Mar 31 17:16:56 ovzhost sudo:     root : unable to resolve host ovzhost
Mar 31 17:16:56 ovzhost sudo:     root : TTY=pts/0 ; PWD=/ ; USER=root ; COMMAND=/usr/bin/less /root/.bash_history
Mar 31 17:16:56 ovzhost sudo: pam_unix(sudo:session): session opened for user root by (uid=0)
Mar 31 17:16:57 ovzhost sudo: pam_unix(sudo:session): session closed for user root
Apr  2 14:31:13 ovzhost sshd[419]: Server listening on 0.0.0.0 port 22.
Apr  2 14:31:13 ovzhost sshd[419]: Server listening on :: port 22.
Apr  2 14:31:13 ovzhost saslauthd[637]: detach_tty      : master pid is: 637
Apr  2 14:31:13 ovzhost saslauthd[637]: ipc_init        : listening on socket: /var/run/saslauthd/mux
Apr  2 14:33:26 ovzhost sshd[797]: Connection closed by 127.0.0.1 [preauth]
Apr 12 05:05:32 ovzhost sshd[692]: Connection closed by 127.0.0.1 [preauth]
Apr 12 05:09:01 ovzhost CRON[794]: pam_env(cron:session): Unable to open env file: /etc/default/locale: No such file or directory
Apr 12 05:09:01 ovzhost CRON[795]: pam_env(cron:session): Unable to open env file: /etc/default/locale: No such file or directory
Apr 12 05:09:01 ovzhost CRON[794]: pam_unix(cron:session): session opened for user root by (uid=0)
Apr 12 05:09:01 ovzhost CRON[795]: pam_unix(cron:session): session opened for user root by (uid=0)
Apr 12 05:09:01 ovzhost CRON[794]: pam_unix(cron:session): session closed for user root
Apr 12 05:09:01 ovzhost CRON[795]: pam_unix(cron:session): session closed for user root
Apr 12 05:10:23 ovzhost sshd[813]: Connection closed by 128.8.37.104 [preauth]
Apr 12 05:10:32 ovzhost sshd[816]: Connection closed by 127.0.0.1 [preauth]
Apr 12 05:15:32 ovzhost sshd[835]: Connection closed by 127.0.0.1 [preauth]
Apr 12 05:20:01 ovzhost CRON[857]: pam_env(cron:session): Unable to open env file: /etc/default/locale: No such file or directory
Apr 12 05:20:01 ovzhost CRON[857]: pam_unix(cron:session): session opened for user smmsp by (uid=0)
Apr 12 05:20:01 ovzhost CRON[857]: pam_unix(cron:session): session closed for user smmsp
Apr 12 05:20:23 ovzhost sshd[884]: Connection closed by 128.8.37.104 [preauth]
Apr 12 05:20:32 ovzhost sshd[887]: Connection closed by 127.0.0.1 [preauth]
Apr 12 05:22:41 ovzhost sshd[894]: Did not receive identification string from 222.171.225.170
Apr 12 05:24:39 ovzhost sshd[903]: Did not receive identification string from 128.134.54.57
Apr 12 05:25:32 ovzhost sshd[908]: Connection closed by 127.0.0.1 [preauth]
Apr 12 05:26:18 ovzhost sshd[912]: pam_unix(sshd:auth): authentication failure; logname= uid=0 euid=0 tty=ssh ruser= rhost=43.255.190.118  user=root
Apr 12 05:26:20 ovzhost sshd[912]: Failed password for root from 43.255.190.118 port 33401 ssh2
Apr 12 05:26:24 ovzhost sshd[912]: message repeated 2 times: [ Failed password for root from 43.255.190.118 port 33401 ssh2]
Apr 12 05:26:24 ovzhost sshd[912]: Received disconnect from 43.255.190.118: 11:  [preauth]
Apr 12 05:26:24 ovzhost sshd[912]: PAM 2 more authentication failures; logname= uid=0 euid=0 tty=ssh ruser= rhost=43.255.190.118  user=root
Apr 12 05:26:25 ovzhost sshd[916]: pam_unix(sshd:auth): authentication failure; logname= uid=0 euid=0 tty=ssh ruser= rhost=43.255.190.118  user=root
Apr 12 05:26:26 ovzhost sshd[916]: Failed password for root from 43.255.190.118 port 46788 ssh2
Apr 12 05:26:30 ovzhost sshd[916]: message repeated 2 times: [ Failed password for root from 43.255.190.118 port 46788 ssh2]
Apr 12 05:26:30 ovzhost sshd[916]: Received disconnect from 43.255.190.118: 11:  [preauth]
Apr 12 05:26:30 ovzhost sshd[916]: PAM 2 more authentication failures; logname= uid=0 euid=0 tty=ssh ruser= rhost=43.255.190.118  user=root
Apr 12 05:26:31 ovzhost sshd[918]: pam_unix(sshd:auth): authentication failure; logname= uid=0 euid=0 tty=ssh ruser= rhost=43.255.190.118  user=root
Apr 12 05:26:32 ovzhost sshd[918]: Failed password for root from 43.255.190.118 port 60050 ssh2
Apr 12 05:26:36 ovzhost sshd[918]: message repeated 2 times: [ Failed password for root from 43.255.190.118 port 60050 ssh2]
Apr 12 05:26:36 ovzhost sshd[918]: Received disconnect from 43.255.190.118: 11:  [preauth]
Apr 12 05:26:36 ovzhost sshd[918]: PAM 2 more authentication failures; logname= uid=0 euid=0 tty=ssh ruser= rhost=43.255.190.118  user=root
Apr 12 05:26:36 ovzhost sshd[920]: pam_unix(sshd:auth): authentication failure; logname= uid=0 euid=0 tty=ssh ruser= rhost=43.255.190.118  user=root
Apr 12 05:26:39 ovzhost sshd[920]: Failed password for root from 43.255.190.118 port 44682 ssh2
Apr 12 05:26:42 ovzhost sshd[920]: message repeated 2 times: [ Failed password for root from 43.255.190.118 port 44682 ssh2]
Apr 12 05:26:42 ovzhost sshd[920]: Received disconnect from 43.255.190.118: 11:  [preauth]
Apr 12 05:26:42 ovzhost sshd[920]: PAM 2 more authentication failures; logname= uid=0 euid=0 tty=ssh ruser= rhost=43.255.190.118  user=root
Apr 12 05:26:43 ovzhost sshd[922]: pam_unix(sshd:auth): authentication failure; logname= uid=0 euid=0 tty=ssh ruser= rhost=43.255.190.118  user=root
Apr 12 05:26:44 ovzhost sshd[922]: Failed password for root from 43.255.190.118 port 58544 ssh2
Apr 12 05:26:47 ovzhost sshd[924]: pam_unix(sshd:auth): authentication failure; logname= uid=0 euid=0 tty=ssh ruser= rhost=43.255.190.117  user=root
Apr 12 05:26:49 ovzhost sshd[922]: message repeated 2 times: [ Failed password for root from 43.255.190.118 port 58544 ssh2]
Apr 12 05:26:49 ovzhost sshd[922]: Received disconnect from 43.255.190.118: 11:  [preauth]
Apr 12 05:26:49 ovzhost sshd[922]: PAM 2 more authentication failures; logname= uid=0 euid=0 tty=ssh ruser= rhost=43.255.190.118  user=root
Apr 12 05:26:49 ovzhost sshd[927]: pam_unix(sshd:auth): authentication failure; logname= uid=0 euid=0 tty=ssh ruser= rhost=43.255.190.118  user=root
Apr 12 05:26:50 ovzhost sshd[924]: Failed password for root from 43.255.190.117 port 52578 ssh2
Apr 12 05:26:51 ovzhost sshd[927]: Failed password for root from 43.255.190.118 port 43391 ssh2
Apr 12 05:26:53 ovzhost sshd[924]: message repeated 2 times: [ Failed password for root from 43.255.190.117 port 52578 ssh2]
Apr 12 05:26:53 ovzhost sshd[924]: Received disconnect from 43.255.190.117: 11:  [preauth]
Apr 12 05:26:53 ovzhost sshd[924]: PAM 2 more authentication failures; logname= uid=0 euid=0 tty=ssh ruser= rhost=43.255.190.117  user=root
Apr 12 05:26:53 ovzhost sshd[929]: pam_unix(sshd:auth): authentication failure; logname= uid=0 euid=0 tty=ssh ruser= rhost=43.255.190.117  user=root
Apr 12 05:26:55 ovzhost sshd[927]: message repeated 2 times: [ Failed password for root from 43.255.190.118 port 43391 ssh2]
Apr 12 05:26:55 ovzhost sshd[927]: Received disconnect from 43.255.190.118: 11:  [preauth]
Apr 12 05:26:55 ovzhost sshd[927]: PAM 2 more authentication failures; logname= uid=0 euid=0 tty=ssh ruser= rhost=43.255.190.118  user=root
Apr 12 05:26:55 ovzhost sshd[929]: Failed password for root from 43.255.190.117 port 40175 ssh2
Apr 12 05:26:55 ovzhost sshd[931]: pam_unix(sshd:auth): authentication failure; logname= uid=0 euid=0 tty=ssh ruser= rhost=43.255.190.118  user=root
Apr 12 05:26:56 ovzhost sshd[931]: Failed password for root from 43.255.190.118 port 56172 ssh2
Apr 12 05:26:58 ovzhost sshd[929]: message repeated 2 times: [ Failed password for root from 43.255.190.117 port 40175 ssh2]
Apr 12 05:26:58 ovzhost sshd[929]: Received disconnect from 43.255.190.117: 11:  [preauth]
Apr 12 05:26:58 ovzhost sshd[929]: PAM 2 more authentication failures; logname= uid=0 euid=0 tty=ssh ruser= rhost=43.255.190.117  user=root
Apr 12 05:26:59 ovzhost sshd[933]: pam_unix(sshd:auth): authentication failure; logname= uid=0 euid=0 tty=ssh ruser= rhost=43.255.190.117  user=root
Apr 12 05:27:00 ovzhost sshd[931]: message repeated 2 times: [ Failed password for root from 43.255.190.118 port 56172 ssh2]
Apr 12 05:27:00 ovzhost sshd[931]: Received disconnect from 43.255.190.118: 11:  [preauth]
Apr 12 05:27:00 ovzhost sshd[931]: PAM 2 more authentication failures; logname= uid=0 euid=0 tty=ssh ruser= rhost=43.255.190.118  user=root
Apr 12 05:27:01 ovzhost sshd[935]: pam_unix(sshd:auth): authentication failure; logname= uid=0 euid=0 tty=ssh ruser= rhost=43.255.190.118  user=root
Apr 12 05:27:01 ovzhost sshd[933]: Failed password for root from 43.255.190.117 port 54924 ssh2
Apr 12 05:27:02 ovzhost sshd[935]: Failed password for root from 43.255.190.118 port 40160 ssh2
Apr 12 05:27:05 ovzhost sshd[933]: message repeated 2 times: [ Failed password for root from 43.255.190.117 port 54924 ssh2]
Apr 12 05:27:05 ovzhost sshd[933]: Received disconnect from 43.255.190.117: 11:  [preauth]
Apr 12 05:27:05 ovzhost sshd[933]: PAM 2 more authentication failures; logname= uid=0 euid=0 tty=ssh ruser= rhost=43.255.190.117  user=root
Apr 12 05:27:05 ovzhost sshd[937]: pam_unix(sshd:auth): authentication failure; logname= uid=0 euid=0 tty=ssh ruser= rhost=43.255.190.117  user=root
Apr 12 05:27:06 ovzhost sshd[935]: message repeated 2 times: [ Failed password for root from 43.255.190.118 port 40160 ssh2]
Apr 12 05:27:06 ovzhost sshd[935]: Received disconnect from 43.255.190.118: 11:  [preauth]
Apr 12 05:27:06 ovzhost sshd[935]: PAM 2 more authentication failures; logname= uid=0 euid=0 tty=ssh ruser= rhost=43.255.190.118  user=root
Apr 12 05:27:07 ovzhost sshd[939]: pam_unix(sshd:auth): authentication failure; logname= uid=0 euid=0 tty=ssh ruser= rhost=43.255.190.118  user=root
Apr 12 05:27:07 ovzhost sshd[937]: Failed password for root from 43.255.190.117 port 43558 ssh2
Apr 12 05:27:09 ovzhost sshd[939]: Failed password for root from 43.255.190.118 port 52694 ssh2
Apr 12 05:27:11 ovzhost sshd[937]: message repeated 2 times: [ Failed password for root from 43.255.190.117 port 43558 ssh2]
Apr 12 05:27:11 ovzhost sshd[937]: Received disconnect from 43.255.190.117: 11:  [preauth]
Apr 12 05:27:11 ovzhost sshd[937]: PAM 2 more authentication failures; logname= uid=0 euid=0 tty=ssh ruser= rhost=43.255.190.117  user=root
Apr 12 05:27:12 ovzhost sshd[941]: pam_unix(sshd:auth): authentication failure; logname= uid=0 euid=0 tty=ssh ruser= rhost=43.255.190.117  user=root
Apr 12 05:27:12 ovzhost sshd[939]: message repeated 2 times: [ Failed password for root from 43.255.190.118 port 52694 ssh2]
Apr 12 05:27:12 ovzhost sshd[939]: Received disconnect from 43.255.190.118: 11:  [preauth]
Apr 12 05:27:12 ovzhost sshd[939]: PAM 2 more authentication failures; logname= uid=0 euid=0 tty=ssh ruser= rhost=43.255.190.118  user=root
Apr 12 05:27:13 ovzhost sshd[943]: pam_unix(sshd:auth): authentication failure; logname= uid=0 euid=0 tty=ssh ruser= rhost=43.255.190.118  user=root
Apr 12 05:27:14 ovzhost sshd[941]: Failed password for root from 43.255.190.117 port 59577 ssh2
Apr 12 05:27:14 ovzhost sshd[943]: Failed password for root from 43.255.190.118 port 37070 ssh2
Apr 12 05:27:17 ovzhost sshd[941]: message repeated 2 times: [ Failed password for root from 43.255.190.117 port 59577 ssh2]
Apr 12 05:27:17 ovzhost sshd[941]: Received disconnect from 43.255.190.117: 11:  [preauth]
Apr 12 05:27:17 ovzhost sshd[941]: PAM 2 more authentication failures; logname= uid=0 euid=0 tty=ssh ruser= rhost=43.255.190.117  user=root
Apr 12 05:27:18 ovzhost sshd[945]: pam_unix(sshd:auth): authentication failure; logname= uid=0 euid=0 tty=ssh ruser= rhost=43.255.190.117  user=root
Apr 12 05:27:18 ovzhost sshd[943]: message repeated 2 times: [ Failed password for root from 43.255.190.118 port 37070 ssh2]
Apr 12 05:27:18 ovzhost sshd[943]: Received disconnect from 43.255.190.118: 11:  [preauth]
Apr 12 05:27:18 ovzhost sshd[943]: PAM 2 more authentication failures; logname= uid=0 euid=0 tty=ssh ruser= rhost=43.255.190.118  user=root
Apr 12 05:27:19 ovzhost sshd[947]: pam_unix(sshd:auth): authentication failure; logname= uid=0 euid=0 tty=ssh ruser= rhost=43.255.190.118  user=root
Apr 12 05:27:20 ovzhost sshd[947]: Failed password for root from 43.255.190.118 port 49571 ssh2
Apr 12 05:27:20 ovzhost sshd[945]: Failed password for root from 43.255.190.117 port 47023 ssh2
Apr 12 05:27:24 ovzhost sshd[947]: message repeated 2 times: [ Failed password for root from 43.255.190.118 port 49571 ssh2]
Apr 12 05:27:24 ovzhost sshd[947]: Received disconnect from 43.255.190.118: 11:  [preauth]
Apr 12 05:27:24 ovzhost sshd[947]: PAM 2 more authentication failures; logname= uid=0 euid=0 tty=ssh ruser= rhost=43.255.190.118  user=root
Apr 12 05:27:24 ovzhost sshd[945]: message repeated 2 times: [ Failed password for root from 43.255.190.117 port 47023 ssh2]
Apr 12 05:27:24 ovzhost sshd[945]: Received disconnect from 43.255.190.117: 11:  [preauth]
Apr 12 05:27:24 ovzhost sshd[945]: PAM 2 more authentication failures; logname= uid=0 euid=0 tty=ssh ruser= rhost=43.255.190.117  user=root
Apr 12 05:27:25 ovzhost sshd[950]: pam_unix(sshd:auth): authentication failure; logname= uid=0 euid=0 tty=ssh ruser= rhost=43.255.190.118  user=root
Apr 12 05:27:25 ovzhost sshd[952]: pam_unix(sshd:auth): authentication failure; logname= uid=0 euid=0 tty=ssh ruser= rhost=43.255.190.117  user=root
Apr 12 05:27:27 ovzhost sshd[950]: Failed password for root from 43.255.190.118 port 33466 ssh2
Apr 12 05:27:27 ovzhost sshd[952]: Failed password for root from 43.255.190.117 port 36678 ssh2
Apr 12 05:27:31 ovzhost sshd[950]: message repeated 2 times: [ Failed password for root from 43.255.190.118 port 33466 ssh2]
Apr 12 05:27:31 ovzhost sshd[950]: Received disconnect from 43.255.190.118: 11:  [preauth]
Apr 12 05:27:31 ovzhost sshd[950]: PAM 2 more authentication failures; logname= uid=0 euid=0 tty=ssh ruser= rhost=43.255.190.118  user=root
Apr 12 05:27:31 ovzhost sshd[952]: message repeated 2 times: [ Failed password for root from 43.255.190.117 port 36678 ssh2]
Apr 12 05:27:31 ovzhost sshd[952]: Received disconnect from 43.255.190.117: 11:  [preauth]
Apr 12 05:27:31 ovzhost sshd[952]: PAM 2 more authentication failures; logname= uid=0 euid=0 tty=ssh ruser= rhost=43.255.190.117  user=root
Apr 12 05:27:32 ovzhost sshd[954]: pam_unix(sshd:auth): authentication failure; logname= uid=0 euid=0 tty=ssh ruser= rhost=43.255.190.118  user=root
Apr 12 05:27:32 ovzhost sshd[956]: pam_unix(sshd:auth): authentication failure; logname= uid=0 euid=0 tty=ssh ruser= rhost=43.255.190.117  user=root
Apr 12 05:27:33 ovzhost sshd[954]: Failed password for root from 43.255.190.118 port 46996 ssh2
Apr 12 05:27:33 ovzhost sshd[956]: Failed password for root from 43.255.190.117 port 53409 ssh2
Apr 12 05:27:38 ovzhost sshd[954]: message repeated 2 times: [ Failed password for root from 43.255.190.118 port 46996 ssh2]
Apr 12 05:27:38 ovzhost sshd[954]: Received disconnect from 43.255.190.118: 11:  [preauth]
Apr 12 05:27:38 ovzhost sshd[954]: PAM 2 more authentication failures; logname= uid=0 euid=0 tty=ssh ruser= rhost=43.255.190.118  user=root
Apr 12 05:27:38 ovzhost sshd[956]: message repeated 2 times: [ Failed password for root from 43.255.190.117 port 53409 ssh2]
Apr 12 05:27:38 ovzhost sshd[956]: Received disconnect from 43.255.190.117: 11:  [preauth]
Apr 12 05:27:38 ovzhost sshd[956]: PAM 2 more authentication failures; logname= uid=0 euid=0 tty=ssh ruser= rhost=43.255.190.117  user=root
Apr 12 05:27:38 ovzhost sshd[958]: pam_unix(sshd:auth): authentication failure; logname= uid=0 euid=0 tty=ssh ruser= rhost=43.255.190.118  user=root
Apr 12 05:27:38 ovzhost sshd[960]: pam_unix(sshd:auth): authentication failure; logname= uid=0 euid=0 tty=ssh ruser= rhost=43.255.190.117  user=root
Apr 12 05:27:40 ovzhost sshd[958]: Failed password for root from 43.255.190.118 port 32967 ssh2
Apr 12 05:27:40 ovzhost sshd[960]: Failed password for root from 43.255.190.117 port 42395 ssh2
Apr 12 05:27:45 ovzhost sshd[958]: message repeated 2 times: [ Failed password for root from 43.255.190.118 port 32967 ssh2]
Apr 12 05:27:45 ovzhost sshd[958]: Received disconnect from 43.255.190.118: 11:  [preauth]
Apr 12 05:27:45 ovzhost sshd[958]: PAM 2 more authentication failures; logname= uid=0 euid=0 tty=ssh ruser= rhost=43.255.190.118  user=root
Apr 12 05:27:45 ovzhost sshd[960]: message repeated 2 times: [ Failed password for root from 43.255.190.117 port 42395 ssh2]
Apr 12 05:27:45 ovzhost sshd[960]: Received disconnect from 43.255.190.117: 11:  [preauth]
Apr 12 05:27:45 ovzhost sshd[960]: PAM 2 more authentication failures; logname= uid=0 euid=0 tty=ssh ruser= rhost=43.255.190.117  user=root
Apr 12 05:27:45 ovzhost sshd[962]: pam_unix(sshd:auth): authentication failure; logname= uid=0 euid=0 tty=ssh ruser= rhost=43.255.190.118  user=root
Apr 12 05:27:45 ovzhost sshd[964]: pam_unix(sshd:auth): authentication failure; logname= uid=0 euid=0 tty=ssh ruser= rhost=43.255.190.117  user=root
Apr 12 05:27:47 ovzhost sshd[962]: Failed password for root from 43.255.190.118 port 46766 ssh2
Apr 12 05:27:47 ovzhost sshd[964]: Failed password for root from 43.255.190.117 port 59582 ssh2
Apr 12 05:27:51 ovzhost sshd[962]: message repeated 2 times: [ Failed password for root from 43.255.190.118 port 46766 ssh2]
Apr 12 05:27:51 ovzhost sshd[962]: Received disconnect from 43.255.190.118: 11:  [preauth]
Apr 12 05:27:51 ovzhost sshd[962]: PAM 2 more authentication failures; logname= uid=0 euid=0 tty=ssh ruser= rhost=43.255.190.118  user=root
Apr 12 05:27:51 ovzhost sshd[964]: message repeated 2 times: [ Failed password for root from 43.255.190.117 port 59582 ssh2]
Apr 12 05:27:51 ovzhost sshd[964]: Received disconnect from 43.255.190.117: 11:  [preauth]
Apr 12 05:27:51 ovzhost sshd[964]: PAM 2 more authentication failures; logname= uid=0 euid=0 tty=ssh ruser= rhost=43.255.190.117  user=root
Apr 12 05:27:51 ovzhost sshd[967]: pam_unix(sshd:auth): authentication failure; logname= uid=0 euid=0 tty=ssh ruser= rhost=43.255.190.118  user=root
Apr 12 05:27:51 ovzhost sshd[969]: pam_unix(sshd:auth): authentication failure; logname= uid=0 euid=0 tty=ssh ruser= rhost=43.255.190.117  user=root
Apr 12 05:27:54 ovzhost sshd[967]: Failed password for root from 43.255.190.118 port 59261 ssh2
Apr 12 05:27:54 ovzhost sshd[969]: Failed password for root from 43.255.190.117 port 46985 ssh2
Apr 12 05:27:57 ovzhost sshd[967]: message repeated 2 times: [ Failed password for root from 43.255.190.118 port 59261 ssh2]
Apr 12 05:27:57 ovzhost sshd[967]: Received disconnect from 43.255.190.118: 11:  [preauth]
Apr 12 05:27:57 ovzhost sshd[967]: PAM 2 more authentication failures; logname= uid=0 euid=0 tty=ssh ruser= rhost=43.255.190.118  user=root
Apr 12 05:27:57 ovzhost sshd[969]: message repeated 2 times: [ Failed password for root from 43.255.190.117 port 46985 ssh2]
Apr 12 05:27:58 ovzhost sshd[969]: Received disconnect from 43.255.190.117: 11:  [preauth]
Apr 12 05:27:58 ovzhost sshd[969]: PAM 2 more authentication failures; logname= uid=0 euid=0 tty=ssh ruser= rhost=43.255.190.117  user=root
Apr 12 05:27:58 ovzhost sshd[971]: pam_unix(sshd:auth): authentication failure; logname= uid=0 euid=0 tty=ssh ruser= rhost=43.255.190.118  user=root
Apr 12 05:27:58 ovzhost sshd[973]: pam_unix(sshd:auth): authentication failure; logname= uid=0 euid=0 tty=ssh ruser= rhost=43.255.190.117  user=root
Apr 12 05:28:00 ovzhost sshd[971]: Failed password for root from 43.255.190.118 port 44154 ssh2
Apr 12 05:28:00 ovzhost sshd[973]: Failed password for root from 43.255.190.117 port 35613 ssh2
Apr 12 05:28:04 ovzhost sshd[971]: message repeated 2 times: [ Failed password for root from 43.255.190.118 port 44154 ssh2]
Apr 12 05:28:04 ovzhost sshd[971]: Received disconnect from 43.255.190.118: 11:  [preauth]
Apr 12 05:28:04 ovzhost sshd[971]: PAM 2 more authentication failures; logname= uid=0 euid=0 tty=ssh ruser= rhost=43.255.190.118  user=root
Apr 12 05:28:05 ovzhost sshd[973]: message repeated 2 times: [ Failed password for root from 43.255.190.117 port 35613 ssh2]
Apr 12 05:28:05 ovzhost sshd[973]: Received disconnect from 43.255.190.117: 11:  [preauth]
Apr 12 05:28:05 ovzhost sshd[973]: PAM 2 more authentication failures; logname= uid=0 euid=0 tty=ssh ruser= rhost=43.255.190.117  user=root
Apr 12 05:28:05 ovzhost sshd[977]: pam_unix(sshd:auth): authentication failure; logname= uid=0 euid=0 tty=ssh ruser= rhost=43.255.190.118  user=root
Apr 12 05:28:05 ovzhost sshd[979]: pam_unix(sshd:auth): authentication failure; logname= uid=0 euid=0 tty=ssh ruser= rhost=43.255.190.117  user=root
Apr 12 05:28:07 ovzhost sshd[977]: Failed password for root from 43.255.190.118 port 57756 ssh2
Apr 12 05:28:08 ovzhost sshd[979]: Failed password for root from 43.255.190.117 port 52439 ssh2
Apr 12 05:28:11 ovzhost sshd[977]: message repeated 2 times: [ Failed password for root from 43.255.190.118 port 57756 ssh2]
Apr 12 05:28:11 ovzhost sshd[977]: Received disconnect from 43.255.190.118: 11:  [preauth]
Apr 12 05:28:11 ovzhost sshd[977]: PAM 2 more authentication failures; logname= uid=0 euid=0 tty=ssh ruser= rhost=43.255.190.118  user=root
Apr 12 05:28:11 ovzhost sshd[979]: message repeated 2 times: [ Failed password for root from 43.255.190.117 port 52439 ssh2]
Apr 12 05:28:11 ovzhost sshd[979]: Received disconnect from 43.255.190.117: 11:  [preauth]
Apr 12 05:28:11 ovzhost sshd[979]: PAM 2 more authentication failures; logname= uid=0 euid=0 tty=ssh ruser= rhost=43.255.190.117  user=root
Apr 12 05:28:12 ovzhost sshd[984]: pam_unix(sshd:auth): authentication failure; logname= uid=0 euid=0 tty=ssh ruser= rhost=43.255.190.118  user=root
Apr 12 05:28:12 ovzhost sshd[986]: pam_unix(sshd:auth): authentication failure; logname= uid=0 euid=0 tty=ssh ruser= rhost=43.255.190.117  user=root
Apr 12 05:28:14 ovzhost sshd[984]: Failed password for root from 43.255.190.118 port 43309 ssh2
Apr 12 05:28:14 ovzhost sshd[986]: Failed password for root from 43.255.190.117 port 40554 ssh2
Apr 12 05:28:18 ovzhost sshd[984]: message repeated 2 times: [ Failed password for root from 43.255.190.118 port 43309 ssh2]
Apr 12 05:28:18 ovzhost sshd[984]: Received disconnect from 43.255.190.118: 11:  [preauth]
Apr 12 05:28:18 ovzhost sshd[984]: PAM 2 more authentication failures; logname= uid=0 euid=0 tty=ssh ruser= rhost=43.255.190.118  user=root
Apr 12 05:28:18 ovzhost sshd[986]: message repeated 2 times: [ Failed password for root from 43.255.190.117 port 40554 ssh2]
Apr 12 05:28:18 ovzhost sshd[986]: Received disconnect from 43.255.190.117: 11:  [preauth]
Apr 12 05:28:18 ovzhost sshd[986]: PAM 2 more authentication failures; logname= uid=0 euid=0 tty=ssh ruser= rhost=43.255.190.117  user=root
Apr 12 05:28:19 ovzhost sshd[988]: pam_unix(sshd:auth): authentication failure; logname= uid=0 euid=0 tty=ssh ruser= rhost=43.255.190.118  user=root
Apr 12 05:28:19 ovzhost sshd[990]: pam_unix(sshd:auth): authentication failure; logname= uid=0 euid=0 tty=ssh ruser= rhost=43.255.190.117  user=root
Apr 12 05:28:21 ovzhost sshd[988]: Failed password for root from 43.255.190.118 port 57646 ssh2
Apr 12 05:28:21 ovzhost sshd[990]: Failed password for root from 43.255.190.117 port 57892 ssh2
Apr 12 05:28:25 ovzhost sshd[988]: message repeated 2 times: [ Failed password for root from 43.255.190.118 port 57646 ssh2]
Apr 12 05:28:25 ovzhost sshd[988]: Received disconnect from 43.255.190.118: 11:  [preauth]
Apr 12 05:28:25 ovzhost sshd[988]: PAM 2 more authentication failures; logname= uid=0 euid=0 tty=ssh ruser= rhost=43.255.190.118  user=root
Apr 12 05:28:25 ovzhost sshd[990]: message repeated 2 times: [ Failed password for root from 43.255.190.117 port 57892 ssh2]
Apr 12 05:28:25 ovzhost sshd[990]: Received disconnect from 43.255.190.117: 11:  [preauth]
Apr 12 05:28:25 ovzhost sshd[990]: PAM 2 more authentication failures; logname= uid=0 euid=0 tty=ssh ruser= rhost=43.255.190.117  user=root
Apr 12 05:28:25 ovzhost sshd[994]: pam_unix(sshd:auth): authentication failure; logname= uid=0 euid=0 tty=ssh ruser= rhost=43.255.190.118  user=root
Apr 12 05:28:26 ovzhost sshd[996]: pam_unix(sshd:auth): authentication failure; logname= uid=0 euid=0 tty=ssh ruser= rhost=43.255.190.117  user=root
Apr 12 05:28:27 ovzhost sshd[994]: Failed password for root from 43.255.190.118 port 42476 ssh2
Apr 12 05:28:27 ovzhost sshd[996]: Failed password for root from 43.255.190.117 port 45601 ssh2
Apr 12 05:28:31 ovzhost sshd[994]: message repeated 2 times: [ Failed password for root from 43.255.190.118 port 42476 ssh2]
Apr 12 05:28:31 ovzhost sshd[994]: Received disconnect from 43.255.190.118: 11:  [preauth]
Apr 12 05:28:31 ovzhost sshd[994]: PAM 2 more authentication failures; logname= uid=0 euid=0 tty=ssh ruser= rhost=43.255.190.118  user=root
Apr 12 05:28:32 ovzhost sshd[996]: message repeated 2 times: [ Failed password for root from 43.255.190.117 port 45601 ssh2]
Apr 12 05:28:32 ovzhost sshd[996]: Received disconnect from 43.255.190.117: 11:  [preauth]
Apr 12 05:28:32 ovzhost sshd[996]: PAM 2 more authentication failures; logname= uid=0 euid=0 tty=ssh ruser= rhost=43.255.190.117  user=root
Apr 12 05:28:32 ovzhost sshd[998]: pam_unix(sshd:auth): authentication failure; logname= uid=0 euid=0 tty=ssh ruser= rhost=43.255.190.118  user=root
Apr 12 05:28:33 ovzhost sshd[1000]: pam_unix(sshd:auth): authentication failure; logname= uid=0 euid=0 tty=ssh ruser= rhost=43.255.190.117  user=root
Apr 12 05:28:34 ovzhost sshd[998]: Failed password for root from 43.255.190.118 port 55500 ssh2
Apr 12 05:28:34 ovzhost sshd[1000]: Failed password for root from 43.255.190.117 port 34035 ssh2
Apr 12 05:28:38 ovzhost sshd[998]: message repeated 2 times: [ Failed password for root from 43.255.190.118 port 55500 ssh2]
Apr 12 05:28:38 ovzhost sshd[998]: Received disconnect from 43.255.190.118: 11:  [preauth]
Apr 12 05:28:38 ovzhost sshd[998]: PAM 2 more authentication failures; logname= uid=0 euid=0 tty=ssh ruser= rhost=43.255.190.118  user=root
Apr 12 05:28:39 ovzhost sshd[1002]: pam_unix(sshd:auth): authentication failure; logname= uid=0 euid=0 tty=ssh ruser= rhost=43.255.190.118  user=root
Apr 12 05:28:39 ovzhost sshd[1000]: message repeated 2 times: [ Failed password for root from 43.255.190.117 port 34035 ssh2]
Apr 12 05:28:39 ovzhost sshd[1000]: Received disconnect from 43.255.190.117: 11:  [preauth]
Apr 12 05:28:39 ovzhost sshd[1000]: PAM 2 more authentication failures; logname= uid=0 euid=0 tty=ssh ruser= rhost=43.255.190.117  user=root
Apr 12 05:28:39 ovzhost sshd[1004]: pam_unix(sshd:auth): authentication failure; logname= uid=0 euid=0 tty=ssh ruser= rhost=43.255.190.117  user=root
Apr 12 05:28:41 ovzhost sshd[1002]: Failed password for root from 43.255.190.118 port 40319 ssh2
Apr 12 05:28:41 ovzhost sshd[1004]: Failed password for root from 43.255.190.117 port 50173 ssh2
Apr 12 05:28:45 ovzhost sshd[1002]: message repeated 2 times: [ Failed password for root from 43.255.190.118 port 40319 ssh2]
Apr 12 05:28:45 ovzhost sshd[1002]: Received disconnect from 43.255.190.118: 11:  [preauth]
Apr 12 05:28:45 ovzhost sshd[1002]: PAM 2 more authentication failures; logname= uid=0 euid=0 tty=ssh ruser= rhost=43.255.190.118  user=root
Apr 12 05:28:45 ovzhost sshd[1006]: pam_unix(sshd:auth): authentication failure; logname= uid=0 euid=0 tty=ssh ruser= rhost=43.255.190.118  user=root
Apr 12 05:28:45 ovzhost sshd[1004]: message repeated 2 times: [ Failed password for root from 43.255.190.117 port 50173 ssh2]
Apr 12 05:28:45 ovzhost sshd[1004]: Received disconnect from 43.255.190.117: 11:  [preauth]
Apr 12 05:28:45 ovzhost sshd[1004]: PAM 2 more authentication failures; logname= uid=0 euid=0 tty=ssh ruser= rhost=43.255.190.117  user=root
Apr 12 05:28:46 ovzhost sshd[1008]: pam_unix(sshd:auth): authentication failure; logname= uid=0 euid=0 tty=ssh ruser= rhost=43.255.190.117  user=root
Apr 12 05:28:47 ovzhost sshd[1006]: Failed password for root from 43.255.190.118 port 53072 ssh2
Apr 12 05:28:48 ovzhost sshd[1008]: Failed password for root from 43.255.190.117 port 37215 ssh2
Apr 12 05:28:52 ovzhost sshd[1006]: message repeated 2 times: [ Failed password for root from 43.255.190.118 port 53072 ssh2]
Apr 12 05:28:52 ovzhost sshd[1006]: Received disconnect from 43.255.190.118: 11:  [preauth]
Apr 12 05:28:52 ovzhost sshd[1006]: PAM 2 more authentication failures; logname= uid=0 euid=0 tty=ssh ruser= rhost=43.255.190.118  user=root
Apr 12 05:28:53 ovzhost sshd[1012]: pam_unix(sshd:auth): authentication failure; logname= uid=0 euid=0 tty=ssh ruser= rhost=43.255.190.118  user=root
Apr 12 05:28:53 ovzhost sshd[1008]: message repeated 2 times: [ Failed password for root from 43.255.190.117 port 37215 ssh2]
Apr 12 05:28:53 ovzhost sshd[1008]: Received disconnect from 43.255.190.117: 11:  [preauth]
Apr 12 05:28:53 ovzhost sshd[1008]: PAM 2 more authentication failures; logname= uid=0 euid=0 tty=ssh ruser= rhost=43.255.190.117  user=root
Apr 12 05:28:53 ovzhost sshd[1014]: pam_unix(sshd:auth): authentication failure; logname= uid=0 euid=0 tty=ssh ruser= rhost=43.255.190.117  user=root
Apr 12 05:28:55 ovzhost sshd[1012]: Failed password for root from 43.255.190.118 port 39069 ssh2
Apr 12 05:28:55 ovzhost sshd[1014]: Failed password for root from 43.255.190.117 port 54228 ssh2
Apr 12 05:28:58 ovzhost sshd[1012]: message repeated 2 times: [ Failed password for root from 43.255.190.118 port 39069 ssh2]
Apr 12 05:28:58 ovzhost sshd[1012]: Received disconnect from 43.255.190.118: 11:  [preauth]
Apr 12 05:28:58 ovzhost sshd[1012]: PAM 2 more authentication failures; logname= uid=0 euid=0 tty=ssh ruser= rhost=43.255.190.118  user=root
Apr 12 05:28:59 ovzhost sshd[1016]: pam_unix(sshd:auth): authentication failure; logname= uid=0 euid=0 tty=ssh ruser= rhost=43.255.190.118  user=root
Apr 12 05:28:59 ovzhost sshd[1014]: message repeated 2 times: [ Failed password for root from 43.255.190.117 port 54228 ssh2]
Apr 12 05:28:59 ovzhost sshd[1014]: Received disconnect from 43.255.190.117: 11:  [preauth]
Apr 12 05:28:59 ovzhost sshd[1014]: PAM 2 more authentication failures; logname= uid=0 euid=0 tty=ssh ruser= rhost=43.255.190.117  user=root
Apr 12 05:29:00 ovzhost sshd[1018]: pam_unix(sshd:auth): authentication failure; logname= uid=0 euid=0 tty=ssh ruser= rhost=43.255.190.117  user=root
Apr 12 05:29:01 ovzhost sshd[1016]: Failed password for root from 43.255.190.118 port 51619 ssh2
Apr 12 05:29:02 ovzhost sshd[1018]: Failed password for root from 43.255.190.117 port 41427 ssh2
Apr 12 05:29:06 ovzhost sshd[1016]: message repeated 2 times: [ Failed password for root from 43.255.190.118 port 51619 ssh2]
Apr 12 05:29:06 ovzhost sshd[1016]: Received disconnect from 43.255.190.118: 11:  [preauth]
Apr 12 05:29:06 ovzhost sshd[1016]: PAM 2 more authentication failures; logname= uid=0 euid=0 tty=ssh ruser= rhost=43.255.190.118  user=root
Apr 12 05:29:06 ovzhost sshd[1018]: message repeated 2 times: [ Failed password for root from 43.255.190.117 port 41427 ssh2]
Apr 12 05:29:07 ovzhost sshd[1018]: Received disconnect from 43.255.190.117: 11:  [preauth]
Apr 12 05:29:07 ovzhost sshd[1018]: PAM 2 more authentication failures; logname= uid=0 euid=0 tty=ssh ruser= rhost=43.255.190.117  user=root
Apr 12 05:29:07 ovzhost sshd[1020]: pam_unix(sshd:auth): authentication failure; logname= uid=0 euid=0 tty=ssh ruser= rhost=43.255.190.118  user=root
Apr 12 05:29:07 ovzhost sshd[1022]: pam_unix(sshd:auth): authentication failure; logname= uid=0 euid=0 tty=ssh ruser= rhost=43.255.190.117  user=root
Apr 12 05:29:08 ovzhost sshd[1020]: Failed password for root from 43.255.190.118 port 38392 ssh2
Apr 12 05:29:09 ovzhost sshd[1022]: Failed password for root from 43.255.190.117 port 58163 ssh2
Apr 12 05:29:13 ovzhost sshd[1020]: message repeated 2 times: [ Failed password for root from 43.255.190.118 port 38392 ssh2]
Apr 12 05:29:13 ovzhost sshd[1020]: Received disconnect from 43.255.190.118: 11:  [preauth]
Apr 12 05:29:13 ovzhost sshd[1020]: PAM 2 more authentication failures; logname= uid=0 euid=0 tty=ssh ruser= rhost=43.255.190.118  user=root
Apr 12 05:29:13 ovzhost sshd[1022]: message repeated 2 times: [ Failed password for root from 43.255.190.117 port 58163 ssh2]
Apr 12 05:29:13 ovzhost sshd[1022]: Received disconnect from 43.255.190.117: 11:  [preauth]
Apr 12 05:29:13 ovzhost sshd[1022]: PAM 2 more authentication failures; logname= uid=0 euid=0 tty=ssh ruser= rhost=43.255.190.117  user=root
Apr 12 05:29:13 ovzhost sshd[1024]: pam_unix(sshd:auth): authentication failure; logname= uid=0 euid=0 tty=ssh ruser= rhost=43.255.190.118  user=root
Apr 12 05:29:14 ovzhost sshd[1026]: pam_unix(sshd:auth): authentication failure; logname= uid=0 euid=0 tty=ssh ruser= rhost=43.255.190.117  user=root
Apr 12 05:29:15 ovzhost sshd[1024]: Failed password for root from 43.255.190.118 port 51493 ssh2
Apr 12 05:29:16 ovzhost sshd[1026]: Failed password for root from 43.255.190.117 port 45170 ssh2
Apr 12 05:29:19 ovzhost sshd[1024]: message repeated 2 times: [ Failed password for root from 43.255.190.118 port 51493 ssh2]
Apr 12 05:29:19 ovzhost sshd[1024]: Received disconnect from 43.255.190.118: 11:  [preauth]
Apr 12 05:29:19 ovzhost sshd[1024]: PAM 2 more authentication failures; logname= uid=0 euid=0 tty=ssh ruser= rhost=43.255.190.118  user=root
Apr 12 05:29:20 ovzhost sshd[1028]: pam_unix(sshd:auth): authentication failure; logname= uid=0 euid=0 tty=ssh ruser= rhost=43.255.190.118  user=root
Apr 12 05:29:20 ovzhost sshd[1026]: message repeated 2 times: [ Failed password for root from 43.255.190.117 port 45170 ssh2]
Apr 12 05:29:20 ovzhost sshd[1026]: Received disconnect from 43.255.190.117: 11:  [preauth]
Apr 12 05:29:20 ovzhost sshd[1026]: PAM 2 more authentication failures; logname= uid=0 euid=0 tty=ssh ruser= rhost=43.255.190.117  user=root
Apr 12 05:29:21 ovzhost sshd[1030]: pam_unix(sshd:auth): authentication failure; logname= uid=0 euid=0 tty=ssh ruser= rhost=43.255.190.117  user=root
Apr 12 05:29:22 ovzhost sshd[1028]: Failed password for root from 43.255.190.118 port 36832 ssh2
Apr 12 05:29:23 ovzhost sshd[1030]: Failed password for root from 43.255.190.117 port 33651 ssh2
Apr 12 05:29:27 ovzhost sshd[1028]: message repeated 2 times: [ Failed password for root from 43.255.190.118 port 36832 ssh2]
Apr 12 05:29:27 ovzhost sshd[1028]: Received disconnect from 43.255.190.118: 11:  [preauth]
Apr 12 05:29:27 ovzhost sshd[1028]: PAM 2 more authentication failures; logname= uid=0 euid=0 tty=ssh ruser= rhost=43.255.190.118  user=root
Apr 12 05:29:27 ovzhost sshd[1033]: pam_unix(sshd:auth): authentication failure; logname= uid=0 euid=0 tty=ssh ruser= rhost=43.255.190.118  user=root
Apr 12 05:29:27 ovzhost sshd[1030]: message repeated 2 times: [ Failed password for root from 43.255.190.117 port 33651 ssh2]
Apr 12 05:29:27 ovzhost sshd[1030]: Received disconnect from 43.255.190.117: 11:  [preauth]
Apr 12 05:29:27 ovzhost sshd[1030]: PAM 2 more authentication failures; logname= uid=0 euid=0 tty=ssh ruser= rhost=43.255.190.117  user=root
Apr 12 05:29:28 ovzhost sshd[1035]: pam_unix(sshd:auth): authentication failure; logname= uid=0 euid=0 tty=ssh ruser= rhost=43.255.190.117  user=root
Apr 12 05:29:29 ovzhost sshd[1033]: Failed password for root from 43.255.190.118 port 50497 ssh2
Apr 12 05:29:30 ovzhost sshd[1035]: Failed password for root from 43.255.190.117 port 49781 ssh2
Apr 12 05:29:34 ovzhost sshd[1033]: message repeated 2 times: [ Failed password for root from 43.255.190.118 port 50497 ssh2]
Apr 12 05:29:34 ovzhost sshd[1033]: Received disconnect from 43.255.190.118: 11:  [preauth]
Apr 12 05:29:34 ovzhost sshd[1033]: PAM 2 more authentication failures; logname= uid=0 euid=0 tty=ssh ruser= rhost=43.255.190.118  user=root
Apr 12 05:29:34 ovzhost sshd[1037]: pam_unix(sshd:auth): authentication failure; logname= uid=0 euid=0 tty=ssh ruser= rhost=43.255.190.118  user=root
Apr 12 05:29:35 ovzhost sshd[1035]: message repeated 2 times: [ Failed password for root from 43.255.190.117 port 49781 ssh2]
Apr 12 05:29:35 ovzhost sshd[1035]: Received disconnect from 43.255.190.117: 11:  [preauth]
Apr 12 05:29:35 ovzhost sshd[1035]: PAM 2 more authentication failures; logname= uid=0 euid=0 tty=ssh ruser= rhost=43.255.190.117  user=root
Apr 12 05:29:35 ovzhost sshd[1039]: pam_unix(sshd:auth): authentication failure; logname= uid=0 euid=0 tty=ssh ruser= rhost=43.255.190.117  user=root
Apr 12 05:29:37 ovzhost sshd[1037]: Failed password for root from 43.255.190.118 port 36050 ssh2
Apr 12 05:29:37 ovzhost sshd[1039]: Failed password for root from 43.255.190.117 port 39257 ssh2
Apr 12 05:29:41 ovzhost sshd[1037]: message repeated 2 times: [ Failed password for root from 43.255.190.118 port 36050 ssh2]
Apr 12 05:29:41 ovzhost sshd[1037]: Received disconnect from 43.255.190.118: 11:  [preauth]
Apr 12 05:29:41 ovzhost sshd[1037]: PAM 2 more authentication failures; logname= uid=0 euid=0 tty=ssh ruser= rhost=43.255.190.118  user=root
Apr 12 05:29:41 ovzhost sshd[1039]: message repeated 2 times: [ Failed password for root from 43.255.190.117 port 39257 ssh2]
Apr 12 05:29:41 ovzhost sshd[1039]: Received disconnect from 43.255.190.117: 11:  [preauth]
Apr 12 05:29:41 ovzhost sshd[1039]: PAM 2 more authentication failures; logname= uid=0 euid=0 tty=ssh ruser= rhost=43.255.190.117  user=root
Apr 12 05:29:41 ovzhost sshd[1041]: pam_unix(sshd:auth): authentication failure; logname= uid=0 euid=0 tty=ssh ruser= rhost=43.255.190.118  user=root
Apr 12 05:29:42 ovzhost sshd[1043]: pam_unix(sshd:auth): authentication failure; logname= uid=0 euid=0 tty=ssh ruser= rhost=43.255.190.117  user=root
Apr 12 05:29:44 ovzhost sshd[1041]: Failed password for root from 43.255.190.118 port 49868 ssh2
Apr 12 05:29:45 ovzhost sshd[1043]: Failed password for root from 43.255.190.117 port 54647 ssh2
Apr 12 05:29:49 ovzhost sshd[1041]: message repeated 2 times: [ Failed password for root from 43.255.190.118 port 49868 ssh2]
Apr 12 05:29:49 ovzhost sshd[1041]: Received disconnect from 43.255.190.118: 11:  [preauth]
Apr 12 05:29:49 ovzhost sshd[1041]: PAM 2 more authentication failures; logname= uid=0 euid=0 tty=ssh ruser= rhost=43.255.190.118  user=root
Apr 12 05:29:49 ovzhost sshd[1043]: message repeated 2 times: [ Failed password for root from 43.255.190.117 port 54647 ssh2]
Apr 12 05:29:49 ovzhost sshd[1043]: Received disconnect from 43.255.190.117: 11:  [preauth]
Apr 12 05:29:49 ovzhost sshd[1043]: PAM 2 more authentication failures; logname= uid=0 euid=0 tty=ssh ruser= rhost=43.255.190.117  user=root
Apr 12 05:29:49 ovzhost sshd[1047]: pam_unix(sshd:auth): authentication failure; logname= uid=0 euid=0 tty=ssh ruser= rhost=43.255.190.118  user=root
Apr 12 05:29:50 ovzhost sshd[1049]: pam_unix(sshd:auth): authentication failure; logname= uid=0 euid=0 tty=ssh ruser= rhost=43.255.190.117  user=root
Apr 12 05:29:51 ovzhost sshd[1047]: Failed password for root from 43.255.190.118 port 36010 ssh2
Apr 12 05:29:51 ovzhost sshd[1049]: Failed password for root from 43.255.190.117 port 42792 ssh2
Apr 12 05:29:56 ovzhost sshd[1047]: message repeated 2 times: [ Failed password for root from 43.255.190.118 port 36010 ssh2]
Apr 12 05:29:56 ovzhost sshd[1047]: Received disconnect from 43.255.190.118: 11:  [preauth]
Apr 12 05:29:56 ovzhost sshd[1047]: PAM 2 more authentication failures; logname= uid=0 euid=0 tty=ssh ruser= rhost=43.255.190.118  user=root
Apr 12 05:29:56 ovzhost sshd[1049]: message repeated 2 times: [ Failed password for root from 43.255.190.117 port 42792 ssh2]
Apr 12 05:29:56 ovzhost sshd[1049]: Received disconnect from 43.255.190.117: 11:  [preauth]
Apr 12 05:29:56 ovzhost sshd[1049]: PAM 2 more authentication failures; logname= uid=0 euid=0 tty=ssh ruser= rhost=43.255.190.117  user=root
Apr 12 05:29:57 ovzhost sshd[1052]: pam_unix(sshd:auth): authentication failure; logname= uid=0 euid=0 tty=ssh ruser= rhost=43.255.190.118  user=root
Apr 12 05:29:57 ovzhost sshd[1054]: pam_unix(sshd:auth): authentication failure; logname= uid=0 euid=0 tty=ssh ruser= rhost=43.255.190.117  user=root
Apr 12 05:29:59 ovzhost sshd[1052]: Failed password for root from 43.255.190.118 port 50107 ssh2
Apr 12 05:29:59 ovzhost sshd[1054]: Failed password for root from 43.255.190.117 port 58891 ssh2
Apr 12 05:30:03 ovzhost sshd[1052]: message repeated 2 times: [ Failed password for root from 43.255.190.118 port 50107 ssh2]
Apr 12 05:30:03 ovzhost sshd[1052]: Received disconnect from 43.255.190.118: 11:  [preauth]
Apr 12 05:30:03 ovzhost sshd[1052]: PAM 2 more authentication failures; logname= uid=0 euid=0 tty=ssh ruser= rhost=43.255.190.118  user=root
Apr 12 05:30:03 ovzhost sshd[1054]: message repeated 2 times: [ Failed password for root from 43.255.190.117 port 58891 ssh2]
Apr 12 05:30:03 ovzhost sshd[1054]: Received disconnect from 43.255.190.117: 11:  [preauth]
Apr 12 05:30:03 ovzhost sshd[1054]: PAM 2 more authentication failures; logname= uid=0 euid=0 tty=ssh ruser= rhost=43.255.190.117  user=root
Apr 12 05:30:03 ovzhost sshd[1056]: pam_unix(sshd:auth): authentication failure; logname= uid=0 euid=0 tty=ssh ruser= rhost=43.255.190.118  user=root
Apr 12 05:30:04 ovzhost sshd[1058]: pam_unix(sshd:auth): authentication failure; logname= uid=0 euid=0 tty=ssh ruser= rhost=43.255.190.117  user=root
Apr 12 05:30:06 ovzhost sshd[1058]: Failed password for root from 43.255.190.117 port 45955 ssh2
Apr 12 05:30:06 ovzhost sshd[1056]: Failed password for root from 43.255.190.118 port 35433 ssh2
Apr 12 05:30:11 ovzhost sshd[1056]: message repeated 2 times: [ Failed password for root from 43.255.190.118 port 35433 ssh2]
Apr 12 05:30:11 ovzhost sshd[1056]: Received disconnect from 43.255.190.118: 11:  [preauth]
Apr 12 05:30:11 ovzhost sshd[1056]: PAM 2 more authentication failures; logname= uid=0 euid=0 tty=ssh ruser= rhost=43.255.190.118  user=root
Apr 12 05:30:11 ovzhost sshd[1058]: message repeated 2 times: [ Failed password for root from 43.255.190.117 port 45955 ssh2]
Apr 12 05:30:11 ovzhost sshd[1058]: Received disconnect from 43.255.190.117: 11:  [preauth]
Apr 12 05:30:11 ovzhost sshd[1058]: PAM 2 more authentication failures; logname= uid=0 euid=0 tty=ssh ruser= rhost=43.255.190.117  user=root
Apr 12 05:30:11 ovzhost sshd[1060]: pam_unix(sshd:auth): authentication failure; logname= uid=0 euid=0 tty=ssh ruser= rhost=43.255.190.118  user=root
Apr 12 05:30:11 ovzhost sshd[1062]: pam_unix(sshd:auth): authentication failure; logname= uid=0 euid=0 tty=ssh ruser= rhost=43.255.190.117  user=root
Apr 12 05:30:13 ovzhost sshd[1060]: Failed password for root from 43.255.190.118 port 50016 ssh2
Apr 12 05:30:13 ovzhost sshd[1062]: Failed password for root from 43.255.190.117 port 34193 ssh2
Apr 12 05:30:18 ovzhost sshd[1060]: message repeated 2 times: [ Failed password for root from 43.255.190.118 port 50016 ssh2]
Apr 12 05:30:18 ovzhost sshd[1060]: Received disconnect from 43.255.190.118: 11:  [preauth]
Apr 12 05:30:18 ovzhost sshd[1060]: PAM 2 more authentication failures; logname= uid=0 euid=0 tty=ssh ruser= rhost=43.255.190.118  user=root
Apr 12 05:30:18 ovzhost sshd[1062]: message repeated 2 times: [ Failed password for root from 43.255.190.117 port 34193 ssh2]
Apr 12 05:30:18 ovzhost sshd[1062]: Received disconnect from 43.255.190.117: 11:  [preauth]
Apr 12 05:30:18 ovzhost sshd[1062]: PAM 2 more authentication failures; logname= uid=0 euid=0 tty=ssh ruser= rhost=43.255.190.117  user=root
Apr 12 05:30:18 ovzhost sshd[1064]: pam_unix(sshd:auth): authentication failure; logname= uid=0 euid=0 tty=ssh ruser= rhost=43.255.190.118  user=root
Apr 12 05:30:18 ovzhost sshd[1066]: pam_unix(sshd:auth): authentication failure; logname= uid=0 euid=0 tty=ssh ruser= rhost=43.255.190.117  user=root
Apr 12 05:30:20 ovzhost sshd[1064]: Failed password for root from 43.255.190.118 port 35436 ssh2
Apr 12 05:30:21 ovzhost sshd[1066]: Failed password for root from 43.255.190.117 port 49724 ssh2
Apr 12 05:30:23 ovzhost sshd[1069]: Connection closed by 128.8.37.104 [preauth]
Apr 12 05:30:25 ovzhost sshd[1064]: message repeated 2 times: [ Failed password for root from 43.255.190.118 port 35436 ssh2]
Apr 12 05:30:25 ovzhost sshd[1064]: Received disconnect from 43.255.190.118: 11:  [preauth]
Apr 12 05:30:25 ovzhost sshd[1064]: PAM 2 more authentication failures; logname= uid=0 euid=0 tty=ssh ruser= rhost=43.255.190.118  user=root
Apr 12 05:30:25 ovzhost sshd[1066]: message repeated 2 times: [ Failed password for root from 43.255.190.117 port 49724 ssh2]
Apr 12 05:30:25 ovzhost sshd[1066]: Received disconnect from 43.255.190.117: 11:  [preauth]
Apr 12 05:30:25 ovzhost sshd[1066]: PAM 2 more authentication failures; logname= uid=0 euid=0 tty=ssh ruser= rhost=43.255.190.117  user=root
Apr 12 05:30:26 ovzhost sshd[1071]: pam_unix(sshd:auth): authentication failure; logname= uid=0 euid=0 tty=ssh ruser= rhost=43.255.190.118  user=root
Apr 12 05:30:26 ovzhost sshd[1073]: pam_unix(sshd:auth): authentication failure; logname= uid=0 euid=0 tty=ssh ruser= rhost=43.255.190.117  user=root
Apr 12 05:30:27 ovzhost sshd[1071]: Failed password for root from 43.255.190.118 port 49579 ssh2
Apr 12 05:30:27 ovzhost sshd[1073]: Failed password for root from 43.255.190.117 port 37703 ssh2
Apr 12 05:30:32 ovzhost sshd[1076]: Connection closed by 127.0.0.1 [preauth]
Apr 12 05:30:32 ovzhost sshd[1071]: message repeated 2 times: [ Failed password for root from 43.255.190.118 port 49579 ssh2]
Apr 12 05:30:32 ovzhost sshd[1071]: Received disconnect from 43.255.190.118: 11:  [preauth]
Apr 12 05:30:32 ovzhost sshd[1071]: PAM 2 more authentication failures; logname= uid=0 euid=0 tty=ssh ruser= rhost=43.255.190.118  user=root
Apr 12 05:30:32 ovzhost sshd[1073]: message repeated 2 times: [ Failed password for root from 43.255.190.117 port 37703 ssh2]
Apr 12 05:30:32 ovzhost sshd[1073]: Received disconnect from 43.255.190.117: 11:  [preauth]
Apr 12 05:30:32 ovzhost sshd[1073]: PAM 2 more authentication failures; logname= uid=0 euid=0 tty=ssh ruser= rhost=43.255.190.117  user=root
Apr 12 05:30:33 ovzhost sshd[1078]: pam_unix(sshd:auth): authentication failure; logname= uid=0 euid=0 tty=ssh ruser= rhost=43.255.190.118  user=root
Apr 12 05:30:33 ovzhost sshd[1080]: pam_unix(sshd:auth): authentication failure; logname= uid=0 euid=0 tty=ssh ruser= rhost=43.255.190.117  user=root
Apr 12 05:30:35 ovzhost sshd[1078]: Failed password for root from 43.255.190.118 port 35832 ssh2
Apr 12 05:30:35 ovzhost sshd[1080]: Failed password for root from 43.255.190.117 port 53919 ssh2
Apr 12 05:30:39 ovzhost sshd[1078]: message repeated 2 times: [ Failed password for root from 43.255.190.118 port 35832 ssh2]
Apr 12 05:30:39 ovzhost sshd[1078]: Received disconnect from 43.255.190.118: 11:  [preauth]
Apr 12 05:30:39 ovzhost sshd[1078]: PAM 2 more authentication failures; logname= uid=0 euid=0 tty=ssh ruser= rhost=43.255.190.118  user=root
Apr 12 05:30:39 ovzhost sshd[1080]: message repeated 2 times: [ Failed password for root from 43.255.190.117 port 53919 ssh2]
Apr 12 05:30:39 ovzhost sshd[1080]: Received disconnect from 43.255.190.117: 11:  [preauth]
Apr 12 05:30:39 ovzhost sshd[1080]: PAM 2 more authentication failures; logname= uid=0 euid=0 tty=ssh ruser= rhost=43.255.190.117  user=root
Apr 12 05:30:39 ovzhost sshd[1082]: pam_unix(sshd:auth): authentication failure; logname= uid=0 euid=0 tty=ssh ruser= rhost=43.255.190.118  user=root
Apr 12 05:30:39 ovzhost sshd[1084]: pam_unix(sshd:auth): authentication failure; logname= uid=0 euid=0 tty=ssh ruser= rhost=43.255.190.117  user=root
Apr 12 05:30:42 ovzhost sshd[1082]: Failed password for root from 43.255.190.118 port 48810 ssh2
Apr 12 05:30:42 ovzhost sshd[1084]: Failed password for root from 43.255.190.117 port 40218 ssh2
Apr 12 05:30:46 ovzhost sshd[1082]: message repeated 2 times: [ Failed password for root from 43.255.190.118 port 48810 ssh2]
Apr 12 05:30:46 ovzhost sshd[1082]: Received disconnect from 43.255.190.118: 11:  [preauth]
Apr 12 05:30:46 ovzhost sshd[1082]: PAM 2 more authentication failures; logname= uid=0 euid=0 tty=ssh ruser= rhost=43.255.190.118  user=root
Apr 12 05:30:47 ovzhost sshd[1084]: message repeated 2 times: [ Failed password for root from 43.255.190.117 port 40218 ssh2]
Apr 12 05:30:47 ovzhost sshd[1084]: Received disconnect from 43.255.190.117: 11:  [preauth]
Apr 12 05:30:47 ovzhost sshd[1084]: PAM 2 more authentication failures; logname= uid=0 euid=0 tty=ssh ruser= rhost=43.255.190.117  user=root
Apr 12 05:30:47 ovzhost sshd[1086]: pam_unix(sshd:auth): authentication failure; logname= uid=0 euid=0 tty=ssh ruser= rhost=43.255.190.118  user=root
Apr 12 05:30:48 ovzhost sshd[1088]: pam_unix(sshd:auth): authentication failure; logname= uid=0 euid=0 tty=ssh ruser= rhost=43.255.190.117  user=root
Apr 12 05:30:49 ovzhost sshd[1086]: Failed password for root from 43.255.190.118 port 35042 ssh2
Apr 12 05:30:49 ovzhost sshd[1088]: Failed password for root from 43.255.190.117 port 57098 ssh2
Apr 12 05:30:53 ovzhost sshd[1086]: message repeated 2 times: [ Failed password for root from 43.255.190.118 port 35042 ssh2]
Apr 12 05:30:53 ovzhost sshd[1086]: Received disconnect from 43.255.190.118: 11:  [preauth]
Apr 12 05:30:53 ovzhost sshd[1086]: PAM 2 more authentication failures; logname= uid=0 euid=0 tty=ssh ruser= rhost=43.255.190.118  user=root
Apr 12 05:30:53 ovzhost sshd[1088]: message repeated 2 times: [ Failed password for root from 43.255.190.117 port 57098 ssh2]
Apr 12 05:30:53 ovzhost sshd[1088]: Received disconnect from 43.255.190.117: 11:  [preauth]
Apr 12 05:30:53 ovzhost sshd[1088]: PAM 2 more authentication failures; logname= uid=0 euid=0 tty=ssh ruser= rhost=43.255.190.117  user=root
Apr 12 05:30:53 ovzhost sshd[1092]: pam_unix(sshd:auth): authentication failure; logname= uid=0 euid=0 tty=ssh ruser= rhost=43.255.190.118  user=root
Apr 12 05:30:53 ovzhost sshd[1094]: pam_unix(sshd:auth): authentication failure; logname= uid=0 euid=0 tty=ssh ruser= rhost=43.255.190.117  user=root
Apr 12 05:30:55 ovzhost sshd[1092]: Failed password for root from 43.255.190.118 port 47857 ssh2
Apr 12 05:30:56 ovzhost sshd[1094]: Failed password for root from 43.255.190.117 port 42878 ssh2
Apr 12 05:30:59 ovzhost sshd[1094]: message repeated 2 times: [ Failed password for root from 43.255.190.117 port 42878 ssh2]
Apr 12 05:30:59 ovzhost sshd[1094]: Received disconnect from 43.255.190.117: 11:  [preauth]
Apr 12 05:30:59 ovzhost sshd[1094]: PAM 2 more authentication failures; logname= uid=0 euid=0 tty=ssh ruser= rhost=43.255.190.117  user=root
