Apr 13 05:18:48 ovzhost sshd[1364]: PAM 2 more authentication failures; logname= uid=0 euid=0 tty=ssh ruser= rhost=43.255.190.152  user=root
Apr 13 05:18:49 ovzhost sshd[1370]: pam_unix(sshd:auth): authentication failure; logname= uid=0 euid=0 tty=ssh ruser= rhost=43.255.190.152  user=root
Apr 13 05:18:51 ovzhost sshd[1370]: Failed password for root from 43.255.190.152 port 43470 ssh2
Apr 13 05:18:55 ovzhost sshd[1370]: message repeated 2 times: [ Failed password for root from 43.255.190.152 port 43470 ssh2]
Apr 13 05:18:55 ovzhost sshd[1370]: Received disconnect from 43.255.190.152: 11:  [preauth]
Apr 13 05:18:55 ovzhost sshd[1370]: PAM 2 more authentication failures; logname= uid=0 euid=0 tty=ssh ruser= rhost=43.255.190.152  user=root
Apr 13 05:18:56 ovzhost sshd[1372]: pam_unix(sshd:auth): authentication failure; logname= uid=0 euid=0 tty=ssh ruser= rhost=43.255.190.152  user=root
Apr 13 05:18:58 ovzhost sshd[1372]: Failed password for root from 43.255.190.152 port 56599 ssh2
Apr 13 05:19:01 ovzhost sshd[1372]: message repeated 2 times: [ Failed password for root from 43.255.190.152 port 56599 ssh2]
Apr 13 05:19:01 ovzhost sshd[1372]: Received disconnect from 43.255.190.152: 11:  [preauth]
Apr 13 05:19:01 ovzhost sshd[1372]: PAM 2 more authentication failures; logname= uid=0 euid=0 tty=ssh ruser= rhost=43.255.190.152  user=root
Apr 13 05:19:03 ovzhost sshd[1374]: pam_unix(sshd:auth): authentication failure; logname= uid=0 euid=0 tty=ssh ruser= rhost=43.255.190.152  user=root
Apr 13 05:19:04 ovzhost sshd[1374]: Failed password for root from 43.255.190.152 port 38947 ssh2
Apr 13 05:19:09 ovzhost sshd[1374]: message repeated 2 times: [ Failed password for root from 43.255.190.152 port 38947 ssh2]
Apr 13 05:19:09 ovzhost sshd[1374]: Received disconnect from 43.255.190.152: 11:  [preauth]
Apr 13 05:19:09 ovzhost sshd[1374]: PAM 2 more authentication failures; logname= uid=0 euid=0 tty=ssh ruser= rhost=43.255.190.152  user=root
Apr 13 05:19:11 ovzhost sshd[1376]: pam_unix(sshd:auth): authentication failure; logname= uid=0 euid=0 tty=ssh ruser= rhost=43.255.190.152  user=root
Apr 13 05:19:13 ovzhost sshd[1376]: Failed password for root from 43.255.190.152 port 51503 ssh2
Apr 13 05:19:17 ovzhost sshd[1376]: message repeated 2 times: [ Failed password for root from 43.255.190.152 port 51503 ssh2]
Apr 13 05:19:17 ovzhost sshd[1376]: Received disconnect from 43.255.190.152: 11:  [preauth]
Apr 13 05:19:17 ovzhost sshd[1376]: PAM 2 more authentication failures; logname= uid=0 euid=0 tty=ssh ruser= rhost=43.255.190.152  user=root
Apr 13 05:19:18 ovzhost sshd[1382]: pam_unix(sshd:auth): authentication failure; logname= uid=0 euid=0 tty=ssh ruser= rhost=43.255.190.152  user=root
Apr 13 05:19:20 ovzhost sshd[1382]: Failed password for root from 43.255.190.152 port 37600 ssh2
Apr 13 05:19:24 ovzhost sshd[1382]: message repeated 2 times: [ Failed password for root from 43.255.190.152 port 37600 ssh2]
Apr 13 05:19:24 ovzhost sshd[1382]: Received disconnect from 43.255.190.152: 11:  [preauth]
Apr 13 05:19:24 ovzhost sshd[1382]: PAM 2 more authentication failures; logname= uid=0 euid=0 tty=ssh ruser= rhost=43.255.190.152  user=root
Apr 13 05:19:25 ovzhost sshd[1384]: pam_unix(sshd:auth): authentication failure; logname= uid=0 euid=0 tty=ssh ruser= rhost=43.255.190.152  user=root
Apr 13 05:19:27 ovzhost sshd[1384]: Failed password for root from 43.255.190.152 port 49027 ssh2
Apr 13 05:19:31 ovzhost sshd[1384]: message repeated 2 times: [ Failed password for root from 43.255.190.152 port 49027 ssh2]
Apr 13 05:19:31 ovzhost sshd[1384]: Received disconnect from 43.255.190.152: 11:  [preauth]
Apr 13 05:19:31 ovzhost sshd[1384]: PAM 2 more authentication failures; logname= uid=0 euid=0 tty=ssh ruser= rhost=43.255.190.152  user=root
Apr 13 05:19:32 ovzhost sshd[1388]: pam_unix(sshd:auth): authentication failure; logname= uid=0 euid=0 tty=ssh ruser= rhost=43.255.190.152  user=root
Apr 13 05:19:34 ovzhost sshd[1388]: Failed password for root from 43.255.190.152 port 32976 ssh2
Apr 13 05:19:38 ovzhost sshd[1388]: message repeated 2 times: [ Failed password for root from 43.255.190.152 port 32976 ssh2]
Apr 13 05:19:38 ovzhost sshd[1388]: Received disconnect from 43.255.190.152: 11:  [preauth]
Apr 13 05:19:38 ovzhost sshd[1388]: PAM 2 more authentication failures; logname= uid=0 euid=0 tty=ssh ruser= rhost=43.255.190.152  user=root
Apr 13 05:19:40 ovzhost sshd[1390]: pam_unix(sshd:auth): authentication failure; logname= uid=0 euid=0 tty=ssh ruser= rhost=43.255.190.152  user=root
Apr 13 05:19:42 ovzhost sshd[1390]: Failed password for root from 43.255.190.152 port 44320 ssh2
Apr 13 05:19:46 ovzhost sshd[1390]: message repeated 2 times: [ Failed password for root from 43.255.190.152 port 44320 ssh2]
Apr 13 05:19:46 ovzhost sshd[1390]: Received disconnect from 43.255.190.152: 11:  [preauth]
Apr 13 05:19:46 ovzhost sshd[1390]: PAM 2 more authentication failures; logname= uid=0 euid=0 tty=ssh ruser= rhost=43.255.190.152  user=root
Apr 13 05:19:47 ovzhost sshd[1393]: pam_unix(sshd:auth): authentication failure; logname= uid=0 euid=0 tty=ssh ruser= rhost=43.255.190.152  user=root
Apr 13 05:19:49 ovzhost sshd[1393]: Failed password for root from 43.255.190.152 port 56988 ssh2
Apr 13 05:19:54 ovzhost sshd[1393]: message repeated 2 times: [ Failed password for root from 43.255.190.152 port 56988 ssh2]
Apr 13 05:19:54 ovzhost sshd[1393]: Received disconnect from 43.255.190.152: 11:  [preauth]
Apr 13 05:19:54 ovzhost sshd[1393]: PAM 2 more authentication failures; logname= uid=0 euid=0 tty=ssh ruser= rhost=43.255.190.152  user=root
Apr 13 05:19:54 ovzhost sshd[1395]: pam_unix(sshd:auth): authentication failure; logname= uid=0 euid=0 tty=ssh ruser= rhost=43.255.190.152  user=root
Apr 13 05:19:56 ovzhost sshd[1395]: Failed password for root from 43.255.190.152 port 42103 ssh2
Apr 13 05:20:00 ovzhost sshd[1395]: message repeated 2 times: [ Failed password for root from 43.255.190.152 port 42103 ssh2]
Apr 13 05:20:00 ovzhost sshd[1395]: Received disconnect from 43.255.190.152: 11:  [preauth]
Apr 13 05:20:00 ovzhost sshd[1395]: PAM 2 more authentication failures; logname= uid=0 euid=0 tty=ssh ruser= rhost=43.255.190.152  user=root
Apr 13 05:20:01 ovzhost CRON[1399]: pam_env(cron:session): Unable to open env file: /etc/default/locale: No such file or directory
Apr 13 05:20:01 ovzhost CRON[1399]: pam_unix(cron:session): session opened for user smmsp by (uid=0)
Apr 13 05:20:01 ovzhost CRON[1399]: pam_unix(cron:session): session closed for user smmsp
Apr 13 05:20:01 ovzhost sshd[1397]: pam_unix(sshd:auth): authentication failure; logname= uid=0 euid=0 tty=ssh ruser= rhost=43.255.190.152  user=root
Apr 13 05:20:03 ovzhost sshd[1397]: Failed password for root from 43.255.190.152 port 53677 ssh2
Apr 13 05:20:07 ovzhost sshd[1397]: message repeated 2 times: [ Failed password for root from 43.255.190.152 port 53677 ssh2]
Apr 13 05:20:07 ovzhost sshd[1397]: Received disconnect from 43.255.190.152: 11:  [preauth]
Apr 13 05:20:07 ovzhost sshd[1397]: PAM 2 more authentication failures; logname= uid=0 euid=0 tty=ssh ruser= rhost=43.255.190.152  user=root
Apr 13 05:20:09 ovzhost sshd[1425]: pam_unix(sshd:auth): authentication failure; logname= uid=0 euid=0 tty=ssh ruser= rhost=43.255.190.152  user=root
Apr 13 05:20:11 ovzhost sshd[1425]: Failed password for root from 43.255.190.152 port 37504 ssh2
Apr 13 05:20:15 ovzhost sshd[1425]: message repeated 2 times: [ Failed password for root from 43.255.190.152 port 37504 ssh2]
Apr 13 05:20:16 ovzhost sshd[1425]: Received disconnect from 43.255.190.152: 11:  [preauth]
Apr 13 05:20:16 ovzhost sshd[1425]: PAM 2 more authentication failures; logname= uid=0 euid=0 tty=ssh ruser= rhost=43.255.190.152  user=root
Apr 13 05:20:17 ovzhost sshd[1428]: pam_unix(sshd:auth): authentication failure; logname= uid=0 euid=0 tty=ssh ruser= rhost=43.255.190.152  user=root
Apr 13 05:20:19 ovzhost sshd[1428]: Failed password for root from 43.255.190.152 port 51579 ssh2
Apr 13 05:20:23 ovzhost sshd[1428]: message repeated 2 times: [ Failed password for root from 43.255.190.152 port 51579 ssh2]
Apr 13 05:20:23 ovzhost sshd[1428]: Received disconnect from 43.255.190.152: 11:  [preauth]
Apr 13 05:20:23 ovzhost sshd[1428]: PAM 2 more authentication failures; logname= uid=0 euid=0 tty=ssh ruser= rhost=43.255.190.152  user=root
Apr 13 05:20:24 ovzhost sshd[1430]: pam_unix(sshd:auth): authentication failure; logname= uid=0 euid=0 tty=ssh ruser= rhost=43.255.190.152  user=root
Apr 13 05:20:26 ovzhost sshd[1430]: Failed password for root from 43.255.190.152 port 36773 ssh2
Apr 13 05:20:30 ovzhost sshd[1430]: message repeated 2 times: [ Failed password for root from 43.255.190.152 port 36773 ssh2]
Apr 13 05:20:31 ovzhost sshd[1430]: Received disconnect from 43.255.190.152: 11:  [preauth]
Apr 13 05:20:31 ovzhost sshd[1430]: PAM 2 more authentication failures; logname= uid=0 euid=0 tty=ssh ruser= rhost=43.255.190.152  user=root
Apr 13 05:20:31 ovzhost sshd[1432]: pam_unix(sshd:auth): authentication failure; logname= uid=0 euid=0 tty=ssh ruser= rhost=43.255.190.152  user=root
Apr 13 05:20:33 ovzhost sshd[1432]: Failed password for root from 43.255.190.152 port 49517 ssh2
Apr 13 05:20:38 ovzhost sshd[1432]: message repeated 2 times: [ Failed password for root from 43.255.190.152 port 49517 ssh2]
Apr 13 05:20:38 ovzhost sshd[1432]: Received disconnect from 43.255.190.152: 11:  [preauth]
Apr 13 05:20:38 ovzhost sshd[1432]: PAM 2 more authentication failures; logname= uid=0 euid=0 tty=ssh ruser= rhost=43.255.190.152  user=root
Apr 13 05:20:39 ovzhost sshd[1434]: pam_unix(sshd:auth): authentication failure; logname= uid=0 euid=0 tty=ssh ruser= rhost=43.255.190.152  user=root
Apr 13 05:20:41 ovzhost sshd[1434]: Failed password for root from 43.255.190.152 port 34430 ssh2
Apr 13 05:20:45 ovzhost sshd[1437]: Connection closed by 128.8.37.120 [preauth]
Apr 13 05:20:45 ovzhost sshd[1434]: message repeated 2 times: [ Failed password for root from 43.255.190.152 port 34430 ssh2]
Apr 13 05:20:45 ovzhost sshd[1434]: Received disconnect from 43.255.190.152: 11:  [preauth]
Apr 13 05:20:45 ovzhost sshd[1434]: PAM 2 more authentication failures; logname= uid=0 euid=0 tty=ssh ruser= rhost=43.255.190.152  user=root
Apr 13 05:20:47 ovzhost sshd[1439]: pam_unix(sshd:auth): authentication failure; logname= uid=0 euid=0 tty=ssh ruser= rhost=43.255.190.152  user=root
Apr 13 05:20:49 ovzhost sshd[1439]: Failed password for root from 43.255.190.152 port 47158 ssh2
Apr 13 05:20:54 ovzhost sshd[1439]: message repeated 2 times: [ Failed password for root from 43.255.190.152 port 47158 ssh2]
Apr 13 05:20:54 ovzhost sshd[1439]: Received disconnect from 43.255.190.152: 11:  [preauth]
Apr 13 05:20:54 ovzhost sshd[1439]: PAM 2 more authentication failures; logname= uid=0 euid=0 tty=ssh ruser= rhost=43.255.190.152  user=root
Apr 13 05:23:18 ovzhost sshd[1448]: Connection closed by 127.0.0.1 [preauth]
Apr 13 05:27:32 ovzhost sshd[1465]: Invalid user Sysop from 80.242.123.130
Apr 13 05:27:32 ovzhost sshd[1465]: input_userauth_request: invalid user Sysop [preauth]
Apr 13 05:27:32 ovzhost sshd[1465]: pam_unix(sshd:auth): check pass; user unknown
Apr 13 05:27:32 ovzhost sshd[1465]: pam_unix(sshd:auth): authentication failure; logname= uid=0 euid=0 tty=ssh ruser= rhost=130-123-242-80.pppoe.dyn.broadband.blic.net 
Apr 13 05:27:34 ovzhost sshd[1465]: Failed password for invalid user Sysop from 80.242.123.130 port 46467 ssh2
Apr 13 05:27:34 ovzhost sshd[1465]: Received disconnect from 80.242.123.130: 11: Bye Bye [preauth]
Apr 13 05:28:18 ovzhost sshd[1470]: Connection closed by 127.0.0.1 [preauth]
Apr 13 05:30:45 ovzhost sshd[1486]: Connection closed by 128.8.37.120 [preauth]
Apr 13 05:32:44 ovzhost sshd[1493]: pam_unix(sshd:auth): authentication failure; logname= uid=0 euid=0 tty=ssh ruser= rhost=221.229.166.27  user=root
Apr 13 05:32:45 ovzhost sshd[1493]: Failed password for root from 221.229.166.27 port 32853 ssh2
Apr 13 05:32:50 ovzhost sshd[1493]: message repeated 2 times: [ Failed password for root from 221.229.166.27 port 32853 ssh2]
Apr 13 05:32:51 ovzhost sshd[1493]: Received disconnect from 221.229.166.27: 11:  [preauth]
Apr 13 05:32:51 ovzhost sshd[1493]: PAM 2 more authentication failures; logname= uid=0 euid=0 tty=ssh ruser= rhost=221.229.166.27  user=root
Apr 13 05:32:53 ovzhost sshd[1495]: pam_unix(sshd:auth): authentication failure; logname= uid=0 euid=0 tty=ssh ruser= rhost=221.229.166.27  user=root
Apr 13 05:32:55 ovzhost sshd[1495]: Failed password for root from 221.229.166.27 port 58232 ssh2
Apr 13 05:33:00 ovzhost sshd[1495]: message repeated 2 times: [ Failed password for root from 221.229.166.27 port 58232 ssh2]
Apr 13 05:33:00 ovzhost sshd[1495]: Received disconnect from 221.229.166.27: 11:  [preauth]
Apr 13 05:33:00 ovzhost sshd[1495]: PAM 2 more authentication failures; logname= uid=0 euid=0 tty=ssh ruser= rhost=221.229.166.27  user=root
Apr 13 05:33:03 ovzhost sshd[1497]: pam_unix(sshd:auth): authentication failure; logname= uid=0 euid=0 tty=ssh ruser= rhost=221.229.166.27  user=root
Apr 13 05:33:05 ovzhost sshd[1497]: Failed password for root from 221.229.166.27 port 52112 ssh2
Apr 13 05:33:09 ovzhost sshd[1499]: pam_unix(sshd:auth): authentication failure; logname= uid=0 euid=0 tty=ssh ruser= rhost=43.255.190.183  user=root
Apr 13 05:33:10 ovzhost sshd[1497]: message repeated 2 times: [ Failed password for root from 221.229.166.27 port 52112 ssh2]
Apr 13 05:33:10 ovzhost sshd[1497]: Received disconnect from 221.229.166.27: 11:  [preauth]
Apr 13 05:33:10 ovzhost sshd[1497]: PAM 2 more authentication failures; logname= uid=0 euid=0 tty=ssh ruser= rhost=221.229.166.27  user=root
Apr 13 05:33:11 ovzhost sshd[1499]: Failed password for root from 43.255.190.183 port 56945 ssh2
Apr 13 05:33:12 ovzhost sshd[1501]: pam_unix(sshd:auth): authentication failure; logname= uid=0 euid=0 tty=ssh ruser= rhost=221.229.166.27  user=root
Apr 13 05:33:14 ovzhost sshd[1501]: Failed password for root from 221.229.166.27 port 45813 ssh2
Apr 13 05:33:15 ovzhost sshd[1499]: message repeated 2 times: [ Failed password for root from 43.255.190.183 port 56945 ssh2]
Apr 13 05:33:15 ovzhost sshd[1499]: Received disconnect from 43.255.190.183: 11:  [preauth]
Apr 13 05:33:15 ovzhost sshd[1499]: PAM 2 more authentication failures; logname= uid=0 euid=0 tty=ssh ruser= rhost=43.255.190.183  user=root
Apr 13 05:33:15 ovzhost sshd[1504]: pam_unix(sshd:auth): authentication failure; logname= uid=0 euid=0 tty=ssh ruser= rhost=43.255.190.183  user=root
Apr 13 05:33:17 ovzhost sshd[1504]: Failed password for root from 43.255.190.183 port 43916 ssh2
Apr 13 05:33:18 ovzhost sshd[1507]: Connection closed by 127.0.0.1 [preauth]
Apr 13 05:33:19 ovzhost sshd[1501]: message repeated 2 times: [ Failed password for root from 221.229.166.27 port 45813 ssh2]
Apr 13 05:33:19 ovzhost sshd[1501]: Received disconnect from 221.229.166.27: 11:  [preauth]
Apr 13 05:33:19 ovzhost sshd[1501]: PAM 2 more authentication failures; logname= uid=0 euid=0 tty=ssh ruser= rhost=221.229.166.27  user=root
Apr 13 05:33:21 ovzhost sshd[1504]: message repeated 2 times: [ Failed password for root from 43.255.190.183 port 43916 ssh2]
Apr 13 05:33:22 ovzhost sshd[1504]: Received disconnect from 43.255.190.183: 11:  [preauth]
Apr 13 05:33:22 ovzhost sshd[1504]: PAM 2 more authentication failures; logname= uid=0 euid=0 tty=ssh ruser= rhost=43.255.190.183  user=root
Apr 13 05:33:23 ovzhost sshd[1511]: pam_unix(sshd:auth): authentication failure; logname= uid=0 euid=0 tty=ssh ruser= rhost=43.255.190.183  user=root
Apr 13 05:33:24 ovzhost sshd[1509]: pam_unix(sshd:auth): authentication failure; logname= uid=0 euid=0 tty=ssh ruser= rhost=221.229.166.27  user=root
Apr 13 05:33:25 ovzhost sshd[1511]: Failed password for root from 43.255.190.183 port 59072 ssh2
Apr 13 05:33:27 ovzhost sshd[1509]: Failed password for root from 221.229.166.27 port 37427 ssh2
Apr 13 05:33:29 ovzhost sshd[1511]: message repeated 2 times: [ Failed password for root from 43.255.190.183 port 59072 ssh2]
Apr 13 05:33:29 ovzhost sshd[1511]: Received disconnect from 43.255.190.183: 11:  [preauth]
Apr 13 05:33:29 ovzhost sshd[1511]: PAM 2 more authentication failures; logname= uid=0 euid=0 tty=ssh ruser= rhost=43.255.190.183  user=root
Apr 13 05:33:30 ovzhost sshd[1514]: pam_unix(sshd:auth): authentication failure; logname= uid=0 euid=0 tty=ssh ruser= rhost=43.255.190.183  user=root
Apr 13 05:33:31 ovzhost sshd[1509]: message repeated 2 times: [ Failed password for root from 221.229.166.27 port 37427 ssh2]
Apr 13 05:33:31 ovzhost sshd[1509]: Received disconnect from 221.229.166.27: 11:  [preauth]
Apr 13 05:33:31 ovzhost sshd[1509]: PAM 2 more authentication failures; logname= uid=0 euid=0 tty=ssh ruser= rhost=221.229.166.27  user=root
Apr 13 05:33:32 ovzhost sshd[1514]: Failed password for root from 43.255.190.183 port 45949 ssh2
Apr 13 05:33:35 ovzhost sshd[1516]: pam_unix(sshd:auth): authentication failure; logname= uid=0 euid=0 tty=ssh ruser= rhost=221.229.166.27  user=root
Apr 13 05:33:36 ovzhost sshd[1514]: message repeated 2 times: [ Failed password for root from 43.255.190.183 port 45949 ssh2]
Apr 13 05:33:36 ovzhost sshd[1514]: Received disconnect from 43.255.190.183: 11:  [preauth]
Apr 13 05:33:36 ovzhost sshd[1514]: PAM 2 more authentication failures; logname= uid=0 euid=0 tty=ssh ruser= rhost=43.255.190.183  user=root
Apr 13 05:33:37 ovzhost sshd[1518]: pam_unix(sshd:auth): authentication failure; logname= uid=0 euid=0 tty=ssh ruser= rhost=43.255.190.183  user=root
Apr 13 05:33:37 ovzhost sshd[1516]: Failed password for root from 221.229.166.27 port 34785 ssh2
Apr 13 05:33:39 ovzhost sshd[1518]: Failed password for root from 43.255.190.183 port 60883 ssh2
Apr 13 05:33:42 ovzhost sshd[1516]: message repeated 2 times: [ Failed password for root from 221.229.166.27 port 34785 ssh2]
Apr 13 05:33:43 ovzhost sshd[1516]: Received disconnect from 221.229.166.27: 11:  [preauth]
Apr 13 05:33:43 ovzhost sshd[1516]: PAM 2 more authentication failures; logname= uid=0 euid=0 tty=ssh ruser= rhost=221.229.166.27  user=root
Apr 13 05:33:43 ovzhost sshd[1518]: message repeated 2 times: [ Failed password for root from 43.255.190.183 port 60883 ssh2]
Apr 13 05:33:43 ovzhost sshd[1518]: Received disconnect from 43.255.190.183: 11:  [preauth]
Apr 13 05:33:43 ovzhost sshd[1518]: PAM 2 more authentication failures; logname= uid=0 euid=0 tty=ssh ruser= rhost=43.255.190.183  user=root
Apr 13 05:33:44 ovzhost sshd[1522]: pam_unix(sshd:auth): authentication failure; logname= uid=0 euid=0 tty=ssh ruser= rhost=43.255.190.183  user=root
Apr 13 05:33:46 ovzhost sshd[1520]: pam_unix(sshd:auth): authentication failure; logname= uid=0 euid=0 tty=ssh ruser= rhost=221.229.166.27  user=root
Apr 13 05:33:46 ovzhost sshd[1522]: Failed password for root from 43.255.190.183 port 46426 ssh2
Apr 13 05:33:48 ovzhost sshd[1520]: Failed password for root from 221.229.166.27 port 60949 ssh2
Apr 13 05:33:51 ovzhost sshd[1522]: message repeated 2 times: [ Failed password for root from 43.255.190.183 port 46426 ssh2]
Apr 13 05:33:51 ovzhost sshd[1522]: Received disconnect from 43.255.190.183: 11:  [preauth]
Apr 13 05:33:51 ovzhost sshd[1522]: PAM 2 more authentication failures; logname= uid=0 euid=0 tty=ssh ruser= rhost=43.255.190.183  user=root
Apr 13 05:33:51 ovzhost sshd[1524]: pam_unix(sshd:auth): authentication failure; logname= uid=0 euid=0 tty=ssh ruser= rhost=43.255.190.183  user=root
Apr 13 05:33:53 ovzhost sshd[1520]: message repeated 2 times: [ Failed password for root from 221.229.166.27 port 60949 ssh2]
Apr 13 05:33:53 ovzhost sshd[1520]: Received disconnect from 221.229.166.27: 11:  [preauth]
Apr 13 05:33:53 ovzhost sshd[1520]: PAM 2 more authentication failures; logname= uid=0 euid=0 tty=ssh ruser= rhost=221.229.166.27  user=root
Apr 13 05:33:53 ovzhost sshd[1524]: Failed password for root from 43.255.190.183 port 34548 ssh2
Apr 13 05:33:55 ovzhost sshd[1528]: pam_unix(sshd:auth): authentication failure; logname= uid=0 euid=0 tty=ssh ruser= rhost=221.229.166.27  user=root
Apr 13 05:33:57 ovzhost sshd[1528]: Failed password for root from 221.229.166.27 port 55085 ssh2
Apr 13 05:33:57 ovzhost sshd[1524]: message repeated 2 times: [ Failed password for root from 43.255.190.183 port 34548 ssh2]
Apr 13 05:33:57 ovzhost sshd[1524]: Received disconnect from 43.255.190.183: 11:  [preauth]
Apr 13 05:33:57 ovzhost sshd[1524]: PAM 2 more authentication failures; logname= uid=0 euid=0 tty=ssh ruser= rhost=43.255.190.183  user=root
Apr 13 05:33:58 ovzhost sshd[1530]: pam_unix(sshd:auth): authentication failure; logname= uid=0 euid=0 tty=ssh ruser= rhost=43.255.190.183  user=root
Apr 13 05:34:00 ovzhost sshd[1530]: Failed password for root from 43.255.190.183 port 48312 ssh2
Apr 13 05:34:02 ovzhost sshd[1528]: message repeated 2 times: [ Failed password for root from 221.229.166.27 port 55085 ssh2]
Apr 13 05:34:02 ovzhost sshd[1528]: Received disconnect from 221.229.166.27: 11:  [preauth]
Apr 13 05:34:02 ovzhost sshd[1528]: PAM 2 more authentication failures; logname= uid=0 euid=0 tty=ssh ruser= rhost=221.229.166.27  user=root
Apr 13 05:34:05 ovzhost sshd[1530]: message repeated 2 times: [ Failed password for root from 43.255.190.183 port 48312 ssh2]
Apr 13 05:34:05 ovzhost sshd[1530]: Received disconnect from 43.255.190.183: 11:  [preauth]
Apr 13 05:34:05 ovzhost sshd[1530]: PAM 2 more authentication failures; logname= uid=0 euid=0 tty=ssh ruser= rhost=43.255.190.183  user=root
Apr 13 05:34:06 ovzhost sshd[1532]: pam_unix(sshd:auth): authentication failure; logname= uid=0 euid=0 tty=ssh ruser= rhost=221.229.166.27  user=root
Apr 13 05:34:06 ovzhost sshd[1534]: pam_unix(sshd:auth): authentication failure; logname= uid=0 euid=0 tty=ssh ruser= rhost=43.255.190.183  user=root
Apr 13 05:34:08 ovzhost sshd[1532]: Failed password for root from 221.229.166.27 port 48492 ssh2
Apr 13 05:34:09 ovzhost sshd[1534]: Failed password for root from 43.255.190.183 port 36628 ssh2
Apr 13 05:34:13 ovzhost sshd[1534]: message repeated 2 times: [ Failed password for root from 43.255.190.183 port 36628 ssh2]
Apr 13 05:34:13 ovzhost sshd[1534]: Received disconnect from 43.255.190.183: 11:  [preauth]
Apr 13 05:34:13 ovzhost sshd[1534]: PAM 2 more authentication failures; logname= uid=0 euid=0 tty=ssh ruser= rhost=43.255.190.183  user=root
Apr 13 05:34:13 ovzhost sshd[1532]: message repeated 2 times: [ Failed password for root from 221.229.166.27 port 48492 ssh2]
Apr 13 05:34:14 ovzhost sshd[1532]: Received disconnect from 221.229.166.27: 11:  [preauth]
Apr 13 05:34:14 ovzhost sshd[1532]: PAM 2 more authentication failures; logname= uid=0 euid=0 tty=ssh ruser= rhost=221.229.166.27  user=root
Apr 13 05:34:15 ovzhost sshd[1538]: pam_unix(sshd:auth): authentication failure; logname= uid=0 euid=0 tty=ssh ruser= rhost=43.255.190.183  user=root
Apr 13 05:34:16 ovzhost sshd[1540]: pam_unix(sshd:auth): authentication failure; logname= uid=0 euid=0 tty=ssh ruser= rhost=221.229.166.27  user=root
Apr 13 05:34:17 ovzhost sshd[1538]: Failed password for root from 43.255.190.183 port 53530 ssh2
Apr 13 05:34:18 ovzhost sshd[1540]: Failed password for root from 221.229.166.27 port 47172 ssh2
Apr 13 05:34:21 ovzhost sshd[1538]: message repeated 2 times: [ Failed password for root from 43.255.190.183 port 53530 ssh2]
Apr 13 05:34:21 ovzhost sshd[1538]: Received disconnect from 43.255.190.183: 11:  [preauth]
Apr 13 05:34:21 ovzhost sshd[1538]: PAM 2 more authentication failures; logname= uid=0 euid=0 tty=ssh ruser= rhost=43.255.190.183  user=root
Apr 13 05:34:22 ovzhost sshd[1544]: pam_unix(sshd:auth): authentication failure; logname= uid=0 euid=0 tty=ssh ruser= rhost=43.255.190.183  user=root
Apr 13 05:34:23 ovzhost sshd[1540]: message repeated 2 times: [ Failed password for root from 221.229.166.27 port 47172 ssh2]
Apr 13 05:34:23 ovzhost sshd[1540]: Received disconnect from 221.229.166.27: 11:  [preauth]
Apr 13 05:34:23 ovzhost sshd[1540]: PAM 2 more authentication failures; logname= uid=0 euid=0 tty=ssh ruser= rhost=221.229.166.27  user=root
Apr 13 05:34:25 ovzhost sshd[1544]: Failed password for root from 43.255.190.183 port 42012 ssh2
Apr 13 05:34:25 ovzhost sshd[1546]: pam_unix(sshd:auth): authentication failure; logname= uid=0 euid=0 tty=ssh ruser= rhost=221.229.166.27  user=root
Apr 13 05:34:27 ovzhost sshd[1546]: Failed password for root from 221.229.166.27 port 41335 ssh2
Apr 13 05:34:29 ovzhost sshd[1544]: message repeated 2 times: [ Failed password for root from 43.255.190.183 port 42012 ssh2]
Apr 13 05:34:29 ovzhost sshd[1544]: Received disconnect from 43.255.190.183: 11:  [preauth]
Apr 13 05:34:29 ovzhost sshd[1544]: PAM 2 more authentication failures; logname= uid=0 euid=0 tty=ssh ruser= rhost=43.255.190.183  user=root
Apr 13 05:34:29 ovzhost sshd[1550]: pam_unix(sshd:auth): authentication failure; logname= uid=0 euid=0 tty=ssh ruser= rhost=43.255.190.183  user=root
Apr 13 05:34:32 ovzhost sshd[1550]: Failed password for root from 43.255.190.183 port 57964 ssh2
Apr 13 05:34:32 ovzhost sshd[1546]: message repeated 2 times: [ Failed password for root from 221.229.166.27 port 41335 ssh2]
Apr 13 05:34:33 ovzhost sshd[1546]: Received disconnect from 221.229.166.27: 11:  [preauth]
Apr 13 05:34:33 ovzhost sshd[1546]: PAM 2 more authentication failures; logname= uid=0 euid=0 tty=ssh ruser= rhost=221.229.166.27  user=root
Apr 13 05:34:34 ovzhost sshd[1552]: pam_unix(sshd:auth): authentication failure; logname= uid=0 euid=0 tty=ssh ruser= rhost=221.229.166.27  user=root
Apr 13 05:34:37 ovzhost sshd[1550]: message repeated 2 times: [ Failed password for root from 43.255.190.183 port 57964 ssh2]
Apr 13 05:34:37 ovzhost sshd[1550]: Received disconnect from 43.255.190.183: 11:  [preauth]
Apr 13 05:34:37 ovzhost sshd[1550]: PAM 2 more authentication failures; logname= uid=0 euid=0 tty=ssh ruser= rhost=43.255.190.183  user=root
Apr 13 05:34:37 ovzhost sshd[1552]: Failed password for root from 221.229.166.27 port 35306 ssh2
Apr 13 05:34:37 ovzhost sshd[1554]: pam_unix(sshd:auth): authentication failure; logname= uid=0 euid=0 tty=ssh ruser= rhost=43.255.190.183  user=root
Apr 13 05:34:39 ovzhost sshd[1554]: Failed password for root from 43.255.190.183 port 46503 ssh2
Apr 13 05:34:42 ovzhost sshd[1552]: message repeated 2 times: [ Failed password for root from 221.229.166.27 port 35306 ssh2]
Apr 13 05:34:42 ovzhost sshd[1552]: Received disconnect from 221.229.166.27: 11:  [preauth]
Apr 13 05:34:42 ovzhost sshd[1552]: PAM 2 more authentication failures; logname= uid=0 euid=0 tty=ssh ruser= rhost=221.229.166.27  user=root
Apr 13 05:34:44 ovzhost sshd[1554]: message repeated 2 times: [ Failed password for root from 43.255.190.183 port 46503 ssh2]
Apr 13 05:34:44 ovzhost sshd[1554]: Received disconnect from 43.255.190.183: 11:  [preauth]
Apr 13 05:34:44 ovzhost sshd[1554]: PAM 2 more authentication failures; logname= uid=0 euid=0 tty=ssh ruser= rhost=43.255.190.183  user=root
Apr 13 05:34:45 ovzhost sshd[1556]: pam_unix(sshd:auth): authentication failure; logname= uid=0 euid=0 tty=ssh ruser= rhost=221.229.166.27  user=root
Apr 13 05:34:45 ovzhost sshd[1558]: pam_unix(sshd:auth): authentication failure; logname= uid=0 euid=0 tty=ssh ruser= rhost=43.255.190.183  user=root
Apr 13 05:34:47 ovzhost sshd[1556]: Failed password for root from 221.229.166.27 port 58269 ssh2
Apr 13 05:34:47 ovzhost sshd[1558]: Failed password for root from 43.255.190.183 port 35187 ssh2
Apr 13 05:34:52 ovzhost sshd[1558]: message repeated 2 times: [ Failed password for root from 43.255.190.183 port 35187 ssh2]
Apr 13 05:34:52 ovzhost sshd[1558]: Received disconnect from 43.255.190.183: 11:  [preauth]
Apr 13 05:34:52 ovzhost sshd[1558]: PAM 2 more authentication failures; logname= uid=0 euid=0 tty=ssh ruser= rhost=43.255.190.183  user=root
Apr 13 05:34:53 ovzhost sshd[1560]: pam_unix(sshd:auth): authentication failure; logname= uid=0 euid=0 tty=ssh ruser= rhost=43.255.190.183  user=root
Apr 13 05:34:51 ovzhost sshd[1556]: message repeated 2 times: [ Failed password for root from 221.229.166.27 port 58269 ssh2]
Apr 13 05:34:54 ovzhost sshd[1556]: Received disconnect from 221.229.166.27: 11:  [preauth]
Apr 13 05:34:54 ovzhost sshd[1556]: PAM 2 more authentication failures; logname= uid=0 euid=0 tty=ssh ruser= rhost=221.229.166.27  user=root
Apr 13 05:34:56 ovzhost sshd[1560]: Failed password for root from 43.255.190.183 port 50391 ssh2
Apr 13 05:34:57 ovzhost sshd[1562]: pam_unix(sshd:auth): authentication failure; logname= uid=0 euid=0 tty=ssh ruser= rhost=221.229.166.27  user=root
Apr 13 05:34:59 ovzhost sshd[1562]: Failed password for root from 221.229.166.27 port 58876 ssh2
Apr 13 05:35:00 ovzhost sshd[1560]: message repeated 2 times: [ Failed password for root from 43.255.190.183 port 50391 ssh2]
Apr 13 05:35:00 ovzhost sshd[1560]: Received disconnect from 43.255.190.183: 11:  [preauth]
Apr 13 05:35:00 ovzhost sshd[1560]: PAM 2 more authentication failures; logname= uid=0 euid=0 tty=ssh ruser= rhost=43.255.190.183  user=root
Apr 13 05:35:01 ovzhost sshd[1564]: pam_unix(sshd:auth): authentication failure; logname= uid=0 euid=0 tty=ssh ruser= rhost=43.255.190.183  user=root
Apr 13 05:35:03 ovzhost sshd[1564]: Failed password for root from 43.255.190.183 port 39781 ssh2
Apr 13 05:35:05 ovzhost sshd[1562]: message repeated 2 times: [ Failed password for root from 221.229.166.27 port 58876 ssh2]
Apr 13 05:35:05 ovzhost sshd[1562]: Received disconnect from 221.229.166.27: 11:  [preauth]
Apr 13 05:35:05 ovzhost sshd[1562]: PAM 2 more authentication failures; logname= uid=0 euid=0 tty=ssh ruser= rhost=221.229.166.27  user=root
Apr 13 05:35:08 ovzhost sshd[1564]: message repeated 2 times: [ Failed password for root from 43.255.190.183 port 39781 ssh2]
Apr 13 05:35:09 ovzhost sshd[1564]: Received disconnect from 43.255.190.183: 11:  [preauth]
Apr 13 05:35:09 ovzhost sshd[1564]: PAM 2 more authentication failures; logname= uid=0 euid=0 tty=ssh ruser= rhost=43.255.190.183  user=root
Apr 13 05:35:09 ovzhost sshd[1566]: pam_unix(sshd:auth): authentication failure; logname= uid=0 euid=0 tty=ssh ruser= rhost=43.255.190.183  user=root
Apr 13 05:35:10 ovzhost sshd[1567]: pam_unix(sshd:auth): authentication failure; logname= uid=0 euid=0 tty=ssh ruser= rhost=221.229.166.27  user=root
Apr 13 05:35:11 ovzhost sshd[1566]: Failed password for root from 43.255.190.183 port 55931 ssh2
Apr 13 05:35:12 ovzhost sshd[1567]: Failed password for root from 221.229.166.27 port 58067 ssh2
Apr 13 05:35:16 ovzhost sshd[1566]: message repeated 2 times: [ Failed password for root from 43.255.190.183 port 55931 ssh2]
Apr 13 05:35:16 ovzhost sshd[1566]: Received disconnect from 43.255.190.183: 11:  [preauth]
Apr 13 05:35:16 ovzhost sshd[1566]: PAM 2 more authentication failures; logname= uid=0 euid=0 tty=ssh ruser= rhost=43.255.190.183  user=root
Apr 13 05:35:16 ovzhost sshd[1571]: pam_unix(sshd:auth): authentication failure; logname= uid=0 euid=0 tty=ssh ruser= rhost=43.255.190.183  user=root
Apr 13 05:35:17 ovzhost sshd[1567]: message repeated 2 times: [ Failed password for root from 221.229.166.27 port 58067 ssh2]
Apr 13 05:35:17 ovzhost sshd[1567]: Received disconnect from 221.229.166.27: 11:  [preauth]
Apr 13 05:35:17 ovzhost sshd[1567]: PAM 2 more authentication failures; logname= uid=0 euid=0 tty=ssh ruser= rhost=221.229.166.27  user=root
Apr 13 05:35:19 ovzhost sshd[1571]: Failed password for root from 43.255.190.183 port 44915 ssh2
