Apr  2 14:31:44 ovzhost sshd[780]: Connection closed by 127.0.0.1 [preauth]
Apr  2 14:35:40 ovzhost sshd[811]: Connection closed by 128.8.37.120 [preauth]
Apr  2 14:36:44 ovzhost sshd[820]: Connection closed by 127.0.0.1 [preauth]
Apr 13 04:38:18 ovzhost sshd[784]: Connection closed by 127.0.0.1 [preauth]
Apr 13 04:39:01 ovzhost CRON[789]: pam_env(cron:session): Unable to open env file: /etc/default/locale: No such file or directory
Apr 13 04:39:01 ovzhost CRON[789]: pam_unix(cron:session): session opened for user root by (uid=0)
Apr 13 04:39:01 ovzhost CRON[789]: pam_unix(cron:session): session closed for user root
Apr 13 04:40:01 ovzhost CRON[807]: pam_env(cron:session): Unable to open env file: /etc/default/locale: No such file or directory
Apr 13 04:40:01 ovzhost CRON[807]: pam_unix(cron:session): session opened for user smmsp by (uid=0)
Apr 13 04:40:01 ovzhost CRON[807]: pam_unix(cron:session): session closed for user smmsp
Apr 13 04:40:45 ovzhost sshd[835]: Connection closed by 128.8.37.120 [preauth]
Apr 13 04:43:18 ovzhost sshd[846]: Connection closed by 127.0.0.1 [preauth]
Apr 13 04:48:18 ovzhost sshd[866]: Connection closed by 127.0.0.1 [preauth]
Apr 13 04:50:45 ovzhost sshd[880]: Connection closed by 128.8.37.120 [preauth]
Apr 13 04:53:18 ovzhost sshd[889]: Connection closed by 127.0.0.1 [preauth]
Apr 13 04:58:18 ovzhost sshd[909]: Connection closed by 127.0.0.1 [preauth]
Apr 13 05:00:01 ovzhost CRON[923]: pam_env(cron:session): Unable to open env file: /etc/default/locale: No such file or directory
Apr 13 05:00:01 ovzhost CRON[923]: pam_unix(cron:session): session opened for user smmsp by (uid=0)
Apr 13 05:00:02 ovzhost CRON[923]: pam_unix(cron:session): session closed for user smmsp
Apr 13 05:00:36 ovzhost sshd[950]: pam_unix(sshd:auth): authentication failure; logname= uid=0 euid=0 tty=ssh ruser= rhost=43.255.190.157  user=root
Apr 13 05:00:38 ovzhost sshd[950]: Failed password for root from 43.255.190.157 port 41254 ssh2
Apr 13 05:00:42 ovzhost sshd[950]: message repeated 2 times: [ Failed password for root from 43.255.190.157 port 41254 ssh2]
Apr 13 05:00:42 ovzhost sshd[950]: Received disconnect from 43.255.190.157: 11:  [preauth]
Apr 13 05:00:42 ovzhost sshd[950]: PAM 2 more authentication failures; logname= uid=0 euid=0 tty=ssh ruser= rhost=43.255.190.157  user=root
Apr 13 05:00:44 ovzhost sshd[952]: pam_unix(sshd:auth): authentication failure; logname= uid=0 euid=0 tty=ssh ruser= rhost=43.255.190.157  user=root
Apr 13 05:00:45 ovzhost sshd[955]: Connection closed by 128.8.37.120 [preauth]
Apr 13 05:00:46 ovzhost sshd[952]: Failed password for root from 43.255.190.157 port 53061 ssh2
Apr 13 05:00:50 ovzhost sshd[952]: message repeated 2 times: [ Failed password for root from 43.255.190.157 port 53061 ssh2]
Apr 13 05:00:50 ovzhost sshd[952]: Received disconnect from 43.255.190.157: 11:  [preauth]
Apr 13 05:00:50 ovzhost sshd[952]: PAM 2 more authentication failures; logname= uid=0 euid=0 tty=ssh ruser= rhost=43.255.190.157  user=root
Apr 13 05:00:51 ovzhost sshd[957]: pam_unix(sshd:auth): authentication failure; logname= uid=0 euid=0 tty=ssh ruser= rhost=43.255.190.157  user=root
Apr 13 05:00:53 ovzhost sshd[957]: Failed password for root from 43.255.190.157 port 41425 ssh2
Apr 13 05:00:57 ovzhost sshd[957]: message repeated 2 times: [ Failed password for root from 43.255.190.157 port 41425 ssh2]
Apr 13 05:00:57 ovzhost sshd[957]: Received disconnect from 43.255.190.157: 11:  [preauth]
Apr 13 05:00:57 ovzhost sshd[957]: PAM 2 more authentication failures; logname= uid=0 euid=0 tty=ssh ruser= rhost=43.255.190.157  user=root
Apr 13 05:00:58 ovzhost sshd[959]: pam_unix(sshd:auth): authentication failure; logname= uid=0 euid=0 tty=ssh ruser= rhost=43.255.190.157  user=root
Apr 13 05:01:00 ovzhost sshd[959]: Failed password for root from 43.255.190.157 port 53122 ssh2
Apr 13 05:01:04 ovzhost sshd[959]: message repeated 2 times: [ Failed password for root from 43.255.190.157 port 53122 ssh2]
Apr 13 05:01:04 ovzhost sshd[959]: Received disconnect from 43.255.190.157: 11:  [preauth]
Apr 13 05:01:04 ovzhost sshd[959]: PAM 2 more authentication failures; logname= uid=0 euid=0 tty=ssh ruser= rhost=43.255.190.157  user=root
Apr 13 05:01:05 ovzhost sshd[961]: pam_unix(sshd:auth): authentication failure; logname= uid=0 euid=0 tty=ssh ruser= rhost=43.255.190.157  user=root
Apr 13 05:01:07 ovzhost sshd[961]: Failed password for root from 43.255.190.157 port 38301 ssh2
Apr 13 05:01:11 ovzhost sshd[961]: message repeated 2 times: [ Failed password for root from 43.255.190.157 port 38301 ssh2]
Apr 13 05:01:11 ovzhost sshd[961]: Received disconnect from 43.255.190.157: 11:  [preauth]
Apr 13 05:01:11 ovzhost sshd[961]: PAM 2 more authentication failures; logname= uid=0 euid=0 tty=ssh ruser= rhost=43.255.190.157  user=root
Apr 13 05:01:12 ovzhost sshd[963]: pam_unix(sshd:auth): authentication failure; logname= uid=0 euid=0 tty=ssh ruser= rhost=43.255.190.157  user=root
Apr 13 05:01:14 ovzhost sshd[963]: Failed password for root from 43.255.190.157 port 51433 ssh2
Apr 13 05:01:18 ovzhost sshd[963]: message repeated 2 times: [ Failed password for root from 43.255.190.157 port 51433 ssh2]
Apr 13 05:01:18 ovzhost sshd[963]: Received disconnect from 43.255.190.157: 11:  [preauth]
Apr 13 05:01:18 ovzhost sshd[963]: PAM 2 more authentication failures; logname= uid=0 euid=0 tty=ssh ruser= rhost=43.255.190.157  user=root
Apr 13 05:01:19 ovzhost sshd[967]: pam_unix(sshd:auth): authentication failure; logname= uid=0 euid=0 tty=ssh ruser= rhost=43.255.190.157  user=root
Apr 13 05:01:21 ovzhost sshd[967]: Failed password for root from 43.255.190.157 port 35330 ssh2
Apr 13 05:01:25 ovzhost sshd[967]: message repeated 2 times: [ Failed password for root from 43.255.190.157 port 35330 ssh2]
Apr 13 05:01:25 ovzhost sshd[967]: Received disconnect from 43.255.190.157: 11:  [preauth]
Apr 13 05:01:25 ovzhost sshd[967]: PAM 2 more authentication failures; logname= uid=0 euid=0 tty=ssh ruser= rhost=43.255.190.157  user=root
Apr 13 05:01:26 ovzhost sshd[969]: pam_unix(sshd:auth): authentication failure; logname= uid=0 euid=0 tty=ssh ruser= rhost=43.255.190.157  user=root
Apr 13 05:01:28 ovzhost sshd[969]: Failed password for root from 43.255.190.157 port 47027 ssh2
Apr 13 05:01:32 ovzhost sshd[969]: message repeated 2 times: [ Failed password for root from 43.255.190.157 port 47027 ssh2]
Apr 13 05:01:32 ovzhost sshd[969]: Received disconnect from 43.255.190.157: 11:  [preauth]
Apr 13 05:01:32 ovzhost sshd[969]: PAM 2 more authentication failures; logname= uid=0 euid=0 tty=ssh ruser= rhost=43.255.190.157  user=root
Apr 13 05:01:33 ovzhost sshd[971]: pam_unix(sshd:auth): authentication failure; logname= uid=0 euid=0 tty=ssh ruser= rhost=43.255.190.157  user=root
Apr 13 05:01:35 ovzhost sshd[971]: Failed password for root from 43.255.190.157 port 56361 ssh2
Apr 13 05:01:39 ovzhost sshd[971]: message repeated 2 times: [ Failed password for root from 43.255.190.157 port 56361 ssh2]
Apr 13 05:01:39 ovzhost sshd[971]: Received disconnect from 43.255.190.157: 11:  [preauth]
Apr 13 05:01:39 ovzhost sshd[971]: PAM 2 more authentication failures; logname= uid=0 euid=0 tty=ssh ruser= rhost=43.255.190.157  user=root
Apr 13 05:01:40 ovzhost sshd[973]: pam_unix(sshd:auth): authentication failure; logname= uid=0 euid=0 tty=ssh ruser= rhost=43.255.190.157  user=root
Apr 13 05:01:42 ovzhost sshd[973]: Failed password for root from 43.255.190.157 port 38009 ssh2
Apr 13 05:01:46 ovzhost sshd[973]: message repeated 2 times: [ Failed password for root from 43.255.190.157 port 38009 ssh2]
Apr 13 05:01:46 ovzhost sshd[973]: Received disconnect from 43.255.190.157: 11:  [preauth]
Apr 13 05:01:46 ovzhost sshd[973]: PAM 2 more authentication failures; logname= uid=0 euid=0 tty=ssh ruser= rhost=43.255.190.157  user=root
Apr 13 05:01:47 ovzhost sshd[975]: pam_unix(sshd:auth): authentication failure; logname= uid=0 euid=0 tty=ssh ruser= rhost=43.255.190.157  user=root
Apr 13 05:01:49 ovzhost sshd[975]: Failed password for root from 43.255.190.157 port 49853 ssh2
Apr 13 05:01:53 ovzhost sshd[975]: message repeated 2 times: [ Failed password for root from 43.255.190.157 port 49853 ssh2]
Apr 13 05:01:53 ovzhost sshd[975]: Received disconnect from 43.255.190.157: 11:  [preauth]
Apr 13 05:01:53 ovzhost sshd[975]: PAM 2 more authentication failures; logname= uid=0 euid=0 tty=ssh ruser= rhost=43.255.190.157  user=root
Apr 13 05:01:54 ovzhost sshd[979]: pam_unix(sshd:auth): authentication failure; logname= uid=0 euid=0 tty=ssh ruser= rhost=43.255.190.157  user=root
Apr 13 05:01:56 ovzhost sshd[979]: Failed password for root from 43.255.190.157 port 60244 ssh2
Apr 13 05:02:01 ovzhost sshd[979]: message repeated 2 times: [ Failed password for root from 43.255.190.157 port 60244 ssh2]
Apr 13 05:02:01 ovzhost sshd[979]: Received disconnect from 43.255.190.157: 11:  [preauth]
Apr 13 05:02:01 ovzhost sshd[979]: PAM 2 more authentication failures; logname= uid=0 euid=0 tty=ssh ruser= rhost=43.255.190.157  user=root
Apr 13 05:02:02 ovzhost sshd[981]: pam_unix(sshd:auth): authentication failure; logname= uid=0 euid=0 tty=ssh ruser= rhost=43.255.190.157  user=root
Apr 13 05:02:04 ovzhost sshd[981]: Failed password for root from 43.255.190.157 port 43412 ssh2
Apr 13 05:02:08 ovzhost sshd[981]: message repeated 2 times: [ Failed password for root from 43.255.190.157 port 43412 ssh2]
Apr 13 05:02:08 ovzhost sshd[981]: Received disconnect from 43.255.190.157: 11:  [preauth]
Apr 13 05:02:08 ovzhost sshd[981]: PAM 2 more authentication failures; logname= uid=0 euid=0 tty=ssh ruser= rhost=43.255.190.157  user=root
Apr 13 05:02:09 ovzhost sshd[983]: pam_unix(sshd:auth): authentication failure; logname= uid=0 euid=0 tty=ssh ruser= rhost=43.255.190.157  user=root
Apr 13 05:02:11 ovzhost sshd[983]: Failed password for root from 43.255.190.157 port 57514 ssh2
Apr 13 05:02:11 ovzhost sshd[983]: Received disconnect from 43.255.190.157: 11:  [preauth]
Apr 13 05:02:21 ovzhost sshd[986]: pam_unix(sshd:auth): authentication failure; logname= uid=0 euid=0 tty=ssh ruser= rhost=43.255.190.157  user=root
Apr 13 05:02:23 ovzhost sshd[986]: Failed password for root from 43.255.190.157 port 54484 ssh2
Apr 13 05:02:28 ovzhost sshd[986]: message repeated 2 times: [ Failed password for root from 43.255.190.157 port 54484 ssh2]
Apr 13 05:02:28 ovzhost sshd[986]: Received disconnect from 43.255.190.157: 11:  [preauth]
Apr 13 05:02:28 ovzhost sshd[986]: PAM 2 more authentication failures; logname= uid=0 euid=0 tty=ssh ruser= rhost=43.255.190.157  user=root
Apr 13 05:02:28 ovzhost sshd[988]: pam_unix(sshd:auth): authentication failure; logname= uid=0 euid=0 tty=ssh ruser= rhost=43.255.190.157  user=root
Apr 13 05:02:30 ovzhost sshd[988]: Failed password for root from 43.255.190.157 port 39941 ssh2
Apr 13 05:02:35 ovzhost sshd[988]: message repeated 2 times: [ Failed password for root from 43.255.190.157 port 39941 ssh2]
Apr 13 05:02:35 ovzhost sshd[988]: Received disconnect from 43.255.190.157: 11:  [preauth]
Apr 13 05:02:35 ovzhost sshd[988]: PAM 2 more authentication failures; logname= uid=0 euid=0 tty=ssh ruser= rhost=43.255.190.157  user=root
Apr 13 05:02:36 ovzhost sshd[990]: pam_unix(sshd:auth): authentication failure; logname= uid=0 euid=0 tty=ssh ruser= rhost=43.255.190.157  user=root
Apr 13 05:02:38 ovzhost sshd[990]: Failed password for root from 43.255.190.157 port 55082 ssh2
Apr 13 05:02:41 ovzhost sshd[990]: message repeated 2 times: [ Failed password for root from 43.255.190.157 port 55082 ssh2]
Apr 13 05:02:41 ovzhost sshd[990]: Received disconnect from 43.255.190.157: 11:  [preauth]
Apr 13 05:02:41 ovzhost sshd[990]: PAM 2 more authentication failures; logname= uid=0 euid=0 tty=ssh ruser= rhost=43.255.190.157  user=root
Apr 13 05:02:43 ovzhost sshd[992]: pam_unix(sshd:auth): authentication failure; logname= uid=0 euid=0 tty=ssh ruser= rhost=43.255.190.157  user=root
Apr 13 05:02:46 ovzhost sshd[992]: Failed password for root from 43.255.190.157 port 41020 ssh2
Apr 13 05:02:50 ovzhost sshd[992]: message repeated 2 times: [ Failed password for root from 43.255.190.157 port 41020 ssh2]
Apr 13 05:02:50 ovzhost sshd[992]: Received disconnect from 43.255.190.157: 11:  [preauth]
Apr 13 05:02:50 ovzhost sshd[992]: PAM 2 more authentication failures; logname= uid=0 euid=0 tty=ssh ruser= rhost=43.255.190.157  user=root
Apr 13 05:02:52 ovzhost sshd[994]: pam_unix(sshd:auth): authentication failure; logname= uid=0 euid=0 tty=ssh ruser= rhost=43.255.190.157  user=root
Apr 13 05:02:53 ovzhost sshd[994]: Failed password for root from 43.255.190.157 port 60199 ssh2
Apr 13 05:02:58 ovzhost sshd[994]: message repeated 2 times: [ Failed password for root from 43.255.190.157 port 60199 ssh2]
Apr 13 05:02:58 ovzhost sshd[994]: Received disconnect from 43.255.190.157: 11:  [preauth]
Apr 13 05:02:58 ovzhost sshd[994]: PAM 2 more authentication failures; logname= uid=0 euid=0 tty=ssh ruser= rhost=43.255.190.157  user=root
Apr 13 05:02:58 ovzhost sshd[996]: pam_unix(sshd:auth): authentication failure; logname= uid=0 euid=0 tty=ssh ruser= rhost=43.255.190.157  user=root
Apr 13 05:03:00 ovzhost sshd[996]: Failed password for root from 43.255.190.157 port 48149 ssh2
Apr 13 05:03:05 ovzhost sshd[996]: message repeated 2 times: [ Failed password for root from 43.255.190.157 port 48149 ssh2]
Apr 13 05:03:05 ovzhost sshd[996]: Received disconnect from 43.255.190.157: 11:  [preauth]
Apr 13 05:03:05 ovzhost sshd[996]: PAM 2 more authentication failures; logname= uid=0 euid=0 tty=ssh ruser= rhost=43.255.190.157  user=root
Apr 13 05:03:06 ovzhost sshd[998]: pam_unix(sshd:auth): authentication failure; logname= uid=0 euid=0 tty=ssh ruser= rhost=43.255.190.157  user=root
Apr 13 05:03:08 ovzhost sshd[998]: Failed password for root from 43.255.190.157 port 36485 ssh2
Apr 13 05:03:12 ovzhost sshd[998]: message repeated 2 times: [ Failed password for root from 43.255.190.157 port 36485 ssh2]
Apr 13 05:03:12 ovzhost sshd[998]: Received disconnect from 43.255.190.157: 11:  [preauth]
Apr 13 05:03:12 ovzhost sshd[998]: PAM 2 more authentication failures; logname= uid=0 euid=0 tty=ssh ruser= rhost=43.255.190.157  user=root
Apr 13 05:03:18 ovzhost sshd[1004]: Connection closed by 127.0.0.1 [preauth]
Apr 13 05:03:23 ovzhost sshd[1001]: Connection closed by 43.255.190.157 [preauth]
Apr 13 05:03:26 ovzhost sshd[1006]: pam_unix(sshd:auth): authentication failure; logname= uid=0 euid=0 tty=ssh ruser= rhost=43.255.190.157  user=root
Apr 13 05:03:29 ovzhost sshd[1006]: Failed password for root from 43.255.190.157 port 46536 ssh2
Apr 13 05:03:34 ovzhost sshd[1006]: message repeated 2 times: [ Failed password for root from 43.255.190.157 port 46536 ssh2]
Apr 13 05:03:34 ovzhost sshd[1006]: Received disconnect from 43.255.190.157: 11:  [preauth]
Apr 13 05:03:34 ovzhost sshd[1006]: PAM 2 more authentication failures; logname= uid=0 euid=0 tty=ssh ruser= rhost=43.255.190.157  user=root
Apr 13 05:03:36 ovzhost sshd[1011]: pam_unix(sshd:auth): authentication failure; logname= uid=0 euid=0 tty=ssh ruser= rhost=43.255.190.157  user=root
Apr 13 05:03:38 ovzhost sshd[1011]: Failed password for root from 43.255.190.157 port 41106 ssh2
Apr 13 05:03:41 ovzhost sshd[1011]: message repeated 2 times: [ Failed password for root from 43.255.190.157 port 41106 ssh2]
Apr 13 05:03:41 ovzhost sshd[1011]: Received disconnect from 43.255.190.157: 11:  [preauth]
Apr 13 05:03:41 ovzhost sshd[1011]: PAM 2 more authentication failures; logname= uid=0 euid=0 tty=ssh ruser= rhost=43.255.190.157  user=root
Apr 13 05:03:42 ovzhost sshd[1013]: pam_unix(sshd:auth): authentication failure; logname= uid=0 euid=0 tty=ssh ruser= rhost=58.218.199.49  user=root
Apr 13 05:03:42 ovzhost sshd[1015]: pam_unix(sshd:auth): authentication failure; logname= uid=0 euid=0 tty=ssh ruser= rhost=43.255.190.157  user=root
Apr 13 05:03:44 ovzhost sshd[1013]: Failed password for root from 58.218.199.49 port 42159 ssh2
Apr 13 05:03:44 ovzhost sshd[1015]: Failed password for root from 43.255.190.157 port 59810 ssh2
Apr 13 05:03:48 ovzhost sshd[1015]: message repeated 2 times: [ Failed password for root from 43.255.190.157 port 59810 ssh2]
Apr 13 05:03:49 ovzhost sshd[1015]: Received disconnect from 43.255.190.157: 11:  [preauth]
Apr 13 05:03:49 ovzhost sshd[1015]: PAM 2 more authentication failures; logname= uid=0 euid=0 tty=ssh ruser= rhost=43.255.190.157  user=root
Apr 13 05:03:48 ovzhost sshd[1013]: message repeated 2 times: [ Failed password for root from 58.218.199.49 port 42159 ssh2]
Apr 13 05:03:49 ovzhost sshd[1013]: Received disconnect from 58.218.199.49: 11:  [preauth]
Apr 13 05:03:49 ovzhost sshd[1013]: PAM 2 more authentication failures; logname= uid=0 euid=0 tty=ssh ruser= rhost=58.218.199.49  user=root
Apr 13 05:03:49 ovzhost sshd[1017]: pam_unix(sshd:auth): authentication failure; logname= uid=0 euid=0 tty=ssh ruser= rhost=43.255.190.157  user=root
Apr 13 05:03:51 ovzhost sshd[1019]: pam_unix(sshd:auth): authentication failure; logname= uid=0 euid=0 tty=ssh ruser= rhost=58.218.199.49  user=root
Apr 13 05:03:51 ovzhost sshd[1017]: Failed password for root from 43.255.190.157 port 50407 ssh2
Apr 13 05:03:52 ovzhost sshd[1019]: Failed password for root from 58.218.199.49 port 60984 ssh2
Apr 13 05:03:55 ovzhost sshd[1017]: message repeated 2 times: [ Failed password for root from 43.255.190.157 port 50407 ssh2]
Apr 13 05:03:55 ovzhost sshd[1017]: Received disconnect from 43.255.190.157: 11:  [preauth]
Apr 13 05:03:55 ovzhost sshd[1017]: PAM 2 more authentication failures; logname= uid=0 euid=0 tty=ssh ruser= rhost=43.255.190.157  user=root
Apr 13 05:03:55 ovzhost sshd[1021]: pam_unix(sshd:auth): authentication failure; logname= uid=0 euid=0 tty=ssh ruser= rhost=43.255.190.157  user=root
Apr 13 05:03:57 ovzhost sshd[1019]: message repeated 2 times: [ Failed password for root from 58.218.199.49 port 60984 ssh2]
Apr 13 05:03:57 ovzhost sshd[1019]: Received disconnect from 58.218.199.49: 11:  [preauth]
Apr 13 05:03:57 ovzhost sshd[1019]: PAM 2 more authentication failures; logname= uid=0 euid=0 tty=ssh ruser= rhost=58.218.199.49  user=root
Apr 13 05:03:58 ovzhost sshd[1021]: Failed password for root from 43.255.190.157 port 39355 ssh2
Apr 13 05:03:59 ovzhost sshd[1023]: pam_unix(sshd:auth): authentication failure; logname= uid=0 euid=0 tty=ssh ruser= rhost=58.218.199.49  user=root
Apr 13 05:04:01 ovzhost sshd[1023]: Failed password for root from 58.218.199.49 port 50614 ssh2
Apr 13 05:04:02 ovzhost sshd[1021]: message repeated 2 times: [ Failed password for root from 43.255.190.157 port 39355 ssh2]
Apr 13 05:04:02 ovzhost sshd[1021]: Received disconnect from 43.255.190.157: 11:  [preauth]
Apr 13 05:04:02 ovzhost sshd[1021]: PAM 2 more authentication failures; logname= uid=0 euid=0 tty=ssh ruser= rhost=43.255.190.157  user=root
Apr 13 05:04:03 ovzhost sshd[1025]: pam_unix(sshd:auth): authentication failure; logname= uid=0 euid=0 tty=ssh ruser= rhost=43.255.190.157  user=root
Apr 13 05:04:05 ovzhost sshd[1025]: Failed password for root from 43.255.190.157 port 58857 ssh2
Apr 13 05:04:07 ovzhost sshd[1023]: message repeated 2 times: [ Failed password for root from 58.218.199.49 port 50614 ssh2]
Apr 13 05:04:07 ovzhost sshd[1023]: Received disconnect from 58.218.199.49: 11:  [preauth]
Apr 13 05:04:07 ovzhost sshd[1023]: PAM 2 more authentication failures; logname= uid=0 euid=0 tty=ssh ruser= rhost=58.218.199.49  user=root
Apr 13 05:04:09 ovzhost sshd[1027]: pam_unix(sshd:auth): authentication failure; logname= uid=0 euid=0 tty=ssh ruser= rhost=58.218.199.49  user=root
Apr 13 05:04:09 ovzhost sshd[1025]: message repeated 2 times: [ Failed password for root from 43.255.190.157 port 58857 ssh2]
Apr 13 05:04:09 ovzhost sshd[1025]: Received disconnect from 43.255.190.157: 11:  [preauth]
Apr 13 05:04:09 ovzhost sshd[1025]: PAM 2 more authentication failures; logname= uid=0 euid=0 tty=ssh ruser= rhost=43.255.190.157  user=root
Apr 13 05:04:10 ovzhost sshd[1029]: pam_unix(sshd:auth): authentication failure; logname= uid=0 euid=0 tty=ssh ruser= rhost=43.255.190.157  user=root
Apr 13 05:04:11 ovzhost sshd[1027]: Failed password for root from 58.218.199.49 port 40246 ssh2
Apr 13 05:04:12 ovzhost sshd[1029]: Failed password for root from 43.255.190.157 port 47542 ssh2
Apr 13 05:04:15 ovzhost sshd[1027]: message repeated 2 times: [ Failed password for root from 58.218.199.49 port 40246 ssh2]
Apr 13 05:04:15 ovzhost sshd[1027]: Received disconnect from 58.218.199.49: 11:  [preauth]
Apr 13 05:04:15 ovzhost sshd[1027]: PAM 2 more authentication failures; logname= uid=0 euid=0 tty=ssh ruser= rhost=58.218.199.49  user=root
Apr 13 05:04:16 ovzhost sshd[1029]: message repeated 2 times: [ Failed password for root from 43.255.190.157 port 47542 ssh2]
Apr 13 05:04:16 ovzhost sshd[1029]: Received disconnect from 43.255.190.157: 11:  [preauth]
Apr 13 05:04:16 ovzhost sshd[1029]: PAM 2 more authentication failures; logname= uid=0 euid=0 tty=ssh ruser= rhost=43.255.190.157  user=root
Apr 13 05:04:17 ovzhost sshd[1033]: pam_unix(sshd:auth): authentication failure; logname= uid=0 euid=0 tty=ssh ruser= rhost=58.218.199.49  user=root
Apr 13 05:04:17 ovzhost sshd[1035]: pam_unix(sshd:auth): authentication failure; logname= uid=0 euid=0 tty=ssh ruser= rhost=43.255.190.157  user=root
Apr 13 05:04:18 ovzhost sshd[1033]: Failed password for root from 58.218.199.49 port 55948 ssh2
Apr 13 05:04:19 ovzhost sshd[1035]: Failed password for root from 43.255.190.157 port 35128 ssh2
Apr 13 05:04:23 ovzhost sshd[1035]: message repeated 2 times: [ Failed password for root from 43.255.190.157 port 35128 ssh2]
Apr 13 05:04:24 ovzhost sshd[1035]: Received disconnect from 43.255.190.157: 11:  [preauth]
Apr 13 05:04:24 ovzhost sshd[1035]: PAM 2 more authentication failures; logname= uid=0 euid=0 tty=ssh ruser= rhost=43.255.190.157  user=root
Apr 13 05:04:24 ovzhost sshd[1033]: message repeated 2 times: [ Failed password for root from 58.218.199.49 port 55948 ssh2]
Apr 13 05:04:24 ovzhost sshd[1033]: Received disconnect from 58.218.199.49: 11:  [preauth]
Apr 13 05:04:24 ovzhost sshd[1033]: PAM 2 more authentication failures; logname= uid=0 euid=0 tty=ssh ruser= rhost=58.218.199.49  user=root
Apr 13 05:04:24 ovzhost sshd[1039]: pam_unix(sshd:auth): authentication failure; logname= uid=0 euid=0 tty=ssh ruser= rhost=43.255.190.157  user=root
Apr 13 05:04:26 ovzhost sshd[1041]: pam_unix(sshd:auth): authentication failure; logname= uid=0 euid=0 tty=ssh ruser= rhost=58.218.199.49  user=root
Apr 13 05:04:26 ovzhost sshd[1039]: Failed password for root from 43.255.190.157 port 50224 ssh2
Apr 13 05:04:28 ovzhost sshd[1041]: Failed password for root from 58.218.199.49 port 47141 ssh2
Apr 13 05:04:30 ovzhost sshd[1039]: message repeated 2 times: [ Failed password for root from 43.255.190.157 port 50224 ssh2]
Apr 13 05:04:30 ovzhost sshd[1039]: Received disconnect from 43.255.190.157: 11:  [preauth]
Apr 13 05:04:30 ovzhost sshd[1039]: PAM 2 more authentication failures; logname= uid=0 euid=0 tty=ssh ruser= rhost=43.255.190.157  user=root
Apr 13 05:04:31 ovzhost sshd[1045]: pam_unix(sshd:auth): authentication failure; logname= uid=0 euid=0 tty=ssh ruser= rhost=43.255.190.157  user=root
Apr 13 05:04:33 ovzhost sshd[1041]: message repeated 2 times: [ Failed password for root from 58.218.199.49 port 47141 ssh2]
Apr 13 05:04:33 ovzhost sshd[1041]: Received disconnect from 58.218.199.49: 11:  [preauth]
Apr 13 05:04:33 ovzhost sshd[1041]: PAM 2 more authentication failures; logname= uid=0 euid=0 tty=ssh ruser= rhost=58.218.199.49  user=root
Apr 13 05:04:33 ovzhost sshd[1045]: Failed password for root from 43.255.190.157 port 36773 ssh2
Apr 13 05:04:35 ovzhost sshd[1047]: pam_unix(sshd:auth): authentication failure; logname= uid=0 euid=0 tty=ssh ruser= rhost=58.218.199.49  user=root
Apr 13 05:04:36 ovzhost sshd[1047]: Failed password for root from 58.218.199.49 port 39985 ssh2
Apr 13 05:04:37 ovzhost sshd[1045]: message repeated 2 times: [ Failed password for root from 43.255.190.157 port 36773 ssh2]
Apr 13 05:04:37 ovzhost sshd[1045]: Received disconnect from 43.255.190.157: 11:  [preauth]
Apr 13 05:04:37 ovzhost sshd[1045]: PAM 2 more authentication failures; logname= uid=0 euid=0 tty=ssh ruser= rhost=43.255.190.157  user=root
Apr 13 05:04:38 ovzhost sshd[1049]: pam_unix(sshd:auth): authentication failure; logname= uid=0 euid=0 tty=ssh ruser= rhost=43.255.190.157  user=root
Apr 13 05:04:40 ovzhost sshd[1049]: Failed password for root from 43.255.190.157 port 50926 ssh2
Apr 13 05:04:41 ovzhost sshd[1047]: message repeated 2 times: [ Failed password for root from 58.218.199.49 port 39985 ssh2]
Apr 13 05:04:42 ovzhost sshd[1047]: Received disconnect from 58.218.199.49: 11:  [preauth]
Apr 13 05:04:42 ovzhost sshd[1047]: PAM 2 more authentication failures; logname= uid=0 euid=0 tty=ssh ruser= rhost=58.218.199.49  user=root
Apr 13 05:04:43 ovzhost sshd[1051]: pam_unix(sshd:auth): authentication failure; logname= uid=0 euid=0 tty=ssh ruser= rhost=58.218.199.49  user=root
Apr 13 05:04:45 ovzhost sshd[1049]: message repeated 2 times: [ Failed password for root from 43.255.190.157 port 50926 ssh2]
Apr 13 05:04:45 ovzhost sshd[1049]: Received disconnect from 43.255.190.157: 11:  [preauth]
Apr 13 05:04:45 ovzhost sshd[1049]: PAM 2 more authentication failures; logname= uid=0 euid=0 tty=ssh ruser= rhost=43.255.190.157  user=root
Apr 13 05:04:45 ovzhost sshd[1053]: pam_unix(sshd:auth): authentication failure; logname= uid=0 euid=0 tty=ssh ruser= rhost=43.255.190.157  user=root
Apr 13 05:04:46 ovzhost sshd[1051]: Failed password for root from 58.218.199.49 port 58044 ssh2
Apr 13 05:04:47 ovzhost sshd[1053]: Failed password for root from 43.255.190.157 port 39829 ssh2
Apr 13 05:04:50 ovzhost sshd[1051]: message repeated 2 times: [ Failed password for root from 58.218.199.49 port 58044 ssh2]
Apr 13 05:04:50 ovzhost sshd[1051]: Received disconnect from 58.218.199.49: 11:  [preauth]
Apr 13 05:04:50 ovzhost sshd[1051]: PAM 2 more authentication failures; logname= uid=0 euid=0 tty=ssh ruser= rhost=58.218.199.49  user=root
Apr 13 05:04:51 ovzhost sshd[1053]: message repeated 2 times: [ Failed password for root from 43.255.190.157 port 39829 ssh2]
Apr 13 05:04:51 ovzhost sshd[1053]: Received disconnect from 43.255.190.157: 11:  [preauth]
Apr 13 05:04:51 ovzhost sshd[1053]: PAM 2 more authentication failures; logname= uid=0 euid=0 tty=ssh ruser= rhost=43.255.190.157  user=root
Apr 13 05:04:52 ovzhost sshd[1057]: pam_unix(sshd:auth): authentication failure; logname= uid=0 euid=0 tty=ssh ruser= rhost=43.255.190.157  user=root
Apr 13 05:04:52 ovzhost sshd[1055]: pam_unix(sshd:auth): authentication failure; logname= uid=0 euid=0 tty=ssh ruser= rhost=58.218.199.49  user=root
Apr 13 05:04:54 ovzhost sshd[1057]: Failed password for root from 43.255.190.157 port 53548 ssh2
Apr 13 05:04:54 ovzhost sshd[1055]: Failed password for root from 58.218.199.49 port 49120 ssh2
Apr 13 05:04:58 ovzhost sshd[1055]: message repeated 2 times: [ Failed password for root from 58.218.199.49 port 49120 ssh2]
Apr 13 05:04:59 ovzhost sshd[1055]: Received disconnect from 58.218.199.49: 11:  [preauth]
Apr 13 05:04:59 ovzhost sshd[1055]: PAM 2 more authentication failures; logname= uid=0 euid=0 tty=ssh ruser= rhost=58.218.199.49  user=root
Apr 13 05:04:59 ovzhost sshd[1057]: message repeated 2 times: [ Failed password for root from 43.255.190.157 port 53548 ssh2]
Apr 13 05:04:59 ovzhost sshd[1057]: Received disconnect from 43.255.190.157: 11:  [preauth]
Apr 13 05:04:59 ovzhost sshd[1057]: PAM 2 more authentication failures; logname= uid=0 euid=0 tty=ssh ruser= rhost=43.255.190.157  user=root
Apr 13 05:05:00 ovzhost sshd[1059]: pam_unix(sshd:auth): authentication failure; logname= uid=0 euid=0 tty=ssh ruser= rhost=43.255.190.157  user=root
Apr 13 05:05:01 ovzhost sshd[1060]: pam_unix(sshd:auth): authentication failure; logname= uid=0 euid=0 tty=ssh ruser= rhost=58.218.199.49  user=root
Apr 13 05:05:01 ovzhost sshd[1059]: Failed password for root from 43.255.190.157 port 42145 ssh2
Apr 13 05:05:02 ovzhost sshd[1060]: Failed password for root from 58.218.199.49 port 39222 ssh2
Apr 13 05:05:06 ovzhost sshd[1059]: message repeated 2 times: [ Failed password for root from 43.255.190.157 port 42145 ssh2]
Apr 13 05:05:06 ovzhost sshd[1059]: Received disconnect from 43.255.190.157: 11:  [preauth]
Apr 13 05:05:06 ovzhost sshd[1059]: PAM 2 more authentication failures; logname= uid=0 euid=0 tty=ssh ruser= rhost=43.255.190.157  user=root
Apr 13 05:05:06 ovzhost sshd[1063]: pam_unix(sshd:auth): authentication failure; logname= uid=0 euid=0 tty=ssh ruser= rhost=43.255.190.157  user=root
Apr 13 05:05:07 ovzhost sshd[1060]: message repeated 2 times: [ Failed password for root from 58.218.199.49 port 39222 ssh2]
Apr 13 05:05:07 ovzhost sshd[1060]: Received disconnect from 58.218.199.49: 11:  [preauth]
Apr 13 05:05:07 ovzhost sshd[1060]: PAM 2 more authentication failures; logname= uid=0 euid=0 tty=ssh ruser= rhost=58.218.199.49  user=root
Apr 13 05:05:08 ovzhost sshd[1063]: Failed password for root from 43.255.190.157 port 56972 ssh2
Apr 13 05:05:09 ovzhost sshd[1065]: pam_unix(sshd:auth): authentication failure; logname= uid=0 euid=0 tty=ssh ruser= rhost=58.218.199.49  user=root
Apr 13 05:05:11 ovzhost sshd[1065]: Failed password for root from 58.218.199.49 port 58513 ssh2
Apr 13 05:05:12 ovzhost sshd[1063]: message repeated 2 times: [ Failed password for root from 43.255.190.157 port 56972 ssh2]
Apr 13 05:05:12 ovzhost sshd[1063]: Received disconnect from 43.255.190.157: 11:  [preauth]
Apr 13 05:05:12 ovzhost sshd[1063]: PAM 2 more authentication failures; logname= uid=0 euid=0 tty=ssh ruser= rhost=43.255.190.157  user=root
Apr 13 05:05:13 ovzhost sshd[1067]: pam_unix(sshd:auth): authentication failure; logname= uid=0 euid=0 tty=ssh ruser= rhost=43.255.190.157  user=root
Apr 13 05:05:15 ovzhost sshd[1067]: Failed password for root from 43.255.190.157 port 43045 ssh2
Apr 13 05:05:15 ovzhost sshd[1065]: message repeated 2 times: [ Failed password for root from 58.218.199.49 port 58513 ssh2]
Apr 13 05:05:15 ovzhost sshd[1065]: Received disconnect from 58.218.199.49: 11:  [preauth]
Apr 13 05:05:15 ovzhost sshd[1065]: PAM 2 more authentication failures; logname= uid=0 euid=0 tty=ssh ruser= rhost=58.218.199.49  user=root
Apr 13 05:05:17 ovzhost sshd[1070]: pam_unix(sshd:auth): authentication failure; logname= uid=0 euid=0 tty=ssh ruser= rhost=58.218.199.49  user=root
Apr 13 05:05:19 ovzhost sshd[1070]: Failed password for root from 58.218.199.49 port 47525 ssh2
Apr 13 05:05:20 ovzhost sshd[1067]: message repeated 2 times: [ Failed password for root from 43.255.190.157 port 43045 ssh2]
Apr 13 05:05:20 ovzhost sshd[1067]: Received disconnect from 43.255.190.157: 11:  [preauth]
Apr 13 05:05:20 ovzhost sshd[1067]: PAM 2 more authentication failures; logname= uid=0 euid=0 tty=ssh ruser= rhost=43.255.190.157  user=root
Apr 13 05:05:20 ovzhost sshd[1072]: pam_unix(sshd:auth): authentication failure; logname= uid=0 euid=0 tty=ssh ruser= rhost=43.255.190.157  user=root
Apr 13 05:05:23 ovzhost sshd[1072]: Failed password for root from 43.255.190.157 port 57477 ssh2
Apr 13 05:05:23 ovzhost sshd[1070]: message repeated 2 times: [ Failed password for root from 58.218.199.49 port 47525 ssh2]
Apr 13 05:05:24 ovzhost sshd[1070]: Received disconnect from 58.218.199.49: 11:  [preauth]
Apr 13 05:05:24 ovzhost sshd[1070]: PAM 2 more authentication failures; logname= uid=0 euid=0 tty=ssh ruser= rhost=58.218.199.49  user=root
Apr 13 05:05:26 ovzhost sshd[1074]: pam_unix(sshd:auth): authentication failure; logname= uid=0 euid=0 tty=ssh ruser= rhost=58.218.199.49  user=root
Apr 13 05:05:26 ovzhost sshd[1072]: message repeated 2 times: [ Failed password for root from 43.255.190.157 port 57477 ssh2]
Apr 13 05:05:26 ovzhost sshd[1072]: Received disconnect from 43.255.190.157: 11:  [preauth]
Apr 13 05:05:26 ovzhost sshd[1072]: PAM 2 more authentication failures; logname= uid=0 euid=0 tty=ssh ruser= rhost=43.255.190.157  user=root
Apr 13 05:05:27 ovzhost sshd[1076]: pam_unix(sshd:auth): authentication failure; logname= uid=0 euid=0 tty=ssh ruser= rhost=43.255.190.157  user=root
Apr 13 05:05:28 ovzhost sshd[1074]: Failed password for root from 58.218.199.49 port 39006 ssh2
Apr 13 05:05:30 ovzhost sshd[1076]: Failed password for root from 43.255.190.157 port 43353 ssh2
Apr 13 05:05:33 ovzhost sshd[1074]: message repeated 2 times: [ Failed password for root from 58.218.199.49 port 39006 ssh2]
Apr 13 05:05:33 ovzhost sshd[1074]: Received disconnect from 58.218.199.49: 11:  [preauth]
Apr 13 05:05:33 ovzhost sshd[1074]: PAM 2 more authentication failures; logname= uid=0 euid=0 tty=ssh ruser= rhost=58.218.199.49  user=root
Apr 13 05:05:33 ovzhost sshd[1076]: message repeated 2 times: [ Failed password for root from 43.255.190.157 port 43353 ssh2]
Apr 13 05:05:33 ovzhost sshd[1076]: Received disconnect from 43.255.190.157: 11:  [preauth]
Apr 13 05:05:33 ovzhost sshd[1076]: PAM 2 more authentication failures; logname= uid=0 euid=0 tty=ssh ruser= rhost=43.255.190.157  user=root
Apr 13 05:05:35 ovzhost sshd[1078]: pam_unix(sshd:auth): authentication failure; logname= uid=0 euid=0 tty=ssh ruser= rhost=58.218.199.49  user=root
Apr 13 05:05:36 ovzhost sshd[1078]: Failed password for root from 58.218.199.49 port 58177 ssh2
Apr 13 05:05:36 ovzhost sshd[1080]: pam_unix(sshd:auth): authentication failure; logname= uid=0 euid=0 tty=ssh ruser= rhost=43.255.190.157  user=root
Apr 13 05:05:38 ovzhost sshd[1080]: Failed password for root from 43.255.190.157 port 58356 ssh2
Apr 13 05:05:41 ovzhost sshd[1078]: message repeated 2 times: [ Failed password for root from 58.218.199.49 port 58177 ssh2]
Apr 13 05:05:41 ovzhost sshd[1078]: Received disconnect from 58.218.199.49: 11:  [preauth]
Apr 13 05:05:41 ovzhost sshd[1078]: PAM 2 more authentication failures; logname= uid=0 euid=0 tty=ssh ruser= rhost=58.218.199.49  user=root
Apr 13 05:05:42 ovzhost sshd[1080]: message repeated 2 times: [ Failed password for root from 43.255.190.157 port 58356 ssh2]
Apr 13 05:05:43 ovzhost sshd[1080]: Received disconnect from 43.255.190.157: 11:  [preauth]
Apr 13 05:05:43 ovzhost sshd[1080]: PAM 2 more authentication failures; logname= uid=0 euid=0 tty=ssh ruser= rhost=43.255.190.157  user=root
Apr 13 05:05:43 ovzhost sshd[1084]: pam_unix(sshd:auth): authentication failure; logname= uid=0 euid=0 tty=ssh ruser= rhost=43.255.190.157  user=root
Apr 13 05:05:43 ovzhost sshd[1082]: pam_unix(sshd:auth): authentication failure; logname= uid=0 euid=0 tty=ssh ruser= rhost=58.218.199.49  user=root
Apr 13 05:05:45 ovzhost sshd[1084]: Failed password for root from 43.255.190.157 port 49114 ssh2
Apr 13 05:05:45 ovzhost sshd[1082]: Failed password for root from 58.218.199.49 port 48481 ssh2
Apr 13 05:05:49 ovzhost sshd[1084]: message repeated 2 times: [ Failed password for root from 43.255.190.157 port 49114 ssh2]
Apr 13 05:05:49 ovzhost sshd[1084]: Received disconnect from 43.255.190.157: 11:  [preauth]
Apr 13 05:05:49 ovzhost sshd[1084]: PAM 2 more authentication failures; logname= uid=0 euid=0 tty=ssh ruser= rhost=43.255.190.157  user=root
Apr 13 05:05:49 ovzhost sshd[1086]: pam_unix(sshd:auth): authentication failure; logname= uid=0 euid=0 tty=ssh ruser= rhost=43.255.190.157  user=root
Apr 13 05:05:49 ovzhost sshd[1082]: message repeated 2 times: [ Failed password for root from 58.218.199.49 port 48481 ssh2]
Apr 13 05:05:50 ovzhost sshd[1082]: Received disconnect from 58.218.199.49: 11:  [preauth]
Apr 13 05:05:50 ovzhost sshd[1082]: PAM 2 more authentication failures; logname= uid=0 euid=0 tty=ssh ruser= rhost=58.218.199.49  user=root
Apr 13 05:05:51 ovzhost sshd[1086]: Failed password for root from 43.255.190.157 port 34124 ssh2
Apr 13 05:05:51 ovzhost sshd[1088]: pam_unix(sshd:auth): authentication failure; logname= uid=0 euid=0 tty=ssh ruser= rhost=58.218.199.49  user=root
Apr 13 05:05:54 ovzhost sshd[1088]: Failed password for root from 58.218.199.49 port 38704 ssh2
Apr 13 05:05:55 ovzhost sshd[1086]: message repeated 2 times: [ Failed password for root from 43.255.190.157 port 34124 ssh2]
Apr 13 05:05:56 ovzhost sshd[1086]: Received disconnect from 43.255.190.157: 11:  [preauth]
Apr 13 05:05:56 ovzhost sshd[1086]: PAM 2 more authentication failures; logname= uid=0 euid=0 tty=ssh ruser= rhost=43.255.190.157  user=root
Apr 13 05:05:56 ovzhost sshd[1090]: pam_unix(sshd:auth): authentication failure; logname= uid=0 euid=0 tty=ssh ruser= rhost=43.255.190.157  user=root
Apr 13 05:05:58 ovzhost sshd[1090]: Failed password for root from 43.255.190.157 port 47629 ssh2
Apr 13 05:05:58 ovzhost sshd[1088]: message repeated 2 times: [ Failed password for root from 58.218.199.49 port 38704 ssh2]
Apr 13 05:05:58 ovzhost sshd[1088]: Received disconnect from 58.218.199.49: 11:  [preauth]
Apr 13 05:05:58 ovzhost sshd[1088]: PAM 2 more authentication failures; logname= uid=0 euid=0 tty=ssh ruser= rhost=58.218.199.49  user=root
Apr 13 05:06:00 ovzhost sshd[1092]: pam_unix(sshd:auth): authentication failure; logname= uid=0 euid=0 tty=ssh ruser= rhost=58.218.199.49  user=root
Apr 13 05:06:01 ovzhost sshd[1090]: message repeated 2 times: [ Failed password for root from 43.255.190.157 port 47629 ssh2]
Apr 13 05:06:01 ovzhost sshd[1090]: Received disconnect from 43.255.190.157: 11:  [preauth]
Apr 13 05:06:01 ovzhost sshd[1090]: PAM 2 more authentication failures; logname= uid=0 euid=0 tty=ssh ruser= rhost=43.255.190.157  user=root
Apr 13 05:06:01 ovzhost sshd[1092]: Failed password for root from 58.218.199.49 port 58128 ssh2
Apr 13 05:06:02 ovzhost sshd[1094]: pam_unix(sshd:auth): authentication failure; logname= uid=0 euid=0 tty=ssh ruser= rhost=43.255.190.157  user=root
Apr 13 05:06:04 ovzhost sshd[1094]: Failed password for root from 43.255.190.157 port 59328 ssh2
Apr 13 05:06:06 ovzhost sshd[1092]: message repeated 2 times: [ Failed password for root from 58.218.199.49 port 58128 ssh2]
Apr 13 05:06:07 ovzhost sshd[1092]: Received disconnect from 58.218.199.49: 11:  [preauth]
Apr 13 05:06:07 ovzhost sshd[1092]: PAM 2 more authentication failures; logname= uid=0 euid=0 tty=ssh ruser= rhost=58.218.199.49  user=root
Apr 13 05:06:08 ovzhost sshd[1096]: pam_unix(sshd:auth): authentication failure; logname= uid=0 euid=0 tty=ssh ruser= rhost=58.218.199.49  user=root
Apr 13 05:06:08 ovzhost sshd[1094]: message repeated 2 times: [ Failed password for root from 43.255.190.157 port 59328 ssh2]
Apr 13 05:06:08 ovzhost sshd[1094]: Received disconnect from 43.255.190.157: 11:  [preauth]
Apr 13 05:06:08 ovzhost sshd[1094]: PAM 2 more authentication failures; logname= uid=0 euid=0 tty=ssh ruser= rhost=43.255.190.157  user=root
Apr 13 05:06:09 ovzhost sshd[1098]: pam_unix(sshd:auth): authentication failure; logname= uid=0 euid=0 tty=ssh ruser= rhost=43.255.190.157  user=root
Apr 13 05:06:10 ovzhost sshd[1096]: Failed password for root from 58.218.199.49 port 47757 ssh2
Apr 13 05:06:11 ovzhost sshd[1098]: Failed password for root from 43.255.190.157 port 45134 ssh2
Apr 13 05:06:14 ovzhost sshd[1096]: message repeated 2 times: [ Failed password for root from 58.218.199.49 port 47757 ssh2]
Apr 13 05:06:14 ovzhost sshd[1096]: Received disconnect from 58.218.199.49: 11:  [preauth]
Apr 13 05:06:14 ovzhost sshd[1096]: PAM 2 more authentication failures; logname= uid=0 euid=0 tty=ssh ruser= rhost=58.218.199.49  user=root
Apr 13 05:06:15 ovzhost sshd[1098]: message repeated 2 times: [ Failed password for root from 43.255.190.157 port 45134 ssh2]
Apr 13 05:06:15 ovzhost sshd[1098]: Received disconnect from 43.255.190.157: 11:  [preauth]
Apr 13 05:06:15 ovzhost sshd[1098]: PAM 2 more authentication failures; logname= uid=0 euid=0 tty=ssh ruser= rhost=43.255.190.157  user=root
Apr 13 05:06:16 ovzhost sshd[1102]: pam_unix(sshd:auth): authentication failure; logname= uid=0 euid=0 tty=ssh ruser= rhost=43.255.190.157  user=root
Apr 13 05:06:16 ovzhost sshd[1100]: pam_unix(sshd:auth): authentication failure; logname= uid=0 euid=0 tty=ssh ruser= rhost=58.218.199.49  user=root
Apr 13 05:06:18 ovzhost sshd[1102]: Failed password for root from 43.255.190.157 port 58491 ssh2
Apr 13 05:06:18 ovzhost sshd[1100]: Failed password for root from 58.218.199.49 port 37441 ssh2
Apr 13 05:06:21 ovzhost sshd[1102]: message repeated 2 times: [ Failed password for root from 43.255.190.157 port 58491 ssh2]
Apr 13 05:06:21 ovzhost sshd[1102]: Received disconnect from 43.255.190.157: 11:  [preauth]
Apr 13 05:06:21 ovzhost sshd[1102]: PAM 2 more authentication failures; logname= uid=0 euid=0 tty=ssh ruser= rhost=43.255.190.157  user=root
Apr 13 05:06:22 ovzhost sshd[1100]: message repeated 2 times: [ Failed password for root from 58.218.199.49 port 37441 ssh2]
Apr 13 05:06:22 ovzhost sshd[1100]: Received disconnect from 58.218.199.49: 11:  [preauth]
Apr 13 05:06:22 ovzhost sshd[1100]: PAM 2 more authentication failures; logname= uid=0 euid=0 tty=ssh ruser= rhost=58.218.199.49  user=root
Apr 13 05:06:22 ovzhost sshd[1106]: pam_unix(sshd:auth): authentication failure; logname= uid=0 euid=0 tty=ssh ruser= rhost=43.255.190.157  user=root
Apr 13 05:06:24 ovzhost sshd[1108]: pam_unix(sshd:auth): authentication failure; logname= uid=0 euid=0 tty=ssh ruser= rhost=58.218.199.49  user=root
Apr 13 05:06:24 ovzhost sshd[1106]: Failed password for root from 43.255.190.157 port 42770 ssh2
Apr 13 05:06:26 ovzhost sshd[1108]: Failed password for root from 58.218.199.49 port 55005 ssh2
Apr 13 05:06:28 ovzhost sshd[1106]: message repeated 2 times: [ Failed password for root from 43.255.190.157 port 42770 ssh2]
Apr 13 05:06:28 ovzhost sshd[1106]: Received disconnect from 43.255.190.157: 11:  [preauth]
Apr 13 05:06:28 ovzhost sshd[1106]: PAM 2 more authentication failures; logname= uid=0 euid=0 tty=ssh ruser= rhost=43.255.190.157  user=root
Apr 13 05:06:29 ovzhost sshd[1110]: pam_unix(sshd:auth): authentication failure; logname= uid=0 euid=0 tty=ssh ruser= rhost=43.255.190.157  user=root
Apr 13 05:06:30 ovzhost sshd[1110]: Failed password for root from 43.255.190.157 port 56368 ssh2
Apr 13 05:06:31 ovzhost sshd[1108]: message repeated 2 times: [ Failed password for root from 58.218.199.49 port 55005 ssh2]
Apr 13 05:06:31 ovzhost sshd[1108]: Received disconnect from 58.218.199.49: 11:  [preauth]
Apr 13 05:06:31 ovzhost sshd[1108]: PAM 2 more authentication failures; logname= uid=0 euid=0 tty=ssh ruser= rhost=58.218.199.49  user=root
Apr 13 05:06:33 ovzhost sshd[1112]: pam_unix(sshd:auth): authentication failure; logname= uid=0 euid=0 tty=ssh ruser= rhost=58.218.199.49  user=root
Apr 13 05:06:34 ovzhost sshd[1110]: message repeated 2 times: [ Failed password for root from 43.255.190.157 port 56368 ssh2]
Apr 13 05:06:34 ovzhost sshd[1110]: Received disconnect from 43.255.190.157: 11:  [preauth]
Apr 13 05:06:34 ovzhost sshd[1110]: PAM 2 more authentication failures; logname= uid=0 euid=0 tty=ssh ruser= rhost=43.255.190.157  user=root
Apr 13 05:06:35 ovzhost sshd[1114]: pam_unix(sshd:auth): authentication failure; logname= uid=0 euid=0 tty=ssh ruser= rhost=43.255.190.157  user=root
Apr 13 05:06:35 ovzhost sshd[1112]: Failed password for root from 58.218.199.49 port 48531 ssh2
Apr 13 05:06:37 ovzhost sshd[1114]: Failed password for root from 43.255.190.157 port 39777 ssh2
Apr 13 05:06:41 ovzhost sshd[1114]: message repeated 2 times: [ Failed password for root from 43.255.190.157 port 39777 ssh2]
Apr 13 05:06:41 ovzhost sshd[1114]: Received disconnect from 43.255.190.157: 11:  [preauth]
Apr 13 05:06:41 ovzhost sshd[1114]: PAM 2 more authentication failures; logname= uid=0 euid=0 tty=ssh ruser= rhost=43.255.190.157  user=root
Apr 13 05:06:41 ovzhost sshd[1118]: pam_unix(sshd:auth): authentication failure; logname= uid=0 euid=0 tty=ssh ruser= rhost=43.255.190.157  user=root
Apr 13 05:06:42 ovzhost sshd[1112]: message repeated 2 times: [ Failed password for root from 58.218.199.49 port 48531 ssh2]
Apr 13 05:06:43 ovzhost sshd[1112]: Received disconnect from 58.218.199.49: 11:  [preauth]
Apr 13 05:06:43 ovzhost sshd[1112]: PAM 2 more authentication failures; logname= uid=0 euid=0 tty=ssh ruser= rhost=58.218.199.49  user=root
Apr 13 05:06:43 ovzhost sshd[1118]: Failed password for root from 43.255.190.157 port 52138 ssh2
Apr 13 05:06:44 ovzhost sshd[1120]: pam_unix(sshd:auth): authentication failure; logname= uid=0 euid=0 tty=ssh ruser= rhost=58.218.199.49  user=root
Apr 13 05:06:46 ovzhost sshd[1120]: Failed password for root from 58.218.199.49 port 46163 ssh2
Apr 13 05:06:47 ovzhost sshd[1118]: message repeated 2 times: [ Failed password for root from 43.255.190.157 port 52138 ssh2]
Apr 13 05:06:48 ovzhost sshd[1118]: Received disconnect from 43.255.190.157: 11:  [preauth]
Apr 13 05:06:48 ovzhost sshd[1118]: PAM 2 more authentication failures; logname= uid=0 euid=0 tty=ssh ruser= rhost=43.255.190.157  user=root
Apr 13 05:06:48 ovzhost sshd[1122]: pam_unix(sshd:auth): authentication failure; logname= uid=0 euid=0 tty=ssh ruser= rhost=43.255.190.157  user=root
Apr 13 05:06:50 ovzhost sshd[1122]: Failed password for root from 43.255.190.157 port 36559 ssh2
Apr 13 05:06:50 ovzhost sshd[1120]: message repeated 2 times: [ Failed password for root from 58.218.199.49 port 46163 ssh2]
Apr 13 05:06:50 ovzhost sshd[1120]: Received disconnect from 58.218.199.49: 11:  [preauth]
Apr 13 05:06:50 ovzhost sshd[1120]: PAM 2 more authentication failures; logname= uid=0 euid=0 tty=ssh ruser= rhost=58.218.199.49  user=root
Apr 13 05:06:52 ovzhost sshd[1124]: pam_unix(sshd:auth): authentication failure; logname= uid=0 euid=0 tty=ssh ruser= rhost=58.218.199.49  user=root
Apr 13 05:06:54 ovzhost sshd[1122]: message repeated 2 times: [ Failed password for root from 43.255.190.157 port 36559 ssh2]
Apr 13 05:06:54 ovzhost sshd[1122]: Received disconnect from 43.255.190.157: 11:  [preauth]
Apr 13 05:06:54 ovzhost sshd[1122]: PAM 2 more authentication failures; logname= uid=0 euid=0 tty=ssh ruser= rhost=43.255.190.157  user=root
Apr 13 05:06:54 ovzhost sshd[1124]: Failed password for root from 58.218.199.49 port 36313 ssh2
Apr 13 05:06:55 ovzhost sshd[1126]: pam_unix(sshd:auth): authentication failure; logname= uid=0 euid=0 tty=ssh ruser= rhost=43.255.190.157  user=root
Apr 13 05:06:56 ovzhost sshd[1126]: Failed password for root from 43.255.190.157 port 49468 ssh2
Apr 13 05:06:59 ovzhost sshd[1124]: message repeated 2 times: [ Failed password for root from 58.218.199.49 port 36313 ssh2]
Apr 13 05:06:59 ovzhost sshd[1124]: Received disconnect from 58.218.199.49: 11:  [preauth]
Apr 13 05:06:59 ovzhost sshd[1124]: PAM 2 more authentication failures; logname= uid=0 euid=0 tty=ssh ruser= rhost=58.218.199.49  user=root
Apr 13 05:07:00 ovzhost sshd[1126]: message repeated 2 times: [ Failed password for root from 43.255.190.157 port 49468 ssh2]
Apr 13 05:07:00 ovzhost sshd[1126]: Received disconnect from 43.255.190.157: 11:  [preauth]
Apr 13 05:07:00 ovzhost sshd[1126]: PAM 2 more authentication failures; logname= uid=0 euid=0 tty=ssh ruser= rhost=43.255.190.157  user=root
Apr 13 05:07:01 ovzhost sshd[1130]: pam_unix(sshd:auth): authentication failure; logname= uid=0 euid=0 tty=ssh ruser= rhost=43.255.190.157  user=root
Apr 13 05:07:01 ovzhost sshd[1128]: pam_unix(sshd:auth): authentication failure; logname= uid=0 euid=0 tty=ssh ruser= rhost=58.218.199.49  user=root
Apr 13 05:07:03 ovzhost sshd[1130]: Failed password for root from 43.255.190.157 port 32775 ssh2
Apr 13 05:07:03 ovzhost sshd[1128]: Failed password for root from 58.218.199.49 port 56121 ssh2
Apr 13 05:07:07 ovzhost sshd[1130]: message repeated 2 times: [ Failed password for root from 43.255.190.157 port 32775 ssh2]
Apr 13 05:07:07 ovzhost sshd[1130]: Received disconnect from 43.255.190.157: 11:  [preauth]
Apr 13 05:07:07 ovzhost sshd[1130]: PAM 2 more authentication failures; logname= uid=0 euid=0 tty=ssh ruser= rhost=43.255.190.157  user=root
Apr 13 05:07:07 ovzhost sshd[1128]: message repeated 2 times: [ Failed password for root from 58.218.199.49 port 56121 ssh2]
Apr 13 05:07:08 ovzhost sshd[1128]: Received disconnect from 58.218.199.49: 11:  [preauth]
Apr 13 05:07:08 ovzhost sshd[1128]: PAM 2 more authentication failures; logname= uid=0 euid=0 tty=ssh ruser= rhost=58.218.199.49  user=root
Apr 13 05:07:08 ovzhost sshd[1132]: pam_unix(sshd:auth): authentication failure; logname= uid=0 euid=0 tty=ssh ruser= rhost=43.255.190.157  user=root
Apr 13 05:07:10 ovzhost sshd[1132]: Failed password for root from 43.255.190.157 port 45838 ssh2
Apr 13 05:07:15 ovzhost sshd[1132]: message repeated 2 times: [ Failed password for root from 43.255.190.157 port 45838 ssh2]
Apr 13 05:07:15 ovzhost sshd[1132]: Received disconnect from 43.255.190.157: 11:  [preauth]
Apr 13 05:07:15 ovzhost sshd[1132]: PAM 2 more authentication failures; logname= uid=0 euid=0 tty=ssh ruser= rhost=43.255.190.157  user=root
Apr 13 05:07:15 ovzhost sshd[1135]: pam_unix(sshd:auth): authentication failure; logname= uid=0 euid=0 tty=ssh ruser= rhost=43.255.190.157  user=root
Apr 13 05:07:17 ovzhost sshd[1135]: Failed password for root from 43.255.190.157 port 59846 ssh2
Apr 13 05:07:22 ovzhost sshd[1135]: message repeated 2 times: [ Failed password for root from 43.255.190.157 port 59846 ssh2]
Apr 13 05:07:22 ovzhost sshd[1135]: Received disconnect from 43.255.190.157: 11:  [preauth]
Apr 13 05:07:22 ovzhost sshd[1135]: PAM 2 more authentication failures; logname= uid=0 euid=0 tty=ssh ruser= rhost=43.255.190.157  user=root
Apr 13 05:07:22 ovzhost sshd[1137]: pam_unix(sshd:auth): authentication failure; logname= uid=0 euid=0 tty=ssh ruser= rhost=43.255.190.157  user=root
Apr 13 05:07:25 ovzhost sshd[1137]: Failed password for root from 43.255.190.157 port 44802 ssh2
Apr 13 05:07:29 ovzhost sshd[1137]: message repeated 2 times: [ Failed password for root from 43.255.190.157 port 44802 ssh2]
Apr 13 05:07:29 ovzhost sshd[1137]: Received disconnect from 43.255.190.157: 11:  [preauth]
Apr 13 05:07:29 ovzhost sshd[1137]: PAM 2 more authentication failures; logname= uid=0 euid=0 tty=ssh ruser= rhost=43.255.190.157  user=root
