Apr 12 21:50:44 ovzhost sshd[1207]: Failed password for root from 43.255.190.149 port 33827 ssh2
Apr 12 21:50:46 ovzhost sshd[1211]: Failed password for root from 43.255.190.169 port 59547 ssh2
Apr 12 21:50:47 ovzhost sshd[1209]: message repeated 2 times: [ Failed password for root from 43.255.190.149 port 33944 ssh2]
Apr 12 21:50:47 ovzhost sshd[1209]: Received disconnect from 43.255.190.149: 11:  [preauth]
Apr 12 21:50:47 ovzhost sshd[1209]: PAM 2 more authentication failures; logname= uid=0 euid=0 tty=ssh ruser= rhost=43.255.190.149  user=root
Apr 12 21:50:48 ovzhost sshd[1207]: message repeated 2 times: [ Failed password for root from 43.255.190.149 port 33827 ssh2]
Apr 12 21:50:48 ovzhost sshd[1207]: Received disconnect from 43.255.190.149: 11:  [preauth]
Apr 12 21:50:48 ovzhost sshd[1207]: PAM 2 more authentication failures; logname= uid=0 euid=0 tty=ssh ruser= rhost=43.255.190.149  user=root
Apr 12 21:50:49 ovzhost sshd[1213]: pam_unix(sshd:auth): authentication failure; logname= uid=0 euid=0 tty=ssh ruser= rhost=43.255.190.149  user=root
Apr 12 21:50:50 ovzhost sshd[1211]: message repeated 2 times: [ Failed password for root from 43.255.190.169 port 59547 ssh2]
Apr 12 21:50:50 ovzhost sshd[1211]: Received disconnect from 43.255.190.169: 11:  [preauth]
Apr 12 21:50:50 ovzhost sshd[1211]: PAM 2 more authentication failures; logname= uid=0 euid=0 tty=ssh ruser= rhost=43.255.190.169  user=root
Apr 12 21:50:50 ovzhost sshd[1217]: pam_unix(sshd:auth): authentication failure; logname= uid=0 euid=0 tty=ssh ruser= rhost=43.255.190.169  user=root
Apr 12 21:50:51 ovzhost sshd[1213]: Failed password for root from 43.255.190.149 port 42989 ssh2
Apr 12 21:50:53 ovzhost sshd[1217]: Failed password for root from 43.255.190.169 port 47242 ssh2
Apr 12 21:50:55 ovzhost sshd[1213]: message repeated 2 times: [ Failed password for root from 43.255.190.149 port 42989 ssh2]
Apr 12 21:50:55 ovzhost sshd[1213]: Received disconnect from 43.255.190.149: 11:  [preauth]
Apr 12 21:50:55 ovzhost sshd[1213]: PAM 2 more authentication failures; logname= uid=0 euid=0 tty=ssh ruser= rhost=43.255.190.149  user=root
Apr 12 21:50:56 ovzhost sshd[1221]: pam_unix(sshd:auth): authentication failure; logname= uid=0 euid=0 tty=ssh ruser= rhost=43.255.190.149  user=root
Apr 12 21:50:56 ovzhost sshd[1215]: pam_unix(sshd:auth): authentication failure; logname= uid=0 euid=0 tty=ssh ruser= rhost=43.255.190.149  user=root
Apr 12 21:50:57 ovzhost sshd[1217]: message repeated 2 times: [ Failed password for root from 43.255.190.169 port 47242 ssh2]
Apr 12 21:50:57 ovzhost sshd[1217]: Received disconnect from 43.255.190.169: 11:  [preauth]
Apr 12 21:50:57 ovzhost sshd[1217]: PAM 2 more authentication failures; logname= uid=0 euid=0 tty=ssh ruser= rhost=43.255.190.169  user=root
Apr 12 21:50:57 ovzhost sshd[1223]: pam_unix(sshd:auth): authentication failure; logname= uid=0 euid=0 tty=ssh ruser= rhost=43.255.190.169  user=root
Apr 12 21:50:57 ovzhost sshd[1221]: Failed password for root from 43.255.190.149 port 52956 ssh2
Apr 12 21:50:57 ovzhost sshd[1215]: Failed password for root from 43.255.190.149 port 44198 ssh2
Apr 12 21:51:00 ovzhost sshd[1223]: Failed password for root from 43.255.190.169 port 37004 ssh2
Apr 12 21:51:01 ovzhost sshd[1215]: message repeated 2 times: [ Failed password for root from 43.255.190.149 port 44198 ssh2]
Apr 12 21:51:02 ovzhost sshd[1215]: Received disconnect from 43.255.190.149: 11:  [preauth]
Apr 12 21:51:02 ovzhost sshd[1215]: PAM 2 more authentication failures; logname= uid=0 euid=0 tty=ssh ruser= rhost=43.255.190.149  user=root
Apr 12 21:51:02 ovzhost sshd[1221]: message repeated 2 times: [ Failed password for root from 43.255.190.149 port 52956 ssh2]
Apr 12 21:51:02 ovzhost sshd[1221]: Received disconnect from 43.255.190.149: 11:  [preauth]
Apr 12 21:51:02 ovzhost sshd[1221]: PAM 2 more authentication failures; logname= uid=0 euid=0 tty=ssh ruser= rhost=43.255.190.149  user=root
Apr 12 21:51:04 ovzhost sshd[1227]: pam_unix(sshd:auth): authentication failure; logname= uid=0 euid=0 tty=ssh ruser= rhost=43.255.190.149  user=root
Apr 12 21:51:05 ovzhost sshd[1223]: message repeated 2 times: [ Failed password for root from 43.255.190.169 port 37004 ssh2]
Apr 12 21:51:05 ovzhost sshd[1223]: Received disconnect from 43.255.190.169: 11:  [preauth]
Apr 12 21:51:05 ovzhost sshd[1223]: PAM 2 more authentication failures; logname= uid=0 euid=0 tty=ssh ruser= rhost=43.255.190.169  user=root
Apr 12 21:51:05 ovzhost sshd[1229]: pam_unix(sshd:auth): authentication failure; logname= uid=0 euid=0 tty=ssh ruser= rhost=43.255.190.169  user=root
Apr 12 21:51:06 ovzhost sshd[1227]: Failed password for root from 43.255.190.149 port 60792 ssh2
Apr 12 21:51:07 ovzhost sshd[1229]: Failed password for root from 43.255.190.169 port 57962 ssh2
Apr 12 21:51:08 ovzhost sshd[1225]: pam_unix(sshd:auth): authentication failure; logname= uid=0 euid=0 tty=ssh ruser= rhost=43.255.190.149  user=root
Apr 12 21:51:09 ovzhost sshd[1227]: message repeated 2 times: [ Failed password for root from 43.255.190.149 port 60792 ssh2]
Apr 12 21:51:09 ovzhost sshd[1227]: Received disconnect from 43.255.190.149: 11:  [preauth]
Apr 12 21:51:09 ovzhost sshd[1227]: PAM 2 more authentication failures; logname= uid=0 euid=0 tty=ssh ruser= rhost=43.255.190.149  user=root
Apr 12 21:51:10 ovzhost sshd[1225]: Failed password for root from 43.255.190.149 port 33652 ssh2
Apr 12 21:51:10 ovzhost sshd[1229]: message repeated 2 times: [ Failed password for root from 43.255.190.169 port 57962 ssh2]
Apr 12 21:51:10 ovzhost sshd[1229]: Received disconnect from 43.255.190.169: 11:  [preauth]
Apr 12 21:51:10 ovzhost sshd[1229]: PAM 2 more authentication failures; logname= uid=0 euid=0 tty=ssh ruser= rhost=43.255.190.169  user=root
Apr 12 21:51:11 ovzhost sshd[1233]: pam_unix(sshd:auth): authentication failure; logname= uid=0 euid=0 tty=ssh ruser= rhost=43.255.190.169  user=root
Apr 12 21:51:13 ovzhost sshd[1233]: Failed password for root from 43.255.190.169 port 44451 ssh2
Apr 12 21:51:13 ovzhost sshd[1231]: pam_unix(sshd:auth): authentication failure; logname= uid=0 euid=0 tty=ssh ruser= rhost=43.255.190.149  user=root
Apr 12 21:51:14 ovzhost sshd[1225]: message repeated 2 times: [ Failed password for root from 43.255.190.149 port 33652 ssh2]
Apr 12 21:51:14 ovzhost sshd[1225]: Received disconnect from 43.255.190.149: 11:  [preauth]
Apr 12 21:51:14 ovzhost sshd[1225]: PAM 2 more authentication failures; logname= uid=0 euid=0 tty=ssh ruser= rhost=43.255.190.149  user=root
Apr 12 21:51:15 ovzhost sshd[1235]: pam_unix(sshd:auth): authentication failure; logname= uid=0 euid=0 tty=ssh ruser= rhost=43.255.190.149  user=root
Apr 12 21:51:16 ovzhost sshd[1231]: Failed password for root from 43.255.190.149 port 42059 ssh2
Apr 12 21:51:17 ovzhost sshd[1235]: Failed password for root from 43.255.190.149 port 46541 ssh2
Apr 12 21:51:18 ovzhost sshd[1233]: message repeated 2 times: [ Failed password for root from 43.255.190.169 port 44451 ssh2]
Apr 12 21:51:18 ovzhost sshd[1233]: Received disconnect from 43.255.190.169: 11:  [preauth]
Apr 12 21:51:18 ovzhost sshd[1233]: PAM 2 more authentication failures; logname= uid=0 euid=0 tty=ssh ruser= rhost=43.255.190.169  user=root
Apr 12 21:51:18 ovzhost sshd[1231]: message repeated 2 times: [ Failed password for root from 43.255.190.149 port 42059 ssh2]
Apr 12 21:51:18 ovzhost sshd[1231]: Received disconnect from 43.255.190.149: 11:  [preauth]
Apr 12 21:51:18 ovzhost sshd[1231]: PAM 2 more authentication failures; logname= uid=0 euid=0 tty=ssh ruser= rhost=43.255.190.149  user=root
Apr 12 21:51:19 ovzhost sshd[1237]: pam_unix(sshd:auth): authentication failure; logname= uid=0 euid=0 tty=ssh ruser= rhost=43.255.190.169  user=root
Apr 12 21:51:19 ovzhost sshd[1239]: pam_unix(sshd:auth): authentication failure; logname= uid=0 euid=0 tty=ssh ruser= rhost=43.255.190.149  user=root
Apr 12 21:51:20 ovzhost sshd[1237]: Failed password for root from 43.255.190.169 port 34613 ssh2
Apr 12 21:51:20 ovzhost sshd[1235]: message repeated 2 times: [ Failed password for root from 43.255.190.149 port 46541 ssh2]
Apr 12 21:51:20 ovzhost sshd[1235]: Received disconnect from 43.255.190.149: 11:  [preauth]
Apr 12 21:51:20 ovzhost sshd[1235]: PAM 2 more authentication failures; logname= uid=0 euid=0 tty=ssh ruser= rhost=43.255.190.149  user=root
Apr 12 21:51:21 ovzhost sshd[1239]: Failed password for root from 43.255.190.149 port 51915 ssh2
Apr 12 21:51:23 ovzhost sshd[1241]: pam_unix(sshd:auth): authentication failure; logname= uid=0 euid=0 tty=ssh ruser= rhost=43.255.190.149  user=root
Apr 12 21:51:24 ovzhost sshd[1237]: message repeated 2 times: [ Failed password for root from 43.255.190.169 port 34613 ssh2]
Apr 12 21:51:24 ovzhost sshd[1237]: Received disconnect from 43.255.190.169: 11:  [preauth]
Apr 12 21:51:24 ovzhost sshd[1237]: PAM 2 more authentication failures; logname= uid=0 euid=0 tty=ssh ruser= rhost=43.255.190.169  user=root
Apr 12 21:51:25 ovzhost sshd[1243]: pam_unix(sshd:auth): authentication failure; logname= uid=0 euid=0 tty=ssh ruser= rhost=43.255.190.169  user=root
Apr 12 21:51:25 ovzhost sshd[1241]: Failed password for root from 43.255.190.149 port 54157 ssh2
Apr 12 21:51:26 ovzhost sshd[1239]: message repeated 2 times: [ Failed password for root from 43.255.190.149 port 51915 ssh2]
Apr 12 21:51:26 ovzhost sshd[1239]: Received disconnect from 43.255.190.149: 11:  [preauth]
Apr 12 21:51:26 ovzhost sshd[1239]: PAM 2 more authentication failures; logname= uid=0 euid=0 tty=ssh ruser= rhost=43.255.190.149  user=root
Apr 12 21:51:26 ovzhost sshd[1245]: pam_unix(sshd:auth): authentication failure; logname= uid=0 euid=0 tty=ssh ruser= rhost=43.255.190.149  user=root
Apr 12 21:51:27 ovzhost sshd[1243]: Failed password for root from 43.255.190.169 port 49620 ssh2
Apr 12 21:51:29 ovzhost sshd[1245]: Failed password for root from 43.255.190.149 port 60136 ssh2
Apr 12 21:51:29 ovzhost sshd[1241]: message repeated 2 times: [ Failed password for root from 43.255.190.149 port 54157 ssh2]
Apr 12 21:51:30 ovzhost sshd[1241]: Received disconnect from 43.255.190.149: 11:  [preauth]
Apr 12 21:51:30 ovzhost sshd[1241]: PAM 2 more authentication failures; logname= uid=0 euid=0 tty=ssh ruser= rhost=43.255.190.149  user=root
Apr 12 21:51:31 ovzhost sshd[1249]: pam_unix(sshd:auth): authentication failure; logname= uid=0 euid=0 tty=ssh ruser= rhost=43.255.190.149  user=root
Apr 12 21:51:31 ovzhost sshd[1243]: message repeated 2 times: [ Failed password for root from 43.255.190.169 port 49620 ssh2]
Apr 12 21:51:31 ovzhost sshd[1243]: Received disconnect from 43.255.190.169: 11:  [preauth]
Apr 12 21:51:31 ovzhost sshd[1243]: PAM 2 more authentication failures; logname= uid=0 euid=0 tty=ssh ruser= rhost=43.255.190.169  user=root
Apr 12 21:51:32 ovzhost sshd[1251]: pam_unix(sshd:auth): authentication failure; logname= uid=0 euid=0 tty=ssh ruser= rhost=43.255.190.169  user=root
Apr 12 21:51:32 ovzhost sshd[1245]: message repeated 2 times: [ Failed password for root from 43.255.190.149 port 60136 ssh2]
Apr 12 21:51:32 ovzhost sshd[1245]: Received disconnect from 43.255.190.149: 11:  [preauth]
Apr 12 21:51:32 ovzhost sshd[1245]: PAM 2 more authentication failures; logname= uid=0 euid=0 tty=ssh ruser= rhost=43.255.190.149  user=root
Apr 12 21:51:32 ovzhost sshd[1249]: Failed password for root from 43.255.190.149 port 36511 ssh2
Apr 12 21:51:34 ovzhost sshd[1251]: Failed password for root from 43.255.190.169 port 38066 ssh2
Apr 12 21:51:35 ovzhost sshd[1253]: pam_unix(sshd:auth): authentication failure; logname= uid=0 euid=0 tty=ssh ruser= rhost=43.255.190.149  user=root
Apr 12 21:51:37 ovzhost sshd[1253]: Failed password for root from 43.255.190.149 port 39490 ssh2
Apr 12 21:51:37 ovzhost sshd[1249]: message repeated 2 times: [ Failed password for root from 43.255.190.149 port 36511 ssh2]
Apr 12 21:51:37 ovzhost sshd[1249]: Received disconnect from 43.255.190.149: 11:  [preauth]
Apr 12 21:51:37 ovzhost sshd[1249]: PAM 2 more authentication failures; logname= uid=0 euid=0 tty=ssh ruser= rhost=43.255.190.149  user=root
Apr 12 21:51:38 ovzhost sshd[1255]: pam_unix(sshd:auth): authentication failure; logname= uid=0 euid=0 tty=ssh ruser= rhost=43.255.190.149  user=root
Apr 12 21:51:38 ovzhost sshd[1251]: message repeated 2 times: [ Failed password for root from 43.255.190.169 port 38066 ssh2]
Apr 12 21:51:38 ovzhost sshd[1251]: Received disconnect from 43.255.190.169: 11:  [preauth]
Apr 12 21:51:38 ovzhost sshd[1251]: PAM 2 more authentication failures; logname= uid=0 euid=0 tty=ssh ruser= rhost=43.255.190.169  user=root
Apr 12 21:51:39 ovzhost sshd[1257]: pam_unix(sshd:auth): authentication failure; logname= uid=0 euid=0 tty=ssh ruser= rhost=43.255.190.169  user=root
Apr 12 21:51:40 ovzhost sshd[1255]: Failed password for root from 43.255.190.149 port 44670 ssh2
Apr 12 21:51:41 ovzhost sshd[1257]: Failed password for root from 43.255.190.169 port 55006 ssh2
Apr 12 21:51:41 ovzhost sshd[1253]: message repeated 2 times: [ Failed password for root from 43.255.190.149 port 39490 ssh2]
Apr 12 21:51:41 ovzhost sshd[1253]: Received disconnect from 43.255.190.149: 11:  [preauth]
Apr 12 21:51:41 ovzhost sshd[1253]: PAM 2 more authentication failures; logname= uid=0 euid=0 tty=ssh ruser= rhost=43.255.190.149  user=root
Apr 12 21:51:42 ovzhost sshd[1259]: pam_unix(sshd:auth): authentication failure; logname= uid=0 euid=0 tty=ssh ruser= rhost=43.255.190.149  user=root
Apr 12 21:51:43 ovzhost sshd[1255]: message repeated 2 times: [ Failed password for root from 43.255.190.149 port 44670 ssh2]
Apr 12 21:51:43 ovzhost sshd[1255]: Received disconnect from 43.255.190.149: 11:  [preauth]
Apr 12 21:51:43 ovzhost sshd[1255]: PAM 2 more authentication failures; logname= uid=0 euid=0 tty=ssh ruser= rhost=43.255.190.149  user=root
Apr 12 21:51:44 ovzhost sshd[1259]: Failed password for root from 43.255.190.149 port 49975 ssh2
Apr 12 21:51:44 ovzhost sshd[1257]: message repeated 2 times: [ Failed password for root from 43.255.190.169 port 55006 ssh2]
Apr 12 21:51:44 ovzhost sshd[1257]: Received disconnect from 43.255.190.169: 11:  [preauth]
Apr 12 21:51:44 ovzhost sshd[1257]: PAM 2 more authentication failures; logname= uid=0 euid=0 tty=ssh ruser= rhost=43.255.190.169  user=root
Apr 12 21:51:45 ovzhost sshd[1262]: pam_unix(sshd:auth): authentication failure; logname= uid=0 euid=0 tty=ssh ruser= rhost=43.255.190.169  user=root
Apr 12 21:51:45 ovzhost sshd[1261]: pam_unix(sshd:auth): authentication failure; logname= uid=0 euid=0 tty=ssh ruser= rhost=43.255.190.149  user=root
Apr 12 21:51:47 ovzhost sshd[1262]: Failed password for root from 43.255.190.169 port 41000 ssh2
Apr 12 21:51:47 ovzhost sshd[1261]: Failed password for root from 43.255.190.149 port 52477 ssh2
Apr 12 21:51:49 ovzhost sshd[1259]: message repeated 2 times: [ Failed password for root from 43.255.190.149 port 49975 ssh2]
Apr 12 21:51:49 ovzhost sshd[1259]: Received disconnect from 43.255.190.149: 11:  [preauth]
Apr 12 21:51:49 ovzhost sshd[1259]: PAM 2 more authentication failures; logname= uid=0 euid=0 tty=ssh ruser= rhost=43.255.190.149  user=root
Apr 12 21:51:51 ovzhost sshd[1262]: message repeated 2 times: [ Failed password for root from 43.255.190.169 port 41000 ssh2]
Apr 12 21:51:51 ovzhost sshd[1262]: Received disconnect from 43.255.190.169: 11:  [preauth]
Apr 12 21:51:51 ovzhost sshd[1262]: PAM 2 more authentication failures; logname= uid=0 euid=0 tty=ssh ruser= rhost=43.255.190.169  user=root
Apr 12 21:51:51 ovzhost sshd[1261]: message repeated 2 times: [ Failed password for root from 43.255.190.149 port 52477 ssh2]
Apr 12 21:51:51 ovzhost sshd[1261]: Received disconnect from 43.255.190.149: 11:  [preauth]
Apr 12 21:51:51 ovzhost sshd[1261]: PAM 2 more authentication failures; logname= uid=0 euid=0 tty=ssh ruser= rhost=43.255.190.149  user=root
Apr 12 21:51:52 ovzhost sshd[1267]: pam_unix(sshd:auth): authentication failure; logname= uid=0 euid=0 tty=ssh ruser= rhost=43.255.190.169  user=root
Apr 12 21:51:54 ovzhost sshd[1267]: Failed password for root from 43.255.190.169 port 57514 ssh2
Apr 12 21:51:55 ovzhost sshd[1265]: pam_unix(sshd:auth): authentication failure; logname= uid=0 euid=0 tty=ssh ruser= rhost=43.255.190.149  user=root
Apr 12 21:51:57 ovzhost sshd[1267]: message repeated 2 times: [ Failed password for root from 43.255.190.169 port 57514 ssh2]
Apr 12 21:51:57 ovzhost sshd[1267]: Received disconnect from 43.255.190.169: 11:  [preauth]
Apr 12 21:51:57 ovzhost sshd[1267]: PAM 2 more authentication failures; logname= uid=0 euid=0 tty=ssh ruser= rhost=43.255.190.169  user=root
Apr 12 21:51:57 ovzhost sshd[1265]: Failed password for root from 43.255.190.149 port 58975 ssh2
Apr 12 21:51:57 ovzhost sshd[1270]: pam_unix(sshd:auth): authentication failure; logname= uid=0 euid=0 tty=ssh ruser= rhost=43.255.190.169  user=root
Apr 12 21:52:00 ovzhost sshd[1270]: Failed password for root from 43.255.190.169 port 43166 ssh2
Apr 12 21:52:01 ovzhost sshd[1265]: message repeated 2 times: [ Failed password for root from 43.255.190.149 port 58975 ssh2]
Apr 12 21:52:02 ovzhost sshd[1265]: Received disconnect from 43.255.190.149: 11:  [preauth]
Apr 12 21:52:02 ovzhost sshd[1265]: PAM 2 more authentication failures; logname= uid=0 euid=0 tty=ssh ruser= rhost=43.255.190.149  user=root
Apr 12 21:52:04 ovzhost sshd[1270]: message repeated 2 times: [ Failed password for root from 43.255.190.169 port 43166 ssh2]
Apr 12 21:52:04 ovzhost sshd[1270]: Received disconnect from 43.255.190.169: 11:  [preauth]
Apr 12 21:52:04 ovzhost sshd[1270]: PAM 2 more authentication failures; logname= uid=0 euid=0 tty=ssh ruser= rhost=43.255.190.169  user=root
Apr 12 21:55:39 ovzhost sshd[1284]: Connection closed by 127.0.0.1 [preauth]
Apr 12 21:57:17 ovzhost sshd[1291]: pam_unix(sshd:auth): authentication failure; logname= uid=0 euid=0 tty=ssh ruser= rhost=222.171.225.170  user=root
Apr 12 21:57:19 ovzhost sshd[1291]: Failed password for root from 222.171.225.170 port 49832 ssh2
Apr 12 21:57:24 ovzhost sshd[1291]: message repeated 2 times: [ Failed password for root from 222.171.225.170 port 49832 ssh2]
Apr 12 21:57:24 ovzhost sshd[1291]: Connection closed by 222.171.225.170 [preauth]
Apr 12 21:57:24 ovzhost sshd[1291]: PAM 2 more authentication failures; logname= uid=0 euid=0 tty=ssh ruser= rhost=222.171.225.170  user=root
Apr 12 22:00:01 ovzhost CRON[1306]: pam_env(cron:session): Unable to open env file: /etc/default/locale: No such file or directory
Apr 12 22:00:01 ovzhost CRON[1306]: pam_unix(cron:session): session opened for user smmsp by (uid=0)
Apr 12 22:00:01 ovzhost CRON[1306]: pam_unix(cron:session): session closed for user smmsp
Apr 12 22:00:28 ovzhost sshd[1335]: Connection closed by 128.8.37.104 [preauth]
Apr 12 22:00:39 ovzhost sshd[1338]: Connection closed by 127.0.0.1 [preauth]
Apr 12 22:05:39 ovzhost sshd[1357]: Connection closed by 127.0.0.1 [preauth]
Apr 12 22:09:01 ovzhost CRON[1375]: pam_env(cron:session): Unable to open env file: /etc/default/locale: No such file or directory
Apr 12 22:09:01 ovzhost CRON[1374]: pam_env(cron:session): Unable to open env file: /etc/default/locale: No such file or directory
Apr 12 22:09:01 ovzhost CRON[1375]: pam_unix(cron:session): session opened for user root by (uid=0)
Apr 12 22:09:01 ovzhost CRON[1374]: pam_unix(cron:session): session opened for user root by (uid=0)
Apr 12 22:09:01 ovzhost CRON[1374]: pam_unix(cron:session): session closed for user root
Apr 12 22:09:01 ovzhost CRON[1375]: pam_unix(cron:session): session closed for user root
Apr 12 22:09:23 ovzhost sshd[1388]: pam_unix(sshd:auth): authentication failure; logname= uid=0 euid=0 tty=ssh ruser= rhost=43.255.190.91  user=root
Apr 12 22:09:23 ovzhost sshd[1390]: pam_unix(sshd:auth): authentication failure; logname= uid=0 euid=0 tty=ssh ruser= rhost=43.255.190.173  user=root
Apr 12 22:09:25 ovzhost sshd[1388]: Failed password for root from 43.255.190.91 port 33340 ssh2
Apr 12 22:09:25 ovzhost sshd[1390]: Failed password for root from 43.255.190.173 port 47619 ssh2
Apr 12 22:09:29 ovzhost sshd[1388]: message repeated 2 times: [ Failed password for root from 43.255.190.91 port 33340 ssh2]
Apr 12 22:09:29 ovzhost sshd[1388]: Received disconnect from 43.255.190.91: 11:  [preauth]
Apr 12 22:09:29 ovzhost sshd[1388]: PAM 2 more authentication failures; logname= uid=0 euid=0 tty=ssh ruser= rhost=43.255.190.91  user=root
Apr 12 22:09:29 ovzhost sshd[1390]: message repeated 2 times: [ Failed password for root from 43.255.190.173 port 47619 ssh2]
Apr 12 22:09:29 ovzhost sshd[1390]: Received disconnect from 43.255.190.173: 11:  [preauth]
Apr 12 22:09:29 ovzhost sshd[1390]: PAM 2 more authentication failures; logname= uid=0 euid=0 tty=ssh ruser= rhost=43.255.190.173  user=root
Apr 12 22:09:30 ovzhost sshd[1393]: pam_unix(sshd:auth): authentication failure; logname= uid=0 euid=0 tty=ssh ruser= rhost=43.255.190.173  user=root
Apr 12 22:09:32 ovzhost sshd[1395]: pam_unix(sshd:auth): authentication failure; logname= uid=0 euid=0 tty=ssh ruser= rhost=43.255.190.91  user=root
Apr 12 22:09:32 ovzhost sshd[1393]: Failed password for root from 43.255.190.173 port 36428 ssh2
Apr 12 22:09:34 ovzhost sshd[1395]: Failed password for root from 43.255.190.91 port 40615 ssh2
Apr 12 22:09:37 ovzhost sshd[1393]: message repeated 2 times: [ Failed password for root from 43.255.190.173 port 36428 ssh2]
Apr 12 22:09:37 ovzhost sshd[1393]: Received disconnect from 43.255.190.173: 11:  [preauth]
Apr 12 22:09:37 ovzhost sshd[1393]: PAM 2 more authentication failures; logname= uid=0 euid=0 tty=ssh ruser= rhost=43.255.190.173  user=root
Apr 12 22:09:37 ovzhost sshd[1399]: pam_unix(sshd:auth): authentication failure; logname= uid=0 euid=0 tty=ssh ruser= rhost=43.255.190.173  user=root
Apr 12 22:09:39 ovzhost sshd[1395]: message repeated 2 times: [ Failed password for root from 43.255.190.91 port 40615 ssh2]
Apr 12 22:09:39 ovzhost sshd[1395]: Received disconnect from 43.255.190.91: 11:  [preauth]
Apr 12 22:09:39 ovzhost sshd[1395]: PAM 2 more authentication failures; logname= uid=0 euid=0 tty=ssh ruser= rhost=43.255.190.91  user=root
Apr 12 22:09:39 ovzhost sshd[1399]: Failed password for root from 43.255.190.173 port 54759 ssh2
Apr 12 22:09:41 ovzhost sshd[1401]: pam_unix(sshd:auth): authentication failure; logname= uid=0 euid=0 tty=ssh ruser= rhost=43.255.190.91  user=root
Apr 12 22:09:42 ovzhost sshd[1397]: pam_unix(sshd:auth): authentication failure; logname= uid=0 euid=0 tty=ssh ruser= rhost=43.255.190.91  user=root
Apr 12 22:09:44 ovzhost sshd[1401]: Failed password for root from 43.255.190.91 port 52427 ssh2
Apr 12 22:09:44 ovzhost sshd[1399]: message repeated 2 times: [ Failed password for root from 43.255.190.173 port 54759 ssh2]
Apr 12 22:09:44 ovzhost sshd[1399]: Received disconnect from 43.255.190.173: 11:  [preauth]
Apr 12 22:09:44 ovzhost sshd[1399]: PAM 2 more authentication failures; logname= uid=0 euid=0 tty=ssh ruser= rhost=43.255.190.173  user=root
Apr 12 22:09:44 ovzhost sshd[1397]: Failed password for root from 43.255.190.91 port 41026 ssh2
Apr 12 22:09:44 ovzhost sshd[1403]: pam_unix(sshd:auth): authentication failure; logname= uid=0 euid=0 tty=ssh ruser= rhost=43.255.190.173  user=root
Apr 12 22:09:47 ovzhost sshd[1403]: Failed password for root from 43.255.190.173 port 45341 ssh2
Apr 12 22:09:48 ovzhost sshd[1401]: message repeated 2 times: [ Failed password for root from 43.255.190.91 port 52427 ssh2]
Apr 12 22:09:48 ovzhost sshd[1401]: Received disconnect from 43.255.190.91: 11:  [preauth]
Apr 12 22:09:48 ovzhost sshd[1401]: PAM 2 more authentication failures; logname= uid=0 euid=0 tty=ssh ruser= rhost=43.255.190.91  user=root
Apr 12 22:09:49 ovzhost sshd[1397]: message repeated 2 times: [ Failed password for root from 43.255.190.91 port 41026 ssh2]
Apr 12 22:09:49 ovzhost sshd[1397]: Received disconnect from 43.255.190.91: 11:  [preauth]
Apr 12 22:09:49 ovzhost sshd[1397]: PAM 2 more authentication failures; logname= uid=0 euid=0 tty=ssh ruser= rhost=43.255.190.91  user=root
Apr 12 22:09:50 ovzhost sshd[1406]: pam_unix(sshd:auth): authentication failure; logname= uid=0 euid=0 tty=ssh ruser= rhost=43.255.190.91  user=root
Apr 12 22:09:51 ovzhost sshd[1403]: message repeated 2 times: [ Failed password for root from 43.255.190.173 port 45341 ssh2]
Apr 12 22:09:51 ovzhost sshd[1403]: Received disconnect from 43.255.190.173: 11:  [preauth]
Apr 12 22:09:51 ovzhost sshd[1403]: PAM 2 more authentication failures; logname= uid=0 euid=0 tty=ssh ruser= rhost=43.255.190.173  user=root
Apr 12 22:09:52 ovzhost sshd[1410]: pam_unix(sshd:auth): authentication failure; logname= uid=0 euid=0 tty=ssh ruser= rhost=43.255.190.173  user=root
Apr 12 22:09:52 ovzhost sshd[1406]: Failed password for root from 43.255.190.91 port 37483 ssh2
Apr 12 22:09:52 ovzhost sshd[1408]: pam_unix(sshd:auth): authentication failure; logname= uid=0 euid=0 tty=ssh ruser= rhost=43.255.190.91  user=root
Apr 12 22:09:54 ovzhost sshd[1410]: Failed password for root from 43.255.190.173 port 36153 ssh2
Apr 12 22:09:55 ovzhost sshd[1408]: Failed password for root from 43.255.190.91 port 38156 ssh2
Apr 12 22:09:57 ovzhost sshd[1406]: message repeated 2 times: [ Failed password for root from 43.255.190.91 port 37483 ssh2]
Apr 12 22:09:57 ovzhost sshd[1406]: Received disconnect from 43.255.190.91: 11:  [preauth]
Apr 12 22:09:57 ovzhost sshd[1406]: PAM 2 more authentication failures; logname= uid=0 euid=0 tty=ssh ruser= rhost=43.255.190.91  user=root
Apr 12 22:09:59 ovzhost sshd[1410]: message repeated 2 times: [ Failed password for root from 43.255.190.173 port 36153 ssh2]
Apr 12 22:09:59 ovzhost sshd[1410]: Received disconnect from 43.255.190.173: 11:  [preauth]
Apr 12 22:09:59 ovzhost sshd[1410]: PAM 2 more authentication failures; logname= uid=0 euid=0 tty=ssh ruser= rhost=43.255.190.173  user=root
Apr 12 22:09:59 ovzhost sshd[1413]: pam_unix(sshd:auth): authentication failure; logname= uid=0 euid=0 tty=ssh ruser= rhost=43.255.190.173  user=root
Apr 12 22:10:00 ovzhost sshd[1408]: message repeated 2 times: [ Failed password for root from 43.255.190.91 port 38156 ssh2]
Apr 12 22:10:00 ovzhost sshd[1408]: Received disconnect from 43.255.190.91: 11:  [preauth]
Apr 12 22:10:00 ovzhost sshd[1408]: PAM 2 more authentication failures; logname= uid=0 euid=0 tty=ssh ruser= rhost=43.255.190.91  user=root
Apr 12 22:10:00 ovzhost sshd[1415]: pam_unix(sshd:auth): authentication failure; logname= uid=0 euid=0 tty=ssh ruser= rhost=43.255.190.91  user=root
Apr 12 22:10:01 ovzhost sshd[1417]: pam_unix(sshd:auth): authentication failure; logname= uid=0 euid=0 tty=ssh ruser= rhost=43.255.190.91  user=root
Apr 12 22:10:02 ovzhost sshd[1413]: Failed password for root from 43.255.190.173 port 55115 ssh2
Apr 12 22:10:03 ovzhost sshd[1417]: Failed password for root from 43.255.190.91 port 48340 ssh2
Apr 12 22:10:03 ovzhost sshd[1415]: Failed password for root from 43.255.190.91 port 51830 ssh2
Apr 12 22:10:05 ovzhost sshd[1413]: message repeated 2 times: [ Failed password for root from 43.255.190.173 port 55115 ssh2]
Apr 12 22:10:05 ovzhost sshd[1413]: Received disconnect from 43.255.190.173: 11:  [preauth]
Apr 12 22:10:05 ovzhost sshd[1413]: PAM 2 more authentication failures; logname= uid=0 euid=0 tty=ssh ruser= rhost=43.255.190.173  user=root
Apr 12 22:10:05 ovzhost sshd[1421]: pam_unix(sshd:auth): authentication failure; logname= uid=0 euid=0 tty=ssh ruser= rhost=43.255.190.173  user=root
Apr 12 22:10:07 ovzhost sshd[1415]: message repeated 2 times: [ Failed password for root from 43.255.190.91 port 51830 ssh2]
Apr 12 22:10:07 ovzhost sshd[1415]: Received disconnect from 43.255.190.91: 11:  [preauth]
Apr 12 22:10:07 ovzhost sshd[1415]: PAM 2 more authentication failures; logname= uid=0 euid=0 tty=ssh ruser= rhost=43.255.190.91  user=root
Apr 12 22:10:07 ovzhost sshd[1421]: Failed password for root from 43.255.190.173 port 43584 ssh2
Apr 12 22:10:08 ovzhost sshd[1423]: pam_unix(sshd:auth): authentication failure; logname= uid=0 euid=0 tty=ssh ruser= rhost=43.255.190.91  user=root
Apr 12 22:10:09 ovzhost sshd[1417]: message repeated 2 times: [ Failed password for root from 43.255.190.91 port 48340 ssh2]
Apr 12 22:10:09 ovzhost sshd[1417]: Received disconnect from 43.255.190.91: 11:  [preauth]
Apr 12 22:10:09 ovzhost sshd[1417]: PAM 2 more authentication failures; logname= uid=0 euid=0 tty=ssh ruser= rhost=43.255.190.91  user=root
Apr 12 22:10:10 ovzhost sshd[1423]: Failed password for root from 43.255.190.91 port 33258 ssh2
Apr 12 22:10:11 ovzhost sshd[1425]: pam_unix(sshd:auth): authentication failure; logname= uid=0 euid=0 tty=ssh ruser= rhost=43.255.190.91  user=root
Apr 12 22:10:12 ovzhost sshd[1421]: message repeated 2 times: [ Failed password for root from 43.255.190.173 port 43584 ssh2]
Apr 12 22:10:12 ovzhost sshd[1421]: Received disconnect from 43.255.190.173: 11:  [preauth]
Apr 12 22:10:12 ovzhost sshd[1421]: PAM 2 more authentication failures; logname= uid=0 euid=0 tty=ssh ruser= rhost=43.255.190.173  user=root
Apr 12 22:10:13 ovzhost sshd[1427]: pam_unix(sshd:auth): authentication failure; logname= uid=0 euid=0 tty=ssh ruser= rhost=43.255.190.173  user=root
Apr 12 22:10:13 ovzhost sshd[1425]: Failed password for root from 43.255.190.91 port 35906 ssh2
Apr 12 22:10:14 ovzhost sshd[1423]: message repeated 2 times: [ Failed password for root from 43.255.190.91 port 33258 ssh2]
Apr 12 22:10:14 ovzhost sshd[1423]: Received disconnect from 43.255.190.91: 11:  [preauth]
Apr 12 22:10:14 ovzhost sshd[1423]: PAM 2 more authentication failures; logname= uid=0 euid=0 tty=ssh ruser= rhost=43.255.190.91  user=root
Apr 12 22:10:15 ovzhost sshd[1427]: Failed password for root from 43.255.190.173 port 33250 ssh2
Apr 12 22:10:15 ovzhost sshd[1429]: pam_unix(sshd:auth): authentication failure; logname= uid=0 euid=0 tty=ssh ruser= rhost=43.255.190.91  user=root
Apr 12 22:10:17 ovzhost sshd[1425]: message repeated 2 times: [ Failed password for root from 43.255.190.91 port 35906 ssh2]
Apr 12 22:10:17 ovzhost sshd[1425]: Received disconnect from 43.255.190.91: 11:  [preauth]
Apr 12 22:10:17 ovzhost sshd[1425]: PAM 2 more authentication failures; logname= uid=0 euid=0 tty=ssh ruser= rhost=43.255.190.91  user=root
Apr 12 22:10:17 ovzhost sshd[1429]: Failed password for root from 43.255.190.91 port 43696 ssh2
Apr 12 22:10:18 ovzhost sshd[1431]: pam_unix(sshd:auth): authentication failure; logname= uid=0 euid=0 tty=ssh ruser= rhost=43.255.190.91  user=root
Apr 12 22:10:18 ovzhost sshd[1427]: message repeated 2 times: [ Failed password for root from 43.255.190.173 port 33250 ssh2]
Apr 12 22:10:19 ovzhost sshd[1427]: Received disconnect from 43.255.190.173: 11:  [preauth]
Apr 12 22:10:19 ovzhost sshd[1427]: PAM 2 more authentication failures; logname= uid=0 euid=0 tty=ssh ruser= rhost=43.255.190.173  user=root
Apr 12 22:10:19 ovzhost sshd[1433]: pam_unix(sshd:auth): authentication failure; logname= uid=0 euid=0 tty=ssh ruser= rhost=43.255.190.173  user=root
Apr 12 22:10:21 ovzhost sshd[1431]: Failed password for root from 43.255.190.91 port 48324 ssh2
Apr 12 22:10:22 ovzhost sshd[1433]: Failed password for root from 43.255.190.173 port 49648 ssh2
Apr 12 22:10:22 ovzhost sshd[1429]: message repeated 2 times: [ Failed password for root from 43.255.190.91 port 43696 ssh2]
Apr 12 22:10:22 ovzhost sshd[1429]: Received disconnect from 43.255.190.91: 11:  [preauth]
Apr 12 22:10:22 ovzhost sshd[1429]: PAM 2 more authentication failures; logname= uid=0 euid=0 tty=ssh ruser= rhost=43.255.190.91  user=root
Apr 12 22:10:25 ovzhost sshd[1431]: message repeated 2 times: [ Failed password for root from 43.255.190.91 port 48324 ssh2]
Apr 12 22:10:25 ovzhost sshd[1431]: Received disconnect from 43.255.190.91: 11:  [preauth]
Apr 12 22:10:25 ovzhost sshd[1431]: PAM 2 more authentication failures; logname= uid=0 euid=0 tty=ssh ruser= rhost=43.255.190.91  user=root
Apr 12 22:10:25 ovzhost sshd[1435]: pam_unix(sshd:auth): authentication failure; logname= uid=0 euid=0 tty=ssh ruser= rhost=43.255.190.91  user=root
Apr 12 22:10:26 ovzhost sshd[1433]: message repeated 2 times: [ Failed password for root from 43.255.190.173 port 49648 ssh2]
Apr 12 22:10:26 ovzhost sshd[1433]: Received disconnect from 43.255.190.173: 11:  [preauth]
Apr 12 22:10:26 ovzhost sshd[1433]: PAM 2 more authentication failures; logname= uid=0 euid=0 tty=ssh ruser= rhost=43.255.190.173  user=root
Apr 12 22:10:26 ovzhost sshd[1439]: pam_unix(sshd:auth): authentication failure; logname= uid=0 euid=0 tty=ssh ruser= rhost=43.255.190.173  user=root
Apr 12 22:10:27 ovzhost sshd[1435]: Failed password for root from 43.255.190.91 port 54987 ssh2
Apr 12 22:10:28 ovzhost sshd[1439]: Failed password for root from 43.255.190.173 port 39506 ssh2
Apr 12 22:10:28 ovzhost sshd[1437]: pam_unix(sshd:auth): authentication failure; logname= uid=0 euid=0 tty=ssh ruser= rhost=43.255.190.91  user=root
Apr 12 22:10:28 ovzhost sshd[1442]: Connection closed by 128.8.37.104 [preauth]
Apr 12 22:10:31 ovzhost sshd[1437]: Failed password for root from 43.255.190.91 port 58634 ssh2
Apr 12 22:10:32 ovzhost sshd[1435]: message repeated 2 times: [ Failed password for root from 43.255.190.91 port 54987 ssh2]
Apr 12 22:10:32 ovzhost sshd[1435]: Received disconnect from 43.255.190.91: 11:  [preauth]
Apr 12 22:10:32 ovzhost sshd[1435]: PAM 2 more authentication failures; logname= uid=0 euid=0 tty=ssh ruser= rhost=43.255.190.91  user=root
Apr 12 22:10:33 ovzhost sshd[1439]: message repeated 2 times: [ Failed password for root from 43.255.190.173 port 39506 ssh2]
Apr 12 22:10:33 ovzhost sshd[1439]: Received disconnect from 43.255.190.173: 11:  [preauth]
Apr 12 22:10:33 ovzhost sshd[1439]: PAM 2 more authentication failures; logname= uid=0 euid=0 tty=ssh ruser= rhost=43.255.190.173  user=root
Apr 12 22:10:33 ovzhost sshd[1446]: pam_unix(sshd:auth): authentication failure; logname= uid=0 euid=0 tty=ssh ruser= rhost=43.255.190.173  user=root
Apr 12 22:10:35 ovzhost sshd[1437]: message repeated 2 times: [ Failed password for root from 43.255.190.91 port 58634 ssh2]
Apr 12 22:10:35 ovzhost sshd[1437]: Received disconnect from 43.255.190.91: 11:  [preauth]
Apr 12 22:10:35 ovzhost sshd[1437]: PAM 2 more authentication failures; logname= uid=0 euid=0 tty=ssh ruser= rhost=43.255.190.91  user=root
Apr 12 22:10:35 ovzhost sshd[1446]: Failed password for root from 43.255.190.173 port 57105 ssh2
Apr 12 22:10:36 ovzhost sshd[1448]: pam_unix(sshd:auth): authentication failure; logname= uid=0 euid=0 tty=ssh ruser= rhost=43.255.190.91  user=root
Apr 12 22:10:37 ovzhost sshd[1444]: pam_unix(sshd:auth): authentication failure; logname= uid=0 euid=0 tty=ssh ruser= rhost=43.255.190.91  user=root
Apr 12 22:10:38 ovzhost sshd[1448]: Failed password for root from 43.255.190.91 port 44292 ssh2
Apr 12 22:10:39 ovzhost sshd[1451]: Connection closed by 127.0.0.1 [preauth]
Apr 12 22:10:39 ovzhost sshd[1446]: message repeated 2 times: [ Failed password for root from 43.255.190.173 port 57105 ssh2]
Apr 12 22:10:39 ovzhost sshd[1446]: Received disconnect from 43.255.190.173: 11:  [preauth]
Apr 12 22:10:39 ovzhost sshd[1446]: PAM 2 more authentication failures; logname= uid=0 euid=0 tty=ssh ruser= rhost=43.255.190.173  user=root
Apr 12 22:10:40 ovzhost sshd[1444]: Failed password for root from 43.255.190.91 port 40706 ssh2
Apr 12 22:10:40 ovzhost sshd[1453]: pam_unix(sshd:auth): authentication failure; logname= uid=0 euid=0 tty=ssh ruser= rhost=43.255.190.173  user=root
Apr 12 22:10:42 ovzhost sshd[1448]: message repeated 2 times: [ Failed password for root from 43.255.190.91 port 44292 ssh2]
Apr 12 22:10:42 ovzhost sshd[1448]: Received disconnect from 43.255.190.91: 11:  [preauth]
Apr 12 22:10:42 ovzhost sshd[1448]: PAM 2 more authentication failures; logname= uid=0 euid=0 tty=ssh ruser= rhost=43.255.190.91  user=root
Apr 12 22:10:42 ovzhost sshd[1453]: Failed password for root from 43.255.190.173 port 45646 ssh2
Apr 12 22:10:42 ovzhost sshd[1455]: pam_unix(sshd:auth): authentication failure; logname= uid=0 euid=0 tty=ssh ruser= rhost=43.255.190.91  user=root
Apr 12 22:10:44 ovzhost sshd[1444]: message repeated 2 times: [ Failed password for root from 43.255.190.91 port 40706 ssh2]
Apr 12 22:10:45 ovzhost sshd[1444]: Received disconnect from 43.255.190.91: 11:  [preauth]
Apr 12 22:10:45 ovzhost sshd[1444]: PAM 2 more authentication failures; logname= uid=0 euid=0 tty=ssh ruser= rhost=43.255.190.91  user=root
Apr 12 22:10:45 ovzhost sshd[1455]: Failed password for root from 43.255.190.91 port 53346 ssh2
Apr 12 22:10:46 ovzhost sshd[1457]: pam_unix(sshd:auth): authentication failure; logname= uid=0 euid=0 tty=ssh ruser= rhost=43.255.190.91  user=root
Apr 12 22:10:46 ovzhost sshd[1453]: message repeated 2 times: [ Failed password for root from 43.255.190.173 port 45646 ssh2]
Apr 12 22:10:46 ovzhost sshd[1453]: Received disconnect from 43.255.190.173: 11:  [preauth]
Apr 12 22:10:46 ovzhost sshd[1453]: PAM 2 more authentication failures; logname= uid=0 euid=0 tty=ssh ruser= rhost=43.255.190.173  user=root
Apr 12 22:10:47 ovzhost sshd[1459]: pam_unix(sshd:auth): authentication failure; logname= uid=0 euid=0 tty=ssh ruser= rhost=43.255.190.173  user=root
Apr 12 22:10:48 ovzhost sshd[1457]: Failed password for root from 43.255.190.91 port 56359 ssh2
Apr 12 22:10:49 ovzhost sshd[1459]: Failed password for root from 43.255.190.173 port 33748 ssh2
Apr 12 22:10:49 ovzhost sshd[1455]: message repeated 2 times: [ Failed password for root from 43.255.190.91 port 53346 ssh2]
Apr 12 22:10:49 ovzhost sshd[1455]: Received disconnect from 43.255.190.91: 11:  [preauth]
Apr 12 22:10:49 ovzhost sshd[1455]: PAM 2 more authentication failures; logname= uid=0 euid=0 tty=ssh ruser= rhost=43.255.190.91  user=root
Apr 12 22:10:50 ovzhost sshd[1461]: pam_unix(sshd:auth): authentication failure; logname= uid=0 euid=0 tty=ssh ruser= rhost=43.255.190.91  user=root
Apr 12 22:10:52 ovzhost sshd[1457]: message repeated 2 times: [ Failed password for root from 43.255.190.91 port 56359 ssh2]
Apr 12 22:10:52 ovzhost sshd[1457]: Received disconnect from 43.255.190.91: 11:  [preauth]
Apr 12 22:10:52 ovzhost sshd[1457]: PAM 2 more authentication failures; logname= uid=0 euid=0 tty=ssh ruser= rhost=43.255.190.91  user=root
Apr 12 22:10:52 ovzhost sshd[1461]: Failed password for root from 43.255.190.91 port 34714 ssh2
Apr 12 22:10:52 ovzhost sshd[1463]: pam_unix(sshd:auth): authentication failure; logname= uid=0 euid=0 tty=ssh ruser= rhost=43.255.190.91  user=root
Apr 12 22:10:53 ovzhost sshd[1459]: message repeated 2 times: [ Failed password for root from 43.255.190.173 port 33748 ssh2]
Apr 12 22:10:53 ovzhost sshd[1459]: Received disconnect from 43.255.190.173: 11:  [preauth]
Apr 12 22:10:53 ovzhost sshd[1459]: PAM 2 more authentication failures; logname= uid=0 euid=0 tty=ssh ruser= rhost=43.255.190.173  user=root
Apr 12 22:10:54 ovzhost sshd[1465]: pam_unix(sshd:auth): authentication failure; logname= uid=0 euid=0 tty=ssh ruser= rhost=43.255.190.173  user=root
Apr 12 22:10:54 ovzhost sshd[1463]: Failed password for root from 43.255.190.91 port 38530 ssh2
Apr 12 22:10:56 ovzhost sshd[1465]: Failed password for root from 43.255.190.173 port 51103 ssh2
Apr 12 22:10:56 ovzhost sshd[1461]: message repeated 2 times: [ Failed password for root from 43.255.190.91 port 34714 ssh2]
Apr 12 22:10:57 ovzhost sshd[1461]: Received disconnect from 43.255.190.91: 11:  [preauth]
Apr 12 22:10:57 ovzhost sshd[1461]: PAM 2 more authentication failures; logname= uid=0 euid=0 tty=ssh ruser= rhost=43.255.190.91  user=root
Apr 12 22:10:57 ovzhost sshd[1467]: pam_unix(sshd:auth): authentication failure; logname= uid=0 euid=0 tty=ssh ruser= rhost=43.255.190.91  user=root
Apr 12 22:10:58 ovzhost sshd[1463]: message repeated 2 times: [ Failed password for root from 43.255.190.91 port 38530 ssh2]
Apr 12 22:10:58 ovzhost sshd[1463]: Received disconnect from 43.255.190.91: 11:  [preauth]
Apr 12 22:10:58 ovzhost sshd[1463]: PAM 2 more authentication failures; logname= uid=0 euid=0 tty=ssh ruser= rhost=43.255.190.91  user=root
Apr 12 22:10:59 ovzhost sshd[1467]: Failed password for root from 43.255.190.91 port 44592 ssh2
Apr 12 22:11:00 ovzhost sshd[1465]: message repeated 2 times: [ Failed password for root from 43.255.190.173 port 51103 ssh2]
Apr 12 22:11:00 ovzhost sshd[1465]: Received disconnect from 43.255.190.173: 11:  [preauth]
Apr 12 22:11:00 ovzhost sshd[1465]: PAM 2 more authentication failures; logname= uid=0 euid=0 tty=ssh ruser= rhost=43.255.190.173  user=root
Apr 12 22:11:01 ovzhost sshd[1469]: pam_unix(sshd:auth): authentication failure; logname= uid=0 euid=0 tty=ssh ruser= rhost=43.255.190.173  user=root
Apr 12 22:11:03 ovzhost sshd[1469]: Failed password for root from 43.255.190.173 port 39989 ssh2
Apr 12 22:11:03 ovzhost sshd[1471]: pam_unix(sshd:auth): authentication failure; logname= uid=0 euid=0 tty=ssh ruser= rhost=43.255.190.91  user=root
Apr 12 22:11:03 ovzhost sshd[1467]: message repeated 2 times: [ Failed password for root from 43.255.190.91 port 44592 ssh2]
Apr 12 22:11:03 ovzhost sshd[1467]: Received disconnect from 43.255.190.91: 11:  [preauth]
Apr 12 22:11:03 ovzhost sshd[1467]: PAM 2 more authentication failures; logname= uid=0 euid=0 tty=ssh ruser= rhost=43.255.190.91  user=root
Apr 12 22:11:05 ovzhost sshd[1471]: Failed password for root from 43.255.190.91 port 47124 ssh2
Apr 12 22:11:07 ovzhost sshd[1469]: message repeated 2 times: [ Failed password for root from 43.255.190.173 port 39989 ssh2]
Apr 12 22:11:07 ovzhost sshd[1469]: Received disconnect from 43.255.190.173: 11:  [preauth]
Apr 12 22:11:07 ovzhost sshd[1469]: PAM 2 more authentication failures; logname= uid=0 euid=0 tty=ssh ruser= rhost=43.255.190.173  user=root
Apr 12 22:11:08 ovzhost sshd[1477]: pam_unix(sshd:auth): authentication failure; logname= uid=0 euid=0 tty=ssh ruser= rhost=43.255.190.173  user=root
Apr 12 22:11:10 ovzhost sshd[1473]: pam_unix(sshd:auth): authentication failure; logname= uid=0 euid=0 tty=ssh ruser= rhost=43.255.190.91  user=root
Apr 12 22:11:10 ovzhost sshd[1477]: Failed password for root from 43.255.190.173 port 58117 ssh2
Apr 12 22:11:10 ovzhost sshd[1471]: message repeated 2 times: [ Failed password for root from 43.255.190.91 port 47124 ssh2]
Apr 12 22:11:11 ovzhost sshd[1471]: Received disconnect from 43.255.190.91: 11:  [preauth]
Apr 12 22:11:11 ovzhost sshd[1471]: PAM 2 more authentication failures; logname= uid=0 euid=0 tty=ssh ruser= rhost=43.255.190.91  user=root
Apr 12 22:11:12 ovzhost sshd[1479]: pam_unix(sshd:auth): authentication failure; logname= uid=0 euid=0 tty=ssh ruser= rhost=43.255.190.91  user=root
Apr 12 22:11:12 ovzhost sshd[1473]: Failed password for root from 43.255.190.91 port 54217 ssh2
Apr 12 22:11:14 ovzhost sshd[1479]: Failed password for root from 43.255.190.91 port 35718 ssh2
Apr 12 22:11:14 ovzhost sshd[1477]: message repeated 2 times: [ Failed password for root from 43.255.190.173 port 58117 ssh2]
Apr 12 22:11:14 ovzhost sshd[1477]: Received disconnect from 43.255.190.173: 11:  [preauth]
Apr 12 22:11:14 ovzhost sshd[1477]: PAM 2 more authentication failures; logname= uid=0 euid=0 tty=ssh ruser= rhost=43.255.190.173  user=root
Apr 12 22:11:15 ovzhost sshd[1481]: pam_unix(sshd:auth): authentication failure; logname= uid=0 euid=0 tty=ssh ruser= rhost=43.255.190.173  user=root
Apr 12 22:11:17 ovzhost sshd[1481]: Failed password for root from 43.255.190.173 port 47482 ssh2
Apr 12 22:11:18 ovzhost sshd[1483]: pam_unix(sshd:auth): authentication failure; logname= uid=0 euid=0 tty=ssh ruser= rhost=43.255.190.91  user=root
Apr 12 22:11:18 ovzhost sshd[1479]: message repeated 2 times: [ Failed password for root from 43.255.190.91 port 35718 ssh2]
Apr 12 22:11:18 ovzhost sshd[1479]: Received disconnect from 43.255.190.91: 11:  [preauth]
Apr 12 22:11:18 ovzhost sshd[1479]: PAM 2 more authentication failures; logname= uid=0 euid=0 tty=ssh ruser= rhost=43.255.190.91  user=root
Apr 12 22:11:17 ovzhost sshd[1473]: message repeated 2 times: [ Failed password for root from 43.255.190.91 port 54217 ssh2]
Apr 12 22:11:19 ovzhost sshd[1473]: Received disconnect from 43.255.190.91: 11:  [preauth]
Apr 12 22:11:19 ovzhost sshd[1473]: PAM 2 more authentication failures; logname= uid=0 euid=0 tty=ssh ruser= rhost=43.255.190.91  user=root
Apr 12 22:11:19 ovzhost sshd[1485]: pam_unix(sshd:auth): authentication failure; logname= uid=0 euid=0 tty=ssh ruser= rhost=43.255.190.91  user=root
Apr 12 22:11:20 ovzhost sshd[1483]: Failed password for root from 43.255.190.91 port 44310 ssh2
Apr 12 22:11:21 ovzhost sshd[1481]: message repeated 2 times: [ Failed password for root from 43.255.190.173 port 47482 ssh2]
Apr 12 22:11:21 ovzhost sshd[1481]: Received disconnect from 43.255.190.173: 11:  [preauth]
Apr 12 22:11:21 ovzhost sshd[1481]: PAM 2 more authentication failures; logname= uid=0 euid=0 tty=ssh ruser= rhost=43.255.190.173  user=root
Apr 12 22:11:21 ovzhost sshd[1485]: Failed password for root from 43.255.190.91 port 46365 ssh2
Apr 12 22:11:22 ovzhost sshd[1487]: pam_unix(sshd:auth): authentication failure; logname= uid=0 euid=0 tty=ssh ruser= rhost=43.255.190.173  user=root
Apr 12 22:11:23 ovzhost sshd[1487]: Failed password for root from 43.255.190.173 port 35912 ssh2
Apr 12 22:11:24 ovzhost sshd[1483]: message repeated 2 times: [ Failed password for root from 43.255.190.91 port 44310 ssh2]
Apr 12 22:11:24 ovzhost sshd[1483]: Received disconnect from 43.255.190.91: 11:  [preauth]
Apr 12 22:11:24 ovzhost sshd[1483]: PAM 2 more authentication failures; logname= uid=0 euid=0 tty=ssh ruser= rhost=43.255.190.91  user=root
Apr 12 22:11:24 ovzhost sshd[1485]: message repeated 2 times: [ Failed password for root from 43.255.190.91 port 46365 ssh2]
Apr 12 22:11:25 ovzhost sshd[1485]: Received disconnect from 43.255.190.91: 11:  [preauth]
Apr 12 22:11:25 ovzhost sshd[1485]: PAM 2 more authentication failures; logname= uid=0 euid=0 tty=ssh ruser= rhost=43.255.190.91  user=root
Apr 12 22:11:25 ovzhost sshd[1491]: pam_unix(sshd:auth): authentication failure; logname= uid=0 euid=0 tty=ssh ruser= rhost=43.255.190.91  user=root
Apr 12 22:11:26 ovzhost sshd[1489]: pam_unix(sshd:auth): authentication failure; logname= uid=0 euid=0 tty=ssh ruser= rhost=43.255.190.91  user=root
Apr 12 22:11:27 ovzhost sshd[1491]: Failed password for root from 43.255.190.91 port 55480 ssh2
Apr 12 22:11:28 ovzhost sshd[1487]: message repeated 2 times: [ Failed password for root from 43.255.190.173 port 35912 ssh2]
Apr 12 22:11:28 ovzhost sshd[1487]: Received disconnect from 43.255.190.173: 11:  [preauth]
Apr 12 22:11:28 ovzhost sshd[1487]: PAM 2 more authentication failures; logname= uid=0 euid=0 tty=ssh ruser= rhost=43.255.190.173  user=root
Apr 12 22:11:29 ovzhost sshd[1489]: Failed password for root from 43.255.190.91 port 54679 ssh2
Apr 12 22:11:29 ovzhost sshd[1493]: pam_unix(sshd:auth): authentication failure; logname= uid=0 euid=0 tty=ssh ruser= rhost=43.255.190.173  user=root
Apr 12 22:11:31 ovzhost sshd[1493]: Failed password for root from 43.255.190.173 port 53221 ssh2
Apr 12 22:11:31 ovzhost sshd[1491]: message repeated 2 times: [ Failed password for root from 43.255.190.91 port 55480 ssh2]
Apr 12 22:11:31 ovzhost sshd[1491]: Received disconnect from 43.255.190.91: 11:  [preauth]
Apr 12 22:11:31 ovzhost sshd[1491]: PAM 2 more authentication failures; logname= uid=0 euid=0 tty=ssh ruser= rhost=43.255.190.91  user=root
Apr 12 22:11:33 ovzhost sshd[1489]: message repeated 2 times: [ Failed password for root from 43.255.190.91 port 54679 ssh2]
Apr 12 22:11:33 ovzhost sshd[1489]: Received disconnect from 43.255.190.91: 11:  [preauth]
Apr 12 22:11:33 ovzhost sshd[1489]: PAM 2 more authentication failures; logname= uid=0 euid=0 tty=ssh ruser= rhost=43.255.190.91  user=root
Apr 12 22:11:35 ovzhost sshd[1499]: pam_unix(sshd:auth): authentication failure; logname= uid=0 euid=0 tty=ssh ruser= rhost=43.255.190.91  user=root
Apr 12 22:11:35 ovzhost sshd[1493]: message repeated 2 times: [ Failed password for root from 43.255.190.173 port 53221 ssh2]
Apr 12 22:11:35 ovzhost sshd[1493]: Received disconnect from 43.255.190.173: 11:  [preauth]
Apr 12 22:11:35 ovzhost sshd[1493]: PAM 2 more authentication failures; logname= uid=0 euid=0 tty=ssh ruser= rhost=43.255.190.173  user=root
Apr 12 22:11:35 ovzhost sshd[1501]: pam_unix(sshd:auth): authentication failure; logname= uid=0 euid=0 tty=ssh ruser= rhost=43.255.190.173  user=root
Apr 12 22:11:36 ovzhost sshd[1497]: pam_unix(sshd:auth): authentication failure; logname= uid=0 euid=0 tty=ssh ruser= rhost=43.255.190.91  user=root
Apr 12 22:11:36 ovzhost sshd[1499]: Failed password for root from 43.255.190.91 port 38919 ssh2
Apr 12 22:11:37 ovzhost sshd[1501]: Failed password for root from 43.255.190.173 port 41417 ssh2
Apr 12 22:11:38 ovzhost sshd[1497]: Failed password for root from 43.255.190.91 port 35920 ssh2
Apr 12 22:11:41 ovzhost sshd[1499]: message repeated 2 times: [ Failed password for root from 43.255.190.91 port 38919 ssh2]
Apr 12 22:11:41 ovzhost sshd[1499]: Received disconnect from 43.255.190.91: 11:  [preauth]
Apr 12 22:11:41 ovzhost sshd[1499]: PAM 2 more authentication failures; logname= uid=0 euid=0 tty=ssh ruser= rhost=43.255.190.91  user=root
Apr 12 22:11:41 ovzhost sshd[1501]: message repeated 2 times: [ Failed password for root from 43.255.190.173 port 41417 ssh2]
Apr 12 22:11:41 ovzhost sshd[1501]: Received disconnect from 43.255.190.173: 11:  [preauth]
Apr 12 22:11:41 ovzhost sshd[1501]: PAM 2 more authentication failures; logname= uid=0 euid=0 tty=ssh ruser= rhost=43.255.190.173  user=root
Apr 12 22:11:41 ovzhost sshd[1505]: pam_unix(sshd:auth): authentication failure; logname= uid=0 euid=0 tty=ssh ruser= rhost=43.255.190.173  user=root
Apr 12 22:11:42 ovzhost sshd[1503]: pam_unix(sshd:auth): authentication failure; logname= uid=0 euid=0 tty=ssh ruser= rhost=43.255.190.91  user=root
Apr 12 22:11:42 ovzhost sshd[1497]: message repeated 2 times: [ Failed password for root from 43.255.190.91 port 35920 ssh2]
Apr 12 22:11:42 ovzhost sshd[1497]: Received disconnect from 43.255.190.91: 11:  [preauth]
