Mar 31 17:16:56 ovzhost sudo:     root : unable to resolve host ovzhost
Mar 31 17:16:56 ovzhost sudo:     root : TTY=pts/0 ; PWD=/ ; USER=root ; COMMAND=/usr/bin/less /root/.bash_history
Mar 31 17:16:56 ovzhost sudo: pam_unix(sudo:session): session opened for user root by (uid=0)
Mar 31 17:16:57 ovzhost sudo: pam_unix(sudo:session): session closed for user root
Apr  2 14:31:13 ovzhost sshd[419]: Server listening on 0.0.0.0 port 22.
Apr  2 14:31:13 ovzhost sshd[419]: Server listening on :: port 22.
Apr  2 14:31:13 ovzhost saslauthd[637]: detach_tty      : master pid is: 637
Apr  2 14:31:13 ovzhost saslauthd[637]: ipc_init        : listening on socket: /var/run/saslauthd/mux
Apr  2 14:33:26 ovzhost sshd[797]: Connection closed by 127.0.0.1 [preauth]
Apr 12 21:35:39 ovzhost sshd[712]: Connection closed by 127.0.0.1 [preauth]
Apr 12 21:39:01 ovzhost CRON[790]: pam_env(cron:session): Unable to open env file: /etc/default/locale: No such file or directory
Apr 12 21:39:01 ovzhost CRON[790]: pam_unix(cron:session): session opened for user root by (uid=0)
Apr 12 21:39:02 ovzhost CRON[790]: pam_unix(cron:session): session closed for user root
Apr 12 21:40:01 ovzhost CRON[804]: pam_env(cron:session): Unable to open env file: /etc/default/locale: No such file or directory
Apr 12 21:40:01 ovzhost CRON[804]: pam_unix(cron:session): session opened for user smmsp by (uid=0)
Apr 12 21:40:01 ovzhost CRON[804]: pam_unix(cron:session): session closed for user smmsp
Apr 12 21:40:28 ovzhost sshd[833]: Connection closed by 128.8.37.104 [preauth]
Apr 12 21:40:30 ovzhost sshd[835]: pam_unix(sshd:auth): authentication failure; logname= uid=0 euid=0 tty=ssh ruser= rhost=128.134.54.57  user=root
Apr 12 21:40:32 ovzhost sshd[835]: Failed password for root from 128.134.54.57 port 46995 ssh2
Apr 12 21:40:36 ovzhost sshd[835]: message repeated 2 times: [ Failed password for root from 128.134.54.57 port 46995 ssh2]
Apr 12 21:40:36 ovzhost sshd[835]: Connection closed by 128.134.54.57 [preauth]
Apr 12 21:40:36 ovzhost sshd[835]: PAM 2 more authentication failures; logname= uid=0 euid=0 tty=ssh ruser= rhost=128.134.54.57  user=root
Apr 12 21:40:39 ovzhost sshd[838]: Connection closed by 127.0.0.1 [preauth]
Apr 12 21:43:16 ovzhost sshd[850]: Invalid user boss from 80.242.123.130
Apr 12 21:43:16 ovzhost sshd[850]: input_userauth_request: invalid user boss [preauth]
Apr 12 21:43:16 ovzhost sshd[850]: pam_unix(sshd:auth): check pass; user unknown
Apr 12 21:43:16 ovzhost sshd[850]: pam_unix(sshd:auth): authentication failure; logname= uid=0 euid=0 tty=ssh ruser= rhost=130-123-242-80.pppoe.dyn.broadband.blic.net 
Apr 12 21:43:18 ovzhost sshd[850]: Failed password for invalid user boss from 80.242.123.130 port 48919 ssh2
Apr 12 21:43:18 ovzhost sshd[850]: Received disconnect from 80.242.123.130: 11: Bye Bye [preauth]
Apr 12 21:43:33 ovzhost sshd[852]: pam_unix(sshd:auth): authentication failure; logname= uid=0 euid=0 tty=ssh ruser= rhost=43.255.190.149  user=root
Apr 12 21:43:36 ovzhost sshd[852]: Failed password for root from 43.255.190.149 port 40352 ssh2
Apr 12 21:43:41 ovzhost sshd[854]: pam_unix(sshd:auth): authentication failure; logname= uid=0 euid=0 tty=ssh ruser= rhost=43.255.190.169  user=root
Apr 12 21:43:41 ovzhost sshd[852]: message repeated 2 times: [ Failed password for root from 43.255.190.149 port 40352 ssh2]
Apr 12 21:43:41 ovzhost sshd[852]: Received disconnect from 43.255.190.149: 11:  [preauth]
Apr 12 21:43:41 ovzhost sshd[852]: PAM 2 more authentication failures; logname= uid=0 euid=0 tty=ssh ruser= rhost=43.255.190.149  user=root
Apr 12 21:43:43 ovzhost sshd[856]: pam_unix(sshd:auth): authentication failure; logname= uid=0 euid=0 tty=ssh ruser= rhost=43.255.190.149  user=root
Apr 12 21:43:43 ovzhost sshd[854]: Failed password for root from 43.255.190.169 port 51124 ssh2
Apr 12 21:43:45 ovzhost sshd[856]: Failed password for root from 43.255.190.149 port 53653 ssh2
Apr 12 21:43:48 ovzhost sshd[854]: message repeated 2 times: [ Failed password for root from 43.255.190.169 port 51124 ssh2]
Apr 12 21:43:48 ovzhost sshd[854]: Received disconnect from 43.255.190.169: 11:  [preauth]
Apr 12 21:43:48 ovzhost sshd[854]: PAM 2 more authentication failures; logname= uid=0 euid=0 tty=ssh ruser= rhost=43.255.190.169  user=root
Apr 12 21:43:48 ovzhost sshd[860]: pam_unix(sshd:auth): authentication failure; logname= uid=0 euid=0 tty=ssh ruser= rhost=43.255.190.169  user=root
Apr 12 21:43:49 ovzhost sshd[858]: pam_unix(sshd:auth): authentication failure; logname= uid=0 euid=0 tty=ssh ruser= rhost=43.255.190.149  user=root
Apr 12 21:43:50 ovzhost sshd[856]: message repeated 2 times: [ Failed password for root from 43.255.190.149 port 53653 ssh2]
Apr 12 21:43:50 ovzhost sshd[856]: Received disconnect from 43.255.190.149: 11:  [preauth]
Apr 12 21:43:50 ovzhost sshd[856]: PAM 2 more authentication failures; logname= uid=0 euid=0 tty=ssh ruser= rhost=43.255.190.149  user=root
Apr 12 21:43:51 ovzhost sshd[860]: Failed password for root from 43.255.190.169 port 40961 ssh2
Apr 12 21:43:51 ovzhost sshd[858]: Failed password for root from 43.255.190.149 port 53497 ssh2
Apr 12 21:43:52 ovzhost sshd[862]: pam_unix(sshd:auth): authentication failure; logname= uid=0 euid=0 tty=ssh ruser= rhost=43.255.190.149  user=root
Apr 12 21:43:54 ovzhost sshd[862]: Failed password for root from 43.255.190.149 port 35483 ssh2
Apr 12 21:43:55 ovzhost sshd[860]: message repeated 2 times: [ Failed password for root from 43.255.190.169 port 40961 ssh2]
Apr 12 21:43:56 ovzhost sshd[860]: Received disconnect from 43.255.190.169: 11:  [preauth]
Apr 12 21:43:56 ovzhost sshd[860]: PAM 2 more authentication failures; logname= uid=0 euid=0 tty=ssh ruser= rhost=43.255.190.169  user=root
Apr 12 21:43:56 ovzhost sshd[858]: message repeated 2 times: [ Failed password for root from 43.255.190.149 port 53497 ssh2]
Apr 12 21:43:56 ovzhost sshd[858]: Received disconnect from 43.255.190.149: 11:  [preauth]
Apr 12 21:43:56 ovzhost sshd[858]: PAM 2 more authentication failures; logname= uid=0 euid=0 tty=ssh ruser= rhost=43.255.190.149  user=root
Apr 12 21:43:56 ovzhost sshd[864]: pam_unix(sshd:auth): authentication failure; logname= uid=0 euid=0 tty=ssh ruser= rhost=43.255.190.169  user=root
Apr 12 21:43:57 ovzhost sshd[866]: pam_unix(sshd:auth): authentication failure; logname= uid=0 euid=0 tty=ssh ruser= rhost=43.255.190.149  user=root
Apr 12 21:43:59 ovzhost sshd[864]: Failed password for root from 43.255.190.169 port 58718 ssh2
Apr 12 21:43:59 ovzhost sshd[862]: message repeated 2 times: [ Failed password for root from 43.255.190.149 port 35483 ssh2]
Apr 12 21:43:59 ovzhost sshd[862]: Received disconnect from 43.255.190.149: 11:  [preauth]
Apr 12 21:43:59 ovzhost sshd[862]: PAM 2 more authentication failures; logname= uid=0 euid=0 tty=ssh ruser= rhost=43.255.190.149  user=root
Apr 12 21:43:59 ovzhost sshd[866]: Failed password for root from 43.255.190.149 port 42353 ssh2
Apr 12 21:44:01 ovzhost sshd[870]: pam_unix(sshd:auth): authentication failure; logname= uid=0 euid=0 tty=ssh ruser= rhost=43.255.190.149  user=root
Apr 12 21:44:03 ovzhost sshd[864]: message repeated 2 times: [ Failed password for root from 43.255.190.169 port 58718 ssh2]
Apr 12 21:44:03 ovzhost sshd[864]: Received disconnect from 43.255.190.169: 11:  [preauth]
Apr 12 21:44:03 ovzhost sshd[864]: PAM 2 more authentication failures; logname= uid=0 euid=0 tty=ssh ruser= rhost=43.255.190.169  user=root
Apr 12 21:44:03 ovzhost sshd[870]: Failed password for root from 43.255.190.149 port 46834 ssh2
Apr 12 21:44:04 ovzhost sshd[872]: pam_unix(sshd:auth): authentication failure; logname= uid=0 euid=0 tty=ssh ruser= rhost=43.255.190.169  user=root
Apr 12 21:44:05 ovzhost sshd[872]: Failed password for root from 43.255.190.169 port 47906 ssh2
Apr 12 21:44:06 ovzhost sshd[866]: message repeated 2 times: [ Failed password for root from 43.255.190.149 port 42353 ssh2]
Apr 12 21:44:06 ovzhost sshd[866]: Received disconnect from 43.255.190.149: 11:  [preauth]
Apr 12 21:44:06 ovzhost sshd[866]: PAM 2 more authentication failures; logname= uid=0 euid=0 tty=ssh ruser= rhost=43.255.190.149  user=root
Apr 12 21:44:07 ovzhost sshd[870]: message repeated 2 times: [ Failed password for root from 43.255.190.149 port 46834 ssh2]
Apr 12 21:44:07 ovzhost sshd[870]: Received disconnect from 43.255.190.149: 11:  [preauth]
Apr 12 21:44:07 ovzhost sshd[870]: PAM 2 more authentication failures; logname= uid=0 euid=0 tty=ssh ruser= rhost=43.255.190.149  user=root
Apr 12 21:44:07 ovzhost sshd[874]: pam_unix(sshd:auth): authentication failure; logname= uid=0 euid=0 tty=ssh ruser= rhost=43.255.190.149  user=root
Apr 12 21:44:08 ovzhost sshd[876]: pam_unix(sshd:auth): authentication failure; logname= uid=0 euid=0 tty=ssh ruser= rhost=43.255.190.149  user=root
Apr 12 21:44:09 ovzhost sshd[872]: message repeated 2 times: [ Failed password for root from 43.255.190.169 port 47906 ssh2]
Apr 12 21:44:09 ovzhost sshd[872]: Received disconnect from 43.255.190.169: 11:  [preauth]
Apr 12 21:44:09 ovzhost sshd[872]: PAM 2 more authentication failures; logname= uid=0 euid=0 tty=ssh ruser= rhost=43.255.190.169  user=root
Apr 12 21:44:09 ovzhost sshd[874]: Failed password for root from 43.255.190.149 port 55466 ssh2
Apr 12 21:44:10 ovzhost sshd[878]: pam_unix(sshd:auth): authentication failure; logname= uid=0 euid=0 tty=ssh ruser= rhost=43.255.190.169  user=root
Apr 12 21:44:11 ovzhost sshd[876]: Failed password for root from 43.255.190.149 port 57159 ssh2
Apr 12 21:44:12 ovzhost sshd[878]: Failed password for root from 43.255.190.169 port 35436 ssh2
Apr 12 21:44:14 ovzhost sshd[874]: message repeated 2 times: [ Failed password for root from 43.255.190.149 port 55466 ssh2]
Apr 12 21:44:14 ovzhost sshd[874]: Received disconnect from 43.255.190.149: 11:  [preauth]
Apr 12 21:44:14 ovzhost sshd[874]: PAM 2 more authentication failures; logname= uid=0 euid=0 tty=ssh ruser= rhost=43.255.190.149  user=root
Apr 12 21:44:15 ovzhost sshd[876]: message repeated 2 times: [ Failed password for root from 43.255.190.149 port 57159 ssh2]
Apr 12 21:44:15 ovzhost sshd[876]: Received disconnect from 43.255.190.149: 11:  [preauth]
Apr 12 21:44:15 ovzhost sshd[876]: PAM 2 more authentication failures; logname= uid=0 euid=0 tty=ssh ruser= rhost=43.255.190.149  user=root
Apr 12 21:44:15 ovzhost sshd[880]: pam_unix(sshd:auth): authentication failure; logname= uid=0 euid=0 tty=ssh ruser= rhost=43.255.190.149  user=root
Apr 12 21:44:16 ovzhost sshd[882]: pam_unix(sshd:auth): authentication failure; logname= uid=0 euid=0 tty=ssh ruser= rhost=43.255.190.149  user=root
Apr 12 21:44:17 ovzhost sshd[878]: message repeated 2 times: [ Failed password for root from 43.255.190.169 port 35436 ssh2]
Apr 12 21:44:17 ovzhost sshd[878]: Received disconnect from 43.255.190.169: 11:  [preauth]
Apr 12 21:44:17 ovzhost sshd[878]: PAM 2 more authentication failures; logname= uid=0 euid=0 tty=ssh ruser= rhost=43.255.190.169  user=root
Apr 12 21:44:18 ovzhost sshd[884]: pam_unix(sshd:auth): authentication failure; logname= uid=0 euid=0 tty=ssh ruser= rhost=43.255.190.169  user=root
Apr 12 21:44:18 ovzhost sshd[882]: Failed password for root from 43.255.190.149 port 37451 ssh2
Apr 12 21:44:18 ovzhost sshd[880]: Failed password for root from 43.255.190.149 port 36319 ssh2
Apr 12 21:44:19 ovzhost sshd[884]: Failed password for root from 43.255.190.169 port 53510 ssh2
Apr 12 21:44:22 ovzhost sshd[880]: message repeated 2 times: [ Failed password for root from 43.255.190.149 port 36319 ssh2]
Apr 12 21:44:22 ovzhost sshd[880]: Received disconnect from 43.255.190.149: 11:  [preauth]
Apr 12 21:44:22 ovzhost sshd[880]: PAM 2 more authentication failures; logname= uid=0 euid=0 tty=ssh ruser= rhost=43.255.190.149  user=root
Apr 12 21:44:22 ovzhost sshd[882]: message repeated 2 times: [ Failed password for root from 43.255.190.149 port 37451 ssh2]
Apr 12 21:44:22 ovzhost sshd[882]: Received disconnect from 43.255.190.149: 11:  [preauth]
Apr 12 21:44:22 ovzhost sshd[882]: PAM 2 more authentication failures; logname= uid=0 euid=0 tty=ssh ruser= rhost=43.255.190.149  user=root
Apr 12 21:44:24 ovzhost sshd[884]: message repeated 2 times: [ Failed password for root from 43.255.190.169 port 53510 ssh2]
Apr 12 21:44:24 ovzhost sshd[884]: Received disconnect from 43.255.190.169: 11:  [preauth]
Apr 12 21:44:24 ovzhost sshd[884]: PAM 2 more authentication failures; logname= uid=0 euid=0 tty=ssh ruser= rhost=43.255.190.169  user=root
Apr 12 21:44:25 ovzhost sshd[887]: pam_unix(sshd:auth): authentication failure; logname= uid=0 euid=0 tty=ssh ruser= rhost=43.255.190.149  user=root
Apr 12 21:44:25 ovzhost sshd[890]: pam_unix(sshd:auth): authentication failure; logname= uid=0 euid=0 tty=ssh ruser= rhost=43.255.190.169  user=root
Apr 12 21:44:25 ovzhost sshd[886]: pam_unix(sshd:auth): authentication failure; logname= uid=0 euid=0 tty=ssh ruser= rhost=43.255.190.149  user=root
Apr 12 21:44:27 ovzhost sshd[887]: Failed password for root from 43.255.190.149 port 46282 ssh2
Apr 12 21:44:27 ovzhost sshd[890]: Failed password for root from 43.255.190.169 port 42849 ssh2
Apr 12 21:44:27 ovzhost sshd[886]: Failed password for root from 43.255.190.149 port 46252 ssh2
Apr 12 21:44:30 ovzhost sshd[887]: message repeated 2 times: [ Failed password for root from 43.255.190.149 port 46282 ssh2]
Apr 12 21:44:31 ovzhost sshd[887]: Received disconnect from 43.255.190.149: 11:  [preauth]
Apr 12 21:44:31 ovzhost sshd[887]: PAM 2 more authentication failures; logname= uid=0 euid=0 tty=ssh ruser= rhost=43.255.190.149  user=root
Apr 12 21:44:31 ovzhost sshd[890]: message repeated 2 times: [ Failed password for root from 43.255.190.169 port 42849 ssh2]
Apr 12 21:44:31 ovzhost sshd[890]: Received disconnect from 43.255.190.169: 11:  [preauth]
Apr 12 21:44:31 ovzhost sshd[890]: PAM 2 more authentication failures; logname= uid=0 euid=0 tty=ssh ruser= rhost=43.255.190.169  user=root
Apr 12 21:44:31 ovzhost sshd[894]: pam_unix(sshd:auth): authentication failure; logname= uid=0 euid=0 tty=ssh ruser= rhost=43.255.190.169  user=root
Apr 12 21:44:31 ovzhost sshd[886]: message repeated 2 times: [ Failed password for root from 43.255.190.149 port 46252 ssh2]
Apr 12 21:44:31 ovzhost sshd[886]: Received disconnect from 43.255.190.149: 11:  [preauth]
Apr 12 21:44:31 ovzhost sshd[886]: PAM 2 more authentication failures; logname= uid=0 euid=0 tty=ssh ruser= rhost=43.255.190.149  user=root
Apr 12 21:44:32 ovzhost sshd[892]: pam_unix(sshd:auth): authentication failure; logname= uid=0 euid=0 tty=ssh ruser= rhost=43.255.190.149  user=root
Apr 12 21:44:33 ovzhost sshd[896]: pam_unix(sshd:auth): authentication failure; logname= uid=0 euid=0 tty=ssh ruser= rhost=43.255.190.149  user=root
Apr 12 21:44:34 ovzhost sshd[894]: Failed password for root from 43.255.190.169 port 59911 ssh2
Apr 12 21:44:34 ovzhost sshd[892]: Failed password for root from 43.255.190.149 port 56549 ssh2
Apr 12 21:44:36 ovzhost sshd[896]: Failed password for root from 43.255.190.149 port 57395 ssh2
Apr 12 21:44:38 ovzhost sshd[894]: message repeated 2 times: [ Failed password for root from 43.255.190.169 port 59911 ssh2]
Apr 12 21:44:38 ovzhost sshd[894]: Received disconnect from 43.255.190.169: 11:  [preauth]
Apr 12 21:44:38 ovzhost sshd[894]: PAM 2 more authentication failures; logname= uid=0 euid=0 tty=ssh ruser= rhost=43.255.190.169  user=root
Apr 12 21:44:38 ovzhost sshd[892]: message repeated 2 times: [ Failed password for root from 43.255.190.149 port 56549 ssh2]
Apr 12 21:44:38 ovzhost sshd[892]: Received disconnect from 43.255.190.149: 11:  [preauth]
Apr 12 21:44:38 ovzhost sshd[892]: PAM 2 more authentication failures; logname= uid=0 euid=0 tty=ssh ruser= rhost=43.255.190.149  user=root
Apr 12 21:44:39 ovzhost sshd[898]: pam_unix(sshd:auth): authentication failure; logname= uid=0 euid=0 tty=ssh ruser= rhost=43.255.190.169  user=root
Apr 12 21:44:41 ovzhost sshd[898]: Failed password for root from 43.255.190.169 port 49233 ssh2
Apr 12 21:44:41 ovzhost sshd[896]: message repeated 2 times: [ Failed password for root from 43.255.190.149 port 57395 ssh2]
Apr 12 21:44:41 ovzhost sshd[896]: Received disconnect from 43.255.190.149: 11:  [preauth]
Apr 12 21:44:41 ovzhost sshd[896]: PAM 2 more authentication failures; logname= uid=0 euid=0 tty=ssh ruser= rhost=43.255.190.149  user=root
Apr 12 21:44:42 ovzhost sshd[902]: pam_unix(sshd:auth): authentication failure; logname= uid=0 euid=0 tty=ssh ruser= rhost=43.255.190.149  user=root
Apr 12 21:44:44 ovzhost sshd[898]: message repeated 2 times: [ Failed password for root from 43.255.190.169 port 49233 ssh2]
Apr 12 21:44:44 ovzhost sshd[898]: Received disconnect from 43.255.190.169: 11:  [preauth]
Apr 12 21:44:44 ovzhost sshd[898]: PAM 2 more authentication failures; logname= uid=0 euid=0 tty=ssh ruser= rhost=43.255.190.169  user=root
Apr 12 21:44:44 ovzhost sshd[902]: Failed password for root from 43.255.190.149 port 36888 ssh2
Apr 12 21:44:44 ovzhost sshd[904]: pam_unix(sshd:auth): authentication failure; logname= uid=0 euid=0 tty=ssh ruser= rhost=43.255.190.169  user=root
Apr 12 21:44:46 ovzhost sshd[900]: pam_unix(sshd:auth): authentication failure; logname= uid=0 euid=0 tty=ssh ruser= rhost=43.255.190.149  user=root
Apr 12 21:44:47 ovzhost sshd[904]: Failed password for root from 43.255.190.169 port 35682 ssh2
Apr 12 21:44:48 ovzhost sshd[900]: Failed password for root from 43.255.190.149 port 40116 ssh2
Apr 12 21:44:50 ovzhost sshd[902]: message repeated 2 times: [ Failed password for root from 43.255.190.149 port 36888 ssh2]
Apr 12 21:44:50 ovzhost sshd[902]: Received disconnect from 43.255.190.149: 11:  [preauth]
Apr 12 21:44:50 ovzhost sshd[902]: PAM 2 more authentication failures; logname= uid=0 euid=0 tty=ssh ruser= rhost=43.255.190.149  user=root
Apr 12 21:44:51 ovzhost sshd[907]: pam_unix(sshd:auth): authentication failure; logname= uid=0 euid=0 tty=ssh ruser= rhost=43.255.190.149  user=root
Apr 12 21:44:51 ovzhost sshd[904]: message repeated 2 times: [ Failed password for root from 43.255.190.169 port 35682 ssh2]
Apr 12 21:44:51 ovzhost sshd[904]: Received disconnect from 43.255.190.169: 11:  [preauth]
Apr 12 21:44:51 ovzhost sshd[904]: PAM 2 more authentication failures; logname= uid=0 euid=0 tty=ssh ruser= rhost=43.255.190.169  user=root
Apr 12 21:44:52 ovzhost sshd[909]: pam_unix(sshd:auth): authentication failure; logname= uid=0 euid=0 tty=ssh ruser= rhost=43.255.190.169  user=root
Apr 12 21:44:52 ovzhost sshd[900]: message repeated 2 times: [ Failed password for root from 43.255.190.149 port 40116 ssh2]
Apr 12 21:44:52 ovzhost sshd[900]: Received disconnect from 43.255.190.149: 11:  [preauth]
Apr 12 21:44:52 ovzhost sshd[900]: PAM 2 more authentication failures; logname= uid=0 euid=0 tty=ssh ruser= rhost=43.255.190.149  user=root
Apr 12 21:44:53 ovzhost sshd[907]: Failed password for root from 43.255.190.149 port 50542 ssh2
Apr 12 21:44:54 ovzhost sshd[909]: Failed password for root from 43.255.190.169 port 54077 ssh2
Apr 12 21:44:54 ovzhost sshd[911]: pam_unix(sshd:auth): authentication failure; logname= uid=0 euid=0 tty=ssh ruser= rhost=43.255.190.149  user=root
Apr 12 21:44:56 ovzhost sshd[911]: Failed password for root from 43.255.190.149 port 53267 ssh2
Apr 12 21:44:56 ovzhost sshd[907]: message repeated 2 times: [ Failed password for root from 43.255.190.149 port 50542 ssh2]
Apr 12 21:44:56 ovzhost sshd[907]: Received disconnect from 43.255.190.149: 11:  [preauth]
Apr 12 21:44:56 ovzhost sshd[907]: PAM 2 more authentication failures; logname= uid=0 euid=0 tty=ssh ruser= rhost=43.255.190.149  user=root
Apr 12 21:44:58 ovzhost sshd[909]: message repeated 2 times: [ Failed password for root from 43.255.190.169 port 54077 ssh2]
Apr 12 21:44:58 ovzhost sshd[909]: Received disconnect from 43.255.190.169: 11:  [preauth]
Apr 12 21:44:58 ovzhost sshd[909]: PAM 2 more authentication failures; logname= uid=0 euid=0 tty=ssh ruser= rhost=43.255.190.169  user=root
Apr 12 21:44:58 ovzhost sshd[913]: pam_unix(sshd:auth): authentication failure; logname= uid=0 euid=0 tty=ssh ruser= rhost=43.255.190.149  user=root
Apr 12 21:44:59 ovzhost sshd[916]: pam_unix(sshd:auth): authentication failure; logname= uid=0 euid=0 tty=ssh ruser= rhost=43.255.190.169  user=root
Apr 12 21:45:00 ovzhost sshd[913]: Failed password for root from 43.255.190.149 port 58657 ssh2
Apr 12 21:45:00 ovzhost sshd[916]: Failed password for root from 43.255.190.169 port 42627 ssh2
Apr 12 21:45:02 ovzhost sshd[911]: message repeated 2 times: [ Failed password for root from 43.255.190.149 port 53267 ssh2]
Apr 12 21:45:02 ovzhost sshd[911]: Received disconnect from 43.255.190.149: 11:  [preauth]
Apr 12 21:45:02 ovzhost sshd[911]: PAM 2 more authentication failures; logname= uid=0 euid=0 tty=ssh ruser= rhost=43.255.190.149  user=root
Apr 12 21:45:04 ovzhost sshd[916]: message repeated 2 times: [ Failed password for root from 43.255.190.169 port 42627 ssh2]
Apr 12 21:45:04 ovzhost sshd[916]: Received disconnect from 43.255.190.169: 11:  [preauth]
Apr 12 21:45:04 ovzhost sshd[916]: PAM 2 more authentication failures; logname= uid=0 euid=0 tty=ssh ruser= rhost=43.255.190.169  user=root
Apr 12 21:45:04 ovzhost sshd[913]: message repeated 2 times: [ Failed password for root from 43.255.190.149 port 58657 ssh2]
Apr 12 21:45:04 ovzhost sshd[913]: Received disconnect from 43.255.190.149: 11:  [preauth]
Apr 12 21:45:04 ovzhost sshd[913]: PAM 2 more authentication failures; logname= uid=0 euid=0 tty=ssh ruser= rhost=43.255.190.149  user=root
Apr 12 21:45:05 ovzhost sshd[924]: pam_unix(sshd:auth): authentication failure; logname= uid=0 euid=0 tty=ssh ruser= rhost=43.255.190.169  user=root
Apr 12 21:45:05 ovzhost sshd[920]: pam_unix(sshd:auth): authentication failure; logname= uid=0 euid=0 tty=ssh ruser= rhost=43.255.190.149  user=root
Apr 12 21:45:05 ovzhost sshd[922]: pam_unix(sshd:auth): authentication failure; logname= uid=0 euid=0 tty=ssh ruser= rhost=43.255.190.149  user=root
Apr 12 21:45:06 ovzhost sshd[924]: Failed password for root from 43.255.190.169 port 57972 ssh2
Apr 12 21:45:06 ovzhost sshd[920]: Failed password for root from 43.255.190.149 port 36415 ssh2
Apr 12 21:45:07 ovzhost sshd[922]: Failed password for root from 43.255.190.149 port 39034 ssh2
Apr 12 21:45:11 ovzhost sshd[924]: message repeated 2 times: [ Failed password for root from 43.255.190.169 port 57972 ssh2]
Apr 12 21:45:12 ovzhost sshd[924]: Received disconnect from 43.255.190.169: 11:  [preauth]
Apr 12 21:45:12 ovzhost sshd[924]: PAM 2 more authentication failures; logname= uid=0 euid=0 tty=ssh ruser= rhost=43.255.190.169  user=root
Apr 12 21:45:12 ovzhost sshd[922]: message repeated 2 times: [ Failed password for root from 43.255.190.149 port 39034 ssh2]
Apr 12 21:45:12 ovzhost sshd[922]: Received disconnect from 43.255.190.149: 11:  [preauth]
Apr 12 21:45:12 ovzhost sshd[922]: PAM 2 more authentication failures; logname= uid=0 euid=0 tty=ssh ruser= rhost=43.255.190.149  user=root
Apr 12 21:45:12 ovzhost sshd[926]: pam_unix(sshd:auth): authentication failure; logname= uid=0 euid=0 tty=ssh ruser= rhost=43.255.190.169  user=root
Apr 12 21:45:12 ovzhost sshd[920]: message repeated 2 times: [ Failed password for root from 43.255.190.149 port 36415 ssh2]
Apr 12 21:45:12 ovzhost sshd[920]: Received disconnect from 43.255.190.149: 11:  [preauth]
Apr 12 21:45:12 ovzhost sshd[920]: PAM 2 more authentication failures; logname= uid=0 euid=0 tty=ssh ruser= rhost=43.255.190.149  user=root
Apr 12 21:45:13 ovzhost sshd[928]: pam_unix(sshd:auth): authentication failure; logname= uid=0 euid=0 tty=ssh ruser= rhost=43.255.190.149  user=root
Apr 12 21:45:13 ovzhost sshd[930]: pam_unix(sshd:auth): authentication failure; logname= uid=0 euid=0 tty=ssh ruser= rhost=43.255.190.149  user=root
Apr 12 21:45:14 ovzhost sshd[926]: Failed password for root from 43.255.190.169 port 46316 ssh2
Apr 12 21:45:15 ovzhost sshd[928]: Failed password for root from 43.255.190.149 port 47867 ssh2
Apr 12 21:45:15 ovzhost sshd[930]: Failed password for root from 43.255.190.149 port 48507 ssh2
Apr 12 21:45:17 ovzhost sshd[926]: message repeated 2 times: [ Failed password for root from 43.255.190.169 port 46316 ssh2]
Apr 12 21:45:17 ovzhost sshd[926]: Received disconnect from 43.255.190.169: 11:  [preauth]
Apr 12 21:45:17 ovzhost sshd[926]: PAM 2 more authentication failures; logname= uid=0 euid=0 tty=ssh ruser= rhost=43.255.190.169  user=root
Apr 12 21:45:18 ovzhost sshd[932]: pam_unix(sshd:auth): authentication failure; logname= uid=0 euid=0 tty=ssh ruser= rhost=43.255.190.169  user=root
Apr 12 21:45:19 ovzhost sshd[930]: message repeated 2 times: [ Failed password for root from 43.255.190.149 port 48507 ssh2]
Apr 12 21:45:19 ovzhost sshd[930]: Received disconnect from 43.255.190.149: 11:  [preauth]
Apr 12 21:45:19 ovzhost sshd[930]: PAM 2 more authentication failures; logname= uid=0 euid=0 tty=ssh ruser= rhost=43.255.190.149  user=root
Apr 12 21:45:20 ovzhost sshd[928]: message repeated 2 times: [ Failed password for root from 43.255.190.149 port 47867 ssh2]
Apr 12 21:45:20 ovzhost sshd[928]: Received disconnect from 43.255.190.149: 11:  [preauth]
Apr 12 21:45:20 ovzhost sshd[928]: PAM 2 more authentication failures; logname= uid=0 euid=0 tty=ssh ruser= rhost=43.255.190.149  user=root
Apr 12 21:45:20 ovzhost sshd[932]: Failed password for root from 43.255.190.169 port 32987 ssh2
Apr 12 21:45:20 ovzhost sshd[934]: pam_unix(sshd:auth): authentication failure; logname= uid=0 euid=0 tty=ssh ruser= rhost=43.255.190.149  user=root
Apr 12 21:45:21 ovzhost sshd[936]: pam_unix(sshd:auth): authentication failure; logname= uid=0 euid=0 tty=ssh ruser= rhost=43.255.190.149  user=root
Apr 12 21:45:23 ovzhost sshd[934]: Failed password for root from 43.255.190.149 port 56491 ssh2
Apr 12 21:45:23 ovzhost sshd[936]: Failed password for root from 43.255.190.149 port 57700 ssh2
Apr 12 21:45:25 ovzhost sshd[932]: message repeated 2 times: [ Failed password for root from 43.255.190.169 port 32987 ssh2]
Apr 12 21:45:25 ovzhost sshd[932]: Received disconnect from 43.255.190.169: 11:  [preauth]
Apr 12 21:45:25 ovzhost sshd[932]: PAM 2 more authentication failures; logname= uid=0 euid=0 tty=ssh ruser= rhost=43.255.190.169  user=root
Apr 12 21:45:25 ovzhost sshd[938]: pam_unix(sshd:auth): authentication failure; logname= uid=0 euid=0 tty=ssh ruser= rhost=43.255.190.169  user=root
Apr 12 21:45:27 ovzhost sshd[938]: Failed password for root from 43.255.190.169 port 50124 ssh2
Apr 12 21:45:27 ovzhost sshd[934]: message repeated 2 times: [ Failed password for root from 43.255.190.149 port 56491 ssh2]
Apr 12 21:45:28 ovzhost sshd[934]: Received disconnect from 43.255.190.149: 11:  [preauth]
Apr 12 21:45:28 ovzhost sshd[934]: PAM 2 more authentication failures; logname= uid=0 euid=0 tty=ssh ruser= rhost=43.255.190.149  user=root
Apr 12 21:45:28 ovzhost sshd[940]: pam_unix(sshd:auth): authentication failure; logname= uid=0 euid=0 tty=ssh ruser= rhost=43.255.190.149  user=root
Apr 12 21:45:27 ovzhost sshd[936]: message repeated 2 times: [ Failed password for root from 43.255.190.149 port 57700 ssh2]
Apr 12 21:45:28 ovzhost sshd[936]: Received disconnect from 43.255.190.149: 11:  [preauth]
Apr 12 21:45:28 ovzhost sshd[936]: PAM 2 more authentication failures; logname= uid=0 euid=0 tty=ssh ruser= rhost=43.255.190.149  user=root
Apr 12 21:45:29 ovzhost sshd[942]: pam_unix(sshd:auth): authentication failure; logname= uid=0 euid=0 tty=ssh ruser= rhost=43.255.190.149  user=root
Apr 12 21:45:30 ovzhost sshd[940]: Failed password for root from 43.255.190.149 port 37848 ssh2
Apr 12 21:45:30 ovzhost sshd[942]: Failed password for root from 43.255.190.149 port 37672 ssh2
Apr 12 21:45:32 ovzhost sshd[938]: message repeated 2 times: [ Failed password for root from 43.255.190.169 port 50124 ssh2]
Apr 12 21:45:32 ovzhost sshd[938]: Received disconnect from 43.255.190.169: 11:  [preauth]
Apr 12 21:45:32 ovzhost sshd[938]: PAM 2 more authentication failures; logname= uid=0 euid=0 tty=ssh ruser= rhost=43.255.190.169  user=root
Apr 12 21:45:32 ovzhost sshd[944]: pam_unix(sshd:auth): authentication failure; logname= uid=0 euid=0 tty=ssh ruser= rhost=43.255.190.169  user=root
Apr 12 21:45:35 ovzhost sshd[944]: Failed password for root from 43.255.190.169 port 38846 ssh2
Apr 12 21:45:35 ovzhost sshd[942]: message repeated 2 times: [ Failed password for root from 43.255.190.149 port 37672 ssh2]
Apr 12 21:45:35 ovzhost sshd[942]: Received disconnect from 43.255.190.149: 11:  [preauth]
Apr 12 21:45:35 ovzhost sshd[942]: PAM 2 more authentication failures; logname= uid=0 euid=0 tty=ssh ruser= rhost=43.255.190.149  user=root
Apr 12 21:45:36 ovzhost sshd[940]: message repeated 2 times: [ Failed password for root from 43.255.190.149 port 37848 ssh2]
Apr 12 21:45:36 ovzhost sshd[940]: Received disconnect from 43.255.190.149: 11:  [preauth]
Apr 12 21:45:36 ovzhost sshd[940]: PAM 2 more authentication failures; logname= uid=0 euid=0 tty=ssh ruser= rhost=43.255.190.149  user=root
Apr 12 21:45:36 ovzhost sshd[946]: pam_unix(sshd:auth): authentication failure; logname= uid=0 euid=0 tty=ssh ruser= rhost=43.255.190.149  user=root
Apr 12 21:45:37 ovzhost sshd[948]: pam_unix(sshd:auth): authentication failure; logname= uid=0 euid=0 tty=ssh ruser= rhost=43.255.190.149  user=root
Apr 12 21:45:38 ovzhost sshd[946]: Failed password for root from 43.255.190.149 port 47115 ssh2
Apr 12 21:45:39 ovzhost sshd[951]: Connection closed by 127.0.0.1 [preauth]
Apr 12 21:45:39 ovzhost sshd[944]: message repeated 2 times: [ Failed password for root from 43.255.190.169 port 38846 ssh2]
Apr 12 21:45:39 ovzhost sshd[944]: Received disconnect from 43.255.190.169: 11:  [preauth]
Apr 12 21:45:39 ovzhost sshd[944]: PAM 2 more authentication failures; logname= uid=0 euid=0 tty=ssh ruser= rhost=43.255.190.169  user=root
Apr 12 21:45:39 ovzhost sshd[948]: Failed password for root from 43.255.190.149 port 47769 ssh2
Apr 12 21:45:39 ovzhost sshd[953]: pam_unix(sshd:auth): authentication failure; logname= uid=0 euid=0 tty=ssh ruser= rhost=43.255.190.169  user=root
Apr 12 21:45:41 ovzhost sshd[946]: message repeated 2 times: [ Failed password for root from 43.255.190.149 port 47115 ssh2]
Apr 12 21:45:41 ovzhost sshd[946]: Received disconnect from 43.255.190.149: 11:  [preauth]
Apr 12 21:45:41 ovzhost sshd[946]: PAM 2 more authentication failures; logname= uid=0 euid=0 tty=ssh ruser= rhost=43.255.190.149  user=root
Apr 12 21:45:41 ovzhost sshd[953]: Failed password for root from 43.255.190.169 port 55582 ssh2
Apr 12 21:45:43 ovzhost sshd[948]: message repeated 2 times: [ Failed password for root from 43.255.190.149 port 47769 ssh2]
Apr 12 21:45:44 ovzhost sshd[948]: Received disconnect from 43.255.190.149: 11:  [preauth]
Apr 12 21:45:44 ovzhost sshd[948]: PAM 2 more authentication failures; logname= uid=0 euid=0 tty=ssh ruser= rhost=43.255.190.149  user=root
Apr 12 21:45:44 ovzhost sshd[955]: pam_unix(sshd:auth): authentication failure; logname= uid=0 euid=0 tty=ssh ruser= rhost=43.255.190.149  user=root
Apr 12 21:45:46 ovzhost sshd[953]: message repeated 2 times: [ Failed password for root from 43.255.190.169 port 55582 ssh2]
Apr 12 21:45:46 ovzhost sshd[953]: Received disconnect from 43.255.190.169: 11:  [preauth]
Apr 12 21:45:46 ovzhost sshd[953]: PAM 2 more authentication failures; logname= uid=0 euid=0 tty=ssh ruser= rhost=43.255.190.169  user=root
Apr 12 21:45:47 ovzhost sshd[955]: Failed password for root from 43.255.190.149 port 53920 ssh2
Apr 12 21:45:47 ovzhost sshd[957]: pam_unix(sshd:auth): authentication failure; logname= uid=0 euid=0 tty=ssh ruser= rhost=43.255.190.169  user=root
Apr 12 21:45:47 ovzhost sshd[961]: pam_unix(sshd:auth): authentication failure; logname= uid=0 euid=0 tty=ssh ruser= rhost=43.255.190.149  user=root
Apr 12 21:45:49 ovzhost sshd[957]: Failed password for root from 43.255.190.169 port 45552 ssh2
Apr 12 21:45:49 ovzhost sshd[961]: Failed password for root from 43.255.190.149 port 56837 ssh2
Apr 12 21:45:50 ovzhost sshd[955]: message repeated 2 times: [ Failed password for root from 43.255.190.149 port 53920 ssh2]
Apr 12 21:45:50 ovzhost sshd[955]: Received disconnect from 43.255.190.149: 11:  [preauth]
Apr 12 21:45:50 ovzhost sshd[955]: PAM 2 more authentication failures; logname= uid=0 euid=0 tty=ssh ruser= rhost=43.255.190.149  user=root
Apr 12 21:45:53 ovzhost sshd[957]: message repeated 2 times: [ Failed password for root from 43.255.190.169 port 45552 ssh2]
Apr 12 21:45:53 ovzhost sshd[957]: Received disconnect from 43.255.190.169: 11:  [preauth]
Apr 12 21:45:53 ovzhost sshd[957]: PAM 2 more authentication failures; logname= uid=0 euid=0 tty=ssh ruser= rhost=43.255.190.169  user=root
Apr 12 21:45:53 ovzhost sshd[961]: message repeated 2 times: [ Failed password for root from 43.255.190.149 port 56837 ssh2]
Apr 12 21:45:53 ovzhost sshd[961]: Received disconnect from 43.255.190.149: 11:  [preauth]
Apr 12 21:45:53 ovzhost sshd[961]: PAM 2 more authentication failures; logname= uid=0 euid=0 tty=ssh ruser= rhost=43.255.190.149  user=root
Apr 12 21:45:54 ovzhost sshd[964]: pam_unix(sshd:auth): authentication failure; logname= uid=0 euid=0 tty=ssh ruser= rhost=43.255.190.169  user=root
Apr 12 21:45:54 ovzhost sshd[966]: pam_unix(sshd:auth): authentication failure; logname= uid=0 euid=0 tty=ssh ruser= rhost=43.255.190.149  user=root
Apr 12 21:45:56 ovzhost sshd[964]: Failed password for root from 43.255.190.169 port 33591 ssh2
Apr 12 21:45:56 ovzhost sshd[966]: Failed password for root from 43.255.190.149 port 39989 ssh2
Apr 12 21:45:58 ovzhost sshd[963]: pam_unix(sshd:auth): authentication failure; logname= uid=0 euid=0 tty=ssh ruser= rhost=43.255.190.149  user=root
Apr 12 21:45:59 ovzhost sshd[963]: Failed password for root from 43.255.190.149 port 36370 ssh2
Apr 12 21:46:00 ovzhost sshd[964]: message repeated 2 times: [ Failed password for root from 43.255.190.169 port 33591 ssh2]
Apr 12 21:46:00 ovzhost sshd[964]: Received disconnect from 43.255.190.169: 11:  [preauth]
Apr 12 21:46:00 ovzhost sshd[964]: PAM 2 more authentication failures; logname= uid=0 euid=0 tty=ssh ruser= rhost=43.255.190.169  user=root
Apr 12 21:46:00 ovzhost sshd[966]: message repeated 2 times: [ Failed password for root from 43.255.190.149 port 39989 ssh2]
Apr 12 21:46:00 ovzhost sshd[966]: Received disconnect from 43.255.190.149: 11:  [preauth]
Apr 12 21:46:00 ovzhost sshd[966]: PAM 2 more authentication failures; logname= uid=0 euid=0 tty=ssh ruser= rhost=43.255.190.149  user=root
Apr 12 21:46:00 ovzhost sshd[969]: pam_unix(sshd:auth): authentication failure; logname= uid=0 euid=0 tty=ssh ruser= rhost=43.255.190.169  user=root
Apr 12 21:46:01 ovzhost sshd[971]: pam_unix(sshd:auth): authentication failure; logname= uid=0 euid=0 tty=ssh ruser= rhost=43.255.190.149  user=root
Apr 12 21:46:02 ovzhost sshd[969]: Failed password for root from 43.255.190.169 port 50179 ssh2
Apr 12 21:46:03 ovzhost sshd[971]: Failed password for root from 43.255.190.149 port 47434 ssh2
Apr 12 21:46:03 ovzhost sshd[963]: message repeated 2 times: [ Failed password for root from 43.255.190.149 port 36370 ssh2]
Apr 12 21:46:03 ovzhost sshd[963]: Received disconnect from 43.255.190.149: 11:  [preauth]
Apr 12 21:46:03 ovzhost sshd[963]: PAM 2 more authentication failures; logname= uid=0 euid=0 tty=ssh ruser= rhost=43.255.190.149  user=root
Apr 12 21:46:06 ovzhost sshd[969]: message repeated 2 times: [ Failed password for root from 43.255.190.169 port 50179 ssh2]
Apr 12 21:46:06 ovzhost sshd[969]: Received disconnect from 43.255.190.169: 11:  [preauth]
Apr 12 21:46:06 ovzhost sshd[969]: PAM 2 more authentication failures; logname= uid=0 euid=0 tty=ssh ruser= rhost=43.255.190.169  user=root
Apr 12 21:46:06 ovzhost sshd[975]: pam_unix(sshd:auth): authentication failure; logname= uid=0 euid=0 tty=ssh ruser= rhost=43.255.190.169  user=root
Apr 12 21:46:07 ovzhost sshd[973]: pam_unix(sshd:auth): authentication failure; logname= uid=0 euid=0 tty=ssh ruser= rhost=43.255.190.149  user=root
Apr 12 21:46:08 ovzhost sshd[971]: message repeated 2 times: [ Failed password for root from 43.255.190.149 port 47434 ssh2]
Apr 12 21:46:08 ovzhost sshd[971]: Received disconnect from 43.255.190.149: 11:  [preauth]
Apr 12 21:46:08 ovzhost sshd[971]: PAM 2 more authentication failures; logname= uid=0 euid=0 tty=ssh ruser= rhost=43.255.190.149  user=root
Apr 12 21:46:08 ovzhost sshd[975]: Failed password for root from 43.255.190.169 port 36684 ssh2
Apr 12 21:46:09 ovzhost sshd[973]: Failed password for root from 43.255.190.149 port 50825 ssh2
Apr 12 21:46:12 ovzhost sshd[975]: message repeated 2 times: [ Failed password for root from 43.255.190.169 port 36684 ssh2]
Apr 12 21:46:12 ovzhost sshd[975]: Received disconnect from 43.255.190.169: 11:  [preauth]
Apr 12 21:46:12 ovzhost sshd[975]: PAM 2 more authentication failures; logname= uid=0 euid=0 tty=ssh ruser= rhost=43.255.190.169  user=root
Apr 12 21:46:12 ovzhost sshd[977]: pam_unix(sshd:auth): authentication failure; logname= uid=0 euid=0 tty=ssh ruser= rhost=43.255.190.149  user=root
Apr 12 21:46:13 ovzhost sshd[979]: pam_unix(sshd:auth): authentication failure; logname= uid=0 euid=0 tty=ssh ruser= rhost=43.255.190.169  user=root
Apr 12 21:46:13 ovzhost sshd[973]: message repeated 2 times: [ Failed password for root from 43.255.190.149 port 50825 ssh2]
Apr 12 21:46:13 ovzhost sshd[973]: Received disconnect from 43.255.190.149: 11:  [preauth]
Apr 12 21:46:13 ovzhost sshd[973]: PAM 2 more authentication failures; logname= uid=0 euid=0 tty=ssh ruser= rhost=43.255.190.149  user=root
Apr 12 21:46:14 ovzhost sshd[977]: Failed password for root from 43.255.190.149 port 56287 ssh2
Apr 12 21:46:14 ovzhost sshd[981]: pam_unix(sshd:auth): authentication failure; logname= uid=0 euid=0 tty=ssh ruser= rhost=43.255.190.149  user=root
Apr 12 21:46:14 ovzhost sshd[979]: Failed password for root from 43.255.190.169 port 51569 ssh2
Apr 12 21:46:16 ovzhost sshd[981]: Failed password for root from 43.255.190.149 port 33859 ssh2
Apr 12 21:46:18 ovzhost sshd[977]: message repeated 2 times: [ Failed password for root from 43.255.190.149 port 56287 ssh2]
Apr 12 21:46:18 ovzhost sshd[977]: Received disconnect from 43.255.190.149: 11:  [preauth]
Apr 12 21:46:18 ovzhost sshd[977]: PAM 2 more authentication failures; logname= uid=0 euid=0 tty=ssh ruser= rhost=43.255.190.149  user=root
Apr 12 21:46:18 ovzhost sshd[979]: message repeated 2 times: [ Failed password for root from 43.255.190.169 port 51569 ssh2]
Apr 12 21:46:18 ovzhost sshd[979]: Received disconnect from 43.255.190.169: 11:  [preauth]
Apr 12 21:46:18 ovzhost sshd[979]: PAM 2 more authentication failures; logname= uid=0 euid=0 tty=ssh ruser= rhost=43.255.190.169  user=root
Apr 12 21:46:19 ovzhost sshd[983]: pam_unix(sshd:auth): authentication failure; logname= uid=0 euid=0 tty=ssh ruser= rhost=43.255.190.149  user=root
Apr 12 21:46:19 ovzhost sshd[985]: pam_unix(sshd:auth): authentication failure; logname= uid=0 euid=0 tty=ssh ruser= rhost=43.255.190.169  user=root
Apr 12 21:46:20 ovzhost sshd[981]: message repeated 2 times: [ Failed password for root from 43.255.190.149 port 33859 ssh2]
Apr 12 21:46:20 ovzhost sshd[981]: Received disconnect from 43.255.190.149: 11:  [preauth]
Apr 12 21:46:20 ovzhost sshd[981]: PAM 2 more authentication failures; logname= uid=0 euid=0 tty=ssh ruser= rhost=43.255.190.149  user=root
Apr 12 21:46:21 ovzhost sshd[983]: Failed password for root from 43.255.190.149 port 40008 ssh2
Apr 12 21:46:21 ovzhost sshd[985]: Failed password for root from 43.255.190.169 port 39140 ssh2
Apr 12 21:46:22 ovzhost sshd[987]: pam_unix(sshd:auth): authentication failure; logname= uid=0 euid=0 tty=ssh ruser= rhost=43.255.190.149  user=root
Apr 12 21:46:23 ovzhost sshd[987]: Failed password for root from 43.255.190.149 port 42032 ssh2
Apr 12 21:46:25 ovzhost sshd[983]: message repeated 2 times: [ Failed password for root from 43.255.190.149 port 40008 ssh2]
Apr 12 21:46:25 ovzhost sshd[983]: Received disconnect from 43.255.190.149: 11:  [preauth]
Apr 12 21:46:25 ovzhost sshd[983]: PAM 2 more authentication failures; logname= uid=0 euid=0 tty=ssh ruser= rhost=43.255.190.149  user=root
Apr 12 21:46:25 ovzhost sshd[985]: message repeated 2 times: [ Failed password for root from 43.255.190.169 port 39140 ssh2]
Apr 12 21:46:25 ovzhost sshd[985]: Received disconnect from 43.255.190.169: 11:  [preauth]
Apr 12 21:46:25 ovzhost sshd[985]: PAM 2 more authentication failures; logname= uid=0 euid=0 tty=ssh ruser= rhost=43.255.190.169  user=root
Apr 12 21:46:26 ovzhost sshd[993]: pam_unix(sshd:auth): authentication failure; logname= uid=0 euid=0 tty=ssh ruser= rhost=43.255.190.169  user=root
Apr 12 21:46:26 ovzhost sshd[991]: pam_unix(sshd:auth): authentication failure; logname= uid=0 euid=0 tty=ssh ruser= rhost=43.255.190.149  user=root
Apr 12 21:46:27 ovzhost sshd[987]: message repeated 2 times: [ Failed password for root from 43.255.190.149 port 42032 ssh2]
Apr 12 21:46:27 ovzhost sshd[987]: Received disconnect from 43.255.190.149: 11:  [preauth]
Apr 12 21:46:27 ovzhost sshd[987]: PAM 2 more authentication failures; logname= uid=0 euid=0 tty=ssh ruser= rhost=43.255.190.149  user=root
Apr 12 21:46:28 ovzhost sshd[993]: Failed password for root from 43.255.190.169 port 55481 ssh2
Apr 12 21:46:28 ovzhost sshd[991]: Failed password for root from 43.255.190.149 port 48125 ssh2
Apr 12 21:46:32 ovzhost sshd[995]: pam_unix(sshd:auth): authentication failure; logname= uid=0 euid=0 tty=ssh ruser= rhost=43.255.190.149  user=root
Apr 12 21:46:32 ovzhost sshd[993]: message repeated 2 times: [ Failed password for root from 43.255.190.169 port 55481 ssh2]
Apr 12 21:46:32 ovzhost sshd[993]: Received disconnect from 43.255.190.169: 11:  [preauth]
Apr 12 21:46:32 ovzhost sshd[993]: PAM 2 more authentication failures; logname= uid=0 euid=0 tty=ssh ruser= rhost=43.255.190.169  user=root
Apr 12 21:46:32 ovzhost sshd[991]: message repeated 2 times: [ Failed password for root from 43.255.190.149 port 48125 ssh2]
Apr 12 21:46:32 ovzhost sshd[991]: Received disconnect from 43.255.190.149: 11:  [preauth]
Apr 12 21:46:32 ovzhost sshd[991]: PAM 2 more authentication failures; logname= uid=0 euid=0 tty=ssh ruser= rhost=43.255.190.149  user=root
Apr 12 21:46:33 ovzhost sshd[997]: pam_unix(sshd:auth): authentication failure; logname= uid=0 euid=0 tty=ssh ruser= rhost=43.255.190.169  user=root
Apr 12 21:46:33 ovzhost sshd[999]: pam_unix(sshd:auth): authentication failure; logname= uid=0 euid=0 tty=ssh ruser= rhost=43.255.190.149  user=root
Apr 12 21:46:34 ovzhost sshd[995]: Failed password for root from 43.255.190.149 port 50175 ssh2
Apr 12 21:46:35 ovzhost sshd[997]: Failed password for root from 43.255.190.169 port 42851 ssh2
Apr 12 21:46:35 ovzhost sshd[999]: Failed password for root from 43.255.190.149 port 56178 ssh2
Apr 12 21:46:38 ovzhost sshd[995]: message repeated 2 times: [ Failed password for root from 43.255.190.149 port 50175 ssh2]
Apr 12 21:46:38 ovzhost sshd[995]: Received disconnect from 43.255.190.149: 11:  [preauth]
Apr 12 21:46:38 ovzhost sshd[995]: PAM 2 more authentication failures; logname= uid=0 euid=0 tty=ssh ruser= rhost=43.255.190.149  user=root
Apr 12 21:46:38 ovzhost sshd[997]: message repeated 2 times: [ Failed password for root from 43.255.190.169 port 42851 ssh2]
Apr 12 21:46:38 ovzhost sshd[997]: Received disconnect from 43.255.190.169: 11:  [preauth]
Apr 12 21:46:38 ovzhost sshd[997]: PAM 2 more authentication failures; logname= uid=0 euid=0 tty=ssh ruser= rhost=43.255.190.169  user=root
Apr 12 21:46:39 ovzhost sshd[999]: message repeated 2 times: [ Failed password for root from 43.255.190.149 port 56178 ssh2]
Apr 12 21:46:39 ovzhost sshd[999]: Received disconnect from 43.255.190.149: 11:  [preauth]
Apr 12 21:46:39 ovzhost sshd[999]: PAM 2 more authentication failures; logname= uid=0 euid=0 tty=ssh ruser= rhost=43.255.190.149  user=root
Apr 12 21:46:39 ovzhost sshd[1001]: pam_unix(sshd:auth): authentication failure; logname= uid=0 euid=0 tty=ssh ruser= rhost=43.255.190.169  user=root
Apr 12 21:46:40 ovzhost sshd[1004]: pam_unix(sshd:auth): authentication failure; logname= uid=0 euid=0 tty=ssh ruser= rhost=43.255.190.149  user=root
Apr 12 21:46:41 ovzhost sshd[1001]: Failed password for root from 43.255.190.169 port 58347 ssh2
Apr 12 21:46:42 ovzhost sshd[1004]: Failed password for root from 43.255.190.149 port 36252 ssh2
Apr 12 21:46:45 ovzhost sshd[1001]: message repeated 2 times: [ Failed password for root from 43.255.190.169 port 58347 ssh2]
Apr 12 21:46:45 ovzhost sshd[1001]: Received disconnect from 43.255.190.169: 11:  [preauth]
Apr 12 21:46:45 ovzhost sshd[1001]: PAM 2 more authentication failures; logname= uid=0 euid=0 tty=ssh ruser= rhost=43.255.190.169  user=root
Apr 12 21:46:45 ovzhost sshd[1006]: pam_unix(sshd:auth): authentication failure; logname= uid=0 euid=0 tty=ssh ruser= rhost=43.255.190.169  user=root
Apr 12 21:46:48 ovzhost sshd[1006]: Failed password for root from 43.255.190.169 port 45004 ssh2
Apr 12 21:46:47 ovzhost sshd[1004]: message repeated 2 times: [ Failed password for root from 43.255.190.149 port 36252 ssh2]
Apr 12 21:46:48 ovzhost sshd[1004]: Received disconnect from 43.255.190.149: 11:  [preauth]
Apr 12 21:46:48 ovzhost sshd[1004]: PAM 2 more authentication failures; logname= uid=0 euid=0 tty=ssh ruser= rhost=43.255.190.149  user=root
Apr 12 21:46:49 ovzhost sshd[1008]: pam_unix(sshd:auth): authentication failure; logname= uid=0 euid=0 tty=ssh ruser= rhost=43.255.190.149  user=root
Apr 12 21:46:49 ovzhost sshd[1003]: pam_unix(sshd:auth): authentication failure; logname= uid=0 euid=0 tty=ssh ruser= rhost=43.255.190.149  user=root
Apr 12 21:46:51 ovzhost sshd[1008]: Failed password for root from 43.255.190.149 port 45945 ssh2
Apr 12 21:46:51 ovzhost sshd[1003]: Failed password for root from 43.255.190.149 port 34663 ssh2
Apr 12 21:46:51 ovzhost sshd[1006]: message repeated 2 times: [ Failed password for root from 43.255.190.169 port 45004 ssh2]
Apr 12 21:46:51 ovzhost sshd[1006]: Received disconnect from 43.255.190.169: 11:  [preauth]
Apr 12 21:46:51 ovzhost sshd[1006]: PAM 2 more authentication failures; logname= uid=0 euid=0 tty=ssh ruser= rhost=43.255.190.169  user=root
Apr 12 21:46:52 ovzhost sshd[1011]: pam_unix(sshd:auth): authentication failure; logname= uid=0 euid=0 tty=ssh ruser= rhost=43.255.190.169  user=root
Apr 12 21:46:54 ovzhost sshd[1011]: Failed password for root from 43.255.190.169 port 33263 ssh2
Apr 12 21:46:54 ovzhost sshd[1008]: message repeated 2 times: [ Failed password for root from 43.255.190.149 port 45945 ssh2]
Apr 12 21:46:55 ovzhost sshd[1008]: Received disconnect from 43.255.190.149: 11:  [preauth]
Apr 12 21:46:55 ovzhost sshd[1008]: PAM 2 more authentication failures; logname= uid=0 euid=0 tty=ssh ruser= rhost=43.255.190.149  user=root
Apr 12 21:46:56 ovzhost sshd[1003]: message repeated 2 times: [ Failed password for root from 43.255.190.149 port 34663 ssh2]
Apr 12 21:46:56 ovzhost sshd[1003]: Received disconnect from 43.255.190.149: 11:  [preauth]
Apr 12 21:46:56 ovzhost sshd[1003]: PAM 2 more authentication failures; logname= uid=0 euid=0 tty=ssh ruser= rhost=43.255.190.149  user=root
Apr 12 21:46:58 ovzhost sshd[1014]: pam_unix(sshd:auth): authentication failure; logname= uid=0 euid=0 tty=ssh ruser= rhost=43.255.190.149  user=root
Apr 12 21:46:58 ovzhost sshd[1015]: pam_unix(sshd:auth): authentication failure; logname= uid=0 euid=0 tty=ssh ruser= rhost=43.255.190.149  user=root
Apr 12 21:46:58 ovzhost sshd[1011]: message repeated 2 times: [ Failed password for root from 43.255.190.169 port 33263 ssh2]
Apr 12 21:46:58 ovzhost sshd[1011]: Received disconnect from 43.255.190.169: 11:  [preauth]
Apr 12 21:46:58 ovzhost sshd[1011]: PAM 2 more authentication failures; logname= uid=0 euid=0 tty=ssh ruser= rhost=43.255.190.169  user=root
Apr 12 21:46:59 ovzhost sshd[1018]: pam_unix(sshd:auth): authentication failure; logname= uid=0 euid=0 tty=ssh ruser= rhost=43.255.190.169  user=root
Apr 12 21:46:59 ovzhost sshd[1014]: Failed password for root from 43.255.190.149 port 54155 ssh2
Apr 12 21:46:59 ovzhost sshd[1015]: Failed password for root from 43.255.190.149 port 56370 ssh2
Apr 12 21:47:00 ovzhost sshd[1018]: Failed password for root from 43.255.190.169 port 48524 ssh2
Apr 12 21:47:03 ovzhost sshd[1014]: message repeated 2 times: [ Failed password for root from 43.255.190.149 port 54155 ssh2]
Apr 12 21:47:03 ovzhost sshd[1014]: Received disconnect from 43.255.190.149: 11:  [preauth]
Apr 12 21:47:03 ovzhost sshd[1014]: PAM 2 more authentication failures; logname= uid=0 euid=0 tty=ssh ruser= rhost=43.255.190.149  user=root
Apr 12 21:47:03 ovzhost sshd[1015]: message repeated 2 times: [ Failed password for root from 43.255.190.149 port 56370 ssh2]
Apr 12 21:47:03 ovzhost sshd[1015]: Received disconnect from 43.255.190.149: 11:  [preauth]
Apr 12 21:47:03 ovzhost sshd[1015]: PAM 2 more authentication failures; logname= uid=0 euid=0 tty=ssh ruser= rhost=43.255.190.149  user=root
Apr 12 21:47:04 ovzhost sshd[1018]: message repeated 2 times: [ Failed password for root from 43.255.190.169 port 48524 ssh2]
Apr 12 21:47:04 ovzhost sshd[1018]: Received disconnect from 43.255.190.169: 11:  [preauth]
Apr 12 21:47:04 ovzhost sshd[1018]: PAM 2 more authentication failures; logname= uid=0 euid=0 tty=ssh ruser= rhost=43.255.190.169  user=root
Apr 12 21:47:04 ovzhost sshd[1020]: pam_unix(sshd:auth): authentication failure; logname= uid=0 euid=0 tty=ssh ruser= rhost=43.255.190.149  user=root
Apr 12 21:47:05 ovzhost sshd[1024]: pam_unix(sshd:auth): authentication failure; logname= uid=0 euid=0 tty=ssh ruser= rhost=43.255.190.169  user=root
Apr 12 21:47:05 ovzhost sshd[1022]: pam_unix(sshd:auth): authentication failure; logname= uid=0 euid=0 tty=ssh ruser= rhost=43.255.190.149  user=root
Apr 12 21:47:06 ovzhost sshd[1020]: Failed password for root from 43.255.190.149 port 35891 ssh2
Apr 12 21:47:06 ovzhost sshd[1024]: Failed password for root from 43.255.190.169 port 35091 ssh2
Apr 12 21:47:07 ovzhost sshd[1022]: Failed password for root from 43.255.190.149 port 35926 ssh2
