Apr  2 14:31:44 ovzhost sshd[780]: Connection closed by 127.0.0.1 [preauth]
Apr  2 14:35:40 ovzhost sshd[811]: Connection closed by 128.8.37.120 [preauth]
Apr  2 14:36:44 ovzhost sshd[820]: Connection closed by 127.0.0.1 [preauth]
Apr 11 02:38:12 ovzhost sshd[787]: Connection closed by 127.0.0.1 [preauth]
Apr 11 02:39:01 ovzhost CRON[791]: pam_env(cron:session): Unable to open env file: /etc/default/locale: No such file or directory
Apr 11 02:39:01 ovzhost CRON[791]: pam_unix(cron:session): session opened for user root by (uid=0)
Apr 11 02:39:01 ovzhost CRON[791]: pam_unix(cron:session): session closed for user root
Apr 11 02:40:01 ovzhost CRON[806]: pam_env(cron:session): Unable to open env file: /etc/default/locale: No such file or directory
Apr 11 02:40:01 ovzhost CRON[806]: pam_unix(cron:session): session opened for user smmsp by (uid=0)
Apr 11 02:40:01 ovzhost CRON[806]: pam_unix(cron:session): session closed for user smmsp
Apr 11 02:40:40 ovzhost sshd[834]: Connection closed by 128.8.37.120 [preauth]
Apr 11 02:43:12 ovzhost sshd[850]: Connection closed by 127.0.0.1 [preauth]
Apr 11 02:44:29 ovzhost sshd[854]: Invalid user wlfw from 221.146.74.146
Apr 11 02:44:29 ovzhost sshd[854]: input_userauth_request: invalid user wlfw [preauth]
Apr 11 02:44:29 ovzhost sshd[854]: pam_unix(sshd:auth): check pass; user unknown
Apr 11 02:44:29 ovzhost sshd[854]: pam_unix(sshd:auth): authentication failure; logname= uid=0 euid=0 tty=ssh ruser= rhost=221.146.74.146 
Apr 11 02:44:31 ovzhost sshd[854]: Failed password for invalid user wlfw from 221.146.74.146 port 17879 ssh2
Apr 11 02:44:31 ovzhost sshd[854]: Connection closed by 221.146.74.146 [preauth]
Apr 11 02:45:25 ovzhost sshd[858]: pam_unix(sshd:auth): authentication failure; logname= uid=0 euid=0 tty=ssh ruser= rhost=58.218.199.49  user=root
Apr 11 02:45:27 ovzhost sshd[858]: Failed password for root from 58.218.199.49 port 60644 ssh2
Apr 11 02:45:32 ovzhost sshd[858]: message repeated 2 times: [ Failed password for root from 58.218.199.49 port 60644 ssh2]
Apr 11 02:45:33 ovzhost sshd[858]: Received disconnect from 58.218.199.49: 11:  [preauth]
Apr 11 02:45:33 ovzhost sshd[858]: PAM 2 more authentication failures; logname= uid=0 euid=0 tty=ssh ruser= rhost=58.218.199.49  user=root
Apr 11 02:45:38 ovzhost sshd[860]: pam_unix(sshd:auth): authentication failure; logname= uid=0 euid=0 tty=ssh ruser= rhost=58.218.199.49  user=root
Apr 11 02:45:41 ovzhost sshd[860]: Failed password for root from 58.218.199.49 port 58621 ssh2
Apr 11 02:45:45 ovzhost sshd[860]: message repeated 2 times: [ Failed password for root from 58.218.199.49 port 58621 ssh2]
Apr 11 02:45:45 ovzhost sshd[860]: Received disconnect from 58.218.199.49: 11:  [preauth]
Apr 11 02:45:45 ovzhost sshd[860]: PAM 2 more authentication failures; logname= uid=0 euid=0 tty=ssh ruser= rhost=58.218.199.49  user=root
Apr 11 02:45:47 ovzhost sshd[862]: pam_unix(sshd:auth): authentication failure; logname= uid=0 euid=0 tty=ssh ruser= rhost=58.218.199.49  user=root
Apr 11 02:45:49 ovzhost sshd[862]: Failed password for root from 58.218.199.49 port 56482 ssh2
Apr 11 02:45:54 ovzhost sshd[862]: message repeated 2 times: [ Failed password for root from 58.218.199.49 port 56482 ssh2]
Apr 11 02:45:55 ovzhost sshd[862]: Received disconnect from 58.218.199.49: 11:  [preauth]
Apr 11 02:45:55 ovzhost sshd[862]: PAM 2 more authentication failures; logname= uid=0 euid=0 tty=ssh ruser= rhost=58.218.199.49  user=root
Apr 11 02:45:57 ovzhost sshd[864]: pam_unix(sshd:auth): authentication failure; logname= uid=0 euid=0 tty=ssh ruser= rhost=58.218.199.49  user=root
Apr 11 02:46:00 ovzhost sshd[864]: Failed password for root from 58.218.199.49 port 49973 ssh2
Apr 11 02:46:04 ovzhost sshd[864]: message repeated 2 times: [ Failed password for root from 58.218.199.49 port 49973 ssh2]
Apr 11 02:46:05 ovzhost sshd[864]: Received disconnect from 58.218.199.49: 11:  [preauth]
Apr 11 02:46:05 ovzhost sshd[864]: PAM 2 more authentication failures; logname= uid=0 euid=0 tty=ssh ruser= rhost=58.218.199.49  user=root
Apr 11 02:46:09 ovzhost sshd[868]: pam_unix(sshd:auth): authentication failure; logname= uid=0 euid=0 tty=ssh ruser= rhost=58.218.199.49  user=root
Apr 11 02:46:11 ovzhost sshd[868]: Failed password for root from 58.218.199.49 port 41206 ssh2
Apr 11 02:46:16 ovzhost sshd[868]: message repeated 2 times: [ Failed password for root from 58.218.199.49 port 41206 ssh2]
Apr 11 02:46:16 ovzhost sshd[868]: Received disconnect from 58.218.199.49: 11:  [preauth]
Apr 11 02:46:16 ovzhost sshd[868]: PAM 2 more authentication failures; logname= uid=0 euid=0 tty=ssh ruser= rhost=58.218.199.49  user=root
Apr 11 02:46:23 ovzhost sshd[870]: pam_unix(sshd:auth): authentication failure; logname= uid=0 euid=0 tty=ssh ruser= rhost=58.218.199.49  user=root
Apr 11 02:46:25 ovzhost sshd[870]: Failed password for root from 58.218.199.49 port 35752 ssh2
Apr 11 02:46:30 ovzhost sshd[870]: message repeated 2 times: [ Failed password for root from 58.218.199.49 port 35752 ssh2]
Apr 11 02:46:30 ovzhost sshd[870]: Received disconnect from 58.218.199.49: 11:  [preauth]
Apr 11 02:46:30 ovzhost sshd[870]: PAM 2 more authentication failures; logname= uid=0 euid=0 tty=ssh ruser= rhost=58.218.199.49  user=root
Apr 11 02:46:33 ovzhost sshd[872]: pam_unix(sshd:auth): authentication failure; logname= uid=0 euid=0 tty=ssh ruser= rhost=58.218.199.49  user=root
Apr 11 02:46:35 ovzhost sshd[872]: Failed password for root from 58.218.199.49 port 36626 ssh2
Apr 11 02:46:41 ovzhost sshd[872]: message repeated 2 times: [ Failed password for root from 58.218.199.49 port 36626 ssh2]
Apr 11 02:46:41 ovzhost sshd[872]: Received disconnect from 58.218.199.49: 11:  [preauth]
Apr 11 02:46:41 ovzhost sshd[872]: PAM 2 more authentication failures; logname= uid=0 euid=0 tty=ssh ruser= rhost=58.218.199.49  user=root
Apr 11 02:46:44 ovzhost sshd[878]: pam_unix(sshd:auth): authentication failure; logname= uid=0 euid=0 tty=ssh ruser= rhost=58.218.199.49  user=root
Apr 11 02:46:46 ovzhost sshd[878]: Failed password for root from 58.218.199.49 port 59498 ssh2
Apr 11 02:46:51 ovzhost sshd[878]: message repeated 2 times: [ Failed password for root from 58.218.199.49 port 59498 ssh2]
Apr 11 02:46:52 ovzhost sshd[878]: Received disconnect from 58.218.199.49: 11:  [preauth]
Apr 11 02:46:52 ovzhost sshd[878]: PAM 2 more authentication failures; logname= uid=0 euid=0 tty=ssh ruser= rhost=58.218.199.49  user=root
Apr 11 02:46:54 ovzhost sshd[882]: pam_unix(sshd:auth): authentication failure; logname= uid=0 euid=0 tty=ssh ruser= rhost=58.218.199.49  user=root
Apr 11 02:46:57 ovzhost sshd[882]: Failed password for root from 58.218.199.49 port 51864 ssh2
Apr 11 02:47:01 ovzhost sshd[882]: message repeated 2 times: [ Failed password for root from 58.218.199.49 port 51864 ssh2]
Apr 11 02:47:01 ovzhost sshd[882]: Received disconnect from 58.218.199.49: 11:  [preauth]
Apr 11 02:47:01 ovzhost sshd[882]: PAM 2 more authentication failures; logname= uid=0 euid=0 tty=ssh ruser= rhost=58.218.199.49  user=root
Apr 11 02:47:03 ovzhost sshd[884]: pam_unix(sshd:auth): authentication failure; logname= uid=0 euid=0 tty=ssh ruser= rhost=58.218.199.49  user=root
Apr 11 02:47:05 ovzhost sshd[884]: Failed password for root from 58.218.199.49 port 43519 ssh2
Apr 11 02:47:10 ovzhost sshd[884]: message repeated 2 times: [ Failed password for root from 58.218.199.49 port 43519 ssh2]
Apr 11 02:47:11 ovzhost sshd[884]: Received disconnect from 58.218.199.49: 11:  [preauth]
Apr 11 02:47:11 ovzhost sshd[884]: PAM 2 more authentication failures; logname= uid=0 euid=0 tty=ssh ruser= rhost=58.218.199.49  user=root
Apr 11 02:47:13 ovzhost sshd[887]: pam_unix(sshd:auth): authentication failure; logname= uid=0 euid=0 tty=ssh ruser= rhost=58.218.199.49  user=root
Apr 11 02:47:15 ovzhost sshd[887]: Failed password for root from 58.218.199.49 port 35015 ssh2
Apr 11 02:47:20 ovzhost sshd[887]: message repeated 2 times: [ Failed password for root from 58.218.199.49 port 35015 ssh2]
Apr 11 02:47:21 ovzhost sshd[887]: Received disconnect from 58.218.199.49: 11:  [preauth]
Apr 11 02:47:21 ovzhost sshd[887]: PAM 2 more authentication failures; logname= uid=0 euid=0 tty=ssh ruser= rhost=58.218.199.49  user=root
Apr 11 02:47:24 ovzhost sshd[889]: pam_unix(sshd:auth): authentication failure; logname= uid=0 euid=0 tty=ssh ruser= rhost=58.218.199.49  user=root
Apr 11 02:47:26 ovzhost sshd[889]: Failed password for root from 58.218.199.49 port 53890 ssh2
Apr 11 02:47:31 ovzhost sshd[889]: message repeated 2 times: [ Failed password for root from 58.218.199.49 port 53890 ssh2]
Apr 11 02:47:31 ovzhost sshd[889]: Received disconnect from 58.218.199.49: 11:  [preauth]
Apr 11 02:47:31 ovzhost sshd[889]: PAM 2 more authentication failures; logname= uid=0 euid=0 tty=ssh ruser= rhost=58.218.199.49  user=root
Apr 11 02:47:33 ovzhost sshd[891]: pam_unix(sshd:auth): authentication failure; logname= uid=0 euid=0 tty=ssh ruser= rhost=58.218.199.49  user=root
Apr 11 02:47:35 ovzhost sshd[891]: Failed password for root from 58.218.199.49 port 47093 ssh2
Apr 11 02:47:39 ovzhost sshd[891]: message repeated 2 times: [ Failed password for root from 58.218.199.49 port 47093 ssh2]
Apr 11 02:47:40 ovzhost sshd[891]: Received disconnect from 58.218.199.49: 11:  [preauth]
Apr 11 02:47:40 ovzhost sshd[891]: PAM 2 more authentication failures; logname= uid=0 euid=0 tty=ssh ruser= rhost=58.218.199.49  user=root
Apr 11 02:47:43 ovzhost sshd[894]: pam_unix(sshd:auth): authentication failure; logname= uid=0 euid=0 tty=ssh ruser= rhost=58.218.199.49  user=root
Apr 11 02:47:45 ovzhost sshd[894]: Failed password for root from 58.218.199.49 port 37388 ssh2
Apr 11 02:47:49 ovzhost sshd[894]: message repeated 2 times: [ Failed password for root from 58.218.199.49 port 37388 ssh2]
Apr 11 02:47:49 ovzhost sshd[894]: Received disconnect from 58.218.199.49: 11:  [preauth]
Apr 11 02:47:49 ovzhost sshd[894]: PAM 2 more authentication failures; logname= uid=0 euid=0 tty=ssh ruser= rhost=58.218.199.49  user=root
Apr 11 02:47:52 ovzhost sshd[896]: pam_unix(sshd:auth): authentication failure; logname= uid=0 euid=0 tty=ssh ruser= rhost=58.218.199.49  user=root
Apr 11 02:47:54 ovzhost sshd[896]: Failed password for root from 58.218.199.49 port 58297 ssh2
Apr 11 02:47:59 ovzhost sshd[896]: message repeated 2 times: [ Failed password for root from 58.218.199.49 port 58297 ssh2]
Apr 11 02:47:59 ovzhost sshd[896]: Received disconnect from 58.218.199.49: 11:  [preauth]
Apr 11 02:47:59 ovzhost sshd[896]: PAM 2 more authentication failures; logname= uid=0 euid=0 tty=ssh ruser= rhost=58.218.199.49  user=root
Apr 11 02:48:02 ovzhost sshd[898]: pam_unix(sshd:auth): authentication failure; logname= uid=0 euid=0 tty=ssh ruser= rhost=58.218.199.49  user=root
Apr 11 02:48:03 ovzhost sshd[898]: Failed password for root from 58.218.199.49 port 48803 ssh2
Apr 11 02:48:08 ovzhost sshd[898]: message repeated 2 times: [ Failed password for root from 58.218.199.49 port 48803 ssh2]
Apr 11 02:48:09 ovzhost sshd[898]: Received disconnect from 58.218.199.49: 11:  [preauth]
Apr 11 02:48:09 ovzhost sshd[898]: PAM 2 more authentication failures; logname= uid=0 euid=0 tty=ssh ruser= rhost=58.218.199.49  user=root
Apr 11 02:48:10 ovzhost sshd[901]: pam_unix(sshd:auth): authentication failure; logname= uid=0 euid=0 tty=ssh ruser= rhost=58.218.199.49  user=root
Apr 11 02:48:12 ovzhost sshd[901]: Failed password for root from 58.218.199.49 port 41519 ssh2
Apr 11 02:48:12 ovzhost sshd[906]: Connection closed by 127.0.0.1 [preauth]
Apr 11 02:48:15 ovzhost sshd[901]: message repeated 2 times: [ Failed password for root from 58.218.199.49 port 41519 ssh2]
Apr 11 02:48:15 ovzhost sshd[901]: Received disconnect from 58.218.199.49: 11:  [preauth]
Apr 11 02:48:15 ovzhost sshd[901]: PAM 2 more authentication failures; logname= uid=0 euid=0 tty=ssh ruser= rhost=58.218.199.49  user=root
Apr 11 02:48:18 ovzhost sshd[908]: pam_unix(sshd:auth): authentication failure; logname= uid=0 euid=0 tty=ssh ruser= rhost=58.218.199.49  user=root
Apr 11 02:48:20 ovzhost sshd[908]: Failed password for root from 58.218.199.49 port 56641 ssh2
Apr 11 02:48:24 ovzhost sshd[908]: message repeated 2 times: [ Failed password for root from 58.218.199.49 port 56641 ssh2]
Apr 11 02:48:25 ovzhost sshd[908]: Received disconnect from 58.218.199.49: 11:  [preauth]
Apr 11 02:48:25 ovzhost sshd[908]: PAM 2 more authentication failures; logname= uid=0 euid=0 tty=ssh ruser= rhost=58.218.199.49  user=root
Apr 11 02:48:27 ovzhost sshd[910]: pam_unix(sshd:auth): authentication failure; logname= uid=0 euid=0 tty=ssh ruser= rhost=58.218.199.49  user=root
Apr 11 02:48:30 ovzhost sshd[910]: Failed password for root from 58.218.199.49 port 47990 ssh2
Apr 11 02:48:35 ovzhost sshd[910]: message repeated 2 times: [ Failed password for root from 58.218.199.49 port 47990 ssh2]
Apr 11 02:48:37 ovzhost sshd[910]: Received disconnect from 58.218.199.49: 11:  [preauth]
Apr 11 02:48:37 ovzhost sshd[910]: PAM 2 more authentication failures; logname= uid=0 euid=0 tty=ssh ruser= rhost=58.218.199.49  user=root
Apr 11 02:48:41 ovzhost sshd[914]: pam_unix(sshd:auth): authentication failure; logname= uid=0 euid=0 tty=ssh ruser= rhost=58.218.199.49  user=root
Apr 11 02:48:43 ovzhost sshd[914]: Failed password for root from 58.218.199.49 port 47118 ssh2
Apr 11 02:48:47 ovzhost sshd[914]: message repeated 2 times: [ Failed password for root from 58.218.199.49 port 47118 ssh2]
Apr 11 02:48:47 ovzhost sshd[914]: Received disconnect from 58.218.199.49: 11:  [preauth]
Apr 11 02:48:47 ovzhost sshd[914]: PAM 2 more authentication failures; logname= uid=0 euid=0 tty=ssh ruser= rhost=58.218.199.49  user=root
Apr 11 02:50:40 ovzhost sshd[922]: Connection closed by 128.8.37.120 [preauth]
Apr 11 02:53:12 ovzhost sshd[935]: Connection closed by 127.0.0.1 [preauth]
Apr 11 02:57:42 ovzhost sshd[953]: pam_unix(sshd:auth): authentication failure; logname= uid=0 euid=0 tty=ssh ruser= rhost=43.255.190.138  user=root
Apr 11 02:57:44 ovzhost sshd[953]: Failed password for root from 43.255.190.138 port 58760 ssh2
Apr 11 02:57:48 ovzhost sshd[953]: message repeated 2 times: [ Failed password for root from 43.255.190.138 port 58760 ssh2]
Apr 11 02:57:48 ovzhost sshd[953]: Received disconnect from 43.255.190.138: 11:  [preauth]
Apr 11 02:57:48 ovzhost sshd[953]: PAM 2 more authentication failures; logname= uid=0 euid=0 tty=ssh ruser= rhost=43.255.190.138  user=root
Apr 11 02:57:49 ovzhost sshd[955]: pam_unix(sshd:auth): authentication failure; logname= uid=0 euid=0 tty=ssh ruser= rhost=43.255.190.138  user=root
Apr 11 02:57:51 ovzhost sshd[955]: Failed password for root from 43.255.190.138 port 49381 ssh2
Apr 11 02:57:51 ovzhost sshd[957]: pam_unix(sshd:auth): authentication failure; logname= uid=0 euid=0 tty=ssh ruser= rhost=43.255.190.187  user=root
Apr 11 02:57:53 ovzhost sshd[957]: Failed password for root from 43.255.190.187 port 52575 ssh2
Apr 11 02:57:55 ovzhost sshd[955]: message repeated 2 times: [ Failed password for root from 43.255.190.138 port 49381 ssh2]
Apr 11 02:57:55 ovzhost sshd[955]: Received disconnect from 43.255.190.138: 11:  [preauth]
Apr 11 02:57:55 ovzhost sshd[955]: PAM 2 more authentication failures; logname= uid=0 euid=0 tty=ssh ruser= rhost=43.255.190.138  user=root
Apr 11 02:57:55 ovzhost sshd[959]: pam_unix(sshd:auth): authentication failure; logname= uid=0 euid=0 tty=ssh ruser= rhost=43.255.190.138  user=root
Apr 11 02:57:58 ovzhost sshd[957]: message repeated 2 times: [ Failed password for root from 43.255.190.187 port 52575 ssh2]
Apr 11 02:57:58 ovzhost sshd[957]: Received disconnect from 43.255.190.187: 11:  [preauth]
Apr 11 02:57:58 ovzhost sshd[957]: PAM 2 more authentication failures; logname= uid=0 euid=0 tty=ssh ruser= rhost=43.255.190.187  user=root
Apr 11 02:57:58 ovzhost sshd[959]: Failed password for root from 43.255.190.138 port 40185 ssh2
Apr 11 02:57:59 ovzhost sshd[961]: pam_unix(sshd:auth): authentication failure; logname= uid=0 euid=0 tty=ssh ruser= rhost=43.255.190.187  user=root
Apr 11 02:58:01 ovzhost sshd[961]: Failed password for root from 43.255.190.187 port 42777 ssh2
Apr 11 02:58:02 ovzhost sshd[959]: message repeated 2 times: [ Failed password for root from 43.255.190.138 port 40185 ssh2]
Apr 11 02:58:02 ovzhost sshd[959]: Received disconnect from 43.255.190.138: 11:  [preauth]
Apr 11 02:58:02 ovzhost sshd[959]: PAM 2 more authentication failures; logname= uid=0 euid=0 tty=ssh ruser= rhost=43.255.190.138  user=root
Apr 11 02:58:04 ovzhost sshd[963]: pam_unix(sshd:auth): authentication failure; logname= uid=0 euid=0 tty=ssh ruser= rhost=43.255.190.138  user=root
Apr 11 02:58:05 ovzhost sshd[961]: message repeated 2 times: [ Failed password for root from 43.255.190.187 port 42777 ssh2]
Apr 11 02:58:06 ovzhost sshd[961]: Received disconnect from 43.255.190.187: 11:  [preauth]
Apr 11 02:58:06 ovzhost sshd[961]: PAM 2 more authentication failures; logname= uid=0 euid=0 tty=ssh ruser= rhost=43.255.190.187  user=root
Apr 11 02:58:06 ovzhost sshd[963]: Failed password for root from 43.255.190.138 port 59045 ssh2
Apr 11 02:58:06 ovzhost sshd[965]: pam_unix(sshd:auth): authentication failure; logname= uid=0 euid=0 tty=ssh ruser= rhost=43.255.190.187  user=root
Apr 11 02:58:09 ovzhost sshd[965]: Failed password for root from 43.255.190.187 port 33523 ssh2
Apr 11 02:58:10 ovzhost sshd[963]: message repeated 2 times: [ Failed password for root from 43.255.190.138 port 59045 ssh2]
Apr 11 02:58:10 ovzhost sshd[963]: Received disconnect from 43.255.190.138: 11:  [preauth]
Apr 11 02:58:10 ovzhost sshd[963]: PAM 2 more authentication failures; logname= uid=0 euid=0 tty=ssh ruser= rhost=43.255.190.138  user=root
Apr 11 02:58:11 ovzhost sshd[968]: pam_unix(sshd:auth): authentication failure; logname= uid=0 euid=0 tty=ssh ruser= rhost=43.255.190.138  user=root
Apr 11 02:58:12 ovzhost sshd[971]: Connection closed by 127.0.0.1 [preauth]
Apr 11 02:58:13 ovzhost sshd[968]: Failed password for root from 43.255.190.138 port 49976 ssh2
Apr 11 02:58:13 ovzhost sshd[965]: message repeated 2 times: [ Failed password for root from 43.255.190.187 port 33523 ssh2]
Apr 11 02:58:13 ovzhost sshd[965]: Received disconnect from 43.255.190.187: 11:  [preauth]
Apr 11 02:58:13 ovzhost sshd[965]: PAM 2 more authentication failures; logname= uid=0 euid=0 tty=ssh ruser= rhost=43.255.190.187  user=root
Apr 11 02:58:14 ovzhost sshd[973]: pam_unix(sshd:auth): authentication failure; logname= uid=0 euid=0 tty=ssh ruser= rhost=43.255.190.187  user=root
Apr 11 02:58:17 ovzhost sshd[973]: Failed password for root from 43.255.190.187 port 52289 ssh2
Apr 11 02:58:18 ovzhost sshd[968]: message repeated 2 times: [ Failed password for root from 43.255.190.138 port 49976 ssh2]
Apr 11 02:58:18 ovzhost sshd[968]: Received disconnect from 43.255.190.138: 11:  [preauth]
Apr 11 02:58:18 ovzhost sshd[968]: PAM 2 more authentication failures; logname= uid=0 euid=0 tty=ssh ruser= rhost=43.255.190.138  user=root
Apr 11 02:58:19 ovzhost sshd[975]: pam_unix(sshd:auth): authentication failure; logname= uid=0 euid=0 tty=ssh ruser= rhost=43.255.190.138  user=root
Apr 11 02:58:21 ovzhost sshd[973]: message repeated 2 times: [ Failed password for root from 43.255.190.187 port 52289 ssh2]
Apr 11 02:58:21 ovzhost sshd[973]: Received disconnect from 43.255.190.187: 11:  [preauth]
Apr 11 02:58:21 ovzhost sshd[973]: PAM 2 more authentication failures; logname= uid=0 euid=0 tty=ssh ruser= rhost=43.255.190.187  user=root
Apr 11 02:58:22 ovzhost sshd[975]: Failed password for root from 43.255.190.138 port 40257 ssh2
Apr 11 02:58:23 ovzhost sshd[979]: pam_unix(sshd:auth): authentication failure; logname= uid=0 euid=0 tty=ssh ruser= rhost=43.255.190.187  user=root
Apr 11 02:58:25 ovzhost sshd[979]: Failed password for root from 43.255.190.187 port 43488 ssh2
Apr 11 02:58:26 ovzhost sshd[975]: message repeated 2 times: [ Failed password for root from 43.255.190.138 port 40257 ssh2]
Apr 11 02:58:26 ovzhost sshd[975]: Received disconnect from 43.255.190.138: 11:  [preauth]
Apr 11 02:58:26 ovzhost sshd[975]: PAM 2 more authentication failures; logname= uid=0 euid=0 tty=ssh ruser= rhost=43.255.190.138  user=root
Apr 11 02:58:26 ovzhost sshd[981]: pam_unix(sshd:auth): authentication failure; logname= uid=0 euid=0 tty=ssh ruser= rhost=43.255.190.138  user=root
Apr 11 02:58:28 ovzhost sshd[981]: Failed password for root from 43.255.190.138 port 59031 ssh2
Apr 11 02:58:30 ovzhost sshd[979]: message repeated 2 times: [ Failed password for root from 43.255.190.187 port 43488 ssh2]
Apr 11 02:58:30 ovzhost sshd[979]: Received disconnect from 43.255.190.187: 11:  [preauth]
Apr 11 02:58:30 ovzhost sshd[979]: PAM 2 more authentication failures; logname= uid=0 euid=0 tty=ssh ruser= rhost=43.255.190.187  user=root
Apr 11 02:58:31 ovzhost sshd[983]: pam_unix(sshd:auth): authentication failure; logname= uid=0 euid=0 tty=ssh ruser= rhost=43.255.190.187  user=root
Apr 11 02:58:33 ovzhost sshd[983]: Failed password for root from 43.255.190.187 port 35716 ssh2
Apr 11 02:58:33 ovzhost sshd[981]: message repeated 2 times: [ Failed password for root from 43.255.190.138 port 59031 ssh2]
Apr 11 02:58:33 ovzhost sshd[981]: Received disconnect from 43.255.190.138: 11:  [preauth]
Apr 11 02:58:33 ovzhost sshd[981]: PAM 2 more authentication failures; logname= uid=0 euid=0 tty=ssh ruser= rhost=43.255.190.138  user=root
Apr 11 02:58:34 ovzhost sshd[985]: pam_unix(sshd:auth): authentication failure; logname= uid=0 euid=0 tty=ssh ruser= rhost=43.255.190.138  user=root
Apr 11 02:58:36 ovzhost sshd[985]: Failed password for root from 43.255.190.138 port 52127 ssh2
Apr 11 02:58:37 ovzhost sshd[983]: message repeated 2 times: [ Failed password for root from 43.255.190.187 port 35716 ssh2]
Apr 11 02:58:37 ovzhost sshd[983]: Received disconnect from 43.255.190.187: 11:  [preauth]
Apr 11 02:58:37 ovzhost sshd[983]: PAM 2 more authentication failures; logname= uid=0 euid=0 tty=ssh ruser= rhost=43.255.190.187  user=root
Apr 11 02:58:39 ovzhost sshd[989]: pam_unix(sshd:auth): authentication failure; logname= uid=0 euid=0 tty=ssh ruser= rhost=43.255.190.187  user=root
Apr 11 02:58:41 ovzhost sshd[989]: Failed password for root from 43.255.190.187 port 53851 ssh2
Apr 11 02:58:41 ovzhost sshd[985]: message repeated 2 times: [ Failed password for root from 43.255.190.138 port 52127 ssh2]
Apr 11 02:58:41 ovzhost sshd[985]: Received disconnect from 43.255.190.138: 11:  [preauth]
Apr 11 02:58:41 ovzhost sshd[985]: PAM 2 more authentication failures; logname= uid=0 euid=0 tty=ssh ruser= rhost=43.255.190.138  user=root
Apr 11 02:58:42 ovzhost sshd[991]: pam_unix(sshd:auth): authentication failure; logname= uid=0 euid=0 tty=ssh ruser= rhost=43.255.190.138  user=root
Apr 11 02:58:44 ovzhost sshd[991]: Failed password for root from 43.255.190.138 port 42416 ssh2
Apr 11 02:58:45 ovzhost sshd[989]: message repeated 2 times: [ Failed password for root from 43.255.190.187 port 53851 ssh2]
Apr 11 02:58:45 ovzhost sshd[989]: Received disconnect from 43.255.190.187: 11:  [preauth]
Apr 11 02:58:45 ovzhost sshd[989]: PAM 2 more authentication failures; logname= uid=0 euid=0 tty=ssh ruser= rhost=43.255.190.187  user=root
Apr 11 02:58:46 ovzhost sshd[993]: pam_unix(sshd:auth): authentication failure; logname= uid=0 euid=0 tty=ssh ruser= rhost=43.255.190.187  user=root
Apr 11 02:58:48 ovzhost sshd[993]: Failed password for root from 43.255.190.187 port 44604 ssh2
Apr 11 02:58:48 ovzhost sshd[991]: message repeated 2 times: [ Failed password for root from 43.255.190.138 port 42416 ssh2]
Apr 11 02:58:48 ovzhost sshd[991]: Received disconnect from 43.255.190.138: 11:  [preauth]
Apr 11 02:58:48 ovzhost sshd[991]: PAM 2 more authentication failures; logname= uid=0 euid=0 tty=ssh ruser= rhost=43.255.190.138  user=root
Apr 11 02:58:50 ovzhost sshd[995]: pam_unix(sshd:auth): authentication failure; logname= uid=0 euid=0 tty=ssh ruser= rhost=43.255.190.138  user=root
Apr 11 02:58:52 ovzhost sshd[995]: Failed password for root from 43.255.190.138 port 60742 ssh2
Apr 11 02:58:52 ovzhost sshd[993]: message repeated 2 times: [ Failed password for root from 43.255.190.187 port 44604 ssh2]
Apr 11 02:58:53 ovzhost sshd[993]: Received disconnect from 43.255.190.187: 11:  [preauth]
Apr 11 02:58:53 ovzhost sshd[993]: PAM 2 more authentication failures; logname= uid=0 euid=0 tty=ssh ruser= rhost=43.255.190.187  user=root
Apr 11 02:58:54 ovzhost sshd[997]: pam_unix(sshd:auth): authentication failure; logname= uid=0 euid=0 tty=ssh ruser= rhost=43.255.190.187  user=root
Apr 11 02:58:56 ovzhost sshd[995]: message repeated 2 times: [ Failed password for root from 43.255.190.138 port 60742 ssh2]
Apr 11 02:58:57 ovzhost sshd[995]: Received disconnect from 43.255.190.138: 11:  [preauth]
Apr 11 02:58:57 ovzhost sshd[995]: PAM 2 more authentication failures; logname= uid=0 euid=0 tty=ssh ruser= rhost=43.255.190.138  user=root
Apr 11 02:58:57 ovzhost sshd[997]: Failed password for root from 43.255.190.187 port 34076 ssh2
Apr 11 02:58:57 ovzhost sshd[999]: pam_unix(sshd:auth): authentication failure; logname= uid=0 euid=0 tty=ssh ruser= rhost=43.255.190.138  user=root
Apr 11 02:59:00 ovzhost sshd[999]: Failed password for root from 43.255.190.138 port 52377 ssh2
Apr 11 02:59:01 ovzhost sshd[997]: message repeated 2 times: [ Failed password for root from 43.255.190.187 port 34076 ssh2]
Apr 11 02:59:01 ovzhost sshd[997]: Received disconnect from 43.255.190.187: 11:  [preauth]
Apr 11 02:59:01 ovzhost sshd[997]: PAM 2 more authentication failures; logname= uid=0 euid=0 tty=ssh ruser= rhost=43.255.190.187  user=root
Apr 11 02:59:02 ovzhost sshd[1001]: pam_unix(sshd:auth): authentication failure; logname= uid=0 euid=0 tty=ssh ruser= rhost=43.255.190.187  user=root
Apr 11 02:59:04 ovzhost sshd[1001]: Failed password for root from 43.255.190.187 port 54869 ssh2
Apr 11 02:59:04 ovzhost sshd[999]: message repeated 2 times: [ Failed password for root from 43.255.190.138 port 52377 ssh2]
Apr 11 02:59:04 ovzhost sshd[999]: Received disconnect from 43.255.190.138: 11:  [preauth]
Apr 11 02:59:04 ovzhost sshd[999]: PAM 2 more authentication failures; logname= uid=0 euid=0 tty=ssh ruser= rhost=43.255.190.138  user=root
Apr 11 02:59:05 ovzhost sshd[1003]: pam_unix(sshd:auth): authentication failure; logname= uid=0 euid=0 tty=ssh ruser= rhost=43.255.190.138  user=root
Apr 11 02:59:07 ovzhost sshd[1003]: Failed password for root from 43.255.190.138 port 45149 ssh2
Apr 11 02:59:08 ovzhost sshd[1001]: message repeated 2 times: [ Failed password for root from 43.255.190.187 port 54869 ssh2]
Apr 11 02:59:08 ovzhost sshd[1001]: Received disconnect from 43.255.190.187: 11:  [preauth]
Apr 11 02:59:08 ovzhost sshd[1001]: PAM 2 more authentication failures; logname= uid=0 euid=0 tty=ssh ruser= rhost=43.255.190.187  user=root
Apr 11 02:59:09 ovzhost sshd[1007]: pam_unix(sshd:auth): authentication failure; logname= uid=0 euid=0 tty=ssh ruser= rhost=43.255.190.187  user=root
Apr 11 02:59:11 ovzhost sshd[1007]: Failed password for root from 43.255.190.187 port 43664 ssh2
Apr 11 02:59:11 ovzhost sshd[1003]: message repeated 2 times: [ Failed password for root from 43.255.190.138 port 45149 ssh2]
Apr 11 02:59:11 ovzhost sshd[1003]: Received disconnect from 43.255.190.138: 11:  [preauth]
Apr 11 02:59:11 ovzhost sshd[1003]: PAM 2 more authentication failures; logname= uid=0 euid=0 tty=ssh ruser= rhost=43.255.190.138  user=root
Apr 11 02:59:12 ovzhost sshd[1009]: pam_unix(sshd:auth): authentication failure; logname= uid=0 euid=0 tty=ssh ruser= rhost=43.255.190.138  user=root
Apr 11 02:59:14 ovzhost sshd[1009]: Failed password for root from 43.255.190.138 port 36309 ssh2
Apr 11 02:59:16 ovzhost sshd[1007]: message repeated 2 times: [ Failed password for root from 43.255.190.187 port 43664 ssh2]
Apr 11 02:59:16 ovzhost sshd[1007]: Received disconnect from 43.255.190.187: 11:  [preauth]
Apr 11 02:59:16 ovzhost sshd[1007]: PAM 2 more authentication failures; logname= uid=0 euid=0 tty=ssh ruser= rhost=43.255.190.187  user=root
Apr 11 02:59:17 ovzhost sshd[1011]: pam_unix(sshd:auth): authentication failure; logname= uid=0 euid=0 tty=ssh ruser= rhost=43.255.190.187  user=root
Apr 11 02:59:19 ovzhost sshd[1011]: Failed password for root from 43.255.190.187 port 33163 ssh2
Apr 11 02:59:19 ovzhost sshd[1009]: message repeated 2 times: [ Failed password for root from 43.255.190.138 port 36309 ssh2]
Apr 11 02:59:19 ovzhost sshd[1009]: Received disconnect from 43.255.190.138: 11:  [preauth]
Apr 11 02:59:19 ovzhost sshd[1009]: PAM 2 more authentication failures; logname= uid=0 euid=0 tty=ssh ruser= rhost=43.255.190.138  user=root
Apr 11 02:59:20 ovzhost sshd[1013]: pam_unix(sshd:auth): authentication failure; logname= uid=0 euid=0 tty=ssh ruser= rhost=43.255.190.138  user=root
Apr 11 02:59:22 ovzhost sshd[1013]: Failed password for root from 43.255.190.138 port 55099 ssh2
Apr 11 02:59:23 ovzhost sshd[1011]: message repeated 2 times: [ Failed password for root from 43.255.190.187 port 33163 ssh2]
Apr 11 02:59:23 ovzhost sshd[1011]: Received disconnect from 43.255.190.187: 11:  [preauth]
Apr 11 02:59:23 ovzhost sshd[1011]: PAM 2 more authentication failures; logname= uid=0 euid=0 tty=ssh ruser= rhost=43.255.190.187  user=root
Apr 11 02:59:24 ovzhost sshd[1015]: pam_unix(sshd:auth): authentication failure; logname= uid=0 euid=0 tty=ssh ruser= rhost=43.255.190.187  user=root
Apr 11 02:59:27 ovzhost sshd[1015]: Failed password for root from 43.255.190.187 port 49840 ssh2
Apr 11 02:59:27 ovzhost sshd[1013]: message repeated 2 times: [ Failed password for root from 43.255.190.138 port 55099 ssh2]
Apr 11 02:59:27 ovzhost sshd[1013]: Received disconnect from 43.255.190.138: 11:  [preauth]
Apr 11 02:59:27 ovzhost sshd[1013]: PAM 2 more authentication failures; logname= uid=0 euid=0 tty=ssh ruser= rhost=43.255.190.138  user=root
Apr 11 02:59:28 ovzhost sshd[1017]: pam_unix(sshd:auth): authentication failure; logname= uid=0 euid=0 tty=ssh ruser= rhost=43.255.190.138  user=root
Apr 11 02:59:30 ovzhost sshd[1017]: Failed password for root from 43.255.190.138 port 45670 ssh2
Apr 11 02:59:31 ovzhost sshd[1015]: message repeated 2 times: [ Failed password for root from 43.255.190.187 port 49840 ssh2]
Apr 11 02:59:31 ovzhost sshd[1015]: Received disconnect from 43.255.190.187: 11:  [preauth]
Apr 11 02:59:31 ovzhost sshd[1015]: PAM 2 more authentication failures; logname= uid=0 euid=0 tty=ssh ruser= rhost=43.255.190.187  user=root
Apr 11 02:59:33 ovzhost sshd[1019]: pam_unix(sshd:auth): authentication failure; logname= uid=0 euid=0 tty=ssh ruser= rhost=43.255.190.187  user=root
Apr 11 02:59:34 ovzhost sshd[1017]: message repeated 2 times: [ Failed password for root from 43.255.190.138 port 45670 ssh2]
Apr 11 02:59:34 ovzhost sshd[1017]: Received disconnect from 43.255.190.138: 11:  [preauth]
Apr 11 02:59:34 ovzhost sshd[1017]: PAM 2 more authentication failures; logname= uid=0 euid=0 tty=ssh ruser= rhost=43.255.190.138  user=root
Apr 11 02:59:35 ovzhost sshd[1021]: pam_unix(sshd:auth): authentication failure; logname= uid=0 euid=0 tty=ssh ruser= rhost=43.255.190.138  user=root
Apr 11 02:59:35 ovzhost sshd[1019]: Failed password for root from 43.255.190.187 port 39821 ssh2
Apr 11 02:59:37 ovzhost sshd[1021]: Failed password for root from 43.255.190.138 port 34508 ssh2
Apr 11 02:59:39 ovzhost sshd[1019]: message repeated 2 times: [ Failed password for root from 43.255.190.187 port 39821 ssh2]
Apr 11 02:59:40 ovzhost sshd[1019]: Received disconnect from 43.255.190.187: 11:  [preauth]
Apr 11 02:59:40 ovzhost sshd[1019]: PAM 2 more authentication failures; logname= uid=0 euid=0 tty=ssh ruser= rhost=43.255.190.187  user=root
Apr 11 02:59:40 ovzhost sshd[1024]: pam_unix(sshd:auth): authentication failure; logname= uid=0 euid=0 tty=ssh ruser= rhost=43.255.190.187  user=root
Apr 11 02:59:42 ovzhost sshd[1021]: message repeated 2 times: [ Failed password for root from 43.255.190.138 port 34508 ssh2]
Apr 11 02:59:42 ovzhost sshd[1021]: Received disconnect from 43.255.190.138: 11:  [preauth]
Apr 11 02:59:42 ovzhost sshd[1021]: PAM 2 more authentication failures; logname= uid=0 euid=0 tty=ssh ruser= rhost=43.255.190.138  user=root
Apr 11 02:59:42 ovzhost sshd[1024]: Failed password for root from 43.255.190.187 port 59421 ssh2
Apr 11 02:59:43 ovzhost sshd[1027]: pam_unix(sshd:auth): authentication failure; logname= uid=0 euid=0 tty=ssh ruser= rhost=43.255.190.138  user=root
Apr 11 02:59:45 ovzhost sshd[1027]: Failed password for root from 43.255.190.138 port 57171 ssh2
Apr 11 02:59:45 ovzhost sshd[1024]: message repeated 2 times: [ Failed password for root from 43.255.190.187 port 59421 ssh2]
Apr 11 02:59:46 ovzhost sshd[1024]: Received disconnect from 43.255.190.187: 11:  [preauth]
Apr 11 02:59:46 ovzhost sshd[1024]: PAM 2 more authentication failures; logname= uid=0 euid=0 tty=ssh ruser= rhost=43.255.190.187  user=root
Apr 11 02:59:46 ovzhost sshd[1029]: pam_unix(sshd:auth): authentication failure; logname= uid=0 euid=0 tty=ssh ruser= rhost=43.255.190.187  user=root
Apr 11 02:59:49 ovzhost sshd[1029]: Failed password for root from 43.255.190.187 port 46180 ssh2
Apr 11 02:59:49 ovzhost sshd[1027]: message repeated 2 times: [ Failed password for root from 43.255.190.138 port 57171 ssh2]
Apr 11 02:59:50 ovzhost sshd[1027]: Received disconnect from 43.255.190.138: 11:  [preauth]
Apr 11 02:59:50 ovzhost sshd[1027]: PAM 2 more authentication failures; logname= uid=0 euid=0 tty=ssh ruser= rhost=43.255.190.138  user=root
Apr 11 02:59:51 ovzhost sshd[1031]: pam_unix(sshd:auth): authentication failure; logname= uid=0 euid=0 tty=ssh ruser= rhost=43.255.190.138  user=root
Apr 11 02:59:53 ovzhost sshd[1031]: Failed password for root from 43.255.190.138 port 47779 ssh2
Apr 11 02:59:54 ovzhost sshd[1029]: message repeated 2 times: [ Failed password for root from 43.255.190.187 port 46180 ssh2]
Apr 11 02:59:54 ovzhost sshd[1029]: Received disconnect from 43.255.190.187: 11:  [preauth]
Apr 11 02:59:54 ovzhost sshd[1029]: PAM 2 more authentication failures; logname= uid=0 euid=0 tty=ssh ruser= rhost=43.255.190.187  user=root
Apr 11 02:59:57 ovzhost sshd[1031]: message repeated 2 times: [ Failed password for root from 43.255.190.138 port 47779 ssh2]
Apr 11 02:59:57 ovzhost sshd[1031]: Received disconnect from 43.255.190.138: 11:  [preauth]
Apr 11 02:59:57 ovzhost sshd[1031]: PAM 2 more authentication failures; logname= uid=0 euid=0 tty=ssh ruser= rhost=43.255.190.138  user=root
Apr 11 02:59:58 ovzhost sshd[1033]: pam_unix(sshd:auth): authentication failure; logname= uid=0 euid=0 tty=ssh ruser= rhost=43.255.190.187  user=root
Apr 11 02:59:58 ovzhost sshd[1035]: pam_unix(sshd:auth): authentication failure; logname= uid=0 euid=0 tty=ssh ruser= rhost=43.255.190.138  user=root
Apr 11 03:00:00 ovzhost sshd[1033]: Failed password for root from 43.255.190.187 port 36365 ssh2
Apr 11 03:00:01 ovzhost sshd[1035]: Failed password for root from 43.255.190.138 port 38064 ssh2
Apr 11 03:00:01 ovzhost CRON[1037]: pam_env(cron:session): Unable to open env file: /etc/default/locale: No such file or directory
Apr 11 03:00:01 ovzhost CRON[1037]: pam_unix(cron:session): session opened for user smmsp by (uid=0)
Apr 11 03:00:01 ovzhost CRON[1037]: pam_unix(cron:session): session closed for user smmsp
Apr 11 03:00:05 ovzhost sshd[1035]: message repeated 2 times: [ Failed password for root from 43.255.190.138 port 38064 ssh2]
Apr 11 03:00:05 ovzhost sshd[1035]: Received disconnect from 43.255.190.138: 11:  [preauth]
Apr 11 03:00:05 ovzhost sshd[1035]: PAM 2 more authentication failures; logname= uid=0 euid=0 tty=ssh ruser= rhost=43.255.190.138  user=root
Apr 11 03:00:04 ovzhost sshd[1033]: message repeated 2 times: [ Failed password for root from 43.255.190.187 port 36365 ssh2]
Apr 11 03:00:06 ovzhost sshd[1033]: Received disconnect from 43.255.190.187: 11:  [preauth]
Apr 11 03:00:06 ovzhost sshd[1033]: PAM 2 more authentication failures; logname= uid=0 euid=0 tty=ssh ruser= rhost=43.255.190.187  user=root
Apr 11 03:00:07 ovzhost sshd[1063]: pam_unix(sshd:auth): authentication failure; logname= uid=0 euid=0 tty=ssh ruser= rhost=43.255.190.138  user=root
Apr 11 03:00:08 ovzhost sshd[1065]: pam_unix(sshd:auth): authentication failure; logname= uid=0 euid=0 tty=ssh ruser= rhost=43.255.190.187  user=root
Apr 11 03:00:09 ovzhost sshd[1063]: Failed password for root from 43.255.190.138 port 56660 ssh2
Apr 11 03:00:09 ovzhost sshd[1065]: Failed password for root from 43.255.190.187 port 35125 ssh2
Apr 11 03:00:13 ovzhost sshd[1063]: message repeated 2 times: [ Failed password for root from 43.255.190.138 port 56660 ssh2]
Apr 11 03:00:13 ovzhost sshd[1063]: Received disconnect from 43.255.190.138: 11:  [preauth]
Apr 11 03:00:13 ovzhost sshd[1063]: PAM 2 more authentication failures; logname= uid=0 euid=0 tty=ssh ruser= rhost=43.255.190.138  user=root
Apr 11 03:00:14 ovzhost sshd[1068]: pam_unix(sshd:auth): authentication failure; logname= uid=0 euid=0 tty=ssh ruser= rhost=43.255.190.138  user=root
Apr 11 03:00:14 ovzhost sshd[1065]: message repeated 2 times: [ Failed password for root from 43.255.190.187 port 35125 ssh2]
Apr 11 03:00:14 ovzhost sshd[1065]: Received disconnect from 43.255.190.187: 11:  [preauth]
Apr 11 03:00:14 ovzhost sshd[1065]: PAM 2 more authentication failures; logname= uid=0 euid=0 tty=ssh ruser= rhost=43.255.190.187  user=root
Apr 11 03:00:15 ovzhost sshd[1070]: pam_unix(sshd:auth): authentication failure; logname= uid=0 euid=0 tty=ssh ruser= rhost=43.255.190.187  user=root
Apr 11 03:00:16 ovzhost sshd[1068]: Failed password for root from 43.255.190.138 port 48054 ssh2
Apr 11 03:00:17 ovzhost sshd[1070]: Failed password for root from 43.255.190.187 port 55070 ssh2
Apr 11 03:00:20 ovzhost sshd[1068]: message repeated 2 times: [ Failed password for root from 43.255.190.138 port 48054 ssh2]
Apr 11 03:00:20 ovzhost sshd[1068]: Received disconnect from 43.255.190.138: 11:  [preauth]
Apr 11 03:00:20 ovzhost sshd[1068]: PAM 2 more authentication failures; logname= uid=0 euid=0 tty=ssh ruser= rhost=43.255.190.138  user=root
Apr 11 03:00:21 ovzhost sshd[1070]: message repeated 2 times: [ Failed password for root from 43.255.190.187 port 55070 ssh2]
Apr 11 03:00:21 ovzhost sshd[1070]: Received disconnect from 43.255.190.187: 11:  [preauth]
Apr 11 03:00:21 ovzhost sshd[1070]: PAM 2 more authentication failures; logname= uid=0 euid=0 tty=ssh ruser= rhost=43.255.190.187  user=root
Apr 11 03:00:21 ovzhost sshd[1072]: pam_unix(sshd:auth): authentication failure; logname= uid=0 euid=0 tty=ssh ruser= rhost=43.255.190.138  user=root
Apr 11 03:00:22 ovzhost sshd[1074]: pam_unix(sshd:auth): authentication failure; logname= uid=0 euid=0 tty=ssh ruser= rhost=43.255.190.187  user=root
Apr 11 03:00:23 ovzhost sshd[1072]: Failed password for root from 43.255.190.138 port 37137 ssh2
Apr 11 03:00:25 ovzhost sshd[1074]: Failed password for root from 43.255.190.187 port 42407 ssh2
Apr 11 03:00:28 ovzhost sshd[1072]: message repeated 2 times: [ Failed password for root from 43.255.190.138 port 37137 ssh2]
Apr 11 03:00:28 ovzhost sshd[1072]: Received disconnect from 43.255.190.138: 11:  [preauth]
Apr 11 03:00:28 ovzhost sshd[1072]: PAM 2 more authentication failures; logname= uid=0 euid=0 tty=ssh ruser= rhost=43.255.190.138  user=root
Apr 11 03:00:29 ovzhost sshd[1074]: message repeated 2 times: [ Failed password for root from 43.255.190.187 port 42407 ssh2]
Apr 11 03:00:29 ovzhost sshd[1074]: Received disconnect from 43.255.190.187: 11:  [preauth]
Apr 11 03:00:29 ovzhost sshd[1074]: PAM 2 more authentication failures; logname= uid=0 euid=0 tty=ssh ruser= rhost=43.255.190.187  user=root
Apr 11 03:00:29 ovzhost sshd[1076]: pam_unix(sshd:auth): authentication failure; logname= uid=0 euid=0 tty=ssh ruser= rhost=43.255.190.138  user=root
Apr 11 03:00:30 ovzhost sshd[1078]: pam_unix(sshd:auth): authentication failure; logname= uid=0 euid=0 tty=ssh ruser= rhost=43.255.190.187  user=root
Apr 11 03:00:31 ovzhost sshd[1076]: Failed password for root from 43.255.190.138 port 55629 ssh2
Apr 11 03:00:32 ovzhost sshd[1078]: Failed password for root from 43.255.190.187 port 60919 ssh2
Apr 11 03:00:36 ovzhost sshd[1076]: message repeated 2 times: [ Failed password for root from 43.255.190.138 port 55629 ssh2]
Apr 11 03:00:36 ovzhost sshd[1076]: Received disconnect from 43.255.190.138: 11:  [preauth]
Apr 11 03:00:36 ovzhost sshd[1076]: PAM 2 more authentication failures; logname= uid=0 euid=0 tty=ssh ruser= rhost=43.255.190.138  user=root
Apr 11 03:00:37 ovzhost sshd[1080]: pam_unix(sshd:auth): authentication failure; logname= uid=0 euid=0 tty=ssh ruser= rhost=43.255.190.138  user=root
Apr 11 03:00:37 ovzhost sshd[1078]: message repeated 2 times: [ Failed password for root from 43.255.190.187 port 60919 ssh2]
Apr 11 03:00:37 ovzhost sshd[1078]: Received disconnect from 43.255.190.187: 11:  [preauth]
Apr 11 03:00:37 ovzhost sshd[1078]: PAM 2 more authentication failures; logname= uid=0 euid=0 tty=ssh ruser= rhost=43.255.190.187  user=root
Apr 11 03:00:39 ovzhost sshd[1082]: pam_unix(sshd:auth): authentication failure; logname= uid=0 euid=0 tty=ssh ruser= rhost=43.255.190.187  user=root
Apr 11 03:00:39 ovzhost sshd[1080]: Failed password for root from 43.255.190.138 port 46287 ssh2
Apr 11 03:00:40 ovzhost sshd[1082]: Failed password for root from 43.255.190.187 port 52010 ssh2
Apr 11 03:00:40 ovzhost sshd[1085]: Connection closed by 128.8.37.120 [preauth]
Apr 11 03:00:42 ovzhost sshd[1080]: message repeated 2 times: [ Failed password for root from 43.255.190.138 port 46287 ssh2]
Apr 11 03:00:43 ovzhost sshd[1080]: Received disconnect from 43.255.190.138: 11:  [preauth]
Apr 11 03:00:43 ovzhost sshd[1080]: PAM 2 more authentication failures; logname= uid=0 euid=0 tty=ssh ruser= rhost=43.255.190.138  user=root
Apr 11 03:00:43 ovzhost sshd[1087]: pam_unix(sshd:auth): authentication failure; logname= uid=0 euid=0 tty=ssh ruser= rhost=43.255.190.138  user=root
Apr 11 03:00:44 ovzhost sshd[1082]: message repeated 2 times: [ Failed password for root from 43.255.190.187 port 52010 ssh2]
Apr 11 03:00:44 ovzhost sshd[1082]: Received disconnect from 43.255.190.187: 11:  [preauth]
Apr 11 03:00:44 ovzhost sshd[1082]: PAM 2 more authentication failures; logname= uid=0 euid=0 tty=ssh ruser= rhost=43.255.190.187  user=root
Apr 11 03:00:45 ovzhost sshd[1089]: pam_unix(sshd:auth): authentication failure; logname= uid=0 euid=0 tty=ssh ruser= rhost=43.255.190.187  user=root
Apr 11 03:00:46 ovzhost sshd[1087]: Failed password for root from 43.255.190.138 port 34883 ssh2
Apr 11 03:00:47 ovzhost sshd[1089]: Failed password for root from 43.255.190.187 port 40454 ssh2
Apr 11 03:00:50 ovzhost sshd[1087]: message repeated 2 times: [ Failed password for root from 43.255.190.138 port 34883 ssh2]
Apr 11 03:00:50 ovzhost sshd[1087]: Received disconnect from 43.255.190.138: 11:  [preauth]
Apr 11 03:00:50 ovzhost sshd[1087]: PAM 2 more authentication failures; logname= uid=0 euid=0 tty=ssh ruser= rhost=43.255.190.138  user=root
Apr 11 03:00:51 ovzhost sshd[1091]: pam_unix(sshd:auth): authentication failure; logname= uid=0 euid=0 tty=ssh ruser= rhost=43.255.190.138  user=root
Apr 11 03:00:51 ovzhost sshd[1089]: message repeated 2 times: [ Failed password for root from 43.255.190.187 port 40454 ssh2]
Apr 11 03:00:51 ovzhost sshd[1089]: Received disconnect from 43.255.190.187: 11:  [preauth]
Apr 11 03:00:51 ovzhost sshd[1089]: PAM 2 more authentication failures; logname= uid=0 euid=0 tty=ssh ruser= rhost=43.255.190.187  user=root
Apr 11 03:00:52 ovzhost sshd[1093]: pam_unix(sshd:auth): authentication failure; logname= uid=0 euid=0 tty=ssh ruser= rhost=43.255.190.187  user=root
Apr 11 03:00:52 ovzhost sshd[1091]: Failed password for root from 43.255.190.138 port 53947 ssh2
Apr 11 03:00:54 ovzhost sshd[1093]: Failed password for root from 43.255.190.187 port 57568 ssh2
Apr 11 03:00:57 ovzhost sshd[1091]: message repeated 2 times: [ Failed password for root from 43.255.190.138 port 53947 ssh2]
Apr 11 03:00:57 ovzhost sshd[1091]: Received disconnect from 43.255.190.138: 11:  [preauth]
Apr 11 03:00:57 ovzhost sshd[1091]: PAM 2 more authentication failures; logname= uid=0 euid=0 tty=ssh ruser= rhost=43.255.190.138  user=root
Apr 11 03:00:58 ovzhost sshd[1093]: message repeated 2 times: [ Failed password for root from 43.255.190.187 port 57568 ssh2]
Apr 11 03:00:58 ovzhost sshd[1093]: Received disconnect from 43.255.190.187: 11:  [preauth]
Apr 11 03:00:58 ovzhost sshd[1093]: PAM 2 more authentication failures; logname= uid=0 euid=0 tty=ssh ruser= rhost=43.255.190.187  user=root
Apr 11 03:00:58 ovzhost sshd[1095]: pam_unix(sshd:auth): authentication failure; logname= uid=0 euid=0 tty=ssh ruser= rhost=43.255.190.138  user=root
Apr 11 03:00:59 ovzhost sshd[1097]: pam_unix(sshd:auth): authentication failure; logname= uid=0 euid=0 tty=ssh ruser= rhost=43.255.190.187  user=root
Apr 11 03:01:00 ovzhost sshd[1095]: Failed password for root from 43.255.190.138 port 43227 ssh2
Apr 11 03:01:02 ovzhost sshd[1097]: Failed password for root from 43.255.190.187 port 45639 ssh2
Apr 11 03:01:04 ovzhost sshd[1095]: message repeated 2 times: [ Failed password for root from 43.255.190.138 port 43227 ssh2]
Apr 11 03:01:04 ovzhost sshd[1095]: Received disconnect from 43.255.190.138: 11:  [preauth]
Apr 11 03:01:04 ovzhost sshd[1095]: PAM 2 more authentication failures; logname= uid=0 euid=0 tty=ssh ruser= rhost=43.255.190.138  user=root
Apr 11 03:01:04 ovzhost sshd[1099]: pam_unix(sshd:auth): authentication failure; logname= uid=0 euid=0 tty=ssh ruser= rhost=43.255.190.138  user=root
Apr 11 03:01:05 ovzhost sshd[1097]: message repeated 2 times: [ Failed password for root from 43.255.190.187 port 45639 ssh2]
Apr 11 03:01:05 ovzhost sshd[1097]: Received disconnect from 43.255.190.187: 11:  [preauth]
Apr 11 03:01:05 ovzhost sshd[1097]: PAM 2 more authentication failures; logname= uid=0 euid=0 tty=ssh ruser= rhost=43.255.190.187  user=root
Apr 11 03:01:06 ovzhost sshd[1101]: pam_unix(sshd:auth): authentication failure; logname= uid=0 euid=0 tty=ssh ruser= rhost=43.255.190.187  user=root
Apr 11 03:01:06 ovzhost sshd[1099]: Failed password for root from 43.255.190.138 port 60593 ssh2
Apr 11 03:01:08 ovzhost sshd[1101]: Failed password for root from 43.255.190.187 port 32886 ssh2
Apr 11 03:01:11 ovzhost sshd[1099]: message repeated 2 times: [ Failed password for root from 43.255.190.138 port 60593 ssh2]
Apr 11 03:01:11 ovzhost sshd[1099]: Received disconnect from 43.255.190.138: 11:  [preauth]
Apr 11 03:01:11 ovzhost sshd[1099]: PAM 2 more authentication failures; logname= uid=0 euid=0 tty=ssh ruser= rhost=43.255.190.138  user=root
Apr 11 03:01:12 ovzhost sshd[1105]: pam_unix(sshd:auth): authentication failure; logname= uid=0 euid=0 tty=ssh ruser= rhost=43.255.190.138  user=root
Apr 11 03:01:13 ovzhost sshd[1101]: message repeated 2 times: [ Failed password for root from 43.255.190.187 port 32886 ssh2]
Apr 11 03:01:13 ovzhost sshd[1101]: Received disconnect from 43.255.190.187: 11:  [preauth]
Apr 11 03:01:13 ovzhost sshd[1101]: PAM 2 more authentication failures; logname= uid=0 euid=0 tty=ssh ruser= rhost=43.255.190.187  user=root
Apr 11 03:01:14 ovzhost sshd[1105]: Failed password for root from 43.255.190.138 port 48150 ssh2
Apr 11 03:01:14 ovzhost sshd[1107]: pam_unix(sshd:auth): authentication failure; logname= uid=0 euid=0 tty=ssh ruser= rhost=43.255.190.187  user=root
Apr 11 03:01:15 ovzhost sshd[1107]: Failed password for root from 43.255.190.187 port 49368 ssh2
Apr 11 03:01:18 ovzhost sshd[1105]: message repeated 2 times: [ Failed password for root from 43.255.190.138 port 48150 ssh2]
Apr 11 03:01:18 ovzhost sshd[1105]: Received disconnect from 43.255.190.138: 11:  [preauth]
Apr 11 03:01:18 ovzhost sshd[1105]: PAM 2 more authentication failures; logname= uid=0 euid=0 tty=ssh ruser= rhost=43.255.190.138  user=root
Apr 11 03:01:19 ovzhost sshd[1107]: message repeated 2 times: [ Failed password for root from 43.255.190.187 port 49368 ssh2]
Apr 11 03:01:19 ovzhost sshd[1107]: Received disconnect from 43.255.190.187: 11:  [preauth]
Apr 11 03:01:19 ovzhost sshd[1107]: PAM 2 more authentication failures; logname= uid=0 euid=0 tty=ssh ruser= rhost=43.255.190.187  user=root
Apr 11 03:01:19 ovzhost sshd[1109]: pam_unix(sshd:auth): authentication failure; logname= uid=0 euid=0 tty=ssh ruser= rhost=43.255.190.138  user=root
Apr 11 03:01:22 ovzhost sshd[1109]: Failed password for root from 43.255.190.138 port 37271 ssh2
Apr 11 03:01:23 ovzhost sshd[1111]: pam_unix(sshd:auth): authentication failure; logname= uid=0 euid=0 tty=ssh ruser= rhost=43.255.190.187  user=root
Apr 11 03:01:25 ovzhost sshd[1111]: Failed password for root from 43.255.190.187 port 35686 ssh2
Apr 11 03:01:26 ovzhost sshd[1109]: message repeated 2 times: [ Failed password for root from 43.255.190.138 port 37271 ssh2]
Apr 11 03:01:26 ovzhost sshd[1109]: Received disconnect from 43.255.190.138: 11:  [preauth]
Apr 11 03:01:26 ovzhost sshd[1109]: PAM 2 more authentication failures; logname= uid=0 euid=0 tty=ssh ruser= rhost=43.255.190.138  user=root
Apr 11 03:01:27 ovzhost sshd[1113]: pam_unix(sshd:auth): authentication failure; logname= uid=0 euid=0 tty=ssh ruser= rhost=43.255.190.138  user=root
Apr 11 03:01:28 ovzhost sshd[1113]: Failed password for root from 43.255.190.138 port 56062 ssh2
Apr 11 03:01:28 ovzhost sshd[1111]: message repeated 2 times: [ Failed password for root from 43.255.190.187 port 35686 ssh2]
Apr 11 03:01:28 ovzhost sshd[1111]: Received disconnect from 43.255.190.187: 11:  [preauth]
Apr 11 03:01:28 ovzhost sshd[1111]: PAM 2 more authentication failures; logname= uid=0 euid=0 tty=ssh ruser= rhost=43.255.190.187  user=root
Apr 11 03:01:29 ovzhost sshd[1115]: pam_unix(sshd:auth): authentication failure; logname= uid=0 euid=0 tty=ssh ruser= rhost=43.255.190.187  user=root
Apr 11 03:01:31 ovzhost sshd[1115]: Failed password for root from 43.255.190.187 port 57447 ssh2
Apr 11 03:01:33 ovzhost sshd[1113]: message repeated 2 times: [ Failed password for root from 43.255.190.138 port 56062 ssh2]
