Apr 11 03:01:33 ovzhost sshd[1113]: Received disconnect from 43.255.190.138: 11:  [preauth]
Apr 11 03:01:33 ovzhost sshd[1113]: PAM 2 more authentication failures; logname= uid=0 euid=0 tty=ssh ruser= rhost=43.255.190.138  user=root
Apr 11 03:01:34 ovzhost sshd[1117]: pam_unix(sshd:auth): authentication failure; logname= uid=0 euid=0 tty=ssh ruser= rhost=43.255.190.138  user=root
Apr 11 03:01:36 ovzhost sshd[1117]: Failed password for root from 43.255.190.138 port 44428 ssh2
Apr 11 03:01:36 ovzhost sshd[1115]: message repeated 2 times: [ Failed password for root from 43.255.190.187 port 57447 ssh2]
Apr 11 03:01:36 ovzhost sshd[1115]: Received disconnect from 43.255.190.187: 11:  [preauth]
Apr 11 03:01:36 ovzhost sshd[1115]: PAM 2 more authentication failures; logname= uid=0 euid=0 tty=ssh ruser= rhost=43.255.190.187  user=root
Apr 11 03:01:38 ovzhost sshd[1121]: pam_unix(sshd:auth): authentication failure; logname= uid=0 euid=0 tty=ssh ruser= rhost=43.255.190.187  user=root
Apr 11 03:01:39 ovzhost sshd[1121]: Failed password for root from 43.255.190.187 port 47535 ssh2
Apr 11 03:01:40 ovzhost sshd[1117]: message repeated 2 times: [ Failed password for root from 43.255.190.138 port 44428 ssh2]
Apr 11 03:01:40 ovzhost sshd[1117]: Received disconnect from 43.255.190.138: 11:  [preauth]
Apr 11 03:01:40 ovzhost sshd[1117]: PAM 2 more authentication failures; logname= uid=0 euid=0 tty=ssh ruser= rhost=43.255.190.138  user=root
Apr 11 03:01:41 ovzhost sshd[1123]: pam_unix(sshd:auth): authentication failure; logname= uid=0 euid=0 tty=ssh ruser= rhost=43.255.190.138  user=root
Apr 11 03:01:43 ovzhost sshd[1123]: Failed password for root from 43.255.190.138 port 34345 ssh2
Apr 11 03:01:43 ovzhost sshd[1121]: message repeated 2 times: [ Failed password for root from 43.255.190.187 port 47535 ssh2]
Apr 11 03:01:43 ovzhost sshd[1121]: Received disconnect from 43.255.190.187: 11:  [preauth]
Apr 11 03:01:43 ovzhost sshd[1121]: PAM 2 more authentication failures; logname= uid=0 euid=0 tty=ssh ruser= rhost=43.255.190.187  user=root
Apr 11 03:01:44 ovzhost sshd[1129]: pam_unix(sshd:auth): authentication failure; logname= uid=0 euid=0 tty=ssh ruser= rhost=43.255.190.187  user=root
Apr 11 03:01:46 ovzhost sshd[1129]: Failed password for root from 43.255.190.187 port 35973 ssh2
Apr 11 03:01:48 ovzhost sshd[1123]: message repeated 2 times: [ Failed password for root from 43.255.190.138 port 34345 ssh2]
Apr 11 03:01:48 ovzhost sshd[1123]: Received disconnect from 43.255.190.138: 11:  [preauth]
Apr 11 03:01:48 ovzhost sshd[1123]: PAM 2 more authentication failures; logname= uid=0 euid=0 tty=ssh ruser= rhost=43.255.190.138  user=root
Apr 11 03:01:49 ovzhost sshd[1131]: pam_unix(sshd:auth): authentication failure; logname= uid=0 euid=0 tty=ssh ruser= rhost=43.255.190.138  user=root
Apr 11 03:01:50 ovzhost sshd[1129]: message repeated 2 times: [ Failed password for root from 43.255.190.187 port 35973 ssh2]
Apr 11 03:01:51 ovzhost sshd[1129]: Received disconnect from 43.255.190.187: 11:  [preauth]
Apr 11 03:01:51 ovzhost sshd[1129]: PAM 2 more authentication failures; logname= uid=0 euid=0 tty=ssh ruser= rhost=43.255.190.187  user=root
Apr 11 03:01:51 ovzhost sshd[1131]: Failed password for root from 43.255.190.138 port 51900 ssh2
Apr 11 03:01:51 ovzhost sshd[1133]: pam_unix(sshd:auth): authentication failure; logname= uid=0 euid=0 tty=ssh ruser= rhost=43.255.190.187  user=root
Apr 11 03:01:53 ovzhost sshd[1133]: Failed password for root from 43.255.190.187 port 51707 ssh2
Apr 11 03:01:55 ovzhost sshd[1131]: message repeated 2 times: [ Failed password for root from 43.255.190.138 port 51900 ssh2]
Apr 11 03:01:55 ovzhost sshd[1131]: Received disconnect from 43.255.190.138: 11:  [preauth]
Apr 11 03:01:55 ovzhost sshd[1131]: PAM 2 more authentication failures; logname= uid=0 euid=0 tty=ssh ruser= rhost=43.255.190.138  user=root
Apr 11 03:01:56 ovzhost sshd[1135]: pam_unix(sshd:auth): authentication failure; logname= uid=0 euid=0 tty=ssh ruser= rhost=43.255.190.138  user=root
Apr 11 03:01:57 ovzhost sshd[1133]: message repeated 2 times: [ Failed password for root from 43.255.190.187 port 51707 ssh2]
Apr 11 03:01:57 ovzhost sshd[1133]: Received disconnect from 43.255.190.187: 11:  [preauth]
Apr 11 03:01:57 ovzhost sshd[1133]: PAM 2 more authentication failures; logname= uid=0 euid=0 tty=ssh ruser= rhost=43.255.190.187  user=root
Apr 11 03:01:57 ovzhost sshd[1135]: Failed password for root from 43.255.190.138 port 39731 ssh2
Apr 11 03:01:58 ovzhost sshd[1137]: pam_unix(sshd:auth): authentication failure; logname= uid=0 euid=0 tty=ssh ruser= rhost=43.255.190.187  user=root
Apr 11 03:02:00 ovzhost sshd[1137]: Failed password for root from 43.255.190.187 port 38540 ssh2
Apr 11 03:02:02 ovzhost sshd[1135]: message repeated 2 times: [ Failed password for root from 43.255.190.138 port 39731 ssh2]
Apr 11 03:02:02 ovzhost sshd[1135]: Received disconnect from 43.255.190.138: 11:  [preauth]
Apr 11 03:02:02 ovzhost sshd[1135]: PAM 2 more authentication failures; logname= uid=0 euid=0 tty=ssh ruser= rhost=43.255.190.138  user=root
Apr 11 03:02:02 ovzhost sshd[1139]: pam_unix(sshd:auth): authentication failure; logname= uid=0 euid=0 tty=ssh ruser= rhost=43.255.190.138  user=root
Apr 11 03:02:04 ovzhost sshd[1139]: Failed password for root from 43.255.190.138 port 57438 ssh2
Apr 11 03:02:04 ovzhost sshd[1137]: message repeated 2 times: [ Failed password for root from 43.255.190.187 port 38540 ssh2]
Apr 11 03:02:04 ovzhost sshd[1137]: Received disconnect from 43.255.190.187: 11:  [preauth]
Apr 11 03:02:04 ovzhost sshd[1137]: PAM 2 more authentication failures; logname= uid=0 euid=0 tty=ssh ruser= rhost=43.255.190.187  user=root
Apr 11 03:02:05 ovzhost sshd[1141]: pam_unix(sshd:auth): authentication failure; logname= uid=0 euid=0 tty=ssh ruser= rhost=43.255.190.187  user=root
Apr 11 03:02:07 ovzhost sshd[1141]: Failed password for root from 43.255.190.187 port 55323 ssh2
Apr 11 03:02:08 ovzhost sshd[1139]: message repeated 2 times: [ Failed password for root from 43.255.190.138 port 57438 ssh2]
Apr 11 03:02:08 ovzhost sshd[1139]: Received disconnect from 43.255.190.138: 11:  [preauth]
Apr 11 03:02:08 ovzhost sshd[1139]: PAM 2 more authentication failures; logname= uid=0 euid=0 tty=ssh ruser= rhost=43.255.190.138  user=root
Apr 11 03:02:09 ovzhost sshd[1144]: pam_unix(sshd:auth): authentication failure; logname= uid=0 euid=0 tty=ssh ruser= rhost=43.255.190.138  user=root
Apr 11 03:02:11 ovzhost sshd[1144]: Failed password for root from 43.255.190.138 port 45445 ssh2
Apr 11 03:02:12 ovzhost sshd[1141]: message repeated 2 times: [ Failed password for root from 43.255.190.187 port 55323 ssh2]
Apr 11 03:02:12 ovzhost sshd[1141]: Received disconnect from 43.255.190.187: 11:  [preauth]
Apr 11 03:02:12 ovzhost sshd[1141]: PAM 2 more authentication failures; logname= uid=0 euid=0 tty=ssh ruser= rhost=43.255.190.187  user=root
Apr 11 03:02:13 ovzhost sshd[1146]: pam_unix(sshd:auth): authentication failure; logname= uid=0 euid=0 tty=ssh ruser= rhost=43.255.190.187  user=root
Apr 11 03:02:15 ovzhost sshd[1146]: Failed password for root from 43.255.190.187 port 46785 ssh2
Apr 11 03:02:16 ovzhost sshd[1144]: message repeated 2 times: [ Failed password for root from 43.255.190.138 port 45445 ssh2]
Apr 11 03:02:16 ovzhost sshd[1144]: Received disconnect from 43.255.190.138: 11:  [preauth]
Apr 11 03:02:16 ovzhost sshd[1144]: PAM 2 more authentication failures; logname= uid=0 euid=0 tty=ssh ruser= rhost=43.255.190.138  user=root
Apr 11 03:02:17 ovzhost sshd[1148]: pam_unix(sshd:auth): authentication failure; logname= uid=0 euid=0 tty=ssh ruser= rhost=43.255.190.138  user=root
Apr 11 03:02:19 ovzhost sshd[1148]: Failed password for root from 43.255.190.138 port 35111 ssh2
Apr 11 03:02:19 ovzhost sshd[1146]: message repeated 2 times: [ Failed password for root from 43.255.190.187 port 46785 ssh2]
Apr 11 03:02:19 ovzhost sshd[1146]: Received disconnect from 43.255.190.187: 11:  [preauth]
Apr 11 03:02:19 ovzhost sshd[1146]: PAM 2 more authentication failures; logname= uid=0 euid=0 tty=ssh ruser= rhost=43.255.190.187  user=root
Apr 11 03:02:21 ovzhost sshd[1150]: pam_unix(sshd:auth): authentication failure; logname= uid=0 euid=0 tty=ssh ruser= rhost=43.255.190.187  user=root
Apr 11 03:02:23 ovzhost sshd[1150]: Failed password for root from 43.255.190.187 port 35864 ssh2
Apr 11 03:02:23 ovzhost sshd[1148]: message repeated 2 times: [ Failed password for root from 43.255.190.138 port 35111 ssh2]
Apr 11 03:02:23 ovzhost sshd[1148]: Received disconnect from 43.255.190.138: 11:  [preauth]
Apr 11 03:02:23 ovzhost sshd[1148]: PAM 2 more authentication failures; logname= uid=0 euid=0 tty=ssh ruser= rhost=43.255.190.138  user=root
Apr 11 03:02:25 ovzhost sshd[1152]: pam_unix(sshd:auth): authentication failure; logname= uid=0 euid=0 tty=ssh ruser= rhost=43.255.190.138  user=root
Apr 11 03:02:27 ovzhost sshd[1152]: Failed password for root from 43.255.190.138 port 53788 ssh2
Apr 11 03:02:27 ovzhost sshd[1150]: message repeated 2 times: [ Failed password for root from 43.255.190.187 port 35864 ssh2]
Apr 11 03:02:27 ovzhost sshd[1150]: Received disconnect from 43.255.190.187: 11:  [preauth]
Apr 11 03:02:27 ovzhost sshd[1150]: PAM 2 more authentication failures; logname= uid=0 euid=0 tty=ssh ruser= rhost=43.255.190.187  user=root
Apr 11 03:02:28 ovzhost sshd[1154]: pam_unix(sshd:auth): authentication failure; logname= uid=0 euid=0 tty=ssh ruser= rhost=43.255.190.187  user=root
Apr 11 03:02:30 ovzhost sshd[1154]: Failed password for root from 43.255.190.187 port 52755 ssh2
Apr 11 03:02:30 ovzhost sshd[1152]: message repeated 2 times: [ Failed password for root from 43.255.190.138 port 53788 ssh2]
Apr 11 03:02:30 ovzhost sshd[1152]: Received disconnect from 43.255.190.138: 11:  [preauth]
Apr 11 03:02:30 ovzhost sshd[1152]: PAM 2 more authentication failures; logname= uid=0 euid=0 tty=ssh ruser= rhost=43.255.190.138  user=root
Apr 11 03:02:32 ovzhost sshd[1156]: pam_unix(sshd:auth): authentication failure; logname= uid=0 euid=0 tty=ssh ruser= rhost=43.255.190.138  user=root
Apr 11 03:02:34 ovzhost sshd[1154]: message repeated 2 times: [ Failed password for root from 43.255.190.187 port 52755 ssh2]
Apr 11 03:02:34 ovzhost sshd[1154]: Received disconnect from 43.255.190.187: 11:  [preauth]
Apr 11 03:02:34 ovzhost sshd[1154]: PAM 2 more authentication failures; logname= uid=0 euid=0 tty=ssh ruser= rhost=43.255.190.187  user=root
Apr 11 03:02:34 ovzhost sshd[1156]: Failed password for root from 43.255.190.138 port 42128 ssh2
Apr 11 03:02:34 ovzhost sshd[1158]: pam_unix(sshd:auth): authentication failure; logname= uid=0 euid=0 tty=ssh ruser= rhost=43.255.190.187  user=root
Apr 11 03:02:36 ovzhost sshd[1158]: Failed password for root from 43.255.190.187 port 40305 ssh2
Apr 11 03:02:38 ovzhost sshd[1156]: message repeated 2 times: [ Failed password for root from 43.255.190.138 port 42128 ssh2]
Apr 11 03:02:38 ovzhost sshd[1156]: Received disconnect from 43.255.190.138: 11:  [preauth]
Apr 11 03:02:38 ovzhost sshd[1156]: PAM 2 more authentication failures; logname= uid=0 euid=0 tty=ssh ruser= rhost=43.255.190.138  user=root
Apr 11 03:02:38 ovzhost sshd[1160]: pam_unix(sshd:auth): authentication failure; logname= uid=0 euid=0 tty=ssh ruser= rhost=43.255.190.138  user=root
Apr 11 03:02:39 ovzhost sshd[1158]: message repeated 2 times: [ Failed password for root from 43.255.190.187 port 40305 ssh2]
Apr 11 03:02:39 ovzhost sshd[1158]: Received disconnect from 43.255.190.187: 11:  [preauth]
Apr 11 03:02:39 ovzhost sshd[1158]: PAM 2 more authentication failures; logname= uid=0 euid=0 tty=ssh ruser= rhost=43.255.190.187  user=root
Apr 11 03:02:39 ovzhost sshd[1160]: Failed password for root from 43.255.190.138 port 60359 ssh2
Apr 11 03:02:41 ovzhost sshd[1162]: pam_unix(sshd:auth): authentication failure; logname= uid=0 euid=0 tty=ssh ruser= rhost=43.255.190.187  user=root
Apr 11 03:02:43 ovzhost sshd[1162]: Failed password for root from 43.255.190.187 port 54789 ssh2
Apr 11 03:02:44 ovzhost sshd[1160]: message repeated 2 times: [ Failed password for root from 43.255.190.138 port 60359 ssh2]
Apr 11 03:02:44 ovzhost sshd[1160]: Received disconnect from 43.255.190.138: 11:  [preauth]
Apr 11 03:02:44 ovzhost sshd[1160]: PAM 2 more authentication failures; logname= uid=0 euid=0 tty=ssh ruser= rhost=43.255.190.138  user=root
Apr 11 03:02:45 ovzhost sshd[1164]: pam_unix(sshd:auth): authentication failure; logname= uid=0 euid=0 tty=ssh ruser= rhost=43.255.190.138  user=root
Apr 11 03:02:47 ovzhost sshd[1164]: Failed password for root from 43.255.190.138 port 47727 ssh2
Apr 11 03:02:47 ovzhost sshd[1162]: message repeated 2 times: [ Failed password for root from 43.255.190.187 port 54789 ssh2]
Apr 11 03:02:47 ovzhost sshd[1162]: Received disconnect from 43.255.190.187: 11:  [preauth]
Apr 11 03:02:47 ovzhost sshd[1162]: PAM 2 more authentication failures; logname= uid=0 euid=0 tty=ssh ruser= rhost=43.255.190.187  user=root
Apr 11 03:02:50 ovzhost sshd[1166]: pam_unix(sshd:auth): authentication failure; logname= uid=0 euid=0 tty=ssh ruser= rhost=43.255.190.187  user=root
Apr 11 03:02:51 ovzhost sshd[1164]: message repeated 2 times: [ Failed password for root from 43.255.190.138 port 47727 ssh2]
Apr 11 03:02:51 ovzhost sshd[1164]: Received disconnect from 43.255.190.138: 11:  [preauth]
Apr 11 03:02:51 ovzhost sshd[1164]: PAM 2 more authentication failures; logname= uid=0 euid=0 tty=ssh ruser= rhost=43.255.190.138  user=root
Apr 11 03:02:52 ovzhost sshd[1166]: Failed password for root from 43.255.190.187 port 44246 ssh2
Apr 11 03:02:53 ovzhost sshd[1168]: pam_unix(sshd:auth): authentication failure; logname= uid=0 euid=0 tty=ssh ruser= rhost=43.255.190.138  user=root
Apr 11 03:02:55 ovzhost sshd[1168]: Failed password for root from 43.255.190.138 port 36500 ssh2
Apr 11 03:02:57 ovzhost sshd[1166]: message repeated 2 times: [ Failed password for root from 43.255.190.187 port 44246 ssh2]
Apr 11 03:02:57 ovzhost sshd[1166]: Received disconnect from 43.255.190.187: 11:  [preauth]
Apr 11 03:02:57 ovzhost sshd[1166]: PAM 2 more authentication failures; logname= uid=0 euid=0 tty=ssh ruser= rhost=43.255.190.187  user=root
Apr 11 03:02:58 ovzhost sshd[1170]: pam_unix(sshd:auth): authentication failure; logname= uid=0 euid=0 tty=ssh ruser= rhost=43.255.190.187  user=root
Apr 11 03:02:59 ovzhost sshd[1168]: message repeated 2 times: [ Failed password for root from 43.255.190.138 port 36500 ssh2]
Apr 11 03:03:00 ovzhost sshd[1168]: Received disconnect from 43.255.190.138: 11:  [preauth]
Apr 11 03:03:00 ovzhost sshd[1168]: PAM 2 more authentication failures; logname= uid=0 euid=0 tty=ssh ruser= rhost=43.255.190.138  user=root
Apr 11 03:03:00 ovzhost sshd[1170]: Failed password for root from 43.255.190.187 port 39984 ssh2
Apr 11 03:03:01 ovzhost sshd[1172]: pam_unix(sshd:auth): authentication failure; logname= uid=0 euid=0 tty=ssh ruser= rhost=43.255.190.138  user=root
Apr 11 03:03:03 ovzhost sshd[1172]: Failed password for root from 43.255.190.138 port 55029 ssh2
Apr 11 03:03:04 ovzhost sshd[1170]: message repeated 2 times: [ Failed password for root from 43.255.190.187 port 39984 ssh2]
Apr 11 03:03:04 ovzhost sshd[1170]: Received disconnect from 43.255.190.187: 11:  [preauth]
Apr 11 03:03:04 ovzhost sshd[1170]: PAM 2 more authentication failures; logname= uid=0 euid=0 tty=ssh ruser= rhost=43.255.190.187  user=root
Apr 11 03:03:05 ovzhost sshd[1174]: pam_unix(sshd:auth): authentication failure; logname= uid=0 euid=0 tty=ssh ruser= rhost=43.255.190.187  user=root
Apr 11 03:03:07 ovzhost sshd[1174]: Failed password for root from 43.255.190.187 port 57386 ssh2
Apr 11 03:03:07 ovzhost sshd[1172]: message repeated 2 times: [ Failed password for root from 43.255.190.138 port 55029 ssh2]
Apr 11 03:03:07 ovzhost sshd[1172]: Received disconnect from 43.255.190.138: 11:  [preauth]
Apr 11 03:03:07 ovzhost sshd[1172]: PAM 2 more authentication failures; logname= uid=0 euid=0 tty=ssh ruser= rhost=43.255.190.138  user=root
Apr 11 03:03:09 ovzhost sshd[1177]: pam_unix(sshd:auth): authentication failure; logname= uid=0 euid=0 tty=ssh ruser= rhost=43.255.190.138  user=root
Apr 11 03:03:10 ovzhost sshd[1177]: Failed password for root from 43.255.190.138 port 43534 ssh2
Apr 11 03:03:11 ovzhost sshd[1174]: message repeated 2 times: [ Failed password for root from 43.255.190.187 port 57386 ssh2]
Apr 11 03:03:11 ovzhost sshd[1174]: Received disconnect from 43.255.190.187: 11:  [preauth]
Apr 11 03:03:11 ovzhost sshd[1174]: PAM 2 more authentication failures; logname= uid=0 euid=0 tty=ssh ruser= rhost=43.255.190.187  user=root
Apr 11 03:03:11 ovzhost sshd[1179]: pam_unix(sshd:auth): authentication failure; logname= uid=0 euid=0 tty=ssh ruser= rhost=43.255.190.187  user=root
Apr 11 03:03:12 ovzhost sshd[1182]: Connection closed by 127.0.0.1 [preauth]
Apr 11 03:03:13 ovzhost sshd[1179]: Failed password for root from 43.255.190.187 port 44957 ssh2
Apr 11 03:03:14 ovzhost sshd[1177]: message repeated 2 times: [ Failed password for root from 43.255.190.138 port 43534 ssh2]
Apr 11 03:03:14 ovzhost sshd[1177]: Received disconnect from 43.255.190.138: 11:  [preauth]
Apr 11 03:03:14 ovzhost sshd[1177]: PAM 2 more authentication failures; logname= uid=0 euid=0 tty=ssh ruser= rhost=43.255.190.138  user=root
Apr 11 03:03:15 ovzhost sshd[1184]: pam_unix(sshd:auth): authentication failure; logname= uid=0 euid=0 tty=ssh ruser= rhost=43.255.190.138  user=root
Apr 11 03:03:17 ovzhost sshd[1184]: Failed password for root from 43.255.190.138 port 32842 ssh2
Apr 11 03:03:18 ovzhost sshd[1179]: message repeated 2 times: [ Failed password for root from 43.255.190.187 port 44957 ssh2]
Apr 11 03:03:18 ovzhost sshd[1179]: Received disconnect from 43.255.190.187: 11:  [preauth]
Apr 11 03:03:18 ovzhost sshd[1179]: PAM 2 more authentication failures; logname= uid=0 euid=0 tty=ssh ruser= rhost=43.255.190.187  user=root
Apr 11 03:03:19 ovzhost sshd[1186]: pam_unix(sshd:auth): authentication failure; logname= uid=0 euid=0 tty=ssh ruser= rhost=43.255.190.187  user=root
Apr 11 03:03:21 ovzhost sshd[1186]: Failed password for root from 43.255.190.187 port 33946 ssh2
Apr 11 03:03:21 ovzhost sshd[1184]: message repeated 2 times: [ Failed password for root from 43.255.190.138 port 32842 ssh2]
Apr 11 03:03:22 ovzhost sshd[1184]: Received disconnect from 43.255.190.138: 11:  [preauth]
Apr 11 03:03:22 ovzhost sshd[1184]: PAM 2 more authentication failures; logname= uid=0 euid=0 tty=ssh ruser= rhost=43.255.190.138  user=root
Apr 11 03:03:23 ovzhost sshd[1188]: pam_unix(sshd:auth): authentication failure; logname= uid=0 euid=0 tty=ssh ruser= rhost=43.255.190.138  user=root
Apr 11 03:03:24 ovzhost sshd[1188]: Failed password for root from 43.255.190.138 port 49950 ssh2
Apr 11 03:03:25 ovzhost sshd[1186]: message repeated 2 times: [ Failed password for root from 43.255.190.187 port 33946 ssh2]
Apr 11 03:03:26 ovzhost sshd[1186]: Received disconnect from 43.255.190.187: 11:  [preauth]
Apr 11 03:03:26 ovzhost sshd[1186]: PAM 2 more authentication failures; logname= uid=0 euid=0 tty=ssh ruser= rhost=43.255.190.187  user=root
Apr 11 03:03:27 ovzhost sshd[1192]: pam_unix(sshd:auth): authentication failure; logname= uid=0 euid=0 tty=ssh ruser= rhost=43.255.190.187  user=root
Apr 11 03:03:29 ovzhost sshd[1192]: Failed password for root from 43.255.190.187 port 53377 ssh2
Apr 11 03:03:29 ovzhost sshd[1188]: message repeated 2 times: [ Failed password for root from 43.255.190.138 port 49950 ssh2]
Apr 11 03:03:29 ovzhost sshd[1188]: Received disconnect from 43.255.190.138: 11:  [preauth]
Apr 11 03:03:29 ovzhost sshd[1188]: PAM 2 more authentication failures; logname= uid=0 euid=0 tty=ssh ruser= rhost=43.255.190.138  user=root
Apr 11 03:03:30 ovzhost sshd[1194]: pam_unix(sshd:auth): authentication failure; logname= uid=0 euid=0 tty=ssh ruser= rhost=43.255.190.138  user=root
Apr 11 03:03:32 ovzhost sshd[1194]: Failed password for root from 43.255.190.138 port 38510 ssh2
Apr 11 03:03:33 ovzhost sshd[1192]: message repeated 2 times: [ Failed password for root from 43.255.190.187 port 53377 ssh2]
Apr 11 03:03:33 ovzhost sshd[1192]: Received disconnect from 43.255.190.187: 11:  [preauth]
Apr 11 03:03:33 ovzhost sshd[1192]: PAM 2 more authentication failures; logname= uid=0 euid=0 tty=ssh ruser= rhost=43.255.190.187  user=root
Apr 11 03:03:34 ovzhost sshd[1196]: pam_unix(sshd:auth): authentication failure; logname= uid=0 euid=0 tty=ssh ruser= rhost=43.255.190.187  user=root
Apr 11 03:03:36 ovzhost sshd[1196]: Failed password for root from 43.255.190.187 port 43910 ssh2
Apr 11 03:03:37 ovzhost sshd[1194]: message repeated 2 times: [ Failed password for root from 43.255.190.138 port 38510 ssh2]
Apr 11 03:03:37 ovzhost sshd[1194]: Received disconnect from 43.255.190.138: 11:  [preauth]
Apr 11 03:03:37 ovzhost sshd[1194]: PAM 2 more authentication failures; logname= uid=0 euid=0 tty=ssh ruser= rhost=43.255.190.138  user=root
Apr 11 03:03:39 ovzhost sshd[1198]: pam_unix(sshd:auth): authentication failure; logname= uid=0 euid=0 tty=ssh ruser= rhost=43.255.190.138  user=root
Apr 11 03:03:40 ovzhost sshd[1198]: Failed password for root from 43.255.190.138 port 58032 ssh2
Apr 11 03:03:41 ovzhost sshd[1196]: message repeated 2 times: [ Failed password for root from 43.255.190.187 port 43910 ssh2]
Apr 11 03:03:41 ovzhost sshd[1196]: Received disconnect from 43.255.190.187: 11:  [preauth]
Apr 11 03:03:41 ovzhost sshd[1196]: PAM 2 more authentication failures; logname= uid=0 euid=0 tty=ssh ruser= rhost=43.255.190.187  user=root
Apr 11 03:03:42 ovzhost sshd[1200]: pam_unix(sshd:auth): authentication failure; logname= uid=0 euid=0 tty=ssh ruser= rhost=43.255.190.187  user=root
Apr 11 03:03:43 ovzhost sshd[1200]: Failed password for root from 43.255.190.187 port 34113 ssh2
Apr 11 03:03:45 ovzhost sshd[1198]: message repeated 2 times: [ Failed password for root from 43.255.190.138 port 58032 ssh2]
Apr 11 03:03:45 ovzhost sshd[1198]: Received disconnect from 43.255.190.138: 11:  [preauth]
Apr 11 03:03:45 ovzhost sshd[1198]: PAM 2 more authentication failures; logname= uid=0 euid=0 tty=ssh ruser= rhost=43.255.190.138  user=root
Apr 11 03:03:46 ovzhost sshd[1202]: pam_unix(sshd:auth): authentication failure; logname= uid=0 euid=0 tty=ssh ruser= rhost=43.255.190.138  user=root
Apr 11 03:03:48 ovzhost sshd[1200]: message repeated 2 times: [ Failed password for root from 43.255.190.187 port 34113 ssh2]
Apr 11 03:03:48 ovzhost sshd[1200]: Received disconnect from 43.255.190.187: 11:  [preauth]
Apr 11 03:03:48 ovzhost sshd[1200]: PAM 2 more authentication failures; logname= uid=0 euid=0 tty=ssh ruser= rhost=43.255.190.187  user=root
Apr 11 03:03:48 ovzhost sshd[1202]: Failed password for root from 43.255.190.138 port 49493 ssh2
Apr 11 03:03:48 ovzhost sshd[1204]: pam_unix(sshd:auth): authentication failure; logname= uid=0 euid=0 tty=ssh ruser= rhost=43.255.190.187  user=root
Apr 11 03:03:51 ovzhost sshd[1204]: Failed password for root from 43.255.190.187 port 52005 ssh2
Apr 11 03:03:53 ovzhost sshd[1202]: message repeated 2 times: [ Failed password for root from 43.255.190.138 port 49493 ssh2]
Apr 11 03:03:53 ovzhost sshd[1202]: Received disconnect from 43.255.190.138: 11:  [preauth]
Apr 11 03:03:53 ovzhost sshd[1202]: PAM 2 more authentication failures; logname= uid=0 euid=0 tty=ssh ruser= rhost=43.255.190.138  user=root
Apr 11 03:03:54 ovzhost sshd[1206]: pam_unix(sshd:auth): authentication failure; logname= uid=0 euid=0 tty=ssh ruser= rhost=43.255.190.138  user=root
Apr 11 03:03:55 ovzhost sshd[1204]: message repeated 2 times: [ Failed password for root from 43.255.190.187 port 52005 ssh2]
Apr 11 03:03:55 ovzhost sshd[1204]: Received disconnect from 43.255.190.187: 11:  [preauth]
Apr 11 03:03:55 ovzhost sshd[1204]: PAM 2 more authentication failures; logname= uid=0 euid=0 tty=ssh ruser= rhost=43.255.190.187  user=root
Apr 11 03:03:56 ovzhost sshd[1208]: pam_unix(sshd:auth): authentication failure; logname= uid=0 euid=0 tty=ssh ruser= rhost=43.255.190.187  user=root
Apr 11 03:03:56 ovzhost sshd[1206]: Failed password for root from 43.255.190.138 port 41138 ssh2
Apr 11 03:03:59 ovzhost sshd[1208]: Failed password for root from 43.255.190.187 port 41918 ssh2
Apr 11 03:04:01 ovzhost sshd[1206]: message repeated 2 times: [ Failed password for root from 43.255.190.138 port 41138 ssh2]
Apr 11 03:04:01 ovzhost sshd[1206]: Received disconnect from 43.255.190.138: 11:  [preauth]
Apr 11 03:04:01 ovzhost sshd[1206]: PAM 2 more authentication failures; logname= uid=0 euid=0 tty=ssh ruser= rhost=43.255.190.138  user=root
Apr 11 03:04:02 ovzhost sshd[1210]: pam_unix(sshd:auth): authentication failure; logname= uid=0 euid=0 tty=ssh ruser= rhost=43.255.190.138  user=root
Apr 11 03:04:03 ovzhost sshd[1208]: message repeated 2 times: [ Failed password for root from 43.255.190.187 port 41918 ssh2]
Apr 11 03:04:03 ovzhost sshd[1208]: Received disconnect from 43.255.190.187: 11:  [preauth]
Apr 11 03:04:03 ovzhost sshd[1208]: PAM 2 more authentication failures; logname= uid=0 euid=0 tty=ssh ruser= rhost=43.255.190.187  user=root
Apr 11 03:04:04 ovzhost sshd[1210]: Failed password for root from 43.255.190.138 port 60748 ssh2
Apr 11 03:04:05 ovzhost sshd[1212]: pam_unix(sshd:auth): authentication failure; logname= uid=0 euid=0 tty=ssh ruser= rhost=43.255.190.187  user=root
Apr 11 03:04:07 ovzhost sshd[1212]: Failed password for root from 43.255.190.187 port 34877 ssh2
Apr 11 03:04:09 ovzhost sshd[1210]: message repeated 2 times: [ Failed password for root from 43.255.190.138 port 60748 ssh2]
Apr 11 03:04:09 ovzhost sshd[1210]: Received disconnect from 43.255.190.138: 11:  [preauth]
Apr 11 03:04:09 ovzhost sshd[1210]: PAM 2 more authentication failures; logname= uid=0 euid=0 tty=ssh ruser= rhost=43.255.190.138  user=root
Apr 11 03:04:11 ovzhost sshd[1216]: pam_unix(sshd:auth): authentication failure; logname= uid=0 euid=0 tty=ssh ruser= rhost=43.255.190.138  user=root
Apr 11 03:04:13 ovzhost sshd[1216]: Failed password for root from 43.255.190.138 port 51927 ssh2
Apr 11 03:04:11 ovzhost sshd[1212]: message repeated 2 times: [ Failed password for root from 43.255.190.187 port 34877 ssh2]
Apr 11 03:04:13 ovzhost sshd[1212]: Received disconnect from 43.255.190.187: 11:  [preauth]
Apr 11 03:04:13 ovzhost sshd[1212]: PAM 2 more authentication failures; logname= uid=0 euid=0 tty=ssh ruser= rhost=43.255.190.187  user=root
Apr 11 03:04:15 ovzhost sshd[1218]: pam_unix(sshd:auth): authentication failure; logname= uid=0 euid=0 tty=ssh ruser= rhost=43.255.190.187  user=root
Apr 11 03:04:16 ovzhost sshd[1218]: Failed password for root from 43.255.190.187 port 57322 ssh2
Apr 11 03:04:17 ovzhost sshd[1216]: message repeated 2 times: [ Failed password for root from 43.255.190.138 port 51927 ssh2]
Apr 11 03:04:17 ovzhost sshd[1216]: Received disconnect from 43.255.190.138: 11:  [preauth]
Apr 11 03:04:17 ovzhost sshd[1216]: PAM 2 more authentication failures; logname= uid=0 euid=0 tty=ssh ruser= rhost=43.255.190.138  user=root
Apr 11 03:04:18 ovzhost sshd[1220]: pam_unix(sshd:auth): authentication failure; logname= uid=0 euid=0 tty=ssh ruser= rhost=43.255.190.138  user=root
Apr 11 03:04:21 ovzhost sshd[1220]: Failed password for root from 43.255.190.138 port 42028 ssh2
Apr 11 03:04:21 ovzhost sshd[1218]: message repeated 2 times: [ Failed password for root from 43.255.190.187 port 57322 ssh2]
Apr 11 03:04:21 ovzhost sshd[1218]: Received disconnect from 43.255.190.187: 11:  [preauth]
Apr 11 03:04:21 ovzhost sshd[1218]: PAM 2 more authentication failures; logname= uid=0 euid=0 tty=ssh ruser= rhost=43.255.190.187  user=root
Apr 11 03:04:21 ovzhost sshd[1222]: pam_unix(sshd:auth): authentication failure; logname= uid=0 euid=0 tty=ssh ruser= rhost=43.255.190.187  user=root
Apr 11 03:04:23 ovzhost sshd[1222]: Failed password for root from 43.255.190.187 port 50642 ssh2
Apr 11 03:04:25 ovzhost sshd[1220]: message repeated 2 times: [ Failed password for root from 43.255.190.138 port 42028 ssh2]
Apr 11 03:04:25 ovzhost sshd[1220]: Received disconnect from 43.255.190.138: 11:  [preauth]
Apr 11 03:04:25 ovzhost sshd[1220]: PAM 2 more authentication failures; logname= uid=0 euid=0 tty=ssh ruser= rhost=43.255.190.138  user=root
Apr 11 03:04:27 ovzhost sshd[1224]: pam_unix(sshd:auth): authentication failure; logname= uid=0 euid=0 tty=ssh ruser= rhost=43.255.190.138  user=root
Apr 11 03:04:28 ovzhost sshd[1222]: message repeated 2 times: [ Failed password for root from 43.255.190.187 port 50642 ssh2]
Apr 11 03:04:28 ovzhost sshd[1222]: Received disconnect from 43.255.190.187: 11:  [preauth]
Apr 11 03:04:28 ovzhost sshd[1222]: PAM 2 more authentication failures; logname= uid=0 euid=0 tty=ssh ruser= rhost=43.255.190.187  user=root
Apr 11 03:04:29 ovzhost sshd[1224]: Failed password for root from 43.255.190.138 port 33602 ssh2
Apr 11 03:04:32 ovzhost sshd[1226]: pam_unix(sshd:auth): authentication failure; logname= uid=0 euid=0 tty=ssh ruser= rhost=43.255.190.187  user=root
Apr 11 03:04:33 ovzhost sshd[1224]: message repeated 2 times: [ Failed password for root from 43.255.190.138 port 33602 ssh2]
Apr 11 03:04:34 ovzhost sshd[1224]: Received disconnect from 43.255.190.138: 11:  [preauth]
Apr 11 03:04:34 ovzhost sshd[1224]: PAM 2 more authentication failures; logname= uid=0 euid=0 tty=ssh ruser= rhost=43.255.190.138  user=root
Apr 11 03:04:34 ovzhost sshd[1226]: Failed password for root from 43.255.190.187 port 41284 ssh2
Apr 11 03:04:35 ovzhost sshd[1228]: pam_unix(sshd:auth): authentication failure; logname= uid=0 euid=0 tty=ssh ruser= rhost=43.255.190.138  user=root
Apr 11 03:04:37 ovzhost sshd[1228]: Failed password for root from 43.255.190.138 port 55386 ssh2
Apr 11 03:04:38 ovzhost sshd[1226]: message repeated 2 times: [ Failed password for root from 43.255.190.187 port 41284 ssh2]
Apr 11 03:04:38 ovzhost sshd[1226]: Received disconnect from 43.255.190.187: 11:  [preauth]
Apr 11 03:04:38 ovzhost sshd[1226]: PAM 2 more authentication failures; logname= uid=0 euid=0 tty=ssh ruser= rhost=43.255.190.187  user=root
Apr 11 03:04:39 ovzhost sshd[1230]: pam_unix(sshd:auth): authentication failure; logname= uid=0 euid=0 tty=ssh ruser= rhost=43.255.190.187  user=root
Apr 11 03:04:41 ovzhost sshd[1230]: Failed password for root from 43.255.190.187 port 39406 ssh2
Apr 11 03:04:42 ovzhost sshd[1228]: message repeated 2 times: [ Failed password for root from 43.255.190.138 port 55386 ssh2]
Apr 11 03:04:42 ovzhost sshd[1228]: Received disconnect from 43.255.190.138: 11:  [preauth]
Apr 11 03:04:42 ovzhost sshd[1228]: PAM 2 more authentication failures; logname= uid=0 euid=0 tty=ssh ruser= rhost=43.255.190.138  user=root
Apr 11 03:04:43 ovzhost sshd[1233]: pam_unix(sshd:auth): authentication failure; logname= uid=0 euid=0 tty=ssh ruser= rhost=43.255.190.138  user=root
Apr 11 03:04:46 ovzhost sshd[1233]: Failed password for root from 43.255.190.138 port 48068 ssh2
Apr 11 03:04:46 ovzhost sshd[1230]: message repeated 2 times: [ Failed password for root from 43.255.190.187 port 39406 ssh2]
Apr 11 03:04:46 ovzhost sshd[1230]: Received disconnect from 43.255.190.187: 11:  [preauth]
Apr 11 03:04:46 ovzhost sshd[1230]: PAM 2 more authentication failures; logname= uid=0 euid=0 tty=ssh ruser= rhost=43.255.190.187  user=root
Apr 11 03:04:47 ovzhost sshd[1235]: pam_unix(sshd:auth): authentication failure; logname= uid=0 euid=0 tty=ssh ruser= rhost=43.255.190.187  user=root
Apr 11 03:04:49 ovzhost sshd[1235]: Failed password for root from 43.255.190.187 port 58263 ssh2
Apr 11 03:04:50 ovzhost sshd[1233]: message repeated 2 times: [ Failed password for root from 43.255.190.138 port 48068 ssh2]
Apr 11 03:04:50 ovzhost sshd[1233]: Received disconnect from 43.255.190.138: 11:  [preauth]
Apr 11 03:04:50 ovzhost sshd[1233]: PAM 2 more authentication failures; logname= uid=0 euid=0 tty=ssh ruser= rhost=43.255.190.138  user=root
Apr 11 03:04:52 ovzhost sshd[1237]: pam_unix(sshd:auth): authentication failure; logname= uid=0 euid=0 tty=ssh ruser= rhost=43.255.190.138  user=root
Apr 11 03:04:53 ovzhost sshd[1237]: Failed password for root from 43.255.190.138 port 39483 ssh2
Apr 11 03:04:53 ovzhost sshd[1235]: message repeated 2 times: [ Failed password for root from 43.255.190.187 port 58263 ssh2]
Apr 11 03:04:54 ovzhost sshd[1235]: Received disconnect from 43.255.190.187: 11:  [preauth]
Apr 11 03:04:54 ovzhost sshd[1235]: PAM 2 more authentication failures; logname= uid=0 euid=0 tty=ssh ruser= rhost=43.255.190.187  user=root
Apr 11 03:04:54 ovzhost sshd[1239]: pam_unix(sshd:auth): authentication failure; logname= uid=0 euid=0 tty=ssh ruser= rhost=43.255.190.187  user=root
Apr 11 03:04:57 ovzhost sshd[1239]: Failed password for root from 43.255.190.187 port 48192 ssh2
Apr 11 03:04:58 ovzhost sshd[1237]: message repeated 2 times: [ Failed password for root from 43.255.190.138 port 39483 ssh2]
Apr 11 03:04:59 ovzhost sshd[1237]: Received disconnect from 43.255.190.138: 11:  [preauth]
Apr 11 03:04:59 ovzhost sshd[1237]: PAM 2 more authentication failures; logname= uid=0 euid=0 tty=ssh ruser= rhost=43.255.190.138  user=root
Apr 11 03:04:59 ovzhost sshd[1241]: pam_unix(sshd:auth): authentication failure; logname= uid=0 euid=0 tty=ssh ruser= rhost=43.255.190.138  user=root
Apr 11 03:05:01 ovzhost sshd[1239]: message repeated 2 times: [ Failed password for root from 43.255.190.187 port 48192 ssh2]
Apr 11 03:05:01 ovzhost sshd[1239]: Received disconnect from 43.255.190.187: 11:  [preauth]
Apr 11 03:05:01 ovzhost sshd[1239]: PAM 2 more authentication failures; logname= uid=0 euid=0 tty=ssh ruser= rhost=43.255.190.187  user=root
Apr 11 03:05:01 ovzhost sshd[1241]: Failed password for root from 43.255.190.138 port 35455 ssh2
Apr 11 03:05:02 ovzhost sshd[1243]: pam_unix(sshd:auth): authentication failure; logname= uid=0 euid=0 tty=ssh ruser= rhost=43.255.190.187  user=root
Apr 11 03:05:05 ovzhost sshd[1243]: Failed password for root from 43.255.190.187 port 38329 ssh2
Apr 11 03:05:06 ovzhost sshd[1241]: message repeated 2 times: [ Failed password for root from 43.255.190.138 port 35455 ssh2]
Apr 11 03:05:06 ovzhost sshd[1241]: Received disconnect from 43.255.190.138: 11:  [preauth]
Apr 11 03:05:06 ovzhost sshd[1241]: PAM 2 more authentication failures; logname= uid=0 euid=0 tty=ssh ruser= rhost=43.255.190.138  user=root
Apr 11 03:05:07 ovzhost sshd[1245]: pam_unix(sshd:auth): authentication failure; logname= uid=0 euid=0 tty=ssh ruser= rhost=43.255.190.138  user=root
Apr 11 03:05:09 ovzhost sshd[1245]: Failed password for root from 43.255.190.138 port 54568 ssh2
Apr 11 03:05:09 ovzhost sshd[1243]: message repeated 2 times: [ Failed password for root from 43.255.190.187 port 38329 ssh2]
Apr 11 03:05:09 ovzhost sshd[1243]: Received disconnect from 43.255.190.187: 11:  [preauth]
Apr 11 03:05:09 ovzhost sshd[1243]: PAM 2 more authentication failures; logname= uid=0 euid=0 tty=ssh ruser= rhost=43.255.190.187  user=root
Apr 11 03:05:10 ovzhost sshd[1248]: pam_unix(sshd:auth): authentication failure; logname= uid=0 euid=0 tty=ssh ruser= rhost=43.255.190.187  user=root
Apr 11 03:05:12 ovzhost sshd[1248]: Failed password for root from 43.255.190.187 port 57797 ssh2
Apr 11 03:05:13 ovzhost sshd[1245]: message repeated 2 times: [ Failed password for root from 43.255.190.138 port 54568 ssh2]
Apr 11 03:05:13 ovzhost sshd[1245]: Received disconnect from 43.255.190.138: 11:  [preauth]
Apr 11 03:05:13 ovzhost sshd[1245]: PAM 2 more authentication failures; logname= uid=0 euid=0 tty=ssh ruser= rhost=43.255.190.138  user=root
Apr 11 03:05:15 ovzhost sshd[1250]: pam_unix(sshd:auth): authentication failure; logname= uid=0 euid=0 tty=ssh ruser= rhost=43.255.190.138  user=root
Apr 11 03:05:16 ovzhost sshd[1250]: Failed password for root from 43.255.190.138 port 44589 ssh2
Apr 11 03:05:17 ovzhost sshd[1248]: message repeated 2 times: [ Failed password for root from 43.255.190.187 port 57797 ssh2]
Apr 11 03:05:17 ovzhost sshd[1248]: Received disconnect from 43.255.190.187: 11:  [preauth]
Apr 11 03:05:17 ovzhost sshd[1248]: PAM 2 more authentication failures; logname= uid=0 euid=0 tty=ssh ruser= rhost=43.255.190.187  user=root
Apr 11 03:05:18 ovzhost sshd[1252]: pam_unix(sshd:auth): authentication failure; logname= uid=0 euid=0 tty=ssh ruser= rhost=43.255.190.187  user=root
Apr 11 03:05:21 ovzhost sshd[1252]: Failed password for root from 43.255.190.187 port 48668 ssh2
Apr 11 03:05:21 ovzhost sshd[1250]: message repeated 2 times: [ Failed password for root from 43.255.190.138 port 44589 ssh2]
Apr 11 03:05:21 ovzhost sshd[1250]: Received disconnect from 43.255.190.138: 11:  [preauth]
Apr 11 03:05:21 ovzhost sshd[1250]: PAM 2 more authentication failures; logname= uid=0 euid=0 tty=ssh ruser= rhost=43.255.190.138  user=root
Apr 11 03:05:23 ovzhost sshd[1254]: pam_unix(sshd:auth): authentication failure; logname= uid=0 euid=0 tty=ssh ruser= rhost=43.255.190.138  user=root
Apr 11 03:05:24 ovzhost sshd[1254]: Failed password for root from 43.255.190.138 port 35236 ssh2
Apr 11 03:05:25 ovzhost sshd[1252]: message repeated 2 times: [ Failed password for root from 43.255.190.187 port 48668 ssh2]
Apr 11 03:05:25 ovzhost sshd[1252]: Received disconnect from 43.255.190.187: 11:  [preauth]
Apr 11 03:05:25 ovzhost sshd[1252]: PAM 2 more authentication failures; logname= uid=0 euid=0 tty=ssh ruser= rhost=43.255.190.187  user=root
Apr 11 03:05:26 ovzhost sshd[1256]: pam_unix(sshd:auth): authentication failure; logname= uid=0 euid=0 tty=ssh ruser= rhost=43.255.190.187  user=root
Apr 11 03:05:29 ovzhost sshd[1256]: Failed password for root from 43.255.190.187 port 39236 ssh2
Apr 11 03:05:29 ovzhost sshd[1254]: message repeated 2 times: [ Failed password for root from 43.255.190.138 port 35236 ssh2]
Apr 11 03:05:29 ovzhost sshd[1254]: Received disconnect from 43.255.190.138: 11:  [preauth]
Apr 11 03:05:29 ovzhost sshd[1254]: PAM 2 more authentication failures; logname= uid=0 euid=0 tty=ssh ruser= rhost=43.255.190.138  user=root
Apr 11 03:05:30 ovzhost sshd[1258]: pam_unix(sshd:auth): authentication failure; logname= uid=0 euid=0 tty=ssh ruser= rhost=43.255.190.138  user=root
Apr 11 03:05:32 ovzhost sshd[1258]: Failed password for root from 43.255.190.138 port 52919 ssh2
Apr 11 03:05:33 ovzhost sshd[1256]: message repeated 2 times: [ Failed password for root from 43.255.190.187 port 39236 ssh2]
Apr 11 03:05:33 ovzhost sshd[1256]: Received disconnect from 43.255.190.187: 11:  [preauth]
Apr 11 03:05:33 ovzhost sshd[1256]: PAM 2 more authentication failures; logname= uid=0 euid=0 tty=ssh ruser= rhost=43.255.190.187  user=root
Apr 11 03:05:34 ovzhost sshd[1260]: pam_unix(sshd:auth): authentication failure; logname= uid=0 euid=0 tty=ssh ruser= rhost=43.255.190.187  user=root
Apr 11 03:05:36 ovzhost sshd[1260]: Failed password for root from 43.255.190.187 port 57315 ssh2
Apr 11 03:05:36 ovzhost sshd[1258]: message repeated 2 times: [ Failed password for root from 43.255.190.138 port 52919 ssh2]
Apr 11 03:05:36 ovzhost sshd[1258]: Received disconnect from 43.255.190.138: 11:  [preauth]
Apr 11 03:05:36 ovzhost sshd[1258]: PAM 2 more authentication failures; logname= uid=0 euid=0 tty=ssh ruser= rhost=43.255.190.138  user=root
Apr 11 03:05:37 ovzhost sshd[1262]: pam_unix(sshd:auth): authentication failure; logname= uid=0 euid=0 tty=ssh ruser= rhost=43.255.190.138  user=root
Apr 11 03:05:40 ovzhost sshd[1262]: Failed password for root from 43.255.190.138 port 42073 ssh2
Apr 11 03:05:41 ovzhost sshd[1260]: message repeated 2 times: [ Failed password for root from 43.255.190.187 port 57315 ssh2]
Apr 11 03:05:41 ovzhost sshd[1260]: Received disconnect from 43.255.190.187: 11:  [preauth]
Apr 11 03:05:41 ovzhost sshd[1260]: PAM 2 more authentication failures; logname= uid=0 euid=0 tty=ssh ruser= rhost=43.255.190.187  user=root
Apr 11 03:05:44 ovzhost sshd[1262]: message repeated 2 times: [ Failed password for root from 43.255.190.138 port 42073 ssh2]
Apr 11 03:05:44 ovzhost sshd[1262]: Received disconnect from 43.255.190.138: 11:  [preauth]
Apr 11 03:05:44 ovzhost sshd[1262]: PAM 2 more authentication failures; logname= uid=0 euid=0 tty=ssh ruser= rhost=43.255.190.138  user=root
Apr 11 03:05:46 ovzhost sshd[1264]: pam_unix(sshd:auth): authentication failure; logname= uid=0 euid=0 tty=ssh ruser= rhost=43.255.190.187  user=root
Apr 11 03:05:46 ovzhost sshd[1266]: pam_unix(sshd:auth): authentication failure; logname= uid=0 euid=0 tty=ssh ruser= rhost=43.255.190.138  user=root
Apr 11 03:05:47 ovzhost sshd[1264]: Failed password for root from 43.255.190.187 port 46554 ssh2
Apr 11 03:05:47 ovzhost sshd[1266]: Failed password for root from 43.255.190.138 port 33369 ssh2
Apr 11 03:05:51 ovzhost sshd[1264]: message repeated 2 times: [ Failed password for root from 43.255.190.187 port 46554 ssh2]
Apr 11 03:05:52 ovzhost sshd[1264]: Received disconnect from 43.255.190.187: 11:  [preauth]
Apr 11 03:05:52 ovzhost sshd[1264]: PAM 2 more authentication failures; logname= uid=0 euid=0 tty=ssh ruser= rhost=43.255.190.187  user=root
Apr 11 03:05:53 ovzhost sshd[1268]: pam_unix(sshd:auth): authentication failure; logname= uid=0 euid=0 tty=ssh ruser= rhost=43.255.190.187  user=root
Apr 11 03:05:53 ovzhost sshd[1266]: message repeated 2 times: [ Failed password for root from 43.255.190.138 port 33369 ssh2]
Apr 11 03:05:53 ovzhost sshd[1266]: Received disconnect from 43.255.190.138: 11:  [preauth]
Apr 11 03:05:53 ovzhost sshd[1266]: PAM 2 more authentication failures; logname= uid=0 euid=0 tty=ssh ruser= rhost=43.255.190.138  user=root
Apr 11 03:05:55 ovzhost sshd[1270]: pam_unix(sshd:auth): authentication failure; logname= uid=0 euid=0 tty=ssh ruser= rhost=43.255.190.138  user=root
Apr 11 03:05:55 ovzhost sshd[1268]: Failed password for root from 43.255.190.187 port 43826 ssh2
Apr 11 03:05:57 ovzhost sshd[1270]: Failed password for root from 43.255.190.138 port 54218 ssh2
Apr 11 03:05:59 ovzhost sshd[1272]: Invalid user word from 221.146.74.146
Apr 11 03:05:59 ovzhost sshd[1272]: input_userauth_request: invalid user word [preauth]
Apr 11 03:05:59 ovzhost sshd[1272]: pam_unix(sshd:auth): check pass; user unknown
Apr 11 03:05:59 ovzhost sshd[1272]: pam_unix(sshd:auth): authentication failure; logname= uid=0 euid=0 tty=ssh ruser= rhost=221.146.74.146 
Apr 11 03:06:00 ovzhost sshd[1268]: message repeated 2 times: [ Failed password for root from 43.255.190.187 port 43826 ssh2]
Apr 11 03:06:00 ovzhost sshd[1268]: Received disconnect from 43.255.190.187: 11:  [preauth]
Apr 11 03:06:00 ovzhost sshd[1268]: PAM 2 more authentication failures; logname= uid=0 euid=0 tty=ssh ruser= rhost=43.255.190.187  user=root
Apr 11 03:06:01 ovzhost sshd[1270]: message repeated 2 times: [ Failed password for root from 43.255.190.138 port 54218 ssh2]
Apr 11 03:06:01 ovzhost sshd[1270]: Received disconnect from 43.255.190.138: 11:  [preauth]
Apr 11 03:06:01 ovzhost sshd[1270]: PAM 2 more authentication failures; logname= uid=0 euid=0 tty=ssh ruser= rhost=43.255.190.138  user=root
Apr 11 03:06:01 ovzhost sshd[1272]: Failed password for invalid user word from 221.146.74.146 port 25786 ssh2
Apr 11 03:06:01 ovzhost sshd[1274]: pam_unix(sshd:auth): authentication failure; logname= uid=0 euid=0 tty=ssh ruser= rhost=43.255.190.187  user=root
Apr 11 03:06:02 ovzhost sshd[1272]: Connection closed by 221.146.74.146 [preauth]
Apr 11 03:06:04 ovzhost sshd[1274]: Failed password for root from 43.255.190.187 port 34489 ssh2
Apr 11 03:06:08 ovzhost sshd[1274]: message repeated 2 times: [ Failed password for root from 43.255.190.187 port 34489 ssh2]
Apr 11 03:06:08 ovzhost sshd[1274]: Received disconnect from 43.255.190.187: 11:  [preauth]
Apr 11 03:06:08 ovzhost sshd[1274]: PAM 2 more authentication failures; logname= uid=0 euid=0 tty=ssh ruser= rhost=43.255.190.187  user=root
Apr 11 03:06:09 ovzhost sshd[1276]: pam_unix(sshd:auth): authentication failure; logname= uid=0 euid=0 tty=ssh ruser= rhost=43.255.190.187  user=root
Apr 11 03:06:10 ovzhost sshd[1276]: Failed password for root from 43.255.190.187 port 51750 ssh2
Apr 11 03:06:15 ovzhost sshd[1276]: message repeated 2 times: [ Failed password for root from 43.255.190.187 port 51750 ssh2]
Apr 11 03:06:15 ovzhost sshd[1276]: Received disconnect from 43.255.190.187: 11:  [preauth]
Apr 11 03:06:15 ovzhost sshd[1276]: PAM 2 more authentication failures; logname= uid=0 euid=0 tty=ssh ruser= rhost=43.255.190.187  user=root
Apr 11 03:08:12 ovzhost sshd[1290]: Connection closed by 127.0.0.1 [preauth]
Apr 11 03:09:01 ovzhost CRON[1297]: pam_env(cron:session): Unable to open env file: /etc/default/locale: No such file or directory
Apr 11 03:09:01 ovzhost CRON[1296]: pam_env(cron:session): Unable to open env file: /etc/default/locale: No such file or directory
Apr 11 03:09:01 ovzhost CRON[1297]: pam_unix(cron:session): session opened for user root by (uid=0)
Apr 11 03:09:01 ovzhost CRON[1296]: pam_unix(cron:session): session opened for user root by (uid=0)
Apr 11 03:09:01 ovzhost CRON[1296]: pam_unix(cron:session): session closed for user root
Apr 11 03:09:01 ovzhost CRON[1297]: pam_unix(cron:session): session closed for user root
Apr 11 03:10:40 ovzhost sshd[1316]: Connection closed by 128.8.37.120 [preauth]
Apr 11 03:12:13 ovzhost sshd[1327]: reverse mapping checking getaddrinfo for 153-127-166-207-ptr.centennialpr.net [207.166.127.153] failed - POSSIBLE BREAK-IN ATTEMPT!
Apr 11 03:12:13 ovzhost sshd[1327]: pam_unix(sshd:auth): authentication failure; logname= uid=0 euid=0 tty=ssh ruser= rhost=207.166.127.153  user=root
Apr 11 03:12:15 ovzhost sshd[1327]: Failed password for root from 207.166.127.153 port 54859 ssh2
Apr 11 03:12:20 ovzhost sshd[1327]: message repeated 2 times: [ Failed password for root from 207.166.127.153 port 54859 ssh2]
Apr 11 03:12:20 ovzhost sshd[1327]: Connection closed by 207.166.127.153 [preauth]
Apr 11 03:12:20 ovzhost sshd[1327]: PAM 2 more authentication failures; logname= uid=0 euid=0 tty=ssh ruser= rhost=207.166.127.153  user=root
Apr 11 03:12:54 ovzhost sshd[1329]: pam_unix(sshd:auth): authentication failure; logname= uid=0 euid=0 tty=ssh ruser= rhost=58.218.201.19  user=root
Apr 11 03:12:57 ovzhost sshd[1329]: Failed password for root from 58.218.201.19 port 54821 ssh2
Apr 11 03:13:01 ovzhost sshd[1329]: message repeated 2 times: [ Failed password for root from 58.218.201.19 port 54821 ssh2]
Apr 11 03:13:01 ovzhost sshd[1329]: Received disconnect from 58.218.201.19: 11:  [preauth]
Apr 11 03:13:01 ovzhost sshd[1329]: PAM 2 more authentication failures; logname= uid=0 euid=0 tty=ssh ruser= rhost=58.218.201.19  user=root
Apr 11 03:13:03 ovzhost sshd[1331]: pam_unix(sshd:auth): authentication failure; logname= uid=0 euid=0 tty=ssh ruser= rhost=58.218.201.19  user=root
Apr 11 03:13:05 ovzhost sshd[1331]: Failed password for root from 58.218.201.19 port 33723 ssh2
Apr 11 03:13:10 ovzhost sshd[1331]: message repeated 2 times: [ Failed password for root from 58.218.201.19 port 33723 ssh2]
Apr 11 03:13:10 ovzhost sshd[1331]: Received disconnect from 58.218.201.19: 11:  [preauth]
Apr 11 03:13:10 ovzhost sshd[1331]: PAM 2 more authentication failures; logname= uid=0 euid=0 tty=ssh ruser= rhost=58.218.201.19  user=root
Apr 11 03:13:12 ovzhost sshd[1337]: Connection closed by 127.0.0.1 [preauth]
Apr 11 03:13:12 ovzhost sshd[1334]: pam_unix(sshd:auth): authentication failure; logname= uid=0 euid=0 tty=ssh ruser= rhost=58.218.201.19  user=root
Apr 11 03:13:14 ovzhost sshd[1334]: Failed password for root from 58.218.201.19 port 40498 ssh2
Apr 11 03:13:19 ovzhost sshd[1334]: message repeated 2 times: [ Failed password for root from 58.218.201.19 port 40498 ssh2]
Apr 11 03:13:19 ovzhost sshd[1334]: Received disconnect from 58.218.201.19: 11:  [preauth]
Apr 11 03:13:19 ovzhost sshd[1334]: PAM 2 more authentication failures; logname= uid=0 euid=0 tty=ssh ruser= rhost=58.218.201.19  user=root
Apr 11 03:13:21 ovzhost sshd[1339]: pam_unix(sshd:auth): authentication failure; logname= uid=0 euid=0 tty=ssh ruser= rhost=58.218.201.19  user=root
Apr 11 03:13:22 ovzhost sshd[1339]: Failed password for root from 58.218.201.19 port 48003 ssh2
Apr 11 03:13:27 ovzhost sshd[1339]: message repeated 2 times: [ Failed password for root from 58.218.201.19 port 48003 ssh2]
Apr 11 03:13:27 ovzhost sshd[1339]: Received disconnect from 58.218.201.19: 11:  [preauth]
Apr 11 03:13:27 ovzhost sshd[1339]: PAM 2 more authentication failures; logname= uid=0 euid=0 tty=ssh ruser= rhost=58.218.201.19  user=root
Apr 11 03:13:30 ovzhost sshd[1341]: pam_unix(sshd:auth): authentication failure; logname= uid=0 euid=0 tty=ssh ruser= rhost=58.218.201.19  user=root
Apr 11 03:13:32 ovzhost sshd[1341]: Failed password for root from 58.218.201.19 port 54489 ssh2
Apr 11 03:13:36 ovzhost sshd[1341]: message repeated 2 times: [ Failed password for root from 58.218.201.19 port 54489 ssh2]
Apr 11 03:13:36 ovzhost sshd[1341]: Received disconnect from 58.218.201.19: 11:  [preauth]
Apr 11 03:13:36 ovzhost sshd[1341]: PAM 2 more authentication failures; logname= uid=0 euid=0 tty=ssh ruser= rhost=58.218.201.19  user=root
Apr 11 03:13:39 ovzhost sshd[1345]: pam_unix(sshd:auth): authentication failure; logname= uid=0 euid=0 tty=ssh ruser= rhost=58.218.201.19  user=root
Apr 11 03:13:41 ovzhost sshd[1345]: Failed password for root from 58.218.201.19 port 33732 ssh2
Apr 11 03:13:45 ovzhost sshd[1345]: message repeated 2 times: [ Failed password for root from 58.218.201.19 port 33732 ssh2]
Apr 11 03:13:45 ovzhost sshd[1345]: Received disconnect from 58.218.201.19: 11:  [preauth]
Apr 11 03:13:45 ovzhost sshd[1345]: PAM 2 more authentication failures; logname= uid=0 euid=0 tty=ssh ruser= rhost=58.218.201.19  user=root
Apr 11 03:13:47 ovzhost sshd[1347]: pam_unix(sshd:auth): authentication failure; logname= uid=0 euid=0 tty=ssh ruser= rhost=58.218.201.19  user=root
Apr 11 03:13:49 ovzhost sshd[1347]: Failed password for root from 58.218.201.19 port 41103 ssh2
Apr 11 03:13:54 ovzhost sshd[1347]: message repeated 2 times: [ Failed password for root from 58.218.201.19 port 41103 ssh2]
Apr 11 03:13:54 ovzhost sshd[1347]: Received disconnect from 58.218.201.19: 11:  [preauth]
