Apr  2 14:31:44 ovzhost sshd[780]: Connection closed by 127.0.0.1 [preauth]
Apr  2 14:35:40 ovzhost sshd[811]: Connection closed by 128.8.37.120 [preauth]
Apr  2 14:36:44 ovzhost sshd[820]: Connection closed by 127.0.0.1 [preauth]
Apr 10 21:36:09 ovzhost sshd[777]: Connection closed by 127.0.0.1 [preauth]
Apr 10 21:39:01 ovzhost CRON[790]: pam_env(cron:session): Unable to open env file: /etc/default/locale: No such file or directory
Apr 10 21:39:01 ovzhost CRON[790]: pam_unix(cron:session): session opened for user root by (uid=0)
Apr 10 21:39:01 ovzhost CRON[790]: pam_unix(cron:session): session closed for user root
Apr 10 21:40:01 ovzhost sshd[804]: pam_unix(sshd:auth): authentication failure; logname= uid=0 euid=0 tty=ssh ruser= rhost=58.218.213.254  user=root
Apr 10 21:40:01 ovzhost CRON[806]: pam_env(cron:session): Unable to open env file: /etc/default/locale: No such file or directory
Apr 10 21:40:01 ovzhost CRON[806]: pam_unix(cron:session): session opened for user smmsp by (uid=0)
Apr 10 21:40:01 ovzhost CRON[806]: pam_unix(cron:session): session closed for user smmsp
Apr 10 21:40:03 ovzhost sshd[804]: Failed password for root from 58.218.213.254 port 34032 ssh2
Apr 10 21:40:10 ovzhost sshd[804]: message repeated 2 times: [ Failed password for root from 58.218.213.254 port 34032 ssh2]
Apr 10 21:40:10 ovzhost sshd[804]: Received disconnect from 58.218.213.254: 11:  [preauth]
Apr 10 21:40:10 ovzhost sshd[804]: PAM 2 more authentication failures; logname= uid=0 euid=0 tty=ssh ruser= rhost=58.218.213.254  user=root
Apr 10 21:40:13 ovzhost sshd[834]: pam_unix(sshd:auth): authentication failure; logname= uid=0 euid=0 tty=ssh ruser= rhost=58.218.213.254  user=root
Apr 10 21:40:16 ovzhost sshd[834]: Failed password for root from 58.218.213.254 port 36494 ssh2
Apr 10 21:40:20 ovzhost sshd[834]: message repeated 2 times: [ Failed password for root from 58.218.213.254 port 36494 ssh2]
Apr 10 21:40:20 ovzhost sshd[834]: Received disconnect from 58.218.213.254: 11:  [preauth]
Apr 10 21:40:20 ovzhost sshd[834]: PAM 2 more authentication failures; logname= uid=0 euid=0 tty=ssh ruser= rhost=58.218.213.254  user=root
Apr 10 21:40:22 ovzhost sshd[837]: pam_unix(sshd:auth): authentication failure; logname= uid=0 euid=0 tty=ssh ruser= rhost=58.218.213.254  user=root
Apr 10 21:40:25 ovzhost sshd[837]: Failed password for root from 58.218.213.254 port 34158 ssh2
Apr 10 21:40:30 ovzhost sshd[837]: message repeated 2 times: [ Failed password for root from 58.218.213.254 port 34158 ssh2]
Apr 10 21:40:30 ovzhost sshd[837]: Received disconnect from 58.218.213.254: 11:  [preauth]
Apr 10 21:40:30 ovzhost sshd[837]: PAM 2 more authentication failures; logname= uid=0 euid=0 tty=ssh ruser= rhost=58.218.213.254  user=root
Apr 10 21:40:34 ovzhost sshd[840]: pam_unix(sshd:auth): authentication failure; logname= uid=0 euid=0 tty=ssh ruser= rhost=58.218.213.254  user=root
Apr 10 21:40:36 ovzhost sshd[840]: Failed password for root from 58.218.213.254 port 58013 ssh2
Apr 10 21:40:42 ovzhost sshd[840]: message repeated 2 times: [ Failed password for root from 58.218.213.254 port 58013 ssh2]
Apr 10 21:40:42 ovzhost sshd[840]: Received disconnect from 58.218.213.254: 11:  [preauth]
Apr 10 21:40:42 ovzhost sshd[840]: PAM 2 more authentication failures; logname= uid=0 euid=0 tty=ssh ruser= rhost=58.218.213.254  user=root
Apr 10 21:40:44 ovzhost sshd[842]: pam_unix(sshd:auth): authentication failure; logname= uid=0 euid=0 tty=ssh ruser= rhost=58.218.213.254  user=root
Apr 10 21:40:44 ovzhost sshd[845]: Connection closed by 128.8.37.120 [preauth]
Apr 10 21:40:46 ovzhost sshd[842]: Failed password for root from 58.218.213.254 port 55476 ssh2
Apr 10 21:40:51 ovzhost sshd[842]: message repeated 2 times: [ Failed password for root from 58.218.213.254 port 55476 ssh2]
Apr 10 21:40:52 ovzhost sshd[842]: Received disconnect from 58.218.213.254: 11:  [preauth]
Apr 10 21:40:52 ovzhost sshd[842]: PAM 2 more authentication failures; logname= uid=0 euid=0 tty=ssh ruser= rhost=58.218.213.254  user=root
Apr 10 21:40:58 ovzhost sshd[847]: pam_unix(sshd:auth): authentication failure; logname= uid=0 euid=0 tty=ssh ruser= rhost=58.218.213.254  user=root
Apr 10 21:41:00 ovzhost sshd[847]: Failed password for root from 58.218.213.254 port 53496 ssh2
Apr 10 21:41:05 ovzhost sshd[847]: message repeated 2 times: [ Failed password for root from 58.218.213.254 port 53496 ssh2]
Apr 10 21:41:05 ovzhost sshd[847]: Received disconnect from 58.218.213.254: 11:  [preauth]
Apr 10 21:41:05 ovzhost sshd[847]: PAM 2 more authentication failures; logname= uid=0 euid=0 tty=ssh ruser= rhost=58.218.213.254  user=root
Apr 10 21:41:09 ovzhost sshd[852]: Connection closed by 127.0.0.1 [preauth]
Apr 10 21:41:12 ovzhost sshd[854]: pam_unix(sshd:auth): authentication failure; logname= uid=0 euid=0 tty=ssh ruser= rhost=58.218.213.254  user=root
Apr 10 21:41:14 ovzhost sshd[854]: Failed password for root from 58.218.213.254 port 57501 ssh2
Apr 10 21:41:18 ovzhost sshd[854]: message repeated 2 times: [ Failed password for root from 58.218.213.254 port 57501 ssh2]
Apr 10 21:41:19 ovzhost sshd[854]: Received disconnect from 58.218.213.254: 11:  [preauth]
Apr 10 21:41:19 ovzhost sshd[854]: PAM 2 more authentication failures; logname= uid=0 euid=0 tty=ssh ruser= rhost=58.218.213.254  user=root
Apr 10 21:41:22 ovzhost sshd[856]: pam_unix(sshd:auth): authentication failure; logname= uid=0 euid=0 tty=ssh ruser= rhost=58.218.213.254  user=root
Apr 10 21:41:24 ovzhost sshd[856]: Failed password for root from 58.218.213.254 port 47879 ssh2
Apr 10 21:41:28 ovzhost sshd[856]: message repeated 2 times: [ Failed password for root from 58.218.213.254 port 47879 ssh2]
Apr 10 21:41:29 ovzhost sshd[856]: Received disconnect from 58.218.213.254: 11:  [preauth]
Apr 10 21:41:29 ovzhost sshd[856]: PAM 2 more authentication failures; logname= uid=0 euid=0 tty=ssh ruser= rhost=58.218.213.254  user=root
Apr 10 21:41:32 ovzhost sshd[858]: pam_unix(sshd:auth): authentication failure; logname= uid=0 euid=0 tty=ssh ruser= rhost=58.218.213.254  user=root
Apr 10 21:41:34 ovzhost sshd[858]: Failed password for root from 58.218.213.254 port 38994 ssh2
Apr 10 21:41:40 ovzhost sshd[858]: message repeated 2 times: [ Failed password for root from 58.218.213.254 port 38994 ssh2]
Apr 10 21:41:40 ovzhost sshd[858]: Received disconnect from 58.218.213.254: 11:  [preauth]
Apr 10 21:41:40 ovzhost sshd[858]: PAM 2 more authentication failures; logname= uid=0 euid=0 tty=ssh ruser= rhost=58.218.213.254  user=root
Apr 10 21:41:43 ovzhost sshd[860]: pam_unix(sshd:auth): authentication failure; logname= uid=0 euid=0 tty=ssh ruser= rhost=58.218.213.254  user=root
Apr 10 21:41:45 ovzhost sshd[860]: Failed password for root from 58.218.213.254 port 56760 ssh2
Apr 10 21:41:50 ovzhost sshd[860]: message repeated 2 times: [ Failed password for root from 58.218.213.254 port 56760 ssh2]
Apr 10 21:41:50 ovzhost sshd[860]: Received disconnect from 58.218.213.254: 11:  [preauth]
Apr 10 21:41:50 ovzhost sshd[860]: PAM 2 more authentication failures; logname= uid=0 euid=0 tty=ssh ruser= rhost=58.218.213.254  user=root
Apr 10 21:41:52 ovzhost sshd[866]: pam_unix(sshd:auth): authentication failure; logname= uid=0 euid=0 tty=ssh ruser= rhost=58.218.213.254  user=root
Apr 10 21:41:54 ovzhost sshd[866]: Failed password for root from 58.218.213.254 port 46882 ssh2
Apr 10 21:41:59 ovzhost sshd[866]: message repeated 2 times: [ Failed password for root from 58.218.213.254 port 46882 ssh2]
Apr 10 21:42:00 ovzhost sshd[866]: Received disconnect from 58.218.213.254: 11:  [preauth]
Apr 10 21:42:00 ovzhost sshd[866]: PAM 2 more authentication failures; logname= uid=0 euid=0 tty=ssh ruser= rhost=58.218.213.254  user=root
Apr 10 21:42:01 ovzhost sshd[868]: pam_unix(sshd:auth): authentication failure; logname= uid=0 euid=0 tty=ssh ruser= rhost=58.218.213.254  user=root
Apr 10 21:42:04 ovzhost sshd[868]: Failed password for root from 58.218.213.254 port 34433 ssh2
Apr 10 21:42:08 ovzhost sshd[868]: message repeated 2 times: [ Failed password for root from 58.218.213.254 port 34433 ssh2]
Apr 10 21:42:08 ovzhost sshd[868]: Received disconnect from 58.218.213.254: 11:  [preauth]
Apr 10 21:42:08 ovzhost sshd[868]: PAM 2 more authentication failures; logname= uid=0 euid=0 tty=ssh ruser= rhost=58.218.213.254  user=root
Apr 10 21:42:15 ovzhost sshd[871]: pam_unix(sshd:auth): authentication failure; logname= uid=0 euid=0 tty=ssh ruser= rhost=58.218.213.254  user=root
Apr 10 21:42:16 ovzhost sshd[871]: Failed password for root from 58.218.213.254 port 55484 ssh2
Apr 10 21:42:22 ovzhost sshd[871]: message repeated 2 times: [ Failed password for root from 58.218.213.254 port 55484 ssh2]
Apr 10 21:42:22 ovzhost sshd[871]: Received disconnect from 58.218.213.254: 11:  [preauth]
Apr 10 21:42:22 ovzhost sshd[871]: PAM 2 more authentication failures; logname= uid=0 euid=0 tty=ssh ruser= rhost=58.218.213.254  user=root
Apr 10 21:42:30 ovzhost sshd[873]: pam_unix(sshd:auth): authentication failure; logname= uid=0 euid=0 tty=ssh ruser= rhost=58.218.213.254  user=root
Apr 10 21:42:32 ovzhost sshd[873]: Failed password for root from 58.218.213.254 port 46156 ssh2
Apr 10 21:42:38 ovzhost sshd[873]: message repeated 2 times: [ Failed password for root from 58.218.213.254 port 46156 ssh2]
Apr 10 21:42:38 ovzhost sshd[873]: Received disconnect from 58.218.213.254: 11:  [preauth]
Apr 10 21:42:38 ovzhost sshd[873]: PAM 2 more authentication failures; logname= uid=0 euid=0 tty=ssh ruser= rhost=58.218.213.254  user=root
Apr 10 21:42:40 ovzhost sshd[875]: pam_unix(sshd:auth): authentication failure; logname= uid=0 euid=0 tty=ssh ruser= rhost=58.218.213.254  user=root
Apr 10 21:42:42 ovzhost sshd[875]: Failed password for root from 58.218.213.254 port 41997 ssh2
Apr 10 21:42:47 ovzhost sshd[875]: message repeated 2 times: [ Failed password for root from 58.218.213.254 port 41997 ssh2]
Apr 10 21:42:47 ovzhost sshd[875]: Received disconnect from 58.218.213.254: 11:  [preauth]
Apr 10 21:42:47 ovzhost sshd[875]: PAM 2 more authentication failures; logname= uid=0 euid=0 tty=ssh ruser= rhost=58.218.213.254  user=root
Apr 10 21:42:55 ovzhost sshd[877]: pam_unix(sshd:auth): authentication failure; logname= uid=0 euid=0 tty=ssh ruser= rhost=58.218.213.254  user=root
Apr 10 21:42:57 ovzhost sshd[877]: Failed password for root from 58.218.213.254 port 38007 ssh2
Apr 10 21:43:01 ovzhost sshd[877]: message repeated 2 times: [ Failed password for root from 58.218.213.254 port 38007 ssh2]
Apr 10 21:43:01 ovzhost sshd[877]: Received disconnect from 58.218.213.254: 11:  [preauth]
Apr 10 21:43:01 ovzhost sshd[877]: PAM 2 more authentication failures; logname= uid=0 euid=0 tty=ssh ruser= rhost=58.218.213.254  user=root
Apr 10 21:43:05 ovzhost sshd[879]: pam_unix(sshd:auth): authentication failure; logname= uid=0 euid=0 tty=ssh ruser= rhost=58.218.213.254  user=root
Apr 10 21:43:08 ovzhost sshd[879]: Failed password for root from 58.218.213.254 port 52045 ssh2
Apr 10 21:43:12 ovzhost sshd[879]: message repeated 2 times: [ Failed password for root from 58.218.213.254 port 52045 ssh2]
Apr 10 21:43:12 ovzhost sshd[879]: Received disconnect from 58.218.213.254: 11:  [preauth]
Apr 10 21:43:12 ovzhost sshd[879]: PAM 2 more authentication failures; logname= uid=0 euid=0 tty=ssh ruser= rhost=58.218.213.254  user=root
Apr 10 21:43:19 ovzhost sshd[882]: pam_unix(sshd:auth): authentication failure; logname= uid=0 euid=0 tty=ssh ruser= rhost=58.218.213.254  user=root
Apr 10 21:43:21 ovzhost sshd[882]: Failed password for root from 58.218.213.254 port 40756 ssh2
Apr 10 21:43:25 ovzhost sshd[882]: message repeated 2 times: [ Failed password for root from 58.218.213.254 port 40756 ssh2]
Apr 10 21:43:25 ovzhost sshd[882]: Received disconnect from 58.218.213.254: 11:  [preauth]
Apr 10 21:43:25 ovzhost sshd[882]: PAM 2 more authentication failures; logname= uid=0 euid=0 tty=ssh ruser= rhost=58.218.213.254  user=root
Apr 10 21:46:09 ovzhost sshd[895]: Connection closed by 127.0.0.1 [preauth]
Apr 10 21:50:44 ovzhost sshd[916]: Connection closed by 128.8.37.120 [preauth]
Apr 10 21:51:09 ovzhost sshd[921]: Connection closed by 127.0.0.1 [preauth]
Apr 10 21:52:42 ovzhost sshd[928]: pam_unix(sshd:auth): authentication failure; logname= uid=0 euid=0 tty=ssh ruser= rhost=58.215.179.202  user=root
Apr 10 21:52:45 ovzhost sshd[928]: Failed password for root from 58.215.179.202 port 60176 ssh2
Apr 10 21:52:49 ovzhost sshd[928]: message repeated 2 times: [ Failed password for root from 58.215.179.202 port 60176 ssh2]
Apr 10 21:52:50 ovzhost sshd[928]: Connection closed by 58.215.179.202 [preauth]
Apr 10 21:52:50 ovzhost sshd[928]: PAM 2 more authentication failures; logname= uid=0 euid=0 tty=ssh ruser= rhost=58.215.179.202  user=root
Apr 10 21:55:40 ovzhost sshd[939]: reverse mapping checking getaddrinfo for 153-127-166-207-ptr.centennialpr.net [207.166.127.153] failed - POSSIBLE BREAK-IN ATTEMPT!
Apr 10 21:55:40 ovzhost sshd[939]: Invalid user unix from 207.166.127.153
Apr 10 21:55:40 ovzhost sshd[939]: input_userauth_request: invalid user unix [preauth]
Apr 10 21:55:40 ovzhost sshd[939]: pam_unix(sshd:auth): check pass; user unknown
Apr 10 21:55:40 ovzhost sshd[939]: pam_unix(sshd:auth): authentication failure; logname= uid=0 euid=0 tty=ssh ruser= rhost=207.166.127.153 
Apr 10 21:55:42 ovzhost sshd[939]: Failed password for invalid user unix from 207.166.127.153 port 59611 ssh2
Apr 10 21:55:42 ovzhost sshd[939]: Connection closed by 207.166.127.153 [preauth]
Apr 10 21:56:09 ovzhost sshd[944]: Connection closed by 127.0.0.1 [preauth]
Apr 10 21:56:10 ovzhost sshd[941]: Invalid user vmail from 221.146.74.146
Apr 10 21:56:10 ovzhost sshd[941]: input_userauth_request: invalid user vmail [preauth]
Apr 10 21:56:10 ovzhost sshd[941]: pam_unix(sshd:auth): check pass; user unknown
Apr 10 21:56:10 ovzhost sshd[941]: pam_unix(sshd:auth): authentication failure; logname= uid=0 euid=0 tty=ssh ruser= rhost=221.146.74.146 
Apr 10 21:56:12 ovzhost sshd[941]: Failed password for invalid user vmail from 221.146.74.146 port 23797 ssh2
Apr 10 21:56:12 ovzhost sshd[941]: Connection closed by 221.146.74.146 [preauth]
Apr 10 22:00:02 ovzhost CRON[962]: pam_env(cron:session): Unable to open env file: /etc/default/locale: No such file or directory
Apr 10 22:00:02 ovzhost CRON[962]: pam_unix(cron:session): session opened for user smmsp by (uid=0)
Apr 10 22:00:02 ovzhost CRON[962]: pam_unix(cron:session): session closed for user smmsp
Apr 10 22:00:44 ovzhost sshd[993]: Connection closed by 128.8.37.120 [preauth]
Apr 10 22:01:09 ovzhost sshd[996]: Connection closed by 127.0.0.1 [preauth]
Apr 10 22:04:22 ovzhost sshd[1010]: Invalid user lynx from 80.242.123.130
Apr 10 22:04:22 ovzhost sshd[1010]: input_userauth_request: invalid user lynx [preauth]
Apr 10 22:04:22 ovzhost sshd[1010]: pam_unix(sshd:auth): check pass; user unknown
Apr 10 22:04:22 ovzhost sshd[1010]: pam_unix(sshd:auth): authentication failure; logname= uid=0 euid=0 tty=ssh ruser= rhost=130-123-242-80.pppoe.dyn.broadband.blic.net 
Apr 10 22:04:25 ovzhost sshd[1010]: Failed password for invalid user lynx from 80.242.123.130 port 57714 ssh2
Apr 10 22:04:25 ovzhost sshd[1010]: Received disconnect from 80.242.123.130: 11: Bye Bye [preauth]
Apr 10 22:05:03 ovzhost sshd[1012]: pam_unix(sshd:auth): authentication failure; logname= uid=0 euid=0 tty=ssh ruser= rhost=43.255.190.191  user=root
Apr 10 22:05:05 ovzhost sshd[1012]: Failed password for root from 43.255.190.191 port 53386 ssh2
Apr 10 22:05:10 ovzhost sshd[1012]: message repeated 2 times: [ Failed password for root from 43.255.190.191 port 53386 ssh2]
Apr 10 22:05:10 ovzhost sshd[1012]: Received disconnect from 43.255.190.191: 11:  [preauth]
Apr 10 22:05:10 ovzhost sshd[1012]: PAM 2 more authentication failures; logname= uid=0 euid=0 tty=ssh ruser= rhost=43.255.190.191  user=root
Apr 10 22:05:10 ovzhost sshd[1016]: pam_unix(sshd:auth): authentication failure; logname= uid=0 euid=0 tty=ssh ruser= rhost=43.255.190.191  user=root
Apr 10 22:05:12 ovzhost sshd[1016]: Failed password for root from 43.255.190.191 port 41414 ssh2
Apr 10 22:05:17 ovzhost sshd[1016]: message repeated 2 times: [ Failed password for root from 43.255.190.191 port 41414 ssh2]
Apr 10 22:05:17 ovzhost sshd[1016]: Received disconnect from 43.255.190.191: 11:  [preauth]
Apr 10 22:05:17 ovzhost sshd[1016]: PAM 2 more authentication failures; logname= uid=0 euid=0 tty=ssh ruser= rhost=43.255.190.191  user=root
Apr 10 22:05:18 ovzhost sshd[1019]: pam_unix(sshd:auth): authentication failure; logname= uid=0 euid=0 tty=ssh ruser= rhost=43.255.190.191  user=root
Apr 10 22:05:20 ovzhost sshd[1019]: Failed password for root from 43.255.190.191 port 59587 ssh2
Apr 10 22:05:24 ovzhost sshd[1019]: message repeated 2 times: [ Failed password for root from 43.255.190.191 port 59587 ssh2]
Apr 10 22:05:24 ovzhost sshd[1019]: Received disconnect from 43.255.190.191: 11:  [preauth]
Apr 10 22:05:24 ovzhost sshd[1019]: PAM 2 more authentication failures; logname= uid=0 euid=0 tty=ssh ruser= rhost=43.255.190.191  user=root
Apr 10 22:05:25 ovzhost sshd[1022]: pam_unix(sshd:auth): authentication failure; logname= uid=0 euid=0 tty=ssh ruser= rhost=43.255.190.191  user=root
Apr 10 22:05:27 ovzhost sshd[1022]: Failed password for root from 43.255.190.191 port 48061 ssh2
Apr 10 22:05:31 ovzhost sshd[1022]: message repeated 2 times: [ Failed password for root from 43.255.190.191 port 48061 ssh2]
Apr 10 22:05:31 ovzhost sshd[1022]: Received disconnect from 43.255.190.191: 11:  [preauth]
Apr 10 22:05:31 ovzhost sshd[1022]: PAM 2 more authentication failures; logname= uid=0 euid=0 tty=ssh ruser= rhost=43.255.190.191  user=root
Apr 10 22:05:32 ovzhost sshd[1024]: pam_unix(sshd:auth): authentication failure; logname= uid=0 euid=0 tty=ssh ruser= rhost=43.255.190.191  user=root
Apr 10 22:05:34 ovzhost sshd[1024]: Failed password for root from 43.255.190.191 port 36541 ssh2
Apr 10 22:05:38 ovzhost sshd[1024]: message repeated 2 times: [ Failed password for root from 43.255.190.191 port 36541 ssh2]
Apr 10 22:05:38 ovzhost sshd[1024]: Received disconnect from 43.255.190.191: 11:  [preauth]
Apr 10 22:05:38 ovzhost sshd[1024]: PAM 2 more authentication failures; logname= uid=0 euid=0 tty=ssh ruser= rhost=43.255.190.191  user=root
Apr 10 22:05:39 ovzhost sshd[1026]: pam_unix(sshd:auth): authentication failure; logname= uid=0 euid=0 tty=ssh ruser= rhost=43.255.190.191  user=root
Apr 10 22:05:41 ovzhost sshd[1026]: Failed password for root from 43.255.190.191 port 54229 ssh2
Apr 10 22:05:45 ovzhost sshd[1026]: message repeated 2 times: [ Failed password for root from 43.255.190.191 port 54229 ssh2]
Apr 10 22:05:45 ovzhost sshd[1026]: Received disconnect from 43.255.190.191: 11:  [preauth]
Apr 10 22:05:45 ovzhost sshd[1026]: PAM 2 more authentication failures; logname= uid=0 euid=0 tty=ssh ruser= rhost=43.255.190.191  user=root
Apr 10 22:05:46 ovzhost sshd[1028]: pam_unix(sshd:auth): authentication failure; logname= uid=0 euid=0 tty=ssh ruser= rhost=43.255.190.191  user=root
Apr 10 22:05:48 ovzhost sshd[1028]: Failed password for root from 43.255.190.191 port 43524 ssh2
Apr 10 22:05:52 ovzhost sshd[1028]: message repeated 2 times: [ Failed password for root from 43.255.190.191 port 43524 ssh2]
Apr 10 22:05:52 ovzhost sshd[1028]: Received disconnect from 43.255.190.191: 11:  [preauth]
Apr 10 22:05:52 ovzhost sshd[1028]: PAM 2 more authentication failures; logname= uid=0 euid=0 tty=ssh ruser= rhost=43.255.190.191  user=root
Apr 10 22:05:53 ovzhost sshd[1030]: pam_unix(sshd:auth): authentication failure; logname= uid=0 euid=0 tty=ssh ruser= rhost=43.255.190.191  user=root
Apr 10 22:05:55 ovzhost sshd[1030]: Failed password for root from 43.255.190.191 port 60638 ssh2
Apr 10 22:05:59 ovzhost sshd[1030]: message repeated 2 times: [ Failed password for root from 43.255.190.191 port 60638 ssh2]
Apr 10 22:06:00 ovzhost sshd[1030]: Received disconnect from 43.255.190.191: 11:  [preauth]
Apr 10 22:06:00 ovzhost sshd[1030]: PAM 2 more authentication failures; logname= uid=0 euid=0 tty=ssh ruser= rhost=43.255.190.191  user=root
Apr 10 22:06:00 ovzhost sshd[1032]: pam_unix(sshd:auth): authentication failure; logname= uid=0 euid=0 tty=ssh ruser= rhost=43.255.190.191  user=root
Apr 10 22:06:03 ovzhost sshd[1032]: Failed password for root from 43.255.190.191 port 50281 ssh2
Apr 10 22:06:08 ovzhost sshd[1032]: message repeated 2 times: [ Failed password for root from 43.255.190.191 port 50281 ssh2]
Apr 10 22:06:08 ovzhost sshd[1032]: Received disconnect from 43.255.190.191: 11:  [preauth]
Apr 10 22:06:08 ovzhost sshd[1032]: PAM 2 more authentication failures; logname= uid=0 euid=0 tty=ssh ruser= rhost=43.255.190.191  user=root
Apr 10 22:06:08 ovzhost sshd[1034]: pam_unix(sshd:auth): authentication failure; logname= uid=0 euid=0 tty=ssh ruser= rhost=43.255.190.191  user=root
Apr 10 22:06:09 ovzhost sshd[1037]: Connection closed by 127.0.0.1 [preauth]
Apr 10 22:06:10 ovzhost sshd[1034]: Failed password for root from 43.255.190.191 port 42399 ssh2
Apr 10 22:06:14 ovzhost sshd[1034]: message repeated 2 times: [ Failed password for root from 43.255.190.191 port 42399 ssh2]
Apr 10 22:06:14 ovzhost sshd[1034]: Received disconnect from 43.255.190.191: 11:  [preauth]
Apr 10 22:06:14 ovzhost sshd[1034]: PAM 2 more authentication failures; logname= uid=0 euid=0 tty=ssh ruser= rhost=43.255.190.191  user=root
Apr 10 22:06:15 ovzhost sshd[1039]: pam_unix(sshd:auth): authentication failure; logname= uid=0 euid=0 tty=ssh ruser= rhost=43.255.190.191  user=root
Apr 10 22:06:17 ovzhost sshd[1039]: Failed password for root from 43.255.190.191 port 57918 ssh2
Apr 10 22:06:21 ovzhost sshd[1039]: message repeated 2 times: [ Failed password for root from 43.255.190.191 port 57918 ssh2]
Apr 10 22:06:22 ovzhost sshd[1039]: Received disconnect from 43.255.190.191: 11:  [preauth]
Apr 10 22:06:22 ovzhost sshd[1039]: PAM 2 more authentication failures; logname= uid=0 euid=0 tty=ssh ruser= rhost=43.255.190.191  user=root
Apr 10 22:06:22 ovzhost sshd[1043]: pam_unix(sshd:auth): authentication failure; logname= uid=0 euid=0 tty=ssh ruser= rhost=43.255.190.191  user=root
Apr 10 22:06:25 ovzhost sshd[1043]: Failed password for root from 43.255.190.191 port 49351 ssh2
Apr 10 22:06:28 ovzhost sshd[1043]: message repeated 2 times: [ Failed password for root from 43.255.190.191 port 49351 ssh2]
Apr 10 22:06:28 ovzhost sshd[1043]: Received disconnect from 43.255.190.191: 11:  [preauth]
Apr 10 22:06:28 ovzhost sshd[1043]: PAM 2 more authentication failures; logname= uid=0 euid=0 tty=ssh ruser= rhost=43.255.190.191  user=root
Apr 10 22:06:29 ovzhost sshd[1045]: pam_unix(sshd:auth): authentication failure; logname= uid=0 euid=0 tty=ssh ruser= rhost=43.255.190.191  user=root
Apr 10 22:06:31 ovzhost sshd[1045]: Failed password for root from 43.255.190.191 port 37427 ssh2
Apr 10 22:06:36 ovzhost sshd[1045]: message repeated 2 times: [ Failed password for root from 43.255.190.191 port 37427 ssh2]
Apr 10 22:06:36 ovzhost sshd[1045]: Received disconnect from 43.255.190.191: 11:  [preauth]
Apr 10 22:06:36 ovzhost sshd[1045]: PAM 2 more authentication failures; logname= uid=0 euid=0 tty=ssh ruser= rhost=43.255.190.191  user=root
Apr 10 22:06:36 ovzhost sshd[1047]: pam_unix(sshd:auth): authentication failure; logname= uid=0 euid=0 tty=ssh ruser= rhost=43.255.190.191  user=root
Apr 10 22:06:39 ovzhost sshd[1047]: Failed password for root from 43.255.190.191 port 57724 ssh2
Apr 10 22:06:44 ovzhost sshd[1047]: message repeated 2 times: [ Failed password for root from 43.255.190.191 port 57724 ssh2]
Apr 10 22:06:44 ovzhost sshd[1047]: Received disconnect from 43.255.190.191: 11:  [preauth]
Apr 10 22:06:44 ovzhost sshd[1047]: PAM 2 more authentication failures; logname= uid=0 euid=0 tty=ssh ruser= rhost=43.255.190.191  user=root
Apr 10 22:06:45 ovzhost sshd[1053]: pam_unix(sshd:auth): authentication failure; logname= uid=0 euid=0 tty=ssh ruser= rhost=43.255.190.191  user=root
Apr 10 22:06:47 ovzhost sshd[1053]: Failed password for root from 43.255.190.191 port 51181 ssh2
Apr 10 22:06:47 ovzhost sshd[1055]: pam_unix(sshd:auth): authentication failure; logname= uid=0 euid=0 tty=ssh ruser= rhost=58.218.204.248  user=root
Apr 10 22:06:50 ovzhost sshd[1055]: Failed password for root from 58.218.204.248 port 38453 ssh2
Apr 10 22:06:51 ovzhost sshd[1053]: message repeated 2 times: [ Failed password for root from 43.255.190.191 port 51181 ssh2]
Apr 10 22:06:51 ovzhost sshd[1053]: Received disconnect from 43.255.190.191: 11:  [preauth]
Apr 10 22:06:51 ovzhost sshd[1053]: PAM 2 more authentication failures; logname= uid=0 euid=0 tty=ssh ruser= rhost=43.255.190.191  user=root
Apr 10 22:06:52 ovzhost sshd[1057]: pam_unix(sshd:auth): authentication failure; logname= uid=0 euid=0 tty=ssh ruser= rhost=43.255.190.191  user=root
Apr 10 22:06:54 ovzhost sshd[1055]: message repeated 2 times: [ Failed password for root from 58.218.204.248 port 38453 ssh2]
Apr 10 22:06:54 ovzhost sshd[1055]: Received disconnect from 58.218.204.248: 11:  [preauth]
Apr 10 22:06:54 ovzhost sshd[1055]: PAM 2 more authentication failures; logname= uid=0 euid=0 tty=ssh ruser= rhost=58.218.204.248  user=root
Apr 10 22:06:54 ovzhost sshd[1057]: Failed password for root from 43.255.190.191 port 42783 ssh2
Apr 10 22:06:56 ovzhost sshd[1059]: pam_unix(sshd:auth): authentication failure; logname= uid=0 euid=0 tty=ssh ruser= rhost=58.218.204.248  user=root
Apr 10 22:06:58 ovzhost sshd[1059]: Failed password for root from 58.218.204.248 port 56680 ssh2
Apr 10 22:06:59 ovzhost sshd[1057]: message repeated 2 times: [ Failed password for root from 43.255.190.191 port 42783 ssh2]
Apr 10 22:06:59 ovzhost sshd[1057]: Received disconnect from 43.255.190.191: 11:  [preauth]
Apr 10 22:06:59 ovzhost sshd[1057]: PAM 2 more authentication failures; logname= uid=0 euid=0 tty=ssh ruser= rhost=43.255.190.191  user=root
Apr 10 22:07:00 ovzhost sshd[1061]: pam_unix(sshd:auth): authentication failure; logname= uid=0 euid=0 tty=ssh ruser= rhost=43.255.190.191  user=root
Apr 10 22:07:02 ovzhost sshd[1061]: Failed password for root from 43.255.190.191 port 35593 ssh2
Apr 10 22:07:03 ovzhost sshd[1059]: message repeated 2 times: [ Failed password for root from 58.218.204.248 port 56680 ssh2]
Apr 10 22:07:03 ovzhost sshd[1059]: Received disconnect from 58.218.204.248: 11:  [preauth]
Apr 10 22:07:03 ovzhost sshd[1059]: PAM 2 more authentication failures; logname= uid=0 euid=0 tty=ssh ruser= rhost=58.218.204.248  user=root
Apr 10 22:07:05 ovzhost sshd[1063]: pam_unix(sshd:auth): authentication failure; logname= uid=0 euid=0 tty=ssh ruser= rhost=58.218.204.248  user=root
Apr 10 22:07:07 ovzhost sshd[1061]: message repeated 2 times: [ Failed password for root from 43.255.190.191 port 35593 ssh2]
Apr 10 22:07:07 ovzhost sshd[1061]: Received disconnect from 43.255.190.191: 11:  [preauth]
Apr 10 22:07:07 ovzhost sshd[1061]: PAM 2 more authentication failures; logname= uid=0 euid=0 tty=ssh ruser= rhost=43.255.190.191  user=root
Apr 10 22:07:07 ovzhost sshd[1063]: Failed password for root from 58.218.204.248 port 49894 ssh2
Apr 10 22:07:07 ovzhost sshd[1065]: pam_unix(sshd:auth): authentication failure; logname= uid=0 euid=0 tty=ssh ruser= rhost=43.255.190.191  user=root
Apr 10 22:07:09 ovzhost sshd[1065]: Failed password for root from 43.255.190.191 port 55120 ssh2
Apr 10 22:07:11 ovzhost sshd[1063]: message repeated 2 times: [ Failed password for root from 58.218.204.248 port 49894 ssh2]
Apr 10 22:07:11 ovzhost sshd[1063]: Received disconnect from 58.218.204.248: 11:  [preauth]
Apr 10 22:07:11 ovzhost sshd[1063]: PAM 2 more authentication failures; logname= uid=0 euid=0 tty=ssh ruser= rhost=58.218.204.248  user=root
Apr 10 22:07:13 ovzhost sshd[1065]: message repeated 2 times: [ Failed password for root from 43.255.190.191 port 55120 ssh2]
Apr 10 22:07:13 ovzhost sshd[1065]: Received disconnect from 43.255.190.191: 11:  [preauth]
Apr 10 22:07:13 ovzhost sshd[1065]: PAM 2 more authentication failures; logname= uid=0 euid=0 tty=ssh ruser= rhost=43.255.190.191  user=root
Apr 10 22:07:13 ovzhost sshd[1068]: pam_unix(sshd:auth): authentication failure; logname= uid=0 euid=0 tty=ssh ruser= rhost=58.218.204.248  user=root
Apr 10 22:07:14 ovzhost sshd[1070]: pam_unix(sshd:auth): authentication failure; logname= uid=0 euid=0 tty=ssh ruser= rhost=43.255.190.191  user=root
Apr 10 22:07:15 ovzhost sshd[1068]: Failed password for root from 58.218.204.248 port 40062 ssh2
Apr 10 22:07:15 ovzhost sshd[1070]: Failed password for root from 43.255.190.191 port 44417 ssh2
Apr 10 22:07:21 ovzhost sshd[1070]: message repeated 2 times: [ Failed password for root from 43.255.190.191 port 44417 ssh2]
Apr 10 22:07:21 ovzhost sshd[1070]: Received disconnect from 43.255.190.191: 11:  [preauth]
Apr 10 22:07:21 ovzhost sshd[1070]: PAM 2 more authentication failures; logname= uid=0 euid=0 tty=ssh ruser= rhost=43.255.190.191  user=root
Apr 10 22:07:21 ovzhost sshd[1068]: message repeated 2 times: [ Failed password for root from 58.218.204.248 port 40062 ssh2]
Apr 10 22:07:21 ovzhost sshd[1068]: Received disconnect from 58.218.204.248: 11:  [preauth]
Apr 10 22:07:21 ovzhost sshd[1068]: PAM 2 more authentication failures; logname= uid=0 euid=0 tty=ssh ruser= rhost=58.218.204.248  user=root
Apr 10 22:07:21 ovzhost sshd[1072]: pam_unix(sshd:auth): authentication failure; logname= uid=0 euid=0 tty=ssh ruser= rhost=43.255.190.191  user=root
Apr 10 22:07:23 ovzhost sshd[1074]: pam_unix(sshd:auth): authentication failure; logname= uid=0 euid=0 tty=ssh ruser= rhost=58.218.204.248  user=root
Apr 10 22:07:23 ovzhost sshd[1072]: Failed password for root from 43.255.190.191 port 37309 ssh2
Apr 10 22:07:25 ovzhost sshd[1074]: Failed password for root from 58.218.204.248 port 33314 ssh2
Apr 10 22:07:28 ovzhost sshd[1072]: message repeated 2 times: [ Failed password for root from 43.255.190.191 port 37309 ssh2]
Apr 10 22:07:28 ovzhost sshd[1072]: Received disconnect from 43.255.190.191: 11:  [preauth]
Apr 10 22:07:28 ovzhost sshd[1072]: PAM 2 more authentication failures; logname= uid=0 euid=0 tty=ssh ruser= rhost=43.255.190.191  user=root
Apr 10 22:07:28 ovzhost sshd[1076]: pam_unix(sshd:auth): authentication failure; logname= uid=0 euid=0 tty=ssh ruser= rhost=43.255.190.191  user=root
Apr 10 22:07:29 ovzhost sshd[1074]: message repeated 2 times: [ Failed password for root from 58.218.204.248 port 33314 ssh2]
Apr 10 22:07:29 ovzhost sshd[1074]: Received disconnect from 58.218.204.248: 11:  [preauth]
Apr 10 22:07:29 ovzhost sshd[1074]: PAM 2 more authentication failures; logname= uid=0 euid=0 tty=ssh ruser= rhost=58.218.204.248  user=root
Apr 10 22:07:30 ovzhost sshd[1076]: Failed password for root from 43.255.190.191 port 56530 ssh2
Apr 10 22:07:31 ovzhost sshd[1078]: pam_unix(sshd:auth): authentication failure; logname= uid=0 euid=0 tty=ssh ruser= rhost=58.218.204.248  user=root
Apr 10 22:07:33 ovzhost sshd[1078]: Failed password for root from 58.218.204.248 port 52307 ssh2
Apr 10 22:07:35 ovzhost sshd[1076]: message repeated 2 times: [ Failed password for root from 43.255.190.191 port 56530 ssh2]
Apr 10 22:07:35 ovzhost sshd[1076]: Received disconnect from 43.255.190.191: 11:  [preauth]
Apr 10 22:07:35 ovzhost sshd[1076]: PAM 2 more authentication failures; logname= uid=0 euid=0 tty=ssh ruser= rhost=43.255.190.191  user=root
Apr 10 22:07:36 ovzhost sshd[1080]: pam_unix(sshd:auth): authentication failure; logname= uid=0 euid=0 tty=ssh ruser= rhost=43.255.190.191  user=root
Apr 10 22:07:37 ovzhost sshd[1080]: Failed password for root from 43.255.190.191 port 48332 ssh2
Apr 10 22:07:37 ovzhost sshd[1078]: message repeated 2 times: [ Failed password for root from 58.218.204.248 port 52307 ssh2]
Apr 10 22:07:38 ovzhost sshd[1078]: Received disconnect from 58.218.204.248: 11:  [preauth]
Apr 10 22:07:38 ovzhost sshd[1078]: PAM 2 more authentication failures; logname= uid=0 euid=0 tty=ssh ruser= rhost=58.218.204.248  user=root
Apr 10 22:07:40 ovzhost sshd[1082]: pam_unix(sshd:auth): authentication failure; logname= uid=0 euid=0 tty=ssh ruser= rhost=58.218.204.248  user=root
Apr 10 22:07:42 ovzhost sshd[1082]: Failed password for root from 58.218.204.248 port 41583 ssh2
Apr 10 22:07:42 ovzhost sshd[1080]: message repeated 2 times: [ Failed password for root from 43.255.190.191 port 48332 ssh2]
Apr 10 22:07:42 ovzhost sshd[1080]: Received disconnect from 43.255.190.191: 11:  [preauth]
Apr 10 22:07:42 ovzhost sshd[1080]: PAM 2 more authentication failures; logname= uid=0 euid=0 tty=ssh ruser= rhost=43.255.190.191  user=root
Apr 10 22:07:42 ovzhost sshd[1085]: pam_unix(sshd:auth): authentication failure; logname= uid=0 euid=0 tty=ssh ruser= rhost=43.255.190.191  user=root
Apr 10 22:07:45 ovzhost sshd[1085]: Failed password for root from 43.255.190.191 port 38196 ssh2
Apr 10 22:07:46 ovzhost sshd[1082]: message repeated 2 times: [ Failed password for root from 58.218.204.248 port 41583 ssh2]
Apr 10 22:07:47 ovzhost sshd[1082]: Received disconnect from 58.218.204.248: 11:  [preauth]
Apr 10 22:07:47 ovzhost sshd[1082]: PAM 2 more authentication failures; logname= uid=0 euid=0 tty=ssh ruser= rhost=58.218.204.248  user=root
Apr 10 22:07:49 ovzhost sshd[1085]: message repeated 2 times: [ Failed password for root from 43.255.190.191 port 38196 ssh2]
Apr 10 22:07:49 ovzhost sshd[1085]: Received disconnect from 43.255.190.191: 11:  [preauth]
Apr 10 22:07:49 ovzhost sshd[1085]: PAM 2 more authentication failures; logname= uid=0 euid=0 tty=ssh ruser= rhost=43.255.190.191  user=root
Apr 10 22:07:49 ovzhost sshd[1089]: pam_unix(sshd:auth): authentication failure; logname= uid=0 euid=0 tty=ssh ruser= rhost=43.255.190.191  user=root
Apr 10 22:07:50 ovzhost sshd[1087]: pam_unix(sshd:auth): authentication failure; logname= uid=0 euid=0 tty=ssh ruser= rhost=58.218.204.248  user=root
Apr 10 22:07:52 ovzhost sshd[1089]: Failed password for root from 43.255.190.191 port 58029 ssh2
Apr 10 22:07:52 ovzhost sshd[1087]: Failed password for root from 58.218.204.248 port 60253 ssh2
Apr 10 22:07:56 ovzhost sshd[1087]: message repeated 2 times: [ Failed password for root from 58.218.204.248 port 60253 ssh2]
Apr 10 22:07:57 ovzhost sshd[1087]: Received disconnect from 58.218.204.248: 11:  [preauth]
Apr 10 22:07:57 ovzhost sshd[1087]: PAM 2 more authentication failures; logname= uid=0 euid=0 tty=ssh ruser= rhost=58.218.204.248  user=root
Apr 10 22:07:57 ovzhost sshd[1089]: message repeated 2 times: [ Failed password for root from 43.255.190.191 port 58029 ssh2]
Apr 10 22:07:57 ovzhost sshd[1089]: Received disconnect from 43.255.190.191: 11:  [preauth]
Apr 10 22:07:57 ovzhost sshd[1089]: PAM 2 more authentication failures; logname= uid=0 euid=0 tty=ssh ruser= rhost=43.255.190.191  user=root
Apr 10 22:07:58 ovzhost sshd[1093]: pam_unix(sshd:auth): authentication failure; logname= uid=0 euid=0 tty=ssh ruser= rhost=43.255.190.191  user=root
Apr 10 22:07:59 ovzhost sshd[1093]: Failed password for root from 43.255.190.191 port 51591 ssh2
Apr 10 22:08:00 ovzhost sshd[1091]: pam_unix(sshd:auth): authentication failure; logname= uid=0 euid=0 tty=ssh ruser= rhost=58.218.204.248  user=root
Apr 10 22:08:02 ovzhost sshd[1091]: Failed password for root from 58.218.204.248 port 52348 ssh2
Apr 10 22:08:03 ovzhost sshd[1093]: message repeated 2 times: [ Failed password for root from 43.255.190.191 port 51591 ssh2]
Apr 10 22:08:03 ovzhost sshd[1093]: Received disconnect from 43.255.190.191: 11:  [preauth]
Apr 10 22:08:03 ovzhost sshd[1093]: PAM 2 more authentication failures; logname= uid=0 euid=0 tty=ssh ruser= rhost=43.255.190.191  user=root
Apr 10 22:08:04 ovzhost sshd[1095]: pam_unix(sshd:auth): authentication failure; logname= uid=0 euid=0 tty=ssh ruser= rhost=43.255.190.191  user=root
Apr 10 22:08:06 ovzhost sshd[1095]: Failed password for root from 43.255.190.191 port 42298 ssh2
Apr 10 22:08:07 ovzhost sshd[1091]: message repeated 2 times: [ Failed password for root from 58.218.204.248 port 52348 ssh2]
Apr 10 22:08:07 ovzhost sshd[1091]: Received disconnect from 58.218.204.248: 11:  [preauth]
Apr 10 22:08:07 ovzhost sshd[1091]: PAM 2 more authentication failures; logname= uid=0 euid=0 tty=ssh ruser= rhost=58.218.204.248  user=root
Apr 10 22:08:09 ovzhost sshd[1097]: pam_unix(sshd:auth): authentication failure; logname= uid=0 euid=0 tty=ssh ruser= rhost=58.218.204.248  user=root
Apr 10 22:08:09 ovzhost sshd[1095]: message repeated 2 times: [ Failed password for root from 43.255.190.191 port 42298 ssh2]
Apr 10 22:08:10 ovzhost sshd[1095]: Received disconnect from 43.255.190.191: 11:  [preauth]
Apr 10 22:08:10 ovzhost sshd[1095]: PAM 2 more authentication failures; logname= uid=0 euid=0 tty=ssh ruser= rhost=43.255.190.191  user=root
Apr 10 22:08:10 ovzhost sshd[1099]: pam_unix(sshd:auth): authentication failure; logname= uid=0 euid=0 tty=ssh ruser= rhost=43.255.190.191  user=root
Apr 10 22:08:11 ovzhost sshd[1097]: Failed password for root from 58.218.204.248 port 48464 ssh2
Apr 10 22:08:12 ovzhost sshd[1099]: Failed password for root from 43.255.190.191 port 60781 ssh2
Apr 10 22:08:16 ovzhost sshd[1097]: message repeated 2 times: [ Failed password for root from 58.218.204.248 port 48464 ssh2]
Apr 10 22:08:16 ovzhost sshd[1097]: Received disconnect from 58.218.204.248: 11:  [preauth]
Apr 10 22:08:16 ovzhost sshd[1097]: PAM 2 more authentication failures; logname= uid=0 euid=0 tty=ssh ruser= rhost=58.218.204.248  user=root
Apr 10 22:08:17 ovzhost sshd[1099]: message repeated 2 times: [ Failed password for root from 43.255.190.191 port 60781 ssh2]
Apr 10 22:08:17 ovzhost sshd[1099]: Received disconnect from 43.255.190.191: 11:  [preauth]
Apr 10 22:08:17 ovzhost sshd[1099]: PAM 2 more authentication failures; logname= uid=0 euid=0 tty=ssh ruser= rhost=43.255.190.191  user=root
Apr 10 22:08:17 ovzhost sshd[1102]: pam_unix(sshd:auth): authentication failure; logname= uid=0 euid=0 tty=ssh ruser= rhost=58.218.204.248  user=root
Apr 10 22:08:18 ovzhost sshd[1104]: pam_unix(sshd:auth): authentication failure; logname= uid=0 euid=0 tty=ssh ruser= rhost=43.255.190.191  user=root
Apr 10 22:08:20 ovzhost sshd[1102]: Failed password for root from 58.218.204.248 port 38649 ssh2
Apr 10 22:08:20 ovzhost sshd[1104]: Failed password for root from 43.255.190.191 port 54318 ssh2
Apr 10 22:08:23 ovzhost sshd[1104]: message repeated 2 times: [ Failed password for root from 43.255.190.191 port 54318 ssh2]
Apr 10 22:08:23 ovzhost sshd[1104]: Received disconnect from 43.255.190.191: 11:  [preauth]
Apr 10 22:08:23 ovzhost sshd[1104]: PAM 2 more authentication failures; logname= uid=0 euid=0 tty=ssh ruser= rhost=43.255.190.191  user=root
Apr 10 22:08:23 ovzhost sshd[1102]: message repeated 2 times: [ Failed password for root from 58.218.204.248 port 38649 ssh2]
Apr 10 22:08:23 ovzhost sshd[1102]: Received disconnect from 58.218.204.248: 11:  [preauth]
Apr 10 22:08:23 ovzhost sshd[1102]: PAM 2 more authentication failures; logname= uid=0 euid=0 tty=ssh ruser= rhost=58.218.204.248  user=root
Apr 10 22:08:24 ovzhost sshd[1106]: pam_unix(sshd:auth): authentication failure; logname= uid=0 euid=0 tty=ssh ruser= rhost=43.255.190.191  user=root
Apr 10 22:08:25 ovzhost sshd[1108]: pam_unix(sshd:auth): authentication failure; logname= uid=0 euid=0 tty=ssh ruser= rhost=58.218.204.248  user=root
Apr 10 22:08:27 ovzhost sshd[1106]: Failed password for root from 43.255.190.191 port 45101 ssh2
Apr 10 22:08:27 ovzhost sshd[1108]: Failed password for root from 58.218.204.248 port 55523 ssh2
Apr 10 22:08:31 ovzhost sshd[1106]: message repeated 2 times: [ Failed password for root from 43.255.190.191 port 45101 ssh2]
Apr 10 22:08:31 ovzhost sshd[1106]: Received disconnect from 43.255.190.191: 11:  [preauth]
Apr 10 22:08:31 ovzhost sshd[1106]: PAM 2 more authentication failures; logname= uid=0 euid=0 tty=ssh ruser= rhost=43.255.190.191  user=root
Apr 10 22:08:32 ovzhost sshd[1110]: pam_unix(sshd:auth): authentication failure; logname= uid=0 euid=0 tty=ssh ruser= rhost=43.255.190.191  user=root
Apr 10 22:08:31 ovzhost sshd[1108]: message repeated 2 times: [ Failed password for root from 58.218.204.248 port 55523 ssh2]
Apr 10 22:08:32 ovzhost sshd[1108]: Received disconnect from 58.218.204.248: 11:  [preauth]
Apr 10 22:08:32 ovzhost sshd[1108]: PAM 2 more authentication failures; logname= uid=0 euid=0 tty=ssh ruser= rhost=58.218.204.248  user=root
Apr 10 22:08:33 ovzhost sshd[1112]: pam_unix(sshd:auth): authentication failure; logname= uid=0 euid=0 tty=ssh ruser= rhost=58.218.204.248  user=root
Apr 10 22:08:34 ovzhost sshd[1110]: Failed password for root from 43.255.190.191 port 39703 ssh2
Apr 10 22:08:35 ovzhost sshd[1112]: Failed password for root from 58.218.204.248 port 45251 ssh2
Apr 10 22:08:37 ovzhost sshd[1110]: message repeated 2 times: [ Failed password for root from 43.255.190.191 port 39703 ssh2]
Apr 10 22:08:37 ovzhost sshd[1110]: Received disconnect from 43.255.190.191: 11:  [preauth]
Apr 10 22:08:37 ovzhost sshd[1110]: PAM 2 more authentication failures; logname= uid=0 euid=0 tty=ssh ruser= rhost=43.255.190.191  user=root
Apr 10 22:08:38 ovzhost sshd[1116]: pam_unix(sshd:auth): authentication failure; logname= uid=0 euid=0 tty=ssh ruser= rhost=43.255.190.191  user=root
Apr 10 22:08:39 ovzhost sshd[1112]: message repeated 2 times: [ Failed password for root from 58.218.204.248 port 45251 ssh2]
Apr 10 22:08:39 ovzhost sshd[1112]: Received disconnect from 58.218.204.248: 11:  [preauth]
Apr 10 22:08:39 ovzhost sshd[1112]: PAM 2 more authentication failures; logname= uid=0 euid=0 tty=ssh ruser= rhost=58.218.204.248  user=root
Apr 10 22:08:40 ovzhost sshd[1116]: Failed password for root from 43.255.190.191 port 59204 ssh2
Apr 10 22:08:42 ovzhost sshd[1118]: pam_unix(sshd:auth): authentication failure; logname= uid=0 euid=0 tty=ssh ruser= rhost=58.218.204.248  user=root
Apr 10 22:08:44 ovzhost sshd[1118]: Failed password for root from 58.218.204.248 port 33740 ssh2
Apr 10 22:08:44 ovzhost sshd[1116]: message repeated 2 times: [ Failed password for root from 43.255.190.191 port 59204 ssh2]
Apr 10 22:08:44 ovzhost sshd[1116]: Received disconnect from 43.255.190.191: 11:  [preauth]
Apr 10 22:08:44 ovzhost sshd[1116]: PAM 2 more authentication failures; logname= uid=0 euid=0 tty=ssh ruser= rhost=43.255.190.191  user=root
Apr 10 22:08:45 ovzhost sshd[1122]: pam_unix(sshd:auth): authentication failure; logname= uid=0 euid=0 tty=ssh ruser= rhost=43.255.190.191  user=root
Apr 10 22:08:47 ovzhost sshd[1122]: Failed password for root from 43.255.190.191 port 52340 ssh2
Apr 10 22:08:47 ovzhost sshd[1118]: message repeated 2 times: [ Failed password for root from 58.218.204.248 port 33740 ssh2]
Apr 10 22:08:48 ovzhost sshd[1118]: Received disconnect from 58.218.204.248: 11:  [preauth]
Apr 10 22:08:48 ovzhost sshd[1118]: PAM 2 more authentication failures; logname= uid=0 euid=0 tty=ssh ruser= rhost=58.218.204.248  user=root
Apr 10 22:08:49 ovzhost sshd[1124]: pam_unix(sshd:auth): authentication failure; logname= uid=0 euid=0 tty=ssh ruser= rhost=58.218.204.248  user=root
Apr 10 22:08:51 ovzhost sshd[1124]: Failed password for root from 58.218.204.248 port 52251 ssh2
Apr 10 22:08:51 ovzhost sshd[1122]: message repeated 2 times: [ Failed password for root from 43.255.190.191 port 52340 ssh2]
Apr 10 22:08:51 ovzhost sshd[1122]: Received disconnect from 43.255.190.191: 11:  [preauth]
Apr 10 22:08:51 ovzhost sshd[1122]: PAM 2 more authentication failures; logname= uid=0 euid=0 tty=ssh ruser= rhost=43.255.190.191  user=root
Apr 10 22:08:52 ovzhost sshd[1126]: pam_unix(sshd:auth): authentication failure; logname= uid=0 euid=0 tty=ssh ruser= rhost=43.255.190.191  user=root
Apr 10 22:08:54 ovzhost sshd[1126]: Failed password for root from 43.255.190.191 port 43237 ssh2
Apr 10 22:08:55 ovzhost sshd[1124]: message repeated 2 times: [ Failed password for root from 58.218.204.248 port 52251 ssh2]
Apr 10 22:08:55 ovzhost sshd[1124]: Received disconnect from 58.218.204.248: 11:  [preauth]
Apr 10 22:08:55 ovzhost sshd[1124]: PAM 2 more authentication failures; logname= uid=0 euid=0 tty=ssh ruser= rhost=58.218.204.248  user=root
Apr 10 22:08:56 ovzhost sshd[1128]: pam_unix(sshd:auth): authentication failure; logname= uid=0 euid=0 tty=ssh ruser= rhost=58.218.204.248  user=root
Apr 10 22:08:58 ovzhost sshd[1126]: message repeated 2 times: [ Failed password for root from 43.255.190.191 port 43237 ssh2]
Apr 10 22:08:58 ovzhost sshd[1126]: Received disconnect from 43.255.190.191: 11:  [preauth]
Apr 10 22:08:58 ovzhost sshd[1126]: PAM 2 more authentication failures; logname= uid=0 euid=0 tty=ssh ruser= rhost=43.255.190.191  user=root
Apr 10 22:08:58 ovzhost sshd[1128]: Failed password for root from 58.218.204.248 port 41136 ssh2
Apr 10 22:08:58 ovzhost sshd[1130]: pam_unix(sshd:auth): authentication failure; logname= uid=0 euid=0 tty=ssh ruser= rhost=43.255.190.191  user=root
Apr 10 22:09:00 ovzhost sshd[1130]: Failed password for root from 43.255.190.191 port 35050 ssh2
Apr 10 22:09:01 ovzhost CRON[1132]: pam_env(cron:session): Unable to open env file: /etc/default/locale: No such file or directory
Apr 10 22:09:01 ovzhost CRON[1133]: pam_env(cron:session): Unable to open env file: /etc/default/locale: No such file or directory
Apr 10 22:09:01 ovzhost CRON[1132]: pam_unix(cron:session): session opened for user root by (uid=0)
Apr 10 22:09:01 ovzhost CRON[1133]: pam_unix(cron:session): session opened for user root by (uid=0)
Apr 10 22:09:01 ovzhost CRON[1132]: pam_unix(cron:session): session closed for user root
Apr 10 22:09:01 ovzhost CRON[1133]: pam_unix(cron:session): session closed for user root
Apr 10 22:09:02 ovzhost sshd[1128]: message repeated 2 times: [ Failed password for root from 58.218.204.248 port 41136 ssh2]
Apr 10 22:09:03 ovzhost sshd[1128]: Received disconnect from 58.218.204.248: 11:  [preauth]
Apr 10 22:09:03 ovzhost sshd[1128]: PAM 2 more authentication failures; logname= uid=0 euid=0 tty=ssh ruser= rhost=58.218.204.248  user=root
Apr 10 22:09:04 ovzhost sshd[1130]: message repeated 2 times: [ Failed password for root from 43.255.190.191 port 35050 ssh2]
Apr 10 22:09:04 ovzhost sshd[1130]: Received disconnect from 43.255.190.191: 11:  [preauth]
Apr 10 22:09:04 ovzhost sshd[1130]: PAM 2 more authentication failures; logname= uid=0 euid=0 tty=ssh ruser= rhost=43.255.190.191  user=root
Apr 10 22:09:05 ovzhost sshd[1148]: pam_unix(sshd:auth): authentication failure; logname= uid=0 euid=0 tty=ssh ruser= rhost=43.255.190.191  user=root
Apr 10 22:09:05 ovzhost sshd[1146]: pam_unix(sshd:auth): authentication failure; logname= uid=0 euid=0 tty=ssh ruser= rhost=58.218.204.248  user=root
Apr 10 22:09:07 ovzhost sshd[1148]: Failed password for root from 43.255.190.191 port 54728 ssh2
Apr 10 22:09:07 ovzhost sshd[1146]: Failed password for root from 58.218.204.248 port 58217 ssh2
Apr 10 22:09:10 ovzhost sshd[1148]: message repeated 2 times: [ Failed password for root from 43.255.190.191 port 54728 ssh2]
Apr 10 22:09:10 ovzhost sshd[1148]: Received disconnect from 43.255.190.191: 11:  [preauth]
Apr 10 22:09:10 ovzhost sshd[1148]: PAM 2 more authentication failures; logname= uid=0 euid=0 tty=ssh ruser= rhost=43.255.190.191  user=root
Apr 10 22:09:11 ovzhost sshd[1146]: message repeated 2 times: [ Failed password for root from 58.218.204.248 port 58217 ssh2]
Apr 10 22:09:11 ovzhost sshd[1146]: Received disconnect from 58.218.204.248: 11:  [preauth]
Apr 10 22:09:11 ovzhost sshd[1146]: PAM 2 more authentication failures; logname= uid=0 euid=0 tty=ssh ruser= rhost=58.218.204.248  user=root
Apr 10 22:09:11 ovzhost sshd[1150]: pam_unix(sshd:auth): authentication failure; logname= uid=0 euid=0 tty=ssh ruser= rhost=43.255.190.191  user=root
Apr 10 22:09:13 ovzhost sshd[1152]: pam_unix(sshd:auth): authentication failure; logname= uid=0 euid=0 tty=ssh ruser= rhost=58.218.204.248  user=root
Apr 10 22:09:14 ovzhost sshd[1150]: Failed password for root from 43.255.190.191 port 44159 ssh2
Apr 10 22:09:15 ovzhost sshd[1152]: Failed password for root from 58.218.204.248 port 47776 ssh2
Apr 10 22:09:17 ovzhost sshd[1150]: message repeated 2 times: [ Failed password for root from 43.255.190.191 port 44159 ssh2]
Apr 10 22:09:17 ovzhost sshd[1150]: Received disconnect from 43.255.190.191: 11:  [preauth]
Apr 10 22:09:17 ovzhost sshd[1150]: PAM 2 more authentication failures; logname= uid=0 euid=0 tty=ssh ruser= rhost=43.255.190.191  user=root
Apr 10 22:09:18 ovzhost sshd[1156]: pam_unix(sshd:auth): authentication failure; logname= uid=0 euid=0 tty=ssh ruser= rhost=43.255.190.191  user=root
Apr 10 22:09:20 ovzhost sshd[1152]: message repeated 2 times: [ Failed password for root from 58.218.204.248 port 47776 ssh2]
Apr 10 22:09:20 ovzhost sshd[1152]: Received disconnect from 58.218.204.248: 11:  [preauth]
Apr 10 22:09:20 ovzhost sshd[1152]: PAM 2 more authentication failures; logname= uid=0 euid=0 tty=ssh ruser= rhost=58.218.204.248  user=root
Apr 10 22:09:20 ovzhost sshd[1156]: Failed password for root from 43.255.190.191 port 36682 ssh2
Apr 10 22:09:22 ovzhost sshd[1158]: pam_unix(sshd:auth): authentication failure; logname= uid=0 euid=0 tty=ssh ruser= rhost=58.218.204.248  user=root
Apr 10 22:09:24 ovzhost sshd[1156]: message repeated 2 times: [ Failed password for root from 43.255.190.191 port 36682 ssh2]
Apr 10 22:09:24 ovzhost sshd[1156]: Received disconnect from 43.255.190.191: 11:  [preauth]
Apr 10 22:09:24 ovzhost sshd[1156]: PAM 2 more authentication failures; logname= uid=0 euid=0 tty=ssh ruser= rhost=43.255.190.191  user=root
Apr 10 22:09:24 ovzhost sshd[1158]: Failed password for root from 58.218.204.248 port 40422 ssh2
Apr 10 22:09:25 ovzhost sshd[1160]: pam_unix(sshd:auth): authentication failure; logname= uid=0 euid=0 tty=ssh ruser= rhost=43.255.190.191  user=root
Apr 10 22:09:27 ovzhost sshd[1160]: Failed password for root from 43.255.190.191 port 56727 ssh2
Apr 10 22:09:29 ovzhost sshd[1158]: message repeated 2 times: [ Failed password for root from 58.218.204.248 port 40422 ssh2]
Apr 10 22:09:29 ovzhost sshd[1158]: Received disconnect from 58.218.204.248: 11:  [preauth]
