Mar 31 17:16:56 ovzhost sudo:     root : unable to resolve host ovzhost
Mar 31 17:16:56 ovzhost sudo:     root : TTY=pts/0 ; PWD=/ ; USER=root ; COMMAND=/usr/bin/less /root/.bash_history
Mar 31 17:16:56 ovzhost sudo: pam_unix(sudo:session): session opened for user root by (uid=0)
Mar 31 17:16:57 ovzhost sudo: pam_unix(sudo:session): session closed for user root
Apr  2 14:31:13 ovzhost sshd[419]: Server listening on 0.0.0.0 port 22.
Apr  2 14:31:13 ovzhost sshd[419]: Server listening on :: port 22.
Apr  2 14:31:13 ovzhost saslauthd[637]: detach_tty      : master pid is: 637
Apr  2 14:31:13 ovzhost saslauthd[637]: ipc_init        : listening on socket: /var/run/saslauthd/mux
Apr  2 14:33:26 ovzhost sshd[797]: Connection closed by 127.0.0.1 [preauth]
Apr  6 07:30:37 ovzhost sshd[713]: Connection closed by 127.0.0.1 [preauth]
Apr  6 07:35:27 ovzhost sshd[798]: Connection closed by 128.8.37.104 [preauth]
Apr  6 07:35:37 ovzhost sshd[801]: Connection closed by 127.0.0.1 [preauth]
Apr  6 07:39:01 ovzhost CRON[814]: pam_env(cron:session): Unable to open env file: /etc/default/locale: No such file or directory
Apr  6 07:39:01 ovzhost CRON[814]: pam_unix(cron:session): session opened for user root by (uid=0)
Apr  6 07:39:01 ovzhost CRON[814]: pam_unix(cron:session): session closed for user root
Apr  6 07:40:01 ovzhost CRON[830]: pam_env(cron:session): Unable to open env file: /etc/default/locale: No such file or directory
Apr  6 07:40:01 ovzhost CRON[830]: pam_unix(cron:session): session opened for user smmsp by (uid=0)
Apr  6 07:40:01 ovzhost CRON[830]: pam_unix(cron:session): session closed for user smmsp
Apr  6 07:40:37 ovzhost sshd[857]: Connection closed by 127.0.0.1 [preauth]
Apr  6 07:45:27 ovzhost sshd[880]: Connection closed by 128.8.37.104 [preauth]
Apr  6 07:45:37 ovzhost sshd[883]: Connection closed by 127.0.0.1 [preauth]
Apr  6 07:50:37 ovzhost sshd[903]: Connection closed by 127.0.0.1 [preauth]
Apr  6 07:51:29 ovzhost sshd[910]: pam_unix(sshd:auth): authentication failure; logname= uid=0 euid=0 tty=ssh ruser= rhost=43.255.190.187  user=root
Apr  6 07:51:31 ovzhost sshd[910]: Failed password for root from 43.255.190.187 port 39830 ssh2
Apr  6 07:51:35 ovzhost sshd[910]: message repeated 2 times: [ Failed password for root from 43.255.190.187 port 39830 ssh2]
Apr  6 07:51:35 ovzhost sshd[910]: Received disconnect from 43.255.190.187: 11:  [preauth]
Apr  6 07:51:35 ovzhost sshd[910]: PAM 2 more authentication failures; logname= uid=0 euid=0 tty=ssh ruser= rhost=43.255.190.187  user=root
Apr  6 07:51:36 ovzhost sshd[912]: pam_unix(sshd:auth): authentication failure; logname= uid=0 euid=0 tty=ssh ruser= rhost=43.255.190.187  user=root
Apr  6 07:51:38 ovzhost sshd[912]: Failed password for root from 43.255.190.187 port 54664 ssh2
Apr  6 07:51:41 ovzhost sshd[912]: message repeated 2 times: [ Failed password for root from 43.255.190.187 port 54664 ssh2]
Apr  6 07:51:42 ovzhost sshd[912]: Received disconnect from 43.255.190.187: 11:  [preauth]
Apr  6 07:51:42 ovzhost sshd[912]: PAM 2 more authentication failures; logname= uid=0 euid=0 tty=ssh ruser= rhost=43.255.190.187  user=root
Apr  6 07:51:42 ovzhost sshd[914]: pam_unix(sshd:auth): authentication failure; logname= uid=0 euid=0 tty=ssh ruser= rhost=43.255.190.187  user=root
Apr  6 07:51:44 ovzhost sshd[914]: Failed password for root from 43.255.190.187 port 41374 ssh2
Apr  6 07:51:48 ovzhost sshd[914]: message repeated 2 times: [ Failed password for root from 43.255.190.187 port 41374 ssh2]
Apr  6 07:51:48 ovzhost sshd[914]: Received disconnect from 43.255.190.187: 11:  [preauth]
Apr  6 07:51:48 ovzhost sshd[914]: PAM 2 more authentication failures; logname= uid=0 euid=0 tty=ssh ruser= rhost=43.255.190.187  user=root
Apr  6 07:51:49 ovzhost sshd[916]: pam_unix(sshd:auth): authentication failure; logname= uid=0 euid=0 tty=ssh ruser= rhost=43.255.190.187  user=root
Apr  6 07:51:50 ovzhost sshd[918]: pam_unix(sshd:auth): authentication failure; logname= uid=0 euid=0 tty=ssh ruser= rhost=43.255.190.138  user=root
Apr  6 07:51:51 ovzhost sshd[916]: Failed password for root from 43.255.190.187 port 57542 ssh2
Apr  6 07:51:52 ovzhost sshd[918]: Failed password for root from 43.255.190.138 port 38013 ssh2
Apr  6 07:51:55 ovzhost sshd[916]: message repeated 2 times: [ Failed password for root from 43.255.190.187 port 57542 ssh2]
Apr  6 07:51:55 ovzhost sshd[916]: Received disconnect from 43.255.190.187: 11:  [preauth]
Apr  6 07:51:55 ovzhost sshd[916]: PAM 2 more authentication failures; logname= uid=0 euid=0 tty=ssh ruser= rhost=43.255.190.187  user=root
Apr  6 07:51:55 ovzhost sshd[918]: message repeated 2 times: [ Failed password for root from 43.255.190.138 port 38013 ssh2]
Apr  6 07:51:55 ovzhost sshd[918]: Received disconnect from 43.255.190.138: 11:  [preauth]
Apr  6 07:51:55 ovzhost sshd[918]: PAM 2 more authentication failures; logname= uid=0 euid=0 tty=ssh ruser= rhost=43.255.190.138  user=root
Apr  6 07:51:56 ovzhost sshd[921]: pam_unix(sshd:auth): authentication failure; logname= uid=0 euid=0 tty=ssh ruser= rhost=43.255.190.187  user=root
Apr  6 07:51:56 ovzhost sshd[923]: pam_unix(sshd:auth): authentication failure; logname= uid=0 euid=0 tty=ssh ruser= rhost=43.255.190.138  user=root
Apr  6 07:51:58 ovzhost sshd[925]: pam_unix(sshd:auth): authentication failure; logname= uid=0 euid=0 tty=ssh ruser= rhost=43.255.190.186  user=root
Apr  6 07:51:58 ovzhost sshd[921]: Failed password for root from 43.255.190.187 port 46228 ssh2
Apr  6 07:51:58 ovzhost sshd[923]: Failed password for root from 43.255.190.138 port 51835 ssh2
Apr  6 07:51:59 ovzhost sshd[925]: Failed password for root from 43.255.190.186 port 43263 ssh2
Apr  6 07:52:02 ovzhost sshd[921]: message repeated 2 times: [ Failed password for root from 43.255.190.187 port 46228 ssh2]
Apr  6 07:52:02 ovzhost sshd[921]: Received disconnect from 43.255.190.187: 11:  [preauth]
Apr  6 07:52:02 ovzhost sshd[921]: PAM 2 more authentication failures; logname= uid=0 euid=0 tty=ssh ruser= rhost=43.255.190.187  user=root
Apr  6 07:52:02 ovzhost sshd[923]: message repeated 2 times: [ Failed password for root from 43.255.190.138 port 51835 ssh2]
Apr  6 07:52:02 ovzhost sshd[923]: Received disconnect from 43.255.190.138: 11:  [preauth]
Apr  6 07:52:02 ovzhost sshd[923]: PAM 2 more authentication failures; logname= uid=0 euid=0 tty=ssh ruser= rhost=43.255.190.138  user=root
Apr  6 07:52:03 ovzhost sshd[927]: pam_unix(sshd:auth): authentication failure; logname= uid=0 euid=0 tty=ssh ruser= rhost=43.255.190.187  user=root
Apr  6 07:52:03 ovzhost sshd[929]: pam_unix(sshd:auth): authentication failure; logname= uid=0 euid=0 tty=ssh ruser= rhost=43.255.190.138  user=root
Apr  6 07:52:03 ovzhost sshd[925]: message repeated 2 times: [ Failed password for root from 43.255.190.186 port 43263 ssh2]
Apr  6 07:52:03 ovzhost sshd[925]: Received disconnect from 43.255.190.186: 11:  [preauth]
Apr  6 07:52:03 ovzhost sshd[925]: PAM 2 more authentication failures; logname= uid=0 euid=0 tty=ssh ruser= rhost=43.255.190.186  user=root
Apr  6 07:52:04 ovzhost sshd[931]: pam_unix(sshd:auth): authentication failure; logname= uid=0 euid=0 tty=ssh ruser= rhost=43.255.190.186  user=root
Apr  6 07:52:05 ovzhost sshd[927]: Failed password for root from 43.255.190.187 port 34248 ssh2
Apr  6 07:52:06 ovzhost sshd[929]: Failed password for root from 43.255.190.138 port 39075 ssh2
Apr  6 07:52:06 ovzhost sshd[931]: Failed password for root from 43.255.190.186 port 58098 ssh2
Apr  6 07:52:09 ovzhost sshd[927]: message repeated 2 times: [ Failed password for root from 43.255.190.187 port 34248 ssh2]
Apr  6 07:52:09 ovzhost sshd[927]: Received disconnect from 43.255.190.187: 11:  [preauth]
Apr  6 07:52:09 ovzhost sshd[927]: PAM 2 more authentication failures; logname= uid=0 euid=0 tty=ssh ruser= rhost=43.255.190.187  user=root
Apr  6 07:52:10 ovzhost sshd[929]: message repeated 2 times: [ Failed password for root from 43.255.190.138 port 39075 ssh2]
Apr  6 07:52:10 ovzhost sshd[929]: Received disconnect from 43.255.190.138: 11:  [preauth]
Apr  6 07:52:10 ovzhost sshd[929]: PAM 2 more authentication failures; logname= uid=0 euid=0 tty=ssh ruser= rhost=43.255.190.138  user=root
Apr  6 07:52:10 ovzhost sshd[933]: pam_unix(sshd:auth): authentication failure; logname= uid=0 euid=0 tty=ssh ruser= rhost=43.255.190.187  user=root
Apr  6 07:52:10 ovzhost sshd[935]: pam_unix(sshd:auth): authentication failure; logname= uid=0 euid=0 tty=ssh ruser= rhost=43.255.190.138  user=root
Apr  6 07:52:11 ovzhost sshd[931]: message repeated 2 times: [ Failed password for root from 43.255.190.186 port 58098 ssh2]
Apr  6 07:52:11 ovzhost sshd[931]: Received disconnect from 43.255.190.186: 11:  [preauth]
Apr  6 07:52:11 ovzhost sshd[931]: PAM 2 more authentication failures; logname= uid=0 euid=0 tty=ssh ruser= rhost=43.255.190.186  user=root
Apr  6 07:52:11 ovzhost sshd[937]: pam_unix(sshd:auth): authentication failure; logname= uid=0 euid=0 tty=ssh ruser= rhost=43.255.190.186  user=root
Apr  6 07:52:12 ovzhost sshd[933]: Failed password for root from 43.255.190.187 port 52079 ssh2
Apr  6 07:52:12 ovzhost sshd[935]: Failed password for root from 43.255.190.138 port 32955 ssh2
Apr  6 07:52:13 ovzhost sshd[937]: Failed password for root from 43.255.190.186 port 47369 ssh2
Apr  6 07:52:16 ovzhost sshd[933]: message repeated 2 times: [ Failed password for root from 43.255.190.187 port 52079 ssh2]
Apr  6 07:52:16 ovzhost sshd[933]: Received disconnect from 43.255.190.187: 11:  [preauth]
Apr  6 07:52:16 ovzhost sshd[933]: PAM 2 more authentication failures; logname= uid=0 euid=0 tty=ssh ruser= rhost=43.255.190.187  user=root
Apr  6 07:52:16 ovzhost sshd[935]: message repeated 2 times: [ Failed password for root from 43.255.190.138 port 32955 ssh2]
Apr  6 07:52:16 ovzhost sshd[935]: Received disconnect from 43.255.190.138: 11:  [preauth]
Apr  6 07:52:16 ovzhost sshd[935]: PAM 2 more authentication failures; logname= uid=0 euid=0 tty=ssh ruser= rhost=43.255.190.138  user=root
Apr  6 07:52:16 ovzhost sshd[939]: pam_unix(sshd:auth): authentication failure; logname= uid=0 euid=0 tty=ssh ruser= rhost=43.255.190.187  user=root
Apr  6 07:52:16 ovzhost sshd[941]: pam_unix(sshd:auth): authentication failure; logname= uid=0 euid=0 tty=ssh ruser= rhost=43.255.190.138  user=root
Apr  6 07:52:17 ovzhost sshd[937]: message repeated 2 times: [ Failed password for root from 43.255.190.186 port 47369 ssh2]
Apr  6 07:52:17 ovzhost sshd[937]: Received disconnect from 43.255.190.186: 11:  [preauth]
Apr  6 07:52:17 ovzhost sshd[937]: PAM 2 more authentication failures; logname= uid=0 euid=0 tty=ssh ruser= rhost=43.255.190.186  user=root
Apr  6 07:52:18 ovzhost sshd[943]: pam_unix(sshd:auth): authentication failure; logname= uid=0 euid=0 tty=ssh ruser= rhost=43.255.190.186  user=root
Apr  6 07:52:18 ovzhost sshd[939]: Failed password for root from 43.255.190.187 port 42138 ssh2
Apr  6 07:52:18 ovzhost sshd[941]: Failed password for root from 43.255.190.138 port 50980 ssh2
Apr  6 07:52:20 ovzhost sshd[943]: Failed password for root from 43.255.190.186 port 36876 ssh2
Apr  6 07:52:22 ovzhost sshd[939]: message repeated 2 times: [ Failed password for root from 43.255.190.187 port 42138 ssh2]
Apr  6 07:52:22 ovzhost sshd[939]: Received disconnect from 43.255.190.187: 11:  [preauth]
Apr  6 07:52:22 ovzhost sshd[939]: PAM 2 more authentication failures; logname= uid=0 euid=0 tty=ssh ruser= rhost=43.255.190.187  user=root
Apr  6 07:52:22 ovzhost sshd[941]: message repeated 2 times: [ Failed password for root from 43.255.190.138 port 50980 ssh2]
Apr  6 07:52:22 ovzhost sshd[941]: Received disconnect from 43.255.190.138: 11:  [preauth]
Apr  6 07:52:22 ovzhost sshd[941]: PAM 2 more authentication failures; logname= uid=0 euid=0 tty=ssh ruser= rhost=43.255.190.138  user=root
Apr  6 07:52:23 ovzhost sshd[946]: pam_unix(sshd:auth): authentication failure; logname= uid=0 euid=0 tty=ssh ruser= rhost=43.255.190.138  user=root
Apr  6 07:52:23 ovzhost sshd[945]: pam_unix(sshd:auth): authentication failure; logname= uid=0 euid=0 tty=ssh ruser= rhost=43.255.190.187  user=root
Apr  6 07:52:24 ovzhost sshd[943]: message repeated 2 times: [ Failed password for root from 43.255.190.186 port 36876 ssh2]
Apr  6 07:52:24 ovzhost sshd[943]: Received disconnect from 43.255.190.186: 11:  [preauth]
Apr  6 07:52:24 ovzhost sshd[943]: PAM 2 more authentication failures; logname= uid=0 euid=0 tty=ssh ruser= rhost=43.255.190.186  user=root
Apr  6 07:52:25 ovzhost sshd[946]: Failed password for root from 43.255.190.138 port 41530 ssh2
Apr  6 07:52:25 ovzhost sshd[950]: pam_unix(sshd:auth): authentication failure; logname= uid=0 euid=0 tty=ssh ruser= rhost=43.255.190.186  user=root
Apr  6 07:52:25 ovzhost sshd[945]: Failed password for root from 43.255.190.187 port 57602 ssh2
Apr  6 07:52:27 ovzhost sshd[950]: Failed password for root from 43.255.190.186 port 53071 ssh2
Apr  6 07:52:29 ovzhost sshd[946]: message repeated 2 times: [ Failed password for root from 43.255.190.138 port 41530 ssh2]
Apr  6 07:52:29 ovzhost sshd[946]: Received disconnect from 43.255.190.138: 11:  [preauth]
Apr  6 07:52:29 ovzhost sshd[946]: PAM 2 more authentication failures; logname= uid=0 euid=0 tty=ssh ruser= rhost=43.255.190.138  user=root
Apr  6 07:52:30 ovzhost sshd[945]: message repeated 2 times: [ Failed password for root from 43.255.190.187 port 57602 ssh2]
Apr  6 07:52:30 ovzhost sshd[945]: Received disconnect from 43.255.190.187: 11:  [preauth]
Apr  6 07:52:30 ovzhost sshd[945]: PAM 2 more authentication failures; logname= uid=0 euid=0 tty=ssh ruser= rhost=43.255.190.187  user=root
Apr  6 07:52:30 ovzhost sshd[952]: pam_unix(sshd:auth): authentication failure; logname= uid=0 euid=0 tty=ssh ruser= rhost=43.255.190.138  user=root
Apr  6 07:52:30 ovzhost sshd[954]: pam_unix(sshd:auth): authentication failure; logname= uid=0 euid=0 tty=ssh ruser= rhost=43.255.190.187  user=root
Apr  6 07:52:31 ovzhost sshd[950]: message repeated 2 times: [ Failed password for root from 43.255.190.186 port 53071 ssh2]
Apr  6 07:52:31 ovzhost sshd[950]: Received disconnect from 43.255.190.186: 11:  [preauth]
Apr  6 07:52:31 ovzhost sshd[950]: PAM 2 more authentication failures; logname= uid=0 euid=0 tty=ssh ruser= rhost=43.255.190.186  user=root
Apr  6 07:52:31 ovzhost sshd[952]: Failed password for root from 43.255.190.138 port 33144 ssh2
Apr  6 07:52:32 ovzhost sshd[956]: pam_unix(sshd:auth): authentication failure; logname= uid=0 euid=0 tty=ssh ruser= rhost=43.255.190.186  user=root
Apr  6 07:52:32 ovzhost sshd[954]: Failed password for root from 43.255.190.187 port 48732 ssh2
Apr  6 07:52:34 ovzhost sshd[956]: Failed password for root from 43.255.190.186 port 43050 ssh2
Apr  6 07:52:35 ovzhost sshd[952]: message repeated 2 times: [ Failed password for root from 43.255.190.138 port 33144 ssh2]
Apr  6 07:52:35 ovzhost sshd[952]: Received disconnect from 43.255.190.138: 11:  [preauth]
Apr  6 07:52:35 ovzhost sshd[952]: PAM 2 more authentication failures; logname= uid=0 euid=0 tty=ssh ruser= rhost=43.255.190.138  user=root
Apr  6 07:52:36 ovzhost sshd[954]: message repeated 2 times: [ Failed password for root from 43.255.190.187 port 48732 ssh2]
Apr  6 07:52:36 ovzhost sshd[954]: Received disconnect from 43.255.190.187: 11:  [preauth]
Apr  6 07:52:36 ovzhost sshd[954]: PAM 2 more authentication failures; logname= uid=0 euid=0 tty=ssh ruser= rhost=43.255.190.187  user=root
Apr  6 07:52:36 ovzhost sshd[958]: pam_unix(sshd:auth): authentication failure; logname= uid=0 euid=0 tty=ssh ruser= rhost=43.255.190.138  user=root
Apr  6 07:52:37 ovzhost sshd[960]: pam_unix(sshd:auth): authentication failure; logname= uid=0 euid=0 tty=ssh ruser= rhost=43.255.190.187  user=root
Apr  6 07:52:37 ovzhost sshd[956]: message repeated 2 times: [ Failed password for root from 43.255.190.186 port 43050 ssh2]
Apr  6 07:52:38 ovzhost sshd[956]: Received disconnect from 43.255.190.186: 11:  [preauth]
Apr  6 07:52:38 ovzhost sshd[956]: PAM 2 more authentication failures; logname= uid=0 euid=0 tty=ssh ruser= rhost=43.255.190.186  user=root
Apr  6 07:52:38 ovzhost sshd[958]: Failed password for root from 43.255.190.138 port 50056 ssh2
Apr  6 07:52:38 ovzhost sshd[962]: pam_unix(sshd:auth): authentication failure; logname= uid=0 euid=0 tty=ssh ruser= rhost=43.255.190.186  user=root
Apr  6 07:52:38 ovzhost sshd[960]: Failed password for root from 43.255.190.187 port 36871 ssh2
Apr  6 07:52:40 ovzhost sshd[962]: Failed password for root from 43.255.190.186 port 59416 ssh2
Apr  6 07:52:43 ovzhost sshd[960]: message repeated 2 times: [ Failed password for root from 43.255.190.187 port 36871 ssh2]
Apr  6 07:52:43 ovzhost sshd[960]: Received disconnect from 43.255.190.187: 11:  [preauth]
Apr  6 07:52:43 ovzhost sshd[960]: PAM 2 more authentication failures; logname= uid=0 euid=0 tty=ssh ruser= rhost=43.255.190.187  user=root
Apr  6 07:52:43 ovzhost sshd[958]: message repeated 2 times: [ Failed password for root from 43.255.190.138 port 50056 ssh2]
Apr  6 07:52:43 ovzhost sshd[958]: Received disconnect from 43.255.190.138: 11:  [preauth]
Apr  6 07:52:43 ovzhost sshd[958]: PAM 2 more authentication failures; logname= uid=0 euid=0 tty=ssh ruser= rhost=43.255.190.138  user=root
Apr  6 07:52:44 ovzhost sshd[964]: pam_unix(sshd:auth): authentication failure; logname= uid=0 euid=0 tty=ssh ruser= rhost=43.255.190.187  user=root
Apr  6 07:52:44 ovzhost sshd[966]: pam_unix(sshd:auth): authentication failure; logname= uid=0 euid=0 tty=ssh ruser= rhost=43.255.190.138  user=root
Apr  6 07:52:45 ovzhost sshd[962]: message repeated 2 times: [ Failed password for root from 43.255.190.186 port 59416 ssh2]
Apr  6 07:52:45 ovzhost sshd[962]: Received disconnect from 43.255.190.186: 11:  [preauth]
Apr  6 07:52:45 ovzhost sshd[962]: PAM 2 more authentication failures; logname= uid=0 euid=0 tty=ssh ruser= rhost=43.255.190.186  user=root
Apr  6 07:52:46 ovzhost sshd[964]: Failed password for root from 43.255.190.187 port 55855 ssh2
Apr  6 07:52:46 ovzhost sshd[966]: Failed password for root from 43.255.190.138 port 44523 ssh2
Apr  6 07:52:46 ovzhost sshd[968]: pam_unix(sshd:auth): authentication failure; logname= uid=0 euid=0 tty=ssh ruser= rhost=43.255.190.186  user=root
Apr  6 07:52:48 ovzhost sshd[968]: Failed password for root from 43.255.190.186 port 48653 ssh2
Apr  6 07:52:50 ovzhost sshd[966]: message repeated 2 times: [ Failed password for root from 43.255.190.138 port 44523 ssh2]
Apr  6 07:52:50 ovzhost sshd[966]: Received disconnect from 43.255.190.138: 11:  [preauth]
Apr  6 07:52:50 ovzhost sshd[966]: PAM 2 more authentication failures; logname= uid=0 euid=0 tty=ssh ruser= rhost=43.255.190.138  user=root
Apr  6 07:52:50 ovzhost sshd[964]: message repeated 2 times: [ Failed password for root from 43.255.190.187 port 55855 ssh2]
Apr  6 07:52:50 ovzhost sshd[964]: Received disconnect from 43.255.190.187: 11:  [preauth]
Apr  6 07:52:50 ovzhost sshd[964]: PAM 2 more authentication failures; logname= uid=0 euid=0 tty=ssh ruser= rhost=43.255.190.187  user=root
Apr  6 07:52:50 ovzhost sshd[970]: pam_unix(sshd:auth): authentication failure; logname= uid=0 euid=0 tty=ssh ruser= rhost=43.255.190.138  user=root
Apr  6 07:52:50 ovzhost sshd[972]: pam_unix(sshd:auth): authentication failure; logname= uid=0 euid=0 tty=ssh ruser= rhost=43.255.190.187  user=root
Apr  6 07:52:52 ovzhost sshd[968]: message repeated 2 times: [ Failed password for root from 43.255.190.186 port 48653 ssh2]
Apr  6 07:52:52 ovzhost sshd[968]: Received disconnect from 43.255.190.186: 11:  [preauth]
Apr  6 07:52:52 ovzhost sshd[968]: PAM 2 more authentication failures; logname= uid=0 euid=0 tty=ssh ruser= rhost=43.255.190.186  user=root
Apr  6 07:52:53 ovzhost sshd[970]: Failed password for root from 43.255.190.138 port 36799 ssh2
Apr  6 07:52:53 ovzhost sshd[972]: Failed password for root from 43.255.190.187 port 44585 ssh2
Apr  6 07:52:53 ovzhost sshd[974]: pam_unix(sshd:auth): authentication failure; logname= uid=0 euid=0 tty=ssh ruser= rhost=43.255.190.186  user=root
Apr  6 07:52:55 ovzhost sshd[974]: Failed password for root from 43.255.190.186 port 39586 ssh2
Apr  6 07:52:57 ovzhost sshd[970]: message repeated 2 times: [ Failed password for root from 43.255.190.138 port 36799 ssh2]
Apr  6 07:52:57 ovzhost sshd[970]: Received disconnect from 43.255.190.138: 11:  [preauth]
Apr  6 07:52:57 ovzhost sshd[970]: PAM 2 more authentication failures; logname= uid=0 euid=0 tty=ssh ruser= rhost=43.255.190.138  user=root
Apr  6 07:52:57 ovzhost sshd[972]: message repeated 2 times: [ Failed password for root from 43.255.190.187 port 44585 ssh2]
Apr  6 07:52:57 ovzhost sshd[972]: Received disconnect from 43.255.190.187: 11:  [preauth]
Apr  6 07:52:57 ovzhost sshd[972]: PAM 2 more authentication failures; logname= uid=0 euid=0 tty=ssh ruser= rhost=43.255.190.187  user=root
Apr  6 07:52:58 ovzhost sshd[977]: pam_unix(sshd:auth): authentication failure; logname= uid=0 euid=0 tty=ssh ruser= rhost=43.255.190.138  user=root
Apr  6 07:52:58 ovzhost sshd[979]: pam_unix(sshd:auth): authentication failure; logname= uid=0 euid=0 tty=ssh ruser= rhost=43.255.190.187  user=root
Apr  6 07:52:59 ovzhost sshd[977]: Failed password for root from 43.255.190.138 port 58666 ssh2
Apr  6 07:52:59 ovzhost sshd[974]: message repeated 2 times: [ Failed password for root from 43.255.190.186 port 39586 ssh2]
Apr  6 07:52:59 ovzhost sshd[974]: Received disconnect from 43.255.190.186: 11:  [preauth]
Apr  6 07:52:59 ovzhost sshd[974]: PAM 2 more authentication failures; logname= uid=0 euid=0 tty=ssh ruser= rhost=43.255.190.186  user=root
Apr  6 07:53:00 ovzhost sshd[979]: Failed password for root from 43.255.190.187 port 35531 ssh2
Apr  6 07:53:00 ovzhost sshd[981]: pam_unix(sshd:auth): authentication failure; logname= uid=0 euid=0 tty=ssh ruser= rhost=43.255.190.186  user=root
Apr  6 07:53:02 ovzhost sshd[981]: Failed password for root from 43.255.190.186 port 58393 ssh2
Apr  6 07:53:04 ovzhost sshd[977]: message repeated 2 times: [ Failed password for root from 43.255.190.138 port 58666 ssh2]
Apr  6 07:53:04 ovzhost sshd[977]: Received disconnect from 43.255.190.138: 11:  [preauth]
Apr  6 07:53:04 ovzhost sshd[977]: PAM 2 more authentication failures; logname= uid=0 euid=0 tty=ssh ruser= rhost=43.255.190.138  user=root
Apr  6 07:53:04 ovzhost sshd[979]: message repeated 2 times: [ Failed password for root from 43.255.190.187 port 35531 ssh2]
Apr  6 07:53:04 ovzhost sshd[979]: Received disconnect from 43.255.190.187: 11:  [preauth]
Apr  6 07:53:04 ovzhost sshd[979]: PAM 2 more authentication failures; logname= uid=0 euid=0 tty=ssh ruser= rhost=43.255.190.187  user=root
Apr  6 07:53:05 ovzhost sshd[984]: pam_unix(sshd:auth): authentication failure; logname= uid=0 euid=0 tty=ssh ruser= rhost=43.255.190.187  user=root
Apr  6 07:53:05 ovzhost sshd[983]: pam_unix(sshd:auth): authentication failure; logname= uid=0 euid=0 tty=ssh ruser= rhost=43.255.190.138  user=root
Apr  6 07:53:06 ovzhost sshd[981]: message repeated 2 times: [ Failed password for root from 43.255.190.186 port 58393 ssh2]
Apr  6 07:53:06 ovzhost sshd[981]: Received disconnect from 43.255.190.186: 11:  [preauth]
Apr  6 07:53:06 ovzhost sshd[981]: PAM 2 more authentication failures; logname= uid=0 euid=0 tty=ssh ruser= rhost=43.255.190.186  user=root
Apr  6 07:53:07 ovzhost sshd[984]: Failed password for root from 43.255.190.187 port 51851 ssh2
Apr  6 07:53:07 ovzhost sshd[983]: Failed password for root from 43.255.190.138 port 48455 ssh2
Apr  6 07:53:07 ovzhost sshd[987]: pam_unix(sshd:auth): authentication failure; logname= uid=0 euid=0 tty=ssh ruser= rhost=43.255.190.186  user=root
Apr  6 07:53:09 ovzhost sshd[987]: Failed password for root from 43.255.190.186 port 47396 ssh2
Apr  6 07:53:11 ovzhost sshd[984]: message repeated 2 times: [ Failed password for root from 43.255.190.187 port 51851 ssh2]
Apr  6 07:53:11 ovzhost sshd[984]: Received disconnect from 43.255.190.187: 11:  [preauth]
Apr  6 07:53:11 ovzhost sshd[984]: PAM 2 more authentication failures; logname= uid=0 euid=0 tty=ssh ruser= rhost=43.255.190.187  user=root
Apr  6 07:53:11 ovzhost sshd[983]: message repeated 2 times: [ Failed password for root from 43.255.190.138 port 48455 ssh2]
Apr  6 07:53:11 ovzhost sshd[983]: Received disconnect from 43.255.190.138: 11:  [preauth]
Apr  6 07:53:11 ovzhost sshd[983]: PAM 2 more authentication failures; logname= uid=0 euid=0 tty=ssh ruser= rhost=43.255.190.138  user=root
Apr  6 07:53:12 ovzhost sshd[991]: pam_unix(sshd:auth): authentication failure; logname= uid=0 euid=0 tty=ssh ruser= rhost=43.255.190.138  user=root
Apr  6 07:53:12 ovzhost sshd[993]: pam_unix(sshd:auth): authentication failure; logname= uid=0 euid=0 tty=ssh ruser= rhost=43.255.190.187  user=root
Apr  6 07:53:13 ovzhost sshd[987]: message repeated 2 times: [ Failed password for root from 43.255.190.186 port 47396 ssh2]
Apr  6 07:53:13 ovzhost sshd[987]: Received disconnect from 43.255.190.186: 11:  [preauth]
Apr  6 07:53:13 ovzhost sshd[987]: PAM 2 more authentication failures; logname= uid=0 euid=0 tty=ssh ruser= rhost=43.255.190.186  user=root
Apr  6 07:53:14 ovzhost sshd[995]: pam_unix(sshd:auth): authentication failure; logname= uid=0 euid=0 tty=ssh ruser= rhost=43.255.190.186  user=root
Apr  6 07:53:14 ovzhost sshd[991]: Failed password for root from 43.255.190.138 port 39498 ssh2
Apr  6 07:53:15 ovzhost sshd[993]: Failed password for root from 43.255.190.187 port 41240 ssh2
Apr  6 07:53:16 ovzhost sshd[995]: Failed password for root from 43.255.190.186 port 36466 ssh2
Apr  6 07:53:19 ovzhost sshd[991]: message repeated 2 times: [ Failed password for root from 43.255.190.138 port 39498 ssh2]
Apr  6 07:53:19 ovzhost sshd[991]: Received disconnect from 43.255.190.138: 11:  [preauth]
Apr  6 07:53:19 ovzhost sshd[991]: PAM 2 more authentication failures; logname= uid=0 euid=0 tty=ssh ruser= rhost=43.255.190.138  user=root
Apr  6 07:53:19 ovzhost sshd[993]: message repeated 2 times: [ Failed password for root from 43.255.190.187 port 41240 ssh2]
Apr  6 07:53:19 ovzhost sshd[993]: Received disconnect from 43.255.190.187: 11:  [preauth]
Apr  6 07:53:19 ovzhost sshd[993]: PAM 2 more authentication failures; logname= uid=0 euid=0 tty=ssh ruser= rhost=43.255.190.187  user=root
Apr  6 07:53:20 ovzhost sshd[997]: pam_unix(sshd:auth): authentication failure; logname= uid=0 euid=0 tty=ssh ruser= rhost=43.255.190.138  user=root
Apr  6 07:53:20 ovzhost sshd[995]: message repeated 2 times: [ Failed password for root from 43.255.190.186 port 36466 ssh2]
Apr  6 07:53:20 ovzhost sshd[995]: Received disconnect from 43.255.190.186: 11:  [preauth]
Apr  6 07:53:20 ovzhost sshd[995]: PAM 2 more authentication failures; logname= uid=0 euid=0 tty=ssh ruser= rhost=43.255.190.186  user=root
Apr  6 07:53:21 ovzhost sshd[1001]: pam_unix(sshd:auth): authentication failure; logname= uid=0 euid=0 tty=ssh ruser= rhost=43.255.190.187  user=root
Apr  6 07:53:21 ovzhost sshd[999]: pam_unix(sshd:auth): authentication failure; logname= uid=0 euid=0 tty=ssh ruser= rhost=43.255.190.186  user=root
Apr  6 07:53:22 ovzhost sshd[997]: Failed password for root from 43.255.190.138 port 32796 ssh2
Apr  6 07:53:23 ovzhost sshd[1001]: Failed password for root from 43.255.190.187 port 33751 ssh2
Apr  6 07:53:24 ovzhost sshd[999]: Failed password for root from 43.255.190.186 port 53421 ssh2
Apr  6 07:53:27 ovzhost sshd[997]: message repeated 2 times: [ Failed password for root from 43.255.190.138 port 32796 ssh2]
Apr  6 07:53:27 ovzhost sshd[997]: Received disconnect from 43.255.190.138: 11:  [preauth]
Apr  6 07:53:27 ovzhost sshd[997]: PAM 2 more authentication failures; logname= uid=0 euid=0 tty=ssh ruser= rhost=43.255.190.138  user=root
Apr  6 07:53:27 ovzhost sshd[1005]: pam_unix(sshd:auth): authentication failure; logname= uid=0 euid=0 tty=ssh ruser= rhost=43.255.190.138  user=root
Apr  6 07:53:28 ovzhost sshd[1001]: message repeated 2 times: [ Failed password for root from 43.255.190.187 port 33751 ssh2]
Apr  6 07:53:28 ovzhost sshd[1001]: Received disconnect from 43.255.190.187: 11:  [preauth]
Apr  6 07:53:28 ovzhost sshd[1001]: PAM 2 more authentication failures; logname= uid=0 euid=0 tty=ssh ruser= rhost=43.255.190.187  user=root
Apr  6 07:53:28 ovzhost sshd[999]: message repeated 2 times: [ Failed password for root from 43.255.190.186 port 53421 ssh2]
Apr  6 07:53:28 ovzhost sshd[999]: Received disconnect from 43.255.190.186: 11:  [preauth]
Apr  6 07:53:28 ovzhost sshd[999]: PAM 2 more authentication failures; logname= uid=0 euid=0 tty=ssh ruser= rhost=43.255.190.186  user=root
Apr  6 07:53:29 ovzhost sshd[1007]: pam_unix(sshd:auth): authentication failure; logname= uid=0 euid=0 tty=ssh ruser= rhost=43.255.190.187  user=root
Apr  6 07:53:29 ovzhost sshd[1009]: pam_unix(sshd:auth): authentication failure; logname= uid=0 euid=0 tty=ssh ruser= rhost=43.255.190.186  user=root
Apr  6 07:53:29 ovzhost sshd[1005]: Failed password for root from 43.255.190.138 port 55687 ssh2
Apr  6 07:53:30 ovzhost sshd[1007]: Failed password for root from 43.255.190.187 port 55848 ssh2
Apr  6 07:53:31 ovzhost sshd[1009]: Failed password for root from 43.255.190.186 port 44548 ssh2
Apr  6 07:53:33 ovzhost sshd[1005]: message repeated 2 times: [ Failed password for root from 43.255.190.138 port 55687 ssh2]
Apr  6 07:53:33 ovzhost sshd[1005]: Received disconnect from 43.255.190.138: 11:  [preauth]
Apr  6 07:53:33 ovzhost sshd[1005]: PAM 2 more authentication failures; logname= uid=0 euid=0 tty=ssh ruser= rhost=43.255.190.138  user=root
Apr  6 07:53:33 ovzhost sshd[1011]: pam_unix(sshd:auth): authentication failure; logname= uid=0 euid=0 tty=ssh ruser= rhost=43.255.190.138  user=root
Apr  6 07:53:35 ovzhost sshd[1007]: message repeated 2 times: [ Failed password for root from 43.255.190.187 port 55848 ssh2]
Apr  6 07:53:35 ovzhost sshd[1007]: Received disconnect from 43.255.190.187: 11:  [preauth]
Apr  6 07:53:35 ovzhost sshd[1007]: PAM 2 more authentication failures; logname= uid=0 euid=0 tty=ssh ruser= rhost=43.255.190.187  user=root
Apr  6 07:53:35 ovzhost sshd[1009]: message repeated 2 times: [ Failed password for root from 43.255.190.186 port 44548 ssh2]
Apr  6 07:53:35 ovzhost sshd[1009]: Received disconnect from 43.255.190.186: 11:  [preauth]
Apr  6 07:53:35 ovzhost sshd[1009]: PAM 2 more authentication failures; logname= uid=0 euid=0 tty=ssh ruser= rhost=43.255.190.186  user=root
Apr  6 07:53:35 ovzhost sshd[1013]: pam_unix(sshd:auth): authentication failure; logname= uid=0 euid=0 tty=ssh ruser= rhost=43.255.190.187  user=root
Apr  6 07:53:35 ovzhost sshd[1015]: pam_unix(sshd:auth): authentication failure; logname= uid=0 euid=0 tty=ssh ruser= rhost=43.255.190.186  user=root
Apr  6 07:53:36 ovzhost sshd[1011]: Failed password for root from 43.255.190.138 port 46553 ssh2
Apr  6 07:53:38 ovzhost sshd[1013]: Failed password for root from 43.255.190.187 port 44370 ssh2
Apr  6 07:53:38 ovzhost sshd[1015]: Failed password for root from 43.255.190.186 port 60844 ssh2
Apr  6 07:53:41 ovzhost sshd[1011]: message repeated 2 times: [ Failed password for root from 43.255.190.138 port 46553 ssh2]
Apr  6 07:53:41 ovzhost sshd[1011]: Received disconnect from 43.255.190.138: 11:  [preauth]
Apr  6 07:53:41 ovzhost sshd[1011]: PAM 2 more authentication failures; logname= uid=0 euid=0 tty=ssh ruser= rhost=43.255.190.138  user=root
Apr  6 07:53:42 ovzhost sshd[1017]: pam_unix(sshd:auth): authentication failure; logname= uid=0 euid=0 tty=ssh ruser= rhost=43.255.190.138  user=root
Apr  6 07:53:42 ovzhost sshd[1013]: message repeated 2 times: [ Failed password for root from 43.255.190.187 port 44370 ssh2]
Apr  6 07:53:42 ovzhost sshd[1013]: Received disconnect from 43.255.190.187: 11:  [preauth]
Apr  6 07:53:42 ovzhost sshd[1013]: PAM 2 more authentication failures; logname= uid=0 euid=0 tty=ssh ruser= rhost=43.255.190.187  user=root
Apr  6 07:53:42 ovzhost sshd[1015]: message repeated 2 times: [ Failed password for root from 43.255.190.186 port 60844 ssh2]
Apr  6 07:53:42 ovzhost sshd[1015]: Received disconnect from 43.255.190.186: 11:  [preauth]
Apr  6 07:53:42 ovzhost sshd[1015]: PAM 2 more authentication failures; logname= uid=0 euid=0 tty=ssh ruser= rhost=43.255.190.186  user=root
Apr  6 07:53:42 ovzhost sshd[1021]: pam_unix(sshd:auth): authentication failure; logname= uid=0 euid=0 tty=ssh ruser= rhost=43.255.190.186  user=root
Apr  6 07:53:43 ovzhost sshd[1019]: pam_unix(sshd:auth): authentication failure; logname= uid=0 euid=0 tty=ssh ruser= rhost=43.255.190.187  user=root
Apr  6 07:53:44 ovzhost sshd[1017]: Failed password for root from 43.255.190.138 port 39712 ssh2
Apr  6 07:53:44 ovzhost sshd[1021]: Failed password for root from 43.255.190.186 port 49393 ssh2
Apr  6 07:53:45 ovzhost sshd[1019]: Failed password for root from 43.255.190.187 port 32982 ssh2
Apr  6 07:53:48 ovzhost sshd[1017]: message repeated 2 times: [ Failed password for root from 43.255.190.138 port 39712 ssh2]
Apr  6 07:53:48 ovzhost sshd[1017]: Received disconnect from 43.255.190.138: 11:  [preauth]
Apr  6 07:53:48 ovzhost sshd[1017]: PAM 2 more authentication failures; logname= uid=0 euid=0 tty=ssh ruser= rhost=43.255.190.138  user=root
Apr  6 07:53:49 ovzhost sshd[1023]: pam_unix(sshd:auth): authentication failure; logname= uid=0 euid=0 tty=ssh ruser= rhost=43.255.190.138  user=root
Apr  6 07:53:49 ovzhost sshd[1021]: message repeated 2 times: [ Failed password for root from 43.255.190.186 port 49393 ssh2]
Apr  6 07:53:49 ovzhost sshd[1021]: Received disconnect from 43.255.190.186: 11:  [preauth]
Apr  6 07:53:49 ovzhost sshd[1021]: PAM 2 more authentication failures; logname= uid=0 euid=0 tty=ssh ruser= rhost=43.255.190.186  user=root
Apr  6 07:53:49 ovzhost sshd[1019]: message repeated 2 times: [ Failed password for root from 43.255.190.187 port 32982 ssh2]
Apr  6 07:53:49 ovzhost sshd[1019]: Received disconnect from 43.255.190.187: 11:  [preauth]
Apr  6 07:53:49 ovzhost sshd[1019]: PAM 2 more authentication failures; logname= uid=0 euid=0 tty=ssh ruser= rhost=43.255.190.187  user=root
Apr  6 07:53:50 ovzhost sshd[1025]: pam_unix(sshd:auth): authentication failure; logname= uid=0 euid=0 tty=ssh ruser= rhost=43.255.190.187  user=root
Apr  6 07:53:51 ovzhost sshd[1027]: pam_unix(sshd:auth): authentication failure; logname= uid=0 euid=0 tty=ssh ruser= rhost=43.255.190.186  user=root
Apr  6 07:53:51 ovzhost sshd[1023]: Failed password for root from 43.255.190.138 port 56280 ssh2
Apr  6 07:53:52 ovzhost sshd[1025]: Failed password for root from 43.255.190.187 port 50712 ssh2
Apr  6 07:53:53 ovzhost sshd[1027]: Failed password for root from 43.255.190.186 port 38321 ssh2
Apr  6 07:53:55 ovzhost sshd[1023]: message repeated 2 times: [ Failed password for root from 43.255.190.138 port 56280 ssh2]
Apr  6 07:53:55 ovzhost sshd[1023]: Received disconnect from 43.255.190.138: 11:  [preauth]
Apr  6 07:53:55 ovzhost sshd[1023]: PAM 2 more authentication failures; logname= uid=0 euid=0 tty=ssh ruser= rhost=43.255.190.138  user=root
Apr  6 07:53:56 ovzhost sshd[1031]: pam_unix(sshd:auth): authentication failure; logname= uid=0 euid=0 tty=ssh ruser= rhost=43.255.190.138  user=root
Apr  6 07:53:56 ovzhost sshd[1025]: message repeated 2 times: [ Failed password for root from 43.255.190.187 port 50712 ssh2]
Apr  6 07:53:56 ovzhost sshd[1025]: Received disconnect from 43.255.190.187: 11:  [preauth]
Apr  6 07:53:56 ovzhost sshd[1025]: PAM 2 more authentication failures; logname= uid=0 euid=0 tty=ssh ruser= rhost=43.255.190.187  user=root
Apr  6 07:53:57 ovzhost sshd[1033]: pam_unix(sshd:auth): authentication failure; logname= uid=0 euid=0 tty=ssh ruser= rhost=43.255.190.187  user=root
Apr  6 07:53:57 ovzhost sshd[1027]: message repeated 2 times: [ Failed password for root from 43.255.190.186 port 38321 ssh2]
Apr  6 07:53:57 ovzhost sshd[1027]: Received disconnect from 43.255.190.186: 11:  [preauth]
Apr  6 07:53:57 ovzhost sshd[1027]: PAM 2 more authentication failures; logname= uid=0 euid=0 tty=ssh ruser= rhost=43.255.190.186  user=root
Apr  6 07:53:58 ovzhost sshd[1035]: pam_unix(sshd:auth): authentication failure; logname= uid=0 euid=0 tty=ssh ruser= rhost=43.255.190.186  user=root
Apr  6 07:53:58 ovzhost sshd[1031]: Failed password for root from 43.255.190.138 port 47885 ssh2
Apr  6 07:53:59 ovzhost sshd[1033]: Failed password for root from 43.255.190.187 port 40022 ssh2
Apr  6 07:54:00 ovzhost sshd[1035]: Failed password for root from 43.255.190.186 port 57988 ssh2
Apr  6 07:54:02 ovzhost sshd[1031]: message repeated 2 times: [ Failed password for root from 43.255.190.138 port 47885 ssh2]
Apr  6 07:54:02 ovzhost sshd[1031]: Received disconnect from 43.255.190.138: 11:  [preauth]
Apr  6 07:54:02 ovzhost sshd[1031]: PAM 2 more authentication failures; logname= uid=0 euid=0 tty=ssh ruser= rhost=43.255.190.138  user=root
Apr  6 07:54:03 ovzhost sshd[1037]: pam_unix(sshd:auth): authentication failure; logname= uid=0 euid=0 tty=ssh ruser= rhost=43.255.190.138  user=root
Apr  6 07:54:03 ovzhost sshd[1033]: message repeated 2 times: [ Failed password for root from 43.255.190.187 port 40022 ssh2]
Apr  6 07:54:03 ovzhost sshd[1033]: Received disconnect from 43.255.190.187: 11:  [preauth]
Apr  6 07:54:03 ovzhost sshd[1033]: PAM 2 more authentication failures; logname= uid=0 euid=0 tty=ssh ruser= rhost=43.255.190.187  user=root
Apr  6 07:54:04 ovzhost sshd[1035]: message repeated 2 times: [ Failed password for root from 43.255.190.186 port 57988 ssh2]
Apr  6 07:54:04 ovzhost sshd[1035]: Received disconnect from 43.255.190.186: 11:  [preauth]
Apr  6 07:54:04 ovzhost sshd[1035]: PAM 2 more authentication failures; logname= uid=0 euid=0 tty=ssh ruser= rhost=43.255.190.186  user=root
Apr  6 07:54:04 ovzhost sshd[1039]: pam_unix(sshd:auth): authentication failure; logname= uid=0 euid=0 tty=ssh ruser= rhost=43.255.190.187  user=root
Apr  6 07:54:04 ovzhost sshd[1041]: pam_unix(sshd:auth): authentication failure; logname= uid=0 euid=0 tty=ssh ruser= rhost=43.255.190.186  user=root
Apr  6 07:54:05 ovzhost sshd[1039]: Failed password for root from 43.255.190.187 port 57376 ssh2
Apr  6 07:54:06 ovzhost sshd[1037]: Failed password for root from 43.255.190.138 port 41546 ssh2
Apr  6 07:54:06 ovzhost sshd[1041]: Failed password for root from 43.255.190.186 port 46312 ssh2
Apr  6 07:54:10 ovzhost sshd[1039]: message repeated 2 times: [ Failed password for root from 43.255.190.187 port 57376 ssh2]
Apr  6 07:54:10 ovzhost sshd[1039]: Received disconnect from 43.255.190.187: 11:  [preauth]
Apr  6 07:54:10 ovzhost sshd[1039]: PAM 2 more authentication failures; logname= uid=0 euid=0 tty=ssh ruser= rhost=43.255.190.187  user=root
Apr  6 07:54:10 ovzhost sshd[1043]: pam_unix(sshd:auth): authentication failure; logname= uid=0 euid=0 tty=ssh ruser= rhost=43.255.190.187  user=root
Apr  6 07:54:11 ovzhost sshd[1037]: message repeated 2 times: [ Failed password for root from 43.255.190.138 port 41546 ssh2]
Apr  6 07:54:11 ovzhost sshd[1037]: Received disconnect from 43.255.190.138: 11:  [preauth]
Apr  6 07:54:11 ovzhost sshd[1037]: PAM 2 more authentication failures; logname= uid=0 euid=0 tty=ssh ruser= rhost=43.255.190.138  user=root
Apr  6 07:54:11 ovzhost sshd[1041]: message repeated 2 times: [ Failed password for root from 43.255.190.186 port 46312 ssh2]
Apr  6 07:54:11 ovzhost sshd[1041]: Received disconnect from 43.255.190.186: 11:  [preauth]
Apr  6 07:54:11 ovzhost sshd[1041]: PAM 2 more authentication failures; logname= uid=0 euid=0 tty=ssh ruser= rhost=43.255.190.186  user=root
Apr  6 07:54:11 ovzhost sshd[1045]: pam_unix(sshd:auth): authentication failure; logname= uid=0 euid=0 tty=ssh ruser= rhost=43.255.190.138  user=root
Apr  6 07:54:11 ovzhost sshd[1047]: pam_unix(sshd:auth): authentication failure; logname= uid=0 euid=0 tty=ssh ruser= rhost=43.255.190.186  user=root
Apr  6 07:54:12 ovzhost sshd[1043]: Failed password for root from 43.255.190.187 port 45311 ssh2
Apr  6 07:54:13 ovzhost sshd[1045]: Failed password for root from 43.255.190.138 port 38050 ssh2
Apr  6 07:54:14 ovzhost sshd[1047]: Failed password for root from 43.255.190.186 port 35483 ssh2
Apr  6 07:54:16 ovzhost sshd[1043]: message repeated 2 times: [ Failed password for root from 43.255.190.187 port 45311 ssh2]
Apr  6 07:54:16 ovzhost sshd[1043]: Received disconnect from 43.255.190.187: 11:  [preauth]
Apr  6 07:54:16 ovzhost sshd[1043]: PAM 2 more authentication failures; logname= uid=0 euid=0 tty=ssh ruser= rhost=43.255.190.187  user=root
Apr  6 07:54:17 ovzhost sshd[1049]: pam_unix(sshd:auth): authentication failure; logname= uid=0 euid=0 tty=ssh ruser= rhost=43.255.190.187  user=root
Apr  6 07:54:17 ovzhost sshd[1047]: message repeated 2 times: [ Failed password for root from 43.255.190.186 port 35483 ssh2]
Apr  6 07:54:18 ovzhost sshd[1047]: Received disconnect from 43.255.190.186: 11:  [preauth]
Apr  6 07:54:18 ovzhost sshd[1047]: PAM 2 more authentication failures; logname= uid=0 euid=0 tty=ssh ruser= rhost=43.255.190.186  user=root
Apr  6 07:54:18 ovzhost sshd[1045]: message repeated 2 times: [ Failed password for root from 43.255.190.138 port 38050 ssh2]
Apr  6 07:54:18 ovzhost sshd[1045]: Received disconnect from 43.255.190.138: 11:  [preauth]
Apr  6 07:54:18 ovzhost sshd[1045]: PAM 2 more authentication failures; logname= uid=0 euid=0 tty=ssh ruser= rhost=43.255.190.138  user=root
Apr  6 07:54:18 ovzhost sshd[1051]: pam_unix(sshd:auth): authentication failure; logname= uid=0 euid=0 tty=ssh ruser= rhost=43.255.190.186  user=root
Apr  6 07:54:19 ovzhost sshd[1049]: Failed password for root from 43.255.190.187 port 34063 ssh2
Apr  6 07:54:19 ovzhost sshd[1053]: pam_unix(sshd:auth): authentication failure; logname= uid=0 euid=0 tty=ssh ruser= rhost=43.255.190.138  user=root
Apr  6 07:54:21 ovzhost sshd[1051]: Failed password for root from 43.255.190.186 port 51740 ssh2
Apr  6 07:54:22 ovzhost sshd[1053]: Failed password for root from 43.255.190.138 port 56784 ssh2
Apr  6 07:54:24 ovzhost sshd[1049]: message repeated 2 times: [ Failed password for root from 43.255.190.187 port 34063 ssh2]
Apr  6 07:54:24 ovzhost sshd[1049]: Received disconnect from 43.255.190.187: 11:  [preauth]
Apr  6 07:54:24 ovzhost sshd[1049]: PAM 2 more authentication failures; logname= uid=0 euid=0 tty=ssh ruser= rhost=43.255.190.187  user=root
Apr  6 07:54:25 ovzhost sshd[1051]: message repeated 2 times: [ Failed password for root from 43.255.190.186 port 51740 ssh2]
Apr  6 07:54:25 ovzhost sshd[1051]: Received disconnect from 43.255.190.186: 11:  [preauth]
Apr  6 07:54:25 ovzhost sshd[1051]: PAM 2 more authentication failures; logname= uid=0 euid=0 tty=ssh ruser= rhost=43.255.190.186  user=root
Apr  6 07:54:25 ovzhost sshd[1055]: pam_unix(sshd:auth): authentication failure; logname= uid=0 euid=0 tty=ssh ruser= rhost=43.255.190.187  user=root
Apr  6 07:54:25 ovzhost sshd[1057]: pam_unix(sshd:auth): authentication failure; logname= uid=0 euid=0 tty=ssh ruser= rhost=43.255.190.186  user=root
Apr  6 07:54:26 ovzhost sshd[1053]: message repeated 2 times: [ Failed password for root from 43.255.190.138 port 56784 ssh2]
Apr  6 07:54:26 ovzhost sshd[1053]: Received disconnect from 43.255.190.138: 11:  [preauth]
Apr  6 07:54:26 ovzhost sshd[1053]: PAM 2 more authentication failures; logname= uid=0 euid=0 tty=ssh ruser= rhost=43.255.190.138  user=root
Apr  6 07:54:26 ovzhost sshd[1060]: pam_unix(sshd:auth): authentication failure; logname= uid=0 euid=0 tty=ssh ruser= rhost=43.255.190.138  user=root
Apr  6 07:54:27 ovzhost sshd[1055]: Failed password for root from 43.255.190.187 port 52555 ssh2
Apr  6 07:54:28 ovzhost sshd[1057]: Failed password for root from 43.255.190.186 port 40556 ssh2
Apr  6 07:54:29 ovzhost sshd[1060]: Failed password for root from 43.255.190.138 port 48699 ssh2
Apr  6 07:54:32 ovzhost sshd[1057]: message repeated 2 times: [ Failed password for root from 43.255.190.186 port 40556 ssh2]
Apr  6 07:54:32 ovzhost sshd[1057]: Received disconnect from 43.255.190.186: 11:  [preauth]
Apr  6 07:54:32 ovzhost sshd[1057]: PAM 2 more authentication failures; logname= uid=0 euid=0 tty=ssh ruser= rhost=43.255.190.186  user=root
Apr  6 07:54:33 ovzhost sshd[1055]: message repeated 2 times: [ Failed password for root from 43.255.190.187 port 52555 ssh2]
Apr  6 07:54:33 ovzhost sshd[1055]: Received disconnect from 43.255.190.187: 11:  [preauth]
Apr  6 07:54:33 ovzhost sshd[1055]: PAM 2 more authentication failures; logname= uid=0 euid=0 tty=ssh ruser= rhost=43.255.190.187  user=root
Apr  6 07:54:33 ovzhost sshd[1064]: pam_unix(sshd:auth): authentication failure; logname= uid=0 euid=0 tty=ssh ruser= rhost=43.255.190.186  user=root
Apr  6 07:54:33 ovzhost sshd[1060]: message repeated 2 times: [ Failed password for root from 43.255.190.138 port 48699 ssh2]
Apr  6 07:54:33 ovzhost sshd[1060]: Received disconnect from 43.255.190.138: 11:  [preauth]
Apr  6 07:54:33 ovzhost sshd[1060]: PAM 2 more authentication failures; logname= uid=0 euid=0 tty=ssh ruser= rhost=43.255.190.138  user=root
Apr  6 07:54:34 ovzhost sshd[1066]: pam_unix(sshd:auth): authentication failure; logname= uid=0 euid=0 tty=ssh ruser= rhost=43.255.190.187  user=root
Apr  6 07:54:34 ovzhost sshd[1068]: pam_unix(sshd:auth): authentication failure; logname= uid=0 euid=0 tty=ssh ruser= rhost=43.255.190.138  user=root
Apr  6 07:54:36 ovzhost sshd[1066]: Failed password for root from 43.255.190.187 port 47330 ssh2
Apr  6 07:54:36 ovzhost sshd[1064]: Failed password for root from 43.255.190.186 port 57676 ssh2
Apr  6 07:54:36 ovzhost sshd[1068]: Failed password for root from 43.255.190.138 port 42147 ssh2
Apr  6 07:54:40 ovzhost sshd[1066]: message repeated 2 times: [ Failed password for root from 43.255.190.187 port 47330 ssh2]
Apr  6 07:54:41 ovzhost sshd[1066]: Received disconnect from 43.255.190.187: 11:  [preauth]
Apr  6 07:54:41 ovzhost sshd[1066]: PAM 2 more authentication failures; logname= uid=0 euid=0 tty=ssh ruser= rhost=43.255.190.187  user=root
Apr  6 07:54:40 ovzhost sshd[1064]: message repeated 2 times: [ Failed password for root from 43.255.190.186 port 57676 ssh2]
Apr  6 07:54:41 ovzhost sshd[1064]: Received disconnect from 43.255.190.186: 11:  [preauth]
Apr  6 07:54:41 ovzhost sshd[1064]: PAM 2 more authentication failures; logname= uid=0 euid=0 tty=ssh ruser= rhost=43.255.190.186  user=root
Apr  6 07:54:41 ovzhost sshd[1068]: message repeated 2 times: [ Failed password for root from 43.255.190.138 port 42147 ssh2]
Apr  6 07:54:41 ovzhost sshd[1068]: Received disconnect from 43.255.190.138: 11:  [preauth]
Apr  6 07:54:41 ovzhost sshd[1068]: PAM 2 more authentication failures; logname= uid=0 euid=0 tty=ssh ruser= rhost=43.255.190.138  user=root
Apr  6 07:54:41 ovzhost sshd[1070]: pam_unix(sshd:auth): authentication failure; logname= uid=0 euid=0 tty=ssh ruser= rhost=43.255.190.187  user=root
Apr  6 07:54:41 ovzhost sshd[1072]: pam_unix(sshd:auth): authentication failure; logname= uid=0 euid=0 tty=ssh ruser= rhost=43.255.190.186  user=root
Apr  6 07:54:41 ovzhost sshd[1074]: pam_unix(sshd:auth): authentication failure; logname= uid=0 euid=0 tty=ssh ruser= rhost=43.255.190.138  user=root
Apr  6 07:54:43 ovzhost sshd[1070]: Failed password for root from 43.255.190.187 port 37907 ssh2
Apr  6 07:54:43 ovzhost sshd[1072]: Failed password for root from 43.255.190.186 port 49583 ssh2
Apr  6 07:54:44 ovzhost sshd[1074]: Failed password for root from 43.255.190.138 port 37856 ssh2
Apr  6 07:54:48 ovzhost sshd[1070]: message repeated 2 times: [ Failed password for root from 43.255.190.187 port 37907 ssh2]
Apr  6 07:54:48 ovzhost sshd[1070]: Received disconnect from 43.255.190.187: 11:  [preauth]
Apr  6 07:54:48 ovzhost sshd[1070]: PAM 2 more authentication failures; logname= uid=0 euid=0 tty=ssh ruser= rhost=43.255.190.187  user=root
Apr  6 07:54:48 ovzhost sshd[1072]: message repeated 2 times: [ Failed password for root from 43.255.190.186 port 49583 ssh2]
Apr  6 07:54:48 ovzhost sshd[1072]: Received disconnect from 43.255.190.186: 11:  [preauth]
Apr  6 07:54:48 ovzhost sshd[1072]: PAM 2 more authentication failures; logname= uid=0 euid=0 tty=ssh ruser= rhost=43.255.190.186  user=root
Apr  6 07:54:48 ovzhost sshd[1074]: message repeated 2 times: [ Failed password for root from 43.255.190.138 port 37856 ssh2]
Apr  6 07:54:48 ovzhost sshd[1074]: Received disconnect from 43.255.190.138: 11:  [preauth]
Apr  6 07:54:48 ovzhost sshd[1074]: PAM 2 more authentication failures; logname= uid=0 euid=0 tty=ssh ruser= rhost=43.255.190.138  user=root
Apr  6 07:54:48 ovzhost sshd[1077]: pam_unix(sshd:auth): authentication failure; logname= uid=0 euid=0 tty=ssh ruser= rhost=43.255.190.138  user=root
Apr  6 07:54:49 ovzhost sshd[1076]: pam_unix(sshd:auth): authentication failure; logname= uid=0 euid=0 tty=ssh ruser= rhost=43.255.190.186  user=root
Apr  6 07:54:49 ovzhost sshd[1080]: pam_unix(sshd:auth): authentication failure; logname= uid=0 euid=0 tty=ssh ruser= rhost=43.255.190.187  user=root
Apr  6 07:54:51 ovzhost sshd[1076]: Failed password for root from 43.255.190.186 port 39854 ssh2
Apr  6 07:54:51 ovzhost sshd[1077]: Failed password for root from 43.255.190.138 port 60455 ssh2
Apr  6 07:54:51 ovzhost sshd[1080]: Failed password for root from 43.255.190.187 port 55773 ssh2
Apr  6 07:54:56 ovzhost sshd[1077]: message repeated 2 times: [ Failed password for root from 43.255.190.138 port 60455 ssh2]
Apr  6 07:54:56 ovzhost sshd[1077]: Received disconnect from 43.255.190.138: 11:  [preauth]
Apr  6 07:54:56 ovzhost sshd[1077]: PAM 2 more authentication failures; logname= uid=0 euid=0 tty=ssh ruser= rhost=43.255.190.138  user=root
Apr  6 07:54:56 ovzhost sshd[1080]: message repeated 2 times: [ Failed password for root from 43.255.190.187 port 55773 ssh2]
Apr  6 07:54:56 ovzhost sshd[1080]: Received disconnect from 43.255.190.187: 11:  [preauth]
Apr  6 07:54:56 ovzhost sshd[1080]: PAM 2 more authentication failures; logname= uid=0 euid=0 tty=ssh ruser= rhost=43.255.190.187  user=root
Apr  6 07:54:56 ovzhost sshd[1076]: message repeated 2 times: [ Failed password for root from 43.255.190.186 port 39854 ssh2]
