Apr 12 20:57:59 ovzhost sshd[1232]: PAM 2 more authentication failures; logname= uid=0 euid=0 tty=ssh ruser= rhost=43.255.190.182  user=root
Apr 12 20:57:59 ovzhost sshd[1234]: message repeated 2 times: [ Failed password for root from 43.255.190.190 port 38259 ssh2]
Apr 12 20:57:59 ovzhost sshd[1234]: Received disconnect from 43.255.190.190: 11:  [preauth]
Apr 12 20:57:59 ovzhost sshd[1234]: PAM 2 more authentication failures; logname= uid=0 euid=0 tty=ssh ruser= rhost=43.255.190.190  user=root
Apr 12 20:58:00 ovzhost sshd[1236]: pam_unix(sshd:auth): authentication failure; logname= uid=0 euid=0 tty=ssh ruser= rhost=43.255.190.182  user=root
Apr 12 20:58:00 ovzhost sshd[1238]: pam_unix(sshd:auth): authentication failure; logname= uid=0 euid=0 tty=ssh ruser= rhost=43.255.190.182  user=root
Apr 12 20:58:00 ovzhost sshd[1240]: pam_unix(sshd:auth): authentication failure; logname= uid=0 euid=0 tty=ssh ruser= rhost=43.255.190.190  user=root
Apr 12 20:58:02 ovzhost sshd[1236]: Failed password for root from 43.255.190.182 port 54830 ssh2
Apr 12 20:58:02 ovzhost sshd[1238]: Failed password for root from 43.255.190.182 port 54893 ssh2
Apr 12 20:58:02 ovzhost sshd[1240]: Failed password for root from 43.255.190.190 port 54081 ssh2
Apr 12 20:58:06 ovzhost sshd[1236]: message repeated 2 times: [ Failed password for root from 43.255.190.182 port 54830 ssh2]
Apr 12 20:58:07 ovzhost sshd[1236]: Received disconnect from 43.255.190.182: 11:  [preauth]
Apr 12 20:58:07 ovzhost sshd[1236]: PAM 2 more authentication failures; logname= uid=0 euid=0 tty=ssh ruser= rhost=43.255.190.182  user=root
Apr 12 20:58:07 ovzhost sshd[1238]: message repeated 2 times: [ Failed password for root from 43.255.190.182 port 54893 ssh2]
Apr 12 20:58:07 ovzhost sshd[1238]: Received disconnect from 43.255.190.182: 11:  [preauth]
Apr 12 20:58:07 ovzhost sshd[1238]: PAM 2 more authentication failures; logname= uid=0 euid=0 tty=ssh ruser= rhost=43.255.190.182  user=root
Apr 12 20:58:07 ovzhost sshd[1240]: message repeated 2 times: [ Failed password for root from 43.255.190.190 port 54081 ssh2]
Apr 12 20:58:07 ovzhost sshd[1240]: Received disconnect from 43.255.190.190: 11:  [preauth]
Apr 12 20:58:07 ovzhost sshd[1240]: PAM 2 more authentication failures; logname= uid=0 euid=0 tty=ssh ruser= rhost=43.255.190.190  user=root
Apr 12 20:58:07 ovzhost sshd[1242]: pam_unix(sshd:auth): authentication failure; logname= uid=0 euid=0 tty=ssh ruser= rhost=43.255.190.182  user=root
Apr 12 20:58:07 ovzhost sshd[1244]: pam_unix(sshd:auth): authentication failure; logname= uid=0 euid=0 tty=ssh ruser= rhost=43.255.190.182  user=root
Apr 12 20:58:07 ovzhost sshd[1246]: pam_unix(sshd:auth): authentication failure; logname= uid=0 euid=0 tty=ssh ruser= rhost=43.255.190.190  user=root
Apr 12 20:58:10 ovzhost sshd[1242]: Failed password for root from 43.255.190.182 port 43162 ssh2
Apr 12 20:58:10 ovzhost sshd[1244]: Failed password for root from 43.255.190.182 port 43275 ssh2
Apr 12 20:58:10 ovzhost sshd[1246]: Failed password for root from 43.255.190.190 port 43193 ssh2
Apr 12 20:58:14 ovzhost sshd[1244]: message repeated 2 times: [ Failed password for root from 43.255.190.182 port 43275 ssh2]
Apr 12 20:58:14 ovzhost sshd[1244]: Received disconnect from 43.255.190.182: 11:  [preauth]
Apr 12 20:58:14 ovzhost sshd[1244]: PAM 2 more authentication failures; logname= uid=0 euid=0 tty=ssh ruser= rhost=43.255.190.182  user=root
Apr 12 20:58:14 ovzhost sshd[1246]: message repeated 2 times: [ Failed password for root from 43.255.190.190 port 43193 ssh2]
Apr 12 20:58:14 ovzhost sshd[1246]: Received disconnect from 43.255.190.190: 11:  [preauth]
Apr 12 20:58:14 ovzhost sshd[1246]: PAM 2 more authentication failures; logname= uid=0 euid=0 tty=ssh ruser= rhost=43.255.190.190  user=root
Apr 12 20:58:14 ovzhost sshd[1242]: message repeated 2 times: [ Failed password for root from 43.255.190.182 port 43162 ssh2]
Apr 12 20:58:14 ovzhost sshd[1242]: Received disconnect from 43.255.190.182: 11:  [preauth]
Apr 12 20:58:14 ovzhost sshd[1242]: PAM 2 more authentication failures; logname= uid=0 euid=0 tty=ssh ruser= rhost=43.255.190.182  user=root
Apr 12 20:58:14 ovzhost sshd[1249]: pam_unix(sshd:auth): authentication failure; logname= uid=0 euid=0 tty=ssh ruser= rhost=43.255.190.182  user=root
Apr 12 20:58:14 ovzhost sshd[1251]: pam_unix(sshd:auth): authentication failure; logname= uid=0 euid=0 tty=ssh ruser= rhost=43.255.190.190  user=root
Apr 12 20:58:14 ovzhost sshd[1253]: pam_unix(sshd:auth): authentication failure; logname= uid=0 euid=0 tty=ssh ruser= rhost=43.255.190.182  user=root
Apr 12 20:58:17 ovzhost sshd[1249]: Failed password for root from 43.255.190.182 port 58440 ssh2
Apr 12 20:58:17 ovzhost sshd[1251]: Failed password for root from 43.255.190.190 port 59204 ssh2
Apr 12 20:58:17 ovzhost sshd[1253]: Failed password for root from 43.255.190.182 port 58842 ssh2
Apr 12 20:58:21 ovzhost sshd[1249]: message repeated 2 times: [ Failed password for root from 43.255.190.182 port 58440 ssh2]
Apr 12 20:58:21 ovzhost sshd[1249]: Received disconnect from 43.255.190.182: 11:  [preauth]
Apr 12 20:58:21 ovzhost sshd[1249]: PAM 2 more authentication failures; logname= uid=0 euid=0 tty=ssh ruser= rhost=43.255.190.182  user=root
Apr 12 20:58:21 ovzhost sshd[1251]: message repeated 2 times: [ Failed password for root from 43.255.190.190 port 59204 ssh2]
Apr 12 20:58:21 ovzhost sshd[1251]: Received disconnect from 43.255.190.190: 11:  [preauth]
Apr 12 20:58:21 ovzhost sshd[1251]: PAM 2 more authentication failures; logname= uid=0 euid=0 tty=ssh ruser= rhost=43.255.190.190  user=root
Apr 12 20:58:21 ovzhost sshd[1253]: message repeated 2 times: [ Failed password for root from 43.255.190.182 port 58842 ssh2]
Apr 12 20:58:21 ovzhost sshd[1253]: Received disconnect from 43.255.190.182: 11:  [preauth]
Apr 12 20:58:21 ovzhost sshd[1253]: PAM 2 more authentication failures; logname= uid=0 euid=0 tty=ssh ruser= rhost=43.255.190.182  user=root
Apr 12 20:58:22 ovzhost sshd[1256]: pam_unix(sshd:auth): authentication failure; logname= uid=0 euid=0 tty=ssh ruser= rhost=43.255.190.182  user=root
Apr 12 20:58:22 ovzhost sshd[1258]: pam_unix(sshd:auth): authentication failure; logname= uid=0 euid=0 tty=ssh ruser= rhost=43.255.190.190  user=root
Apr 12 20:58:22 ovzhost sshd[1260]: pam_unix(sshd:auth): authentication failure; logname= uid=0 euid=0 tty=ssh ruser= rhost=43.255.190.182  user=root
Apr 12 20:58:23 ovzhost sshd[1256]: Failed password for root from 43.255.190.182 port 47497 ssh2
Apr 12 20:58:23 ovzhost sshd[1258]: Failed password for root from 43.255.190.190 port 49143 ssh2
Apr 12 20:58:24 ovzhost sshd[1260]: Failed password for root from 43.255.190.182 port 47926 ssh2
Apr 12 20:58:28 ovzhost sshd[1258]: message repeated 2 times: [ Failed password for root from 43.255.190.190 port 49143 ssh2]
Apr 12 20:58:28 ovzhost sshd[1258]: Received disconnect from 43.255.190.190: 11:  [preauth]
Apr 12 20:58:28 ovzhost sshd[1258]: PAM 2 more authentication failures; logname= uid=0 euid=0 tty=ssh ruser= rhost=43.255.190.190  user=root
Apr 12 20:58:28 ovzhost sshd[1260]: message repeated 2 times: [ Failed password for root from 43.255.190.182 port 47926 ssh2]
Apr 12 20:58:28 ovzhost sshd[1260]: Received disconnect from 43.255.190.182: 11:  [preauth]
Apr 12 20:58:28 ovzhost sshd[1260]: PAM 2 more authentication failures; logname= uid=0 euid=0 tty=ssh ruser= rhost=43.255.190.182  user=root
Apr 12 20:58:28 ovzhost sshd[1256]: message repeated 2 times: [ Failed password for root from 43.255.190.182 port 47497 ssh2]
Apr 12 20:58:28 ovzhost sshd[1256]: Received disconnect from 43.255.190.182: 11:  [preauth]
Apr 12 20:58:28 ovzhost sshd[1256]: PAM 2 more authentication failures; logname= uid=0 euid=0 tty=ssh ruser= rhost=43.255.190.182  user=root
Apr 12 20:58:29 ovzhost sshd[1262]: pam_unix(sshd:auth): authentication failure; logname= uid=0 euid=0 tty=ssh ruser= rhost=43.255.190.190  user=root
Apr 12 20:58:29 ovzhost sshd[1264]: pam_unix(sshd:auth): authentication failure; logname= uid=0 euid=0 tty=ssh ruser= rhost=43.255.190.182  user=root
Apr 12 20:58:29 ovzhost sshd[1266]: pam_unix(sshd:auth): authentication failure; logname= uid=0 euid=0 tty=ssh ruser= rhost=43.255.190.182  user=root
Apr 12 20:58:31 ovzhost sshd[1262]: Failed password for root from 43.255.190.190 port 38554 ssh2
Apr 12 20:58:31 ovzhost sshd[1264]: Failed password for root from 43.255.190.182 port 35695 ssh2
Apr 12 20:58:31 ovzhost sshd[1266]: Failed password for root from 43.255.190.182 port 35837 ssh2
Apr 12 20:58:35 ovzhost sshd[1262]: message repeated 2 times: [ Failed password for root from 43.255.190.190 port 38554 ssh2]
Apr 12 20:58:35 ovzhost sshd[1262]: Received disconnect from 43.255.190.190: 11:  [preauth]
Apr 12 20:58:35 ovzhost sshd[1262]: PAM 2 more authentication failures; logname= uid=0 euid=0 tty=ssh ruser= rhost=43.255.190.190  user=root
Apr 12 20:58:35 ovzhost sshd[1264]: message repeated 2 times: [ Failed password for root from 43.255.190.182 port 35695 ssh2]
Apr 12 20:58:35 ovzhost sshd[1264]: Received disconnect from 43.255.190.182: 11:  [preauth]
Apr 12 20:58:35 ovzhost sshd[1264]: PAM 2 more authentication failures; logname= uid=0 euid=0 tty=ssh ruser= rhost=43.255.190.182  user=root
Apr 12 20:58:35 ovzhost sshd[1266]: message repeated 2 times: [ Failed password for root from 43.255.190.182 port 35837 ssh2]
Apr 12 20:58:35 ovzhost sshd[1266]: Received disconnect from 43.255.190.182: 11:  [preauth]
Apr 12 20:58:35 ovzhost sshd[1266]: PAM 2 more authentication failures; logname= uid=0 euid=0 tty=ssh ruser= rhost=43.255.190.182  user=root
Apr 12 20:58:36 ovzhost sshd[1270]: pam_unix(sshd:auth): authentication failure; logname= uid=0 euid=0 tty=ssh ruser= rhost=43.255.190.190  user=root
Apr 12 20:58:36 ovzhost sshd[1272]: pam_unix(sshd:auth): authentication failure; logname= uid=0 euid=0 tty=ssh ruser= rhost=43.255.190.182  user=root
Apr 12 20:58:36 ovzhost sshd[1274]: pam_unix(sshd:auth): authentication failure; logname= uid=0 euid=0 tty=ssh ruser= rhost=43.255.190.182  user=root
Apr 12 20:58:38 ovzhost sshd[1270]: Failed password for root from 43.255.190.190 port 56031 ssh2
Apr 12 20:58:38 ovzhost sshd[1272]: Failed password for root from 43.255.190.182 port 51658 ssh2
Apr 12 20:58:38 ovzhost sshd[1274]: Failed password for root from 43.255.190.182 port 51833 ssh2
Apr 12 20:58:42 ovzhost sshd[1270]: message repeated 2 times: [ Failed password for root from 43.255.190.190 port 56031 ssh2]
Apr 12 20:58:42 ovzhost sshd[1270]: Received disconnect from 43.255.190.190: 11:  [preauth]
Apr 12 20:58:42 ovzhost sshd[1270]: PAM 2 more authentication failures; logname= uid=0 euid=0 tty=ssh ruser= rhost=43.255.190.190  user=root
Apr 12 20:58:42 ovzhost sshd[1272]: message repeated 2 times: [ Failed password for root from 43.255.190.182 port 51658 ssh2]
Apr 12 20:58:42 ovzhost sshd[1272]: Received disconnect from 43.255.190.182: 11:  [preauth]
Apr 12 20:58:42 ovzhost sshd[1272]: PAM 2 more authentication failures; logname= uid=0 euid=0 tty=ssh ruser= rhost=43.255.190.182  user=root
Apr 12 20:58:42 ovzhost sshd[1274]: message repeated 2 times: [ Failed password for root from 43.255.190.182 port 51833 ssh2]
Apr 12 20:58:42 ovzhost sshd[1274]: Received disconnect from 43.255.190.182: 11:  [preauth]
Apr 12 20:58:42 ovzhost sshd[1274]: PAM 2 more authentication failures; logname= uid=0 euid=0 tty=ssh ruser= rhost=43.255.190.182  user=root
Apr 12 20:58:43 ovzhost sshd[1276]: pam_unix(sshd:auth): authentication failure; logname= uid=0 euid=0 tty=ssh ruser= rhost=43.255.190.190  user=root
Apr 12 20:58:43 ovzhost sshd[1278]: pam_unix(sshd:auth): authentication failure; logname= uid=0 euid=0 tty=ssh ruser= rhost=43.255.190.182  user=root
Apr 12 20:58:43 ovzhost sshd[1280]: pam_unix(sshd:auth): authentication failure; logname= uid=0 euid=0 tty=ssh ruser= rhost=43.255.190.182  user=root
Apr 12 20:58:45 ovzhost sshd[1276]: Failed password for root from 43.255.190.190 port 45823 ssh2
Apr 12 20:58:45 ovzhost sshd[1278]: Failed password for root from 43.255.190.182 port 39487 ssh2
Apr 12 20:58:45 ovzhost sshd[1280]: Failed password for root from 43.255.190.182 port 39889 ssh2
Apr 12 20:58:49 ovzhost sshd[1276]: message repeated 2 times: [ Failed password for root from 43.255.190.190 port 45823 ssh2]
Apr 12 20:58:49 ovzhost sshd[1276]: Received disconnect from 43.255.190.190: 11:  [preauth]
Apr 12 20:58:49 ovzhost sshd[1276]: PAM 2 more authentication failures; logname= uid=0 euid=0 tty=ssh ruser= rhost=43.255.190.190  user=root
Apr 12 20:58:49 ovzhost sshd[1278]: message repeated 2 times: [ Failed password for root from 43.255.190.182 port 39487 ssh2]
Apr 12 20:58:49 ovzhost sshd[1278]: Received disconnect from 43.255.190.182: 11:  [preauth]
Apr 12 20:58:49 ovzhost sshd[1278]: PAM 2 more authentication failures; logname= uid=0 euid=0 tty=ssh ruser= rhost=43.255.190.182  user=root
Apr 12 20:58:49 ovzhost sshd[1280]: message repeated 2 times: [ Failed password for root from 43.255.190.182 port 39889 ssh2]
Apr 12 20:58:49 ovzhost sshd[1280]: Received disconnect from 43.255.190.182: 11:  [preauth]
Apr 12 20:58:49 ovzhost sshd[1280]: PAM 2 more authentication failures; logname= uid=0 euid=0 tty=ssh ruser= rhost=43.255.190.182  user=root
Apr 12 20:58:49 ovzhost sshd[1284]: pam_unix(sshd:auth): authentication failure; logname= uid=0 euid=0 tty=ssh ruser= rhost=43.255.190.190  user=root
Apr 12 20:58:50 ovzhost sshd[1286]: pam_unix(sshd:auth): authentication failure; logname= uid=0 euid=0 tty=ssh ruser= rhost=43.255.190.182  user=root
Apr 12 20:58:50 ovzhost sshd[1288]: pam_unix(sshd:auth): authentication failure; logname= uid=0 euid=0 tty=ssh ruser= rhost=43.255.190.182  user=root
Apr 12 20:58:52 ovzhost sshd[1284]: Failed password for root from 43.255.190.190 port 34459 ssh2
Apr 12 20:58:52 ovzhost sshd[1286]: Failed password for root from 43.255.190.182 port 54876 ssh2
Apr 12 20:58:52 ovzhost sshd[1288]: Failed password for root from 43.255.190.182 port 55417 ssh2
Apr 12 20:58:56 ovzhost sshd[1284]: message repeated 2 times: [ Failed password for root from 43.255.190.190 port 34459 ssh2]
Apr 12 20:58:56 ovzhost sshd[1284]: Received disconnect from 43.255.190.190: 11:  [preauth]
Apr 12 20:58:56 ovzhost sshd[1284]: PAM 2 more authentication failures; logname= uid=0 euid=0 tty=ssh ruser= rhost=43.255.190.190  user=root
Apr 12 20:58:56 ovzhost sshd[1286]: message repeated 2 times: [ Failed password for root from 43.255.190.182 port 54876 ssh2]
Apr 12 20:58:56 ovzhost sshd[1286]: Received disconnect from 43.255.190.182: 11:  [preauth]
Apr 12 20:58:56 ovzhost sshd[1286]: PAM 2 more authentication failures; logname= uid=0 euid=0 tty=ssh ruser= rhost=43.255.190.182  user=root
Apr 12 20:58:56 ovzhost sshd[1288]: message repeated 2 times: [ Failed password for root from 43.255.190.182 port 55417 ssh2]
Apr 12 20:58:56 ovzhost sshd[1288]: Received disconnect from 43.255.190.182: 11:  [preauth]
Apr 12 20:58:56 ovzhost sshd[1288]: PAM 2 more authentication failures; logname= uid=0 euid=0 tty=ssh ruser= rhost=43.255.190.182  user=root
Apr 12 20:58:57 ovzhost sshd[1290]: pam_unix(sshd:auth): authentication failure; logname= uid=0 euid=0 tty=ssh ruser= rhost=43.255.190.190  user=root
Apr 12 20:58:57 ovzhost sshd[1292]: pam_unix(sshd:auth): authentication failure; logname= uid=0 euid=0 tty=ssh ruser= rhost=43.255.190.182  user=root
Apr 12 20:58:57 ovzhost sshd[1294]: pam_unix(sshd:auth): authentication failure; logname= uid=0 euid=0 tty=ssh ruser= rhost=43.255.190.182  user=root
Apr 12 20:58:59 ovzhost sshd[1290]: Failed password for root from 43.255.190.190 port 52634 ssh2
Apr 12 20:58:59 ovzhost sshd[1292]: Failed password for root from 43.255.190.182 port 42334 ssh2
Apr 12 20:58:59 ovzhost sshd[1294]: Failed password for root from 43.255.190.182 port 42812 ssh2
Apr 12 20:59:03 ovzhost sshd[1290]: message repeated 2 times: [ Failed password for root from 43.255.190.190 port 52634 ssh2]
Apr 12 20:59:03 ovzhost sshd[1290]: Received disconnect from 43.255.190.190: 11:  [preauth]
Apr 12 20:59:03 ovzhost sshd[1290]: PAM 2 more authentication failures; logname= uid=0 euid=0 tty=ssh ruser= rhost=43.255.190.190  user=root
Apr 12 20:59:03 ovzhost sshd[1292]: message repeated 2 times: [ Failed password for root from 43.255.190.182 port 42334 ssh2]
Apr 12 20:59:03 ovzhost sshd[1292]: Received disconnect from 43.255.190.182: 11:  [preauth]
Apr 12 20:59:03 ovzhost sshd[1292]: PAM 2 more authentication failures; logname= uid=0 euid=0 tty=ssh ruser= rhost=43.255.190.182  user=root
Apr 12 20:59:04 ovzhost sshd[1294]: message repeated 2 times: [ Failed password for root from 43.255.190.182 port 42812 ssh2]
Apr 12 20:59:04 ovzhost sshd[1294]: Received disconnect from 43.255.190.182: 11:  [preauth]
Apr 12 20:59:04 ovzhost sshd[1294]: PAM 2 more authentication failures; logname= uid=0 euid=0 tty=ssh ruser= rhost=43.255.190.182  user=root
Apr 12 20:59:04 ovzhost sshd[1296]: pam_unix(sshd:auth): authentication failure; logname= uid=0 euid=0 tty=ssh ruser= rhost=43.255.190.190  user=root
Apr 12 20:59:04 ovzhost sshd[1298]: pam_unix(sshd:auth): authentication failure; logname= uid=0 euid=0 tty=ssh ruser= rhost=43.255.190.182  user=root
Apr 12 20:59:04 ovzhost sshd[1300]: pam_unix(sshd:auth): authentication failure; logname= uid=0 euid=0 tty=ssh ruser= rhost=43.255.190.182  user=root
Apr 12 20:59:05 ovzhost sshd[1296]: Failed password for root from 43.255.190.190 port 42617 ssh2
Apr 12 20:59:06 ovzhost sshd[1298]: Failed password for root from 43.255.190.182 port 58109 ssh2
Apr 12 20:59:06 ovzhost sshd[1300]: Failed password for root from 43.255.190.182 port 58624 ssh2
Apr 12 20:59:10 ovzhost sshd[1296]: message repeated 2 times: [ Failed password for root from 43.255.190.190 port 42617 ssh2]
Apr 12 20:59:10 ovzhost sshd[1296]: Received disconnect from 43.255.190.190: 11:  [preauth]
Apr 12 20:59:10 ovzhost sshd[1296]: PAM 2 more authentication failures; logname= uid=0 euid=0 tty=ssh ruser= rhost=43.255.190.190  user=root
Apr 12 20:59:11 ovzhost sshd[1298]: message repeated 2 times: [ Failed password for root from 43.255.190.182 port 58109 ssh2]
Apr 12 20:59:11 ovzhost sshd[1298]: Received disconnect from 43.255.190.182: 11:  [preauth]
Apr 12 20:59:11 ovzhost sshd[1298]: PAM 2 more authentication failures; logname= uid=0 euid=0 tty=ssh ruser= rhost=43.255.190.182  user=root
Apr 12 20:59:11 ovzhost sshd[1300]: message repeated 2 times: [ Failed password for root from 43.255.190.182 port 58624 ssh2]
Apr 12 20:59:11 ovzhost sshd[1300]: Received disconnect from 43.255.190.182: 11:  [preauth]
Apr 12 20:59:11 ovzhost sshd[1300]: PAM 2 more authentication failures; logname= uid=0 euid=0 tty=ssh ruser= rhost=43.255.190.182  user=root
Apr 12 20:59:11 ovzhost sshd[1302]: pam_unix(sshd:auth): authentication failure; logname= uid=0 euid=0 tty=ssh ruser= rhost=43.255.190.190  user=root
Apr 12 20:59:11 ovzhost sshd[1304]: pam_unix(sshd:auth): authentication failure; logname= uid=0 euid=0 tty=ssh ruser= rhost=43.255.190.182  user=root
Apr 12 20:59:11 ovzhost sshd[1306]: pam_unix(sshd:auth): authentication failure; logname= uid=0 euid=0 tty=ssh ruser= rhost=43.255.190.182  user=root
Apr 12 20:59:13 ovzhost sshd[1302]: Failed password for root from 43.255.190.190 port 59559 ssh2
Apr 12 20:59:13 ovzhost sshd[1304]: Failed password for root from 43.255.190.182 port 44555 ssh2
Apr 12 20:59:13 ovzhost sshd[1306]: Failed password for root from 43.255.190.182 port 45084 ssh2
Apr 12 20:59:17 ovzhost sshd[1304]: message repeated 2 times: [ Failed password for root from 43.255.190.182 port 44555 ssh2]
Apr 12 20:59:17 ovzhost sshd[1304]: Received disconnect from 43.255.190.182: 11:  [preauth]
Apr 12 20:59:17 ovzhost sshd[1304]: PAM 2 more authentication failures; logname= uid=0 euid=0 tty=ssh ruser= rhost=43.255.190.182  user=root
Apr 12 20:59:17 ovzhost sshd[1306]: message repeated 2 times: [ Failed password for root from 43.255.190.182 port 45084 ssh2]
Apr 12 20:59:17 ovzhost sshd[1306]: Received disconnect from 43.255.190.182: 11:  [preauth]
Apr 12 20:59:17 ovzhost sshd[1306]: PAM 2 more authentication failures; logname= uid=0 euid=0 tty=ssh ruser= rhost=43.255.190.182  user=root
Apr 12 20:59:17 ovzhost sshd[1308]: pam_unix(sshd:auth): authentication failure; logname= uid=0 euid=0 tty=ssh ruser= rhost=43.255.190.182  user=root
Apr 12 20:59:17 ovzhost sshd[1302]: message repeated 2 times: [ Failed password for root from 43.255.190.190 port 59559 ssh2]
Apr 12 20:59:18 ovzhost sshd[1302]: Received disconnect from 43.255.190.190: 11:  [preauth]
Apr 12 20:59:18 ovzhost sshd[1302]: PAM 2 more authentication failures; logname= uid=0 euid=0 tty=ssh ruser= rhost=43.255.190.190  user=root
Apr 12 20:59:18 ovzhost sshd[1310]: pam_unix(sshd:auth): authentication failure; logname= uid=0 euid=0 tty=ssh ruser= rhost=43.255.190.182  user=root
Apr 12 20:59:18 ovzhost sshd[1312]: pam_unix(sshd:auth): authentication failure; logname= uid=0 euid=0 tty=ssh ruser= rhost=43.255.190.190  user=root
Apr 12 20:59:20 ovzhost sshd[1308]: Failed password for root from 43.255.190.182 port 58402 ssh2
Apr 12 20:59:20 ovzhost sshd[1310]: Failed password for root from 43.255.190.182 port 58994 ssh2
Apr 12 20:59:20 ovzhost sshd[1312]: Failed password for root from 43.255.190.190 port 50193 ssh2
Apr 12 20:59:24 ovzhost sshd[1308]: message repeated 2 times: [ Failed password for root from 43.255.190.182 port 58402 ssh2]
Apr 12 20:59:24 ovzhost sshd[1308]: Received disconnect from 43.255.190.182: 11:  [preauth]
Apr 12 20:59:24 ovzhost sshd[1308]: PAM 2 more authentication failures; logname= uid=0 euid=0 tty=ssh ruser= rhost=43.255.190.182  user=root
Apr 12 20:59:24 ovzhost sshd[1310]: message repeated 2 times: [ Failed password for root from 43.255.190.182 port 58994 ssh2]
Apr 12 20:59:24 ovzhost sshd[1310]: Received disconnect from 43.255.190.182: 11:  [preauth]
Apr 12 20:59:24 ovzhost sshd[1310]: PAM 2 more authentication failures; logname= uid=0 euid=0 tty=ssh ruser= rhost=43.255.190.182  user=root
Apr 12 20:59:25 ovzhost sshd[1312]: message repeated 2 times: [ Failed password for root from 43.255.190.190 port 50193 ssh2]
Apr 12 20:59:25 ovzhost sshd[1312]: Received disconnect from 43.255.190.190: 11:  [preauth]
Apr 12 20:59:25 ovzhost sshd[1312]: PAM 2 more authentication failures; logname= uid=0 euid=0 tty=ssh ruser= rhost=43.255.190.190  user=root
Apr 12 20:59:25 ovzhost sshd[1316]: pam_unix(sshd:auth): authentication failure; logname= uid=0 euid=0 tty=ssh ruser= rhost=43.255.190.182  user=root
Apr 12 20:59:25 ovzhost sshd[1318]: pam_unix(sshd:auth): authentication failure; logname= uid=0 euid=0 tty=ssh ruser= rhost=43.255.190.182  user=root
Apr 12 20:59:26 ovzhost sshd[1320]: pam_unix(sshd:auth): authentication failure; logname= uid=0 euid=0 tty=ssh ruser= rhost=43.255.190.190  user=root
Apr 12 20:59:27 ovzhost sshd[1316]: Failed password for root from 43.255.190.182 port 47022 ssh2
Apr 12 20:59:27 ovzhost sshd[1318]: Failed password for root from 43.255.190.182 port 47241 ssh2
Apr 12 20:59:28 ovzhost sshd[1320]: Failed password for root from 43.255.190.190 port 39609 ssh2
Apr 12 20:59:31 ovzhost sshd[1316]: message repeated 2 times: [ Failed password for root from 43.255.190.182 port 47022 ssh2]
Apr 12 20:59:31 ovzhost sshd[1316]: Received disconnect from 43.255.190.182: 11:  [preauth]
Apr 12 20:59:31 ovzhost sshd[1316]: PAM 2 more authentication failures; logname= uid=0 euid=0 tty=ssh ruser= rhost=43.255.190.182  user=root
Apr 12 20:59:31 ovzhost sshd[1318]: message repeated 2 times: [ Failed password for root from 43.255.190.182 port 47241 ssh2]
Apr 12 20:59:31 ovzhost sshd[1318]: Received disconnect from 43.255.190.182: 11:  [preauth]
Apr 12 20:59:31 ovzhost sshd[1318]: PAM 2 more authentication failures; logname= uid=0 euid=0 tty=ssh ruser= rhost=43.255.190.182  user=root
Apr 12 20:59:32 ovzhost sshd[1322]: pam_unix(sshd:auth): authentication failure; logname= uid=0 euid=0 tty=ssh ruser= rhost=43.255.190.182  user=root
Apr 12 20:59:32 ovzhost sshd[1324]: pam_unix(sshd:auth): authentication failure; logname= uid=0 euid=0 tty=ssh ruser= rhost=43.255.190.182  user=root
Apr 12 20:59:32 ovzhost sshd[1320]: message repeated 2 times: [ Failed password for root from 43.255.190.190 port 39609 ssh2]
Apr 12 20:59:32 ovzhost sshd[1320]: Received disconnect from 43.255.190.190: 11:  [preauth]
Apr 12 20:59:32 ovzhost sshd[1320]: PAM 2 more authentication failures; logname= uid=0 euid=0 tty=ssh ruser= rhost=43.255.190.190  user=root
Apr 12 20:59:33 ovzhost sshd[1326]: pam_unix(sshd:auth): authentication failure; logname= uid=0 euid=0 tty=ssh ruser= rhost=43.255.190.190  user=root
Apr 12 20:59:34 ovzhost sshd[1322]: Failed password for root from 43.255.190.182 port 33615 ssh2
Apr 12 20:59:35 ovzhost sshd[1324]: Failed password for root from 43.255.190.182 port 33916 ssh2
Apr 12 20:59:35 ovzhost sshd[1326]: Failed password for root from 43.255.190.190 port 56813 ssh2
Apr 12 20:59:38 ovzhost sshd[1322]: message repeated 2 times: [ Failed password for root from 43.255.190.182 port 33615 ssh2]
Apr 12 20:59:39 ovzhost sshd[1322]: Received disconnect from 43.255.190.182: 11:  [preauth]
Apr 12 20:59:39 ovzhost sshd[1322]: PAM 2 more authentication failures; logname= uid=0 euid=0 tty=ssh ruser= rhost=43.255.190.182  user=root
Apr 12 20:59:39 ovzhost sshd[1324]: message repeated 2 times: [ Failed password for root from 43.255.190.182 port 33916 ssh2]
Apr 12 20:59:39 ovzhost sshd[1324]: Received disconnect from 43.255.190.182: 11:  [preauth]
Apr 12 20:59:39 ovzhost sshd[1324]: PAM 2 more authentication failures; logname= uid=0 euid=0 tty=ssh ruser= rhost=43.255.190.182  user=root
Apr 12 20:59:39 ovzhost sshd[1326]: message repeated 2 times: [ Failed password for root from 43.255.190.190 port 56813 ssh2]
Apr 12 20:59:39 ovzhost sshd[1326]: Received disconnect from 43.255.190.190: 11:  [preauth]
Apr 12 20:59:39 ovzhost sshd[1326]: PAM 2 more authentication failures; logname= uid=0 euid=0 tty=ssh ruser= rhost=43.255.190.190  user=root
Apr 12 20:59:39 ovzhost sshd[1328]: pam_unix(sshd:auth): authentication failure; logname= uid=0 euid=0 tty=ssh ruser= rhost=43.255.190.182  user=root
Apr 12 20:59:39 ovzhost sshd[1330]: pam_unix(sshd:auth): authentication failure; logname= uid=0 euid=0 tty=ssh ruser= rhost=43.255.190.182  user=root
Apr 12 20:59:39 ovzhost sshd[1332]: pam_unix(sshd:auth): authentication failure; logname= uid=0 euid=0 tty=ssh ruser= rhost=43.255.190.190  user=root
Apr 12 20:59:41 ovzhost sshd[1328]: Failed password for root from 43.255.190.182 port 50630 ssh2
Apr 12 20:59:41 ovzhost sshd[1330]: Failed password for root from 43.255.190.182 port 51390 ssh2
Apr 12 20:59:41 ovzhost sshd[1332]: Failed password for root from 43.255.190.190 port 44065 ssh2
Apr 12 20:59:45 ovzhost sshd[1328]: message repeated 2 times: [ Failed password for root from 43.255.190.182 port 50630 ssh2]
Apr 12 20:59:45 ovzhost sshd[1328]: Received disconnect from 43.255.190.182: 11:  [preauth]
Apr 12 20:59:45 ovzhost sshd[1328]: PAM 2 more authentication failures; logname= uid=0 euid=0 tty=ssh ruser= rhost=43.255.190.182  user=root
Apr 12 20:59:46 ovzhost sshd[1330]: message repeated 2 times: [ Failed password for root from 43.255.190.182 port 51390 ssh2]
Apr 12 20:59:46 ovzhost sshd[1330]: Received disconnect from 43.255.190.182: 11:  [preauth]
Apr 12 20:59:46 ovzhost sshd[1330]: PAM 2 more authentication failures; logname= uid=0 euid=0 tty=ssh ruser= rhost=43.255.190.182  user=root
Apr 12 20:59:46 ovzhost sshd[1332]: message repeated 2 times: [ Failed password for root from 43.255.190.190 port 44065 ssh2]
Apr 12 20:59:46 ovzhost sshd[1332]: Received disconnect from 43.255.190.190: 11:  [preauth]
Apr 12 20:59:46 ovzhost sshd[1332]: PAM 2 more authentication failures; logname= uid=0 euid=0 tty=ssh ruser= rhost=43.255.190.190  user=root
Apr 12 20:59:46 ovzhost sshd[1334]: pam_unix(sshd:auth): authentication failure; logname= uid=0 euid=0 tty=ssh ruser= rhost=43.255.190.182  user=root
Apr 12 20:59:46 ovzhost sshd[1338]: pam_unix(sshd:auth): authentication failure; logname= uid=0 euid=0 tty=ssh ruser= rhost=43.255.190.190  user=root
Apr 12 20:59:46 ovzhost sshd[1336]: pam_unix(sshd:auth): authentication failure; logname= uid=0 euid=0 tty=ssh ruser= rhost=43.255.190.182  user=root
Apr 12 20:59:48 ovzhost sshd[1334]: Failed password for root from 43.255.190.182 port 38587 ssh2
Apr 12 20:59:49 ovzhost sshd[1338]: Failed password for root from 43.255.190.190 port 60359 ssh2
Apr 12 20:59:49 ovzhost sshd[1336]: Failed password for root from 43.255.190.182 port 39536 ssh2
Apr 12 20:59:52 ovzhost sshd[1341]: pam_unix(sshd:auth): authentication failure; logname= uid=0 euid=0 tty=ssh ruser= rhost=128.134.54.57  user=root
Apr 12 20:59:52 ovzhost sshd[1334]: message repeated 2 times: [ Failed password for root from 43.255.190.182 port 38587 ssh2]
Apr 12 20:59:52 ovzhost sshd[1334]: Received disconnect from 43.255.190.182: 11:  [preauth]
Apr 12 20:59:52 ovzhost sshd[1334]: PAM 2 more authentication failures; logname= uid=0 euid=0 tty=ssh ruser= rhost=43.255.190.182  user=root
Apr 12 20:59:53 ovzhost sshd[1338]: message repeated 2 times: [ Failed password for root from 43.255.190.190 port 60359 ssh2]
Apr 12 20:59:53 ovzhost sshd[1338]: Received disconnect from 43.255.190.190: 11:  [preauth]
Apr 12 20:59:53 ovzhost sshd[1338]: PAM 2 more authentication failures; logname= uid=0 euid=0 tty=ssh ruser= rhost=43.255.190.190  user=root
Apr 12 20:59:53 ovzhost sshd[1336]: message repeated 2 times: [ Failed password for root from 43.255.190.182 port 39536 ssh2]
Apr 12 20:59:53 ovzhost sshd[1336]: Received disconnect from 43.255.190.182: 11:  [preauth]
Apr 12 20:59:53 ovzhost sshd[1336]: PAM 2 more authentication failures; logname= uid=0 euid=0 tty=ssh ruser= rhost=43.255.190.182  user=root
Apr 12 20:59:53 ovzhost sshd[1343]: pam_unix(sshd:auth): authentication failure; logname= uid=0 euid=0 tty=ssh ruser= rhost=43.255.190.182  user=root
Apr 12 20:59:53 ovzhost sshd[1345]: pam_unix(sshd:auth): authentication failure; logname= uid=0 euid=0 tty=ssh ruser= rhost=43.255.190.190  user=root
Apr 12 20:59:53 ovzhost sshd[1346]: pam_unix(sshd:auth): authentication failure; logname= uid=0 euid=0 tty=ssh ruser= rhost=43.255.190.182  user=root
Apr 12 20:59:54 ovzhost sshd[1341]: Failed password for root from 128.134.54.57 port 36862 ssh2
Apr 12 20:59:55 ovzhost sshd[1343]: Failed password for root from 43.255.190.182 port 54659 ssh2
Apr 12 20:59:55 ovzhost sshd[1345]: Failed password for root from 43.255.190.190 port 50380 ssh2
Apr 12 20:59:55 ovzhost sshd[1346]: Failed password for root from 43.255.190.182 port 55868 ssh2
Apr 12 20:59:59 ovzhost sshd[1341]: message repeated 2 times: [ Failed password for root from 128.134.54.57 port 36862 ssh2]
Apr 12 20:59:59 ovzhost sshd[1341]: Connection closed by 128.134.54.57 [preauth]
Apr 12 20:59:59 ovzhost sshd[1341]: PAM 2 more authentication failures; logname= uid=0 euid=0 tty=ssh ruser= rhost=128.134.54.57  user=root
Apr 12 21:00:00 ovzhost sshd[1343]: message repeated 2 times: [ Failed password for root from 43.255.190.182 port 54659 ssh2]
Apr 12 21:00:00 ovzhost sshd[1343]: Received disconnect from 43.255.190.182: 11:  [preauth]
Apr 12 21:00:00 ovzhost sshd[1343]: PAM 2 more authentication failures; logname= uid=0 euid=0 tty=ssh ruser= rhost=43.255.190.182  user=root
Apr 12 21:00:00 ovzhost sshd[1345]: message repeated 2 times: [ Failed password for root from 43.255.190.190 port 50380 ssh2]
Apr 12 21:00:00 ovzhost sshd[1345]: Received disconnect from 43.255.190.190: 11:  [preauth]
Apr 12 21:00:00 ovzhost sshd[1345]: PAM 2 more authentication failures; logname= uid=0 euid=0 tty=ssh ruser= rhost=43.255.190.190  user=root
Apr 12 21:00:00 ovzhost sshd[1346]: message repeated 2 times: [ Failed password for root from 43.255.190.182 port 55868 ssh2]
Apr 12 21:00:00 ovzhost sshd[1346]: Received disconnect from 43.255.190.182: 11:  [preauth]
Apr 12 21:00:00 ovzhost sshd[1346]: PAM 2 more authentication failures; logname= uid=0 euid=0 tty=ssh ruser= rhost=43.255.190.182  user=root
Apr 12 21:00:01 ovzhost sshd[1349]: pam_unix(sshd:auth): authentication failure; logname= uid=0 euid=0 tty=ssh ruser= rhost=43.255.190.182  user=root
Apr 12 21:00:01 ovzhost sshd[1351]: pam_unix(sshd:auth): authentication failure; logname= uid=0 euid=0 tty=ssh ruser= rhost=43.255.190.190  user=root
Apr 12 21:00:01 ovzhost sshd[1353]: pam_unix(sshd:auth): authentication failure; logname= uid=0 euid=0 tty=ssh ruser= rhost=43.255.190.182  user=root
Apr 12 21:00:01 ovzhost CRON[1355]: pam_env(cron:session): Unable to open env file: /etc/default/locale: No such file or directory
Apr 12 21:00:01 ovzhost CRON[1355]: pam_unix(cron:session): session opened for user smmsp by (uid=0)
Apr 12 21:00:01 ovzhost CRON[1355]: pam_unix(cron:session): session closed for user smmsp
Apr 12 21:00:02 ovzhost sshd[1349]: Failed password for root from 43.255.190.182 port 42700 ssh2
Apr 12 21:00:03 ovzhost sshd[1351]: Failed password for root from 43.255.190.190 port 42437 ssh2
Apr 12 21:00:03 ovzhost sshd[1353]: Failed password for root from 43.255.190.182 port 43860 ssh2
Apr 12 21:00:07 ovzhost sshd[1351]: message repeated 2 times: [ Failed password for root from 43.255.190.190 port 42437 ssh2]
Apr 12 21:00:07 ovzhost sshd[1351]: Received disconnect from 43.255.190.190: 11:  [preauth]
Apr 12 21:00:07 ovzhost sshd[1351]: PAM 2 more authentication failures; logname= uid=0 euid=0 tty=ssh ruser= rhost=43.255.190.190  user=root
Apr 12 21:00:07 ovzhost sshd[1349]: message repeated 2 times: [ Failed password for root from 43.255.190.182 port 42700 ssh2]
Apr 12 21:00:07 ovzhost sshd[1349]: Received disconnect from 43.255.190.182: 11:  [preauth]
Apr 12 21:00:07 ovzhost sshd[1349]: PAM 2 more authentication failures; logname= uid=0 euid=0 tty=ssh ruser= rhost=43.255.190.182  user=root
Apr 12 21:00:07 ovzhost sshd[1353]: message repeated 2 times: [ Failed password for root from 43.255.190.182 port 43860 ssh2]
Apr 12 21:00:07 ovzhost sshd[1353]: Received disconnect from 43.255.190.182: 11:  [preauth]
Apr 12 21:00:07 ovzhost sshd[1353]: PAM 2 more authentication failures; logname= uid=0 euid=0 tty=ssh ruser= rhost=43.255.190.182  user=root
Apr 12 21:00:07 ovzhost sshd[1383]: pam_unix(sshd:auth): authentication failure; logname= uid=0 euid=0 tty=ssh ruser= rhost=43.255.190.190  user=root
Apr 12 21:00:07 ovzhost sshd[1384]: pam_unix(sshd:auth): authentication failure; logname= uid=0 euid=0 tty=ssh ruser= rhost=43.255.190.182  user=root
Apr 12 21:00:07 ovzhost sshd[1387]: pam_unix(sshd:auth): authentication failure; logname= uid=0 euid=0 tty=ssh ruser= rhost=43.255.190.182  user=root
Apr 12 21:00:10 ovzhost sshd[1383]: Failed password for root from 43.255.190.190 port 59982 ssh2
Apr 12 21:00:10 ovzhost sshd[1387]: Failed password for root from 43.255.190.182 port 57982 ssh2
Apr 12 21:00:10 ovzhost sshd[1384]: Failed password for root from 43.255.190.182 port 57906 ssh2
Apr 12 21:00:14 ovzhost sshd[1383]: message repeated 2 times: [ Failed password for root from 43.255.190.190 port 59982 ssh2]
Apr 12 21:00:14 ovzhost sshd[1383]: Received disconnect from 43.255.190.190: 11:  [preauth]
Apr 12 21:00:14 ovzhost sshd[1383]: PAM 2 more authentication failures; logname= uid=0 euid=0 tty=ssh ruser= rhost=43.255.190.190  user=root
Apr 12 21:00:14 ovzhost sshd[1387]: message repeated 2 times: [ Failed password for root from 43.255.190.182 port 57982 ssh2]
Apr 12 21:00:14 ovzhost sshd[1387]: Received disconnect from 43.255.190.182: 11:  [preauth]
Apr 12 21:00:14 ovzhost sshd[1387]: PAM 2 more authentication failures; logname= uid=0 euid=0 tty=ssh ruser= rhost=43.255.190.182  user=root
Apr 12 21:00:14 ovzhost sshd[1384]: message repeated 2 times: [ Failed password for root from 43.255.190.182 port 57906 ssh2]
Apr 12 21:00:14 ovzhost sshd[1384]: Received disconnect from 43.255.190.182: 11:  [preauth]
Apr 12 21:00:14 ovzhost sshd[1384]: PAM 2 more authentication failures; logname= uid=0 euid=0 tty=ssh ruser= rhost=43.255.190.182  user=root
Apr 12 21:00:14 ovzhost sshd[1391]: pam_unix(sshd:auth): authentication failure; logname= uid=0 euid=0 tty=ssh ruser= rhost=43.255.190.190  user=root
Apr 12 21:00:15 ovzhost sshd[1393]: pam_unix(sshd:auth): authentication failure; logname= uid=0 euid=0 tty=ssh ruser= rhost=43.255.190.182  user=root
Apr 12 21:00:15 ovzhost sshd[1394]: pam_unix(sshd:auth): authentication failure; logname= uid=0 euid=0 tty=ssh ruser= rhost=43.255.190.182  user=root
Apr 12 21:00:16 ovzhost sshd[1393]: Failed password for root from 43.255.190.182 port 45434 ssh2
Apr 12 21:00:16 ovzhost sshd[1394]: Failed password for root from 43.255.190.182 port 45448 ssh2
Apr 12 21:00:17 ovzhost sshd[1391]: Failed password for root from 43.255.190.190 port 49514 ssh2
Apr 12 21:00:21 ovzhost sshd[1391]: message repeated 2 times: [ Failed password for root from 43.255.190.190 port 49514 ssh2]
Apr 12 21:00:21 ovzhost sshd[1391]: Received disconnect from 43.255.190.190: 11:  [preauth]
Apr 12 21:00:21 ovzhost sshd[1391]: PAM 2 more authentication failures; logname= uid=0 euid=0 tty=ssh ruser= rhost=43.255.190.190  user=root
Apr 12 21:00:21 ovzhost sshd[1393]: message repeated 2 times: [ Failed password for root from 43.255.190.182 port 45434 ssh2]
Apr 12 21:00:21 ovzhost sshd[1393]: Received disconnect from 43.255.190.182: 11:  [preauth]
Apr 12 21:00:21 ovzhost sshd[1393]: PAM 2 more authentication failures; logname= uid=0 euid=0 tty=ssh ruser= rhost=43.255.190.182  user=root
Apr 12 21:00:21 ovzhost sshd[1394]: message repeated 2 times: [ Failed password for root from 43.255.190.182 port 45448 ssh2]
Apr 12 21:00:21 ovzhost sshd[1394]: Received disconnect from 43.255.190.182: 11:  [preauth]
Apr 12 21:00:21 ovzhost sshd[1394]: PAM 2 more authentication failures; logname= uid=0 euid=0 tty=ssh ruser= rhost=43.255.190.182  user=root
Apr 12 21:00:22 ovzhost sshd[1398]: pam_unix(sshd:auth): authentication failure; logname= uid=0 euid=0 tty=ssh ruser= rhost=43.255.190.190  user=root
Apr 12 21:00:22 ovzhost sshd[1400]: pam_unix(sshd:auth): authentication failure; logname= uid=0 euid=0 tty=ssh ruser= rhost=43.255.190.182  user=root
Apr 12 21:00:22 ovzhost sshd[1401]: pam_unix(sshd:auth): authentication failure; logname= uid=0 euid=0 tty=ssh ruser= rhost=43.255.190.182  user=root
Apr 12 21:00:23 ovzhost sshd[1398]: Failed password for root from 43.255.190.190 port 39907 ssh2
Apr 12 21:00:23 ovzhost sshd[1400]: Failed password for root from 43.255.190.182 port 32813 ssh2
Apr 12 21:00:23 ovzhost sshd[1401]: Failed password for root from 43.255.190.182 port 32817 ssh2
Apr 12 21:00:27 ovzhost sshd[1398]: message repeated 2 times: [ Failed password for root from 43.255.190.190 port 39907 ssh2]
Apr 12 21:00:27 ovzhost sshd[1398]: Received disconnect from 43.255.190.190: 11:  [preauth]
Apr 12 21:00:27 ovzhost sshd[1398]: PAM 2 more authentication failures; logname= uid=0 euid=0 tty=ssh ruser= rhost=43.255.190.190  user=root
Apr 12 21:00:27 ovzhost sshd[1400]: message repeated 2 times: [ Failed password for root from 43.255.190.182 port 32813 ssh2]
Apr 12 21:00:27 ovzhost sshd[1400]: Received disconnect from 43.255.190.182: 11:  [preauth]
Apr 12 21:00:27 ovzhost sshd[1400]: PAM 2 more authentication failures; logname= uid=0 euid=0 tty=ssh ruser= rhost=43.255.190.182  user=root
Apr 12 21:00:27 ovzhost sshd[1401]: message repeated 2 times: [ Failed password for root from 43.255.190.182 port 32817 ssh2]
Apr 12 21:00:27 ovzhost sshd[1401]: Received disconnect from 43.255.190.182: 11:  [preauth]
Apr 12 21:00:27 ovzhost sshd[1401]: PAM 2 more authentication failures; logname= uid=0 euid=0 tty=ssh ruser= rhost=43.255.190.182  user=root
Apr 12 21:00:51 ovzhost sshd[1405]: Connection closed by 128.8.37.104 [preauth]
Apr 12 21:01:08 ovzhost sshd[1408]: Connection closed by 127.0.0.1 [preauth]
Apr 12 21:06:08 ovzhost sshd[1428]: Connection closed by 127.0.0.1 [preauth]
Apr 12 21:09:01 ovzhost CRON[1443]: pam_env(cron:session): Unable to open env file: /etc/default/locale: No such file or directory
Apr 12 21:09:01 ovzhost CRON[1442]: pam_env(cron:session): Unable to open env file: /etc/default/locale: No such file or directory
Apr 12 21:09:01 ovzhost CRON[1442]: pam_unix(cron:session): session opened for user root by (uid=0)
Apr 12 21:09:01 ovzhost CRON[1443]: pam_unix(cron:session): session opened for user root by (uid=0)
Apr 12 21:09:01 ovzhost CRON[1442]: pam_unix(cron:session): session closed for user root
Apr 12 21:09:01 ovzhost CRON[1443]: pam_unix(cron:session): session closed for user root
Apr 12 21:10:51 ovzhost sshd[1465]: Connection closed by 128.8.37.104 [preauth]
Apr 12 21:11:08 ovzhost sshd[1468]: Connection closed by 127.0.0.1 [preauth]
Apr 12 21:16:08 ovzhost sshd[1487]: Connection closed by 127.0.0.1 [preauth]
Apr 12 21:17:50 ovzhost sshd[1495]: pam_unix(sshd:auth): authentication failure; logname= uid=0 euid=0 tty=ssh ruser= rhost=43.255.190.166  user=root
Apr 12 21:17:52 ovzhost sshd[1497]: pam_unix(sshd:auth): authentication failure; logname= uid=0 euid=0 tty=ssh ruser= rhost=43.255.190.166  user=root
Apr 12 21:17:52 ovzhost sshd[1495]: Failed password for root from 43.255.190.166 port 33653 ssh2
Apr 12 21:17:54 ovzhost sshd[1497]: Failed password for root from 43.255.190.166 port 37911 ssh2
Apr 12 21:17:56 ovzhost sshd[1499]: pam_unix(sshd:auth): authentication failure; logname= uid=0 euid=0 tty=ssh ruser= rhost=43.255.190.142  user=root
Apr 12 21:17:57 ovzhost sshd[1495]: message repeated 2 times: [ Failed password for root from 43.255.190.166 port 33653 ssh2]
Apr 12 21:17:57 ovzhost sshd[1495]: Received disconnect from 43.255.190.166: 11:  [preauth]
Apr 12 21:17:57 ovzhost sshd[1495]: PAM 2 more authentication failures; logname= uid=0 euid=0 tty=ssh ruser= rhost=43.255.190.166  user=root
Apr 12 21:17:58 ovzhost sshd[1501]: pam_unix(sshd:auth): authentication failure; logname= uid=0 euid=0 tty=ssh ruser= rhost=43.255.190.166  user=root
Apr 12 21:17:58 ovzhost sshd[1499]: Failed password for root from 43.255.190.142 port 43574 ssh2
Apr 12 21:17:59 ovzhost sshd[1497]: message repeated 2 times: [ Failed password for root from 43.255.190.166 port 37911 ssh2]
Apr 12 21:17:59 ovzhost sshd[1497]: Received disconnect from 43.255.190.166: 11:  [preauth]
Apr 12 21:17:59 ovzhost sshd[1497]: PAM 2 more authentication failures; logname= uid=0 euid=0 tty=ssh ruser= rhost=43.255.190.166  user=root
Apr 12 21:17:59 ovzhost sshd[1503]: pam_unix(sshd:auth): authentication failure; logname= uid=0 euid=0 tty=ssh ruser= rhost=43.255.190.166  user=root
Apr 12 21:18:00 ovzhost sshd[1501]: Failed password for root from 43.255.190.166 port 51748 ssh2
Apr 12 21:18:02 ovzhost sshd[1503]: Failed password for root from 43.255.190.166 port 55678 ssh2
Apr 12 21:18:02 ovzhost sshd[1499]: message repeated 2 times: [ Failed password for root from 43.255.190.142 port 43574 ssh2]
Apr 12 21:18:02 ovzhost sshd[1499]: Received disconnect from 43.255.190.142: 11:  [preauth]
Apr 12 21:18:02 ovzhost sshd[1499]: PAM 2 more authentication failures; logname= uid=0 euid=0 tty=ssh ruser= rhost=43.255.190.142  user=root
Apr 12 21:18:03 ovzhost sshd[1505]: pam_unix(sshd:auth): authentication failure; logname= uid=0 euid=0 tty=ssh ruser= rhost=43.255.190.142  user=root
Apr 12 21:18:04 ovzhost sshd[1501]: message repeated 2 times: [ Failed password for root from 43.255.190.166 port 51748 ssh2]
Apr 12 21:18:04 ovzhost sshd[1501]: Received disconnect from 43.255.190.166: 11:  [preauth]
Apr 12 21:18:04 ovzhost sshd[1501]: PAM 2 more authentication failures; logname= uid=0 euid=0 tty=ssh ruser= rhost=43.255.190.166  user=root
Apr 12 21:18:05 ovzhost sshd[1507]: pam_unix(sshd:auth): authentication failure; logname= uid=0 euid=0 tty=ssh ruser= rhost=43.255.190.166  user=root
Apr 12 21:18:05 ovzhost sshd[1505]: Failed password for root from 43.255.190.142 port 35946 ssh2
Apr 12 21:18:06 ovzhost sshd[1503]: message repeated 2 times: [ Failed password for root from 43.255.190.166 port 55678 ssh2]
Apr 12 21:18:06 ovzhost sshd[1503]: Received disconnect from 43.255.190.166: 11:  [preauth]
Apr 12 21:18:06 ovzhost sshd[1503]: PAM 2 more authentication failures; logname= uid=0 euid=0 tty=ssh ruser= rhost=43.255.190.166  user=root
Apr 12 21:18:06 ovzhost sshd[1509]: pam_unix(sshd:auth): authentication failure; logname= uid=0 euid=0 tty=ssh ruser= rhost=43.255.190.166  user=root
Apr 12 21:18:07 ovzhost sshd[1507]: Failed password for root from 43.255.190.166 port 41735 ssh2
Apr 12 21:18:09 ovzhost sshd[1509]: Failed password for root from 43.255.190.166 port 46466 ssh2
Apr 12 21:18:10 ovzhost sshd[1505]: message repeated 2 times: [ Failed password for root from 43.255.190.142 port 35946 ssh2]
Apr 12 21:18:10 ovzhost sshd[1505]: Received disconnect from 43.255.190.142: 11:  [preauth]
Apr 12 21:18:10 ovzhost sshd[1505]: PAM 2 more authentication failures; logname= uid=0 euid=0 tty=ssh ruser= rhost=43.255.190.142  user=root
Apr 12 21:18:10 ovzhost sshd[1512]: pam_unix(sshd:auth): authentication failure; logname= uid=0 euid=0 tty=ssh ruser= rhost=43.255.190.142  user=root
Apr 12 21:18:11 ovzhost sshd[1507]: message repeated 2 times: [ Failed password for root from 43.255.190.166 port 41735 ssh2]
Apr 12 21:18:11 ovzhost sshd[1507]: Received disconnect from 43.255.190.166: 11:  [preauth]
Apr 12 21:18:11 ovzhost sshd[1507]: PAM 2 more authentication failures; logname= uid=0 euid=0 tty=ssh ruser= rhost=43.255.190.166  user=root
Apr 12 21:18:11 ovzhost sshd[1514]: pam_unix(sshd:auth): authentication failure; logname= uid=0 euid=0 tty=ssh ruser= rhost=43.255.190.166  user=root
Apr 12 21:18:13 ovzhost sshd[1512]: Failed password for root from 43.255.190.142 port 57167 ssh2
Apr 12 21:18:13 ovzhost sshd[1509]: message repeated 2 times: [ Failed password for root from 43.255.190.166 port 46466 ssh2]
Apr 12 21:18:13 ovzhost sshd[1509]: Received disconnect from 43.255.190.166: 11:  [preauth]
Apr 12 21:18:13 ovzhost sshd[1509]: PAM 2 more authentication failures; logname= uid=0 euid=0 tty=ssh ruser= rhost=43.255.190.166  user=root
Apr 12 21:18:13 ovzhost sshd[1514]: Failed password for root from 43.255.190.166 port 59488 ssh2
Apr 12 21:18:13 ovzhost sshd[1516]: pam_unix(sshd:auth): authentication failure; logname= uid=0 euid=0 tty=ssh ruser= rhost=43.255.190.166  user=root
Apr 12 21:18:16 ovzhost sshd[1516]: Failed password for root from 43.255.190.166 port 36771 ssh2
Apr 12 21:18:18 ovzhost sshd[1512]: message repeated 2 times: [ Failed password for root from 43.255.190.142 port 57167 ssh2]
Apr 12 21:18:18 ovzhost sshd[1512]: Received disconnect from 43.255.190.142: 11:  [preauth]
Apr 12 21:18:18 ovzhost sshd[1512]: PAM 2 more authentication failures; logname= uid=0 euid=0 tty=ssh ruser= rhost=43.255.190.142  user=root
Apr 12 21:18:18 ovzhost sshd[1519]: pam_unix(sshd:auth): authentication failure; logname= uid=0 euid=0 tty=ssh ruser= rhost=43.255.190.142  user=root
Apr 12 21:18:18 ovzhost sshd[1514]: message repeated 2 times: [ Failed password for root from 43.255.190.166 port 59488 ssh2]
Apr 12 21:18:19 ovzhost sshd[1514]: Received disconnect from 43.255.190.166: 11:  [preauth]
Apr 12 21:18:19 ovzhost sshd[1514]: PAM 2 more authentication failures; logname= uid=0 euid=0 tty=ssh ruser= rhost=43.255.190.166  user=root
Apr 12 21:18:19 ovzhost sshd[1521]: pam_unix(sshd:auth): authentication failure; logname= uid=0 euid=0 tty=ssh ruser= rhost=43.255.190.166  user=root
Apr 12 21:18:21 ovzhost sshd[1519]: Failed password for root from 43.255.190.142 port 49207 ssh2
Apr 12 21:18:21 ovzhost sshd[1516]: message repeated 2 times: [ Failed password for root from 43.255.190.166 port 36771 ssh2]
Apr 12 21:18:21 ovzhost sshd[1516]: Received disconnect from 43.255.190.166: 11:  [preauth]
Apr 12 21:18:21 ovzhost sshd[1516]: PAM 2 more authentication failures; logname= uid=0 euid=0 tty=ssh ruser= rhost=43.255.190.166  user=root
Apr 12 21:18:21 ovzhost sshd[1521]: Failed password for root from 43.255.190.166 port 51460 ssh2
Apr 12 21:18:22 ovzhost sshd[1523]: pam_unix(sshd:auth): authentication failure; logname= uid=0 euid=0 tty=ssh ruser= rhost=43.255.190.166  user=root
Apr 12 21:18:24 ovzhost sshd[1523]: Failed password for root from 43.255.190.166 port 57881 ssh2
Apr 12 21:18:25 ovzhost sshd[1519]: message repeated 2 times: [ Failed password for root from 43.255.190.142 port 49207 ssh2]
Apr 12 21:18:25 ovzhost sshd[1519]: Received disconnect from 43.255.190.142: 11:  [preauth]
Apr 12 21:18:25 ovzhost sshd[1519]: PAM 2 more authentication failures; logname= uid=0 euid=0 tty=ssh ruser= rhost=43.255.190.142  user=root
Apr 12 21:18:26 ovzhost sshd[1525]: pam_unix(sshd:auth): authentication failure; logname= uid=0 euid=0 tty=ssh ruser= rhost=43.255.190.142  user=root
Apr 12 21:18:26 ovzhost sshd[1521]: message repeated 2 times: [ Failed password for root from 43.255.190.166 port 51460 ssh2]
Apr 12 21:18:26 ovzhost sshd[1521]: Received disconnect from 43.255.190.166: 11:  [preauth]
Apr 12 21:18:26 ovzhost sshd[1521]: PAM 2 more authentication failures; logname= uid=0 euid=0 tty=ssh ruser= rhost=43.255.190.166  user=root
Apr 12 21:18:27 ovzhost sshd[1527]: pam_unix(sshd:auth): authentication failure; logname= uid=0 euid=0 tty=ssh ruser= rhost=43.255.190.166  user=root
Apr 12 21:18:28 ovzhost sshd[1525]: Failed password for root from 43.255.190.142 port 40130 ssh2
Apr 12 21:18:28 ovzhost sshd[1523]: message repeated 2 times: [ Failed password for root from 43.255.190.166 port 57881 ssh2]
Apr 12 21:18:29 ovzhost sshd[1523]: Received disconnect from 43.255.190.166: 11:  [preauth]
Apr 12 21:18:29 ovzhost sshd[1523]: PAM 2 more authentication failures; logname= uid=0 euid=0 tty=ssh ruser= rhost=43.255.190.166  user=root
Apr 12 21:18:29 ovzhost sshd[1527]: Failed password for root from 43.255.190.166 port 43314 ssh2
Apr 12 21:18:29 ovzhost sshd[1529]: pam_unix(sshd:auth): authentication failure; logname= uid=0 euid=0 tty=ssh ruser= rhost=43.255.190.166  user=root
Apr 12 21:18:32 ovzhost sshd[1529]: Failed password for root from 43.255.190.166 port 49086 ssh2
