Mar 31 17:16:56 ovzhost sudo:     root : unable to resolve host ovzhost
Mar 31 17:16:56 ovzhost sudo:     root : TTY=pts/0 ; PWD=/ ; USER=root ; COMMAND=/usr/bin/less /root/.bash_history
Mar 31 17:16:56 ovzhost sudo: pam_unix(sudo:session): session opened for user root by (uid=0)
Mar 31 17:16:57 ovzhost sudo: pam_unix(sudo:session): session closed for user root
Apr  2 14:31:13 ovzhost sshd[419]: Server listening on 0.0.0.0 port 22.
Apr  2 14:31:13 ovzhost sshd[419]: Server listening on :: port 22.
Apr  2 14:31:13 ovzhost saslauthd[637]: detach_tty      : master pid is: 637
Apr  2 14:31:13 ovzhost saslauthd[637]: ipc_init        : listening on socket: /var/run/saslauthd/mux
Apr  2 14:33:26 ovzhost sshd[797]: Connection closed by 127.0.0.1 [preauth]
Apr 12 20:36:08 ovzhost sshd[777]: Connection closed by 127.0.0.1 [preauth]
Apr 12 20:39:01 ovzhost CRON[789]: pam_env(cron:session): Unable to open env file: /etc/default/locale: No such file or directory
Apr 12 20:39:01 ovzhost CRON[789]: pam_unix(cron:session): session opened for user root by (uid=0)
Apr 12 20:39:01 ovzhost CRON[789]: pam_unix(cron:session): session closed for user root
Apr 12 20:40:01 ovzhost CRON[803]: pam_env(cron:session): Unable to open env file: /etc/default/locale: No such file or directory
Apr 12 20:40:01 ovzhost CRON[803]: pam_unix(cron:session): session opened for user smmsp by (uid=0)
Apr 12 20:40:01 ovzhost CRON[803]: pam_unix(cron:session): session closed for user smmsp
Apr 12 20:40:51 ovzhost sshd[835]: Connection closed by 128.8.37.104 [preauth]
Apr 12 20:41:08 ovzhost sshd[839]: pam_unix(sshd:auth): authentication failure; logname= uid=0 euid=0 tty=ssh ruser= rhost=222.171.225.170  user=root
Apr 12 20:41:08 ovzhost sshd[842]: Connection closed by 127.0.0.1 [preauth]
Apr 12 20:41:10 ovzhost sshd[839]: Failed password for root from 222.171.225.170 port 54018 ssh2
Apr 12 20:41:15 ovzhost sshd[839]: message repeated 2 times: [ Failed password for root from 222.171.225.170 port 54018 ssh2]
Apr 12 20:41:15 ovzhost sshd[839]: Connection closed by 222.171.225.170 [preauth]
Apr 12 20:41:15 ovzhost sshd[839]: PAM 2 more authentication failures; logname= uid=0 euid=0 tty=ssh ruser= rhost=222.171.225.170  user=root
Apr 12 20:46:08 ovzhost sshd[859]: Connection closed by 127.0.0.1 [preauth]
Apr 12 20:50:51 ovzhost sshd[882]: Connection closed by 128.8.37.104 [preauth]
Apr 12 20:51:08 ovzhost sshd[885]: Connection closed by 127.0.0.1 [preauth]
Apr 12 20:52:02 ovzhost sshd[891]: pam_unix(sshd:auth): authentication failure; logname= uid=0 euid=0 tty=ssh ruser= rhost=43.255.190.182  user=root
Apr 12 20:52:02 ovzhost sshd[893]: pam_unix(sshd:auth): authentication failure; logname= uid=0 euid=0 tty=ssh ruser= rhost=43.255.190.190  user=root
Apr 12 20:52:04 ovzhost sshd[895]: pam_unix(sshd:auth): authentication failure; logname= uid=0 euid=0 tty=ssh ruser= rhost=43.255.190.182  user=root
Apr 12 20:52:04 ovzhost sshd[891]: Failed password for root from 43.255.190.182 port 50984 ssh2
Apr 12 20:52:05 ovzhost sshd[893]: Failed password for root from 43.255.190.190 port 49542 ssh2
Apr 12 20:52:06 ovzhost sshd[895]: Failed password for root from 43.255.190.182 port 56765 ssh2
Apr 12 20:52:09 ovzhost sshd[891]: message repeated 2 times: [ Failed password for root from 43.255.190.182 port 50984 ssh2]
Apr 12 20:52:09 ovzhost sshd[891]: Received disconnect from 43.255.190.182: 11:  [preauth]
Apr 12 20:52:09 ovzhost sshd[891]: PAM 2 more authentication failures; logname= uid=0 euid=0 tty=ssh ruser= rhost=43.255.190.182  user=root
Apr 12 20:52:09 ovzhost sshd[893]: message repeated 2 times: [ Failed password for root from 43.255.190.190 port 49542 ssh2]
Apr 12 20:52:09 ovzhost sshd[893]: Received disconnect from 43.255.190.190: 11:  [preauth]
Apr 12 20:52:09 ovzhost sshd[893]: PAM 2 more authentication failures; logname= uid=0 euid=0 tty=ssh ruser= rhost=43.255.190.190  user=root
Apr 12 20:52:09 ovzhost sshd[897]: pam_unix(sshd:auth): authentication failure; logname= uid=0 euid=0 tty=ssh ruser= rhost=43.255.190.182  user=root
Apr 12 20:52:09 ovzhost sshd[899]: pam_unix(sshd:auth): authentication failure; logname= uid=0 euid=0 tty=ssh ruser= rhost=43.255.190.190  user=root
Apr 12 20:52:11 ovzhost sshd[895]: message repeated 2 times: [ Failed password for root from 43.255.190.182 port 56765 ssh2]
Apr 12 20:52:11 ovzhost sshd[895]: Received disconnect from 43.255.190.182: 11:  [preauth]
Apr 12 20:52:11 ovzhost sshd[895]: PAM 2 more authentication failures; logname= uid=0 euid=0 tty=ssh ruser= rhost=43.255.190.182  user=root
Apr 12 20:52:11 ovzhost sshd[901]: pam_unix(sshd:auth): authentication failure; logname= uid=0 euid=0 tty=ssh ruser= rhost=43.255.190.182  user=root
Apr 12 20:52:12 ovzhost sshd[897]: Failed password for root from 43.255.190.182 port 39973 ssh2
Apr 12 20:52:12 ovzhost sshd[899]: Failed password for root from 43.255.190.190 port 38657 ssh2
Apr 12 20:52:14 ovzhost sshd[901]: Failed password for root from 43.255.190.182 port 44485 ssh2
Apr 12 20:52:16 ovzhost sshd[897]: message repeated 2 times: [ Failed password for root from 43.255.190.182 port 39973 ssh2]
Apr 12 20:52:16 ovzhost sshd[897]: Received disconnect from 43.255.190.182: 11:  [preauth]
Apr 12 20:52:16 ovzhost sshd[897]: PAM 2 more authentication failures; logname= uid=0 euid=0 tty=ssh ruser= rhost=43.255.190.182  user=root
Apr 12 20:52:16 ovzhost sshd[899]: message repeated 2 times: [ Failed password for root from 43.255.190.190 port 38657 ssh2]
Apr 12 20:52:16 ovzhost sshd[899]: Received disconnect from 43.255.190.190: 11:  [preauth]
Apr 12 20:52:16 ovzhost sshd[899]: PAM 2 more authentication failures; logname= uid=0 euid=0 tty=ssh ruser= rhost=43.255.190.190  user=root
Apr 12 20:52:17 ovzhost sshd[904]: pam_unix(sshd:auth): authentication failure; logname= uid=0 euid=0 tty=ssh ruser= rhost=43.255.190.182  user=root
Apr 12 20:52:17 ovzhost sshd[906]: pam_unix(sshd:auth): authentication failure; logname= uid=0 euid=0 tty=ssh ruser= rhost=43.255.190.190  user=root
Apr 12 20:52:18 ovzhost sshd[901]: message repeated 2 times: [ Failed password for root from 43.255.190.182 port 44485 ssh2]
Apr 12 20:52:18 ovzhost sshd[901]: Received disconnect from 43.255.190.182: 11:  [preauth]
Apr 12 20:52:18 ovzhost sshd[901]: PAM 2 more authentication failures; logname= uid=0 euid=0 tty=ssh ruser= rhost=43.255.190.182  user=root
Apr 12 20:52:18 ovzhost sshd[908]: pam_unix(sshd:auth): authentication failure; logname= uid=0 euid=0 tty=ssh ruser= rhost=43.255.190.182  user=root
Apr 12 20:52:19 ovzhost sshd[904]: Failed password for root from 43.255.190.182 port 55935 ssh2
Apr 12 20:52:19 ovzhost sshd[906]: Failed password for root from 43.255.190.190 port 56195 ssh2
Apr 12 20:52:21 ovzhost sshd[908]: Failed password for root from 43.255.190.182 port 60262 ssh2
Apr 12 20:52:23 ovzhost sshd[904]: message repeated 2 times: [ Failed password for root from 43.255.190.182 port 55935 ssh2]
Apr 12 20:52:23 ovzhost sshd[904]: Received disconnect from 43.255.190.182: 11:  [preauth]
Apr 12 20:52:23 ovzhost sshd[904]: PAM 2 more authentication failures; logname= uid=0 euid=0 tty=ssh ruser= rhost=43.255.190.182  user=root
Apr 12 20:52:23 ovzhost sshd[906]: message repeated 2 times: [ Failed password for root from 43.255.190.190 port 56195 ssh2]
Apr 12 20:52:24 ovzhost sshd[906]: Received disconnect from 43.255.190.190: 11:  [preauth]
Apr 12 20:52:24 ovzhost sshd[906]: PAM 2 more authentication failures; logname= uid=0 euid=0 tty=ssh ruser= rhost=43.255.190.190  user=root
Apr 12 20:52:24 ovzhost sshd[910]: pam_unix(sshd:auth): authentication failure; logname= uid=0 euid=0 tty=ssh ruser= rhost=43.255.190.182  user=root
Apr 12 20:52:24 ovzhost sshd[912]: pam_unix(sshd:auth): authentication failure; logname= uid=0 euid=0 tty=ssh ruser= rhost=43.255.190.190  user=root
Apr 12 20:52:25 ovzhost sshd[908]: message repeated 2 times: [ Failed password for root from 43.255.190.182 port 60262 ssh2]
Apr 12 20:52:25 ovzhost sshd[908]: Received disconnect from 43.255.190.182: 11:  [preauth]
Apr 12 20:52:25 ovzhost sshd[908]: PAM 2 more authentication failures; logname= uid=0 euid=0 tty=ssh ruser= rhost=43.255.190.182  user=root
Apr 12 20:52:26 ovzhost sshd[914]: pam_unix(sshd:auth): authentication failure; logname= uid=0 euid=0 tty=ssh ruser= rhost=43.255.190.182  user=root
Apr 12 20:52:26 ovzhost sshd[910]: Failed password for root from 43.255.190.182 port 43672 ssh2
Apr 12 20:52:26 ovzhost sshd[912]: Failed password for root from 43.255.190.190 port 45552 ssh2
Apr 12 20:52:28 ovzhost sshd[914]: Failed password for root from 43.255.190.182 port 47094 ssh2
Apr 12 20:52:31 ovzhost sshd[910]: message repeated 2 times: [ Failed password for root from 43.255.190.182 port 43672 ssh2]
Apr 12 20:52:31 ovzhost sshd[910]: Received disconnect from 43.255.190.182: 11:  [preauth]
Apr 12 20:52:31 ovzhost sshd[910]: PAM 2 more authentication failures; logname= uid=0 euid=0 tty=ssh ruser= rhost=43.255.190.182  user=root
Apr 12 20:52:31 ovzhost sshd[912]: message repeated 2 times: [ Failed password for root from 43.255.190.190 port 45552 ssh2]
Apr 12 20:52:31 ovzhost sshd[912]: Received disconnect from 43.255.190.190: 11:  [preauth]
Apr 12 20:52:31 ovzhost sshd[912]: PAM 2 more authentication failures; logname= uid=0 euid=0 tty=ssh ruser= rhost=43.255.190.190  user=root
Apr 12 20:52:31 ovzhost sshd[916]: pam_unix(sshd:auth): authentication failure; logname= uid=0 euid=0 tty=ssh ruser= rhost=43.255.190.182  user=root
Apr 12 20:52:31 ovzhost sshd[918]: pam_unix(sshd:auth): authentication failure; logname= uid=0 euid=0 tty=ssh ruser= rhost=43.255.190.190  user=root
Apr 12 20:52:33 ovzhost sshd[914]: message repeated 2 times: [ Failed password for root from 43.255.190.182 port 47094 ssh2]
Apr 12 20:52:33 ovzhost sshd[914]: Received disconnect from 43.255.190.182: 11:  [preauth]
Apr 12 20:52:33 ovzhost sshd[914]: PAM 2 more authentication failures; logname= uid=0 euid=0 tty=ssh ruser= rhost=43.255.190.182  user=root
Apr 12 20:52:33 ovzhost sshd[920]: pam_unix(sshd:auth): authentication failure; logname= uid=0 euid=0 tty=ssh ruser= rhost=43.255.190.182  user=root
Apr 12 20:52:34 ovzhost sshd[916]: Failed password for root from 43.255.190.182 port 59485 ssh2
Apr 12 20:52:34 ovzhost sshd[918]: Failed password for root from 43.255.190.190 port 36303 ssh2
Apr 12 20:52:36 ovzhost sshd[920]: Failed password for root from 43.255.190.182 port 35517 ssh2
Apr 12 20:52:38 ovzhost sshd[916]: message repeated 2 times: [ Failed password for root from 43.255.190.182 port 59485 ssh2]
Apr 12 20:52:38 ovzhost sshd[916]: Received disconnect from 43.255.190.182: 11:  [preauth]
Apr 12 20:52:38 ovzhost sshd[916]: PAM 2 more authentication failures; logname= uid=0 euid=0 tty=ssh ruser= rhost=43.255.190.182  user=root
Apr 12 20:52:38 ovzhost sshd[918]: message repeated 2 times: [ Failed password for root from 43.255.190.190 port 36303 ssh2]
Apr 12 20:52:38 ovzhost sshd[918]: Received disconnect from 43.255.190.190: 11:  [preauth]
Apr 12 20:52:38 ovzhost sshd[918]: PAM 2 more authentication failures; logname= uid=0 euid=0 tty=ssh ruser= rhost=43.255.190.190  user=root
Apr 12 20:52:39 ovzhost sshd[922]: pam_unix(sshd:auth): authentication failure; logname= uid=0 euid=0 tty=ssh ruser= rhost=43.255.190.182  user=root
Apr 12 20:52:39 ovzhost sshd[924]: pam_unix(sshd:auth): authentication failure; logname= uid=0 euid=0 tty=ssh ruser= rhost=43.255.190.190  user=root
Apr 12 20:52:40 ovzhost sshd[920]: message repeated 2 times: [ Failed password for root from 43.255.190.182 port 35517 ssh2]
Apr 12 20:52:40 ovzhost sshd[920]: Received disconnect from 43.255.190.182: 11:  [preauth]
Apr 12 20:52:40 ovzhost sshd[920]: PAM 2 more authentication failures; logname= uid=0 euid=0 tty=ssh ruser= rhost=43.255.190.182  user=root
Apr 12 20:52:41 ovzhost sshd[926]: pam_unix(sshd:auth): authentication failure; logname= uid=0 euid=0 tty=ssh ruser= rhost=43.255.190.182  user=root
Apr 12 20:52:41 ovzhost sshd[922]: Failed password for root from 43.255.190.182 port 46828 ssh2
Apr 12 20:52:41 ovzhost sshd[924]: Failed password for root from 43.255.190.190 port 53959 ssh2
Apr 12 20:52:43 ovzhost sshd[926]: Failed password for root from 43.255.190.182 port 51587 ssh2
Apr 12 20:52:45 ovzhost sshd[922]: message repeated 2 times: [ Failed password for root from 43.255.190.182 port 46828 ssh2]
Apr 12 20:52:46 ovzhost sshd[922]: Received disconnect from 43.255.190.182: 11:  [preauth]
Apr 12 20:52:46 ovzhost sshd[922]: PAM 2 more authentication failures; logname= uid=0 euid=0 tty=ssh ruser= rhost=43.255.190.182  user=root
Apr 12 20:52:46 ovzhost sshd[924]: message repeated 2 times: [ Failed password for root from 43.255.190.190 port 53959 ssh2]
Apr 12 20:52:46 ovzhost sshd[924]: Received disconnect from 43.255.190.190: 11:  [preauth]
Apr 12 20:52:46 ovzhost sshd[924]: PAM 2 more authentication failures; logname= uid=0 euid=0 tty=ssh ruser= rhost=43.255.190.190  user=root
Apr 12 20:52:46 ovzhost sshd[928]: pam_unix(sshd:auth): authentication failure; logname= uid=0 euid=0 tty=ssh ruser= rhost=43.255.190.182  user=root
Apr 12 20:52:46 ovzhost sshd[930]: pam_unix(sshd:auth): authentication failure; logname= uid=0 euid=0 tty=ssh ruser= rhost=43.255.190.190  user=root
Apr 12 20:52:47 ovzhost sshd[926]: message repeated 2 times: [ Failed password for root from 43.255.190.182 port 51587 ssh2]
Apr 12 20:52:47 ovzhost sshd[926]: Received disconnect from 43.255.190.182: 11:  [preauth]
Apr 12 20:52:47 ovzhost sshd[926]: PAM 2 more authentication failures; logname= uid=0 euid=0 tty=ssh ruser= rhost=43.255.190.182  user=root
Apr 12 20:52:48 ovzhost sshd[932]: pam_unix(sshd:auth): authentication failure; logname= uid=0 euid=0 tty=ssh ruser= rhost=43.255.190.182  user=root
Apr 12 20:52:48 ovzhost sshd[928]: Failed password for root from 43.255.190.182 port 34161 ssh2
Apr 12 20:52:48 ovzhost sshd[930]: Failed password for root from 43.255.190.190 port 43557 ssh2
Apr 12 20:52:50 ovzhost sshd[932]: Failed password for root from 43.255.190.182 port 38284 ssh2
Apr 12 20:52:52 ovzhost sshd[928]: message repeated 2 times: [ Failed password for root from 43.255.190.182 port 34161 ssh2]
Apr 12 20:52:52 ovzhost sshd[928]: Received disconnect from 43.255.190.182: 11:  [preauth]
Apr 12 20:52:52 ovzhost sshd[928]: PAM 2 more authentication failures; logname= uid=0 euid=0 tty=ssh ruser= rhost=43.255.190.182  user=root
Apr 12 20:52:53 ovzhost sshd[934]: pam_unix(sshd:auth): authentication failure; logname= uid=0 euid=0 tty=ssh ruser= rhost=43.255.190.182  user=root
Apr 12 20:52:53 ovzhost sshd[930]: message repeated 2 times: [ Failed password for root from 43.255.190.190 port 43557 ssh2]
Apr 12 20:52:53 ovzhost sshd[930]: Received disconnect from 43.255.190.190: 11:  [preauth]
Apr 12 20:52:53 ovzhost sshd[930]: PAM 2 more authentication failures; logname= uid=0 euid=0 tty=ssh ruser= rhost=43.255.190.190  user=root
Apr 12 20:52:53 ovzhost sshd[936]: pam_unix(sshd:auth): authentication failure; logname= uid=0 euid=0 tty=ssh ruser= rhost=43.255.190.190  user=root
Apr 12 20:52:54 ovzhost sshd[932]: message repeated 2 times: [ Failed password for root from 43.255.190.182 port 38284 ssh2]
Apr 12 20:52:55 ovzhost sshd[932]: Received disconnect from 43.255.190.182: 11:  [preauth]
Apr 12 20:52:55 ovzhost sshd[932]: PAM 2 more authentication failures; logname= uid=0 euid=0 tty=ssh ruser= rhost=43.255.190.182  user=root
Apr 12 20:52:55 ovzhost sshd[934]: Failed password for root from 43.255.190.182 port 48518 ssh2
Apr 12 20:52:55 ovzhost sshd[938]: pam_unix(sshd:auth): authentication failure; logname= uid=0 euid=0 tty=ssh ruser= rhost=43.255.190.182  user=root
Apr 12 20:52:56 ovzhost sshd[936]: Failed password for root from 43.255.190.190 port 60840 ssh2
Apr 12 20:52:58 ovzhost sshd[938]: Failed password for root from 43.255.190.182 port 53172 ssh2
Apr 12 20:53:00 ovzhost sshd[934]: message repeated 2 times: [ Failed password for root from 43.255.190.182 port 48518 ssh2]
Apr 12 20:53:00 ovzhost sshd[934]: Received disconnect from 43.255.190.182: 11:  [preauth]
Apr 12 20:53:00 ovzhost sshd[934]: PAM 2 more authentication failures; logname= uid=0 euid=0 tty=ssh ruser= rhost=43.255.190.182  user=root
Apr 12 20:53:00 ovzhost sshd[936]: message repeated 2 times: [ Failed password for root from 43.255.190.190 port 60840 ssh2]
Apr 12 20:53:00 ovzhost sshd[936]: Received disconnect from 43.255.190.190: 11:  [preauth]
Apr 12 20:53:00 ovzhost sshd[936]: PAM 2 more authentication failures; logname= uid=0 euid=0 tty=ssh ruser= rhost=43.255.190.190  user=root
Apr 12 20:53:01 ovzhost sshd[940]: pam_unix(sshd:auth): authentication failure; logname= uid=0 euid=0 tty=ssh ruser= rhost=43.255.190.182  user=root
Apr 12 20:53:01 ovzhost sshd[942]: pam_unix(sshd:auth): authentication failure; logname= uid=0 euid=0 tty=ssh ruser= rhost=43.255.190.190  user=root
Apr 12 20:53:02 ovzhost sshd[938]: message repeated 2 times: [ Failed password for root from 43.255.190.182 port 53172 ssh2]
Apr 12 20:53:02 ovzhost sshd[938]: Received disconnect from 43.255.190.182: 11:  [preauth]
Apr 12 20:53:02 ovzhost sshd[938]: PAM 2 more authentication failures; logname= uid=0 euid=0 tty=ssh ruser= rhost=43.255.190.182  user=root
Apr 12 20:53:02 ovzhost sshd[940]: Failed password for root from 43.255.190.182 port 36145 ssh2
Apr 12 20:53:03 ovzhost sshd[942]: Failed password for root from 43.255.190.190 port 50218 ssh2
Apr 12 20:53:03 ovzhost sshd[944]: pam_unix(sshd:auth): authentication failure; logname= uid=0 euid=0 tty=ssh ruser= rhost=43.255.190.182  user=root
Apr 12 20:53:05 ovzhost sshd[944]: Failed password for root from 43.255.190.182 port 41129 ssh2
Apr 12 20:53:07 ovzhost sshd[940]: message repeated 2 times: [ Failed password for root from 43.255.190.182 port 36145 ssh2]
Apr 12 20:53:07 ovzhost sshd[940]: Received disconnect from 43.255.190.182: 11:  [preauth]
Apr 12 20:53:07 ovzhost sshd[940]: PAM 2 more authentication failures; logname= uid=0 euid=0 tty=ssh ruser= rhost=43.255.190.182  user=root
Apr 12 20:53:07 ovzhost sshd[942]: message repeated 2 times: [ Failed password for root from 43.255.190.190 port 50218 ssh2]
Apr 12 20:53:07 ovzhost sshd[942]: Received disconnect from 43.255.190.190: 11:  [preauth]
Apr 12 20:53:07 ovzhost sshd[942]: PAM 2 more authentication failures; logname= uid=0 euid=0 tty=ssh ruser= rhost=43.255.190.190  user=root
Apr 12 20:53:08 ovzhost sshd[946]: pam_unix(sshd:auth): authentication failure; logname= uid=0 euid=0 tty=ssh ruser= rhost=43.255.190.182  user=root
Apr 12 20:53:08 ovzhost sshd[948]: pam_unix(sshd:auth): authentication failure; logname= uid=0 euid=0 tty=ssh ruser= rhost=43.255.190.190  user=root
Apr 12 20:53:10 ovzhost sshd[944]: message repeated 2 times: [ Failed password for root from 43.255.190.182 port 41129 ssh2]
Apr 12 20:53:10 ovzhost sshd[944]: Received disconnect from 43.255.190.182: 11:  [preauth]
Apr 12 20:53:10 ovzhost sshd[944]: PAM 2 more authentication failures; logname= uid=0 euid=0 tty=ssh ruser= rhost=43.255.190.182  user=root
Apr 12 20:53:10 ovzhost sshd[946]: Failed password for root from 43.255.190.182 port 51232 ssh2
Apr 12 20:53:10 ovzhost sshd[948]: Failed password for root from 43.255.190.190 port 38808 ssh2
Apr 12 20:53:11 ovzhost sshd[951]: pam_unix(sshd:auth): authentication failure; logname= uid=0 euid=0 tty=ssh ruser= rhost=43.255.190.182  user=root
Apr 12 20:53:13 ovzhost sshd[951]: Failed password for root from 43.255.190.182 port 57226 ssh2
Apr 12 20:53:14 ovzhost sshd[946]: message repeated 2 times: [ Failed password for root from 43.255.190.182 port 51232 ssh2]
Apr 12 20:53:14 ovzhost sshd[946]: Received disconnect from 43.255.190.182: 11:  [preauth]
Apr 12 20:53:14 ovzhost sshd[946]: PAM 2 more authentication failures; logname= uid=0 euid=0 tty=ssh ruser= rhost=43.255.190.182  user=root
Apr 12 20:53:14 ovzhost sshd[948]: message repeated 2 times: [ Failed password for root from 43.255.190.190 port 38808 ssh2]
Apr 12 20:53:14 ovzhost sshd[948]: Received disconnect from 43.255.190.190: 11:  [preauth]
Apr 12 20:53:14 ovzhost sshd[948]: PAM 2 more authentication failures; logname= uid=0 euid=0 tty=ssh ruser= rhost=43.255.190.190  user=root
Apr 12 20:53:15 ovzhost sshd[953]: pam_unix(sshd:auth): authentication failure; logname= uid=0 euid=0 tty=ssh ruser= rhost=43.255.190.182  user=root
Apr 12 20:53:15 ovzhost sshd[955]: pam_unix(sshd:auth): authentication failure; logname= uid=0 euid=0 tty=ssh ruser= rhost=43.255.190.190  user=root
Apr 12 20:53:17 ovzhost sshd[953]: Failed password for root from 43.255.190.182 port 37837 ssh2
Apr 12 20:53:17 ovzhost sshd[955]: Failed password for root from 43.255.190.190 port 55827 ssh2
Apr 12 20:53:17 ovzhost sshd[951]: message repeated 2 times: [ Failed password for root from 43.255.190.182 port 57226 ssh2]
Apr 12 20:53:17 ovzhost sshd[951]: Received disconnect from 43.255.190.182: 11:  [preauth]
Apr 12 20:53:17 ovzhost sshd[951]: PAM 2 more authentication failures; logname= uid=0 euid=0 tty=ssh ruser= rhost=43.255.190.182  user=root
Apr 12 20:53:18 ovzhost sshd[957]: pam_unix(sshd:auth): authentication failure; logname= uid=0 euid=0 tty=ssh ruser= rhost=43.255.190.182  user=root
Apr 12 20:53:20 ovzhost sshd[957]: Failed password for root from 43.255.190.182 port 44181 ssh2
Apr 12 20:53:22 ovzhost sshd[953]: message repeated 2 times: [ Failed password for root from 43.255.190.182 port 37837 ssh2]
Apr 12 20:53:22 ovzhost sshd[953]: Received disconnect from 43.255.190.182: 11:  [preauth]
Apr 12 20:53:22 ovzhost sshd[953]: PAM 2 more authentication failures; logname= uid=0 euid=0 tty=ssh ruser= rhost=43.255.190.182  user=root
Apr 12 20:53:22 ovzhost sshd[955]: message repeated 2 times: [ Failed password for root from 43.255.190.190 port 55827 ssh2]
Apr 12 20:53:22 ovzhost sshd[955]: Received disconnect from 43.255.190.190: 11:  [preauth]
Apr 12 20:53:22 ovzhost sshd[955]: PAM 2 more authentication failures; logname= uid=0 euid=0 tty=ssh ruser= rhost=43.255.190.190  user=root
Apr 12 20:53:22 ovzhost sshd[960]: pam_unix(sshd:auth): authentication failure; logname= uid=0 euid=0 tty=ssh ruser= rhost=43.255.190.182  user=root
Apr 12 20:53:22 ovzhost sshd[962]: pam_unix(sshd:auth): authentication failure; logname= uid=0 euid=0 tty=ssh ruser= rhost=43.255.190.190  user=root
Apr 12 20:53:24 ovzhost sshd[960]: Failed password for root from 43.255.190.182 port 52857 ssh2
Apr 12 20:53:24 ovzhost sshd[962]: Failed password for root from 43.255.190.190 port 45253 ssh2
Apr 12 20:53:24 ovzhost sshd[957]: message repeated 2 times: [ Failed password for root from 43.255.190.182 port 44181 ssh2]
Apr 12 20:53:25 ovzhost sshd[957]: Received disconnect from 43.255.190.182: 11:  [preauth]
Apr 12 20:53:25 ovzhost sshd[957]: PAM 2 more authentication failures; logname= uid=0 euid=0 tty=ssh ruser= rhost=43.255.190.182  user=root
Apr 12 20:53:25 ovzhost sshd[964]: pam_unix(sshd:auth): authentication failure; logname= uid=0 euid=0 tty=ssh ruser= rhost=43.255.190.182  user=root
Apr 12 20:53:27 ovzhost sshd[964]: Failed password for root from 43.255.190.182 port 59605 ssh2
Apr 12 20:53:29 ovzhost sshd[960]: message repeated 2 times: [ Failed password for root from 43.255.190.182 port 52857 ssh2]
Apr 12 20:53:29 ovzhost sshd[960]: Received disconnect from 43.255.190.182: 11:  [preauth]
Apr 12 20:53:29 ovzhost sshd[960]: PAM 2 more authentication failures; logname= uid=0 euid=0 tty=ssh ruser= rhost=43.255.190.182  user=root
Apr 12 20:53:29 ovzhost sshd[962]: message repeated 2 times: [ Failed password for root from 43.255.190.190 port 45253 ssh2]
Apr 12 20:53:29 ovzhost sshd[962]: Received disconnect from 43.255.190.190: 11:  [preauth]
Apr 12 20:53:29 ovzhost sshd[962]: PAM 2 more authentication failures; logname= uid=0 euid=0 tty=ssh ruser= rhost=43.255.190.190  user=root
Apr 12 20:53:30 ovzhost sshd[968]: pam_unix(sshd:auth): authentication failure; logname= uid=0 euid=0 tty=ssh ruser= rhost=43.255.190.182  user=root
Apr 12 20:53:30 ovzhost sshd[970]: pam_unix(sshd:auth): authentication failure; logname= uid=0 euid=0 tty=ssh ruser= rhost=43.255.190.190  user=root
Apr 12 20:53:31 ovzhost sshd[964]: message repeated 2 times: [ Failed password for root from 43.255.190.182 port 59605 ssh2]
Apr 12 20:53:31 ovzhost sshd[964]: Received disconnect from 43.255.190.182: 11:  [preauth]
Apr 12 20:53:31 ovzhost sshd[964]: PAM 2 more authentication failures; logname= uid=0 euid=0 tty=ssh ruser= rhost=43.255.190.182  user=root
Apr 12 20:53:32 ovzhost sshd[972]: pam_unix(sshd:auth): authentication failure; logname= uid=0 euid=0 tty=ssh ruser= rhost=43.255.190.182  user=root
Apr 12 20:53:32 ovzhost sshd[968]: Failed password for root from 43.255.190.182 port 40399 ssh2
Apr 12 20:53:32 ovzhost sshd[970]: Failed password for root from 43.255.190.190 port 35253 ssh2
Apr 12 20:53:34 ovzhost sshd[972]: Failed password for root from 43.255.190.182 port 44569 ssh2
Apr 12 20:53:36 ovzhost sshd[968]: message repeated 2 times: [ Failed password for root from 43.255.190.182 port 40399 ssh2]
Apr 12 20:53:36 ovzhost sshd[968]: Received disconnect from 43.255.190.182: 11:  [preauth]
Apr 12 20:53:36 ovzhost sshd[968]: PAM 2 more authentication failures; logname= uid=0 euid=0 tty=ssh ruser= rhost=43.255.190.182  user=root
Apr 12 20:53:36 ovzhost sshd[970]: message repeated 2 times: [ Failed password for root from 43.255.190.190 port 35253 ssh2]
Apr 12 20:53:36 ovzhost sshd[970]: Received disconnect from 43.255.190.190: 11:  [preauth]
Apr 12 20:53:36 ovzhost sshd[970]: PAM 2 more authentication failures; logname= uid=0 euid=0 tty=ssh ruser= rhost=43.255.190.190  user=root
Apr 12 20:53:37 ovzhost sshd[974]: pam_unix(sshd:auth): authentication failure; logname= uid=0 euid=0 tty=ssh ruser= rhost=43.255.190.182  user=root
Apr 12 20:53:37 ovzhost sshd[976]: pam_unix(sshd:auth): authentication failure; logname= uid=0 euid=0 tty=ssh ruser= rhost=43.255.190.190  user=root
Apr 12 20:53:37 ovzhost sshd[972]: message repeated 2 times: [ Failed password for root from 43.255.190.182 port 44569 ssh2]
Apr 12 20:53:37 ovzhost sshd[972]: Received disconnect from 43.255.190.182: 11:  [preauth]
Apr 12 20:53:37 ovzhost sshd[972]: PAM 2 more authentication failures; logname= uid=0 euid=0 tty=ssh ruser= rhost=43.255.190.182  user=root
Apr 12 20:53:38 ovzhost sshd[978]: pam_unix(sshd:auth): authentication failure; logname= uid=0 euid=0 tty=ssh ruser= rhost=43.255.190.182  user=root
Apr 12 20:53:39 ovzhost sshd[974]: Failed password for root from 43.255.190.182 port 55247 ssh2
Apr 12 20:53:39 ovzhost sshd[976]: Failed password for root from 43.255.190.190 port 52705 ssh2
Apr 12 20:53:41 ovzhost sshd[978]: Failed password for root from 43.255.190.182 port 58406 ssh2
Apr 12 20:53:43 ovzhost sshd[974]: message repeated 2 times: [ Failed password for root from 43.255.190.182 port 55247 ssh2]
Apr 12 20:53:43 ovzhost sshd[974]: Received disconnect from 43.255.190.182: 11:  [preauth]
Apr 12 20:53:43 ovzhost sshd[974]: PAM 2 more authentication failures; logname= uid=0 euid=0 tty=ssh ruser= rhost=43.255.190.182  user=root
Apr 12 20:53:43 ovzhost sshd[976]: message repeated 2 times: [ Failed password for root from 43.255.190.190 port 52705 ssh2]
Apr 12 20:53:44 ovzhost sshd[976]: Received disconnect from 43.255.190.190: 11:  [preauth]
Apr 12 20:53:44 ovzhost sshd[976]: PAM 2 more authentication failures; logname= uid=0 euid=0 tty=ssh ruser= rhost=43.255.190.190  user=root
Apr 12 20:53:44 ovzhost sshd[980]: pam_unix(sshd:auth): authentication failure; logname= uid=0 euid=0 tty=ssh ruser= rhost=43.255.190.182  user=root
Apr 12 20:53:44 ovzhost sshd[982]: pam_unix(sshd:auth): authentication failure; logname= uid=0 euid=0 tty=ssh ruser= rhost=43.255.190.190  user=root
Apr 12 20:53:46 ovzhost sshd[978]: message repeated 2 times: [ Failed password for root from 43.255.190.182 port 58406 ssh2]
Apr 12 20:53:46 ovzhost sshd[978]: Received disconnect from 43.255.190.182: 11:  [preauth]
Apr 12 20:53:46 ovzhost sshd[978]: PAM 2 more authentication failures; logname= uid=0 euid=0 tty=ssh ruser= rhost=43.255.190.182  user=root
Apr 12 20:53:46 ovzhost sshd[980]: Failed password for root from 43.255.190.182 port 41856 ssh2
Apr 12 20:53:46 ovzhost sshd[982]: Failed password for root from 43.255.190.190 port 42149 ssh2
Apr 12 20:53:47 ovzhost sshd[984]: pam_unix(sshd:auth): authentication failure; logname= uid=0 euid=0 tty=ssh ruser= rhost=43.255.190.182  user=root
Apr 12 20:53:48 ovzhost sshd[984]: Failed password for root from 43.255.190.182 port 47004 ssh2
Apr 12 20:53:50 ovzhost sshd[980]: message repeated 2 times: [ Failed password for root from 43.255.190.182 port 41856 ssh2]
Apr 12 20:53:50 ovzhost sshd[980]: Received disconnect from 43.255.190.182: 11:  [preauth]
Apr 12 20:53:50 ovzhost sshd[980]: PAM 2 more authentication failures; logname= uid=0 euid=0 tty=ssh ruser= rhost=43.255.190.182  user=root
Apr 12 20:53:50 ovzhost sshd[982]: message repeated 2 times: [ Failed password for root from 43.255.190.190 port 42149 ssh2]
Apr 12 20:53:50 ovzhost sshd[982]: Received disconnect from 43.255.190.190: 11:  [preauth]
Apr 12 20:53:50 ovzhost sshd[982]: PAM 2 more authentication failures; logname= uid=0 euid=0 tty=ssh ruser= rhost=43.255.190.190  user=root
Apr 12 20:53:50 ovzhost sshd[986]: pam_unix(sshd:auth): authentication failure; logname= uid=0 euid=0 tty=ssh ruser= rhost=43.255.190.182  user=root
Apr 12 20:53:50 ovzhost sshd[988]: pam_unix(sshd:auth): authentication failure; logname= uid=0 euid=0 tty=ssh ruser= rhost=43.255.190.190  user=root
Apr 12 20:53:53 ovzhost sshd[984]: message repeated 2 times: [ Failed password for root from 43.255.190.182 port 47004 ssh2]
Apr 12 20:53:53 ovzhost sshd[984]: Received disconnect from 43.255.190.182: 11:  [preauth]
Apr 12 20:53:53 ovzhost sshd[984]: PAM 2 more authentication failures; logname= uid=0 euid=0 tty=ssh ruser= rhost=43.255.190.182  user=root
Apr 12 20:53:53 ovzhost sshd[986]: Failed password for root from 43.255.190.182 port 56020 ssh2
Apr 12 20:53:53 ovzhost sshd[988]: Failed password for root from 43.255.190.190 port 58599 ssh2
Apr 12 20:53:53 ovzhost sshd[990]: pam_unix(sshd:auth): authentication failure; logname= uid=0 euid=0 tty=ssh ruser= rhost=43.255.190.182  user=root
Apr 12 20:53:56 ovzhost sshd[990]: Failed password for root from 43.255.190.182 port 32963 ssh2
Apr 12 20:53:58 ovzhost sshd[986]: message repeated 2 times: [ Failed password for root from 43.255.190.182 port 56020 ssh2]
Apr 12 20:53:58 ovzhost sshd[986]: Received disconnect from 43.255.190.182: 11:  [preauth]
Apr 12 20:53:58 ovzhost sshd[986]: PAM 2 more authentication failures; logname= uid=0 euid=0 tty=ssh ruser= rhost=43.255.190.182  user=root
Apr 12 20:53:58 ovzhost sshd[988]: message repeated 2 times: [ Failed password for root from 43.255.190.190 port 58599 ssh2]
Apr 12 20:53:58 ovzhost sshd[988]: Received disconnect from 43.255.190.190: 11:  [preauth]
Apr 12 20:53:58 ovzhost sshd[988]: PAM 2 more authentication failures; logname= uid=0 euid=0 tty=ssh ruser= rhost=43.255.190.190  user=root
Apr 12 20:53:58 ovzhost sshd[992]: pam_unix(sshd:auth): authentication failure; logname= uid=0 euid=0 tty=ssh ruser= rhost=43.255.190.182  user=root
Apr 12 20:53:58 ovzhost sshd[994]: pam_unix(sshd:auth): authentication failure; logname= uid=0 euid=0 tty=ssh ruser= rhost=43.255.190.190  user=root
Apr 12 20:53:59 ovzhost sshd[990]: message repeated 2 times: [ Failed password for root from 43.255.190.182 port 32963 ssh2]
Apr 12 20:53:59 ovzhost sshd[990]: Received disconnect from 43.255.190.182: 11:  [preauth]
Apr 12 20:53:59 ovzhost sshd[990]: PAM 2 more authentication failures; logname= uid=0 euid=0 tty=ssh ruser= rhost=43.255.190.182  user=root
Apr 12 20:54:00 ovzhost sshd[992]: Failed password for root from 43.255.190.182 port 43560 ssh2
Apr 12 20:54:00 ovzhost sshd[994]: Failed password for root from 43.255.190.190 port 49193 ssh2
Apr 12 20:54:00 ovzhost sshd[996]: pam_unix(sshd:auth): authentication failure; logname= uid=0 euid=0 tty=ssh ruser= rhost=43.255.190.182  user=root
Apr 12 20:54:01 ovzhost sshd[996]: Failed password for root from 43.255.190.182 port 47298 ssh2
Apr 12 20:54:04 ovzhost sshd[992]: message repeated 2 times: [ Failed password for root from 43.255.190.182 port 43560 ssh2]
Apr 12 20:54:04 ovzhost sshd[992]: Received disconnect from 43.255.190.182: 11:  [preauth]
Apr 12 20:54:04 ovzhost sshd[992]: PAM 2 more authentication failures; logname= uid=0 euid=0 tty=ssh ruser= rhost=43.255.190.182  user=root
Apr 12 20:54:04 ovzhost sshd[994]: message repeated 2 times: [ Failed password for root from 43.255.190.190 port 49193 ssh2]
Apr 12 20:54:04 ovzhost sshd[994]: Received disconnect from 43.255.190.190: 11:  [preauth]
Apr 12 20:54:04 ovzhost sshd[994]: PAM 2 more authentication failures; logname= uid=0 euid=0 tty=ssh ruser= rhost=43.255.190.190  user=root
Apr 12 20:54:05 ovzhost sshd[998]: pam_unix(sshd:auth): authentication failure; logname= uid=0 euid=0 tty=ssh ruser= rhost=43.255.190.182  user=root
Apr 12 20:54:05 ovzhost sshd[1000]: pam_unix(sshd:auth): authentication failure; logname= uid=0 euid=0 tty=ssh ruser= rhost=43.255.190.190  user=root
Apr 12 20:54:06 ovzhost sshd[996]: message repeated 2 times: [ Failed password for root from 43.255.190.182 port 47298 ssh2]
Apr 12 20:54:06 ovzhost sshd[996]: Received disconnect from 43.255.190.182: 11:  [preauth]
Apr 12 20:54:06 ovzhost sshd[996]: PAM 2 more authentication failures; logname= uid=0 euid=0 tty=ssh ruser= rhost=43.255.190.182  user=root
Apr 12 20:54:07 ovzhost sshd[1002]: pam_unix(sshd:auth): authentication failure; logname= uid=0 euid=0 tty=ssh ruser= rhost=43.255.190.182  user=root
Apr 12 20:54:07 ovzhost sshd[998]: Failed password for root from 43.255.190.182 port 56994 ssh2
Apr 12 20:54:07 ovzhost sshd[1000]: Failed password for root from 43.255.190.190 port 36422 ssh2
Apr 12 20:54:09 ovzhost sshd[1002]: Failed password for root from 43.255.190.182 port 33231 ssh2
Apr 12 20:54:11 ovzhost sshd[998]: message repeated 2 times: [ Failed password for root from 43.255.190.182 port 56994 ssh2]
Apr 12 20:54:11 ovzhost sshd[998]: Received disconnect from 43.255.190.182: 11:  [preauth]
Apr 12 20:54:11 ovzhost sshd[998]: PAM 2 more authentication failures; logname= uid=0 euid=0 tty=ssh ruser= rhost=43.255.190.182  user=root
Apr 12 20:54:11 ovzhost sshd[1000]: message repeated 2 times: [ Failed password for root from 43.255.190.190 port 36422 ssh2]
Apr 12 20:54:11 ovzhost sshd[1000]: Received disconnect from 43.255.190.190: 11:  [preauth]
Apr 12 20:54:11 ovzhost sshd[1000]: PAM 2 more authentication failures; logname= uid=0 euid=0 tty=ssh ruser= rhost=43.255.190.190  user=root
Apr 12 20:54:11 ovzhost sshd[1004]: pam_unix(sshd:auth): authentication failure; logname= uid=0 euid=0 tty=ssh ruser= rhost=43.255.190.182  user=root
Apr 12 20:54:11 ovzhost sshd[1006]: pam_unix(sshd:auth): authentication failure; logname= uid=0 euid=0 tty=ssh ruser= rhost=43.255.190.190  user=root
Apr 12 20:54:12 ovzhost sshd[1002]: message repeated 2 times: [ Failed password for root from 43.255.190.182 port 33231 ssh2]
Apr 12 20:54:13 ovzhost sshd[1002]: Received disconnect from 43.255.190.182: 11:  [preauth]
Apr 12 20:54:13 ovzhost sshd[1002]: PAM 2 more authentication failures; logname= uid=0 euid=0 tty=ssh ruser= rhost=43.255.190.182  user=root
Apr 12 20:54:13 ovzhost sshd[1008]: pam_unix(sshd:auth): authentication failure; logname= uid=0 euid=0 tty=ssh ruser= rhost=43.255.190.182  user=root
Apr 12 20:54:13 ovzhost sshd[1004]: Failed password for root from 43.255.190.182 port 43173 ssh2
Apr 12 20:54:13 ovzhost sshd[1006]: Failed password for root from 43.255.190.190 port 53021 ssh2
Apr 12 20:54:16 ovzhost sshd[1008]: Failed password for root from 43.255.190.182 port 46657 ssh2
Apr 12 20:54:18 ovzhost sshd[1004]: message repeated 2 times: [ Failed password for root from 43.255.190.182 port 43173 ssh2]
Apr 12 20:54:18 ovzhost sshd[1004]: Received disconnect from 43.255.190.182: 11:  [preauth]
Apr 12 20:54:18 ovzhost sshd[1004]: PAM 2 more authentication failures; logname= uid=0 euid=0 tty=ssh ruser= rhost=43.255.190.182  user=root
Apr 12 20:54:18 ovzhost sshd[1006]: message repeated 2 times: [ Failed password for root from 43.255.190.190 port 53021 ssh2]
Apr 12 20:54:18 ovzhost sshd[1006]: Received disconnect from 43.255.190.190: 11:  [preauth]
Apr 12 20:54:18 ovzhost sshd[1006]: PAM 2 more authentication failures; logname= uid=0 euid=0 tty=ssh ruser= rhost=43.255.190.190  user=root
Apr 12 20:54:19 ovzhost sshd[1010]: pam_unix(sshd:auth): authentication failure; logname= uid=0 euid=0 tty=ssh ruser= rhost=43.255.190.182  user=root
Apr 12 20:54:19 ovzhost sshd[1012]: pam_unix(sshd:auth): authentication failure; logname= uid=0 euid=0 tty=ssh ruser= rhost=43.255.190.190  user=root
Apr 12 20:54:20 ovzhost sshd[1008]: message repeated 2 times: [ Failed password for root from 43.255.190.182 port 46657 ssh2]
Apr 12 20:54:20 ovzhost sshd[1008]: Received disconnect from 43.255.190.182: 11:  [preauth]
Apr 12 20:54:20 ovzhost sshd[1008]: PAM 2 more authentication failures; logname= uid=0 euid=0 tty=ssh ruser= rhost=43.255.190.182  user=root
Apr 12 20:54:21 ovzhost sshd[1010]: Failed password for root from 43.255.190.182 port 58474 ssh2
Apr 12 20:54:21 ovzhost sshd[1012]: Failed password for root from 43.255.190.190 port 42640 ssh2
Apr 12 20:54:21 ovzhost sshd[1016]: pam_unix(sshd:auth): authentication failure; logname= uid=0 euid=0 tty=ssh ruser= rhost=43.255.190.182  user=root
Apr 12 20:54:22 ovzhost sshd[1016]: Failed password for root from 43.255.190.182 port 34101 ssh2
Apr 12 20:54:24 ovzhost sshd[1010]: message repeated 2 times: [ Failed password for root from 43.255.190.182 port 58474 ssh2]
Apr 12 20:54:24 ovzhost sshd[1010]: Received disconnect from 43.255.190.182: 11:  [preauth]
Apr 12 20:54:24 ovzhost sshd[1010]: PAM 2 more authentication failures; logname= uid=0 euid=0 tty=ssh ruser= rhost=43.255.190.182  user=root
Apr 12 20:54:24 ovzhost sshd[1012]: message repeated 2 times: [ Failed password for root from 43.255.190.190 port 42640 ssh2]
Apr 12 20:54:24 ovzhost sshd[1012]: Received disconnect from 43.255.190.190: 11:  [preauth]
Apr 12 20:54:24 ovzhost sshd[1012]: PAM 2 more authentication failures; logname= uid=0 euid=0 tty=ssh ruser= rhost=43.255.190.190  user=root
Apr 12 20:54:25 ovzhost sshd[1018]: pam_unix(sshd:auth): authentication failure; logname= uid=0 euid=0 tty=ssh ruser= rhost=43.255.190.182  user=root
Apr 12 20:54:25 ovzhost sshd[1020]: pam_unix(sshd:auth): authentication failure; logname= uid=0 euid=0 tty=ssh ruser= rhost=43.255.190.190  user=root
Apr 12 20:54:26 ovzhost sshd[1016]: message repeated 2 times: [ Failed password for root from 43.255.190.182 port 34101 ssh2]
Apr 12 20:54:26 ovzhost sshd[1016]: Received disconnect from 43.255.190.182: 11:  [preauth]
Apr 12 20:54:26 ovzhost sshd[1016]: PAM 2 more authentication failures; logname= uid=0 euid=0 tty=ssh ruser= rhost=43.255.190.182  user=root
Apr 12 20:54:27 ovzhost sshd[1018]: Failed password for root from 43.255.190.182 port 42568 ssh2
Apr 12 20:54:27 ovzhost sshd[1022]: pam_unix(sshd:auth): authentication failure; logname= uid=0 euid=0 tty=ssh ruser= rhost=43.255.190.182  user=root
Apr 12 20:54:27 ovzhost sshd[1020]: Failed password for root from 43.255.190.190 port 56866 ssh2
Apr 12 20:54:29 ovzhost sshd[1022]: Failed password for root from 43.255.190.182 port 47056 ssh2
Apr 12 20:54:31 ovzhost sshd[1018]: message repeated 2 times: [ Failed password for root from 43.255.190.182 port 42568 ssh2]
Apr 12 20:54:31 ovzhost sshd[1018]: Received disconnect from 43.255.190.182: 11:  [preauth]
Apr 12 20:54:31 ovzhost sshd[1018]: PAM 2 more authentication failures; logname= uid=0 euid=0 tty=ssh ruser= rhost=43.255.190.182  user=root
Apr 12 20:54:31 ovzhost sshd[1020]: message repeated 2 times: [ Failed password for root from 43.255.190.190 port 56866 ssh2]
Apr 12 20:54:31 ovzhost sshd[1020]: Received disconnect from 43.255.190.190: 11:  [preauth]
Apr 12 20:54:31 ovzhost sshd[1020]: PAM 2 more authentication failures; logname= uid=0 euid=0 tty=ssh ruser= rhost=43.255.190.190  user=root
Apr 12 20:54:31 ovzhost sshd[1024]: pam_unix(sshd:auth): authentication failure; logname= uid=0 euid=0 tty=ssh ruser= rhost=43.255.190.182  user=root
Apr 12 20:54:32 ovzhost sshd[1026]: pam_unix(sshd:auth): authentication failure; logname= uid=0 euid=0 tty=ssh ruser= rhost=43.255.190.190  user=root
Apr 12 20:54:32 ovzhost sshd[1022]: message repeated 2 times: [ Failed password for root from 43.255.190.182 port 47056 ssh2]
Apr 12 20:54:32 ovzhost sshd[1022]: Received disconnect from 43.255.190.182: 11:  [preauth]
Apr 12 20:54:32 ovzhost sshd[1022]: PAM 2 more authentication failures; logname= uid=0 euid=0 tty=ssh ruser= rhost=43.255.190.182  user=root
Apr 12 20:54:33 ovzhost sshd[1024]: Failed password for root from 43.255.190.182 port 56570 ssh2
Apr 12 20:54:33 ovzhost sshd[1028]: pam_unix(sshd:auth): authentication failure; logname= uid=0 euid=0 tty=ssh ruser= rhost=43.255.190.182  user=root
Apr 12 20:54:34 ovzhost sshd[1026]: Failed password for root from 43.255.190.190 port 45976 ssh2
Apr 12 20:54:34 ovzhost sshd[1028]: Failed password for root from 43.255.190.182 port 60374 ssh2
Apr 12 20:54:36 ovzhost sshd[1024]: message repeated 2 times: [ Failed password for root from 43.255.190.182 port 56570 ssh2]
Apr 12 20:54:36 ovzhost sshd[1024]: Received disconnect from 43.255.190.182: 11:  [preauth]
Apr 12 20:54:36 ovzhost sshd[1024]: PAM 2 more authentication failures; logname= uid=0 euid=0 tty=ssh ruser= rhost=43.255.190.182  user=root
Apr 12 20:54:36 ovzhost sshd[1030]: pam_unix(sshd:auth): authentication failure; logname= uid=0 euid=0 tty=ssh ruser= rhost=43.255.190.182  user=root
Apr 12 20:54:38 ovzhost sshd[1026]: message repeated 2 times: [ Failed password for root from 43.255.190.190 port 45976 ssh2]
Apr 12 20:54:38 ovzhost sshd[1026]: Received disconnect from 43.255.190.190: 11:  [preauth]
Apr 12 20:54:38 ovzhost sshd[1026]: PAM 2 more authentication failures; logname= uid=0 euid=0 tty=ssh ruser= rhost=43.255.190.190  user=root
Apr 12 20:54:38 ovzhost sshd[1028]: message repeated 2 times: [ Failed password for root from 43.255.190.182 port 60374 ssh2]
Apr 12 20:54:38 ovzhost sshd[1028]: Received disconnect from 43.255.190.182: 11:  [preauth]
Apr 12 20:54:38 ovzhost sshd[1028]: PAM 2 more authentication failures; logname= uid=0 euid=0 tty=ssh ruser= rhost=43.255.190.182  user=root
Apr 12 20:54:39 ovzhost sshd[1032]: pam_unix(sshd:auth): authentication failure; logname= uid=0 euid=0 tty=ssh ruser= rhost=43.255.190.190  user=root
Apr 12 20:54:39 ovzhost sshd[1030]: Failed password for root from 43.255.190.182 port 40283 ssh2
Apr 12 20:54:39 ovzhost sshd[1034]: pam_unix(sshd:auth): authentication failure; logname= uid=0 euid=0 tty=ssh ruser= rhost=43.255.190.182  user=root
Apr 12 20:54:41 ovzhost sshd[1032]: Failed password for root from 43.255.190.190 port 34040 ssh2
Apr 12 20:54:41 ovzhost sshd[1034]: Failed password for root from 43.255.190.182 port 44761 ssh2
Apr 12 20:54:43 ovzhost sshd[1030]: message repeated 2 times: [ Failed password for root from 43.255.190.182 port 40283 ssh2]
Apr 12 20:54:43 ovzhost sshd[1030]: Received disconnect from 43.255.190.182: 11:  [preauth]
Apr 12 20:54:43 ovzhost sshd[1030]: PAM 2 more authentication failures; logname= uid=0 euid=0 tty=ssh ruser= rhost=43.255.190.182  user=root
Apr 12 20:54:44 ovzhost sshd[1036]: pam_unix(sshd:auth): authentication failure; logname= uid=0 euid=0 tty=ssh ruser= rhost=43.255.190.182  user=root
Apr 12 20:54:44 ovzhost sshd[1032]: message repeated 2 times: [ Failed password for root from 43.255.190.190 port 34040 ssh2]
Apr 12 20:54:44 ovzhost sshd[1032]: Received disconnect from 43.255.190.190: 11:  [preauth]
Apr 12 20:54:44 ovzhost sshd[1032]: PAM 2 more authentication failures; logname= uid=0 euid=0 tty=ssh ruser= rhost=43.255.190.190  user=root
Apr 12 20:54:45 ovzhost sshd[1034]: message repeated 2 times: [ Failed password for root from 43.255.190.182 port 44761 ssh2]
Apr 12 20:54:45 ovzhost sshd[1034]: Received disconnect from 43.255.190.182: 11:  [preauth]
Apr 12 20:54:45 ovzhost sshd[1034]: PAM 2 more authentication failures; logname= uid=0 euid=0 tty=ssh ruser= rhost=43.255.190.182  user=root
Apr 12 20:54:45 ovzhost sshd[1038]: pam_unix(sshd:auth): authentication failure; logname= uid=0 euid=0 tty=ssh ruser= rhost=43.255.190.190  user=root
Apr 12 20:54:45 ovzhost sshd[1040]: pam_unix(sshd:auth): authentication failure; logname= uid=0 euid=0 tty=ssh ruser= rhost=43.255.190.182  user=root
Apr 12 20:54:46 ovzhost sshd[1036]: Failed password for root from 43.255.190.182 port 55071 ssh2
Apr 12 20:54:46 ovzhost sshd[1038]: Failed password for root from 43.255.190.190 port 49881 ssh2
Apr 12 20:54:47 ovzhost sshd[1040]: Failed password for root from 43.255.190.182 port 58934 ssh2
Apr 12 20:54:50 ovzhost sshd[1036]: message repeated 2 times: [ Failed password for root from 43.255.190.182 port 55071 ssh2]
Apr 12 20:54:50 ovzhost sshd[1036]: Received disconnect from 43.255.190.182: 11:  [preauth]
Apr 12 20:54:50 ovzhost sshd[1036]: PAM 2 more authentication failures; logname= uid=0 euid=0 tty=ssh ruser= rhost=43.255.190.182  user=root
Apr 12 20:54:50 ovzhost sshd[1038]: message repeated 2 times: [ Failed password for root from 43.255.190.190 port 49881 ssh2]
Apr 12 20:54:50 ovzhost sshd[1038]: Received disconnect from 43.255.190.190: 11:  [preauth]
Apr 12 20:54:50 ovzhost sshd[1038]: PAM 2 more authentication failures; logname= uid=0 euid=0 tty=ssh ruser= rhost=43.255.190.190  user=root
Apr 12 20:54:51 ovzhost sshd[1042]: pam_unix(sshd:auth): authentication failure; logname= uid=0 euid=0 tty=ssh ruser= rhost=43.255.190.182  user=root
Apr 12 20:54:51 ovzhost sshd[1044]: pam_unix(sshd:auth): authentication failure; logname= uid=0 euid=0 tty=ssh ruser= rhost=43.255.190.190  user=root
Apr 12 20:54:51 ovzhost sshd[1040]: message repeated 2 times: [ Failed password for root from 43.255.190.182 port 58934 ssh2]
Apr 12 20:54:51 ovzhost sshd[1040]: Received disconnect from 43.255.190.182: 11:  [preauth]
Apr 12 20:54:51 ovzhost sshd[1040]: PAM 2 more authentication failures; logname= uid=0 euid=0 tty=ssh ruser= rhost=43.255.190.182  user=root
Apr 12 20:54:52 ovzhost sshd[1046]: pam_unix(sshd:auth): authentication failure; logname= uid=0 euid=0 tty=ssh ruser= rhost=43.255.190.182  user=root
Apr 12 20:54:52 ovzhost sshd[1042]: Failed password for root from 43.255.190.182 port 41757 ssh2
Apr 12 20:54:53 ovzhost sshd[1044]: Failed password for root from 43.255.190.190 port 36065 ssh2
Apr 12 20:54:54 ovzhost sshd[1046]: Failed password for root from 43.255.190.182 port 44833 ssh2
Apr 12 20:54:56 ovzhost sshd[1042]: message repeated 2 times: [ Failed password for root from 43.255.190.182 port 41757 ssh2]
Apr 12 20:54:56 ovzhost sshd[1042]: Received disconnect from 43.255.190.182: 11:  [preauth]
Apr 12 20:54:56 ovzhost sshd[1042]: PAM 2 more authentication failures; logname= uid=0 euid=0 tty=ssh ruser= rhost=43.255.190.182  user=root
Apr 12 20:54:57 ovzhost sshd[1044]: message repeated 2 times: [ Failed password for root from 43.255.190.190 port 36065 ssh2]
Apr 12 20:54:57 ovzhost sshd[1044]: Received disconnect from 43.255.190.190: 11:  [preauth]
Apr 12 20:54:57 ovzhost sshd[1044]: PAM 2 more authentication failures; logname= uid=0 euid=0 tty=ssh ruser= rhost=43.255.190.190  user=root
Apr 12 20:54:57 ovzhost sshd[1048]: pam_unix(sshd:auth): authentication failure; logname= uid=0 euid=0 tty=ssh ruser= rhost=43.255.190.182  user=root
Apr 12 20:54:57 ovzhost sshd[1050]: pam_unix(sshd:auth): authentication failure; logname= uid=0 euid=0 tty=ssh ruser= rhost=43.255.190.190  user=root
Apr 12 20:54:58 ovzhost sshd[1046]: message repeated 2 times: [ Failed password for root from 43.255.190.182 port 44833 ssh2]
Apr 12 20:54:58 ovzhost sshd[1046]: Received disconnect from 43.255.190.182: 11:  [preauth]
Apr 12 20:54:58 ovzhost sshd[1046]: PAM 2 more authentication failures; logname= uid=0 euid=0 tty=ssh ruser= rhost=43.255.190.182  user=root
Apr 12 20:54:58 ovzhost sshd[1048]: Failed password for root from 43.255.190.182 port 55441 ssh2
Apr 12 20:54:59 ovzhost sshd[1050]: Failed password for root from 43.255.190.190 port 51476 ssh2
Apr 12 20:54:59 ovzhost sshd[1052]: pam_unix(sshd:auth): authentication failure; logname= uid=0 euid=0 tty=ssh ruser= rhost=43.255.190.182  user=root
Apr 12 20:55:01 ovzhost sshd[1052]: Failed password for root from 43.255.190.182 port 59558 ssh2
Apr 12 20:55:02 ovzhost sshd[1048]: message repeated 2 times: [ Failed password for root from 43.255.190.182 port 55441 ssh2]
Apr 12 20:55:02 ovzhost sshd[1048]: Received disconnect from 43.255.190.182: 11:  [preauth]
Apr 12 20:55:02 ovzhost sshd[1048]: PAM 2 more authentication failures; logname= uid=0 euid=0 tty=ssh ruser= rhost=43.255.190.182  user=root
Apr 12 20:55:03 ovzhost sshd[1054]: pam_unix(sshd:auth): authentication failure; logname= uid=0 euid=0 tty=ssh ruser= rhost=43.255.190.182  user=root
Apr 12 20:55:03 ovzhost sshd[1050]: message repeated 2 times: [ Failed password for root from 43.255.190.190 port 51476 ssh2]
Apr 12 20:55:03 ovzhost sshd[1050]: Received disconnect from 43.255.190.190: 11:  [preauth]
Apr 12 20:55:03 ovzhost sshd[1050]: PAM 2 more authentication failures; logname= uid=0 euid=0 tty=ssh ruser= rhost=43.255.190.190  user=root
Apr 12 20:55:04 ovzhost sshd[1056]: pam_unix(sshd:auth): authentication failure; logname= uid=0 euid=0 tty=ssh ruser= rhost=43.255.190.190  user=root
Apr 12 20:55:05 ovzhost sshd[1054]: Failed password for root from 43.255.190.182 port 40202 ssh2
Apr 12 20:55:05 ovzhost sshd[1052]: message repeated 2 times: [ Failed password for root from 43.255.190.182 port 59558 ssh2]
Apr 12 20:55:05 ovzhost sshd[1052]: Received disconnect from 43.255.190.182: 11:  [preauth]
Apr 12 20:55:05 ovzhost sshd[1052]: PAM 2 more authentication failures; logname= uid=0 euid=0 tty=ssh ruser= rhost=43.255.190.182  user=root
Apr 12 20:55:06 ovzhost sshd[1056]: Failed password for root from 43.255.190.190 port 38872 ssh2
