Apr 11 00:00:55 ovzhost sshd[1111]: PAM 2 more authentication failures; logname= uid=0 euid=0 tty=ssh ruser= rhost=43.255.190.115  user=root
Apr 11 00:00:55 ovzhost sshd[1113]: Failed password for root from 43.255.190.174 port 49473 ssh2
Apr 11 00:00:56 ovzhost sshd[1115]: pam_unix(sshd:auth): authentication failure; logname= uid=0 euid=0 tty=ssh ruser= rhost=43.255.190.115  user=root
Apr 11 00:00:58 ovzhost sshd[1115]: Failed password for root from 43.255.190.115 port 55871 ssh2
Apr 11 00:01:00 ovzhost sshd[1113]: message repeated 2 times: [ Failed password for root from 43.255.190.174 port 49473 ssh2]
Apr 11 00:01:00 ovzhost sshd[1113]: Received disconnect from 43.255.190.174: 11:  [preauth]
Apr 11 00:01:00 ovzhost sshd[1113]: PAM 2 more authentication failures; logname= uid=0 euid=0 tty=ssh ruser= rhost=43.255.190.174  user=root
Apr 11 00:01:00 ovzhost sshd[1117]: pam_unix(sshd:auth): authentication failure; logname= uid=0 euid=0 tty=ssh ruser= rhost=43.255.190.174  user=root
Apr 11 00:01:02 ovzhost sshd[1115]: message repeated 2 times: [ Failed password for root from 43.255.190.115 port 55871 ssh2]
Apr 11 00:01:02 ovzhost sshd[1115]: Received disconnect from 43.255.190.115: 11:  [preauth]
Apr 11 00:01:02 ovzhost sshd[1115]: PAM 2 more authentication failures; logname= uid=0 euid=0 tty=ssh ruser= rhost=43.255.190.115  user=root
Apr 11 00:01:03 ovzhost sshd[1117]: Failed password for root from 43.255.190.174 port 37152 ssh2
Apr 11 00:01:03 ovzhost sshd[1119]: pam_unix(sshd:auth): authentication failure; logname= uid=0 euid=0 tty=ssh ruser= rhost=43.255.190.115  user=root
Apr 11 00:01:05 ovzhost sshd[1119]: Failed password for root from 43.255.190.115 port 43345 ssh2
Apr 11 00:01:07 ovzhost sshd[1117]: message repeated 2 times: [ Failed password for root from 43.255.190.174 port 37152 ssh2]
Apr 11 00:01:07 ovzhost sshd[1117]: Received disconnect from 43.255.190.174: 11:  [preauth]
Apr 11 00:01:07 ovzhost sshd[1117]: PAM 2 more authentication failures; logname= uid=0 euid=0 tty=ssh ruser= rhost=43.255.190.174  user=root
Apr 11 00:01:08 ovzhost sshd[1123]: pam_unix(sshd:auth): authentication failure; logname= uid=0 euid=0 tty=ssh ruser= rhost=43.255.190.174  user=root
Apr 11 00:01:09 ovzhost sshd[1119]: message repeated 2 times: [ Failed password for root from 43.255.190.115 port 43345 ssh2]
Apr 11 00:01:09 ovzhost sshd[1119]: Received disconnect from 43.255.190.115: 11:  [preauth]
Apr 11 00:01:09 ovzhost sshd[1119]: PAM 2 more authentication failures; logname= uid=0 euid=0 tty=ssh ruser= rhost=43.255.190.115  user=root
Apr 11 00:01:09 ovzhost sshd[1123]: Failed password for root from 43.255.190.174 port 53550 ssh2
Apr 11 00:01:10 ovzhost sshd[1125]: pam_unix(sshd:auth): authentication failure; logname= uid=0 euid=0 tty=ssh ruser= rhost=43.255.190.115  user=root
Apr 11 00:01:12 ovzhost sshd[1125]: Failed password for root from 43.255.190.115 port 58323 ssh2
Apr 11 00:01:14 ovzhost sshd[1123]: message repeated 2 times: [ Failed password for root from 43.255.190.174 port 53550 ssh2]
Apr 11 00:01:14 ovzhost sshd[1123]: Received disconnect from 43.255.190.174: 11:  [preauth]
Apr 11 00:01:14 ovzhost sshd[1123]: PAM 2 more authentication failures; logname= uid=0 euid=0 tty=ssh ruser= rhost=43.255.190.174  user=root
Apr 11 00:01:15 ovzhost sshd[1129]: pam_unix(sshd:auth): authentication failure; logname= uid=0 euid=0 tty=ssh ruser= rhost=43.255.190.174  user=root
Apr 11 00:01:17 ovzhost sshd[1125]: message repeated 2 times: [ Failed password for root from 43.255.190.115 port 58323 ssh2]
Apr 11 00:01:17 ovzhost sshd[1125]: Received disconnect from 43.255.190.115: 11:  [preauth]
Apr 11 00:01:17 ovzhost sshd[1125]: PAM 2 more authentication failures; logname= uid=0 euid=0 tty=ssh ruser= rhost=43.255.190.115  user=root
Apr 11 00:01:17 ovzhost sshd[1129]: Failed password for root from 43.255.190.174 port 41632 ssh2
Apr 11 00:01:18 ovzhost sshd[1131]: pam_unix(sshd:auth): authentication failure; logname= uid=0 euid=0 tty=ssh ruser= rhost=43.255.190.115  user=root
Apr 11 00:01:20 ovzhost sshd[1131]: Failed password for root from 43.255.190.115 port 45930 ssh2
Apr 11 00:01:21 ovzhost sshd[1129]: message repeated 2 times: [ Failed password for root from 43.255.190.174 port 41632 ssh2]
Apr 11 00:01:21 ovzhost sshd[1129]: Received disconnect from 43.255.190.174: 11:  [preauth]
Apr 11 00:01:21 ovzhost sshd[1129]: PAM 2 more authentication failures; logname= uid=0 euid=0 tty=ssh ruser= rhost=43.255.190.174  user=root
Apr 11 00:01:21 ovzhost sshd[1133]: pam_unix(sshd:auth): authentication failure; logname= uid=0 euid=0 tty=ssh ruser= rhost=43.255.190.174  user=root
Apr 11 00:01:24 ovzhost sshd[1133]: Failed password for root from 43.255.190.174 port 56534 ssh2
Apr 11 00:01:25 ovzhost sshd[1131]: message repeated 2 times: [ Failed password for root from 43.255.190.115 port 45930 ssh2]
Apr 11 00:01:25 ovzhost sshd[1131]: Received disconnect from 43.255.190.115: 11:  [preauth]
Apr 11 00:01:25 ovzhost sshd[1131]: PAM 2 more authentication failures; logname= uid=0 euid=0 tty=ssh ruser= rhost=43.255.190.115  user=root
Apr 11 00:01:26 ovzhost sshd[1135]: pam_unix(sshd:auth): authentication failure; logname= uid=0 euid=0 tty=ssh ruser= rhost=43.255.190.115  user=root
Apr 11 00:01:28 ovzhost sshd[1135]: Failed password for root from 43.255.190.115 port 35795 ssh2
Apr 11 00:01:28 ovzhost sshd[1133]: message repeated 2 times: [ Failed password for root from 43.255.190.174 port 56534 ssh2]
Apr 11 00:01:28 ovzhost sshd[1133]: Received disconnect from 43.255.190.174: 11:  [preauth]
Apr 11 00:01:28 ovzhost sshd[1133]: PAM 2 more authentication failures; logname= uid=0 euid=0 tty=ssh ruser= rhost=43.255.190.174  user=root
Apr 11 00:01:29 ovzhost sshd[1137]: pam_unix(sshd:auth): authentication failure; logname= uid=0 euid=0 tty=ssh ruser= rhost=43.255.190.174  user=root
Apr 11 00:01:31 ovzhost sshd[1135]: message repeated 2 times: [ Failed password for root from 43.255.190.115 port 35795 ssh2]
Apr 11 00:01:31 ovzhost sshd[1135]: Received disconnect from 43.255.190.115: 11:  [preauth]
Apr 11 00:01:31 ovzhost sshd[1135]: PAM 2 more authentication failures; logname= uid=0 euid=0 tty=ssh ruser= rhost=43.255.190.115  user=root
Apr 11 00:01:31 ovzhost sshd[1137]: Failed password for root from 43.255.190.174 port 44327 ssh2
Apr 11 00:01:32 ovzhost sshd[1139]: pam_unix(sshd:auth): authentication failure; logname= uid=0 euid=0 tty=ssh ruser= rhost=43.255.190.115  user=root
Apr 11 00:01:34 ovzhost sshd[1139]: Failed password for root from 43.255.190.115 port 50649 ssh2
Apr 11 00:01:36 ovzhost sshd[1137]: message repeated 2 times: [ Failed password for root from 43.255.190.174 port 44327 ssh2]
Apr 11 00:01:36 ovzhost sshd[1137]: Received disconnect from 43.255.190.174: 11:  [preauth]
Apr 11 00:01:36 ovzhost sshd[1137]: PAM 2 more authentication failures; logname= uid=0 euid=0 tty=ssh ruser= rhost=43.255.190.174  user=root
Apr 11 00:01:37 ovzhost sshd[1141]: pam_unix(sshd:auth): authentication failure; logname= uid=0 euid=0 tty=ssh ruser= rhost=43.255.190.174  user=root
Apr 11 00:01:39 ovzhost sshd[1139]: message repeated 2 times: [ Failed password for root from 43.255.190.115 port 50649 ssh2]
Apr 11 00:01:39 ovzhost sshd[1139]: Received disconnect from 43.255.190.115: 11:  [preauth]
Apr 11 00:01:39 ovzhost sshd[1139]: PAM 2 more authentication failures; logname= uid=0 euid=0 tty=ssh ruser= rhost=43.255.190.115  user=root
Apr 11 00:01:39 ovzhost sshd[1141]: Failed password for root from 43.255.190.174 port 33125 ssh2
Apr 11 00:01:40 ovzhost sshd[1143]: pam_unix(sshd:auth): authentication failure; logname= uid=0 euid=0 tty=ssh ruser= rhost=43.255.190.115  user=root
Apr 11 00:01:42 ovzhost sshd[1143]: Failed password for root from 43.255.190.115 port 38538 ssh2
Apr 11 00:01:42 ovzhost sshd[1146]: Connection closed by 127.0.0.1 [preauth]
Apr 11 00:01:43 ovzhost sshd[1141]: message repeated 2 times: [ Failed password for root from 43.255.190.174 port 33125 ssh2]
Apr 11 00:01:43 ovzhost sshd[1141]: Received disconnect from 43.255.190.174: 11:  [preauth]
Apr 11 00:01:43 ovzhost sshd[1141]: PAM 2 more authentication failures; logname= uid=0 euid=0 tty=ssh ruser= rhost=43.255.190.174  user=root
Apr 11 00:01:44 ovzhost sshd[1150]: pam_unix(sshd:auth): authentication failure; logname= uid=0 euid=0 tty=ssh ruser= rhost=43.255.190.174  user=root
Apr 11 00:01:46 ovzhost sshd[1150]: Failed password for root from 43.255.190.174 port 48647 ssh2
Apr 11 00:01:47 ovzhost sshd[1143]: message repeated 2 times: [ Failed password for root from 43.255.190.115 port 38538 ssh2]
Apr 11 00:01:47 ovzhost sshd[1143]: Received disconnect from 43.255.190.115: 11:  [preauth]
Apr 11 00:01:47 ovzhost sshd[1143]: PAM 2 more authentication failures; logname= uid=0 euid=0 tty=ssh ruser= rhost=43.255.190.115  user=root
Apr 11 00:01:48 ovzhost sshd[1152]: pam_unix(sshd:auth): authentication failure; logname= uid=0 euid=0 tty=ssh ruser= rhost=43.255.190.115  user=root
Apr 11 00:01:50 ovzhost sshd[1152]: Failed password for root from 43.255.190.115 port 56548 ssh2
Apr 11 00:01:51 ovzhost sshd[1150]: message repeated 2 times: [ Failed password for root from 43.255.190.174 port 48647 ssh2]
Apr 11 00:01:51 ovzhost sshd[1150]: Received disconnect from 43.255.190.174: 11:  [preauth]
Apr 11 00:01:51 ovzhost sshd[1150]: PAM 2 more authentication failures; logname= uid=0 euid=0 tty=ssh ruser= rhost=43.255.190.174  user=root
Apr 11 00:01:52 ovzhost sshd[1154]: pam_unix(sshd:auth): authentication failure; logname= uid=0 euid=0 tty=ssh ruser= rhost=43.255.190.174  user=root
Apr 11 00:01:54 ovzhost sshd[1154]: Failed password for root from 43.255.190.174 port 37363 ssh2
Apr 11 00:01:55 ovzhost sshd[1152]: message repeated 2 times: [ Failed password for root from 43.255.190.115 port 56548 ssh2]
Apr 11 00:01:55 ovzhost sshd[1152]: Received disconnect from 43.255.190.115: 11:  [preauth]
Apr 11 00:01:55 ovzhost sshd[1152]: PAM 2 more authentication failures; logname= uid=0 euid=0 tty=ssh ruser= rhost=43.255.190.115  user=root
Apr 11 00:01:55 ovzhost sshd[1156]: pam_unix(sshd:auth): authentication failure; logname= uid=0 euid=0 tty=ssh ruser= rhost=43.255.190.115  user=root
Apr 11 00:01:57 ovzhost sshd[1156]: Failed password for root from 43.255.190.115 port 44117 ssh2
Apr 11 00:01:59 ovzhost sshd[1154]: message repeated 2 times: [ Failed password for root from 43.255.190.174 port 37363 ssh2]
Apr 11 00:01:59 ovzhost sshd[1154]: Received disconnect from 43.255.190.174: 11:  [preauth]
Apr 11 00:01:59 ovzhost sshd[1154]: PAM 2 more authentication failures; logname= uid=0 euid=0 tty=ssh ruser= rhost=43.255.190.174  user=root
Apr 11 00:02:00 ovzhost sshd[1158]: pam_unix(sshd:auth): authentication failure; logname= uid=0 euid=0 tty=ssh ruser= rhost=43.255.190.174  user=root
Apr 11 00:02:02 ovzhost sshd[1158]: Failed password for root from 43.255.190.174 port 54018 ssh2
Apr 11 00:02:03 ovzhost sshd[1156]: message repeated 2 times: [ Failed password for root from 43.255.190.115 port 44117 ssh2]
Apr 11 00:02:03 ovzhost sshd[1156]: Received disconnect from 43.255.190.115: 11:  [preauth]
Apr 11 00:02:03 ovzhost sshd[1156]: PAM 2 more authentication failures; logname= uid=0 euid=0 tty=ssh ruser= rhost=43.255.190.115  user=root
Apr 11 00:02:04 ovzhost sshd[1160]: pam_unix(sshd:auth): authentication failure; logname= uid=0 euid=0 tty=ssh ruser= rhost=43.255.190.115  user=root
Apr 11 00:02:05 ovzhost sshd[1160]: Failed password for root from 43.255.190.115 port 33741 ssh2
Apr 11 00:02:06 ovzhost sshd[1158]: message repeated 2 times: [ Failed password for root from 43.255.190.174 port 54018 ssh2]
Apr 11 00:02:06 ovzhost sshd[1158]: Received disconnect from 43.255.190.174: 11:  [preauth]
Apr 11 00:02:06 ovzhost sshd[1158]: PAM 2 more authentication failures; logname= uid=0 euid=0 tty=ssh ruser= rhost=43.255.190.174  user=root
Apr 11 00:02:06 ovzhost sshd[1162]: pam_unix(sshd:auth): authentication failure; logname= uid=0 euid=0 tty=ssh ruser= rhost=43.255.190.174  user=root
Apr 11 00:02:09 ovzhost sshd[1162]: Failed password for root from 43.255.190.174 port 41212 ssh2
Apr 11 00:02:10 ovzhost sshd[1160]: message repeated 2 times: [ Failed password for root from 43.255.190.115 port 33741 ssh2]
Apr 11 00:02:10 ovzhost sshd[1160]: Received disconnect from 43.255.190.115: 11:  [preauth]
Apr 11 00:02:10 ovzhost sshd[1160]: PAM 2 more authentication failures; logname= uid=0 euid=0 tty=ssh ruser= rhost=43.255.190.115  user=root
Apr 11 00:02:10 ovzhost sshd[1165]: pam_unix(sshd:auth): authentication failure; logname= uid=0 euid=0 tty=ssh ruser= rhost=43.255.190.115  user=root
Apr 11 00:02:13 ovzhost sshd[1165]: Failed password for root from 43.255.190.115 port 48573 ssh2
Apr 11 00:02:13 ovzhost sshd[1162]: message repeated 2 times: [ Failed password for root from 43.255.190.174 port 41212 ssh2]
Apr 11 00:02:13 ovzhost sshd[1162]: Received disconnect from 43.255.190.174: 11:  [preauth]
Apr 11 00:02:13 ovzhost sshd[1162]: PAM 2 more authentication failures; logname= uid=0 euid=0 tty=ssh ruser= rhost=43.255.190.174  user=root
Apr 11 00:02:14 ovzhost sshd[1167]: pam_unix(sshd:auth): authentication failure; logname= uid=0 euid=0 tty=ssh ruser= rhost=43.255.190.174  user=root
Apr 11 00:02:15 ovzhost sshd[1167]: Failed password for root from 43.255.190.174 port 56779 ssh2
Apr 11 00:02:16 ovzhost sshd[1165]: message repeated 2 times: [ Failed password for root from 43.255.190.115 port 48573 ssh2]
Apr 11 00:02:16 ovzhost sshd[1165]: Received disconnect from 43.255.190.115: 11:  [preauth]
Apr 11 00:02:16 ovzhost sshd[1165]: PAM 2 more authentication failures; logname= uid=0 euid=0 tty=ssh ruser= rhost=43.255.190.115  user=root
Apr 11 00:02:17 ovzhost sshd[1169]: pam_unix(sshd:auth): authentication failure; logname= uid=0 euid=0 tty=ssh ruser= rhost=43.255.190.115  user=root
Apr 11 00:02:19 ovzhost sshd[1169]: Failed password for root from 43.255.190.115 port 35279 ssh2
Apr 11 00:02:20 ovzhost sshd[1167]: message repeated 2 times: [ Failed password for root from 43.255.190.174 port 56779 ssh2]
Apr 11 00:02:20 ovzhost sshd[1167]: Received disconnect from 43.255.190.174: 11:  [preauth]
Apr 11 00:02:20 ovzhost sshd[1167]: PAM 2 more authentication failures; logname= uid=0 euid=0 tty=ssh ruser= rhost=43.255.190.174  user=root
Apr 11 00:02:20 ovzhost sshd[1171]: pam_unix(sshd:auth): authentication failure; logname= uid=0 euid=0 tty=ssh ruser= rhost=43.255.190.174  user=root
Apr 11 00:02:22 ovzhost sshd[1171]: Failed password for root from 43.255.190.174 port 44113 ssh2
Apr 11 00:02:23 ovzhost sshd[1169]: message repeated 2 times: [ Failed password for root from 43.255.190.115 port 35279 ssh2]
Apr 11 00:02:24 ovzhost sshd[1169]: Received disconnect from 43.255.190.115: 11:  [preauth]
Apr 11 00:02:24 ovzhost sshd[1169]: PAM 2 more authentication failures; logname= uid=0 euid=0 tty=ssh ruser= rhost=43.255.190.115  user=root
Apr 11 00:02:24 ovzhost sshd[1173]: pam_unix(sshd:auth): authentication failure; logname= uid=0 euid=0 tty=ssh ruser= rhost=43.255.190.115  user=root
Apr 11 00:02:26 ovzhost sshd[1173]: Failed password for root from 43.255.190.115 port 51201 ssh2
Apr 11 00:02:26 ovzhost sshd[1171]: message repeated 2 times: [ Failed password for root from 43.255.190.174 port 44113 ssh2]
Apr 11 00:02:26 ovzhost sshd[1171]: Received disconnect from 43.255.190.174: 11:  [preauth]
Apr 11 00:02:26 ovzhost sshd[1171]: PAM 2 more authentication failures; logname= uid=0 euid=0 tty=ssh ruser= rhost=43.255.190.174  user=root
Apr 11 00:02:27 ovzhost sshd[1175]: pam_unix(sshd:auth): authentication failure; logname= uid=0 euid=0 tty=ssh ruser= rhost=43.255.190.174  user=root
Apr 11 00:02:29 ovzhost sshd[1175]: Failed password for root from 43.255.190.174 port 58193 ssh2
Apr 11 00:02:30 ovzhost sshd[1173]: message repeated 2 times: [ Failed password for root from 43.255.190.115 port 51201 ssh2]
Apr 11 00:02:30 ovzhost sshd[1173]: Received disconnect from 43.255.190.115: 11:  [preauth]
Apr 11 00:02:30 ovzhost sshd[1173]: PAM 2 more authentication failures; logname= uid=0 euid=0 tty=ssh ruser= rhost=43.255.190.115  user=root
Apr 11 00:02:31 ovzhost sshd[1177]: pam_unix(sshd:auth): authentication failure; logname= uid=0 euid=0 tty=ssh ruser= rhost=43.255.190.115  user=root
Apr 11 00:02:33 ovzhost sshd[1177]: Failed password for root from 43.255.190.115 port 38991 ssh2
Apr 11 00:02:34 ovzhost sshd[1175]: message repeated 2 times: [ Failed password for root from 43.255.190.174 port 58193 ssh2]
Apr 11 00:02:34 ovzhost sshd[1175]: Received disconnect from 43.255.190.174: 11:  [preauth]
Apr 11 00:02:34 ovzhost sshd[1175]: PAM 2 more authentication failures; logname= uid=0 euid=0 tty=ssh ruser= rhost=43.255.190.174  user=root
Apr 11 00:02:35 ovzhost sshd[1179]: pam_unix(sshd:auth): authentication failure; logname= uid=0 euid=0 tty=ssh ruser= rhost=43.255.190.174  user=root
Apr 11 00:02:37 ovzhost sshd[1179]: Failed password for root from 43.255.190.174 port 45954 ssh2
Apr 11 00:02:37 ovzhost sshd[1177]: message repeated 2 times: [ Failed password for root from 43.255.190.115 port 38991 ssh2]
Apr 11 00:02:37 ovzhost sshd[1177]: Received disconnect from 43.255.190.115: 11:  [preauth]
Apr 11 00:02:37 ovzhost sshd[1177]: PAM 2 more authentication failures; logname= uid=0 euid=0 tty=ssh ruser= rhost=43.255.190.115  user=root
Apr 11 00:02:38 ovzhost sshd[1181]: pam_unix(sshd:auth): authentication failure; logname= uid=0 euid=0 tty=ssh ruser= rhost=43.255.190.115  user=root
Apr 11 00:02:40 ovzhost sshd[1181]: Failed password for root from 43.255.190.115 port 56149 ssh2
Apr 11 00:02:40 ovzhost sshd[1179]: message repeated 2 times: [ Failed password for root from 43.255.190.174 port 45954 ssh2]
Apr 11 00:02:40 ovzhost sshd[1179]: Received disconnect from 43.255.190.174: 11:  [preauth]
Apr 11 00:02:40 ovzhost sshd[1179]: PAM 2 more authentication failures; logname= uid=0 euid=0 tty=ssh ruser= rhost=43.255.190.174  user=root
Apr 11 00:02:41 ovzhost sshd[1183]: pam_unix(sshd:auth): authentication failure; logname= uid=0 euid=0 tty=ssh ruser= rhost=43.255.190.174  user=root
Apr 11 00:02:43 ovzhost sshd[1183]: Failed password for root from 43.255.190.174 port 60588 ssh2
Apr 11 00:02:44 ovzhost sshd[1181]: message repeated 2 times: [ Failed password for root from 43.255.190.115 port 56149 ssh2]
Apr 11 00:02:45 ovzhost sshd[1181]: Received disconnect from 43.255.190.115: 11:  [preauth]
Apr 11 00:02:45 ovzhost sshd[1181]: PAM 2 more authentication failures; logname= uid=0 euid=0 tty=ssh ruser= rhost=43.255.190.115  user=root
Apr 11 00:02:45 ovzhost sshd[1185]: pam_unix(sshd:auth): authentication failure; logname= uid=0 euid=0 tty=ssh ruser= rhost=43.255.190.115  user=root
Apr 11 00:02:47 ovzhost sshd[1185]: Failed password for root from 43.255.190.115 port 44872 ssh2
Apr 11 00:02:48 ovzhost sshd[1183]: message repeated 2 times: [ Failed password for root from 43.255.190.174 port 60588 ssh2]
Apr 11 00:02:48 ovzhost sshd[1183]: Received disconnect from 43.255.190.174: 11:  [preauth]
Apr 11 00:02:48 ovzhost sshd[1183]: PAM 2 more authentication failures; logname= uid=0 euid=0 tty=ssh ruser= rhost=43.255.190.174  user=root
Apr 11 00:02:48 ovzhost sshd[1187]: pam_unix(sshd:auth): authentication failure; logname= uid=0 euid=0 tty=ssh ruser= rhost=43.255.190.174  user=root
Apr 11 00:02:50 ovzhost sshd[1187]: Failed password for root from 43.255.190.174 port 48344 ssh2
Apr 11 00:02:51 ovzhost sshd[1185]: message repeated 2 times: [ Failed password for root from 43.255.190.115 port 44872 ssh2]
Apr 11 00:02:51 ovzhost sshd[1185]: Received disconnect from 43.255.190.115: 11:  [preauth]
Apr 11 00:02:51 ovzhost sshd[1185]: PAM 2 more authentication failures; logname= uid=0 euid=0 tty=ssh ruser= rhost=43.255.190.115  user=root
Apr 11 00:02:52 ovzhost sshd[1189]: pam_unix(sshd:auth): authentication failure; logname= uid=0 euid=0 tty=ssh ruser= rhost=43.255.190.115  user=root
Apr 11 00:02:55 ovzhost sshd[1189]: Failed password for root from 43.255.190.115 port 33738 ssh2
Apr 11 00:02:55 ovzhost sshd[1187]: message repeated 2 times: [ Failed password for root from 43.255.190.174 port 48344 ssh2]
Apr 11 00:02:55 ovzhost sshd[1187]: Received disconnect from 43.255.190.174: 11:  [preauth]
Apr 11 00:02:55 ovzhost sshd[1187]: PAM 2 more authentication failures; logname= uid=0 euid=0 tty=ssh ruser= rhost=43.255.190.174  user=root
Apr 11 00:02:56 ovzhost sshd[1191]: pam_unix(sshd:auth): authentication failure; logname= uid=0 euid=0 tty=ssh ruser= rhost=43.255.190.174  user=root
Apr 11 00:02:57 ovzhost sshd[1191]: Failed password for root from 43.255.190.174 port 36266 ssh2
Apr 11 00:02:59 ovzhost sshd[1189]: message repeated 2 times: [ Failed password for root from 43.255.190.115 port 33738 ssh2]
Apr 11 00:02:59 ovzhost sshd[1189]: Received disconnect from 43.255.190.115: 11:  [preauth]
Apr 11 00:02:59 ovzhost sshd[1189]: PAM 2 more authentication failures; logname= uid=0 euid=0 tty=ssh ruser= rhost=43.255.190.115  user=root
Apr 11 00:02:59 ovzhost sshd[1193]: pam_unix(sshd:auth): authentication failure; logname= uid=0 euid=0 tty=ssh ruser= rhost=43.255.190.115  user=root
Apr 11 00:03:01 ovzhost sshd[1193]: Failed password for root from 43.255.190.115 port 52282 ssh2
Apr 11 00:03:01 ovzhost sshd[1191]: message repeated 2 times: [ Failed password for root from 43.255.190.174 port 36266 ssh2]
Apr 11 00:03:02 ovzhost sshd[1191]: Received disconnect from 43.255.190.174: 11:  [preauth]
Apr 11 00:03:02 ovzhost sshd[1191]: PAM 2 more authentication failures; logname= uid=0 euid=0 tty=ssh ruser= rhost=43.255.190.174  user=root
Apr 11 00:03:02 ovzhost sshd[1195]: pam_unix(sshd:auth): authentication failure; logname= uid=0 euid=0 tty=ssh ruser= rhost=43.255.190.174  user=root
Apr 11 00:03:04 ovzhost sshd[1195]: Failed password for root from 43.255.190.174 port 51883 ssh2
Apr 11 00:03:05 ovzhost sshd[1193]: message repeated 2 times: [ Failed password for root from 43.255.190.115 port 52282 ssh2]
Apr 11 00:03:05 ovzhost sshd[1193]: Received disconnect from 43.255.190.115: 11:  [preauth]
Apr 11 00:03:05 ovzhost sshd[1193]: PAM 2 more authentication failures; logname= uid=0 euid=0 tty=ssh ruser= rhost=43.255.190.115  user=root
Apr 11 00:03:05 ovzhost sshd[1197]: pam_unix(sshd:auth): authentication failure; logname= uid=0 euid=0 tty=ssh ruser= rhost=43.255.190.115  user=root
Apr 11 00:03:08 ovzhost sshd[1197]: Failed password for root from 43.255.190.115 port 40977 ssh2
Apr 11 00:03:09 ovzhost sshd[1195]: message repeated 2 times: [ Failed password for root from 43.255.190.174 port 51883 ssh2]
Apr 11 00:03:09 ovzhost sshd[1195]: Received disconnect from 43.255.190.174: 11:  [preauth]
Apr 11 00:03:09 ovzhost sshd[1195]: PAM 2 more authentication failures; logname= uid=0 euid=0 tty=ssh ruser= rhost=43.255.190.174  user=root
Apr 11 00:03:09 ovzhost sshd[1199]: pam_unix(sshd:auth): authentication failure; logname= uid=0 euid=0 tty=ssh ruser= rhost=43.255.190.174  user=root
Apr 11 00:03:11 ovzhost sshd[1199]: Failed password for root from 43.255.190.174 port 40568 ssh2
Apr 11 00:03:12 ovzhost sshd[1197]: message repeated 2 times: [ Failed password for root from 43.255.190.115 port 40977 ssh2]
Apr 11 00:03:12 ovzhost sshd[1197]: Received disconnect from 43.255.190.115: 11:  [preauth]
Apr 11 00:03:12 ovzhost sshd[1197]: PAM 2 more authentication failures; logname= uid=0 euid=0 tty=ssh ruser= rhost=43.255.190.115  user=root
Apr 11 00:03:13 ovzhost sshd[1202]: pam_unix(sshd:auth): authentication failure; logname= uid=0 euid=0 tty=ssh ruser= rhost=43.255.190.115  user=root
Apr 11 00:03:14 ovzhost sshd[1202]: Failed password for root from 43.255.190.115 port 60631 ssh2
Apr 11 00:03:15 ovzhost sshd[1199]: message repeated 2 times: [ Failed password for root from 43.255.190.174 port 40568 ssh2]
Apr 11 00:03:15 ovzhost sshd[1199]: Received disconnect from 43.255.190.174: 11:  [preauth]
Apr 11 00:03:15 ovzhost sshd[1199]: PAM 2 more authentication failures; logname= uid=0 euid=0 tty=ssh ruser= rhost=43.255.190.174  user=root
Apr 11 00:03:16 ovzhost sshd[1204]: pam_unix(sshd:auth): authentication failure; logname= uid=0 euid=0 tty=ssh ruser= rhost=43.255.190.174  user=root
Apr 11 00:03:18 ovzhost sshd[1202]: message repeated 2 times: [ Failed password for root from 43.255.190.115 port 60631 ssh2]
Apr 11 00:03:19 ovzhost sshd[1202]: Received disconnect from 43.255.190.115: 11:  [preauth]
Apr 11 00:03:19 ovzhost sshd[1202]: PAM 2 more authentication failures; logname= uid=0 euid=0 tty=ssh ruser= rhost=43.255.190.115  user=root
Apr 11 00:03:19 ovzhost sshd[1204]: Failed password for root from 43.255.190.174 port 58198 ssh2
Apr 11 00:03:19 ovzhost sshd[1206]: pam_unix(sshd:auth): authentication failure; logname= uid=0 euid=0 tty=ssh ruser= rhost=43.255.190.115  user=root
Apr 11 00:03:20 ovzhost sshd[1206]: Failed password for root from 43.255.190.115 port 50283 ssh2
Apr 11 00:03:22 ovzhost sshd[1204]: message repeated 2 times: [ Failed password for root from 43.255.190.174 port 58198 ssh2]
Apr 11 00:03:22 ovzhost sshd[1204]: Received disconnect from 43.255.190.174: 11:  [preauth]
Apr 11 00:03:22 ovzhost sshd[1204]: PAM 2 more authentication failures; logname= uid=0 euid=0 tty=ssh ruser= rhost=43.255.190.174  user=root
Apr 11 00:03:23 ovzhost sshd[1208]: pam_unix(sshd:auth): authentication failure; logname= uid=0 euid=0 tty=ssh ruser= rhost=43.255.190.174  user=root
Apr 11 00:03:25 ovzhost sshd[1208]: Failed password for root from 43.255.190.174 port 47138 ssh2
Apr 11 00:03:25 ovzhost sshd[1206]: message repeated 2 times: [ Failed password for root from 43.255.190.115 port 50283 ssh2]
Apr 11 00:03:25 ovzhost sshd[1206]: Received disconnect from 43.255.190.115: 11:  [preauth]
Apr 11 00:03:25 ovzhost sshd[1206]: PAM 2 more authentication failures; logname= uid=0 euid=0 tty=ssh ruser= rhost=43.255.190.115  user=root
Apr 11 00:03:26 ovzhost sshd[1210]: pam_unix(sshd:auth): authentication failure; logname= uid=0 euid=0 tty=ssh ruser= rhost=43.255.190.115  user=root
Apr 11 00:03:27 ovzhost sshd[1210]: Failed password for root from 43.255.190.115 port 40754 ssh2
Apr 11 00:03:29 ovzhost sshd[1208]: message repeated 2 times: [ Failed password for root from 43.255.190.174 port 47138 ssh2]
Apr 11 00:03:29 ovzhost sshd[1208]: Received disconnect from 43.255.190.174: 11:  [preauth]
Apr 11 00:03:29 ovzhost sshd[1208]: PAM 2 more authentication failures; logname= uid=0 euid=0 tty=ssh ruser= rhost=43.255.190.174  user=root
Apr 11 00:03:29 ovzhost sshd[1214]: pam_unix(sshd:auth): authentication failure; logname= uid=0 euid=0 tty=ssh ruser= rhost=43.255.190.174  user=root
Apr 11 00:03:31 ovzhost sshd[1210]: message repeated 2 times: [ Failed password for root from 43.255.190.115 port 40754 ssh2]
Apr 11 00:03:31 ovzhost sshd[1210]: Received disconnect from 43.255.190.115: 11:  [preauth]
Apr 11 00:03:31 ovzhost sshd[1210]: PAM 2 more authentication failures; logname= uid=0 euid=0 tty=ssh ruser= rhost=43.255.190.115  user=root
Apr 11 00:03:32 ovzhost sshd[1214]: Failed password for root from 43.255.190.174 port 35038 ssh2
Apr 11 00:03:32 ovzhost sshd[1216]: pam_unix(sshd:auth): authentication failure; logname= uid=0 euid=0 tty=ssh ruser= rhost=43.255.190.115  user=root
Apr 11 00:03:34 ovzhost sshd[1216]: Failed password for root from 43.255.190.115 port 59702 ssh2
Apr 11 00:03:35 ovzhost sshd[1214]: message repeated 2 times: [ Failed password for root from 43.255.190.174 port 35038 ssh2]
Apr 11 00:03:36 ovzhost sshd[1214]: Received disconnect from 43.255.190.174: 11:  [preauth]
Apr 11 00:03:36 ovzhost sshd[1214]: PAM 2 more authentication failures; logname= uid=0 euid=0 tty=ssh ruser= rhost=43.255.190.174  user=root
Apr 11 00:03:36 ovzhost sshd[1219]: pam_unix(sshd:auth): authentication failure; logname= uid=0 euid=0 tty=ssh ruser= rhost=43.255.190.174  user=root
Apr 11 00:03:38 ovzhost sshd[1216]: message repeated 2 times: [ Failed password for root from 43.255.190.115 port 59702 ssh2]
Apr 11 00:03:38 ovzhost sshd[1216]: Received disconnect from 43.255.190.115: 11:  [preauth]
Apr 11 00:03:38 ovzhost sshd[1216]: PAM 2 more authentication failures; logname= uid=0 euid=0 tty=ssh ruser= rhost=43.255.190.115  user=root
Apr 11 00:03:38 ovzhost sshd[1219]: Failed password for root from 43.255.190.174 port 52259 ssh2
Apr 11 00:03:39 ovzhost sshd[1221]: pam_unix(sshd:auth): authentication failure; logname= uid=0 euid=0 tty=ssh ruser= rhost=43.255.190.115  user=root
Apr 11 00:03:42 ovzhost sshd[1221]: Failed password for root from 43.255.190.115 port 51440 ssh2
Apr 11 00:03:42 ovzhost sshd[1219]: message repeated 2 times: [ Failed password for root from 43.255.190.174 port 52259 ssh2]
Apr 11 00:03:43 ovzhost sshd[1219]: Received disconnect from 43.255.190.174: 11:  [preauth]
Apr 11 00:03:43 ovzhost sshd[1219]: PAM 2 more authentication failures; logname= uid=0 euid=0 tty=ssh ruser= rhost=43.255.190.174  user=root
Apr 11 00:03:43 ovzhost sshd[1223]: pam_unix(sshd:auth): authentication failure; logname= uid=0 euid=0 tty=ssh ruser= rhost=43.255.190.174  user=root
Apr 11 00:03:45 ovzhost sshd[1223]: Failed password for root from 43.255.190.174 port 44006 ssh2
Apr 11 00:03:46 ovzhost sshd[1221]: message repeated 2 times: [ Failed password for root from 43.255.190.115 port 51440 ssh2]
Apr 11 00:03:46 ovzhost sshd[1221]: Received disconnect from 43.255.190.115: 11:  [preauth]
Apr 11 00:03:46 ovzhost sshd[1221]: PAM 2 more authentication failures; logname= uid=0 euid=0 tty=ssh ruser= rhost=43.255.190.115  user=root
Apr 11 00:03:47 ovzhost sshd[1225]: pam_unix(sshd:auth): authentication failure; logname= uid=0 euid=0 tty=ssh ruser= rhost=43.255.190.115  user=root
Apr 11 00:03:48 ovzhost sshd[1223]: message repeated 2 times: [ Failed password for root from 43.255.190.174 port 44006 ssh2]
Apr 11 00:03:49 ovzhost sshd[1223]: Received disconnect from 43.255.190.174: 11:  [preauth]
Apr 11 00:03:49 ovzhost sshd[1223]: PAM 2 more authentication failures; logname= uid=0 euid=0 tty=ssh ruser= rhost=43.255.190.174  user=root
Apr 11 00:03:49 ovzhost sshd[1225]: Failed password for root from 43.255.190.115 port 43313 ssh2
Apr 11 00:03:49 ovzhost sshd[1227]: pam_unix(sshd:auth): authentication failure; logname= uid=0 euid=0 tty=ssh ruser= rhost=43.255.190.174  user=root
Apr 11 00:03:50 ovzhost sshd[1227]: Failed password for root from 43.255.190.174 port 32942 ssh2
Apr 11 00:03:51 ovzhost sshd[1225]: message repeated 2 times: [ Failed password for root from 43.255.190.115 port 43313 ssh2]
Apr 11 00:03:52 ovzhost sshd[1225]: Received disconnect from 43.255.190.115: 11:  [preauth]
Apr 11 00:03:52 ovzhost sshd[1225]: PAM 2 more authentication failures; logname= uid=0 euid=0 tty=ssh ruser= rhost=43.255.190.115  user=root
Apr 11 00:03:52 ovzhost sshd[1229]: pam_unix(sshd:auth): authentication failure; logname= uid=0 euid=0 tty=ssh ruser= rhost=43.255.190.115  user=root
Apr 11 00:03:54 ovzhost sshd[1229]: Failed password for root from 43.255.190.115 port 59031 ssh2
Apr 11 00:03:55 ovzhost sshd[1227]: message repeated 2 times: [ Failed password for root from 43.255.190.174 port 32942 ssh2]
Apr 11 00:03:55 ovzhost sshd[1227]: Received disconnect from 43.255.190.174: 11:  [preauth]
Apr 11 00:03:55 ovzhost sshd[1227]: PAM 2 more authentication failures; logname= uid=0 euid=0 tty=ssh ruser= rhost=43.255.190.174  user=root
Apr 11 00:03:56 ovzhost sshd[1231]: pam_unix(sshd:auth): authentication failure; logname= uid=0 euid=0 tty=ssh ruser= rhost=43.255.190.174  user=root
Apr 11 00:03:58 ovzhost sshd[1231]: Failed password for root from 43.255.190.174 port 50457 ssh2
Apr 11 00:03:58 ovzhost sshd[1229]: message repeated 2 times: [ Failed password for root from 43.255.190.115 port 59031 ssh2]
Apr 11 00:03:58 ovzhost sshd[1229]: Received disconnect from 43.255.190.115: 11:  [preauth]
Apr 11 00:03:58 ovzhost sshd[1229]: PAM 2 more authentication failures; logname= uid=0 euid=0 tty=ssh ruser= rhost=43.255.190.115  user=root
Apr 11 00:03:59 ovzhost sshd[1233]: pam_unix(sshd:auth): authentication failure; logname= uid=0 euid=0 tty=ssh ruser= rhost=43.255.190.115  user=root
Apr 11 00:04:01 ovzhost sshd[1233]: Failed password for root from 43.255.190.115 port 47405 ssh2
Apr 11 00:04:02 ovzhost sshd[1231]: message repeated 2 times: [ Failed password for root from 43.255.190.174 port 50457 ssh2]
Apr 11 00:04:02 ovzhost sshd[1231]: Received disconnect from 43.255.190.174: 11:  [preauth]
Apr 11 00:04:02 ovzhost sshd[1231]: PAM 2 more authentication failures; logname= uid=0 euid=0 tty=ssh ruser= rhost=43.255.190.174  user=root
Apr 11 00:04:03 ovzhost sshd[1235]: pam_unix(sshd:auth): authentication failure; logname= uid=0 euid=0 tty=ssh ruser= rhost=43.255.190.174  user=root
Apr 11 00:04:03 ovzhost sshd[1233]: message repeated 2 times: [ Failed password for root from 43.255.190.115 port 47405 ssh2]
Apr 11 00:04:04 ovzhost sshd[1233]: Received disconnect from 43.255.190.115: 11:  [preauth]
Apr 11 00:04:04 ovzhost sshd[1233]: PAM 2 more authentication failures; logname= uid=0 euid=0 tty=ssh ruser= rhost=43.255.190.115  user=root
Apr 11 00:04:04 ovzhost sshd[1237]: pam_unix(sshd:auth): authentication failure; logname= uid=0 euid=0 tty=ssh ruser= rhost=43.255.190.115  user=root
Apr 11 00:04:05 ovzhost sshd[1235]: Failed password for root from 43.255.190.174 port 40254 ssh2
Apr 11 00:04:06 ovzhost sshd[1237]: Failed password for root from 43.255.190.115 port 34449 ssh2
Apr 11 00:04:09 ovzhost sshd[1235]: message repeated 2 times: [ Failed password for root from 43.255.190.174 port 40254 ssh2]
Apr 11 00:04:09 ovzhost sshd[1235]: Received disconnect from 43.255.190.174: 11:  [preauth]
Apr 11 00:04:09 ovzhost sshd[1235]: PAM 2 more authentication failures; logname= uid=0 euid=0 tty=ssh ruser= rhost=43.255.190.174  user=root
Apr 11 00:04:10 ovzhost sshd[1239]: pam_unix(sshd:auth): authentication failure; logname= uid=0 euid=0 tty=ssh ruser= rhost=43.255.190.174  user=root
Apr 11 00:04:10 ovzhost sshd[1237]: message repeated 2 times: [ Failed password for root from 43.255.190.115 port 34449 ssh2]
Apr 11 00:04:11 ovzhost sshd[1237]: Received disconnect from 43.255.190.115: 11:  [preauth]
Apr 11 00:04:11 ovzhost sshd[1237]: PAM 2 more authentication failures; logname= uid=0 euid=0 tty=ssh ruser= rhost=43.255.190.115  user=root
Apr 11 00:04:11 ovzhost sshd[1243]: pam_unix(sshd:auth): authentication failure; logname= uid=0 euid=0 tty=ssh ruser= rhost=43.255.190.115  user=root
Apr 11 00:04:12 ovzhost sshd[1239]: Failed password for root from 43.255.190.174 port 57836 ssh2
Apr 11 00:04:13 ovzhost sshd[1243]: Failed password for root from 43.255.190.115 port 52633 ssh2
Apr 11 00:04:16 ovzhost sshd[1239]: message repeated 2 times: [ Failed password for root from 43.255.190.174 port 57836 ssh2]
Apr 11 00:04:16 ovzhost sshd[1239]: Received disconnect from 43.255.190.174: 11:  [preauth]
Apr 11 00:04:16 ovzhost sshd[1239]: PAM 2 more authentication failures; logname= uid=0 euid=0 tty=ssh ruser= rhost=43.255.190.174  user=root
Apr 11 00:04:17 ovzhost sshd[1243]: message repeated 2 times: [ Failed password for root from 43.255.190.115 port 52633 ssh2]
Apr 11 00:04:17 ovzhost sshd[1243]: Received disconnect from 43.255.190.115: 11:  [preauth]
Apr 11 00:04:17 ovzhost sshd[1243]: PAM 2 more authentication failures; logname= uid=0 euid=0 tty=ssh ruser= rhost=43.255.190.115  user=root
Apr 11 00:04:17 ovzhost sshd[1245]: pam_unix(sshd:auth): authentication failure; logname= uid=0 euid=0 tty=ssh ruser= rhost=43.255.190.174  user=root
Apr 11 00:04:18 ovzhost sshd[1247]: pam_unix(sshd:auth): authentication failure; logname= uid=0 euid=0 tty=ssh ruser= rhost=43.255.190.115  user=root
Apr 11 00:04:19 ovzhost sshd[1245]: Failed password for root from 43.255.190.174 port 47337 ssh2
Apr 11 00:04:20 ovzhost sshd[1247]: Failed password for root from 43.255.190.115 port 41457 ssh2
Apr 11 00:04:23 ovzhost sshd[1245]: message repeated 2 times: [ Failed password for root from 43.255.190.174 port 47337 ssh2]
Apr 11 00:04:23 ovzhost sshd[1245]: Received disconnect from 43.255.190.174: 11:  [preauth]
Apr 11 00:04:23 ovzhost sshd[1245]: PAM 2 more authentication failures; logname= uid=0 euid=0 tty=ssh ruser= rhost=43.255.190.174  user=root
Apr 11 00:04:23 ovzhost sshd[1249]: pam_unix(sshd:auth): authentication failure; logname= uid=0 euid=0 tty=ssh ruser= rhost=43.255.190.174  user=root
Apr 11 00:04:24 ovzhost sshd[1247]: message repeated 2 times: [ Failed password for root from 43.255.190.115 port 41457 ssh2]
Apr 11 00:04:24 ovzhost sshd[1247]: Received disconnect from 43.255.190.115: 11:  [preauth]
Apr 11 00:04:24 ovzhost sshd[1247]: PAM 2 more authentication failures; logname= uid=0 euid=0 tty=ssh ruser= rhost=43.255.190.115  user=root
Apr 11 00:04:25 ovzhost sshd[1251]: pam_unix(sshd:auth): authentication failure; logname= uid=0 euid=0 tty=ssh ruser= rhost=43.255.190.115  user=root
Apr 11 00:04:25 ovzhost sshd[1249]: Failed password for root from 43.255.190.174 port 35614 ssh2
Apr 11 00:04:26 ovzhost sshd[1251]: Failed password for root from 43.255.190.115 port 59406 ssh2
Apr 11 00:04:29 ovzhost sshd[1249]: message repeated 2 times: [ Failed password for root from 43.255.190.174 port 35614 ssh2]
Apr 11 00:04:29 ovzhost sshd[1249]: Received disconnect from 43.255.190.174: 11:  [preauth]
Apr 11 00:04:29 ovzhost sshd[1249]: PAM 2 more authentication failures; logname= uid=0 euid=0 tty=ssh ruser= rhost=43.255.190.174  user=root
Apr 11 00:04:29 ovzhost sshd[1253]: pam_unix(sshd:auth): authentication failure; logname= uid=0 euid=0 tty=ssh ruser= rhost=43.255.190.174  user=root
Apr 11 00:04:30 ovzhost sshd[1251]: message repeated 2 times: [ Failed password for root from 43.255.190.115 port 59406 ssh2]
Apr 11 00:04:30 ovzhost sshd[1251]: Received disconnect from 43.255.190.115: 11:  [preauth]
Apr 11 00:04:30 ovzhost sshd[1251]: PAM 2 more authentication failures; logname= uid=0 euid=0 tty=ssh ruser= rhost=43.255.190.115  user=root
Apr 11 00:04:31 ovzhost sshd[1255]: pam_unix(sshd:auth): authentication failure; logname= uid=0 euid=0 tty=ssh ruser= rhost=43.255.190.115  user=root
Apr 11 00:04:32 ovzhost sshd[1253]: Failed password for root from 43.255.190.174 port 50640 ssh2
Apr 11 00:04:32 ovzhost sshd[1255]: Failed password for root from 43.255.190.115 port 46781 ssh2
Apr 11 00:04:35 ovzhost sshd[1253]: message repeated 2 times: [ Failed password for root from 43.255.190.174 port 50640 ssh2]
Apr 11 00:04:35 ovzhost sshd[1253]: Received disconnect from 43.255.190.174: 11:  [preauth]
Apr 11 00:04:35 ovzhost sshd[1253]: PAM 2 more authentication failures; logname= uid=0 euid=0 tty=ssh ruser= rhost=43.255.190.174  user=root
Apr 11 00:04:36 ovzhost sshd[1257]: pam_unix(sshd:auth): authentication failure; logname= uid=0 euid=0 tty=ssh ruser= rhost=43.255.190.174  user=root
Apr 11 00:04:36 ovzhost sshd[1255]: message repeated 2 times: [ Failed password for root from 43.255.190.115 port 46781 ssh2]
Apr 11 00:04:36 ovzhost sshd[1255]: Received disconnect from 43.255.190.115: 11:  [preauth]
Apr 11 00:04:36 ovzhost sshd[1255]: PAM 2 more authentication failures; logname= uid=0 euid=0 tty=ssh ruser= rhost=43.255.190.115  user=root
Apr 11 00:04:37 ovzhost sshd[1259]: pam_unix(sshd:auth): authentication failure; logname= uid=0 euid=0 tty=ssh ruser= rhost=43.255.190.115  user=root
Apr 11 00:04:38 ovzhost sshd[1259]: Failed password for root from 43.255.190.115 port 33787 ssh2
Apr 11 00:04:39 ovzhost sshd[1257]: Failed password for root from 43.255.190.174 port 38918 ssh2
Apr 11 00:04:42 ovzhost sshd[1259]: message repeated 2 times: [ Failed password for root from 43.255.190.115 port 33787 ssh2]
Apr 11 00:04:42 ovzhost sshd[1259]: Received disconnect from 43.255.190.115: 11:  [preauth]
Apr 11 00:04:42 ovzhost sshd[1259]: PAM 2 more authentication failures; logname= uid=0 euid=0 tty=ssh ruser= rhost=43.255.190.115  user=root
Apr 11 00:04:42 ovzhost sshd[1257]: message repeated 2 times: [ Failed password for root from 43.255.190.174 port 38918 ssh2]
Apr 11 00:04:42 ovzhost sshd[1257]: Received disconnect from 43.255.190.174: 11:  [preauth]
Apr 11 00:04:42 ovzhost sshd[1257]: PAM 2 more authentication failures; logname= uid=0 euid=0 tty=ssh ruser= rhost=43.255.190.174  user=root
Apr 11 00:04:43 ovzhost sshd[1261]: pam_unix(sshd:auth): authentication failure; logname= uid=0 euid=0 tty=ssh ruser= rhost=43.255.190.115  user=root
Apr 11 00:04:43 ovzhost sshd[1263]: pam_unix(sshd:auth): authentication failure; logname= uid=0 euid=0 tty=ssh ruser= rhost=43.255.190.174  user=root
Apr 11 00:04:44 ovzhost sshd[1261]: Failed password for root from 43.255.190.115 port 48591 ssh2
Apr 11 00:04:45 ovzhost sshd[1263]: Failed password for root from 43.255.190.174 port 57156 ssh2
Apr 11 00:04:48 ovzhost sshd[1261]: message repeated 2 times: [ Failed password for root from 43.255.190.115 port 48591 ssh2]
Apr 11 00:04:48 ovzhost sshd[1261]: Received disconnect from 43.255.190.115: 11:  [preauth]
Apr 11 00:04:48 ovzhost sshd[1261]: PAM 2 more authentication failures; logname= uid=0 euid=0 tty=ssh ruser= rhost=43.255.190.115  user=root
Apr 11 00:04:49 ovzhost sshd[1263]: message repeated 2 times: [ Failed password for root from 43.255.190.174 port 57156 ssh2]
Apr 11 00:04:49 ovzhost sshd[1263]: Received disconnect from 43.255.190.174: 11:  [preauth]
Apr 11 00:04:49 ovzhost sshd[1263]: PAM 2 more authentication failures; logname= uid=0 euid=0 tty=ssh ruser= rhost=43.255.190.174  user=root
Apr 11 00:04:49 ovzhost sshd[1265]: pam_unix(sshd:auth): authentication failure; logname= uid=0 euid=0 tty=ssh ruser= rhost=43.255.190.115  user=root
Apr 11 00:04:50 ovzhost sshd[1267]: pam_unix(sshd:auth): authentication failure; logname= uid=0 euid=0 tty=ssh ruser= rhost=43.255.190.174  user=root
Apr 11 00:04:51 ovzhost sshd[1265]: Failed password for root from 43.255.190.115 port 35975 ssh2
Apr 11 00:04:52 ovzhost sshd[1267]: Failed password for root from 43.255.190.174 port 45092 ssh2
Apr 11 00:04:55 ovzhost sshd[1265]: message repeated 2 times: [ Failed password for root from 43.255.190.115 port 35975 ssh2]
Apr 11 00:04:55 ovzhost sshd[1265]: Received disconnect from 43.255.190.115: 11:  [preauth]
Apr 11 00:04:55 ovzhost sshd[1265]: PAM 2 more authentication failures; logname= uid=0 euid=0 tty=ssh ruser= rhost=43.255.190.115  user=root
Apr 11 00:04:57 ovzhost sshd[1267]: message repeated 2 times: [ Failed password for root from 43.255.190.174 port 45092 ssh2]
Apr 11 00:04:57 ovzhost sshd[1267]: Received disconnect from 43.255.190.174: 11:  [preauth]
Apr 11 00:04:57 ovzhost sshd[1267]: PAM 2 more authentication failures; logname= uid=0 euid=0 tty=ssh ruser= rhost=43.255.190.174  user=root
Apr 11 00:04:57 ovzhost sshd[1269]: pam_unix(sshd:auth): authentication failure; logname= uid=0 euid=0 tty=ssh ruser= rhost=43.255.190.174  user=root
Apr 11 00:04:59 ovzhost sshd[1269]: Failed password for root from 43.255.190.174 port 35928 ssh2
Apr 11 00:05:03 ovzhost sshd[1269]: message repeated 2 times: [ Failed password for root from 43.255.190.174 port 35928 ssh2]
Apr 11 00:05:03 ovzhost sshd[1269]: Received disconnect from 43.255.190.174: 11:  [preauth]
Apr 11 00:05:03 ovzhost sshd[1269]: PAM 2 more authentication failures; logname= uid=0 euid=0 tty=ssh ruser= rhost=43.255.190.174  user=root
Apr 11 00:06:42 ovzhost sshd[1281]: Connection closed by 127.0.0.1 [preauth]
Apr 11 00:09:01 ovzhost CRON[1291]: pam_env(cron:session): Unable to open env file: /etc/default/locale: No such file or directory
Apr 11 00:09:01 ovzhost CRON[1292]: pam_env(cron:session): Unable to open env file: /etc/default/locale: No such file or directory
Apr 11 00:09:01 ovzhost CRON[1292]: pam_unix(cron:session): session opened for user root by (uid=0)
Apr 11 00:09:01 ovzhost CRON[1291]: pam_unix(cron:session): session opened for user root by (uid=0)
Apr 11 00:09:01 ovzhost CRON[1291]: pam_unix(cron:session): session closed for user root
Apr 11 00:09:02 ovzhost CRON[1292]: pam_unix(cron:session): session closed for user root
Apr 11 00:10:25 ovzhost sshd[1311]: reverse mapping checking getaddrinfo for 153-127-166-207-ptr.centennialpr.net [207.166.127.153] failed - POSSIBLE BREAK-IN ATTEMPT!
Apr 11 00:10:25 ovzhost sshd[1311]: Invalid user guest from 207.166.127.153
Apr 11 00:10:25 ovzhost sshd[1311]: input_userauth_request: invalid user guest [preauth]
Apr 11 00:10:26 ovzhost sshd[1311]: pam_unix(sshd:auth): check pass; user unknown
Apr 11 00:10:26 ovzhost sshd[1311]: pam_unix(sshd:auth): authentication failure; logname= uid=0 euid=0 tty=ssh ruser= rhost=207.166.127.153 
Apr 11 00:10:27 ovzhost sshd[1311]: Failed password for invalid user guest from 207.166.127.153 port 55084 ssh2
Apr 11 00:10:27 ovzhost sshd[1311]: Connection closed by 207.166.127.153 [preauth]
Apr 11 00:10:42 ovzhost sshd[1314]: Connection closed by 128.8.37.120 [preauth]
Apr 11 00:11:42 ovzhost sshd[1321]: Connection closed by 127.0.0.1 [preauth]
Apr 11 00:16:42 ovzhost sshd[1342]: Connection closed by 127.0.0.1 [preauth]
Apr 11 00:20:01 ovzhost CRON[1355]: pam_env(cron:session): Unable to open env file: /etc/default/locale: No such file or directory
Apr 11 00:20:01 ovzhost CRON[1355]: pam_unix(cron:session): session opened for user smmsp by (uid=0)
Apr 11 00:20:01 ovzhost CRON[1355]: pam_unix(cron:session): session closed for user smmsp
Apr 11 00:20:16 ovzhost sshd[1382]: Invalid user webmail from 221.146.74.146
Apr 11 00:20:16 ovzhost sshd[1382]: input_userauth_request: invalid user webmail [preauth]
Apr 11 00:20:16 ovzhost sshd[1382]: pam_unix(sshd:auth): check pass; user unknown
Apr 11 00:20:16 ovzhost sshd[1382]: pam_unix(sshd:auth): authentication failure; logname= uid=0 euid=0 tty=ssh ruser= rhost=221.146.74.146 
Apr 11 00:20:18 ovzhost sshd[1382]: Failed password for invalid user webmail from 221.146.74.146 port 62623 ssh2
Apr 11 00:20:19 ovzhost sshd[1382]: Connection closed by 221.146.74.146 [preauth]
Apr 11 00:20:42 ovzhost sshd[1387]: Connection closed by 128.8.37.120 [preauth]
Apr 11 00:21:17 ovzhost sshd[1391]: Accepted password for root from 58.218.201.17 port 60826 ssh2
Apr 11 00:21:17 ovzhost sshd[1391]: pam_unix(sshd:session): session opened for user root by (uid=0)
Apr 11 00:21:17 ovzhost sshd[1391]: pam_env(sshd:session): Unable to open env file: /etc/default/locale: No such file or directory
Apr 11 00:21:17 ovzhost sshd[1391]: Received disconnect from 58.218.201.17: 11: 
Apr 11 00:21:17 ovzhost sshd[1391]: pam_unix(sshd:session): session closed for user root
