Apr  2 14:31:44 ovzhost sshd[780]: Connection closed by 127.0.0.1 [preauth]
Apr  2 14:35:40 ovzhost sshd[811]: Connection closed by 128.8.37.120 [preauth]
Apr  2 14:36:44 ovzhost sshd[820]: Connection closed by 127.0.0.1 [preauth]
Apr 11 16:35:38 ovzhost sshd[424]: Server listening on 0.0.0.0 port 22.
Apr 11 16:35:38 ovzhost sshd[424]: Server listening on :: port 22.
Apr 11 16:35:39 ovzhost saslauthd[636]: detach_tty      : master pid is: 636
Apr 11 16:35:39 ovzhost saslauthd[636]: ipc_init        : listening on socket: /var/run/saslauthd/mux
Apr 11 16:37:25 ovzhost sshd[779]: pam_unix(sshd:auth): authentication failure; logname= uid=0 euid=0 tty=ssh ruser= rhost=58.218.213.230  user=root
Apr 11 16:37:28 ovzhost sshd[779]: Failed password for root from 58.218.213.230 port 55653 ssh2
Apr 11 16:37:32 ovzhost sshd[779]: message repeated 2 times: [ Failed password for root from 58.218.213.230 port 55653 ssh2]
Apr 11 16:37:32 ovzhost sshd[779]: Received disconnect from 58.218.213.230: 11:  [preauth]
Apr 11 16:37:32 ovzhost sshd[779]: PAM 2 more authentication failures; logname= uid=0 euid=0 tty=ssh ruser= rhost=58.218.213.230  user=root
Apr 11 16:37:45 ovzhost sshd[781]: pam_unix(sshd:auth): authentication failure; logname= uid=0 euid=0 tty=ssh ruser= rhost=58.218.213.230  user=root
Apr 11 16:37:47 ovzhost sshd[781]: Failed password for root from 58.218.213.230 port 60140 ssh2
Apr 11 16:37:52 ovzhost sshd[781]: message repeated 2 times: [ Failed password for root from 58.218.213.230 port 60140 ssh2]
Apr 11 16:37:52 ovzhost sshd[781]: Received disconnect from 58.218.213.230: 11:  [preauth]
Apr 11 16:37:52 ovzhost sshd[781]: PAM 2 more authentication failures; logname= uid=0 euid=0 tty=ssh ruser= rhost=58.218.213.230  user=root
Apr 11 16:37:59 ovzhost sshd[784]: pam_unix(sshd:auth): authentication failure; logname= uid=0 euid=0 tty=ssh ruser= rhost=58.218.213.230  user=root
Apr 11 16:38:01 ovzhost sshd[784]: Failed password for root from 58.218.213.230 port 41060 ssh2
Apr 11 16:38:06 ovzhost sshd[784]: message repeated 2 times: [ Failed password for root from 58.218.213.230 port 41060 ssh2]
Apr 11 16:38:07 ovzhost sshd[784]: Received disconnect from 58.218.213.230: 11:  [preauth]
Apr 11 16:38:07 ovzhost sshd[784]: PAM 2 more authentication failures; logname= uid=0 euid=0 tty=ssh ruser= rhost=58.218.213.230  user=root
Apr 11 16:38:16 ovzhost sshd[786]: pam_unix(sshd:auth): authentication failure; logname= uid=0 euid=0 tty=ssh ruser= rhost=58.218.213.230  user=root
Apr 11 16:38:18 ovzhost sshd[786]: Failed password for root from 58.218.213.230 port 47165 ssh2
Apr 11 16:38:23 ovzhost sshd[786]: message repeated 2 times: [ Failed password for root from 58.218.213.230 port 47165 ssh2]
Apr 11 16:38:23 ovzhost sshd[786]: Received disconnect from 58.218.213.230: 11:  [preauth]
Apr 11 16:38:23 ovzhost sshd[786]: PAM 2 more authentication failures; logname= uid=0 euid=0 tty=ssh ruser= rhost=58.218.213.230  user=root
Apr 11 16:38:30 ovzhost sshd[793]: pam_unix(sshd:auth): authentication failure; logname= uid=0 euid=0 tty=ssh ruser= rhost=58.218.213.230  user=root
Apr 11 16:38:32 ovzhost sshd[793]: Failed password for root from 58.218.213.230 port 54496 ssh2
Apr 11 16:38:36 ovzhost sshd[793]: message repeated 2 times: [ Failed password for root from 58.218.213.230 port 54496 ssh2]
Apr 11 16:38:37 ovzhost sshd[793]: Received disconnect from 58.218.213.230: 11:  [preauth]
Apr 11 16:38:37 ovzhost sshd[793]: PAM 2 more authentication failures; logname= uid=0 euid=0 tty=ssh ruser= rhost=58.218.213.230  user=root
Apr 11 16:38:43 ovzhost sshd[795]: pam_unix(sshd:auth): authentication failure; logname= uid=0 euid=0 tty=ssh ruser= rhost=58.218.213.230  user=root
Apr 11 16:38:45 ovzhost sshd[795]: Failed password for root from 58.218.213.230 port 60504 ssh2
Apr 11 16:38:50 ovzhost sshd[795]: message repeated 2 times: [ Failed password for root from 58.218.213.230 port 60504 ssh2]
Apr 11 16:38:51 ovzhost sshd[795]: Received disconnect from 58.218.213.230: 11:  [preauth]
Apr 11 16:38:51 ovzhost sshd[795]: PAM 2 more authentication failures; logname= uid=0 euid=0 tty=ssh ruser= rhost=58.218.213.230  user=root
Apr 11 16:39:01 ovzhost sshd[799]: pam_unix(sshd:auth): authentication failure; logname= uid=0 euid=0 tty=ssh ruser= rhost=58.218.213.230  user=root
Apr 11 16:39:01 ovzhost CRON[801]: pam_env(cron:session): Unable to open env file: /etc/default/locale: No such file or directory
Apr 11 16:39:01 ovzhost CRON[801]: pam_unix(cron:session): session opened for user root by (uid=0)
Apr 11 16:39:01 ovzhost CRON[801]: pam_unix(cron:session): session closed for user root
Apr 11 16:39:03 ovzhost sshd[799]: Failed password for root from 58.218.213.230 port 38980 ssh2
Apr 11 16:39:08 ovzhost sshd[799]: message repeated 2 times: [ Failed password for root from 58.218.213.230 port 38980 ssh2]
Apr 11 16:39:08 ovzhost sshd[799]: Received disconnect from 58.218.213.230: 11:  [preauth]
Apr 11 16:39:08 ovzhost sshd[799]: PAM 2 more authentication failures; logname= uid=0 euid=0 tty=ssh ruser= rhost=58.218.213.230  user=root
Apr 11 16:39:11 ovzhost sshd[812]: pam_unix(sshd:auth): authentication failure; logname= uid=0 euid=0 tty=ssh ruser= rhost=58.218.213.230  user=root
Apr 11 16:39:13 ovzhost sshd[812]: Failed password for root from 58.218.213.230 port 48269 ssh2
Apr 11 16:39:18 ovzhost sshd[812]: message repeated 2 times: [ Failed password for root from 58.218.213.230 port 48269 ssh2]
Apr 11 16:39:19 ovzhost sshd[812]: Received disconnect from 58.218.213.230: 11:  [preauth]
Apr 11 16:39:19 ovzhost sshd[812]: PAM 2 more authentication failures; logname= uid=0 euid=0 tty=ssh ruser= rhost=58.218.213.230  user=root
Apr 11 16:39:24 ovzhost sshd[816]: pam_unix(sshd:auth): authentication failure; logname= uid=0 euid=0 tty=ssh ruser= rhost=58.218.213.230  user=root
Apr 11 16:39:26 ovzhost sshd[816]: Failed password for root from 58.218.213.230 port 53513 ssh2
Apr 11 16:39:31 ovzhost sshd[816]: message repeated 2 times: [ Failed password for root from 58.218.213.230 port 53513 ssh2]
Apr 11 16:39:32 ovzhost sshd[816]: Received disconnect from 58.218.213.230: 11:  [preauth]
Apr 11 16:39:32 ovzhost sshd[816]: PAM 2 more authentication failures; logname= uid=0 euid=0 tty=ssh ruser= rhost=58.218.213.230  user=root
Apr 11 16:39:35 ovzhost sshd[818]: pam_unix(sshd:auth): authentication failure; logname= uid=0 euid=0 tty=ssh ruser= rhost=58.218.213.230  user=root
Apr 11 16:39:37 ovzhost sshd[818]: Failed password for root from 58.218.213.230 port 59829 ssh2
Apr 11 16:39:43 ovzhost sshd[818]: message repeated 2 times: [ Failed password for root from 58.218.213.230 port 59829 ssh2]
Apr 11 16:39:44 ovzhost sshd[818]: Received disconnect from 58.218.213.230: 11:  [preauth]
Apr 11 16:39:44 ovzhost sshd[818]: PAM 2 more authentication failures; logname= uid=0 euid=0 tty=ssh ruser= rhost=58.218.213.230  user=root
Apr 11 16:39:51 ovzhost sshd[822]: pam_unix(sshd:auth): authentication failure; logname= uid=0 euid=0 tty=ssh ruser= rhost=58.218.213.230  user=root
Apr 11 16:39:53 ovzhost sshd[822]: Failed password for root from 58.218.213.230 port 37525 ssh2
Apr 11 16:40:00 ovzhost sshd[822]: message repeated 2 times: [ Failed password for root from 58.218.213.230 port 37525 ssh2]
Apr 11 16:40:00 ovzhost sshd[822]: Received disconnect from 58.218.213.230: 11:  [preauth]
Apr 11 16:40:00 ovzhost sshd[822]: PAM 2 more authentication failures; logname= uid=0 euid=0 tty=ssh ruser= rhost=58.218.213.230  user=root
Apr 11 16:40:01 ovzhost CRON[826]: pam_env(cron:session): Unable to open env file: /etc/default/locale: No such file or directory
Apr 11 16:40:01 ovzhost CRON[826]: pam_unix(cron:session): session opened for user smmsp by (uid=0)
Apr 11 16:40:01 ovzhost CRON[826]: pam_unix(cron:session): session closed for user smmsp
Apr 11 16:40:03 ovzhost sshd[824]: pam_unix(sshd:auth): authentication failure; logname= uid=0 euid=0 tty=ssh ruser= rhost=58.218.213.230  user=root
Apr 11 16:40:05 ovzhost sshd[824]: Failed password for root from 58.218.213.230 port 45888 ssh2
Apr 11 16:40:09 ovzhost sshd[824]: message repeated 2 times: [ Failed password for root from 58.218.213.230 port 45888 ssh2]
Apr 11 16:40:10 ovzhost sshd[824]: Received disconnect from 58.218.213.230: 11:  [preauth]
Apr 11 16:40:10 ovzhost sshd[824]: PAM 2 more authentication failures; logname= uid=0 euid=0 tty=ssh ruser= rhost=58.218.213.230  user=root
Apr 11 16:40:20 ovzhost sshd[852]: Received disconnect from 58.218.213.230: 11:  [preauth]
Apr 11 16:40:28 ovzhost sshd[858]: Connection closed by 127.0.0.1 [preauth]
Apr 11 16:40:29 ovzhost sshd[855]: pam_unix(sshd:auth): authentication failure; logname= uid=0 euid=0 tty=ssh ruser= rhost=58.218.213.230  user=root
Apr 11 16:40:31 ovzhost sshd[855]: Failed password for root from 58.218.213.230 port 54609 ssh2
Apr 11 16:40:36 ovzhost sshd[855]: message repeated 2 times: [ Failed password for root from 58.218.213.230 port 54609 ssh2]
Apr 11 16:40:37 ovzhost sshd[855]: Received disconnect from 58.218.213.230: 11:  [preauth]
Apr 11 16:40:37 ovzhost sshd[855]: PAM 2 more authentication failures; logname= uid=0 euid=0 tty=ssh ruser= rhost=58.218.213.230  user=root
Apr 11 16:40:41 ovzhost sshd[860]: pam_unix(sshd:auth): authentication failure; logname= uid=0 euid=0 tty=ssh ruser= rhost=58.218.213.230  user=root
Apr 11 16:40:43 ovzhost sshd[860]: Failed password for root from 58.218.213.230 port 33789 ssh2
Apr 11 16:40:44 ovzhost sshd[863]: Connection closed by 128.8.37.120 [preauth]
Apr 11 16:40:49 ovzhost sshd[860]: message repeated 2 times: [ Failed password for root from 58.218.213.230 port 33789 ssh2]
Apr 11 16:40:50 ovzhost sshd[860]: Received disconnect from 58.218.213.230: 11:  [preauth]
Apr 11 16:40:50 ovzhost sshd[860]: PAM 2 more authentication failures; logname= uid=0 euid=0 tty=ssh ruser= rhost=58.218.213.230  user=root
Apr 11 16:43:30 ovzhost sshd[877]: pam_unix(sshd:auth): authentication failure; logname= uid=0 euid=0 tty=ssh ruser= rhost=43.255.190.151  user=root
Apr 11 16:43:32 ovzhost sshd[877]: Failed password for root from 43.255.190.151 port 53464 ssh2
Apr 11 16:43:36 ovzhost sshd[877]: message repeated 2 times: [ Failed password for root from 43.255.190.151 port 53464 ssh2]
Apr 11 16:43:36 ovzhost sshd[877]: Received disconnect from 43.255.190.151: 11:  [preauth]
Apr 11 16:43:36 ovzhost sshd[877]: PAM 2 more authentication failures; logname= uid=0 euid=0 tty=ssh ruser= rhost=43.255.190.151  user=root
Apr 11 16:43:36 ovzhost sshd[879]: pam_unix(sshd:auth): authentication failure; logname= uid=0 euid=0 tty=ssh ruser= rhost=43.255.190.151  user=root
Apr 11 16:43:37 ovzhost sshd[881]: pam_unix(sshd:auth): authentication failure; logname= uid=0 euid=0 tty=ssh ruser= rhost=43.255.190.149  user=root
Apr 11 16:43:38 ovzhost sshd[879]: Failed password for root from 43.255.190.151 port 42183 ssh2
Apr 11 16:43:39 ovzhost sshd[881]: Failed password for root from 43.255.190.149 port 47257 ssh2
Apr 11 16:43:42 ovzhost sshd[879]: message repeated 2 times: [ Failed password for root from 43.255.190.151 port 42183 ssh2]
Apr 11 16:43:42 ovzhost sshd[879]: Received disconnect from 43.255.190.151: 11:  [preauth]
Apr 11 16:43:42 ovzhost sshd[879]: PAM 2 more authentication failures; logname= uid=0 euid=0 tty=ssh ruser= rhost=43.255.190.151  user=root
Apr 11 16:43:42 ovzhost sshd[881]: message repeated 2 times: [ Failed password for root from 43.255.190.149 port 47257 ssh2]
Apr 11 16:43:43 ovzhost sshd[881]: Received disconnect from 43.255.190.149: 11:  [preauth]
Apr 11 16:43:43 ovzhost sshd[881]: PAM 2 more authentication failures; logname= uid=0 euid=0 tty=ssh ruser= rhost=43.255.190.149  user=root
Apr 11 16:43:43 ovzhost sshd[883]: pam_unix(sshd:auth): authentication failure; logname= uid=0 euid=0 tty=ssh ruser= rhost=43.255.190.151  user=root
Apr 11 16:43:44 ovzhost sshd[885]: pam_unix(sshd:auth): authentication failure; logname= uid=0 euid=0 tty=ssh ruser= rhost=43.255.190.149  user=root
Apr 11 16:43:45 ovzhost sshd[883]: Failed password for root from 43.255.190.151 port 59497 ssh2
Apr 11 16:43:46 ovzhost sshd[885]: Failed password for root from 43.255.190.149 port 56592 ssh2
Apr 11 16:43:49 ovzhost sshd[883]: message repeated 2 times: [ Failed password for root from 43.255.190.151 port 59497 ssh2]
Apr 11 16:43:49 ovzhost sshd[883]: Received disconnect from 43.255.190.151: 11:  [preauth]
Apr 11 16:43:49 ovzhost sshd[883]: PAM 2 more authentication failures; logname= uid=0 euid=0 tty=ssh ruser= rhost=43.255.190.151  user=root
Apr 11 16:43:49 ovzhost sshd[885]: message repeated 2 times: [ Failed password for root from 43.255.190.149 port 56592 ssh2]
Apr 11 16:43:49 ovzhost sshd[885]: Received disconnect from 43.255.190.149: 11:  [preauth]
Apr 11 16:43:49 ovzhost sshd[885]: PAM 2 more authentication failures; logname= uid=0 euid=0 tty=ssh ruser= rhost=43.255.190.149  user=root
Apr 11 16:43:50 ovzhost sshd[887]: pam_unix(sshd:auth): authentication failure; logname= uid=0 euid=0 tty=ssh ruser= rhost=43.255.190.151  user=root
Apr 11 16:43:51 ovzhost sshd[889]: pam_unix(sshd:auth): authentication failure; logname= uid=0 euid=0 tty=ssh ruser= rhost=43.255.190.149  user=root
Apr 11 16:43:52 ovzhost sshd[887]: Failed password for root from 43.255.190.151 port 49695 ssh2
Apr 11 16:43:53 ovzhost sshd[889]: Failed password for root from 43.255.190.149 port 37432 ssh2
Apr 11 16:43:55 ovzhost sshd[887]: message repeated 2 times: [ Failed password for root from 43.255.190.151 port 49695 ssh2]
Apr 11 16:43:55 ovzhost sshd[887]: Received disconnect from 43.255.190.151: 11:  [preauth]
Apr 11 16:43:55 ovzhost sshd[887]: PAM 2 more authentication failures; logname= uid=0 euid=0 tty=ssh ruser= rhost=43.255.190.151  user=root
Apr 11 16:43:56 ovzhost sshd[891]: pam_unix(sshd:auth): authentication failure; logname= uid=0 euid=0 tty=ssh ruser= rhost=43.255.190.151  user=root
Apr 11 16:43:57 ovzhost sshd[889]: message repeated 2 times: [ Failed password for root from 43.255.190.149 port 37432 ssh2]
Apr 11 16:43:57 ovzhost sshd[889]: Received disconnect from 43.255.190.149: 11:  [preauth]
Apr 11 16:43:57 ovzhost sshd[889]: PAM 2 more authentication failures; logname= uid=0 euid=0 tty=ssh ruser= rhost=43.255.190.149  user=root
Apr 11 16:43:57 ovzhost sshd[891]: Failed password for root from 43.255.190.151 port 38658 ssh2
Apr 11 16:44:01 ovzhost sshd[891]: message repeated 2 times: [ Failed password for root from 43.255.190.151 port 38658 ssh2]
Apr 11 16:44:01 ovzhost sshd[891]: Received disconnect from 43.255.190.151: 11:  [preauth]
Apr 11 16:44:01 ovzhost sshd[891]: PAM 2 more authentication failures; logname= uid=0 euid=0 tty=ssh ruser= rhost=43.255.190.151  user=root
Apr 11 16:44:02 ovzhost sshd[895]: pam_unix(sshd:auth): authentication failure; logname= uid=0 euid=0 tty=ssh ruser= rhost=43.255.190.151  user=root
Apr 11 16:44:04 ovzhost sshd[895]: Failed password for root from 43.255.190.151 port 55338 ssh2
Apr 11 16:44:08 ovzhost sshd[893]: pam_unix(sshd:auth): authentication failure; logname= uid=0 euid=0 tty=ssh ruser= rhost=43.255.190.149  user=root
Apr 11 16:44:08 ovzhost sshd[895]: message repeated 2 times: [ Failed password for root from 43.255.190.151 port 55338 ssh2]
Apr 11 16:44:08 ovzhost sshd[895]: Received disconnect from 43.255.190.151: 11:  [preauth]
Apr 11 16:44:08 ovzhost sshd[895]: PAM 2 more authentication failures; logname= uid=0 euid=0 tty=ssh ruser= rhost=43.255.190.151  user=root
Apr 11 16:44:09 ovzhost sshd[897]: pam_unix(sshd:auth): authentication failure; logname= uid=0 euid=0 tty=ssh ruser= rhost=43.255.190.151  user=root
Apr 11 16:44:09 ovzhost sshd[893]: Failed password for root from 43.255.190.149 port 47908 ssh2
Apr 11 16:44:11 ovzhost sshd[897]: Failed password for root from 43.255.190.151 port 44549 ssh2
Apr 11 16:44:13 ovzhost sshd[893]: message repeated 2 times: [ Failed password for root from 43.255.190.149 port 47908 ssh2]
Apr 11 16:44:13 ovzhost sshd[893]: Received disconnect from 43.255.190.149: 11:  [preauth]
Apr 11 16:44:13 ovzhost sshd[893]: PAM 2 more authentication failures; logname= uid=0 euid=0 tty=ssh ruser= rhost=43.255.190.149  user=root
Apr 11 16:44:14 ovzhost sshd[901]: pam_unix(sshd:auth): authentication failure; logname= uid=0 euid=0 tty=ssh ruser= rhost=43.255.190.149  user=root
Apr 11 16:44:15 ovzhost sshd[897]: message repeated 2 times: [ Failed password for root from 43.255.190.151 port 44549 ssh2]
Apr 11 16:44:15 ovzhost sshd[897]: Received disconnect from 43.255.190.151: 11:  [preauth]
Apr 11 16:44:15 ovzhost sshd[897]: PAM 2 more authentication failures; logname= uid=0 euid=0 tty=ssh ruser= rhost=43.255.190.151  user=root
Apr 11 16:44:16 ovzhost sshd[903]: pam_unix(sshd:auth): authentication failure; logname= uid=0 euid=0 tty=ssh ruser= rhost=43.255.190.151  user=root
Apr 11 16:44:16 ovzhost sshd[901]: Failed password for root from 43.255.190.149 port 41176 ssh2
Apr 11 16:44:18 ovzhost sshd[903]: Failed password for root from 43.255.190.151 port 35322 ssh2
Apr 11 16:44:21 ovzhost sshd[901]: message repeated 2 times: [ Failed password for root from 43.255.190.149 port 41176 ssh2]
Apr 11 16:44:21 ovzhost sshd[901]: Received disconnect from 43.255.190.149: 11:  [preauth]
Apr 11 16:44:21 ovzhost sshd[901]: PAM 2 more authentication failures; logname= uid=0 euid=0 tty=ssh ruser= rhost=43.255.190.149  user=root
Apr 11 16:44:21 ovzhost sshd[905]: pam_unix(sshd:auth): authentication failure; logname= uid=0 euid=0 tty=ssh ruser= rhost=43.255.190.149  user=root
Apr 11 16:44:22 ovzhost sshd[903]: message repeated 2 times: [ Failed password for root from 43.255.190.151 port 35322 ssh2]
Apr 11 16:44:22 ovzhost sshd[903]: Received disconnect from 43.255.190.151: 11:  [preauth]
Apr 11 16:44:22 ovzhost sshd[903]: PAM 2 more authentication failures; logname= uid=0 euid=0 tty=ssh ruser= rhost=43.255.190.151  user=root
Apr 11 16:44:22 ovzhost sshd[907]: pam_unix(sshd:auth): authentication failure; logname= uid=0 euid=0 tty=ssh ruser= rhost=43.255.190.151  user=root
Apr 11 16:44:23 ovzhost sshd[905]: Failed password for root from 43.255.190.149 port 51122 ssh2
Apr 11 16:44:24 ovzhost sshd[907]: Failed password for root from 43.255.190.151 port 52555 ssh2
Apr 11 16:44:28 ovzhost sshd[905]: message repeated 2 times: [ Failed password for root from 43.255.190.149 port 51122 ssh2]
Apr 11 16:44:28 ovzhost sshd[905]: Received disconnect from 43.255.190.149: 11:  [preauth]
Apr 11 16:44:28 ovzhost sshd[905]: PAM 2 more authentication failures; logname= uid=0 euid=0 tty=ssh ruser= rhost=43.255.190.149  user=root
Apr 11 16:44:28 ovzhost sshd[907]: message repeated 2 times: [ Failed password for root from 43.255.190.151 port 52555 ssh2]
Apr 11 16:44:28 ovzhost sshd[907]: Received disconnect from 43.255.190.151: 11:  [preauth]
Apr 11 16:44:28 ovzhost sshd[907]: PAM 2 more authentication failures; logname= uid=0 euid=0 tty=ssh ruser= rhost=43.255.190.151  user=root
Apr 11 16:44:29 ovzhost sshd[911]: pam_unix(sshd:auth): authentication failure; logname= uid=0 euid=0 tty=ssh ruser= rhost=43.255.190.151  user=root
Apr 11 16:44:30 ovzhost sshd[909]: pam_unix(sshd:auth): authentication failure; logname= uid=0 euid=0 tty=ssh ruser= rhost=43.255.190.149  user=root
Apr 11 16:44:31 ovzhost sshd[911]: Failed password for root from 43.255.190.151 port 41257 ssh2
Apr 11 16:44:32 ovzhost sshd[909]: Failed password for root from 43.255.190.149 port 60412 ssh2
Apr 11 16:44:35 ovzhost sshd[911]: message repeated 2 times: [ Failed password for root from 43.255.190.151 port 41257 ssh2]
Apr 11 16:44:35 ovzhost sshd[911]: Received disconnect from 43.255.190.151: 11:  [preauth]
Apr 11 16:44:35 ovzhost sshd[911]: PAM 2 more authentication failures; logname= uid=0 euid=0 tty=ssh ruser= rhost=43.255.190.151  user=root
Apr 11 16:44:36 ovzhost sshd[914]: pam_unix(sshd:auth): authentication failure; logname= uid=0 euid=0 tty=ssh ruser= rhost=43.255.190.151  user=root
Apr 11 16:44:36 ovzhost sshd[909]: message repeated 2 times: [ Failed password for root from 43.255.190.149 port 60412 ssh2]
Apr 11 16:44:36 ovzhost sshd[909]: Received disconnect from 43.255.190.149: 11:  [preauth]
Apr 11 16:44:36 ovzhost sshd[909]: PAM 2 more authentication failures; logname= uid=0 euid=0 tty=ssh ruser= rhost=43.255.190.149  user=root
Apr 11 16:44:37 ovzhost sshd[914]: Failed password for root from 43.255.190.151 port 57716 ssh2
Apr 11 16:44:37 ovzhost sshd[916]: pam_unix(sshd:auth): authentication failure; logname= uid=0 euid=0 tty=ssh ruser= rhost=43.255.190.149  user=root
Apr 11 16:44:40 ovzhost sshd[916]: Failed password for root from 43.255.190.149 port 42955 ssh2
Apr 11 16:44:42 ovzhost sshd[914]: message repeated 2 times: [ Failed password for root from 43.255.190.151 port 57716 ssh2]
Apr 11 16:44:42 ovzhost sshd[914]: Received disconnect from 43.255.190.151: 11:  [preauth]
Apr 11 16:44:42 ovzhost sshd[914]: PAM 2 more authentication failures; logname= uid=0 euid=0 tty=ssh ruser= rhost=43.255.190.151  user=root
Apr 11 16:44:43 ovzhost sshd[918]: pam_unix(sshd:auth): authentication failure; logname= uid=0 euid=0 tty=ssh ruser= rhost=43.255.190.151  user=root
Apr 11 16:44:44 ovzhost sshd[916]: message repeated 2 times: [ Failed password for root from 43.255.190.149 port 42955 ssh2]
Apr 11 16:44:44 ovzhost sshd[916]: Received disconnect from 43.255.190.149: 11:  [preauth]
Apr 11 16:44:44 ovzhost sshd[916]: PAM 2 more authentication failures; logname= uid=0 euid=0 tty=ssh ruser= rhost=43.255.190.149  user=root
Apr 11 16:44:45 ovzhost sshd[918]: Failed password for root from 43.255.190.151 port 48660 ssh2
Apr 11 16:44:45 ovzhost sshd[920]: pam_unix(sshd:auth): authentication failure; logname= uid=0 euid=0 tty=ssh ruser= rhost=43.255.190.149  user=root
Apr 11 16:44:47 ovzhost sshd[920]: Failed password for root from 43.255.190.149 port 54152 ssh2
Apr 11 16:44:49 ovzhost sshd[918]: message repeated 2 times: [ Failed password for root from 43.255.190.151 port 48660 ssh2]
Apr 11 16:44:49 ovzhost sshd[918]: Received disconnect from 43.255.190.151: 11:  [preauth]
Apr 11 16:44:49 ovzhost sshd[918]: PAM 2 more authentication failures; logname= uid=0 euid=0 tty=ssh ruser= rhost=43.255.190.151  user=root
Apr 11 16:44:49 ovzhost sshd[922]: pam_unix(sshd:auth): authentication failure; logname= uid=0 euid=0 tty=ssh ruser= rhost=43.255.190.151  user=root
Apr 11 16:44:51 ovzhost sshd[920]: message repeated 2 times: [ Failed password for root from 43.255.190.149 port 54152 ssh2]
Apr 11 16:44:51 ovzhost sshd[920]: Received disconnect from 43.255.190.149: 11:  [preauth]
Apr 11 16:44:51 ovzhost sshd[920]: PAM 2 more authentication failures; logname= uid=0 euid=0 tty=ssh ruser= rhost=43.255.190.149  user=root
Apr 11 16:44:52 ovzhost sshd[922]: Failed password for root from 43.255.190.151 port 37632 ssh2
Apr 11 16:44:54 ovzhost sshd[924]: pam_unix(sshd:auth): authentication failure; logname= uid=0 euid=0 tty=ssh ruser= rhost=43.255.190.149  user=root
Apr 11 16:44:55 ovzhost sshd[924]: Failed password for root from 43.255.190.149 port 35277 ssh2
Apr 11 16:44:56 ovzhost sshd[922]: message repeated 2 times: [ Failed password for root from 43.255.190.151 port 37632 ssh2]
Apr 11 16:44:56 ovzhost sshd[922]: Received disconnect from 43.255.190.151: 11:  [preauth]
Apr 11 16:44:56 ovzhost sshd[922]: PAM 2 more authentication failures; logname= uid=0 euid=0 tty=ssh ruser= rhost=43.255.190.151  user=root
Apr 11 16:44:56 ovzhost sshd[926]: pam_unix(sshd:auth): authentication failure; logname= uid=0 euid=0 tty=ssh ruser= rhost=43.255.190.151  user=root
Apr 11 16:44:59 ovzhost sshd[926]: Failed password for root from 43.255.190.151 port 55739 ssh2
Apr 11 16:45:00 ovzhost sshd[924]: message repeated 2 times: [ Failed password for root from 43.255.190.149 port 35277 ssh2]
Apr 11 16:45:00 ovzhost sshd[924]: Received disconnect from 43.255.190.149: 11:  [preauth]
Apr 11 16:45:00 ovzhost sshd[924]: PAM 2 more authentication failures; logname= uid=0 euid=0 tty=ssh ruser= rhost=43.255.190.149  user=root
Apr 11 16:45:02 ovzhost sshd[928]: pam_unix(sshd:auth): authentication failure; logname= uid=0 euid=0 tty=ssh ruser= rhost=43.255.190.149  user=root
Apr 11 16:45:03 ovzhost sshd[926]: message repeated 2 times: [ Failed password for root from 43.255.190.151 port 55739 ssh2]
Apr 11 16:45:03 ovzhost sshd[926]: Received disconnect from 43.255.190.151: 11:  [preauth]
Apr 11 16:45:03 ovzhost sshd[926]: PAM 2 more authentication failures; logname= uid=0 euid=0 tty=ssh ruser= rhost=43.255.190.151  user=root
Apr 11 16:45:04 ovzhost sshd[928]: Failed password for root from 43.255.190.149 port 46198 ssh2
Apr 11 16:45:04 ovzhost sshd[930]: pam_unix(sshd:auth): authentication failure; logname= uid=0 euid=0 tty=ssh ruser= rhost=43.255.190.151  user=root
Apr 11 16:45:06 ovzhost sshd[930]: Failed password for root from 43.255.190.151 port 47147 ssh2
Apr 11 16:45:08 ovzhost sshd[928]: message repeated 2 times: [ Failed password for root from 43.255.190.149 port 46198 ssh2]
Apr 11 16:45:08 ovzhost sshd[928]: Received disconnect from 43.255.190.149: 11:  [preauth]
Apr 11 16:45:08 ovzhost sshd[928]: PAM 2 more authentication failures; logname= uid=0 euid=0 tty=ssh ruser= rhost=43.255.190.149  user=root
Apr 11 16:45:09 ovzhost sshd[932]: pam_unix(sshd:auth): authentication failure; logname= uid=0 euid=0 tty=ssh ruser= rhost=43.255.190.149  user=root
Apr 11 16:45:11 ovzhost sshd[932]: Failed password for root from 43.255.190.149 port 56890 ssh2
Apr 11 16:45:11 ovzhost sshd[930]: message repeated 2 times: [ Failed password for root from 43.255.190.151 port 47147 ssh2]
Apr 11 16:45:11 ovzhost sshd[930]: Received disconnect from 43.255.190.151: 11:  [preauth]
Apr 11 16:45:11 ovzhost sshd[930]: PAM 2 more authentication failures; logname= uid=0 euid=0 tty=ssh ruser= rhost=43.255.190.151  user=root
Apr 11 16:45:11 ovzhost sshd[934]: pam_unix(sshd:auth): authentication failure; logname= uid=0 euid=0 tty=ssh ruser= rhost=43.255.190.151  user=root
Apr 11 16:45:13 ovzhost sshd[934]: Failed password for root from 43.255.190.151 port 38617 ssh2
Apr 11 16:45:15 ovzhost sshd[932]: message repeated 2 times: [ Failed password for root from 43.255.190.149 port 56890 ssh2]
Apr 11 16:45:15 ovzhost sshd[932]: Received disconnect from 43.255.190.149: 11:  [preauth]
Apr 11 16:45:15 ovzhost sshd[932]: PAM 2 more authentication failures; logname= uid=0 euid=0 tty=ssh ruser= rhost=43.255.190.149  user=root
Apr 11 16:45:17 ovzhost sshd[934]: message repeated 2 times: [ Failed password for root from 43.255.190.151 port 38617 ssh2]
Apr 11 16:45:17 ovzhost sshd[934]: Received disconnect from 43.255.190.151: 11:  [preauth]
Apr 11 16:45:17 ovzhost sshd[934]: PAM 2 more authentication failures; logname= uid=0 euid=0 tty=ssh ruser= rhost=43.255.190.151  user=root
Apr 11 16:45:18 ovzhost sshd[937]: pam_unix(sshd:auth): authentication failure; logname= uid=0 euid=0 tty=ssh ruser= rhost=43.255.190.151  user=root
Apr 11 16:45:20 ovzhost sshd[937]: Failed password for root from 43.255.190.151 port 55817 ssh2
Apr 11 16:45:21 ovzhost sshd[939]: pam_unix(sshd:auth): authentication failure; logname= uid=0 euid=0 tty=ssh ruser= rhost=43.255.190.149  user=root
Apr 11 16:45:23 ovzhost sshd[939]: Failed password for root from 43.255.190.149 port 44148 ssh2
Apr 11 16:45:25 ovzhost sshd[937]: message repeated 2 times: [ Failed password for root from 43.255.190.151 port 55817 ssh2]
Apr 11 16:45:25 ovzhost sshd[937]: Received disconnect from 43.255.190.151: 11:  [preauth]
Apr 11 16:45:25 ovzhost sshd[937]: PAM 2 more authentication failures; logname= uid=0 euid=0 tty=ssh ruser= rhost=43.255.190.151  user=root
Apr 11 16:45:26 ovzhost sshd[941]: pam_unix(sshd:auth): authentication failure; logname= uid=0 euid=0 tty=ssh ruser= rhost=43.255.190.151  user=root
Apr 11 16:45:28 ovzhost sshd[941]: Failed password for root from 43.255.190.151 port 46782 ssh2
Apr 11 16:45:28 ovzhost sshd[939]: message repeated 2 times: [ Failed password for root from 43.255.190.149 port 44148 ssh2]
Apr 11 16:45:28 ovzhost sshd[939]: Received disconnect from 43.255.190.149: 11:  [preauth]
Apr 11 16:45:28 ovzhost sshd[939]: PAM 2 more authentication failures; logname= uid=0 euid=0 tty=ssh ruser= rhost=43.255.190.149  user=root
Apr 11 16:45:28 ovzhost sshd[944]: Connection closed by 127.0.0.1 [preauth]
Apr 11 16:45:31 ovzhost sshd[946]: pam_unix(sshd:auth): authentication failure; logname= uid=0 euid=0 tty=ssh ruser= rhost=43.255.190.149  user=root
Apr 11 16:45:32 ovzhost sshd[941]: message repeated 2 times: [ Failed password for root from 43.255.190.151 port 46782 ssh2]
Apr 11 16:45:32 ovzhost sshd[941]: Received disconnect from 43.255.190.151: 11:  [preauth]
Apr 11 16:45:32 ovzhost sshd[941]: PAM 2 more authentication failures; logname= uid=0 euid=0 tty=ssh ruser= rhost=43.255.190.151  user=root
Apr 11 16:45:32 ovzhost sshd[948]: pam_unix(sshd:auth): authentication failure; logname= uid=0 euid=0 tty=ssh ruser= rhost=43.255.190.151  user=root
Apr 11 16:45:34 ovzhost sshd[946]: Failed password for root from 43.255.190.149 port 54806 ssh2
Apr 11 16:45:35 ovzhost sshd[948]: Failed password for root from 43.255.190.151 port 35474 ssh2
Apr 11 16:45:38 ovzhost sshd[946]: message repeated 2 times: [ Failed password for root from 43.255.190.149 port 54806 ssh2]
Apr 11 16:45:38 ovzhost sshd[946]: Received disconnect from 43.255.190.149: 11:  [preauth]
Apr 11 16:45:38 ovzhost sshd[946]: PAM 2 more authentication failures; logname= uid=0 euid=0 tty=ssh ruser= rhost=43.255.190.149  user=root
Apr 11 16:45:39 ovzhost sshd[948]: message repeated 2 times: [ Failed password for root from 43.255.190.151 port 35474 ssh2]
Apr 11 16:45:39 ovzhost sshd[948]: Received disconnect from 43.255.190.151: 11:  [preauth]
Apr 11 16:45:39 ovzhost sshd[948]: PAM 2 more authentication failures; logname= uid=0 euid=0 tty=ssh ruser= rhost=43.255.190.151  user=root
Apr 11 16:45:39 ovzhost sshd[950]: pam_unix(sshd:auth): authentication failure; logname= uid=0 euid=0 tty=ssh ruser= rhost=43.255.190.149  user=root
Apr 11 16:45:39 ovzhost sshd[952]: pam_unix(sshd:auth): authentication failure; logname= uid=0 euid=0 tty=ssh ruser= rhost=43.255.190.151  user=root
Apr 11 16:45:41 ovzhost sshd[950]: Failed password for root from 43.255.190.149 port 40218 ssh2
Apr 11 16:45:41 ovzhost sshd[952]: Failed password for root from 43.255.190.151 port 53548 ssh2
Apr 11 16:45:46 ovzhost sshd[950]: message repeated 2 times: [ Failed password for root from 43.255.190.149 port 40218 ssh2]
Apr 11 16:45:46 ovzhost sshd[950]: Received disconnect from 43.255.190.149: 11:  [preauth]
Apr 11 16:45:46 ovzhost sshd[950]: PAM 2 more authentication failures; logname= uid=0 euid=0 tty=ssh ruser= rhost=43.255.190.149  user=root
Apr 11 16:45:46 ovzhost sshd[952]: message repeated 2 times: [ Failed password for root from 43.255.190.151 port 53548 ssh2]
Apr 11 16:45:46 ovzhost sshd[952]: Received disconnect from 43.255.190.151: 11:  [preauth]
Apr 11 16:45:46 ovzhost sshd[952]: PAM 2 more authentication failures; logname= uid=0 euid=0 tty=ssh ruser= rhost=43.255.190.151  user=root
Apr 11 16:45:47 ovzhost sshd[956]: pam_unix(sshd:auth): authentication failure; logname= uid=0 euid=0 tty=ssh ruser= rhost=43.255.190.151  user=root
Apr 11 16:45:47 ovzhost sshd[954]: pam_unix(sshd:auth): authentication failure; logname= uid=0 euid=0 tty=ssh ruser= rhost=43.255.190.149  user=root
Apr 11 16:45:49 ovzhost sshd[956]: Failed password for root from 43.255.190.151 port 44186 ssh2
Apr 11 16:45:49 ovzhost sshd[954]: Failed password for root from 43.255.190.149 port 50297 ssh2
Apr 11 16:45:53 ovzhost sshd[956]: message repeated 2 times: [ Failed password for root from 43.255.190.151 port 44186 ssh2]
Apr 11 16:45:53 ovzhost sshd[956]: Received disconnect from 43.255.190.151: 11:  [preauth]
Apr 11 16:45:53 ovzhost sshd[956]: PAM 2 more authentication failures; logname= uid=0 euid=0 tty=ssh ruser= rhost=43.255.190.151  user=root
Apr 11 16:45:54 ovzhost sshd[958]: pam_unix(sshd:auth): authentication failure; logname= uid=0 euid=0 tty=ssh ruser= rhost=43.255.190.151  user=root
Apr 11 16:45:56 ovzhost sshd[958]: Failed password for root from 43.255.190.151 port 32960 ssh2
Apr 11 16:45:59 ovzhost sshd[954]: message repeated 2 times: [ Failed password for root from 43.255.190.149 port 50297 ssh2]
Apr 11 16:45:59 ovzhost sshd[954]: Received disconnect from 43.255.190.149: 11:  [preauth]
Apr 11 16:45:59 ovzhost sshd[954]: PAM 2 more authentication failures; logname= uid=0 euid=0 tty=ssh ruser= rhost=43.255.190.149  user=root
Apr 11 16:46:00 ovzhost sshd[960]: pam_unix(sshd:auth): authentication failure; logname= uid=0 euid=0 tty=ssh ruser= rhost=43.255.190.149  user=root
Apr 11 16:46:00 ovzhost sshd[958]: message repeated 2 times: [ Failed password for root from 43.255.190.151 port 32960 ssh2]
Apr 11 16:46:00 ovzhost sshd[958]: Received disconnect from 43.255.190.151: 11:  [preauth]
Apr 11 16:46:00 ovzhost sshd[958]: PAM 2 more authentication failures; logname= uid=0 euid=0 tty=ssh ruser= rhost=43.255.190.151  user=root
Apr 11 16:46:01 ovzhost sshd[962]: pam_unix(sshd:auth): authentication failure; logname= uid=0 euid=0 tty=ssh ruser= rhost=43.255.190.151  user=root
Apr 11 16:46:02 ovzhost sshd[960]: Failed password for root from 43.255.190.149 port 38546 ssh2
Apr 11 16:46:03 ovzhost sshd[962]: Failed password for root from 43.255.190.151 port 51554 ssh2
Apr 11 16:46:07 ovzhost sshd[960]: message repeated 2 times: [ Failed password for root from 43.255.190.149 port 38546 ssh2]
Apr 11 16:46:07 ovzhost sshd[960]: Received disconnect from 43.255.190.149: 11:  [preauth]
Apr 11 16:46:07 ovzhost sshd[960]: PAM 2 more authentication failures; logname= uid=0 euid=0 tty=ssh ruser= rhost=43.255.190.149  user=root
Apr 11 16:46:07 ovzhost sshd[962]: message repeated 2 times: [ Failed password for root from 43.255.190.151 port 51554 ssh2]
Apr 11 16:46:08 ovzhost sshd[962]: Received disconnect from 43.255.190.151: 11:  [preauth]
Apr 11 16:46:08 ovzhost sshd[962]: PAM 2 more authentication failures; logname= uid=0 euid=0 tty=ssh ruser= rhost=43.255.190.151  user=root
Apr 11 16:46:08 ovzhost sshd[966]: pam_unix(sshd:auth): authentication failure; logname= uid=0 euid=0 tty=ssh ruser= rhost=43.255.190.151  user=root
Apr 11 16:46:10 ovzhost sshd[966]: Failed password for root from 43.255.190.151 port 40866 ssh2
Apr 11 16:46:10 ovzhost sshd[968]: pam_unix(sshd:auth): authentication failure; logname= uid=0 euid=0 tty=ssh ruser= rhost=43.255.190.149  user=root
Apr 11 16:46:12 ovzhost sshd[968]: Failed password for root from 43.255.190.149 port 49755 ssh2
Apr 11 16:46:14 ovzhost sshd[966]: message repeated 2 times: [ Failed password for root from 43.255.190.151 port 40866 ssh2]
Apr 11 16:46:14 ovzhost sshd[966]: Received disconnect from 43.255.190.151: 11:  [preauth]
Apr 11 16:46:14 ovzhost sshd[966]: PAM 2 more authentication failures; logname= uid=0 euid=0 tty=ssh ruser= rhost=43.255.190.151  user=root
Apr 11 16:46:15 ovzhost sshd[970]: pam_unix(sshd:auth): authentication failure; logname= uid=0 euid=0 tty=ssh ruser= rhost=43.255.190.151  user=root
Apr 11 16:46:17 ovzhost sshd[970]: Failed password for root from 43.255.190.151 port 58215 ssh2
Apr 11 16:46:17 ovzhost sshd[968]: message repeated 2 times: [ Failed password for root from 43.255.190.149 port 49755 ssh2]
Apr 11 16:46:17 ovzhost sshd[968]: Received disconnect from 43.255.190.149: 11:  [preauth]
Apr 11 16:46:17 ovzhost sshd[968]: PAM 2 more authentication failures; logname= uid=0 euid=0 tty=ssh ruser= rhost=43.255.190.149  user=root
Apr 11 16:46:18 ovzhost sshd[972]: pam_unix(sshd:auth): authentication failure; logname= uid=0 euid=0 tty=ssh ruser= rhost=43.255.190.149  user=root
Apr 11 16:46:20 ovzhost sshd[972]: Failed password for root from 43.255.190.149 port 34480 ssh2
Apr 11 16:46:21 ovzhost sshd[970]: message repeated 2 times: [ Failed password for root from 43.255.190.151 port 58215 ssh2]
Apr 11 16:46:21 ovzhost sshd[970]: Received disconnect from 43.255.190.151: 11:  [preauth]
Apr 11 16:46:21 ovzhost sshd[970]: PAM 2 more authentication failures; logname= uid=0 euid=0 tty=ssh ruser= rhost=43.255.190.151  user=root
Apr 11 16:46:22 ovzhost sshd[976]: pam_unix(sshd:auth): authentication failure; logname= uid=0 euid=0 tty=ssh ruser= rhost=43.255.190.151  user=root
Apr 11 16:46:24 ovzhost sshd[976]: Failed password for root from 43.255.190.151 port 46716 ssh2
Apr 11 16:46:25 ovzhost sshd[972]: message repeated 2 times: [ Failed password for root from 43.255.190.149 port 34480 ssh2]
Apr 11 16:46:25 ovzhost sshd[972]: Received disconnect from 43.255.190.149: 11:  [preauth]
Apr 11 16:46:25 ovzhost sshd[972]: PAM 2 more authentication failures; logname= uid=0 euid=0 tty=ssh ruser= rhost=43.255.190.149  user=root
Apr 11 16:46:28 ovzhost sshd[978]: pam_unix(sshd:auth): authentication failure; logname= uid=0 euid=0 tty=ssh ruser= rhost=43.255.190.149  user=root
Apr 11 16:46:28 ovzhost sshd[976]: message repeated 2 times: [ Failed password for root from 43.255.190.151 port 46716 ssh2]
Apr 11 16:46:28 ovzhost sshd[976]: Received disconnect from 43.255.190.151: 11:  [preauth]
Apr 11 16:46:28 ovzhost sshd[976]: PAM 2 more authentication failures; logname= uid=0 euid=0 tty=ssh ruser= rhost=43.255.190.151  user=root
Apr 11 16:46:29 ovzhost sshd[980]: pam_unix(sshd:auth): authentication failure; logname= uid=0 euid=0 tty=ssh ruser= rhost=43.255.190.151  user=root
Apr 11 16:46:30 ovzhost sshd[978]: Failed password for root from 43.255.190.149 port 44921 ssh2
Apr 11 16:46:31 ovzhost sshd[980]: Failed password for root from 43.255.190.151 port 35328 ssh2
Apr 11 16:46:35 ovzhost sshd[978]: message repeated 2 times: [ Failed password for root from 43.255.190.149 port 44921 ssh2]
Apr 11 16:46:35 ovzhost sshd[978]: Received disconnect from 43.255.190.149: 11:  [preauth]
Apr 11 16:46:35 ovzhost sshd[978]: PAM 2 more authentication failures; logname= uid=0 euid=0 tty=ssh ruser= rhost=43.255.190.149  user=root
Apr 11 16:46:35 ovzhost sshd[980]: message repeated 2 times: [ Failed password for root from 43.255.190.151 port 35328 ssh2]
Apr 11 16:46:35 ovzhost sshd[980]: Received disconnect from 43.255.190.151: 11:  [preauth]
Apr 11 16:46:35 ovzhost sshd[980]: PAM 2 more authentication failures; logname= uid=0 euid=0 tty=ssh ruser= rhost=43.255.190.151  user=root
Apr 11 16:46:36 ovzhost sshd[984]: pam_unix(sshd:auth): authentication failure; logname= uid=0 euid=0 tty=ssh ruser= rhost=43.255.190.151  user=root
Apr 11 16:46:36 ovzhost sshd[982]: pam_unix(sshd:auth): authentication failure; logname= uid=0 euid=0 tty=ssh ruser= rhost=43.255.190.149  user=root
Apr 11 16:46:39 ovzhost sshd[984]: Failed password for root from 43.255.190.151 port 52517 ssh2
Apr 11 16:46:39 ovzhost sshd[982]: Failed password for root from 43.255.190.149 port 57251 ssh2
Apr 11 16:46:43 ovzhost sshd[982]: message repeated 2 times: [ Failed password for root from 43.255.190.149 port 57251 ssh2]
Apr 11 16:46:43 ovzhost sshd[982]: Received disconnect from 43.255.190.149: 11:  [preauth]
Apr 11 16:46:43 ovzhost sshd[982]: PAM 2 more authentication failures; logname= uid=0 euid=0 tty=ssh ruser= rhost=43.255.190.149  user=root
Apr 11 16:46:43 ovzhost sshd[984]: message repeated 2 times: [ Failed password for root from 43.255.190.151 port 52517 ssh2]
Apr 11 16:46:43 ovzhost sshd[984]: Received disconnect from 43.255.190.151: 11:  [preauth]
Apr 11 16:46:43 ovzhost sshd[984]: PAM 2 more authentication failures; logname= uid=0 euid=0 tty=ssh ruser= rhost=43.255.190.151  user=root
Apr 11 16:46:43 ovzhost sshd[990]: pam_unix(sshd:auth): authentication failure; logname= uid=0 euid=0 tty=ssh ruser= rhost=43.255.190.151  user=root
Apr 11 16:46:45 ovzhost sshd[990]: Failed password for root from 43.255.190.151 port 41792 ssh2
Apr 11 16:46:46 ovzhost sshd[988]: pam_unix(sshd:auth): authentication failure; logname= uid=0 euid=0 tty=ssh ruser= rhost=43.255.190.149  user=root
Apr 11 16:46:47 ovzhost sshd[988]: Failed password for root from 43.255.190.149 port 39361 ssh2
Apr 11 16:46:50 ovzhost sshd[990]: message repeated 2 times: [ Failed password for root from 43.255.190.151 port 41792 ssh2]
Apr 11 16:46:50 ovzhost sshd[990]: Received disconnect from 43.255.190.151: 11:  [preauth]
Apr 11 16:46:50 ovzhost sshd[990]: PAM 2 more authentication failures; logname= uid=0 euid=0 tty=ssh ruser= rhost=43.255.190.151  user=root
Apr 11 16:46:50 ovzhost sshd[992]: pam_unix(sshd:auth): authentication failure; logname= uid=0 euid=0 tty=ssh ruser= rhost=43.255.190.151  user=root
Apr 11 16:46:52 ovzhost sshd[988]: message repeated 2 times: [ Failed password for root from 43.255.190.149 port 39361 ssh2]
Apr 11 16:46:52 ovzhost sshd[988]: Received disconnect from 43.255.190.149: 11:  [preauth]
Apr 11 16:46:52 ovzhost sshd[988]: PAM 2 more authentication failures; logname= uid=0 euid=0 tty=ssh ruser= rhost=43.255.190.149  user=root
Apr 11 16:46:53 ovzhost sshd[992]: Failed password for root from 43.255.190.151 port 58409 ssh2
Apr 11 16:46:56 ovzhost sshd[994]: pam_unix(sshd:auth): authentication failure; logname= uid=0 euid=0 tty=ssh ruser= rhost=43.255.190.149  user=root
Apr 11 16:46:57 ovzhost sshd[992]: message repeated 2 times: [ Failed password for root from 43.255.190.151 port 58409 ssh2]
Apr 11 16:46:57 ovzhost sshd[992]: Received disconnect from 43.255.190.151: 11:  [preauth]
Apr 11 16:46:57 ovzhost sshd[992]: PAM 2 more authentication failures; logname= uid=0 euid=0 tty=ssh ruser= rhost=43.255.190.151  user=root
Apr 11 16:46:58 ovzhost sshd[996]: pam_unix(sshd:auth): authentication failure; logname= uid=0 euid=0 tty=ssh ruser= rhost=43.255.190.151  user=root
Apr 11 16:46:59 ovzhost sshd[994]: Failed password for root from 43.255.190.149 port 52051 ssh2
Apr 11 16:46:59 ovzhost sshd[996]: Failed password for root from 43.255.190.151 port 46714 ssh2
Apr 11 16:47:04 ovzhost sshd[996]: message repeated 2 times: [ Failed password for root from 43.255.190.151 port 46714 ssh2]
Apr 11 16:47:04 ovzhost sshd[996]: Received disconnect from 43.255.190.151: 11:  [preauth]
Apr 11 16:47:04 ovzhost sshd[996]: PAM 2 more authentication failures; logname= uid=0 euid=0 tty=ssh ruser= rhost=43.255.190.151  user=root
Apr 11 16:47:05 ovzhost sshd[998]: pam_unix(sshd:auth): authentication failure; logname= uid=0 euid=0 tty=ssh ruser= rhost=43.255.190.151  user=root
Apr 11 16:47:06 ovzhost sshd[994]: message repeated 2 times: [ Failed password for root from 43.255.190.149 port 52051 ssh2]
Apr 11 16:47:06 ovzhost sshd[994]: Received disconnect from 43.255.190.149: 11:  [preauth]
Apr 11 16:47:06 ovzhost sshd[994]: PAM 2 more authentication failures; logname= uid=0 euid=0 tty=ssh ruser= rhost=43.255.190.149  user=root
Apr 11 16:47:07 ovzhost sshd[998]: Failed password for root from 43.255.190.151 port 34857 ssh2
Apr 11 16:47:08 ovzhost sshd[1000]: pam_unix(sshd:auth): authentication failure; logname= uid=0 euid=0 tty=ssh ruser= rhost=43.255.190.149  user=root
Apr 11 16:47:10 ovzhost sshd[1000]: Failed password for root from 43.255.190.149 port 41457 ssh2
Apr 11 16:47:10 ovzhost sshd[998]: message repeated 2 times: [ Failed password for root from 43.255.190.151 port 34857 ssh2]
Apr 11 16:47:10 ovzhost sshd[998]: Received disconnect from 43.255.190.151: 11:  [preauth]
Apr 11 16:47:10 ovzhost sshd[998]: PAM 2 more authentication failures; logname= uid=0 euid=0 tty=ssh ruser= rhost=43.255.190.151  user=root
Apr 11 16:47:11 ovzhost sshd[1003]: pam_unix(sshd:auth): authentication failure; logname= uid=0 euid=0 tty=ssh ruser= rhost=43.255.190.151  user=root
Apr 11 16:47:14 ovzhost sshd[1003]: Failed password for root from 43.255.190.151 port 50051 ssh2
Apr 11 16:47:15 ovzhost sshd[1000]: message repeated 2 times: [ Failed password for root from 43.255.190.149 port 41457 ssh2]
Apr 11 16:47:15 ovzhost sshd[1000]: Received disconnect from 43.255.190.149: 11:  [preauth]
Apr 11 16:47:15 ovzhost sshd[1000]: PAM 2 more authentication failures; logname= uid=0 euid=0 tty=ssh ruser= rhost=43.255.190.149  user=root
Apr 11 16:47:16 ovzhost sshd[1005]: pam_unix(sshd:auth): authentication failure; logname= uid=0 euid=0 tty=ssh ruser= rhost=43.255.190.149  user=root
Apr 11 16:47:18 ovzhost sshd[1005]: Failed password for root from 43.255.190.149 port 53426 ssh2
Apr 11 16:47:18 ovzhost sshd[1003]: message repeated 2 times: [ Failed password for root from 43.255.190.151 port 50051 ssh2]
Apr 11 16:47:18 ovzhost sshd[1003]: Received disconnect from 43.255.190.151: 11:  [preauth]
Apr 11 16:47:18 ovzhost sshd[1003]: PAM 2 more authentication failures; logname= uid=0 euid=0 tty=ssh ruser= rhost=43.255.190.151  user=root
Apr 11 16:47:19 ovzhost sshd[1007]: pam_unix(sshd:auth): authentication failure; logname= uid=0 euid=0 tty=ssh ruser= rhost=43.255.190.151  user=root
Apr 11 16:47:20 ovzhost sshd[1007]: Failed password for root from 43.255.190.151 port 38212 ssh2
Apr 11 16:47:22 ovzhost sshd[1005]: message repeated 2 times: [ Failed password for root from 43.255.190.149 port 53426 ssh2]
Apr 11 16:47:22 ovzhost sshd[1005]: Received disconnect from 43.255.190.149: 11:  [preauth]
Apr 11 16:47:22 ovzhost sshd[1005]: PAM 2 more authentication failures; logname= uid=0 euid=0 tty=ssh ruser= rhost=43.255.190.149  user=root
Apr 11 16:47:24 ovzhost sshd[1009]: pam_unix(sshd:auth): authentication failure; logname= uid=0 euid=0 tty=ssh ruser= rhost=43.255.190.149  user=root
Apr 11 16:47:24 ovzhost sshd[1007]: message repeated 2 times: [ Failed password for root from 43.255.190.151 port 38212 ssh2]
Apr 11 16:47:24 ovzhost sshd[1007]: Received disconnect from 43.255.190.151: 11:  [preauth]
Apr 11 16:47:24 ovzhost sshd[1007]: PAM 2 more authentication failures; logname= uid=0 euid=0 tty=ssh ruser= rhost=43.255.190.151  user=root
Apr 11 16:47:25 ovzhost sshd[1011]: pam_unix(sshd:auth): authentication failure; logname= uid=0 euid=0 tty=ssh ruser= rhost=43.255.190.151  user=root
Apr 11 16:47:26 ovzhost sshd[1009]: Failed password for root from 43.255.190.149 port 34661 ssh2
Apr 11 16:47:27 ovzhost sshd[1011]: Failed password for root from 43.255.190.151 port 52606 ssh2
Apr 11 16:47:32 ovzhost sshd[1011]: message repeated 2 times: [ Failed password for root from 43.255.190.151 port 52606 ssh2]
Apr 11 16:47:32 ovzhost sshd[1011]: Received disconnect from 43.255.190.151: 11:  [preauth]
Apr 11 16:47:32 ovzhost sshd[1011]: PAM 2 more authentication failures; logname= uid=0 euid=0 tty=ssh ruser= rhost=43.255.190.151  user=root
Apr 11 16:47:32 ovzhost sshd[1009]: message repeated 2 times: [ Failed password for root from 43.255.190.149 port 34661 ssh2]
Apr 11 16:47:32 ovzhost sshd[1009]: Received disconnect from 43.255.190.149: 11:  [preauth]
Apr 11 16:47:32 ovzhost sshd[1009]: PAM 2 more authentication failures; logname= uid=0 euid=0 tty=ssh ruser= rhost=43.255.190.149  user=root
Apr 11 16:47:32 ovzhost sshd[1013]: pam_unix(sshd:auth): authentication failure; logname= uid=0 euid=0 tty=ssh ruser= rhost=43.255.190.151  user=root
Apr 11 16:47:33 ovzhost sshd[1015]: pam_unix(sshd:auth): authentication failure; logname= uid=0 euid=0 tty=ssh ruser= rhost=43.255.190.149  user=root
Apr 11 16:47:34 ovzhost sshd[1013]: Failed password for root from 43.255.190.151 port 40950 ssh2
Apr 11 16:47:34 ovzhost sshd[1015]: Failed password for root from 43.255.190.149 port 47898 ssh2
Apr 11 16:47:39 ovzhost sshd[1013]: message repeated 2 times: [ Failed password for root from 43.255.190.151 port 40950 ssh2]
Apr 11 16:47:39 ovzhost sshd[1013]: Received disconnect from 43.255.190.151: 11:  [preauth]
Apr 11 16:47:39 ovzhost sshd[1013]: PAM 2 more authentication failures; logname= uid=0 euid=0 tty=ssh ruser= rhost=43.255.190.151  user=root
Apr 11 16:47:39 ovzhost sshd[1017]: pam_unix(sshd:auth): authentication failure; logname= uid=0 euid=0 tty=ssh ruser= rhost=43.255.190.151  user=root
Apr 11 16:47:40 ovzhost sshd[1015]: message repeated 2 times: [ Failed password for root from 43.255.190.149 port 47898 ssh2]
Apr 11 16:47:40 ovzhost sshd[1015]: Received disconnect from 43.255.190.149: 11:  [preauth]
Apr 11 16:47:40 ovzhost sshd[1015]: PAM 2 more authentication failures; logname= uid=0 euid=0 tty=ssh ruser= rhost=43.255.190.149  user=root
Apr 11 16:47:41 ovzhost sshd[1017]: Failed password for root from 43.255.190.151 port 57654 ssh2
Apr 11 16:47:44 ovzhost sshd[1020]: pam_unix(sshd:auth): authentication failure; logname= uid=0 euid=0 tty=ssh ruser= rhost=43.255.190.149  user=root
Apr 11 16:47:45 ovzhost sshd[1017]: message repeated 2 times: [ Failed password for root from 43.255.190.151 port 57654 ssh2]
Apr 11 16:47:45 ovzhost sshd[1017]: Received disconnect from 43.255.190.151: 11:  [preauth]
Apr 11 16:47:45 ovzhost sshd[1017]: PAM 2 more authentication failures; logname= uid=0 euid=0 tty=ssh ruser= rhost=43.255.190.151  user=root
Apr 11 16:47:46 ovzhost sshd[1020]: Failed password for root from 43.255.190.149 port 58753 ssh2
Apr 11 16:47:46 ovzhost sshd[1022]: pam_unix(sshd:auth): authentication failure; logname= uid=0 euid=0 tty=ssh ruser= rhost=43.255.190.151  user=root
Apr 11 16:47:48 ovzhost sshd[1022]: Failed password for root from 43.255.190.151 port 44138 ssh2
Apr 11 16:47:51 ovzhost sshd[1020]: message repeated 2 times: [ Failed password for root from 43.255.190.149 port 58753 ssh2]
Apr 11 16:47:51 ovzhost sshd[1020]: Received disconnect from 43.255.190.149: 11:  [preauth]
Apr 11 16:47:51 ovzhost sshd[1020]: PAM 2 more authentication failures; logname= uid=0 euid=0 tty=ssh ruser= rhost=43.255.190.149  user=root
Apr 11 16:47:53 ovzhost sshd[1022]: message repeated 2 times: [ Failed password for root from 43.255.190.151 port 44138 ssh2]
Apr 11 16:47:53 ovzhost sshd[1022]: Received disconnect from 43.255.190.151: 11:  [preauth]
Apr 11 16:47:53 ovzhost sshd[1022]: PAM 2 more authentication failures; logname= uid=0 euid=0 tty=ssh ruser= rhost=43.255.190.151  user=root
Apr 11 16:47:53 ovzhost sshd[1026]: pam_unix(sshd:auth): authentication failure; logname= uid=0 euid=0 tty=ssh ruser= rhost=43.255.190.151  user=root
Apr 11 16:47:55 ovzhost sshd[1026]: Failed password for root from 43.255.190.151 port 60135 ssh2
