Apr 11 16:48:00 ovzhost sshd[1026]: message repeated 2 times: [ Failed password for root from 43.255.190.151 port 60135 ssh2]
Apr 11 16:48:00 ovzhost sshd[1026]: Received disconnect from 43.255.190.151: 11:  [preauth]
Apr 11 16:48:00 ovzhost sshd[1026]: PAM 2 more authentication failures; logname= uid=0 euid=0 tty=ssh ruser= rhost=43.255.190.151  user=root
Apr 11 16:48:00 ovzhost sshd[1028]: pam_unix(sshd:auth): authentication failure; logname= uid=0 euid=0 tty=ssh ruser= rhost=43.255.190.151  user=root
Apr 11 16:48:02 ovzhost sshd[1024]: pam_unix(sshd:auth): authentication failure; logname= uid=0 euid=0 tty=ssh ruser= rhost=43.255.190.149  user=root
Apr 11 16:48:03 ovzhost sshd[1028]: Failed password for root from 43.255.190.151 port 47780 ssh2
Apr 11 16:48:05 ovzhost sshd[1024]: Failed password for root from 43.255.190.149 port 45257 ssh2
Apr 11 16:48:06 ovzhost sshd[1028]: message repeated 2 times: [ Failed password for root from 43.255.190.151 port 47780 ssh2]
Apr 11 16:48:07 ovzhost sshd[1028]: Received disconnect from 43.255.190.151: 11:  [preauth]
Apr 11 16:48:07 ovzhost sshd[1028]: PAM 2 more authentication failures; logname= uid=0 euid=0 tty=ssh ruser= rhost=43.255.190.151  user=root
Apr 11 16:48:07 ovzhost sshd[1030]: pam_unix(sshd:auth): authentication failure; logname= uid=0 euid=0 tty=ssh ruser= rhost=43.255.190.151  user=root
Apr 11 16:48:09 ovzhost sshd[1030]: Failed password for root from 43.255.190.151 port 34792 ssh2
Apr 11 16:48:09 ovzhost sshd[1024]: message repeated 2 times: [ Failed password for root from 43.255.190.149 port 45257 ssh2]
Apr 11 16:48:09 ovzhost sshd[1024]: Received disconnect from 43.255.190.149: 11:  [preauth]
Apr 11 16:48:09 ovzhost sshd[1024]: PAM 2 more authentication failures; logname= uid=0 euid=0 tty=ssh ruser= rhost=43.255.190.149  user=root
Apr 11 16:48:11 ovzhost sshd[1034]: pam_unix(sshd:auth): authentication failure; logname= uid=0 euid=0 tty=ssh ruser= rhost=43.255.190.149  user=root
Apr 11 16:48:13 ovzhost sshd[1034]: Failed password for root from 43.255.190.149 port 41644 ssh2
Apr 11 16:48:14 ovzhost sshd[1030]: message repeated 2 times: [ Failed password for root from 43.255.190.151 port 34792 ssh2]
Apr 11 16:48:14 ovzhost sshd[1030]: Received disconnect from 43.255.190.151: 11:  [preauth]
Apr 11 16:48:14 ovzhost sshd[1030]: PAM 2 more authentication failures; logname= uid=0 euid=0 tty=ssh ruser= rhost=43.255.190.151  user=root
Apr 11 16:48:15 ovzhost sshd[1037]: pam_unix(sshd:auth): authentication failure; logname= uid=0 euid=0 tty=ssh ruser= rhost=43.255.190.151  user=root
Apr 11 16:48:16 ovzhost sshd[1037]: Failed password for root from 43.255.190.151 port 50992 ssh2
Apr 11 16:48:17 ovzhost sshd[1034]: message repeated 2 times: [ Failed password for root from 43.255.190.149 port 41644 ssh2]
Apr 11 16:48:18 ovzhost sshd[1034]: Received disconnect from 43.255.190.149: 11:  [preauth]
Apr 11 16:48:18 ovzhost sshd[1034]: PAM 2 more authentication failures; logname= uid=0 euid=0 tty=ssh ruser= rhost=43.255.190.149  user=root
Apr 11 16:48:20 ovzhost sshd[1037]: message repeated 2 times: [ Failed password for root from 43.255.190.151 port 50992 ssh2]
Apr 11 16:48:20 ovzhost sshd[1037]: Received disconnect from 43.255.190.151: 11:  [preauth]
Apr 11 16:48:20 ovzhost sshd[1037]: PAM 2 more authentication failures; logname= uid=0 euid=0 tty=ssh ruser= rhost=43.255.190.151  user=root
Apr 11 16:48:20 ovzhost sshd[1041]: pam_unix(sshd:auth): authentication failure; logname= uid=0 euid=0 tty=ssh ruser= rhost=43.255.190.149  user=root
Apr 11 16:48:21 ovzhost sshd[1043]: pam_unix(sshd:auth): authentication failure; logname= uid=0 euid=0 tty=ssh ruser= rhost=43.255.190.151  user=root
Apr 11 16:48:22 ovzhost sshd[1041]: Failed password for root from 43.255.190.149 port 52808 ssh2
Apr 11 16:48:23 ovzhost sshd[1043]: Failed password for root from 43.255.190.151 port 36180 ssh2
Apr 11 16:48:27 ovzhost sshd[1041]: message repeated 2 times: [ Failed password for root from 43.255.190.149 port 52808 ssh2]
Apr 11 16:48:27 ovzhost sshd[1041]: Received disconnect from 43.255.190.149: 11:  [preauth]
Apr 11 16:48:27 ovzhost sshd[1041]: PAM 2 more authentication failures; logname= uid=0 euid=0 tty=ssh ruser= rhost=43.255.190.149  user=root
Apr 11 16:48:27 ovzhost sshd[1043]: message repeated 2 times: [ Failed password for root from 43.255.190.151 port 36180 ssh2]
Apr 11 16:48:27 ovzhost sshd[1043]: Received disconnect from 43.255.190.151: 11:  [preauth]
Apr 11 16:48:27 ovzhost sshd[1043]: PAM 2 more authentication failures; logname= uid=0 euid=0 tty=ssh ruser= rhost=43.255.190.151  user=root
Apr 11 16:48:28 ovzhost sshd[1045]: pam_unix(sshd:auth): authentication failure; logname= uid=0 euid=0 tty=ssh ruser= rhost=43.255.190.151  user=root
Apr 11 16:48:28 ovzhost sshd[1047]: pam_unix(sshd:auth): authentication failure; logname= uid=0 euid=0 tty=ssh ruser= rhost=43.255.190.149  user=root
Apr 11 16:48:30 ovzhost sshd[1045]: Failed password for root from 43.255.190.151 port 51714 ssh2
Apr 11 16:48:30 ovzhost sshd[1047]: Failed password for root from 43.255.190.149 port 36731 ssh2
Apr 11 16:48:34 ovzhost sshd[1045]: message repeated 2 times: [ Failed password for root from 43.255.190.151 port 51714 ssh2]
Apr 11 16:48:34 ovzhost sshd[1045]: Received disconnect from 43.255.190.151: 11:  [preauth]
Apr 11 16:48:34 ovzhost sshd[1045]: PAM 2 more authentication failures; logname= uid=0 euid=0 tty=ssh ruser= rhost=43.255.190.151  user=root
Apr 11 16:48:35 ovzhost sshd[1049]: pam_unix(sshd:auth): authentication failure; logname= uid=0 euid=0 tty=ssh ruser= rhost=43.255.190.151  user=root
Apr 11 16:48:35 ovzhost sshd[1047]: message repeated 2 times: [ Failed password for root from 43.255.190.149 port 36731 ssh2]
Apr 11 16:48:35 ovzhost sshd[1047]: Received disconnect from 43.255.190.149: 11:  [preauth]
Apr 11 16:48:35 ovzhost sshd[1047]: PAM 2 more authentication failures; logname= uid=0 euid=0 tty=ssh ruser= rhost=43.255.190.149  user=root
Apr 11 16:48:36 ovzhost sshd[1051]: pam_unix(sshd:auth): authentication failure; logname= uid=0 euid=0 tty=ssh ruser= rhost=43.255.190.149  user=root
Apr 11 16:48:37 ovzhost sshd[1049]: Failed password for root from 43.255.190.151 port 38571 ssh2
Apr 11 16:48:37 ovzhost sshd[1051]: Failed password for root from 43.255.190.149 port 48060 ssh2
Apr 11 16:48:41 ovzhost sshd[1049]: message repeated 2 times: [ Failed password for root from 43.255.190.151 port 38571 ssh2]
Apr 11 16:48:41 ovzhost sshd[1049]: Received disconnect from 43.255.190.151: 11:  [preauth]
Apr 11 16:48:41 ovzhost sshd[1049]: PAM 2 more authentication failures; logname= uid=0 euid=0 tty=ssh ruser= rhost=43.255.190.151  user=root
Apr 11 16:48:41 ovzhost sshd[1051]: message repeated 2 times: [ Failed password for root from 43.255.190.149 port 48060 ssh2]
Apr 11 16:48:41 ovzhost sshd[1051]: Received disconnect from 43.255.190.149: 11:  [preauth]
Apr 11 16:48:41 ovzhost sshd[1051]: PAM 2 more authentication failures; logname= uid=0 euid=0 tty=ssh ruser= rhost=43.255.190.149  user=root
Apr 11 16:48:42 ovzhost sshd[1053]: pam_unix(sshd:auth): authentication failure; logname= uid=0 euid=0 tty=ssh ruser= rhost=43.255.190.151  user=root
Apr 11 16:48:43 ovzhost sshd[1057]: pam_unix(sshd:auth): authentication failure; logname= uid=0 euid=0 tty=ssh ruser= rhost=43.255.190.149  user=root
Apr 11 16:48:44 ovzhost sshd[1053]: Failed password for root from 43.255.190.151 port 53894 ssh2
Apr 11 16:48:45 ovzhost sshd[1057]: Failed password for root from 43.255.190.149 port 56827 ssh2
Apr 11 16:48:48 ovzhost sshd[1053]: message repeated 2 times: [ Failed password for root from 43.255.190.151 port 53894 ssh2]
Apr 11 16:48:48 ovzhost sshd[1053]: Received disconnect from 43.255.190.151: 11:  [preauth]
Apr 11 16:48:48 ovzhost sshd[1053]: PAM 2 more authentication failures; logname= uid=0 euid=0 tty=ssh ruser= rhost=43.255.190.151  user=root
Apr 11 16:48:49 ovzhost sshd[1059]: pam_unix(sshd:auth): authentication failure; logname= uid=0 euid=0 tty=ssh ruser= rhost=43.255.190.151  user=root
Apr 11 16:48:49 ovzhost sshd[1057]: message repeated 2 times: [ Failed password for root from 43.255.190.149 port 56827 ssh2]
Apr 11 16:48:50 ovzhost sshd[1057]: Received disconnect from 43.255.190.149: 11:  [preauth]
Apr 11 16:48:50 ovzhost sshd[1057]: PAM 2 more authentication failures; logname= uid=0 euid=0 tty=ssh ruser= rhost=43.255.190.149  user=root
Apr 11 16:48:51 ovzhost sshd[1061]: pam_unix(sshd:auth): authentication failure; logname= uid=0 euid=0 tty=ssh ruser= rhost=43.255.190.149  user=root
Apr 11 16:48:51 ovzhost sshd[1059]: Failed password for root from 43.255.190.151 port 41221 ssh2
Apr 11 16:48:52 ovzhost sshd[1061]: Failed password for root from 43.255.190.149 port 38948 ssh2
Apr 11 16:48:54 ovzhost sshd[1059]: message repeated 2 times: [ Failed password for root from 43.255.190.151 port 41221 ssh2]
Apr 11 16:48:54 ovzhost sshd[1059]: Received disconnect from 43.255.190.151: 11:  [preauth]
Apr 11 16:48:54 ovzhost sshd[1059]: PAM 2 more authentication failures; logname= uid=0 euid=0 tty=ssh ruser= rhost=43.255.190.151  user=root
Apr 11 16:48:55 ovzhost sshd[1063]: pam_unix(sshd:auth): authentication failure; logname= uid=0 euid=0 tty=ssh ruser= rhost=43.255.190.151  user=root
Apr 11 16:48:56 ovzhost sshd[1061]: message repeated 2 times: [ Failed password for root from 43.255.190.149 port 38948 ssh2]
Apr 11 16:48:56 ovzhost sshd[1061]: Received disconnect from 43.255.190.149: 11:  [preauth]
Apr 11 16:48:56 ovzhost sshd[1061]: PAM 2 more authentication failures; logname= uid=0 euid=0 tty=ssh ruser= rhost=43.255.190.149  user=root
Apr 11 16:48:57 ovzhost sshd[1063]: Failed password for root from 43.255.190.151 port 54988 ssh2
Apr 11 16:48:57 ovzhost sshd[1065]: pam_unix(sshd:auth): authentication failure; logname= uid=0 euid=0 tty=ssh ruser= rhost=43.255.190.149  user=root
Apr 11 16:48:59 ovzhost sshd[1065]: Failed password for root from 43.255.190.149 port 48996 ssh2
Apr 11 16:49:01 ovzhost sshd[1063]: message repeated 2 times: [ Failed password for root from 43.255.190.151 port 54988 ssh2]
Apr 11 16:49:01 ovzhost sshd[1063]: Received disconnect from 43.255.190.151: 11:  [preauth]
Apr 11 16:49:01 ovzhost sshd[1063]: PAM 2 more authentication failures; logname= uid=0 euid=0 tty=ssh ruser= rhost=43.255.190.151  user=root
Apr 11 16:49:01 ovzhost sshd[1067]: pam_unix(sshd:auth): authentication failure; logname= uid=0 euid=0 tty=ssh ruser= rhost=43.255.190.151  user=root
Apr 11 16:49:03 ovzhost sshd[1065]: message repeated 2 times: [ Failed password for root from 43.255.190.149 port 48996 ssh2]
Apr 11 16:49:03 ovzhost sshd[1065]: Received disconnect from 43.255.190.149: 11:  [preauth]
Apr 11 16:49:03 ovzhost sshd[1065]: PAM 2 more authentication failures; logname= uid=0 euid=0 tty=ssh ruser= rhost=43.255.190.149  user=root
Apr 11 16:49:04 ovzhost sshd[1067]: Failed password for root from 43.255.190.151 port 40013 ssh2
Apr 11 16:49:04 ovzhost sshd[1069]: pam_unix(sshd:auth): authentication failure; logname= uid=0 euid=0 tty=ssh ruser= rhost=43.255.190.149  user=root
Apr 11 16:49:06 ovzhost sshd[1069]: Failed password for root from 43.255.190.149 port 58196 ssh2
Apr 11 16:49:07 ovzhost sshd[1067]: message repeated 2 times: [ Failed password for root from 43.255.190.151 port 40013 ssh2]
Apr 11 16:49:07 ovzhost sshd[1067]: Received disconnect from 43.255.190.151: 11:  [preauth]
Apr 11 16:49:07 ovzhost sshd[1067]: PAM 2 more authentication failures; logname= uid=0 euid=0 tty=ssh ruser= rhost=43.255.190.151  user=root
Apr 11 16:49:07 ovzhost sshd[1071]: pam_unix(sshd:auth): authentication failure; logname= uid=0 euid=0 tty=ssh ruser= rhost=43.255.190.151  user=root
Apr 11 16:49:09 ovzhost sshd[1071]: Failed password for root from 43.255.190.151 port 53984 ssh2
Apr 11 16:49:10 ovzhost sshd[1069]: message repeated 2 times: [ Failed password for root from 43.255.190.149 port 58196 ssh2]
Apr 11 16:49:10 ovzhost sshd[1069]: Received disconnect from 43.255.190.149: 11:  [preauth]
Apr 11 16:49:10 ovzhost sshd[1069]: PAM 2 more authentication failures; logname= uid=0 euid=0 tty=ssh ruser= rhost=43.255.190.149  user=root
Apr 11 16:49:12 ovzhost sshd[1071]: message repeated 2 times: [ Failed password for root from 43.255.190.151 port 53984 ssh2]
Apr 11 16:49:12 ovzhost sshd[1071]: Received disconnect from 43.255.190.151: 11:  [preauth]
Apr 11 16:49:12 ovzhost sshd[1071]: PAM 2 more authentication failures; logname= uid=0 euid=0 tty=ssh ruser= rhost=43.255.190.151  user=root
Apr 11 16:49:13 ovzhost sshd[1073]: pam_unix(sshd:auth): authentication failure; logname= uid=0 euid=0 tty=ssh ruser= rhost=43.255.190.149  user=root
Apr 11 16:49:13 ovzhost sshd[1077]: pam_unix(sshd:auth): authentication failure; logname= uid=0 euid=0 tty=ssh ruser= rhost=43.255.190.151  user=root
Apr 11 16:49:15 ovzhost sshd[1073]: Failed password for root from 43.255.190.149 port 39987 ssh2
Apr 11 16:49:15 ovzhost sshd[1077]: Failed password for root from 43.255.190.151 port 37970 ssh2
Apr 11 16:49:19 ovzhost sshd[1073]: message repeated 2 times: [ Failed password for root from 43.255.190.149 port 39987 ssh2]
Apr 11 16:49:19 ovzhost sshd[1073]: Received disconnect from 43.255.190.149: 11:  [preauth]
Apr 11 16:49:19 ovzhost sshd[1073]: PAM 2 more authentication failures; logname= uid=0 euid=0 tty=ssh ruser= rhost=43.255.190.149  user=root
Apr 11 16:49:19 ovzhost sshd[1077]: message repeated 2 times: [ Failed password for root from 43.255.190.151 port 37970 ssh2]
Apr 11 16:49:19 ovzhost sshd[1077]: Received disconnect from 43.255.190.151: 11:  [preauth]
Apr 11 16:49:19 ovzhost sshd[1077]: PAM 2 more authentication failures; logname= uid=0 euid=0 tty=ssh ruser= rhost=43.255.190.151  user=root
Apr 11 16:49:19 ovzhost sshd[1081]: pam_unix(sshd:auth): authentication failure; logname= uid=0 euid=0 tty=ssh ruser= rhost=43.255.190.151  user=root
Apr 11 16:49:20 ovzhost sshd[1079]: pam_unix(sshd:auth): authentication failure; logname= uid=0 euid=0 tty=ssh ruser= rhost=43.255.190.149  user=root
Apr 11 16:49:22 ovzhost sshd[1081]: Failed password for root from 43.255.190.151 port 52187 ssh2
Apr 11 16:49:22 ovzhost sshd[1079]: Failed password for root from 43.255.190.149 port 51507 ssh2
Apr 11 16:49:26 ovzhost sshd[1081]: message repeated 2 times: [ Failed password for root from 43.255.190.151 port 52187 ssh2]
Apr 11 16:49:26 ovzhost sshd[1081]: Received disconnect from 43.255.190.151: 11:  [preauth]
Apr 11 16:49:26 ovzhost sshd[1081]: PAM 2 more authentication failures; logname= uid=0 euid=0 tty=ssh ruser= rhost=43.255.190.151  user=root
Apr 11 16:49:26 ovzhost sshd[1083]: pam_unix(sshd:auth): authentication failure; logname= uid=0 euid=0 tty=ssh ruser= rhost=43.255.190.151  user=root
Apr 11 16:49:27 ovzhost sshd[1079]: message repeated 2 times: [ Failed password for root from 43.255.190.149 port 51507 ssh2]
Apr 11 16:49:27 ovzhost sshd[1079]: Received disconnect from 43.255.190.149: 11:  [preauth]
Apr 11 16:49:27 ovzhost sshd[1079]: PAM 2 more authentication failures; logname= uid=0 euid=0 tty=ssh ruser= rhost=43.255.190.149  user=root
Apr 11 16:49:28 ovzhost sshd[1083]: Failed password for root from 43.255.190.151 port 39314 ssh2
Apr 11 16:49:30 ovzhost sshd[1085]: pam_unix(sshd:auth): authentication failure; logname= uid=0 euid=0 tty=ssh ruser= rhost=43.255.190.149  user=root
Apr 11 16:49:31 ovzhost sshd[1085]: Failed password for root from 43.255.190.149 port 34159 ssh2
Apr 11 16:49:32 ovzhost sshd[1083]: message repeated 2 times: [ Failed password for root from 43.255.190.151 port 39314 ssh2]
Apr 11 16:49:32 ovzhost sshd[1083]: Received disconnect from 43.255.190.151: 11:  [preauth]
Apr 11 16:49:32 ovzhost sshd[1083]: PAM 2 more authentication failures; logname= uid=0 euid=0 tty=ssh ruser= rhost=43.255.190.151  user=root
Apr 11 16:49:32 ovzhost sshd[1087]: pam_unix(sshd:auth): authentication failure; logname= uid=0 euid=0 tty=ssh ruser= rhost=43.255.190.151  user=root
Apr 11 16:49:35 ovzhost sshd[1087]: Failed password for root from 43.255.190.151 port 53219 ssh2
Apr 11 16:49:35 ovzhost sshd[1085]: message repeated 2 times: [ Failed password for root from 43.255.190.149 port 34159 ssh2]
Apr 11 16:49:35 ovzhost sshd[1085]: Received disconnect from 43.255.190.149: 11:  [preauth]
Apr 11 16:49:35 ovzhost sshd[1085]: PAM 2 more authentication failures; logname= uid=0 euid=0 tty=ssh ruser= rhost=43.255.190.149  user=root
Apr 11 16:49:37 ovzhost sshd[1090]: pam_unix(sshd:auth): authentication failure; logname= uid=0 euid=0 tty=ssh ruser= rhost=43.255.190.149  user=root
Apr 11 16:49:39 ovzhost sshd[1087]: message repeated 2 times: [ Failed password for root from 43.255.190.151 port 53219 ssh2]
Apr 11 16:49:39 ovzhost sshd[1087]: Received disconnect from 43.255.190.151: 11:  [preauth]
Apr 11 16:49:39 ovzhost sshd[1087]: PAM 2 more authentication failures; logname= uid=0 euid=0 tty=ssh ruser= rhost=43.255.190.151  user=root
Apr 11 16:49:39 ovzhost sshd[1092]: pam_unix(sshd:auth): authentication failure; logname= uid=0 euid=0 tty=ssh ruser= rhost=43.255.190.151  user=root
Apr 11 16:49:40 ovzhost sshd[1090]: Failed password for root from 43.255.190.149 port 45678 ssh2
Apr 11 16:49:41 ovzhost sshd[1092]: Failed password for root from 43.255.190.151 port 40588 ssh2
Apr 11 16:49:43 ovzhost sshd[1090]: message repeated 2 times: [ Failed password for root from 43.255.190.149 port 45678 ssh2]
Apr 11 16:49:43 ovzhost sshd[1090]: Received disconnect from 43.255.190.149: 11:  [preauth]
Apr 11 16:49:43 ovzhost sshd[1090]: PAM 2 more authentication failures; logname= uid=0 euid=0 tty=ssh ruser= rhost=43.255.190.149  user=root
Apr 11 16:49:44 ovzhost sshd[1095]: pam_unix(sshd:auth): authentication failure; logname= uid=0 euid=0 tty=ssh ruser= rhost=43.255.190.149  user=root
Apr 11 16:49:45 ovzhost sshd[1092]: message repeated 2 times: [ Failed password for root from 43.255.190.151 port 40588 ssh2]
Apr 11 16:49:45 ovzhost sshd[1092]: Received disconnect from 43.255.190.151: 11:  [preauth]
Apr 11 16:49:45 ovzhost sshd[1092]: PAM 2 more authentication failures; logname= uid=0 euid=0 tty=ssh ruser= rhost=43.255.190.151  user=root
Apr 11 16:49:45 ovzhost sshd[1097]: pam_unix(sshd:auth): authentication failure; logname= uid=0 euid=0 tty=ssh ruser= rhost=43.255.190.151  user=root
Apr 11 16:49:46 ovzhost sshd[1095]: Failed password for root from 43.255.190.149 port 56408 ssh2
Apr 11 16:49:47 ovzhost sshd[1097]: Failed password for root from 43.255.190.151 port 54852 ssh2
Apr 11 16:49:50 ovzhost sshd[1095]: message repeated 2 times: [ Failed password for root from 43.255.190.149 port 56408 ssh2]
Apr 11 16:49:51 ovzhost sshd[1095]: Received disconnect from 43.255.190.149: 11:  [preauth]
Apr 11 16:49:51 ovzhost sshd[1095]: PAM 2 more authentication failures; logname= uid=0 euid=0 tty=ssh ruser= rhost=43.255.190.149  user=root
Apr 11 16:49:51 ovzhost sshd[1097]: message repeated 2 times: [ Failed password for root from 43.255.190.151 port 54852 ssh2]
Apr 11 16:49:51 ovzhost sshd[1097]: Received disconnect from 43.255.190.151: 11:  [preauth]
Apr 11 16:49:51 ovzhost sshd[1097]: PAM 2 more authentication failures; logname= uid=0 euid=0 tty=ssh ruser= rhost=43.255.190.151  user=root
Apr 11 16:49:51 ovzhost sshd[1101]: pam_unix(sshd:auth): authentication failure; logname= uid=0 euid=0 tty=ssh ruser= rhost=43.255.190.151  user=root
Apr 11 16:49:52 ovzhost sshd[1099]: pam_unix(sshd:auth): authentication failure; logname= uid=0 euid=0 tty=ssh ruser= rhost=43.255.190.149  user=root
Apr 11 16:49:52 ovzhost sshd[1101]: Failed password for root from 43.255.190.151 port 39941 ssh2
Apr 11 16:49:54 ovzhost sshd[1099]: Failed password for root from 43.255.190.149 port 38268 ssh2
Apr 11 16:49:56 ovzhost sshd[1101]: message repeated 2 times: [ Failed password for root from 43.255.190.151 port 39941 ssh2]
Apr 11 16:49:56 ovzhost sshd[1101]: Received disconnect from 43.255.190.151: 11:  [preauth]
Apr 11 16:49:56 ovzhost sshd[1101]: PAM 2 more authentication failures; logname= uid=0 euid=0 tty=ssh ruser= rhost=43.255.190.151  user=root
Apr 11 16:49:57 ovzhost sshd[1103]: pam_unix(sshd:auth): authentication failure; logname= uid=0 euid=0 tty=ssh ruser= rhost=43.255.190.151  user=root
Apr 11 16:49:58 ovzhost sshd[1103]: Failed password for root from 43.255.190.151 port 53255 ssh2
Apr 11 16:49:59 ovzhost sshd[1099]: message repeated 2 times: [ Failed password for root from 43.255.190.149 port 38268 ssh2]
Apr 11 16:50:00 ovzhost sshd[1099]: Received disconnect from 43.255.190.149: 11:  [preauth]
Apr 11 16:50:00 ovzhost sshd[1099]: PAM 2 more authentication failures; logname= uid=0 euid=0 tty=ssh ruser= rhost=43.255.190.149  user=root
Apr 11 16:50:01 ovzhost sshd[1105]: pam_unix(sshd:auth): authentication failure; logname= uid=0 euid=0 tty=ssh ruser= rhost=43.255.190.149  user=root
Apr 11 16:50:02 ovzhost sshd[1103]: message repeated 2 times: [ Failed password for root from 43.255.190.151 port 53255 ssh2]
Apr 11 16:50:02 ovzhost sshd[1103]: Received disconnect from 43.255.190.151: 11:  [preauth]
Apr 11 16:50:02 ovzhost sshd[1103]: PAM 2 more authentication failures; logname= uid=0 euid=0 tty=ssh ruser= rhost=43.255.190.151  user=root
Apr 11 16:50:03 ovzhost sshd[1107]: pam_unix(sshd:auth): authentication failure; logname= uid=0 euid=0 tty=ssh ruser= rhost=43.255.190.151  user=root
Apr 11 16:50:03 ovzhost sshd[1105]: Failed password for root from 43.255.190.149 port 49304 ssh2
Apr 11 16:50:04 ovzhost sshd[1107]: Failed password for root from 43.255.190.151 port 39093 ssh2
Apr 11 16:50:06 ovzhost sshd[1105]: message repeated 2 times: [ Failed password for root from 43.255.190.149 port 49304 ssh2]
Apr 11 16:50:06 ovzhost sshd[1105]: Received disconnect from 43.255.190.149: 11:  [preauth]
Apr 11 16:50:06 ovzhost sshd[1105]: PAM 2 more authentication failures; logname= uid=0 euid=0 tty=ssh ruser= rhost=43.255.190.149  user=root
Apr 11 16:50:07 ovzhost sshd[1109]: pam_unix(sshd:auth): authentication failure; logname= uid=0 euid=0 tty=ssh ruser= rhost=43.255.190.149  user=root
Apr 11 16:50:08 ovzhost sshd[1107]: message repeated 2 times: [ Failed password for root from 43.255.190.151 port 39093 ssh2]
Apr 11 16:50:08 ovzhost sshd[1107]: Received disconnect from 43.255.190.151: 11:  [preauth]
Apr 11 16:50:08 ovzhost sshd[1107]: PAM 2 more authentication failures; logname= uid=0 euid=0 tty=ssh ruser= rhost=43.255.190.151  user=root
Apr 11 16:50:09 ovzhost sshd[1111]: pam_unix(sshd:auth): authentication failure; logname= uid=0 euid=0 tty=ssh ruser= rhost=43.255.190.151  user=root
Apr 11 16:50:10 ovzhost sshd[1109]: Failed password for root from 43.255.190.149 port 59813 ssh2
Apr 11 16:50:10 ovzhost sshd[1111]: Failed password for root from 43.255.190.151 port 53030 ssh2
Apr 11 16:50:13 ovzhost sshd[1109]: message repeated 2 times: [ Failed password for root from 43.255.190.149 port 59813 ssh2]
Apr 11 16:50:13 ovzhost sshd[1109]: Received disconnect from 43.255.190.149: 11:  [preauth]
Apr 11 16:50:13 ovzhost sshd[1109]: PAM 2 more authentication failures; logname= uid=0 euid=0 tty=ssh ruser= rhost=43.255.190.149  user=root
Apr 11 16:50:14 ovzhost sshd[1111]: message repeated 2 times: [ Failed password for root from 43.255.190.151 port 53030 ssh2]
Apr 11 16:50:14 ovzhost sshd[1111]: Received disconnect from 43.255.190.151: 11:  [preauth]
Apr 11 16:50:14 ovzhost sshd[1111]: PAM 2 more authentication failures; logname= uid=0 euid=0 tty=ssh ruser= rhost=43.255.190.151  user=root
Apr 11 16:50:14 ovzhost sshd[1114]: pam_unix(sshd:auth): authentication failure; logname= uid=0 euid=0 tty=ssh ruser= rhost=43.255.190.151  user=root
Apr 11 16:50:15 ovzhost sshd[1116]: pam_unix(sshd:auth): authentication failure; logname= uid=0 euid=0 tty=ssh ruser= rhost=43.255.190.149  user=root
Apr 11 16:50:17 ovzhost sshd[1114]: Failed password for root from 43.255.190.151 port 39588 ssh2
Apr 11 16:50:17 ovzhost sshd[1116]: Failed password for root from 43.255.190.149 port 42125 ssh2
Apr 11 16:50:21 ovzhost sshd[1114]: message repeated 2 times: [ Failed password for root from 43.255.190.151 port 39588 ssh2]
Apr 11 16:50:21 ovzhost sshd[1114]: Received disconnect from 43.255.190.151: 11:  [preauth]
Apr 11 16:50:21 ovzhost sshd[1114]: PAM 2 more authentication failures; logname= uid=0 euid=0 tty=ssh ruser= rhost=43.255.190.151  user=root
Apr 11 16:50:22 ovzhost sshd[1118]: pam_unix(sshd:auth): authentication failure; logname= uid=0 euid=0 tty=ssh ruser= rhost=43.255.190.151  user=root
Apr 11 16:50:22 ovzhost sshd[1116]: message repeated 2 times: [ Failed password for root from 43.255.190.149 port 42125 ssh2]
Apr 11 16:50:22 ovzhost sshd[1116]: Received disconnect from 43.255.190.149: 11:  [preauth]
Apr 11 16:50:22 ovzhost sshd[1116]: PAM 2 more authentication failures; logname= uid=0 euid=0 tty=ssh ruser= rhost=43.255.190.149  user=root
Apr 11 16:50:23 ovzhost sshd[1118]: Failed password for root from 43.255.190.151 port 58110 ssh2
Apr 11 16:50:27 ovzhost sshd[1118]: message repeated 2 times: [ Failed password for root from 43.255.190.151 port 58110 ssh2]
Apr 11 16:50:27 ovzhost sshd[1118]: Received disconnect from 43.255.190.151: 11:  [preauth]
Apr 11 16:50:27 ovzhost sshd[1118]: PAM 2 more authentication failures; logname= uid=0 euid=0 tty=ssh ruser= rhost=43.255.190.151  user=root
Apr 11 16:50:28 ovzhost sshd[1121]: pam_unix(sshd:auth): authentication failure; logname= uid=0 euid=0 tty=ssh ruser= rhost=43.255.190.151  user=root
Apr 11 16:50:28 ovzhost sshd[1124]: Connection closed by 127.0.0.1 [preauth]
Apr 11 16:50:29 ovzhost sshd[1121]: Failed password for root from 43.255.190.151 port 44765 ssh2
Apr 11 16:50:31 ovzhost sshd[1120]: pam_unix(sshd:auth): authentication failure; logname= uid=0 euid=0 tty=ssh ruser= rhost=43.255.190.149  user=root
Apr 11 16:50:34 ovzhost sshd[1120]: Failed password for root from 43.255.190.149 port 54289 ssh2
Apr 11 16:50:34 ovzhost sshd[1121]: message repeated 2 times: [ Failed password for root from 43.255.190.151 port 44765 ssh2]
Apr 11 16:50:34 ovzhost sshd[1121]: Received disconnect from 43.255.190.151: 11:  [preauth]
Apr 11 16:50:34 ovzhost sshd[1121]: PAM 2 more authentication failures; logname= uid=0 euid=0 tty=ssh ruser= rhost=43.255.190.151  user=root
Apr 11 16:50:35 ovzhost sshd[1127]: pam_unix(sshd:auth): authentication failure; logname= uid=0 euid=0 tty=ssh ruser= rhost=43.255.190.151  user=root
Apr 11 16:50:36 ovzhost sshd[1127]: Failed password for root from 43.255.190.151 port 60899 ssh2
Apr 11 16:50:38 ovzhost sshd[1120]: message repeated 2 times: [ Failed password for root from 43.255.190.149 port 54289 ssh2]
Apr 11 16:50:38 ovzhost sshd[1120]: Received disconnect from 43.255.190.149: 11:  [preauth]
Apr 11 16:50:38 ovzhost sshd[1120]: PAM 2 more authentication failures; logname= uid=0 euid=0 tty=ssh ruser= rhost=43.255.190.149  user=root
Apr 11 16:50:39 ovzhost sshd[1129]: pam_unix(sshd:auth): authentication failure; logname= uid=0 euid=0 tty=ssh ruser= rhost=43.255.190.149  user=root
Apr 11 16:50:41 ovzhost sshd[1127]: message repeated 2 times: [ Failed password for root from 43.255.190.151 port 60899 ssh2]
Apr 11 16:50:41 ovzhost sshd[1127]: Received disconnect from 43.255.190.151: 11:  [preauth]
Apr 11 16:50:41 ovzhost sshd[1127]: PAM 2 more authentication failures; logname= uid=0 euid=0 tty=ssh ruser= rhost=43.255.190.151  user=root
Apr 11 16:50:41 ovzhost sshd[1129]: Failed password for root from 43.255.190.149 port 49125 ssh2
Apr 11 16:50:41 ovzhost sshd[1131]: pam_unix(sshd:auth): authentication failure; logname= uid=0 euid=0 tty=ssh ruser= rhost=43.255.190.151  user=root
Apr 11 16:50:43 ovzhost sshd[1131]: Failed password for root from 43.255.190.151 port 47972 ssh2
Apr 11 16:50:44 ovzhost sshd[1134]: Connection closed by 128.8.37.120 [preauth]
Apr 11 16:50:45 ovzhost sshd[1129]: message repeated 2 times: [ Failed password for root from 43.255.190.149 port 49125 ssh2]
Apr 11 16:50:45 ovzhost sshd[1129]: Received disconnect from 43.255.190.149: 11:  [preauth]
Apr 11 16:50:45 ovzhost sshd[1129]: PAM 2 more authentication failures; logname= uid=0 euid=0 tty=ssh ruser= rhost=43.255.190.149  user=root
Apr 11 16:50:46 ovzhost sshd[1136]: pam_unix(sshd:auth): authentication failure; logname= uid=0 euid=0 tty=ssh ruser= rhost=43.255.190.149  user=root
Apr 11 16:50:47 ovzhost sshd[1131]: message repeated 2 times: [ Failed password for root from 43.255.190.151 port 47972 ssh2]
Apr 11 16:50:47 ovzhost sshd[1131]: Received disconnect from 43.255.190.151: 11:  [preauth]
Apr 11 16:50:47 ovzhost sshd[1131]: PAM 2 more authentication failures; logname= uid=0 euid=0 tty=ssh ruser= rhost=43.255.190.151  user=root
Apr 11 16:50:47 ovzhost sshd[1136]: Failed password for root from 43.255.190.149 port 58693 ssh2
Apr 11 16:50:48 ovzhost sshd[1138]: pam_unix(sshd:auth): authentication failure; logname= uid=0 euid=0 tty=ssh ruser= rhost=43.255.190.151  user=root
Apr 11 16:50:50 ovzhost sshd[1138]: Failed password for root from 43.255.190.151 port 34604 ssh2
Apr 11 16:50:52 ovzhost sshd[1136]: message repeated 2 times: [ Failed password for root from 43.255.190.149 port 58693 ssh2]
Apr 11 16:50:52 ovzhost sshd[1136]: Received disconnect from 43.255.190.149: 11:  [preauth]
Apr 11 16:50:52 ovzhost sshd[1136]: PAM 2 more authentication failures; logname= uid=0 euid=0 tty=ssh ruser= rhost=43.255.190.149  user=root
Apr 11 16:50:54 ovzhost sshd[1138]: message repeated 2 times: [ Failed password for root from 43.255.190.151 port 34604 ssh2]
Apr 11 16:50:54 ovzhost sshd[1138]: Received disconnect from 43.255.190.151: 11:  [preauth]
Apr 11 16:50:54 ovzhost sshd[1138]: PAM 2 more authentication failures; logname= uid=0 euid=0 tty=ssh ruser= rhost=43.255.190.151  user=root
Apr 11 16:50:54 ovzhost sshd[1140]: pam_unix(sshd:auth): authentication failure; logname= uid=0 euid=0 tty=ssh ruser= rhost=43.255.190.149  user=root
Apr 11 16:50:55 ovzhost sshd[1142]: pam_unix(sshd:auth): authentication failure; logname= uid=0 euid=0 tty=ssh ruser= rhost=43.255.190.151  user=root
Apr 11 16:50:56 ovzhost sshd[1140]: Failed password for root from 43.255.190.149 port 39325 ssh2
Apr 11 16:50:56 ovzhost sshd[1142]: Failed password for root from 43.255.190.151 port 50908 ssh2
Apr 11 16:51:01 ovzhost sshd[1142]: message repeated 2 times: [ Failed password for root from 43.255.190.151 port 50908 ssh2]
Apr 11 16:51:01 ovzhost sshd[1142]: Received disconnect from 43.255.190.151: 11:  [preauth]
Apr 11 16:51:01 ovzhost sshd[1142]: PAM 2 more authentication failures; logname= uid=0 euid=0 tty=ssh ruser= rhost=43.255.190.151  user=root
Apr 11 16:51:01 ovzhost sshd[1144]: pam_unix(sshd:auth): authentication failure; logname= uid=0 euid=0 tty=ssh ruser= rhost=43.255.190.151  user=root
Apr 11 16:51:01 ovzhost sshd[1140]: message repeated 2 times: [ Failed password for root from 43.255.190.149 port 39325 ssh2]
Apr 11 16:51:02 ovzhost sshd[1140]: Received disconnect from 43.255.190.149: 11:  [preauth]
Apr 11 16:51:02 ovzhost sshd[1140]: PAM 2 more authentication failures; logname= uid=0 euid=0 tty=ssh ruser= rhost=43.255.190.149  user=root
Apr 11 16:51:03 ovzhost sshd[1146]: pam_unix(sshd:auth): authentication failure; logname= uid=0 euid=0 tty=ssh ruser= rhost=43.255.190.149  user=root
Apr 11 16:51:04 ovzhost sshd[1144]: Failed password for root from 43.255.190.151 port 38197 ssh2
Apr 11 16:51:04 ovzhost sshd[1146]: Failed password for root from 43.255.190.149 port 51659 ssh2
Apr 11 16:51:07 ovzhost sshd[1144]: message repeated 2 times: [ Failed password for root from 43.255.190.151 port 38197 ssh2]
Apr 11 16:51:08 ovzhost sshd[1144]: Received disconnect from 43.255.190.151: 11:  [preauth]
Apr 11 16:51:08 ovzhost sshd[1144]: PAM 2 more authentication failures; logname= uid=0 euid=0 tty=ssh ruser= rhost=43.255.190.151  user=root
Apr 11 16:51:08 ovzhost sshd[1150]: pam_unix(sshd:auth): authentication failure; logname= uid=0 euid=0 tty=ssh ruser= rhost=43.255.190.151  user=root
Apr 11 16:51:08 ovzhost sshd[1146]: message repeated 2 times: [ Failed password for root from 43.255.190.149 port 51659 ssh2]
Apr 11 16:51:08 ovzhost sshd[1146]: Received disconnect from 43.255.190.149: 11:  [preauth]
Apr 11 16:51:08 ovzhost sshd[1146]: PAM 2 more authentication failures; logname= uid=0 euid=0 tty=ssh ruser= rhost=43.255.190.149  user=root
Apr 11 16:51:10 ovzhost sshd[1150]: Failed password for root from 43.255.190.151 port 54269 ssh2
Apr 11 16:51:13 ovzhost sshd[1152]: pam_unix(sshd:auth): authentication failure; logname= uid=0 euid=0 tty=ssh ruser= rhost=43.255.190.149  user=root
Apr 11 16:51:14 ovzhost sshd[1150]: message repeated 2 times: [ Failed password for root from 43.255.190.151 port 54269 ssh2]
Apr 11 16:51:14 ovzhost sshd[1150]: Received disconnect from 43.255.190.151: 11:  [preauth]
Apr 11 16:51:14 ovzhost sshd[1150]: PAM 2 more authentication failures; logname= uid=0 euid=0 tty=ssh ruser= rhost=43.255.190.151  user=root
Apr 11 16:51:15 ovzhost sshd[1154]: pam_unix(sshd:auth): authentication failure; logname= uid=0 euid=0 tty=ssh ruser= rhost=43.255.190.151  user=root
Apr 11 16:51:15 ovzhost sshd[1152]: Failed password for root from 43.255.190.149 port 32880 ssh2
Apr 11 16:51:17 ovzhost sshd[1154]: Failed password for root from 43.255.190.151 port 42041 ssh2
Apr 11 16:51:19 ovzhost sshd[1152]: message repeated 2 times: [ Failed password for root from 43.255.190.149 port 32880 ssh2]
Apr 11 16:51:19 ovzhost sshd[1152]: Received disconnect from 43.255.190.149: 11:  [preauth]
Apr 11 16:51:19 ovzhost sshd[1152]: PAM 2 more authentication failures; logname= uid=0 euid=0 tty=ssh ruser= rhost=43.255.190.149  user=root
Apr 11 16:51:20 ovzhost sshd[1156]: pam_unix(sshd:auth): authentication failure; logname= uid=0 euid=0 tty=ssh ruser= rhost=43.255.190.149  user=root
Apr 11 16:51:21 ovzhost sshd[1154]: message repeated 2 times: [ Failed password for root from 43.255.190.151 port 42041 ssh2]
Apr 11 16:51:21 ovzhost sshd[1154]: Received disconnect from 43.255.190.151: 11:  [preauth]
Apr 11 16:51:21 ovzhost sshd[1154]: PAM 2 more authentication failures; logname= uid=0 euid=0 tty=ssh ruser= rhost=43.255.190.151  user=root
Apr 11 16:51:21 ovzhost sshd[1160]: pam_unix(sshd:auth): authentication failure; logname= uid=0 euid=0 tty=ssh ruser= rhost=43.255.190.151  user=root
Apr 11 16:51:23 ovzhost sshd[1156]: Failed password for root from 43.255.190.149 port 50320 ssh2
Apr 11 16:51:23 ovzhost sshd[1160]: Failed password for root from 43.255.190.151 port 57293 ssh2
Apr 11 16:51:27 ovzhost sshd[1156]: message repeated 2 times: [ Failed password for root from 43.255.190.149 port 50320 ssh2]
Apr 11 16:51:27 ovzhost sshd[1156]: Received disconnect from 43.255.190.149: 11:  [preauth]
Apr 11 16:51:27 ovzhost sshd[1156]: PAM 2 more authentication failures; logname= uid=0 euid=0 tty=ssh ruser= rhost=43.255.190.149  user=root
Apr 11 16:51:28 ovzhost sshd[1160]: message repeated 2 times: [ Failed password for root from 43.255.190.151 port 57293 ssh2]
Apr 11 16:51:28 ovzhost sshd[1160]: Received disconnect from 43.255.190.151: 11:  [preauth]
Apr 11 16:51:28 ovzhost sshd[1160]: PAM 2 more authentication failures; logname= uid=0 euid=0 tty=ssh ruser= rhost=43.255.190.151  user=root
Apr 11 16:51:28 ovzhost sshd[1162]: pam_unix(sshd:auth): authentication failure; logname= uid=0 euid=0 tty=ssh ruser= rhost=43.255.190.151  user=root
Apr 11 16:51:30 ovzhost sshd[1164]: pam_unix(sshd:auth): authentication failure; logname= uid=0 euid=0 tty=ssh ruser= rhost=43.255.190.149  user=root
Apr 11 16:51:30 ovzhost sshd[1162]: Failed password for root from 43.255.190.151 port 45650 ssh2
Apr 11 16:51:31 ovzhost sshd[1164]: Failed password for root from 43.255.190.149 port 34310 ssh2
Apr 11 16:51:34 ovzhost sshd[1162]: message repeated 2 times: [ Failed password for root from 43.255.190.151 port 45650 ssh2]
Apr 11 16:51:34 ovzhost sshd[1162]: Received disconnect from 43.255.190.151: 11:  [preauth]
Apr 11 16:51:34 ovzhost sshd[1162]: PAM 2 more authentication failures; logname= uid=0 euid=0 tty=ssh ruser= rhost=43.255.190.151  user=root
Apr 11 16:51:35 ovzhost sshd[1166]: pam_unix(sshd:auth): authentication failure; logname= uid=0 euid=0 tty=ssh ruser= rhost=43.255.190.151  user=root
Apr 11 16:51:37 ovzhost sshd[1166]: Failed password for root from 43.255.190.151 port 32893 ssh2
Apr 11 16:51:36 ovzhost sshd[1164]: message repeated 2 times: [ Failed password for root from 43.255.190.149 port 34310 ssh2]
Apr 11 16:51:37 ovzhost sshd[1164]: Received disconnect from 43.255.190.149: 11:  [preauth]
Apr 11 16:51:37 ovzhost sshd[1164]: PAM 2 more authentication failures; logname= uid=0 euid=0 tty=ssh ruser= rhost=43.255.190.149  user=root
Apr 11 16:51:41 ovzhost sshd[1166]: message repeated 2 times: [ Failed password for root from 43.255.190.151 port 32893 ssh2]
Apr 11 16:51:41 ovzhost sshd[1166]: Received disconnect from 43.255.190.151: 11:  [preauth]
Apr 11 16:51:41 ovzhost sshd[1166]: PAM 2 more authentication failures; logname= uid=0 euid=0 tty=ssh ruser= rhost=43.255.190.151  user=root
Apr 11 16:51:42 ovzhost sshd[1170]: pam_unix(sshd:auth): authentication failure; logname= uid=0 euid=0 tty=ssh ruser= rhost=43.255.190.151  user=root
Apr 11 16:51:43 ovzhost sshd[1170]: Failed password for root from 43.255.190.151 port 48793 ssh2
Apr 11 16:51:47 ovzhost sshd[1168]: pam_unix(sshd:auth): authentication failure; logname= uid=0 euid=0 tty=ssh ruser= rhost=43.255.190.149  user=root
Apr 11 16:51:48 ovzhost sshd[1170]: message repeated 2 times: [ Failed password for root from 43.255.190.151 port 48793 ssh2]
Apr 11 16:51:48 ovzhost sshd[1170]: Received disconnect from 43.255.190.151: 11:  [preauth]
Apr 11 16:51:48 ovzhost sshd[1170]: PAM 2 more authentication failures; logname= uid=0 euid=0 tty=ssh ruser= rhost=43.255.190.151  user=root
Apr 11 16:51:49 ovzhost sshd[1168]: Failed password for root from 43.255.190.149 port 48720 ssh2
Apr 11 16:51:49 ovzhost sshd[1174]: pam_unix(sshd:auth): authentication failure; logname= uid=0 euid=0 tty=ssh ruser= rhost=43.255.190.151  user=root
Apr 11 16:51:51 ovzhost sshd[1174]: Failed password for root from 43.255.190.151 port 37493 ssh2
Apr 11 16:51:53 ovzhost sshd[1168]: message repeated 2 times: [ Failed password for root from 43.255.190.149 port 48720 ssh2]
Apr 11 16:51:53 ovzhost sshd[1168]: Received disconnect from 43.255.190.149: 11:  [preauth]
Apr 11 16:51:53 ovzhost sshd[1168]: PAM 2 more authentication failures; logname= uid=0 euid=0 tty=ssh ruser= rhost=43.255.190.149  user=root
Apr 11 16:51:55 ovzhost sshd[1174]: message repeated 2 times: [ Failed password for root from 43.255.190.151 port 37493 ssh2]
Apr 11 16:51:55 ovzhost sshd[1174]: Received disconnect from 43.255.190.151: 11:  [preauth]
Apr 11 16:51:55 ovzhost sshd[1174]: PAM 2 more authentication failures; logname= uid=0 euid=0 tty=ssh ruser= rhost=43.255.190.151  user=root
Apr 11 16:51:57 ovzhost sshd[1176]: pam_unix(sshd:auth): authentication failure; logname= uid=0 euid=0 tty=ssh ruser= rhost=43.255.190.149  user=root
Apr 11 16:51:59 ovzhost sshd[1176]: Failed password for root from 43.255.190.149 port 44794 ssh2
Apr 11 16:52:03 ovzhost sshd[1176]: message repeated 2 times: [ Failed password for root from 43.255.190.149 port 44794 ssh2]
Apr 11 16:52:03 ovzhost sshd[1176]: Received disconnect from 43.255.190.149: 11:  [preauth]
Apr 11 16:52:03 ovzhost sshd[1176]: PAM 2 more authentication failures; logname= uid=0 euid=0 tty=ssh ruser= rhost=43.255.190.149  user=root
Apr 11 16:55:28 ovzhost sshd[1189]: Connection closed by 127.0.0.1 [preauth]
Apr 11 17:00:01 ovzhost CRON[1210]: pam_env(cron:session): Unable to open env file: /etc/default/locale: No such file or directory
Apr 11 17:00:01 ovzhost CRON[1210]: pam_unix(cron:session): session opened for user smmsp by (uid=0)
Apr 11 17:00:01 ovzhost CRON[1210]: pam_unix(cron:session): session closed for user smmsp
Apr 11 17:00:28 ovzhost sshd[1239]: Connection closed by 127.0.0.1 [preauth]
Apr 11 17:00:44 ovzhost sshd[1242]: Connection closed by 128.8.37.120 [preauth]
Apr 11 17:03:00 ovzhost sshd[1251]: pam_unix(sshd:auth): authentication failure; logname= uid=0 euid=0 tty=ssh ruser= rhost=130-123-242-80.pppoe.dyn.broadband.blic.net  user=bin
Apr 11 17:03:02 ovzhost sshd[1251]: Failed password for bin from 80.242.123.130 port 53688 ssh2
Apr 11 17:03:02 ovzhost sshd[1251]: Received disconnect from 80.242.123.130: 11: Bye Bye [preauth]
Apr 11 17:05:28 ovzhost sshd[1263]: Connection closed by 127.0.0.1 [preauth]
Apr 11 17:05:55 ovzhost sshd[1265]: pam_unix(sshd:auth): authentication failure; logname= uid=0 euid=0 tty=ssh ruser= rhost=222.186.51.228  user=root
Apr 11 17:05:57 ovzhost sshd[1265]: Failed password for root from 222.186.51.228 port 46890 ssh2
Apr 11 17:06:02 ovzhost sshd[1265]: message repeated 2 times: [ Failed password for root from 222.186.51.228 port 46890 ssh2]
Apr 11 17:06:02 ovzhost sshd[1265]: Received disconnect from 222.186.51.228: 11:  [preauth]
Apr 11 17:06:02 ovzhost sshd[1265]: PAM 2 more authentication failures; logname= uid=0 euid=0 tty=ssh ruser= rhost=222.186.51.228  user=root
Apr 11 17:06:04 ovzhost sshd[1267]: pam_unix(sshd:auth): authentication failure; logname= uid=0 euid=0 tty=ssh ruser= rhost=222.186.51.228  user=root
Apr 11 17:06:05 ovzhost sshd[1267]: Failed password for root from 222.186.51.228 port 59493 ssh2
Apr 11 17:06:09 ovzhost sshd[1267]: message repeated 2 times: [ Failed password for root from 222.186.51.228 port 59493 ssh2]
Apr 11 17:06:09 ovzhost sshd[1267]: Received disconnect from 222.186.51.228: 11:  [preauth]
Apr 11 17:06:09 ovzhost sshd[1267]: PAM 2 more authentication failures; logname= uid=0 euid=0 tty=ssh ruser= rhost=222.186.51.228  user=root
Apr 11 17:06:11 ovzhost sshd[1269]: pam_unix(sshd:auth): authentication failure; logname= uid=0 euid=0 tty=ssh ruser= rhost=222.186.51.228  user=root
Apr 11 17:06:13 ovzhost sshd[1269]: Failed password for root from 222.186.51.228 port 40696 ssh2
Apr 11 17:06:18 ovzhost sshd[1269]: message repeated 2 times: [ Failed password for root from 222.186.51.228 port 40696 ssh2]
Apr 11 17:06:18 ovzhost sshd[1269]: Received disconnect from 222.186.51.228: 11:  [preauth]
Apr 11 17:06:18 ovzhost sshd[1269]: PAM 2 more authentication failures; logname= uid=0 euid=0 tty=ssh ruser= rhost=222.186.51.228  user=root
Apr 11 17:06:20 ovzhost sshd[1273]: pam_unix(sshd:auth): authentication failure; logname= uid=0 euid=0 tty=ssh ruser= rhost=222.186.51.228  user=root
Apr 11 17:06:22 ovzhost sshd[1273]: Failed password for root from 222.186.51.228 port 52861 ssh2
Apr 11 17:06:26 ovzhost sshd[1273]: message repeated 2 times: [ Failed password for root from 222.186.51.228 port 52861 ssh2]
Apr 11 17:06:26 ovzhost sshd[1273]: Received disconnect from 222.186.51.228: 11:  [preauth]
Apr 11 17:06:26 ovzhost sshd[1273]: PAM 2 more authentication failures; logname= uid=0 euid=0 tty=ssh ruser= rhost=222.186.51.228  user=root
Apr 11 17:06:28 ovzhost sshd[1277]: pam_unix(sshd:auth): authentication failure; logname= uid=0 euid=0 tty=ssh ruser= rhost=222.186.51.228  user=root
Apr 11 17:06:29 ovzhost sshd[1277]: Failed password for root from 222.186.51.228 port 35387 ssh2
Apr 11 17:06:34 ovzhost sshd[1277]: message repeated 2 times: [ Failed password for root from 222.186.51.228 port 35387 ssh2]
Apr 11 17:06:35 ovzhost sshd[1277]: Received disconnect from 222.186.51.228: 11:  [preauth]
Apr 11 17:06:35 ovzhost sshd[1277]: PAM 2 more authentication failures; logname= uid=0 euid=0 tty=ssh ruser= rhost=222.186.51.228  user=root
Apr 11 17:06:36 ovzhost sshd[1279]: pam_unix(sshd:auth): authentication failure; logname= uid=0 euid=0 tty=ssh ruser= rhost=222.186.51.228  user=root
Apr 11 17:06:38 ovzhost sshd[1279]: Failed password for root from 222.186.51.228 port 47366 ssh2
Apr 11 17:06:42 ovzhost sshd[1279]: message repeated 2 times: [ Failed password for root from 222.186.51.228 port 47366 ssh2]
Apr 11 17:06:42 ovzhost sshd[1279]: Received disconnect from 222.186.51.228: 11:  [preauth]
Apr 11 17:06:42 ovzhost sshd[1279]: PAM 2 more authentication failures; logname= uid=0 euid=0 tty=ssh ruser= rhost=222.186.51.228  user=root
Apr 11 17:06:44 ovzhost sshd[1283]: pam_unix(sshd:auth): authentication failure; logname= uid=0 euid=0 tty=ssh ruser= rhost=222.186.51.228  user=root
Apr 11 17:06:46 ovzhost sshd[1283]: Failed password for root from 222.186.51.228 port 58570 ssh2
Apr 11 17:06:50 ovzhost sshd[1283]: message repeated 2 times: [ Failed password for root from 222.186.51.228 port 58570 ssh2]
Apr 11 17:06:50 ovzhost sshd[1283]: Received disconnect from 222.186.51.228: 11:  [preauth]
Apr 11 17:06:50 ovzhost sshd[1283]: PAM 2 more authentication failures; logname= uid=0 euid=0 tty=ssh ruser= rhost=222.186.51.228  user=root
Apr 11 17:06:52 ovzhost sshd[1285]: pam_unix(sshd:auth): authentication failure; logname= uid=0 euid=0 tty=ssh ruser= rhost=222.186.51.228  user=root
Apr 11 17:06:54 ovzhost sshd[1285]: Failed password for root from 222.186.51.228 port 43959 ssh2
Apr 11 17:06:59 ovzhost sshd[1285]: message repeated 2 times: [ Failed password for root from 222.186.51.228 port 43959 ssh2]
Apr 11 17:06:59 ovzhost sshd[1285]: Received disconnect from 222.186.51.228: 11:  [preauth]
Apr 11 17:06:59 ovzhost sshd[1285]: PAM 2 more authentication failures; logname= uid=0 euid=0 tty=ssh ruser= rhost=222.186.51.228  user=root
Apr 11 17:07:01 ovzhost sshd[1287]: pam_unix(sshd:auth): authentication failure; logname= uid=0 euid=0 tty=ssh ruser= rhost=222.186.51.228  user=root
Apr 11 17:07:02 ovzhost sshd[1287]: Failed password for root from 222.186.51.228 port 57565 ssh2
Apr 11 17:07:06 ovzhost sshd[1287]: message repeated 2 times: [ Failed password for root from 222.186.51.228 port 57565 ssh2]
Apr 11 17:07:07 ovzhost sshd[1287]: Received disconnect from 222.186.51.228: 11:  [preauth]
Apr 11 17:07:07 ovzhost sshd[1287]: PAM 2 more authentication failures; logname= uid=0 euid=0 tty=ssh ruser= rhost=222.186.51.228  user=root
Apr 11 17:07:08 ovzhost sshd[1289]: pam_unix(sshd:auth): authentication failure; logname= uid=0 euid=0 tty=ssh ruser= rhost=222.186.51.228  user=root
Apr 11 17:07:10 ovzhost sshd[1289]: Failed password for root from 222.186.51.228 port 42879 ssh2
Apr 11 17:07:14 ovzhost sshd[1289]: message repeated 2 times: [ Failed password for root from 222.186.51.228 port 42879 ssh2]
Apr 11 17:07:14 ovzhost sshd[1289]: Received disconnect from 222.186.51.228: 11:  [preauth]
Apr 11 17:07:14 ovzhost sshd[1289]: PAM 2 more authentication failures; logname= uid=0 euid=0 tty=ssh ruser= rhost=222.186.51.228  user=root
Apr 11 17:07:16 ovzhost sshd[1292]: pam_unix(sshd:auth): authentication failure; logname= uid=0 euid=0 tty=ssh ruser= rhost=222.186.51.228  user=root
Apr 11 17:07:18 ovzhost sshd[1292]: Failed password for root from 222.186.51.228 port 53772 ssh2
Apr 11 17:07:22 ovzhost sshd[1292]: message repeated 2 times: [ Failed password for root from 222.186.51.228 port 53772 ssh2]
Apr 11 17:07:22 ovzhost sshd[1292]: Received disconnect from 222.186.51.228: 11:  [preauth]
Apr 11 17:07:22 ovzhost sshd[1292]: PAM 2 more authentication failures; logname= uid=0 euid=0 tty=ssh ruser= rhost=222.186.51.228  user=root
Apr 11 17:07:24 ovzhost sshd[1294]: pam_unix(sshd:auth): authentication failure; logname= uid=0 euid=0 tty=ssh ruser= rhost=222.186.51.228  user=root
Apr 11 17:07:25 ovzhost sshd[1294]: Failed password for root from 222.186.51.228 port 38238 ssh2
Apr 11 17:07:30 ovzhost sshd[1294]: message repeated 2 times: [ Failed password for root from 222.186.51.228 port 38238 ssh2]
Apr 11 17:07:30 ovzhost sshd[1294]: Received disconnect from 222.186.51.228: 11:  [preauth]
Apr 11 17:07:30 ovzhost sshd[1294]: PAM 2 more authentication failures; logname= uid=0 euid=0 tty=ssh ruser= rhost=222.186.51.228  user=root
Apr 11 17:07:32 ovzhost sshd[1296]: pam_unix(sshd:auth): authentication failure; logname= uid=0 euid=0 tty=ssh ruser= rhost=222.186.51.228  user=root
Apr 11 17:07:34 ovzhost sshd[1296]: Failed password for root from 222.186.51.228 port 51078 ssh2
Apr 11 17:07:37 ovzhost sshd[1296]: message repeated 2 times: [ Failed password for root from 222.186.51.228 port 51078 ssh2]
Apr 11 17:07:37 ovzhost sshd[1296]: Received disconnect from 222.186.51.228: 11:  [preauth]
Apr 11 17:07:37 ovzhost sshd[1296]: PAM 2 more authentication failures; logname= uid=0 euid=0 tty=ssh ruser= rhost=222.186.51.228  user=root
Apr 11 17:07:39 ovzhost sshd[1298]: pam_unix(sshd:auth): authentication failure; logname= uid=0 euid=0 tty=ssh ruser= rhost=222.186.51.228  user=root
Apr 11 17:07:42 ovzhost sshd[1298]: Failed password for root from 222.186.51.228 port 33542 ssh2
Apr 11 17:07:47 ovzhost sshd[1298]: message repeated 2 times: [ Failed password for root from 222.186.51.228 port 33542 ssh2]
Apr 11 17:07:47 ovzhost sshd[1298]: Received disconnect from 222.186.51.228: 11:  [preauth]
Apr 11 17:07:47 ovzhost sshd[1298]: PAM 2 more authentication failures; logname= uid=0 euid=0 tty=ssh ruser= rhost=222.186.51.228  user=root
Apr 11 17:07:48 ovzhost sshd[1301]: pam_unix(sshd:auth): authentication failure; logname= uid=0 euid=0 tty=ssh ruser= rhost=222.186.51.228  user=root
Apr 11 17:07:50 ovzhost sshd[1301]: Failed password for root from 222.186.51.228 port 47286 ssh2
Apr 11 17:07:54 ovzhost sshd[1301]: message repeated 2 times: [ Failed password for root from 222.186.51.228 port 47286 ssh2]
Apr 11 17:07:54 ovzhost sshd[1301]: Received disconnect from 222.186.51.228: 11:  [preauth]
Apr 11 17:07:54 ovzhost sshd[1301]: PAM 2 more authentication failures; logname= uid=0 euid=0 tty=ssh ruser= rhost=222.186.51.228  user=root
Apr 11 17:07:56 ovzhost sshd[1303]: pam_unix(sshd:auth): authentication failure; logname= uid=0 euid=0 tty=ssh ruser= rhost=222.186.51.228  user=root
Apr 11 17:07:58 ovzhost sshd[1303]: Failed password for root from 222.186.51.228 port 59267 ssh2
Apr 11 17:08:02 ovzhost sshd[1303]: message repeated 2 times: [ Failed password for root from 222.186.51.228 port 59267 ssh2]
Apr 11 17:08:02 ovzhost sshd[1303]: Received disconnect from 222.186.51.228: 11:  [preauth]
