Apr 11 04:54:58 ovzhost sshd[1225]: message repeated 2 times: [ Failed password for root from 43.255.190.187 port 35989 ssh2]
Apr 11 04:54:58 ovzhost sshd[1225]: Received disconnect from 43.255.190.187: 11:  [preauth]
Apr 11 04:54:58 ovzhost sshd[1225]: PAM 2 more authentication failures; logname= uid=0 euid=0 tty=ssh ruser= rhost=43.255.190.187  user=root
Apr 11 04:55:00 ovzhost sshd[1228]: pam_unix(sshd:auth): authentication failure; logname= uid=0 euid=0 tty=ssh ruser= rhost=43.255.190.187  user=root
Apr 11 04:55:02 ovzhost sshd[1228]: Failed password for root from 43.255.190.187 port 50892 ssh2
Apr 11 04:55:07 ovzhost sshd[1228]: message repeated 2 times: [ Failed password for root from 43.255.190.187 port 50892 ssh2]
Apr 11 04:55:07 ovzhost sshd[1228]: Received disconnect from 43.255.190.187: 11:  [preauth]
Apr 11 04:55:07 ovzhost sshd[1228]: PAM 2 more authentication failures; logname= uid=0 euid=0 tty=ssh ruser= rhost=43.255.190.187  user=root
Apr 11 04:55:08 ovzhost sshd[1230]: pam_unix(sshd:auth): authentication failure; logname= uid=0 euid=0 tty=ssh ruser= rhost=43.255.190.187  user=root
Apr 11 04:55:10 ovzhost sshd[1230]: Failed password for root from 43.255.190.187 port 39738 ssh2
Apr 11 04:55:14 ovzhost sshd[1230]: message repeated 2 times: [ Failed password for root from 43.255.190.187 port 39738 ssh2]
Apr 11 04:55:14 ovzhost sshd[1230]: Received disconnect from 43.255.190.187: 11:  [preauth]
Apr 11 04:55:14 ovzhost sshd[1230]: PAM 2 more authentication failures; logname= uid=0 euid=0 tty=ssh ruser= rhost=43.255.190.187  user=root
Apr 11 04:55:15 ovzhost sshd[1232]: pam_unix(sshd:auth): authentication failure; logname= uid=0 euid=0 tty=ssh ruser= rhost=43.255.190.187  user=root
Apr 11 04:55:17 ovzhost sshd[1232]: Failed password for root from 43.255.190.187 port 55511 ssh2
Apr 11 04:55:21 ovzhost sshd[1232]: message repeated 2 times: [ Failed password for root from 43.255.190.187 port 55511 ssh2]
Apr 11 04:55:21 ovzhost sshd[1232]: Received disconnect from 43.255.190.187: 11:  [preauth]
Apr 11 04:55:21 ovzhost sshd[1232]: PAM 2 more authentication failures; logname= uid=0 euid=0 tty=ssh ruser= rhost=43.255.190.187  user=root
Apr 11 04:57:26 ovzhost sshd[1243]: Connection closed by 127.0.0.1 [preauth]
Apr 11 05:00:01 ovzhost CRON[1257]: pam_env(cron:session): Unable to open env file: /etc/default/locale: No such file or directory
Apr 11 05:00:01 ovzhost CRON[1257]: pam_unix(cron:session): session opened for user smmsp by (uid=0)
Apr 11 05:00:01 ovzhost CRON[1257]: pam_unix(cron:session): session closed for user smmsp
Apr 11 05:00:23 ovzhost sshd[1285]: Connection closed by 128.8.37.104 [preauth]
Apr 11 05:02:26 ovzhost sshd[1295]: Connection closed by 127.0.0.1 [preauth]
Apr 11 05:04:24 ovzhost sshd[1305]: pam_unix(sshd:auth): authentication failure; logname= uid=0 euid=0 tty=ssh ruser= rhost=117.21.174.111  user=root
Apr 11 05:04:26 ovzhost sshd[1305]: Failed password for root from 117.21.174.111 port 33302 ssh2
Apr 11 05:04:30 ovzhost sshd[1305]: message repeated 2 times: [ Failed password for root from 117.21.174.111 port 33302 ssh2]
Apr 11 05:04:31 ovzhost sshd[1305]: Received disconnect from 117.21.174.111: 11:  [preauth]
Apr 11 05:04:31 ovzhost sshd[1305]: PAM 2 more authentication failures; logname= uid=0 euid=0 tty=ssh ruser= rhost=117.21.174.111  user=root
Apr 11 05:04:44 ovzhost sshd[1307]: Received disconnect from 117.21.174.111: 11:  [preauth]
Apr 11 05:07:15 ovzhost sshd[1317]: pam_unix(sshd:auth): authentication failure; logname= uid=0 euid=0 tty=ssh ruser= rhost=43.255.190.172  user=root
Apr 11 05:07:17 ovzhost sshd[1317]: Failed password for root from 43.255.190.172 port 60845 ssh2
Apr 11 05:07:21 ovzhost sshd[1317]: message repeated 2 times: [ Failed password for root from 43.255.190.172 port 60845 ssh2]
Apr 11 05:07:22 ovzhost sshd[1317]: Received disconnect from 43.255.190.172: 11:  [preauth]
Apr 11 05:07:22 ovzhost sshd[1317]: PAM 2 more authentication failures; logname= uid=0 euid=0 tty=ssh ruser= rhost=43.255.190.172  user=root
Apr 11 05:07:24 ovzhost sshd[1320]: pam_unix(sshd:auth): authentication failure; logname= uid=0 euid=0 tty=ssh ruser= rhost=43.255.190.172  user=root
Apr 11 05:07:26 ovzhost sshd[1323]: Connection closed by 127.0.0.1 [preauth]
Apr 11 05:07:26 ovzhost sshd[1320]: Failed password for root from 43.255.190.172 port 57338 ssh2
Apr 11 05:07:30 ovzhost sshd[1320]: message repeated 2 times: [ Failed password for root from 43.255.190.172 port 57338 ssh2]
Apr 11 05:07:30 ovzhost sshd[1320]: Received disconnect from 43.255.190.172: 11:  [preauth]
Apr 11 05:07:30 ovzhost sshd[1320]: PAM 2 more authentication failures; logname= uid=0 euid=0 tty=ssh ruser= rhost=43.255.190.172  user=root
Apr 11 05:07:32 ovzhost sshd[1327]: pam_unix(sshd:auth): authentication failure; logname= uid=0 euid=0 tty=ssh ruser= rhost=43.255.190.172  user=root
Apr 11 05:07:34 ovzhost sshd[1327]: Failed password for root from 43.255.190.172 port 48033 ssh2
Apr 11 05:07:38 ovzhost sshd[1327]: message repeated 2 times: [ Failed password for root from 43.255.190.172 port 48033 ssh2]
Apr 11 05:07:38 ovzhost sshd[1327]: Received disconnect from 43.255.190.172: 11:  [preauth]
Apr 11 05:07:38 ovzhost sshd[1327]: PAM 2 more authentication failures; logname= uid=0 euid=0 tty=ssh ruser= rhost=43.255.190.172  user=root
Apr 11 05:07:43 ovzhost sshd[1329]: pam_unix(sshd:auth): authentication failure; logname= uid=0 euid=0 tty=ssh ruser= rhost=43.255.190.172  user=root
Apr 11 05:07:46 ovzhost sshd[1329]: Failed password for root from 43.255.190.172 port 38944 ssh2
Apr 11 05:07:50 ovzhost sshd[1329]: message repeated 2 times: [ Failed password for root from 43.255.190.172 port 38944 ssh2]
Apr 11 05:07:50 ovzhost sshd[1329]: Received disconnect from 43.255.190.172: 11:  [preauth]
Apr 11 05:07:50 ovzhost sshd[1329]: PAM 2 more authentication failures; logname= uid=0 euid=0 tty=ssh ruser= rhost=43.255.190.172  user=root
Apr 11 05:07:52 ovzhost sshd[1332]: pam_unix(sshd:auth): authentication failure; logname= uid=0 euid=0 tty=ssh ruser= rhost=43.255.190.172  user=root
Apr 11 05:07:54 ovzhost sshd[1332]: Failed password for root from 43.255.190.172 port 40027 ssh2
Apr 11 05:07:59 ovzhost sshd[1332]: message repeated 2 times: [ Failed password for root from 43.255.190.172 port 40027 ssh2]
Apr 11 05:07:59 ovzhost sshd[1332]: Received disconnect from 43.255.190.172: 11:  [preauth]
Apr 11 05:07:59 ovzhost sshd[1332]: PAM 2 more authentication failures; logname= uid=0 euid=0 tty=ssh ruser= rhost=43.255.190.172  user=root
Apr 11 05:08:01 ovzhost sshd[1334]: pam_unix(sshd:auth): authentication failure; logname= uid=0 euid=0 tty=ssh ruser= rhost=43.255.190.172  user=root
Apr 11 05:08:03 ovzhost sshd[1334]: Failed password for root from 43.255.190.172 port 60650 ssh2
Apr 11 05:08:09 ovzhost sshd[1334]: message repeated 2 times: [ Failed password for root from 43.255.190.172 port 60650 ssh2]
Apr 11 05:08:09 ovzhost sshd[1334]: Received disconnect from 43.255.190.172: 11:  [preauth]
Apr 11 05:08:09 ovzhost sshd[1334]: PAM 2 more authentication failures; logname= uid=0 euid=0 tty=ssh ruser= rhost=43.255.190.172  user=root
Apr 11 05:08:09 ovzhost sshd[1336]: pam_unix(sshd:auth): authentication failure; logname= uid=0 euid=0 tty=ssh ruser= rhost=43.255.190.172  user=root
Apr 11 05:08:11 ovzhost sshd[1336]: Failed password for root from 43.255.190.172 port 55324 ssh2
Apr 11 05:08:16 ovzhost sshd[1336]: message repeated 2 times: [ Failed password for root from 43.255.190.172 port 55324 ssh2]
Apr 11 05:08:16 ovzhost sshd[1336]: Received disconnect from 43.255.190.172: 11:  [preauth]
Apr 11 05:08:16 ovzhost sshd[1336]: PAM 2 more authentication failures; logname= uid=0 euid=0 tty=ssh ruser= rhost=43.255.190.172  user=root
Apr 11 05:08:17 ovzhost sshd[1340]: pam_unix(sshd:auth): authentication failure; logname= uid=0 euid=0 tty=ssh ruser= rhost=43.255.190.172  user=root
Apr 11 05:08:20 ovzhost sshd[1340]: Failed password for root from 43.255.190.172 port 43624 ssh2
Apr 11 05:08:23 ovzhost sshd[1340]: message repeated 2 times: [ Failed password for root from 43.255.190.172 port 43624 ssh2]
Apr 11 05:08:24 ovzhost sshd[1340]: Received disconnect from 43.255.190.172: 11:  [preauth]
Apr 11 05:08:24 ovzhost sshd[1340]: PAM 2 more authentication failures; logname= uid=0 euid=0 tty=ssh ruser= rhost=43.255.190.172  user=root
Apr 11 05:08:26 ovzhost sshd[1344]: pam_unix(sshd:auth): authentication failure; logname= uid=0 euid=0 tty=ssh ruser= rhost=43.255.190.172  user=root
Apr 11 05:08:28 ovzhost sshd[1344]: Failed password for root from 43.255.190.172 port 34541 ssh2
Apr 11 05:08:29 ovzhost sshd[1346]: pam_unix(sshd:auth): authentication failure; logname= uid=0 euid=0 tty=ssh ruser= rhost=43.255.190.159  user=root
Apr 11 05:08:31 ovzhost sshd[1348]: Invalid user yanto from 221.146.74.146
Apr 11 05:08:31 ovzhost sshd[1348]: input_userauth_request: invalid user yanto [preauth]
Apr 11 05:08:31 ovzhost sshd[1348]: pam_unix(sshd:auth): check pass; user unknown
Apr 11 05:08:31 ovzhost sshd[1348]: pam_unix(sshd:auth): authentication failure; logname= uid=0 euid=0 tty=ssh ruser= rhost=221.146.74.146 
Apr 11 05:08:31 ovzhost sshd[1346]: Failed password for root from 43.255.190.159 port 33658 ssh2
Apr 11 05:08:32 ovzhost sshd[1344]: message repeated 2 times: [ Failed password for root from 43.255.190.172 port 34541 ssh2]
Apr 11 05:08:32 ovzhost sshd[1344]: Received disconnect from 43.255.190.172: 11:  [preauth]
Apr 11 05:08:32 ovzhost sshd[1344]: PAM 2 more authentication failures; logname= uid=0 euid=0 tty=ssh ruser= rhost=43.255.190.172  user=root
Apr 11 05:08:33 ovzhost sshd[1348]: Failed password for invalid user yanto from 221.146.74.146 port 37500 ssh2
Apr 11 05:08:33 ovzhost sshd[1348]: Connection closed by 221.146.74.146 [preauth]
Apr 11 05:08:34 ovzhost sshd[1350]: pam_unix(sshd:auth): authentication failure; logname= uid=0 euid=0 tty=ssh ruser= rhost=43.255.190.172  user=root
Apr 11 05:08:35 ovzhost sshd[1350]: Failed password for root from 43.255.190.172 port 54149 ssh2
Apr 11 05:08:35 ovzhost sshd[1346]: message repeated 2 times: [ Failed password for root from 43.255.190.159 port 33658 ssh2]
Apr 11 05:08:35 ovzhost sshd[1346]: Received disconnect from 43.255.190.159: 11:  [preauth]
Apr 11 05:08:35 ovzhost sshd[1346]: PAM 2 more authentication failures; logname= uid=0 euid=0 tty=ssh ruser= rhost=43.255.190.159  user=root
Apr 11 05:08:40 ovzhost sshd[1350]: message repeated 2 times: [ Failed password for root from 43.255.190.172 port 54149 ssh2]
Apr 11 05:08:40 ovzhost sshd[1350]: Received disconnect from 43.255.190.172: 11:  [preauth]
Apr 11 05:08:40 ovzhost sshd[1350]: PAM 2 more authentication failures; logname= uid=0 euid=0 tty=ssh ruser= rhost=43.255.190.172  user=root
Apr 11 05:08:41 ovzhost sshd[1354]: pam_unix(sshd:auth): authentication failure; logname= uid=0 euid=0 tty=ssh ruser= rhost=43.255.190.172  user=root
Apr 11 05:08:41 ovzhost sshd[1352]: pam_unix(sshd:auth): authentication failure; logname= uid=0 euid=0 tty=ssh ruser= rhost=43.255.190.159  user=root
Apr 11 05:08:44 ovzhost sshd[1354]: Failed password for root from 43.255.190.172 port 44761 ssh2
Apr 11 05:08:44 ovzhost sshd[1352]: Failed password for root from 43.255.190.159 port 50327 ssh2
Apr 11 05:08:48 ovzhost sshd[1352]: message repeated 2 times: [ Failed password for root from 43.255.190.159 port 50327 ssh2]
Apr 11 05:08:48 ovzhost sshd[1352]: Received disconnect from 43.255.190.159: 11:  [preauth]
Apr 11 05:08:48 ovzhost sshd[1352]: PAM 2 more authentication failures; logname= uid=0 euid=0 tty=ssh ruser= rhost=43.255.190.159  user=root
Apr 11 05:08:48 ovzhost sshd[1354]: message repeated 2 times: [ Failed password for root from 43.255.190.172 port 44761 ssh2]
Apr 11 05:08:49 ovzhost sshd[1354]: Received disconnect from 43.255.190.172: 11:  [preauth]
Apr 11 05:08:49 ovzhost sshd[1354]: PAM 2 more authentication failures; logname= uid=0 euid=0 tty=ssh ruser= rhost=43.255.190.172  user=root
Apr 11 05:08:50 ovzhost sshd[1358]: pam_unix(sshd:auth): authentication failure; logname= uid=0 euid=0 tty=ssh ruser= rhost=43.255.190.172  user=root
Apr 11 05:08:51 ovzhost sshd[1356]: pam_unix(sshd:auth): authentication failure; logname= uid=0 euid=0 tty=ssh ruser= rhost=43.255.190.159  user=root
Apr 11 05:08:52 ovzhost sshd[1358]: Failed password for root from 43.255.190.172 port 37980 ssh2
Apr 11 05:08:53 ovzhost sshd[1356]: Failed password for root from 43.255.190.159 port 48650 ssh2
Apr 11 05:08:56 ovzhost sshd[1358]: message repeated 2 times: [ Failed password for root from 43.255.190.172 port 37980 ssh2]
Apr 11 05:08:56 ovzhost sshd[1358]: Received disconnect from 43.255.190.172: 11:  [preauth]
Apr 11 05:08:56 ovzhost sshd[1358]: PAM 2 more authentication failures; logname= uid=0 euid=0 tty=ssh ruser= rhost=43.255.190.172  user=root
Apr 11 05:08:57 ovzhost sshd[1356]: message repeated 2 times: [ Failed password for root from 43.255.190.159 port 48650 ssh2]
Apr 11 05:08:57 ovzhost sshd[1356]: Received disconnect from 43.255.190.159: 11:  [preauth]
Apr 11 05:08:57 ovzhost sshd[1356]: PAM 2 more authentication failures; logname= uid=0 euid=0 tty=ssh ruser= rhost=43.255.190.159  user=root
Apr 11 05:08:57 ovzhost sshd[1362]: pam_unix(sshd:auth): authentication failure; logname= uid=0 euid=0 tty=ssh ruser= rhost=43.255.190.172  user=root
Apr 11 05:08:59 ovzhost sshd[1362]: Failed password for root from 43.255.190.172 port 55637 ssh2
Apr 11 05:09:01 ovzhost sshd[1364]: pam_unix(sshd:auth): authentication failure; logname= uid=0 euid=0 tty=ssh ruser= rhost=43.255.190.159  user=root
Apr 11 05:09:01 ovzhost CRON[1367]: pam_env(cron:session): Unable to open env file: /etc/default/locale: No such file or directory
Apr 11 05:09:01 ovzhost CRON[1366]: pam_env(cron:session): Unable to open env file: /etc/default/locale: No such file or directory
Apr 11 05:09:01 ovzhost CRON[1366]: pam_unix(cron:session): session opened for user root by (uid=0)
Apr 11 05:09:01 ovzhost CRON[1367]: pam_unix(cron:session): session opened for user root by (uid=0)
Apr 11 05:09:01 ovzhost CRON[1366]: pam_unix(cron:session): session closed for user root
Apr 11 05:09:01 ovzhost CRON[1367]: pam_unix(cron:session): session closed for user root
Apr 11 05:09:03 ovzhost sshd[1364]: Failed password for root from 43.255.190.159 port 40218 ssh2
Apr 11 05:09:03 ovzhost sshd[1362]: message repeated 2 times: [ Failed password for root from 43.255.190.172 port 55637 ssh2]
Apr 11 05:09:03 ovzhost sshd[1362]: Received disconnect from 43.255.190.172: 11:  [preauth]
Apr 11 05:09:03 ovzhost sshd[1362]: PAM 2 more authentication failures; logname= uid=0 euid=0 tty=ssh ruser= rhost=43.255.190.172  user=root
Apr 11 05:09:07 ovzhost sshd[1380]: pam_unix(sshd:auth): authentication failure; logname= uid=0 euid=0 tty=ssh ruser= rhost=43.255.190.172  user=root
Apr 11 05:09:09 ovzhost sshd[1380]: Failed password for root from 43.255.190.172 port 44936 ssh2
Apr 11 05:09:13 ovzhost sshd[1380]: message repeated 2 times: [ Failed password for root from 43.255.190.172 port 44936 ssh2]
Apr 11 05:09:13 ovzhost sshd[1380]: Received disconnect from 43.255.190.172: 11:  [preauth]
Apr 11 05:09:13 ovzhost sshd[1380]: PAM 2 more authentication failures; logname= uid=0 euid=0 tty=ssh ruser= rhost=43.255.190.172  user=root
Apr 11 05:09:07 ovzhost sshd[1364]: message repeated 2 times: [ Failed password for root from 43.255.190.159 port 40218 ssh2]
Apr 11 05:09:15 ovzhost sshd[1364]: Received disconnect from 43.255.190.159: 11:  [preauth]
Apr 11 05:09:15 ovzhost sshd[1364]: PAM 2 more authentication failures; logname= uid=0 euid=0 tty=ssh ruser= rhost=43.255.190.159  user=root
Apr 11 05:09:15 ovzhost sshd[1383]: pam_unix(sshd:auth): authentication failure; logname= uid=0 euid=0 tty=ssh ruser= rhost=43.255.190.172  user=root
Apr 11 05:09:16 ovzhost sshd[1385]: pam_unix(sshd:auth): authentication failure; logname= uid=0 euid=0 tty=ssh ruser= rhost=43.255.190.159  user=root
Apr 11 05:09:17 ovzhost sshd[1383]: Failed password for root from 43.255.190.172 port 39009 ssh2
Apr 11 05:09:18 ovzhost sshd[1385]: Failed password for root from 43.255.190.159 port 47986 ssh2
Apr 11 05:09:21 ovzhost sshd[1383]: message repeated 2 times: [ Failed password for root from 43.255.190.172 port 39009 ssh2]
Apr 11 05:09:21 ovzhost sshd[1383]: Received disconnect from 43.255.190.172: 11:  [preauth]
Apr 11 05:09:21 ovzhost sshd[1383]: PAM 2 more authentication failures; logname= uid=0 euid=0 tty=ssh ruser= rhost=43.255.190.172  user=root
Apr 11 05:09:22 ovzhost sshd[1387]: pam_unix(sshd:auth): authentication failure; logname= uid=0 euid=0 tty=ssh ruser= rhost=43.255.190.172  user=root
Apr 11 05:09:22 ovzhost sshd[1385]: message repeated 2 times: [ Failed password for root from 43.255.190.159 port 47986 ssh2]
Apr 11 05:09:22 ovzhost sshd[1385]: Received disconnect from 43.255.190.159: 11:  [preauth]
Apr 11 05:09:22 ovzhost sshd[1385]: PAM 2 more authentication failures; logname= uid=0 euid=0 tty=ssh ruser= rhost=43.255.190.159  user=root
Apr 11 05:09:23 ovzhost sshd[1387]: Failed password for root from 43.255.190.172 port 59192 ssh2
Apr 11 05:09:23 ovzhost sshd[1390]: pam_unix(sshd:auth): authentication failure; logname= uid=0 euid=0 tty=ssh ruser= rhost=43.255.190.159  user=root
Apr 11 05:09:25 ovzhost sshd[1390]: Failed password for root from 43.255.190.159 port 35029 ssh2
Apr 11 05:09:27 ovzhost sshd[1387]: message repeated 2 times: [ Failed password for root from 43.255.190.172 port 59192 ssh2]
Apr 11 05:09:27 ovzhost sshd[1387]: Received disconnect from 43.255.190.172: 11:  [preauth]
Apr 11 05:09:27 ovzhost sshd[1387]: PAM 2 more authentication failures; logname= uid=0 euid=0 tty=ssh ruser= rhost=43.255.190.172  user=root
Apr 11 05:09:28 ovzhost sshd[1392]: pam_unix(sshd:auth): authentication failure; logname= uid=0 euid=0 tty=ssh ruser= rhost=43.255.190.172  user=root
Apr 11 05:09:28 ovzhost sshd[1390]: message repeated 2 times: [ Failed password for root from 43.255.190.159 port 35029 ssh2]
Apr 11 05:09:29 ovzhost sshd[1390]: Received disconnect from 43.255.190.159: 11:  [preauth]
Apr 11 05:09:29 ovzhost sshd[1390]: PAM 2 more authentication failures; logname= uid=0 euid=0 tty=ssh ruser= rhost=43.255.190.159  user=root
Apr 11 05:09:30 ovzhost sshd[1392]: Failed password for root from 43.255.190.172 port 46651 ssh2
Apr 11 05:09:32 ovzhost sshd[1394]: pam_unix(sshd:auth): authentication failure; logname= uid=0 euid=0 tty=ssh ruser= rhost=43.255.190.159  user=root
Apr 11 05:09:34 ovzhost sshd[1394]: Failed password for root from 43.255.190.159 port 48284 ssh2
Apr 11 05:09:34 ovzhost sshd[1392]: message repeated 2 times: [ Failed password for root from 43.255.190.172 port 46651 ssh2]
Apr 11 05:09:35 ovzhost sshd[1392]: Received disconnect from 43.255.190.172: 11:  [preauth]
Apr 11 05:09:35 ovzhost sshd[1392]: PAM 2 more authentication failures; logname= uid=0 euid=0 tty=ssh ruser= rhost=43.255.190.172  user=root
Apr 11 05:09:36 ovzhost sshd[1396]: pam_unix(sshd:auth): authentication failure; logname= uid=0 euid=0 tty=ssh ruser= rhost=43.255.190.172  user=root
Apr 11 05:09:38 ovzhost sshd[1394]: message repeated 2 times: [ Failed password for root from 43.255.190.159 port 48284 ssh2]
Apr 11 05:09:38 ovzhost sshd[1394]: Received disconnect from 43.255.190.159: 11:  [preauth]
Apr 11 05:09:38 ovzhost sshd[1394]: PAM 2 more authentication failures; logname= uid=0 euid=0 tty=ssh ruser= rhost=43.255.190.159  user=root
Apr 11 05:09:38 ovzhost sshd[1396]: Failed password for root from 43.255.190.172 port 38977 ssh2
Apr 11 05:09:39 ovzhost sshd[1398]: pam_unix(sshd:auth): authentication failure; logname= uid=0 euid=0 tty=ssh ruser= rhost=43.255.190.159  user=root
Apr 11 05:09:41 ovzhost sshd[1398]: Failed password for root from 43.255.190.159 port 40019 ssh2
Apr 11 05:09:43 ovzhost sshd[1396]: message repeated 2 times: [ Failed password for root from 43.255.190.172 port 38977 ssh2]
Apr 11 05:09:43 ovzhost sshd[1396]: Received disconnect from 43.255.190.172: 11:  [preauth]
Apr 11 05:09:43 ovzhost sshd[1396]: PAM 2 more authentication failures; logname= uid=0 euid=0 tty=ssh ruser= rhost=43.255.190.172  user=root
Apr 11 05:09:44 ovzhost sshd[1400]: pam_unix(sshd:auth): authentication failure; logname= uid=0 euid=0 tty=ssh ruser= rhost=43.255.190.172  user=root
Apr 11 05:09:44 ovzhost sshd[1398]: message repeated 2 times: [ Failed password for root from 43.255.190.159 port 40019 ssh2]
Apr 11 05:09:45 ovzhost sshd[1398]: Received disconnect from 43.255.190.159: 11:  [preauth]
Apr 11 05:09:45 ovzhost sshd[1398]: PAM 2 more authentication failures; logname= uid=0 euid=0 tty=ssh ruser= rhost=43.255.190.159  user=root
Apr 11 05:09:46 ovzhost sshd[1400]: Failed password for root from 43.255.190.172 port 57217 ssh2
Apr 11 05:09:47 ovzhost sshd[1402]: pam_unix(sshd:auth): authentication failure; logname= uid=0 euid=0 tty=ssh ruser= rhost=43.255.190.159  user=root
Apr 11 05:09:49 ovzhost sshd[1402]: Failed password for root from 43.255.190.159 port 54202 ssh2
Apr 11 05:09:50 ovzhost sshd[1400]: message repeated 2 times: [ Failed password for root from 43.255.190.172 port 57217 ssh2]
Apr 11 05:09:50 ovzhost sshd[1400]: Received disconnect from 43.255.190.172: 11:  [preauth]
Apr 11 05:09:50 ovzhost sshd[1400]: PAM 2 more authentication failures; logname= uid=0 euid=0 tty=ssh ruser= rhost=43.255.190.172  user=root
Apr 11 05:09:52 ovzhost sshd[1404]: pam_unix(sshd:auth): authentication failure; logname= uid=0 euid=0 tty=ssh ruser= rhost=43.255.190.172  user=root
Apr 11 05:09:53 ovzhost sshd[1402]: message repeated 2 times: [ Failed password for root from 43.255.190.159 port 54202 ssh2]
Apr 11 05:09:53 ovzhost sshd[1402]: Received disconnect from 43.255.190.159: 11:  [preauth]
Apr 11 05:09:53 ovzhost sshd[1402]: PAM 2 more authentication failures; logname= uid=0 euid=0 tty=ssh ruser= rhost=43.255.190.159  user=root
Apr 11 05:09:54 ovzhost sshd[1404]: Failed password for root from 43.255.190.172 port 47229 ssh2
Apr 11 05:09:54 ovzhost sshd[1407]: pam_unix(sshd:auth): authentication failure; logname= uid=0 euid=0 tty=ssh ruser= rhost=43.255.190.159  user=root
Apr 11 05:09:57 ovzhost sshd[1407]: Failed password for root from 43.255.190.159 port 42943 ssh2
Apr 11 05:09:58 ovzhost sshd[1404]: message repeated 2 times: [ Failed password for root from 43.255.190.172 port 47229 ssh2]
Apr 11 05:09:58 ovzhost sshd[1404]: Received disconnect from 43.255.190.172: 11:  [preauth]
Apr 11 05:09:58 ovzhost sshd[1404]: PAM 2 more authentication failures; logname= uid=0 euid=0 tty=ssh ruser= rhost=43.255.190.172  user=root
Apr 11 05:10:00 ovzhost sshd[1407]: message repeated 2 times: [ Failed password for root from 43.255.190.159 port 42943 ssh2]
Apr 11 05:10:00 ovzhost sshd[1407]: Received disconnect from 43.255.190.159: 11:  [preauth]
Apr 11 05:10:00 ovzhost sshd[1407]: PAM 2 more authentication failures; logname= uid=0 euid=0 tty=ssh ruser= rhost=43.255.190.159  user=root
Apr 11 05:10:01 ovzhost sshd[1411]: pam_unix(sshd:auth): authentication failure; logname= uid=0 euid=0 tty=ssh ruser= rhost=43.255.190.159  user=root
Apr 11 05:10:03 ovzhost sshd[1409]: pam_unix(sshd:auth): authentication failure; logname= uid=0 euid=0 tty=ssh ruser= rhost=43.255.190.172  user=root
Apr 11 05:10:04 ovzhost sshd[1411]: Failed password for root from 43.255.190.159 port 57730 ssh2
Apr 11 05:10:05 ovzhost sshd[1409]: Failed password for root from 43.255.190.172 port 37880 ssh2
Apr 11 05:10:07 ovzhost sshd[1411]: message repeated 2 times: [ Failed password for root from 43.255.190.159 port 57730 ssh2]
Apr 11 05:10:07 ovzhost sshd[1411]: Received disconnect from 43.255.190.159: 11:  [preauth]
Apr 11 05:10:07 ovzhost sshd[1411]: PAM 2 more authentication failures; logname= uid=0 euid=0 tty=ssh ruser= rhost=43.255.190.159  user=root
Apr 11 05:10:09 ovzhost sshd[1413]: pam_unix(sshd:auth): authentication failure; logname= uid=0 euid=0 tty=ssh ruser= rhost=43.255.190.159  user=root
Apr 11 05:10:08 ovzhost sshd[1409]: message repeated 2 times: [ Failed password for root from 43.255.190.172 port 37880 ssh2]
Apr 11 05:10:09 ovzhost sshd[1409]: Received disconnect from 43.255.190.172: 11:  [preauth]
Apr 11 05:10:09 ovzhost sshd[1409]: PAM 2 more authentication failures; logname= uid=0 euid=0 tty=ssh ruser= rhost=43.255.190.172  user=root
Apr 11 05:10:10 ovzhost sshd[1413]: Failed password for root from 43.255.190.159 port 43709 ssh2
Apr 11 05:10:10 ovzhost sshd[1415]: pam_unix(sshd:auth): authentication failure; logname= uid=0 euid=0 tty=ssh ruser= rhost=43.255.190.172  user=root
Apr 11 05:10:12 ovzhost sshd[1415]: Failed password for root from 43.255.190.172 port 34759 ssh2
Apr 11 05:10:15 ovzhost sshd[1413]: message repeated 2 times: [ Failed password for root from 43.255.190.159 port 43709 ssh2]
Apr 11 05:10:15 ovzhost sshd[1413]: Received disconnect from 43.255.190.159: 11:  [preauth]
Apr 11 05:10:15 ovzhost sshd[1413]: PAM 2 more authentication failures; logname= uid=0 euid=0 tty=ssh ruser= rhost=43.255.190.159  user=root
Apr 11 05:10:17 ovzhost sshd[1417]: pam_unix(sshd:auth): authentication failure; logname= uid=0 euid=0 tty=ssh ruser= rhost=43.255.190.159  user=root
Apr 11 05:10:17 ovzhost sshd[1415]: message repeated 2 times: [ Failed password for root from 43.255.190.172 port 34759 ssh2]
Apr 11 05:10:17 ovzhost sshd[1415]: Received disconnect from 43.255.190.172: 11:  [preauth]
Apr 11 05:10:17 ovzhost sshd[1415]: PAM 2 more authentication failures; logname= uid=0 euid=0 tty=ssh ruser= rhost=43.255.190.172  user=root
Apr 11 05:10:18 ovzhost sshd[1419]: pam_unix(sshd:auth): authentication failure; logname= uid=0 euid=0 tty=ssh ruser= rhost=43.255.190.172  user=root
Apr 11 05:10:19 ovzhost sshd[1417]: Failed password for root from 43.255.190.159 port 58614 ssh2
Apr 11 05:10:19 ovzhost sshd[1419]: Failed password for root from 43.255.190.172 port 52837 ssh2
Apr 11 05:10:23 ovzhost sshd[1417]: message repeated 2 times: [ Failed password for root from 43.255.190.159 port 58614 ssh2]
Apr 11 05:10:23 ovzhost sshd[1417]: Received disconnect from 43.255.190.159: 11:  [preauth]
Apr 11 05:10:23 ovzhost sshd[1417]: PAM 2 more authentication failures; logname= uid=0 euid=0 tty=ssh ruser= rhost=43.255.190.159  user=root
Apr 11 05:10:23 ovzhost sshd[1424]: Connection closed by 128.8.37.104 [preauth]
Apr 11 05:10:24 ovzhost sshd[1419]: message repeated 2 times: [ Failed password for root from 43.255.190.172 port 52837 ssh2]
Apr 11 05:10:24 ovzhost sshd[1419]: Received disconnect from 43.255.190.172: 11:  [preauth]
Apr 11 05:10:24 ovzhost sshd[1419]: PAM 2 more authentication failures; logname= uid=0 euid=0 tty=ssh ruser= rhost=43.255.190.172  user=root
Apr 11 05:10:24 ovzhost sshd[1421]: pam_unix(sshd:auth): authentication failure; logname= uid=0 euid=0 tty=ssh ruser= rhost=43.255.190.159  user=root
Apr 11 05:10:25 ovzhost sshd[1426]: pam_unix(sshd:auth): authentication failure; logname= uid=0 euid=0 tty=ssh ruser= rhost=43.255.190.172  user=root
Apr 11 05:10:26 ovzhost sshd[1421]: Failed password for root from 43.255.190.159 port 46891 ssh2
Apr 11 05:10:28 ovzhost sshd[1426]: Failed password for root from 43.255.190.172 port 40959 ssh2
Apr 11 05:10:31 ovzhost sshd[1421]: message repeated 2 times: [ Failed password for root from 43.255.190.159 port 46891 ssh2]
Apr 11 05:10:31 ovzhost sshd[1421]: Received disconnect from 43.255.190.159: 11:  [preauth]
Apr 11 05:10:31 ovzhost sshd[1421]: PAM 2 more authentication failures; logname= uid=0 euid=0 tty=ssh ruser= rhost=43.255.190.159  user=root
Apr 11 05:10:31 ovzhost sshd[1428]: pam_unix(sshd:auth): authentication failure; logname= uid=0 euid=0 tty=ssh ruser= rhost=43.255.190.159  user=root
Apr 11 05:10:31 ovzhost sshd[1426]: message repeated 2 times: [ Failed password for root from 43.255.190.172 port 40959 ssh2]
Apr 11 05:10:31 ovzhost sshd[1426]: Received disconnect from 43.255.190.172: 11:  [preauth]
Apr 11 05:10:31 ovzhost sshd[1426]: PAM 2 more authentication failures; logname= uid=0 euid=0 tty=ssh ruser= rhost=43.255.190.172  user=root
Apr 11 05:10:32 ovzhost sshd[1430]: pam_unix(sshd:auth): authentication failure; logname= uid=0 euid=0 tty=ssh ruser= rhost=43.255.190.172  user=root
Apr 11 05:10:33 ovzhost sshd[1428]: Failed password for root from 43.255.190.159 port 33773 ssh2
Apr 11 05:10:35 ovzhost sshd[1430]: Failed password for root from 43.255.190.172 port 58409 ssh2
Apr 11 05:10:38 ovzhost sshd[1430]: message repeated 2 times: [ Failed password for root from 43.255.190.172 port 58409 ssh2]
Apr 11 05:10:39 ovzhost sshd[1430]: Received disconnect from 43.255.190.172: 11:  [preauth]
Apr 11 05:10:39 ovzhost sshd[1430]: PAM 2 more authentication failures; logname= uid=0 euid=0 tty=ssh ruser= rhost=43.255.190.172  user=root
Apr 11 05:10:37 ovzhost sshd[1428]: message repeated 2 times: [ Failed password for root from 43.255.190.159 port 33773 ssh2]
Apr 11 05:10:39 ovzhost sshd[1428]: Received disconnect from 43.255.190.159: 11:  [preauth]
Apr 11 05:10:39 ovzhost sshd[1428]: PAM 2 more authentication failures; logname= uid=0 euid=0 tty=ssh ruser= rhost=43.255.190.159  user=root
Apr 11 05:10:40 ovzhost sshd[1432]: pam_unix(sshd:auth): authentication failure; logname= uid=0 euid=0 tty=ssh ruser= rhost=43.255.190.172  user=root
Apr 11 05:10:40 ovzhost sshd[1434]: pam_unix(sshd:auth): authentication failure; logname= uid=0 euid=0 tty=ssh ruser= rhost=43.255.190.159  user=root
Apr 11 05:10:42 ovzhost sshd[1432]: Failed password for root from 43.255.190.172 port 47650 ssh2
Apr 11 05:10:42 ovzhost sshd[1434]: Failed password for root from 43.255.190.159 port 50406 ssh2
Apr 11 05:10:46 ovzhost sshd[1432]: message repeated 2 times: [ Failed password for root from 43.255.190.172 port 47650 ssh2]
Apr 11 05:10:46 ovzhost sshd[1432]: Received disconnect from 43.255.190.172: 11:  [preauth]
Apr 11 05:10:46 ovzhost sshd[1432]: PAM 2 more authentication failures; logname= uid=0 euid=0 tty=ssh ruser= rhost=43.255.190.172  user=root
Apr 11 05:10:47 ovzhost sshd[1434]: message repeated 2 times: [ Failed password for root from 43.255.190.159 port 50406 ssh2]
Apr 11 05:10:47 ovzhost sshd[1434]: Received disconnect from 43.255.190.159: 11:  [preauth]
Apr 11 05:10:47 ovzhost sshd[1434]: PAM 2 more authentication failures; logname= uid=0 euid=0 tty=ssh ruser= rhost=43.255.190.159  user=root
Apr 11 05:10:48 ovzhost sshd[1436]: pam_unix(sshd:auth): authentication failure; logname= uid=0 euid=0 tty=ssh ruser= rhost=43.255.190.159  user=root
Apr 11 05:10:50 ovzhost sshd[1436]: Failed password for root from 43.255.190.159 port 36625 ssh2
Apr 11 05:10:50 ovzhost sshd[1438]: pam_unix(sshd:auth): authentication failure; logname= uid=0 euid=0 tty=ssh ruser= rhost=43.255.190.172  user=root
Apr 11 05:10:52 ovzhost sshd[1438]: Failed password for root from 43.255.190.172 port 36615 ssh2
Apr 11 05:10:54 ovzhost sshd[1436]: message repeated 2 times: [ Failed password for root from 43.255.190.159 port 36625 ssh2]
Apr 11 05:10:54 ovzhost sshd[1436]: Received disconnect from 43.255.190.159: 11:  [preauth]
Apr 11 05:10:54 ovzhost sshd[1436]: PAM 2 more authentication failures; logname= uid=0 euid=0 tty=ssh ruser= rhost=43.255.190.159  user=root
Apr 11 05:10:56 ovzhost sshd[1440]: pam_unix(sshd:auth): authentication failure; logname= uid=0 euid=0 tty=ssh ruser= rhost=43.255.190.159  user=root
Apr 11 05:10:56 ovzhost sshd[1438]: message repeated 2 times: [ Failed password for root from 43.255.190.172 port 36615 ssh2]
Apr 11 05:10:56 ovzhost sshd[1438]: Received disconnect from 43.255.190.172: 11:  [preauth]
Apr 11 05:10:56 ovzhost sshd[1438]: PAM 2 more authentication failures; logname= uid=0 euid=0 tty=ssh ruser= rhost=43.255.190.172  user=root
Apr 11 05:10:57 ovzhost sshd[1442]: pam_unix(sshd:auth): authentication failure; logname= uid=0 euid=0 tty=ssh ruser= rhost=43.255.190.172  user=root
Apr 11 05:10:58 ovzhost sshd[1440]: Failed password for root from 43.255.190.159 port 51612 ssh2
Apr 11 05:10:59 ovzhost sshd[1442]: Failed password for root from 43.255.190.172 port 59044 ssh2
Apr 11 05:11:02 ovzhost sshd[1440]: message repeated 2 times: [ Failed password for root from 43.255.190.159 port 51612 ssh2]
Apr 11 05:11:02 ovzhost sshd[1440]: Received disconnect from 43.255.190.159: 11:  [preauth]
Apr 11 05:11:02 ovzhost sshd[1440]: PAM 2 more authentication failures; logname= uid=0 euid=0 tty=ssh ruser= rhost=43.255.190.159  user=root
Apr 11 05:11:03 ovzhost sshd[1442]: message repeated 2 times: [ Failed password for root from 43.255.190.172 port 59044 ssh2]
Apr 11 05:11:03 ovzhost sshd[1442]: Received disconnect from 43.255.190.172: 11:  [preauth]
Apr 11 05:11:03 ovzhost sshd[1442]: PAM 2 more authentication failures; logname= uid=0 euid=0 tty=ssh ruser= rhost=43.255.190.172  user=root
Apr 11 05:11:04 ovzhost sshd[1446]: pam_unix(sshd:auth): authentication failure; logname= uid=0 euid=0 tty=ssh ruser= rhost=43.255.190.159  user=root
Apr 11 05:11:04 ovzhost sshd[1448]: pam_unix(sshd:auth): authentication failure; logname= uid=0 euid=0 tty=ssh ruser= rhost=43.255.190.172  user=root
Apr 11 05:11:05 ovzhost sshd[1446]: Failed password for root from 43.255.190.159 port 38340 ssh2
Apr 11 05:11:06 ovzhost sshd[1448]: Failed password for root from 43.255.190.172 port 47560 ssh2
Apr 11 05:11:10 ovzhost sshd[1446]: message repeated 2 times: [ Failed password for root from 43.255.190.159 port 38340 ssh2]
Apr 11 05:11:10 ovzhost sshd[1446]: Received disconnect from 43.255.190.159: 11:  [preauth]
Apr 11 05:11:10 ovzhost sshd[1446]: PAM 2 more authentication failures; logname= uid=0 euid=0 tty=ssh ruser= rhost=43.255.190.159  user=root
Apr 11 05:11:10 ovzhost sshd[1448]: message repeated 2 times: [ Failed password for root from 43.255.190.172 port 47560 ssh2]
Apr 11 05:11:10 ovzhost sshd[1448]: Received disconnect from 43.255.190.172: 11:  [preauth]
Apr 11 05:11:10 ovzhost sshd[1448]: PAM 2 more authentication failures; logname= uid=0 euid=0 tty=ssh ruser= rhost=43.255.190.172  user=root
Apr 11 05:11:11 ovzhost sshd[1450]: pam_unix(sshd:auth): authentication failure; logname= uid=0 euid=0 tty=ssh ruser= rhost=43.255.190.159  user=root
Apr 11 05:11:12 ovzhost sshd[1452]: pam_unix(sshd:auth): authentication failure; logname= uid=0 euid=0 tty=ssh ruser= rhost=43.255.190.172  user=root
Apr 11 05:11:13 ovzhost sshd[1450]: Failed password for root from 43.255.190.159 port 54543 ssh2
Apr 11 05:11:14 ovzhost sshd[1452]: Failed password for root from 43.255.190.172 port 35523 ssh2
Apr 11 05:11:17 ovzhost sshd[1450]: message repeated 2 times: [ Failed password for root from 43.255.190.159 port 54543 ssh2]
Apr 11 05:11:17 ovzhost sshd[1450]: Received disconnect from 43.255.190.159: 11:  [preauth]
Apr 11 05:11:17 ovzhost sshd[1450]: PAM 2 more authentication failures; logname= uid=0 euid=0 tty=ssh ruser= rhost=43.255.190.159  user=root
Apr 11 05:11:18 ovzhost sshd[1454]: pam_unix(sshd:auth): authentication failure; logname= uid=0 euid=0 tty=ssh ruser= rhost=43.255.190.159  user=root
Apr 11 05:11:18 ovzhost sshd[1452]: message repeated 2 times: [ Failed password for root from 43.255.190.172 port 35523 ssh2]
Apr 11 05:11:18 ovzhost sshd[1452]: Received disconnect from 43.255.190.172: 11:  [preauth]
Apr 11 05:11:18 ovzhost sshd[1452]: PAM 2 more authentication failures; logname= uid=0 euid=0 tty=ssh ruser= rhost=43.255.190.172  user=root
Apr 11 05:11:20 ovzhost sshd[1454]: Failed password for root from 43.255.190.159 port 40335 ssh2
Apr 11 05:11:22 ovzhost sshd[1456]: pam_unix(sshd:auth): authentication failure; logname= uid=0 euid=0 tty=ssh ruser= rhost=43.255.190.172  user=root
Apr 11 05:11:24 ovzhost sshd[1456]: Failed password for root from 43.255.190.172 port 53649 ssh2
Apr 11 05:11:25 ovzhost sshd[1454]: message repeated 2 times: [ Failed password for root from 43.255.190.159 port 40335 ssh2]
Apr 11 05:11:25 ovzhost sshd[1454]: Received disconnect from 43.255.190.159: 11:  [preauth]
Apr 11 05:11:25 ovzhost sshd[1454]: PAM 2 more authentication failures; logname= uid=0 euid=0 tty=ssh ruser= rhost=43.255.190.159  user=root
Apr 11 05:11:26 ovzhost sshd[1462]: pam_unix(sshd:auth): authentication failure; logname= uid=0 euid=0 tty=ssh ruser= rhost=43.255.190.159  user=root
Apr 11 05:11:28 ovzhost sshd[1462]: Failed password for root from 43.255.190.159 port 55027 ssh2
Apr 11 05:11:29 ovzhost sshd[1456]: message repeated 2 times: [ Failed password for root from 43.255.190.172 port 53649 ssh2]
Apr 11 05:11:29 ovzhost sshd[1456]: Received disconnect from 43.255.190.172: 11:  [preauth]
Apr 11 05:11:29 ovzhost sshd[1456]: PAM 2 more authentication failures; logname= uid=0 euid=0 tty=ssh ruser= rhost=43.255.190.172  user=root
Apr 11 05:11:30 ovzhost sshd[1464]: pam_unix(sshd:auth): authentication failure; logname= uid=0 euid=0 tty=ssh ruser= rhost=43.255.190.172  user=root
Apr 11 05:11:32 ovzhost sshd[1464]: Failed password for root from 43.255.190.172 port 48417 ssh2
Apr 11 05:11:33 ovzhost sshd[1462]: message repeated 2 times: [ Failed password for root from 43.255.190.159 port 55027 ssh2]
Apr 11 05:11:33 ovzhost sshd[1462]: Received disconnect from 43.255.190.159: 11:  [preauth]
Apr 11 05:11:33 ovzhost sshd[1462]: PAM 2 more authentication failures; logname= uid=0 euid=0 tty=ssh ruser= rhost=43.255.190.159  user=root
Apr 11 05:11:34 ovzhost sshd[1466]: pam_unix(sshd:auth): authentication failure; logname= uid=0 euid=0 tty=ssh ruser= rhost=43.255.190.159  user=root
Apr 11 05:11:36 ovzhost sshd[1466]: Failed password for root from 43.255.190.159 port 42371 ssh2
Apr 11 05:11:37 ovzhost sshd[1464]: message repeated 2 times: [ Failed password for root from 43.255.190.172 port 48417 ssh2]
Apr 11 05:11:37 ovzhost sshd[1464]: Received disconnect from 43.255.190.172: 11:  [preauth]
Apr 11 05:11:37 ovzhost sshd[1464]: PAM 2 more authentication failures; logname= uid=0 euid=0 tty=ssh ruser= rhost=43.255.190.172  user=root
Apr 11 05:11:38 ovzhost sshd[1468]: pam_unix(sshd:auth): authentication failure; logname= uid=0 euid=0 tty=ssh ruser= rhost=43.255.190.172  user=root
Apr 11 05:11:40 ovzhost sshd[1468]: Failed password for root from 43.255.190.172 port 38241 ssh2
Apr 11 05:11:41 ovzhost sshd[1466]: message repeated 2 times: [ Failed password for root from 43.255.190.159 port 42371 ssh2]
Apr 11 05:11:41 ovzhost sshd[1466]: Received disconnect from 43.255.190.159: 11:  [preauth]
Apr 11 05:11:41 ovzhost sshd[1466]: PAM 2 more authentication failures; logname= uid=0 euid=0 tty=ssh ruser= rhost=43.255.190.159  user=root
Apr 11 05:11:41 ovzhost sshd[1470]: pam_unix(sshd:auth): authentication failure; logname= uid=0 euid=0 tty=ssh ruser= rhost=43.255.190.159  user=root
Apr 11 05:11:43 ovzhost sshd[1470]: Failed password for root from 43.255.190.159 port 57053 ssh2
Apr 11 05:11:45 ovzhost sshd[1468]: message repeated 2 times: [ Failed password for root from 43.255.190.172 port 38241 ssh2]
Apr 11 05:11:45 ovzhost sshd[1468]: Received disconnect from 43.255.190.172: 11:  [preauth]
Apr 11 05:11:45 ovzhost sshd[1468]: PAM 2 more authentication failures; logname= uid=0 euid=0 tty=ssh ruser= rhost=43.255.190.172  user=root
Apr 11 05:11:48 ovzhost sshd[1470]: message repeated 2 times: [ Failed password for root from 43.255.190.159 port 57053 ssh2]
Apr 11 05:11:48 ovzhost sshd[1470]: Received disconnect from 43.255.190.159: 11:  [preauth]
Apr 11 05:11:48 ovzhost sshd[1470]: PAM 2 more authentication failures; logname= uid=0 euid=0 tty=ssh ruser= rhost=43.255.190.159  user=root
Apr 11 05:11:49 ovzhost sshd[1475]: pam_unix(sshd:auth): authentication failure; logname= uid=0 euid=0 tty=ssh ruser= rhost=43.255.190.159  user=root
Apr 11 05:11:51 ovzhost sshd[1475]: Failed password for root from 43.255.190.159 port 42627 ssh2
Apr 11 05:11:53 ovzhost sshd[1472]: pam_unix(sshd:auth): authentication failure; logname= uid=0 euid=0 tty=ssh ruser= rhost=43.255.190.172  user=root
Apr 11 05:11:55 ovzhost sshd[1472]: Failed password for root from 43.255.190.172 port 56245 ssh2
Apr 11 05:11:57 ovzhost sshd[1475]: message repeated 2 times: [ Failed password for root from 43.255.190.159 port 42627 ssh2]
Apr 11 05:11:57 ovzhost sshd[1475]: Received disconnect from 43.255.190.159: 11:  [preauth]
Apr 11 05:11:57 ovzhost sshd[1475]: PAM 2 more authentication failures; logname= uid=0 euid=0 tty=ssh ruser= rhost=43.255.190.159  user=root
Apr 11 05:11:58 ovzhost sshd[1477]: pam_unix(sshd:auth): authentication failure; logname= uid=0 euid=0 tty=ssh ruser= rhost=43.255.190.159  user=root
Apr 11 05:12:00 ovzhost sshd[1477]: Failed password for root from 43.255.190.159 port 58402 ssh2
Apr 11 05:11:59 ovzhost sshd[1472]: message repeated 2 times: [ Failed password for root from 43.255.190.172 port 56245 ssh2]
Apr 11 05:12:00 ovzhost sshd[1472]: Received disconnect from 43.255.190.172: 11:  [preauth]
Apr 11 05:12:00 ovzhost sshd[1472]: PAM 2 more authentication failures; logname= uid=0 euid=0 tty=ssh ruser= rhost=43.255.190.172  user=root
Apr 11 05:12:02 ovzhost sshd[1479]: pam_unix(sshd:auth): authentication failure; logname= uid=0 euid=0 tty=ssh ruser= rhost=43.255.190.172  user=root
Apr 11 05:12:04 ovzhost sshd[1479]: Failed password for root from 43.255.190.172 port 34055 ssh2
Apr 11 05:12:04 ovzhost sshd[1477]: message repeated 2 times: [ Failed password for root from 43.255.190.159 port 58402 ssh2]
Apr 11 05:12:04 ovzhost sshd[1477]: Received disconnect from 43.255.190.159: 11:  [preauth]
Apr 11 05:12:04 ovzhost sshd[1477]: PAM 2 more authentication failures; logname= uid=0 euid=0 tty=ssh ruser= rhost=43.255.190.159  user=root
Apr 11 05:12:05 ovzhost sshd[1481]: pam_unix(sshd:auth): authentication failure; logname= uid=0 euid=0 tty=ssh ruser= rhost=43.255.190.159  user=root
Apr 11 05:12:07 ovzhost sshd[1481]: Failed password for root from 43.255.190.159 port 45121 ssh2
Apr 11 05:12:09 ovzhost sshd[1479]: message repeated 2 times: [ Failed password for root from 43.255.190.172 port 34055 ssh2]
Apr 11 05:12:09 ovzhost sshd[1479]: Received disconnect from 43.255.190.172: 11:  [preauth]
Apr 11 05:12:09 ovzhost sshd[1479]: PAM 2 more authentication failures; logname= uid=0 euid=0 tty=ssh ruser= rhost=43.255.190.172  user=root
Apr 11 05:12:10 ovzhost sshd[1483]: pam_unix(sshd:auth): authentication failure; logname= uid=0 euid=0 tty=ssh ruser= rhost=43.255.190.172  user=root
Apr 11 05:12:11 ovzhost sshd[1481]: message repeated 2 times: [ Failed password for root from 43.255.190.159 port 45121 ssh2]
Apr 11 05:12:11 ovzhost sshd[1481]: Received disconnect from 43.255.190.159: 11:  [preauth]
Apr 11 05:12:11 ovzhost sshd[1481]: PAM 2 more authentication failures; logname= uid=0 euid=0 tty=ssh ruser= rhost=43.255.190.159  user=root
Apr 11 05:12:11 ovzhost sshd[1483]: Failed password for root from 43.255.190.172 port 54542 ssh2
Apr 11 05:12:12 ovzhost sshd[1485]: pam_unix(sshd:auth): authentication failure; logname= uid=0 euid=0 tty=ssh ruser= rhost=43.255.190.159  user=root
Apr 11 05:12:14 ovzhost sshd[1485]: Failed password for root from 43.255.190.159 port 59745 ssh2
Apr 11 05:12:16 ovzhost sshd[1483]: message repeated 2 times: [ Failed password for root from 43.255.190.172 port 54542 ssh2]
Apr 11 05:12:17 ovzhost sshd[1483]: Received disconnect from 43.255.190.172: 11:  [preauth]
Apr 11 05:12:17 ovzhost sshd[1483]: PAM 2 more authentication failures; logname= uid=0 euid=0 tty=ssh ruser= rhost=43.255.190.172  user=root
Apr 11 05:12:19 ovzhost sshd[1485]: message repeated 2 times: [ Failed password for root from 43.255.190.159 port 59745 ssh2]
Apr 11 05:12:19 ovzhost sshd[1485]: Received disconnect from 43.255.190.159: 11:  [preauth]
Apr 11 05:12:19 ovzhost sshd[1485]: PAM 2 more authentication failures; logname= uid=0 euid=0 tty=ssh ruser= rhost=43.255.190.159  user=root
Apr 11 05:12:20 ovzhost sshd[1489]: pam_unix(sshd:auth): authentication failure; logname= uid=0 euid=0 tty=ssh ruser= rhost=43.255.190.159  user=root
Apr 11 05:12:22 ovzhost sshd[1487]: pam_unix(sshd:auth): authentication failure; logname= uid=0 euid=0 tty=ssh ruser= rhost=43.255.190.172  user=root
Apr 11 05:12:23 ovzhost sshd[1489]: Failed password for root from 43.255.190.159 port 46099 ssh2
Apr 11 05:12:24 ovzhost sshd[1487]: Failed password for root from 43.255.190.172 port 44111 ssh2
Apr 11 05:12:26 ovzhost sshd[1492]: Connection closed by 127.0.0.1 [preauth]
Apr 11 05:12:28 ovzhost sshd[1489]: message repeated 2 times: [ Failed password for root from 43.255.190.159 port 46099 ssh2]
Apr 11 05:12:28 ovzhost sshd[1489]: Received disconnect from 43.255.190.159: 11:  [preauth]
Apr 11 05:12:28 ovzhost sshd[1489]: PAM 2 more authentication failures; logname= uid=0 euid=0 tty=ssh ruser= rhost=43.255.190.159  user=root
Apr 11 05:12:29 ovzhost sshd[1487]: message repeated 2 times: [ Failed password for root from 43.255.190.172 port 44111 ssh2]
Apr 11 05:12:29 ovzhost sshd[1487]: Received disconnect from 43.255.190.172: 11:  [preauth]
Apr 11 05:12:29 ovzhost sshd[1487]: PAM 2 more authentication failures; logname= uid=0 euid=0 tty=ssh ruser= rhost=43.255.190.172  user=root
Apr 11 05:12:30 ovzhost sshd[1494]: pam_unix(sshd:auth): authentication failure; logname= uid=0 euid=0 tty=ssh ruser= rhost=43.255.190.159  user=root
Apr 11 05:12:30 ovzhost sshd[1496]: pam_unix(sshd:auth): authentication failure; logname= uid=0 euid=0 tty=ssh ruser= rhost=43.255.190.172  user=root
Apr 11 05:12:31 ovzhost sshd[1494]: Failed password for root from 43.255.190.159 port 36190 ssh2
Apr 11 05:12:32 ovzhost sshd[1496]: Failed password for root from 43.255.190.172 port 43693 ssh2
Apr 11 05:12:36 ovzhost sshd[1494]: message repeated 2 times: [ Failed password for root from 43.255.190.159 port 36190 ssh2]
Apr 11 05:12:37 ovzhost sshd[1494]: Received disconnect from 43.255.190.159: 11:  [preauth]
Apr 11 05:12:37 ovzhost sshd[1494]: PAM 2 more authentication failures; logname= uid=0 euid=0 tty=ssh ruser= rhost=43.255.190.159  user=root
Apr 11 05:12:37 ovzhost sshd[1496]: message repeated 2 times: [ Failed password for root from 43.255.190.172 port 43693 ssh2]
Apr 11 05:12:37 ovzhost sshd[1496]: Received disconnect from 43.255.190.172: 11:  [preauth]
Apr 11 05:12:37 ovzhost sshd[1496]: PAM 2 more authentication failures; logname= uid=0 euid=0 tty=ssh ruser= rhost=43.255.190.172  user=root
Apr 11 05:12:38 ovzhost sshd[1500]: pam_unix(sshd:auth): authentication failure; logname= uid=0 euid=0 tty=ssh ruser= rhost=43.255.190.159  user=root
Apr 11 05:12:38 ovzhost sshd[1502]: pam_unix(sshd:auth): authentication failure; logname= uid=0 euid=0 tty=ssh ruser= rhost=43.255.190.172  user=root
Apr 11 05:12:40 ovzhost sshd[1500]: Failed password for root from 43.255.190.159 port 53419 ssh2
Apr 11 05:12:41 ovzhost sshd[1502]: Failed password for root from 43.255.190.172 port 33977 ssh2
Apr 11 05:12:44 ovzhost sshd[1500]: message repeated 2 times: [ Failed password for root from 43.255.190.159 port 53419 ssh2]
Apr 11 05:12:44 ovzhost sshd[1500]: Received disconnect from 43.255.190.159: 11:  [preauth]
Apr 11 05:12:44 ovzhost sshd[1500]: PAM 2 more authentication failures; logname= uid=0 euid=0 tty=ssh ruser= rhost=43.255.190.159  user=root
Apr 11 05:12:46 ovzhost sshd[1504]: pam_unix(sshd:auth): authentication failure; logname= uid=0 euid=0 tty=ssh ruser= rhost=43.255.190.159  user=root
Apr 11 05:12:46 ovzhost sshd[1502]: message repeated 2 times: [ Failed password for root from 43.255.190.172 port 33977 ssh2]
Apr 11 05:12:46 ovzhost sshd[1502]: Received disconnect from 43.255.190.172: 11:  [preauth]
Apr 11 05:12:46 ovzhost sshd[1502]: PAM 2 more authentication failures; logname= uid=0 euid=0 tty=ssh ruser= rhost=43.255.190.172  user=root
Apr 11 05:12:47 ovzhost sshd[1506]: pam_unix(sshd:auth): authentication failure; logname= uid=0 euid=0 tty=ssh ruser= rhost=43.255.190.172  user=root
Apr 11 05:12:48 ovzhost sshd[1504]: Failed password for root from 43.255.190.159 port 40353 ssh2
Apr 11 05:12:49 ovzhost sshd[1506]: Failed password for root from 43.255.190.172 port 54922 ssh2
Apr 11 05:12:53 ovzhost sshd[1504]: message repeated 2 times: [ Failed password for root from 43.255.190.159 port 40353 ssh2]
Apr 11 05:12:53 ovzhost sshd[1504]: Received disconnect from 43.255.190.159: 11:  [preauth]
Apr 11 05:12:53 ovzhost sshd[1504]: PAM 2 more authentication failures; logname= uid=0 euid=0 tty=ssh ruser= rhost=43.255.190.159  user=root
Apr 11 05:12:53 ovzhost sshd[1506]: message repeated 2 times: [ Failed password for root from 43.255.190.172 port 54922 ssh2]
Apr 11 05:12:53 ovzhost sshd[1506]: Received disconnect from 43.255.190.172: 11:  [preauth]
Apr 11 05:12:53 ovzhost sshd[1506]: PAM 2 more authentication failures; logname= uid=0 euid=0 tty=ssh ruser= rhost=43.255.190.172  user=root
Apr 11 05:12:54 ovzhost sshd[1511]: pam_unix(sshd:auth): authentication failure; logname= uid=0 euid=0 tty=ssh ruser= rhost=43.255.190.172  user=root
Apr 11 05:12:55 ovzhost sshd[1509]: pam_unix(sshd:auth): authentication failure; logname= uid=0 euid=0 tty=ssh ruser= rhost=43.255.190.159  user=root
Apr 11 05:12:56 ovzhost sshd[1511]: Failed password for root from 43.255.190.172 port 43489 ssh2
Apr 11 05:12:57 ovzhost sshd[1509]: Failed password for root from 43.255.190.159 port 59288 ssh2
Apr 11 05:13:01 ovzhost sshd[1511]: message repeated 2 times: [ Failed password for root from 43.255.190.172 port 43489 ssh2]
Apr 11 05:13:01 ovzhost sshd[1511]: Received disconnect from 43.255.190.172: 11:  [preauth]
Apr 11 05:13:01 ovzhost sshd[1511]: PAM 2 more authentication failures; logname= uid=0 euid=0 tty=ssh ruser= rhost=43.255.190.172  user=root
Apr 11 05:13:01 ovzhost sshd[1509]: message repeated 2 times: [ Failed password for root from 43.255.190.159 port 59288 ssh2]
Apr 11 05:13:02 ovzhost sshd[1509]: Received disconnect from 43.255.190.159: 11:  [preauth]
Apr 11 05:13:02 ovzhost sshd[1509]: PAM 2 more authentication failures; logname= uid=0 euid=0 tty=ssh ruser= rhost=43.255.190.159  user=root
Apr 11 05:13:03 ovzhost sshd[1513]: pam_unix(sshd:auth): authentication failure; logname= uid=0 euid=0 tty=ssh ruser= rhost=43.255.190.172  user=root
Apr 11 05:13:04 ovzhost sshd[1513]: Failed password for root from 43.255.190.172 port 34601 ssh2
