Apr 11 05:13:07 ovzhost sshd[1515]: pam_unix(sshd:auth): authentication failure; logname= uid=0 euid=0 tty=ssh ruser= rhost=43.255.190.159  user=root
Apr 11 05:13:09 ovzhost sshd[1515]: Failed password for root from 43.255.190.159 port 50551 ssh2
Apr 11 05:13:10 ovzhost sshd[1513]: message repeated 2 times: [ Failed password for root from 43.255.190.172 port 34601 ssh2]
Apr 11 05:13:11 ovzhost sshd[1513]: Received disconnect from 43.255.190.172: 11:  [preauth]
Apr 11 05:13:11 ovzhost sshd[1513]: PAM 2 more authentication failures; logname= uid=0 euid=0 tty=ssh ruser= rhost=43.255.190.172  user=root
Apr 11 05:13:12 ovzhost sshd[1517]: pam_unix(sshd:auth): authentication failure; logname= uid=0 euid=0 tty=ssh ruser= rhost=43.255.190.172  user=root
Apr 11 05:13:13 ovzhost sshd[1515]: message repeated 2 times: [ Failed password for root from 43.255.190.159 port 50551 ssh2]
Apr 11 05:13:14 ovzhost sshd[1515]: Received disconnect from 43.255.190.159: 11:  [preauth]
Apr 11 05:13:14 ovzhost sshd[1515]: PAM 2 more authentication failures; logname= uid=0 euid=0 tty=ssh ruser= rhost=43.255.190.159  user=root
Apr 11 05:13:14 ovzhost sshd[1517]: Failed password for root from 43.255.190.172 port 33141 ssh2
Apr 11 05:13:15 ovzhost sshd[1519]: pam_unix(sshd:auth): authentication failure; logname= uid=0 euid=0 tty=ssh ruser= rhost=43.255.190.159  user=root
Apr 11 05:13:17 ovzhost sshd[1519]: Failed password for root from 43.255.190.159 port 45447 ssh2
Apr 11 05:13:19 ovzhost sshd[1517]: message repeated 2 times: [ Failed password for root from 43.255.190.172 port 33141 ssh2]
Apr 11 05:13:19 ovzhost sshd[1517]: Received disconnect from 43.255.190.172: 11:  [preauth]
Apr 11 05:13:19 ovzhost sshd[1517]: PAM 2 more authentication failures; logname= uid=0 euid=0 tty=ssh ruser= rhost=43.255.190.172  user=root
Apr 11 05:13:21 ovzhost sshd[1523]: pam_unix(sshd:auth): authentication failure; logname= uid=0 euid=0 tty=ssh ruser= rhost=43.255.190.172  user=root
Apr 11 05:13:22 ovzhost sshd[1519]: message repeated 2 times: [ Failed password for root from 43.255.190.159 port 45447 ssh2]
Apr 11 05:13:22 ovzhost sshd[1519]: Received disconnect from 43.255.190.159: 11:  [preauth]
Apr 11 05:13:22 ovzhost sshd[1519]: PAM 2 more authentication failures; logname= uid=0 euid=0 tty=ssh ruser= rhost=43.255.190.159  user=root
Apr 11 05:13:23 ovzhost sshd[1525]: pam_unix(sshd:auth): authentication failure; logname= uid=0 euid=0 tty=ssh ruser= rhost=43.255.190.159  user=root
Apr 11 05:13:24 ovzhost sshd[1523]: Failed password for root from 43.255.190.172 port 53675 ssh2
Apr 11 05:13:24 ovzhost sshd[1525]: Failed password for root from 43.255.190.159 port 34856 ssh2
Apr 11 05:13:29 ovzhost sshd[1523]: message repeated 2 times: [ Failed password for root from 43.255.190.172 port 53675 ssh2]
Apr 11 05:13:29 ovzhost sshd[1523]: Received disconnect from 43.255.190.172: 11:  [preauth]
Apr 11 05:13:29 ovzhost sshd[1523]: PAM 2 more authentication failures; logname= uid=0 euid=0 tty=ssh ruser= rhost=43.255.190.172  user=root
Apr 11 05:13:29 ovzhost sshd[1525]: message repeated 2 times: [ Failed password for root from 43.255.190.159 port 34856 ssh2]
Apr 11 05:13:29 ovzhost sshd[1525]: Received disconnect from 43.255.190.159: 11:  [preauth]
Apr 11 05:13:29 ovzhost sshd[1525]: PAM 2 more authentication failures; logname= uid=0 euid=0 tty=ssh ruser= rhost=43.255.190.159  user=root
Apr 11 05:13:31 ovzhost sshd[1529]: pam_unix(sshd:auth): authentication failure; logname= uid=0 euid=0 tty=ssh ruser= rhost=43.255.190.159  user=root
Apr 11 05:13:32 ovzhost sshd[1529]: Failed password for root from 43.255.190.159 port 50674 ssh2
Apr 11 05:13:35 ovzhost sshd[1527]: pam_unix(sshd:auth): authentication failure; logname= uid=0 euid=0 tty=ssh ruser= rhost=43.255.190.172  user=root
Apr 11 05:13:38 ovzhost sshd[1527]: Failed password for root from 43.255.190.172 port 49236 ssh2
Apr 11 05:13:38 ovzhost sshd[1529]: message repeated 2 times: [ Failed password for root from 43.255.190.159 port 50674 ssh2]
Apr 11 05:13:39 ovzhost sshd[1529]: Received disconnect from 43.255.190.159: 11:  [preauth]
Apr 11 05:13:39 ovzhost sshd[1529]: PAM 2 more authentication failures; logname= uid=0 euid=0 tty=ssh ruser= rhost=43.255.190.159  user=root
Apr 11 05:13:40 ovzhost sshd[1531]: pam_unix(sshd:auth): authentication failure; logname= uid=0 euid=0 tty=ssh ruser= rhost=43.255.190.159  user=root
Apr 11 05:13:42 ovzhost sshd[1531]: Failed password for root from 43.255.190.159 port 40706 ssh2
Apr 11 05:13:42 ovzhost sshd[1527]: message repeated 2 times: [ Failed password for root from 43.255.190.172 port 49236 ssh2]
Apr 11 05:13:42 ovzhost sshd[1527]: Received disconnect from 43.255.190.172: 11:  [preauth]
Apr 11 05:13:42 ovzhost sshd[1527]: PAM 2 more authentication failures; logname= uid=0 euid=0 tty=ssh ruser= rhost=43.255.190.172  user=root
Apr 11 05:13:47 ovzhost sshd[1533]: pam_unix(sshd:auth): authentication failure; logname= uid=0 euid=0 tty=ssh ruser= rhost=43.255.190.172  user=root
Apr 11 05:13:49 ovzhost sshd[1533]: Failed password for root from 43.255.190.172 port 54824 ssh2
Apr 11 05:13:48 ovzhost sshd[1531]: message repeated 2 times: [ Failed password for root from 43.255.190.159 port 40706 ssh2]
Apr 11 05:13:49 ovzhost sshd[1531]: Received disconnect from 43.255.190.159: 11:  [preauth]
Apr 11 05:13:49 ovzhost sshd[1531]: PAM 2 more authentication failures; logname= uid=0 euid=0 tty=ssh ruser= rhost=43.255.190.159  user=root
Apr 11 05:13:50 ovzhost sshd[1535]: pam_unix(sshd:auth): authentication failure; logname= uid=0 euid=0 tty=ssh ruser= rhost=43.255.190.159  user=root
Apr 11 05:13:52 ovzhost sshd[1535]: Failed password for root from 43.255.190.159 port 60866 ssh2
Apr 11 05:13:54 ovzhost sshd[1533]: message repeated 2 times: [ Failed password for root from 43.255.190.172 port 54824 ssh2]
Apr 11 05:13:54 ovzhost sshd[1533]: Received disconnect from 43.255.190.172: 11:  [preauth]
Apr 11 05:13:54 ovzhost sshd[1533]: PAM 2 more authentication failures; logname= uid=0 euid=0 tty=ssh ruser= rhost=43.255.190.172  user=root
Apr 11 05:13:56 ovzhost sshd[1535]: message repeated 2 times: [ Failed password for root from 43.255.190.159 port 60866 ssh2]
Apr 11 05:13:56 ovzhost sshd[1535]: Received disconnect from 43.255.190.159: 11:  [preauth]
Apr 11 05:13:56 ovzhost sshd[1535]: PAM 2 more authentication failures; logname= uid=0 euid=0 tty=ssh ruser= rhost=43.255.190.159  user=root
Apr 11 05:13:57 ovzhost sshd[1539]: pam_unix(sshd:auth): authentication failure; logname= uid=0 euid=0 tty=ssh ruser= rhost=43.255.190.172  user=root
Apr 11 05:13:57 ovzhost sshd[1541]: pam_unix(sshd:auth): authentication failure; logname= uid=0 euid=0 tty=ssh ruser= rhost=43.255.190.159  user=root
Apr 11 05:14:00 ovzhost sshd[1539]: Failed password for root from 43.255.190.172 port 57419 ssh2
Apr 11 05:14:00 ovzhost sshd[1541]: Failed password for root from 43.255.190.159 port 48289 ssh2
Apr 11 05:14:04 ovzhost sshd[1541]: message repeated 2 times: [ Failed password for root from 43.255.190.159 port 48289 ssh2]
Apr 11 05:14:04 ovzhost sshd[1541]: Received disconnect from 43.255.190.159: 11:  [preauth]
Apr 11 05:14:04 ovzhost sshd[1541]: PAM 2 more authentication failures; logname= uid=0 euid=0 tty=ssh ruser= rhost=43.255.190.159  user=root
Apr 11 05:14:04 ovzhost sshd[1539]: message repeated 2 times: [ Failed password for root from 43.255.190.172 port 57419 ssh2]
Apr 11 05:14:04 ovzhost sshd[1539]: Received disconnect from 43.255.190.172: 11:  [preauth]
Apr 11 05:14:04 ovzhost sshd[1539]: PAM 2 more authentication failures; logname= uid=0 euid=0 tty=ssh ruser= rhost=43.255.190.172  user=root
Apr 11 05:14:05 ovzhost sshd[1543]: pam_unix(sshd:auth): authentication failure; logname= uid=0 euid=0 tty=ssh ruser= rhost=43.255.190.159  user=root
Apr 11 05:14:05 ovzhost sshd[1545]: pam_unix(sshd:auth): authentication failure; logname= uid=0 euid=0 tty=ssh ruser= rhost=43.255.190.172  user=root
Apr 11 05:14:07 ovzhost sshd[1543]: Failed password for root from 43.255.190.159 port 36464 ssh2
Apr 11 05:14:07 ovzhost sshd[1545]: Failed password for root from 43.255.190.172 port 58212 ssh2
Apr 11 05:14:12 ovzhost sshd[1543]: message repeated 2 times: [ Failed password for root from 43.255.190.159 port 36464 ssh2]
Apr 11 05:14:12 ovzhost sshd[1543]: Received disconnect from 43.255.190.159: 11:  [preauth]
Apr 11 05:14:12 ovzhost sshd[1543]: PAM 2 more authentication failures; logname= uid=0 euid=0 tty=ssh ruser= rhost=43.255.190.159  user=root
Apr 11 05:14:13 ovzhost sshd[1547]: pam_unix(sshd:auth): authentication failure; logname= uid=0 euid=0 tty=ssh ruser= rhost=43.255.190.159  user=root
Apr 11 05:14:12 ovzhost sshd[1545]: message repeated 2 times: [ Failed password for root from 43.255.190.172 port 58212 ssh2]
Apr 11 05:14:14 ovzhost sshd[1545]: Received disconnect from 43.255.190.172: 11:  [preauth]
Apr 11 05:14:14 ovzhost sshd[1545]: PAM 2 more authentication failures; logname= uid=0 euid=0 tty=ssh ruser= rhost=43.255.190.172  user=root
Apr 11 05:14:15 ovzhost sshd[1547]: Failed password for root from 43.255.190.159 port 55164 ssh2
Apr 11 05:14:16 ovzhost sshd[1550]: pam_unix(sshd:auth): authentication failure; logname= uid=0 euid=0 tty=ssh ruser= rhost=43.255.190.172  user=root
Apr 11 05:14:18 ovzhost sshd[1550]: Failed password for root from 43.255.190.172 port 56025 ssh2
Apr 11 05:14:19 ovzhost sshd[1547]: message repeated 2 times: [ Failed password for root from 43.255.190.159 port 55164 ssh2]
Apr 11 05:14:19 ovzhost sshd[1547]: Received disconnect from 43.255.190.159: 11:  [preauth]
Apr 11 05:14:19 ovzhost sshd[1547]: PAM 2 more authentication failures; logname= uid=0 euid=0 tty=ssh ruser= rhost=43.255.190.159  user=root
Apr 11 05:14:22 ovzhost sshd[1552]: pam_unix(sshd:auth): authentication failure; logname= uid=0 euid=0 tty=ssh ruser= rhost=43.255.190.159  user=root
Apr 11 05:14:23 ovzhost sshd[1550]: message repeated 2 times: [ Failed password for root from 43.255.190.172 port 56025 ssh2]
Apr 11 05:14:23 ovzhost sshd[1550]: Received disconnect from 43.255.190.172: 11:  [preauth]
Apr 11 05:14:23 ovzhost sshd[1550]: PAM 2 more authentication failures; logname= uid=0 euid=0 tty=ssh ruser= rhost=43.255.190.172  user=root
Apr 11 05:14:25 ovzhost sshd[1552]: Failed password for root from 43.255.190.159 port 42388 ssh2
Apr 11 05:14:25 ovzhost sshd[1554]: pam_unix(sshd:auth): authentication failure; logname= uid=0 euid=0 tty=ssh ruser= rhost=43.255.190.172  user=root
Apr 11 05:14:27 ovzhost sshd[1554]: Failed password for root from 43.255.190.172 port 50967 ssh2
Apr 11 05:14:28 ovzhost sshd[1552]: message repeated 2 times: [ Failed password for root from 43.255.190.159 port 42388 ssh2]
Apr 11 05:14:28 ovzhost sshd[1552]: Received disconnect from 43.255.190.159: 11:  [preauth]
Apr 11 05:14:28 ovzhost sshd[1552]: PAM 2 more authentication failures; logname= uid=0 euid=0 tty=ssh ruser= rhost=43.255.190.159  user=root
Apr 11 05:14:31 ovzhost sshd[1554]: message repeated 2 times: [ Failed password for root from 43.255.190.172 port 50967 ssh2]
Apr 11 05:14:31 ovzhost sshd[1554]: Received disconnect from 43.255.190.172: 11:  [preauth]
Apr 11 05:14:31 ovzhost sshd[1554]: PAM 2 more authentication failures; logname= uid=0 euid=0 tty=ssh ruser= rhost=43.255.190.172  user=root
Apr 11 05:14:32 ovzhost sshd[1556]: pam_unix(sshd:auth): authentication failure; logname= uid=0 euid=0 tty=ssh ruser= rhost=43.255.190.159  user=root
Apr 11 05:14:32 ovzhost sshd[1558]: pam_unix(sshd:auth): authentication failure; logname= uid=0 euid=0 tty=ssh ruser= rhost=43.255.190.172  user=root
Apr 11 05:14:34 ovzhost sshd[1556]: Failed password for root from 43.255.190.159 port 32943 ssh2
Apr 11 05:14:34 ovzhost sshd[1558]: Failed password for root from 43.255.190.172 port 44267 ssh2
Apr 11 05:14:38 ovzhost sshd[1556]: message repeated 2 times: [ Failed password for root from 43.255.190.159 port 32943 ssh2]
Apr 11 05:14:38 ovzhost sshd[1556]: Received disconnect from 43.255.190.159: 11:  [preauth]
Apr 11 05:14:38 ovzhost sshd[1556]: PAM 2 more authentication failures; logname= uid=0 euid=0 tty=ssh ruser= rhost=43.255.190.159  user=root
Apr 11 05:14:38 ovzhost sshd[1558]: message repeated 2 times: [ Failed password for root from 43.255.190.172 port 44267 ssh2]
Apr 11 05:14:38 ovzhost sshd[1558]: Received disconnect from 43.255.190.172: 11:  [preauth]
Apr 11 05:14:38 ovzhost sshd[1558]: PAM 2 more authentication failures; logname= uid=0 euid=0 tty=ssh ruser= rhost=43.255.190.172  user=root
Apr 11 05:14:40 ovzhost sshd[1560]: pam_unix(sshd:auth): authentication failure; logname= uid=0 euid=0 tty=ssh ruser= rhost=43.255.190.159  user=root
Apr 11 05:14:41 ovzhost sshd[1560]: Failed password for root from 43.255.190.159 port 55569 ssh2
Apr 11 05:14:44 ovzhost sshd[1562]: pam_unix(sshd:auth): authentication failure; logname= uid=0 euid=0 tty=ssh ruser= rhost=43.255.190.172  user=root
Apr 11 05:14:46 ovzhost sshd[1562]: Failed password for root from 43.255.190.172 port 34268 ssh2
Apr 11 05:14:46 ovzhost sshd[1560]: message repeated 2 times: [ Failed password for root from 43.255.190.159 port 55569 ssh2]
Apr 11 05:14:46 ovzhost sshd[1560]: Received disconnect from 43.255.190.159: 11:  [preauth]
Apr 11 05:14:46 ovzhost sshd[1560]: PAM 2 more authentication failures; logname= uid=0 euid=0 tty=ssh ruser= rhost=43.255.190.159  user=root
Apr 11 05:14:48 ovzhost sshd[1564]: pam_unix(sshd:auth): authentication failure; logname= uid=0 euid=0 tty=ssh ruser= rhost=43.255.190.159  user=root
Apr 11 05:14:50 ovzhost sshd[1564]: Failed password for root from 43.255.190.159 port 44430 ssh2
Apr 11 05:14:50 ovzhost sshd[1562]: message repeated 2 times: [ Failed password for root from 43.255.190.172 port 34268 ssh2]
Apr 11 05:14:50 ovzhost sshd[1562]: Received disconnect from 43.255.190.172: 11:  [preauth]
Apr 11 05:14:50 ovzhost sshd[1562]: PAM 2 more authentication failures; logname= uid=0 euid=0 tty=ssh ruser= rhost=43.255.190.172  user=root
Apr 11 05:14:52 ovzhost sshd[1566]: pam_unix(sshd:auth): authentication failure; logname= uid=0 euid=0 tty=ssh ruser= rhost=43.255.190.172  user=root
Apr 11 05:14:53 ovzhost sshd[1566]: Failed password for root from 43.255.190.172 port 35030 ssh2
Apr 11 05:14:53 ovzhost sshd[1564]: message repeated 2 times: [ Failed password for root from 43.255.190.159 port 44430 ssh2]
Apr 11 05:14:54 ovzhost sshd[1564]: Received disconnect from 43.255.190.159: 11:  [preauth]
Apr 11 05:14:54 ovzhost sshd[1564]: PAM 2 more authentication failures; logname= uid=0 euid=0 tty=ssh ruser= rhost=43.255.190.159  user=root
Apr 11 05:14:55 ovzhost sshd[1569]: pam_unix(sshd:auth): authentication failure; logname= uid=0 euid=0 tty=ssh ruser= rhost=43.255.190.159  user=root
Apr 11 05:14:57 ovzhost sshd[1569]: Failed password for root from 43.255.190.159 port 34015 ssh2
Apr 11 05:14:58 ovzhost sshd[1566]: message repeated 2 times: [ Failed password for root from 43.255.190.172 port 35030 ssh2]
Apr 11 05:14:58 ovzhost sshd[1566]: Received disconnect from 43.255.190.172: 11:  [preauth]
Apr 11 05:14:58 ovzhost sshd[1566]: PAM 2 more authentication failures; logname= uid=0 euid=0 tty=ssh ruser= rhost=43.255.190.172  user=root
Apr 11 05:15:00 ovzhost sshd[1571]: pam_unix(sshd:auth): authentication failure; logname= uid=0 euid=0 tty=ssh ruser= rhost=43.255.190.172  user=root
Apr 11 05:15:01 ovzhost sshd[1569]: message repeated 2 times: [ Failed password for root from 43.255.190.159 port 34015 ssh2]
Apr 11 05:15:02 ovzhost sshd[1569]: Received disconnect from 43.255.190.159: 11:  [preauth]
Apr 11 05:15:02 ovzhost sshd[1569]: PAM 2 more authentication failures; logname= uid=0 euid=0 tty=ssh ruser= rhost=43.255.190.159  user=root
Apr 11 05:15:02 ovzhost sshd[1571]: Failed password for root from 43.255.190.172 port 57076 ssh2
Apr 11 05:15:04 ovzhost sshd[1573]: pam_unix(sshd:auth): authentication failure; logname= uid=0 euid=0 tty=ssh ruser= rhost=43.255.190.159  user=root
Apr 11 05:15:06 ovzhost sshd[1573]: Failed password for root from 43.255.190.159 port 52071 ssh2
Apr 11 05:15:06 ovzhost sshd[1571]: message repeated 2 times: [ Failed password for root from 43.255.190.172 port 57076 ssh2]
Apr 11 05:15:07 ovzhost sshd[1571]: Received disconnect from 43.255.190.172: 11:  [preauth]
Apr 11 05:15:07 ovzhost sshd[1571]: PAM 2 more authentication failures; logname= uid=0 euid=0 tty=ssh ruser= rhost=43.255.190.172  user=root
Apr 11 05:15:08 ovzhost sshd[1575]: pam_unix(sshd:auth): authentication failure; logname= uid=0 euid=0 tty=ssh ruser= rhost=43.255.190.172  user=root
Apr 11 05:15:09 ovzhost sshd[1575]: Failed password for root from 43.255.190.172 port 50037 ssh2
Apr 11 05:15:11 ovzhost sshd[1573]: message repeated 2 times: [ Failed password for root from 43.255.190.159 port 52071 ssh2]
Apr 11 05:15:14 ovzhost sshd[1573]: Received disconnect from 43.255.190.159: 11:  [preauth]
Apr 11 05:15:14 ovzhost sshd[1573]: PAM 2 more authentication failures; logname= uid=0 euid=0 tty=ssh ruser= rhost=43.255.190.159  user=root
Apr 11 05:15:14 ovzhost sshd[1575]: message repeated 2 times: [ Failed password for root from 43.255.190.172 port 50037 ssh2]
Apr 11 05:15:14 ovzhost sshd[1575]: Received disconnect from 43.255.190.172: 11:  [preauth]
Apr 11 05:15:14 ovzhost sshd[1575]: PAM 2 more authentication failures; logname= uid=0 euid=0 tty=ssh ruser= rhost=43.255.190.172  user=root
Apr 11 05:15:15 ovzhost sshd[1579]: pam_unix(sshd:auth): authentication failure; logname= uid=0 euid=0 tty=ssh ruser= rhost=43.255.190.172  user=root
Apr 11 05:15:16 ovzhost sshd[1577]: pam_unix(sshd:auth): authentication failure; logname= uid=0 euid=0 tty=ssh ruser= rhost=43.255.190.159  user=root
Apr 11 05:15:17 ovzhost sshd[1579]: Failed password for root from 43.255.190.172 port 41904 ssh2
Apr 11 05:15:17 ovzhost sshd[1577]: Failed password for root from 43.255.190.159 port 51958 ssh2
Apr 11 05:15:22 ovzhost sshd[1577]: message repeated 2 times: [ Failed password for root from 43.255.190.159 port 51958 ssh2]
Apr 11 05:15:22 ovzhost sshd[1577]: Received disconnect from 43.255.190.159: 11:  [preauth]
Apr 11 05:15:22 ovzhost sshd[1577]: PAM 2 more authentication failures; logname= uid=0 euid=0 tty=ssh ruser= rhost=43.255.190.159  user=root
Apr 11 05:15:23 ovzhost sshd[1581]: pam_unix(sshd:auth): authentication failure; logname= uid=0 euid=0 tty=ssh ruser= rhost=43.255.190.159  user=root
Apr 11 05:15:22 ovzhost sshd[1579]: message repeated 2 times: [ Failed password for root from 43.255.190.172 port 41904 ssh2]
Apr 11 05:15:23 ovzhost sshd[1579]: Received disconnect from 43.255.190.172: 11:  [preauth]
Apr 11 05:15:23 ovzhost sshd[1579]: PAM 2 more authentication failures; logname= uid=0 euid=0 tty=ssh ruser= rhost=43.255.190.172  user=root
Apr 11 05:15:25 ovzhost sshd[1581]: Failed password for root from 43.255.190.159 port 42587 ssh2
Apr 11 05:15:29 ovzhost sshd[1581]: message repeated 2 times: [ Failed password for root from 43.255.190.159 port 42587 ssh2]
Apr 11 05:15:29 ovzhost sshd[1581]: Received disconnect from 43.255.190.159: 11:  [preauth]
Apr 11 05:15:29 ovzhost sshd[1581]: PAM 2 more authentication failures; logname= uid=0 euid=0 tty=ssh ruser= rhost=43.255.190.159  user=root
Apr 11 05:15:29 ovzhost sshd[1583]: pam_unix(sshd:auth): authentication failure; logname= uid=0 euid=0 tty=ssh ruser= rhost=43.255.190.172  user=root
Apr 11 05:15:30 ovzhost sshd[1585]: pam_unix(sshd:auth): authentication failure; logname= uid=0 euid=0 tty=ssh ruser= rhost=43.255.190.159  user=root
Apr 11 05:15:31 ovzhost sshd[1583]: Failed password for root from 43.255.190.172 port 36892 ssh2
Apr 11 05:15:32 ovzhost sshd[1585]: Failed password for root from 43.255.190.159 port 58514 ssh2
Apr 11 05:15:35 ovzhost sshd[1583]: message repeated 2 times: [ Failed password for root from 43.255.190.172 port 36892 ssh2]
Apr 11 05:15:36 ovzhost sshd[1583]: Received disconnect from 43.255.190.172: 11:  [preauth]
Apr 11 05:15:36 ovzhost sshd[1583]: PAM 2 more authentication failures; logname= uid=0 euid=0 tty=ssh ruser= rhost=43.255.190.172  user=root
Apr 11 05:15:37 ovzhost sshd[1585]: message repeated 2 times: [ Failed password for root from 43.255.190.159 port 58514 ssh2]
Apr 11 05:15:37 ovzhost sshd[1585]: Received disconnect from 43.255.190.159: 11:  [preauth]
Apr 11 05:15:37 ovzhost sshd[1585]: PAM 2 more authentication failures; logname= uid=0 euid=0 tty=ssh ruser= rhost=43.255.190.159  user=root
Apr 11 05:15:39 ovzhost sshd[1587]: pam_unix(sshd:auth): authentication failure; logname= uid=0 euid=0 tty=ssh ruser= rhost=43.255.190.159  user=root
Apr 11 05:15:40 ovzhost sshd[1587]: Failed password for root from 43.255.190.159 port 48533 ssh2
Apr 11 05:15:44 ovzhost sshd[1587]: message repeated 2 times: [ Failed password for root from 43.255.190.159 port 48533 ssh2]
Apr 11 05:15:45 ovzhost sshd[1587]: Received disconnect from 43.255.190.159: 11:  [preauth]
Apr 11 05:15:45 ovzhost sshd[1587]: PAM 2 more authentication failures; logname= uid=0 euid=0 tty=ssh ruser= rhost=43.255.190.159  user=root
Apr 11 05:15:45 ovzhost sshd[1589]: pam_unix(sshd:auth): authentication failure; logname= uid=0 euid=0 tty=ssh ruser= rhost=43.255.190.159  user=root
Apr 11 05:15:47 ovzhost sshd[1589]: Failed password for root from 43.255.190.159 port 37679 ssh2
Apr 11 05:15:51 ovzhost sshd[1589]: message repeated 2 times: [ Failed password for root from 43.255.190.159 port 37679 ssh2]
Apr 11 05:15:51 ovzhost sshd[1589]: Received disconnect from 43.255.190.159: 11:  [preauth]
Apr 11 05:15:51 ovzhost sshd[1589]: PAM 2 more authentication failures; logname= uid=0 euid=0 tty=ssh ruser= rhost=43.255.190.159  user=root
Apr 11 05:15:52 ovzhost sshd[1591]: pam_unix(sshd:auth): authentication failure; logname= uid=0 euid=0 tty=ssh ruser= rhost=43.255.190.159  user=root
Apr 11 05:15:53 ovzhost sshd[1591]: Failed password for root from 43.255.190.159 port 52963 ssh2
Apr 11 05:15:58 ovzhost sshd[1591]: message repeated 2 times: [ Failed password for root from 43.255.190.159 port 52963 ssh2]
Apr 11 05:15:58 ovzhost sshd[1591]: Received disconnect from 43.255.190.159: 11:  [preauth]
Apr 11 05:15:58 ovzhost sshd[1591]: PAM 2 more authentication failures; logname= uid=0 euid=0 tty=ssh ruser= rhost=43.255.190.159  user=root
Apr 11 05:15:59 ovzhost sshd[1593]: pam_unix(sshd:auth): authentication failure; logname= uid=0 euid=0 tty=ssh ruser= rhost=43.255.190.159  user=root
Apr 11 05:16:00 ovzhost sshd[1593]: Failed password for root from 43.255.190.159 port 41041 ssh2
Apr 11 05:16:04 ovzhost sshd[1593]: message repeated 2 times: [ Failed password for root from 43.255.190.159 port 41041 ssh2]
Apr 11 05:16:05 ovzhost sshd[1593]: Received disconnect from 43.255.190.159: 11:  [preauth]
Apr 11 05:16:05 ovzhost sshd[1593]: PAM 2 more authentication failures; logname= uid=0 euid=0 tty=ssh ruser= rhost=43.255.190.159  user=root
Apr 11 05:16:06 ovzhost sshd[1597]: pam_unix(sshd:auth): authentication failure; logname= uid=0 euid=0 tty=ssh ruser= rhost=43.255.190.159  user=root
Apr 11 05:16:08 ovzhost sshd[1597]: Failed password for root from 43.255.190.159 port 55831 ssh2
Apr 11 05:16:12 ovzhost sshd[1597]: message repeated 2 times: [ Failed password for root from 43.255.190.159 port 55831 ssh2]
Apr 11 05:16:12 ovzhost sshd[1597]: Received disconnect from 43.255.190.159: 11:  [preauth]
Apr 11 05:16:12 ovzhost sshd[1597]: PAM 2 more authentication failures; logname= uid=0 euid=0 tty=ssh ruser= rhost=43.255.190.159  user=root
Apr 11 05:16:12 ovzhost sshd[1599]: pam_unix(sshd:auth): authentication failure; logname= uid=0 euid=0 tty=ssh ruser= rhost=43.255.190.159  user=root
Apr 11 05:16:14 ovzhost sshd[1599]: Failed password for root from 43.255.190.159 port 43700 ssh2
Apr 11 05:16:18 ovzhost sshd[1599]: message repeated 2 times: [ Failed password for root from 43.255.190.159 port 43700 ssh2]
Apr 11 05:16:18 ovzhost sshd[1599]: Received disconnect from 43.255.190.159: 11:  [preauth]
Apr 11 05:16:18 ovzhost sshd[1599]: PAM 2 more authentication failures; logname= uid=0 euid=0 tty=ssh ruser= rhost=43.255.190.159  user=root
Apr 11 05:16:19 ovzhost sshd[1603]: pam_unix(sshd:auth): authentication failure; logname= uid=0 euid=0 tty=ssh ruser= rhost=43.255.190.159  user=root
Apr 11 05:16:21 ovzhost sshd[1603]: Failed password for root from 43.255.190.159 port 59451 ssh2
Apr 11 05:16:24 ovzhost sshd[1603]: message repeated 2 times: [ Failed password for root from 43.255.190.159 port 59451 ssh2]
Apr 11 05:16:24 ovzhost sshd[1603]: Received disconnect from 43.255.190.159: 11:  [preauth]
Apr 11 05:16:24 ovzhost sshd[1603]: PAM 2 more authentication failures; logname= uid=0 euid=0 tty=ssh ruser= rhost=43.255.190.159  user=root
Apr 11 05:16:25 ovzhost sshd[1607]: pam_unix(sshd:auth): authentication failure; logname= uid=0 euid=0 tty=ssh ruser= rhost=43.255.190.159  user=root
Apr 11 05:16:28 ovzhost sshd[1607]: Failed password for root from 43.255.190.159 port 45760 ssh2
Apr 11 05:16:32 ovzhost sshd[1607]: message repeated 2 times: [ Failed password for root from 43.255.190.159 port 45760 ssh2]
Apr 11 05:16:32 ovzhost sshd[1607]: Received disconnect from 43.255.190.159: 11:  [preauth]
Apr 11 05:16:32 ovzhost sshd[1607]: PAM 2 more authentication failures; logname= uid=0 euid=0 tty=ssh ruser= rhost=43.255.190.159  user=root
Apr 11 05:16:32 ovzhost sshd[1609]: pam_unix(sshd:auth): authentication failure; logname= uid=0 euid=0 tty=ssh ruser= rhost=43.255.190.159  user=root
Apr 11 05:16:35 ovzhost sshd[1609]: Failed password for root from 43.255.190.159 port 59986 ssh2
Apr 11 05:16:38 ovzhost sshd[1609]: message repeated 2 times: [ Failed password for root from 43.255.190.159 port 59986 ssh2]
Apr 11 05:16:38 ovzhost sshd[1609]: Received disconnect from 43.255.190.159: 11:  [preauth]
Apr 11 05:16:38 ovzhost sshd[1609]: PAM 2 more authentication failures; logname= uid=0 euid=0 tty=ssh ruser= rhost=43.255.190.159  user=root
Apr 11 05:16:39 ovzhost sshd[1611]: pam_unix(sshd:auth): authentication failure; logname= uid=0 euid=0 tty=ssh ruser= rhost=43.255.190.159  user=root
Apr 11 05:16:41 ovzhost sshd[1611]: Failed password for root from 43.255.190.159 port 47618 ssh2
Apr 11 05:16:45 ovzhost sshd[1611]: message repeated 2 times: [ Failed password for root from 43.255.190.159 port 47618 ssh2]
Apr 11 05:16:45 ovzhost sshd[1611]: Received disconnect from 43.255.190.159: 11:  [preauth]
Apr 11 05:16:45 ovzhost sshd[1611]: PAM 2 more authentication failures; logname= uid=0 euid=0 tty=ssh ruser= rhost=43.255.190.159  user=root
Apr 11 05:16:46 ovzhost sshd[1613]: pam_unix(sshd:auth): authentication failure; logname= uid=0 euid=0 tty=ssh ruser= rhost=43.255.190.159  user=root
Apr 11 05:16:47 ovzhost sshd[1613]: Failed password for root from 43.255.190.159 port 34586 ssh2
Apr 11 05:16:51 ovzhost sshd[1613]: message repeated 2 times: [ Failed password for root from 43.255.190.159 port 34586 ssh2]
Apr 11 05:16:52 ovzhost sshd[1613]: Received disconnect from 43.255.190.159: 11:  [preauth]
Apr 11 05:16:52 ovzhost sshd[1613]: PAM 2 more authentication failures; logname= uid=0 euid=0 tty=ssh ruser= rhost=43.255.190.159  user=root
Apr 11 05:17:26 ovzhost sshd[1618]: Connection closed by 127.0.0.1 [preauth]
Apr 11 05:20:01 ovzhost CRON[1632]: pam_env(cron:session): Unable to open env file: /etc/default/locale: No such file or directory
Apr 11 05:20:01 ovzhost CRON[1632]: pam_unix(cron:session): session opened for user smmsp by (uid=0)
Apr 11 05:20:01 ovzhost CRON[1632]: pam_unix(cron:session): session closed for user smmsp
Apr 11 05:20:23 ovzhost sshd[1659]: Connection closed by 128.8.37.104 [preauth]
Apr 11 05:22:26 ovzhost sshd[1669]: Connection closed by 127.0.0.1 [preauth]
Apr 11 05:27:26 ovzhost sshd[1689]: Connection closed by 127.0.0.1 [preauth]
Apr 11 05:30:00 ovzhost sshd[1703]: Invalid user ychs from 221.146.74.146
Apr 11 05:30:00 ovzhost sshd[1703]: input_userauth_request: invalid user ychs [preauth]
Apr 11 05:30:00 ovzhost sshd[1703]: pam_unix(sshd:auth): check pass; user unknown
Apr 11 05:30:00 ovzhost sshd[1703]: pam_unix(sshd:auth): authentication failure; logname= uid=0 euid=0 tty=ssh ruser= rhost=221.146.74.146 
Apr 11 05:30:02 ovzhost sshd[1703]: Failed password for invalid user ychs from 221.146.74.146 port 22469 ssh2
Apr 11 05:30:02 ovzhost sshd[1703]: Connection closed by 221.146.74.146 [preauth]
Apr 11 05:30:23 ovzhost sshd[1706]: Connection closed by 128.8.37.104 [preauth]
Apr 11 05:32:24 ovzhost sshd[1708]: Did not receive identification string from 211.153.82.234
Apr 11 05:32:26 ovzhost sshd[1717]: Connection closed by 127.0.0.1 [preauth]
