Apr 11 09:03:08 ovzhost sshd[1118]: PAM 2 more authentication failures; logname= uid=0 euid=0 tty=ssh ruser= rhost=221.229.166.98  user=root
Apr 11 09:03:10 ovzhost sshd[1121]: pam_unix(sshd:auth): authentication failure; logname= uid=0 euid=0 tty=ssh ruser= rhost=221.229.166.98  user=root
Apr 11 09:03:12 ovzhost sshd[1121]: Failed password for root from 221.229.166.98 port 53279 ssh2
Apr 11 09:03:16 ovzhost sshd[1121]: message repeated 2 times: [ Failed password for root from 221.229.166.98 port 53279 ssh2]
Apr 11 09:03:17 ovzhost sshd[1121]: Received disconnect from 221.229.166.98: 11:  [preauth]
Apr 11 09:03:17 ovzhost sshd[1121]: PAM 2 more authentication failures; logname= uid=0 euid=0 tty=ssh ruser= rhost=221.229.166.98  user=root
Apr 11 09:03:20 ovzhost sshd[1125]: pam_unix(sshd:auth): authentication failure; logname= uid=0 euid=0 tty=ssh ruser= rhost=221.229.166.98  user=root
Apr 11 09:03:22 ovzhost sshd[1125]: Failed password for root from 221.229.166.98 port 42898 ssh2
Apr 11 09:03:32 ovzhost sshd[1125]: message repeated 2 times: [ Failed password for root from 221.229.166.98 port 42898 ssh2]
Apr 11 09:03:32 ovzhost sshd[1125]: Received disconnect from 221.229.166.98: 11:  [preauth]
Apr 11 09:03:32 ovzhost sshd[1125]: PAM 2 more authentication failures; logname= uid=0 euid=0 tty=ssh ruser= rhost=221.229.166.98  user=root
Apr 11 09:03:36 ovzhost sshd[1127]: pam_unix(sshd:auth): authentication failure; logname= uid=0 euid=0 tty=ssh ruser= rhost=221.229.166.98  user=root
Apr 11 09:03:38 ovzhost sshd[1127]: Failed password for root from 221.229.166.98 port 42854 ssh2
Apr 11 09:03:43 ovzhost sshd[1127]: message repeated 2 times: [ Failed password for root from 221.229.166.98 port 42854 ssh2]
Apr 11 09:03:43 ovzhost sshd[1127]: Received disconnect from 221.229.166.98: 11:  [preauth]
Apr 11 09:03:43 ovzhost sshd[1127]: PAM 2 more authentication failures; logname= uid=0 euid=0 tty=ssh ruser= rhost=221.229.166.98  user=root
Apr 11 09:03:47 ovzhost sshd[1130]: pam_unix(sshd:auth): authentication failure; logname= uid=0 euid=0 tty=ssh ruser= rhost=221.229.166.98  user=root
Apr 11 09:03:49 ovzhost sshd[1130]: Failed password for root from 221.229.166.98 port 34208 ssh2
Apr 11 09:03:53 ovzhost sshd[1130]: message repeated 2 times: [ Failed password for root from 221.229.166.98 port 34208 ssh2]
Apr 11 09:03:53 ovzhost sshd[1130]: Received disconnect from 221.229.166.98: 11:  [preauth]
Apr 11 09:03:53 ovzhost sshd[1130]: PAM 2 more authentication failures; logname= uid=0 euid=0 tty=ssh ruser= rhost=221.229.166.98  user=root
Apr 11 09:03:56 ovzhost sshd[1134]: pam_unix(sshd:auth): authentication failure; logname= uid=0 euid=0 tty=ssh ruser= rhost=221.229.166.98  user=root
Apr 11 09:03:58 ovzhost sshd[1134]: Failed password for root from 221.229.166.98 port 56690 ssh2
Apr 11 09:04:02 ovzhost sshd[1134]: message repeated 2 times: [ Failed password for root from 221.229.166.98 port 56690 ssh2]
Apr 11 09:04:02 ovzhost sshd[1134]: Received disconnect from 221.229.166.98: 11:  [preauth]
Apr 11 09:04:02 ovzhost sshd[1134]: PAM 2 more authentication failures; logname= uid=0 euid=0 tty=ssh ruser= rhost=221.229.166.98  user=root
Apr 11 09:04:05 ovzhost sshd[1136]: pam_unix(sshd:auth): authentication failure; logname= uid=0 euid=0 tty=ssh ruser= rhost=221.229.166.98  user=root
Apr 11 09:04:07 ovzhost sshd[1136]: Failed password for root from 221.229.166.98 port 46068 ssh2
Apr 11 09:04:12 ovzhost sshd[1136]: message repeated 2 times: [ Failed password for root from 221.229.166.98 port 46068 ssh2]
Apr 11 09:04:12 ovzhost sshd[1136]: Received disconnect from 221.229.166.98: 11:  [preauth]
Apr 11 09:04:12 ovzhost sshd[1136]: PAM 2 more authentication failures; logname= uid=0 euid=0 tty=ssh ruser= rhost=221.229.166.98  user=root
Apr 11 09:04:21 ovzhost sshd[1138]: pam_unix(sshd:auth): authentication failure; logname= uid=0 euid=0 tty=ssh ruser= rhost=221.229.166.98  user=root
Apr 11 09:04:23 ovzhost sshd[1138]: Failed password for root from 221.229.166.98 port 38362 ssh2
Apr 11 09:04:30 ovzhost sshd[1141]: Connection closed by 127.0.0.1 [preauth]
Apr 11 09:04:30 ovzhost sshd[1138]: message repeated 2 times: [ Failed password for root from 221.229.166.98 port 38362 ssh2]
Apr 11 09:04:30 ovzhost sshd[1138]: Received disconnect from 221.229.166.98: 11:  [preauth]
Apr 11 09:04:30 ovzhost sshd[1138]: PAM 2 more authentication failures; logname= uid=0 euid=0 tty=ssh ruser= rhost=221.229.166.98  user=root
Apr 11 09:05:08 ovzhost sshd[1144]: pam_unix(sshd:auth): authentication failure; logname= uid=0 euid=0 tty=ssh ruser= rhost=43.255.190.91  user=root
Apr 11 09:05:10 ovzhost sshd[1144]: Failed password for root from 43.255.190.91 port 52214 ssh2
Apr 11 09:05:14 ovzhost sshd[1144]: message repeated 2 times: [ Failed password for root from 43.255.190.91 port 52214 ssh2]
Apr 11 09:05:14 ovzhost sshd[1144]: Received disconnect from 43.255.190.91: 11:  [preauth]
Apr 11 09:05:14 ovzhost sshd[1144]: PAM 2 more authentication failures; logname= uid=0 euid=0 tty=ssh ruser= rhost=43.255.190.91  user=root
Apr 11 09:05:16 ovzhost sshd[1146]: pam_unix(sshd:auth): authentication failure; logname= uid=0 euid=0 tty=ssh ruser= rhost=43.255.190.91  user=root
Apr 11 09:05:18 ovzhost sshd[1146]: Failed password for root from 43.255.190.91 port 36448 ssh2
Apr 11 09:05:29 ovzhost sshd[1148]: pam_unix(sshd:auth): authentication failure; logname= uid=0 euid=0 tty=ssh ruser= rhost=43.255.190.91  user=root
Apr 11 09:05:31 ovzhost sshd[1148]: Failed password for root from 43.255.190.91 port 57929 ssh2
Apr 11 09:05:35 ovzhost sshd[1148]: message repeated 2 times: [ Failed password for root from 43.255.190.91 port 57929 ssh2]
Apr 11 09:05:36 ovzhost sshd[1148]: Received disconnect from 43.255.190.91: 11:  [preauth]
Apr 11 09:05:36 ovzhost sshd[1148]: PAM 2 more authentication failures; logname= uid=0 euid=0 tty=ssh ruser= rhost=43.255.190.91  user=root
Apr 11 09:05:38 ovzhost sshd[1150]: pam_unix(sshd:auth): authentication failure; logname= uid=0 euid=0 tty=ssh ruser= rhost=43.255.190.130  user=root
Apr 11 09:05:40 ovzhost sshd[1150]: Failed password for root from 43.255.190.130 port 42641 ssh2
Apr 11 09:05:40 ovzhost sshd[1152]: pam_unix(sshd:auth): authentication failure; logname= uid=0 euid=0 tty=ssh ruser= rhost=43.255.190.91  user=root
Apr 11 09:05:41 ovzhost sshd[1146]: Failed password for root from 43.255.190.91 port 36448 ssh2
Apr 11 09:05:41 ovzhost sshd[1146]: Received disconnect from 43.255.190.91: 11:  [preauth]
Apr 11 09:05:41 ovzhost sshd[1146]: PAM 1 more authentication failure; logname= uid=0 euid=0 tty=ssh ruser= rhost=43.255.190.91  user=root
Apr 11 09:05:42 ovzhost sshd[1152]: Failed password for root from 43.255.190.91 port 40729 ssh2
Apr 11 09:05:44 ovzhost sshd[1150]: message repeated 2 times: [ Failed password for root from 43.255.190.130 port 42641 ssh2]
Apr 11 09:05:44 ovzhost sshd[1150]: Received disconnect from 43.255.190.130: 11:  [preauth]
Apr 11 09:05:44 ovzhost sshd[1150]: PAM 2 more authentication failures; logname= uid=0 euid=0 tty=ssh ruser= rhost=43.255.190.130  user=root
Apr 11 09:05:44 ovzhost sshd[1154]: pam_unix(sshd:auth): authentication failure; logname= uid=0 euid=0 tty=ssh ruser= rhost=43.255.190.130  user=root
Apr 11 09:05:46 ovzhost sshd[1152]: message repeated 2 times: [ Failed password for root from 43.255.190.91 port 40729 ssh2]
Apr 11 09:05:46 ovzhost sshd[1152]: Received disconnect from 43.255.190.91: 11:  [preauth]
Apr 11 09:05:46 ovzhost sshd[1152]: PAM 2 more authentication failures; logname= uid=0 euid=0 tty=ssh ruser= rhost=43.255.190.91  user=root
Apr 11 09:05:46 ovzhost sshd[1154]: Failed password for root from 43.255.190.130 port 38668 ssh2
Apr 11 09:05:50 ovzhost sshd[1156]: pam_unix(sshd:auth): authentication failure; logname= uid=0 euid=0 tty=ssh ruser= rhost=43.255.190.91  user=root
Apr 11 09:05:50 ovzhost sshd[1154]: message repeated 2 times: [ Failed password for root from 43.255.190.130 port 38668 ssh2]
Apr 11 09:05:50 ovzhost sshd[1154]: Received disconnect from 43.255.190.130: 11:  [preauth]
Apr 11 09:05:50 ovzhost sshd[1154]: PAM 2 more authentication failures; logname= uid=0 euid=0 tty=ssh ruser= rhost=43.255.190.130  user=root
Apr 11 09:05:51 ovzhost sshd[1160]: pam_unix(sshd:auth): authentication failure; logname= uid=0 euid=0 tty=ssh ruser= rhost=43.255.190.130  user=root
Apr 11 09:05:51 ovzhost sshd[1158]: reverse mapping checking getaddrinfo for 27.204.27.218.adsl-pool.jlccptt.net.cn [218.27.204.27] failed - POSSIBLE BREAK-IN ATTEMPT!
Apr 11 09:05:51 ovzhost sshd[1158]: Invalid user a from 218.27.204.27
Apr 11 09:05:51 ovzhost sshd[1158]: input_userauth_request: invalid user a [preauth]
Apr 11 09:05:51 ovzhost sshd[1158]: pam_unix(sshd:auth): check pass; user unknown
Apr 11 09:05:51 ovzhost sshd[1158]: pam_unix(sshd:auth): authentication failure; logname= uid=0 euid=0 tty=ssh ruser= rhost=218.27.204.27 
Apr 11 09:05:52 ovzhost sshd[1156]: Failed password for root from 43.255.190.91 port 55784 ssh2
Apr 11 09:05:53 ovzhost sshd[1160]: Failed password for root from 43.255.190.130 port 55569 ssh2
Apr 11 09:05:53 ovzhost sshd[1158]: Failed password for invalid user a from 218.27.204.27 port 27193 ssh2
Apr 11 09:05:54 ovzhost sshd[1158]: Received disconnect from 218.27.204.27: 11: Bye Bye [preauth]
Apr 11 09:05:56 ovzhost sshd[1162]: reverse mapping checking getaddrinfo for 27.204.27.218.adsl-pool.jlccptt.net.cn [218.27.204.27] failed - POSSIBLE BREAK-IN ATTEMPT!
Apr 11 09:05:56 ovzhost sshd[1162]: pam_unix(sshd:auth): authentication failure; logname= uid=0 euid=0 tty=ssh ruser= rhost=218.27.204.27  user=root
Apr 11 09:05:56 ovzhost sshd[1156]: message repeated 2 times: [ Failed password for root from 43.255.190.91 port 55784 ssh2]
Apr 11 09:05:57 ovzhost sshd[1156]: Received disconnect from 43.255.190.91: 11:  [preauth]
Apr 11 09:05:57 ovzhost sshd[1156]: PAM 2 more authentication failures; logname= uid=0 euid=0 tty=ssh ruser= rhost=43.255.190.91  user=root
Apr 11 09:05:57 ovzhost sshd[1160]: message repeated 2 times: [ Failed password for root from 43.255.190.130 port 55569 ssh2]
Apr 11 09:05:58 ovzhost sshd[1160]: Received disconnect from 43.255.190.130: 11:  [preauth]
Apr 11 09:05:58 ovzhost sshd[1160]: PAM 2 more authentication failures; logname= uid=0 euid=0 tty=ssh ruser= rhost=43.255.190.130  user=root
Apr 11 09:05:58 ovzhost sshd[1162]: Failed password for root from 218.27.204.27 port 29050 ssh2
Apr 11 09:05:58 ovzhost sshd[1166]: pam_unix(sshd:auth): authentication failure; logname= uid=0 euid=0 tty=ssh ruser= rhost=43.255.190.130  user=root
Apr 11 09:05:58 ovzhost sshd[1162]: Received disconnect from 218.27.204.27: 11: Bye Bye [preauth]
Apr 11 09:05:59 ovzhost sshd[1164]: pam_unix(sshd:auth): authentication failure; logname= uid=0 euid=0 tty=ssh ruser= rhost=43.255.190.91  user=root
Apr 11 09:06:00 ovzhost sshd[1166]: Failed password for root from 43.255.190.130 port 48448 ssh2
Apr 11 09:06:01 ovzhost sshd[1168]: reverse mapping checking getaddrinfo for 27.204.27.218.adsl-pool.jlccptt.net.cn [218.27.204.27] failed - POSSIBLE BREAK-IN ATTEMPT!
Apr 11 09:06:01 ovzhost sshd[1168]: Invalid user noghri from 218.27.204.27
Apr 11 09:06:01 ovzhost sshd[1168]: input_userauth_request: invalid user noghri [preauth]
Apr 11 09:06:01 ovzhost sshd[1168]: pam_unix(sshd:auth): check pass; user unknown
Apr 11 09:06:01 ovzhost sshd[1168]: pam_unix(sshd:auth): authentication failure; logname= uid=0 euid=0 tty=ssh ruser= rhost=218.27.204.27 
Apr 11 09:06:01 ovzhost sshd[1164]: Failed password for root from 43.255.190.91 port 41639 ssh2
Apr 11 09:06:03 ovzhost sshd[1168]: Failed password for invalid user noghri from 218.27.204.27 port 30905 ssh2
Apr 11 09:06:03 ovzhost sshd[1168]: Received disconnect from 218.27.204.27: 11: Bye Bye [preauth]
Apr 11 09:06:04 ovzhost sshd[1166]: message repeated 2 times: [ Failed password for root from 43.255.190.130 port 48448 ssh2]
Apr 11 09:06:04 ovzhost sshd[1166]: Received disconnect from 43.255.190.130: 11:  [preauth]
Apr 11 09:06:04 ovzhost sshd[1166]: PAM 2 more authentication failures; logname= uid=0 euid=0 tty=ssh ruser= rhost=43.255.190.130  user=root
Apr 11 09:06:05 ovzhost sshd[1175]: pam_unix(sshd:auth): authentication failure; logname= uid=0 euid=0 tty=ssh ruser= rhost=43.255.190.130  user=root
Apr 11 09:06:05 ovzhost sshd[1164]: message repeated 2 times: [ Failed password for root from 43.255.190.91 port 41639 ssh2]
Apr 11 09:06:05 ovzhost sshd[1164]: Received disconnect from 43.255.190.91: 11:  [preauth]
Apr 11 09:06:05 ovzhost sshd[1164]: PAM 2 more authentication failures; logname= uid=0 euid=0 tty=ssh ruser= rhost=43.255.190.91  user=root
Apr 11 09:06:06 ovzhost sshd[1174]: reverse mapping checking getaddrinfo for 27.204.27.218.adsl-pool.jlccptt.net.cn [218.27.204.27] failed - POSSIBLE BREAK-IN ATTEMPT!
Apr 11 09:06:06 ovzhost sshd[1174]: Invalid user drewski from 218.27.204.27
Apr 11 09:06:06 ovzhost sshd[1174]: input_userauth_request: invalid user drewski [preauth]
Apr 11 09:06:06 ovzhost sshd[1174]: pam_unix(sshd:auth): check pass; user unknown
Apr 11 09:06:06 ovzhost sshd[1174]: pam_unix(sshd:auth): authentication failure; logname= uid=0 euid=0 tty=ssh ruser= rhost=218.27.204.27 
Apr 11 09:06:06 ovzhost sshd[1175]: Failed password for root from 43.255.190.130 port 36297 ssh2
Apr 11 09:06:08 ovzhost sshd[1174]: Failed password for invalid user drewski from 218.27.204.27 port 32747 ssh2
Apr 11 09:06:08 ovzhost sshd[1174]: Received disconnect from 218.27.204.27: 11: Bye Bye [preauth]
Apr 11 09:06:11 ovzhost sshd[1175]: message repeated 2 times: [ Failed password for root from 43.255.190.130 port 36297 ssh2]
Apr 11 09:06:11 ovzhost sshd[1175]: Received disconnect from 43.255.190.130: 11:  [preauth]
Apr 11 09:06:11 ovzhost sshd[1175]: PAM 2 more authentication failures; logname= uid=0 euid=0 tty=ssh ruser= rhost=43.255.190.130  user=root
Apr 11 09:06:11 ovzhost sshd[1180]: reverse mapping checking getaddrinfo for 27.204.27.218.adsl-pool.jlccptt.net.cn [218.27.204.27] failed - POSSIBLE BREAK-IN ATTEMPT!
Apr 11 09:06:11 ovzhost sshd[1180]: Invalid user jason from 218.27.204.27
Apr 11 09:06:11 ovzhost sshd[1180]: input_userauth_request: invalid user jason [preauth]
Apr 11 09:06:11 ovzhost sshd[1180]: pam_unix(sshd:auth): check pass; user unknown
Apr 11 09:06:11 ovzhost sshd[1180]: pam_unix(sshd:auth): authentication failure; logname= uid=0 euid=0 tty=ssh ruser= rhost=218.27.204.27 
Apr 11 09:06:12 ovzhost sshd[1182]: pam_unix(sshd:auth): authentication failure; logname= uid=0 euid=0 tty=ssh ruser= rhost=43.255.190.130  user=root
Apr 11 09:06:13 ovzhost sshd[1182]: Failed password for root from 43.255.190.130 port 56856 ssh2
Apr 11 09:06:13 ovzhost sshd[1178]: pam_unix(sshd:auth): authentication failure; logname= uid=0 euid=0 tty=ssh ruser= rhost=43.255.190.91  user=root
Apr 11 09:06:13 ovzhost sshd[1180]: Failed password for invalid user jason from 218.27.204.27 port 34485 ssh2
Apr 11 09:06:14 ovzhost sshd[1180]: Received disconnect from 218.27.204.27: 11: Bye Bye [preauth]
Apr 11 09:06:15 ovzhost sshd[1178]: Failed password for root from 43.255.190.91 port 54896 ssh2
Apr 11 09:06:16 ovzhost sshd[1184]: reverse mapping checking getaddrinfo for 27.204.27.218.adsl-pool.jlccptt.net.cn [218.27.204.27] failed - POSSIBLE BREAK-IN ATTEMPT!
Apr 11 09:06:16 ovzhost sshd[1184]: Invalid user nsane from 218.27.204.27
Apr 11 09:06:16 ovzhost sshd[1184]: input_userauth_request: invalid user nsane [preauth]
Apr 11 09:06:16 ovzhost sshd[1184]: pam_unix(sshd:auth): check pass; user unknown
Apr 11 09:06:16 ovzhost sshd[1184]: pam_unix(sshd:auth): authentication failure; logname= uid=0 euid=0 tty=ssh ruser= rhost=218.27.204.27 
Apr 11 09:06:17 ovzhost sshd[1182]: message repeated 2 times: [ Failed password for root from 43.255.190.130 port 56856 ssh2]
Apr 11 09:06:17 ovzhost sshd[1182]: Received disconnect from 43.255.190.130: 11:  [preauth]
Apr 11 09:06:17 ovzhost sshd[1182]: PAM 2 more authentication failures; logname= uid=0 euid=0 tty=ssh ruser= rhost=43.255.190.130  user=root
Apr 11 09:06:17 ovzhost sshd[1186]: pam_unix(sshd:auth): authentication failure; logname= uid=0 euid=0 tty=ssh ruser= rhost=43.255.190.130  user=root
Apr 11 09:06:18 ovzhost sshd[1184]: Failed password for invalid user nsane from 218.27.204.27 port 36861 ssh2
Apr 11 09:06:18 ovzhost sshd[1184]: Received disconnect from 218.27.204.27: 11: Bye Bye [preauth]
Apr 11 09:06:19 ovzhost sshd[1178]: message repeated 2 times: [ Failed password for root from 43.255.190.91 port 54896 ssh2]
Apr 11 09:06:19 ovzhost sshd[1178]: Received disconnect from 43.255.190.91: 11:  [preauth]
Apr 11 09:06:19 ovzhost sshd[1178]: PAM 2 more authentication failures; logname= uid=0 euid=0 tty=ssh ruser= rhost=43.255.190.91  user=root
Apr 11 09:06:20 ovzhost sshd[1186]: Failed password for root from 43.255.190.130 port 45141 ssh2
Apr 11 09:06:20 ovzhost sshd[1190]: pam_unix(sshd:auth): authentication failure; logname= uid=0 euid=0 tty=ssh ruser= rhost=43.255.190.91  user=root
Apr 11 09:06:21 ovzhost sshd[1188]: reverse mapping checking getaddrinfo for 27.204.27.218.adsl-pool.jlccptt.net.cn [218.27.204.27] failed - POSSIBLE BREAK-IN ATTEMPT!
Apr 11 09:06:21 ovzhost sshd[1188]: Invalid user levi from 218.27.204.27
Apr 11 09:06:21 ovzhost sshd[1188]: input_userauth_request: invalid user levi [preauth]
Apr 11 09:06:21 ovzhost sshd[1188]: pam_unix(sshd:auth): check pass; user unknown
Apr 11 09:06:21 ovzhost sshd[1188]: pam_unix(sshd:auth): authentication failure; logname= uid=0 euid=0 tty=ssh ruser= rhost=218.27.204.27 
Apr 11 09:06:22 ovzhost sshd[1190]: Failed password for root from 43.255.190.91 port 45905 ssh2
Apr 11 09:06:23 ovzhost sshd[1188]: Failed password for invalid user levi from 218.27.204.27 port 38538 ssh2
Apr 11 09:06:23 ovzhost sshd[1188]: Received disconnect from 218.27.204.27: 11: Bye Bye [preauth]
Apr 11 09:06:24 ovzhost sshd[1186]: message repeated 2 times: [ Failed password for root from 43.255.190.130 port 45141 ssh2]
Apr 11 09:06:24 ovzhost sshd[1186]: Received disconnect from 43.255.190.130: 11:  [preauth]
Apr 11 09:06:24 ovzhost sshd[1186]: PAM 2 more authentication failures; logname= uid=0 euid=0 tty=ssh ruser= rhost=43.255.190.130  user=root
Apr 11 09:06:25 ovzhost sshd[1196]: pam_unix(sshd:auth): authentication failure; logname= uid=0 euid=0 tty=ssh ruser= rhost=43.255.190.130  user=root
Apr 11 09:06:26 ovzhost sshd[1194]: reverse mapping checking getaddrinfo for 27.204.27.218.adsl-pool.jlccptt.net.cn [218.27.204.27] failed - POSSIBLE BREAK-IN ATTEMPT!
Apr 11 09:06:26 ovzhost sshd[1194]: Invalid user info from 218.27.204.27
Apr 11 09:06:26 ovzhost sshd[1194]: input_userauth_request: invalid user info [preauth]
Apr 11 09:06:26 ovzhost sshd[1194]: pam_unix(sshd:auth): check pass; user unknown
Apr 11 09:06:26 ovzhost sshd[1194]: pam_unix(sshd:auth): authentication failure; logname= uid=0 euid=0 tty=ssh ruser= rhost=218.27.204.27 
Apr 11 09:06:27 ovzhost sshd[1196]: Failed password for root from 43.255.190.130 port 36434 ssh2
Apr 11 09:06:27 ovzhost sshd[1194]: Failed password for invalid user info from 218.27.204.27 port 40380 ssh2
Apr 11 09:06:28 ovzhost sshd[1194]: Received disconnect from 218.27.204.27: 11: Bye Bye [preauth]
Apr 11 09:06:30 ovzhost sshd[1198]: reverse mapping checking getaddrinfo for 27.204.27.218.adsl-pool.jlccptt.net.cn [218.27.204.27] failed - POSSIBLE BREAK-IN ATTEMPT!
Apr 11 09:06:30 ovzhost sshd[1198]: Invalid user balzak from 218.27.204.27
Apr 11 09:06:30 ovzhost sshd[1198]: input_userauth_request: invalid user balzak [preauth]
Apr 11 09:06:30 ovzhost sshd[1198]: pam_unix(sshd:auth): check pass; user unknown
Apr 11 09:06:30 ovzhost sshd[1198]: pam_unix(sshd:auth): authentication failure; logname= uid=0 euid=0 tty=ssh ruser= rhost=218.27.204.27 
Apr 11 09:06:30 ovzhost sshd[1190]: message repeated 2 times: [ Failed password for root from 43.255.190.91 port 45905 ssh2]
Apr 11 09:06:30 ovzhost sshd[1190]: Received disconnect from 43.255.190.91: 11:  [preauth]
Apr 11 09:06:30 ovzhost sshd[1190]: PAM 2 more authentication failures; logname= uid=0 euid=0 tty=ssh ruser= rhost=43.255.190.91  user=root
Apr 11 09:06:31 ovzhost sshd[1196]: message repeated 2 times: [ Failed password for root from 43.255.190.130 port 36434 ssh2]
Apr 11 09:06:31 ovzhost sshd[1196]: Received disconnect from 43.255.190.130: 11:  [preauth]
Apr 11 09:06:31 ovzhost sshd[1196]: PAM 2 more authentication failures; logname= uid=0 euid=0 tty=ssh ruser= rhost=43.255.190.130  user=root
Apr 11 09:06:32 ovzhost sshd[1202]: pam_unix(sshd:auth): authentication failure; logname= uid=0 euid=0 tty=ssh ruser= rhost=43.255.190.130  user=root
Apr 11 09:06:32 ovzhost sshd[1198]: Failed password for invalid user balzak from 218.27.204.27 port 42123 ssh2
Apr 11 09:06:32 ovzhost sshd[1198]: Received disconnect from 218.27.204.27: 11: Bye Bye [preauth]
Apr 11 09:06:34 ovzhost sshd[1202]: Failed password for root from 43.255.190.130 port 54798 ssh2
Apr 11 09:06:35 ovzhost sshd[1204]: reverse mapping checking getaddrinfo for 27.204.27.218.adsl-pool.jlccptt.net.cn [218.27.204.27] failed - POSSIBLE BREAK-IN ATTEMPT!
Apr 11 09:06:35 ovzhost sshd[1204]: Invalid user batgeek from 218.27.204.27
Apr 11 09:06:35 ovzhost sshd[1204]: input_userauth_request: invalid user batgeek [preauth]
Apr 11 09:06:35 ovzhost sshd[1204]: pam_unix(sshd:auth): check pass; user unknown
Apr 11 09:06:35 ovzhost sshd[1204]: pam_unix(sshd:auth): authentication failure; logname= uid=0 euid=0 tty=ssh ruser= rhost=218.27.204.27 
Apr 11 09:06:36 ovzhost sshd[1200]: pam_unix(sshd:auth): authentication failure; logname= uid=0 euid=0 tty=ssh ruser= rhost=43.255.190.91  user=root
Apr 11 09:06:37 ovzhost sshd[1204]: Failed password for invalid user batgeek from 218.27.204.27 port 43891 ssh2
Apr 11 09:06:37 ovzhost sshd[1204]: Received disconnect from 218.27.204.27: 11: Bye Bye [preauth]
Apr 11 09:06:37 ovzhost sshd[1200]: Failed password for root from 43.255.190.91 port 33082 ssh2
Apr 11 09:06:38 ovzhost sshd[1202]: message repeated 2 times: [ Failed password for root from 43.255.190.130 port 54798 ssh2]
Apr 11 09:06:38 ovzhost sshd[1202]: Received disconnect from 43.255.190.130: 11:  [preauth]
Apr 11 09:06:38 ovzhost sshd[1202]: PAM 2 more authentication failures; logname= uid=0 euid=0 tty=ssh ruser= rhost=43.255.190.130  user=root
Apr 11 09:06:38 ovzhost sshd[1208]: pam_unix(sshd:auth): authentication failure; logname= uid=0 euid=0 tty=ssh ruser= rhost=43.255.190.130  user=root
Apr 11 09:06:39 ovzhost sshd[1206]: reverse mapping checking getaddrinfo for 27.204.27.218.adsl-pool.jlccptt.net.cn [218.27.204.27] failed - POSSIBLE BREAK-IN ATTEMPT!
Apr 11 09:06:39 ovzhost sshd[1206]: Invalid user smitty from 218.27.204.27
Apr 11 09:06:39 ovzhost sshd[1206]: input_userauth_request: invalid user smitty [preauth]
Apr 11 09:06:39 ovzhost sshd[1206]: pam_unix(sshd:auth): check pass; user unknown
Apr 11 09:06:39 ovzhost sshd[1206]: pam_unix(sshd:auth): authentication failure; logname= uid=0 euid=0 tty=ssh ruser= rhost=218.27.204.27 
Apr 11 09:06:40 ovzhost sshd[1208]: Failed password for root from 43.255.190.130 port 44336 ssh2
Apr 11 09:06:42 ovzhost sshd[1206]: Failed password for invalid user smitty from 218.27.204.27 port 45662 ssh2
Apr 11 09:06:42 ovzhost sshd[1206]: Received disconnect from 218.27.204.27: 11: Bye Bye [preauth]
Apr 11 09:06:44 ovzhost sshd[1208]: message repeated 2 times: [ Failed password for root from 43.255.190.130 port 44336 ssh2]
Apr 11 09:06:44 ovzhost sshd[1208]: Received disconnect from 43.255.190.130: 11:  [preauth]
Apr 11 09:06:44 ovzhost sshd[1208]: PAM 2 more authentication failures; logname= uid=0 euid=0 tty=ssh ruser= rhost=43.255.190.130  user=root
Apr 11 09:06:44 ovzhost sshd[1214]: pam_unix(sshd:auth): authentication failure; logname= uid=0 euid=0 tty=ssh ruser= rhost=43.255.190.130  user=root
Apr 11 09:06:45 ovzhost sshd[1210]: reverse mapping checking getaddrinfo for 27.204.27.218.adsl-pool.jlccptt.net.cn [218.27.204.27] failed - POSSIBLE BREAK-IN ATTEMPT!
Apr 11 09:06:45 ovzhost sshd[1210]: Invalid user sindi from 218.27.204.27
Apr 11 09:06:45 ovzhost sshd[1210]: input_userauth_request: invalid user sindi [preauth]
Apr 11 09:06:45 ovzhost sshd[1210]: pam_unix(sshd:auth): check pass; user unknown
Apr 11 09:06:45 ovzhost sshd[1210]: pam_unix(sshd:auth): authentication failure; logname= uid=0 euid=0 tty=ssh ruser= rhost=218.27.204.27 
Apr 11 09:06:46 ovzhost sshd[1210]: Failed password for invalid user sindi from 218.27.204.27 port 47594 ssh2
Apr 11 09:06:47 ovzhost sshd[1214]: Failed password for root from 43.255.190.130 port 60455 ssh2
Apr 11 09:06:47 ovzhost sshd[1210]: Received disconnect from 218.27.204.27: 11: Bye Bye [preauth]
Apr 11 09:06:47 ovzhost sshd[1212]: pam_unix(sshd:auth): authentication failure; logname= uid=0 euid=0 tty=ssh ruser= rhost=43.255.190.91  user=root
Apr 11 09:06:49 ovzhost sshd[1212]: Failed password for root from 43.255.190.91 port 49357 ssh2
Apr 11 09:06:49 ovzhost sshd[1216]: reverse mapping checking getaddrinfo for 27.204.27.218.adsl-pool.jlccptt.net.cn [218.27.204.27] failed - POSSIBLE BREAK-IN ATTEMPT!
Apr 11 09:06:49 ovzhost sshd[1216]: Invalid user easyryder700 from 218.27.204.27
Apr 11 09:06:49 ovzhost sshd[1216]: input_userauth_request: invalid user easyryder700 [preauth]
Apr 11 09:06:49 ovzhost sshd[1216]: pam_unix(sshd:auth): check pass; user unknown
Apr 11 09:06:49 ovzhost sshd[1216]: pam_unix(sshd:auth): authentication failure; logname= uid=0 euid=0 tty=ssh ruser= rhost=218.27.204.27 
Apr 11 09:06:50 ovzhost sshd[1214]: message repeated 2 times: [ Failed password for root from 43.255.190.130 port 60455 ssh2]
Apr 11 09:06:51 ovzhost sshd[1214]: Received disconnect from 43.255.190.130: 11:  [preauth]
Apr 11 09:06:51 ovzhost sshd[1214]: PAM 2 more authentication failures; logname= uid=0 euid=0 tty=ssh ruser= rhost=43.255.190.130  user=root
Apr 11 09:06:51 ovzhost sshd[1216]: Failed password for invalid user easyryder700 from 218.27.204.27 port 49287 ssh2
Apr 11 09:06:51 ovzhost sshd[1218]: pam_unix(sshd:auth): authentication failure; logname= uid=0 euid=0 tty=ssh ruser= rhost=43.255.190.130  user=root
Apr 11 09:06:51 ovzhost sshd[1216]: Received disconnect from 218.27.204.27: 11: Bye Bye [preauth]
Apr 11 09:06:54 ovzhost sshd[1218]: Failed password for root from 43.255.190.130 port 49708 ssh2
Apr 11 09:06:54 ovzhost sshd[1221]: reverse mapping checking getaddrinfo for 27.204.27.218.adsl-pool.jlccptt.net.cn [218.27.204.27] failed - POSSIBLE BREAK-IN ATTEMPT!
Apr 11 09:06:54 ovzhost sshd[1221]: Invalid user littleblkwolvy from 218.27.204.27
Apr 11 09:06:54 ovzhost sshd[1221]: input_userauth_request: invalid user littleblkwolvy [preauth]
Apr 11 09:06:54 ovzhost sshd[1221]: pam_unix(sshd:auth): check pass; user unknown
Apr 11 09:06:54 ovzhost sshd[1221]: pam_unix(sshd:auth): authentication failure; logname= uid=0 euid=0 tty=ssh ruser= rhost=218.27.204.27 
Apr 11 09:06:53 ovzhost sshd[1212]: message repeated 2 times: [ Failed password for root from 43.255.190.91 port 49357 ssh2]
Apr 11 09:06:55 ovzhost sshd[1212]: Received disconnect from 43.255.190.91: 11:  [preauth]
Apr 11 09:06:55 ovzhost sshd[1212]: PAM 2 more authentication failures; logname= uid=0 euid=0 tty=ssh ruser= rhost=43.255.190.91  user=root
Apr 11 09:06:55 ovzhost sshd[1221]: Failed password for invalid user littleblkwolvy from 218.27.204.27 port 50992 ssh2
Apr 11 09:06:56 ovzhost sshd[1223]: pam_unix(sshd:auth): authentication failure; logname= uid=0 euid=0 tty=ssh ruser= rhost=43.255.190.91  user=root
Apr 11 09:06:56 ovzhost sshd[1221]: Received disconnect from 218.27.204.27: 11: Bye Bye [preauth]
Apr 11 09:06:57 ovzhost sshd[1218]: message repeated 2 times: [ Failed password for root from 43.255.190.130 port 49708 ssh2]
Apr 11 09:06:57 ovzhost sshd[1218]: Received disconnect from 43.255.190.130: 11:  [preauth]
Apr 11 09:06:57 ovzhost sshd[1218]: PAM 2 more authentication failures; logname= uid=0 euid=0 tty=ssh ruser= rhost=43.255.190.130  user=root
Apr 11 09:06:58 ovzhost sshd[1227]: pam_unix(sshd:auth): authentication failure; logname= uid=0 euid=0 tty=ssh ruser= rhost=43.255.190.130  user=root
Apr 11 09:06:58 ovzhost sshd[1223]: Failed password for root from 43.255.190.91 port 37284 ssh2
Apr 11 09:06:58 ovzhost sshd[1225]: reverse mapping checking getaddrinfo for 27.204.27.218.adsl-pool.jlccptt.net.cn [218.27.204.27] failed - POSSIBLE BREAK-IN ATTEMPT!
Apr 11 09:06:58 ovzhost sshd[1225]: Invalid user jbbspeed from 218.27.204.27
Apr 11 09:06:58 ovzhost sshd[1225]: input_userauth_request: invalid user jbbspeed [preauth]
Apr 11 09:06:58 ovzhost sshd[1225]: pam_unix(sshd:auth): check pass; user unknown
Apr 11 09:06:58 ovzhost sshd[1225]: pam_unix(sshd:auth): authentication failure; logname= uid=0 euid=0 tty=ssh ruser= rhost=218.27.204.27 
Apr 11 09:06:59 ovzhost sshd[1227]: Failed password for root from 43.255.190.130 port 38976 ssh2
Apr 11 09:07:00 ovzhost sshd[1225]: Failed password for invalid user jbbspeed from 218.27.204.27 port 52559 ssh2
Apr 11 09:07:00 ovzhost sshd[1225]: Received disconnect from 218.27.204.27: 11: Bye Bye [preauth]
Apr 11 09:07:02 ovzhost sshd[1223]: message repeated 2 times: [ Failed password for root from 43.255.190.91 port 37284 ssh2]
Apr 11 09:07:02 ovzhost sshd[1223]: Received disconnect from 43.255.190.91: 11:  [preauth]
Apr 11 09:07:02 ovzhost sshd[1223]: PAM 2 more authentication failures; logname= uid=0 euid=0 tty=ssh ruser= rhost=43.255.190.91  user=root
Apr 11 09:07:02 ovzhost sshd[1229]: reverse mapping checking getaddrinfo for 27.204.27.218.adsl-pool.jlccptt.net.cn [218.27.204.27] failed - POSSIBLE BREAK-IN ATTEMPT!
Apr 11 09:07:02 ovzhost sshd[1229]: Invalid user ircd from 218.27.204.27
Apr 11 09:07:02 ovzhost sshd[1229]: input_userauth_request: invalid user ircd [preauth]
Apr 11 09:07:02 ovzhost sshd[1229]: pam_unix(sshd:auth): check pass; user unknown
Apr 11 09:07:02 ovzhost sshd[1229]: pam_unix(sshd:auth): authentication failure; logname= uid=0 euid=0 tty=ssh ruser= rhost=218.27.204.27 
Apr 11 09:07:03 ovzhost sshd[1227]: message repeated 2 times: [ Failed password for root from 43.255.190.130 port 38976 ssh2]
Apr 11 09:07:03 ovzhost sshd[1227]: Received disconnect from 43.255.190.130: 11:  [preauth]
Apr 11 09:07:03 ovzhost sshd[1227]: PAM 2 more authentication failures; logname= uid=0 euid=0 tty=ssh ruser= rhost=43.255.190.130  user=root
Apr 11 09:07:04 ovzhost sshd[1233]: pam_unix(sshd:auth): authentication failure; logname= uid=0 euid=0 tty=ssh ruser= rhost=43.255.190.130  user=root
Apr 11 09:07:04 ovzhost sshd[1229]: Failed password for invalid user ircd from 218.27.204.27 port 54205 ssh2
Apr 11 09:07:05 ovzhost sshd[1229]: Received disconnect from 218.27.204.27: 11: Bye Bye [preauth]
Apr 11 09:07:05 ovzhost sshd[1231]: pam_unix(sshd:auth): authentication failure; logname= uid=0 euid=0 tty=ssh ruser= rhost=43.255.190.91  user=root
Apr 11 09:07:06 ovzhost sshd[1233]: Failed password for root from 43.255.190.130 port 56234 ssh2
Apr 11 09:07:08 ovzhost sshd[1231]: Failed password for root from 43.255.190.91 port 49958 ssh2
Apr 11 09:07:08 ovzhost sshd[1235]: reverse mapping checking getaddrinfo for 27.204.27.218.adsl-pool.jlccptt.net.cn [218.27.204.27] failed - POSSIBLE BREAK-IN ATTEMPT!
Apr 11 09:07:08 ovzhost sshd[1235]: Invalid user tcm from 218.27.204.27
Apr 11 09:07:08 ovzhost sshd[1235]: input_userauth_request: invalid user tcm [preauth]
Apr 11 09:07:08 ovzhost sshd[1235]: pam_unix(sshd:auth): check pass; user unknown
Apr 11 09:07:08 ovzhost sshd[1235]: pam_unix(sshd:auth): authentication failure; logname= uid=0 euid=0 tty=ssh ruser= rhost=218.27.204.27 
Apr 11 09:06:42 ovzhost sshd[1200]: message repeated 2 times: [ Failed password for root from 43.255.190.91 port 33082 ssh2]
Apr 11 09:07:08 ovzhost sshd[1200]: Received disconnect from 43.255.190.91: 11:  [preauth]
Apr 11 09:07:08 ovzhost sshd[1200]: PAM 2 more authentication failures; logname= uid=0 euid=0 tty=ssh ruser= rhost=43.255.190.91  user=root
Apr 11 09:07:10 ovzhost sshd[1233]: message repeated 2 times: [ Failed password for root from 43.255.190.130 port 56234 ssh2]
Apr 11 09:07:10 ovzhost sshd[1233]: Received disconnect from 43.255.190.130: 11:  [preauth]
Apr 11 09:07:10 ovzhost sshd[1233]: PAM 2 more authentication failures; logname= uid=0 euid=0 tty=ssh ruser= rhost=43.255.190.130  user=root
Apr 11 09:07:10 ovzhost sshd[1235]: Failed password for invalid user tcm from 218.27.204.27 port 55912 ssh2
Apr 11 09:07:10 ovzhost sshd[1237]: pam_unix(sshd:auth): authentication failure; logname= uid=0 euid=0 tty=ssh ruser= rhost=43.255.190.130  user=root
Apr 11 09:07:11 ovzhost sshd[1235]: Received disconnect from 218.27.204.27: 11: Bye Bye [preauth]
Apr 11 09:07:13 ovzhost sshd[1231]: message repeated 2 times: [ Failed password for root from 43.255.190.91 port 49958 ssh2]
Apr 11 09:07:13 ovzhost sshd[1231]: Received disconnect from 43.255.190.91: 11:  [preauth]
Apr 11 09:07:13 ovzhost sshd[1231]: PAM 2 more authentication failures; logname= uid=0 euid=0 tty=ssh ruser= rhost=43.255.190.91  user=root
Apr 11 09:07:13 ovzhost sshd[1237]: Failed password for root from 43.255.190.130 port 45624 ssh2
Apr 11 09:07:13 ovzhost sshd[1241]: reverse mapping checking getaddrinfo for 27.204.27.218.adsl-pool.jlccptt.net.cn [218.27.204.27] failed - POSSIBLE BREAK-IN ATTEMPT!
Apr 11 09:07:13 ovzhost sshd[1241]: Invalid user dronehunt from 218.27.204.27
Apr 11 09:07:13 ovzhost sshd[1241]: input_userauth_request: invalid user dronehunt [preauth]
Apr 11 09:07:13 ovzhost sshd[1241]: pam_unix(sshd:auth): check pass; user unknown
Apr 11 09:07:13 ovzhost sshd[1241]: pam_unix(sshd:auth): authentication failure; logname= uid=0 euid=0 tty=ssh ruser= rhost=218.27.204.27 
Apr 11 09:07:15 ovzhost sshd[1241]: Failed password for invalid user dronehunt from 218.27.204.27 port 58048 ssh2
Apr 11 09:07:15 ovzhost sshd[1241]: Received disconnect from 218.27.204.27: 11: Bye Bye [preauth]
Apr 11 09:07:17 ovzhost sshd[1237]: message repeated 2 times: [ Failed password for root from 43.255.190.130 port 45624 ssh2]
Apr 11 09:07:17 ovzhost sshd[1237]: Received disconnect from 43.255.190.130: 11:  [preauth]
Apr 11 09:07:17 ovzhost sshd[1237]: PAM 2 more authentication failures; logname= uid=0 euid=0 tty=ssh ruser= rhost=43.255.190.130  user=root
Apr 11 09:07:18 ovzhost sshd[1244]: reverse mapping checking getaddrinfo for 27.204.27.218.adsl-pool.jlccptt.net.cn [218.27.204.27] failed - POSSIBLE BREAK-IN ATTEMPT!
Apr 11 09:07:18 ovzhost sshd[1244]: Invalid user cow from 218.27.204.27
Apr 11 09:07:18 ovzhost sshd[1244]: input_userauth_request: invalid user cow [preauth]
Apr 11 09:07:18 ovzhost sshd[1244]: pam_unix(sshd:auth): check pass; user unknown
Apr 11 09:07:18 ovzhost sshd[1244]: pam_unix(sshd:auth): authentication failure; logname= uid=0 euid=0 tty=ssh ruser= rhost=218.27.204.27 
Apr 11 09:07:19 ovzhost sshd[1246]: pam_unix(sshd:auth): authentication failure; logname= uid=0 euid=0 tty=ssh ruser= rhost=43.255.190.130  user=root
Apr 11 09:07:19 ovzhost sshd[1244]: Failed password for invalid user cow from 218.27.204.27 port 59758 ssh2
Apr 11 09:07:19 ovzhost sshd[1244]: Received disconnect from 218.27.204.27: 11: Bye Bye [preauth]
Apr 11 09:07:21 ovzhost sshd[1246]: Failed password for root from 43.255.190.130 port 37046 ssh2
Apr 11 09:07:23 ovzhost sshd[1249]: reverse mapping checking getaddrinfo for 27.204.27.218.adsl-pool.jlccptt.net.cn [218.27.204.27] failed - POSSIBLE BREAK-IN ATTEMPT!
Apr 11 09:07:23 ovzhost sshd[1249]: Invalid user olow from 218.27.204.27
Apr 11 09:07:23 ovzhost sshd[1249]: input_userauth_request: invalid user olow [preauth]
Apr 11 09:07:23 ovzhost sshd[1249]: pam_unix(sshd:auth): check pass; user unknown
Apr 11 09:07:23 ovzhost sshd[1249]: pam_unix(sshd:auth): authentication failure; logname= uid=0 euid=0 tty=ssh ruser= rhost=218.27.204.27 
Apr 11 09:07:24 ovzhost sshd[1243]: pam_unix(sshd:auth): authentication failure; logname= uid=0 euid=0 tty=ssh ruser= rhost=43.255.190.91  user=root
Apr 11 09:07:25 ovzhost sshd[1246]: message repeated 2 times: [ Failed password for root from 43.255.190.130 port 37046 ssh2]
Apr 11 09:07:25 ovzhost sshd[1246]: Received disconnect from 43.255.190.130: 11:  [preauth]
Apr 11 09:07:25 ovzhost sshd[1246]: PAM 2 more authentication failures; logname= uid=0 euid=0 tty=ssh ruser= rhost=43.255.190.130  user=root
Apr 11 09:07:25 ovzhost sshd[1249]: Failed password for invalid user olow from 218.27.204.27 port 61317 ssh2
Apr 11 09:07:26 ovzhost sshd[1249]: Received disconnect from 218.27.204.27: 11: Bye Bye [preauth]
Apr 11 09:07:26 ovzhost sshd[1252]: pam_unix(sshd:auth): authentication failure; logname= uid=0 euid=0 tty=ssh ruser= rhost=43.255.190.130  user=root
Apr 11 09:07:26 ovzhost sshd[1243]: Failed password for root from 43.255.190.91 port 35896 ssh2
Apr 11 09:07:28 ovzhost sshd[1254]: reverse mapping checking getaddrinfo for 27.204.27.218.adsl-pool.jlccptt.net.cn [218.27.204.27] failed - POSSIBLE BREAK-IN ATTEMPT!
Apr 11 09:07:28 ovzhost sshd[1254]: Invalid user kim from 218.27.204.27
Apr 11 09:07:28 ovzhost sshd[1254]: input_userauth_request: invalid user kim [preauth]
Apr 11 09:07:28 ovzhost sshd[1254]: pam_unix(sshd:auth): check pass; user unknown
Apr 11 09:07:28 ovzhost sshd[1254]: pam_unix(sshd:auth): authentication failure; logname= uid=0 euid=0 tty=ssh ruser= rhost=218.27.204.27 
Apr 11 09:07:28 ovzhost sshd[1252]: Failed password for root from 43.255.190.130 port 57608 ssh2
Apr 11 09:07:30 ovzhost sshd[1254]: Failed password for invalid user kim from 218.27.204.27 port 63606 ssh2
Apr 11 09:07:31 ovzhost sshd[1254]: Received disconnect from 218.27.204.27: 11: Bye Bye [preauth]
Apr 11 09:07:33 ovzhost sshd[1252]: message repeated 2 times: [ Failed password for root from 43.255.190.130 port 57608 ssh2]
Apr 11 09:07:33 ovzhost sshd[1252]: Received disconnect from 43.255.190.130: 11:  [preauth]
Apr 11 09:07:33 ovzhost sshd[1252]: PAM 2 more authentication failures; logname= uid=0 euid=0 tty=ssh ruser= rhost=43.255.190.130  user=root
Apr 11 09:07:33 ovzhost sshd[1256]: reverse mapping checking getaddrinfo for 27.204.27.218.adsl-pool.jlccptt.net.cn [218.27.204.27] failed - POSSIBLE BREAK-IN ATTEMPT!
Apr 11 09:07:33 ovzhost sshd[1256]: Invalid user hussain from 218.27.204.27
Apr 11 09:07:33 ovzhost sshd[1256]: input_userauth_request: invalid user hussain [preauth]
Apr 11 09:07:33 ovzhost sshd[1256]: pam_unix(sshd:auth): check pass; user unknown
Apr 11 09:07:33 ovzhost sshd[1256]: pam_unix(sshd:auth): authentication failure; logname= uid=0 euid=0 tty=ssh ruser= rhost=218.27.204.27 
Apr 11 09:07:33 ovzhost sshd[1243]: message repeated 2 times: [ Failed password for root from 43.255.190.91 port 35896 ssh2]
Apr 11 09:07:33 ovzhost sshd[1243]: Received disconnect from 43.255.190.91: 11:  [preauth]
Apr 11 09:07:33 ovzhost sshd[1243]: PAM 2 more authentication failures; logname= uid=0 euid=0 tty=ssh ruser= rhost=43.255.190.91  user=root
Apr 11 09:07:33 ovzhost sshd[1258]: pam_unix(sshd:auth): authentication failure; logname= uid=0 euid=0 tty=ssh ruser= rhost=43.255.190.130  user=root
Apr 11 09:07:35 ovzhost sshd[1256]: Failed password for invalid user hussain from 218.27.204.27 port 65402 ssh2
Apr 11 09:07:35 ovzhost sshd[1258]: Failed password for root from 43.255.190.130 port 48700 ssh2
Apr 11 09:07:35 ovzhost sshd[1256]: Received disconnect from 218.27.204.27: 11: Bye Bye [preauth]
Apr 11 09:07:37 ovzhost sshd[1260]: pam_unix(sshd:auth): authentication failure; logname= uid=0 euid=0 tty=ssh ruser= rhost=43.255.190.91  user=root
Apr 11 09:07:38 ovzhost sshd[1262]: reverse mapping checking getaddrinfo for 27.204.27.218.adsl-pool.jlccptt.net.cn [218.27.204.27] failed - POSSIBLE BREAK-IN ATTEMPT!
Apr 11 09:07:38 ovzhost sshd[1262]: Invalid user elsif from 218.27.204.27
Apr 11 09:07:38 ovzhost sshd[1262]: input_userauth_request: invalid user elsif [preauth]
Apr 11 09:07:38 ovzhost sshd[1262]: pam_unix(sshd:auth): check pass; user unknown
Apr 11 09:07:38 ovzhost sshd[1262]: pam_unix(sshd:auth): authentication failure; logname= uid=0 euid=0 tty=ssh ruser= rhost=218.27.204.27 
Apr 11 09:07:39 ovzhost sshd[1260]: Failed password for root from 43.255.190.91 port 35871 ssh2
Apr 11 09:07:40 ovzhost sshd[1262]: Failed password for invalid user elsif from 218.27.204.27 port 10638 ssh2
Apr 11 09:07:40 ovzhost sshd[1258]: message repeated 2 times: [ Failed password for root from 43.255.190.130 port 48700 ssh2]
Apr 11 09:07:40 ovzhost sshd[1258]: Received disconnect from 43.255.190.130: 11:  [preauth]
Apr 11 09:07:40 ovzhost sshd[1258]: PAM 2 more authentication failures; logname= uid=0 euid=0 tty=ssh ruser= rhost=43.255.190.130  user=root
Apr 11 09:07:40 ovzhost sshd[1262]: Received disconnect from 218.27.204.27: 11: Bye Bye [preauth]
Apr 11 09:07:41 ovzhost sshd[1264]: pam_unix(sshd:auth): authentication failure; logname= uid=0 euid=0 tty=ssh ruser= rhost=43.255.190.130  user=root
Apr 11 09:07:43 ovzhost sshd[1264]: Failed password for root from 43.255.190.130 port 39736 ssh2
Apr 11 09:07:43 ovzhost sshd[1266]: reverse mapping checking getaddrinfo for 27.204.27.218.adsl-pool.jlccptt.net.cn [218.27.204.27] failed - POSSIBLE BREAK-IN ATTEMPT!
Apr 11 09:07:43 ovzhost sshd[1266]: Invalid user chmod000 from 218.27.204.27
Apr 11 09:07:43 ovzhost sshd[1266]: input_userauth_request: invalid user chmod000 [preauth]
Apr 11 09:07:43 ovzhost sshd[1266]: pam_unix(sshd:auth): check pass; user unknown
Apr 11 09:07:43 ovzhost sshd[1266]: pam_unix(sshd:auth): authentication failure; logname= uid=0 euid=0 tty=ssh ruser= rhost=218.27.204.27 
Apr 11 09:07:43 ovzhost sshd[1260]: message repeated 2 times: [ Failed password for root from 43.255.190.91 port 35871 ssh2]
Apr 11 09:07:43 ovzhost sshd[1260]: Received disconnect from 43.255.190.91: 11:  [preauth]
Apr 11 09:07:43 ovzhost sshd[1260]: PAM 2 more authentication failures; logname= uid=0 euid=0 tty=ssh ruser= rhost=43.255.190.91  user=root
Apr 11 09:07:44 ovzhost sshd[1268]: pam_unix(sshd:auth): authentication failure; logname= uid=0 euid=0 tty=ssh ruser= rhost=43.255.190.91  user=root
Apr 11 09:07:45 ovzhost sshd[1266]: Failed password for invalid user chmod000 from 218.27.204.27 port 12460 ssh2
Apr 11 09:07:45 ovzhost sshd[1266]: Received disconnect from 218.27.204.27: 11: Bye Bye [preauth]
Apr 11 09:07:46 ovzhost sshd[1268]: Failed password for root from 43.255.190.91 port 50230 ssh2
Apr 11 09:07:47 ovzhost sshd[1264]: message repeated 2 times: [ Failed password for root from 43.255.190.130 port 39736 ssh2]
Apr 11 09:07:47 ovzhost sshd[1264]: Received disconnect from 43.255.190.130: 11:  [preauth]
Apr 11 09:07:47 ovzhost sshd[1264]: PAM 2 more authentication failures; logname= uid=0 euid=0 tty=ssh ruser= rhost=43.255.190.130  user=root
Apr 11 09:07:47 ovzhost sshd[1270]: reverse mapping checking getaddrinfo for 27.204.27.218.adsl-pool.jlccptt.net.cn [218.27.204.27] failed - POSSIBLE BREAK-IN ATTEMPT!
Apr 11 09:07:47 ovzhost sshd[1270]: Invalid user matt from 218.27.204.27
Apr 11 09:07:47 ovzhost sshd[1270]: input_userauth_request: invalid user matt [preauth]
Apr 11 09:07:47 ovzhost sshd[1270]: pam_unix(sshd:auth): check pass; user unknown
Apr 11 09:07:47 ovzhost sshd[1270]: pam_unix(sshd:auth): authentication failure; logname= uid=0 euid=0 tty=ssh ruser= rhost=218.27.204.27 
Apr 11 09:07:49 ovzhost sshd[1272]: pam_unix(sshd:auth): authentication failure; logname= uid=0 euid=0 tty=ssh ruser= rhost=43.255.190.130  user=root
Apr 11 09:07:50 ovzhost sshd[1270]: Failed password for invalid user matt from 218.27.204.27 port 14197 ssh2
Apr 11 09:07:50 ovzhost sshd[1270]: Received disconnect from 218.27.204.27: 11: Bye Bye [preauth]
Apr 11 09:07:50 ovzhost sshd[1272]: Failed password for root from 43.255.190.130 port 58110 ssh2
Apr 11 09:07:51 ovzhost sshd[1268]: message repeated 2 times: [ Failed password for root from 43.255.190.91 port 50230 ssh2]
Apr 11 09:07:51 ovzhost sshd[1268]: Received disconnect from 43.255.190.91: 11:  [preauth]
Apr 11 09:07:51 ovzhost sshd[1268]: PAM 2 more authentication failures; logname= uid=0 euid=0 tty=ssh ruser= rhost=43.255.190.91  user=root
Apr 11 09:07:53 ovzhost sshd[1274]: reverse mapping checking getaddrinfo for 27.204.27.218.adsl-pool.jlccptt.net.cn [218.27.204.27] failed - POSSIBLE BREAK-IN ATTEMPT!
Apr 11 09:07:53 ovzhost sshd[1274]: Invalid user ktuli from 218.27.204.27
Apr 11 09:07:53 ovzhost sshd[1274]: input_userauth_request: invalid user ktuli [preauth]
Apr 11 09:07:53 ovzhost sshd[1274]: pam_unix(sshd:auth): check pass; user unknown
Apr 11 09:07:53 ovzhost sshd[1274]: pam_unix(sshd:auth): authentication failure; logname= uid=0 euid=0 tty=ssh ruser= rhost=218.27.204.27 
Apr 11 09:07:55 ovzhost sshd[1274]: Failed password for invalid user ktuli from 218.27.204.27 port 16172 ssh2
Apr 11 09:07:55 ovzhost sshd[1276]: pam_unix(sshd:auth): authentication failure; logname= uid=0 euid=0 tty=ssh ruser= rhost=43.255.190.91  user=root
Apr 11 09:07:55 ovzhost sshd[1272]: message repeated 2 times: [ Failed password for root from 43.255.190.130 port 58110 ssh2]
Apr 11 09:07:55 ovzhost sshd[1272]: Received disconnect from 43.255.190.130: 11:  [preauth]
Apr 11 09:07:55 ovzhost sshd[1272]: PAM 2 more authentication failures; logname= uid=0 euid=0 tty=ssh ruser= rhost=43.255.190.130  user=root
Apr 11 09:07:55 ovzhost sshd[1274]: Received disconnect from 218.27.204.27: 11: Bye Bye [preauth]
Apr 11 09:07:56 ovzhost sshd[1279]: pam_unix(sshd:auth): authentication failure; logname= uid=0 euid=0 tty=ssh ruser= rhost=43.255.190.130  user=root
Apr 11 09:07:56 ovzhost sshd[1276]: Failed password for root from 43.255.190.91 port 32895 ssh2
Apr 11 09:07:57 ovzhost sshd[1279]: Failed password for root from 43.255.190.130 port 49837 ssh2
Apr 11 09:07:58 ovzhost sshd[1281]: reverse mapping checking getaddrinfo for 27.204.27.218.adsl-pool.jlccptt.net.cn [218.27.204.27] failed - POSSIBLE BREAK-IN ATTEMPT!
Apr 11 09:07:58 ovzhost sshd[1281]: Invalid user egriff from 218.27.204.27
Apr 11 09:07:58 ovzhost sshd[1281]: input_userauth_request: invalid user egriff [preauth]
Apr 11 09:07:58 ovzhost sshd[1281]: pam_unix(sshd:auth): check pass; user unknown
Apr 11 09:07:58 ovzhost sshd[1281]: pam_unix(sshd:auth): authentication failure; logname= uid=0 euid=0 tty=ssh ruser= rhost=218.27.204.27 
Apr 11 09:08:00 ovzhost sshd[1276]: message repeated 2 times: [ Failed password for root from 43.255.190.91 port 32895 ssh2]
Apr 11 09:08:01 ovzhost sshd[1276]: Received disconnect from 43.255.190.91: 11:  [preauth]
Apr 11 09:08:01 ovzhost sshd[1276]: PAM 2 more authentication failures; logname= uid=0 euid=0 tty=ssh ruser= rhost=43.255.190.91  user=root
Apr 11 09:08:01 ovzhost sshd[1281]: Failed password for invalid user egriff from 218.27.204.27 port 17843 ssh2
Apr 11 09:08:01 ovzhost sshd[1281]: Received disconnect from 218.27.204.27: 11: Bye Bye [preauth]
Apr 11 09:08:02 ovzhost sshd[1279]: message repeated 2 times: [ Failed password for root from 43.255.190.130 port 49837 ssh2]
Apr 11 09:08:02 ovzhost sshd[1279]: Received disconnect from 43.255.190.130: 11:  [preauth]
Apr 11 09:08:02 ovzhost sshd[1279]: PAM 2 more authentication failures; logname= uid=0 euid=0 tty=ssh ruser= rhost=43.255.190.130  user=root
Apr 11 09:08:03 ovzhost sshd[1287]: pam_unix(sshd:auth): authentication failure; logname= uid=0 euid=0 tty=ssh ruser= rhost=43.255.190.130  user=root
Apr 11 09:08:03 ovzhost sshd[1283]: pam_unix(sshd:auth): authentication failure; logname= uid=0 euid=0 tty=ssh ruser= rhost=43.255.190.91  user=root
Apr 11 09:08:03 ovzhost sshd[1285]: reverse mapping checking getaddrinfo for 27.204.27.218.adsl-pool.jlccptt.net.cn [218.27.204.27] failed - POSSIBLE BREAK-IN ATTEMPT!
Apr 11 09:08:03 ovzhost sshd[1285]: Invalid user ajoint from 218.27.204.27
Apr 11 09:08:03 ovzhost sshd[1285]: input_userauth_request: invalid user ajoint [preauth]
Apr 11 09:08:03 ovzhost sshd[1285]: pam_unix(sshd:auth): check pass; user unknown
Apr 11 09:08:03 ovzhost sshd[1285]: pam_unix(sshd:auth): authentication failure; logname= uid=0 euid=0 tty=ssh ruser= rhost=218.27.204.27 
Apr 11 09:08:05 ovzhost sshd[1287]: Failed password for root from 43.255.190.130 port 41127 ssh2
Apr 11 09:08:05 ovzhost sshd[1283]: Failed password for root from 43.255.190.91 port 46273 ssh2
Apr 11 09:08:05 ovzhost sshd[1285]: Failed password for invalid user ajoint from 218.27.204.27 port 20104 ssh2
Apr 11 09:08:06 ovzhost sshd[1285]: Received disconnect from 218.27.204.27: 11: Bye Bye [preauth]
Apr 11 09:08:08 ovzhost sshd[1289]: reverse mapping checking getaddrinfo for 27.204.27.218.adsl-pool.jlccptt.net.cn [218.27.204.27] failed - POSSIBLE BREAK-IN ATTEMPT!
Apr 11 09:08:08 ovzhost sshd[1289]: Invalid user bopm from 218.27.204.27
Apr 11 09:08:08 ovzhost sshd[1289]: input_userauth_request: invalid user bopm [preauth]
Apr 11 09:08:08 ovzhost sshd[1289]: pam_unix(sshd:auth): check pass; user unknown
Apr 11 09:08:08 ovzhost sshd[1289]: pam_unix(sshd:auth): authentication failure; logname= uid=0 euid=0 tty=ssh ruser= rhost=218.27.204.27 
Apr 11 09:08:09 ovzhost sshd[1287]: message repeated 2 times: [ Failed password for root from 43.255.190.130 port 41127 ssh2]
Apr 11 09:08:09 ovzhost sshd[1287]: Received disconnect from 43.255.190.130: 11:  [preauth]
Apr 11 09:08:09 ovzhost sshd[1287]: PAM 2 more authentication failures; logname= uid=0 euid=0 tty=ssh ruser= rhost=43.255.190.130  user=root
Apr 11 09:08:09 ovzhost sshd[1283]: message repeated 2 times: [ Failed password for root from 43.255.190.91 port 46273 ssh2]
Apr 11 09:08:09 ovzhost sshd[1283]: Received disconnect from 43.255.190.91: 11:  [preauth]
Apr 11 09:08:09 ovzhost sshd[1283]: PAM 2 more authentication failures; logname= uid=0 euid=0 tty=ssh ruser= rhost=43.255.190.91  user=root
Apr 11 09:08:09 ovzhost sshd[1291]: pam_unix(sshd:auth): authentication failure; logname= uid=0 euid=0 tty=ssh ruser= rhost=43.255.190.130  user=root
Apr 11 09:08:10 ovzhost sshd[1289]: Failed password for invalid user bopm from 218.27.204.27 port 21811 ssh2
