Apr 11 09:08:10 ovzhost sshd[1293]: pam_unix(sshd:auth): authentication failure; logname= uid=0 euid=0 tty=ssh ruser= rhost=43.255.190.91  user=root
Apr 11 09:08:10 ovzhost sshd[1289]: Received disconnect from 218.27.204.27: 11: Bye Bye [preauth]
Apr 11 09:08:12 ovzhost sshd[1291]: Failed password for root from 43.255.190.130 port 58303 ssh2
Apr 11 09:08:13 ovzhost sshd[1293]: Failed password for root from 43.255.190.91 port 57588 ssh2
Apr 11 09:08:13 ovzhost sshd[1295]: reverse mapping checking getaddrinfo for 27.204.27.218.adsl-pool.jlccptt.net.cn [218.27.204.27] failed - POSSIBLE BREAK-IN ATTEMPT!
Apr 11 09:08:13 ovzhost sshd[1295]: Invalid user hardy from 218.27.204.27
Apr 11 09:08:13 ovzhost sshd[1295]: input_userauth_request: invalid user hardy [preauth]
Apr 11 09:08:13 ovzhost sshd[1295]: pam_unix(sshd:auth): check pass; user unknown
Apr 11 09:08:13 ovzhost sshd[1295]: pam_unix(sshd:auth): authentication failure; logname= uid=0 euid=0 tty=ssh ruser= rhost=218.27.204.27 
Apr 11 09:08:15 ovzhost sshd[1295]: Failed password for invalid user hardy from 218.27.204.27 port 23490 ssh2
Apr 11 09:08:15 ovzhost sshd[1295]: Received disconnect from 218.27.204.27: 11: Bye Bye [preauth]
Apr 11 09:08:16 ovzhost sshd[1291]: message repeated 2 times: [ Failed password for root from 43.255.190.130 port 58303 ssh2]
Apr 11 09:08:16 ovzhost sshd[1291]: Received disconnect from 43.255.190.130: 11:  [preauth]
Apr 11 09:08:16 ovzhost sshd[1291]: PAM 2 more authentication failures; logname= uid=0 euid=0 tty=ssh ruser= rhost=43.255.190.130  user=root
Apr 11 09:08:17 ovzhost sshd[1301]: pam_unix(sshd:auth): authentication failure; logname= uid=0 euid=0 tty=ssh ruser= rhost=43.255.190.130  user=root
Apr 11 09:08:17 ovzhost sshd[1293]: message repeated 2 times: [ Failed password for root from 43.255.190.91 port 57588 ssh2]
Apr 11 09:08:17 ovzhost sshd[1293]: Received disconnect from 43.255.190.91: 11:  [preauth]
Apr 11 09:08:17 ovzhost sshd[1293]: PAM 2 more authentication failures; logname= uid=0 euid=0 tty=ssh ruser= rhost=43.255.190.91  user=root
Apr 11 09:08:18 ovzhost sshd[1299]: reverse mapping checking getaddrinfo for 27.204.27.218.adsl-pool.jlccptt.net.cn [218.27.204.27] failed - POSSIBLE BREAK-IN ATTEMPT!
Apr 11 09:08:18 ovzhost sshd[1299]: Invalid user pjn from 218.27.204.27
Apr 11 09:08:18 ovzhost sshd[1299]: input_userauth_request: invalid user pjn [preauth]
Apr 11 09:08:18 ovzhost sshd[1299]: pam_unix(sshd:auth): check pass; user unknown
Apr 11 09:08:18 ovzhost sshd[1299]: pam_unix(sshd:auth): authentication failure; logname= uid=0 euid=0 tty=ssh ruser= rhost=218.27.204.27 
Apr 11 09:08:19 ovzhost sshd[1301]: Failed password for root from 43.255.190.130 port 48828 ssh2
Apr 11 09:08:20 ovzhost sshd[1303]: pam_unix(sshd:auth): authentication failure; logname= uid=0 euid=0 tty=ssh ruser= rhost=43.255.190.91  user=root
Apr 11 09:08:20 ovzhost sshd[1299]: Failed password for invalid user pjn from 218.27.204.27 port 25213 ssh2
Apr 11 09:08:20 ovzhost sshd[1299]: Received disconnect from 218.27.204.27: 11: Bye Bye [preauth]
Apr 11 09:08:22 ovzhost sshd[1303]: Failed password for root from 43.255.190.91 port 40615 ssh2
Apr 11 09:08:23 ovzhost sshd[1301]: message repeated 2 times: [ Failed password for root from 43.255.190.130 port 48828 ssh2]
Apr 11 09:08:24 ovzhost sshd[1301]: Received disconnect from 43.255.190.130: 11:  [preauth]
Apr 11 09:08:24 ovzhost sshd[1301]: PAM 2 more authentication failures; logname= uid=0 euid=0 tty=ssh ruser= rhost=43.255.190.130  user=root
Apr 11 09:08:24 ovzhost sshd[1305]: reverse mapping checking getaddrinfo for 27.204.27.218.adsl-pool.jlccptt.net.cn [218.27.204.27] failed - POSSIBLE BREAK-IN ATTEMPT!
Apr 11 09:08:24 ovzhost sshd[1305]: Invalid user xc450r from 218.27.204.27
Apr 11 09:08:24 ovzhost sshd[1305]: input_userauth_request: invalid user xc450r [preauth]
Apr 11 09:08:24 ovzhost sshd[1305]: pam_unix(sshd:auth): check pass; user unknown
Apr 11 09:08:24 ovzhost sshd[1305]: pam_unix(sshd:auth): authentication failure; logname= uid=0 euid=0 tty=ssh ruser= rhost=218.27.204.27 
Apr 11 09:08:24 ovzhost sshd[1309]: pam_unix(sshd:auth): authentication failure; logname= uid=0 euid=0 tty=ssh ruser= rhost=43.255.190.130  user=root
Apr 11 09:08:26 ovzhost sshd[1305]: Failed password for invalid user xc450r from 218.27.204.27 port 27025 ssh2
Apr 11 09:08:26 ovzhost sshd[1305]: Received disconnect from 218.27.204.27: 11: Bye Bye [preauth]
Apr 11 09:08:27 ovzhost sshd[1309]: Failed password for root from 43.255.190.130 port 38516 ssh2
Apr 11 09:08:27 ovzhost sshd[1303]: message repeated 2 times: [ Failed password for root from 43.255.190.91 port 40615 ssh2]
Apr 11 09:08:27 ovzhost sshd[1303]: Received disconnect from 43.255.190.91: 11:  [preauth]
Apr 11 09:08:27 ovzhost sshd[1303]: PAM 2 more authentication failures; logname= uid=0 euid=0 tty=ssh ruser= rhost=43.255.190.91  user=root
Apr 11 09:08:29 ovzhost sshd[1311]: reverse mapping checking getaddrinfo for 27.204.27.218.adsl-pool.jlccptt.net.cn [218.27.204.27] failed - POSSIBLE BREAK-IN ATTEMPT!
Apr 11 09:08:29 ovzhost sshd[1311]: Invalid user osc from 218.27.204.27
Apr 11 09:08:29 ovzhost sshd[1311]: input_userauth_request: invalid user osc [preauth]
Apr 11 09:08:29 ovzhost sshd[1311]: pam_unix(sshd:auth): check pass; user unknown
Apr 11 09:08:29 ovzhost sshd[1311]: pam_unix(sshd:auth): authentication failure; logname= uid=0 euid=0 tty=ssh ruser= rhost=218.27.204.27 
Apr 11 09:08:31 ovzhost sshd[1311]: Failed password for invalid user osc from 218.27.204.27 port 29117 ssh2
Apr 11 09:08:31 ovzhost sshd[1309]: message repeated 2 times: [ Failed password for root from 43.255.190.130 port 38516 ssh2]
Apr 11 09:08:31 ovzhost sshd[1309]: Received disconnect from 43.255.190.130: 11:  [preauth]
Apr 11 09:08:31 ovzhost sshd[1309]: PAM 2 more authentication failures; logname= uid=0 euid=0 tty=ssh ruser= rhost=43.255.190.130  user=root
Apr 11 09:08:31 ovzhost sshd[1311]: Received disconnect from 218.27.204.27: 11: Bye Bye [preauth]
Apr 11 09:08:32 ovzhost sshd[1315]: pam_unix(sshd:auth): authentication failure; logname= uid=0 euid=0 tty=ssh ruser= rhost=43.255.190.130  user=root
Apr 11 09:08:34 ovzhost sshd[1317]: reverse mapping checking getaddrinfo for 27.204.27.218.adsl-pool.jlccptt.net.cn [218.27.204.27] failed - POSSIBLE BREAK-IN ATTEMPT!
Apr 11 09:08:34 ovzhost sshd[1317]: Invalid user lemon from 218.27.204.27
Apr 11 09:08:34 ovzhost sshd[1317]: input_userauth_request: invalid user lemon [preauth]
Apr 11 09:08:34 ovzhost sshd[1317]: pam_unix(sshd:auth): check pass; user unknown
Apr 11 09:08:34 ovzhost sshd[1317]: pam_unix(sshd:auth): authentication failure; logname= uid=0 euid=0 tty=ssh ruser= rhost=218.27.204.27 
Apr 11 09:08:34 ovzhost sshd[1315]: Failed password for root from 43.255.190.130 port 56980 ssh2
Apr 11 09:08:36 ovzhost sshd[1317]: Failed password for invalid user lemon from 218.27.204.27 port 30888 ssh2
Apr 11 09:08:36 ovzhost sshd[1317]: Received disconnect from 218.27.204.27: 11: Bye Bye [preauth]
Apr 11 09:08:39 ovzhost sshd[1320]: reverse mapping checking getaddrinfo for 27.204.27.218.adsl-pool.jlccptt.net.cn [218.27.204.27] failed - POSSIBLE BREAK-IN ATTEMPT!
Apr 11 09:08:39 ovzhost sshd[1320]: Invalid user mamalink from 218.27.204.27
Apr 11 09:08:39 ovzhost sshd[1320]: input_userauth_request: invalid user mamalink [preauth]
Apr 11 09:08:39 ovzhost sshd[1320]: pam_unix(sshd:auth): check pass; user unknown
Apr 11 09:08:39 ovzhost sshd[1320]: pam_unix(sshd:auth): authentication failure; logname= uid=0 euid=0 tty=ssh ruser= rhost=218.27.204.27 
Apr 11 09:08:39 ovzhost sshd[1315]: message repeated 2 times: [ Failed password for root from 43.255.190.130 port 56980 ssh2]
Apr 11 09:08:39 ovzhost sshd[1315]: Received disconnect from 43.255.190.130: 11:  [preauth]
Apr 11 09:08:39 ovzhost sshd[1315]: PAM 2 more authentication failures; logname= uid=0 euid=0 tty=ssh ruser= rhost=43.255.190.130  user=root
Apr 11 09:08:39 ovzhost sshd[1322]: pam_unix(sshd:auth): authentication failure; logname= uid=0 euid=0 tty=ssh ruser= rhost=43.255.190.130  user=root
Apr 11 09:08:39 ovzhost sshd[1313]: pam_unix(sshd:auth): authentication failure; logname= uid=0 euid=0 tty=ssh ruser= rhost=43.255.190.91  user=root
Apr 11 09:08:41 ovzhost sshd[1320]: Failed password for invalid user mamalink from 218.27.204.27 port 32673 ssh2
Apr 11 09:08:41 ovzhost sshd[1320]: Received disconnect from 218.27.204.27: 11: Bye Bye [preauth]
Apr 11 09:08:42 ovzhost sshd[1322]: Failed password for root from 43.255.190.130 port 47698 ssh2
Apr 11 09:08:42 ovzhost sshd[1313]: Failed password for root from 43.255.190.91 port 53790 ssh2
Apr 11 09:08:44 ovzhost sshd[1324]: reverse mapping checking getaddrinfo for 27.204.27.218.adsl-pool.jlccptt.net.cn [218.27.204.27] failed - POSSIBLE BREAK-IN ATTEMPT!
Apr 11 09:08:44 ovzhost sshd[1324]: Invalid user kid from 218.27.204.27
Apr 11 09:08:44 ovzhost sshd[1324]: input_userauth_request: invalid user kid [preauth]
Apr 11 09:08:44 ovzhost sshd[1324]: pam_unix(sshd:auth): check pass; user unknown
Apr 11 09:08:44 ovzhost sshd[1324]: pam_unix(sshd:auth): authentication failure; logname= uid=0 euid=0 tty=ssh ruser= rhost=218.27.204.27 
Apr 11 09:08:46 ovzhost sshd[1324]: Failed password for invalid user kid from 218.27.204.27 port 34427 ssh2
Apr 11 09:08:46 ovzhost sshd[1324]: Received disconnect from 218.27.204.27: 11: Bye Bye [preauth]
Apr 11 09:08:47 ovzhost sshd[1313]: message repeated 2 times: [ Failed password for root from 43.255.190.91 port 53790 ssh2]
Apr 11 09:08:47 ovzhost sshd[1313]: Received disconnect from 43.255.190.91: 11:  [preauth]
Apr 11 09:08:47 ovzhost sshd[1313]: PAM 2 more authentication failures; logname= uid=0 euid=0 tty=ssh ruser= rhost=43.255.190.91  user=root
Apr 11 09:08:47 ovzhost sshd[1322]: message repeated 2 times: [ Failed password for root from 43.255.190.130 port 47698 ssh2]
Apr 11 09:08:47 ovzhost sshd[1322]: Received disconnect from 43.255.190.130: 11:  [preauth]
Apr 11 09:08:47 ovzhost sshd[1322]: PAM 2 more authentication failures; logname= uid=0 euid=0 tty=ssh ruser= rhost=43.255.190.130  user=root
Apr 11 09:08:47 ovzhost sshd[1327]: pam_unix(sshd:auth): authentication failure; logname= uid=0 euid=0 tty=ssh ruser= rhost=43.255.190.130  user=root
Apr 11 09:08:47 ovzhost sshd[1326]: pam_unix(sshd:auth): authentication failure; logname= uid=0 euid=0 tty=ssh ruser= rhost=43.255.190.91  user=root
Apr 11 09:08:49 ovzhost sshd[1330]: reverse mapping checking getaddrinfo for 27.204.27.218.adsl-pool.jlccptt.net.cn [218.27.204.27] failed - POSSIBLE BREAK-IN ATTEMPT!
Apr 11 09:08:49 ovzhost sshd[1330]: Invalid user androsyn from 218.27.204.27
Apr 11 09:08:49 ovzhost sshd[1330]: input_userauth_request: invalid user androsyn [preauth]
Apr 11 09:08:49 ovzhost sshd[1330]: pam_unix(sshd:auth): check pass; user unknown
Apr 11 09:08:49 ovzhost sshd[1330]: pam_unix(sshd:auth): authentication failure; logname= uid=0 euid=0 tty=ssh ruser= rhost=218.27.204.27 
Apr 11 09:08:50 ovzhost sshd[1327]: Failed password for root from 43.255.190.130 port 38886 ssh2
Apr 11 09:08:50 ovzhost sshd[1326]: Failed password for root from 43.255.190.91 port 52316 ssh2
Apr 11 09:08:51 ovzhost sshd[1330]: Failed password for invalid user androsyn from 218.27.204.27 port 36239 ssh2
Apr 11 09:08:51 ovzhost sshd[1330]: Received disconnect from 218.27.204.27: 11: Bye Bye [preauth]
Apr 11 09:08:53 ovzhost sshd[1332]: reverse mapping checking getaddrinfo for 27.204.27.218.adsl-pool.jlccptt.net.cn [218.27.204.27] failed - POSSIBLE BREAK-IN ATTEMPT!
Apr 11 09:08:53 ovzhost sshd[1332]: Invalid user chad from 218.27.204.27
Apr 11 09:08:53 ovzhost sshd[1332]: input_userauth_request: invalid user chad [preauth]
Apr 11 09:08:53 ovzhost sshd[1332]: pam_unix(sshd:auth): check pass; user unknown
Apr 11 09:08:53 ovzhost sshd[1332]: pam_unix(sshd:auth): authentication failure; logname= uid=0 euid=0 tty=ssh ruser= rhost=218.27.204.27 
Apr 11 09:08:54 ovzhost sshd[1327]: message repeated 2 times: [ Failed password for root from 43.255.190.130 port 38886 ssh2]
Apr 11 09:08:54 ovzhost sshd[1327]: Received disconnect from 43.255.190.130: 11:  [preauth]
Apr 11 09:08:54 ovzhost sshd[1327]: PAM 2 more authentication failures; logname= uid=0 euid=0 tty=ssh ruser= rhost=43.255.190.130  user=root
Apr 11 09:08:54 ovzhost sshd[1326]: message repeated 2 times: [ Failed password for root from 43.255.190.91 port 52316 ssh2]
Apr 11 09:08:54 ovzhost sshd[1326]: Received disconnect from 43.255.190.91: 11:  [preauth]
Apr 11 09:08:54 ovzhost sshd[1326]: PAM 2 more authentication failures; logname= uid=0 euid=0 tty=ssh ruser= rhost=43.255.190.91  user=root
Apr 11 09:08:54 ovzhost sshd[1336]: pam_unix(sshd:auth): authentication failure; logname= uid=0 euid=0 tty=ssh ruser= rhost=43.255.190.130  user=root
Apr 11 09:08:55 ovzhost sshd[1332]: Failed password for invalid user chad from 218.27.204.27 port 37833 ssh2
Apr 11 09:08:56 ovzhost sshd[1332]: Received disconnect from 218.27.204.27: 11: Bye Bye [preauth]
Apr 11 09:08:56 ovzhost sshd[1338]: pam_unix(sshd:auth): authentication failure; logname= uid=0 euid=0 tty=ssh ruser= rhost=43.255.190.91  user=root
Apr 11 09:08:57 ovzhost sshd[1336]: Failed password for root from 43.255.190.130 port 57184 ssh2
Apr 11 09:08:58 ovzhost sshd[1340]: reverse mapping checking getaddrinfo for 27.204.27.218.adsl-pool.jlccptt.net.cn [218.27.204.27] failed - POSSIBLE BREAK-IN ATTEMPT!
Apr 11 09:08:58 ovzhost sshd[1340]: Invalid user donna from 218.27.204.27
Apr 11 09:08:58 ovzhost sshd[1340]: input_userauth_request: invalid user donna [preauth]
Apr 11 09:08:58 ovzhost sshd[1340]: pam_unix(sshd:auth): check pass; user unknown
Apr 11 09:08:58 ovzhost sshd[1340]: pam_unix(sshd:auth): authentication failure; logname= uid=0 euid=0 tty=ssh ruser= rhost=218.27.204.27 
Apr 11 09:08:58 ovzhost sshd[1338]: Failed password for root from 43.255.190.91 port 34612 ssh2
Apr 11 09:09:00 ovzhost sshd[1340]: Failed password for invalid user donna from 218.27.204.27 port 39601 ssh2
Apr 11 09:09:01 ovzhost sshd[1340]: Received disconnect from 218.27.204.27: 11: Bye Bye [preauth]
Apr 11 09:09:01 ovzhost CRON[1343]: pam_env(cron:session): Unable to open env file: /etc/default/locale: No such file or directory
Apr 11 09:09:01 ovzhost CRON[1342]: pam_env(cron:session): Unable to open env file: /etc/default/locale: No such file or directory
Apr 11 09:09:01 ovzhost CRON[1343]: pam_unix(cron:session): session opened for user root by (uid=0)
Apr 11 09:09:01 ovzhost CRON[1342]: pam_unix(cron:session): session opened for user root by (uid=0)
Apr 11 09:09:01 ovzhost CRON[1342]: pam_unix(cron:session): session closed for user root
Apr 11 09:09:01 ovzhost CRON[1343]: pam_unix(cron:session): session closed for user root
Apr 11 09:09:02 ovzhost sshd[1336]: message repeated 2 times: [ Failed password for root from 43.255.190.130 port 57184 ssh2]
Apr 11 09:09:02 ovzhost sshd[1336]: Received disconnect from 43.255.190.130: 11:  [preauth]
Apr 11 09:09:02 ovzhost sshd[1336]: PAM 2 more authentication failures; logname= uid=0 euid=0 tty=ssh ruser= rhost=43.255.190.130  user=root
Apr 11 09:09:02 ovzhost sshd[1358]: pam_unix(sshd:auth): authentication failure; logname= uid=0 euid=0 tty=ssh ruser= rhost=43.255.190.130  user=root
Apr 11 09:09:02 ovzhost sshd[1338]: message repeated 2 times: [ Failed password for root from 43.255.190.91 port 34612 ssh2]
Apr 11 09:09:02 ovzhost sshd[1338]: Received disconnect from 43.255.190.91: 11:  [preauth]
Apr 11 09:09:02 ovzhost sshd[1338]: PAM 2 more authentication failures; logname= uid=0 euid=0 tty=ssh ruser= rhost=43.255.190.91  user=root
Apr 11 09:09:03 ovzhost sshd[1356]: reverse mapping checking getaddrinfo for 27.204.27.218.adsl-pool.jlccptt.net.cn [218.27.204.27] failed - POSSIBLE BREAK-IN ATTEMPT!
Apr 11 09:09:03 ovzhost sshd[1356]: Invalid user lurkin from 218.27.204.27
Apr 11 09:09:03 ovzhost sshd[1356]: input_userauth_request: invalid user lurkin [preauth]
Apr 11 09:09:03 ovzhost sshd[1356]: pam_unix(sshd:auth): check pass; user unknown
Apr 11 09:09:03 ovzhost sshd[1356]: pam_unix(sshd:auth): authentication failure; logname= uid=0 euid=0 tty=ssh ruser= rhost=218.27.204.27 
Apr 11 09:09:04 ovzhost sshd[1358]: Failed password for root from 43.255.190.130 port 47741 ssh2
Apr 11 09:09:05 ovzhost sshd[1356]: Failed password for invalid user lurkin from 218.27.204.27 port 41674 ssh2
Apr 11 09:09:05 ovzhost sshd[1356]: Received disconnect from 218.27.204.27: 11: Bye Bye [preauth]
Apr 11 09:09:08 ovzhost sshd[1362]: reverse mapping checking getaddrinfo for 27.204.27.218.adsl-pool.jlccptt.net.cn [218.27.204.27] failed - POSSIBLE BREAK-IN ATTEMPT!
Apr 11 09:09:08 ovzhost sshd[1362]: Invalid user josette from 218.27.204.27
Apr 11 09:09:08 ovzhost sshd[1362]: input_userauth_request: invalid user josette [preauth]
Apr 11 09:09:08 ovzhost sshd[1362]: pam_unix(sshd:auth): check pass; user unknown
Apr 11 09:09:08 ovzhost sshd[1362]: pam_unix(sshd:auth): authentication failure; logname= uid=0 euid=0 tty=ssh ruser= rhost=218.27.204.27 
Apr 11 09:09:08 ovzhost sshd[1358]: message repeated 2 times: [ Failed password for root from 43.255.190.130 port 47741 ssh2]
Apr 11 09:09:08 ovzhost sshd[1358]: Received disconnect from 43.255.190.130: 11:  [preauth]
Apr 11 09:09:08 ovzhost sshd[1358]: PAM 2 more authentication failures; logname= uid=0 euid=0 tty=ssh ruser= rhost=43.255.190.130  user=root
Apr 11 09:09:08 ovzhost sshd[1360]: pam_unix(sshd:auth): authentication failure; logname= uid=0 euid=0 tty=ssh ruser= rhost=43.255.190.91  user=root
Apr 11 09:09:09 ovzhost sshd[1364]: pam_unix(sshd:auth): authentication failure; logname= uid=0 euid=0 tty=ssh ruser= rhost=43.255.190.130  user=root
Apr 11 09:09:10 ovzhost sshd[1362]: Failed password for invalid user josette from 218.27.204.27 port 43554 ssh2
Apr 11 09:09:10 ovzhost sshd[1362]: Received disconnect from 218.27.204.27: 11: Bye Bye [preauth]
Apr 11 09:09:10 ovzhost sshd[1360]: Failed password for root from 43.255.190.91 port 46043 ssh2
Apr 11 09:09:11 ovzhost sshd[1364]: Failed password for root from 43.255.190.130 port 37075 ssh2
Apr 11 09:09:13 ovzhost sshd[1366]: reverse mapping checking getaddrinfo for 27.204.27.218.adsl-pool.jlccptt.net.cn [218.27.204.27] failed - POSSIBLE BREAK-IN ATTEMPT!
Apr 11 09:09:13 ovzhost sshd[1366]: Invalid user liam from 218.27.204.27
Apr 11 09:09:13 ovzhost sshd[1366]: input_userauth_request: invalid user liam [preauth]
Apr 11 09:09:13 ovzhost sshd[1366]: pam_unix(sshd:auth): check pass; user unknown
Apr 11 09:09:13 ovzhost sshd[1366]: pam_unix(sshd:auth): authentication failure; logname= uid=0 euid=0 tty=ssh ruser= rhost=218.27.204.27 
Apr 11 09:09:14 ovzhost sshd[1366]: Failed password for invalid user liam from 218.27.204.27 port 45435 ssh2
Apr 11 09:09:15 ovzhost sshd[1366]: Received disconnect from 218.27.204.27: 11: Bye Bye [preauth]
Apr 11 09:09:15 ovzhost sshd[1360]: message repeated 2 times: [ Failed password for root from 43.255.190.91 port 46043 ssh2]
Apr 11 09:09:15 ovzhost sshd[1360]: Received disconnect from 43.255.190.91: 11:  [preauth]
Apr 11 09:09:15 ovzhost sshd[1360]: PAM 2 more authentication failures; logname= uid=0 euid=0 tty=ssh ruser= rhost=43.255.190.91  user=root
Apr 11 09:09:15 ovzhost sshd[1364]: message repeated 2 times: [ Failed password for root from 43.255.190.130 port 37075 ssh2]
Apr 11 09:09:15 ovzhost sshd[1364]: Received disconnect from 43.255.190.130: 11:  [preauth]
Apr 11 09:09:15 ovzhost sshd[1364]: PAM 2 more authentication failures; logname= uid=0 euid=0 tty=ssh ruser= rhost=43.255.190.130  user=root
Apr 11 09:09:16 ovzhost sshd[1371]: pam_unix(sshd:auth): authentication failure; logname= uid=0 euid=0 tty=ssh ruser= rhost=43.255.190.130  user=root
Apr 11 09:09:17 ovzhost sshd[1368]: reverse mapping checking getaddrinfo for 27.204.27.218.adsl-pool.jlccptt.net.cn [218.27.204.27] failed - POSSIBLE BREAK-IN ATTEMPT!
Apr 11 09:09:17 ovzhost sshd[1368]: Invalid user money from 218.27.204.27
Apr 11 09:09:17 ovzhost sshd[1368]: input_userauth_request: invalid user money [preauth]
Apr 11 09:09:17 ovzhost sshd[1368]: pam_unix(sshd:auth): check pass; user unknown
Apr 11 09:09:17 ovzhost sshd[1368]: pam_unix(sshd:auth): authentication failure; logname= uid=0 euid=0 tty=ssh ruser= rhost=218.27.204.27 
Apr 11 09:09:17 ovzhost sshd[1371]: Failed password for root from 43.255.190.130 port 54924 ssh2
Apr 11 09:09:19 ovzhost sshd[1369]: pam_unix(sshd:auth): authentication failure; logname= uid=0 euid=0 tty=ssh ruser= rhost=43.255.190.91  user=root
Apr 11 09:09:19 ovzhost sshd[1368]: Failed password for invalid user money from 218.27.204.27 port 47133 ssh2
Apr 11 09:09:19 ovzhost sshd[1368]: Received disconnect from 218.27.204.27: 11: Bye Bye [preauth]
Apr 11 09:09:21 ovzhost sshd[1369]: Failed password for root from 43.255.190.91 port 35857 ssh2
Apr 11 09:09:22 ovzhost sshd[1371]: message repeated 2 times: [ Failed password for root from 43.255.190.130 port 54924 ssh2]
Apr 11 09:09:22 ovzhost sshd[1371]: Received disconnect from 43.255.190.130: 11:  [preauth]
Apr 11 09:09:22 ovzhost sshd[1371]: PAM 2 more authentication failures; logname= uid=0 euid=0 tty=ssh ruser= rhost=43.255.190.130  user=root
Apr 11 09:09:22 ovzhost sshd[1374]: reverse mapping checking getaddrinfo for 27.204.27.218.adsl-pool.jlccptt.net.cn [218.27.204.27] failed - POSSIBLE BREAK-IN ATTEMPT!
Apr 11 09:09:22 ovzhost sshd[1374]: Invalid user jmh132 from 218.27.204.27
Apr 11 09:09:22 ovzhost sshd[1374]: input_userauth_request: invalid user jmh132 [preauth]
Apr 11 09:09:22 ovzhost sshd[1374]: pam_unix(sshd:auth): check pass; user unknown
Apr 11 09:09:22 ovzhost sshd[1374]: pam_unix(sshd:auth): authentication failure; logname= uid=0 euid=0 tty=ssh ruser= rhost=218.27.204.27 
Apr 11 09:09:22 ovzhost sshd[1376]: pam_unix(sshd:auth): authentication failure; logname= uid=0 euid=0 tty=ssh ruser= rhost=43.255.190.130  user=root
Apr 11 09:09:24 ovzhost sshd[1374]: Failed password for invalid user jmh132 from 218.27.204.27 port 49096 ssh2
Apr 11 09:09:25 ovzhost sshd[1376]: Failed password for root from 43.255.190.130 port 43132 ssh2
Apr 11 09:09:25 ovzhost sshd[1374]: Received disconnect from 218.27.204.27: 11: Bye Bye [preauth]
Apr 11 09:09:26 ovzhost sshd[1369]: message repeated 2 times: [ Failed password for root from 43.255.190.91 port 35857 ssh2]
Apr 11 09:09:26 ovzhost sshd[1369]: Received disconnect from 43.255.190.91: 11:  [preauth]
Apr 11 09:09:26 ovzhost sshd[1369]: PAM 2 more authentication failures; logname= uid=0 euid=0 tty=ssh ruser= rhost=43.255.190.91  user=root
Apr 11 09:09:26 ovzhost sshd[1381]: pam_unix(sshd:auth): authentication failure; logname= uid=0 euid=0 tty=ssh ruser= rhost=43.255.190.91  user=root
Apr 11 09:09:27 ovzhost sshd[1379]: reverse mapping checking getaddrinfo for 27.204.27.218.adsl-pool.jlccptt.net.cn [218.27.204.27] failed - POSSIBLE BREAK-IN ATTEMPT!
Apr 11 09:09:27 ovzhost sshd[1379]: Invalid user cfinfo from 218.27.204.27
Apr 11 09:09:27 ovzhost sshd[1379]: input_userauth_request: invalid user cfinfo [preauth]
Apr 11 09:09:27 ovzhost sshd[1379]: pam_unix(sshd:auth): check pass; user unknown
Apr 11 09:09:27 ovzhost sshd[1379]: pam_unix(sshd:auth): authentication failure; logname= uid=0 euid=0 tty=ssh ruser= rhost=218.27.204.27 
Apr 11 09:09:28 ovzhost sshd[1376]: message repeated 2 times: [ Failed password for root from 43.255.190.130 port 43132 ssh2]
Apr 11 09:09:28 ovzhost sshd[1376]: Received disconnect from 43.255.190.130: 11:  [preauth]
Apr 11 09:09:28 ovzhost sshd[1376]: PAM 2 more authentication failures; logname= uid=0 euid=0 tty=ssh ruser= rhost=43.255.190.130  user=root
Apr 11 09:09:28 ovzhost sshd[1381]: Failed password for root from 43.255.190.91 port 51973 ssh2
Apr 11 09:09:28 ovzhost sshd[1383]: pam_unix(sshd:auth): authentication failure; logname= uid=0 euid=0 tty=ssh ruser= rhost=43.255.190.130  user=root
Apr 11 09:09:29 ovzhost sshd[1379]: Failed password for invalid user cfinfo from 218.27.204.27 port 51138 ssh2
Apr 11 09:09:29 ovzhost sshd[1379]: Received disconnect from 218.27.204.27: 11: Bye Bye [preauth]
Apr 11 09:09:30 ovzhost sshd[1387]: Connection closed by 127.0.0.1 [preauth]
Apr 11 09:09:30 ovzhost sshd[1383]: Failed password for root from 43.255.190.130 port 59186 ssh2
Apr 11 09:09:33 ovzhost sshd[1385]: reverse mapping checking getaddrinfo for 27.204.27.218.adsl-pool.jlccptt.net.cn [218.27.204.27] failed - POSSIBLE BREAK-IN ATTEMPT!
Apr 11 09:09:33 ovzhost sshd[1385]: Invalid user shanequa from 218.27.204.27
Apr 11 09:09:33 ovzhost sshd[1385]: input_userauth_request: invalid user shanequa [preauth]
Apr 11 09:09:33 ovzhost sshd[1385]: pam_unix(sshd:auth): check pass; user unknown
Apr 11 09:09:33 ovzhost sshd[1385]: pam_unix(sshd:auth): authentication failure; logname= uid=0 euid=0 tty=ssh ruser= rhost=218.27.204.27 
Apr 11 09:09:32 ovzhost sshd[1381]: message repeated 2 times: [ Failed password for root from 43.255.190.91 port 51973 ssh2]
Apr 11 09:09:33 ovzhost sshd[1381]: Received disconnect from 43.255.190.91: 11:  [preauth]
Apr 11 09:09:33 ovzhost sshd[1381]: PAM 2 more authentication failures; logname= uid=0 euid=0 tty=ssh ruser= rhost=43.255.190.91  user=root
Apr 11 09:09:33 ovzhost sshd[1390]: pam_unix(sshd:auth): authentication failure; logname= uid=0 euid=0 tty=ssh ruser= rhost=43.255.190.91  user=root
Apr 11 09:09:35 ovzhost sshd[1385]: Failed password for invalid user shanequa from 218.27.204.27 port 52972 ssh2
Apr 11 09:09:35 ovzhost sshd[1385]: Received disconnect from 218.27.204.27: 11: Bye Bye [preauth]
Apr 11 09:09:35 ovzhost sshd[1383]: message repeated 2 times: [ Failed password for root from 43.255.190.130 port 59186 ssh2]
Apr 11 09:09:35 ovzhost sshd[1383]: Received disconnect from 43.255.190.130: 11:  [preauth]
Apr 11 09:09:35 ovzhost sshd[1383]: PAM 2 more authentication failures; logname= uid=0 euid=0 tty=ssh ruser= rhost=43.255.190.130  user=root
Apr 11 09:09:35 ovzhost sshd[1390]: Failed password for root from 43.255.190.91 port 34224 ssh2
Apr 11 09:09:36 ovzhost sshd[1392]: pam_unix(sshd:auth): authentication failure; logname= uid=0 euid=0 tty=ssh ruser= rhost=43.255.190.130  user=root
Apr 11 09:09:38 ovzhost sshd[1394]: reverse mapping checking getaddrinfo for 27.204.27.218.adsl-pool.jlccptt.net.cn [218.27.204.27] failed - POSSIBLE BREAK-IN ATTEMPT!
Apr 11 09:09:38 ovzhost sshd[1394]: Invalid user cjoint from 218.27.204.27
Apr 11 09:09:38 ovzhost sshd[1394]: input_userauth_request: invalid user cjoint [preauth]
Apr 11 09:09:38 ovzhost sshd[1394]: pam_unix(sshd:auth): check pass; user unknown
Apr 11 09:09:38 ovzhost sshd[1394]: pam_unix(sshd:auth): authentication failure; logname= uid=0 euid=0 tty=ssh ruser= rhost=218.27.204.27 
Apr 11 09:09:38 ovzhost sshd[1392]: Failed password for root from 43.255.190.130 port 48948 ssh2
Apr 11 09:09:39 ovzhost sshd[1394]: Failed password for invalid user cjoint from 218.27.204.27 port 55515 ssh2
Apr 11 09:09:40 ovzhost sshd[1394]: Received disconnect from 218.27.204.27: 11: Bye Bye [preauth]
Apr 11 09:09:40 ovzhost sshd[1390]: message repeated 2 times: [ Failed password for root from 43.255.190.91 port 34224 ssh2]
Apr 11 09:09:40 ovzhost sshd[1390]: Received disconnect from 43.255.190.91: 11:  [preauth]
Apr 11 09:09:40 ovzhost sshd[1390]: PAM 2 more authentication failures; logname= uid=0 euid=0 tty=ssh ruser= rhost=43.255.190.91  user=root
Apr 11 09:09:42 ovzhost sshd[1392]: message repeated 2 times: [ Failed password for root from 43.255.190.130 port 48948 ssh2]
Apr 11 09:09:42 ovzhost sshd[1392]: Received disconnect from 43.255.190.130: 11:  [preauth]
Apr 11 09:09:42 ovzhost sshd[1392]: PAM 2 more authentication failures; logname= uid=0 euid=0 tty=ssh ruser= rhost=43.255.190.130  user=root
Apr 11 09:09:42 ovzhost sshd[1398]: reverse mapping checking getaddrinfo for 27.204.27.218.adsl-pool.jlccptt.net.cn [218.27.204.27] failed - POSSIBLE BREAK-IN ATTEMPT!
Apr 11 09:09:42 ovzhost sshd[1398]: Invalid user mjoint from 218.27.204.27
Apr 11 09:09:42 ovzhost sshd[1398]: input_userauth_request: invalid user mjoint [preauth]
Apr 11 09:09:42 ovzhost sshd[1398]: pam_unix(sshd:auth): check pass; user unknown
Apr 11 09:09:42 ovzhost sshd[1398]: pam_unix(sshd:auth): authentication failure; logname= uid=0 euid=0 tty=ssh ruser= rhost=218.27.204.27 
Apr 11 09:09:43 ovzhost sshd[1400]: pam_unix(sshd:auth): authentication failure; logname= uid=0 euid=0 tty=ssh ruser= rhost=43.255.190.130  user=root
Apr 11 09:09:44 ovzhost sshd[1400]: Failed password for root from 43.255.190.130 port 38011 ssh2
Apr 11 09:09:45 ovzhost sshd[1398]: Failed password for invalid user mjoint from 218.27.204.27 port 57336 ssh2
Apr 11 09:09:45 ovzhost sshd[1398]: Received disconnect from 218.27.204.27: 11: Bye Bye [preauth]
Apr 11 09:09:47 ovzhost sshd[1396]: pam_unix(sshd:auth): authentication failure; logname= uid=0 euid=0 tty=ssh ruser= rhost=43.255.190.91  user=root
Apr 11 09:09:47 ovzhost sshd[1402]: reverse mapping checking getaddrinfo for 27.204.27.218.adsl-pool.jlccptt.net.cn [218.27.204.27] failed - POSSIBLE BREAK-IN ATTEMPT!
Apr 11 09:09:47 ovzhost sshd[1402]: Invalid user kb3hgj from 218.27.204.27
Apr 11 09:09:47 ovzhost sshd[1402]: input_userauth_request: invalid user kb3hgj [preauth]
Apr 11 09:09:47 ovzhost sshd[1402]: pam_unix(sshd:auth): check pass; user unknown
Apr 11 09:09:47 ovzhost sshd[1402]: pam_unix(sshd:auth): authentication failure; logname= uid=0 euid=0 tty=ssh ruser= rhost=218.27.204.27 
Apr 11 09:09:48 ovzhost sshd[1400]: message repeated 2 times: [ Failed password for root from 43.255.190.130 port 38011 ssh2]
Apr 11 09:09:49 ovzhost sshd[1400]: Received disconnect from 43.255.190.130: 11:  [preauth]
Apr 11 09:09:49 ovzhost sshd[1400]: PAM 2 more authentication failures; logname= uid=0 euid=0 tty=ssh ruser= rhost=43.255.190.130  user=root
Apr 11 09:09:49 ovzhost sshd[1396]: Failed password for root from 43.255.190.91 port 45212 ssh2
Apr 11 09:09:49 ovzhost sshd[1404]: pam_unix(sshd:auth): authentication failure; logname= uid=0 euid=0 tty=ssh ruser= rhost=43.255.190.130  user=root
Apr 11 09:09:49 ovzhost sshd[1402]: Failed password for invalid user kb3hgj from 218.27.204.27 port 59469 ssh2
Apr 11 09:09:50 ovzhost sshd[1402]: Received disconnect from 218.27.204.27: 11: Bye Bye [preauth]
Apr 11 09:09:51 ovzhost sshd[1404]: Failed password for root from 43.255.190.130 port 53384 ssh2
Apr 11 09:09:52 ovzhost sshd[1396]: message repeated 2 times: [ Failed password for root from 43.255.190.91 port 45212 ssh2]
Apr 11 09:09:52 ovzhost sshd[1396]: Received disconnect from 43.255.190.91: 11:  [preauth]
Apr 11 09:09:52 ovzhost sshd[1396]: PAM 2 more authentication failures; logname= uid=0 euid=0 tty=ssh ruser= rhost=43.255.190.91  user=root
Apr 11 09:09:53 ovzhost sshd[1406]: reverse mapping checking getaddrinfo for 27.204.27.218.adsl-pool.jlccptt.net.cn [218.27.204.27] failed - POSSIBLE BREAK-IN ATTEMPT!
Apr 11 09:09:53 ovzhost sshd[1406]: Invalid user mike from 218.27.204.27
Apr 11 09:09:53 ovzhost sshd[1406]: input_userauth_request: invalid user mike [preauth]
Apr 11 09:09:53 ovzhost sshd[1406]: pam_unix(sshd:auth): check pass; user unknown
Apr 11 09:09:53 ovzhost sshd[1406]: pam_unix(sshd:auth): authentication failure; logname= uid=0 euid=0 tty=ssh ruser= rhost=218.27.204.27 
Apr 11 09:09:53 ovzhost sshd[1408]: pam_unix(sshd:auth): authentication failure; logname= uid=0 euid=0 tty=ssh ruser= rhost=43.255.190.91  user=root
Apr 11 09:09:54 ovzhost sshd[1404]: message repeated 2 times: [ Failed password for root from 43.255.190.130 port 53384 ssh2]
Apr 11 09:09:54 ovzhost sshd[1404]: Received disconnect from 43.255.190.130: 11:  [preauth]
Apr 11 09:09:54 ovzhost sshd[1404]: PAM 2 more authentication failures; logname= uid=0 euid=0 tty=ssh ruser= rhost=43.255.190.130  user=root
Apr 11 09:09:55 ovzhost sshd[1410]: pam_unix(sshd:auth): authentication failure; logname= uid=0 euid=0 tty=ssh ruser= rhost=43.255.190.130  user=root
Apr 11 09:09:56 ovzhost sshd[1406]: Failed password for invalid user mike from 218.27.204.27 port 61404 ssh2
Apr 11 09:09:56 ovzhost sshd[1408]: Failed password for root from 43.255.190.91 port 35293 ssh2
Apr 11 09:09:56 ovzhost sshd[1406]: Received disconnect from 218.27.204.27: 11: Bye Bye [preauth]
Apr 11 09:09:57 ovzhost sshd[1410]: Failed password for root from 43.255.190.130 port 39931 ssh2
Apr 11 09:09:58 ovzhost sshd[1413]: reverse mapping checking getaddrinfo for 27.204.27.218.adsl-pool.jlccptt.net.cn [218.27.204.27] failed - POSSIBLE BREAK-IN ATTEMPT!
Apr 11 09:09:58 ovzhost sshd[1413]: Invalid user chris from 218.27.204.27
Apr 11 09:09:58 ovzhost sshd[1413]: input_userauth_request: invalid user chris [preauth]
Apr 11 09:09:58 ovzhost sshd[1413]: pam_unix(sshd:auth): check pass; user unknown
Apr 11 09:09:58 ovzhost sshd[1413]: pam_unix(sshd:auth): authentication failure; logname= uid=0 euid=0 tty=ssh ruser= rhost=218.27.204.27 
Apr 11 09:10:00 ovzhost sshd[1408]: message repeated 2 times: [ Failed password for root from 43.255.190.91 port 35293 ssh2]
Apr 11 09:10:00 ovzhost sshd[1408]: Received disconnect from 43.255.190.91: 11:  [preauth]
Apr 11 09:10:00 ovzhost sshd[1408]: PAM 2 more authentication failures; logname= uid=0 euid=0 tty=ssh ruser= rhost=43.255.190.91  user=root
Apr 11 09:10:00 ovzhost sshd[1413]: Failed password for invalid user chris from 218.27.204.27 port 63991 ssh2
Apr 11 09:10:01 ovzhost sshd[1413]: Received disconnect from 218.27.204.27: 11: Bye Bye [preauth]
Apr 11 09:10:01 ovzhost sshd[1415]: pam_unix(sshd:auth): authentication failure; logname= uid=0 euid=0 tty=ssh ruser= rhost=43.255.190.91  user=root
Apr 11 09:10:01 ovzhost sshd[1410]: message repeated 2 times: [ Failed password for root from 43.255.190.130 port 39931 ssh2]
Apr 11 09:10:01 ovzhost sshd[1410]: Received disconnect from 43.255.190.130: 11:  [preauth]
Apr 11 09:10:01 ovzhost sshd[1410]: PAM 2 more authentication failures; logname= uid=0 euid=0 tty=ssh ruser= rhost=43.255.190.130  user=root
Apr 11 09:10:02 ovzhost sshd[1418]: pam_unix(sshd:auth): authentication failure; logname= uid=0 euid=0 tty=ssh ruser= rhost=43.255.190.130  user=root
Apr 11 09:10:02 ovzhost sshd[1415]: Failed password for root from 43.255.190.91 port 45246 ssh2
Apr 11 09:10:03 ovzhost sshd[1417]: reverse mapping checking getaddrinfo for 27.204.27.218.adsl-pool.jlccptt.net.cn [218.27.204.27] failed - POSSIBLE BREAK-IN ATTEMPT!
Apr 11 09:10:03 ovzhost sshd[1417]: Invalid user cpj from 218.27.204.27
Apr 11 09:10:03 ovzhost sshd[1417]: input_userauth_request: invalid user cpj [preauth]
Apr 11 09:10:03 ovzhost sshd[1417]: pam_unix(sshd:auth): check pass; user unknown
Apr 11 09:10:03 ovzhost sshd[1417]: pam_unix(sshd:auth): authentication failure; logname= uid=0 euid=0 tty=ssh ruser= rhost=218.27.204.27 
Apr 11 09:10:03 ovzhost sshd[1418]: Failed password for root from 43.255.190.130 port 55712 ssh2
Apr 11 09:10:04 ovzhost sshd[1417]: Failed password for invalid user cpj from 218.27.204.27 port 9493 ssh2
Apr 11 09:10:05 ovzhost sshd[1417]: Received disconnect from 218.27.204.27: 11: Bye Bye [preauth]
Apr 11 09:10:07 ovzhost sshd[1415]: message repeated 2 times: [ Failed password for root from 43.255.190.91 port 45246 ssh2]
Apr 11 09:10:07 ovzhost sshd[1415]: Received disconnect from 43.255.190.91: 11:  [preauth]
Apr 11 09:10:07 ovzhost sshd[1415]: PAM 2 more authentication failures; logname= uid=0 euid=0 tty=ssh ruser= rhost=43.255.190.91  user=root
Apr 11 09:10:07 ovzhost sshd[1418]: message repeated 2 times: [ Failed password for root from 43.255.190.130 port 55712 ssh2]
Apr 11 09:10:07 ovzhost sshd[1418]: Received disconnect from 43.255.190.130: 11:  [preauth]
Apr 11 09:10:07 ovzhost sshd[1418]: PAM 2 more authentication failures; logname= uid=0 euid=0 tty=ssh ruser= rhost=43.255.190.130  user=root
Apr 11 09:10:07 ovzhost sshd[1421]: reverse mapping checking getaddrinfo for 27.204.27.218.adsl-pool.jlccptt.net.cn [218.27.204.27] failed - POSSIBLE BREAK-IN ATTEMPT!
Apr 11 09:10:07 ovzhost sshd[1421]: Invalid user jjastor from 218.27.204.27
Apr 11 09:10:07 ovzhost sshd[1421]: input_userauth_request: invalid user jjastor [preauth]
Apr 11 09:10:07 ovzhost sshd[1421]: pam_unix(sshd:auth): check pass; user unknown
Apr 11 09:10:07 ovzhost sshd[1421]: pam_unix(sshd:auth): authentication failure; logname= uid=0 euid=0 tty=ssh ruser= rhost=218.27.204.27 
Apr 11 09:10:08 ovzhost sshd[1423]: pam_unix(sshd:auth): authentication failure; logname= uid=0 euid=0 tty=ssh ruser= rhost=43.255.190.91  user=root
Apr 11 09:10:08 ovzhost sshd[1424]: pam_unix(sshd:auth): authentication failure; logname= uid=0 euid=0 tty=ssh ruser= rhost=43.255.190.130  user=root
Apr 11 09:10:09 ovzhost sshd[1421]: Failed password for invalid user jjastor from 218.27.204.27 port 11417 ssh2
Apr 11 09:10:09 ovzhost sshd[1421]: Received disconnect from 218.27.204.27: 11: Bye Bye [preauth]
Apr 11 09:10:10 ovzhost sshd[1423]: Failed password for root from 43.255.190.91 port 55005 ssh2
Apr 11 09:10:10 ovzhost sshd[1424]: Failed password for root from 43.255.190.130 port 42396 ssh2
Apr 11 09:10:12 ovzhost sshd[1427]: reverse mapping checking getaddrinfo for 27.204.27.218.adsl-pool.jlccptt.net.cn [218.27.204.27] failed - POSSIBLE BREAK-IN ATTEMPT!
Apr 11 09:10:12 ovzhost sshd[1427]: Invalid user istvaan from 218.27.204.27
Apr 11 09:10:12 ovzhost sshd[1427]: input_userauth_request: invalid user istvaan [preauth]
Apr 11 09:10:12 ovzhost sshd[1427]: pam_unix(sshd:auth): check pass; user unknown
Apr 11 09:10:12 ovzhost sshd[1427]: pam_unix(sshd:auth): authentication failure; logname= uid=0 euid=0 tty=ssh ruser= rhost=218.27.204.27 
Apr 11 09:10:14 ovzhost sshd[1427]: Failed password for invalid user istvaan from 218.27.204.27 port 13486 ssh2
Apr 11 09:10:14 ovzhost sshd[1423]: message repeated 2 times: [ Failed password for root from 43.255.190.91 port 55005 ssh2]
Apr 11 09:10:14 ovzhost sshd[1423]: Received disconnect from 43.255.190.91: 11:  [preauth]
Apr 11 09:10:14 ovzhost sshd[1423]: PAM 2 more authentication failures; logname= uid=0 euid=0 tty=ssh ruser= rhost=43.255.190.91  user=root
Apr 11 09:10:14 ovzhost sshd[1424]: message repeated 2 times: [ Failed password for root from 43.255.190.130 port 42396 ssh2]
Apr 11 09:10:14 ovzhost sshd[1424]: Received disconnect from 43.255.190.130: 11:  [preauth]
Apr 11 09:10:14 ovzhost sshd[1424]: PAM 2 more authentication failures; logname= uid=0 euid=0 tty=ssh ruser= rhost=43.255.190.130  user=root
Apr 11 09:10:14 ovzhost sshd[1427]: Received disconnect from 218.27.204.27: 11: Bye Bye [preauth]
Apr 11 09:10:15 ovzhost sshd[1430]: pam_unix(sshd:auth): authentication failure; logname= uid=0 euid=0 tty=ssh ruser= rhost=43.255.190.130  user=root
Apr 11 09:10:16 ovzhost sshd[1429]: pam_unix(sshd:auth): authentication failure; logname= uid=0 euid=0 tty=ssh ruser= rhost=43.255.190.91  user=root
Apr 11 09:10:16 ovzhost sshd[1430]: Failed password for root from 43.255.190.130 port 59076 ssh2
Apr 11 09:10:17 ovzhost sshd[1433]: reverse mapping checking getaddrinfo for 27.204.27.218.adsl-pool.jlccptt.net.cn [218.27.204.27] failed - POSSIBLE BREAK-IN ATTEMPT!
Apr 11 09:10:17 ovzhost sshd[1433]: Invalid user 87xr from 218.27.204.27
Apr 11 09:10:17 ovzhost sshd[1433]: input_userauth_request: invalid user 87xr [preauth]
Apr 11 09:10:17 ovzhost sshd[1433]: pam_unix(sshd:auth): check pass; user unknown
Apr 11 09:10:17 ovzhost sshd[1433]: pam_unix(sshd:auth): authentication failure; logname= uid=0 euid=0 tty=ssh ruser= rhost=218.27.204.27 
Apr 11 09:10:18 ovzhost sshd[1429]: Failed password for root from 43.255.190.91 port 38027 ssh2
Apr 11 09:10:19 ovzhost sshd[1433]: Failed password for invalid user 87xr from 218.27.204.27 port 15941 ssh2
Apr 11 09:10:20 ovzhost sshd[1433]: Received disconnect from 218.27.204.27: 11: Bye Bye [preauth]
Apr 11 09:10:21 ovzhost sshd[1430]: message repeated 2 times: [ Failed password for root from 43.255.190.130 port 59076 ssh2]
Apr 11 09:10:21 ovzhost sshd[1430]: Received disconnect from 43.255.190.130: 11:  [preauth]
Apr 11 09:10:21 ovzhost sshd[1430]: PAM 2 more authentication failures; logname= uid=0 euid=0 tty=ssh ruser= rhost=43.255.190.130  user=root
Apr 11 09:10:21 ovzhost sshd[1437]: pam_unix(sshd:auth): authentication failure; logname= uid=0 euid=0 tty=ssh ruser= rhost=43.255.190.130  user=root
Apr 11 09:10:22 ovzhost sshd[1435]: reverse mapping checking getaddrinfo for 27.204.27.218.adsl-pool.jlccptt.net.cn [218.27.204.27] failed - POSSIBLE BREAK-IN ATTEMPT!
Apr 11 09:10:22 ovzhost sshd[1435]: Invalid user stevoo from 218.27.204.27
Apr 11 09:10:22 ovzhost sshd[1435]: input_userauth_request: invalid user stevoo [preauth]
Apr 11 09:10:22 ovzhost sshd[1435]: pam_unix(sshd:auth): check pass; user unknown
Apr 11 09:10:22 ovzhost sshd[1435]: pam_unix(sshd:auth): authentication failure; logname= uid=0 euid=0 tty=ssh ruser= rhost=218.27.204.27 
Apr 11 09:10:22 ovzhost sshd[1429]: message repeated 2 times: [ Failed password for root from 43.255.190.91 port 38027 ssh2]
Apr 11 09:10:23 ovzhost sshd[1429]: Received disconnect from 43.255.190.91: 11:  [preauth]
Apr 11 09:10:23 ovzhost sshd[1429]: PAM 2 more authentication failures; logname= uid=0 euid=0 tty=ssh ruser= rhost=43.255.190.91  user=root
Apr 11 09:10:23 ovzhost sshd[1437]: Failed password for root from 43.255.190.130 port 46690 ssh2
Apr 11 09:10:24 ovzhost sshd[1435]: Failed password for invalid user stevoo from 218.27.204.27 port 18099 ssh2
Apr 11 09:10:24 ovzhost sshd[1439]: pam_unix(sshd:auth): authentication failure; logname= uid=0 euid=0 tty=ssh ruser= rhost=43.255.190.91  user=root
Apr 11 09:10:24 ovzhost sshd[1435]: Received disconnect from 218.27.204.27: 11: Bye Bye [preauth]
Apr 11 09:10:26 ovzhost sshd[1444]: Connection closed by 128.8.37.104 [preauth]
Apr 11 09:10:26 ovzhost sshd[1439]: Failed password for root from 43.255.190.91 port 50242 ssh2
Apr 11 09:10:26 ovzhost sshd[1441]: reverse mapping checking getaddrinfo for 27.204.27.218.adsl-pool.jlccptt.net.cn [218.27.204.27] failed - POSSIBLE BREAK-IN ATTEMPT!
Apr 11 09:10:26 ovzhost sshd[1441]: Invalid user bkmark from 218.27.204.27
Apr 11 09:10:26 ovzhost sshd[1441]: input_userauth_request: invalid user bkmark [preauth]
Apr 11 09:10:26 ovzhost sshd[1441]: pam_unix(sshd:auth): check pass; user unknown
Apr 11 09:10:26 ovzhost sshd[1441]: pam_unix(sshd:auth): authentication failure; logname= uid=0 euid=0 tty=ssh ruser= rhost=218.27.204.27 
Apr 11 09:10:27 ovzhost sshd[1437]: message repeated 2 times: [ Failed password for root from 43.255.190.130 port 46690 ssh2]
Apr 11 09:10:27 ovzhost sshd[1437]: Received disconnect from 43.255.190.130: 11:  [preauth]
Apr 11 09:10:27 ovzhost sshd[1437]: PAM 2 more authentication failures; logname= uid=0 euid=0 tty=ssh ruser= rhost=43.255.190.130  user=root
Apr 11 09:10:28 ovzhost sshd[1446]: pam_unix(sshd:auth): authentication failure; logname= uid=0 euid=0 tty=ssh ruser= rhost=43.255.190.130  user=root
Apr 11 09:10:28 ovzhost sshd[1441]: Failed password for invalid user bkmark from 218.27.204.27 port 20051 ssh2
Apr 11 09:10:28 ovzhost sshd[1441]: Received disconnect from 218.27.204.27: 11: Bye Bye [preauth]
Apr 11 09:10:29 ovzhost sshd[1439]: message repeated 2 times: [ Failed password for root from 43.255.190.91 port 50242 ssh2]
Apr 11 09:10:29 ovzhost sshd[1439]: Received disconnect from 43.255.190.91: 11:  [preauth]
Apr 11 09:10:29 ovzhost sshd[1439]: PAM 2 more authentication failures; logname= uid=0 euid=0 tty=ssh ruser= rhost=43.255.190.91  user=root
Apr 11 09:10:30 ovzhost sshd[1446]: Failed password for root from 43.255.190.130 port 33839 ssh2
Apr 11 09:10:30 ovzhost sshd[1450]: pam_unix(sshd:auth): authentication failure; logname= uid=0 euid=0 tty=ssh ruser= rhost=43.255.190.91  user=root
Apr 11 09:10:30 ovzhost sshd[1448]: reverse mapping checking getaddrinfo for 27.204.27.218.adsl-pool.jlccptt.net.cn [218.27.204.27] failed - POSSIBLE BREAK-IN ATTEMPT!
Apr 11 09:10:30 ovzhost sshd[1448]: Invalid user mailsvc from 218.27.204.27
Apr 11 09:10:30 ovzhost sshd[1448]: input_userauth_request: invalid user mailsvc [preauth]
Apr 11 09:10:30 ovzhost sshd[1448]: pam_unix(sshd:auth): check pass; user unknown
Apr 11 09:10:30 ovzhost sshd[1448]: pam_unix(sshd:auth): authentication failure; logname= uid=0 euid=0 tty=ssh ruser= rhost=218.27.204.27 
Apr 11 09:10:33 ovzhost sshd[1450]: Failed password for root from 43.255.190.91 port 60261 ssh2
Apr 11 09:10:33 ovzhost sshd[1448]: Failed password for invalid user mailsvc from 218.27.204.27 port 21790 ssh2
Apr 11 09:10:34 ovzhost sshd[1448]: Received disconnect from 218.27.204.27: 11: Bye Bye [preauth]
Apr 11 09:10:35 ovzhost sshd[1446]: message repeated 2 times: [ Failed password for root from 43.255.190.130 port 33839 ssh2]
Apr 11 09:10:35 ovzhost sshd[1446]: Received disconnect from 43.255.190.130: 11:  [preauth]
Apr 11 09:10:35 ovzhost sshd[1446]: PAM 2 more authentication failures; logname= uid=0 euid=0 tty=ssh ruser= rhost=43.255.190.130  user=root
Apr 11 09:10:35 ovzhost sshd[1454]: pam_unix(sshd:auth): authentication failure; logname= uid=0 euid=0 tty=ssh ruser= rhost=43.255.190.130  user=root
Apr 11 09:10:36 ovzhost sshd[1452]: reverse mapping checking getaddrinfo for 27.204.27.218.adsl-pool.jlccptt.net.cn [218.27.204.27] failed - POSSIBLE BREAK-IN ATTEMPT!
Apr 11 09:10:36 ovzhost sshd[1452]: Invalid user shannon from 218.27.204.27
Apr 11 09:10:36 ovzhost sshd[1452]: input_userauth_request: invalid user shannon [preauth]
Apr 11 09:10:36 ovzhost sshd[1452]: pam_unix(sshd:auth): check pass; user unknown
Apr 11 09:10:36 ovzhost sshd[1452]: pam_unix(sshd:auth): authentication failure; logname= uid=0 euid=0 tty=ssh ruser= rhost=218.27.204.27 
Apr 11 09:10:38 ovzhost sshd[1454]: Failed password for root from 43.255.190.130 port 52280 ssh2
Apr 11 09:10:38 ovzhost sshd[1452]: Failed password for invalid user shannon from 218.27.204.27 port 24114 ssh2
Apr 11 09:10:38 ovzhost sshd[1450]: message repeated 2 times: [ Failed password for root from 43.255.190.91 port 60261 ssh2]
Apr 11 09:10:38 ovzhost sshd[1450]: Received disconnect from 43.255.190.91: 11:  [preauth]
Apr 11 09:10:38 ovzhost sshd[1450]: PAM 2 more authentication failures; logname= uid=0 euid=0 tty=ssh ruser= rhost=43.255.190.91  user=root
Apr 11 09:10:38 ovzhost sshd[1452]: Received disconnect from 218.27.204.27: 11: Bye Bye [preauth]
Apr 11 09:10:41 ovzhost sshd[1458]: pam_unix(sshd:auth): authentication failure; logname= uid=0 euid=0 tty=ssh ruser= rhost=43.255.190.91  user=root
Apr 11 09:10:41 ovzhost sshd[1456]: reverse mapping checking getaddrinfo for 27.204.27.218.adsl-pool.jlccptt.net.cn [218.27.204.27] failed - POSSIBLE BREAK-IN ATTEMPT!
Apr 11 09:10:41 ovzhost sshd[1456]: Invalid user sarah from 218.27.204.27
Apr 11 09:10:41 ovzhost sshd[1456]: input_userauth_request: invalid user sarah [preauth]
Apr 11 09:10:41 ovzhost sshd[1456]: pam_unix(sshd:auth): check pass; user unknown
Apr 11 09:10:41 ovzhost sshd[1456]: pam_unix(sshd:auth): authentication failure; logname= uid=0 euid=0 tty=ssh ruser= rhost=218.27.204.27 
Apr 11 09:10:43 ovzhost sshd[1458]: Failed password for root from 43.255.190.91 port 45443 ssh2
Apr 11 09:10:43 ovzhost sshd[1456]: Failed password for invalid user sarah from 218.27.204.27 port 26064 ssh2
Apr 11 09:10:44 ovzhost sshd[1456]: Received disconnect from 218.27.204.27: 11: Bye Bye [preauth]
Apr 11 09:10:44 ovzhost sshd[1454]: message repeated 2 times: [ Failed password for root from 43.255.190.130 port 52280 ssh2]
Apr 11 09:10:44 ovzhost sshd[1454]: Received disconnect from 43.255.190.130: 11:  [preauth]
Apr 11 09:10:44 ovzhost sshd[1454]: PAM 2 more authentication failures; logname= uid=0 euid=0 tty=ssh ruser= rhost=43.255.190.130  user=root
Apr 11 09:10:44 ovzhost sshd[1460]: pam_unix(sshd:auth): authentication failure; logname= uid=0 euid=0 tty=ssh ruser= rhost=43.255.190.130  user=root
Apr 11 09:10:46 ovzhost sshd[1462]: reverse mapping checking getaddrinfo for 27.204.27.218.adsl-pool.jlccptt.net.cn [218.27.204.27] failed - POSSIBLE BREAK-IN ATTEMPT!
Apr 11 09:10:46 ovzhost sshd[1462]: Invalid user drewtran from 218.27.204.27
Apr 11 09:10:46 ovzhost sshd[1462]: input_userauth_request: invalid user drewtran [preauth]
Apr 11 09:10:46 ovzhost sshd[1462]: pam_unix(sshd:auth): check pass; user unknown
Apr 11 09:10:46 ovzhost sshd[1462]: pam_unix(sshd:auth): authentication failure; logname= uid=0 euid=0 tty=ssh ruser= rhost=218.27.204.27 
Apr 11 09:10:46 ovzhost sshd[1460]: Failed password for root from 43.255.190.130 port 44539 ssh2
Apr 11 09:10:48 ovzhost sshd[1462]: Failed password for invalid user drewtran from 218.27.204.27 port 28136 ssh2
Apr 11 09:10:48 ovzhost sshd[1462]: Received disconnect from 218.27.204.27: 11: Bye Bye [preauth]
Apr 11 09:10:49 ovzhost sshd[1458]: message repeated 2 times: [ Failed password for root from 43.255.190.91 port 45443 ssh2]
Apr 11 09:10:49 ovzhost sshd[1458]: Received disconnect from 43.255.190.91: 11:  [preauth]
Apr 11 09:10:49 ovzhost sshd[1458]: PAM 2 more authentication failures; logname= uid=0 euid=0 tty=ssh ruser= rhost=43.255.190.91  user=root
Apr 11 09:10:50 ovzhost sshd[1465]: pam_unix(sshd:auth): authentication failure; logname= uid=0 euid=0 tty=ssh ruser= rhost=43.255.190.91  user=root
Apr 11 09:10:50 ovzhost sshd[1460]: message repeated 2 times: [ Failed password for root from 43.255.190.130 port 44539 ssh2]
Apr 11 09:10:50 ovzhost sshd[1460]: Received disconnect from 43.255.190.130: 11:  [preauth]
Apr 11 09:10:50 ovzhost sshd[1460]: PAM 2 more authentication failures; logname= uid=0 euid=0 tty=ssh ruser= rhost=43.255.190.130  user=root
Apr 11 09:10:51 ovzhost sshd[1464]: reverse mapping checking getaddrinfo for 27.204.27.218.adsl-pool.jlccptt.net.cn [218.27.204.27] failed - POSSIBLE BREAK-IN ATTEMPT!
Apr 11 09:10:51 ovzhost sshd[1464]: Invalid user tiny from 218.27.204.27
Apr 11 09:10:51 ovzhost sshd[1464]: input_userauth_request: invalid user tiny [preauth]
Apr 11 09:10:51 ovzhost sshd[1464]: pam_unix(sshd:auth): check pass; user unknown
Apr 11 09:10:51 ovzhost sshd[1464]: pam_unix(sshd:auth): authentication failure; logname= uid=0 euid=0 tty=ssh ruser= rhost=218.27.204.27 
