Apr 11 09:10:51 ovzhost sshd[1468]: pam_unix(sshd:auth): authentication failure; logname= uid=0 euid=0 tty=ssh ruser= rhost=43.255.190.130  user=root
Apr 11 09:10:51 ovzhost sshd[1465]: Failed password for root from 43.255.190.91 port 60563 ssh2
Apr 11 09:10:53 ovzhost sshd[1464]: Failed password for invalid user tiny from 218.27.204.27 port 30142 ssh2
Apr 11 09:10:53 ovzhost sshd[1468]: Failed password for root from 43.255.190.130 port 32870 ssh2
Apr 11 09:10:54 ovzhost sshd[1464]: Received disconnect from 218.27.204.27: 11: Bye Bye [preauth]
Apr 11 09:10:56 ovzhost sshd[1470]: reverse mapping checking getaddrinfo for 27.204.27.218.adsl-pool.jlccptt.net.cn [218.27.204.27] failed - POSSIBLE BREAK-IN ATTEMPT!
Apr 11 09:10:56 ovzhost sshd[1470]: Invalid user csenior from 218.27.204.27
Apr 11 09:10:56 ovzhost sshd[1470]: input_userauth_request: invalid user csenior [preauth]
Apr 11 09:10:56 ovzhost sshd[1470]: pam_unix(sshd:auth): check pass; user unknown
Apr 11 09:10:56 ovzhost sshd[1470]: pam_unix(sshd:auth): authentication failure; logname= uid=0 euid=0 tty=ssh ruser= rhost=218.27.204.27 
Apr 11 09:10:57 ovzhost sshd[1465]: message repeated 2 times: [ Failed password for root from 43.255.190.91 port 60563 ssh2]
Apr 11 09:10:57 ovzhost sshd[1465]: Received disconnect from 43.255.190.91: 11:  [preauth]
Apr 11 09:10:57 ovzhost sshd[1465]: PAM 2 more authentication failures; logname= uid=0 euid=0 tty=ssh ruser= rhost=43.255.190.91  user=root
Apr 11 09:10:57 ovzhost sshd[1468]: message repeated 2 times: [ Failed password for root from 43.255.190.130 port 32870 ssh2]
Apr 11 09:10:57 ovzhost sshd[1468]: Received disconnect from 43.255.190.130: 11:  [preauth]
Apr 11 09:10:57 ovzhost sshd[1468]: PAM 2 more authentication failures; logname= uid=0 euid=0 tty=ssh ruser= rhost=43.255.190.130  user=root
Apr 11 09:10:58 ovzhost sshd[1470]: Failed password for invalid user csenior from 218.27.204.27 port 32252 ssh2
Apr 11 09:10:58 ovzhost sshd[1474]: pam_unix(sshd:auth): authentication failure; logname= uid=0 euid=0 tty=ssh ruser= rhost=43.255.190.130  user=root
Apr 11 09:10:58 ovzhost sshd[1470]: Received disconnect from 218.27.204.27: 11: Bye Bye [preauth]
Apr 11 09:11:00 ovzhost sshd[1472]: pam_unix(sshd:auth): authentication failure; logname= uid=0 euid=0 tty=ssh ruser= rhost=43.255.190.91  user=root
Apr 11 09:11:00 ovzhost sshd[1474]: Failed password for root from 43.255.190.130 port 49768 ssh2
Apr 11 09:11:01 ovzhost sshd[1476]: reverse mapping checking getaddrinfo for 27.204.27.218.adsl-pool.jlccptt.net.cn [218.27.204.27] failed - POSSIBLE BREAK-IN ATTEMPT!
Apr 11 09:11:01 ovzhost sshd[1476]: Invalid user mailwhore from 218.27.204.27
Apr 11 09:11:01 ovzhost sshd[1476]: input_userauth_request: invalid user mailwhore [preauth]
Apr 11 09:11:01 ovzhost sshd[1476]: pam_unix(sshd:auth): check pass; user unknown
Apr 11 09:11:01 ovzhost sshd[1476]: pam_unix(sshd:auth): authentication failure; logname= uid=0 euid=0 tty=ssh ruser= rhost=218.27.204.27 
Apr 11 09:11:02 ovzhost sshd[1472]: Failed password for root from 43.255.190.91 port 44271 ssh2
Apr 11 09:11:02 ovzhost sshd[1476]: Failed password for invalid user mailwhore from 218.27.204.27 port 34047 ssh2
Apr 11 09:11:03 ovzhost sshd[1476]: Received disconnect from 218.27.204.27: 11: Bye Bye [preauth]
Apr 11 09:11:04 ovzhost sshd[1474]: message repeated 2 times: [ Failed password for root from 43.255.190.130 port 49768 ssh2]
Apr 11 09:11:04 ovzhost sshd[1474]: Received disconnect from 43.255.190.130: 11:  [preauth]
Apr 11 09:11:04 ovzhost sshd[1474]: PAM 2 more authentication failures; logname= uid=0 euid=0 tty=ssh ruser= rhost=43.255.190.130  user=root
Apr 11 09:11:05 ovzhost sshd[1482]: reverse mapping checking getaddrinfo for 27.204.27.218.adsl-pool.jlccptt.net.cn [218.27.204.27] failed - POSSIBLE BREAK-IN ATTEMPT!
Apr 11 09:11:05 ovzhost sshd[1482]: Invalid user howie from 218.27.204.27
Apr 11 09:11:05 ovzhost sshd[1482]: input_userauth_request: invalid user howie [preauth]
Apr 11 09:11:05 ovzhost sshd[1482]: pam_unix(sshd:auth): check pass; user unknown
Apr 11 09:11:05 ovzhost sshd[1482]: pam_unix(sshd:auth): authentication failure; logname= uid=0 euid=0 tty=ssh ruser= rhost=218.27.204.27 
Apr 11 09:11:06 ovzhost sshd[1472]: message repeated 2 times: [ Failed password for root from 43.255.190.91 port 44271 ssh2]
Apr 11 09:11:06 ovzhost sshd[1472]: Received disconnect from 43.255.190.91: 11:  [preauth]
Apr 11 09:11:06 ovzhost sshd[1472]: PAM 2 more authentication failures; logname= uid=0 euid=0 tty=ssh ruser= rhost=43.255.190.91  user=root
Apr 11 09:11:07 ovzhost sshd[1484]: pam_unix(sshd:auth): authentication failure; logname= uid=0 euid=0 tty=ssh ruser= rhost=43.255.190.130  user=root
Apr 11 09:11:07 ovzhost sshd[1482]: Failed password for invalid user howie from 218.27.204.27 port 35779 ssh2
Apr 11 09:11:08 ovzhost sshd[1482]: Received disconnect from 218.27.204.27: 11: Bye Bye [preauth]
Apr 11 09:11:09 ovzhost sshd[1484]: Failed password for root from 43.255.190.130 port 37736 ssh2
Apr 11 09:11:10 ovzhost sshd[1488]: reverse mapping checking getaddrinfo for 27.204.27.218.adsl-pool.jlccptt.net.cn [218.27.204.27] failed - POSSIBLE BREAK-IN ATTEMPT!
Apr 11 09:11:10 ovzhost sshd[1488]: Invalid user worddog from 218.27.204.27
Apr 11 09:11:10 ovzhost sshd[1488]: input_userauth_request: invalid user worddog [preauth]
Apr 11 09:11:10 ovzhost sshd[1488]: pam_unix(sshd:auth): check pass; user unknown
Apr 11 09:11:10 ovzhost sshd[1488]: pam_unix(sshd:auth): authentication failure; logname= uid=0 euid=0 tty=ssh ruser= rhost=218.27.204.27 
Apr 11 09:11:12 ovzhost sshd[1488]: Failed password for invalid user worddog from 218.27.204.27 port 37683 ssh2
Apr 11 09:11:12 ovzhost sshd[1488]: Received disconnect from 218.27.204.27: 11: Bye Bye [preauth]
Apr 11 09:11:12 ovzhost sshd[1484]: message repeated 2 times: [ Failed password for root from 43.255.190.130 port 37736 ssh2]
Apr 11 09:11:12 ovzhost sshd[1484]: Received disconnect from 43.255.190.130: 11:  [preauth]
Apr 11 09:11:12 ovzhost sshd[1484]: PAM 2 more authentication failures; logname= uid=0 euid=0 tty=ssh ruser= rhost=43.255.190.130  user=root
Apr 11 09:11:13 ovzhost sshd[1490]: pam_unix(sshd:auth): authentication failure; logname= uid=0 euid=0 tty=ssh ruser= rhost=43.255.190.130  user=root
Apr 11 09:11:15 ovzhost sshd[1490]: Failed password for root from 43.255.190.130 port 57503 ssh2
Apr 11 09:11:15 ovzhost sshd[1492]: reverse mapping checking getaddrinfo for 27.204.27.218.adsl-pool.jlccptt.net.cn [218.27.204.27] failed - POSSIBLE BREAK-IN ATTEMPT!
Apr 11 09:11:15 ovzhost sshd[1492]: Invalid user blog from 218.27.204.27
Apr 11 09:11:15 ovzhost sshd[1492]: input_userauth_request: invalid user blog [preauth]
Apr 11 09:11:15 ovzhost sshd[1492]: pam_unix(sshd:auth): check pass; user unknown
Apr 11 09:11:15 ovzhost sshd[1492]: pam_unix(sshd:auth): authentication failure; logname= uid=0 euid=0 tty=ssh ruser= rhost=218.27.204.27 
Apr 11 09:11:17 ovzhost sshd[1492]: Failed password for invalid user blog from 218.27.204.27 port 39408 ssh2
Apr 11 09:11:17 ovzhost sshd[1492]: Received disconnect from 218.27.204.27: 11: Bye Bye [preauth]
Apr 11 09:11:19 ovzhost sshd[1490]: message repeated 2 times: [ Failed password for root from 43.255.190.130 port 57503 ssh2]
Apr 11 09:11:19 ovzhost sshd[1490]: Received disconnect from 43.255.190.130: 11:  [preauth]
Apr 11 09:11:19 ovzhost sshd[1490]: PAM 2 more authentication failures; logname= uid=0 euid=0 tty=ssh ruser= rhost=43.255.190.130  user=root
Apr 11 09:11:20 ovzhost sshd[1496]: pam_unix(sshd:auth): authentication failure; logname= uid=0 euid=0 tty=ssh ruser= rhost=43.255.190.130  user=root
Apr 11 09:11:20 ovzhost sshd[1494]: reverse mapping checking getaddrinfo for 27.204.27.218.adsl-pool.jlccptt.net.cn [218.27.204.27] failed - POSSIBLE BREAK-IN ATTEMPT!
Apr 11 09:11:20 ovzhost sshd[1494]: Invalid user 25a04 from 218.27.204.27
Apr 11 09:11:20 ovzhost sshd[1494]: input_userauth_request: invalid user 25a04 [preauth]
Apr 11 09:11:20 ovzhost sshd[1494]: pam_unix(sshd:auth): check pass; user unknown
Apr 11 09:11:20 ovzhost sshd[1494]: pam_unix(sshd:auth): authentication failure; logname= uid=0 euid=0 tty=ssh ruser= rhost=218.27.204.27 
Apr 11 09:11:21 ovzhost sshd[1496]: Failed password for root from 43.255.190.130 port 44948 ssh2
Apr 11 09:11:22 ovzhost sshd[1494]: Failed password for invalid user 25a04 from 218.27.204.27 port 41147 ssh2
Apr 11 09:11:22 ovzhost sshd[1494]: Received disconnect from 218.27.204.27: 11: Bye Bye [preauth]
Apr 11 09:11:22 ovzhost sshd[1486]: pam_unix(sshd:auth): authentication failure; logname= uid=0 euid=0 tty=ssh ruser= rhost=43.255.190.91  user=root
Apr 11 09:11:24 ovzhost sshd[1486]: Failed password for root from 43.255.190.91 port 57363 ssh2
Apr 11 09:11:24 ovzhost sshd[1498]: reverse mapping checking getaddrinfo for 27.204.27.218.adsl-pool.jlccptt.net.cn [218.27.204.27] failed - POSSIBLE BREAK-IN ATTEMPT!
Apr 11 09:11:24 ovzhost sshd[1498]: Invalid user aotoole from 218.27.204.27
Apr 11 09:11:24 ovzhost sshd[1498]: input_userauth_request: invalid user aotoole [preauth]
Apr 11 09:11:24 ovzhost sshd[1498]: pam_unix(sshd:auth): check pass; user unknown
Apr 11 09:11:24 ovzhost sshd[1498]: pam_unix(sshd:auth): authentication failure; logname= uid=0 euid=0 tty=ssh ruser= rhost=218.27.204.27 
Apr 11 09:11:25 ovzhost sshd[1486]: fatal: Read from socket failed: Connection reset by peer [preauth]
Apr 11 09:11:25 ovzhost sshd[1496]: message repeated 2 times: [ Failed password for root from 43.255.190.130 port 44948 ssh2]
Apr 11 09:11:25 ovzhost sshd[1496]: Received disconnect from 43.255.190.130: 11:  [preauth]
Apr 11 09:11:25 ovzhost sshd[1496]: PAM 2 more authentication failures; logname= uid=0 euid=0 tty=ssh ruser= rhost=43.255.190.130  user=root
Apr 11 09:11:25 ovzhost sshd[1501]: pam_unix(sshd:auth): authentication failure; logname= uid=0 euid=0 tty=ssh ruser= rhost=43.255.190.130  user=root
Apr 11 09:11:27 ovzhost sshd[1498]: Failed password for invalid user aotoole from 218.27.204.27 port 43001 ssh2
Apr 11 09:11:27 ovzhost sshd[1498]: Received disconnect from 218.27.204.27: 11: Bye Bye [preauth]
Apr 11 09:11:27 ovzhost sshd[1501]: Failed password for root from 43.255.190.130 port 60340 ssh2
Apr 11 09:11:29 ovzhost sshd[1500]: pam_unix(sshd:auth): authentication failure; logname= uid=0 euid=0 tty=ssh ruser= rhost=43.255.190.91  user=root
Apr 11 09:11:30 ovzhost sshd[1506]: reverse mapping checking getaddrinfo for 27.204.27.218.adsl-pool.jlccptt.net.cn [218.27.204.27] failed - POSSIBLE BREAK-IN ATTEMPT!
Apr 11 09:11:30 ovzhost sshd[1506]: Invalid user bubbagump from 218.27.204.27
Apr 11 09:11:30 ovzhost sshd[1506]: input_userauth_request: invalid user bubbagump [preauth]
Apr 11 09:11:30 ovzhost sshd[1506]: pam_unix(sshd:auth): check pass; user unknown
Apr 11 09:11:30 ovzhost sshd[1506]: pam_unix(sshd:auth): authentication failure; logname= uid=0 euid=0 tty=ssh ruser= rhost=218.27.204.27 
Apr 11 09:11:31 ovzhost sshd[1500]: Failed password for root from 43.255.190.91 port 54001 ssh2
Apr 11 09:11:31 ovzhost sshd[1501]: message repeated 2 times: [ Failed password for root from 43.255.190.130 port 60340 ssh2]
Apr 11 09:11:31 ovzhost sshd[1501]: Received disconnect from 43.255.190.130: 11:  [preauth]
Apr 11 09:11:31 ovzhost sshd[1501]: PAM 2 more authentication failures; logname= uid=0 euid=0 tty=ssh ruser= rhost=43.255.190.130  user=root
Apr 11 09:11:32 ovzhost sshd[1506]: Failed password for invalid user bubbagump from 218.27.204.27 port 44771 ssh2
Apr 11 09:11:32 ovzhost sshd[1506]: Received disconnect from 218.27.204.27: 11: Bye Bye [preauth]
Apr 11 09:11:32 ovzhost sshd[1508]: pam_unix(sshd:auth): authentication failure; logname= uid=0 euid=0 tty=ssh ruser= rhost=43.255.190.130  user=root
Apr 11 09:11:34 ovzhost sshd[1508]: Failed password for root from 43.255.190.130 port 47585 ssh2
Apr 11 09:11:34 ovzhost sshd[1510]: reverse mapping checking getaddrinfo for 27.204.27.218.adsl-pool.jlccptt.net.cn [218.27.204.27] failed - POSSIBLE BREAK-IN ATTEMPT!
Apr 11 09:11:34 ovzhost sshd[1510]: Invalid user paypal from 218.27.204.27
Apr 11 09:11:34 ovzhost sshd[1510]: input_userauth_request: invalid user paypal [preauth]
Apr 11 09:11:34 ovzhost sshd[1510]: pam_unix(sshd:auth): check pass; user unknown
Apr 11 09:11:34 ovzhost sshd[1510]: pam_unix(sshd:auth): authentication failure; logname= uid=0 euid=0 tty=ssh ruser= rhost=218.27.204.27 
Apr 11 09:11:35 ovzhost sshd[1500]: message repeated 2 times: [ Failed password for root from 43.255.190.91 port 54001 ssh2]
Apr 11 09:11:35 ovzhost sshd[1500]: Received disconnect from 43.255.190.91: 11:  [preauth]
Apr 11 09:11:35 ovzhost sshd[1500]: PAM 2 more authentication failures; logname= uid=0 euid=0 tty=ssh ruser= rhost=43.255.190.91  user=root
Apr 11 09:11:36 ovzhost sshd[1510]: Failed password for invalid user paypal from 218.27.204.27 port 46445 ssh2
Apr 11 09:11:36 ovzhost sshd[1510]: Received disconnect from 218.27.204.27: 11: Bye Bye [preauth]
Apr 11 09:11:37 ovzhost sshd[1508]: message repeated 2 times: [ Failed password for root from 43.255.190.130 port 47585 ssh2]
Apr 11 09:11:37 ovzhost sshd[1508]: Received disconnect from 43.255.190.130: 11:  [preauth]
Apr 11 09:11:37 ovzhost sshd[1508]: PAM 2 more authentication failures; logname= uid=0 euid=0 tty=ssh ruser= rhost=43.255.190.130  user=root
Apr 11 09:11:37 ovzhost sshd[1512]: pam_unix(sshd:auth): authentication failure; logname= uid=0 euid=0 tty=ssh ruser= rhost=43.255.190.91  user=root
Apr 11 09:11:38 ovzhost sshd[1516]: pam_unix(sshd:auth): authentication failure; logname= uid=0 euid=0 tty=ssh ruser= rhost=43.255.190.130  user=root
Apr 11 09:11:39 ovzhost sshd[1514]: reverse mapping checking getaddrinfo for 27.204.27.218.adsl-pool.jlccptt.net.cn [218.27.204.27] failed - POSSIBLE BREAK-IN ATTEMPT!
Apr 11 09:11:39 ovzhost sshd[1514]: Invalid user lurbdc from 218.27.204.27
Apr 11 09:11:39 ovzhost sshd[1514]: input_userauth_request: invalid user lurbdc [preauth]
Apr 11 09:11:39 ovzhost sshd[1514]: pam_unix(sshd:auth): check pass; user unknown
Apr 11 09:11:39 ovzhost sshd[1514]: pam_unix(sshd:auth): authentication failure; logname= uid=0 euid=0 tty=ssh ruser= rhost=218.27.204.27 
Apr 11 09:11:39 ovzhost sshd[1512]: Failed password for root from 43.255.190.91 port 42439 ssh2
Apr 11 09:11:40 ovzhost sshd[1516]: Failed password for root from 43.255.190.130 port 34093 ssh2
Apr 11 09:11:40 ovzhost sshd[1514]: Failed password for invalid user lurbdc from 218.27.204.27 port 48083 ssh2
Apr 11 09:11:41 ovzhost sshd[1514]: Received disconnect from 218.27.204.27: 11: Bye Bye [preauth]
Apr 11 09:11:43 ovzhost sshd[1518]: reverse mapping checking getaddrinfo for 27.204.27.218.adsl-pool.jlccptt.net.cn [218.27.204.27] failed - POSSIBLE BREAK-IN ATTEMPT!
Apr 11 09:11:43 ovzhost sshd[1518]: Invalid user erinn from 218.27.204.27
Apr 11 09:11:43 ovzhost sshd[1518]: input_userauth_request: invalid user erinn [preauth]
Apr 11 09:11:43 ovzhost sshd[1518]: pam_unix(sshd:auth): check pass; user unknown
Apr 11 09:11:43 ovzhost sshd[1518]: pam_unix(sshd:auth): authentication failure; logname= uid=0 euid=0 tty=ssh ruser= rhost=218.27.204.27 
Apr 11 09:11:44 ovzhost sshd[1516]: message repeated 2 times: [ Failed password for root from 43.255.190.130 port 34093 ssh2]
Apr 11 09:11:44 ovzhost sshd[1516]: Received disconnect from 43.255.190.130: 11:  [preauth]
Apr 11 09:11:44 ovzhost sshd[1516]: PAM 2 more authentication failures; logname= uid=0 euid=0 tty=ssh ruser= rhost=43.255.190.130  user=root
Apr 11 09:11:44 ovzhost sshd[1512]: message repeated 2 times: [ Failed password for root from 43.255.190.91 port 42439 ssh2]
Apr 11 09:11:44 ovzhost sshd[1512]: Received disconnect from 43.255.190.91: 11:  [preauth]
Apr 11 09:11:44 ovzhost sshd[1512]: PAM 2 more authentication failures; logname= uid=0 euid=0 tty=ssh ruser= rhost=43.255.190.91  user=root
Apr 11 09:11:45 ovzhost sshd[1520]: pam_unix(sshd:auth): authentication failure; logname= uid=0 euid=0 tty=ssh ruser= rhost=43.255.190.130  user=root
Apr 11 09:11:45 ovzhost sshd[1518]: Failed password for invalid user erinn from 218.27.204.27 port 49706 ssh2
Apr 11 09:11:45 ovzhost sshd[1518]: Received disconnect from 218.27.204.27: 11: Bye Bye [preauth]
Apr 11 09:11:46 ovzhost sshd[1522]: pam_unix(sshd:auth): authentication failure; logname= uid=0 euid=0 tty=ssh ruser= rhost=43.255.190.91  user=root
Apr 11 09:11:46 ovzhost sshd[1520]: Failed password for root from 43.255.190.130 port 49866 ssh2
Apr 11 09:11:47 ovzhost sshd[1522]: Failed password for root from 43.255.190.91 port 55926 ssh2
Apr 11 09:11:48 ovzhost sshd[1524]: reverse mapping checking getaddrinfo for 27.204.27.218.adsl-pool.jlccptt.net.cn [218.27.204.27] failed - POSSIBLE BREAK-IN ATTEMPT!
Apr 11 09:11:48 ovzhost sshd[1524]: Invalid user chainstitch from 218.27.204.27
Apr 11 09:11:48 ovzhost sshd[1524]: input_userauth_request: invalid user chainstitch [preauth]
Apr 11 09:11:48 ovzhost sshd[1524]: pam_unix(sshd:auth): check pass; user unknown
Apr 11 09:11:48 ovzhost sshd[1524]: pam_unix(sshd:auth): authentication failure; logname= uid=0 euid=0 tty=ssh ruser= rhost=218.27.204.27 
Apr 11 09:11:50 ovzhost sshd[1524]: Failed password for invalid user chainstitch from 218.27.204.27 port 51420 ssh2
Apr 11 09:11:51 ovzhost sshd[1524]: Received disconnect from 218.27.204.27: 11: Bye Bye [preauth]
Apr 11 09:11:51 ovzhost sshd[1520]: message repeated 2 times: [ Failed password for root from 43.255.190.130 port 49866 ssh2]
Apr 11 09:11:51 ovzhost sshd[1520]: Received disconnect from 43.255.190.130: 11:  [preauth]
Apr 11 09:11:51 ovzhost sshd[1520]: PAM 2 more authentication failures; logname= uid=0 euid=0 tty=ssh ruser= rhost=43.255.190.130  user=root
Apr 11 09:11:51 ovzhost sshd[1522]: message repeated 2 times: [ Failed password for root from 43.255.190.91 port 55926 ssh2]
Apr 11 09:11:51 ovzhost sshd[1522]: Received disconnect from 43.255.190.91: 11:  [preauth]
Apr 11 09:11:51 ovzhost sshd[1522]: PAM 2 more authentication failures; logname= uid=0 euid=0 tty=ssh ruser= rhost=43.255.190.91  user=root
Apr 11 09:11:51 ovzhost sshd[1527]: pam_unix(sshd:auth): authentication failure; logname= uid=0 euid=0 tty=ssh ruser= rhost=43.255.190.130  user=root
Apr 11 09:11:53 ovzhost sshd[1527]: Failed password for root from 43.255.190.130 port 37838 ssh2
Apr 11 09:11:53 ovzhost sshd[1530]: reverse mapping checking getaddrinfo for 27.204.27.218.adsl-pool.jlccptt.net.cn [218.27.204.27] failed - POSSIBLE BREAK-IN ATTEMPT!
Apr 11 09:11:53 ovzhost sshd[1530]: Invalid user painkiller from 218.27.204.27
Apr 11 09:11:53 ovzhost sshd[1530]: input_userauth_request: invalid user painkiller [preauth]
Apr 11 09:11:53 ovzhost sshd[1530]: pam_unix(sshd:auth): check pass; user unknown
Apr 11 09:11:53 ovzhost sshd[1530]: pam_unix(sshd:auth): authentication failure; logname= uid=0 euid=0 tty=ssh ruser= rhost=218.27.204.27 
Apr 11 09:11:55 ovzhost sshd[1530]: Failed password for invalid user painkiller from 218.27.204.27 port 53211 ssh2
Apr 11 09:11:56 ovzhost sshd[1530]: Received disconnect from 218.27.204.27: 11: Bye Bye [preauth]
Apr 11 09:11:57 ovzhost sshd[1529]: pam_unix(sshd:auth): authentication failure; logname= uid=0 euid=0 tty=ssh ruser= rhost=43.255.190.91  user=root
Apr 11 09:11:57 ovzhost sshd[1527]: message repeated 2 times: [ Failed password for root from 43.255.190.130 port 37838 ssh2]
Apr 11 09:11:57 ovzhost sshd[1527]: Received disconnect from 43.255.190.130: 11:  [preauth]
Apr 11 09:11:57 ovzhost sshd[1527]: PAM 2 more authentication failures; logname= uid=0 euid=0 tty=ssh ruser= rhost=43.255.190.130  user=root
Apr 11 09:11:58 ovzhost sshd[1535]: pam_unix(sshd:auth): authentication failure; logname= uid=0 euid=0 tty=ssh ruser= rhost=43.255.190.130  user=root
Apr 11 09:11:58 ovzhost sshd[1533]: reverse mapping checking getaddrinfo for 27.204.27.218.adsl-pool.jlccptt.net.cn [218.27.204.27] failed - POSSIBLE BREAK-IN ATTEMPT!
Apr 11 09:11:58 ovzhost sshd[1533]: Invalid user dan from 218.27.204.27
Apr 11 09:11:58 ovzhost sshd[1533]: input_userauth_request: invalid user dan [preauth]
Apr 11 09:11:58 ovzhost sshd[1533]: pam_unix(sshd:auth): check pass; user unknown
Apr 11 09:11:58 ovzhost sshd[1533]: pam_unix(sshd:auth): authentication failure; logname= uid=0 euid=0 tty=ssh ruser= rhost=218.27.204.27 
Apr 11 09:11:58 ovzhost sshd[1529]: Failed password for root from 43.255.190.91 port 37418 ssh2
Apr 11 09:11:59 ovzhost sshd[1535]: Failed password for root from 43.255.190.130 port 53472 ssh2
Apr 11 09:12:00 ovzhost sshd[1533]: Failed password for invalid user dan from 218.27.204.27 port 54981 ssh2
Apr 11 09:12:00 ovzhost sshd[1533]: Received disconnect from 218.27.204.27: 11: Bye Bye [preauth]
Apr 11 09:12:02 ovzhost sshd[1537]: reverse mapping checking getaddrinfo for 27.204.27.218.adsl-pool.jlccptt.net.cn [218.27.204.27] failed - POSSIBLE BREAK-IN ATTEMPT!
Apr 11 09:12:02 ovzhost sshd[1537]: Invalid user bbb from 218.27.204.27
Apr 11 09:12:02 ovzhost sshd[1537]: input_userauth_request: invalid user bbb [preauth]
Apr 11 09:12:02 ovzhost sshd[1537]: pam_unix(sshd:auth): check pass; user unknown
Apr 11 09:12:02 ovzhost sshd[1537]: pam_unix(sshd:auth): authentication failure; logname= uid=0 euid=0 tty=ssh ruser= rhost=218.27.204.27 
Apr 11 09:12:03 ovzhost sshd[1529]: message repeated 2 times: [ Failed password for root from 43.255.190.91 port 37418 ssh2]
Apr 11 09:12:03 ovzhost sshd[1529]: Received disconnect from 43.255.190.91: 11:  [preauth]
Apr 11 09:12:03 ovzhost sshd[1529]: PAM 2 more authentication failures; logname= uid=0 euid=0 tty=ssh ruser= rhost=43.255.190.91  user=root
Apr 11 09:12:04 ovzhost sshd[1535]: message repeated 2 times: [ Failed password for root from 43.255.190.130 port 53472 ssh2]
Apr 11 09:12:04 ovzhost sshd[1535]: Received disconnect from 43.255.190.130: 11:  [preauth]
Apr 11 09:12:04 ovzhost sshd[1535]: PAM 2 more authentication failures; logname= uid=0 euid=0 tty=ssh ruser= rhost=43.255.190.130  user=root
Apr 11 09:12:05 ovzhost sshd[1537]: Failed password for invalid user bbb from 218.27.204.27 port 56596 ssh2
Apr 11 09:12:05 ovzhost sshd[1541]: pam_unix(sshd:auth): authentication failure; logname= uid=0 euid=0 tty=ssh ruser= rhost=43.255.190.130  user=root
Apr 11 09:12:05 ovzhost sshd[1537]: Received disconnect from 218.27.204.27: 11: Bye Bye [preauth]
Apr 11 09:12:07 ovzhost sshd[1541]: Failed password for root from 43.255.190.130 port 41425 ssh2
Apr 11 09:12:07 ovzhost sshd[1543]: reverse mapping checking getaddrinfo for 27.204.27.218.adsl-pool.jlccptt.net.cn [218.27.204.27] failed - POSSIBLE BREAK-IN ATTEMPT!
Apr 11 09:12:07 ovzhost sshd[1543]: Invalid user fmlacrosse from 218.27.204.27
Apr 11 09:12:07 ovzhost sshd[1543]: input_userauth_request: invalid user fmlacrosse [preauth]
Apr 11 09:12:07 ovzhost sshd[1543]: pam_unix(sshd:auth): check pass; user unknown
Apr 11 09:12:07 ovzhost sshd[1543]: pam_unix(sshd:auth): authentication failure; logname= uid=0 euid=0 tty=ssh ruser= rhost=218.27.204.27 
Apr 11 09:12:08 ovzhost sshd[1539]: pam_unix(sshd:auth): authentication failure; logname= uid=0 euid=0 tty=ssh ruser= rhost=43.255.190.91  user=root
Apr 11 09:12:09 ovzhost sshd[1543]: Failed password for invalid user fmlacrosse from 218.27.204.27 port 58359 ssh2
Apr 11 09:12:09 ovzhost sshd[1543]: Received disconnect from 218.27.204.27: 11: Bye Bye [preauth]
Apr 11 09:12:10 ovzhost sshd[1539]: Failed password for root from 43.255.190.91 port 54515 ssh2
Apr 11 09:12:10 ovzhost sshd[1541]: message repeated 2 times: [ Failed password for root from 43.255.190.130 port 41425 ssh2]
Apr 11 09:12:10 ovzhost sshd[1541]: Received disconnect from 43.255.190.130: 11:  [preauth]
Apr 11 09:12:10 ovzhost sshd[1541]: PAM 2 more authentication failures; logname= uid=0 euid=0 tty=ssh ruser= rhost=43.255.190.130  user=root
Apr 11 09:12:11 ovzhost sshd[1547]: pam_unix(sshd:auth): authentication failure; logname= uid=0 euid=0 tty=ssh ruser= rhost=43.255.190.130  user=root
Apr 11 09:12:12 ovzhost sshd[1545]: reverse mapping checking getaddrinfo for 27.204.27.218.adsl-pool.jlccptt.net.cn [218.27.204.27] failed - POSSIBLE BREAK-IN ATTEMPT!
Apr 11 09:12:12 ovzhost sshd[1545]: Invalid user rooster from 218.27.204.27
Apr 11 09:12:12 ovzhost sshd[1545]: input_userauth_request: invalid user rooster [preauth]
Apr 11 09:12:12 ovzhost sshd[1545]: pam_unix(sshd:auth): check pass; user unknown
Apr 11 09:12:12 ovzhost sshd[1545]: pam_unix(sshd:auth): authentication failure; logname= uid=0 euid=0 tty=ssh ruser= rhost=218.27.204.27 
Apr 11 09:12:13 ovzhost sshd[1547]: Failed password for root from 43.255.190.130 port 57660 ssh2
Apr 11 09:12:14 ovzhost sshd[1545]: Failed password for invalid user rooster from 218.27.204.27 port 59945 ssh2
Apr 11 09:12:14 ovzhost sshd[1545]: Received disconnect from 218.27.204.27: 11: Bye Bye [preauth]
Apr 11 09:12:16 ovzhost sshd[1539]: message repeated 2 times: [ Failed password for root from 43.255.190.91 port 54515 ssh2]
Apr 11 09:12:16 ovzhost sshd[1539]: Received disconnect from 43.255.190.91: 11:  [preauth]
Apr 11 09:12:16 ovzhost sshd[1539]: PAM 2 more authentication failures; logname= uid=0 euid=0 tty=ssh ruser= rhost=43.255.190.91  user=root
Apr 11 09:12:17 ovzhost sshd[1547]: message repeated 2 times: [ Failed password for root from 43.255.190.130 port 57660 ssh2]
Apr 11 09:12:17 ovzhost sshd[1547]: Received disconnect from 43.255.190.130: 11:  [preauth]
Apr 11 09:12:17 ovzhost sshd[1547]: PAM 2 more authentication failures; logname= uid=0 euid=0 tty=ssh ruser= rhost=43.255.190.130  user=root
Apr 11 09:12:18 ovzhost sshd[1553]: pam_unix(sshd:auth): authentication failure; logname= uid=0 euid=0 tty=ssh ruser= rhost=43.255.190.91  user=root
Apr 11 09:12:18 ovzhost sshd[1551]: reverse mapping checking getaddrinfo for 27.204.27.218.adsl-pool.jlccptt.net.cn [218.27.204.27] failed - POSSIBLE BREAK-IN ATTEMPT!
Apr 11 09:12:18 ovzhost sshd[1551]: Invalid user jeff from 218.27.204.27
Apr 11 09:12:18 ovzhost sshd[1551]: input_userauth_request: invalid user jeff [preauth]
Apr 11 09:12:18 ovzhost sshd[1551]: pam_unix(sshd:auth): check pass; user unknown
Apr 11 09:12:18 ovzhost sshd[1551]: pam_unix(sshd:auth): authentication failure; logname= uid=0 euid=0 tty=ssh ruser= rhost=218.27.204.27 
Apr 11 09:12:20 ovzhost sshd[1553]: Failed password for root from 43.255.190.91 port 44565 ssh2
Apr 11 09:12:20 ovzhost sshd[1551]: Failed password for invalid user jeff from 218.27.204.27 port 61690 ssh2
Apr 11 09:12:21 ovzhost sshd[1551]: Received disconnect from 218.27.204.27: 11: Bye Bye [preauth]
Apr 11 09:12:22 ovzhost sshd[1555]: pam_unix(sshd:auth): authentication failure; logname= uid=0 euid=0 tty=ssh ruser= rhost=43.255.190.130  user=root
Apr 11 09:12:23 ovzhost sshd[1557]: reverse mapping checking getaddrinfo for 27.204.27.218.adsl-pool.jlccptt.net.cn [218.27.204.27] failed - POSSIBLE BREAK-IN ATTEMPT!
Apr 11 09:12:23 ovzhost sshd[1557]: Invalid user jbearer from 218.27.204.27
Apr 11 09:12:23 ovzhost sshd[1557]: input_userauth_request: invalid user jbearer [preauth]
Apr 11 09:12:23 ovzhost sshd[1557]: pam_unix(sshd:auth): check pass; user unknown
Apr 11 09:12:23 ovzhost sshd[1557]: pam_unix(sshd:auth): authentication failure; logname= uid=0 euid=0 tty=ssh ruser= rhost=218.27.204.27 
Apr 11 09:12:24 ovzhost sshd[1553]: message repeated 2 times: [ Failed password for root from 43.255.190.91 port 44565 ssh2]
Apr 11 09:12:24 ovzhost sshd[1553]: Received disconnect from 43.255.190.91: 11:  [preauth]
Apr 11 09:12:24 ovzhost sshd[1553]: PAM 2 more authentication failures; logname= uid=0 euid=0 tty=ssh ruser= rhost=43.255.190.91  user=root
Apr 11 09:12:24 ovzhost sshd[1555]: Failed password for root from 43.255.190.130 port 45886 ssh2
Apr 11 09:12:25 ovzhost sshd[1557]: Failed password for invalid user jbearer from 218.27.204.27 port 63864 ssh2
Apr 11 09:12:26 ovzhost sshd[1557]: Received disconnect from 218.27.204.27: 11: Bye Bye [preauth]
Apr 11 09:12:28 ovzhost sshd[1561]: reverse mapping checking getaddrinfo for 27.204.27.218.adsl-pool.jlccptt.net.cn [218.27.204.27] failed - POSSIBLE BREAK-IN ATTEMPT!
Apr 11 09:12:28 ovzhost sshd[1561]: Invalid user christy from 218.27.204.27
Apr 11 09:12:28 ovzhost sshd[1561]: input_userauth_request: invalid user christy [preauth]
Apr 11 09:12:28 ovzhost sshd[1561]: pam_unix(sshd:auth): check pass; user unknown
Apr 11 09:12:28 ovzhost sshd[1561]: pam_unix(sshd:auth): authentication failure; logname= uid=0 euid=0 tty=ssh ruser= rhost=218.27.204.27 
Apr 11 09:12:28 ovzhost sshd[1555]: message repeated 2 times: [ Failed password for root from 43.255.190.130 port 45886 ssh2]
Apr 11 09:12:29 ovzhost sshd[1555]: Received disconnect from 43.255.190.130: 11:  [preauth]
Apr 11 09:12:29 ovzhost sshd[1555]: PAM 2 more authentication failures; logname= uid=0 euid=0 tty=ssh ruser= rhost=43.255.190.130  user=root
Apr 11 09:12:29 ovzhost sshd[1563]: pam_unix(sshd:auth): authentication failure; logname= uid=0 euid=0 tty=ssh ruser= rhost=43.255.190.130  user=root
Apr 11 09:12:30 ovzhost sshd[1559]: pam_unix(sshd:auth): authentication failure; logname= uid=0 euid=0 tty=ssh ruser= rhost=43.255.190.91  user=root
Apr 11 09:12:30 ovzhost sshd[1561]: Failed password for invalid user christy from 218.27.204.27 port 9196 ssh2
Apr 11 09:12:31 ovzhost sshd[1561]: Received disconnect from 218.27.204.27: 11: Bye Bye [preauth]
Apr 11 09:12:31 ovzhost sshd[1563]: Failed password for root from 43.255.190.130 port 45862 ssh2
Apr 11 09:12:32 ovzhost sshd[1559]: Failed password for root from 43.255.190.91 port 55703 ssh2
Apr 11 09:12:33 ovzhost sshd[1565]: reverse mapping checking getaddrinfo for 27.204.27.218.adsl-pool.jlccptt.net.cn [218.27.204.27] failed - POSSIBLE BREAK-IN ATTEMPT!
Apr 11 09:12:33 ovzhost sshd[1565]: Invalid user david from 218.27.204.27
Apr 11 09:12:33 ovzhost sshd[1565]: input_userauth_request: invalid user david [preauth]
Apr 11 09:12:33 ovzhost sshd[1565]: pam_unix(sshd:auth): check pass; user unknown
Apr 11 09:12:33 ovzhost sshd[1565]: pam_unix(sshd:auth): authentication failure; logname= uid=0 euid=0 tty=ssh ruser= rhost=218.27.204.27 
Apr 11 09:12:34 ovzhost sshd[1563]: message repeated 2 times: [ Failed password for root from 43.255.190.130 port 45862 ssh2]
Apr 11 09:12:34 ovzhost sshd[1563]: Received disconnect from 43.255.190.130: 11:  [preauth]
Apr 11 09:12:34 ovzhost sshd[1563]: PAM 2 more authentication failures; logname= uid=0 euid=0 tty=ssh ruser= rhost=43.255.190.130  user=root
Apr 11 09:12:35 ovzhost sshd[1565]: Failed password for invalid user david from 218.27.204.27 port 10927 ssh2
Apr 11 09:12:35 ovzhost sshd[1567]: pam_unix(sshd:auth): authentication failure; logname= uid=0 euid=0 tty=ssh ruser= rhost=43.255.190.130  user=root
Apr 11 09:12:35 ovzhost sshd[1565]: Received disconnect from 218.27.204.27: 11: Bye Bye [preauth]
Apr 11 09:12:36 ovzhost sshd[1559]: message repeated 2 times: [ Failed password for root from 43.255.190.91 port 55703 ssh2]
Apr 11 09:12:37 ovzhost sshd[1559]: Received disconnect from 43.255.190.91: 11:  [preauth]
Apr 11 09:12:37 ovzhost sshd[1559]: PAM 2 more authentication failures; logname= uid=0 euid=0 tty=ssh ruser= rhost=43.255.190.91  user=root
Apr 11 09:12:37 ovzhost sshd[1567]: Failed password for root from 43.255.190.130 port 60789 ssh2
Apr 11 09:12:38 ovzhost sshd[1569]: reverse mapping checking getaddrinfo for 27.204.27.218.adsl-pool.jlccptt.net.cn [218.27.204.27] failed - POSSIBLE BREAK-IN ATTEMPT!
Apr 11 09:12:38 ovzhost sshd[1569]: Invalid user ashlee from 218.27.204.27
Apr 11 09:12:38 ovzhost sshd[1569]: input_userauth_request: invalid user ashlee [preauth]
Apr 11 09:12:38 ovzhost sshd[1569]: pam_unix(sshd:auth): check pass; user unknown
Apr 11 09:12:38 ovzhost sshd[1569]: pam_unix(sshd:auth): authentication failure; logname= uid=0 euid=0 tty=ssh ruser= rhost=218.27.204.27 
Apr 11 09:12:38 ovzhost sshd[1571]: pam_unix(sshd:auth): authentication failure; logname= uid=0 euid=0 tty=ssh ruser= rhost=43.255.190.91  user=root
Apr 11 09:12:40 ovzhost sshd[1569]: Failed password for invalid user ashlee from 218.27.204.27 port 12523 ssh2
Apr 11 09:12:40 ovzhost sshd[1571]: Failed password for root from 43.255.190.91 port 45513 ssh2
Apr 11 09:12:40 ovzhost sshd[1569]: Received disconnect from 218.27.204.27: 11: Bye Bye [preauth]
Apr 11 09:12:41 ovzhost sshd[1567]: message repeated 2 times: [ Failed password for root from 43.255.190.130 port 60789 ssh2]
Apr 11 09:12:41 ovzhost sshd[1567]: Received disconnect from 43.255.190.130: 11:  [preauth]
Apr 11 09:12:41 ovzhost sshd[1567]: PAM 2 more authentication failures; logname= uid=0 euid=0 tty=ssh ruser= rhost=43.255.190.130  user=root
Apr 11 09:12:42 ovzhost sshd[1575]: pam_unix(sshd:auth): authentication failure; logname= uid=0 euid=0 tty=ssh ruser= rhost=43.255.190.130  user=root
Apr 11 09:12:43 ovzhost sshd[1573]: reverse mapping checking getaddrinfo for 27.204.27.218.adsl-pool.jlccptt.net.cn [218.27.204.27] failed - POSSIBLE BREAK-IN ATTEMPT!
Apr 11 09:12:43 ovzhost sshd[1573]: Invalid user ccreech from 218.27.204.27
Apr 11 09:12:43 ovzhost sshd[1573]: input_userauth_request: invalid user ccreech [preauth]
Apr 11 09:12:43 ovzhost sshd[1573]: pam_unix(sshd:auth): check pass; user unknown
Apr 11 09:12:43 ovzhost sshd[1573]: pam_unix(sshd:auth): authentication failure; logname= uid=0 euid=0 tty=ssh ruser= rhost=218.27.204.27 
Apr 11 09:12:44 ovzhost sshd[1571]: message repeated 2 times: [ Failed password for root from 43.255.190.91 port 45513 ssh2]
Apr 11 09:12:44 ovzhost sshd[1571]: Received disconnect from 43.255.190.91: 11:  [preauth]
Apr 11 09:12:44 ovzhost sshd[1571]: PAM 2 more authentication failures; logname= uid=0 euid=0 tty=ssh ruser= rhost=43.255.190.91  user=root
Apr 11 09:12:44 ovzhost sshd[1575]: Failed password for root from 43.255.190.130 port 50380 ssh2
Apr 11 09:12:45 ovzhost sshd[1573]: Failed password for invalid user ccreech from 218.27.204.27 port 14162 ssh2
Apr 11 09:12:46 ovzhost sshd[1573]: Received disconnect from 218.27.204.27: 11: Bye Bye [preauth]
Apr 11 09:12:48 ovzhost sshd[1577]: reverse mapping checking getaddrinfo for 27.204.27.218.adsl-pool.jlccptt.net.cn [218.27.204.27] failed - POSSIBLE BREAK-IN ATTEMPT!
Apr 11 09:12:48 ovzhost sshd[1577]: Invalid user JNJTest from 218.27.204.27
Apr 11 09:12:48 ovzhost sshd[1577]: input_userauth_request: invalid user JNJTest [preauth]
Apr 11 09:12:48 ovzhost sshd[1577]: pam_unix(sshd:auth): check pass; user unknown
Apr 11 09:12:48 ovzhost sshd[1577]: pam_unix(sshd:auth): authentication failure; logname= uid=0 euid=0 tty=ssh ruser= rhost=218.27.204.27 
Apr 11 09:12:48 ovzhost sshd[1579]: pam_unix(sshd:auth): authentication failure; logname= uid=0 euid=0 tty=ssh ruser= rhost=43.255.190.91  user=root
Apr 11 09:12:49 ovzhost sshd[1575]: message repeated 2 times: [ Failed password for root from 43.255.190.130 port 50380 ssh2]
Apr 11 09:12:49 ovzhost sshd[1575]: Received disconnect from 43.255.190.130: 11:  [preauth]
Apr 11 09:12:49 ovzhost sshd[1575]: PAM 2 more authentication failures; logname= uid=0 euid=0 tty=ssh ruser= rhost=43.255.190.130  user=root
Apr 11 09:12:49 ovzhost sshd[1581]: pam_unix(sshd:auth): authentication failure; logname= uid=0 euid=0 tty=ssh ruser= rhost=43.255.190.130  user=root
Apr 11 09:12:50 ovzhost sshd[1577]: Failed password for invalid user JNJTest from 218.27.204.27 port 16085 ssh2
Apr 11 09:12:50 ovzhost sshd[1579]: Failed password for root from 43.255.190.91 port 56789 ssh2
Apr 11 09:12:50 ovzhost sshd[1577]: Received disconnect from 218.27.204.27: 11: Bye Bye [preauth]
Apr 11 09:12:51 ovzhost sshd[1581]: Failed password for root from 43.255.190.130 port 38501 ssh2
Apr 11 09:12:53 ovzhost sshd[1583]: reverse mapping checking getaddrinfo for 27.204.27.218.adsl-pool.jlccptt.net.cn [218.27.204.27] failed - POSSIBLE BREAK-IN ATTEMPT!
Apr 11 09:12:53 ovzhost sshd[1583]: Invalid user doug from 218.27.204.27
Apr 11 09:12:53 ovzhost sshd[1583]: input_userauth_request: invalid user doug [preauth]
Apr 11 09:12:53 ovzhost sshd[1583]: pam_unix(sshd:auth): check pass; user unknown
Apr 11 09:12:53 ovzhost sshd[1583]: pam_unix(sshd:auth): authentication failure; logname= uid=0 euid=0 tty=ssh ruser= rhost=218.27.204.27 
Apr 11 09:12:54 ovzhost sshd[1579]: message repeated 2 times: [ Failed password for root from 43.255.190.91 port 56789 ssh2]
Apr 11 09:12:54 ovzhost sshd[1579]: Received disconnect from 43.255.190.91: 11:  [preauth]
Apr 11 09:12:54 ovzhost sshd[1579]: PAM 2 more authentication failures; logname= uid=0 euid=0 tty=ssh ruser= rhost=43.255.190.91  user=root
Apr 11 09:12:55 ovzhost sshd[1583]: Failed password for invalid user doug from 218.27.204.27 port 17720 ssh2
Apr 11 09:12:55 ovzhost sshd[1583]: Received disconnect from 218.27.204.27: 11: Bye Bye [preauth]
Apr 11 09:12:55 ovzhost sshd[1581]: message repeated 2 times: [ Failed password for root from 43.255.190.130 port 38501 ssh2]
Apr 11 09:12:55 ovzhost sshd[1581]: Received disconnect from 43.255.190.130: 11:  [preauth]
Apr 11 09:12:55 ovzhost sshd[1581]: PAM 2 more authentication failures; logname= uid=0 euid=0 tty=ssh ruser= rhost=43.255.190.130  user=root
Apr 11 09:12:56 ovzhost sshd[1587]: pam_unix(sshd:auth): authentication failure; logname= uid=0 euid=0 tty=ssh ruser= rhost=43.255.190.130  user=root
Apr 11 09:12:56 ovzhost sshd[1586]: pam_unix(sshd:auth): authentication failure; logname= uid=0 euid=0 tty=ssh ruser= rhost=43.255.190.91  user=root
Apr 11 09:12:58 ovzhost sshd[1589]: reverse mapping checking getaddrinfo for 27.204.27.218.adsl-pool.jlccptt.net.cn [218.27.204.27] failed - POSSIBLE BREAK-IN ATTEMPT!
Apr 11 09:12:58 ovzhost sshd[1589]: Invalid user ssoles from 218.27.204.27
Apr 11 09:12:58 ovzhost sshd[1589]: input_userauth_request: invalid user ssoles [preauth]
Apr 11 09:12:58 ovzhost sshd[1589]: pam_unix(sshd:auth): check pass; user unknown
Apr 11 09:12:58 ovzhost sshd[1589]: pam_unix(sshd:auth): authentication failure; logname= uid=0 euid=0 tty=ssh ruser= rhost=218.27.204.27 
Apr 11 09:12:58 ovzhost sshd[1587]: Failed password for root from 43.255.190.130 port 54869 ssh2
Apr 11 09:12:59 ovzhost sshd[1586]: Failed password for root from 43.255.190.91 port 41482 ssh2
Apr 11 09:13:00 ovzhost sshd[1589]: Failed password for invalid user ssoles from 218.27.204.27 port 19319 ssh2
Apr 11 09:13:00 ovzhost sshd[1589]: Received disconnect from 218.27.204.27: 11: Bye Bye [preauth]
Apr 11 09:13:02 ovzhost sshd[1587]: message repeated 2 times: [ Failed password for root from 43.255.190.130 port 54869 ssh2]
Apr 11 09:13:03 ovzhost sshd[1587]: Received disconnect from 43.255.190.130: 11:  [preauth]
Apr 11 09:13:03 ovzhost sshd[1587]: PAM 2 more authentication failures; logname= uid=0 euid=0 tty=ssh ruser= rhost=43.255.190.130  user=root
Apr 11 09:13:03 ovzhost sshd[1592]: reverse mapping checking getaddrinfo for 27.204.27.218.adsl-pool.jlccptt.net.cn [218.27.204.27] failed - POSSIBLE BREAK-IN ATTEMPT!
Apr 11 09:13:03 ovzhost sshd[1592]: Invalid user bryan from 218.27.204.27
Apr 11 09:13:03 ovzhost sshd[1592]: input_userauth_request: invalid user bryan [preauth]
Apr 11 09:13:03 ovzhost sshd[1592]: pam_unix(sshd:auth): check pass; user unknown
Apr 11 09:13:03 ovzhost sshd[1592]: pam_unix(sshd:auth): authentication failure; logname= uid=0 euid=0 tty=ssh ruser= rhost=218.27.204.27 
Apr 11 09:13:03 ovzhost sshd[1594]: pam_unix(sshd:auth): authentication failure; logname= uid=0 euid=0 tty=ssh ruser= rhost=43.255.190.130  user=root
Apr 11 09:13:03 ovzhost sshd[1586]: message repeated 2 times: [ Failed password for root from 43.255.190.91 port 41482 ssh2]
Apr 11 09:13:03 ovzhost sshd[1586]: Received disconnect from 43.255.190.91: 11:  [preauth]
Apr 11 09:13:03 ovzhost sshd[1586]: PAM 2 more authentication failures; logname= uid=0 euid=0 tty=ssh ruser= rhost=43.255.190.91  user=root
Apr 11 09:13:05 ovzhost sshd[1592]: Failed password for invalid user bryan from 218.27.204.27 port 20901 ssh2
Apr 11 09:13:05 ovzhost sshd[1592]: Received disconnect from 218.27.204.27: 11: Bye Bye [preauth]
Apr 11 09:13:05 ovzhost sshd[1594]: Failed password for root from 43.255.190.130 port 42966 ssh2
Apr 11 09:13:08 ovzhost sshd[1596]: pam_unix(sshd:auth): authentication failure; logname= uid=0 euid=0 tty=ssh ruser= rhost=43.255.190.91  user=root
Apr 11 09:13:09 ovzhost sshd[1597]: reverse mapping checking getaddrinfo for 27.204.27.218.adsl-pool.jlccptt.net.cn [218.27.204.27] failed - POSSIBLE BREAK-IN ATTEMPT!
Apr 11 09:13:09 ovzhost sshd[1597]: Invalid user dave from 218.27.204.27
Apr 11 09:13:09 ovzhost sshd[1597]: input_userauth_request: invalid user dave [preauth]
Apr 11 09:13:09 ovzhost sshd[1597]: pam_unix(sshd:auth): check pass; user unknown
Apr 11 09:13:09 ovzhost sshd[1597]: pam_unix(sshd:auth): authentication failure; logname= uid=0 euid=0 tty=ssh ruser= rhost=218.27.204.27 
Apr 11 09:13:10 ovzhost sshd[1596]: Failed password for root from 43.255.190.91 port 56213 ssh2
Apr 11 09:13:10 ovzhost sshd[1594]: message repeated 2 times: [ Failed password for root from 43.255.190.130 port 42966 ssh2]
Apr 11 09:13:10 ovzhost sshd[1594]: Received disconnect from 43.255.190.130: 11:  [preauth]
Apr 11 09:13:10 ovzhost sshd[1594]: PAM 2 more authentication failures; logname= uid=0 euid=0 tty=ssh ruser= rhost=43.255.190.130  user=root
Apr 11 09:13:11 ovzhost sshd[1597]: Failed password for invalid user dave from 218.27.204.27 port 22424 ssh2
Apr 11 09:13:12 ovzhost sshd[1597]: Received disconnect from 218.27.204.27: 11: Bye Bye [preauth]
Apr 11 09:13:12 ovzhost sshd[1600]: pam_unix(sshd:auth): authentication failure; logname= uid=0 euid=0 tty=ssh ruser= rhost=43.255.190.130  user=root
Apr 11 09:13:14 ovzhost sshd[1602]: reverse mapping checking getaddrinfo for 27.204.27.218.adsl-pool.jlccptt.net.cn [218.27.204.27] failed - POSSIBLE BREAK-IN ATTEMPT!
Apr 11 09:13:14 ovzhost sshd[1602]: Invalid user jointma from 218.27.204.27
Apr 11 09:13:14 ovzhost sshd[1602]: input_userauth_request: invalid user jointma [preauth]
Apr 11 09:13:14 ovzhost sshd[1602]: pam_unix(sshd:auth): check pass; user unknown
Apr 11 09:13:14 ovzhost sshd[1602]: pam_unix(sshd:auth): authentication failure; logname= uid=0 euid=0 tty=ssh ruser= rhost=218.27.204.27 
Apr 11 09:13:14 ovzhost sshd[1600]: Failed password for root from 43.255.190.130 port 60536 ssh2
Apr 11 09:13:15 ovzhost sshd[1596]: message repeated 2 times: [ Failed password for root from 43.255.190.91 port 56213 ssh2]
Apr 11 09:13:15 ovzhost sshd[1596]: Received disconnect from 43.255.190.91: 11:  [preauth]
Apr 11 09:13:15 ovzhost sshd[1596]: PAM 2 more authentication failures; logname= uid=0 euid=0 tty=ssh ruser= rhost=43.255.190.91  user=root
Apr 11 09:13:16 ovzhost sshd[1602]: Failed password for invalid user jointma from 218.27.204.27 port 24414 ssh2
Apr 11 09:13:16 ovzhost sshd[1602]: Received disconnect from 218.27.204.27: 11: Bye Bye [preauth]
Apr 11 09:13:18 ovzhost sshd[1600]: message repeated 2 times: [ Failed password for root from 43.255.190.130 port 60536 ssh2]
Apr 11 09:13:18 ovzhost sshd[1600]: Received disconnect from 43.255.190.130: 11:  [preauth]
Apr 11 09:13:18 ovzhost sshd[1600]: PAM 2 more authentication failures; logname= uid=0 euid=0 tty=ssh ruser= rhost=43.255.190.130  user=root
Apr 11 09:13:19 ovzhost sshd[1610]: pam_unix(sshd:auth): authentication failure; logname= uid=0 euid=0 tty=ssh ruser= rhost=43.255.190.130  user=root
Apr 11 09:13:19 ovzhost sshd[1606]: reverse mapping checking getaddrinfo for 27.204.27.218.adsl-pool.jlccptt.net.cn [218.27.204.27] failed - POSSIBLE BREAK-IN ATTEMPT!
Apr 11 09:13:19 ovzhost sshd[1606]: Invalid user trevelyn from 218.27.204.27
Apr 11 09:13:19 ovzhost sshd[1606]: input_userauth_request: invalid user trevelyn [preauth]
Apr 11 09:13:19 ovzhost sshd[1606]: pam_unix(sshd:auth): check pass; user unknown
Apr 11 09:13:19 ovzhost sshd[1606]: pam_unix(sshd:auth): authentication failure; logname= uid=0 euid=0 tty=ssh ruser= rhost=218.27.204.27 
Apr 11 09:13:20 ovzhost sshd[1610]: Failed password for root from 43.255.190.130 port 52222 ssh2
Apr 11 09:13:21 ovzhost sshd[1606]: Failed password for invalid user trevelyn from 218.27.204.27 port 25769 ssh2
Apr 11 09:13:21 ovzhost sshd[1606]: Received disconnect from 218.27.204.27: 11: Bye Bye [preauth]
Apr 11 09:13:24 ovzhost sshd[1612]: reverse mapping checking getaddrinfo for 27.204.27.218.adsl-pool.jlccptt.net.cn [218.27.204.27] failed - POSSIBLE BREAK-IN ATTEMPT!
Apr 11 09:13:24 ovzhost sshd[1612]: Invalid user cvsenior from 218.27.204.27
Apr 11 09:13:24 ovzhost sshd[1612]: input_userauth_request: invalid user cvsenior [preauth]
Apr 11 09:13:24 ovzhost sshd[1612]: pam_unix(sshd:auth): check pass; user unknown
Apr 11 09:13:24 ovzhost sshd[1612]: pam_unix(sshd:auth): authentication failure; logname= uid=0 euid=0 tty=ssh ruser= rhost=218.27.204.27 
Apr 11 09:13:25 ovzhost sshd[1610]: message repeated 2 times: [ Failed password for root from 43.255.190.130 port 52222 ssh2]
Apr 11 09:13:25 ovzhost sshd[1610]: Received disconnect from 43.255.190.130: 11:  [preauth]
Apr 11 09:13:25 ovzhost sshd[1610]: PAM 2 more authentication failures; logname= uid=0 euid=0 tty=ssh ruser= rhost=43.255.190.130  user=root
Apr 11 09:13:25 ovzhost sshd[1614]: pam_unix(sshd:auth): authentication failure; logname= uid=0 euid=0 tty=ssh ruser= rhost=43.255.190.130  user=root
Apr 11 09:13:26 ovzhost sshd[1612]: Failed password for invalid user cvsenior from 218.27.204.27 port 27375 ssh2
Apr 11 09:13:27 ovzhost sshd[1612]: Received disconnect from 218.27.204.27: 11: Bye Bye [preauth]
Apr 11 09:13:27 ovzhost sshd[1614]: Failed password for root from 43.255.190.130 port 39931 ssh2
Apr 11 09:13:30 ovzhost sshd[1616]: reverse mapping checking getaddrinfo for 27.204.27.218.adsl-pool.jlccptt.net.cn [218.27.204.27] failed - POSSIBLE BREAK-IN ATTEMPT!
Apr 11 09:13:30 ovzhost sshd[1616]: Invalid user eric from 218.27.204.27
Apr 11 09:13:30 ovzhost sshd[1616]: input_userauth_request: invalid user eric [preauth]
Apr 11 09:13:30 ovzhost sshd[1616]: pam_unix(sshd:auth): check pass; user unknown
Apr 11 09:13:30 ovzhost sshd[1616]: pam_unix(sshd:auth): authentication failure; logname= uid=0 euid=0 tty=ssh ruser= rhost=218.27.204.27 
Apr 11 09:13:32 ovzhost sshd[1614]: message repeated 2 times: [ Failed password for root from 43.255.190.130 port 39931 ssh2]
Apr 11 09:13:32 ovzhost sshd[1614]: Received disconnect from 43.255.190.130: 11:  [preauth]
Apr 11 09:13:32 ovzhost sshd[1614]: PAM 2 more authentication failures; logname= uid=0 euid=0 tty=ssh ruser= rhost=43.255.190.130  user=root
Apr 11 09:13:32 ovzhost sshd[1616]: Failed password for invalid user eric from 218.27.204.27 port 28775 ssh2
Apr 11 09:13:32 ovzhost sshd[1604]: Connection closed by 43.255.190.91 [preauth]
Apr 11 09:13:33 ovzhost sshd[1616]: Received disconnect from 218.27.204.27: 11: Bye Bye [preauth]
Apr 11 09:13:33 ovzhost sshd[1618]: pam_unix(sshd:auth): authentication failure; logname= uid=0 euid=0 tty=ssh ruser= rhost=43.255.190.130  user=root
Apr 11 09:13:35 ovzhost sshd[1618]: Failed password for root from 43.255.190.130 port 56721 ssh2
Apr 11 09:13:37 ovzhost sshd[1621]: reverse mapping checking getaddrinfo for 27.204.27.218.adsl-pool.jlccptt.net.cn [218.27.204.27] failed - POSSIBLE BREAK-IN ATTEMPT!
Apr 11 09:13:37 ovzhost sshd[1621]: Invalid user culmer from 218.27.204.27
Apr 11 09:13:37 ovzhost sshd[1621]: input_userauth_request: invalid user culmer [preauth]
Apr 11 09:13:37 ovzhost sshd[1621]: pam_unix(sshd:auth): check pass; user unknown
Apr 11 09:13:37 ovzhost sshd[1621]: pam_unix(sshd:auth): authentication failure; logname= uid=0 euid=0 tty=ssh ruser= rhost=218.27.204.27 
Apr 11 09:13:38 ovzhost sshd[1621]: Failed password for invalid user culmer from 218.27.204.27 port 30536 ssh2
Apr 11 09:13:39 ovzhost sshd[1621]: Received disconnect from 218.27.204.27: 11: Bye Bye [preauth]
Apr 11 09:13:39 ovzhost sshd[1618]: message repeated 2 times: [ Failed password for root from 43.255.190.130 port 56721 ssh2]
Apr 11 09:13:39 ovzhost sshd[1618]: Received disconnect from 43.255.190.130: 11:  [preauth]
Apr 11 09:13:39 ovzhost sshd[1618]: PAM 2 more authentication failures; logname= uid=0 euid=0 tty=ssh ruser= rhost=43.255.190.130  user=root
Apr 11 09:13:40 ovzhost sshd[1623]: pam_unix(sshd:auth): authentication failure; logname= uid=0 euid=0 tty=ssh ruser= rhost=43.255.190.130  user=root
Apr 11 09:13:41 ovzhost sshd[1625]: reverse mapping checking getaddrinfo for 27.204.27.218.adsl-pool.jlccptt.net.cn [218.27.204.27] failed - POSSIBLE BREAK-IN ATTEMPT!
Apr 11 09:13:41 ovzhost sshd[1625]: pam_unix(sshd:auth): authentication failure; logname= uid=0 euid=0 tty=ssh ruser= rhost=218.27.204.27  user=nagios
Apr 11 09:13:42 ovzhost sshd[1623]: Failed password for root from 43.255.190.130 port 46271 ssh2
Apr 11 09:13:44 ovzhost sshd[1625]: Failed password for nagios from 218.27.204.27 port 32346 ssh2
Apr 11 09:13:44 ovzhost sshd[1625]: Received disconnect from 218.27.204.27: 11: Bye Bye [preauth]
Apr 11 09:13:46 ovzhost sshd[1623]: message repeated 2 times: [ Failed password for root from 43.255.190.130 port 46271 ssh2]
Apr 11 09:13:46 ovzhost sshd[1623]: Received disconnect from 43.255.190.130: 11:  [preauth]
Apr 11 09:13:46 ovzhost sshd[1623]: PAM 2 more authentication failures; logname= uid=0 euid=0 tty=ssh ruser= rhost=43.255.190.130  user=root
Apr 11 09:13:46 ovzhost sshd[1627]: reverse mapping checking getaddrinfo for 27.204.27.218.adsl-pool.jlccptt.net.cn [218.27.204.27] failed - POSSIBLE BREAK-IN ATTEMPT!
Apr 11 09:13:46 ovzhost sshd[1627]: Invalid user jbeiter from 218.27.204.27
Apr 11 09:13:46 ovzhost sshd[1627]: input_userauth_request: invalid user jbeiter [preauth]
Apr 11 09:13:46 ovzhost sshd[1627]: pam_unix(sshd:auth): check pass; user unknown
Apr 11 09:13:46 ovzhost sshd[1627]: pam_unix(sshd:auth): authentication failure; logname= uid=0 euid=0 tty=ssh ruser= rhost=218.27.204.27 
Apr 11 09:13:47 ovzhost sshd[1629]: pam_unix(sshd:auth): authentication failure; logname= uid=0 euid=0 tty=ssh ruser= rhost=43.255.190.130  user=root
Apr 11 09:13:48 ovzhost sshd[1627]: Failed password for invalid user jbeiter from 218.27.204.27 port 33737 ssh2
