Apr 11 09:13:49 ovzhost sshd[1627]: Received disconnect from 218.27.204.27: 11: Bye Bye [preauth]
Apr 11 09:13:49 ovzhost sshd[1629]: Failed password for root from 43.255.190.130 port 35666 ssh2
Apr 11 09:13:51 ovzhost sshd[1631]: reverse mapping checking getaddrinfo for 27.204.27.218.adsl-pool.jlccptt.net.cn [218.27.204.27] failed - POSSIBLE BREAK-IN ATTEMPT!
Apr 11 09:13:51 ovzhost sshd[1631]: Invalid user troop3nc from 218.27.204.27
Apr 11 09:13:51 ovzhost sshd[1631]: input_userauth_request: invalid user troop3nc [preauth]
Apr 11 09:13:51 ovzhost sshd[1631]: pam_unix(sshd:auth): check pass; user unknown
Apr 11 09:13:51 ovzhost sshd[1631]: pam_unix(sshd:auth): authentication failure; logname= uid=0 euid=0 tty=ssh ruser= rhost=218.27.204.27 
Apr 11 09:13:53 ovzhost sshd[1631]: Failed password for invalid user troop3nc from 218.27.204.27 port 34972 ssh2
Apr 11 09:13:53 ovzhost sshd[1629]: message repeated 2 times: [ Failed password for root from 43.255.190.130 port 35666 ssh2]
Apr 11 09:13:53 ovzhost sshd[1629]: Received disconnect from 43.255.190.130: 11:  [preauth]
Apr 11 09:13:53 ovzhost sshd[1629]: PAM 2 more authentication failures; logname= uid=0 euid=0 tty=ssh ruser= rhost=43.255.190.130  user=root
Apr 11 09:13:54 ovzhost sshd[1631]: Received disconnect from 218.27.204.27: 11: Bye Bye [preauth]
Apr 11 09:13:54 ovzhost sshd[1633]: pam_unix(sshd:auth): authentication failure; logname= uid=0 euid=0 tty=ssh ruser= rhost=43.255.190.130  user=root
Apr 11 09:13:56 ovzhost sshd[1633]: Failed password for root from 43.255.190.130 port 54036 ssh2
Apr 11 09:13:56 ovzhost sshd[1637]: reverse mapping checking getaddrinfo for 27.204.27.218.adsl-pool.jlccptt.net.cn [218.27.204.27] failed - POSSIBLE BREAK-IN ATTEMPT!
Apr 11 09:13:56 ovzhost sshd[1637]: Invalid user caddy from 218.27.204.27
Apr 11 09:13:56 ovzhost sshd[1637]: input_userauth_request: invalid user caddy [preauth]
Apr 11 09:13:56 ovzhost sshd[1637]: pam_unix(sshd:auth): check pass; user unknown
Apr 11 09:13:56 ovzhost sshd[1637]: pam_unix(sshd:auth): authentication failure; logname= uid=0 euid=0 tty=ssh ruser= rhost=218.27.204.27 
Apr 11 09:13:58 ovzhost sshd[1637]: Failed password for invalid user caddy from 218.27.204.27 port 36300 ssh2
Apr 11 09:13:58 ovzhost sshd[1637]: Received disconnect from 218.27.204.27: 11: Bye Bye [preauth]
Apr 11 09:14:00 ovzhost sshd[1633]: message repeated 2 times: [ Failed password for root from 43.255.190.130 port 54036 ssh2]
Apr 11 09:14:00 ovzhost sshd[1633]: Received disconnect from 43.255.190.130: 11:  [preauth]
Apr 11 09:14:00 ovzhost sshd[1633]: PAM 2 more authentication failures; logname= uid=0 euid=0 tty=ssh ruser= rhost=43.255.190.130  user=root
Apr 11 09:14:01 ovzhost sshd[1639]: reverse mapping checking getaddrinfo for 27.204.27.218.adsl-pool.jlccptt.net.cn [218.27.204.27] failed - POSSIBLE BREAK-IN ATTEMPT!
Apr 11 09:14:01 ovzhost sshd[1639]: Invalid user dubkat from 218.27.204.27
Apr 11 09:14:01 ovzhost sshd[1639]: input_userauth_request: invalid user dubkat [preauth]
Apr 11 09:14:01 ovzhost sshd[1639]: pam_unix(sshd:auth): check pass; user unknown
Apr 11 09:14:01 ovzhost sshd[1639]: pam_unix(sshd:auth): authentication failure; logname= uid=0 euid=0 tty=ssh ruser= rhost=218.27.204.27 
Apr 11 09:14:03 ovzhost sshd[1639]: Failed password for invalid user dubkat from 218.27.204.27 port 37528 ssh2
Apr 11 09:14:03 ovzhost sshd[1639]: Received disconnect from 218.27.204.27: 11: Bye Bye [preauth]
Apr 11 09:14:06 ovzhost sshd[1641]: reverse mapping checking getaddrinfo for 27.204.27.218.adsl-pool.jlccptt.net.cn [218.27.204.27] failed - POSSIBLE BREAK-IN ATTEMPT!
Apr 11 09:14:06 ovzhost sshd[1641]: Invalid user services from 218.27.204.27
Apr 11 09:14:06 ovzhost sshd[1641]: input_userauth_request: invalid user services [preauth]
Apr 11 09:14:06 ovzhost sshd[1641]: pam_unix(sshd:auth): check pass; user unknown
Apr 11 09:14:06 ovzhost sshd[1641]: pam_unix(sshd:auth): authentication failure; logname= uid=0 euid=0 tty=ssh ruser= rhost=218.27.204.27 
Apr 11 09:14:08 ovzhost sshd[1641]: Failed password for invalid user services from 218.27.204.27 port 38673 ssh2
Apr 11 09:14:08 ovzhost sshd[1641]: Received disconnect from 218.27.204.27: 11: Bye Bye [preauth]
Apr 11 09:14:11 ovzhost sshd[1643]: reverse mapping checking getaddrinfo for 27.204.27.218.adsl-pool.jlccptt.net.cn [218.27.204.27] failed - POSSIBLE BREAK-IN ATTEMPT!
Apr 11 09:14:11 ovzhost sshd[1643]: Invalid user nitro from 218.27.204.27
Apr 11 09:14:11 ovzhost sshd[1643]: input_userauth_request: invalid user nitro [preauth]
Apr 11 09:14:11 ovzhost sshd[1643]: pam_unix(sshd:auth): check pass; user unknown
Apr 11 09:14:11 ovzhost sshd[1643]: pam_unix(sshd:auth): authentication failure; logname= uid=0 euid=0 tty=ssh ruser= rhost=218.27.204.27 
Apr 11 09:14:14 ovzhost sshd[1643]: Failed password for invalid user nitro from 218.27.204.27 port 39952 ssh2
Apr 11 09:14:14 ovzhost sshd[1643]: Received disconnect from 218.27.204.27: 11: Bye Bye [preauth]
Apr 11 09:14:16 ovzhost sshd[1645]: reverse mapping checking getaddrinfo for 27.204.27.218.adsl-pool.jlccptt.net.cn [218.27.204.27] failed - POSSIBLE BREAK-IN ATTEMPT!
Apr 11 09:14:16 ovzhost sshd[1645]: Invalid user minecraft from 218.27.204.27
Apr 11 09:14:16 ovzhost sshd[1645]: input_userauth_request: invalid user minecraft [preauth]
Apr 11 09:14:16 ovzhost sshd[1645]: pam_unix(sshd:auth): check pass; user unknown
Apr 11 09:14:16 ovzhost sshd[1645]: pam_unix(sshd:auth): authentication failure; logname= uid=0 euid=0 tty=ssh ruser= rhost=218.27.204.27 
Apr 11 09:14:19 ovzhost sshd[1645]: Failed password for invalid user minecraft from 218.27.204.27 port 41279 ssh2
Apr 11 09:14:19 ovzhost sshd[1645]: Received disconnect from 218.27.204.27: 11: Bye Bye [preauth]
Apr 11 09:14:21 ovzhost sshd[1647]: reverse mapping checking getaddrinfo for 27.204.27.218.adsl-pool.jlccptt.net.cn [218.27.204.27] failed - POSSIBLE BREAK-IN ATTEMPT!
Apr 11 09:14:21 ovzhost sshd[1647]: Invalid user sprinkler from 218.27.204.27
Apr 11 09:14:21 ovzhost sshd[1647]: input_userauth_request: invalid user sprinkler [preauth]
Apr 11 09:14:21 ovzhost sshd[1647]: pam_unix(sshd:auth): check pass; user unknown
Apr 11 09:14:21 ovzhost sshd[1647]: pam_unix(sshd:auth): authentication failure; logname= uid=0 euid=0 tty=ssh ruser= rhost=218.27.204.27 
Apr 11 09:14:24 ovzhost sshd[1647]: Failed password for invalid user sprinkler from 218.27.204.27 port 42495 ssh2
Apr 11 09:14:24 ovzhost sshd[1647]: Received disconnect from 218.27.204.27: 11: Bye Bye [preauth]
Apr 11 09:14:26 ovzhost sshd[1649]: reverse mapping checking getaddrinfo for 27.204.27.218.adsl-pool.jlccptt.net.cn [218.27.204.27] failed - POSSIBLE BREAK-IN ATTEMPT!
Apr 11 09:14:26 ovzhost sshd[1649]: Invalid user oracle from 218.27.204.27
Apr 11 09:14:26 ovzhost sshd[1649]: input_userauth_request: invalid user oracle [preauth]
Apr 11 09:14:26 ovzhost sshd[1649]: pam_unix(sshd:auth): check pass; user unknown
Apr 11 09:14:26 ovzhost sshd[1649]: pam_unix(sshd:auth): authentication failure; logname= uid=0 euid=0 tty=ssh ruser= rhost=218.27.204.27 
Apr 11 09:14:29 ovzhost sshd[1649]: Failed password for invalid user oracle from 218.27.204.27 port 43618 ssh2
Apr 11 09:14:29 ovzhost sshd[1649]: Received disconnect from 218.27.204.27: 11: Bye Bye [preauth]
Apr 11 09:14:30 ovzhost sshd[1653]: Connection closed by 127.0.0.1 [preauth]
Apr 11 09:14:33 ovzhost sshd[1651]: reverse mapping checking getaddrinfo for 27.204.27.218.adsl-pool.jlccptt.net.cn [218.27.204.27] failed - POSSIBLE BREAK-IN ATTEMPT!
Apr 11 09:14:33 ovzhost sshd[1651]: pam_unix(sshd:auth): authentication failure; logname= uid=0 euid=0 tty=ssh ruser= rhost=218.27.204.27  user=nagios
Apr 11 09:14:36 ovzhost sshd[1651]: Failed password for nagios from 218.27.204.27 port 44761 ssh2
Apr 11 09:14:36 ovzhost sshd[1651]: Received disconnect from 218.27.204.27: 11: Bye Bye [preauth]
Apr 11 09:14:40 ovzhost sshd[1656]: reverse mapping checking getaddrinfo for 27.204.27.218.adsl-pool.jlccptt.net.cn [218.27.204.27] failed - POSSIBLE BREAK-IN ATTEMPT!
Apr 11 09:14:40 ovzhost sshd[1656]: Invalid user postgres from 218.27.204.27
Apr 11 09:14:40 ovzhost sshd[1656]: input_userauth_request: invalid user postgres [preauth]
Apr 11 09:14:40 ovzhost sshd[1656]: pam_unix(sshd:auth): check pass; user unknown
Apr 11 09:14:40 ovzhost sshd[1656]: pam_unix(sshd:auth): authentication failure; logname= uid=0 euid=0 tty=ssh ruser= rhost=218.27.204.27 
Apr 11 09:14:42 ovzhost sshd[1656]: Failed password for invalid user postgres from 218.27.204.27 port 46341 ssh2
Apr 11 09:14:43 ovzhost sshd[1656]: Received disconnect from 218.27.204.27: 11: Bye Bye [preauth]
Apr 11 09:14:45 ovzhost sshd[1658]: reverse mapping checking getaddrinfo for 27.204.27.218.adsl-pool.jlccptt.net.cn [218.27.204.27] failed - POSSIBLE BREAK-IN ATTEMPT!
Apr 11 09:14:45 ovzhost sshd[1658]: Invalid user git from 218.27.204.27
Apr 11 09:14:45 ovzhost sshd[1658]: input_userauth_request: invalid user git [preauth]
Apr 11 09:14:45 ovzhost sshd[1658]: pam_unix(sshd:auth): check pass; user unknown
Apr 11 09:14:45 ovzhost sshd[1658]: pam_unix(sshd:auth): authentication failure; logname= uid=0 euid=0 tty=ssh ruser= rhost=218.27.204.27 
Apr 11 09:14:48 ovzhost sshd[1658]: Failed password for invalid user git from 218.27.204.27 port 47659 ssh2
Apr 11 09:14:48 ovzhost sshd[1658]: Received disconnect from 218.27.204.27: 11: Bye Bye [preauth]
Apr 11 09:14:50 ovzhost sshd[1660]: reverse mapping checking getaddrinfo for 27.204.27.218.adsl-pool.jlccptt.net.cn [218.27.204.27] failed - POSSIBLE BREAK-IN ATTEMPT!
Apr 11 09:14:50 ovzhost sshd[1660]: Invalid user jenkins from 218.27.204.27
Apr 11 09:14:50 ovzhost sshd[1660]: input_userauth_request: invalid user jenkins [preauth]
Apr 11 09:14:50 ovzhost sshd[1660]: pam_unix(sshd:auth): check pass; user unknown
Apr 11 09:14:50 ovzhost sshd[1660]: pam_unix(sshd:auth): authentication failure; logname= uid=0 euid=0 tty=ssh ruser= rhost=218.27.204.27 
Apr 11 09:14:52 ovzhost sshd[1660]: Failed password for invalid user jenkins from 218.27.204.27 port 48824 ssh2
Apr 11 09:14:53 ovzhost sshd[1660]: Received disconnect from 218.27.204.27: 11: Bye Bye [preauth]
Apr 11 09:14:55 ovzhost sshd[1662]: reverse mapping checking getaddrinfo for 27.204.27.218.adsl-pool.jlccptt.net.cn [218.27.204.27] failed - POSSIBLE BREAK-IN ATTEMPT!
Apr 11 09:14:55 ovzhost sshd[1662]: Invalid user ts3 from 218.27.204.27
Apr 11 09:14:55 ovzhost sshd[1662]: input_userauth_request: invalid user ts3 [preauth]
Apr 11 09:14:55 ovzhost sshd[1662]: pam_unix(sshd:auth): check pass; user unknown
Apr 11 09:14:55 ovzhost sshd[1662]: pam_unix(sshd:auth): authentication failure; logname= uid=0 euid=0 tty=ssh ruser= rhost=218.27.204.27 
Apr 11 09:14:56 ovzhost sshd[1662]: Failed password for invalid user ts3 from 218.27.204.27 port 49820 ssh2
Apr 11 09:14:57 ovzhost sshd[1662]: Received disconnect from 218.27.204.27: 11: Bye Bye [preauth]
Apr 11 09:14:59 ovzhost sshd[1665]: reverse mapping checking getaddrinfo for 27.204.27.218.adsl-pool.jlccptt.net.cn [218.27.204.27] failed - POSSIBLE BREAK-IN ATTEMPT!
Apr 11 09:14:59 ovzhost sshd[1665]: Invalid user oraprod from 218.27.204.27
Apr 11 09:14:59 ovzhost sshd[1665]: input_userauth_request: invalid user oraprod [preauth]
Apr 11 09:14:59 ovzhost sshd[1665]: pam_unix(sshd:auth): check pass; user unknown
Apr 11 09:14:59 ovzhost sshd[1665]: pam_unix(sshd:auth): authentication failure; logname= uid=0 euid=0 tty=ssh ruser= rhost=218.27.204.27 
Apr 11 09:15:01 ovzhost sshd[1665]: Failed password for invalid user oraprod from 218.27.204.27 port 50626 ssh2
Apr 11 09:15:02 ovzhost sshd[1665]: Received disconnect from 218.27.204.27: 11: Bye Bye [preauth]
Apr 11 09:15:04 ovzhost sshd[1667]: reverse mapping checking getaddrinfo for 27.204.27.218.adsl-pool.jlccptt.net.cn [218.27.204.27] failed - POSSIBLE BREAK-IN ATTEMPT!
Apr 11 09:15:04 ovzhost sshd[1667]: Invalid user fmaster from 218.27.204.27
Apr 11 09:15:04 ovzhost sshd[1667]: input_userauth_request: invalid user fmaster [preauth]
Apr 11 09:15:04 ovzhost sshd[1667]: pam_unix(sshd:auth): check pass; user unknown
Apr 11 09:15:04 ovzhost sshd[1667]: pam_unix(sshd:auth): authentication failure; logname= uid=0 euid=0 tty=ssh ruser= rhost=218.27.204.27 
Apr 11 09:15:07 ovzhost sshd[1667]: Failed password for invalid user fmaster from 218.27.204.27 port 51632 ssh2
Apr 11 09:15:07 ovzhost sshd[1667]: Received disconnect from 218.27.204.27: 11: Bye Bye [preauth]
Apr 11 09:15:09 ovzhost sshd[1669]: reverse mapping checking getaddrinfo for 27.204.27.218.adsl-pool.jlccptt.net.cn [218.27.204.27] failed - POSSIBLE BREAK-IN ATTEMPT!
Apr 11 09:15:09 ovzhost sshd[1669]: Invalid user openerp from 218.27.204.27
Apr 11 09:15:09 ovzhost sshd[1669]: input_userauth_request: invalid user openerp [preauth]
Apr 11 09:15:09 ovzhost sshd[1669]: pam_unix(sshd:auth): check pass; user unknown
Apr 11 09:15:09 ovzhost sshd[1669]: pam_unix(sshd:auth): authentication failure; logname= uid=0 euid=0 tty=ssh ruser= rhost=218.27.204.27 
Apr 11 09:15:11 ovzhost sshd[1669]: Failed password for invalid user openerp from 218.27.204.27 port 52646 ssh2
Apr 11 09:15:12 ovzhost sshd[1669]: Received disconnect from 218.27.204.27: 11: Bye Bye [preauth]
Apr 11 09:15:14 ovzhost sshd[1671]: reverse mapping checking getaddrinfo for 27.204.27.218.adsl-pool.jlccptt.net.cn [218.27.204.27] failed - POSSIBLE BREAK-IN ATTEMPT!
Apr 11 09:15:14 ovzhost sshd[1671]: Invalid user john from 218.27.204.27
Apr 11 09:15:14 ovzhost sshd[1671]: input_userauth_request: invalid user john [preauth]
Apr 11 09:15:14 ovzhost sshd[1671]: pam_unix(sshd:auth): check pass; user unknown
Apr 11 09:15:14 ovzhost sshd[1671]: pam_unix(sshd:auth): authentication failure; logname= uid=0 euid=0 tty=ssh ruser= rhost=218.27.204.27 
Apr 11 09:15:16 ovzhost sshd[1671]: Failed password for invalid user john from 218.27.204.27 port 53642 ssh2
Apr 11 09:15:16 ovzhost sshd[1671]: Received disconnect from 218.27.204.27: 11: Bye Bye [preauth]
Apr 11 09:15:20 ovzhost sshd[1673]: reverse mapping checking getaddrinfo for 27.204.27.218.adsl-pool.jlccptt.net.cn [218.27.204.27] failed - POSSIBLE BREAK-IN ATTEMPT!
Apr 11 09:15:20 ovzhost sshd[1673]: Invalid user db2inst1 from 218.27.204.27
Apr 11 09:15:20 ovzhost sshd[1673]: input_userauth_request: invalid user db2inst1 [preauth]
Apr 11 09:15:20 ovzhost sshd[1673]: pam_unix(sshd:auth): check pass; user unknown
Apr 11 09:15:20 ovzhost sshd[1673]: pam_unix(sshd:auth): authentication failure; logname= uid=0 euid=0 tty=ssh ruser= rhost=218.27.204.27 
Apr 11 09:15:22 ovzhost sshd[1673]: Failed password for invalid user db2inst1 from 218.27.204.27 port 54593 ssh2
Apr 11 09:15:23 ovzhost sshd[1673]: Received disconnect from 218.27.204.27: 11: Bye Bye [preauth]
Apr 11 09:15:25 ovzhost sshd[1675]: reverse mapping checking getaddrinfo for 27.204.27.218.adsl-pool.jlccptt.net.cn [218.27.204.27] failed - POSSIBLE BREAK-IN ATTEMPT!
Apr 11 09:15:25 ovzhost sshd[1675]: Invalid user db2fenc1 from 218.27.204.27
Apr 11 09:15:25 ovzhost sshd[1675]: input_userauth_request: invalid user db2fenc1 [preauth]
Apr 11 09:15:25 ovzhost sshd[1675]: pam_unix(sshd:auth): check pass; user unknown
Apr 11 09:15:25 ovzhost sshd[1675]: pam_unix(sshd:auth): authentication failure; logname= uid=0 euid=0 tty=ssh ruser= rhost=218.27.204.27 
Apr 11 09:15:27 ovzhost sshd[1675]: Failed password for invalid user db2fenc1 from 218.27.204.27 port 55842 ssh2
Apr 11 09:15:27 ovzhost sshd[1675]: Received disconnect from 218.27.204.27: 11: Bye Bye [preauth]
Apr 11 09:15:29 ovzhost sshd[1677]: reverse mapping checking getaddrinfo for 27.204.27.218.adsl-pool.jlccptt.net.cn [218.27.204.27] failed - POSSIBLE BREAK-IN ATTEMPT!
Apr 11 09:15:29 ovzhost sshd[1677]: Invalid user simon from 218.27.204.27
Apr 11 09:15:29 ovzhost sshd[1677]: input_userauth_request: invalid user simon [preauth]
Apr 11 09:15:29 ovzhost sshd[1677]: pam_unix(sshd:auth): check pass; user unknown
Apr 11 09:15:29 ovzhost sshd[1677]: pam_unix(sshd:auth): authentication failure; logname= uid=0 euid=0 tty=ssh ruser= rhost=218.27.204.27 
Apr 11 09:15:31 ovzhost sshd[1677]: Failed password for invalid user simon from 218.27.204.27 port 56724 ssh2
Apr 11 09:15:32 ovzhost sshd[1677]: Received disconnect from 218.27.204.27: 11: Bye Bye [preauth]
Apr 11 09:19:30 ovzhost sshd[1699]: Connection closed by 127.0.0.1 [preauth]
Apr 11 09:20:01 ovzhost CRON[1702]: pam_env(cron:session): Unable to open env file: /etc/default/locale: No such file or directory
Apr 11 09:20:01 ovzhost CRON[1702]: pam_unix(cron:session): session opened for user smmsp by (uid=0)
Apr 11 09:20:01 ovzhost CRON[1702]: pam_unix(cron:session): session closed for user smmsp
Apr 11 09:20:26 ovzhost sshd[1729]: Connection closed by 128.8.37.104 [preauth]
Apr 11 09:24:30 ovzhost sshd[1747]: Connection closed by 127.0.0.1 [preauth]
Apr 11 09:27:04 ovzhost sshd[1757]: Invalid user unix from 80.242.123.130
Apr 11 09:27:04 ovzhost sshd[1757]: input_userauth_request: invalid user unix [preauth]
Apr 11 09:27:04 ovzhost sshd[1757]: pam_unix(sshd:auth): check pass; user unknown
Apr 11 09:27:04 ovzhost sshd[1757]: pam_unix(sshd:auth): authentication failure; logname= uid=0 euid=0 tty=ssh ruser= rhost=130-123-242-80.pppoe.dyn.broadband.blic.net 
Apr 11 09:27:06 ovzhost sshd[1757]: Failed password for invalid user unix from 80.242.123.130 port 55967 ssh2
Apr 11 09:27:06 ovzhost sshd[1757]: Received disconnect from 80.242.123.130: 11: Bye Bye [preauth]
Apr 11 09:29:30 ovzhost sshd[1772]: Connection closed by 127.0.0.1 [preauth]
Apr 11 09:30:26 ovzhost sshd[1776]: Connection closed by 128.8.37.104 [preauth]
Apr 11 09:31:07 ovzhost sshd[1780]: pam_unix(sshd:auth): authentication failure; logname= uid=0 euid=0 tty=ssh ruser= rhost=43.255.190.119  user=root
Apr 11 09:31:09 ovzhost sshd[1780]: Failed password for root from 43.255.190.119 port 51539 ssh2
Apr 11 09:31:13 ovzhost sshd[1780]: message repeated 2 times: [ Failed password for root from 43.255.190.119 port 51539 ssh2]
Apr 11 09:31:13 ovzhost sshd[1780]: Received disconnect from 43.255.190.119: 11:  [preauth]
Apr 11 09:31:13 ovzhost sshd[1780]: PAM 2 more authentication failures; logname= uid=0 euid=0 tty=ssh ruser= rhost=43.255.190.119  user=root
Apr 11 09:31:14 ovzhost sshd[1782]: pam_unix(sshd:auth): authentication failure; logname= uid=0 euid=0 tty=ssh ruser= rhost=43.255.190.119  user=root
Apr 11 09:31:16 ovzhost sshd[1782]: Failed password for root from 43.255.190.119 port 38379 ssh2
Apr 11 09:31:20 ovzhost sshd[1782]: message repeated 2 times: [ Failed password for root from 43.255.190.119 port 38379 ssh2]
Apr 11 09:31:20 ovzhost sshd[1782]: Received disconnect from 43.255.190.119: 11:  [preauth]
Apr 11 09:31:20 ovzhost sshd[1782]: PAM 2 more authentication failures; logname= uid=0 euid=0 tty=ssh ruser= rhost=43.255.190.119  user=root
Apr 11 09:31:21 ovzhost sshd[1786]: pam_unix(sshd:auth): authentication failure; logname= uid=0 euid=0 tty=ssh ruser= rhost=43.255.190.119  user=root
Apr 11 09:31:23 ovzhost sshd[1786]: Failed password for root from 43.255.190.119 port 54717 ssh2
Apr 11 09:31:27 ovzhost sshd[1786]: message repeated 2 times: [ Failed password for root from 43.255.190.119 port 54717 ssh2]
Apr 11 09:31:27 ovzhost sshd[1786]: Received disconnect from 43.255.190.119: 11:  [preauth]
Apr 11 09:31:27 ovzhost sshd[1786]: PAM 2 more authentication failures; logname= uid=0 euid=0 tty=ssh ruser= rhost=43.255.190.119  user=root
Apr 11 09:31:27 ovzhost sshd[1790]: pam_unix(sshd:auth): authentication failure; logname= uid=0 euid=0 tty=ssh ruser= rhost=43.255.190.119  user=root
Apr 11 09:31:29 ovzhost sshd[1790]: Failed password for root from 43.255.190.119 port 42939 ssh2
Apr 11 09:31:33 ovzhost sshd[1790]: message repeated 2 times: [ Failed password for root from 43.255.190.119 port 42939 ssh2]
Apr 11 09:31:33 ovzhost sshd[1790]: Received disconnect from 43.255.190.119: 11:  [preauth]
Apr 11 09:31:33 ovzhost sshd[1790]: PAM 2 more authentication failures; logname= uid=0 euid=0 tty=ssh ruser= rhost=43.255.190.119  user=root
Apr 11 09:31:33 ovzhost sshd[1792]: pam_unix(sshd:auth): authentication failure; logname= uid=0 euid=0 tty=ssh ruser= rhost=43.255.190.119  user=root
Apr 11 09:31:36 ovzhost sshd[1792]: Failed password for root from 43.255.190.119 port 57772 ssh2
Apr 11 09:31:39 ovzhost sshd[1792]: message repeated 2 times: [ Failed password for root from 43.255.190.119 port 57772 ssh2]
Apr 11 09:31:39 ovzhost sshd[1792]: Received disconnect from 43.255.190.119: 11:  [preauth]
Apr 11 09:31:39 ovzhost sshd[1792]: PAM 2 more authentication failures; logname= uid=0 euid=0 tty=ssh ruser= rhost=43.255.190.119  user=root
Apr 11 09:31:40 ovzhost sshd[1794]: pam_unix(sshd:auth): authentication failure; logname= uid=0 euid=0 tty=ssh ruser= rhost=43.255.190.119  user=root
Apr 11 09:31:42 ovzhost sshd[1794]: Failed password for root from 43.255.190.119 port 45524 ssh2
Apr 11 09:31:47 ovzhost sshd[1794]: message repeated 2 times: [ Failed password for root from 43.255.190.119 port 45524 ssh2]
Apr 11 09:31:47 ovzhost sshd[1794]: Received disconnect from 43.255.190.119: 11:  [preauth]
Apr 11 09:31:47 ovzhost sshd[1794]: PAM 2 more authentication failures; logname= uid=0 euid=0 tty=ssh ruser= rhost=43.255.190.119  user=root
Apr 11 09:31:48 ovzhost sshd[1796]: pam_unix(sshd:auth): authentication failure; logname= uid=0 euid=0 tty=ssh ruser= rhost=43.255.190.119  user=root
Apr 11 09:31:50 ovzhost sshd[1796]: Failed password for root from 43.255.190.119 port 34876 ssh2
Apr 11 09:31:55 ovzhost sshd[1796]: message repeated 2 times: [ Failed password for root from 43.255.190.119 port 34876 ssh2]
Apr 11 09:31:55 ovzhost sshd[1796]: Received disconnect from 43.255.190.119: 11:  [preauth]
Apr 11 09:31:55 ovzhost sshd[1796]: PAM 2 more authentication failures; logname= uid=0 euid=0 tty=ssh ruser= rhost=43.255.190.119  user=root
Apr 11 09:31:55 ovzhost sshd[1799]: pam_unix(sshd:auth): authentication failure; logname= uid=0 euid=0 tty=ssh ruser= rhost=43.255.190.119  user=root
Apr 11 09:31:57 ovzhost sshd[1799]: Failed password for root from 43.255.190.119 port 52658 ssh2
Apr 11 09:32:01 ovzhost sshd[1799]: message repeated 2 times: [ Failed password for root from 43.255.190.119 port 52658 ssh2]
Apr 11 09:32:01 ovzhost sshd[1799]: Received disconnect from 43.255.190.119: 11:  [preauth]
Apr 11 09:32:01 ovzhost sshd[1799]: PAM 2 more authentication failures; logname= uid=0 euid=0 tty=ssh ruser= rhost=43.255.190.119  user=root
Apr 11 09:32:02 ovzhost sshd[1801]: pam_unix(sshd:auth): authentication failure; logname= uid=0 euid=0 tty=ssh ruser= rhost=43.255.190.119  user=root
Apr 11 09:32:04 ovzhost sshd[1801]: Failed password for root from 43.255.190.119 port 39950 ssh2
Apr 11 09:32:08 ovzhost sshd[1803]: pam_unix(sshd:auth): authentication failure; logname= uid=0 euid=0 tty=ssh ruser= rhost=221.229.166.98  user=root
Apr 11 09:32:08 ovzhost sshd[1801]: message repeated 2 times: [ Failed password for root from 43.255.190.119 port 39950 ssh2]
Apr 11 09:32:08 ovzhost sshd[1801]: Received disconnect from 43.255.190.119: 11:  [preauth]
Apr 11 09:32:08 ovzhost sshd[1801]: PAM 2 more authentication failures; logname= uid=0 euid=0 tty=ssh ruser= rhost=43.255.190.119  user=root
Apr 11 09:32:09 ovzhost sshd[1805]: pam_unix(sshd:auth): authentication failure; logname= uid=0 euid=0 tty=ssh ruser= rhost=43.255.190.119  user=root
Apr 11 09:32:10 ovzhost sshd[1803]: Failed password for root from 221.229.166.98 port 46844 ssh2
Apr 11 09:32:10 ovzhost sshd[1805]: Failed password for root from 43.255.190.119 port 56145 ssh2
Apr 11 09:32:14 ovzhost sshd[1805]: message repeated 2 times: [ Failed password for root from 43.255.190.119 port 56145 ssh2]
Apr 11 09:32:15 ovzhost sshd[1805]: Received disconnect from 43.255.190.119: 11:  [preauth]
Apr 11 09:32:15 ovzhost sshd[1805]: PAM 2 more authentication failures; logname= uid=0 euid=0 tty=ssh ruser= rhost=43.255.190.119  user=root
Apr 11 09:32:15 ovzhost sshd[1803]: message repeated 2 times: [ Failed password for root from 221.229.166.98 port 46844 ssh2]
Apr 11 09:32:15 ovzhost sshd[1803]: Received disconnect from 221.229.166.98: 11:  [preauth]
Apr 11 09:32:15 ovzhost sshd[1803]: PAM 2 more authentication failures; logname= uid=0 euid=0 tty=ssh ruser= rhost=221.229.166.98  user=root
Apr 11 09:32:16 ovzhost sshd[1809]: pam_unix(sshd:auth): authentication failure; logname= uid=0 euid=0 tty=ssh ruser= rhost=43.255.190.119  user=root
Apr 11 09:32:17 ovzhost sshd[1811]: pam_unix(sshd:auth): authentication failure; logname= uid=0 euid=0 tty=ssh ruser= rhost=221.229.166.98  user=root
Apr 11 09:32:18 ovzhost sshd[1809]: Failed password for root from 43.255.190.119 port 42887 ssh2
Apr 11 09:32:19 ovzhost sshd[1811]: Failed password for root from 221.229.166.98 port 35694 ssh2
Apr 11 09:32:22 ovzhost sshd[1809]: message repeated 2 times: [ Failed password for root from 43.255.190.119 port 42887 ssh2]
Apr 11 09:32:22 ovzhost sshd[1809]: Received disconnect from 43.255.190.119: 11:  [preauth]
Apr 11 09:32:22 ovzhost sshd[1809]: PAM 2 more authentication failures; logname= uid=0 euid=0 tty=ssh ruser= rhost=43.255.190.119  user=root
Apr 11 09:32:22 ovzhost sshd[1813]: pam_unix(sshd:auth): authentication failure; logname= uid=0 euid=0 tty=ssh ruser= rhost=43.255.190.119  user=root
Apr 11 09:32:23 ovzhost sshd[1811]: message repeated 2 times: [ Failed password for root from 221.229.166.98 port 35694 ssh2]
Apr 11 09:32:24 ovzhost sshd[1811]: Received disconnect from 221.229.166.98: 11:  [preauth]
Apr 11 09:32:24 ovzhost sshd[1811]: PAM 2 more authentication failures; logname= uid=0 euid=0 tty=ssh ruser= rhost=221.229.166.98  user=root
Apr 11 09:32:25 ovzhost sshd[1813]: Failed password for root from 43.255.190.119 port 59671 ssh2
Apr 11 09:32:26 ovzhost sshd[1815]: pam_unix(sshd:auth): authentication failure; logname= uid=0 euid=0 tty=ssh ruser= rhost=221.229.166.98  user=root
Apr 11 09:32:28 ovzhost sshd[1815]: Failed password for root from 221.229.166.98 port 50409 ssh2
Apr 11 09:32:29 ovzhost sshd[1813]: message repeated 2 times: [ Failed password for root from 43.255.190.119 port 59671 ssh2]
Apr 11 09:32:29 ovzhost sshd[1813]: Received disconnect from 43.255.190.119: 11:  [preauth]
Apr 11 09:32:29 ovzhost sshd[1813]: PAM 2 more authentication failures; logname= uid=0 euid=0 tty=ssh ruser= rhost=43.255.190.119  user=root
Apr 11 09:32:29 ovzhost sshd[1817]: pam_unix(sshd:auth): authentication failure; logname= uid=0 euid=0 tty=ssh ruser= rhost=43.255.190.119  user=root
Apr 11 09:32:31 ovzhost sshd[1817]: Failed password for root from 43.255.190.119 port 48392 ssh2
Apr 11 09:32:33 ovzhost sshd[1815]: message repeated 2 times: [ Failed password for root from 221.229.166.98 port 50409 ssh2]
Apr 11 09:32:33 ovzhost sshd[1815]: Received disconnect from 221.229.166.98: 11:  [preauth]
Apr 11 09:32:33 ovzhost sshd[1815]: PAM 2 more authentication failures; logname= uid=0 euid=0 tty=ssh ruser= rhost=221.229.166.98  user=root
Apr 11 09:32:36 ovzhost sshd[1817]: message repeated 2 times: [ Failed password for root from 43.255.190.119 port 48392 ssh2]
Apr 11 09:32:36 ovzhost sshd[1817]: Received disconnect from 43.255.190.119: 11:  [preauth]
Apr 11 09:32:36 ovzhost sshd[1817]: PAM 2 more authentication failures; logname= uid=0 euid=0 tty=ssh ruser= rhost=43.255.190.119  user=root
Apr 11 09:32:36 ovzhost sshd[1821]: pam_unix(sshd:auth): authentication failure; logname= uid=0 euid=0 tty=ssh ruser= rhost=43.255.190.119  user=root
Apr 11 09:32:37 ovzhost sshd[1819]: pam_unix(sshd:auth): authentication failure; logname= uid=0 euid=0 tty=ssh ruser= rhost=221.229.166.98  user=root
Apr 11 09:32:38 ovzhost sshd[1819]: Failed password for root from 221.229.166.98 port 41775 ssh2
Apr 11 09:32:38 ovzhost sshd[1821]: Failed password for root from 43.255.190.119 port 36365 ssh2
Apr 11 09:32:43 ovzhost sshd[1821]: message repeated 2 times: [ Failed password for root from 43.255.190.119 port 36365 ssh2]
Apr 11 09:32:43 ovzhost sshd[1821]: Received disconnect from 43.255.190.119: 11:  [preauth]
Apr 11 09:32:43 ovzhost sshd[1821]: PAM 2 more authentication failures; logname= uid=0 euid=0 tty=ssh ruser= rhost=43.255.190.119  user=root
Apr 11 09:32:43 ovzhost sshd[1823]: pam_unix(sshd:auth): authentication failure; logname= uid=0 euid=0 tty=ssh ruser= rhost=43.255.190.119  user=root
Apr 11 09:32:43 ovzhost sshd[1819]: message repeated 2 times: [ Failed password for root from 221.229.166.98 port 41775 ssh2]
Apr 11 09:32:43 ovzhost sshd[1819]: Received disconnect from 221.229.166.98: 11:  [preauth]
Apr 11 09:32:43 ovzhost sshd[1819]: PAM 2 more authentication failures; logname= uid=0 euid=0 tty=ssh ruser= rhost=221.229.166.98  user=root
Apr 11 09:32:45 ovzhost sshd[1825]: pam_unix(sshd:auth): authentication failure; logname= uid=0 euid=0 tty=ssh ruser= rhost=221.229.166.98  user=root
Apr 11 09:32:45 ovzhost sshd[1823]: Failed password for root from 43.255.190.119 port 52176 ssh2
Apr 11 09:32:47 ovzhost sshd[1825]: Failed password for root from 221.229.166.98 port 58183 ssh2
Apr 11 09:32:50 ovzhost sshd[1823]: message repeated 2 times: [ Failed password for root from 43.255.190.119 port 52176 ssh2]
Apr 11 09:32:50 ovzhost sshd[1823]: Received disconnect from 43.255.190.119: 11:  [preauth]
Apr 11 09:32:50 ovzhost sshd[1823]: PAM 2 more authentication failures; logname= uid=0 euid=0 tty=ssh ruser= rhost=43.255.190.119  user=root
Apr 11 09:32:50 ovzhost sshd[1827]: pam_unix(sshd:auth): authentication failure; logname= uid=0 euid=0 tty=ssh ruser= rhost=43.255.190.119  user=root
Apr 11 09:32:52 ovzhost sshd[1825]: message repeated 2 times: [ Failed password for root from 221.229.166.98 port 58183 ssh2]
Apr 11 09:32:53 ovzhost sshd[1825]: Received disconnect from 221.229.166.98: 11:  [preauth]
Apr 11 09:32:53 ovzhost sshd[1825]: PAM 2 more authentication failures; logname= uid=0 euid=0 tty=ssh ruser= rhost=221.229.166.98  user=root
Apr 11 09:32:53 ovzhost sshd[1827]: Failed password for root from 43.255.190.119 port 40420 ssh2
Apr 11 09:32:55 ovzhost sshd[1830]: pam_unix(sshd:auth): authentication failure; logname= uid=0 euid=0 tty=ssh ruser= rhost=221.229.166.98  user=root
Apr 11 09:32:57 ovzhost sshd[1830]: Failed password for root from 221.229.166.98 port 48397 ssh2
Apr 11 09:32:57 ovzhost sshd[1827]: message repeated 2 times: [ Failed password for root from 43.255.190.119 port 40420 ssh2]
Apr 11 09:32:57 ovzhost sshd[1827]: Received disconnect from 43.255.190.119: 11:  [preauth]
Apr 11 09:32:57 ovzhost sshd[1827]: PAM 2 more authentication failures; logname= uid=0 euid=0 tty=ssh ruser= rhost=43.255.190.119  user=root
Apr 11 09:32:57 ovzhost sshd[1832]: pam_unix(sshd:auth): authentication failure; logname= uid=0 euid=0 tty=ssh ruser= rhost=43.255.190.119  user=root
Apr 11 09:33:00 ovzhost sshd[1832]: Failed password for root from 43.255.190.119 port 56873 ssh2
Apr 11 09:33:02 ovzhost sshd[1830]: message repeated 2 times: [ Failed password for root from 221.229.166.98 port 48397 ssh2]
Apr 11 09:33:03 ovzhost sshd[1830]: Received disconnect from 221.229.166.98: 11:  [preauth]
Apr 11 09:33:03 ovzhost sshd[1830]: PAM 2 more authentication failures; logname= uid=0 euid=0 tty=ssh ruser= rhost=221.229.166.98  user=root
Apr 11 09:33:04 ovzhost sshd[1832]: message repeated 2 times: [ Failed password for root from 43.255.190.119 port 56873 ssh2]
Apr 11 09:33:05 ovzhost sshd[1832]: Received disconnect from 43.255.190.119: 11:  [preauth]
Apr 11 09:33:05 ovzhost sshd[1832]: PAM 2 more authentication failures; logname= uid=0 euid=0 tty=ssh ruser= rhost=43.255.190.119  user=root
Apr 11 09:33:06 ovzhost sshd[1834]: pam_unix(sshd:auth): authentication failure; logname= uid=0 euid=0 tty=ssh ruser= rhost=221.229.166.98  user=root
Apr 11 09:33:07 ovzhost sshd[1836]: pam_unix(sshd:auth): authentication failure; logname= uid=0 euid=0 tty=ssh ruser= rhost=43.255.190.119  user=root
Apr 11 09:33:07 ovzhost sshd[1834]: Failed password for root from 221.229.166.98 port 39709 ssh2
Apr 11 09:33:08 ovzhost sshd[1838]: pam_unix(sshd:auth): authentication failure; logname= uid=0 euid=0 tty=ssh ruser= rhost=43.255.190.134  user=root
Apr 11 09:33:09 ovzhost sshd[1836]: Failed password for root from 43.255.190.119 port 47238 ssh2
Apr 11 09:33:11 ovzhost sshd[1838]: Failed password for root from 43.255.190.134 port 41508 ssh2
Apr 11 09:33:13 ovzhost sshd[1834]: message repeated 2 times: [ Failed password for root from 221.229.166.98 port 39709 ssh2]
Apr 11 09:33:13 ovzhost sshd[1834]: Received disconnect from 221.229.166.98: 11:  [preauth]
Apr 11 09:33:13 ovzhost sshd[1834]: PAM 2 more authentication failures; logname= uid=0 euid=0 tty=ssh ruser= rhost=221.229.166.98  user=root
Apr 11 09:33:14 ovzhost sshd[1836]: message repeated 2 times: [ Failed password for root from 43.255.190.119 port 47238 ssh2]
Apr 11 09:33:14 ovzhost sshd[1836]: Received disconnect from 43.255.190.119: 11:  [preauth]
Apr 11 09:33:14 ovzhost sshd[1836]: PAM 2 more authentication failures; logname= uid=0 euid=0 tty=ssh ruser= rhost=43.255.190.119  user=root
Apr 11 09:33:14 ovzhost sshd[1840]: pam_unix(sshd:auth): authentication failure; logname= uid=0 euid=0 tty=ssh ruser= rhost=43.255.190.119  user=root
Apr 11 09:33:15 ovzhost sshd[1838]: message repeated 2 times: [ Failed password for root from 43.255.190.134 port 41508 ssh2]
Apr 11 09:33:15 ovzhost sshd[1838]: Received disconnect from 43.255.190.134: 11:  [preauth]
Apr 11 09:33:15 ovzhost sshd[1838]: PAM 2 more authentication failures; logname= uid=0 euid=0 tty=ssh ruser= rhost=43.255.190.134  user=root
Apr 11 09:33:15 ovzhost sshd[1844]: pam_unix(sshd:auth): authentication failure; logname= uid=0 euid=0 tty=ssh ruser= rhost=43.255.190.134  user=root
Apr 11 09:33:16 ovzhost sshd[1842]: pam_unix(sshd:auth): authentication failure; logname= uid=0 euid=0 tty=ssh ruser= rhost=221.229.166.98  user=root
Apr 11 09:33:16 ovzhost sshd[1840]: Failed password for root from 43.255.190.119 port 38487 ssh2
Apr 11 09:33:17 ovzhost sshd[1844]: Failed password for root from 43.255.190.134 port 57177 ssh2
Apr 11 09:33:18 ovzhost sshd[1842]: Failed password for root from 221.229.166.98 port 58258 ssh2
Apr 11 09:33:21 ovzhost sshd[1840]: message repeated 2 times: [ Failed password for root from 43.255.190.119 port 38487 ssh2]
Apr 11 09:33:21 ovzhost sshd[1840]: Received disconnect from 43.255.190.119: 11:  [preauth]
Apr 11 09:33:21 ovzhost sshd[1840]: PAM 2 more authentication failures; logname= uid=0 euid=0 tty=ssh ruser= rhost=43.255.190.119  user=root
Apr 11 09:33:21 ovzhost sshd[1844]: message repeated 2 times: [ Failed password for root from 43.255.190.134 port 57177 ssh2]
Apr 11 09:33:22 ovzhost sshd[1844]: Received disconnect from 43.255.190.134: 11:  [preauth]
Apr 11 09:33:22 ovzhost sshd[1844]: PAM 2 more authentication failures; logname= uid=0 euid=0 tty=ssh ruser= rhost=43.255.190.134  user=root
Apr 11 09:33:22 ovzhost sshd[1846]: pam_unix(sshd:auth): authentication failure; logname= uid=0 euid=0 tty=ssh ruser= rhost=43.255.190.119  user=root
Apr 11 09:33:22 ovzhost sshd[1848]: pam_unix(sshd:auth): authentication failure; logname= uid=0 euid=0 tty=ssh ruser= rhost=43.255.190.134  user=root
Apr 11 09:33:24 ovzhost sshd[1842]: message repeated 2 times: [ Failed password for root from 221.229.166.98 port 58258 ssh2]
Apr 11 09:33:24 ovzhost sshd[1842]: Received disconnect from 221.229.166.98: 11:  [preauth]
Apr 11 09:33:24 ovzhost sshd[1842]: PAM 2 more authentication failures; logname= uid=0 euid=0 tty=ssh ruser= rhost=221.229.166.98  user=root
Apr 11 09:33:24 ovzhost sshd[1846]: Failed password for root from 43.255.190.119 port 55423 ssh2
Apr 11 09:33:24 ovzhost sshd[1848]: Failed password for root from 43.255.190.134 port 43904 ssh2
Apr 11 09:33:26 ovzhost sshd[1850]: pam_unix(sshd:auth): authentication failure; logname= uid=0 euid=0 tty=ssh ruser= rhost=221.229.166.98  user=root
Apr 11 09:33:28 ovzhost sshd[1850]: Failed password for root from 221.229.166.98 port 49554 ssh2
Apr 11 09:33:28 ovzhost sshd[1846]: message repeated 2 times: [ Failed password for root from 43.255.190.119 port 55423 ssh2]
Apr 11 09:33:28 ovzhost sshd[1846]: Received disconnect from 43.255.190.119: 11:  [preauth]
Apr 11 09:33:28 ovzhost sshd[1846]: PAM 2 more authentication failures; logname= uid=0 euid=0 tty=ssh ruser= rhost=43.255.190.119  user=root
Apr 11 09:33:29 ovzhost sshd[1852]: pam_unix(sshd:auth): authentication failure; logname= uid=0 euid=0 tty=ssh ruser= rhost=43.255.190.119  user=root
Apr 11 09:33:29 ovzhost sshd[1848]: message repeated 2 times: [ Failed password for root from 43.255.190.134 port 43904 ssh2]
Apr 11 09:33:29 ovzhost sshd[1848]: Received disconnect from 43.255.190.134: 11:  [preauth]
Apr 11 09:33:29 ovzhost sshd[1848]: PAM 2 more authentication failures; logname= uid=0 euid=0 tty=ssh ruser= rhost=43.255.190.134  user=root
Apr 11 09:33:29 ovzhost sshd[1854]: pam_unix(sshd:auth): authentication failure; logname= uid=0 euid=0 tty=ssh ruser= rhost=43.255.190.134  user=root
Apr 11 09:33:31 ovzhost sshd[1852]: Failed password for root from 43.255.190.119 port 43299 ssh2
Apr 11 09:33:31 ovzhost sshd[1854]: Failed password for root from 43.255.190.134 port 60131 ssh2
Apr 11 09:33:33 ovzhost sshd[1850]: message repeated 2 times: [ Failed password for root from 221.229.166.98 port 49554 ssh2]
Apr 11 09:33:34 ovzhost sshd[1850]: Received disconnect from 221.229.166.98: 11:  [preauth]
Apr 11 09:33:34 ovzhost sshd[1850]: PAM 2 more authentication failures; logname= uid=0 euid=0 tty=ssh ruser= rhost=221.229.166.98  user=root
Apr 11 09:33:35 ovzhost sshd[1852]: message repeated 2 times: [ Failed password for root from 43.255.190.119 port 43299 ssh2]
Apr 11 09:33:35 ovzhost sshd[1852]: Received disconnect from 43.255.190.119: 11:  [preauth]
Apr 11 09:33:35 ovzhost sshd[1852]: PAM 2 more authentication failures; logname= uid=0 euid=0 tty=ssh ruser= rhost=43.255.190.119  user=root
Apr 11 09:33:36 ovzhost sshd[1861]: pam_unix(sshd:auth): authentication failure; logname= uid=0 euid=0 tty=ssh ruser= rhost=43.255.190.119  user=root
Apr 11 09:33:36 ovzhost sshd[1854]: message repeated 2 times: [ Failed password for root from 43.255.190.134 port 60131 ssh2]
Apr 11 09:33:36 ovzhost sshd[1854]: Received disconnect from 43.255.190.134: 11:  [preauth]
Apr 11 09:33:36 ovzhost sshd[1854]: PAM 2 more authentication failures; logname= uid=0 euid=0 tty=ssh ruser= rhost=43.255.190.134  user=root
Apr 11 09:33:36 ovzhost sshd[1859]: pam_unix(sshd:auth): authentication failure; logname= uid=0 euid=0 tty=ssh ruser= rhost=221.229.166.98  user=root
Apr 11 09:33:37 ovzhost sshd[1863]: pam_unix(sshd:auth): authentication failure; logname= uid=0 euid=0 tty=ssh ruser= rhost=43.255.190.134  user=root
Apr 11 09:33:38 ovzhost sshd[1861]: Failed password for root from 43.255.190.119 port 59598 ssh2
Apr 11 09:33:38 ovzhost sshd[1859]: Failed password for root from 221.229.166.98 port 38286 ssh2
Apr 11 09:33:39 ovzhost sshd[1863]: Failed password for root from 43.255.190.134 port 47494 ssh2
Apr 11 09:33:42 ovzhost sshd[1861]: message repeated 2 times: [ Failed password for root from 43.255.190.119 port 59598 ssh2]
Apr 11 09:33:42 ovzhost sshd[1861]: Received disconnect from 43.255.190.119: 11:  [preauth]
Apr 11 09:33:42 ovzhost sshd[1861]: PAM 2 more authentication failures; logname= uid=0 euid=0 tty=ssh ruser= rhost=43.255.190.119  user=root
Apr 11 09:33:43 ovzhost sshd[1863]: message repeated 2 times: [ Failed password for root from 43.255.190.134 port 47494 ssh2]
Apr 11 09:33:43 ovzhost sshd[1863]: Received disconnect from 43.255.190.134: 11:  [preauth]
Apr 11 09:33:43 ovzhost sshd[1863]: PAM 2 more authentication failures; logname= uid=0 euid=0 tty=ssh ruser= rhost=43.255.190.134  user=root
Apr 11 09:33:44 ovzhost sshd[1865]: pam_unix(sshd:auth): authentication failure; logname= uid=0 euid=0 tty=ssh ruser= rhost=43.255.190.119  user=root
Apr 11 09:33:43 ovzhost sshd[1859]: message repeated 2 times: [ Failed password for root from 221.229.166.98 port 38286 ssh2]
Apr 11 09:33:44 ovzhost sshd[1859]: Received disconnect from 221.229.166.98: 11:  [preauth]
Apr 11 09:33:44 ovzhost sshd[1859]: PAM 2 more authentication failures; logname= uid=0 euid=0 tty=ssh ruser= rhost=221.229.166.98  user=root
Apr 11 09:33:46 ovzhost sshd[1867]: pam_unix(sshd:auth): authentication failure; logname= uid=0 euid=0 tty=ssh ruser= rhost=43.255.190.134  user=root
Apr 11 09:33:46 ovzhost sshd[1865]: Failed password for root from 43.255.190.119 port 47572 ssh2
Apr 11 09:33:48 ovzhost sshd[1867]: Failed password for root from 43.255.190.134 port 34401 ssh2
Apr 11 09:33:51 ovzhost sshd[1865]: message repeated 2 times: [ Failed password for root from 43.255.190.119 port 47572 ssh2]
Apr 11 09:33:51 ovzhost sshd[1865]: Received disconnect from 43.255.190.119: 11:  [preauth]
Apr 11 09:33:51 ovzhost sshd[1865]: PAM 2 more authentication failures; logname= uid=0 euid=0 tty=ssh ruser= rhost=43.255.190.119  user=root
Apr 11 09:33:51 ovzhost sshd[1869]: pam_unix(sshd:auth): authentication failure; logname= uid=0 euid=0 tty=ssh ruser= rhost=221.229.166.98  user=root
Apr 11 09:33:52 ovzhost sshd[1871]: pam_unix(sshd:auth): authentication failure; logname= uid=0 euid=0 tty=ssh ruser= rhost=43.255.190.119  user=root
Apr 11 09:33:52 ovzhost sshd[1867]: message repeated 2 times: [ Failed password for root from 43.255.190.134 port 34401 ssh2]
Apr 11 09:33:52 ovzhost sshd[1867]: Received disconnect from 43.255.190.134: 11:  [preauth]
Apr 11 09:33:52 ovzhost sshd[1867]: PAM 2 more authentication failures; logname= uid=0 euid=0 tty=ssh ruser= rhost=43.255.190.134  user=root
Apr 11 09:33:53 ovzhost sshd[1873]: pam_unix(sshd:auth): authentication failure; logname= uid=0 euid=0 tty=ssh ruser= rhost=43.255.190.134  user=root
Apr 11 09:33:53 ovzhost sshd[1869]: Failed password for root from 221.229.166.98 port 58545 ssh2
Apr 11 09:33:54 ovzhost sshd[1871]: Failed password for root from 43.255.190.119 port 37433 ssh2
Apr 11 09:33:54 ovzhost sshd[1873]: Failed password for root from 43.255.190.134 port 53837 ssh2
Apr 11 09:33:58 ovzhost sshd[1869]: message repeated 2 times: [ Failed password for root from 221.229.166.98 port 58545 ssh2]
Apr 11 09:33:58 ovzhost sshd[1869]: Received disconnect from 221.229.166.98: 11:  [preauth]
Apr 11 09:33:58 ovzhost sshd[1869]: PAM 2 more authentication failures; logname= uid=0 euid=0 tty=ssh ruser= rhost=221.229.166.98  user=root
Apr 11 09:33:58 ovzhost sshd[1871]: message repeated 2 times: [ Failed password for root from 43.255.190.119 port 37433 ssh2]
Apr 11 09:33:59 ovzhost sshd[1871]: Received disconnect from 43.255.190.119: 11:  [preauth]
Apr 11 09:33:59 ovzhost sshd[1871]: PAM 2 more authentication failures; logname= uid=0 euid=0 tty=ssh ruser= rhost=43.255.190.119  user=root
Apr 11 09:33:59 ovzhost sshd[1873]: message repeated 2 times: [ Failed password for root from 43.255.190.134 port 53837 ssh2]
Apr 11 09:33:59 ovzhost sshd[1873]: Received disconnect from 43.255.190.134: 11:  [preauth]
Apr 11 09:33:59 ovzhost sshd[1873]: PAM 2 more authentication failures; logname= uid=0 euid=0 tty=ssh ruser= rhost=43.255.190.134  user=root
Apr 11 09:33:59 ovzhost sshd[1879]: pam_unix(sshd:auth): authentication failure; logname= uid=0 euid=0 tty=ssh ruser= rhost=43.255.190.119  user=root
Apr 11 09:33:59 ovzhost sshd[1881]: pam_unix(sshd:auth): authentication failure; logname= uid=0 euid=0 tty=ssh ruser= rhost=43.255.190.134  user=root
Apr 11 09:34:01 ovzhost sshd[1879]: Failed password for root from 43.255.190.119 port 54869 ssh2
Apr 11 09:34:01 ovzhost sshd[1881]: Failed password for root from 43.255.190.134 port 40367 ssh2
Apr 11 09:34:01 ovzhost sshd[1877]: pam_unix(sshd:auth): authentication failure; logname= uid=0 euid=0 tty=ssh ruser= rhost=221.229.166.98  user=root
Apr 11 09:34:04 ovzhost sshd[1877]: Failed password for root from 221.229.166.98 port 57112 ssh2
Apr 11 09:34:06 ovzhost sshd[1879]: message repeated 2 times: [ Failed password for root from 43.255.190.119 port 54869 ssh2]
Apr 11 09:34:06 ovzhost sshd[1879]: Received disconnect from 43.255.190.119: 11:  [preauth]
Apr 11 09:34:06 ovzhost sshd[1879]: PAM 2 more authentication failures; logname= uid=0 euid=0 tty=ssh ruser= rhost=43.255.190.119  user=root
Apr 11 09:34:06 ovzhost sshd[1881]: message repeated 2 times: [ Failed password for root from 43.255.190.134 port 40367 ssh2]
Apr 11 09:34:06 ovzhost sshd[1881]: Received disconnect from 43.255.190.134: 11:  [preauth]
Apr 11 09:34:06 ovzhost sshd[1881]: PAM 2 more authentication failures; logname= uid=0 euid=0 tty=ssh ruser= rhost=43.255.190.134  user=root
Apr 11 09:34:06 ovzhost sshd[1883]: pam_unix(sshd:auth): authentication failure; logname= uid=0 euid=0 tty=ssh ruser= rhost=43.255.190.119  user=root
Apr 11 09:34:07 ovzhost sshd[1885]: pam_unix(sshd:auth): authentication failure; logname= uid=0 euid=0 tty=ssh ruser= rhost=43.255.190.134  user=root
Apr 11 09:34:09 ovzhost sshd[1883]: Failed password for root from 43.255.190.119 port 42871 ssh2
Apr 11 09:34:09 ovzhost sshd[1885]: Failed password for root from 43.255.190.134 port 56414 ssh2
Apr 11 09:34:09 ovzhost sshd[1877]: message repeated 2 times: [ Failed password for root from 221.229.166.98 port 57112 ssh2]
Apr 11 09:34:09 ovzhost sshd[1877]: Received disconnect from 221.229.166.98: 11:  [preauth]
Apr 11 09:34:09 ovzhost sshd[1877]: PAM 2 more authentication failures; logname= uid=0 euid=0 tty=ssh ruser= rhost=221.229.166.98  user=root
Apr 11 09:34:12 ovzhost sshd[1887]: pam_unix(sshd:auth): authentication failure; logname= uid=0 euid=0 tty=ssh ruser= rhost=221.229.166.98  user=root
Apr 11 09:34:13 ovzhost sshd[1885]: message repeated 2 times: [ Failed password for root from 43.255.190.134 port 56414 ssh2]
Apr 11 09:34:13 ovzhost sshd[1885]: Received disconnect from 43.255.190.134: 11:  [preauth]
Apr 11 09:34:13 ovzhost sshd[1885]: PAM 2 more authentication failures; logname= uid=0 euid=0 tty=ssh ruser= rhost=43.255.190.134  user=root
Apr 11 09:34:13 ovzhost sshd[1883]: message repeated 2 times: [ Failed password for root from 43.255.190.119 port 42871 ssh2]
Apr 11 09:34:13 ovzhost sshd[1883]: Received disconnect from 43.255.190.119: 11:  [preauth]
Apr 11 09:34:13 ovzhost sshd[1883]: PAM 2 more authentication failures; logname= uid=0 euid=0 tty=ssh ruser= rhost=43.255.190.119  user=root
Apr 11 09:34:14 ovzhost sshd[1889]: pam_unix(sshd:auth): authentication failure; logname= uid=0 euid=0 tty=ssh ruser= rhost=43.255.190.134  user=root
Apr 11 09:34:14 ovzhost sshd[1890]: pam_unix(sshd:auth): authentication failure; logname= uid=0 euid=0 tty=ssh ruser= rhost=43.255.190.119  user=root
Apr 11 09:34:14 ovzhost sshd[1887]: Failed password for root from 221.229.166.98 port 48184 ssh2
Apr 11 09:34:15 ovzhost sshd[1889]: Failed password for root from 43.255.190.134 port 43061 ssh2
Apr 11 09:34:15 ovzhost sshd[1890]: Failed password for root from 43.255.190.119 port 59335 ssh2
Apr 11 09:34:18 ovzhost sshd[1887]: message repeated 2 times: [ Failed password for root from 221.229.166.98 port 48184 ssh2]
Apr 11 09:34:18 ovzhost sshd[1887]: Received disconnect from 221.229.166.98: 11:  [preauth]
Apr 11 09:34:18 ovzhost sshd[1887]: PAM 2 more authentication failures; logname= uid=0 euid=0 tty=ssh ruser= rhost=221.229.166.98  user=root
Apr 11 09:34:20 ovzhost sshd[1893]: pam_unix(sshd:auth): authentication failure; logname= uid=0 euid=0 tty=ssh ruser= rhost=221.229.166.98  user=root
Apr 11 09:34:20 ovzhost sshd[1889]: message repeated 2 times: [ Failed password for root from 43.255.190.134 port 43061 ssh2]
Apr 11 09:34:20 ovzhost sshd[1889]: Received disconnect from 43.255.190.134: 11:  [preauth]
Apr 11 09:34:20 ovzhost sshd[1889]: PAM 2 more authentication failures; logname= uid=0 euid=0 tty=ssh ruser= rhost=43.255.190.134  user=root
Apr 11 09:34:20 ovzhost sshd[1890]: message repeated 2 times: [ Failed password for root from 43.255.190.119 port 59335 ssh2]
Apr 11 09:34:20 ovzhost sshd[1890]: Received disconnect from 43.255.190.119: 11:  [preauth]
Apr 11 09:34:20 ovzhost sshd[1890]: PAM 2 more authentication failures; logname= uid=0 euid=0 tty=ssh ruser= rhost=43.255.190.119  user=root
Apr 11 09:34:21 ovzhost sshd[1895]: pam_unix(sshd:auth): authentication failure; logname= uid=0 euid=0 tty=ssh ruser= rhost=43.255.190.134  user=root
Apr 11 09:34:21 ovzhost sshd[1896]: pam_unix(sshd:auth): authentication failure; logname= uid=0 euid=0 tty=ssh ruser= rhost=43.255.190.119  user=root
Apr 11 09:34:23 ovzhost sshd[1893]: Failed password for root from 221.229.166.98 port 40377 ssh2
Apr 11 09:34:23 ovzhost sshd[1895]: Failed password for root from 43.255.190.134 port 58746 ssh2
Apr 11 09:34:23 ovzhost sshd[1896]: Failed password for root from 43.255.190.119 port 47000 ssh2
Apr 11 09:34:27 ovzhost sshd[1896]: message repeated 2 times: [ Failed password for root from 43.255.190.119 port 47000 ssh2]
Apr 11 09:34:27 ovzhost sshd[1896]: Received disconnect from 43.255.190.119: 11:  [preauth]
Apr 11 09:34:27 ovzhost sshd[1896]: PAM 2 more authentication failures; logname= uid=0 euid=0 tty=ssh ruser= rhost=43.255.190.119  user=root
Apr 11 09:34:27 ovzhost sshd[1893]: message repeated 2 times: [ Failed password for root from 221.229.166.98 port 40377 ssh2]
Apr 11 09:34:27 ovzhost sshd[1893]: Received disconnect from 221.229.166.98: 11:  [preauth]
Apr 11 09:34:27 ovzhost sshd[1893]: PAM 2 more authentication failures; logname= uid=0 euid=0 tty=ssh ruser= rhost=221.229.166.98  user=root
Apr 11 09:34:27 ovzhost sshd[1895]: message repeated 2 times: [ Failed password for root from 43.255.190.134 port 58746 ssh2]
Apr 11 09:34:27 ovzhost sshd[1895]: Received disconnect from 43.255.190.134: 11:  [preauth]
Apr 11 09:34:27 ovzhost sshd[1895]: PAM 2 more authentication failures; logname= uid=0 euid=0 tty=ssh ruser= rhost=43.255.190.134  user=root
Apr 11 09:34:28 ovzhost sshd[1899]: pam_unix(sshd:auth): authentication failure; logname= uid=0 euid=0 tty=ssh ruser= rhost=43.255.190.119  user=root
