Mar 31 17:16:56 ovzhost sudo:     root : unable to resolve host ovzhost
Mar 31 17:16:56 ovzhost sudo:     root : TTY=pts/0 ; PWD=/ ; USER=root ; COMMAND=/usr/bin/less /root/.bash_history
Mar 31 17:16:56 ovzhost sudo: pam_unix(sudo:session): session opened for user root by (uid=0)
Mar 31 17:16:57 ovzhost sudo: pam_unix(sudo:session): session closed for user root
Apr  2 14:31:13 ovzhost sshd[419]: Server listening on 0.0.0.0 port 22.
Apr  2 14:31:13 ovzhost sshd[419]: Server listening on :: port 22.
Apr  2 14:31:13 ovzhost saslauthd[637]: detach_tty      : master pid is: 637
Apr  2 14:31:13 ovzhost saslauthd[637]: ipc_init        : listening on socket: /var/run/saslauthd/mux
Apr  2 14:33:26 ovzhost sshd[797]: Connection closed by 127.0.0.1 [preauth]
Apr 14 11:08:13 ovzhost sshd[695]: Connection closed by 127.0.0.1 [preauth]
Apr 14 11:09:01 ovzhost CRON[787]: pam_env(cron:session): Unable to open env file: /etc/default/locale: No such file or directory
Apr 14 11:09:01 ovzhost CRON[788]: pam_env(cron:session): Unable to open env file: /etc/default/locale: No such file or directory
Apr 14 11:09:01 ovzhost CRON[788]: pam_unix(cron:session): session opened for user root by (uid=0)
Apr 14 11:09:01 ovzhost CRON[787]: pam_unix(cron:session): session opened for user root by (uid=0)
Apr 14 11:09:01 ovzhost CRON[787]: pam_unix(cron:session): session closed for user root
Apr 14 11:09:01 ovzhost CRON[788]: pam_unix(cron:session): session closed for user root
Apr 14 11:13:04 ovzhost sshd[816]: Connection closed by 128.8.37.104 [preauth]
Apr 14 11:13:13 ovzhost sshd[819]: Connection closed by 127.0.0.1 [preauth]
Apr 14 11:18:13 ovzhost sshd[838]: Connection closed by 127.0.0.1 [preauth]
Apr 14 11:18:30 ovzhost sshd[842]: pam_unix(sshd:auth): authentication failure; logname= uid=0 euid=0 tty=ssh ruser= rhost=43.255.190.175  user=root
Apr 14 11:18:32 ovzhost sshd[842]: Failed password for root from 43.255.190.175 port 34256 ssh2
Apr 14 11:18:36 ovzhost sshd[842]: message repeated 2 times: [ Failed password for root from 43.255.190.175 port 34256 ssh2]
Apr 14 11:18:36 ovzhost sshd[842]: Received disconnect from 43.255.190.175: 11:  [preauth]
Apr 14 11:18:36 ovzhost sshd[842]: PAM 2 more authentication failures; logname= uid=0 euid=0 tty=ssh ruser= rhost=43.255.190.175  user=root
Apr 14 11:18:36 ovzhost sshd[844]: pam_unix(sshd:auth): authentication failure; logname= uid=0 euid=0 tty=ssh ruser= rhost=43.255.190.175  user=root
Apr 14 11:18:38 ovzhost sshd[844]: Failed password for root from 43.255.190.175 port 50845 ssh2
Apr 14 11:18:43 ovzhost sshd[844]: message repeated 2 times: [ Failed password for root from 43.255.190.175 port 50845 ssh2]
Apr 14 11:18:43 ovzhost sshd[844]: Received disconnect from 43.255.190.175: 11:  [preauth]
Apr 14 11:18:43 ovzhost sshd[844]: PAM 2 more authentication failures; logname= uid=0 euid=0 tty=ssh ruser= rhost=43.255.190.175  user=root
Apr 14 11:18:44 ovzhost sshd[846]: pam_unix(sshd:auth): authentication failure; logname= uid=0 euid=0 tty=ssh ruser= rhost=43.255.190.175  user=root
Apr 14 11:18:45 ovzhost sshd[846]: Failed password for root from 43.255.190.175 port 39094 ssh2
Apr 14 11:18:49 ovzhost sshd[846]: message repeated 2 times: [ Failed password for root from 43.255.190.175 port 39094 ssh2]
Apr 14 11:18:49 ovzhost sshd[846]: Received disconnect from 43.255.190.175: 11:  [preauth]
Apr 14 11:18:49 ovzhost sshd[846]: PAM 2 more authentication failures; logname= uid=0 euid=0 tty=ssh ruser= rhost=43.255.190.175  user=root
Apr 14 11:18:50 ovzhost sshd[850]: pam_unix(sshd:auth): authentication failure; logname= uid=0 euid=0 tty=ssh ruser= rhost=43.255.190.175  user=root
Apr 14 11:18:52 ovzhost sshd[850]: Failed password for root from 43.255.190.175 port 55301 ssh2
Apr 14 11:18:56 ovzhost sshd[850]: message repeated 2 times: [ Failed password for root from 43.255.190.175 port 55301 ssh2]
Apr 14 11:18:56 ovzhost sshd[850]: Received disconnect from 43.255.190.175: 11:  [preauth]
Apr 14 11:18:56 ovzhost sshd[850]: PAM 2 more authentication failures; logname= uid=0 euid=0 tty=ssh ruser= rhost=43.255.190.175  user=root
Apr 14 11:18:57 ovzhost sshd[852]: pam_unix(sshd:auth): authentication failure; logname= uid=0 euid=0 tty=ssh ruser= rhost=43.255.190.175  user=root
Apr 14 11:18:59 ovzhost sshd[852]: Failed password for root from 43.255.190.175 port 45755 ssh2
Apr 14 11:19:03 ovzhost sshd[852]: message repeated 2 times: [ Failed password for root from 43.255.190.175 port 45755 ssh2]
Apr 14 11:19:04 ovzhost sshd[852]: Received disconnect from 43.255.190.175: 11:  [preauth]
Apr 14 11:19:04 ovzhost sshd[852]: PAM 2 more authentication failures; logname= uid=0 euid=0 tty=ssh ruser= rhost=43.255.190.175  user=root
Apr 14 11:19:05 ovzhost sshd[856]: pam_unix(sshd:auth): authentication failure; logname= uid=0 euid=0 tty=ssh ruser= rhost=43.255.190.175  user=root
Apr 14 11:19:07 ovzhost sshd[856]: Failed password for root from 43.255.190.175 port 36088 ssh2
Apr 14 11:19:12 ovzhost sshd[856]: message repeated 2 times: [ Failed password for root from 43.255.190.175 port 36088 ssh2]
Apr 14 11:19:12 ovzhost sshd[856]: Received disconnect from 43.255.190.175: 11:  [preauth]
Apr 14 11:19:12 ovzhost sshd[856]: PAM 2 more authentication failures; logname= uid=0 euid=0 tty=ssh ruser= rhost=43.255.190.175  user=root
Apr 14 11:19:12 ovzhost sshd[858]: pam_unix(sshd:auth): authentication failure; logname= uid=0 euid=0 tty=ssh ruser= rhost=43.255.190.175  user=root
Apr 14 11:19:14 ovzhost sshd[858]: Failed password for root from 43.255.190.175 port 57133 ssh2
Apr 14 11:19:18 ovzhost sshd[858]: message repeated 2 times: [ Failed password for root from 43.255.190.175 port 57133 ssh2]
Apr 14 11:19:18 ovzhost sshd[858]: Received disconnect from 43.255.190.175: 11:  [preauth]
Apr 14 11:19:18 ovzhost sshd[858]: PAM 2 more authentication failures; logname= uid=0 euid=0 tty=ssh ruser= rhost=43.255.190.175  user=root
Apr 14 11:19:19 ovzhost sshd[860]: pam_unix(sshd:auth): authentication failure; logname= uid=0 euid=0 tty=ssh ruser= rhost=43.255.190.175  user=root
Apr 14 11:19:20 ovzhost sshd[860]: Failed password for root from 43.255.190.175 port 44546 ssh2
Apr 14 11:19:24 ovzhost sshd[860]: message repeated 2 times: [ Failed password for root from 43.255.190.175 port 44546 ssh2]
Apr 14 11:19:24 ovzhost sshd[860]: Received disconnect from 43.255.190.175: 11:  [preauth]
Apr 14 11:19:24 ovzhost sshd[860]: PAM 2 more authentication failures; logname= uid=0 euid=0 tty=ssh ruser= rhost=43.255.190.175  user=root
Apr 14 11:19:25 ovzhost sshd[865]: pam_unix(sshd:auth): authentication failure; logname= uid=0 euid=0 tty=ssh ruser= rhost=43.255.190.175  user=root
Apr 14 11:19:26 ovzhost sshd[863]: pam_unix(sshd:auth): authentication failure; logname= uid=0 euid=0 tty=ssh ruser= rhost=58.218.199.195  user=root
Apr 14 11:19:27 ovzhost sshd[865]: Failed password for root from 43.255.190.175 port 60930 ssh2
Apr 14 11:19:28 ovzhost sshd[863]: Failed password for root from 58.218.199.195 port 57529 ssh2
Apr 14 11:19:31 ovzhost sshd[865]: message repeated 2 times: [ Failed password for root from 43.255.190.175 port 60930 ssh2]
Apr 14 11:19:31 ovzhost sshd[865]: Received disconnect from 43.255.190.175: 11:  [preauth]
Apr 14 11:19:31 ovzhost sshd[865]: PAM 2 more authentication failures; logname= uid=0 euid=0 tty=ssh ruser= rhost=43.255.190.175  user=root
Apr 14 11:19:32 ovzhost sshd[870]: pam_unix(sshd:auth): authentication failure; logname= uid=0 euid=0 tty=ssh ruser= rhost=43.255.190.175  user=root
Apr 14 11:19:32 ovzhost sshd[863]: message repeated 2 times: [ Failed password for root from 58.218.199.195 port 57529 ssh2]
Apr 14 11:19:34 ovzhost sshd[863]: Received disconnect from 58.218.199.195: 11:  [preauth]
Apr 14 11:19:34 ovzhost sshd[863]: PAM 2 more authentication failures; logname= uid=0 euid=0 tty=ssh ruser= rhost=58.218.199.195  user=root
Apr 14 11:19:34 ovzhost sshd[870]: Failed password for root from 43.255.190.175 port 49673 ssh2
Apr 14 11:19:36 ovzhost sshd[872]: pam_unix(sshd:auth): authentication failure; logname= uid=0 euid=0 tty=ssh ruser= rhost=58.218.199.195  user=root
Apr 14 11:19:37 ovzhost sshd[870]: message repeated 2 times: [ Failed password for root from 43.255.190.175 port 49673 ssh2]
Apr 14 11:19:37 ovzhost sshd[870]: Received disconnect from 43.255.190.175: 11:  [preauth]
Apr 14 11:19:37 ovzhost sshd[870]: PAM 2 more authentication failures; logname= uid=0 euid=0 tty=ssh ruser= rhost=43.255.190.175  user=root
Apr 14 11:19:38 ovzhost sshd[872]: Failed password for root from 58.218.199.195 port 48491 ssh2
Apr 14 11:19:38 ovzhost sshd[874]: pam_unix(sshd:auth): authentication failure; logname= uid=0 euid=0 tty=ssh ruser= rhost=43.255.190.175  user=root
Apr 14 11:19:40 ovzhost sshd[874]: Failed password for root from 43.255.190.175 port 37654 ssh2
Apr 14 11:19:42 ovzhost sshd[872]: message repeated 2 times: [ Failed password for root from 58.218.199.195 port 48491 ssh2]
Apr 14 11:19:43 ovzhost sshd[872]: Received disconnect from 58.218.199.195: 11:  [preauth]
Apr 14 11:19:43 ovzhost sshd[872]: PAM 2 more authentication failures; logname= uid=0 euid=0 tty=ssh ruser= rhost=58.218.199.195  user=root
Apr 14 11:19:43 ovzhost sshd[874]: message repeated 2 times: [ Failed password for root from 43.255.190.175 port 37654 ssh2]
Apr 14 11:19:44 ovzhost sshd[874]: Received disconnect from 43.255.190.175: 11:  [preauth]
Apr 14 11:19:44 ovzhost sshd[874]: PAM 2 more authentication failures; logname= uid=0 euid=0 tty=ssh ruser= rhost=43.255.190.175  user=root
Apr 14 11:19:44 ovzhost sshd[878]: pam_unix(sshd:auth): authentication failure; logname= uid=0 euid=0 tty=ssh ruser= rhost=43.255.190.175  user=root
Apr 14 11:19:46 ovzhost sshd[878]: Failed password for root from 43.255.190.175 port 53557 ssh2
Apr 14 11:19:46 ovzhost sshd[876]: pam_unix(sshd:auth): authentication failure; logname= uid=0 euid=0 tty=ssh ruser= rhost=58.218.199.195  user=root
Apr 14 11:19:48 ovzhost sshd[876]: Failed password for root from 58.218.199.195 port 36076 ssh2
Apr 14 11:19:50 ovzhost sshd[878]: message repeated 2 times: [ Failed password for root from 43.255.190.175 port 53557 ssh2]
Apr 14 11:19:50 ovzhost sshd[878]: Received disconnect from 43.255.190.175: 11:  [preauth]
Apr 14 11:19:50 ovzhost sshd[878]: PAM 2 more authentication failures; logname= uid=0 euid=0 tty=ssh ruser= rhost=43.255.190.175  user=root
Apr 14 11:19:50 ovzhost sshd[880]: pam_unix(sshd:auth): authentication failure; logname= uid=0 euid=0 tty=ssh ruser= rhost=43.255.190.175  user=root
Apr 14 11:19:52 ovzhost sshd[880]: Failed password for root from 43.255.190.175 port 44233 ssh2
Apr 14 11:19:53 ovzhost sshd[876]: message repeated 2 times: [ Failed password for root from 58.218.199.195 port 36076 ssh2]
Apr 14 11:19:53 ovzhost sshd[876]: Received disconnect from 58.218.199.195: 11:  [preauth]
Apr 14 11:19:53 ovzhost sshd[876]: PAM 2 more authentication failures; logname= uid=0 euid=0 tty=ssh ruser= rhost=58.218.199.195  user=root
Apr 14 11:19:56 ovzhost sshd[882]: pam_unix(sshd:auth): authentication failure; logname= uid=0 euid=0 tty=ssh ruser= rhost=58.218.199.195  user=root
Apr 14 11:19:57 ovzhost sshd[880]: message repeated 2 times: [ Failed password for root from 43.255.190.175 port 44233 ssh2]
Apr 14 11:19:57 ovzhost sshd[880]: Received disconnect from 43.255.190.175: 11:  [preauth]
Apr 14 11:19:57 ovzhost sshd[880]: PAM 2 more authentication failures; logname= uid=0 euid=0 tty=ssh ruser= rhost=43.255.190.175  user=root
Apr 14 11:19:57 ovzhost sshd[882]: Failed password for root from 58.218.199.195 port 56883 ssh2
Apr 14 11:19:58 ovzhost sshd[884]: pam_unix(sshd:auth): authentication failure; logname= uid=0 euid=0 tty=ssh ruser= rhost=43.255.190.175  user=root
Apr 14 11:20:00 ovzhost sshd[884]: Failed password for root from 43.255.190.175 port 36801 ssh2
Apr 14 11:20:01 ovzhost CRON[887]: pam_env(cron:session): Unable to open env file: /etc/default/locale: No such file or directory
Apr 14 11:20:01 ovzhost CRON[887]: pam_unix(cron:session): session opened for user smmsp by (uid=0)
Apr 14 11:20:01 ovzhost CRON[887]: pam_unix(cron:session): session closed for user smmsp
Apr 14 11:20:02 ovzhost sshd[882]: message repeated 2 times: [ Failed password for root from 58.218.199.195 port 56883 ssh2]
Apr 14 11:20:03 ovzhost sshd[882]: Received disconnect from 58.218.199.195: 11:  [preauth]
Apr 14 11:20:03 ovzhost sshd[882]: PAM 2 more authentication failures; logname= uid=0 euid=0 tty=ssh ruser= rhost=58.218.199.195  user=root
Apr 14 11:20:04 ovzhost sshd[884]: message repeated 2 times: [ Failed password for root from 43.255.190.175 port 36801 ssh2]
Apr 14 11:20:05 ovzhost sshd[884]: Received disconnect from 43.255.190.175: 11:  [preauth]
Apr 14 11:20:05 ovzhost sshd[884]: PAM 2 more authentication failures; logname= uid=0 euid=0 tty=ssh ruser= rhost=43.255.190.175  user=root
Apr 14 11:20:05 ovzhost sshd[914]: pam_unix(sshd:auth): authentication failure; logname= uid=0 euid=0 tty=ssh ruser= rhost=43.255.190.175  user=root
Apr 14 11:20:06 ovzhost sshd[912]: pam_unix(sshd:auth): authentication failure; logname= uid=0 euid=0 tty=ssh ruser= rhost=58.218.199.195  user=root
Apr 14 11:20:07 ovzhost sshd[912]: Failed password for root from 58.218.199.195 port 45111 ssh2
Apr 14 11:20:07 ovzhost sshd[914]: Failed password for root from 43.255.190.175 port 55693 ssh2
Apr 14 11:20:11 ovzhost sshd[914]: message repeated 2 times: [ Failed password for root from 43.255.190.175 port 55693 ssh2]
Apr 14 11:20:11 ovzhost sshd[914]: Received disconnect from 43.255.190.175: 11:  [preauth]
Apr 14 11:20:11 ovzhost sshd[914]: PAM 2 more authentication failures; logname= uid=0 euid=0 tty=ssh ruser= rhost=43.255.190.175  user=root
Apr 14 11:20:11 ovzhost sshd[916]: pam_unix(sshd:auth): authentication failure; logname= uid=0 euid=0 tty=ssh ruser= rhost=43.255.190.175  user=root
Apr 14 11:20:12 ovzhost sshd[912]: message repeated 2 times: [ Failed password for root from 58.218.199.195 port 45111 ssh2]
Apr 14 11:20:12 ovzhost sshd[912]: Received disconnect from 58.218.199.195: 11:  [preauth]
Apr 14 11:20:12 ovzhost sshd[912]: PAM 2 more authentication failures; logname= uid=0 euid=0 tty=ssh ruser= rhost=58.218.199.195  user=root
Apr 14 11:20:14 ovzhost sshd[916]: Failed password for root from 43.255.190.175 port 45981 ssh2
Apr 14 11:20:15 ovzhost sshd[918]: pam_unix(sshd:auth): authentication failure; logname= uid=0 euid=0 tty=ssh ruser= rhost=58.218.199.195  user=root
Apr 14 11:20:17 ovzhost sshd[918]: Failed password for root from 58.218.199.195 port 34725 ssh2
Apr 14 11:20:18 ovzhost sshd[916]: message repeated 2 times: [ Failed password for root from 43.255.190.175 port 45981 ssh2]
Apr 14 11:20:18 ovzhost sshd[916]: Received disconnect from 43.255.190.175: 11:  [preauth]
Apr 14 11:20:18 ovzhost sshd[916]: PAM 2 more authentication failures; logname= uid=0 euid=0 tty=ssh ruser= rhost=43.255.190.175  user=root
Apr 14 11:20:19 ovzhost sshd[920]: pam_unix(sshd:auth): authentication failure; logname= uid=0 euid=0 tty=ssh ruser= rhost=43.255.190.175  user=root
Apr 14 11:20:21 ovzhost sshd[920]: Failed password for root from 43.255.190.175 port 37352 ssh2
Apr 14 11:20:21 ovzhost sshd[918]: message repeated 2 times: [ Failed password for root from 58.218.199.195 port 34725 ssh2]
Apr 14 11:20:22 ovzhost sshd[918]: Received disconnect from 58.218.199.195: 11:  [preauth]
Apr 14 11:20:22 ovzhost sshd[918]: PAM 2 more authentication failures; logname= uid=0 euid=0 tty=ssh ruser= rhost=58.218.199.195  user=root
Apr 14 11:20:24 ovzhost sshd[922]: pam_unix(sshd:auth): authentication failure; logname= uid=0 euid=0 tty=ssh ruser= rhost=58.218.199.195  user=root
Apr 14 11:20:25 ovzhost sshd[920]: message repeated 2 times: [ Failed password for root from 43.255.190.175 port 37352 ssh2]
Apr 14 11:20:25 ovzhost sshd[920]: Received disconnect from 43.255.190.175: 11:  [preauth]
Apr 14 11:20:25 ovzhost sshd[920]: PAM 2 more authentication failures; logname= uid=0 euid=0 tty=ssh ruser= rhost=43.255.190.175  user=root
Apr 14 11:20:26 ovzhost sshd[922]: Failed password for root from 58.218.199.195 port 52717 ssh2
Apr 14 11:20:26 ovzhost sshd[924]: pam_unix(sshd:auth): authentication failure; logname= uid=0 euid=0 tty=ssh ruser= rhost=43.255.190.175  user=root
Apr 14 11:20:28 ovzhost sshd[924]: Failed password for root from 43.255.190.175 port 56351 ssh2
Apr 14 11:20:30 ovzhost sshd[922]: message repeated 2 times: [ Failed password for root from 58.218.199.195 port 52717 ssh2]
Apr 14 11:20:31 ovzhost sshd[922]: Received disconnect from 58.218.199.195: 11:  [preauth]
Apr 14 11:20:31 ovzhost sshd[922]: PAM 2 more authentication failures; logname= uid=0 euid=0 tty=ssh ruser= rhost=58.218.199.195  user=root
Apr 14 11:20:32 ovzhost sshd[924]: message repeated 2 times: [ Failed password for root from 43.255.190.175 port 56351 ssh2]
Apr 14 11:20:32 ovzhost sshd[924]: Received disconnect from 43.255.190.175: 11:  [preauth]
Apr 14 11:20:32 ovzhost sshd[924]: PAM 2 more authentication failures; logname= uid=0 euid=0 tty=ssh ruser= rhost=43.255.190.175  user=root
Apr 14 11:20:33 ovzhost sshd[929]: pam_unix(sshd:auth): authentication failure; logname= uid=0 euid=0 tty=ssh ruser= rhost=43.255.190.175  user=root
Apr 14 11:20:34 ovzhost sshd[926]: pam_unix(sshd:auth): authentication failure; logname= uid=0 euid=0 tty=ssh ruser= rhost=58.218.199.195  user=root
Apr 14 11:20:35 ovzhost sshd[929]: Failed password for root from 43.255.190.175 port 46078 ssh2
Apr 14 11:20:36 ovzhost sshd[926]: Failed password for root from 58.218.199.195 port 40653 ssh2
Apr 14 11:20:39 ovzhost sshd[929]: message repeated 2 times: [ Failed password for root from 43.255.190.175 port 46078 ssh2]
Apr 14 11:20:39 ovzhost sshd[929]: Received disconnect from 43.255.190.175: 11:  [preauth]
Apr 14 11:20:39 ovzhost sshd[929]: PAM 2 more authentication failures; logname= uid=0 euid=0 tty=ssh ruser= rhost=43.255.190.175  user=root
Apr 14 11:20:40 ovzhost sshd[933]: pam_unix(sshd:auth): authentication failure; logname= uid=0 euid=0 tty=ssh ruser= rhost=43.255.190.175  user=root
Apr 14 11:20:40 ovzhost sshd[926]: message repeated 2 times: [ Failed password for root from 58.218.199.195 port 40653 ssh2]
Apr 14 11:20:40 ovzhost sshd[926]: Received disconnect from 58.218.199.195: 11:  [preauth]
Apr 14 11:20:40 ovzhost sshd[926]: PAM 2 more authentication failures; logname= uid=0 euid=0 tty=ssh ruser= rhost=58.218.199.195  user=root
Apr 14 11:20:42 ovzhost sshd[933]: Failed password for root from 43.255.190.175 port 37520 ssh2
Apr 14 11:20:45 ovzhost sshd[935]: pam_unix(sshd:auth): authentication failure; logname= uid=0 euid=0 tty=ssh ruser= rhost=58.218.199.195  user=root
Apr 14 11:20:46 ovzhost sshd[933]: message repeated 2 times: [ Failed password for root from 43.255.190.175 port 37520 ssh2]
Apr 14 11:20:46 ovzhost sshd[933]: Received disconnect from 43.255.190.175: 11:  [preauth]
Apr 14 11:20:46 ovzhost sshd[933]: PAM 2 more authentication failures; logname= uid=0 euid=0 tty=ssh ruser= rhost=43.255.190.175  user=root
Apr 14 11:20:47 ovzhost sshd[937]: pam_unix(sshd:auth): authentication failure; logname= uid=0 euid=0 tty=ssh ruser= rhost=43.255.190.175  user=root
Apr 14 11:20:47 ovzhost sshd[935]: Failed password for root from 58.218.199.195 port 59832 ssh2
Apr 14 11:20:49 ovzhost sshd[937]: Failed password for root from 43.255.190.175 port 55946 ssh2
Apr 14 11:20:51 ovzhost sshd[935]: message repeated 2 times: [ Failed password for root from 58.218.199.195 port 59832 ssh2]
Apr 14 11:20:51 ovzhost sshd[935]: Received disconnect from 58.218.199.195: 11:  [preauth]
Apr 14 11:20:51 ovzhost sshd[935]: PAM 2 more authentication failures; logname= uid=0 euid=0 tty=ssh ruser= rhost=58.218.199.195  user=root
Apr 14 11:20:53 ovzhost sshd[937]: message repeated 2 times: [ Failed password for root from 43.255.190.175 port 55946 ssh2]
Apr 14 11:20:53 ovzhost sshd[937]: Received disconnect from 43.255.190.175: 11:  [preauth]
Apr 14 11:20:53 ovzhost sshd[937]: PAM 2 more authentication failures; logname= uid=0 euid=0 tty=ssh ruser= rhost=43.255.190.175  user=root
Apr 14 11:20:53 ovzhost sshd[939]: pam_unix(sshd:auth): authentication failure; logname= uid=0 euid=0 tty=ssh ruser= rhost=58.218.199.195  user=root
Apr 14 11:20:54 ovzhost sshd[941]: pam_unix(sshd:auth): authentication failure; logname= uid=0 euid=0 tty=ssh ruser= rhost=43.255.190.175  user=root
Apr 14 11:20:55 ovzhost sshd[939]: Failed password for root from 58.218.199.195 port 52171 ssh2
Apr 14 11:20:56 ovzhost sshd[941]: Failed password for root from 43.255.190.175 port 46091 ssh2
Apr 14 11:21:00 ovzhost sshd[939]: message repeated 2 times: [ Failed password for root from 58.218.199.195 port 52171 ssh2]
Apr 14 11:21:00 ovzhost sshd[939]: Received disconnect from 58.218.199.195: 11:  [preauth]
Apr 14 11:21:00 ovzhost sshd[939]: PAM 2 more authentication failures; logname= uid=0 euid=0 tty=ssh ruser= rhost=58.218.199.195  user=root
Apr 14 11:21:00 ovzhost sshd[941]: message repeated 2 times: [ Failed password for root from 43.255.190.175 port 46091 ssh2]
Apr 14 11:21:00 ovzhost sshd[941]: Received disconnect from 43.255.190.175: 11:  [preauth]
Apr 14 11:21:00 ovzhost sshd[941]: PAM 2 more authentication failures; logname= uid=0 euid=0 tty=ssh ruser= rhost=43.255.190.175  user=root
Apr 14 11:21:01 ovzhost sshd[943]: pam_unix(sshd:auth): authentication failure; logname= uid=0 euid=0 tty=ssh ruser= rhost=43.255.190.175  user=root
Apr 14 11:21:03 ovzhost sshd[943]: Failed password for root from 43.255.190.175 port 36631 ssh2
Apr 14 11:21:06 ovzhost sshd[945]: pam_unix(sshd:auth): authentication failure; logname= uid=0 euid=0 tty=ssh ruser= rhost=58.218.199.195  user=root
Apr 14 11:21:07 ovzhost sshd[943]: message repeated 2 times: [ Failed password for root from 43.255.190.175 port 36631 ssh2]
Apr 14 11:21:07 ovzhost sshd[943]: Received disconnect from 43.255.190.175: 11:  [preauth]
Apr 14 11:21:07 ovzhost sshd[943]: PAM 2 more authentication failures; logname= uid=0 euid=0 tty=ssh ruser= rhost=43.255.190.175  user=root
Apr 14 11:21:08 ovzhost sshd[945]: Failed password for root from 58.218.199.195 port 39772 ssh2
Apr 14 11:21:08 ovzhost sshd[949]: pam_unix(sshd:auth): authentication failure; logname= uid=0 euid=0 tty=ssh ruser= rhost=43.255.190.175  user=root
Apr 14 11:21:10 ovzhost sshd[949]: Failed password for root from 43.255.190.175 port 55046 ssh2
Apr 14 11:21:14 ovzhost sshd[945]: message repeated 2 times: [ Failed password for root from 58.218.199.195 port 39772 ssh2]
Apr 14 11:21:14 ovzhost sshd[945]: Received disconnect from 58.218.199.195: 11:  [preauth]
Apr 14 11:21:14 ovzhost sshd[945]: PAM 2 more authentication failures; logname= uid=0 euid=0 tty=ssh ruser= rhost=58.218.199.195  user=root
Apr 14 11:21:15 ovzhost sshd[949]: message repeated 2 times: [ Failed password for root from 43.255.190.175 port 55046 ssh2]
Apr 14 11:21:15 ovzhost sshd[949]: Received disconnect from 43.255.190.175: 11:  [preauth]
Apr 14 11:21:15 ovzhost sshd[949]: PAM 2 more authentication failures; logname= uid=0 euid=0 tty=ssh ruser= rhost=43.255.190.175  user=root
Apr 14 11:21:16 ovzhost sshd[953]: pam_unix(sshd:auth): authentication failure; logname= uid=0 euid=0 tty=ssh ruser= rhost=43.255.190.175  user=root
Apr 14 11:21:16 ovzhost sshd[951]: pam_unix(sshd:auth): authentication failure; logname= uid=0 euid=0 tty=ssh ruser= rhost=58.218.199.195  user=root
Apr 14 11:21:18 ovzhost sshd[953]: Failed password for root from 43.255.190.175 port 47676 ssh2
Apr 14 11:21:19 ovzhost sshd[951]: Failed password for root from 58.218.199.195 port 37107 ssh2
Apr 14 11:21:22 ovzhost sshd[953]: message repeated 2 times: [ Failed password for root from 43.255.190.175 port 47676 ssh2]
Apr 14 11:21:22 ovzhost sshd[953]: Received disconnect from 43.255.190.175: 11:  [preauth]
Apr 14 11:21:22 ovzhost sshd[953]: PAM 2 more authentication failures; logname= uid=0 euid=0 tty=ssh ruser= rhost=43.255.190.175  user=root
Apr 14 11:21:23 ovzhost sshd[955]: pam_unix(sshd:auth): authentication failure; logname= uid=0 euid=0 tty=ssh ruser= rhost=43.255.190.175  user=root
Apr 14 11:21:23 ovzhost sshd[951]: message repeated 2 times: [ Failed password for root from 58.218.199.195 port 37107 ssh2]
Apr 14 11:21:24 ovzhost sshd[951]: Received disconnect from 58.218.199.195: 11:  [preauth]
Apr 14 11:21:24 ovzhost sshd[951]: PAM 2 more authentication failures; logname= uid=0 euid=0 tty=ssh ruser= rhost=58.218.199.195  user=root
Apr 14 11:21:26 ovzhost sshd[955]: Failed password for root from 43.255.190.175 port 38456 ssh2
Apr 14 11:21:28 ovzhost sshd[957]: pam_unix(sshd:auth): authentication failure; logname= uid=0 euid=0 tty=ssh ruser= rhost=58.218.199.195  user=root
Apr 14 11:21:30 ovzhost sshd[955]: message repeated 2 times: [ Failed password for root from 43.255.190.175 port 38456 ssh2]
Apr 14 11:21:30 ovzhost sshd[955]: Received disconnect from 43.255.190.175: 11:  [preauth]
Apr 14 11:21:30 ovzhost sshd[955]: PAM 2 more authentication failures; logname= uid=0 euid=0 tty=ssh ruser= rhost=43.255.190.175  user=root
Apr 14 11:21:30 ovzhost sshd[957]: Failed password for root from 58.218.199.195 port 55655 ssh2
Apr 14 11:21:31 ovzhost sshd[959]: pam_unix(sshd:auth): authentication failure; logname= uid=0 euid=0 tty=ssh ruser= rhost=43.255.190.175  user=root
Apr 14 11:21:33 ovzhost sshd[959]: Failed password for root from 43.255.190.175 port 58145 ssh2
Apr 14 11:21:34 ovzhost sshd[957]: message repeated 2 times: [ Failed password for root from 58.218.199.195 port 55655 ssh2]
Apr 14 11:21:35 ovzhost sshd[957]: Received disconnect from 58.218.199.195: 11:  [preauth]
Apr 14 11:21:35 ovzhost sshd[957]: PAM 2 more authentication failures; logname= uid=0 euid=0 tty=ssh ruser= rhost=58.218.199.195  user=root
Apr 14 11:21:36 ovzhost sshd[963]: pam_unix(sshd:auth): authentication failure; logname= uid=0 euid=0 tty=ssh ruser= rhost=58.218.199.195  user=root
Apr 14 11:21:38 ovzhost sshd[959]: message repeated 2 times: [ Failed password for root from 43.255.190.175 port 58145 ssh2]
Apr 14 11:21:38 ovzhost sshd[959]: Received disconnect from 43.255.190.175: 11:  [preauth]
Apr 14 11:21:38 ovzhost sshd[959]: PAM 2 more authentication failures; logname= uid=0 euid=0 tty=ssh ruser= rhost=43.255.190.175  user=root
Apr 14 11:21:38 ovzhost sshd[963]: Failed password for root from 58.218.199.195 port 47697 ssh2
Apr 14 11:21:38 ovzhost sshd[965]: pam_unix(sshd:auth): authentication failure; logname= uid=0 euid=0 tty=ssh ruser= rhost=43.255.190.175  user=root
Apr 14 11:21:40 ovzhost sshd[965]: Failed password for root from 43.255.190.175 port 50369 ssh2
Apr 14 11:21:43 ovzhost sshd[963]: message repeated 2 times: [ Failed password for root from 58.218.199.195 port 47697 ssh2]
Apr 14 11:21:43 ovzhost sshd[963]: Received disconnect from 58.218.199.195: 11:  [preauth]
Apr 14 11:21:43 ovzhost sshd[963]: PAM 2 more authentication failures; logname= uid=0 euid=0 tty=ssh ruser= rhost=58.218.199.195  user=root
Apr 14 11:21:45 ovzhost sshd[965]: message repeated 2 times: [ Failed password for root from 43.255.190.175 port 50369 ssh2]
Apr 14 11:21:45 ovzhost sshd[965]: Received disconnect from 43.255.190.175: 11:  [preauth]
Apr 14 11:21:45 ovzhost sshd[965]: PAM 2 more authentication failures; logname= uid=0 euid=0 tty=ssh ruser= rhost=43.255.190.175  user=root
Apr 14 11:21:45 ovzhost sshd[967]: pam_unix(sshd:auth): authentication failure; logname= uid=0 euid=0 tty=ssh ruser= rhost=58.218.199.195  user=root
Apr 14 11:21:45 ovzhost sshd[969]: pam_unix(sshd:auth): authentication failure; logname= uid=0 euid=0 tty=ssh ruser= rhost=43.255.190.175  user=root
Apr 14 11:21:47 ovzhost sshd[967]: Failed password for root from 58.218.199.195 port 34091 ssh2
Apr 14 11:21:47 ovzhost sshd[969]: Failed password for root from 43.255.190.175 port 40007 ssh2
Apr 14 11:21:52 ovzhost sshd[969]: message repeated 2 times: [ Failed password for root from 43.255.190.175 port 40007 ssh2]
Apr 14 11:21:52 ovzhost sshd[969]: Received disconnect from 43.255.190.175: 11:  [preauth]
Apr 14 11:21:52 ovzhost sshd[969]: PAM 2 more authentication failures; logname= uid=0 euid=0 tty=ssh ruser= rhost=43.255.190.175  user=root
Apr 14 11:21:53 ovzhost sshd[971]: pam_unix(sshd:auth): authentication failure; logname= uid=0 euid=0 tty=ssh ruser= rhost=43.255.190.175  user=root
Apr 14 11:21:55 ovzhost sshd[971]: Failed password for root from 43.255.190.175 port 58338 ssh2
Apr 14 11:21:53 ovzhost sshd[967]: message repeated 2 times: [ Failed password for root from 58.218.199.195 port 34091 ssh2]
Apr 14 11:21:55 ovzhost sshd[967]: Received disconnect from 58.218.199.195: 11:  [preauth]
Apr 14 11:21:55 ovzhost sshd[967]: PAM 2 more authentication failures; logname= uid=0 euid=0 tty=ssh ruser= rhost=58.218.199.195  user=root
Apr 14 11:21:59 ovzhost sshd[971]: message repeated 2 times: [ Failed password for root from 43.255.190.175 port 58338 ssh2]
Apr 14 11:22:00 ovzhost sshd[971]: Received disconnect from 43.255.190.175: 11:  [preauth]
Apr 14 11:22:00 ovzhost sshd[971]: PAM 2 more authentication failures; logname= uid=0 euid=0 tty=ssh ruser= rhost=43.255.190.175  user=root
Apr 14 11:22:00 ovzhost sshd[975]: pam_unix(sshd:auth): authentication failure; logname= uid=0 euid=0 tty=ssh ruser= rhost=43.255.190.175  user=root
Apr 14 11:22:00 ovzhost sshd[973]: pam_unix(sshd:auth): authentication failure; logname= uid=0 euid=0 tty=ssh ruser= rhost=58.218.199.195  user=root
Apr 14 11:22:02 ovzhost sshd[975]: Failed password for root from 43.255.190.175 port 49548 ssh2
Apr 14 11:22:02 ovzhost sshd[973]: Failed password for root from 58.218.199.195 port 56247 ssh2
Apr 14 11:22:07 ovzhost sshd[975]: message repeated 2 times: [ Failed password for root from 43.255.190.175 port 49548 ssh2]
Apr 14 11:22:07 ovzhost sshd[975]: Received disconnect from 43.255.190.175: 11:  [preauth]
Apr 14 11:22:07 ovzhost sshd[975]: PAM 2 more authentication failures; logname= uid=0 euid=0 tty=ssh ruser= rhost=43.255.190.175  user=root
Apr 14 11:22:08 ovzhost sshd[978]: pam_unix(sshd:auth): authentication failure; logname= uid=0 euid=0 tty=ssh ruser= rhost=43.255.190.175  user=root
Apr 14 11:22:08 ovzhost sshd[973]: message repeated 2 times: [ Failed password for root from 58.218.199.195 port 56247 ssh2]
Apr 14 11:22:08 ovzhost sshd[973]: Received disconnect from 58.218.199.195: 11:  [preauth]
Apr 14 11:22:08 ovzhost sshd[973]: PAM 2 more authentication failures; logname= uid=0 euid=0 tty=ssh ruser= rhost=58.218.199.195  user=root
Apr 14 11:22:10 ovzhost sshd[978]: Failed password for root from 43.255.190.175 port 39970 ssh2
Apr 14 11:22:11 ovzhost sshd[980]: pam_unix(sshd:auth): authentication failure; logname= uid=0 euid=0 tty=ssh ruser= rhost=58.218.199.195  user=root
Apr 14 11:22:13 ovzhost sshd[980]: Failed password for root from 58.218.199.195 port 50419 ssh2
Apr 14 11:22:14 ovzhost sshd[978]: message repeated 2 times: [ Failed password for root from 43.255.190.175 port 39970 ssh2]
Apr 14 11:22:14 ovzhost sshd[978]: Received disconnect from 43.255.190.175: 11:  [preauth]
Apr 14 11:22:14 ovzhost sshd[978]: PAM 2 more authentication failures; logname= uid=0 euid=0 tty=ssh ruser= rhost=43.255.190.175  user=root
Apr 14 11:22:14 ovzhost sshd[982]: pam_unix(sshd:auth): authentication failure; logname= uid=0 euid=0 tty=ssh ruser= rhost=43.255.190.175  user=root
Apr 14 11:22:17 ovzhost sshd[982]: Failed password for root from 43.255.190.175 port 56911 ssh2
Apr 14 11:22:18 ovzhost sshd[980]: message repeated 2 times: [ Failed password for root from 58.218.199.195 port 50419 ssh2]
Apr 14 11:22:18 ovzhost sshd[980]: Received disconnect from 58.218.199.195: 11:  [preauth]
Apr 14 11:22:18 ovzhost sshd[980]: PAM 2 more authentication failures; logname= uid=0 euid=0 tty=ssh ruser= rhost=58.218.199.195  user=root
Apr 14 11:22:20 ovzhost sshd[984]: pam_unix(sshd:auth): authentication failure; logname= uid=0 euid=0 tty=ssh ruser= rhost=58.218.199.195  user=root
Apr 14 11:22:21 ovzhost sshd[982]: message repeated 2 times: [ Failed password for root from 43.255.190.175 port 56911 ssh2]
Apr 14 11:22:22 ovzhost sshd[982]: Received disconnect from 43.255.190.175: 11:  [preauth]
Apr 14 11:22:22 ovzhost sshd[982]: PAM 2 more authentication failures; logname= uid=0 euid=0 tty=ssh ruser= rhost=43.255.190.175  user=root
Apr 14 11:22:22 ovzhost sshd[984]: Failed password for root from 58.218.199.195 port 39824 ssh2
Apr 14 11:22:24 ovzhost sshd[986]: pam_unix(sshd:auth): authentication failure; logname= uid=0 euid=0 tty=ssh ruser= rhost=43.255.190.175  user=root
Apr 14 11:22:26 ovzhost sshd[986]: Failed password for root from 43.255.190.175 port 47521 ssh2
Apr 14 11:22:28 ovzhost sshd[984]: message repeated 2 times: [ Failed password for root from 58.218.199.195 port 39824 ssh2]
Apr 14 11:22:28 ovzhost sshd[984]: Received disconnect from 58.218.199.195: 11:  [preauth]
Apr 14 11:22:28 ovzhost sshd[984]: PAM 2 more authentication failures; logname= uid=0 euid=0 tty=ssh ruser= rhost=58.218.199.195  user=root
Apr 14 11:22:31 ovzhost sshd[986]: message repeated 2 times: [ Failed password for root from 43.255.190.175 port 47521 ssh2]
Apr 14 11:22:31 ovzhost sshd[986]: Received disconnect from 43.255.190.175: 11:  [preauth]
Apr 14 11:22:31 ovzhost sshd[986]: PAM 2 more authentication failures; logname= uid=0 euid=0 tty=ssh ruser= rhost=43.255.190.175  user=root
Apr 14 11:22:32 ovzhost sshd[990]: pam_unix(sshd:auth): authentication failure; logname= uid=0 euid=0 tty=ssh ruser= rhost=43.255.190.175  user=root
Apr 14 11:22:34 ovzhost sshd[990]: Failed password for root from 43.255.190.175 port 43209 ssh2
Apr 14 11:22:34 ovzhost sshd[988]: pam_unix(sshd:auth): authentication failure; logname= uid=0 euid=0 tty=ssh ruser= rhost=58.218.199.195  user=root
Apr 14 11:22:37 ovzhost sshd[988]: Failed password for root from 58.218.199.195 port 58115 ssh2
Apr 14 11:22:39 ovzhost sshd[990]: message repeated 2 times: [ Failed password for root from 43.255.190.175 port 43209 ssh2]
Apr 14 11:22:39 ovzhost sshd[990]: Received disconnect from 43.255.190.175: 11:  [preauth]
Apr 14 11:22:39 ovzhost sshd[990]: PAM 2 more authentication failures; logname= uid=0 euid=0 tty=ssh ruser= rhost=43.255.190.175  user=root
Apr 14 11:22:39 ovzhost sshd[993]: pam_unix(sshd:auth): authentication failure; logname= uid=0 euid=0 tty=ssh ruser= rhost=43.255.190.175  user=root
Apr 14 11:22:41 ovzhost sshd[993]: Failed password for root from 43.255.190.175 port 60827 ssh2
Apr 14 11:22:41 ovzhost sshd[988]: message repeated 2 times: [ Failed password for root from 58.218.199.195 port 58115 ssh2]
Apr 14 11:22:42 ovzhost sshd[988]: Received disconnect from 58.218.199.195: 11:  [preauth]
Apr 14 11:22:42 ovzhost sshd[988]: PAM 2 more authentication failures; logname= uid=0 euid=0 tty=ssh ruser= rhost=58.218.199.195  user=root
Apr 14 11:22:44 ovzhost sshd[995]: pam_unix(sshd:auth): authentication failure; logname= uid=0 euid=0 tty=ssh ruser= rhost=58.218.199.195  user=root
Apr 14 11:22:46 ovzhost sshd[995]: Failed password for root from 58.218.199.195 port 53661 ssh2
Apr 14 11:22:46 ovzhost sshd[993]: message repeated 2 times: [ Failed password for root from 43.255.190.175 port 60827 ssh2]
Apr 14 11:22:47 ovzhost sshd[993]: Received disconnect from 43.255.190.175: 11:  [preauth]
Apr 14 11:22:47 ovzhost sshd[993]: PAM 2 more authentication failures; logname= uid=0 euid=0 tty=ssh ruser= rhost=43.255.190.175  user=root
Apr 14 11:22:47 ovzhost sshd[997]: pam_unix(sshd:auth): authentication failure; logname= uid=0 euid=0 tty=ssh ruser= rhost=43.255.190.175  user=root
Apr 14 11:22:50 ovzhost sshd[997]: Failed password for root from 43.255.190.175 port 51381 ssh2
Apr 14 11:22:52 ovzhost sshd[995]: message repeated 2 times: [ Failed password for root from 58.218.199.195 port 53661 ssh2]
Apr 14 11:22:52 ovzhost sshd[995]: Received disconnect from 58.218.199.195: 11:  [preauth]
Apr 14 11:22:52 ovzhost sshd[995]: PAM 2 more authentication failures; logname= uid=0 euid=0 tty=ssh ruser= rhost=58.218.199.195  user=root
Apr 14 11:22:55 ovzhost sshd[997]: message repeated 2 times: [ Failed password for root from 43.255.190.175 port 51381 ssh2]
Apr 14 11:22:55 ovzhost sshd[997]: Received disconnect from 43.255.190.175: 11:  [preauth]
Apr 14 11:22:55 ovzhost sshd[997]: PAM 2 more authentication failures; logname= uid=0 euid=0 tty=ssh ruser= rhost=43.255.190.175  user=root
Apr 14 11:22:55 ovzhost sshd[999]: pam_unix(sshd:auth): authentication failure; logname= uid=0 euid=0 tty=ssh ruser= rhost=43.255.190.175  user=root
Apr 14 11:22:57 ovzhost sshd[999]: Failed password for root from 43.255.190.175 port 42844 ssh2
Apr 14 11:23:02 ovzhost sshd[999]: message repeated 2 times: [ Failed password for root from 43.255.190.175 port 42844 ssh2]
Apr 14 11:23:02 ovzhost sshd[999]: Received disconnect from 43.255.190.175: 11:  [preauth]
Apr 14 11:23:02 ovzhost sshd[999]: PAM 2 more authentication failures; logname= uid=0 euid=0 tty=ssh ruser= rhost=43.255.190.175  user=root
Apr 14 11:23:03 ovzhost sshd[1001]: pam_unix(sshd:auth): authentication failure; logname= uid=0 euid=0 tty=ssh ruser= rhost=43.255.190.175  user=root
Apr 14 11:23:04 ovzhost sshd[1004]: Connection closed by 128.8.37.104 [preauth]
Apr 14 11:23:05 ovzhost sshd[1001]: Failed password for root from 43.255.190.175 port 60455 ssh2
Apr 14 11:23:09 ovzhost sshd[1001]: message repeated 2 times: [ Failed password for root from 43.255.190.175 port 60455 ssh2]
Apr 14 11:23:09 ovzhost sshd[1001]: Received disconnect from 43.255.190.175: 11:  [preauth]
Apr 14 11:23:09 ovzhost sshd[1001]: PAM 2 more authentication failures; logname= uid=0 euid=0 tty=ssh ruser= rhost=43.255.190.175  user=root
Apr 14 11:23:10 ovzhost sshd[1006]: pam_unix(sshd:auth): authentication failure; logname= uid=0 euid=0 tty=ssh ruser= rhost=43.255.190.175  user=root
Apr 14 11:23:12 ovzhost sshd[1006]: Failed password for root from 43.255.190.175 port 49463 ssh2
Apr 14 11:23:13 ovzhost sshd[1009]: Connection closed by 127.0.0.1 [preauth]
Apr 14 11:23:16 ovzhost sshd[1006]: message repeated 2 times: [ Failed password for root from 43.255.190.175 port 49463 ssh2]
Apr 14 11:23:16 ovzhost sshd[1006]: Received disconnect from 43.255.190.175: 11:  [preauth]
Apr 14 11:23:16 ovzhost sshd[1006]: PAM 2 more authentication failures; logname= uid=0 euid=0 tty=ssh ruser= rhost=43.255.190.175  user=root
Apr 14 11:23:17 ovzhost sshd[1011]: pam_unix(sshd:auth): authentication failure; logname= uid=0 euid=0 tty=ssh ruser= rhost=43.255.190.175  user=root
Apr 14 11:23:18 ovzhost sshd[1011]: Failed password for root from 43.255.190.175 port 37362 ssh2
Apr 14 11:23:23 ovzhost sshd[1011]: message repeated 2 times: [ Failed password for root from 43.255.190.175 port 37362 ssh2]
Apr 14 11:23:23 ovzhost sshd[1011]: Received disconnect from 43.255.190.175: 11:  [preauth]
Apr 14 11:23:23 ovzhost sshd[1011]: PAM 2 more authentication failures; logname= uid=0 euid=0 tty=ssh ruser= rhost=43.255.190.175  user=root
Apr 14 11:23:24 ovzhost sshd[1013]: pam_unix(sshd:auth): authentication failure; logname= uid=0 euid=0 tty=ssh ruser= rhost=43.255.190.175  user=root
Apr 14 11:23:25 ovzhost sshd[1013]: Failed password for root from 43.255.190.175 port 54067 ssh2
Apr 14 11:23:29 ovzhost sshd[1013]: message repeated 2 times: [ Failed password for root from 43.255.190.175 port 54067 ssh2]
Apr 14 11:23:30 ovzhost sshd[1013]: Received disconnect from 43.255.190.175: 11:  [preauth]
Apr 14 11:23:30 ovzhost sshd[1013]: PAM 2 more authentication failures; logname= uid=0 euid=0 tty=ssh ruser= rhost=43.255.190.175  user=root
Apr 14 11:23:30 ovzhost sshd[1017]: pam_unix(sshd:auth): authentication failure; logname= uid=0 euid=0 tty=ssh ruser= rhost=43.255.190.175  user=root
Apr 14 11:23:32 ovzhost sshd[1017]: Failed password for root from 43.255.190.175 port 42946 ssh2
Apr 14 11:23:37 ovzhost sshd[1017]: message repeated 2 times: [ Failed password for root from 43.255.190.175 port 42946 ssh2]
Apr 14 11:23:37 ovzhost sshd[1017]: Received disconnect from 43.255.190.175: 11:  [preauth]
Apr 14 11:23:37 ovzhost sshd[1017]: PAM 2 more authentication failures; logname= uid=0 euid=0 tty=ssh ruser= rhost=43.255.190.175  user=root
Apr 14 11:23:38 ovzhost sshd[1019]: pam_unix(sshd:auth): authentication failure; logname= uid=0 euid=0 tty=ssh ruser= rhost=43.255.190.175  user=root
Apr 14 11:23:40 ovzhost sshd[1019]: Failed password for root from 43.255.190.175 port 60403 ssh2
Apr 14 11:23:43 ovzhost sshd[1019]: message repeated 2 times: [ Failed password for root from 43.255.190.175 port 60403 ssh2]
Apr 14 11:23:43 ovzhost sshd[1019]: Received disconnect from 43.255.190.175: 11:  [preauth]
Apr 14 11:23:43 ovzhost sshd[1019]: PAM 2 more authentication failures; logname= uid=0 euid=0 tty=ssh ruser= rhost=43.255.190.175  user=root
Apr 14 11:23:44 ovzhost sshd[1021]: pam_unix(sshd:auth): authentication failure; logname= uid=0 euid=0 tty=ssh ruser= rhost=43.255.190.175  user=root
Apr 14 11:23:46 ovzhost sshd[1021]: Failed password for root from 43.255.190.175 port 48135 ssh2
Apr 14 11:23:51 ovzhost sshd[1021]: message repeated 2 times: [ Failed password for root from 43.255.190.175 port 48135 ssh2]
Apr 14 11:23:51 ovzhost sshd[1021]: Received disconnect from 43.255.190.175: 11:  [preauth]
Apr 14 11:23:51 ovzhost sshd[1021]: PAM 2 more authentication failures; logname= uid=0 euid=0 tty=ssh ruser= rhost=43.255.190.175  user=root
Apr 14 11:23:52 ovzhost sshd[1025]: pam_unix(sshd:auth): authentication failure; logname= uid=0 euid=0 tty=ssh ruser= rhost=43.255.190.175  user=root
Apr 14 11:23:53 ovzhost sshd[1025]: Failed password for root from 43.255.190.175 port 38292 ssh2
Apr 14 11:23:57 ovzhost sshd[1025]: message repeated 2 times: [ Failed password for root from 43.255.190.175 port 38292 ssh2]
Apr 14 11:23:58 ovzhost sshd[1025]: Received disconnect from 43.255.190.175: 11:  [preauth]
Apr 14 11:23:58 ovzhost sshd[1025]: PAM 2 more authentication failures; logname= uid=0 euid=0 tty=ssh ruser= rhost=43.255.190.175  user=root
Apr 14 11:23:58 ovzhost sshd[1027]: pam_unix(sshd:auth): authentication failure; logname= uid=0 euid=0 tty=ssh ruser= rhost=43.255.190.175  user=root
Apr 14 11:24:01 ovzhost sshd[1027]: Failed password for root from 43.255.190.175 port 55293 ssh2
Apr 14 11:24:04 ovzhost sshd[1027]: message repeated 2 times: [ Failed password for root from 43.255.190.175 port 55293 ssh2]
Apr 14 11:24:04 ovzhost sshd[1027]: Received disconnect from 43.255.190.175: 11:  [preauth]
Apr 14 11:24:04 ovzhost sshd[1027]: PAM 2 more authentication failures; logname= uid=0 euid=0 tty=ssh ruser= rhost=43.255.190.175  user=root
Apr 14 11:24:06 ovzhost sshd[1029]: pam_unix(sshd:auth): authentication failure; logname= uid=0 euid=0 tty=ssh ruser= rhost=43.255.190.175  user=root
Apr 14 11:24:08 ovzhost sshd[1029]: Failed password for root from 43.255.190.175 port 44680 ssh2
Apr 14 11:24:12 ovzhost sshd[1029]: message repeated 2 times: [ Failed password for root from 43.255.190.175 port 44680 ssh2]
Apr 14 11:24:12 ovzhost sshd[1029]: Received disconnect from 43.255.190.175: 11:  [preauth]
Apr 14 11:24:12 ovzhost sshd[1029]: PAM 2 more authentication failures; logname= uid=0 euid=0 tty=ssh ruser= rhost=43.255.190.175  user=root
Apr 14 11:24:13 ovzhost sshd[1033]: pam_unix(sshd:auth): authentication failure; logname= uid=0 euid=0 tty=ssh ruser= rhost=43.255.190.175  user=root
Apr 14 11:24:15 ovzhost sshd[1033]: Failed password for root from 43.255.190.175 port 35269 ssh2
Apr 14 11:24:19 ovzhost sshd[1033]: message repeated 2 times: [ Failed password for root from 43.255.190.175 port 35269 ssh2]
Apr 14 11:24:19 ovzhost sshd[1033]: Received disconnect from 43.255.190.175: 11:  [preauth]
Apr 14 11:24:19 ovzhost sshd[1033]: PAM 2 more authentication failures; logname= uid=0 euid=0 tty=ssh ruser= rhost=43.255.190.175  user=root
Apr 14 11:24:19 ovzhost sshd[1035]: pam_unix(sshd:auth): authentication failure; logname= uid=0 euid=0 tty=ssh ruser= rhost=43.255.190.175  user=root
Apr 14 11:24:22 ovzhost sshd[1035]: Failed password for root from 43.255.190.175 port 51930 ssh2
Apr 14 11:24:26 ovzhost sshd[1035]: message repeated 2 times: [ Failed password for root from 43.255.190.175 port 51930 ssh2]
Apr 14 11:24:26 ovzhost sshd[1035]: Received disconnect from 43.255.190.175: 11:  [preauth]
Apr 14 11:24:26 ovzhost sshd[1035]: PAM 2 more authentication failures; logname= uid=0 euid=0 tty=ssh ruser= rhost=43.255.190.175  user=root
Apr 14 11:24:27 ovzhost sshd[1038]: pam_unix(sshd:auth): authentication failure; logname= uid=0 euid=0 tty=ssh ruser= rhost=43.255.190.175  user=root
Apr 14 11:24:28 ovzhost sshd[1038]: Failed password for root from 43.255.190.175 port 41103 ssh2
Apr 14 11:24:32 ovzhost sshd[1038]: message repeated 2 times: [ Failed password for root from 43.255.190.175 port 41103 ssh2]
Apr 14 11:24:32 ovzhost sshd[1038]: Received disconnect from 43.255.190.175: 11:  [preauth]
Apr 14 11:24:32 ovzhost sshd[1038]: PAM 2 more authentication failures; logname= uid=0 euid=0 tty=ssh ruser= rhost=43.255.190.175  user=root
Apr 14 11:24:33 ovzhost sshd[1043]: pam_unix(sshd:auth): authentication failure; logname= uid=0 euid=0 tty=ssh ruser= rhost=43.255.190.175  user=root
Apr 14 11:24:35 ovzhost sshd[1043]: Failed password for root from 43.255.190.175 port 58017 ssh2
Apr 14 11:24:39 ovzhost sshd[1043]: message repeated 2 times: [ Failed password for root from 43.255.190.175 port 58017 ssh2]
Apr 14 11:24:39 ovzhost sshd[1043]: Received disconnect from 43.255.190.175: 11:  [preauth]
Apr 14 11:24:39 ovzhost sshd[1043]: PAM 2 more authentication failures; logname= uid=0 euid=0 tty=ssh ruser= rhost=43.255.190.175  user=root
Apr 14 11:24:40 ovzhost sshd[1045]: pam_unix(sshd:auth): authentication failure; logname= uid=0 euid=0 tty=ssh ruser= rhost=43.255.190.175  user=root
Apr 14 11:24:42 ovzhost sshd[1045]: Failed password for root from 43.255.190.175 port 47366 ssh2
Apr 14 11:24:46 ovzhost sshd[1045]: message repeated 2 times: [ Failed password for root from 43.255.190.175 port 47366 ssh2]
Apr 14 11:24:46 ovzhost sshd[1045]: Received disconnect from 43.255.190.175: 11:  [preauth]
Apr 14 11:24:46 ovzhost sshd[1045]: PAM 2 more authentication failures; logname= uid=0 euid=0 tty=ssh ruser= rhost=43.255.190.175  user=root
Apr 14 11:24:47 ovzhost sshd[1047]: pam_unix(sshd:auth): authentication failure; logname= uid=0 euid=0 tty=ssh ruser= rhost=43.255.190.175  user=root
Apr 14 11:24:49 ovzhost sshd[1047]: Failed password for root from 43.255.190.175 port 36643 ssh2
Apr 14 11:24:53 ovzhost sshd[1047]: message repeated 2 times: [ Failed password for root from 43.255.190.175 port 36643 ssh2]
Apr 14 11:24:53 ovzhost sshd[1047]: Received disconnect from 43.255.190.175: 11:  [preauth]
Apr 14 11:24:53 ovzhost sshd[1047]: PAM 2 more authentication failures; logname= uid=0 euid=0 tty=ssh ruser= rhost=43.255.190.175  user=root
Apr 14 11:24:54 ovzhost sshd[1049]: pam_unix(sshd:auth): authentication failure; logname= uid=0 euid=0 tty=ssh ruser= rhost=43.255.190.175  user=root
Apr 14 11:24:56 ovzhost sshd[1049]: Failed password for root from 43.255.190.175 port 54412 ssh2
Apr 14 11:25:01 ovzhost sshd[1049]: message repeated 2 times: [ Failed password for root from 43.255.190.175 port 54412 ssh2]
Apr 14 11:25:01 ovzhost sshd[1049]: Received disconnect from 43.255.190.175: 11:  [preauth]
Apr 14 11:25:01 ovzhost sshd[1049]: PAM 2 more authentication failures; logname= uid=0 euid=0 tty=ssh ruser= rhost=43.255.190.175  user=root
Apr 14 11:25:01 ovzhost sshd[1051]: pam_unix(sshd:auth): authentication failure; logname= uid=0 euid=0 tty=ssh ruser= rhost=43.255.190.175  user=root
Apr 14 11:25:03 ovzhost sshd[1051]: Failed password for root from 43.255.190.175 port 45984 ssh2
Apr 14 11:25:07 ovzhost sshd[1051]: message repeated 2 times: [ Failed password for root from 43.255.190.175 port 45984 ssh2]
Apr 14 11:25:07 ovzhost sshd[1051]: Received disconnect from 43.255.190.175: 11:  [preauth]
Apr 14 11:25:07 ovzhost sshd[1051]: PAM 2 more authentication failures; logname= uid=0 euid=0 tty=ssh ruser= rhost=43.255.190.175  user=root
Apr 14 11:25:08 ovzhost sshd[1053]: pam_unix(sshd:auth): authentication failure; logname= uid=0 euid=0 tty=ssh ruser= rhost=43.255.190.175  user=root
Apr 14 11:25:10 ovzhost sshd[1053]: Failed password for root from 43.255.190.175 port 35717 ssh2
Apr 14 11:25:13 ovzhost sshd[1053]: message repeated 2 times: [ Failed password for root from 43.255.190.175 port 35717 ssh2]
Apr 14 11:25:13 ovzhost sshd[1053]: Received disconnect from 43.255.190.175: 11:  [preauth]
Apr 14 11:25:13 ovzhost sshd[1053]: PAM 2 more authentication failures; logname= uid=0 euid=0 tty=ssh ruser= rhost=43.255.190.175  user=root
Apr 14 11:25:14 ovzhost sshd[1055]: pam_unix(sshd:auth): authentication failure; logname= uid=0 euid=0 tty=ssh ruser= rhost=43.255.190.175  user=root
Apr 14 11:25:16 ovzhost sshd[1055]: Failed password for root from 43.255.190.175 port 52374 ssh2
Apr 14 11:25:20 ovzhost sshd[1055]: message repeated 2 times: [ Failed password for root from 43.255.190.175 port 52374 ssh2]
Apr 14 11:25:21 ovzhost sshd[1055]: Received disconnect from 43.255.190.175: 11:  [preauth]
Apr 14 11:25:21 ovzhost sshd[1055]: PAM 2 more authentication failures; logname= uid=0 euid=0 tty=ssh ruser= rhost=43.255.190.175  user=root
Apr 14 11:25:22 ovzhost sshd[1057]: pam_unix(sshd:auth): authentication failure; logname= uid=0 euid=0 tty=ssh ruser= rhost=43.255.190.175  user=root
Apr 14 11:25:24 ovzhost sshd[1057]: Failed password for root from 43.255.190.175 port 44689 ssh2
Apr 14 11:25:27 ovzhost sshd[1057]: message repeated 2 times: [ Failed password for root from 43.255.190.175 port 44689 ssh2]
Apr 14 11:25:27 ovzhost sshd[1057]: Received disconnect from 43.255.190.175: 11:  [preauth]
Apr 14 11:25:27 ovzhost sshd[1057]: PAM 2 more authentication failures; logname= uid=0 euid=0 tty=ssh ruser= rhost=43.255.190.175  user=root
Apr 14 11:25:28 ovzhost sshd[1059]: pam_unix(sshd:auth): authentication failure; logname= uid=0 euid=0 tty=ssh ruser= rhost=43.255.190.175  user=root
