Apr  2 14:31:44 ovzhost sshd[780]: Connection closed by 127.0.0.1 [preauth]
Apr  2 14:35:40 ovzhost sshd[811]: Connection closed by 128.8.37.120 [preauth]
Apr  2 14:36:44 ovzhost sshd[820]: Connection closed by 127.0.0.1 [preauth]
Apr 11 18:39:01 ovzhost CRON[791]: pam_env(cron:session): Unable to open env file: /etc/default/locale: No such file or directory
Apr 11 18:39:01 ovzhost CRON[791]: pam_unix(cron:session): session opened for user root by (uid=0)
Apr 11 18:39:01 ovzhost CRON[791]: pam_unix(cron:session): session closed for user root
Apr 11 18:39:18 ovzhost sshd[805]: Connection closed by 127.0.0.1 [preauth]
Apr 11 18:40:01 ovzhost CRON[808]: pam_env(cron:session): Unable to open env file: /etc/default/locale: No such file or directory
Apr 11 18:40:01 ovzhost CRON[808]: pam_unix(cron:session): session opened for user smmsp by (uid=0)
Apr 11 18:40:01 ovzhost CRON[808]: pam_unix(cron:session): session closed for user smmsp
Apr 11 18:40:44 ovzhost sshd[836]: Connection closed by 128.8.37.120 [preauth]
Apr 11 18:44:18 ovzhost sshd[854]: Connection closed by 127.0.0.1 [preauth]
Apr 11 18:49:18 ovzhost sshd[876]: Connection closed by 127.0.0.1 [preauth]
Apr 11 18:50:44 ovzhost sshd[881]: Connection closed by 128.8.37.120 [preauth]
Apr 11 18:53:07 ovzhost sshd[891]: pam_unix(sshd:auth): authentication failure; logname= uid=0 euid=0 tty=ssh ruser= rhost=43.255.190.185  user=root
Apr 11 18:53:09 ovzhost sshd[891]: Failed password for root from 43.255.190.185 port 51467 ssh2
Apr 11 18:53:13 ovzhost sshd[891]: message repeated 2 times: [ Failed password for root from 43.255.190.185 port 51467 ssh2]
Apr 11 18:53:13 ovzhost sshd[891]: Received disconnect from 43.255.190.185: 11:  [preauth]
Apr 11 18:53:13 ovzhost sshd[891]: PAM 2 more authentication failures; logname= uid=0 euid=0 tty=ssh ruser= rhost=43.255.190.185  user=root
Apr 11 18:53:14 ovzhost sshd[894]: pam_unix(sshd:auth): authentication failure; logname= uid=0 euid=0 tty=ssh ruser= rhost=43.255.190.185  user=root
Apr 11 18:53:16 ovzhost sshd[894]: Failed password for root from 43.255.190.185 port 41618 ssh2
Apr 11 18:53:21 ovzhost sshd[894]: message repeated 2 times: [ Failed password for root from 43.255.190.185 port 41618 ssh2]
Apr 11 18:53:21 ovzhost sshd[894]: Received disconnect from 43.255.190.185: 11:  [preauth]
Apr 11 18:53:21 ovzhost sshd[894]: PAM 2 more authentication failures; logname= uid=0 euid=0 tty=ssh ruser= rhost=43.255.190.185  user=root
Apr 11 18:53:21 ovzhost sshd[898]: pam_unix(sshd:auth): authentication failure; logname= uid=0 euid=0 tty=ssh ruser= rhost=43.255.190.185  user=root
Apr 11 18:53:23 ovzhost sshd[898]: Failed password for root from 43.255.190.185 port 60563 ssh2
Apr 11 18:53:28 ovzhost sshd[898]: message repeated 2 times: [ Failed password for root from 43.255.190.185 port 60563 ssh2]
Apr 11 18:53:28 ovzhost sshd[898]: Received disconnect from 43.255.190.185: 11:  [preauth]
Apr 11 18:53:28 ovzhost sshd[898]: PAM 2 more authentication failures; logname= uid=0 euid=0 tty=ssh ruser= rhost=43.255.190.185  user=root
Apr 11 18:53:28 ovzhost sshd[900]: pam_unix(sshd:auth): authentication failure; logname= uid=0 euid=0 tty=ssh ruser= rhost=43.255.190.185  user=root
Apr 11 18:53:30 ovzhost sshd[900]: Failed password for root from 43.255.190.185 port 50115 ssh2
Apr 11 18:53:35 ovzhost sshd[900]: message repeated 2 times: [ Failed password for root from 43.255.190.185 port 50115 ssh2]
Apr 11 18:53:35 ovzhost sshd[900]: Received disconnect from 43.255.190.185: 11:  [preauth]
Apr 11 18:53:35 ovzhost sshd[900]: PAM 2 more authentication failures; logname= uid=0 euid=0 tty=ssh ruser= rhost=43.255.190.185  user=root
Apr 11 18:53:35 ovzhost sshd[902]: pam_unix(sshd:auth): authentication failure; logname= uid=0 euid=0 tty=ssh ruser= rhost=43.255.190.185  user=root
Apr 11 18:53:38 ovzhost sshd[902]: Failed password for root from 43.255.190.185 port 39721 ssh2
Apr 11 18:53:42 ovzhost sshd[902]: message repeated 2 times: [ Failed password for root from 43.255.190.185 port 39721 ssh2]
Apr 11 18:53:42 ovzhost sshd[902]: Received disconnect from 43.255.190.185: 11:  [preauth]
Apr 11 18:53:42 ovzhost sshd[902]: PAM 2 more authentication failures; logname= uid=0 euid=0 tty=ssh ruser= rhost=43.255.190.185  user=root
Apr 11 18:53:42 ovzhost sshd[904]: pam_unix(sshd:auth): authentication failure; logname= uid=0 euid=0 tty=ssh ruser= rhost=58.218.213.254  user=root
Apr 11 18:53:42 ovzhost sshd[906]: pam_unix(sshd:auth): authentication failure; logname= uid=0 euid=0 tty=ssh ruser= rhost=43.255.190.185  user=root
Apr 11 18:53:44 ovzhost sshd[904]: Failed password for root from 58.218.213.254 port 54876 ssh2
Apr 11 18:53:44 ovzhost sshd[906]: Failed password for root from 43.255.190.185 port 57619 ssh2
Apr 11 18:53:49 ovzhost sshd[906]: message repeated 2 times: [ Failed password for root from 43.255.190.185 port 57619 ssh2]
Apr 11 18:53:49 ovzhost sshd[906]: Received disconnect from 43.255.190.185: 11:  [preauth]
Apr 11 18:53:49 ovzhost sshd[906]: PAM 2 more authentication failures; logname= uid=0 euid=0 tty=ssh ruser= rhost=43.255.190.185  user=root
Apr 11 18:53:49 ovzhost sshd[910]: pam_unix(sshd:auth): authentication failure; logname= uid=0 euid=0 tty=ssh ruser= rhost=43.255.190.185  user=root
Apr 11 18:53:49 ovzhost sshd[904]: message repeated 2 times: [ Failed password for root from 58.218.213.254 port 54876 ssh2]
Apr 11 18:53:50 ovzhost sshd[904]: Received disconnect from 58.218.213.254: 11:  [preauth]
Apr 11 18:53:50 ovzhost sshd[904]: PAM 2 more authentication failures; logname= uid=0 euid=0 tty=ssh ruser= rhost=58.218.213.254  user=root
Apr 11 18:53:52 ovzhost sshd[910]: Failed password for root from 43.255.190.185 port 46611 ssh2
Apr 11 18:53:52 ovzhost sshd[912]: pam_unix(sshd:auth): authentication failure; logname= uid=0 euid=0 tty=ssh ruser= rhost=58.218.213.254  user=root
Apr 11 18:53:54 ovzhost sshd[912]: Failed password for root from 58.218.213.254 port 47560 ssh2
Apr 11 18:53:56 ovzhost sshd[910]: message repeated 2 times: [ Failed password for root from 43.255.190.185 port 46611 ssh2]
Apr 11 18:53:56 ovzhost sshd[910]: Received disconnect from 43.255.190.185: 11:  [preauth]
Apr 11 18:53:56 ovzhost sshd[910]: PAM 2 more authentication failures; logname= uid=0 euid=0 tty=ssh ruser= rhost=43.255.190.185  user=root
Apr 11 18:53:57 ovzhost sshd[914]: pam_unix(sshd:auth): authentication failure; logname= uid=0 euid=0 tty=ssh ruser= rhost=43.255.190.185  user=root
Apr 11 18:53:58 ovzhost sshd[914]: Failed password for root from 43.255.190.185 port 36887 ssh2
Apr 11 18:53:59 ovzhost sshd[912]: message repeated 2 times: [ Failed password for root from 58.218.213.254 port 47560 ssh2]
Apr 11 18:53:59 ovzhost sshd[912]: Received disconnect from 58.218.213.254: 11:  [preauth]
Apr 11 18:53:59 ovzhost sshd[912]: PAM 2 more authentication failures; logname= uid=0 euid=0 tty=ssh ruser= rhost=58.218.213.254  user=root
Apr 11 18:54:01 ovzhost sshd[916]: pam_unix(sshd:auth): authentication failure; logname= uid=0 euid=0 tty=ssh ruser= rhost=58.218.213.254  user=root
Apr 11 18:54:03 ovzhost sshd[914]: message repeated 2 times: [ Failed password for root from 43.255.190.185 port 36887 ssh2]
Apr 11 18:54:03 ovzhost sshd[914]: Received disconnect from 43.255.190.185: 11:  [preauth]
Apr 11 18:54:03 ovzhost sshd[914]: PAM 2 more authentication failures; logname= uid=0 euid=0 tty=ssh ruser= rhost=43.255.190.185  user=root
Apr 11 18:54:04 ovzhost sshd[918]: pam_unix(sshd:auth): authentication failure; logname= uid=0 euid=0 tty=ssh ruser= rhost=43.255.190.185  user=root
Apr 11 18:54:04 ovzhost sshd[916]: Failed password for root from 58.218.213.254 port 36046 ssh2
Apr 11 18:54:05 ovzhost sshd[918]: Failed password for root from 43.255.190.185 port 55343 ssh2
Apr 11 18:54:08 ovzhost sshd[916]: message repeated 2 times: [ Failed password for root from 58.218.213.254 port 36046 ssh2]
Apr 11 18:54:08 ovzhost sshd[916]: Received disconnect from 58.218.213.254: 11:  [preauth]
Apr 11 18:54:08 ovzhost sshd[916]: PAM 2 more authentication failures; logname= uid=0 euid=0 tty=ssh ruser= rhost=58.218.213.254  user=root
Apr 11 18:54:10 ovzhost sshd[918]: message repeated 2 times: [ Failed password for root from 43.255.190.185 port 55343 ssh2]
Apr 11 18:54:10 ovzhost sshd[918]: Received disconnect from 43.255.190.185: 11:  [preauth]
Apr 11 18:54:10 ovzhost sshd[918]: PAM 2 more authentication failures; logname= uid=0 euid=0 tty=ssh ruser= rhost=43.255.190.185  user=root
Apr 11 18:54:10 ovzhost sshd[920]: pam_unix(sshd:auth): authentication failure; logname= uid=0 euid=0 tty=ssh ruser= rhost=58.218.213.254  user=root
Apr 11 18:54:10 ovzhost sshd[922]: pam_unix(sshd:auth): authentication failure; logname= uid=0 euid=0 tty=ssh ruser= rhost=43.255.190.185  user=root
Apr 11 18:54:12 ovzhost sshd[920]: Failed password for root from 58.218.213.254 port 52833 ssh2
Apr 11 18:54:13 ovzhost sshd[922]: Failed password for root from 43.255.190.185 port 44754 ssh2
Apr 11 18:54:17 ovzhost sshd[922]: message repeated 2 times: [ Failed password for root from 43.255.190.185 port 44754 ssh2]
Apr 11 18:54:17 ovzhost sshd[922]: Received disconnect from 43.255.190.185: 11:  [preauth]
Apr 11 18:54:17 ovzhost sshd[922]: PAM 2 more authentication failures; logname= uid=0 euid=0 tty=ssh ruser= rhost=43.255.190.185  user=root
Apr 11 18:54:17 ovzhost sshd[920]: message repeated 2 times: [ Failed password for root from 58.218.213.254 port 52833 ssh2]
Apr 11 18:54:17 ovzhost sshd[920]: Received disconnect from 58.218.213.254: 11:  [preauth]
Apr 11 18:54:17 ovzhost sshd[920]: PAM 2 more authentication failures; logname= uid=0 euid=0 tty=ssh ruser= rhost=58.218.213.254  user=root
Apr 11 18:54:17 ovzhost sshd[926]: pam_unix(sshd:auth): authentication failure; logname= uid=0 euid=0 tty=ssh ruser= rhost=43.255.190.185  user=root
Apr 11 18:54:18 ovzhost sshd[929]: Connection closed by 127.0.0.1 [preauth]
Apr 11 18:54:19 ovzhost sshd[926]: Failed password for root from 43.255.190.185 port 34771 ssh2
Apr 11 18:54:21 ovzhost sshd[931]: pam_unix(sshd:auth): authentication failure; logname= uid=0 euid=0 tty=ssh ruser= rhost=58.218.213.254  user=root
Apr 11 18:54:23 ovzhost sshd[931]: Failed password for root from 58.218.213.254 port 43163 ssh2
Apr 11 18:54:24 ovzhost sshd[926]: message repeated 2 times: [ Failed password for root from 43.255.190.185 port 34771 ssh2]
Apr 11 18:54:24 ovzhost sshd[926]: Received disconnect from 43.255.190.185: 11:  [preauth]
Apr 11 18:54:24 ovzhost sshd[926]: PAM 2 more authentication failures; logname= uid=0 euid=0 tty=ssh ruser= rhost=43.255.190.185  user=root
Apr 11 18:54:25 ovzhost sshd[933]: pam_unix(sshd:auth): authentication failure; logname= uid=0 euid=0 tty=ssh ruser= rhost=43.255.190.185  user=root
Apr 11 18:54:27 ovzhost sshd[935]: pam_unix(sshd:auth): authentication failure; logname= uid=0 euid=0 tty=ssh ruser= rhost=43.255.190.149  user=root
Apr 11 18:54:27 ovzhost sshd[933]: Failed password for root from 43.255.190.185 port 52511 ssh2
Apr 11 18:54:28 ovzhost sshd[931]: message repeated 2 times: [ Failed password for root from 58.218.213.254 port 43163 ssh2]
Apr 11 18:54:28 ovzhost sshd[931]: Received disconnect from 58.218.213.254: 11:  [preauth]
Apr 11 18:54:28 ovzhost sshd[931]: PAM 2 more authentication failures; logname= uid=0 euid=0 tty=ssh ruser= rhost=58.218.213.254  user=root
Apr 11 18:54:28 ovzhost sshd[935]: Failed password for root from 43.255.190.149 port 51492 ssh2
Apr 11 18:54:31 ovzhost sshd[933]: message repeated 2 times: [ Failed password for root from 43.255.190.185 port 52511 ssh2]
Apr 11 18:54:31 ovzhost sshd[933]: Received disconnect from 43.255.190.185: 11:  [preauth]
Apr 11 18:54:31 ovzhost sshd[933]: PAM 2 more authentication failures; logname= uid=0 euid=0 tty=ssh ruser= rhost=43.255.190.185  user=root
Apr 11 18:54:31 ovzhost sshd[939]: pam_unix(sshd:auth): authentication failure; logname= uid=0 euid=0 tty=ssh ruser= rhost=43.255.190.185  user=root
Apr 11 18:54:31 ovzhost sshd[937]: pam_unix(sshd:auth): authentication failure; logname= uid=0 euid=0 tty=ssh ruser= rhost=58.218.213.254  user=root
Apr 11 18:54:31 ovzhost sshd[935]: message repeated 2 times: [ Failed password for root from 43.255.190.149 port 51492 ssh2]
Apr 11 18:54:31 ovzhost sshd[935]: Received disconnect from 43.255.190.149: 11:  [preauth]
Apr 11 18:54:31 ovzhost sshd[935]: PAM 2 more authentication failures; logname= uid=0 euid=0 tty=ssh ruser= rhost=43.255.190.149  user=root
Apr 11 18:54:34 ovzhost sshd[939]: Failed password for root from 43.255.190.185 port 41437 ssh2
Apr 11 18:54:34 ovzhost sshd[937]: Failed password for root from 58.218.213.254 port 36849 ssh2
Apr 11 18:54:34 ovzhost sshd[941]: pam_unix(sshd:auth): authentication failure; logname= uid=0 euid=0 tty=ssh ruser= rhost=43.255.190.149  user=root
Apr 11 18:54:36 ovzhost sshd[941]: Failed password for root from 43.255.190.149 port 59085 ssh2
Apr 11 18:54:38 ovzhost sshd[939]: message repeated 2 times: [ Failed password for root from 43.255.190.185 port 41437 ssh2]
Apr 11 18:54:38 ovzhost sshd[939]: Received disconnect from 43.255.190.185: 11:  [preauth]
Apr 11 18:54:38 ovzhost sshd[939]: PAM 2 more authentication failures; logname= uid=0 euid=0 tty=ssh ruser= rhost=43.255.190.185  user=root
Apr 11 18:54:39 ovzhost sshd[943]: pam_unix(sshd:auth): authentication failure; logname= uid=0 euid=0 tty=ssh ruser= rhost=43.255.190.185  user=root
Apr 11 18:54:39 ovzhost sshd[937]: message repeated 2 times: [ Failed password for root from 58.218.213.254 port 36849 ssh2]
Apr 11 18:54:39 ovzhost sshd[937]: Received disconnect from 58.218.213.254: 11:  [preauth]
Apr 11 18:54:39 ovzhost sshd[937]: PAM 2 more authentication failures; logname= uid=0 euid=0 tty=ssh ruser= rhost=58.218.213.254  user=root
Apr 11 18:54:40 ovzhost sshd[943]: Failed password for root from 43.255.190.185 port 60197 ssh2
Apr 11 18:54:41 ovzhost sshd[945]: pam_unix(sshd:auth): authentication failure; logname= uid=0 euid=0 tty=ssh ruser= rhost=58.218.213.254  user=root
Apr 11 18:54:41 ovzhost sshd[941]: message repeated 2 times: [ Failed password for root from 43.255.190.149 port 59085 ssh2]
Apr 11 18:54:41 ovzhost sshd[941]: Received disconnect from 43.255.190.149: 11:  [preauth]
Apr 11 18:54:41 ovzhost sshd[941]: PAM 2 more authentication failures; logname= uid=0 euid=0 tty=ssh ruser= rhost=43.255.190.149  user=root
Apr 11 18:54:42 ovzhost sshd[947]: pam_unix(sshd:auth): authentication failure; logname= uid=0 euid=0 tty=ssh ruser= rhost=43.255.190.149  user=root
Apr 11 18:54:43 ovzhost sshd[945]: Failed password for root from 58.218.213.254 port 55429 ssh2
Apr 11 18:54:43 ovzhost sshd[943]: message repeated 2 times: [ Failed password for root from 43.255.190.185 port 60197 ssh2]
Apr 11 18:54:43 ovzhost sshd[943]: Received disconnect from 43.255.190.185: 11:  [preauth]
Apr 11 18:54:43 ovzhost sshd[943]: PAM 2 more authentication failures; logname= uid=0 euid=0 tty=ssh ruser= rhost=43.255.190.185  user=root
Apr 11 18:54:44 ovzhost sshd[947]: Failed password for root from 43.255.190.149 port 42949 ssh2
Apr 11 18:54:44 ovzhost sshd[949]: pam_unix(sshd:auth): authentication failure; logname= uid=0 euid=0 tty=ssh ruser= rhost=43.255.190.185  user=root
Apr 11 18:54:47 ovzhost sshd[949]: Failed password for root from 43.255.190.185 port 46130 ssh2
Apr 11 18:54:48 ovzhost sshd[945]: message repeated 2 times: [ Failed password for root from 58.218.213.254 port 55429 ssh2]
Apr 11 18:54:48 ovzhost sshd[945]: Received disconnect from 58.218.213.254: 11:  [preauth]
Apr 11 18:54:48 ovzhost sshd[945]: PAM 2 more authentication failures; logname= uid=0 euid=0 tty=ssh ruser= rhost=58.218.213.254  user=root
Apr 11 18:54:49 ovzhost sshd[947]: message repeated 2 times: [ Failed password for root from 43.255.190.149 port 42949 ssh2]
Apr 11 18:54:49 ovzhost sshd[947]: Received disconnect from 43.255.190.149: 11:  [preauth]
Apr 11 18:54:49 ovzhost sshd[947]: PAM 2 more authentication failures; logname= uid=0 euid=0 tty=ssh ruser= rhost=43.255.190.149  user=root
Apr 11 18:54:50 ovzhost sshd[951]: pam_unix(sshd:auth): authentication failure; logname= uid=0 euid=0 tty=ssh ruser= rhost=58.218.213.254  user=root
Apr 11 18:54:51 ovzhost sshd[949]: message repeated 2 times: [ Failed password for root from 43.255.190.185 port 46130 ssh2]
Apr 11 18:54:51 ovzhost sshd[949]: Received disconnect from 43.255.190.185: 11:  [preauth]
Apr 11 18:54:51 ovzhost sshd[949]: PAM 2 more authentication failures; logname= uid=0 euid=0 tty=ssh ruser= rhost=43.255.190.185  user=root
Apr 11 18:54:52 ovzhost sshd[951]: Failed password for root from 58.218.213.254 port 45468 ssh2
Apr 11 18:54:52 ovzhost sshd[955]: pam_unix(sshd:auth): authentication failure; logname= uid=0 euid=0 tty=ssh ruser= rhost=43.255.190.185  user=root
Apr 11 18:54:52 ovzhost sshd[953]: pam_unix(sshd:auth): authentication failure; logname= uid=0 euid=0 tty=ssh ruser= rhost=43.255.190.149  user=root
Apr 11 18:54:54 ovzhost sshd[955]: Failed password for root from 43.255.190.185 port 36970 ssh2
Apr 11 18:54:54 ovzhost sshd[953]: Failed password for root from 43.255.190.149 port 52791 ssh2
Apr 11 18:54:56 ovzhost sshd[951]: message repeated 2 times: [ Failed password for root from 58.218.213.254 port 45468 ssh2]
Apr 11 18:54:56 ovzhost sshd[951]: Received disconnect from 58.218.213.254: 11:  [preauth]
Apr 11 18:54:56 ovzhost sshd[951]: PAM 2 more authentication failures; logname= uid=0 euid=0 tty=ssh ruser= rhost=58.218.213.254  user=root
Apr 11 18:54:58 ovzhost sshd[957]: pam_unix(sshd:auth): authentication failure; logname= uid=0 euid=0 tty=ssh ruser= rhost=58.218.213.254  user=root
Apr 11 18:54:58 ovzhost sshd[955]: message repeated 2 times: [ Failed password for root from 43.255.190.185 port 36970 ssh2]
Apr 11 18:54:58 ovzhost sshd[955]: Received disconnect from 43.255.190.185: 11:  [preauth]
Apr 11 18:54:58 ovzhost sshd[955]: PAM 2 more authentication failures; logname= uid=0 euid=0 tty=ssh ruser= rhost=43.255.190.185  user=root
Apr 11 18:54:59 ovzhost sshd[959]: pam_unix(sshd:auth): authentication failure; logname= uid=0 euid=0 tty=ssh ruser= rhost=43.255.190.185  user=root
Apr 11 18:54:59 ovzhost sshd[953]: message repeated 2 times: [ Failed password for root from 43.255.190.149 port 52791 ssh2]
Apr 11 18:54:59 ovzhost sshd[953]: Received disconnect from 43.255.190.149: 11:  [preauth]
Apr 11 18:54:59 ovzhost sshd[953]: PAM 2 more authentication failures; logname= uid=0 euid=0 tty=ssh ruser= rhost=43.255.190.149  user=root
Apr 11 18:55:00 ovzhost sshd[961]: pam_unix(sshd:auth): authentication failure; logname= uid=0 euid=0 tty=ssh ruser= rhost=43.255.190.149  user=root
Apr 11 18:55:00 ovzhost sshd[957]: Failed password for root from 58.218.213.254 port 34851 ssh2
Apr 11 18:55:01 ovzhost sshd[959]: Failed password for root from 43.255.190.185 port 54764 ssh2
Apr 11 18:55:02 ovzhost sshd[961]: Failed password for root from 43.255.190.149 port 38167 ssh2
Apr 11 18:55:04 ovzhost sshd[957]: message repeated 2 times: [ Failed password for root from 58.218.213.254 port 34851 ssh2]
Apr 11 18:55:04 ovzhost sshd[957]: Received disconnect from 58.218.213.254: 11:  [preauth]
Apr 11 18:55:04 ovzhost sshd[957]: PAM 2 more authentication failures; logname= uid=0 euid=0 tty=ssh ruser= rhost=58.218.213.254  user=root
Apr 11 18:55:04 ovzhost sshd[959]: message repeated 2 times: [ Failed password for root from 43.255.190.185 port 54764 ssh2]
Apr 11 18:55:04 ovzhost sshd[959]: Received disconnect from 43.255.190.185: 11:  [preauth]
Apr 11 18:55:04 ovzhost sshd[959]: PAM 2 more authentication failures; logname= uid=0 euid=0 tty=ssh ruser= rhost=43.255.190.185  user=root
Apr 11 18:55:05 ovzhost sshd[965]: pam_unix(sshd:auth): authentication failure; logname= uid=0 euid=0 tty=ssh ruser= rhost=43.255.190.185  user=root
Apr 11 18:55:06 ovzhost sshd[961]: message repeated 2 times: [ Failed password for root from 43.255.190.149 port 38167 ssh2]
Apr 11 18:55:06 ovzhost sshd[961]: Received disconnect from 43.255.190.149: 11:  [preauth]
Apr 11 18:55:06 ovzhost sshd[961]: PAM 2 more authentication failures; logname= uid=0 euid=0 tty=ssh ruser= rhost=43.255.190.149  user=root
Apr 11 18:55:06 ovzhost sshd[965]: Failed password for root from 43.255.190.185 port 42629 ssh2
Apr 11 18:55:08 ovzhost sshd[963]: pam_unix(sshd:auth): authentication failure; logname= uid=0 euid=0 tty=ssh ruser= rhost=58.218.213.254  user=root
Apr 11 18:55:10 ovzhost sshd[963]: Failed password for root from 58.218.213.254 port 50646 ssh2
Apr 11 18:55:11 ovzhost sshd[965]: message repeated 2 times: [ Failed password for root from 43.255.190.185 port 42629 ssh2]
Apr 11 18:55:11 ovzhost sshd[965]: Received disconnect from 43.255.190.185: 11:  [preauth]
Apr 11 18:55:11 ovzhost sshd[965]: PAM 2 more authentication failures; logname= uid=0 euid=0 tty=ssh ruser= rhost=43.255.190.185  user=root
Apr 11 18:55:11 ovzhost sshd[969]: pam_unix(sshd:auth): authentication failure; logname= uid=0 euid=0 tty=ssh ruser= rhost=43.255.190.185  user=root
Apr 11 18:55:11 ovzhost sshd[967]: pam_unix(sshd:auth): authentication failure; logname= uid=0 euid=0 tty=ssh ruser= rhost=43.255.190.149  user=root
Apr 11 18:55:13 ovzhost sshd[969]: Failed password for root from 43.255.190.185 port 58884 ssh2
Apr 11 18:55:13 ovzhost sshd[967]: Failed password for root from 43.255.190.149 port 47862 ssh2
Apr 11 18:55:14 ovzhost sshd[963]: message repeated 2 times: [ Failed password for root from 58.218.213.254 port 50646 ssh2]
Apr 11 18:55:14 ovzhost sshd[963]: Received disconnect from 58.218.213.254: 11:  [preauth]
Apr 11 18:55:14 ovzhost sshd[963]: PAM 2 more authentication failures; logname= uid=0 euid=0 tty=ssh ruser= rhost=58.218.213.254  user=root
Apr 11 18:55:16 ovzhost sshd[972]: pam_unix(sshd:auth): authentication failure; logname= uid=0 euid=0 tty=ssh ruser= rhost=58.218.213.254  user=root
Apr 11 18:55:17 ovzhost sshd[972]: Failed password for root from 58.218.213.254 port 41810 ssh2
Apr 11 18:55:17 ovzhost sshd[969]: message repeated 2 times: [ Failed password for root from 43.255.190.185 port 58884 ssh2]
Apr 11 18:55:17 ovzhost sshd[969]: Received disconnect from 43.255.190.185: 11:  [preauth]
Apr 11 18:55:17 ovzhost sshd[969]: PAM 2 more authentication failures; logname= uid=0 euid=0 tty=ssh ruser= rhost=43.255.190.185  user=root
Apr 11 18:55:18 ovzhost sshd[967]: message repeated 2 times: [ Failed password for root from 43.255.190.149 port 47862 ssh2]
Apr 11 18:55:18 ovzhost sshd[967]: Received disconnect from 43.255.190.149: 11:  [preauth]
Apr 11 18:55:18 ovzhost sshd[967]: PAM 2 more authentication failures; logname= uid=0 euid=0 tty=ssh ruser= rhost=43.255.190.149  user=root
Apr 11 18:55:18 ovzhost sshd[974]: pam_unix(sshd:auth): authentication failure; logname= uid=0 euid=0 tty=ssh ruser= rhost=43.255.190.185  user=root
Apr 11 18:55:19 ovzhost sshd[976]: pam_unix(sshd:auth): authentication failure; logname= uid=0 euid=0 tty=ssh ruser= rhost=43.255.190.149  user=root
Apr 11 18:55:21 ovzhost sshd[974]: Failed password for root from 43.255.190.185 port 48693 ssh2
Apr 11 18:55:21 ovzhost sshd[976]: Failed password for root from 43.255.190.149 port 34667 ssh2
Apr 11 18:55:23 ovzhost sshd[972]: message repeated 2 times: [ Failed password for root from 58.218.213.254 port 41810 ssh2]
Apr 11 18:55:23 ovzhost sshd[972]: Received disconnect from 58.218.213.254: 11:  [preauth]
Apr 11 18:55:23 ovzhost sshd[972]: PAM 2 more authentication failures; logname= uid=0 euid=0 tty=ssh ruser= rhost=58.218.213.254  user=root
Apr 11 18:55:25 ovzhost sshd[974]: message repeated 2 times: [ Failed password for root from 43.255.190.185 port 48693 ssh2]
Apr 11 18:55:25 ovzhost sshd[974]: Received disconnect from 43.255.190.185: 11:  [preauth]
Apr 11 18:55:25 ovzhost sshd[974]: PAM 2 more authentication failures; logname= uid=0 euid=0 tty=ssh ruser= rhost=43.255.190.185  user=root
Apr 11 18:55:25 ovzhost sshd[976]: message repeated 2 times: [ Failed password for root from 43.255.190.149 port 34667 ssh2]
Apr 11 18:55:25 ovzhost sshd[976]: Received disconnect from 43.255.190.149: 11:  [preauth]
Apr 11 18:55:25 ovzhost sshd[976]: PAM 2 more authentication failures; logname= uid=0 euid=0 tty=ssh ruser= rhost=43.255.190.149  user=root
Apr 11 18:55:25 ovzhost sshd[980]: pam_unix(sshd:auth): authentication failure; logname= uid=0 euid=0 tty=ssh ruser= rhost=43.255.190.185  user=root
Apr 11 18:55:26 ovzhost sshd[978]: pam_unix(sshd:auth): authentication failure; logname= uid=0 euid=0 tty=ssh ruser= rhost=58.218.213.254  user=root
Apr 11 18:55:28 ovzhost sshd[980]: Failed password for root from 43.255.190.185 port 39078 ssh2
Apr 11 18:55:28 ovzhost sshd[978]: Failed password for root from 58.218.213.254 port 60077 ssh2
Apr 11 18:55:29 ovzhost sshd[982]: pam_unix(sshd:auth): authentication failure; logname= uid=0 euid=0 tty=ssh ruser= rhost=43.255.190.149  user=root
Apr 11 18:55:30 ovzhost sshd[982]: Failed password for root from 43.255.190.149 port 44177 ssh2
Apr 11 18:55:30 ovzhost sshd[980]: message repeated 2 times: [ Failed password for root from 43.255.190.185 port 39078 ssh2]
Apr 11 18:55:30 ovzhost sshd[980]: Received disconnect from 43.255.190.185: 11:  [preauth]
Apr 11 18:55:30 ovzhost sshd[980]: PAM 2 more authentication failures; logname= uid=0 euid=0 tty=ssh ruser= rhost=43.255.190.185  user=root
Apr 11 18:55:31 ovzhost sshd[984]: pam_unix(sshd:auth): authentication failure; logname= uid=0 euid=0 tty=ssh ruser= rhost=43.255.190.185  user=root
Apr 11 18:55:33 ovzhost sshd[978]: message repeated 2 times: [ Failed password for root from 58.218.213.254 port 60077 ssh2]
Apr 11 18:55:33 ovzhost sshd[978]: Received disconnect from 58.218.213.254: 11:  [preauth]
Apr 11 18:55:33 ovzhost sshd[978]: PAM 2 more authentication failures; logname= uid=0 euid=0 tty=ssh ruser= rhost=58.218.213.254  user=root
Apr 11 18:55:33 ovzhost sshd[984]: Failed password for root from 43.255.190.185 port 54199 ssh2
Apr 11 18:55:35 ovzhost sshd[982]: message repeated 2 times: [ Failed password for root from 43.255.190.149 port 44177 ssh2]
Apr 11 18:55:35 ovzhost sshd[982]: Received disconnect from 43.255.190.149: 11:  [preauth]
Apr 11 18:55:35 ovzhost sshd[982]: PAM 2 more authentication failures; logname= uid=0 euid=0 tty=ssh ruser= rhost=43.255.190.149  user=root
Apr 11 18:55:36 ovzhost sshd[988]: pam_unix(sshd:auth): authentication failure; logname= uid=0 euid=0 tty=ssh ruser= rhost=43.255.190.149  user=root
Apr 11 18:55:36 ovzhost sshd[986]: pam_unix(sshd:auth): authentication failure; logname= uid=0 euid=0 tty=ssh ruser= rhost=58.218.213.254  user=root
Apr 11 18:55:37 ovzhost sshd[984]: message repeated 2 times: [ Failed password for root from 43.255.190.185 port 54199 ssh2]
Apr 11 18:55:37 ovzhost sshd[984]: Received disconnect from 43.255.190.185: 11:  [preauth]
Apr 11 18:55:37 ovzhost sshd[984]: PAM 2 more authentication failures; logname= uid=0 euid=0 tty=ssh ruser= rhost=43.255.190.185  user=root
Apr 11 18:55:37 ovzhost sshd[988]: Failed password for root from 43.255.190.149 port 57371 ssh2
Apr 11 18:55:37 ovzhost sshd[986]: Failed password for root from 58.218.213.254 port 47974 ssh2
Apr 11 18:55:38 ovzhost sshd[990]: pam_unix(sshd:auth): authentication failure; logname= uid=0 euid=0 tty=ssh ruser= rhost=43.255.190.185  user=root
Apr 11 18:55:40 ovzhost sshd[990]: Failed password for root from 43.255.190.185 port 43094 ssh2
Apr 11 18:55:41 ovzhost sshd[988]: message repeated 2 times: [ Failed password for root from 43.255.190.149 port 57371 ssh2]
Apr 11 18:55:41 ovzhost sshd[988]: Received disconnect from 43.255.190.149: 11:  [preauth]
Apr 11 18:55:41 ovzhost sshd[988]: PAM 2 more authentication failures; logname= uid=0 euid=0 tty=ssh ruser= rhost=43.255.190.149  user=root
Apr 11 18:55:41 ovzhost sshd[986]: message repeated 2 times: [ Failed password for root from 58.218.213.254 port 47974 ssh2]
Apr 11 18:55:42 ovzhost sshd[986]: Received disconnect from 58.218.213.254: 11:  [preauth]
Apr 11 18:55:42 ovzhost sshd[986]: PAM 2 more authentication failures; logname= uid=0 euid=0 tty=ssh ruser= rhost=58.218.213.254  user=root
Apr 11 18:55:43 ovzhost sshd[990]: message repeated 2 times: [ Failed password for root from 43.255.190.185 port 43094 ssh2]
Apr 11 18:55:43 ovzhost sshd[990]: Received disconnect from 43.255.190.185: 11:  [preauth]
Apr 11 18:55:43 ovzhost sshd[990]: PAM 2 more authentication failures; logname= uid=0 euid=0 tty=ssh ruser= rhost=43.255.190.185  user=root
Apr 11 18:55:44 ovzhost sshd[992]: pam_unix(sshd:auth): authentication failure; logname= uid=0 euid=0 tty=ssh ruser= rhost=43.255.190.149  user=root
Apr 11 18:55:44 ovzhost sshd[996]: pam_unix(sshd:auth): authentication failure; logname= uid=0 euid=0 tty=ssh ruser= rhost=43.255.190.185  user=root
Apr 11 18:55:45 ovzhost sshd[994]: pam_unix(sshd:auth): authentication failure; logname= uid=0 euid=0 tty=ssh ruser= rhost=58.218.213.254  user=root
Apr 11 18:55:47 ovzhost sshd[992]: Failed password for root from 43.255.190.149 port 37564 ssh2
Apr 11 18:55:47 ovzhost sshd[996]: Failed password for root from 43.255.190.185 port 59360 ssh2
Apr 11 18:55:47 ovzhost sshd[994]: Failed password for root from 58.218.213.254 port 38423 ssh2
Apr 11 18:55:50 ovzhost sshd[992]: message repeated 2 times: [ Failed password for root from 43.255.190.149 port 37564 ssh2]
Apr 11 18:55:50 ovzhost sshd[992]: Received disconnect from 43.255.190.149: 11:  [preauth]
Apr 11 18:55:50 ovzhost sshd[992]: PAM 2 more authentication failures; logname= uid=0 euid=0 tty=ssh ruser= rhost=43.255.190.149  user=root
Apr 11 18:55:50 ovzhost sshd[996]: message repeated 2 times: [ Failed password for root from 43.255.190.185 port 59360 ssh2]
Apr 11 18:55:50 ovzhost sshd[996]: Received disconnect from 43.255.190.185: 11:  [preauth]
Apr 11 18:55:50 ovzhost sshd[996]: PAM 2 more authentication failures; logname= uid=0 euid=0 tty=ssh ruser= rhost=43.255.190.185  user=root
Apr 11 18:55:51 ovzhost sshd[1000]: pam_unix(sshd:auth): authentication failure; logname= uid=0 euid=0 tty=ssh ruser= rhost=43.255.190.185  user=root
Apr 11 18:55:51 ovzhost sshd[998]: pam_unix(sshd:auth): authentication failure; logname= uid=0 euid=0 tty=ssh ruser= rhost=43.255.190.149  user=root
Apr 11 18:55:52 ovzhost sshd[994]: message repeated 2 times: [ Failed password for root from 58.218.213.254 port 38423 ssh2]
Apr 11 18:55:52 ovzhost sshd[994]: Received disconnect from 58.218.213.254: 11:  [preauth]
Apr 11 18:55:52 ovzhost sshd[994]: PAM 2 more authentication failures; logname= uid=0 euid=0 tty=ssh ruser= rhost=58.218.213.254  user=root
Apr 11 18:55:53 ovzhost sshd[1000]: Failed password for root from 43.255.190.185 port 47982 ssh2
Apr 11 18:55:53 ovzhost sshd[998]: Failed password for root from 43.255.190.149 port 48845 ssh2
Apr 11 18:55:54 ovzhost sshd[1002]: pam_unix(sshd:auth): authentication failure; logname= uid=0 euid=0 tty=ssh ruser= rhost=58.218.213.254  user=root
Apr 11 18:55:56 ovzhost sshd[1002]: Failed password for root from 58.218.213.254 port 55376 ssh2
Apr 11 18:55:57 ovzhost sshd[1000]: message repeated 2 times: [ Failed password for root from 43.255.190.185 port 47982 ssh2]
Apr 11 18:55:57 ovzhost sshd[1000]: Received disconnect from 43.255.190.185: 11:  [preauth]
Apr 11 18:55:57 ovzhost sshd[1000]: PAM 2 more authentication failures; logname= uid=0 euid=0 tty=ssh ruser= rhost=43.255.190.185  user=root
Apr 11 18:55:58 ovzhost sshd[998]: message repeated 2 times: [ Failed password for root from 43.255.190.149 port 48845 ssh2]
Apr 11 18:55:58 ovzhost sshd[998]: Received disconnect from 43.255.190.149: 11:  [preauth]
Apr 11 18:55:58 ovzhost sshd[998]: PAM 2 more authentication failures; logname= uid=0 euid=0 tty=ssh ruser= rhost=43.255.190.149  user=root
Apr 11 18:55:58 ovzhost sshd[1004]: pam_unix(sshd:auth): authentication failure; logname= uid=0 euid=0 tty=ssh ruser= rhost=43.255.190.185  user=root
Apr 11 18:55:58 ovzhost sshd[1006]: pam_unix(sshd:auth): authentication failure; logname= uid=0 euid=0 tty=ssh ruser= rhost=43.255.190.149  user=root
Apr 11 18:56:00 ovzhost sshd[1004]: Failed password for root from 43.255.190.185 port 37237 ssh2
Apr 11 18:56:00 ovzhost sshd[1006]: Failed password for root from 43.255.190.149 port 58504 ssh2
Apr 11 18:56:01 ovzhost sshd[1002]: message repeated 2 times: [ Failed password for root from 58.218.213.254 port 55376 ssh2]
Apr 11 18:56:01 ovzhost sshd[1002]: Received disconnect from 58.218.213.254: 11:  [preauth]
Apr 11 18:56:01 ovzhost sshd[1002]: PAM 2 more authentication failures; logname= uid=0 euid=0 tty=ssh ruser= rhost=58.218.213.254  user=root
Apr 11 18:56:03 ovzhost sshd[1004]: message repeated 2 times: [ Failed password for root from 43.255.190.185 port 37237 ssh2]
Apr 11 18:56:03 ovzhost sshd[1004]: Received disconnect from 43.255.190.185: 11:  [preauth]
Apr 11 18:56:03 ovzhost sshd[1004]: PAM 2 more authentication failures; logname= uid=0 euid=0 tty=ssh ruser= rhost=43.255.190.185  user=root
Apr 11 18:56:04 ovzhost sshd[1008]: pam_unix(sshd:auth): authentication failure; logname= uid=0 euid=0 tty=ssh ruser= rhost=58.218.213.254  user=root
Apr 11 18:56:04 ovzhost sshd[1006]: message repeated 2 times: [ Failed password for root from 43.255.190.149 port 58504 ssh2]
Apr 11 18:56:04 ovzhost sshd[1006]: Received disconnect from 43.255.190.149: 11:  [preauth]
Apr 11 18:56:04 ovzhost sshd[1006]: PAM 2 more authentication failures; logname= uid=0 euid=0 tty=ssh ruser= rhost=43.255.190.149  user=root
Apr 11 18:56:04 ovzhost sshd[1010]: pam_unix(sshd:auth): authentication failure; logname= uid=0 euid=0 tty=ssh ruser= rhost=43.255.190.185  user=root
Apr 11 18:56:05 ovzhost sshd[1012]: pam_unix(sshd:auth): authentication failure; logname= uid=0 euid=0 tty=ssh ruser= rhost=43.255.190.149  user=root
Apr 11 18:56:05 ovzhost sshd[1008]: Failed password for root from 58.218.213.254 port 43896 ssh2
Apr 11 18:56:05 ovzhost sshd[1010]: Failed password for root from 43.255.190.185 port 53345 ssh2
Apr 11 18:56:07 ovzhost sshd[1012]: Failed password for root from 43.255.190.149 port 39086 ssh2
Apr 11 18:56:10 ovzhost sshd[1010]: message repeated 2 times: [ Failed password for root from 43.255.190.185 port 53345 ssh2]
Apr 11 18:56:10 ovzhost sshd[1010]: Received disconnect from 43.255.190.185: 11:  [preauth]
Apr 11 18:56:10 ovzhost sshd[1010]: PAM 2 more authentication failures; logname= uid=0 euid=0 tty=ssh ruser= rhost=43.255.190.185  user=root
Apr 11 18:56:10 ovzhost sshd[1008]: message repeated 2 times: [ Failed password for root from 58.218.213.254 port 43896 ssh2]
Apr 11 18:56:10 ovzhost sshd[1008]: Received disconnect from 58.218.213.254: 11:  [preauth]
Apr 11 18:56:10 ovzhost sshd[1008]: PAM 2 more authentication failures; logname= uid=0 euid=0 tty=ssh ruser= rhost=58.218.213.254  user=root
Apr 11 18:56:11 ovzhost sshd[1016]: pam_unix(sshd:auth): authentication failure; logname= uid=0 euid=0 tty=ssh ruser= rhost=43.255.190.185  user=root
Apr 11 18:56:12 ovzhost sshd[1012]: message repeated 2 times: [ Failed password for root from 43.255.190.149 port 39086 ssh2]
Apr 11 18:56:12 ovzhost sshd[1012]: Received disconnect from 43.255.190.149: 11:  [preauth]
Apr 11 18:56:12 ovzhost sshd[1012]: PAM 2 more authentication failures; logname= uid=0 euid=0 tty=ssh ruser= rhost=43.255.190.149  user=root
Apr 11 18:56:12 ovzhost sshd[1016]: Failed password for root from 43.255.190.185 port 41388 ssh2
Apr 11 18:56:13 ovzhost sshd[1018]: pam_unix(sshd:auth): authentication failure; logname= uid=0 euid=0 tty=ssh ruser= rhost=58.218.213.254  user=root
Apr 11 18:56:14 ovzhost sshd[1020]: pam_unix(sshd:auth): authentication failure; logname= uid=0 euid=0 tty=ssh ruser= rhost=43.255.190.149  user=root
Apr 11 18:56:15 ovzhost sshd[1018]: Failed password for root from 58.218.213.254 port 60310 ssh2
Apr 11 18:56:16 ovzhost sshd[1020]: Failed password for root from 43.255.190.149 port 49605 ssh2
Apr 11 18:56:16 ovzhost sshd[1016]: message repeated 2 times: [ Failed password for root from 43.255.190.185 port 41388 ssh2]
Apr 11 18:56:16 ovzhost sshd[1016]: Received disconnect from 43.255.190.185: 11:  [preauth]
Apr 11 18:56:16 ovzhost sshd[1016]: PAM 2 more authentication failures; logname= uid=0 euid=0 tty=ssh ruser= rhost=43.255.190.185  user=root
Apr 11 18:56:17 ovzhost sshd[1022]: pam_unix(sshd:auth): authentication failure; logname= uid=0 euid=0 tty=ssh ruser= rhost=43.255.190.185  user=root
Apr 11 18:56:19 ovzhost sshd[1022]: Failed password for root from 43.255.190.185 port 57701 ssh2
Apr 11 18:56:19 ovzhost sshd[1020]: message repeated 2 times: [ Failed password for root from 43.255.190.149 port 49605 ssh2]
Apr 11 18:56:20 ovzhost sshd[1020]: Received disconnect from 43.255.190.149: 11:  [preauth]
Apr 11 18:56:20 ovzhost sshd[1020]: PAM 2 more authentication failures; logname= uid=0 euid=0 tty=ssh ruser= rhost=43.255.190.149  user=root
Apr 11 18:56:19 ovzhost sshd[1018]: message repeated 2 times: [ Failed password for root from 58.218.213.254 port 60310 ssh2]
Apr 11 18:56:21 ovzhost sshd[1018]: Received disconnect from 58.218.213.254: 11:  [preauth]
Apr 11 18:56:21 ovzhost sshd[1018]: PAM 2 more authentication failures; logname= uid=0 euid=0 tty=ssh ruser= rhost=58.218.213.254  user=root
Apr 11 18:56:21 ovzhost sshd[1024]: pam_unix(sshd:auth): authentication failure; logname= uid=0 euid=0 tty=ssh ruser= rhost=43.255.190.149  user=root
Apr 11 18:56:23 ovzhost sshd[1026]: pam_unix(sshd:auth): authentication failure; logname= uid=0 euid=0 tty=ssh ruser= rhost=58.218.213.254  user=root
Apr 11 18:56:23 ovzhost sshd[1024]: Failed password for root from 43.255.190.149 port 58962 ssh2
Apr 11 18:56:23 ovzhost sshd[1022]: message repeated 2 times: [ Failed password for root from 43.255.190.185 port 57701 ssh2]
Apr 11 18:56:23 ovzhost sshd[1022]: Received disconnect from 43.255.190.185: 11:  [preauth]
Apr 11 18:56:23 ovzhost sshd[1022]: PAM 2 more authentication failures; logname= uid=0 euid=0 tty=ssh ruser= rhost=43.255.190.185  user=root
Apr 11 18:56:24 ovzhost sshd[1026]: Failed password for root from 58.218.213.254 port 50003 ssh2
Apr 11 18:56:24 ovzhost sshd[1028]: pam_unix(sshd:auth): authentication failure; logname= uid=0 euid=0 tty=ssh ruser= rhost=43.255.190.185  user=root
Apr 11 18:56:26 ovzhost sshd[1028]: Failed password for root from 43.255.190.185 port 48921 ssh2
Apr 11 18:56:27 ovzhost sshd[1030]: pam_unix(sshd:auth): authentication failure; logname= uid=0 euid=0 tty=ssh ruser= rhost=43.255.190.149  user=root
Apr 11 18:56:26 ovzhost sshd[1024]: message repeated 2 times: [ Failed password for root from 43.255.190.149 port 58962 ssh2]
Apr 11 18:56:29 ovzhost sshd[1024]: Received disconnect from 43.255.190.149: 11:  [preauth]
Apr 11 18:56:29 ovzhost sshd[1024]: PAM 2 more authentication failures; logname= uid=0 euid=0 tty=ssh ruser= rhost=43.255.190.149  user=root
Apr 11 18:56:29 ovzhost sshd[1030]: Failed password for root from 43.255.190.149 port 40970 ssh2
Apr 11 18:56:29 ovzhost sshd[1026]: message repeated 2 times: [ Failed password for root from 58.218.213.254 port 50003 ssh2]
Apr 11 18:56:30 ovzhost sshd[1026]: Received disconnect from 58.218.213.254: 11:  [preauth]
Apr 11 18:56:30 ovzhost sshd[1026]: PAM 2 more authentication failures; logname= uid=0 euid=0 tty=ssh ruser= rhost=58.218.213.254  user=root
Apr 11 18:56:30 ovzhost sshd[1028]: message repeated 2 times: [ Failed password for root from 43.255.190.185 port 48921 ssh2]
Apr 11 18:56:30 ovzhost sshd[1028]: Received disconnect from 43.255.190.185: 11:  [preauth]
Apr 11 18:56:30 ovzhost sshd[1028]: PAM 2 more authentication failures; logname= uid=0 euid=0 tty=ssh ruser= rhost=43.255.190.185  user=root
Apr 11 18:56:31 ovzhost sshd[1036]: pam_unix(sshd:auth): authentication failure; logname= uid=0 euid=0 tty=ssh ruser= rhost=43.255.190.185  user=root
Apr 11 18:56:31 ovzhost sshd[1034]: Invalid user OPERATOR from 80.242.123.130
Apr 11 18:56:31 ovzhost sshd[1034]: input_userauth_request: invalid user OPERATOR [preauth]
Apr 11 18:56:31 ovzhost sshd[1034]: pam_unix(sshd:auth): check pass; user unknown
Apr 11 18:56:31 ovzhost sshd[1034]: pam_unix(sshd:auth): authentication failure; logname= uid=0 euid=0 tty=ssh ruser= rhost=130-123-242-80.pppoe.dyn.broadband.blic.net 
Apr 11 18:56:31 ovzhost sshd[1032]: pam_unix(sshd:auth): authentication failure; logname= uid=0 euid=0 tty=ssh ruser= rhost=58.218.213.254  user=root
Apr 11 18:56:33 ovzhost sshd[1036]: Failed password for root from 43.255.190.185 port 37845 ssh2
Apr 11 18:56:33 ovzhost sshd[1034]: Failed password for invalid user OPERATOR from 80.242.123.130 port 56126 ssh2
Apr 11 18:56:33 ovzhost sshd[1034]: Received disconnect from 80.242.123.130: 11: Bye Bye [preauth]
Apr 11 18:56:34 ovzhost sshd[1032]: Failed password for root from 58.218.213.254 port 37485 ssh2
Apr 11 18:56:34 ovzhost sshd[1030]: message repeated 2 times: [ Failed password for root from 43.255.190.149 port 40970 ssh2]
Apr 11 18:56:34 ovzhost sshd[1030]: Received disconnect from 43.255.190.149: 11:  [preauth]
Apr 11 18:56:34 ovzhost sshd[1030]: PAM 2 more authentication failures; logname= uid=0 euid=0 tty=ssh ruser= rhost=43.255.190.149  user=root
Apr 11 18:56:37 ovzhost sshd[1036]: message repeated 2 times: [ Failed password for root from 43.255.190.185 port 37845 ssh2]
Apr 11 18:56:37 ovzhost sshd[1036]: Received disconnect from 43.255.190.185: 11:  [preauth]
Apr 11 18:56:37 ovzhost sshd[1036]: PAM 2 more authentication failures; logname= uid=0 euid=0 tty=ssh ruser= rhost=43.255.190.185  user=root
Apr 11 18:56:37 ovzhost sshd[1039]: pam_unix(sshd:auth): authentication failure; logname= uid=0 euid=0 tty=ssh ruser= rhost=43.255.190.185  user=root
Apr 11 18:56:39 ovzhost sshd[1039]: Failed password for root from 43.255.190.185 port 55432 ssh2
Apr 11 18:56:42 ovzhost sshd[1032]: message repeated 2 times: [ Failed password for root from 58.218.213.254 port 37485 ssh2]
Apr 11 18:56:42 ovzhost sshd[1032]: Received disconnect from 58.218.213.254: 11:  [preauth]
Apr 11 18:56:42 ovzhost sshd[1032]: PAM 2 more authentication failures; logname= uid=0 euid=0 tty=ssh ruser= rhost=58.218.213.254  user=root
Apr 11 18:56:43 ovzhost sshd[1039]: message repeated 2 times: [ Failed password for root from 43.255.190.185 port 55432 ssh2]
Apr 11 18:56:43 ovzhost sshd[1039]: Received disconnect from 43.255.190.185: 11:  [preauth]
Apr 11 18:56:43 ovzhost sshd[1039]: PAM 2 more authentication failures; logname= uid=0 euid=0 tty=ssh ruser= rhost=43.255.190.185  user=root
Apr 11 18:56:43 ovzhost sshd[1038]: pam_unix(sshd:auth): authentication failure; logname= uid=0 euid=0 tty=ssh ruser= rhost=43.255.190.149  user=root
Apr 11 18:56:43 ovzhost sshd[1046]: pam_unix(sshd:auth): authentication failure; logname= uid=0 euid=0 tty=ssh ruser= rhost=43.255.190.185  user=root
Apr 11 18:56:44 ovzhost sshd[1044]: pam_unix(sshd:auth): authentication failure; logname= uid=0 euid=0 tty=ssh ruser= rhost=58.218.213.254  user=root
Apr 11 18:56:45 ovzhost sshd[1038]: Failed password for root from 43.255.190.149 port 49962 ssh2
Apr 11 18:56:46 ovzhost sshd[1046]: Failed password for root from 43.255.190.185 port 43574 ssh2
Apr 11 18:56:46 ovzhost sshd[1044]: Failed password for root from 58.218.213.254 port 58626 ssh2
Apr 11 18:56:49 ovzhost sshd[1046]: message repeated 2 times: [ Failed password for root from 43.255.190.185 port 43574 ssh2]
Apr 11 18:56:49 ovzhost sshd[1046]: Received disconnect from 43.255.190.185: 11:  [preauth]
Apr 11 18:56:49 ovzhost sshd[1046]: PAM 2 more authentication failures; logname= uid=0 euid=0 tty=ssh ruser= rhost=43.255.190.185  user=root
Apr 11 18:56:49 ovzhost sshd[1048]: pam_unix(sshd:auth): authentication failure; logname= uid=0 euid=0 tty=ssh ruser= rhost=43.255.190.185  user=root
Apr 11 18:56:50 ovzhost sshd[1038]: message repeated 2 times: [ Failed password for root from 43.255.190.149 port 49962 ssh2]
Apr 11 18:56:50 ovzhost sshd[1038]: Received disconnect from 43.255.190.149: 11:  [preauth]
Apr 11 18:56:50 ovzhost sshd[1038]: PAM 2 more authentication failures; logname= uid=0 euid=0 tty=ssh ruser= rhost=43.255.190.149  user=root
Apr 11 18:56:50 ovzhost sshd[1044]: message repeated 2 times: [ Failed password for root from 58.218.213.254 port 58626 ssh2]
Apr 11 18:56:50 ovzhost sshd[1044]: Received disconnect from 58.218.213.254: 11:  [preauth]
Apr 11 18:56:50 ovzhost sshd[1044]: PAM 2 more authentication failures; logname= uid=0 euid=0 tty=ssh ruser= rhost=58.218.213.254  user=root
Apr 11 18:56:51 ovzhost sshd[1048]: Failed password for root from 43.255.190.185 port 58625 ssh2
Apr 11 18:56:54 ovzhost sshd[1050]: pam_unix(sshd:auth): authentication failure; logname= uid=0 euid=0 tty=ssh ruser= rhost=58.218.213.254  user=root
Apr 11 18:56:56 ovzhost sshd[1048]: message repeated 2 times: [ Failed password for root from 43.255.190.185 port 58625 ssh2]
Apr 11 18:56:56 ovzhost sshd[1048]: Received disconnect from 43.255.190.185: 11:  [preauth]
Apr 11 18:56:56 ovzhost sshd[1048]: PAM 2 more authentication failures; logname= uid=0 euid=0 tty=ssh ruser= rhost=43.255.190.185  user=root
Apr 11 18:56:56 ovzhost sshd[1051]: pam_unix(sshd:auth): authentication failure; logname= uid=0 euid=0 tty=ssh ruser= rhost=43.255.190.149  user=root
Apr 11 18:56:56 ovzhost sshd[1050]: Failed password for root from 58.218.213.254 port 44178 ssh2
Apr 11 18:56:56 ovzhost sshd[1055]: pam_unix(sshd:auth): authentication failure; logname= uid=0 euid=0 tty=ssh ruser= rhost=43.255.190.185  user=root
Apr 11 18:56:58 ovzhost sshd[1051]: Failed password for root from 43.255.190.149 port 43395 ssh2
Apr 11 18:56:58 ovzhost sshd[1055]: Failed password for root from 43.255.190.185 port 48494 ssh2
Apr 11 18:57:00 ovzhost sshd[1050]: message repeated 2 times: [ Failed password for root from 58.218.213.254 port 44178 ssh2]
Apr 11 18:57:00 ovzhost sshd[1050]: Received disconnect from 58.218.213.254: 11:  [preauth]
Apr 11 18:57:00 ovzhost sshd[1050]: PAM 2 more authentication failures; logname= uid=0 euid=0 tty=ssh ruser= rhost=58.218.213.254  user=root
Apr 11 18:57:01 ovzhost sshd[1051]: message repeated 2 times: [ Failed password for root from 43.255.190.149 port 43395 ssh2]
Apr 11 18:57:01 ovzhost sshd[1051]: Received disconnect from 43.255.190.149: 11:  [preauth]
Apr 11 18:57:01 ovzhost sshd[1051]: PAM 2 more authentication failures; logname= uid=0 euid=0 tty=ssh ruser= rhost=43.255.190.149  user=root
Apr 11 18:57:02 ovzhost sshd[1055]: message repeated 2 times: [ Failed password for root from 43.255.190.185 port 48494 ssh2]
Apr 11 18:57:02 ovzhost sshd[1055]: Received disconnect from 43.255.190.185: 11:  [preauth]
Apr 11 18:57:02 ovzhost sshd[1055]: PAM 2 more authentication failures; logname= uid=0 euid=0 tty=ssh ruser= rhost=43.255.190.185  user=root
Apr 11 18:57:02 ovzhost sshd[1057]: pam_unix(sshd:auth): authentication failure; logname= uid=0 euid=0 tty=ssh ruser= rhost=43.255.190.185  user=root
Apr 11 18:57:04 ovzhost sshd[1059]: pam_unix(sshd:auth): authentication failure; logname= uid=0 euid=0 tty=ssh ruser= rhost=43.255.190.149  user=root
Apr 11 18:57:05 ovzhost sshd[1057]: Failed password for root from 43.255.190.185 port 36249 ssh2
Apr 11 18:57:06 ovzhost sshd[1059]: Failed password for root from 43.255.190.149 port 58319 ssh2
Apr 11 18:57:08 ovzhost sshd[1057]: message repeated 2 times: [ Failed password for root from 43.255.190.185 port 36249 ssh2]
Apr 11 18:57:08 ovzhost sshd[1057]: Received disconnect from 43.255.190.185: 11:  [preauth]
Apr 11 18:57:08 ovzhost sshd[1057]: PAM 2 more authentication failures; logname= uid=0 euid=0 tty=ssh ruser= rhost=43.255.190.185  user=root
Apr 11 18:57:09 ovzhost sshd[1061]: pam_unix(sshd:auth): authentication failure; logname= uid=0 euid=0 tty=ssh ruser= rhost=43.255.190.185  user=root
Apr 11 18:57:10 ovzhost sshd[1059]: message repeated 2 times: [ Failed password for root from 43.255.190.149 port 58319 ssh2]
Apr 11 18:57:10 ovzhost sshd[1059]: Received disconnect from 43.255.190.149: 11:  [preauth]
Apr 11 18:57:10 ovzhost sshd[1059]: PAM 2 more authentication failures; logname= uid=0 euid=0 tty=ssh ruser= rhost=43.255.190.149  user=root
Apr 11 18:57:11 ovzhost sshd[1064]: pam_unix(sshd:auth): authentication failure; logname= uid=0 euid=0 tty=ssh ruser= rhost=43.255.190.149  user=root
Apr 11 18:57:11 ovzhost sshd[1061]: Failed password for root from 43.255.190.185 port 53399 ssh2
Apr 11 18:57:13 ovzhost sshd[1064]: Failed password for root from 43.255.190.149 port 41812 ssh2
Apr 11 18:57:15 ovzhost sshd[1061]: message repeated 2 times: [ Failed password for root from 43.255.190.185 port 53399 ssh2]
Apr 11 18:57:15 ovzhost sshd[1061]: Received disconnect from 43.255.190.185: 11:  [preauth]
Apr 11 18:57:15 ovzhost sshd[1061]: PAM 2 more authentication failures; logname= uid=0 euid=0 tty=ssh ruser= rhost=43.255.190.185  user=root
Apr 11 18:57:16 ovzhost sshd[1066]: pam_unix(sshd:auth): authentication failure; logname= uid=0 euid=0 tty=ssh ruser= rhost=43.255.190.185  user=root
Apr 11 18:57:18 ovzhost sshd[1066]: Failed password for root from 43.255.190.185 port 43383 ssh2
Apr 11 18:57:17 ovzhost sshd[1064]: message repeated 2 times: [ Failed password for root from 43.255.190.149 port 41812 ssh2]
Apr 11 18:57:18 ovzhost sshd[1064]: Received disconnect from 43.255.190.149: 11:  [preauth]
Apr 11 18:57:18 ovzhost sshd[1064]: PAM 2 more authentication failures; logname= uid=0 euid=0 tty=ssh ruser= rhost=43.255.190.149  user=root
Apr 11 18:57:18 ovzhost sshd[1068]: pam_unix(sshd:auth): authentication failure; logname= uid=0 euid=0 tty=ssh ruser= rhost=43.255.190.149  user=root
Apr 11 18:57:20 ovzhost sshd[1068]: Failed password for root from 43.255.190.149 port 51093 ssh2
Apr 11 18:57:22 ovzhost sshd[1066]: message repeated 2 times: [ Failed password for root from 43.255.190.185 port 43383 ssh2]
Apr 11 18:57:22 ovzhost sshd[1066]: Received disconnect from 43.255.190.185: 11:  [preauth]
Apr 11 18:57:22 ovzhost sshd[1066]: PAM 2 more authentication failures; logname= uid=0 euid=0 tty=ssh ruser= rhost=43.255.190.185  user=root
Apr 11 18:57:23 ovzhost sshd[1070]: pam_unix(sshd:auth): authentication failure; logname= uid=0 euid=0 tty=ssh ruser= rhost=43.255.190.185  user=root
