Apr 11 18:57:24 ovzhost sshd[1070]: Failed password for root from 43.255.190.185 port 60662 ssh2
Apr 11 18:57:24 ovzhost sshd[1068]: message repeated 2 times: [ Failed password for root from 43.255.190.149 port 51093 ssh2]
Apr 11 18:57:24 ovzhost sshd[1068]: Received disconnect from 43.255.190.149: 11:  [preauth]
Apr 11 18:57:24 ovzhost sshd[1068]: PAM 2 more authentication failures; logname= uid=0 euid=0 tty=ssh ruser= rhost=43.255.190.149  user=root
Apr 11 18:57:26 ovzhost sshd[1072]: pam_unix(sshd:auth): authentication failure; logname= uid=0 euid=0 tty=ssh ruser= rhost=43.255.190.149  user=root
Apr 11 18:57:28 ovzhost sshd[1072]: Failed password for root from 43.255.190.149 port 60866 ssh2
Apr 11 18:57:29 ovzhost sshd[1070]: message repeated 2 times: [ Failed password for root from 43.255.190.185 port 60662 ssh2]
Apr 11 18:57:29 ovzhost sshd[1070]: Received disconnect from 43.255.190.185: 11:  [preauth]
Apr 11 18:57:29 ovzhost sshd[1070]: PAM 2 more authentication failures; logname= uid=0 euid=0 tty=ssh ruser= rhost=43.255.190.185  user=root
Apr 11 18:57:29 ovzhost sshd[1074]: pam_unix(sshd:auth): authentication failure; logname= uid=0 euid=0 tty=ssh ruser= rhost=43.255.190.185  user=root
Apr 11 18:57:31 ovzhost sshd[1074]: Failed password for root from 43.255.190.185 port 49561 ssh2
Apr 11 18:57:32 ovzhost sshd[1072]: message repeated 2 times: [ Failed password for root from 43.255.190.149 port 60866 ssh2]
Apr 11 18:57:32 ovzhost sshd[1072]: Received disconnect from 43.255.190.149: 11:  [preauth]
Apr 11 18:57:32 ovzhost sshd[1072]: PAM 2 more authentication failures; logname= uid=0 euid=0 tty=ssh ruser= rhost=43.255.190.149  user=root
Apr 11 18:57:34 ovzhost sshd[1076]: pam_unix(sshd:auth): authentication failure; logname= uid=0 euid=0 tty=ssh ruser= rhost=43.255.190.149  user=root
Apr 11 18:57:35 ovzhost sshd[1074]: message repeated 2 times: [ Failed password for root from 43.255.190.185 port 49561 ssh2]
Apr 11 18:57:35 ovzhost sshd[1074]: Received disconnect from 43.255.190.185: 11:  [preauth]
Apr 11 18:57:35 ovzhost sshd[1074]: PAM 2 more authentication failures; logname= uid=0 euid=0 tty=ssh ruser= rhost=43.255.190.185  user=root
Apr 11 18:57:35 ovzhost sshd[1076]: Failed password for root from 43.255.190.149 port 42479 ssh2
Apr 11 18:57:36 ovzhost sshd[1078]: pam_unix(sshd:auth): authentication failure; logname= uid=0 euid=0 tty=ssh ruser= rhost=43.255.190.185  user=root
Apr 11 18:57:37 ovzhost sshd[1078]: Failed password for root from 43.255.190.185 port 37671 ssh2
Apr 11 18:57:39 ovzhost sshd[1076]: message repeated 2 times: [ Failed password for root from 43.255.190.149 port 42479 ssh2]
Apr 11 18:57:39 ovzhost sshd[1076]: Received disconnect from 43.255.190.149: 11:  [preauth]
Apr 11 18:57:39 ovzhost sshd[1076]: PAM 2 more authentication failures; logname= uid=0 euid=0 tty=ssh ruser= rhost=43.255.190.149  user=root
Apr 11 18:57:40 ovzhost sshd[1080]: pam_unix(sshd:auth): authentication failure; logname= uid=0 euid=0 tty=ssh ruser= rhost=43.255.190.149  user=root
Apr 11 18:57:42 ovzhost sshd[1078]: message repeated 2 times: [ Failed password for root from 43.255.190.185 port 37671 ssh2]
Apr 11 18:57:42 ovzhost sshd[1078]: Received disconnect from 43.255.190.185: 11:  [preauth]
Apr 11 18:57:42 ovzhost sshd[1078]: PAM 2 more authentication failures; logname= uid=0 euid=0 tty=ssh ruser= rhost=43.255.190.185  user=root
Apr 11 18:57:42 ovzhost sshd[1080]: Failed password for root from 43.255.190.149 port 52103 ssh2
Apr 11 18:57:42 ovzhost sshd[1083]: pam_unix(sshd:auth): authentication failure; logname= uid=0 euid=0 tty=ssh ruser= rhost=43.255.190.185  user=root
Apr 11 18:57:44 ovzhost sshd[1083]: Failed password for root from 43.255.190.185 port 55099 ssh2
Apr 11 18:57:47 ovzhost sshd[1080]: message repeated 2 times: [ Failed password for root from 43.255.190.149 port 52103 ssh2]
Apr 11 18:57:47 ovzhost sshd[1080]: Received disconnect from 43.255.190.149: 11:  [preauth]
Apr 11 18:57:47 ovzhost sshd[1080]: PAM 2 more authentication failures; logname= uid=0 euid=0 tty=ssh ruser= rhost=43.255.190.149  user=root
Apr 11 18:57:48 ovzhost sshd[1083]: message repeated 2 times: [ Failed password for root from 43.255.190.185 port 55099 ssh2]
Apr 11 18:57:48 ovzhost sshd[1083]: Received disconnect from 43.255.190.185: 11:  [preauth]
Apr 11 18:57:48 ovzhost sshd[1083]: PAM 2 more authentication failures; logname= uid=0 euid=0 tty=ssh ruser= rhost=43.255.190.185  user=root
Apr 11 18:57:49 ovzhost sshd[1085]: pam_unix(sshd:auth): authentication failure; logname= uid=0 euid=0 tty=ssh ruser= rhost=43.255.190.149  user=root
Apr 11 18:57:49 ovzhost sshd[1087]: pam_unix(sshd:auth): authentication failure; logname= uid=0 euid=0 tty=ssh ruser= rhost=43.255.190.185  user=root
Apr 11 18:57:51 ovzhost sshd[1085]: Failed password for root from 43.255.190.149 port 33250 ssh2
Apr 11 18:57:51 ovzhost sshd[1087]: Failed password for root from 43.255.190.185 port 43620 ssh2
Apr 11 18:57:55 ovzhost sshd[1085]: message repeated 2 times: [ Failed password for root from 43.255.190.149 port 33250 ssh2]
Apr 11 18:57:55 ovzhost sshd[1085]: Received disconnect from 43.255.190.149: 11:  [preauth]
Apr 11 18:57:55 ovzhost sshd[1085]: PAM 2 more authentication failures; logname= uid=0 euid=0 tty=ssh ruser= rhost=43.255.190.149  user=root
Apr 11 18:57:55 ovzhost sshd[1087]: message repeated 2 times: [ Failed password for root from 43.255.190.185 port 43620 ssh2]
Apr 11 18:57:55 ovzhost sshd[1087]: Received disconnect from 43.255.190.185: 11:  [preauth]
Apr 11 18:57:55 ovzhost sshd[1087]: PAM 2 more authentication failures; logname= uid=0 euid=0 tty=ssh ruser= rhost=43.255.190.185  user=root
Apr 11 18:57:56 ovzhost sshd[1093]: pam_unix(sshd:auth): authentication failure; logname= uid=0 euid=0 tty=ssh ruser= rhost=43.255.190.185  user=root
Apr 11 18:57:58 ovzhost sshd[1091]: pam_unix(sshd:auth): authentication failure; logname= uid=0 euid=0 tty=ssh ruser= rhost=43.255.190.149  user=root
Apr 11 18:57:58 ovzhost sshd[1093]: Failed password for root from 43.255.190.185 port 60931 ssh2
Apr 11 18:58:00 ovzhost sshd[1091]: Failed password for root from 43.255.190.149 port 44395 ssh2
Apr 11 18:58:02 ovzhost sshd[1093]: message repeated 2 times: [ Failed password for root from 43.255.190.185 port 60931 ssh2]
Apr 11 18:58:02 ovzhost sshd[1093]: Received disconnect from 43.255.190.185: 11:  [preauth]
Apr 11 18:58:02 ovzhost sshd[1093]: PAM 2 more authentication failures; logname= uid=0 euid=0 tty=ssh ruser= rhost=43.255.190.185  user=root
Apr 11 18:58:03 ovzhost sshd[1095]: pam_unix(sshd:auth): authentication failure; logname= uid=0 euid=0 tty=ssh ruser= rhost=43.255.190.185  user=root
Apr 11 18:58:04 ovzhost sshd[1091]: message repeated 2 times: [ Failed password for root from 43.255.190.149 port 44395 ssh2]
Apr 11 18:58:04 ovzhost sshd[1091]: Received disconnect from 43.255.190.149: 11:  [preauth]
Apr 11 18:58:04 ovzhost sshd[1091]: PAM 2 more authentication failures; logname= uid=0 euid=0 tty=ssh ruser= rhost=43.255.190.149  user=root
Apr 11 18:58:05 ovzhost sshd[1095]: Failed password for root from 43.255.190.185 port 50489 ssh2
Apr 11 18:58:06 ovzhost sshd[1097]: pam_unix(sshd:auth): authentication failure; logname= uid=0 euid=0 tty=ssh ruser= rhost=43.255.190.149  user=root
Apr 11 18:58:07 ovzhost sshd[1097]: Failed password for root from 43.255.190.149 port 56161 ssh2
Apr 11 18:58:09 ovzhost sshd[1095]: message repeated 2 times: [ Failed password for root from 43.255.190.185 port 50489 ssh2]
Apr 11 18:58:09 ovzhost sshd[1095]: Received disconnect from 43.255.190.185: 11:  [preauth]
Apr 11 18:58:09 ovzhost sshd[1095]: PAM 2 more authentication failures; logname= uid=0 euid=0 tty=ssh ruser= rhost=43.255.190.185  user=root
Apr 11 18:58:10 ovzhost sshd[1099]: pam_unix(sshd:auth): authentication failure; logname= uid=0 euid=0 tty=ssh ruser= rhost=43.255.190.185  user=root
Apr 11 18:58:12 ovzhost sshd[1099]: Failed password for root from 43.255.190.185 port 39284 ssh2
Apr 11 18:58:12 ovzhost sshd[1097]: message repeated 2 times: [ Failed password for root from 43.255.190.149 port 56161 ssh2]
Apr 11 18:58:12 ovzhost sshd[1097]: Received disconnect from 43.255.190.149: 11:  [preauth]
Apr 11 18:58:12 ovzhost sshd[1097]: PAM 2 more authentication failures; logname= uid=0 euid=0 tty=ssh ruser= rhost=43.255.190.149  user=root
Apr 11 18:58:16 ovzhost sshd[1099]: message repeated 2 times: [ Failed password for root from 43.255.190.185 port 39284 ssh2]
Apr 11 18:58:16 ovzhost sshd[1099]: Received disconnect from 43.255.190.185: 11:  [preauth]
Apr 11 18:58:16 ovzhost sshd[1099]: PAM 2 more authentication failures; logname= uid=0 euid=0 tty=ssh ruser= rhost=43.255.190.185  user=root
Apr 11 18:58:17 ovzhost sshd[1104]: pam_unix(sshd:auth): authentication failure; logname= uid=0 euid=0 tty=ssh ruser= rhost=43.255.190.185  user=root
Apr 11 18:58:18 ovzhost sshd[1102]: pam_unix(sshd:auth): authentication failure; logname= uid=0 euid=0 tty=ssh ruser= rhost=43.255.190.149  user=root
Apr 11 18:58:18 ovzhost sshd[1104]: Failed password for root from 43.255.190.185 port 55801 ssh2
Apr 11 18:58:19 ovzhost sshd[1102]: Failed password for root from 43.255.190.149 port 38894 ssh2
Apr 11 18:58:23 ovzhost sshd[1104]: message repeated 2 times: [ Failed password for root from 43.255.190.185 port 55801 ssh2]
Apr 11 18:58:23 ovzhost sshd[1104]: Received disconnect from 43.255.190.185: 11:  [preauth]
Apr 11 18:58:23 ovzhost sshd[1104]: PAM 2 more authentication failures; logname= uid=0 euid=0 tty=ssh ruser= rhost=43.255.190.185  user=root
Apr 11 18:58:23 ovzhost sshd[1106]: pam_unix(sshd:auth): authentication failure; logname= uid=0 euid=0 tty=ssh ruser= rhost=43.255.190.185  user=root
Apr 11 18:58:24 ovzhost sshd[1102]: message repeated 2 times: [ Failed password for root from 43.255.190.149 port 38894 ssh2]
Apr 11 18:58:25 ovzhost sshd[1102]: Received disconnect from 43.255.190.149: 11:  [preauth]
Apr 11 18:58:25 ovzhost sshd[1102]: PAM 2 more authentication failures; logname= uid=0 euid=0 tty=ssh ruser= rhost=43.255.190.149  user=root
Apr 11 18:58:25 ovzhost sshd[1106]: Failed password for root from 43.255.190.185 port 43520 ssh2
Apr 11 18:58:27 ovzhost sshd[1110]: pam_unix(sshd:auth): authentication failure; logname= uid=0 euid=0 tty=ssh ruser= rhost=43.255.190.149  user=root
Apr 11 18:58:29 ovzhost sshd[1110]: Failed password for root from 43.255.190.149 port 55075 ssh2
Apr 11 18:58:30 ovzhost sshd[1106]: message repeated 2 times: [ Failed password for root from 43.255.190.185 port 43520 ssh2]
Apr 11 18:58:30 ovzhost sshd[1106]: Received disconnect from 43.255.190.185: 11:  [preauth]
Apr 11 18:58:30 ovzhost sshd[1106]: PAM 2 more authentication failures; logname= uid=0 euid=0 tty=ssh ruser= rhost=43.255.190.185  user=root
Apr 11 18:58:31 ovzhost sshd[1112]: pam_unix(sshd:auth): authentication failure; logname= uid=0 euid=0 tty=ssh ruser= rhost=43.255.190.185  user=root
Apr 11 18:58:33 ovzhost sshd[1112]: Failed password for root from 43.255.190.185 port 33048 ssh2
Apr 11 18:58:34 ovzhost sshd[1110]: message repeated 2 times: [ Failed password for root from 43.255.190.149 port 55075 ssh2]
Apr 11 18:58:34 ovzhost sshd[1110]: Received disconnect from 43.255.190.149: 11:  [preauth]
Apr 11 18:58:34 ovzhost sshd[1110]: PAM 2 more authentication failures; logname= uid=0 euid=0 tty=ssh ruser= rhost=43.255.190.149  user=root
Apr 11 18:58:36 ovzhost sshd[1114]: pam_unix(sshd:auth): authentication failure; logname= uid=0 euid=0 tty=ssh ruser= rhost=43.255.190.149  user=root
Apr 11 18:58:37 ovzhost sshd[1112]: message repeated 2 times: [ Failed password for root from 43.255.190.185 port 33048 ssh2]
Apr 11 18:58:37 ovzhost sshd[1112]: Received disconnect from 43.255.190.185: 11:  [preauth]
Apr 11 18:58:37 ovzhost sshd[1112]: PAM 2 more authentication failures; logname= uid=0 euid=0 tty=ssh ruser= rhost=43.255.190.185  user=root
Apr 11 18:58:38 ovzhost sshd[1114]: Failed password for root from 43.255.190.149 port 38865 ssh2
Apr 11 18:58:38 ovzhost sshd[1116]: pam_unix(sshd:auth): authentication failure; logname= uid=0 euid=0 tty=ssh ruser= rhost=43.255.190.185  user=root
Apr 11 18:58:40 ovzhost sshd[1116]: Failed password for root from 43.255.190.185 port 50127 ssh2
Apr 11 18:58:42 ovzhost sshd[1114]: message repeated 2 times: [ Failed password for root from 43.255.190.149 port 38865 ssh2]
Apr 11 18:58:42 ovzhost sshd[1114]: Received disconnect from 43.255.190.149: 11:  [preauth]
Apr 11 18:58:42 ovzhost sshd[1114]: PAM 2 more authentication failures; logname= uid=0 euid=0 tty=ssh ruser= rhost=43.255.190.149  user=root
Apr 11 18:58:44 ovzhost sshd[1116]: message repeated 2 times: [ Failed password for root from 43.255.190.185 port 50127 ssh2]
Apr 11 18:58:44 ovzhost sshd[1116]: Received disconnect from 43.255.190.185: 11:  [preauth]
Apr 11 18:58:44 ovzhost sshd[1116]: PAM 2 more authentication failures; logname= uid=0 euid=0 tty=ssh ruser= rhost=43.255.190.185  user=root
Apr 11 18:58:44 ovzhost sshd[1120]: pam_unix(sshd:auth): authentication failure; logname= uid=0 euid=0 tty=ssh ruser= rhost=43.255.190.149  user=root
Apr 11 18:58:44 ovzhost sshd[1122]: pam_unix(sshd:auth): authentication failure; logname= uid=0 euid=0 tty=ssh ruser= rhost=43.255.190.185  user=root
Apr 11 18:58:46 ovzhost sshd[1120]: Failed password for root from 43.255.190.149 port 50135 ssh2
Apr 11 18:58:46 ovzhost sshd[1122]: Failed password for root from 43.255.190.185 port 37116 ssh2
Apr 11 18:58:50 ovzhost sshd[1122]: message repeated 2 times: [ Failed password for root from 43.255.190.185 port 37116 ssh2]
Apr 11 18:58:50 ovzhost sshd[1122]: Received disconnect from 43.255.190.185: 11:  [preauth]
Apr 11 18:58:50 ovzhost sshd[1122]: PAM 2 more authentication failures; logname= uid=0 euid=0 tty=ssh ruser= rhost=43.255.190.185  user=root
Apr 11 18:58:50 ovzhost sshd[1120]: message repeated 2 times: [ Failed password for root from 43.255.190.149 port 50135 ssh2]
Apr 11 18:58:50 ovzhost sshd[1120]: Received disconnect from 43.255.190.149: 11:  [preauth]
Apr 11 18:58:50 ovzhost sshd[1120]: PAM 2 more authentication failures; logname= uid=0 euid=0 tty=ssh ruser= rhost=43.255.190.149  user=root
Apr 11 18:58:51 ovzhost sshd[1126]: pam_unix(sshd:auth): authentication failure; logname= uid=0 euid=0 tty=ssh ruser= rhost=43.255.190.185  user=root
Apr 11 18:58:52 ovzhost sshd[1128]: pam_unix(sshd:auth): authentication failure; logname= uid=0 euid=0 tty=ssh ruser= rhost=43.255.190.149  user=root
Apr 11 18:58:53 ovzhost sshd[1126]: Failed password for root from 43.255.190.185 port 53598 ssh2
Apr 11 18:58:53 ovzhost sshd[1128]: Failed password for root from 43.255.190.149 port 60913 ssh2
Apr 11 18:58:58 ovzhost sshd[1126]: message repeated 2 times: [ Failed password for root from 43.255.190.185 port 53598 ssh2]
Apr 11 18:58:58 ovzhost sshd[1126]: Received disconnect from 43.255.190.185: 11:  [preauth]
Apr 11 18:58:58 ovzhost sshd[1126]: PAM 2 more authentication failures; logname= uid=0 euid=0 tty=ssh ruser= rhost=43.255.190.185  user=root
Apr 11 18:58:58 ovzhost sshd[1128]: message repeated 2 times: [ Failed password for root from 43.255.190.149 port 60913 ssh2]
Apr 11 18:58:58 ovzhost sshd[1128]: Received disconnect from 43.255.190.149: 11:  [preauth]
Apr 11 18:58:58 ovzhost sshd[1128]: PAM 2 more authentication failures; logname= uid=0 euid=0 tty=ssh ruser= rhost=43.255.190.149  user=root
Apr 11 18:58:59 ovzhost sshd[1130]: pam_unix(sshd:auth): authentication failure; logname= uid=0 euid=0 tty=ssh ruser= rhost=43.255.190.185  user=root
Apr 11 18:59:00 ovzhost sshd[1132]: pam_unix(sshd:auth): authentication failure; logname= uid=0 euid=0 tty=ssh ruser= rhost=43.255.190.149  user=root
Apr 11 18:59:01 ovzhost sshd[1130]: Failed password for root from 43.255.190.185 port 42808 ssh2
Apr 11 18:59:02 ovzhost sshd[1132]: Failed password for root from 43.255.190.149 port 42583 ssh2
Apr 11 18:59:05 ovzhost sshd[1130]: message repeated 2 times: [ Failed password for root from 43.255.190.185 port 42808 ssh2]
Apr 11 18:59:05 ovzhost sshd[1130]: Received disconnect from 43.255.190.185: 11:  [preauth]
Apr 11 18:59:05 ovzhost sshd[1130]: PAM 2 more authentication failures; logname= uid=0 euid=0 tty=ssh ruser= rhost=43.255.190.185  user=root
Apr 11 18:59:06 ovzhost sshd[1134]: pam_unix(sshd:auth): authentication failure; logname= uid=0 euid=0 tty=ssh ruser= rhost=43.255.190.185  user=root
Apr 11 18:59:06 ovzhost sshd[1132]: message repeated 2 times: [ Failed password for root from 43.255.190.149 port 42583 ssh2]
Apr 11 18:59:06 ovzhost sshd[1132]: Received disconnect from 43.255.190.149: 11:  [preauth]
Apr 11 18:59:06 ovzhost sshd[1132]: PAM 2 more authentication failures; logname= uid=0 euid=0 tty=ssh ruser= rhost=43.255.190.149  user=root
Apr 11 18:59:08 ovzhost sshd[1134]: Failed password for root from 43.255.190.185 port 60937 ssh2
Apr 11 18:59:09 ovzhost sshd[1136]: pam_unix(sshd:auth): authentication failure; logname= uid=0 euid=0 tty=ssh ruser= rhost=43.255.190.149  user=root
Apr 11 18:59:11 ovzhost sshd[1136]: Failed password for root from 43.255.190.149 port 53534 ssh2
Apr 11 18:59:12 ovzhost sshd[1134]: message repeated 2 times: [ Failed password for root from 43.255.190.185 port 60937 ssh2]
Apr 11 18:59:12 ovzhost sshd[1134]: Received disconnect from 43.255.190.185: 11:  [preauth]
Apr 11 18:59:12 ovzhost sshd[1134]: PAM 2 more authentication failures; logname= uid=0 euid=0 tty=ssh ruser= rhost=43.255.190.185  user=root
Apr 11 18:59:13 ovzhost sshd[1138]: pam_unix(sshd:auth): authentication failure; logname= uid=0 euid=0 tty=ssh ruser= rhost=43.255.190.185  user=root
Apr 11 18:59:15 ovzhost sshd[1138]: Failed password for root from 43.255.190.185 port 48823 ssh2
Apr 11 18:59:16 ovzhost sshd[1136]: message repeated 2 times: [ Failed password for root from 43.255.190.149 port 53534 ssh2]
Apr 11 18:59:16 ovzhost sshd[1136]: Received disconnect from 43.255.190.149: 11:  [preauth]
Apr 11 18:59:16 ovzhost sshd[1136]: PAM 2 more authentication failures; logname= uid=0 euid=0 tty=ssh ruser= rhost=43.255.190.149  user=root
Apr 11 18:59:18 ovzhost sshd[1142]: pam_unix(sshd:auth): authentication failure; logname= uid=0 euid=0 tty=ssh ruser= rhost=43.255.190.149  user=root
Apr 11 18:59:18 ovzhost sshd[1145]: Connection closed by 127.0.0.1 [preauth]
Apr 11 18:59:19 ovzhost sshd[1138]: message repeated 2 times: [ Failed password for root from 43.255.190.185 port 48823 ssh2]
Apr 11 18:59:19 ovzhost sshd[1138]: Received disconnect from 43.255.190.185: 11:  [preauth]
Apr 11 18:59:19 ovzhost sshd[1138]: PAM 2 more authentication failures; logname= uid=0 euid=0 tty=ssh ruser= rhost=43.255.190.185  user=root
Apr 11 18:59:20 ovzhost sshd[1142]: Failed password for root from 43.255.190.149 port 40020 ssh2
Apr 11 18:59:20 ovzhost sshd[1147]: pam_unix(sshd:auth): authentication failure; logname= uid=0 euid=0 tty=ssh ruser= rhost=43.255.190.185  user=root
Apr 11 18:59:22 ovzhost sshd[1147]: Failed password for root from 43.255.190.185 port 40578 ssh2
Apr 11 18:59:24 ovzhost sshd[1142]: message repeated 2 times: [ Failed password for root from 43.255.190.149 port 40020 ssh2]
Apr 11 18:59:24 ovzhost sshd[1142]: Received disconnect from 43.255.190.149: 11:  [preauth]
Apr 11 18:59:24 ovzhost sshd[1142]: PAM 2 more authentication failures; logname= uid=0 euid=0 tty=ssh ruser= rhost=43.255.190.149  user=root
Apr 11 18:59:25 ovzhost sshd[1149]: pam_unix(sshd:auth): authentication failure; logname= uid=0 euid=0 tty=ssh ruser= rhost=43.255.190.149  user=root
Apr 11 18:59:26 ovzhost sshd[1147]: message repeated 2 times: [ Failed password for root from 43.255.190.185 port 40578 ssh2]
Apr 11 18:59:26 ovzhost sshd[1147]: Received disconnect from 43.255.190.185: 11:  [preauth]
Apr 11 18:59:26 ovzhost sshd[1147]: PAM 2 more authentication failures; logname= uid=0 euid=0 tty=ssh ruser= rhost=43.255.190.185  user=root
Apr 11 18:59:27 ovzhost sshd[1151]: pam_unix(sshd:auth): authentication failure; logname= uid=0 euid=0 tty=ssh ruser= rhost=43.255.190.185  user=root
Apr 11 18:59:27 ovzhost sshd[1149]: Failed password for root from 43.255.190.149 port 51615 ssh2
Apr 11 18:59:29 ovzhost sshd[1151]: Failed password for root from 43.255.190.185 port 59038 ssh2
Apr 11 18:59:32 ovzhost sshd[1149]: message repeated 2 times: [ Failed password for root from 43.255.190.149 port 51615 ssh2]
Apr 11 18:59:32 ovzhost sshd[1149]: Received disconnect from 43.255.190.149: 11:  [preauth]
Apr 11 18:59:32 ovzhost sshd[1149]: PAM 2 more authentication failures; logname= uid=0 euid=0 tty=ssh ruser= rhost=43.255.190.149  user=root
Apr 11 18:59:33 ovzhost sshd[1153]: pam_unix(sshd:auth): authentication failure; logname= uid=0 euid=0 tty=ssh ruser= rhost=43.255.190.149  user=root
Apr 11 18:59:33 ovzhost sshd[1151]: message repeated 2 times: [ Failed password for root from 43.255.190.185 port 59038 ssh2]
Apr 11 18:59:33 ovzhost sshd[1151]: Received disconnect from 43.255.190.185: 11:  [preauth]
Apr 11 18:59:33 ovzhost sshd[1151]: PAM 2 more authentication failures; logname= uid=0 euid=0 tty=ssh ruser= rhost=43.255.190.185  user=root
Apr 11 18:59:34 ovzhost sshd[1155]: pam_unix(sshd:auth): authentication failure; logname= uid=0 euid=0 tty=ssh ruser= rhost=43.255.190.185  user=root
Apr 11 18:59:35 ovzhost sshd[1153]: Failed password for root from 43.255.190.149 port 34540 ssh2
Apr 11 18:59:36 ovzhost sshd[1155]: Failed password for root from 43.255.190.185 port 49536 ssh2
Apr 11 18:59:40 ovzhost sshd[1153]: message repeated 2 times: [ Failed password for root from 43.255.190.149 port 34540 ssh2]
Apr 11 18:59:40 ovzhost sshd[1153]: Received disconnect from 43.255.190.149: 11:  [preauth]
Apr 11 18:59:40 ovzhost sshd[1153]: PAM 2 more authentication failures; logname= uid=0 euid=0 tty=ssh ruser= rhost=43.255.190.149  user=root
Apr 11 18:59:40 ovzhost sshd[1155]: message repeated 2 times: [ Failed password for root from 43.255.190.185 port 49536 ssh2]
Apr 11 18:59:40 ovzhost sshd[1155]: Received disconnect from 43.255.190.185: 11:  [preauth]
Apr 11 18:59:40 ovzhost sshd[1155]: PAM 2 more authentication failures; logname= uid=0 euid=0 tty=ssh ruser= rhost=43.255.190.185  user=root
Apr 11 18:59:41 ovzhost sshd[1157]: pam_unix(sshd:auth): authentication failure; logname= uid=0 euid=0 tty=ssh ruser= rhost=43.255.190.149  user=root
Apr 11 18:59:41 ovzhost sshd[1159]: pam_unix(sshd:auth): authentication failure; logname= uid=0 euid=0 tty=ssh ruser= rhost=43.255.190.185  user=root
Apr 11 18:59:43 ovzhost sshd[1157]: Failed password for root from 43.255.190.149 port 46060 ssh2
Apr 11 18:59:43 ovzhost sshd[1159]: Failed password for root from 43.255.190.185 port 39631 ssh2
Apr 11 18:59:47 ovzhost sshd[1159]: message repeated 2 times: [ Failed password for root from 43.255.190.185 port 39631 ssh2]
Apr 11 18:59:47 ovzhost sshd[1159]: Received disconnect from 43.255.190.185: 11:  [preauth]
Apr 11 18:59:47 ovzhost sshd[1159]: PAM 2 more authentication failures; logname= uid=0 euid=0 tty=ssh ruser= rhost=43.255.190.185  user=root
Apr 11 18:59:47 ovzhost sshd[1157]: message repeated 2 times: [ Failed password for root from 43.255.190.149 port 46060 ssh2]
Apr 11 18:59:47 ovzhost sshd[1157]: Received disconnect from 43.255.190.149: 11:  [preauth]
Apr 11 18:59:47 ovzhost sshd[1157]: PAM 2 more authentication failures; logname= uid=0 euid=0 tty=ssh ruser= rhost=43.255.190.149  user=root
Apr 11 18:59:47 ovzhost sshd[1162]: pam_unix(sshd:auth): authentication failure; logname= uid=0 euid=0 tty=ssh ruser= rhost=43.255.190.185  user=root
Apr 11 18:59:48 ovzhost sshd[1163]: pam_unix(sshd:auth): authentication failure; logname= uid=0 euid=0 tty=ssh ruser= rhost=43.255.190.149  user=root
Apr 11 18:59:50 ovzhost sshd[1162]: Failed password for root from 43.255.190.185 port 58680 ssh2
Apr 11 18:59:50 ovzhost sshd[1163]: Failed password for root from 43.255.190.149 port 56448 ssh2
Apr 11 18:59:54 ovzhost sshd[1162]: message repeated 2 times: [ Failed password for root from 43.255.190.185 port 58680 ssh2]
Apr 11 18:59:54 ovzhost sshd[1162]: Received disconnect from 43.255.190.185: 11:  [preauth]
Apr 11 18:59:54 ovzhost sshd[1162]: PAM 2 more authentication failures; logname= uid=0 euid=0 tty=ssh ruser= rhost=43.255.190.185  user=root
Apr 11 18:59:55 ovzhost sshd[1166]: pam_unix(sshd:auth): authentication failure; logname= uid=0 euid=0 tty=ssh ruser= rhost=43.255.190.185  user=root
Apr 11 18:59:55 ovzhost sshd[1163]: message repeated 2 times: [ Failed password for root from 43.255.190.149 port 56448 ssh2]
Apr 11 18:59:55 ovzhost sshd[1163]: Received disconnect from 43.255.190.149: 11:  [preauth]
Apr 11 18:59:55 ovzhost sshd[1163]: PAM 2 more authentication failures; logname= uid=0 euid=0 tty=ssh ruser= rhost=43.255.190.149  user=root
Apr 11 18:59:56 ovzhost sshd[1168]: pam_unix(sshd:auth): authentication failure; logname= uid=0 euid=0 tty=ssh ruser= rhost=43.255.190.149  user=root
Apr 11 18:59:56 ovzhost sshd[1166]: Failed password for root from 43.255.190.185 port 49934 ssh2
Apr 11 18:59:58 ovzhost sshd[1168]: Failed password for root from 43.255.190.149 port 38248 ssh2
Apr 11 19:00:01 ovzhost sshd[1166]: message repeated 2 times: [ Failed password for root from 43.255.190.185 port 49934 ssh2]
Apr 11 19:00:01 ovzhost sshd[1166]: Received disconnect from 43.255.190.185: 11:  [preauth]
Apr 11 19:00:01 ovzhost sshd[1166]: PAM 2 more authentication failures; logname= uid=0 euid=0 tty=ssh ruser= rhost=43.255.190.185  user=root
Apr 11 19:00:01 ovzhost CRON[1172]: pam_env(cron:session): Unable to open env file: /etc/default/locale: No such file or directory
Apr 11 19:00:01 ovzhost CRON[1172]: pam_unix(cron:session): session opened for user smmsp by (uid=0)
Apr 11 19:00:01 ovzhost CRON[1172]: pam_unix(cron:session): session closed for user smmsp
Apr 11 19:00:02 ovzhost sshd[1170]: pam_unix(sshd:auth): authentication failure; logname= uid=0 euid=0 tty=ssh ruser= rhost=43.255.190.185  user=root
Apr 11 19:00:02 ovzhost sshd[1168]: message repeated 2 times: [ Failed password for root from 43.255.190.149 port 38248 ssh2]
Apr 11 19:00:02 ovzhost sshd[1168]: Received disconnect from 43.255.190.149: 11:  [preauth]
Apr 11 19:00:02 ovzhost sshd[1168]: PAM 2 more authentication failures; logname= uid=0 euid=0 tty=ssh ruser= rhost=43.255.190.149  user=root
Apr 11 19:00:04 ovzhost sshd[1170]: Failed password for root from 43.255.190.185 port 41104 ssh2
Apr 11 19:00:08 ovzhost sshd[1198]: pam_unix(sshd:auth): authentication failure; logname= uid=0 euid=0 tty=ssh ruser= rhost=43.255.190.149  user=root
Apr 11 19:00:08 ovzhost sshd[1170]: message repeated 2 times: [ Failed password for root from 43.255.190.185 port 41104 ssh2]
Apr 11 19:00:08 ovzhost sshd[1170]: Received disconnect from 43.255.190.185: 11:  [preauth]
Apr 11 19:00:08 ovzhost sshd[1170]: PAM 2 more authentication failures; logname= uid=0 euid=0 tty=ssh ruser= rhost=43.255.190.185  user=root
Apr 11 19:00:09 ovzhost sshd[1200]: pam_unix(sshd:auth): authentication failure; logname= uid=0 euid=0 tty=ssh ruser= rhost=43.255.190.185  user=root
Apr 11 19:00:11 ovzhost sshd[1198]: Failed password for root from 43.255.190.149 port 48844 ssh2
Apr 11 19:00:11 ovzhost sshd[1200]: Failed password for root from 43.255.190.185 port 33956 ssh2
Apr 11 19:00:15 ovzhost sshd[1198]: message repeated 2 times: [ Failed password for root from 43.255.190.149 port 48844 ssh2]
Apr 11 19:00:15 ovzhost sshd[1198]: Received disconnect from 43.255.190.149: 11:  [preauth]
Apr 11 19:00:15 ovzhost sshd[1198]: PAM 2 more authentication failures; logname= uid=0 euid=0 tty=ssh ruser= rhost=43.255.190.149  user=root
Apr 11 19:00:16 ovzhost sshd[1200]: message repeated 2 times: [ Failed password for root from 43.255.190.185 port 33956 ssh2]
Apr 11 19:00:16 ovzhost sshd[1200]: Received disconnect from 43.255.190.185: 11:  [preauth]
Apr 11 19:00:16 ovzhost sshd[1200]: PAM 2 more authentication failures; logname= uid=0 euid=0 tty=ssh ruser= rhost=43.255.190.185  user=root
Apr 11 19:00:16 ovzhost sshd[1205]: pam_unix(sshd:auth): authentication failure; logname= uid=0 euid=0 tty=ssh ruser= rhost=43.255.190.185  user=root
Apr 11 19:00:17 ovzhost sshd[1203]: pam_unix(sshd:auth): authentication failure; logname= uid=0 euid=0 tty=ssh ruser= rhost=43.255.190.149  user=root
Apr 11 19:00:18 ovzhost sshd[1205]: Failed password for root from 43.255.190.185 port 54358 ssh2
Apr 11 19:00:18 ovzhost sshd[1203]: Failed password for root from 43.255.190.149 port 38086 ssh2
Apr 11 19:00:22 ovzhost sshd[1205]: message repeated 2 times: [ Failed password for root from 43.255.190.185 port 54358 ssh2]
Apr 11 19:00:22 ovzhost sshd[1205]: Received disconnect from 43.255.190.185: 11:  [preauth]
Apr 11 19:00:22 ovzhost sshd[1205]: PAM 2 more authentication failures; logname= uid=0 euid=0 tty=ssh ruser= rhost=43.255.190.185  user=root
Apr 11 19:00:23 ovzhost sshd[1207]: pam_unix(sshd:auth): authentication failure; logname= uid=0 euid=0 tty=ssh ruser= rhost=43.255.190.185  user=root
Apr 11 19:00:24 ovzhost sshd[1203]: message repeated 2 times: [ Failed password for root from 43.255.190.149 port 38086 ssh2]
Apr 11 19:00:24 ovzhost sshd[1203]: Received disconnect from 43.255.190.149: 11:  [preauth]
Apr 11 19:00:24 ovzhost sshd[1203]: PAM 2 more authentication failures; logname= uid=0 euid=0 tty=ssh ruser= rhost=43.255.190.149  user=root
Apr 11 19:00:25 ovzhost sshd[1207]: Failed password for root from 43.255.190.185 port 44123 ssh2
Apr 11 19:00:30 ovzhost sshd[1209]: pam_unix(sshd:auth): authentication failure; logname= uid=0 euid=0 tty=ssh ruser= rhost=43.255.190.149  user=root
Apr 11 19:00:30 ovzhost sshd[1207]: message repeated 2 times: [ Failed password for root from 43.255.190.185 port 44123 ssh2]
Apr 11 19:00:30 ovzhost sshd[1207]: Received disconnect from 43.255.190.185: 11:  [preauth]
Apr 11 19:00:30 ovzhost sshd[1207]: PAM 2 more authentication failures; logname= uid=0 euid=0 tty=ssh ruser= rhost=43.255.190.185  user=root
Apr 11 19:00:30 ovzhost sshd[1211]: pam_unix(sshd:auth): authentication failure; logname= uid=0 euid=0 tty=ssh ruser= rhost=43.255.190.185  user=root
Apr 11 19:00:32 ovzhost sshd[1209]: Failed password for root from 43.255.190.149 port 50514 ssh2
Apr 11 19:00:33 ovzhost sshd[1211]: Failed password for root from 43.255.190.185 port 35577 ssh2
Apr 11 19:00:36 ovzhost sshd[1209]: message repeated 2 times: [ Failed password for root from 43.255.190.149 port 50514 ssh2]
Apr 11 19:00:36 ovzhost sshd[1209]: Received disconnect from 43.255.190.149: 11:  [preauth]
Apr 11 19:00:36 ovzhost sshd[1209]: PAM 2 more authentication failures; logname= uid=0 euid=0 tty=ssh ruser= rhost=43.255.190.149  user=root
Apr 11 19:00:37 ovzhost sshd[1211]: message repeated 2 times: [ Failed password for root from 43.255.190.185 port 35577 ssh2]
Apr 11 19:00:37 ovzhost sshd[1211]: Received disconnect from 43.255.190.185: 11:  [preauth]
Apr 11 19:00:37 ovzhost sshd[1211]: PAM 2 more authentication failures; logname= uid=0 euid=0 tty=ssh ruser= rhost=43.255.190.185  user=root
Apr 11 19:00:37 ovzhost sshd[1213]: pam_unix(sshd:auth): authentication failure; logname= uid=0 euid=0 tty=ssh ruser= rhost=43.255.190.185  user=root
Apr 11 19:00:38 ovzhost sshd[1215]: pam_unix(sshd:auth): authentication failure; logname= uid=0 euid=0 tty=ssh ruser= rhost=43.255.190.149  user=root
Apr 11 19:00:40 ovzhost sshd[1213]: Failed password for root from 43.255.190.185 port 54585 ssh2
Apr 11 19:00:41 ovzhost sshd[1215]: Failed password for root from 43.255.190.149 port 39790 ssh2
Apr 11 19:00:44 ovzhost sshd[1213]: message repeated 2 times: [ Failed password for root from 43.255.190.185 port 54585 ssh2]
Apr 11 19:00:44 ovzhost sshd[1213]: Received disconnect from 43.255.190.185: 11:  [preauth]
Apr 11 19:00:44 ovzhost sshd[1213]: PAM 2 more authentication failures; logname= uid=0 euid=0 tty=ssh ruser= rhost=43.255.190.185  user=root
Apr 11 19:00:44 ovzhost sshd[1220]: Connection closed by 128.8.37.120 [preauth]
Apr 11 19:00:44 ovzhost sshd[1217]: pam_unix(sshd:auth): authentication failure; logname= uid=0 euid=0 tty=ssh ruser= rhost=43.255.190.185  user=root
Apr 11 19:00:45 ovzhost sshd[1215]: message repeated 2 times: [ Failed password for root from 43.255.190.149 port 39790 ssh2]
Apr 11 19:00:45 ovzhost sshd[1215]: Received disconnect from 43.255.190.149: 11:  [preauth]
Apr 11 19:00:45 ovzhost sshd[1215]: PAM 2 more authentication failures; logname= uid=0 euid=0 tty=ssh ruser= rhost=43.255.190.149  user=root
Apr 11 19:00:46 ovzhost sshd[1217]: Failed password for root from 43.255.190.185 port 45026 ssh2
Apr 11 19:00:51 ovzhost sshd[1217]: message repeated 2 times: [ Failed password for root from 43.255.190.185 port 45026 ssh2]
Apr 11 19:00:51 ovzhost sshd[1217]: Received disconnect from 43.255.190.185: 11:  [preauth]
Apr 11 19:00:51 ovzhost sshd[1217]: PAM 2 more authentication failures; logname= uid=0 euid=0 tty=ssh ruser= rhost=43.255.190.185  user=root
Apr 11 19:00:51 ovzhost sshd[1224]: pam_unix(sshd:auth): authentication failure; logname= uid=0 euid=0 tty=ssh ruser= rhost=43.255.190.185  user=root
Apr 11 19:00:52 ovzhost sshd[1222]: pam_unix(sshd:auth): authentication failure; logname= uid=0 euid=0 tty=ssh ruser= rhost=43.255.190.149  user=root
Apr 11 19:00:54 ovzhost sshd[1224]: Failed password for root from 43.255.190.185 port 35382 ssh2
Apr 11 19:00:54 ovzhost sshd[1222]: Failed password for root from 43.255.190.149 port 52833 ssh2
Apr 11 19:00:57 ovzhost sshd[1224]: message repeated 2 times: [ Failed password for root from 43.255.190.185 port 35382 ssh2]
Apr 11 19:00:57 ovzhost sshd[1224]: Received disconnect from 43.255.190.185: 11:  [preauth]
Apr 11 19:00:57 ovzhost sshd[1224]: PAM 2 more authentication failures; logname= uid=0 euid=0 tty=ssh ruser= rhost=43.255.190.185  user=root
Apr 11 19:00:57 ovzhost sshd[1222]: message repeated 2 times: [ Failed password for root from 43.255.190.149 port 52833 ssh2]
Apr 11 19:00:57 ovzhost sshd[1222]: Received disconnect from 43.255.190.149: 11:  [preauth]
Apr 11 19:00:57 ovzhost sshd[1222]: PAM 2 more authentication failures; logname= uid=0 euid=0 tty=ssh ruser= rhost=43.255.190.149  user=root
Apr 11 19:00:58 ovzhost sshd[1226]: pam_unix(sshd:auth): authentication failure; logname= uid=0 euid=0 tty=ssh ruser= rhost=43.255.190.185  user=root
Apr 11 19:00:59 ovzhost sshd[1228]: pam_unix(sshd:auth): authentication failure; logname= uid=0 euid=0 tty=ssh ruser= rhost=43.255.190.149  user=root
Apr 11 19:01:00 ovzhost sshd[1226]: Failed password for root from 43.255.190.185 port 52640 ssh2
Apr 11 19:01:01 ovzhost sshd[1228]: Failed password for root from 43.255.190.149 port 43087 ssh2
Apr 11 19:01:05 ovzhost sshd[1226]: message repeated 2 times: [ Failed password for root from 43.255.190.185 port 52640 ssh2]
Apr 11 19:01:05 ovzhost sshd[1226]: Received disconnect from 43.255.190.185: 11:  [preauth]
Apr 11 19:01:05 ovzhost sshd[1226]: PAM 2 more authentication failures; logname= uid=0 euid=0 tty=ssh ruser= rhost=43.255.190.185  user=root
Apr 11 19:01:05 ovzhost sshd[1230]: pam_unix(sshd:auth): authentication failure; logname= uid=0 euid=0 tty=ssh ruser= rhost=43.255.190.185  user=root
Apr 11 19:01:06 ovzhost sshd[1228]: message repeated 2 times: [ Failed password for root from 43.255.190.149 port 43087 ssh2]
Apr 11 19:01:06 ovzhost sshd[1228]: Received disconnect from 43.255.190.149: 11:  [preauth]
Apr 11 19:01:06 ovzhost sshd[1228]: PAM 2 more authentication failures; logname= uid=0 euid=0 tty=ssh ruser= rhost=43.255.190.149  user=root
Apr 11 19:01:07 ovzhost sshd[1230]: Failed password for root from 43.255.190.185 port 43456 ssh2
Apr 11 19:01:07 ovzhost sshd[1232]: pam_unix(sshd:auth): authentication failure; logname= uid=0 euid=0 tty=ssh ruser= rhost=43.255.190.149  user=root
Apr 11 19:01:09 ovzhost sshd[1232]: Failed password for root from 43.255.190.149 port 54213 ssh2
Apr 11 19:01:12 ovzhost sshd[1230]: message repeated 2 times: [ Failed password for root from 43.255.190.185 port 43456 ssh2]
Apr 11 19:01:12 ovzhost sshd[1230]: Received disconnect from 43.255.190.185: 11:  [preauth]
Apr 11 19:01:12 ovzhost sshd[1230]: PAM 2 more authentication failures; logname= uid=0 euid=0 tty=ssh ruser= rhost=43.255.190.185  user=root
Apr 11 19:01:13 ovzhost sshd[1234]: pam_unix(sshd:auth): authentication failure; logname= uid=0 euid=0 tty=ssh ruser= rhost=43.255.190.185  user=root
Apr 11 19:01:13 ovzhost sshd[1232]: message repeated 2 times: [ Failed password for root from 43.255.190.149 port 54213 ssh2]
Apr 11 19:01:13 ovzhost sshd[1232]: Received disconnect from 43.255.190.149: 11:  [preauth]
Apr 11 19:01:13 ovzhost sshd[1232]: PAM 2 more authentication failures; logname= uid=0 euid=0 tty=ssh ruser= rhost=43.255.190.149  user=root
Apr 11 19:01:14 ovzhost sshd[1238]: pam_unix(sshd:auth): authentication failure; logname= uid=0 euid=0 tty=ssh ruser= rhost=43.255.190.149  user=root
Apr 11 19:01:15 ovzhost sshd[1234]: Failed password for root from 43.255.190.185 port 35412 ssh2
Apr 11 19:01:17 ovzhost sshd[1238]: Failed password for root from 43.255.190.149 port 36810 ssh2
Apr 11 19:01:19 ovzhost sshd[1234]: message repeated 2 times: [ Failed password for root from 43.255.190.185 port 35412 ssh2]
Apr 11 19:01:19 ovzhost sshd[1234]: Received disconnect from 43.255.190.185: 11:  [preauth]
Apr 11 19:01:19 ovzhost sshd[1234]: PAM 2 more authentication failures; logname= uid=0 euid=0 tty=ssh ruser= rhost=43.255.190.185  user=root
Apr 11 19:01:19 ovzhost sshd[1240]: pam_unix(sshd:auth): authentication failure; logname= uid=0 euid=0 tty=ssh ruser= rhost=43.255.190.185  user=root
Apr 11 19:01:21 ovzhost sshd[1238]: message repeated 2 times: [ Failed password for root from 43.255.190.149 port 36810 ssh2]
Apr 11 19:01:21 ovzhost sshd[1238]: Received disconnect from 43.255.190.149: 11:  [preauth]
Apr 11 19:01:21 ovzhost sshd[1238]: PAM 2 more authentication failures; logname= uid=0 euid=0 tty=ssh ruser= rhost=43.255.190.149  user=root
Apr 11 19:01:21 ovzhost sshd[1240]: Failed password for root from 43.255.190.185 port 52812 ssh2
Apr 11 19:01:22 ovzhost sshd[1242]: pam_unix(sshd:auth): authentication failure; logname= uid=0 euid=0 tty=ssh ruser= rhost=43.255.190.149  user=root
Apr 11 19:01:24 ovzhost sshd[1242]: Failed password for root from 43.255.190.149 port 47598 ssh2
Apr 11 19:01:26 ovzhost sshd[1240]: message repeated 2 times: [ Failed password for root from 43.255.190.185 port 52812 ssh2]
Apr 11 19:01:26 ovzhost sshd[1240]: Received disconnect from 43.255.190.185: 11:  [preauth]
Apr 11 19:01:26 ovzhost sshd[1240]: PAM 2 more authentication failures; logname= uid=0 euid=0 tty=ssh ruser= rhost=43.255.190.185  user=root
Apr 11 19:01:28 ovzhost sshd[1242]: message repeated 2 times: [ Failed password for root from 43.255.190.149 port 47598 ssh2]
Apr 11 19:01:29 ovzhost sshd[1242]: Received disconnect from 43.255.190.149: 11:  [preauth]
Apr 11 19:01:29 ovzhost sshd[1242]: PAM 2 more authentication failures; logname= uid=0 euid=0 tty=ssh ruser= rhost=43.255.190.149  user=root
Apr 11 19:01:29 ovzhost sshd[1244]: pam_unix(sshd:auth): authentication failure; logname= uid=0 euid=0 tty=ssh ruser= rhost=43.255.190.149  user=root
Apr 11 19:01:31 ovzhost sshd[1244]: Failed password for root from 43.255.190.149 port 58089 ssh2
Apr 11 19:01:35 ovzhost sshd[1244]: message repeated 2 times: [ Failed password for root from 43.255.190.149 port 58089 ssh2]
Apr 11 19:01:36 ovzhost sshd[1244]: Received disconnect from 43.255.190.149: 11:  [preauth]
Apr 11 19:01:36 ovzhost sshd[1244]: PAM 2 more authentication failures; logname= uid=0 euid=0 tty=ssh ruser= rhost=43.255.190.149  user=root
Apr 11 19:01:36 ovzhost sshd[1246]: pam_unix(sshd:auth): authentication failure; logname= uid=0 euid=0 tty=ssh ruser= rhost=43.255.190.149  user=root
Apr 11 19:01:38 ovzhost sshd[1246]: Failed password for root from 43.255.190.149 port 39658 ssh2
Apr 11 19:01:43 ovzhost sshd[1246]: message repeated 2 times: [ Failed password for root from 43.255.190.149 port 39658 ssh2]
Apr 11 19:01:44 ovzhost sshd[1246]: Received disconnect from 43.255.190.149: 11:  [preauth]
Apr 11 19:01:44 ovzhost sshd[1246]: PAM 2 more authentication failures; logname= uid=0 euid=0 tty=ssh ruser= rhost=43.255.190.149  user=root
Apr 11 19:01:47 ovzhost sshd[1248]: pam_unix(sshd:auth): authentication failure; logname= uid=0 euid=0 tty=ssh ruser= rhost=43.255.190.149  user=root
Apr 11 19:01:49 ovzhost sshd[1248]: Failed password for root from 43.255.190.149 port 51982 ssh2
Apr 11 19:01:53 ovzhost sshd[1248]: message repeated 2 times: [ Failed password for root from 43.255.190.149 port 51982 ssh2]
Apr 11 19:01:53 ovzhost sshd[1248]: Received disconnect from 43.255.190.149: 11:  [preauth]
Apr 11 19:01:53 ovzhost sshd[1248]: PAM 2 more authentication failures; logname= uid=0 euid=0 tty=ssh ruser= rhost=43.255.190.149  user=root
Apr 11 19:01:54 ovzhost sshd[1252]: pam_unix(sshd:auth): authentication failure; logname= uid=0 euid=0 tty=ssh ruser= rhost=43.255.190.149  user=root
Apr 11 19:01:56 ovzhost sshd[1252]: Failed password for root from 43.255.190.149 port 37121 ssh2
Apr 11 19:02:00 ovzhost sshd[1252]: message repeated 2 times: [ Failed password for root from 43.255.190.149 port 37121 ssh2]
Apr 11 19:02:00 ovzhost sshd[1252]: Received disconnect from 43.255.190.149: 11:  [preauth]
Apr 11 19:02:00 ovzhost sshd[1252]: PAM 2 more authentication failures; logname= uid=0 euid=0 tty=ssh ruser= rhost=43.255.190.149  user=root
Apr 11 19:02:06 ovzhost sshd[1255]: pam_unix(sshd:auth): authentication failure; logname= uid=0 euid=0 tty=ssh ruser= rhost=43.255.190.149  user=root
Apr 11 19:02:08 ovzhost sshd[1255]: Failed password for root from 43.255.190.149 port 56036 ssh2
Apr 11 19:02:12 ovzhost sshd[1255]: message repeated 2 times: [ Failed password for root from 43.255.190.149 port 56036 ssh2]
Apr 11 19:02:12 ovzhost sshd[1255]: Received disconnect from 43.255.190.149: 11:  [preauth]
Apr 11 19:02:12 ovzhost sshd[1255]: PAM 2 more authentication failures; logname= uid=0 euid=0 tty=ssh ruser= rhost=43.255.190.149  user=root
Apr 11 19:02:13 ovzhost sshd[1258]: pam_unix(sshd:auth): authentication failure; logname= uid=0 euid=0 tty=ssh ruser= rhost=43.255.190.149  user=root
Apr 11 19:02:16 ovzhost sshd[1258]: Failed password for root from 43.255.190.149 port 38669 ssh2
Apr 11 19:02:19 ovzhost sshd[1258]: message repeated 2 times: [ Failed password for root from 43.255.190.149 port 38669 ssh2]
Apr 11 19:02:19 ovzhost sshd[1258]: Received disconnect from 43.255.190.149: 11:  [preauth]
Apr 11 19:02:19 ovzhost sshd[1258]: PAM 2 more authentication failures; logname= uid=0 euid=0 tty=ssh ruser= rhost=43.255.190.149  user=root
Apr 11 19:02:21 ovzhost sshd[1260]: pam_unix(sshd:auth): authentication failure; logname= uid=0 euid=0 tty=ssh ruser= rhost=43.255.190.149  user=root
Apr 11 19:02:23 ovzhost sshd[1260]: Failed password for root from 43.255.190.149 port 48087 ssh2
Apr 11 19:02:27 ovzhost sshd[1260]: message repeated 2 times: [ Failed password for root from 43.255.190.149 port 48087 ssh2]
Apr 11 19:02:27 ovzhost sshd[1260]: Received disconnect from 43.255.190.149: 11:  [preauth]
Apr 11 19:02:27 ovzhost sshd[1260]: PAM 2 more authentication failures; logname= uid=0 euid=0 tty=ssh ruser= rhost=43.255.190.149  user=root
Apr 11 19:02:31 ovzhost sshd[1262]: pam_unix(sshd:auth): authentication failure; logname= uid=0 euid=0 tty=ssh ruser= rhost=43.255.190.149  user=root
Apr 11 19:02:34 ovzhost sshd[1262]: Failed password for root from 43.255.190.149 port 60535 ssh2
Apr 11 19:02:38 ovzhost sshd[1262]: message repeated 2 times: [ Failed password for root from 43.255.190.149 port 60535 ssh2]
Apr 11 19:02:38 ovzhost sshd[1262]: Received disconnect from 43.255.190.149: 11:  [preauth]
Apr 11 19:02:38 ovzhost sshd[1262]: PAM 2 more authentication failures; logname= uid=0 euid=0 tty=ssh ruser= rhost=43.255.190.149  user=root
Apr 11 19:02:44 ovzhost sshd[1264]: pam_unix(sshd:auth): authentication failure; logname= uid=0 euid=0 tty=ssh ruser= rhost=43.255.190.149  user=root
Apr 11 19:02:46 ovzhost sshd[1264]: Failed password for root from 43.255.190.149 port 48331 ssh2
Apr 11 19:02:50 ovzhost sshd[1264]: message repeated 2 times: [ Failed password for root from 43.255.190.149 port 48331 ssh2]
Apr 11 19:02:51 ovzhost sshd[1264]: Received disconnect from 43.255.190.149: 11:  [preauth]
Apr 11 19:02:51 ovzhost sshd[1264]: PAM 2 more authentication failures; logname= uid=0 euid=0 tty=ssh ruser= rhost=43.255.190.149  user=root
Apr 11 19:04:18 ovzhost sshd[1276]: Connection closed by 127.0.0.1 [preauth]
Apr 11 19:09:01 ovzhost CRON[1295]: pam_env(cron:session): Unable to open env file: /etc/default/locale: No such file or directory
Apr 11 19:09:01 ovzhost CRON[1295]: pam_unix(cron:session): session opened for user root by (uid=0)
Apr 11 19:09:01 ovzhost CRON[1296]: pam_env(cron:session): Unable to open env file: /etc/default/locale: No such file or directory
Apr 11 19:09:01 ovzhost CRON[1296]: pam_unix(cron:session): session opened for user root by (uid=0)
Apr 11 19:09:01 ovzhost CRON[1295]: pam_unix(cron:session): session closed for user root
Apr 11 19:09:01 ovzhost CRON[1296]: pam_unix(cron:session): session closed for user root
Apr 11 19:09:18 ovzhost sshd[1312]: Connection closed by 127.0.0.1 [preauth]
Apr 11 19:10:44 ovzhost sshd[1317]: Connection closed by 128.8.37.120 [preauth]
Apr 11 19:14:18 ovzhost sshd[1335]: Connection closed by 127.0.0.1 [preauth]
Apr 11 19:18:58 ovzhost sshd[1354]: pam_unix(sshd:auth): authentication failure; logname= uid=0 euid=0 tty=ssh ruser= rhost=43.255.190.187  user=root
Apr 11 19:18:59 ovzhost sshd[1356]: pam_unix(sshd:auth): authentication failure; logname= uid=0 euid=0 tty=ssh ruser= rhost=43.255.190.189  user=root
Apr 11 19:19:00 ovzhost sshd[1354]: Failed password for root from 43.255.190.187 port 56689 ssh2
Apr 11 19:19:00 ovzhost sshd[1356]: Failed password for root from 43.255.190.189 port 35531 ssh2
Apr 11 19:19:04 ovzhost sshd[1354]: message repeated 2 times: [ Failed password for root from 43.255.190.187 port 56689 ssh2]
Apr 11 19:19:04 ovzhost sshd[1354]: Received disconnect from 43.255.190.187: 11:  [preauth]
Apr 11 19:19:04 ovzhost sshd[1354]: PAM 2 more authentication failures; logname= uid=0 euid=0 tty=ssh ruser= rhost=43.255.190.187  user=root
Apr 11 19:19:04 ovzhost sshd[1356]: message repeated 2 times: [ Failed password for root from 43.255.190.189 port 35531 ssh2]
Apr 11 19:19:04 ovzhost sshd[1356]: Received disconnect from 43.255.190.189: 11:  [preauth]
Apr 11 19:19:04 ovzhost sshd[1356]: PAM 2 more authentication failures; logname= uid=0 euid=0 tty=ssh ruser= rhost=43.255.190.189  user=root
Apr 11 19:19:05 ovzhost sshd[1358]: pam_unix(sshd:auth): authentication failure; logname= uid=0 euid=0 tty=ssh ruser= rhost=43.255.190.187  user=root
Apr 11 19:19:05 ovzhost sshd[1360]: pam_unix(sshd:auth): authentication failure; logname= uid=0 euid=0 tty=ssh ruser= rhost=43.255.190.189  user=root
Apr 11 19:19:07 ovzhost sshd[1358]: Failed password for root from 43.255.190.187 port 44392 ssh2
Apr 11 19:19:07 ovzhost sshd[1360]: Failed password for root from 43.255.190.189 port 52025 ssh2
Apr 11 19:19:11 ovzhost sshd[1358]: message repeated 2 times: [ Failed password for root from 43.255.190.187 port 44392 ssh2]
Apr 11 19:19:11 ovzhost sshd[1358]: Received disconnect from 43.255.190.187: 11:  [preauth]
Apr 11 19:19:11 ovzhost sshd[1358]: PAM 2 more authentication failures; logname= uid=0 euid=0 tty=ssh ruser= rhost=43.255.190.187  user=root
Apr 11 19:19:11 ovzhost sshd[1360]: message repeated 2 times: [ Failed password for root from 43.255.190.189 port 52025 ssh2]
Apr 11 19:19:11 ovzhost sshd[1360]: Received disconnect from 43.255.190.189: 11:  [preauth]
Apr 11 19:19:11 ovzhost sshd[1360]: PAM 2 more authentication failures; logname= uid=0 euid=0 tty=ssh ruser= rhost=43.255.190.189  user=root
Apr 11 19:19:12 ovzhost sshd[1362]: pam_unix(sshd:auth): authentication failure; logname= uid=0 euid=0 tty=ssh ruser= rhost=43.255.190.187  user=root
Apr 11 19:19:12 ovzhost sshd[1364]: pam_unix(sshd:auth): authentication failure; logname= uid=0 euid=0 tty=ssh ruser= rhost=43.255.190.189  user=root
Apr 11 19:19:14 ovzhost sshd[1362]: Failed password for root from 43.255.190.187 port 33195 ssh2
Apr 11 19:19:14 ovzhost sshd[1364]: Failed password for root from 43.255.190.189 port 42060 ssh2
Apr 11 19:19:18 ovzhost sshd[1369]: Connection closed by 127.0.0.1 [preauth]
Apr 11 19:19:18 ovzhost sshd[1362]: message repeated 2 times: [ Failed password for root from 43.255.190.187 port 33195 ssh2]
Apr 11 19:19:18 ovzhost sshd[1362]: Received disconnect from 43.255.190.187: 11:  [preauth]
Apr 11 19:19:18 ovzhost sshd[1362]: PAM 2 more authentication failures; logname= uid=0 euid=0 tty=ssh ruser= rhost=43.255.190.187  user=root
Apr 11 19:19:18 ovzhost sshd[1364]: message repeated 2 times: [ Failed password for root from 43.255.190.189 port 42060 ssh2]
Apr 11 19:19:18 ovzhost sshd[1364]: Received disconnect from 43.255.190.189: 11:  [preauth]
Apr 11 19:19:18 ovzhost sshd[1364]: PAM 2 more authentication failures; logname= uid=0 euid=0 tty=ssh ruser= rhost=43.255.190.189  user=root
Apr 11 19:19:19 ovzhost sshd[1371]: pam_unix(sshd:auth): authentication failure; logname= uid=0 euid=0 tty=ssh ruser= rhost=43.255.190.187  user=root
Apr 11 19:19:19 ovzhost sshd[1373]: pam_unix(sshd:auth): authentication failure; logname= uid=0 euid=0 tty=ssh ruser= rhost=43.255.190.189  user=root
Apr 11 19:19:21 ovzhost sshd[1371]: Failed password for root from 43.255.190.187 port 51333 ssh2
Apr 11 19:19:21 ovzhost sshd[1373]: Failed password for root from 43.255.190.189 port 32784 ssh2
Apr 11 19:19:25 ovzhost sshd[1371]: message repeated 2 times: [ Failed password for root from 43.255.190.187 port 51333 ssh2]
Apr 11 19:19:25 ovzhost sshd[1371]: Received disconnect from 43.255.190.187: 11:  [preauth]
Apr 11 19:19:25 ovzhost sshd[1371]: PAM 2 more authentication failures; logname= uid=0 euid=0 tty=ssh ruser= rhost=43.255.190.187  user=root
Apr 11 19:19:25 ovzhost sshd[1373]: message repeated 2 times: [ Failed password for root from 43.255.190.189 port 32784 ssh2]
