Apr 11 00:27:56 ovzhost sshd[969]: pam_unix(sshd:auth): authentication failure; logname= uid=0 euid=0 tty=ssh ruser= rhost=43.255.190.143  user=root
Apr 11 00:27:58 ovzhost sshd[969]: Failed password for root from 43.255.190.143 port 55337 ssh2
Apr 11 00:27:58 ovzhost sshd[967]: message repeated 2 times: [ Failed password for root from 43.255.190.119 port 55618 ssh2]
Apr 11 00:27:58 ovzhost sshd[967]: Received disconnect from 43.255.190.119: 11:  [preauth]
Apr 11 00:27:58 ovzhost sshd[967]: PAM 2 more authentication failures; logname= uid=0 euid=0 tty=ssh ruser= rhost=43.255.190.119  user=root
Apr 11 00:28:00 ovzhost sshd[971]: pam_unix(sshd:auth): authentication failure; logname= uid=0 euid=0 tty=ssh ruser= rhost=43.255.190.119  user=root
Apr 11 00:28:02 ovzhost sshd[969]: message repeated 2 times: [ Failed password for root from 43.255.190.143 port 55337 ssh2]
Apr 11 00:28:02 ovzhost sshd[969]: Received disconnect from 43.255.190.143: 11:  [preauth]
Apr 11 00:28:02 ovzhost sshd[969]: PAM 2 more authentication failures; logname= uid=0 euid=0 tty=ssh ruser= rhost=43.255.190.143  user=root
Apr 11 00:28:02 ovzhost sshd[971]: Failed password for root from 43.255.190.119 port 43249 ssh2
Apr 11 00:28:05 ovzhost sshd[973]: pam_unix(sshd:auth): authentication failure; logname= uid=0 euid=0 tty=ssh ruser= rhost=43.255.190.143  user=root
Apr 11 00:28:07 ovzhost sshd[971]: message repeated 2 times: [ Failed password for root from 43.255.190.119 port 43249 ssh2]
Apr 11 00:28:07 ovzhost sshd[971]: Received disconnect from 43.255.190.119: 11:  [preauth]
Apr 11 00:28:07 ovzhost sshd[971]: PAM 2 more authentication failures; logname= uid=0 euid=0 tty=ssh ruser= rhost=43.255.190.119  user=root
Apr 11 00:28:07 ovzhost sshd[973]: Failed password for root from 43.255.190.143 port 43175 ssh2
Apr 11 00:28:10 ovzhost sshd[975]: pam_unix(sshd:auth): authentication failure; logname= uid=0 euid=0 tty=ssh ruser= rhost=43.255.190.119  user=root
Apr 11 00:28:11 ovzhost sshd[973]: message repeated 2 times: [ Failed password for root from 43.255.190.143 port 43175 ssh2]
Apr 11 00:28:11 ovzhost sshd[973]: Received disconnect from 43.255.190.143: 11:  [preauth]
Apr 11 00:28:11 ovzhost sshd[973]: PAM 2 more authentication failures; logname= uid=0 euid=0 tty=ssh ruser= rhost=43.255.190.143  user=root
Apr 11 00:28:12 ovzhost sshd[975]: Failed password for root from 43.255.190.119 port 34400 ssh2
Apr 11 00:28:13 ovzhost sshd[978]: pam_unix(sshd:auth): authentication failure; logname= uid=0 euid=0 tty=ssh ruser= rhost=43.255.190.143  user=root
Apr 11 00:28:14 ovzhost sshd[978]: Failed password for root from 43.255.190.143 port 36000 ssh2
Apr 11 00:28:16 ovzhost sshd[975]: message repeated 2 times: [ Failed password for root from 43.255.190.119 port 34400 ssh2]
Apr 11 00:28:17 ovzhost sshd[975]: Received disconnect from 43.255.190.119: 11:  [preauth]
Apr 11 00:28:17 ovzhost sshd[975]: PAM 2 more authentication failures; logname= uid=0 euid=0 tty=ssh ruser= rhost=43.255.190.119  user=root
Apr 11 00:28:19 ovzhost sshd[981]: pam_unix(sshd:auth): authentication failure; logname= uid=0 euid=0 tty=ssh ruser= rhost=43.255.190.119  user=root
Apr 11 00:28:19 ovzhost sshd[978]: message repeated 2 times: [ Failed password for root from 43.255.190.143 port 36000 ssh2]
Apr 11 00:28:19 ovzhost sshd[978]: Received disconnect from 43.255.190.143: 11:  [preauth]
Apr 11 00:28:19 ovzhost sshd[978]: PAM 2 more authentication failures; logname= uid=0 euid=0 tty=ssh ruser= rhost=43.255.190.143  user=root
Apr 11 00:28:21 ovzhost sshd[981]: Failed password for root from 43.255.190.119 port 53986 ssh2
Apr 11 00:28:22 ovzhost sshd[983]: pam_unix(sshd:auth): authentication failure; logname= uid=0 euid=0 tty=ssh ruser= rhost=43.255.190.143  user=root
Apr 11 00:28:24 ovzhost sshd[983]: Failed password for root from 43.255.190.143 port 52077 ssh2
Apr 11 00:28:25 ovzhost sshd[981]: message repeated 2 times: [ Failed password for root from 43.255.190.119 port 53986 ssh2]
Apr 11 00:28:25 ovzhost sshd[981]: Received disconnect from 43.255.190.119: 11:  [preauth]
Apr 11 00:28:25 ovzhost sshd[981]: PAM 2 more authentication failures; logname= uid=0 euid=0 tty=ssh ruser= rhost=43.255.190.119  user=root
Apr 11 00:28:26 ovzhost sshd[985]: pam_unix(sshd:auth): authentication failure; logname= uid=0 euid=0 tty=ssh ruser= rhost=43.255.190.119  user=root
Apr 11 00:28:28 ovzhost sshd[983]: message repeated 2 times: [ Failed password for root from 43.255.190.143 port 52077 ssh2]
Apr 11 00:28:28 ovzhost sshd[983]: Received disconnect from 43.255.190.143: 11:  [preauth]
Apr 11 00:28:28 ovzhost sshd[983]: PAM 2 more authentication failures; logname= uid=0 euid=0 tty=ssh ruser= rhost=43.255.190.143  user=root
Apr 11 00:28:28 ovzhost sshd[985]: Failed password for root from 43.255.190.119 port 42819 ssh2
Apr 11 00:28:29 ovzhost sshd[987]: pam_unix(sshd:auth): authentication failure; logname= uid=0 euid=0 tty=ssh ruser= rhost=43.255.190.143  user=root
Apr 11 00:28:30 ovzhost sshd[987]: Failed password for root from 43.255.190.143 port 45095 ssh2
Apr 11 00:28:33 ovzhost sshd[985]: message repeated 2 times: [ Failed password for root from 43.255.190.119 port 42819 ssh2]
Apr 11 00:28:33 ovzhost sshd[985]: Received disconnect from 43.255.190.119: 11:  [preauth]
Apr 11 00:28:33 ovzhost sshd[985]: PAM 2 more authentication failures; logname= uid=0 euid=0 tty=ssh ruser= rhost=43.255.190.119  user=root
Apr 11 00:28:35 ovzhost sshd[989]: pam_unix(sshd:auth): authentication failure; logname= uid=0 euid=0 tty=ssh ruser= rhost=43.255.190.119  user=root
Apr 11 00:28:35 ovzhost sshd[987]: message repeated 2 times: [ Failed password for root from 43.255.190.143 port 45095 ssh2]
Apr 11 00:28:35 ovzhost sshd[987]: Received disconnect from 43.255.190.143: 11:  [preauth]
Apr 11 00:28:35 ovzhost sshd[987]: PAM 2 more authentication failures; logname= uid=0 euid=0 tty=ssh ruser= rhost=43.255.190.143  user=root
Apr 11 00:28:37 ovzhost sshd[991]: pam_unix(sshd:auth): authentication failure; logname= uid=0 euid=0 tty=ssh ruser= rhost=43.255.190.143  user=root
Apr 11 00:28:37 ovzhost sshd[989]: Failed password for root from 43.255.190.119 port 59568 ssh2
Apr 11 00:28:39 ovzhost sshd[991]: Failed password for root from 43.255.190.143 port 33554 ssh2
Apr 11 00:28:41 ovzhost sshd[989]: message repeated 2 times: [ Failed password for root from 43.255.190.119 port 59568 ssh2]
Apr 11 00:28:42 ovzhost sshd[989]: Received disconnect from 43.255.190.119: 11:  [preauth]
Apr 11 00:28:42 ovzhost sshd[989]: PAM 2 more authentication failures; logname= uid=0 euid=0 tty=ssh ruser= rhost=43.255.190.119  user=root
Apr 11 00:28:43 ovzhost sshd[993]: pam_unix(sshd:auth): authentication failure; logname= uid=0 euid=0 tty=ssh ruser= rhost=43.255.190.119  user=root
Apr 11 00:28:43 ovzhost sshd[991]: message repeated 2 times: [ Failed password for root from 43.255.190.143 port 33554 ssh2]
Apr 11 00:28:43 ovzhost sshd[991]: Received disconnect from 43.255.190.143: 11:  [preauth]
Apr 11 00:28:43 ovzhost sshd[991]: PAM 2 more authentication failures; logname= uid=0 euid=0 tty=ssh ruser= rhost=43.255.190.143  user=root
Apr 11 00:28:45 ovzhost sshd[993]: Failed password for root from 43.255.190.119 port 49992 ssh2
Apr 11 00:28:45 ovzhost sshd[995]: pam_unix(sshd:auth): authentication failure; logname= uid=0 euid=0 tty=ssh ruser= rhost=43.255.190.143  user=root
Apr 11 00:28:47 ovzhost sshd[995]: Failed password for root from 43.255.190.143 port 51320 ssh2
Apr 11 00:28:48 ovzhost sshd[993]: message repeated 2 times: [ Failed password for root from 43.255.190.119 port 49992 ssh2]
Apr 11 00:28:48 ovzhost sshd[993]: Received disconnect from 43.255.190.119: 11:  [preauth]
Apr 11 00:28:48 ovzhost sshd[993]: PAM 2 more authentication failures; logname= uid=0 euid=0 tty=ssh ruser= rhost=43.255.190.119  user=root
Apr 11 00:28:50 ovzhost sshd[997]: pam_unix(sshd:auth): authentication failure; logname= uid=0 euid=0 tty=ssh ruser= rhost=43.255.190.119  user=root
Apr 11 00:28:52 ovzhost sshd[995]: message repeated 2 times: [ Failed password for root from 43.255.190.143 port 51320 ssh2]
Apr 11 00:28:53 ovzhost sshd[995]: Received disconnect from 43.255.190.143: 11:  [preauth]
Apr 11 00:28:53 ovzhost sshd[995]: PAM 2 more authentication failures; logname= uid=0 euid=0 tty=ssh ruser= rhost=43.255.190.143  user=root
Apr 11 00:28:53 ovzhost sshd[997]: Failed password for root from 43.255.190.119 port 37166 ssh2
Apr 11 00:28:53 ovzhost sshd[1001]: pam_unix(sshd:auth): authentication failure; logname= uid=0 euid=0 tty=ssh ruser= rhost=43.255.190.143  user=root
Apr 11 00:28:55 ovzhost sshd[1001]: Failed password for root from 43.255.190.143 port 44758 ssh2
Apr 11 00:28:58 ovzhost sshd[997]: message repeated 2 times: [ Failed password for root from 43.255.190.119 port 37166 ssh2]
Apr 11 00:28:58 ovzhost sshd[997]: Received disconnect from 43.255.190.119: 11:  [preauth]
Apr 11 00:28:58 ovzhost sshd[997]: PAM 2 more authentication failures; logname= uid=0 euid=0 tty=ssh ruser= rhost=43.255.190.119  user=root
Apr 11 00:28:59 ovzhost sshd[1003]: pam_unix(sshd:auth): authentication failure; logname= uid=0 euid=0 tty=ssh ruser= rhost=43.255.190.119  user=root
Apr 11 00:28:59 ovzhost sshd[1001]: message repeated 2 times: [ Failed password for root from 43.255.190.143 port 44758 ssh2]
Apr 11 00:29:00 ovzhost sshd[1001]: Received disconnect from 43.255.190.143: 11:  [preauth]
Apr 11 00:29:00 ovzhost sshd[1001]: PAM 2 more authentication failures; logname= uid=0 euid=0 tty=ssh ruser= rhost=43.255.190.143  user=root
Apr 11 00:29:00 ovzhost sshd[1005]: pam_unix(sshd:auth): authentication failure; logname= uid=0 euid=0 tty=ssh ruser= rhost=43.255.190.143  user=root
Apr 11 00:29:01 ovzhost sshd[1003]: Failed password for root from 43.255.190.119 port 57104 ssh2
Apr 11 00:29:03 ovzhost sshd[1005]: Failed password for root from 43.255.190.143 port 33121 ssh2
Apr 11 00:29:06 ovzhost sshd[1003]: message repeated 2 times: [ Failed password for root from 43.255.190.119 port 57104 ssh2]
Apr 11 00:29:06 ovzhost sshd[1003]: Received disconnect from 43.255.190.119: 11:  [preauth]
Apr 11 00:29:06 ovzhost sshd[1003]: PAM 2 more authentication failures; logname= uid=0 euid=0 tty=ssh ruser= rhost=43.255.190.119  user=root
Apr 11 00:29:06 ovzhost sshd[1007]: pam_unix(sshd:auth): authentication failure; logname= uid=0 euid=0 tty=ssh ruser= rhost=43.255.190.119  user=root
Apr 11 00:29:07 ovzhost sshd[1005]: message repeated 2 times: [ Failed password for root from 43.255.190.143 port 33121 ssh2]
Apr 11 00:29:07 ovzhost sshd[1005]: Received disconnect from 43.255.190.143: 11:  [preauth]
Apr 11 00:29:07 ovzhost sshd[1005]: PAM 2 more authentication failures; logname= uid=0 euid=0 tty=ssh ruser= rhost=43.255.190.143  user=root
Apr 11 00:29:07 ovzhost sshd[1009]: pam_unix(sshd:auth): authentication failure; logname= uid=0 euid=0 tty=ssh ruser= rhost=43.255.190.143  user=root
Apr 11 00:29:08 ovzhost sshd[1007]: Failed password for root from 43.255.190.119 port 45812 ssh2
Apr 11 00:29:09 ovzhost sshd[1009]: Failed password for root from 43.255.190.143 port 49771 ssh2
Apr 11 00:29:12 ovzhost sshd[1009]: message repeated 2 times: [ Failed password for root from 43.255.190.143 port 49771 ssh2]
Apr 11 00:29:12 ovzhost sshd[1009]: Received disconnect from 43.255.190.143: 11:  [preauth]
Apr 11 00:29:12 ovzhost sshd[1009]: PAM 2 more authentication failures; logname= uid=0 euid=0 tty=ssh ruser= rhost=43.255.190.143  user=root
Apr 11 00:29:12 ovzhost sshd[1007]: message repeated 2 times: [ Failed password for root from 43.255.190.119 port 45812 ssh2]
Apr 11 00:29:13 ovzhost sshd[1007]: Received disconnect from 43.255.190.119: 11:  [preauth]
Apr 11 00:29:13 ovzhost sshd[1007]: PAM 2 more authentication failures; logname= uid=0 euid=0 tty=ssh ruser= rhost=43.255.190.119  user=root
Apr 11 00:29:13 ovzhost sshd[1011]: pam_unix(sshd:auth): authentication failure; logname= uid=0 euid=0 tty=ssh ruser= rhost=43.255.190.143  user=root
Apr 11 00:29:13 ovzhost sshd[1013]: pam_unix(sshd:auth): authentication failure; logname= uid=0 euid=0 tty=ssh ruser= rhost=43.255.190.119  user=root
Apr 11 00:29:16 ovzhost sshd[1011]: Failed password for root from 43.255.190.143 port 35714 ssh2
Apr 11 00:29:16 ovzhost sshd[1013]: Failed password for root from 43.255.190.119 port 33770 ssh2
Apr 11 00:29:20 ovzhost sshd[1011]: message repeated 2 times: [ Failed password for root from 43.255.190.143 port 35714 ssh2]
Apr 11 00:29:20 ovzhost sshd[1011]: Received disconnect from 43.255.190.143: 11:  [preauth]
Apr 11 00:29:20 ovzhost sshd[1011]: PAM 2 more authentication failures; logname= uid=0 euid=0 tty=ssh ruser= rhost=43.255.190.143  user=root
Apr 11 00:29:21 ovzhost sshd[1018]: pam_unix(sshd:auth): authentication failure; logname= uid=0 euid=0 tty=ssh ruser= rhost=43.255.190.143  user=root
Apr 11 00:29:21 ovzhost sshd[1013]: message repeated 2 times: [ Failed password for root from 43.255.190.119 port 33770 ssh2]
Apr 11 00:29:21 ovzhost sshd[1013]: Received disconnect from 43.255.190.119: 11:  [preauth]
Apr 11 00:29:21 ovzhost sshd[1013]: PAM 2 more authentication failures; logname= uid=0 euid=0 tty=ssh ruser= rhost=43.255.190.119  user=root
Apr 11 00:29:22 ovzhost sshd[1020]: pam_unix(sshd:auth): authentication failure; logname= uid=0 euid=0 tty=ssh ruser= rhost=43.255.190.119  user=root
Apr 11 00:29:23 ovzhost sshd[1018]: Failed password for root from 43.255.190.143 port 53729 ssh2
Apr 11 00:29:24 ovzhost sshd[1020]: Failed password for root from 43.255.190.119 port 52279 ssh2
Apr 11 00:29:26 ovzhost sshd[1018]: message repeated 2 times: [ Failed password for root from 43.255.190.143 port 53729 ssh2]
Apr 11 00:29:27 ovzhost sshd[1018]: Received disconnect from 43.255.190.143: 11:  [preauth]
Apr 11 00:29:27 ovzhost sshd[1018]: PAM 2 more authentication failures; logname= uid=0 euid=0 tty=ssh ruser= rhost=43.255.190.143  user=root
Apr 11 00:29:28 ovzhost sshd[1020]: message repeated 2 times: [ Failed password for root from 43.255.190.119 port 52279 ssh2]
Apr 11 00:29:28 ovzhost sshd[1020]: Received disconnect from 43.255.190.119: 11:  [preauth]
Apr 11 00:29:28 ovzhost sshd[1020]: PAM 2 more authentication failures; logname= uid=0 euid=0 tty=ssh ruser= rhost=43.255.190.119  user=root
Apr 11 00:29:28 ovzhost sshd[1022]: pam_unix(sshd:auth): authentication failure; logname= uid=0 euid=0 tty=ssh ruser= rhost=43.255.190.143  user=root
Apr 11 00:29:29 ovzhost sshd[1024]: pam_unix(sshd:auth): authentication failure; logname= uid=0 euid=0 tty=ssh ruser= rhost=43.255.190.119  user=root
Apr 11 00:29:30 ovzhost sshd[1022]: Failed password for root from 43.255.190.143 port 40244 ssh2
Apr 11 00:29:31 ovzhost sshd[1024]: Failed password for root from 43.255.190.119 port 39072 ssh2
Apr 11 00:29:34 ovzhost sshd[1022]: message repeated 2 times: [ Failed password for root from 43.255.190.143 port 40244 ssh2]
Apr 11 00:29:34 ovzhost sshd[1022]: Received disconnect from 43.255.190.143: 11:  [preauth]
Apr 11 00:29:34 ovzhost sshd[1022]: PAM 2 more authentication failures; logname= uid=0 euid=0 tty=ssh ruser= rhost=43.255.190.143  user=root
Apr 11 00:29:34 ovzhost sshd[1024]: message repeated 2 times: [ Failed password for root from 43.255.190.119 port 39072 ssh2]
Apr 11 00:29:35 ovzhost sshd[1024]: Received disconnect from 43.255.190.119: 11:  [preauth]
Apr 11 00:29:35 ovzhost sshd[1024]: PAM 2 more authentication failures; logname= uid=0 euid=0 tty=ssh ruser= rhost=43.255.190.119  user=root
Apr 11 00:29:35 ovzhost sshd[1026]: pam_unix(sshd:auth): authentication failure; logname= uid=0 euid=0 tty=ssh ruser= rhost=43.255.190.143  user=root
Apr 11 00:29:35 ovzhost sshd[1028]: pam_unix(sshd:auth): authentication failure; logname= uid=0 euid=0 tty=ssh ruser= rhost=43.255.190.119  user=root
Apr 11 00:29:37 ovzhost sshd[1026]: Failed password for root from 43.255.190.143 port 59125 ssh2
Apr 11 00:29:37 ovzhost sshd[1028]: Failed password for root from 43.255.190.119 port 53437 ssh2
Apr 11 00:29:41 ovzhost sshd[1026]: message repeated 2 times: [ Failed password for root from 43.255.190.143 port 59125 ssh2]
Apr 11 00:29:41 ovzhost sshd[1026]: Received disconnect from 43.255.190.143: 11:  [preauth]
Apr 11 00:29:41 ovzhost sshd[1026]: PAM 2 more authentication failures; logname= uid=0 euid=0 tty=ssh ruser= rhost=43.255.190.143  user=root
Apr 11 00:29:41 ovzhost sshd[1028]: message repeated 2 times: [ Failed password for root from 43.255.190.119 port 53437 ssh2]
Apr 11 00:29:41 ovzhost sshd[1028]: Received disconnect from 43.255.190.119: 11:  [preauth]
Apr 11 00:29:41 ovzhost sshd[1028]: PAM 2 more authentication failures; logname= uid=0 euid=0 tty=ssh ruser= rhost=43.255.190.119  user=root
Apr 11 00:29:41 ovzhost sshd[1030]: pam_unix(sshd:auth): authentication failure; logname= uid=0 euid=0 tty=ssh ruser= rhost=43.255.190.143  user=root
Apr 11 00:29:41 ovzhost sshd[1032]: pam_unix(sshd:auth): authentication failure; logname= uid=0 euid=0 tty=ssh ruser= rhost=43.255.190.119  user=root
Apr 11 00:29:43 ovzhost sshd[1030]: Failed password for root from 43.255.190.143 port 47269 ssh2
Apr 11 00:29:43 ovzhost sshd[1032]: Failed password for root from 43.255.190.119 port 39753 ssh2
Apr 11 00:29:47 ovzhost sshd[1032]: message repeated 2 times: [ Failed password for root from 43.255.190.119 port 39753 ssh2]
Apr 11 00:29:48 ovzhost sshd[1032]: Received disconnect from 43.255.190.119: 11:  [preauth]
Apr 11 00:29:48 ovzhost sshd[1032]: PAM 2 more authentication failures; logname= uid=0 euid=0 tty=ssh ruser= rhost=43.255.190.119  user=root
Apr 11 00:29:48 ovzhost sshd[1030]: message repeated 2 times: [ Failed password for root from 43.255.190.143 port 47269 ssh2]
Apr 11 00:29:48 ovzhost sshd[1030]: Received disconnect from 43.255.190.143: 11:  [preauth]
Apr 11 00:29:48 ovzhost sshd[1030]: PAM 2 more authentication failures; logname= uid=0 euid=0 tty=ssh ruser= rhost=43.255.190.143  user=root
Apr 11 00:29:50 ovzhost sshd[1036]: pam_unix(sshd:auth): authentication failure; logname= uid=0 euid=0 tty=ssh ruser= rhost=43.255.190.119  user=root
Apr 11 00:29:51 ovzhost sshd[1034]: pam_unix(sshd:auth): authentication failure; logname= uid=0 euid=0 tty=ssh ruser= rhost=43.255.190.143  user=root
Apr 11 00:29:52 ovzhost sshd[1036]: Failed password for root from 43.255.190.119 port 54675 ssh2
Apr 11 00:29:53 ovzhost sshd[1034]: Failed password for root from 43.255.190.143 port 36619 ssh2
Apr 11 00:29:57 ovzhost sshd[1036]: message repeated 2 times: [ Failed password for root from 43.255.190.119 port 54675 ssh2]
Apr 11 00:29:57 ovzhost sshd[1036]: Received disconnect from 43.255.190.119: 11:  [preauth]
Apr 11 00:29:57 ovzhost sshd[1036]: PAM 2 more authentication failures; logname= uid=0 euid=0 tty=ssh ruser= rhost=43.255.190.119  user=root
Apr 11 00:29:57 ovzhost sshd[1034]: message repeated 2 times: [ Failed password for root from 43.255.190.143 port 36619 ssh2]
Apr 11 00:29:57 ovzhost sshd[1034]: Received disconnect from 43.255.190.143: 11:  [preauth]
Apr 11 00:29:57 ovzhost sshd[1034]: PAM 2 more authentication failures; logname= uid=0 euid=0 tty=ssh ruser= rhost=43.255.190.143  user=root
Apr 11 00:29:58 ovzhost sshd[1038]: pam_unix(sshd:auth): authentication failure; logname= uid=0 euid=0 tty=ssh ruser= rhost=43.255.190.143  user=root
Apr 11 00:29:59 ovzhost sshd[1040]: pam_unix(sshd:auth): authentication failure; logname= uid=0 euid=0 tty=ssh ruser= rhost=43.255.190.119  user=root
Apr 11 00:30:00 ovzhost sshd[1038]: Failed password for root from 43.255.190.143 port 56274 ssh2
Apr 11 00:30:01 ovzhost sshd[1040]: Failed password for root from 43.255.190.119 port 45767 ssh2
Apr 11 00:30:04 ovzhost sshd[1038]: message repeated 2 times: [ Failed password for root from 43.255.190.143 port 56274 ssh2]
Apr 11 00:30:05 ovzhost sshd[1038]: Received disconnect from 43.255.190.143: 11:  [preauth]
Apr 11 00:30:05 ovzhost sshd[1038]: PAM 2 more authentication failures; logname= uid=0 euid=0 tty=ssh ruser= rhost=43.255.190.143  user=root
Apr 11 00:30:05 ovzhost sshd[1040]: message repeated 2 times: [ Failed password for root from 43.255.190.119 port 45767 ssh2]
Apr 11 00:30:05 ovzhost sshd[1040]: Received disconnect from 43.255.190.119: 11:  [preauth]
Apr 11 00:30:05 ovzhost sshd[1040]: PAM 2 more authentication failures; logname= uid=0 euid=0 tty=ssh ruser= rhost=43.255.190.119  user=root
Apr 11 00:30:05 ovzhost sshd[1042]: pam_unix(sshd:auth): authentication failure; logname= uid=0 euid=0 tty=ssh ruser= rhost=43.255.190.143  user=root
Apr 11 00:30:06 ovzhost sshd[1044]: pam_unix(sshd:auth): authentication failure; logname= uid=0 euid=0 tty=ssh ruser= rhost=43.255.190.119  user=root
Apr 11 00:30:07 ovzhost sshd[1042]: Failed password for root from 43.255.190.143 port 46002 ssh2
Apr 11 00:30:08 ovzhost sshd[1044]: Failed password for root from 43.255.190.119 port 36280 ssh2
Apr 11 00:30:11 ovzhost sshd[1042]: message repeated 2 times: [ Failed password for root from 43.255.190.143 port 46002 ssh2]
Apr 11 00:30:11 ovzhost sshd[1042]: Received disconnect from 43.255.190.143: 11:  [preauth]
Apr 11 00:30:11 ovzhost sshd[1042]: PAM 2 more authentication failures; logname= uid=0 euid=0 tty=ssh ruser= rhost=43.255.190.143  user=root
Apr 11 00:30:12 ovzhost sshd[1046]: pam_unix(sshd:auth): authentication failure; logname= uid=0 euid=0 tty=ssh ruser= rhost=43.255.190.143  user=root
Apr 11 00:30:13 ovzhost sshd[1044]: message repeated 2 times: [ Failed password for root from 43.255.190.119 port 36280 ssh2]
Apr 11 00:30:13 ovzhost sshd[1044]: Received disconnect from 43.255.190.119: 11:  [preauth]
Apr 11 00:30:13 ovzhost sshd[1044]: PAM 2 more authentication failures; logname= uid=0 euid=0 tty=ssh ruser= rhost=43.255.190.119  user=root
Apr 11 00:30:13 ovzhost sshd[1048]: pam_unix(sshd:auth): authentication failure; logname= uid=0 euid=0 tty=ssh ruser= rhost=43.255.190.119  user=root
Apr 11 00:30:14 ovzhost sshd[1046]: Failed password for root from 43.255.190.143 port 35006 ssh2
Apr 11 00:30:15 ovzhost sshd[1048]: Failed password for root from 43.255.190.119 port 51832 ssh2
Apr 11 00:30:18 ovzhost sshd[1046]: message repeated 2 times: [ Failed password for root from 43.255.190.143 port 35006 ssh2]
Apr 11 00:30:18 ovzhost sshd[1046]: Received disconnect from 43.255.190.143: 11:  [preauth]
Apr 11 00:30:18 ovzhost sshd[1046]: PAM 2 more authentication failures; logname= uid=0 euid=0 tty=ssh ruser= rhost=43.255.190.143  user=root
Apr 11 00:30:18 ovzhost sshd[1048]: message repeated 2 times: [ Failed password for root from 43.255.190.119 port 51832 ssh2]
Apr 11 00:30:19 ovzhost sshd[1048]: Received disconnect from 43.255.190.119: 11:  [preauth]
Apr 11 00:30:19 ovzhost sshd[1048]: PAM 2 more authentication failures; logname= uid=0 euid=0 tty=ssh ruser= rhost=43.255.190.119  user=root
Apr 11 00:30:19 ovzhost sshd[1052]: pam_unix(sshd:auth): authentication failure; logname= uid=0 euid=0 tty=ssh ruser= rhost=43.255.190.143  user=root
Apr 11 00:30:21 ovzhost sshd[1056]: pam_unix(sshd:auth): authentication failure; logname= uid=0 euid=0 tty=ssh ruser= rhost=43.255.190.119  user=root
Apr 11 00:30:22 ovzhost sshd[1052]: Failed password for root from 43.255.190.143 port 51997 ssh2
Apr 11 00:30:23 ovzhost sshd[1056]: Failed password for root from 43.255.190.119 port 38677 ssh2
Apr 11 00:30:25 ovzhost sshd[1052]: message repeated 2 times: [ Failed password for root from 43.255.190.143 port 51997 ssh2]
Apr 11 00:30:25 ovzhost sshd[1052]: Received disconnect from 43.255.190.143: 11:  [preauth]
Apr 11 00:30:25 ovzhost sshd[1052]: PAM 2 more authentication failures; logname= uid=0 euid=0 tty=ssh ruser= rhost=43.255.190.143  user=root
Apr 11 00:30:27 ovzhost sshd[1058]: pam_unix(sshd:auth): authentication failure; logname= uid=0 euid=0 tty=ssh ruser= rhost=43.255.190.143  user=root
Apr 11 00:30:27 ovzhost sshd[1056]: message repeated 2 times: [ Failed password for root from 43.255.190.119 port 38677 ssh2]
Apr 11 00:30:28 ovzhost sshd[1056]: Received disconnect from 43.255.190.119: 11:  [preauth]
Apr 11 00:30:28 ovzhost sshd[1056]: PAM 2 more authentication failures; logname= uid=0 euid=0 tty=ssh ruser= rhost=43.255.190.119  user=root
Apr 11 00:30:29 ovzhost sshd[1060]: pam_unix(sshd:auth): authentication failure; logname= uid=0 euid=0 tty=ssh ruser= rhost=43.255.190.119  user=root
Apr 11 00:30:29 ovzhost sshd[1058]: Failed password for root from 43.255.190.143 port 41521 ssh2
Apr 11 00:30:30 ovzhost sshd[1060]: Failed password for root from 43.255.190.119 port 58472 ssh2
Apr 11 00:30:33 ovzhost sshd[1058]: message repeated 2 times: [ Failed password for root from 43.255.190.143 port 41521 ssh2]
Apr 11 00:30:33 ovzhost sshd[1058]: Received disconnect from 43.255.190.143: 11:  [preauth]
Apr 11 00:30:33 ovzhost sshd[1058]: PAM 2 more authentication failures; logname= uid=0 euid=0 tty=ssh ruser= rhost=43.255.190.143  user=root
Apr 11 00:30:36 ovzhost sshd[1060]: message repeated 2 times: [ Failed password for root from 43.255.190.119 port 58472 ssh2]
Apr 11 00:30:36 ovzhost sshd[1060]: Received disconnect from 43.255.190.119: 11:  [preauth]
Apr 11 00:30:36 ovzhost sshd[1060]: PAM 2 more authentication failures; logname= uid=0 euid=0 tty=ssh ruser= rhost=43.255.190.119  user=root
Apr 11 00:30:38 ovzhost sshd[1062]: pam_unix(sshd:auth): authentication failure; logname= uid=0 euid=0 tty=ssh ruser= rhost=43.255.190.143  user=root
Apr 11 00:30:40 ovzhost sshd[1064]: pam_unix(sshd:auth): authentication failure; logname= uid=0 euid=0 tty=ssh ruser= rhost=43.255.190.119  user=root
Apr 11 00:30:40 ovzhost sshd[1067]: Connection closed by 127.0.0.1 [preauth]
Apr 11 00:30:40 ovzhost sshd[1062]: Failed password for root from 43.255.190.143 port 59909 ssh2
Apr 11 00:30:41 ovzhost sshd[1064]: Failed password for root from 43.255.190.119 port 48478 ssh2
Apr 11 00:30:44 ovzhost sshd[1062]: message repeated 2 times: [ Failed password for root from 43.255.190.143 port 59909 ssh2]
Apr 11 00:30:44 ovzhost sshd[1062]: Received disconnect from 43.255.190.143: 11:  [preauth]
Apr 11 00:30:44 ovzhost sshd[1062]: PAM 2 more authentication failures; logname= uid=0 euid=0 tty=ssh ruser= rhost=43.255.190.143  user=root
Apr 11 00:30:45 ovzhost sshd[1069]: pam_unix(sshd:auth): authentication failure; logname= uid=0 euid=0 tty=ssh ruser= rhost=43.255.190.143  user=root
Apr 11 00:30:45 ovzhost sshd[1064]: message repeated 2 times: [ Failed password for root from 43.255.190.119 port 48478 ssh2]
Apr 11 00:30:46 ovzhost sshd[1064]: Received disconnect from 43.255.190.119: 11:  [preauth]
Apr 11 00:30:46 ovzhost sshd[1064]: PAM 2 more authentication failures; logname= uid=0 euid=0 tty=ssh ruser= rhost=43.255.190.119  user=root
Apr 11 00:30:46 ovzhost sshd[1071]: pam_unix(sshd:auth): authentication failure; logname= uid=0 euid=0 tty=ssh ruser= rhost=43.255.190.119  user=root
Apr 11 00:30:47 ovzhost sshd[1069]: Failed password for root from 43.255.190.143 port 55829 ssh2
Apr 11 00:30:48 ovzhost sshd[1071]: Failed password for root from 43.255.190.119 port 42016 ssh2
Apr 11 00:30:52 ovzhost sshd[1069]: message repeated 2 times: [ Failed password for root from 43.255.190.143 port 55829 ssh2]
Apr 11 00:30:52 ovzhost sshd[1069]: Received disconnect from 43.255.190.143: 11:  [preauth]
Apr 11 00:30:52 ovzhost sshd[1069]: PAM 2 more authentication failures; logname= uid=0 euid=0 tty=ssh ruser= rhost=43.255.190.143  user=root
Apr 11 00:30:52 ovzhost sshd[1073]: pam_unix(sshd:auth): authentication failure; logname= uid=0 euid=0 tty=ssh ruser= rhost=43.255.190.143  user=root
Apr 11 00:30:52 ovzhost sshd[1071]: message repeated 2 times: [ Failed password for root from 43.255.190.119 port 42016 ssh2]
Apr 11 00:30:52 ovzhost sshd[1071]: Received disconnect from 43.255.190.119: 11:  [preauth]
Apr 11 00:30:52 ovzhost sshd[1071]: PAM 2 more authentication failures; logname= uid=0 euid=0 tty=ssh ruser= rhost=43.255.190.119  user=root
Apr 11 00:30:54 ovzhost sshd[1073]: Failed password for root from 43.255.190.143 port 45619 ssh2
Apr 11 00:30:59 ovzhost sshd[1073]: message repeated 2 times: [ Failed password for root from 43.255.190.143 port 45619 ssh2]
Apr 11 00:30:59 ovzhost sshd[1073]: Received disconnect from 43.255.190.143: 11:  [preauth]
Apr 11 00:30:59 ovzhost sshd[1073]: PAM 2 more authentication failures; logname= uid=0 euid=0 tty=ssh ruser= rhost=43.255.190.143  user=root
Apr 11 00:32:57 ovzhost sshd[1080]: reverse mapping checking getaddrinfo for 153-127-166-207-ptr.centennialpr.net [207.166.127.153] failed - POSSIBLE BREAK-IN ATTEMPT!
Apr 11 00:32:57 ovzhost sshd[1080]: Invalid user master from 207.166.127.153
Apr 11 00:32:57 ovzhost sshd[1080]: input_userauth_request: invalid user master [preauth]
Apr 11 00:32:57 ovzhost sshd[1080]: pam_unix(sshd:auth): check pass; user unknown
Apr 11 00:32:57 ovzhost sshd[1080]: pam_unix(sshd:auth): authentication failure; logname= uid=0 euid=0 tty=ssh ruser= rhost=207.166.127.153 
Apr 11 00:32:59 ovzhost sshd[1080]: Failed password for invalid user master from 207.166.127.153 port 51668 ssh2
Apr 11 00:32:59 ovzhost sshd[1080]: Connection closed by 207.166.127.153 [preauth]
