Apr 10 23:11:17 ovzhost sshd[1184]: Received disconnect from 43.255.190.190: 11:  [preauth]
Apr 10 23:11:17 ovzhost sshd[1184]: PAM 2 more authentication failures; logname= uid=0 euid=0 tty=ssh ruser= rhost=43.255.190.190  user=root
Apr 10 23:11:18 ovzhost sshd[1186]: pam_unix(sshd:auth): authentication failure; logname= uid=0 euid=0 tty=ssh ruser= rhost=43.255.190.190  user=root
Apr 10 23:11:20 ovzhost sshd[1186]: Failed password for root from 43.255.190.190 port 58437 ssh2
Apr 10 23:11:21 ovzhost sshd[1182]: message repeated 2 times: [ Failed password for root from 43.255.190.184 port 40718 ssh2]
Apr 10 23:11:21 ovzhost sshd[1182]: Received disconnect from 43.255.190.184: 11:  [preauth]
Apr 10 23:11:21 ovzhost sshd[1182]: PAM 2 more authentication failures; logname= uid=0 euid=0 tty=ssh ruser= rhost=43.255.190.184  user=root
Apr 10 23:11:23 ovzhost sshd[1190]: pam_unix(sshd:auth): authentication failure; logname= uid=0 euid=0 tty=ssh ruser= rhost=43.255.190.184  user=root
Apr 10 23:11:24 ovzhost sshd[1186]: message repeated 2 times: [ Failed password for root from 43.255.190.190 port 58437 ssh2]
Apr 10 23:11:24 ovzhost sshd[1186]: Received disconnect from 43.255.190.190: 11:  [preauth]
Apr 10 23:11:24 ovzhost sshd[1186]: PAM 2 more authentication failures; logname= uid=0 euid=0 tty=ssh ruser= rhost=43.255.190.190  user=root
Apr 10 23:11:25 ovzhost sshd[1192]: pam_unix(sshd:auth): authentication failure; logname= uid=0 euid=0 tty=ssh ruser= rhost=43.255.190.190  user=root
Apr 10 23:11:26 ovzhost sshd[1190]: Failed password for root from 43.255.190.184 port 51379 ssh2
Apr 10 23:11:27 ovzhost sshd[1192]: Failed password for root from 43.255.190.190 port 47155 ssh2
Apr 10 23:11:31 ovzhost sshd[1190]: message repeated 2 times: [ Failed password for root from 43.255.190.184 port 51379 ssh2]
Apr 10 23:11:32 ovzhost sshd[1190]: Received disconnect from 43.255.190.184: 11:  [preauth]
Apr 10 23:11:32 ovzhost sshd[1190]: PAM 2 more authentication failures; logname= uid=0 euid=0 tty=ssh ruser= rhost=43.255.190.184  user=root
Apr 10 23:11:32 ovzhost sshd[1192]: message repeated 2 times: [ Failed password for root from 43.255.190.190 port 47155 ssh2]
Apr 10 23:11:32 ovzhost sshd[1192]: Received disconnect from 43.255.190.190: 11:  [preauth]
Apr 10 23:11:32 ovzhost sshd[1192]: PAM 2 more authentication failures; logname= uid=0 euid=0 tty=ssh ruser= rhost=43.255.190.190  user=root
Apr 10 23:11:33 ovzhost sshd[1196]: pam_unix(sshd:auth): authentication failure; logname= uid=0 euid=0 tty=ssh ruser= rhost=43.255.190.190  user=root
Apr 10 23:11:34 ovzhost sshd[1196]: Failed password for root from 43.255.190.190 port 36494 ssh2
Apr 10 23:11:35 ovzhost sshd[1194]: pam_unix(sshd:auth): authentication failure; logname= uid=0 euid=0 tty=ssh ruser= rhost=43.255.190.184  user=root
Apr 10 23:11:38 ovzhost sshd[1194]: Failed password for root from 43.255.190.184 port 58768 ssh2
Apr 10 23:11:39 ovzhost sshd[1196]: message repeated 2 times: [ Failed password for root from 43.255.190.190 port 36494 ssh2]
Apr 10 23:11:39 ovzhost sshd[1196]: Received disconnect from 43.255.190.190: 11:  [preauth]
Apr 10 23:11:39 ovzhost sshd[1196]: PAM 2 more authentication failures; logname= uid=0 euid=0 tty=ssh ruser= rhost=43.255.190.190  user=root
Apr 10 23:11:39 ovzhost sshd[1198]: pam_unix(sshd:auth): authentication failure; logname= uid=0 euid=0 tty=ssh ruser= rhost=43.255.190.190  user=root
Apr 10 23:11:42 ovzhost sshd[1198]: Failed password for root from 43.255.190.190 port 52308 ssh2
Apr 10 23:11:42 ovzhost sshd[1194]: message repeated 2 times: [ Failed password for root from 43.255.190.184 port 58768 ssh2]
Apr 10 23:11:43 ovzhost sshd[1194]: Received disconnect from 43.255.190.184: 11:  [preauth]
Apr 10 23:11:43 ovzhost sshd[1194]: PAM 2 more authentication failures; logname= uid=0 euid=0 tty=ssh ruser= rhost=43.255.190.184  user=root
Apr 10 23:11:45 ovzhost sshd[1198]: message repeated 2 times: [ Failed password for root from 43.255.190.190 port 52308 ssh2]
Apr 10 23:11:45 ovzhost sshd[1198]: Received disconnect from 43.255.190.190: 11:  [preauth]
Apr 10 23:11:45 ovzhost sshd[1198]: PAM 2 more authentication failures; logname= uid=0 euid=0 tty=ssh ruser= rhost=43.255.190.190  user=root
Apr 10 23:11:46 ovzhost sshd[1200]: pam_unix(sshd:auth): authentication failure; logname= uid=0 euid=0 tty=ssh ruser= rhost=43.255.190.184  user=root
Apr 10 23:11:46 ovzhost sshd[1204]: pam_unix(sshd:auth): authentication failure; logname= uid=0 euid=0 tty=ssh ruser= rhost=43.255.190.190  user=root
Apr 10 23:11:48 ovzhost sshd[1200]: Failed password for root from 43.255.190.184 port 39087 ssh2
Apr 10 23:11:48 ovzhost sshd[1204]: Failed password for root from 43.255.190.190 port 39024 ssh2
Apr 10 23:11:52 ovzhost sshd[1200]: message repeated 2 times: [ Failed password for root from 43.255.190.184 port 39087 ssh2]
Apr 10 23:11:53 ovzhost sshd[1200]: Received disconnect from 43.255.190.184: 11:  [preauth]
Apr 10 23:11:53 ovzhost sshd[1200]: PAM 2 more authentication failures; logname= uid=0 euid=0 tty=ssh ruser= rhost=43.255.190.184  user=root
Apr 10 23:11:53 ovzhost sshd[1204]: message repeated 2 times: [ Failed password for root from 43.255.190.190 port 39024 ssh2]
Apr 10 23:11:53 ovzhost sshd[1204]: Received disconnect from 43.255.190.190: 11:  [preauth]
Apr 10 23:11:53 ovzhost sshd[1204]: PAM 2 more authentication failures; logname= uid=0 euid=0 tty=ssh ruser= rhost=43.255.190.190  user=root
Apr 10 23:11:54 ovzhost sshd[1208]: pam_unix(sshd:auth): authentication failure; logname= uid=0 euid=0 tty=ssh ruser= rhost=43.255.190.190  user=root
Apr 10 23:11:55 ovzhost sshd[1208]: Failed password for root from 43.255.190.190 port 56381 ssh2
Apr 10 23:11:58 ovzhost sshd[1206]: pam_unix(sshd:auth): authentication failure; logname= uid=0 euid=0 tty=ssh ruser= rhost=43.255.190.184  user=root
Apr 10 23:11:59 ovzhost sshd[1208]: message repeated 2 times: [ Failed password for root from 43.255.190.190 port 56381 ssh2]
Apr 10 23:11:59 ovzhost sshd[1208]: Received disconnect from 43.255.190.190: 11:  [preauth]
Apr 10 23:11:59 ovzhost sshd[1208]: PAM 2 more authentication failures; logname= uid=0 euid=0 tty=ssh ruser= rhost=43.255.190.190  user=root
Apr 10 23:11:59 ovzhost sshd[1206]: Failed password for root from 43.255.190.184 port 46503 ssh2
Apr 10 23:12:00 ovzhost sshd[1210]: pam_unix(sshd:auth): authentication failure; logname= uid=0 euid=0 tty=ssh ruser= rhost=43.255.190.190  user=root
Apr 10 23:12:02 ovzhost sshd[1210]: Failed password for root from 43.255.190.190 port 43646 ssh2
Apr 10 23:12:05 ovzhost sshd[1206]: message repeated 2 times: [ Failed password for root from 43.255.190.184 port 46503 ssh2]
Apr 10 23:12:06 ovzhost sshd[1206]: Received disconnect from 43.255.190.184: 11:  [preauth]
Apr 10 23:12:06 ovzhost sshd[1206]: PAM 2 more authentication failures; logname= uid=0 euid=0 tty=ssh ruser= rhost=43.255.190.184  user=root
Apr 10 23:12:07 ovzhost sshd[1210]: message repeated 2 times: [ Failed password for root from 43.255.190.190 port 43646 ssh2]
Apr 10 23:12:07 ovzhost sshd[1210]: Received disconnect from 43.255.190.190: 11:  [preauth]
Apr 10 23:12:07 ovzhost sshd[1210]: PAM 2 more authentication failures; logname= uid=0 euid=0 tty=ssh ruser= rhost=43.255.190.190  user=root
Apr 10 23:12:07 ovzhost sshd[1213]: pam_unix(sshd:auth): authentication failure; logname= uid=0 euid=0 tty=ssh ruser= rhost=43.255.190.190  user=root
Apr 10 23:12:09 ovzhost sshd[1212]: pam_unix(sshd:auth): authentication failure; logname= uid=0 euid=0 tty=ssh ruser= rhost=43.255.190.184  user=root
Apr 10 23:12:09 ovzhost sshd[1213]: Failed password for root from 43.255.190.190 port 32936 ssh2
Apr 10 23:12:10 ovzhost sshd[1212]: Failed password for root from 43.255.190.184 port 55451 ssh2
Apr 10 23:12:13 ovzhost sshd[1213]: message repeated 2 times: [ Failed password for root from 43.255.190.190 port 32936 ssh2]
Apr 10 23:12:13 ovzhost sshd[1213]: Received disconnect from 43.255.190.190: 11:  [preauth]
Apr 10 23:12:13 ovzhost sshd[1213]: PAM 2 more authentication failures; logname= uid=0 euid=0 tty=ssh ruser= rhost=43.255.190.190  user=root
Apr 10 23:12:14 ovzhost sshd[1217]: pam_unix(sshd:auth): authentication failure; logname= uid=0 euid=0 tty=ssh ruser= rhost=43.255.190.190  user=root
Apr 10 23:12:16 ovzhost sshd[1217]: Failed password for root from 43.255.190.190 port 48952 ssh2
Apr 10 23:12:17 ovzhost sshd[1212]: message repeated 2 times: [ Failed password for root from 43.255.190.184 port 55451 ssh2]
Apr 10 23:12:17 ovzhost sshd[1212]: Received disconnect from 43.255.190.184: 11:  [preauth]
Apr 10 23:12:17 ovzhost sshd[1212]: PAM 2 more authentication failures; logname= uid=0 euid=0 tty=ssh ruser= rhost=43.255.190.184  user=root
Apr 10 23:12:20 ovzhost sshd[1217]: message repeated 2 times: [ Failed password for root from 43.255.190.190 port 48952 ssh2]
Apr 10 23:12:20 ovzhost sshd[1217]: Received disconnect from 43.255.190.190: 11:  [preauth]
Apr 10 23:12:20 ovzhost sshd[1217]: PAM 2 more authentication failures; logname= uid=0 euid=0 tty=ssh ruser= rhost=43.255.190.190  user=root
Apr 10 23:12:21 ovzhost sshd[1220]: pam_unix(sshd:auth): authentication failure; logname= uid=0 euid=0 tty=ssh ruser= rhost=43.255.190.190  user=root
Apr 10 23:12:22 ovzhost sshd[1220]: Failed password for root from 43.255.190.190 port 37100 ssh2
Apr 10 23:12:27 ovzhost sshd[1220]: message repeated 2 times: [ Failed password for root from 43.255.190.190 port 37100 ssh2]
Apr 10 23:12:27 ovzhost sshd[1220]: Received disconnect from 43.255.190.190: 11:  [preauth]
Apr 10 23:12:27 ovzhost sshd[1220]: PAM 2 more authentication failures; logname= uid=0 euid=0 tty=ssh ruser= rhost=43.255.190.190  user=root
Apr 10 23:12:28 ovzhost sshd[1223]: pam_unix(sshd:auth): authentication failure; logname= uid=0 euid=0 tty=ssh ruser= rhost=43.255.190.190  user=root
Apr 10 23:12:30 ovzhost sshd[1223]: Failed password for root from 43.255.190.190 port 53805 ssh2
Apr 10 23:12:34 ovzhost sshd[1223]: message repeated 2 times: [ Failed password for root from 43.255.190.190 port 53805 ssh2]
Apr 10 23:12:34 ovzhost sshd[1223]: Received disconnect from 43.255.190.190: 11:  [preauth]
Apr 10 23:12:34 ovzhost sshd[1223]: PAM 2 more authentication failures; logname= uid=0 euid=0 tty=ssh ruser= rhost=43.255.190.190  user=root
Apr 10 23:12:35 ovzhost sshd[1225]: pam_unix(sshd:auth): authentication failure; logname= uid=0 euid=0 tty=ssh ruser= rhost=43.255.190.190  user=root
Apr 10 23:12:35 ovzhost sshd[1228]: Connection closed by 127.0.0.1 [preauth]
Apr 10 23:12:37 ovzhost sshd[1225]: Failed password for root from 43.255.190.190 port 41835 ssh2
Apr 10 23:12:40 ovzhost sshd[1219]: pam_unix(sshd:auth): authentication failure; logname= uid=0 euid=0 tty=ssh ruser= rhost=43.255.190.184  user=root
Apr 10 23:12:41 ovzhost sshd[1225]: message repeated 2 times: [ Failed password for root from 43.255.190.190 port 41835 ssh2]
Apr 10 23:12:41 ovzhost sshd[1225]: Received disconnect from 43.255.190.190: 11:  [preauth]
Apr 10 23:12:41 ovzhost sshd[1225]: PAM 2 more authentication failures; logname= uid=0 euid=0 tty=ssh ruser= rhost=43.255.190.190  user=root
Apr 10 23:12:42 ovzhost sshd[1230]: pam_unix(sshd:auth): authentication failure; logname= uid=0 euid=0 tty=ssh ruser= rhost=43.255.190.190  user=root
Apr 10 23:12:42 ovzhost sshd[1219]: Failed password for root from 43.255.190.184 port 36192 ssh2
Apr 10 23:12:44 ovzhost sshd[1230]: Failed password for root from 43.255.190.190 port 59709 ssh2
Apr 10 23:12:46 ovzhost sshd[1219]: message repeated 2 times: [ Failed password for root from 43.255.190.184 port 36192 ssh2]
Apr 10 23:12:46 ovzhost sshd[1219]: Received disconnect from 43.255.190.184: 11:  [preauth]
Apr 10 23:12:46 ovzhost sshd[1219]: PAM 2 more authentication failures; logname= uid=0 euid=0 tty=ssh ruser= rhost=43.255.190.184  user=root
Apr 10 23:12:48 ovzhost sshd[1230]: message repeated 2 times: [ Failed password for root from 43.255.190.190 port 59709 ssh2]
Apr 10 23:12:49 ovzhost sshd[1230]: Received disconnect from 43.255.190.190: 11:  [preauth]
Apr 10 23:12:49 ovzhost sshd[1230]: PAM 2 more authentication failures; logname= uid=0 euid=0 tty=ssh ruser= rhost=43.255.190.190  user=root
Apr 10 23:12:49 ovzhost sshd[1232]: pam_unix(sshd:auth): authentication failure; logname= uid=0 euid=0 tty=ssh ruser= rhost=43.255.190.184  user=root
Apr 10 23:12:49 ovzhost sshd[1234]: pam_unix(sshd:auth): authentication failure; logname= uid=0 euid=0 tty=ssh ruser= rhost=43.255.190.190  user=root
Apr 10 23:12:51 ovzhost sshd[1232]: Failed password for root from 43.255.190.184 port 58002 ssh2
Apr 10 23:12:51 ovzhost sshd[1234]: Failed password for root from 43.255.190.190 port 48210 ssh2
Apr 10 23:12:54 ovzhost sshd[1232]: message repeated 2 times: [ Failed password for root from 43.255.190.184 port 58002 ssh2]
Apr 10 23:12:54 ovzhost sshd[1232]: Received disconnect from 43.255.190.184: 11:  [preauth]
Apr 10 23:12:54 ovzhost sshd[1232]: PAM 2 more authentication failures; logname= uid=0 euid=0 tty=ssh ruser= rhost=43.255.190.184  user=root
Apr 10 23:12:55 ovzhost sshd[1234]: message repeated 2 times: [ Failed password for root from 43.255.190.190 port 48210 ssh2]
Apr 10 23:12:55 ovzhost sshd[1234]: Received disconnect from 43.255.190.190: 11:  [preauth]
Apr 10 23:12:55 ovzhost sshd[1234]: PAM 2 more authentication failures; logname= uid=0 euid=0 tty=ssh ruser= rhost=43.255.190.190  user=root
Apr 10 23:12:55 ovzhost sshd[1238]: pam_unix(sshd:auth): authentication failure; logname= uid=0 euid=0 tty=ssh ruser= rhost=43.255.190.190  user=root
Apr 10 23:12:57 ovzhost sshd[1238]: Failed password for root from 43.255.190.190 port 36137 ssh2
Apr 10 23:12:58 ovzhost sshd[1236]: pam_unix(sshd:auth): authentication failure; logname= uid=0 euid=0 tty=ssh ruser= rhost=43.255.190.184  user=root
Apr 10 23:13:00 ovzhost sshd[1236]: Failed password for root from 43.255.190.184 port 35626 ssh2
Apr 10 23:13:01 ovzhost sshd[1238]: message repeated 2 times: [ Failed password for root from 43.255.190.190 port 36137 ssh2]
Apr 10 23:13:01 ovzhost sshd[1238]: Received disconnect from 43.255.190.190: 11:  [preauth]
Apr 10 23:13:01 ovzhost sshd[1238]: PAM 2 more authentication failures; logname= uid=0 euid=0 tty=ssh ruser= rhost=43.255.190.190  user=root
Apr 10 23:13:02 ovzhost sshd[1241]: pam_unix(sshd:auth): authentication failure; logname= uid=0 euid=0 tty=ssh ruser= rhost=43.255.190.190  user=root
Apr 10 23:13:04 ovzhost sshd[1241]: Failed password for root from 43.255.190.190 port 51577 ssh2
Apr 10 23:13:04 ovzhost sshd[1236]: message repeated 2 times: [ Failed password for root from 43.255.190.184 port 35626 ssh2]
Apr 10 23:13:04 ovzhost sshd[1236]: Received disconnect from 43.255.190.184: 11:  [preauth]
Apr 10 23:13:04 ovzhost sshd[1236]: PAM 2 more authentication failures; logname= uid=0 euid=0 tty=ssh ruser= rhost=43.255.190.184  user=root
Apr 10 23:13:07 ovzhost sshd[1241]: message repeated 2 times: [ Failed password for root from 43.255.190.190 port 51577 ssh2]
Apr 10 23:13:07 ovzhost sshd[1241]: Received disconnect from 43.255.190.190: 11:  [preauth]
Apr 10 23:13:07 ovzhost sshd[1241]: PAM 2 more authentication failures; logname= uid=0 euid=0 tty=ssh ruser= rhost=43.255.190.190  user=root
Apr 10 23:13:08 ovzhost sshd[1247]: pam_unix(sshd:auth): authentication failure; logname= uid=0 euid=0 tty=ssh ruser= rhost=43.255.190.190  user=root
Apr 10 23:13:10 ovzhost sshd[1247]: Failed password for root from 43.255.190.190 port 38187 ssh2
Apr 10 23:13:14 ovzhost sshd[1247]: message repeated 2 times: [ Failed password for root from 43.255.190.190 port 38187 ssh2]
Apr 10 23:13:14 ovzhost sshd[1247]: Received disconnect from 43.255.190.190: 11:  [preauth]
Apr 10 23:13:14 ovzhost sshd[1247]: PAM 2 more authentication failures; logname= uid=0 euid=0 tty=ssh ruser= rhost=43.255.190.190  user=root
Apr 10 23:13:14 ovzhost sshd[1252]: pam_unix(sshd:auth): authentication failure; logname= uid=0 euid=0 tty=ssh ruser= rhost=43.255.190.190  user=root
Apr 10 23:13:15 ovzhost sshd[1245]: pam_unix(sshd:auth): authentication failure; logname= uid=0 euid=0 tty=ssh ruser= rhost=43.255.190.184  user=root
Apr 10 23:13:16 ovzhost sshd[1252]: Failed password for root from 43.255.190.190 port 54358 ssh2
Apr 10 23:13:16 ovzhost sshd[1245]: Failed password for root from 43.255.190.184 port 42628 ssh2
Apr 10 23:13:20 ovzhost sshd[1252]: message repeated 2 times: [ Failed password for root from 43.255.190.190 port 54358 ssh2]
Apr 10 23:13:20 ovzhost sshd[1252]: Received disconnect from 43.255.190.190: 11:  [preauth]
Apr 10 23:13:20 ovzhost sshd[1252]: PAM 2 more authentication failures; logname= uid=0 euid=0 tty=ssh ruser= rhost=43.255.190.190  user=root
Apr 10 23:13:21 ovzhost sshd[1254]: pam_unix(sshd:auth): authentication failure; logname= uid=0 euid=0 tty=ssh ruser= rhost=43.255.190.190  user=root
Apr 10 23:13:21 ovzhost sshd[1245]: message repeated 2 times: [ Failed password for root from 43.255.190.184 port 42628 ssh2]
Apr 10 23:13:21 ovzhost sshd[1245]: Received disconnect from 43.255.190.184: 11:  [preauth]
Apr 10 23:13:21 ovzhost sshd[1245]: PAM 2 more authentication failures; logname= uid=0 euid=0 tty=ssh ruser= rhost=43.255.190.184  user=root
Apr 10 23:13:22 ovzhost sshd[1254]: Failed password for root from 43.255.190.190 port 41819 ssh2
Apr 10 23:13:26 ovzhost sshd[1254]: message repeated 2 times: [ Failed password for root from 43.255.190.190 port 41819 ssh2]
Apr 10 23:13:26 ovzhost sshd[1254]: Received disconnect from 43.255.190.190: 11:  [preauth]
Apr 10 23:13:26 ovzhost sshd[1254]: PAM 2 more authentication failures; logname= uid=0 euid=0 tty=ssh ruser= rhost=43.255.190.190  user=root
Apr 10 23:13:27 ovzhost sshd[1258]: pam_unix(sshd:auth): authentication failure; logname= uid=0 euid=0 tty=ssh ruser= rhost=43.255.190.190  user=root
Apr 10 23:13:29 ovzhost sshd[1258]: Failed password for root from 43.255.190.190 port 56925 ssh2
Apr 10 23:13:33 ovzhost sshd[1260]: pam_unix(sshd:auth): authentication failure; logname= uid=0 euid=0 tty=ssh ruser= rhost=43.255.190.184  user=root
Apr 10 23:13:33 ovzhost sshd[1258]: message repeated 2 times: [ Failed password for root from 43.255.190.190 port 56925 ssh2]
Apr 10 23:13:33 ovzhost sshd[1258]: Received disconnect from 43.255.190.190: 11:  [preauth]
Apr 10 23:13:33 ovzhost sshd[1258]: PAM 2 more authentication failures; logname= uid=0 euid=0 tty=ssh ruser= rhost=43.255.190.190  user=root
Apr 10 23:13:33 ovzhost sshd[1262]: pam_unix(sshd:auth): authentication failure; logname= uid=0 euid=0 tty=ssh ruser= rhost=43.255.190.190  user=root
Apr 10 23:13:34 ovzhost sshd[1260]: Failed password for root from 43.255.190.184 port 33269 ssh2
Apr 10 23:13:35 ovzhost sshd[1262]: Failed password for root from 43.255.190.190 port 44952 ssh2
Apr 10 23:13:38 ovzhost sshd[1260]: message repeated 2 times: [ Failed password for root from 43.255.190.184 port 33269 ssh2]
Apr 10 23:13:38 ovzhost sshd[1260]: Received disconnect from 43.255.190.184: 11:  [preauth]
Apr 10 23:13:38 ovzhost sshd[1260]: PAM 2 more authentication failures; logname= uid=0 euid=0 tty=ssh ruser= rhost=43.255.190.184  user=root
Apr 10 23:13:39 ovzhost sshd[1262]: message repeated 2 times: [ Failed password for root from 43.255.190.190 port 44952 ssh2]
Apr 10 23:13:39 ovzhost sshd[1262]: Received disconnect from 43.255.190.190: 11:  [preauth]
Apr 10 23:13:39 ovzhost sshd[1262]: PAM 2 more authentication failures; logname= uid=0 euid=0 tty=ssh ruser= rhost=43.255.190.190  user=root
Apr 10 23:13:40 ovzhost sshd[1268]: pam_unix(sshd:auth): authentication failure; logname= uid=0 euid=0 tty=ssh ruser= rhost=43.255.190.190  user=root
Apr 10 23:13:41 ovzhost sshd[1268]: Failed password for root from 43.255.190.190 port 60743 ssh2
Apr 10 23:13:46 ovzhost sshd[1268]: message repeated 2 times: [ Failed password for root from 43.255.190.190 port 60743 ssh2]
Apr 10 23:13:46 ovzhost sshd[1268]: Received disconnect from 43.255.190.190: 11:  [preauth]
Apr 10 23:13:46 ovzhost sshd[1268]: PAM 2 more authentication failures; logname= uid=0 euid=0 tty=ssh ruser= rhost=43.255.190.190  user=root
Apr 10 23:13:46 ovzhost sshd[1270]: pam_unix(sshd:auth): authentication failure; logname= uid=0 euid=0 tty=ssh ruser= rhost=43.255.190.190  user=root
Apr 10 23:13:48 ovzhost sshd[1270]: Failed password for root from 43.255.190.190 port 48392 ssh2
Apr 10 23:13:53 ovzhost sshd[1270]: message repeated 2 times: [ Failed password for root from 43.255.190.190 port 48392 ssh2]
Apr 10 23:13:53 ovzhost sshd[1270]: Received disconnect from 43.255.190.190: 11:  [preauth]
Apr 10 23:13:53 ovzhost sshd[1270]: PAM 2 more authentication failures; logname= uid=0 euid=0 tty=ssh ruser= rhost=43.255.190.190  user=root
Apr 10 23:13:53 ovzhost sshd[1272]: pam_unix(sshd:auth): authentication failure; logname= uid=0 euid=0 tty=ssh ruser= rhost=43.255.190.190  user=root
Apr 10 23:13:56 ovzhost sshd[1272]: Failed password for root from 43.255.190.190 port 37593 ssh2
Apr 10 23:13:57 ovzhost sshd[1266]: Connection closed by 43.255.190.184 [preauth]
Apr 10 23:13:59 ovzhost sshd[1272]: message repeated 2 times: [ Failed password for root from 43.255.190.190 port 37593 ssh2]
Apr 10 23:13:59 ovzhost sshd[1272]: Received disconnect from 43.255.190.190: 11:  [preauth]
Apr 10 23:13:59 ovzhost sshd[1272]: PAM 2 more authentication failures; logname= uid=0 euid=0 tty=ssh ruser= rhost=43.255.190.190  user=root
Apr 10 23:14:00 ovzhost sshd[1274]: pam_unix(sshd:auth): authentication failure; logname= uid=0 euid=0 tty=ssh ruser= rhost=43.255.190.190  user=root
Apr 10 23:14:02 ovzhost sshd[1274]: Failed password for root from 43.255.190.190 port 52873 ssh2
Apr 10 23:14:06 ovzhost sshd[1274]: message repeated 2 times: [ Failed password for root from 43.255.190.190 port 52873 ssh2]
Apr 10 23:14:06 ovzhost sshd[1274]: Received disconnect from 43.255.190.190: 11:  [preauth]
Apr 10 23:14:06 ovzhost sshd[1274]: PAM 2 more authentication failures; logname= uid=0 euid=0 tty=ssh ruser= rhost=43.255.190.190  user=root
Apr 10 23:14:07 ovzhost sshd[1276]: pam_unix(sshd:auth): authentication failure; logname= uid=0 euid=0 tty=ssh ruser= rhost=43.255.190.190  user=root
Apr 10 23:14:10 ovzhost sshd[1276]: Failed password for root from 43.255.190.190 port 42108 ssh2
Apr 10 23:14:13 ovzhost sshd[1276]: message repeated 2 times: [ Failed password for root from 43.255.190.190 port 42108 ssh2]
Apr 10 23:14:13 ovzhost sshd[1276]: Received disconnect from 43.255.190.190: 11:  [preauth]
Apr 10 23:14:13 ovzhost sshd[1276]: PAM 2 more authentication failures; logname= uid=0 euid=0 tty=ssh ruser= rhost=43.255.190.190  user=root
Apr 10 23:14:15 ovzhost sshd[1280]: pam_unix(sshd:auth): authentication failure; logname= uid=0 euid=0 tty=ssh ruser= rhost=43.255.190.190  user=root
Apr 10 23:14:16 ovzhost sshd[1280]: Failed password for root from 43.255.190.190 port 58983 ssh2
Apr 10 23:14:21 ovzhost sshd[1280]: message repeated 2 times: [ Failed password for root from 43.255.190.190 port 58983 ssh2]
Apr 10 23:14:21 ovzhost sshd[1280]: Received disconnect from 43.255.190.190: 11:  [preauth]
Apr 10 23:14:21 ovzhost sshd[1280]: PAM 2 more authentication failures; logname= uid=0 euid=0 tty=ssh ruser= rhost=43.255.190.190  user=root
Apr 10 23:14:23 ovzhost sshd[1282]: pam_unix(sshd:auth): authentication failure; logname= uid=0 euid=0 tty=ssh ruser= rhost=43.255.190.190  user=root
Apr 10 23:14:25 ovzhost sshd[1282]: Failed password for root from 43.255.190.190 port 48538 ssh2
Apr 10 23:14:28 ovzhost sshd[1282]: message repeated 2 times: [ Failed password for root from 43.255.190.190 port 48538 ssh2]
Apr 10 23:14:28 ovzhost sshd[1282]: Received disconnect from 43.255.190.190: 11:  [preauth]
Apr 10 23:14:28 ovzhost sshd[1282]: PAM 2 more authentication failures; logname= uid=0 euid=0 tty=ssh ruser= rhost=43.255.190.190  user=root
Apr 10 23:14:29 ovzhost sshd[1284]: pam_unix(sshd:auth): authentication failure; logname= uid=0 euid=0 tty=ssh ruser= rhost=43.255.190.190  user=root
Apr 10 23:14:31 ovzhost sshd[1284]: Failed password for root from 43.255.190.190 port 38035 ssh2
Apr 10 23:14:35 ovzhost sshd[1256]: Connection closed by 43.255.190.184 [preauth]
Apr 10 23:14:35 ovzhost sshd[1284]: message repeated 2 times: [ Failed password for root from 43.255.190.190 port 38035 ssh2]
Apr 10 23:14:35 ovzhost sshd[1284]: Received disconnect from 43.255.190.190: 11:  [preauth]
Apr 10 23:14:35 ovzhost sshd[1284]: PAM 2 more authentication failures; logname= uid=0 euid=0 tty=ssh ruser= rhost=43.255.190.190  user=root
Apr 10 23:14:36 ovzhost sshd[1286]: pam_unix(sshd:auth): authentication failure; logname= uid=0 euid=0 tty=ssh ruser= rhost=43.255.190.190  user=root
Apr 10 23:14:38 ovzhost sshd[1286]: Failed password for root from 43.255.190.190 port 53760 ssh2
Apr 10 23:14:42 ovzhost sshd[1286]: message repeated 2 times: [ Failed password for root from 43.255.190.190 port 53760 ssh2]
Apr 10 23:14:42 ovzhost sshd[1286]: Received disconnect from 43.255.190.190: 11:  [preauth]
Apr 10 23:14:42 ovzhost sshd[1286]: PAM 2 more authentication failures; logname= uid=0 euid=0 tty=ssh ruser= rhost=43.255.190.190  user=root
Apr 10 23:14:43 ovzhost sshd[1288]: pam_unix(sshd:auth): authentication failure; logname= uid=0 euid=0 tty=ssh ruser= rhost=43.255.190.190  user=root
Apr 10 23:14:45 ovzhost sshd[1288]: Failed password for root from 43.255.190.190 port 40651 ssh2
Apr 10 23:14:48 ovzhost sshd[1288]: message repeated 2 times: [ Failed password for root from 43.255.190.190 port 40651 ssh2]
Apr 10 23:14:48 ovzhost sshd[1288]: Received disconnect from 43.255.190.190: 11:  [preauth]
Apr 10 23:14:48 ovzhost sshd[1288]: PAM 2 more authentication failures; logname= uid=0 euid=0 tty=ssh ruser= rhost=43.255.190.190  user=root
Apr 10 23:14:49 ovzhost sshd[1290]: pam_unix(sshd:auth): authentication failure; logname= uid=0 euid=0 tty=ssh ruser= rhost=43.255.190.190  user=root
Apr 10 23:14:51 ovzhost sshd[1290]: Failed password for root from 43.255.190.190 port 55017 ssh2
Apr 10 23:14:55 ovzhost sshd[1290]: message repeated 2 times: [ Failed password for root from 43.255.190.190 port 55017 ssh2]
Apr 10 23:14:55 ovzhost sshd[1290]: Received disconnect from 43.255.190.190: 11:  [preauth]
Apr 10 23:14:55 ovzhost sshd[1290]: PAM 2 more authentication failures; logname= uid=0 euid=0 tty=ssh ruser= rhost=43.255.190.190  user=root
Apr 10 23:14:56 ovzhost sshd[1292]: pam_unix(sshd:auth): authentication failure; logname= uid=0 euid=0 tty=ssh ruser= rhost=43.255.190.190  user=root
Apr 10 23:14:58 ovzhost sshd[1292]: Failed password for root from 43.255.190.190 port 43138 ssh2
Apr 10 23:15:02 ovzhost sshd[1292]: message repeated 2 times: [ Failed password for root from 43.255.190.190 port 43138 ssh2]
Apr 10 23:15:02 ovzhost sshd[1292]: Received disconnect from 43.255.190.190: 11:  [preauth]
Apr 10 23:15:02 ovzhost sshd[1292]: PAM 2 more authentication failures; logname= uid=0 euid=0 tty=ssh ruser= rhost=43.255.190.190  user=root
Apr 10 23:15:03 ovzhost sshd[1294]: pam_unix(sshd:auth): authentication failure; logname= uid=0 euid=0 tty=ssh ruser= rhost=43.255.190.190  user=root
Apr 10 23:15:05 ovzhost sshd[1294]: Failed password for root from 43.255.190.190 port 59105 ssh2
Apr 10 23:15:09 ovzhost sshd[1294]: message repeated 2 times: [ Failed password for root from 43.255.190.190 port 59105 ssh2]
Apr 10 23:15:09 ovzhost sshd[1294]: Received disconnect from 43.255.190.190: 11:  [preauth]
Apr 10 23:15:09 ovzhost sshd[1294]: PAM 2 more authentication failures; logname= uid=0 euid=0 tty=ssh ruser= rhost=43.255.190.190  user=root
Apr 10 23:15:10 ovzhost sshd[1296]: pam_unix(sshd:auth): authentication failure; logname= uid=0 euid=0 tty=ssh ruser= rhost=43.255.190.190  user=root
Apr 10 23:15:12 ovzhost sshd[1296]: Failed password for root from 43.255.190.190 port 45876 ssh2
Apr 10 23:15:16 ovzhost sshd[1296]: message repeated 2 times: [ Failed password for root from 43.255.190.190 port 45876 ssh2]
Apr 10 23:15:16 ovzhost sshd[1296]: Received disconnect from 43.255.190.190: 11:  [preauth]
Apr 10 23:15:16 ovzhost sshd[1296]: PAM 2 more authentication failures; logname= uid=0 euid=0 tty=ssh ruser= rhost=43.255.190.190  user=root
Apr 10 23:15:17 ovzhost sshd[1299]: pam_unix(sshd:auth): authentication failure; logname= uid=0 euid=0 tty=ssh ruser= rhost=43.255.190.190  user=root
Apr 10 23:15:19 ovzhost sshd[1299]: Failed password for root from 43.255.190.190 port 33993 ssh2
Apr 10 23:15:24 ovzhost sshd[1299]: message repeated 2 times: [ Failed password for root from 43.255.190.190 port 33993 ssh2]
Apr 10 23:15:24 ovzhost sshd[1299]: Received disconnect from 43.255.190.190: 11:  [preauth]
Apr 10 23:15:24 ovzhost sshd[1299]: PAM 2 more authentication failures; logname= uid=0 euid=0 tty=ssh ruser= rhost=43.255.190.190  user=root
Apr 10 23:15:25 ovzhost sshd[1301]: pam_unix(sshd:auth): authentication failure; logname= uid=0 euid=0 tty=ssh ruser= rhost=43.255.190.190  user=root
Apr 10 23:15:27 ovzhost sshd[1301]: Failed password for root from 43.255.190.190 port 49820 ssh2
Apr 10 23:15:31 ovzhost sshd[1301]: message repeated 2 times: [ Failed password for root from 43.255.190.190 port 49820 ssh2]
Apr 10 23:15:31 ovzhost sshd[1301]: Received disconnect from 43.255.190.190: 11:  [preauth]
Apr 10 23:15:31 ovzhost sshd[1301]: PAM 2 more authentication failures; logname= uid=0 euid=0 tty=ssh ruser= rhost=43.255.190.190  user=root
Apr 10 23:15:32 ovzhost sshd[1303]: pam_unix(sshd:auth): authentication failure; logname= uid=0 euid=0 tty=ssh ruser= rhost=43.255.190.190  user=root
Apr 10 23:15:34 ovzhost sshd[1303]: Failed password for root from 43.255.190.190 port 37412 ssh2
Apr 10 23:15:39 ovzhost sshd[1303]: message repeated 2 times: [ Failed password for root from 43.255.190.190 port 37412 ssh2]
Apr 10 23:15:39 ovzhost sshd[1303]: Received disconnect from 43.255.190.190: 11:  [preauth]
Apr 10 23:15:39 ovzhost sshd[1303]: PAM 2 more authentication failures; logname= uid=0 euid=0 tty=ssh ruser= rhost=43.255.190.190  user=root
Apr 10 23:15:40 ovzhost sshd[1305]: pam_unix(sshd:auth): authentication failure; logname= uid=0 euid=0 tty=ssh ruser= rhost=43.255.190.190  user=root
Apr 10 23:15:41 ovzhost sshd[1305]: Failed password for root from 43.255.190.190 port 54321 ssh2
Apr 10 23:15:46 ovzhost sshd[1305]: message repeated 2 times: [ Failed password for root from 43.255.190.190 port 54321 ssh2]
Apr 10 23:15:46 ovzhost sshd[1305]: Received disconnect from 43.255.190.190: 11:  [preauth]
Apr 10 23:15:46 ovzhost sshd[1305]: PAM 2 more authentication failures; logname= uid=0 euid=0 tty=ssh ruser= rhost=43.255.190.190  user=root
Apr 10 23:15:47 ovzhost sshd[1307]: pam_unix(sshd:auth): authentication failure; logname= uid=0 euid=0 tty=ssh ruser= rhost=43.255.190.190  user=root
Apr 10 23:15:49 ovzhost sshd[1307]: Failed password for root from 43.255.190.190 port 41737 ssh2
Apr 10 23:15:52 ovzhost sshd[1307]: message repeated 2 times: [ Failed password for root from 43.255.190.190 port 41737 ssh2]
Apr 10 23:15:52 ovzhost sshd[1307]: Received disconnect from 43.255.190.190: 11:  [preauth]
Apr 10 23:15:52 ovzhost sshd[1307]: PAM 2 more authentication failures; logname= uid=0 euid=0 tty=ssh ruser= rhost=43.255.190.190  user=root
Apr 10 23:15:53 ovzhost sshd[1309]: pam_unix(sshd:auth): authentication failure; logname= uid=0 euid=0 tty=ssh ruser= rhost=43.255.190.190  user=root
Apr 10 23:15:55 ovzhost sshd[1309]: Failed password for root from 43.255.190.190 port 55540 ssh2
Apr 10 23:16:00 ovzhost sshd[1309]: message repeated 2 times: [ Failed password for root from 43.255.190.190 port 55540 ssh2]
Apr 10 23:16:00 ovzhost sshd[1309]: Received disconnect from 43.255.190.190: 11:  [preauth]
Apr 10 23:16:00 ovzhost sshd[1309]: PAM 2 more authentication failures; logname= uid=0 euid=0 tty=ssh ruser= rhost=43.255.190.190  user=root
Apr 10 23:16:00 ovzhost sshd[1311]: pam_unix(sshd:auth): authentication failure; logname= uid=0 euid=0 tty=ssh ruser= rhost=43.255.190.190  user=root
Apr 10 23:16:03 ovzhost sshd[1311]: Failed password for root from 43.255.190.190 port 42215 ssh2
Apr 10 23:16:07 ovzhost sshd[1311]: message repeated 2 times: [ Failed password for root from 43.255.190.190 port 42215 ssh2]
Apr 10 23:16:07 ovzhost sshd[1311]: Received disconnect from 43.255.190.190: 11:  [preauth]
Apr 10 23:16:07 ovzhost sshd[1311]: PAM 2 more authentication failures; logname= uid=0 euid=0 tty=ssh ruser= rhost=43.255.190.190  user=root
Apr 10 23:16:08 ovzhost sshd[1313]: pam_unix(sshd:auth): authentication failure; logname= uid=0 euid=0 tty=ssh ruser= rhost=43.255.190.190  user=root
Apr 10 23:16:10 ovzhost sshd[1313]: Failed password for root from 43.255.190.190 port 56815 ssh2
Apr 10 23:16:14 ovzhost sshd[1313]: message repeated 2 times: [ Failed password for root from 43.255.190.190 port 56815 ssh2]
Apr 10 23:16:14 ovzhost sshd[1313]: Received disconnect from 43.255.190.190: 11:  [preauth]
Apr 10 23:16:14 ovzhost sshd[1313]: PAM 2 more authentication failures; logname= uid=0 euid=0 tty=ssh ruser= rhost=43.255.190.190  user=root
Apr 10 23:16:15 ovzhost sshd[1315]: pam_unix(sshd:auth): authentication failure; logname= uid=0 euid=0 tty=ssh ruser= rhost=43.255.190.190  user=root
Apr 10 23:16:17 ovzhost sshd[1315]: Failed password for root from 43.255.190.190 port 43965 ssh2
Apr 10 23:16:22 ovzhost sshd[1315]: message repeated 2 times: [ Failed password for root from 43.255.190.190 port 43965 ssh2]
Apr 10 23:16:22 ovzhost sshd[1315]: Received disconnect from 43.255.190.190: 11:  [preauth]
Apr 10 23:16:22 ovzhost sshd[1315]: PAM 2 more authentication failures; logname= uid=0 euid=0 tty=ssh ruser= rhost=43.255.190.190  user=root
Apr 10 23:16:22 ovzhost sshd[1317]: pam_unix(sshd:auth): authentication failure; logname= uid=0 euid=0 tty=ssh ruser= rhost=43.255.190.190  user=root
Apr 10 23:16:24 ovzhost sshd[1317]: Failed password for root from 43.255.190.190 port 58766 ssh2
Apr 10 23:16:29 ovzhost sshd[1317]: message repeated 2 times: [ Failed password for root from 43.255.190.190 port 58766 ssh2]
Apr 10 23:16:29 ovzhost sshd[1317]: Received disconnect from 43.255.190.190: 11:  [preauth]
Apr 10 23:16:29 ovzhost sshd[1317]: PAM 2 more authentication failures; logname= uid=0 euid=0 tty=ssh ruser= rhost=43.255.190.190  user=root
Apr 10 23:16:29 ovzhost sshd[1321]: pam_unix(sshd:auth): authentication failure; logname= uid=0 euid=0 tty=ssh ruser= rhost=43.255.190.190  user=root
Apr 10 23:16:31 ovzhost sshd[1321]: Failed password for root from 43.255.190.190 port 45554 ssh2
Apr 10 23:16:36 ovzhost sshd[1321]: message repeated 2 times: [ Failed password for root from 43.255.190.190 port 45554 ssh2]
Apr 10 23:16:36 ovzhost sshd[1321]: Received disconnect from 43.255.190.190: 11:  [preauth]
Apr 10 23:16:36 ovzhost sshd[1321]: PAM 2 more authentication failures; logname= uid=0 euid=0 tty=ssh ruser= rhost=43.255.190.190  user=root
Apr 10 23:16:37 ovzhost sshd[1323]: pam_unix(sshd:auth): authentication failure; logname= uid=0 euid=0 tty=ssh ruser= rhost=43.255.190.190  user=root
Apr 10 23:16:39 ovzhost sshd[1323]: Failed password for root from 43.255.190.190 port 60216 ssh2
Apr 10 23:16:43 ovzhost sshd[1323]: message repeated 2 times: [ Failed password for root from 43.255.190.190 port 60216 ssh2]
Apr 10 23:16:43 ovzhost sshd[1323]: Received disconnect from 43.255.190.190: 11:  [preauth]
Apr 10 23:16:43 ovzhost sshd[1323]: PAM 2 more authentication failures; logname= uid=0 euid=0 tty=ssh ruser= rhost=43.255.190.190  user=root
Apr 10 23:16:43 ovzhost sshd[1327]: pam_unix(sshd:auth): authentication failure; logname= uid=0 euid=0 tty=ssh ruser= rhost=43.255.190.190  user=root
Apr 10 23:16:46 ovzhost sshd[1327]: Failed password for root from 43.255.190.190 port 46856 ssh2
Apr 10 23:16:50 ovzhost sshd[1327]: message repeated 2 times: [ Failed password for root from 43.255.190.190 port 46856 ssh2]
Apr 10 23:16:50 ovzhost sshd[1327]: Received disconnect from 43.255.190.190: 11:  [preauth]
Apr 10 23:16:50 ovzhost sshd[1327]: PAM 2 more authentication failures; logname= uid=0 euid=0 tty=ssh ruser= rhost=43.255.190.190  user=root
Apr 10 23:16:50 ovzhost sshd[1329]: pam_unix(sshd:auth): authentication failure; logname= uid=0 euid=0 tty=ssh ruser= rhost=43.255.190.190  user=root
Apr 10 23:16:53 ovzhost sshd[1329]: Failed password for root from 43.255.190.190 port 33128 ssh2
Apr 10 23:16:57 ovzhost sshd[1329]: message repeated 2 times: [ Failed password for root from 43.255.190.190 port 33128 ssh2]
Apr 10 23:16:57 ovzhost sshd[1329]: Received disconnect from 43.255.190.190: 11:  [preauth]
Apr 10 23:16:57 ovzhost sshd[1329]: PAM 2 more authentication failures; logname= uid=0 euid=0 tty=ssh ruser= rhost=43.255.190.190  user=root
Apr 10 23:16:57 ovzhost sshd[1331]: pam_unix(sshd:auth): authentication failure; logname= uid=0 euid=0 tty=ssh ruser= rhost=43.255.190.190  user=root
Apr 10 23:17:00 ovzhost sshd[1331]: Failed password for root from 43.255.190.190 port 47726 ssh2
Apr 10 23:17:03 ovzhost sshd[1331]: message repeated 2 times: [ Failed password for root from 43.255.190.190 port 47726 ssh2]
Apr 10 23:17:03 ovzhost sshd[1331]: Received disconnect from 43.255.190.190: 11:  [preauth]
Apr 10 23:17:03 ovzhost sshd[1331]: PAM 2 more authentication failures; logname= uid=0 euid=0 tty=ssh ruser= rhost=43.255.190.190  user=root
Apr 10 23:17:35 ovzhost sshd[1335]: Connection closed by 127.0.0.1 [preauth]
Apr 10 23:20:01 ovzhost CRON[1351]: pam_env(cron:session): Unable to open env file: /etc/default/locale: No such file or directory
Apr 10 23:20:01 ovzhost CRON[1351]: pam_unix(cron:session): session opened for user smmsp by (uid=0)
Apr 10 23:20:02 ovzhost CRON[1351]: pam_unix(cron:session): session closed for user smmsp
Apr 10 23:20:42 ovzhost sshd[1378]: Connection closed by 128.8.37.120 [preauth]
Apr 10 23:21:59 ovzhost sshd[1384]: Invalid user webadmin from 221.146.74.146
Apr 10 23:21:59 ovzhost sshd[1384]: input_userauth_request: invalid user webadmin [preauth]
Apr 10 23:21:59 ovzhost sshd[1384]: pam_unix(sshd:auth): check pass; user unknown
Apr 10 23:21:59 ovzhost sshd[1384]: pam_unix(sshd:auth): authentication failure; logname= uid=0 euid=0 tty=ssh ruser= rhost=221.146.74.146 
Apr 10 23:22:01 ovzhost sshd[1384]: Failed password for invalid user webadmin from 221.146.74.146 port 54623 ssh2
Apr 10 23:22:01 ovzhost sshd[1384]: Connection closed by 221.146.74.146 [preauth]
Apr 10 23:22:35 ovzhost sshd[1388]: Connection closed by 127.0.0.1 [preauth]
Apr 10 23:25:32 ovzhost sshd[1401]: reverse mapping checking getaddrinfo for 153-127-166-207-ptr.centennialpr.net [207.166.127.153] failed - POSSIBLE BREAK-IN ATTEMPT!
Apr 10 23:25:32 ovzhost sshd[1401]: pam_unix(sshd:auth): authentication failure; logname= uid=0 euid=0 tty=ssh ruser= rhost=207.166.127.153  user=root
Apr 10 23:25:33 ovzhost sshd[1401]: Failed password for root from 207.166.127.153 port 44344 ssh2
Apr 10 23:25:34 ovzhost sshd[1401]: Connection closed by 207.166.127.153 [preauth]
Apr 10 23:27:35 ovzhost sshd[1409]: Connection closed by 127.0.0.1 [preauth]
Apr 10 23:30:36 ovzhost sshd[1426]: pam_unix(sshd:auth): authentication failure; logname= uid=0 euid=0 tty=ssh ruser= rhost=43.255.190.191  user=root
Apr 10 23:30:39 ovzhost sshd[1426]: Failed password for root from 43.255.190.191 port 36344 ssh2
Apr 10 23:30:42 ovzhost sshd[1426]: message repeated 2 times: [ Failed password for root from 43.255.190.191 port 36344 ssh2]
Apr 10 23:30:42 ovzhost sshd[1426]: Received disconnect from 43.255.190.191: 11:  [preauth]
Apr 10 23:30:42 ovzhost sshd[1426]: PAM 2 more authentication failures; logname= uid=0 euid=0 tty=ssh ruser= rhost=43.255.190.191  user=root
Apr 10 23:30:42 ovzhost sshd[1431]: Connection closed by 128.8.37.120 [preauth]
Apr 10 23:30:43 ovzhost sshd[1428]: pam_unix(sshd:auth): authentication failure; logname= uid=0 euid=0 tty=ssh ruser= rhost=43.255.190.191  user=root
Apr 10 23:30:45 ovzhost sshd[1428]: Failed password for root from 43.255.190.191 port 52585 ssh2
Apr 10 23:30:49 ovzhost sshd[1428]: message repeated 2 times: [ Failed password for root from 43.255.190.191 port 52585 ssh2]
Apr 10 23:30:49 ovzhost sshd[1428]: Received disconnect from 43.255.190.191: 11:  [preauth]
Apr 10 23:30:49 ovzhost sshd[1428]: PAM 2 more authentication failures; logname= uid=0 euid=0 tty=ssh ruser= rhost=43.255.190.191  user=root
Apr 10 23:30:50 ovzhost sshd[1433]: pam_unix(sshd:auth): authentication failure; logname= uid=0 euid=0 tty=ssh ruser= rhost=43.255.190.191  user=root
Apr 10 23:30:51 ovzhost sshd[1435]: pam_unix(sshd:auth): authentication failure; logname= uid=0 euid=0 tty=ssh ruser= rhost=43.255.190.138  user=root
Apr 10 23:30:51 ovzhost sshd[1433]: Failed password for root from 43.255.190.191 port 41463 ssh2
Apr 10 23:30:53 ovzhost sshd[1435]: Failed password for root from 43.255.190.138 port 40862 ssh2
Apr 10 23:30:55 ovzhost sshd[1433]: message repeated 2 times: [ Failed password for root from 43.255.190.191 port 41463 ssh2]
Apr 10 23:30:55 ovzhost sshd[1433]: Received disconnect from 43.255.190.191: 11:  [preauth]
Apr 10 23:30:55 ovzhost sshd[1433]: PAM 2 more authentication failures; logname= uid=0 euid=0 tty=ssh ruser= rhost=43.255.190.191  user=root
Apr 10 23:30:56 ovzhost sshd[1439]: pam_unix(sshd:auth): authentication failure; logname= uid=0 euid=0 tty=ssh ruser= rhost=43.255.190.191  user=root
Apr 10 23:30:56 ovzhost sshd[1437]: pam_unix(sshd:auth): authentication failure; logname= uid=0 euid=0 tty=ssh ruser= rhost=61.160.247.34  user=root
Apr 10 23:30:57 ovzhost sshd[1435]: message repeated 2 times: [ Failed password for root from 43.255.190.138 port 40862 ssh2]
Apr 10 23:30:57 ovzhost sshd[1435]: Received disconnect from 43.255.190.138: 11:  [preauth]
Apr 10 23:30:57 ovzhost sshd[1435]: PAM 2 more authentication failures; logname= uid=0 euid=0 tty=ssh ruser= rhost=43.255.190.138  user=root
Apr 10 23:30:58 ovzhost sshd[1441]: pam_unix(sshd:auth): authentication failure; logname= uid=0 euid=0 tty=ssh ruser= rhost=43.255.190.138  user=root
Apr 10 23:30:58 ovzhost sshd[1439]: Failed password for root from 43.255.190.191 port 56967 ssh2
Apr 10 23:30:58 ovzhost sshd[1437]: Failed password for root from 61.160.247.34 port 38181 ssh2
Apr 10 23:30:59 ovzhost sshd[1441]: Failed password for root from 43.255.190.138 port 57013 ssh2
Apr 10 23:31:01 ovzhost sshd[1439]: message repeated 2 times: [ Failed password for root from 43.255.190.191 port 56967 ssh2]
Apr 10 23:31:02 ovzhost sshd[1439]: Received disconnect from 43.255.190.191: 11:  [preauth]
Apr 10 23:31:02 ovzhost sshd[1439]: PAM 2 more authentication failures; logname= uid=0 euid=0 tty=ssh ruser= rhost=43.255.190.191  user=root
Apr 10 23:31:02 ovzhost sshd[1443]: pam_unix(sshd:auth): authentication failure; logname= uid=0 euid=0 tty=ssh ruser= rhost=43.255.190.191  user=root
Apr 10 23:31:02 ovzhost sshd[1437]: message repeated 2 times: [ Failed password for root from 61.160.247.34 port 38181 ssh2]
Apr 10 23:31:02 ovzhost sshd[1437]: Received disconnect from 61.160.247.34: 11:  [preauth]
Apr 10 23:31:02 ovzhost sshd[1437]: PAM 2 more authentication failures; logname= uid=0 euid=0 tty=ssh ruser= rhost=61.160.247.34  user=root
Apr 10 23:31:03 ovzhost sshd[1441]: message repeated 2 times: [ Failed password for root from 43.255.190.138 port 57013 ssh2]
Apr 10 23:31:03 ovzhost sshd[1441]: Received disconnect from 43.255.190.138: 11:  [preauth]
Apr 10 23:31:03 ovzhost sshd[1441]: PAM 2 more authentication failures; logname= uid=0 euid=0 tty=ssh ruser= rhost=43.255.190.138  user=root
Apr 10 23:31:03 ovzhost sshd[1445]: pam_unix(sshd:auth): authentication failure; logname= uid=0 euid=0 tty=ssh ruser= rhost=43.255.190.138  user=root
Apr 10 23:31:04 ovzhost sshd[1443]: Failed password for root from 43.255.190.191 port 44693 ssh2
Apr 10 23:31:05 ovzhost sshd[1447]: pam_unix(sshd:auth): authentication failure; logname= uid=0 euid=0 tty=ssh ruser= rhost=61.160.247.34  user=root
Apr 10 23:31:05 ovzhost sshd[1445]: Failed password for root from 43.255.190.138 port 43412 ssh2
Apr 10 23:31:08 ovzhost sshd[1447]: Failed password for root from 61.160.247.34 port 51566 ssh2
Apr 10 23:31:08 ovzhost sshd[1443]: message repeated 2 times: [ Failed password for root from 43.255.190.191 port 44693 ssh2]
Apr 10 23:31:08 ovzhost sshd[1443]: Received disconnect from 43.255.190.191: 11:  [preauth]
Apr 10 23:31:08 ovzhost sshd[1443]: PAM 2 more authentication failures; logname= uid=0 euid=0 tty=ssh ruser= rhost=43.255.190.191  user=root
Apr 10 23:31:09 ovzhost sshd[1449]: pam_unix(sshd:auth): authentication failure; logname= uid=0 euid=0 tty=ssh ruser= rhost=43.255.190.191  user=root
Apr 10 23:31:10 ovzhost sshd[1445]: message repeated 2 times: [ Failed password for root from 43.255.190.138 port 43412 ssh2]
Apr 10 23:31:10 ovzhost sshd[1445]: Received disconnect from 43.255.190.138: 11:  [preauth]
Apr 10 23:31:10 ovzhost sshd[1445]: PAM 2 more authentication failures; logname= uid=0 euid=0 tty=ssh ruser= rhost=43.255.190.138  user=root
Apr 10 23:31:10 ovzhost sshd[1451]: pam_unix(sshd:auth): authentication failure; logname= uid=0 euid=0 tty=ssh ruser= rhost=43.255.190.138  user=root
Apr 10 23:31:11 ovzhost sshd[1449]: Failed password for root from 43.255.190.191 port 34143 ssh2
Apr 10 23:31:12 ovzhost sshd[1447]: message repeated 2 times: [ Failed password for root from 61.160.247.34 port 51566 ssh2]
Apr 10 23:31:12 ovzhost sshd[1447]: Received disconnect from 61.160.247.34: 11:  [preauth]
Apr 10 23:31:12 ovzhost sshd[1447]: PAM 2 more authentication failures; logname= uid=0 euid=0 tty=ssh ruser= rhost=61.160.247.34  user=root
Apr 10 23:31:12 ovzhost sshd[1451]: Failed password for root from 43.255.190.138 port 32988 ssh2
Apr 10 23:31:14 ovzhost sshd[1453]: pam_unix(sshd:auth): authentication failure; logname= uid=0 euid=0 tty=ssh ruser= rhost=61.160.247.34  user=root
Apr 10 23:31:15 ovzhost sshd[1449]: message repeated 2 times: [ Failed password for root from 43.255.190.191 port 34143 ssh2]
Apr 10 23:31:15 ovzhost sshd[1449]: Received disconnect from 43.255.190.191: 11:  [preauth]
Apr 10 23:31:15 ovzhost sshd[1449]: PAM 2 more authentication failures; logname= uid=0 euid=0 tty=ssh ruser= rhost=43.255.190.191  user=root
Apr 10 23:31:15 ovzhost sshd[1455]: pam_unix(sshd:auth): authentication failure; logname= uid=0 euid=0 tty=ssh ruser= rhost=43.255.190.191  user=root
Apr 10 23:31:16 ovzhost sshd[1451]: message repeated 2 times: [ Failed password for root from 43.255.190.138 port 32988 ssh2]
Apr 10 23:31:16 ovzhost sshd[1451]: Received disconnect from 43.255.190.138: 11:  [preauth]
Apr 10 23:31:16 ovzhost sshd[1451]: PAM 2 more authentication failures; logname= uid=0 euid=0 tty=ssh ruser= rhost=43.255.190.138  user=root
Apr 10 23:31:16 ovzhost sshd[1453]: Failed password for root from 61.160.247.34 port 60572 ssh2
Apr 10 23:31:16 ovzhost sshd[1457]: pam_unix(sshd:auth): authentication failure; logname= uid=0 euid=0 tty=ssh ruser= rhost=43.255.190.138  user=root
Apr 10 23:31:17 ovzhost sshd[1455]: Failed password for root from 43.255.190.191 port 50746 ssh2
Apr 10 23:31:18 ovzhost sshd[1457]: Failed password for root from 43.255.190.138 port 48008 ssh2
Apr 10 23:31:21 ovzhost sshd[1453]: message repeated 2 times: [ Failed password for root from 61.160.247.34 port 60572 ssh2]
Apr 10 23:31:21 ovzhost sshd[1453]: Received disconnect from 61.160.247.34: 11:  [preauth]
Apr 10 23:31:21 ovzhost sshd[1453]: PAM 2 more authentication failures; logname= uid=0 euid=0 tty=ssh ruser= rhost=61.160.247.34  user=root
Apr 10 23:31:21 ovzhost sshd[1455]: message repeated 2 times: [ Failed password for root from 43.255.190.191 port 50746 ssh2]
Apr 10 23:31:21 ovzhost sshd[1455]: Received disconnect from 43.255.190.191: 11:  [preauth]
Apr 10 23:31:21 ovzhost sshd[1455]: PAM 2 more authentication failures; logname= uid=0 euid=0 tty=ssh ruser= rhost=43.255.190.191  user=root
Apr 10 23:31:22 ovzhost sshd[1459]: pam_unix(sshd:auth): authentication failure; logname= uid=0 euid=0 tty=ssh ruser= rhost=43.255.190.191  user=root
Apr 10 23:31:23 ovzhost sshd[1457]: message repeated 2 times: [ Failed password for root from 43.255.190.138 port 48008 ssh2]
Apr 10 23:31:23 ovzhost sshd[1457]: Received disconnect from 43.255.190.138: 11:  [preauth]
Apr 10 23:31:23 ovzhost sshd[1457]: PAM 2 more authentication failures; logname= uid=0 euid=0 tty=ssh ruser= rhost=43.255.190.138  user=root
Apr 10 23:31:24 ovzhost sshd[1459]: Failed password for root from 43.255.190.191 port 39155 ssh2
Apr 10 23:31:24 ovzhost sshd[1461]: pam_unix(sshd:auth): authentication failure; logname= uid=0 euid=0 tty=ssh ruser= rhost=43.255.190.138  user=root
Apr 10 23:31:25 ovzhost sshd[1461]: Failed password for root from 43.255.190.138 port 36430 ssh2
Apr 10 23:31:27 ovzhost sshd[1459]: message repeated 2 times: [ Failed password for root from 43.255.190.191 port 39155 ssh2]
Apr 10 23:31:27 ovzhost sshd[1459]: Received disconnect from 43.255.190.191: 11:  [preauth]
Apr 10 23:31:27 ovzhost sshd[1459]: PAM 2 more authentication failures; logname= uid=0 euid=0 tty=ssh ruser= rhost=43.255.190.191  user=root
Apr 10 23:31:28 ovzhost sshd[1463]: pam_unix(sshd:auth): authentication failure; logname= uid=0 euid=0 tty=ssh ruser= rhost=43.255.190.191  user=root
Apr 10 23:31:29 ovzhost sshd[1461]: message repeated 2 times: [ Failed password for root from 43.255.190.138 port 36430 ssh2]
Apr 10 23:31:29 ovzhost sshd[1461]: Received disconnect from 43.255.190.138: 11:  [preauth]
Apr 10 23:31:29 ovzhost sshd[1461]: PAM 2 more authentication failures; logname= uid=0 euid=0 tty=ssh ruser= rhost=43.255.190.138  user=root
Apr 10 23:31:29 ovzhost sshd[1463]: Failed password for root from 43.255.190.191 port 55240 ssh2
Apr 10 23:31:30 ovzhost sshd[1465]: pam_unix(sshd:auth): authentication failure; logname= uid=0 euid=0 tty=ssh ruser= rhost=43.255.190.138  user=root
Apr 10 23:31:32 ovzhost sshd[1465]: Failed password for root from 43.255.190.138 port 51820 ssh2
Apr 10 23:31:33 ovzhost sshd[1467]: pam_unix(sshd:auth): authentication failure; logname= uid=0 euid=0 tty=ssh ruser= rhost=61.160.247.34  user=root
