Apr  2 14:31:44 ovzhost sshd[780]: Connection closed by 127.0.0.1 [preauth]
Apr  2 14:35:40 ovzhost sshd[811]: Connection closed by 128.8.37.120 [preauth]
Apr  2 14:36:44 ovzhost sshd[820]: Connection closed by 127.0.0.1 [preauth]
Apr 10 22:37:35 ovzhost sshd[782]: Connection closed by 127.0.0.1 [preauth]
Apr 10 22:39:01 ovzhost CRON[795]: pam_env(cron:session): Unable to open env file: /etc/default/locale: No such file or directory
Apr 10 22:39:01 ovzhost CRON[795]: pam_unix(cron:session): session opened for user root by (uid=0)
Apr 10 22:39:01 ovzhost CRON[795]: pam_unix(cron:session): session closed for user root
Apr 10 22:39:03 ovzhost sshd[806]: Invalid user wap from 221.146.74.146
Apr 10 22:39:03 ovzhost sshd[806]: input_userauth_request: invalid user wap [preauth]
Apr 10 22:39:03 ovzhost sshd[806]: pam_unix(sshd:auth): check pass; user unknown
Apr 10 22:39:03 ovzhost sshd[806]: pam_unix(sshd:auth): authentication failure; logname= uid=0 euid=0 tty=ssh ruser= rhost=221.146.74.146 
Apr 10 22:39:05 ovzhost sshd[806]: Failed password for invalid user wap from 221.146.74.146 port 34834 ssh2
Apr 10 22:39:06 ovzhost sshd[806]: Connection closed by 221.146.74.146 [preauth]
Apr 10 22:40:01 ovzhost CRON[811]: pam_env(cron:session): Unable to open env file: /etc/default/locale: No such file or directory
Apr 10 22:40:01 ovzhost CRON[811]: pam_unix(cron:session): session opened for user smmsp by (uid=0)
Apr 10 22:40:01 ovzhost CRON[811]: pam_unix(cron:session): session closed for user smmsp
Apr 10 22:40:33 ovzhost sshd[838]: reverse mapping checking getaddrinfo for 153-127-166-207-ptr.centennialpr.net [207.166.127.153] failed - POSSIBLE BREAK-IN ATTEMPT!
Apr 10 22:40:33 ovzhost sshd[838]: Invalid user ftp from 207.166.127.153
Apr 10 22:40:33 ovzhost sshd[838]: input_userauth_request: invalid user ftp [preauth]
Apr 10 22:40:33 ovzhost sshd[838]: pam_unix(sshd:auth): check pass; user unknown
Apr 10 22:40:33 ovzhost sshd[838]: pam_unix(sshd:auth): authentication failure; logname= uid=0 euid=0 tty=ssh ruser= rhost=207.166.127.153 
Apr 10 22:40:35 ovzhost sshd[838]: Failed password for invalid user ftp from 207.166.127.153 port 43127 ssh2
Apr 10 22:40:35 ovzhost sshd[838]: Connection closed by 207.166.127.153 [preauth]
Apr 10 22:40:42 ovzhost sshd[841]: Connection closed by 128.8.37.120 [preauth]
Apr 10 22:42:35 ovzhost sshd[849]: Connection closed by 127.0.0.1 [preauth]
Apr 10 22:47:35 ovzhost sshd[868]: Connection closed by 127.0.0.1 [preauth]
Apr 10 22:47:49 ovzhost sshd[871]: reverse mapping checking getaddrinfo for 40.162.158.61.ha.cnc [61.158.162.40] failed - POSSIBLE BREAK-IN ATTEMPT!
Apr 10 22:47:49 ovzhost sshd[871]: pam_unix(sshd:auth): authentication failure; logname= uid=0 euid=0 tty=ssh ruser= rhost=61.158.162.40  user=bin
Apr 10 22:47:50 ovzhost sshd[871]: Failed password for bin from 61.158.162.40 port 48843 ssh2
Apr 10 22:47:51 ovzhost sshd[871]: Received disconnect from 61.158.162.40: 11: Bye Bye [preauth]
Apr 10 22:47:53 ovzhost sshd[873]: reverse mapping checking getaddrinfo for 40.162.158.61.ha.cnc [61.158.162.40] failed - POSSIBLE BREAK-IN ATTEMPT!
Apr 10 22:47:53 ovzhost sshd[873]: Invalid user dff from 61.158.162.40
Apr 10 22:47:53 ovzhost sshd[873]: input_userauth_request: invalid user dff [preauth]
Apr 10 22:47:53 ovzhost sshd[873]: pam_unix(sshd:auth): check pass; user unknown
Apr 10 22:47:53 ovzhost sshd[873]: pam_unix(sshd:auth): authentication failure; logname= uid=0 euid=0 tty=ssh ruser= rhost=61.158.162.40 
Apr 10 22:47:55 ovzhost sshd[873]: Failed password for invalid user dff from 61.158.162.40 port 49874 ssh2
Apr 10 22:47:55 ovzhost sshd[873]: Received disconnect from 61.158.162.40: 11: Bye Bye [preauth]
Apr 10 22:50:42 ovzhost sshd[890]: Connection closed by 128.8.37.120 [preauth]
Apr 10 22:52:35 ovzhost sshd[898]: Connection closed by 127.0.0.1 [preauth]
Apr 10 22:57:35 ovzhost sshd[917]: Connection closed by 127.0.0.1 [preauth]
Apr 10 23:00:01 ovzhost CRON[933]: pam_env(cron:session): Unable to open env file: /etc/default/locale: No such file or directory
Apr 10 23:00:01 ovzhost CRON[933]: pam_unix(cron:session): session opened for user smmsp by (uid=0)
Apr 10 23:00:01 ovzhost CRON[933]: pam_unix(cron:session): session closed for user smmsp
Apr 10 23:00:34 ovzhost sshd[960]: Invalid user web from 221.146.74.146
Apr 10 23:00:34 ovzhost sshd[960]: input_userauth_request: invalid user web [preauth]
Apr 10 23:00:34 ovzhost sshd[960]: pam_unix(sshd:auth): check pass; user unknown
Apr 10 23:00:34 ovzhost sshd[960]: pam_unix(sshd:auth): authentication failure; logname= uid=0 euid=0 tty=ssh ruser= rhost=221.146.74.146 
Apr 10 23:00:36 ovzhost sshd[960]: Failed password for invalid user web from 221.146.74.146 port 49030 ssh2
Apr 10 23:00:37 ovzhost sshd[960]: Connection closed by 221.146.74.146 [preauth]
Apr 10 23:00:42 ovzhost sshd[963]: Connection closed by 128.8.37.120 [preauth]
Apr 10 23:02:35 ovzhost sshd[971]: Connection closed by 127.0.0.1 [preauth]
Apr 10 23:02:53 ovzhost sshd[973]: pam_unix(sshd:auth): authentication failure; logname= uid=0 euid=0 tty=ssh ruser= rhost=58.218.204.248  user=root
Apr 10 23:02:55 ovzhost sshd[973]: Failed password for root from 58.218.204.248 port 47247 ssh2
Apr 10 23:03:00 ovzhost sshd[973]: message repeated 2 times: [ Failed password for root from 58.218.204.248 port 47247 ssh2]
Apr 10 23:03:00 ovzhost sshd[973]: Received disconnect from 58.218.204.248: 11:  [preauth]
Apr 10 23:03:00 ovzhost sshd[973]: PAM 2 more authentication failures; logname= uid=0 euid=0 tty=ssh ruser= rhost=58.218.204.248  user=root
Apr 10 23:03:03 ovzhost sshd[976]: pam_unix(sshd:auth): authentication failure; logname= uid=0 euid=0 tty=ssh ruser= rhost=58.218.204.248  user=root
Apr 10 23:03:04 ovzhost sshd[978]: reverse mapping checking getaddrinfo for 153-127-166-207-ptr.centennialpr.net [207.166.127.153] failed - POSSIBLE BREAK-IN ATTEMPT!
Apr 10 23:03:04 ovzhost sshd[978]: Invalid user test from 207.166.127.153
Apr 10 23:03:04 ovzhost sshd[978]: input_userauth_request: invalid user test [preauth]
Apr 10 23:03:04 ovzhost sshd[978]: pam_unix(sshd:auth): check pass; user unknown
Apr 10 23:03:04 ovzhost sshd[978]: pam_unix(sshd:auth): authentication failure; logname= uid=0 euid=0 tty=ssh ruser= rhost=207.166.127.153 
Apr 10 23:03:05 ovzhost sshd[976]: Failed password for root from 58.218.204.248 port 37207 ssh2
Apr 10 23:03:06 ovzhost sshd[978]: Failed password for invalid user test from 207.166.127.153 port 48148 ssh2
Apr 10 23:03:06 ovzhost sshd[978]: Connection closed by 207.166.127.153 [preauth]
Apr 10 23:03:10 ovzhost sshd[976]: message repeated 2 times: [ Failed password for root from 58.218.204.248 port 37207 ssh2]
Apr 10 23:03:10 ovzhost sshd[976]: Received disconnect from 58.218.204.248: 11:  [preauth]
Apr 10 23:03:10 ovzhost sshd[976]: PAM 2 more authentication failures; logname= uid=0 euid=0 tty=ssh ruser= rhost=58.218.204.248  user=root
Apr 10 23:03:12 ovzhost sshd[985]: pam_unix(sshd:auth): authentication failure; logname= uid=0 euid=0 tty=ssh ruser= rhost=58.218.204.248  user=root
Apr 10 23:03:14 ovzhost sshd[985]: Failed password for root from 58.218.204.248 port 57150 ssh2
Apr 10 23:03:19 ovzhost sshd[985]: message repeated 2 times: [ Failed password for root from 58.218.204.248 port 57150 ssh2]
Apr 10 23:03:19 ovzhost sshd[985]: Received disconnect from 58.218.204.248: 11:  [preauth]
Apr 10 23:03:19 ovzhost sshd[985]: PAM 2 more authentication failures; logname= uid=0 euid=0 tty=ssh ruser= rhost=58.218.204.248  user=root
Apr 10 23:03:21 ovzhost sshd[987]: pam_unix(sshd:auth): authentication failure; logname= uid=0 euid=0 tty=ssh ruser= rhost=58.218.204.248  user=root
Apr 10 23:03:22 ovzhost sshd[987]: Failed password for root from 58.218.204.248 port 48881 ssh2
Apr 10 23:03:27 ovzhost sshd[987]: message repeated 2 times: [ Failed password for root from 58.218.204.248 port 48881 ssh2]
Apr 10 23:03:27 ovzhost sshd[987]: Received disconnect from 58.218.204.248: 11:  [preauth]
Apr 10 23:03:27 ovzhost sshd[987]: PAM 2 more authentication failures; logname= uid=0 euid=0 tty=ssh ruser= rhost=58.218.204.248  user=root
Apr 10 23:03:29 ovzhost sshd[991]: pam_unix(sshd:auth): authentication failure; logname= uid=0 euid=0 tty=ssh ruser= rhost=58.218.204.248  user=root
Apr 10 23:03:31 ovzhost sshd[991]: Failed password for root from 58.218.204.248 port 39387 ssh2
Apr 10 23:03:36 ovzhost sshd[991]: message repeated 2 times: [ Failed password for root from 58.218.204.248 port 39387 ssh2]
Apr 10 23:03:36 ovzhost sshd[991]: Received disconnect from 58.218.204.248: 11:  [preauth]
Apr 10 23:03:36 ovzhost sshd[991]: PAM 2 more authentication failures; logname= uid=0 euid=0 tty=ssh ruser= rhost=58.218.204.248  user=root
Apr 10 23:03:38 ovzhost sshd[993]: pam_unix(sshd:auth): authentication failure; logname= uid=0 euid=0 tty=ssh ruser= rhost=58.218.204.248  user=root
Apr 10 23:03:40 ovzhost sshd[993]: Failed password for root from 58.218.204.248 port 58902 ssh2
Apr 10 23:03:45 ovzhost sshd[993]: message repeated 2 times: [ Failed password for root from 58.218.204.248 port 58902 ssh2]
Apr 10 23:03:45 ovzhost sshd[993]: Received disconnect from 58.218.204.248: 11:  [preauth]
Apr 10 23:03:45 ovzhost sshd[993]: PAM 2 more authentication failures; logname= uid=0 euid=0 tty=ssh ruser= rhost=58.218.204.248  user=root
Apr 10 23:03:46 ovzhost sshd[995]: pam_unix(sshd:auth): authentication failure; logname= uid=0 euid=0 tty=ssh ruser= rhost=58.218.204.248  user=root
Apr 10 23:03:48 ovzhost sshd[995]: Failed password for root from 58.218.204.248 port 49883 ssh2
Apr 10 23:03:53 ovzhost sshd[995]: message repeated 2 times: [ Failed password for root from 58.218.204.248 port 49883 ssh2]
Apr 10 23:03:54 ovzhost sshd[995]: Received disconnect from 58.218.204.248: 11:  [preauth]
Apr 10 23:03:54 ovzhost sshd[995]: PAM 2 more authentication failures; logname= uid=0 euid=0 tty=ssh ruser= rhost=58.218.204.248  user=root
Apr 10 23:03:56 ovzhost sshd[997]: pam_unix(sshd:auth): authentication failure; logname= uid=0 euid=0 tty=ssh ruser= rhost=58.218.204.248  user=root
Apr 10 23:03:58 ovzhost sshd[997]: Failed password for root from 58.218.204.248 port 41465 ssh2
Apr 10 23:04:02 ovzhost sshd[997]: message repeated 2 times: [ Failed password for root from 58.218.204.248 port 41465 ssh2]
Apr 10 23:04:02 ovzhost sshd[997]: Received disconnect from 58.218.204.248: 11:  [preauth]
Apr 10 23:04:02 ovzhost sshd[997]: PAM 2 more authentication failures; logname= uid=0 euid=0 tty=ssh ruser= rhost=58.218.204.248  user=root
Apr 10 23:04:04 ovzhost sshd[999]: pam_unix(sshd:auth): authentication failure; logname= uid=0 euid=0 tty=ssh ruser= rhost=58.218.204.248  user=root
Apr 10 23:04:07 ovzhost sshd[999]: Failed password for root from 58.218.204.248 port 60400 ssh2
Apr 10 23:04:11 ovzhost sshd[999]: message repeated 2 times: [ Failed password for root from 58.218.204.248 port 60400 ssh2]
Apr 10 23:04:11 ovzhost sshd[999]: Received disconnect from 58.218.204.248: 11:  [preauth]
Apr 10 23:04:11 ovzhost sshd[999]: PAM 2 more authentication failures; logname= uid=0 euid=0 tty=ssh ruser= rhost=58.218.204.248  user=root
Apr 10 23:04:13 ovzhost sshd[1003]: pam_unix(sshd:auth): authentication failure; logname= uid=0 euid=0 tty=ssh ruser= rhost=58.218.204.248  user=root
Apr 10 23:04:16 ovzhost sshd[1003]: Failed password for root from 58.218.204.248 port 51153 ssh2
Apr 10 23:04:21 ovzhost sshd[1003]: message repeated 2 times: [ Failed password for root from 58.218.204.248 port 51153 ssh2]
Apr 10 23:04:21 ovzhost sshd[1003]: Received disconnect from 58.218.204.248: 11:  [preauth]
Apr 10 23:04:21 ovzhost sshd[1003]: PAM 2 more authentication failures; logname= uid=0 euid=0 tty=ssh ruser= rhost=58.218.204.248  user=root
Apr 10 23:04:23 ovzhost sshd[1005]: pam_unix(sshd:auth): authentication failure; logname= uid=0 euid=0 tty=ssh ruser= rhost=58.218.204.248  user=root
Apr 10 23:04:26 ovzhost sshd[1005]: Failed password for root from 58.218.204.248 port 43087 ssh2
Apr 10 23:04:31 ovzhost sshd[1005]: message repeated 2 times: [ Failed password for root from 58.218.204.248 port 43087 ssh2]
Apr 10 23:04:31 ovzhost sshd[1005]: Received disconnect from 58.218.204.248: 11:  [preauth]
Apr 10 23:04:31 ovzhost sshd[1005]: PAM 2 more authentication failures; logname= uid=0 euid=0 tty=ssh ruser= rhost=58.218.204.248  user=root
Apr 10 23:04:33 ovzhost sshd[1007]: pam_unix(sshd:auth): authentication failure; logname= uid=0 euid=0 tty=ssh ruser= rhost=58.218.204.248  user=root
Apr 10 23:04:34 ovzhost sshd[1007]: Failed password for root from 58.218.204.248 port 36111 ssh2
Apr 10 23:04:39 ovzhost sshd[1007]: message repeated 2 times: [ Failed password for root from 58.218.204.248 port 36111 ssh2]
Apr 10 23:04:39 ovzhost sshd[1007]: Received disconnect from 58.218.204.248: 11:  [preauth]
Apr 10 23:04:39 ovzhost sshd[1007]: PAM 2 more authentication failures; logname= uid=0 euid=0 tty=ssh ruser= rhost=58.218.204.248  user=root
Apr 10 23:04:41 ovzhost sshd[1009]: pam_unix(sshd:auth): authentication failure; logname= uid=0 euid=0 tty=ssh ruser= rhost=58.218.204.248  user=root
Apr 10 23:04:43 ovzhost sshd[1009]: Failed password for root from 58.218.204.248 port 53939 ssh2
Apr 10 23:04:48 ovzhost sshd[1009]: message repeated 2 times: [ Failed password for root from 58.218.204.248 port 53939 ssh2]
Apr 10 23:04:48 ovzhost sshd[1009]: Received disconnect from 58.218.204.248: 11:  [preauth]
Apr 10 23:04:48 ovzhost sshd[1009]: PAM 2 more authentication failures; logname= uid=0 euid=0 tty=ssh ruser= rhost=58.218.204.248  user=root
Apr 10 23:04:51 ovzhost sshd[1011]: pam_unix(sshd:auth): authentication failure; logname= uid=0 euid=0 tty=ssh ruser= rhost=58.218.204.248  user=root
Apr 10 23:04:53 ovzhost sshd[1011]: Failed password for root from 58.218.204.248 port 44417 ssh2
Apr 10 23:04:57 ovzhost sshd[1011]: message repeated 2 times: [ Failed password for root from 58.218.204.248 port 44417 ssh2]
Apr 10 23:04:57 ovzhost sshd[1011]: Received disconnect from 58.218.204.248: 11:  [preauth]
Apr 10 23:04:57 ovzhost sshd[1011]: PAM 2 more authentication failures; logname= uid=0 euid=0 tty=ssh ruser= rhost=58.218.204.248  user=root
Apr 10 23:04:59 ovzhost sshd[1013]: pam_unix(sshd:auth): authentication failure; logname= uid=0 euid=0 tty=ssh ruser= rhost=58.218.204.248  user=root
Apr 10 23:05:01 ovzhost sshd[1013]: Failed password for root from 58.218.204.248 port 35808 ssh2
Apr 10 23:05:05 ovzhost sshd[1013]: message repeated 2 times: [ Failed password for root from 58.218.204.248 port 35808 ssh2]
Apr 10 23:05:06 ovzhost sshd[1013]: Received disconnect from 58.218.204.248: 11:  [preauth]
Apr 10 23:05:06 ovzhost sshd[1013]: PAM 2 more authentication failures; logname= uid=0 euid=0 tty=ssh ruser= rhost=58.218.204.248  user=root
Apr 10 23:05:08 ovzhost sshd[1015]: pam_unix(sshd:auth): authentication failure; logname= uid=0 euid=0 tty=ssh ruser= rhost=58.218.204.248  user=root
Apr 10 23:05:09 ovzhost sshd[1015]: Failed password for root from 58.218.204.248 port 53106 ssh2
Apr 10 23:05:14 ovzhost sshd[1015]: message repeated 2 times: [ Failed password for root from 58.218.204.248 port 53106 ssh2]
Apr 10 23:05:14 ovzhost sshd[1015]: Received disconnect from 58.218.204.248: 11:  [preauth]
Apr 10 23:05:14 ovzhost sshd[1015]: PAM 2 more authentication failures; logname= uid=0 euid=0 tty=ssh ruser= rhost=58.218.204.248  user=root
Apr 10 23:05:16 ovzhost sshd[1018]: pam_unix(sshd:auth): authentication failure; logname= uid=0 euid=0 tty=ssh ruser= rhost=58.218.204.248  user=root
Apr 10 23:05:17 ovzhost sshd[1018]: Failed password for root from 58.218.204.248 port 42659 ssh2
Apr 10 23:05:21 ovzhost sshd[1018]: message repeated 2 times: [ Failed password for root from 58.218.204.248 port 42659 ssh2]
Apr 10 23:05:21 ovzhost sshd[1018]: Received disconnect from 58.218.204.248: 11:  [preauth]
Apr 10 23:05:21 ovzhost sshd[1018]: PAM 2 more authentication failures; logname= uid=0 euid=0 tty=ssh ruser= rhost=58.218.204.248  user=root
Apr 10 23:05:24 ovzhost sshd[1020]: pam_unix(sshd:auth): authentication failure; logname= uid=0 euid=0 tty=ssh ruser= rhost=58.218.204.248  user=root
Apr 10 23:05:25 ovzhost sshd[1022]: pam_unix(sshd:auth): authentication failure; logname= uid=0 euid=0 tty=ssh ruser= rhost=43.255.190.184  user=root
Apr 10 23:05:26 ovzhost sshd[1020]: Failed password for root from 58.218.204.248 port 57779 ssh2
Apr 10 23:05:27 ovzhost sshd[1022]: Failed password for root from 43.255.190.184 port 45887 ssh2
Apr 10 23:05:30 ovzhost sshd[1020]: message repeated 2 times: [ Failed password for root from 58.218.204.248 port 57779 ssh2]
Apr 10 23:05:31 ovzhost sshd[1020]: Received disconnect from 58.218.204.248: 11:  [preauth]
Apr 10 23:05:31 ovzhost sshd[1020]: PAM 2 more authentication failures; logname= uid=0 euid=0 tty=ssh ruser= rhost=58.218.204.248  user=root
Apr 10 23:05:31 ovzhost sshd[1022]: message repeated 2 times: [ Failed password for root from 43.255.190.184 port 45887 ssh2]
Apr 10 23:05:31 ovzhost sshd[1022]: Received disconnect from 43.255.190.184: 11:  [preauth]
Apr 10 23:05:31 ovzhost sshd[1022]: PAM 2 more authentication failures; logname= uid=0 euid=0 tty=ssh ruser= rhost=43.255.190.184  user=root
Apr 10 23:05:33 ovzhost sshd[1024]: pam_unix(sshd:auth): authentication failure; logname= uid=0 euid=0 tty=ssh ruser= rhost=58.218.204.248  user=root
Apr 10 23:05:34 ovzhost sshd[1026]: pam_unix(sshd:auth): authentication failure; logname= uid=0 euid=0 tty=ssh ruser= rhost=43.255.190.184  user=root
Apr 10 23:05:35 ovzhost sshd[1024]: Failed password for root from 58.218.204.248 port 49458 ssh2
Apr 10 23:05:36 ovzhost sshd[1026]: Failed password for root from 43.255.190.184 port 52532 ssh2
Apr 10 23:05:39 ovzhost sshd[1024]: message repeated 2 times: [ Failed password for root from 58.218.204.248 port 49458 ssh2]
Apr 10 23:05:39 ovzhost sshd[1024]: Received disconnect from 58.218.204.248: 11:  [preauth]
Apr 10 23:05:39 ovzhost sshd[1024]: PAM 2 more authentication failures; logname= uid=0 euid=0 tty=ssh ruser= rhost=58.218.204.248  user=root
Apr 10 23:05:40 ovzhost sshd[1026]: message repeated 2 times: [ Failed password for root from 43.255.190.184 port 52532 ssh2]
Apr 10 23:05:40 ovzhost sshd[1026]: Received disconnect from 43.255.190.184: 11:  [preauth]
Apr 10 23:05:40 ovzhost sshd[1026]: PAM 2 more authentication failures; logname= uid=0 euid=0 tty=ssh ruser= rhost=43.255.190.184  user=root
Apr 10 23:05:41 ovzhost sshd[1028]: pam_unix(sshd:auth): authentication failure; logname= uid=0 euid=0 tty=ssh ruser= rhost=58.218.204.248  user=root
Apr 10 23:05:42 ovzhost sshd[1030]: pam_unix(sshd:auth): authentication failure; logname= uid=0 euid=0 tty=ssh ruser= rhost=43.255.190.184  user=root
Apr 10 23:05:43 ovzhost sshd[1028]: Failed password for root from 58.218.204.248 port 38797 ssh2
Apr 10 23:05:44 ovzhost sshd[1030]: Failed password for root from 43.255.190.184 port 58945 ssh2
Apr 10 23:05:48 ovzhost sshd[1028]: message repeated 2 times: [ Failed password for root from 58.218.204.248 port 38797 ssh2]
Apr 10 23:05:48 ovzhost sshd[1028]: Received disconnect from 58.218.204.248: 11:  [preauth]
Apr 10 23:05:48 ovzhost sshd[1028]: PAM 2 more authentication failures; logname= uid=0 euid=0 tty=ssh ruser= rhost=58.218.204.248  user=root
Apr 10 23:05:48 ovzhost sshd[1030]: message repeated 2 times: [ Failed password for root from 43.255.190.184 port 58945 ssh2]
Apr 10 23:05:48 ovzhost sshd[1030]: Received disconnect from 43.255.190.184: 11:  [preauth]
Apr 10 23:05:48 ovzhost sshd[1030]: PAM 2 more authentication failures; logname= uid=0 euid=0 tty=ssh ruser= rhost=43.255.190.184  user=root
Apr 10 23:05:50 ovzhost sshd[1034]: pam_unix(sshd:auth): authentication failure; logname= uid=0 euid=0 tty=ssh ruser= rhost=58.218.204.248  user=root
Apr 10 23:05:52 ovzhost sshd[1034]: Failed password for root from 58.218.204.248 port 56848 ssh2
Apr 10 23:05:54 ovzhost sshd[1032]: pam_unix(sshd:auth): authentication failure; logname= uid=0 euid=0 tty=ssh ruser= rhost=43.255.190.184  user=root
Apr 10 23:05:56 ovzhost sshd[1034]: message repeated 2 times: [ Failed password for root from 58.218.204.248 port 56848 ssh2]
Apr 10 23:05:56 ovzhost sshd[1034]: Received disconnect from 58.218.204.248: 11:  [preauth]
Apr 10 23:05:56 ovzhost sshd[1034]: PAM 2 more authentication failures; logname= uid=0 euid=0 tty=ssh ruser= rhost=58.218.204.248  user=root
Apr 10 23:05:56 ovzhost sshd[1032]: Failed password for root from 43.255.190.184 port 36375 ssh2
Apr 10 23:05:58 ovzhost sshd[1036]: pam_unix(sshd:auth): authentication failure; logname= uid=0 euid=0 tty=ssh ruser= rhost=58.218.204.248  user=root
Apr 10 23:06:00 ovzhost sshd[1036]: Failed password for root from 58.218.204.248 port 46380 ssh2
Apr 10 23:06:00 ovzhost sshd[1032]: message repeated 2 times: [ Failed password for root from 43.255.190.184 port 36375 ssh2]
Apr 10 23:06:00 ovzhost sshd[1032]: Received disconnect from 43.255.190.184: 11:  [preauth]
Apr 10 23:06:00 ovzhost sshd[1032]: PAM 2 more authentication failures; logname= uid=0 euid=0 tty=ssh ruser= rhost=43.255.190.184  user=root
Apr 10 23:06:04 ovzhost sshd[1036]: message repeated 2 times: [ Failed password for root from 58.218.204.248 port 46380 ssh2]
Apr 10 23:06:04 ovzhost sshd[1036]: Received disconnect from 58.218.204.248: 11:  [preauth]
Apr 10 23:06:04 ovzhost sshd[1036]: PAM 2 more authentication failures; logname= uid=0 euid=0 tty=ssh ruser= rhost=58.218.204.248  user=root
Apr 10 23:06:05 ovzhost sshd[1038]: pam_unix(sshd:auth): authentication failure; logname= uid=0 euid=0 tty=ssh ruser= rhost=43.255.190.184  user=root
Apr 10 23:06:06 ovzhost sshd[1040]: pam_unix(sshd:auth): authentication failure; logname= uid=0 euid=0 tty=ssh ruser= rhost=58.218.204.248  user=root
Apr 10 23:06:07 ovzhost sshd[1038]: Failed password for root from 43.255.190.184 port 45230 ssh2
Apr 10 23:06:07 ovzhost sshd[1040]: Failed password for root from 58.218.204.248 port 36328 ssh2
Apr 10 23:06:11 ovzhost sshd[1038]: message repeated 2 times: [ Failed password for root from 43.255.190.184 port 45230 ssh2]
Apr 10 23:06:11 ovzhost sshd[1038]: Received disconnect from 43.255.190.184: 11:  [preauth]
Apr 10 23:06:11 ovzhost sshd[1038]: PAM 2 more authentication failures; logname= uid=0 euid=0 tty=ssh ruser= rhost=43.255.190.184  user=root
Apr 10 23:06:12 ovzhost sshd[1042]: pam_unix(sshd:auth): authentication failure; logname= uid=0 euid=0 tty=ssh ruser= rhost=43.255.190.184  user=root
Apr 10 23:06:12 ovzhost sshd[1040]: message repeated 2 times: [ Failed password for root from 58.218.204.248 port 36328 ssh2]
Apr 10 23:06:12 ovzhost sshd[1040]: Received disconnect from 58.218.204.248: 11:  [preauth]
Apr 10 23:06:12 ovzhost sshd[1040]: PAM 2 more authentication failures; logname= uid=0 euid=0 tty=ssh ruser= rhost=58.218.204.248  user=root
Apr 10 23:06:14 ovzhost sshd[1042]: Failed password for root from 43.255.190.184 port 52982 ssh2
Apr 10 23:06:17 ovzhost sshd[1042]: message repeated 2 times: [ Failed password for root from 43.255.190.184 port 52982 ssh2]
Apr 10 23:06:17 ovzhost sshd[1042]: Received disconnect from 43.255.190.184: 11:  [preauth]
Apr 10 23:06:17 ovzhost sshd[1042]: PAM 2 more authentication failures; logname= uid=0 euid=0 tty=ssh ruser= rhost=43.255.190.184  user=root
Apr 10 23:06:19 ovzhost sshd[1046]: pam_unix(sshd:auth): authentication failure; logname= uid=0 euid=0 tty=ssh ruser= rhost=43.255.190.184  user=root
Apr 10 23:06:22 ovzhost sshd[1046]: Failed password for root from 43.255.190.184 port 57133 ssh2
Apr 10 23:06:27 ovzhost sshd[1046]: message repeated 2 times: [ Failed password for root from 43.255.190.184 port 57133 ssh2]
Apr 10 23:06:27 ovzhost sshd[1046]: Received disconnect from 43.255.190.184: 11:  [preauth]
Apr 10 23:06:27 ovzhost sshd[1046]: PAM 2 more authentication failures; logname= uid=0 euid=0 tty=ssh ruser= rhost=43.255.190.184  user=root
Apr 10 23:06:39 ovzhost sshd[1051]: pam_unix(sshd:auth): authentication failure; logname= uid=0 euid=0 tty=ssh ruser= rhost=43.255.190.184  user=root
Apr 10 23:06:41 ovzhost sshd[1051]: Failed password for root from 43.255.190.184 port 43783 ssh2
Apr 10 23:06:45 ovzhost sshd[1051]: message repeated 2 times: [ Failed password for root from 43.255.190.184 port 43783 ssh2]
Apr 10 23:06:45 ovzhost sshd[1051]: Received disconnect from 43.255.190.184: 11:  [preauth]
Apr 10 23:06:45 ovzhost sshd[1051]: PAM 2 more authentication failures; logname= uid=0 euid=0 tty=ssh ruser= rhost=43.255.190.184  user=root
Apr 10 23:06:56 ovzhost sshd[1055]: pam_unix(sshd:auth): authentication failure; logname= uid=0 euid=0 tty=ssh ruser= rhost=43.255.190.184  user=root
Apr 10 23:06:58 ovzhost sshd[1055]: Failed password for root from 43.255.190.184 port 56977 ssh2
Apr 10 23:07:02 ovzhost sshd[1055]: message repeated 2 times: [ Failed password for root from 43.255.190.184 port 56977 ssh2]
Apr 10 23:07:02 ovzhost sshd[1055]: Received disconnect from 43.255.190.184: 11:  [preauth]
Apr 10 23:07:02 ovzhost sshd[1055]: PAM 2 more authentication failures; logname= uid=0 euid=0 tty=ssh ruser= rhost=43.255.190.184  user=root
Apr 10 23:07:14 ovzhost sshd[1059]: pam_unix(sshd:auth): authentication failure; logname= uid=0 euid=0 tty=ssh ruser= rhost=43.255.190.184  user=root
Apr 10 23:07:16 ovzhost sshd[1059]: Failed password for root from 43.255.190.184 port 41030 ssh2
Apr 10 23:07:20 ovzhost sshd[1059]: message repeated 2 times: [ Failed password for root from 43.255.190.184 port 41030 ssh2]
Apr 10 23:07:20 ovzhost sshd[1059]: Received disconnect from 43.255.190.184: 11:  [preauth]
Apr 10 23:07:20 ovzhost sshd[1059]: PAM 2 more authentication failures; logname= uid=0 euid=0 tty=ssh ruser= rhost=43.255.190.184  user=root
Apr 10 23:07:21 ovzhost sshd[1053]: Connection closed by 43.255.190.184 [preauth]
Apr 10 23:07:30 ovzhost sshd[1061]: pam_unix(sshd:auth): authentication failure; logname= uid=0 euid=0 tty=ssh ruser= rhost=43.255.190.184  user=root
Apr 10 23:07:32 ovzhost sshd[1061]: Failed password for root from 43.255.190.184 port 46546 ssh2
Apr 10 23:07:35 ovzhost sshd[1064]: Connection closed by 127.0.0.1 [preauth]
Apr 10 23:07:36 ovzhost sshd[1061]: message repeated 2 times: [ Failed password for root from 43.255.190.184 port 46546 ssh2]
Apr 10 23:07:36 ovzhost sshd[1061]: Received disconnect from 43.255.190.184: 11:  [preauth]
Apr 10 23:07:36 ovzhost sshd[1061]: PAM 2 more authentication failures; logname= uid=0 euid=0 tty=ssh ruser= rhost=43.255.190.184  user=root
Apr 10 23:07:39 ovzhost sshd[1066]: pam_unix(sshd:auth): authentication failure; logname= uid=0 euid=0 tty=ssh ruser= rhost=43.255.190.184  user=root
Apr 10 23:07:40 ovzhost sshd[1066]: Failed password for root from 43.255.190.184 port 58911 ssh2
Apr 10 23:07:45 ovzhost sshd[1066]: message repeated 2 times: [ Failed password for root from 43.255.190.184 port 58911 ssh2]
Apr 10 23:07:46 ovzhost sshd[1066]: Received disconnect from 43.255.190.184: 11:  [preauth]
Apr 10 23:07:46 ovzhost sshd[1066]: PAM 2 more authentication failures; logname= uid=0 euid=0 tty=ssh ruser= rhost=43.255.190.184  user=root
Apr 10 23:08:09 ovzhost sshd[1076]: pam_unix(sshd:auth): authentication failure; logname= uid=0 euid=0 tty=ssh ruser= rhost=43.255.190.184  user=root
Apr 10 23:08:10 ovzhost sshd[1076]: Failed password for root from 43.255.190.184 port 52234 ssh2
Apr 10 23:08:14 ovzhost sshd[1076]: message repeated 2 times: [ Failed password for root from 43.255.190.184 port 52234 ssh2]
Apr 10 23:08:14 ovzhost sshd[1076]: Received disconnect from 43.255.190.184: 11:  [preauth]
Apr 10 23:08:14 ovzhost sshd[1076]: PAM 2 more authentication failures; logname= uid=0 euid=0 tty=ssh ruser= rhost=43.255.190.184  user=root
Apr 10 23:08:19 ovzhost sshd[1081]: pam_unix(sshd:auth): authentication failure; logname= uid=0 euid=0 tty=ssh ruser= rhost=43.255.190.184  user=root
Apr 10 23:08:22 ovzhost sshd[1081]: Failed password for root from 43.255.190.184 port 57059 ssh2
Apr 10 23:08:26 ovzhost sshd[1081]: message repeated 2 times: [ Failed password for root from 43.255.190.184 port 57059 ssh2]
Apr 10 23:08:26 ovzhost sshd[1081]: Received disconnect from 43.255.190.184: 11:  [preauth]
Apr 10 23:08:26 ovzhost sshd[1081]: PAM 2 more authentication failures; logname= uid=0 euid=0 tty=ssh ruser= rhost=43.255.190.184  user=root
Apr 10 23:08:29 ovzhost sshd[1083]: pam_unix(sshd:auth): authentication failure; logname= uid=0 euid=0 tty=ssh ruser= rhost=43.255.190.184  user=root
Apr 10 23:08:31 ovzhost sshd[1083]: Failed password for root from 43.255.190.184 port 37464 ssh2
Apr 10 23:08:32 ovzhost sshd[1071]: Connection closed by 43.255.190.184 [preauth]
Apr 10 23:08:35 ovzhost sshd[1083]: message repeated 2 times: [ Failed password for root from 43.255.190.184 port 37464 ssh2]
Apr 10 23:08:35 ovzhost sshd[1083]: Received disconnect from 43.255.190.184: 11:  [preauth]
Apr 10 23:08:35 ovzhost sshd[1083]: PAM 2 more authentication failures; logname= uid=0 euid=0 tty=ssh ruser= rhost=43.255.190.184  user=root
Apr 10 23:08:36 ovzhost sshd[1087]: pam_unix(sshd:auth): authentication failure; logname= uid=0 euid=0 tty=ssh ruser= rhost=43.255.190.184  user=root
Apr 10 23:08:38 ovzhost sshd[1087]: Failed password for root from 43.255.190.184 port 43480 ssh2
Apr 10 23:08:42 ovzhost sshd[1087]: message repeated 2 times: [ Failed password for root from 43.255.190.184 port 43480 ssh2]
Apr 10 23:08:42 ovzhost sshd[1087]: Received disconnect from 43.255.190.184: 11:  [preauth]
Apr 10 23:08:42 ovzhost sshd[1087]: PAM 2 more authentication failures; logname= uid=0 euid=0 tty=ssh ruser= rhost=43.255.190.184  user=root
Apr 10 23:08:42 ovzhost sshd[1093]: pam_unix(sshd:auth): authentication failure; logname= uid=0 euid=0 tty=ssh ruser= rhost=43.255.190.190  user=root
Apr 10 23:08:45 ovzhost sshd[1093]: Failed password for root from 43.255.190.190 port 36950 ssh2
Apr 10 23:08:49 ovzhost sshd[1093]: message repeated 2 times: [ Failed password for root from 43.255.190.190 port 36950 ssh2]
Apr 10 23:08:49 ovzhost sshd[1093]: Received disconnect from 43.255.190.190: 11:  [preauth]
Apr 10 23:08:49 ovzhost sshd[1093]: PAM 2 more authentication failures; logname= uid=0 euid=0 tty=ssh ruser= rhost=43.255.190.190  user=root
Apr 10 23:08:50 ovzhost sshd[1095]: pam_unix(sshd:auth): authentication failure; logname= uid=0 euid=0 tty=ssh ruser= rhost=43.255.190.190  user=root
Apr 10 23:08:52 ovzhost sshd[1095]: Failed password for root from 43.255.190.190 port 52270 ssh2
Apr 10 23:08:54 ovzhost sshd[1097]: pam_unix(sshd:auth): authentication failure; logname= uid=0 euid=0 tty=ssh ruser= rhost=43.255.190.184  user=root
Apr 10 23:08:56 ovzhost sshd[1095]: message repeated 2 times: [ Failed password for root from 43.255.190.190 port 52270 ssh2]
Apr 10 23:08:56 ovzhost sshd[1095]: Received disconnect from 43.255.190.190: 11:  [preauth]
Apr 10 23:08:56 ovzhost sshd[1095]: PAM 2 more authentication failures; logname= uid=0 euid=0 tty=ssh ruser= rhost=43.255.190.190  user=root
Apr 10 23:08:56 ovzhost sshd[1097]: Failed password for root from 43.255.190.184 port 55167 ssh2
Apr 10 23:08:56 ovzhost sshd[1099]: pam_unix(sshd:auth): authentication failure; logname= uid=0 euid=0 tty=ssh ruser= rhost=43.255.190.190  user=root
Apr 10 23:08:59 ovzhost sshd[1099]: Failed password for root from 43.255.190.190 port 39415 ssh2
Apr 10 23:09:00 ovzhost sshd[1091]: Connection closed by 43.255.190.184 [preauth]
Apr 10 23:09:01 ovzhost sshd[1097]: message repeated 2 times: [ Failed password for root from 43.255.190.184 port 55167 ssh2]
Apr 10 23:09:01 ovzhost sshd[1097]: Received disconnect from 43.255.190.184: 11:  [preauth]
Apr 10 23:09:01 ovzhost sshd[1097]: PAM 2 more authentication failures; logname= uid=0 euid=0 tty=ssh ruser= rhost=43.255.190.184  user=root
Apr 10 23:09:01 ovzhost CRON[1103]: pam_env(cron:session): Unable to open env file: /etc/default/locale: No such file or directory
Apr 10 23:09:01 ovzhost CRON[1104]: pam_env(cron:session): Unable to open env file: /etc/default/locale: No such file or directory
Apr 10 23:09:01 ovzhost CRON[1104]: pam_unix(cron:session): session opened for user root by (uid=0)
Apr 10 23:09:01 ovzhost CRON[1103]: pam_unix(cron:session): session opened for user root by (uid=0)
Apr 10 23:09:01 ovzhost CRON[1103]: pam_unix(cron:session): session closed for user root
Apr 10 23:09:01 ovzhost CRON[1104]: pam_unix(cron:session): session closed for user root
Apr 10 23:09:03 ovzhost sshd[1101]: pam_unix(sshd:auth): authentication failure; logname= uid=0 euid=0 tty=ssh ruser= rhost=43.255.190.184  user=root
Apr 10 23:09:04 ovzhost sshd[1099]: message repeated 2 times: [ Failed password for root from 43.255.190.190 port 39415 ssh2]
Apr 10 23:09:04 ovzhost sshd[1099]: Received disconnect from 43.255.190.190: 11:  [preauth]
Apr 10 23:09:04 ovzhost sshd[1099]: PAM 2 more authentication failures; logname= uid=0 euid=0 tty=ssh ruser= rhost=43.255.190.190  user=root
Apr 10 23:09:04 ovzhost sshd[1117]: pam_unix(sshd:auth): authentication failure; logname= uid=0 euid=0 tty=ssh ruser= rhost=43.255.190.190  user=root
Apr 10 23:09:05 ovzhost sshd[1101]: Failed password for root from 43.255.190.184 port 33054 ssh2
Apr 10 23:09:06 ovzhost sshd[1117]: Failed password for root from 43.255.190.190 port 57859 ssh2
Apr 10 23:09:09 ovzhost sshd[1101]: message repeated 2 times: [ Failed password for root from 43.255.190.184 port 33054 ssh2]
Apr 10 23:09:10 ovzhost sshd[1101]: Received disconnect from 43.255.190.184: 11:  [preauth]
Apr 10 23:09:10 ovzhost sshd[1101]: PAM 2 more authentication failures; logname= uid=0 euid=0 tty=ssh ruser= rhost=43.255.190.184  user=root
Apr 10 23:09:11 ovzhost sshd[1121]: pam_unix(sshd:auth): authentication failure; logname= uid=0 euid=0 tty=ssh ruser= rhost=43.255.190.184  user=root
Apr 10 23:09:11 ovzhost sshd[1117]: message repeated 2 times: [ Failed password for root from 43.255.190.190 port 57859 ssh2]
Apr 10 23:09:11 ovzhost sshd[1117]: Received disconnect from 43.255.190.190: 11:  [preauth]
Apr 10 23:09:11 ovzhost sshd[1117]: PAM 2 more authentication failures; logname= uid=0 euid=0 tty=ssh ruser= rhost=43.255.190.190  user=root
Apr 10 23:09:12 ovzhost sshd[1123]: pam_unix(sshd:auth): authentication failure; logname= uid=0 euid=0 tty=ssh ruser= rhost=43.255.190.190  user=root
Apr 10 23:09:13 ovzhost sshd[1121]: Failed password for root from 43.255.190.184 port 39173 ssh2
Apr 10 23:09:14 ovzhost sshd[1123]: Failed password for root from 43.255.190.190 port 48797 ssh2
Apr 10 23:09:17 ovzhost sshd[1121]: message repeated 2 times: [ Failed password for root from 43.255.190.184 port 39173 ssh2]
Apr 10 23:09:17 ovzhost sshd[1121]: Received disconnect from 43.255.190.184: 11:  [preauth]
Apr 10 23:09:17 ovzhost sshd[1121]: PAM 2 more authentication failures; logname= uid=0 euid=0 tty=ssh ruser= rhost=43.255.190.184  user=root
Apr 10 23:09:18 ovzhost sshd[1125]: pam_unix(sshd:auth): authentication failure; logname= uid=0 euid=0 tty=ssh ruser= rhost=43.255.190.184  user=root
Apr 10 23:09:18 ovzhost sshd[1123]: message repeated 2 times: [ Failed password for root from 43.255.190.190 port 48797 ssh2]
Apr 10 23:09:18 ovzhost sshd[1123]: Received disconnect from 43.255.190.190: 11:  [preauth]
Apr 10 23:09:18 ovzhost sshd[1123]: PAM 2 more authentication failures; logname= uid=0 euid=0 tty=ssh ruser= rhost=43.255.190.190  user=root
Apr 10 23:09:20 ovzhost sshd[1127]: pam_unix(sshd:auth): authentication failure; logname= uid=0 euid=0 tty=ssh ruser= rhost=43.255.190.190  user=root
Apr 10 23:09:20 ovzhost sshd[1125]: Failed password for root from 43.255.190.184 port 45067 ssh2
Apr 10 23:09:22 ovzhost sshd[1127]: Failed password for root from 43.255.190.190 port 39062 ssh2
Apr 10 23:09:26 ovzhost sshd[1125]: message repeated 2 times: [ Failed password for root from 43.255.190.184 port 45067 ssh2]
Apr 10 23:09:26 ovzhost sshd[1125]: Received disconnect from 43.255.190.184: 11:  [preauth]
Apr 10 23:09:26 ovzhost sshd[1125]: PAM 2 more authentication failures; logname= uid=0 euid=0 tty=ssh ruser= rhost=43.255.190.184  user=root
Apr 10 23:09:26 ovzhost sshd[1127]: message repeated 2 times: [ Failed password for root from 43.255.190.190 port 39062 ssh2]
Apr 10 23:09:27 ovzhost sshd[1127]: Received disconnect from 43.255.190.190: 11:  [preauth]
Apr 10 23:09:27 ovzhost sshd[1127]: PAM 2 more authentication failures; logname= uid=0 euid=0 tty=ssh ruser= rhost=43.255.190.190  user=root
Apr 10 23:09:27 ovzhost sshd[1129]: pam_unix(sshd:auth): authentication failure; logname= uid=0 euid=0 tty=ssh ruser= rhost=43.255.190.190  user=root
Apr 10 23:09:29 ovzhost sshd[1131]: pam_unix(sshd:auth): authentication failure; logname= uid=0 euid=0 tty=ssh ruser= rhost=43.255.190.184  user=root
Apr 10 23:09:29 ovzhost sshd[1129]: Failed password for root from 43.255.190.190 port 58286 ssh2
Apr 10 23:09:32 ovzhost sshd[1131]: Failed password for root from 43.255.190.184 port 51485 ssh2
Apr 10 23:09:35 ovzhost sshd[1129]: message repeated 2 times: [ Failed password for root from 43.255.190.190 port 58286 ssh2]
Apr 10 23:09:35 ovzhost sshd[1129]: Received disconnect from 43.255.190.190: 11:  [preauth]
Apr 10 23:09:35 ovzhost sshd[1129]: PAM 2 more authentication failures; logname= uid=0 euid=0 tty=ssh ruser= rhost=43.255.190.190  user=root
Apr 10 23:09:35 ovzhost sshd[1133]: pam_unix(sshd:auth): authentication failure; logname= uid=0 euid=0 tty=ssh ruser= rhost=43.255.190.190  user=root
Apr 10 23:09:37 ovzhost sshd[1131]: message repeated 2 times: [ Failed password for root from 43.255.190.184 port 51485 ssh2]
Apr 10 23:09:37 ovzhost sshd[1131]: Received disconnect from 43.255.190.184: 11:  [preauth]
Apr 10 23:09:37 ovzhost sshd[1131]: PAM 2 more authentication failures; logname= uid=0 euid=0 tty=ssh ruser= rhost=43.255.190.184  user=root
Apr 10 23:09:37 ovzhost sshd[1133]: Failed password for root from 43.255.190.190 port 49879 ssh2
Apr 10 23:09:42 ovzhost sshd[1133]: message repeated 2 times: [ Failed password for root from 43.255.190.190 port 49879 ssh2]
Apr 10 23:09:42 ovzhost sshd[1133]: Received disconnect from 43.255.190.190: 11:  [preauth]
Apr 10 23:09:42 ovzhost sshd[1133]: PAM 2 more authentication failures; logname= uid=0 euid=0 tty=ssh ruser= rhost=43.255.190.190  user=root
Apr 10 23:09:43 ovzhost sshd[1138]: pam_unix(sshd:auth): authentication failure; logname= uid=0 euid=0 tty=ssh ruser= rhost=43.255.190.190  user=root
Apr 10 23:09:45 ovzhost sshd[1138]: Failed password for root from 43.255.190.190 port 44177 ssh2
Apr 10 23:09:49 ovzhost sshd[1140]: pam_unix(sshd:auth): authentication failure; logname= uid=0 euid=0 tty=ssh ruser= rhost=43.255.190.184  user=root
Apr 10 23:09:49 ovzhost sshd[1138]: message repeated 2 times: [ Failed password for root from 43.255.190.190 port 44177 ssh2]
Apr 10 23:09:49 ovzhost sshd[1138]: Received disconnect from 43.255.190.190: 11:  [preauth]
Apr 10 23:09:49 ovzhost sshd[1138]: PAM 2 more authentication failures; logname= uid=0 euid=0 tty=ssh ruser= rhost=43.255.190.190  user=root
Apr 10 23:09:50 ovzhost sshd[1142]: pam_unix(sshd:auth): authentication failure; logname= uid=0 euid=0 tty=ssh ruser= rhost=43.255.190.190  user=root
Apr 10 23:09:51 ovzhost sshd[1140]: Failed password for root from 43.255.190.184 port 39533 ssh2
Apr 10 23:09:53 ovzhost sshd[1142]: Failed password for root from 43.255.190.190 port 37467 ssh2
Apr 10 23:09:56 ovzhost sshd[1135]: Connection closed by 43.255.190.184 [preauth]
Apr 10 23:09:56 ovzhost sshd[1140]: message repeated 2 times: [ Failed password for root from 43.255.190.184 port 39533 ssh2]
Apr 10 23:09:56 ovzhost sshd[1140]: Received disconnect from 43.255.190.184: 11:  [preauth]
Apr 10 23:09:56 ovzhost sshd[1140]: PAM 2 more authentication failures; logname= uid=0 euid=0 tty=ssh ruser= rhost=43.255.190.184  user=root
Apr 10 23:09:57 ovzhost sshd[1144]: pam_unix(sshd:auth): authentication failure; logname= uid=0 euid=0 tty=ssh ruser= rhost=43.255.190.184  user=root
Apr 10 23:09:58 ovzhost sshd[1142]: message repeated 2 times: [ Failed password for root from 43.255.190.190 port 37467 ssh2]
Apr 10 23:09:58 ovzhost sshd[1142]: Received disconnect from 43.255.190.190: 11:  [preauth]
Apr 10 23:09:58 ovzhost sshd[1142]: PAM 2 more authentication failures; logname= uid=0 euid=0 tty=ssh ruser= rhost=43.255.190.190  user=root
Apr 10 23:09:58 ovzhost sshd[1146]: pam_unix(sshd:auth): authentication failure; logname= uid=0 euid=0 tty=ssh ruser= rhost=43.255.190.190  user=root
Apr 10 23:09:59 ovzhost sshd[1144]: Failed password for root from 43.255.190.184 port 45337 ssh2
Apr 10 23:10:00 ovzhost sshd[1146]: Failed password for root from 43.255.190.190 port 59360 ssh2
Apr 10 23:10:05 ovzhost sshd[1144]: message repeated 2 times: [ Failed password for root from 43.255.190.184 port 45337 ssh2]
Apr 10 23:10:05 ovzhost sshd[1144]: Received disconnect from 43.255.190.184: 11:  [preauth]
Apr 10 23:10:05 ovzhost sshd[1144]: PAM 2 more authentication failures; logname= uid=0 euid=0 tty=ssh ruser= rhost=43.255.190.184  user=root
Apr 10 23:10:05 ovzhost sshd[1146]: message repeated 2 times: [ Failed password for root from 43.255.190.190 port 59360 ssh2]
Apr 10 23:10:05 ovzhost sshd[1146]: Received disconnect from 43.255.190.190: 11:  [preauth]
Apr 10 23:10:05 ovzhost sshd[1146]: PAM 2 more authentication failures; logname= uid=0 euid=0 tty=ssh ruser= rhost=43.255.190.190  user=root
Apr 10 23:10:06 ovzhost sshd[1150]: pam_unix(sshd:auth): authentication failure; logname= uid=0 euid=0 tty=ssh ruser= rhost=43.255.190.190  user=root
Apr 10 23:10:08 ovzhost sshd[1150]: Failed password for root from 43.255.190.190 port 52699 ssh2
Apr 10 23:10:13 ovzhost sshd[1150]: message repeated 2 times: [ Failed password for root from 43.255.190.190 port 52699 ssh2]
Apr 10 23:10:13 ovzhost sshd[1150]: Received disconnect from 43.255.190.190: 11:  [preauth]
Apr 10 23:10:13 ovzhost sshd[1150]: PAM 2 more authentication failures; logname= uid=0 euid=0 tty=ssh ruser= rhost=43.255.190.190  user=root
Apr 10 23:10:14 ovzhost sshd[1153]: pam_unix(sshd:auth): authentication failure; logname= uid=0 euid=0 tty=ssh ruser= rhost=43.255.190.190  user=root
Apr 10 23:10:16 ovzhost sshd[1153]: Failed password for root from 43.255.190.190 port 43685 ssh2
Apr 10 23:10:21 ovzhost sshd[1153]: message repeated 2 times: [ Failed password for root from 43.255.190.190 port 43685 ssh2]
Apr 10 23:10:21 ovzhost sshd[1153]: Received disconnect from 43.255.190.190: 11:  [preauth]
Apr 10 23:10:21 ovzhost sshd[1153]: PAM 2 more authentication failures; logname= uid=0 euid=0 tty=ssh ruser= rhost=43.255.190.190  user=root
Apr 10 23:10:22 ovzhost sshd[1157]: pam_unix(sshd:auth): authentication failure; logname= uid=0 euid=0 tty=ssh ruser= rhost=43.255.190.190  user=root
Apr 10 23:10:23 ovzhost sshd[1148]: Connection closed by 43.255.190.184 [preauth]
Apr 10 23:10:24 ovzhost sshd[1157]: Failed password for root from 43.255.190.190 port 36805 ssh2
Apr 10 23:10:28 ovzhost sshd[1157]: message repeated 2 times: [ Failed password for root from 43.255.190.190 port 36805 ssh2]
Apr 10 23:10:28 ovzhost sshd[1157]: Received disconnect from 43.255.190.190: 11:  [preauth]
Apr 10 23:10:28 ovzhost sshd[1157]: PAM 2 more authentication failures; logname= uid=0 euid=0 tty=ssh ruser= rhost=43.255.190.190  user=root
Apr 10 23:10:29 ovzhost sshd[1161]: pam_unix(sshd:auth): authentication failure; logname= uid=0 euid=0 tty=ssh ruser= rhost=43.255.190.190  user=root
Apr 10 23:10:31 ovzhost sshd[1161]: Failed password for root from 43.255.190.190 port 54300 ssh2
Apr 10 23:10:35 ovzhost sshd[1159]: pam_unix(sshd:auth): authentication failure; logname= uid=0 euid=0 tty=ssh ruser= rhost=43.255.190.184  user=root
Apr 10 23:10:35 ovzhost sshd[1161]: message repeated 2 times: [ Failed password for root from 43.255.190.190 port 54300 ssh2]
Apr 10 23:10:36 ovzhost sshd[1161]: Received disconnect from 43.255.190.190: 11:  [preauth]
Apr 10 23:10:36 ovzhost sshd[1161]: PAM 2 more authentication failures; logname= uid=0 euid=0 tty=ssh ruser= rhost=43.255.190.190  user=root
Apr 10 23:10:36 ovzhost sshd[1163]: pam_unix(sshd:auth): authentication failure; logname= uid=0 euid=0 tty=ssh ruser= rhost=43.255.190.190  user=root
Apr 10 23:10:36 ovzhost sshd[1159]: Failed password for root from 43.255.190.184 port 37912 ssh2
Apr 10 23:10:38 ovzhost sshd[1163]: Failed password for root from 43.255.190.190 port 44095 ssh2
Apr 10 23:10:40 ovzhost sshd[1159]: message repeated 2 times: [ Failed password for root from 43.255.190.184 port 37912 ssh2]
Apr 10 23:10:41 ovzhost sshd[1159]: Received disconnect from 43.255.190.184: 11:  [preauth]
Apr 10 23:10:41 ovzhost sshd[1159]: PAM 2 more authentication failures; logname= uid=0 euid=0 tty=ssh ruser= rhost=43.255.190.184  user=root
Apr 10 23:10:42 ovzhost sshd[1165]: pam_unix(sshd:auth): authentication failure; logname= uid=0 euid=0 tty=ssh ruser= rhost=43.255.190.184  user=root
Apr 10 23:10:42 ovzhost sshd[1168]: Connection closed by 128.8.37.120 [preauth]
Apr 10 23:10:43 ovzhost sshd[1163]: message repeated 2 times: [ Failed password for root from 43.255.190.190 port 44095 ssh2]
Apr 10 23:10:43 ovzhost sshd[1163]: Received disconnect from 43.255.190.190: 11:  [preauth]
Apr 10 23:10:43 ovzhost sshd[1163]: PAM 2 more authentication failures; logname= uid=0 euid=0 tty=ssh ruser= rhost=43.255.190.190  user=root
Apr 10 23:10:43 ovzhost sshd[1170]: pam_unix(sshd:auth): authentication failure; logname= uid=0 euid=0 tty=ssh ruser= rhost=43.255.190.190  user=root
Apr 10 23:10:44 ovzhost sshd[1165]: Failed password for root from 43.255.190.184 port 49391 ssh2
Apr 10 23:10:45 ovzhost sshd[1170]: Failed password for root from 43.255.190.190 port 32807 ssh2
Apr 10 23:10:48 ovzhost sshd[1165]: message repeated 2 times: [ Failed password for root from 43.255.190.184 port 49391 ssh2]
Apr 10 23:10:48 ovzhost sshd[1165]: Received disconnect from 43.255.190.184: 11:  [preauth]
Apr 10 23:10:48 ovzhost sshd[1165]: PAM 2 more authentication failures; logname= uid=0 euid=0 tty=ssh ruser= rhost=43.255.190.184  user=root
Apr 10 23:10:49 ovzhost sshd[1170]: message repeated 2 times: [ Failed password for root from 43.255.190.190 port 32807 ssh2]
Apr 10 23:10:49 ovzhost sshd[1170]: Received disconnect from 43.255.190.190: 11:  [preauth]
Apr 10 23:10:49 ovzhost sshd[1170]: PAM 2 more authentication failures; logname= uid=0 euid=0 tty=ssh ruser= rhost=43.255.190.190  user=root
Apr 10 23:10:49 ovzhost sshd[1174]: pam_unix(sshd:auth): authentication failure; logname= uid=0 euid=0 tty=ssh ruser= rhost=43.255.190.190  user=root
Apr 10 23:10:50 ovzhost sshd[1172]: pam_unix(sshd:auth): authentication failure; logname= uid=0 euid=0 tty=ssh ruser= rhost=43.255.190.184  user=root
Apr 10 23:10:52 ovzhost sshd[1174]: Failed password for root from 43.255.190.190 port 47703 ssh2
Apr 10 23:10:53 ovzhost sshd[1172]: Failed password for root from 43.255.190.184 port 54987 ssh2
Apr 10 23:10:56 ovzhost sshd[1174]: message repeated 2 times: [ Failed password for root from 43.255.190.190 port 47703 ssh2]
Apr 10 23:10:57 ovzhost sshd[1174]: Received disconnect from 43.255.190.190: 11:  [preauth]
Apr 10 23:10:57 ovzhost sshd[1174]: PAM 2 more authentication failures; logname= uid=0 euid=0 tty=ssh ruser= rhost=43.255.190.190  user=root
Apr 10 23:10:57 ovzhost sshd[1176]: pam_unix(sshd:auth): authentication failure; logname= uid=0 euid=0 tty=ssh ruser= rhost=43.255.190.190  user=root
Apr 10 23:10:58 ovzhost sshd[1172]: message repeated 2 times: [ Failed password for root from 43.255.190.184 port 54987 ssh2]
Apr 10 23:10:58 ovzhost sshd[1172]: Received disconnect from 43.255.190.184: 11:  [preauth]
Apr 10 23:10:58 ovzhost sshd[1172]: PAM 2 more authentication failures; logname= uid=0 euid=0 tty=ssh ruser= rhost=43.255.190.184  user=root
Apr 10 23:10:59 ovzhost sshd[1176]: Failed password for root from 43.255.190.190 port 37595 ssh2
Apr 10 23:11:00 ovzhost sshd[1178]: pam_unix(sshd:auth): authentication failure; logname= uid=0 euid=0 tty=ssh ruser= rhost=43.255.190.184  user=root
Apr 10 23:11:02 ovzhost sshd[1178]: Failed password for root from 43.255.190.184 port 33669 ssh2
Apr 10 23:11:03 ovzhost sshd[1176]: message repeated 2 times: [ Failed password for root from 43.255.190.190 port 37595 ssh2]
Apr 10 23:11:03 ovzhost sshd[1176]: Received disconnect from 43.255.190.190: 11:  [preauth]
Apr 10 23:11:03 ovzhost sshd[1176]: PAM 2 more authentication failures; logname= uid=0 euid=0 tty=ssh ruser= rhost=43.255.190.190  user=root
Apr 10 23:11:03 ovzhost sshd[1180]: pam_unix(sshd:auth): authentication failure; logname= uid=0 euid=0 tty=ssh ruser= rhost=43.255.190.190  user=root
Apr 10 23:11:05 ovzhost sshd[1180]: Failed password for root from 43.255.190.190 port 52013 ssh2
Apr 10 23:11:07 ovzhost sshd[1178]: message repeated 2 times: [ Failed password for root from 43.255.190.184 port 33669 ssh2]
Apr 10 23:11:07 ovzhost sshd[1178]: Received disconnect from 43.255.190.184: 11:  [preauth]
Apr 10 23:11:07 ovzhost sshd[1178]: PAM 2 more authentication failures; logname= uid=0 euid=0 tty=ssh ruser= rhost=43.255.190.184  user=root
Apr 10 23:11:10 ovzhost sshd[1180]: message repeated 2 times: [ Failed password for root from 43.255.190.190 port 52013 ssh2]
Apr 10 23:11:10 ovzhost sshd[1180]: Received disconnect from 43.255.190.190: 11:  [preauth]
Apr 10 23:11:10 ovzhost sshd[1180]: PAM 2 more authentication failures; logname= uid=0 euid=0 tty=ssh ruser= rhost=43.255.190.190  user=root
Apr 10 23:11:11 ovzhost sshd[1184]: pam_unix(sshd:auth): authentication failure; logname= uid=0 euid=0 tty=ssh ruser= rhost=43.255.190.190  user=root
Apr 10 23:11:13 ovzhost sshd[1184]: Failed password for root from 43.255.190.190 port 41265 ssh2
Apr 10 23:11:14 ovzhost sshd[1182]: pam_unix(sshd:auth): authentication failure; logname= uid=0 euid=0 tty=ssh ruser= rhost=43.255.190.184  user=root
Apr 10 23:11:17 ovzhost sshd[1182]: Failed password for root from 43.255.190.184 port 40718 ssh2
Apr 10 23:11:17 ovzhost sshd[1184]: message repeated 2 times: [ Failed password for root from 43.255.190.190 port 41265 ssh2]
