Apr 11 11:20:00 ovzhost sshd[972]: PAM 2 more authentication failures; logname= uid=0 euid=0 tty=ssh ruser= rhost=43.255.190.176  user=root
Apr 11 11:20:01 ovzhost CRON[980]: pam_env(cron:session): Unable to open env file: /etc/default/locale: No such file or directory
Apr 11 11:20:01 ovzhost CRON[980]: pam_unix(cron:session): session opened for user smmsp by (uid=0)
Apr 11 11:20:01 ovzhost CRON[980]: pam_unix(cron:session): session closed for user smmsp
Apr 11 11:20:01 ovzhost sshd[976]: pam_unix(sshd:auth): authentication failure; logname= uid=0 euid=0 tty=ssh ruser= rhost=43.255.190.176  user=root
Apr 11 11:20:03 ovzhost sshd[976]: Failed password for root from 43.255.190.176 port 38779 ssh2
Apr 11 11:20:04 ovzhost sshd[974]: message repeated 2 times: [ Failed password for root from 43.255.190.149 port 55312 ssh2]
Apr 11 11:20:04 ovzhost sshd[974]: Received disconnect from 43.255.190.149: 11:  [preauth]
Apr 11 11:20:04 ovzhost sshd[974]: PAM 2 more authentication failures; logname= uid=0 euid=0 tty=ssh ruser= rhost=43.255.190.149  user=root
Apr 11 11:20:06 ovzhost sshd[1006]: pam_unix(sshd:auth): authentication failure; logname= uid=0 euid=0 tty=ssh ruser= rhost=43.255.190.149  user=root
Apr 11 11:20:07 ovzhost sshd[976]: message repeated 2 times: [ Failed password for root from 43.255.190.176 port 38779 ssh2]
Apr 11 11:20:08 ovzhost sshd[976]: Received disconnect from 43.255.190.176: 11:  [preauth]
Apr 11 11:20:08 ovzhost sshd[976]: PAM 2 more authentication failures; logname= uid=0 euid=0 tty=ssh ruser= rhost=43.255.190.176  user=root
Apr 11 11:20:08 ovzhost sshd[1008]: pam_unix(sshd:auth): authentication failure; logname= uid=0 euid=0 tty=ssh ruser= rhost=43.255.190.176  user=root
Apr 11 11:20:08 ovzhost sshd[1006]: Failed password for root from 43.255.190.149 port 36383 ssh2
Apr 11 11:20:10 ovzhost sshd[1008]: Failed password for root from 43.255.190.176 port 55616 ssh2
Apr 11 11:20:13 ovzhost sshd[1006]: message repeated 2 times: [ Failed password for root from 43.255.190.149 port 36383 ssh2]
Apr 11 11:20:13 ovzhost sshd[1006]: Received disconnect from 43.255.190.149: 11:  [preauth]
Apr 11 11:20:13 ovzhost sshd[1006]: PAM 2 more authentication failures; logname= uid=0 euid=0 tty=ssh ruser= rhost=43.255.190.149  user=root
Apr 11 11:20:14 ovzhost sshd[1010]: pam_unix(sshd:auth): authentication failure; logname= uid=0 euid=0 tty=ssh ruser= rhost=43.255.190.149  user=root
Apr 11 11:20:15 ovzhost sshd[1008]: message repeated 2 times: [ Failed password for root from 43.255.190.176 port 55616 ssh2]
Apr 11 11:20:15 ovzhost sshd[1008]: Received disconnect from 43.255.190.176: 11:  [preauth]
Apr 11 11:20:15 ovzhost sshd[1008]: PAM 2 more authentication failures; logname= uid=0 euid=0 tty=ssh ruser= rhost=43.255.190.176  user=root
Apr 11 11:20:15 ovzhost sshd[1012]: pam_unix(sshd:auth): authentication failure; logname= uid=0 euid=0 tty=ssh ruser= rhost=43.255.190.176  user=root
Apr 11 11:20:16 ovzhost sshd[1010]: Failed password for root from 43.255.190.149 port 48256 ssh2
Apr 11 11:20:18 ovzhost sshd[1012]: Failed password for root from 43.255.190.176 port 44171 ssh2
Apr 11 11:20:21 ovzhost sshd[1010]: message repeated 2 times: [ Failed password for root from 43.255.190.149 port 48256 ssh2]
Apr 11 11:20:21 ovzhost sshd[1010]: Received disconnect from 43.255.190.149: 11:  [preauth]
Apr 11 11:20:21 ovzhost sshd[1010]: PAM 2 more authentication failures; logname= uid=0 euid=0 tty=ssh ruser= rhost=43.255.190.149  user=root
Apr 11 11:20:21 ovzhost sshd[1012]: message repeated 2 times: [ Failed password for root from 43.255.190.176 port 44171 ssh2]
Apr 11 11:20:21 ovzhost sshd[1012]: Received disconnect from 43.255.190.176: 11:  [preauth]
Apr 11 11:20:21 ovzhost sshd[1012]: PAM 2 more authentication failures; logname= uid=0 euid=0 tty=ssh ruser= rhost=43.255.190.176  user=root
Apr 11 11:20:22 ovzhost sshd[1014]: pam_unix(sshd:auth): authentication failure; logname= uid=0 euid=0 tty=ssh ruser= rhost=43.255.190.149  user=root
Apr 11 11:20:22 ovzhost sshd[1016]: pam_unix(sshd:auth): authentication failure; logname= uid=0 euid=0 tty=ssh ruser= rhost=43.255.190.176  user=root
Apr 11 11:20:24 ovzhost sshd[1014]: Failed password for root from 43.255.190.149 port 58993 ssh2
Apr 11 11:20:24 ovzhost sshd[1016]: Failed password for root from 43.255.190.176 port 59531 ssh2
Apr 11 11:20:29 ovzhost sshd[1014]: message repeated 2 times: [ Failed password for root from 43.255.190.149 port 58993 ssh2]
Apr 11 11:20:29 ovzhost sshd[1014]: Received disconnect from 43.255.190.149: 11:  [preauth]
Apr 11 11:20:29 ovzhost sshd[1014]: PAM 2 more authentication failures; logname= uid=0 euid=0 tty=ssh ruser= rhost=43.255.190.149  user=root
Apr 11 11:20:29 ovzhost sshd[1016]: message repeated 2 times: [ Failed password for root from 43.255.190.176 port 59531 ssh2]
Apr 11 11:20:29 ovzhost sshd[1016]: Received disconnect from 43.255.190.176: 11:  [preauth]
Apr 11 11:20:29 ovzhost sshd[1016]: PAM 2 more authentication failures; logname= uid=0 euid=0 tty=ssh ruser= rhost=43.255.190.176  user=root
Apr 11 11:20:29 ovzhost sshd[1019]: pam_unix(sshd:auth): authentication failure; logname= uid=0 euid=0 tty=ssh ruser= rhost=43.255.190.176  user=root
Apr 11 11:20:30 ovzhost sshd[1021]: pam_unix(sshd:auth): authentication failure; logname= uid=0 euid=0 tty=ssh ruser= rhost=43.255.190.149  user=root
Apr 11 11:20:31 ovzhost sshd[1019]: Failed password for root from 43.255.190.176 port 48485 ssh2
Apr 11 11:20:32 ovzhost sshd[1021]: Failed password for root from 43.255.190.149 port 41452 ssh2
Apr 11 11:20:36 ovzhost sshd[1019]: message repeated 2 times: [ Failed password for root from 43.255.190.176 port 48485 ssh2]
Apr 11 11:20:36 ovzhost sshd[1019]: Received disconnect from 43.255.190.176: 11:  [preauth]
Apr 11 11:20:36 ovzhost sshd[1019]: PAM 2 more authentication failures; logname= uid=0 euid=0 tty=ssh ruser= rhost=43.255.190.176  user=root
Apr 11 11:20:37 ovzhost sshd[1023]: pam_unix(sshd:auth): authentication failure; logname= uid=0 euid=0 tty=ssh ruser= rhost=43.255.190.176  user=root
Apr 11 11:20:37 ovzhost sshd[1021]: message repeated 2 times: [ Failed password for root from 43.255.190.149 port 41452 ssh2]
Apr 11 11:20:37 ovzhost sshd[1021]: Received disconnect from 43.255.190.149: 11:  [preauth]
Apr 11 11:20:37 ovzhost sshd[1021]: PAM 2 more authentication failures; logname= uid=0 euid=0 tty=ssh ruser= rhost=43.255.190.149  user=root
Apr 11 11:20:39 ovzhost sshd[1025]: pam_unix(sshd:auth): authentication failure; logname= uid=0 euid=0 tty=ssh ruser= rhost=43.255.190.149  user=root
Apr 11 11:20:39 ovzhost sshd[1023]: Failed password for root from 43.255.190.176 port 37617 ssh2
Apr 11 11:20:41 ovzhost sshd[1025]: Failed password for root from 43.255.190.149 port 52300 ssh2
Apr 11 11:20:43 ovzhost sshd[1023]: message repeated 2 times: [ Failed password for root from 43.255.190.176 port 37617 ssh2]
Apr 11 11:20:43 ovzhost sshd[1023]: Received disconnect from 43.255.190.176: 11:  [preauth]
Apr 11 11:20:43 ovzhost sshd[1023]: PAM 2 more authentication failures; logname= uid=0 euid=0 tty=ssh ruser= rhost=43.255.190.176  user=root
Apr 11 11:20:43 ovzhost sshd[1027]: pam_unix(sshd:auth): authentication failure; logname= uid=0 euid=0 tty=ssh ruser= rhost=43.255.190.176  user=root
Apr 11 11:20:45 ovzhost sshd[1025]: message repeated 2 times: [ Failed password for root from 43.255.190.149 port 52300 ssh2]
Apr 11 11:20:45 ovzhost sshd[1025]: Received disconnect from 43.255.190.149: 11:  [preauth]
Apr 11 11:20:45 ovzhost sshd[1025]: PAM 2 more authentication failures; logname= uid=0 euid=0 tty=ssh ruser= rhost=43.255.190.149  user=root
Apr 11 11:20:46 ovzhost sshd[1027]: Failed password for root from 43.255.190.176 port 53832 ssh2
Apr 11 11:20:47 ovzhost sshd[1029]: pam_unix(sshd:auth): authentication failure; logname= uid=0 euid=0 tty=ssh ruser= rhost=43.255.190.149  user=root
Apr 11 11:20:49 ovzhost sshd[1029]: Failed password for root from 43.255.190.149 port 35825 ssh2
Apr 11 11:20:50 ovzhost sshd[1027]: message repeated 2 times: [ Failed password for root from 43.255.190.176 port 53832 ssh2]
Apr 11 11:20:50 ovzhost sshd[1027]: Received disconnect from 43.255.190.176: 11:  [preauth]
Apr 11 11:20:50 ovzhost sshd[1027]: PAM 2 more authentication failures; logname= uid=0 euid=0 tty=ssh ruser= rhost=43.255.190.176  user=root
Apr 11 11:20:51 ovzhost sshd[1031]: pam_unix(sshd:auth): authentication failure; logname= uid=0 euid=0 tty=ssh ruser= rhost=43.255.190.176  user=root
Apr 11 11:20:53 ovzhost sshd[1031]: Failed password for root from 43.255.190.176 port 44519 ssh2
Apr 11 11:20:53 ovzhost sshd[1029]: message repeated 2 times: [ Failed password for root from 43.255.190.149 port 35825 ssh2]
Apr 11 11:20:53 ovzhost sshd[1029]: Received disconnect from 43.255.190.149: 11:  [preauth]
Apr 11 11:20:53 ovzhost sshd[1029]: PAM 2 more authentication failures; logname= uid=0 euid=0 tty=ssh ruser= rhost=43.255.190.149  user=root
Apr 11 11:20:56 ovzhost sshd[1033]: pam_unix(sshd:auth): authentication failure; logname= uid=0 euid=0 tty=ssh ruser= rhost=43.255.190.149  user=root
Apr 11 11:20:57 ovzhost sshd[1031]: message repeated 2 times: [ Failed password for root from 43.255.190.176 port 44519 ssh2]
Apr 11 11:20:57 ovzhost sshd[1031]: Received disconnect from 43.255.190.176: 11:  [preauth]
Apr 11 11:20:57 ovzhost sshd[1031]: PAM 2 more authentication failures; logname= uid=0 euid=0 tty=ssh ruser= rhost=43.255.190.176  user=root
Apr 11 11:20:57 ovzhost sshd[1033]: Failed password for root from 43.255.190.149 port 47260 ssh2
Apr 11 11:20:57 ovzhost sshd[1035]: pam_unix(sshd:auth): authentication failure; logname= uid=0 euid=0 tty=ssh ruser= rhost=43.255.190.176  user=root
Apr 11 11:21:00 ovzhost sshd[1035]: Failed password for root from 43.255.190.176 port 60249 ssh2
Apr 11 11:21:01 ovzhost sshd[1037]: Invalid user uucpadm from 80.242.123.130
Apr 11 11:21:01 ovzhost sshd[1037]: input_userauth_request: invalid user uucpadm [preauth]
Apr 11 11:21:01 ovzhost sshd[1037]: pam_unix(sshd:auth): check pass; user unknown
Apr 11 11:21:01 ovzhost sshd[1037]: pam_unix(sshd:auth): authentication failure; logname= uid=0 euid=0 tty=ssh ruser= rhost=130-123-242-80.pppoe.dyn.broadband.blic.net 
Apr 11 11:21:02 ovzhost sshd[1033]: message repeated 2 times: [ Failed password for root from 43.255.190.149 port 47260 ssh2]
Apr 11 11:21:02 ovzhost sshd[1033]: Received disconnect from 43.255.190.149: 11:  [preauth]
Apr 11 11:21:02 ovzhost sshd[1033]: PAM 2 more authentication failures; logname= uid=0 euid=0 tty=ssh ruser= rhost=43.255.190.149  user=root
Apr 11 11:21:03 ovzhost sshd[1039]: pam_unix(sshd:auth): authentication failure; logname= uid=0 euid=0 tty=ssh ruser= rhost=43.255.190.149  user=root
Apr 11 11:21:04 ovzhost sshd[1037]: Failed password for invalid user uucpadm from 80.242.123.130 port 46430 ssh2
Apr 11 11:21:04 ovzhost sshd[1037]: Received disconnect from 80.242.123.130: 11: Bye Bye [preauth]
Apr 11 11:21:04 ovzhost sshd[1035]: message repeated 2 times: [ Failed password for root from 43.255.190.176 port 60249 ssh2]
Apr 11 11:21:04 ovzhost sshd[1035]: Received disconnect from 43.255.190.176: 11:  [preauth]
Apr 11 11:21:04 ovzhost sshd[1035]: PAM 2 more authentication failures; logname= uid=0 euid=0 tty=ssh ruser= rhost=43.255.190.176  user=root
Apr 11 11:21:04 ovzhost sshd[1041]: pam_unix(sshd:auth): authentication failure; logname= uid=0 euid=0 tty=ssh ruser= rhost=43.255.190.176  user=root
Apr 11 11:21:05 ovzhost sshd[1039]: Failed password for root from 43.255.190.149 port 59145 ssh2
Apr 11 11:21:07 ovzhost sshd[1041]: Failed password for root from 43.255.190.176 port 49345 ssh2
Apr 11 11:21:10 ovzhost sshd[1039]: message repeated 2 times: [ Failed password for root from 43.255.190.149 port 59145 ssh2]
Apr 11 11:21:10 ovzhost sshd[1039]: Received disconnect from 43.255.190.149: 11:  [preauth]
Apr 11 11:21:10 ovzhost sshd[1039]: PAM 2 more authentication failures; logname= uid=0 euid=0 tty=ssh ruser= rhost=43.255.190.149  user=root
Apr 11 11:21:11 ovzhost sshd[1041]: message repeated 2 times: [ Failed password for root from 43.255.190.176 port 49345 ssh2]
Apr 11 11:21:11 ovzhost sshd[1041]: Received disconnect from 43.255.190.176: 11:  [preauth]
Apr 11 11:21:11 ovzhost sshd[1041]: PAM 2 more authentication failures; logname= uid=0 euid=0 tty=ssh ruser= rhost=43.255.190.176  user=root
Apr 11 11:21:12 ovzhost sshd[1043]: pam_unix(sshd:auth): authentication failure; logname= uid=0 euid=0 tty=ssh ruser= rhost=43.255.190.176  user=root
Apr 11 11:21:14 ovzhost sshd[1043]: Failed password for root from 43.255.190.176 port 38093 ssh2
Apr 11 11:21:18 ovzhost sshd[1045]: pam_unix(sshd:auth): authentication failure; logname= uid=0 euid=0 tty=ssh ruser= rhost=43.255.190.149  user=root
Apr 11 11:21:18 ovzhost sshd[1043]: message repeated 2 times: [ Failed password for root from 43.255.190.176 port 38093 ssh2]
Apr 11 11:21:18 ovzhost sshd[1043]: Received disconnect from 43.255.190.176: 11:  [preauth]
Apr 11 11:21:18 ovzhost sshd[1043]: PAM 2 more authentication failures; logname= uid=0 euid=0 tty=ssh ruser= rhost=43.255.190.176  user=root
Apr 11 11:21:19 ovzhost sshd[1047]: pam_unix(sshd:auth): authentication failure; logname= uid=0 euid=0 tty=ssh ruser= rhost=43.255.190.176  user=root
Apr 11 11:21:20 ovzhost sshd[1045]: Failed password for root from 43.255.190.149 port 41702 ssh2
Apr 11 11:21:21 ovzhost sshd[1047]: Failed password for root from 43.255.190.176 port 55585 ssh2
Apr 11 11:21:24 ovzhost sshd[1045]: message repeated 2 times: [ Failed password for root from 43.255.190.149 port 41702 ssh2]
Apr 11 11:21:24 ovzhost sshd[1045]: Received disconnect from 43.255.190.149: 11:  [preauth]
Apr 11 11:21:24 ovzhost sshd[1045]: PAM 2 more authentication failures; logname= uid=0 euid=0 tty=ssh ruser= rhost=43.255.190.149  user=root
Apr 11 11:21:26 ovzhost sshd[1047]: message repeated 2 times: [ Failed password for root from 43.255.190.176 port 55585 ssh2]
Apr 11 11:21:26 ovzhost sshd[1047]: Received disconnect from 43.255.190.176: 11:  [preauth]
Apr 11 11:21:26 ovzhost sshd[1047]: PAM 2 more authentication failures; logname= uid=0 euid=0 tty=ssh ruser= rhost=43.255.190.176  user=root
Apr 11 11:21:26 ovzhost sshd[1051]: pam_unix(sshd:auth): authentication failure; logname= uid=0 euid=0 tty=ssh ruser= rhost=43.255.190.176  user=root
Apr 11 11:21:28 ovzhost sshd[1051]: Failed password for root from 43.255.190.176 port 47098 ssh2
Apr 11 11:21:30 ovzhost sshd[1049]: pam_unix(sshd:auth): authentication failure; logname= uid=0 euid=0 tty=ssh ruser= rhost=43.255.190.149  user=root
Apr 11 11:21:32 ovzhost sshd[1049]: Failed password for root from 43.255.190.149 port 33795 ssh2
Apr 11 11:21:33 ovzhost sshd[1051]: message repeated 2 times: [ Failed password for root from 43.255.190.176 port 47098 ssh2]
Apr 11 11:21:33 ovzhost sshd[1051]: Received disconnect from 43.255.190.176: 11:  [preauth]
Apr 11 11:21:33 ovzhost sshd[1051]: PAM 2 more authentication failures; logname= uid=0 euid=0 tty=ssh ruser= rhost=43.255.190.176  user=root
Apr 11 11:21:33 ovzhost sshd[1056]: pam_unix(sshd:auth): authentication failure; logname= uid=0 euid=0 tty=ssh ruser= rhost=43.255.190.176  user=root
Apr 11 11:21:35 ovzhost sshd[1056]: Failed password for root from 43.255.190.176 port 38180 ssh2
Apr 11 11:21:37 ovzhost sshd[1049]: message repeated 2 times: [ Failed password for root from 43.255.190.149 port 33795 ssh2]
Apr 11 11:21:37 ovzhost sshd[1049]: Received disconnect from 43.255.190.149: 11:  [preauth]
Apr 11 11:21:37 ovzhost sshd[1049]: PAM 2 more authentication failures; logname= uid=0 euid=0 tty=ssh ruser= rhost=43.255.190.149  user=root
Apr 11 11:21:38 ovzhost sshd[1058]: pam_unix(sshd:auth): authentication failure; logname= uid=0 euid=0 tty=ssh ruser= rhost=43.255.190.149  user=root
Apr 11 11:21:40 ovzhost sshd[1056]: message repeated 2 times: [ Failed password for root from 43.255.190.176 port 38180 ssh2]
Apr 11 11:21:40 ovzhost sshd[1056]: Received disconnect from 43.255.190.176: 11:  [preauth]
Apr 11 11:21:40 ovzhost sshd[1056]: PAM 2 more authentication failures; logname= uid=0 euid=0 tty=ssh ruser= rhost=43.255.190.176  user=root
Apr 11 11:21:40 ovzhost sshd[1058]: Failed password for root from 43.255.190.149 port 51896 ssh2
Apr 11 11:21:40 ovzhost sshd[1060]: pam_unix(sshd:auth): authentication failure; logname= uid=0 euid=0 tty=ssh ruser= rhost=43.255.190.176  user=root
Apr 11 11:21:43 ovzhost sshd[1060]: Failed password for root from 43.255.190.176 port 56735 ssh2
Apr 11 11:21:44 ovzhost sshd[1058]: message repeated 2 times: [ Failed password for root from 43.255.190.149 port 51896 ssh2]
Apr 11 11:21:44 ovzhost sshd[1058]: Received disconnect from 43.255.190.149: 11:  [preauth]
Apr 11 11:21:44 ovzhost sshd[1058]: PAM 2 more authentication failures; logname= uid=0 euid=0 tty=ssh ruser= rhost=43.255.190.149  user=root
Apr 11 11:21:45 ovzhost sshd[1062]: pam_unix(sshd:auth): authentication failure; logname= uid=0 euid=0 tty=ssh ruser= rhost=43.255.190.149  user=root
Apr 11 11:21:47 ovzhost sshd[1060]: message repeated 2 times: [ Failed password for root from 43.255.190.176 port 56735 ssh2]
Apr 11 11:21:47 ovzhost sshd[1060]: Received disconnect from 43.255.190.176: 11:  [preauth]
Apr 11 11:21:47 ovzhost sshd[1060]: PAM 2 more authentication failures; logname= uid=0 euid=0 tty=ssh ruser= rhost=43.255.190.176  user=root
Apr 11 11:21:47 ovzhost sshd[1062]: Failed password for root from 43.255.190.149 port 34884 ssh2
Apr 11 11:21:48 ovzhost sshd[1064]: pam_unix(sshd:auth): authentication failure; logname= uid=0 euid=0 tty=ssh ruser= rhost=43.255.190.176  user=root
Apr 11 11:21:50 ovzhost sshd[1064]: Failed password for root from 43.255.190.176 port 47274 ssh2
Apr 11 11:21:52 ovzhost sshd[1062]: message repeated 2 times: [ Failed password for root from 43.255.190.149 port 34884 ssh2]
Apr 11 11:21:52 ovzhost sshd[1062]: Received disconnect from 43.255.190.149: 11:  [preauth]
Apr 11 11:21:52 ovzhost sshd[1062]: PAM 2 more authentication failures; logname= uid=0 euid=0 tty=ssh ruser= rhost=43.255.190.149  user=root
Apr 11 11:21:54 ovzhost sshd[1064]: message repeated 2 times: [ Failed password for root from 43.255.190.176 port 47274 ssh2]
Apr 11 11:21:54 ovzhost sshd[1064]: Received disconnect from 43.255.190.176: 11:  [preauth]
Apr 11 11:21:54 ovzhost sshd[1064]: PAM 2 more authentication failures; logname= uid=0 euid=0 tty=ssh ruser= rhost=43.255.190.176  user=root
Apr 11 11:21:54 ovzhost sshd[1068]: pam_unix(sshd:auth): authentication failure; logname= uid=0 euid=0 tty=ssh ruser= rhost=43.255.190.176  user=root
Apr 11 11:21:57 ovzhost sshd[1068]: Failed password for root from 43.255.190.176 port 38492 ssh2
Apr 11 11:22:01 ovzhost sshd[1068]: message repeated 2 times: [ Failed password for root from 43.255.190.176 port 38492 ssh2]
Apr 11 11:22:01 ovzhost sshd[1068]: Received disconnect from 43.255.190.176: 11:  [preauth]
Apr 11 11:22:01 ovzhost sshd[1068]: PAM 2 more authentication failures; logname= uid=0 euid=0 tty=ssh ruser= rhost=43.255.190.176  user=root
Apr 11 11:22:02 ovzhost sshd[1066]: pam_unix(sshd:auth): authentication failure; logname= uid=0 euid=0 tty=ssh ruser= rhost=43.255.190.149  user=root
Apr 11 11:22:02 ovzhost sshd[1070]: pam_unix(sshd:auth): authentication failure; logname= uid=0 euid=0 tty=ssh ruser= rhost=43.255.190.176  user=root
Apr 11 11:22:03 ovzhost sshd[1066]: Failed password for root from 43.255.190.149 port 45884 ssh2
Apr 11 11:22:04 ovzhost sshd[1070]: Failed password for root from 43.255.190.176 port 59167 ssh2
Apr 11 11:22:08 ovzhost sshd[1070]: message repeated 2 times: [ Failed password for root from 43.255.190.176 port 59167 ssh2]
Apr 11 11:22:08 ovzhost sshd[1070]: Received disconnect from 43.255.190.176: 11:  [preauth]
Apr 11 11:22:08 ovzhost sshd[1070]: PAM 2 more authentication failures; logname= uid=0 euid=0 tty=ssh ruser= rhost=43.255.190.176  user=root
Apr 11 11:22:08 ovzhost sshd[1066]: message repeated 2 times: [ Failed password for root from 43.255.190.149 port 45884 ssh2]
Apr 11 11:22:08 ovzhost sshd[1066]: Received disconnect from 43.255.190.149: 11:  [preauth]
Apr 11 11:22:08 ovzhost sshd[1066]: PAM 2 more authentication failures; logname= uid=0 euid=0 tty=ssh ruser= rhost=43.255.190.149  user=root
Apr 11 11:22:08 ovzhost sshd[1072]: pam_unix(sshd:auth): authentication failure; logname= uid=0 euid=0 tty=ssh ruser= rhost=43.255.190.176  user=root
Apr 11 11:22:10 ovzhost sshd[1074]: pam_unix(sshd:auth): authentication failure; logname= uid=0 euid=0 tty=ssh ruser= rhost=43.255.190.149  user=root
Apr 11 11:22:10 ovzhost sshd[1072]: Failed password for root from 43.255.190.176 port 47863 ssh2
Apr 11 11:22:12 ovzhost sshd[1074]: Failed password for root from 43.255.190.149 port 42120 ssh2
Apr 11 11:22:15 ovzhost sshd[1072]: message repeated 2 times: [ Failed password for root from 43.255.190.176 port 47863 ssh2]
Apr 11 11:22:15 ovzhost sshd[1072]: Received disconnect from 43.255.190.176: 11:  [preauth]
Apr 11 11:22:15 ovzhost sshd[1072]: PAM 2 more authentication failures; logname= uid=0 euid=0 tty=ssh ruser= rhost=43.255.190.176  user=root
Apr 11 11:22:16 ovzhost sshd[1076]: pam_unix(sshd:auth): authentication failure; logname= uid=0 euid=0 tty=ssh ruser= rhost=43.255.190.176  user=root
Apr 11 11:22:17 ovzhost sshd[1074]: message repeated 2 times: [ Failed password for root from 43.255.190.149 port 42120 ssh2]
Apr 11 11:22:17 ovzhost sshd[1074]: Received disconnect from 43.255.190.149: 11:  [preauth]
Apr 11 11:22:17 ovzhost sshd[1074]: PAM 2 more authentication failures; logname= uid=0 euid=0 tty=ssh ruser= rhost=43.255.190.149  user=root
Apr 11 11:22:17 ovzhost sshd[1076]: Failed password for root from 43.255.190.176 port 37509 ssh2
Apr 11 11:22:19 ovzhost sshd[1080]: pam_unix(sshd:auth): authentication failure; logname= uid=0 euid=0 tty=ssh ruser= rhost=43.255.190.149  user=root
Apr 11 11:22:22 ovzhost sshd[1076]: message repeated 2 times: [ Failed password for root from 43.255.190.176 port 37509 ssh2]
Apr 11 11:22:22 ovzhost sshd[1076]: Received disconnect from 43.255.190.176: 11:  [preauth]
Apr 11 11:22:22 ovzhost sshd[1076]: PAM 2 more authentication failures; logname= uid=0 euid=0 tty=ssh ruser= rhost=43.255.190.176  user=root
Apr 11 11:22:22 ovzhost sshd[1080]: Failed password for root from 43.255.190.149 port 56492 ssh2
Apr 11 11:22:22 ovzhost sshd[1082]: pam_unix(sshd:auth): authentication failure; logname= uid=0 euid=0 tty=ssh ruser= rhost=43.255.190.176  user=root
Apr 11 11:22:25 ovzhost sshd[1082]: Failed password for root from 43.255.190.176 port 54288 ssh2
Apr 11 11:22:27 ovzhost sshd[1080]: message repeated 2 times: [ Failed password for root from 43.255.190.149 port 56492 ssh2]
Apr 11 11:22:27 ovzhost sshd[1080]: Received disconnect from 43.255.190.149: 11:  [preauth]
Apr 11 11:22:27 ovzhost sshd[1080]: PAM 2 more authentication failures; logname= uid=0 euid=0 tty=ssh ruser= rhost=43.255.190.149  user=root
Apr 11 11:22:28 ovzhost sshd[1082]: message repeated 2 times: [ Failed password for root from 43.255.190.176 port 54288 ssh2]
Apr 11 11:22:29 ovzhost sshd[1082]: Received disconnect from 43.255.190.176: 11:  [preauth]
Apr 11 11:22:29 ovzhost sshd[1082]: PAM 2 more authentication failures; logname= uid=0 euid=0 tty=ssh ruser= rhost=43.255.190.176  user=root
Apr 11 11:22:29 ovzhost sshd[1088]: pam_unix(sshd:auth): authentication failure; logname= uid=0 euid=0 tty=ssh ruser= rhost=43.255.190.176  user=root
Apr 11 11:22:30 ovzhost sshd[1086]: pam_unix(sshd:auth): authentication failure; logname= uid=0 euid=0 tty=ssh ruser= rhost=43.255.190.149  user=root
Apr 11 11:22:32 ovzhost sshd[1088]: Failed password for root from 43.255.190.176 port 43077 ssh2
Apr 11 11:22:32 ovzhost sshd[1086]: Failed password for root from 43.255.190.149 port 42641 ssh2
Apr 11 11:22:36 ovzhost sshd[1088]: message repeated 2 times: [ Failed password for root from 43.255.190.176 port 43077 ssh2]
Apr 11 11:22:36 ovzhost sshd[1088]: Received disconnect from 43.255.190.176: 11:  [preauth]
Apr 11 11:22:36 ovzhost sshd[1088]: PAM 2 more authentication failures; logname= uid=0 euid=0 tty=ssh ruser= rhost=43.255.190.176  user=root
Apr 11 11:22:37 ovzhost sshd[1090]: pam_unix(sshd:auth): authentication failure; logname= uid=0 euid=0 tty=ssh ruser= rhost=43.255.190.176  user=root
Apr 11 11:22:37 ovzhost sshd[1086]: message repeated 2 times: [ Failed password for root from 43.255.190.149 port 42641 ssh2]
Apr 11 11:22:37 ovzhost sshd[1086]: Received disconnect from 43.255.190.149: 11:  [preauth]
Apr 11 11:22:37 ovzhost sshd[1086]: PAM 2 more authentication failures; logname= uid=0 euid=0 tty=ssh ruser= rhost=43.255.190.149  user=root
Apr 11 11:22:39 ovzhost sshd[1090]: Failed password for root from 43.255.190.176 port 32786 ssh2
Apr 11 11:22:42 ovzhost sshd[1090]: message repeated 2 times: [ Failed password for root from 43.255.190.176 port 32786 ssh2]
Apr 11 11:22:42 ovzhost sshd[1090]: Received disconnect from 43.255.190.176: 11:  [preauth]
Apr 11 11:22:42 ovzhost sshd[1090]: PAM 2 more authentication failures; logname= uid=0 euid=0 tty=ssh ruser= rhost=43.255.190.176  user=root
Apr 11 11:22:43 ovzhost sshd[1095]: pam_unix(sshd:auth): authentication failure; logname= uid=0 euid=0 tty=ssh ruser= rhost=43.255.190.176  user=root
Apr 11 11:22:43 ovzhost sshd[1092]: pam_unix(sshd:auth): authentication failure; logname= uid=0 euid=0 tty=ssh ruser= rhost=43.255.190.149  user=root
Apr 11 11:22:45 ovzhost sshd[1095]: Failed password for root from 43.255.190.176 port 48011 ssh2
Apr 11 11:22:45 ovzhost sshd[1092]: Failed password for root from 43.255.190.149 port 58026 ssh2
Apr 11 11:22:50 ovzhost sshd[1095]: message repeated 2 times: [ Failed password for root from 43.255.190.176 port 48011 ssh2]
Apr 11 11:22:50 ovzhost sshd[1095]: Received disconnect from 43.255.190.176: 11:  [preauth]
Apr 11 11:22:50 ovzhost sshd[1095]: PAM 2 more authentication failures; logname= uid=0 euid=0 tty=ssh ruser= rhost=43.255.190.176  user=root
Apr 11 11:22:50 ovzhost sshd[1092]: message repeated 2 times: [ Failed password for root from 43.255.190.149 port 58026 ssh2]
Apr 11 11:22:50 ovzhost sshd[1092]: Received disconnect from 43.255.190.149: 11:  [preauth]
Apr 11 11:22:50 ovzhost sshd[1092]: PAM 2 more authentication failures; logname= uid=0 euid=0 tty=ssh ruser= rhost=43.255.190.149  user=root
Apr 11 11:22:51 ovzhost sshd[1097]: pam_unix(sshd:auth): authentication failure; logname= uid=0 euid=0 tty=ssh ruser= rhost=43.255.190.176  user=root
Apr 11 11:22:51 ovzhost sshd[1099]: pam_unix(sshd:auth): authentication failure; logname= uid=0 euid=0 tty=ssh ruser= rhost=43.255.190.149  user=root
Apr 11 11:22:52 ovzhost sshd[1097]: Failed password for root from 43.255.190.176 port 38452 ssh2
Apr 11 11:22:53 ovzhost sshd[1099]: Failed password for root from 43.255.190.149 port 50229 ssh2
Apr 11 11:22:57 ovzhost sshd[1097]: message repeated 2 times: [ Failed password for root from 43.255.190.176 port 38452 ssh2]
Apr 11 11:22:57 ovzhost sshd[1097]: Received disconnect from 43.255.190.176: 11:  [preauth]
Apr 11 11:22:57 ovzhost sshd[1097]: PAM 2 more authentication failures; logname= uid=0 euid=0 tty=ssh ruser= rhost=43.255.190.176  user=root
Apr 11 11:22:58 ovzhost sshd[1101]: pam_unix(sshd:auth): authentication failure; logname= uid=0 euid=0 tty=ssh ruser= rhost=43.255.190.176  user=root
Apr 11 11:22:58 ovzhost sshd[1099]: message repeated 2 times: [ Failed password for root from 43.255.190.149 port 50229 ssh2]
Apr 11 11:22:58 ovzhost sshd[1099]: Received disconnect from 43.255.190.149: 11:  [preauth]
Apr 11 11:22:58 ovzhost sshd[1099]: PAM 2 more authentication failures; logname= uid=0 euid=0 tty=ssh ruser= rhost=43.255.190.149  user=root
Apr 11 11:23:00 ovzhost sshd[1103]: pam_unix(sshd:auth): authentication failure; logname= uid=0 euid=0 tty=ssh ruser= rhost=43.255.190.149  user=root
Apr 11 11:23:00 ovzhost sshd[1101]: Failed password for root from 43.255.190.176 port 55941 ssh2
Apr 11 11:23:02 ovzhost sshd[1103]: Failed password for root from 43.255.190.149 port 33524 ssh2
Apr 11 11:23:04 ovzhost sshd[1101]: message repeated 2 times: [ Failed password for root from 43.255.190.176 port 55941 ssh2]
Apr 11 11:23:04 ovzhost sshd[1101]: Received disconnect from 43.255.190.176: 11:  [preauth]
Apr 11 11:23:04 ovzhost sshd[1101]: PAM 2 more authentication failures; logname= uid=0 euid=0 tty=ssh ruser= rhost=43.255.190.176  user=root
Apr 11 11:23:04 ovzhost sshd[1107]: pam_unix(sshd:auth): authentication failure; logname= uid=0 euid=0 tty=ssh ruser= rhost=43.255.190.176  user=root
Apr 11 11:23:06 ovzhost sshd[1103]: message repeated 2 times: [ Failed password for root from 43.255.190.149 port 33524 ssh2]
Apr 11 11:23:06 ovzhost sshd[1103]: Received disconnect from 43.255.190.149: 11:  [preauth]
Apr 11 11:23:06 ovzhost sshd[1103]: PAM 2 more authentication failures; logname= uid=0 euid=0 tty=ssh ruser= rhost=43.255.190.149  user=root
Apr 11 11:23:07 ovzhost sshd[1107]: Failed password for root from 43.255.190.176 port 44605 ssh2
Apr 11 11:23:11 ovzhost sshd[1107]: message repeated 2 times: [ Failed password for root from 43.255.190.176 port 44605 ssh2]
Apr 11 11:23:11 ovzhost sshd[1107]: Received disconnect from 43.255.190.176: 11:  [preauth]
Apr 11 11:23:11 ovzhost sshd[1107]: PAM 2 more authentication failures; logname= uid=0 euid=0 tty=ssh ruser= rhost=43.255.190.176  user=root
Apr 11 11:24:09 ovzhost sshd[1111]: Connection closed by 127.0.0.1 [preauth]
Apr 11 11:28:41 ovzhost sshd[1133]: reverse mapping checking getaddrinfo for 153-127-166-207-ptr.centennialpr.net [207.166.127.153] failed - POSSIBLE BREAK-IN ATTEMPT!
Apr 11 11:28:41 ovzhost sshd[1133]: Invalid user alex from 207.166.127.153
Apr 11 11:28:41 ovzhost sshd[1133]: input_userauth_request: invalid user alex [preauth]
Apr 11 11:28:41 ovzhost sshd[1133]: pam_unix(sshd:auth): check pass; user unknown
Apr 11 11:28:41 ovzhost sshd[1133]: pam_unix(sshd:auth): authentication failure; logname= uid=0 euid=0 tty=ssh ruser= rhost=207.166.127.153 
Apr 11 11:28:43 ovzhost sshd[1133]: Failed password for invalid user alex from 207.166.127.153 port 50052 ssh2
Apr 11 11:28:43 ovzhost sshd[1133]: Connection closed by 207.166.127.153 [preauth]
Apr 11 11:28:59 ovzhost sshd[1136]: Connection closed by 128.8.37.120 [preauth]
Apr 11 11:29:09 ovzhost sshd[1139]: Connection closed by 127.0.0.1 [preauth]
Apr 11 11:31:49 ovzhost sshd[1149]: pam_unix(sshd:auth): authentication failure; logname= uid=0 euid=0 tty=ssh ruser= rhost=58.218.213.254  user=root
Apr 11 11:31:51 ovzhost sshd[1149]: Failed password for root from 58.218.213.254 port 48334 ssh2
Apr 11 11:31:57 ovzhost sshd[1149]: message repeated 2 times: [ Failed password for root from 58.218.213.254 port 48334 ssh2]
Apr 11 11:31:57 ovzhost sshd[1149]: Received disconnect from 58.218.213.254: 11:  [preauth]
Apr 11 11:31:57 ovzhost sshd[1149]: PAM 2 more authentication failures; logname= uid=0 euid=0 tty=ssh ruser= rhost=58.218.213.254  user=root
Apr 11 11:31:59 ovzhost sshd[1151]: pam_unix(sshd:auth): authentication failure; logname= uid=0 euid=0 tty=ssh ruser= rhost=58.218.213.254  user=root
Apr 11 11:32:01 ovzhost sshd[1151]: Failed password for root from 58.218.213.254 port 40224 ssh2
Apr 11 11:32:06 ovzhost sshd[1151]: message repeated 2 times: [ Failed password for root from 58.218.213.254 port 40224 ssh2]
Apr 11 11:32:06 ovzhost sshd[1151]: Received disconnect from 58.218.213.254: 11:  [preauth]
Apr 11 11:32:06 ovzhost sshd[1151]: PAM 2 more authentication failures; logname= uid=0 euid=0 tty=ssh ruser= rhost=58.218.213.254  user=root
Apr 11 11:32:09 ovzhost sshd[1153]: pam_unix(sshd:auth): authentication failure; logname= uid=0 euid=0 tty=ssh ruser= rhost=58.218.213.254  user=root
Apr 11 11:32:10 ovzhost sshd[1153]: Failed password for root from 58.218.213.254 port 56305 ssh2
Apr 11 11:32:16 ovzhost sshd[1153]: message repeated 2 times: [ Failed password for root from 58.218.213.254 port 56305 ssh2]
Apr 11 11:32:16 ovzhost sshd[1153]: Received disconnect from 58.218.213.254: 11:  [preauth]
Apr 11 11:32:16 ovzhost sshd[1153]: PAM 2 more authentication failures; logname= uid=0 euid=0 tty=ssh ruser= rhost=58.218.213.254  user=root
Apr 11 11:32:21 ovzhost sshd[1155]: pam_unix(sshd:auth): authentication failure; logname= uid=0 euid=0 tty=ssh ruser= rhost=58.218.213.254  user=root
Apr 11 11:32:23 ovzhost sshd[1155]: Failed password for root from 58.218.213.254 port 44795 ssh2
Apr 11 11:32:28 ovzhost sshd[1155]: message repeated 2 times: [ Failed password for root from 58.218.213.254 port 44795 ssh2]
Apr 11 11:32:28 ovzhost sshd[1155]: Received disconnect from 58.218.213.254: 11:  [preauth]
Apr 11 11:32:28 ovzhost sshd[1155]: PAM 2 more authentication failures; logname= uid=0 euid=0 tty=ssh ruser= rhost=58.218.213.254  user=root
Apr 11 11:32:32 ovzhost sshd[1161]: pam_unix(sshd:auth): authentication failure; logname= uid=0 euid=0 tty=ssh ruser= rhost=58.218.213.254  user=root
Apr 11 11:32:34 ovzhost sshd[1161]: Failed password for root from 58.218.213.254 port 37581 ssh2
Apr 11 11:32:39 ovzhost sshd[1161]: message repeated 2 times: [ Failed password for root from 58.218.213.254 port 37581 ssh2]
Apr 11 11:32:39 ovzhost sshd[1161]: Received disconnect from 58.218.213.254: 11:  [preauth]
Apr 11 11:32:39 ovzhost sshd[1161]: PAM 2 more authentication failures; logname= uid=0 euid=0 tty=ssh ruser= rhost=58.218.213.254  user=root
Apr 11 11:32:41 ovzhost sshd[1164]: pam_unix(sshd:auth): authentication failure; logname= uid=0 euid=0 tty=ssh ruser= rhost=58.218.213.254  user=root
Apr 11 11:32:43 ovzhost sshd[1164]: Failed password for root from 58.218.213.254 port 57740 ssh2
Apr 11 11:32:49 ovzhost sshd[1164]: message repeated 2 times: [ Failed password for root from 58.218.213.254 port 57740 ssh2]
Apr 11 11:32:49 ovzhost sshd[1164]: Received disconnect from 58.218.213.254: 11:  [preauth]
Apr 11 11:32:49 ovzhost sshd[1164]: PAM 2 more authentication failures; logname= uid=0 euid=0 tty=ssh ruser= rhost=58.218.213.254  user=root
Apr 11 11:32:53 ovzhost sshd[1166]: pam_unix(sshd:auth): authentication failure; logname= uid=0 euid=0 tty=ssh ruser= rhost=58.218.213.254  user=root
Apr 11 11:32:56 ovzhost sshd[1166]: Failed password for root from 58.218.213.254 port 46696 ssh2
Apr 11 11:33:01 ovzhost sshd[1166]: message repeated 2 times: [ Failed password for root from 58.218.213.254 port 46696 ssh2]
Apr 11 11:33:01 ovzhost sshd[1166]: Received disconnect from 58.218.213.254: 11:  [preauth]
Apr 11 11:33:01 ovzhost sshd[1166]: PAM 2 more authentication failures; logname= uid=0 euid=0 tty=ssh ruser= rhost=58.218.213.254  user=root
Apr 11 11:33:03 ovzhost sshd[1168]: pam_unix(sshd:auth): authentication failure; logname= uid=0 euid=0 tty=ssh ruser= rhost=58.218.213.254  user=root
Apr 11 11:33:05 ovzhost sshd[1168]: Failed password for root from 58.218.213.254 port 39580 ssh2
Apr 11 11:33:10 ovzhost sshd[1168]: message repeated 2 times: [ Failed password for root from 58.218.213.254 port 39580 ssh2]
Apr 11 11:33:11 ovzhost sshd[1168]: Received disconnect from 58.218.213.254: 11:  [preauth]
Apr 11 11:33:11 ovzhost sshd[1168]: PAM 2 more authentication failures; logname= uid=0 euid=0 tty=ssh ruser= rhost=58.218.213.254  user=root
Apr 11 11:33:12 ovzhost sshd[1172]: pam_unix(sshd:auth): authentication failure; logname= uid=0 euid=0 tty=ssh ruser= rhost=58.218.213.254  user=root
Apr 11 11:33:14 ovzhost sshd[1172]: Failed password for root from 58.218.213.254 port 55767 ssh2
Apr 11 11:33:20 ovzhost sshd[1172]: message repeated 2 times: [ Failed password for root from 58.218.213.254 port 55767 ssh2]
Apr 11 11:33:20 ovzhost sshd[1172]: Received disconnect from 58.218.213.254: 11:  [preauth]
Apr 11 11:33:20 ovzhost sshd[1172]: PAM 2 more authentication failures; logname= uid=0 euid=0 tty=ssh ruser= rhost=58.218.213.254  user=root
Apr 11 11:33:25 ovzhost sshd[1174]: pam_unix(sshd:auth): authentication failure; logname= uid=0 euid=0 tty=ssh ruser= rhost=58.218.213.254  user=root
Apr 11 11:33:27 ovzhost sshd[1174]: Failed password for root from 58.218.213.254 port 45452 ssh2
Apr 11 11:33:32 ovzhost sshd[1174]: message repeated 2 times: [ Failed password for root from 58.218.213.254 port 45452 ssh2]
Apr 11 11:33:32 ovzhost sshd[1174]: Received disconnect from 58.218.213.254: 11:  [preauth]
Apr 11 11:33:32 ovzhost sshd[1174]: PAM 2 more authentication failures; logname= uid=0 euid=0 tty=ssh ruser= rhost=58.218.213.254  user=root
Apr 11 11:33:34 ovzhost sshd[1177]: pam_unix(sshd:auth): authentication failure; logname= uid=0 euid=0 tty=ssh ruser= rhost=58.218.213.254  user=root
Apr 11 11:33:36 ovzhost sshd[1177]: Failed password for root from 58.218.213.254 port 37971 ssh2
Apr 11 11:33:40 ovzhost sshd[1177]: message repeated 2 times: [ Failed password for root from 58.218.213.254 port 37971 ssh2]
Apr 11 11:33:40 ovzhost sshd[1177]: Received disconnect from 58.218.213.254: 11:  [preauth]
Apr 11 11:33:40 ovzhost sshd[1177]: PAM 2 more authentication failures; logname= uid=0 euid=0 tty=ssh ruser= rhost=58.218.213.254  user=root
Apr 11 11:33:45 ovzhost sshd[1179]: pam_unix(sshd:auth): authentication failure; logname= uid=0 euid=0 tty=ssh ruser= rhost=58.218.213.254  user=root
Apr 11 11:33:47 ovzhost sshd[1179]: Failed password for root from 58.218.213.254 port 53001 ssh2
Apr 11 11:33:53 ovzhost sshd[1179]: message repeated 2 times: [ Failed password for root from 58.218.213.254 port 53001 ssh2]
Apr 11 11:33:53 ovzhost sshd[1179]: Received disconnect from 58.218.213.254: 11:  [preauth]
Apr 11 11:33:53 ovzhost sshd[1179]: PAM 2 more authentication failures; logname= uid=0 euid=0 tty=ssh ruser= rhost=58.218.213.254  user=root
Apr 11 11:33:55 ovzhost sshd[1181]: pam_unix(sshd:auth): authentication failure; logname= uid=0 euid=0 tty=ssh ruser= rhost=58.218.213.254  user=root
Apr 11 11:33:57 ovzhost sshd[1181]: Failed password for root from 58.218.213.254 port 46634 ssh2
Apr 11 11:34:02 ovzhost sshd[1181]: message repeated 2 times: [ Failed password for root from 58.218.213.254 port 46634 ssh2]
Apr 11 11:34:02 ovzhost sshd[1181]: Received disconnect from 58.218.213.254: 11:  [preauth]
Apr 11 11:34:02 ovzhost sshd[1181]: PAM 2 more authentication failures; logname= uid=0 euid=0 tty=ssh ruser= rhost=58.218.213.254  user=root
Apr 11 11:34:07 ovzhost sshd[1183]: pam_unix(sshd:auth): authentication failure; logname= uid=0 euid=0 tty=ssh ruser= rhost=58.218.213.254  user=root
Apr 11 11:34:09 ovzhost sshd[1186]: Connection closed by 127.0.0.1 [preauth]
Apr 11 11:34:09 ovzhost sshd[1183]: Failed password for root from 58.218.213.254 port 35030 ssh2
Apr 11 11:34:14 ovzhost sshd[1183]: message repeated 2 times: [ Failed password for root from 58.218.213.254 port 35030 ssh2]
Apr 11 11:34:15 ovzhost sshd[1183]: Received disconnect from 58.218.213.254: 11:  [preauth]
Apr 11 11:34:15 ovzhost sshd[1183]: PAM 2 more authentication failures; logname= uid=0 euid=0 tty=ssh ruser= rhost=58.218.213.254  user=root
Apr 11 11:34:19 ovzhost sshd[1188]: pam_unix(sshd:auth): authentication failure; logname= uid=0 euid=0 tty=ssh ruser= rhost=58.218.213.254  user=root
Apr 11 11:34:21 ovzhost sshd[1188]: Failed password for root from 58.218.213.254 port 57325 ssh2
Apr 11 11:34:26 ovzhost sshd[1188]: message repeated 2 times: [ Failed password for root from 58.218.213.254 port 57325 ssh2]
Apr 11 11:34:26 ovzhost sshd[1188]: Received disconnect from 58.218.213.254: 11:  [preauth]
Apr 11 11:34:26 ovzhost sshd[1188]: PAM 2 more authentication failures; logname= uid=0 euid=0 tty=ssh ruser= rhost=58.218.213.254  user=root
Apr 11 11:34:28 ovzhost sshd[1192]: pam_unix(sshd:auth): authentication failure; logname= uid=0 euid=0 tty=ssh ruser= rhost=58.218.213.254  user=root
Apr 11 11:34:31 ovzhost sshd[1192]: Failed password for root from 58.218.213.254 port 50996 ssh2
Apr 11 11:34:35 ovzhost sshd[1192]: message repeated 2 times: [ Failed password for root from 58.218.213.254 port 50996 ssh2]
Apr 11 11:34:35 ovzhost sshd[1192]: Received disconnect from 58.218.213.254: 11:  [preauth]
Apr 11 11:34:35 ovzhost sshd[1192]: PAM 2 more authentication failures; logname= uid=0 euid=0 tty=ssh ruser= rhost=58.218.213.254  user=root
Apr 11 11:34:38 ovzhost sshd[1194]: pam_unix(sshd:auth): authentication failure; logname= uid=0 euid=0 tty=ssh ruser= rhost=58.218.213.254  user=root
Apr 11 11:34:40 ovzhost sshd[1194]: Failed password for root from 58.218.213.254 port 39575 ssh2
Apr 11 11:34:45 ovzhost sshd[1194]: message repeated 2 times: [ Failed password for root from 58.218.213.254 port 39575 ssh2]
Apr 11 11:34:45 ovzhost sshd[1194]: Received disconnect from 58.218.213.254: 11:  [preauth]
Apr 11 11:34:45 ovzhost sshd[1194]: PAM 2 more authentication failures; logname= uid=0 euid=0 tty=ssh ruser= rhost=58.218.213.254  user=root
Apr 11 11:34:48 ovzhost sshd[1196]: pam_unix(sshd:auth): authentication failure; logname= uid=0 euid=0 tty=ssh ruser= rhost=58.218.213.254  user=root
Apr 11 11:34:50 ovzhost sshd[1196]: Failed password for root from 58.218.213.254 port 60234 ssh2
Apr 11 11:34:56 ovzhost sshd[1196]: message repeated 2 times: [ Failed password for root from 58.218.213.254 port 60234 ssh2]
Apr 11 11:34:56 ovzhost sshd[1196]: Received disconnect from 58.218.213.254: 11:  [preauth]
Apr 11 11:34:56 ovzhost sshd[1196]: PAM 2 more authentication failures; logname= uid=0 euid=0 tty=ssh ruser= rhost=58.218.213.254  user=root
Apr 11 11:35:01 ovzhost sshd[1200]: pam_unix(sshd:auth): authentication failure; logname= uid=0 euid=0 tty=ssh ruser= rhost=58.218.213.254  user=root
Apr 11 11:35:03 ovzhost sshd[1200]: Failed password for root from 58.218.213.254 port 55153 ssh2
Apr 11 11:35:08 ovzhost sshd[1200]: message repeated 2 times: [ Failed password for root from 58.218.213.254 port 55153 ssh2]
Apr 11 11:35:08 ovzhost sshd[1200]: Received disconnect from 58.218.213.254: 11:  [preauth]
Apr 11 11:35:08 ovzhost sshd[1200]: PAM 2 more authentication failures; logname= uid=0 euid=0 tty=ssh ruser= rhost=58.218.213.254  user=root
