Apr 11 01:14:42 ovzhost sshd[1087]: Failed password for root from 43.255.190.185 port 33367 ssh2
Apr 11 01:14:46 ovzhost sshd[1087]: message repeated 2 times: [ Failed password for root from 43.255.190.185 port 33367 ssh2]
Apr 11 01:14:46 ovzhost sshd[1087]: Received disconnect from 43.255.190.185: 11:  [preauth]
Apr 11 01:14:46 ovzhost sshd[1087]: PAM 2 more authentication failures; logname= uid=0 euid=0 tty=ssh ruser= rhost=43.255.190.185  user=root
Apr 11 01:14:49 ovzhost sshd[1089]: pam_unix(sshd:auth): authentication failure; logname= uid=0 euid=0 tty=ssh ruser= rhost=43.255.190.185  user=root
Apr 11 01:14:50 ovzhost sshd[1092]: Connection closed by 127.0.0.1 [preauth]
Apr 11 01:14:51 ovzhost sshd[1089]: Failed password for root from 43.255.190.185 port 50321 ssh2
Apr 11 01:14:54 ovzhost sshd[1089]: message repeated 2 times: [ Failed password for root from 43.255.190.185 port 50321 ssh2]
Apr 11 01:14:54 ovzhost sshd[1089]: Received disconnect from 43.255.190.185: 11:  [preauth]
Apr 11 01:14:54 ovzhost sshd[1089]: PAM 2 more authentication failures; logname= uid=0 euid=0 tty=ssh ruser= rhost=43.255.190.185  user=root
Apr 11 01:14:55 ovzhost sshd[1095]: pam_unix(sshd:auth): authentication failure; logname= uid=0 euid=0 tty=ssh ruser= rhost=43.255.190.185  user=root
Apr 11 01:14:57 ovzhost sshd[1095]: Failed password for root from 43.255.190.185 port 40625 ssh2
Apr 11 01:15:01 ovzhost sshd[1095]: message repeated 2 times: [ Failed password for root from 43.255.190.185 port 40625 ssh2]
Apr 11 01:15:01 ovzhost sshd[1095]: Received disconnect from 43.255.190.185: 11:  [preauth]
Apr 11 01:15:01 ovzhost sshd[1095]: PAM 2 more authentication failures; logname= uid=0 euid=0 tty=ssh ruser= rhost=43.255.190.185  user=root
Apr 11 01:15:02 ovzhost sshd[1097]: pam_unix(sshd:auth): authentication failure; logname= uid=0 euid=0 tty=ssh ruser= rhost=43.255.190.185  user=root
Apr 11 01:15:05 ovzhost sshd[1097]: Failed password for root from 43.255.190.185 port 57134 ssh2
Apr 11 01:15:08 ovzhost sshd[1097]: message repeated 2 times: [ Failed password for root from 43.255.190.185 port 57134 ssh2]
Apr 11 01:15:09 ovzhost sshd[1097]: Received disconnect from 43.255.190.185: 11:  [preauth]
Apr 11 01:15:09 ovzhost sshd[1097]: PAM 2 more authentication failures; logname= uid=0 euid=0 tty=ssh ruser= rhost=43.255.190.185  user=root
Apr 11 01:15:09 ovzhost sshd[1099]: pam_unix(sshd:auth): authentication failure; logname= uid=0 euid=0 tty=ssh ruser= rhost=43.255.190.185  user=root
Apr 11 01:15:11 ovzhost sshd[1099]: Failed password for root from 43.255.190.185 port 46506 ssh2
Apr 11 01:15:16 ovzhost sshd[1099]: message repeated 2 times: [ Failed password for root from 43.255.190.185 port 46506 ssh2]
Apr 11 01:15:16 ovzhost sshd[1099]: Received disconnect from 43.255.190.185: 11:  [preauth]
Apr 11 01:15:16 ovzhost sshd[1099]: PAM 2 more authentication failures; logname= uid=0 euid=0 tty=ssh ruser= rhost=43.255.190.185  user=root
Apr 11 01:15:17 ovzhost sshd[1101]: pam_unix(sshd:auth): authentication failure; logname= uid=0 euid=0 tty=ssh ruser= rhost=43.255.190.185  user=root
Apr 11 01:15:19 ovzhost sshd[1101]: Failed password for root from 43.255.190.185 port 35497 ssh2
Apr 11 01:15:23 ovzhost sshd[1101]: message repeated 2 times: [ Failed password for root from 43.255.190.185 port 35497 ssh2]
Apr 11 01:15:23 ovzhost sshd[1101]: Received disconnect from 43.255.190.185: 11:  [preauth]
Apr 11 01:15:23 ovzhost sshd[1101]: PAM 2 more authentication failures; logname= uid=0 euid=0 tty=ssh ruser= rhost=43.255.190.185  user=root
Apr 11 01:15:24 ovzhost sshd[1106]: Connection closed by 128.8.37.120 [preauth]
Apr 11 01:15:25 ovzhost sshd[1103]: pam_unix(sshd:auth): authentication failure; logname= uid=0 euid=0 tty=ssh ruser= rhost=43.255.190.185  user=root
Apr 11 01:15:27 ovzhost sshd[1103]: Failed password for root from 43.255.190.185 port 52899 ssh2
Apr 11 01:15:31 ovzhost sshd[1103]: message repeated 2 times: [ Failed password for root from 43.255.190.185 port 52899 ssh2]
Apr 11 01:15:31 ovzhost sshd[1103]: Received disconnect from 43.255.190.185: 11:  [preauth]
Apr 11 01:15:31 ovzhost sshd[1103]: PAM 2 more authentication failures; logname= uid=0 euid=0 tty=ssh ruser= rhost=43.255.190.185  user=root
Apr 11 01:15:32 ovzhost sshd[1108]: pam_unix(sshd:auth): authentication failure; logname= uid=0 euid=0 tty=ssh ruser= rhost=43.255.190.185  user=root
Apr 11 01:15:34 ovzhost sshd[1108]: Failed password for root from 43.255.190.185 port 42225 ssh2
Apr 11 01:15:39 ovzhost sshd[1108]: message repeated 2 times: [ Failed password for root from 43.255.190.185 port 42225 ssh2]
Apr 11 01:15:39 ovzhost sshd[1108]: Received disconnect from 43.255.190.185: 11:  [preauth]
Apr 11 01:15:39 ovzhost sshd[1108]: PAM 2 more authentication failures; logname= uid=0 euid=0 tty=ssh ruser= rhost=43.255.190.185  user=root
Apr 11 01:15:40 ovzhost sshd[1112]: pam_unix(sshd:auth): authentication failure; logname= uid=0 euid=0 tty=ssh ruser= rhost=43.255.190.185  user=root
Apr 11 01:15:42 ovzhost sshd[1112]: Failed password for root from 43.255.190.185 port 59538 ssh2
Apr 11 01:15:47 ovzhost sshd[1112]: message repeated 2 times: [ Failed password for root from 43.255.190.185 port 59538 ssh2]
Apr 11 01:15:47 ovzhost sshd[1112]: Received disconnect from 43.255.190.185: 11:  [preauth]
Apr 11 01:15:47 ovzhost sshd[1112]: PAM 2 more authentication failures; logname= uid=0 euid=0 tty=ssh ruser= rhost=43.255.190.185  user=root
Apr 11 01:15:48 ovzhost sshd[1114]: pam_unix(sshd:auth): authentication failure; logname= uid=0 euid=0 tty=ssh ruser= rhost=43.255.190.185  user=root
Apr 11 01:15:50 ovzhost sshd[1114]: Failed password for root from 43.255.190.185 port 50381 ssh2
Apr 11 01:15:54 ovzhost sshd[1114]: message repeated 2 times: [ Failed password for root from 43.255.190.185 port 50381 ssh2]
Apr 11 01:15:54 ovzhost sshd[1114]: Received disconnect from 43.255.190.185: 11:  [preauth]
Apr 11 01:15:54 ovzhost sshd[1114]: PAM 2 more authentication failures; logname= uid=0 euid=0 tty=ssh ruser= rhost=43.255.190.185  user=root
Apr 11 01:15:56 ovzhost sshd[1118]: pam_unix(sshd:auth): authentication failure; logname= uid=0 euid=0 tty=ssh ruser= rhost=43.255.190.185  user=root
Apr 11 01:15:58 ovzhost sshd[1118]: Failed password for root from 43.255.190.185 port 39217 ssh2
Apr 11 01:16:03 ovzhost sshd[1118]: message repeated 2 times: [ Failed password for root from 43.255.190.185 port 39217 ssh2]
Apr 11 01:16:03 ovzhost sshd[1118]: Received disconnect from 43.255.190.185: 11:  [preauth]
Apr 11 01:16:03 ovzhost sshd[1118]: PAM 2 more authentication failures; logname= uid=0 euid=0 tty=ssh ruser= rhost=43.255.190.185  user=root
Apr 11 01:16:05 ovzhost sshd[1120]: pam_unix(sshd:auth): authentication failure; logname= uid=0 euid=0 tty=ssh ruser= rhost=43.255.190.185  user=root
Apr 11 01:16:07 ovzhost sshd[1120]: Failed password for root from 43.255.190.185 port 58437 ssh2
Apr 11 01:16:12 ovzhost sshd[1120]: message repeated 2 times: [ Failed password for root from 43.255.190.185 port 58437 ssh2]
Apr 11 01:16:12 ovzhost sshd[1120]: Received disconnect from 43.255.190.185: 11:  [preauth]
Apr 11 01:16:12 ovzhost sshd[1120]: PAM 2 more authentication failures; logname= uid=0 euid=0 tty=ssh ruser= rhost=43.255.190.185  user=root
Apr 11 01:16:13 ovzhost sshd[1122]: pam_unix(sshd:auth): authentication failure; logname= uid=0 euid=0 tty=ssh ruser= rhost=43.255.190.185  user=root
Apr 11 01:16:15 ovzhost sshd[1122]: Failed password for root from 43.255.190.185 port 50504 ssh2
Apr 11 01:16:19 ovzhost sshd[1122]: message repeated 2 times: [ Failed password for root from 43.255.190.185 port 50504 ssh2]
Apr 11 01:16:19 ovzhost sshd[1122]: Received disconnect from 43.255.190.185: 11:  [preauth]
Apr 11 01:16:19 ovzhost sshd[1122]: PAM 2 more authentication failures; logname= uid=0 euid=0 tty=ssh ruser= rhost=43.255.190.185  user=root
Apr 11 01:16:19 ovzhost sshd[1124]: pam_unix(sshd:auth): authentication failure; logname= uid=0 euid=0 tty=ssh ruser= rhost=43.255.190.185  user=root
Apr 11 01:16:22 ovzhost sshd[1124]: Failed password for root from 43.255.190.185 port 38742 ssh2
Apr 11 01:16:26 ovzhost sshd[1124]: message repeated 2 times: [ Failed password for root from 43.255.190.185 port 38742 ssh2]
Apr 11 01:16:26 ovzhost sshd[1124]: Received disconnect from 43.255.190.185: 11:  [preauth]
Apr 11 01:16:26 ovzhost sshd[1124]: PAM 2 more authentication failures; logname= uid=0 euid=0 tty=ssh ruser= rhost=43.255.190.185  user=root
Apr 11 01:16:27 ovzhost sshd[1128]: pam_unix(sshd:auth): authentication failure; logname= uid=0 euid=0 tty=ssh ruser= rhost=43.255.190.185  user=root
Apr 11 01:16:29 ovzhost sshd[1128]: Failed password for root from 43.255.190.185 port 55423 ssh2
Apr 11 01:16:34 ovzhost sshd[1128]: message repeated 2 times: [ Failed password for root from 43.255.190.185 port 55423 ssh2]
Apr 11 01:16:34 ovzhost sshd[1128]: Received disconnect from 43.255.190.185: 11:  [preauth]
Apr 11 01:16:34 ovzhost sshd[1128]: PAM 2 more authentication failures; logname= uid=0 euid=0 tty=ssh ruser= rhost=43.255.190.185  user=root
Apr 11 01:16:35 ovzhost sshd[1130]: pam_unix(sshd:auth): authentication failure; logname= uid=0 euid=0 tty=ssh ruser= rhost=43.255.190.185  user=root
Apr 11 01:16:37 ovzhost sshd[1130]: Failed password for root from 43.255.190.185 port 44690 ssh2
Apr 11 01:16:41 ovzhost sshd[1130]: message repeated 2 times: [ Failed password for root from 43.255.190.185 port 44690 ssh2]
Apr 11 01:16:41 ovzhost sshd[1130]: Received disconnect from 43.255.190.185: 11:  [preauth]
Apr 11 01:16:41 ovzhost sshd[1130]: PAM 2 more authentication failures; logname= uid=0 euid=0 tty=ssh ruser= rhost=43.255.190.185  user=root
Apr 11 01:16:43 ovzhost sshd[1132]: pam_unix(sshd:auth): authentication failure; logname= uid=0 euid=0 tty=ssh ruser= rhost=43.255.190.185  user=root
Apr 11 01:16:46 ovzhost sshd[1132]: Failed password for root from 43.255.190.185 port 33133 ssh2
Apr 11 01:16:49 ovzhost sshd[1132]: message repeated 2 times: [ Failed password for root from 43.255.190.185 port 33133 ssh2]
Apr 11 01:16:50 ovzhost sshd[1132]: Received disconnect from 43.255.190.185: 11:  [preauth]
Apr 11 01:16:50 ovzhost sshd[1132]: PAM 2 more authentication failures; logname= uid=0 euid=0 tty=ssh ruser= rhost=43.255.190.185  user=root
Apr 11 01:16:51 ovzhost sshd[1135]: pam_unix(sshd:auth): authentication failure; logname= uid=0 euid=0 tty=ssh ruser= rhost=43.255.190.185  user=root
Apr 11 01:16:53 ovzhost sshd[1135]: Failed password for root from 43.255.190.185 port 52777 ssh2
Apr 11 01:16:57 ovzhost sshd[1135]: message repeated 2 times: [ Failed password for root from 43.255.190.185 port 52777 ssh2]
Apr 11 01:16:57 ovzhost sshd[1135]: Received disconnect from 43.255.190.185: 11:  [preauth]
Apr 11 01:16:57 ovzhost sshd[1135]: PAM 2 more authentication failures; logname= uid=0 euid=0 tty=ssh ruser= rhost=43.255.190.185  user=root
Apr 11 01:16:59 ovzhost sshd[1137]: pam_unix(sshd:auth): authentication failure; logname= uid=0 euid=0 tty=ssh ruser= rhost=43.255.190.185  user=root
Apr 11 01:17:01 ovzhost sshd[1137]: Failed password for root from 43.255.190.185 port 42758 ssh2
Apr 11 01:17:06 ovzhost sshd[1137]: message repeated 2 times: [ Failed password for root from 43.255.190.185 port 42758 ssh2]
Apr 11 01:17:06 ovzhost sshd[1137]: Received disconnect from 43.255.190.185: 11:  [preauth]
Apr 11 01:17:06 ovzhost sshd[1137]: PAM 2 more authentication failures; logname= uid=0 euid=0 tty=ssh ruser= rhost=43.255.190.185  user=root
Apr 11 01:17:07 ovzhost sshd[1139]: pam_unix(sshd:auth): authentication failure; logname= uid=0 euid=0 tty=ssh ruser= rhost=43.255.190.185  user=root
Apr 11 01:17:09 ovzhost sshd[1139]: Failed password for root from 43.255.190.185 port 35212 ssh2
Apr 11 01:17:14 ovzhost sshd[1139]: message repeated 2 times: [ Failed password for root from 43.255.190.185 port 35212 ssh2]
Apr 11 01:17:14 ovzhost sshd[1139]: Received disconnect from 43.255.190.185: 11:  [preauth]
Apr 11 01:17:14 ovzhost sshd[1139]: PAM 2 more authentication failures; logname= uid=0 euid=0 tty=ssh ruser= rhost=43.255.190.185  user=root
Apr 11 01:17:15 ovzhost sshd[1141]: pam_unix(sshd:auth): authentication failure; logname= uid=0 euid=0 tty=ssh ruser= rhost=43.255.190.185  user=root
Apr 11 01:17:16 ovzhost sshd[1141]: Failed password for root from 43.255.190.185 port 52777 ssh2
Apr 11 01:17:21 ovzhost sshd[1141]: message repeated 2 times: [ Failed password for root from 43.255.190.185 port 52777 ssh2]
Apr 11 01:17:21 ovzhost sshd[1141]: Received disconnect from 43.255.190.185: 11:  [preauth]
Apr 11 01:17:21 ovzhost sshd[1141]: PAM 2 more authentication failures; logname= uid=0 euid=0 tty=ssh ruser= rhost=43.255.190.185  user=root
Apr 11 01:17:23 ovzhost sshd[1143]: pam_unix(sshd:auth): authentication failure; logname= uid=0 euid=0 tty=ssh ruser= rhost=43.255.190.185  user=root
Apr 11 01:17:26 ovzhost sshd[1143]: Failed password for root from 43.255.190.185 port 41618 ssh2
Apr 11 01:17:30 ovzhost sshd[1143]: message repeated 2 times: [ Failed password for root from 43.255.190.185 port 41618 ssh2]
Apr 11 01:17:30 ovzhost sshd[1143]: Received disconnect from 43.255.190.185: 11:  [preauth]
Apr 11 01:17:30 ovzhost sshd[1143]: PAM 2 more authentication failures; logname= uid=0 euid=0 tty=ssh ruser= rhost=43.255.190.185  user=root
Apr 11 01:17:31 ovzhost sshd[1145]: pam_unix(sshd:auth): authentication failure; logname= uid=0 euid=0 tty=ssh ruser= rhost=43.255.190.185  user=root
Apr 11 01:17:33 ovzhost sshd[1145]: Failed password for root from 43.255.190.185 port 35314 ssh2
Apr 11 01:17:36 ovzhost sshd[1145]: message repeated 2 times: [ Failed password for root from 43.255.190.185 port 35314 ssh2]
Apr 11 01:17:36 ovzhost sshd[1145]: Received disconnect from 43.255.190.185: 11:  [preauth]
Apr 11 01:17:36 ovzhost sshd[1145]: PAM 2 more authentication failures; logname= uid=0 euid=0 tty=ssh ruser= rhost=43.255.190.185  user=root
Apr 11 01:17:37 ovzhost sshd[1147]: pam_unix(sshd:auth): authentication failure; logname= uid=0 euid=0 tty=ssh ruser= rhost=43.255.190.185  user=root
Apr 11 01:17:40 ovzhost sshd[1147]: Failed password for root from 43.255.190.185 port 49625 ssh2
Apr 11 01:17:44 ovzhost sshd[1147]: message repeated 2 times: [ Failed password for root from 43.255.190.185 port 49625 ssh2]
Apr 11 01:17:44 ovzhost sshd[1147]: Received disconnect from 43.255.190.185: 11:  [preauth]
Apr 11 01:17:44 ovzhost sshd[1147]: PAM 2 more authentication failures; logname= uid=0 euid=0 tty=ssh ruser= rhost=43.255.190.185  user=root
Apr 11 01:17:47 ovzhost sshd[1149]: pam_unix(sshd:auth): authentication failure; logname= uid=0 euid=0 tty=ssh ruser= rhost=43.255.190.185  user=root
Apr 11 01:17:49 ovzhost sshd[1149]: Failed password for root from 43.255.190.185 port 40409 ssh2
Apr 11 01:17:54 ovzhost sshd[1152]: reverse mapping checking getaddrinfo for 153-127-166-207-ptr.centennialpr.net [207.166.127.153] failed - POSSIBLE BREAK-IN ATTEMPT!
Apr 11 01:17:54 ovzhost sshd[1152]: pam_unix(sshd:auth): authentication failure; logname= uid=0 euid=0 tty=ssh ruser= rhost=207.166.127.153  user=root
Apr 11 01:17:54 ovzhost sshd[1149]: message repeated 2 times: [ Failed password for root from 43.255.190.185 port 40409 ssh2]
Apr 11 01:17:54 ovzhost sshd[1149]: Received disconnect from 43.255.190.185: 11:  [preauth]
Apr 11 01:17:54 ovzhost sshd[1149]: PAM 2 more authentication failures; logname= uid=0 euid=0 tty=ssh ruser= rhost=43.255.190.185  user=root
Apr 11 01:17:56 ovzhost sshd[1154]: pam_unix(sshd:auth): authentication failure; logname= uid=0 euid=0 tty=ssh ruser= rhost=43.255.190.185  user=root
Apr 11 01:17:56 ovzhost sshd[1152]: Failed password for root from 207.166.127.153 port 38128 ssh2
Apr 11 01:17:58 ovzhost sshd[1154]: Failed password for root from 43.255.190.185 port 33509 ssh2
Apr 11 01:17:58 ovzhost sshd[1152]: Failed password for root from 207.166.127.153 port 38128 ssh2
Apr 11 01:17:58 ovzhost sshd[1152]: Connection closed by 207.166.127.153 [preauth]
Apr 11 01:17:58 ovzhost sshd[1152]: PAM 1 more authentication failure; logname= uid=0 euid=0 tty=ssh ruser= rhost=207.166.127.153  user=root
Apr 11 01:18:03 ovzhost sshd[1154]: message repeated 2 times: [ Failed password for root from 43.255.190.185 port 33509 ssh2]
Apr 11 01:18:03 ovzhost sshd[1154]: Received disconnect from 43.255.190.185: 11:  [preauth]
Apr 11 01:18:03 ovzhost sshd[1154]: PAM 2 more authentication failures; logname= uid=0 euid=0 tty=ssh ruser= rhost=43.255.190.185  user=root
Apr 11 01:18:03 ovzhost sshd[1159]: pam_unix(sshd:auth): authentication failure; logname= uid=0 euid=0 tty=ssh ruser= rhost=43.255.190.185  user=root
Apr 11 01:18:05 ovzhost sshd[1159]: Failed password for root from 43.255.190.185 port 53636 ssh2
Apr 11 01:18:09 ovzhost sshd[1159]: message repeated 2 times: [ Failed password for root from 43.255.190.185 port 53636 ssh2]
Apr 11 01:18:10 ovzhost sshd[1159]: Received disconnect from 43.255.190.185: 11:  [preauth]
Apr 11 01:18:10 ovzhost sshd[1159]: PAM 2 more authentication failures; logname= uid=0 euid=0 tty=ssh ruser= rhost=43.255.190.185  user=root
Apr 11 01:18:11 ovzhost sshd[1163]: pam_unix(sshd:auth): authentication failure; logname= uid=0 euid=0 tty=ssh ruser= rhost=43.255.190.185  user=root
Apr 11 01:18:13 ovzhost sshd[1163]: Failed password for root from 43.255.190.185 port 43205 ssh2
Apr 11 01:18:18 ovzhost sshd[1163]: message repeated 2 times: [ Failed password for root from 43.255.190.185 port 43205 ssh2]
Apr 11 01:18:18 ovzhost sshd[1163]: Received disconnect from 43.255.190.185: 11:  [preauth]
Apr 11 01:18:18 ovzhost sshd[1163]: PAM 2 more authentication failures; logname= uid=0 euid=0 tty=ssh ruser= rhost=43.255.190.185  user=root
Apr 11 01:18:19 ovzhost sshd[1165]: pam_unix(sshd:auth): authentication failure; logname= uid=0 euid=0 tty=ssh ruser= rhost=43.255.190.185  user=root
Apr 11 01:18:21 ovzhost sshd[1165]: Failed password for root from 43.255.190.185 port 34367 ssh2
Apr 11 01:18:26 ovzhost sshd[1165]: message repeated 2 times: [ Failed password for root from 43.255.190.185 port 34367 ssh2]
Apr 11 01:18:26 ovzhost sshd[1165]: Received disconnect from 43.255.190.185: 11:  [preauth]
Apr 11 01:18:26 ovzhost sshd[1165]: PAM 2 more authentication failures; logname= uid=0 euid=0 tty=ssh ruser= rhost=43.255.190.185  user=root
Apr 11 01:18:28 ovzhost sshd[1167]: pam_unix(sshd:auth): authentication failure; logname= uid=0 euid=0 tty=ssh ruser= rhost=43.255.190.185  user=root
Apr 11 01:18:29 ovzhost sshd[1167]: Failed password for root from 43.255.190.185 port 53499 ssh2
Apr 11 01:18:33 ovzhost sshd[1167]: message repeated 2 times: [ Failed password for root from 43.255.190.185 port 53499 ssh2]
Apr 11 01:18:33 ovzhost sshd[1167]: Received disconnect from 43.255.190.185: 11:  [preauth]
Apr 11 01:18:33 ovzhost sshd[1167]: PAM 2 more authentication failures; logname= uid=0 euid=0 tty=ssh ruser= rhost=43.255.190.185  user=root
Apr 11 01:18:35 ovzhost sshd[1169]: pam_unix(sshd:auth): authentication failure; logname= uid=0 euid=0 tty=ssh ruser= rhost=43.255.190.185  user=root
Apr 11 01:18:37 ovzhost sshd[1169]: Failed password for root from 43.255.190.185 port 42083 ssh2
Apr 11 01:18:41 ovzhost sshd[1169]: message repeated 2 times: [ Failed password for root from 43.255.190.185 port 42083 ssh2]
Apr 11 01:18:41 ovzhost sshd[1169]: Received disconnect from 43.255.190.185: 11:  [preauth]
Apr 11 01:18:41 ovzhost sshd[1169]: PAM 2 more authentication failures; logname= uid=0 euid=0 tty=ssh ruser= rhost=43.255.190.185  user=root
Apr 11 01:18:42 ovzhost sshd[1171]: pam_unix(sshd:auth): authentication failure; logname= uid=0 euid=0 tty=ssh ruser= rhost=43.255.190.185  user=root
Apr 11 01:18:44 ovzhost sshd[1171]: Failed password for root from 43.255.190.185 port 32827 ssh2
Apr 11 01:18:48 ovzhost sshd[1171]: message repeated 2 times: [ Failed password for root from 43.255.190.185 port 32827 ssh2]
Apr 11 01:18:48 ovzhost sshd[1171]: Received disconnect from 43.255.190.185: 11:  [preauth]
Apr 11 01:18:48 ovzhost sshd[1171]: PAM 2 more authentication failures; logname= uid=0 euid=0 tty=ssh ruser= rhost=43.255.190.185  user=root
Apr 11 01:18:50 ovzhost sshd[1173]: pam_unix(sshd:auth): authentication failure; logname= uid=0 euid=0 tty=ssh ruser= rhost=43.255.190.185  user=root
Apr 11 01:18:52 ovzhost sshd[1173]: Failed password for root from 43.255.190.185 port 49176 ssh2
Apr 11 01:18:55 ovzhost sshd[1173]: message repeated 2 times: [ Failed password for root from 43.255.190.185 port 49176 ssh2]
Apr 11 01:18:55 ovzhost sshd[1173]: Received disconnect from 43.255.190.185: 11:  [preauth]
Apr 11 01:18:55 ovzhost sshd[1173]: PAM 2 more authentication failures; logname= uid=0 euid=0 tty=ssh ruser= rhost=43.255.190.185  user=root
Apr 11 01:18:56 ovzhost sshd[1177]: pam_unix(sshd:auth): authentication failure; logname= uid=0 euid=0 tty=ssh ruser= rhost=43.255.190.185  user=root
Apr 11 01:18:59 ovzhost sshd[1177]: Failed password for root from 43.255.190.185 port 37245 ssh2
Apr 11 01:19:04 ovzhost sshd[1177]: message repeated 2 times: [ Failed password for root from 43.255.190.185 port 37245 ssh2]
Apr 11 01:19:04 ovzhost sshd[1177]: Received disconnect from 43.255.190.185: 11:  [preauth]
Apr 11 01:19:04 ovzhost sshd[1177]: PAM 2 more authentication failures; logname= uid=0 euid=0 tty=ssh ruser= rhost=43.255.190.185  user=root
Apr 11 01:19:05 ovzhost sshd[1179]: pam_unix(sshd:auth): authentication failure; logname= uid=0 euid=0 tty=ssh ruser= rhost=43.255.190.185  user=root
Apr 11 01:19:05 ovzhost sshd[1181]: pam_unix(sshd:auth): authentication failure; logname= uid=0 euid=0 tty=ssh ruser= rhost=43.255.190.132  user=root
Apr 11 01:19:06 ovzhost sshd[1179]: Failed password for root from 43.255.190.185 port 56334 ssh2
Apr 11 01:19:07 ovzhost sshd[1181]: Failed password for root from 43.255.190.132 port 45636 ssh2
Apr 11 01:19:11 ovzhost sshd[1179]: message repeated 2 times: [ Failed password for root from 43.255.190.185 port 56334 ssh2]
Apr 11 01:19:11 ovzhost sshd[1179]: Received disconnect from 43.255.190.185: 11:  [preauth]
Apr 11 01:19:11 ovzhost sshd[1179]: PAM 2 more authentication failures; logname= uid=0 euid=0 tty=ssh ruser= rhost=43.255.190.185  user=root
Apr 11 01:19:11 ovzhost sshd[1183]: pam_unix(sshd:auth): authentication failure; logname= uid=0 euid=0 tty=ssh ruser= rhost=43.255.190.185  user=root
Apr 11 01:19:11 ovzhost sshd[1181]: message repeated 2 times: [ Failed password for root from 43.255.190.132 port 45636 ssh2]
Apr 11 01:19:12 ovzhost sshd[1181]: Received disconnect from 43.255.190.132: 11:  [preauth]
Apr 11 01:19:12 ovzhost sshd[1181]: PAM 2 more authentication failures; logname= uid=0 euid=0 tty=ssh ruser= rhost=43.255.190.132  user=root
Apr 11 01:19:12 ovzhost sshd[1185]: pam_unix(sshd:auth): authentication failure; logname= uid=0 euid=0 tty=ssh ruser= rhost=43.255.190.132  user=root
Apr 11 01:19:14 ovzhost sshd[1183]: Failed password for root from 43.255.190.185 port 44098 ssh2
Apr 11 01:19:14 ovzhost sshd[1185]: Failed password for root from 43.255.190.132 port 33953 ssh2
Apr 11 01:19:17 ovzhost sshd[1185]: message repeated 2 times: [ Failed password for root from 43.255.190.132 port 33953 ssh2]
Apr 11 01:19:18 ovzhost sshd[1185]: Received disconnect from 43.255.190.132: 11:  [preauth]
Apr 11 01:19:18 ovzhost sshd[1185]: PAM 2 more authentication failures; logname= uid=0 euid=0 tty=ssh ruser= rhost=43.255.190.132  user=root
Apr 11 01:19:18 ovzhost sshd[1183]: message repeated 2 times: [ Failed password for root from 43.255.190.185 port 44098 ssh2]
Apr 11 01:19:18 ovzhost sshd[1183]: Received disconnect from 43.255.190.185: 11:  [preauth]
Apr 11 01:19:18 ovzhost sshd[1183]: PAM 2 more authentication failures; logname= uid=0 euid=0 tty=ssh ruser= rhost=43.255.190.185  user=root
Apr 11 01:19:19 ovzhost sshd[1189]: pam_unix(sshd:auth): authentication failure; logname= uid=0 euid=0 tty=ssh ruser= rhost=43.255.190.185  user=root
Apr 11 01:19:21 ovzhost sshd[1187]: pam_unix(sshd:auth): authentication failure; logname= uid=0 euid=0 tty=ssh ruser= rhost=43.255.190.132  user=root
Apr 11 01:19:21 ovzhost sshd[1189]: Failed password for root from 43.255.190.185 port 33278 ssh2
Apr 11 01:19:23 ovzhost sshd[1187]: Failed password for root from 43.255.190.132 port 48431 ssh2
Apr 11 01:19:26 ovzhost sshd[1189]: message repeated 2 times: [ Failed password for root from 43.255.190.185 port 33278 ssh2]
Apr 11 01:19:26 ovzhost sshd[1189]: Received disconnect from 43.255.190.185: 11:  [preauth]
Apr 11 01:19:26 ovzhost sshd[1189]: PAM 2 more authentication failures; logname= uid=0 euid=0 tty=ssh ruser= rhost=43.255.190.185  user=root
Apr 11 01:19:27 ovzhost sshd[1187]: message repeated 2 times: [ Failed password for root from 43.255.190.132 port 48431 ssh2]
Apr 11 01:19:27 ovzhost sshd[1187]: Received disconnect from 43.255.190.132: 11:  [preauth]
Apr 11 01:19:27 ovzhost sshd[1187]: PAM 2 more authentication failures; logname= uid=0 euid=0 tty=ssh ruser= rhost=43.255.190.132  user=root
Apr 11 01:19:27 ovzhost sshd[1191]: pam_unix(sshd:auth): authentication failure; logname= uid=0 euid=0 tty=ssh ruser= rhost=43.255.190.185  user=root
Apr 11 01:19:28 ovzhost sshd[1193]: pam_unix(sshd:auth): authentication failure; logname= uid=0 euid=0 tty=ssh ruser= rhost=43.255.190.132  user=root
Apr 11 01:19:29 ovzhost sshd[1191]: Failed password for root from 43.255.190.185 port 50877 ssh2
Apr 11 01:19:30 ovzhost sshd[1193]: Failed password for root from 43.255.190.132 port 41570 ssh2
Apr 11 01:19:34 ovzhost sshd[1191]: message repeated 2 times: [ Failed password for root from 43.255.190.185 port 50877 ssh2]
Apr 11 01:19:34 ovzhost sshd[1191]: Received disconnect from 43.255.190.185: 11:  [preauth]
Apr 11 01:19:34 ovzhost sshd[1191]: PAM 2 more authentication failures; logname= uid=0 euid=0 tty=ssh ruser= rhost=43.255.190.185  user=root
Apr 11 01:19:34 ovzhost sshd[1193]: message repeated 2 times: [ Failed password for root from 43.255.190.132 port 41570 ssh2]
Apr 11 01:19:34 ovzhost sshd[1193]: Received disconnect from 43.255.190.132: 11:  [preauth]
Apr 11 01:19:34 ovzhost sshd[1193]: PAM 2 more authentication failures; logname= uid=0 euid=0 tty=ssh ruser= rhost=43.255.190.132  user=root
Apr 11 01:19:35 ovzhost sshd[1195]: pam_unix(sshd:auth): authentication failure; logname= uid=0 euid=0 tty=ssh ruser= rhost=43.255.190.185  user=root
Apr 11 01:19:36 ovzhost sshd[1197]: pam_unix(sshd:auth): authentication failure; logname= uid=0 euid=0 tty=ssh ruser= rhost=43.255.190.132  user=root
Apr 11 01:19:37 ovzhost sshd[1195]: Failed password for root from 43.255.190.185 port 41980 ssh2
Apr 11 01:19:38 ovzhost sshd[1197]: Failed password for root from 43.255.190.132 port 58255 ssh2
Apr 11 01:19:41 ovzhost sshd[1195]: message repeated 2 times: [ Failed password for root from 43.255.190.185 port 41980 ssh2]
Apr 11 01:19:41 ovzhost sshd[1195]: Received disconnect from 43.255.190.185: 11:  [preauth]
Apr 11 01:19:41 ovzhost sshd[1195]: PAM 2 more authentication failures; logname= uid=0 euid=0 tty=ssh ruser= rhost=43.255.190.185  user=root
Apr 11 01:19:41 ovzhost sshd[1197]: message repeated 2 times: [ Failed password for root from 43.255.190.132 port 58255 ssh2]
Apr 11 01:19:41 ovzhost sshd[1197]: Received disconnect from 43.255.190.132: 11:  [preauth]
Apr 11 01:19:41 ovzhost sshd[1197]: PAM 2 more authentication failures; logname= uid=0 euid=0 tty=ssh ruser= rhost=43.255.190.132  user=root
Apr 11 01:19:42 ovzhost sshd[1199]: pam_unix(sshd:auth): authentication failure; logname= uid=0 euid=0 tty=ssh ruser= rhost=43.255.190.185  user=root
Apr 11 01:19:42 ovzhost sshd[1201]: pam_unix(sshd:auth): authentication failure; logname= uid=0 euid=0 tty=ssh ruser= rhost=43.255.190.132  user=root
Apr 11 01:19:44 ovzhost sshd[1199]: Failed password for root from 43.255.190.185 port 58034 ssh2
Apr 11 01:19:44 ovzhost sshd[1201]: Failed password for root from 43.255.190.132 port 45629 ssh2
Apr 11 01:19:49 ovzhost sshd[1201]: message repeated 2 times: [ Failed password for root from 43.255.190.132 port 45629 ssh2]
Apr 11 01:19:49 ovzhost sshd[1201]: Received disconnect from 43.255.190.132: 11:  [preauth]
Apr 11 01:19:49 ovzhost sshd[1201]: PAM 2 more authentication failures; logname= uid=0 euid=0 tty=ssh ruser= rhost=43.255.190.132  user=root
Apr 11 01:19:49 ovzhost sshd[1199]: message repeated 2 times: [ Failed password for root from 43.255.190.185 port 58034 ssh2]
Apr 11 01:19:49 ovzhost sshd[1199]: Received disconnect from 43.255.190.185: 11:  [preauth]
Apr 11 01:19:49 ovzhost sshd[1199]: PAM 2 more authentication failures; logname= uid=0 euid=0 tty=ssh ruser= rhost=43.255.190.185  user=root
Apr 11 01:19:49 ovzhost sshd[1203]: pam_unix(sshd:auth): authentication failure; logname= uid=0 euid=0 tty=ssh ruser= rhost=43.255.190.132  user=root
Apr 11 01:19:49 ovzhost sshd[1205]: pam_unix(sshd:auth): authentication failure; logname= uid=0 euid=0 tty=ssh ruser= rhost=43.255.190.185  user=root
Apr 11 01:19:50 ovzhost sshd[1208]: Connection closed by 127.0.0.1 [preauth]
Apr 11 01:19:51 ovzhost sshd[1203]: Failed password for root from 43.255.190.132 port 34819 ssh2
Apr 11 01:19:52 ovzhost sshd[1205]: Failed password for root from 43.255.190.185 port 47475 ssh2
Apr 11 01:19:55 ovzhost sshd[1205]: message repeated 2 times: [ Failed password for root from 43.255.190.185 port 47475 ssh2]
Apr 11 01:19:55 ovzhost sshd[1205]: Received disconnect from 43.255.190.185: 11:  [preauth]
Apr 11 01:19:55 ovzhost sshd[1205]: PAM 2 more authentication failures; logname= uid=0 euid=0 tty=ssh ruser= rhost=43.255.190.185  user=root
Apr 11 01:19:56 ovzhost sshd[1211]: pam_unix(sshd:auth): authentication failure; logname= uid=0 euid=0 tty=ssh ruser= rhost=43.255.190.185  user=root
Apr 11 01:19:56 ovzhost sshd[1203]: message repeated 2 times: [ Failed password for root from 43.255.190.132 port 34819 ssh2]
Apr 11 01:19:56 ovzhost sshd[1203]: Received disconnect from 43.255.190.132: 11:  [preauth]
Apr 11 01:19:56 ovzhost sshd[1203]: PAM 2 more authentication failures; logname= uid=0 euid=0 tty=ssh ruser= rhost=43.255.190.132  user=root
Apr 11 01:19:58 ovzhost sshd[1211]: Failed password for root from 43.255.190.185 port 34221 ssh2
Apr 11 01:20:00 ovzhost sshd[1213]: pam_unix(sshd:auth): authentication failure; logname= uid=0 euid=0 tty=ssh ruser= rhost=43.255.190.132  user=root
Apr 11 01:20:01 ovzhost CRON[1215]: pam_env(cron:session): Unable to open env file: /etc/default/locale: No such file or directory
Apr 11 01:20:01 ovzhost CRON[1215]: pam_unix(cron:session): session opened for user smmsp by (uid=0)
Apr 11 01:20:01 ovzhost CRON[1215]: pam_unix(cron:session): session closed for user smmsp
Apr 11 01:20:01 ovzhost sshd[1213]: Failed password for root from 43.255.190.132 port 53775 ssh2
Apr 11 01:20:01 ovzhost sshd[1211]: message repeated 2 times: [ Failed password for root from 43.255.190.185 port 34221 ssh2]
Apr 11 01:20:02 ovzhost sshd[1211]: Received disconnect from 43.255.190.185: 11:  [preauth]
Apr 11 01:20:02 ovzhost sshd[1211]: PAM 2 more authentication failures; logname= uid=0 euid=0 tty=ssh ruser= rhost=43.255.190.185  user=root
Apr 11 01:20:03 ovzhost sshd[1240]: pam_unix(sshd:auth): authentication failure; logname= uid=0 euid=0 tty=ssh ruser= rhost=43.255.190.185  user=root
Apr 11 01:20:05 ovzhost sshd[1240]: Failed password for root from 43.255.190.185 port 49711 ssh2
Apr 11 01:20:05 ovzhost sshd[1213]: message repeated 2 times: [ Failed password for root from 43.255.190.132 port 53775 ssh2]
Apr 11 01:20:05 ovzhost sshd[1213]: Received disconnect from 43.255.190.132: 11:  [preauth]
Apr 11 01:20:05 ovzhost sshd[1213]: PAM 2 more authentication failures; logname= uid=0 euid=0 tty=ssh ruser= rhost=43.255.190.132  user=root
Apr 11 01:20:07 ovzhost sshd[1242]: pam_unix(sshd:auth): authentication failure; logname= uid=0 euid=0 tty=ssh ruser= rhost=43.255.190.132  user=root
Apr 11 01:20:09 ovzhost sshd[1242]: Failed password for root from 43.255.190.132 port 48480 ssh2
Apr 11 01:20:09 ovzhost sshd[1240]: message repeated 2 times: [ Failed password for root from 43.255.190.185 port 49711 ssh2]
Apr 11 01:20:09 ovzhost sshd[1240]: Received disconnect from 43.255.190.185: 11:  [preauth]
Apr 11 01:20:09 ovzhost sshd[1240]: PAM 2 more authentication failures; logname= uid=0 euid=0 tty=ssh ruser= rhost=43.255.190.185  user=root
Apr 11 01:20:10 ovzhost sshd[1244]: pam_unix(sshd:auth): authentication failure; logname= uid=0 euid=0 tty=ssh ruser= rhost=43.255.190.185  user=root
Apr 11 01:20:12 ovzhost sshd[1244]: Failed password for root from 43.255.190.185 port 38553 ssh2
Apr 11 01:20:13 ovzhost sshd[1242]: message repeated 2 times: [ Failed password for root from 43.255.190.132 port 48480 ssh2]
Apr 11 01:20:13 ovzhost sshd[1242]: Received disconnect from 43.255.190.132: 11:  [preauth]
Apr 11 01:20:13 ovzhost sshd[1242]: PAM 2 more authentication failures; logname= uid=0 euid=0 tty=ssh ruser= rhost=43.255.190.132  user=root
Apr 11 01:20:14 ovzhost sshd[1246]: pam_unix(sshd:auth): authentication failure; logname= uid=0 euid=0 tty=ssh ruser= rhost=43.255.190.132  user=root
Apr 11 01:20:16 ovzhost sshd[1246]: Failed password for root from 43.255.190.132 port 41795 ssh2
Apr 11 01:20:16 ovzhost sshd[1244]: message repeated 2 times: [ Failed password for root from 43.255.190.185 port 38553 ssh2]
Apr 11 01:20:16 ovzhost sshd[1244]: Received disconnect from 43.255.190.185: 11:  [preauth]
Apr 11 01:20:16 ovzhost sshd[1244]: PAM 2 more authentication failures; logname= uid=0 euid=0 tty=ssh ruser= rhost=43.255.190.185  user=root
Apr 11 01:20:17 ovzhost sshd[1248]: pam_unix(sshd:auth): authentication failure; logname= uid=0 euid=0 tty=ssh ruser= rhost=43.255.190.185  user=root
Apr 11 01:20:19 ovzhost sshd[1248]: Failed password for root from 43.255.190.185 port 55838 ssh2
Apr 11 01:20:19 ovzhost sshd[1246]: message repeated 2 times: [ Failed password for root from 43.255.190.132 port 41795 ssh2]
Apr 11 01:20:19 ovzhost sshd[1246]: Received disconnect from 43.255.190.132: 11:  [preauth]
Apr 11 01:20:19 ovzhost sshd[1246]: PAM 2 more authentication failures; logname= uid=0 euid=0 tty=ssh ruser= rhost=43.255.190.132  user=root
Apr 11 01:20:20 ovzhost sshd[1250]: pam_unix(sshd:auth): authentication failure; logname= uid=0 euid=0 tty=ssh ruser= rhost=43.255.190.132  user=root
Apr 11 01:20:23 ovzhost sshd[1250]: Failed password for root from 43.255.190.132 port 33542 ssh2
Apr 11 01:20:23 ovzhost sshd[1248]: message repeated 2 times: [ Failed password for root from 43.255.190.185 port 55838 ssh2]
Apr 11 01:20:23 ovzhost sshd[1248]: Received disconnect from 43.255.190.185: 11:  [preauth]
Apr 11 01:20:23 ovzhost sshd[1248]: PAM 2 more authentication failures; logname= uid=0 euid=0 tty=ssh ruser= rhost=43.255.190.185  user=root
Apr 11 01:20:24 ovzhost sshd[1252]: pam_unix(sshd:auth): authentication failure; logname= uid=0 euid=0 tty=ssh ruser= rhost=43.255.190.185  user=root
Apr 11 01:20:26 ovzhost sshd[1252]: Failed password for root from 43.255.190.185 port 45013 ssh2
Apr 11 01:20:26 ovzhost sshd[1250]: message repeated 2 times: [ Failed password for root from 43.255.190.132 port 33542 ssh2]
Apr 11 01:20:26 ovzhost sshd[1250]: Received disconnect from 43.255.190.132: 11:  [preauth]
Apr 11 01:20:26 ovzhost sshd[1250]: PAM 2 more authentication failures; logname= uid=0 euid=0 tty=ssh ruser= rhost=43.255.190.132  user=root
Apr 11 01:20:28 ovzhost sshd[1254]: pam_unix(sshd:auth): authentication failure; logname= uid=0 euid=0 tty=ssh ruser= rhost=43.255.190.132  user=root
Apr 11 01:20:30 ovzhost sshd[1254]: Failed password for root from 43.255.190.132 port 56297 ssh2
Apr 11 01:20:30 ovzhost sshd[1252]: message repeated 2 times: [ Failed password for root from 43.255.190.185 port 45013 ssh2]
Apr 11 01:20:30 ovzhost sshd[1252]: Received disconnect from 43.255.190.185: 11:  [preauth]
Apr 11 01:20:30 ovzhost sshd[1252]: PAM 2 more authentication failures; logname= uid=0 euid=0 tty=ssh ruser= rhost=43.255.190.185  user=root
Apr 11 01:20:31 ovzhost sshd[1256]: pam_unix(sshd:auth): authentication failure; logname= uid=0 euid=0 tty=ssh ruser= rhost=43.255.190.185  user=root
Apr 11 01:20:33 ovzhost sshd[1256]: Failed password for root from 43.255.190.185 port 60962 ssh2
Apr 11 01:20:35 ovzhost sshd[1254]: message repeated 2 times: [ Failed password for root from 43.255.190.132 port 56297 ssh2]
Apr 11 01:20:35 ovzhost sshd[1254]: Received disconnect from 43.255.190.132: 11:  [preauth]
Apr 11 01:20:35 ovzhost sshd[1254]: PAM 2 more authentication failures; logname= uid=0 euid=0 tty=ssh ruser= rhost=43.255.190.132  user=root
Apr 11 01:20:36 ovzhost sshd[1260]: pam_unix(sshd:auth): authentication failure; logname= uid=0 euid=0 tty=ssh ruser= rhost=43.255.190.132  user=root
Apr 11 01:20:38 ovzhost sshd[1256]: message repeated 2 times: [ Failed password for root from 43.255.190.185 port 60962 ssh2]
Apr 11 01:20:38 ovzhost sshd[1256]: Received disconnect from 43.255.190.185: 11:  [preauth]
Apr 11 01:20:38 ovzhost sshd[1256]: PAM 2 more authentication failures; logname= uid=0 euid=0 tty=ssh ruser= rhost=43.255.190.185  user=root
Apr 11 01:20:38 ovzhost sshd[1260]: Failed password for root from 43.255.190.132 port 56449 ssh2
Apr 11 01:20:39 ovzhost sshd[1262]: pam_unix(sshd:auth): authentication failure; logname= uid=0 euid=0 tty=ssh ruser= rhost=43.255.190.185  user=root
Apr 11 01:20:41 ovzhost sshd[1262]: Failed password for root from 43.255.190.185 port 51917 ssh2
Apr 11 01:20:43 ovzhost sshd[1260]: message repeated 2 times: [ Failed password for root from 43.255.190.132 port 56449 ssh2]
Apr 11 01:20:43 ovzhost sshd[1260]: Received disconnect from 43.255.190.132: 11:  [preauth]
Apr 11 01:20:43 ovzhost sshd[1260]: PAM 2 more authentication failures; logname= uid=0 euid=0 tty=ssh ruser= rhost=43.255.190.132  user=root
Apr 11 01:20:45 ovzhost sshd[1264]: pam_unix(sshd:auth): authentication failure; logname= uid=0 euid=0 tty=ssh ruser= rhost=43.255.190.132  user=root
Apr 11 01:20:45 ovzhost sshd[1262]: message repeated 2 times: [ Failed password for root from 43.255.190.185 port 51917 ssh2]
Apr 11 01:20:46 ovzhost sshd[1262]: Received disconnect from 43.255.190.185: 11:  [preauth]
Apr 11 01:20:46 ovzhost sshd[1262]: PAM 2 more authentication failures; logname= uid=0 euid=0 tty=ssh ruser= rhost=43.255.190.185  user=root
Apr 11 01:20:46 ovzhost sshd[1266]: pam_unix(sshd:auth): authentication failure; logname= uid=0 euid=0 tty=ssh ruser= rhost=43.255.190.185  user=root
Apr 11 01:20:47 ovzhost sshd[1264]: Failed password for root from 43.255.190.132 port 53693 ssh2
Apr 11 01:20:48 ovzhost sshd[1266]: Failed password for root from 43.255.190.185 port 41742 ssh2
Apr 11 01:20:51 ovzhost sshd[1264]: message repeated 2 times: [ Failed password for root from 43.255.190.132 port 53693 ssh2]
Apr 11 01:20:51 ovzhost sshd[1264]: Received disconnect from 43.255.190.132: 11:  [preauth]
Apr 11 01:20:51 ovzhost sshd[1264]: PAM 2 more authentication failures; logname= uid=0 euid=0 tty=ssh ruser= rhost=43.255.190.132  user=root
Apr 11 01:20:52 ovzhost sshd[1268]: pam_unix(sshd:auth): authentication failure; logname= uid=0 euid=0 tty=ssh ruser= rhost=43.255.190.132  user=root
Apr 11 01:20:52 ovzhost sshd[1266]: message repeated 2 times: [ Failed password for root from 43.255.190.185 port 41742 ssh2]
Apr 11 01:20:53 ovzhost sshd[1266]: Received disconnect from 43.255.190.185: 11:  [preauth]
Apr 11 01:20:53 ovzhost sshd[1266]: PAM 2 more authentication failures; logname= uid=0 euid=0 tty=ssh ruser= rhost=43.255.190.185  user=root
Apr 11 01:20:54 ovzhost sshd[1270]: pam_unix(sshd:auth): authentication failure; logname= uid=0 euid=0 tty=ssh ruser= rhost=43.255.190.185  user=root
Apr 11 01:20:54 ovzhost sshd[1268]: Failed password for root from 43.255.190.132 port 53962 ssh2
Apr 11 01:20:56 ovzhost sshd[1270]: Failed password for root from 43.255.190.185 port 60512 ssh2
Apr 11 01:20:58 ovzhost sshd[1268]: message repeated 2 times: [ Failed password for root from 43.255.190.132 port 53962 ssh2]
Apr 11 01:20:58 ovzhost sshd[1268]: Received disconnect from 43.255.190.132: 11:  [preauth]
Apr 11 01:20:58 ovzhost sshd[1268]: PAM 2 more authentication failures; logname= uid=0 euid=0 tty=ssh ruser= rhost=43.255.190.132  user=root
Apr 11 01:20:59 ovzhost sshd[1274]: pam_unix(sshd:auth): authentication failure; logname= uid=0 euid=0 tty=ssh ruser= rhost=43.255.190.132  user=root
Apr 11 01:20:59 ovzhost sshd[1270]: message repeated 2 times: [ Failed password for root from 43.255.190.185 port 60512 ssh2]
Apr 11 01:20:59 ovzhost sshd[1270]: Received disconnect from 43.255.190.185: 11:  [preauth]
Apr 11 01:20:59 ovzhost sshd[1270]: PAM 2 more authentication failures; logname= uid=0 euid=0 tty=ssh ruser= rhost=43.255.190.185  user=root
Apr 11 01:21:00 ovzhost sshd[1276]: pam_unix(sshd:auth): authentication failure; logname= uid=0 euid=0 tty=ssh ruser= rhost=43.255.190.185  user=root
Apr 11 01:21:00 ovzhost sshd[1274]: Failed password for root from 43.255.190.132 port 49173 ssh2
Apr 11 01:21:02 ovzhost sshd[1276]: Failed password for root from 43.255.190.185 port 48253 ssh2
Apr 11 01:21:05 ovzhost sshd[1274]: message repeated 2 times: [ Failed password for root from 43.255.190.132 port 49173 ssh2]
Apr 11 01:21:05 ovzhost sshd[1274]: Received disconnect from 43.255.190.132: 11:  [preauth]
Apr 11 01:21:05 ovzhost sshd[1274]: PAM 2 more authentication failures; logname= uid=0 euid=0 tty=ssh ruser= rhost=43.255.190.132  user=root
Apr 11 01:21:06 ovzhost sshd[1278]: pam_unix(sshd:auth): authentication failure; logname= uid=0 euid=0 tty=ssh ruser= rhost=43.255.190.132  user=root
Apr 11 01:21:06 ovzhost sshd[1276]: message repeated 2 times: [ Failed password for root from 43.255.190.185 port 48253 ssh2]
Apr 11 01:21:06 ovzhost sshd[1276]: Received disconnect from 43.255.190.185: 11:  [preauth]
Apr 11 01:21:06 ovzhost sshd[1276]: PAM 2 more authentication failures; logname= uid=0 euid=0 tty=ssh ruser= rhost=43.255.190.185  user=root
Apr 11 01:21:08 ovzhost sshd[1278]: Failed password for root from 43.255.190.132 port 44450 ssh2
Apr 11 01:21:09 ovzhost sshd[1280]: pam_unix(sshd:auth): authentication failure; logname= uid=0 euid=0 tty=ssh ruser= rhost=43.255.190.185  user=root
Apr 11 01:21:11 ovzhost sshd[1280]: Failed password for root from 43.255.190.185 port 37547 ssh2
Apr 11 01:21:12 ovzhost sshd[1278]: message repeated 2 times: [ Failed password for root from 43.255.190.132 port 44450 ssh2]
Apr 11 01:21:12 ovzhost sshd[1278]: Received disconnect from 43.255.190.132: 11:  [preauth]
Apr 11 01:21:12 ovzhost sshd[1278]: PAM 2 more authentication failures; logname= uid=0 euid=0 tty=ssh ruser= rhost=43.255.190.132  user=root
Apr 11 01:21:13 ovzhost sshd[1282]: pam_unix(sshd:auth): authentication failure; logname= uid=0 euid=0 tty=ssh ruser= rhost=43.255.190.132  user=root
Apr 11 01:21:15 ovzhost sshd[1280]: message repeated 2 times: [ Failed password for root from 43.255.190.185 port 37547 ssh2]
Apr 11 01:21:15 ovzhost sshd[1280]: Received disconnect from 43.255.190.185: 11:  [preauth]
Apr 11 01:21:15 ovzhost sshd[1280]: PAM 2 more authentication failures; logname= uid=0 euid=0 tty=ssh ruser= rhost=43.255.190.185  user=root
Apr 11 01:21:15 ovzhost sshd[1282]: Failed password for root from 43.255.190.132 port 38809 ssh2
Apr 11 01:21:16 ovzhost sshd[1284]: pam_unix(sshd:auth): authentication failure; logname= uid=0 euid=0 tty=ssh ruser= rhost=43.255.190.185  user=root
Apr 11 01:21:18 ovzhost sshd[1284]: Failed password for root from 43.255.190.185 port 58483 ssh2
Apr 11 01:21:20 ovzhost sshd[1282]: message repeated 2 times: [ Failed password for root from 43.255.190.132 port 38809 ssh2]
Apr 11 01:21:20 ovzhost sshd[1282]: Received disconnect from 43.255.190.132: 11:  [preauth]
Apr 11 01:21:20 ovzhost sshd[1282]: PAM 2 more authentication failures; logname= uid=0 euid=0 tty=ssh ruser= rhost=43.255.190.132  user=root
Apr 11 01:21:22 ovzhost sshd[1288]: pam_unix(sshd:auth): authentication failure; logname= uid=0 euid=0 tty=ssh ruser= rhost=43.255.190.132  user=root
Apr 11 01:21:23 ovzhost sshd[1284]: message repeated 2 times: [ Failed password for root from 43.255.190.185 port 58483 ssh2]
Apr 11 01:21:24 ovzhost sshd[1284]: Received disconnect from 43.255.190.185: 11:  [preauth]
Apr 11 01:21:24 ovzhost sshd[1284]: PAM 2 more authentication failures; logname= uid=0 euid=0 tty=ssh ruser= rhost=43.255.190.185  user=root
Apr 11 01:21:24 ovzhost sshd[1288]: Failed password for root from 43.255.190.132 port 37613 ssh2
Apr 11 01:21:24 ovzhost sshd[1290]: pam_unix(sshd:auth): authentication failure; logname= uid=0 euid=0 tty=ssh ruser= rhost=43.255.190.185  user=root
Apr 11 01:21:26 ovzhost sshd[1290]: Failed password for root from 43.255.190.185 port 50221 ssh2
Apr 11 01:21:28 ovzhost sshd[1288]: message repeated 2 times: [ Failed password for root from 43.255.190.132 port 37613 ssh2]
Apr 11 01:21:29 ovzhost sshd[1288]: Received disconnect from 43.255.190.132: 11:  [preauth]
Apr 11 01:21:29 ovzhost sshd[1288]: PAM 2 more authentication failures; logname= uid=0 euid=0 tty=ssh ruser= rhost=43.255.190.132  user=root
Apr 11 01:21:30 ovzhost sshd[1292]: pam_unix(sshd:auth): authentication failure; logname= uid=0 euid=0 tty=ssh ruser= rhost=43.255.190.132  user=root
Apr 11 01:21:31 ovzhost sshd[1290]: message repeated 2 times: [ Failed password for root from 43.255.190.185 port 50221 ssh2]
Apr 11 01:21:31 ovzhost sshd[1290]: Received disconnect from 43.255.190.185: 11:  [preauth]
Apr 11 01:21:31 ovzhost sshd[1290]: PAM 2 more authentication failures; logname= uid=0 euid=0 tty=ssh ruser= rhost=43.255.190.185  user=root
Apr 11 01:21:31 ovzhost sshd[1294]: pam_unix(sshd:auth): authentication failure; logname= uid=0 euid=0 tty=ssh ruser= rhost=43.255.190.185  user=root
Apr 11 01:21:32 ovzhost sshd[1292]: Failed password for root from 43.255.190.132 port 38398 ssh2
Apr 11 01:21:33 ovzhost sshd[1294]: Failed password for root from 43.255.190.185 port 39256 ssh2
Apr 11 01:21:36 ovzhost sshd[1292]: message repeated 2 times: [ Failed password for root from 43.255.190.132 port 38398 ssh2]
Apr 11 01:21:36 ovzhost sshd[1292]: Received disconnect from 43.255.190.132: 11:  [preauth]
Apr 11 01:21:36 ovzhost sshd[1292]: PAM 2 more authentication failures; logname= uid=0 euid=0 tty=ssh ruser= rhost=43.255.190.132  user=root
Apr 11 01:21:37 ovzhost sshd[1296]: pam_unix(sshd:auth): authentication failure; logname= uid=0 euid=0 tty=ssh ruser= rhost=43.255.190.132  user=root
Apr 11 01:21:38 ovzhost sshd[1294]: message repeated 2 times: [ Failed password for root from 43.255.190.185 port 39256 ssh2]
Apr 11 01:21:38 ovzhost sshd[1294]: Received disconnect from 43.255.190.185: 11:  [preauth]
Apr 11 01:21:38 ovzhost sshd[1294]: PAM 2 more authentication failures; logname= uid=0 euid=0 tty=ssh ruser= rhost=43.255.190.185  user=root
Apr 11 01:21:39 ovzhost sshd[1298]: pam_unix(sshd:auth): authentication failure; logname= uid=0 euid=0 tty=ssh ruser= rhost=43.255.190.185  user=root
Apr 11 01:21:39 ovzhost sshd[1296]: Failed password for root from 43.255.190.132 port 36764 ssh2
Apr 11 01:21:41 ovzhost sshd[1298]: Failed password for root from 43.255.190.185 port 57199 ssh2
Apr 11 01:21:44 ovzhost sshd[1296]: message repeated 2 times: [ Failed password for root from 43.255.190.132 port 36764 ssh2]
Apr 11 01:21:44 ovzhost sshd[1296]: Received disconnect from 43.255.190.132: 11:  [preauth]
Apr 11 01:21:44 ovzhost sshd[1296]: PAM 2 more authentication failures; logname= uid=0 euid=0 tty=ssh ruser= rhost=43.255.190.132  user=root
Apr 11 01:21:45 ovzhost sshd[1300]: pam_unix(sshd:auth): authentication failure; logname= uid=0 euid=0 tty=ssh ruser= rhost=43.255.190.132  user=root
Apr 11 01:21:45 ovzhost sshd[1298]: message repeated 2 times: [ Failed password for root from 43.255.190.185 port 57199 ssh2]
Apr 11 01:21:45 ovzhost sshd[1298]: Received disconnect from 43.255.190.185: 11:  [preauth]
Apr 11 01:21:45 ovzhost sshd[1298]: PAM 2 more authentication failures; logname= uid=0 euid=0 tty=ssh ruser= rhost=43.255.190.185  user=root
Apr 11 01:21:47 ovzhost sshd[1300]: Failed password for root from 43.255.190.132 port 33646 ssh2
Apr 11 01:21:47 ovzhost sshd[1302]: pam_unix(sshd:auth): authentication failure; logname= uid=0 euid=0 tty=ssh ruser= rhost=43.255.190.185  user=root
Apr 11 01:21:49 ovzhost sshd[1302]: Failed password for root from 43.255.190.185 port 46115 ssh2
Apr 11 01:21:51 ovzhost sshd[1300]: message repeated 2 times: [ Failed password for root from 43.255.190.132 port 33646 ssh2]
Apr 11 01:21:51 ovzhost sshd[1300]: Received disconnect from 43.255.190.132: 11:  [preauth]
Apr 11 01:21:51 ovzhost sshd[1300]: PAM 2 more authentication failures; logname= uid=0 euid=0 tty=ssh ruser= rhost=43.255.190.132  user=root
Apr 11 01:21:52 ovzhost sshd[1305]: pam_unix(sshd:auth): authentication failure; logname= uid=0 euid=0 tty=ssh ruser= rhost=43.255.190.132  user=root
Apr 11 01:21:53 ovzhost sshd[1302]: message repeated 2 times: [ Failed password for root from 43.255.190.185 port 46115 ssh2]
Apr 11 01:21:53 ovzhost sshd[1302]: Received disconnect from 43.255.190.185: 11:  [preauth]
Apr 11 01:21:53 ovzhost sshd[1302]: PAM 2 more authentication failures; logname= uid=0 euid=0 tty=ssh ruser= rhost=43.255.190.185  user=root
Apr 11 01:21:54 ovzhost sshd[1305]: Failed password for root from 43.255.190.132 port 58997 ssh2
Apr 11 01:21:55 ovzhost sshd[1307]: pam_unix(sshd:auth): authentication failure; logname= uid=0 euid=0 tty=ssh ruser= rhost=43.255.190.185  user=root
Apr 11 01:21:56 ovzhost sshd[1307]: Failed password for root from 43.255.190.185 port 36865 ssh2
Apr 11 01:21:58 ovzhost sshd[1305]: message repeated 2 times: [ Failed password for root from 43.255.190.132 port 58997 ssh2]
Apr 11 01:21:58 ovzhost sshd[1305]: Received disconnect from 43.255.190.132: 11:  [preauth]
Apr 11 01:21:58 ovzhost sshd[1305]: PAM 2 more authentication failures; logname= uid=0 euid=0 tty=ssh ruser= rhost=43.255.190.132  user=root
