Mar 31 17:16:56 ovzhost sudo:     root : unable to resolve host ovzhost
Mar 31 17:16:56 ovzhost sudo:     root : TTY=pts/0 ; PWD=/ ; USER=root ; COMMAND=/usr/bin/less /root/.bash_history
Mar 31 17:16:56 ovzhost sudo: pam_unix(sudo:session): session opened for user root by (uid=0)
Mar 31 17:16:57 ovzhost sudo: pam_unix(sudo:session): session closed for user root
Apr  2 14:31:13 ovzhost sshd[419]: Server listening on 0.0.0.0 port 22.
Apr  2 14:31:13 ovzhost sshd[419]: Server listening on :: port 22.
Apr  2 14:31:13 ovzhost saslauthd[637]: detach_tty      : master pid is: 637
Apr  2 14:31:13 ovzhost saslauthd[637]: ipc_init        : listening on socket: /var/run/saslauthd/mux
Apr  2 14:33:26 ovzhost sshd[797]: Connection closed by 127.0.0.1 [preauth]
Apr 11 14:35:37 ovzhost sshd[688]: pam_unix(sshd:auth): authentication failure; logname= uid=0 euid=0 tty=ssh ruser= rhost=43.255.190.173  user=root
Apr 11 14:35:39 ovzhost sshd[688]: Failed password for root from 43.255.190.173 port 39578 ssh2
Apr 11 14:35:39 ovzhost sshd[757]: pam_unix(sshd:auth): authentication failure; logname= uid=0 euid=0 tty=ssh ruser= rhost=43.255.190.138  user=root
Apr 11 14:35:41 ovzhost sshd[757]: Failed password for root from 43.255.190.138 port 32934 ssh2
Apr 11 14:35:42 ovzhost sshd[688]: message repeated 2 times: [ Failed password for root from 43.255.190.173 port 39578 ssh2]
Apr 11 14:35:43 ovzhost sshd[688]: Received disconnect from 43.255.190.173: 11:  [preauth]
Apr 11 14:35:43 ovzhost sshd[688]: PAM 2 more authentication failures; logname= uid=0 euid=0 tty=ssh ruser= rhost=43.255.190.173  user=root
Apr 11 14:35:43 ovzhost sshd[781]: pam_unix(sshd:auth): authentication failure; logname= uid=0 euid=0 tty=ssh ruser= rhost=43.255.190.173  user=root
Apr 11 14:35:45 ovzhost sshd[781]: Failed password for root from 43.255.190.173 port 58407 ssh2
Apr 11 14:35:45 ovzhost sshd[757]: message repeated 2 times: [ Failed password for root from 43.255.190.138 port 32934 ssh2]
Apr 11 14:35:45 ovzhost sshd[757]: Received disconnect from 43.255.190.138: 11:  [preauth]
Apr 11 14:35:45 ovzhost sshd[757]: PAM 2 more authentication failures; logname= uid=0 euid=0 tty=ssh ruser= rhost=43.255.190.138  user=root
Apr 11 14:35:46 ovzhost sshd[783]: pam_unix(sshd:auth): authentication failure; logname= uid=0 euid=0 tty=ssh ruser= rhost=43.255.190.138  user=root
Apr 11 14:35:48 ovzhost sshd[783]: Failed password for root from 43.255.190.138 port 47687 ssh2
Apr 11 14:35:50 ovzhost sshd[781]: message repeated 2 times: [ Failed password for root from 43.255.190.173 port 58407 ssh2]
Apr 11 14:35:50 ovzhost sshd[781]: Received disconnect from 43.255.190.173: 11:  [preauth]
Apr 11 14:35:50 ovzhost sshd[781]: PAM 2 more authentication failures; logname= uid=0 euid=0 tty=ssh ruser= rhost=43.255.190.173  user=root
Apr 11 14:35:50 ovzhost sshd[785]: pam_unix(sshd:auth): authentication failure; logname= uid=0 euid=0 tty=ssh ruser= rhost=43.255.190.173  user=root
Apr 11 14:35:51 ovzhost sshd[783]: message repeated 2 times: [ Failed password for root from 43.255.190.138 port 47687 ssh2]
Apr 11 14:35:51 ovzhost sshd[783]: Received disconnect from 43.255.190.138: 11:  [preauth]
Apr 11 14:35:51 ovzhost sshd[783]: PAM 2 more authentication failures; logname= uid=0 euid=0 tty=ssh ruser= rhost=43.255.190.138  user=root
Apr 11 14:35:51 ovzhost sshd[785]: Failed password for root from 43.255.190.173 port 45704 ssh2
Apr 11 14:35:52 ovzhost sshd[787]: pam_unix(sshd:auth): authentication failure; logname= uid=0 euid=0 tty=ssh ruser= rhost=43.255.190.138  user=root
Apr 11 14:35:53 ovzhost sshd[787]: Failed password for root from 43.255.190.138 port 58138 ssh2
Apr 11 14:35:55 ovzhost sshd[785]: message repeated 2 times: [ Failed password for root from 43.255.190.173 port 45704 ssh2]
Apr 11 14:35:55 ovzhost sshd[785]: Received disconnect from 43.255.190.173: 11:  [preauth]
Apr 11 14:35:55 ovzhost sshd[785]: PAM 2 more authentication failures; logname= uid=0 euid=0 tty=ssh ruser= rhost=43.255.190.173  user=root
Apr 11 14:35:56 ovzhost sshd[789]: pam_unix(sshd:auth): authentication failure; logname= uid=0 euid=0 tty=ssh ruser= rhost=43.255.190.173  user=root
Apr 11 14:35:57 ovzhost sshd[787]: message repeated 2 times: [ Failed password for root from 43.255.190.138 port 58138 ssh2]
Apr 11 14:35:57 ovzhost sshd[787]: Received disconnect from 43.255.190.138: 11:  [preauth]
Apr 11 14:35:57 ovzhost sshd[787]: PAM 2 more authentication failures; logname= uid=0 euid=0 tty=ssh ruser= rhost=43.255.190.138  user=root
Apr 11 14:35:57 ovzhost sshd[789]: Failed password for root from 43.255.190.173 port 57247 ssh2
Apr 11 14:35:58 ovzhost sshd[792]: pam_unix(sshd:auth): authentication failure; logname= uid=0 euid=0 tty=ssh ruser= rhost=43.255.190.138  user=root
Apr 11 14:36:00 ovzhost sshd[792]: Failed password for root from 43.255.190.138 port 40985 ssh2
Apr 11 14:36:01 ovzhost sshd[789]: message repeated 2 times: [ Failed password for root from 43.255.190.173 port 57247 ssh2]
Apr 11 14:36:01 ovzhost sshd[789]: Received disconnect from 43.255.190.173: 11:  [preauth]
Apr 11 14:36:01 ovzhost sshd[789]: PAM 2 more authentication failures; logname= uid=0 euid=0 tty=ssh ruser= rhost=43.255.190.173  user=root
Apr 11 14:36:02 ovzhost sshd[794]: pam_unix(sshd:auth): authentication failure; logname= uid=0 euid=0 tty=ssh ruser= rhost=43.255.190.173  user=root
Apr 11 14:36:03 ovzhost sshd[792]: message repeated 2 times: [ Failed password for root from 43.255.190.138 port 40985 ssh2]
Apr 11 14:36:03 ovzhost sshd[792]: Received disconnect from 43.255.190.138: 11:  [preauth]
Apr 11 14:36:03 ovzhost sshd[792]: PAM 2 more authentication failures; logname= uid=0 euid=0 tty=ssh ruser= rhost=43.255.190.138  user=root
Apr 11 14:36:03 ovzhost sshd[794]: Failed password for root from 43.255.190.173 port 41885 ssh2
Apr 11 14:36:04 ovzhost sshd[796]: pam_unix(sshd:auth): authentication failure; logname= uid=0 euid=0 tty=ssh ruser= rhost=43.255.190.138  user=root
Apr 11 14:36:06 ovzhost sshd[796]: Failed password for root from 43.255.190.138 port 51927 ssh2
Apr 11 14:36:07 ovzhost sshd[794]: message repeated 2 times: [ Failed password for root from 43.255.190.173 port 41885 ssh2]
Apr 11 14:36:07 ovzhost sshd[794]: Received disconnect from 43.255.190.173: 11:  [preauth]
Apr 11 14:36:07 ovzhost sshd[794]: PAM 2 more authentication failures; logname= uid=0 euid=0 tty=ssh ruser= rhost=43.255.190.173  user=root
Apr 11 14:36:07 ovzhost sshd[798]: pam_unix(sshd:auth): authentication failure; logname= uid=0 euid=0 tty=ssh ruser= rhost=43.255.190.173  user=root
Apr 11 14:36:09 ovzhost sshd[796]: message repeated 2 times: [ Failed password for root from 43.255.190.138 port 51927 ssh2]
Apr 11 14:36:09 ovzhost sshd[796]: Received disconnect from 43.255.190.138: 11:  [preauth]
Apr 11 14:36:09 ovzhost sshd[796]: PAM 2 more authentication failures; logname= uid=0 euid=0 tty=ssh ruser= rhost=43.255.190.138  user=root
Apr 11 14:36:10 ovzhost sshd[798]: Failed password for root from 43.255.190.173 port 54226 ssh2
Apr 11 14:36:10 ovzhost sshd[800]: pam_unix(sshd:auth): authentication failure; logname= uid=0 euid=0 tty=ssh ruser= rhost=43.255.190.138  user=root
Apr 11 14:36:12 ovzhost sshd[800]: Failed password for root from 43.255.190.138 port 35568 ssh2
Apr 11 14:36:14 ovzhost sshd[798]: message repeated 2 times: [ Failed password for root from 43.255.190.173 port 54226 ssh2]
Apr 11 14:36:14 ovzhost sshd[798]: Received disconnect from 43.255.190.173: 11:  [preauth]
Apr 11 14:36:14 ovzhost sshd[798]: PAM 2 more authentication failures; logname= uid=0 euid=0 tty=ssh ruser= rhost=43.255.190.173  user=root
Apr 11 14:36:15 ovzhost sshd[802]: pam_unix(sshd:auth): authentication failure; logname= uid=0 euid=0 tty=ssh ruser= rhost=43.255.190.173  user=root
Apr 11 14:36:16 ovzhost sshd[800]: message repeated 2 times: [ Failed password for root from 43.255.190.138 port 35568 ssh2]
Apr 11 14:36:16 ovzhost sshd[800]: Received disconnect from 43.255.190.138: 11:  [preauth]
Apr 11 14:36:16 ovzhost sshd[800]: PAM 2 more authentication failures; logname= uid=0 euid=0 tty=ssh ruser= rhost=43.255.190.138  user=root
Apr 11 14:36:16 ovzhost sshd[802]: Failed password for root from 43.255.190.173 port 41253 ssh2
Apr 11 14:36:16 ovzhost sshd[804]: pam_unix(sshd:auth): authentication failure; logname= uid=0 euid=0 tty=ssh ruser= rhost=43.255.190.138  user=root
Apr 11 14:36:18 ovzhost sshd[804]: Failed password for root from 43.255.190.138 port 47088 ssh2
Apr 11 14:36:20 ovzhost sshd[802]: message repeated 2 times: [ Failed password for root from 43.255.190.173 port 41253 ssh2]
Apr 11 14:36:20 ovzhost sshd[802]: Received disconnect from 43.255.190.173: 11:  [preauth]
Apr 11 14:36:20 ovzhost sshd[802]: PAM 2 more authentication failures; logname= uid=0 euid=0 tty=ssh ruser= rhost=43.255.190.173  user=root
Apr 11 14:36:21 ovzhost sshd[806]: pam_unix(sshd:auth): authentication failure; logname= uid=0 euid=0 tty=ssh ruser= rhost=43.255.190.173  user=root
Apr 11 14:36:22 ovzhost sshd[804]: message repeated 2 times: [ Failed password for root from 43.255.190.138 port 47088 ssh2]
Apr 11 14:36:22 ovzhost sshd[804]: Received disconnect from 43.255.190.138: 11:  [preauth]
Apr 11 14:36:22 ovzhost sshd[804]: PAM 2 more authentication failures; logname= uid=0 euid=0 tty=ssh ruser= rhost=43.255.190.138  user=root
Apr 11 14:36:23 ovzhost sshd[806]: Failed password for root from 43.255.190.173 port 55420 ssh2
Apr 11 14:36:23 ovzhost sshd[810]: pam_unix(sshd:auth): authentication failure; logname= uid=0 euid=0 tty=ssh ruser= rhost=43.255.190.138  user=root
Apr 11 14:36:25 ovzhost sshd[810]: Failed password for root from 43.255.190.138 port 59962 ssh2
Apr 11 14:36:28 ovzhost sshd[806]: message repeated 2 times: [ Failed password for root from 43.255.190.173 port 55420 ssh2]
Apr 11 14:36:28 ovzhost sshd[806]: Received disconnect from 43.255.190.173: 11:  [preauth]
Apr 11 14:36:28 ovzhost sshd[806]: PAM 2 more authentication failures; logname= uid=0 euid=0 tty=ssh ruser= rhost=43.255.190.173  user=root
Apr 11 14:36:28 ovzhost sshd[812]: pam_unix(sshd:auth): authentication failure; logname= uid=0 euid=0 tty=ssh ruser= rhost=43.255.190.173  user=root
Apr 11 14:36:29 ovzhost sshd[810]: message repeated 2 times: [ Failed password for root from 43.255.190.138 port 59962 ssh2]
Apr 11 14:36:29 ovzhost sshd[810]: Received disconnect from 43.255.190.138: 11:  [preauth]
Apr 11 14:36:29 ovzhost sshd[810]: PAM 2 more authentication failures; logname= uid=0 euid=0 tty=ssh ruser= rhost=43.255.190.138  user=root
Apr 11 14:36:30 ovzhost sshd[814]: pam_unix(sshd:auth): authentication failure; logname= uid=0 euid=0 tty=ssh ruser= rhost=43.255.190.138  user=root
Apr 11 14:36:30 ovzhost sshd[812]: Failed password for root from 43.255.190.173 port 46256 ssh2
Apr 11 14:36:32 ovzhost sshd[814]: Failed password for root from 43.255.190.138 port 48549 ssh2
Apr 11 14:36:34 ovzhost sshd[812]: message repeated 2 times: [ Failed password for root from 43.255.190.173 port 46256 ssh2]
Apr 11 14:36:34 ovzhost sshd[812]: Received disconnect from 43.255.190.173: 11:  [preauth]
Apr 11 14:36:34 ovzhost sshd[812]: PAM 2 more authentication failures; logname= uid=0 euid=0 tty=ssh ruser= rhost=43.255.190.173  user=root
Apr 11 14:36:35 ovzhost sshd[816]: pam_unix(sshd:auth): authentication failure; logname= uid=0 euid=0 tty=ssh ruser= rhost=43.255.190.173  user=root
Apr 11 14:36:36 ovzhost sshd[814]: message repeated 2 times: [ Failed password for root from 43.255.190.138 port 48549 ssh2]
Apr 11 14:36:36 ovzhost sshd[814]: Received disconnect from 43.255.190.138: 11:  [preauth]
Apr 11 14:36:36 ovzhost sshd[814]: PAM 2 more authentication failures; logname= uid=0 euid=0 tty=ssh ruser= rhost=43.255.190.138  user=root
Apr 11 14:36:37 ovzhost sshd[816]: Failed password for root from 43.255.190.173 port 34771 ssh2
Apr 11 14:36:37 ovzhost sshd[818]: pam_unix(sshd:auth): authentication failure; logname= uid=0 euid=0 tty=ssh ruser= rhost=43.255.190.138  user=root
Apr 11 14:36:39 ovzhost sshd[818]: Failed password for root from 43.255.190.138 port 36284 ssh2
Apr 11 14:36:41 ovzhost sshd[816]: message repeated 2 times: [ Failed password for root from 43.255.190.173 port 34771 ssh2]
Apr 11 14:36:41 ovzhost sshd[816]: Received disconnect from 43.255.190.173: 11:  [preauth]
Apr 11 14:36:41 ovzhost sshd[816]: PAM 2 more authentication failures; logname= uid=0 euid=0 tty=ssh ruser= rhost=43.255.190.173  user=root
Apr 11 14:36:41 ovzhost sshd[820]: pam_unix(sshd:auth): authentication failure; logname= uid=0 euid=0 tty=ssh ruser= rhost=43.255.190.173  user=root
Apr 11 14:36:43 ovzhost sshd[818]: message repeated 2 times: [ Failed password for root from 43.255.190.138 port 36284 ssh2]
Apr 11 14:36:43 ovzhost sshd[818]: Received disconnect from 43.255.190.138: 11:  [preauth]
Apr 11 14:36:43 ovzhost sshd[818]: PAM 2 more authentication failures; logname= uid=0 euid=0 tty=ssh ruser= rhost=43.255.190.138  user=root
Apr 11 14:36:44 ovzhost sshd[820]: Failed password for root from 43.255.190.173 port 51106 ssh2
Apr 11 14:36:44 ovzhost sshd[822]: pam_unix(sshd:auth): authentication failure; logname= uid=0 euid=0 tty=ssh ruser= rhost=43.255.190.138  user=root
Apr 11 14:36:46 ovzhost sshd[822]: Failed password for root from 43.255.190.138 port 52265 ssh2
Apr 11 14:36:47 ovzhost sshd[820]: message repeated 2 times: [ Failed password for root from 43.255.190.173 port 51106 ssh2]
Apr 11 14:36:47 ovzhost sshd[820]: Received disconnect from 43.255.190.173: 11:  [preauth]
Apr 11 14:36:47 ovzhost sshd[820]: PAM 2 more authentication failures; logname= uid=0 euid=0 tty=ssh ruser= rhost=43.255.190.173  user=root
Apr 11 14:36:49 ovzhost sshd[822]: message repeated 2 times: [ Failed password for root from 43.255.190.138 port 52265 ssh2]
Apr 11 14:36:49 ovzhost sshd[822]: Received disconnect from 43.255.190.138: 11:  [preauth]
Apr 11 14:36:49 ovzhost sshd[822]: PAM 2 more authentication failures; logname= uid=0 euid=0 tty=ssh ruser= rhost=43.255.190.138  user=root
Apr 11 14:36:50 ovzhost sshd[824]: pam_unix(sshd:auth): authentication failure; logname= uid=0 euid=0 tty=ssh ruser= rhost=43.255.190.173  user=root
Apr 11 14:36:51 ovzhost sshd[826]: pam_unix(sshd:auth): authentication failure; logname= uid=0 euid=0 tty=ssh ruser= rhost=43.255.190.138  user=root
Apr 11 14:36:51 ovzhost sshd[829]: Connection closed by 127.0.0.1 [preauth]
Apr 11 14:36:52 ovzhost sshd[824]: Failed password for root from 43.255.190.173 port 39904 ssh2
Apr 11 14:36:52 ovzhost sshd[826]: Failed password for root from 43.255.190.138 port 38742 ssh2
Apr 11 14:36:56 ovzhost sshd[824]: message repeated 2 times: [ Failed password for root from 43.255.190.173 port 39904 ssh2]
Apr 11 14:36:56 ovzhost sshd[824]: Received disconnect from 43.255.190.173: 11:  [preauth]
Apr 11 14:36:56 ovzhost sshd[824]: PAM 2 more authentication failures; logname= uid=0 euid=0 tty=ssh ruser= rhost=43.255.190.173  user=root
Apr 11 14:36:57 ovzhost sshd[832]: pam_unix(sshd:auth): authentication failure; logname= uid=0 euid=0 tty=ssh ruser= rhost=43.255.190.173  user=root
Apr 11 14:36:57 ovzhost sshd[826]: message repeated 2 times: [ Failed password for root from 43.255.190.138 port 38742 ssh2]
Apr 11 14:36:57 ovzhost sshd[826]: Received disconnect from 43.255.190.138: 11:  [preauth]
Apr 11 14:36:57 ovzhost sshd[826]: PAM 2 more authentication failures; logname= uid=0 euid=0 tty=ssh ruser= rhost=43.255.190.138  user=root
Apr 11 14:36:58 ovzhost sshd[834]: pam_unix(sshd:auth): authentication failure; logname= uid=0 euid=0 tty=ssh ruser= rhost=43.255.190.138  user=root
Apr 11 14:36:58 ovzhost sshd[832]: Failed password for root from 43.255.190.173 port 60234 ssh2
Apr 11 14:36:59 ovzhost sshd[834]: Failed password for root from 43.255.190.138 port 55848 ssh2
Apr 11 14:37:03 ovzhost sshd[832]: message repeated 2 times: [ Failed password for root from 43.255.190.173 port 60234 ssh2]
Apr 11 14:37:03 ovzhost sshd[832]: Received disconnect from 43.255.190.173: 11:  [preauth]
Apr 11 14:37:03 ovzhost sshd[832]: PAM 2 more authentication failures; logname= uid=0 euid=0 tty=ssh ruser= rhost=43.255.190.173  user=root
Apr 11 14:37:03 ovzhost sshd[836]: pam_unix(sshd:auth): authentication failure; logname= uid=0 euid=0 tty=ssh ruser= rhost=43.255.190.173  user=root
Apr 11 14:37:03 ovzhost sshd[834]: message repeated 2 times: [ Failed password for root from 43.255.190.138 port 55848 ssh2]
Apr 11 14:37:03 ovzhost sshd[834]: Received disconnect from 43.255.190.138: 11:  [preauth]
Apr 11 14:37:03 ovzhost sshd[834]: PAM 2 more authentication failures; logname= uid=0 euid=0 tty=ssh ruser= rhost=43.255.190.138  user=root
Apr 11 14:37:04 ovzhost sshd[838]: pam_unix(sshd:auth): authentication failure; logname= uid=0 euid=0 tty=ssh ruser= rhost=43.255.190.138  user=root
Apr 11 14:37:05 ovzhost sshd[836]: Failed password for root from 43.255.190.173 port 48157 ssh2
Apr 11 14:37:06 ovzhost sshd[838]: Failed password for root from 43.255.190.138 port 41599 ssh2
Apr 11 14:37:09 ovzhost sshd[836]: message repeated 2 times: [ Failed password for root from 43.255.190.173 port 48157 ssh2]
Apr 11 14:37:09 ovzhost sshd[836]: Received disconnect from 43.255.190.173: 11:  [preauth]
Apr 11 14:37:09 ovzhost sshd[836]: PAM 2 more authentication failures; logname= uid=0 euid=0 tty=ssh ruser= rhost=43.255.190.173  user=root
Apr 11 14:37:10 ovzhost sshd[838]: message repeated 2 times: [ Failed password for root from 43.255.190.138 port 41599 ssh2]
Apr 11 14:37:10 ovzhost sshd[838]: Received disconnect from 43.255.190.138: 11:  [preauth]
Apr 11 14:37:10 ovzhost sshd[838]: PAM 2 more authentication failures; logname= uid=0 euid=0 tty=ssh ruser= rhost=43.255.190.138  user=root
Apr 11 14:37:10 ovzhost sshd[840]: pam_unix(sshd:auth): authentication failure; logname= uid=0 euid=0 tty=ssh ruser= rhost=43.255.190.173  user=root
Apr 11 14:37:10 ovzhost sshd[842]: pam_unix(sshd:auth): authentication failure; logname= uid=0 euid=0 tty=ssh ruser= rhost=43.255.190.138  user=root
Apr 11 14:37:12 ovzhost sshd[840]: Failed password for root from 43.255.190.173 port 33187 ssh2
Apr 11 14:37:12 ovzhost sshd[842]: Failed password for root from 43.255.190.138 port 53087 ssh2
Apr 11 14:37:17 ovzhost sshd[842]: message repeated 2 times: [ Failed password for root from 43.255.190.138 port 53087 ssh2]
Apr 11 14:37:17 ovzhost sshd[842]: Received disconnect from 43.255.190.138: 11:  [preauth]
Apr 11 14:37:17 ovzhost sshd[842]: PAM 2 more authentication failures; logname= uid=0 euid=0 tty=ssh ruser= rhost=43.255.190.138  user=root
Apr 11 14:37:16 ovzhost sshd[840]: message repeated 2 times: [ Failed password for root from 43.255.190.173 port 33187 ssh2]
Apr 11 14:37:17 ovzhost sshd[840]: Received disconnect from 43.255.190.173: 11:  [preauth]
Apr 11 14:37:17 ovzhost sshd[840]: PAM 2 more authentication failures; logname= uid=0 euid=0 tty=ssh ruser= rhost=43.255.190.173  user=root
Apr 11 14:37:18 ovzhost sshd[844]: pam_unix(sshd:auth): authentication failure; logname= uid=0 euid=0 tty=ssh ruser= rhost=43.255.190.138  user=root
Apr 11 14:37:18 ovzhost sshd[846]: pam_unix(sshd:auth): authentication failure; logname= uid=0 euid=0 tty=ssh ruser= rhost=43.255.190.173  user=root
Apr 11 14:37:20 ovzhost sshd[844]: Failed password for root from 43.255.190.138 port 37395 ssh2
Apr 11 14:37:20 ovzhost sshd[846]: Failed password for root from 43.255.190.173 port 47576 ssh2
Apr 11 14:37:23 ovzhost sshd[844]: message repeated 2 times: [ Failed password for root from 43.255.190.138 port 37395 ssh2]
Apr 11 14:37:23 ovzhost sshd[844]: Received disconnect from 43.255.190.138: 11:  [preauth]
Apr 11 14:37:23 ovzhost sshd[844]: PAM 2 more authentication failures; logname= uid=0 euid=0 tty=ssh ruser= rhost=43.255.190.138  user=root
Apr 11 14:37:23 ovzhost sshd[846]: message repeated 2 times: [ Failed password for root from 43.255.190.173 port 47576 ssh2]
Apr 11 14:37:23 ovzhost sshd[846]: Received disconnect from 43.255.190.173: 11:  [preauth]
Apr 11 14:37:23 ovzhost sshd[846]: PAM 2 more authentication failures; logname= uid=0 euid=0 tty=ssh ruser= rhost=43.255.190.173  user=root
Apr 11 14:37:23 ovzhost sshd[849]: pam_unix(sshd:auth): authentication failure; logname= uid=0 euid=0 tty=ssh ruser= rhost=43.255.190.138  user=root
Apr 11 14:37:24 ovzhost sshd[851]: pam_unix(sshd:auth): authentication failure; logname= uid=0 euid=0 tty=ssh ruser= rhost=43.255.190.173  user=root
Apr 11 14:37:25 ovzhost sshd[849]: Failed password for root from 43.255.190.138 port 49228 ssh2
Apr 11 14:37:26 ovzhost sshd[851]: Failed password for root from 43.255.190.173 port 60308 ssh2
Apr 11 14:37:30 ovzhost sshd[849]: message repeated 2 times: [ Failed password for root from 43.255.190.138 port 49228 ssh2]
Apr 11 14:37:30 ovzhost sshd[849]: Received disconnect from 43.255.190.138: 11:  [preauth]
Apr 11 14:37:30 ovzhost sshd[849]: PAM 2 more authentication failures; logname= uid=0 euid=0 tty=ssh ruser= rhost=43.255.190.138  user=root
Apr 11 14:37:30 ovzhost sshd[851]: message repeated 2 times: [ Failed password for root from 43.255.190.173 port 60308 ssh2]
Apr 11 14:37:30 ovzhost sshd[851]: Received disconnect from 43.255.190.173: 11:  [preauth]
Apr 11 14:37:30 ovzhost sshd[851]: PAM 2 more authentication failures; logname= uid=0 euid=0 tty=ssh ruser= rhost=43.255.190.173  user=root
Apr 11 14:37:30 ovzhost sshd[853]: pam_unix(sshd:auth): authentication failure; logname= uid=0 euid=0 tty=ssh ruser= rhost=43.255.190.138  user=root
Apr 11 14:37:31 ovzhost sshd[855]: pam_unix(sshd:auth): authentication failure; logname= uid=0 euid=0 tty=ssh ruser= rhost=43.255.190.173  user=root
Apr 11 14:37:33 ovzhost sshd[853]: Failed password for root from 43.255.190.138 port 33459 ssh2
Apr 11 14:37:33 ovzhost sshd[855]: Failed password for root from 43.255.190.173 port 45992 ssh2
Apr 11 14:37:36 ovzhost sshd[853]: message repeated 2 times: [ Failed password for root from 43.255.190.138 port 33459 ssh2]
Apr 11 14:37:36 ovzhost sshd[853]: Received disconnect from 43.255.190.138: 11:  [preauth]
Apr 11 14:37:36 ovzhost sshd[853]: PAM 2 more authentication failures; logname= uid=0 euid=0 tty=ssh ruser= rhost=43.255.190.138  user=root
Apr 11 14:37:37 ovzhost sshd[857]: pam_unix(sshd:auth): authentication failure; logname= uid=0 euid=0 tty=ssh ruser= rhost=43.255.190.138  user=root
Apr 11 14:37:37 ovzhost sshd[855]: message repeated 2 times: [ Failed password for root from 43.255.190.173 port 45992 ssh2]
Apr 11 14:37:37 ovzhost sshd[855]: Received disconnect from 43.255.190.173: 11:  [preauth]
Apr 11 14:37:37 ovzhost sshd[855]: PAM 2 more authentication failures; logname= uid=0 euid=0 tty=ssh ruser= rhost=43.255.190.173  user=root
Apr 11 14:37:38 ovzhost sshd[859]: pam_unix(sshd:auth): authentication failure; logname= uid=0 euid=0 tty=ssh ruser= rhost=43.255.190.173  user=root
Apr 11 14:37:39 ovzhost sshd[857]: Failed password for root from 43.255.190.138 port 45044 ssh2
Apr 11 14:37:40 ovzhost sshd[859]: Failed password for root from 43.255.190.173 port 60157 ssh2
Apr 11 14:37:43 ovzhost sshd[857]: message repeated 2 times: [ Failed password for root from 43.255.190.138 port 45044 ssh2]
Apr 11 14:37:43 ovzhost sshd[857]: Received disconnect from 43.255.190.138: 11:  [preauth]
Apr 11 14:37:43 ovzhost sshd[857]: PAM 2 more authentication failures; logname= uid=0 euid=0 tty=ssh ruser= rhost=43.255.190.138  user=root
Apr 11 14:37:44 ovzhost sshd[861]: pam_unix(sshd:auth): authentication failure; logname= uid=0 euid=0 tty=ssh ruser= rhost=43.255.190.138  user=root
Apr 11 14:37:44 ovzhost sshd[859]: message repeated 2 times: [ Failed password for root from 43.255.190.173 port 60157 ssh2]
Apr 11 14:37:44 ovzhost sshd[859]: Received disconnect from 43.255.190.173: 11:  [preauth]
Apr 11 14:37:44 ovzhost sshd[859]: PAM 2 more authentication failures; logname= uid=0 euid=0 tty=ssh ruser= rhost=43.255.190.173  user=root
Apr 11 14:37:45 ovzhost sshd[863]: pam_unix(sshd:auth): authentication failure; logname= uid=0 euid=0 tty=ssh ruser= rhost=43.255.190.173  user=root
Apr 11 14:37:45 ovzhost sshd[861]: Failed password for root from 43.255.190.138 port 60562 ssh2
Apr 11 14:37:47 ovzhost sshd[863]: Failed password for root from 43.255.190.173 port 48750 ssh2
Apr 11 14:37:50 ovzhost sshd[861]: message repeated 2 times: [ Failed password for root from 43.255.190.138 port 60562 ssh2]
Apr 11 14:37:50 ovzhost sshd[861]: Received disconnect from 43.255.190.138: 11:  [preauth]
Apr 11 14:37:50 ovzhost sshd[861]: PAM 2 more authentication failures; logname= uid=0 euid=0 tty=ssh ruser= rhost=43.255.190.138  user=root
Apr 11 14:37:50 ovzhost sshd[865]: pam_unix(sshd:auth): authentication failure; logname= uid=0 euid=0 tty=ssh ruser= rhost=43.255.190.138  user=root
Apr 11 14:37:52 ovzhost sshd[863]: message repeated 2 times: [ Failed password for root from 43.255.190.173 port 48750 ssh2]
Apr 11 14:37:52 ovzhost sshd[863]: Received disconnect from 43.255.190.173: 11:  [preauth]
Apr 11 14:37:52 ovzhost sshd[863]: PAM 2 more authentication failures; logname= uid=0 euid=0 tty=ssh ruser= rhost=43.255.190.173  user=root
Apr 11 14:37:52 ovzhost sshd[865]: Failed password for root from 43.255.190.138 port 46979 ssh2
Apr 11 14:37:53 ovzhost sshd[869]: pam_unix(sshd:auth): authentication failure; logname= uid=0 euid=0 tty=ssh ruser= rhost=43.255.190.173  user=root
Apr 11 14:37:54 ovzhost sshd[869]: Failed password for root from 43.255.190.173 port 39242 ssh2
Apr 11 14:37:57 ovzhost sshd[865]: message repeated 2 times: [ Failed password for root from 43.255.190.138 port 46979 ssh2]
Apr 11 14:37:57 ovzhost sshd[865]: Received disconnect from 43.255.190.138: 11:  [preauth]
Apr 11 14:37:57 ovzhost sshd[865]: PAM 2 more authentication failures; logname= uid=0 euid=0 tty=ssh ruser= rhost=43.255.190.138  user=root
Apr 11 14:37:57 ovzhost sshd[872]: pam_unix(sshd:auth): authentication failure; logname= uid=0 euid=0 tty=ssh ruser= rhost=43.255.190.138  user=root
Apr 11 14:37:59 ovzhost sshd[869]: message repeated 2 times: [ Failed password for root from 43.255.190.173 port 39242 ssh2]
Apr 11 14:37:59 ovzhost sshd[869]: Received disconnect from 43.255.190.173: 11:  [preauth]
Apr 11 14:37:59 ovzhost sshd[869]: PAM 2 more authentication failures; logname= uid=0 euid=0 tty=ssh ruser= rhost=43.255.190.173  user=root
Apr 11 14:38:00 ovzhost sshd[872]: Failed password for root from 43.255.190.138 port 34890 ssh2
Apr 11 14:38:00 ovzhost sshd[874]: pam_unix(sshd:auth): authentication failure; logname= uid=0 euid=0 tty=ssh ruser= rhost=43.255.190.173  user=root
Apr 11 14:38:02 ovzhost sshd[874]: Failed password for root from 43.255.190.173 port 55813 ssh2
Apr 11 14:38:04 ovzhost sshd[872]: message repeated 2 times: [ Failed password for root from 43.255.190.138 port 34890 ssh2]
Apr 11 14:38:04 ovzhost sshd[872]: Received disconnect from 43.255.190.138: 11:  [preauth]
Apr 11 14:38:04 ovzhost sshd[872]: PAM 2 more authentication failures; logname= uid=0 euid=0 tty=ssh ruser= rhost=43.255.190.138  user=root
Apr 11 14:38:05 ovzhost sshd[874]: message repeated 2 times: [ Failed password for root from 43.255.190.173 port 55813 ssh2]
Apr 11 14:38:06 ovzhost sshd[874]: Received disconnect from 43.255.190.173: 11:  [preauth]
Apr 11 14:38:06 ovzhost sshd[874]: PAM 2 more authentication failures; logname= uid=0 euid=0 tty=ssh ruser= rhost=43.255.190.173  user=root
Apr 11 14:38:06 ovzhost sshd[876]: pam_unix(sshd:auth): authentication failure; logname= uid=0 euid=0 tty=ssh ruser= rhost=43.255.190.138  user=root
Apr 11 14:38:07 ovzhost sshd[878]: pam_unix(sshd:auth): authentication failure; logname= uid=0 euid=0 tty=ssh ruser= rhost=43.255.190.173  user=root
Apr 11 14:38:08 ovzhost sshd[876]: Failed password for root from 43.255.190.138 port 48894 ssh2
Apr 11 14:38:09 ovzhost sshd[878]: Failed password for root from 43.255.190.173 port 39601 ssh2
Apr 11 14:38:13 ovzhost sshd[876]: message repeated 2 times: [ Failed password for root from 43.255.190.138 port 48894 ssh2]
Apr 11 14:38:13 ovzhost sshd[876]: Received disconnect from 43.255.190.138: 11:  [preauth]
Apr 11 14:38:13 ovzhost sshd[876]: PAM 2 more authentication failures; logname= uid=0 euid=0 tty=ssh ruser= rhost=43.255.190.138  user=root
Apr 11 14:38:13 ovzhost sshd[880]: pam_unix(sshd:auth): authentication failure; logname= uid=0 euid=0 tty=ssh ruser= rhost=43.255.190.138  user=root
Apr 11 14:38:14 ovzhost sshd[878]: message repeated 2 times: [ Failed password for root from 43.255.190.173 port 39601 ssh2]
Apr 11 14:38:14 ovzhost sshd[878]: Received disconnect from 43.255.190.173: 11:  [preauth]
Apr 11 14:38:14 ovzhost sshd[878]: PAM 2 more authentication failures; logname= uid=0 euid=0 tty=ssh ruser= rhost=43.255.190.173  user=root
Apr 11 14:38:14 ovzhost sshd[882]: pam_unix(sshd:auth): authentication failure; logname= uid=0 euid=0 tty=ssh ruser= rhost=43.255.190.173  user=root
Apr 11 14:38:16 ovzhost sshd[880]: Failed password for root from 43.255.190.138 port 37056 ssh2
Apr 11 14:38:16 ovzhost sshd[882]: Failed password for root from 43.255.190.173 port 55066 ssh2
Apr 11 14:38:20 ovzhost sshd[880]: message repeated 2 times: [ Failed password for root from 43.255.190.138 port 37056 ssh2]
Apr 11 14:38:20 ovzhost sshd[880]: Received disconnect from 43.255.190.138: 11:  [preauth]
Apr 11 14:38:20 ovzhost sshd[880]: PAM 2 more authentication failures; logname= uid=0 euid=0 tty=ssh ruser= rhost=43.255.190.138  user=root
Apr 11 14:38:20 ovzhost sshd[882]: message repeated 2 times: [ Failed password for root from 43.255.190.173 port 55066 ssh2]
Apr 11 14:38:20 ovzhost sshd[882]: Received disconnect from 43.255.190.173: 11:  [preauth]
Apr 11 14:38:20 ovzhost sshd[882]: PAM 2 more authentication failures; logname= uid=0 euid=0 tty=ssh ruser= rhost=43.255.190.173  user=root
Apr 11 14:38:20 ovzhost sshd[884]: pam_unix(sshd:auth): authentication failure; logname= uid=0 euid=0 tty=ssh ruser= rhost=43.255.190.138  user=root
Apr 11 14:38:20 ovzhost sshd[886]: pam_unix(sshd:auth): authentication failure; logname= uid=0 euid=0 tty=ssh ruser= rhost=43.255.190.173  user=root
Apr 11 14:38:22 ovzhost sshd[884]: Failed password for root from 43.255.190.138 port 50750 ssh2
Apr 11 14:38:23 ovzhost sshd[886]: Failed password for root from 43.255.190.173 port 40247 ssh2
Apr 11 14:38:27 ovzhost sshd[884]: message repeated 2 times: [ Failed password for root from 43.255.190.138 port 50750 ssh2]
Apr 11 14:38:27 ovzhost sshd[884]: Received disconnect from 43.255.190.138: 11:  [preauth]
Apr 11 14:38:27 ovzhost sshd[884]: PAM 2 more authentication failures; logname= uid=0 euid=0 tty=ssh ruser= rhost=43.255.190.138  user=root
Apr 11 14:38:27 ovzhost sshd[886]: message repeated 2 times: [ Failed password for root from 43.255.190.173 port 40247 ssh2]
Apr 11 14:38:27 ovzhost sshd[886]: Received disconnect from 43.255.190.173: 11:  [preauth]
Apr 11 14:38:27 ovzhost sshd[886]: PAM 2 more authentication failures; logname= uid=0 euid=0 tty=ssh ruser= rhost=43.255.190.173  user=root
Apr 11 14:38:29 ovzhost sshd[890]: pam_unix(sshd:auth): authentication failure; logname= uid=0 euid=0 tty=ssh ruser= rhost=43.255.190.138  user=root
Apr 11 14:38:30 ovzhost sshd[892]: pam_unix(sshd:auth): authentication failure; logname= uid=0 euid=0 tty=ssh ruser= rhost=43.255.190.173  user=root
Apr 11 14:38:31 ovzhost sshd[890]: Failed password for root from 43.255.190.138 port 35810 ssh2
Apr 11 14:38:33 ovzhost sshd[892]: Failed password for root from 43.255.190.173 port 54531 ssh2
Apr 11 14:38:35 ovzhost sshd[890]: message repeated 2 times: [ Failed password for root from 43.255.190.138 port 35810 ssh2]
Apr 11 14:38:35 ovzhost sshd[890]: Received disconnect from 43.255.190.138: 11:  [preauth]
Apr 11 14:38:35 ovzhost sshd[890]: PAM 2 more authentication failures; logname= uid=0 euid=0 tty=ssh ruser= rhost=43.255.190.138  user=root
Apr 11 14:38:36 ovzhost sshd[896]: pam_unix(sshd:auth): authentication failure; logname= uid=0 euid=0 tty=ssh ruser= rhost=43.255.190.138  user=root
Apr 11 14:38:37 ovzhost sshd[892]: message repeated 2 times: [ Failed password for root from 43.255.190.173 port 54531 ssh2]
Apr 11 14:38:37 ovzhost sshd[892]: Received disconnect from 43.255.190.173: 11:  [preauth]
Apr 11 14:38:37 ovzhost sshd[892]: PAM 2 more authentication failures; logname= uid=0 euid=0 tty=ssh ruser= rhost=43.255.190.173  user=root
Apr 11 14:38:37 ovzhost sshd[898]: pam_unix(sshd:auth): authentication failure; logname= uid=0 euid=0 tty=ssh ruser= rhost=43.255.190.173  user=root
Apr 11 14:38:38 ovzhost sshd[896]: Failed password for root from 43.255.190.138 port 49871 ssh2
Apr 11 14:38:40 ovzhost sshd[898]: Failed password for root from 43.255.190.173 port 43719 ssh2
Apr 11 14:38:42 ovzhost sshd[896]: message repeated 2 times: [ Failed password for root from 43.255.190.138 port 49871 ssh2]
Apr 11 14:38:42 ovzhost sshd[896]: Received disconnect from 43.255.190.138: 11:  [preauth]
Apr 11 14:38:42 ovzhost sshd[896]: PAM 2 more authentication failures; logname= uid=0 euid=0 tty=ssh ruser= rhost=43.255.190.138  user=root
Apr 11 14:38:43 ovzhost sshd[900]: pam_unix(sshd:auth): authentication failure; logname= uid=0 euid=0 tty=ssh ruser= rhost=43.255.190.138  user=root
Apr 11 14:38:44 ovzhost sshd[898]: message repeated 2 times: [ Failed password for root from 43.255.190.173 port 43719 ssh2]
Apr 11 14:38:44 ovzhost sshd[898]: Received disconnect from 43.255.190.173: 11:  [preauth]
Apr 11 14:38:44 ovzhost sshd[898]: PAM 2 more authentication failures; logname= uid=0 euid=0 tty=ssh ruser= rhost=43.255.190.173  user=root
Apr 11 14:38:45 ovzhost sshd[902]: pam_unix(sshd:auth): authentication failure; logname= uid=0 euid=0 tty=ssh ruser= rhost=43.255.190.173  user=root
Apr 11 14:38:45 ovzhost sshd[900]: Failed password for root from 43.255.190.138 port 38307 ssh2
Apr 11 14:38:47 ovzhost sshd[902]: Failed password for root from 43.255.190.173 port 33032 ssh2
Apr 11 14:38:49 ovzhost sshd[900]: message repeated 2 times: [ Failed password for root from 43.255.190.138 port 38307 ssh2]
Apr 11 14:38:49 ovzhost sshd[900]: Received disconnect from 43.255.190.138: 11:  [preauth]
Apr 11 14:38:49 ovzhost sshd[900]: PAM 2 more authentication failures; logname= uid=0 euid=0 tty=ssh ruser= rhost=43.255.190.138  user=root
Apr 11 14:38:50 ovzhost sshd[906]: pam_unix(sshd:auth): authentication failure; logname= uid=0 euid=0 tty=ssh ruser= rhost=43.255.190.138  user=root
Apr 11 14:38:51 ovzhost sshd[902]: message repeated 2 times: [ Failed password for root from 43.255.190.173 port 33032 ssh2]
Apr 11 14:38:51 ovzhost sshd[902]: Received disconnect from 43.255.190.173: 11:  [preauth]
Apr 11 14:38:51 ovzhost sshd[902]: PAM 2 more authentication failures; logname= uid=0 euid=0 tty=ssh ruser= rhost=43.255.190.173  user=root
Apr 11 14:38:52 ovzhost sshd[906]: Failed password for root from 43.255.190.138 port 54485 ssh2
Apr 11 14:38:52 ovzhost sshd[908]: pam_unix(sshd:auth): authentication failure; logname= uid=0 euid=0 tty=ssh ruser= rhost=43.255.190.173  user=root
Apr 11 14:38:54 ovzhost sshd[908]: Failed password for root from 43.255.190.173 port 49930 ssh2
Apr 11 14:38:56 ovzhost sshd[906]: message repeated 2 times: [ Failed password for root from 43.255.190.138 port 54485 ssh2]
Apr 11 14:38:56 ovzhost sshd[906]: Received disconnect from 43.255.190.138: 11:  [preauth]
Apr 11 14:38:56 ovzhost sshd[906]: PAM 2 more authentication failures; logname= uid=0 euid=0 tty=ssh ruser= rhost=43.255.190.138  user=root
Apr 11 14:38:57 ovzhost sshd[913]: pam_unix(sshd:auth): authentication failure; logname= uid=0 euid=0 tty=ssh ruser= rhost=43.255.190.138  user=root
Apr 11 14:38:59 ovzhost sshd[908]: message repeated 2 times: [ Failed password for root from 43.255.190.173 port 49930 ssh2]
Apr 11 14:38:59 ovzhost sshd[908]: Received disconnect from 43.255.190.173: 11:  [preauth]
Apr 11 14:38:59 ovzhost sshd[908]: PAM 2 more authentication failures; logname= uid=0 euid=0 tty=ssh ruser= rhost=43.255.190.173  user=root
Apr 11 14:38:59 ovzhost sshd[913]: Failed password for root from 43.255.190.138 port 40007 ssh2
Apr 11 14:38:59 ovzhost sshd[915]: pam_unix(sshd:auth): authentication failure; logname= uid=0 euid=0 tty=ssh ruser= rhost=43.255.190.173  user=root
Apr 11 14:39:01 ovzhost CRON[917]: pam_env(cron:session): Unable to open env file: /etc/default/locale: No such file or directory
Apr 11 14:39:01 ovzhost CRON[917]: pam_unix(cron:session): session opened for user root by (uid=0)
Apr 11 14:39:01 ovzhost CRON[917]: pam_unix(cron:session): session closed for user root
Apr 11 14:39:02 ovzhost sshd[915]: Failed password for root from 43.255.190.173 port 36872 ssh2
Apr 11 14:39:04 ovzhost sshd[913]: message repeated 2 times: [ Failed password for root from 43.255.190.138 port 40007 ssh2]
Apr 11 14:39:04 ovzhost sshd[913]: Received disconnect from 43.255.190.138: 11:  [preauth]
Apr 11 14:39:04 ovzhost sshd[913]: PAM 2 more authentication failures; logname= uid=0 euid=0 tty=ssh ruser= rhost=43.255.190.138  user=root
Apr 11 14:39:04 ovzhost sshd[928]: pam_unix(sshd:auth): authentication failure; logname= uid=0 euid=0 tty=ssh ruser= rhost=43.255.190.138  user=root
Apr 11 14:39:06 ovzhost sshd[915]: message repeated 2 times: [ Failed password for root from 43.255.190.173 port 36872 ssh2]
Apr 11 14:39:06 ovzhost sshd[915]: Received disconnect from 43.255.190.173: 11:  [preauth]
Apr 11 14:39:06 ovzhost sshd[915]: PAM 2 more authentication failures; logname= uid=0 euid=0 tty=ssh ruser= rhost=43.255.190.173  user=root
Apr 11 14:39:07 ovzhost sshd[928]: Failed password for root from 43.255.190.138 port 52662 ssh2
Apr 11 14:39:07 ovzhost sshd[930]: pam_unix(sshd:auth): authentication failure; logname= uid=0 euid=0 tty=ssh ruser= rhost=43.255.190.173  user=root
Apr 11 14:39:09 ovzhost sshd[930]: Failed password for root from 43.255.190.173 port 49980 ssh2
Apr 11 14:39:11 ovzhost sshd[928]: message repeated 2 times: [ Failed password for root from 43.255.190.138 port 52662 ssh2]
Apr 11 14:39:11 ovzhost sshd[928]: Received disconnect from 43.255.190.138: 11:  [preauth]
Apr 11 14:39:11 ovzhost sshd[928]: PAM 2 more authentication failures; logname= uid=0 euid=0 tty=ssh ruser= rhost=43.255.190.138  user=root
Apr 11 14:39:12 ovzhost sshd[932]: pam_unix(sshd:auth): authentication failure; logname= uid=0 euid=0 tty=ssh ruser= rhost=43.255.190.138  user=root
Apr 11 14:39:14 ovzhost sshd[930]: message repeated 2 times: [ Failed password for root from 43.255.190.173 port 49980 ssh2]
Apr 11 14:39:14 ovzhost sshd[930]: Received disconnect from 43.255.190.173: 11:  [preauth]
Apr 11 14:39:14 ovzhost sshd[930]: PAM 2 more authentication failures; logname= uid=0 euid=0 tty=ssh ruser= rhost=43.255.190.173  user=root
Apr 11 14:39:14 ovzhost sshd[932]: Failed password for root from 43.255.190.138 port 37026 ssh2
Apr 11 14:39:14 ovzhost sshd[934]: pam_unix(sshd:auth): authentication failure; logname= uid=0 euid=0 tty=ssh ruser= rhost=43.255.190.173  user=root
Apr 11 14:39:16 ovzhost sshd[934]: Failed password for root from 43.255.190.173 port 36033 ssh2
Apr 11 14:39:18 ovzhost sshd[932]: message repeated 2 times: [ Failed password for root from 43.255.190.138 port 37026 ssh2]
Apr 11 14:39:18 ovzhost sshd[932]: Received disconnect from 43.255.190.138: 11:  [preauth]
Apr 11 14:39:18 ovzhost sshd[932]: PAM 2 more authentication failures; logname= uid=0 euid=0 tty=ssh ruser= rhost=43.255.190.138  user=root
Apr 11 14:39:19 ovzhost sshd[936]: pam_unix(sshd:auth): authentication failure; logname= uid=0 euid=0 tty=ssh ruser= rhost=43.255.190.138  user=root
Apr 11 14:39:21 ovzhost sshd[934]: message repeated 2 times: [ Failed password for root from 43.255.190.173 port 36033 ssh2]
Apr 11 14:39:21 ovzhost sshd[934]: Received disconnect from 43.255.190.173: 11:  [preauth]
Apr 11 14:39:21 ovzhost sshd[934]: PAM 2 more authentication failures; logname= uid=0 euid=0 tty=ssh ruser= rhost=43.255.190.173  user=root
Apr 11 14:39:22 ovzhost sshd[936]: Failed password for root from 43.255.190.138 port 49742 ssh2
Apr 11 14:39:22 ovzhost sshd[938]: pam_unix(sshd:auth): authentication failure; logname= uid=0 euid=0 tty=ssh ruser= rhost=43.255.190.173  user=root
Apr 11 14:39:24 ovzhost sshd[938]: Failed password for root from 43.255.190.173 port 49495 ssh2
Apr 11 14:39:26 ovzhost sshd[936]: message repeated 2 times: [ Failed password for root from 43.255.190.138 port 49742 ssh2]
Apr 11 14:39:27 ovzhost sshd[936]: Received disconnect from 43.255.190.138: 11:  [preauth]
Apr 11 14:39:27 ovzhost sshd[936]: PAM 2 more authentication failures; logname= uid=0 euid=0 tty=ssh ruser= rhost=43.255.190.138  user=root
Apr 11 14:39:27 ovzhost sshd[941]: pam_unix(sshd:auth): authentication failure; logname= uid=0 euid=0 tty=ssh ruser= rhost=43.255.190.138  user=root
Apr 11 14:39:29 ovzhost sshd[938]: message repeated 2 times: [ Failed password for root from 43.255.190.173 port 49495 ssh2]
Apr 11 14:39:29 ovzhost sshd[938]: Received disconnect from 43.255.190.173: 11:  [preauth]
Apr 11 14:39:29 ovzhost sshd[938]: PAM 2 more authentication failures; logname= uid=0 euid=0 tty=ssh ruser= rhost=43.255.190.173  user=root
Apr 11 14:39:29 ovzhost sshd[943]: pam_unix(sshd:auth): authentication failure; logname= uid=0 euid=0 tty=ssh ruser= rhost=43.255.190.173  user=root
Apr 11 14:39:29 ovzhost sshd[941]: Failed password for root from 43.255.190.138 port 35690 ssh2
Apr 11 14:39:31 ovzhost sshd[943]: Failed password for root from 43.255.190.173 port 36040 ssh2
Apr 11 14:39:34 ovzhost sshd[941]: message repeated 2 times: [ Failed password for root from 43.255.190.138 port 35690 ssh2]
Apr 11 14:39:34 ovzhost sshd[941]: Received disconnect from 43.255.190.138: 11:  [preauth]
Apr 11 14:39:34 ovzhost sshd[941]: PAM 2 more authentication failures; logname= uid=0 euid=0 tty=ssh ruser= rhost=43.255.190.138  user=root
Apr 11 14:39:34 ovzhost sshd[945]: pam_unix(sshd:auth): authentication failure; logname= uid=0 euid=0 tty=ssh ruser= rhost=43.255.190.138  user=root
Apr 11 14:39:36 ovzhost sshd[943]: message repeated 2 times: [ Failed password for root from 43.255.190.173 port 36040 ssh2]
Apr 11 14:39:36 ovzhost sshd[943]: Received disconnect from 43.255.190.173: 11:  [preauth]
Apr 11 14:39:36 ovzhost sshd[943]: PAM 2 more authentication failures; logname= uid=0 euid=0 tty=ssh ruser= rhost=43.255.190.173  user=root
Apr 11 14:39:36 ovzhost sshd[945]: Failed password for root from 43.255.190.138 port 49256 ssh2
Apr 11 14:39:36 ovzhost sshd[947]: pam_unix(sshd:auth): authentication failure; logname= uid=0 euid=0 tty=ssh ruser= rhost=43.255.190.173  user=root
Apr 11 14:39:38 ovzhost sshd[947]: Failed password for root from 43.255.190.173 port 52048 ssh2
Apr 11 14:39:40 ovzhost sshd[945]: message repeated 2 times: [ Failed password for root from 43.255.190.138 port 49256 ssh2]
Apr 11 14:39:41 ovzhost sshd[945]: Received disconnect from 43.255.190.138: 11:  [preauth]
Apr 11 14:39:41 ovzhost sshd[945]: PAM 2 more authentication failures; logname= uid=0 euid=0 tty=ssh ruser= rhost=43.255.190.138  user=root
Apr 11 14:39:41 ovzhost sshd[949]: pam_unix(sshd:auth): authentication failure; logname= uid=0 euid=0 tty=ssh ruser= rhost=43.255.190.138  user=root
Apr 11 14:39:43 ovzhost sshd[947]: message repeated 2 times: [ Failed password for root from 43.255.190.173 port 52048 ssh2]
Apr 11 14:39:43 ovzhost sshd[947]: Received disconnect from 43.255.190.173: 11:  [preauth]
Apr 11 14:39:43 ovzhost sshd[947]: PAM 2 more authentication failures; logname= uid=0 euid=0 tty=ssh ruser= rhost=43.255.190.173  user=root
Apr 11 14:39:43 ovzhost sshd[949]: Failed password for root from 43.255.190.138 port 36293 ssh2
Apr 11 14:39:44 ovzhost sshd[951]: pam_unix(sshd:auth): authentication failure; logname= uid=0 euid=0 tty=ssh ruser= rhost=43.255.190.173  user=root
Apr 11 14:39:46 ovzhost sshd[951]: Failed password for root from 43.255.190.173 port 38287 ssh2
Apr 11 14:39:48 ovzhost sshd[949]: message repeated 2 times: [ Failed password for root from 43.255.190.138 port 36293 ssh2]
Apr 11 14:39:48 ovzhost sshd[949]: Received disconnect from 43.255.190.138: 11:  [preauth]
Apr 11 14:39:48 ovzhost sshd[949]: PAM 2 more authentication failures; logname= uid=0 euid=0 tty=ssh ruser= rhost=43.255.190.138  user=root
Apr 11 14:39:49 ovzhost sshd[953]: pam_unix(sshd:auth): authentication failure; logname= uid=0 euid=0 tty=ssh ruser= rhost=43.255.190.138  user=root
Apr 11 14:39:49 ovzhost sshd[951]: message repeated 2 times: [ Failed password for root from 43.255.190.173 port 38287 ssh2]
Apr 11 14:39:50 ovzhost sshd[951]: Received disconnect from 43.255.190.173: 11:  [preauth]
Apr 11 14:39:50 ovzhost sshd[951]: PAM 2 more authentication failures; logname= uid=0 euid=0 tty=ssh ruser= rhost=43.255.190.173  user=root
Apr 11 14:39:50 ovzhost sshd[955]: pam_unix(sshd:auth): authentication failure; logname= uid=0 euid=0 tty=ssh ruser= rhost=43.255.190.173  user=root
Apr 11 14:39:51 ovzhost sshd[953]: Failed password for root from 43.255.190.138 port 52734 ssh2
Apr 11 14:39:52 ovzhost sshd[955]: Failed password for root from 43.255.190.173 port 53770 ssh2
Apr 11 14:39:55 ovzhost sshd[953]: message repeated 2 times: [ Failed password for root from 43.255.190.138 port 52734 ssh2]
Apr 11 14:39:55 ovzhost sshd[953]: Received disconnect from 43.255.190.138: 11:  [preauth]
Apr 11 14:39:55 ovzhost sshd[953]: PAM 2 more authentication failures; logname= uid=0 euid=0 tty=ssh ruser= rhost=43.255.190.138  user=root
Apr 11 14:39:56 ovzhost sshd[957]: pam_unix(sshd:auth): authentication failure; logname= uid=0 euid=0 tty=ssh ruser= rhost=43.255.190.138  user=root
Apr 11 14:39:57 ovzhost sshd[955]: message repeated 2 times: [ Failed password for root from 43.255.190.173 port 53770 ssh2]
Apr 11 14:39:57 ovzhost sshd[955]: Received disconnect from 43.255.190.173: 11:  [preauth]
Apr 11 14:39:57 ovzhost sshd[955]: PAM 2 more authentication failures; logname= uid=0 euid=0 tty=ssh ruser= rhost=43.255.190.173  user=root
Apr 11 14:39:58 ovzhost sshd[960]: pam_unix(sshd:auth): authentication failure; logname= uid=0 euid=0 tty=ssh ruser= rhost=43.255.190.173  user=root
Apr 11 14:39:58 ovzhost sshd[957]: Failed password for root from 43.255.190.138 port 39043 ssh2
Apr 11 14:40:00 ovzhost sshd[960]: Failed password for root from 43.255.190.173 port 39816 ssh2
Apr 11 14:40:01 ovzhost CRON[962]: pam_env(cron:session): Unable to open env file: /etc/default/locale: No such file or directory
Apr 11 14:40:01 ovzhost CRON[962]: pam_unix(cron:session): session opened for user smmsp by (uid=0)
Apr 11 14:40:01 ovzhost CRON[962]: pam_unix(cron:session): session closed for user smmsp
Apr 11 14:40:02 ovzhost sshd[957]: message repeated 2 times: [ Failed password for root from 43.255.190.138 port 39043 ssh2]
Apr 11 14:40:02 ovzhost sshd[957]: Received disconnect from 43.255.190.138: 11:  [preauth]
Apr 11 14:40:02 ovzhost sshd[957]: PAM 2 more authentication failures; logname= uid=0 euid=0 tty=ssh ruser= rhost=43.255.190.138  user=root
Apr 11 14:40:02 ovzhost sshd[988]: pam_unix(sshd:auth): authentication failure; logname= uid=0 euid=0 tty=ssh ruser= rhost=43.255.190.138  user=root
Apr 11 14:40:03 ovzhost sshd[960]: message repeated 2 times: [ Failed password for root from 43.255.190.173 port 39816 ssh2]
Apr 11 14:40:03 ovzhost sshd[960]: Received disconnect from 43.255.190.173: 11:  [preauth]
Apr 11 14:40:03 ovzhost sshd[960]: PAM 2 more authentication failures; logname= uid=0 euid=0 tty=ssh ruser= rhost=43.255.190.173  user=root
Apr 11 14:40:04 ovzhost sshd[990]: pam_unix(sshd:auth): authentication failure; logname= uid=0 euid=0 tty=ssh ruser= rhost=43.255.190.173  user=root
Apr 11 14:40:04 ovzhost sshd[988]: Failed password for root from 43.255.190.138 port 50422 ssh2
Apr 11 14:40:07 ovzhost sshd[990]: Failed password for root from 43.255.190.173 port 52044 ssh2
Apr 11 14:40:09 ovzhost sshd[988]: message repeated 2 times: [ Failed password for root from 43.255.190.138 port 50422 ssh2]
Apr 11 14:40:09 ovzhost sshd[988]: Received disconnect from 43.255.190.138: 11:  [preauth]
Apr 11 14:40:09 ovzhost sshd[988]: PAM 2 more authentication failures; logname= uid=0 euid=0 tty=ssh ruser= rhost=43.255.190.138  user=root
Apr 11 14:40:10 ovzhost sshd[992]: pam_unix(sshd:auth): authentication failure; logname= uid=0 euid=0 tty=ssh ruser= rhost=43.255.190.138  user=root
Apr 11 14:40:11 ovzhost sshd[990]: message repeated 2 times: [ Failed password for root from 43.255.190.173 port 52044 ssh2]
Apr 11 14:40:11 ovzhost sshd[990]: Received disconnect from 43.255.190.173: 11:  [preauth]
Apr 11 14:40:11 ovzhost sshd[990]: PAM 2 more authentication failures; logname= uid=0 euid=0 tty=ssh ruser= rhost=43.255.190.173  user=root
Apr 11 14:40:11 ovzhost sshd[992]: Failed password for root from 43.255.190.138 port 35558 ssh2
Apr 11 14:40:11 ovzhost sshd[994]: pam_unix(sshd:auth): authentication failure; logname= uid=0 euid=0 tty=ssh ruser= rhost=43.255.190.173  user=root
Apr 11 14:40:13 ovzhost sshd[994]: Failed password for root from 43.255.190.173 port 36931 ssh2
Apr 11 14:40:15 ovzhost sshd[992]: message repeated 2 times: [ Failed password for root from 43.255.190.138 port 35558 ssh2]
Apr 11 14:40:15 ovzhost sshd[992]: Received disconnect from 43.255.190.138: 11:  [preauth]
Apr 11 14:40:15 ovzhost sshd[992]: PAM 2 more authentication failures; logname= uid=0 euid=0 tty=ssh ruser= rhost=43.255.190.138  user=root
Apr 11 14:40:16 ovzhost sshd[996]: pam_unix(sshd:auth): authentication failure; logname= uid=0 euid=0 tty=ssh ruser= rhost=43.255.190.138  user=root
Apr 11 14:40:18 ovzhost sshd[994]: message repeated 2 times: [ Failed password for root from 43.255.190.173 port 36931 ssh2]
Apr 11 14:40:18 ovzhost sshd[994]: Received disconnect from 43.255.190.173: 11:  [preauth]
Apr 11 14:40:18 ovzhost sshd[994]: PAM 2 more authentication failures; logname= uid=0 euid=0 tty=ssh ruser= rhost=43.255.190.173  user=root
Apr 11 14:40:18 ovzhost sshd[998]: pam_unix(sshd:auth): authentication failure; logname= uid=0 euid=0 tty=ssh ruser= rhost=43.255.190.173  user=root
Apr 11 14:40:18 ovzhost sshd[996]: Failed password for root from 43.255.190.138 port 47803 ssh2
