Apr 11 05:49:01 ovzhost sshd[1036]: Received disconnect from 43.255.190.174: 11:  [preauth]
Apr 11 05:49:01 ovzhost sshd[1036]: PAM 2 more authentication failures; logname= uid=0 euid=0 tty=ssh ruser= rhost=43.255.190.174  user=root
Apr 11 05:49:02 ovzhost sshd[1040]: pam_unix(sshd:auth): authentication failure; logname= uid=0 euid=0 tty=ssh ruser= rhost=43.255.190.174  user=root
Apr 11 05:49:04 ovzhost sshd[1040]: Failed password for root from 43.255.190.174 port 55028 ssh2
Apr 11 05:49:05 ovzhost sshd[1038]: message repeated 2 times: [ Failed password for root from 43.255.190.159 port 55361 ssh2]
Apr 11 05:49:05 ovzhost sshd[1038]: Received disconnect from 43.255.190.159: 11:  [preauth]
Apr 11 05:49:05 ovzhost sshd[1038]: PAM 2 more authentication failures; logname= uid=0 euid=0 tty=ssh ruser= rhost=43.255.190.159  user=root
Apr 11 05:49:05 ovzhost sshd[1042]: pam_unix(sshd:auth): authentication failure; logname= uid=0 euid=0 tty=ssh ruser= rhost=43.255.190.159  user=root
Apr 11 05:49:07 ovzhost sshd[1042]: Failed password for root from 43.255.190.159 port 42094 ssh2
Apr 11 05:49:08 ovzhost sshd[1040]: message repeated 2 times: [ Failed password for root from 43.255.190.174 port 55028 ssh2]
Apr 11 05:49:08 ovzhost sshd[1040]: Received disconnect from 43.255.190.174: 11:  [preauth]
Apr 11 05:49:08 ovzhost sshd[1040]: PAM 2 more authentication failures; logname= uid=0 euid=0 tty=ssh ruser= rhost=43.255.190.174  user=root
Apr 11 05:49:09 ovzhost sshd[1044]: pam_unix(sshd:auth): authentication failure; logname= uid=0 euid=0 tty=ssh ruser= rhost=43.255.190.174  user=root
Apr 11 05:49:11 ovzhost sshd[1044]: Failed password for root from 43.255.190.174 port 42838 ssh2
Apr 11 05:49:11 ovzhost sshd[1042]: message repeated 2 times: [ Failed password for root from 43.255.190.159 port 42094 ssh2]
Apr 11 05:49:11 ovzhost sshd[1042]: Received disconnect from 43.255.190.159: 11:  [preauth]
Apr 11 05:49:11 ovzhost sshd[1042]: PAM 2 more authentication failures; logname= uid=0 euid=0 tty=ssh ruser= rhost=43.255.190.159  user=root
Apr 11 05:49:12 ovzhost sshd[1046]: pam_unix(sshd:auth): authentication failure; logname= uid=0 euid=0 tty=ssh ruser= rhost=43.255.190.159  user=root
Apr 11 05:49:13 ovzhost sshd[1046]: Failed password for root from 43.255.190.159 port 54783 ssh2
Apr 11 05:49:15 ovzhost sshd[1044]: message repeated 2 times: [ Failed password for root from 43.255.190.174 port 42838 ssh2]
Apr 11 05:49:15 ovzhost sshd[1044]: Received disconnect from 43.255.190.174: 11:  [preauth]
Apr 11 05:49:15 ovzhost sshd[1044]: PAM 2 more authentication failures; logname= uid=0 euid=0 tty=ssh ruser= rhost=43.255.190.174  user=root
Apr 11 05:49:15 ovzhost sshd[1048]: pam_unix(sshd:auth): authentication failure; logname= uid=0 euid=0 tty=ssh ruser= rhost=43.255.190.174  user=root
Apr 11 05:49:17 ovzhost sshd[1048]: Failed password for root from 43.255.190.174 port 58095 ssh2
Apr 11 05:49:17 ovzhost sshd[1046]: message repeated 2 times: [ Failed password for root from 43.255.190.159 port 54783 ssh2]
Apr 11 05:49:17 ovzhost sshd[1046]: Received disconnect from 43.255.190.159: 11:  [preauth]
Apr 11 05:49:17 ovzhost sshd[1046]: PAM 2 more authentication failures; logname= uid=0 euid=0 tty=ssh ruser= rhost=43.255.190.159  user=root
Apr 11 05:49:18 ovzhost sshd[1050]: pam_unix(sshd:auth): authentication failure; logname= uid=0 euid=0 tty=ssh ruser= rhost=43.255.190.159  user=root
Apr 11 05:49:20 ovzhost sshd[1050]: Failed password for root from 43.255.190.159 port 38731 ssh2
Apr 11 05:49:21 ovzhost sshd[1048]: message repeated 2 times: [ Failed password for root from 43.255.190.174 port 58095 ssh2]
Apr 11 05:49:21 ovzhost sshd[1048]: Received disconnect from 43.255.190.174: 11:  [preauth]
Apr 11 05:49:21 ovzhost sshd[1048]: PAM 2 more authentication failures; logname= uid=0 euid=0 tty=ssh ruser= rhost=43.255.190.174  user=root
Apr 11 05:49:22 ovzhost sshd[1052]: pam_unix(sshd:auth): authentication failure; logname= uid=0 euid=0 tty=ssh ruser= rhost=43.255.190.174  user=root
Apr 11 05:49:24 ovzhost sshd[1050]: message repeated 2 times: [ Failed password for root from 43.255.190.159 port 38731 ssh2]
Apr 11 05:49:24 ovzhost sshd[1050]: Received disconnect from 43.255.190.159: 11:  [preauth]
Apr 11 05:49:24 ovzhost sshd[1050]: PAM 2 more authentication failures; logname= uid=0 euid=0 tty=ssh ruser= rhost=43.255.190.159  user=root
Apr 11 05:49:24 ovzhost sshd[1052]: Failed password for root from 43.255.190.174 port 45002 ssh2
Apr 11 05:49:25 ovzhost sshd[1055]: pam_unix(sshd:auth): authentication failure; logname= uid=0 euid=0 tty=ssh ruser= rhost=43.255.190.159  user=root
Apr 11 05:49:28 ovzhost sshd[1055]: Failed password for root from 43.255.190.159 port 51792 ssh2
Apr 11 05:49:29 ovzhost sshd[1052]: message repeated 2 times: [ Failed password for root from 43.255.190.174 port 45002 ssh2]
Apr 11 05:49:29 ovzhost sshd[1052]: Received disconnect from 43.255.190.174: 11:  [preauth]
Apr 11 05:49:29 ovzhost sshd[1052]: PAM 2 more authentication failures; logname= uid=0 euid=0 tty=ssh ruser= rhost=43.255.190.174  user=root
Apr 11 05:49:29 ovzhost sshd[1057]: pam_unix(sshd:auth): authentication failure; logname= uid=0 euid=0 tty=ssh ruser= rhost=43.255.190.174  user=root
Apr 11 05:49:31 ovzhost sshd[1057]: Failed password for root from 43.255.190.174 port 33497 ssh2
Apr 11 05:49:32 ovzhost sshd[1055]: message repeated 2 times: [ Failed password for root from 43.255.190.159 port 51792 ssh2]
Apr 11 05:49:32 ovzhost sshd[1055]: Received disconnect from 43.255.190.159: 11:  [preauth]
Apr 11 05:49:32 ovzhost sshd[1055]: PAM 2 more authentication failures; logname= uid=0 euid=0 tty=ssh ruser= rhost=43.255.190.159  user=root
Apr 11 05:49:33 ovzhost sshd[1059]: pam_unix(sshd:auth): authentication failure; logname= uid=0 euid=0 tty=ssh ruser= rhost=43.255.190.159  user=root
Apr 11 05:49:35 ovzhost sshd[1059]: Failed password for root from 43.255.190.159 port 37727 ssh2
Apr 11 05:49:35 ovzhost sshd[1057]: message repeated 2 times: [ Failed password for root from 43.255.190.174 port 33497 ssh2]
Apr 11 05:49:35 ovzhost sshd[1057]: Received disconnect from 43.255.190.174: 11:  [preauth]
Apr 11 05:49:35 ovzhost sshd[1057]: PAM 2 more authentication failures; logname= uid=0 euid=0 tty=ssh ruser= rhost=43.255.190.174  user=root
Apr 11 05:49:36 ovzhost sshd[1061]: pam_unix(sshd:auth): authentication failure; logname= uid=0 euid=0 tty=ssh ruser= rhost=43.255.190.174  user=root
Apr 11 05:49:38 ovzhost sshd[1061]: Failed password for root from 43.255.190.174 port 48618 ssh2
Apr 11 05:49:39 ovzhost sshd[1059]: message repeated 2 times: [ Failed password for root from 43.255.190.159 port 37727 ssh2]
Apr 11 05:49:40 ovzhost sshd[1059]: Received disconnect from 43.255.190.159: 11:  [preauth]
Apr 11 05:49:40 ovzhost sshd[1059]: PAM 2 more authentication failures; logname= uid=0 euid=0 tty=ssh ruser= rhost=43.255.190.159  user=root
Apr 11 05:49:40 ovzhost sshd[1063]: pam_unix(sshd:auth): authentication failure; logname= uid=0 euid=0 tty=ssh ruser= rhost=43.255.190.159  user=root
Apr 11 05:49:42 ovzhost sshd[1061]: message repeated 2 times: [ Failed password for root from 43.255.190.174 port 48618 ssh2]
Apr 11 05:49:42 ovzhost sshd[1061]: Received disconnect from 43.255.190.174: 11:  [preauth]
Apr 11 05:49:42 ovzhost sshd[1061]: PAM 2 more authentication failures; logname= uid=0 euid=0 tty=ssh ruser= rhost=43.255.190.174  user=root
Apr 11 05:49:42 ovzhost sshd[1063]: Failed password for root from 43.255.190.159 port 52052 ssh2
Apr 11 05:49:43 ovzhost sshd[1065]: pam_unix(sshd:auth): authentication failure; logname= uid=0 euid=0 tty=ssh ruser= rhost=43.255.190.174  user=root
Apr 11 05:49:45 ovzhost sshd[1065]: Failed password for root from 43.255.190.174 port 34848 ssh2
Apr 11 05:49:47 ovzhost sshd[1063]: message repeated 2 times: [ Failed password for root from 43.255.190.159 port 52052 ssh2]
Apr 11 05:49:47 ovzhost sshd[1063]: Received disconnect from 43.255.190.159: 11:  [preauth]
Apr 11 05:49:47 ovzhost sshd[1063]: PAM 2 more authentication failures; logname= uid=0 euid=0 tty=ssh ruser= rhost=43.255.190.159  user=root
Apr 11 05:49:48 ovzhost sshd[1067]: pam_unix(sshd:auth): authentication failure; logname= uid=0 euid=0 tty=ssh ruser= rhost=43.255.190.159  user=root
Apr 11 05:49:49 ovzhost sshd[1065]: message repeated 2 times: [ Failed password for root from 43.255.190.174 port 34848 ssh2]
Apr 11 05:49:49 ovzhost sshd[1065]: Received disconnect from 43.255.190.174: 11:  [preauth]
Apr 11 05:49:49 ovzhost sshd[1065]: PAM 2 more authentication failures; logname= uid=0 euid=0 tty=ssh ruser= rhost=43.255.190.174  user=root
Apr 11 05:49:50 ovzhost sshd[1067]: Failed password for root from 43.255.190.159 port 38274 ssh2
Apr 11 05:49:51 ovzhost sshd[1069]: pam_unix(sshd:auth): authentication failure; logname= uid=0 euid=0 tty=ssh ruser= rhost=43.255.190.174  user=root
Apr 11 05:49:52 ovzhost sshd[1069]: Failed password for root from 43.255.190.174 port 49939 ssh2
Apr 11 05:49:54 ovzhost sshd[1067]: message repeated 2 times: [ Failed password for root from 43.255.190.159 port 38274 ssh2]
Apr 11 05:49:54 ovzhost sshd[1067]: Received disconnect from 43.255.190.159: 11:  [preauth]
Apr 11 05:49:54 ovzhost sshd[1067]: PAM 2 more authentication failures; logname= uid=0 euid=0 tty=ssh ruser= rhost=43.255.190.159  user=root
Apr 11 05:49:55 ovzhost sshd[1071]: pam_unix(sshd:auth): authentication failure; logname= uid=0 euid=0 tty=ssh ruser= rhost=43.255.190.159  user=root
Apr 11 05:49:57 ovzhost sshd[1069]: message repeated 2 times: [ Failed password for root from 43.255.190.174 port 49939 ssh2]
Apr 11 05:49:57 ovzhost sshd[1069]: Received disconnect from 43.255.190.174: 11:  [preauth]
Apr 11 05:49:57 ovzhost sshd[1069]: PAM 2 more authentication failures; logname= uid=0 euid=0 tty=ssh ruser= rhost=43.255.190.174  user=root
Apr 11 05:49:57 ovzhost sshd[1071]: Failed password for root from 43.255.190.159 port 51948 ssh2
Apr 11 05:49:57 ovzhost sshd[1074]: pam_unix(sshd:auth): authentication failure; logname= uid=0 euid=0 tty=ssh ruser= rhost=43.255.190.174  user=root
Apr 11 05:49:59 ovzhost sshd[1074]: Failed password for root from 43.255.190.174 port 38933 ssh2
Apr 11 05:50:01 ovzhost sshd[1071]: message repeated 2 times: [ Failed password for root from 43.255.190.159 port 51948 ssh2]
Apr 11 05:50:01 ovzhost sshd[1071]: Received disconnect from 43.255.190.159: 11:  [preauth]
Apr 11 05:50:01 ovzhost sshd[1071]: PAM 2 more authentication failures; logname= uid=0 euid=0 tty=ssh ruser= rhost=43.255.190.159  user=root
Apr 11 05:50:02 ovzhost sshd[1076]: pam_unix(sshd:auth): authentication failure; logname= uid=0 euid=0 tty=ssh ruser= rhost=43.255.190.159  user=root
Apr 11 05:50:03 ovzhost sshd[1074]: message repeated 2 times: [ Failed password for root from 43.255.190.174 port 38933 ssh2]
Apr 11 05:50:03 ovzhost sshd[1074]: Received disconnect from 43.255.190.174: 11:  [preauth]
Apr 11 05:50:03 ovzhost sshd[1074]: PAM 2 more authentication failures; logname= uid=0 euid=0 tty=ssh ruser= rhost=43.255.190.174  user=root
Apr 11 05:50:04 ovzhost sshd[1076]: Failed password for root from 43.255.190.159 port 36185 ssh2
Apr 11 05:50:04 ovzhost sshd[1079]: pam_unix(sshd:auth): authentication failure; logname= uid=0 euid=0 tty=ssh ruser= rhost=43.255.190.174  user=root
Apr 11 05:50:06 ovzhost sshd[1079]: Failed password for root from 43.255.190.174 port 53416 ssh2
Apr 11 05:50:08 ovzhost sshd[1076]: message repeated 2 times: [ Failed password for root from 43.255.190.159 port 36185 ssh2]
Apr 11 05:50:08 ovzhost sshd[1076]: Received disconnect from 43.255.190.159: 11:  [preauth]
Apr 11 05:50:08 ovzhost sshd[1076]: PAM 2 more authentication failures; logname= uid=0 euid=0 tty=ssh ruser= rhost=43.255.190.159  user=root
Apr 11 05:50:08 ovzhost sshd[1081]: pam_unix(sshd:auth): authentication failure; logname= uid=0 euid=0 tty=ssh ruser= rhost=43.255.190.159  user=root
Apr 11 05:50:11 ovzhost sshd[1081]: Failed password for root from 43.255.190.159 port 48757 ssh2
Apr 11 05:50:11 ovzhost sshd[1079]: message repeated 2 times: [ Failed password for root from 43.255.190.174 port 53416 ssh2]
Apr 11 05:50:11 ovzhost sshd[1079]: Received disconnect from 43.255.190.174: 11:  [preauth]
Apr 11 05:50:11 ovzhost sshd[1079]: PAM 2 more authentication failures; logname= uid=0 euid=0 tty=ssh ruser= rhost=43.255.190.174  user=root
Apr 11 05:50:15 ovzhost sshd[1085]: pam_unix(sshd:auth): authentication failure; logname= uid=0 euid=0 tty=ssh ruser= rhost=43.255.190.174  user=root
Apr 11 05:50:16 ovzhost sshd[1081]: message repeated 2 times: [ Failed password for root from 43.255.190.159 port 48757 ssh2]
Apr 11 05:50:16 ovzhost sshd[1081]: Received disconnect from 43.255.190.159: 11:  [preauth]
Apr 11 05:50:16 ovzhost sshd[1081]: PAM 2 more authentication failures; logname= uid=0 euid=0 tty=ssh ruser= rhost=43.255.190.159  user=root
Apr 11 05:50:17 ovzhost sshd[1087]: pam_unix(sshd:auth): authentication failure; logname= uid=0 euid=0 tty=ssh ruser= rhost=43.255.190.159  user=root
Apr 11 05:50:17 ovzhost sshd[1085]: Failed password for root from 43.255.190.174 port 42036 ssh2
Apr 11 05:50:19 ovzhost sshd[1087]: Failed password for root from 43.255.190.159 port 35104 ssh2
Apr 11 05:50:22 ovzhost sshd[1085]: message repeated 2 times: [ Failed password for root from 43.255.190.174 port 42036 ssh2]
Apr 11 05:50:22 ovzhost sshd[1085]: Received disconnect from 43.255.190.174: 11:  [preauth]
Apr 11 05:50:22 ovzhost sshd[1085]: PAM 2 more authentication failures; logname= uid=0 euid=0 tty=ssh ruser= rhost=43.255.190.174  user=root
Apr 11 05:50:22 ovzhost sshd[1089]: pam_unix(sshd:auth): authentication failure; logname= uid=0 euid=0 tty=ssh ruser= rhost=43.255.190.174  user=root
Apr 11 05:50:23 ovzhost sshd[1087]: message repeated 2 times: [ Failed password for root from 43.255.190.159 port 35104 ssh2]
Apr 11 05:50:23 ovzhost sshd[1087]: Received disconnect from 43.255.190.159: 11:  [preauth]
Apr 11 05:50:23 ovzhost sshd[1087]: PAM 2 more authentication failures; logname= uid=0 euid=0 tty=ssh ruser= rhost=43.255.190.159  user=root
Apr 11 05:50:23 ovzhost sshd[1091]: pam_unix(sshd:auth): authentication failure; logname= uid=0 euid=0 tty=ssh ruser= rhost=43.255.190.159  user=root
Apr 11 05:50:24 ovzhost sshd[1089]: Failed password for root from 43.255.190.174 port 36134 ssh2
Apr 11 05:50:25 ovzhost sshd[1091]: Failed password for root from 43.255.190.159 port 47473 ssh2
Apr 11 05:50:26 ovzhost sshd[1094]: Connection closed by 128.8.37.104 [preauth]
Apr 11 05:50:29 ovzhost sshd[1089]: message repeated 2 times: [ Failed password for root from 43.255.190.174 port 36134 ssh2]
Apr 11 05:50:29 ovzhost sshd[1089]: Received disconnect from 43.255.190.174: 11:  [preauth]
Apr 11 05:50:29 ovzhost sshd[1089]: PAM 2 more authentication failures; logname= uid=0 euid=0 tty=ssh ruser= rhost=43.255.190.174  user=root
Apr 11 05:50:29 ovzhost sshd[1096]: pam_unix(sshd:auth): authentication failure; logname= uid=0 euid=0 tty=ssh ruser= rhost=43.255.190.174  user=root
Apr 11 05:50:30 ovzhost sshd[1091]: message repeated 2 times: [ Failed password for root from 43.255.190.159 port 47473 ssh2]
Apr 11 05:50:30 ovzhost sshd[1091]: Received disconnect from 43.255.190.159: 11:  [preauth]
Apr 11 05:50:30 ovzhost sshd[1091]: PAM 2 more authentication failures; logname= uid=0 euid=0 tty=ssh ruser= rhost=43.255.190.159  user=root
Apr 11 05:50:30 ovzhost sshd[1098]: pam_unix(sshd:auth): authentication failure; logname= uid=0 euid=0 tty=ssh ruser= rhost=43.255.190.159  user=root
Apr 11 05:50:32 ovzhost sshd[1096]: Failed password for root from 43.255.190.174 port 51730 ssh2
Apr 11 05:50:33 ovzhost sshd[1098]: Failed password for root from 43.255.190.159 port 59997 ssh2
Apr 11 05:50:36 ovzhost sshd[1096]: message repeated 2 times: [ Failed password for root from 43.255.190.174 port 51730 ssh2]
Apr 11 05:50:36 ovzhost sshd[1096]: Received disconnect from 43.255.190.174: 11:  [preauth]
Apr 11 05:50:36 ovzhost sshd[1096]: PAM 2 more authentication failures; logname= uid=0 euid=0 tty=ssh ruser= rhost=43.255.190.174  user=root
Apr 11 05:50:36 ovzhost sshd[1098]: message repeated 2 times: [ Failed password for root from 43.255.190.159 port 59997 ssh2]
Apr 11 05:50:36 ovzhost sshd[1098]: Received disconnect from 43.255.190.159: 11:  [preauth]
Apr 11 05:50:36 ovzhost sshd[1098]: PAM 2 more authentication failures; logname= uid=0 euid=0 tty=ssh ruser= rhost=43.255.190.159  user=root
Apr 11 05:50:39 ovzhost sshd[1100]: pam_unix(sshd:auth): authentication failure; logname= uid=0 euid=0 tty=ssh ruser= rhost=43.255.190.159  user=root
Apr 11 05:50:39 ovzhost sshd[1102]: pam_unix(sshd:auth): authentication failure; logname= uid=0 euid=0 tty=ssh ruser= rhost=43.255.190.174  user=root
Apr 11 05:50:41 ovzhost sshd[1100]: Failed password for root from 43.255.190.159 port 44391 ssh2
Apr 11 05:50:41 ovzhost sshd[1102]: Failed password for root from 43.255.190.174 port 38763 ssh2
Apr 11 05:50:45 ovzhost sshd[1100]: message repeated 2 times: [ Failed password for root from 43.255.190.159 port 44391 ssh2]
Apr 11 05:50:46 ovzhost sshd[1100]: Received disconnect from 43.255.190.159: 11:  [preauth]
Apr 11 05:50:46 ovzhost sshd[1100]: PAM 2 more authentication failures; logname= uid=0 euid=0 tty=ssh ruser= rhost=43.255.190.159  user=root
Apr 11 05:50:46 ovzhost sshd[1102]: message repeated 2 times: [ Failed password for root from 43.255.190.174 port 38763 ssh2]
Apr 11 05:50:46 ovzhost sshd[1102]: Received disconnect from 43.255.190.174: 11:  [preauth]
Apr 11 05:50:46 ovzhost sshd[1102]: PAM 2 more authentication failures; logname= uid=0 euid=0 tty=ssh ruser= rhost=43.255.190.174  user=root
Apr 11 05:50:46 ovzhost sshd[1104]: pam_unix(sshd:auth): authentication failure; logname= uid=0 euid=0 tty=ssh ruser= rhost=43.255.190.159  user=root
Apr 11 05:50:46 ovzhost sshd[1106]: pam_unix(sshd:auth): authentication failure; logname= uid=0 euid=0 tty=ssh ruser= rhost=43.255.190.174  user=root
Apr 11 05:50:48 ovzhost sshd[1104]: Failed password for root from 43.255.190.159 port 59838 ssh2
Apr 11 05:50:48 ovzhost sshd[1106]: Failed password for root from 43.255.190.174 port 58392 ssh2
Apr 11 05:50:53 ovzhost sshd[1104]: message repeated 2 times: [ Failed password for root from 43.255.190.159 port 59838 ssh2]
Apr 11 05:50:53 ovzhost sshd[1104]: Received disconnect from 43.255.190.159: 11:  [preauth]
Apr 11 05:50:53 ovzhost sshd[1104]: PAM 2 more authentication failures; logname= uid=0 euid=0 tty=ssh ruser= rhost=43.255.190.159  user=root
Apr 11 05:50:53 ovzhost sshd[1106]: message repeated 2 times: [ Failed password for root from 43.255.190.174 port 58392 ssh2]
Apr 11 05:50:53 ovzhost sshd[1106]: Received disconnect from 43.255.190.174: 11:  [preauth]
Apr 11 05:50:53 ovzhost sshd[1106]: PAM 2 more authentication failures; logname= uid=0 euid=0 tty=ssh ruser= rhost=43.255.190.174  user=root
Apr 11 05:50:53 ovzhost sshd[1110]: pam_unix(sshd:auth): authentication failure; logname= uid=0 euid=0 tty=ssh ruser= rhost=43.255.190.159  user=root
Apr 11 05:50:53 ovzhost sshd[1112]: pam_unix(sshd:auth): authentication failure; logname= uid=0 euid=0 tty=ssh ruser= rhost=43.255.190.174  user=root
Apr 11 05:50:55 ovzhost sshd[1110]: Failed password for root from 43.255.190.159 port 44783 ssh2
Apr 11 05:50:56 ovzhost sshd[1112]: Failed password for root from 43.255.190.174 port 45898 ssh2
Apr 11 05:51:00 ovzhost sshd[1110]: message repeated 2 times: [ Failed password for root from 43.255.190.159 port 44783 ssh2]
Apr 11 05:51:00 ovzhost sshd[1110]: Received disconnect from 43.255.190.159: 11:  [preauth]
Apr 11 05:51:00 ovzhost sshd[1110]: PAM 2 more authentication failures; logname= uid=0 euid=0 tty=ssh ruser= rhost=43.255.190.159  user=root
Apr 11 05:51:00 ovzhost sshd[1112]: message repeated 2 times: [ Failed password for root from 43.255.190.174 port 45898 ssh2]
Apr 11 05:51:00 ovzhost sshd[1112]: Received disconnect from 43.255.190.174: 11:  [preauth]
Apr 11 05:51:00 ovzhost sshd[1112]: PAM 2 more authentication failures; logname= uid=0 euid=0 tty=ssh ruser= rhost=43.255.190.174  user=root
Apr 11 05:51:01 ovzhost sshd[1114]: pam_unix(sshd:auth): authentication failure; logname= uid=0 euid=0 tty=ssh ruser= rhost=43.255.190.159  user=root
Apr 11 05:51:03 ovzhost sshd[1116]: pam_unix(sshd:auth): authentication failure; logname= uid=0 euid=0 tty=ssh ruser= rhost=43.255.190.174  user=root
Apr 11 05:51:03 ovzhost sshd[1114]: Failed password for root from 43.255.190.159 port 58218 ssh2
Apr 11 05:51:05 ovzhost sshd[1116]: Failed password for root from 43.255.190.174 port 33885 ssh2
Apr 11 05:51:07 ovzhost sshd[1114]: message repeated 2 times: [ Failed password for root from 43.255.190.159 port 58218 ssh2]
Apr 11 05:51:08 ovzhost sshd[1114]: Received disconnect from 43.255.190.159: 11:  [preauth]
Apr 11 05:51:08 ovzhost sshd[1114]: PAM 2 more authentication failures; logname= uid=0 euid=0 tty=ssh ruser= rhost=43.255.190.159  user=root
Apr 11 05:51:08 ovzhost sshd[1118]: pam_unix(sshd:auth): authentication failure; logname= uid=0 euid=0 tty=ssh ruser= rhost=43.255.190.159  user=root
Apr 11 05:51:09 ovzhost sshd[1116]: message repeated 2 times: [ Failed password for root from 43.255.190.174 port 33885 ssh2]
Apr 11 05:51:09 ovzhost sshd[1116]: Received disconnect from 43.255.190.174: 11:  [preauth]
Apr 11 05:51:09 ovzhost sshd[1116]: PAM 2 more authentication failures; logname= uid=0 euid=0 tty=ssh ruser= rhost=43.255.190.174  user=root
Apr 11 05:51:10 ovzhost sshd[1120]: pam_unix(sshd:auth): authentication failure; logname= uid=0 euid=0 tty=ssh ruser= rhost=43.255.190.174  user=root
Apr 11 05:51:10 ovzhost sshd[1118]: Failed password for root from 43.255.190.159 port 43656 ssh2
Apr 11 05:51:12 ovzhost sshd[1120]: Failed password for root from 43.255.190.174 port 53539 ssh2
Apr 11 05:51:15 ovzhost sshd[1118]: message repeated 2 times: [ Failed password for root from 43.255.190.159 port 43656 ssh2]
Apr 11 05:51:15 ovzhost sshd[1118]: Received disconnect from 43.255.190.159: 11:  [preauth]
Apr 11 05:51:15 ovzhost sshd[1118]: PAM 2 more authentication failures; logname= uid=0 euid=0 tty=ssh ruser= rhost=43.255.190.159  user=root
Apr 11 05:51:15 ovzhost sshd[1122]: pam_unix(sshd:auth): authentication failure; logname= uid=0 euid=0 tty=ssh ruser= rhost=43.255.190.159  user=root
Apr 11 05:51:17 ovzhost sshd[1120]: message repeated 2 times: [ Failed password for root from 43.255.190.174 port 53539 ssh2]
Apr 11 05:51:17 ovzhost sshd[1120]: Received disconnect from 43.255.190.174: 11:  [preauth]
Apr 11 05:51:17 ovzhost sshd[1120]: PAM 2 more authentication failures; logname= uid=0 euid=0 tty=ssh ruser= rhost=43.255.190.174  user=root
Apr 11 05:51:17 ovzhost sshd[1122]: Failed password for root from 43.255.190.159 port 56586 ssh2
Apr 11 05:51:18 ovzhost sshd[1124]: pam_unix(sshd:auth): authentication failure; logname= uid=0 euid=0 tty=ssh ruser= rhost=43.255.190.174  user=root
Apr 11 05:51:20 ovzhost sshd[1124]: Failed password for root from 43.255.190.174 port 42239 ssh2
Apr 11 05:51:21 ovzhost sshd[1122]: message repeated 2 times: [ Failed password for root from 43.255.190.159 port 56586 ssh2]
Apr 11 05:51:21 ovzhost sshd[1122]: Received disconnect from 43.255.190.159: 11:  [preauth]
Apr 11 05:51:21 ovzhost sshd[1122]: PAM 2 more authentication failures; logname= uid=0 euid=0 tty=ssh ruser= rhost=43.255.190.159  user=root
Apr 11 05:51:22 ovzhost sshd[1126]: pam_unix(sshd:auth): authentication failure; logname= uid=0 euid=0 tty=ssh ruser= rhost=43.255.190.159  user=root
Apr 11 05:51:23 ovzhost sshd[1124]: message repeated 2 times: [ Failed password for root from 43.255.190.174 port 42239 ssh2]
Apr 11 05:51:24 ovzhost sshd[1124]: Received disconnect from 43.255.190.174: 11:  [preauth]
Apr 11 05:51:24 ovzhost sshd[1124]: PAM 2 more authentication failures; logname= uid=0 euid=0 tty=ssh ruser= rhost=43.255.190.174  user=root
Apr 11 05:51:24 ovzhost sshd[1126]: Failed password for root from 43.255.190.159 port 40754 ssh2
Apr 11 05:51:24 ovzhost sshd[1128]: pam_unix(sshd:auth): authentication failure; logname= uid=0 euid=0 tty=ssh ruser= rhost=43.255.190.174  user=root
Apr 11 05:51:27 ovzhost sshd[1128]: Failed password for root from 43.255.190.174 port 56106 ssh2
Apr 11 05:51:28 ovzhost sshd[1126]: message repeated 2 times: [ Failed password for root from 43.255.190.159 port 40754 ssh2]
Apr 11 05:51:28 ovzhost sshd[1126]: Received disconnect from 43.255.190.159: 11:  [preauth]
Apr 11 05:51:28 ovzhost sshd[1126]: PAM 2 more authentication failures; logname= uid=0 euid=0 tty=ssh ruser= rhost=43.255.190.159  user=root
Apr 11 05:51:30 ovzhost sshd[1132]: pam_unix(sshd:auth): authentication failure; logname= uid=0 euid=0 tty=ssh ruser= rhost=43.255.190.159  user=root
Apr 11 05:51:30 ovzhost sshd[1128]: message repeated 2 times: [ Failed password for root from 43.255.190.174 port 56106 ssh2]
Apr 11 05:51:31 ovzhost sshd[1128]: Received disconnect from 43.255.190.174: 11:  [preauth]
Apr 11 05:51:31 ovzhost sshd[1128]: PAM 2 more authentication failures; logname= uid=0 euid=0 tty=ssh ruser= rhost=43.255.190.174  user=root
Apr 11 05:51:31 ovzhost sshd[1134]: pam_unix(sshd:auth): authentication failure; logname= uid=0 euid=0 tty=ssh ruser= rhost=43.255.190.174  user=root
Apr 11 05:51:32 ovzhost sshd[1132]: Failed password for root from 43.255.190.159 port 52710 ssh2
Apr 11 05:51:33 ovzhost sshd[1134]: Failed password for root from 43.255.190.174 port 42348 ssh2
Apr 11 05:51:33 ovzhost sshd[1136]: Invalid user yodelay from 221.146.74.146
Apr 11 05:51:33 ovzhost sshd[1136]: input_userauth_request: invalid user yodelay [preauth]
Apr 11 05:51:33 ovzhost sshd[1136]: pam_unix(sshd:auth): check pass; user unknown
Apr 11 05:51:33 ovzhost sshd[1136]: pam_unix(sshd:auth): authentication failure; logname= uid=0 euid=0 tty=ssh ruser= rhost=221.146.74.146 
Apr 11 05:51:35 ovzhost sshd[1136]: Failed password for invalid user yodelay from 221.146.74.146 port 33239 ssh2
Apr 11 05:51:35 ovzhost sshd[1136]: Connection closed by 221.146.74.146 [preauth]
Apr 11 05:51:36 ovzhost sshd[1132]: message repeated 2 times: [ Failed password for root from 43.255.190.159 port 52710 ssh2]
Apr 11 05:51:36 ovzhost sshd[1132]: Received disconnect from 43.255.190.159: 11:  [preauth]
Apr 11 05:51:36 ovzhost sshd[1132]: PAM 2 more authentication failures; logname= uid=0 euid=0 tty=ssh ruser= rhost=43.255.190.159  user=root
Apr 11 05:51:36 ovzhost sshd[1138]: pam_unix(sshd:auth): authentication failure; logname= uid=0 euid=0 tty=ssh ruser= rhost=43.255.190.159  user=root
Apr 11 05:51:37 ovzhost sshd[1134]: message repeated 2 times: [ Failed password for root from 43.255.190.174 port 42348 ssh2]
Apr 11 05:51:38 ovzhost sshd[1134]: Received disconnect from 43.255.190.174: 11:  [preauth]
Apr 11 05:51:38 ovzhost sshd[1134]: PAM 2 more authentication failures; logname= uid=0 euid=0 tty=ssh ruser= rhost=43.255.190.174  user=root
Apr 11 05:51:38 ovzhost sshd[1140]: pam_unix(sshd:auth): authentication failure; logname= uid=0 euid=0 tty=ssh ruser= rhost=43.255.190.174  user=root
Apr 11 05:51:39 ovzhost sshd[1138]: Failed password for root from 43.255.190.159 port 37695 ssh2
Apr 11 05:51:40 ovzhost sshd[1140]: Failed password for root from 43.255.190.174 port 56983 ssh2
Apr 11 05:51:42 ovzhost sshd[1138]: message repeated 2 times: [ Failed password for root from 43.255.190.159 port 37695 ssh2]
Apr 11 05:51:43 ovzhost sshd[1138]: Received disconnect from 43.255.190.159: 11:  [preauth]
Apr 11 05:51:43 ovzhost sshd[1138]: PAM 2 more authentication failures; logname= uid=0 euid=0 tty=ssh ruser= rhost=43.255.190.159  user=root
Apr 11 05:51:43 ovzhost sshd[1142]: pam_unix(sshd:auth): authentication failure; logname= uid=0 euid=0 tty=ssh ruser= rhost=43.255.190.159  user=root
Apr 11 05:51:44 ovzhost sshd[1140]: message repeated 2 times: [ Failed password for root from 43.255.190.174 port 56983 ssh2]
Apr 11 05:51:44 ovzhost sshd[1140]: Received disconnect from 43.255.190.174: 11:  [preauth]
Apr 11 05:51:44 ovzhost sshd[1140]: PAM 2 more authentication failures; logname= uid=0 euid=0 tty=ssh ruser= rhost=43.255.190.174  user=root
Apr 11 05:51:45 ovzhost sshd[1144]: pam_unix(sshd:auth): authentication failure; logname= uid=0 euid=0 tty=ssh ruser= rhost=43.255.190.174  user=root
Apr 11 05:51:45 ovzhost sshd[1147]: Connection closed by 127.0.0.1 [preauth]
Apr 11 05:51:45 ovzhost sshd[1142]: Failed password for root from 43.255.190.159 port 50047 ssh2
Apr 11 05:51:47 ovzhost sshd[1144]: Failed password for root from 43.255.190.174 port 43749 ssh2
Apr 11 05:51:50 ovzhost sshd[1142]: message repeated 2 times: [ Failed password for root from 43.255.190.159 port 50047 ssh2]
Apr 11 05:51:50 ovzhost sshd[1142]: Received disconnect from 43.255.190.159: 11:  [preauth]
Apr 11 05:51:50 ovzhost sshd[1142]: PAM 2 more authentication failures; logname= uid=0 euid=0 tty=ssh ruser= rhost=43.255.190.159  user=root
Apr 11 05:51:51 ovzhost sshd[1149]: pam_unix(sshd:auth): authentication failure; logname= uid=0 euid=0 tty=ssh ruser= rhost=43.255.190.159  user=root
Apr 11 05:51:51 ovzhost sshd[1144]: message repeated 2 times: [ Failed password for root from 43.255.190.174 port 43749 ssh2]
Apr 11 05:51:51 ovzhost sshd[1144]: Received disconnect from 43.255.190.174: 11:  [preauth]
Apr 11 05:51:51 ovzhost sshd[1144]: PAM 2 more authentication failures; logname= uid=0 euid=0 tty=ssh ruser= rhost=43.255.190.174  user=root
Apr 11 05:51:53 ovzhost sshd[1149]: Failed password for root from 43.255.190.159 port 34313 ssh2
Apr 11 05:51:55 ovzhost sshd[1152]: pam_unix(sshd:auth): authentication failure; logname= uid=0 euid=0 tty=ssh ruser= rhost=43.255.190.174  user=root
Apr 11 05:51:57 ovzhost sshd[1149]: message repeated 2 times: [ Failed password for root from 43.255.190.159 port 34313 ssh2]
Apr 11 05:51:57 ovzhost sshd[1149]: Received disconnect from 43.255.190.159: 11:  [preauth]
Apr 11 05:51:57 ovzhost sshd[1149]: PAM 2 more authentication failures; logname= uid=0 euid=0 tty=ssh ruser= rhost=43.255.190.159  user=root
Apr 11 05:51:57 ovzhost sshd[1152]: Failed password for root from 43.255.190.174 port 58925 ssh2
Apr 11 05:51:58 ovzhost sshd[1154]: pam_unix(sshd:auth): authentication failure; logname= uid=0 euid=0 tty=ssh ruser= rhost=43.255.190.159  user=root
Apr 11 05:51:59 ovzhost sshd[1154]: Failed password for root from 43.255.190.159 port 48046 ssh2
Apr 11 05:52:02 ovzhost sshd[1152]: message repeated 2 times: [ Failed password for root from 43.255.190.174 port 58925 ssh2]
Apr 11 05:52:02 ovzhost sshd[1152]: Received disconnect from 43.255.190.174: 11:  [preauth]
Apr 11 05:52:02 ovzhost sshd[1152]: PAM 2 more authentication failures; logname= uid=0 euid=0 tty=ssh ruser= rhost=43.255.190.174  user=root
Apr 11 05:52:02 ovzhost sshd[1156]: pam_unix(sshd:auth): authentication failure; logname= uid=0 euid=0 tty=ssh ruser= rhost=43.255.190.174  user=root
Apr 11 05:52:04 ovzhost sshd[1154]: message repeated 2 times: [ Failed password for root from 43.255.190.159 port 48046 ssh2]
Apr 11 05:52:04 ovzhost sshd[1154]: Received disconnect from 43.255.190.159: 11:  [preauth]
Apr 11 05:52:04 ovzhost sshd[1154]: PAM 2 more authentication failures; logname= uid=0 euid=0 tty=ssh ruser= rhost=43.255.190.159  user=root
Apr 11 05:52:04 ovzhost sshd[1156]: Failed password for root from 43.255.190.174 port 52008 ssh2
Apr 11 05:52:04 ovzhost sshd[1158]: pam_unix(sshd:auth): authentication failure; logname= uid=0 euid=0 tty=ssh ruser= rhost=43.255.190.159  user=root
Apr 11 05:52:06 ovzhost sshd[1158]: Failed password for root from 43.255.190.159 port 60368 ssh2
Apr 11 05:52:08 ovzhost sshd[1156]: message repeated 2 times: [ Failed password for root from 43.255.190.174 port 52008 ssh2]
Apr 11 05:52:08 ovzhost sshd[1156]: Received disconnect from 43.255.190.174: 11:  [preauth]
Apr 11 05:52:08 ovzhost sshd[1156]: PAM 2 more authentication failures; logname= uid=0 euid=0 tty=ssh ruser= rhost=43.255.190.174  user=root
Apr 11 05:52:08 ovzhost sshd[1160]: pam_unix(sshd:auth): authentication failure; logname= uid=0 euid=0 tty=ssh ruser= rhost=43.255.190.174  user=root
Apr 11 05:52:11 ovzhost sshd[1158]: message repeated 2 times: [ Failed password for root from 43.255.190.159 port 60368 ssh2]
Apr 11 05:52:11 ovzhost sshd[1158]: Received disconnect from 43.255.190.159: 11:  [preauth]
Apr 11 05:52:11 ovzhost sshd[1158]: PAM 2 more authentication failures; logname= uid=0 euid=0 tty=ssh ruser= rhost=43.255.190.159  user=root
Apr 11 05:52:11 ovzhost sshd[1160]: Failed password for root from 43.255.190.174 port 38199 ssh2
Apr 11 05:52:11 ovzhost sshd[1162]: pam_unix(sshd:auth): authentication failure; logname= uid=0 euid=0 tty=ssh ruser= rhost=43.255.190.159  user=root
Apr 11 05:52:14 ovzhost sshd[1162]: Failed password for root from 43.255.190.159 port 44968 ssh2
Apr 11 05:52:16 ovzhost sshd[1160]: message repeated 2 times: [ Failed password for root from 43.255.190.174 port 38199 ssh2]
Apr 11 05:52:17 ovzhost sshd[1160]: Received disconnect from 43.255.190.174: 11:  [preauth]
Apr 11 05:52:17 ovzhost sshd[1160]: PAM 2 more authentication failures; logname= uid=0 euid=0 tty=ssh ruser= rhost=43.255.190.174  user=root
Apr 11 05:52:17 ovzhost sshd[1162]: message repeated 2 times: [ Failed password for root from 43.255.190.159 port 44968 ssh2]
Apr 11 05:52:18 ovzhost sshd[1162]: Received disconnect from 43.255.190.159: 11:  [preauth]
Apr 11 05:52:18 ovzhost sshd[1162]: PAM 2 more authentication failures; logname= uid=0 euid=0 tty=ssh ruser= rhost=43.255.190.159  user=root
Apr 11 05:52:19 ovzhost sshd[1164]: pam_unix(sshd:auth): authentication failure; logname= uid=0 euid=0 tty=ssh ruser= rhost=43.255.190.174  user=root
Apr 11 05:52:19 ovzhost sshd[1166]: pam_unix(sshd:auth): authentication failure; logname= uid=0 euid=0 tty=ssh ruser= rhost=43.255.190.159  user=root
Apr 11 05:52:20 ovzhost sshd[1164]: Failed password for root from 43.255.190.174 port 55865 ssh2
Apr 11 05:52:21 ovzhost sshd[1166]: Failed password for root from 43.255.190.159 port 57832 ssh2
Apr 11 05:52:25 ovzhost sshd[1166]: message repeated 2 times: [ Failed password for root from 43.255.190.159 port 57832 ssh2]
Apr 11 05:52:25 ovzhost sshd[1166]: Received disconnect from 43.255.190.159: 11:  [preauth]
Apr 11 05:52:25 ovzhost sshd[1166]: PAM 2 more authentication failures; logname= uid=0 euid=0 tty=ssh ruser= rhost=43.255.190.159  user=root
Apr 11 05:52:25 ovzhost sshd[1164]: message repeated 2 times: [ Failed password for root from 43.255.190.174 port 55865 ssh2]
Apr 11 05:52:25 ovzhost sshd[1164]: Received disconnect from 43.255.190.174: 11:  [preauth]
Apr 11 05:52:25 ovzhost sshd[1164]: PAM 2 more authentication failures; logname= uid=0 euid=0 tty=ssh ruser= rhost=43.255.190.174  user=root
Apr 11 05:52:26 ovzhost sshd[1170]: pam_unix(sshd:auth): authentication failure; logname= uid=0 euid=0 tty=ssh ruser= rhost=43.255.190.174  user=root
Apr 11 05:52:26 ovzhost sshd[1168]: pam_unix(sshd:auth): authentication failure; logname= uid=0 euid=0 tty=ssh ruser= rhost=43.255.190.159  user=root
Apr 11 05:52:28 ovzhost sshd[1170]: Failed password for root from 43.255.190.174 port 45409 ssh2
Apr 11 05:52:28 ovzhost sshd[1168]: Failed password for root from 43.255.190.159 port 41225 ssh2
Apr 11 05:52:31 ovzhost sshd[1170]: message repeated 2 times: [ Failed password for root from 43.255.190.174 port 45409 ssh2]
Apr 11 05:52:31 ovzhost sshd[1170]: Received disconnect from 43.255.190.174: 11:  [preauth]
Apr 11 05:52:31 ovzhost sshd[1170]: PAM 2 more authentication failures; logname= uid=0 euid=0 tty=ssh ruser= rhost=43.255.190.174  user=root
Apr 11 05:52:31 ovzhost sshd[1168]: message repeated 2 times: [ Failed password for root from 43.255.190.159 port 41225 ssh2]
Apr 11 05:52:31 ovzhost sshd[1168]: Received disconnect from 43.255.190.159: 11:  [preauth]
Apr 11 05:52:31 ovzhost sshd[1168]: PAM 2 more authentication failures; logname= uid=0 euid=0 tty=ssh ruser= rhost=43.255.190.159  user=root
Apr 11 05:52:32 ovzhost sshd[1172]: pam_unix(sshd:auth): authentication failure; logname= uid=0 euid=0 tty=ssh ruser= rhost=43.255.190.174  user=root
Apr 11 05:52:32 ovzhost sshd[1174]: pam_unix(sshd:auth): authentication failure; logname= uid=0 euid=0 tty=ssh ruser= rhost=43.255.190.159  user=root
Apr 11 05:52:34 ovzhost sshd[1172]: Failed password for root from 43.255.190.174 port 58118 ssh2
Apr 11 05:52:34 ovzhost sshd[1174]: Failed password for root from 43.255.190.159 port 53370 ssh2
Apr 11 05:52:38 ovzhost sshd[1172]: message repeated 2 times: [ Failed password for root from 43.255.190.174 port 58118 ssh2]
Apr 11 05:52:38 ovzhost sshd[1172]: Received disconnect from 43.255.190.174: 11:  [preauth]
Apr 11 05:52:38 ovzhost sshd[1172]: PAM 2 more authentication failures; logname= uid=0 euid=0 tty=ssh ruser= rhost=43.255.190.174  user=root
Apr 11 05:52:38 ovzhost sshd[1174]: message repeated 2 times: [ Failed password for root from 43.255.190.159 port 53370 ssh2]
Apr 11 05:52:38 ovzhost sshd[1174]: Received disconnect from 43.255.190.159: 11:  [preauth]
Apr 11 05:52:38 ovzhost sshd[1174]: PAM 2 more authentication failures; logname= uid=0 euid=0 tty=ssh ruser= rhost=43.255.190.159  user=root
Apr 11 05:52:39 ovzhost sshd[1176]: pam_unix(sshd:auth): authentication failure; logname= uid=0 euid=0 tty=ssh ruser= rhost=43.255.190.174  user=root
Apr 11 05:52:39 ovzhost sshd[1178]: pam_unix(sshd:auth): authentication failure; logname= uid=0 euid=0 tty=ssh ruser= rhost=43.255.190.159  user=root
Apr 11 05:52:41 ovzhost sshd[1176]: Failed password for root from 43.255.190.174 port 44812 ssh2
Apr 11 05:52:41 ovzhost sshd[1178]: Failed password for root from 43.255.190.159 port 38002 ssh2
Apr 11 05:52:45 ovzhost sshd[1176]: message repeated 2 times: [ Failed password for root from 43.255.190.174 port 44812 ssh2]
Apr 11 05:52:45 ovzhost sshd[1176]: Received disconnect from 43.255.190.174: 11:  [preauth]
Apr 11 05:52:45 ovzhost sshd[1176]: PAM 2 more authentication failures; logname= uid=0 euid=0 tty=ssh ruser= rhost=43.255.190.174  user=root
Apr 11 05:52:45 ovzhost sshd[1178]: message repeated 2 times: [ Failed password for root from 43.255.190.159 port 38002 ssh2]
Apr 11 05:52:45 ovzhost sshd[1178]: Received disconnect from 43.255.190.159: 11:  [preauth]
Apr 11 05:52:45 ovzhost sshd[1178]: PAM 2 more authentication failures; logname= uid=0 euid=0 tty=ssh ruser= rhost=43.255.190.159  user=root
Apr 11 05:52:46 ovzhost sshd[1180]: pam_unix(sshd:auth): authentication failure; logname= uid=0 euid=0 tty=ssh ruser= rhost=43.255.190.174  user=root
Apr 11 05:52:48 ovzhost sshd[1180]: Failed password for root from 43.255.190.174 port 59345 ssh2
Apr 11 05:52:52 ovzhost sshd[1180]: message repeated 2 times: [ Failed password for root from 43.255.190.174 port 59345 ssh2]
Apr 11 05:52:52 ovzhost sshd[1180]: Received disconnect from 43.255.190.174: 11:  [preauth]
Apr 11 05:52:52 ovzhost sshd[1180]: PAM 2 more authentication failures; logname= uid=0 euid=0 tty=ssh ruser= rhost=43.255.190.174  user=root
Apr 11 05:52:53 ovzhost sshd[1182]: pam_unix(sshd:auth): authentication failure; logname= uid=0 euid=0 tty=ssh ruser= rhost=43.255.190.174  user=root
Apr 11 05:52:55 ovzhost sshd[1182]: Failed password for root from 43.255.190.174 port 45874 ssh2
Apr 11 05:53:00 ovzhost sshd[1182]: message repeated 2 times: [ Failed password for root from 43.255.190.174 port 45874 ssh2]
Apr 11 05:53:00 ovzhost sshd[1182]: Received disconnect from 43.255.190.174: 11:  [preauth]
Apr 11 05:53:00 ovzhost sshd[1182]: PAM 2 more authentication failures; logname= uid=0 euid=0 tty=ssh ruser= rhost=43.255.190.174  user=root
Apr 11 05:56:45 ovzhost sshd[1200]: Connection closed by 127.0.0.1 [preauth]
Apr 11 06:00:01 ovzhost CRON[1215]: pam_env(cron:session): Unable to open env file: /etc/default/locale: No such file or directory
Apr 11 06:00:01 ovzhost CRON[1215]: pam_unix(cron:session): session opened for user smmsp by (uid=0)
Apr 11 06:00:01 ovzhost CRON[1215]: pam_unix(cron:session): session closed for user smmsp
Apr 11 06:00:26 ovzhost sshd[1245]: Connection closed by 128.8.37.104 [preauth]
Apr 11 06:00:38 ovzhost sshd[1247]: pam_unix(sshd:auth): authentication failure; logname= uid=0 euid=0 tty=ssh ruser= rhost=61.160.213.190  user=root
Apr 11 06:00:40 ovzhost sshd[1247]: Failed password for root from 61.160.213.190 port 54169 ssh2
Apr 11 06:00:44 ovzhost sshd[1247]: message repeated 2 times: [ Failed password for root from 61.160.213.190 port 54169 ssh2]
Apr 11 06:00:45 ovzhost sshd[1247]: Received disconnect from 61.160.213.190: 11:  [preauth]
Apr 11 06:00:45 ovzhost sshd[1247]: PAM 2 more authentication failures; logname= uid=0 euid=0 tty=ssh ruser= rhost=61.160.213.190  user=root
Apr 11 06:00:47 ovzhost sshd[1249]: pam_unix(sshd:auth): authentication failure; logname= uid=0 euid=0 tty=ssh ruser= rhost=61.160.213.190  user=root
Apr 11 06:00:49 ovzhost sshd[1249]: Failed password for root from 61.160.213.190 port 43649 ssh2
Apr 11 06:00:53 ovzhost sshd[1249]: message repeated 2 times: [ Failed password for root from 61.160.213.190 port 43649 ssh2]
Apr 11 06:00:54 ovzhost sshd[1249]: Received disconnect from 61.160.213.190: 11:  [preauth]
Apr 11 06:00:54 ovzhost sshd[1249]: PAM 2 more authentication failures; logname= uid=0 euid=0 tty=ssh ruser= rhost=61.160.213.190  user=root
Apr 11 06:01:03 ovzhost sshd[1251]: pam_unix(sshd:auth): authentication failure; logname= uid=0 euid=0 tty=ssh ruser= rhost=61.160.213.190  user=root
Apr 11 06:01:04 ovzhost sshd[1251]: Failed password for root from 61.160.213.190 port 36304 ssh2
Apr 11 06:01:09 ovzhost sshd[1251]: message repeated 2 times: [ Failed password for root from 61.160.213.190 port 36304 ssh2]
Apr 11 06:01:09 ovzhost sshd[1251]: Received disconnect from 61.160.213.190: 11:  [preauth]
Apr 11 06:01:09 ovzhost sshd[1251]: PAM 2 more authentication failures; logname= uid=0 euid=0 tty=ssh ruser= rhost=61.160.213.190  user=root
Apr 11 06:01:11 ovzhost sshd[1255]: pam_unix(sshd:auth): authentication failure; logname= uid=0 euid=0 tty=ssh ruser= rhost=61.160.213.190  user=root
Apr 11 06:01:12 ovzhost sshd[1255]: Failed password for root from 61.160.213.190 port 42899 ssh2
Apr 11 06:01:17 ovzhost sshd[1255]: message repeated 2 times: [ Failed password for root from 61.160.213.190 port 42899 ssh2]
Apr 11 06:01:17 ovzhost sshd[1255]: Received disconnect from 61.160.213.190: 11:  [preauth]
Apr 11 06:01:17 ovzhost sshd[1255]: PAM 2 more authentication failures; logname= uid=0 euid=0 tty=ssh ruser= rhost=61.160.213.190  user=root
Apr 11 06:01:19 ovzhost sshd[1257]: pam_unix(sshd:auth): authentication failure; logname= uid=0 euid=0 tty=ssh ruser= rhost=61.160.213.190  user=root
Apr 11 06:01:21 ovzhost sshd[1257]: Failed password for root from 61.160.213.190 port 60214 ssh2
Apr 11 06:01:26 ovzhost sshd[1257]: message repeated 2 times: [ Failed password for root from 61.160.213.190 port 60214 ssh2]
Apr 11 06:01:26 ovzhost sshd[1257]: Received disconnect from 61.160.213.190: 11:  [preauth]
Apr 11 06:01:26 ovzhost sshd[1257]: PAM 2 more authentication failures; logname= uid=0 euid=0 tty=ssh ruser= rhost=61.160.213.190  user=root
Apr 11 06:01:28 ovzhost sshd[1259]: pam_unix(sshd:auth): authentication failure; logname= uid=0 euid=0 tty=ssh ruser= rhost=61.160.213.190  user=root
Apr 11 06:01:29 ovzhost sshd[1259]: Failed password for root from 61.160.213.190 port 52960 ssh2
Apr 11 06:01:37 ovzhost sshd[1259]: message repeated 2 times: [ Failed password for root from 61.160.213.190 port 52960 ssh2]
Apr 11 06:01:37 ovzhost sshd[1259]: Received disconnect from 61.160.213.190: 11:  [preauth]
Apr 11 06:01:37 ovzhost sshd[1259]: PAM 2 more authentication failures; logname= uid=0 euid=0 tty=ssh ruser= rhost=61.160.213.190  user=root
Apr 11 06:01:39 ovzhost sshd[1263]: pam_unix(sshd:auth): authentication failure; logname= uid=0 euid=0 tty=ssh ruser= rhost=61.160.213.190  user=root
Apr 11 06:01:41 ovzhost sshd[1263]: Failed password for root from 61.160.213.190 port 49121 ssh2
Apr 11 06:01:45 ovzhost sshd[1266]: Connection closed by 127.0.0.1 [preauth]
Apr 11 06:01:46 ovzhost sshd[1263]: message repeated 2 times: [ Failed password for root from 61.160.213.190 port 49121 ssh2]
Apr 11 06:01:46 ovzhost sshd[1263]: Received disconnect from 61.160.213.190: 11:  [preauth]
Apr 11 06:01:46 ovzhost sshd[1263]: PAM 2 more authentication failures; logname= uid=0 euid=0 tty=ssh ruser= rhost=61.160.213.190  user=root
Apr 11 06:01:48 ovzhost sshd[1268]: pam_unix(sshd:auth): authentication failure; logname= uid=0 euid=0 tty=ssh ruser= rhost=61.160.213.190  user=root
Apr 11 06:01:50 ovzhost sshd[1268]: Failed password for root from 61.160.213.190 port 39637 ssh2
Apr 11 06:01:54 ovzhost sshd[1268]: message repeated 2 times: [ Failed password for root from 61.160.213.190 port 39637 ssh2]
Apr 11 06:01:55 ovzhost sshd[1268]: Received disconnect from 61.160.213.190: 11:  [preauth]
Apr 11 06:01:55 ovzhost sshd[1268]: PAM 2 more authentication failures; logname= uid=0 euid=0 tty=ssh ruser= rhost=61.160.213.190  user=root
Apr 11 06:01:58 ovzhost sshd[1271]: pam_unix(sshd:auth): authentication failure; logname= uid=0 euid=0 tty=ssh ruser= rhost=61.160.213.190  user=root
Apr 11 06:01:59 ovzhost sshd[1271]: Failed password for root from 61.160.213.190 port 59257 ssh2
Apr 11 06:02:04 ovzhost sshd[1271]: message repeated 2 times: [ Failed password for root from 61.160.213.190 port 59257 ssh2]
Apr 11 06:02:04 ovzhost sshd[1271]: Received disconnect from 61.160.213.190: 11:  [preauth]
Apr 11 06:02:04 ovzhost sshd[1271]: PAM 2 more authentication failures; logname= uid=0 euid=0 tty=ssh ruser= rhost=61.160.213.190  user=root
Apr 11 06:02:19 ovzhost sshd[1273]: pam_unix(sshd:auth): authentication failure; logname= uid=0 euid=0 tty=ssh ruser= rhost=61.160.213.190  user=root
Apr 11 06:02:21 ovzhost sshd[1273]: Failed password for root from 61.160.213.190 port 52889 ssh2
Apr 11 06:02:29 ovzhost sshd[1273]: message repeated 2 times: [ Failed password for root from 61.160.213.190 port 52889 ssh2]
Apr 11 06:02:31 ovzhost sshd[1273]: Received disconnect from 61.160.213.190: 11:  [preauth]
Apr 11 06:02:31 ovzhost sshd[1273]: PAM 2 more authentication failures; logname= uid=0 euid=0 tty=ssh ruser= rhost=61.160.213.190  user=root
Apr 11 06:02:34 ovzhost sshd[1275]: pam_unix(sshd:auth): authentication failure; logname= uid=0 euid=0 tty=ssh ruser= rhost=61.160.213.190  user=root
Apr 11 06:02:36 ovzhost sshd[1275]: Failed password for root from 61.160.213.190 port 52884 ssh2
Apr 11 06:02:40 ovzhost sshd[1275]: message repeated 2 times: [ Failed password for root from 61.160.213.190 port 52884 ssh2]
Apr 11 06:02:40 ovzhost sshd[1275]: Received disconnect from 61.160.213.190: 11:  [preauth]
Apr 11 06:02:40 ovzhost sshd[1275]: PAM 2 more authentication failures; logname= uid=0 euid=0 tty=ssh ruser= rhost=61.160.213.190  user=root
Apr 11 06:02:42 ovzhost sshd[1277]: pam_unix(sshd:auth): authentication failure; logname= uid=0 euid=0 tty=ssh ruser= rhost=61.160.213.190  user=root
Apr 11 06:02:44 ovzhost sshd[1277]: Failed password for root from 61.160.213.190 port 44420 ssh2
Apr 11 06:02:49 ovzhost sshd[1277]: message repeated 2 times: [ Failed password for root from 61.160.213.190 port 44420 ssh2]
Apr 11 06:02:49 ovzhost sshd[1277]: Received disconnect from 61.160.213.190: 11:  [preauth]
Apr 11 06:02:49 ovzhost sshd[1277]: PAM 2 more authentication failures; logname= uid=0 euid=0 tty=ssh ruser= rhost=61.160.213.190  user=root
Apr 11 06:02:51 ovzhost sshd[1279]: pam_unix(sshd:auth): authentication failure; logname= uid=0 euid=0 tty=ssh ruser= rhost=61.160.213.190  user=root
Apr 11 06:02:53 ovzhost sshd[1279]: Failed password for root from 61.160.213.190 port 36007 ssh2
Apr 11 06:02:58 ovzhost sshd[1279]: message repeated 2 times: [ Failed password for root from 61.160.213.190 port 36007 ssh2]
Apr 11 06:02:58 ovzhost sshd[1279]: Received disconnect from 61.160.213.190: 11:  [preauth]
Apr 11 06:02:58 ovzhost sshd[1279]: PAM 2 more authentication failures; logname= uid=0 euid=0 tty=ssh ruser= rhost=61.160.213.190  user=root
Apr 11 06:03:00 ovzhost sshd[1282]: pam_unix(sshd:auth): authentication failure; logname= uid=0 euid=0 tty=ssh ruser= rhost=61.160.213.190  user=root
Apr 11 06:03:02 ovzhost sshd[1282]: Failed password for root from 61.160.213.190 port 56552 ssh2
Apr 11 06:03:07 ovzhost sshd[1282]: message repeated 2 times: [ Failed password for root from 61.160.213.190 port 56552 ssh2]
Apr 11 06:03:07 ovzhost sshd[1282]: Received disconnect from 61.160.213.190: 11:  [preauth]
Apr 11 06:03:07 ovzhost sshd[1282]: PAM 2 more authentication failures; logname= uid=0 euid=0 tty=ssh ruser= rhost=61.160.213.190  user=root
Apr 11 06:03:09 ovzhost sshd[1284]: pam_unix(sshd:auth): authentication failure; logname= uid=0 euid=0 tty=ssh ruser= rhost=61.160.213.190  user=root
Apr 11 06:03:11 ovzhost sshd[1284]: Failed password for root from 61.160.213.190 port 48823 ssh2
Apr 11 06:03:15 ovzhost sshd[1284]: message repeated 2 times: [ Failed password for root from 61.160.213.190 port 48823 ssh2]
Apr 11 06:03:15 ovzhost sshd[1284]: Received disconnect from 61.160.213.190: 11:  [preauth]
Apr 11 06:03:15 ovzhost sshd[1284]: PAM 2 more authentication failures; logname= uid=0 euid=0 tty=ssh ruser= rhost=61.160.213.190  user=root
Apr 11 06:03:17 ovzhost sshd[1290]: pam_unix(sshd:auth): authentication failure; logname= uid=0 euid=0 tty=ssh ruser= rhost=61.160.213.190  user=root
Apr 11 06:03:19 ovzhost sshd[1290]: Failed password for root from 61.160.213.190 port 40212 ssh2
Apr 11 06:03:24 ovzhost sshd[1290]: message repeated 2 times: [ Failed password for root from 61.160.213.190 port 40212 ssh2]
Apr 11 06:03:24 ovzhost sshd[1290]: Received disconnect from 61.160.213.190: 11:  [preauth]
Apr 11 06:03:24 ovzhost sshd[1290]: PAM 2 more authentication failures; logname= uid=0 euid=0 tty=ssh ruser= rhost=61.160.213.190  user=root
Apr 11 06:03:26 ovzhost sshd[1292]: pam_unix(sshd:auth): authentication failure; logname= uid=0 euid=0 tty=ssh ruser= rhost=61.160.213.190  user=root
