Mar 31 17:16:56 ovzhost sudo:     root : unable to resolve host ovzhost
Mar 31 17:16:56 ovzhost sudo:     root : TTY=pts/0 ; PWD=/ ; USER=root ; COMMAND=/usr/bin/less /root/.bash_history
Mar 31 17:16:56 ovzhost sudo: pam_unix(sudo:session): session opened for user root by (uid=0)
Mar 31 17:16:57 ovzhost sudo: pam_unix(sudo:session): session closed for user root
Apr  2 14:31:13 ovzhost sshd[419]: Server listening on 0.0.0.0 port 22.
Apr  2 14:31:13 ovzhost sshd[419]: Server listening on :: port 22.
Apr  2 14:31:13 ovzhost saslauthd[637]: detach_tty      : master pid is: 637
Apr  2 14:31:13 ovzhost saslauthd[637]: ipc_init        : listening on socket: /var/run/saslauthd/mux
Apr  2 14:33:26 ovzhost sshd[797]: Connection closed by 127.0.0.1 [preauth]
Apr 11 05:36:45 ovzhost sshd[783]: Connection closed by 127.0.0.1 [preauth]
Apr 11 05:39:01 ovzhost CRON[796]: pam_env(cron:session): Unable to open env file: /etc/default/locale: No such file or directory
Apr 11 05:39:01 ovzhost CRON[796]: pam_unix(cron:session): session opened for user root by (uid=0)
Apr 11 05:39:01 ovzhost CRON[796]: pam_unix(cron:session): session closed for user root
Apr 11 05:39:17 ovzhost sshd[807]: Invalid user system_admin from 80.242.123.130
Apr 11 05:39:17 ovzhost sshd[807]: input_userauth_request: invalid user system_admin [preauth]
Apr 11 05:39:17 ovzhost sshd[807]: pam_unix(sshd:auth): check pass; user unknown
Apr 11 05:39:17 ovzhost sshd[807]: pam_unix(sshd:auth): authentication failure; logname= uid=0 euid=0 tty=ssh ruser= rhost=130-123-242-80.pppoe.dyn.broadband.blic.net 
Apr 11 05:39:19 ovzhost sshd[807]: Failed password for invalid user system_admin from 80.242.123.130 port 51109 ssh2
Apr 11 05:39:19 ovzhost sshd[807]: Received disconnect from 80.242.123.130: 11: Bye Bye [preauth]
Apr 11 05:40:01 ovzhost CRON[811]: pam_env(cron:session): Unable to open env file: /etc/default/locale: No such file or directory
Apr 11 05:40:01 ovzhost CRON[811]: pam_unix(cron:session): session opened for user smmsp by (uid=0)
Apr 11 05:40:01 ovzhost CRON[811]: pam_unix(cron:session): session closed for user smmsp
Apr 11 05:40:26 ovzhost sshd[841]: Connection closed by 128.8.37.104 [preauth]
Apr 11 05:41:45 ovzhost sshd[848]: Connection closed by 127.0.0.1 [preauth]
Apr 11 05:44:25 ovzhost sshd[858]: pam_unix(sshd:auth): authentication failure; logname= uid=0 euid=0 tty=ssh ruser= rhost=43.255.190.159  user=root
Apr 11 05:44:28 ovzhost sshd[858]: Failed password for root from 43.255.190.159 port 41768 ssh2
Apr 11 05:44:32 ovzhost sshd[858]: message repeated 2 times: [ Failed password for root from 43.255.190.159 port 41768 ssh2]
Apr 11 05:44:32 ovzhost sshd[858]: Received disconnect from 43.255.190.159: 11:  [preauth]
Apr 11 05:44:32 ovzhost sshd[858]: PAM 2 more authentication failures; logname= uid=0 euid=0 tty=ssh ruser= rhost=43.255.190.159  user=root
Apr 11 05:44:33 ovzhost sshd[860]: pam_unix(sshd:auth): authentication failure; logname= uid=0 euid=0 tty=ssh ruser= rhost=43.255.190.159  user=root
Apr 11 05:44:33 ovzhost sshd[862]: pam_unix(sshd:auth): authentication failure; logname= uid=0 euid=0 tty=ssh ruser= rhost=43.255.190.174  user=root
Apr 11 05:44:35 ovzhost sshd[860]: Failed password for root from 43.255.190.159 port 55900 ssh2
Apr 11 05:44:36 ovzhost sshd[862]: Failed password for root from 43.255.190.174 port 56689 ssh2
Apr 11 05:44:40 ovzhost sshd[860]: message repeated 2 times: [ Failed password for root from 43.255.190.159 port 55900 ssh2]
Apr 11 05:44:40 ovzhost sshd[860]: Received disconnect from 43.255.190.159: 11:  [preauth]
Apr 11 05:44:40 ovzhost sshd[860]: PAM 2 more authentication failures; logname= uid=0 euid=0 tty=ssh ruser= rhost=43.255.190.159  user=root
Apr 11 05:44:40 ovzhost sshd[864]: pam_unix(sshd:auth): authentication failure; logname= uid=0 euid=0 tty=ssh ruser= rhost=43.255.190.159  user=root
Apr 11 05:44:41 ovzhost sshd[862]: message repeated 2 times: [ Failed password for root from 43.255.190.174 port 56689 ssh2]
Apr 11 05:44:41 ovzhost sshd[862]: Received disconnect from 43.255.190.174: 11:  [preauth]
Apr 11 05:44:41 ovzhost sshd[862]: PAM 2 more authentication failures; logname= uid=0 euid=0 tty=ssh ruser= rhost=43.255.190.174  user=root
Apr 11 05:44:41 ovzhost sshd[866]: pam_unix(sshd:auth): authentication failure; logname= uid=0 euid=0 tty=ssh ruser= rhost=43.255.190.174  user=root
Apr 11 05:44:42 ovzhost sshd[864]: Failed password for root from 43.255.190.159 port 43610 ssh2
Apr 11 05:44:44 ovzhost sshd[866]: Failed password for root from 43.255.190.174 port 48592 ssh2
Apr 11 05:44:47 ovzhost sshd[864]: message repeated 2 times: [ Failed password for root from 43.255.190.159 port 43610 ssh2]
Apr 11 05:44:47 ovzhost sshd[864]: Received disconnect from 43.255.190.159: 11:  [preauth]
Apr 11 05:44:47 ovzhost sshd[864]: PAM 2 more authentication failures; logname= uid=0 euid=0 tty=ssh ruser= rhost=43.255.190.159  user=root
Apr 11 05:44:47 ovzhost sshd[868]: pam_unix(sshd:auth): authentication failure; logname= uid=0 euid=0 tty=ssh ruser= rhost=43.255.190.159  user=root
Apr 11 05:44:48 ovzhost sshd[866]: message repeated 2 times: [ Failed password for root from 43.255.190.174 port 48592 ssh2]
Apr 11 05:44:48 ovzhost sshd[866]: Received disconnect from 43.255.190.174: 11:  [preauth]
Apr 11 05:44:48 ovzhost sshd[866]: PAM 2 more authentication failures; logname= uid=0 euid=0 tty=ssh ruser= rhost=43.255.190.174  user=root
Apr 11 05:44:49 ovzhost sshd[870]: pam_unix(sshd:auth): authentication failure; logname= uid=0 euid=0 tty=ssh ruser= rhost=43.255.190.174  user=root
Apr 11 05:44:49 ovzhost sshd[868]: Failed password for root from 43.255.190.159 port 58296 ssh2
Apr 11 05:44:51 ovzhost sshd[870]: Failed password for root from 43.255.190.174 port 38686 ssh2
Apr 11 05:44:54 ovzhost sshd[868]: message repeated 2 times: [ Failed password for root from 43.255.190.159 port 58296 ssh2]
Apr 11 05:44:54 ovzhost sshd[868]: Received disconnect from 43.255.190.159: 11:  [preauth]
Apr 11 05:44:54 ovzhost sshd[868]: PAM 2 more authentication failures; logname= uid=0 euid=0 tty=ssh ruser= rhost=43.255.190.159  user=root
Apr 11 05:44:55 ovzhost sshd[872]: pam_unix(sshd:auth): authentication failure; logname= uid=0 euid=0 tty=ssh ruser= rhost=43.255.190.159  user=root
Apr 11 05:44:55 ovzhost sshd[870]: message repeated 2 times: [ Failed password for root from 43.255.190.174 port 38686 ssh2]
Apr 11 05:44:55 ovzhost sshd[870]: Received disconnect from 43.255.190.174: 11:  [preauth]
Apr 11 05:44:55 ovzhost sshd[870]: PAM 2 more authentication failures; logname= uid=0 euid=0 tty=ssh ruser= rhost=43.255.190.174  user=root
Apr 11 05:44:56 ovzhost sshd[875]: pam_unix(sshd:auth): authentication failure; logname= uid=0 euid=0 tty=ssh ruser= rhost=43.255.190.174  user=root
Apr 11 05:44:58 ovzhost sshd[872]: Failed password for root from 43.255.190.159 port 44521 ssh2
Apr 11 05:44:58 ovzhost sshd[875]: Failed password for root from 43.255.190.174 port 55426 ssh2
Apr 11 05:45:02 ovzhost sshd[872]: message repeated 2 times: [ Failed password for root from 43.255.190.159 port 44521 ssh2]
Apr 11 05:45:02 ovzhost sshd[872]: Received disconnect from 43.255.190.159: 11:  [preauth]
Apr 11 05:45:02 ovzhost sshd[872]: PAM 2 more authentication failures; logname= uid=0 euid=0 tty=ssh ruser= rhost=43.255.190.159  user=root
Apr 11 05:45:03 ovzhost sshd[875]: message repeated 2 times: [ Failed password for root from 43.255.190.174 port 55426 ssh2]
Apr 11 05:45:03 ovzhost sshd[875]: Received disconnect from 43.255.190.174: 11:  [preauth]
Apr 11 05:45:03 ovzhost sshd[875]: PAM 2 more authentication failures; logname= uid=0 euid=0 tty=ssh ruser= rhost=43.255.190.174  user=root
Apr 11 05:45:03 ovzhost sshd[878]: pam_unix(sshd:auth): authentication failure; logname= uid=0 euid=0 tty=ssh ruser= rhost=43.255.190.159  user=root
Apr 11 05:45:03 ovzhost sshd[880]: pam_unix(sshd:auth): authentication failure; logname= uid=0 euid=0 tty=ssh ruser= rhost=43.255.190.174  user=root
Apr 11 05:45:05 ovzhost sshd[878]: Failed password for root from 43.255.190.159 port 33237 ssh2
Apr 11 05:45:05 ovzhost sshd[880]: Failed password for root from 43.255.190.174 port 45999 ssh2
Apr 11 05:45:08 ovzhost sshd[878]: message repeated 2 times: [ Failed password for root from 43.255.190.159 port 33237 ssh2]
Apr 11 05:45:08 ovzhost sshd[878]: Received disconnect from 43.255.190.159: 11:  [preauth]
Apr 11 05:45:08 ovzhost sshd[878]: PAM 2 more authentication failures; logname= uid=0 euid=0 tty=ssh ruser= rhost=43.255.190.159  user=root
Apr 11 05:45:09 ovzhost sshd[882]: pam_unix(sshd:auth): authentication failure; logname= uid=0 euid=0 tty=ssh ruser= rhost=43.255.190.159  user=root
Apr 11 05:45:09 ovzhost sshd[880]: message repeated 2 times: [ Failed password for root from 43.255.190.174 port 45999 ssh2]
Apr 11 05:45:09 ovzhost sshd[880]: Received disconnect from 43.255.190.174: 11:  [preauth]
Apr 11 05:45:09 ovzhost sshd[880]: PAM 2 more authentication failures; logname= uid=0 euid=0 tty=ssh ruser= rhost=43.255.190.174  user=root
Apr 11 05:45:10 ovzhost sshd[884]: pam_unix(sshd:auth): authentication failure; logname= uid=0 euid=0 tty=ssh ruser= rhost=43.255.190.174  user=root
Apr 11 05:45:11 ovzhost sshd[882]: Failed password for root from 43.255.190.159 port 46845 ssh2
Apr 11 05:45:12 ovzhost sshd[884]: Failed password for root from 43.255.190.174 port 36048 ssh2
Apr 11 05:45:15 ovzhost sshd[882]: message repeated 2 times: [ Failed password for root from 43.255.190.159 port 46845 ssh2]
Apr 11 05:45:16 ovzhost sshd[882]: Received disconnect from 43.255.190.159: 11:  [preauth]
Apr 11 05:45:16 ovzhost sshd[882]: PAM 2 more authentication failures; logname= uid=0 euid=0 tty=ssh ruser= rhost=43.255.190.159  user=root
Apr 11 05:45:17 ovzhost sshd[888]: pam_unix(sshd:auth): authentication failure; logname= uid=0 euid=0 tty=ssh ruser= rhost=43.255.190.159  user=root
Apr 11 05:45:17 ovzhost sshd[884]: message repeated 2 times: [ Failed password for root from 43.255.190.174 port 36048 ssh2]
Apr 11 05:45:17 ovzhost sshd[884]: Received disconnect from 43.255.190.174: 11:  [preauth]
Apr 11 05:45:17 ovzhost sshd[884]: PAM 2 more authentication failures; logname= uid=0 euid=0 tty=ssh ruser= rhost=43.255.190.174  user=root
Apr 11 05:45:18 ovzhost sshd[888]: Failed password for root from 43.255.190.159 port 35438 ssh2
Apr 11 05:45:18 ovzhost sshd[890]: pam_unix(sshd:auth): authentication failure; logname= uid=0 euid=0 tty=ssh ruser= rhost=43.255.190.174  user=root
Apr 11 05:45:20 ovzhost sshd[890]: Failed password for root from 43.255.190.174 port 56599 ssh2
Apr 11 05:45:23 ovzhost sshd[888]: message repeated 2 times: [ Failed password for root from 43.255.190.159 port 35438 ssh2]
Apr 11 05:45:23 ovzhost sshd[888]: Received disconnect from 43.255.190.159: 11:  [preauth]
Apr 11 05:45:23 ovzhost sshd[888]: PAM 2 more authentication failures; logname= uid=0 euid=0 tty=ssh ruser= rhost=43.255.190.159  user=root
Apr 11 05:45:24 ovzhost sshd[892]: pam_unix(sshd:auth): authentication failure; logname= uid=0 euid=0 tty=ssh ruser= rhost=43.255.190.159  user=root
Apr 11 05:45:25 ovzhost sshd[890]: message repeated 2 times: [ Failed password for root from 43.255.190.174 port 56599 ssh2]
Apr 11 05:45:25 ovzhost sshd[890]: Received disconnect from 43.255.190.174: 11:  [preauth]
Apr 11 05:45:25 ovzhost sshd[890]: PAM 2 more authentication failures; logname= uid=0 euid=0 tty=ssh ruser= rhost=43.255.190.174  user=root
Apr 11 05:45:27 ovzhost sshd[892]: Failed password for root from 43.255.190.159 port 52854 ssh2
Apr 11 05:45:27 ovzhost sshd[894]: pam_unix(sshd:auth): authentication failure; logname= uid=0 euid=0 tty=ssh ruser= rhost=43.255.190.174  user=root
Apr 11 05:45:28 ovzhost sshd[894]: Failed password for root from 43.255.190.174 port 49082 ssh2
Apr 11 05:45:30 ovzhost sshd[892]: message repeated 2 times: [ Failed password for root from 43.255.190.159 port 52854 ssh2]
Apr 11 05:45:30 ovzhost sshd[892]: Received disconnect from 43.255.190.159: 11:  [preauth]
Apr 11 05:45:30 ovzhost sshd[892]: PAM 2 more authentication failures; logname= uid=0 euid=0 tty=ssh ruser= rhost=43.255.190.159  user=root
Apr 11 05:45:31 ovzhost sshd[896]: pam_unix(sshd:auth): authentication failure; logname= uid=0 euid=0 tty=ssh ruser= rhost=43.255.190.159  user=root
Apr 11 05:45:33 ovzhost sshd[894]: message repeated 2 times: [ Failed password for root from 43.255.190.174 port 49082 ssh2]
Apr 11 05:45:33 ovzhost sshd[894]: Received disconnect from 43.255.190.174: 11:  [preauth]
Apr 11 05:45:33 ovzhost sshd[894]: PAM 2 more authentication failures; logname= uid=0 euid=0 tty=ssh ruser= rhost=43.255.190.174  user=root
Apr 11 05:45:33 ovzhost sshd[898]: pam_unix(sshd:auth): authentication failure; logname= uid=0 euid=0 tty=ssh ruser= rhost=43.255.190.174  user=root
Apr 11 05:45:33 ovzhost sshd[896]: Failed password for root from 43.255.190.159 port 39644 ssh2
Apr 11 05:45:35 ovzhost sshd[898]: Failed password for root from 43.255.190.174 port 41669 ssh2
Apr 11 05:45:38 ovzhost sshd[896]: message repeated 2 times: [ Failed password for root from 43.255.190.159 port 39644 ssh2]
Apr 11 05:45:38 ovzhost sshd[896]: Received disconnect from 43.255.190.159: 11:  [preauth]
Apr 11 05:45:38 ovzhost sshd[896]: PAM 2 more authentication failures; logname= uid=0 euid=0 tty=ssh ruser= rhost=43.255.190.159  user=root
Apr 11 05:45:38 ovzhost sshd[900]: pam_unix(sshd:auth): authentication failure; logname= uid=0 euid=0 tty=ssh ruser= rhost=43.255.190.159  user=root
Apr 11 05:45:40 ovzhost sshd[898]: message repeated 2 times: [ Failed password for root from 43.255.190.174 port 41669 ssh2]
Apr 11 05:45:40 ovzhost sshd[898]: Received disconnect from 43.255.190.174: 11:  [preauth]
Apr 11 05:45:40 ovzhost sshd[898]: PAM 2 more authentication failures; logname= uid=0 euid=0 tty=ssh ruser= rhost=43.255.190.174  user=root
Apr 11 05:45:41 ovzhost sshd[900]: Failed password for root from 43.255.190.159 port 55358 ssh2
Apr 11 05:45:41 ovzhost sshd[902]: pam_unix(sshd:auth): authentication failure; logname= uid=0 euid=0 tty=ssh ruser= rhost=43.255.190.174  user=root
Apr 11 05:45:43 ovzhost sshd[902]: Failed password for root from 43.255.190.174 port 34274 ssh2
Apr 11 05:45:45 ovzhost sshd[900]: message repeated 2 times: [ Failed password for root from 43.255.190.159 port 55358 ssh2]
Apr 11 05:45:45 ovzhost sshd[900]: Received disconnect from 43.255.190.159: 11:  [preauth]
Apr 11 05:45:45 ovzhost sshd[900]: PAM 2 more authentication failures; logname= uid=0 euid=0 tty=ssh ruser= rhost=43.255.190.159  user=root
Apr 11 05:45:46 ovzhost sshd[906]: pam_unix(sshd:auth): authentication failure; logname= uid=0 euid=0 tty=ssh ruser= rhost=43.255.190.159  user=root
Apr 11 05:45:48 ovzhost sshd[906]: Failed password for root from 43.255.190.159 port 42735 ssh2
Apr 11 05:45:48 ovzhost sshd[902]: message repeated 2 times: [ Failed password for root from 43.255.190.174 port 34274 ssh2]
Apr 11 05:45:48 ovzhost sshd[902]: Received disconnect from 43.255.190.174: 11:  [preauth]
Apr 11 05:45:48 ovzhost sshd[902]: PAM 2 more authentication failures; logname= uid=0 euid=0 tty=ssh ruser= rhost=43.255.190.174  user=root
Apr 11 05:45:48 ovzhost sshd[908]: pam_unix(sshd:auth): authentication failure; logname= uid=0 euid=0 tty=ssh ruser= rhost=43.255.190.174  user=root
Apr 11 05:45:51 ovzhost sshd[908]: Failed password for root from 43.255.190.174 port 55785 ssh2
Apr 11 05:45:52 ovzhost sshd[906]: message repeated 2 times: [ Failed password for root from 43.255.190.159 port 42735 ssh2]
Apr 11 05:45:52 ovzhost sshd[906]: Received disconnect from 43.255.190.159: 11:  [preauth]
Apr 11 05:45:52 ovzhost sshd[906]: PAM 2 more authentication failures; logname= uid=0 euid=0 tty=ssh ruser= rhost=43.255.190.159  user=root
Apr 11 05:45:53 ovzhost sshd[910]: pam_unix(sshd:auth): authentication failure; logname= uid=0 euid=0 tty=ssh ruser= rhost=43.255.190.159  user=root
Apr 11 05:45:53 ovzhost sshd[908]: message repeated 2 times: [ Failed password for root from 43.255.190.174 port 55785 ssh2]
Apr 11 05:45:54 ovzhost sshd[908]: Received disconnect from 43.255.190.174: 11:  [preauth]
Apr 11 05:45:54 ovzhost sshd[908]: PAM 2 more authentication failures; logname= uid=0 euid=0 tty=ssh ruser= rhost=43.255.190.174  user=root
Apr 11 05:45:54 ovzhost sshd[912]: pam_unix(sshd:auth): authentication failure; logname= uid=0 euid=0 tty=ssh ruser= rhost=43.255.190.174  user=root
Apr 11 05:45:55 ovzhost sshd[910]: Failed password for root from 43.255.190.159 port 58887 ssh2
Apr 11 05:45:57 ovzhost sshd[912]: Failed password for root from 43.255.190.174 port 43840 ssh2
Apr 11 05:45:59 ovzhost sshd[910]: message repeated 2 times: [ Failed password for root from 43.255.190.159 port 58887 ssh2]
Apr 11 05:45:59 ovzhost sshd[910]: Received disconnect from 43.255.190.159: 11:  [preauth]
Apr 11 05:45:59 ovzhost sshd[910]: PAM 2 more authentication failures; logname= uid=0 euid=0 tty=ssh ruser= rhost=43.255.190.159  user=root
Apr 11 05:46:00 ovzhost sshd[914]: pam_unix(sshd:auth): authentication failure; logname= uid=0 euid=0 tty=ssh ruser= rhost=43.255.190.159  user=root
Apr 11 05:46:01 ovzhost sshd[912]: message repeated 2 times: [ Failed password for root from 43.255.190.174 port 43840 ssh2]
Apr 11 05:46:01 ovzhost sshd[912]: Received disconnect from 43.255.190.174: 11:  [preauth]
Apr 11 05:46:01 ovzhost sshd[912]: PAM 2 more authentication failures; logname= uid=0 euid=0 tty=ssh ruser= rhost=43.255.190.174  user=root
Apr 11 05:46:01 ovzhost sshd[916]: pam_unix(sshd:auth): authentication failure; logname= uid=0 euid=0 tty=ssh ruser= rhost=43.255.190.174  user=root
Apr 11 05:46:01 ovzhost sshd[914]: Failed password for root from 43.255.190.159 port 45082 ssh2
Apr 11 05:46:03 ovzhost sshd[916]: Failed password for root from 43.255.190.174 port 36409 ssh2
Apr 11 05:46:05 ovzhost sshd[914]: message repeated 2 times: [ Failed password for root from 43.255.190.159 port 45082 ssh2]
Apr 11 05:46:05 ovzhost sshd[914]: Received disconnect from 43.255.190.159: 11:  [preauth]
Apr 11 05:46:05 ovzhost sshd[914]: PAM 2 more authentication failures; logname= uid=0 euid=0 tty=ssh ruser= rhost=43.255.190.159  user=root
Apr 11 05:46:06 ovzhost sshd[918]: pam_unix(sshd:auth): authentication failure; logname= uid=0 euid=0 tty=ssh ruser= rhost=43.255.190.159  user=root
Apr 11 05:46:07 ovzhost sshd[916]: message repeated 2 times: [ Failed password for root from 43.255.190.174 port 36409 ssh2]
Apr 11 05:46:08 ovzhost sshd[916]: Received disconnect from 43.255.190.174: 11:  [preauth]
Apr 11 05:46:08 ovzhost sshd[916]: PAM 2 more authentication failures; logname= uid=0 euid=0 tty=ssh ruser= rhost=43.255.190.174  user=root
Apr 11 05:46:08 ovzhost sshd[918]: Failed password for root from 43.255.190.159 port 59059 ssh2
Apr 11 05:46:09 ovzhost sshd[920]: pam_unix(sshd:auth): authentication failure; logname= uid=0 euid=0 tty=ssh ruser= rhost=43.255.190.174  user=root
Apr 11 05:46:11 ovzhost sshd[920]: Failed password for root from 43.255.190.174 port 56350 ssh2
Apr 11 05:46:13 ovzhost sshd[918]: message repeated 2 times: [ Failed password for root from 43.255.190.159 port 59059 ssh2]
Apr 11 05:46:13 ovzhost sshd[918]: Received disconnect from 43.255.190.159: 11:  [preauth]
Apr 11 05:46:13 ovzhost sshd[918]: PAM 2 more authentication failures; logname= uid=0 euid=0 tty=ssh ruser= rhost=43.255.190.159  user=root
Apr 11 05:46:13 ovzhost sshd[922]: pam_unix(sshd:auth): authentication failure; logname= uid=0 euid=0 tty=ssh ruser= rhost=43.255.190.159  user=root
Apr 11 05:46:15 ovzhost sshd[920]: message repeated 2 times: [ Failed password for root from 43.255.190.174 port 56350 ssh2]
Apr 11 05:46:15 ovzhost sshd[920]: Received disconnect from 43.255.190.174: 11:  [preauth]
Apr 11 05:46:15 ovzhost sshd[920]: PAM 2 more authentication failures; logname= uid=0 euid=0 tty=ssh ruser= rhost=43.255.190.174  user=root
Apr 11 05:46:15 ovzhost sshd[922]: Failed password for root from 43.255.190.159 port 45846 ssh2
Apr 11 05:46:16 ovzhost sshd[924]: pam_unix(sshd:auth): authentication failure; logname= uid=0 euid=0 tty=ssh ruser= rhost=43.255.190.174  user=root
Apr 11 05:46:17 ovzhost sshd[924]: Failed password for root from 43.255.190.174 port 49641 ssh2
Apr 11 05:46:19 ovzhost sshd[922]: message repeated 2 times: [ Failed password for root from 43.255.190.159 port 45846 ssh2]
Apr 11 05:46:19 ovzhost sshd[922]: Received disconnect from 43.255.190.159: 11:  [preauth]
Apr 11 05:46:19 ovzhost sshd[922]: PAM 2 more authentication failures; logname= uid=0 euid=0 tty=ssh ruser= rhost=43.255.190.159  user=root
Apr 11 05:46:20 ovzhost sshd[926]: pam_unix(sshd:auth): authentication failure; logname= uid=0 euid=0 tty=ssh ruser= rhost=43.255.190.159  user=root
Apr 11 05:46:23 ovzhost sshd[924]: message repeated 2 times: [ Failed password for root from 43.255.190.174 port 49641 ssh2]
Apr 11 05:46:23 ovzhost sshd[924]: Received disconnect from 43.255.190.174: 11:  [preauth]
Apr 11 05:46:23 ovzhost sshd[924]: PAM 2 more authentication failures; logname= uid=0 euid=0 tty=ssh ruser= rhost=43.255.190.174  user=root
Apr 11 05:46:23 ovzhost sshd[926]: Failed password for root from 43.255.190.159 port 60335 ssh2
Apr 11 05:46:23 ovzhost sshd[930]: pam_unix(sshd:auth): authentication failure; logname= uid=0 euid=0 tty=ssh ruser= rhost=43.255.190.174  user=root
Apr 11 05:46:25 ovzhost sshd[930]: Failed password for root from 43.255.190.174 port 41178 ssh2
Apr 11 05:46:27 ovzhost sshd[926]: message repeated 2 times: [ Failed password for root from 43.255.190.159 port 60335 ssh2]
Apr 11 05:46:27 ovzhost sshd[926]: Received disconnect from 43.255.190.159: 11:  [preauth]
Apr 11 05:46:27 ovzhost sshd[926]: PAM 2 more authentication failures; logname= uid=0 euid=0 tty=ssh ruser= rhost=43.255.190.159  user=root
Apr 11 05:46:27 ovzhost sshd[932]: pam_unix(sshd:auth): authentication failure; logname= uid=0 euid=0 tty=ssh ruser= rhost=43.255.190.159  user=root
Apr 11 05:46:28 ovzhost sshd[930]: message repeated 2 times: [ Failed password for root from 43.255.190.174 port 41178 ssh2]
Apr 11 05:46:28 ovzhost sshd[930]: Received disconnect from 43.255.190.174: 11:  [preauth]
Apr 11 05:46:28 ovzhost sshd[930]: PAM 2 more authentication failures; logname= uid=0 euid=0 tty=ssh ruser= rhost=43.255.190.174  user=root
Apr 11 05:46:28 ovzhost sshd[932]: Failed password for root from 43.255.190.159 port 47802 ssh2
Apr 11 05:46:29 ovzhost sshd[934]: pam_unix(sshd:auth): authentication failure; logname= uid=0 euid=0 tty=ssh ruser= rhost=43.255.190.174  user=root
Apr 11 05:46:32 ovzhost sshd[934]: Failed password for root from 43.255.190.174 port 57693 ssh2
Apr 11 05:46:32 ovzhost sshd[932]: message repeated 2 times: [ Failed password for root from 43.255.190.159 port 47802 ssh2]
Apr 11 05:46:32 ovzhost sshd[932]: Received disconnect from 43.255.190.159: 11:  [preauth]
Apr 11 05:46:32 ovzhost sshd[932]: PAM 2 more authentication failures; logname= uid=0 euid=0 tty=ssh ruser= rhost=43.255.190.159  user=root
Apr 11 05:46:33 ovzhost sshd[936]: pam_unix(sshd:auth): authentication failure; logname= uid=0 euid=0 tty=ssh ruser= rhost=43.255.190.159  user=root
Apr 11 05:46:34 ovzhost sshd[936]: Failed password for root from 43.255.190.159 port 32773 ssh2
Apr 11 05:46:36 ovzhost sshd[934]: message repeated 2 times: [ Failed password for root from 43.255.190.174 port 57693 ssh2]
Apr 11 05:46:36 ovzhost sshd[934]: Received disconnect from 43.255.190.174: 11:  [preauth]
Apr 11 05:46:36 ovzhost sshd[934]: PAM 2 more authentication failures; logname= uid=0 euid=0 tty=ssh ruser= rhost=43.255.190.174  user=root
Apr 11 05:46:37 ovzhost sshd[938]: pam_unix(sshd:auth): authentication failure; logname= uid=0 euid=0 tty=ssh ruser= rhost=43.255.190.174  user=root
Apr 11 05:46:38 ovzhost sshd[936]: message repeated 2 times: [ Failed password for root from 43.255.190.159 port 32773 ssh2]
Apr 11 05:46:38 ovzhost sshd[936]: Received disconnect from 43.255.190.159: 11:  [preauth]
Apr 11 05:46:38 ovzhost sshd[936]: PAM 2 more authentication failures; logname= uid=0 euid=0 tty=ssh ruser= rhost=43.255.190.159  user=root
Apr 11 05:46:39 ovzhost sshd[940]: pam_unix(sshd:auth): authentication failure; logname= uid=0 euid=0 tty=ssh ruser= rhost=43.255.190.159  user=root
Apr 11 05:46:39 ovzhost sshd[938]: Failed password for root from 43.255.190.174 port 51615 ssh2
Apr 11 05:46:40 ovzhost sshd[940]: Failed password for root from 43.255.190.159 port 45436 ssh2
Apr 11 05:46:42 ovzhost sshd[938]: message repeated 2 times: [ Failed password for root from 43.255.190.174 port 51615 ssh2]
Apr 11 05:46:42 ovzhost sshd[938]: Received disconnect from 43.255.190.174: 11:  [preauth]
Apr 11 05:46:42 ovzhost sshd[938]: PAM 2 more authentication failures; logname= uid=0 euid=0 tty=ssh ruser= rhost=43.255.190.174  user=root
Apr 11 05:46:42 ovzhost sshd[942]: pam_unix(sshd:auth): authentication failure; logname= uid=0 euid=0 tty=ssh ruser= rhost=43.255.190.174  user=root
Apr 11 05:46:44 ovzhost sshd[940]: message repeated 2 times: [ Failed password for root from 43.255.190.159 port 45436 ssh2]
Apr 11 05:46:44 ovzhost sshd[940]: Received disconnect from 43.255.190.159: 11:  [preauth]
Apr 11 05:46:44 ovzhost sshd[940]: PAM 2 more authentication failures; logname= uid=0 euid=0 tty=ssh ruser= rhost=43.255.190.159  user=root
Apr 11 05:46:44 ovzhost sshd[944]: pam_unix(sshd:auth): authentication failure; logname= uid=0 euid=0 tty=ssh ruser= rhost=43.255.190.159  user=root
Apr 11 05:46:45 ovzhost sshd[942]: Failed password for root from 43.255.190.174 port 38996 ssh2
Apr 11 05:46:45 ovzhost sshd[947]: Connection closed by 127.0.0.1 [preauth]
Apr 11 05:46:47 ovzhost sshd[944]: Failed password for root from 43.255.190.159 port 58296 ssh2
Apr 11 05:46:48 ovzhost sshd[942]: message repeated 2 times: [ Failed password for root from 43.255.190.174 port 38996 ssh2]
Apr 11 05:46:48 ovzhost sshd[942]: Received disconnect from 43.255.190.174: 11:  [preauth]
Apr 11 05:46:48 ovzhost sshd[942]: PAM 2 more authentication failures; logname= uid=0 euid=0 tty=ssh ruser= rhost=43.255.190.174  user=root
Apr 11 05:46:49 ovzhost sshd[949]: pam_unix(sshd:auth): authentication failure; logname= uid=0 euid=0 tty=ssh ruser= rhost=43.255.190.174  user=root
Apr 11 05:46:50 ovzhost sshd[949]: Failed password for root from 43.255.190.174 port 55869 ssh2
Apr 11 05:46:51 ovzhost sshd[944]: message repeated 2 times: [ Failed password for root from 43.255.190.159 port 58296 ssh2]
Apr 11 05:46:51 ovzhost sshd[944]: Received disconnect from 43.255.190.159: 11:  [preauth]
Apr 11 05:46:51 ovzhost sshd[944]: PAM 2 more authentication failures; logname= uid=0 euid=0 tty=ssh ruser= rhost=43.255.190.159  user=root
Apr 11 05:46:51 ovzhost sshd[951]: pam_unix(sshd:auth): authentication failure; logname= uid=0 euid=0 tty=ssh ruser= rhost=43.255.190.159  user=root
Apr 11 05:46:53 ovzhost sshd[951]: Failed password for root from 43.255.190.159 port 45735 ssh2
Apr 11 05:46:55 ovzhost sshd[949]: message repeated 2 times: [ Failed password for root from 43.255.190.174 port 55869 ssh2]
Apr 11 05:46:55 ovzhost sshd[949]: Received disconnect from 43.255.190.174: 11:  [preauth]
Apr 11 05:46:55 ovzhost sshd[949]: PAM 2 more authentication failures; logname= uid=0 euid=0 tty=ssh ruser= rhost=43.255.190.174  user=root
Apr 11 05:46:56 ovzhost sshd[954]: pam_unix(sshd:auth): authentication failure; logname= uid=0 euid=0 tty=ssh ruser= rhost=43.255.190.174  user=root
Apr 11 05:46:58 ovzhost sshd[954]: Failed password for root from 43.255.190.174 port 48095 ssh2
Apr 11 05:46:58 ovzhost sshd[951]: message repeated 2 times: [ Failed password for root from 43.255.190.159 port 45735 ssh2]
Apr 11 05:46:58 ovzhost sshd[951]: Received disconnect from 43.255.190.159: 11:  [preauth]
Apr 11 05:46:58 ovzhost sshd[951]: PAM 2 more authentication failures; logname= uid=0 euid=0 tty=ssh ruser= rhost=43.255.190.159  user=root
Apr 11 05:46:59 ovzhost sshd[956]: pam_unix(sshd:auth): authentication failure; logname= uid=0 euid=0 tty=ssh ruser= rhost=43.255.190.159  user=root
Apr 11 05:47:01 ovzhost sshd[956]: Failed password for root from 43.255.190.159 port 60618 ssh2
Apr 11 05:47:02 ovzhost sshd[954]: message repeated 2 times: [ Failed password for root from 43.255.190.174 port 48095 ssh2]
Apr 11 05:47:02 ovzhost sshd[954]: Received disconnect from 43.255.190.174: 11:  [preauth]
Apr 11 05:47:02 ovzhost sshd[954]: PAM 2 more authentication failures; logname= uid=0 euid=0 tty=ssh ruser= rhost=43.255.190.174  user=root
Apr 11 05:47:02 ovzhost sshd[958]: pam_unix(sshd:auth): authentication failure; logname= uid=0 euid=0 tty=ssh ruser= rhost=43.255.190.174  user=root
Apr 11 05:47:05 ovzhost sshd[958]: Failed password for root from 43.255.190.174 port 38159 ssh2
Apr 11 05:47:05 ovzhost sshd[956]: message repeated 2 times: [ Failed password for root from 43.255.190.159 port 60618 ssh2]
Apr 11 05:47:05 ovzhost sshd[956]: Received disconnect from 43.255.190.159: 11:  [preauth]
Apr 11 05:47:05 ovzhost sshd[956]: PAM 2 more authentication failures; logname= uid=0 euid=0 tty=ssh ruser= rhost=43.255.190.159  user=root
Apr 11 05:47:06 ovzhost sshd[960]: pam_unix(sshd:auth): authentication failure; logname= uid=0 euid=0 tty=ssh ruser= rhost=43.255.190.159  user=root
Apr 11 05:47:08 ovzhost sshd[960]: Failed password for root from 43.255.190.159 port 46849 ssh2
Apr 11 05:47:09 ovzhost sshd[958]: message repeated 2 times: [ Failed password for root from 43.255.190.174 port 38159 ssh2]
Apr 11 05:47:09 ovzhost sshd[958]: Received disconnect from 43.255.190.174: 11:  [preauth]
Apr 11 05:47:09 ovzhost sshd[958]: PAM 2 more authentication failures; logname= uid=0 euid=0 tty=ssh ruser= rhost=43.255.190.174  user=root
Apr 11 05:47:10 ovzhost sshd[962]: pam_unix(sshd:auth): authentication failure; logname= uid=0 euid=0 tty=ssh ruser= rhost=43.255.190.174  user=root
Apr 11 05:47:11 ovzhost sshd[962]: Failed password for root from 43.255.190.174 port 57928 ssh2
Apr 11 05:47:11 ovzhost sshd[960]: message repeated 2 times: [ Failed password for root from 43.255.190.159 port 46849 ssh2]
Apr 11 05:47:11 ovzhost sshd[960]: Received disconnect from 43.255.190.159: 11:  [preauth]
Apr 11 05:47:11 ovzhost sshd[960]: PAM 2 more authentication failures; logname= uid=0 euid=0 tty=ssh ruser= rhost=43.255.190.159  user=root
Apr 11 05:47:12 ovzhost sshd[964]: pam_unix(sshd:auth): authentication failure; logname= uid=0 euid=0 tty=ssh ruser= rhost=43.255.190.159  user=root
Apr 11 05:47:14 ovzhost sshd[964]: Failed password for root from 43.255.190.159 port 60666 ssh2
Apr 11 05:47:15 ovzhost sshd[962]: message repeated 2 times: [ Failed password for root from 43.255.190.174 port 57928 ssh2]
Apr 11 05:47:15 ovzhost sshd[962]: Received disconnect from 43.255.190.174: 11:  [preauth]
Apr 11 05:47:15 ovzhost sshd[962]: PAM 2 more authentication failures; logname= uid=0 euid=0 tty=ssh ruser= rhost=43.255.190.174  user=root
Apr 11 05:47:16 ovzhost sshd[966]: pam_unix(sshd:auth): authentication failure; logname= uid=0 euid=0 tty=ssh ruser= rhost=43.255.190.174  user=root
Apr 11 05:47:18 ovzhost sshd[966]: Failed password for root from 43.255.190.174 port 45939 ssh2
Apr 11 05:47:18 ovzhost sshd[964]: message repeated 2 times: [ Failed password for root from 43.255.190.159 port 60666 ssh2]
Apr 11 05:47:18 ovzhost sshd[964]: Received disconnect from 43.255.190.159: 11:  [preauth]
Apr 11 05:47:18 ovzhost sshd[964]: PAM 2 more authentication failures; logname= uid=0 euid=0 tty=ssh ruser= rhost=43.255.190.159  user=root
Apr 11 05:47:19 ovzhost sshd[968]: pam_unix(sshd:auth): authentication failure; logname= uid=0 euid=0 tty=ssh ruser= rhost=43.255.190.159  user=root
Apr 11 05:47:21 ovzhost sshd[968]: Failed password for root from 43.255.190.159 port 47222 ssh2
Apr 11 05:47:22 ovzhost sshd[966]: message repeated 2 times: [ Failed password for root from 43.255.190.174 port 45939 ssh2]
Apr 11 05:47:22 ovzhost sshd[966]: Received disconnect from 43.255.190.174: 11:  [preauth]
Apr 11 05:47:22 ovzhost sshd[966]: PAM 2 more authentication failures; logname= uid=0 euid=0 tty=ssh ruser= rhost=43.255.190.174  user=root
Apr 11 05:47:23 ovzhost sshd[971]: pam_unix(sshd:auth): authentication failure; logname= uid=0 euid=0 tty=ssh ruser= rhost=43.255.190.174  user=root
Apr 11 05:47:25 ovzhost sshd[971]: Failed password for root from 43.255.190.174 port 36684 ssh2
Apr 11 05:47:25 ovzhost sshd[968]: message repeated 2 times: [ Failed password for root from 43.255.190.159 port 47222 ssh2]
Apr 11 05:47:26 ovzhost sshd[968]: Received disconnect from 43.255.190.159: 11:  [preauth]
Apr 11 05:47:26 ovzhost sshd[968]: PAM 2 more authentication failures; logname= uid=0 euid=0 tty=ssh ruser= rhost=43.255.190.159  user=root
Apr 11 05:47:27 ovzhost sshd[973]: pam_unix(sshd:auth): authentication failure; logname= uid=0 euid=0 tty=ssh ruser= rhost=43.255.190.159  user=root
Apr 11 05:47:29 ovzhost sshd[973]: Failed password for root from 43.255.190.159 port 35091 ssh2
Apr 11 05:47:29 ovzhost sshd[971]: message repeated 2 times: [ Failed password for root from 43.255.190.174 port 36684 ssh2]
Apr 11 05:47:29 ovzhost sshd[971]: Received disconnect from 43.255.190.174: 11:  [preauth]
Apr 11 05:47:29 ovzhost sshd[971]: PAM 2 more authentication failures; logname= uid=0 euid=0 tty=ssh ruser= rhost=43.255.190.174  user=root
Apr 11 05:47:30 ovzhost sshd[975]: pam_unix(sshd:auth): authentication failure; logname= uid=0 euid=0 tty=ssh ruser= rhost=43.255.190.174  user=root
Apr 11 05:47:32 ovzhost sshd[975]: Failed password for root from 43.255.190.174 port 54941 ssh2
Apr 11 05:47:33 ovzhost sshd[973]: message repeated 2 times: [ Failed password for root from 43.255.190.159 port 35091 ssh2]
Apr 11 05:47:33 ovzhost sshd[973]: Received disconnect from 43.255.190.159: 11:  [preauth]
Apr 11 05:47:33 ovzhost sshd[973]: PAM 2 more authentication failures; logname= uid=0 euid=0 tty=ssh ruser= rhost=43.255.190.159  user=root
Apr 11 05:47:33 ovzhost sshd[977]: pam_unix(sshd:auth): authentication failure; logname= uid=0 euid=0 tty=ssh ruser= rhost=43.255.190.159  user=root
Apr 11 05:47:35 ovzhost sshd[977]: Failed password for root from 43.255.190.159 port 49474 ssh2
Apr 11 05:47:36 ovzhost sshd[975]: message repeated 2 times: [ Failed password for root from 43.255.190.174 port 54941 ssh2]
Apr 11 05:47:36 ovzhost sshd[975]: Received disconnect from 43.255.190.174: 11:  [preauth]
Apr 11 05:47:36 ovzhost sshd[975]: PAM 2 more authentication failures; logname= uid=0 euid=0 tty=ssh ruser= rhost=43.255.190.174  user=root
Apr 11 05:47:37 ovzhost sshd[979]: pam_unix(sshd:auth): authentication failure; logname= uid=0 euid=0 tty=ssh ruser= rhost=43.255.190.174  user=root
Apr 11 05:47:39 ovzhost sshd[979]: Failed password for root from 43.255.190.174 port 44502 ssh2
Apr 11 05:47:39 ovzhost sshd[977]: message repeated 2 times: [ Failed password for root from 43.255.190.159 port 49474 ssh2]
Apr 11 05:47:39 ovzhost sshd[977]: Received disconnect from 43.255.190.159: 11:  [preauth]
Apr 11 05:47:39 ovzhost sshd[977]: PAM 2 more authentication failures; logname= uid=0 euid=0 tty=ssh ruser= rhost=43.255.190.159  user=root
Apr 11 05:47:40 ovzhost sshd[981]: pam_unix(sshd:auth): authentication failure; logname= uid=0 euid=0 tty=ssh ruser= rhost=43.255.190.159  user=root
Apr 11 05:47:41 ovzhost sshd[981]: Failed password for root from 43.255.190.159 port 35086 ssh2
Apr 11 05:47:42 ovzhost sshd[979]: message repeated 2 times: [ Failed password for root from 43.255.190.174 port 44502 ssh2]
Apr 11 05:47:42 ovzhost sshd[979]: Received disconnect from 43.255.190.174: 11:  [preauth]
Apr 11 05:47:42 ovzhost sshd[979]: PAM 2 more authentication failures; logname= uid=0 euid=0 tty=ssh ruser= rhost=43.255.190.174  user=root
Apr 11 05:47:43 ovzhost sshd[983]: pam_unix(sshd:auth): authentication failure; logname= uid=0 euid=0 tty=ssh ruser= rhost=43.255.190.174  user=root
Apr 11 05:47:45 ovzhost sshd[983]: Failed password for root from 43.255.190.174 port 33008 ssh2
Apr 11 05:47:45 ovzhost sshd[981]: message repeated 2 times: [ Failed password for root from 43.255.190.159 port 35086 ssh2]
Apr 11 05:47:45 ovzhost sshd[981]: Received disconnect from 43.255.190.159: 11:  [preauth]
Apr 11 05:47:45 ovzhost sshd[981]: PAM 2 more authentication failures; logname= uid=0 euid=0 tty=ssh ruser= rhost=43.255.190.159  user=root
Apr 11 05:47:45 ovzhost sshd[985]: pam_unix(sshd:auth): authentication failure; logname= uid=0 euid=0 tty=ssh ruser= rhost=43.255.190.159  user=root
Apr 11 05:47:47 ovzhost sshd[985]: Failed password for root from 43.255.190.159 port 48530 ssh2
Apr 11 05:47:48 ovzhost sshd[983]: message repeated 2 times: [ Failed password for root from 43.255.190.174 port 33008 ssh2]
Apr 11 05:47:48 ovzhost sshd[983]: Received disconnect from 43.255.190.174: 11:  [preauth]
Apr 11 05:47:48 ovzhost sshd[983]: PAM 2 more authentication failures; logname= uid=0 euid=0 tty=ssh ruser= rhost=43.255.190.174  user=root
Apr 11 05:47:50 ovzhost sshd[987]: pam_unix(sshd:auth): authentication failure; logname= uid=0 euid=0 tty=ssh ruser= rhost=43.255.190.174  user=root
Apr 11 05:47:52 ovzhost sshd[987]: Failed password for root from 43.255.190.174 port 48684 ssh2
Apr 11 05:47:52 ovzhost sshd[985]: message repeated 2 times: [ Failed password for root from 43.255.190.159 port 48530 ssh2]
Apr 11 05:47:52 ovzhost sshd[985]: Received disconnect from 43.255.190.159: 11:  [preauth]
Apr 11 05:47:52 ovzhost sshd[985]: PAM 2 more authentication failures; logname= uid=0 euid=0 tty=ssh ruser= rhost=43.255.190.159  user=root
Apr 11 05:47:53 ovzhost sshd[989]: pam_unix(sshd:auth): authentication failure; logname= uid=0 euid=0 tty=ssh ruser= rhost=43.255.190.159  user=root
Apr 11 05:47:54 ovzhost sshd[989]: Failed password for root from 43.255.190.159 port 35197 ssh2
Apr 11 05:47:55 ovzhost sshd[987]: message repeated 2 times: [ Failed password for root from 43.255.190.174 port 48684 ssh2]
Apr 11 05:47:55 ovzhost sshd[987]: Received disconnect from 43.255.190.174: 11:  [preauth]
Apr 11 05:47:55 ovzhost sshd[987]: PAM 2 more authentication failures; logname= uid=0 euid=0 tty=ssh ruser= rhost=43.255.190.174  user=root
Apr 11 05:47:56 ovzhost sshd[992]: pam_unix(sshd:auth): authentication failure; logname= uid=0 euid=0 tty=ssh ruser= rhost=43.255.190.174  user=root
Apr 11 05:47:58 ovzhost sshd[992]: Failed password for root from 43.255.190.174 port 38953 ssh2
Apr 11 05:47:58 ovzhost sshd[989]: message repeated 2 times: [ Failed password for root from 43.255.190.159 port 35197 ssh2]
Apr 11 05:47:58 ovzhost sshd[989]: Received disconnect from 43.255.190.159: 11:  [preauth]
Apr 11 05:47:58 ovzhost sshd[989]: PAM 2 more authentication failures; logname= uid=0 euid=0 tty=ssh ruser= rhost=43.255.190.159  user=root
Apr 11 05:47:59 ovzhost sshd[996]: pam_unix(sshd:auth): authentication failure; logname= uid=0 euid=0 tty=ssh ruser= rhost=43.255.190.159  user=root
Apr 11 05:48:00 ovzhost sshd[996]: Failed password for root from 43.255.190.159 port 48999 ssh2
Apr 11 05:48:02 ovzhost sshd[992]: message repeated 2 times: [ Failed password for root from 43.255.190.174 port 38953 ssh2]
Apr 11 05:48:02 ovzhost sshd[992]: Received disconnect from 43.255.190.174: 11:  [preauth]
Apr 11 05:48:02 ovzhost sshd[992]: PAM 2 more authentication failures; logname= uid=0 euid=0 tty=ssh ruser= rhost=43.255.190.174  user=root
Apr 11 05:48:02 ovzhost sshd[998]: pam_unix(sshd:auth): authentication failure; logname= uid=0 euid=0 tty=ssh ruser= rhost=43.255.190.174  user=root
Apr 11 05:48:04 ovzhost sshd[998]: Failed password for root from 43.255.190.174 port 55987 ssh2
Apr 11 05:48:05 ovzhost sshd[996]: message repeated 2 times: [ Failed password for root from 43.255.190.159 port 48999 ssh2]
Apr 11 05:48:05 ovzhost sshd[996]: Received disconnect from 43.255.190.159: 11:  [preauth]
Apr 11 05:48:05 ovzhost sshd[996]: PAM 2 more authentication failures; logname= uid=0 euid=0 tty=ssh ruser= rhost=43.255.190.159  user=root
Apr 11 05:48:06 ovzhost sshd[1000]: pam_unix(sshd:auth): authentication failure; logname= uid=0 euid=0 tty=ssh ruser= rhost=43.255.190.159  user=root
Apr 11 05:48:07 ovzhost sshd[1000]: Failed password for root from 43.255.190.159 port 34692 ssh2
Apr 11 05:48:08 ovzhost sshd[998]: message repeated 2 times: [ Failed password for root from 43.255.190.174 port 55987 ssh2]
Apr 11 05:48:08 ovzhost sshd[998]: Received disconnect from 43.255.190.174: 11:  [preauth]
Apr 11 05:48:08 ovzhost sshd[998]: PAM 2 more authentication failures; logname= uid=0 euid=0 tty=ssh ruser= rhost=43.255.190.174  user=root
Apr 11 05:48:09 ovzhost sshd[1002]: pam_unix(sshd:auth): authentication failure; logname= uid=0 euid=0 tty=ssh ruser= rhost=43.255.190.174  user=root
Apr 11 05:48:11 ovzhost sshd[1002]: Failed password for root from 43.255.190.174 port 43697 ssh2
Apr 11 05:48:11 ovzhost sshd[1000]: message repeated 2 times: [ Failed password for root from 43.255.190.159 port 34692 ssh2]
Apr 11 05:48:11 ovzhost sshd[1000]: Received disconnect from 43.255.190.159: 11:  [preauth]
Apr 11 05:48:11 ovzhost sshd[1000]: PAM 2 more authentication failures; logname= uid=0 euid=0 tty=ssh ruser= rhost=43.255.190.159  user=root
Apr 11 05:48:11 ovzhost sshd[1004]: pam_unix(sshd:auth): authentication failure; logname= uid=0 euid=0 tty=ssh ruser= rhost=43.255.190.159  user=root
Apr 11 05:48:13 ovzhost sshd[1004]: Failed password for root from 43.255.190.159 port 47287 ssh2
Apr 11 05:48:14 ovzhost sshd[1002]: message repeated 2 times: [ Failed password for root from 43.255.190.174 port 43697 ssh2]
Apr 11 05:48:14 ovzhost sshd[1002]: Received disconnect from 43.255.190.174: 11:  [preauth]
Apr 11 05:48:14 ovzhost sshd[1002]: PAM 2 more authentication failures; logname= uid=0 euid=0 tty=ssh ruser= rhost=43.255.190.174  user=root
Apr 11 05:48:15 ovzhost sshd[1008]: pam_unix(sshd:auth): authentication failure; logname= uid=0 euid=0 tty=ssh ruser= rhost=43.255.190.174  user=root
Apr 11 05:48:17 ovzhost sshd[1008]: Failed password for root from 43.255.190.174 port 58232 ssh2
Apr 11 05:48:17 ovzhost sshd[1004]: message repeated 2 times: [ Failed password for root from 43.255.190.159 port 47287 ssh2]
Apr 11 05:48:17 ovzhost sshd[1004]: Received disconnect from 43.255.190.159: 11:  [preauth]
Apr 11 05:48:17 ovzhost sshd[1004]: PAM 2 more authentication failures; logname= uid=0 euid=0 tty=ssh ruser= rhost=43.255.190.159  user=root
Apr 11 05:48:18 ovzhost sshd[1010]: pam_unix(sshd:auth): authentication failure; logname= uid=0 euid=0 tty=ssh ruser= rhost=43.255.190.159  user=root
Apr 11 05:48:20 ovzhost sshd[1010]: Failed password for root from 43.255.190.159 port 60296 ssh2
Apr 11 05:48:21 ovzhost sshd[1008]: message repeated 2 times: [ Failed password for root from 43.255.190.174 port 58232 ssh2]
Apr 11 05:48:21 ovzhost sshd[1008]: Received disconnect from 43.255.190.174: 11:  [preauth]
Apr 11 05:48:21 ovzhost sshd[1008]: PAM 2 more authentication failures; logname= uid=0 euid=0 tty=ssh ruser= rhost=43.255.190.174  user=root
Apr 11 05:48:22 ovzhost sshd[1012]: pam_unix(sshd:auth): authentication failure; logname= uid=0 euid=0 tty=ssh ruser= rhost=43.255.190.174  user=root
Apr 11 05:48:23 ovzhost sshd[1012]: Failed password for root from 43.255.190.174 port 46027 ssh2
Apr 11 05:48:24 ovzhost sshd[1010]: message repeated 2 times: [ Failed password for root from 43.255.190.159 port 60296 ssh2]
Apr 11 05:48:24 ovzhost sshd[1010]: Received disconnect from 43.255.190.159: 11:  [preauth]
Apr 11 05:48:24 ovzhost sshd[1010]: PAM 2 more authentication failures; logname= uid=0 euid=0 tty=ssh ruser= rhost=43.255.190.159  user=root
Apr 11 05:48:25 ovzhost sshd[1016]: pam_unix(sshd:auth): authentication failure; logname= uid=0 euid=0 tty=ssh ruser= rhost=43.255.190.159  user=root
Apr 11 05:48:27 ovzhost sshd[1016]: Failed password for root from 43.255.190.159 port 45832 ssh2
Apr 11 05:48:28 ovzhost sshd[1012]: message repeated 2 times: [ Failed password for root from 43.255.190.174 port 46027 ssh2]
Apr 11 05:48:28 ovzhost sshd[1012]: Received disconnect from 43.255.190.174: 11:  [preauth]
Apr 11 05:48:28 ovzhost sshd[1012]: PAM 2 more authentication failures; logname= uid=0 euid=0 tty=ssh ruser= rhost=43.255.190.174  user=root
Apr 11 05:48:29 ovzhost sshd[1018]: pam_unix(sshd:auth): authentication failure; logname= uid=0 euid=0 tty=ssh ruser= rhost=43.255.190.174  user=root
Apr 11 05:48:30 ovzhost sshd[1018]: Failed password for root from 43.255.190.174 port 33745 ssh2
Apr 11 05:48:31 ovzhost sshd[1016]: message repeated 2 times: [ Failed password for root from 43.255.190.159 port 45832 ssh2]
Apr 11 05:48:31 ovzhost sshd[1016]: Received disconnect from 43.255.190.159: 11:  [preauth]
Apr 11 05:48:31 ovzhost sshd[1016]: PAM 2 more authentication failures; logname= uid=0 euid=0 tty=ssh ruser= rhost=43.255.190.159  user=root
Apr 11 05:48:31 ovzhost sshd[1020]: pam_unix(sshd:auth): authentication failure; logname= uid=0 euid=0 tty=ssh ruser= rhost=43.255.190.159  user=root
Apr 11 05:48:34 ovzhost sshd[1020]: Failed password for root from 43.255.190.159 port 59479 ssh2
Apr 11 05:48:35 ovzhost sshd[1018]: message repeated 2 times: [ Failed password for root from 43.255.190.174 port 33745 ssh2]
Apr 11 05:48:35 ovzhost sshd[1018]: Received disconnect from 43.255.190.174: 11:  [preauth]
Apr 11 05:48:35 ovzhost sshd[1018]: PAM 2 more authentication failures; logname= uid=0 euid=0 tty=ssh ruser= rhost=43.255.190.174  user=root
Apr 11 05:48:35 ovzhost sshd[1022]: pam_unix(sshd:auth): authentication failure; logname= uid=0 euid=0 tty=ssh ruser= rhost=43.255.190.174  user=root
Apr 11 05:48:37 ovzhost sshd[1022]: Failed password for root from 43.255.190.174 port 50520 ssh2
Apr 11 05:48:38 ovzhost sshd[1020]: message repeated 2 times: [ Failed password for root from 43.255.190.159 port 59479 ssh2]
Apr 11 05:48:38 ovzhost sshd[1020]: Received disconnect from 43.255.190.159: 11:  [preauth]
Apr 11 05:48:38 ovzhost sshd[1020]: PAM 2 more authentication failures; logname= uid=0 euid=0 tty=ssh ruser= rhost=43.255.190.159  user=root
Apr 11 05:48:39 ovzhost sshd[1024]: pam_unix(sshd:auth): authentication failure; logname= uid=0 euid=0 tty=ssh ruser= rhost=43.255.190.159  user=root
Apr 11 05:48:41 ovzhost sshd[1024]: Failed password for root from 43.255.190.159 port 45473 ssh2
Apr 11 05:48:41 ovzhost sshd[1022]: message repeated 2 times: [ Failed password for root from 43.255.190.174 port 50520 ssh2]
Apr 11 05:48:41 ovzhost sshd[1022]: Received disconnect from 43.255.190.174: 11:  [preauth]
Apr 11 05:48:41 ovzhost sshd[1022]: PAM 2 more authentication failures; logname= uid=0 euid=0 tty=ssh ruser= rhost=43.255.190.174  user=root
Apr 11 05:48:42 ovzhost sshd[1026]: pam_unix(sshd:auth): authentication failure; logname= uid=0 euid=0 tty=ssh ruser= rhost=43.255.190.174  user=root
Apr 11 05:48:43 ovzhost sshd[1026]: Failed password for root from 43.255.190.174 port 37179 ssh2
Apr 11 05:48:44 ovzhost sshd[1024]: message repeated 2 times: [ Failed password for root from 43.255.190.159 port 45473 ssh2]
Apr 11 05:48:44 ovzhost sshd[1024]: Received disconnect from 43.255.190.159: 11:  [preauth]
Apr 11 05:48:44 ovzhost sshd[1024]: PAM 2 more authentication failures; logname= uid=0 euid=0 tty=ssh ruser= rhost=43.255.190.159  user=root
Apr 11 05:48:45 ovzhost sshd[1028]: pam_unix(sshd:auth): authentication failure; logname= uid=0 euid=0 tty=ssh ruser= rhost=43.255.190.159  user=root
Apr 11 05:48:46 ovzhost sshd[1028]: Failed password for root from 43.255.190.159 port 58066 ssh2
Apr 11 05:48:48 ovzhost sshd[1026]: message repeated 2 times: [ Failed password for root from 43.255.190.174 port 37179 ssh2]
Apr 11 05:48:48 ovzhost sshd[1026]: Received disconnect from 43.255.190.174: 11:  [preauth]
Apr 11 05:48:48 ovzhost sshd[1026]: PAM 2 more authentication failures; logname= uid=0 euid=0 tty=ssh ruser= rhost=43.255.190.174  user=root
Apr 11 05:48:48 ovzhost sshd[1030]: pam_unix(sshd:auth): authentication failure; logname= uid=0 euid=0 tty=ssh ruser= rhost=43.255.190.174  user=root
Apr 11 05:48:50 ovzhost sshd[1030]: Failed password for root from 43.255.190.174 port 52754 ssh2
Apr 11 05:48:50 ovzhost sshd[1028]: message repeated 2 times: [ Failed password for root from 43.255.190.159 port 58066 ssh2]
Apr 11 05:48:51 ovzhost sshd[1028]: Received disconnect from 43.255.190.159: 11:  [preauth]
Apr 11 05:48:51 ovzhost sshd[1028]: PAM 2 more authentication failures; logname= uid=0 euid=0 tty=ssh ruser= rhost=43.255.190.159  user=root
Apr 11 05:48:51 ovzhost sshd[1032]: pam_unix(sshd:auth): authentication failure; logname= uid=0 euid=0 tty=ssh ruser= rhost=43.255.190.159  user=root
Apr 11 05:48:53 ovzhost sshd[1032]: Failed password for root from 43.255.190.159 port 42225 ssh2
Apr 11 05:48:54 ovzhost sshd[1030]: message repeated 2 times: [ Failed password for root from 43.255.190.174 port 52754 ssh2]
Apr 11 05:48:54 ovzhost sshd[1030]: Received disconnect from 43.255.190.174: 11:  [preauth]
Apr 11 05:48:54 ovzhost sshd[1030]: PAM 2 more authentication failures; logname= uid=0 euid=0 tty=ssh ruser= rhost=43.255.190.174  user=root
Apr 11 05:48:55 ovzhost sshd[1036]: pam_unix(sshd:auth): authentication failure; logname= uid=0 euid=0 tty=ssh ruser= rhost=43.255.190.174  user=root
Apr 11 05:48:57 ovzhost sshd[1036]: Failed password for root from 43.255.190.174 port 38999 ssh2
Apr 11 05:48:57 ovzhost sshd[1032]: message repeated 2 times: [ Failed password for root from 43.255.190.159 port 42225 ssh2]
Apr 11 05:48:57 ovzhost sshd[1032]: Received disconnect from 43.255.190.159: 11:  [preauth]
Apr 11 05:48:57 ovzhost sshd[1032]: PAM 2 more authentication failures; logname= uid=0 euid=0 tty=ssh ruser= rhost=43.255.190.159  user=root
Apr 11 05:48:58 ovzhost sshd[1038]: pam_unix(sshd:auth): authentication failure; logname= uid=0 euid=0 tty=ssh ruser= rhost=43.255.190.159  user=root
Apr 11 05:49:00 ovzhost sshd[1038]: Failed password for root from 43.255.190.159 port 55361 ssh2
Apr 11 05:49:01 ovzhost sshd[1036]: message repeated 2 times: [ Failed password for root from 43.255.190.174 port 38999 ssh2]
