Mar 31 17:16:56 ovzhost sudo:     root : unable to resolve host ovzhost
Mar 31 17:16:56 ovzhost sudo:     root : TTY=pts/0 ; PWD=/ ; USER=root ; COMMAND=/usr/bin/less /root/.bash_history
Mar 31 17:16:56 ovzhost sudo: pam_unix(sudo:session): session opened for user root by (uid=0)
Mar 31 17:16:57 ovzhost sudo: pam_unix(sudo:session): session closed for user root
Apr  2 14:31:13 ovzhost sshd[419]: Server listening on 0.0.0.0 port 22.
Apr  2 14:31:13 ovzhost sshd[419]: Server listening on :: port 22.
Apr  2 14:31:13 ovzhost saslauthd[637]: detach_tty      : master pid is: 637
Apr  2 14:31:13 ovzhost saslauthd[637]: ipc_init        : listening on socket: /var/run/saslauthd/mux
Apr  2 14:33:26 ovzhost sshd[797]: Connection closed by 127.0.0.1 [preauth]
Apr 12 22:39:01 ovzhost CRON[789]: pam_env(cron:session): Unable to open env file: /etc/default/locale: No such file or directory
Apr 12 22:39:01 ovzhost CRON[789]: pam_unix(cron:session): session opened for user root by (uid=0)
Apr 12 22:39:01 ovzhost CRON[789]: pam_unix(cron:session): session closed for user root
Apr 12 22:39:37 ovzhost sshd[804]: Connection closed by 127.0.0.1 [preauth]
Apr 12 22:40:01 ovzhost CRON[807]: pam_env(cron:session): Unable to open env file: /etc/default/locale: No such file or directory
Apr 12 22:40:01 ovzhost CRON[807]: pam_unix(cron:session): session opened for user smmsp by (uid=0)
Apr 12 22:40:01 ovzhost CRON[807]: pam_unix(cron:session): session closed for user smmsp
Apr 12 22:40:53 ovzhost sshd[835]: Connection closed by 128.8.37.104 [preauth]
Apr 12 22:44:37 ovzhost sshd[853]: Connection closed by 127.0.0.1 [preauth]
Apr 12 22:49:37 ovzhost sshd[875]: Connection closed by 127.0.0.1 [preauth]
Apr 12 22:50:53 ovzhost sshd[880]: Connection closed by 128.8.37.104 [preauth]
Apr 12 22:54:37 ovzhost sshd[898]: Connection closed by 127.0.0.1 [preauth]
Apr 12 22:59:37 ovzhost sshd[920]: Connection closed by 127.0.0.1 [preauth]
Apr 12 23:00:01 ovzhost CRON[923]: pam_env(cron:session): Unable to open env file: /etc/default/locale: No such file or directory
Apr 12 23:00:01 ovzhost CRON[923]: pam_unix(cron:session): session opened for user smmsp by (uid=0)
Apr 12 23:00:01 ovzhost CRON[923]: pam_unix(cron:session): session closed for user smmsp
Apr 12 23:00:53 ovzhost sshd[951]: Connection closed by 128.8.37.104 [preauth]
Apr 12 23:01:00 ovzhost sshd[953]: pam_unix(sshd:auth): authentication failure; logname= uid=0 euid=0 tty=ssh ruser= rhost=43.255.190.145  user=root
Apr 12 23:01:01 ovzhost sshd[955]: pam_unix(sshd:auth): authentication failure; logname= uid=0 euid=0 tty=ssh ruser= rhost=43.255.190.115  user=root
Apr 12 23:01:01 ovzhost sshd[957]: pam_unix(sshd:auth): authentication failure; logname= uid=0 euid=0 tty=ssh ruser= rhost=43.255.190.145  user=root
Apr 12 23:01:03 ovzhost sshd[953]: Failed password for root from 43.255.190.145 port 47532 ssh2
Apr 12 23:01:03 ovzhost sshd[955]: Failed password for root from 43.255.190.115 port 48240 ssh2
Apr 12 23:01:04 ovzhost sshd[957]: Failed password for root from 43.255.190.145 port 51028 ssh2
Apr 12 23:01:07 ovzhost sshd[953]: message repeated 2 times: [ Failed password for root from 43.255.190.145 port 47532 ssh2]
Apr 12 23:01:07 ovzhost sshd[953]: Received disconnect from 43.255.190.145: 11:  [preauth]
Apr 12 23:01:07 ovzhost sshd[953]: PAM 2 more authentication failures; logname= uid=0 euid=0 tty=ssh ruser= rhost=43.255.190.145  user=root
Apr 12 23:01:08 ovzhost sshd[959]: pam_unix(sshd:auth): authentication failure; logname= uid=0 euid=0 tty=ssh ruser= rhost=43.255.190.145  user=root
Apr 12 23:01:08 ovzhost sshd[957]: message repeated 2 times: [ Failed password for root from 43.255.190.145 port 51028 ssh2]
Apr 12 23:01:08 ovzhost sshd[957]: Received disconnect from 43.255.190.145: 11:  [preauth]
Apr 12 23:01:08 ovzhost sshd[957]: PAM 2 more authentication failures; logname= uid=0 euid=0 tty=ssh ruser= rhost=43.255.190.145  user=root
Apr 12 23:01:08 ovzhost sshd[955]: message repeated 2 times: [ Failed password for root from 43.255.190.115 port 48240 ssh2]
Apr 12 23:01:08 ovzhost sshd[955]: Received disconnect from 43.255.190.115: 11:  [preauth]
Apr 12 23:01:08 ovzhost sshd[955]: PAM 2 more authentication failures; logname= uid=0 euid=0 tty=ssh ruser= rhost=43.255.190.115  user=root
Apr 12 23:01:08 ovzhost sshd[961]: pam_unix(sshd:auth): authentication failure; logname= uid=0 euid=0 tty=ssh ruser= rhost=43.255.190.145  user=root
Apr 12 23:01:08 ovzhost sshd[962]: pam_unix(sshd:auth): authentication failure; logname= uid=0 euid=0 tty=ssh ruser= rhost=43.255.190.115  user=root
Apr 12 23:01:10 ovzhost sshd[959]: Failed password for root from 43.255.190.145 port 38276 ssh2
Apr 12 23:01:10 ovzhost sshd[961]: Failed password for root from 43.255.190.145 port 39679 ssh2
Apr 12 23:01:10 ovzhost sshd[962]: Failed password for root from 43.255.190.115 port 39891 ssh2
Apr 12 23:01:14 ovzhost sshd[959]: message repeated 2 times: [ Failed password for root from 43.255.190.145 port 38276 ssh2]
Apr 12 23:01:14 ovzhost sshd[959]: Received disconnect from 43.255.190.145: 11:  [preauth]
Apr 12 23:01:14 ovzhost sshd[959]: PAM 2 more authentication failures; logname= uid=0 euid=0 tty=ssh ruser= rhost=43.255.190.145  user=root
Apr 12 23:01:15 ovzhost sshd[965]: pam_unix(sshd:auth): authentication failure; logname= uid=0 euid=0 tty=ssh ruser= rhost=43.255.190.145  user=root
Apr 12 23:01:15 ovzhost sshd[961]: message repeated 2 times: [ Failed password for root from 43.255.190.145 port 39679 ssh2]
Apr 12 23:01:15 ovzhost sshd[961]: Received disconnect from 43.255.190.145: 11:  [preauth]
Apr 12 23:01:15 ovzhost sshd[961]: PAM 2 more authentication failures; logname= uid=0 euid=0 tty=ssh ruser= rhost=43.255.190.145  user=root
Apr 12 23:01:15 ovzhost sshd[962]: message repeated 2 times: [ Failed password for root from 43.255.190.115 port 39891 ssh2]
Apr 12 23:01:15 ovzhost sshd[962]: Received disconnect from 43.255.190.115: 11:  [preauth]
Apr 12 23:01:15 ovzhost sshd[962]: PAM 2 more authentication failures; logname= uid=0 euid=0 tty=ssh ruser= rhost=43.255.190.115  user=root
Apr 12 23:01:16 ovzhost sshd[968]: pam_unix(sshd:auth): authentication failure; logname= uid=0 euid=0 tty=ssh ruser= rhost=43.255.190.115  user=root
Apr 12 23:01:16 ovzhost sshd[967]: pam_unix(sshd:auth): authentication failure; logname= uid=0 euid=0 tty=ssh ruser= rhost=43.255.190.145  user=root
Apr 12 23:01:17 ovzhost sshd[965]: Failed password for root from 43.255.190.145 port 54810 ssh2
Apr 12 23:01:18 ovzhost sshd[968]: Failed password for root from 43.255.190.115 port 59799 ssh2
Apr 12 23:01:18 ovzhost sshd[967]: Failed password for root from 43.255.190.145 port 57886 ssh2
Apr 12 23:01:21 ovzhost sshd[965]: message repeated 2 times: [ Failed password for root from 43.255.190.145 port 54810 ssh2]
Apr 12 23:01:21 ovzhost sshd[965]: Received disconnect from 43.255.190.145: 11:  [preauth]
Apr 12 23:01:21 ovzhost sshd[965]: PAM 2 more authentication failures; logname= uid=0 euid=0 tty=ssh ruser= rhost=43.255.190.145  user=root
Apr 12 23:01:21 ovzhost sshd[971]: pam_unix(sshd:auth): authentication failure; logname= uid=0 euid=0 tty=ssh ruser= rhost=43.255.190.145  user=root
Apr 12 23:01:22 ovzhost sshd[967]: message repeated 2 times: [ Failed password for root from 43.255.190.145 port 57886 ssh2]
Apr 12 23:01:22 ovzhost sshd[967]: Received disconnect from 43.255.190.145: 11:  [preauth]
Apr 12 23:01:22 ovzhost sshd[967]: PAM 2 more authentication failures; logname= uid=0 euid=0 tty=ssh ruser= rhost=43.255.190.145  user=root
Apr 12 23:01:22 ovzhost sshd[968]: message repeated 2 times: [ Failed password for root from 43.255.190.115 port 59799 ssh2]
Apr 12 23:01:22 ovzhost sshd[968]: Received disconnect from 43.255.190.115: 11:  [preauth]
Apr 12 23:01:22 ovzhost sshd[968]: PAM 2 more authentication failures; logname= uid=0 euid=0 tty=ssh ruser= rhost=43.255.190.115  user=root
Apr 12 23:01:23 ovzhost sshd[975]: pam_unix(sshd:auth): authentication failure; logname= uid=0 euid=0 tty=ssh ruser= rhost=43.255.190.145  user=root
Apr 12 23:01:23 ovzhost sshd[976]: pam_unix(sshd:auth): authentication failure; logname= uid=0 euid=0 tty=ssh ruser= rhost=43.255.190.115  user=root
Apr 12 23:01:24 ovzhost sshd[971]: Failed password for root from 43.255.190.145 port 43702 ssh2
Apr 12 23:01:25 ovzhost sshd[975]: Failed password for root from 43.255.190.145 port 47018 ssh2
Apr 12 23:01:25 ovzhost sshd[976]: Failed password for root from 43.255.190.115 port 50096 ssh2
Apr 12 23:01:28 ovzhost sshd[971]: message repeated 2 times: [ Failed password for root from 43.255.190.145 port 43702 ssh2]
Apr 12 23:01:28 ovzhost sshd[971]: Received disconnect from 43.255.190.145: 11:  [preauth]
Apr 12 23:01:28 ovzhost sshd[971]: PAM 2 more authentication failures; logname= uid=0 euid=0 tty=ssh ruser= rhost=43.255.190.145  user=root
Apr 12 23:01:29 ovzhost sshd[979]: pam_unix(sshd:auth): authentication failure; logname= uid=0 euid=0 tty=ssh ruser= rhost=43.255.190.145  user=root
Apr 12 23:01:29 ovzhost sshd[976]: message repeated 2 times: [ Failed password for root from 43.255.190.115 port 50096 ssh2]
Apr 12 23:01:29 ovzhost sshd[976]: Received disconnect from 43.255.190.115: 11:  [preauth]
Apr 12 23:01:29 ovzhost sshd[976]: PAM 2 more authentication failures; logname= uid=0 euid=0 tty=ssh ruser= rhost=43.255.190.115  user=root
Apr 12 23:01:29 ovzhost sshd[975]: message repeated 2 times: [ Failed password for root from 43.255.190.145 port 47018 ssh2]
Apr 12 23:01:29 ovzhost sshd[975]: Received disconnect from 43.255.190.145: 11:  [preauth]
Apr 12 23:01:29 ovzhost sshd[975]: PAM 2 more authentication failures; logname= uid=0 euid=0 tty=ssh ruser= rhost=43.255.190.145  user=root
Apr 12 23:01:30 ovzhost sshd[981]: pam_unix(sshd:auth): authentication failure; logname= uid=0 euid=0 tty=ssh ruser= rhost=43.255.190.115  user=root
Apr 12 23:01:30 ovzhost sshd[982]: pam_unix(sshd:auth): authentication failure; logname= uid=0 euid=0 tty=ssh ruser= rhost=43.255.190.145  user=root
Apr 12 23:01:30 ovzhost sshd[979]: Failed password for root from 43.255.190.145 port 34734 ssh2
Apr 12 23:01:32 ovzhost sshd[981]: Failed password for root from 43.255.190.115 port 40923 ssh2
Apr 12 23:01:32 ovzhost sshd[982]: Failed password for root from 43.255.190.145 port 37634 ssh2
Apr 12 23:01:35 ovzhost sshd[979]: message repeated 2 times: [ Failed password for root from 43.255.190.145 port 34734 ssh2]
Apr 12 23:01:35 ovzhost sshd[979]: Received disconnect from 43.255.190.145: 11:  [preauth]
Apr 12 23:01:35 ovzhost sshd[979]: PAM 2 more authentication failures; logname= uid=0 euid=0 tty=ssh ruser= rhost=43.255.190.145  user=root
Apr 12 23:01:36 ovzhost sshd[985]: pam_unix(sshd:auth): authentication failure; logname= uid=0 euid=0 tty=ssh ruser= rhost=43.255.190.145  user=root
Apr 12 23:01:36 ovzhost sshd[982]: message repeated 2 times: [ Failed password for root from 43.255.190.145 port 37634 ssh2]
Apr 12 23:01:36 ovzhost sshd[982]: Received disconnect from 43.255.190.145: 11:  [preauth]
Apr 12 23:01:36 ovzhost sshd[981]: message repeated 2 times: [ Failed password for root from 43.255.190.115 port 40923 ssh2]
Apr 12 23:01:36 ovzhost sshd[981]: Received disconnect from 43.255.190.115: 11:  [preauth]
Apr 12 23:01:36 ovzhost sshd[981]: PAM 2 more authentication failures; logname= uid=0 euid=0 tty=ssh ruser= rhost=43.255.190.115  user=root
Apr 12 23:01:36 ovzhost sshd[982]: PAM 2 more authentication failures; logname= uid=0 euid=0 tty=ssh ruser= rhost=43.255.190.145  user=root
Apr 12 23:01:37 ovzhost sshd[989]: pam_unix(sshd:auth): authentication failure; logname= uid=0 euid=0 tty=ssh ruser= rhost=43.255.190.115  user=root
Apr 12 23:01:37 ovzhost sshd[990]: pam_unix(sshd:auth): authentication failure; logname= uid=0 euid=0 tty=ssh ruser= rhost=43.255.190.145  user=root
Apr 12 23:01:38 ovzhost sshd[985]: Failed password for root from 43.255.190.145 port 51942 ssh2
Apr 12 23:01:39 ovzhost sshd[989]: Failed password for root from 43.255.190.115 port 59064 ssh2
Apr 12 23:01:39 ovzhost sshd[990]: Failed password for root from 43.255.190.145 port 54854 ssh2
Apr 12 23:01:42 ovzhost sshd[985]: message repeated 2 times: [ Failed password for root from 43.255.190.145 port 51942 ssh2]
Apr 12 23:01:42 ovzhost sshd[985]: Received disconnect from 43.255.190.145: 11:  [preauth]
Apr 12 23:01:42 ovzhost sshd[985]: PAM 2 more authentication failures; logname= uid=0 euid=0 tty=ssh ruser= rhost=43.255.190.145  user=root
Apr 12 23:01:42 ovzhost sshd[993]: pam_unix(sshd:auth): authentication failure; logname= uid=0 euid=0 tty=ssh ruser= rhost=43.255.190.145  user=root
Apr 12 23:01:43 ovzhost sshd[989]: message repeated 2 times: [ Failed password for root from 43.255.190.115 port 59064 ssh2]
Apr 12 23:01:43 ovzhost sshd[989]: Received disconnect from 43.255.190.115: 11:  [preauth]
Apr 12 23:01:43 ovzhost sshd[989]: PAM 2 more authentication failures; logname= uid=0 euid=0 tty=ssh ruser= rhost=43.255.190.115  user=root
Apr 12 23:01:43 ovzhost sshd[990]: message repeated 2 times: [ Failed password for root from 43.255.190.145 port 54854 ssh2]
Apr 12 23:01:43 ovzhost sshd[990]: Received disconnect from 43.255.190.145: 11:  [preauth]
Apr 12 23:01:43 ovzhost sshd[990]: PAM 2 more authentication failures; logname= uid=0 euid=0 tty=ssh ruser= rhost=43.255.190.145  user=root
Apr 12 23:01:43 ovzhost sshd[995]: pam_unix(sshd:auth): authentication failure; logname= uid=0 euid=0 tty=ssh ruser= rhost=43.255.190.115  user=root
Apr 12 23:01:43 ovzhost sshd[996]: pam_unix(sshd:auth): authentication failure; logname= uid=0 euid=0 tty=ssh ruser= rhost=43.255.190.145  user=root
Apr 12 23:01:44 ovzhost sshd[993]: Failed password for root from 43.255.190.145 port 40923 ssh2
Apr 12 23:01:45 ovzhost sshd[995]: Failed password for root from 43.255.190.115 port 48827 ssh2
Apr 12 23:01:45 ovzhost sshd[996]: Failed password for root from 43.255.190.145 port 43902 ssh2
Apr 12 23:01:48 ovzhost sshd[993]: message repeated 2 times: [ Failed password for root from 43.255.190.145 port 40923 ssh2]
Apr 12 23:01:48 ovzhost sshd[993]: Received disconnect from 43.255.190.145: 11:  [preauth]
Apr 12 23:01:48 ovzhost sshd[993]: PAM 2 more authentication failures; logname= uid=0 euid=0 tty=ssh ruser= rhost=43.255.190.145  user=root
Apr 12 23:01:49 ovzhost sshd[999]: pam_unix(sshd:auth): authentication failure; logname= uid=0 euid=0 tty=ssh ruser= rhost=43.255.190.145  user=root
Apr 12 23:01:50 ovzhost sshd[996]: message repeated 2 times: [ Failed password for root from 43.255.190.145 port 43902 ssh2]
Apr 12 23:01:50 ovzhost sshd[996]: Received disconnect from 43.255.190.145: 11:  [preauth]
Apr 12 23:01:50 ovzhost sshd[996]: PAM 2 more authentication failures; logname= uid=0 euid=0 tty=ssh ruser= rhost=43.255.190.145  user=root
Apr 12 23:01:50 ovzhost sshd[995]: message repeated 2 times: [ Failed password for root from 43.255.190.115 port 48827 ssh2]
Apr 12 23:01:50 ovzhost sshd[995]: Received disconnect from 43.255.190.115: 11:  [preauth]
Apr 12 23:01:50 ovzhost sshd[995]: PAM 2 more authentication failures; logname= uid=0 euid=0 tty=ssh ruser= rhost=43.255.190.115  user=root
Apr 12 23:01:51 ovzhost sshd[1001]: pam_unix(sshd:auth): authentication failure; logname= uid=0 euid=0 tty=ssh ruser= rhost=43.255.190.115  user=root
Apr 12 23:01:51 ovzhost sshd[1002]: pam_unix(sshd:auth): authentication failure; logname= uid=0 euid=0 tty=ssh ruser= rhost=43.255.190.145  user=root
Apr 12 23:01:51 ovzhost sshd[999]: Failed password for root from 43.255.190.145 port 57928 ssh2
Apr 12 23:01:53 ovzhost sshd[1001]: Failed password for root from 43.255.190.115 port 39744 ssh2
Apr 12 23:01:53 ovzhost sshd[1002]: Failed password for root from 43.255.190.145 port 34057 ssh2
Apr 12 23:01:56 ovzhost sshd[999]: message repeated 2 times: [ Failed password for root from 43.255.190.145 port 57928 ssh2]
Apr 12 23:01:56 ovzhost sshd[999]: Received disconnect from 43.255.190.145: 11:  [preauth]
Apr 12 23:01:56 ovzhost sshd[999]: PAM 2 more authentication failures; logname= uid=0 euid=0 tty=ssh ruser= rhost=43.255.190.145  user=root
Apr 12 23:01:56 ovzhost sshd[1007]: pam_unix(sshd:auth): authentication failure; logname= uid=0 euid=0 tty=ssh ruser= rhost=43.255.190.145  user=root
Apr 12 23:01:56 ovzhost sshd[1001]: message repeated 2 times: [ Failed password for root from 43.255.190.115 port 39744 ssh2]
Apr 12 23:01:57 ovzhost sshd[1001]: Received disconnect from 43.255.190.115: 11:  [preauth]
Apr 12 23:01:57 ovzhost sshd[1001]: PAM 2 more authentication failures; logname= uid=0 euid=0 tty=ssh ruser= rhost=43.255.190.115  user=root
Apr 12 23:01:56 ovzhost sshd[1002]: message repeated 2 times: [ Failed password for root from 43.255.190.145 port 34057 ssh2]
Apr 12 23:01:57 ovzhost sshd[1002]: Received disconnect from 43.255.190.145: 11:  [preauth]
Apr 12 23:01:57 ovzhost sshd[1002]: PAM 2 more authentication failures; logname= uid=0 euid=0 tty=ssh ruser= rhost=43.255.190.145  user=root
Apr 12 23:01:57 ovzhost sshd[1009]: pam_unix(sshd:auth): authentication failure; logname= uid=0 euid=0 tty=ssh ruser= rhost=43.255.190.115  user=root
Apr 12 23:01:57 ovzhost sshd[1010]: pam_unix(sshd:auth): authentication failure; logname= uid=0 euid=0 tty=ssh ruser= rhost=43.255.190.145  user=root
Apr 12 23:01:59 ovzhost sshd[1007]: Failed password for root from 43.255.190.145 port 48965 ssh2
Apr 12 23:02:00 ovzhost sshd[1009]: Failed password for root from 43.255.190.115 port 57510 ssh2
Apr 12 23:02:00 ovzhost sshd[1010]: Failed password for root from 43.255.190.145 port 50926 ssh2
Apr 12 23:02:03 ovzhost sshd[1007]: message repeated 2 times: [ Failed password for root from 43.255.190.145 port 48965 ssh2]
Apr 12 23:02:03 ovzhost sshd[1007]: Received disconnect from 43.255.190.145: 11:  [preauth]
Apr 12 23:02:03 ovzhost sshd[1007]: PAM 2 more authentication failures; logname= uid=0 euid=0 tty=ssh ruser= rhost=43.255.190.145  user=root
Apr 12 23:02:04 ovzhost sshd[1013]: pam_unix(sshd:auth): authentication failure; logname= uid=0 euid=0 tty=ssh ruser= rhost=43.255.190.145  user=root
Apr 12 23:02:04 ovzhost sshd[1010]: message repeated 2 times: [ Failed password for root from 43.255.190.145 port 50926 ssh2]
Apr 12 23:02:04 ovzhost sshd[1010]: Received disconnect from 43.255.190.145: 11:  [preauth]
Apr 12 23:02:04 ovzhost sshd[1010]: PAM 2 more authentication failures; logname= uid=0 euid=0 tty=ssh ruser= rhost=43.255.190.145  user=root
Apr 12 23:02:04 ovzhost sshd[1009]: message repeated 2 times: [ Failed password for root from 43.255.190.115 port 57510 ssh2]
Apr 12 23:02:04 ovzhost sshd[1009]: Received disconnect from 43.255.190.115: 11:  [preauth]
Apr 12 23:02:04 ovzhost sshd[1009]: PAM 2 more authentication failures; logname= uid=0 euid=0 tty=ssh ruser= rhost=43.255.190.115  user=root
Apr 12 23:02:05 ovzhost sshd[1013]: Failed password for root from 43.255.190.145 port 37916 ssh2
Apr 12 23:02:05 ovzhost sshd[1016]: pam_unix(sshd:auth): authentication failure; logname= uid=0 euid=0 tty=ssh ruser= rhost=43.255.190.115  user=root
Apr 12 23:02:05 ovzhost sshd[1015]: pam_unix(sshd:auth): authentication failure; logname= uid=0 euid=0 tty=ssh ruser= rhost=43.255.190.145  user=root
Apr 12 23:02:07 ovzhost sshd[1016]: Failed password for root from 43.255.190.115 port 49344 ssh2
Apr 12 23:02:07 ovzhost sshd[1015]: Failed password for root from 43.255.190.145 port 41914 ssh2
Apr 12 23:02:07 ovzhost sshd[1019]: pam_unix(sshd:auth): authentication failure; logname= uid=0 euid=0 tty=ssh ruser= rhost=128.134.54.57  user=root
Apr 12 23:02:09 ovzhost sshd[1013]: message repeated 2 times: [ Failed password for root from 43.255.190.145 port 37916 ssh2]
Apr 12 23:02:09 ovzhost sshd[1013]: Received disconnect from 43.255.190.145: 11:  [preauth]
Apr 12 23:02:09 ovzhost sshd[1013]: PAM 2 more authentication failures; logname= uid=0 euid=0 tty=ssh ruser= rhost=43.255.190.145  user=root
Apr 12 23:02:09 ovzhost sshd[1019]: Failed password for root from 128.134.54.57 port 48036 ssh2
Apr 12 23:02:09 ovzhost sshd[1021]: pam_unix(sshd:auth): authentication failure; logname= uid=0 euid=0 tty=ssh ruser= rhost=43.255.190.145  user=root
Apr 12 23:02:11 ovzhost sshd[1016]: message repeated 2 times: [ Failed password for root from 43.255.190.115 port 49344 ssh2]
Apr 12 23:02:12 ovzhost sshd[1016]: Received disconnect from 43.255.190.115: 11:  [preauth]
Apr 12 23:02:12 ovzhost sshd[1016]: PAM 2 more authentication failures; logname= uid=0 euid=0 tty=ssh ruser= rhost=43.255.190.115  user=root
Apr 12 23:02:11 ovzhost sshd[1015]: message repeated 2 times: [ Failed password for root from 43.255.190.145 port 41914 ssh2]
Apr 12 23:02:12 ovzhost sshd[1015]: Received disconnect from 43.255.190.145: 11:  [preauth]
Apr 12 23:02:12 ovzhost sshd[1015]: PAM 2 more authentication failures; logname= uid=0 euid=0 tty=ssh ruser= rhost=43.255.190.145  user=root
Apr 12 23:02:12 ovzhost sshd[1021]: Failed password for root from 43.255.190.145 port 53272 ssh2
Apr 12 23:02:12 ovzhost sshd[1023]: pam_unix(sshd:auth): authentication failure; logname= uid=0 euid=0 tty=ssh ruser= rhost=43.255.190.115  user=root
Apr 12 23:02:12 ovzhost sshd[1025]: pam_unix(sshd:auth): authentication failure; logname= uid=0 euid=0 tty=ssh ruser= rhost=43.255.190.145  user=root
Apr 12 23:02:14 ovzhost sshd[1023]: Failed password for root from 43.255.190.115 port 40223 ssh2
Apr 12 23:02:14 ovzhost sshd[1025]: Failed password for root from 43.255.190.145 port 60161 ssh2
Apr 12 23:02:14 ovzhost sshd[1019]: message repeated 2 times: [ Failed password for root from 128.134.54.57 port 48036 ssh2]
Apr 12 23:02:14 ovzhost sshd[1019]: Connection closed by 128.134.54.57 [preauth]
Apr 12 23:02:14 ovzhost sshd[1019]: PAM 2 more authentication failures; logname= uid=0 euid=0 tty=ssh ruser= rhost=128.134.54.57  user=root
Apr 12 23:02:16 ovzhost sshd[1021]: message repeated 2 times: [ Failed password for root from 43.255.190.145 port 53272 ssh2]
Apr 12 23:02:16 ovzhost sshd[1021]: Received disconnect from 43.255.190.145: 11:  [preauth]
Apr 12 23:02:16 ovzhost sshd[1021]: PAM 2 more authentication failures; logname= uid=0 euid=0 tty=ssh ruser= rhost=43.255.190.145  user=root
Apr 12 23:02:17 ovzhost sshd[1027]: pam_unix(sshd:auth): authentication failure; logname= uid=0 euid=0 tty=ssh ruser= rhost=43.255.190.145  user=root
Apr 12 23:02:18 ovzhost sshd[1025]: message repeated 2 times: [ Failed password for root from 43.255.190.145 port 60161 ssh2]
Apr 12 23:02:18 ovzhost sshd[1025]: Received disconnect from 43.255.190.145: 11:  [preauth]
Apr 12 23:02:18 ovzhost sshd[1025]: PAM 2 more authentication failures; logname= uid=0 euid=0 tty=ssh ruser= rhost=43.255.190.145  user=root
Apr 12 23:02:18 ovzhost sshd[1023]: message repeated 2 times: [ Failed password for root from 43.255.190.115 port 40223 ssh2]
Apr 12 23:02:18 ovzhost sshd[1023]: Received disconnect from 43.255.190.115: 11:  [preauth]
Apr 12 23:02:18 ovzhost sshd[1023]: PAM 2 more authentication failures; logname= uid=0 euid=0 tty=ssh ruser= rhost=43.255.190.115  user=root
Apr 12 23:02:19 ovzhost sshd[1027]: Failed password for root from 43.255.190.145 port 43572 ssh2
Apr 12 23:02:19 ovzhost sshd[1031]: pam_unix(sshd:auth): authentication failure; logname= uid=0 euid=0 tty=ssh ruser= rhost=43.255.190.115  user=root
Apr 12 23:02:19 ovzhost sshd[1030]: pam_unix(sshd:auth): authentication failure; logname= uid=0 euid=0 tty=ssh ruser= rhost=43.255.190.145  user=root
Apr 12 23:02:21 ovzhost sshd[1031]: Failed password for root from 43.255.190.115 port 57782 ssh2
Apr 12 23:02:21 ovzhost sshd[1030]: Failed password for root from 43.255.190.145 port 48852 ssh2
Apr 12 23:02:23 ovzhost sshd[1027]: message repeated 2 times: [ Failed password for root from 43.255.190.145 port 43572 ssh2]
Apr 12 23:02:23 ovzhost sshd[1027]: Received disconnect from 43.255.190.145: 11:  [preauth]
Apr 12 23:02:23 ovzhost sshd[1027]: PAM 2 more authentication failures; logname= uid=0 euid=0 tty=ssh ruser= rhost=43.255.190.145  user=root
Apr 12 23:02:24 ovzhost sshd[1034]: pam_unix(sshd:auth): authentication failure; logname= uid=0 euid=0 tty=ssh ruser= rhost=43.255.190.145  user=root
Apr 12 23:02:25 ovzhost sshd[1031]: message repeated 2 times: [ Failed password for root from 43.255.190.115 port 57782 ssh2]
Apr 12 23:02:25 ovzhost sshd[1031]: Received disconnect from 43.255.190.115: 11:  [preauth]
Apr 12 23:02:25 ovzhost sshd[1031]: PAM 2 more authentication failures; logname= uid=0 euid=0 tty=ssh ruser= rhost=43.255.190.115  user=root
Apr 12 23:02:25 ovzhost sshd[1030]: message repeated 2 times: [ Failed password for root from 43.255.190.145 port 48852 ssh2]
Apr 12 23:02:25 ovzhost sshd[1030]: Received disconnect from 43.255.190.145: 11:  [preauth]
Apr 12 23:02:25 ovzhost sshd[1030]: PAM 2 more authentication failures; logname= uid=0 euid=0 tty=ssh ruser= rhost=43.255.190.145  user=root
Apr 12 23:02:26 ovzhost sshd[1036]: pam_unix(sshd:auth): authentication failure; logname= uid=0 euid=0 tty=ssh ruser= rhost=43.255.190.115  user=root
Apr 12 23:02:26 ovzhost sshd[1037]: pam_unix(sshd:auth): authentication failure; logname= uid=0 euid=0 tty=ssh ruser= rhost=43.255.190.145  user=root
Apr 12 23:02:26 ovzhost sshd[1034]: Failed password for root from 43.255.190.145 port 32866 ssh2
Apr 12 23:02:28 ovzhost sshd[1036]: Failed password for root from 43.255.190.115 port 47552 ssh2
Apr 12 23:02:28 ovzhost sshd[1037]: Failed password for root from 43.255.190.145 port 37595 ssh2
Apr 12 23:02:30 ovzhost sshd[1034]: message repeated 2 times: [ Failed password for root from 43.255.190.145 port 32866 ssh2]
Apr 12 23:02:30 ovzhost sshd[1034]: Received disconnect from 43.255.190.145: 11:  [preauth]
Apr 12 23:02:30 ovzhost sshd[1034]: PAM 2 more authentication failures; logname= uid=0 euid=0 tty=ssh ruser= rhost=43.255.190.145  user=root
Apr 12 23:02:30 ovzhost sshd[1040]: pam_unix(sshd:auth): authentication failure; logname= uid=0 euid=0 tty=ssh ruser= rhost=43.255.190.145  user=root
Apr 12 23:02:31 ovzhost sshd[1036]: message repeated 2 times: [ Failed password for root from 43.255.190.115 port 47552 ssh2]
Apr 12 23:02:31 ovzhost sshd[1036]: Received disconnect from 43.255.190.115: 11:  [preauth]
Apr 12 23:02:31 ovzhost sshd[1036]: PAM 2 more authentication failures; logname= uid=0 euid=0 tty=ssh ruser= rhost=43.255.190.115  user=root
Apr 12 23:02:31 ovzhost sshd[1037]: message repeated 2 times: [ Failed password for root from 43.255.190.145 port 37595 ssh2]
Apr 12 23:02:31 ovzhost sshd[1037]: Received disconnect from 43.255.190.145: 11:  [preauth]
Apr 12 23:02:31 ovzhost sshd[1037]: PAM 2 more authentication failures; logname= uid=0 euid=0 tty=ssh ruser= rhost=43.255.190.145  user=root
Apr 12 23:02:32 ovzhost sshd[1042]: pam_unix(sshd:auth): authentication failure; logname= uid=0 euid=0 tty=ssh ruser= rhost=43.255.190.115  user=root
Apr 12 23:02:32 ovzhost sshd[1043]: pam_unix(sshd:auth): authentication failure; logname= uid=0 euid=0 tty=ssh ruser= rhost=43.255.190.145  user=root
Apr 12 23:02:32 ovzhost sshd[1040]: Failed password for root from 43.255.190.145 port 49835 ssh2
Apr 12 23:02:34 ovzhost sshd[1042]: Failed password for root from 43.255.190.115 port 36636 ssh2
Apr 12 23:02:34 ovzhost sshd[1043]: Failed password for root from 43.255.190.145 port 53925 ssh2
Apr 12 23:02:36 ovzhost sshd[1040]: message repeated 2 times: [ Failed password for root from 43.255.190.145 port 49835 ssh2]
Apr 12 23:02:36 ovzhost sshd[1040]: Received disconnect from 43.255.190.145: 11:  [preauth]
Apr 12 23:02:36 ovzhost sshd[1040]: PAM 2 more authentication failures; logname= uid=0 euid=0 tty=ssh ruser= rhost=43.255.190.145  user=root
Apr 12 23:02:36 ovzhost sshd[1046]: pam_unix(sshd:auth): authentication failure; logname= uid=0 euid=0 tty=ssh ruser= rhost=43.255.190.145  user=root
Apr 12 23:02:38 ovzhost sshd[1043]: message repeated 2 times: [ Failed password for root from 43.255.190.145 port 53925 ssh2]
Apr 12 23:02:38 ovzhost sshd[1043]: Received disconnect from 43.255.190.145: 11:  [preauth]
Apr 12 23:02:38 ovzhost sshd[1043]: PAM 2 more authentication failures; logname= uid=0 euid=0 tty=ssh ruser= rhost=43.255.190.145  user=root
Apr 12 23:02:38 ovzhost sshd[1042]: message repeated 2 times: [ Failed password for root from 43.255.190.115 port 36636 ssh2]
Apr 12 23:02:38 ovzhost sshd[1042]: Received disconnect from 43.255.190.115: 11:  [preauth]
Apr 12 23:02:38 ovzhost sshd[1042]: PAM 2 more authentication failures; logname= uid=0 euid=0 tty=ssh ruser= rhost=43.255.190.115  user=root
Apr 12 23:02:38 ovzhost sshd[1049]: pam_unix(sshd:auth): authentication failure; logname= uid=0 euid=0 tty=ssh ruser= rhost=43.255.190.115  user=root
Apr 12 23:02:38 ovzhost sshd[1048]: pam_unix(sshd:auth): authentication failure; logname= uid=0 euid=0 tty=ssh ruser= rhost=43.255.190.145  user=root
Apr 12 23:02:38 ovzhost sshd[1046]: Failed password for root from 43.255.190.145 port 37400 ssh2
Apr 12 23:02:41 ovzhost sshd[1049]: Failed password for root from 43.255.190.115 port 53655 ssh2
Apr 12 23:02:41 ovzhost sshd[1048]: Failed password for root from 43.255.190.145 port 41965 ssh2
Apr 12 23:02:42 ovzhost sshd[1046]: message repeated 2 times: [ Failed password for root from 43.255.190.145 port 37400 ssh2]
Apr 12 23:02:42 ovzhost sshd[1046]: Received disconnect from 43.255.190.145: 11:  [preauth]
Apr 12 23:02:42 ovzhost sshd[1046]: PAM 2 more authentication failures; logname= uid=0 euid=0 tty=ssh ruser= rhost=43.255.190.145  user=root
Apr 12 23:02:43 ovzhost sshd[1052]: pam_unix(sshd:auth): authentication failure; logname= uid=0 euid=0 tty=ssh ruser= rhost=43.255.190.145  user=root
Apr 12 23:02:44 ovzhost sshd[1049]: message repeated 2 times: [ Failed password for root from 43.255.190.115 port 53655 ssh2]
Apr 12 23:02:44 ovzhost sshd[1049]: Received disconnect from 43.255.190.115: 11:  [preauth]
Apr 12 23:02:44 ovzhost sshd[1049]: PAM 2 more authentication failures; logname= uid=0 euid=0 tty=ssh ruser= rhost=43.255.190.115  user=root
Apr 12 23:02:44 ovzhost sshd[1048]: message repeated 2 times: [ Failed password for root from 43.255.190.145 port 41965 ssh2]
Apr 12 23:02:44 ovzhost sshd[1048]: Received disconnect from 43.255.190.145: 11:  [preauth]
Apr 12 23:02:44 ovzhost sshd[1048]: PAM 2 more authentication failures; logname= uid=0 euid=0 tty=ssh ruser= rhost=43.255.190.145  user=root
Apr 12 23:02:44 ovzhost sshd[1055]: pam_unix(sshd:auth): authentication failure; logname= uid=0 euid=0 tty=ssh ruser= rhost=43.255.190.145  user=root
Apr 12 23:02:44 ovzhost sshd[1054]: pam_unix(sshd:auth): authentication failure; logname= uid=0 euid=0 tty=ssh ruser= rhost=43.255.190.115  user=root
Apr 12 23:02:45 ovzhost sshd[1052]: Failed password for root from 43.255.190.145 port 53554 ssh2
Apr 12 23:02:47 ovzhost sshd[1055]: Failed password for root from 43.255.190.145 port 58638 ssh2
Apr 12 23:02:47 ovzhost sshd[1054]: Failed password for root from 43.255.190.115 port 42691 ssh2
Apr 12 23:02:50 ovzhost sshd[1052]: message repeated 2 times: [ Failed password for root from 43.255.190.145 port 53554 ssh2]
Apr 12 23:02:50 ovzhost sshd[1052]: Received disconnect from 43.255.190.145: 11:  [preauth]
Apr 12 23:02:50 ovzhost sshd[1052]: PAM 2 more authentication failures; logname= uid=0 euid=0 tty=ssh ruser= rhost=43.255.190.145  user=root
Apr 12 23:02:50 ovzhost sshd[1058]: pam_unix(sshd:auth): authentication failure; logname= uid=0 euid=0 tty=ssh ruser= rhost=43.255.190.145  user=root
Apr 12 23:02:51 ovzhost sshd[1055]: message repeated 2 times: [ Failed password for root from 43.255.190.145 port 58638 ssh2]
Apr 12 23:02:51 ovzhost sshd[1055]: Received disconnect from 43.255.190.145: 11:  [preauth]
Apr 12 23:02:51 ovzhost sshd[1055]: PAM 2 more authentication failures; logname= uid=0 euid=0 tty=ssh ruser= rhost=43.255.190.145  user=root
Apr 12 23:02:51 ovzhost sshd[1054]: message repeated 2 times: [ Failed password for root from 43.255.190.115 port 42691 ssh2]
Apr 12 23:02:51 ovzhost sshd[1054]: Received disconnect from 43.255.190.115: 11:  [preauth]
Apr 12 23:02:51 ovzhost sshd[1054]: PAM 2 more authentication failures; logname= uid=0 euid=0 tty=ssh ruser= rhost=43.255.190.115  user=root
Apr 12 23:02:51 ovzhost sshd[1060]: pam_unix(sshd:auth): authentication failure; logname= uid=0 euid=0 tty=ssh ruser= rhost=43.255.190.145  user=root
Apr 12 23:02:52 ovzhost sshd[1062]: pam_unix(sshd:auth): authentication failure; logname= uid=0 euid=0 tty=ssh ruser= rhost=43.255.190.115  user=root
Apr 12 23:02:53 ovzhost sshd[1058]: Failed password for root from 43.255.190.145 port 44964 ssh2
Apr 12 23:02:53 ovzhost sshd[1062]: Failed password for root from 43.255.190.115 port 33152 ssh2
Apr 12 23:02:54 ovzhost sshd[1060]: Failed password for root from 43.255.190.145 port 47807 ssh2
Apr 12 23:02:56 ovzhost sshd[1058]: message repeated 2 times: [ Failed password for root from 43.255.190.145 port 44964 ssh2]
Apr 12 23:02:56 ovzhost sshd[1058]: Received disconnect from 43.255.190.145: 11:  [preauth]
Apr 12 23:02:56 ovzhost sshd[1058]: PAM 2 more authentication failures; logname= uid=0 euid=0 tty=ssh ruser= rhost=43.255.190.145  user=root
Apr 12 23:02:57 ovzhost sshd[1064]: pam_unix(sshd:auth): authentication failure; logname= uid=0 euid=0 tty=ssh ruser= rhost=43.255.190.145  user=root
Apr 12 23:02:57 ovzhost sshd[1062]: message repeated 2 times: [ Failed password for root from 43.255.190.115 port 33152 ssh2]
Apr 12 23:02:57 ovzhost sshd[1062]: Received disconnect from 43.255.190.115: 11:  [preauth]
Apr 12 23:02:57 ovzhost sshd[1062]: PAM 2 more authentication failures; logname= uid=0 euid=0 tty=ssh ruser= rhost=43.255.190.115  user=root
Apr 12 23:02:58 ovzhost sshd[1060]: message repeated 2 times: [ Failed password for root from 43.255.190.145 port 47807 ssh2]
Apr 12 23:02:58 ovzhost sshd[1060]: Received disconnect from 43.255.190.145: 11:  [preauth]
Apr 12 23:02:58 ovzhost sshd[1060]: PAM 2 more authentication failures; logname= uid=0 euid=0 tty=ssh ruser= rhost=43.255.190.145  user=root
Apr 12 23:02:58 ovzhost sshd[1066]: pam_unix(sshd:auth): authentication failure; logname= uid=0 euid=0 tty=ssh ruser= rhost=43.255.190.115  user=root
Apr 12 23:02:58 ovzhost sshd[1068]: pam_unix(sshd:auth): authentication failure; logname= uid=0 euid=0 tty=ssh ruser= rhost=43.255.190.145  user=root
Apr 12 23:02:59 ovzhost sshd[1064]: Failed password for root from 43.255.190.145 port 33285 ssh2
Apr 12 23:02:59 ovzhost sshd[1066]: Failed password for root from 43.255.190.115 port 49365 ssh2
Apr 12 23:03:00 ovzhost sshd[1068]: Failed password for root from 43.255.190.145 port 36877 ssh2
Apr 12 23:03:03 ovzhost sshd[1064]: message repeated 2 times: [ Failed password for root from 43.255.190.145 port 33285 ssh2]
Apr 12 23:03:03 ovzhost sshd[1064]: Received disconnect from 43.255.190.145: 11:  [preauth]
Apr 12 23:03:03 ovzhost sshd[1064]: PAM 2 more authentication failures; logname= uid=0 euid=0 tty=ssh ruser= rhost=43.255.190.145  user=root
Apr 12 23:03:03 ovzhost sshd[1070]: pam_unix(sshd:auth): authentication failure; logname= uid=0 euid=0 tty=ssh ruser= rhost=43.255.190.145  user=root
Apr 12 23:03:03 ovzhost sshd[1066]: message repeated 2 times: [ Failed password for root from 43.255.190.115 port 49365 ssh2]
Apr 12 23:03:03 ovzhost sshd[1066]: Received disconnect from 43.255.190.115: 11:  [preauth]
Apr 12 23:03:03 ovzhost sshd[1066]: PAM 2 more authentication failures; logname= uid=0 euid=0 tty=ssh ruser= rhost=43.255.190.115  user=root
Apr 12 23:03:04 ovzhost sshd[1072]: pam_unix(sshd:auth): authentication failure; logname= uid=0 euid=0 tty=ssh ruser= rhost=43.255.190.115  user=root
Apr 12 23:03:04 ovzhost sshd[1068]: message repeated 2 times: [ Failed password for root from 43.255.190.145 port 36877 ssh2]
Apr 12 23:03:04 ovzhost sshd[1068]: Received disconnect from 43.255.190.145: 11:  [preauth]
Apr 12 23:03:04 ovzhost sshd[1068]: PAM 2 more authentication failures; logname= uid=0 euid=0 tty=ssh ruser= rhost=43.255.190.145  user=root
Apr 12 23:03:05 ovzhost sshd[1074]: pam_unix(sshd:auth): authentication failure; logname= uid=0 euid=0 tty=ssh ruser= rhost=43.255.190.145  user=root
Apr 12 23:03:05 ovzhost sshd[1070]: Failed password for root from 43.255.190.145 port 49770 ssh2
Apr 12 23:03:05 ovzhost sshd[1072]: Failed password for root from 43.255.190.115 port 38026 ssh2
Apr 12 23:03:06 ovzhost sshd[1074]: Failed password for root from 43.255.190.145 port 53435 ssh2
Apr 12 23:03:09 ovzhost sshd[1070]: message repeated 2 times: [ Failed password for root from 43.255.190.145 port 49770 ssh2]
Apr 12 23:03:09 ovzhost sshd[1070]: Received disconnect from 43.255.190.145: 11:  [preauth]
Apr 12 23:03:09 ovzhost sshd[1070]: PAM 2 more authentication failures; logname= uid=0 euid=0 tty=ssh ruser= rhost=43.255.190.145  user=root
Apr 12 23:03:09 ovzhost sshd[1072]: message repeated 2 times: [ Failed password for root from 43.255.190.115 port 38026 ssh2]
Apr 12 23:03:09 ovzhost sshd[1072]: Received disconnect from 43.255.190.115: 11:  [preauth]
Apr 12 23:03:09 ovzhost sshd[1072]: PAM 2 more authentication failures; logname= uid=0 euid=0 tty=ssh ruser= rhost=43.255.190.115  user=root
Apr 12 23:03:10 ovzhost sshd[1076]: pam_unix(sshd:auth): authentication failure; logname= uid=0 euid=0 tty=ssh ruser= rhost=43.255.190.145  user=root
Apr 12 23:03:10 ovzhost sshd[1078]: pam_unix(sshd:auth): authentication failure; logname= uid=0 euid=0 tty=ssh ruser= rhost=43.255.190.115  user=root
Apr 12 23:03:10 ovzhost sshd[1074]: message repeated 2 times: [ Failed password for root from 43.255.190.145 port 53435 ssh2]
Apr 12 23:03:11 ovzhost sshd[1074]: Received disconnect from 43.255.190.145: 11:  [preauth]
Apr 12 23:03:11 ovzhost sshd[1074]: PAM 2 more authentication failures; logname= uid=0 euid=0 tty=ssh ruser= rhost=43.255.190.145  user=root
Apr 12 23:03:11 ovzhost sshd[1080]: pam_unix(sshd:auth): authentication failure; logname= uid=0 euid=0 tty=ssh ruser= rhost=43.255.190.145  user=root
Apr 12 23:03:11 ovzhost sshd[1076]: Failed password for root from 43.255.190.145 port 38408 ssh2
Apr 12 23:03:12 ovzhost sshd[1078]: Failed password for root from 43.255.190.115 port 54170 ssh2
Apr 12 23:03:13 ovzhost sshd[1080]: Failed password for root from 43.255.190.145 port 41356 ssh2
Apr 12 23:03:15 ovzhost sshd[1076]: message repeated 2 times: [ Failed password for root from 43.255.190.145 port 38408 ssh2]
Apr 12 23:03:15 ovzhost sshd[1076]: Received disconnect from 43.255.190.145: 11:  [preauth]
Apr 12 23:03:15 ovzhost sshd[1076]: PAM 2 more authentication failures; logname= uid=0 euid=0 tty=ssh ruser= rhost=43.255.190.145  user=root
Apr 12 23:03:15 ovzhost sshd[1078]: message repeated 2 times: [ Failed password for root from 43.255.190.115 port 54170 ssh2]
Apr 12 23:03:16 ovzhost sshd[1078]: Received disconnect from 43.255.190.115: 11:  [preauth]
Apr 12 23:03:16 ovzhost sshd[1078]: PAM 2 more authentication failures; logname= uid=0 euid=0 tty=ssh ruser= rhost=43.255.190.115  user=root
Apr 12 23:03:16 ovzhost sshd[1082]: pam_unix(sshd:auth): authentication failure; logname= uid=0 euid=0 tty=ssh ruser= rhost=43.255.190.145  user=root
Apr 12 23:03:16 ovzhost sshd[1084]: pam_unix(sshd:auth): authentication failure; logname= uid=0 euid=0 tty=ssh ruser= rhost=43.255.190.115  user=root
Apr 12 23:03:17 ovzhost sshd[1082]: Failed password for root from 43.255.190.145 port 54130 ssh2
Apr 12 23:03:17 ovzhost sshd[1084]: Failed password for root from 43.255.190.115 port 43040 ssh2
Apr 12 23:03:17 ovzhost sshd[1080]: message repeated 2 times: [ Failed password for root from 43.255.190.145 port 41356 ssh2]
Apr 12 23:03:17 ovzhost sshd[1080]: Received disconnect from 43.255.190.145: 11:  [preauth]
Apr 12 23:03:17 ovzhost sshd[1080]: PAM 2 more authentication failures; logname= uid=0 euid=0 tty=ssh ruser= rhost=43.255.190.145  user=root
Apr 12 23:03:18 ovzhost sshd[1086]: pam_unix(sshd:auth): authentication failure; logname= uid=0 euid=0 tty=ssh ruser= rhost=43.255.190.145  user=root
Apr 12 23:03:20 ovzhost sshd[1086]: Failed password for root from 43.255.190.145 port 59048 ssh2
Apr 12 23:03:21 ovzhost sshd[1082]: message repeated 2 times: [ Failed password for root from 43.255.190.145 port 54130 ssh2]
Apr 12 23:03:21 ovzhost sshd[1082]: Received disconnect from 43.255.190.145: 11:  [preauth]
Apr 12 23:03:21 ovzhost sshd[1082]: PAM 2 more authentication failures; logname= uid=0 euid=0 tty=ssh ruser= rhost=43.255.190.145  user=root
Apr 12 23:03:21 ovzhost sshd[1084]: message repeated 2 times: [ Failed password for root from 43.255.190.115 port 43040 ssh2]
Apr 12 23:03:21 ovzhost sshd[1084]: Received disconnect from 43.255.190.115: 11:  [preauth]
Apr 12 23:03:21 ovzhost sshd[1084]: PAM 2 more authentication failures; logname= uid=0 euid=0 tty=ssh ruser= rhost=43.255.190.115  user=root
Apr 12 23:03:21 ovzhost sshd[1089]: pam_unix(sshd:auth): authentication failure; logname= uid=0 euid=0 tty=ssh ruser= rhost=43.255.190.145  user=root
Apr 12 23:03:21 ovzhost sshd[1091]: pam_unix(sshd:auth): authentication failure; logname= uid=0 euid=0 tty=ssh ruser= rhost=43.255.190.115  user=root
Apr 12 23:03:23 ovzhost sshd[1089]: Failed password for root from 43.255.190.145 port 39622 ssh2
Apr 12 23:03:23 ovzhost sshd[1091]: Failed password for root from 43.255.190.115 port 57566 ssh2
Apr 12 23:03:24 ovzhost sshd[1086]: message repeated 2 times: [ Failed password for root from 43.255.190.145 port 59048 ssh2]
Apr 12 23:03:24 ovzhost sshd[1086]: Received disconnect from 43.255.190.145: 11:  [preauth]
Apr 12 23:03:24 ovzhost sshd[1086]: PAM 2 more authentication failures; logname= uid=0 euid=0 tty=ssh ruser= rhost=43.255.190.145  user=root
Apr 12 23:03:25 ovzhost sshd[1093]: pam_unix(sshd:auth): authentication failure; logname= uid=0 euid=0 tty=ssh ruser= rhost=43.255.190.145  user=root
Apr 12 23:03:27 ovzhost sshd[1093]: Failed password for root from 43.255.190.145 port 47763 ssh2
Apr 12 23:03:27 ovzhost sshd[1089]: message repeated 2 times: [ Failed password for root from 43.255.190.145 port 39622 ssh2]
Apr 12 23:03:27 ovzhost sshd[1089]: Received disconnect from 43.255.190.145: 11:  [preauth]
Apr 12 23:03:27 ovzhost sshd[1089]: PAM 2 more authentication failures; logname= uid=0 euid=0 tty=ssh ruser= rhost=43.255.190.145  user=root
Apr 12 23:03:27 ovzhost sshd[1091]: message repeated 2 times: [ Failed password for root from 43.255.190.115 port 57566 ssh2]
Apr 12 23:03:27 ovzhost sshd[1091]: Received disconnect from 43.255.190.115: 11:  [preauth]
Apr 12 23:03:27 ovzhost sshd[1091]: PAM 2 more authentication failures; logname= uid=0 euid=0 tty=ssh ruser= rhost=43.255.190.115  user=root
Apr 12 23:03:28 ovzhost sshd[1095]: pam_unix(sshd:auth): authentication failure; logname= uid=0 euid=0 tty=ssh ruser= rhost=43.255.190.145  user=root
Apr 12 23:03:28 ovzhost sshd[1097]: pam_unix(sshd:auth): authentication failure; logname= uid=0 euid=0 tty=ssh ruser= rhost=43.255.190.115  user=root
Apr 12 23:03:29 ovzhost sshd[1095]: Failed password for root from 43.255.190.145 port 56055 ssh2
Apr 12 23:03:29 ovzhost sshd[1097]: Failed password for root from 43.255.190.115 port 47239 ssh2
Apr 12 23:03:31 ovzhost sshd[1093]: message repeated 2 times: [ Failed password for root from 43.255.190.145 port 47763 ssh2]
Apr 12 23:03:31 ovzhost sshd[1093]: Received disconnect from 43.255.190.145: 11:  [preauth]
Apr 12 23:03:31 ovzhost sshd[1093]: PAM 2 more authentication failures; logname= uid=0 euid=0 tty=ssh ruser= rhost=43.255.190.145  user=root
Apr 12 23:03:32 ovzhost sshd[1099]: pam_unix(sshd:auth): authentication failure; logname= uid=0 euid=0 tty=ssh ruser= rhost=43.255.190.145  user=root
Apr 12 23:03:33 ovzhost sshd[1095]: message repeated 2 times: [ Failed password for root from 43.255.190.145 port 56055 ssh2]
Apr 12 23:03:33 ovzhost sshd[1095]: Received disconnect from 43.255.190.145: 11:  [preauth]
Apr 12 23:03:33 ovzhost sshd[1095]: PAM 2 more authentication failures; logname= uid=0 euid=0 tty=ssh ruser= rhost=43.255.190.145  user=root
Apr 12 23:03:33 ovzhost sshd[1097]: message repeated 2 times: [ Failed password for root from 43.255.190.115 port 47239 ssh2]
Apr 12 23:03:33 ovzhost sshd[1097]: Received disconnect from 43.255.190.115: 11:  [preauth]
Apr 12 23:03:33 ovzhost sshd[1097]: PAM 2 more authentication failures; logname= uid=0 euid=0 tty=ssh ruser= rhost=43.255.190.115  user=root
Apr 12 23:03:34 ovzhost sshd[1101]: pam_unix(sshd:auth): authentication failure; logname= uid=0 euid=0 tty=ssh ruser= rhost=43.255.190.145  user=root
Apr 12 23:03:34 ovzhost sshd[1103]: pam_unix(sshd:auth): authentication failure; logname= uid=0 euid=0 tty=ssh ruser= rhost=43.255.190.115  user=root
Apr 12 23:03:34 ovzhost sshd[1099]: Failed password for root from 43.255.190.145 port 37046 ssh2
Apr 12 23:03:36 ovzhost sshd[1101]: Failed password for root from 43.255.190.145 port 42476 ssh2
Apr 12 23:03:36 ovzhost sshd[1103]: Failed password for root from 43.255.190.115 port 35019 ssh2
Apr 12 23:03:37 ovzhost sshd[1099]: message repeated 2 times: [ Failed password for root from 43.255.190.145 port 37046 ssh2]
Apr 12 23:03:38 ovzhost sshd[1099]: Received disconnect from 43.255.190.145: 11:  [preauth]
Apr 12 23:03:38 ovzhost sshd[1099]: PAM 2 more authentication failures; logname= uid=0 euid=0 tty=ssh ruser= rhost=43.255.190.145  user=root
Apr 12 23:03:38 ovzhost sshd[1107]: pam_unix(sshd:auth): authentication failure; logname= uid=0 euid=0 tty=ssh ruser= rhost=43.255.190.145  user=root
Apr 12 23:03:39 ovzhost sshd[1101]: message repeated 2 times: [ Failed password for root from 43.255.190.145 port 42476 ssh2]
Apr 12 23:03:39 ovzhost sshd[1101]: Received disconnect from 43.255.190.145: 11:  [preauth]
Apr 12 23:03:39 ovzhost sshd[1101]: PAM 2 more authentication failures; logname= uid=0 euid=0 tty=ssh ruser= rhost=43.255.190.145  user=root
Apr 12 23:03:39 ovzhost sshd[1103]: message repeated 2 times: [ Failed password for root from 43.255.190.115 port 35019 ssh2]
Apr 12 23:03:39 ovzhost sshd[1103]: Received disconnect from 43.255.190.115: 11:  [preauth]
Apr 12 23:03:39 ovzhost sshd[1103]: PAM 2 more authentication failures; logname= uid=0 euid=0 tty=ssh ruser= rhost=43.255.190.115  user=root
Apr 12 23:03:40 ovzhost sshd[1107]: Failed password for root from 43.255.190.145 port 53938 ssh2
Apr 12 23:03:40 ovzhost sshd[1109]: pam_unix(sshd:auth): authentication failure; logname= uid=0 euid=0 tty=ssh ruser= rhost=43.255.190.145  user=root
Apr 12 23:03:40 ovzhost sshd[1111]: pam_unix(sshd:auth): authentication failure; logname= uid=0 euid=0 tty=ssh ruser= rhost=43.255.190.115  user=root
Apr 12 23:03:42 ovzhost sshd[1109]: Failed password for root from 43.255.190.145 port 58522 ssh2
Apr 12 23:03:42 ovzhost sshd[1111]: Failed password for root from 43.255.190.115 port 53196 ssh2
Apr 12 23:03:44 ovzhost sshd[1107]: message repeated 2 times: [ Failed password for root from 43.255.190.145 port 53938 ssh2]
Apr 12 23:03:44 ovzhost sshd[1107]: Received disconnect from 43.255.190.145: 11:  [preauth]
Apr 12 23:03:44 ovzhost sshd[1107]: PAM 2 more authentication failures; logname= uid=0 euid=0 tty=ssh ruser= rhost=43.255.190.145  user=root
Apr 12 23:03:44 ovzhost sshd[1113]: pam_unix(sshd:auth): authentication failure; logname= uid=0 euid=0 tty=ssh ruser= rhost=43.255.190.145  user=root
Apr 12 23:03:46 ovzhost sshd[1109]: message repeated 2 times: [ Failed password for root from 43.255.190.145 port 58522 ssh2]
Apr 12 23:03:46 ovzhost sshd[1109]: Received disconnect from 43.255.190.145: 11:  [preauth]
Apr 12 23:03:46 ovzhost sshd[1109]: PAM 2 more authentication failures; logname= uid=0 euid=0 tty=ssh ruser= rhost=43.255.190.145  user=root
Apr 12 23:03:46 ovzhost sshd[1111]: message repeated 2 times: [ Failed password for root from 43.255.190.115 port 53196 ssh2]
Apr 12 23:03:46 ovzhost sshd[1111]: Received disconnect from 43.255.190.115: 11:  [preauth]
Apr 12 23:03:46 ovzhost sshd[1111]: PAM 2 more authentication failures; logname= uid=0 euid=0 tty=ssh ruser= rhost=43.255.190.115  user=root
Apr 12 23:03:47 ovzhost sshd[1113]: Failed password for root from 43.255.190.145 port 40759 ssh2
Apr 12 23:03:47 ovzhost sshd[1115]: pam_unix(sshd:auth): authentication failure; logname= uid=0 euid=0 tty=ssh ruser= rhost=43.255.190.145  user=root
Apr 12 23:03:47 ovzhost sshd[1117]: pam_unix(sshd:auth): authentication failure; logname= uid=0 euid=0 tty=ssh ruser= rhost=43.255.190.115  user=root
Apr 12 23:03:48 ovzhost sshd[1115]: Failed password for root from 43.255.190.145 port 46962 ssh2
Apr 12 23:03:48 ovzhost sshd[1117]: Failed password for root from 43.255.190.115 port 43544 ssh2
Apr 12 23:03:50 ovzhost sshd[1113]: message repeated 2 times: [ Failed password for root from 43.255.190.145 port 40759 ssh2]
Apr 12 23:03:50 ovzhost sshd[1113]: Received disconnect from 43.255.190.145: 11:  [preauth]
Apr 12 23:03:50 ovzhost sshd[1113]: PAM 2 more authentication failures; logname= uid=0 euid=0 tty=ssh ruser= rhost=43.255.190.145  user=root
Apr 12 23:03:51 ovzhost sshd[1119]: pam_unix(sshd:auth): authentication failure; logname= uid=0 euid=0 tty=ssh ruser= rhost=43.255.190.145  user=root
Apr 12 23:03:52 ovzhost sshd[1115]: message repeated 2 times: [ Failed password for root from 43.255.190.145 port 46962 ssh2]
Apr 12 23:03:52 ovzhost sshd[1115]: Received disconnect from 43.255.190.145: 11:  [preauth]
Apr 12 23:03:52 ovzhost sshd[1115]: PAM 2 more authentication failures; logname= uid=0 euid=0 tty=ssh ruser= rhost=43.255.190.145  user=root
Apr 12 23:03:52 ovzhost sshd[1117]: message repeated 2 times: [ Failed password for root from 43.255.190.115 port 43544 ssh2]
Apr 12 23:03:52 ovzhost sshd[1117]: Received disconnect from 43.255.190.115: 11:  [preauth]
Apr 12 23:03:52 ovzhost sshd[1117]: PAM 2 more authentication failures; logname= uid=0 euid=0 tty=ssh ruser= rhost=43.255.190.115  user=root
Apr 12 23:03:53 ovzhost sshd[1121]: pam_unix(sshd:auth): authentication failure; logname= uid=0 euid=0 tty=ssh ruser= rhost=43.255.190.145  user=root
Apr 12 23:03:53 ovzhost sshd[1123]: pam_unix(sshd:auth): authentication failure; logname= uid=0 euid=0 tty=ssh ruser= rhost=43.255.190.115  user=root
