Apr 12 23:07:03 ovzhost sshd[1297]: Received disconnect from 43.255.190.115: 11:  [preauth]
Apr 12 23:07:03 ovzhost sshd[1297]: PAM 2 more authentication failures; logname= uid=0 euid=0 tty=ssh ruser= rhost=43.255.190.115  user=root
Apr 12 23:07:04 ovzhost sshd[1302]: pam_unix(sshd:auth): authentication failure; logname= uid=0 euid=0 tty=ssh ruser= rhost=43.255.190.145  user=root
Apr 12 23:07:04 ovzhost sshd[1304]: pam_unix(sshd:auth): authentication failure; logname= uid=0 euid=0 tty=ssh ruser= rhost=43.255.190.115  user=root
Apr 12 23:07:06 ovzhost sshd[1302]: Failed password for root from 43.255.190.145 port 53506 ssh2
Apr 12 23:07:06 ovzhost sshd[1304]: Failed password for root from 43.255.190.115 port 41969 ssh2
Apr 12 23:07:08 ovzhost sshd[1300]: message repeated 2 times: [ Failed password for root from 43.255.190.145 port 46140 ssh2]
Apr 12 23:07:08 ovzhost sshd[1300]: Received disconnect from 43.255.190.145: 11:  [preauth]
Apr 12 23:07:08 ovzhost sshd[1300]: PAM 2 more authentication failures; logname= uid=0 euid=0 tty=ssh ruser= rhost=43.255.190.145  user=root
Apr 12 23:07:08 ovzhost sshd[1306]: pam_unix(sshd:auth): authentication failure; logname= uid=0 euid=0 tty=ssh ruser= rhost=43.255.190.145  user=root
Apr 12 23:07:10 ovzhost sshd[1302]: message repeated 2 times: [ Failed password for root from 43.255.190.145 port 53506 ssh2]
Apr 12 23:07:10 ovzhost sshd[1302]: Received disconnect from 43.255.190.145: 11:  [preauth]
Apr 12 23:07:10 ovzhost sshd[1302]: PAM 2 more authentication failures; logname= uid=0 euid=0 tty=ssh ruser= rhost=43.255.190.145  user=root
Apr 12 23:07:10 ovzhost sshd[1304]: message repeated 2 times: [ Failed password for root from 43.255.190.115 port 41969 ssh2]
Apr 12 23:07:10 ovzhost sshd[1304]: Received disconnect from 43.255.190.115: 11:  [preauth]
Apr 12 23:07:10 ovzhost sshd[1304]: PAM 2 more authentication failures; logname= uid=0 euid=0 tty=ssh ruser= rhost=43.255.190.115  user=root
Apr 12 23:07:10 ovzhost sshd[1306]: Failed password for root from 43.255.190.145 port 35598 ssh2
Apr 12 23:07:11 ovzhost sshd[1308]: pam_unix(sshd:auth): authentication failure; logname= uid=0 euid=0 tty=ssh ruser= rhost=43.255.190.145  user=root
Apr 12 23:07:11 ovzhost sshd[1309]: pam_unix(sshd:auth): authentication failure; logname= uid=0 euid=0 tty=ssh ruser= rhost=43.255.190.115  user=root
Apr 12 23:07:13 ovzhost sshd[1308]: Failed password for root from 43.255.190.145 port 42084 ssh2
Apr 12 23:07:13 ovzhost sshd[1309]: Failed password for root from 43.255.190.115 port 59794 ssh2
Apr 12 23:07:14 ovzhost sshd[1306]: message repeated 2 times: [ Failed password for root from 43.255.190.145 port 35598 ssh2]
Apr 12 23:07:14 ovzhost sshd[1306]: Received disconnect from 43.255.190.145: 11:  [preauth]
Apr 12 23:07:14 ovzhost sshd[1306]: PAM 2 more authentication failures; logname= uid=0 euid=0 tty=ssh ruser= rhost=43.255.190.145  user=root
Apr 12 23:07:15 ovzhost sshd[1312]: pam_unix(sshd:auth): authentication failure; logname= uid=0 euid=0 tty=ssh ruser= rhost=43.255.190.145  user=root
Apr 12 23:07:17 ovzhost sshd[1312]: Failed password for root from 43.255.190.145 port 52023 ssh2
Apr 12 23:07:18 ovzhost sshd[1308]: message repeated 2 times: [ Failed password for root from 43.255.190.145 port 42084 ssh2]
Apr 12 23:07:18 ovzhost sshd[1308]: Received disconnect from 43.255.190.145: 11:  [preauth]
Apr 12 23:07:18 ovzhost sshd[1308]: PAM 2 more authentication failures; logname= uid=0 euid=0 tty=ssh ruser= rhost=43.255.190.145  user=root
Apr 12 23:07:18 ovzhost sshd[1309]: message repeated 2 times: [ Failed password for root from 43.255.190.115 port 59794 ssh2]
Apr 12 23:07:18 ovzhost sshd[1309]: Received disconnect from 43.255.190.115: 11:  [preauth]
Apr 12 23:07:18 ovzhost sshd[1309]: PAM 2 more authentication failures; logname= uid=0 euid=0 tty=ssh ruser= rhost=43.255.190.115  user=root
Apr 12 23:07:18 ovzhost sshd[1316]: pam_unix(sshd:auth): authentication failure; logname= uid=0 euid=0 tty=ssh ruser= rhost=43.255.190.115  user=root
Apr 12 23:07:18 ovzhost sshd[1315]: pam_unix(sshd:auth): authentication failure; logname= uid=0 euid=0 tty=ssh ruser= rhost=43.255.190.145  user=root
Apr 12 23:07:20 ovzhost sshd[1316]: Failed password for root from 43.255.190.115 port 49701 ssh2
Apr 12 23:07:20 ovzhost sshd[1315]: Failed password for root from 43.255.190.145 port 59550 ssh2
Apr 12 23:07:21 ovzhost sshd[1312]: message repeated 2 times: [ Failed password for root from 43.255.190.145 port 52023 ssh2]
Apr 12 23:07:21 ovzhost sshd[1312]: Received disconnect from 43.255.190.145: 11:  [preauth]
Apr 12 23:07:21 ovzhost sshd[1312]: PAM 2 more authentication failures; logname= uid=0 euid=0 tty=ssh ruser= rhost=43.255.190.145  user=root
Apr 12 23:07:22 ovzhost sshd[1319]: pam_unix(sshd:auth): authentication failure; logname= uid=0 euid=0 tty=ssh ruser= rhost=43.255.190.145  user=root
Apr 12 23:07:23 ovzhost sshd[1319]: Failed password for root from 43.255.190.145 port 40788 ssh2
Apr 12 23:07:25 ovzhost sshd[1315]: message repeated 2 times: [ Failed password for root from 43.255.190.145 port 59550 ssh2]
Apr 12 23:07:25 ovzhost sshd[1315]: Received disconnect from 43.255.190.145: 11:  [preauth]
Apr 12 23:07:25 ovzhost sshd[1315]: PAM 2 more authentication failures; logname= uid=0 euid=0 tty=ssh ruser= rhost=43.255.190.145  user=root
Apr 12 23:07:25 ovzhost sshd[1316]: message repeated 2 times: [ Failed password for root from 43.255.190.115 port 49701 ssh2]
Apr 12 23:07:25 ovzhost sshd[1316]: Received disconnect from 43.255.190.115: 11:  [preauth]
Apr 12 23:07:25 ovzhost sshd[1316]: PAM 2 more authentication failures; logname= uid=0 euid=0 tty=ssh ruser= rhost=43.255.190.115  user=root
Apr 12 23:07:25 ovzhost sshd[1321]: pam_unix(sshd:auth): authentication failure; logname= uid=0 euid=0 tty=ssh ruser= rhost=43.255.190.115  user=root
Apr 12 23:07:25 ovzhost sshd[1322]: pam_unix(sshd:auth): authentication failure; logname= uid=0 euid=0 tty=ssh ruser= rhost=43.255.190.145  user=root
Apr 12 23:07:28 ovzhost sshd[1321]: Failed password for root from 43.255.190.115 port 39586 ssh2
Apr 12 23:07:28 ovzhost sshd[1322]: Failed password for root from 43.255.190.145 port 48190 ssh2
Apr 12 23:07:28 ovzhost sshd[1319]: message repeated 2 times: [ Failed password for root from 43.255.190.145 port 40788 ssh2]
Apr 12 23:07:28 ovzhost sshd[1319]: Received disconnect from 43.255.190.145: 11:  [preauth]
Apr 12 23:07:28 ovzhost sshd[1319]: PAM 2 more authentication failures; logname= uid=0 euid=0 tty=ssh ruser= rhost=43.255.190.145  user=root
Apr 12 23:07:28 ovzhost sshd[1325]: pam_unix(sshd:auth): authentication failure; logname= uid=0 euid=0 tty=ssh ruser= rhost=43.255.190.145  user=root
Apr 12 23:07:30 ovzhost sshd[1325]: Failed password for root from 43.255.190.145 port 55989 ssh2
Apr 12 23:07:32 ovzhost sshd[1322]: message repeated 2 times: [ Failed password for root from 43.255.190.145 port 48190 ssh2]
Apr 12 23:07:32 ovzhost sshd[1322]: Received disconnect from 43.255.190.145: 11:  [preauth]
Apr 12 23:07:32 ovzhost sshd[1322]: PAM 2 more authentication failures; logname= uid=0 euid=0 tty=ssh ruser= rhost=43.255.190.145  user=root
Apr 12 23:07:32 ovzhost sshd[1321]: message repeated 2 times: [ Failed password for root from 43.255.190.115 port 39586 ssh2]
Apr 12 23:07:32 ovzhost sshd[1321]: Received disconnect from 43.255.190.115: 11:  [preauth]
Apr 12 23:07:32 ovzhost sshd[1321]: PAM 2 more authentication failures; logname= uid=0 euid=0 tty=ssh ruser= rhost=43.255.190.115  user=root
Apr 12 23:07:32 ovzhost sshd[1327]: pam_unix(sshd:auth): authentication failure; logname= uid=0 euid=0 tty=ssh ruser= rhost=43.255.190.115  user=root
Apr 12 23:07:32 ovzhost sshd[1328]: pam_unix(sshd:auth): authentication failure; logname= uid=0 euid=0 tty=ssh ruser= rhost=43.255.190.145  user=root
Apr 12 23:07:34 ovzhost sshd[1327]: Failed password for root from 43.255.190.115 port 57602 ssh2
Apr 12 23:07:34 ovzhost sshd[1328]: Failed password for root from 43.255.190.145 port 37587 ssh2
Apr 12 23:07:34 ovzhost sshd[1325]: message repeated 2 times: [ Failed password for root from 43.255.190.145 port 55989 ssh2]
Apr 12 23:07:34 ovzhost sshd[1325]: Received disconnect from 43.255.190.145: 11:  [preauth]
Apr 12 23:07:34 ovzhost sshd[1325]: PAM 2 more authentication failures; logname= uid=0 euid=0 tty=ssh ruser= rhost=43.255.190.145  user=root
Apr 12 23:07:35 ovzhost sshd[1331]: pam_unix(sshd:auth): authentication failure; logname= uid=0 euid=0 tty=ssh ruser= rhost=43.255.190.145  user=root
Apr 12 23:07:37 ovzhost sshd[1331]: Failed password for root from 43.255.190.145 port 44901 ssh2
Apr 12 23:07:38 ovzhost sshd[1327]: message repeated 2 times: [ Failed password for root from 43.255.190.115 port 57602 ssh2]
Apr 12 23:07:38 ovzhost sshd[1327]: Received disconnect from 43.255.190.115: 11:  [preauth]
Apr 12 23:07:38 ovzhost sshd[1327]: PAM 2 more authentication failures; logname= uid=0 euid=0 tty=ssh ruser= rhost=43.255.190.115  user=root
Apr 12 23:07:38 ovzhost sshd[1328]: message repeated 2 times: [ Failed password for root from 43.255.190.145 port 37587 ssh2]
Apr 12 23:07:38 ovzhost sshd[1328]: Received disconnect from 43.255.190.145: 11:  [preauth]
Apr 12 23:07:38 ovzhost sshd[1328]: PAM 2 more authentication failures; logname= uid=0 euid=0 tty=ssh ruser= rhost=43.255.190.145  user=root
Apr 12 23:07:39 ovzhost sshd[1333]: pam_unix(sshd:auth): authentication failure; logname= uid=0 euid=0 tty=ssh ruser= rhost=43.255.190.115  user=root
Apr 12 23:07:39 ovzhost sshd[1335]: pam_unix(sshd:auth): authentication failure; logname= uid=0 euid=0 tty=ssh ruser= rhost=43.255.190.145  user=root
Apr 12 23:07:41 ovzhost sshd[1333]: Failed password for root from 43.255.190.115 port 47209 ssh2
Apr 12 23:07:41 ovzhost sshd[1335]: Failed password for root from 43.255.190.145 port 54012 ssh2
Apr 12 23:07:42 ovzhost sshd[1331]: message repeated 2 times: [ Failed password for root from 43.255.190.145 port 44901 ssh2]
Apr 12 23:07:42 ovzhost sshd[1331]: Received disconnect from 43.255.190.145: 11:  [preauth]
Apr 12 23:07:42 ovzhost sshd[1331]: PAM 2 more authentication failures; logname= uid=0 euid=0 tty=ssh ruser= rhost=43.255.190.145  user=root
Apr 12 23:07:42 ovzhost sshd[1337]: pam_unix(sshd:auth): authentication failure; logname= uid=0 euid=0 tty=ssh ruser= rhost=43.255.190.145  user=root
Apr 12 23:07:45 ovzhost sshd[1337]: Failed password for root from 43.255.190.145 port 34817 ssh2
Apr 12 23:07:45 ovzhost sshd[1333]: message repeated 2 times: [ Failed password for root from 43.255.190.115 port 47209 ssh2]
Apr 12 23:07:45 ovzhost sshd[1333]: Received disconnect from 43.255.190.115: 11:  [preauth]
Apr 12 23:07:45 ovzhost sshd[1333]: PAM 2 more authentication failures; logname= uid=0 euid=0 tty=ssh ruser= rhost=43.255.190.115  user=root
Apr 12 23:07:45 ovzhost sshd[1335]: message repeated 2 times: [ Failed password for root from 43.255.190.145 port 54012 ssh2]
Apr 12 23:07:45 ovzhost sshd[1335]: Received disconnect from 43.255.190.145: 11:  [preauth]
Apr 12 23:07:45 ovzhost sshd[1335]: PAM 2 more authentication failures; logname= uid=0 euid=0 tty=ssh ruser= rhost=43.255.190.145  user=root
Apr 12 23:07:45 ovzhost sshd[1340]: pam_unix(sshd:auth): authentication failure; logname= uid=0 euid=0 tty=ssh ruser= rhost=43.255.190.145  user=root
Apr 12 23:07:45 ovzhost sshd[1339]: pam_unix(sshd:auth): authentication failure; logname= uid=0 euid=0 tty=ssh ruser= rhost=43.255.190.115  user=root
Apr 12 23:07:47 ovzhost sshd[1340]: Failed password for root from 43.255.190.145 port 42384 ssh2
Apr 12 23:07:47 ovzhost sshd[1339]: Failed password for root from 43.255.190.115 port 38055 ssh2
Apr 12 23:07:48 ovzhost sshd[1337]: message repeated 2 times: [ Failed password for root from 43.255.190.145 port 34817 ssh2]
Apr 12 23:07:48 ovzhost sshd[1337]: Received disconnect from 43.255.190.145: 11:  [preauth]
Apr 12 23:07:48 ovzhost sshd[1337]: PAM 2 more authentication failures; logname= uid=0 euid=0 tty=ssh ruser= rhost=43.255.190.145  user=root
Apr 12 23:07:48 ovzhost sshd[1343]: pam_unix(sshd:auth): authentication failure; logname= uid=0 euid=0 tty=ssh ruser= rhost=43.255.190.145  user=root
Apr 12 23:07:51 ovzhost sshd[1343]: Failed password for root from 43.255.190.145 port 50515 ssh2
Apr 12 23:07:52 ovzhost sshd[1339]: message repeated 2 times: [ Failed password for root from 43.255.190.115 port 38055 ssh2]
Apr 12 23:07:52 ovzhost sshd[1339]: Received disconnect from 43.255.190.115: 11:  [preauth]
Apr 12 23:07:52 ovzhost sshd[1339]: PAM 2 more authentication failures; logname= uid=0 euid=0 tty=ssh ruser= rhost=43.255.190.115  user=root
Apr 12 23:07:52 ovzhost sshd[1340]: message repeated 2 times: [ Failed password for root from 43.255.190.145 port 42384 ssh2]
Apr 12 23:07:52 ovzhost sshd[1340]: Received disconnect from 43.255.190.145: 11:  [preauth]
Apr 12 23:07:52 ovzhost sshd[1340]: PAM 2 more authentication failures; logname= uid=0 euid=0 tty=ssh ruser= rhost=43.255.190.145  user=root
Apr 12 23:07:53 ovzhost sshd[1346]: pam_unix(sshd:auth): authentication failure; logname= uid=0 euid=0 tty=ssh ruser= rhost=43.255.190.115  user=root
Apr 12 23:07:53 ovzhost sshd[1347]: pam_unix(sshd:auth): authentication failure; logname= uid=0 euid=0 tty=ssh ruser= rhost=43.255.190.145  user=root
Apr 12 23:07:54 ovzhost sshd[1346]: Failed password for root from 43.255.190.115 port 56689 ssh2
Apr 12 23:07:54 ovzhost sshd[1347]: Failed password for root from 43.255.190.145 port 60185 ssh2
Apr 12 23:07:55 ovzhost sshd[1343]: message repeated 2 times: [ Failed password for root from 43.255.190.145 port 50515 ssh2]
Apr 12 23:07:55 ovzhost sshd[1343]: Received disconnect from 43.255.190.145: 11:  [preauth]
Apr 12 23:07:55 ovzhost sshd[1343]: PAM 2 more authentication failures; logname= uid=0 euid=0 tty=ssh ruser= rhost=43.255.190.145  user=root
Apr 12 23:07:56 ovzhost sshd[1350]: pam_unix(sshd:auth): authentication failure; logname= uid=0 euid=0 tty=ssh ruser= rhost=43.255.190.145  user=root
Apr 12 23:07:58 ovzhost sshd[1350]: Failed password for root from 43.255.190.145 port 40360 ssh2
Apr 12 23:07:58 ovzhost sshd[1346]: message repeated 2 times: [ Failed password for root from 43.255.190.115 port 56689 ssh2]
Apr 12 23:07:58 ovzhost sshd[1346]: Received disconnect from 43.255.190.115: 11:  [preauth]
Apr 12 23:07:58 ovzhost sshd[1346]: PAM 2 more authentication failures; logname= uid=0 euid=0 tty=ssh ruser= rhost=43.255.190.115  user=root
Apr 12 23:07:58 ovzhost sshd[1347]: message repeated 2 times: [ Failed password for root from 43.255.190.145 port 60185 ssh2]
Apr 12 23:07:58 ovzhost sshd[1347]: Received disconnect from 43.255.190.145: 11:  [preauth]
Apr 12 23:07:58 ovzhost sshd[1347]: PAM 2 more authentication failures; logname= uid=0 euid=0 tty=ssh ruser= rhost=43.255.190.145  user=root
Apr 12 23:07:59 ovzhost sshd[1352]: pam_unix(sshd:auth): authentication failure; logname= uid=0 euid=0 tty=ssh ruser= rhost=43.255.190.115  user=root
Apr 12 23:07:59 ovzhost sshd[1353]: pam_unix(sshd:auth): authentication failure; logname= uid=0 euid=0 tty=ssh ruser= rhost=43.255.190.145  user=root
Apr 12 23:08:01 ovzhost sshd[1352]: Failed password for root from 43.255.190.115 port 45380 ssh2
Apr 12 23:08:01 ovzhost sshd[1353]: Failed password for root from 43.255.190.145 port 48633 ssh2
Apr 12 23:08:02 ovzhost sshd[1350]: message repeated 2 times: [ Failed password for root from 43.255.190.145 port 40360 ssh2]
Apr 12 23:08:02 ovzhost sshd[1350]: Received disconnect from 43.255.190.145: 11:  [preauth]
Apr 12 23:08:02 ovzhost sshd[1350]: PAM 2 more authentication failures; logname= uid=0 euid=0 tty=ssh ruser= rhost=43.255.190.145  user=root
Apr 12 23:08:03 ovzhost sshd[1356]: pam_unix(sshd:auth): authentication failure; logname= uid=0 euid=0 tty=ssh ruser= rhost=43.255.190.145  user=root
Apr 12 23:08:05 ovzhost sshd[1356]: Failed password for root from 43.255.190.145 port 57179 ssh2
Apr 12 23:08:05 ovzhost sshd[1353]: message repeated 2 times: [ Failed password for root from 43.255.190.145 port 48633 ssh2]
Apr 12 23:08:05 ovzhost sshd[1353]: Received disconnect from 43.255.190.145: 11:  [preauth]
Apr 12 23:08:05 ovzhost sshd[1353]: PAM 2 more authentication failures; logname= uid=0 euid=0 tty=ssh ruser= rhost=43.255.190.145  user=root
Apr 12 23:08:06 ovzhost sshd[1358]: pam_unix(sshd:auth): authentication failure; logname= uid=0 euid=0 tty=ssh ruser= rhost=43.255.190.145  user=root
Apr 12 23:08:06 ovzhost sshd[1352]: message repeated 2 times: [ Failed password for root from 43.255.190.115 port 45380 ssh2]
Apr 12 23:08:06 ovzhost sshd[1352]: Received disconnect from 43.255.190.115: 11:  [preauth]
Apr 12 23:08:06 ovzhost sshd[1352]: PAM 2 more authentication failures; logname= uid=0 euid=0 tty=ssh ruser= rhost=43.255.190.115  user=root
Apr 12 23:08:07 ovzhost sshd[1360]: pam_unix(sshd:auth): authentication failure; logname= uid=0 euid=0 tty=ssh ruser= rhost=43.255.190.115  user=root
Apr 12 23:08:08 ovzhost sshd[1358]: Failed password for root from 43.255.190.145 port 38229 ssh2
Apr 12 23:08:09 ovzhost sshd[1360]: Failed password for root from 43.255.190.115 port 38089 ssh2
Apr 12 23:08:09 ovzhost sshd[1356]: message repeated 2 times: [ Failed password for root from 43.255.190.145 port 57179 ssh2]
Apr 12 23:08:09 ovzhost sshd[1356]: Received disconnect from 43.255.190.145: 11:  [preauth]
Apr 12 23:08:09 ovzhost sshd[1356]: PAM 2 more authentication failures; logname= uid=0 euid=0 tty=ssh ruser= rhost=43.255.190.145  user=root
Apr 12 23:08:09 ovzhost sshd[1362]: pam_unix(sshd:auth): authentication failure; logname= uid=0 euid=0 tty=ssh ruser= rhost=43.255.190.145  user=root
Apr 12 23:08:11 ovzhost sshd[1362]: Failed password for root from 43.255.190.145 port 46401 ssh2
Apr 12 23:08:11 ovzhost sshd[1358]: message repeated 2 times: [ Failed password for root from 43.255.190.145 port 38229 ssh2]
Apr 12 23:08:11 ovzhost sshd[1358]: Received disconnect from 43.255.190.145: 11:  [preauth]
Apr 12 23:08:11 ovzhost sshd[1358]: PAM 2 more authentication failures; logname= uid=0 euid=0 tty=ssh ruser= rhost=43.255.190.145  user=root
Apr 12 23:08:12 ovzhost sshd[1364]: pam_unix(sshd:auth): authentication failure; logname= uid=0 euid=0 tty=ssh ruser= rhost=43.255.190.145  user=root
Apr 12 23:08:13 ovzhost sshd[1360]: message repeated 2 times: [ Failed password for root from 43.255.190.115 port 38089 ssh2]
Apr 12 23:08:13 ovzhost sshd[1360]: Received disconnect from 43.255.190.115: 11:  [preauth]
Apr 12 23:08:13 ovzhost sshd[1360]: PAM 2 more authentication failures; logname= uid=0 euid=0 tty=ssh ruser= rhost=43.255.190.115  user=root
Apr 12 23:08:13 ovzhost sshd[1366]: pam_unix(sshd:auth): authentication failure; logname= uid=0 euid=0 tty=ssh ruser= rhost=43.255.190.115  user=root
Apr 12 23:08:14 ovzhost sshd[1364]: Failed password for root from 43.255.190.145 port 53400 ssh2
Apr 12 23:08:15 ovzhost sshd[1366]: Failed password for root from 43.255.190.115 port 56054 ssh2
Apr 12 23:08:15 ovzhost sshd[1362]: message repeated 2 times: [ Failed password for root from 43.255.190.145 port 46401 ssh2]
Apr 12 23:08:15 ovzhost sshd[1362]: Received disconnect from 43.255.190.145: 11:  [preauth]
Apr 12 23:08:15 ovzhost sshd[1362]: PAM 2 more authentication failures; logname= uid=0 euid=0 tty=ssh ruser= rhost=43.255.190.145  user=root
Apr 12 23:08:16 ovzhost sshd[1368]: pam_unix(sshd:auth): authentication failure; logname= uid=0 euid=0 tty=ssh ruser= rhost=43.255.190.145  user=root
Apr 12 23:08:17 ovzhost sshd[1368]: Failed password for root from 43.255.190.145 port 34707 ssh2
Apr 12 23:08:19 ovzhost sshd[1364]: message repeated 2 times: [ Failed password for root from 43.255.190.145 port 53400 ssh2]
Apr 12 23:08:19 ovzhost sshd[1364]: Received disconnect from 43.255.190.145: 11:  [preauth]
Apr 12 23:08:19 ovzhost sshd[1364]: PAM 2 more authentication failures; logname= uid=0 euid=0 tty=ssh ruser= rhost=43.255.190.145  user=root
Apr 12 23:08:19 ovzhost sshd[1370]: pam_unix(sshd:auth): authentication failure; logname= uid=0 euid=0 tty=ssh ruser= rhost=43.255.190.145  user=root
Apr 12 23:08:20 ovzhost sshd[1366]: message repeated 2 times: [ Failed password for root from 43.255.190.115 port 56054 ssh2]
Apr 12 23:08:20 ovzhost sshd[1366]: Received disconnect from 43.255.190.115: 11:  [preauth]
Apr 12 23:08:20 ovzhost sshd[1366]: PAM 2 more authentication failures; logname= uid=0 euid=0 tty=ssh ruser= rhost=43.255.190.115  user=root
Apr 12 23:08:21 ovzhost sshd[1373]: pam_unix(sshd:auth): authentication failure; logname= uid=0 euid=0 tty=ssh ruser= rhost=43.255.190.115  user=root
Apr 12 23:08:21 ovzhost sshd[1370]: Failed password for root from 43.255.190.145 port 42533 ssh2
Apr 12 23:08:21 ovzhost sshd[1368]: message repeated 2 times: [ Failed password for root from 43.255.190.145 port 34707 ssh2]
Apr 12 23:08:21 ovzhost sshd[1368]: Received disconnect from 43.255.190.145: 11:  [preauth]
Apr 12 23:08:21 ovzhost sshd[1368]: PAM 2 more authentication failures; logname= uid=0 euid=0 tty=ssh ruser= rhost=43.255.190.145  user=root
Apr 12 23:08:22 ovzhost sshd[1375]: pam_unix(sshd:auth): authentication failure; logname= uid=0 euid=0 tty=ssh ruser= rhost=43.255.190.145  user=root
Apr 12 23:08:22 ovzhost sshd[1373]: Failed password for root from 43.255.190.115 port 48614 ssh2
Apr 12 23:08:24 ovzhost sshd[1375]: Failed password for root from 43.255.190.145 port 49319 ssh2
Apr 12 23:08:25 ovzhost sshd[1370]: message repeated 2 times: [ Failed password for root from 43.255.190.145 port 42533 ssh2]
Apr 12 23:08:25 ovzhost sshd[1370]: Received disconnect from 43.255.190.145: 11:  [preauth]
Apr 12 23:08:25 ovzhost sshd[1370]: PAM 2 more authentication failures; logname= uid=0 euid=0 tty=ssh ruser= rhost=43.255.190.145  user=root
Apr 12 23:08:25 ovzhost sshd[1377]: pam_unix(sshd:auth): authentication failure; logname= uid=0 euid=0 tty=ssh ruser= rhost=43.255.190.145  user=root
Apr 12 23:08:27 ovzhost sshd[1373]: message repeated 2 times: [ Failed password for root from 43.255.190.115 port 48614 ssh2]
Apr 12 23:08:27 ovzhost sshd[1373]: Received disconnect from 43.255.190.115: 11:  [preauth]
Apr 12 23:08:27 ovzhost sshd[1373]: PAM 2 more authentication failures; logname= uid=0 euid=0 tty=ssh ruser= rhost=43.255.190.115  user=root
Apr 12 23:08:27 ovzhost sshd[1379]: pam_unix(sshd:auth): authentication failure; logname= uid=0 euid=0 tty=ssh ruser= rhost=43.255.190.115  user=root
Apr 12 23:08:27 ovzhost sshd[1377]: Failed password for root from 43.255.190.145 port 59070 ssh2
Apr 12 23:08:29 ovzhost sshd[1375]: message repeated 2 times: [ Failed password for root from 43.255.190.145 port 49319 ssh2]
Apr 12 23:08:29 ovzhost sshd[1375]: Received disconnect from 43.255.190.145: 11:  [preauth]
Apr 12 23:08:29 ovzhost sshd[1375]: PAM 2 more authentication failures; logname= uid=0 euid=0 tty=ssh ruser= rhost=43.255.190.145  user=root
Apr 12 23:08:29 ovzhost sshd[1379]: Failed password for root from 43.255.190.115 port 37770 ssh2
Apr 12 23:08:29 ovzhost sshd[1381]: pam_unix(sshd:auth): authentication failure; logname= uid=0 euid=0 tty=ssh ruser= rhost=43.255.190.145  user=root
Apr 12 23:08:31 ovzhost sshd[1377]: message repeated 2 times: [ Failed password for root from 43.255.190.145 port 59070 ssh2]
Apr 12 23:08:31 ovzhost sshd[1377]: Received disconnect from 43.255.190.145: 11:  [preauth]
Apr 12 23:08:31 ovzhost sshd[1377]: PAM 2 more authentication failures; logname= uid=0 euid=0 tty=ssh ruser= rhost=43.255.190.145  user=root
Apr 12 23:08:31 ovzhost sshd[1381]: Failed password for root from 43.255.190.145 port 39294 ssh2
Apr 12 23:08:32 ovzhost sshd[1383]: pam_unix(sshd:auth): authentication failure; logname= uid=0 euid=0 tty=ssh ruser= rhost=43.255.190.145  user=root
Apr 12 23:08:33 ovzhost sshd[1379]: message repeated 2 times: [ Failed password for root from 43.255.190.115 port 37770 ssh2]
Apr 12 23:08:33 ovzhost sshd[1379]: Received disconnect from 43.255.190.115: 11:  [preauth]
Apr 12 23:08:33 ovzhost sshd[1379]: PAM 2 more authentication failures; logname= uid=0 euid=0 tty=ssh ruser= rhost=43.255.190.115  user=root
Apr 12 23:08:33 ovzhost sshd[1383]: Failed password for root from 43.255.190.145 port 46264 ssh2
Apr 12 23:08:34 ovzhost sshd[1385]: pam_unix(sshd:auth): authentication failure; logname= uid=0 euid=0 tty=ssh ruser= rhost=43.255.190.115  user=root
Apr 12 23:08:35 ovzhost sshd[1381]: message repeated 2 times: [ Failed password for root from 43.255.190.145 port 39294 ssh2]
Apr 12 23:08:35 ovzhost sshd[1381]: Received disconnect from 43.255.190.145: 11:  [preauth]
Apr 12 23:08:35 ovzhost sshd[1381]: PAM 2 more authentication failures; logname= uid=0 euid=0 tty=ssh ruser= rhost=43.255.190.145  user=root
Apr 12 23:08:36 ovzhost sshd[1387]: pam_unix(sshd:auth): authentication failure; logname= uid=0 euid=0 tty=ssh ruser= rhost=43.255.190.145  user=root
Apr 12 23:08:36 ovzhost sshd[1385]: Failed password for root from 43.255.190.115 port 54678 ssh2
Apr 12 23:08:37 ovzhost sshd[1383]: message repeated 2 times: [ Failed password for root from 43.255.190.145 port 46264 ssh2]
Apr 12 23:08:37 ovzhost sshd[1383]: Received disconnect from 43.255.190.145: 11:  [preauth]
Apr 12 23:08:37 ovzhost sshd[1383]: PAM 2 more authentication failures; logname= uid=0 euid=0 tty=ssh ruser= rhost=43.255.190.145  user=root
Apr 12 23:08:38 ovzhost sshd[1389]: pam_unix(sshd:auth): authentication failure; logname= uid=0 euid=0 tty=ssh ruser= rhost=43.255.190.145  user=root
Apr 12 23:08:38 ovzhost sshd[1387]: Failed password for root from 43.255.190.145 port 57225 ssh2
Apr 12 23:08:40 ovzhost sshd[1389]: Failed password for root from 43.255.190.145 port 34174 ssh2
Apr 12 23:08:40 ovzhost sshd[1385]: message repeated 2 times: [ Failed password for root from 43.255.190.115 port 54678 ssh2]
Apr 12 23:08:41 ovzhost sshd[1385]: Received disconnect from 43.255.190.115: 11:  [preauth]
Apr 12 23:08:41 ovzhost sshd[1385]: PAM 2 more authentication failures; logname= uid=0 euid=0 tty=ssh ruser= rhost=43.255.190.115  user=root
Apr 12 23:08:41 ovzhost sshd[1393]: pam_unix(sshd:auth): authentication failure; logname= uid=0 euid=0 tty=ssh ruser= rhost=43.255.190.115  user=root
Apr 12 23:08:42 ovzhost sshd[1387]: message repeated 2 times: [ Failed password for root from 43.255.190.145 port 57225 ssh2]
Apr 12 23:08:42 ovzhost sshd[1387]: Received disconnect from 43.255.190.145: 11:  [preauth]
Apr 12 23:08:42 ovzhost sshd[1387]: PAM 2 more authentication failures; logname= uid=0 euid=0 tty=ssh ruser= rhost=43.255.190.145  user=root
Apr 12 23:08:43 ovzhost sshd[1393]: Failed password for root from 43.255.190.115 port 44561 ssh2
Apr 12 23:08:43 ovzhost sshd[1395]: pam_unix(sshd:auth): authentication failure; logname= uid=0 euid=0 tty=ssh ruser= rhost=43.255.190.145  user=root
Apr 12 23:08:43 ovzhost sshd[1389]: message repeated 2 times: [ Failed password for root from 43.255.190.145 port 34174 ssh2]
Apr 12 23:08:43 ovzhost sshd[1389]: Received disconnect from 43.255.190.145: 11:  [preauth]
Apr 12 23:08:43 ovzhost sshd[1389]: PAM 2 more authentication failures; logname= uid=0 euid=0 tty=ssh ruser= rhost=43.255.190.145  user=root
Apr 12 23:08:44 ovzhost sshd[1397]: pam_unix(sshd:auth): authentication failure; logname= uid=0 euid=0 tty=ssh ruser= rhost=43.255.190.145  user=root
Apr 12 23:08:45 ovzhost sshd[1395]: Failed password for root from 43.255.190.145 port 48272 ssh2
Apr 12 23:08:46 ovzhost sshd[1397]: Failed password for root from 43.255.190.145 port 51141 ssh2
Apr 12 23:08:47 ovzhost sshd[1393]: message repeated 2 times: [ Failed password for root from 43.255.190.115 port 44561 ssh2]
Apr 12 23:08:47 ovzhost sshd[1393]: Received disconnect from 43.255.190.115: 11:  [preauth]
Apr 12 23:08:47 ovzhost sshd[1393]: PAM 2 more authentication failures; logname= uid=0 euid=0 tty=ssh ruser= rhost=43.255.190.115  user=root
Apr 12 23:08:47 ovzhost sshd[1399]: pam_unix(sshd:auth): authentication failure; logname= uid=0 euid=0 tty=ssh ruser= rhost=43.255.190.115  user=root
Apr 12 23:08:49 ovzhost sshd[1395]: message repeated 2 times: [ Failed password for root from 43.255.190.145 port 48272 ssh2]
Apr 12 23:08:49 ovzhost sshd[1395]: Received disconnect from 43.255.190.145: 11:  [preauth]
Apr 12 23:08:49 ovzhost sshd[1395]: PAM 2 more authentication failures; logname= uid=0 euid=0 tty=ssh ruser= rhost=43.255.190.145  user=root
Apr 12 23:08:49 ovzhost sshd[1399]: Failed password for root from 43.255.190.115 port 33079 ssh2
Apr 12 23:08:49 ovzhost sshd[1401]: pam_unix(sshd:auth): authentication failure; logname= uid=0 euid=0 tty=ssh ruser= rhost=43.255.190.145  user=root
Apr 12 23:08:50 ovzhost sshd[1397]: message repeated 2 times: [ Failed password for root from 43.255.190.145 port 51141 ssh2]
Apr 12 23:08:50 ovzhost sshd[1397]: Received disconnect from 43.255.190.145: 11:  [preauth]
Apr 12 23:08:50 ovzhost sshd[1397]: PAM 2 more authentication failures; logname= uid=0 euid=0 tty=ssh ruser= rhost=43.255.190.145  user=root
Apr 12 23:08:51 ovzhost sshd[1405]: pam_unix(sshd:auth): authentication failure; logname= uid=0 euid=0 tty=ssh ruser= rhost=43.255.190.145  user=root
Apr 12 23:08:51 ovzhost sshd[1401]: Failed password for root from 43.255.190.145 port 37496 ssh2
Apr 12 23:08:53 ovzhost sshd[1405]: Failed password for root from 43.255.190.145 port 40707 ssh2
Apr 12 23:08:53 ovzhost sshd[1399]: message repeated 2 times: [ Failed password for root from 43.255.190.115 port 33079 ssh2]
Apr 12 23:08:53 ovzhost sshd[1399]: Received disconnect from 43.255.190.115: 11:  [preauth]
Apr 12 23:08:53 ovzhost sshd[1399]: PAM 2 more authentication failures; logname= uid=0 euid=0 tty=ssh ruser= rhost=43.255.190.115  user=root
Apr 12 23:08:54 ovzhost sshd[1407]: pam_unix(sshd:auth): authentication failure; logname= uid=0 euid=0 tty=ssh ruser= rhost=43.255.190.115  user=root
Apr 12 23:08:55 ovzhost sshd[1401]: message repeated 2 times: [ Failed password for root from 43.255.190.145 port 37496 ssh2]
Apr 12 23:08:55 ovzhost sshd[1401]: Received disconnect from 43.255.190.145: 11:  [preauth]
Apr 12 23:08:55 ovzhost sshd[1401]: PAM 2 more authentication failures; logname= uid=0 euid=0 tty=ssh ruser= rhost=43.255.190.145  user=root
Apr 12 23:08:55 ovzhost sshd[1407]: Failed password for root from 43.255.190.115 port 51132 ssh2
Apr 12 23:08:56 ovzhost sshd[1411]: pam_unix(sshd:auth): authentication failure; logname= uid=0 euid=0 tty=ssh ruser= rhost=43.255.190.145  user=root
Apr 12 23:08:56 ovzhost sshd[1405]: message repeated 2 times: [ Failed password for root from 43.255.190.145 port 40707 ssh2]
Apr 12 23:08:56 ovzhost sshd[1405]: Received disconnect from 43.255.190.145: 11:  [preauth]
Apr 12 23:08:56 ovzhost sshd[1405]: PAM 2 more authentication failures; logname= uid=0 euid=0 tty=ssh ruser= rhost=43.255.190.145  user=root
Apr 12 23:08:57 ovzhost sshd[1413]: pam_unix(sshd:auth): authentication failure; logname= uid=0 euid=0 tty=ssh ruser= rhost=43.255.190.145  user=root
Apr 12 23:08:58 ovzhost sshd[1411]: Failed password for root from 43.255.190.145 port 54181 ssh2
Apr 12 23:08:59 ovzhost sshd[1413]: Failed password for root from 43.255.190.145 port 57044 ssh2
Apr 12 23:09:00 ovzhost sshd[1407]: message repeated 2 times: [ Failed password for root from 43.255.190.115 port 51132 ssh2]
Apr 12 23:09:00 ovzhost sshd[1407]: Received disconnect from 43.255.190.115: 11:  [preauth]
Apr 12 23:09:00 ovzhost sshd[1407]: PAM 2 more authentication failures; logname= uid=0 euid=0 tty=ssh ruser= rhost=43.255.190.115  user=root
Apr 12 23:09:01 ovzhost sshd[1415]: pam_unix(sshd:auth): authentication failure; logname= uid=0 euid=0 tty=ssh ruser= rhost=43.255.190.115  user=root
Apr 12 23:09:01 ovzhost CRON[1418]: pam_env(cron:session): Unable to open env file: /etc/default/locale: No such file or directory
Apr 12 23:09:01 ovzhost CRON[1417]: pam_env(cron:session): Unable to open env file: /etc/default/locale: No such file or directory
Apr 12 23:09:01 ovzhost CRON[1418]: pam_unix(cron:session): session opened for user root by (uid=0)
Apr 12 23:09:01 ovzhost CRON[1417]: pam_unix(cron:session): session opened for user root by (uid=0)
Apr 12 23:09:01 ovzhost CRON[1417]: pam_unix(cron:session): session closed for user root
Apr 12 23:09:01 ovzhost CRON[1418]: pam_unix(cron:session): session closed for user root
Apr 12 23:09:01 ovzhost sshd[1411]: message repeated 2 times: [ Failed password for root from 43.255.190.145 port 54181 ssh2]
Apr 12 23:09:01 ovzhost sshd[1411]: Received disconnect from 43.255.190.145: 11:  [preauth]
Apr 12 23:09:01 ovzhost sshd[1411]: PAM 2 more authentication failures; logname= uid=0 euid=0 tty=ssh ruser= rhost=43.255.190.145  user=root
Apr 12 23:09:02 ovzhost sshd[1431]: pam_unix(sshd:auth): authentication failure; logname= uid=0 euid=0 tty=ssh ruser= rhost=43.255.190.145  user=root
Apr 12 23:09:02 ovzhost sshd[1415]: Failed password for root from 43.255.190.115 port 41020 ssh2
Apr 12 23:09:03 ovzhost sshd[1413]: message repeated 2 times: [ Failed password for root from 43.255.190.145 port 57044 ssh2]
Apr 12 23:09:03 ovzhost sshd[1413]: Received disconnect from 43.255.190.145: 11:  [preauth]
Apr 12 23:09:03 ovzhost sshd[1413]: PAM 2 more authentication failures; logname= uid=0 euid=0 tty=ssh ruser= rhost=43.255.190.145  user=root
Apr 12 23:09:04 ovzhost sshd[1431]: Failed password for root from 43.255.190.145 port 41190 ssh2
Apr 12 23:09:04 ovzhost sshd[1433]: pam_unix(sshd:auth): authentication failure; logname= uid=0 euid=0 tty=ssh ruser= rhost=43.255.190.145  user=root
Apr 12 23:09:06 ovzhost sshd[1433]: Failed password for root from 43.255.190.145 port 46721 ssh2
Apr 12 23:09:06 ovzhost sshd[1415]: message repeated 2 times: [ Failed password for root from 43.255.190.115 port 41020 ssh2]
Apr 12 23:09:06 ovzhost sshd[1415]: Received disconnect from 43.255.190.115: 11:  [preauth]
Apr 12 23:09:06 ovzhost sshd[1415]: PAM 2 more authentication failures; logname= uid=0 euid=0 tty=ssh ruser= rhost=43.255.190.115  user=root
Apr 12 23:09:07 ovzhost sshd[1435]: pam_unix(sshd:auth): authentication failure; logname= uid=0 euid=0 tty=ssh ruser= rhost=43.255.190.115  user=root
Apr 12 23:09:07 ovzhost sshd[1431]: message repeated 2 times: [ Failed password for root from 43.255.190.145 port 41190 ssh2]
Apr 12 23:09:07 ovzhost sshd[1431]: Received disconnect from 43.255.190.145: 11:  [preauth]
Apr 12 23:09:07 ovzhost sshd[1431]: PAM 2 more authentication failures; logname= uid=0 euid=0 tty=ssh ruser= rhost=43.255.190.145  user=root
Apr 12 23:09:08 ovzhost sshd[1437]: pam_unix(sshd:auth): authentication failure; logname= uid=0 euid=0 tty=ssh ruser= rhost=43.255.190.145  user=root
Apr 12 23:09:09 ovzhost sshd[1435]: Failed password for root from 43.255.190.115 port 58473 ssh2
Apr 12 23:09:09 ovzhost sshd[1433]: message repeated 2 times: [ Failed password for root from 43.255.190.145 port 46721 ssh2]
Apr 12 23:09:09 ovzhost sshd[1433]: Received disconnect from 43.255.190.145: 11:  [preauth]
Apr 12 23:09:10 ovzhost sshd[1433]: PAM 2 more authentication failures; logname= uid=0 euid=0 tty=ssh ruser= rhost=43.255.190.145  user=root
Apr 12 23:09:10 ovzhost sshd[1437]: Failed password for root from 43.255.190.145 port 57597 ssh2
Apr 12 23:09:10 ovzhost sshd[1439]: pam_unix(sshd:auth): authentication failure; logname= uid=0 euid=0 tty=ssh ruser= rhost=43.255.190.145  user=root
Apr 12 23:09:12 ovzhost sshd[1439]: Failed password for root from 43.255.190.145 port 34853 ssh2
Apr 12 23:09:14 ovzhost sshd[1435]: message repeated 2 times: [ Failed password for root from 43.255.190.115 port 58473 ssh2]
Apr 12 23:09:14 ovzhost sshd[1435]: Received disconnect from 43.255.190.115: 11:  [preauth]
Apr 12 23:09:14 ovzhost sshd[1435]: PAM 2 more authentication failures; logname= uid=0 euid=0 tty=ssh ruser= rhost=43.255.190.115  user=root
Apr 12 23:09:14 ovzhost sshd[1437]: message repeated 2 times: [ Failed password for root from 43.255.190.145 port 57597 ssh2]
Apr 12 23:09:14 ovzhost sshd[1437]: Received disconnect from 43.255.190.145: 11:  [preauth]
Apr 12 23:09:14 ovzhost sshd[1437]: PAM 2 more authentication failures; logname= uid=0 euid=0 tty=ssh ruser= rhost=43.255.190.145  user=root
Apr 12 23:09:15 ovzhost sshd[1442]: pam_unix(sshd:auth): authentication failure; logname= uid=0 euid=0 tty=ssh ruser= rhost=43.255.190.115  user=root
Apr 12 23:09:15 ovzhost sshd[1444]: pam_unix(sshd:auth): authentication failure; logname= uid=0 euid=0 tty=ssh ruser= rhost=43.255.190.145  user=root
Apr 12 23:09:16 ovzhost sshd[1439]: message repeated 2 times: [ Failed password for root from 43.255.190.145 port 34853 ssh2]
Apr 12 23:09:16 ovzhost sshd[1439]: Received disconnect from 43.255.190.145: 11:  [preauth]
Apr 12 23:09:16 ovzhost sshd[1439]: PAM 2 more authentication failures; logname= uid=0 euid=0 tty=ssh ruser= rhost=43.255.190.145  user=root
Apr 12 23:09:16 ovzhost sshd[1442]: Failed password for root from 43.255.190.115 port 50095 ssh2
Apr 12 23:09:16 ovzhost sshd[1444]: Failed password for root from 43.255.190.145 port 45953 ssh2
Apr 12 23:09:17 ovzhost sshd[1446]: pam_unix(sshd:auth): authentication failure; logname= uid=0 euid=0 tty=ssh ruser= rhost=43.255.190.145  user=root
Apr 12 23:09:18 ovzhost sshd[1446]: Failed password for root from 43.255.190.145 port 52442 ssh2
Apr 12 23:09:20 ovzhost sshd[1442]: message repeated 2 times: [ Failed password for root from 43.255.190.115 port 50095 ssh2]
Apr 12 23:09:20 ovzhost sshd[1442]: Received disconnect from 43.255.190.115: 11:  [preauth]
Apr 12 23:09:20 ovzhost sshd[1442]: PAM 2 more authentication failures; logname= uid=0 euid=0 tty=ssh ruser= rhost=43.255.190.115  user=root
Apr 12 23:09:20 ovzhost sshd[1444]: message repeated 2 times: [ Failed password for root from 43.255.190.145 port 45953 ssh2]
Apr 12 23:09:20 ovzhost sshd[1444]: Received disconnect from 43.255.190.145: 11:  [preauth]
Apr 12 23:09:20 ovzhost sshd[1444]: PAM 2 more authentication failures; logname= uid=0 euid=0 tty=ssh ruser= rhost=43.255.190.145  user=root
Apr 12 23:09:24 ovzhost sshd[1446]: message repeated 2 times: [ Failed password for root from 43.255.190.145 port 52442 ssh2]
Apr 12 23:09:24 ovzhost sshd[1446]: Received disconnect from 43.255.190.145: 11:  [preauth]
Apr 12 23:09:24 ovzhost sshd[1446]: PAM 2 more authentication failures; logname= uid=0 euid=0 tty=ssh ruser= rhost=43.255.190.145  user=root
Apr 12 23:09:37 ovzhost sshd[1451]: Connection closed by 127.0.0.1 [preauth]
Apr 12 23:10:51 ovzhost sshd[1456]: Connection closed by 128.8.37.104 [preauth]
Apr 12 23:13:19 ovzhost sshd[1465]: pam_unix(sshd:auth): authentication failure; logname= uid=0 euid=0 tty=ssh ruser= rhost=222.171.225.170  user=root
Apr 12 23:13:21 ovzhost sshd[1465]: Failed password for root from 222.171.225.170 port 52492 ssh2
Apr 12 23:13:26 ovzhost sshd[1465]: message repeated 2 times: [ Failed password for root from 222.171.225.170 port 52492 ssh2]
Apr 12 23:13:26 ovzhost sshd[1465]: Connection closed by 222.171.225.170 [preauth]
Apr 12 23:13:26 ovzhost sshd[1465]: PAM 2 more authentication failures; logname= uid=0 euid=0 tty=ssh ruser= rhost=222.171.225.170  user=root
Apr 12 23:14:36 ovzhost sshd[1476]: Connection closed by 127.0.0.1 [preauth]
Apr 12 23:19:36 ovzhost sshd[1498]: Connection closed by 127.0.0.1 [preauth]
Apr 12 23:20:01 ovzhost CRON[1501]: pam_env(cron:session): Unable to open env file: /etc/default/locale: No such file or directory
Apr 12 23:20:01 ovzhost CRON[1501]: pam_unix(cron:session): session opened for user smmsp by (uid=0)
Apr 12 23:20:01 ovzhost CRON[1501]: pam_unix(cron:session): session closed for user smmsp
Apr 12 23:20:51 ovzhost sshd[1530]: Connection closed by 128.8.37.104 [preauth]
Apr 12 23:24:36 ovzhost sshd[1548]: Connection closed by 127.0.0.1 [preauth]
Apr 12 23:26:48 ovzhost sshd[1557]: pam_unix(sshd:auth): authentication failure; logname= uid=0 euid=0 tty=ssh ruser= rhost=43.255.190.152  user=root
Apr 12 23:26:49 ovzhost sshd[1559]: pam_unix(sshd:auth): authentication failure; logname= uid=0 euid=0 tty=ssh ruser= rhost=43.255.190.152  user=root
Apr 12 23:26:50 ovzhost sshd[1557]: Failed password for root from 43.255.190.152 port 34422 ssh2
Apr 12 23:26:51 ovzhost sshd[1559]: Failed password for root from 43.255.190.152 port 38253 ssh2
Apr 12 23:26:53 ovzhost sshd[1557]: message repeated 2 times: [ Failed password for root from 43.255.190.152 port 34422 ssh2]
Apr 12 23:26:53 ovzhost sshd[1557]: Received disconnect from 43.255.190.152: 11:  [preauth]
Apr 12 23:26:53 ovzhost sshd[1557]: PAM 2 more authentication failures; logname= uid=0 euid=0 tty=ssh ruser= rhost=43.255.190.152  user=root
Apr 12 23:26:54 ovzhost sshd[1561]: pam_unix(sshd:auth): authentication failure; logname= uid=0 euid=0 tty=ssh ruser= rhost=43.255.190.152  user=root
Apr 12 23:26:55 ovzhost sshd[1559]: message repeated 2 times: [ Failed password for root from 43.255.190.152 port 38253 ssh2]
Apr 12 23:26:55 ovzhost sshd[1559]: Received disconnect from 43.255.190.152: 11:  [preauth]
Apr 12 23:26:55 ovzhost sshd[1559]: PAM 2 more authentication failures; logname= uid=0 euid=0 tty=ssh ruser= rhost=43.255.190.152  user=root
Apr 12 23:26:55 ovzhost sshd[1563]: pam_unix(sshd:auth): authentication failure; logname= uid=0 euid=0 tty=ssh ruser= rhost=43.255.190.152  user=root
Apr 12 23:26:56 ovzhost sshd[1561]: Failed password for root from 43.255.190.152 port 51575 ssh2
Apr 12 23:26:58 ovzhost sshd[1563]: Failed password for root from 43.255.190.152 port 53971 ssh2
Apr 12 23:27:01 ovzhost sshd[1561]: message repeated 2 times: [ Failed password for root from 43.255.190.152 port 51575 ssh2]
Apr 12 23:27:01 ovzhost sshd[1561]: Received disconnect from 43.255.190.152: 11:  [preauth]
Apr 12 23:27:01 ovzhost sshd[1561]: PAM 2 more authentication failures; logname= uid=0 euid=0 tty=ssh ruser= rhost=43.255.190.152  user=root
Apr 12 23:27:02 ovzhost sshd[1565]: pam_unix(sshd:auth): authentication failure; logname= uid=0 euid=0 tty=ssh ruser= rhost=43.255.190.152  user=root
Apr 12 23:27:02 ovzhost sshd[1563]: message repeated 2 times: [ Failed password for root from 43.255.190.152 port 53971 ssh2]
Apr 12 23:27:02 ovzhost sshd[1563]: Received disconnect from 43.255.190.152: 11:  [preauth]
Apr 12 23:27:02 ovzhost sshd[1563]: PAM 2 more authentication failures; logname= uid=0 euid=0 tty=ssh ruser= rhost=43.255.190.152  user=root
Apr 12 23:27:03 ovzhost sshd[1567]: pam_unix(sshd:auth): authentication failure; logname= uid=0 euid=0 tty=ssh ruser= rhost=43.255.190.152  user=root
Apr 12 23:27:04 ovzhost sshd[1565]: Failed password for root from 43.255.190.152 port 41637 ssh2
Apr 12 23:27:04 ovzhost sshd[1569]: pam_unix(sshd:auth): authentication failure; logname= uid=0 euid=0 tty=ssh ruser= rhost=43.255.190.152  user=root
Apr 12 23:27:05 ovzhost sshd[1567]: Failed password for root from 43.255.190.152 port 43685 ssh2
Apr 12 23:27:06 ovzhost sshd[1569]: Failed password for root from 43.255.190.152 port 45429 ssh2
Apr 12 23:27:07 ovzhost sshd[1565]: message repeated 2 times: [ Failed password for root from 43.255.190.152 port 41637 ssh2]
Apr 12 23:27:07 ovzhost sshd[1565]: Received disconnect from 43.255.190.152: 11:  [preauth]
Apr 12 23:27:07 ovzhost sshd[1565]: PAM 2 more authentication failures; logname= uid=0 euid=0 tty=ssh ruser= rhost=43.255.190.152  user=root
Apr 12 23:27:09 ovzhost sshd[1567]: message repeated 2 times: [ Failed password for root from 43.255.190.152 port 43685 ssh2]
Apr 12 23:27:10 ovzhost sshd[1567]: Received disconnect from 43.255.190.152: 11:  [preauth]
Apr 12 23:27:10 ovzhost sshd[1567]: PAM 2 more authentication failures; logname= uid=0 euid=0 tty=ssh ruser= rhost=43.255.190.152  user=root
Apr 12 23:27:11 ovzhost sshd[1569]: message repeated 2 times: [ Failed password for root from 43.255.190.152 port 45429 ssh2]
Apr 12 23:27:11 ovzhost sshd[1569]: Received disconnect from 43.255.190.152: 11:  [preauth]
Apr 12 23:27:11 ovzhost sshd[1569]: PAM 2 more authentication failures; logname= uid=0 euid=0 tty=ssh ruser= rhost=43.255.190.152  user=root
Apr 12 23:27:11 ovzhost sshd[1573]: pam_unix(sshd:auth): authentication failure; logname= uid=0 euid=0 tty=ssh ruser= rhost=43.255.190.152  user=root
Apr 12 23:27:12 ovzhost sshd[1571]: pam_unix(sshd:auth): authentication failure; logname= uid=0 euid=0 tty=ssh ruser= rhost=43.255.190.152  user=root
Apr 12 23:27:13 ovzhost sshd[1573]: Failed password for root from 43.255.190.152 port 34798 ssh2
Apr 12 23:27:13 ovzhost sshd[1575]: pam_unix(sshd:auth): authentication failure; logname= uid=0 euid=0 tty=ssh ruser= rhost=43.255.190.152  user=root
Apr 12 23:27:14 ovzhost sshd[1571]: Failed password for root from 43.255.190.152 port 57392 ssh2
Apr 12 23:27:15 ovzhost sshd[1575]: Failed password for root from 43.255.190.152 port 38271 ssh2
Apr 12 23:27:16 ovzhost sshd[1573]: message repeated 2 times: [ Failed password for root from 43.255.190.152 port 34798 ssh2]
Apr 12 23:27:17 ovzhost sshd[1573]: Received disconnect from 43.255.190.152: 11:  [preauth]
Apr 12 23:27:17 ovzhost sshd[1573]: PAM 2 more authentication failures; logname= uid=0 euid=0 tty=ssh ruser= rhost=43.255.190.152  user=root
Apr 12 23:27:17 ovzhost sshd[1577]: pam_unix(sshd:auth): authentication failure; logname= uid=0 euid=0 tty=ssh ruser= rhost=43.255.190.152  user=root
Apr 12 23:27:18 ovzhost sshd[1571]: message repeated 2 times: [ Failed password for root from 43.255.190.152 port 57392 ssh2]
Apr 12 23:27:18 ovzhost sshd[1571]: Received disconnect from 43.255.190.152: 11:  [preauth]
Apr 12 23:27:18 ovzhost sshd[1571]: PAM 2 more authentication failures; logname= uid=0 euid=0 tty=ssh ruser= rhost=43.255.190.152  user=root
Apr 12 23:27:20 ovzhost sshd[1580]: pam_unix(sshd:auth): authentication failure; logname= uid=0 euid=0 tty=ssh ruser= rhost=43.255.190.152  user=root
Apr 12 23:27:20 ovzhost sshd[1577]: Failed password for root from 43.255.190.152 port 53374 ssh2
Apr 12 23:27:20 ovzhost sshd[1575]: message repeated 2 times: [ Failed password for root from 43.255.190.152 port 38271 ssh2]
Apr 12 23:27:20 ovzhost sshd[1575]: Received disconnect from 43.255.190.152: 11:  [preauth]
Apr 12 23:27:20 ovzhost sshd[1575]: PAM 2 more authentication failures; logname= uid=0 euid=0 tty=ssh ruser= rhost=43.255.190.152  user=root
Apr 12 23:27:22 ovzhost sshd[1582]: pam_unix(sshd:auth): authentication failure; logname= uid=0 euid=0 tty=ssh ruser= rhost=43.255.190.152  user=root
Apr 12 23:27:22 ovzhost sshd[1580]: Failed password for root from 43.255.190.152 port 57163 ssh2
Apr 12 23:27:24 ovzhost sshd[1582]: Failed password for root from 43.255.190.152 port 33347 ssh2
Apr 12 23:27:25 ovzhost sshd[1577]: message repeated 2 times: [ Failed password for root from 43.255.190.152 port 53374 ssh2]
Apr 12 23:27:25 ovzhost sshd[1577]: Received disconnect from 43.255.190.152: 11:  [preauth]
Apr 12 23:27:25 ovzhost sshd[1577]: PAM 2 more authentication failures; logname= uid=0 euid=0 tty=ssh ruser= rhost=43.255.190.152  user=root
Apr 12 23:27:26 ovzhost sshd[1584]: pam_unix(sshd:auth): authentication failure; logname= uid=0 euid=0 tty=ssh ruser= rhost=43.255.190.152  user=root
Apr 12 23:27:26 ovzhost sshd[1580]: message repeated 2 times: [ Failed password for root from 43.255.190.152 port 57163 ssh2]
Apr 12 23:27:26 ovzhost sshd[1580]: Received disconnect from 43.255.190.152: 11:  [preauth]
Apr 12 23:27:26 ovzhost sshd[1580]: PAM 2 more authentication failures; logname= uid=0 euid=0 tty=ssh ruser= rhost=43.255.190.152  user=root
Apr 12 23:27:27 ovzhost sshd[1586]: pam_unix(sshd:auth): authentication failure; logname= uid=0 euid=0 tty=ssh ruser= rhost=43.255.190.152  user=root
Apr 12 23:27:28 ovzhost sshd[1582]: message repeated 2 times: [ Failed password for root from 43.255.190.152 port 33347 ssh2]
Apr 12 23:27:28 ovzhost sshd[1582]: Received disconnect from 43.255.190.152: 11:  [preauth]
Apr 12 23:27:28 ovzhost sshd[1582]: PAM 2 more authentication failures; logname= uid=0 euid=0 tty=ssh ruser= rhost=43.255.190.152  user=root
Apr 12 23:27:28 ovzhost sshd[1584]: Failed password for root from 43.255.190.152 port 45376 ssh2
Apr 12 23:27:29 ovzhost sshd[1588]: pam_unix(sshd:auth): authentication failure; logname= uid=0 euid=0 tty=ssh ruser= rhost=43.255.190.152  user=root
Apr 12 23:27:29 ovzhost sshd[1586]: Failed password for root from 43.255.190.152 port 49584 ssh2
Apr 12 23:27:31 ovzhost sshd[1588]: Failed password for root from 43.255.190.152 port 52823 ssh2
Apr 12 23:27:32 ovzhost sshd[1584]: message repeated 2 times: [ Failed password for root from 43.255.190.152 port 45376 ssh2]
Apr 12 23:27:32 ovzhost sshd[1584]: Received disconnect from 43.255.190.152: 11:  [preauth]
Apr 12 23:27:32 ovzhost sshd[1584]: PAM 2 more authentication failures; logname= uid=0 euid=0 tty=ssh ruser= rhost=43.255.190.152  user=root
Apr 12 23:27:32 ovzhost sshd[1590]: pam_unix(sshd:auth): authentication failure; logname= uid=0 euid=0 tty=ssh ruser= rhost=43.255.190.152  user=root
Apr 12 23:27:34 ovzhost sshd[1586]: message repeated 2 times: [ Failed password for root from 43.255.190.152 port 49584 ssh2]
Apr 12 23:27:34 ovzhost sshd[1586]: Received disconnect from 43.255.190.152: 11:  [preauth]
Apr 12 23:27:34 ovzhost sshd[1586]: PAM 2 more authentication failures; logname= uid=0 euid=0 tty=ssh ruser= rhost=43.255.190.152  user=root
Apr 12 23:27:35 ovzhost sshd[1592]: pam_unix(sshd:auth): authentication failure; logname= uid=0 euid=0 tty=ssh ruser= rhost=43.255.190.152  user=root
Apr 12 23:27:35 ovzhost sshd[1590]: Failed password for root from 43.255.190.152 port 35074 ssh2
Apr 12 23:27:35 ovzhost sshd[1588]: message repeated 2 times: [ Failed password for root from 43.255.190.152 port 52823 ssh2]
Apr 12 23:27:35 ovzhost sshd[1588]: Received disconnect from 43.255.190.152: 11:  [preauth]
Apr 12 23:27:35 ovzhost sshd[1588]: PAM 2 more authentication failures; logname= uid=0 euid=0 tty=ssh ruser= rhost=43.255.190.152  user=root
Apr 12 23:27:36 ovzhost sshd[1594]: pam_unix(sshd:auth): authentication failure; logname= uid=0 euid=0 tty=ssh ruser= rhost=43.255.190.152  user=root
Apr 12 23:27:36 ovzhost sshd[1592]: Failed password for root from 43.255.190.152 port 40097 ssh2
