Apr 11 03:01:37 ovzhost sshd[1115]: PAM 2 more authentication failures; logname= uid=0 euid=0 tty=ssh ruser= rhost=43.255.190.138  user=root
Apr 11 03:01:38 ovzhost sshd[1117]: Failed password for root from 43.255.190.187 port 52001 ssh2
Apr 11 03:01:38 ovzhost sshd[1119]: pam_unix(sshd:auth): authentication failure; logname= uid=0 euid=0 tty=ssh ruser= rhost=43.255.190.138  user=root
Apr 11 03:01:40 ovzhost sshd[1119]: Failed password for root from 43.255.190.138 port 41946 ssh2
Apr 11 03:01:41 ovzhost sshd[1117]: message repeated 2 times: [ Failed password for root from 43.255.190.187 port 52001 ssh2]
Apr 11 03:01:42 ovzhost sshd[1117]: Received disconnect from 43.255.190.187: 11:  [preauth]
Apr 11 03:01:42 ovzhost sshd[1117]: PAM 2 more authentication failures; logname= uid=0 euid=0 tty=ssh ruser= rhost=43.255.190.187  user=root
Apr 11 03:01:42 ovzhost sshd[1121]: pam_unix(sshd:auth): authentication failure; logname= uid=0 euid=0 tty=ssh ruser= rhost=43.255.190.187  user=root
Apr 11 03:01:44 ovzhost sshd[1119]: message repeated 2 times: [ Failed password for root from 43.255.190.138 port 41946 ssh2]
Apr 11 03:01:44 ovzhost sshd[1119]: Received disconnect from 43.255.190.138: 11:  [preauth]
Apr 11 03:01:44 ovzhost sshd[1119]: PAM 2 more authentication failures; logname= uid=0 euid=0 tty=ssh ruser= rhost=43.255.190.138  user=root
Apr 11 03:01:45 ovzhost sshd[1121]: Failed password for root from 43.255.190.187 port 39402 ssh2
Apr 11 03:01:46 ovzhost sshd[1123]: pam_unix(sshd:auth): authentication failure; logname= uid=0 euid=0 tty=ssh ruser= rhost=43.255.190.138  user=root
Apr 11 03:01:48 ovzhost sshd[1123]: Failed password for root from 43.255.190.138 port 58986 ssh2
Apr 11 03:01:49 ovzhost sshd[1121]: message repeated 2 times: [ Failed password for root from 43.255.190.187 port 39402 ssh2]
Apr 11 03:01:49 ovzhost sshd[1121]: Received disconnect from 43.255.190.187: 11:  [preauth]
Apr 11 03:01:49 ovzhost sshd[1121]: PAM 2 more authentication failures; logname= uid=0 euid=0 tty=ssh ruser= rhost=43.255.190.187  user=root
Apr 11 03:01:51 ovzhost sshd[1125]: pam_unix(sshd:auth): authentication failure; logname= uid=0 euid=0 tty=ssh ruser= rhost=43.255.190.187  user=root
Apr 11 03:01:52 ovzhost sshd[1125]: Failed password for root from 43.255.190.187 port 55880 ssh2
Apr 11 03:01:52 ovzhost sshd[1123]: message repeated 2 times: [ Failed password for root from 43.255.190.138 port 58986 ssh2]
Apr 11 03:01:52 ovzhost sshd[1123]: Received disconnect from 43.255.190.138: 11:  [preauth]
Apr 11 03:01:52 ovzhost sshd[1123]: PAM 2 more authentication failures; logname= uid=0 euid=0 tty=ssh ruser= rhost=43.255.190.138  user=root
Apr 11 03:01:53 ovzhost sshd[1128]: pam_unix(sshd:auth): authentication failure; logname= uid=0 euid=0 tty=ssh ruser= rhost=43.255.190.138  user=root
Apr 11 03:01:55 ovzhost sshd[1128]: Failed password for root from 43.255.190.138 port 48646 ssh2
Apr 11 03:01:56 ovzhost sshd[1125]: message repeated 2 times: [ Failed password for root from 43.255.190.187 port 55880 ssh2]
Apr 11 03:01:56 ovzhost sshd[1125]: Received disconnect from 43.255.190.187: 11:  [preauth]
Apr 11 03:01:56 ovzhost sshd[1125]: PAM 2 more authentication failures; logname= uid=0 euid=0 tty=ssh ruser= rhost=43.255.190.187  user=root
Apr 11 03:01:57 ovzhost sshd[1130]: pam_unix(sshd:auth): authentication failure; logname= uid=0 euid=0 tty=ssh ruser= rhost=43.255.190.187  user=root
Apr 11 03:01:59 ovzhost sshd[1130]: Failed password for root from 43.255.190.187 port 43298 ssh2
Apr 11 03:01:59 ovzhost sshd[1128]: message repeated 2 times: [ Failed password for root from 43.255.190.138 port 48646 ssh2]
Apr 11 03:01:59 ovzhost sshd[1128]: Received disconnect from 43.255.190.138: 11:  [preauth]
Apr 11 03:01:59 ovzhost sshd[1128]: PAM 2 more authentication failures; logname= uid=0 euid=0 tty=ssh ruser= rhost=43.255.190.138  user=root
Apr 11 03:02:00 ovzhost sshd[1133]: pam_unix(sshd:auth): authentication failure; logname= uid=0 euid=0 tty=ssh ruser= rhost=43.255.190.138  user=root
Apr 11 03:02:02 ovzhost sshd[1133]: Failed password for root from 43.255.190.138 port 36950 ssh2
Apr 11 03:02:02 ovzhost sshd[1130]: message repeated 2 times: [ Failed password for root from 43.255.190.187 port 43298 ssh2]
Apr 11 03:02:02 ovzhost sshd[1130]: Received disconnect from 43.255.190.187: 11:  [preauth]
Apr 11 03:02:02 ovzhost sshd[1130]: PAM 2 more authentication failures; logname= uid=0 euid=0 tty=ssh ruser= rhost=43.255.190.187  user=root
Apr 11 03:02:03 ovzhost sshd[1135]: pam_unix(sshd:auth): authentication failure; logname= uid=0 euid=0 tty=ssh ruser= rhost=43.255.190.187  user=root
Apr 11 03:02:04 ovzhost sshd[1135]: Failed password for root from 43.255.190.187 port 58614 ssh2
Apr 11 03:02:05 ovzhost sshd[1133]: message repeated 2 times: [ Failed password for root from 43.255.190.138 port 36950 ssh2]
Apr 11 03:02:05 ovzhost sshd[1133]: Received disconnect from 43.255.190.138: 11:  [preauth]
Apr 11 03:02:05 ovzhost sshd[1133]: PAM 2 more authentication failures; logname= uid=0 euid=0 tty=ssh ruser= rhost=43.255.190.138  user=root
Apr 11 03:02:07 ovzhost sshd[1137]: pam_unix(sshd:auth): authentication failure; logname= uid=0 euid=0 tty=ssh ruser= rhost=43.255.190.138  user=root
Apr 11 03:02:08 ovzhost sshd[1135]: message repeated 2 times: [ Failed password for root from 43.255.190.187 port 58614 ssh2]
Apr 11 03:02:09 ovzhost sshd[1135]: Received disconnect from 43.255.190.187: 11:  [preauth]
Apr 11 03:02:09 ovzhost sshd[1135]: PAM 2 more authentication failures; logname= uid=0 euid=0 tty=ssh ruser= rhost=43.255.190.187  user=root
Apr 11 03:02:10 ovzhost sshd[1137]: Failed password for root from 43.255.190.138 port 53737 ssh2
Apr 11 03:02:10 ovzhost sshd[1139]: pam_unix(sshd:auth): authentication failure; logname= uid=0 euid=0 tty=ssh ruser= rhost=43.255.190.187  user=root
Apr 11 03:02:12 ovzhost sshd[1139]: Failed password for root from 43.255.190.187 port 46145 ssh2
Apr 11 03:02:13 ovzhost sshd[1137]: message repeated 2 times: [ Failed password for root from 43.255.190.138 port 53737 ssh2]
Apr 11 03:02:13 ovzhost sshd[1137]: Received disconnect from 43.255.190.138: 11:  [preauth]
Apr 11 03:02:13 ovzhost sshd[1137]: PAM 2 more authentication failures; logname= uid=0 euid=0 tty=ssh ruser= rhost=43.255.190.138  user=root
Apr 11 03:02:14 ovzhost sshd[1141]: pam_unix(sshd:auth): authentication failure; logname= uid=0 euid=0 tty=ssh ruser= rhost=43.255.190.138  user=root
Apr 11 03:02:16 ovzhost sshd[1141]: Failed password for root from 43.255.190.138 port 45210 ssh2
Apr 11 03:02:16 ovzhost sshd[1139]: message repeated 2 times: [ Failed password for root from 43.255.190.187 port 46145 ssh2]
Apr 11 03:02:16 ovzhost sshd[1139]: Received disconnect from 43.255.190.187: 11:  [preauth]
Apr 11 03:02:16 ovzhost sshd[1139]: PAM 2 more authentication failures; logname= uid=0 euid=0 tty=ssh ruser= rhost=43.255.190.187  user=root
Apr 11 03:02:17 ovzhost sshd[1143]: pam_unix(sshd:auth): authentication failure; logname= uid=0 euid=0 tty=ssh ruser= rhost=43.255.190.187  user=root
Apr 11 03:02:19 ovzhost sshd[1143]: Failed password for root from 43.255.190.187 port 35042 ssh2
Apr 11 03:02:20 ovzhost sshd[1141]: message repeated 2 times: [ Failed password for root from 43.255.190.138 port 45210 ssh2]
Apr 11 03:02:20 ovzhost sshd[1141]: Received disconnect from 43.255.190.138: 11:  [preauth]
Apr 11 03:02:20 ovzhost sshd[1141]: PAM 2 more authentication failures; logname= uid=0 euid=0 tty=ssh ruser= rhost=43.255.190.138  user=root
Apr 11 03:02:21 ovzhost sshd[1145]: pam_unix(sshd:auth): authentication failure; logname= uid=0 euid=0 tty=ssh ruser= rhost=43.255.190.138  user=root
Apr 11 03:02:22 ovzhost sshd[1145]: Failed password for root from 43.255.190.138 port 60570 ssh2
Apr 11 03:02:24 ovzhost sshd[1143]: message repeated 2 times: [ Failed password for root from 43.255.190.187 port 35042 ssh2]
Apr 11 03:02:24 ovzhost sshd[1143]: Received disconnect from 43.255.190.187: 11:  [preauth]
Apr 11 03:02:24 ovzhost sshd[1143]: PAM 2 more authentication failures; logname= uid=0 euid=0 tty=ssh ruser= rhost=43.255.190.187  user=root
Apr 11 03:02:25 ovzhost sshd[1147]: pam_unix(sshd:auth): authentication failure; logname= uid=0 euid=0 tty=ssh ruser= rhost=43.255.190.187  user=root
Apr 11 03:02:27 ovzhost sshd[1147]: Failed password for root from 43.255.190.187 port 53209 ssh2
Apr 11 03:02:27 ovzhost sshd[1145]: message repeated 2 times: [ Failed password for root from 43.255.190.138 port 60570 ssh2]
Apr 11 03:02:27 ovzhost sshd[1145]: Received disconnect from 43.255.190.138: 11:  [preauth]
Apr 11 03:02:27 ovzhost sshd[1145]: PAM 2 more authentication failures; logname= uid=0 euid=0 tty=ssh ruser= rhost=43.255.190.138  user=root
Apr 11 03:02:28 ovzhost sshd[1152]: Connection closed by 127.0.0.1 [preauth]
Apr 11 03:02:28 ovzhost sshd[1149]: pam_unix(sshd:auth): authentication failure; logname= uid=0 euid=0 tty=ssh ruser= rhost=43.255.190.138  user=root
Apr 11 03:02:30 ovzhost sshd[1149]: Failed password for root from 43.255.190.138 port 48520 ssh2
Apr 11 03:02:30 ovzhost sshd[1147]: message repeated 2 times: [ Failed password for root from 43.255.190.187 port 53209 ssh2]
Apr 11 03:02:31 ovzhost sshd[1147]: Received disconnect from 43.255.190.187: 11:  [preauth]
Apr 11 03:02:31 ovzhost sshd[1147]: PAM 2 more authentication failures; logname= uid=0 euid=0 tty=ssh ruser= rhost=43.255.190.187  user=root
Apr 11 03:02:33 ovzhost sshd[1154]: pam_unix(sshd:auth): authentication failure; logname= uid=0 euid=0 tty=ssh ruser= rhost=43.255.190.187  user=root
Apr 11 03:02:34 ovzhost sshd[1154]: Failed password for root from 43.255.190.187 port 41054 ssh2
Apr 11 03:02:35 ovzhost sshd[1149]: message repeated 2 times: [ Failed password for root from 43.255.190.138 port 48520 ssh2]
Apr 11 03:02:35 ovzhost sshd[1149]: Received disconnect from 43.255.190.138: 11:  [preauth]
Apr 11 03:02:35 ovzhost sshd[1149]: PAM 2 more authentication failures; logname= uid=0 euid=0 tty=ssh ruser= rhost=43.255.190.138  user=root
Apr 11 03:02:36 ovzhost sshd[1156]: pam_unix(sshd:auth): authentication failure; logname= uid=0 euid=0 tty=ssh ruser= rhost=43.255.190.138  user=root
Apr 11 03:02:38 ovzhost sshd[1156]: Failed password for root from 43.255.190.138 port 39466 ssh2
Apr 11 03:02:39 ovzhost sshd[1154]: message repeated 2 times: [ Failed password for root from 43.255.190.187 port 41054 ssh2]
Apr 11 03:02:39 ovzhost sshd[1154]: Received disconnect from 43.255.190.187: 11:  [preauth]
Apr 11 03:02:39 ovzhost sshd[1154]: PAM 2 more authentication failures; logname= uid=0 euid=0 tty=ssh ruser= rhost=43.255.190.187  user=root
Apr 11 03:02:39 ovzhost sshd[1158]: pam_unix(sshd:auth): authentication failure; logname= uid=0 euid=0 tty=ssh ruser= rhost=43.255.190.187  user=root
Apr 11 03:02:40 ovzhost sshd[1156]: message repeated 2 times: [ Failed password for root from 43.255.190.138 port 39466 ssh2]
Apr 11 03:02:41 ovzhost sshd[1156]: Received disconnect from 43.255.190.138: 11:  [preauth]
Apr 11 03:02:41 ovzhost sshd[1156]: PAM 2 more authentication failures; logname= uid=0 euid=0 tty=ssh ruser= rhost=43.255.190.138  user=root
Apr 11 03:02:41 ovzhost sshd[1158]: Failed password for root from 43.255.190.187 port 59762 ssh2
Apr 11 03:02:42 ovzhost sshd[1160]: pam_unix(sshd:auth): authentication failure; logname= uid=0 euid=0 tty=ssh ruser= rhost=43.255.190.138  user=root
Apr 11 03:02:44 ovzhost sshd[1160]: Failed password for root from 43.255.190.138 port 54466 ssh2
Apr 11 03:02:45 ovzhost sshd[1158]: message repeated 2 times: [ Failed password for root from 43.255.190.187 port 59762 ssh2]
Apr 11 03:02:45 ovzhost sshd[1158]: Received disconnect from 43.255.190.187: 11:  [preauth]
Apr 11 03:02:45 ovzhost sshd[1158]: PAM 2 more authentication failures; logname= uid=0 euid=0 tty=ssh ruser= rhost=43.255.190.187  user=root
Apr 11 03:02:47 ovzhost sshd[1162]: pam_unix(sshd:auth): authentication failure; logname= uid=0 euid=0 tty=ssh ruser= rhost=43.255.190.187  user=root
Apr 11 03:02:47 ovzhost sshd[1160]: message repeated 2 times: [ Failed password for root from 43.255.190.138 port 54466 ssh2]
Apr 11 03:02:47 ovzhost sshd[1160]: Received disconnect from 43.255.190.138: 11:  [preauth]
Apr 11 03:02:47 ovzhost sshd[1160]: PAM 2 more authentication failures; logname= uid=0 euid=0 tty=ssh ruser= rhost=43.255.190.138  user=root
Apr 11 03:02:49 ovzhost sshd[1164]: pam_unix(sshd:auth): authentication failure; logname= uid=0 euid=0 tty=ssh ruser= rhost=43.255.190.138  user=root
Apr 11 03:02:49 ovzhost sshd[1162]: Failed password for root from 43.255.190.187 port 47956 ssh2
Apr 11 03:02:50 ovzhost sshd[1164]: Failed password for root from 43.255.190.138 port 41911 ssh2
Apr 11 03:02:53 ovzhost sshd[1162]: message repeated 2 times: [ Failed password for root from 43.255.190.187 port 47956 ssh2]
Apr 11 03:02:53 ovzhost sshd[1162]: Received disconnect from 43.255.190.187: 11:  [preauth]
Apr 11 03:02:53 ovzhost sshd[1162]: PAM 2 more authentication failures; logname= uid=0 euid=0 tty=ssh ruser= rhost=43.255.190.187  user=root
Apr 11 03:02:54 ovzhost sshd[1164]: message repeated 2 times: [ Failed password for root from 43.255.190.138 port 41911 ssh2]
Apr 11 03:02:55 ovzhost sshd[1164]: Received disconnect from 43.255.190.138: 11:  [preauth]
Apr 11 03:02:55 ovzhost sshd[1164]: PAM 2 more authentication failures; logname= uid=0 euid=0 tty=ssh ruser= rhost=43.255.190.138  user=root
Apr 11 03:02:55 ovzhost sshd[1169]: pam_unix(sshd:auth): authentication failure; logname= uid=0 euid=0 tty=ssh ruser= rhost=43.255.190.138  user=root
Apr 11 03:02:58 ovzhost sshd[1167]: pam_unix(sshd:auth): authentication failure; logname= uid=0 euid=0 tty=ssh ruser= rhost=43.255.190.187  user=root
Apr 11 03:02:58 ovzhost sshd[1169]: Failed password for root from 43.255.190.138 port 58333 ssh2
Apr 11 03:03:00 ovzhost sshd[1167]: Failed password for root from 43.255.190.187 port 38680 ssh2
Apr 11 03:03:02 ovzhost sshd[1169]: message repeated 2 times: [ Failed password for root from 43.255.190.138 port 58333 ssh2]
Apr 11 03:03:02 ovzhost sshd[1169]: Received disconnect from 43.255.190.138: 11:  [preauth]
Apr 11 03:03:02 ovzhost sshd[1169]: PAM 2 more authentication failures; logname= uid=0 euid=0 tty=ssh ruser= rhost=43.255.190.138  user=root
Apr 11 03:03:03 ovzhost sshd[1171]: pam_unix(sshd:auth): authentication failure; logname= uid=0 euid=0 tty=ssh ruser= rhost=43.255.190.138  user=root
Apr 11 03:03:04 ovzhost sshd[1167]: message repeated 2 times: [ Failed password for root from 43.255.190.187 port 38680 ssh2]
Apr 11 03:03:04 ovzhost sshd[1167]: Received disconnect from 43.255.190.187: 11:  [preauth]
Apr 11 03:03:04 ovzhost sshd[1167]: PAM 2 more authentication failures; logname= uid=0 euid=0 tty=ssh ruser= rhost=43.255.190.187  user=root
Apr 11 03:03:05 ovzhost sshd[1173]: pam_unix(sshd:auth): authentication failure; logname= uid=0 euid=0 tty=ssh ruser= rhost=43.255.190.187  user=root
Apr 11 03:03:05 ovzhost sshd[1171]: Failed password for root from 43.255.190.138 port 47431 ssh2
Apr 11 03:03:07 ovzhost sshd[1173]: Failed password for root from 43.255.190.187 port 35794 ssh2
Apr 11 03:03:09 ovzhost sshd[1171]: message repeated 2 times: [ Failed password for root from 43.255.190.138 port 47431 ssh2]
Apr 11 03:03:09 ovzhost sshd[1171]: Received disconnect from 43.255.190.138: 11:  [preauth]
Apr 11 03:03:09 ovzhost sshd[1171]: PAM 2 more authentication failures; logname= uid=0 euid=0 tty=ssh ruser= rhost=43.255.190.138  user=root
Apr 11 03:03:10 ovzhost sshd[1175]: pam_unix(sshd:auth): authentication failure; logname= uid=0 euid=0 tty=ssh ruser= rhost=43.255.190.138  user=root
Apr 11 03:03:10 ovzhost sshd[1173]: message repeated 2 times: [ Failed password for root from 43.255.190.187 port 35794 ssh2]
Apr 11 03:03:11 ovzhost sshd[1173]: Received disconnect from 43.255.190.187: 11:  [preauth]
Apr 11 03:03:11 ovzhost sshd[1173]: PAM 2 more authentication failures; logname= uid=0 euid=0 tty=ssh ruser= rhost=43.255.190.187  user=root
Apr 11 03:03:11 ovzhost sshd[1179]: pam_unix(sshd:auth): authentication failure; logname= uid=0 euid=0 tty=ssh ruser= rhost=43.255.190.187  user=root
Apr 11 03:03:12 ovzhost sshd[1175]: Failed password for root from 43.255.190.138 port 36087 ssh2
Apr 11 03:03:13 ovzhost sshd[1179]: Failed password for root from 43.255.190.187 port 52362 ssh2
Apr 11 03:03:16 ovzhost sshd[1175]: message repeated 2 times: [ Failed password for root from 43.255.190.138 port 36087 ssh2]
Apr 11 03:03:16 ovzhost sshd[1175]: Received disconnect from 43.255.190.138: 11:  [preauth]
Apr 11 03:03:16 ovzhost sshd[1175]: PAM 2 more authentication failures; logname= uid=0 euid=0 tty=ssh ruser= rhost=43.255.190.138  user=root
Apr 11 03:03:18 ovzhost sshd[1179]: message repeated 2 times: [ Failed password for root from 43.255.190.187 port 52362 ssh2]
Apr 11 03:03:18 ovzhost sshd[1179]: Received disconnect from 43.255.190.187: 11:  [preauth]
Apr 11 03:03:18 ovzhost sshd[1179]: PAM 2 more authentication failures; logname= uid=0 euid=0 tty=ssh ruser= rhost=43.255.190.187  user=root
Apr 11 03:03:18 ovzhost sshd[1181]: pam_unix(sshd:auth): authentication failure; logname= uid=0 euid=0 tty=ssh ruser= rhost=43.255.190.138  user=root
Apr 11 03:03:19 ovzhost sshd[1183]: pam_unix(sshd:auth): authentication failure; logname= uid=0 euid=0 tty=ssh ruser= rhost=43.255.190.187  user=root
Apr 11 03:03:20 ovzhost sshd[1181]: Failed password for root from 43.255.190.138 port 52461 ssh2
Apr 11 03:03:21 ovzhost sshd[1183]: Failed password for root from 43.255.190.187 port 41334 ssh2
Apr 11 03:03:24 ovzhost sshd[1181]: message repeated 2 times: [ Failed password for root from 43.255.190.138 port 52461 ssh2]
Apr 11 03:03:24 ovzhost sshd[1181]: Received disconnect from 43.255.190.138: 11:  [preauth]
Apr 11 03:03:24 ovzhost sshd[1181]: PAM 2 more authentication failures; logname= uid=0 euid=0 tty=ssh ruser= rhost=43.255.190.138  user=root
Apr 11 03:03:25 ovzhost sshd[1183]: message repeated 2 times: [ Failed password for root from 43.255.190.187 port 41334 ssh2]
Apr 11 03:03:25 ovzhost sshd[1183]: Received disconnect from 43.255.190.187: 11:  [preauth]
Apr 11 03:03:25 ovzhost sshd[1183]: PAM 2 more authentication failures; logname= uid=0 euid=0 tty=ssh ruser= rhost=43.255.190.187  user=root
Apr 11 03:03:25 ovzhost sshd[1185]: pam_unix(sshd:auth): authentication failure; logname= uid=0 euid=0 tty=ssh ruser= rhost=43.255.190.138  user=root
Apr 11 03:03:26 ovzhost sshd[1187]: pam_unix(sshd:auth): authentication failure; logname= uid=0 euid=0 tty=ssh ruser= rhost=43.255.190.187  user=root
Apr 11 03:03:28 ovzhost sshd[1185]: Failed password for root from 43.255.190.138 port 43070 ssh2
Apr 11 03:03:29 ovzhost sshd[1187]: Failed password for root from 43.255.190.187 port 59324 ssh2
Apr 11 03:03:32 ovzhost sshd[1185]: message repeated 2 times: [ Failed password for root from 43.255.190.138 port 43070 ssh2]
Apr 11 03:03:32 ovzhost sshd[1185]: Received disconnect from 43.255.190.138: 11:  [preauth]
Apr 11 03:03:32 ovzhost sshd[1185]: PAM 2 more authentication failures; logname= uid=0 euid=0 tty=ssh ruser= rhost=43.255.190.138  user=root
Apr 11 03:03:33 ovzhost sshd[1187]: message repeated 2 times: [ Failed password for root from 43.255.190.187 port 59324 ssh2]
Apr 11 03:03:33 ovzhost sshd[1187]: Received disconnect from 43.255.190.187: 11:  [preauth]
Apr 11 03:03:33 ovzhost sshd[1187]: PAM 2 more authentication failures; logname= uid=0 euid=0 tty=ssh ruser= rhost=43.255.190.187  user=root
Apr 11 03:03:33 ovzhost sshd[1189]: pam_unix(sshd:auth): authentication failure; logname= uid=0 euid=0 tty=ssh ruser= rhost=43.255.190.138  user=root
Apr 11 03:03:34 ovzhost sshd[1191]: pam_unix(sshd:auth): authentication failure; logname= uid=0 euid=0 tty=ssh ruser= rhost=43.255.190.187  user=root
Apr 11 03:03:34 ovzhost sshd[1189]: Failed password for root from 43.255.190.138 port 33147 ssh2
Apr 11 03:03:36 ovzhost sshd[1191]: Failed password for root from 43.255.190.187 port 51001 ssh2
Apr 11 03:03:39 ovzhost sshd[1189]: message repeated 2 times: [ Failed password for root from 43.255.190.138 port 33147 ssh2]
Apr 11 03:03:39 ovzhost sshd[1189]: Received disconnect from 43.255.190.138: 11:  [preauth]
Apr 11 03:03:39 ovzhost sshd[1189]: PAM 2 more authentication failures; logname= uid=0 euid=0 tty=ssh ruser= rhost=43.255.190.138  user=root
Apr 11 03:03:41 ovzhost sshd[1193]: pam_unix(sshd:auth): authentication failure; logname= uid=0 euid=0 tty=ssh ruser= rhost=43.255.190.138  user=root
Apr 11 03:03:40 ovzhost sshd[1191]: message repeated 2 times: [ Failed password for root from 43.255.190.187 port 51001 ssh2]
Apr 11 03:03:41 ovzhost sshd[1191]: Received disconnect from 43.255.190.187: 11:  [preauth]
Apr 11 03:03:41 ovzhost sshd[1191]: PAM 2 more authentication failures; logname= uid=0 euid=0 tty=ssh ruser= rhost=43.255.190.187  user=root
Apr 11 03:03:42 ovzhost sshd[1195]: pam_unix(sshd:auth): authentication failure; logname= uid=0 euid=0 tty=ssh ruser= rhost=43.255.190.187  user=root
Apr 11 03:03:43 ovzhost sshd[1193]: Failed password for root from 43.255.190.138 port 49725 ssh2
Apr 11 03:03:44 ovzhost sshd[1195]: Failed password for root from 43.255.190.187 port 41263 ssh2
Apr 11 03:03:47 ovzhost sshd[1193]: message repeated 2 times: [ Failed password for root from 43.255.190.138 port 49725 ssh2]
Apr 11 03:03:47 ovzhost sshd[1193]: Received disconnect from 43.255.190.138: 11:  [preauth]
Apr 11 03:03:47 ovzhost sshd[1193]: PAM 2 more authentication failures; logname= uid=0 euid=0 tty=ssh ruser= rhost=43.255.190.138  user=root
Apr 11 03:03:47 ovzhost sshd[1197]: pam_unix(sshd:auth): authentication failure; logname= uid=0 euid=0 tty=ssh ruser= rhost=43.255.190.138  user=root
Apr 11 03:03:48 ovzhost sshd[1195]: message repeated 2 times: [ Failed password for root from 43.255.190.187 port 41263 ssh2]
Apr 11 03:03:49 ovzhost sshd[1195]: Received disconnect from 43.255.190.187: 11:  [preauth]
Apr 11 03:03:49 ovzhost sshd[1195]: PAM 2 more authentication failures; logname= uid=0 euid=0 tty=ssh ruser= rhost=43.255.190.187  user=root
Apr 11 03:03:49 ovzhost sshd[1199]: pam_unix(sshd:auth): authentication failure; logname= uid=0 euid=0 tty=ssh ruser= rhost=43.255.190.187  user=root
Apr 11 03:03:49 ovzhost sshd[1197]: Failed password for root from 43.255.190.138 port 40399 ssh2
Apr 11 03:03:52 ovzhost sshd[1199]: Failed password for root from 43.255.190.187 port 32899 ssh2
Apr 11 03:03:54 ovzhost sshd[1197]: message repeated 2 times: [ Failed password for root from 43.255.190.138 port 40399 ssh2]
Apr 11 03:03:54 ovzhost sshd[1197]: Received disconnect from 43.255.190.138: 11:  [preauth]
Apr 11 03:03:54 ovzhost sshd[1197]: PAM 2 more authentication failures; logname= uid=0 euid=0 tty=ssh ruser= rhost=43.255.190.138  user=root
Apr 11 03:03:56 ovzhost sshd[1205]: pam_unix(sshd:auth): authentication failure; logname= uid=0 euid=0 tty=ssh ruser= rhost=43.255.190.138  user=root
Apr 11 03:03:56 ovzhost sshd[1199]: message repeated 2 times: [ Failed password for root from 43.255.190.187 port 32899 ssh2]
Apr 11 03:03:56 ovzhost sshd[1199]: Received disconnect from 43.255.190.187: 11:  [preauth]
Apr 11 03:03:56 ovzhost sshd[1199]: PAM 2 more authentication failures; logname= uid=0 euid=0 tty=ssh ruser= rhost=43.255.190.187  user=root
Apr 11 03:03:58 ovzhost sshd[1207]: pam_unix(sshd:auth): authentication failure; logname= uid=0 euid=0 tty=ssh ruser= rhost=43.255.190.187  user=root
Apr 11 03:03:58 ovzhost sshd[1205]: Failed password for root from 43.255.190.138 port 58527 ssh2
Apr 11 03:03:59 ovzhost sshd[1207]: Failed password for root from 43.255.190.187 port 51407 ssh2
Apr 11 03:04:03 ovzhost sshd[1205]: message repeated 2 times: [ Failed password for root from 43.255.190.138 port 58527 ssh2]
Apr 11 03:04:03 ovzhost sshd[1205]: Received disconnect from 43.255.190.138: 11:  [preauth]
Apr 11 03:04:03 ovzhost sshd[1205]: PAM 2 more authentication failures; logname= uid=0 euid=0 tty=ssh ruser= rhost=43.255.190.138  user=root
Apr 11 03:04:04 ovzhost sshd[1209]: pam_unix(sshd:auth): authentication failure; logname= uid=0 euid=0 tty=ssh ruser= rhost=43.255.190.138  user=root
Apr 11 03:04:05 ovzhost sshd[1207]: message repeated 2 times: [ Failed password for root from 43.255.190.187 port 51407 ssh2]
Apr 11 03:04:05 ovzhost sshd[1207]: Received disconnect from 43.255.190.187: 11:  [preauth]
Apr 11 03:04:05 ovzhost sshd[1207]: PAM 2 more authentication failures; logname= uid=0 euid=0 tty=ssh ruser= rhost=43.255.190.187  user=root
Apr 11 03:04:06 ovzhost sshd[1211]: pam_unix(sshd:auth): authentication failure; logname= uid=0 euid=0 tty=ssh ruser= rhost=43.255.190.187  user=root
Apr 11 03:04:06 ovzhost sshd[1209]: Failed password for root from 43.255.190.138 port 51562 ssh2
Apr 11 03:04:08 ovzhost sshd[1211]: Failed password for root from 43.255.190.187 port 46332 ssh2
Apr 11 03:04:11 ovzhost sshd[1209]: message repeated 2 times: [ Failed password for root from 43.255.190.138 port 51562 ssh2]
Apr 11 03:04:11 ovzhost sshd[1209]: Received disconnect from 43.255.190.138: 11:  [preauth]
Apr 11 03:04:11 ovzhost sshd[1209]: PAM 2 more authentication failures; logname= uid=0 euid=0 tty=ssh ruser= rhost=43.255.190.138  user=root
Apr 11 03:04:12 ovzhost sshd[1213]: pam_unix(sshd:auth): authentication failure; logname= uid=0 euid=0 tty=ssh ruser= rhost=43.255.190.138  user=root
Apr 11 03:04:13 ovzhost sshd[1211]: message repeated 2 times: [ Failed password for root from 43.255.190.187 port 46332 ssh2]
Apr 11 03:04:13 ovzhost sshd[1211]: Received disconnect from 43.255.190.187: 11:  [preauth]
Apr 11 03:04:13 ovzhost sshd[1211]: PAM 2 more authentication failures; logname= uid=0 euid=0 tty=ssh ruser= rhost=43.255.190.187  user=root
Apr 11 03:04:14 ovzhost sshd[1213]: Failed password for root from 43.255.190.138 port 43153 ssh2
Apr 11 03:04:16 ovzhost sshd[1215]: pam_unix(sshd:auth): authentication failure; logname= uid=0 euid=0 tty=ssh ruser= rhost=43.255.190.187  user=root
Apr 11 03:04:17 ovzhost sshd[1215]: Failed password for root from 43.255.190.187 port 38394 ssh2
Apr 11 03:04:18 ovzhost sshd[1213]: message repeated 2 times: [ Failed password for root from 43.255.190.138 port 43153 ssh2]
Apr 11 03:04:18 ovzhost sshd[1213]: Received disconnect from 43.255.190.138: 11:  [preauth]
Apr 11 03:04:18 ovzhost sshd[1213]: PAM 2 more authentication failures; logname= uid=0 euid=0 tty=ssh ruser= rhost=43.255.190.138  user=root
Apr 11 03:04:19 ovzhost sshd[1217]: pam_unix(sshd:auth): authentication failure; logname= uid=0 euid=0 tty=ssh ruser= rhost=43.255.190.138  user=root
Apr 11 03:04:21 ovzhost sshd[1217]: Failed password for root from 43.255.190.138 port 59762 ssh2
Apr 11 03:04:22 ovzhost sshd[1215]: message repeated 2 times: [ Failed password for root from 43.255.190.187 port 38394 ssh2]
Apr 11 03:04:22 ovzhost sshd[1215]: Received disconnect from 43.255.190.187: 11:  [preauth]
Apr 11 03:04:22 ovzhost sshd[1215]: PAM 2 more authentication failures; logname= uid=0 euid=0 tty=ssh ruser= rhost=43.255.190.187  user=root
Apr 11 03:04:23 ovzhost sshd[1219]: pam_unix(sshd:auth): authentication failure; logname= uid=0 euid=0 tty=ssh ruser= rhost=43.255.190.187  user=root
Apr 11 03:04:25 ovzhost sshd[1219]: Failed password for root from 43.255.190.187 port 33960 ssh2
Apr 11 03:04:25 ovzhost sshd[1217]: message repeated 2 times: [ Failed password for root from 43.255.190.138 port 59762 ssh2]
Apr 11 03:04:26 ovzhost sshd[1217]: Received disconnect from 43.255.190.138: 11:  [preauth]
Apr 11 03:04:26 ovzhost sshd[1217]: PAM 2 more authentication failures; logname= uid=0 euid=0 tty=ssh ruser= rhost=43.255.190.138  user=root
Apr 11 03:04:27 ovzhost sshd[1221]: pam_unix(sshd:auth): authentication failure; logname= uid=0 euid=0 tty=ssh ruser= rhost=43.255.190.138  user=root
Apr 11 03:04:28 ovzhost sshd[1221]: Failed password for root from 43.255.190.138 port 50819 ssh2
Apr 11 03:04:29 ovzhost sshd[1219]: message repeated 2 times: [ Failed password for root from 43.255.190.187 port 33960 ssh2]
Apr 11 03:04:29 ovzhost sshd[1219]: Received disconnect from 43.255.190.187: 11:  [preauth]
Apr 11 03:04:29 ovzhost sshd[1219]: PAM 2 more authentication failures; logname= uid=0 euid=0 tty=ssh ruser= rhost=43.255.190.187  user=root
Apr 11 03:04:31 ovzhost sshd[1223]: pam_unix(sshd:auth): authentication failure; logname= uid=0 euid=0 tty=ssh ruser= rhost=43.255.190.187  user=root
Apr 11 03:04:33 ovzhost sshd[1223]: Failed password for root from 43.255.190.187 port 51839 ssh2
Apr 11 03:04:33 ovzhost sshd[1221]: message repeated 2 times: [ Failed password for root from 43.255.190.138 port 50819 ssh2]
Apr 11 03:04:34 ovzhost sshd[1221]: Received disconnect from 43.255.190.138: 11:  [preauth]
Apr 11 03:04:34 ovzhost sshd[1221]: PAM 2 more authentication failures; logname= uid=0 euid=0 tty=ssh ruser= rhost=43.255.190.138  user=root
Apr 11 03:04:35 ovzhost sshd[1225]: pam_unix(sshd:auth): authentication failure; logname= uid=0 euid=0 tty=ssh ruser= rhost=43.255.190.138  user=root
Apr 11 03:04:37 ovzhost sshd[1225]: Failed password for root from 43.255.190.138 port 42308 ssh2
Apr 11 03:04:37 ovzhost sshd[1223]: message repeated 2 times: [ Failed password for root from 43.255.190.187 port 51839 ssh2]
Apr 11 03:04:37 ovzhost sshd[1223]: Received disconnect from 43.255.190.187: 11:  [preauth]
Apr 11 03:04:37 ovzhost sshd[1223]: PAM 2 more authentication failures; logname= uid=0 euid=0 tty=ssh ruser= rhost=43.255.190.187  user=root
Apr 11 03:04:38 ovzhost sshd[1227]: pam_unix(sshd:auth): authentication failure; logname= uid=0 euid=0 tty=ssh ruser= rhost=43.255.190.187  user=root
Apr 11 03:04:41 ovzhost sshd[1227]: Failed password for root from 43.255.190.187 port 44360 ssh2
Apr 11 03:04:41 ovzhost sshd[1225]: message repeated 2 times: [ Failed password for root from 43.255.190.138 port 42308 ssh2]
Apr 11 03:04:41 ovzhost sshd[1225]: Received disconnect from 43.255.190.138: 11:  [preauth]
Apr 11 03:04:41 ovzhost sshd[1225]: PAM 2 more authentication failures; logname= uid=0 euid=0 tty=ssh ruser= rhost=43.255.190.138  user=root
Apr 11 03:04:42 ovzhost sshd[1229]: pam_unix(sshd:auth): authentication failure; logname= uid=0 euid=0 tty=ssh ruser= rhost=43.255.190.138  user=root
Apr 11 03:04:45 ovzhost sshd[1229]: Failed password for root from 43.255.190.138 port 33351 ssh2
Apr 11 03:04:45 ovzhost sshd[1227]: message repeated 2 times: [ Failed password for root from 43.255.190.187 port 44360 ssh2]
Apr 11 03:04:46 ovzhost sshd[1227]: Received disconnect from 43.255.190.187: 11:  [preauth]
Apr 11 03:04:46 ovzhost sshd[1227]: PAM 2 more authentication failures; logname= uid=0 euid=0 tty=ssh ruser= rhost=43.255.190.187  user=root
Apr 11 03:04:47 ovzhost sshd[1231]: pam_unix(sshd:auth): authentication failure; logname= uid=0 euid=0 tty=ssh ruser= rhost=43.255.190.187  user=root
Apr 11 03:04:49 ovzhost sshd[1231]: Failed password for root from 43.255.190.187 port 36167 ssh2
Apr 11 03:04:49 ovzhost sshd[1229]: message repeated 2 times: [ Failed password for root from 43.255.190.138 port 33351 ssh2]
Apr 11 03:04:50 ovzhost sshd[1229]: Received disconnect from 43.255.190.138: 11:  [preauth]
Apr 11 03:04:50 ovzhost sshd[1229]: PAM 2 more authentication failures; logname= uid=0 euid=0 tty=ssh ruser= rhost=43.255.190.138  user=root
Apr 11 03:04:51 ovzhost sshd[1233]: pam_unix(sshd:auth): authentication failure; logname= uid=0 euid=0 tty=ssh ruser= rhost=43.255.190.138  user=root
Apr 11 03:04:53 ovzhost sshd[1233]: Failed password for root from 43.255.190.138 port 52954 ssh2
Apr 11 03:04:53 ovzhost sshd[1231]: message repeated 2 times: [ Failed password for root from 43.255.190.187 port 36167 ssh2]
Apr 11 03:04:54 ovzhost sshd[1231]: Received disconnect from 43.255.190.187: 11:  [preauth]
Apr 11 03:04:54 ovzhost sshd[1231]: PAM 2 more authentication failures; logname= uid=0 euid=0 tty=ssh ruser= rhost=43.255.190.187  user=root
Apr 11 03:04:54 ovzhost sshd[1235]: pam_unix(sshd:auth): authentication failure; logname= uid=0 euid=0 tty=ssh ruser= rhost=43.255.190.187  user=root
Apr 11 03:04:57 ovzhost sshd[1235]: Failed password for root from 43.255.190.187 port 55525 ssh2
Apr 11 03:04:57 ovzhost sshd[1233]: message repeated 2 times: [ Failed password for root from 43.255.190.138 port 52954 ssh2]
Apr 11 03:04:57 ovzhost sshd[1233]: Received disconnect from 43.255.190.138: 11:  [preauth]
Apr 11 03:04:57 ovzhost sshd[1233]: PAM 2 more authentication failures; logname= uid=0 euid=0 tty=ssh ruser= rhost=43.255.190.138  user=root
Apr 11 03:04:58 ovzhost sshd[1238]: pam_unix(sshd:auth): authentication failure; logname= uid=0 euid=0 tty=ssh ruser= rhost=43.255.190.138  user=root
Apr 11 03:05:00 ovzhost sshd[1238]: Failed password for root from 43.255.190.138 port 47119 ssh2
Apr 11 03:05:01 ovzhost sshd[1235]: message repeated 2 times: [ Failed password for root from 43.255.190.187 port 55525 ssh2]
Apr 11 03:05:01 ovzhost sshd[1235]: Received disconnect from 43.255.190.187: 11:  [preauth]
Apr 11 03:05:01 ovzhost sshd[1235]: PAM 2 more authentication failures; logname= uid=0 euid=0 tty=ssh ruser= rhost=43.255.190.187  user=root
Apr 11 03:05:02 ovzhost sshd[1240]: pam_unix(sshd:auth): authentication failure; logname= uid=0 euid=0 tty=ssh ruser= rhost=43.255.190.187  user=root
Apr 11 03:05:05 ovzhost sshd[1240]: Failed password for root from 43.255.190.187 port 45662 ssh2
Apr 11 03:05:05 ovzhost sshd[1238]: message repeated 2 times: [ Failed password for root from 43.255.190.138 port 47119 ssh2]
Apr 11 03:05:05 ovzhost sshd[1238]: Received disconnect from 43.255.190.138: 11:  [preauth]
Apr 11 03:05:05 ovzhost sshd[1238]: PAM 2 more authentication failures; logname= uid=0 euid=0 tty=ssh ruser= rhost=43.255.190.138  user=root
Apr 11 03:05:06 ovzhost sshd[1242]: pam_unix(sshd:auth): authentication failure; logname= uid=0 euid=0 tty=ssh ruser= rhost=43.255.190.138  user=root
Apr 11 03:05:08 ovzhost sshd[1242]: Failed password for root from 43.255.190.138 port 39154 ssh2
Apr 11 03:05:09 ovzhost sshd[1240]: message repeated 2 times: [ Failed password for root from 43.255.190.187 port 45662 ssh2]
Apr 11 03:05:09 ovzhost sshd[1240]: Received disconnect from 43.255.190.187: 11:  [preauth]
Apr 11 03:05:09 ovzhost sshd[1240]: PAM 2 more authentication failures; logname= uid=0 euid=0 tty=ssh ruser= rhost=43.255.190.187  user=root
Apr 11 03:05:11 ovzhost sshd[1244]: pam_unix(sshd:auth): authentication failure; logname= uid=0 euid=0 tty=ssh ruser= rhost=43.255.190.187  user=root
Apr 11 03:05:12 ovzhost sshd[1244]: Failed password for root from 43.255.190.187 port 36892 ssh2
Apr 11 03:05:13 ovzhost sshd[1242]: message repeated 2 times: [ Failed password for root from 43.255.190.138 port 39154 ssh2]
Apr 11 03:05:14 ovzhost sshd[1242]: Received disconnect from 43.255.190.138: 11:  [preauth]
Apr 11 03:05:14 ovzhost sshd[1242]: PAM 2 more authentication failures; logname= uid=0 euid=0 tty=ssh ruser= rhost=43.255.190.138  user=root
Apr 11 03:05:15 ovzhost sshd[1246]: pam_unix(sshd:auth): authentication failure; logname= uid=0 euid=0 tty=ssh ruser= rhost=43.255.190.138  user=root
Apr 11 03:05:17 ovzhost sshd[1246]: Failed password for root from 43.255.190.138 port 60763 ssh2
Apr 11 03:05:17 ovzhost sshd[1244]: message repeated 2 times: [ Failed password for root from 43.255.190.187 port 36892 ssh2]
Apr 11 03:05:18 ovzhost sshd[1244]: Received disconnect from 43.255.190.187: 11:  [preauth]
Apr 11 03:05:18 ovzhost sshd[1244]: PAM 2 more authentication failures; logname= uid=0 euid=0 tty=ssh ruser= rhost=43.255.190.187  user=root
Apr 11 03:05:19 ovzhost sshd[1248]: pam_unix(sshd:auth): authentication failure; logname= uid=0 euid=0 tty=ssh ruser= rhost=43.255.190.187  user=root
Apr 11 03:05:21 ovzhost sshd[1248]: Failed password for root from 43.255.190.187 port 57681 ssh2
Apr 11 03:05:22 ovzhost sshd[1246]: message repeated 2 times: [ Failed password for root from 43.255.190.138 port 60763 ssh2]
Apr 11 03:05:23 ovzhost sshd[1246]: Received disconnect from 43.255.190.138: 11:  [preauth]
Apr 11 03:05:23 ovzhost sshd[1246]: PAM 2 more authentication failures; logname= uid=0 euid=0 tty=ssh ruser= rhost=43.255.190.138  user=root
Apr 11 03:05:24 ovzhost sshd[1250]: pam_unix(sshd:auth): authentication failure; logname= uid=0 euid=0 tty=ssh ruser= rhost=43.255.190.138  user=root
Apr 11 03:05:26 ovzhost sshd[1248]: message repeated 2 times: [ Failed password for root from 43.255.190.187 port 57681 ssh2]
Apr 11 03:05:26 ovzhost sshd[1248]: Received disconnect from 43.255.190.187: 11:  [preauth]
Apr 11 03:05:26 ovzhost sshd[1248]: PAM 2 more authentication failures; logname= uid=0 euid=0 tty=ssh ruser= rhost=43.255.190.187  user=root
Apr 11 03:05:27 ovzhost sshd[1250]: Failed password for root from 43.255.190.138 port 55558 ssh2
Apr 11 03:05:28 ovzhost sshd[1252]: pam_unix(sshd:auth): authentication failure; logname= uid=0 euid=0 tty=ssh ruser= rhost=43.255.190.187  user=root
Apr 11 03:05:30 ovzhost sshd[1252]: Failed password for root from 43.255.190.187 port 48156 ssh2
Apr 11 03:05:31 ovzhost sshd[1250]: message repeated 2 times: [ Failed password for root from 43.255.190.138 port 55558 ssh2]
Apr 11 03:05:31 ovzhost sshd[1250]: Received disconnect from 43.255.190.138: 11:  [preauth]
Apr 11 03:05:31 ovzhost sshd[1250]: PAM 2 more authentication failures; logname= uid=0 euid=0 tty=ssh ruser= rhost=43.255.190.138  user=root
Apr 11 03:05:32 ovzhost sshd[1254]: pam_unix(sshd:auth): authentication failure; logname= uid=0 euid=0 tty=ssh ruser= rhost=43.255.190.138  user=root
Apr 11 03:05:35 ovzhost sshd[1254]: Failed password for root from 43.255.190.138 port 45430 ssh2
Apr 11 03:05:35 ovzhost sshd[1252]: message repeated 2 times: [ Failed password for root from 43.255.190.187 port 48156 ssh2]
Apr 11 03:05:35 ovzhost sshd[1252]: Received disconnect from 43.255.190.187: 11:  [preauth]
Apr 11 03:05:35 ovzhost sshd[1252]: PAM 2 more authentication failures; logname= uid=0 euid=0 tty=ssh ruser= rhost=43.255.190.187  user=root
Apr 11 03:05:36 ovzhost sshd[1256]: pam_unix(sshd:auth): authentication failure; logname= uid=0 euid=0 tty=ssh ruser= rhost=43.255.190.187  user=root
Apr 11 03:05:38 ovzhost sshd[1256]: Failed password for root from 43.255.190.187 port 40890 ssh2
Apr 11 03:05:39 ovzhost sshd[1254]: message repeated 2 times: [ Failed password for root from 43.255.190.138 port 45430 ssh2]
Apr 11 03:05:39 ovzhost sshd[1254]: Received disconnect from 43.255.190.138: 11:  [preauth]
Apr 11 03:05:39 ovzhost sshd[1254]: PAM 2 more authentication failures; logname= uid=0 euid=0 tty=ssh ruser= rhost=43.255.190.138  user=root
Apr 11 03:05:41 ovzhost sshd[1258]: pam_unix(sshd:auth): authentication failure; logname= uid=0 euid=0 tty=ssh ruser= rhost=43.255.190.138  user=root
Apr 11 03:05:43 ovzhost sshd[1258]: Failed password for root from 43.255.190.138 port 36146 ssh2
Apr 11 03:05:43 ovzhost sshd[1256]: message repeated 2 times: [ Failed password for root from 43.255.190.187 port 40890 ssh2]
Apr 11 03:05:43 ovzhost sshd[1256]: Received disconnect from 43.255.190.187: 11:  [preauth]
Apr 11 03:05:43 ovzhost sshd[1256]: PAM 2 more authentication failures; logname= uid=0 euid=0 tty=ssh ruser= rhost=43.255.190.187  user=root
Apr 11 03:05:45 ovzhost sshd[1260]: pam_unix(sshd:auth): authentication failure; logname= uid=0 euid=0 tty=ssh ruser= rhost=43.255.190.187  user=root
Apr 11 03:05:47 ovzhost sshd[1260]: Failed password for root from 43.255.190.187 port 59439 ssh2
Apr 11 03:05:47 ovzhost sshd[1258]: message repeated 2 times: [ Failed password for root from 43.255.190.138 port 36146 ssh2]
Apr 11 03:05:47 ovzhost sshd[1258]: Received disconnect from 43.255.190.138: 11:  [preauth]
Apr 11 03:05:47 ovzhost sshd[1258]: PAM 2 more authentication failures; logname= uid=0 euid=0 tty=ssh ruser= rhost=43.255.190.138  user=root
Apr 11 03:05:48 ovzhost sshd[1262]: pam_unix(sshd:auth): authentication failure; logname= uid=0 euid=0 tty=ssh ruser= rhost=43.255.190.138  user=root
Apr 11 03:05:51 ovzhost sshd[1262]: Failed password for root from 43.255.190.138 port 55680 ssh2
Apr 11 03:05:51 ovzhost sshd[1260]: message repeated 2 times: [ Failed password for root from 43.255.190.187 port 59439 ssh2]
Apr 11 03:05:51 ovzhost sshd[1260]: Received disconnect from 43.255.190.187: 11:  [preauth]
Apr 11 03:05:51 ovzhost sshd[1260]: PAM 2 more authentication failures; logname= uid=0 euid=0 tty=ssh ruser= rhost=43.255.190.187  user=root
Apr 11 03:05:52 ovzhost sshd[1264]: pam_unix(sshd:auth): authentication failure; logname= uid=0 euid=0 tty=ssh ruser= rhost=43.255.190.187  user=root
Apr 11 03:05:54 ovzhost sshd[1264]: Failed password for root from 43.255.190.187 port 49188 ssh2
Apr 11 03:05:56 ovzhost sshd[1262]: message repeated 2 times: [ Failed password for root from 43.255.190.138 port 55680 ssh2]
Apr 11 03:05:56 ovzhost sshd[1262]: Received disconnect from 43.255.190.138: 11:  [preauth]
Apr 11 03:05:56 ovzhost sshd[1262]: PAM 2 more authentication failures; logname= uid=0 euid=0 tty=ssh ruser= rhost=43.255.190.138  user=root
Apr 11 03:05:58 ovzhost sshd[1266]: pam_unix(sshd:auth): authentication failure; logname= uid=0 euid=0 tty=ssh ruser= rhost=43.255.190.138  user=root
Apr 11 03:05:59 ovzhost sshd[1264]: message repeated 2 times: [ Failed password for root from 43.255.190.187 port 49188 ssh2]
Apr 11 03:05:59 ovzhost sshd[1264]: Received disconnect from 43.255.190.187: 11:  [preauth]
Apr 11 03:05:59 ovzhost sshd[1264]: PAM 2 more authentication failures; logname= uid=0 euid=0 tty=ssh ruser= rhost=43.255.190.187  user=root
Apr 11 03:05:59 ovzhost sshd[1268]: Invalid user word from 221.146.74.146
Apr 11 03:05:59 ovzhost sshd[1268]: input_userauth_request: invalid user word [preauth]
Apr 11 03:05:59 ovzhost sshd[1268]: pam_unix(sshd:auth): check pass; user unknown
Apr 11 03:05:59 ovzhost sshd[1268]: pam_unix(sshd:auth): authentication failure; logname= uid=0 euid=0 tty=ssh ruser= rhost=221.146.74.146 
Apr 11 03:06:00 ovzhost sshd[1266]: Failed password for root from 43.255.190.138 port 47849 ssh2
Apr 11 03:06:01 ovzhost sshd[1272]: pam_unix(sshd:auth): authentication failure; logname= uid=0 euid=0 tty=ssh ruser= rhost=43.255.190.187  user=root
Apr 11 03:06:01 ovzhost sshd[1268]: Failed password for invalid user word from 221.146.74.146 port 60356 ssh2
Apr 11 03:06:02 ovzhost sshd[1268]: Connection closed by 221.146.74.146 [preauth]
Apr 11 03:06:03 ovzhost sshd[1272]: Failed password for root from 43.255.190.187 port 37952 ssh2
Apr 11 03:06:05 ovzhost sshd[1266]: message repeated 2 times: [ Failed password for root from 43.255.190.138 port 47849 ssh2]
Apr 11 03:06:05 ovzhost sshd[1266]: Received disconnect from 43.255.190.138: 11:  [preauth]
Apr 11 03:06:05 ovzhost sshd[1266]: PAM 2 more authentication failures; logname= uid=0 euid=0 tty=ssh ruser= rhost=43.255.190.138  user=root
Apr 11 03:06:07 ovzhost sshd[1272]: message repeated 2 times: [ Failed password for root from 43.255.190.187 port 37952 ssh2]
Apr 11 03:06:07 ovzhost sshd[1272]: Received disconnect from 43.255.190.187: 11:  [preauth]
Apr 11 03:06:07 ovzhost sshd[1272]: PAM 2 more authentication failures; logname= uid=0 euid=0 tty=ssh ruser= rhost=43.255.190.187  user=root
Apr 11 03:06:08 ovzhost sshd[1274]: pam_unix(sshd:auth): authentication failure; logname= uid=0 euid=0 tty=ssh ruser= rhost=43.255.190.187  user=root
Apr 11 03:06:10 ovzhost sshd[1274]: Failed password for root from 43.255.190.187 port 57117 ssh2
Apr 11 03:06:15 ovzhost sshd[1274]: message repeated 2 times: [ Failed password for root from 43.255.190.187 port 57117 ssh2]
Apr 11 03:06:15 ovzhost sshd[1274]: Received disconnect from 43.255.190.187: 11:  [preauth]
Apr 11 03:06:15 ovzhost sshd[1274]: PAM 2 more authentication failures; logname= uid=0 euid=0 tty=ssh ruser= rhost=43.255.190.187  user=root
Apr 11 03:06:17 ovzhost sshd[1276]: pam_unix(sshd:auth): authentication failure; logname= uid=0 euid=0 tty=ssh ruser= rhost=43.255.190.187  user=root
Apr 11 03:06:19 ovzhost sshd[1276]: Failed password for root from 43.255.190.187 port 46229 ssh2
Apr 11 03:06:23 ovzhost sshd[1276]: message repeated 2 times: [ Failed password for root from 43.255.190.187 port 46229 ssh2]
Apr 11 03:06:23 ovzhost sshd[1276]: Received disconnect from 43.255.190.187: 11:  [preauth]
Apr 11 03:06:23 ovzhost sshd[1276]: PAM 2 more authentication failures; logname= uid=0 euid=0 tty=ssh ruser= rhost=43.255.190.187  user=root
Apr 11 03:07:28 ovzhost sshd[1286]: Connection closed by 127.0.0.1 [preauth]
Apr 11 03:09:01 ovzhost CRON[1297]: pam_env(cron:session): Unable to open env file: /etc/default/locale: No such file or directory
Apr 11 03:09:01 ovzhost CRON[1298]: pam_env(cron:session): Unable to open env file: /etc/default/locale: No such file or directory
Apr 11 03:09:01 ovzhost CRON[1297]: pam_unix(cron:session): session opened for user root by (uid=0)
Apr 11 03:09:01 ovzhost CRON[1298]: pam_unix(cron:session): session opened for user root by (uid=0)
Apr 11 03:09:01 ovzhost CRON[1297]: pam_unix(cron:session): session closed for user root
Apr 11 03:09:01 ovzhost CRON[1298]: pam_unix(cron:session): session closed for user root
Apr 11 03:10:26 ovzhost sshd[1314]: Connection closed by 128.8.37.104 [preauth]
Apr 11 03:12:28 ovzhost sshd[1325]: Connection closed by 127.0.0.1 [preauth]
Apr 11 03:12:54 ovzhost sshd[1327]: pam_unix(sshd:auth): authentication failure; logname= uid=0 euid=0 tty=ssh ruser= rhost=58.218.201.19  user=root
Apr 11 03:12:56 ovzhost sshd[1327]: Failed password for root from 58.218.201.19 port 52924 ssh2
Apr 11 03:13:00 ovzhost sshd[1327]: message repeated 2 times: [ Failed password for root from 58.218.201.19 port 52924 ssh2]
Apr 11 03:13:01 ovzhost sshd[1327]: Received disconnect from 58.218.201.19: 11:  [preauth]
Apr 11 03:13:01 ovzhost sshd[1327]: PAM 2 more authentication failures; logname= uid=0 euid=0 tty=ssh ruser= rhost=58.218.201.19  user=root
Apr 11 03:13:03 ovzhost sshd[1330]: pam_unix(sshd:auth): authentication failure; logname= uid=0 euid=0 tty=ssh ruser= rhost=58.218.201.19  user=root
Apr 11 03:13:05 ovzhost sshd[1330]: Failed password for root from 58.218.201.19 port 60192 ssh2
Apr 11 03:13:09 ovzhost sshd[1330]: message repeated 2 times: [ Failed password for root from 58.218.201.19 port 60192 ssh2]
Apr 11 03:13:10 ovzhost sshd[1330]: Received disconnect from 58.218.201.19: 11:  [preauth]
Apr 11 03:13:10 ovzhost sshd[1330]: PAM 2 more authentication failures; logname= uid=0 euid=0 tty=ssh ruser= rhost=58.218.201.19  user=root
Apr 11 03:13:12 ovzhost sshd[1332]: pam_unix(sshd:auth): authentication failure; logname= uid=0 euid=0 tty=ssh ruser= rhost=58.218.201.19  user=root
Apr 11 03:13:14 ovzhost sshd[1332]: Failed password for root from 58.218.201.19 port 38874 ssh2
Apr 11 03:13:19 ovzhost sshd[1332]: message repeated 2 times: [ Failed password for root from 58.218.201.19 port 38874 ssh2]
Apr 11 03:13:20 ovzhost sshd[1332]: Received disconnect from 58.218.201.19: 11:  [preauth]
Apr 11 03:13:20 ovzhost sshd[1332]: PAM 2 more authentication failures; logname= uid=0 euid=0 tty=ssh ruser= rhost=58.218.201.19  user=root
Apr 11 03:13:22 ovzhost sshd[1336]: pam_unix(sshd:auth): authentication failure; logname= uid=0 euid=0 tty=ssh ruser= rhost=58.218.201.19  user=root
Apr 11 03:13:23 ovzhost sshd[1336]: Failed password for root from 58.218.201.19 port 47017 ssh2
Apr 11 03:13:28 ovzhost sshd[1336]: message repeated 2 times: [ Failed password for root from 58.218.201.19 port 47017 ssh2]
Apr 11 03:13:29 ovzhost sshd[1336]: Received disconnect from 58.218.201.19: 11:  [preauth]
Apr 11 03:13:29 ovzhost sshd[1336]: PAM 2 more authentication failures; logname= uid=0 euid=0 tty=ssh ruser= rhost=58.218.201.19  user=root
Apr 11 03:13:31 ovzhost sshd[1338]: pam_unix(sshd:auth): authentication failure; logname= uid=0 euid=0 tty=ssh ruser= rhost=58.218.201.19  user=root
Apr 11 03:13:33 ovzhost sshd[1338]: Failed password for root from 58.218.201.19 port 54664 ssh2
Apr 11 03:13:36 ovzhost sshd[1338]: message repeated 2 times: [ Failed password for root from 58.218.201.19 port 54664 ssh2]
Apr 11 03:13:37 ovzhost sshd[1338]: Received disconnect from 58.218.201.19: 11:  [preauth]
Apr 11 03:13:37 ovzhost sshd[1338]: PAM 2 more authentication failures; logname= uid=0 euid=0 tty=ssh ruser= rhost=58.218.201.19  user=root
Apr 11 03:13:39 ovzhost sshd[1340]: pam_unix(sshd:auth): authentication failure; logname= uid=0 euid=0 tty=ssh ruser= rhost=58.218.201.19  user=root
Apr 11 03:13:41 ovzhost sshd[1340]: Failed password for root from 58.218.201.19 port 60814 ssh2
Apr 11 03:13:45 ovzhost sshd[1340]: message repeated 2 times: [ Failed password for root from 58.218.201.19 port 60814 ssh2]
Apr 11 03:13:45 ovzhost sshd[1340]: Received disconnect from 58.218.201.19: 11:  [preauth]
Apr 11 03:13:45 ovzhost sshd[1340]: PAM 2 more authentication failures; logname= uid=0 euid=0 tty=ssh ruser= rhost=58.218.201.19  user=root
Apr 11 03:13:48 ovzhost sshd[1342]: pam_unix(sshd:auth): authentication failure; logname= uid=0 euid=0 tty=ssh ruser= rhost=58.218.201.19  user=root
Apr 11 03:13:50 ovzhost sshd[1342]: Failed password for root from 58.218.201.19 port 39659 ssh2
Apr 11 03:13:55 ovzhost sshd[1342]: message repeated 2 times: [ Failed password for root from 58.218.201.19 port 39659 ssh2]
Apr 11 03:13:55 ovzhost sshd[1342]: Received disconnect from 58.218.201.19: 11:  [preauth]
Apr 11 03:13:55 ovzhost sshd[1342]: PAM 2 more authentication failures; logname= uid=0 euid=0 tty=ssh ruser= rhost=58.218.201.19  user=root
Apr 11 03:13:57 ovzhost sshd[1348]: pam_unix(sshd:auth): authentication failure; logname= uid=0 euid=0 tty=ssh ruser= rhost=58.218.201.19  user=root
Apr 11 03:13:58 ovzhost sshd[1348]: Failed password for root from 58.218.201.19 port 47281 ssh2
Apr 11 03:14:03 ovzhost sshd[1348]: message repeated 2 times: [ Failed password for root from 58.218.201.19 port 47281 ssh2]
Apr 11 03:14:04 ovzhost sshd[1348]: Received disconnect from 58.218.201.19: 11:  [preauth]
Apr 11 03:14:04 ovzhost sshd[1348]: PAM 2 more authentication failures; logname= uid=0 euid=0 tty=ssh ruser= rhost=58.218.201.19  user=root
