Mar 31 17:16:56 ovzhost sudo:     root : unable to resolve host ovzhost
Mar 31 17:16:56 ovzhost sudo:     root : TTY=pts/0 ; PWD=/ ; USER=root ; COMMAND=/usr/bin/less /root/.bash_history
Mar 31 17:16:56 ovzhost sudo: pam_unix(sudo:session): session opened for user root by (uid=0)
Mar 31 17:16:57 ovzhost sudo: pam_unix(sudo:session): session closed for user root
Apr  2 14:31:13 ovzhost sshd[419]: Server listening on 0.0.0.0 port 22.
Apr  2 14:31:13 ovzhost sshd[419]: Server listening on :: port 22.
Apr  2 14:31:13 ovzhost saslauthd[637]: detach_tty      : master pid is: 637
Apr  2 14:31:13 ovzhost saslauthd[637]: ipc_init        : listening on socket: /var/run/saslauthd/mux
Apr  2 14:33:26 ovzhost sshd[797]: Connection closed by 127.0.0.1 [preauth]
Apr 11 02:37:28 ovzhost sshd[784]: Connection closed by 127.0.0.1 [preauth]
Apr 11 02:39:01 ovzhost CRON[795]: pam_env(cron:session): Unable to open env file: /etc/default/locale: No such file or directory
Apr 11 02:39:01 ovzhost CRON[795]: pam_unix(cron:session): session opened for user root by (uid=0)
Apr 11 02:39:01 ovzhost CRON[795]: pam_unix(cron:session): session closed for user root
Apr 11 02:40:01 ovzhost CRON[808]: pam_env(cron:session): Unable to open env file: /etc/default/locale: No such file or directory
Apr 11 02:40:01 ovzhost CRON[808]: pam_unix(cron:session): session opened for user smmsp by (uid=0)
Apr 11 02:40:01 ovzhost CRON[808]: pam_unix(cron:session): session closed for user smmsp
Apr 11 02:40:26 ovzhost sshd[835]: Connection closed by 128.8.37.104 [preauth]
Apr 11 02:42:28 ovzhost sshd[846]: Connection closed by 127.0.0.1 [preauth]
Apr 11 02:44:29 ovzhost sshd[855]: Invalid user wlfw from 221.146.74.146
Apr 11 02:44:29 ovzhost sshd[855]: input_userauth_request: invalid user wlfw [preauth]
Apr 11 02:44:29 ovzhost sshd[855]: pam_unix(sshd:auth): check pass; user unknown
Apr 11 02:44:29 ovzhost sshd[855]: pam_unix(sshd:auth): authentication failure; logname= uid=0 euid=0 tty=ssh ruser= rhost=221.146.74.146 
Apr 11 02:44:31 ovzhost sshd[855]: Failed password for invalid user wlfw from 221.146.74.146 port 55581 ssh2
Apr 11 02:44:31 ovzhost sshd[855]: Connection closed by 221.146.74.146 [preauth]
Apr 11 02:45:24 ovzhost sshd[858]: pam_unix(sshd:auth): authentication failure; logname= uid=0 euid=0 tty=ssh ruser= rhost=58.218.199.49  user=root
Apr 11 02:45:26 ovzhost sshd[858]: Failed password for root from 58.218.199.49 port 53598 ssh2
Apr 11 02:45:31 ovzhost sshd[858]: message repeated 2 times: [ Failed password for root from 58.218.199.49 port 53598 ssh2]
Apr 11 02:45:31 ovzhost sshd[858]: Received disconnect from 58.218.199.49: 11:  [preauth]
Apr 11 02:45:31 ovzhost sshd[858]: PAM 2 more authentication failures; logname= uid=0 euid=0 tty=ssh ruser= rhost=58.218.199.49  user=root
Apr 11 02:45:34 ovzhost sshd[860]: pam_unix(sshd:auth): authentication failure; logname= uid=0 euid=0 tty=ssh ruser= rhost=58.218.199.49  user=root
Apr 11 02:45:36 ovzhost sshd[860]: Failed password for root from 58.218.199.49 port 49809 ssh2
Apr 11 02:45:41 ovzhost sshd[860]: message repeated 2 times: [ Failed password for root from 58.218.199.49 port 49809 ssh2]
Apr 11 02:45:41 ovzhost sshd[860]: Received disconnect from 58.218.199.49: 11:  [preauth]
Apr 11 02:45:41 ovzhost sshd[860]: PAM 2 more authentication failures; logname= uid=0 euid=0 tty=ssh ruser= rhost=58.218.199.49  user=root
Apr 11 02:45:44 ovzhost sshd[862]: pam_unix(sshd:auth): authentication failure; logname= uid=0 euid=0 tty=ssh ruser= rhost=58.218.199.49  user=root
Apr 11 02:45:47 ovzhost sshd[862]: Failed password for root from 58.218.199.49 port 42238 ssh2
Apr 11 02:45:52 ovzhost sshd[862]: message repeated 2 times: [ Failed password for root from 58.218.199.49 port 42238 ssh2]
Apr 11 02:45:53 ovzhost sshd[862]: Received disconnect from 58.218.199.49: 11:  [preauth]
Apr 11 02:45:53 ovzhost sshd[862]: PAM 2 more authentication failures; logname= uid=0 euid=0 tty=ssh ruser= rhost=58.218.199.49  user=root
Apr 11 02:45:59 ovzhost sshd[866]: pam_unix(sshd:auth): authentication failure; logname= uid=0 euid=0 tty=ssh ruser= rhost=58.218.199.49  user=root
Apr 11 02:46:02 ovzhost sshd[866]: Failed password for root from 58.218.199.49 port 40577 ssh2
Apr 11 02:46:06 ovzhost sshd[866]: message repeated 2 times: [ Failed password for root from 58.218.199.49 port 40577 ssh2]
Apr 11 02:46:06 ovzhost sshd[866]: Received disconnect from 58.218.199.49: 11:  [preauth]
Apr 11 02:46:06 ovzhost sshd[866]: PAM 2 more authentication failures; logname= uid=0 euid=0 tty=ssh ruser= rhost=58.218.199.49  user=root
Apr 11 02:46:09 ovzhost sshd[868]: pam_unix(sshd:auth): authentication failure; logname= uid=0 euid=0 tty=ssh ruser= rhost=58.218.199.49  user=root
Apr 11 02:46:11 ovzhost sshd[868]: Failed password for root from 58.218.199.49 port 40233 ssh2
Apr 11 02:46:16 ovzhost sshd[868]: message repeated 2 times: [ Failed password for root from 58.218.199.49 port 40233 ssh2]
Apr 11 02:46:16 ovzhost sshd[868]: Received disconnect from 58.218.199.49: 11:  [preauth]
Apr 11 02:46:16 ovzhost sshd[868]: PAM 2 more authentication failures; logname= uid=0 euid=0 tty=ssh ruser= rhost=58.218.199.49  user=root
Apr 11 02:46:22 ovzhost sshd[872]: pam_unix(sshd:auth): authentication failure; logname= uid=0 euid=0 tty=ssh ruser= rhost=58.218.199.49  user=root
Apr 11 02:46:24 ovzhost sshd[872]: Failed password for root from 58.218.199.49 port 59789 ssh2
Apr 11 02:46:29 ovzhost sshd[872]: message repeated 2 times: [ Failed password for root from 58.218.199.49 port 59789 ssh2]
Apr 11 02:46:29 ovzhost sshd[872]: Received disconnect from 58.218.199.49: 11:  [preauth]
Apr 11 02:46:29 ovzhost sshd[872]: PAM 2 more authentication failures; logname= uid=0 euid=0 tty=ssh ruser= rhost=58.218.199.49  user=root
Apr 11 02:46:31 ovzhost sshd[876]: pam_unix(sshd:auth): authentication failure; logname= uid=0 euid=0 tty=ssh ruser= rhost=58.218.199.49  user=root
Apr 11 02:46:34 ovzhost sshd[876]: Failed password for root from 58.218.199.49 port 59079 ssh2
Apr 11 02:46:39 ovzhost sshd[876]: message repeated 2 times: [ Failed password for root from 58.218.199.49 port 59079 ssh2]
Apr 11 02:46:39 ovzhost sshd[876]: Received disconnect from 58.218.199.49: 11:  [preauth]
Apr 11 02:46:39 ovzhost sshd[876]: PAM 2 more authentication failures; logname= uid=0 euid=0 tty=ssh ruser= rhost=58.218.199.49  user=root
Apr 11 02:46:43 ovzhost sshd[878]: pam_unix(sshd:auth): authentication failure; logname= uid=0 euid=0 tty=ssh ruser= rhost=58.218.199.49  user=root
Apr 11 02:46:46 ovzhost sshd[878]: Failed password for root from 58.218.199.49 port 51068 ssh2
Apr 11 02:46:50 ovzhost sshd[878]: message repeated 2 times: [ Failed password for root from 58.218.199.49 port 51068 ssh2]
Apr 11 02:46:50 ovzhost sshd[878]: Received disconnect from 58.218.199.49: 11:  [preauth]
Apr 11 02:46:50 ovzhost sshd[878]: PAM 2 more authentication failures; logname= uid=0 euid=0 tty=ssh ruser= rhost=58.218.199.49  user=root
Apr 11 02:46:53 ovzhost sshd[881]: pam_unix(sshd:auth): authentication failure; logname= uid=0 euid=0 tty=ssh ruser= rhost=58.218.199.49  user=root
Apr 11 02:46:55 ovzhost sshd[881]: Failed password for root from 58.218.199.49 port 44413 ssh2
Apr 11 02:47:00 ovzhost sshd[881]: message repeated 2 times: [ Failed password for root from 58.218.199.49 port 44413 ssh2]
Apr 11 02:47:00 ovzhost sshd[881]: Received disconnect from 58.218.199.49: 11:  [preauth]
Apr 11 02:47:00 ovzhost sshd[881]: PAM 2 more authentication failures; logname= uid=0 euid=0 tty=ssh ruser= rhost=58.218.199.49  user=root
Apr 11 02:47:02 ovzhost sshd[884]: pam_unix(sshd:auth): authentication failure; logname= uid=0 euid=0 tty=ssh ruser= rhost=58.218.199.49  user=root
Apr 11 02:47:04 ovzhost sshd[884]: Failed password for root from 58.218.199.49 port 36641 ssh2
Apr 11 02:47:09 ovzhost sshd[884]: message repeated 2 times: [ Failed password for root from 58.218.199.49 port 36641 ssh2]
Apr 11 02:47:10 ovzhost sshd[884]: Received disconnect from 58.218.199.49: 11:  [preauth]
Apr 11 02:47:10 ovzhost sshd[884]: PAM 2 more authentication failures; logname= uid=0 euid=0 tty=ssh ruser= rhost=58.218.199.49  user=root
Apr 11 02:47:12 ovzhost sshd[886]: pam_unix(sshd:auth): authentication failure; logname= uid=0 euid=0 tty=ssh ruser= rhost=58.218.199.49  user=root
Apr 11 02:47:14 ovzhost sshd[886]: Failed password for root from 58.218.199.49 port 55742 ssh2
Apr 11 02:47:19 ovzhost sshd[886]: message repeated 2 times: [ Failed password for root from 58.218.199.49 port 55742 ssh2]
Apr 11 02:47:20 ovzhost sshd[886]: Received disconnect from 58.218.199.49: 11:  [preauth]
Apr 11 02:47:20 ovzhost sshd[886]: PAM 2 more authentication failures; logname= uid=0 euid=0 tty=ssh ruser= rhost=58.218.199.49  user=root
Apr 11 02:47:23 ovzhost sshd[888]: pam_unix(sshd:auth): authentication failure; logname= uid=0 euid=0 tty=ssh ruser= rhost=58.218.199.49  user=root
Apr 11 02:47:25 ovzhost sshd[888]: Failed password for root from 58.218.199.49 port 48732 ssh2
Apr 11 02:47:28 ovzhost sshd[892]: Connection closed by 127.0.0.1 [preauth]
Apr 11 02:47:30 ovzhost sshd[888]: message repeated 2 times: [ Failed password for root from 58.218.199.49 port 48732 ssh2]
Apr 11 02:47:30 ovzhost sshd[888]: Received disconnect from 58.218.199.49: 11:  [preauth]
Apr 11 02:47:30 ovzhost sshd[888]: PAM 2 more authentication failures; logname= uid=0 euid=0 tty=ssh ruser= rhost=58.218.199.49  user=root
Apr 11 02:47:32 ovzhost sshd[894]: pam_unix(sshd:auth): authentication failure; logname= uid=0 euid=0 tty=ssh ruser= rhost=58.218.199.49  user=root
Apr 11 02:47:34 ovzhost sshd[894]: Failed password for root from 58.218.199.49 port 40074 ssh2
Apr 11 02:47:38 ovzhost sshd[894]: message repeated 2 times: [ Failed password for root from 58.218.199.49 port 40074 ssh2]
Apr 11 02:47:38 ovzhost sshd[894]: Received disconnect from 58.218.199.49: 11:  [preauth]
Apr 11 02:47:38 ovzhost sshd[894]: PAM 2 more authentication failures; logname= uid=0 euid=0 tty=ssh ruser= rhost=58.218.199.49  user=root
Apr 11 02:47:46 ovzhost sshd[896]: pam_unix(sshd:auth): authentication failure; logname= uid=0 euid=0 tty=ssh ruser= rhost=58.218.199.49  user=root
Apr 11 02:47:47 ovzhost sshd[896]: Failed password for root from 58.218.199.49 port 58081 ssh2
Apr 11 02:47:51 ovzhost sshd[896]: message repeated 2 times: [ Failed password for root from 58.218.199.49 port 58081 ssh2]
Apr 11 02:47:52 ovzhost sshd[896]: Received disconnect from 58.218.199.49: 11:  [preauth]
Apr 11 02:47:52 ovzhost sshd[896]: PAM 2 more authentication failures; logname= uid=0 euid=0 tty=ssh ruser= rhost=58.218.199.49  user=root
Apr 11 02:47:54 ovzhost sshd[898]: pam_unix(sshd:auth): authentication failure; logname= uid=0 euid=0 tty=ssh ruser= rhost=58.218.199.49  user=root
Apr 11 02:47:57 ovzhost sshd[898]: Failed password for root from 58.218.199.49 port 58410 ssh2
Apr 11 02:48:01 ovzhost sshd[898]: message repeated 2 times: [ Failed password for root from 58.218.199.49 port 58410 ssh2]
Apr 11 02:48:01 ovzhost sshd[898]: Received disconnect from 58.218.199.49: 11:  [preauth]
Apr 11 02:48:01 ovzhost sshd[898]: PAM 2 more authentication failures; logname= uid=0 euid=0 tty=ssh ruser= rhost=58.218.199.49  user=root
Apr 11 02:48:04 ovzhost sshd[903]: pam_unix(sshd:auth): authentication failure; logname= uid=0 euid=0 tty=ssh ruser= rhost=58.218.199.49  user=root
Apr 11 02:48:06 ovzhost sshd[903]: Failed password for root from 58.218.199.49 port 48451 ssh2
Apr 11 02:48:11 ovzhost sshd[903]: message repeated 2 times: [ Failed password for root from 58.218.199.49 port 48451 ssh2]
Apr 11 02:48:11 ovzhost sshd[903]: Received disconnect from 58.218.199.49: 11:  [preauth]
Apr 11 02:48:11 ovzhost sshd[903]: PAM 2 more authentication failures; logname= uid=0 euid=0 tty=ssh ruser= rhost=58.218.199.49  user=root
Apr 11 02:48:16 ovzhost sshd[905]: pam_unix(sshd:auth): authentication failure; logname= uid=0 euid=0 tty=ssh ruser= rhost=58.218.199.49  user=root
Apr 11 02:48:18 ovzhost sshd[905]: Failed password for root from 58.218.199.49 port 42988 ssh2
Apr 11 02:48:23 ovzhost sshd[905]: message repeated 2 times: [ Failed password for root from 58.218.199.49 port 42988 ssh2]
Apr 11 02:48:23 ovzhost sshd[905]: Received disconnect from 58.218.199.49: 11:  [preauth]
Apr 11 02:48:23 ovzhost sshd[905]: PAM 2 more authentication failures; logname= uid=0 euid=0 tty=ssh ruser= rhost=58.218.199.49  user=root
Apr 11 02:48:28 ovzhost sshd[909]: pam_unix(sshd:auth): authentication failure; logname= uid=0 euid=0 tty=ssh ruser= rhost=58.218.199.49  user=root
Apr 11 02:48:30 ovzhost sshd[909]: Failed password for root from 58.218.199.49 port 39878 ssh2
Apr 11 02:48:35 ovzhost sshd[909]: message repeated 2 times: [ Failed password for root from 58.218.199.49 port 39878 ssh2]
Apr 11 02:48:35 ovzhost sshd[909]: Received disconnect from 58.218.199.49: 11:  [preauth]
Apr 11 02:48:35 ovzhost sshd[909]: PAM 2 more authentication failures; logname= uid=0 euid=0 tty=ssh ruser= rhost=58.218.199.49  user=root
Apr 11 02:48:40 ovzhost sshd[911]: pam_unix(sshd:auth): authentication failure; logname= uid=0 euid=0 tty=ssh ruser= rhost=58.218.199.49  user=root
Apr 11 02:48:42 ovzhost sshd[911]: Failed password for root from 58.218.199.49 port 38779 ssh2
Apr 11 02:48:47 ovzhost sshd[911]: message repeated 2 times: [ Failed password for root from 58.218.199.49 port 38779 ssh2]
Apr 11 02:48:47 ovzhost sshd[911]: Received disconnect from 58.218.199.49: 11:  [preauth]
Apr 11 02:48:47 ovzhost sshd[911]: PAM 2 more authentication failures; logname= uid=0 euid=0 tty=ssh ruser= rhost=58.218.199.49  user=root
Apr 11 02:50:26 ovzhost sshd[920]: Connection closed by 128.8.37.104 [preauth]
Apr 11 02:52:28 ovzhost sshd[931]: Connection closed by 127.0.0.1 [preauth]
Apr 11 02:57:28 ovzhost sshd[951]: Connection closed by 127.0.0.1 [preauth]
Apr 11 02:57:41 ovzhost sshd[953]: pam_unix(sshd:auth): authentication failure; logname= uid=0 euid=0 tty=ssh ruser= rhost=43.255.190.138  user=root
Apr 11 02:57:43 ovzhost sshd[953]: Failed password for root from 43.255.190.138 port 45584 ssh2
Apr 11 02:57:47 ovzhost sshd[953]: message repeated 2 times: [ Failed password for root from 43.255.190.138 port 45584 ssh2]
Apr 11 02:57:47 ovzhost sshd[953]: Received disconnect from 43.255.190.138: 11:  [preauth]
Apr 11 02:57:47 ovzhost sshd[953]: PAM 2 more authentication failures; logname= uid=0 euid=0 tty=ssh ruser= rhost=43.255.190.138  user=root
Apr 11 02:57:49 ovzhost sshd[955]: pam_unix(sshd:auth): authentication failure; logname= uid=0 euid=0 tty=ssh ruser= rhost=43.255.190.138  user=root
Apr 11 02:57:51 ovzhost sshd[955]: Failed password for root from 43.255.190.138 port 35459 ssh2
Apr 11 02:57:56 ovzhost sshd[955]: message repeated 2 times: [ Failed password for root from 43.255.190.138 port 35459 ssh2]
Apr 11 02:57:56 ovzhost sshd[955]: Received disconnect from 43.255.190.138: 11:  [preauth]
Apr 11 02:57:56 ovzhost sshd[955]: PAM 2 more authentication failures; logname= uid=0 euid=0 tty=ssh ruser= rhost=43.255.190.138  user=root
Apr 11 02:57:57 ovzhost sshd[959]: pam_unix(sshd:auth): authentication failure; logname= uid=0 euid=0 tty=ssh ruser= rhost=43.255.190.138  user=root
Apr 11 02:57:57 ovzhost sshd[958]: pam_unix(sshd:auth): authentication failure; logname= uid=0 euid=0 tty=ssh ruser= rhost=43.255.190.187  user=root
Apr 11 02:57:58 ovzhost sshd[959]: Failed password for root from 43.255.190.138 port 58172 ssh2
Apr 11 02:57:58 ovzhost sshd[958]: Failed password for root from 43.255.190.187 port 45352 ssh2
Apr 11 02:58:03 ovzhost sshd[959]: message repeated 2 times: [ Failed password for root from 43.255.190.138 port 58172 ssh2]
Apr 11 02:58:03 ovzhost sshd[959]: Received disconnect from 43.255.190.138: 11:  [preauth]
Apr 11 02:58:03 ovzhost sshd[959]: PAM 2 more authentication failures; logname= uid=0 euid=0 tty=ssh ruser= rhost=43.255.190.138  user=root
Apr 11 02:58:03 ovzhost sshd[958]: message repeated 2 times: [ Failed password for root from 43.255.190.187 port 45352 ssh2]
Apr 11 02:58:04 ovzhost sshd[958]: Received disconnect from 43.255.190.187: 11:  [preauth]
Apr 11 02:58:04 ovzhost sshd[958]: PAM 2 more authentication failures; logname= uid=0 euid=0 tty=ssh ruser= rhost=43.255.190.187  user=root
Apr 11 02:58:04 ovzhost sshd[962]: pam_unix(sshd:auth): authentication failure; logname= uid=0 euid=0 tty=ssh ruser= rhost=43.255.190.138  user=root
Apr 11 02:58:05 ovzhost sshd[964]: pam_unix(sshd:auth): authentication failure; logname= uid=0 euid=0 tty=ssh ruser= rhost=43.255.190.187  user=root
Apr 11 02:58:06 ovzhost sshd[962]: Failed password for root from 43.255.190.138 port 48354 ssh2
Apr 11 02:58:07 ovzhost sshd[964]: Failed password for root from 43.255.190.187 port 36415 ssh2
Apr 11 02:58:11 ovzhost sshd[964]: message repeated 2 times: [ Failed password for root from 43.255.190.187 port 36415 ssh2]
Apr 11 02:58:11 ovzhost sshd[964]: Received disconnect from 43.255.190.187: 11:  [preauth]
Apr 11 02:58:11 ovzhost sshd[964]: PAM 2 more authentication failures; logname= uid=0 euid=0 tty=ssh ruser= rhost=43.255.190.187  user=root
Apr 11 02:58:11 ovzhost sshd[962]: message repeated 2 times: [ Failed password for root from 43.255.190.138 port 48354 ssh2]
Apr 11 02:58:11 ovzhost sshd[962]: Received disconnect from 43.255.190.138: 11:  [preauth]
Apr 11 02:58:11 ovzhost sshd[962]: PAM 2 more authentication failures; logname= uid=0 euid=0 tty=ssh ruser= rhost=43.255.190.138  user=root
Apr 11 02:58:13 ovzhost sshd[968]: pam_unix(sshd:auth): authentication failure; logname= uid=0 euid=0 tty=ssh ruser= rhost=43.255.190.187  user=root
Apr 11 02:58:14 ovzhost sshd[970]: pam_unix(sshd:auth): authentication failure; logname= uid=0 euid=0 tty=ssh ruser= rhost=43.255.190.138  user=root
Apr 11 02:58:15 ovzhost sshd[968]: Failed password for root from 43.255.190.187 port 54360 ssh2
Apr 11 02:58:16 ovzhost sshd[970]: Failed password for root from 43.255.190.138 port 39737 ssh2
Apr 11 02:58:19 ovzhost sshd[968]: message repeated 2 times: [ Failed password for root from 43.255.190.187 port 54360 ssh2]
Apr 11 02:58:19 ovzhost sshd[968]: Received disconnect from 43.255.190.187: 11:  [preauth]
Apr 11 02:58:19 ovzhost sshd[968]: PAM 2 more authentication failures; logname= uid=0 euid=0 tty=ssh ruser= rhost=43.255.190.187  user=root
Apr 11 02:58:20 ovzhost sshd[972]: pam_unix(sshd:auth): authentication failure; logname= uid=0 euid=0 tty=ssh ruser= rhost=43.255.190.187  user=root
Apr 11 02:58:21 ovzhost sshd[970]: message repeated 2 times: [ Failed password for root from 43.255.190.138 port 39737 ssh2]
Apr 11 02:58:21 ovzhost sshd[970]: Received disconnect from 43.255.190.138: 11:  [preauth]
Apr 11 02:58:21 ovzhost sshd[970]: PAM 2 more authentication failures; logname= uid=0 euid=0 tty=ssh ruser= rhost=43.255.190.138  user=root
Apr 11 02:58:22 ovzhost sshd[974]: pam_unix(sshd:auth): authentication failure; logname= uid=0 euid=0 tty=ssh ruser= rhost=43.255.190.138  user=root
Apr 11 02:58:22 ovzhost sshd[972]: Failed password for root from 43.255.190.187 port 45613 ssh2
Apr 11 02:58:24 ovzhost sshd[974]: Failed password for root from 43.255.190.138 port 33718 ssh2
Apr 11 02:58:26 ovzhost sshd[972]: message repeated 2 times: [ Failed password for root from 43.255.190.187 port 45613 ssh2]
Apr 11 02:58:26 ovzhost sshd[972]: Received disconnect from 43.255.190.187: 11:  [preauth]
Apr 11 02:58:26 ovzhost sshd[972]: PAM 2 more authentication failures; logname= uid=0 euid=0 tty=ssh ruser= rhost=43.255.190.187  user=root
Apr 11 02:58:27 ovzhost sshd[978]: pam_unix(sshd:auth): authentication failure; logname= uid=0 euid=0 tty=ssh ruser= rhost=43.255.190.187  user=root
Apr 11 02:58:28 ovzhost sshd[974]: message repeated 2 times: [ Failed password for root from 43.255.190.138 port 33718 ssh2]
Apr 11 02:58:28 ovzhost sshd[974]: Received disconnect from 43.255.190.138: 11:  [preauth]
Apr 11 02:58:28 ovzhost sshd[974]: PAM 2 more authentication failures; logname= uid=0 euid=0 tty=ssh ruser= rhost=43.255.190.138  user=root
Apr 11 02:58:29 ovzhost sshd[978]: Failed password for root from 43.255.190.187 port 34527 ssh2
Apr 11 02:58:29 ovzhost sshd[980]: pam_unix(sshd:auth): authentication failure; logname= uid=0 euid=0 tty=ssh ruser= rhost=43.255.190.138  user=root
Apr 11 02:58:31 ovzhost sshd[980]: Failed password for root from 43.255.190.138 port 53102 ssh2
Apr 11 02:58:33 ovzhost sshd[978]: message repeated 2 times: [ Failed password for root from 43.255.190.187 port 34527 ssh2]
Apr 11 02:58:33 ovzhost sshd[978]: Received disconnect from 43.255.190.187: 11:  [preauth]
Apr 11 02:58:33 ovzhost sshd[978]: PAM 2 more authentication failures; logname= uid=0 euid=0 tty=ssh ruser= rhost=43.255.190.187  user=root
Apr 11 02:58:35 ovzhost sshd[982]: pam_unix(sshd:auth): authentication failure; logname= uid=0 euid=0 tty=ssh ruser= rhost=43.255.190.187  user=root
Apr 11 02:58:35 ovzhost sshd[980]: message repeated 2 times: [ Failed password for root from 43.255.190.138 port 53102 ssh2]
Apr 11 02:58:35 ovzhost sshd[980]: Received disconnect from 43.255.190.138: 11:  [preauth]
Apr 11 02:58:35 ovzhost sshd[980]: PAM 2 more authentication failures; logname= uid=0 euid=0 tty=ssh ruser= rhost=43.255.190.138  user=root
Apr 11 02:58:36 ovzhost sshd[984]: pam_unix(sshd:auth): authentication failure; logname= uid=0 euid=0 tty=ssh ruser= rhost=43.255.190.138  user=root
Apr 11 02:58:37 ovzhost sshd[982]: Failed password for root from 43.255.190.187 port 50628 ssh2
Apr 11 02:58:38 ovzhost sshd[984]: Failed password for root from 43.255.190.138 port 43979 ssh2
Apr 11 02:58:42 ovzhost sshd[982]: message repeated 2 times: [ Failed password for root from 43.255.190.187 port 50628 ssh2]
Apr 11 02:58:42 ovzhost sshd[982]: Received disconnect from 43.255.190.187: 11:  [preauth]
Apr 11 02:58:42 ovzhost sshd[982]: PAM 2 more authentication failures; logname= uid=0 euid=0 tty=ssh ruser= rhost=43.255.190.187  user=root
Apr 11 02:58:43 ovzhost sshd[986]: pam_unix(sshd:auth): authentication failure; logname= uid=0 euid=0 tty=ssh ruser= rhost=43.255.190.187  user=root
Apr 11 02:58:43 ovzhost sshd[984]: message repeated 2 times: [ Failed password for root from 43.255.190.138 port 43979 ssh2]
Apr 11 02:58:44 ovzhost sshd[984]: Received disconnect from 43.255.190.138: 11:  [preauth]
Apr 11 02:58:44 ovzhost sshd[984]: PAM 2 more authentication failures; logname= uid=0 euid=0 tty=ssh ruser= rhost=43.255.190.138  user=root
Apr 11 02:58:44 ovzhost sshd[988]: pam_unix(sshd:auth): authentication failure; logname= uid=0 euid=0 tty=ssh ruser= rhost=43.255.190.138  user=root
Apr 11 02:58:46 ovzhost sshd[986]: Failed password for root from 43.255.190.187 port 44847 ssh2
Apr 11 02:58:46 ovzhost sshd[988]: Failed password for root from 43.255.190.138 port 36627 ssh2
Apr 11 02:58:50 ovzhost sshd[986]: message repeated 2 times: [ Failed password for root from 43.255.190.187 port 44847 ssh2]
Apr 11 02:58:50 ovzhost sshd[986]: Received disconnect from 43.255.190.187: 11:  [preauth]
Apr 11 02:58:50 ovzhost sshd[986]: PAM 2 more authentication failures; logname= uid=0 euid=0 tty=ssh ruser= rhost=43.255.190.187  user=root
Apr 11 02:58:51 ovzhost sshd[988]: message repeated 2 times: [ Failed password for root from 43.255.190.138 port 36627 ssh2]
Apr 11 02:58:51 ovzhost sshd[988]: Received disconnect from 43.255.190.138: 11:  [preauth]
Apr 11 02:58:51 ovzhost sshd[988]: PAM 2 more authentication failures; logname= uid=0 euid=0 tty=ssh ruser= rhost=43.255.190.138  user=root
Apr 11 02:58:51 ovzhost sshd[990]: pam_unix(sshd:auth): authentication failure; logname= uid=0 euid=0 tty=ssh ruser= rhost=43.255.190.187  user=root
Apr 11 02:58:52 ovzhost sshd[994]: pam_unix(sshd:auth): authentication failure; logname= uid=0 euid=0 tty=ssh ruser= rhost=43.255.190.138  user=root
Apr 11 02:58:53 ovzhost sshd[990]: Failed password for root from 43.255.190.187 port 36120 ssh2
Apr 11 02:58:54 ovzhost sshd[994]: Failed password for root from 43.255.190.138 port 54083 ssh2
Apr 11 02:58:58 ovzhost sshd[990]: message repeated 2 times: [ Failed password for root from 43.255.190.187 port 36120 ssh2]
Apr 11 02:58:58 ovzhost sshd[990]: Received disconnect from 43.255.190.187: 11:  [preauth]
Apr 11 02:58:58 ovzhost sshd[990]: PAM 2 more authentication failures; logname= uid=0 euid=0 tty=ssh ruser= rhost=43.255.190.187  user=root
Apr 11 02:58:59 ovzhost sshd[998]: pam_unix(sshd:auth): authentication failure; logname= uid=0 euid=0 tty=ssh ruser= rhost=43.255.190.187  user=root
Apr 11 02:58:59 ovzhost sshd[994]: message repeated 2 times: [ Failed password for root from 43.255.190.138 port 54083 ssh2]
Apr 11 02:58:59 ovzhost sshd[994]: Received disconnect from 43.255.190.138: 11:  [preauth]
Apr 11 02:58:59 ovzhost sshd[994]: PAM 2 more authentication failures; logname= uid=0 euid=0 tty=ssh ruser= rhost=43.255.190.138  user=root
Apr 11 02:59:00 ovzhost sshd[1000]: pam_unix(sshd:auth): authentication failure; logname= uid=0 euid=0 tty=ssh ruser= rhost=43.255.190.138  user=root
Apr 11 02:59:01 ovzhost sshd[998]: Failed password for root from 43.255.190.187 port 53865 ssh2
Apr 11 02:59:02 ovzhost sshd[1000]: Failed password for root from 43.255.190.138 port 46105 ssh2
Apr 11 02:59:06 ovzhost sshd[998]: message repeated 2 times: [ Failed password for root from 43.255.190.187 port 53865 ssh2]
Apr 11 02:59:06 ovzhost sshd[998]: Received disconnect from 43.255.190.187: 11:  [preauth]
Apr 11 02:59:06 ovzhost sshd[998]: PAM 2 more authentication failures; logname= uid=0 euid=0 tty=ssh ruser= rhost=43.255.190.187  user=root
Apr 11 02:59:06 ovzhost sshd[1002]: pam_unix(sshd:auth): authentication failure; logname= uid=0 euid=0 tty=ssh ruser= rhost=43.255.190.187  user=root
Apr 11 02:59:07 ovzhost sshd[1000]: message repeated 2 times: [ Failed password for root from 43.255.190.138 port 46105 ssh2]
Apr 11 02:59:07 ovzhost sshd[1000]: Received disconnect from 43.255.190.138: 11:  [preauth]
Apr 11 02:59:07 ovzhost sshd[1000]: PAM 2 more authentication failures; logname= uid=0 euid=0 tty=ssh ruser= rhost=43.255.190.138  user=root
Apr 11 02:59:08 ovzhost sshd[1004]: pam_unix(sshd:auth): authentication failure; logname= uid=0 euid=0 tty=ssh ruser= rhost=43.255.190.138  user=root
Apr 11 02:59:08 ovzhost sshd[1002]: Failed password for root from 43.255.190.187 port 44737 ssh2
Apr 11 02:59:10 ovzhost sshd[1004]: Failed password for root from 43.255.190.138 port 40688 ssh2
Apr 11 02:59:13 ovzhost sshd[1002]: message repeated 2 times: [ Failed password for root from 43.255.190.187 port 44737 ssh2]
Apr 11 02:59:13 ovzhost sshd[1002]: Received disconnect from 43.255.190.187: 11:  [preauth]
Apr 11 02:59:13 ovzhost sshd[1002]: PAM 2 more authentication failures; logname= uid=0 euid=0 tty=ssh ruser= rhost=43.255.190.187  user=root
Apr 11 02:59:14 ovzhost sshd[1006]: pam_unix(sshd:auth): authentication failure; logname= uid=0 euid=0 tty=ssh ruser= rhost=43.255.190.187  user=root
Apr 11 02:59:15 ovzhost sshd[1004]: message repeated 2 times: [ Failed password for root from 43.255.190.138 port 40688 ssh2]
Apr 11 02:59:15 ovzhost sshd[1004]: Received disconnect from 43.255.190.138: 11:  [preauth]
Apr 11 02:59:15 ovzhost sshd[1004]: PAM 2 more authentication failures; logname= uid=0 euid=0 tty=ssh ruser= rhost=43.255.190.138  user=root
Apr 11 02:59:16 ovzhost sshd[1008]: pam_unix(sshd:auth): authentication failure; logname= uid=0 euid=0 tty=ssh ruser= rhost=43.255.190.138  user=root
Apr 11 02:59:16 ovzhost sshd[1006]: Failed password for root from 43.255.190.187 port 33699 ssh2
Apr 11 02:59:18 ovzhost sshd[1008]: Failed password for root from 43.255.190.138 port 59579 ssh2
Apr 11 02:59:20 ovzhost sshd[1006]: message repeated 2 times: [ Failed password for root from 43.255.190.187 port 33699 ssh2]
Apr 11 02:59:20 ovzhost sshd[1006]: Received disconnect from 43.255.190.187: 11:  [preauth]
Apr 11 02:59:20 ovzhost sshd[1006]: PAM 2 more authentication failures; logname= uid=0 euid=0 tty=ssh ruser= rhost=43.255.190.187  user=root
Apr 11 02:59:22 ovzhost sshd[1010]: pam_unix(sshd:auth): authentication failure; logname= uid=0 euid=0 tty=ssh ruser= rhost=43.255.190.187  user=root
Apr 11 02:59:22 ovzhost sshd[1008]: message repeated 2 times: [ Failed password for root from 43.255.190.138 port 59579 ssh2]
Apr 11 02:59:22 ovzhost sshd[1008]: Received disconnect from 43.255.190.138: 11:  [preauth]
Apr 11 02:59:22 ovzhost sshd[1008]: PAM 2 more authentication failures; logname= uid=0 euid=0 tty=ssh ruser= rhost=43.255.190.138  user=root
Apr 11 02:59:24 ovzhost sshd[1012]: pam_unix(sshd:auth): authentication failure; logname= uid=0 euid=0 tty=ssh ruser= rhost=43.255.190.138  user=root
Apr 11 02:59:24 ovzhost sshd[1010]: Failed password for root from 43.255.190.187 port 50881 ssh2
Apr 11 02:59:26 ovzhost sshd[1012]: Failed password for root from 43.255.190.138 port 50110 ssh2
Apr 11 02:59:29 ovzhost sshd[1010]: message repeated 2 times: [ Failed password for root from 43.255.190.187 port 50881 ssh2]
Apr 11 02:59:29 ovzhost sshd[1010]: Received disconnect from 43.255.190.187: 11:  [preauth]
Apr 11 02:59:29 ovzhost sshd[1010]: PAM 2 more authentication failures; logname= uid=0 euid=0 tty=ssh ruser= rhost=43.255.190.187  user=root
Apr 11 02:59:30 ovzhost sshd[1012]: message repeated 2 times: [ Failed password for root from 43.255.190.138 port 50110 ssh2]
Apr 11 02:59:30 ovzhost sshd[1012]: Received disconnect from 43.255.190.138: 11:  [preauth]
Apr 11 02:59:30 ovzhost sshd[1012]: PAM 2 more authentication failures; logname= uid=0 euid=0 tty=ssh ruser= rhost=43.255.190.138  user=root
Apr 11 02:59:30 ovzhost sshd[1015]: pam_unix(sshd:auth): authentication failure; logname= uid=0 euid=0 tty=ssh ruser= rhost=43.255.190.187  user=root
Apr 11 02:59:32 ovzhost sshd[1017]: pam_unix(sshd:auth): authentication failure; logname= uid=0 euid=0 tty=ssh ruser= rhost=43.255.190.138  user=root
Apr 11 02:59:32 ovzhost sshd[1015]: Failed password for root from 43.255.190.187 port 42009 ssh2
Apr 11 02:59:33 ovzhost sshd[1017]: Failed password for root from 43.255.190.138 port 40355 ssh2
Apr 11 02:59:37 ovzhost sshd[1015]: message repeated 2 times: [ Failed password for root from 43.255.190.187 port 42009 ssh2]
Apr 11 02:59:37 ovzhost sshd[1015]: Received disconnect from 43.255.190.187: 11:  [preauth]
Apr 11 02:59:37 ovzhost sshd[1015]: PAM 2 more authentication failures; logname= uid=0 euid=0 tty=ssh ruser= rhost=43.255.190.187  user=root
Apr 11 02:59:38 ovzhost sshd[1019]: pam_unix(sshd:auth): authentication failure; logname= uid=0 euid=0 tty=ssh ruser= rhost=43.255.190.187  user=root
Apr 11 02:59:38 ovzhost sshd[1017]: message repeated 2 times: [ Failed password for root from 43.255.190.138 port 40355 ssh2]
Apr 11 02:59:38 ovzhost sshd[1017]: Received disconnect from 43.255.190.138: 11:  [preauth]
Apr 11 02:59:38 ovzhost sshd[1017]: PAM 2 more authentication failures; logname= uid=0 euid=0 tty=ssh ruser= rhost=43.255.190.138  user=root
Apr 11 02:59:38 ovzhost sshd[1021]: pam_unix(sshd:auth): authentication failure; logname= uid=0 euid=0 tty=ssh ruser= rhost=43.255.190.138  user=root
Apr 11 02:59:40 ovzhost sshd[1019]: Failed password for root from 43.255.190.187 port 60739 ssh2
Apr 11 02:59:40 ovzhost sshd[1021]: Failed password for root from 43.255.190.138 port 60373 ssh2
Apr 11 02:59:44 ovzhost sshd[1019]: message repeated 2 times: [ Failed password for root from 43.255.190.187 port 60739 ssh2]
Apr 11 02:59:44 ovzhost sshd[1019]: Received disconnect from 43.255.190.187: 11:  [preauth]
Apr 11 02:59:44 ovzhost sshd[1019]: PAM 2 more authentication failures; logname= uid=0 euid=0 tty=ssh ruser= rhost=43.255.190.187  user=root
Apr 11 02:59:45 ovzhost sshd[1023]: pam_unix(sshd:auth): authentication failure; logname= uid=0 euid=0 tty=ssh ruser= rhost=43.255.190.187  user=root
Apr 11 02:59:45 ovzhost sshd[1021]: message repeated 2 times: [ Failed password for root from 43.255.190.138 port 60373 ssh2]
Apr 11 02:59:45 ovzhost sshd[1021]: Received disconnect from 43.255.190.138: 11:  [preauth]
Apr 11 02:59:45 ovzhost sshd[1021]: PAM 2 more authentication failures; logname= uid=0 euid=0 tty=ssh ruser= rhost=43.255.190.138  user=root
Apr 11 02:59:46 ovzhost sshd[1025]: pam_unix(sshd:auth): authentication failure; logname= uid=0 euid=0 tty=ssh ruser= rhost=43.255.190.138  user=root
Apr 11 02:59:47 ovzhost sshd[1023]: Failed password for root from 43.255.190.187 port 48491 ssh2
Apr 11 02:59:49 ovzhost sshd[1025]: Failed password for root from 43.255.190.138 port 52696 ssh2
Apr 11 02:59:51 ovzhost sshd[1023]: message repeated 2 times: [ Failed password for root from 43.255.190.187 port 48491 ssh2]
Apr 11 02:59:52 ovzhost sshd[1023]: Received disconnect from 43.255.190.187: 11:  [preauth]
Apr 11 02:59:52 ovzhost sshd[1023]: PAM 2 more authentication failures; logname= uid=0 euid=0 tty=ssh ruser= rhost=43.255.190.187  user=root
Apr 11 02:59:52 ovzhost sshd[1027]: pam_unix(sshd:auth): authentication failure; logname= uid=0 euid=0 tty=ssh ruser= rhost=43.255.190.187  user=root
Apr 11 02:59:53 ovzhost sshd[1025]: message repeated 2 times: [ Failed password for root from 43.255.190.138 port 52696 ssh2]
Apr 11 02:59:53 ovzhost sshd[1025]: Received disconnect from 43.255.190.138: 11:  [preauth]
Apr 11 02:59:53 ovzhost sshd[1025]: PAM 2 more authentication failures; logname= uid=0 euid=0 tty=ssh ruser= rhost=43.255.190.138  user=root
Apr 11 02:59:54 ovzhost sshd[1027]: Failed password for root from 43.255.190.187 port 37943 ssh2
Apr 11 02:59:55 ovzhost sshd[1029]: pam_unix(sshd:auth): authentication failure; logname= uid=0 euid=0 tty=ssh ruser= rhost=43.255.190.138  user=root
Apr 11 02:59:57 ovzhost sshd[1029]: Failed password for root from 43.255.190.138 port 43576 ssh2
Apr 11 02:59:59 ovzhost sshd[1027]: message repeated 2 times: [ Failed password for root from 43.255.190.187 port 37943 ssh2]
Apr 11 02:59:59 ovzhost sshd[1027]: Received disconnect from 43.255.190.187: 11:  [preauth]
Apr 11 02:59:59 ovzhost sshd[1027]: PAM 2 more authentication failures; logname= uid=0 euid=0 tty=ssh ruser= rhost=43.255.190.187  user=root
Apr 11 03:00:01 ovzhost sshd[1032]: pam_unix(sshd:auth): authentication failure; logname= uid=0 euid=0 tty=ssh ruser= rhost=43.255.190.187  user=root
Apr 11 03:00:01 ovzhost CRON[1034]: pam_env(cron:session): Unable to open env file: /etc/default/locale: No such file or directory
Apr 11 03:00:01 ovzhost CRON[1034]: pam_unix(cron:session): session opened for user smmsp by (uid=0)
Apr 11 03:00:01 ovzhost CRON[1034]: pam_unix(cron:session): session closed for user smmsp
Apr 11 03:00:02 ovzhost sshd[1029]: message repeated 2 times: [ Failed password for root from 43.255.190.138 port 43576 ssh2]
Apr 11 03:00:02 ovzhost sshd[1029]: Received disconnect from 43.255.190.138: 11:  [preauth]
Apr 11 03:00:02 ovzhost sshd[1029]: PAM 2 more authentication failures; logname= uid=0 euid=0 tty=ssh ruser= rhost=43.255.190.138  user=root
Apr 11 03:00:03 ovzhost sshd[1032]: Failed password for root from 43.255.190.187 port 55850 ssh2
Apr 11 03:00:04 ovzhost sshd[1060]: pam_unix(sshd:auth): authentication failure; logname= uid=0 euid=0 tty=ssh ruser= rhost=43.255.190.138  user=root
Apr 11 03:00:06 ovzhost sshd[1060]: Failed password for root from 43.255.190.138 port 35060 ssh2
Apr 11 03:00:07 ovzhost sshd[1032]: message repeated 2 times: [ Failed password for root from 43.255.190.187 port 55850 ssh2]
Apr 11 03:00:07 ovzhost sshd[1032]: Received disconnect from 43.255.190.187: 11:  [preauth]
Apr 11 03:00:07 ovzhost sshd[1032]: PAM 2 more authentication failures; logname= uid=0 euid=0 tty=ssh ruser= rhost=43.255.190.187  user=root
Apr 11 03:00:09 ovzhost sshd[1062]: pam_unix(sshd:auth): authentication failure; logname= uid=0 euid=0 tty=ssh ruser= rhost=43.255.190.187  user=root
Apr 11 03:00:10 ovzhost sshd[1060]: message repeated 2 times: [ Failed password for root from 43.255.190.138 port 35060 ssh2]
Apr 11 03:00:10 ovzhost sshd[1060]: Received disconnect from 43.255.190.138: 11:  [preauth]
Apr 11 03:00:10 ovzhost sshd[1060]: PAM 2 more authentication failures; logname= uid=0 euid=0 tty=ssh ruser= rhost=43.255.190.138  user=root
Apr 11 03:00:11 ovzhost sshd[1062]: Failed password for root from 43.255.190.187 port 47071 ssh2
Apr 11 03:00:11 ovzhost sshd[1064]: pam_unix(sshd:auth): authentication failure; logname= uid=0 euid=0 tty=ssh ruser= rhost=43.255.190.138  user=root
Apr 11 03:00:13 ovzhost sshd[1064]: Failed password for root from 43.255.190.138 port 54723 ssh2
Apr 11 03:00:16 ovzhost sshd[1062]: message repeated 2 times: [ Failed password for root from 43.255.190.187 port 47071 ssh2]
Apr 11 03:00:16 ovzhost sshd[1062]: Received disconnect from 43.255.190.187: 11:  [preauth]
Apr 11 03:00:16 ovzhost sshd[1062]: PAM 2 more authentication failures; logname= uid=0 euid=0 tty=ssh ruser= rhost=43.255.190.187  user=root
Apr 11 03:00:17 ovzhost sshd[1066]: pam_unix(sshd:auth): authentication failure; logname= uid=0 euid=0 tty=ssh ruser= rhost=43.255.190.187  user=root
Apr 11 03:00:18 ovzhost sshd[1064]: message repeated 2 times: [ Failed password for root from 43.255.190.138 port 54723 ssh2]
Apr 11 03:00:18 ovzhost sshd[1064]: Received disconnect from 43.255.190.138: 11:  [preauth]
Apr 11 03:00:18 ovzhost sshd[1064]: PAM 2 more authentication failures; logname= uid=0 euid=0 tty=ssh ruser= rhost=43.255.190.138  user=root
Apr 11 03:00:19 ovzhost sshd[1066]: Failed password for root from 43.255.190.187 port 38278 ssh2
Apr 11 03:00:19 ovzhost sshd[1068]: pam_unix(sshd:auth): authentication failure; logname= uid=0 euid=0 tty=ssh ruser= rhost=43.255.190.138  user=root
Apr 11 03:00:21 ovzhost sshd[1068]: Failed password for root from 43.255.190.138 port 47024 ssh2
Apr 11 03:00:23 ovzhost sshd[1066]: message repeated 2 times: [ Failed password for root from 43.255.190.187 port 38278 ssh2]
Apr 11 03:00:23 ovzhost sshd[1066]: Received disconnect from 43.255.190.187: 11:  [preauth]
Apr 11 03:00:23 ovzhost sshd[1066]: PAM 2 more authentication failures; logname= uid=0 euid=0 tty=ssh ruser= rhost=43.255.190.187  user=root
Apr 11 03:00:24 ovzhost sshd[1070]: pam_unix(sshd:auth): authentication failure; logname= uid=0 euid=0 tty=ssh ruser= rhost=43.255.190.187  user=root
Apr 11 03:00:25 ovzhost sshd[1068]: message repeated 2 times: [ Failed password for root from 43.255.190.138 port 47024 ssh2]
Apr 11 03:00:25 ovzhost sshd[1068]: Received disconnect from 43.255.190.138: 11:  [preauth]
Apr 11 03:00:25 ovzhost sshd[1068]: PAM 2 more authentication failures; logname= uid=0 euid=0 tty=ssh ruser= rhost=43.255.190.138  user=root
Apr 11 03:00:26 ovzhost sshd[1075]: Connection closed by 128.8.37.104 [preauth]
Apr 11 03:00:26 ovzhost sshd[1070]: Failed password for root from 43.255.190.187 port 54682 ssh2
Apr 11 03:00:27 ovzhost sshd[1072]: pam_unix(sshd:auth): authentication failure; logname= uid=0 euid=0 tty=ssh ruser= rhost=43.255.190.138  user=root
Apr 11 03:00:28 ovzhost sshd[1072]: Failed password for root from 43.255.190.138 port 36976 ssh2
Apr 11 03:00:31 ovzhost sshd[1070]: message repeated 2 times: [ Failed password for root from 43.255.190.187 port 54682 ssh2]
Apr 11 03:00:31 ovzhost sshd[1070]: Received disconnect from 43.255.190.187: 11:  [preauth]
Apr 11 03:00:31 ovzhost sshd[1070]: PAM 2 more authentication failures; logname= uid=0 euid=0 tty=ssh ruser= rhost=43.255.190.187  user=root
Apr 11 03:00:32 ovzhost sshd[1072]: message repeated 2 times: [ Failed password for root from 43.255.190.138 port 36976 ssh2]
Apr 11 03:00:32 ovzhost sshd[1072]: Received disconnect from 43.255.190.138: 11:  [preauth]
Apr 11 03:00:32 ovzhost sshd[1072]: PAM 2 more authentication failures; logname= uid=0 euid=0 tty=ssh ruser= rhost=43.255.190.138  user=root
Apr 11 03:00:33 ovzhost sshd[1079]: pam_unix(sshd:auth): authentication failure; logname= uid=0 euid=0 tty=ssh ruser= rhost=43.255.190.138  user=root
Apr 11 03:00:34 ovzhost sshd[1077]: pam_unix(sshd:auth): authentication failure; logname= uid=0 euid=0 tty=ssh ruser= rhost=43.255.190.187  user=root
Apr 11 03:00:35 ovzhost sshd[1079]: Failed password for root from 43.255.190.138 port 53315 ssh2
Apr 11 03:00:36 ovzhost sshd[1077]: Failed password for root from 43.255.190.187 port 44748 ssh2
Apr 11 03:00:39 ovzhost sshd[1079]: message repeated 2 times: [ Failed password for root from 43.255.190.138 port 53315 ssh2]
Apr 11 03:00:39 ovzhost sshd[1079]: Received disconnect from 43.255.190.138: 11:  [preauth]
Apr 11 03:00:39 ovzhost sshd[1079]: PAM 2 more authentication failures; logname= uid=0 euid=0 tty=ssh ruser= rhost=43.255.190.138  user=root
Apr 11 03:00:40 ovzhost sshd[1081]: pam_unix(sshd:auth): authentication failure; logname= uid=0 euid=0 tty=ssh ruser= rhost=43.255.190.138  user=root
Apr 11 03:00:40 ovzhost sshd[1077]: message repeated 2 times: [ Failed password for root from 43.255.190.187 port 44748 ssh2]
Apr 11 03:00:40 ovzhost sshd[1077]: Received disconnect from 43.255.190.187: 11:  [preauth]
Apr 11 03:00:40 ovzhost sshd[1077]: PAM 2 more authentication failures; logname= uid=0 euid=0 tty=ssh ruser= rhost=43.255.190.187  user=root
Apr 11 03:00:42 ovzhost sshd[1081]: Failed password for root from 43.255.190.138 port 40780 ssh2
Apr 11 03:00:43 ovzhost sshd[1083]: pam_unix(sshd:auth): authentication failure; logname= uid=0 euid=0 tty=ssh ruser= rhost=43.255.190.187  user=root
Apr 11 03:00:46 ovzhost sshd[1083]: Failed password for root from 43.255.190.187 port 38120 ssh2
Apr 11 03:00:46 ovzhost sshd[1081]: message repeated 2 times: [ Failed password for root from 43.255.190.138 port 40780 ssh2]
Apr 11 03:00:46 ovzhost sshd[1081]: Received disconnect from 43.255.190.138: 11:  [preauth]
Apr 11 03:00:46 ovzhost sshd[1081]: PAM 2 more authentication failures; logname= uid=0 euid=0 tty=ssh ruser= rhost=43.255.190.138  user=root
Apr 11 03:00:47 ovzhost sshd[1085]: pam_unix(sshd:auth): authentication failure; logname= uid=0 euid=0 tty=ssh ruser= rhost=43.255.190.138  user=root
Apr 11 03:00:49 ovzhost sshd[1085]: Failed password for root from 43.255.190.138 port 58466 ssh2
Apr 11 03:00:50 ovzhost sshd[1083]: message repeated 2 times: [ Failed password for root from 43.255.190.187 port 38120 ssh2]
Apr 11 03:00:50 ovzhost sshd[1083]: Received disconnect from 43.255.190.187: 11:  [preauth]
Apr 11 03:00:50 ovzhost sshd[1083]: PAM 2 more authentication failures; logname= uid=0 euid=0 tty=ssh ruser= rhost=43.255.190.187  user=root
Apr 11 03:00:51 ovzhost sshd[1087]: pam_unix(sshd:auth): authentication failure; logname= uid=0 euid=0 tty=ssh ruser= rhost=43.255.190.187  user=root
Apr 11 03:00:52 ovzhost sshd[1087]: Failed password for root from 43.255.190.187 port 33300 ssh2
Apr 11 03:00:53 ovzhost sshd[1085]: message repeated 2 times: [ Failed password for root from 43.255.190.138 port 58466 ssh2]
Apr 11 03:00:53 ovzhost sshd[1085]: Received disconnect from 43.255.190.138: 11:  [preauth]
Apr 11 03:00:53 ovzhost sshd[1085]: PAM 2 more authentication failures; logname= uid=0 euid=0 tty=ssh ruser= rhost=43.255.190.138  user=root
Apr 11 03:00:54 ovzhost sshd[1089]: pam_unix(sshd:auth): authentication failure; logname= uid=0 euid=0 tty=ssh ruser= rhost=43.255.190.138  user=root
Apr 11 03:00:56 ovzhost sshd[1089]: Failed password for root from 43.255.190.138 port 50106 ssh2
Apr 11 03:00:56 ovzhost sshd[1087]: message repeated 2 times: [ Failed password for root from 43.255.190.187 port 33300 ssh2]
Apr 11 03:00:57 ovzhost sshd[1087]: Received disconnect from 43.255.190.187: 11:  [preauth]
Apr 11 03:00:57 ovzhost sshd[1087]: PAM 2 more authentication failures; logname= uid=0 euid=0 tty=ssh ruser= rhost=43.255.190.187  user=root
Apr 11 03:00:58 ovzhost sshd[1093]: pam_unix(sshd:auth): authentication failure; logname= uid=0 euid=0 tty=ssh ruser= rhost=43.255.190.187  user=root
Apr 11 03:01:00 ovzhost sshd[1093]: Failed password for root from 43.255.190.187 port 50284 ssh2
Apr 11 03:01:01 ovzhost sshd[1089]: message repeated 2 times: [ Failed password for root from 43.255.190.138 port 50106 ssh2]
Apr 11 03:01:01 ovzhost sshd[1089]: Received disconnect from 43.255.190.138: 11:  [preauth]
Apr 11 03:01:01 ovzhost sshd[1089]: PAM 2 more authentication failures; logname= uid=0 euid=0 tty=ssh ruser= rhost=43.255.190.138  user=root
Apr 11 03:01:02 ovzhost sshd[1095]: pam_unix(sshd:auth): authentication failure; logname= uid=0 euid=0 tty=ssh ruser= rhost=43.255.190.138  user=root
Apr 11 03:01:03 ovzhost sshd[1095]: Failed password for root from 43.255.190.138 port 39154 ssh2
Apr 11 03:01:03 ovzhost sshd[1093]: message repeated 2 times: [ Failed password for root from 43.255.190.187 port 50284 ssh2]
Apr 11 03:01:03 ovzhost sshd[1093]: Received disconnect from 43.255.190.187: 11:  [preauth]
Apr 11 03:01:03 ovzhost sshd[1093]: PAM 2 more authentication failures; logname= uid=0 euid=0 tty=ssh ruser= rhost=43.255.190.187  user=root
Apr 11 03:01:04 ovzhost sshd[1097]: pam_unix(sshd:auth): authentication failure; logname= uid=0 euid=0 tty=ssh ruser= rhost=43.255.190.187  user=root
Apr 11 03:01:06 ovzhost sshd[1097]: Failed password for root from 43.255.190.187 port 36959 ssh2
Apr 11 03:01:07 ovzhost sshd[1095]: message repeated 2 times: [ Failed password for root from 43.255.190.138 port 39154 ssh2]
Apr 11 03:01:07 ovzhost sshd[1095]: Received disconnect from 43.255.190.138: 11:  [preauth]
Apr 11 03:01:07 ovzhost sshd[1095]: PAM 2 more authentication failures; logname= uid=0 euid=0 tty=ssh ruser= rhost=43.255.190.138  user=root
Apr 11 03:01:08 ovzhost sshd[1099]: pam_unix(sshd:auth): authentication failure; logname= uid=0 euid=0 tty=ssh ruser= rhost=43.255.190.138  user=root
Apr 11 03:01:10 ovzhost sshd[1099]: Failed password for root from 43.255.190.138 port 54689 ssh2
Apr 11 03:01:10 ovzhost sshd[1097]: message repeated 2 times: [ Failed password for root from 43.255.190.187 port 36959 ssh2]
Apr 11 03:01:11 ovzhost sshd[1097]: Received disconnect from 43.255.190.187: 11:  [preauth]
Apr 11 03:01:11 ovzhost sshd[1097]: PAM 2 more authentication failures; logname= uid=0 euid=0 tty=ssh ruser= rhost=43.255.190.187  user=root
Apr 11 03:01:13 ovzhost sshd[1101]: pam_unix(sshd:auth): authentication failure; logname= uid=0 euid=0 tty=ssh ruser= rhost=43.255.190.187  user=root
Apr 11 03:01:15 ovzhost sshd[1101]: Failed password for root from 43.255.190.187 port 52644 ssh2
Apr 11 03:01:15 ovzhost sshd[1099]: message repeated 2 times: [ Failed password for root from 43.255.190.138 port 54689 ssh2]
Apr 11 03:01:15 ovzhost sshd[1099]: Received disconnect from 43.255.190.138: 11:  [preauth]
Apr 11 03:01:15 ovzhost sshd[1099]: PAM 2 more authentication failures; logname= uid=0 euid=0 tty=ssh ruser= rhost=43.255.190.138  user=root
Apr 11 03:01:17 ovzhost sshd[1103]: pam_unix(sshd:auth): authentication failure; logname= uid=0 euid=0 tty=ssh ruser= rhost=43.255.190.138  user=root
Apr 11 03:01:18 ovzhost sshd[1101]: message repeated 2 times: [ Failed password for root from 43.255.190.187 port 52644 ssh2]
Apr 11 03:01:18 ovzhost sshd[1101]: Received disconnect from 43.255.190.187: 11:  [preauth]
Apr 11 03:01:18 ovzhost sshd[1101]: PAM 2 more authentication failures; logname= uid=0 euid=0 tty=ssh ruser= rhost=43.255.190.187  user=root
Apr 11 03:01:19 ovzhost sshd[1103]: Failed password for root from 43.255.190.138 port 44950 ssh2
Apr 11 03:01:22 ovzhost sshd[1107]: pam_unix(sshd:auth): authentication failure; logname= uid=0 euid=0 tty=ssh ruser= rhost=43.255.190.187  user=root
Apr 11 03:01:23 ovzhost sshd[1103]: message repeated 2 times: [ Failed password for root from 43.255.190.138 port 44950 ssh2]
Apr 11 03:01:23 ovzhost sshd[1103]: Received disconnect from 43.255.190.138: 11:  [preauth]
Apr 11 03:01:23 ovzhost sshd[1103]: PAM 2 more authentication failures; logname= uid=0 euid=0 tty=ssh ruser= rhost=43.255.190.138  user=root
Apr 11 03:01:24 ovzhost sshd[1109]: pam_unix(sshd:auth): authentication failure; logname= uid=0 euid=0 tty=ssh ruser= rhost=43.255.190.138  user=root
Apr 11 03:01:24 ovzhost sshd[1107]: Failed password for root from 43.255.190.187 port 41696 ssh2
Apr 11 03:01:26 ovzhost sshd[1109]: Failed password for root from 43.255.190.138 port 35795 ssh2
Apr 11 03:01:28 ovzhost sshd[1107]: message repeated 2 times: [ Failed password for root from 43.255.190.187 port 41696 ssh2]
Apr 11 03:01:28 ovzhost sshd[1107]: Received disconnect from 43.255.190.187: 11:  [preauth]
Apr 11 03:01:28 ovzhost sshd[1107]: PAM 2 more authentication failures; logname= uid=0 euid=0 tty=ssh ruser= rhost=43.255.190.187  user=root
Apr 11 03:01:29 ovzhost sshd[1113]: pam_unix(sshd:auth): authentication failure; logname= uid=0 euid=0 tty=ssh ruser= rhost=43.255.190.187  user=root
Apr 11 03:01:29 ovzhost sshd[1109]: message repeated 2 times: [ Failed password for root from 43.255.190.138 port 35795 ssh2]
Apr 11 03:01:29 ovzhost sshd[1109]: Received disconnect from 43.255.190.138: 11:  [preauth]
Apr 11 03:01:29 ovzhost sshd[1109]: PAM 2 more authentication failures; logname= uid=0 euid=0 tty=ssh ruser= rhost=43.255.190.138  user=root
Apr 11 03:01:31 ovzhost sshd[1115]: pam_unix(sshd:auth): authentication failure; logname= uid=0 euid=0 tty=ssh ruser= rhost=43.255.190.138  user=root
Apr 11 03:01:31 ovzhost sshd[1113]: Failed password for root from 43.255.190.187 port 35811 ssh2
Apr 11 03:01:33 ovzhost sshd[1115]: Failed password for root from 43.255.190.138 port 51881 ssh2
Apr 11 03:01:35 ovzhost sshd[1113]: message repeated 2 times: [ Failed password for root from 43.255.190.187 port 35811 ssh2]
Apr 11 03:01:35 ovzhost sshd[1113]: Received disconnect from 43.255.190.187: 11:  [preauth]
Apr 11 03:01:35 ovzhost sshd[1113]: PAM 2 more authentication failures; logname= uid=0 euid=0 tty=ssh ruser= rhost=43.255.190.187  user=root
Apr 11 03:01:36 ovzhost sshd[1117]: pam_unix(sshd:auth): authentication failure; logname= uid=0 euid=0 tty=ssh ruser= rhost=43.255.190.187  user=root
Apr 11 03:01:37 ovzhost sshd[1115]: message repeated 2 times: [ Failed password for root from 43.255.190.138 port 51881 ssh2]
Apr 11 03:01:37 ovzhost sshd[1115]: Received disconnect from 43.255.190.138: 11:  [preauth]
