Apr  2 14:31:44 ovzhost sshd[780]: Connection closed by 127.0.0.1 [preauth]
Apr  2 14:35:40 ovzhost sshd[811]: Connection closed by 128.8.37.120 [preauth]
Apr  2 14:36:44 ovzhost sshd[820]: Connection closed by 127.0.0.1 [preauth]
Apr 12 23:39:01 ovzhost CRON[792]: pam_env(cron:session): Unable to open env file: /etc/default/locale: No such file or directory
Apr 12 23:39:01 ovzhost CRON[792]: pam_unix(cron:session): session opened for user root by (uid=0)
Apr 12 23:39:02 ovzhost CRON[792]: pam_unix(cron:session): session closed for user root
Apr 12 23:39:09 ovzhost sshd[803]: Invalid user manager from 80.242.123.130
Apr 12 23:39:09 ovzhost sshd[803]: input_userauth_request: invalid user manager [preauth]
Apr 12 23:39:09 ovzhost sshd[803]: pam_unix(sshd:auth): check pass; user unknown
Apr 12 23:39:09 ovzhost sshd[803]: pam_unix(sshd:auth): authentication failure; logname= uid=0 euid=0 tty=ssh ruser= rhost=130-123-242-80.pppoe.dyn.broadband.blic.net 
Apr 12 23:39:11 ovzhost sshd[803]: Failed password for invalid user manager from 80.242.123.130 port 39331 ssh2
Apr 12 23:39:11 ovzhost sshd[803]: Received disconnect from 80.242.123.130: 11: Bye Bye [preauth]
Apr 12 23:40:01 ovzhost CRON[809]: pam_env(cron:session): Unable to open env file: /etc/default/locale: No such file or directory
Apr 12 23:40:01 ovzhost CRON[809]: pam_unix(cron:session): session opened for user smmsp by (uid=0)
Apr 12 23:40:01 ovzhost CRON[809]: pam_unix(cron:session): session closed for user smmsp
Apr 12 23:40:16 ovzhost sshd[838]: Connection closed by 127.0.0.1 [preauth]
Apr 12 23:40:44 ovzhost sshd[841]: Connection closed by 128.8.37.120 [preauth]
Apr 12 23:45:16 ovzhost sshd[860]: Connection closed by 127.0.0.1 [preauth]
Apr 12 23:50:16 ovzhost sshd[883]: Connection closed by 127.0.0.1 [preauth]
Apr 12 23:50:44 ovzhost sshd[886]: Connection closed by 128.8.37.120 [preauth]
Apr 12 23:52:26 ovzhost sshd[895]: pam_unix(sshd:auth): authentication failure; logname= uid=0 euid=0 tty=ssh ruser= rhost=221.229.166.98  user=root
Apr 12 23:52:28 ovzhost sshd[895]: Failed password for root from 221.229.166.98 port 37819 ssh2
Apr 12 23:52:33 ovzhost sshd[895]: message repeated 2 times: [ Failed password for root from 221.229.166.98 port 37819 ssh2]
Apr 12 23:52:33 ovzhost sshd[895]: Received disconnect from 221.229.166.98: 11:  [preauth]
Apr 12 23:52:33 ovzhost sshd[895]: PAM 2 more authentication failures; logname= uid=0 euid=0 tty=ssh ruser= rhost=221.229.166.98  user=root
Apr 12 23:52:35 ovzhost sshd[897]: pam_unix(sshd:auth): authentication failure; logname= uid=0 euid=0 tty=ssh ruser= rhost=221.229.166.98  user=root
Apr 12 23:52:36 ovzhost sshd[897]: Failed password for root from 221.229.166.98 port 56579 ssh2
Apr 12 23:52:41 ovzhost sshd[897]: message repeated 2 times: [ Failed password for root from 221.229.166.98 port 56579 ssh2]
Apr 12 23:52:41 ovzhost sshd[897]: Received disconnect from 221.229.166.98: 11:  [preauth]
Apr 12 23:52:41 ovzhost sshd[897]: PAM 2 more authentication failures; logname= uid=0 euid=0 tty=ssh ruser= rhost=221.229.166.98  user=root
Apr 12 23:52:43 ovzhost sshd[899]: pam_unix(sshd:auth): authentication failure; logname= uid=0 euid=0 tty=ssh ruser= rhost=221.229.166.98  user=root
Apr 12 23:52:45 ovzhost sshd[899]: Failed password for root from 221.229.166.98 port 45392 ssh2
Apr 12 23:52:50 ovzhost sshd[899]: message repeated 2 times: [ Failed password for root from 221.229.166.98 port 45392 ssh2]
Apr 12 23:52:50 ovzhost sshd[899]: Received disconnect from 221.229.166.98: 11:  [preauth]
Apr 12 23:52:50 ovzhost sshd[899]: PAM 2 more authentication failures; logname= uid=0 euid=0 tty=ssh ruser= rhost=221.229.166.98  user=root
Apr 12 23:52:52 ovzhost sshd[901]: pam_unix(sshd:auth): authentication failure; logname= uid=0 euid=0 tty=ssh ruser= rhost=221.229.166.98  user=root
Apr 12 23:52:54 ovzhost sshd[901]: Failed password for root from 221.229.166.98 port 36355 ssh2
Apr 12 23:52:58 ovzhost sshd[901]: message repeated 2 times: [ Failed password for root from 221.229.166.98 port 36355 ssh2]
Apr 12 23:52:58 ovzhost sshd[901]: Received disconnect from 221.229.166.98: 11:  [preauth]
Apr 12 23:52:58 ovzhost sshd[901]: PAM 2 more authentication failures; logname= uid=0 euid=0 tty=ssh ruser= rhost=221.229.166.98  user=root
Apr 12 23:53:00 ovzhost sshd[905]: pam_unix(sshd:auth): authentication failure; logname= uid=0 euid=0 tty=ssh ruser= rhost=43.255.190.166  user=root
Apr 12 23:53:00 ovzhost sshd[903]: pam_unix(sshd:auth): authentication failure; logname= uid=0 euid=0 tty=ssh ruser= rhost=221.229.166.98  user=root
Apr 12 23:53:02 ovzhost sshd[905]: Failed password for root from 43.255.190.166 port 43519 ssh2
Apr 12 23:53:02 ovzhost sshd[903]: Failed password for root from 221.229.166.98 port 54853 ssh2
Apr 12 23:53:07 ovzhost sshd[905]: message repeated 2 times: [ Failed password for root from 43.255.190.166 port 43519 ssh2]
Apr 12 23:53:07 ovzhost sshd[905]: Received disconnect from 43.255.190.166: 11:  [preauth]
Apr 12 23:53:07 ovzhost sshd[905]: PAM 2 more authentication failures; logname= uid=0 euid=0 tty=ssh ruser= rhost=43.255.190.166  user=root
Apr 12 23:53:07 ovzhost sshd[903]: message repeated 2 times: [ Failed password for root from 221.229.166.98 port 54853 ssh2]
Apr 12 23:53:08 ovzhost sshd[903]: Received disconnect from 221.229.166.98: 11:  [preauth]
Apr 12 23:53:08 ovzhost sshd[903]: PAM 2 more authentication failures; logname= uid=0 euid=0 tty=ssh ruser= rhost=221.229.166.98  user=root
Apr 12 23:53:08 ovzhost sshd[909]: pam_unix(sshd:auth): authentication failure; logname= uid=0 euid=0 tty=ssh ruser= rhost=43.255.190.166  user=root
Apr 12 23:53:09 ovzhost sshd[909]: Failed password for root from 43.255.190.166 port 35921 ssh2
Apr 12 23:53:10 ovzhost sshd[911]: pam_unix(sshd:auth): authentication failure; logname= uid=0 euid=0 tty=ssh ruser= rhost=221.229.166.98  user=root
Apr 12 23:53:12 ovzhost sshd[911]: Failed password for root from 221.229.166.98 port 45238 ssh2
Apr 12 23:53:13 ovzhost sshd[909]: message repeated 2 times: [ Failed password for root from 43.255.190.166 port 35921 ssh2]
Apr 12 23:53:14 ovzhost sshd[909]: Received disconnect from 43.255.190.166: 11:  [preauth]
Apr 12 23:53:14 ovzhost sshd[909]: PAM 2 more authentication failures; logname= uid=0 euid=0 tty=ssh ruser= rhost=43.255.190.166  user=root
Apr 12 23:53:14 ovzhost sshd[914]: pam_unix(sshd:auth): authentication failure; logname= uid=0 euid=0 tty=ssh ruser= rhost=43.255.190.166  user=root
Apr 12 23:53:17 ovzhost sshd[914]: Failed password for root from 43.255.190.166 port 52758 ssh2
Apr 12 23:53:16 ovzhost sshd[911]: message repeated 2 times: [ Failed password for root from 221.229.166.98 port 45238 ssh2]
Apr 12 23:53:17 ovzhost sshd[911]: Received disconnect from 221.229.166.98: 11:  [preauth]
Apr 12 23:53:17 ovzhost sshd[911]: PAM 2 more authentication failures; logname= uid=0 euid=0 tty=ssh ruser= rhost=221.229.166.98  user=root
Apr 12 23:53:18 ovzhost sshd[916]: pam_unix(sshd:auth): authentication failure; logname= uid=0 euid=0 tty=ssh ruser= rhost=221.229.166.98  user=root
Apr 12 23:53:20 ovzhost sshd[916]: Failed password for root from 221.229.166.98 port 37205 ssh2
Apr 12 23:53:20 ovzhost sshd[914]: message repeated 2 times: [ Failed password for root from 43.255.190.166 port 52758 ssh2]
Apr 12 23:53:20 ovzhost sshd[914]: Received disconnect from 43.255.190.166: 11:  [preauth]
Apr 12 23:53:20 ovzhost sshd[914]: PAM 2 more authentication failures; logname= uid=0 euid=0 tty=ssh ruser= rhost=43.255.190.166  user=root
Apr 12 23:53:21 ovzhost sshd[918]: pam_unix(sshd:auth): authentication failure; logname= uid=0 euid=0 tty=ssh ruser= rhost=43.255.190.166  user=root
Apr 12 23:53:23 ovzhost sshd[918]: Failed password for root from 43.255.190.166 port 41524 ssh2
Apr 12 23:53:24 ovzhost sshd[916]: message repeated 2 times: [ Failed password for root from 221.229.166.98 port 37205 ssh2]
Apr 12 23:53:24 ovzhost sshd[916]: Received disconnect from 221.229.166.98: 11:  [preauth]
Apr 12 23:53:24 ovzhost sshd[916]: PAM 2 more authentication failures; logname= uid=0 euid=0 tty=ssh ruser= rhost=221.229.166.98  user=root
Apr 12 23:53:27 ovzhost sshd[922]: pam_unix(sshd:auth): authentication failure; logname= uid=0 euid=0 tty=ssh ruser= rhost=221.229.166.98  user=root
Apr 12 23:53:27 ovzhost sshd[918]: message repeated 2 times: [ Failed password for root from 43.255.190.166 port 41524 ssh2]
Apr 12 23:53:27 ovzhost sshd[918]: Received disconnect from 43.255.190.166: 11:  [preauth]
Apr 12 23:53:27 ovzhost sshd[918]: PAM 2 more authentication failures; logname= uid=0 euid=0 tty=ssh ruser= rhost=43.255.190.166  user=root
Apr 12 23:53:28 ovzhost sshd[924]: pam_unix(sshd:auth): authentication failure; logname= uid=0 euid=0 tty=ssh ruser= rhost=43.255.190.166  user=root
Apr 12 23:53:29 ovzhost sshd[922]: Failed password for root from 221.229.166.98 port 53465 ssh2
Apr 12 23:53:30 ovzhost sshd[924]: Failed password for root from 43.255.190.166 port 58452 ssh2
Apr 12 23:53:33 ovzhost sshd[922]: message repeated 2 times: [ Failed password for root from 221.229.166.98 port 53465 ssh2]
Apr 12 23:53:33 ovzhost sshd[922]: Received disconnect from 221.229.166.98: 11:  [preauth]
Apr 12 23:53:33 ovzhost sshd[922]: PAM 2 more authentication failures; logname= uid=0 euid=0 tty=ssh ruser= rhost=221.229.166.98  user=root
Apr 12 23:53:34 ovzhost sshd[924]: message repeated 2 times: [ Failed password for root from 43.255.190.166 port 58452 ssh2]
Apr 12 23:53:34 ovzhost sshd[924]: Received disconnect from 43.255.190.166: 11:  [preauth]
Apr 12 23:53:34 ovzhost sshd[924]: PAM 2 more authentication failures; logname= uid=0 euid=0 tty=ssh ruser= rhost=43.255.190.166  user=root
Apr 12 23:53:34 ovzhost sshd[928]: pam_unix(sshd:auth): authentication failure; logname= uid=0 euid=0 tty=ssh ruser= rhost=43.255.190.166  user=root
Apr 12 23:53:35 ovzhost sshd[926]: pam_unix(sshd:auth): authentication failure; logname= uid=0 euid=0 tty=ssh ruser= rhost=221.229.166.98  user=root
Apr 12 23:53:36 ovzhost sshd[928]: Failed password for root from 43.255.190.166 port 47270 ssh2
Apr 12 23:53:37 ovzhost sshd[926]: Failed password for root from 221.229.166.98 port 44518 ssh2
Apr 12 23:53:40 ovzhost sshd[928]: message repeated 2 times: [ Failed password for root from 43.255.190.166 port 47270 ssh2]
Apr 12 23:53:40 ovzhost sshd[928]: Received disconnect from 43.255.190.166: 11:  [preauth]
Apr 12 23:53:40 ovzhost sshd[928]: PAM 2 more authentication failures; logname= uid=0 euid=0 tty=ssh ruser= rhost=43.255.190.166  user=root
Apr 12 23:53:41 ovzhost sshd[930]: pam_unix(sshd:auth): authentication failure; logname= uid=0 euid=0 tty=ssh ruser= rhost=43.255.190.166  user=root
Apr 12 23:53:41 ovzhost sshd[926]: message repeated 2 times: [ Failed password for root from 221.229.166.98 port 44518 ssh2]
Apr 12 23:53:41 ovzhost sshd[926]: Received disconnect from 221.229.166.98: 11:  [preauth]
Apr 12 23:53:41 ovzhost sshd[926]: PAM 2 more authentication failures; logname= uid=0 euid=0 tty=ssh ruser= rhost=221.229.166.98  user=root
Apr 12 23:53:42 ovzhost sshd[930]: Failed password for root from 43.255.190.166 port 35910 ssh2
Apr 12 23:53:44 ovzhost sshd[932]: pam_unix(sshd:auth): authentication failure; logname= uid=0 euid=0 tty=ssh ruser= rhost=221.229.166.98  user=root
Apr 12 23:53:46 ovzhost sshd[932]: Failed password for root from 221.229.166.98 port 33391 ssh2
Apr 12 23:53:46 ovzhost sshd[930]: message repeated 2 times: [ Failed password for root from 43.255.190.166 port 35910 ssh2]
Apr 12 23:53:46 ovzhost sshd[930]: Received disconnect from 43.255.190.166: 11:  [preauth]
Apr 12 23:53:46 ovzhost sshd[930]: PAM 2 more authentication failures; logname= uid=0 euid=0 tty=ssh ruser= rhost=43.255.190.166  user=root
Apr 12 23:53:47 ovzhost sshd[934]: pam_unix(sshd:auth): authentication failure; logname= uid=0 euid=0 tty=ssh ruser= rhost=43.255.190.166  user=root
Apr 12 23:53:49 ovzhost sshd[934]: Failed password for root from 43.255.190.166 port 51068 ssh2
Apr 12 23:53:50 ovzhost sshd[932]: message repeated 2 times: [ Failed password for root from 221.229.166.98 port 33391 ssh2]
Apr 12 23:53:50 ovzhost sshd[932]: Received disconnect from 221.229.166.98: 11:  [preauth]
Apr 12 23:53:50 ovzhost sshd[932]: PAM 2 more authentication failures; logname= uid=0 euid=0 tty=ssh ruser= rhost=221.229.166.98  user=root
Apr 12 23:53:52 ovzhost sshd[936]: pam_unix(sshd:auth): authentication failure; logname= uid=0 euid=0 tty=ssh ruser= rhost=221.229.166.98  user=root
Apr 12 23:53:53 ovzhost sshd[934]: message repeated 2 times: [ Failed password for root from 43.255.190.166 port 51068 ssh2]
Apr 12 23:53:53 ovzhost sshd[934]: Received disconnect from 43.255.190.166: 11:  [preauth]
Apr 12 23:53:53 ovzhost sshd[934]: PAM 2 more authentication failures; logname= uid=0 euid=0 tty=ssh ruser= rhost=43.255.190.166  user=root
Apr 12 23:53:54 ovzhost sshd[938]: pam_unix(sshd:auth): authentication failure; logname= uid=0 euid=0 tty=ssh ruser= rhost=43.255.190.166  user=root
Apr 12 23:53:54 ovzhost sshd[936]: Failed password for root from 221.229.166.98 port 52397 ssh2
Apr 12 23:53:56 ovzhost sshd[938]: Failed password for root from 43.255.190.166 port 40186 ssh2
Apr 12 23:53:58 ovzhost sshd[936]: message repeated 2 times: [ Failed password for root from 221.229.166.98 port 52397 ssh2]
Apr 12 23:53:58 ovzhost sshd[936]: Received disconnect from 221.229.166.98: 11:  [preauth]
Apr 12 23:53:58 ovzhost sshd[936]: PAM 2 more authentication failures; logname= uid=0 euid=0 tty=ssh ruser= rhost=221.229.166.98  user=root
Apr 12 23:54:00 ovzhost sshd[938]: message repeated 2 times: [ Failed password for root from 43.255.190.166 port 40186 ssh2]
Apr 12 23:54:00 ovzhost sshd[938]: Received disconnect from 43.255.190.166: 11:  [preauth]
Apr 12 23:54:00 ovzhost sshd[938]: PAM 2 more authentication failures; logname= uid=0 euid=0 tty=ssh ruser= rhost=43.255.190.166  user=root
Apr 12 23:54:00 ovzhost sshd[940]: pam_unix(sshd:auth): authentication failure; logname= uid=0 euid=0 tty=ssh ruser= rhost=221.229.166.98  user=root
Apr 12 23:54:00 ovzhost sshd[942]: pam_unix(sshd:auth): authentication failure; logname= uid=0 euid=0 tty=ssh ruser= rhost=43.255.190.166  user=root
Apr 12 23:54:02 ovzhost sshd[940]: Failed password for root from 221.229.166.98 port 43338 ssh2
Apr 12 23:54:03 ovzhost sshd[942]: Failed password for root from 43.255.190.166 port 58194 ssh2
Apr 12 23:54:06 ovzhost sshd[942]: message repeated 2 times: [ Failed password for root from 43.255.190.166 port 58194 ssh2]
Apr 12 23:54:06 ovzhost sshd[942]: Received disconnect from 43.255.190.166: 11:  [preauth]
Apr 12 23:54:06 ovzhost sshd[942]: PAM 2 more authentication failures; logname= uid=0 euid=0 tty=ssh ruser= rhost=43.255.190.166  user=root
Apr 12 23:54:06 ovzhost sshd[940]: message repeated 2 times: [ Failed password for root from 221.229.166.98 port 43338 ssh2]
Apr 12 23:54:07 ovzhost sshd[940]: Received disconnect from 221.229.166.98: 11:  [preauth]
Apr 12 23:54:07 ovzhost sshd[940]: PAM 2 more authentication failures; logname= uid=0 euid=0 tty=ssh ruser= rhost=221.229.166.98  user=root
Apr 12 23:54:07 ovzhost sshd[944]: pam_unix(sshd:auth): authentication failure; logname= uid=0 euid=0 tty=ssh ruser= rhost=43.255.190.166  user=root
Apr 12 23:54:08 ovzhost sshd[946]: pam_unix(sshd:auth): authentication failure; logname= uid=0 euid=0 tty=ssh ruser= rhost=221.229.166.98  user=root
Apr 12 23:54:09 ovzhost sshd[944]: Failed password for root from 43.255.190.166 port 47022 ssh2
Apr 12 23:54:10 ovzhost sshd[946]: Failed password for root from 221.229.166.98 port 33548 ssh2
Apr 12 23:54:13 ovzhost sshd[944]: message repeated 2 times: [ Failed password for root from 43.255.190.166 port 47022 ssh2]
Apr 12 23:54:13 ovzhost sshd[944]: Received disconnect from 43.255.190.166: 11:  [preauth]
Apr 12 23:54:13 ovzhost sshd[944]: PAM 2 more authentication failures; logname= uid=0 euid=0 tty=ssh ruser= rhost=43.255.190.166  user=root
Apr 12 23:54:13 ovzhost sshd[950]: pam_unix(sshd:auth): authentication failure; logname= uid=0 euid=0 tty=ssh ruser= rhost=43.255.190.166  user=root
Apr 12 23:54:15 ovzhost sshd[946]: message repeated 2 times: [ Failed password for root from 221.229.166.98 port 33548 ssh2]
Apr 12 23:54:15 ovzhost sshd[946]: Received disconnect from 221.229.166.98: 11:  [preauth]
Apr 12 23:54:15 ovzhost sshd[946]: PAM 2 more authentication failures; logname= uid=0 euid=0 tty=ssh ruser= rhost=221.229.166.98  user=root
Apr 12 23:54:15 ovzhost sshd[950]: Failed password for root from 43.255.190.166 port 35592 ssh2
Apr 12 23:54:18 ovzhost sshd[952]: pam_unix(sshd:auth): authentication failure; logname= uid=0 euid=0 tty=ssh ruser= rhost=221.229.166.98  user=root
Apr 12 23:54:19 ovzhost sshd[950]: message repeated 2 times: [ Failed password for root from 43.255.190.166 port 35592 ssh2]
Apr 12 23:54:19 ovzhost sshd[950]: Received disconnect from 43.255.190.166: 11:  [preauth]
Apr 12 23:54:20 ovzhost sshd[950]: PAM 2 more authentication failures; logname= uid=0 euid=0 tty=ssh ruser= rhost=43.255.190.166  user=root
Apr 12 23:54:20 ovzhost sshd[952]: Failed password for root from 221.229.166.98 port 51611 ssh2
Apr 12 23:54:20 ovzhost sshd[954]: pam_unix(sshd:auth): authentication failure; logname= uid=0 euid=0 tty=ssh ruser= rhost=43.255.190.166  user=root
Apr 12 23:54:22 ovzhost sshd[954]: Failed password for root from 43.255.190.166 port 52782 ssh2
Apr 12 23:54:24 ovzhost sshd[952]: message repeated 2 times: [ Failed password for root from 221.229.166.98 port 51611 ssh2]
Apr 12 23:54:25 ovzhost sshd[952]: Received disconnect from 221.229.166.98: 11:  [preauth]
Apr 12 23:54:25 ovzhost sshd[952]: PAM 2 more authentication failures; logname= uid=0 euid=0 tty=ssh ruser= rhost=221.229.166.98  user=root
Apr 12 23:54:26 ovzhost sshd[954]: message repeated 2 times: [ Failed password for root from 43.255.190.166 port 52782 ssh2]
Apr 12 23:54:26 ovzhost sshd[954]: Received disconnect from 43.255.190.166: 11:  [preauth]
Apr 12 23:54:26 ovzhost sshd[954]: PAM 2 more authentication failures; logname= uid=0 euid=0 tty=ssh ruser= rhost=43.255.190.166  user=root
Apr 12 23:54:26 ovzhost sshd[956]: pam_unix(sshd:auth): authentication failure; logname= uid=0 euid=0 tty=ssh ruser= rhost=221.229.166.98  user=root
Apr 12 23:54:27 ovzhost sshd[958]: pam_unix(sshd:auth): authentication failure; logname= uid=0 euid=0 tty=ssh ruser= rhost=43.255.190.166  user=root
Apr 12 23:54:28 ovzhost sshd[956]: Failed password for root from 221.229.166.98 port 46483 ssh2
Apr 12 23:54:29 ovzhost sshd[958]: Failed password for root from 43.255.190.166 port 42674 ssh2
Apr 12 23:54:32 ovzhost sshd[956]: message repeated 2 times: [ Failed password for root from 221.229.166.98 port 46483 ssh2]
Apr 12 23:54:32 ovzhost sshd[956]: Received disconnect from 221.229.166.98: 11:  [preauth]
Apr 12 23:54:32 ovzhost sshd[956]: PAM 2 more authentication failures; logname= uid=0 euid=0 tty=ssh ruser= rhost=221.229.166.98  user=root
Apr 12 23:54:33 ovzhost sshd[958]: message repeated 2 times: [ Failed password for root from 43.255.190.166 port 42674 ssh2]
Apr 12 23:54:33 ovzhost sshd[958]: Received disconnect from 43.255.190.166: 11:  [preauth]
Apr 12 23:54:33 ovzhost sshd[958]: PAM 2 more authentication failures; logname= uid=0 euid=0 tty=ssh ruser= rhost=43.255.190.166  user=root
Apr 12 23:54:33 ovzhost sshd[960]: pam_unix(sshd:auth): authentication failure; logname= uid=0 euid=0 tty=ssh ruser= rhost=43.255.190.166  user=root
Apr 12 23:54:34 ovzhost sshd[962]: pam_unix(sshd:auth): authentication failure; logname= uid=0 euid=0 tty=ssh ruser= rhost=221.229.166.98  user=root
Apr 12 23:54:35 ovzhost sshd[960]: Failed password for root from 43.255.190.166 port 59446 ssh2
Apr 12 23:54:37 ovzhost sshd[962]: Failed password for root from 221.229.166.98 port 36798 ssh2
Apr 12 23:54:39 ovzhost sshd[960]: message repeated 2 times: [ Failed password for root from 43.255.190.166 port 59446 ssh2]
Apr 12 23:54:39 ovzhost sshd[960]: Received disconnect from 43.255.190.166: 11:  [preauth]
Apr 12 23:54:39 ovzhost sshd[960]: PAM 2 more authentication failures; logname= uid=0 euid=0 tty=ssh ruser= rhost=43.255.190.166  user=root
Apr 12 23:54:39 ovzhost sshd[964]: pam_unix(sshd:auth): authentication failure; logname= uid=0 euid=0 tty=ssh ruser= rhost=43.255.190.166  user=root
Apr 12 23:54:41 ovzhost sshd[964]: Failed password for root from 43.255.190.166 port 45428 ssh2
Apr 12 23:54:41 ovzhost sshd[962]: message repeated 2 times: [ Failed password for root from 221.229.166.98 port 36798 ssh2]
Apr 12 23:54:41 ovzhost sshd[962]: Received disconnect from 221.229.166.98: 11:  [preauth]
Apr 12 23:54:41 ovzhost sshd[962]: PAM 2 more authentication failures; logname= uid=0 euid=0 tty=ssh ruser= rhost=221.229.166.98  user=root
Apr 12 23:54:43 ovzhost sshd[966]: pam_unix(sshd:auth): authentication failure; logname= uid=0 euid=0 tty=ssh ruser= rhost=221.229.166.98  user=root
Apr 12 23:54:44 ovzhost sshd[966]: Failed password for root from 221.229.166.98 port 55416 ssh2
Apr 12 23:54:44 ovzhost sshd[964]: message repeated 2 times: [ Failed password for root from 43.255.190.166 port 45428 ssh2]
Apr 12 23:54:45 ovzhost sshd[964]: Received disconnect from 43.255.190.166: 11:  [preauth]
Apr 12 23:54:45 ovzhost sshd[964]: PAM 2 more authentication failures; logname= uid=0 euid=0 tty=ssh ruser= rhost=43.255.190.166  user=root
Apr 12 23:54:45 ovzhost sshd[968]: pam_unix(sshd:auth): authentication failure; logname= uid=0 euid=0 tty=ssh ruser= rhost=43.255.190.166  user=root
Apr 12 23:54:47 ovzhost sshd[968]: Failed password for root from 43.255.190.166 port 33207 ssh2
Apr 12 23:54:49 ovzhost sshd[966]: message repeated 2 times: [ Failed password for root from 221.229.166.98 port 55416 ssh2]
Apr 12 23:54:49 ovzhost sshd[966]: Received disconnect from 221.229.166.98: 11:  [preauth]
Apr 12 23:54:49 ovzhost sshd[966]: PAM 2 more authentication failures; logname= uid=0 euid=0 tty=ssh ruser= rhost=221.229.166.98  user=root
Apr 12 23:54:51 ovzhost sshd[970]: pam_unix(sshd:auth): authentication failure; logname= uid=0 euid=0 tty=ssh ruser= rhost=221.229.166.98  user=root
Apr 12 23:54:51 ovzhost sshd[968]: message repeated 2 times: [ Failed password for root from 43.255.190.166 port 33207 ssh2]
Apr 12 23:54:51 ovzhost sshd[968]: Received disconnect from 43.255.190.166: 11:  [preauth]
Apr 12 23:54:51 ovzhost sshd[968]: PAM 2 more authentication failures; logname= uid=0 euid=0 tty=ssh ruser= rhost=43.255.190.166  user=root
Apr 12 23:54:52 ovzhost sshd[972]: pam_unix(sshd:auth): authentication failure; logname= uid=0 euid=0 tty=ssh ruser= rhost=43.255.190.166  user=root
Apr 12 23:54:52 ovzhost sshd[970]: Failed password for root from 221.229.166.98 port 43702 ssh2
Apr 12 23:54:54 ovzhost sshd[972]: Failed password for root from 43.255.190.166 port 49796 ssh2
Apr 12 23:54:57 ovzhost sshd[970]: message repeated 2 times: [ Failed password for root from 221.229.166.98 port 43702 ssh2]
Apr 12 23:54:57 ovzhost sshd[970]: Received disconnect from 221.229.166.98: 11:  [preauth]
Apr 12 23:54:57 ovzhost sshd[970]: PAM 2 more authentication failures; logname= uid=0 euid=0 tty=ssh ruser= rhost=221.229.166.98  user=root
Apr 12 23:54:57 ovzhost sshd[972]: message repeated 2 times: [ Failed password for root from 43.255.190.166 port 49796 ssh2]
Apr 12 23:54:57 ovzhost sshd[972]: Received disconnect from 43.255.190.166: 11:  [preauth]
Apr 12 23:54:57 ovzhost sshd[972]: PAM 2 more authentication failures; logname= uid=0 euid=0 tty=ssh ruser= rhost=43.255.190.166  user=root
Apr 12 23:54:58 ovzhost sshd[977]: pam_unix(sshd:auth): authentication failure; logname= uid=0 euid=0 tty=ssh ruser= rhost=43.255.190.166  user=root
Apr 12 23:54:59 ovzhost sshd[974]: pam_unix(sshd:auth): authentication failure; logname= uid=0 euid=0 tty=ssh ruser= rhost=221.229.166.98  user=root
Apr 12 23:55:00 ovzhost sshd[974]: Failed password for root from 221.229.166.98 port 33153 ssh2
Apr 12 23:55:00 ovzhost sshd[977]: Failed password for root from 43.255.190.166 port 37694 ssh2
Apr 12 23:55:04 ovzhost sshd[977]: message repeated 2 times: [ Failed password for root from 43.255.190.166 port 37694 ssh2]
Apr 12 23:55:04 ovzhost sshd[977]: Received disconnect from 43.255.190.166: 11:  [preauth]
Apr 12 23:55:04 ovzhost sshd[977]: PAM 2 more authentication failures; logname= uid=0 euid=0 tty=ssh ruser= rhost=43.255.190.166  user=root
Apr 12 23:55:04 ovzhost sshd[974]: message repeated 2 times: [ Failed password for root from 221.229.166.98 port 33153 ssh2]
Apr 12 23:55:05 ovzhost sshd[974]: Received disconnect from 221.229.166.98: 11:  [preauth]
Apr 12 23:55:05 ovzhost sshd[974]: PAM 2 more authentication failures; logname= uid=0 euid=0 tty=ssh ruser= rhost=221.229.166.98  user=root
Apr 12 23:55:05 ovzhost sshd[979]: pam_unix(sshd:auth): authentication failure; logname= uid=0 euid=0 tty=ssh ruser= rhost=43.255.190.166  user=root
Apr 12 23:55:06 ovzhost sshd[981]: pam_unix(sshd:auth): authentication failure; logname= uid=0 euid=0 tty=ssh ruser= rhost=221.229.166.98  user=root
Apr 12 23:55:06 ovzhost sshd[979]: Failed password for root from 43.255.190.166 port 54699 ssh2
Apr 12 23:55:08 ovzhost sshd[981]: Failed password for root from 221.229.166.98 port 50261 ssh2
Apr 12 23:55:10 ovzhost sshd[979]: message repeated 2 times: [ Failed password for root from 43.255.190.166 port 54699 ssh2]
Apr 12 23:55:11 ovzhost sshd[979]: Received disconnect from 43.255.190.166: 11:  [preauth]
Apr 12 23:55:11 ovzhost sshd[979]: PAM 2 more authentication failures; logname= uid=0 euid=0 tty=ssh ruser= rhost=43.255.190.166  user=root
Apr 12 23:55:11 ovzhost sshd[983]: pam_unix(sshd:auth): authentication failure; logname= uid=0 euid=0 tty=ssh ruser= rhost=43.255.190.166  user=root
Apr 12 23:55:12 ovzhost sshd[981]: message repeated 2 times: [ Failed password for root from 221.229.166.98 port 50261 ssh2]
Apr 12 23:55:12 ovzhost sshd[981]: Received disconnect from 221.229.166.98: 11:  [preauth]
Apr 12 23:55:12 ovzhost sshd[981]: PAM 2 more authentication failures; logname= uid=0 euid=0 tty=ssh ruser= rhost=221.229.166.98  user=root
Apr 12 23:55:13 ovzhost sshd[983]: Failed password for root from 43.255.190.166 port 42029 ssh2
Apr 12 23:55:14 ovzhost sshd[985]: pam_unix(sshd:auth): authentication failure; logname= uid=0 euid=0 tty=ssh ruser= rhost=221.229.166.98  user=root
Apr 12 23:55:16 ovzhost sshd[983]: message repeated 2 times: [ Failed password for root from 43.255.190.166 port 42029 ssh2]
Apr 12 23:55:16 ovzhost sshd[983]: Received disconnect from 43.255.190.166: 11:  [preauth]
Apr 12 23:55:16 ovzhost sshd[983]: PAM 2 more authentication failures; logname= uid=0 euid=0 tty=ssh ruser= rhost=43.255.190.166  user=root
Apr 12 23:55:16 ovzhost sshd[989]: Connection closed by 127.0.0.1 [preauth]
Apr 12 23:55:17 ovzhost sshd[985]: Failed password for root from 221.229.166.98 port 38840 ssh2
Apr 12 23:55:17 ovzhost sshd[991]: pam_unix(sshd:auth): authentication failure; logname= uid=0 euid=0 tty=ssh ruser= rhost=43.255.190.166  user=root
Apr 12 23:55:18 ovzhost sshd[991]: Failed password for root from 43.255.190.166 port 56548 ssh2
Apr 12 23:55:20 ovzhost sshd[985]: message repeated 2 times: [ Failed password for root from 221.229.166.98 port 38840 ssh2]
Apr 12 23:55:21 ovzhost sshd[985]: Received disconnect from 221.229.166.98: 11:  [preauth]
Apr 12 23:55:21 ovzhost sshd[985]: PAM 2 more authentication failures; logname= uid=0 euid=0 tty=ssh ruser= rhost=221.229.166.98  user=root
Apr 12 23:55:22 ovzhost sshd[991]: message repeated 2 times: [ Failed password for root from 43.255.190.166 port 56548 ssh2]
Apr 12 23:55:23 ovzhost sshd[991]: Received disconnect from 43.255.190.166: 11:  [preauth]
Apr 12 23:55:23 ovzhost sshd[991]: PAM 2 more authentication failures; logname= uid=0 euid=0 tty=ssh ruser= rhost=43.255.190.166  user=root
Apr 12 23:55:23 ovzhost sshd[993]: pam_unix(sshd:auth): authentication failure; logname= uid=0 euid=0 tty=ssh ruser= rhost=221.229.166.98  user=root
Apr 12 23:55:23 ovzhost sshd[995]: pam_unix(sshd:auth): authentication failure; logname= uid=0 euid=0 tty=ssh ruser= rhost=43.255.190.166  user=root
Apr 12 23:55:25 ovzhost sshd[993]: Failed password for root from 221.229.166.98 port 57388 ssh2
Apr 12 23:55:25 ovzhost sshd[995]: Failed password for root from 43.255.190.166 port 44047 ssh2
Apr 12 23:55:29 ovzhost sshd[993]: message repeated 2 times: [ Failed password for root from 221.229.166.98 port 57388 ssh2]
Apr 12 23:55:29 ovzhost sshd[993]: Received disconnect from 221.229.166.98: 11:  [preauth]
Apr 12 23:55:29 ovzhost sshd[993]: PAM 2 more authentication failures; logname= uid=0 euid=0 tty=ssh ruser= rhost=221.229.166.98  user=root
Apr 12 23:55:30 ovzhost sshd[995]: message repeated 2 times: [ Failed password for root from 43.255.190.166 port 44047 ssh2]
Apr 12 23:55:30 ovzhost sshd[995]: Received disconnect from 43.255.190.166: 11:  [preauth]
Apr 12 23:55:30 ovzhost sshd[995]: PAM 2 more authentication failures; logname= uid=0 euid=0 tty=ssh ruser= rhost=43.255.190.166  user=root
Apr 12 23:55:30 ovzhost sshd[997]: pam_unix(sshd:auth): authentication failure; logname= uid=0 euid=0 tty=ssh ruser= rhost=43.255.190.166  user=root
Apr 12 23:55:31 ovzhost sshd[999]: pam_unix(sshd:auth): authentication failure; logname= uid=0 euid=0 tty=ssh ruser= rhost=221.229.166.98  user=root
Apr 12 23:55:32 ovzhost sshd[997]: Failed password for root from 43.255.190.166 port 60639 ssh2
Apr 12 23:55:33 ovzhost sshd[999]: Failed password for root from 221.229.166.98 port 49836 ssh2
Apr 12 23:55:36 ovzhost sshd[997]: message repeated 2 times: [ Failed password for root from 43.255.190.166 port 60639 ssh2]
Apr 12 23:55:36 ovzhost sshd[997]: Received disconnect from 43.255.190.166: 11:  [preauth]
Apr 12 23:55:36 ovzhost sshd[997]: PAM 2 more authentication failures; logname= uid=0 euid=0 tty=ssh ruser= rhost=43.255.190.166  user=root
Apr 12 23:55:37 ovzhost sshd[1001]: pam_unix(sshd:auth): authentication failure; logname= uid=0 euid=0 tty=ssh ruser= rhost=43.255.190.166  user=root
Apr 12 23:55:38 ovzhost sshd[999]: message repeated 2 times: [ Failed password for root from 221.229.166.98 port 49836 ssh2]
Apr 12 23:55:38 ovzhost sshd[999]: Received disconnect from 221.229.166.98: 11:  [preauth]
Apr 12 23:55:38 ovzhost sshd[999]: PAM 2 more authentication failures; logname= uid=0 euid=0 tty=ssh ruser= rhost=221.229.166.98  user=root
Apr 12 23:55:39 ovzhost sshd[1001]: Failed password for root from 43.255.190.166 port 48562 ssh2
Apr 12 23:55:41 ovzhost sshd[1003]: pam_unix(sshd:auth): authentication failure; logname= uid=0 euid=0 tty=ssh ruser= rhost=221.229.166.98  user=root
Apr 12 23:55:42 ovzhost sshd[1001]: message repeated 2 times: [ Failed password for root from 43.255.190.166 port 48562 ssh2]
Apr 12 23:55:42 ovzhost sshd[1001]: Received disconnect from 43.255.190.166: 11:  [preauth]
Apr 12 23:55:42 ovzhost sshd[1001]: PAM 2 more authentication failures; logname= uid=0 euid=0 tty=ssh ruser= rhost=43.255.190.166  user=root
Apr 12 23:55:43 ovzhost sshd[1003]: Failed password for root from 221.229.166.98 port 42076 ssh2
Apr 12 23:55:43 ovzhost sshd[1005]: pam_unix(sshd:auth): authentication failure; logname= uid=0 euid=0 tty=ssh ruser= rhost=43.255.190.166  user=root
Apr 12 23:55:45 ovzhost sshd[1005]: Failed password for root from 43.255.190.166 port 34341 ssh2
Apr 12 23:55:48 ovzhost sshd[1003]: message repeated 2 times: [ Failed password for root from 221.229.166.98 port 42076 ssh2]
Apr 12 23:55:48 ovzhost sshd[1003]: Received disconnect from 221.229.166.98: 11:  [preauth]
Apr 12 23:55:48 ovzhost sshd[1003]: PAM 2 more authentication failures; logname= uid=0 euid=0 tty=ssh ruser= rhost=221.229.166.98  user=root
Apr 12 23:55:49 ovzhost sshd[1005]: message repeated 2 times: [ Failed password for root from 43.255.190.166 port 34341 ssh2]
Apr 12 23:55:50 ovzhost sshd[1005]: Received disconnect from 43.255.190.166: 11:  [preauth]
Apr 12 23:55:50 ovzhost sshd[1005]: PAM 2 more authentication failures; logname= uid=0 euid=0 tty=ssh ruser= rhost=43.255.190.166  user=root
Apr 12 23:55:50 ovzhost sshd[1007]: pam_unix(sshd:auth): authentication failure; logname= uid=0 euid=0 tty=ssh ruser= rhost=43.255.190.166  user=root
Apr 12 23:55:52 ovzhost sshd[1007]: Failed password for root from 43.255.190.166 port 51493 ssh2
Apr 12 23:55:56 ovzhost sshd[1007]: message repeated 2 times: [ Failed password for root from 43.255.190.166 port 51493 ssh2]
Apr 12 23:55:57 ovzhost sshd[1007]: Received disconnect from 43.255.190.166: 11:  [preauth]
Apr 12 23:55:57 ovzhost sshd[1007]: PAM 2 more authentication failures; logname= uid=0 euid=0 tty=ssh ruser= rhost=43.255.190.166  user=root
Apr 12 23:55:58 ovzhost sshd[1009]: pam_unix(sshd:auth): authentication failure; logname= uid=0 euid=0 tty=ssh ruser= rhost=43.255.190.166  user=root
Apr 12 23:56:00 ovzhost sshd[1009]: Failed password for root from 43.255.190.166 port 40332 ssh2
Apr 12 23:56:04 ovzhost sshd[1009]: message repeated 2 times: [ Failed password for root from 43.255.190.166 port 40332 ssh2]
Apr 12 23:56:04 ovzhost sshd[1009]: Received disconnect from 43.255.190.166: 11:  [preauth]
Apr 12 23:56:04 ovzhost sshd[1009]: PAM 2 more authentication failures; logname= uid=0 euid=0 tty=ssh ruser= rhost=43.255.190.166  user=root
Apr 12 23:56:05 ovzhost sshd[1011]: pam_unix(sshd:auth): authentication failure; logname= uid=0 euid=0 tty=ssh ruser= rhost=43.255.190.166  user=root
Apr 12 23:56:07 ovzhost sshd[1011]: Failed password for root from 43.255.190.166 port 57089 ssh2
Apr 12 23:56:11 ovzhost sshd[1011]: message repeated 2 times: [ Failed password for root from 43.255.190.166 port 57089 ssh2]
Apr 12 23:56:11 ovzhost sshd[1011]: Received disconnect from 43.255.190.166: 11:  [preauth]
Apr 12 23:56:11 ovzhost sshd[1011]: PAM 2 more authentication failures; logname= uid=0 euid=0 tty=ssh ruser= rhost=43.255.190.166  user=root
Apr 12 23:56:12 ovzhost sshd[1015]: pam_unix(sshd:auth): authentication failure; logname= uid=0 euid=0 tty=ssh ruser= rhost=43.255.190.166  user=root
Apr 12 23:56:14 ovzhost sshd[1015]: Failed password for root from 43.255.190.166 port 44766 ssh2
Apr 12 23:56:18 ovzhost sshd[1015]: message repeated 2 times: [ Failed password for root from 43.255.190.166 port 44766 ssh2]
Apr 12 23:56:18 ovzhost sshd[1015]: Received disconnect from 43.255.190.166: 11:  [preauth]
Apr 12 23:56:18 ovzhost sshd[1015]: PAM 2 more authentication failures; logname= uid=0 euid=0 tty=ssh ruser= rhost=43.255.190.166  user=root
Apr 12 23:56:19 ovzhost sshd[1017]: pam_unix(sshd:auth): authentication failure; logname= uid=0 euid=0 tty=ssh ruser= rhost=43.255.190.166  user=root
Apr 12 23:56:21 ovzhost sshd[1017]: Failed password for root from 43.255.190.166 port 60646 ssh2
Apr 12 23:56:25 ovzhost sshd[1017]: message repeated 2 times: [ Failed password for root from 43.255.190.166 port 60646 ssh2]
Apr 12 23:56:25 ovzhost sshd[1017]: Received disconnect from 43.255.190.166: 11:  [preauth]
Apr 12 23:56:25 ovzhost sshd[1017]: PAM 2 more authentication failures; logname= uid=0 euid=0 tty=ssh ruser= rhost=43.255.190.166  user=root
Apr 12 23:56:25 ovzhost sshd[1019]: pam_unix(sshd:auth): authentication failure; logname= uid=0 euid=0 tty=ssh ruser= rhost=43.255.190.166  user=root
Apr 12 23:56:27 ovzhost sshd[1019]: Failed password for root from 43.255.190.166 port 46910 ssh2
Apr 12 23:56:31 ovzhost sshd[1019]: message repeated 2 times: [ Failed password for root from 43.255.190.166 port 46910 ssh2]
Apr 12 23:56:31 ovzhost sshd[1019]: Received disconnect from 43.255.190.166: 11:  [preauth]
Apr 12 23:56:31 ovzhost sshd[1019]: PAM 2 more authentication failures; logname= uid=0 euid=0 tty=ssh ruser= rhost=43.255.190.166  user=root
Apr 12 23:56:32 ovzhost sshd[1021]: pam_unix(sshd:auth): authentication failure; logname= uid=0 euid=0 tty=ssh ruser= rhost=43.255.190.166  user=root
Apr 12 23:56:34 ovzhost sshd[1021]: Failed password for root from 43.255.190.166 port 33572 ssh2
Apr 12 23:56:39 ovzhost sshd[1021]: message repeated 2 times: [ Failed password for root from 43.255.190.166 port 33572 ssh2]
Apr 12 23:56:39 ovzhost sshd[1021]: Received disconnect from 43.255.190.166: 11:  [preauth]
Apr 12 23:56:39 ovzhost sshd[1021]: PAM 2 more authentication failures; logname= uid=0 euid=0 tty=ssh ruser= rhost=43.255.190.166  user=root
Apr 12 23:56:40 ovzhost sshd[1023]: pam_unix(sshd:auth): authentication failure; logname= uid=0 euid=0 tty=ssh ruser= rhost=43.255.190.166  user=root
Apr 12 23:56:42 ovzhost sshd[1023]: Failed password for root from 43.255.190.166 port 51068 ssh2
Apr 12 23:56:46 ovzhost sshd[1023]: message repeated 2 times: [ Failed password for root from 43.255.190.166 port 51068 ssh2]
Apr 12 23:56:47 ovzhost sshd[1023]: Received disconnect from 43.255.190.166: 11:  [preauth]
Apr 12 23:56:47 ovzhost sshd[1023]: PAM 2 more authentication failures; logname= uid=0 euid=0 tty=ssh ruser= rhost=43.255.190.166  user=root
Apr 12 23:56:48 ovzhost sshd[1027]: pam_unix(sshd:auth): authentication failure; logname= uid=0 euid=0 tty=ssh ruser= rhost=43.255.190.166  user=root
Apr 12 23:56:50 ovzhost sshd[1027]: Failed password for root from 43.255.190.166 port 39435 ssh2
Apr 12 23:56:55 ovzhost sshd[1027]: message repeated 2 times: [ Failed password for root from 43.255.190.166 port 39435 ssh2]
Apr 12 23:56:55 ovzhost sshd[1027]: Received disconnect from 43.255.190.166: 11:  [preauth]
Apr 12 23:56:55 ovzhost sshd[1027]: PAM 2 more authentication failures; logname= uid=0 euid=0 tty=ssh ruser= rhost=43.255.190.166  user=root
Apr 12 23:56:55 ovzhost sshd[1029]: pam_unix(sshd:auth): authentication failure; logname= uid=0 euid=0 tty=ssh ruser= rhost=43.255.190.166  user=root
Apr 12 23:56:57 ovzhost sshd[1029]: Failed password for root from 43.255.190.166 port 57159 ssh2
Apr 12 23:57:02 ovzhost sshd[1029]: message repeated 2 times: [ Failed password for root from 43.255.190.166 port 57159 ssh2]
Apr 12 23:57:02 ovzhost sshd[1029]: Received disconnect from 43.255.190.166: 11:  [preauth]
Apr 12 23:57:02 ovzhost sshd[1029]: PAM 2 more authentication failures; logname= uid=0 euid=0 tty=ssh ruser= rhost=43.255.190.166  user=root
Apr 12 23:57:03 ovzhost sshd[1031]: pam_unix(sshd:auth): authentication failure; logname= uid=0 euid=0 tty=ssh ruser= rhost=43.255.190.166  user=root
Apr 12 23:57:05 ovzhost sshd[1031]: Failed password for root from 43.255.190.166 port 44988 ssh2
Apr 12 23:57:09 ovzhost sshd[1031]: message repeated 2 times: [ Failed password for root from 43.255.190.166 port 44988 ssh2]
Apr 12 23:57:09 ovzhost sshd[1031]: Received disconnect from 43.255.190.166: 11:  [preauth]
Apr 12 23:57:09 ovzhost sshd[1031]: PAM 2 more authentication failures; logname= uid=0 euid=0 tty=ssh ruser= rhost=43.255.190.166  user=root
Apr 12 23:57:10 ovzhost sshd[1033]: pam_unix(sshd:auth): authentication failure; logname= uid=0 euid=0 tty=ssh ruser= rhost=43.255.190.166  user=root
Apr 12 23:57:12 ovzhost sshd[1033]: Failed password for root from 43.255.190.166 port 60424 ssh2
Apr 12 23:57:17 ovzhost sshd[1033]: message repeated 2 times: [ Failed password for root from 43.255.190.166 port 60424 ssh2]
Apr 12 23:57:17 ovzhost sshd[1033]: Received disconnect from 43.255.190.166: 11:  [preauth]
Apr 12 23:57:17 ovzhost sshd[1033]: PAM 2 more authentication failures; logname= uid=0 euid=0 tty=ssh ruser= rhost=43.255.190.166  user=root
Apr 12 23:57:17 ovzhost sshd[1038]: pam_unix(sshd:auth): authentication failure; logname= uid=0 euid=0 tty=ssh ruser= rhost=43.255.190.166  user=root
Apr 12 23:57:19 ovzhost sshd[1038]: Failed password for root from 43.255.190.166 port 48373 ssh2
Apr 12 23:57:24 ovzhost sshd[1038]: message repeated 2 times: [ Failed password for root from 43.255.190.166 port 48373 ssh2]
Apr 12 23:57:24 ovzhost sshd[1038]: Received disconnect from 43.255.190.166: 11:  [preauth]
Apr 12 23:57:24 ovzhost sshd[1038]: PAM 2 more authentication failures; logname= uid=0 euid=0 tty=ssh ruser= rhost=43.255.190.166  user=root
Apr 12 23:57:24 ovzhost sshd[1040]: pam_unix(sshd:auth): authentication failure; logname= uid=0 euid=0 tty=ssh ruser= rhost=43.255.190.166  user=root
Apr 12 23:57:26 ovzhost sshd[1040]: Failed password for root from 43.255.190.166 port 36466 ssh2
Apr 12 23:57:31 ovzhost sshd[1040]: message repeated 2 times: [ Failed password for root from 43.255.190.166 port 36466 ssh2]
Apr 12 23:57:31 ovzhost sshd[1040]: Received disconnect from 43.255.190.166: 11:  [preauth]
Apr 12 23:57:31 ovzhost sshd[1040]: PAM 2 more authentication failures; logname= uid=0 euid=0 tty=ssh ruser= rhost=43.255.190.166  user=root
Apr 12 23:57:31 ovzhost sshd[1042]: pam_unix(sshd:auth): authentication failure; logname= uid=0 euid=0 tty=ssh ruser= rhost=43.255.190.166  user=root
Apr 12 23:57:34 ovzhost sshd[1042]: Failed password for root from 43.255.190.166 port 53292 ssh2
Apr 12 23:57:39 ovzhost sshd[1042]: message repeated 2 times: [ Failed password for root from 43.255.190.166 port 53292 ssh2]
Apr 12 23:57:39 ovzhost sshd[1042]: Received disconnect from 43.255.190.166: 11:  [preauth]
Apr 12 23:57:39 ovzhost sshd[1042]: PAM 2 more authentication failures; logname= uid=0 euid=0 tty=ssh ruser= rhost=43.255.190.166  user=root
Apr 12 23:57:39 ovzhost sshd[1044]: pam_unix(sshd:auth): authentication failure; logname= uid=0 euid=0 tty=ssh ruser= rhost=43.255.190.166  user=root
Apr 12 23:57:41 ovzhost sshd[1044]: Failed password for root from 43.255.190.166 port 41782 ssh2
Apr 12 23:57:45 ovzhost sshd[1044]: message repeated 2 times: [ Failed password for root from 43.255.190.166 port 41782 ssh2]
Apr 12 23:57:45 ovzhost sshd[1044]: Received disconnect from 43.255.190.166: 11:  [preauth]
Apr 12 23:57:45 ovzhost sshd[1044]: PAM 2 more authentication failures; logname= uid=0 euid=0 tty=ssh ruser= rhost=43.255.190.166  user=root
Apr 12 23:57:46 ovzhost sshd[1047]: pam_unix(sshd:auth): authentication failure; logname= uid=0 euid=0 tty=ssh ruser= rhost=43.255.190.166  user=root
Apr 12 23:57:48 ovzhost sshd[1047]: Failed password for root from 43.255.190.166 port 57431 ssh2
Apr 12 23:57:53 ovzhost sshd[1047]: message repeated 2 times: [ Failed password for root from 43.255.190.166 port 57431 ssh2]
Apr 12 23:57:53 ovzhost sshd[1047]: Received disconnect from 43.255.190.166: 11:  [preauth]
Apr 12 23:57:53 ovzhost sshd[1047]: PAM 2 more authentication failures; logname= uid=0 euid=0 tty=ssh ruser= rhost=43.255.190.166  user=root
Apr 12 23:57:53 ovzhost sshd[1049]: pam_unix(sshd:auth): authentication failure; logname= uid=0 euid=0 tty=ssh ruser= rhost=43.255.190.166  user=root
Apr 12 23:57:55 ovzhost sshd[1049]: Failed password for root from 43.255.190.166 port 44994 ssh2
Apr 12 23:58:00 ovzhost sshd[1049]: message repeated 2 times: [ Failed password for root from 43.255.190.166 port 44994 ssh2]
Apr 12 23:58:00 ovzhost sshd[1049]: Received disconnect from 43.255.190.166: 11:  [preauth]
Apr 12 23:58:00 ovzhost sshd[1049]: PAM 2 more authentication failures; logname= uid=0 euid=0 tty=ssh ruser= rhost=43.255.190.166  user=root
Apr 12 23:58:01 ovzhost sshd[1053]: pam_unix(sshd:auth): authentication failure; logname= uid=0 euid=0 tty=ssh ruser= rhost=43.255.190.166  user=root
Apr 12 23:58:03 ovzhost sshd[1053]: Failed password for root from 43.255.190.166 port 33509 ssh2
Apr 12 23:58:06 ovzhost sshd[1053]: message repeated 2 times: [ Failed password for root from 43.255.190.166 port 33509 ssh2]
Apr 12 23:58:06 ovzhost sshd[1053]: Received disconnect from 43.255.190.166: 11:  [preauth]
Apr 12 23:58:06 ovzhost sshd[1053]: PAM 2 more authentication failures; logname= uid=0 euid=0 tty=ssh ruser= rhost=43.255.190.166  user=root
Apr 12 23:58:07 ovzhost sshd[1055]: pam_unix(sshd:auth): authentication failure; logname= uid=0 euid=0 tty=ssh ruser= rhost=43.255.190.166  user=root
Apr 12 23:58:09 ovzhost sshd[1055]: Failed password for root from 43.255.190.166 port 47495 ssh2
Apr 12 23:58:13 ovzhost sshd[1055]: message repeated 2 times: [ Failed password for root from 43.255.190.166 port 47495 ssh2]
Apr 12 23:58:13 ovzhost sshd[1055]: Received disconnect from 43.255.190.166: 11:  [preauth]
Apr 12 23:58:13 ovzhost sshd[1055]: PAM 2 more authentication failures; logname= uid=0 euid=0 tty=ssh ruser= rhost=43.255.190.166  user=root
Apr 12 23:58:14 ovzhost sshd[1058]: pam_unix(sshd:auth): authentication failure; logname= uid=0 euid=0 tty=ssh ruser= rhost=43.255.190.166  user=root
Apr 12 23:58:16 ovzhost sshd[1058]: Failed password for root from 43.255.190.166 port 34112 ssh2
Apr 12 23:58:20 ovzhost sshd[1058]: message repeated 2 times: [ Failed password for root from 43.255.190.166 port 34112 ssh2]
Apr 12 23:58:20 ovzhost sshd[1058]: Received disconnect from 43.255.190.166: 11:  [preauth]
Apr 12 23:58:20 ovzhost sshd[1058]: PAM 2 more authentication failures; logname= uid=0 euid=0 tty=ssh ruser= rhost=43.255.190.166  user=root
Apr 12 23:58:22 ovzhost sshd[1060]: pam_unix(sshd:auth): authentication failure; logname= uid=0 euid=0 tty=ssh ruser= rhost=43.255.190.166  user=root
Apr 12 23:58:24 ovzhost sshd[1060]: Failed password for root from 43.255.190.166 port 50350 ssh2
Apr 12 23:58:28 ovzhost sshd[1060]: message repeated 2 times: [ Failed password for root from 43.255.190.166 port 50350 ssh2]
Apr 12 23:58:28 ovzhost sshd[1060]: Received disconnect from 43.255.190.166: 11:  [preauth]
Apr 12 23:58:28 ovzhost sshd[1060]: PAM 2 more authentication failures; logname= uid=0 euid=0 tty=ssh ruser= rhost=43.255.190.166  user=root
Apr 12 23:58:29 ovzhost sshd[1064]: pam_unix(sshd:auth): authentication failure; logname= uid=0 euid=0 tty=ssh ruser= rhost=43.255.190.166  user=root
Apr 12 23:58:31 ovzhost sshd[1064]: Failed password for root from 43.255.190.166 port 40956 ssh2
Apr 12 23:58:36 ovzhost sshd[1064]: message repeated 2 times: [ Failed password for root from 43.255.190.166 port 40956 ssh2]
Apr 12 23:58:36 ovzhost sshd[1064]: Received disconnect from 43.255.190.166: 11:  [preauth]
Apr 12 23:58:36 ovzhost sshd[1064]: PAM 2 more authentication failures; logname= uid=0 euid=0 tty=ssh ruser= rhost=43.255.190.166  user=root
Apr 12 23:58:36 ovzhost sshd[1066]: pam_unix(sshd:auth): authentication failure; logname= uid=0 euid=0 tty=ssh ruser= rhost=43.255.190.166  user=root
Apr 12 23:58:38 ovzhost sshd[1066]: Failed password for root from 43.255.190.166 port 58618 ssh2
Apr 12 23:58:41 ovzhost sshd[1066]: message repeated 2 times: [ Failed password for root from 43.255.190.166 port 58618 ssh2]
Apr 12 23:58:41 ovzhost sshd[1066]: Received disconnect from 43.255.190.166: 11:  [preauth]
Apr 12 23:58:41 ovzhost sshd[1066]: PAM 2 more authentication failures; logname= uid=0 euid=0 tty=ssh ruser= rhost=43.255.190.166  user=root
Apr 12 23:58:42 ovzhost sshd[1070]: pam_unix(sshd:auth): authentication failure; logname= uid=0 euid=0 tty=ssh ruser= rhost=43.255.190.166  user=root
Apr 12 23:58:44 ovzhost sshd[1070]: Failed password for root from 43.255.190.166 port 46503 ssh2
Apr 12 23:58:49 ovzhost sshd[1070]: message repeated 2 times: [ Failed password for root from 43.255.190.166 port 46503 ssh2]
Apr 12 23:58:49 ovzhost sshd[1070]: Received disconnect from 43.255.190.166: 11:  [preauth]
Apr 12 23:58:49 ovzhost sshd[1070]: PAM 2 more authentication failures; logname= uid=0 euid=0 tty=ssh ruser= rhost=43.255.190.166  user=root
Apr 12 23:58:50 ovzhost sshd[1072]: pam_unix(sshd:auth): authentication failure; logname= uid=0 euid=0 tty=ssh ruser= rhost=43.255.190.166  user=root
Apr 12 23:58:51 ovzhost sshd[1072]: Failed password for root from 43.255.190.166 port 37185 ssh2
Apr 12 23:58:56 ovzhost sshd[1072]: message repeated 2 times: [ Failed password for root from 43.255.190.166 port 37185 ssh2]
Apr 12 23:58:56 ovzhost sshd[1072]: Received disconnect from 43.255.190.166: 11:  [preauth]
Apr 12 23:58:56 ovzhost sshd[1072]: PAM 2 more authentication failures; logname= uid=0 euid=0 tty=ssh ruser= rhost=43.255.190.166  user=root
Apr 12 23:58:58 ovzhost sshd[1074]: pam_unix(sshd:auth): authentication failure; logname= uid=0 euid=0 tty=ssh ruser= rhost=43.255.190.166  user=root
Apr 12 23:59:00 ovzhost sshd[1074]: Failed password for root from 43.255.190.166 port 54448 ssh2
Apr 12 23:59:04 ovzhost sshd[1074]: message repeated 2 times: [ Failed password for root from 43.255.190.166 port 54448 ssh2]
Apr 12 23:59:04 ovzhost sshd[1074]: Received disconnect from 43.255.190.166: 11:  [preauth]
Apr 12 23:59:04 ovzhost sshd[1074]: PAM 2 more authentication failures; logname= uid=0 euid=0 tty=ssh ruser= rhost=43.255.190.166  user=root
Apr 12 23:59:05 ovzhost sshd[1076]: pam_unix(sshd:auth): authentication failure; logname= uid=0 euid=0 tty=ssh ruser= rhost=43.255.190.166  user=root
Apr 12 23:59:07 ovzhost sshd[1076]: Failed password for root from 43.255.190.166 port 47222 ssh2
Apr 12 23:59:11 ovzhost sshd[1076]: message repeated 2 times: [ Failed password for root from 43.255.190.166 port 47222 ssh2]
Apr 12 23:59:11 ovzhost sshd[1076]: Received disconnect from 43.255.190.166: 11:  [preauth]
Apr 12 23:59:11 ovzhost sshd[1076]: PAM 2 more authentication failures; logname= uid=0 euid=0 tty=ssh ruser= rhost=43.255.190.166  user=root
Apr 12 23:59:12 ovzhost sshd[1078]: pam_unix(sshd:auth): authentication failure; logname= uid=0 euid=0 tty=ssh ruser= rhost=43.255.190.166  user=root
Apr 12 23:59:14 ovzhost sshd[1078]: Failed password for root from 43.255.190.166 port 38147 ssh2
Apr 12 23:59:18 ovzhost sshd[1078]: message repeated 2 times: [ Failed password for root from 43.255.190.166 port 38147 ssh2]
Apr 12 23:59:18 ovzhost sshd[1078]: Received disconnect from 43.255.190.166: 11:  [preauth]
Apr 12 23:59:18 ovzhost sshd[1078]: PAM 2 more authentication failures; logname= uid=0 euid=0 tty=ssh ruser= rhost=43.255.190.166  user=root
Apr 12 23:59:19 ovzhost sshd[1082]: pam_unix(sshd:auth): authentication failure; logname= uid=0 euid=0 tty=ssh ruser= rhost=43.255.190.166  user=root
Apr 12 23:59:21 ovzhost sshd[1082]: Failed password for root from 43.255.190.166 port 56814 ssh2
Apr 12 23:59:25 ovzhost sshd[1082]: message repeated 2 times: [ Failed password for root from 43.255.190.166 port 56814 ssh2]
