Apr 12 23:59:25 ovzhost sshd[1082]: Received disconnect from 43.255.190.166: 11:  [preauth]
Apr 12 23:59:25 ovzhost sshd[1082]: PAM 2 more authentication failures; logname= uid=0 euid=0 tty=ssh ruser= rhost=43.255.190.166  user=root
Apr 12 23:59:25 ovzhost sshd[1084]: pam_unix(sshd:auth): authentication failure; logname= uid=0 euid=0 tty=ssh ruser= rhost=43.255.190.166  user=root
Apr 12 23:59:27 ovzhost sshd[1084]: Failed password for root from 43.255.190.166 port 47926 ssh2
Apr 12 23:59:31 ovzhost sshd[1084]: message repeated 2 times: [ Failed password for root from 43.255.190.166 port 47926 ssh2]
Apr 12 23:59:31 ovzhost sshd[1084]: Received disconnect from 43.255.190.166: 11:  [preauth]
Apr 12 23:59:31 ovzhost sshd[1084]: PAM 2 more authentication failures; logname= uid=0 euid=0 tty=ssh ruser= rhost=43.255.190.166  user=root
Apr 12 23:59:32 ovzhost sshd[1086]: pam_unix(sshd:auth): authentication failure; logname= uid=0 euid=0 tty=ssh ruser= rhost=43.255.190.166  user=root
Apr 12 23:59:34 ovzhost sshd[1086]: Failed password for root from 43.255.190.166 port 37101 ssh2
Apr 12 23:59:38 ovzhost sshd[1086]: message repeated 2 times: [ Failed password for root from 43.255.190.166 port 37101 ssh2]
Apr 12 23:59:38 ovzhost sshd[1086]: Received disconnect from 43.255.190.166: 11:  [preauth]
Apr 12 23:59:38 ovzhost sshd[1086]: PAM 2 more authentication failures; logname= uid=0 euid=0 tty=ssh ruser= rhost=43.255.190.166  user=root
Apr 12 23:59:38 ovzhost sshd[1088]: pam_unix(sshd:auth): authentication failure; logname= uid=0 euid=0 tty=ssh ruser= rhost=43.255.190.166  user=root
Apr 12 23:59:40 ovzhost sshd[1088]: Failed password for root from 43.255.190.166 port 56632 ssh2
Apr 12 23:59:45 ovzhost sshd[1088]: message repeated 2 times: [ Failed password for root from 43.255.190.166 port 56632 ssh2]
Apr 12 23:59:45 ovzhost sshd[1088]: Received disconnect from 43.255.190.166: 11:  [preauth]
Apr 12 23:59:45 ovzhost sshd[1088]: PAM 2 more authentication failures; logname= uid=0 euid=0 tty=ssh ruser= rhost=43.255.190.166  user=root
Apr 12 23:59:45 ovzhost sshd[1091]: pam_unix(sshd:auth): authentication failure; logname= uid=0 euid=0 tty=ssh ruser= rhost=43.255.190.166  user=root
Apr 12 23:59:48 ovzhost sshd[1091]: Failed password for root from 43.255.190.166 port 46976 ssh2
Apr 12 23:59:51 ovzhost sshd[1091]: message repeated 2 times: [ Failed password for root from 43.255.190.166 port 46976 ssh2]
Apr 12 23:59:51 ovzhost sshd[1091]: Received disconnect from 43.255.190.166: 11:  [preauth]
Apr 12 23:59:51 ovzhost sshd[1091]: PAM 2 more authentication failures; logname= uid=0 euid=0 tty=ssh ruser= rhost=43.255.190.166  user=root
Apr 12 23:59:52 ovzhost sshd[1093]: pam_unix(sshd:auth): authentication failure; logname= uid=0 euid=0 tty=ssh ruser= rhost=43.255.190.166  user=root
Apr 12 23:59:54 ovzhost sshd[1093]: Failed password for root from 43.255.190.166 port 37002 ssh2
Apr 12 23:59:58 ovzhost sshd[1093]: message repeated 2 times: [ Failed password for root from 43.255.190.166 port 37002 ssh2]
Apr 12 23:59:58 ovzhost sshd[1093]: Received disconnect from 43.255.190.166: 11:  [preauth]
Apr 12 23:59:58 ovzhost sshd[1093]: PAM 2 more authentication failures; logname= uid=0 euid=0 tty=ssh ruser= rhost=43.255.190.166  user=root
Apr 12 23:59:59 ovzhost sshd[1096]: pam_unix(sshd:auth): authentication failure; logname= uid=0 euid=0 tty=ssh ruser= rhost=43.255.190.166  user=root
Apr 13 00:00:00 ovzhost sshd[1096]: Failed password for root from 43.255.190.166 port 56609 ssh2
Apr 13 00:00:01 ovzhost CRON[1098]: pam_env(cron:session): Unable to open env file: /etc/default/locale: No such file or directory
Apr 13 00:00:01 ovzhost CRON[1098]: pam_unix(cron:session): session opened for user smmsp by (uid=0)
Apr 13 00:00:01 ovzhost CRON[1098]: pam_unix(cron:session): session closed for user smmsp
Apr 13 00:00:04 ovzhost sshd[1096]: message repeated 2 times: [ Failed password for root from 43.255.190.166 port 56609 ssh2]
Apr 13 00:00:04 ovzhost sshd[1096]: Received disconnect from 43.255.190.166: 11:  [preauth]
Apr 13 00:00:04 ovzhost sshd[1096]: PAM 2 more authentication failures; logname= uid=0 euid=0 tty=ssh ruser= rhost=43.255.190.166  user=root
Apr 13 00:00:04 ovzhost sshd[1124]: pam_unix(sshd:auth): authentication failure; logname= uid=0 euid=0 tty=ssh ruser= rhost=43.255.190.166  user=root
Apr 13 00:00:07 ovzhost sshd[1124]: Failed password for root from 43.255.190.166 port 45571 ssh2
Apr 13 00:00:11 ovzhost sshd[1124]: message repeated 2 times: [ Failed password for root from 43.255.190.166 port 45571 ssh2]
Apr 13 00:00:11 ovzhost sshd[1124]: Received disconnect from 43.255.190.166: 11:  [preauth]
Apr 13 00:00:11 ovzhost sshd[1124]: PAM 2 more authentication failures; logname= uid=0 euid=0 tty=ssh ruser= rhost=43.255.190.166  user=root
Apr 13 00:00:11 ovzhost sshd[1126]: pam_unix(sshd:auth): authentication failure; logname= uid=0 euid=0 tty=ssh ruser= rhost=43.255.190.166  user=root
Apr 13 00:00:13 ovzhost sshd[1126]: Failed password for root from 43.255.190.166 port 37186 ssh2
Apr 13 00:00:16 ovzhost sshd[1130]: Connection closed by 127.0.0.1 [preauth]
Apr 13 00:00:18 ovzhost sshd[1126]: message repeated 2 times: [ Failed password for root from 43.255.190.166 port 37186 ssh2]
Apr 13 00:00:18 ovzhost sshd[1126]: Received disconnect from 43.255.190.166: 11:  [preauth]
Apr 13 00:00:18 ovzhost sshd[1126]: PAM 2 more authentication failures; logname= uid=0 euid=0 tty=ssh ruser= rhost=43.255.190.166  user=root
Apr 13 00:00:18 ovzhost sshd[1132]: pam_unix(sshd:auth): authentication failure; logname= uid=0 euid=0 tty=ssh ruser= rhost=43.255.190.166  user=root
Apr 13 00:00:20 ovzhost sshd[1132]: Failed password for root from 43.255.190.166 port 56535 ssh2
Apr 13 00:00:24 ovzhost sshd[1132]: message repeated 2 times: [ Failed password for root from 43.255.190.166 port 56535 ssh2]
Apr 13 00:00:24 ovzhost sshd[1132]: Received disconnect from 43.255.190.166: 11:  [preauth]
Apr 13 00:00:24 ovzhost sshd[1132]: PAM 2 more authentication failures; logname= uid=0 euid=0 tty=ssh ruser= rhost=43.255.190.166  user=root
Apr 13 00:00:25 ovzhost sshd[1134]: pam_unix(sshd:auth): authentication failure; logname= uid=0 euid=0 tty=ssh ruser= rhost=43.255.190.166  user=root
Apr 13 00:00:27 ovzhost sshd[1134]: Failed password for root from 43.255.190.166 port 47829 ssh2
Apr 13 00:00:30 ovzhost sshd[1134]: message repeated 2 times: [ Failed password for root from 43.255.190.166 port 47829 ssh2]
Apr 13 00:00:31 ovzhost sshd[1134]: Received disconnect from 43.255.190.166: 11:  [preauth]
Apr 13 00:00:31 ovzhost sshd[1134]: PAM 2 more authentication failures; logname= uid=0 euid=0 tty=ssh ruser= rhost=43.255.190.166  user=root
Apr 13 00:00:31 ovzhost sshd[1136]: pam_unix(sshd:auth): authentication failure; logname= uid=0 euid=0 tty=ssh ruser= rhost=43.255.190.166  user=root
Apr 13 00:00:33 ovzhost sshd[1136]: Failed password for root from 43.255.190.166 port 37616 ssh2
Apr 13 00:00:37 ovzhost sshd[1136]: message repeated 2 times: [ Failed password for root from 43.255.190.166 port 37616 ssh2]
Apr 13 00:00:37 ovzhost sshd[1136]: Received disconnect from 43.255.190.166: 11:  [preauth]
Apr 13 00:00:37 ovzhost sshd[1136]: PAM 2 more authentication failures; logname= uid=0 euid=0 tty=ssh ruser= rhost=43.255.190.166  user=root
Apr 13 00:00:40 ovzhost sshd[1138]: pam_unix(sshd:auth): authentication failure; logname= uid=0 euid=0 tty=ssh ruser= rhost=43.255.190.166  user=root
Apr 13 00:00:42 ovzhost sshd[1138]: Failed password for root from 43.255.190.166 port 55774 ssh2
Apr 13 00:00:44 ovzhost sshd[1141]: Connection closed by 128.8.37.120 [preauth]
Apr 13 00:00:46 ovzhost sshd[1138]: message repeated 2 times: [ Failed password for root from 43.255.190.166 port 55774 ssh2]
Apr 13 00:00:46 ovzhost sshd[1138]: Received disconnect from 43.255.190.166: 11:  [preauth]
Apr 13 00:00:46 ovzhost sshd[1138]: PAM 2 more authentication failures; logname= uid=0 euid=0 tty=ssh ruser= rhost=43.255.190.166  user=root
Apr 13 00:00:48 ovzhost sshd[1143]: pam_unix(sshd:auth): authentication failure; logname= uid=0 euid=0 tty=ssh ruser= rhost=43.255.190.166  user=root
Apr 13 00:00:49 ovzhost sshd[1143]: Failed password for root from 43.255.190.166 port 55653 ssh2
Apr 13 00:00:54 ovzhost sshd[1143]: message repeated 2 times: [ Failed password for root from 43.255.190.166 port 55653 ssh2]
Apr 13 00:00:54 ovzhost sshd[1143]: Received disconnect from 43.255.190.166: 11:  [preauth]
Apr 13 00:00:54 ovzhost sshd[1143]: PAM 2 more authentication failures; logname= uid=0 euid=0 tty=ssh ruser= rhost=43.255.190.166  user=root
Apr 13 00:00:54 ovzhost sshd[1145]: pam_unix(sshd:auth): authentication failure; logname= uid=0 euid=0 tty=ssh ruser= rhost=43.255.190.166  user=root
Apr 13 00:00:56 ovzhost sshd[1145]: Failed password for root from 43.255.190.166 port 48226 ssh2
Apr 13 00:01:00 ovzhost sshd[1145]: message repeated 2 times: [ Failed password for root from 43.255.190.166 port 48226 ssh2]
Apr 13 00:01:00 ovzhost sshd[1145]: Received disconnect from 43.255.190.166: 11:  [preauth]
Apr 13 00:01:00 ovzhost sshd[1145]: PAM 2 more authentication failures; logname= uid=0 euid=0 tty=ssh ruser= rhost=43.255.190.166  user=root
Apr 13 00:01:01 ovzhost sshd[1147]: pam_unix(sshd:auth): authentication failure; logname= uid=0 euid=0 tty=ssh ruser= rhost=43.255.190.166  user=root
Apr 13 00:01:03 ovzhost sshd[1147]: Failed password for root from 43.255.190.166 port 39399 ssh2
Apr 13 00:01:07 ovzhost sshd[1147]: message repeated 2 times: [ Failed password for root from 43.255.190.166 port 39399 ssh2]
Apr 13 00:01:07 ovzhost sshd[1147]: Received disconnect from 43.255.190.166: 11:  [preauth]
Apr 13 00:01:07 ovzhost sshd[1147]: PAM 2 more authentication failures; logname= uid=0 euid=0 tty=ssh ruser= rhost=43.255.190.166  user=root
Apr 13 00:01:07 ovzhost sshd[1149]: pam_unix(sshd:auth): authentication failure; logname= uid=0 euid=0 tty=ssh ruser= rhost=43.255.190.166  user=root
Apr 13 00:01:09 ovzhost sshd[1149]: Failed password for root from 43.255.190.166 port 58990 ssh2
Apr 13 00:01:13 ovzhost sshd[1149]: message repeated 2 times: [ Failed password for root from 43.255.190.166 port 58990 ssh2]
Apr 13 00:01:13 ovzhost sshd[1149]: Received disconnect from 43.255.190.166: 11:  [preauth]
Apr 13 00:01:13 ovzhost sshd[1149]: PAM 2 more authentication failures; logname= uid=0 euid=0 tty=ssh ruser= rhost=43.255.190.166  user=root
Apr 13 00:01:13 ovzhost sshd[1151]: pam_unix(sshd:auth): authentication failure; logname= uid=0 euid=0 tty=ssh ruser= rhost=43.255.190.166  user=root
Apr 13 00:01:16 ovzhost sshd[1151]: Failed password for root from 43.255.190.166 port 49044 ssh2
Apr 13 00:01:19 ovzhost sshd[1151]: message repeated 2 times: [ Failed password for root from 43.255.190.166 port 49044 ssh2]
Apr 13 00:01:19 ovzhost sshd[1151]: Received disconnect from 43.255.190.166: 11:  [preauth]
Apr 13 00:01:19 ovzhost sshd[1151]: PAM 2 more authentication failures; logname= uid=0 euid=0 tty=ssh ruser= rhost=43.255.190.166  user=root
Apr 13 00:05:16 ovzhost sshd[1170]: Connection closed by 127.0.0.1 [preauth]
Apr 13 00:09:01 ovzhost CRON[1187]: pam_env(cron:session): Unable to open env file: /etc/default/locale: No such file or directory
Apr 13 00:09:01 ovzhost CRON[1188]: pam_env(cron:session): Unable to open env file: /etc/default/locale: No such file or directory
Apr 13 00:09:01 ovzhost CRON[1188]: pam_unix(cron:session): session opened for user root by (uid=0)
Apr 13 00:09:01 ovzhost CRON[1187]: pam_unix(cron:session): session opened for user root by (uid=0)
Apr 13 00:09:01 ovzhost CRON[1187]: pam_unix(cron:session): session closed for user root
Apr 13 00:09:01 ovzhost CRON[1188]: pam_unix(cron:session): session closed for user root
Apr 13 00:10:16 ovzhost sshd[1207]: Connection closed by 127.0.0.1 [preauth]
Apr 13 00:10:44 ovzhost sshd[1210]: Connection closed by 128.8.37.120 [preauth]
Apr 13 00:15:16 ovzhost sshd[1229]: Connection closed by 127.0.0.1 [preauth]
Apr 13 00:18:31 ovzhost sshd[1242]: pam_unix(sshd:auth): authentication failure; logname= uid=0 euid=0 tty=ssh ruser= rhost=43.255.190.163  user=root
Apr 13 00:18:33 ovzhost sshd[1242]: Failed password for root from 43.255.190.163 port 49248 ssh2
Apr 13 00:18:37 ovzhost sshd[1242]: message repeated 2 times: [ Failed password for root from 43.255.190.163 port 49248 ssh2]
Apr 13 00:18:37 ovzhost sshd[1242]: Received disconnect from 43.255.190.163: 11:  [preauth]
Apr 13 00:18:37 ovzhost sshd[1242]: PAM 2 more authentication failures; logname= uid=0 euid=0 tty=ssh ruser= rhost=43.255.190.163  user=root
Apr 13 00:18:38 ovzhost sshd[1244]: pam_unix(sshd:auth): authentication failure; logname= uid=0 euid=0 tty=ssh ruser= rhost=43.255.190.163  user=root
Apr 13 00:18:40 ovzhost sshd[1244]: Failed password for root from 43.255.190.163 port 37907 ssh2
Apr 13 00:18:44 ovzhost sshd[1244]: message repeated 2 times: [ Failed password for root from 43.255.190.163 port 37907 ssh2]
Apr 13 00:18:44 ovzhost sshd[1244]: Received disconnect from 43.255.190.163: 11:  [preauth]
Apr 13 00:18:44 ovzhost sshd[1244]: PAM 2 more authentication failures; logname= uid=0 euid=0 tty=ssh ruser= rhost=43.255.190.163  user=root
Apr 13 00:18:44 ovzhost sshd[1250]: pam_unix(sshd:auth): authentication failure; logname= uid=0 euid=0 tty=ssh ruser= rhost=43.255.190.163  user=root
Apr 13 00:18:46 ovzhost sshd[1250]: Failed password for root from 43.255.190.163 port 56599 ssh2
Apr 13 00:18:50 ovzhost sshd[1250]: message repeated 2 times: [ Failed password for root from 43.255.190.163 port 56599 ssh2]
Apr 13 00:18:50 ovzhost sshd[1250]: Received disconnect from 43.255.190.163: 11:  [preauth]
Apr 13 00:18:50 ovzhost sshd[1250]: PAM 2 more authentication failures; logname= uid=0 euid=0 tty=ssh ruser= rhost=43.255.190.163  user=root
Apr 13 00:18:51 ovzhost sshd[1252]: pam_unix(sshd:auth): authentication failure; logname= uid=0 euid=0 tty=ssh ruser= rhost=43.255.190.163  user=root
Apr 13 00:18:53 ovzhost sshd[1252]: Failed password for root from 43.255.190.163 port 46544 ssh2
Apr 13 00:18:56 ovzhost sshd[1252]: message repeated 2 times: [ Failed password for root from 43.255.190.163 port 46544 ssh2]
Apr 13 00:18:56 ovzhost sshd[1252]: Received disconnect from 43.255.190.163: 11:  [preauth]
Apr 13 00:18:56 ovzhost sshd[1252]: PAM 2 more authentication failures; logname= uid=0 euid=0 tty=ssh ruser= rhost=43.255.190.163  user=root
Apr 13 00:18:57 ovzhost sshd[1254]: pam_unix(sshd:auth): authentication failure; logname= uid=0 euid=0 tty=ssh ruser= rhost=43.255.190.163  user=root
Apr 13 00:18:59 ovzhost sshd[1254]: Failed password for root from 43.255.190.163 port 34703 ssh2
Apr 13 00:19:04 ovzhost sshd[1254]: message repeated 2 times: [ Failed password for root from 43.255.190.163 port 34703 ssh2]
Apr 13 00:19:04 ovzhost sshd[1254]: Received disconnect from 43.255.190.163: 11:  [preauth]
Apr 13 00:19:04 ovzhost sshd[1254]: PAM 2 more authentication failures; logname= uid=0 euid=0 tty=ssh ruser= rhost=43.255.190.163  user=root
Apr 13 00:19:05 ovzhost sshd[1256]: pam_unix(sshd:auth): authentication failure; logname= uid=0 euid=0 tty=ssh ruser= rhost=43.255.190.163  user=root
Apr 13 00:19:06 ovzhost sshd[1256]: Failed password for root from 43.255.190.163 port 53860 ssh2
Apr 13 00:19:10 ovzhost sshd[1256]: message repeated 2 times: [ Failed password for root from 43.255.190.163 port 53860 ssh2]
Apr 13 00:19:10 ovzhost sshd[1256]: Received disconnect from 43.255.190.163: 11:  [preauth]
Apr 13 00:19:10 ovzhost sshd[1256]: PAM 2 more authentication failures; logname= uid=0 euid=0 tty=ssh ruser= rhost=43.255.190.163  user=root
Apr 13 00:19:10 ovzhost sshd[1258]: pam_unix(sshd:auth): authentication failure; logname= uid=0 euid=0 tty=ssh ruser= rhost=43.255.190.163  user=root
Apr 13 00:19:12 ovzhost sshd[1258]: Failed password for root from 43.255.190.163 port 41020 ssh2
Apr 13 00:19:16 ovzhost sshd[1258]: message repeated 2 times: [ Failed password for root from 43.255.190.163 port 41020 ssh2]
Apr 13 00:19:16 ovzhost sshd[1258]: Received disconnect from 43.255.190.163: 11:  [preauth]
Apr 13 00:19:16 ovzhost sshd[1258]: PAM 2 more authentication failures; logname= uid=0 euid=0 tty=ssh ruser= rhost=43.255.190.163  user=root
Apr 13 00:19:17 ovzhost sshd[1262]: pam_unix(sshd:auth): authentication failure; logname= uid=0 euid=0 tty=ssh ruser= rhost=43.255.190.163  user=root
Apr 13 00:19:18 ovzhost sshd[1262]: Failed password for root from 43.255.190.163 port 58342 ssh2
Apr 13 00:19:22 ovzhost sshd[1262]: message repeated 2 times: [ Failed password for root from 43.255.190.163 port 58342 ssh2]
Apr 13 00:19:23 ovzhost sshd[1262]: Received disconnect from 43.255.190.163: 11:  [preauth]
Apr 13 00:19:23 ovzhost sshd[1262]: PAM 2 more authentication failures; logname= uid=0 euid=0 tty=ssh ruser= rhost=43.255.190.163  user=root
Apr 13 00:19:23 ovzhost sshd[1264]: pam_unix(sshd:auth): authentication failure; logname= uid=0 euid=0 tty=ssh ruser= rhost=43.255.190.163  user=root
Apr 13 00:19:25 ovzhost sshd[1264]: Failed password for root from 43.255.190.163 port 46685 ssh2
Apr 13 00:19:29 ovzhost sshd[1264]: message repeated 2 times: [ Failed password for root from 43.255.190.163 port 46685 ssh2]
Apr 13 00:19:29 ovzhost sshd[1264]: Received disconnect from 43.255.190.163: 11:  [preauth]
Apr 13 00:19:29 ovzhost sshd[1264]: PAM 2 more authentication failures; logname= uid=0 euid=0 tty=ssh ruser= rhost=43.255.190.163  user=root
Apr 13 00:19:30 ovzhost sshd[1266]: pam_unix(sshd:auth): authentication failure; logname= uid=0 euid=0 tty=ssh ruser= rhost=43.255.190.163  user=root
Apr 13 00:19:31 ovzhost sshd[1266]: Failed password for root from 43.255.190.163 port 35046 ssh2
Apr 13 00:19:35 ovzhost sshd[1266]: message repeated 2 times: [ Failed password for root from 43.255.190.163 port 35046 ssh2]
Apr 13 00:19:35 ovzhost sshd[1266]: Received disconnect from 43.255.190.163: 11:  [preauth]
Apr 13 00:19:35 ovzhost sshd[1266]: PAM 2 more authentication failures; logname= uid=0 euid=0 tty=ssh ruser= rhost=43.255.190.163  user=root
Apr 13 00:19:36 ovzhost sshd[1268]: pam_unix(sshd:auth): authentication failure; logname= uid=0 euid=0 tty=ssh ruser= rhost=43.255.190.163  user=root
Apr 13 00:19:38 ovzhost sshd[1268]: Failed password for root from 43.255.190.163 port 52356 ssh2
Apr 13 00:19:42 ovzhost sshd[1268]: message repeated 2 times: [ Failed password for root from 43.255.190.163 port 52356 ssh2]
Apr 13 00:19:42 ovzhost sshd[1268]: Received disconnect from 43.255.190.163: 11:  [preauth]
Apr 13 00:19:42 ovzhost sshd[1268]: PAM 2 more authentication failures; logname= uid=0 euid=0 tty=ssh ruser= rhost=43.255.190.163  user=root
Apr 13 00:19:42 ovzhost sshd[1270]: pam_unix(sshd:auth): authentication failure; logname= uid=0 euid=0 tty=ssh ruser= rhost=43.255.190.163  user=root
Apr 13 00:19:44 ovzhost sshd[1270]: Failed password for root from 43.255.190.163 port 41797 ssh2
Apr 13 00:19:48 ovzhost sshd[1270]: message repeated 2 times: [ Failed password for root from 43.255.190.163 port 41797 ssh2]
Apr 13 00:19:48 ovzhost sshd[1270]: Received disconnect from 43.255.190.163: 11:  [preauth]
Apr 13 00:19:48 ovzhost sshd[1270]: PAM 2 more authentication failures; logname= uid=0 euid=0 tty=ssh ruser= rhost=43.255.190.163  user=root
Apr 13 00:19:49 ovzhost sshd[1273]: pam_unix(sshd:auth): authentication failure; logname= uid=0 euid=0 tty=ssh ruser= rhost=43.255.190.163  user=root
Apr 13 00:19:51 ovzhost sshd[1273]: Failed password for root from 43.255.190.163 port 59330 ssh2
Apr 13 00:19:55 ovzhost sshd[1273]: message repeated 2 times: [ Failed password for root from 43.255.190.163 port 59330 ssh2]
Apr 13 00:19:55 ovzhost sshd[1273]: Received disconnect from 43.255.190.163: 11:  [preauth]
Apr 13 00:19:55 ovzhost sshd[1273]: PAM 2 more authentication failures; logname= uid=0 euid=0 tty=ssh ruser= rhost=43.255.190.163  user=root
Apr 13 00:19:56 ovzhost sshd[1275]: pam_unix(sshd:auth): authentication failure; logname= uid=0 euid=0 tty=ssh ruser= rhost=43.255.190.163  user=root
Apr 13 00:19:58 ovzhost sshd[1277]: pam_unix(sshd:auth): authentication failure; logname= uid=0 euid=0 tty=ssh ruser= rhost=221.229.166.98  user=root
Apr 13 00:19:58 ovzhost sshd[1275]: Failed password for root from 43.255.190.163 port 49560 ssh2
Apr 13 00:20:00 ovzhost sshd[1277]: Failed password for root from 221.229.166.98 port 37930 ssh2
Apr 13 00:20:01 ovzhost CRON[1280]: pam_env(cron:session): Unable to open env file: /etc/default/locale: No such file or directory
Apr 13 00:20:01 ovzhost CRON[1280]: pam_unix(cron:session): session opened for user smmsp by (uid=0)
Apr 13 00:20:01 ovzhost CRON[1280]: pam_unix(cron:session): session closed for user smmsp
Apr 13 00:20:02 ovzhost sshd[1275]: message repeated 2 times: [ Failed password for root from 43.255.190.163 port 49560 ssh2]
Apr 13 00:20:02 ovzhost sshd[1275]: Received disconnect from 43.255.190.163: 11:  [preauth]
Apr 13 00:20:02 ovzhost sshd[1275]: PAM 2 more authentication failures; logname= uid=0 euid=0 tty=ssh ruser= rhost=43.255.190.163  user=root
Apr 13 00:20:03 ovzhost sshd[1306]: pam_unix(sshd:auth): authentication failure; logname= uid=0 euid=0 tty=ssh ruser= rhost=43.255.190.163  user=root
Apr 13 00:20:05 ovzhost sshd[1306]: Failed password for root from 43.255.190.163 port 39799 ssh2
Apr 13 00:20:04 ovzhost sshd[1277]: message repeated 2 times: [ Failed password for root from 221.229.166.98 port 37930 ssh2]
Apr 13 00:20:05 ovzhost sshd[1277]: Received disconnect from 221.229.166.98: 11:  [preauth]
Apr 13 00:20:05 ovzhost sshd[1277]: PAM 2 more authentication failures; logname= uid=0 euid=0 tty=ssh ruser= rhost=221.229.166.98  user=root
Apr 13 00:20:08 ovzhost sshd[1308]: pam_unix(sshd:auth): authentication failure; logname= uid=0 euid=0 tty=ssh ruser= rhost=221.229.166.98  user=root
Apr 13 00:20:09 ovzhost sshd[1306]: message repeated 2 times: [ Failed password for root from 43.255.190.163 port 39799 ssh2]
Apr 13 00:20:09 ovzhost sshd[1306]: Received disconnect from 43.255.190.163: 11:  [preauth]
Apr 13 00:20:09 ovzhost sshd[1306]: PAM 2 more authentication failures; logname= uid=0 euid=0 tty=ssh ruser= rhost=43.255.190.163  user=root
Apr 13 00:20:10 ovzhost sshd[1310]: pam_unix(sshd:auth): authentication failure; logname= uid=0 euid=0 tty=ssh ruser= rhost=43.255.190.163  user=root
Apr 13 00:20:11 ovzhost sshd[1308]: Failed password for root from 221.229.166.98 port 56332 ssh2
Apr 13 00:20:11 ovzhost sshd[1310]: Failed password for root from 43.255.190.163 port 57949 ssh2
Apr 13 00:20:16 ovzhost sshd[1310]: message repeated 2 times: [ Failed password for root from 43.255.190.163 port 57949 ssh2]
Apr 13 00:20:16 ovzhost sshd[1310]: Received disconnect from 43.255.190.163: 11:  [preauth]
Apr 13 00:20:16 ovzhost sshd[1310]: PAM 2 more authentication failures; logname= uid=0 euid=0 tty=ssh ruser= rhost=43.255.190.163  user=root
Apr 13 00:20:16 ovzhost sshd[1316]: Connection closed by 127.0.0.1 [preauth]
Apr 13 00:20:16 ovzhost sshd[1313]: pam_unix(sshd:auth): authentication failure; logname= uid=0 euid=0 tty=ssh ruser= rhost=43.255.190.163  user=root
Apr 13 00:20:18 ovzhost sshd[1313]: Failed password for root from 43.255.190.163 port 48195 ssh2
Apr 13 00:20:17 ovzhost sshd[1308]: message repeated 2 times: [ Failed password for root from 221.229.166.98 port 56332 ssh2]
Apr 13 00:20:18 ovzhost sshd[1308]: Received disconnect from 221.229.166.98: 11:  [preauth]
Apr 13 00:20:18 ovzhost sshd[1308]: PAM 2 more authentication failures; logname= uid=0 euid=0 tty=ssh ruser= rhost=221.229.166.98  user=root
Apr 13 00:20:22 ovzhost sshd[1318]: pam_unix(sshd:auth): authentication failure; logname= uid=0 euid=0 tty=ssh ruser= rhost=221.229.166.98  user=root
Apr 13 00:20:22 ovzhost sshd[1313]: message repeated 2 times: [ Failed password for root from 43.255.190.163 port 48195 ssh2]
Apr 13 00:20:22 ovzhost sshd[1313]: Received disconnect from 43.255.190.163: 11:  [preauth]
Apr 13 00:20:22 ovzhost sshd[1313]: PAM 2 more authentication failures; logname= uid=0 euid=0 tty=ssh ruser= rhost=43.255.190.163  user=root
Apr 13 00:20:22 ovzhost sshd[1320]: pam_unix(sshd:auth): authentication failure; logname= uid=0 euid=0 tty=ssh ruser= rhost=43.255.190.163  user=root
Apr 13 00:20:23 ovzhost sshd[1318]: Failed password for root from 221.229.166.98 port 55189 ssh2
Apr 13 00:20:24 ovzhost sshd[1320]: Failed password for root from 43.255.190.163 port 35516 ssh2
Apr 13 00:20:28 ovzhost sshd[1318]: message repeated 2 times: [ Failed password for root from 221.229.166.98 port 55189 ssh2]
Apr 13 00:20:28 ovzhost sshd[1318]: Received disconnect from 221.229.166.98: 11:  [preauth]
Apr 13 00:20:28 ovzhost sshd[1318]: PAM 2 more authentication failures; logname= uid=0 euid=0 tty=ssh ruser= rhost=221.229.166.98  user=root
Apr 13 00:20:28 ovzhost sshd[1320]: message repeated 2 times: [ Failed password for root from 43.255.190.163 port 35516 ssh2]
Apr 13 00:20:28 ovzhost sshd[1320]: Received disconnect from 43.255.190.163: 11:  [preauth]
Apr 13 00:20:28 ovzhost sshd[1320]: PAM 2 more authentication failures; logname= uid=0 euid=0 tty=ssh ruser= rhost=43.255.190.163  user=root
Apr 13 00:20:29 ovzhost sshd[1324]: pam_unix(sshd:auth): authentication failure; logname= uid=0 euid=0 tty=ssh ruser= rhost=43.255.190.163  user=root
Apr 13 00:20:31 ovzhost sshd[1324]: Failed password for root from 43.255.190.163 port 53644 ssh2
Apr 13 00:20:31 ovzhost sshd[1322]: pam_unix(sshd:auth): authentication failure; logname= uid=0 euid=0 tty=ssh ruser= rhost=221.229.166.98  user=root
Apr 13 00:20:34 ovzhost sshd[1322]: Failed password for root from 221.229.166.98 port 47459 ssh2
Apr 13 00:20:35 ovzhost sshd[1324]: message repeated 2 times: [ Failed password for root from 43.255.190.163 port 53644 ssh2]
Apr 13 00:20:36 ovzhost sshd[1324]: Received disconnect from 43.255.190.163: 11:  [preauth]
Apr 13 00:20:36 ovzhost sshd[1324]: PAM 2 more authentication failures; logname= uid=0 euid=0 tty=ssh ruser= rhost=43.255.190.163  user=root
Apr 13 00:20:36 ovzhost sshd[1326]: pam_unix(sshd:auth): authentication failure; logname= uid=0 euid=0 tty=ssh ruser= rhost=43.255.190.163  user=root
Apr 13 00:20:38 ovzhost sshd[1326]: Failed password for root from 43.255.190.163 port 44024 ssh2
Apr 13 00:20:38 ovzhost sshd[1322]: message repeated 2 times: [ Failed password for root from 221.229.166.98 port 47459 ssh2]
Apr 13 00:20:38 ovzhost sshd[1322]: Received disconnect from 221.229.166.98: 11:  [preauth]
Apr 13 00:20:38 ovzhost sshd[1322]: PAM 2 more authentication failures; logname= uid=0 euid=0 tty=ssh ruser= rhost=221.229.166.98  user=root
Apr 13 00:20:39 ovzhost sshd[1328]: pam_unix(sshd:auth): authentication failure; logname= uid=0 euid=0 tty=ssh ruser= rhost=221.229.166.98  user=root
Apr 13 00:20:42 ovzhost sshd[1328]: Failed password for root from 221.229.166.98 port 40161 ssh2
Apr 13 00:20:42 ovzhost sshd[1326]: message repeated 2 times: [ Failed password for root from 43.255.190.163 port 44024 ssh2]
Apr 13 00:20:42 ovzhost sshd[1326]: Received disconnect from 43.255.190.163: 11:  [preauth]
Apr 13 00:20:42 ovzhost sshd[1326]: PAM 2 more authentication failures; logname= uid=0 euid=0 tty=ssh ruser= rhost=43.255.190.163  user=root
Apr 13 00:20:42 ovzhost sshd[1330]: pam_unix(sshd:auth): authentication failure; logname= uid=0 euid=0 tty=ssh ruser= rhost=43.255.190.163  user=root
Apr 13 00:20:44 ovzhost sshd[1333]: Connection closed by 128.8.37.120 [preauth]
Apr 13 00:20:44 ovzhost sshd[1330]: Failed password for root from 43.255.190.163 port 32883 ssh2
Apr 13 00:20:46 ovzhost sshd[1328]: message repeated 2 times: [ Failed password for root from 221.229.166.98 port 40161 ssh2]
Apr 13 00:20:46 ovzhost sshd[1328]: Received disconnect from 221.229.166.98: 11:  [preauth]
Apr 13 00:20:46 ovzhost sshd[1328]: PAM 2 more authentication failures; logname= uid=0 euid=0 tty=ssh ruser= rhost=221.229.166.98  user=root
Apr 13 00:20:48 ovzhost sshd[1330]: message repeated 2 times: [ Failed password for root from 43.255.190.163 port 32883 ssh2]
Apr 13 00:20:48 ovzhost sshd[1330]: Received disconnect from 43.255.190.163: 11:  [preauth]
Apr 13 00:20:48 ovzhost sshd[1330]: PAM 2 more authentication failures; logname= uid=0 euid=0 tty=ssh ruser= rhost=43.255.190.163  user=root
Apr 13 00:20:49 ovzhost sshd[1337]: pam_unix(sshd:auth): authentication failure; logname= uid=0 euid=0 tty=ssh ruser= rhost=43.255.190.163  user=root
Apr 13 00:20:51 ovzhost sshd[1335]: pam_unix(sshd:auth): authentication failure; logname= uid=0 euid=0 tty=ssh ruser= rhost=221.229.166.98  user=root
Apr 13 00:20:51 ovzhost sshd[1337]: Failed password for root from 43.255.190.163 port 49931 ssh2
Apr 13 00:20:53 ovzhost sshd[1335]: Failed password for root from 221.229.166.98 port 57736 ssh2
Apr 13 00:20:55 ovzhost sshd[1337]: message repeated 2 times: [ Failed password for root from 43.255.190.163 port 49931 ssh2]
Apr 13 00:20:55 ovzhost sshd[1337]: Received disconnect from 43.255.190.163: 11:  [preauth]
Apr 13 00:20:55 ovzhost sshd[1337]: PAM 2 more authentication failures; logname= uid=0 euid=0 tty=ssh ruser= rhost=43.255.190.163  user=root
Apr 13 00:20:56 ovzhost sshd[1339]: pam_unix(sshd:auth): authentication failure; logname= uid=0 euid=0 tty=ssh ruser= rhost=43.255.190.163  user=root
Apr 13 00:20:58 ovzhost sshd[1339]: Failed password for root from 43.255.190.163 port 39981 ssh2
Apr 13 00:20:58 ovzhost sshd[1335]: message repeated 2 times: [ Failed password for root from 221.229.166.98 port 57736 ssh2]
Apr 13 00:20:58 ovzhost sshd[1335]: Received disconnect from 221.229.166.98: 11:  [preauth]
Apr 13 00:20:58 ovzhost sshd[1335]: PAM 2 more authentication failures; logname= uid=0 euid=0 tty=ssh ruser= rhost=221.229.166.98  user=root
Apr 13 00:21:01 ovzhost sshd[1339]: message repeated 2 times: [ Failed password for root from 43.255.190.163 port 39981 ssh2]
Apr 13 00:21:01 ovzhost sshd[1339]: Received disconnect from 43.255.190.163: 11:  [preauth]
Apr 13 00:21:01 ovzhost sshd[1339]: PAM 2 more authentication failures; logname= uid=0 euid=0 tty=ssh ruser= rhost=43.255.190.163  user=root
Apr 13 00:21:02 ovzhost sshd[1343]: pam_unix(sshd:auth): authentication failure; logname= uid=0 euid=0 tty=ssh ruser= rhost=43.255.190.163  user=root
Apr 13 00:21:03 ovzhost sshd[1341]: pam_unix(sshd:auth): authentication failure; logname= uid=0 euid=0 tty=ssh ruser= rhost=221.229.166.98  user=root
Apr 13 00:21:04 ovzhost sshd[1343]: Failed password for root from 43.255.190.163 port 55742 ssh2
Apr 13 00:21:05 ovzhost sshd[1341]: Failed password for root from 221.229.166.98 port 54288 ssh2
Apr 13 00:21:08 ovzhost sshd[1343]: message repeated 2 times: [ Failed password for root from 43.255.190.163 port 55742 ssh2]
Apr 13 00:21:08 ovzhost sshd[1343]: Received disconnect from 43.255.190.163: 11:  [preauth]
Apr 13 00:21:08 ovzhost sshd[1343]: PAM 2 more authentication failures; logname= uid=0 euid=0 tty=ssh ruser= rhost=43.255.190.163  user=root
Apr 13 00:21:09 ovzhost sshd[1345]: pam_unix(sshd:auth): authentication failure; logname= uid=0 euid=0 tty=ssh ruser= rhost=43.255.190.163  user=root
Apr 13 00:21:10 ovzhost sshd[1341]: message repeated 2 times: [ Failed password for root from 221.229.166.98 port 54288 ssh2]
Apr 13 00:21:10 ovzhost sshd[1341]: Received disconnect from 221.229.166.98: 11:  [preauth]
Apr 13 00:21:10 ovzhost sshd[1341]: PAM 2 more authentication failures; logname= uid=0 euid=0 tty=ssh ruser= rhost=221.229.166.98  user=root
Apr 13 00:21:11 ovzhost sshd[1345]: Failed password for root from 43.255.190.163 port 46212 ssh2
Apr 13 00:21:14 ovzhost sshd[1347]: pam_unix(sshd:auth): authentication failure; logname= uid=0 euid=0 tty=ssh ruser= rhost=221.229.166.98  user=root
Apr 13 00:21:16 ovzhost sshd[1345]: message repeated 2 times: [ Failed password for root from 43.255.190.163 port 46212 ssh2]
Apr 13 00:21:16 ovzhost sshd[1345]: Received disconnect from 43.255.190.163: 11:  [preauth]
Apr 13 00:21:16 ovzhost sshd[1345]: PAM 2 more authentication failures; logname= uid=0 euid=0 tty=ssh ruser= rhost=43.255.190.163  user=root
Apr 13 00:21:16 ovzhost sshd[1347]: Failed password for root from 221.229.166.98 port 53680 ssh2
Apr 13 00:21:16 ovzhost sshd[1349]: pam_unix(sshd:auth): authentication failure; logname= uid=0 euid=0 tty=ssh ruser= rhost=43.255.190.163  user=root
Apr 13 00:21:18 ovzhost sshd[1349]: Failed password for root from 43.255.190.163 port 36515 ssh2
Apr 13 00:21:21 ovzhost sshd[1347]: message repeated 2 times: [ Failed password for root from 221.229.166.98 port 53680 ssh2]
Apr 13 00:21:22 ovzhost sshd[1347]: Received disconnect from 221.229.166.98: 11:  [preauth]
Apr 13 00:21:22 ovzhost sshd[1347]: PAM 2 more authentication failures; logname= uid=0 euid=0 tty=ssh ruser= rhost=221.229.166.98  user=root
Apr 13 00:21:23 ovzhost sshd[1349]: message repeated 2 times: [ Failed password for root from 43.255.190.163 port 36515 ssh2]
Apr 13 00:21:23 ovzhost sshd[1349]: Received disconnect from 43.255.190.163: 11:  [preauth]
Apr 13 00:21:23 ovzhost sshd[1349]: PAM 2 more authentication failures; logname= uid=0 euid=0 tty=ssh ruser= rhost=43.255.190.163  user=root
Apr 13 00:21:23 ovzhost sshd[1351]: pam_unix(sshd:auth): authentication failure; logname= uid=0 euid=0 tty=ssh ruser= rhost=43.255.190.163  user=root
Apr 13 00:21:25 ovzhost sshd[1353]: pam_unix(sshd:auth): authentication failure; logname= uid=0 euid=0 tty=ssh ruser= rhost=221.229.166.98  user=root
Apr 13 00:21:26 ovzhost sshd[1351]: Failed password for root from 43.255.190.163 port 53796 ssh2
Apr 13 00:21:28 ovzhost sshd[1353]: Failed password for root from 221.229.166.98 port 48810 ssh2
Apr 13 00:21:30 ovzhost sshd[1351]: message repeated 2 times: [ Failed password for root from 43.255.190.163 port 53796 ssh2]
Apr 13 00:21:30 ovzhost sshd[1351]: Received disconnect from 43.255.190.163: 11:  [preauth]
Apr 13 00:21:30 ovzhost sshd[1351]: PAM 2 more authentication failures; logname= uid=0 euid=0 tty=ssh ruser= rhost=43.255.190.163  user=root
Apr 13 00:21:30 ovzhost sshd[1357]: pam_unix(sshd:auth): authentication failure; logname= uid=0 euid=0 tty=ssh ruser= rhost=43.255.190.163  user=root
Apr 13 00:21:32 ovzhost sshd[1353]: message repeated 2 times: [ Failed password for root from 221.229.166.98 port 48810 ssh2]
Apr 13 00:21:32 ovzhost sshd[1353]: Received disconnect from 221.229.166.98: 11:  [preauth]
Apr 13 00:21:32 ovzhost sshd[1353]: PAM 2 more authentication failures; logname= uid=0 euid=0 tty=ssh ruser= rhost=221.229.166.98  user=root
Apr 13 00:21:33 ovzhost sshd[1357]: Failed password for root from 43.255.190.163 port 43058 ssh2
Apr 13 00:21:34 ovzhost sshd[1359]: pam_unix(sshd:auth): authentication failure; logname= uid=0 euid=0 tty=ssh ruser= rhost=221.229.166.98  user=root
Apr 13 00:21:36 ovzhost sshd[1359]: Failed password for root from 221.229.166.98 port 41210 ssh2
Apr 13 00:21:37 ovzhost sshd[1357]: message repeated 2 times: [ Failed password for root from 43.255.190.163 port 43058 ssh2]
Apr 13 00:21:37 ovzhost sshd[1357]: Received disconnect from 43.255.190.163: 11:  [preauth]
Apr 13 00:21:37 ovzhost sshd[1357]: PAM 2 more authentication failures; logname= uid=0 euid=0 tty=ssh ruser= rhost=43.255.190.163  user=root
Apr 13 00:21:38 ovzhost sshd[1361]: pam_unix(sshd:auth): authentication failure; logname= uid=0 euid=0 tty=ssh ruser= rhost=43.255.190.163  user=root
Apr 13 00:21:40 ovzhost sshd[1361]: Failed password for root from 43.255.190.163 port 33254 ssh2
Apr 13 00:21:42 ovzhost sshd[1359]: message repeated 2 times: [ Failed password for root from 221.229.166.98 port 41210 ssh2]
Apr 13 00:21:42 ovzhost sshd[1359]: Received disconnect from 221.229.166.98: 11:  [preauth]
Apr 13 00:21:42 ovzhost sshd[1359]: PAM 2 more authentication failures; logname= uid=0 euid=0 tty=ssh ruser= rhost=221.229.166.98  user=root
Apr 13 00:21:44 ovzhost sshd[1361]: message repeated 2 times: [ Failed password for root from 43.255.190.163 port 33254 ssh2]
Apr 13 00:21:44 ovzhost sshd[1361]: Received disconnect from 43.255.190.163: 11:  [preauth]
Apr 13 00:21:44 ovzhost sshd[1361]: PAM 2 more authentication failures; logname= uid=0 euid=0 tty=ssh ruser= rhost=43.255.190.163  user=root
Apr 13 00:21:44 ovzhost sshd[1363]: pam_unix(sshd:auth): authentication failure; logname= uid=0 euid=0 tty=ssh ruser= rhost=221.229.166.98  user=root
Apr 13 00:21:45 ovzhost sshd[1365]: pam_unix(sshd:auth): authentication failure; logname= uid=0 euid=0 tty=ssh ruser= rhost=43.255.190.163  user=root
Apr 13 00:21:46 ovzhost sshd[1363]: Failed password for root from 221.229.166.98 port 59459 ssh2
Apr 13 00:21:47 ovzhost sshd[1365]: Failed password for root from 43.255.190.163 port 50485 ssh2
Apr 13 00:21:51 ovzhost sshd[1365]: message repeated 2 times: [ Failed password for root from 43.255.190.163 port 50485 ssh2]
Apr 13 00:21:51 ovzhost sshd[1365]: Received disconnect from 43.255.190.163: 11:  [preauth]
Apr 13 00:21:51 ovzhost sshd[1365]: PAM 2 more authentication failures; logname= uid=0 euid=0 tty=ssh ruser= rhost=43.255.190.163  user=root
Apr 13 00:21:51 ovzhost sshd[1363]: message repeated 2 times: [ Failed password for root from 221.229.166.98 port 59459 ssh2]
Apr 13 00:21:51 ovzhost sshd[1363]: Received disconnect from 221.229.166.98: 11:  [preauth]
Apr 13 00:21:51 ovzhost sshd[1363]: PAM 2 more authentication failures; logname= uid=0 euid=0 tty=ssh ruser= rhost=221.229.166.98  user=root
Apr 13 00:21:52 ovzhost sshd[1369]: pam_unix(sshd:auth): authentication failure; logname= uid=0 euid=0 tty=ssh ruser= rhost=43.255.190.163  user=root
Apr 13 00:21:53 ovzhost sshd[1369]: Failed password for root from 43.255.190.163 port 39403 ssh2
Apr 13 00:21:55 ovzhost sshd[1371]: pam_unix(sshd:auth): authentication failure; logname= uid=0 euid=0 tty=ssh ruser= rhost=221.229.166.98  user=root
Apr 13 00:21:57 ovzhost sshd[1371]: Failed password for root from 221.229.166.98 port 49938 ssh2
Apr 13 00:21:58 ovzhost sshd[1369]: message repeated 2 times: [ Failed password for root from 43.255.190.163 port 39403 ssh2]
Apr 13 00:21:58 ovzhost sshd[1369]: Received disconnect from 43.255.190.163: 11:  [preauth]
Apr 13 00:21:58 ovzhost sshd[1369]: PAM 2 more authentication failures; logname= uid=0 euid=0 tty=ssh ruser= rhost=43.255.190.163  user=root
Apr 13 00:21:59 ovzhost sshd[1373]: pam_unix(sshd:auth): authentication failure; logname= uid=0 euid=0 tty=ssh ruser= rhost=43.255.190.163  user=root
Apr 13 00:22:01 ovzhost sshd[1373]: Failed password for root from 43.255.190.163 port 55345 ssh2
Apr 13 00:22:02 ovzhost sshd[1371]: message repeated 2 times: [ Failed password for root from 221.229.166.98 port 49938 ssh2]
Apr 13 00:22:02 ovzhost sshd[1371]: Received disconnect from 221.229.166.98: 11:  [preauth]
Apr 13 00:22:02 ovzhost sshd[1371]: PAM 2 more authentication failures; logname= uid=0 euid=0 tty=ssh ruser= rhost=221.229.166.98  user=root
Apr 13 00:22:04 ovzhost sshd[1375]: pam_unix(sshd:auth): authentication failure; logname= uid=0 euid=0 tty=ssh ruser= rhost=221.229.166.98  user=root
Apr 13 00:22:05 ovzhost sshd[1375]: Failed password for root from 221.229.166.98 port 42778 ssh2
Apr 13 00:22:05 ovzhost sshd[1373]: message repeated 2 times: [ Failed password for root from 43.255.190.163 port 55345 ssh2]
Apr 13 00:22:05 ovzhost sshd[1373]: Received disconnect from 43.255.190.163: 11:  [preauth]
Apr 13 00:22:05 ovzhost sshd[1373]: PAM 2 more authentication failures; logname= uid=0 euid=0 tty=ssh ruser= rhost=43.255.190.163  user=root
Apr 13 00:22:06 ovzhost sshd[1377]: pam_unix(sshd:auth): authentication failure; logname= uid=0 euid=0 tty=ssh ruser= rhost=43.255.190.163  user=root
Apr 13 00:22:08 ovzhost sshd[1377]: Failed password for root from 43.255.190.163 port 45153 ssh2
Apr 13 00:22:10 ovzhost sshd[1375]: message repeated 2 times: [ Failed password for root from 221.229.166.98 port 42778 ssh2]
Apr 13 00:22:10 ovzhost sshd[1375]: Received disconnect from 221.229.166.98: 11:  [preauth]
Apr 13 00:22:10 ovzhost sshd[1375]: PAM 2 more authentication failures; logname= uid=0 euid=0 tty=ssh ruser= rhost=221.229.166.98  user=root
Apr 13 00:22:12 ovzhost sshd[1380]: pam_unix(sshd:auth): authentication failure; logname= uid=0 euid=0 tty=ssh ruser= rhost=221.229.166.98  user=root
Apr 13 00:22:12 ovzhost sshd[1377]: message repeated 2 times: [ Failed password for root from 43.255.190.163 port 45153 ssh2]
Apr 13 00:22:13 ovzhost sshd[1377]: Received disconnect from 43.255.190.163: 11:  [preauth]
Apr 13 00:22:13 ovzhost sshd[1377]: PAM 2 more authentication failures; logname= uid=0 euid=0 tty=ssh ruser= rhost=43.255.190.163  user=root
Apr 13 00:22:13 ovzhost sshd[1384]: pam_unix(sshd:auth): authentication failure; logname= uid=0 euid=0 tty=ssh ruser= rhost=43.255.190.163  user=root
Apr 13 00:22:14 ovzhost sshd[1380]: Failed password for root from 221.229.166.98 port 59998 ssh2
Apr 13 00:22:15 ovzhost sshd[1384]: Failed password for root from 43.255.190.163 port 33547 ssh2
Apr 13 00:22:19 ovzhost sshd[1384]: message repeated 2 times: [ Failed password for root from 43.255.190.163 port 33547 ssh2]
Apr 13 00:22:19 ovzhost sshd[1384]: Received disconnect from 43.255.190.163: 11:  [preauth]
Apr 13 00:22:19 ovzhost sshd[1384]: PAM 2 more authentication failures; logname= uid=0 euid=0 tty=ssh ruser= rhost=43.255.190.163  user=root
Apr 13 00:22:19 ovzhost sshd[1380]: message repeated 2 times: [ Failed password for root from 221.229.166.98 port 59998 ssh2]
Apr 13 00:22:20 ovzhost sshd[1380]: Received disconnect from 221.229.166.98: 11:  [preauth]
Apr 13 00:22:20 ovzhost sshd[1380]: PAM 2 more authentication failures; logname= uid=0 euid=0 tty=ssh ruser= rhost=221.229.166.98  user=root
Apr 13 00:22:20 ovzhost sshd[1386]: pam_unix(sshd:auth): authentication failure; logname= uid=0 euid=0 tty=ssh ruser= rhost=43.255.190.163  user=root
Apr 13 00:22:22 ovzhost sshd[1388]: pam_unix(sshd:auth): authentication failure; logname= uid=0 euid=0 tty=ssh ruser= rhost=221.229.166.98  user=root
Apr 13 00:22:22 ovzhost sshd[1386]: Failed password for root from 43.255.190.163 port 50233 ssh2
Apr 13 00:22:24 ovzhost sshd[1388]: Failed password for root from 221.229.166.98 port 50744 ssh2
Apr 13 00:22:27 ovzhost sshd[1386]: message repeated 2 times: [ Failed password for root from 43.255.190.163 port 50233 ssh2]
Apr 13 00:22:27 ovzhost sshd[1386]: Received disconnect from 43.255.190.163: 11:  [preauth]
Apr 13 00:22:27 ovzhost sshd[1386]: PAM 2 more authentication failures; logname= uid=0 euid=0 tty=ssh ruser= rhost=43.255.190.163  user=root
Apr 13 00:22:28 ovzhost sshd[1390]: pam_unix(sshd:auth): authentication failure; logname= uid=0 euid=0 tty=ssh ruser= rhost=43.255.190.163  user=root
Apr 13 00:22:29 ovzhost sshd[1388]: message repeated 2 times: [ Failed password for root from 221.229.166.98 port 50744 ssh2]
Apr 13 00:22:29 ovzhost sshd[1388]: Received disconnect from 221.229.166.98: 11:  [preauth]
Apr 13 00:22:29 ovzhost sshd[1388]: PAM 2 more authentication failures; logname= uid=0 euid=0 tty=ssh ruser= rhost=221.229.166.98  user=root
Apr 13 00:22:30 ovzhost sshd[1390]: Failed password for root from 43.255.190.163 port 39961 ssh2
Apr 13 00:22:33 ovzhost sshd[1392]: pam_unix(sshd:auth): authentication failure; logname= uid=0 euid=0 tty=ssh ruser= rhost=221.229.166.98  user=root
Apr 13 00:22:34 ovzhost sshd[1390]: message repeated 2 times: [ Failed password for root from 43.255.190.163 port 39961 ssh2]
Apr 13 00:22:34 ovzhost sshd[1390]: Received disconnect from 43.255.190.163: 11:  [preauth]
Apr 13 00:22:34 ovzhost sshd[1390]: PAM 2 more authentication failures; logname= uid=0 euid=0 tty=ssh ruser= rhost=43.255.190.163  user=root
Apr 13 00:22:35 ovzhost sshd[1394]: pam_unix(sshd:auth): authentication failure; logname= uid=0 euid=0 tty=ssh ruser= rhost=43.255.190.163  user=root
Apr 13 00:22:36 ovzhost sshd[1392]: Failed password for root from 221.229.166.98 port 42931 ssh2
Apr 13 00:22:37 ovzhost sshd[1394]: Failed password for root from 43.255.190.163 port 56808 ssh2
Apr 13 00:22:41 ovzhost sshd[1394]: message repeated 2 times: [ Failed password for root from 43.255.190.163 port 56808 ssh2]
Apr 13 00:22:41 ovzhost sshd[1394]: Received disconnect from 43.255.190.163: 11:  [preauth]
Apr 13 00:22:41 ovzhost sshd[1394]: PAM 2 more authentication failures; logname= uid=0 euid=0 tty=ssh ruser= rhost=43.255.190.163  user=root
Apr 13 00:22:42 ovzhost sshd[1396]: pam_unix(sshd:auth): authentication failure; logname= uid=0 euid=0 tty=ssh ruser= rhost=43.255.190.163  user=root
Apr 13 00:22:43 ovzhost sshd[1392]: message repeated 2 times: [ Failed password for root from 221.229.166.98 port 42931 ssh2]
Apr 13 00:22:44 ovzhost sshd[1392]: Received disconnect from 221.229.166.98: 11:  [preauth]
Apr 13 00:22:44 ovzhost sshd[1392]: PAM 2 more authentication failures; logname= uid=0 euid=0 tty=ssh ruser= rhost=221.229.166.98  user=root
Apr 13 00:22:44 ovzhost sshd[1396]: Failed password for root from 43.255.190.163 port 44735 ssh2
Apr 13 00:22:46 ovzhost sshd[1398]: pam_unix(sshd:auth): authentication failure; logname= uid=0 euid=0 tty=ssh ruser= rhost=221.229.166.98  user=root
Apr 13 00:22:48 ovzhost sshd[1398]: Failed password for root from 221.229.166.98 port 45039 ssh2
Apr 13 00:22:48 ovzhost sshd[1396]: message repeated 2 times: [ Failed password for root from 43.255.190.163 port 44735 ssh2]
Apr 13 00:22:48 ovzhost sshd[1396]: Received disconnect from 43.255.190.163: 11:  [preauth]
Apr 13 00:22:48 ovzhost sshd[1396]: PAM 2 more authentication failures; logname= uid=0 euid=0 tty=ssh ruser= rhost=43.255.190.163  user=root
Apr 13 00:22:48 ovzhost sshd[1400]: pam_unix(sshd:auth): authentication failure; logname= uid=0 euid=0 tty=ssh ruser= rhost=43.255.190.163  user=root
Apr 13 00:22:51 ovzhost sshd[1400]: Failed password for root from 43.255.190.163 port 60673 ssh2
Apr 13 00:22:53 ovzhost sshd[1398]: message repeated 2 times: [ Failed password for root from 221.229.166.98 port 45039 ssh2]
Apr 13 00:22:53 ovzhost sshd[1398]: Received disconnect from 221.229.166.98: 11:  [preauth]
Apr 13 00:22:53 ovzhost sshd[1398]: PAM 2 more authentication failures; logname= uid=0 euid=0 tty=ssh ruser= rhost=221.229.166.98  user=root
Apr 13 00:22:55 ovzhost sshd[1402]: pam_unix(sshd:auth): authentication failure; logname= uid=0 euid=0 tty=ssh ruser= rhost=221.229.166.98  user=root
Apr 13 00:22:55 ovzhost sshd[1400]: message repeated 2 times: [ Failed password for root from 43.255.190.163 port 60673 ssh2]
Apr 13 00:22:55 ovzhost sshd[1400]: Received disconnect from 43.255.190.163: 11:  [preauth]
Apr 13 00:22:55 ovzhost sshd[1400]: PAM 2 more authentication failures; logname= uid=0 euid=0 tty=ssh ruser= rhost=43.255.190.163  user=root
Apr 13 00:22:56 ovzhost sshd[1404]: pam_unix(sshd:auth): authentication failure; logname= uid=0 euid=0 tty=ssh ruser= rhost=43.255.190.163  user=root
Apr 13 00:22:57 ovzhost sshd[1402]: Failed password for root from 221.229.166.98 port 35972 ssh2
Apr 13 00:22:58 ovzhost sshd[1404]: Failed password for root from 43.255.190.163 port 50191 ssh2
Apr 13 00:23:02 ovzhost sshd[1404]: message repeated 2 times: [ Failed password for root from 43.255.190.163 port 50191 ssh2]
Apr 13 00:23:03 ovzhost sshd[1404]: Received disconnect from 43.255.190.163: 11:  [preauth]
Apr 13 00:23:03 ovzhost sshd[1404]: PAM 2 more authentication failures; logname= uid=0 euid=0 tty=ssh ruser= rhost=43.255.190.163  user=root
Apr 13 00:23:03 ovzhost sshd[1402]: message repeated 2 times: [ Failed password for root from 221.229.166.98 port 35972 ssh2]
Apr 13 00:23:03 ovzhost sshd[1402]: Received disconnect from 221.229.166.98: 11:  [preauth]
Apr 13 00:23:03 ovzhost sshd[1402]: PAM 2 more authentication failures; logname= uid=0 euid=0 tty=ssh ruser= rhost=221.229.166.98  user=root
Apr 13 00:23:03 ovzhost sshd[1408]: pam_unix(sshd:auth): authentication failure; logname= uid=0 euid=0 tty=ssh ruser= rhost=43.255.190.163  user=root
Apr 13 00:23:05 ovzhost sshd[1410]: pam_unix(sshd:auth): authentication failure; logname= uid=0 euid=0 tty=ssh ruser= rhost=221.229.166.98  user=root
Apr 13 00:23:05 ovzhost sshd[1408]: Failed password for root from 43.255.190.163 port 39336 ssh2
Apr 13 00:23:07 ovzhost sshd[1410]: Failed password for root from 221.229.166.98 port 56605 ssh2
Apr 13 00:23:09 ovzhost sshd[1408]: message repeated 2 times: [ Failed password for root from 43.255.190.163 port 39336 ssh2]
Apr 13 00:23:10 ovzhost sshd[1408]: Received disconnect from 43.255.190.163: 11:  [preauth]
Apr 13 00:23:10 ovzhost sshd[1408]: PAM 2 more authentication failures; logname= uid=0 euid=0 tty=ssh ruser= rhost=43.255.190.163  user=root
Apr 13 00:23:10 ovzhost sshd[1412]: pam_unix(sshd:auth): authentication failure; logname= uid=0 euid=0 tty=ssh ruser= rhost=43.255.190.163  user=root
Apr 13 00:23:11 ovzhost sshd[1410]: message repeated 2 times: [ Failed password for root from 221.229.166.98 port 56605 ssh2]
Apr 13 00:23:12 ovzhost sshd[1410]: Received disconnect from 221.229.166.98: 11:  [preauth]
Apr 13 00:23:12 ovzhost sshd[1410]: PAM 2 more authentication failures; logname= uid=0 euid=0 tty=ssh ruser= rhost=221.229.166.98  user=root
Apr 13 00:23:12 ovzhost sshd[1412]: Failed password for root from 43.255.190.163 port 56365 ssh2
Apr 13 00:23:13 ovzhost sshd[1415]: pam_unix(sshd:auth): authentication failure; logname= uid=0 euid=0 tty=ssh ruser= rhost=221.229.166.98  user=root
Apr 13 00:23:15 ovzhost sshd[1415]: Failed password for root from 221.229.166.98 port 46812 ssh2
Apr 13 00:23:16 ovzhost sshd[1412]: message repeated 2 times: [ Failed password for root from 43.255.190.163 port 56365 ssh2]
Apr 13 00:23:16 ovzhost sshd[1412]: Received disconnect from 43.255.190.163: 11:  [preauth]
Apr 13 00:23:16 ovzhost sshd[1412]: PAM 2 more authentication failures; logname= uid=0 euid=0 tty=ssh ruser= rhost=43.255.190.163  user=root
Apr 13 00:23:16 ovzhost sshd[1417]: pam_unix(sshd:auth): authentication failure; logname= uid=0 euid=0 tty=ssh ruser= rhost=43.255.190.163  user=root
Apr 13 00:23:19 ovzhost sshd[1417]: Failed password for root from 43.255.190.163 port 43410 ssh2
