Apr  2 14:31:44 ovzhost sshd[780]: Connection closed by 127.0.0.1 [preauth]
Apr  2 14:35:40 ovzhost sshd[811]: Connection closed by 128.8.37.120 [preauth]
Apr  2 14:36:44 ovzhost sshd[820]: Connection closed by 127.0.0.1 [preauth]
Apr 11 21:36:12 ovzhost sshd[776]: Connection closed by 127.0.0.1 [preauth]
Apr 11 21:37:11 ovzhost sshd[781]: pam_unix(sshd:auth): authentication failure; logname= uid=0 euid=0 tty=ssh ruser= rhost=221.229.166.29  user=root
Apr 11 21:37:13 ovzhost sshd[781]: Failed password for root from 221.229.166.29 port 52151 ssh2
Apr 11 21:37:18 ovzhost sshd[781]: message repeated 2 times: [ Failed password for root from 221.229.166.29 port 52151 ssh2]
Apr 11 21:37:18 ovzhost sshd[781]: Received disconnect from 221.229.166.29: 11:  [preauth]
Apr 11 21:37:18 ovzhost sshd[781]: PAM 2 more authentication failures; logname= uid=0 euid=0 tty=ssh ruser= rhost=221.229.166.29  user=root
Apr 11 21:37:20 ovzhost sshd[783]: pam_unix(sshd:auth): authentication failure; logname= uid=0 euid=0 tty=ssh ruser= rhost=221.229.166.29  user=root
Apr 11 21:37:23 ovzhost sshd[783]: Failed password for root from 221.229.166.29 port 44879 ssh2
Apr 11 21:37:27 ovzhost sshd[783]: message repeated 2 times: [ Failed password for root from 221.229.166.29 port 44879 ssh2]
Apr 11 21:37:28 ovzhost sshd[783]: Received disconnect from 221.229.166.29: 11:  [preauth]
Apr 11 21:37:28 ovzhost sshd[783]: PAM 2 more authentication failures; logname= uid=0 euid=0 tty=ssh ruser= rhost=221.229.166.29  user=root
Apr 11 21:37:29 ovzhost sshd[785]: pam_unix(sshd:auth): authentication failure; logname= uid=0 euid=0 tty=ssh ruser= rhost=221.229.166.29  user=root
Apr 11 21:37:31 ovzhost sshd[785]: Failed password for root from 221.229.166.29 port 39238 ssh2
Apr 11 21:37:35 ovzhost sshd[785]: message repeated 2 times: [ Failed password for root from 221.229.166.29 port 39238 ssh2]
Apr 11 21:37:35 ovzhost sshd[785]: Received disconnect from 221.229.166.29: 11:  [preauth]
Apr 11 21:37:35 ovzhost sshd[785]: PAM 2 more authentication failures; logname= uid=0 euid=0 tty=ssh ruser= rhost=221.229.166.29  user=root
Apr 11 21:37:39 ovzhost sshd[789]: pam_unix(sshd:auth): authentication failure; logname= uid=0 euid=0 tty=ssh ruser= rhost=221.229.166.29  user=root
Apr 11 21:37:41 ovzhost sshd[789]: Failed password for root from 221.229.166.29 port 56659 ssh2
Apr 11 21:37:46 ovzhost sshd[789]: message repeated 2 times: [ Failed password for root from 221.229.166.29 port 56659 ssh2]
Apr 11 21:37:46 ovzhost sshd[789]: Received disconnect from 221.229.166.29: 11:  [preauth]
Apr 11 21:37:46 ovzhost sshd[789]: PAM 2 more authentication failures; logname= uid=0 euid=0 tty=ssh ruser= rhost=221.229.166.29  user=root
Apr 11 21:37:48 ovzhost sshd[792]: pam_unix(sshd:auth): authentication failure; logname= uid=0 euid=0 tty=ssh ruser= rhost=221.229.166.29  user=root
Apr 11 21:37:49 ovzhost sshd[792]: Failed password for root from 221.229.166.29 port 49719 ssh2
Apr 11 21:37:54 ovzhost sshd[792]: message repeated 2 times: [ Failed password for root from 221.229.166.29 port 49719 ssh2]
Apr 11 21:37:54 ovzhost sshd[792]: Received disconnect from 221.229.166.29: 11:  [preauth]
Apr 11 21:37:54 ovzhost sshd[792]: PAM 2 more authentication failures; logname= uid=0 euid=0 tty=ssh ruser= rhost=221.229.166.29  user=root
Apr 11 21:37:56 ovzhost sshd[794]: pam_unix(sshd:auth): authentication failure; logname= uid=0 euid=0 tty=ssh ruser= rhost=221.229.166.29  user=root
Apr 11 21:37:58 ovzhost sshd[794]: Failed password for root from 221.229.166.29 port 39948 ssh2
Apr 11 21:38:03 ovzhost sshd[794]: message repeated 2 times: [ Failed password for root from 221.229.166.29 port 39948 ssh2]
Apr 11 21:38:04 ovzhost sshd[794]: Received disconnect from 221.229.166.29: 11:  [preauth]
Apr 11 21:38:04 ovzhost sshd[794]: PAM 2 more authentication failures; logname= uid=0 euid=0 tty=ssh ruser= rhost=221.229.166.29  user=root
Apr 11 21:38:06 ovzhost sshd[796]: pam_unix(sshd:auth): authentication failure; logname= uid=0 euid=0 tty=ssh ruser= rhost=221.229.166.29  user=root
Apr 11 21:38:08 ovzhost sshd[796]: Failed password for root from 221.229.166.29 port 33033 ssh2
Apr 11 21:38:14 ovzhost sshd[796]: message repeated 2 times: [ Failed password for root from 221.229.166.29 port 33033 ssh2]
Apr 11 21:38:14 ovzhost sshd[796]: Received disconnect from 221.229.166.29: 11:  [preauth]
Apr 11 21:38:14 ovzhost sshd[796]: PAM 2 more authentication failures; logname= uid=0 euid=0 tty=ssh ruser= rhost=221.229.166.29  user=root
Apr 11 21:38:16 ovzhost sshd[801]: pam_unix(sshd:auth): authentication failure; logname= uid=0 euid=0 tty=ssh ruser= rhost=221.229.166.29  user=root
Apr 11 21:38:17 ovzhost sshd[801]: Failed password for root from 221.229.166.29 port 56915 ssh2
Apr 11 21:38:21 ovzhost sshd[801]: message repeated 2 times: [ Failed password for root from 221.229.166.29 port 56915 ssh2]
Apr 11 21:38:21 ovzhost sshd[801]: Received disconnect from 221.229.166.29: 11:  [preauth]
Apr 11 21:38:21 ovzhost sshd[801]: PAM 2 more authentication failures; logname= uid=0 euid=0 tty=ssh ruser= rhost=221.229.166.29  user=root
Apr 11 21:38:23 ovzhost sshd[805]: pam_unix(sshd:auth): authentication failure; logname= uid=0 euid=0 tty=ssh ruser= rhost=221.229.166.29  user=root
Apr 11 21:38:25 ovzhost sshd[805]: Failed password for root from 221.229.166.29 port 46815 ssh2
Apr 11 21:38:29 ovzhost sshd[805]: message repeated 2 times: [ Failed password for root from 221.229.166.29 port 46815 ssh2]
Apr 11 21:38:30 ovzhost sshd[805]: Received disconnect from 221.229.166.29: 11:  [preauth]
Apr 11 21:38:30 ovzhost sshd[805]: PAM 2 more authentication failures; logname= uid=0 euid=0 tty=ssh ruser= rhost=221.229.166.29  user=root
Apr 11 21:38:32 ovzhost sshd[807]: pam_unix(sshd:auth): authentication failure; logname= uid=0 euid=0 tty=ssh ruser= rhost=221.229.166.29  user=root
Apr 11 21:38:34 ovzhost sshd[807]: Failed password for root from 221.229.166.29 port 38101 ssh2
Apr 11 21:38:39 ovzhost sshd[807]: message repeated 2 times: [ Failed password for root from 221.229.166.29 port 38101 ssh2]
Apr 11 21:38:39 ovzhost sshd[807]: Received disconnect from 221.229.166.29: 11:  [preauth]
Apr 11 21:38:39 ovzhost sshd[807]: PAM 2 more authentication failures; logname= uid=0 euid=0 tty=ssh ruser= rhost=221.229.166.29  user=root
Apr 11 21:38:41 ovzhost sshd[811]: pam_unix(sshd:auth): authentication failure; logname= uid=0 euid=0 tty=ssh ruser= rhost=221.229.166.29  user=root
Apr 11 21:38:43 ovzhost sshd[811]: Failed password for root from 221.229.166.29 port 59145 ssh2
Apr 11 21:38:48 ovzhost sshd[811]: message repeated 2 times: [ Failed password for root from 221.229.166.29 port 59145 ssh2]
Apr 11 21:38:49 ovzhost sshd[811]: Received disconnect from 221.229.166.29: 11:  [preauth]
Apr 11 21:38:49 ovzhost sshd[811]: PAM 2 more authentication failures; logname= uid=0 euid=0 tty=ssh ruser= rhost=221.229.166.29  user=root
Apr 11 21:38:51 ovzhost sshd[813]: pam_unix(sshd:auth): authentication failure; logname= uid=0 euid=0 tty=ssh ruser= rhost=221.229.166.29  user=root
Apr 11 21:38:54 ovzhost sshd[813]: Failed password for root from 221.229.166.29 port 53748 ssh2
Apr 11 21:38:58 ovzhost sshd[813]: message repeated 2 times: [ Failed password for root from 221.229.166.29 port 53748 ssh2]
Apr 11 21:38:59 ovzhost sshd[813]: Received disconnect from 221.229.166.29: 11:  [preauth]
Apr 11 21:38:59 ovzhost sshd[813]: PAM 2 more authentication failures; logname= uid=0 euid=0 tty=ssh ruser= rhost=221.229.166.29  user=root
Apr 11 21:39:00 ovzhost sshd[815]: pam_unix(sshd:auth): authentication failure; logname= uid=0 euid=0 tty=ssh ruser= rhost=221.229.166.29  user=root
Apr 11 21:39:01 ovzhost CRON[817]: pam_env(cron:session): Unable to open env file: /etc/default/locale: No such file or directory
Apr 11 21:39:01 ovzhost CRON[817]: pam_unix(cron:session): session opened for user root by (uid=0)
Apr 11 21:39:01 ovzhost CRON[817]: pam_unix(cron:session): session closed for user root
Apr 11 21:39:03 ovzhost sshd[815]: Failed password for root from 221.229.166.29 port 48139 ssh2
Apr 11 21:39:08 ovzhost sshd[815]: message repeated 2 times: [ Failed password for root from 221.229.166.29 port 48139 ssh2]
Apr 11 21:39:08 ovzhost sshd[815]: Received disconnect from 221.229.166.29: 11:  [preauth]
Apr 11 21:39:08 ovzhost sshd[815]: PAM 2 more authentication failures; logname= uid=0 euid=0 tty=ssh ruser= rhost=221.229.166.29  user=root
Apr 11 21:39:10 ovzhost sshd[828]: pam_unix(sshd:auth): authentication failure; logname= uid=0 euid=0 tty=ssh ruser= rhost=221.229.166.29  user=root
Apr 11 21:39:12 ovzhost sshd[828]: Failed password for root from 221.229.166.29 port 42726 ssh2
Apr 11 21:39:17 ovzhost sshd[828]: message repeated 2 times: [ Failed password for root from 221.229.166.29 port 42726 ssh2]
Apr 11 21:39:18 ovzhost sshd[828]: Received disconnect from 221.229.166.29: 11:  [preauth]
Apr 11 21:39:18 ovzhost sshd[828]: PAM 2 more authentication failures; logname= uid=0 euid=0 tty=ssh ruser= rhost=221.229.166.29  user=root
Apr 11 21:39:19 ovzhost sshd[832]: pam_unix(sshd:auth): authentication failure; logname= uid=0 euid=0 tty=ssh ruser= rhost=221.229.166.29  user=root
Apr 11 21:39:22 ovzhost sshd[832]: Failed password for root from 221.229.166.29 port 37779 ssh2
Apr 11 21:39:27 ovzhost sshd[832]: message repeated 2 times: [ Failed password for root from 221.229.166.29 port 37779 ssh2]
Apr 11 21:39:27 ovzhost sshd[832]: Received disconnect from 221.229.166.29: 11:  [preauth]
Apr 11 21:39:27 ovzhost sshd[832]: PAM 2 more authentication failures; logname= uid=0 euid=0 tty=ssh ruser= rhost=221.229.166.29  user=root
Apr 11 21:39:29 ovzhost sshd[834]: pam_unix(sshd:auth): authentication failure; logname= uid=0 euid=0 tty=ssh ruser= rhost=221.229.166.29  user=root
Apr 11 21:39:31 ovzhost sshd[834]: Failed password for root from 221.229.166.29 port 59546 ssh2
Apr 11 21:39:36 ovzhost sshd[834]: message repeated 2 times: [ Failed password for root from 221.229.166.29 port 59546 ssh2]
Apr 11 21:39:36 ovzhost sshd[834]: Received disconnect from 221.229.166.29: 11:  [preauth]
Apr 11 21:39:36 ovzhost sshd[834]: PAM 2 more authentication failures; logname= uid=0 euid=0 tty=ssh ruser= rhost=221.229.166.29  user=root
Apr 11 21:39:39 ovzhost sshd[836]: pam_unix(sshd:auth): authentication failure; logname= uid=0 euid=0 tty=ssh ruser= rhost=221.229.166.29  user=root
Apr 11 21:39:41 ovzhost sshd[836]: Failed password for root from 221.229.166.29 port 53858 ssh2
Apr 11 21:39:46 ovzhost sshd[836]: message repeated 2 times: [ Failed password for root from 221.229.166.29 port 53858 ssh2]
Apr 11 21:39:46 ovzhost sshd[836]: Received disconnect from 221.229.166.29: 11:  [preauth]
Apr 11 21:39:46 ovzhost sshd[836]: PAM 2 more authentication failures; logname= uid=0 euid=0 tty=ssh ruser= rhost=221.229.166.29  user=root
Apr 11 21:39:48 ovzhost sshd[839]: pam_unix(sshd:auth): authentication failure; logname= uid=0 euid=0 tty=ssh ruser= rhost=221.229.166.29  user=root
Apr 11 21:39:50 ovzhost sshd[839]: Failed password for root from 221.229.166.29 port 48582 ssh2
Apr 11 21:39:55 ovzhost sshd[839]: message repeated 2 times: [ Failed password for root from 221.229.166.29 port 48582 ssh2]
Apr 11 21:39:55 ovzhost sshd[839]: Received disconnect from 221.229.166.29: 11:  [preauth]
Apr 11 21:39:55 ovzhost sshd[839]: PAM 2 more authentication failures; logname= uid=0 euid=0 tty=ssh ruser= rhost=221.229.166.29  user=root
Apr 11 21:39:57 ovzhost sshd[842]: pam_unix(sshd:auth): authentication failure; logname= uid=0 euid=0 tty=ssh ruser= rhost=221.229.166.29  user=root
Apr 11 21:39:59 ovzhost sshd[842]: Failed password for root from 221.229.166.29 port 41213 ssh2
Apr 11 21:40:01 ovzhost CRON[844]: pam_env(cron:session): Unable to open env file: /etc/default/locale: No such file or directory
Apr 11 21:40:01 ovzhost CRON[844]: pam_unix(cron:session): session opened for user smmsp by (uid=0)
Apr 11 21:40:01 ovzhost CRON[844]: pam_unix(cron:session): session closed for user smmsp
Apr 11 21:40:04 ovzhost sshd[842]: message repeated 2 times: [ Failed password for root from 221.229.166.29 port 41213 ssh2]
Apr 11 21:40:04 ovzhost sshd[842]: Received disconnect from 221.229.166.29: 11:  [preauth]
Apr 11 21:40:04 ovzhost sshd[842]: PAM 2 more authentication failures; logname= uid=0 euid=0 tty=ssh ruser= rhost=221.229.166.29  user=root
Apr 11 21:40:06 ovzhost sshd[870]: pam_unix(sshd:auth): authentication failure; logname= uid=0 euid=0 tty=ssh ruser= rhost=221.229.166.29  user=root
Apr 11 21:40:08 ovzhost sshd[870]: Failed password for root from 221.229.166.29 port 34578 ssh2
Apr 11 21:40:12 ovzhost sshd[870]: message repeated 2 times: [ Failed password for root from 221.229.166.29 port 34578 ssh2]
Apr 11 21:40:13 ovzhost sshd[870]: Received disconnect from 221.229.166.29: 11:  [preauth]
Apr 11 21:40:13 ovzhost sshd[870]: PAM 2 more authentication failures; logname= uid=0 euid=0 tty=ssh ruser= rhost=221.229.166.29  user=root
Apr 11 21:40:14 ovzhost sshd[873]: pam_unix(sshd:auth): authentication failure; logname= uid=0 euid=0 tty=ssh ruser= rhost=221.229.166.29  user=root
Apr 11 21:40:16 ovzhost sshd[873]: Failed password for root from 221.229.166.29 port 53962 ssh2
Apr 11 21:40:20 ovzhost sshd[873]: message repeated 2 times: [ Failed password for root from 221.229.166.29 port 53962 ssh2]
Apr 11 21:40:21 ovzhost sshd[873]: Received disconnect from 221.229.166.29: 11:  [preauth]
Apr 11 21:40:21 ovzhost sshd[873]: PAM 2 more authentication failures; logname= uid=0 euid=0 tty=ssh ruser= rhost=221.229.166.29  user=root
Apr 11 21:40:23 ovzhost sshd[875]: pam_unix(sshd:auth): authentication failure; logname= uid=0 euid=0 tty=ssh ruser= rhost=221.229.166.29  user=root
Apr 11 21:40:25 ovzhost sshd[875]: Failed password for root from 221.229.166.29 port 44692 ssh2
Apr 11 21:40:29 ovzhost sshd[875]: message repeated 2 times: [ Failed password for root from 221.229.166.29 port 44692 ssh2]
Apr 11 21:40:30 ovzhost sshd[875]: Received disconnect from 221.229.166.29: 11:  [preauth]
Apr 11 21:40:30 ovzhost sshd[875]: PAM 2 more authentication failures; logname= uid=0 euid=0 tty=ssh ruser= rhost=221.229.166.29  user=root
Apr 11 21:40:41 ovzhost sshd[878]: Connection closed by 128.8.37.120 [preauth]
Apr 11 21:41:12 ovzhost sshd[883]: Connection closed by 127.0.0.1 [preauth]
Apr 11 21:46:12 ovzhost sshd[902]: Connection closed by 127.0.0.1 [preauth]
Apr 11 21:50:41 ovzhost sshd[923]: Connection closed by 128.8.37.120 [preauth]
Apr 11 21:51:12 ovzhost sshd[928]: Connection closed by 127.0.0.1 [preauth]
Apr 11 21:54:19 ovzhost sshd[942]: pam_unix(sshd:auth): authentication failure; logname= uid=0 euid=0 tty=ssh ruser= rhost=43.255.190.168  user=root
Apr 11 21:54:21 ovzhost sshd[942]: Failed password for root from 43.255.190.168 port 49941 ssh2
Apr 11 21:54:25 ovzhost sshd[944]: pam_unix(sshd:auth): authentication failure; logname= uid=0 euid=0 tty=ssh ruser= rhost=43.255.190.137  user=root
Apr 11 21:54:25 ovzhost sshd[942]: message repeated 2 times: [ Failed password for root from 43.255.190.168 port 49941 ssh2]
Apr 11 21:54:25 ovzhost sshd[942]: Received disconnect from 43.255.190.168: 11:  [preauth]
Apr 11 21:54:25 ovzhost sshd[942]: PAM 2 more authentication failures; logname= uid=0 euid=0 tty=ssh ruser= rhost=43.255.190.168  user=root
Apr 11 21:54:26 ovzhost sshd[946]: pam_unix(sshd:auth): authentication failure; logname= uid=0 euid=0 tty=ssh ruser= rhost=43.255.190.168  user=root
Apr 11 21:54:27 ovzhost sshd[944]: Failed password for root from 43.255.190.137 port 34500 ssh2
Apr 11 21:54:28 ovzhost sshd[946]: Failed password for root from 43.255.190.168 port 38368 ssh2
Apr 11 21:54:30 ovzhost sshd[944]: message repeated 2 times: [ Failed password for root from 43.255.190.137 port 34500 ssh2]
Apr 11 21:54:30 ovzhost sshd[944]: Received disconnect from 43.255.190.137: 11:  [preauth]
Apr 11 21:54:30 ovzhost sshd[944]: PAM 2 more authentication failures; logname= uid=0 euid=0 tty=ssh ruser= rhost=43.255.190.137  user=root
Apr 11 21:54:31 ovzhost sshd[948]: pam_unix(sshd:auth): authentication failure; logname= uid=0 euid=0 tty=ssh ruser= rhost=43.255.190.137  user=root
Apr 11 21:54:31 ovzhost sshd[946]: message repeated 2 times: [ Failed password for root from 43.255.190.168 port 38368 ssh2]
Apr 11 21:54:31 ovzhost sshd[946]: Received disconnect from 43.255.190.168: 11:  [preauth]
Apr 11 21:54:31 ovzhost sshd[946]: PAM 2 more authentication failures; logname= uid=0 euid=0 tty=ssh ruser= rhost=43.255.190.168  user=root
Apr 11 21:54:32 ovzhost sshd[950]: pam_unix(sshd:auth): authentication failure; logname= uid=0 euid=0 tty=ssh ruser= rhost=43.255.190.168  user=root
Apr 11 21:54:34 ovzhost sshd[948]: Failed password for root from 43.255.190.137 port 45786 ssh2
Apr 11 21:54:34 ovzhost sshd[950]: Failed password for root from 43.255.190.168 port 54957 ssh2
Apr 11 21:54:38 ovzhost sshd[948]: message repeated 2 times: [ Failed password for root from 43.255.190.137 port 45786 ssh2]
Apr 11 21:54:38 ovzhost sshd[948]: Received disconnect from 43.255.190.137: 11:  [preauth]
Apr 11 21:54:38 ovzhost sshd[948]: PAM 2 more authentication failures; logname= uid=0 euid=0 tty=ssh ruser= rhost=43.255.190.137  user=root
Apr 11 21:54:38 ovzhost sshd[950]: message repeated 2 times: [ Failed password for root from 43.255.190.168 port 54957 ssh2]
Apr 11 21:54:38 ovzhost sshd[950]: Received disconnect from 43.255.190.168: 11:  [preauth]
Apr 11 21:54:38 ovzhost sshd[950]: PAM 2 more authentication failures; logname= uid=0 euid=0 tty=ssh ruser= rhost=43.255.190.168  user=root
Apr 11 21:54:38 ovzhost sshd[954]: pam_unix(sshd:auth): authentication failure; logname= uid=0 euid=0 tty=ssh ruser= rhost=43.255.190.168  user=root
Apr 11 21:54:39 ovzhost sshd[952]: pam_unix(sshd:auth): authentication failure; logname= uid=0 euid=0 tty=ssh ruser= rhost=43.255.190.137  user=root
Apr 11 21:54:40 ovzhost sshd[954]: Failed password for root from 43.255.190.168 port 42599 ssh2
Apr 11 21:54:40 ovzhost sshd[952]: Failed password for root from 43.255.190.137 port 56941 ssh2
Apr 11 21:54:44 ovzhost sshd[952]: message repeated 2 times: [ Failed password for root from 43.255.190.137 port 56941 ssh2]
Apr 11 21:54:44 ovzhost sshd[952]: Received disconnect from 43.255.190.137: 11:  [preauth]
Apr 11 21:54:44 ovzhost sshd[952]: PAM 2 more authentication failures; logname= uid=0 euid=0 tty=ssh ruser= rhost=43.255.190.137  user=root
Apr 11 21:54:44 ovzhost sshd[954]: message repeated 2 times: [ Failed password for root from 43.255.190.168 port 42599 ssh2]
Apr 11 21:54:45 ovzhost sshd[954]: Received disconnect from 43.255.190.168: 11:  [preauth]
Apr 11 21:54:45 ovzhost sshd[954]: PAM 2 more authentication failures; logname= uid=0 euid=0 tty=ssh ruser= rhost=43.255.190.168  user=root
Apr 11 21:54:45 ovzhost sshd[956]: pam_unix(sshd:auth): authentication failure; logname= uid=0 euid=0 tty=ssh ruser= rhost=43.255.190.168  user=root
Apr 11 21:54:47 ovzhost sshd[956]: Failed password for root from 43.255.190.168 port 59672 ssh2
Apr 11 21:54:48 ovzhost sshd[958]: pam_unix(sshd:auth): authentication failure; logname= uid=0 euid=0 tty=ssh ruser= rhost=43.255.190.137  user=root
Apr 11 21:54:49 ovzhost sshd[958]: Failed password for root from 43.255.190.137 port 37854 ssh2
Apr 11 21:54:51 ovzhost sshd[956]: message repeated 2 times: [ Failed password for root from 43.255.190.168 port 59672 ssh2]
Apr 11 21:54:51 ovzhost sshd[956]: Received disconnect from 43.255.190.168: 11:  [preauth]
Apr 11 21:54:51 ovzhost sshd[956]: PAM 2 more authentication failures; logname= uid=0 euid=0 tty=ssh ruser= rhost=43.255.190.168  user=root
Apr 11 21:54:51 ovzhost sshd[961]: pam_unix(sshd:auth): authentication failure; logname= uid=0 euid=0 tty=ssh ruser= rhost=43.255.190.168  user=root
Apr 11 21:54:53 ovzhost sshd[958]: message repeated 2 times: [ Failed password for root from 43.255.190.137 port 37854 ssh2]
Apr 11 21:54:53 ovzhost sshd[958]: Received disconnect from 43.255.190.137: 11:  [preauth]
Apr 11 21:54:53 ovzhost sshd[958]: PAM 2 more authentication failures; logname= uid=0 euid=0 tty=ssh ruser= rhost=43.255.190.137  user=root
Apr 11 21:54:53 ovzhost sshd[961]: Failed password for root from 43.255.190.168 port 46730 ssh2
Apr 11 21:54:56 ovzhost sshd[963]: pam_unix(sshd:auth): authentication failure; logname= uid=0 euid=0 tty=ssh ruser= rhost=43.255.190.137  user=root
Apr 11 21:54:56 ovzhost sshd[961]: message repeated 2 times: [ Failed password for root from 43.255.190.168 port 46730 ssh2]
Apr 11 21:54:56 ovzhost sshd[961]: Received disconnect from 43.255.190.168: 11:  [preauth]
Apr 11 21:54:56 ovzhost sshd[961]: PAM 2 more authentication failures; logname= uid=0 euid=0 tty=ssh ruser= rhost=43.255.190.168  user=root
Apr 11 21:54:57 ovzhost sshd[965]: pam_unix(sshd:auth): authentication failure; logname= uid=0 euid=0 tty=ssh ruser= rhost=43.255.190.168  user=root
Apr 11 21:54:58 ovzhost sshd[963]: Failed password for root from 43.255.190.137 port 51780 ssh2
Apr 11 21:54:59 ovzhost sshd[965]: Failed password for root from 43.255.190.168 port 59963 ssh2
Apr 11 21:55:01 ovzhost sshd[963]: message repeated 2 times: [ Failed password for root from 43.255.190.137 port 51780 ssh2]
Apr 11 21:55:02 ovzhost sshd[963]: Received disconnect from 43.255.190.137: 11:  [preauth]
Apr 11 21:55:02 ovzhost sshd[963]: PAM 2 more authentication failures; logname= uid=0 euid=0 tty=ssh ruser= rhost=43.255.190.137  user=root
Apr 11 21:55:03 ovzhost sshd[965]: message repeated 2 times: [ Failed password for root from 43.255.190.168 port 59963 ssh2]
Apr 11 21:55:03 ovzhost sshd[965]: Received disconnect from 43.255.190.168: 11:  [preauth]
Apr 11 21:55:03 ovzhost sshd[965]: PAM 2 more authentication failures; logname= uid=0 euid=0 tty=ssh ruser= rhost=43.255.190.168  user=root
Apr 11 21:55:04 ovzhost sshd[969]: pam_unix(sshd:auth): authentication failure; logname= uid=0 euid=0 tty=ssh ruser= rhost=43.255.190.168  user=root
Apr 11 21:55:06 ovzhost sshd[969]: Failed password for root from 43.255.190.168 port 47637 ssh2
Apr 11 21:55:07 ovzhost sshd[967]: pam_unix(sshd:auth): authentication failure; logname= uid=0 euid=0 tty=ssh ruser= rhost=43.255.190.137  user=root
Apr 11 21:55:08 ovzhost sshd[967]: Failed password for root from 43.255.190.137 port 35911 ssh2
Apr 11 21:55:10 ovzhost sshd[969]: message repeated 2 times: [ Failed password for root from 43.255.190.168 port 47637 ssh2]
Apr 11 21:55:10 ovzhost sshd[969]: Received disconnect from 43.255.190.168: 11:  [preauth]
Apr 11 21:55:10 ovzhost sshd[969]: PAM 2 more authentication failures; logname= uid=0 euid=0 tty=ssh ruser= rhost=43.255.190.168  user=root
Apr 11 21:55:11 ovzhost sshd[972]: pam_unix(sshd:auth): authentication failure; logname= uid=0 euid=0 tty=ssh ruser= rhost=43.255.190.168  user=root
Apr 11 21:55:12 ovzhost sshd[972]: Failed password for root from 43.255.190.168 port 36531 ssh2
Apr 11 21:55:13 ovzhost sshd[967]: message repeated 2 times: [ Failed password for root from 43.255.190.137 port 35911 ssh2]
Apr 11 21:55:13 ovzhost sshd[967]: Received disconnect from 43.255.190.137: 11:  [preauth]
Apr 11 21:55:13 ovzhost sshd[967]: PAM 2 more authentication failures; logname= uid=0 euid=0 tty=ssh ruser= rhost=43.255.190.137  user=root
Apr 11 21:55:14 ovzhost sshd[974]: pam_unix(sshd:auth): authentication failure; logname= uid=0 euid=0 tty=ssh ruser= rhost=43.255.190.137  user=root
Apr 11 21:55:15 ovzhost sshd[972]: message repeated 2 times: [ Failed password for root from 43.255.190.168 port 36531 ssh2]
Apr 11 21:55:16 ovzhost sshd[972]: Received disconnect from 43.255.190.168: 11:  [preauth]
Apr 11 21:55:16 ovzhost sshd[972]: PAM 2 more authentication failures; logname= uid=0 euid=0 tty=ssh ruser= rhost=43.255.190.168  user=root
Apr 11 21:55:16 ovzhost sshd[974]: Failed password for root from 43.255.190.137 port 51929 ssh2
Apr 11 21:55:16 ovzhost sshd[976]: pam_unix(sshd:auth): authentication failure; logname= uid=0 euid=0 tty=ssh ruser= rhost=43.255.190.168  user=root
Apr 11 21:55:18 ovzhost sshd[976]: Failed password for root from 43.255.190.168 port 50628 ssh2
Apr 11 21:55:19 ovzhost sshd[974]: message repeated 2 times: [ Failed password for root from 43.255.190.137 port 51929 ssh2]
Apr 11 21:55:19 ovzhost sshd[974]: Received disconnect from 43.255.190.137: 11:  [preauth]
Apr 11 21:55:19 ovzhost sshd[974]: PAM 2 more authentication failures; logname= uid=0 euid=0 tty=ssh ruser= rhost=43.255.190.137  user=root
Apr 11 21:55:22 ovzhost sshd[978]: pam_unix(sshd:auth): authentication failure; logname= uid=0 euid=0 tty=ssh ruser= rhost=43.255.190.137  user=root
Apr 11 21:55:22 ovzhost sshd[976]: message repeated 2 times: [ Failed password for root from 43.255.190.168 port 50628 ssh2]
Apr 11 21:55:22 ovzhost sshd[976]: Received disconnect from 43.255.190.168: 11:  [preauth]
Apr 11 21:55:22 ovzhost sshd[976]: PAM 2 more authentication failures; logname= uid=0 euid=0 tty=ssh ruser= rhost=43.255.190.168  user=root
Apr 11 21:55:23 ovzhost sshd[980]: pam_unix(sshd:auth): authentication failure; logname= uid=0 euid=0 tty=ssh ruser= rhost=43.255.190.168  user=root
Apr 11 21:55:24 ovzhost sshd[978]: Failed password for root from 43.255.190.137 port 33822 ssh2
Apr 11 21:55:25 ovzhost sshd[980]: Failed password for root from 43.255.190.168 port 37883 ssh2
Apr 11 21:55:27 ovzhost sshd[978]: message repeated 2 times: [ Failed password for root from 43.255.190.137 port 33822 ssh2]
Apr 11 21:55:28 ovzhost sshd[978]: Received disconnect from 43.255.190.137: 11:  [preauth]
Apr 11 21:55:28 ovzhost sshd[978]: PAM 2 more authentication failures; logname= uid=0 euid=0 tty=ssh ruser= rhost=43.255.190.137  user=root
Apr 11 21:55:28 ovzhost sshd[980]: message repeated 2 times: [ Failed password for root from 43.255.190.168 port 37883 ssh2]
Apr 11 21:55:28 ovzhost sshd[980]: Received disconnect from 43.255.190.168: 11:  [preauth]
Apr 11 21:55:28 ovzhost sshd[980]: PAM 2 more authentication failures; logname= uid=0 euid=0 tty=ssh ruser= rhost=43.255.190.168  user=root
Apr 11 21:55:29 ovzhost sshd[982]: pam_unix(sshd:auth): authentication failure; logname= uid=0 euid=0 tty=ssh ruser= rhost=43.255.190.168  user=root
Apr 11 21:55:30 ovzhost sshd[984]: pam_unix(sshd:auth): authentication failure; logname= uid=0 euid=0 tty=ssh ruser= rhost=43.255.190.137  user=root
Apr 11 21:55:30 ovzhost sshd[982]: Failed password for root from 43.255.190.168 port 52235 ssh2
Apr 11 21:55:31 ovzhost sshd[984]: Failed password for root from 43.255.190.137 port 45168 ssh2
Apr 11 21:55:34 ovzhost sshd[982]: message repeated 2 times: [ Failed password for root from 43.255.190.168 port 52235 ssh2]
Apr 11 21:55:34 ovzhost sshd[982]: Received disconnect from 43.255.190.168: 11:  [preauth]
Apr 11 21:55:34 ovzhost sshd[982]: PAM 2 more authentication failures; logname= uid=0 euid=0 tty=ssh ruser= rhost=43.255.190.168  user=root
Apr 11 21:55:35 ovzhost sshd[986]: pam_unix(sshd:auth): authentication failure; logname= uid=0 euid=0 tty=ssh ruser= rhost=43.255.190.168  user=root
Apr 11 21:55:35 ovzhost sshd[984]: message repeated 2 times: [ Failed password for root from 43.255.190.137 port 45168 ssh2]
Apr 11 21:55:35 ovzhost sshd[984]: Received disconnect from 43.255.190.137: 11:  [preauth]
Apr 11 21:55:35 ovzhost sshd[984]: PAM 2 more authentication failures; logname= uid=0 euid=0 tty=ssh ruser= rhost=43.255.190.137  user=root
Apr 11 21:55:36 ovzhost sshd[988]: pam_unix(sshd:auth): authentication failure; logname= uid=0 euid=0 tty=ssh ruser= rhost=43.255.190.137  user=root
Apr 11 21:55:36 ovzhost sshd[986]: Failed password for root from 43.255.190.168 port 37529 ssh2
Apr 11 21:55:38 ovzhost sshd[988]: Failed password for root from 43.255.190.137 port 56262 ssh2
Apr 11 21:55:40 ovzhost sshd[986]: message repeated 2 times: [ Failed password for root from 43.255.190.168 port 37529 ssh2]
Apr 11 21:55:40 ovzhost sshd[986]: Received disconnect from 43.255.190.168: 11:  [preauth]
Apr 11 21:55:40 ovzhost sshd[986]: PAM 2 more authentication failures; logname= uid=0 euid=0 tty=ssh ruser= rhost=43.255.190.168  user=root
Apr 11 21:55:40 ovzhost sshd[990]: pam_unix(sshd:auth): authentication failure; logname= uid=0 euid=0 tty=ssh ruser= rhost=43.255.190.168  user=root
Apr 11 21:55:42 ovzhost sshd[988]: message repeated 2 times: [ Failed password for root from 43.255.190.137 port 56262 ssh2]
Apr 11 21:55:42 ovzhost sshd[988]: Received disconnect from 43.255.190.137: 11:  [preauth]
Apr 11 21:55:42 ovzhost sshd[988]: PAM 2 more authentication failures; logname= uid=0 euid=0 tty=ssh ruser= rhost=43.255.190.137  user=root
Apr 11 21:55:43 ovzhost sshd[990]: Failed password for root from 43.255.190.168 port 51738 ssh2
Apr 11 21:55:44 ovzhost sshd[992]: pam_unix(sshd:auth): authentication failure; logname= uid=0 euid=0 tty=ssh ruser= rhost=43.255.190.137  user=root
Apr 11 21:55:46 ovzhost sshd[992]: Failed password for root from 43.255.190.137 port 38486 ssh2
Apr 11 21:55:46 ovzhost sshd[990]: message repeated 2 times: [ Failed password for root from 43.255.190.168 port 51738 ssh2]
Apr 11 21:55:47 ovzhost sshd[990]: Received disconnect from 43.255.190.168: 11:  [preauth]
Apr 11 21:55:47 ovzhost sshd[990]: PAM 2 more authentication failures; logname= uid=0 euid=0 tty=ssh ruser= rhost=43.255.190.168  user=root
Apr 11 21:55:47 ovzhost sshd[994]: pam_unix(sshd:auth): authentication failure; logname= uid=0 euid=0 tty=ssh ruser= rhost=43.255.190.168  user=root
Apr 11 21:55:49 ovzhost sshd[994]: Failed password for root from 43.255.190.168 port 39203 ssh2
Apr 11 21:55:50 ovzhost sshd[992]: message repeated 2 times: [ Failed password for root from 43.255.190.137 port 38486 ssh2]
Apr 11 21:55:50 ovzhost sshd[992]: Received disconnect from 43.255.190.137: 11:  [preauth]
Apr 11 21:55:50 ovzhost sshd[992]: PAM 2 more authentication failures; logname= uid=0 euid=0 tty=ssh ruser= rhost=43.255.190.137  user=root
Apr 11 21:55:52 ovzhost sshd[994]: message repeated 2 times: [ Failed password for root from 43.255.190.168 port 39203 ssh2]
Apr 11 21:55:52 ovzhost sshd[994]: Received disconnect from 43.255.190.168: 11:  [preauth]
Apr 11 21:55:52 ovzhost sshd[994]: PAM 2 more authentication failures; logname= uid=0 euid=0 tty=ssh ruser= rhost=43.255.190.168  user=root
Apr 11 21:55:53 ovzhost sshd[998]: pam_unix(sshd:auth): authentication failure; logname= uid=0 euid=0 tty=ssh ruser= rhost=43.255.190.168  user=root
Apr 11 21:55:53 ovzhost sshd[996]: pam_unix(sshd:auth): authentication failure; logname= uid=0 euid=0 tty=ssh ruser= rhost=43.255.190.137  user=root
Apr 11 21:55:55 ovzhost sshd[998]: Failed password for root from 43.255.190.168 port 53133 ssh2
Apr 11 21:55:55 ovzhost sshd[996]: Failed password for root from 43.255.190.137 port 49866 ssh2
Apr 11 21:55:59 ovzhost sshd[998]: message repeated 2 times: [ Failed password for root from 43.255.190.168 port 53133 ssh2]
Apr 11 21:55:59 ovzhost sshd[998]: Received disconnect from 43.255.190.168: 11:  [preauth]
Apr 11 21:55:59 ovzhost sshd[998]: PAM 2 more authentication failures; logname= uid=0 euid=0 tty=ssh ruser= rhost=43.255.190.168  user=root
Apr 11 21:55:59 ovzhost sshd[996]: message repeated 2 times: [ Failed password for root from 43.255.190.137 port 49866 ssh2]
Apr 11 21:55:59 ovzhost sshd[996]: Received disconnect from 43.255.190.137: 11:  [preauth]
Apr 11 21:55:59 ovzhost sshd[996]: PAM 2 more authentication failures; logname= uid=0 euid=0 tty=ssh ruser= rhost=43.255.190.137  user=root
Apr 11 21:55:59 ovzhost sshd[1000]: pam_unix(sshd:auth): authentication failure; logname= uid=0 euid=0 tty=ssh ruser= rhost=43.255.190.168  user=root
Apr 11 21:56:01 ovzhost sshd[1000]: Failed password for root from 43.255.190.168 port 40017 ssh2
Apr 11 21:56:03 ovzhost sshd[1002]: pam_unix(sshd:auth): authentication failure; logname= uid=0 euid=0 tty=ssh ruser= rhost=43.255.190.137  user=root
Apr 11 21:56:05 ovzhost sshd[1000]: message repeated 2 times: [ Failed password for root from 43.255.190.168 port 40017 ssh2]
Apr 11 21:56:05 ovzhost sshd[1000]: Received disconnect from 43.255.190.168: 11:  [preauth]
Apr 11 21:56:05 ovzhost sshd[1000]: PAM 2 more authentication failures; logname= uid=0 euid=0 tty=ssh ruser= rhost=43.255.190.168  user=root
Apr 11 21:56:05 ovzhost sshd[1002]: Failed password for root from 43.255.190.137 port 35649 ssh2
Apr 11 21:56:06 ovzhost sshd[1004]: pam_unix(sshd:auth): authentication failure; logname= uid=0 euid=0 tty=ssh ruser= rhost=43.255.190.168  user=root
Apr 11 21:56:07 ovzhost sshd[1004]: Failed password for root from 43.255.190.168 port 54734 ssh2
Apr 11 21:56:09 ovzhost sshd[1002]: message repeated 2 times: [ Failed password for root from 43.255.190.137 port 35649 ssh2]
Apr 11 21:56:09 ovzhost sshd[1002]: Received disconnect from 43.255.190.137: 11:  [preauth]
Apr 11 21:56:09 ovzhost sshd[1002]: PAM 2 more authentication failures; logname= uid=0 euid=0 tty=ssh ruser= rhost=43.255.190.137  user=root
Apr 11 21:56:10 ovzhost sshd[1008]: pam_unix(sshd:auth): authentication failure; logname= uid=0 euid=0 tty=ssh ruser= rhost=43.255.190.137  user=root
Apr 11 21:56:11 ovzhost sshd[1004]: message repeated 2 times: [ Failed password for root from 43.255.190.168 port 54734 ssh2]
Apr 11 21:56:11 ovzhost sshd[1004]: Received disconnect from 43.255.190.168: 11:  [preauth]
Apr 11 21:56:11 ovzhost sshd[1004]: PAM 2 more authentication failures; logname= uid=0 euid=0 tty=ssh ruser= rhost=43.255.190.168  user=root
Apr 11 21:56:12 ovzhost sshd[1013]: Connection closed by 127.0.0.1 [preauth]
Apr 11 21:56:12 ovzhost sshd[1010]: pam_unix(sshd:auth): authentication failure; logname= uid=0 euid=0 tty=ssh ruser= rhost=43.255.190.168  user=root
Apr 11 21:56:12 ovzhost sshd[1008]: Failed password for root from 43.255.190.137 port 50873 ssh2
Apr 11 21:56:14 ovzhost sshd[1010]: Failed password for root from 43.255.190.168 port 40382 ssh2
Apr 11 21:56:16 ovzhost sshd[1008]: message repeated 2 times: [ Failed password for root from 43.255.190.137 port 50873 ssh2]
Apr 11 21:56:16 ovzhost sshd[1008]: Received disconnect from 43.255.190.137: 11:  [preauth]
Apr 11 21:56:16 ovzhost sshd[1008]: PAM 2 more authentication failures; logname= uid=0 euid=0 tty=ssh ruser= rhost=43.255.190.137  user=root
Apr 11 21:56:18 ovzhost sshd[1015]: pam_unix(sshd:auth): authentication failure; logname= uid=0 euid=0 tty=ssh ruser= rhost=43.255.190.137  user=root
Apr 11 21:56:18 ovzhost sshd[1010]: message repeated 2 times: [ Failed password for root from 43.255.190.168 port 40382 ssh2]
Apr 11 21:56:18 ovzhost sshd[1010]: Received disconnect from 43.255.190.168: 11:  [preauth]
Apr 11 21:56:18 ovzhost sshd[1010]: PAM 2 more authentication failures; logname= uid=0 euid=0 tty=ssh ruser= rhost=43.255.190.168  user=root
Apr 11 21:56:19 ovzhost sshd[1017]: pam_unix(sshd:auth): authentication failure; logname= uid=0 euid=0 tty=ssh ruser= rhost=43.255.190.168  user=root
Apr 11 21:56:19 ovzhost sshd[1015]: Failed password for root from 43.255.190.137 port 33090 ssh2
Apr 11 21:56:20 ovzhost sshd[1017]: Failed password for root from 43.255.190.168 port 56268 ssh2
Apr 11 21:56:24 ovzhost sshd[1015]: message repeated 2 times: [ Failed password for root from 43.255.190.137 port 33090 ssh2]
Apr 11 21:56:24 ovzhost sshd[1015]: Received disconnect from 43.255.190.137: 11:  [preauth]
Apr 11 21:56:24 ovzhost sshd[1015]: PAM 2 more authentication failures; logname= uid=0 euid=0 tty=ssh ruser= rhost=43.255.190.137  user=root
Apr 11 21:56:24 ovzhost sshd[1017]: message repeated 2 times: [ Failed password for root from 43.255.190.168 port 56268 ssh2]
Apr 11 21:56:25 ovzhost sshd[1017]: Received disconnect from 43.255.190.168: 11:  [preauth]
Apr 11 21:56:25 ovzhost sshd[1017]: PAM 2 more authentication failures; logname= uid=0 euid=0 tty=ssh ruser= rhost=43.255.190.168  user=root
Apr 11 21:56:25 ovzhost sshd[1021]: pam_unix(sshd:auth): authentication failure; logname= uid=0 euid=0 tty=ssh ruser= rhost=43.255.190.168  user=root
Apr 11 21:56:25 ovzhost sshd[1019]: pam_unix(sshd:auth): authentication failure; logname= uid=0 euid=0 tty=ssh ruser= rhost=43.255.190.137  user=root
Apr 11 21:56:27 ovzhost sshd[1021]: Failed password for root from 43.255.190.168 port 43593 ssh2
Apr 11 21:56:27 ovzhost sshd[1019]: Failed password for root from 43.255.190.137 port 44600 ssh2
Apr 11 21:56:31 ovzhost sshd[1021]: message repeated 2 times: [ Failed password for root from 43.255.190.168 port 43593 ssh2]
Apr 11 21:56:31 ovzhost sshd[1021]: Received disconnect from 43.255.190.168: 11:  [preauth]
Apr 11 21:56:31 ovzhost sshd[1021]: PAM 2 more authentication failures; logname= uid=0 euid=0 tty=ssh ruser= rhost=43.255.190.168  user=root
Apr 11 21:56:31 ovzhost sshd[1019]: message repeated 2 times: [ Failed password for root from 43.255.190.137 port 44600 ssh2]
Apr 11 21:56:31 ovzhost sshd[1019]: Received disconnect from 43.255.190.137: 11:  [preauth]
Apr 11 21:56:31 ovzhost sshd[1019]: PAM 2 more authentication failures; logname= uid=0 euid=0 tty=ssh ruser= rhost=43.255.190.137  user=root
Apr 11 21:56:31 ovzhost sshd[1023]: pam_unix(sshd:auth): authentication failure; logname= uid=0 euid=0 tty=ssh ruser= rhost=43.255.190.168  user=root
Apr 11 21:56:32 ovzhost sshd[1025]: pam_unix(sshd:auth): authentication failure; logname= uid=0 euid=0 tty=ssh ruser= rhost=43.255.190.137  user=root
Apr 11 21:56:33 ovzhost sshd[1023]: Failed password for root from 43.255.190.168 port 58081 ssh2
Apr 11 21:56:33 ovzhost sshd[1025]: Failed password for root from 43.255.190.137 port 56166 ssh2
Apr 11 21:56:37 ovzhost sshd[1023]: message repeated 2 times: [ Failed password for root from 43.255.190.168 port 58081 ssh2]
Apr 11 21:56:37 ovzhost sshd[1023]: Received disconnect from 43.255.190.168: 11:  [preauth]
Apr 11 21:56:37 ovzhost sshd[1023]: PAM 2 more authentication failures; logname= uid=0 euid=0 tty=ssh ruser= rhost=43.255.190.168  user=root
Apr 11 21:56:38 ovzhost sshd[1029]: pam_unix(sshd:auth): authentication failure; logname= uid=0 euid=0 tty=ssh ruser= rhost=43.255.190.168  user=root
Apr 11 21:56:38 ovzhost sshd[1025]: message repeated 2 times: [ Failed password for root from 43.255.190.137 port 56166 ssh2]
Apr 11 21:56:38 ovzhost sshd[1025]: Received disconnect from 43.255.190.137: 11:  [preauth]
Apr 11 21:56:38 ovzhost sshd[1025]: PAM 2 more authentication failures; logname= uid=0 euid=0 tty=ssh ruser= rhost=43.255.190.137  user=root
Apr 11 21:56:38 ovzhost sshd[1031]: pam_unix(sshd:auth): authentication failure; logname= uid=0 euid=0 tty=ssh ruser= rhost=43.255.190.137  user=root
Apr 11 21:56:40 ovzhost sshd[1029]: Failed password for root from 43.255.190.168 port 44320 ssh2
Apr 11 21:56:41 ovzhost sshd[1031]: Failed password for root from 43.255.190.137 port 38202 ssh2
Apr 11 21:56:44 ovzhost sshd[1029]: message repeated 2 times: [ Failed password for root from 43.255.190.168 port 44320 ssh2]
Apr 11 21:56:44 ovzhost sshd[1029]: Received disconnect from 43.255.190.168: 11:  [preauth]
Apr 11 21:56:44 ovzhost sshd[1029]: PAM 2 more authentication failures; logname= uid=0 euid=0 tty=ssh ruser= rhost=43.255.190.168  user=root
Apr 11 21:56:44 ovzhost sshd[1031]: message repeated 2 times: [ Failed password for root from 43.255.190.137 port 38202 ssh2]
Apr 11 21:56:44 ovzhost sshd[1031]: Received disconnect from 43.255.190.137: 11:  [preauth]
Apr 11 21:56:44 ovzhost sshd[1031]: PAM 2 more authentication failures; logname= uid=0 euid=0 tty=ssh ruser= rhost=43.255.190.137  user=root
Apr 11 21:56:45 ovzhost sshd[1033]: pam_unix(sshd:auth): authentication failure; logname= uid=0 euid=0 tty=ssh ruser= rhost=43.255.190.168  user=root
Apr 11 21:56:47 ovzhost sshd[1033]: Failed password for root from 43.255.190.168 port 59877 ssh2
Apr 11 21:56:51 ovzhost sshd[1035]: pam_unix(sshd:auth): authentication failure; logname= uid=0 euid=0 tty=ssh ruser= rhost=43.255.190.137  user=root
Apr 11 21:56:51 ovzhost sshd[1033]: message repeated 2 times: [ Failed password for root from 43.255.190.168 port 59877 ssh2]
Apr 11 21:56:51 ovzhost sshd[1033]: Received disconnect from 43.255.190.168: 11:  [preauth]
Apr 11 21:56:51 ovzhost sshd[1033]: PAM 2 more authentication failures; logname= uid=0 euid=0 tty=ssh ruser= rhost=43.255.190.168  user=root
Apr 11 21:56:52 ovzhost sshd[1037]: pam_unix(sshd:auth): authentication failure; logname= uid=0 euid=0 tty=ssh ruser= rhost=43.255.190.168  user=root
Apr 11 21:56:53 ovzhost sshd[1035]: Failed password for root from 43.255.190.137 port 47881 ssh2
Apr 11 21:56:54 ovzhost sshd[1037]: Failed password for root from 43.255.190.168 port 48061 ssh2
Apr 11 21:56:56 ovzhost sshd[1035]: message repeated 2 times: [ Failed password for root from 43.255.190.137 port 47881 ssh2]
Apr 11 21:56:56 ovzhost sshd[1035]: Received disconnect from 43.255.190.137: 11:  [preauth]
Apr 11 21:56:56 ovzhost sshd[1035]: PAM 2 more authentication failures; logname= uid=0 euid=0 tty=ssh ruser= rhost=43.255.190.137  user=root
Apr 11 21:56:58 ovzhost sshd[1039]: pam_unix(sshd:auth): authentication failure; logname= uid=0 euid=0 tty=ssh ruser= rhost=43.255.190.137  user=root
Apr 11 21:56:58 ovzhost sshd[1037]: message repeated 2 times: [ Failed password for root from 43.255.190.168 port 48061 ssh2]
Apr 11 21:56:58 ovzhost sshd[1037]: Received disconnect from 43.255.190.168: 11:  [preauth]
Apr 11 21:56:58 ovzhost sshd[1037]: PAM 2 more authentication failures; logname= uid=0 euid=0 tty=ssh ruser= rhost=43.255.190.168  user=root
Apr 11 21:56:59 ovzhost sshd[1041]: pam_unix(sshd:auth): authentication failure; logname= uid=0 euid=0 tty=ssh ruser= rhost=43.255.190.168  user=root
Apr 11 21:57:00 ovzhost sshd[1039]: Failed password for root from 43.255.190.137 port 37520 ssh2
Apr 11 21:57:01 ovzhost sshd[1041]: Failed password for root from 43.255.190.168 port 35569 ssh2
Apr 11 21:57:04 ovzhost sshd[1039]: message repeated 2 times: [ Failed password for root from 43.255.190.137 port 37520 ssh2]
Apr 11 21:57:04 ovzhost sshd[1039]: Received disconnect from 43.255.190.137: 11:  [preauth]
Apr 11 21:57:04 ovzhost sshd[1039]: PAM 2 more authentication failures; logname= uid=0 euid=0 tty=ssh ruser= rhost=43.255.190.137  user=root
Apr 11 21:57:04 ovzhost sshd[1043]: pam_unix(sshd:auth): authentication failure; logname= uid=0 euid=0 tty=ssh ruser= rhost=43.255.190.137  user=root
Apr 11 21:57:05 ovzhost sshd[1041]: message repeated 2 times: [ Failed password for root from 43.255.190.168 port 35569 ssh2]
Apr 11 21:57:05 ovzhost sshd[1041]: Received disconnect from 43.255.190.168: 11:  [preauth]
Apr 11 21:57:05 ovzhost sshd[1041]: PAM 2 more authentication failures; logname= uid=0 euid=0 tty=ssh ruser= rhost=43.255.190.168  user=root
Apr 11 21:57:06 ovzhost sshd[1045]: pam_unix(sshd:auth): authentication failure; logname= uid=0 euid=0 tty=ssh ruser= rhost=43.255.190.168  user=root
Apr 11 21:57:07 ovzhost sshd[1043]: Failed password for root from 43.255.190.137 port 48986 ssh2
Apr 11 21:57:07 ovzhost sshd[1045]: Failed password for root from 43.255.190.168 port 50540 ssh2
Apr 11 21:57:11 ovzhost sshd[1043]: message repeated 2 times: [ Failed password for root from 43.255.190.137 port 48986 ssh2]
Apr 11 21:57:11 ovzhost sshd[1043]: Received disconnect from 43.255.190.137: 11:  [preauth]
Apr 11 21:57:11 ovzhost sshd[1043]: PAM 2 more authentication failures; logname= uid=0 euid=0 tty=ssh ruser= rhost=43.255.190.137  user=root
Apr 11 21:57:12 ovzhost sshd[1048]: pam_unix(sshd:auth): authentication failure; logname= uid=0 euid=0 tty=ssh ruser= rhost=43.255.190.137  user=root
Apr 11 21:57:12 ovzhost sshd[1045]: message repeated 2 times: [ Failed password for root from 43.255.190.168 port 50540 ssh2]
Apr 11 21:57:12 ovzhost sshd[1045]: Received disconnect from 43.255.190.168: 11:  [preauth]
Apr 11 21:57:12 ovzhost sshd[1045]: PAM 2 more authentication failures; logname= uid=0 euid=0 tty=ssh ruser= rhost=43.255.190.168  user=root
Apr 11 21:57:13 ovzhost sshd[1050]: pam_unix(sshd:auth): authentication failure; logname= uid=0 euid=0 tty=ssh ruser= rhost=43.255.190.168  user=root
Apr 11 21:57:14 ovzhost sshd[1048]: Failed password for root from 43.255.190.137 port 59580 ssh2
Apr 11 21:57:15 ovzhost sshd[1050]: Failed password for root from 43.255.190.168 port 38068 ssh2
Apr 11 21:57:18 ovzhost sshd[1048]: message repeated 2 times: [ Failed password for root from 43.255.190.137 port 59580 ssh2]
Apr 11 21:57:18 ovzhost sshd[1048]: Received disconnect from 43.255.190.137: 11:  [preauth]
Apr 11 21:57:18 ovzhost sshd[1048]: PAM 2 more authentication failures; logname= uid=0 euid=0 tty=ssh ruser= rhost=43.255.190.137  user=root
Apr 11 21:57:18 ovzhost sshd[1050]: message repeated 2 times: [ Failed password for root from 43.255.190.168 port 38068 ssh2]
Apr 11 21:57:19 ovzhost sshd[1050]: Received disconnect from 43.255.190.168: 11:  [preauth]
Apr 11 21:57:19 ovzhost sshd[1050]: PAM 2 more authentication failures; logname= uid=0 euid=0 tty=ssh ruser= rhost=43.255.190.168  user=root
Apr 11 21:57:19 ovzhost sshd[1052]: pam_unix(sshd:auth): authentication failure; logname= uid=0 euid=0 tty=ssh ruser= rhost=43.255.190.168  user=root
Apr 11 21:57:21 ovzhost sshd[1052]: Failed password for root from 43.255.190.168 port 52186 ssh2
Apr 11 21:57:25 ovzhost sshd[1052]: message repeated 2 times: [ Failed password for root from 43.255.190.168 port 52186 ssh2]
Apr 11 21:57:25 ovzhost sshd[1052]: Received disconnect from 43.255.190.168: 11:  [preauth]
Apr 11 21:57:25 ovzhost sshd[1052]: PAM 2 more authentication failures; logname= uid=0 euid=0 tty=ssh ruser= rhost=43.255.190.168  user=root
Apr 11 21:57:26 ovzhost sshd[1056]: pam_unix(sshd:auth): authentication failure; logname= uid=0 euid=0 tty=ssh ruser= rhost=43.255.190.168  user=root
Apr 11 21:57:27 ovzhost sshd[1056]: Failed password for root from 43.255.190.168 port 38422 ssh2
Apr 11 21:57:28 ovzhost sshd[1054]: pam_unix(sshd:auth): authentication failure; logname= uid=0 euid=0 tty=ssh ruser= rhost=43.255.190.137  user=root
Apr 11 21:57:30 ovzhost sshd[1054]: Failed password for root from 43.255.190.137 port 42067 ssh2
Apr 11 21:57:32 ovzhost sshd[1056]: message repeated 2 times: [ Failed password for root from 43.255.190.168 port 38422 ssh2]
Apr 11 21:57:32 ovzhost sshd[1056]: Received disconnect from 43.255.190.168: 11:  [preauth]
Apr 11 21:57:32 ovzhost sshd[1056]: PAM 2 more authentication failures; logname= uid=0 euid=0 tty=ssh ruser= rhost=43.255.190.168  user=root
Apr 11 21:57:33 ovzhost sshd[1060]: pam_unix(sshd:auth): authentication failure; logname= uid=0 euid=0 tty=ssh ruser= rhost=43.255.190.168  user=root
Apr 11 21:57:35 ovzhost sshd[1060]: Failed password for root from 43.255.190.168 port 53959 ssh2
Apr 11 21:57:35 ovzhost sshd[1054]: message repeated 2 times: [ Failed password for root from 43.255.190.137 port 42067 ssh2]
Apr 11 21:57:35 ovzhost sshd[1054]: Received disconnect from 43.255.190.137: 11:  [preauth]
Apr 11 21:57:35 ovzhost sshd[1054]: PAM 2 more authentication failures; logname= uid=0 euid=0 tty=ssh ruser= rhost=43.255.190.137  user=root
Apr 11 21:57:36 ovzhost sshd[1062]: pam_unix(sshd:auth): authentication failure; logname= uid=0 euid=0 tty=ssh ruser= rhost=43.255.190.137  user=root
Apr 11 21:57:38 ovzhost sshd[1062]: Failed password for root from 43.255.190.137 port 38536 ssh2
Apr 11 21:57:39 ovzhost sshd[1060]: message repeated 2 times: [ Failed password for root from 43.255.190.168 port 53959 ssh2]
Apr 11 21:57:39 ovzhost sshd[1060]: Received disconnect from 43.255.190.168: 11:  [preauth]
Apr 11 21:57:39 ovzhost sshd[1060]: PAM 2 more authentication failures; logname= uid=0 euid=0 tty=ssh ruser= rhost=43.255.190.168  user=root
Apr 11 21:57:40 ovzhost sshd[1065]: pam_unix(sshd:auth): authentication failure; logname= uid=0 euid=0 tty=ssh ruser= rhost=43.255.190.168  user=root
Apr 11 21:57:42 ovzhost sshd[1062]: message repeated 2 times: [ Failed password for root from 43.255.190.137 port 38536 ssh2]
Apr 11 21:57:42 ovzhost sshd[1062]: Received disconnect from 43.255.190.137: 11:  [preauth]
Apr 11 21:57:42 ovzhost sshd[1062]: PAM 2 more authentication failures; logname= uid=0 euid=0 tty=ssh ruser= rhost=43.255.190.137  user=root
Apr 11 21:57:42 ovzhost sshd[1065]: Failed password for root from 43.255.190.168 port 41041 ssh2
Apr 11 21:57:44 ovzhost sshd[1067]: pam_unix(sshd:auth): authentication failure; logname= uid=0 euid=0 tty=ssh ruser= rhost=43.255.190.137  user=root
Apr 11 21:57:46 ovzhost sshd[1067]: Failed password for root from 43.255.190.137 port 48277 ssh2
Apr 11 21:57:46 ovzhost sshd[1065]: message repeated 2 times: [ Failed password for root from 43.255.190.168 port 41041 ssh2]
Apr 11 21:57:46 ovzhost sshd[1065]: Received disconnect from 43.255.190.168: 11:  [preauth]
Apr 11 21:57:46 ovzhost sshd[1065]: PAM 2 more authentication failures; logname= uid=0 euid=0 tty=ssh ruser= rhost=43.255.190.168  user=root
Apr 11 21:57:47 ovzhost sshd[1069]: pam_unix(sshd:auth): authentication failure; logname= uid=0 euid=0 tty=ssh ruser= rhost=43.255.190.168  user=root
Apr 11 21:57:48 ovzhost sshd[1069]: Failed password for root from 43.255.190.168 port 56896 ssh2
Apr 11 21:57:51 ovzhost sshd[1067]: message repeated 2 times: [ Failed password for root from 43.255.190.137 port 48277 ssh2]
Apr 11 21:57:51 ovzhost sshd[1067]: Received disconnect from 43.255.190.137: 11:  [preauth]
Apr 11 21:57:51 ovzhost sshd[1067]: PAM 2 more authentication failures; logname= uid=0 euid=0 tty=ssh ruser= rhost=43.255.190.137  user=root
Apr 11 21:57:52 ovzhost sshd[1069]: message repeated 2 times: [ Failed password for root from 43.255.190.168 port 56896 ssh2]
Apr 11 21:57:52 ovzhost sshd[1069]: Received disconnect from 43.255.190.168: 11:  [preauth]
Apr 11 21:57:52 ovzhost sshd[1069]: PAM 2 more authentication failures; logname= uid=0 euid=0 tty=ssh ruser= rhost=43.255.190.168  user=root
Apr 11 21:57:53 ovzhost sshd[1073]: pam_unix(sshd:auth): authentication failure; logname= uid=0 euid=0 tty=ssh ruser= rhost=43.255.190.168  user=root
Apr 11 21:57:53 ovzhost sshd[1071]: pam_unix(sshd:auth): authentication failure; logname= uid=0 euid=0 tty=ssh ruser= rhost=43.255.190.137  user=root
