Apr 11 22:04:36 ovzhost sshd[1292]: pam_unix(sshd:auth): authentication failure; logname= uid=0 euid=0 tty=ssh ruser= rhost=58.218.213.254  user=root
Apr 11 22:04:38 ovzhost sshd[1292]: Failed password for root from 58.218.213.254 port 44780 ssh2
Apr 11 22:04:43 ovzhost sshd[1292]: message repeated 2 times: [ Failed password for root from 58.218.213.254 port 44780 ssh2]
Apr 11 22:04:43 ovzhost sshd[1292]: Received disconnect from 58.218.213.254: 11:  [preauth]
Apr 11 22:04:43 ovzhost sshd[1292]: PAM 2 more authentication failures; logname= uid=0 euid=0 tty=ssh ruser= rhost=58.218.213.254  user=root
Apr 11 22:04:45 ovzhost sshd[1294]: pam_unix(sshd:auth): authentication failure; logname= uid=0 euid=0 tty=ssh ruser= rhost=58.218.213.254  user=root
Apr 11 22:04:48 ovzhost sshd[1294]: Failed password for root from 58.218.213.254 port 32976 ssh2
Apr 11 22:04:52 ovzhost sshd[1294]: message repeated 2 times: [ Failed password for root from 58.218.213.254 port 32976 ssh2]
Apr 11 22:04:52 ovzhost sshd[1294]: Received disconnect from 58.218.213.254: 11:  [preauth]
Apr 11 22:04:52 ovzhost sshd[1294]: PAM 2 more authentication failures; logname= uid=0 euid=0 tty=ssh ruser= rhost=58.218.213.254  user=root
Apr 11 22:04:54 ovzhost sshd[1297]: pam_unix(sshd:auth): authentication failure; logname= uid=0 euid=0 tty=ssh ruser= rhost=58.218.213.254  user=root
Apr 11 22:04:56 ovzhost sshd[1297]: Failed password for root from 58.218.213.254 port 51180 ssh2
Apr 11 22:05:00 ovzhost sshd[1297]: message repeated 2 times: [ Failed password for root from 58.218.213.254 port 51180 ssh2]
Apr 11 22:05:00 ovzhost sshd[1297]: Received disconnect from 58.218.213.254: 11:  [preauth]
Apr 11 22:05:00 ovzhost sshd[1297]: PAM 2 more authentication failures; logname= uid=0 euid=0 tty=ssh ruser= rhost=58.218.213.254  user=root
Apr 11 22:05:03 ovzhost sshd[1299]: pam_unix(sshd:auth): authentication failure; logname= uid=0 euid=0 tty=ssh ruser= rhost=58.218.213.254  user=root
Apr 11 22:05:05 ovzhost sshd[1299]: Failed password for root from 58.218.213.254 port 40257 ssh2
Apr 11 22:05:06 ovzhost sshd[1301]: Invalid user admin from 45.55.147.43
Apr 11 22:05:06 ovzhost sshd[1301]: input_userauth_request: invalid user admin [preauth]
Apr 11 22:05:06 ovzhost sshd[1301]: pam_unix(sshd:auth): check pass; user unknown
Apr 11 22:05:06 ovzhost sshd[1301]: pam_unix(sshd:auth): authentication failure; logname= uid=0 euid=0 tty=ssh ruser= rhost=45.55.147.43 
Apr 11 22:05:08 ovzhost sshd[1301]: Failed password for invalid user admin from 45.55.147.43 port 56411 ssh2
Apr 11 22:05:08 ovzhost sshd[1301]: Connection closed by 45.55.147.43 [preauth]
Apr 11 22:05:10 ovzhost sshd[1299]: message repeated 2 times: [ Failed password for root from 58.218.213.254 port 40257 ssh2]
Apr 11 22:05:10 ovzhost sshd[1299]: Received disconnect from 58.218.213.254: 11:  [preauth]
Apr 11 22:05:10 ovzhost sshd[1299]: PAM 2 more authentication failures; logname= uid=0 euid=0 tty=ssh ruser= rhost=58.218.213.254  user=root
Apr 11 22:05:12 ovzhost sshd[1304]: pam_unix(sshd:auth): authentication failure; logname= uid=0 euid=0 tty=ssh ruser= rhost=58.218.213.254  user=root
Apr 11 22:05:14 ovzhost sshd[1304]: Failed password for root from 58.218.213.254 port 60233 ssh2
Apr 11 22:05:19 ovzhost sshd[1304]: message repeated 2 times: [ Failed password for root from 58.218.213.254 port 60233 ssh2]
Apr 11 22:05:20 ovzhost sshd[1304]: Received disconnect from 58.218.213.254: 11:  [preauth]
Apr 11 22:05:20 ovzhost sshd[1304]: PAM 2 more authentication failures; logname= uid=0 euid=0 tty=ssh ruser= rhost=58.218.213.254  user=root
Apr 11 22:05:23 ovzhost sshd[1306]: pam_unix(sshd:auth): authentication failure; logname= uid=0 euid=0 tty=ssh ruser= rhost=58.218.213.254  user=root
Apr 11 22:05:25 ovzhost sshd[1306]: Failed password for root from 58.218.213.254 port 52368 ssh2
Apr 11 22:05:31 ovzhost sshd[1306]: message repeated 2 times: [ Failed password for root from 58.218.213.254 port 52368 ssh2]
Apr 11 22:05:31 ovzhost sshd[1306]: Received disconnect from 58.218.213.254: 11:  [preauth]
Apr 11 22:05:31 ovzhost sshd[1306]: PAM 2 more authentication failures; logname= uid=0 euid=0 tty=ssh ruser= rhost=58.218.213.254  user=root
Apr 11 22:05:32 ovzhost sshd[1308]: pam_unix(sshd:auth): authentication failure; logname= uid=0 euid=0 tty=ssh ruser= rhost=58.218.213.254  user=root
Apr 11 22:05:35 ovzhost sshd[1308]: Failed password for root from 58.218.213.254 port 44649 ssh2
Apr 11 22:05:39 ovzhost sshd[1308]: message repeated 2 times: [ Failed password for root from 58.218.213.254 port 44649 ssh2]
Apr 11 22:05:39 ovzhost sshd[1308]: Received disconnect from 58.218.213.254: 11:  [preauth]
Apr 11 22:05:39 ovzhost sshd[1308]: PAM 2 more authentication failures; logname= uid=0 euid=0 tty=ssh ruser= rhost=58.218.213.254  user=root
Apr 11 22:05:41 ovzhost sshd[1310]: pam_unix(sshd:auth): authentication failure; logname= uid=0 euid=0 tty=ssh ruser= rhost=58.218.213.254  user=root
Apr 11 22:05:43 ovzhost sshd[1310]: Failed password for root from 58.218.213.254 port 60184 ssh2
Apr 11 22:05:47 ovzhost sshd[1310]: message repeated 2 times: [ Failed password for root from 58.218.213.254 port 60184 ssh2]
Apr 11 22:05:47 ovzhost sshd[1310]: Received disconnect from 58.218.213.254: 11:  [preauth]
Apr 11 22:05:47 ovzhost sshd[1310]: PAM 2 more authentication failures; logname= uid=0 euid=0 tty=ssh ruser= rhost=58.218.213.254  user=root
Apr 11 22:05:51 ovzhost sshd[1312]: pam_unix(sshd:auth): authentication failure; logname= uid=0 euid=0 tty=ssh ruser= rhost=58.218.213.254  user=root
Apr 11 22:05:53 ovzhost sshd[1312]: Failed password for root from 58.218.213.254 port 48119 ssh2
Apr 11 22:06:00 ovzhost sshd[1312]: message repeated 2 times: [ Failed password for root from 58.218.213.254 port 48119 ssh2]
Apr 11 22:06:01 ovzhost sshd[1312]: Received disconnect from 58.218.213.254: 11:  [preauth]
Apr 11 22:06:01 ovzhost sshd[1312]: PAM 2 more authentication failures; logname= uid=0 euid=0 tty=ssh ruser= rhost=58.218.213.254  user=root
Apr 11 22:06:03 ovzhost sshd[1314]: pam_unix(sshd:auth): authentication failure; logname= uid=0 euid=0 tty=ssh ruser= rhost=58.218.213.254  user=root
Apr 11 22:06:06 ovzhost sshd[1314]: Failed password for root from 58.218.213.254 port 45968 ssh2
Apr 11 22:06:10 ovzhost sshd[1314]: message repeated 2 times: [ Failed password for root from 58.218.213.254 port 45968 ssh2]
Apr 11 22:06:11 ovzhost sshd[1314]: Received disconnect from 58.218.213.254: 11:  [preauth]
Apr 11 22:06:11 ovzhost sshd[1314]: PAM 2 more authentication failures; logname= uid=0 euid=0 tty=ssh ruser= rhost=58.218.213.254  user=root
Apr 11 22:06:12 ovzhost sshd[1319]: Connection closed by 127.0.0.1 [preauth]
Apr 11 22:06:13 ovzhost sshd[1316]: pam_unix(sshd:auth): authentication failure; logname= uid=0 euid=0 tty=ssh ruser= rhost=58.218.213.254  user=root
Apr 11 22:06:15 ovzhost sshd[1316]: Failed password for root from 58.218.213.254 port 39382 ssh2
Apr 11 22:06:20 ovzhost sshd[1316]: message repeated 2 times: [ Failed password for root from 58.218.213.254 port 39382 ssh2]
Apr 11 22:06:20 ovzhost sshd[1316]: Received disconnect from 58.218.213.254: 11:  [preauth]
Apr 11 22:06:20 ovzhost sshd[1316]: PAM 2 more authentication failures; logname= uid=0 euid=0 tty=ssh ruser= rhost=58.218.213.254  user=root
Apr 11 22:06:22 ovzhost sshd[1323]: pam_unix(sshd:auth): authentication failure; logname= uid=0 euid=0 tty=ssh ruser= rhost=58.218.213.254  user=root
Apr 11 22:06:24 ovzhost sshd[1323]: Failed password for root from 58.218.213.254 port 56086 ssh2
Apr 11 22:06:29 ovzhost sshd[1323]: message repeated 2 times: [ Failed password for root from 58.218.213.254 port 56086 ssh2]
Apr 11 22:06:29 ovzhost sshd[1323]: Received disconnect from 58.218.213.254: 11:  [preauth]
Apr 11 22:06:29 ovzhost sshd[1323]: PAM 2 more authentication failures; logname= uid=0 euid=0 tty=ssh ruser= rhost=58.218.213.254  user=root
Apr 11 22:06:34 ovzhost sshd[1325]: pam_unix(sshd:auth): authentication failure; logname= uid=0 euid=0 tty=ssh ruser= rhost=58.218.213.254  user=root
Apr 11 22:06:36 ovzhost sshd[1325]: Failed password for root from 58.218.213.254 port 44441 ssh2
Apr 11 22:06:41 ovzhost sshd[1325]: message repeated 2 times: [ Failed password for root from 58.218.213.254 port 44441 ssh2]
Apr 11 22:06:41 ovzhost sshd[1325]: Received disconnect from 58.218.213.254: 11:  [preauth]
Apr 11 22:06:41 ovzhost sshd[1325]: PAM 2 more authentication failures; logname= uid=0 euid=0 tty=ssh ruser= rhost=58.218.213.254  user=root
Apr 11 22:06:44 ovzhost sshd[1329]: pam_unix(sshd:auth): authentication failure; logname= uid=0 euid=0 tty=ssh ruser= rhost=58.218.213.254  user=root
Apr 11 22:06:46 ovzhost sshd[1329]: Failed password for root from 58.218.213.254 port 40304 ssh2
Apr 11 22:06:50 ovzhost sshd[1329]: message repeated 2 times: [ Failed password for root from 58.218.213.254 port 40304 ssh2]
Apr 11 22:06:51 ovzhost sshd[1329]: Received disconnect from 58.218.213.254: 11:  [preauth]
Apr 11 22:06:51 ovzhost sshd[1329]: PAM 2 more authentication failures; logname= uid=0 euid=0 tty=ssh ruser= rhost=58.218.213.254  user=root
Apr 11 22:06:53 ovzhost sshd[1331]: pam_unix(sshd:auth): authentication failure; logname= uid=0 euid=0 tty=ssh ruser= rhost=58.218.213.254  user=root
Apr 11 22:06:56 ovzhost sshd[1331]: Failed password for root from 58.218.213.254 port 33226 ssh2
Apr 11 22:06:59 ovzhost sshd[1331]: message repeated 2 times: [ Failed password for root from 58.218.213.254 port 33226 ssh2]
Apr 11 22:07:00 ovzhost sshd[1331]: Received disconnect from 58.218.213.254: 11:  [preauth]
Apr 11 22:07:00 ovzhost sshd[1331]: PAM 2 more authentication failures; logname= uid=0 euid=0 tty=ssh ruser= rhost=58.218.213.254  user=root
Apr 11 22:07:02 ovzhost sshd[1333]: pam_unix(sshd:auth): authentication failure; logname= uid=0 euid=0 tty=ssh ruser= rhost=58.218.213.254  user=root
Apr 11 22:07:04 ovzhost sshd[1333]: Failed password for root from 58.218.213.254 port 48385 ssh2
Apr 11 22:07:09 ovzhost sshd[1333]: message repeated 2 times: [ Failed password for root from 58.218.213.254 port 48385 ssh2]
Apr 11 22:07:09 ovzhost sshd[1333]: Received disconnect from 58.218.213.254: 11:  [preauth]
Apr 11 22:07:09 ovzhost sshd[1333]: PAM 2 more authentication failures; logname= uid=0 euid=0 tty=ssh ruser= rhost=58.218.213.254  user=root
Apr 11 22:07:12 ovzhost sshd[1336]: pam_unix(sshd:auth): authentication failure; logname= uid=0 euid=0 tty=ssh ruser= rhost=58.218.213.254  user=root
Apr 11 22:07:14 ovzhost sshd[1336]: Failed password for root from 58.218.213.254 port 37567 ssh2
Apr 11 22:07:19 ovzhost sshd[1336]: message repeated 2 times: [ Failed password for root from 58.218.213.254 port 37567 ssh2]
Apr 11 22:07:19 ovzhost sshd[1336]: Received disconnect from 58.218.213.254: 11:  [preauth]
Apr 11 22:07:19 ovzhost sshd[1336]: PAM 2 more authentication failures; logname= uid=0 euid=0 tty=ssh ruser= rhost=58.218.213.254  user=root
Apr 11 22:09:01 ovzhost CRON[1349]: pam_env(cron:session): Unable to open env file: /etc/default/locale: No such file or directory
Apr 11 22:09:01 ovzhost CRON[1349]: pam_unix(cron:session): session opened for user root by (uid=0)
Apr 11 22:09:01 ovzhost CRON[1348]: pam_env(cron:session): Unable to open env file: /etc/default/locale: No such file or directory
Apr 11 22:09:01 ovzhost CRON[1348]: pam_unix(cron:session): session opened for user root by (uid=0)
Apr 11 22:09:01 ovzhost CRON[1348]: pam_unix(cron:session): session closed for user root
Apr 11 22:09:01 ovzhost CRON[1349]: pam_unix(cron:session): session closed for user root
Apr 11 22:10:41 ovzhost sshd[1368]: Connection closed by 128.8.37.120 [preauth]
Apr 11 22:11:12 ovzhost sshd[1371]: Connection closed by 127.0.0.1 [preauth]
Apr 11 22:16:12 ovzhost sshd[1390]: Connection closed by 127.0.0.1 [preauth]
Apr 11 22:20:01 ovzhost CRON[1411]: pam_env(cron:session): Unable to open env file: /etc/default/locale: No such file or directory
Apr 11 22:20:01 ovzhost CRON[1411]: pam_unix(cron:session): session opened for user smmsp by (uid=0)
Apr 11 22:20:01 ovzhost CRON[1411]: pam_unix(cron:session): session closed for user smmsp
Apr 11 22:20:11 ovzhost sshd[1438]: pam_unix(sshd:auth): authentication failure; logname= uid=0 euid=0 tty=ssh ruser= rhost=43.255.190.89  user=root
Apr 11 22:20:13 ovzhost sshd[1438]: Failed password for root from 43.255.190.89 port 37503 ssh2
Apr 11 22:20:18 ovzhost sshd[1438]: message repeated 2 times: [ Failed password for root from 43.255.190.89 port 37503 ssh2]
Apr 11 22:20:18 ovzhost sshd[1438]: Received disconnect from 43.255.190.89: 11:  [preauth]
Apr 11 22:20:18 ovzhost sshd[1438]: PAM 2 more authentication failures; logname= uid=0 euid=0 tty=ssh ruser= rhost=43.255.190.89  user=root
Apr 11 22:20:18 ovzhost sshd[1440]: pam_unix(sshd:auth): authentication failure; logname= uid=0 euid=0 tty=ssh ruser= rhost=43.255.190.89  user=root
Apr 11 22:20:20 ovzhost sshd[1440]: Failed password for root from 43.255.190.89 port 55359 ssh2
Apr 11 22:20:21 ovzhost sshd[1442]: pam_unix(sshd:auth): authentication failure; logname= uid=0 euid=0 tty=ssh ruser= rhost=43.255.190.185  user=root
Apr 11 22:20:23 ovzhost sshd[1442]: Failed password for root from 43.255.190.185 port 39146 ssh2
Apr 11 22:20:24 ovzhost sshd[1440]: message repeated 2 times: [ Failed password for root from 43.255.190.89 port 55359 ssh2]
Apr 11 22:20:24 ovzhost sshd[1440]: Received disconnect from 43.255.190.89: 11:  [preauth]
Apr 11 22:20:24 ovzhost sshd[1440]: PAM 2 more authentication failures; logname= uid=0 euid=0 tty=ssh ruser= rhost=43.255.190.89  user=root
Apr 11 22:20:25 ovzhost sshd[1444]: pam_unix(sshd:auth): authentication failure; logname= uid=0 euid=0 tty=ssh ruser= rhost=43.255.190.89  user=root
Apr 11 22:20:27 ovzhost sshd[1444]: Failed password for root from 43.255.190.89 port 44387 ssh2
Apr 11 22:20:27 ovzhost sshd[1442]: message repeated 2 times: [ Failed password for root from 43.255.190.185 port 39146 ssh2]
Apr 11 22:20:27 ovzhost sshd[1442]: Received disconnect from 43.255.190.185: 11:  [preauth]
Apr 11 22:20:27 ovzhost sshd[1442]: PAM 2 more authentication failures; logname= uid=0 euid=0 tty=ssh ruser= rhost=43.255.190.185  user=root
Apr 11 22:20:27 ovzhost sshd[1446]: pam_unix(sshd:auth): authentication failure; logname= uid=0 euid=0 tty=ssh ruser= rhost=43.255.190.185  user=root
Apr 11 22:20:30 ovzhost sshd[1446]: Failed password for root from 43.255.190.185 port 55496 ssh2
Apr 11 22:20:31 ovzhost sshd[1444]: message repeated 2 times: [ Failed password for root from 43.255.190.89 port 44387 ssh2]
Apr 11 22:20:31 ovzhost sshd[1444]: Received disconnect from 43.255.190.89: 11:  [preauth]
Apr 11 22:20:31 ovzhost sshd[1444]: PAM 2 more authentication failures; logname= uid=0 euid=0 tty=ssh ruser= rhost=43.255.190.89  user=root
Apr 11 22:20:31 ovzhost sshd[1448]: pam_unix(sshd:auth): authentication failure; logname= uid=0 euid=0 tty=ssh ruser= rhost=43.255.190.89  user=root
Apr 11 22:20:33 ovzhost sshd[1448]: Failed password for root from 43.255.190.89 port 60288 ssh2
Apr 11 22:20:34 ovzhost sshd[1446]: message repeated 2 times: [ Failed password for root from 43.255.190.185 port 55496 ssh2]
Apr 11 22:20:34 ovzhost sshd[1446]: Received disconnect from 43.255.190.185: 11:  [preauth]
Apr 11 22:20:34 ovzhost sshd[1446]: PAM 2 more authentication failures; logname= uid=0 euid=0 tty=ssh ruser= rhost=43.255.190.185  user=root
Apr 11 22:20:34 ovzhost sshd[1450]: pam_unix(sshd:auth): authentication failure; logname= uid=0 euid=0 tty=ssh ruser= rhost=43.255.190.185  user=root
Apr 11 22:20:36 ovzhost sshd[1450]: Failed password for root from 43.255.190.185 port 45833 ssh2
Apr 11 22:20:37 ovzhost sshd[1448]: message repeated 2 times: [ Failed password for root from 43.255.190.89 port 60288 ssh2]
Apr 11 22:20:37 ovzhost sshd[1448]: Received disconnect from 43.255.190.89: 11:  [preauth]
Apr 11 22:20:37 ovzhost sshd[1448]: PAM 2 more authentication failures; logname= uid=0 euid=0 tty=ssh ruser= rhost=43.255.190.89  user=root
Apr 11 22:20:37 ovzhost sshd[1452]: pam_unix(sshd:auth): authentication failure; logname= uid=0 euid=0 tty=ssh ruser= rhost=43.255.190.89  user=root
Apr 11 22:20:40 ovzhost sshd[1452]: Failed password for root from 43.255.190.89 port 48046 ssh2
Apr 11 22:20:40 ovzhost sshd[1450]: message repeated 2 times: [ Failed password for root from 43.255.190.185 port 45833 ssh2]
Apr 11 22:20:40 ovzhost sshd[1450]: Received disconnect from 43.255.190.185: 11:  [preauth]
Apr 11 22:20:40 ovzhost sshd[1450]: PAM 2 more authentication failures; logname= uid=0 euid=0 tty=ssh ruser= rhost=43.255.190.185  user=root
Apr 11 22:20:40 ovzhost sshd[1454]: pam_unix(sshd:auth): authentication failure; logname= uid=0 euid=0 tty=ssh ruser= rhost=43.255.190.185  user=root
Apr 11 22:20:41 ovzhost sshd[1457]: Connection closed by 128.8.37.120 [preauth]
Apr 11 22:20:42 ovzhost sshd[1454]: Failed password for root from 43.255.190.185 port 33109 ssh2
Apr 11 22:20:43 ovzhost sshd[1452]: message repeated 2 times: [ Failed password for root from 43.255.190.89 port 48046 ssh2]
Apr 11 22:20:43 ovzhost sshd[1452]: Received disconnect from 43.255.190.89: 11:  [preauth]
Apr 11 22:20:43 ovzhost sshd[1452]: PAM 2 more authentication failures; logname= uid=0 euid=0 tty=ssh ruser= rhost=43.255.190.89  user=root
Apr 11 22:20:43 ovzhost sshd[1459]: pam_unix(sshd:auth): authentication failure; logname= uid=0 euid=0 tty=ssh ruser= rhost=43.255.190.89  user=root
Apr 11 22:20:45 ovzhost sshd[1459]: Failed password for root from 43.255.190.89 port 34680 ssh2
Apr 11 22:20:46 ovzhost sshd[1454]: message repeated 2 times: [ Failed password for root from 43.255.190.185 port 33109 ssh2]
Apr 11 22:20:46 ovzhost sshd[1454]: Received disconnect from 43.255.190.185: 11:  [preauth]
Apr 11 22:20:46 ovzhost sshd[1454]: PAM 2 more authentication failures; logname= uid=0 euid=0 tty=ssh ruser= rhost=43.255.190.185  user=root
Apr 11 22:20:46 ovzhost sshd[1461]: pam_unix(sshd:auth): authentication failure; logname= uid=0 euid=0 tty=ssh ruser= rhost=43.255.190.185  user=root
Apr 11 22:20:48 ovzhost sshd[1461]: Failed password for root from 43.255.190.185 port 48909 ssh2
Apr 11 22:20:48 ovzhost sshd[1459]: message repeated 2 times: [ Failed password for root from 43.255.190.89 port 34680 ssh2]
Apr 11 22:20:49 ovzhost sshd[1459]: Received disconnect from 43.255.190.89: 11:  [preauth]
Apr 11 22:20:49 ovzhost sshd[1459]: PAM 2 more authentication failures; logname= uid=0 euid=0 tty=ssh ruser= rhost=43.255.190.89  user=root
Apr 11 22:20:49 ovzhost sshd[1463]: pam_unix(sshd:auth): authentication failure; logname= uid=0 euid=0 tty=ssh ruser= rhost=43.255.190.89  user=root
Apr 11 22:20:51 ovzhost sshd[1463]: Failed password for root from 43.255.190.89 port 50309 ssh2
Apr 11 22:20:52 ovzhost sshd[1461]: message repeated 2 times: [ Failed password for root from 43.255.190.185 port 48909 ssh2]
Apr 11 22:20:52 ovzhost sshd[1461]: Received disconnect from 43.255.190.185: 11:  [preauth]
Apr 11 22:20:52 ovzhost sshd[1461]: PAM 2 more authentication failures; logname= uid=0 euid=0 tty=ssh ruser= rhost=43.255.190.185  user=root
Apr 11 22:20:52 ovzhost sshd[1465]: pam_unix(sshd:auth): authentication failure; logname= uid=0 euid=0 tty=ssh ruser= rhost=43.255.190.185  user=root
Apr 11 22:20:54 ovzhost sshd[1465]: Failed password for root from 43.255.190.185 port 36405 ssh2
Apr 11 22:20:55 ovzhost sshd[1463]: message repeated 2 times: [ Failed password for root from 43.255.190.89 port 50309 ssh2]
Apr 11 22:20:55 ovzhost sshd[1463]: Received disconnect from 43.255.190.89: 11:  [preauth]
Apr 11 22:20:55 ovzhost sshd[1463]: PAM 2 more authentication failures; logname= uid=0 euid=0 tty=ssh ruser= rhost=43.255.190.89  user=root
Apr 11 22:20:56 ovzhost sshd[1467]: pam_unix(sshd:auth): authentication failure; logname= uid=0 euid=0 tty=ssh ruser= rhost=43.255.190.89  user=root
Apr 11 22:20:58 ovzhost sshd[1467]: Failed password for root from 43.255.190.89 port 37342 ssh2
Apr 11 22:20:58 ovzhost sshd[1465]: message repeated 2 times: [ Failed password for root from 43.255.190.185 port 36405 ssh2]
Apr 11 22:20:58 ovzhost sshd[1465]: Received disconnect from 43.255.190.185: 11:  [preauth]
Apr 11 22:20:58 ovzhost sshd[1465]: PAM 2 more authentication failures; logname= uid=0 euid=0 tty=ssh ruser= rhost=43.255.190.185  user=root
Apr 11 22:20:59 ovzhost sshd[1469]: pam_unix(sshd:auth): authentication failure; logname= uid=0 euid=0 tty=ssh ruser= rhost=43.255.190.185  user=root
Apr 11 22:21:00 ovzhost sshd[1469]: Failed password for root from 43.255.190.185 port 52919 ssh2
Apr 11 22:21:01 ovzhost sshd[1467]: message repeated 2 times: [ Failed password for root from 43.255.190.89 port 37342 ssh2]
Apr 11 22:21:01 ovzhost sshd[1467]: Received disconnect from 43.255.190.89: 11:  [preauth]
Apr 11 22:21:01 ovzhost sshd[1467]: PAM 2 more authentication failures; logname= uid=0 euid=0 tty=ssh ruser= rhost=43.255.190.89  user=root
Apr 11 22:21:02 ovzhost sshd[1471]: pam_unix(sshd:auth): authentication failure; logname= uid=0 euid=0 tty=ssh ruser= rhost=43.255.190.89  user=root
Apr 11 22:21:04 ovzhost sshd[1471]: Failed password for root from 43.255.190.89 port 54351 ssh2
Apr 11 22:21:04 ovzhost sshd[1469]: message repeated 2 times: [ Failed password for root from 43.255.190.185 port 52919 ssh2]
Apr 11 22:21:04 ovzhost sshd[1469]: Received disconnect from 43.255.190.185: 11:  [preauth]
Apr 11 22:21:04 ovzhost sshd[1469]: PAM 2 more authentication failures; logname= uid=0 euid=0 tty=ssh ruser= rhost=43.255.190.185  user=root
Apr 11 22:21:05 ovzhost sshd[1473]: pam_unix(sshd:auth): authentication failure; logname= uid=0 euid=0 tty=ssh ruser= rhost=43.255.190.185  user=root
Apr 11 22:21:07 ovzhost sshd[1473]: Failed password for root from 43.255.190.185 port 40281 ssh2
Apr 11 22:21:07 ovzhost sshd[1471]: message repeated 2 times: [ Failed password for root from 43.255.190.89 port 54351 ssh2]
Apr 11 22:21:07 ovzhost sshd[1471]: Received disconnect from 43.255.190.89: 11:  [preauth]
Apr 11 22:21:07 ovzhost sshd[1471]: PAM 2 more authentication failures; logname= uid=0 euid=0 tty=ssh ruser= rhost=43.255.190.89  user=root
Apr 11 22:21:08 ovzhost sshd[1475]: pam_unix(sshd:auth): authentication failure; logname= uid=0 euid=0 tty=ssh ruser= rhost=43.255.190.89  user=root
Apr 11 22:21:10 ovzhost sshd[1475]: Failed password for root from 43.255.190.89 port 41211 ssh2
Apr 11 22:21:11 ovzhost sshd[1473]: message repeated 2 times: [ Failed password for root from 43.255.190.185 port 40281 ssh2]
Apr 11 22:21:11 ovzhost sshd[1473]: Received disconnect from 43.255.190.185: 11:  [preauth]
Apr 11 22:21:11 ovzhost sshd[1473]: PAM 2 more authentication failures; logname= uid=0 euid=0 tty=ssh ruser= rhost=43.255.190.185  user=root
Apr 11 22:21:12 ovzhost sshd[1477]: pam_unix(sshd:auth): authentication failure; logname= uid=0 euid=0 tty=ssh ruser= rhost=43.255.190.185  user=root
Apr 11 22:21:12 ovzhost sshd[1480]: Connection closed by 127.0.0.1 [preauth]
Apr 11 22:21:14 ovzhost sshd[1477]: Failed password for root from 43.255.190.185 port 56398 ssh2
Apr 11 22:21:14 ovzhost sshd[1475]: message repeated 2 times: [ Failed password for root from 43.255.190.89 port 41211 ssh2]
Apr 11 22:21:14 ovzhost sshd[1475]: Received disconnect from 43.255.190.89: 11:  [preauth]
Apr 11 22:21:14 ovzhost sshd[1475]: PAM 2 more authentication failures; logname= uid=0 euid=0 tty=ssh ruser= rhost=43.255.190.89  user=root
Apr 11 22:21:15 ovzhost sshd[1482]: pam_unix(sshd:auth): authentication failure; logname= uid=0 euid=0 tty=ssh ruser= rhost=43.255.190.89  user=root
Apr 11 22:21:17 ovzhost sshd[1482]: Failed password for root from 43.255.190.89 port 57785 ssh2
Apr 11 22:21:17 ovzhost sshd[1477]: message repeated 2 times: [ Failed password for root from 43.255.190.185 port 56398 ssh2]
Apr 11 22:21:17 ovzhost sshd[1477]: Received disconnect from 43.255.190.185: 11:  [preauth]
Apr 11 22:21:17 ovzhost sshd[1477]: PAM 2 more authentication failures; logname= uid=0 euid=0 tty=ssh ruser= rhost=43.255.190.185  user=root
Apr 11 22:21:18 ovzhost sshd[1484]: pam_unix(sshd:auth): authentication failure; logname= uid=0 euid=0 tty=ssh ruser= rhost=43.255.190.185  user=root
Apr 11 22:21:20 ovzhost sshd[1484]: Failed password for root from 43.255.190.185 port 44359 ssh2
Apr 11 22:21:20 ovzhost sshd[1482]: message repeated 2 times: [ Failed password for root from 43.255.190.89 port 57785 ssh2]
Apr 11 22:21:21 ovzhost sshd[1482]: Received disconnect from 43.255.190.89: 11:  [preauth]
Apr 11 22:21:21 ovzhost sshd[1482]: PAM 2 more authentication failures; logname= uid=0 euid=0 tty=ssh ruser= rhost=43.255.190.89  user=root
Apr 11 22:21:21 ovzhost sshd[1486]: pam_unix(sshd:auth): authentication failure; logname= uid=0 euid=0 tty=ssh ruser= rhost=43.255.190.89  user=root
Apr 11 22:21:23 ovzhost sshd[1486]: Failed password for root from 43.255.190.89 port 45575 ssh2
Apr 11 22:21:24 ovzhost sshd[1484]: message repeated 2 times: [ Failed password for root from 43.255.190.185 port 44359 ssh2]
Apr 11 22:21:24 ovzhost sshd[1484]: Received disconnect from 43.255.190.185: 11:  [preauth]
Apr 11 22:21:24 ovzhost sshd[1484]: PAM 2 more authentication failures; logname= uid=0 euid=0 tty=ssh ruser= rhost=43.255.190.185  user=root
Apr 11 22:21:24 ovzhost sshd[1488]: pam_unix(sshd:auth): authentication failure; logname= uid=0 euid=0 tty=ssh ruser= rhost=43.255.190.185  user=root
Apr 11 22:21:27 ovzhost sshd[1488]: Failed password for root from 43.255.190.185 port 60155 ssh2
Apr 11 22:21:27 ovzhost sshd[1486]: message repeated 2 times: [ Failed password for root from 43.255.190.89 port 45575 ssh2]
Apr 11 22:21:27 ovzhost sshd[1486]: Received disconnect from 43.255.190.89: 11:  [preauth]
Apr 11 22:21:27 ovzhost sshd[1486]: PAM 2 more authentication failures; logname= uid=0 euid=0 tty=ssh ruser= rhost=43.255.190.89  user=root
Apr 11 22:21:28 ovzhost sshd[1492]: pam_unix(sshd:auth): authentication failure; logname= uid=0 euid=0 tty=ssh ruser= rhost=43.255.190.89  user=root
Apr 11 22:21:29 ovzhost sshd[1492]: Failed password for root from 43.255.190.89 port 33244 ssh2
Apr 11 22:21:30 ovzhost sshd[1488]: message repeated 2 times: [ Failed password for root from 43.255.190.185 port 60155 ssh2]
Apr 11 22:21:30 ovzhost sshd[1488]: Received disconnect from 43.255.190.185: 11:  [preauth]
Apr 11 22:21:30 ovzhost sshd[1488]: PAM 2 more authentication failures; logname= uid=0 euid=0 tty=ssh ruser= rhost=43.255.190.185  user=root
Apr 11 22:21:31 ovzhost sshd[1494]: pam_unix(sshd:auth): authentication failure; logname= uid=0 euid=0 tty=ssh ruser= rhost=43.255.190.185  user=root
Apr 11 22:21:33 ovzhost sshd[1494]: Failed password for root from 43.255.190.185 port 48169 ssh2
Apr 11 22:21:33 ovzhost sshd[1492]: message repeated 2 times: [ Failed password for root from 43.255.190.89 port 33244 ssh2]
Apr 11 22:21:33 ovzhost sshd[1492]: Received disconnect from 43.255.190.89: 11:  [preauth]
Apr 11 22:21:33 ovzhost sshd[1492]: PAM 2 more authentication failures; logname= uid=0 euid=0 tty=ssh ruser= rhost=43.255.190.89  user=root
Apr 11 22:21:34 ovzhost sshd[1496]: pam_unix(sshd:auth): authentication failure; logname= uid=0 euid=0 tty=ssh ruser= rhost=43.255.190.89  user=root
Apr 11 22:21:35 ovzhost sshd[1496]: Failed password for root from 43.255.190.89 port 49306 ssh2
Apr 11 22:21:38 ovzhost sshd[1494]: message repeated 2 times: [ Failed password for root from 43.255.190.185 port 48169 ssh2]
Apr 11 22:21:38 ovzhost sshd[1494]: Received disconnect from 43.255.190.185: 11:  [preauth]
Apr 11 22:21:38 ovzhost sshd[1494]: PAM 2 more authentication failures; logname= uid=0 euid=0 tty=ssh ruser= rhost=43.255.190.185  user=root
Apr 11 22:21:38 ovzhost sshd[1498]: pam_unix(sshd:auth): authentication failure; logname= uid=0 euid=0 tty=ssh ruser= rhost=43.255.190.185  user=root
Apr 11 22:21:39 ovzhost sshd[1496]: message repeated 2 times: [ Failed password for root from 43.255.190.89 port 49306 ssh2]
Apr 11 22:21:39 ovzhost sshd[1496]: Received disconnect from 43.255.190.89: 11:  [preauth]
Apr 11 22:21:39 ovzhost sshd[1496]: PAM 2 more authentication failures; logname= uid=0 euid=0 tty=ssh ruser= rhost=43.255.190.89  user=root
Apr 11 22:21:40 ovzhost sshd[1500]: pam_unix(sshd:auth): authentication failure; logname= uid=0 euid=0 tty=ssh ruser= rhost=43.255.190.89  user=root
Apr 11 22:21:40 ovzhost sshd[1498]: Failed password for root from 43.255.190.185 port 37597 ssh2
Apr 11 22:21:41 ovzhost sshd[1500]: Failed password for root from 43.255.190.89 port 35727 ssh2
Apr 11 22:21:44 ovzhost sshd[1498]: message repeated 2 times: [ Failed password for root from 43.255.190.185 port 37597 ssh2]
Apr 11 22:21:44 ovzhost sshd[1498]: Received disconnect from 43.255.190.185: 11:  [preauth]
Apr 11 22:21:44 ovzhost sshd[1498]: PAM 2 more authentication failures; logname= uid=0 euid=0 tty=ssh ruser= rhost=43.255.190.185  user=root
Apr 11 22:21:45 ovzhost sshd[1504]: pam_unix(sshd:auth): authentication failure; logname= uid=0 euid=0 tty=ssh ruser= rhost=43.255.190.185  user=root
Apr 11 22:21:45 ovzhost sshd[1500]: message repeated 2 times: [ Failed password for root from 43.255.190.89 port 35727 ssh2]
Apr 11 22:21:45 ovzhost sshd[1500]: Received disconnect from 43.255.190.89: 11:  [preauth]
Apr 11 22:21:45 ovzhost sshd[1500]: PAM 2 more authentication failures; logname= uid=0 euid=0 tty=ssh ruser= rhost=43.255.190.89  user=root
Apr 11 22:21:46 ovzhost sshd[1506]: pam_unix(sshd:auth): authentication failure; logname= uid=0 euid=0 tty=ssh ruser= rhost=43.255.190.89  user=root
Apr 11 22:21:47 ovzhost sshd[1504]: Failed password for root from 43.255.190.185 port 53485 ssh2
Apr 11 22:21:48 ovzhost sshd[1506]: Failed password for root from 43.255.190.89 port 51340 ssh2
Apr 11 22:21:51 ovzhost sshd[1504]: message repeated 2 times: [ Failed password for root from 43.255.190.185 port 53485 ssh2]
Apr 11 22:21:51 ovzhost sshd[1504]: Received disconnect from 43.255.190.185: 11:  [preauth]
Apr 11 22:21:51 ovzhost sshd[1504]: PAM 2 more authentication failures; logname= uid=0 euid=0 tty=ssh ruser= rhost=43.255.190.185  user=root
Apr 11 22:21:52 ovzhost sshd[1508]: pam_unix(sshd:auth): authentication failure; logname= uid=0 euid=0 tty=ssh ruser= rhost=43.255.190.185  user=root
Apr 11 22:21:52 ovzhost sshd[1506]: message repeated 2 times: [ Failed password for root from 43.255.190.89 port 51340 ssh2]
Apr 11 22:21:52 ovzhost sshd[1506]: Received disconnect from 43.255.190.89: 11:  [preauth]
Apr 11 22:21:52 ovzhost sshd[1506]: PAM 2 more authentication failures; logname= uid=0 euid=0 tty=ssh ruser= rhost=43.255.190.89  user=root
Apr 11 22:21:53 ovzhost sshd[1510]: pam_unix(sshd:auth): authentication failure; logname= uid=0 euid=0 tty=ssh ruser= rhost=43.255.190.89  user=root
Apr 11 22:21:53 ovzhost sshd[1508]: Failed password for root from 43.255.190.185 port 41453 ssh2
Apr 11 22:21:54 ovzhost sshd[1510]: Failed password for root from 43.255.190.89 port 39185 ssh2
Apr 11 22:21:57 ovzhost sshd[1508]: message repeated 2 times: [ Failed password for root from 43.255.190.185 port 41453 ssh2]
Apr 11 22:21:57 ovzhost sshd[1508]: Received disconnect from 43.255.190.185: 11:  [preauth]
Apr 11 22:21:57 ovzhost sshd[1508]: PAM 2 more authentication failures; logname= uid=0 euid=0 tty=ssh ruser= rhost=43.255.190.185  user=root
Apr 11 22:21:58 ovzhost sshd[1512]: pam_unix(sshd:auth): authentication failure; logname= uid=0 euid=0 tty=ssh ruser= rhost=43.255.190.185  user=root
Apr 11 22:21:58 ovzhost sshd[1510]: message repeated 2 times: [ Failed password for root from 43.255.190.89 port 39185 ssh2]
Apr 11 22:21:58 ovzhost sshd[1510]: Received disconnect from 43.255.190.89: 11:  [preauth]
Apr 11 22:21:58 ovzhost sshd[1510]: PAM 2 more authentication failures; logname= uid=0 euid=0 tty=ssh ruser= rhost=43.255.190.89  user=root
Apr 11 22:21:59 ovzhost sshd[1514]: pam_unix(sshd:auth): authentication failure; logname= uid=0 euid=0 tty=ssh ruser= rhost=43.255.190.89  user=root
Apr 11 22:21:59 ovzhost sshd[1512]: Failed password for root from 43.255.190.185 port 56701 ssh2
Apr 11 22:22:01 ovzhost sshd[1514]: Failed password for root from 43.255.190.89 port 54804 ssh2
Apr 11 22:22:03 ovzhost sshd[1512]: message repeated 2 times: [ Failed password for root from 43.255.190.185 port 56701 ssh2]
Apr 11 22:22:03 ovzhost sshd[1512]: Received disconnect from 43.255.190.185: 11:  [preauth]
Apr 11 22:22:03 ovzhost sshd[1512]: PAM 2 more authentication failures; logname= uid=0 euid=0 tty=ssh ruser= rhost=43.255.190.185  user=root
Apr 11 22:22:04 ovzhost sshd[1516]: pam_unix(sshd:auth): authentication failure; logname= uid=0 euid=0 tty=ssh ruser= rhost=43.255.190.185  user=root
Apr 11 22:22:05 ovzhost sshd[1514]: message repeated 2 times: [ Failed password for root from 43.255.190.89 port 54804 ssh2]
Apr 11 22:22:05 ovzhost sshd[1514]: Received disconnect from 43.255.190.89: 11:  [preauth]
Apr 11 22:22:05 ovzhost sshd[1514]: PAM 2 more authentication failures; logname= uid=0 euid=0 tty=ssh ruser= rhost=43.255.190.89  user=root
Apr 11 22:22:06 ovzhost sshd[1518]: pam_unix(sshd:auth): authentication failure; logname= uid=0 euid=0 tty=ssh ruser= rhost=43.255.190.89  user=root
Apr 11 22:22:06 ovzhost sshd[1516]: Failed password for root from 43.255.190.185 port 43176 ssh2
Apr 11 22:22:08 ovzhost sshd[1518]: Failed password for root from 43.255.190.89 port 42936 ssh2
Apr 11 22:22:10 ovzhost sshd[1516]: message repeated 2 times: [ Failed password for root from 43.255.190.185 port 43176 ssh2]
Apr 11 22:22:10 ovzhost sshd[1516]: Received disconnect from 43.255.190.185: 11:  [preauth]
Apr 11 22:22:10 ovzhost sshd[1516]: PAM 2 more authentication failures; logname= uid=0 euid=0 tty=ssh ruser= rhost=43.255.190.185  user=root
Apr 11 22:22:11 ovzhost sshd[1521]: pam_unix(sshd:auth): authentication failure; logname= uid=0 euid=0 tty=ssh ruser= rhost=43.255.190.185  user=root
Apr 11 22:22:12 ovzhost sshd[1518]: message repeated 2 times: [ Failed password for root from 43.255.190.89 port 42936 ssh2]
Apr 11 22:22:12 ovzhost sshd[1518]: Received disconnect from 43.255.190.89: 11:  [preauth]
Apr 11 22:22:12 ovzhost sshd[1518]: PAM 2 more authentication failures; logname= uid=0 euid=0 tty=ssh ruser= rhost=43.255.190.89  user=root
Apr 11 22:22:12 ovzhost sshd[1523]: pam_unix(sshd:auth): authentication failure; logname= uid=0 euid=0 tty=ssh ruser= rhost=43.255.190.89  user=root
Apr 11 22:22:13 ovzhost sshd[1521]: Failed password for root from 43.255.190.185 port 58789 ssh2
Apr 11 22:22:14 ovzhost sshd[1523]: Failed password for root from 43.255.190.89 port 59061 ssh2
Apr 11 22:22:17 ovzhost sshd[1521]: message repeated 2 times: [ Failed password for root from 43.255.190.185 port 58789 ssh2]
Apr 11 22:22:17 ovzhost sshd[1521]: Received disconnect from 43.255.190.185: 11:  [preauth]
Apr 11 22:22:17 ovzhost sshd[1521]: PAM 2 more authentication failures; logname= uid=0 euid=0 tty=ssh ruser= rhost=43.255.190.185  user=root
Apr 11 22:22:17 ovzhost sshd[1525]: pam_unix(sshd:auth): authentication failure; logname= uid=0 euid=0 tty=ssh ruser= rhost=43.255.190.185  user=root
Apr 11 22:22:18 ovzhost sshd[1523]: message repeated 2 times: [ Failed password for root from 43.255.190.89 port 59061 ssh2]
Apr 11 22:22:18 ovzhost sshd[1523]: Received disconnect from 43.255.190.89: 11:  [preauth]
Apr 11 22:22:18 ovzhost sshd[1523]: PAM 2 more authentication failures; logname= uid=0 euid=0 tty=ssh ruser= rhost=43.255.190.89  user=root
Apr 11 22:22:19 ovzhost sshd[1527]: pam_unix(sshd:auth): authentication failure; logname= uid=0 euid=0 tty=ssh ruser= rhost=43.255.190.89  user=root
Apr 11 22:22:19 ovzhost sshd[1525]: Failed password for root from 43.255.190.185 port 46708 ssh2
Apr 11 22:22:21 ovzhost sshd[1527]: Failed password for root from 43.255.190.89 port 46845 ssh2
Apr 11 22:22:23 ovzhost sshd[1525]: message repeated 2 times: [ Failed password for root from 43.255.190.185 port 46708 ssh2]
Apr 11 22:22:24 ovzhost sshd[1525]: Received disconnect from 43.255.190.185: 11:  [preauth]
Apr 11 22:22:24 ovzhost sshd[1525]: PAM 2 more authentication failures; logname= uid=0 euid=0 tty=ssh ruser= rhost=43.255.190.185  user=root
Apr 11 22:22:24 ovzhost sshd[1529]: pam_unix(sshd:auth): authentication failure; logname= uid=0 euid=0 tty=ssh ruser= rhost=43.255.190.185  user=root
Apr 11 22:22:25 ovzhost sshd[1527]: message repeated 2 times: [ Failed password for root from 43.255.190.89 port 46845 ssh2]
Apr 11 22:22:26 ovzhost sshd[1527]: Received disconnect from 43.255.190.89: 11:  [preauth]
Apr 11 22:22:26 ovzhost sshd[1527]: PAM 2 more authentication failures; logname= uid=0 euid=0 tty=ssh ruser= rhost=43.255.190.89  user=root
Apr 11 22:22:26 ovzhost sshd[1529]: Failed password for root from 43.255.190.185 port 33807 ssh2
Apr 11 22:22:26 ovzhost sshd[1531]: pam_unix(sshd:auth): authentication failure; logname= uid=0 euid=0 tty=ssh ruser= rhost=43.255.190.89  user=root
Apr 11 22:22:28 ovzhost sshd[1531]: Failed password for root from 43.255.190.89 port 36160 ssh2
Apr 11 22:22:30 ovzhost sshd[1529]: message repeated 2 times: [ Failed password for root from 43.255.190.185 port 33807 ssh2]
Apr 11 22:22:30 ovzhost sshd[1529]: Received disconnect from 43.255.190.185: 11:  [preauth]
Apr 11 22:22:30 ovzhost sshd[1529]: PAM 2 more authentication failures; logname= uid=0 euid=0 tty=ssh ruser= rhost=43.255.190.185  user=root
Apr 11 22:22:30 ovzhost sshd[1535]: pam_unix(sshd:auth): authentication failure; logname= uid=0 euid=0 tty=ssh ruser= rhost=43.255.190.185  user=root
Apr 11 22:22:32 ovzhost sshd[1531]: message repeated 2 times: [ Failed password for root from 43.255.190.89 port 36160 ssh2]
Apr 11 22:22:32 ovzhost sshd[1531]: Received disconnect from 43.255.190.89: 11:  [preauth]
Apr 11 22:22:32 ovzhost sshd[1531]: PAM 2 more authentication failures; logname= uid=0 euid=0 tty=ssh ruser= rhost=43.255.190.89  user=root
Apr 11 22:22:33 ovzhost sshd[1535]: Failed password for root from 43.255.190.185 port 49431 ssh2
Apr 11 22:22:33 ovzhost sshd[1537]: pam_unix(sshd:auth): authentication failure; logname= uid=0 euid=0 tty=ssh ruser= rhost=43.255.190.89  user=root
Apr 11 22:22:36 ovzhost sshd[1537]: Failed password for root from 43.255.190.89 port 52856 ssh2
Apr 11 22:22:37 ovzhost sshd[1535]: message repeated 2 times: [ Failed password for root from 43.255.190.185 port 49431 ssh2]
Apr 11 22:22:37 ovzhost sshd[1535]: Received disconnect from 43.255.190.185: 11:  [preauth]
Apr 11 22:22:37 ovzhost sshd[1535]: PAM 2 more authentication failures; logname= uid=0 euid=0 tty=ssh ruser= rhost=43.255.190.185  user=root
Apr 11 22:22:38 ovzhost sshd[1539]: pam_unix(sshd:auth): authentication failure; logname= uid=0 euid=0 tty=ssh ruser= rhost=43.255.190.185  user=root
Apr 11 22:22:40 ovzhost sshd[1537]: message repeated 2 times: [ Failed password for root from 43.255.190.89 port 52856 ssh2]
Apr 11 22:22:40 ovzhost sshd[1537]: Received disconnect from 43.255.190.89: 11:  [preauth]
Apr 11 22:22:40 ovzhost sshd[1537]: PAM 2 more authentication failures; logname= uid=0 euid=0 tty=ssh ruser= rhost=43.255.190.89  user=root
Apr 11 22:22:40 ovzhost sshd[1539]: Failed password for root from 43.255.190.185 port 38025 ssh2
Apr 11 22:22:40 ovzhost sshd[1541]: pam_unix(sshd:auth): authentication failure; logname= uid=0 euid=0 tty=ssh ruser= rhost=43.255.190.89  user=root
Apr 11 22:22:42 ovzhost sshd[1541]: Failed password for root from 43.255.190.89 port 42015 ssh2
Apr 11 22:22:44 ovzhost sshd[1539]: message repeated 2 times: [ Failed password for root from 43.255.190.185 port 38025 ssh2]
Apr 11 22:22:44 ovzhost sshd[1539]: Received disconnect from 43.255.190.185: 11:  [preauth]
Apr 11 22:22:44 ovzhost sshd[1539]: PAM 2 more authentication failures; logname= uid=0 euid=0 tty=ssh ruser= rhost=43.255.190.185  user=root
Apr 11 22:22:44 ovzhost sshd[1543]: pam_unix(sshd:auth): authentication failure; logname= uid=0 euid=0 tty=ssh ruser= rhost=43.255.190.185  user=root
Apr 11 22:22:46 ovzhost sshd[1541]: message repeated 2 times: [ Failed password for root from 43.255.190.89 port 42015 ssh2]
Apr 11 22:22:47 ovzhost sshd[1541]: Received disconnect from 43.255.190.89: 11:  [preauth]
Apr 11 22:22:47 ovzhost sshd[1541]: PAM 2 more authentication failures; logname= uid=0 euid=0 tty=ssh ruser= rhost=43.255.190.89  user=root
Apr 11 22:22:47 ovzhost sshd[1543]: Failed password for root from 43.255.190.185 port 53521 ssh2
Apr 11 22:22:47 ovzhost sshd[1545]: pam_unix(sshd:auth): authentication failure; logname= uid=0 euid=0 tty=ssh ruser= rhost=43.255.190.89  user=root
Apr 11 22:22:49 ovzhost sshd[1545]: Failed password for root from 43.255.190.89 port 58161 ssh2
Apr 11 22:22:51 ovzhost sshd[1543]: message repeated 2 times: [ Failed password for root from 43.255.190.185 port 53521 ssh2]
Apr 11 22:22:51 ovzhost sshd[1543]: Received disconnect from 43.255.190.185: 11:  [preauth]
Apr 11 22:22:51 ovzhost sshd[1543]: PAM 2 more authentication failures; logname= uid=0 euid=0 tty=ssh ruser= rhost=43.255.190.185  user=root
Apr 11 22:22:51 ovzhost sshd[1547]: pam_unix(sshd:auth): authentication failure; logname= uid=0 euid=0 tty=ssh ruser= rhost=43.255.190.185  user=root
Apr 11 22:22:53 ovzhost sshd[1545]: message repeated 2 times: [ Failed password for root from 43.255.190.89 port 58161 ssh2]
Apr 11 22:22:53 ovzhost sshd[1545]: Received disconnect from 43.255.190.89: 11:  [preauth]
Apr 11 22:22:53 ovzhost sshd[1545]: PAM 2 more authentication failures; logname= uid=0 euid=0 tty=ssh ruser= rhost=43.255.190.89  user=root
Apr 11 22:22:54 ovzhost sshd[1547]: Failed password for root from 43.255.190.185 port 41806 ssh2
Apr 11 22:22:54 ovzhost sshd[1549]: pam_unix(sshd:auth): authentication failure; logname= uid=0 euid=0 tty=ssh ruser= rhost=43.255.190.89  user=root
Apr 11 22:22:56 ovzhost sshd[1549]: Failed password for root from 43.255.190.89 port 46857 ssh2
Apr 11 22:22:58 ovzhost sshd[1547]: message repeated 2 times: [ Failed password for root from 43.255.190.185 port 41806 ssh2]
Apr 11 22:22:59 ovzhost sshd[1547]: Received disconnect from 43.255.190.185: 11:  [preauth]
Apr 11 22:22:59 ovzhost sshd[1547]: PAM 2 more authentication failures; logname= uid=0 euid=0 tty=ssh ruser= rhost=43.255.190.185  user=root
Apr 11 22:22:59 ovzhost sshd[1551]: pam_unix(sshd:auth): authentication failure; logname= uid=0 euid=0 tty=ssh ruser= rhost=43.255.190.185  user=root
Apr 11 22:23:00 ovzhost sshd[1549]: message repeated 2 times: [ Failed password for root from 43.255.190.89 port 46857 ssh2]
Apr 11 22:23:00 ovzhost sshd[1549]: Received disconnect from 43.255.190.89: 11:  [preauth]
Apr 11 22:23:00 ovzhost sshd[1549]: PAM 2 more authentication failures; logname= uid=0 euid=0 tty=ssh ruser= rhost=43.255.190.89  user=root
Apr 11 22:23:01 ovzhost sshd[1551]: Failed password for root from 43.255.190.185 port 59455 ssh2
Apr 11 22:23:01 ovzhost sshd[1553]: pam_unix(sshd:auth): authentication failure; logname= uid=0 euid=0 tty=ssh ruser= rhost=43.255.190.89  user=root
Apr 11 22:23:03 ovzhost sshd[1553]: Failed password for root from 43.255.190.89 port 35197 ssh2
Apr 11 22:23:06 ovzhost sshd[1551]: message repeated 2 times: [ Failed password for root from 43.255.190.185 port 59455 ssh2]
Apr 11 22:23:06 ovzhost sshd[1551]: Received disconnect from 43.255.190.185: 11:  [preauth]
Apr 11 22:23:06 ovzhost sshd[1551]: PAM 2 more authentication failures; logname= uid=0 euid=0 tty=ssh ruser= rhost=43.255.190.185  user=root
Apr 11 22:23:07 ovzhost sshd[1555]: pam_unix(sshd:auth): authentication failure; logname= uid=0 euid=0 tty=ssh ruser= rhost=43.255.190.185  user=root
Apr 11 22:23:08 ovzhost sshd[1553]: message repeated 2 times: [ Failed password for root from 43.255.190.89 port 35197 ssh2]
Apr 11 22:23:08 ovzhost sshd[1553]: Received disconnect from 43.255.190.89: 11:  [preauth]
Apr 11 22:23:08 ovzhost sshd[1553]: PAM 2 more authentication failures; logname= uid=0 euid=0 tty=ssh ruser= rhost=43.255.190.89  user=root
Apr 11 22:23:08 ovzhost sshd[1555]: Failed password for root from 43.255.190.185 port 49034 ssh2
Apr 11 22:23:09 ovzhost sshd[1558]: pam_unix(sshd:auth): authentication failure; logname= uid=0 euid=0 tty=ssh ruser= rhost=43.255.190.89  user=root
Apr 11 22:23:11 ovzhost sshd[1558]: Failed password for root from 43.255.190.89 port 53726 ssh2
Apr 11 22:23:12 ovzhost sshd[1555]: message repeated 2 times: [ Failed password for root from 43.255.190.185 port 49034 ssh2]
Apr 11 22:23:12 ovzhost sshd[1555]: Received disconnect from 43.255.190.185: 11:  [preauth]
Apr 11 22:23:12 ovzhost sshd[1555]: PAM 2 more authentication failures; logname= uid=0 euid=0 tty=ssh ruser= rhost=43.255.190.185  user=root
Apr 11 22:23:13 ovzhost sshd[1560]: pam_unix(sshd:auth): authentication failure; logname= uid=0 euid=0 tty=ssh ruser= rhost=43.255.190.185  user=root
Apr 11 22:23:15 ovzhost sshd[1558]: message repeated 2 times: [ Failed password for root from 43.255.190.89 port 53726 ssh2]
Apr 11 22:23:15 ovzhost sshd[1558]: Received disconnect from 43.255.190.89: 11:  [preauth]
Apr 11 22:23:15 ovzhost sshd[1558]: PAM 2 more authentication failures; logname= uid=0 euid=0 tty=ssh ruser= rhost=43.255.190.89  user=root
Apr 11 22:23:15 ovzhost sshd[1562]: pam_unix(sshd:auth): authentication failure; logname= uid=0 euid=0 tty=ssh ruser= rhost=43.255.190.89  user=root
Apr 11 22:23:15 ovzhost sshd[1560]: Failed password for root from 43.255.190.185 port 36146 ssh2
Apr 11 22:23:18 ovzhost sshd[1562]: Failed password for root from 43.255.190.89 port 41172 ssh2
Apr 11 22:23:20 ovzhost sshd[1560]: message repeated 2 times: [ Failed password for root from 43.255.190.185 port 36146 ssh2]
Apr 11 22:23:20 ovzhost sshd[1560]: Received disconnect from 43.255.190.185: 11:  [preauth]
Apr 11 22:23:20 ovzhost sshd[1560]: PAM 2 more authentication failures; logname= uid=0 euid=0 tty=ssh ruser= rhost=43.255.190.185  user=root
Apr 11 22:23:21 ovzhost sshd[1566]: pam_unix(sshd:auth): authentication failure; logname= uid=0 euid=0 tty=ssh ruser= rhost=43.255.190.185  user=root
Apr 11 22:23:22 ovzhost sshd[1562]: message repeated 2 times: [ Failed password for root from 43.255.190.89 port 41172 ssh2]
Apr 11 22:23:22 ovzhost sshd[1562]: Received disconnect from 43.255.190.89: 11:  [preauth]
Apr 11 22:23:22 ovzhost sshd[1562]: PAM 2 more authentication failures; logname= uid=0 euid=0 tty=ssh ruser= rhost=43.255.190.89  user=root
Apr 11 22:23:23 ovzhost sshd[1566]: Failed password for root from 43.255.190.185 port 54249 ssh2
Apr 11 22:23:23 ovzhost sshd[1568]: pam_unix(sshd:auth): authentication failure; logname= uid=0 euid=0 tty=ssh ruser= rhost=43.255.190.89  user=root
Apr 11 22:23:25 ovzhost sshd[1568]: Failed password for root from 43.255.190.89 port 58964 ssh2
Apr 11 22:23:27 ovzhost sshd[1566]: message repeated 2 times: [ Failed password for root from 43.255.190.185 port 54249 ssh2]
Apr 11 22:23:27 ovzhost sshd[1566]: Received disconnect from 43.255.190.185: 11:  [preauth]
Apr 11 22:23:27 ovzhost sshd[1566]: PAM 2 more authentication failures; logname= uid=0 euid=0 tty=ssh ruser= rhost=43.255.190.185  user=root
Apr 11 22:23:28 ovzhost sshd[1570]: pam_unix(sshd:auth): authentication failure; logname= uid=0 euid=0 tty=ssh ruser= rhost=43.255.190.185  user=root
Apr 11 22:23:29 ovzhost sshd[1570]: Failed password for root from 43.255.190.185 port 41922 ssh2
Apr 11 22:23:30 ovzhost sshd[1568]: message repeated 2 times: [ Failed password for root from 43.255.190.89 port 58964 ssh2]
Apr 11 22:23:30 ovzhost sshd[1568]: Received disconnect from 43.255.190.89: 11:  [preauth]
Apr 11 22:23:30 ovzhost sshd[1568]: PAM 2 more authentication failures; logname= uid=0 euid=0 tty=ssh ruser= rhost=43.255.190.89  user=root
Apr 11 22:23:30 ovzhost sshd[1572]: pam_unix(sshd:auth): authentication failure; logname= uid=0 euid=0 tty=ssh ruser= rhost=43.255.190.89  user=root
Apr 11 22:23:32 ovzhost sshd[1572]: Failed password for root from 43.255.190.89 port 47945 ssh2
Apr 11 22:23:34 ovzhost sshd[1570]: message repeated 2 times: [ Failed password for root from 43.255.190.185 port 41922 ssh2]
Apr 11 22:23:34 ovzhost sshd[1570]: Received disconnect from 43.255.190.185: 11:  [preauth]
Apr 11 22:23:34 ovzhost sshd[1570]: PAM 2 more authentication failures; logname= uid=0 euid=0 tty=ssh ruser= rhost=43.255.190.185  user=root
Apr 11 22:23:34 ovzhost sshd[1574]: pam_unix(sshd:auth): authentication failure; logname= uid=0 euid=0 tty=ssh ruser= rhost=43.255.190.185  user=root
Apr 11 22:23:37 ovzhost sshd[1574]: Failed password for root from 43.255.190.185 port 57724 ssh2
Apr 11 22:23:37 ovzhost sshd[1572]: message repeated 2 times: [ Failed password for root from 43.255.190.89 port 47945 ssh2]
Apr 11 22:23:37 ovzhost sshd[1572]: Received disconnect from 43.255.190.89: 11:  [preauth]
Apr 11 22:23:37 ovzhost sshd[1572]: PAM 2 more authentication failures; logname= uid=0 euid=0 tty=ssh ruser= rhost=43.255.190.89  user=root
Apr 11 22:23:37 ovzhost sshd[1576]: pam_unix(sshd:auth): authentication failure; logname= uid=0 euid=0 tty=ssh ruser= rhost=43.255.190.89  user=root
Apr 11 22:23:39 ovzhost sshd[1576]: Failed password for root from 43.255.190.89 port 36339 ssh2
Apr 11 22:23:42 ovzhost sshd[1574]: message repeated 2 times: [ Failed password for root from 43.255.190.185 port 57724 ssh2]
Apr 11 22:23:42 ovzhost sshd[1574]: Received disconnect from 43.255.190.185: 11:  [preauth]
Apr 11 22:23:42 ovzhost sshd[1574]: PAM 2 more authentication failures; logname= uid=0 euid=0 tty=ssh ruser= rhost=43.255.190.185  user=root
Apr 11 22:23:42 ovzhost sshd[1580]: pam_unix(sshd:auth): authentication failure; logname= uid=0 euid=0 tty=ssh ruser= rhost=43.255.190.185  user=root
Apr 11 22:23:43 ovzhost sshd[1576]: message repeated 2 times: [ Failed password for root from 43.255.190.89 port 36339 ssh2]
Apr 11 22:23:43 ovzhost sshd[1576]: Received disconnect from 43.255.190.89: 11:  [preauth]
Apr 11 22:23:43 ovzhost sshd[1576]: PAM 2 more authentication failures; logname= uid=0 euid=0 tty=ssh ruser= rhost=43.255.190.89  user=root
