Apr 12 11:28:56 ovzhost sshd[1948]: Failed password for root from 43.255.190.166 port 58397 ssh2
Apr 12 11:28:56 ovzhost sshd[1952]: pam_unix(sshd:auth): authentication failure; logname= uid=0 euid=0 tty=ssh ruser= rhost=43.255.190.177  user=root
Apr 12 11:28:58 ovzhost sshd[1952]: Failed password for root from 43.255.190.177 port 58316 ssh2
Apr 12 11:28:59 ovzhost sshd[1946]: message repeated 2 times: [ Failed password for root from 43.255.190.177 port 51015 ssh2]
Apr 12 11:28:59 ovzhost sshd[1946]: Received disconnect from 43.255.190.177: 11:  [preauth]
Apr 12 11:28:59 ovzhost sshd[1946]: PAM 2 more authentication failures; logname= uid=0 euid=0 tty=ssh ruser= rhost=43.255.190.177  user=root
Apr 12 11:28:59 ovzhost sshd[1954]: pam_unix(sshd:auth): authentication failure; logname= uid=0 euid=0 tty=ssh ruser= rhost=43.255.190.177  user=root
Apr 12 11:29:00 ovzhost sshd[1948]: message repeated 2 times: [ Failed password for root from 43.255.190.166 port 58397 ssh2]
Apr 12 11:29:00 ovzhost sshd[1948]: Received disconnect from 43.255.190.166: 11:  [preauth]
Apr 12 11:29:00 ovzhost sshd[1948]: PAM 2 more authentication failures; logname= uid=0 euid=0 tty=ssh ruser= rhost=43.255.190.166  user=root
Apr 12 11:29:00 ovzhost sshd[1956]: pam_unix(sshd:auth): authentication failure; logname= uid=0 euid=0 tty=ssh ruser= rhost=43.255.190.166  user=root
Apr 12 11:29:01 ovzhost sshd[1954]: Failed password for root from 43.255.190.177 port 39446 ssh2
Apr 12 11:29:02 ovzhost sshd[1952]: message repeated 2 times: [ Failed password for root from 43.255.190.177 port 58316 ssh2]
Apr 12 11:29:02 ovzhost sshd[1952]: Received disconnect from 43.255.190.177: 11:  [preauth]
Apr 12 11:29:02 ovzhost sshd[1952]: PAM 2 more authentication failures; logname= uid=0 euid=0 tty=ssh ruser= rhost=43.255.190.177  user=root
Apr 12 11:29:02 ovzhost sshd[1956]: Failed password for root from 43.255.190.166 port 47320 ssh2
Apr 12 11:29:02 ovzhost sshd[1958]: pam_unix(sshd:auth): authentication failure; logname= uid=0 euid=0 tty=ssh ruser= rhost=43.255.190.177  user=root
Apr 12 11:29:04 ovzhost sshd[1958]: Failed password for root from 43.255.190.177 port 46181 ssh2
Apr 12 11:29:05 ovzhost sshd[1954]: message repeated 2 times: [ Failed password for root from 43.255.190.177 port 39446 ssh2]
Apr 12 11:29:05 ovzhost sshd[1954]: Received disconnect from 43.255.190.177: 11:  [preauth]
Apr 12 11:29:05 ovzhost sshd[1954]: PAM 2 more authentication failures; logname= uid=0 euid=0 tty=ssh ruser= rhost=43.255.190.177  user=root
Apr 12 11:29:06 ovzhost sshd[1956]: message repeated 2 times: [ Failed password for root from 43.255.190.166 port 47320 ssh2]
Apr 12 11:29:07 ovzhost sshd[1956]: Received disconnect from 43.255.190.166: 11:  [preauth]
Apr 12 11:29:07 ovzhost sshd[1956]: PAM 2 more authentication failures; logname= uid=0 euid=0 tty=ssh ruser= rhost=43.255.190.166  user=root
Apr 12 11:29:07 ovzhost sshd[1960]: pam_unix(sshd:auth): authentication failure; logname= uid=0 euid=0 tty=ssh ruser= rhost=43.255.190.177  user=root
Apr 12 11:29:07 ovzhost sshd[1962]: pam_unix(sshd:auth): authentication failure; logname= uid=0 euid=0 tty=ssh ruser= rhost=43.255.190.166  user=root
Apr 12 11:29:08 ovzhost sshd[1960]: Failed password for root from 43.255.190.177 port 55014 ssh2
Apr 12 11:29:09 ovzhost sshd[1958]: message repeated 2 times: [ Failed password for root from 43.255.190.177 port 46181 ssh2]
Apr 12 11:29:09 ovzhost sshd[1958]: Received disconnect from 43.255.190.177: 11:  [preauth]
Apr 12 11:29:09 ovzhost sshd[1958]: PAM 2 more authentication failures; logname= uid=0 euid=0 tty=ssh ruser= rhost=43.255.190.177  user=root
Apr 12 11:29:09 ovzhost sshd[1964]: pam_unix(sshd:auth): authentication failure; logname= uid=0 euid=0 tty=ssh ruser= rhost=43.255.190.177  user=root
Apr 12 11:29:09 ovzhost sshd[1962]: Failed password for root from 43.255.190.166 port 34870 ssh2
Apr 12 11:29:11 ovzhost sshd[1964]: Failed password for root from 43.255.190.177 port 34817 ssh2
Apr 12 11:29:12 ovzhost sshd[1960]: message repeated 2 times: [ Failed password for root from 43.255.190.177 port 55014 ssh2]
Apr 12 11:29:12 ovzhost sshd[1960]: Received disconnect from 43.255.190.177: 11:  [preauth]
Apr 12 11:29:12 ovzhost sshd[1960]: PAM 2 more authentication failures; logname= uid=0 euid=0 tty=ssh ruser= rhost=43.255.190.177  user=root
Apr 12 11:29:13 ovzhost sshd[1966]: pam_unix(sshd:auth): authentication failure; logname= uid=0 euid=0 tty=ssh ruser= rhost=43.255.190.177  user=root
Apr 12 11:29:13 ovzhost sshd[1962]: message repeated 2 times: [ Failed password for root from 43.255.190.166 port 34870 ssh2]
Apr 12 11:29:13 ovzhost sshd[1962]: Received disconnect from 43.255.190.166: 11:  [preauth]
Apr 12 11:29:13 ovzhost sshd[1962]: PAM 2 more authentication failures; logname= uid=0 euid=0 tty=ssh ruser= rhost=43.255.190.166  user=root
Apr 12 11:29:14 ovzhost sshd[1968]: pam_unix(sshd:auth): authentication failure; logname= uid=0 euid=0 tty=ssh ruser= rhost=43.255.190.166  user=root
Apr 12 11:29:15 ovzhost sshd[1966]: Failed password for root from 43.255.190.177 port 43902 ssh2
Apr 12 11:29:15 ovzhost sshd[1964]: message repeated 2 times: [ Failed password for root from 43.255.190.177 port 34817 ssh2]
Apr 12 11:29:15 ovzhost sshd[1964]: Received disconnect from 43.255.190.177: 11:  [preauth]
Apr 12 11:29:15 ovzhost sshd[1964]: PAM 2 more authentication failures; logname= uid=0 euid=0 tty=ssh ruser= rhost=43.255.190.177  user=root
Apr 12 11:29:16 ovzhost sshd[1970]: pam_unix(sshd:auth): authentication failure; logname= uid=0 euid=0 tty=ssh ruser= rhost=43.255.190.177  user=root
Apr 12 11:29:16 ovzhost sshd[1968]: Failed password for root from 43.255.190.166 port 51128 ssh2
Apr 12 11:29:18 ovzhost sshd[1970]: Failed password for root from 43.255.190.177 port 50204 ssh2
Apr 12 11:29:18 ovzhost sshd[1966]: message repeated 2 times: [ Failed password for root from 43.255.190.177 port 43902 ssh2]
Apr 12 11:29:19 ovzhost sshd[1966]: Received disconnect from 43.255.190.177: 11:  [preauth]
Apr 12 11:29:19 ovzhost sshd[1966]: PAM 2 more authentication failures; logname= uid=0 euid=0 tty=ssh ruser= rhost=43.255.190.177  user=root
Apr 12 11:29:19 ovzhost sshd[1972]: pam_unix(sshd:auth): authentication failure; logname= uid=0 euid=0 tty=ssh ruser= rhost=43.255.190.177  user=root
Apr 12 11:29:20 ovzhost sshd[1968]: message repeated 2 times: [ Failed password for root from 43.255.190.166 port 51128 ssh2]
Apr 12 11:29:20 ovzhost sshd[1968]: Received disconnect from 43.255.190.166: 11:  [preauth]
Apr 12 11:29:20 ovzhost sshd[1968]: PAM 2 more authentication failures; logname= uid=0 euid=0 tty=ssh ruser= rhost=43.255.190.166  user=root
Apr 12 11:29:21 ovzhost sshd[1974]: pam_unix(sshd:auth): authentication failure; logname= uid=0 euid=0 tty=ssh ruser= rhost=43.255.190.166  user=root
Apr 12 11:29:21 ovzhost sshd[1972]: Failed password for root from 43.255.190.177 port 59206 ssh2
Apr 12 11:29:21 ovzhost sshd[1970]: message repeated 2 times: [ Failed password for root from 43.255.190.177 port 50204 ssh2]
Apr 12 11:29:21 ovzhost sshd[1970]: Received disconnect from 43.255.190.177: 11:  [preauth]
Apr 12 11:29:21 ovzhost sshd[1970]: PAM 2 more authentication failures; logname= uid=0 euid=0 tty=ssh ruser= rhost=43.255.190.177  user=root
Apr 12 11:29:22 ovzhost sshd[1976]: pam_unix(sshd:auth): authentication failure; logname= uid=0 euid=0 tty=ssh ruser= rhost=43.255.190.177  user=root
Apr 12 11:29:23 ovzhost sshd[1974]: Failed password for root from 43.255.190.166 port 39020 ssh2
Apr 12 11:29:24 ovzhost sshd[1976]: Failed password for root from 43.255.190.177 port 38331 ssh2
Apr 12 11:29:25 ovzhost sshd[1972]: message repeated 2 times: [ Failed password for root from 43.255.190.177 port 59206 ssh2]
Apr 12 11:29:25 ovzhost sshd[1972]: Received disconnect from 43.255.190.177: 11:  [preauth]
Apr 12 11:29:25 ovzhost sshd[1972]: PAM 2 more authentication failures; logname= uid=0 euid=0 tty=ssh ruser= rhost=43.255.190.177  user=root
Apr 12 11:29:25 ovzhost sshd[1979]: pam_unix(sshd:auth): authentication failure; logname= uid=0 euid=0 tty=ssh ruser= rhost=43.255.190.177  user=root
Apr 12 11:29:26 ovzhost sshd[1974]: message repeated 2 times: [ Failed password for root from 43.255.190.166 port 39020 ssh2]
Apr 12 11:29:26 ovzhost sshd[1974]: Received disconnect from 43.255.190.166: 11:  [preauth]
Apr 12 11:29:26 ovzhost sshd[1974]: PAM 2 more authentication failures; logname= uid=0 euid=0 tty=ssh ruser= rhost=43.255.190.166  user=root
Apr 12 11:29:27 ovzhost sshd[1981]: pam_unix(sshd:auth): authentication failure; logname= uid=0 euid=0 tty=ssh ruser= rhost=43.255.190.166  user=root
Apr 12 11:29:27 ovzhost sshd[1979]: Failed password for root from 43.255.190.177 port 46665 ssh2
Apr 12 11:29:28 ovzhost sshd[1976]: message repeated 2 times: [ Failed password for root from 43.255.190.177 port 38331 ssh2]
Apr 12 11:29:28 ovzhost sshd[1976]: Received disconnect from 43.255.190.177: 11:  [preauth]
Apr 12 11:29:28 ovzhost sshd[1976]: PAM 2 more authentication failures; logname= uid=0 euid=0 tty=ssh ruser= rhost=43.255.190.177  user=root
Apr 12 11:29:29 ovzhost sshd[1981]: Failed password for root from 43.255.190.166 port 53728 ssh2
Apr 12 11:29:30 ovzhost sshd[1983]: pam_unix(sshd:auth): authentication failure; logname= uid=0 euid=0 tty=ssh ruser= rhost=43.255.190.177  user=root
Apr 12 11:29:31 ovzhost sshd[1979]: message repeated 2 times: [ Failed password for root from 43.255.190.177 port 46665 ssh2]
Apr 12 11:29:31 ovzhost sshd[1979]: Received disconnect from 43.255.190.177: 11:  [preauth]
Apr 12 11:29:31 ovzhost sshd[1979]: PAM 2 more authentication failures; logname= uid=0 euid=0 tty=ssh ruser= rhost=43.255.190.177  user=root
Apr 12 11:29:32 ovzhost sshd[1983]: Failed password for root from 43.255.190.177 port 55543 ssh2
Apr 12 11:29:32 ovzhost sshd[1985]: pam_unix(sshd:auth): authentication failure; logname= uid=0 euid=0 tty=ssh ruser= rhost=43.255.190.177  user=root
Apr 12 11:29:34 ovzhost sshd[1985]: Failed password for root from 43.255.190.177 port 35218 ssh2
Apr 12 11:29:34 ovzhost sshd[1981]: message repeated 2 times: [ Failed password for root from 43.255.190.166 port 53728 ssh2]
Apr 12 11:29:34 ovzhost sshd[1981]: Received disconnect from 43.255.190.166: 11:  [preauth]
Apr 12 11:29:34 ovzhost sshd[1981]: PAM 2 more authentication failures; logname= uid=0 euid=0 tty=ssh ruser= rhost=43.255.190.166  user=root
Apr 12 11:29:35 ovzhost sshd[1987]: pam_unix(sshd:auth): authentication failure; logname= uid=0 euid=0 tty=ssh ruser= rhost=43.255.190.166  user=root
Apr 12 11:29:35 ovzhost sshd[1983]: message repeated 2 times: [ Failed password for root from 43.255.190.177 port 55543 ssh2]
Apr 12 11:29:35 ovzhost sshd[1983]: Received disconnect from 43.255.190.177: 11:  [preauth]
Apr 12 11:29:35 ovzhost sshd[1983]: PAM 2 more authentication failures; logname= uid=0 euid=0 tty=ssh ruser= rhost=43.255.190.177  user=root
Apr 12 11:29:36 ovzhost sshd[1987]: Failed password for root from 43.255.190.166 port 44999 ssh2
Apr 12 11:29:36 ovzhost sshd[1989]: pam_unix(sshd:auth): authentication failure; logname= uid=0 euid=0 tty=ssh ruser= rhost=43.255.190.177  user=root
Apr 12 11:29:38 ovzhost sshd[1985]: message repeated 2 times: [ Failed password for root from 43.255.190.177 port 35218 ssh2]
Apr 12 11:29:38 ovzhost sshd[1985]: Received disconnect from 43.255.190.177: 11:  [preauth]
Apr 12 11:29:38 ovzhost sshd[1985]: PAM 2 more authentication failures; logname= uid=0 euid=0 tty=ssh ruser= rhost=43.255.190.177  user=root
Apr 12 11:29:38 ovzhost sshd[1989]: Failed password for root from 43.255.190.177 port 45206 ssh2
Apr 12 11:29:38 ovzhost sshd[1991]: pam_unix(sshd:auth): authentication failure; logname= uid=0 euid=0 tty=ssh ruser= rhost=43.255.190.177  user=root
Apr 12 11:29:40 ovzhost sshd[1987]: message repeated 2 times: [ Failed password for root from 43.255.190.166 port 44999 ssh2]
Apr 12 11:29:40 ovzhost sshd[1987]: Received disconnect from 43.255.190.166: 11:  [preauth]
Apr 12 11:29:40 ovzhost sshd[1987]: PAM 2 more authentication failures; logname= uid=0 euid=0 tty=ssh ruser= rhost=43.255.190.166  user=root
Apr 12 11:29:40 ovzhost sshd[1991]: Failed password for root from 43.255.190.177 port 51403 ssh2
Apr 12 11:29:40 ovzhost sshd[1993]: pam_unix(sshd:auth): authentication failure; logname= uid=0 euid=0 tty=ssh ruser= rhost=43.255.190.166  user=root
Apr 12 11:29:42 ovzhost sshd[1989]: message repeated 2 times: [ Failed password for root from 43.255.190.177 port 45206 ssh2]
Apr 12 11:29:42 ovzhost sshd[1989]: Received disconnect from 43.255.190.177: 11:  [preauth]
Apr 12 11:29:42 ovzhost sshd[1989]: PAM 2 more authentication failures; logname= uid=0 euid=0 tty=ssh ruser= rhost=43.255.190.177  user=root
Apr 12 11:29:43 ovzhost sshd[1993]: Failed password for root from 43.255.190.166 port 60095 ssh2
Apr 12 11:29:43 ovzhost sshd[1995]: pam_unix(sshd:auth): authentication failure; logname= uid=0 euid=0 tty=ssh ruser= rhost=43.255.190.177  user=root
Apr 12 11:29:45 ovzhost sshd[1991]: message repeated 2 times: [ Failed password for root from 43.255.190.177 port 51403 ssh2]
Apr 12 11:29:45 ovzhost sshd[1991]: Received disconnect from 43.255.190.177: 11:  [preauth]
Apr 12 11:29:45 ovzhost sshd[1991]: PAM 2 more authentication failures; logname= uid=0 euid=0 tty=ssh ruser= rhost=43.255.190.177  user=root
Apr 12 11:29:45 ovzhost sshd[1995]: Failed password for root from 43.255.190.177 port 33324 ssh2
Apr 12 11:29:45 ovzhost sshd[1997]: pam_unix(sshd:auth): authentication failure; logname= uid=0 euid=0 tty=ssh ruser= rhost=43.255.190.177  user=root
Apr 12 11:29:47 ovzhost sshd[1993]: message repeated 2 times: [ Failed password for root from 43.255.190.166 port 60095 ssh2]
Apr 12 11:29:47 ovzhost sshd[1993]: Received disconnect from 43.255.190.166: 11:  [preauth]
Apr 12 11:29:47 ovzhost sshd[1993]: PAM 2 more authentication failures; logname= uid=0 euid=0 tty=ssh ruser= rhost=43.255.190.166  user=root
Apr 12 11:29:47 ovzhost sshd[1997]: Failed password for root from 43.255.190.177 port 39262 ssh2
Apr 12 11:29:48 ovzhost sshd[1999]: pam_unix(sshd:auth): authentication failure; logname= uid=0 euid=0 tty=ssh ruser= rhost=43.255.190.166  user=root
Apr 12 11:29:49 ovzhost sshd[1995]: message repeated 2 times: [ Failed password for root from 43.255.190.177 port 33324 ssh2]
Apr 12 11:29:49 ovzhost sshd[1995]: Received disconnect from 43.255.190.177: 11:  [preauth]
Apr 12 11:29:49 ovzhost sshd[1995]: PAM 2 more authentication failures; logname= uid=0 euid=0 tty=ssh ruser= rhost=43.255.190.177  user=root
Apr 12 11:29:49 ovzhost sshd[1999]: Failed password for root from 43.255.190.166 port 46408 ssh2
Apr 12 11:29:49 ovzhost sshd[2001]: pam_unix(sshd:auth): authentication failure; logname= uid=0 euid=0 tty=ssh ruser= rhost=43.255.190.177  user=root
Apr 12 11:29:51 ovzhost sshd[1997]: message repeated 2 times: [ Failed password for root from 43.255.190.177 port 39262 ssh2]
Apr 12 11:29:51 ovzhost sshd[1997]: Received disconnect from 43.255.190.177: 11:  [preauth]
Apr 12 11:29:51 ovzhost sshd[1997]: PAM 2 more authentication failures; logname= uid=0 euid=0 tty=ssh ruser= rhost=43.255.190.177  user=root
Apr 12 11:29:51 ovzhost sshd[2001]: Failed password for root from 43.255.190.177 port 47464 ssh2
Apr 12 11:29:51 ovzhost sshd[2003]: pam_unix(sshd:auth): authentication failure; logname= uid=0 euid=0 tty=ssh ruser= rhost=43.255.190.177  user=root
Apr 12 11:29:53 ovzhost sshd[2003]: Failed password for root from 43.255.190.177 port 51795 ssh2
Apr 12 11:29:54 ovzhost sshd[1999]: message repeated 2 times: [ Failed password for root from 43.255.190.166 port 46408 ssh2]
Apr 12 11:29:54 ovzhost sshd[1999]: Received disconnect from 43.255.190.166: 11:  [preauth]
Apr 12 11:29:54 ovzhost sshd[1999]: PAM 2 more authentication failures; logname= uid=0 euid=0 tty=ssh ruser= rhost=43.255.190.166  user=root
Apr 12 11:29:55 ovzhost sshd[2001]: message repeated 2 times: [ Failed password for root from 43.255.190.177 port 47464 ssh2]
Apr 12 11:29:55 ovzhost sshd[2001]: Received disconnect from 43.255.190.177: 11:  [preauth]
Apr 12 11:29:55 ovzhost sshd[2001]: PAM 2 more authentication failures; logname= uid=0 euid=0 tty=ssh ruser= rhost=43.255.190.177  user=root
Apr 12 11:29:56 ovzhost sshd[2008]: pam_unix(sshd:auth): authentication failure; logname= uid=0 euid=0 tty=ssh ruser= rhost=43.255.190.177  user=root
Apr 12 11:29:56 ovzhost sshd[2006]: pam_unix(sshd:auth): authentication failure; logname= uid=0 euid=0 tty=ssh ruser= rhost=43.255.190.166  user=root
Apr 12 11:29:57 ovzhost sshd[2003]: message repeated 2 times: [ Failed password for root from 43.255.190.177 port 51795 ssh2]
Apr 12 11:29:57 ovzhost sshd[2003]: Received disconnect from 43.255.190.177: 11:  [preauth]
Apr 12 11:29:57 ovzhost sshd[2003]: PAM 2 more authentication failures; logname= uid=0 euid=0 tty=ssh ruser= rhost=43.255.190.177  user=root
Apr 12 11:29:58 ovzhost sshd[2008]: Failed password for root from 43.255.190.177 port 59313 ssh2
Apr 12 11:29:58 ovzhost sshd[2006]: Failed password for root from 43.255.190.166 port 33786 ssh2
Apr 12 11:29:58 ovzhost sshd[2010]: pam_unix(sshd:auth): authentication failure; logname= uid=0 euid=0 tty=ssh ruser= rhost=43.255.190.177  user=root
Apr 12 11:30:00 ovzhost sshd[2010]: Failed password for root from 43.255.190.177 port 36122 ssh2
Apr 12 11:30:02 ovzhost sshd[2008]: message repeated 2 times: [ Failed password for root from 43.255.190.177 port 59313 ssh2]
Apr 12 11:30:02 ovzhost sshd[2008]: Received disconnect from 43.255.190.177: 11:  [preauth]
Apr 12 11:30:02 ovzhost sshd[2008]: PAM 2 more authentication failures; logname= uid=0 euid=0 tty=ssh ruser= rhost=43.255.190.177  user=root
Apr 12 11:30:02 ovzhost sshd[2006]: message repeated 2 times: [ Failed password for root from 43.255.190.166 port 33786 ssh2]
Apr 12 11:30:02 ovzhost sshd[2006]: Received disconnect from 43.255.190.166: 11:  [preauth]
Apr 12 11:30:02 ovzhost sshd[2006]: PAM 2 more authentication failures; logname= uid=0 euid=0 tty=ssh ruser= rhost=43.255.190.166  user=root
Apr 12 11:30:02 ovzhost sshd[2012]: pam_unix(sshd:auth): authentication failure; logname= uid=0 euid=0 tty=ssh ruser= rhost=43.255.190.177  user=root
Apr 12 11:30:02 ovzhost sshd[2014]: pam_unix(sshd:auth): authentication failure; logname= uid=0 euid=0 tty=ssh ruser= rhost=43.255.190.166  user=root
Apr 12 11:30:04 ovzhost sshd[2010]: message repeated 2 times: [ Failed password for root from 43.255.190.177 port 36122 ssh2]
Apr 12 11:30:04 ovzhost sshd[2010]: Received disconnect from 43.255.190.177: 11:  [preauth]
Apr 12 11:30:04 ovzhost sshd[2010]: PAM 2 more authentication failures; logname= uid=0 euid=0 tty=ssh ruser= rhost=43.255.190.177  user=root
Apr 12 11:30:05 ovzhost sshd[2012]: Failed password for root from 43.255.190.177 port 44950 ssh2
Apr 12 11:30:05 ovzhost sshd[2014]: Failed password for root from 43.255.190.166 port 50766 ssh2
Apr 12 11:30:05 ovzhost sshd[2016]: pam_unix(sshd:auth): authentication failure; logname= uid=0 euid=0 tty=ssh ruser= rhost=43.255.190.177  user=root
Apr 12 11:30:06 ovzhost sshd[2016]: Failed password for root from 43.255.190.177 port 49419 ssh2
Apr 12 11:30:08 ovzhost sshd[2012]: message repeated 2 times: [ Failed password for root from 43.255.190.177 port 44950 ssh2]
Apr 12 11:30:08 ovzhost sshd[2012]: Received disconnect from 43.255.190.177: 11:  [preauth]
Apr 12 11:30:08 ovzhost sshd[2012]: PAM 2 more authentication failures; logname= uid=0 euid=0 tty=ssh ruser= rhost=43.255.190.177  user=root
Apr 12 11:30:08 ovzhost sshd[2014]: message repeated 2 times: [ Failed password for root from 43.255.190.166 port 50766 ssh2]
Apr 12 11:30:08 ovzhost sshd[2014]: Received disconnect from 43.255.190.166: 11:  [preauth]
Apr 12 11:30:08 ovzhost sshd[2014]: PAM 2 more authentication failures; logname= uid=0 euid=0 tty=ssh ruser= rhost=43.255.190.166  user=root
Apr 12 11:30:09 ovzhost sshd[2018]: pam_unix(sshd:auth): authentication failure; logname= uid=0 euid=0 tty=ssh ruser= rhost=43.255.190.177  user=root
Apr 12 11:30:09 ovzhost sshd[2020]: pam_unix(sshd:auth): authentication failure; logname= uid=0 euid=0 tty=ssh ruser= rhost=43.255.190.166  user=root
Apr 12 11:30:10 ovzhost sshd[2016]: message repeated 2 times: [ Failed password for root from 43.255.190.177 port 49419 ssh2]
Apr 12 11:30:10 ovzhost sshd[2016]: Received disconnect from 43.255.190.177: 11:  [preauth]
Apr 12 11:30:10 ovzhost sshd[2016]: PAM 2 more authentication failures; logname= uid=0 euid=0 tty=ssh ruser= rhost=43.255.190.177  user=root
Apr 12 11:30:11 ovzhost sshd[2018]: Failed password for root from 43.255.190.177 port 56253 ssh2
Apr 12 11:30:11 ovzhost sshd[2020]: Failed password for root from 43.255.190.166 port 35333 ssh2
Apr 12 11:30:11 ovzhost sshd[2022]: pam_unix(sshd:auth): authentication failure; logname= uid=0 euid=0 tty=ssh ruser= rhost=43.255.190.177  user=root
Apr 12 11:30:13 ovzhost sshd[2022]: Failed password for root from 43.255.190.177 port 33409 ssh2
Apr 12 11:30:14 ovzhost sshd[2018]: message repeated 2 times: [ Failed password for root from 43.255.190.177 port 56253 ssh2]
Apr 12 11:30:14 ovzhost sshd[2018]: Received disconnect from 43.255.190.177: 11:  [preauth]
Apr 12 11:30:14 ovzhost sshd[2018]: PAM 2 more authentication failures; logname= uid=0 euid=0 tty=ssh ruser= rhost=43.255.190.177  user=root
Apr 12 11:30:14 ovzhost sshd[2020]: message repeated 2 times: [ Failed password for root from 43.255.190.166 port 35333 ssh2]
Apr 12 11:30:14 ovzhost sshd[2020]: Received disconnect from 43.255.190.166: 11:  [preauth]
Apr 12 11:30:14 ovzhost sshd[2020]: PAM 2 more authentication failures; logname= uid=0 euid=0 tty=ssh ruser= rhost=43.255.190.166  user=root
Apr 12 11:30:15 ovzhost sshd[2024]: pam_unix(sshd:auth): authentication failure; logname= uid=0 euid=0 tty=ssh ruser= rhost=43.255.190.177  user=root
Apr 12 11:30:15 ovzhost sshd[2026]: pam_unix(sshd:auth): authentication failure; logname= uid=0 euid=0 tty=ssh ruser= rhost=43.255.190.166  user=root
Apr 12 11:30:17 ovzhost sshd[2022]: message repeated 2 times: [ Failed password for root from 43.255.190.177 port 33409 ssh2]
Apr 12 11:30:17 ovzhost sshd[2022]: Received disconnect from 43.255.190.177: 11:  [preauth]
Apr 12 11:30:17 ovzhost sshd[2022]: PAM 2 more authentication failures; logname= uid=0 euid=0 tty=ssh ruser= rhost=43.255.190.177  user=root
Apr 12 11:30:17 ovzhost sshd[2024]: Failed password for root from 43.255.190.177 port 41945 ssh2
Apr 12 11:30:17 ovzhost sshd[2026]: Failed password for root from 43.255.190.166 port 49401 ssh2
Apr 12 11:30:17 ovzhost sshd[2028]: pam_unix(sshd:auth): authentication failure; logname= uid=0 euid=0 tty=ssh ruser= rhost=43.255.190.177  user=root
Apr 12 11:30:19 ovzhost sshd[2028]: Failed password for root from 43.255.190.177 port 47938 ssh2
Apr 12 11:30:20 ovzhost sshd[2024]: message repeated 2 times: [ Failed password for root from 43.255.190.177 port 41945 ssh2]
Apr 12 11:30:20 ovzhost sshd[2024]: Received disconnect from 43.255.190.177: 11:  [preauth]
Apr 12 11:30:20 ovzhost sshd[2024]: PAM 2 more authentication failures; logname= uid=0 euid=0 tty=ssh ruser= rhost=43.255.190.177  user=root
Apr 12 11:30:20 ovzhost sshd[2026]: message repeated 2 times: [ Failed password for root from 43.255.190.166 port 49401 ssh2]
Apr 12 11:30:21 ovzhost sshd[2026]: Received disconnect from 43.255.190.166: 11:  [preauth]
Apr 12 11:30:21 ovzhost sshd[2026]: PAM 2 more authentication failures; logname= uid=0 euid=0 tty=ssh ruser= rhost=43.255.190.166  user=root
Apr 12 11:30:22 ovzhost sshd[2032]: pam_unix(sshd:auth): authentication failure; logname= uid=0 euid=0 tty=ssh ruser= rhost=43.255.190.166  user=root
Apr 12 11:30:22 ovzhost sshd[2030]: pam_unix(sshd:auth): authentication failure; logname= uid=0 euid=0 tty=ssh ruser= rhost=43.255.190.177  user=root
Apr 12 11:30:23 ovzhost sshd[2028]: message repeated 2 times: [ Failed password for root from 43.255.190.177 port 47938 ssh2]
Apr 12 11:30:23 ovzhost sshd[2028]: Received disconnect from 43.255.190.177: 11:  [preauth]
Apr 12 11:30:23 ovzhost sshd[2028]: PAM 2 more authentication failures; logname= uid=0 euid=0 tty=ssh ruser= rhost=43.255.190.177  user=root
Apr 12 11:30:23 ovzhost sshd[2034]: pam_unix(sshd:auth): authentication failure; logname= uid=0 euid=0 tty=ssh ruser= rhost=43.255.190.177  user=root
Apr 12 11:30:24 ovzhost sshd[2032]: Failed password for root from 43.255.190.166 port 38571 ssh2
Apr 12 11:30:25 ovzhost sshd[2030]: Failed password for root from 43.255.190.177 port 57373 ssh2
Apr 12 11:30:25 ovzhost sshd[2034]: Failed password for root from 43.255.190.177 port 34943 ssh2
Apr 12 11:30:26 ovzhost sshd[2037]: Connection closed by 128.8.37.104 [preauth]
Apr 12 11:30:29 ovzhost sshd[2032]: message repeated 2 times: [ Failed password for root from 43.255.190.166 port 38571 ssh2]
Apr 12 11:30:29 ovzhost sshd[2032]: Received disconnect from 43.255.190.166: 11:  [preauth]
Apr 12 11:30:29 ovzhost sshd[2032]: PAM 2 more authentication failures; logname= uid=0 euid=0 tty=ssh ruser= rhost=43.255.190.166  user=root
Apr 12 11:30:29 ovzhost sshd[2030]: message repeated 2 times: [ Failed password for root from 43.255.190.177 port 57373 ssh2]
Apr 12 11:30:29 ovzhost sshd[2030]: Received disconnect from 43.255.190.177: 11:  [preauth]
Apr 12 11:30:29 ovzhost sshd[2030]: PAM 2 more authentication failures; logname= uid=0 euid=0 tty=ssh ruser= rhost=43.255.190.177  user=root
Apr 12 11:30:29 ovzhost sshd[2039]: pam_unix(sshd:auth): authentication failure; logname= uid=0 euid=0 tty=ssh ruser= rhost=43.255.190.166  user=root
Apr 12 11:30:30 ovzhost sshd[2034]: message repeated 2 times: [ Failed password for root from 43.255.190.177 port 34943 ssh2]
Apr 12 11:30:30 ovzhost sshd[2034]: Received disconnect from 43.255.190.177: 11:  [preauth]
Apr 12 11:30:30 ovzhost sshd[2034]: PAM 2 more authentication failures; logname= uid=0 euid=0 tty=ssh ruser= rhost=43.255.190.177  user=root
Apr 12 11:30:30 ovzhost sshd[2041]: pam_unix(sshd:auth): authentication failure; logname= uid=0 euid=0 tty=ssh ruser= rhost=43.255.190.177  user=root
Apr 12 11:30:30 ovzhost sshd[2043]: pam_unix(sshd:auth): authentication failure; logname= uid=0 euid=0 tty=ssh ruser= rhost=43.255.190.177  user=root
Apr 12 11:30:31 ovzhost sshd[2039]: Failed password for root from 43.255.190.166 port 59294 ssh2
Apr 12 11:30:32 ovzhost sshd[2041]: Failed password for root from 43.255.190.177 port 51264 ssh2
Apr 12 11:30:32 ovzhost sshd[2043]: Failed password for root from 43.255.190.177 port 52541 ssh2
Apr 12 11:30:34 ovzhost sshd[2039]: message repeated 2 times: [ Failed password for root from 43.255.190.166 port 59294 ssh2]
Apr 12 11:30:34 ovzhost sshd[2039]: Received disconnect from 43.255.190.166: 11:  [preauth]
Apr 12 11:30:34 ovzhost sshd[2039]: PAM 2 more authentication failures; logname= uid=0 euid=0 tty=ssh ruser= rhost=43.255.190.166  user=root
Apr 12 11:30:35 ovzhost sshd[2045]: pam_unix(sshd:auth): authentication failure; logname= uid=0 euid=0 tty=ssh ruser= rhost=43.255.190.166  user=root
Apr 12 11:30:36 ovzhost sshd[2041]: message repeated 2 times: [ Failed password for root from 43.255.190.177 port 51264 ssh2]
Apr 12 11:30:36 ovzhost sshd[2041]: Received disconnect from 43.255.190.177: 11:  [preauth]
Apr 12 11:30:36 ovzhost sshd[2041]: PAM 2 more authentication failures; logname= uid=0 euid=0 tty=ssh ruser= rhost=43.255.190.177  user=root
Apr 12 11:30:37 ovzhost sshd[2043]: message repeated 2 times: [ Failed password for root from 43.255.190.177 port 52541 ssh2]
Apr 12 11:30:37 ovzhost sshd[2043]: Received disconnect from 43.255.190.177: 11:  [preauth]
Apr 12 11:30:37 ovzhost sshd[2043]: PAM 2 more authentication failures; logname= uid=0 euid=0 tty=ssh ruser= rhost=43.255.190.177  user=root
Apr 12 11:30:37 ovzhost sshd[2045]: Failed password for root from 43.255.190.166 port 47959 ssh2
Apr 12 11:30:37 ovzhost sshd[2047]: pam_unix(sshd:auth): authentication failure; logname= uid=0 euid=0 tty=ssh ruser= rhost=43.255.190.177  user=root
Apr 12 11:30:37 ovzhost sshd[2049]: pam_unix(sshd:auth): authentication failure; logname= uid=0 euid=0 tty=ssh ruser= rhost=43.255.190.177  user=root
Apr 12 11:30:39 ovzhost sshd[2047]: Failed password for root from 43.255.190.177 port 43794 ssh2
Apr 12 11:30:39 ovzhost sshd[2049]: Failed password for root from 43.255.190.177 port 44872 ssh2
Apr 12 11:30:41 ovzhost sshd[2045]: message repeated 2 times: [ Failed password for root from 43.255.190.166 port 47959 ssh2]
Apr 12 11:30:41 ovzhost sshd[2045]: Received disconnect from 43.255.190.166: 11:  [preauth]
Apr 12 11:30:41 ovzhost sshd[2045]: PAM 2 more authentication failures; logname= uid=0 euid=0 tty=ssh ruser= rhost=43.255.190.166  user=root
Apr 12 11:30:42 ovzhost sshd[2051]: pam_unix(sshd:auth): authentication failure; logname= uid=0 euid=0 tty=ssh ruser= rhost=43.255.190.166  user=root
Apr 12 11:30:43 ovzhost sshd[2047]: message repeated 2 times: [ Failed password for root from 43.255.190.177 port 43794 ssh2]
Apr 12 11:30:43 ovzhost sshd[2047]: Received disconnect from 43.255.190.177: 11:  [preauth]
Apr 12 11:30:43 ovzhost sshd[2047]: PAM 2 more authentication failures; logname= uid=0 euid=0 tty=ssh ruser= rhost=43.255.190.177  user=root
Apr 12 11:30:44 ovzhost sshd[2049]: message repeated 2 times: [ Failed password for root from 43.255.190.177 port 44872 ssh2]
Apr 12 11:30:44 ovzhost sshd[2049]: Received disconnect from 43.255.190.177: 11:  [preauth]
Apr 12 11:30:44 ovzhost sshd[2049]: PAM 2 more authentication failures; logname= uid=0 euid=0 tty=ssh ruser= rhost=43.255.190.177  user=root
Apr 12 11:30:44 ovzhost sshd[2051]: Failed password for root from 43.255.190.166 port 38312 ssh2
Apr 12 11:30:45 ovzhost sshd[2053]: pam_unix(sshd:auth): authentication failure; logname= uid=0 euid=0 tty=ssh ruser= rhost=43.255.190.177  user=root
Apr 12 11:30:46 ovzhost sshd[2055]: pam_unix(sshd:auth): authentication failure; logname= uid=0 euid=0 tty=ssh ruser= rhost=43.255.190.177  user=root
Apr 12 11:30:47 ovzhost sshd[2053]: Failed password for root from 43.255.190.177 port 35829 ssh2
Apr 12 11:30:48 ovzhost sshd[2055]: Failed password for root from 43.255.190.177 port 37217 ssh2
Apr 12 11:30:49 ovzhost sshd[2051]: message repeated 2 times: [ Failed password for root from 43.255.190.166 port 38312 ssh2]
Apr 12 11:30:49 ovzhost sshd[2051]: Received disconnect from 43.255.190.166: 11:  [preauth]
Apr 12 11:30:49 ovzhost sshd[2051]: PAM 2 more authentication failures; logname= uid=0 euid=0 tty=ssh ruser= rhost=43.255.190.166  user=root
Apr 12 11:30:49 ovzhost sshd[2057]: pam_unix(sshd:auth): authentication failure; logname= uid=0 euid=0 tty=ssh ruser= rhost=43.255.190.166  user=root
Apr 12 11:30:51 ovzhost sshd[2053]: message repeated 2 times: [ Failed password for root from 43.255.190.177 port 35829 ssh2]
Apr 12 11:30:52 ovzhost sshd[2053]: Received disconnect from 43.255.190.177: 11:  [preauth]
Apr 12 11:30:52 ovzhost sshd[2053]: PAM 2 more authentication failures; logname= uid=0 euid=0 tty=ssh ruser= rhost=43.255.190.177  user=root
Apr 12 11:30:52 ovzhost sshd[2057]: Failed password for root from 43.255.190.166 port 58430 ssh2
Apr 12 11:30:52 ovzhost sshd[2059]: pam_unix(sshd:auth): authentication failure; logname= uid=0 euid=0 tty=ssh ruser= rhost=43.255.190.177  user=root
Apr 12 11:30:52 ovzhost sshd[2055]: message repeated 2 times: [ Failed password for root from 43.255.190.177 port 37217 ssh2]
Apr 12 11:30:52 ovzhost sshd[2055]: Received disconnect from 43.255.190.177: 11:  [preauth]
Apr 12 11:30:52 ovzhost sshd[2055]: PAM 2 more authentication failures; logname= uid=0 euid=0 tty=ssh ruser= rhost=43.255.190.177  user=root
Apr 12 11:30:53 ovzhost sshd[2061]: pam_unix(sshd:auth): authentication failure; logname= uid=0 euid=0 tty=ssh ruser= rhost=43.255.190.177  user=root
Apr 12 11:30:54 ovzhost sshd[2059]: Failed password for root from 43.255.190.177 port 57469 ssh2
Apr 12 11:30:55 ovzhost sshd[2061]: Failed password for root from 43.255.190.177 port 59371 ssh2
Apr 12 11:30:56 ovzhost sshd[2057]: message repeated 2 times: [ Failed password for root from 43.255.190.166 port 58430 ssh2]
Apr 12 11:30:56 ovzhost sshd[2057]: Received disconnect from 43.255.190.166: 11:  [preauth]
Apr 12 11:30:56 ovzhost sshd[2057]: PAM 2 more authentication failures; logname= uid=0 euid=0 tty=ssh ruser= rhost=43.255.190.166  user=root
Apr 12 11:30:56 ovzhost sshd[2063]: pam_unix(sshd:auth): authentication failure; logname= uid=0 euid=0 tty=ssh ruser= rhost=43.255.190.166  user=root
Apr 12 11:30:59 ovzhost sshd[2059]: message repeated 2 times: [ Failed password for root from 43.255.190.177 port 57469 ssh2]
Apr 12 11:30:59 ovzhost sshd[2059]: Received disconnect from 43.255.190.177: 11:  [preauth]
Apr 12 11:30:59 ovzhost sshd[2059]: PAM 2 more authentication failures; logname= uid=0 euid=0 tty=ssh ruser= rhost=43.255.190.177  user=root
Apr 12 11:30:59 ovzhost sshd[2063]: Failed password for root from 43.255.190.166 port 47083 ssh2
Apr 12 11:30:59 ovzhost sshd[2061]: message repeated 2 times: [ Failed password for root from 43.255.190.177 port 59371 ssh2]
Apr 12 11:30:59 ovzhost sshd[2061]: Received disconnect from 43.255.190.177: 11:  [preauth]
Apr 12 11:30:59 ovzhost sshd[2061]: PAM 2 more authentication failures; logname= uid=0 euid=0 tty=ssh ruser= rhost=43.255.190.177  user=root
Apr 12 11:30:59 ovzhost sshd[2065]: pam_unix(sshd:auth): authentication failure; logname= uid=0 euid=0 tty=ssh ruser= rhost=43.255.190.177  user=root
Apr 12 11:30:59 ovzhost sshd[2067]: pam_unix(sshd:auth): authentication failure; logname= uid=0 euid=0 tty=ssh ruser= rhost=43.255.190.177  user=root
Apr 12 11:31:01 ovzhost sshd[2065]: Failed password for root from 43.255.190.177 port 47116 ssh2
Apr 12 11:31:01 ovzhost sshd[2067]: Failed password for root from 43.255.190.177 port 48162 ssh2
Apr 12 11:31:02 ovzhost sshd[2063]: message repeated 2 times: [ Failed password for root from 43.255.190.166 port 47083 ssh2]
Apr 12 11:31:02 ovzhost sshd[2063]: Received disconnect from 43.255.190.166: 11:  [preauth]
Apr 12 11:31:02 ovzhost sshd[2063]: PAM 2 more authentication failures; logname= uid=0 euid=0 tty=ssh ruser= rhost=43.255.190.166  user=root
Apr 12 11:31:03 ovzhost sshd[2069]: pam_unix(sshd:auth): authentication failure; logname= uid=0 euid=0 tty=ssh ruser= rhost=43.255.190.166  user=root
Apr 12 11:31:05 ovzhost sshd[2069]: Failed password for root from 43.255.190.166 port 36078 ssh2
Apr 12 11:31:06 ovzhost sshd[2065]: message repeated 2 times: [ Failed password for root from 43.255.190.177 port 47116 ssh2]
Apr 12 11:31:06 ovzhost sshd[2065]: Received disconnect from 43.255.190.177: 11:  [preauth]
Apr 12 11:31:06 ovzhost sshd[2065]: PAM 2 more authentication failures; logname= uid=0 euid=0 tty=ssh ruser= rhost=43.255.190.177  user=root
Apr 12 11:31:06 ovzhost sshd[2067]: message repeated 2 times: [ Failed password for root from 43.255.190.177 port 48162 ssh2]
Apr 12 11:31:06 ovzhost sshd[2067]: Received disconnect from 43.255.190.177: 11:  [preauth]
Apr 12 11:31:06 ovzhost sshd[2067]: PAM 2 more authentication failures; logname= uid=0 euid=0 tty=ssh ruser= rhost=43.255.190.177  user=root
Apr 12 11:31:06 ovzhost sshd[2071]: pam_unix(sshd:auth): authentication failure; logname= uid=0 euid=0 tty=ssh ruser= rhost=43.255.190.177  user=root
Apr 12 11:31:06 ovzhost sshd[2073]: pam_unix(sshd:auth): authentication failure; logname= uid=0 euid=0 tty=ssh ruser= rhost=43.255.190.177  user=root
Apr 12 11:31:08 ovzhost sshd[2071]: Failed password for root from 43.255.190.177 port 38609 ssh2
Apr 12 11:31:08 ovzhost sshd[2073]: Failed password for root from 43.255.190.177 port 39769 ssh2
Apr 12 11:31:09 ovzhost sshd[2069]: message repeated 2 times: [ Failed password for root from 43.255.190.166 port 36078 ssh2]
Apr 12 11:31:10 ovzhost sshd[2069]: Received disconnect from 43.255.190.166: 11:  [preauth]
Apr 12 11:31:10 ovzhost sshd[2069]: PAM 2 more authentication failures; logname= uid=0 euid=0 tty=ssh ruser= rhost=43.255.190.166  user=root
Apr 12 11:31:11 ovzhost sshd[2075]: pam_unix(sshd:auth): authentication failure; logname= uid=0 euid=0 tty=ssh ruser= rhost=43.255.190.166  user=root
Apr 12 11:31:12 ovzhost sshd[2071]: message repeated 2 times: [ Failed password for root from 43.255.190.177 port 38609 ssh2]
Apr 12 11:31:12 ovzhost sshd[2071]: Received disconnect from 43.255.190.177: 11:  [preauth]
Apr 12 11:31:12 ovzhost sshd[2071]: PAM 2 more authentication failures; logname= uid=0 euid=0 tty=ssh ruser= rhost=43.255.190.177  user=root
Apr 12 11:31:12 ovzhost sshd[2073]: message repeated 2 times: [ Failed password for root from 43.255.190.177 port 39769 ssh2]
Apr 12 11:31:12 ovzhost sshd[2073]: Received disconnect from 43.255.190.177: 11:  [preauth]
Apr 12 11:31:12 ovzhost sshd[2073]: PAM 2 more authentication failures; logname= uid=0 euid=0 tty=ssh ruser= rhost=43.255.190.177  user=root
Apr 12 11:31:13 ovzhost sshd[2077]: pam_unix(sshd:auth): authentication failure; logname= uid=0 euid=0 tty=ssh ruser= rhost=43.255.190.177  user=root
Apr 12 11:31:13 ovzhost sshd[2079]: pam_unix(sshd:auth): authentication failure; logname= uid=0 euid=0 tty=ssh ruser= rhost=43.255.190.177  user=root
Apr 12 11:31:13 ovzhost sshd[2075]: Failed password for root from 43.255.190.166 port 53963 ssh2
Apr 12 11:31:15 ovzhost sshd[2077]: Failed password for root from 43.255.190.177 port 59613 ssh2
Apr 12 11:31:15 ovzhost sshd[2079]: Failed password for root from 43.255.190.177 port 59808 ssh2
Apr 12 11:31:18 ovzhost sshd[2075]: message repeated 2 times: [ Failed password for root from 43.255.190.166 port 53963 ssh2]
Apr 12 11:31:18 ovzhost sshd[2075]: Received disconnect from 43.255.190.166: 11:  [preauth]
Apr 12 11:31:18 ovzhost sshd[2075]: PAM 2 more authentication failures; logname= uid=0 euid=0 tty=ssh ruser= rhost=43.255.190.166  user=root
Apr 12 11:31:18 ovzhost sshd[2082]: pam_unix(sshd:auth): authentication failure; logname= uid=0 euid=0 tty=ssh ruser= rhost=43.255.190.166  user=root
Apr 12 11:31:19 ovzhost sshd[2077]: message repeated 2 times: [ Failed password for root from 43.255.190.177 port 59613 ssh2]
Apr 12 11:31:19 ovzhost sshd[2077]: Received disconnect from 43.255.190.177: 11:  [preauth]
Apr 12 11:31:19 ovzhost sshd[2077]: PAM 2 more authentication failures; logname= uid=0 euid=0 tty=ssh ruser= rhost=43.255.190.177  user=root
Apr 12 11:31:19 ovzhost sshd[2079]: message repeated 2 times: [ Failed password for root from 43.255.190.177 port 59808 ssh2]
Apr 12 11:31:19 ovzhost sshd[2079]: Received disconnect from 43.255.190.177: 11:  [preauth]
Apr 12 11:31:19 ovzhost sshd[2079]: PAM 2 more authentication failures; logname= uid=0 euid=0 tty=ssh ruser= rhost=43.255.190.177  user=root
Apr 12 11:31:20 ovzhost sshd[2084]: pam_unix(sshd:auth): authentication failure; logname= uid=0 euid=0 tty=ssh ruser= rhost=43.255.190.177  user=root
Apr 12 11:31:20 ovzhost sshd[2086]: pam_unix(sshd:auth): authentication failure; logname= uid=0 euid=0 tty=ssh ruser= rhost=43.255.190.177  user=root
Apr 12 11:31:20 ovzhost sshd[2082]: Failed password for root from 43.255.190.166 port 46190 ssh2
Apr 12 11:31:22 ovzhost sshd[2084]: Failed password for root from 43.255.190.177 port 58378 ssh2
Apr 12 11:31:22 ovzhost sshd[2086]: Failed password for root from 43.255.190.177 port 58529 ssh2
Apr 12 11:31:24 ovzhost sshd[2082]: message repeated 2 times: [ Failed password for root from 43.255.190.166 port 46190 ssh2]
Apr 12 11:31:24 ovzhost sshd[2082]: Received disconnect from 43.255.190.166: 11:  [preauth]
Apr 12 11:31:24 ovzhost sshd[2082]: PAM 2 more authentication failures; logname= uid=0 euid=0 tty=ssh ruser= rhost=43.255.190.166  user=root
Apr 12 11:31:25 ovzhost sshd[2090]: pam_unix(sshd:auth): authentication failure; logname= uid=0 euid=0 tty=ssh ruser= rhost=43.255.190.166  user=root
Apr 12 11:31:26 ovzhost sshd[2086]: message repeated 2 times: [ Failed password for root from 43.255.190.177 port 58529 ssh2]
Apr 12 11:31:26 ovzhost sshd[2086]: Received disconnect from 43.255.190.177: 11:  [preauth]
Apr 12 11:31:26 ovzhost sshd[2086]: PAM 2 more authentication failures; logname= uid=0 euid=0 tty=ssh ruser= rhost=43.255.190.177  user=root
Apr 12 11:31:26 ovzhost sshd[2084]: message repeated 2 times: [ Failed password for root from 43.255.190.177 port 58378 ssh2]
Apr 12 11:31:26 ovzhost sshd[2084]: Received disconnect from 43.255.190.177: 11:  [preauth]
Apr 12 11:31:26 ovzhost sshd[2084]: PAM 2 more authentication failures; logname= uid=0 euid=0 tty=ssh ruser= rhost=43.255.190.177  user=root
Apr 12 11:31:27 ovzhost sshd[2090]: Failed password for root from 43.255.190.166 port 34298 ssh2
Apr 12 11:31:27 ovzhost sshd[2092]: pam_unix(sshd:auth): authentication failure; logname= uid=0 euid=0 tty=ssh ruser= rhost=43.255.190.177  user=root
Apr 12 11:31:27 ovzhost sshd[2094]: pam_unix(sshd:auth): authentication failure; logname= uid=0 euid=0 tty=ssh ruser= rhost=43.255.190.177  user=root
Apr 12 11:31:29 ovzhost sshd[2092]: Failed password for root from 43.255.190.177 port 53704 ssh2
Apr 12 11:31:29 ovzhost sshd[2094]: Failed password for root from 43.255.190.177 port 54916 ssh2
Apr 12 11:31:31 ovzhost sshd[2090]: message repeated 2 times: [ Failed password for root from 43.255.190.166 port 34298 ssh2]
Apr 12 11:31:31 ovzhost sshd[2090]: Received disconnect from 43.255.190.166: 11:  [preauth]
Apr 12 11:31:31 ovzhost sshd[2090]: PAM 2 more authentication failures; logname= uid=0 euid=0 tty=ssh ruser= rhost=43.255.190.166  user=root
Apr 12 11:31:32 ovzhost sshd[2098]: Accepted password for root from 175.126.82.235 port 50359 ssh2
Apr 12 11:31:32 ovzhost sshd[2098]: pam_unix(sshd:session): session opened for user root by (uid=0)
Apr 12 11:31:32 ovzhost sshd[2098]: pam_env(sshd:session): Unable to open env file: /etc/default/locale: No such file or directory
Apr 12 11:31:32 ovzhost sshd[2100]: pam_unix(sshd:auth): authentication failure; logname= uid=0 euid=0 tty=ssh ruser= rhost=43.255.190.166  user=root
Apr 12 11:31:34 ovzhost sshd[2092]: message repeated 2 times: [ Failed password for root from 43.255.190.177 port 53704 ssh2]
Apr 12 11:31:34 ovzhost sshd[2092]: Received disconnect from 43.255.190.177: 11:  [preauth]
Apr 12 11:31:34 ovzhost sshd[2092]: PAM 2 more authentication failures; logname= uid=0 euid=0 tty=ssh ruser= rhost=43.255.190.177  user=root
Apr 12 11:31:34 ovzhost sshd[2094]: message repeated 2 times: [ Failed password for root from 43.255.190.177 port 54916 ssh2]
Apr 12 11:31:34 ovzhost sshd[2094]: Received disconnect from 43.255.190.177: 11:  [preauth]
Apr 12 11:31:34 ovzhost sshd[2094]: PAM 2 more authentication failures; logname= uid=0 euid=0 tty=ssh ruser= rhost=43.255.190.177  user=root
Apr 12 11:31:34 ovzhost sshd[2112]: pam_unix(sshd:auth): authentication failure; logname= uid=0 euid=0 tty=ssh ruser= rhost=43.255.190.177  user=root
Apr 12 11:31:34 ovzhost sshd[2100]: Failed password for root from 43.255.190.166 port 51556 ssh2
Apr 12 11:31:34 ovzhost sshd[2114]: pam_unix(sshd:auth): authentication failure; logname= uid=0 euid=0 tty=ssh ruser= rhost=43.255.190.177  user=root
Apr 12 11:31:36 ovzhost sshd[2112]: Failed password for root from 43.255.190.177 port 50246 ssh2
Apr 12 11:31:36 ovzhost sshd[2114]: Failed password for root from 43.255.190.177 port 50599 ssh2
Apr 12 11:31:38 ovzhost sshd[2100]: message repeated 2 times: [ Failed password for root from 43.255.190.166 port 51556 ssh2]
Apr 12 11:31:39 ovzhost sshd[2100]: Received disconnect from 43.255.190.166: 11:  [preauth]
Apr 12 11:31:39 ovzhost sshd[2100]: PAM 2 more authentication failures; logname= uid=0 euid=0 tty=ssh ruser= rhost=43.255.190.166  user=root
Apr 12 11:31:39 ovzhost sshd[2116]: pam_unix(sshd:auth): authentication failure; logname= uid=0 euid=0 tty=ssh ruser= rhost=43.255.190.166  user=root
Apr 12 11:31:41 ovzhost sshd[2112]: message repeated 2 times: [ Failed password for root from 43.255.190.177 port 50246 ssh2]
Apr 12 11:31:41 ovzhost sshd[2112]: Received disconnect from 43.255.190.177: 11:  [preauth]
Apr 12 11:31:41 ovzhost sshd[2112]: PAM 2 more authentication failures; logname= uid=0 euid=0 tty=ssh ruser= rhost=43.255.190.177  user=root
Apr 12 11:31:41 ovzhost sshd[2114]: message repeated 2 times: [ Failed password for root from 43.255.190.177 port 50599 ssh2]
Apr 12 11:31:41 ovzhost sshd[2114]: Received disconnect from 43.255.190.177: 11:  [preauth]
Apr 12 11:31:41 ovzhost sshd[2114]: PAM 2 more authentication failures; logname= uid=0 euid=0 tty=ssh ruser= rhost=43.255.190.177  user=root
Apr 12 11:31:41 ovzhost sshd[2118]: pam_unix(sshd:auth): authentication failure; logname= uid=0 euid=0 tty=ssh ruser= rhost=43.255.190.177  user=root
Apr 12 11:31:41 ovzhost sshd[2116]: Failed password for root from 43.255.190.166 port 41113 ssh2
Apr 12 11:31:42 ovzhost sshd[2120]: pam_unix(sshd:auth): authentication failure; logname= uid=0 euid=0 tty=ssh ruser= rhost=43.255.190.177  user=root
Apr 12 11:31:43 ovzhost sshd[2118]: Failed password for root from 43.255.190.177 port 45217 ssh2
Apr 12 11:31:43 ovzhost sshd[2120]: Failed password for root from 43.255.190.177 port 46022 ssh2
Apr 12 11:31:46 ovzhost sshd[2116]: message repeated 2 times: [ Failed password for root from 43.255.190.166 port 41113 ssh2]
Apr 12 11:31:46 ovzhost sshd[2116]: Received disconnect from 43.255.190.166: 11:  [preauth]
Apr 12 11:31:46 ovzhost sshd[2116]: PAM 2 more authentication failures; logname= uid=0 euid=0 tty=ssh ruser= rhost=43.255.190.166  user=root
Apr 12 11:31:46 ovzhost sshd[2122]: pam_unix(sshd:auth): authentication failure; logname= uid=0 euid=0 tty=ssh ruser= rhost=43.255.190.166  user=root
Apr 12 11:31:48 ovzhost sshd[2118]: message repeated 2 times: [ Failed password for root from 43.255.190.177 port 45217 ssh2]
Apr 12 11:31:48 ovzhost sshd[2118]: Received disconnect from 43.255.190.177: 11:  [preauth]
Apr 12 11:31:48 ovzhost sshd[2118]: PAM 2 more authentication failures; logname= uid=0 euid=0 tty=ssh ruser= rhost=43.255.190.177  user=root
Apr 12 11:31:48 ovzhost sshd[2120]: message repeated 2 times: [ Failed password for root from 43.255.190.177 port 46022 ssh2]
Apr 12 11:31:48 ovzhost sshd[2120]: Received disconnect from 43.255.190.177: 11:  [preauth]
Apr 12 11:31:48 ovzhost sshd[2120]: PAM 2 more authentication failures; logname= uid=0 euid=0 tty=ssh ruser= rhost=43.255.190.177  user=root
Apr 12 11:31:48 ovzhost sshd[2122]: Failed password for root from 43.255.190.166 port 58331 ssh2
Apr 12 11:31:50 ovzhost sshd[2098]: pam_unix(sshd:session): session closed for user root
