Apr 12 11:05:24 ovzhost sshd[1469]: PAM 2 more authentication failures; logname= uid=0 euid=0 tty=ssh ruser= rhost=43.255.190.93  user=root
Apr 12 11:05:25 ovzhost sshd[1475]: pam_unix(sshd:auth): authentication failure; logname= uid=0 euid=0 tty=ssh ruser= rhost=43.255.190.93  user=root
Apr 12 11:05:26 ovzhost sshd[1471]: Failed password for root from 43.255.190.137 port 52557 ssh2
Apr 12 11:05:26 ovzhost sshd[1473]: message repeated 2 times: [ Failed password for root from 43.255.190.93 port 50761 ssh2]
Apr 12 11:05:26 ovzhost sshd[1473]: Received disconnect from 43.255.190.93: 11:  [preauth]
Apr 12 11:05:26 ovzhost sshd[1473]: PAM 2 more authentication failures; logname= uid=0 euid=0 tty=ssh ruser= rhost=43.255.190.93  user=root
Apr 12 11:05:26 ovzhost sshd[1475]: Failed password for root from 43.255.190.93 port 59720 ssh2
Apr 12 11:05:27 ovzhost sshd[1477]: pam_unix(sshd:auth): authentication failure; logname= uid=0 euid=0 tty=ssh ruser= rhost=43.255.190.93  user=root
Apr 12 11:05:29 ovzhost sshd[1477]: Failed password for root from 43.255.190.93 port 34963 ssh2
Apr 12 11:05:30 ovzhost sshd[1471]: message repeated 2 times: [ Failed password for root from 43.255.190.137 port 52557 ssh2]
Apr 12 11:05:30 ovzhost sshd[1471]: Received disconnect from 43.255.190.137: 11:  [preauth]
Apr 12 11:05:30 ovzhost sshd[1471]: PAM 2 more authentication failures; logname= uid=0 euid=0 tty=ssh ruser= rhost=43.255.190.137  user=root
Apr 12 11:05:31 ovzhost sshd[1479]: pam_unix(sshd:auth): authentication failure; logname= uid=0 euid=0 tty=ssh ruser= rhost=43.255.190.137  user=root
Apr 12 11:05:31 ovzhost sshd[1475]: message repeated 2 times: [ Failed password for root from 43.255.190.93 port 59720 ssh2]
Apr 12 11:05:31 ovzhost sshd[1475]: Received disconnect from 43.255.190.93: 11:  [preauth]
Apr 12 11:05:31 ovzhost sshd[1475]: PAM 2 more authentication failures; logname= uid=0 euid=0 tty=ssh ruser= rhost=43.255.190.93  user=root
Apr 12 11:05:32 ovzhost sshd[1481]: pam_unix(sshd:auth): authentication failure; logname= uid=0 euid=0 tty=ssh ruser= rhost=43.255.190.93  user=root
Apr 12 11:05:32 ovzhost sshd[1479]: Failed password for root from 43.255.190.137 port 42654 ssh2
Apr 12 11:05:33 ovzhost sshd[1477]: message repeated 2 times: [ Failed password for root from 43.255.190.93 port 34963 ssh2]
Apr 12 11:05:33 ovzhost sshd[1477]: Received disconnect from 43.255.190.93: 11:  [preauth]
Apr 12 11:05:33 ovzhost sshd[1477]: PAM 2 more authentication failures; logname= uid=0 euid=0 tty=ssh ruser= rhost=43.255.190.93  user=root
Apr 12 11:05:34 ovzhost sshd[1481]: Failed password for root from 43.255.190.93 port 45577 ssh2
Apr 12 11:05:34 ovzhost sshd[1483]: pam_unix(sshd:auth): authentication failure; logname= uid=0 euid=0 tty=ssh ruser= rhost=43.255.190.93  user=root
Apr 12 11:05:36 ovzhost sshd[1483]: Failed password for root from 43.255.190.93 port 49034 ssh2
Apr 12 11:05:37 ovzhost sshd[1479]: message repeated 2 times: [ Failed password for root from 43.255.190.137 port 42654 ssh2]
Apr 12 11:05:37 ovzhost sshd[1479]: Received disconnect from 43.255.190.137: 11:  [preauth]
Apr 12 11:05:37 ovzhost sshd[1479]: PAM 2 more authentication failures; logname= uid=0 euid=0 tty=ssh ruser= rhost=43.255.190.137  user=root
Apr 12 11:05:37 ovzhost sshd[1485]: pam_unix(sshd:auth): authentication failure; logname= uid=0 euid=0 tty=ssh ruser= rhost=43.255.190.137  user=root
Apr 12 11:05:38 ovzhost sshd[1481]: message repeated 2 times: [ Failed password for root from 43.255.190.93 port 45577 ssh2]
Apr 12 11:05:38 ovzhost sshd[1481]: Received disconnect from 43.255.190.93: 11:  [preauth]
Apr 12 11:05:38 ovzhost sshd[1481]: PAM 2 more authentication failures; logname= uid=0 euid=0 tty=ssh ruser= rhost=43.255.190.93  user=root
Apr 12 11:05:38 ovzhost sshd[1487]: pam_unix(sshd:auth): authentication failure; logname= uid=0 euid=0 tty=ssh ruser= rhost=43.255.190.93  user=root
Apr 12 11:05:39 ovzhost sshd[1485]: Failed password for root from 43.255.190.137 port 55836 ssh2
Apr 12 11:05:40 ovzhost sshd[1483]: message repeated 2 times: [ Failed password for root from 43.255.190.93 port 49034 ssh2]
Apr 12 11:05:40 ovzhost sshd[1483]: Received disconnect from 43.255.190.93: 11:  [preauth]
Apr 12 11:05:40 ovzhost sshd[1483]: PAM 2 more authentication failures; logname= uid=0 euid=0 tty=ssh ruser= rhost=43.255.190.93  user=root
Apr 12 11:05:40 ovzhost sshd[1489]: pam_unix(sshd:auth): authentication failure; logname= uid=0 euid=0 tty=ssh ruser= rhost=43.255.190.93  user=root
Apr 12 11:05:40 ovzhost sshd[1487]: Failed password for root from 43.255.190.93 port 33402 ssh2
Apr 12 11:05:42 ovzhost sshd[1489]: Failed password for root from 43.255.190.93 port 37648 ssh2
Apr 12 11:05:44 ovzhost sshd[1485]: message repeated 2 times: [ Failed password for root from 43.255.190.137 port 55836 ssh2]
Apr 12 11:05:44 ovzhost sshd[1485]: Received disconnect from 43.255.190.137: 11:  [preauth]
Apr 12 11:05:44 ovzhost sshd[1485]: PAM 2 more authentication failures; logname= uid=0 euid=0 tty=ssh ruser= rhost=43.255.190.137  user=root
Apr 12 11:05:44 ovzhost sshd[1487]: message repeated 2 times: [ Failed password for root from 43.255.190.93 port 33402 ssh2]
Apr 12 11:05:44 ovzhost sshd[1487]: Received disconnect from 43.255.190.93: 11:  [preauth]
Apr 12 11:05:44 ovzhost sshd[1487]: PAM 2 more authentication failures; logname= uid=0 euid=0 tty=ssh ruser= rhost=43.255.190.93  user=root
Apr 12 11:05:45 ovzhost sshd[1493]: pam_unix(sshd:auth): authentication failure; logname= uid=0 euid=0 tty=ssh ruser= rhost=43.255.190.93  user=root
Apr 12 11:05:46 ovzhost sshd[1489]: message repeated 2 times: [ Failed password for root from 43.255.190.93 port 37648 ssh2]
Apr 12 11:05:46 ovzhost sshd[1489]: Received disconnect from 43.255.190.93: 11:  [preauth]
Apr 12 11:05:46 ovzhost sshd[1489]: PAM 2 more authentication failures; logname= uid=0 euid=0 tty=ssh ruser= rhost=43.255.190.93  user=root
Apr 12 11:05:47 ovzhost sshd[1495]: pam_unix(sshd:auth): authentication failure; logname= uid=0 euid=0 tty=ssh ruser= rhost=43.255.190.93  user=root
Apr 12 11:05:47 ovzhost sshd[1493]: Failed password for root from 43.255.190.93 port 49436 ssh2
Apr 12 11:05:48 ovzhost sshd[1491]: pam_unix(sshd:auth): authentication failure; logname= uid=0 euid=0 tty=ssh ruser= rhost=43.255.190.137  user=root
Apr 12 11:05:49 ovzhost sshd[1495]: Failed password for root from 43.255.190.93 port 53681 ssh2
Apr 12 11:05:49 ovzhost sshd[1491]: Failed password for root from 43.255.190.137 port 42098 ssh2
Apr 12 11:05:51 ovzhost sshd[1493]: message repeated 2 times: [ Failed password for root from 43.255.190.93 port 49436 ssh2]
Apr 12 11:05:51 ovzhost sshd[1493]: Received disconnect from 43.255.190.93: 11:  [preauth]
Apr 12 11:05:51 ovzhost sshd[1493]: PAM 2 more authentication failures; logname= uid=0 euid=0 tty=ssh ruser= rhost=43.255.190.93  user=root
Apr 12 11:05:51 ovzhost sshd[1497]: pam_unix(sshd:auth): authentication failure; logname= uid=0 euid=0 tty=ssh ruser= rhost=43.255.190.93  user=root
Apr 12 11:05:53 ovzhost sshd[1495]: message repeated 2 times: [ Failed password for root from 43.255.190.93 port 53681 ssh2]
Apr 12 11:05:53 ovzhost sshd[1495]: Received disconnect from 43.255.190.93: 11:  [preauth]
Apr 12 11:05:53 ovzhost sshd[1495]: PAM 2 more authentication failures; logname= uid=0 euid=0 tty=ssh ruser= rhost=43.255.190.93  user=root
Apr 12 11:05:53 ovzhost sshd[1491]: message repeated 2 times: [ Failed password for root from 43.255.190.137 port 42098 ssh2]
Apr 12 11:05:53 ovzhost sshd[1491]: Received disconnect from 43.255.190.137: 11:  [preauth]
Apr 12 11:05:53 ovzhost sshd[1491]: PAM 2 more authentication failures; logname= uid=0 euid=0 tty=ssh ruser= rhost=43.255.190.137  user=root
Apr 12 11:05:54 ovzhost sshd[1499]: pam_unix(sshd:auth): authentication failure; logname= uid=0 euid=0 tty=ssh ruser= rhost=43.255.190.93  user=root
Apr 12 11:05:54 ovzhost sshd[1497]: Failed password for root from 43.255.190.93 port 37640 ssh2
Apr 12 11:05:55 ovzhost sshd[1499]: Failed password for root from 43.255.190.93 port 41836 ssh2
Apr 12 11:05:57 ovzhost sshd[1501]: pam_unix(sshd:auth): authentication failure; logname= uid=0 euid=0 tty=ssh ruser= rhost=43.255.190.137  user=root
Apr 12 11:05:57 ovzhost sshd[1497]: message repeated 2 times: [ Failed password for root from 43.255.190.93 port 37640 ssh2]
Apr 12 11:05:57 ovzhost sshd[1497]: Received disconnect from 43.255.190.93: 11:  [preauth]
Apr 12 11:05:57 ovzhost sshd[1497]: PAM 2 more authentication failures; logname= uid=0 euid=0 tty=ssh ruser= rhost=43.255.190.93  user=root
Apr 12 11:05:58 ovzhost sshd[1503]: pam_unix(sshd:auth): authentication failure; logname= uid=0 euid=0 tty=ssh ruser= rhost=43.255.190.93  user=root
Apr 12 11:05:59 ovzhost sshd[1501]: Failed password for root from 43.255.190.137 port 59684 ssh2
Apr 12 11:05:59 ovzhost sshd[1499]: message repeated 2 times: [ Failed password for root from 43.255.190.93 port 41836 ssh2]
Apr 12 11:05:59 ovzhost sshd[1499]: Received disconnect from 43.255.190.93: 11:  [preauth]
Apr 12 11:05:59 ovzhost sshd[1499]: PAM 2 more authentication failures; logname= uid=0 euid=0 tty=ssh ruser= rhost=43.255.190.93  user=root
Apr 12 11:06:00 ovzhost sshd[1505]: pam_unix(sshd:auth): authentication failure; logname= uid=0 euid=0 tty=ssh ruser= rhost=43.255.190.93  user=root
Apr 12 11:06:01 ovzhost sshd[1503]: Failed password for root from 43.255.190.93 port 53834 ssh2
Apr 12 11:06:02 ovzhost sshd[1505]: Failed password for root from 43.255.190.93 port 58060 ssh2
Apr 12 11:06:04 ovzhost sshd[1501]: message repeated 2 times: [ Failed password for root from 43.255.190.137 port 59684 ssh2]
Apr 12 11:06:04 ovzhost sshd[1501]: Received disconnect from 43.255.190.137: 11:  [preauth]
Apr 12 11:06:04 ovzhost sshd[1501]: PAM 2 more authentication failures; logname= uid=0 euid=0 tty=ssh ruser= rhost=43.255.190.137  user=root
Apr 12 11:06:04 ovzhost sshd[1509]: pam_unix(sshd:auth): authentication failure; logname= uid=0 euid=0 tty=ssh ruser= rhost=43.255.190.137  user=root
Apr 12 11:06:04 ovzhost sshd[1503]: message repeated 2 times: [ Failed password for root from 43.255.190.93 port 53834 ssh2]
Apr 12 11:06:05 ovzhost sshd[1503]: Received disconnect from 43.255.190.93: 11:  [preauth]
Apr 12 11:06:05 ovzhost sshd[1503]: PAM 2 more authentication failures; logname= uid=0 euid=0 tty=ssh ruser= rhost=43.255.190.93  user=root
Apr 12 11:06:05 ovzhost sshd[1511]: pam_unix(sshd:auth): authentication failure; logname= uid=0 euid=0 tty=ssh ruser= rhost=43.255.190.93  user=root
Apr 12 11:06:06 ovzhost sshd[1509]: Failed password for root from 43.255.190.137 port 49661 ssh2
Apr 12 11:06:06 ovzhost sshd[1505]: message repeated 2 times: [ Failed password for root from 43.255.190.93 port 58060 ssh2]
Apr 12 11:06:07 ovzhost sshd[1505]: Received disconnect from 43.255.190.93: 11:  [preauth]
Apr 12 11:06:07 ovzhost sshd[1505]: PAM 2 more authentication failures; logname= uid=0 euid=0 tty=ssh ruser= rhost=43.255.190.93  user=root
Apr 12 11:06:07 ovzhost sshd[1513]: pam_unix(sshd:auth): authentication failure; logname= uid=0 euid=0 tty=ssh ruser= rhost=43.255.190.93  user=root
Apr 12 11:06:08 ovzhost sshd[1511]: Failed password for root from 43.255.190.93 port 42544 ssh2
Apr 12 11:06:09 ovzhost sshd[1513]: Failed password for root from 43.255.190.93 port 47610 ssh2
Apr 12 11:06:10 ovzhost sshd[1509]: message repeated 2 times: [ Failed password for root from 43.255.190.137 port 49661 ssh2]
Apr 12 11:06:10 ovzhost sshd[1509]: Received disconnect from 43.255.190.137: 11:  [preauth]
Apr 12 11:06:10 ovzhost sshd[1509]: PAM 2 more authentication failures; logname= uid=0 euid=0 tty=ssh ruser= rhost=43.255.190.137  user=root
Apr 12 11:06:10 ovzhost sshd[1463]: Connection closed by 43.255.190.137 [preauth]
Apr 12 11:06:12 ovzhost sshd[1511]: message repeated 2 times: [ Failed password for root from 43.255.190.93 port 42544 ssh2]
Apr 12 11:06:12 ovzhost sshd[1511]: Received disconnect from 43.255.190.93: 11:  [preauth]
Apr 12 11:06:12 ovzhost sshd[1511]: PAM 2 more authentication failures; logname= uid=0 euid=0 tty=ssh ruser= rhost=43.255.190.93  user=root
Apr 12 11:06:14 ovzhost sshd[1513]: message repeated 2 times: [ Failed password for root from 43.255.190.93 port 47610 ssh2]
Apr 12 11:06:14 ovzhost sshd[1513]: Received disconnect from 43.255.190.93: 11:  [preauth]
Apr 12 11:06:14 ovzhost sshd[1513]: PAM 2 more authentication failures; logname= uid=0 euid=0 tty=ssh ruser= rhost=43.255.190.93  user=root
Apr 12 11:06:34 ovzhost sshd[1515]: Connection closed by 43.255.190.137 [preauth]
Apr 12 11:07:30 ovzhost sshd[1525]: Connection closed by 127.0.0.1 [preauth]
Apr 12 11:09:01 ovzhost CRON[1536]: pam_env(cron:session): Unable to open env file: /etc/default/locale: No such file or directory
Apr 12 11:09:01 ovzhost CRON[1537]: pam_env(cron:session): Unable to open env file: /etc/default/locale: No such file or directory
Apr 12 11:09:01 ovzhost CRON[1537]: pam_unix(cron:session): session opened for user root by (uid=0)
Apr 12 11:09:01 ovzhost CRON[1536]: pam_unix(cron:session): session opened for user root by (uid=0)
Apr 12 11:09:01 ovzhost CRON[1536]: pam_unix(cron:session): session closed for user root
Apr 12 11:09:01 ovzhost CRON[1537]: pam_unix(cron:session): session closed for user root
Apr 12 11:10:26 ovzhost sshd[1553]: Connection closed by 128.8.37.104 [preauth]
Apr 12 11:12:30 ovzhost sshd[1564]: Connection closed by 127.0.0.1 [preauth]
Apr 12 11:17:30 ovzhost sshd[1584]: Connection closed by 127.0.0.1 [preauth]
Apr 12 11:20:01 ovzhost CRON[1597]: pam_env(cron:session): Unable to open env file: /etc/default/locale: No such file or directory
Apr 12 11:20:01 ovzhost CRON[1597]: pam_unix(cron:session): session opened for user smmsp by (uid=0)
Apr 12 11:20:01 ovzhost CRON[1597]: pam_unix(cron:session): session closed for user smmsp
Apr 12 11:20:26 ovzhost sshd[1624]: Connection closed by 128.8.37.104 [preauth]
Apr 12 11:22:28 ovzhost sshd[1634]: Invalid user admin from 193.104.41.53
Apr 12 11:22:28 ovzhost sshd[1634]: input_userauth_request: invalid user admin [preauth]
Apr 12 11:22:28 ovzhost sshd[1634]: pam_unix(sshd:auth): check pass; user unknown
Apr 12 11:22:28 ovzhost sshd[1634]: pam_unix(sshd:auth): authentication failure; logname= uid=0 euid=0 tty=ssh ruser= rhost=193.104.41.53 
Apr 12 11:22:30 ovzhost sshd[1637]: Connection closed by 127.0.0.1 [preauth]
Apr 12 11:22:30 ovzhost sshd[1634]: Failed password for invalid user admin from 193.104.41.53 port 46723 ssh2
Apr 12 11:22:30 ovzhost sshd[1634]: Received disconnect from 193.104.41.53: 11: Bye Bye [preauth]
Apr 12 11:23:26 ovzhost sshd[1640]: pam_unix(sshd:auth): authentication failure; logname= uid=0 euid=0 tty=ssh ruser= rhost=43.255.190.177  user=root
Apr 12 11:23:28 ovzhost sshd[1640]: Failed password for root from 43.255.190.177 port 52806 ssh2
Apr 12 11:23:28 ovzhost sshd[1644]: pam_unix(sshd:auth): authentication failure; logname= uid=0 euid=0 tty=ssh ruser= rhost=43.255.190.177  user=root
Apr 12 11:23:30 ovzhost sshd[1644]: Failed password for root from 43.255.190.177 port 60391 ssh2
Apr 12 11:23:31 ovzhost sshd[1640]: message repeated 2 times: [ Failed password for root from 43.255.190.177 port 52806 ssh2]
Apr 12 11:23:32 ovzhost sshd[1640]: Received disconnect from 43.255.190.177: 11:  [preauth]
Apr 12 11:23:32 ovzhost sshd[1640]: PAM 2 more authentication failures; logname= uid=0 euid=0 tty=ssh ruser= rhost=43.255.190.177  user=root
Apr 12 11:23:32 ovzhost sshd[1646]: pam_unix(sshd:auth): authentication failure; logname= uid=0 euid=0 tty=ssh ruser= rhost=43.255.190.177  user=root
Apr 12 11:23:32 ovzhost sshd[1648]: pam_unix(sshd:auth): authentication failure; logname= uid=0 euid=0 tty=ssh ruser= rhost=43.255.190.166  user=root
Apr 12 11:23:34 ovzhost sshd[1644]: message repeated 2 times: [ Failed password for root from 43.255.190.177 port 60391 ssh2]
Apr 12 11:23:34 ovzhost sshd[1644]: Received disconnect from 43.255.190.177: 11:  [preauth]
Apr 12 11:23:34 ovzhost sshd[1644]: PAM 2 more authentication failures; logname= uid=0 euid=0 tty=ssh ruser= rhost=43.255.190.177  user=root
Apr 12 11:23:34 ovzhost sshd[1646]: Failed password for root from 43.255.190.177 port 42399 ssh2
Apr 12 11:23:34 ovzhost sshd[1648]: Failed password for root from 43.255.190.166 port 45104 ssh2
Apr 12 11:23:34 ovzhost sshd[1650]: pam_unix(sshd:auth): authentication failure; logname= uid=0 euid=0 tty=ssh ruser= rhost=43.255.190.177  user=root
Apr 12 11:23:35 ovzhost sshd[1650]: Failed password for root from 43.255.190.177 port 48179 ssh2
Apr 12 11:23:37 ovzhost sshd[1646]: message repeated 2 times: [ Failed password for root from 43.255.190.177 port 42399 ssh2]
Apr 12 11:23:37 ovzhost sshd[1646]: Received disconnect from 43.255.190.177: 11:  [preauth]
Apr 12 11:23:37 ovzhost sshd[1646]: PAM 2 more authentication failures; logname= uid=0 euid=0 tty=ssh ruser= rhost=43.255.190.177  user=root
Apr 12 11:23:37 ovzhost sshd[1648]: message repeated 2 times: [ Failed password for root from 43.255.190.166 port 45104 ssh2]
Apr 12 11:23:38 ovzhost sshd[1648]: Received disconnect from 43.255.190.166: 11:  [preauth]
Apr 12 11:23:38 ovzhost sshd[1648]: PAM 2 more authentication failures; logname= uid=0 euid=0 tty=ssh ruser= rhost=43.255.190.166  user=root
Apr 12 11:23:39 ovzhost sshd[1652]: pam_unix(sshd:auth): authentication failure; logname= uid=0 euid=0 tty=ssh ruser= rhost=43.255.190.166  user=root
Apr 12 11:23:39 ovzhost sshd[1654]: pam_unix(sshd:auth): authentication failure; logname= uid=0 euid=0 tty=ssh ruser= rhost=43.255.190.177  user=root
Apr 12 11:23:40 ovzhost sshd[1650]: message repeated 2 times: [ Failed password for root from 43.255.190.177 port 48179 ssh2]
Apr 12 11:23:40 ovzhost sshd[1650]: Received disconnect from 43.255.190.177: 11:  [preauth]
Apr 12 11:23:40 ovzhost sshd[1650]: PAM 2 more authentication failures; logname= uid=0 euid=0 tty=ssh ruser= rhost=43.255.190.177  user=root
Apr 12 11:23:41 ovzhost sshd[1656]: pam_unix(sshd:auth): authentication failure; logname= uid=0 euid=0 tty=ssh ruser= rhost=43.255.190.177  user=root
Apr 12 11:23:41 ovzhost sshd[1652]: Failed password for root from 43.255.190.166 port 33931 ssh2
Apr 12 11:23:41 ovzhost sshd[1654]: Failed password for root from 43.255.190.177 port 57794 ssh2
Apr 12 11:23:42 ovzhost sshd[1656]: Failed password for root from 43.255.190.177 port 37611 ssh2
Apr 12 11:23:45 ovzhost sshd[1652]: message repeated 2 times: [ Failed password for root from 43.255.190.166 port 33931 ssh2]
Apr 12 11:23:45 ovzhost sshd[1652]: Received disconnect from 43.255.190.166: 11:  [preauth]
Apr 12 11:23:45 ovzhost sshd[1652]: PAM 2 more authentication failures; logname= uid=0 euid=0 tty=ssh ruser= rhost=43.255.190.166  user=root
Apr 12 11:23:45 ovzhost sshd[1654]: message repeated 2 times: [ Failed password for root from 43.255.190.177 port 57794 ssh2]
Apr 12 11:23:45 ovzhost sshd[1654]: Received disconnect from 43.255.190.177: 11:  [preauth]
Apr 12 11:23:45 ovzhost sshd[1654]: PAM 2 more authentication failures; logname= uid=0 euid=0 tty=ssh ruser= rhost=43.255.190.177  user=root
Apr 12 11:23:45 ovzhost sshd[1658]: pam_unix(sshd:auth): authentication failure; logname= uid=0 euid=0 tty=ssh ruser= rhost=43.255.190.166  user=root
Apr 12 11:23:46 ovzhost sshd[1660]: pam_unix(sshd:auth): authentication failure; logname= uid=0 euid=0 tty=ssh ruser= rhost=43.255.190.177  user=root
Apr 12 11:23:46 ovzhost sshd[1656]: message repeated 2 times: [ Failed password for root from 43.255.190.177 port 37611 ssh2]
Apr 12 11:23:46 ovzhost sshd[1656]: Received disconnect from 43.255.190.177: 11:  [preauth]
Apr 12 11:23:46 ovzhost sshd[1656]: PAM 2 more authentication failures; logname= uid=0 euid=0 tty=ssh ruser= rhost=43.255.190.177  user=root
Apr 12 11:23:47 ovzhost sshd[1662]: pam_unix(sshd:auth): authentication failure; logname= uid=0 euid=0 tty=ssh ruser= rhost=43.255.190.177  user=root
Apr 12 11:23:47 ovzhost sshd[1660]: Failed password for root from 43.255.190.177 port 49902 ssh2
Apr 12 11:23:48 ovzhost sshd[1658]: Failed password for root from 43.255.190.166 port 52373 ssh2
Apr 12 11:23:49 ovzhost sshd[1662]: Failed password for root from 43.255.190.177 port 53809 ssh2
Apr 12 11:23:51 ovzhost sshd[1660]: message repeated 2 times: [ Failed password for root from 43.255.190.177 port 49902 ssh2]
Apr 12 11:23:51 ovzhost sshd[1660]: Received disconnect from 43.255.190.177: 11:  [preauth]
Apr 12 11:23:51 ovzhost sshd[1660]: PAM 2 more authentication failures; logname= uid=0 euid=0 tty=ssh ruser= rhost=43.255.190.177  user=root
Apr 12 11:23:51 ovzhost sshd[1658]: message repeated 2 times: [ Failed password for root from 43.255.190.166 port 52373 ssh2]
Apr 12 11:23:51 ovzhost sshd[1658]: Received disconnect from 43.255.190.166: 11:  [preauth]
Apr 12 11:23:51 ovzhost sshd[1658]: PAM 2 more authentication failures; logname= uid=0 euid=0 tty=ssh ruser= rhost=43.255.190.166  user=root
Apr 12 11:23:52 ovzhost sshd[1666]: pam_unix(sshd:auth): authentication failure; logname= uid=0 euid=0 tty=ssh ruser= rhost=43.255.190.177  user=root
Apr 12 11:23:52 ovzhost sshd[1668]: pam_unix(sshd:auth): authentication failure; logname= uid=0 euid=0 tty=ssh ruser= rhost=43.255.190.166  user=root
Apr 12 11:23:53 ovzhost sshd[1662]: message repeated 2 times: [ Failed password for root from 43.255.190.177 port 53809 ssh2]
Apr 12 11:23:53 ovzhost sshd[1662]: Received disconnect from 43.255.190.177: 11:  [preauth]
Apr 12 11:23:53 ovzhost sshd[1662]: PAM 2 more authentication failures; logname= uid=0 euid=0 tty=ssh ruser= rhost=43.255.190.177  user=root
Apr 12 11:23:53 ovzhost sshd[1666]: Failed password for root from 43.255.190.177 port 37279 ssh2
Apr 12 11:23:53 ovzhost sshd[1668]: Failed password for root from 43.255.190.166 port 43066 ssh2
Apr 12 11:23:54 ovzhost sshd[1670]: pam_unix(sshd:auth): authentication failure; logname= uid=0 euid=0 tty=ssh ruser= rhost=43.255.190.177  user=root
Apr 12 11:23:55 ovzhost sshd[1670]: Failed password for root from 43.255.190.177 port 42932 ssh2
Apr 12 11:23:56 ovzhost sshd[1666]: message repeated 2 times: [ Failed password for root from 43.255.190.177 port 37279 ssh2]
Apr 12 11:23:56 ovzhost sshd[1666]: Received disconnect from 43.255.190.177: 11:  [preauth]
Apr 12 11:23:56 ovzhost sshd[1666]: PAM 2 more authentication failures; logname= uid=0 euid=0 tty=ssh ruser= rhost=43.255.190.177  user=root
Apr 12 11:23:56 ovzhost sshd[1668]: message repeated 2 times: [ Failed password for root from 43.255.190.166 port 43066 ssh2]
Apr 12 11:23:57 ovzhost sshd[1668]: Received disconnect from 43.255.190.166: 11:  [preauth]
Apr 12 11:23:57 ovzhost sshd[1668]: PAM 2 more authentication failures; logname= uid=0 euid=0 tty=ssh ruser= rhost=43.255.190.166  user=root
Apr 12 11:23:57 ovzhost sshd[1674]: pam_unix(sshd:auth): authentication failure; logname= uid=0 euid=0 tty=ssh ruser= rhost=43.255.190.177  user=root
Apr 12 11:23:57 ovzhost sshd[1676]: pam_unix(sshd:auth): authentication failure; logname= uid=0 euid=0 tty=ssh ruser= rhost=43.255.190.166  user=root
Apr 12 11:24:00 ovzhost sshd[1674]: Failed password for root from 43.255.190.177 port 51522 ssh2
Apr 12 11:24:00 ovzhost sshd[1676]: Failed password for root from 43.255.190.166 port 58222 ssh2
Apr 12 11:24:00 ovzhost sshd[1670]: message repeated 2 times: [ Failed password for root from 43.255.190.177 port 42932 ssh2]
Apr 12 11:24:00 ovzhost sshd[1670]: Received disconnect from 43.255.190.177: 11:  [preauth]
Apr 12 11:24:00 ovzhost sshd[1670]: PAM 2 more authentication failures; logname= uid=0 euid=0 tty=ssh ruser= rhost=43.255.190.177  user=root
Apr 12 11:24:01 ovzhost sshd[1678]: pam_unix(sshd:auth): authentication failure; logname= uid=0 euid=0 tty=ssh ruser= rhost=43.255.190.177  user=root
Apr 12 11:24:03 ovzhost sshd[1678]: Failed password for root from 43.255.190.177 port 60816 ssh2
Apr 12 11:24:04 ovzhost sshd[1674]: message repeated 2 times: [ Failed password for root from 43.255.190.177 port 51522 ssh2]
Apr 12 11:24:04 ovzhost sshd[1674]: Received disconnect from 43.255.190.177: 11:  [preauth]
Apr 12 11:24:04 ovzhost sshd[1674]: PAM 2 more authentication failures; logname= uid=0 euid=0 tty=ssh ruser= rhost=43.255.190.177  user=root
Apr 12 11:24:04 ovzhost sshd[1676]: message repeated 2 times: [ Failed password for root from 43.255.190.166 port 58222 ssh2]
Apr 12 11:24:04 ovzhost sshd[1676]: Received disconnect from 43.255.190.166: 11:  [preauth]
Apr 12 11:24:04 ovzhost sshd[1676]: PAM 2 more authentication failures; logname= uid=0 euid=0 tty=ssh ruser= rhost=43.255.190.166  user=root
Apr 12 11:24:06 ovzhost sshd[1680]: pam_unix(sshd:auth): authentication failure; logname= uid=0 euid=0 tty=ssh ruser= rhost=43.255.190.177  user=root
Apr 12 11:24:06 ovzhost sshd[1682]: pam_unix(sshd:auth): authentication failure; logname= uid=0 euid=0 tty=ssh ruser= rhost=43.255.190.166  user=root
Apr 12 11:24:07 ovzhost sshd[1680]: Failed password for root from 43.255.190.177 port 39333 ssh2
Apr 12 11:24:07 ovzhost sshd[1678]: message repeated 2 times: [ Failed password for root from 43.255.190.177 port 60816 ssh2]
Apr 12 11:24:07 ovzhost sshd[1678]: Received disconnect from 43.255.190.177: 11:  [preauth]
Apr 12 11:24:07 ovzhost sshd[1678]: PAM 2 more authentication failures; logname= uid=0 euid=0 tty=ssh ruser= rhost=43.255.190.177  user=root
Apr 12 11:24:08 ovzhost sshd[1682]: Failed password for root from 43.255.190.166 port 45986 ssh2
Apr 12 11:24:08 ovzhost sshd[1684]: pam_unix(sshd:auth): authentication failure; logname= uid=0 euid=0 tty=ssh ruser= rhost=43.255.190.177  user=root
Apr 12 11:24:10 ovzhost sshd[1684]: Failed password for root from 43.255.190.177 port 47138 ssh2
Apr 12 11:24:12 ovzhost sshd[1682]: message repeated 2 times: [ Failed password for root from 43.255.190.166 port 45986 ssh2]
Apr 12 11:24:12 ovzhost sshd[1682]: Received disconnect from 43.255.190.166: 11:  [preauth]
Apr 12 11:24:12 ovzhost sshd[1682]: PAM 2 more authentication failures; logname= uid=0 euid=0 tty=ssh ruser= rhost=43.255.190.166  user=root
Apr 12 11:24:12 ovzhost sshd[1680]: message repeated 2 times: [ Failed password for root from 43.255.190.177 port 39333 ssh2]
Apr 12 11:24:12 ovzhost sshd[1680]: Received disconnect from 43.255.190.177: 11:  [preauth]
Apr 12 11:24:12 ovzhost sshd[1680]: PAM 2 more authentication failures; logname= uid=0 euid=0 tty=ssh ruser= rhost=43.255.190.177  user=root
Apr 12 11:24:12 ovzhost sshd[1686]: pam_unix(sshd:auth): authentication failure; logname= uid=0 euid=0 tty=ssh ruser= rhost=43.255.190.166  user=root
Apr 12 11:24:12 ovzhost sshd[1688]: pam_unix(sshd:auth): authentication failure; logname= uid=0 euid=0 tty=ssh ruser= rhost=43.255.190.177  user=root
Apr 12 11:24:14 ovzhost sshd[1684]: message repeated 2 times: [ Failed password for root from 43.255.190.177 port 47138 ssh2]
Apr 12 11:24:14 ovzhost sshd[1684]: Received disconnect from 43.255.190.177: 11:  [preauth]
Apr 12 11:24:14 ovzhost sshd[1684]: PAM 2 more authentication failures; logname= uid=0 euid=0 tty=ssh ruser= rhost=43.255.190.177  user=root
Apr 12 11:24:14 ovzhost sshd[1686]: Failed password for root from 43.255.190.166 port 33607 ssh2
Apr 12 11:24:14 ovzhost sshd[1688]: Failed password for root from 43.255.190.177 port 55998 ssh2
Apr 12 11:24:14 ovzhost sshd[1690]: pam_unix(sshd:auth): authentication failure; logname= uid=0 euid=0 tty=ssh ruser= rhost=43.255.190.177  user=root
Apr 12 11:24:16 ovzhost sshd[1690]: Failed password for root from 43.255.190.177 port 60242 ssh2
Apr 12 11:24:17 ovzhost sshd[1686]: message repeated 2 times: [ Failed password for root from 43.255.190.166 port 33607 ssh2]
Apr 12 11:24:17 ovzhost sshd[1686]: Received disconnect from 43.255.190.166: 11:  [preauth]
Apr 12 11:24:17 ovzhost sshd[1686]: PAM 2 more authentication failures; logname= uid=0 euid=0 tty=ssh ruser= rhost=43.255.190.166  user=root
Apr 12 11:24:17 ovzhost sshd[1688]: message repeated 2 times: [ Failed password for root from 43.255.190.177 port 55998 ssh2]
Apr 12 11:24:18 ovzhost sshd[1688]: Received disconnect from 43.255.190.177: 11:  [preauth]
Apr 12 11:24:18 ovzhost sshd[1688]: PAM 2 more authentication failures; logname= uid=0 euid=0 tty=ssh ruser= rhost=43.255.190.177  user=root
Apr 12 11:24:18 ovzhost sshd[1692]: pam_unix(sshd:auth): authentication failure; logname= uid=0 euid=0 tty=ssh ruser= rhost=43.255.190.166  user=root
Apr 12 11:24:18 ovzhost sshd[1694]: pam_unix(sshd:auth): authentication failure; logname= uid=0 euid=0 tty=ssh ruser= rhost=43.255.190.177  user=root
Apr 12 11:24:20 ovzhost sshd[1690]: message repeated 2 times: [ Failed password for root from 43.255.190.177 port 60242 ssh2]
Apr 12 11:24:20 ovzhost sshd[1690]: Received disconnect from 43.255.190.177: 11:  [preauth]
Apr 12 11:24:20 ovzhost sshd[1690]: PAM 2 more authentication failures; logname= uid=0 euid=0 tty=ssh ruser= rhost=43.255.190.177  user=root
Apr 12 11:24:20 ovzhost sshd[1692]: Failed password for root from 43.255.190.166 port 46747 ssh2
Apr 12 11:24:20 ovzhost sshd[1694]: Failed password for root from 43.255.190.177 port 40831 ssh2
Apr 12 11:24:20 ovzhost sshd[1696]: pam_unix(sshd:auth): authentication failure; logname= uid=0 euid=0 tty=ssh ruser= rhost=43.255.190.177  user=root
Apr 12 11:24:23 ovzhost sshd[1696]: Failed password for root from 43.255.190.177 port 45668 ssh2
Apr 12 11:24:24 ovzhost sshd[1694]: message repeated 2 times: [ Failed password for root from 43.255.190.177 port 40831 ssh2]
Apr 12 11:24:24 ovzhost sshd[1694]: Received disconnect from 43.255.190.177: 11:  [preauth]
Apr 12 11:24:24 ovzhost sshd[1694]: PAM 2 more authentication failures; logname= uid=0 euid=0 tty=ssh ruser= rhost=43.255.190.177  user=root
Apr 12 11:24:24 ovzhost sshd[1692]: message repeated 2 times: [ Failed password for root from 43.255.190.166 port 46747 ssh2]
Apr 12 11:24:24 ovzhost sshd[1692]: Received disconnect from 43.255.190.166: 11:  [preauth]
Apr 12 11:24:24 ovzhost sshd[1692]: PAM 2 more authentication failures; logname= uid=0 euid=0 tty=ssh ruser= rhost=43.255.190.166  user=root
Apr 12 11:24:25 ovzhost sshd[1698]: pam_unix(sshd:auth): authentication failure; logname= uid=0 euid=0 tty=ssh ruser= rhost=43.255.190.177  user=root
Apr 12 11:24:25 ovzhost sshd[1700]: pam_unix(sshd:auth): authentication failure; logname= uid=0 euid=0 tty=ssh ruser= rhost=43.255.190.166  user=root
Apr 12 11:24:26 ovzhost sshd[1696]: message repeated 2 times: [ Failed password for root from 43.255.190.177 port 45668 ssh2]
Apr 12 11:24:26 ovzhost sshd[1696]: Received disconnect from 43.255.190.177: 11:  [preauth]
Apr 12 11:24:26 ovzhost sshd[1696]: PAM 2 more authentication failures; logname= uid=0 euid=0 tty=ssh ruser= rhost=43.255.190.177  user=root
Apr 12 11:24:27 ovzhost sshd[1702]: pam_unix(sshd:auth): authentication failure; logname= uid=0 euid=0 tty=ssh ruser= rhost=43.255.190.177  user=root
Apr 12 11:24:27 ovzhost sshd[1698]: Failed password for root from 43.255.190.177 port 54255 ssh2
Apr 12 11:24:27 ovzhost sshd[1700]: Failed password for root from 43.255.190.166 port 59925 ssh2
Apr 12 11:24:29 ovzhost sshd[1702]: Failed password for root from 43.255.190.177 port 58614 ssh2
Apr 12 11:24:31 ovzhost sshd[1700]: message repeated 2 times: [ Failed password for root from 43.255.190.166 port 59925 ssh2]
Apr 12 11:24:31 ovzhost sshd[1700]: Received disconnect from 43.255.190.166: 11:  [preauth]
Apr 12 11:24:31 ovzhost sshd[1700]: PAM 2 more authentication failures; logname= uid=0 euid=0 tty=ssh ruser= rhost=43.255.190.166  user=root
Apr 12 11:24:32 ovzhost sshd[1704]: pam_unix(sshd:auth): authentication failure; logname= uid=0 euid=0 tty=ssh ruser= rhost=43.255.190.166  user=root
Apr 12 11:24:33 ovzhost sshd[1702]: message repeated 2 times: [ Failed password for root from 43.255.190.177 port 58614 ssh2]
Apr 12 11:24:33 ovzhost sshd[1702]: Received disconnect from 43.255.190.177: 11:  [preauth]
Apr 12 11:24:33 ovzhost sshd[1702]: PAM 2 more authentication failures; logname= uid=0 euid=0 tty=ssh ruser= rhost=43.255.190.177  user=root
Apr 12 11:24:33 ovzhost sshd[1698]: message repeated 2 times: [ Failed password for root from 43.255.190.177 port 54255 ssh2]
Apr 12 11:24:33 ovzhost sshd[1698]: Received disconnect from 43.255.190.177: 11:  [preauth]
Apr 12 11:24:33 ovzhost sshd[1698]: PAM 2 more authentication failures; logname= uid=0 euid=0 tty=ssh ruser= rhost=43.255.190.177  user=root
Apr 12 11:24:34 ovzhost sshd[1706]: pam_unix(sshd:auth): authentication failure; logname= uid=0 euid=0 tty=ssh ruser= rhost=43.255.190.177  user=root
Apr 12 11:24:34 ovzhost sshd[1708]: pam_unix(sshd:auth): authentication failure; logname= uid=0 euid=0 tty=ssh ruser= rhost=43.255.190.177  user=root
Apr 12 11:24:34 ovzhost sshd[1704]: Failed password for root from 43.255.190.166 port 45033 ssh2
Apr 12 11:24:35 ovzhost sshd[1706]: Failed password for root from 43.255.190.177 port 44743 ssh2
Apr 12 11:24:35 ovzhost sshd[1708]: Failed password for root from 43.255.190.177 port 44896 ssh2
Apr 12 11:24:38 ovzhost sshd[1704]: message repeated 2 times: [ Failed password for root from 43.255.190.166 port 45033 ssh2]
Apr 12 11:24:38 ovzhost sshd[1704]: Received disconnect from 43.255.190.166: 11:  [preauth]
Apr 12 11:24:38 ovzhost sshd[1704]: PAM 2 more authentication failures; logname= uid=0 euid=0 tty=ssh ruser= rhost=43.255.190.166  user=root
Apr 12 11:24:38 ovzhost sshd[1710]: pam_unix(sshd:auth): authentication failure; logname= uid=0 euid=0 tty=ssh ruser= rhost=43.255.190.166  user=root
Apr 12 11:24:39 ovzhost sshd[1706]: message repeated 2 times: [ Failed password for root from 43.255.190.177 port 44743 ssh2]
Apr 12 11:24:39 ovzhost sshd[1706]: Received disconnect from 43.255.190.177: 11:  [preauth]
Apr 12 11:24:39 ovzhost sshd[1706]: PAM 2 more authentication failures; logname= uid=0 euid=0 tty=ssh ruser= rhost=43.255.190.177  user=root
Apr 12 11:24:40 ovzhost sshd[1708]: message repeated 2 times: [ Failed password for root from 43.255.190.177 port 44896 ssh2]
Apr 12 11:24:40 ovzhost sshd[1708]: Received disconnect from 43.255.190.177: 11:  [preauth]
Apr 12 11:24:40 ovzhost sshd[1708]: PAM 2 more authentication failures; logname= uid=0 euid=0 tty=ssh ruser= rhost=43.255.190.177  user=root
Apr 12 11:24:40 ovzhost sshd[1712]: pam_unix(sshd:auth): authentication failure; logname= uid=0 euid=0 tty=ssh ruser= rhost=43.255.190.177  user=root
Apr 12 11:24:40 ovzhost sshd[1714]: pam_unix(sshd:auth): authentication failure; logname= uid=0 euid=0 tty=ssh ruser= rhost=43.255.190.177  user=root
Apr 12 11:24:40 ovzhost sshd[1710]: Failed password for root from 43.255.190.166 port 60268 ssh2
Apr 12 11:24:42 ovzhost sshd[1712]: Failed password for root from 43.255.190.177 port 60453 ssh2
Apr 12 11:24:42 ovzhost sshd[1714]: Failed password for root from 43.255.190.177 port 33077 ssh2
Apr 12 11:24:44 ovzhost sshd[1710]: message repeated 2 times: [ Failed password for root from 43.255.190.166 port 60268 ssh2]
Apr 12 11:24:44 ovzhost sshd[1710]: Received disconnect from 43.255.190.166: 11:  [preauth]
Apr 12 11:24:44 ovzhost sshd[1710]: PAM 2 more authentication failures; logname= uid=0 euid=0 tty=ssh ruser= rhost=43.255.190.166  user=root
Apr 12 11:24:45 ovzhost sshd[1716]: pam_unix(sshd:auth): authentication failure; logname= uid=0 euid=0 tty=ssh ruser= rhost=43.255.190.166  user=root
Apr 12 11:24:46 ovzhost sshd[1712]: message repeated 2 times: [ Failed password for root from 43.255.190.177 port 60453 ssh2]
Apr 12 11:24:46 ovzhost sshd[1712]: Received disconnect from 43.255.190.177: 11:  [preauth]
Apr 12 11:24:46 ovzhost sshd[1712]: PAM 2 more authentication failures; logname= uid=0 euid=0 tty=ssh ruser= rhost=43.255.190.177  user=root
Apr 12 11:24:46 ovzhost sshd[1714]: message repeated 2 times: [ Failed password for root from 43.255.190.177 port 33077 ssh2]
Apr 12 11:24:46 ovzhost sshd[1714]: Received disconnect from 43.255.190.177: 11:  [preauth]
Apr 12 11:24:46 ovzhost sshd[1714]: PAM 2 more authentication failures; logname= uid=0 euid=0 tty=ssh ruser= rhost=43.255.190.177  user=root
Apr 12 11:24:47 ovzhost sshd[1718]: pam_unix(sshd:auth): authentication failure; logname= uid=0 euid=0 tty=ssh ruser= rhost=43.255.190.177  user=root
Apr 12 11:24:47 ovzhost sshd[1720]: pam_unix(sshd:auth): authentication failure; logname= uid=0 euid=0 tty=ssh ruser= rhost=43.255.190.177  user=root
Apr 12 11:24:47 ovzhost sshd[1716]: Failed password for root from 43.255.190.166 port 46922 ssh2
Apr 12 11:24:48 ovzhost sshd[1718]: Failed password for root from 43.255.190.177 port 48516 ssh2
Apr 12 11:24:48 ovzhost sshd[1720]: Failed password for root from 43.255.190.177 port 49729 ssh2
Apr 12 11:24:50 ovzhost sshd[1716]: message repeated 2 times: [ Failed password for root from 43.255.190.166 port 46922 ssh2]
Apr 12 11:24:51 ovzhost sshd[1716]: Received disconnect from 43.255.190.166: 11:  [preauth]
Apr 12 11:24:51 ovzhost sshd[1716]: PAM 2 more authentication failures; logname= uid=0 euid=0 tty=ssh ruser= rhost=43.255.190.166  user=root
Apr 12 11:24:51 ovzhost sshd[1722]: pam_unix(sshd:auth): authentication failure; logname= uid=0 euid=0 tty=ssh ruser= rhost=43.255.190.166  user=root
Apr 12 11:24:52 ovzhost sshd[1718]: message repeated 2 times: [ Failed password for root from 43.255.190.177 port 48516 ssh2]
Apr 12 11:24:52 ovzhost sshd[1718]: Received disconnect from 43.255.190.177: 11:  [preauth]
Apr 12 11:24:52 ovzhost sshd[1718]: PAM 2 more authentication failures; logname= uid=0 euid=0 tty=ssh ruser= rhost=43.255.190.177  user=root
Apr 12 11:24:52 ovzhost sshd[1720]: message repeated 2 times: [ Failed password for root from 43.255.190.177 port 49729 ssh2]
Apr 12 11:24:52 ovzhost sshd[1720]: Received disconnect from 43.255.190.177: 11:  [preauth]
Apr 12 11:24:52 ovzhost sshd[1720]: PAM 2 more authentication failures; logname= uid=0 euid=0 tty=ssh ruser= rhost=43.255.190.177  user=root
Apr 12 11:24:53 ovzhost sshd[1722]: Failed password for root from 43.255.190.166 port 33729 ssh2
Apr 12 11:24:54 ovzhost sshd[1724]: pam_unix(sshd:auth): authentication failure; logname= uid=0 euid=0 tty=ssh ruser= rhost=43.255.190.177  user=root
Apr 12 11:24:54 ovzhost sshd[1726]: pam_unix(sshd:auth): authentication failure; logname= uid=0 euid=0 tty=ssh ruser= rhost=43.255.190.177  user=root
Apr 12 11:24:55 ovzhost sshd[1724]: Failed password for root from 43.255.190.177 port 36531 ssh2
Apr 12 11:24:56 ovzhost sshd[1726]: Failed password for root from 43.255.190.177 port 37044 ssh2
Apr 12 11:24:58 ovzhost sshd[1722]: message repeated 2 times: [ Failed password for root from 43.255.190.166 port 33729 ssh2]
Apr 12 11:24:58 ovzhost sshd[1722]: Received disconnect from 43.255.190.166: 11:  [preauth]
Apr 12 11:24:58 ovzhost sshd[1722]: PAM 2 more authentication failures; logname= uid=0 euid=0 tty=ssh ruser= rhost=43.255.190.166  user=root
Apr 12 11:24:59 ovzhost sshd[1729]: pam_unix(sshd:auth): authentication failure; logname= uid=0 euid=0 tty=ssh ruser= rhost=43.255.190.166  user=root
Apr 12 11:25:00 ovzhost sshd[1724]: message repeated 2 times: [ Failed password for root from 43.255.190.177 port 36531 ssh2]
Apr 12 11:25:00 ovzhost sshd[1724]: Received disconnect from 43.255.190.177: 11:  [preauth]
Apr 12 11:25:00 ovzhost sshd[1724]: PAM 2 more authentication failures; logname= uid=0 euid=0 tty=ssh ruser= rhost=43.255.190.177  user=root
Apr 12 11:25:00 ovzhost sshd[1726]: message repeated 2 times: [ Failed password for root from 43.255.190.177 port 37044 ssh2]
Apr 12 11:25:00 ovzhost sshd[1726]: Received disconnect from 43.255.190.177: 11:  [preauth]
Apr 12 11:25:00 ovzhost sshd[1726]: PAM 2 more authentication failures; logname= uid=0 euid=0 tty=ssh ruser= rhost=43.255.190.177  user=root
Apr 12 11:25:00 ovzhost sshd[1729]: Failed password for root from 43.255.190.166 port 51217 ssh2
Apr 12 11:25:00 ovzhost sshd[1731]: pam_unix(sshd:auth): authentication failure; logname= uid=0 euid=0 tty=ssh ruser= rhost=43.255.190.177  user=root
Apr 12 11:25:01 ovzhost sshd[1733]: pam_unix(sshd:auth): authentication failure; logname= uid=0 euid=0 tty=ssh ruser= rhost=43.255.190.177  user=root
Apr 12 11:25:02 ovzhost sshd[1731]: Failed password for root from 43.255.190.177 port 55142 ssh2
Apr 12 11:25:02 ovzhost sshd[1733]: Failed password for root from 43.255.190.177 port 55945 ssh2
Apr 12 11:25:04 ovzhost sshd[1729]: message repeated 2 times: [ Failed password for root from 43.255.190.166 port 51217 ssh2]
Apr 12 11:25:04 ovzhost sshd[1729]: Received disconnect from 43.255.190.166: 11:  [preauth]
Apr 12 11:25:04 ovzhost sshd[1729]: PAM 2 more authentication failures; logname= uid=0 euid=0 tty=ssh ruser= rhost=43.255.190.166  user=root
Apr 12 11:25:05 ovzhost sshd[1735]: pam_unix(sshd:auth): authentication failure; logname= uid=0 euid=0 tty=ssh ruser= rhost=43.255.190.166  user=root
Apr 12 11:25:06 ovzhost sshd[1731]: message repeated 2 times: [ Failed password for root from 43.255.190.177 port 55142 ssh2]
Apr 12 11:25:06 ovzhost sshd[1731]: Received disconnect from 43.255.190.177: 11:  [preauth]
Apr 12 11:25:06 ovzhost sshd[1731]: PAM 2 more authentication failures; logname= uid=0 euid=0 tty=ssh ruser= rhost=43.255.190.177  user=root
Apr 12 11:25:06 ovzhost sshd[1735]: Failed password for root from 43.255.190.166 port 37477 ssh2
Apr 12 11:25:07 ovzhost sshd[1737]: pam_unix(sshd:auth): authentication failure; logname= uid=0 euid=0 tty=ssh ruser= rhost=43.255.190.177  user=root
Apr 12 11:25:07 ovzhost sshd[1733]: message repeated 2 times: [ Failed password for root from 43.255.190.177 port 55945 ssh2]
Apr 12 11:25:07 ovzhost sshd[1733]: Received disconnect from 43.255.190.177: 11:  [preauth]
Apr 12 11:25:07 ovzhost sshd[1733]: PAM 2 more authentication failures; logname= uid=0 euid=0 tty=ssh ruser= rhost=43.255.190.177  user=root
Apr 12 11:25:08 ovzhost sshd[1739]: pam_unix(sshd:auth): authentication failure; logname= uid=0 euid=0 tty=ssh ruser= rhost=43.255.190.177  user=root
Apr 12 11:25:09 ovzhost sshd[1737]: Failed password for root from 43.255.190.177 port 43660 ssh2
Apr 12 11:25:10 ovzhost sshd[1739]: Failed password for root from 43.255.190.177 port 45054 ssh2
Apr 12 11:25:11 ovzhost sshd[1735]: message repeated 2 times: [ Failed password for root from 43.255.190.166 port 37477 ssh2]
Apr 12 11:25:11 ovzhost sshd[1735]: Received disconnect from 43.255.190.166: 11:  [preauth]
Apr 12 11:25:11 ovzhost sshd[1735]: PAM 2 more authentication failures; logname= uid=0 euid=0 tty=ssh ruser= rhost=43.255.190.166  user=root
Apr 12 11:25:12 ovzhost sshd[1741]: pam_unix(sshd:auth): authentication failure; logname= uid=0 euid=0 tty=ssh ruser= rhost=43.255.190.166  user=root
Apr 12 11:25:13 ovzhost sshd[1737]: message repeated 2 times: [ Failed password for root from 43.255.190.177 port 43660 ssh2]
Apr 12 11:25:13 ovzhost sshd[1737]: Received disconnect from 43.255.190.177: 11:  [preauth]
Apr 12 11:25:13 ovzhost sshd[1737]: PAM 2 more authentication failures; logname= uid=0 euid=0 tty=ssh ruser= rhost=43.255.190.177  user=root
Apr 12 11:25:14 ovzhost sshd[1741]: Failed password for root from 43.255.190.166 port 53182 ssh2
Apr 12 11:25:14 ovzhost sshd[1739]: message repeated 2 times: [ Failed password for root from 43.255.190.177 port 45054 ssh2]
Apr 12 11:25:14 ovzhost sshd[1739]: Received disconnect from 43.255.190.177: 11:  [preauth]
Apr 12 11:25:14 ovzhost sshd[1739]: PAM 2 more authentication failures; logname= uid=0 euid=0 tty=ssh ruser= rhost=43.255.190.177  user=root
Apr 12 11:25:14 ovzhost sshd[1743]: pam_unix(sshd:auth): authentication failure; logname= uid=0 euid=0 tty=ssh ruser= rhost=43.255.190.177  user=root
Apr 12 11:25:14 ovzhost sshd[1745]: pam_unix(sshd:auth): authentication failure; logname= uid=0 euid=0 tty=ssh ruser= rhost=43.255.190.177  user=root
Apr 12 11:25:16 ovzhost sshd[1743]: Failed password for root from 43.255.190.177 port 32787 ssh2
Apr 12 11:25:17 ovzhost sshd[1745]: Failed password for root from 43.255.190.177 port 34050 ssh2
Apr 12 11:25:18 ovzhost sshd[1741]: message repeated 2 times: [ Failed password for root from 43.255.190.166 port 53182 ssh2]
Apr 12 11:25:19 ovzhost sshd[1741]: Received disconnect from 43.255.190.166: 11:  [preauth]
Apr 12 11:25:19 ovzhost sshd[1741]: PAM 2 more authentication failures; logname= uid=0 euid=0 tty=ssh ruser= rhost=43.255.190.166  user=root
Apr 12 11:25:20 ovzhost sshd[1743]: message repeated 2 times: [ Failed password for root from 43.255.190.177 port 32787 ssh2]
Apr 12 11:25:20 ovzhost sshd[1743]: Received disconnect from 43.255.190.177: 11:  [preauth]
Apr 12 11:25:20 ovzhost sshd[1743]: PAM 2 more authentication failures; logname= uid=0 euid=0 tty=ssh ruser= rhost=43.255.190.177  user=root
Apr 12 11:25:21 ovzhost sshd[1747]: pam_unix(sshd:auth): authentication failure; logname= uid=0 euid=0 tty=ssh ruser= rhost=43.255.190.166  user=root
Apr 12 11:25:21 ovzhost sshd[1749]: pam_unix(sshd:auth): authentication failure; logname= uid=0 euid=0 tty=ssh ruser= rhost=43.255.190.177  user=root
Apr 12 11:25:21 ovzhost sshd[1745]: message repeated 2 times: [ Failed password for root from 43.255.190.177 port 34050 ssh2]
Apr 12 11:25:21 ovzhost sshd[1745]: Received disconnect from 43.255.190.177: 11:  [preauth]
Apr 12 11:25:21 ovzhost sshd[1745]: PAM 2 more authentication failures; logname= uid=0 euid=0 tty=ssh ruser= rhost=43.255.190.177  user=root
Apr 12 11:25:22 ovzhost sshd[1751]: pam_unix(sshd:auth): authentication failure; logname= uid=0 euid=0 tty=ssh ruser= rhost=43.255.190.177  user=root
Apr 12 11:25:23 ovzhost sshd[1747]: Failed password for root from 43.255.190.166 port 43556 ssh2
Apr 12 11:25:23 ovzhost sshd[1749]: Failed password for root from 43.255.190.177 port 50389 ssh2
Apr 12 11:25:24 ovzhost sshd[1751]: Failed password for root from 43.255.190.177 port 52396 ssh2
Apr 12 11:25:27 ovzhost sshd[1747]: message repeated 2 times: [ Failed password for root from 43.255.190.166 port 43556 ssh2]
Apr 12 11:25:27 ovzhost sshd[1747]: Received disconnect from 43.255.190.166: 11:  [preauth]
Apr 12 11:25:27 ovzhost sshd[1747]: PAM 2 more authentication failures; logname= uid=0 euid=0 tty=ssh ruser= rhost=43.255.190.166  user=root
Apr 12 11:25:27 ovzhost sshd[1749]: message repeated 2 times: [ Failed password for root from 43.255.190.177 port 50389 ssh2]
Apr 12 11:25:27 ovzhost sshd[1749]: Received disconnect from 43.255.190.177: 11:  [preauth]
Apr 12 11:25:27 ovzhost sshd[1749]: PAM 2 more authentication failures; logname= uid=0 euid=0 tty=ssh ruser= rhost=43.255.190.177  user=root
Apr 12 11:25:28 ovzhost sshd[1753]: pam_unix(sshd:auth): authentication failure; logname= uid=0 euid=0 tty=ssh ruser= rhost=43.255.190.166  user=root
Apr 12 11:25:28 ovzhost sshd[1755]: pam_unix(sshd:auth): authentication failure; logname= uid=0 euid=0 tty=ssh ruser= rhost=43.255.190.177  user=root
Apr 12 11:25:28 ovzhost sshd[1751]: message repeated 2 times: [ Failed password for root from 43.255.190.177 port 52396 ssh2]
Apr 12 11:25:28 ovzhost sshd[1751]: Received disconnect from 43.255.190.177: 11:  [preauth]
Apr 12 11:25:28 ovzhost sshd[1751]: PAM 2 more authentication failures; logname= uid=0 euid=0 tty=ssh ruser= rhost=43.255.190.177  user=root
Apr 12 11:25:29 ovzhost sshd[1757]: pam_unix(sshd:auth): authentication failure; logname= uid=0 euid=0 tty=ssh ruser= rhost=43.255.190.177  user=root
Apr 12 11:25:29 ovzhost sshd[1753]: Failed password for root from 43.255.190.166 port 33574 ssh2
Apr 12 11:25:30 ovzhost sshd[1755]: Failed password for root from 43.255.190.177 port 39557 ssh2
Apr 12 11:25:30 ovzhost sshd[1757]: Failed password for root from 43.255.190.177 port 41671 ssh2
Apr 12 11:25:33 ovzhost sshd[1753]: message repeated 2 times: [ Failed password for root from 43.255.190.166 port 33574 ssh2]
Apr 12 11:25:33 ovzhost sshd[1753]: Received disconnect from 43.255.190.166: 11:  [preauth]
Apr 12 11:25:33 ovzhost sshd[1753]: PAM 2 more authentication failures; logname= uid=0 euid=0 tty=ssh ruser= rhost=43.255.190.166  user=root
Apr 12 11:25:34 ovzhost sshd[1755]: message repeated 2 times: [ Failed password for root from 43.255.190.177 port 39557 ssh2]
Apr 12 11:25:34 ovzhost sshd[1755]: Received disconnect from 43.255.190.177: 11:  [preauth]
Apr 12 11:25:34 ovzhost sshd[1755]: PAM 2 more authentication failures; logname= uid=0 euid=0 tty=ssh ruser= rhost=43.255.190.177  user=root
Apr 12 11:25:34 ovzhost sshd[1759]: pam_unix(sshd:auth): authentication failure; logname= uid=0 euid=0 tty=ssh ruser= rhost=43.255.190.166  user=root
Apr 12 11:25:34 ovzhost sshd[1761]: pam_unix(sshd:auth): authentication failure; logname= uid=0 euid=0 tty=ssh ruser= rhost=43.255.190.177  user=root
Apr 12 11:25:34 ovzhost sshd[1757]: message repeated 2 times: [ Failed password for root from 43.255.190.177 port 41671 ssh2]
Apr 12 11:25:35 ovzhost sshd[1757]: Received disconnect from 43.255.190.177: 11:  [preauth]
Apr 12 11:25:35 ovzhost sshd[1757]: PAM 2 more authentication failures; logname= uid=0 euid=0 tty=ssh ruser= rhost=43.255.190.177  user=root
Apr 12 11:25:35 ovzhost sshd[1763]: pam_unix(sshd:auth): authentication failure; logname= uid=0 euid=0 tty=ssh ruser= rhost=43.255.190.177  user=root
Apr 12 11:25:36 ovzhost sshd[1759]: Failed password for root from 43.255.190.166 port 48177 ssh2
Apr 12 11:25:36 ovzhost sshd[1761]: Failed password for root from 43.255.190.177 port 56274 ssh2
Apr 12 11:25:37 ovzhost sshd[1763]: Failed password for root from 43.255.190.177 port 58370 ssh2
Apr 12 11:25:40 ovzhost sshd[1759]: message repeated 2 times: [ Failed password for root from 43.255.190.166 port 48177 ssh2]
Apr 12 11:25:40 ovzhost sshd[1759]: Received disconnect from 43.255.190.166: 11:  [preauth]
Apr 12 11:25:40 ovzhost sshd[1759]: PAM 2 more authentication failures; logname= uid=0 euid=0 tty=ssh ruser= rhost=43.255.190.166  user=root
Apr 12 11:25:41 ovzhost sshd[1761]: message repeated 2 times: [ Failed password for root from 43.255.190.177 port 56274 ssh2]
Apr 12 11:25:41 ovzhost sshd[1761]: Received disconnect from 43.255.190.177: 11:  [preauth]
Apr 12 11:25:41 ovzhost sshd[1761]: PAM 2 more authentication failures; logname= uid=0 euid=0 tty=ssh ruser= rhost=43.255.190.177  user=root
