Apr 11 19:51:09 ovzhost sshd[1047]: pam_unix(sshd:auth): authentication failure; logname= uid=0 euid=0 tty=ssh ruser= rhost=43.255.190.148  user=root
Apr 11 19:51:10 ovzhost sshd[1049]: pam_unix(sshd:auth): authentication failure; logname= uid=0 euid=0 tty=ssh ruser= rhost=43.255.190.153  user=root
Apr 11 19:51:12 ovzhost sshd[1047]: Failed password for root from 43.255.190.148 port 57232 ssh2
Apr 11 19:51:12 ovzhost sshd[1049]: Failed password for root from 43.255.190.153 port 54750 ssh2
Apr 11 19:51:16 ovzhost sshd[1047]: message repeated 2 times: [ Failed password for root from 43.255.190.148 port 57232 ssh2]
Apr 11 19:51:16 ovzhost sshd[1047]: Received disconnect from 43.255.190.148: 11:  [preauth]
Apr 11 19:51:16 ovzhost sshd[1047]: PAM 2 more authentication failures; logname= uid=0 euid=0 tty=ssh ruser= rhost=43.255.190.148  user=root
Apr 11 19:51:17 ovzhost sshd[1049]: message repeated 2 times: [ Failed password for root from 43.255.190.153 port 54750 ssh2]
Apr 11 19:51:17 ovzhost sshd[1049]: Received disconnect from 43.255.190.153: 11:  [preauth]
Apr 11 19:51:17 ovzhost sshd[1049]: PAM 2 more authentication failures; logname= uid=0 euid=0 tty=ssh ruser= rhost=43.255.190.153  user=root
Apr 11 19:51:17 ovzhost sshd[1051]: pam_unix(sshd:auth): authentication failure; logname= uid=0 euid=0 tty=ssh ruser= rhost=43.255.190.148  user=root
Apr 11 19:51:17 ovzhost sshd[1053]: pam_unix(sshd:auth): authentication failure; logname= uid=0 euid=0 tty=ssh ruser= rhost=43.255.190.153  user=root
Apr 11 19:51:19 ovzhost sshd[1051]: Failed password for root from 43.255.190.148 port 45899 ssh2
Apr 11 19:51:19 ovzhost sshd[1053]: Failed password for root from 43.255.190.153 port 43429 ssh2
Apr 11 19:51:23 ovzhost sshd[1051]: message repeated 2 times: [ Failed password for root from 43.255.190.148 port 45899 ssh2]
Apr 11 19:51:24 ovzhost sshd[1051]: Received disconnect from 43.255.190.148: 11:  [preauth]
Apr 11 19:51:24 ovzhost sshd[1051]: PAM 2 more authentication failures; logname= uid=0 euid=0 tty=ssh ruser= rhost=43.255.190.148  user=root
Apr 11 19:51:24 ovzhost sshd[1055]: pam_unix(sshd:auth): authentication failure; logname= uid=0 euid=0 tty=ssh ruser= rhost=43.255.190.148  user=root
Apr 11 19:51:24 ovzhost sshd[1053]: message repeated 2 times: [ Failed password for root from 43.255.190.153 port 43429 ssh2]
Apr 11 19:51:24 ovzhost sshd[1053]: Received disconnect from 43.255.190.153: 11:  [preauth]
Apr 11 19:51:24 ovzhost sshd[1053]: PAM 2 more authentication failures; logname= uid=0 euid=0 tty=ssh ruser= rhost=43.255.190.153  user=root
Apr 11 19:51:25 ovzhost sshd[1059]: pam_unix(sshd:auth): authentication failure; logname= uid=0 euid=0 tty=ssh ruser= rhost=43.255.190.153  user=root
Apr 11 19:51:26 ovzhost sshd[1055]: Failed password for root from 43.255.190.148 port 33895 ssh2
Apr 11 19:51:27 ovzhost sshd[1059]: Failed password for root from 43.255.190.153 port 59942 ssh2
Apr 11 19:51:30 ovzhost sshd[1055]: message repeated 2 times: [ Failed password for root from 43.255.190.148 port 33895 ssh2]
Apr 11 19:51:31 ovzhost sshd[1055]: Received disconnect from 43.255.190.148: 11:  [preauth]
Apr 11 19:51:31 ovzhost sshd[1055]: PAM 2 more authentication failures; logname= uid=0 euid=0 tty=ssh ruser= rhost=43.255.190.148  user=root
Apr 11 19:51:31 ovzhost sshd[1059]: message repeated 2 times: [ Failed password for root from 43.255.190.153 port 59942 ssh2]
Apr 11 19:51:31 ovzhost sshd[1059]: Received disconnect from 43.255.190.153: 11:  [preauth]
Apr 11 19:51:31 ovzhost sshd[1059]: PAM 2 more authentication failures; logname= uid=0 euid=0 tty=ssh ruser= rhost=43.255.190.153  user=root
Apr 11 19:51:31 ovzhost sshd[1061]: pam_unix(sshd:auth): authentication failure; logname= uid=0 euid=0 tty=ssh ruser= rhost=43.255.190.148  user=root
Apr 11 19:51:32 ovzhost sshd[1063]: pam_unix(sshd:auth): authentication failure; logname= uid=0 euid=0 tty=ssh ruser= rhost=43.255.190.153  user=root
Apr 11 19:51:33 ovzhost sshd[1061]: Failed password for root from 43.255.190.148 port 51026 ssh2
Apr 11 19:51:34 ovzhost sshd[1063]: Failed password for root from 43.255.190.153 port 47358 ssh2
Apr 11 19:51:38 ovzhost sshd[1061]: message repeated 2 times: [ Failed password for root from 43.255.190.148 port 51026 ssh2]
Apr 11 19:51:38 ovzhost sshd[1061]: Received disconnect from 43.255.190.148: 11:  [preauth]
Apr 11 19:51:38 ovzhost sshd[1061]: PAM 2 more authentication failures; logname= uid=0 euid=0 tty=ssh ruser= rhost=43.255.190.148  user=root
Apr 11 19:51:39 ovzhost sshd[1063]: message repeated 2 times: [ Failed password for root from 43.255.190.153 port 47358 ssh2]
Apr 11 19:51:39 ovzhost sshd[1063]: Received disconnect from 43.255.190.153: 11:  [preauth]
Apr 11 19:51:39 ovzhost sshd[1063]: PAM 2 more authentication failures; logname= uid=0 euid=0 tty=ssh ruser= rhost=43.255.190.153  user=root
Apr 11 19:51:39 ovzhost sshd[1065]: pam_unix(sshd:auth): authentication failure; logname= uid=0 euid=0 tty=ssh ruser= rhost=43.255.190.148  user=root
Apr 11 19:51:39 ovzhost sshd[1067]: pam_unix(sshd:auth): authentication failure; logname= uid=0 euid=0 tty=ssh ruser= rhost=43.255.190.153  user=root
Apr 11 19:51:41 ovzhost sshd[1065]: Failed password for root from 43.255.190.148 port 41022 ssh2
Apr 11 19:51:42 ovzhost sshd[1067]: Failed password for root from 43.255.190.153 port 35851 ssh2
Apr 11 19:51:46 ovzhost sshd[1065]: message repeated 2 times: [ Failed password for root from 43.255.190.148 port 41022 ssh2]
Apr 11 19:51:46 ovzhost sshd[1065]: Received disconnect from 43.255.190.148: 11:  [preauth]
Apr 11 19:51:46 ovzhost sshd[1065]: PAM 2 more authentication failures; logname= uid=0 euid=0 tty=ssh ruser= rhost=43.255.190.148  user=root
Apr 11 19:51:46 ovzhost sshd[1067]: message repeated 2 times: [ Failed password for root from 43.255.190.153 port 35851 ssh2]
Apr 11 19:51:46 ovzhost sshd[1067]: Received disconnect from 43.255.190.153: 11:  [preauth]
Apr 11 19:51:46 ovzhost sshd[1067]: PAM 2 more authentication failures; logname= uid=0 euid=0 tty=ssh ruser= rhost=43.255.190.153  user=root
Apr 11 19:51:46 ovzhost sshd[1069]: pam_unix(sshd:auth): authentication failure; logname= uid=0 euid=0 tty=ssh ruser= rhost=43.255.190.148  user=root
Apr 11 19:51:46 ovzhost sshd[1071]: pam_unix(sshd:auth): authentication failure; logname= uid=0 euid=0 tty=ssh ruser= rhost=43.255.190.153  user=root
Apr 11 19:51:49 ovzhost sshd[1069]: Failed password for root from 43.255.190.148 port 57567 ssh2
Apr 11 19:51:49 ovzhost sshd[1071]: Failed password for root from 43.255.190.153 port 50942 ssh2
Apr 11 19:51:52 ovzhost sshd[1069]: message repeated 2 times: [ Failed password for root from 43.255.190.148 port 57567 ssh2]
Apr 11 19:51:52 ovzhost sshd[1069]: Received disconnect from 43.255.190.148: 11:  [preauth]
Apr 11 19:51:52 ovzhost sshd[1069]: PAM 2 more authentication failures; logname= uid=0 euid=0 tty=ssh ruser= rhost=43.255.190.148  user=root
Apr 11 19:51:53 ovzhost sshd[1074]: pam_unix(sshd:auth): authentication failure; logname= uid=0 euid=0 tty=ssh ruser= rhost=43.255.190.148  user=root
Apr 11 19:51:53 ovzhost sshd[1071]: message repeated 2 times: [ Failed password for root from 43.255.190.153 port 50942 ssh2]
Apr 11 19:51:53 ovzhost sshd[1071]: Received disconnect from 43.255.190.153: 11:  [preauth]
Apr 11 19:51:53 ovzhost sshd[1071]: PAM 2 more authentication failures; logname= uid=0 euid=0 tty=ssh ruser= rhost=43.255.190.153  user=root
Apr 11 19:51:53 ovzhost sshd[1076]: pam_unix(sshd:auth): authentication failure; logname= uid=0 euid=0 tty=ssh ruser= rhost=43.255.190.153  user=root
Apr 11 19:51:55 ovzhost sshd[1074]: Failed password for root from 43.255.190.148 port 45682 ssh2
Apr 11 19:51:56 ovzhost sshd[1076]: Failed password for root from 43.255.190.153 port 40869 ssh2
Apr 11 19:52:00 ovzhost sshd[1074]: message repeated 2 times: [ Failed password for root from 43.255.190.148 port 45682 ssh2]
Apr 11 19:52:00 ovzhost sshd[1074]: Received disconnect from 43.255.190.148: 11:  [preauth]
Apr 11 19:52:00 ovzhost sshd[1074]: PAM 2 more authentication failures; logname= uid=0 euid=0 tty=ssh ruser= rhost=43.255.190.148  user=root
Apr 11 19:52:00 ovzhost sshd[1080]: pam_unix(sshd:auth): authentication failure; logname= uid=0 euid=0 tty=ssh ruser= rhost=43.255.190.148  user=root
Apr 11 19:52:00 ovzhost sshd[1076]: message repeated 2 times: [ Failed password for root from 43.255.190.153 port 40869 ssh2]
Apr 11 19:52:00 ovzhost sshd[1076]: Received disconnect from 43.255.190.153: 11:  [preauth]
Apr 11 19:52:00 ovzhost sshd[1076]: PAM 2 more authentication failures; logname= uid=0 euid=0 tty=ssh ruser= rhost=43.255.190.153  user=root
Apr 11 19:52:01 ovzhost sshd[1082]: pam_unix(sshd:auth): authentication failure; logname= uid=0 euid=0 tty=ssh ruser= rhost=43.255.190.153  user=root
Apr 11 19:52:02 ovzhost sshd[1080]: Failed password for root from 43.255.190.148 port 33869 ssh2
Apr 11 19:52:02 ovzhost sshd[1082]: Failed password for root from 43.255.190.153 port 34130 ssh2
Apr 11 19:52:07 ovzhost sshd[1080]: message repeated 2 times: [ Failed password for root from 43.255.190.148 port 33869 ssh2]
Apr 11 19:52:07 ovzhost sshd[1080]: Received disconnect from 43.255.190.148: 11:  [preauth]
Apr 11 19:52:07 ovzhost sshd[1080]: PAM 2 more authentication failures; logname= uid=0 euid=0 tty=ssh ruser= rhost=43.255.190.148  user=root
Apr 11 19:52:07 ovzhost sshd[1082]: message repeated 2 times: [ Failed password for root from 43.255.190.153 port 34130 ssh2]
Apr 11 19:52:07 ovzhost sshd[1082]: Received disconnect from 43.255.190.153: 11:  [preauth]
Apr 11 19:52:07 ovzhost sshd[1082]: PAM 2 more authentication failures; logname= uid=0 euid=0 tty=ssh ruser= rhost=43.255.190.153  user=root
Apr 11 19:52:07 ovzhost sshd[1084]: pam_unix(sshd:auth): authentication failure; logname= uid=0 euid=0 tty=ssh ruser= rhost=43.255.190.148  user=root
Apr 11 19:52:07 ovzhost sshd[1086]: pam_unix(sshd:auth): authentication failure; logname= uid=0 euid=0 tty=ssh ruser= rhost=43.255.190.153  user=root
Apr 11 19:52:10 ovzhost sshd[1084]: Failed password for root from 43.255.190.148 port 50344 ssh2
Apr 11 19:52:10 ovzhost sshd[1086]: Failed password for root from 43.255.190.153 port 50432 ssh2
Apr 11 19:52:14 ovzhost sshd[1084]: message repeated 2 times: [ Failed password for root from 43.255.190.148 port 50344 ssh2]
Apr 11 19:52:14 ovzhost sshd[1084]: Received disconnect from 43.255.190.148: 11:  [preauth]
Apr 11 19:52:14 ovzhost sshd[1084]: PAM 2 more authentication failures; logname= uid=0 euid=0 tty=ssh ruser= rhost=43.255.190.148  user=root
Apr 11 19:52:14 ovzhost sshd[1086]: message repeated 2 times: [ Failed password for root from 43.255.190.153 port 50432 ssh2]
Apr 11 19:52:14 ovzhost sshd[1086]: Received disconnect from 43.255.190.153: 11:  [preauth]
Apr 11 19:52:14 ovzhost sshd[1086]: PAM 2 more authentication failures; logname= uid=0 euid=0 tty=ssh ruser= rhost=43.255.190.153  user=root
Apr 11 19:52:14 ovzhost sshd[1088]: pam_unix(sshd:auth): authentication failure; logname= uid=0 euid=0 tty=ssh ruser= rhost=43.255.190.148  user=root
Apr 11 19:52:15 ovzhost sshd[1090]: pam_unix(sshd:auth): authentication failure; logname= uid=0 euid=0 tty=ssh ruser= rhost=43.255.190.153  user=root
Apr 11 19:52:17 ovzhost sshd[1088]: Failed password for root from 43.255.190.148 port 38794 ssh2
Apr 11 19:52:17 ovzhost sshd[1090]: Failed password for root from 43.255.190.153 port 38659 ssh2
Apr 11 19:52:21 ovzhost sshd[1088]: message repeated 2 times: [ Failed password for root from 43.255.190.148 port 38794 ssh2]
Apr 11 19:52:21 ovzhost sshd[1088]: Received disconnect from 43.255.190.148: 11:  [preauth]
Apr 11 19:52:21 ovzhost sshd[1088]: PAM 2 more authentication failures; logname= uid=0 euid=0 tty=ssh ruser= rhost=43.255.190.148  user=root
Apr 11 19:52:21 ovzhost sshd[1090]: message repeated 2 times: [ Failed password for root from 43.255.190.153 port 38659 ssh2]
Apr 11 19:52:21 ovzhost sshd[1090]: Received disconnect from 43.255.190.153: 11:  [preauth]
Apr 11 19:52:21 ovzhost sshd[1090]: PAM 2 more authentication failures; logname= uid=0 euid=0 tty=ssh ruser= rhost=43.255.190.153  user=root
Apr 11 19:52:22 ovzhost sshd[1094]: pam_unix(sshd:auth): authentication failure; logname= uid=0 euid=0 tty=ssh ruser= rhost=43.255.190.148  user=root
Apr 11 19:52:22 ovzhost sshd[1096]: pam_unix(sshd:auth): authentication failure; logname= uid=0 euid=0 tty=ssh ruser= rhost=43.255.190.153  user=root
Apr 11 19:52:24 ovzhost sshd[1094]: Failed password for root from 43.255.190.148 port 55024 ssh2
Apr 11 19:52:24 ovzhost sshd[1096]: Failed password for root from 43.255.190.153 port 54423 ssh2
Apr 11 19:52:27 ovzhost sshd[1094]: message repeated 2 times: [ Failed password for root from 43.255.190.148 port 55024 ssh2]
Apr 11 19:52:27 ovzhost sshd[1094]: Received disconnect from 43.255.190.148: 11:  [preauth]
Apr 11 19:52:27 ovzhost sshd[1094]: PAM 2 more authentication failures; logname= uid=0 euid=0 tty=ssh ruser= rhost=43.255.190.148  user=root
Apr 11 19:52:28 ovzhost sshd[1098]: pam_unix(sshd:auth): authentication failure; logname= uid=0 euid=0 tty=ssh ruser= rhost=43.255.190.148  user=root
Apr 11 19:52:28 ovzhost sshd[1096]: message repeated 2 times: [ Failed password for root from 43.255.190.153 port 54423 ssh2]
Apr 11 19:52:28 ovzhost sshd[1096]: Received disconnect from 43.255.190.153: 11:  [preauth]
Apr 11 19:52:28 ovzhost sshd[1096]: PAM 2 more authentication failures; logname= uid=0 euid=0 tty=ssh ruser= rhost=43.255.190.153  user=root
Apr 11 19:52:28 ovzhost sshd[1100]: pam_unix(sshd:auth): authentication failure; logname= uid=0 euid=0 tty=ssh ruser= rhost=43.255.190.153  user=root
Apr 11 19:52:30 ovzhost sshd[1098]: Failed password for root from 43.255.190.148 port 42078 ssh2
Apr 11 19:52:31 ovzhost sshd[1100]: Failed password for root from 43.255.190.153 port 42507 ssh2
Apr 11 19:52:34 ovzhost sshd[1098]: message repeated 2 times: [ Failed password for root from 43.255.190.148 port 42078 ssh2]
Apr 11 19:52:34 ovzhost sshd[1098]: Received disconnect from 43.255.190.148: 11:  [preauth]
Apr 11 19:52:34 ovzhost sshd[1098]: PAM 2 more authentication failures; logname= uid=0 euid=0 tty=ssh ruser= rhost=43.255.190.148  user=root
Apr 11 19:52:35 ovzhost sshd[1102]: pam_unix(sshd:auth): authentication failure; logname= uid=0 euid=0 tty=ssh ruser= rhost=43.255.190.148  user=root
Apr 11 19:52:35 ovzhost sshd[1100]: message repeated 2 times: [ Failed password for root from 43.255.190.153 port 42507 ssh2]
Apr 11 19:52:35 ovzhost sshd[1100]: Received disconnect from 43.255.190.153: 11:  [preauth]
Apr 11 19:52:35 ovzhost sshd[1100]: PAM 2 more authentication failures; logname= uid=0 euid=0 tty=ssh ruser= rhost=43.255.190.153  user=root
Apr 11 19:52:36 ovzhost sshd[1104]: pam_unix(sshd:auth): authentication failure; logname= uid=0 euid=0 tty=ssh ruser= rhost=43.255.190.153  user=root
Apr 11 19:52:37 ovzhost sshd[1102]: Failed password for root from 43.255.190.148 port 58654 ssh2
Apr 11 19:52:38 ovzhost sshd[1104]: Failed password for root from 43.255.190.153 port 59494 ssh2
Apr 11 19:52:41 ovzhost sshd[1102]: message repeated 2 times: [ Failed password for root from 43.255.190.148 port 58654 ssh2]
Apr 11 19:52:41 ovzhost sshd[1102]: Received disconnect from 43.255.190.148: 11:  [preauth]
Apr 11 19:52:41 ovzhost sshd[1102]: PAM 2 more authentication failures; logname= uid=0 euid=0 tty=ssh ruser= rhost=43.255.190.148  user=root
Apr 11 19:52:41 ovzhost sshd[1106]: pam_unix(sshd:auth): authentication failure; logname= uid=0 euid=0 tty=ssh ruser= rhost=43.255.190.148  user=root
Apr 11 19:52:42 ovzhost sshd[1104]: message repeated 2 times: [ Failed password for root from 43.255.190.153 port 59494 ssh2]
Apr 11 19:52:42 ovzhost sshd[1104]: Received disconnect from 43.255.190.153: 11:  [preauth]
Apr 11 19:52:42 ovzhost sshd[1104]: PAM 2 more authentication failures; logname= uid=0 euid=0 tty=ssh ruser= rhost=43.255.190.153  user=root
Apr 11 19:52:43 ovzhost sshd[1108]: pam_unix(sshd:auth): authentication failure; logname= uid=0 euid=0 tty=ssh ruser= rhost=43.255.190.153  user=root
Apr 11 19:52:43 ovzhost sshd[1106]: Failed password for root from 43.255.190.148 port 47489 ssh2
Apr 11 19:52:45 ovzhost sshd[1108]: Failed password for root from 43.255.190.153 port 46364 ssh2
Apr 11 19:52:47 ovzhost sshd[1106]: message repeated 2 times: [ Failed password for root from 43.255.190.148 port 47489 ssh2]
Apr 11 19:52:47 ovzhost sshd[1106]: Received disconnect from 43.255.190.148: 11:  [preauth]
Apr 11 19:52:47 ovzhost sshd[1106]: PAM 2 more authentication failures; logname= uid=0 euid=0 tty=ssh ruser= rhost=43.255.190.148  user=root
Apr 11 19:52:48 ovzhost sshd[1110]: pam_unix(sshd:auth): authentication failure; logname= uid=0 euid=0 tty=ssh ruser= rhost=43.255.190.148  user=root
Apr 11 19:52:48 ovzhost sshd[1108]: message repeated 2 times: [ Failed password for root from 43.255.190.153 port 46364 ssh2]
Apr 11 19:52:48 ovzhost sshd[1108]: Received disconnect from 43.255.190.153: 11:  [preauth]
Apr 11 19:52:48 ovzhost sshd[1108]: PAM 2 more authentication failures; logname= uid=0 euid=0 tty=ssh ruser= rhost=43.255.190.153  user=root
Apr 11 19:52:49 ovzhost sshd[1112]: pam_unix(sshd:auth): authentication failure; logname= uid=0 euid=0 tty=ssh ruser= rhost=43.255.190.153  user=root
Apr 11 19:52:49 ovzhost sshd[1110]: Failed password for root from 43.255.190.148 port 36267 ssh2
Apr 11 19:52:52 ovzhost sshd[1112]: Failed password for root from 43.255.190.153 port 60194 ssh2
Apr 11 19:52:54 ovzhost sshd[1110]: message repeated 2 times: [ Failed password for root from 43.255.190.148 port 36267 ssh2]
Apr 11 19:52:54 ovzhost sshd[1110]: Received disconnect from 43.255.190.148: 11:  [preauth]
Apr 11 19:52:54 ovzhost sshd[1110]: PAM 2 more authentication failures; logname= uid=0 euid=0 tty=ssh ruser= rhost=43.255.190.148  user=root
Apr 11 19:52:55 ovzhost sshd[1115]: pam_unix(sshd:auth): authentication failure; logname= uid=0 euid=0 tty=ssh ruser= rhost=43.255.190.148  user=root
Apr 11 19:52:56 ovzhost sshd[1112]: message repeated 2 times: [ Failed password for root from 43.255.190.153 port 60194 ssh2]
Apr 11 19:52:56 ovzhost sshd[1112]: Received disconnect from 43.255.190.153: 11:  [preauth]
Apr 11 19:52:56 ovzhost sshd[1112]: PAM 2 more authentication failures; logname= uid=0 euid=0 tty=ssh ruser= rhost=43.255.190.153  user=root
Apr 11 19:52:57 ovzhost sshd[1117]: pam_unix(sshd:auth): authentication failure; logname= uid=0 euid=0 tty=ssh ruser= rhost=43.255.190.153  user=root
Apr 11 19:52:57 ovzhost sshd[1115]: Failed password for root from 43.255.190.148 port 55537 ssh2
Apr 11 19:52:58 ovzhost sshd[1117]: Failed password for root from 43.255.190.153 port 48764 ssh2
Apr 11 19:53:00 ovzhost sshd[1115]: message repeated 2 times: [ Failed password for root from 43.255.190.148 port 55537 ssh2]
Apr 11 19:53:00 ovzhost sshd[1115]: Received disconnect from 43.255.190.148: 11:  [preauth]
Apr 11 19:53:00 ovzhost sshd[1115]: PAM 2 more authentication failures; logname= uid=0 euid=0 tty=ssh ruser= rhost=43.255.190.148  user=root
Apr 11 19:53:01 ovzhost sshd[1121]: pam_unix(sshd:auth): authentication failure; logname= uid=0 euid=0 tty=ssh ruser= rhost=43.255.190.148  user=root
Apr 11 19:53:03 ovzhost sshd[1121]: Failed password for root from 43.255.190.148 port 43193 ssh2
Apr 11 19:53:03 ovzhost sshd[1117]: message repeated 2 times: [ Failed password for root from 43.255.190.153 port 48764 ssh2]
Apr 11 19:53:03 ovzhost sshd[1117]: Received disconnect from 43.255.190.153: 11:  [preauth]
Apr 11 19:53:03 ovzhost sshd[1117]: PAM 2 more authentication failures; logname= uid=0 euid=0 tty=ssh ruser= rhost=43.255.190.153  user=root
Apr 11 19:53:04 ovzhost sshd[1123]: pam_unix(sshd:auth): authentication failure; logname= uid=0 euid=0 tty=ssh ruser= rhost=43.255.190.153  user=root
Apr 11 19:53:06 ovzhost sshd[1123]: Failed password for root from 43.255.190.153 port 37512 ssh2
Apr 11 19:53:08 ovzhost sshd[1121]: message repeated 2 times: [ Failed password for root from 43.255.190.148 port 43193 ssh2]
Apr 11 19:53:08 ovzhost sshd[1121]: Received disconnect from 43.255.190.148: 11:  [preauth]
Apr 11 19:53:08 ovzhost sshd[1121]: PAM 2 more authentication failures; logname= uid=0 euid=0 tty=ssh ruser= rhost=43.255.190.148  user=root
Apr 11 19:53:09 ovzhost sshd[1125]: pam_unix(sshd:auth): authentication failure; logname= uid=0 euid=0 tty=ssh ruser= rhost=43.255.190.148  user=root
Apr 11 19:53:10 ovzhost sshd[1123]: message repeated 2 times: [ Failed password for root from 43.255.190.153 port 37512 ssh2]
Apr 11 19:53:10 ovzhost sshd[1123]: Received disconnect from 43.255.190.153: 11:  [preauth]
Apr 11 19:53:10 ovzhost sshd[1123]: PAM 2 more authentication failures; logname= uid=0 euid=0 tty=ssh ruser= rhost=43.255.190.153  user=root
Apr 11 19:53:10 ovzhost sshd[1125]: Failed password for root from 43.255.190.148 port 35991 ssh2
Apr 11 19:53:15 ovzhost sshd[1125]: message repeated 2 times: [ Failed password for root from 43.255.190.148 port 35991 ssh2]
Apr 11 19:53:15 ovzhost sshd[1125]: Received disconnect from 43.255.190.148: 11:  [preauth]
Apr 11 19:53:15 ovzhost sshd[1125]: PAM 2 more authentication failures; logname= uid=0 euid=0 tty=ssh ruser= rhost=43.255.190.148  user=root
Apr 11 19:53:16 ovzhost sshd[1127]: pam_unix(sshd:auth): authentication failure; logname= uid=0 euid=0 tty=ssh ruser= rhost=43.255.190.148  user=root
Apr 11 19:53:18 ovzhost sshd[1127]: Failed password for root from 43.255.190.148 port 56941 ssh2
Apr 11 19:53:22 ovzhost sshd[1127]: message repeated 2 times: [ Failed password for root from 43.255.190.148 port 56941 ssh2]
Apr 11 19:53:22 ovzhost sshd[1127]: Received disconnect from 43.255.190.148: 11:  [preauth]
Apr 11 19:53:22 ovzhost sshd[1127]: PAM 2 more authentication failures; logname= uid=0 euid=0 tty=ssh ruser= rhost=43.255.190.148  user=root
Apr 11 19:53:22 ovzhost sshd[1129]: pam_unix(sshd:auth): authentication failure; logname= uid=0 euid=0 tty=ssh ruser= rhost=43.255.190.148  user=root
Apr 11 19:53:25 ovzhost sshd[1129]: Failed password for root from 43.255.190.148 port 46755 ssh2
Apr 11 19:53:29 ovzhost sshd[1129]: message repeated 2 times: [ Failed password for root from 43.255.190.148 port 46755 ssh2]
Apr 11 19:53:29 ovzhost sshd[1129]: Received disconnect from 43.255.190.148: 11:  [preauth]
Apr 11 19:53:29 ovzhost sshd[1129]: PAM 2 more authentication failures; logname= uid=0 euid=0 tty=ssh ruser= rhost=43.255.190.148  user=root
Apr 11 19:53:30 ovzhost sshd[1132]: pam_unix(sshd:auth): authentication failure; logname= uid=0 euid=0 tty=ssh ruser= rhost=43.255.190.148  user=root
Apr 11 19:53:31 ovzhost sshd[1132]: Failed password for root from 43.255.190.148 port 39006 ssh2
Apr 11 19:53:35 ovzhost sshd[1132]: message repeated 2 times: [ Failed password for root from 43.255.190.148 port 39006 ssh2]
Apr 11 19:53:35 ovzhost sshd[1132]: Received disconnect from 43.255.190.148: 11:  [preauth]
Apr 11 19:53:35 ovzhost sshd[1132]: PAM 2 more authentication failures; logname= uid=0 euid=0 tty=ssh ruser= rhost=43.255.190.148  user=root
Apr 11 19:53:36 ovzhost sshd[1134]: pam_unix(sshd:auth): authentication failure; logname= uid=0 euid=0 tty=ssh ruser= rhost=43.255.190.148  user=root
Apr 11 19:53:38 ovzhost sshd[1134]: Failed password for root from 43.255.190.148 port 56342 ssh2
Apr 11 19:53:43 ovzhost sshd[1134]: message repeated 2 times: [ Failed password for root from 43.255.190.148 port 56342 ssh2]
Apr 11 19:53:43 ovzhost sshd[1134]: Received disconnect from 43.255.190.148: 11:  [preauth]
Apr 11 19:53:43 ovzhost sshd[1134]: PAM 2 more authentication failures; logname= uid=0 euid=0 tty=ssh ruser= rhost=43.255.190.148  user=root
Apr 11 19:53:43 ovzhost sshd[1136]: pam_unix(sshd:auth): authentication failure; logname= uid=0 euid=0 tty=ssh ruser= rhost=43.255.190.148  user=root
Apr 11 19:53:45 ovzhost sshd[1136]: Failed password for root from 43.255.190.148 port 49182 ssh2
Apr 11 19:53:49 ovzhost sshd[1136]: message repeated 2 times: [ Failed password for root from 43.255.190.148 port 49182 ssh2]
Apr 11 19:53:49 ovzhost sshd[1136]: Received disconnect from 43.255.190.148: 11:  [preauth]
Apr 11 19:53:49 ovzhost sshd[1136]: PAM 2 more authentication failures; logname= uid=0 euid=0 tty=ssh ruser= rhost=43.255.190.148  user=root
Apr 11 19:53:49 ovzhost sshd[1138]: pam_unix(sshd:auth): authentication failure; logname= uid=0 euid=0 tty=ssh ruser= rhost=43.255.190.148  user=root
Apr 11 19:53:51 ovzhost sshd[1138]: Failed password for root from 43.255.190.148 port 38355 ssh2
Apr 11 19:53:55 ovzhost sshd[1138]: message repeated 2 times: [ Failed password for root from 43.255.190.148 port 38355 ssh2]
Apr 11 19:53:55 ovzhost sshd[1138]: Received disconnect from 43.255.190.148: 11:  [preauth]
Apr 11 19:53:55 ovzhost sshd[1138]: PAM 2 more authentication failures; logname= uid=0 euid=0 tty=ssh ruser= rhost=43.255.190.148  user=root
Apr 11 19:53:56 ovzhost sshd[1142]: pam_unix(sshd:auth): authentication failure; logname= uid=0 euid=0 tty=ssh ruser= rhost=43.255.190.148  user=root
Apr 11 19:53:57 ovzhost sshd[1142]: Failed password for root from 43.255.190.148 port 55789 ssh2
Apr 11 19:54:01 ovzhost sshd[1142]: message repeated 2 times: [ Failed password for root from 43.255.190.148 port 55789 ssh2]
Apr 11 19:54:01 ovzhost sshd[1142]: Received disconnect from 43.255.190.148: 11:  [preauth]
Apr 11 19:54:01 ovzhost sshd[1142]: PAM 2 more authentication failures; logname= uid=0 euid=0 tty=ssh ruser= rhost=43.255.190.148  user=root
Apr 11 19:54:02 ovzhost sshd[1144]: pam_unix(sshd:auth): authentication failure; logname= uid=0 euid=0 tty=ssh ruser= rhost=43.255.190.148  user=root
Apr 11 19:54:04 ovzhost sshd[1144]: Failed password for root from 43.255.190.148 port 45767 ssh2
Apr 11 19:54:08 ovzhost sshd[1144]: message repeated 2 times: [ Failed password for root from 43.255.190.148 port 45767 ssh2]
Apr 11 19:54:08 ovzhost sshd[1144]: Received disconnect from 43.255.190.148: 11:  [preauth]
Apr 11 19:54:08 ovzhost sshd[1144]: PAM 2 more authentication failures; logname= uid=0 euid=0 tty=ssh ruser= rhost=43.255.190.148  user=root
Apr 11 19:54:09 ovzhost sshd[1146]: pam_unix(sshd:auth): authentication failure; logname= uid=0 euid=0 tty=ssh ruser= rhost=43.255.190.148  user=root
Apr 11 19:54:10 ovzhost sshd[1146]: Failed password for root from 43.255.190.148 port 37347 ssh2
Apr 11 19:54:14 ovzhost sshd[1146]: message repeated 2 times: [ Failed password for root from 43.255.190.148 port 37347 ssh2]
Apr 11 19:54:15 ovzhost sshd[1146]: Received disconnect from 43.255.190.148: 11:  [preauth]
Apr 11 19:54:15 ovzhost sshd[1146]: PAM 2 more authentication failures; logname= uid=0 euid=0 tty=ssh ruser= rhost=43.255.190.148  user=root
Apr 11 19:54:15 ovzhost sshd[1148]: pam_unix(sshd:auth): authentication failure; logname= uid=0 euid=0 tty=ssh ruser= rhost=43.255.190.148  user=root
Apr 11 19:54:17 ovzhost sshd[1148]: Failed password for root from 43.255.190.148 port 56574 ssh2
Apr 11 19:54:21 ovzhost sshd[1148]: message repeated 2 times: [ Failed password for root from 43.255.190.148 port 56574 ssh2]
Apr 11 19:54:21 ovzhost sshd[1148]: Received disconnect from 43.255.190.148: 11:  [preauth]
Apr 11 19:54:21 ovzhost sshd[1148]: PAM 2 more authentication failures; logname= uid=0 euid=0 tty=ssh ruser= rhost=43.255.190.148  user=root
Apr 11 19:54:22 ovzhost sshd[1150]: pam_unix(sshd:auth): authentication failure; logname= uid=0 euid=0 tty=ssh ruser= rhost=43.255.190.148  user=root
Apr 11 19:54:24 ovzhost sshd[1150]: Failed password for root from 43.255.190.148 port 46858 ssh2
Apr 11 19:54:27 ovzhost sshd[1150]: message repeated 2 times: [ Failed password for root from 43.255.190.148 port 46858 ssh2]
Apr 11 19:54:27 ovzhost sshd[1150]: Received disconnect from 43.255.190.148: 11:  [preauth]
Apr 11 19:54:27 ovzhost sshd[1150]: PAM 2 more authentication failures; logname= uid=0 euid=0 tty=ssh ruser= rhost=43.255.190.148  user=root
Apr 11 19:54:28 ovzhost sshd[1152]: pam_unix(sshd:auth): authentication failure; logname= uid=0 euid=0 tty=ssh ruser= rhost=43.255.190.148  user=root
Apr 11 19:54:30 ovzhost sshd[1152]: Failed password for root from 43.255.190.148 port 37150 ssh2
Apr 11 19:54:34 ovzhost sshd[1152]: message repeated 2 times: [ Failed password for root from 43.255.190.148 port 37150 ssh2]
Apr 11 19:54:34 ovzhost sshd[1152]: Received disconnect from 43.255.190.148: 11:  [preauth]
Apr 11 19:54:34 ovzhost sshd[1152]: PAM 2 more authentication failures; logname= uid=0 euid=0 tty=ssh ruser= rhost=43.255.190.148  user=root
Apr 11 19:54:34 ovzhost sshd[1154]: pam_unix(sshd:auth): authentication failure; logname= uid=0 euid=0 tty=ssh ruser= rhost=43.255.190.148  user=root
Apr 11 19:54:37 ovzhost sshd[1154]: Failed password for root from 43.255.190.148 port 56032 ssh2
Apr 11 19:54:41 ovzhost sshd[1154]: message repeated 2 times: [ Failed password for root from 43.255.190.148 port 56032 ssh2]
Apr 11 19:54:41 ovzhost sshd[1154]: Received disconnect from 43.255.190.148: 11:  [preauth]
Apr 11 19:54:41 ovzhost sshd[1154]: PAM 2 more authentication failures; logname= uid=0 euid=0 tty=ssh ruser= rhost=43.255.190.148  user=root
Apr 11 19:54:42 ovzhost sshd[1156]: pam_unix(sshd:auth): authentication failure; logname= uid=0 euid=0 tty=ssh ruser= rhost=43.255.190.148  user=root
Apr 11 19:54:44 ovzhost sshd[1156]: Failed password for root from 43.255.190.148 port 49009 ssh2
Apr 11 19:54:48 ovzhost sshd[1156]: message repeated 2 times: [ Failed password for root from 43.255.190.148 port 49009 ssh2]
Apr 11 19:54:48 ovzhost sshd[1156]: Received disconnect from 43.255.190.148: 11:  [preauth]
Apr 11 19:54:48 ovzhost sshd[1156]: PAM 2 more authentication failures; logname= uid=0 euid=0 tty=ssh ruser= rhost=43.255.190.148  user=root
Apr 11 19:54:49 ovzhost sshd[1158]: pam_unix(sshd:auth): authentication failure; logname= uid=0 euid=0 tty=ssh ruser= rhost=43.255.190.148  user=root
Apr 11 19:54:51 ovzhost sshd[1158]: Failed password for root from 43.255.190.148 port 41711 ssh2
Apr 11 19:54:55 ovzhost sshd[1158]: message repeated 2 times: [ Failed password for root from 43.255.190.148 port 41711 ssh2]
Apr 11 19:54:55 ovzhost sshd[1158]: Received disconnect from 43.255.190.148: 11:  [preauth]
Apr 11 19:54:55 ovzhost sshd[1158]: PAM 2 more authentication failures; logname= uid=0 euid=0 tty=ssh ruser= rhost=43.255.190.148  user=root
Apr 11 19:54:55 ovzhost sshd[1161]: pam_unix(sshd:auth): authentication failure; logname= uid=0 euid=0 tty=ssh ruser= rhost=43.255.190.148  user=root
Apr 11 19:54:57 ovzhost sshd[1161]: Failed password for root from 43.255.190.148 port 32814 ssh2
Apr 11 19:55:01 ovzhost sshd[1161]: message repeated 2 times: [ Failed password for root from 43.255.190.148 port 32814 ssh2]
Apr 11 19:55:01 ovzhost sshd[1161]: Received disconnect from 43.255.190.148: 11:  [preauth]
Apr 11 19:55:01 ovzhost sshd[1161]: PAM 2 more authentication failures; logname= uid=0 euid=0 tty=ssh ruser= rhost=43.255.190.148  user=root
Apr 11 19:55:02 ovzhost sshd[1163]: pam_unix(sshd:auth): authentication failure; logname= uid=0 euid=0 tty=ssh ruser= rhost=43.255.190.148  user=root
Apr 11 19:55:04 ovzhost sshd[1163]: Failed password for root from 43.255.190.148 port 52201 ssh2
Apr 11 19:55:08 ovzhost sshd[1163]: message repeated 2 times: [ Failed password for root from 43.255.190.148 port 52201 ssh2]
Apr 11 19:55:08 ovzhost sshd[1163]: Received disconnect from 43.255.190.148: 11:  [preauth]
Apr 11 19:55:08 ovzhost sshd[1163]: PAM 2 more authentication failures; logname= uid=0 euid=0 tty=ssh ruser= rhost=43.255.190.148  user=root
Apr 11 19:55:09 ovzhost sshd[1165]: pam_unix(sshd:auth): authentication failure; logname= uid=0 euid=0 tty=ssh ruser= rhost=43.255.190.148  user=root
Apr 11 19:55:11 ovzhost sshd[1165]: Failed password for root from 43.255.190.148 port 42676 ssh2
Apr 11 19:55:14 ovzhost sshd[1165]: message repeated 2 times: [ Failed password for root from 43.255.190.148 port 42676 ssh2]
Apr 11 19:55:14 ovzhost sshd[1165]: Received disconnect from 43.255.190.148: 11:  [preauth]
Apr 11 19:55:14 ovzhost sshd[1165]: PAM 2 more authentication failures; logname= uid=0 euid=0 tty=ssh ruser= rhost=43.255.190.148  user=root
Apr 11 19:55:14 ovzhost sshd[1170]: Connection closed by 127.0.0.1 [preauth]
Apr 11 19:55:15 ovzhost sshd[1167]: pam_unix(sshd:auth): authentication failure; logname= uid=0 euid=0 tty=ssh ruser= rhost=43.255.190.148  user=root
Apr 11 19:55:17 ovzhost sshd[1167]: Failed password for root from 43.255.190.148 port 60864 ssh2
Apr 11 19:55:21 ovzhost sshd[1167]: message repeated 2 times: [ Failed password for root from 43.255.190.148 port 60864 ssh2]
Apr 11 19:55:21 ovzhost sshd[1167]: Received disconnect from 43.255.190.148: 11:  [preauth]
Apr 11 19:55:21 ovzhost sshd[1167]: PAM 2 more authentication failures; logname= uid=0 euid=0 tty=ssh ruser= rhost=43.255.190.148  user=root
Apr 11 19:55:22 ovzhost sshd[1172]: pam_unix(sshd:auth): authentication failure; logname= uid=0 euid=0 tty=ssh ruser= rhost=43.255.190.148  user=root
Apr 11 19:55:24 ovzhost sshd[1172]: Failed password for root from 43.255.190.148 port 52788 ssh2
Apr 11 19:55:28 ovzhost sshd[1172]: message repeated 2 times: [ Failed password for root from 43.255.190.148 port 52788 ssh2]
Apr 11 19:55:28 ovzhost sshd[1172]: Received disconnect from 43.255.190.148: 11:  [preauth]
Apr 11 19:55:28 ovzhost sshd[1172]: PAM 2 more authentication failures; logname= uid=0 euid=0 tty=ssh ruser= rhost=43.255.190.148  user=root
Apr 11 19:55:28 ovzhost sshd[1174]: pam_unix(sshd:auth): authentication failure; logname= uid=0 euid=0 tty=ssh ruser= rhost=43.255.190.148  user=root
Apr 11 19:55:31 ovzhost sshd[1174]: Failed password for root from 43.255.190.148 port 44203 ssh2
Apr 11 19:55:35 ovzhost sshd[1174]: message repeated 2 times: [ Failed password for root from 43.255.190.148 port 44203 ssh2]
Apr 11 19:55:35 ovzhost sshd[1174]: Received disconnect from 43.255.190.148: 11:  [preauth]
Apr 11 19:55:35 ovzhost sshd[1174]: PAM 2 more authentication failures; logname= uid=0 euid=0 tty=ssh ruser= rhost=43.255.190.148  user=root
Apr 11 19:55:36 ovzhost sshd[1176]: pam_unix(sshd:auth): authentication failure; logname= uid=0 euid=0 tty=ssh ruser= rhost=43.255.190.148  user=root
Apr 11 19:55:38 ovzhost sshd[1176]: Failed password for root from 43.255.190.148 port 37279 ssh2
Apr 11 19:55:42 ovzhost sshd[1176]: message repeated 2 times: [ Failed password for root from 43.255.190.148 port 37279 ssh2]
Apr 11 19:55:42 ovzhost sshd[1176]: Received disconnect from 43.255.190.148: 11:  [preauth]
Apr 11 19:55:42 ovzhost sshd[1176]: PAM 2 more authentication failures; logname= uid=0 euid=0 tty=ssh ruser= rhost=43.255.190.148  user=root
Apr 11 19:55:43 ovzhost sshd[1178]: pam_unix(sshd:auth): authentication failure; logname= uid=0 euid=0 tty=ssh ruser= rhost=43.255.190.148  user=root
Apr 11 19:55:45 ovzhost sshd[1178]: Failed password for root from 43.255.190.148 port 57044 ssh2
Apr 11 19:55:49 ovzhost sshd[1178]: message repeated 2 times: [ Failed password for root from 43.255.190.148 port 57044 ssh2]
Apr 11 19:55:49 ovzhost sshd[1178]: Received disconnect from 43.255.190.148: 11:  [preauth]
Apr 11 19:55:49 ovzhost sshd[1178]: PAM 2 more authentication failures; logname= uid=0 euid=0 tty=ssh ruser= rhost=43.255.190.148  user=root
Apr 11 19:55:49 ovzhost sshd[1182]: pam_unix(sshd:auth): authentication failure; logname= uid=0 euid=0 tty=ssh ruser= rhost=43.255.190.148  user=root
Apr 11 19:55:51 ovzhost sshd[1182]: Failed password for root from 43.255.190.148 port 48621 ssh2
Apr 11 19:55:55 ovzhost sshd[1182]: message repeated 2 times: [ Failed password for root from 43.255.190.148 port 48621 ssh2]
Apr 11 19:55:55 ovzhost sshd[1182]: Received disconnect from 43.255.190.148: 11:  [preauth]
Apr 11 19:55:55 ovzhost sshd[1182]: PAM 2 more authentication failures; logname= uid=0 euid=0 tty=ssh ruser= rhost=43.255.190.148  user=root
Apr 11 19:55:56 ovzhost sshd[1184]: pam_unix(sshd:auth): authentication failure; logname= uid=0 euid=0 tty=ssh ruser= rhost=43.255.190.148  user=root
Apr 11 19:55:58 ovzhost sshd[1184]: Failed password for root from 43.255.190.148 port 38816 ssh2
Apr 11 19:56:03 ovzhost sshd[1184]: message repeated 2 times: [ Failed password for root from 43.255.190.148 port 38816 ssh2]
Apr 11 19:56:03 ovzhost sshd[1184]: Received disconnect from 43.255.190.148: 11:  [preauth]
Apr 11 19:56:03 ovzhost sshd[1184]: PAM 2 more authentication failures; logname= uid=0 euid=0 tty=ssh ruser= rhost=43.255.190.148  user=root
Apr 11 19:56:03 ovzhost sshd[1186]: pam_unix(sshd:auth): authentication failure; logname= uid=0 euid=0 tty=ssh ruser= rhost=43.255.190.148  user=root
Apr 11 19:56:06 ovzhost sshd[1186]: Failed password for root from 43.255.190.148 port 58453 ssh2
Apr 11 19:56:10 ovzhost sshd[1186]: message repeated 2 times: [ Failed password for root from 43.255.190.148 port 58453 ssh2]
Apr 11 19:56:10 ovzhost sshd[1186]: Received disconnect from 43.255.190.148: 11:  [preauth]
Apr 11 19:56:10 ovzhost sshd[1186]: PAM 2 more authentication failures; logname= uid=0 euid=0 tty=ssh ruser= rhost=43.255.190.148  user=root
Apr 11 19:56:10 ovzhost sshd[1188]: pam_unix(sshd:auth): authentication failure; logname= uid=0 euid=0 tty=ssh ruser= rhost=43.255.190.148  user=root
Apr 11 19:56:13 ovzhost sshd[1188]: Failed password for root from 43.255.190.148 port 50191 ssh2
Apr 11 19:56:17 ovzhost sshd[1188]: message repeated 2 times: [ Failed password for root from 43.255.190.148 port 50191 ssh2]
Apr 11 19:56:17 ovzhost sshd[1188]: Received disconnect from 43.255.190.148: 11:  [preauth]
Apr 11 19:56:17 ovzhost sshd[1188]: PAM 2 more authentication failures; logname= uid=0 euid=0 tty=ssh ruser= rhost=43.255.190.148  user=root
Apr 11 19:56:18 ovzhost sshd[1190]: pam_unix(sshd:auth): authentication failure; logname= uid=0 euid=0 tty=ssh ruser= rhost=43.255.190.148  user=root
Apr 11 19:56:20 ovzhost sshd[1190]: Failed password for root from 43.255.190.148 port 42236 ssh2
Apr 11 19:56:24 ovzhost sshd[1190]: message repeated 2 times: [ Failed password for root from 43.255.190.148 port 42236 ssh2]
Apr 11 19:56:24 ovzhost sshd[1190]: Received disconnect from 43.255.190.148: 11:  [preauth]
Apr 11 19:56:24 ovzhost sshd[1190]: PAM 2 more authentication failures; logname= uid=0 euid=0 tty=ssh ruser= rhost=43.255.190.148  user=root
Apr 11 19:56:25 ovzhost sshd[1194]: pam_unix(sshd:auth): authentication failure; logname= uid=0 euid=0 tty=ssh ruser= rhost=43.255.190.148  user=root
Apr 11 19:56:27 ovzhost sshd[1194]: Failed password for root from 43.255.190.148 port 60595 ssh2
Apr 11 19:56:31 ovzhost sshd[1194]: message repeated 2 times: [ Failed password for root from 43.255.190.148 port 60595 ssh2]
Apr 11 19:56:31 ovzhost sshd[1194]: Received disconnect from 43.255.190.148: 11:  [preauth]
Apr 11 19:56:31 ovzhost sshd[1194]: PAM 2 more authentication failures; logname= uid=0 euid=0 tty=ssh ruser= rhost=43.255.190.148  user=root
Apr 11 19:56:31 ovzhost sshd[1196]: pam_unix(sshd:auth): authentication failure; logname= uid=0 euid=0 tty=ssh ruser= rhost=43.255.190.148  user=root
Apr 11 19:56:33 ovzhost sshd[1196]: Failed password for root from 43.255.190.148 port 49371 ssh2
Apr 11 19:56:37 ovzhost sshd[1196]: message repeated 2 times: [ Failed password for root from 43.255.190.148 port 49371 ssh2]
Apr 11 19:56:38 ovzhost sshd[1196]: Received disconnect from 43.255.190.148: 11:  [preauth]
Apr 11 19:56:38 ovzhost sshd[1196]: PAM 2 more authentication failures; logname= uid=0 euid=0 tty=ssh ruser= rhost=43.255.190.148  user=root
Apr 11 19:56:38 ovzhost sshd[1198]: pam_unix(sshd:auth): authentication failure; logname= uid=0 euid=0 tty=ssh ruser= rhost=43.255.190.148  user=root
Apr 11 19:56:40 ovzhost sshd[1198]: Failed password for root from 43.255.190.148 port 39334 ssh2
Apr 11 19:56:44 ovzhost sshd[1198]: message repeated 2 times: [ Failed password for root from 43.255.190.148 port 39334 ssh2]
Apr 11 19:56:44 ovzhost sshd[1198]: Received disconnect from 43.255.190.148: 11:  [preauth]
Apr 11 19:56:44 ovzhost sshd[1198]: PAM 2 more authentication failures; logname= uid=0 euid=0 tty=ssh ruser= rhost=43.255.190.148  user=root
Apr 11 19:56:45 ovzhost sshd[1200]: pam_unix(sshd:auth): authentication failure; logname= uid=0 euid=0 tty=ssh ruser= rhost=43.255.190.148  user=root
Apr 11 19:56:48 ovzhost sshd[1200]: Failed password for root from 43.255.190.148 port 56720 ssh2
Apr 11 19:56:52 ovzhost sshd[1200]: message repeated 2 times: [ Failed password for root from 43.255.190.148 port 56720 ssh2]
Apr 11 19:56:52 ovzhost sshd[1200]: Received disconnect from 43.255.190.148: 11:  [preauth]
Apr 11 19:56:52 ovzhost sshd[1200]: PAM 2 more authentication failures; logname= uid=0 euid=0 tty=ssh ruser= rhost=43.255.190.148  user=root
Apr 11 20:00:01 ovzhost CRON[1218]: pam_env(cron:session): Unable to open env file: /etc/default/locale: No such file or directory
Apr 11 20:00:01 ovzhost CRON[1218]: pam_unix(cron:session): session opened for user smmsp by (uid=0)
Apr 11 20:00:01 ovzhost CRON[1218]: pam_unix(cron:session): session closed for user smmsp
Apr 11 20:00:14 ovzhost sshd[1245]: Connection closed by 127.0.0.1 [preauth]
Apr 11 20:00:23 ovzhost sshd[1248]: Connection closed by 128.8.37.104 [preauth]
Apr 11 20:05:14 ovzhost sshd[1267]: Connection closed by 127.0.0.1 [preauth]
Apr 11 20:09:01 ovzhost CRON[1287]: pam_env(cron:session): Unable to open env file: /etc/default/locale: No such file or directory
Apr 11 20:09:01 ovzhost CRON[1288]: pam_env(cron:session): Unable to open env file: /etc/default/locale: No such file or directory
Apr 11 20:09:01 ovzhost CRON[1287]: pam_unix(cron:session): session opened for user root by (uid=0)
Apr 11 20:09:01 ovzhost CRON[1288]: pam_unix(cron:session): session opened for user root by (uid=0)
Apr 11 20:09:01 ovzhost CRON[1287]: pam_unix(cron:session): session closed for user root
Apr 11 20:09:01 ovzhost CRON[1288]: pam_unix(cron:session): session closed for user root
Apr 11 20:10:14 ovzhost sshd[1304]: Connection closed by 127.0.0.1 [preauth]
Apr 11 20:10:23 ovzhost sshd[1307]: Connection closed by 128.8.37.104 [preauth]
Apr 11 20:10:42 ovzhost sshd[1309]: pam_unix(sshd:auth): authentication failure; logname= uid=0 euid=0 tty=ssh ruser= rhost=43.255.190.134  user=root
Apr 11 20:10:43 ovzhost sshd[1311]: pam_unix(sshd:auth): authentication failure; logname= uid=0 euid=0 tty=ssh ruser= rhost=43.255.190.160  user=root
Apr 11 20:10:44 ovzhost sshd[1309]: Failed password for root from 43.255.190.134 port 36961 ssh2
Apr 11 20:10:45 ovzhost sshd[1311]: Failed password for root from 43.255.190.160 port 46744 ssh2
Apr 11 20:10:48 ovzhost sshd[1309]: message repeated 2 times: [ Failed password for root from 43.255.190.134 port 36961 ssh2]
Apr 11 20:10:48 ovzhost sshd[1309]: Received disconnect from 43.255.190.134: 11:  [preauth]
Apr 11 20:10:48 ovzhost sshd[1309]: PAM 2 more authentication failures; logname= uid=0 euid=0 tty=ssh ruser= rhost=43.255.190.134  user=root
Apr 11 20:10:49 ovzhost sshd[1311]: message repeated 2 times: [ Failed password for root from 43.255.190.160 port 46744 ssh2]
Apr 11 20:10:49 ovzhost sshd[1311]: Received disconnect from 43.255.190.160: 11:  [preauth]
Apr 11 20:10:49 ovzhost sshd[1311]: PAM 2 more authentication failures; logname= uid=0 euid=0 tty=ssh ruser= rhost=43.255.190.160  user=root
Apr 11 20:10:49 ovzhost sshd[1313]: pam_unix(sshd:auth): authentication failure; logname= uid=0 euid=0 tty=ssh ruser= rhost=43.255.190.134  user=root
Apr 11 20:10:49 ovzhost sshd[1315]: pam_unix(sshd:auth): authentication failure; logname= uid=0 euid=0 tty=ssh ruser= rhost=43.255.190.160  user=root
Apr 11 20:10:51 ovzhost sshd[1313]: Failed password for root from 43.255.190.134 port 55210 ssh2
Apr 11 20:10:52 ovzhost sshd[1315]: Failed password for root from 43.255.190.160 port 35145 ssh2
Apr 11 20:10:55 ovzhost sshd[1313]: message repeated 2 times: [ Failed password for root from 43.255.190.134 port 55210 ssh2]
Apr 11 20:10:55 ovzhost sshd[1313]: Received disconnect from 43.255.190.134: 11:  [preauth]
Apr 11 20:10:55 ovzhost sshd[1313]: PAM 2 more authentication failures; logname= uid=0 euid=0 tty=ssh ruser= rhost=43.255.190.134  user=root
Apr 11 20:10:55 ovzhost sshd[1317]: pam_unix(sshd:auth): authentication failure; logname= uid=0 euid=0 tty=ssh ruser= rhost=43.255.190.134  user=root
Apr 11 20:10:56 ovzhost sshd[1315]: message repeated 2 times: [ Failed password for root from 43.255.190.160 port 35145 ssh2]
Apr 11 20:10:56 ovzhost sshd[1315]: Received disconnect from 43.255.190.160: 11:  [preauth]
Apr 11 20:10:56 ovzhost sshd[1315]: PAM 2 more authentication failures; logname= uid=0 euid=0 tty=ssh ruser= rhost=43.255.190.160  user=root
Apr 11 20:10:56 ovzhost sshd[1319]: pam_unix(sshd:auth): authentication failure; logname= uid=0 euid=0 tty=ssh ruser= rhost=43.255.190.160  user=root
Apr 11 20:10:57 ovzhost sshd[1317]: Failed password for root from 43.255.190.134 port 44694 ssh2
Apr 11 20:10:58 ovzhost sshd[1319]: Failed password for root from 43.255.190.160 port 52724 ssh2
Apr 11 20:11:02 ovzhost sshd[1317]: message repeated 2 times: [ Failed password for root from 43.255.190.134 port 44694 ssh2]
Apr 11 20:11:02 ovzhost sshd[1317]: Received disconnect from 43.255.190.134: 11:  [preauth]
Apr 11 20:11:02 ovzhost sshd[1317]: PAM 2 more authentication failures; logname= uid=0 euid=0 tty=ssh ruser= rhost=43.255.190.134  user=root
Apr 11 20:11:03 ovzhost sshd[1323]: pam_unix(sshd:auth): authentication failure; logname= uid=0 euid=0 tty=ssh ruser= rhost=43.255.190.134  user=root
Apr 11 20:11:03 ovzhost sshd[1319]: message repeated 2 times: [ Failed password for root from 43.255.190.160 port 52724 ssh2]
Apr 11 20:11:03 ovzhost sshd[1319]: Received disconnect from 43.255.190.160: 11:  [preauth]
Apr 11 20:11:03 ovzhost sshd[1319]: PAM 2 more authentication failures; logname= uid=0 euid=0 tty=ssh ruser= rhost=43.255.190.160  user=root
Apr 11 20:11:03 ovzhost sshd[1325]: pam_unix(sshd:auth): authentication failure; logname= uid=0 euid=0 tty=ssh ruser= rhost=43.255.190.160  user=root
Apr 11 20:11:04 ovzhost sshd[1323]: Failed password for root from 43.255.190.134 port 35448 ssh2
Apr 11 20:11:05 ovzhost sshd[1325]: Failed password for root from 43.255.190.160 port 42525 ssh2
Apr 11 20:11:08 ovzhost sshd[1323]: message repeated 2 times: [ Failed password for root from 43.255.190.134 port 35448 ssh2]
Apr 11 20:11:08 ovzhost sshd[1323]: Received disconnect from 43.255.190.134: 11:  [preauth]
Apr 11 20:11:08 ovzhost sshd[1323]: PAM 2 more authentication failures; logname= uid=0 euid=0 tty=ssh ruser= rhost=43.255.190.134  user=root
Apr 11 20:11:08 ovzhost sshd[1327]: pam_unix(sshd:auth): authentication failure; logname= uid=0 euid=0 tty=ssh ruser= rhost=43.255.190.134  user=root
Apr 11 20:11:09 ovzhost sshd[1325]: message repeated 2 times: [ Failed password for root from 43.255.190.160 port 42525 ssh2]
Apr 11 20:11:09 ovzhost sshd[1325]: Received disconnect from 43.255.190.160: 11:  [preauth]
Apr 11 20:11:09 ovzhost sshd[1325]: PAM 2 more authentication failures; logname= uid=0 euid=0 tty=ssh ruser= rhost=43.255.190.160  user=root
Apr 11 20:11:09 ovzhost sshd[1329]: pam_unix(sshd:auth): authentication failure; logname= uid=0 euid=0 tty=ssh ruser= rhost=43.255.190.160  user=root
Apr 11 20:11:10 ovzhost sshd[1327]: Failed password for root from 43.255.190.134 port 51217 ssh2
Apr 11 20:11:12 ovzhost sshd[1329]: Failed password for root from 43.255.190.160 port 57801 ssh2
Apr 11 20:11:15 ovzhost sshd[1327]: message repeated 2 times: [ Failed password for root from 43.255.190.134 port 51217 ssh2]
Apr 11 20:11:15 ovzhost sshd[1327]: Received disconnect from 43.255.190.134: 11:  [preauth]
Apr 11 20:11:15 ovzhost sshd[1327]: PAM 2 more authentication failures; logname= uid=0 euid=0 tty=ssh ruser= rhost=43.255.190.134  user=root
Apr 11 20:11:15 ovzhost sshd[1331]: pam_unix(sshd:auth): authentication failure; logname= uid=0 euid=0 tty=ssh ruser= rhost=43.255.190.134  user=root
Apr 11 20:11:16 ovzhost sshd[1329]: message repeated 2 times: [ Failed password for root from 43.255.190.160 port 57801 ssh2]
Apr 11 20:11:17 ovzhost sshd[1329]: Received disconnect from 43.255.190.160: 11:  [preauth]
Apr 11 20:11:17 ovzhost sshd[1329]: PAM 2 more authentication failures; logname= uid=0 euid=0 tty=ssh ruser= rhost=43.255.190.160  user=root
Apr 11 20:11:17 ovzhost sshd[1331]: Failed password for root from 43.255.190.134 port 41263 ssh2
Apr 11 20:11:17 ovzhost sshd[1333]: pam_unix(sshd:auth): authentication failure; logname= uid=0 euid=0 tty=ssh ruser= rhost=43.255.190.160  user=root
Apr 11 20:11:18 ovzhost sshd[1333]: Failed password for root from 43.255.190.160 port 47937 ssh2
Apr 11 20:11:20 ovzhost sshd[1331]: message repeated 2 times: [ Failed password for root from 43.255.190.134 port 41263 ssh2]
Apr 11 20:11:20 ovzhost sshd[1331]: Received disconnect from 43.255.190.134: 11:  [preauth]
Apr 11 20:11:20 ovzhost sshd[1331]: PAM 2 more authentication failures; logname= uid=0 euid=0 tty=ssh ruser= rhost=43.255.190.134  user=root
Apr 11 20:11:21 ovzhost sshd[1335]: pam_unix(sshd:auth): authentication failure; logname= uid=0 euid=0 tty=ssh ruser= rhost=43.255.190.134  user=root
Apr 11 20:11:22 ovzhost sshd[1333]: message repeated 2 times: [ Failed password for root from 43.255.190.160 port 47937 ssh2]
Apr 11 20:11:22 ovzhost sshd[1333]: Received disconnect from 43.255.190.160: 11:  [preauth]
Apr 11 20:11:22 ovzhost sshd[1333]: PAM 2 more authentication failures; logname= uid=0 euid=0 tty=ssh ruser= rhost=43.255.190.160  user=root
Apr 11 20:11:23 ovzhost sshd[1337]: pam_unix(sshd:auth): authentication failure; logname= uid=0 euid=0 tty=ssh ruser= rhost=43.255.190.160  user=root
Apr 11 20:11:23 ovzhost sshd[1335]: Failed password for root from 43.255.190.134 port 57640 ssh2
Apr 11 20:11:25 ovzhost sshd[1337]: Failed password for root from 43.255.190.160 port 34550 ssh2
Apr 11 20:11:28 ovzhost sshd[1335]: message repeated 2 times: [ Failed password for root from 43.255.190.134 port 57640 ssh2]
