Mar 31 17:16:56 ovzhost sudo:     root : unable to resolve host ovzhost
Mar 31 17:16:56 ovzhost sudo:     root : TTY=pts/0 ; PWD=/ ; USER=root ; COMMAND=/usr/bin/less /root/.bash_history
Mar 31 17:16:56 ovzhost sudo: pam_unix(sudo:session): session opened for user root by (uid=0)
Mar 31 17:16:57 ovzhost sudo: pam_unix(sudo:session): session closed for user root
Apr  2 14:31:13 ovzhost sshd[419]: Server listening on 0.0.0.0 port 22.
Apr  2 14:31:13 ovzhost sshd[419]: Server listening on :: port 22.
Apr  2 14:31:13 ovzhost saslauthd[637]: detach_tty      : master pid is: 637
Apr  2 14:31:13 ovzhost saslauthd[637]: ipc_init        : listening on socket: /var/run/saslauthd/mux
Apr  2 14:33:26 ovzhost sshd[797]: Connection closed by 127.0.0.1 [preauth]
Apr 11 19:39:01 ovzhost CRON[795]: pam_env(cron:session): Unable to open env file: /etc/default/locale: No such file or directory
Apr 11 19:39:01 ovzhost CRON[795]: pam_unix(cron:session): session opened for user root by (uid=0)
Apr 11 19:39:02 ovzhost CRON[795]: pam_unix(cron:session): session closed for user root
Apr 11 19:40:01 ovzhost CRON[808]: pam_env(cron:session): Unable to open env file: /etc/default/locale: No such file or directory
Apr 11 19:40:01 ovzhost CRON[808]: pam_unix(cron:session): session opened for user smmsp by (uid=0)
Apr 11 19:40:01 ovzhost CRON[808]: pam_unix(cron:session): session closed for user smmsp
Apr 11 19:40:14 ovzhost sshd[835]: Connection closed by 127.0.0.1 [preauth]
Apr 11 19:40:23 ovzhost sshd[838]: Connection closed by 128.8.37.104 [preauth]
Apr 11 19:44:46 ovzhost sshd[855]: pam_unix(sshd:auth): authentication failure; logname= uid=0 euid=0 tty=ssh ruser= rhost=43.255.190.153  user=root
Apr 11 19:44:48 ovzhost sshd[855]: Failed password for root from 43.255.190.153 port 33220 ssh2
Apr 11 19:44:53 ovzhost sshd[855]: message repeated 2 times: [ Failed password for root from 43.255.190.153 port 33220 ssh2]
Apr 11 19:44:53 ovzhost sshd[855]: Received disconnect from 43.255.190.153: 11:  [preauth]
Apr 11 19:44:53 ovzhost sshd[855]: PAM 2 more authentication failures; logname= uid=0 euid=0 tty=ssh ruser= rhost=43.255.190.153  user=root
Apr 11 19:44:54 ovzhost sshd[858]: pam_unix(sshd:auth): authentication failure; logname= uid=0 euid=0 tty=ssh ruser= rhost=43.255.190.153  user=root
Apr 11 19:44:56 ovzhost sshd[858]: Failed password for root from 43.255.190.153 port 49271 ssh2
Apr 11 19:45:00 ovzhost sshd[858]: message repeated 2 times: [ Failed password for root from 43.255.190.153 port 49271 ssh2]
Apr 11 19:45:00 ovzhost sshd[858]: Received disconnect from 43.255.190.153: 11:  [preauth]
Apr 11 19:45:00 ovzhost sshd[858]: PAM 2 more authentication failures; logname= uid=0 euid=0 tty=ssh ruser= rhost=43.255.190.153  user=root
Apr 11 19:45:01 ovzhost sshd[860]: pam_unix(sshd:auth): authentication failure; logname= uid=0 euid=0 tty=ssh ruser= rhost=43.255.190.153  user=root
Apr 11 19:45:03 ovzhost sshd[860]: Failed password for root from 43.255.190.153 port 37349 ssh2
Apr 11 19:45:08 ovzhost sshd[860]: message repeated 2 times: [ Failed password for root from 43.255.190.153 port 37349 ssh2]
Apr 11 19:45:08 ovzhost sshd[860]: Received disconnect from 43.255.190.153: 11:  [preauth]
Apr 11 19:45:08 ovzhost sshd[860]: PAM 2 more authentication failures; logname= uid=0 euid=0 tty=ssh ruser= rhost=43.255.190.153  user=root
Apr 11 19:45:08 ovzhost sshd[862]: pam_unix(sshd:auth): authentication failure; logname= uid=0 euid=0 tty=ssh ruser= rhost=43.255.190.153  user=root
Apr 11 19:45:10 ovzhost sshd[862]: Failed password for root from 43.255.190.153 port 54128 ssh2
Apr 11 19:45:14 ovzhost sshd[862]: message repeated 2 times: [ Failed password for root from 43.255.190.153 port 54128 ssh2]
Apr 11 19:45:14 ovzhost sshd[862]: Received disconnect from 43.255.190.153: 11:  [preauth]
Apr 11 19:45:14 ovzhost sshd[862]: PAM 2 more authentication failures; logname= uid=0 euid=0 tty=ssh ruser= rhost=43.255.190.153  user=root
Apr 11 19:45:14 ovzhost sshd[865]: Connection closed by 127.0.0.1 [preauth]
Apr 11 19:45:15 ovzhost sshd[867]: pam_unix(sshd:auth): authentication failure; logname= uid=0 euid=0 tty=ssh ruser= rhost=43.255.190.153  user=root
Apr 11 19:45:17 ovzhost sshd[867]: Failed password for root from 43.255.190.153 port 40566 ssh2
Apr 11 19:45:21 ovzhost sshd[867]: message repeated 2 times: [ Failed password for root from 43.255.190.153 port 40566 ssh2]
Apr 11 19:45:22 ovzhost sshd[867]: Received disconnect from 43.255.190.153: 11:  [preauth]
Apr 11 19:45:22 ovzhost sshd[867]: PAM 2 more authentication failures; logname= uid=0 euid=0 tty=ssh ruser= rhost=43.255.190.153  user=root
Apr 11 19:45:22 ovzhost sshd[869]: pam_unix(sshd:auth): authentication failure; logname= uid=0 euid=0 tty=ssh ruser= rhost=43.255.190.153  user=root
Apr 11 19:45:23 ovzhost sshd[869]: Failed password for root from 43.255.190.153 port 56047 ssh2
Apr 11 19:45:27 ovzhost sshd[869]: message repeated 2 times: [ Failed password for root from 43.255.190.153 port 56047 ssh2]
Apr 11 19:45:27 ovzhost sshd[869]: Received disconnect from 43.255.190.153: 11:  [preauth]
Apr 11 19:45:27 ovzhost sshd[869]: PAM 2 more authentication failures; logname= uid=0 euid=0 tty=ssh ruser= rhost=43.255.190.153  user=root
Apr 11 19:45:28 ovzhost sshd[871]: pam_unix(sshd:auth): authentication failure; logname= uid=0 euid=0 tty=ssh ruser= rhost=43.255.190.153  user=root
Apr 11 19:45:30 ovzhost sshd[871]: Failed password for root from 43.255.190.153 port 41778 ssh2
Apr 11 19:45:34 ovzhost sshd[871]: message repeated 2 times: [ Failed password for root from 43.255.190.153 port 41778 ssh2]
Apr 11 19:45:34 ovzhost sshd[871]: Received disconnect from 43.255.190.153: 11:  [preauth]
Apr 11 19:45:34 ovzhost sshd[871]: PAM 2 more authentication failures; logname= uid=0 euid=0 tty=ssh ruser= rhost=43.255.190.153  user=root
Apr 11 19:45:35 ovzhost sshd[873]: pam_unix(sshd:auth): authentication failure; logname= uid=0 euid=0 tty=ssh ruser= rhost=43.255.190.153  user=root
Apr 11 19:45:36 ovzhost sshd[873]: Failed password for root from 43.255.190.153 port 57430 ssh2
Apr 11 19:45:40 ovzhost sshd[873]: message repeated 2 times: [ Failed password for root from 43.255.190.153 port 57430 ssh2]
Apr 11 19:45:40 ovzhost sshd[873]: Received disconnect from 43.255.190.153: 11:  [preauth]
Apr 11 19:45:40 ovzhost sshd[873]: PAM 2 more authentication failures; logname= uid=0 euid=0 tty=ssh ruser= rhost=43.255.190.153  user=root
Apr 11 19:45:41 ovzhost sshd[875]: pam_unix(sshd:auth): authentication failure; logname= uid=0 euid=0 tty=ssh ruser= rhost=43.255.190.153  user=root
Apr 11 19:45:42 ovzhost sshd[875]: Failed password for root from 43.255.190.153 port 43792 ssh2
Apr 11 19:45:46 ovzhost sshd[875]: message repeated 2 times: [ Failed password for root from 43.255.190.153 port 43792 ssh2]
Apr 11 19:45:46 ovzhost sshd[875]: Received disconnect from 43.255.190.153: 11:  [preauth]
Apr 11 19:45:46 ovzhost sshd[875]: PAM 2 more authentication failures; logname= uid=0 euid=0 tty=ssh ruser= rhost=43.255.190.153  user=root
Apr 11 19:45:47 ovzhost sshd[879]: pam_unix(sshd:auth): authentication failure; logname= uid=0 euid=0 tty=ssh ruser= rhost=43.255.190.153  user=root
Apr 11 19:45:49 ovzhost sshd[879]: Failed password for root from 43.255.190.153 port 58679 ssh2
Apr 11 19:45:53 ovzhost sshd[879]: message repeated 2 times: [ Failed password for root from 43.255.190.153 port 58679 ssh2]
Apr 11 19:45:53 ovzhost sshd[879]: Received disconnect from 43.255.190.153: 11:  [preauth]
Apr 11 19:45:53 ovzhost sshd[879]: PAM 2 more authentication failures; logname= uid=0 euid=0 tty=ssh ruser= rhost=43.255.190.153  user=root
Apr 11 19:45:54 ovzhost sshd[881]: pam_unix(sshd:auth): authentication failure; logname= uid=0 euid=0 tty=ssh ruser= rhost=43.255.190.153  user=root
Apr 11 19:45:56 ovzhost sshd[881]: Failed password for root from 43.255.190.153 port 46353 ssh2
Apr 11 19:45:59 ovzhost sshd[881]: message repeated 2 times: [ Failed password for root from 43.255.190.153 port 46353 ssh2]
Apr 11 19:45:59 ovzhost sshd[881]: Received disconnect from 43.255.190.153: 11:  [preauth]
Apr 11 19:45:59 ovzhost sshd[881]: PAM 2 more authentication failures; logname= uid=0 euid=0 tty=ssh ruser= rhost=43.255.190.153  user=root
Apr 11 19:46:00 ovzhost sshd[883]: pam_unix(sshd:auth): authentication failure; logname= uid=0 euid=0 tty=ssh ruser= rhost=43.255.190.153  user=root
Apr 11 19:46:02 ovzhost sshd[883]: Failed password for root from 43.255.190.153 port 33258 ssh2
Apr 11 19:46:07 ovzhost sshd[883]: message repeated 2 times: [ Failed password for root from 43.255.190.153 port 33258 ssh2]
Apr 11 19:46:07 ovzhost sshd[883]: Received disconnect from 43.255.190.153: 11:  [preauth]
Apr 11 19:46:07 ovzhost sshd[883]: PAM 2 more authentication failures; logname= uid=0 euid=0 tty=ssh ruser= rhost=43.255.190.153  user=root
Apr 11 19:46:07 ovzhost sshd[885]: pam_unix(sshd:auth): authentication failure; logname= uid=0 euid=0 tty=ssh ruser= rhost=43.255.190.153  user=root
Apr 11 19:46:10 ovzhost sshd[885]: Failed password for root from 43.255.190.153 port 49810 ssh2
Apr 11 19:46:12 ovzhost sshd[885]: message repeated 2 times: [ Failed password for root from 43.255.190.153 port 49810 ssh2]
Apr 11 19:46:12 ovzhost sshd[885]: Received disconnect from 43.255.190.153: 11:  [preauth]
Apr 11 19:46:12 ovzhost sshd[885]: PAM 2 more authentication failures; logname= uid=0 euid=0 tty=ssh ruser= rhost=43.255.190.153  user=root
Apr 11 19:46:13 ovzhost sshd[887]: pam_unix(sshd:auth): authentication failure; logname= uid=0 euid=0 tty=ssh ruser= rhost=43.255.190.153  user=root
Apr 11 19:46:16 ovzhost sshd[887]: Failed password for root from 43.255.190.153 port 35628 ssh2
Apr 11 19:46:19 ovzhost sshd[887]: message repeated 2 times: [ Failed password for root from 43.255.190.153 port 35628 ssh2]
Apr 11 19:46:19 ovzhost sshd[887]: Received disconnect from 43.255.190.153: 11:  [preauth]
Apr 11 19:46:19 ovzhost sshd[887]: PAM 2 more authentication failures; logname= uid=0 euid=0 tty=ssh ruser= rhost=43.255.190.153  user=root
Apr 11 19:46:19 ovzhost sshd[891]: pam_unix(sshd:auth): authentication failure; logname= uid=0 euid=0 tty=ssh ruser= rhost=43.255.190.153  user=root
Apr 11 19:46:21 ovzhost sshd[891]: Failed password for root from 43.255.190.153 port 50706 ssh2
Apr 11 19:46:25 ovzhost sshd[891]: message repeated 2 times: [ Failed password for root from 43.255.190.153 port 50706 ssh2]
Apr 11 19:46:25 ovzhost sshd[891]: Received disconnect from 43.255.190.153: 11:  [preauth]
Apr 11 19:46:25 ovzhost sshd[891]: PAM 2 more authentication failures; logname= uid=0 euid=0 tty=ssh ruser= rhost=43.255.190.153  user=root
Apr 11 19:46:26 ovzhost sshd[893]: pam_unix(sshd:auth): authentication failure; logname= uid=0 euid=0 tty=ssh ruser= rhost=43.255.190.153  user=root
Apr 11 19:46:29 ovzhost sshd[893]: Failed password for root from 43.255.190.153 port 37702 ssh2
Apr 11 19:46:32 ovzhost sshd[893]: message repeated 2 times: [ Failed password for root from 43.255.190.153 port 37702 ssh2]
Apr 11 19:46:32 ovzhost sshd[893]: Received disconnect from 43.255.190.153: 11:  [preauth]
Apr 11 19:46:32 ovzhost sshd[893]: PAM 2 more authentication failures; logname= uid=0 euid=0 tty=ssh ruser= rhost=43.255.190.153  user=root
Apr 11 19:46:33 ovzhost sshd[895]: pam_unix(sshd:auth): authentication failure; logname= uid=0 euid=0 tty=ssh ruser= rhost=43.255.190.153  user=root
Apr 11 19:46:34 ovzhost sshd[895]: Failed password for root from 43.255.190.153 port 53245 ssh2
Apr 11 19:46:38 ovzhost sshd[895]: message repeated 2 times: [ Failed password for root from 43.255.190.153 port 53245 ssh2]
Apr 11 19:46:38 ovzhost sshd[895]: Received disconnect from 43.255.190.153: 11:  [preauth]
Apr 11 19:46:38 ovzhost sshd[895]: PAM 2 more authentication failures; logname= uid=0 euid=0 tty=ssh ruser= rhost=43.255.190.153  user=root
Apr 11 19:46:39 ovzhost sshd[897]: pam_unix(sshd:auth): authentication failure; logname= uid=0 euid=0 tty=ssh ruser= rhost=43.255.190.153  user=root
Apr 11 19:46:41 ovzhost sshd[897]: Failed password for root from 43.255.190.153 port 38679 ssh2
Apr 11 19:46:44 ovzhost sshd[897]: message repeated 2 times: [ Failed password for root from 43.255.190.153 port 38679 ssh2]
Apr 11 19:46:44 ovzhost sshd[897]: Received disconnect from 43.255.190.153: 11:  [preauth]
Apr 11 19:46:44 ovzhost sshd[897]: PAM 2 more authentication failures; logname= uid=0 euid=0 tty=ssh ruser= rhost=43.255.190.153  user=root
Apr 11 19:46:45 ovzhost sshd[899]: pam_unix(sshd:auth): authentication failure; logname= uid=0 euid=0 tty=ssh ruser= rhost=43.255.190.153  user=root
Apr 11 19:46:47 ovzhost sshd[899]: Failed password for root from 43.255.190.153 port 53584 ssh2
Apr 11 19:46:51 ovzhost sshd[899]: message repeated 2 times: [ Failed password for root from 43.255.190.153 port 53584 ssh2]
Apr 11 19:46:51 ovzhost sshd[899]: Received disconnect from 43.255.190.153: 11:  [preauth]
Apr 11 19:46:51 ovzhost sshd[899]: PAM 2 more authentication failures; logname= uid=0 euid=0 tty=ssh ruser= rhost=43.255.190.153  user=root
Apr 11 19:46:52 ovzhost sshd[902]: pam_unix(sshd:auth): authentication failure; logname= uid=0 euid=0 tty=ssh ruser= rhost=43.255.190.153  user=root
Apr 11 19:46:53 ovzhost sshd[902]: Failed password for root from 43.255.190.153 port 40286 ssh2
Apr 11 19:46:56 ovzhost sshd[902]: message repeated 2 times: [ Failed password for root from 43.255.190.153 port 40286 ssh2]
Apr 11 19:46:57 ovzhost sshd[902]: Received disconnect from 43.255.190.153: 11:  [preauth]
Apr 11 19:46:57 ovzhost sshd[902]: PAM 2 more authentication failures; logname= uid=0 euid=0 tty=ssh ruser= rhost=43.255.190.153  user=root
Apr 11 19:46:57 ovzhost sshd[906]: pam_unix(sshd:auth): authentication failure; logname= uid=0 euid=0 tty=ssh ruser= rhost=43.255.190.153  user=root
Apr 11 19:46:59 ovzhost sshd[906]: Failed password for root from 43.255.190.153 port 53611 ssh2
Apr 11 19:47:03 ovzhost sshd[906]: message repeated 2 times: [ Failed password for root from 43.255.190.153 port 53611 ssh2]
Apr 11 19:47:03 ovzhost sshd[906]: Received disconnect from 43.255.190.153: 11:  [preauth]
Apr 11 19:47:03 ovzhost sshd[906]: PAM 2 more authentication failures; logname= uid=0 euid=0 tty=ssh ruser= rhost=43.255.190.153  user=root
Apr 11 19:47:04 ovzhost sshd[908]: pam_unix(sshd:auth): authentication failure; logname= uid=0 euid=0 tty=ssh ruser= rhost=43.255.190.153  user=root
Apr 11 19:47:05 ovzhost sshd[908]: Failed password for root from 43.255.190.153 port 40181 ssh2
Apr 11 19:47:09 ovzhost sshd[908]: message repeated 2 times: [ Failed password for root from 43.255.190.153 port 40181 ssh2]
Apr 11 19:47:09 ovzhost sshd[908]: Received disconnect from 43.255.190.153: 11:  [preauth]
Apr 11 19:47:09 ovzhost sshd[908]: PAM 2 more authentication failures; logname= uid=0 euid=0 tty=ssh ruser= rhost=43.255.190.153  user=root
Apr 11 19:47:09 ovzhost sshd[910]: pam_unix(sshd:auth): authentication failure; logname= uid=0 euid=0 tty=ssh ruser= rhost=43.255.190.153  user=root
Apr 11 19:47:11 ovzhost sshd[910]: Failed password for root from 43.255.190.153 port 53232 ssh2
Apr 11 19:47:15 ovzhost sshd[910]: message repeated 2 times: [ Failed password for root from 43.255.190.153 port 53232 ssh2]
Apr 11 19:47:15 ovzhost sshd[910]: Received disconnect from 43.255.190.153: 11:  [preauth]
Apr 11 19:47:15 ovzhost sshd[910]: PAM 2 more authentication failures; logname= uid=0 euid=0 tty=ssh ruser= rhost=43.255.190.153  user=root
Apr 11 19:47:16 ovzhost sshd[914]: pam_unix(sshd:auth): authentication failure; logname= uid=0 euid=0 tty=ssh ruser= rhost=43.255.190.153  user=root
Apr 11 19:47:17 ovzhost sshd[914]: Failed password for root from 43.255.190.153 port 39328 ssh2
Apr 11 19:47:21 ovzhost sshd[914]: message repeated 2 times: [ Failed password for root from 43.255.190.153 port 39328 ssh2]
Apr 11 19:47:21 ovzhost sshd[914]: Received disconnect from 43.255.190.153: 11:  [preauth]
Apr 11 19:47:21 ovzhost sshd[914]: PAM 2 more authentication failures; logname= uid=0 euid=0 tty=ssh ruser= rhost=43.255.190.153  user=root
Apr 11 19:47:22 ovzhost sshd[917]: pam_unix(sshd:auth): authentication failure; logname= uid=0 euid=0 tty=ssh ruser= rhost=43.255.190.153  user=root
Apr 11 19:47:24 ovzhost sshd[917]: Failed password for root from 43.255.190.153 port 52454 ssh2
Apr 11 19:47:28 ovzhost sshd[917]: message repeated 2 times: [ Failed password for root from 43.255.190.153 port 52454 ssh2]
Apr 11 19:47:28 ovzhost sshd[917]: Received disconnect from 43.255.190.153: 11:  [preauth]
Apr 11 19:47:28 ovzhost sshd[917]: PAM 2 more authentication failures; logname= uid=0 euid=0 tty=ssh ruser= rhost=43.255.190.153  user=root
Apr 11 19:47:29 ovzhost sshd[919]: pam_unix(sshd:auth): authentication failure; logname= uid=0 euid=0 tty=ssh ruser= rhost=43.255.190.153  user=root
Apr 11 19:47:30 ovzhost sshd[919]: Failed password for root from 43.255.190.153 port 39915 ssh2
Apr 11 19:47:34 ovzhost sshd[919]: message repeated 2 times: [ Failed password for root from 43.255.190.153 port 39915 ssh2]
Apr 11 19:47:34 ovzhost sshd[919]: Received disconnect from 43.255.190.153: 11:  [preauth]
Apr 11 19:47:34 ovzhost sshd[919]: PAM 2 more authentication failures; logname= uid=0 euid=0 tty=ssh ruser= rhost=43.255.190.153  user=root
Apr 11 19:47:34 ovzhost sshd[921]: pam_unix(sshd:auth): authentication failure; logname= uid=0 euid=0 tty=ssh ruser= rhost=43.255.190.153  user=root
Apr 11 19:47:36 ovzhost sshd[921]: Failed password for root from 43.255.190.153 port 52490 ssh2
Apr 11 19:47:41 ovzhost sshd[921]: message repeated 2 times: [ Failed password for root from 43.255.190.153 port 52490 ssh2]
Apr 11 19:47:41 ovzhost sshd[921]: Received disconnect from 43.255.190.153: 11:  [preauth]
Apr 11 19:47:41 ovzhost sshd[921]: PAM 2 more authentication failures; logname= uid=0 euid=0 tty=ssh ruser= rhost=43.255.190.153  user=root
Apr 11 19:47:41 ovzhost sshd[923]: pam_unix(sshd:auth): authentication failure; logname= uid=0 euid=0 tty=ssh ruser= rhost=43.255.190.153  user=root
Apr 11 19:47:43 ovzhost sshd[923]: Failed password for root from 43.255.190.153 port 38963 ssh2
Apr 11 19:47:47 ovzhost sshd[923]: message repeated 2 times: [ Failed password for root from 43.255.190.153 port 38963 ssh2]
Apr 11 19:47:47 ovzhost sshd[923]: Received disconnect from 43.255.190.153: 11:  [preauth]
Apr 11 19:47:47 ovzhost sshd[923]: PAM 2 more authentication failures; logname= uid=0 euid=0 tty=ssh ruser= rhost=43.255.190.153  user=root
Apr 11 19:47:48 ovzhost sshd[925]: pam_unix(sshd:auth): authentication failure; logname= uid=0 euid=0 tty=ssh ruser= rhost=43.255.190.153  user=root
Apr 11 19:47:49 ovzhost sshd[925]: Failed password for root from 43.255.190.153 port 52818 ssh2
Apr 11 19:47:53 ovzhost sshd[925]: message repeated 2 times: [ Failed password for root from 43.255.190.153 port 52818 ssh2]
Apr 11 19:47:53 ovzhost sshd[925]: Received disconnect from 43.255.190.153: 11:  [preauth]
Apr 11 19:47:53 ovzhost sshd[925]: PAM 2 more authentication failures; logname= uid=0 euid=0 tty=ssh ruser= rhost=43.255.190.153  user=root
Apr 11 19:47:54 ovzhost sshd[928]: pam_unix(sshd:auth): authentication failure; logname= uid=0 euid=0 tty=ssh ruser= rhost=43.255.190.153  user=root
Apr 11 19:47:56 ovzhost sshd[928]: Failed password for root from 43.255.190.153 port 37772 ssh2
Apr 11 19:48:00 ovzhost sshd[928]: message repeated 2 times: [ Failed password for root from 43.255.190.153 port 37772 ssh2]
Apr 11 19:48:00 ovzhost sshd[928]: Received disconnect from 43.255.190.153: 11:  [preauth]
Apr 11 19:48:00 ovzhost sshd[928]: PAM 2 more authentication failures; logname= uid=0 euid=0 tty=ssh ruser= rhost=43.255.190.153  user=root
Apr 11 19:48:00 ovzhost sshd[932]: pam_unix(sshd:auth): authentication failure; logname= uid=0 euid=0 tty=ssh ruser= rhost=43.255.190.153  user=root
Apr 11 19:48:02 ovzhost sshd[932]: Failed password for root from 43.255.190.153 port 51327 ssh2
Apr 11 19:48:06 ovzhost sshd[932]: message repeated 2 times: [ Failed password for root from 43.255.190.153 port 51327 ssh2]
Apr 11 19:48:06 ovzhost sshd[932]: Received disconnect from 43.255.190.153: 11:  [preauth]
Apr 11 19:48:06 ovzhost sshd[932]: PAM 2 more authentication failures; logname= uid=0 euid=0 tty=ssh ruser= rhost=43.255.190.153  user=root
Apr 11 19:48:07 ovzhost sshd[934]: pam_unix(sshd:auth): authentication failure; logname= uid=0 euid=0 tty=ssh ruser= rhost=43.255.190.153  user=root
Apr 11 19:48:09 ovzhost sshd[934]: Failed password for root from 43.255.190.153 port 36835 ssh2
Apr 11 19:48:13 ovzhost sshd[934]: message repeated 2 times: [ Failed password for root from 43.255.190.153 port 36835 ssh2]
Apr 11 19:48:13 ovzhost sshd[934]: Received disconnect from 43.255.190.153: 11:  [preauth]
Apr 11 19:48:13 ovzhost sshd[934]: PAM 2 more authentication failures; logname= uid=0 euid=0 tty=ssh ruser= rhost=43.255.190.153  user=root
Apr 11 19:48:14 ovzhost sshd[936]: pam_unix(sshd:auth): authentication failure; logname= uid=0 euid=0 tty=ssh ruser= rhost=43.255.190.153  user=root
Apr 11 19:48:16 ovzhost sshd[936]: Failed password for root from 43.255.190.153 port 50417 ssh2
Apr 11 19:48:20 ovzhost sshd[936]: message repeated 2 times: [ Failed password for root from 43.255.190.153 port 50417 ssh2]
Apr 11 19:48:20 ovzhost sshd[936]: Received disconnect from 43.255.190.153: 11:  [preauth]
Apr 11 19:48:20 ovzhost sshd[936]: PAM 2 more authentication failures; logname= uid=0 euid=0 tty=ssh ruser= rhost=43.255.190.153  user=root
Apr 11 19:48:20 ovzhost sshd[938]: pam_unix(sshd:auth): authentication failure; logname= uid=0 euid=0 tty=ssh ruser= rhost=43.255.190.153  user=root
Apr 11 19:48:22 ovzhost sshd[938]: Failed password for root from 43.255.190.153 port 36145 ssh2
Apr 11 19:48:26 ovzhost sshd[938]: message repeated 2 times: [ Failed password for root from 43.255.190.153 port 36145 ssh2]
Apr 11 19:48:26 ovzhost sshd[938]: Received disconnect from 43.255.190.153: 11:  [preauth]
Apr 11 19:48:26 ovzhost sshd[938]: PAM 2 more authentication failures; logname= uid=0 euid=0 tty=ssh ruser= rhost=43.255.190.153  user=root
Apr 11 19:48:26 ovzhost sshd[942]: pam_unix(sshd:auth): authentication failure; logname= uid=0 euid=0 tty=ssh ruser= rhost=43.255.190.153  user=root
Apr 11 19:48:28 ovzhost sshd[945]: pam_unix(sshd:auth): authentication failure; logname= uid=0 euid=0 tty=ssh ruser= rhost=43.255.190.148  user=root
Apr 11 19:48:28 ovzhost sshd[942]: Failed password for root from 43.255.190.153 port 48025 ssh2
Apr 11 19:48:30 ovzhost sshd[945]: Failed password for root from 43.255.190.148 port 54442 ssh2
Apr 11 19:48:32 ovzhost sshd[942]: message repeated 2 times: [ Failed password for root from 43.255.190.153 port 48025 ssh2]
Apr 11 19:48:32 ovzhost sshd[942]: Received disconnect from 43.255.190.153: 11:  [preauth]
Apr 11 19:48:32 ovzhost sshd[942]: PAM 2 more authentication failures; logname= uid=0 euid=0 tty=ssh ruser= rhost=43.255.190.153  user=root
Apr 11 19:48:33 ovzhost sshd[947]: pam_unix(sshd:auth): authentication failure; logname= uid=0 euid=0 tty=ssh ruser= rhost=43.255.190.153  user=root
Apr 11 19:48:35 ovzhost sshd[945]: message repeated 2 times: [ Failed password for root from 43.255.190.148 port 54442 ssh2]
Apr 11 19:48:35 ovzhost sshd[945]: Received disconnect from 43.255.190.148: 11:  [preauth]
Apr 11 19:48:35 ovzhost sshd[945]: PAM 2 more authentication failures; logname= uid=0 euid=0 tty=ssh ruser= rhost=43.255.190.148  user=root
Apr 11 19:48:35 ovzhost sshd[949]: pam_unix(sshd:auth): authentication failure; logname= uid=0 euid=0 tty=ssh ruser= rhost=43.255.190.148  user=root
Apr 11 19:48:35 ovzhost sshd[947]: Failed password for root from 43.255.190.153 port 33255 ssh2
Apr 11 19:48:37 ovzhost sshd[949]: Failed password for root from 43.255.190.148 port 44047 ssh2
Apr 11 19:48:39 ovzhost sshd[947]: message repeated 2 times: [ Failed password for root from 43.255.190.153 port 33255 ssh2]
Apr 11 19:48:39 ovzhost sshd[947]: Received disconnect from 43.255.190.153: 11:  [preauth]
Apr 11 19:48:39 ovzhost sshd[947]: PAM 2 more authentication failures; logname= uid=0 euid=0 tty=ssh ruser= rhost=43.255.190.153  user=root
Apr 11 19:48:40 ovzhost sshd[951]: pam_unix(sshd:auth): authentication failure; logname= uid=0 euid=0 tty=ssh ruser= rhost=43.255.190.153  user=root
Apr 11 19:48:41 ovzhost sshd[949]: message repeated 2 times: [ Failed password for root from 43.255.190.148 port 44047 ssh2]
Apr 11 19:48:41 ovzhost sshd[949]: Received disconnect from 43.255.190.148: 11:  [preauth]
Apr 11 19:48:41 ovzhost sshd[949]: PAM 2 more authentication failures; logname= uid=0 euid=0 tty=ssh ruser= rhost=43.255.190.148  user=root
Apr 11 19:48:41 ovzhost sshd[953]: pam_unix(sshd:auth): authentication failure; logname= uid=0 euid=0 tty=ssh ruser= rhost=43.255.190.148  user=root
Apr 11 19:48:43 ovzhost sshd[951]: Failed password for root from 43.255.190.153 port 47005 ssh2
Apr 11 19:48:43 ovzhost sshd[953]: Failed password for root from 43.255.190.148 port 59172 ssh2
Apr 11 19:48:47 ovzhost sshd[951]: message repeated 2 times: [ Failed password for root from 43.255.190.153 port 47005 ssh2]
Apr 11 19:48:47 ovzhost sshd[951]: Received disconnect from 43.255.190.153: 11:  [preauth]
Apr 11 19:48:47 ovzhost sshd[951]: PAM 2 more authentication failures; logname= uid=0 euid=0 tty=ssh ruser= rhost=43.255.190.153  user=root
Apr 11 19:48:47 ovzhost sshd[953]: message repeated 2 times: [ Failed password for root from 43.255.190.148 port 59172 ssh2]
Apr 11 19:48:47 ovzhost sshd[953]: Received disconnect from 43.255.190.148: 11:  [preauth]
Apr 11 19:48:47 ovzhost sshd[953]: PAM 2 more authentication failures; logname= uid=0 euid=0 tty=ssh ruser= rhost=43.255.190.148  user=root
Apr 11 19:48:47 ovzhost sshd[955]: pam_unix(sshd:auth): authentication failure; logname= uid=0 euid=0 tty=ssh ruser= rhost=43.255.190.153  user=root
Apr 11 19:48:48 ovzhost sshd[957]: pam_unix(sshd:auth): authentication failure; logname= uid=0 euid=0 tty=ssh ruser= rhost=43.255.190.148  user=root
Apr 11 19:48:49 ovzhost sshd[955]: Failed password for root from 43.255.190.153 port 33524 ssh2
Apr 11 19:48:50 ovzhost sshd[957]: Failed password for root from 43.255.190.148 port 46629 ssh2
Apr 11 19:48:53 ovzhost sshd[955]: message repeated 2 times: [ Failed password for root from 43.255.190.153 port 33524 ssh2]
Apr 11 19:48:54 ovzhost sshd[955]: Received disconnect from 43.255.190.153: 11:  [preauth]
Apr 11 19:48:54 ovzhost sshd[955]: PAM 2 more authentication failures; logname= uid=0 euid=0 tty=ssh ruser= rhost=43.255.190.153  user=root
Apr 11 19:48:54 ovzhost sshd[961]: pam_unix(sshd:auth): authentication failure; logname= uid=0 euid=0 tty=ssh ruser= rhost=43.255.190.153  user=root
Apr 11 19:48:54 ovzhost sshd[957]: message repeated 2 times: [ Failed password for root from 43.255.190.148 port 46629 ssh2]
Apr 11 19:48:54 ovzhost sshd[957]: Received disconnect from 43.255.190.148: 11:  [preauth]
Apr 11 19:48:54 ovzhost sshd[957]: PAM 2 more authentication failures; logname= uid=0 euid=0 tty=ssh ruser= rhost=43.255.190.148  user=root
Apr 11 19:48:55 ovzhost sshd[963]: pam_unix(sshd:auth): authentication failure; logname= uid=0 euid=0 tty=ssh ruser= rhost=43.255.190.148  user=root
Apr 11 19:48:56 ovzhost sshd[961]: Failed password for root from 43.255.190.153 port 46845 ssh2
Apr 11 19:48:57 ovzhost sshd[963]: Failed password for root from 43.255.190.148 port 35229 ssh2
Apr 11 19:49:00 ovzhost sshd[963]: message repeated 2 times: [ Failed password for root from 43.255.190.148 port 35229 ssh2]
Apr 11 19:49:00 ovzhost sshd[963]: Received disconnect from 43.255.190.148: 11:  [preauth]
Apr 11 19:49:00 ovzhost sshd[963]: PAM 2 more authentication failures; logname= uid=0 euid=0 tty=ssh ruser= rhost=43.255.190.148  user=root
Apr 11 19:49:00 ovzhost sshd[961]: message repeated 2 times: [ Failed password for root from 43.255.190.153 port 46845 ssh2]
Apr 11 19:49:00 ovzhost sshd[961]: Received disconnect from 43.255.190.153: 11:  [preauth]
Apr 11 19:49:00 ovzhost sshd[961]: PAM 2 more authentication failures; logname= uid=0 euid=0 tty=ssh ruser= rhost=43.255.190.153  user=root
Apr 11 19:49:01 ovzhost sshd[965]: pam_unix(sshd:auth): authentication failure; logname= uid=0 euid=0 tty=ssh ruser= rhost=43.255.190.148  user=root
Apr 11 19:49:01 ovzhost sshd[967]: pam_unix(sshd:auth): authentication failure; logname= uid=0 euid=0 tty=ssh ruser= rhost=43.255.190.153  user=root
Apr 11 19:49:03 ovzhost sshd[965]: Failed password for root from 43.255.190.148 port 49928 ssh2
Apr 11 19:49:03 ovzhost sshd[967]: Failed password for root from 43.255.190.153 port 60948 ssh2
Apr 11 19:49:07 ovzhost sshd[965]: message repeated 2 times: [ Failed password for root from 43.255.190.148 port 49928 ssh2]
Apr 11 19:49:07 ovzhost sshd[965]: Received disconnect from 43.255.190.148: 11:  [preauth]
Apr 11 19:49:07 ovzhost sshd[965]: PAM 2 more authentication failures; logname= uid=0 euid=0 tty=ssh ruser= rhost=43.255.190.148  user=root
Apr 11 19:49:07 ovzhost sshd[967]: message repeated 2 times: [ Failed password for root from 43.255.190.153 port 60948 ssh2]
Apr 11 19:49:07 ovzhost sshd[967]: Received disconnect from 43.255.190.153: 11:  [preauth]
Apr 11 19:49:07 ovzhost sshd[967]: PAM 2 more authentication failures; logname= uid=0 euid=0 tty=ssh ruser= rhost=43.255.190.153  user=root
Apr 11 19:49:08 ovzhost sshd[969]: pam_unix(sshd:auth): authentication failure; logname= uid=0 euid=0 tty=ssh ruser= rhost=43.255.190.148  user=root
Apr 11 19:49:08 ovzhost sshd[971]: pam_unix(sshd:auth): authentication failure; logname= uid=0 euid=0 tty=ssh ruser= rhost=43.255.190.153  user=root
Apr 11 19:49:10 ovzhost sshd[969]: Failed password for root from 43.255.190.148 port 37761 ssh2
Apr 11 19:49:10 ovzhost sshd[971]: Failed password for root from 43.255.190.153 port 46178 ssh2
Apr 11 19:49:15 ovzhost sshd[969]: message repeated 2 times: [ Failed password for root from 43.255.190.148 port 37761 ssh2]
Apr 11 19:49:15 ovzhost sshd[969]: Received disconnect from 43.255.190.148: 11:  [preauth]
Apr 11 19:49:15 ovzhost sshd[969]: PAM 2 more authentication failures; logname= uid=0 euid=0 tty=ssh ruser= rhost=43.255.190.148  user=root
Apr 11 19:49:15 ovzhost sshd[971]: message repeated 2 times: [ Failed password for root from 43.255.190.153 port 46178 ssh2]
Apr 11 19:49:15 ovzhost sshd[971]: Received disconnect from 43.255.190.153: 11:  [preauth]
Apr 11 19:49:15 ovzhost sshd[971]: PAM 2 more authentication failures; logname= uid=0 euid=0 tty=ssh ruser= rhost=43.255.190.153  user=root
Apr 11 19:49:15 ovzhost sshd[973]: pam_unix(sshd:auth): authentication failure; logname= uid=0 euid=0 tty=ssh ruser= rhost=43.255.190.148  user=root
Apr 11 19:49:15 ovzhost sshd[975]: pam_unix(sshd:auth): authentication failure; logname= uid=0 euid=0 tty=ssh ruser= rhost=43.255.190.153  user=root
Apr 11 19:49:18 ovzhost sshd[973]: Failed password for root from 43.255.190.148 port 55518 ssh2
Apr 11 19:49:18 ovzhost sshd[975]: Failed password for root from 43.255.190.153 port 60697 ssh2
Apr 11 19:49:22 ovzhost sshd[973]: message repeated 2 times: [ Failed password for root from 43.255.190.148 port 55518 ssh2]
Apr 11 19:49:22 ovzhost sshd[973]: Received disconnect from 43.255.190.148: 11:  [preauth]
Apr 11 19:49:22 ovzhost sshd[973]: PAM 2 more authentication failures; logname= uid=0 euid=0 tty=ssh ruser= rhost=43.255.190.148  user=root
Apr 11 19:49:22 ovzhost sshd[975]: message repeated 2 times: [ Failed password for root from 43.255.190.153 port 60697 ssh2]
Apr 11 19:49:22 ovzhost sshd[975]: Received disconnect from 43.255.190.153: 11:  [preauth]
Apr 11 19:49:22 ovzhost sshd[975]: PAM 2 more authentication failures; logname= uid=0 euid=0 tty=ssh ruser= rhost=43.255.190.153  user=root
Apr 11 19:49:22 ovzhost sshd[978]: pam_unix(sshd:auth): authentication failure; logname= uid=0 euid=0 tty=ssh ruser= rhost=43.255.190.148  user=root
Apr 11 19:49:22 ovzhost sshd[980]: pam_unix(sshd:auth): authentication failure; logname= uid=0 euid=0 tty=ssh ruser= rhost=43.255.190.153  user=root
Apr 11 19:49:25 ovzhost sshd[978]: Failed password for root from 43.255.190.148 port 43423 ssh2
Apr 11 19:49:25 ovzhost sshd[980]: Failed password for root from 43.255.190.153 port 45766 ssh2
Apr 11 19:49:29 ovzhost sshd[978]: message repeated 2 times: [ Failed password for root from 43.255.190.148 port 43423 ssh2]
Apr 11 19:49:29 ovzhost sshd[978]: Received disconnect from 43.255.190.148: 11:  [preauth]
Apr 11 19:49:29 ovzhost sshd[978]: PAM 2 more authentication failures; logname= uid=0 euid=0 tty=ssh ruser= rhost=43.255.190.148  user=root
Apr 11 19:49:29 ovzhost sshd[980]: message repeated 2 times: [ Failed password for root from 43.255.190.153 port 45766 ssh2]
Apr 11 19:49:29 ovzhost sshd[980]: Received disconnect from 43.255.190.153: 11:  [preauth]
Apr 11 19:49:29 ovzhost sshd[980]: PAM 2 more authentication failures; logname= uid=0 euid=0 tty=ssh ruser= rhost=43.255.190.153  user=root
Apr 11 19:49:30 ovzhost sshd[982]: pam_unix(sshd:auth): authentication failure; logname= uid=0 euid=0 tty=ssh ruser= rhost=43.255.190.148  user=root
Apr 11 19:49:30 ovzhost sshd[984]: pam_unix(sshd:auth): authentication failure; logname= uid=0 euid=0 tty=ssh ruser= rhost=43.255.190.153  user=root
Apr 11 19:49:31 ovzhost sshd[982]: Failed password for root from 43.255.190.148 port 60841 ssh2
Apr 11 19:49:31 ovzhost sshd[984]: Failed password for root from 43.255.190.153 port 60184 ssh2
Apr 11 19:49:36 ovzhost sshd[982]: message repeated 2 times: [ Failed password for root from 43.255.190.148 port 60841 ssh2]
Apr 11 19:49:36 ovzhost sshd[982]: Received disconnect from 43.255.190.148: 11:  [preauth]
Apr 11 19:49:36 ovzhost sshd[982]: PAM 2 more authentication failures; logname= uid=0 euid=0 tty=ssh ruser= rhost=43.255.190.148  user=root
Apr 11 19:49:36 ovzhost sshd[984]: message repeated 2 times: [ Failed password for root from 43.255.190.153 port 60184 ssh2]
Apr 11 19:49:36 ovzhost sshd[984]: Received disconnect from 43.255.190.153: 11:  [preauth]
Apr 11 19:49:36 ovzhost sshd[984]: PAM 2 more authentication failures; logname= uid=0 euid=0 tty=ssh ruser= rhost=43.255.190.153  user=root
Apr 11 19:49:36 ovzhost sshd[986]: pam_unix(sshd:auth): authentication failure; logname= uid=0 euid=0 tty=ssh ruser= rhost=43.255.190.148  user=root
Apr 11 19:49:37 ovzhost sshd[988]: pam_unix(sshd:auth): authentication failure; logname= uid=0 euid=0 tty=ssh ruser= rhost=43.255.190.153  user=root
Apr 11 19:49:38 ovzhost sshd[986]: Failed password for root from 43.255.190.148 port 47636 ssh2
Apr 11 19:49:39 ovzhost sshd[988]: Failed password for root from 43.255.190.153 port 45463 ssh2
Apr 11 19:49:43 ovzhost sshd[986]: message repeated 2 times: [ Failed password for root from 43.255.190.148 port 47636 ssh2]
Apr 11 19:49:43 ovzhost sshd[986]: Received disconnect from 43.255.190.148: 11:  [preauth]
Apr 11 19:49:43 ovzhost sshd[986]: PAM 2 more authentication failures; logname= uid=0 euid=0 tty=ssh ruser= rhost=43.255.190.148  user=root
Apr 11 19:49:43 ovzhost sshd[988]: message repeated 2 times: [ Failed password for root from 43.255.190.153 port 45463 ssh2]
Apr 11 19:49:43 ovzhost sshd[988]: Received disconnect from 43.255.190.153: 11:  [preauth]
Apr 11 19:49:43 ovzhost sshd[988]: PAM 2 more authentication failures; logname= uid=0 euid=0 tty=ssh ruser= rhost=43.255.190.153  user=root
Apr 11 19:49:43 ovzhost sshd[990]: pam_unix(sshd:auth): authentication failure; logname= uid=0 euid=0 tty=ssh ruser= rhost=43.255.190.148  user=root
Apr 11 19:49:44 ovzhost sshd[992]: pam_unix(sshd:auth): authentication failure; logname= uid=0 euid=0 tty=ssh ruser= rhost=43.255.190.153  user=root
Apr 11 19:49:45 ovzhost sshd[990]: Failed password for root from 43.255.190.148 port 35396 ssh2
Apr 11 19:49:45 ovzhost sshd[992]: Failed password for root from 43.255.190.153 port 58870 ssh2
Apr 11 19:49:50 ovzhost sshd[990]: message repeated 2 times: [ Failed password for root from 43.255.190.148 port 35396 ssh2]
Apr 11 19:49:50 ovzhost sshd[990]: Received disconnect from 43.255.190.148: 11:  [preauth]
Apr 11 19:49:50 ovzhost sshd[990]: PAM 2 more authentication failures; logname= uid=0 euid=0 tty=ssh ruser= rhost=43.255.190.148  user=root
Apr 11 19:49:50 ovzhost sshd[992]: message repeated 2 times: [ Failed password for root from 43.255.190.153 port 58870 ssh2]
Apr 11 19:49:50 ovzhost sshd[992]: Received disconnect from 43.255.190.153: 11:  [preauth]
Apr 11 19:49:50 ovzhost sshd[992]: PAM 2 more authentication failures; logname= uid=0 euid=0 tty=ssh ruser= rhost=43.255.190.153  user=root
Apr 11 19:49:50 ovzhost sshd[994]: pam_unix(sshd:auth): authentication failure; logname= uid=0 euid=0 tty=ssh ruser= rhost=43.255.190.148  user=root
Apr 11 19:49:50 ovzhost sshd[996]: pam_unix(sshd:auth): authentication failure; logname= uid=0 euid=0 tty=ssh ruser= rhost=43.255.190.153  user=root
Apr 11 19:49:53 ovzhost sshd[994]: Failed password for root from 43.255.190.148 port 51144 ssh2
Apr 11 19:49:53 ovzhost sshd[996]: Failed password for root from 43.255.190.153 port 43775 ssh2
Apr 11 19:49:57 ovzhost sshd[994]: message repeated 2 times: [ Failed password for root from 43.255.190.148 port 51144 ssh2]
Apr 11 19:49:57 ovzhost sshd[994]: Received disconnect from 43.255.190.148: 11:  [preauth]
Apr 11 19:49:57 ovzhost sshd[994]: PAM 2 more authentication failures; logname= uid=0 euid=0 tty=ssh ruser= rhost=43.255.190.148  user=root
Apr 11 19:49:57 ovzhost sshd[996]: message repeated 2 times: [ Failed password for root from 43.255.190.153 port 43775 ssh2]
Apr 11 19:49:57 ovzhost sshd[996]: Received disconnect from 43.255.190.153: 11:  [preauth]
Apr 11 19:49:57 ovzhost sshd[996]: PAM 2 more authentication failures; logname= uid=0 euid=0 tty=ssh ruser= rhost=43.255.190.153  user=root
Apr 11 19:49:57 ovzhost sshd[999]: pam_unix(sshd:auth): authentication failure; logname= uid=0 euid=0 tty=ssh ruser= rhost=43.255.190.148  user=root
Apr 11 19:49:57 ovzhost sshd[1001]: pam_unix(sshd:auth): authentication failure; logname= uid=0 euid=0 tty=ssh ruser= rhost=43.255.190.153  user=root
Apr 11 19:50:00 ovzhost sshd[999]: Failed password for root from 43.255.190.148 port 38297 ssh2
Apr 11 19:50:00 ovzhost sshd[1001]: Failed password for root from 43.255.190.153 port 56842 ssh2
Apr 11 19:50:04 ovzhost sshd[999]: message repeated 2 times: [ Failed password for root from 43.255.190.148 port 38297 ssh2]
Apr 11 19:50:04 ovzhost sshd[999]: Received disconnect from 43.255.190.148: 11:  [preauth]
Apr 11 19:50:04 ovzhost sshd[999]: PAM 2 more authentication failures; logname= uid=0 euid=0 tty=ssh ruser= rhost=43.255.190.148  user=root
Apr 11 19:50:04 ovzhost sshd[1001]: message repeated 2 times: [ Failed password for root from 43.255.190.153 port 56842 ssh2]
Apr 11 19:50:04 ovzhost sshd[1001]: Received disconnect from 43.255.190.153: 11:  [preauth]
Apr 11 19:50:04 ovzhost sshd[1001]: PAM 2 more authentication failures; logname= uid=0 euid=0 tty=ssh ruser= rhost=43.255.190.153  user=root
Apr 11 19:50:04 ovzhost sshd[1003]: pam_unix(sshd:auth): authentication failure; logname= uid=0 euid=0 tty=ssh ruser= rhost=43.255.190.148  user=root
Apr 11 19:50:05 ovzhost sshd[1005]: pam_unix(sshd:auth): authentication failure; logname= uid=0 euid=0 tty=ssh ruser= rhost=43.255.190.153  user=root
Apr 11 19:50:07 ovzhost sshd[1005]: Failed password for root from 43.255.190.153 port 42062 ssh2
Apr 11 19:50:07 ovzhost sshd[1003]: Failed password for root from 43.255.190.148 port 53782 ssh2
Apr 11 19:50:10 ovzhost sshd[1005]: message repeated 2 times: [ Failed password for root from 43.255.190.153 port 42062 ssh2]
Apr 11 19:50:10 ovzhost sshd[1005]: Received disconnect from 43.255.190.153: 11:  [preauth]
Apr 11 19:50:10 ovzhost sshd[1005]: PAM 2 more authentication failures; logname= uid=0 euid=0 tty=ssh ruser= rhost=43.255.190.153  user=root
Apr 11 19:50:11 ovzhost sshd[1007]: pam_unix(sshd:auth): authentication failure; logname= uid=0 euid=0 tty=ssh ruser= rhost=43.255.190.153  user=root
Apr 11 19:50:11 ovzhost sshd[1003]: message repeated 2 times: [ Failed password for root from 43.255.190.148 port 53782 ssh2]
Apr 11 19:50:11 ovzhost sshd[1003]: Received disconnect from 43.255.190.148: 11:  [preauth]
Apr 11 19:50:11 ovzhost sshd[1003]: PAM 2 more authentication failures; logname= uid=0 euid=0 tty=ssh ruser= rhost=43.255.190.148  user=root
Apr 11 19:50:12 ovzhost sshd[1009]: pam_unix(sshd:auth): authentication failure; logname= uid=0 euid=0 tty=ssh ruser= rhost=43.255.190.148  user=root
Apr 11 19:50:13 ovzhost sshd[1007]: Failed password for root from 43.255.190.153 port 54560 ssh2
Apr 11 19:50:14 ovzhost sshd[1009]: Failed password for root from 43.255.190.148 port 42255 ssh2
Apr 11 19:50:14 ovzhost sshd[1012]: Connection closed by 127.0.0.1 [preauth]
Apr 11 19:50:17 ovzhost sshd[1007]: message repeated 2 times: [ Failed password for root from 43.255.190.153 port 54560 ssh2]
Apr 11 19:50:17 ovzhost sshd[1007]: Received disconnect from 43.255.190.153: 11:  [preauth]
Apr 11 19:50:17 ovzhost sshd[1007]: PAM 2 more authentication failures; logname= uid=0 euid=0 tty=ssh ruser= rhost=43.255.190.153  user=root
Apr 11 19:50:18 ovzhost sshd[1014]: pam_unix(sshd:auth): authentication failure; logname= uid=0 euid=0 tty=ssh ruser= rhost=43.255.190.153  user=root
Apr 11 19:50:18 ovzhost sshd[1009]: message repeated 2 times: [ Failed password for root from 43.255.190.148 port 42255 ssh2]
Apr 11 19:50:18 ovzhost sshd[1009]: Received disconnect from 43.255.190.148: 11:  [preauth]
Apr 11 19:50:18 ovzhost sshd[1009]: PAM 2 more authentication failures; logname= uid=0 euid=0 tty=ssh ruser= rhost=43.255.190.148  user=root
Apr 11 19:50:19 ovzhost sshd[1016]: pam_unix(sshd:auth): authentication failure; logname= uid=0 euid=0 tty=ssh ruser= rhost=43.255.190.148  user=root
Apr 11 19:50:20 ovzhost sshd[1014]: Failed password for root from 43.255.190.153 port 39227 ssh2
Apr 11 19:50:21 ovzhost sshd[1016]: Failed password for root from 43.255.190.148 port 57911 ssh2
Apr 11 19:50:23 ovzhost sshd[1019]: Connection closed by 128.8.37.104 [preauth]
Apr 11 19:50:25 ovzhost sshd[1014]: message repeated 2 times: [ Failed password for root from 43.255.190.153 port 39227 ssh2]
Apr 11 19:50:25 ovzhost sshd[1014]: Received disconnect from 43.255.190.153: 11:  [preauth]
Apr 11 19:50:25 ovzhost sshd[1014]: PAM 2 more authentication failures; logname= uid=0 euid=0 tty=ssh ruser= rhost=43.255.190.153  user=root
Apr 11 19:50:25 ovzhost sshd[1021]: pam_unix(sshd:auth): authentication failure; logname= uid=0 euid=0 tty=ssh ruser= rhost=43.255.190.153  user=root
Apr 11 19:50:26 ovzhost sshd[1016]: message repeated 2 times: [ Failed password for root from 43.255.190.148 port 57911 ssh2]
Apr 11 19:50:26 ovzhost sshd[1016]: Received disconnect from 43.255.190.148: 11:  [preauth]
Apr 11 19:50:26 ovzhost sshd[1016]: PAM 2 more authentication failures; logname= uid=0 euid=0 tty=ssh ruser= rhost=43.255.190.148  user=root
Apr 11 19:50:26 ovzhost sshd[1023]: pam_unix(sshd:auth): authentication failure; logname= uid=0 euid=0 tty=ssh ruser= rhost=43.255.190.148  user=root
Apr 11 19:50:28 ovzhost sshd[1021]: Failed password for root from 43.255.190.153 port 52919 ssh2
Apr 11 19:50:28 ovzhost sshd[1023]: Failed password for root from 43.255.190.148 port 45907 ssh2
Apr 11 19:50:32 ovzhost sshd[1021]: message repeated 2 times: [ Failed password for root from 43.255.190.153 port 52919 ssh2]
Apr 11 19:50:32 ovzhost sshd[1021]: Received disconnect from 43.255.190.153: 11:  [preauth]
Apr 11 19:50:32 ovzhost sshd[1021]: PAM 2 more authentication failures; logname= uid=0 euid=0 tty=ssh ruser= rhost=43.255.190.153  user=root
Apr 11 19:50:33 ovzhost sshd[1025]: pam_unix(sshd:auth): authentication failure; logname= uid=0 euid=0 tty=ssh ruser= rhost=43.255.190.153  user=root
Apr 11 19:50:33 ovzhost sshd[1023]: message repeated 2 times: [ Failed password for root from 43.255.190.148 port 45907 ssh2]
Apr 11 19:50:33 ovzhost sshd[1023]: Received disconnect from 43.255.190.148: 11:  [preauth]
Apr 11 19:50:33 ovzhost sshd[1023]: PAM 2 more authentication failures; logname= uid=0 euid=0 tty=ssh ruser= rhost=43.255.190.148  user=root
Apr 11 19:50:34 ovzhost sshd[1027]: pam_unix(sshd:auth): authentication failure; logname= uid=0 euid=0 tty=ssh ruser= rhost=43.255.190.148  user=root
Apr 11 19:50:35 ovzhost sshd[1025]: Failed password for root from 43.255.190.153 port 38769 ssh2
Apr 11 19:50:36 ovzhost sshd[1027]: Failed password for root from 43.255.190.148 port 33277 ssh2
Apr 11 19:50:39 ovzhost sshd[1025]: message repeated 2 times: [ Failed password for root from 43.255.190.153 port 38769 ssh2]
Apr 11 19:50:40 ovzhost sshd[1025]: Received disconnect from 43.255.190.153: 11:  [preauth]
Apr 11 19:50:40 ovzhost sshd[1025]: PAM 2 more authentication failures; logname= uid=0 euid=0 tty=ssh ruser= rhost=43.255.190.153  user=root
Apr 11 19:50:40 ovzhost sshd[1027]: message repeated 2 times: [ Failed password for root from 43.255.190.148 port 33277 ssh2]
Apr 11 19:50:40 ovzhost sshd[1027]: Received disconnect from 43.255.190.148: 11:  [preauth]
Apr 11 19:50:40 ovzhost sshd[1027]: PAM 2 more authentication failures; logname= uid=0 euid=0 tty=ssh ruser= rhost=43.255.190.148  user=root
Apr 11 19:50:40 ovzhost sshd[1029]: pam_unix(sshd:auth): authentication failure; logname= uid=0 euid=0 tty=ssh ruser= rhost=43.255.190.153  user=root
Apr 11 19:50:41 ovzhost sshd[1031]: pam_unix(sshd:auth): authentication failure; logname= uid=0 euid=0 tty=ssh ruser= rhost=43.255.190.148  user=root
Apr 11 19:50:42 ovzhost sshd[1031]: Failed password for root from 43.255.190.148 port 48970 ssh2
Apr 11 19:50:43 ovzhost sshd[1029]: Failed password for root from 43.255.190.153 port 53136 ssh2
Apr 11 19:50:47 ovzhost sshd[1031]: message repeated 2 times: [ Failed password for root from 43.255.190.148 port 48970 ssh2]
Apr 11 19:50:47 ovzhost sshd[1031]: Received disconnect from 43.255.190.148: 11:  [preauth]
Apr 11 19:50:47 ovzhost sshd[1031]: PAM 2 more authentication failures; logname= uid=0 euid=0 tty=ssh ruser= rhost=43.255.190.148  user=root
Apr 11 19:50:47 ovzhost sshd[1029]: message repeated 2 times: [ Failed password for root from 43.255.190.153 port 53136 ssh2]
Apr 11 19:50:47 ovzhost sshd[1029]: Received disconnect from 43.255.190.153: 11:  [preauth]
Apr 11 19:50:47 ovzhost sshd[1029]: PAM 2 more authentication failures; logname= uid=0 euid=0 tty=ssh ruser= rhost=43.255.190.153  user=root
Apr 11 19:50:47 ovzhost sshd[1035]: pam_unix(sshd:auth): authentication failure; logname= uid=0 euid=0 tty=ssh ruser= rhost=43.255.190.148  user=root
Apr 11 19:50:48 ovzhost sshd[1037]: pam_unix(sshd:auth): authentication failure; logname= uid=0 euid=0 tty=ssh ruser= rhost=43.255.190.153  user=root
Apr 11 19:50:50 ovzhost sshd[1035]: Failed password for root from 43.255.190.148 port 36140 ssh2
Apr 11 19:50:50 ovzhost sshd[1037]: Failed password for root from 43.255.190.153 port 39440 ssh2
Apr 11 19:50:54 ovzhost sshd[1035]: message repeated 2 times: [ Failed password for root from 43.255.190.148 port 36140 ssh2]
Apr 11 19:50:54 ovzhost sshd[1035]: Received disconnect from 43.255.190.148: 11:  [preauth]
Apr 11 19:50:54 ovzhost sshd[1035]: PAM 2 more authentication failures; logname= uid=0 euid=0 tty=ssh ruser= rhost=43.255.190.148  user=root
Apr 11 19:50:54 ovzhost sshd[1037]: message repeated 2 times: [ Failed password for root from 43.255.190.153 port 39440 ssh2]
Apr 11 19:50:54 ovzhost sshd[1037]: Received disconnect from 43.255.190.153: 11:  [preauth]
Apr 11 19:50:54 ovzhost sshd[1037]: PAM 2 more authentication failures; logname= uid=0 euid=0 tty=ssh ruser= rhost=43.255.190.153  user=root
Apr 11 19:50:54 ovzhost sshd[1039]: pam_unix(sshd:auth): authentication failure; logname= uid=0 euid=0 tty=ssh ruser= rhost=43.255.190.148  user=root
Apr 11 19:50:54 ovzhost sshd[1041]: pam_unix(sshd:auth): authentication failure; logname= uid=0 euid=0 tty=ssh ruser= rhost=43.255.190.153  user=root
Apr 11 19:50:57 ovzhost sshd[1039]: Failed password for root from 43.255.190.148 port 52350 ssh2
Apr 11 19:50:57 ovzhost sshd[1041]: Failed password for root from 43.255.190.153 port 52889 ssh2
Apr 11 19:51:01 ovzhost sshd[1039]: message repeated 2 times: [ Failed password for root from 43.255.190.148 port 52350 ssh2]
Apr 11 19:51:01 ovzhost sshd[1039]: Received disconnect from 43.255.190.148: 11:  [preauth]
Apr 11 19:51:01 ovzhost sshd[1039]: PAM 2 more authentication failures; logname= uid=0 euid=0 tty=ssh ruser= rhost=43.255.190.148  user=root
Apr 11 19:51:01 ovzhost sshd[1041]: message repeated 2 times: [ Failed password for root from 43.255.190.153 port 52889 ssh2]
Apr 11 19:51:02 ovzhost sshd[1041]: Received disconnect from 43.255.190.153: 11:  [preauth]
Apr 11 19:51:02 ovzhost sshd[1041]: PAM 2 more authentication failures; logname= uid=0 euid=0 tty=ssh ruser= rhost=43.255.190.153  user=root
Apr 11 19:51:02 ovzhost sshd[1043]: pam_unix(sshd:auth): authentication failure; logname= uid=0 euid=0 tty=ssh ruser= rhost=43.255.190.148  user=root
Apr 11 19:51:02 ovzhost sshd[1045]: pam_unix(sshd:auth): authentication failure; logname= uid=0 euid=0 tty=ssh ruser= rhost=43.255.190.153  user=root
Apr 11 19:51:04 ovzhost sshd[1043]: Failed password for root from 43.255.190.148 port 41042 ssh2
Apr 11 19:51:04 ovzhost sshd[1045]: Failed password for root from 43.255.190.153 port 39671 ssh2
Apr 11 19:51:09 ovzhost sshd[1043]: message repeated 2 times: [ Failed password for root from 43.255.190.148 port 41042 ssh2]
Apr 11 19:51:09 ovzhost sshd[1043]: Received disconnect from 43.255.190.148: 11:  [preauth]
Apr 11 19:51:09 ovzhost sshd[1043]: PAM 2 more authentication failures; logname= uid=0 euid=0 tty=ssh ruser= rhost=43.255.190.148  user=root
Apr 11 19:51:09 ovzhost sshd[1045]: message repeated 2 times: [ Failed password for root from 43.255.190.153 port 39671 ssh2]
Apr 11 19:51:09 ovzhost sshd[1045]: Received disconnect from 43.255.190.153: 11:  [preauth]
Apr 11 19:51:09 ovzhost sshd[1045]: PAM 2 more authentication failures; logname= uid=0 euid=0 tty=ssh ruser= rhost=43.255.190.153  user=root
