Mar 31 17:16:56 ovzhost sudo:     root : unable to resolve host ovzhost
Mar 31 17:16:56 ovzhost sudo:     root : TTY=pts/0 ; PWD=/ ; USER=root ; COMMAND=/usr/bin/less /root/.bash_history
Mar 31 17:16:56 ovzhost sudo: pam_unix(sudo:session): session opened for user root by (uid=0)
Mar 31 17:16:57 ovzhost sudo: pam_unix(sudo:session): session closed for user root
Apr  2 14:31:13 ovzhost sshd[419]: Server listening on 0.0.0.0 port 22.
Apr  2 14:31:13 ovzhost sshd[419]: Server listening on :: port 22.
Apr  2 14:31:13 ovzhost saslauthd[637]: detach_tty      : master pid is: 637
Apr  2 14:31:13 ovzhost saslauthd[637]: ipc_init        : listening on socket: /var/run/saslauthd/mux
Apr  2 14:33:26 ovzhost sshd[797]: Connection closed by 127.0.0.1 [preauth]
Apr 12 13:36:48 ovzhost sshd[786]: Connection closed by 127.0.0.1 [preauth]
Apr 12 13:39:01 ovzhost CRON[799]: pam_env(cron:session): Unable to open env file: /etc/default/locale: No such file or directory
Apr 12 13:39:01 ovzhost CRON[799]: pam_unix(cron:session): session opened for user root by (uid=0)
Apr 12 13:39:01 ovzhost CRON[799]: pam_unix(cron:session): session closed for user root
Apr 12 13:40:01 ovzhost CRON[814]: pam_env(cron:session): Unable to open env file: /etc/default/locale: No such file or directory
Apr 12 13:40:01 ovzhost CRON[814]: pam_unix(cron:session): session opened for user smmsp by (uid=0)
Apr 12 13:40:01 ovzhost CRON[814]: pam_unix(cron:session): session closed for user smmsp
Apr 12 13:40:26 ovzhost sshd[840]: Connection closed by 128.8.37.104 [preauth]
Apr 12 13:41:07 ovzhost sshd[844]: pam_unix(sshd:auth): authentication failure; logname= uid=0 euid=0 tty=ssh ruser= rhost=128.134.54.57  user=root
Apr 12 13:41:10 ovzhost sshd[844]: Failed password for root from 128.134.54.57 port 35996 ssh2
Apr 12 13:41:14 ovzhost sshd[844]: message repeated 2 times: [ Failed password for root from 128.134.54.57 port 35996 ssh2]
Apr 12 13:41:14 ovzhost sshd[844]: Connection closed by 128.134.54.57 [preauth]
Apr 12 13:41:14 ovzhost sshd[844]: PAM 2 more authentication failures; logname= uid=0 euid=0 tty=ssh ruser= rhost=128.134.54.57  user=root
Apr 12 13:41:48 ovzhost sshd[850]: Connection closed by 127.0.0.1 [preauth]
Apr 12 13:43:52 ovzhost sshd[858]: pam_unix(sshd:auth): authentication failure; logname= uid=0 euid=0 tty=ssh ruser= rhost=222.171.225.170  user=root
Apr 12 13:43:54 ovzhost sshd[858]: Failed password for root from 222.171.225.170 port 46358 ssh2
Apr 12 13:43:58 ovzhost sshd[858]: message repeated 2 times: [ Failed password for root from 222.171.225.170 port 46358 ssh2]
Apr 12 13:43:58 ovzhost sshd[858]: Connection closed by 222.171.225.170 [preauth]
Apr 12 13:43:58 ovzhost sshd[858]: PAM 2 more authentication failures; logname= uid=0 euid=0 tty=ssh ruser= rhost=222.171.225.170  user=root
Apr 12 13:46:48 ovzhost sshd[871]: Connection closed by 127.0.0.1 [preauth]
Apr 12 13:50:26 ovzhost sshd[889]: Connection closed by 128.8.37.104 [preauth]
Apr 12 13:51:46 ovzhost sshd[897]: Connection closed by 127.0.0.1 [preauth]
Apr 12 13:53:17 ovzhost sshd[905]: pam_unix(sshd:auth): authentication failure; logname= uid=0 euid=0 tty=ssh ruser= rhost=43.255.190.175  user=root
Apr 12 13:53:17 ovzhost sshd[907]: pam_unix(sshd:auth): authentication failure; logname= uid=0 euid=0 tty=ssh ruser= rhost=43.255.190.162  user=root
Apr 12 13:53:19 ovzhost sshd[905]: Failed password for root from 43.255.190.175 port 48141 ssh2
Apr 12 13:53:19 ovzhost sshd[907]: Failed password for root from 43.255.190.162 port 55251 ssh2
Apr 12 13:53:23 ovzhost sshd[905]: message repeated 2 times: [ Failed password for root from 43.255.190.175 port 48141 ssh2]
Apr 12 13:53:23 ovzhost sshd[905]: Received disconnect from 43.255.190.175: 11:  [preauth]
Apr 12 13:53:23 ovzhost sshd[905]: PAM 2 more authentication failures; logname= uid=0 euid=0 tty=ssh ruser= rhost=43.255.190.175  user=root
Apr 12 13:53:23 ovzhost sshd[907]: message repeated 2 times: [ Failed password for root from 43.255.190.162 port 55251 ssh2]
Apr 12 13:53:23 ovzhost sshd[907]: Received disconnect from 43.255.190.162: 11:  [preauth]
Apr 12 13:53:23 ovzhost sshd[907]: PAM 2 more authentication failures; logname= uid=0 euid=0 tty=ssh ruser= rhost=43.255.190.162  user=root
Apr 12 13:53:24 ovzhost sshd[909]: pam_unix(sshd:auth): authentication failure; logname= uid=0 euid=0 tty=ssh ruser= rhost=43.255.190.175  user=root
Apr 12 13:53:24 ovzhost sshd[911]: pam_unix(sshd:auth): authentication failure; logname= uid=0 euid=0 tty=ssh ruser= rhost=43.255.190.162  user=root
Apr 12 13:53:26 ovzhost sshd[909]: Failed password for root from 43.255.190.175 port 35529 ssh2
Apr 12 13:53:26 ovzhost sshd[911]: Failed password for root from 43.255.190.162 port 41205 ssh2
Apr 12 13:53:30 ovzhost sshd[909]: message repeated 2 times: [ Failed password for root from 43.255.190.175 port 35529 ssh2]
Apr 12 13:53:31 ovzhost sshd[909]: Received disconnect from 43.255.190.175: 11:  [preauth]
Apr 12 13:53:31 ovzhost sshd[909]: PAM 2 more authentication failures; logname= uid=0 euid=0 tty=ssh ruser= rhost=43.255.190.175  user=root
Apr 12 13:53:30 ovzhost sshd[911]: message repeated 2 times: [ Failed password for root from 43.255.190.162 port 41205 ssh2]
Apr 12 13:53:31 ovzhost sshd[911]: Received disconnect from 43.255.190.162: 11:  [preauth]
Apr 12 13:53:31 ovzhost sshd[911]: PAM 2 more authentication failures; logname= uid=0 euid=0 tty=ssh ruser= rhost=43.255.190.162  user=root
Apr 12 13:53:34 ovzhost sshd[913]: pam_unix(sshd:auth): authentication failure; logname= uid=0 euid=0 tty=ssh ruser= rhost=43.255.190.175  user=root
Apr 12 13:53:35 ovzhost sshd[915]: pam_unix(sshd:auth): authentication failure; logname= uid=0 euid=0 tty=ssh ruser= rhost=43.255.190.162  user=root
Apr 12 13:53:36 ovzhost sshd[913]: Failed password for root from 43.255.190.175 port 51970 ssh2
Apr 12 13:53:37 ovzhost sshd[915]: Failed password for root from 43.255.190.162 port 56243 ssh2
Apr 12 13:53:41 ovzhost sshd[913]: message repeated 2 times: [ Failed password for root from 43.255.190.175 port 51970 ssh2]
Apr 12 13:53:41 ovzhost sshd[913]: Received disconnect from 43.255.190.175: 11:  [preauth]
Apr 12 13:53:41 ovzhost sshd[913]: PAM 2 more authentication failures; logname= uid=0 euid=0 tty=ssh ruser= rhost=43.255.190.175  user=root
Apr 12 13:53:41 ovzhost sshd[917]: pam_unix(sshd:auth): authentication failure; logname= uid=0 euid=0 tty=ssh ruser= rhost=43.255.190.175  user=root
Apr 12 13:53:41 ovzhost sshd[915]: message repeated 2 times: [ Failed password for root from 43.255.190.162 port 56243 ssh2]
Apr 12 13:53:41 ovzhost sshd[915]: Received disconnect from 43.255.190.162: 11:  [preauth]
Apr 12 13:53:41 ovzhost sshd[915]: PAM 2 more authentication failures; logname= uid=0 euid=0 tty=ssh ruser= rhost=43.255.190.162  user=root
Apr 12 13:53:42 ovzhost sshd[919]: pam_unix(sshd:auth): authentication failure; logname= uid=0 euid=0 tty=ssh ruser= rhost=43.255.190.162  user=root
Apr 12 13:53:44 ovzhost sshd[917]: Failed password for root from 43.255.190.175 port 46833 ssh2
Apr 12 13:53:44 ovzhost sshd[919]: Failed password for root from 43.255.190.162 port 49129 ssh2
Apr 12 13:53:48 ovzhost sshd[917]: message repeated 2 times: [ Failed password for root from 43.255.190.175 port 46833 ssh2]
Apr 12 13:53:48 ovzhost sshd[917]: Received disconnect from 43.255.190.175: 11:  [preauth]
Apr 12 13:53:48 ovzhost sshd[917]: PAM 2 more authentication failures; logname= uid=0 euid=0 tty=ssh ruser= rhost=43.255.190.175  user=root
Apr 12 13:53:48 ovzhost sshd[919]: message repeated 2 times: [ Failed password for root from 43.255.190.162 port 49129 ssh2]
Apr 12 13:53:48 ovzhost sshd[919]: Received disconnect from 43.255.190.162: 11:  [preauth]
Apr 12 13:53:48 ovzhost sshd[919]: PAM 2 more authentication failures; logname= uid=0 euid=0 tty=ssh ruser= rhost=43.255.190.162  user=root
Apr 12 13:53:48 ovzhost sshd[921]: pam_unix(sshd:auth): authentication failure; logname= uid=0 euid=0 tty=ssh ruser= rhost=43.255.190.175  user=root
Apr 12 13:53:49 ovzhost sshd[923]: pam_unix(sshd:auth): authentication failure; logname= uid=0 euid=0 tty=ssh ruser= rhost=43.255.190.162  user=root
Apr 12 13:53:51 ovzhost sshd[923]: Failed password for root from 43.255.190.162 port 34275 ssh2
Apr 12 13:53:51 ovzhost sshd[921]: Failed password for root from 43.255.190.175 port 35349 ssh2
Apr 12 13:53:55 ovzhost sshd[921]: message repeated 2 times: [ Failed password for root from 43.255.190.175 port 35349 ssh2]
Apr 12 13:53:55 ovzhost sshd[921]: Received disconnect from 43.255.190.175: 11:  [preauth]
Apr 12 13:53:55 ovzhost sshd[921]: PAM 2 more authentication failures; logname= uid=0 euid=0 tty=ssh ruser= rhost=43.255.190.175  user=root
Apr 12 13:53:55 ovzhost sshd[923]: message repeated 2 times: [ Failed password for root from 43.255.190.162 port 34275 ssh2]
Apr 12 13:53:55 ovzhost sshd[923]: Received disconnect from 43.255.190.162: 11:  [preauth]
Apr 12 13:53:55 ovzhost sshd[923]: PAM 2 more authentication failures; logname= uid=0 euid=0 tty=ssh ruser= rhost=43.255.190.162  user=root
Apr 12 13:53:56 ovzhost sshd[929]: pam_unix(sshd:auth): authentication failure; logname= uid=0 euid=0 tty=ssh ruser= rhost=43.255.190.162  user=root
Apr 12 13:53:57 ovzhost sshd[927]: pam_unix(sshd:auth): authentication failure; logname= uid=0 euid=0 tty=ssh ruser= rhost=43.255.190.175  user=root
Apr 12 13:53:58 ovzhost sshd[929]: Failed password for root from 43.255.190.162 port 47452 ssh2
Apr 12 13:53:59 ovzhost sshd[927]: Failed password for root from 43.255.190.175 port 50347 ssh2
Apr 12 13:54:03 ovzhost sshd[929]: message repeated 2 times: [ Failed password for root from 43.255.190.162 port 47452 ssh2]
Apr 12 13:54:03 ovzhost sshd[929]: Received disconnect from 43.255.190.162: 11:  [preauth]
Apr 12 13:54:03 ovzhost sshd[929]: PAM 2 more authentication failures; logname= uid=0 euid=0 tty=ssh ruser= rhost=43.255.190.162  user=root
Apr 12 13:54:03 ovzhost sshd[931]: pam_unix(sshd:auth): authentication failure; logname= uid=0 euid=0 tty=ssh ruser= rhost=43.255.190.162  user=root
Apr 12 13:54:04 ovzhost sshd[927]: message repeated 2 times: [ Failed password for root from 43.255.190.175 port 50347 ssh2]
Apr 12 13:54:04 ovzhost sshd[927]: Received disconnect from 43.255.190.175: 11:  [preauth]
Apr 12 13:54:04 ovzhost sshd[927]: PAM 2 more authentication failures; logname= uid=0 euid=0 tty=ssh ruser= rhost=43.255.190.175  user=root
Apr 12 13:54:04 ovzhost sshd[933]: pam_unix(sshd:auth): authentication failure; logname= uid=0 euid=0 tty=ssh ruser= rhost=43.255.190.175  user=root
Apr 12 13:54:05 ovzhost sshd[931]: Failed password for root from 43.255.190.162 port 60888 ssh2
Apr 12 13:54:06 ovzhost sshd[933]: Failed password for root from 43.255.190.175 port 41084 ssh2
Apr 12 13:54:09 ovzhost sshd[931]: message repeated 2 times: [ Failed password for root from 43.255.190.162 port 60888 ssh2]
Apr 12 13:54:09 ovzhost sshd[931]: Received disconnect from 43.255.190.162: 11:  [preauth]
Apr 12 13:54:09 ovzhost sshd[931]: PAM 2 more authentication failures; logname= uid=0 euid=0 tty=ssh ruser= rhost=43.255.190.162  user=root
Apr 12 13:54:09 ovzhost sshd[935]: pam_unix(sshd:auth): authentication failure; logname= uid=0 euid=0 tty=ssh ruser= rhost=43.255.190.162  user=root
Apr 12 13:54:11 ovzhost sshd[933]: message repeated 2 times: [ Failed password for root from 43.255.190.175 port 41084 ssh2]
Apr 12 13:54:11 ovzhost sshd[933]: Received disconnect from 43.255.190.175: 11:  [preauth]
Apr 12 13:54:11 ovzhost sshd[933]: PAM 2 more authentication failures; logname= uid=0 euid=0 tty=ssh ruser= rhost=43.255.190.175  user=root
Apr 12 13:54:11 ovzhost sshd[935]: Failed password for root from 43.255.190.162 port 45317 ssh2
Apr 12 13:54:11 ovzhost sshd[937]: pam_unix(sshd:auth): authentication failure; logname= uid=0 euid=0 tty=ssh ruser= rhost=43.255.190.175  user=root
Apr 12 13:54:14 ovzhost sshd[937]: Failed password for root from 43.255.190.175 port 58134 ssh2
Apr 12 13:54:16 ovzhost sshd[935]: message repeated 2 times: [ Failed password for root from 43.255.190.162 port 45317 ssh2]
Apr 12 13:54:16 ovzhost sshd[935]: Received disconnect from 43.255.190.162: 11:  [preauth]
Apr 12 13:54:16 ovzhost sshd[935]: PAM 2 more authentication failures; logname= uid=0 euid=0 tty=ssh ruser= rhost=43.255.190.162  user=root
Apr 12 13:54:17 ovzhost sshd[939]: pam_unix(sshd:auth): authentication failure; logname= uid=0 euid=0 tty=ssh ruser= rhost=43.255.190.162  user=root
Apr 12 13:54:18 ovzhost sshd[937]: message repeated 2 times: [ Failed password for root from 43.255.190.175 port 58134 ssh2]
Apr 12 13:54:18 ovzhost sshd[937]: Received disconnect from 43.255.190.175: 11:  [preauth]
Apr 12 13:54:18 ovzhost sshd[937]: PAM 2 more authentication failures; logname= uid=0 euid=0 tty=ssh ruser= rhost=43.255.190.175  user=root
Apr 12 13:54:19 ovzhost sshd[939]: Failed password for root from 43.255.190.162 port 58748 ssh2
Apr 12 13:54:20 ovzhost sshd[941]: pam_unix(sshd:auth): authentication failure; logname= uid=0 euid=0 tty=ssh ruser= rhost=43.255.190.175  user=root
Apr 12 13:54:21 ovzhost sshd[941]: Failed password for root from 43.255.190.175 port 46127 ssh2
Apr 12 13:54:23 ovzhost sshd[939]: message repeated 2 times: [ Failed password for root from 43.255.190.162 port 58748 ssh2]
Apr 12 13:54:23 ovzhost sshd[939]: Received disconnect from 43.255.190.162: 11:  [preauth]
Apr 12 13:54:23 ovzhost sshd[939]: PAM 2 more authentication failures; logname= uid=0 euid=0 tty=ssh ruser= rhost=43.255.190.162  user=root
Apr 12 13:54:24 ovzhost sshd[943]: pam_unix(sshd:auth): authentication failure; logname= uid=0 euid=0 tty=ssh ruser= rhost=43.255.190.162  user=root
Apr 12 13:54:26 ovzhost sshd[941]: message repeated 2 times: [ Failed password for root from 43.255.190.175 port 46127 ssh2]
Apr 12 13:54:26 ovzhost sshd[941]: Received disconnect from 43.255.190.175: 11:  [preauth]
Apr 12 13:54:26 ovzhost sshd[941]: PAM 2 more authentication failures; logname= uid=0 euid=0 tty=ssh ruser= rhost=43.255.190.175  user=root
Apr 12 13:54:26 ovzhost sshd[943]: Failed password for root from 43.255.190.162 port 44314 ssh2
Apr 12 13:54:27 ovzhost sshd[945]: pam_unix(sshd:auth): authentication failure; logname= uid=0 euid=0 tty=ssh ruser= rhost=43.255.190.175  user=root
Apr 12 13:54:29 ovzhost sshd[945]: Failed password for root from 43.255.190.175 port 35720 ssh2
Apr 12 13:54:30 ovzhost sshd[943]: message repeated 2 times: [ Failed password for root from 43.255.190.162 port 44314 ssh2]
Apr 12 13:54:30 ovzhost sshd[943]: Received disconnect from 43.255.190.162: 11:  [preauth]
Apr 12 13:54:30 ovzhost sshd[943]: PAM 2 more authentication failures; logname= uid=0 euid=0 tty=ssh ruser= rhost=43.255.190.162  user=root
Apr 12 13:54:30 ovzhost sshd[947]: pam_unix(sshd:auth): authentication failure; logname= uid=0 euid=0 tty=ssh ruser= rhost=43.255.190.162  user=root
Apr 12 13:54:32 ovzhost sshd[947]: Failed password for root from 43.255.190.162 port 58068 ssh2
Apr 12 13:54:32 ovzhost sshd[945]: message repeated 2 times: [ Failed password for root from 43.255.190.175 port 35720 ssh2]
Apr 12 13:54:32 ovzhost sshd[945]: Received disconnect from 43.255.190.175: 11:  [preauth]
Apr 12 13:54:32 ovzhost sshd[945]: PAM 2 more authentication failures; logname= uid=0 euid=0 tty=ssh ruser= rhost=43.255.190.175  user=root
Apr 12 13:54:33 ovzhost sshd[949]: pam_unix(sshd:auth): authentication failure; logname= uid=0 euid=0 tty=ssh ruser= rhost=43.255.190.175  user=root
Apr 12 13:54:35 ovzhost sshd[949]: Failed password for root from 43.255.190.175 port 51222 ssh2
Apr 12 13:54:36 ovzhost sshd[947]: message repeated 2 times: [ Failed password for root from 43.255.190.162 port 58068 ssh2]
Apr 12 13:54:36 ovzhost sshd[947]: Received disconnect from 43.255.190.162: 11:  [preauth]
Apr 12 13:54:36 ovzhost sshd[947]: PAM 2 more authentication failures; logname= uid=0 euid=0 tty=ssh ruser= rhost=43.255.190.162  user=root
Apr 12 13:54:37 ovzhost sshd[951]: pam_unix(sshd:auth): authentication failure; logname= uid=0 euid=0 tty=ssh ruser= rhost=43.255.190.162  user=root
Apr 12 13:54:39 ovzhost sshd[951]: Failed password for root from 43.255.190.162 port 43941 ssh2
Apr 12 13:54:39 ovzhost sshd[949]: message repeated 2 times: [ Failed password for root from 43.255.190.175 port 51222 ssh2]
Apr 12 13:54:39 ovzhost sshd[949]: Received disconnect from 43.255.190.175: 11:  [preauth]
Apr 12 13:54:39 ovzhost sshd[949]: PAM 2 more authentication failures; logname= uid=0 euid=0 tty=ssh ruser= rhost=43.255.190.175  user=root
Apr 12 13:54:40 ovzhost sshd[953]: pam_unix(sshd:auth): authentication failure; logname= uid=0 euid=0 tty=ssh ruser= rhost=43.255.190.175  user=root
Apr 12 13:54:42 ovzhost sshd[953]: Failed password for root from 43.255.190.175 port 40752 ssh2
Apr 12 13:54:43 ovzhost sshd[951]: message repeated 2 times: [ Failed password for root from 43.255.190.162 port 43941 ssh2]
Apr 12 13:54:43 ovzhost sshd[951]: Received disconnect from 43.255.190.162: 11:  [preauth]
Apr 12 13:54:43 ovzhost sshd[951]: PAM 2 more authentication failures; logname= uid=0 euid=0 tty=ssh ruser= rhost=43.255.190.162  user=root
Apr 12 13:54:43 ovzhost sshd[955]: pam_unix(sshd:auth): authentication failure; logname= uid=0 euid=0 tty=ssh ruser= rhost=43.255.190.162  user=root
Apr 12 13:54:44 ovzhost sshd[957]: pam_unix(sshd:auth): authentication failure; logname= uid=0 euid=0 tty=ssh ruser= rhost=43.255.190.175  user=root
Apr 12 13:54:45 ovzhost sshd[955]: Failed password for root from 43.255.190.162 port 58795 ssh2
Apr 12 13:54:46 ovzhost sshd[957]: Failed password for root from 43.255.190.175 port 50496 ssh2
Apr 12 13:54:46 ovzhost sshd[953]: message repeated 2 times: [ Failed password for root from 43.255.190.175 port 40752 ssh2]
Apr 12 13:54:46 ovzhost sshd[953]: Received disconnect from 43.255.190.175: 11:  [preauth]
Apr 12 13:54:46 ovzhost sshd[953]: PAM 2 more authentication failures; logname= uid=0 euid=0 tty=ssh ruser= rhost=43.255.190.175  user=root
Apr 12 13:54:47 ovzhost sshd[959]: pam_unix(sshd:auth): authentication failure; logname= uid=0 euid=0 tty=ssh ruser= rhost=43.255.190.175  user=root
Apr 12 13:54:50 ovzhost sshd[955]: message repeated 2 times: [ Failed password for root from 43.255.190.162 port 58795 ssh2]
Apr 12 13:54:50 ovzhost sshd[955]: Received disconnect from 43.255.190.162: 11:  [preauth]
Apr 12 13:54:50 ovzhost sshd[955]: PAM 2 more authentication failures; logname= uid=0 euid=0 tty=ssh ruser= rhost=43.255.190.162  user=root
Apr 12 13:54:50 ovzhost sshd[959]: Failed password for root from 43.255.190.175 port 57883 ssh2
Apr 12 13:54:50 ovzhost sshd[963]: pam_unix(sshd:auth): authentication failure; logname= uid=0 euid=0 tty=ssh ruser= rhost=43.255.190.162  user=root
Apr 12 13:54:51 ovzhost sshd[957]: message repeated 2 times: [ Failed password for root from 43.255.190.175 port 50496 ssh2]
Apr 12 13:54:51 ovzhost sshd[957]: Received disconnect from 43.255.190.175: 11:  [preauth]
Apr 12 13:54:51 ovzhost sshd[957]: PAM 2 more authentication failures; logname= uid=0 euid=0 tty=ssh ruser= rhost=43.255.190.175  user=root
Apr 12 13:54:52 ovzhost sshd[965]: pam_unix(sshd:auth): authentication failure; logname= uid=0 euid=0 tty=ssh ruser= rhost=43.255.190.175  user=root
Apr 12 13:54:52 ovzhost sshd[963]: Failed password for root from 43.255.190.162 port 45344 ssh2
Apr 12 13:54:53 ovzhost sshd[965]: Failed password for root from 43.255.190.175 port 41375 ssh2
Apr 12 13:54:54 ovzhost sshd[959]: message repeated 2 times: [ Failed password for root from 43.255.190.175 port 57883 ssh2]
Apr 12 13:54:54 ovzhost sshd[959]: Received disconnect from 43.255.190.175: 11:  [preauth]
Apr 12 13:54:54 ovzhost sshd[959]: PAM 2 more authentication failures; logname= uid=0 euid=0 tty=ssh ruser= rhost=43.255.190.175  user=root
Apr 12 13:54:54 ovzhost sshd[967]: pam_unix(sshd:auth): authentication failure; logname= uid=0 euid=0 tty=ssh ruser= rhost=43.255.190.175  user=root
Apr 12 13:54:56 ovzhost sshd[963]: message repeated 2 times: [ Failed password for root from 43.255.190.162 port 45344 ssh2]
Apr 12 13:54:56 ovzhost sshd[963]: Received disconnect from 43.255.190.162: 11:  [preauth]
Apr 12 13:54:56 ovzhost sshd[963]: PAM 2 more authentication failures; logname= uid=0 euid=0 tty=ssh ruser= rhost=43.255.190.162  user=root
Apr 12 13:54:56 ovzhost sshd[967]: Failed password for root from 43.255.190.175 port 47713 ssh2
Apr 12 13:54:57 ovzhost sshd[970]: pam_unix(sshd:auth): authentication failure; logname= uid=0 euid=0 tty=ssh ruser= rhost=43.255.190.162  user=root
Apr 12 13:54:58 ovzhost sshd[965]: message repeated 2 times: [ Failed password for root from 43.255.190.175 port 41375 ssh2]
Apr 12 13:54:58 ovzhost sshd[965]: Received disconnect from 43.255.190.175: 11:  [preauth]
Apr 12 13:54:58 ovzhost sshd[965]: PAM 2 more authentication failures; logname= uid=0 euid=0 tty=ssh ruser= rhost=43.255.190.175  user=root
Apr 12 13:54:58 ovzhost sshd[972]: pam_unix(sshd:auth): authentication failure; logname= uid=0 euid=0 tty=ssh ruser= rhost=43.255.190.175  user=root
Apr 12 13:54:59 ovzhost sshd[970]: Failed password for root from 43.255.190.162 port 60694 ssh2
Apr 12 13:55:01 ovzhost sshd[972]: Failed password for root from 43.255.190.175 port 58549 ssh2
Apr 12 13:55:01 ovzhost sshd[967]: message repeated 2 times: [ Failed password for root from 43.255.190.175 port 47713 ssh2]
Apr 12 13:55:01 ovzhost sshd[967]: Received disconnect from 43.255.190.175: 11:  [preauth]
Apr 12 13:55:01 ovzhost sshd[967]: PAM 2 more authentication failures; logname= uid=0 euid=0 tty=ssh ruser= rhost=43.255.190.175  user=root
Apr 12 13:55:02 ovzhost sshd[974]: pam_unix(sshd:auth): authentication failure; logname= uid=0 euid=0 tty=ssh ruser= rhost=43.255.190.175  user=root
Apr 12 13:55:03 ovzhost sshd[970]: message repeated 2 times: [ Failed password for root from 43.255.190.162 port 60694 ssh2]
Apr 12 13:55:03 ovzhost sshd[970]: Received disconnect from 43.255.190.162: 11:  [preauth]
Apr 12 13:55:03 ovzhost sshd[970]: PAM 2 more authentication failures; logname= uid=0 euid=0 tty=ssh ruser= rhost=43.255.190.162  user=root
Apr 12 13:55:03 ovzhost sshd[974]: Failed password for root from 43.255.190.175 port 38965 ssh2
Apr 12 13:55:04 ovzhost sshd[976]: pam_unix(sshd:auth): authentication failure; logname= uid=0 euid=0 tty=ssh ruser= rhost=43.255.190.162  user=root
Apr 12 13:55:04 ovzhost sshd[972]: message repeated 2 times: [ Failed password for root from 43.255.190.175 port 58549 ssh2]
Apr 12 13:55:04 ovzhost sshd[972]: Received disconnect from 43.255.190.175: 11:  [preauth]
Apr 12 13:55:04 ovzhost sshd[972]: PAM 2 more authentication failures; logname= uid=0 euid=0 tty=ssh ruser= rhost=43.255.190.175  user=root
Apr 12 13:55:05 ovzhost sshd[978]: pam_unix(sshd:auth): authentication failure; logname= uid=0 euid=0 tty=ssh ruser= rhost=43.255.190.175  user=root
Apr 12 13:55:06 ovzhost sshd[976]: Failed password for root from 43.255.190.162 port 47983 ssh2
Apr 12 13:55:07 ovzhost sshd[978]: Failed password for root from 43.255.190.175 port 47470 ssh2
Apr 12 13:55:07 ovzhost sshd[974]: message repeated 2 times: [ Failed password for root from 43.255.190.175 port 38965 ssh2]
Apr 12 13:55:08 ovzhost sshd[974]: Received disconnect from 43.255.190.175: 11:  [preauth]
Apr 12 13:55:08 ovzhost sshd[974]: PAM 2 more authentication failures; logname= uid=0 euid=0 tty=ssh ruser= rhost=43.255.190.175  user=root
Apr 12 13:55:08 ovzhost sshd[980]: pam_unix(sshd:auth): authentication failure; logname= uid=0 euid=0 tty=ssh ruser= rhost=43.255.190.175  user=root
Apr 12 13:55:10 ovzhost sshd[976]: message repeated 2 times: [ Failed password for root from 43.255.190.162 port 47983 ssh2]
Apr 12 13:55:10 ovzhost sshd[976]: Received disconnect from 43.255.190.162: 11:  [preauth]
Apr 12 13:55:10 ovzhost sshd[976]: PAM 2 more authentication failures; logname= uid=0 euid=0 tty=ssh ruser= rhost=43.255.190.162  user=root
Apr 12 13:55:10 ovzhost sshd[980]: Failed password for root from 43.255.190.175 port 56674 ssh2
Apr 12 13:55:11 ovzhost sshd[978]: message repeated 2 times: [ Failed password for root from 43.255.190.175 port 47470 ssh2]
Apr 12 13:55:11 ovzhost sshd[978]: Received disconnect from 43.255.190.175: 11:  [preauth]
Apr 12 13:55:11 ovzhost sshd[978]: PAM 2 more authentication failures; logname= uid=0 euid=0 tty=ssh ruser= rhost=43.255.190.175  user=root
Apr 12 13:55:12 ovzhost sshd[984]: pam_unix(sshd:auth): authentication failure; logname= uid=0 euid=0 tty=ssh ruser= rhost=43.255.190.175  user=root
Apr 12 13:55:13 ovzhost sshd[982]: pam_unix(sshd:auth): authentication failure; logname= uid=0 euid=0 tty=ssh ruser= rhost=43.255.190.162  user=root
Apr 12 13:55:14 ovzhost sshd[980]: message repeated 2 times: [ Failed password for root from 43.255.190.175 port 56674 ssh2]
Apr 12 13:55:14 ovzhost sshd[980]: Received disconnect from 43.255.190.175: 11:  [preauth]
Apr 12 13:55:14 ovzhost sshd[980]: PAM 2 more authentication failures; logname= uid=0 euid=0 tty=ssh ruser= rhost=43.255.190.175  user=root
Apr 12 13:55:14 ovzhost sshd[982]: Failed password for root from 43.255.190.162 port 34401 ssh2
Apr 12 13:55:15 ovzhost sshd[984]: Failed password for root from 43.255.190.175 port 36887 ssh2
Apr 12 13:55:15 ovzhost sshd[986]: pam_unix(sshd:auth): authentication failure; logname= uid=0 euid=0 tty=ssh ruser= rhost=43.255.190.175  user=root
Apr 12 13:55:17 ovzhost sshd[986]: Failed password for root from 43.255.190.175 port 45809 ssh2
Apr 12 13:55:18 ovzhost sshd[982]: message repeated 2 times: [ Failed password for root from 43.255.190.162 port 34401 ssh2]
Apr 12 13:55:18 ovzhost sshd[982]: Received disconnect from 43.255.190.162: 11:  [preauth]
Apr 12 13:55:18 ovzhost sshd[982]: PAM 2 more authentication failures; logname= uid=0 euid=0 tty=ssh ruser= rhost=43.255.190.162  user=root
Apr 12 13:55:18 ovzhost sshd[984]: message repeated 2 times: [ Failed password for root from 43.255.190.175 port 36887 ssh2]
Apr 12 13:55:18 ovzhost sshd[984]: Received disconnect from 43.255.190.175: 11:  [preauth]
Apr 12 13:55:18 ovzhost sshd[984]: PAM 2 more authentication failures; logname= uid=0 euid=0 tty=ssh ruser= rhost=43.255.190.175  user=root
Apr 12 13:55:18 ovzhost sshd[988]: pam_unix(sshd:auth): authentication failure; logname= uid=0 euid=0 tty=ssh ruser= rhost=43.255.190.162  user=root
Apr 12 13:55:19 ovzhost sshd[990]: pam_unix(sshd:auth): authentication failure; logname= uid=0 euid=0 tty=ssh ruser= rhost=43.255.190.175  user=root
Apr 12 13:55:20 ovzhost sshd[988]: Failed password for root from 43.255.190.162 port 52122 ssh2
Apr 12 13:55:21 ovzhost sshd[990]: Failed password for root from 43.255.190.175 port 56553 ssh2
Apr 12 13:55:21 ovzhost sshd[986]: message repeated 2 times: [ Failed password for root from 43.255.190.175 port 45809 ssh2]
Apr 12 13:55:21 ovzhost sshd[986]: Received disconnect from 43.255.190.175: 11:  [preauth]
Apr 12 13:55:21 ovzhost sshd[986]: PAM 2 more authentication failures; logname= uid=0 euid=0 tty=ssh ruser= rhost=43.255.190.175  user=root
Apr 12 13:55:22 ovzhost sshd[992]: pam_unix(sshd:auth): authentication failure; logname= uid=0 euid=0 tty=ssh ruser= rhost=43.255.190.175  user=root
Apr 12 13:55:23 ovzhost sshd[992]: Failed password for root from 43.255.190.175 port 35884 ssh2
Apr 12 13:55:24 ovzhost sshd[988]: message repeated 2 times: [ Failed password for root from 43.255.190.162 port 52122 ssh2]
Apr 12 13:55:24 ovzhost sshd[988]: Received disconnect from 43.255.190.162: 11:  [preauth]
Apr 12 13:55:24 ovzhost sshd[988]: PAM 2 more authentication failures; logname= uid=0 euid=0 tty=ssh ruser= rhost=43.255.190.162  user=root
Apr 12 13:55:25 ovzhost sshd[994]: pam_unix(sshd:auth): authentication failure; logname= uid=0 euid=0 tty=ssh ruser= rhost=43.255.190.162  user=root
Apr 12 13:55:25 ovzhost sshd[990]: message repeated 2 times: [ Failed password for root from 43.255.190.175 port 56553 ssh2]
Apr 12 13:55:25 ovzhost sshd[990]: Received disconnect from 43.255.190.175: 11:  [preauth]
Apr 12 13:55:25 ovzhost sshd[990]: PAM 2 more authentication failures; logname= uid=0 euid=0 tty=ssh ruser= rhost=43.255.190.175  user=root
Apr 12 13:55:26 ovzhost sshd[996]: pam_unix(sshd:auth): authentication failure; logname= uid=0 euid=0 tty=ssh ruser= rhost=43.255.190.175  user=root
Apr 12 13:55:27 ovzhost sshd[994]: Failed password for root from 43.255.190.162 port 38499 ssh2
Apr 12 13:55:27 ovzhost sshd[992]: message repeated 2 times: [ Failed password for root from 43.255.190.175 port 35884 ssh2]
Apr 12 13:55:27 ovzhost sshd[992]: Received disconnect from 43.255.190.175: 11:  [preauth]
Apr 12 13:55:27 ovzhost sshd[992]: PAM 2 more authentication failures; logname= uid=0 euid=0 tty=ssh ruser= rhost=43.255.190.175  user=root
Apr 12 13:55:28 ovzhost sshd[996]: Failed password for root from 43.255.190.175 port 48452 ssh2
Apr 12 13:55:28 ovzhost sshd[998]: pam_unix(sshd:auth): authentication failure; logname= uid=0 euid=0 tty=ssh ruser= rhost=43.255.190.175  user=root
Apr 12 13:55:30 ovzhost sshd[998]: Failed password for root from 43.255.190.175 port 54058 ssh2
Apr 12 13:55:30 ovzhost sshd[994]: message repeated 2 times: [ Failed password for root from 43.255.190.162 port 38499 ssh2]
Apr 12 13:55:30 ovzhost sshd[994]: Received disconnect from 43.255.190.162: 11:  [preauth]
Apr 12 13:55:30 ovzhost sshd[994]: PAM 2 more authentication failures; logname= uid=0 euid=0 tty=ssh ruser= rhost=43.255.190.162  user=root
Apr 12 13:55:31 ovzhost sshd[1000]: pam_unix(sshd:auth): authentication failure; logname= uid=0 euid=0 tty=ssh ruser= rhost=43.255.190.162  user=root
Apr 12 13:55:32 ovzhost sshd[996]: message repeated 2 times: [ Failed password for root from 43.255.190.175 port 48452 ssh2]
Apr 12 13:55:32 ovzhost sshd[996]: Received disconnect from 43.255.190.175: 11:  [preauth]
Apr 12 13:55:32 ovzhost sshd[996]: PAM 2 more authentication failures; logname= uid=0 euid=0 tty=ssh ruser= rhost=43.255.190.175  user=root
Apr 12 13:55:32 ovzhost sshd[1002]: pam_unix(sshd:auth): authentication failure; logname= uid=0 euid=0 tty=ssh ruser= rhost=43.255.190.175  user=root
Apr 12 13:55:33 ovzhost sshd[1000]: Failed password for root from 43.255.190.162 port 51071 ssh2
Apr 12 13:55:34 ovzhost sshd[998]: message repeated 2 times: [ Failed password for root from 43.255.190.175 port 54058 ssh2]
Apr 12 13:55:34 ovzhost sshd[998]: Received disconnect from 43.255.190.175: 11:  [preauth]
Apr 12 13:55:34 ovzhost sshd[998]: PAM 2 more authentication failures; logname= uid=0 euid=0 tty=ssh ruser= rhost=43.255.190.175  user=root
Apr 12 13:55:34 ovzhost sshd[1002]: Failed password for root from 43.255.190.175 port 40728 ssh2
Apr 12 13:55:35 ovzhost sshd[1004]: pam_unix(sshd:auth): authentication failure; logname= uid=0 euid=0 tty=ssh ruser= rhost=43.255.190.175  user=root
Apr 12 13:55:37 ovzhost sshd[1000]: message repeated 2 times: [ Failed password for root from 43.255.190.162 port 51071 ssh2]
Apr 12 13:55:37 ovzhost sshd[1000]: Received disconnect from 43.255.190.162: 11:  [preauth]
Apr 12 13:55:37 ovzhost sshd[1000]: PAM 2 more authentication failures; logname= uid=0 euid=0 tty=ssh ruser= rhost=43.255.190.162  user=root
Apr 12 13:55:37 ovzhost sshd[1004]: Failed password for root from 43.255.190.175 port 47416 ssh2
Apr 12 13:55:38 ovzhost sshd[1006]: pam_unix(sshd:auth): authentication failure; logname= uid=0 euid=0 tty=ssh ruser= rhost=43.255.190.162  user=root
Apr 12 13:55:39 ovzhost sshd[1002]: message repeated 2 times: [ Failed password for root from 43.255.190.175 port 40728 ssh2]
Apr 12 13:55:39 ovzhost sshd[1002]: Received disconnect from 43.255.190.175: 11:  [preauth]
Apr 12 13:55:39 ovzhost sshd[1002]: PAM 2 more authentication failures; logname= uid=0 euid=0 tty=ssh ruser= rhost=43.255.190.175  user=root
Apr 12 13:55:40 ovzhost sshd[1008]: pam_unix(sshd:auth): authentication failure; logname= uid=0 euid=0 tty=ssh ruser= rhost=43.255.190.175  user=root
Apr 12 13:55:40 ovzhost sshd[1006]: Failed password for root from 43.255.190.162 port 37700 ssh2
Apr 12 13:55:41 ovzhost sshd[1004]: message repeated 2 times: [ Failed password for root from 43.255.190.175 port 47416 ssh2]
Apr 12 13:55:41 ovzhost sshd[1004]: Received disconnect from 43.255.190.175: 11:  [preauth]
Apr 12 13:55:41 ovzhost sshd[1004]: PAM 2 more authentication failures; logname= uid=0 euid=0 tty=ssh ruser= rhost=43.255.190.175  user=root
Apr 12 13:55:41 ovzhost sshd[1010]: pam_unix(sshd:auth): authentication failure; logname= uid=0 euid=0 tty=ssh ruser= rhost=43.255.190.175  user=root
Apr 12 13:55:42 ovzhost sshd[1008]: Failed password for root from 43.255.190.175 port 35659 ssh2
Apr 12 13:55:43 ovzhost sshd[1010]: Failed password for root from 43.255.190.175 port 39977 ssh2
Apr 12 13:55:44 ovzhost sshd[1006]: message repeated 2 times: [ Failed password for root from 43.255.190.162 port 37700 ssh2]
Apr 12 13:55:44 ovzhost sshd[1006]: Received disconnect from 43.255.190.162: 11:  [preauth]
Apr 12 13:55:44 ovzhost sshd[1006]: PAM 2 more authentication failures; logname= uid=0 euid=0 tty=ssh ruser= rhost=43.255.190.162  user=root
Apr 12 13:55:45 ovzhost sshd[1012]: pam_unix(sshd:auth): authentication failure; logname= uid=0 euid=0 tty=ssh ruser= rhost=43.255.190.162  user=root
Apr 12 13:55:46 ovzhost sshd[1008]: message repeated 2 times: [ Failed password for root from 43.255.190.175 port 35659 ssh2]
Apr 12 13:55:46 ovzhost sshd[1008]: Received disconnect from 43.255.190.175: 11:  [preauth]
Apr 12 13:55:46 ovzhost sshd[1008]: PAM 2 more authentication failures; logname= uid=0 euid=0 tty=ssh ruser= rhost=43.255.190.175  user=root
Apr 12 13:55:47 ovzhost sshd[1014]: pam_unix(sshd:auth): authentication failure; logname= uid=0 euid=0 tty=ssh ruser= rhost=43.255.190.175  user=root
Apr 12 13:55:47 ovzhost sshd[1012]: Failed password for root from 43.255.190.162 port 53748 ssh2
Apr 12 13:55:47 ovzhost sshd[1010]: message repeated 2 times: [ Failed password for root from 43.255.190.175 port 39977 ssh2]
Apr 12 13:55:47 ovzhost sshd[1010]: Received disconnect from 43.255.190.175: 11:  [preauth]
Apr 12 13:55:47 ovzhost sshd[1010]: PAM 2 more authentication failures; logname= uid=0 euid=0 tty=ssh ruser= rhost=43.255.190.175  user=root
Apr 12 13:55:48 ovzhost sshd[1016]: pam_unix(sshd:auth): authentication failure; logname= uid=0 euid=0 tty=ssh ruser= rhost=43.255.190.175  user=root
Apr 12 13:55:49 ovzhost sshd[1014]: Failed password for root from 43.255.190.175 port 57887 ssh2
Apr 12 13:55:50 ovzhost sshd[1016]: Failed password for root from 43.255.190.175 port 33199 ssh2
Apr 12 13:55:51 ovzhost sshd[1012]: message repeated 2 times: [ Failed password for root from 43.255.190.162 port 53748 ssh2]
Apr 12 13:55:51 ovzhost sshd[1012]: Received disconnect from 43.255.190.162: 11:  [preauth]
Apr 12 13:55:51 ovzhost sshd[1012]: PAM 2 more authentication failures; logname= uid=0 euid=0 tty=ssh ruser= rhost=43.255.190.162  user=root
Apr 12 13:55:52 ovzhost sshd[1018]: pam_unix(sshd:auth): authentication failure; logname= uid=0 euid=0 tty=ssh ruser= rhost=43.255.190.162  user=root
Apr 12 13:55:52 ovzhost sshd[1014]: message repeated 2 times: [ Failed password for root from 43.255.190.175 port 57887 ssh2]
Apr 12 13:55:52 ovzhost sshd[1014]: Received disconnect from 43.255.190.175: 11:  [preauth]
Apr 12 13:55:52 ovzhost sshd[1014]: PAM 2 more authentication failures; logname= uid=0 euid=0 tty=ssh ruser= rhost=43.255.190.175  user=root
Apr 12 13:55:52 ovzhost sshd[1020]: pam_unix(sshd:auth): authentication failure; logname= uid=0 euid=0 tty=ssh ruser= rhost=43.255.190.175  user=root
Apr 12 13:55:53 ovzhost sshd[1016]: message repeated 2 times: [ Failed password for root from 43.255.190.175 port 33199 ssh2]
Apr 12 13:55:53 ovzhost sshd[1016]: Received disconnect from 43.255.190.175: 11:  [preauth]
Apr 12 13:55:53 ovzhost sshd[1016]: PAM 2 more authentication failures; logname= uid=0 euid=0 tty=ssh ruser= rhost=43.255.190.175  user=root
Apr 12 13:55:53 ovzhost sshd[1018]: Failed password for root from 43.255.190.162 port 40676 ssh2
Apr 12 13:55:53 ovzhost sshd[1024]: pam_unix(sshd:auth): authentication failure; logname= uid=0 euid=0 tty=ssh ruser= rhost=43.255.190.175  user=root
Apr 12 13:55:54 ovzhost sshd[1020]: Failed password for root from 43.255.190.175 port 50073 ssh2
Apr 12 13:55:55 ovzhost sshd[1024]: Failed password for root from 43.255.190.175 port 53608 ssh2
Apr 12 13:55:57 ovzhost sshd[1018]: message repeated 2 times: [ Failed password for root from 43.255.190.162 port 40676 ssh2]
Apr 12 13:55:57 ovzhost sshd[1018]: Received disconnect from 43.255.190.162: 11:  [preauth]
Apr 12 13:55:57 ovzhost sshd[1018]: PAM 2 more authentication failures; logname= uid=0 euid=0 tty=ssh ruser= rhost=43.255.190.162  user=root
Apr 12 13:55:58 ovzhost sshd[1026]: pam_unix(sshd:auth): authentication failure; logname= uid=0 euid=0 tty=ssh ruser= rhost=43.255.190.162  user=root
Apr 12 13:55:58 ovzhost sshd[1020]: message repeated 2 times: [ Failed password for root from 43.255.190.175 port 50073 ssh2]
Apr 12 13:55:58 ovzhost sshd[1020]: Received disconnect from 43.255.190.175: 11:  [preauth]
Apr 12 13:55:58 ovzhost sshd[1020]: PAM 2 more authentication failures; logname= uid=0 euid=0 tty=ssh ruser= rhost=43.255.190.175  user=root
Apr 12 13:55:59 ovzhost sshd[1026]: Failed password for root from 43.255.190.162 port 54850 ssh2
Apr 12 13:56:00 ovzhost sshd[1028]: pam_unix(sshd:auth): authentication failure; logname= uid=0 euid=0 tty=ssh ruser= rhost=43.255.190.175  user=root
Apr 12 13:55:59 ovzhost sshd[1024]: message repeated 2 times: [ Failed password for root from 43.255.190.175 port 53608 ssh2]
Apr 12 13:56:00 ovzhost sshd[1024]: Received disconnect from 43.255.190.175: 11:  [preauth]
Apr 12 13:56:00 ovzhost sshd[1024]: PAM 2 more authentication failures; logname= uid=0 euid=0 tty=ssh ruser= rhost=43.255.190.175  user=root
Apr 12 13:56:02 ovzhost sshd[1028]: Failed password for root from 43.255.190.175 port 44041 ssh2
Apr 12 13:56:03 ovzhost sshd[1026]: message repeated 2 times: [ Failed password for root from 43.255.190.162 port 54850 ssh2]
Apr 12 13:56:03 ovzhost sshd[1026]: Received disconnect from 43.255.190.162: 11:  [preauth]
Apr 12 13:56:03 ovzhost sshd[1026]: PAM 2 more authentication failures; logname= uid=0 euid=0 tty=ssh ruser= rhost=43.255.190.162  user=root
Apr 12 13:56:04 ovzhost sshd[1030]: pam_unix(sshd:auth): authentication failure; logname= uid=0 euid=0 tty=ssh ruser= rhost=43.255.190.175  user=root
Apr 12 13:56:04 ovzhost sshd[1032]: pam_unix(sshd:auth): authentication failure; logname= uid=0 euid=0 tty=ssh ruser= rhost=43.255.190.162  user=root
Apr 12 13:56:05 ovzhost sshd[1028]: message repeated 2 times: [ Failed password for root from 43.255.190.175 port 44041 ssh2]
Apr 12 13:56:05 ovzhost sshd[1028]: Received disconnect from 43.255.190.175: 11:  [preauth]
Apr 12 13:56:05 ovzhost sshd[1028]: PAM 2 more authentication failures; logname= uid=0 euid=0 tty=ssh ruser= rhost=43.255.190.175  user=root
Apr 12 13:56:05 ovzhost sshd[1030]: Failed password for root from 43.255.190.175 port 49740 ssh2
Apr 12 13:56:06 ovzhost sshd[1032]: Failed password for root from 43.255.190.162 port 40630 ssh2
Apr 12 13:56:06 ovzhost sshd[1034]: pam_unix(sshd:auth): authentication failure; logname= uid=0 euid=0 tty=ssh ruser= rhost=43.255.190.175  user=root
Apr 12 13:56:08 ovzhost sshd[1034]: Failed password for root from 43.255.190.175 port 37034 ssh2
Apr 12 13:56:10 ovzhost sshd[1030]: message repeated 2 times: [ Failed password for root from 43.255.190.175 port 49740 ssh2]
Apr 12 13:56:10 ovzhost sshd[1030]: Received disconnect from 43.255.190.175: 11:  [preauth]
Apr 12 13:56:10 ovzhost sshd[1030]: PAM 2 more authentication failures; logname= uid=0 euid=0 tty=ssh ruser= rhost=43.255.190.175  user=root
Apr 12 13:56:10 ovzhost sshd[1032]: message repeated 2 times: [ Failed password for root from 43.255.190.162 port 40630 ssh2]
Apr 12 13:56:10 ovzhost sshd[1032]: Received disconnect from 43.255.190.162: 11:  [preauth]
Apr 12 13:56:10 ovzhost sshd[1032]: PAM 2 more authentication failures; logname= uid=0 euid=0 tty=ssh ruser= rhost=43.255.190.162  user=root
Apr 12 13:56:11 ovzhost sshd[1036]: pam_unix(sshd:auth): authentication failure; logname= uid=0 euid=0 tty=ssh ruser= rhost=43.255.190.175  user=root
Apr 12 13:56:11 ovzhost sshd[1038]: pam_unix(sshd:auth): authentication failure; logname= uid=0 euid=0 tty=ssh ruser= rhost=43.255.190.162  user=root
Apr 12 13:56:12 ovzhost sshd[1034]: message repeated 2 times: [ Failed password for root from 43.255.190.175 port 37034 ssh2]
Apr 12 13:56:12 ovzhost sshd[1034]: Received disconnect from 43.255.190.175: 11:  [preauth]
Apr 12 13:56:12 ovzhost sshd[1034]: PAM 2 more authentication failures; logname= uid=0 euid=0 tty=ssh ruser= rhost=43.255.190.175  user=root
Apr 12 13:56:13 ovzhost sshd[1040]: pam_unix(sshd:auth): authentication failure; logname= uid=0 euid=0 tty=ssh ruser= rhost=43.255.190.175  user=root
Apr 12 13:56:13 ovzhost sshd[1036]: Failed password for root from 43.255.190.175 port 53045 ssh2
Apr 12 13:56:13 ovzhost sshd[1038]: Failed password for root from 43.255.190.162 port 56583 ssh2
Apr 12 13:56:14 ovzhost sshd[1040]: Failed password for root from 43.255.190.175 port 60315 ssh2
Apr 12 13:56:16 ovzhost sshd[1036]: message repeated 2 times: [ Failed password for root from 43.255.190.175 port 53045 ssh2]
Apr 12 13:56:16 ovzhost sshd[1036]: Received disconnect from 43.255.190.175: 11:  [preauth]
Apr 12 13:56:16 ovzhost sshd[1036]: PAM 2 more authentication failures; logname= uid=0 euid=0 tty=ssh ruser= rhost=43.255.190.175  user=root
Apr 12 13:56:16 ovzhost sshd[1042]: pam_unix(sshd:auth): authentication failure; logname= uid=0 euid=0 tty=ssh ruser= rhost=43.255.190.175  user=root
Apr 12 13:56:17 ovzhost sshd[1038]: message repeated 2 times: [ Failed password for root from 43.255.190.162 port 56583 ssh2]
Apr 12 13:56:17 ovzhost sshd[1038]: Received disconnect from 43.255.190.162: 11:  [preauth]
Apr 12 13:56:17 ovzhost sshd[1038]: PAM 2 more authentication failures; logname= uid=0 euid=0 tty=ssh ruser= rhost=43.255.190.162  user=root
Apr 12 13:56:17 ovzhost sshd[1044]: pam_unix(sshd:auth): authentication failure; logname= uid=0 euid=0 tty=ssh ruser= rhost=43.255.190.162  user=root
Apr 12 13:56:17 ovzhost sshd[1040]: message repeated 2 times: [ Failed password for root from 43.255.190.175 port 60315 ssh2]
Apr 12 13:56:18 ovzhost sshd[1040]: Received disconnect from 43.255.190.175: 11:  [preauth]
Apr 12 13:56:18 ovzhost sshd[1040]: PAM 2 more authentication failures; logname= uid=0 euid=0 tty=ssh ruser= rhost=43.255.190.175  user=root
Apr 12 13:56:18 ovzhost sshd[1046]: pam_unix(sshd:auth): authentication failure; logname= uid=0 euid=0 tty=ssh ruser= rhost=43.255.190.175  user=root
Apr 12 13:56:18 ovzhost sshd[1042]: Failed password for root from 43.255.190.175 port 45269 ssh2
Apr 12 13:56:19 ovzhost sshd[1044]: Failed password for root from 43.255.190.162 port 44257 ssh2
Apr 12 13:56:21 ovzhost sshd[1046]: Failed password for root from 43.255.190.175 port 50973 ssh2
Apr 12 13:56:23 ovzhost sshd[1042]: message repeated 2 times: [ Failed password for root from 43.255.190.175 port 45269 ssh2]
Apr 12 13:56:23 ovzhost sshd[1042]: Received disconnect from 43.255.190.175: 11:  [preauth]
Apr 12 13:56:23 ovzhost sshd[1042]: PAM 2 more authentication failures; logname= uid=0 euid=0 tty=ssh ruser= rhost=43.255.190.175  user=root
Apr 12 13:56:23 ovzhost sshd[1044]: message repeated 2 times: [ Failed password for root from 43.255.190.162 port 44257 ssh2]
Apr 12 13:56:23 ovzhost sshd[1044]: Received disconnect from 43.255.190.162: 11:  [preauth]
Apr 12 13:56:23 ovzhost sshd[1044]: PAM 2 more authentication failures; logname= uid=0 euid=0 tty=ssh ruser= rhost=43.255.190.162  user=root
Apr 12 13:56:23 ovzhost sshd[1050]: pam_unix(sshd:auth): authentication failure; logname= uid=0 euid=0 tty=ssh ruser= rhost=43.255.190.175  user=root
Apr 12 13:56:24 ovzhost sshd[1052]: pam_unix(sshd:auth): authentication failure; logname= uid=0 euid=0 tty=ssh ruser= rhost=43.255.190.162  user=root
Apr 12 13:56:24 ovzhost sshd[1046]: message repeated 2 times: [ Failed password for root from 43.255.190.175 port 50973 ssh2]
Apr 12 13:56:25 ovzhost sshd[1046]: Received disconnect from 43.255.190.175: 11:  [preauth]
Apr 12 13:56:25 ovzhost sshd[1046]: PAM 2 more authentication failures; logname= uid=0 euid=0 tty=ssh ruser= rhost=43.255.190.175  user=root
Apr 12 13:56:26 ovzhost sshd[1050]: Failed password for root from 43.255.190.175 port 38327 ssh2
Apr 12 13:56:26 ovzhost sshd[1052]: Failed password for root from 43.255.190.162 port 56926 ssh2
Apr 12 13:56:26 ovzhost sshd[1054]: pam_unix(sshd:auth): authentication failure; logname= uid=0 euid=0 tty=ssh ruser= rhost=43.255.190.175  user=root
Apr 12 13:56:28 ovzhost sshd[1054]: Failed password for root from 43.255.190.175 port 43601 ssh2
Apr 12 13:56:29 ovzhost sshd[1050]: message repeated 2 times: [ Failed password for root from 43.255.190.175 port 38327 ssh2]
Apr 12 13:56:29 ovzhost sshd[1050]: Received disconnect from 43.255.190.175: 11:  [preauth]
Apr 12 13:56:29 ovzhost sshd[1050]: PAM 2 more authentication failures; logname= uid=0 euid=0 tty=ssh ruser= rhost=43.255.190.175  user=root
Apr 12 13:56:29 ovzhost sshd[1052]: message repeated 2 times: [ Failed password for root from 43.255.190.162 port 56926 ssh2]
Apr 12 13:56:29 ovzhost sshd[1052]: Received disconnect from 43.255.190.162: 11:  [preauth]
Apr 12 13:56:29 ovzhost sshd[1052]: PAM 2 more authentication failures; logname= uid=0 euid=0 tty=ssh ruser= rhost=43.255.190.162  user=root
Apr 12 13:56:30 ovzhost sshd[1056]: pam_unix(sshd:auth): authentication failure; logname= uid=0 euid=0 tty=ssh ruser= rhost=43.255.190.175  user=root
Apr 12 13:56:30 ovzhost sshd[1058]: pam_unix(sshd:auth): authentication failure; logname= uid=0 euid=0 tty=ssh ruser= rhost=43.255.190.162  user=root
Apr 12 13:56:32 ovzhost sshd[1056]: Failed password for root from 43.255.190.175 port 55486 ssh2
Apr 12 13:56:32 ovzhost sshd[1058]: Failed password for root from 43.255.190.162 port 39015 ssh2
Apr 12 13:56:32 ovzhost sshd[1054]: message repeated 2 times: [ Failed password for root from 43.255.190.175 port 43601 ssh2]
Apr 12 13:56:33 ovzhost sshd[1054]: Received disconnect from 43.255.190.175: 11:  [preauth]
Apr 12 13:56:33 ovzhost sshd[1054]: PAM 2 more authentication failures; logname= uid=0 euid=0 tty=ssh ruser= rhost=43.255.190.175  user=root
Apr 12 13:56:33 ovzhost sshd[1060]: pam_unix(sshd:auth): authentication failure; logname= uid=0 euid=0 tty=ssh ruser= rhost=43.255.190.175  user=root
Apr 12 13:56:35 ovzhost sshd[1060]: Failed password for root from 43.255.190.175 port 37817 ssh2
Apr 12 13:56:36 ovzhost sshd[1056]: message repeated 2 times: [ Failed password for root from 43.255.190.175 port 55486 ssh2]
Apr 12 13:56:36 ovzhost sshd[1056]: Received disconnect from 43.255.190.175: 11:  [preauth]
Apr 12 13:56:36 ovzhost sshd[1056]: PAM 2 more authentication failures; logname= uid=0 euid=0 tty=ssh ruser= rhost=43.255.190.175  user=root
Apr 12 13:56:36 ovzhost sshd[1058]: message repeated 2 times: [ Failed password for root from 43.255.190.162 port 39015 ssh2]
Apr 12 13:56:36 ovzhost sshd[1058]: Received disconnect from 43.255.190.162: 11:  [preauth]
Apr 12 13:56:36 ovzhost sshd[1058]: PAM 2 more authentication failures; logname= uid=0 euid=0 tty=ssh ruser= rhost=43.255.190.162  user=root
Apr 12 13:56:37 ovzhost sshd[1063]: pam_unix(sshd:auth): authentication failure; logname= uid=0 euid=0 tty=ssh ruser= rhost=43.255.190.175  user=root
Apr 12 13:56:37 ovzhost sshd[1065]: pam_unix(sshd:auth): authentication failure; logname= uid=0 euid=0 tty=ssh ruser= rhost=43.255.190.162  user=root
Apr 12 13:56:39 ovzhost sshd[1063]: Failed password for root from 43.255.190.175 port 48824 ssh2
Apr 12 13:56:39 ovzhost sshd[1060]: message repeated 2 times: [ Failed password for root from 43.255.190.175 port 37817 ssh2]
Apr 12 13:56:39 ovzhost sshd[1060]: Received disconnect from 43.255.190.175: 11:  [preauth]
Apr 12 13:56:39 ovzhost sshd[1060]: PAM 2 more authentication failures; logname= uid=0 euid=0 tty=ssh ruser= rhost=43.255.190.175  user=root
Apr 12 13:56:39 ovzhost sshd[1065]: Failed password for root from 43.255.190.162 port 54084 ssh2
Apr 12 13:56:39 ovzhost sshd[1067]: pam_unix(sshd:auth): authentication failure; logname= uid=0 euid=0 tty=ssh ruser= rhost=43.255.190.175  user=root
Apr 12 13:56:41 ovzhost sshd[1067]: Failed password for root from 43.255.190.175 port 58027 ssh2
Apr 12 13:56:43 ovzhost sshd[1063]: message repeated 2 times: [ Failed password for root from 43.255.190.175 port 48824 ssh2]
Apr 12 13:56:43 ovzhost sshd[1063]: Received disconnect from 43.255.190.175: 11:  [preauth]
Apr 12 13:56:43 ovzhost sshd[1063]: PAM 2 more authentication failures; logname= uid=0 euid=0 tty=ssh ruser= rhost=43.255.190.175  user=root
Apr 12 13:56:43 ovzhost sshd[1065]: message repeated 2 times: [ Failed password for root from 43.255.190.162 port 54084 ssh2]
Apr 12 13:56:43 ovzhost sshd[1065]: Received disconnect from 43.255.190.162: 11:  [preauth]
Apr 12 13:56:43 ovzhost sshd[1065]: PAM 2 more authentication failures; logname= uid=0 euid=0 tty=ssh ruser= rhost=43.255.190.162  user=root
Apr 12 13:56:44 ovzhost sshd[1069]: pam_unix(sshd:auth): authentication failure; logname= uid=0 euid=0 tty=ssh ruser= rhost=43.255.190.175  user=root
Apr 12 13:56:44 ovzhost sshd[1071]: pam_unix(sshd:auth): authentication failure; logname= uid=0 euid=0 tty=ssh ruser= rhost=43.255.190.162  user=root
Apr 12 13:56:45 ovzhost sshd[1069]: Failed password for root from 43.255.190.175 port 44322 ssh2
Apr 12 13:56:45 ovzhost sshd[1067]: message repeated 2 times: [ Failed password for root from 43.255.190.175 port 58027 ssh2]
Apr 12 13:56:45 ovzhost sshd[1067]: Received disconnect from 43.255.190.175: 11:  [preauth]
Apr 12 13:56:45 ovzhost sshd[1067]: PAM 2 more authentication failures; logname= uid=0 euid=0 tty=ssh ruser= rhost=43.255.190.175  user=root
Apr 12 13:56:45 ovzhost sshd[1071]: Failed password for root from 43.255.190.162 port 42203 ssh2
