Apr 12 14:00:03 ovzhost sshd[1251]: message repeated 2 times: [ Failed password for root from 43.255.190.175 port 53825 ssh2]
Apr 12 14:00:04 ovzhost sshd[1251]: Received disconnect from 43.255.190.175: 11:  [preauth]
Apr 12 14:00:04 ovzhost sshd[1251]: PAM 2 more authentication failures; logname= uid=0 euid=0 tty=ssh ruser= rhost=43.255.190.175  user=root
Apr 12 14:00:04 ovzhost sshd[1283]: pam_unix(sshd:auth): authentication failure; logname= uid=0 euid=0 tty=ssh ruser= rhost=43.255.190.175  user=root
Apr 12 14:00:05 ovzhost sshd[1281]: Failed password for root from 43.255.190.175 port 36639 ssh2
Apr 12 14:00:06 ovzhost sshd[1283]: Failed password for root from 43.255.190.175 port 39797 ssh2
Apr 12 14:00:07 ovzhost sshd[1253]: message repeated 2 times: [ Failed password for root from 43.255.190.162 port 37305 ssh2]
Apr 12 14:00:07 ovzhost sshd[1253]: Received disconnect from 43.255.190.162: 11:  [preauth]
Apr 12 14:00:07 ovzhost sshd[1253]: PAM 2 more authentication failures; logname= uid=0 euid=0 tty=ssh ruser= rhost=43.255.190.162  user=root
Apr 12 14:00:07 ovzhost sshd[1285]: pam_unix(sshd:auth): authentication failure; logname= uid=0 euid=0 tty=ssh ruser= rhost=43.255.190.162  user=root
Apr 12 14:00:09 ovzhost sshd[1281]: message repeated 2 times: [ Failed password for root from 43.255.190.175 port 36639 ssh2]
Apr 12 14:00:09 ovzhost sshd[1281]: Received disconnect from 43.255.190.175: 11:  [preauth]
Apr 12 14:00:09 ovzhost sshd[1281]: PAM 2 more authentication failures; logname= uid=0 euid=0 tty=ssh ruser= rhost=43.255.190.175  user=root
Apr 12 14:00:09 ovzhost sshd[1285]: Failed password for root from 43.255.190.162 port 52735 ssh2
Apr 12 14:00:10 ovzhost sshd[1287]: pam_unix(sshd:auth): authentication failure; logname= uid=0 euid=0 tty=ssh ruser= rhost=43.255.190.175  user=root
Apr 12 14:00:11 ovzhost sshd[1283]: message repeated 2 times: [ Failed password for root from 43.255.190.175 port 39797 ssh2]
Apr 12 14:00:11 ovzhost sshd[1283]: Received disconnect from 43.255.190.175: 11:  [preauth]
Apr 12 14:00:11 ovzhost sshd[1283]: PAM 2 more authentication failures; logname= uid=0 euid=0 tty=ssh ruser= rhost=43.255.190.175  user=root
Apr 12 14:00:12 ovzhost sshd[1287]: Failed password for root from 43.255.190.175 port 52176 ssh2
Apr 12 14:00:13 ovzhost sshd[1289]: pam_unix(sshd:auth): authentication failure; logname= uid=0 euid=0 tty=ssh ruser= rhost=43.255.190.175  user=root
Apr 12 14:00:14 ovzhost sshd[1285]: message repeated 2 times: [ Failed password for root from 43.255.190.162 port 52735 ssh2]
Apr 12 14:00:14 ovzhost sshd[1285]: Received disconnect from 43.255.190.162: 11:  [preauth]
Apr 12 14:00:14 ovzhost sshd[1285]: PAM 2 more authentication failures; logname= uid=0 euid=0 tty=ssh ruser= rhost=43.255.190.162  user=root
Apr 12 14:00:14 ovzhost sshd[1291]: pam_unix(sshd:auth): authentication failure; logname= uid=0 euid=0 tty=ssh ruser= rhost=43.255.190.162  user=root
Apr 12 14:00:15 ovzhost sshd[1289]: Failed password for root from 43.255.190.175 port 55938 ssh2
Apr 12 14:00:16 ovzhost sshd[1287]: message repeated 2 times: [ Failed password for root from 43.255.190.175 port 52176 ssh2]
Apr 12 14:00:17 ovzhost sshd[1287]: Received disconnect from 43.255.190.175: 11:  [preauth]
Apr 12 14:00:17 ovzhost sshd[1287]: PAM 2 more authentication failures; logname= uid=0 euid=0 tty=ssh ruser= rhost=43.255.190.175  user=root
Apr 12 14:00:17 ovzhost sshd[1291]: Failed password for root from 43.255.190.162 port 39660 ssh2
Apr 12 14:00:17 ovzhost sshd[1293]: pam_unix(sshd:auth): authentication failure; logname= uid=0 euid=0 tty=ssh ruser= rhost=43.255.190.175  user=root
Apr 12 14:00:19 ovzhost sshd[1293]: Failed password for root from 43.255.190.175 port 39380 ssh2
Apr 12 14:00:20 ovzhost sshd[1289]: message repeated 2 times: [ Failed password for root from 43.255.190.175 port 55938 ssh2]
Apr 12 14:00:20 ovzhost sshd[1289]: Received disconnect from 43.255.190.175: 11:  [preauth]
Apr 12 14:00:20 ovzhost sshd[1289]: PAM 2 more authentication failures; logname= uid=0 euid=0 tty=ssh ruser= rhost=43.255.190.175  user=root
Apr 12 14:00:21 ovzhost sshd[1295]: pam_unix(sshd:auth): authentication failure; logname= uid=0 euid=0 tty=ssh ruser= rhost=43.255.190.175  user=root
Apr 12 14:00:21 ovzhost sshd[1291]: message repeated 2 times: [ Failed password for root from 43.255.190.162 port 39660 ssh2]
Apr 12 14:00:21 ovzhost sshd[1291]: Received disconnect from 43.255.190.162: 11:  [preauth]
Apr 12 14:00:21 ovzhost sshd[1291]: PAM 2 more authentication failures; logname= uid=0 euid=0 tty=ssh ruser= rhost=43.255.190.162  user=root
Apr 12 14:00:21 ovzhost sshd[1297]: pam_unix(sshd:auth): authentication failure; logname= uid=0 euid=0 tty=ssh ruser= rhost=43.255.190.162  user=root
Apr 12 14:00:23 ovzhost sshd[1295]: Failed password for root from 43.255.190.175 port 46659 ssh2
Apr 12 14:00:23 ovzhost sshd[1293]: message repeated 2 times: [ Failed password for root from 43.255.190.175 port 39380 ssh2]
Apr 12 14:00:23 ovzhost sshd[1293]: Received disconnect from 43.255.190.175: 11:  [preauth]
Apr 12 14:00:23 ovzhost sshd[1293]: PAM 2 more authentication failures; logname= uid=0 euid=0 tty=ssh ruser= rhost=43.255.190.175  user=root
Apr 12 14:00:24 ovzhost sshd[1297]: Failed password for root from 43.255.190.162 port 54630 ssh2
Apr 12 14:00:24 ovzhost sshd[1299]: pam_unix(sshd:auth): authentication failure; logname= uid=0 euid=0 tty=ssh ruser= rhost=43.255.190.175  user=root
Apr 12 14:00:26 ovzhost sshd[1299]: Failed password for root from 43.255.190.175 port 54472 ssh2
Apr 12 14:00:26 ovzhost sshd[1295]: message repeated 2 times: [ Failed password for root from 43.255.190.175 port 46659 ssh2]
Apr 12 14:00:26 ovzhost sshd[1295]: Received disconnect from 43.255.190.175: 11:  [preauth]
Apr 12 14:00:26 ovzhost sshd[1295]: PAM 2 more authentication failures; logname= uid=0 euid=0 tty=ssh ruser= rhost=43.255.190.175  user=root
Apr 12 14:00:26 ovzhost sshd[1304]: Connection closed by 128.8.37.104 [preauth]
Apr 12 14:00:27 ovzhost sshd[1301]: pam_unix(sshd:auth): authentication failure; logname= uid=0 euid=0 tty=ssh ruser= rhost=43.255.190.175  user=root
Apr 12 14:00:28 ovzhost sshd[1297]: message repeated 2 times: [ Failed password for root from 43.255.190.162 port 54630 ssh2]
Apr 12 14:00:28 ovzhost sshd[1297]: Received disconnect from 43.255.190.162: 11:  [preauth]
Apr 12 14:00:28 ovzhost sshd[1297]: PAM 2 more authentication failures; logname= uid=0 euid=0 tty=ssh ruser= rhost=43.255.190.162  user=root
Apr 12 14:00:29 ovzhost sshd[1306]: pam_unix(sshd:auth): authentication failure; logname= uid=0 euid=0 tty=ssh ruser= rhost=43.255.190.162  user=root
Apr 12 14:00:29 ovzhost sshd[1301]: Failed password for root from 43.255.190.175 port 33239 ssh2
Apr 12 14:00:30 ovzhost sshd[1299]: message repeated 2 times: [ Failed password for root from 43.255.190.175 port 54472 ssh2]
Apr 12 14:00:30 ovzhost sshd[1299]: Received disconnect from 43.255.190.175: 11:  [preauth]
Apr 12 14:00:30 ovzhost sshd[1299]: PAM 2 more authentication failures; logname= uid=0 euid=0 tty=ssh ruser= rhost=43.255.190.175  user=root
Apr 12 14:00:31 ovzhost sshd[1306]: Failed password for root from 43.255.190.162 port 42170 ssh2
Apr 12 14:00:31 ovzhost sshd[1308]: pam_unix(sshd:auth): authentication failure; logname= uid=0 euid=0 tty=ssh ruser= rhost=43.255.190.175  user=root
Apr 12 14:00:32 ovzhost sshd[1308]: Failed password for root from 43.255.190.175 port 41526 ssh2
Apr 12 14:00:33 ovzhost sshd[1301]: message repeated 2 times: [ Failed password for root from 43.255.190.175 port 33239 ssh2]
Apr 12 14:00:33 ovzhost sshd[1301]: Received disconnect from 43.255.190.175: 11:  [preauth]
Apr 12 14:00:33 ovzhost sshd[1301]: PAM 2 more authentication failures; logname= uid=0 euid=0 tty=ssh ruser= rhost=43.255.190.175  user=root
Apr 12 14:00:34 ovzhost sshd[1310]: pam_unix(sshd:auth): authentication failure; logname= uid=0 euid=0 tty=ssh ruser= rhost=43.255.190.175  user=root
Apr 12 14:00:34 ovzhost sshd[1306]: message repeated 2 times: [ Failed password for root from 43.255.190.162 port 42170 ssh2]
Apr 12 14:00:35 ovzhost sshd[1306]: Received disconnect from 43.255.190.162: 11:  [preauth]
Apr 12 14:00:35 ovzhost sshd[1306]: PAM 2 more authentication failures; logname= uid=0 euid=0 tty=ssh ruser= rhost=43.255.190.162  user=root
Apr 12 14:00:35 ovzhost sshd[1310]: Failed password for root from 43.255.190.175 port 47909 ssh2
Apr 12 14:00:37 ovzhost sshd[1308]: message repeated 2 times: [ Failed password for root from 43.255.190.175 port 41526 ssh2]
Apr 12 14:00:37 ovzhost sshd[1308]: Received disconnect from 43.255.190.175: 11:  [preauth]
Apr 12 14:00:37 ovzhost sshd[1308]: PAM 2 more authentication failures; logname= uid=0 euid=0 tty=ssh ruser= rhost=43.255.190.175  user=root
Apr 12 14:00:38 ovzhost sshd[1312]: pam_unix(sshd:auth): authentication failure; logname= uid=0 euid=0 tty=ssh ruser= rhost=43.255.190.162  user=root
Apr 12 14:00:38 ovzhost sshd[1314]: pam_unix(sshd:auth): authentication failure; logname= uid=0 euid=0 tty=ssh ruser= rhost=43.255.190.175  user=root
Apr 12 14:00:40 ovzhost sshd[1310]: message repeated 2 times: [ Failed password for root from 43.255.190.175 port 47909 ssh2]
Apr 12 14:00:40 ovzhost sshd[1310]: Received disconnect from 43.255.190.175: 11:  [preauth]
Apr 12 14:00:40 ovzhost sshd[1310]: PAM 2 more authentication failures; logname= uid=0 euid=0 tty=ssh ruser= rhost=43.255.190.175  user=root
Apr 12 14:00:40 ovzhost sshd[1312]: Failed password for root from 43.255.190.162 port 56067 ssh2
Apr 12 14:00:40 ovzhost sshd[1316]: pam_unix(sshd:auth): authentication failure; logname= uid=0 euid=0 tty=ssh ruser= rhost=43.255.190.175  user=root
Apr 12 14:00:41 ovzhost sshd[1314]: Failed password for root from 43.255.190.175 port 57868 ssh2
Apr 12 14:00:43 ovzhost sshd[1316]: Failed password for root from 43.255.190.175 port 34162 ssh2
Apr 12 14:00:44 ovzhost sshd[1314]: message repeated 2 times: [ Failed password for root from 43.255.190.175 port 57868 ssh2]
Apr 12 14:00:44 ovzhost sshd[1314]: Received disconnect from 43.255.190.175: 11:  [preauth]
Apr 12 14:00:44 ovzhost sshd[1314]: PAM 2 more authentication failures; logname= uid=0 euid=0 tty=ssh ruser= rhost=43.255.190.175  user=root
Apr 12 14:00:44 ovzhost sshd[1312]: message repeated 2 times: [ Failed password for root from 43.255.190.162 port 56067 ssh2]
Apr 12 14:00:44 ovzhost sshd[1312]: Received disconnect from 43.255.190.162: 11:  [preauth]
Apr 12 14:00:44 ovzhost sshd[1312]: PAM 2 more authentication failures; logname= uid=0 euid=0 tty=ssh ruser= rhost=43.255.190.162  user=root
Apr 12 14:00:45 ovzhost sshd[1318]: pam_unix(sshd:auth): authentication failure; logname= uid=0 euid=0 tty=ssh ruser= rhost=43.255.190.175  user=root
Apr 12 14:00:45 ovzhost sshd[1320]: pam_unix(sshd:auth): authentication failure; logname= uid=0 euid=0 tty=ssh ruser= rhost=43.255.190.162  user=root
Apr 12 14:00:46 ovzhost sshd[1316]: message repeated 2 times: [ Failed password for root from 43.255.190.175 port 34162 ssh2]
Apr 12 14:00:46 ovzhost sshd[1316]: Received disconnect from 43.255.190.175: 11:  [preauth]
Apr 12 14:00:46 ovzhost sshd[1316]: PAM 2 more authentication failures; logname= uid=0 euid=0 tty=ssh ruser= rhost=43.255.190.175  user=root
Apr 12 14:00:46 ovzhost sshd[1318]: Failed password for root from 43.255.190.175 port 43602 ssh2
Apr 12 14:00:47 ovzhost sshd[1320]: Failed password for root from 43.255.190.162 port 48759 ssh2
Apr 12 14:00:47 ovzhost sshd[1322]: pam_unix(sshd:auth): authentication failure; logname= uid=0 euid=0 tty=ssh ruser= rhost=43.255.190.175  user=root
Apr 12 14:00:49 ovzhost sshd[1322]: Failed password for root from 43.255.190.175 port 49499 ssh2
Apr 12 14:00:50 ovzhost sshd[1318]: message repeated 2 times: [ Failed password for root from 43.255.190.175 port 43602 ssh2]
Apr 12 14:00:50 ovzhost sshd[1318]: Received disconnect from 43.255.190.175: 11:  [preauth]
Apr 12 14:00:50 ovzhost sshd[1318]: PAM 2 more authentication failures; logname= uid=0 euid=0 tty=ssh ruser= rhost=43.255.190.175  user=root
Apr 12 14:00:51 ovzhost sshd[1324]: pam_unix(sshd:auth): authentication failure; logname= uid=0 euid=0 tty=ssh ruser= rhost=43.255.190.175  user=root
Apr 12 14:00:52 ovzhost sshd[1320]: message repeated 2 times: [ Failed password for root from 43.255.190.162 port 48759 ssh2]
Apr 12 14:00:52 ovzhost sshd[1320]: Received disconnect from 43.255.190.162: 11:  [preauth]
Apr 12 14:00:52 ovzhost sshd[1320]: PAM 2 more authentication failures; logname= uid=0 euid=0 tty=ssh ruser= rhost=43.255.190.162  user=root
Apr 12 14:00:53 ovzhost sshd[1326]: pam_unix(sshd:auth): authentication failure; logname= uid=0 euid=0 tty=ssh ruser= rhost=43.255.190.162  user=root
Apr 12 14:00:53 ovzhost sshd[1324]: Failed password for root from 43.255.190.175 port 57135 ssh2
Apr 12 14:00:54 ovzhost sshd[1322]: message repeated 2 times: [ Failed password for root from 43.255.190.175 port 49499 ssh2]
Apr 12 14:00:54 ovzhost sshd[1322]: Received disconnect from 43.255.190.175: 11:  [preauth]
Apr 12 14:00:54 ovzhost sshd[1322]: PAM 2 more authentication failures; logname= uid=0 euid=0 tty=ssh ruser= rhost=43.255.190.175  user=root
Apr 12 14:00:54 ovzhost sshd[1326]: Failed password for root from 43.255.190.162 port 36346 ssh2
Apr 12 14:00:54 ovzhost sshd[1328]: pam_unix(sshd:auth): authentication failure; logname= uid=0 euid=0 tty=ssh ruser= rhost=43.255.190.175  user=root
Apr 12 14:00:56 ovzhost sshd[1328]: Failed password for root from 43.255.190.175 port 36716 ssh2
Apr 12 14:00:57 ovzhost sshd[1324]: message repeated 2 times: [ Failed password for root from 43.255.190.175 port 57135 ssh2]
Apr 12 14:00:57 ovzhost sshd[1324]: Received disconnect from 43.255.190.175: 11:  [preauth]
Apr 12 14:00:57 ovzhost sshd[1324]: PAM 2 more authentication failures; logname= uid=0 euid=0 tty=ssh ruser= rhost=43.255.190.175  user=root
Apr 12 14:00:58 ovzhost sshd[1332]: pam_unix(sshd:auth): authentication failure; logname= uid=0 euid=0 tty=ssh ruser= rhost=43.255.190.175  user=root
Apr 12 14:00:58 ovzhost sshd[1326]: message repeated 2 times: [ Failed password for root from 43.255.190.162 port 36346 ssh2]
Apr 12 14:00:58 ovzhost sshd[1326]: Received disconnect from 43.255.190.162: 11:  [preauth]
Apr 12 14:00:58 ovzhost sshd[1326]: PAM 2 more authentication failures; logname= uid=0 euid=0 tty=ssh ruser= rhost=43.255.190.162  user=root
Apr 12 14:00:59 ovzhost sshd[1334]: pam_unix(sshd:auth): authentication failure; logname= uid=0 euid=0 tty=ssh ruser= rhost=43.255.190.162  user=root
Apr 12 14:00:59 ovzhost sshd[1332]: Failed password for root from 43.255.190.175 port 44003 ssh2
Apr 12 14:01:00 ovzhost sshd[1328]: message repeated 2 times: [ Failed password for root from 43.255.190.175 port 36716 ssh2]
Apr 12 14:01:00 ovzhost sshd[1328]: Received disconnect from 43.255.190.175: 11:  [preauth]
Apr 12 14:01:00 ovzhost sshd[1328]: PAM 2 more authentication failures; logname= uid=0 euid=0 tty=ssh ruser= rhost=43.255.190.175  user=root
Apr 12 14:01:01 ovzhost sshd[1334]: Failed password for root from 43.255.190.162 port 50105 ssh2
Apr 12 14:01:01 ovzhost sshd[1336]: pam_unix(sshd:auth): authentication failure; logname= uid=0 euid=0 tty=ssh ruser= rhost=43.255.190.175  user=root
Apr 12 14:01:03 ovzhost sshd[1336]: Failed password for root from 43.255.190.175 port 50664 ssh2
Apr 12 14:01:04 ovzhost sshd[1332]: message repeated 2 times: [ Failed password for root from 43.255.190.175 port 44003 ssh2]
Apr 12 14:01:04 ovzhost sshd[1332]: Received disconnect from 43.255.190.175: 11:  [preauth]
Apr 12 14:01:04 ovzhost sshd[1332]: PAM 2 more authentication failures; logname= uid=0 euid=0 tty=ssh ruser= rhost=43.255.190.175  user=root
Apr 12 14:01:05 ovzhost sshd[1338]: pam_unix(sshd:auth): authentication failure; logname= uid=0 euid=0 tty=ssh ruser= rhost=43.255.190.175  user=root
Apr 12 14:01:05 ovzhost sshd[1334]: message repeated 2 times: [ Failed password for root from 43.255.190.162 port 50105 ssh2]
Apr 12 14:01:05 ovzhost sshd[1334]: Received disconnect from 43.255.190.162: 11:  [preauth]
Apr 12 14:01:05 ovzhost sshd[1334]: PAM 2 more authentication failures; logname= uid=0 euid=0 tty=ssh ruser= rhost=43.255.190.162  user=root
Apr 12 14:01:06 ovzhost sshd[1340]: pam_unix(sshd:auth): authentication failure; logname= uid=0 euid=0 tty=ssh ruser= rhost=43.255.190.162  user=root
Apr 12 14:01:07 ovzhost sshd[1338]: Failed password for root from 43.255.190.175 port 60239 ssh2
Apr 12 14:01:07 ovzhost sshd[1336]: message repeated 2 times: [ Failed password for root from 43.255.190.175 port 50664 ssh2]
Apr 12 14:01:07 ovzhost sshd[1336]: Received disconnect from 43.255.190.175: 11:  [preauth]
Apr 12 14:01:07 ovzhost sshd[1336]: PAM 2 more authentication failures; logname= uid=0 euid=0 tty=ssh ruser= rhost=43.255.190.175  user=root
Apr 12 14:01:07 ovzhost sshd[1340]: Failed password for root from 43.255.190.162 port 36937 ssh2
Apr 12 14:01:07 ovzhost sshd[1342]: pam_unix(sshd:auth): authentication failure; logname= uid=0 euid=0 tty=ssh ruser= rhost=43.255.190.175  user=root
Apr 12 14:01:09 ovzhost sshd[1342]: Failed password for root from 43.255.190.175 port 37264 ssh2
Apr 12 14:01:10 ovzhost sshd[1338]: message repeated 2 times: [ Failed password for root from 43.255.190.175 port 60239 ssh2]
Apr 12 14:01:10 ovzhost sshd[1338]: Received disconnect from 43.255.190.175: 11:  [preauth]
Apr 12 14:01:10 ovzhost sshd[1338]: PAM 2 more authentication failures; logname= uid=0 euid=0 tty=ssh ruser= rhost=43.255.190.175  user=root
Apr 12 14:01:11 ovzhost sshd[1340]: message repeated 2 times: [ Failed password for root from 43.255.190.162 port 36937 ssh2]
Apr 12 14:01:11 ovzhost sshd[1340]: Received disconnect from 43.255.190.162: 11:  [preauth]
Apr 12 14:01:11 ovzhost sshd[1340]: PAM 2 more authentication failures; logname= uid=0 euid=0 tty=ssh ruser= rhost=43.255.190.162  user=root
Apr 12 14:01:11 ovzhost sshd[1344]: pam_unix(sshd:auth): authentication failure; logname= uid=0 euid=0 tty=ssh ruser= rhost=43.255.190.175  user=root
Apr 12 14:01:11 ovzhost sshd[1346]: pam_unix(sshd:auth): authentication failure; logname= uid=0 euid=0 tty=ssh ruser= rhost=43.255.190.162  user=root
Apr 12 14:01:13 ovzhost sshd[1344]: Failed password for root from 43.255.190.175 port 46244 ssh2
Apr 12 14:01:14 ovzhost sshd[1342]: message repeated 2 times: [ Failed password for root from 43.255.190.175 port 37264 ssh2]
Apr 12 14:01:14 ovzhost sshd[1342]: Received disconnect from 43.255.190.175: 11:  [preauth]
Apr 12 14:01:14 ovzhost sshd[1342]: PAM 2 more authentication failures; logname= uid=0 euid=0 tty=ssh ruser= rhost=43.255.190.175  user=root
Apr 12 14:01:14 ovzhost sshd[1346]: Failed password for root from 43.255.190.162 port 50058 ssh2
Apr 12 14:01:14 ovzhost sshd[1348]: pam_unix(sshd:auth): authentication failure; logname= uid=0 euid=0 tty=ssh ruser= rhost=43.255.190.175  user=root
Apr 12 14:01:16 ovzhost sshd[1348]: Failed password for root from 43.255.190.175 port 52925 ssh2
Apr 12 14:01:17 ovzhost sshd[1344]: message repeated 2 times: [ Failed password for root from 43.255.190.175 port 46244 ssh2]
Apr 12 14:01:17 ovzhost sshd[1344]: Received disconnect from 43.255.190.175: 11:  [preauth]
Apr 12 14:01:17 ovzhost sshd[1344]: PAM 2 more authentication failures; logname= uid=0 euid=0 tty=ssh ruser= rhost=43.255.190.175  user=root
Apr 12 14:01:18 ovzhost sshd[1346]: message repeated 2 times: [ Failed password for root from 43.255.190.162 port 50058 ssh2]
Apr 12 14:01:18 ovzhost sshd[1346]: Received disconnect from 43.255.190.162: 11:  [preauth]
Apr 12 14:01:18 ovzhost sshd[1346]: PAM 2 more authentication failures; logname= uid=0 euid=0 tty=ssh ruser= rhost=43.255.190.162  user=root
Apr 12 14:01:18 ovzhost sshd[1350]: pam_unix(sshd:auth): authentication failure; logname= uid=0 euid=0 tty=ssh ruser= rhost=43.255.190.175  user=root
Apr 12 14:01:18 ovzhost sshd[1352]: pam_unix(sshd:auth): authentication failure; logname= uid=0 euid=0 tty=ssh ruser= rhost=43.255.190.162  user=root
Apr 12 14:01:19 ovzhost sshd[1350]: Failed password for root from 43.255.190.175 port 33089 ssh2
Apr 12 14:01:19 ovzhost sshd[1354]: Invalid user admin from 80.242.123.130
Apr 12 14:01:19 ovzhost sshd[1354]: input_userauth_request: invalid user admin [preauth]
Apr 12 14:01:19 ovzhost sshd[1354]: pam_unix(sshd:auth): check pass; user unknown
Apr 12 14:01:19 ovzhost sshd[1354]: pam_unix(sshd:auth): authentication failure; logname= uid=0 euid=0 tty=ssh ruser= rhost=130-123-242-80.pppoe.dyn.broadband.blic.net 
Apr 12 14:01:20 ovzhost sshd[1352]: Failed password for root from 43.255.190.162 port 37108 ssh2
Apr 12 14:01:20 ovzhost sshd[1348]: message repeated 2 times: [ Failed password for root from 43.255.190.175 port 52925 ssh2]
Apr 12 14:01:20 ovzhost sshd[1348]: Received disconnect from 43.255.190.175: 11:  [preauth]
Apr 12 14:01:20 ovzhost sshd[1348]: PAM 2 more authentication failures; logname= uid=0 euid=0 tty=ssh ruser= rhost=43.255.190.175  user=root
Apr 12 14:01:21 ovzhost sshd[1356]: pam_unix(sshd:auth): authentication failure; logname= uid=0 euid=0 tty=ssh ruser= rhost=43.255.190.175  user=root
Apr 12 14:01:21 ovzhost sshd[1354]: Failed password for invalid user admin from 80.242.123.130 port 39341 ssh2
Apr 12 14:01:21 ovzhost sshd[1354]: Received disconnect from 80.242.123.130: 11: Bye Bye [preauth]
Apr 12 14:01:22 ovzhost sshd[1356]: Failed password for root from 43.255.190.175 port 39745 ssh2
Apr 12 14:01:23 ovzhost sshd[1350]: message repeated 2 times: [ Failed password for root from 43.255.190.175 port 33089 ssh2]
Apr 12 14:01:23 ovzhost sshd[1350]: Received disconnect from 43.255.190.175: 11:  [preauth]
Apr 12 14:01:23 ovzhost sshd[1350]: PAM 2 more authentication failures; logname= uid=0 euid=0 tty=ssh ruser= rhost=43.255.190.175  user=root
Apr 12 14:01:24 ovzhost sshd[1352]: message repeated 2 times: [ Failed password for root from 43.255.190.162 port 37108 ssh2]
Apr 12 14:01:24 ovzhost sshd[1352]: Received disconnect from 43.255.190.162: 11:  [preauth]
Apr 12 14:01:24 ovzhost sshd[1352]: PAM 2 more authentication failures; logname= uid=0 euid=0 tty=ssh ruser= rhost=43.255.190.162  user=root
Apr 12 14:01:25 ovzhost sshd[1358]: pam_unix(sshd:auth): authentication failure; logname= uid=0 euid=0 tty=ssh ruser= rhost=43.255.190.175  user=root
Apr 12 14:01:26 ovzhost sshd[1358]: Failed password for root from 43.255.190.175 port 45959 ssh2
Apr 12 14:01:27 ovzhost sshd[1360]: pam_unix(sshd:auth): authentication failure; logname= uid=0 euid=0 tty=ssh ruser= rhost=43.255.190.162  user=root
Apr 12 14:01:26 ovzhost sshd[1356]: message repeated 2 times: [ Failed password for root from 43.255.190.175 port 39745 ssh2]
Apr 12 14:01:29 ovzhost sshd[1356]: Received disconnect from 43.255.190.175: 11:  [preauth]
Apr 12 14:01:29 ovzhost sshd[1356]: PAM 2 more authentication failures; logname= uid=0 euid=0 tty=ssh ruser= rhost=43.255.190.175  user=root
Apr 12 14:01:29 ovzhost sshd[1364]: pam_unix(sshd:auth): authentication failure; logname= uid=0 euid=0 tty=ssh ruser= rhost=43.255.190.175  user=root
Apr 12 14:01:29 ovzhost sshd[1360]: Failed password for root from 43.255.190.162 port 50573 ssh2
Apr 12 14:01:31 ovzhost sshd[1358]: message repeated 2 times: [ Failed password for root from 43.255.190.175 port 45959 ssh2]
Apr 12 14:01:31 ovzhost sshd[1358]: Received disconnect from 43.255.190.175: 11:  [preauth]
Apr 12 14:01:31 ovzhost sshd[1358]: PAM 2 more authentication failures; logname= uid=0 euid=0 tty=ssh ruser= rhost=43.255.190.175  user=root
Apr 12 14:01:31 ovzhost sshd[1364]: Failed password for root from 43.255.190.175 port 55770 ssh2
Apr 12 14:01:31 ovzhost sshd[1366]: pam_unix(sshd:auth): authentication failure; logname= uid=0 euid=0 tty=ssh ruser= rhost=43.255.190.175  user=root
Apr 12 14:01:33 ovzhost sshd[1360]: message repeated 2 times: [ Failed password for root from 43.255.190.162 port 50573 ssh2]
Apr 12 14:01:33 ovzhost sshd[1360]: Received disconnect from 43.255.190.162: 11:  [preauth]
Apr 12 14:01:33 ovzhost sshd[1360]: PAM 2 more authentication failures; logname= uid=0 euid=0 tty=ssh ruser= rhost=43.255.190.162  user=root
Apr 12 14:01:33 ovzhost sshd[1366]: Failed password for root from 43.255.190.175 port 59737 ssh2
Apr 12 14:01:33 ovzhost sshd[1368]: pam_unix(sshd:auth): authentication failure; logname= uid=0 euid=0 tty=ssh ruser= rhost=43.255.190.162  user=root
Apr 12 14:01:35 ovzhost sshd[1364]: message repeated 2 times: [ Failed password for root from 43.255.190.175 port 55770 ssh2]
Apr 12 14:01:35 ovzhost sshd[1364]: Received disconnect from 43.255.190.175: 11:  [preauth]
Apr 12 14:01:35 ovzhost sshd[1364]: PAM 2 more authentication failures; logname= uid=0 euid=0 tty=ssh ruser= rhost=43.255.190.175  user=root
Apr 12 14:01:36 ovzhost sshd[1368]: Failed password for root from 43.255.190.162 port 38330 ssh2
Apr 12 14:01:36 ovzhost sshd[1370]: pam_unix(sshd:auth): authentication failure; logname= uid=0 euid=0 tty=ssh ruser= rhost=43.255.190.175  user=root
Apr 12 14:01:37 ovzhost sshd[1370]: Failed password for root from 43.255.190.175 port 40336 ssh2
Apr 12 14:01:37 ovzhost sshd[1366]: message repeated 2 times: [ Failed password for root from 43.255.190.175 port 59737 ssh2]
Apr 12 14:01:37 ovzhost sshd[1366]: Received disconnect from 43.255.190.175: 11:  [preauth]
Apr 12 14:01:37 ovzhost sshd[1366]: PAM 2 more authentication failures; logname= uid=0 euid=0 tty=ssh ruser= rhost=43.255.190.175  user=root
Apr 12 14:01:39 ovzhost sshd[1368]: message repeated 2 times: [ Failed password for root from 43.255.190.162 port 38330 ssh2]
Apr 12 14:01:39 ovzhost sshd[1368]: Received disconnect from 43.255.190.162: 11:  [preauth]
Apr 12 14:01:39 ovzhost sshd[1368]: PAM 2 more authentication failures; logname= uid=0 euid=0 tty=ssh ruser= rhost=43.255.190.162  user=root
Apr 12 14:01:41 ovzhost sshd[1370]: message repeated 2 times: [ Failed password for root from 43.255.190.175 port 40336 ssh2]
Apr 12 14:01:41 ovzhost sshd[1370]: Received disconnect from 43.255.190.175: 11:  [preauth]
Apr 12 14:01:41 ovzhost sshd[1370]: PAM 2 more authentication failures; logname= uid=0 euid=0 tty=ssh ruser= rhost=43.255.190.175  user=root
Apr 12 14:01:42 ovzhost sshd[1373]: pam_unix(sshd:auth): authentication failure; logname= uid=0 euid=0 tty=ssh ruser= rhost=43.255.190.175  user=root
Apr 12 14:01:43 ovzhost sshd[1373]: Failed password for root from 43.255.190.175 port 53384 ssh2
Apr 12 14:01:46 ovzhost sshd[1376]: Connection closed by 127.0.0.1 [preauth]
Apr 12 14:01:47 ovzhost sshd[1373]: message repeated 2 times: [ Failed password for root from 43.255.190.175 port 53384 ssh2]
Apr 12 14:01:47 ovzhost sshd[1373]: Received disconnect from 43.255.190.175: 11:  [preauth]
Apr 12 14:01:47 ovzhost sshd[1373]: PAM 2 more authentication failures; logname= uid=0 euid=0 tty=ssh ruser= rhost=43.255.190.175  user=root
Apr 12 14:01:48 ovzhost sshd[1378]: pam_unix(sshd:auth): authentication failure; logname= uid=0 euid=0 tty=ssh ruser= rhost=43.255.190.175  user=root
Apr 12 14:01:49 ovzhost sshd[1378]: Failed password for root from 43.255.190.175 port 39686 ssh2
Apr 12 14:01:54 ovzhost sshd[1378]: message repeated 2 times: [ Failed password for root from 43.255.190.175 port 39686 ssh2]
Apr 12 14:01:54 ovzhost sshd[1378]: Received disconnect from 43.255.190.175: 11:  [preauth]
Apr 12 14:01:54 ovzhost sshd[1378]: PAM 2 more authentication failures; logname= uid=0 euid=0 tty=ssh ruser= rhost=43.255.190.175  user=root
Apr 12 14:01:54 ovzhost sshd[1381]: pam_unix(sshd:auth): authentication failure; logname= uid=0 euid=0 tty=ssh ruser= rhost=43.255.190.175  user=root
Apr 12 14:01:56 ovzhost sshd[1381]: Failed password for root from 43.255.190.175 port 55461 ssh2
Apr 12 14:02:00 ovzhost sshd[1381]: message repeated 2 times: [ Failed password for root from 43.255.190.175 port 55461 ssh2]
Apr 12 14:02:00 ovzhost sshd[1381]: Received disconnect from 43.255.190.175: 11:  [preauth]
Apr 12 14:02:00 ovzhost sshd[1381]: PAM 2 more authentication failures; logname= uid=0 euid=0 tty=ssh ruser= rhost=43.255.190.175  user=root
Apr 12 14:02:00 ovzhost sshd[1385]: pam_unix(sshd:auth): authentication failure; logname= uid=0 euid=0 tty=ssh ruser= rhost=43.255.190.175  user=root
Apr 12 14:02:02 ovzhost sshd[1385]: Failed password for root from 43.255.190.175 port 40766 ssh2
Apr 12 14:02:06 ovzhost sshd[1385]: message repeated 2 times: [ Failed password for root from 43.255.190.175 port 40766 ssh2]
Apr 12 14:02:06 ovzhost sshd[1385]: Received disconnect from 43.255.190.175: 11:  [preauth]
Apr 12 14:02:06 ovzhost sshd[1385]: PAM 2 more authentication failures; logname= uid=0 euid=0 tty=ssh ruser= rhost=43.255.190.175  user=root
Apr 12 14:02:07 ovzhost sshd[1387]: pam_unix(sshd:auth): authentication failure; logname= uid=0 euid=0 tty=ssh ruser= rhost=43.255.190.175  user=root
Apr 12 14:02:08 ovzhost sshd[1387]: Failed password for root from 43.255.190.175 port 53672 ssh2
Apr 12 14:02:12 ovzhost sshd[1387]: message repeated 2 times: [ Failed password for root from 43.255.190.175 port 53672 ssh2]
Apr 12 14:02:12 ovzhost sshd[1387]: Received disconnect from 43.255.190.175: 11:  [preauth]
Apr 12 14:02:12 ovzhost sshd[1387]: PAM 2 more authentication failures; logname= uid=0 euid=0 tty=ssh ruser= rhost=43.255.190.175  user=root
Apr 12 14:02:13 ovzhost sshd[1389]: pam_unix(sshd:auth): authentication failure; logname= uid=0 euid=0 tty=ssh ruser= rhost=43.255.190.175  user=root
Apr 12 14:02:15 ovzhost sshd[1389]: Failed password for root from 43.255.190.175 port 36766 ssh2
Apr 12 14:02:18 ovzhost sshd[1389]: message repeated 2 times: [ Failed password for root from 43.255.190.175 port 36766 ssh2]
Apr 12 14:02:18 ovzhost sshd[1389]: Received disconnect from 43.255.190.175: 11:  [preauth]
Apr 12 14:02:18 ovzhost sshd[1389]: PAM 2 more authentication failures; logname= uid=0 euid=0 tty=ssh ruser= rhost=43.255.190.175  user=root
Apr 12 14:02:19 ovzhost sshd[1391]: pam_unix(sshd:auth): authentication failure; logname= uid=0 euid=0 tty=ssh ruser= rhost=43.255.190.175  user=root
Apr 12 14:02:20 ovzhost sshd[1391]: Failed password for root from 43.255.190.175 port 49180 ssh2
Apr 12 14:02:24 ovzhost sshd[1391]: message repeated 2 times: [ Failed password for root from 43.255.190.175 port 49180 ssh2]
Apr 12 14:02:24 ovzhost sshd[1391]: Received disconnect from 43.255.190.175: 11:  [preauth]
Apr 12 14:02:24 ovzhost sshd[1391]: PAM 2 more authentication failures; logname= uid=0 euid=0 tty=ssh ruser= rhost=43.255.190.175  user=root
Apr 12 14:02:24 ovzhost sshd[1393]: pam_unix(sshd:auth): authentication failure; logname= uid=0 euid=0 tty=ssh ruser= rhost=43.255.190.175  user=root
Apr 12 14:02:27 ovzhost sshd[1393]: Failed password for root from 43.255.190.175 port 36010 ssh2
Apr 12 14:02:30 ovzhost sshd[1393]: message repeated 2 times: [ Failed password for root from 43.255.190.175 port 36010 ssh2]
Apr 12 14:02:30 ovzhost sshd[1393]: Received disconnect from 43.255.190.175: 11:  [preauth]
Apr 12 14:02:30 ovzhost sshd[1393]: PAM 2 more authentication failures; logname= uid=0 euid=0 tty=ssh ruser= rhost=43.255.190.175  user=root
Apr 12 14:02:31 ovzhost sshd[1395]: pam_unix(sshd:auth): authentication failure; logname= uid=0 euid=0 tty=ssh ruser= rhost=43.255.190.175  user=root
Apr 12 14:02:32 ovzhost sshd[1395]: Failed password for root from 43.255.190.175 port 51498 ssh2
Apr 12 14:02:37 ovzhost sshd[1395]: message repeated 2 times: [ Failed password for root from 43.255.190.175 port 51498 ssh2]
Apr 12 14:02:37 ovzhost sshd[1395]: Received disconnect from 43.255.190.175: 11:  [preauth]
Apr 12 14:02:37 ovzhost sshd[1395]: PAM 2 more authentication failures; logname= uid=0 euid=0 tty=ssh ruser= rhost=43.255.190.175  user=root
Apr 12 14:02:37 ovzhost sshd[1397]: pam_unix(sshd:auth): authentication failure; logname= uid=0 euid=0 tty=ssh ruser= rhost=43.255.190.175  user=root
Apr 12 14:02:39 ovzhost sshd[1397]: Failed password for root from 43.255.190.175 port 38327 ssh2
Apr 12 14:02:44 ovzhost sshd[1397]: message repeated 2 times: [ Failed password for root from 43.255.190.175 port 38327 ssh2]
Apr 12 14:02:44 ovzhost sshd[1397]: Received disconnect from 43.255.190.175: 11:  [preauth]
Apr 12 14:02:44 ovzhost sshd[1397]: PAM 2 more authentication failures; logname= uid=0 euid=0 tty=ssh ruser= rhost=43.255.190.175  user=root
Apr 12 14:02:45 ovzhost sshd[1399]: pam_unix(sshd:auth): authentication failure; logname= uid=0 euid=0 tty=ssh ruser= rhost=43.255.190.175  user=root
Apr 12 14:02:47 ovzhost sshd[1399]: Failed password for root from 43.255.190.175 port 54675 ssh2
Apr 12 14:02:50 ovzhost sshd[1399]: message repeated 2 times: [ Failed password for root from 43.255.190.175 port 54675 ssh2]
Apr 12 14:02:50 ovzhost sshd[1399]: Received disconnect from 43.255.190.175: 11:  [preauth]
Apr 12 14:02:50 ovzhost sshd[1399]: PAM 2 more authentication failures; logname= uid=0 euid=0 tty=ssh ruser= rhost=43.255.190.175  user=root
Apr 12 14:02:51 ovzhost sshd[1401]: pam_unix(sshd:auth): authentication failure; logname= uid=0 euid=0 tty=ssh ruser= rhost=43.255.190.175  user=root
Apr 12 14:02:53 ovzhost sshd[1401]: Failed password for root from 43.255.190.175 port 41810 ssh2
Apr 12 14:02:57 ovzhost sshd[1401]: message repeated 2 times: [ Failed password for root from 43.255.190.175 port 41810 ssh2]
Apr 12 14:02:57 ovzhost sshd[1401]: Received disconnect from 43.255.190.175: 11:  [preauth]
Apr 12 14:02:57 ovzhost sshd[1401]: PAM 2 more authentication failures; logname= uid=0 euid=0 tty=ssh ruser= rhost=43.255.190.175  user=root
Apr 12 14:02:57 ovzhost sshd[1404]: pam_unix(sshd:auth): authentication failure; logname= uid=0 euid=0 tty=ssh ruser= rhost=43.255.190.175  user=root
Apr 12 14:02:59 ovzhost sshd[1404]: Failed password for root from 43.255.190.175 port 57333 ssh2
Apr 12 14:03:03 ovzhost sshd[1404]: message repeated 2 times: [ Failed password for root from 43.255.190.175 port 57333 ssh2]
Apr 12 14:03:03 ovzhost sshd[1404]: Received disconnect from 43.255.190.175: 11:  [preauth]
Apr 12 14:03:03 ovzhost sshd[1404]: PAM 2 more authentication failures; logname= uid=0 euid=0 tty=ssh ruser= rhost=43.255.190.175  user=root
Apr 12 14:06:46 ovzhost sshd[1419]: Connection closed by 127.0.0.1 [preauth]
Apr 12 14:09:01 ovzhost CRON[1432]: pam_env(cron:session): Unable to open env file: /etc/default/locale: No such file or directory
Apr 12 14:09:01 ovzhost CRON[1433]: pam_env(cron:session): Unable to open env file: /etc/default/locale: No such file or directory
Apr 12 14:09:01 ovzhost CRON[1433]: pam_unix(cron:session): session opened for user root by (uid=0)
Apr 12 14:09:01 ovzhost CRON[1432]: pam_unix(cron:session): session opened for user root by (uid=0)
Apr 12 14:09:01 ovzhost CRON[1432]: pam_unix(cron:session): session closed for user root
Apr 12 14:09:01 ovzhost CRON[1433]: pam_unix(cron:session): session closed for user root
Apr 12 14:10:26 ovzhost sshd[1451]: Connection closed by 128.8.37.104 [preauth]
Apr 12 14:11:46 ovzhost sshd[1459]: Connection closed by 127.0.0.1 [preauth]
Apr 12 14:16:46 ovzhost sshd[1478]: Connection closed by 127.0.0.1 [preauth]
Apr 12 14:18:17 ovzhost sshd[1485]: pam_unix(sshd:auth): authentication failure; logname= uid=0 euid=0 tty=ssh ruser= rhost=43.255.190.92  user=root
Apr 12 14:18:18 ovzhost sshd[1487]: pam_unix(sshd:auth): authentication failure; logname= uid=0 euid=0 tty=ssh ruser= rhost=43.255.190.173  user=root
Apr 12 14:18:18 ovzhost sshd[1489]: pam_unix(sshd:auth): authentication failure; logname= uid=0 euid=0 tty=ssh ruser= rhost=43.255.190.92  user=root
Apr 12 14:18:19 ovzhost sshd[1485]: Failed password for root from 43.255.190.92 port 60050 ssh2
Apr 12 14:18:20 ovzhost sshd[1487]: Failed password for root from 43.255.190.173 port 40124 ssh2
Apr 12 14:18:20 ovzhost sshd[1489]: Failed password for root from 43.255.190.92 port 36618 ssh2
Apr 12 14:18:24 ovzhost sshd[1485]: message repeated 2 times: [ Failed password for root from 43.255.190.92 port 60050 ssh2]
Apr 12 14:18:24 ovzhost sshd[1485]: Received disconnect from 43.255.190.92: 11:  [preauth]
Apr 12 14:18:24 ovzhost sshd[1485]: PAM 2 more authentication failures; logname= uid=0 euid=0 tty=ssh ruser= rhost=43.255.190.92  user=root
Apr 12 14:18:24 ovzhost sshd[1495]: pam_unix(sshd:auth): authentication failure; logname= uid=0 euid=0 tty=ssh ruser= rhost=43.255.190.92  user=root
Apr 12 14:18:24 ovzhost sshd[1487]: message repeated 2 times: [ Failed password for root from 43.255.190.173 port 40124 ssh2]
Apr 12 14:18:24 ovzhost sshd[1487]: Received disconnect from 43.255.190.173: 11:  [preauth]
Apr 12 14:18:24 ovzhost sshd[1487]: PAM 2 more authentication failures; logname= uid=0 euid=0 tty=ssh ruser= rhost=43.255.190.173  user=root
Apr 12 14:18:25 ovzhost sshd[1489]: message repeated 2 times: [ Failed password for root from 43.255.190.92 port 36618 ssh2]
Apr 12 14:18:25 ovzhost sshd[1489]: Received disconnect from 43.255.190.92: 11:  [preauth]
Apr 12 14:18:25 ovzhost sshd[1489]: PAM 2 more authentication failures; logname= uid=0 euid=0 tty=ssh ruser= rhost=43.255.190.92  user=root
Apr 12 14:18:25 ovzhost sshd[1497]: pam_unix(sshd:auth): authentication failure; logname= uid=0 euid=0 tty=ssh ruser= rhost=43.255.190.173  user=root
Apr 12 14:18:26 ovzhost sshd[1499]: pam_unix(sshd:auth): authentication failure; logname= uid=0 euid=0 tty=ssh ruser= rhost=43.255.190.92  user=root
Apr 12 14:18:27 ovzhost sshd[1495]: Failed password for root from 43.255.190.92 port 50955 ssh2
Apr 12 14:18:27 ovzhost sshd[1497]: Failed password for root from 43.255.190.173 port 59260 ssh2
Apr 12 14:18:28 ovzhost sshd[1499]: Failed password for root from 43.255.190.92 port 53735 ssh2
Apr 12 14:18:31 ovzhost sshd[1495]: message repeated 2 times: [ Failed password for root from 43.255.190.92 port 50955 ssh2]
Apr 12 14:18:32 ovzhost sshd[1495]: Received disconnect from 43.255.190.92: 11:  [preauth]
Apr 12 14:18:32 ovzhost sshd[1495]: PAM 2 more authentication failures; logname= uid=0 euid=0 tty=ssh ruser= rhost=43.255.190.92  user=root
Apr 12 14:18:32 ovzhost sshd[1497]: message repeated 2 times: [ Failed password for root from 43.255.190.173 port 59260 ssh2]
Apr 12 14:18:32 ovzhost sshd[1497]: Received disconnect from 43.255.190.173: 11:  [preauth]
Apr 12 14:18:32 ovzhost sshd[1497]: PAM 2 more authentication failures; logname= uid=0 euid=0 tty=ssh ruser= rhost=43.255.190.173  user=root
Apr 12 14:18:32 ovzhost sshd[1499]: message repeated 2 times: [ Failed password for root from 43.255.190.92 port 53735 ssh2]
Apr 12 14:18:32 ovzhost sshd[1499]: Received disconnect from 43.255.190.92: 11:  [preauth]
Apr 12 14:18:32 ovzhost sshd[1499]: PAM 2 more authentication failures; logname= uid=0 euid=0 tty=ssh ruser= rhost=43.255.190.92  user=root
Apr 12 14:18:33 ovzhost sshd[1501]: pam_unix(sshd:auth): authentication failure; logname= uid=0 euid=0 tty=ssh ruser= rhost=43.255.190.92  user=root
Apr 12 14:18:33 ovzhost sshd[1503]: pam_unix(sshd:auth): authentication failure; logname= uid=0 euid=0 tty=ssh ruser= rhost=43.255.190.173  user=root
Apr 12 14:18:33 ovzhost sshd[1505]: pam_unix(sshd:auth): authentication failure; logname= uid=0 euid=0 tty=ssh ruser= rhost=43.255.190.92  user=root
Apr 12 14:18:35 ovzhost sshd[1501]: Failed password for root from 43.255.190.92 port 38382 ssh2
Apr 12 14:18:35 ovzhost sshd[1503]: Failed password for root from 43.255.190.173 port 47003 ssh2
Apr 12 14:18:36 ovzhost sshd[1505]: Failed password for root from 43.255.190.92 port 40271 ssh2
Apr 12 14:18:40 ovzhost sshd[1501]: message repeated 2 times: [ Failed password for root from 43.255.190.92 port 38382 ssh2]
Apr 12 14:18:40 ovzhost sshd[1501]: Received disconnect from 43.255.190.92: 11:  [preauth]
Apr 12 14:18:40 ovzhost sshd[1501]: PAM 2 more authentication failures; logname= uid=0 euid=0 tty=ssh ruser= rhost=43.255.190.92  user=root
Apr 12 14:18:40 ovzhost sshd[1503]: message repeated 2 times: [ Failed password for root from 43.255.190.173 port 47003 ssh2]
Apr 12 14:18:40 ovzhost sshd[1503]: Received disconnect from 43.255.190.173: 11:  [preauth]
Apr 12 14:18:40 ovzhost sshd[1503]: PAM 2 more authentication failures; logname= uid=0 euid=0 tty=ssh ruser= rhost=43.255.190.173  user=root
Apr 12 14:18:40 ovzhost sshd[1505]: message repeated 2 times: [ Failed password for root from 43.255.190.92 port 40271 ssh2]
Apr 12 14:18:40 ovzhost sshd[1505]: Received disconnect from 43.255.190.92: 11:  [preauth]
Apr 12 14:18:40 ovzhost sshd[1505]: PAM 2 more authentication failures; logname= uid=0 euid=0 tty=ssh ruser= rhost=43.255.190.92  user=root
Apr 12 14:18:41 ovzhost sshd[1507]: pam_unix(sshd:auth): authentication failure; logname= uid=0 euid=0 tty=ssh ruser= rhost=43.255.190.92  user=root
Apr 12 14:18:41 ovzhost sshd[1509]: pam_unix(sshd:auth): authentication failure; logname= uid=0 euid=0 tty=ssh ruser= rhost=43.255.190.173  user=root
Apr 12 14:18:41 ovzhost sshd[1511]: pam_unix(sshd:auth): authentication failure; logname= uid=0 euid=0 tty=ssh ruser= rhost=43.255.190.92  user=root
Apr 12 14:18:43 ovzhost sshd[1507]: Failed password for root from 43.255.190.92 port 53524 ssh2
Apr 12 14:18:43 ovzhost sshd[1509]: Failed password for root from 43.255.190.173 port 35643 ssh2
Apr 12 14:18:43 ovzhost sshd[1511]: Failed password for root from 43.255.190.92 port 53780 ssh2
Apr 12 14:18:48 ovzhost sshd[1507]: message repeated 2 times: [ Failed password for root from 43.255.190.92 port 53524 ssh2]
Apr 12 14:18:48 ovzhost sshd[1507]: Received disconnect from 43.255.190.92: 11:  [preauth]
Apr 12 14:18:48 ovzhost sshd[1507]: PAM 2 more authentication failures; logname= uid=0 euid=0 tty=ssh ruser= rhost=43.255.190.92  user=root
Apr 12 14:18:48 ovzhost sshd[1509]: message repeated 2 times: [ Failed password for root from 43.255.190.173 port 35643 ssh2]
Apr 12 14:18:48 ovzhost sshd[1509]: Received disconnect from 43.255.190.173: 11:  [preauth]
Apr 12 14:18:48 ovzhost sshd[1509]: PAM 2 more authentication failures; logname= uid=0 euid=0 tty=ssh ruser= rhost=43.255.190.173  user=root
Apr 12 14:18:48 ovzhost sshd[1511]: message repeated 2 times: [ Failed password for root from 43.255.190.92 port 53780 ssh2]
Apr 12 14:18:48 ovzhost sshd[1511]: Received disconnect from 43.255.190.92: 11:  [preauth]
Apr 12 14:18:48 ovzhost sshd[1511]: PAM 2 more authentication failures; logname= uid=0 euid=0 tty=ssh ruser= rhost=43.255.190.92  user=root
Apr 12 14:18:48 ovzhost sshd[1513]: pam_unix(sshd:auth): authentication failure; logname= uid=0 euid=0 tty=ssh ruser= rhost=43.255.190.92  user=root
Apr 12 14:18:48 ovzhost sshd[1515]: pam_unix(sshd:auth): authentication failure; logname= uid=0 euid=0 tty=ssh ruser= rhost=43.255.190.173  user=root
Apr 12 14:18:48 ovzhost sshd[1517]: pam_unix(sshd:auth): authentication failure; logname= uid=0 euid=0 tty=ssh ruser= rhost=43.255.190.92  user=root
Apr 12 14:18:50 ovzhost sshd[1513]: Failed password for root from 43.255.190.92 port 40795 ssh2
Apr 12 14:18:51 ovzhost sshd[1515]: Failed password for root from 43.255.190.173 port 52879 ssh2
Apr 12 14:18:51 ovzhost sshd[1517]: Failed password for root from 43.255.190.92 port 41174 ssh2
Apr 12 14:18:54 ovzhost sshd[1513]: message repeated 2 times: [ Failed password for root from 43.255.190.92 port 40795 ssh2]
Apr 12 14:18:55 ovzhost sshd[1513]: Received disconnect from 43.255.190.92: 11:  [preauth]
Apr 12 14:18:55 ovzhost sshd[1513]: PAM 2 more authentication failures; logname= uid=0 euid=0 tty=ssh ruser= rhost=43.255.190.92  user=root
Apr 12 14:18:55 ovzhost sshd[1515]: message repeated 2 times: [ Failed password for root from 43.255.190.173 port 52879 ssh2]
Apr 12 14:18:55 ovzhost sshd[1515]: Received disconnect from 43.255.190.173: 11:  [preauth]
Apr 12 14:18:55 ovzhost sshd[1515]: PAM 2 more authentication failures; logname= uid=0 euid=0 tty=ssh ruser= rhost=43.255.190.173  user=root
Apr 12 14:18:55 ovzhost sshd[1517]: message repeated 2 times: [ Failed password for root from 43.255.190.92 port 41174 ssh2]
Apr 12 14:18:55 ovzhost sshd[1517]: Received disconnect from 43.255.190.92: 11:  [preauth]
Apr 12 14:18:55 ovzhost sshd[1517]: PAM 2 more authentication failures; logname= uid=0 euid=0 tty=ssh ruser= rhost=43.255.190.92  user=root
Apr 12 14:18:56 ovzhost sshd[1521]: pam_unix(sshd:auth): authentication failure; logname= uid=0 euid=0 tty=ssh ruser= rhost=43.255.190.92  user=root
Apr 12 14:18:56 ovzhost sshd[1523]: pam_unix(sshd:auth): authentication failure; logname= uid=0 euid=0 tty=ssh ruser= rhost=43.255.190.173  user=root
Apr 12 14:18:58 ovzhost sshd[1525]: pam_unix(sshd:auth): authentication failure; logname= uid=0 euid=0 tty=ssh ruser= rhost=43.255.190.92  user=root
Apr 12 14:18:58 ovzhost sshd[1521]: Failed password for root from 43.255.190.92 port 57930 ssh2
Apr 12 14:18:58 ovzhost sshd[1523]: Failed password for root from 43.255.190.173 port 42834 ssh2
Apr 12 14:19:00 ovzhost sshd[1525]: Failed password for root from 43.255.190.92 port 59226 ssh2
Apr 12 14:19:02 ovzhost sshd[1521]: message repeated 2 times: [ Failed password for root from 43.255.190.92 port 57930 ssh2]
Apr 12 14:19:03 ovzhost sshd[1521]: Received disconnect from 43.255.190.92: 11:  [preauth]
Apr 12 14:19:03 ovzhost sshd[1521]: PAM 2 more authentication failures; logname= uid=0 euid=0 tty=ssh ruser= rhost=43.255.190.92  user=root
Apr 12 14:19:03 ovzhost sshd[1527]: pam_unix(sshd:auth): authentication failure; logname= uid=0 euid=0 tty=ssh ruser= rhost=43.255.190.92  user=root
Apr 12 14:19:03 ovzhost sshd[1523]: message repeated 2 times: [ Failed password for root from 43.255.190.173 port 42834 ssh2]
Apr 12 14:19:03 ovzhost sshd[1523]: Received disconnect from 43.255.190.173: 11:  [preauth]
Apr 12 14:19:03 ovzhost sshd[1523]: PAM 2 more authentication failures; logname= uid=0 euid=0 tty=ssh ruser= rhost=43.255.190.173  user=root
Apr 12 14:19:04 ovzhost sshd[1529]: pam_unix(sshd:auth): authentication failure; logname= uid=0 euid=0 tty=ssh ruser= rhost=43.255.190.173  user=root
Apr 12 14:19:04 ovzhost sshd[1525]: message repeated 2 times: [ Failed password for root from 43.255.190.92 port 59226 ssh2]
Apr 12 14:19:04 ovzhost sshd[1525]: Received disconnect from 43.255.190.92: 11:  [preauth]
Apr 12 14:19:04 ovzhost sshd[1525]: PAM 2 more authentication failures; logname= uid=0 euid=0 tty=ssh ruser= rhost=43.255.190.92  user=root
Apr 12 14:19:05 ovzhost sshd[1531]: pam_unix(sshd:auth): authentication failure; logname= uid=0 euid=0 tty=ssh ruser= rhost=43.255.190.92  user=root
Apr 12 14:19:05 ovzhost sshd[1527]: Failed password for root from 43.255.190.92 port 48123 ssh2
Apr 12 14:19:06 ovzhost sshd[1529]: Failed password for root from 43.255.190.173 port 37217 ssh2
Apr 12 14:19:07 ovzhost sshd[1531]: Failed password for root from 43.255.190.92 port 52087 ssh2
Apr 12 14:19:10 ovzhost sshd[1527]: message repeated 2 times: [ Failed password for root from 43.255.190.92 port 48123 ssh2]
Apr 12 14:19:10 ovzhost sshd[1527]: Received disconnect from 43.255.190.92: 11:  [preauth]
Apr 12 14:19:10 ovzhost sshd[1527]: PAM 2 more authentication failures; logname= uid=0 euid=0 tty=ssh ruser= rhost=43.255.190.92  user=root
Apr 12 14:19:10 ovzhost sshd[1529]: message repeated 2 times: [ Failed password for root from 43.255.190.173 port 37217 ssh2]
Apr 12 14:19:10 ovzhost sshd[1529]: Received disconnect from 43.255.190.173: 11:  [preauth]
Apr 12 14:19:10 ovzhost sshd[1529]: PAM 2 more authentication failures; logname= uid=0 euid=0 tty=ssh ruser= rhost=43.255.190.173  user=root
Apr 12 14:19:10 ovzhost sshd[1533]: pam_unix(sshd:auth): authentication failure; logname= uid=0 euid=0 tty=ssh ruser= rhost=43.255.190.92  user=root
Apr 12 14:19:11 ovzhost sshd[1535]: pam_unix(sshd:auth): authentication failure; logname= uid=0 euid=0 tty=ssh ruser= rhost=43.255.190.173  user=root
Apr 12 14:19:11 ovzhost sshd[1531]: message repeated 2 times: [ Failed password for root from 43.255.190.92 port 52087 ssh2]
Apr 12 14:19:11 ovzhost sshd[1531]: Received disconnect from 43.255.190.92: 11:  [preauth]
Apr 12 14:19:11 ovzhost sshd[1531]: PAM 2 more authentication failures; logname= uid=0 euid=0 tty=ssh ruser= rhost=43.255.190.92  user=root
Apr 12 14:19:12 ovzhost sshd[1537]: pam_unix(sshd:auth): authentication failure; logname= uid=0 euid=0 tty=ssh ruser= rhost=43.255.190.92  user=root
Apr 12 14:19:12 ovzhost sshd[1533]: Failed password for root from 43.255.190.92 port 36923 ssh2
Apr 12 14:19:13 ovzhost sshd[1535]: Failed password for root from 43.255.190.173 port 55297 ssh2
Apr 12 14:19:14 ovzhost sshd[1537]: Failed password for root from 43.255.190.92 port 40798 ssh2
Apr 12 14:19:17 ovzhost sshd[1533]: message repeated 2 times: [ Failed password for root from 43.255.190.92 port 36923 ssh2]
Apr 12 14:19:17 ovzhost sshd[1533]: Received disconnect from 43.255.190.92: 11:  [preauth]
Apr 12 14:19:17 ovzhost sshd[1533]: PAM 2 more authentication failures; logname= uid=0 euid=0 tty=ssh ruser= rhost=43.255.190.92  user=root
Apr 12 14:19:17 ovzhost sshd[1535]: message repeated 2 times: [ Failed password for root from 43.255.190.173 port 55297 ssh2]
Apr 12 14:19:18 ovzhost sshd[1535]: Received disconnect from 43.255.190.173: 11:  [preauth]
Apr 12 14:19:18 ovzhost sshd[1535]: PAM 2 more authentication failures; logname= uid=0 euid=0 tty=ssh ruser= rhost=43.255.190.173  user=root
Apr 12 14:19:18 ovzhost sshd[1539]: pam_unix(sshd:auth): authentication failure; logname= uid=0 euid=0 tty=ssh ruser= rhost=43.255.190.92  user=root
Apr 12 14:19:18 ovzhost sshd[1537]: message repeated 2 times: [ Failed password for root from 43.255.190.92 port 40798 ssh2]
Apr 12 14:19:18 ovzhost sshd[1537]: Received disconnect from 43.255.190.92: 11:  [preauth]
Apr 12 14:19:18 ovzhost sshd[1537]: PAM 2 more authentication failures; logname= uid=0 euid=0 tty=ssh ruser= rhost=43.255.190.92  user=root
Apr 12 14:19:19 ovzhost sshd[1539]: Failed password for root from 43.255.190.92 port 53692 ssh2
Apr 12 14:19:20 ovzhost sshd[1541]: pam_unix(sshd:auth): authentication failure; logname= uid=0 euid=0 tty=ssh ruser= rhost=43.255.190.173  user=root
Apr 12 14:19:23 ovzhost sshd[1541]: Failed password for root from 43.255.190.173 port 46600 ssh2
