Apr 12 13:56:46 ovzhost sshd[1073]: pam_unix(sshd:auth): authentication failure; logname= uid=0 euid=0 tty=ssh ruser= rhost=43.255.190.175  user=root
Apr 12 13:56:46 ovzhost sshd[1076]: Connection closed by 127.0.0.1 [preauth]
Apr 12 13:56:48 ovzhost sshd[1073]: Failed password for root from 43.255.190.175 port 51943 ssh2
Apr 12 13:56:49 ovzhost sshd[1069]: message repeated 2 times: [ Failed password for root from 43.255.190.175 port 44322 ssh2]
Apr 12 13:56:49 ovzhost sshd[1069]: Received disconnect from 43.255.190.175: 11:  [preauth]
Apr 12 13:56:49 ovzhost sshd[1069]: PAM 2 more authentication failures; logname= uid=0 euid=0 tty=ssh ruser= rhost=43.255.190.175  user=root
Apr 12 13:56:49 ovzhost sshd[1071]: message repeated 2 times: [ Failed password for root from 43.255.190.162 port 42203 ssh2]
Apr 12 13:56:49 ovzhost sshd[1071]: Received disconnect from 43.255.190.162: 11:  [preauth]
Apr 12 13:56:49 ovzhost sshd[1071]: PAM 2 more authentication failures; logname= uid=0 euid=0 tty=ssh ruser= rhost=43.255.190.162  user=root
Apr 12 13:56:50 ovzhost sshd[1078]: pam_unix(sshd:auth): authentication failure; logname= uid=0 euid=0 tty=ssh ruser= rhost=43.255.190.175  user=root
Apr 12 13:56:50 ovzhost sshd[1080]: pam_unix(sshd:auth): authentication failure; logname= uid=0 euid=0 tty=ssh ruser= rhost=43.255.190.162  user=root
Apr 12 13:56:52 ovzhost sshd[1078]: Failed password for root from 43.255.190.175 port 36158 ssh2
Apr 12 13:56:52 ovzhost sshd[1080]: Failed password for root from 43.255.190.162 port 56004 ssh2
Apr 12 13:56:52 ovzhost sshd[1073]: message repeated 2 times: [ Failed password for root from 43.255.190.175 port 51943 ssh2]
Apr 12 13:56:52 ovzhost sshd[1073]: Received disconnect from 43.255.190.175: 11:  [preauth]
Apr 12 13:56:52 ovzhost sshd[1073]: PAM 2 more authentication failures; logname= uid=0 euid=0 tty=ssh ruser= rhost=43.255.190.175  user=root
Apr 12 13:56:53 ovzhost sshd[1083]: pam_unix(sshd:auth): authentication failure; logname= uid=0 euid=0 tty=ssh ruser= rhost=43.255.190.175  user=root
Apr 12 13:56:56 ovzhost sshd[1083]: Failed password for root from 43.255.190.175 port 45351 ssh2
Apr 12 13:56:56 ovzhost sshd[1078]: message repeated 2 times: [ Failed password for root from 43.255.190.175 port 36158 ssh2]
Apr 12 13:56:56 ovzhost sshd[1078]: Received disconnect from 43.255.190.175: 11:  [preauth]
Apr 12 13:56:56 ovzhost sshd[1078]: PAM 2 more authentication failures; logname= uid=0 euid=0 tty=ssh ruser= rhost=43.255.190.175  user=root
Apr 12 13:56:57 ovzhost sshd[1085]: pam_unix(sshd:auth): authentication failure; logname= uid=0 euid=0 tty=ssh ruser= rhost=43.255.190.175  user=root
Apr 12 13:56:57 ovzhost sshd[1080]: message repeated 2 times: [ Failed password for root from 43.255.190.162 port 56004 ssh2]
Apr 12 13:56:57 ovzhost sshd[1080]: Received disconnect from 43.255.190.162: 11:  [preauth]
Apr 12 13:56:57 ovzhost sshd[1080]: PAM 2 more authentication failures; logname= uid=0 euid=0 tty=ssh ruser= rhost=43.255.190.162  user=root
Apr 12 13:56:58 ovzhost sshd[1087]: pam_unix(sshd:auth): authentication failure; logname= uid=0 euid=0 tty=ssh ruser= rhost=43.255.190.162  user=root
Apr 12 13:56:58 ovzhost sshd[1085]: Failed password for root from 43.255.190.175 port 57766 ssh2
Apr 12 13:56:59 ovzhost sshd[1083]: message repeated 2 times: [ Failed password for root from 43.255.190.175 port 45351 ssh2]
Apr 12 13:56:59 ovzhost sshd[1083]: Received disconnect from 43.255.190.175: 11:  [preauth]
Apr 12 13:56:59 ovzhost sshd[1083]: PAM 2 more authentication failures; logname= uid=0 euid=0 tty=ssh ruser= rhost=43.255.190.175  user=root
Apr 12 13:57:00 ovzhost sshd[1087]: Failed password for root from 43.255.190.162 port 43682 ssh2
Apr 12 13:57:00 ovzhost sshd[1089]: pam_unix(sshd:auth): authentication failure; logname= uid=0 euid=0 tty=ssh ruser= rhost=43.255.190.175  user=root
Apr 12 13:57:02 ovzhost sshd[1089]: Failed password for root from 43.255.190.175 port 39377 ssh2
Apr 12 13:57:03 ovzhost sshd[1085]: message repeated 2 times: [ Failed password for root from 43.255.190.175 port 57766 ssh2]
Apr 12 13:57:03 ovzhost sshd[1085]: Received disconnect from 43.255.190.175: 11:  [preauth]
Apr 12 13:57:03 ovzhost sshd[1085]: PAM 2 more authentication failures; logname= uid=0 euid=0 tty=ssh ruser= rhost=43.255.190.175  user=root
Apr 12 13:57:03 ovzhost sshd[1093]: pam_unix(sshd:auth): authentication failure; logname= uid=0 euid=0 tty=ssh ruser= rhost=43.255.190.175  user=root
Apr 12 13:57:04 ovzhost sshd[1087]: message repeated 2 times: [ Failed password for root from 43.255.190.162 port 43682 ssh2]
Apr 12 13:57:04 ovzhost sshd[1087]: Received disconnect from 43.255.190.162: 11:  [preauth]
Apr 12 13:57:04 ovzhost sshd[1087]: PAM 2 more authentication failures; logname= uid=0 euid=0 tty=ssh ruser= rhost=43.255.190.162  user=root
Apr 12 13:57:05 ovzhost sshd[1095]: pam_unix(sshd:auth): authentication failure; logname= uid=0 euid=0 tty=ssh ruser= rhost=43.255.190.162  user=root
Apr 12 13:57:05 ovzhost sshd[1093]: Failed password for root from 43.255.190.175 port 50091 ssh2
Apr 12 13:57:06 ovzhost sshd[1089]: message repeated 2 times: [ Failed password for root from 43.255.190.175 port 39377 ssh2]
Apr 12 13:57:06 ovzhost sshd[1089]: Received disconnect from 43.255.190.175: 11:  [preauth]
Apr 12 13:57:06 ovzhost sshd[1089]: PAM 2 more authentication failures; logname= uid=0 euid=0 tty=ssh ruser= rhost=43.255.190.175  user=root
Apr 12 13:57:06 ovzhost sshd[1097]: pam_unix(sshd:auth): authentication failure; logname= uid=0 euid=0 tty=ssh ruser= rhost=43.255.190.175  user=root
Apr 12 13:57:07 ovzhost sshd[1095]: Failed password for root from 43.255.190.162 port 56160 ssh2
Apr 12 13:57:09 ovzhost sshd[1097]: Failed password for root from 43.255.190.175 port 60101 ssh2
Apr 12 13:57:09 ovzhost sshd[1093]: message repeated 2 times: [ Failed password for root from 43.255.190.175 port 50091 ssh2]
Apr 12 13:57:09 ovzhost sshd[1093]: Received disconnect from 43.255.190.175: 11:  [preauth]
Apr 12 13:57:09 ovzhost sshd[1093]: PAM 2 more authentication failures; logname= uid=0 euid=0 tty=ssh ruser= rhost=43.255.190.175  user=root
Apr 12 13:57:10 ovzhost sshd[1099]: pam_unix(sshd:auth): authentication failure; logname= uid=0 euid=0 tty=ssh ruser= rhost=43.255.190.175  user=root
Apr 12 13:57:10 ovzhost sshd[1095]: message repeated 2 times: [ Failed password for root from 43.255.190.162 port 56160 ssh2]
Apr 12 13:57:11 ovzhost sshd[1095]: Received disconnect from 43.255.190.162: 11:  [preauth]
Apr 12 13:57:11 ovzhost sshd[1095]: PAM 2 more authentication failures; logname= uid=0 euid=0 tty=ssh ruser= rhost=43.255.190.162  user=root
Apr 12 13:57:11 ovzhost sshd[1101]: pam_unix(sshd:auth): authentication failure; logname= uid=0 euid=0 tty=ssh ruser= rhost=43.255.190.162  user=root
Apr 12 13:57:12 ovzhost sshd[1099]: Failed password for root from 43.255.190.175 port 41843 ssh2
Apr 12 13:57:12 ovzhost sshd[1097]: message repeated 2 times: [ Failed password for root from 43.255.190.175 port 60101 ssh2]
Apr 12 13:57:12 ovzhost sshd[1097]: Received disconnect from 43.255.190.175: 11:  [preauth]
Apr 12 13:57:12 ovzhost sshd[1097]: PAM 2 more authentication failures; logname= uid=0 euid=0 tty=ssh ruser= rhost=43.255.190.175  user=root
Apr 12 13:57:13 ovzhost sshd[1101]: Failed password for root from 43.255.190.162 port 40845 ssh2
Apr 12 13:57:13 ovzhost sshd[1103]: pam_unix(sshd:auth): authentication failure; logname= uid=0 euid=0 tty=ssh ruser= rhost=43.255.190.175  user=root
Apr 12 13:57:15 ovzhost sshd[1103]: Failed password for root from 43.255.190.175 port 52127 ssh2
Apr 12 13:57:16 ovzhost sshd[1099]: message repeated 2 times: [ Failed password for root from 43.255.190.175 port 41843 ssh2]
Apr 12 13:57:16 ovzhost sshd[1099]: Received disconnect from 43.255.190.175: 11:  [preauth]
Apr 12 13:57:16 ovzhost sshd[1099]: PAM 2 more authentication failures; logname= uid=0 euid=0 tty=ssh ruser= rhost=43.255.190.175  user=root
Apr 12 13:57:17 ovzhost sshd[1101]: message repeated 2 times: [ Failed password for root from 43.255.190.162 port 40845 ssh2]
Apr 12 13:57:17 ovzhost sshd[1101]: Received disconnect from 43.255.190.162: 11:  [preauth]
Apr 12 13:57:17 ovzhost sshd[1101]: PAM 2 more authentication failures; logname= uid=0 euid=0 tty=ssh ruser= rhost=43.255.190.162  user=root
Apr 12 13:57:18 ovzhost sshd[1105]: pam_unix(sshd:auth): authentication failure; logname= uid=0 euid=0 tty=ssh ruser= rhost=43.255.190.162  user=root
Apr 12 13:57:18 ovzhost sshd[1107]: pam_unix(sshd:auth): authentication failure; logname= uid=0 euid=0 tty=ssh ruser= rhost=43.255.190.175  user=root
Apr 12 13:57:19 ovzhost sshd[1103]: message repeated 2 times: [ Failed password for root from 43.255.190.175 port 52127 ssh2]
Apr 12 13:57:20 ovzhost sshd[1103]: Received disconnect from 43.255.190.175: 11:  [preauth]
Apr 12 13:57:20 ovzhost sshd[1103]: PAM 2 more authentication failures; logname= uid=0 euid=0 tty=ssh ruser= rhost=43.255.190.175  user=root
Apr 12 13:57:20 ovzhost sshd[1109]: pam_unix(sshd:auth): authentication failure; logname= uid=0 euid=0 tty=ssh ruser= rhost=43.255.190.175  user=root
Apr 12 13:57:20 ovzhost sshd[1105]: Failed password for root from 43.255.190.162 port 53720 ssh2
Apr 12 13:57:20 ovzhost sshd[1107]: Failed password for root from 43.255.190.175 port 36361 ssh2
Apr 12 13:57:22 ovzhost sshd[1109]: Failed password for root from 43.255.190.175 port 46085 ssh2
Apr 12 13:57:25 ovzhost sshd[1105]: message repeated 2 times: [ Failed password for root from 43.255.190.162 port 53720 ssh2]
Apr 12 13:57:25 ovzhost sshd[1105]: Received disconnect from 43.255.190.162: 11:  [preauth]
Apr 12 13:57:25 ovzhost sshd[1105]: PAM 2 more authentication failures; logname= uid=0 euid=0 tty=ssh ruser= rhost=43.255.190.162  user=root
Apr 12 13:57:25 ovzhost sshd[1107]: message repeated 2 times: [ Failed password for root from 43.255.190.175 port 36361 ssh2]
Apr 12 13:57:25 ovzhost sshd[1107]: Received disconnect from 43.255.190.175: 11:  [preauth]
Apr 12 13:57:25 ovzhost sshd[1107]: PAM 2 more authentication failures; logname= uid=0 euid=0 tty=ssh ruser= rhost=43.255.190.175  user=root
Apr 12 13:57:25 ovzhost sshd[1112]: pam_unix(sshd:auth): authentication failure; logname= uid=0 euid=0 tty=ssh ruser= rhost=43.255.190.162  user=root
Apr 12 13:57:25 ovzhost sshd[1114]: pam_unix(sshd:auth): authentication failure; logname= uid=0 euid=0 tty=ssh ruser= rhost=43.255.190.175  user=root
Apr 12 13:57:27 ovzhost sshd[1109]: message repeated 2 times: [ Failed password for root from 43.255.190.175 port 46085 ssh2]
Apr 12 13:57:27 ovzhost sshd[1109]: Received disconnect from 43.255.190.175: 11:  [preauth]
Apr 12 13:57:27 ovzhost sshd[1109]: PAM 2 more authentication failures; logname= uid=0 euid=0 tty=ssh ruser= rhost=43.255.190.175  user=root
Apr 12 13:57:27 ovzhost sshd[1112]: Failed password for root from 43.255.190.162 port 43631 ssh2
Apr 12 13:57:27 ovzhost sshd[1114]: Failed password for root from 43.255.190.175 port 34785 ssh2
Apr 12 13:57:27 ovzhost sshd[1116]: pam_unix(sshd:auth): authentication failure; logname= uid=0 euid=0 tty=ssh ruser= rhost=43.255.190.175  user=root
Apr 12 13:57:29 ovzhost sshd[1116]: Failed password for root from 43.255.190.175 port 41081 ssh2
Apr 12 13:57:31 ovzhost sshd[1112]: message repeated 2 times: [ Failed password for root from 43.255.190.162 port 43631 ssh2]
Apr 12 13:57:31 ovzhost sshd[1112]: Received disconnect from 43.255.190.162: 11:  [preauth]
Apr 12 13:57:31 ovzhost sshd[1112]: PAM 2 more authentication failures; logname= uid=0 euid=0 tty=ssh ruser= rhost=43.255.190.162  user=root
Apr 12 13:57:31 ovzhost sshd[1114]: message repeated 2 times: [ Failed password for root from 43.255.190.175 port 34785 ssh2]
Apr 12 13:57:31 ovzhost sshd[1114]: Received disconnect from 43.255.190.175: 11:  [preauth]
Apr 12 13:57:31 ovzhost sshd[1114]: PAM 2 more authentication failures; logname= uid=0 euid=0 tty=ssh ruser= rhost=43.255.190.175  user=root
Apr 12 13:57:32 ovzhost sshd[1120]: pam_unix(sshd:auth): authentication failure; logname= uid=0 euid=0 tty=ssh ruser= rhost=43.255.190.175  user=root
Apr 12 13:57:32 ovzhost sshd[1118]: pam_unix(sshd:auth): authentication failure; logname= uid=0 euid=0 tty=ssh ruser= rhost=43.255.190.162  user=root
Apr 12 13:57:33 ovzhost sshd[1116]: message repeated 2 times: [ Failed password for root from 43.255.190.175 port 41081 ssh2]
Apr 12 13:57:33 ovzhost sshd[1116]: Received disconnect from 43.255.190.175: 11:  [preauth]
Apr 12 13:57:33 ovzhost sshd[1116]: PAM 2 more authentication failures; logname= uid=0 euid=0 tty=ssh ruser= rhost=43.255.190.175  user=root
Apr 12 13:57:33 ovzhost sshd[1120]: Failed password for root from 43.255.190.175 port 55781 ssh2
Apr 12 13:57:33 ovzhost sshd[1118]: Failed password for root from 43.255.190.162 port 59397 ssh2
Apr 12 13:57:34 ovzhost sshd[1122]: pam_unix(sshd:auth): authentication failure; logname= uid=0 euid=0 tty=ssh ruser= rhost=43.255.190.175  user=root
Apr 12 13:57:36 ovzhost sshd[1122]: Failed password for root from 43.255.190.175 port 34645 ssh2
Apr 12 13:57:38 ovzhost sshd[1120]: message repeated 2 times: [ Failed password for root from 43.255.190.175 port 55781 ssh2]
Apr 12 13:57:38 ovzhost sshd[1120]: Received disconnect from 43.255.190.175: 11:  [preauth]
Apr 12 13:57:38 ovzhost sshd[1120]: PAM 2 more authentication failures; logname= uid=0 euid=0 tty=ssh ruser= rhost=43.255.190.175  user=root
Apr 12 13:57:38 ovzhost sshd[1118]: message repeated 2 times: [ Failed password for root from 43.255.190.162 port 59397 ssh2]
Apr 12 13:57:39 ovzhost sshd[1118]: Received disconnect from 43.255.190.162: 11:  [preauth]
Apr 12 13:57:39 ovzhost sshd[1118]: PAM 2 more authentication failures; logname= uid=0 euid=0 tty=ssh ruser= rhost=43.255.190.162  user=root
Apr 12 13:57:39 ovzhost sshd[1124]: pam_unix(sshd:auth): authentication failure; logname= uid=0 euid=0 tty=ssh ruser= rhost=43.255.190.175  user=root
Apr 12 13:57:40 ovzhost sshd[1124]: Failed password for root from 43.255.190.175 port 50010 ssh2
Apr 12 13:57:40 ovzhost sshd[1122]: message repeated 2 times: [ Failed password for root from 43.255.190.175 port 34645 ssh2]
Apr 12 13:57:41 ovzhost sshd[1122]: Received disconnect from 43.255.190.175: 11:  [preauth]
Apr 12 13:57:41 ovzhost sshd[1122]: PAM 2 more authentication failures; logname= uid=0 euid=0 tty=ssh ruser= rhost=43.255.190.175  user=root
Apr 12 13:57:42 ovzhost sshd[1128]: pam_unix(sshd:auth): authentication failure; logname= uid=0 euid=0 tty=ssh ruser= rhost=43.255.190.175  user=root
Apr 12 13:57:43 ovzhost sshd[1126]: pam_unix(sshd:auth): authentication failure; logname= uid=0 euid=0 tty=ssh ruser= rhost=43.255.190.162  user=root
Apr 12 13:57:44 ovzhost sshd[1128]: Failed password for root from 43.255.190.175 port 57787 ssh2
Apr 12 13:57:45 ovzhost sshd[1124]: message repeated 2 times: [ Failed password for root from 43.255.190.175 port 50010 ssh2]
Apr 12 13:57:45 ovzhost sshd[1124]: Received disconnect from 43.255.190.175: 11:  [preauth]
Apr 12 13:57:45 ovzhost sshd[1124]: PAM 2 more authentication failures; logname= uid=0 euid=0 tty=ssh ruser= rhost=43.255.190.175  user=root
Apr 12 13:57:45 ovzhost sshd[1126]: Failed password for root from 43.255.190.162 port 49208 ssh2
Apr 12 13:57:45 ovzhost sshd[1130]: pam_unix(sshd:auth): authentication failure; logname= uid=0 euid=0 tty=ssh ruser= rhost=43.255.190.175  user=root
Apr 12 13:57:48 ovzhost sshd[1128]: message repeated 2 times: [ Failed password for root from 43.255.190.175 port 57787 ssh2]
Apr 12 13:57:48 ovzhost sshd[1128]: Received disconnect from 43.255.190.175: 11:  [preauth]
Apr 12 13:57:48 ovzhost sshd[1128]: PAM 2 more authentication failures; logname= uid=0 euid=0 tty=ssh ruser= rhost=43.255.190.175  user=root
Apr 12 13:57:48 ovzhost sshd[1130]: Failed password for root from 43.255.190.175 port 41683 ssh2
Apr 12 13:57:48 ovzhost sshd[1132]: pam_unix(sshd:auth): authentication failure; logname= uid=0 euid=0 tty=ssh ruser= rhost=43.255.190.175  user=root
Apr 12 13:57:50 ovzhost sshd[1126]: message repeated 2 times: [ Failed password for root from 43.255.190.162 port 49208 ssh2]
Apr 12 13:57:50 ovzhost sshd[1126]: Received disconnect from 43.255.190.162: 11:  [preauth]
Apr 12 13:57:50 ovzhost sshd[1126]: PAM 2 more authentication failures; logname= uid=0 euid=0 tty=ssh ruser= rhost=43.255.190.162  user=root
Apr 12 13:57:50 ovzhost sshd[1134]: pam_unix(sshd:auth): authentication failure; logname= uid=0 euid=0 tty=ssh ruser= rhost=43.255.190.162  user=root
Apr 12 13:57:51 ovzhost sshd[1132]: Failed password for root from 43.255.190.175 port 48766 ssh2
Apr 12 13:57:52 ovzhost sshd[1130]: message repeated 2 times: [ Failed password for root from 43.255.190.175 port 41683 ssh2]
Apr 12 13:57:53 ovzhost sshd[1130]: Received disconnect from 43.255.190.175: 11:  [preauth]
Apr 12 13:57:53 ovzhost sshd[1130]: PAM 2 more authentication failures; logname= uid=0 euid=0 tty=ssh ruser= rhost=43.255.190.175  user=root
Apr 12 13:57:53 ovzhost sshd[1134]: Failed password for root from 43.255.190.162 port 46857 ssh2
Apr 12 13:57:53 ovzhost sshd[1136]: pam_unix(sshd:auth): authentication failure; logname= uid=0 euid=0 tty=ssh ruser= rhost=43.255.190.175  user=root
Apr 12 13:57:55 ovzhost sshd[1132]: message repeated 2 times: [ Failed password for root from 43.255.190.175 port 48766 ssh2]
Apr 12 13:57:55 ovzhost sshd[1132]: Received disconnect from 43.255.190.175: 11:  [preauth]
Apr 12 13:57:55 ovzhost sshd[1132]: PAM 2 more authentication failures; logname= uid=0 euid=0 tty=ssh ruser= rhost=43.255.190.175  user=root
Apr 12 13:57:55 ovzhost sshd[1136]: Failed password for root from 43.255.190.175 port 34127 ssh2
Apr 12 13:57:55 ovzhost sshd[1139]: pam_unix(sshd:auth): authentication failure; logname= uid=0 euid=0 tty=ssh ruser= rhost=43.255.190.175  user=root
Apr 12 13:57:57 ovzhost sshd[1134]: message repeated 2 times: [ Failed password for root from 43.255.190.162 port 46857 ssh2]
Apr 12 13:57:57 ovzhost sshd[1134]: Received disconnect from 43.255.190.162: 11:  [preauth]
Apr 12 13:57:57 ovzhost sshd[1134]: PAM 2 more authentication failures; logname= uid=0 euid=0 tty=ssh ruser= rhost=43.255.190.162  user=root
Apr 12 13:57:57 ovzhost sshd[1141]: pam_unix(sshd:auth): authentication failure; logname= uid=0 euid=0 tty=ssh ruser= rhost=43.255.190.162  user=root
Apr 12 13:57:57 ovzhost sshd[1139]: Failed password for root from 43.255.190.175 port 40280 ssh2
Apr 12 13:57:59 ovzhost sshd[1136]: message repeated 2 times: [ Failed password for root from 43.255.190.175 port 34127 ssh2]
Apr 12 13:57:59 ovzhost sshd[1136]: Received disconnect from 43.255.190.175: 11:  [preauth]
Apr 12 13:57:59 ovzhost sshd[1136]: PAM 2 more authentication failures; logname= uid=0 euid=0 tty=ssh ruser= rhost=43.255.190.175  user=root
Apr 12 13:57:59 ovzhost sshd[1141]: Failed password for root from 43.255.190.162 port 34215 ssh2
Apr 12 13:57:59 ovzhost sshd[1143]: pam_unix(sshd:auth): authentication failure; logname= uid=0 euid=0 tty=ssh ruser= rhost=43.255.190.175  user=root
Apr 12 13:58:02 ovzhost sshd[1139]: message repeated 2 times: [ Failed password for root from 43.255.190.175 port 40280 ssh2]
Apr 12 13:58:02 ovzhost sshd[1139]: Received disconnect from 43.255.190.175: 11:  [preauth]
Apr 12 13:58:02 ovzhost sshd[1139]: PAM 2 more authentication failures; logname= uid=0 euid=0 tty=ssh ruser= rhost=43.255.190.175  user=root
Apr 12 13:58:02 ovzhost sshd[1143]: Failed password for root from 43.255.190.175 port 52014 ssh2
Apr 12 13:58:02 ovzhost sshd[1145]: pam_unix(sshd:auth): authentication failure; logname= uid=0 euid=0 tty=ssh ruser= rhost=43.255.190.175  user=root
Apr 12 13:58:03 ovzhost sshd[1141]: message repeated 2 times: [ Failed password for root from 43.255.190.162 port 34215 ssh2]
Apr 12 13:58:03 ovzhost sshd[1141]: Received disconnect from 43.255.190.162: 11:  [preauth]
Apr 12 13:58:03 ovzhost sshd[1141]: PAM 2 more authentication failures; logname= uid=0 euid=0 tty=ssh ruser= rhost=43.255.190.162  user=root
Apr 12 13:58:04 ovzhost sshd[1145]: Failed password for root from 43.255.190.175 port 58968 ssh2
Apr 12 13:58:05 ovzhost sshd[1147]: pam_unix(sshd:auth): authentication failure; logname= uid=0 euid=0 tty=ssh ruser= rhost=43.255.190.162  user=root
Apr 12 13:58:06 ovzhost sshd[1143]: message repeated 2 times: [ Failed password for root from 43.255.190.175 port 52014 ssh2]
Apr 12 13:58:06 ovzhost sshd[1143]: Received disconnect from 43.255.190.175: 11:  [preauth]
Apr 12 13:58:06 ovzhost sshd[1143]: PAM 2 more authentication failures; logname= uid=0 euid=0 tty=ssh ruser= rhost=43.255.190.175  user=root
Apr 12 13:58:07 ovzhost sshd[1147]: Failed password for root from 43.255.190.162 port 50078 ssh2
Apr 12 13:58:08 ovzhost sshd[1151]: pam_unix(sshd:auth): authentication failure; logname= uid=0 euid=0 tty=ssh ruser= rhost=43.255.190.175  user=root
Apr 12 13:58:09 ovzhost sshd[1145]: message repeated 2 times: [ Failed password for root from 43.255.190.175 port 58968 ssh2]
Apr 12 13:58:09 ovzhost sshd[1145]: Received disconnect from 43.255.190.175: 11:  [preauth]
Apr 12 13:58:09 ovzhost sshd[1145]: PAM 2 more authentication failures; logname= uid=0 euid=0 tty=ssh ruser= rhost=43.255.190.175  user=root
Apr 12 13:58:10 ovzhost sshd[1153]: pam_unix(sshd:auth): authentication failure; logname= uid=0 euid=0 tty=ssh ruser= rhost=43.255.190.175  user=root
Apr 12 13:58:10 ovzhost sshd[1151]: Failed password for root from 43.255.190.175 port 42398 ssh2
Apr 12 13:58:12 ovzhost sshd[1153]: Failed password for root from 43.255.190.175 port 48940 ssh2
Apr 12 13:58:12 ovzhost sshd[1147]: message repeated 2 times: [ Failed password for root from 43.255.190.162 port 50078 ssh2]
Apr 12 13:58:12 ovzhost sshd[1147]: Received disconnect from 43.255.190.162: 11:  [preauth]
Apr 12 13:58:12 ovzhost sshd[1147]: PAM 2 more authentication failures; logname= uid=0 euid=0 tty=ssh ruser= rhost=43.255.190.162  user=root
Apr 12 13:58:12 ovzhost sshd[1155]: pam_unix(sshd:auth): authentication failure; logname= uid=0 euid=0 tty=ssh ruser= rhost=43.255.190.162  user=root
Apr 12 13:58:15 ovzhost sshd[1155]: Failed password for root from 43.255.190.162 port 40238 ssh2
Apr 12 13:58:15 ovzhost sshd[1151]: message repeated 2 times: [ Failed password for root from 43.255.190.175 port 42398 ssh2]
Apr 12 13:58:15 ovzhost sshd[1151]: Received disconnect from 43.255.190.175: 11:  [preauth]
Apr 12 13:58:15 ovzhost sshd[1151]: PAM 2 more authentication failures; logname= uid=0 euid=0 tty=ssh ruser= rhost=43.255.190.175  user=root
Apr 12 13:58:15 ovzhost sshd[1157]: pam_unix(sshd:auth): authentication failure; logname= uid=0 euid=0 tty=ssh ruser= rhost=43.255.190.175  user=root
Apr 12 13:58:16 ovzhost sshd[1153]: message repeated 2 times: [ Failed password for root from 43.255.190.175 port 48940 ssh2]
Apr 12 13:58:16 ovzhost sshd[1153]: Received disconnect from 43.255.190.175: 11:  [preauth]
Apr 12 13:58:16 ovzhost sshd[1153]: PAM 2 more authentication failures; logname= uid=0 euid=0 tty=ssh ruser= rhost=43.255.190.175  user=root
Apr 12 13:58:17 ovzhost sshd[1159]: pam_unix(sshd:auth): authentication failure; logname= uid=0 euid=0 tty=ssh ruser= rhost=43.255.190.175  user=root
Apr 12 13:58:17 ovzhost sshd[1157]: Failed password for root from 43.255.190.175 port 35576 ssh2
Apr 12 13:58:19 ovzhost sshd[1155]: message repeated 2 times: [ Failed password for root from 43.255.190.162 port 40238 ssh2]
Apr 12 13:58:19 ovzhost sshd[1155]: Received disconnect from 43.255.190.162: 11:  [preauth]
Apr 12 13:58:19 ovzhost sshd[1155]: PAM 2 more authentication failures; logname= uid=0 euid=0 tty=ssh ruser= rhost=43.255.190.162  user=root
Apr 12 13:58:19 ovzhost sshd[1159]: Failed password for root from 43.255.190.175 port 39617 ssh2
Apr 12 13:58:19 ovzhost sshd[1161]: pam_unix(sshd:auth): authentication failure; logname= uid=0 euid=0 tty=ssh ruser= rhost=43.255.190.162  user=root
Apr 12 13:58:21 ovzhost sshd[1161]: Failed password for root from 43.255.190.162 port 55828 ssh2
Apr 12 13:58:21 ovzhost sshd[1157]: message repeated 2 times: [ Failed password for root from 43.255.190.175 port 35576 ssh2]
Apr 12 13:58:21 ovzhost sshd[1157]: Received disconnect from 43.255.190.175: 11:  [preauth]
Apr 12 13:58:21 ovzhost sshd[1157]: PAM 2 more authentication failures; logname= uid=0 euid=0 tty=ssh ruser= rhost=43.255.190.175  user=root
Apr 12 13:58:22 ovzhost sshd[1163]: pam_unix(sshd:auth): authentication failure; logname= uid=0 euid=0 tty=ssh ruser= rhost=43.255.190.175  user=root
Apr 12 13:58:23 ovzhost sshd[1159]: message repeated 2 times: [ Failed password for root from 43.255.190.175 port 39617 ssh2]
Apr 12 13:58:23 ovzhost sshd[1159]: Received disconnect from 43.255.190.175: 11:  [preauth]
Apr 12 13:58:23 ovzhost sshd[1159]: PAM 2 more authentication failures; logname= uid=0 euid=0 tty=ssh ruser= rhost=43.255.190.175  user=root
Apr 12 13:58:24 ovzhost sshd[1165]: pam_unix(sshd:auth): authentication failure; logname= uid=0 euid=0 tty=ssh ruser= rhost=43.255.190.175  user=root
Apr 12 13:58:24 ovzhost sshd[1163]: Failed password for root from 43.255.190.175 port 52364 ssh2
Apr 12 13:58:26 ovzhost sshd[1161]: message repeated 2 times: [ Failed password for root from 43.255.190.162 port 55828 ssh2]
Apr 12 13:58:26 ovzhost sshd[1161]: Received disconnect from 43.255.190.162: 11:  [preauth]
Apr 12 13:58:26 ovzhost sshd[1161]: PAM 2 more authentication failures; logname= uid=0 euid=0 tty=ssh ruser= rhost=43.255.190.162  user=root
Apr 12 13:58:26 ovzhost sshd[1165]: Failed password for root from 43.255.190.175 port 56832 ssh2
Apr 12 13:58:27 ovzhost sshd[1169]: pam_unix(sshd:auth): authentication failure; logname= uid=0 euid=0 tty=ssh ruser= rhost=43.255.190.162  user=root
Apr 12 13:58:28 ovzhost sshd[1163]: message repeated 2 times: [ Failed password for root from 43.255.190.175 port 52364 ssh2]
Apr 12 13:58:28 ovzhost sshd[1163]: Received disconnect from 43.255.190.175: 11:  [preauth]
Apr 12 13:58:28 ovzhost sshd[1163]: PAM 2 more authentication failures; logname= uid=0 euid=0 tty=ssh ruser= rhost=43.255.190.175  user=root
Apr 12 13:58:29 ovzhost sshd[1169]: Failed password for root from 43.255.190.162 port 43107 ssh2
Apr 12 13:58:29 ovzhost sshd[1171]: pam_unix(sshd:auth): authentication failure; logname= uid=0 euid=0 tty=ssh ruser= rhost=43.255.190.175  user=root
Apr 12 13:58:30 ovzhost sshd[1165]: message repeated 2 times: [ Failed password for root from 43.255.190.175 port 56832 ssh2]
Apr 12 13:58:30 ovzhost sshd[1165]: Received disconnect from 43.255.190.175: 11:  [preauth]
Apr 12 13:58:30 ovzhost sshd[1165]: PAM 2 more authentication failures; logname= uid=0 euid=0 tty=ssh ruser= rhost=43.255.190.175  user=root
Apr 12 13:58:31 ovzhost sshd[1173]: pam_unix(sshd:auth): authentication failure; logname= uid=0 euid=0 tty=ssh ruser= rhost=43.255.190.175  user=root
Apr 12 13:58:31 ovzhost sshd[1171]: Failed password for root from 43.255.190.175 port 41059 ssh2
Apr 12 13:58:33 ovzhost sshd[1173]: Failed password for root from 43.255.190.175 port 44856 ssh2
Apr 12 13:58:34 ovzhost sshd[1169]: message repeated 2 times: [ Failed password for root from 43.255.190.162 port 43107 ssh2]
Apr 12 13:58:34 ovzhost sshd[1169]: Received disconnect from 43.255.190.162: 11:  [preauth]
Apr 12 13:58:34 ovzhost sshd[1169]: PAM 2 more authentication failures; logname= uid=0 euid=0 tty=ssh ruser= rhost=43.255.190.162  user=root
Apr 12 13:58:35 ovzhost sshd[1175]: pam_unix(sshd:auth): authentication failure; logname= uid=0 euid=0 tty=ssh ruser= rhost=43.255.190.162  user=root
Apr 12 13:58:36 ovzhost sshd[1171]: message repeated 2 times: [ Failed password for root from 43.255.190.175 port 41059 ssh2]
Apr 12 13:58:36 ovzhost sshd[1171]: Received disconnect from 43.255.190.175: 11:  [preauth]
Apr 12 13:58:36 ovzhost sshd[1171]: PAM 2 more authentication failures; logname= uid=0 euid=0 tty=ssh ruser= rhost=43.255.190.175  user=root
Apr 12 13:58:36 ovzhost sshd[1177]: pam_unix(sshd:auth): authentication failure; logname= uid=0 euid=0 tty=ssh ruser= rhost=43.255.190.175  user=root
Apr 12 13:58:37 ovzhost sshd[1175]: Failed password for root from 43.255.190.162 port 60708 ssh2
Apr 12 13:58:37 ovzhost sshd[1173]: message repeated 2 times: [ Failed password for root from 43.255.190.175 port 44856 ssh2]
Apr 12 13:58:37 ovzhost sshd[1173]: Received disconnect from 43.255.190.175: 11:  [preauth]
Apr 12 13:58:37 ovzhost sshd[1173]: PAM 2 more authentication failures; logname= uid=0 euid=0 tty=ssh ruser= rhost=43.255.190.175  user=root
Apr 12 13:58:38 ovzhost sshd[1179]: pam_unix(sshd:auth): authentication failure; logname= uid=0 euid=0 tty=ssh ruser= rhost=43.255.190.175  user=root
Apr 12 13:58:38 ovzhost sshd[1177]: Failed password for root from 43.255.190.175 port 58348 ssh2
Apr 12 13:58:40 ovzhost sshd[1179]: Failed password for root from 43.255.190.175 port 33594 ssh2
Apr 12 13:58:41 ovzhost sshd[1175]: message repeated 2 times: [ Failed password for root from 43.255.190.162 port 60708 ssh2]
Apr 12 13:58:41 ovzhost sshd[1175]: Received disconnect from 43.255.190.162: 11:  [preauth]
Apr 12 13:58:41 ovzhost sshd[1175]: PAM 2 more authentication failures; logname= uid=0 euid=0 tty=ssh ruser= rhost=43.255.190.162  user=root
Apr 12 13:58:41 ovzhost sshd[1181]: pam_unix(sshd:auth): authentication failure; logname= uid=0 euid=0 tty=ssh ruser= rhost=43.255.190.162  user=root
Apr 12 13:58:42 ovzhost sshd[1177]: message repeated 2 times: [ Failed password for root from 43.255.190.175 port 58348 ssh2]
Apr 12 13:58:42 ovzhost sshd[1177]: Received disconnect from 43.255.190.175: 11:  [preauth]
Apr 12 13:58:42 ovzhost sshd[1177]: PAM 2 more authentication failures; logname= uid=0 euid=0 tty=ssh ruser= rhost=43.255.190.175  user=root
Apr 12 13:58:43 ovzhost sshd[1183]: pam_unix(sshd:auth): authentication failure; logname= uid=0 euid=0 tty=ssh ruser= rhost=43.255.190.175  user=root
Apr 12 13:58:44 ovzhost sshd[1181]: Failed password for root from 43.255.190.162 port 47398 ssh2
Apr 12 13:58:44 ovzhost sshd[1179]: message repeated 2 times: [ Failed password for root from 43.255.190.175 port 33594 ssh2]
Apr 12 13:58:44 ovzhost sshd[1179]: Received disconnect from 43.255.190.175: 11:  [preauth]
Apr 12 13:58:44 ovzhost sshd[1179]: PAM 2 more authentication failures; logname= uid=0 euid=0 tty=ssh ruser= rhost=43.255.190.175  user=root
Apr 12 13:58:45 ovzhost sshd[1183]: Failed password for root from 43.255.190.175 port 46304 ssh2
Apr 12 13:58:45 ovzhost sshd[1185]: pam_unix(sshd:auth): authentication failure; logname= uid=0 euid=0 tty=ssh ruser= rhost=43.255.190.175  user=root
Apr 12 13:58:47 ovzhost sshd[1185]: Failed password for root from 43.255.190.175 port 50472 ssh2
Apr 12 13:58:48 ovzhost sshd[1181]: message repeated 2 times: [ Failed password for root from 43.255.190.162 port 47398 ssh2]
Apr 12 13:58:48 ovzhost sshd[1181]: Received disconnect from 43.255.190.162: 11:  [preauth]
Apr 12 13:58:48 ovzhost sshd[1181]: PAM 2 more authentication failures; logname= uid=0 euid=0 tty=ssh ruser= rhost=43.255.190.162  user=root
Apr 12 13:58:49 ovzhost sshd[1187]: pam_unix(sshd:auth): authentication failure; logname= uid=0 euid=0 tty=ssh ruser= rhost=43.255.190.162  user=root
Apr 12 13:58:49 ovzhost sshd[1183]: message repeated 2 times: [ Failed password for root from 43.255.190.175 port 46304 ssh2]
Apr 12 13:58:49 ovzhost sshd[1183]: Received disconnect from 43.255.190.175: 11:  [preauth]
Apr 12 13:58:49 ovzhost sshd[1183]: PAM 2 more authentication failures; logname= uid=0 euid=0 tty=ssh ruser= rhost=43.255.190.175  user=root
Apr 12 13:58:50 ovzhost sshd[1189]: pam_unix(sshd:auth): authentication failure; logname= uid=0 euid=0 tty=ssh ruser= rhost=43.255.190.175  user=root
Apr 12 13:58:51 ovzhost sshd[1187]: Failed password for root from 43.255.190.162 port 35527 ssh2
Apr 12 13:58:51 ovzhost sshd[1185]: message repeated 2 times: [ Failed password for root from 43.255.190.175 port 50472 ssh2]
Apr 12 13:58:51 ovzhost sshd[1185]: Received disconnect from 43.255.190.175: 11:  [preauth]
Apr 12 13:58:51 ovzhost sshd[1185]: PAM 2 more authentication failures; logname= uid=0 euid=0 tty=ssh ruser= rhost=43.255.190.175  user=root
Apr 12 13:58:51 ovzhost sshd[1189]: Failed password for root from 43.255.190.175 port 33304 ssh2
Apr 12 13:58:52 ovzhost sshd[1191]: pam_unix(sshd:auth): authentication failure; logname= uid=0 euid=0 tty=ssh ruser= rhost=43.255.190.175  user=root
Apr 12 13:58:54 ovzhost sshd[1191]: Failed password for root from 43.255.190.175 port 38334 ssh2
Apr 12 13:58:56 ovzhost sshd[1187]: message repeated 2 times: [ Failed password for root from 43.255.190.162 port 35527 ssh2]
Apr 12 13:58:56 ovzhost sshd[1187]: Received disconnect from 43.255.190.162: 11:  [preauth]
Apr 12 13:58:56 ovzhost sshd[1187]: PAM 2 more authentication failures; logname= uid=0 euid=0 tty=ssh ruser= rhost=43.255.190.162  user=root
Apr 12 13:58:57 ovzhost sshd[1189]: message repeated 2 times: [ Failed password for root from 43.255.190.175 port 33304 ssh2]
Apr 12 13:58:57 ovzhost sshd[1189]: Received disconnect from 43.255.190.175: 11:  [preauth]
Apr 12 13:58:57 ovzhost sshd[1189]: PAM 2 more authentication failures; logname= uid=0 euid=0 tty=ssh ruser= rhost=43.255.190.175  user=root
Apr 12 13:58:58 ovzhost sshd[1197]: pam_unix(sshd:auth): authentication failure; logname= uid=0 euid=0 tty=ssh ruser= rhost=43.255.190.175  user=root
Apr 12 13:58:59 ovzhost sshd[1195]: pam_unix(sshd:auth): authentication failure; logname= uid=0 euid=0 tty=ssh ruser= rhost=43.255.190.162  user=root
Apr 12 13:58:59 ovzhost sshd[1191]: message repeated 2 times: [ Failed password for root from 43.255.190.175 port 38334 ssh2]
Apr 12 13:58:59 ovzhost sshd[1191]: Received disconnect from 43.255.190.175: 11:  [preauth]
Apr 12 13:58:59 ovzhost sshd[1191]: PAM 2 more authentication failures; logname= uid=0 euid=0 tty=ssh ruser= rhost=43.255.190.175  user=root
Apr 12 13:58:59 ovzhost sshd[1199]: pam_unix(sshd:auth): authentication failure; logname= uid=0 euid=0 tty=ssh ruser= rhost=43.255.190.175  user=root
Apr 12 13:59:01 ovzhost sshd[1197]: Failed password for root from 43.255.190.175 port 50272 ssh2
Apr 12 13:59:01 ovzhost sshd[1195]: Failed password for root from 43.255.190.162 port 51119 ssh2
Apr 12 13:59:01 ovzhost sshd[1199]: Failed password for root from 43.255.190.175 port 54139 ssh2
Apr 12 13:59:05 ovzhost sshd[1197]: message repeated 2 times: [ Failed password for root from 43.255.190.175 port 50272 ssh2]
Apr 12 13:59:05 ovzhost sshd[1197]: Received disconnect from 43.255.190.175: 11:  [preauth]
Apr 12 13:59:05 ovzhost sshd[1197]: PAM 2 more authentication failures; logname= uid=0 euid=0 tty=ssh ruser= rhost=43.255.190.175  user=root
Apr 12 13:59:05 ovzhost sshd[1195]: message repeated 2 times: [ Failed password for root from 43.255.190.162 port 51119 ssh2]
Apr 12 13:59:05 ovzhost sshd[1195]: Received disconnect from 43.255.190.162: 11:  [preauth]
Apr 12 13:59:05 ovzhost sshd[1195]: PAM 2 more authentication failures; logname= uid=0 euid=0 tty=ssh ruser= rhost=43.255.190.162  user=root
Apr 12 13:59:06 ovzhost sshd[1201]: pam_unix(sshd:auth): authentication failure; logname= uid=0 euid=0 tty=ssh ruser= rhost=43.255.190.175  user=root
Apr 12 13:59:06 ovzhost sshd[1199]: message repeated 2 times: [ Failed password for root from 43.255.190.175 port 54139 ssh2]
Apr 12 13:59:06 ovzhost sshd[1199]: Received disconnect from 43.255.190.175: 11:  [preauth]
Apr 12 13:59:06 ovzhost sshd[1199]: PAM 2 more authentication failures; logname= uid=0 euid=0 tty=ssh ruser= rhost=43.255.190.175  user=root
Apr 12 13:59:06 ovzhost sshd[1203]: pam_unix(sshd:auth): authentication failure; logname= uid=0 euid=0 tty=ssh ruser= rhost=43.255.190.162  user=root
Apr 12 13:59:06 ovzhost sshd[1205]: pam_unix(sshd:auth): authentication failure; logname= uid=0 euid=0 tty=ssh ruser= rhost=43.255.190.175  user=root
Apr 12 13:59:07 ovzhost sshd[1207]: pam_unix(sshd:auth): authentication failure; logname= uid=0 euid=0 tty=ssh ruser= rhost=193.104.41.53  user=root
Apr 12 13:59:08 ovzhost sshd[1201]: Failed password for root from 43.255.190.175 port 39091 ssh2
Apr 12 13:59:08 ovzhost sshd[1203]: Failed password for root from 43.255.190.162 port 42117 ssh2
Apr 12 13:59:09 ovzhost sshd[1205]: Failed password for root from 43.255.190.175 port 41407 ssh2
Apr 12 13:59:09 ovzhost sshd[1207]: Failed password for root from 193.104.41.53 port 44825 ssh2
Apr 12 13:59:09 ovzhost sshd[1207]: Received disconnect from 193.104.41.53: 11: Bye Bye [preauth]
Apr 12 13:59:12 ovzhost sshd[1201]: message repeated 2 times: [ Failed password for root from 43.255.190.175 port 39091 ssh2]
Apr 12 13:59:12 ovzhost sshd[1201]: Received disconnect from 43.255.190.175: 11:  [preauth]
Apr 12 13:59:12 ovzhost sshd[1201]: PAM 2 more authentication failures; logname= uid=0 euid=0 tty=ssh ruser= rhost=43.255.190.175  user=root
Apr 12 13:59:12 ovzhost sshd[1203]: message repeated 2 times: [ Failed password for root from 43.255.190.162 port 42117 ssh2]
Apr 12 13:59:12 ovzhost sshd[1203]: Received disconnect from 43.255.190.162: 11:  [preauth]
Apr 12 13:59:12 ovzhost sshd[1203]: PAM 2 more authentication failures; logname= uid=0 euid=0 tty=ssh ruser= rhost=43.255.190.162  user=root
Apr 12 13:59:13 ovzhost sshd[1209]: pam_unix(sshd:auth): authentication failure; logname= uid=0 euid=0 tty=ssh ruser= rhost=43.255.190.175  user=root
Apr 12 13:59:13 ovzhost sshd[1205]: message repeated 2 times: [ Failed password for root from 43.255.190.175 port 41407 ssh2]
Apr 12 13:59:13 ovzhost sshd[1205]: Received disconnect from 43.255.190.175: 11:  [preauth]
Apr 12 13:59:13 ovzhost sshd[1205]: PAM 2 more authentication failures; logname= uid=0 euid=0 tty=ssh ruser= rhost=43.255.190.175  user=root
Apr 12 13:59:13 ovzhost sshd[1211]: pam_unix(sshd:auth): authentication failure; logname= uid=0 euid=0 tty=ssh ruser= rhost=43.255.190.162  user=root
Apr 12 13:59:13 ovzhost sshd[1213]: pam_unix(sshd:auth): authentication failure; logname= uid=0 euid=0 tty=ssh ruser= rhost=43.255.190.175  user=root
Apr 12 13:59:14 ovzhost sshd[1209]: Failed password for root from 43.255.190.175 port 53660 ssh2
Apr 12 13:59:14 ovzhost sshd[1211]: Failed password for root from 43.255.190.162 port 56434 ssh2
Apr 12 13:59:15 ovzhost sshd[1213]: Failed password for root from 43.255.190.175 port 54753 ssh2
Apr 12 13:59:18 ovzhost sshd[1209]: message repeated 2 times: [ Failed password for root from 43.255.190.175 port 53660 ssh2]
Apr 12 13:59:18 ovzhost sshd[1209]: Received disconnect from 43.255.190.175: 11:  [preauth]
Apr 12 13:59:18 ovzhost sshd[1209]: PAM 2 more authentication failures; logname= uid=0 euid=0 tty=ssh ruser= rhost=43.255.190.175  user=root
Apr 12 13:59:18 ovzhost sshd[1211]: message repeated 2 times: [ Failed password for root from 43.255.190.162 port 56434 ssh2]
Apr 12 13:59:19 ovzhost sshd[1211]: Received disconnect from 43.255.190.162: 11:  [preauth]
Apr 12 13:59:19 ovzhost sshd[1211]: PAM 2 more authentication failures; logname= uid=0 euid=0 tty=ssh ruser= rhost=43.255.190.162  user=root
Apr 12 13:59:19 ovzhost sshd[1213]: message repeated 2 times: [ Failed password for root from 43.255.190.175 port 54753 ssh2]
Apr 12 13:59:20 ovzhost sshd[1213]: Received disconnect from 43.255.190.175: 11:  [preauth]
Apr 12 13:59:20 ovzhost sshd[1213]: PAM 2 more authentication failures; logname= uid=0 euid=0 tty=ssh ruser= rhost=43.255.190.175  user=root
Apr 12 13:59:22 ovzhost sshd[1215]: pam_unix(sshd:auth): authentication failure; logname= uid=0 euid=0 tty=ssh ruser= rhost=43.255.190.175  user=root
Apr 12 13:59:22 ovzhost sshd[1219]: pam_unix(sshd:auth): authentication failure; logname= uid=0 euid=0 tty=ssh ruser= rhost=43.255.190.175  user=root
Apr 12 13:59:23 ovzhost sshd[1217]: pam_unix(sshd:auth): authentication failure; logname= uid=0 euid=0 tty=ssh ruser= rhost=43.255.190.162  user=root
Apr 12 13:59:23 ovzhost sshd[1215]: Failed password for root from 43.255.190.175 port 36594 ssh2
Apr 12 13:59:24 ovzhost sshd[1219]: Failed password for root from 43.255.190.175 port 39108 ssh2
Apr 12 13:59:25 ovzhost sshd[1217]: Failed password for root from 43.255.190.162 port 39575 ssh2
Apr 12 13:59:27 ovzhost sshd[1215]: message repeated 2 times: [ Failed password for root from 43.255.190.175 port 36594 ssh2]
Apr 12 13:59:28 ovzhost sshd[1215]: Received disconnect from 43.255.190.175: 11:  [preauth]
Apr 12 13:59:28 ovzhost sshd[1215]: PAM 2 more authentication failures; logname= uid=0 euid=0 tty=ssh ruser= rhost=43.255.190.175  user=root
Apr 12 13:59:28 ovzhost sshd[1222]: pam_unix(sshd:auth): authentication failure; logname= uid=0 euid=0 tty=ssh ruser= rhost=43.255.190.175  user=root
Apr 12 13:59:28 ovzhost sshd[1219]: message repeated 2 times: [ Failed password for root from 43.255.190.175 port 39108 ssh2]
Apr 12 13:59:28 ovzhost sshd[1219]: Received disconnect from 43.255.190.175: 11:  [preauth]
Apr 12 13:59:28 ovzhost sshd[1219]: PAM 2 more authentication failures; logname= uid=0 euid=0 tty=ssh ruser= rhost=43.255.190.175  user=root
Apr 12 13:59:29 ovzhost sshd[1224]: pam_unix(sshd:auth): authentication failure; logname= uid=0 euid=0 tty=ssh ruser= rhost=43.255.190.175  user=root
Apr 12 13:59:30 ovzhost sshd[1222]: Failed password for root from 43.255.190.175 port 53053 ssh2
Apr 12 13:59:30 ovzhost sshd[1217]: message repeated 2 times: [ Failed password for root from 43.255.190.162 port 39575 ssh2]
Apr 12 13:59:30 ovzhost sshd[1217]: Received disconnect from 43.255.190.162: 11:  [preauth]
Apr 12 13:59:30 ovzhost sshd[1217]: PAM 2 more authentication failures; logname= uid=0 euid=0 tty=ssh ruser= rhost=43.255.190.162  user=root
Apr 12 13:59:31 ovzhost sshd[1224]: Failed password for root from 43.255.190.175 port 54596 ssh2
Apr 12 13:59:31 ovzhost sshd[1226]: pam_unix(sshd:auth): authentication failure; logname= uid=0 euid=0 tty=ssh ruser= rhost=43.255.190.162  user=root
Apr 12 13:59:33 ovzhost sshd[1226]: Failed password for root from 43.255.190.162 port 33873 ssh2
Apr 12 13:59:34 ovzhost sshd[1222]: message repeated 2 times: [ Failed password for root from 43.255.190.175 port 53053 ssh2]
Apr 12 13:59:34 ovzhost sshd[1222]: Received disconnect from 43.255.190.175: 11:  [preauth]
Apr 12 13:59:34 ovzhost sshd[1222]: PAM 2 more authentication failures; logname= uid=0 euid=0 tty=ssh ruser= rhost=43.255.190.175  user=root
Apr 12 13:59:35 ovzhost sshd[1228]: pam_unix(sshd:auth): authentication failure; logname= uid=0 euid=0 tty=ssh ruser= rhost=43.255.190.175  user=root
Apr 12 13:59:35 ovzhost sshd[1224]: message repeated 2 times: [ Failed password for root from 43.255.190.175 port 54596 ssh2]
Apr 12 13:59:36 ovzhost sshd[1224]: Received disconnect from 43.255.190.175: 11:  [preauth]
Apr 12 13:59:36 ovzhost sshd[1224]: PAM 2 more authentication failures; logname= uid=0 euid=0 tty=ssh ruser= rhost=43.255.190.175  user=root
Apr 12 13:59:36 ovzhost sshd[1230]: pam_unix(sshd:auth): authentication failure; logname= uid=0 euid=0 tty=ssh ruser= rhost=43.255.190.175  user=root
Apr 12 13:59:36 ovzhost sshd[1228]: Failed password for root from 43.255.190.175 port 37392 ssh2
Apr 12 13:59:37 ovzhost sshd[1226]: message repeated 2 times: [ Failed password for root from 43.255.190.162 port 33873 ssh2]
Apr 12 13:59:37 ovzhost sshd[1226]: Received disconnect from 43.255.190.162: 11:  [preauth]
Apr 12 13:59:37 ovzhost sshd[1226]: PAM 2 more authentication failures; logname= uid=0 euid=0 tty=ssh ruser= rhost=43.255.190.162  user=root
Apr 12 13:59:38 ovzhost sshd[1230]: Failed password for root from 43.255.190.175 port 39488 ssh2
Apr 12 13:59:38 ovzhost sshd[1232]: pam_unix(sshd:auth): authentication failure; logname= uid=0 euid=0 tty=ssh ruser= rhost=43.255.190.162  user=root
Apr 12 13:59:41 ovzhost sshd[1232]: Failed password for root from 43.255.190.162 port 46771 ssh2
Apr 12 13:59:41 ovzhost sshd[1228]: message repeated 2 times: [ Failed password for root from 43.255.190.175 port 37392 ssh2]
Apr 12 13:59:41 ovzhost sshd[1228]: Received disconnect from 43.255.190.175: 11:  [preauth]
Apr 12 13:59:41 ovzhost sshd[1228]: PAM 2 more authentication failures; logname= uid=0 euid=0 tty=ssh ruser= rhost=43.255.190.175  user=root
Apr 12 13:59:42 ovzhost sshd[1234]: pam_unix(sshd:auth): authentication failure; logname= uid=0 euid=0 tty=ssh ruser= rhost=43.255.190.175  user=root
Apr 12 13:59:42 ovzhost sshd[1230]: message repeated 2 times: [ Failed password for root from 43.255.190.175 port 39488 ssh2]
Apr 12 13:59:42 ovzhost sshd[1230]: Received disconnect from 43.255.190.175: 11:  [preauth]
Apr 12 13:59:42 ovzhost sshd[1230]: PAM 2 more authentication failures; logname= uid=0 euid=0 tty=ssh ruser= rhost=43.255.190.175  user=root
Apr 12 13:59:43 ovzhost sshd[1236]: pam_unix(sshd:auth): authentication failure; logname= uid=0 euid=0 tty=ssh ruser= rhost=43.255.190.175  user=root
Apr 12 13:59:44 ovzhost sshd[1234]: Failed password for root from 43.255.190.175 port 49199 ssh2
Apr 12 13:59:45 ovzhost sshd[1232]: message repeated 2 times: [ Failed password for root from 43.255.190.162 port 46771 ssh2]
Apr 12 13:59:45 ovzhost sshd[1232]: Received disconnect from 43.255.190.162: 11:  [preauth]
Apr 12 13:59:45 ovzhost sshd[1232]: PAM 2 more authentication failures; logname= uid=0 euid=0 tty=ssh ruser= rhost=43.255.190.162  user=root
Apr 12 13:59:45 ovzhost sshd[1236]: Failed password for root from 43.255.190.175 port 51927 ssh2
Apr 12 13:59:47 ovzhost sshd[1238]: pam_unix(sshd:auth): authentication failure; logname= uid=0 euid=0 tty=ssh ruser= rhost=43.255.190.162  user=root
Apr 12 13:59:48 ovzhost sshd[1234]: message repeated 2 times: [ Failed password for root from 43.255.190.175 port 49199 ssh2]
Apr 12 13:59:48 ovzhost sshd[1234]: Received disconnect from 43.255.190.175: 11:  [preauth]
Apr 12 13:59:48 ovzhost sshd[1234]: PAM 2 more authentication failures; logname= uid=0 euid=0 tty=ssh ruser= rhost=43.255.190.175  user=root
Apr 12 13:59:48 ovzhost sshd[1238]: Failed password for root from 43.255.190.162 port 60714 ssh2
Apr 12 13:59:49 ovzhost sshd[1242]: pam_unix(sshd:auth): authentication failure; logname= uid=0 euid=0 tty=ssh ruser= rhost=43.255.190.175  user=root
Apr 12 13:59:49 ovzhost sshd[1236]: message repeated 2 times: [ Failed password for root from 43.255.190.175 port 51927 ssh2]
Apr 12 13:59:50 ovzhost sshd[1236]: Received disconnect from 43.255.190.175: 11:  [preauth]
Apr 12 13:59:50 ovzhost sshd[1236]: PAM 2 more authentication failures; logname= uid=0 euid=0 tty=ssh ruser= rhost=43.255.190.175  user=root
Apr 12 13:59:50 ovzhost sshd[1244]: pam_unix(sshd:auth): authentication failure; logname= uid=0 euid=0 tty=ssh ruser= rhost=43.255.190.175  user=root
Apr 12 13:59:51 ovzhost sshd[1242]: Failed password for root from 43.255.190.175 port 34991 ssh2
Apr 12 13:59:52 ovzhost sshd[1238]: message repeated 2 times: [ Failed password for root from 43.255.190.162 port 60714 ssh2]
Apr 12 13:59:52 ovzhost sshd[1238]: Received disconnect from 43.255.190.162: 11:  [preauth]
Apr 12 13:59:52 ovzhost sshd[1238]: PAM 2 more authentication failures; logname= uid=0 euid=0 tty=ssh ruser= rhost=43.255.190.162  user=root
Apr 12 13:59:53 ovzhost sshd[1244]: Failed password for root from 43.255.190.175 port 39004 ssh2
Apr 12 13:59:53 ovzhost sshd[1246]: pam_unix(sshd:auth): authentication failure; logname= uid=0 euid=0 tty=ssh ruser= rhost=43.255.190.162  user=root
Apr 12 13:59:55 ovzhost sshd[1246]: Failed password for root from 43.255.190.162 port 49689 ssh2
Apr 12 13:59:55 ovzhost sshd[1242]: message repeated 2 times: [ Failed password for root from 43.255.190.175 port 34991 ssh2]
Apr 12 13:59:55 ovzhost sshd[1242]: Received disconnect from 43.255.190.175: 11:  [preauth]
Apr 12 13:59:55 ovzhost sshd[1242]: PAM 2 more authentication failures; logname= uid=0 euid=0 tty=ssh ruser= rhost=43.255.190.175  user=root
Apr 12 13:59:56 ovzhost sshd[1248]: pam_unix(sshd:auth): authentication failure; logname= uid=0 euid=0 tty=ssh ruser= rhost=43.255.190.175  user=root
Apr 12 13:59:57 ovzhost sshd[1244]: message repeated 2 times: [ Failed password for root from 43.255.190.175 port 39004 ssh2]
Apr 12 13:59:57 ovzhost sshd[1244]: Received disconnect from 43.255.190.175: 11:  [preauth]
Apr 12 13:59:57 ovzhost sshd[1244]: PAM 2 more authentication failures; logname= uid=0 euid=0 tty=ssh ruser= rhost=43.255.190.175  user=root
Apr 12 13:59:58 ovzhost sshd[1251]: pam_unix(sshd:auth): authentication failure; logname= uid=0 euid=0 tty=ssh ruser= rhost=43.255.190.175  user=root
Apr 12 13:59:58 ovzhost sshd[1248]: Failed password for root from 43.255.190.175 port 49919 ssh2
Apr 12 13:59:59 ovzhost sshd[1251]: Failed password for root from 43.255.190.175 port 53825 ssh2
Apr 12 13:59:59 ovzhost sshd[1246]: message repeated 2 times: [ Failed password for root from 43.255.190.162 port 49689 ssh2]
Apr 12 14:00:00 ovzhost sshd[1246]: Received disconnect from 43.255.190.162: 11:  [preauth]
Apr 12 14:00:00 ovzhost sshd[1246]: PAM 2 more authentication failures; logname= uid=0 euid=0 tty=ssh ruser= rhost=43.255.190.162  user=root
Apr 12 14:00:00 ovzhost sshd[1253]: pam_unix(sshd:auth): authentication failure; logname= uid=0 euid=0 tty=ssh ruser= rhost=43.255.190.162  user=root
Apr 12 14:00:01 ovzhost CRON[1255]: pam_env(cron:session): Unable to open env file: /etc/default/locale: No such file or directory
Apr 12 14:00:01 ovzhost CRON[1255]: pam_unix(cron:session): session opened for user smmsp by (uid=0)
Apr 12 14:00:01 ovzhost CRON[1255]: pam_unix(cron:session): session closed for user smmsp
Apr 12 14:00:02 ovzhost sshd[1248]: message repeated 2 times: [ Failed password for root from 43.255.190.175 port 49919 ssh2]
Apr 12 14:00:02 ovzhost sshd[1248]: Received disconnect from 43.255.190.175: 11:  [preauth]
Apr 12 14:00:02 ovzhost sshd[1248]: PAM 2 more authentication failures; logname= uid=0 euid=0 tty=ssh ruser= rhost=43.255.190.175  user=root
Apr 12 14:00:02 ovzhost sshd[1253]: Failed password for root from 43.255.190.162 port 37305 ssh2
Apr 12 14:00:02 ovzhost sshd[1281]: pam_unix(sshd:auth): authentication failure; logname= uid=0 euid=0 tty=ssh ruser= rhost=43.255.190.175  user=root
