Mar 31 17:16:56 ovzhost sudo:     root : unable to resolve host ovzhost
Mar 31 17:16:56 ovzhost sudo:     root : TTY=pts/0 ; PWD=/ ; USER=root ; COMMAND=/usr/bin/less /root/.bash_history
Mar 31 17:16:56 ovzhost sudo: pam_unix(sudo:session): session opened for user root by (uid=0)
Mar 31 17:16:57 ovzhost sudo: pam_unix(sudo:session): session closed for user root
Apr  2 14:31:13 ovzhost sshd[419]: Server listening on 0.0.0.0 port 22.
Apr  2 14:31:13 ovzhost sshd[419]: Server listening on :: port 22.
Apr  2 14:31:13 ovzhost saslauthd[637]: detach_tty      : master pid is: 637
Apr  2 14:31:13 ovzhost saslauthd[637]: ipc_init        : listening on socket: /var/run/saslauthd/mux
Apr  2 14:33:26 ovzhost sshd[797]: Connection closed by 127.0.0.1 [preauth]
Apr 11 12:36:38 ovzhost sshd[789]: Connection closed by 127.0.0.1 [preauth]
Apr 11 12:39:01 ovzhost CRON[800]: pam_env(cron:session): Unable to open env file: /etc/default/locale: No such file or directory
Apr 11 12:39:01 ovzhost CRON[800]: pam_unix(cron:session): session opened for user root by (uid=0)
Apr 11 12:39:01 ovzhost CRON[800]: pam_unix(cron:session): session closed for user root
Apr 11 12:40:01 ovzhost CRON[814]: pam_env(cron:session): Unable to open env file: /etc/default/locale: No such file or directory
Apr 11 12:40:01 ovzhost CRON[814]: pam_unix(cron:session): session opened for user smmsp by (uid=0)
Apr 11 12:40:01 ovzhost CRON[814]: pam_unix(cron:session): session closed for user smmsp
Apr 11 12:40:22 ovzhost sshd[841]: Connection closed by 128.8.37.104 [preauth]
Apr 11 12:41:38 ovzhost sshd[852]: Connection closed by 127.0.0.1 [preauth]
Apr 11 12:46:38 ovzhost sshd[871]: Connection closed by 127.0.0.1 [preauth]
Apr 11 12:50:22 ovzhost sshd[886]: Connection closed by 128.8.37.104 [preauth]
Apr 11 12:51:36 ovzhost sshd[897]: Connection closed by 127.0.0.1 [preauth]
Apr 11 12:56:36 ovzhost sshd[916]: Connection closed by 127.0.0.1 [preauth]
Apr 11 12:56:53 ovzhost sshd[919]: pam_unix(sshd:auth): authentication failure; logname= uid=0 euid=0 tty=ssh ruser= rhost=43.255.190.190  user=root
Apr 11 12:56:55 ovzhost sshd[919]: Failed password for root from 43.255.190.190 port 37379 ssh2
Apr 11 12:56:59 ovzhost sshd[919]: message repeated 2 times: [ Failed password for root from 43.255.190.190 port 37379 ssh2]
Apr 11 12:56:59 ovzhost sshd[919]: Received disconnect from 43.255.190.190: 11:  [preauth]
Apr 11 12:56:59 ovzhost sshd[919]: PAM 2 more authentication failures; logname= uid=0 euid=0 tty=ssh ruser= rhost=43.255.190.190  user=root
Apr 11 12:57:00 ovzhost sshd[921]: pam_unix(sshd:auth): authentication failure; logname= uid=0 euid=0 tty=ssh ruser= rhost=43.255.190.190  user=root
Apr 11 12:57:02 ovzhost sshd[921]: Failed password for root from 43.255.190.190 port 50174 ssh2
Apr 11 12:57:06 ovzhost sshd[921]: message repeated 2 times: [ Failed password for root from 43.255.190.190 port 50174 ssh2]
Apr 11 12:57:06 ovzhost sshd[921]: Received disconnect from 43.255.190.190: 11:  [preauth]
Apr 11 12:57:06 ovzhost sshd[921]: PAM 2 more authentication failures; logname= uid=0 euid=0 tty=ssh ruser= rhost=43.255.190.190  user=root
Apr 11 12:57:07 ovzhost sshd[923]: pam_unix(sshd:auth): authentication failure; logname= uid=0 euid=0 tty=ssh ruser= rhost=43.255.190.190  user=root
Apr 11 12:57:09 ovzhost sshd[923]: Failed password for root from 43.255.190.190 port 34920 ssh2
Apr 11 12:57:14 ovzhost sshd[923]: message repeated 2 times: [ Failed password for root from 43.255.190.190 port 34920 ssh2]
Apr 11 12:57:14 ovzhost sshd[923]: Received disconnect from 43.255.190.190: 11:  [preauth]
Apr 11 12:57:14 ovzhost sshd[923]: PAM 2 more authentication failures; logname= uid=0 euid=0 tty=ssh ruser= rhost=43.255.190.190  user=root
Apr 11 12:57:15 ovzhost sshd[925]: pam_unix(sshd:auth): authentication failure; logname= uid=0 euid=0 tty=ssh ruser= rhost=43.255.190.190  user=root
Apr 11 12:57:17 ovzhost sshd[925]: Failed password for root from 43.255.190.190 port 51142 ssh2
Apr 11 12:57:18 ovzhost sshd[927]: pam_unix(sshd:auth): authentication failure; logname= uid=0 euid=0 tty=ssh ruser= rhost=43.255.190.135  user=root
Apr 11 12:57:20 ovzhost sshd[927]: Failed password for root from 43.255.190.135 port 55602 ssh2
Apr 11 12:57:22 ovzhost sshd[925]: message repeated 2 times: [ Failed password for root from 43.255.190.190 port 51142 ssh2]
Apr 11 12:57:22 ovzhost sshd[925]: Received disconnect from 43.255.190.190: 11:  [preauth]
Apr 11 12:57:22 ovzhost sshd[925]: PAM 2 more authentication failures; logname= uid=0 euid=0 tty=ssh ruser= rhost=43.255.190.190  user=root
Apr 11 12:57:22 ovzhost sshd[930]: pam_unix(sshd:auth): authentication failure; logname= uid=0 euid=0 tty=ssh ruser= rhost=43.255.190.190  user=root
Apr 11 12:57:25 ovzhost sshd[927]: message repeated 2 times: [ Failed password for root from 43.255.190.135 port 55602 ssh2]
Apr 11 12:57:25 ovzhost sshd[927]: Received disconnect from 43.255.190.135: 11:  [preauth]
Apr 11 12:57:25 ovzhost sshd[927]: PAM 2 more authentication failures; logname= uid=0 euid=0 tty=ssh ruser= rhost=43.255.190.135  user=root
Apr 11 12:57:25 ovzhost sshd[930]: Failed password for root from 43.255.190.190 port 39761 ssh2
Apr 11 12:57:25 ovzhost sshd[932]: pam_unix(sshd:auth): authentication failure; logname= uid=0 euid=0 tty=ssh ruser= rhost=43.255.190.135  user=root
Apr 11 12:57:27 ovzhost sshd[932]: Failed password for root from 43.255.190.135 port 39058 ssh2
Apr 11 12:57:29 ovzhost sshd[930]: message repeated 2 times: [ Failed password for root from 43.255.190.190 port 39761 ssh2]
Apr 11 12:57:29 ovzhost sshd[930]: Received disconnect from 43.255.190.190: 11:  [preauth]
Apr 11 12:57:29 ovzhost sshd[930]: PAM 2 more authentication failures; logname= uid=0 euid=0 tty=ssh ruser= rhost=43.255.190.190  user=root
Apr 11 12:57:30 ovzhost sshd[934]: pam_unix(sshd:auth): authentication failure; logname= uid=0 euid=0 tty=ssh ruser= rhost=43.255.190.190  user=root
Apr 11 12:57:31 ovzhost sshd[932]: message repeated 2 times: [ Failed password for root from 43.255.190.135 port 39058 ssh2]
Apr 11 12:57:31 ovzhost sshd[932]: Received disconnect from 43.255.190.135: 11:  [preauth]
Apr 11 12:57:31 ovzhost sshd[932]: PAM 2 more authentication failures; logname= uid=0 euid=0 tty=ssh ruser= rhost=43.255.190.135  user=root
Apr 11 12:57:32 ovzhost sshd[934]: Failed password for root from 43.255.190.190 port 55637 ssh2
Apr 11 12:57:32 ovzhost sshd[936]: pam_unix(sshd:auth): authentication failure; logname= uid=0 euid=0 tty=ssh ruser= rhost=43.255.190.135  user=root
Apr 11 12:57:34 ovzhost sshd[936]: Failed password for root from 43.255.190.135 port 50766 ssh2
Apr 11 12:57:36 ovzhost sshd[934]: message repeated 2 times: [ Failed password for root from 43.255.190.190 port 55637 ssh2]
Apr 11 12:57:36 ovzhost sshd[934]: Received disconnect from 43.255.190.190: 11:  [preauth]
Apr 11 12:57:36 ovzhost sshd[934]: PAM 2 more authentication failures; logname= uid=0 euid=0 tty=ssh ruser= rhost=43.255.190.190  user=root
Apr 11 12:57:37 ovzhost sshd[938]: pam_unix(sshd:auth): authentication failure; logname= uid=0 euid=0 tty=ssh ruser= rhost=43.255.190.190  user=root
Apr 11 12:57:38 ovzhost sshd[936]: message repeated 2 times: [ Failed password for root from 43.255.190.135 port 50766 ssh2]
Apr 11 12:57:38 ovzhost sshd[936]: Received disconnect from 43.255.190.135: 11:  [preauth]
Apr 11 12:57:38 ovzhost sshd[936]: PAM 2 more authentication failures; logname= uid=0 euid=0 tty=ssh ruser= rhost=43.255.190.135  user=root
Apr 11 12:57:38 ovzhost sshd[938]: Failed password for root from 43.255.190.190 port 43893 ssh2
Apr 11 12:57:39 ovzhost sshd[940]: pam_unix(sshd:auth): authentication failure; logname= uid=0 euid=0 tty=ssh ruser= rhost=43.255.190.135  user=root
Apr 11 12:57:41 ovzhost sshd[940]: Failed password for root from 43.255.190.135 port 38113 ssh2
Apr 11 12:57:43 ovzhost sshd[938]: message repeated 2 times: [ Failed password for root from 43.255.190.190 port 43893 ssh2]
Apr 11 12:57:43 ovzhost sshd[938]: Received disconnect from 43.255.190.190: 11:  [preauth]
Apr 11 12:57:43 ovzhost sshd[938]: PAM 2 more authentication failures; logname= uid=0 euid=0 tty=ssh ruser= rhost=43.255.190.190  user=root
Apr 11 12:57:43 ovzhost sshd[942]: pam_unix(sshd:auth): authentication failure; logname= uid=0 euid=0 tty=ssh ruser= rhost=43.255.190.190  user=root
Apr 11 12:57:45 ovzhost sshd[942]: Failed password for root from 43.255.190.190 port 60408 ssh2
Apr 11 12:57:46 ovzhost sshd[940]: message repeated 2 times: [ Failed password for root from 43.255.190.135 port 38113 ssh2]
Apr 11 12:57:46 ovzhost sshd[940]: Received disconnect from 43.255.190.135: 11:  [preauth]
Apr 11 12:57:46 ovzhost sshd[940]: PAM 2 more authentication failures; logname= uid=0 euid=0 tty=ssh ruser= rhost=43.255.190.135  user=root
Apr 11 12:57:47 ovzhost sshd[944]: pam_unix(sshd:auth): authentication failure; logname= uid=0 euid=0 tty=ssh ruser= rhost=43.255.190.135  user=root
Apr 11 12:57:49 ovzhost sshd[944]: Failed password for root from 43.255.190.135 port 54614 ssh2
Apr 11 12:57:49 ovzhost sshd[942]: message repeated 2 times: [ Failed password for root from 43.255.190.190 port 60408 ssh2]
Apr 11 12:57:49 ovzhost sshd[942]: Received disconnect from 43.255.190.190: 11:  [preauth]
Apr 11 12:57:49 ovzhost sshd[942]: PAM 2 more authentication failures; logname= uid=0 euid=0 tty=ssh ruser= rhost=43.255.190.190  user=root
Apr 11 12:57:50 ovzhost sshd[947]: pam_unix(sshd:auth): authentication failure; logname= uid=0 euid=0 tty=ssh ruser= rhost=43.255.190.190  user=root
Apr 11 12:57:52 ovzhost sshd[947]: Failed password for root from 43.255.190.190 port 47579 ssh2
Apr 11 12:57:52 ovzhost sshd[944]: message repeated 2 times: [ Failed password for root from 43.255.190.135 port 54614 ssh2]
Apr 11 12:57:52 ovzhost sshd[944]: Received disconnect from 43.255.190.135: 11:  [preauth]
Apr 11 12:57:52 ovzhost sshd[944]: PAM 2 more authentication failures; logname= uid=0 euid=0 tty=ssh ruser= rhost=43.255.190.135  user=root
Apr 11 12:57:53 ovzhost sshd[949]: pam_unix(sshd:auth): authentication failure; logname= uid=0 euid=0 tty=ssh ruser= rhost=43.255.190.135  user=root
Apr 11 12:57:56 ovzhost sshd[949]: Failed password for root from 43.255.190.135 port 39405 ssh2
Apr 11 12:57:56 ovzhost sshd[947]: message repeated 2 times: [ Failed password for root from 43.255.190.190 port 47579 ssh2]
Apr 11 12:57:56 ovzhost sshd[947]: Received disconnect from 43.255.190.190: 11:  [preauth]
Apr 11 12:57:56 ovzhost sshd[947]: PAM 2 more authentication failures; logname= uid=0 euid=0 tty=ssh ruser= rhost=43.255.190.190  user=root
Apr 11 12:57:57 ovzhost sshd[951]: pam_unix(sshd:auth): authentication failure; logname= uid=0 euid=0 tty=ssh ruser= rhost=43.255.190.190  user=root
Apr 11 12:57:59 ovzhost sshd[951]: Failed password for root from 43.255.190.190 port 33052 ssh2
Apr 11 12:58:00 ovzhost sshd[949]: message repeated 2 times: [ Failed password for root from 43.255.190.135 port 39405 ssh2]
Apr 11 12:58:00 ovzhost sshd[949]: Received disconnect from 43.255.190.135: 11:  [preauth]
Apr 11 12:58:00 ovzhost sshd[949]: PAM 2 more authentication failures; logname= uid=0 euid=0 tty=ssh ruser= rhost=43.255.190.135  user=root
Apr 11 12:58:01 ovzhost sshd[953]: pam_unix(sshd:auth): authentication failure; logname= uid=0 euid=0 tty=ssh ruser= rhost=43.255.190.135  user=root
Apr 11 12:58:02 ovzhost sshd[953]: Failed password for root from 43.255.190.135 port 52101 ssh2
Apr 11 12:58:04 ovzhost sshd[951]: message repeated 2 times: [ Failed password for root from 43.255.190.190 port 33052 ssh2]
Apr 11 12:58:04 ovzhost sshd[951]: Received disconnect from 43.255.190.190: 11:  [preauth]
Apr 11 12:58:04 ovzhost sshd[951]: PAM 2 more authentication failures; logname= uid=0 euid=0 tty=ssh ruser= rhost=43.255.190.190  user=root
Apr 11 12:58:05 ovzhost sshd[957]: pam_unix(sshd:auth): authentication failure; logname= uid=0 euid=0 tty=ssh ruser= rhost=43.255.190.190  user=root
Apr 11 12:58:07 ovzhost sshd[957]: Failed password for root from 43.255.190.190 port 48310 ssh2
Apr 11 12:58:08 ovzhost sshd[953]: message repeated 2 times: [ Failed password for root from 43.255.190.135 port 52101 ssh2]
Apr 11 12:58:08 ovzhost sshd[953]: Received disconnect from 43.255.190.135: 11:  [preauth]
Apr 11 12:58:08 ovzhost sshd[953]: PAM 2 more authentication failures; logname= uid=0 euid=0 tty=ssh ruser= rhost=43.255.190.135  user=root
Apr 11 12:58:08 ovzhost sshd[959]: pam_unix(sshd:auth): authentication failure; logname= uid=0 euid=0 tty=ssh ruser= rhost=43.255.190.135  user=root
Apr 11 12:58:10 ovzhost sshd[959]: Failed password for root from 43.255.190.135 port 36427 ssh2
Apr 11 12:58:12 ovzhost sshd[957]: message repeated 2 times: [ Failed password for root from 43.255.190.190 port 48310 ssh2]
Apr 11 12:58:12 ovzhost sshd[957]: Received disconnect from 43.255.190.190: 11:  [preauth]
Apr 11 12:58:12 ovzhost sshd[957]: PAM 2 more authentication failures; logname= uid=0 euid=0 tty=ssh ruser= rhost=43.255.190.190  user=root
Apr 11 12:58:12 ovzhost sshd[961]: pam_unix(sshd:auth): authentication failure; logname= uid=0 euid=0 tty=ssh ruser= rhost=43.255.190.190  user=root
Apr 11 12:58:14 ovzhost sshd[959]: message repeated 2 times: [ Failed password for root from 43.255.190.135 port 36427 ssh2]
Apr 11 12:58:14 ovzhost sshd[959]: Received disconnect from 43.255.190.135: 11:  [preauth]
Apr 11 12:58:14 ovzhost sshd[959]: PAM 2 more authentication failures; logname= uid=0 euid=0 tty=ssh ruser= rhost=43.255.190.135  user=root
Apr 11 12:58:14 ovzhost sshd[961]: Failed password for root from 43.255.190.190 port 35495 ssh2
Apr 11 12:58:15 ovzhost sshd[963]: pam_unix(sshd:auth): authentication failure; logname= uid=0 euid=0 tty=ssh ruser= rhost=43.255.190.135  user=root
Apr 11 12:58:17 ovzhost sshd[963]: Failed password for root from 43.255.190.135 port 48009 ssh2
Apr 11 12:58:19 ovzhost sshd[961]: message repeated 2 times: [ Failed password for root from 43.255.190.190 port 35495 ssh2]
Apr 11 12:58:19 ovzhost sshd[961]: Received disconnect from 43.255.190.190: 11:  [preauth]
Apr 11 12:58:19 ovzhost sshd[961]: PAM 2 more authentication failures; logname= uid=0 euid=0 tty=ssh ruser= rhost=43.255.190.190  user=root
Apr 11 12:58:21 ovzhost sshd[965]: pam_unix(sshd:auth): authentication failure; logname= uid=0 euid=0 tty=ssh ruser= rhost=43.255.190.190  user=root
Apr 11 12:58:22 ovzhost sshd[963]: message repeated 2 times: [ Failed password for root from 43.255.190.135 port 48009 ssh2]
Apr 11 12:58:22 ovzhost sshd[963]: Received disconnect from 43.255.190.135: 11:  [preauth]
Apr 11 12:58:22 ovzhost sshd[963]: PAM 2 more authentication failures; logname= uid=0 euid=0 tty=ssh ruser= rhost=43.255.190.135  user=root
Apr 11 12:58:23 ovzhost sshd[969]: pam_unix(sshd:auth): authentication failure; logname= uid=0 euid=0 tty=ssh ruser= rhost=43.255.190.135  user=root
Apr 11 12:58:23 ovzhost sshd[965]: Failed password for root from 43.255.190.190 port 49141 ssh2
Apr 11 12:58:25 ovzhost sshd[969]: Failed password for root from 43.255.190.135 port 60228 ssh2
Apr 11 12:58:28 ovzhost sshd[965]: message repeated 2 times: [ Failed password for root from 43.255.190.190 port 49141 ssh2]
Apr 11 12:58:28 ovzhost sshd[965]: Received disconnect from 43.255.190.190: 11:  [preauth]
Apr 11 12:58:28 ovzhost sshd[965]: PAM 2 more authentication failures; logname= uid=0 euid=0 tty=ssh ruser= rhost=43.255.190.190  user=root
Apr 11 12:58:28 ovzhost sshd[971]: pam_unix(sshd:auth): authentication failure; logname= uid=0 euid=0 tty=ssh ruser= rhost=43.255.190.190  user=root
Apr 11 12:58:29 ovzhost sshd[969]: message repeated 2 times: [ Failed password for root from 43.255.190.135 port 60228 ssh2]
Apr 11 12:58:29 ovzhost sshd[969]: Received disconnect from 43.255.190.135: 11:  [preauth]
Apr 11 12:58:29 ovzhost sshd[969]: PAM 2 more authentication failures; logname= uid=0 euid=0 tty=ssh ruser= rhost=43.255.190.135  user=root
Apr 11 12:58:29 ovzhost sshd[973]: pam_unix(sshd:auth): authentication failure; logname= uid=0 euid=0 tty=ssh ruser= rhost=43.255.190.135  user=root
Apr 11 12:58:31 ovzhost sshd[971]: Failed password for root from 43.255.190.190 port 37325 ssh2
Apr 11 12:58:32 ovzhost sshd[973]: Failed password for root from 43.255.190.135 port 43619 ssh2
Apr 11 12:58:34 ovzhost sshd[971]: message repeated 2 times: [ Failed password for root from 43.255.190.190 port 37325 ssh2]
Apr 11 12:58:34 ovzhost sshd[971]: Received disconnect from 43.255.190.190: 11:  [preauth]
Apr 11 12:58:34 ovzhost sshd[971]: PAM 2 more authentication failures; logname= uid=0 euid=0 tty=ssh ruser= rhost=43.255.190.190  user=root
Apr 11 12:58:35 ovzhost sshd[975]: pam_unix(sshd:auth): authentication failure; logname= uid=0 euid=0 tty=ssh ruser= rhost=43.255.190.190  user=root
Apr 11 12:58:36 ovzhost sshd[973]: message repeated 2 times: [ Failed password for root from 43.255.190.135 port 43619 ssh2]
Apr 11 12:58:36 ovzhost sshd[973]: Received disconnect from 43.255.190.135: 11:  [preauth]
Apr 11 12:58:36 ovzhost sshd[973]: PAM 2 more authentication failures; logname= uid=0 euid=0 tty=ssh ruser= rhost=43.255.190.135  user=root
Apr 11 12:58:37 ovzhost sshd[975]: Failed password for root from 43.255.190.190 port 53909 ssh2
Apr 11 12:58:38 ovzhost sshd[977]: pam_unix(sshd:auth): authentication failure; logname= uid=0 euid=0 tty=ssh ruser= rhost=43.255.190.135  user=root
Apr 11 12:58:40 ovzhost sshd[977]: Failed password for root from 43.255.190.135 port 58941 ssh2
Apr 11 12:58:42 ovzhost sshd[975]: message repeated 2 times: [ Failed password for root from 43.255.190.190 port 53909 ssh2]
Apr 11 12:58:43 ovzhost sshd[975]: Received disconnect from 43.255.190.190: 11:  [preauth]
Apr 11 12:58:43 ovzhost sshd[975]: PAM 2 more authentication failures; logname= uid=0 euid=0 tty=ssh ruser= rhost=43.255.190.190  user=root
Apr 11 12:58:44 ovzhost sshd[977]: message repeated 2 times: [ Failed password for root from 43.255.190.135 port 58941 ssh2]
Apr 11 12:58:45 ovzhost sshd[977]: Received disconnect from 43.255.190.135: 11:  [preauth]
Apr 11 12:58:45 ovzhost sshd[977]: PAM 2 more authentication failures; logname= uid=0 euid=0 tty=ssh ruser= rhost=43.255.190.135  user=root
Apr 11 12:58:45 ovzhost sshd[981]: pam_unix(sshd:auth): authentication failure; logname= uid=0 euid=0 tty=ssh ruser= rhost=43.255.190.135  user=root
Apr 11 12:58:46 ovzhost sshd[979]: pam_unix(sshd:auth): authentication failure; logname= uid=0 euid=0 tty=ssh ruser= rhost=43.255.190.190  user=root
Apr 11 12:58:47 ovzhost sshd[981]: Failed password for root from 43.255.190.135 port 47336 ssh2
Apr 11 12:58:47 ovzhost sshd[979]: Failed password for root from 43.255.190.190 port 44069 ssh2
Apr 11 12:58:51 ovzhost sshd[981]: message repeated 2 times: [ Failed password for root from 43.255.190.135 port 47336 ssh2]
Apr 11 12:58:51 ovzhost sshd[981]: Received disconnect from 43.255.190.135: 11:  [preauth]
Apr 11 12:58:51 ovzhost sshd[981]: PAM 2 more authentication failures; logname= uid=0 euid=0 tty=ssh ruser= rhost=43.255.190.135  user=root
Apr 11 12:58:52 ovzhost sshd[979]: message repeated 2 times: [ Failed password for root from 43.255.190.190 port 44069 ssh2]
Apr 11 12:58:52 ovzhost sshd[979]: Received disconnect from 43.255.190.190: 11:  [preauth]
Apr 11 12:58:52 ovzhost sshd[979]: PAM 2 more authentication failures; logname= uid=0 euid=0 tty=ssh ruser= rhost=43.255.190.190  user=root
Apr 11 12:58:52 ovzhost sshd[985]: pam_unix(sshd:auth): authentication failure; logname= uid=0 euid=0 tty=ssh ruser= rhost=43.255.190.135  user=root
Apr 11 12:58:53 ovzhost sshd[987]: pam_unix(sshd:auth): authentication failure; logname= uid=0 euid=0 tty=ssh ruser= rhost=43.255.190.190  user=root
Apr 11 12:58:54 ovzhost sshd[985]: Failed password for root from 43.255.190.135 port 59668 ssh2
Apr 11 12:58:55 ovzhost sshd[987]: Failed password for root from 43.255.190.190 port 33961 ssh2
Apr 11 12:58:58 ovzhost sshd[985]: message repeated 2 times: [ Failed password for root from 43.255.190.135 port 59668 ssh2]
Apr 11 12:58:58 ovzhost sshd[985]: Received disconnect from 43.255.190.135: 11:  [preauth]
Apr 11 12:58:58 ovzhost sshd[985]: PAM 2 more authentication failures; logname= uid=0 euid=0 tty=ssh ruser= rhost=43.255.190.135  user=root
Apr 11 12:58:59 ovzhost sshd[989]: pam_unix(sshd:auth): authentication failure; logname= uid=0 euid=0 tty=ssh ruser= rhost=43.255.190.135  user=root
Apr 11 12:58:59 ovzhost sshd[987]: message repeated 2 times: [ Failed password for root from 43.255.190.190 port 33961 ssh2]
Apr 11 12:58:59 ovzhost sshd[987]: Received disconnect from 43.255.190.190: 11:  [preauth]
Apr 11 12:58:59 ovzhost sshd[987]: PAM 2 more authentication failures; logname= uid=0 euid=0 tty=ssh ruser= rhost=43.255.190.190  user=root
Apr 11 12:59:00 ovzhost sshd[991]: pam_unix(sshd:auth): authentication failure; logname= uid=0 euid=0 tty=ssh ruser= rhost=43.255.190.190  user=root
Apr 11 12:59:01 ovzhost sshd[989]: Failed password for root from 43.255.190.135 port 42076 ssh2
Apr 11 12:59:01 ovzhost sshd[991]: Failed password for root from 43.255.190.190 port 47198 ssh2
Apr 11 12:59:05 ovzhost sshd[989]: message repeated 2 times: [ Failed password for root from 43.255.190.135 port 42076 ssh2]
Apr 11 12:59:06 ovzhost sshd[989]: Received disconnect from 43.255.190.135: 11:  [preauth]
Apr 11 12:59:06 ovzhost sshd[989]: PAM 2 more authentication failures; logname= uid=0 euid=0 tty=ssh ruser= rhost=43.255.190.135  user=root
Apr 11 12:59:05 ovzhost sshd[991]: message repeated 2 times: [ Failed password for root from 43.255.190.190 port 47198 ssh2]
Apr 11 12:59:06 ovzhost sshd[991]: Received disconnect from 43.255.190.190: 11:  [preauth]
Apr 11 12:59:06 ovzhost sshd[991]: PAM 2 more authentication failures; logname= uid=0 euid=0 tty=ssh ruser= rhost=43.255.190.190  user=root
Apr 11 12:59:06 ovzhost sshd[993]: pam_unix(sshd:auth): authentication failure; logname= uid=0 euid=0 tty=ssh ruser= rhost=43.255.190.135  user=root
Apr 11 12:59:07 ovzhost sshd[995]: pam_unix(sshd:auth): authentication failure; logname= uid=0 euid=0 tty=ssh ruser= rhost=43.255.190.190  user=root
Apr 11 12:59:08 ovzhost sshd[993]: Failed password for root from 43.255.190.135 port 53079 ssh2
Apr 11 12:59:09 ovzhost sshd[995]: Failed password for root from 43.255.190.190 port 58241 ssh2
Apr 11 12:59:12 ovzhost sshd[993]: message repeated 2 times: [ Failed password for root from 43.255.190.135 port 53079 ssh2]
Apr 11 12:59:12 ovzhost sshd[993]: Received disconnect from 43.255.190.135: 11:  [preauth]
Apr 11 12:59:12 ovzhost sshd[993]: PAM 2 more authentication failures; logname= uid=0 euid=0 tty=ssh ruser= rhost=43.255.190.135  user=root
Apr 11 12:59:12 ovzhost sshd[997]: pam_unix(sshd:auth): authentication failure; logname= uid=0 euid=0 tty=ssh ruser= rhost=43.255.190.135  user=root
Apr 11 12:59:13 ovzhost sshd[995]: message repeated 2 times: [ Failed password for root from 43.255.190.190 port 58241 ssh2]
Apr 11 12:59:14 ovzhost sshd[995]: Received disconnect from 43.255.190.190: 11:  [preauth]
Apr 11 12:59:14 ovzhost sshd[995]: PAM 2 more authentication failures; logname= uid=0 euid=0 tty=ssh ruser= rhost=43.255.190.190  user=root
Apr 11 12:59:14 ovzhost sshd[997]: Failed password for root from 43.255.190.135 port 35425 ssh2
Apr 11 12:59:14 ovzhost sshd[999]: pam_unix(sshd:auth): authentication failure; logname= uid=0 euid=0 tty=ssh ruser= rhost=43.255.190.190  user=root
Apr 11 12:59:16 ovzhost sshd[999]: Failed password for root from 43.255.190.190 port 46027 ssh2
Apr 11 12:59:18 ovzhost sshd[997]: message repeated 2 times: [ Failed password for root from 43.255.190.135 port 35425 ssh2]
Apr 11 12:59:18 ovzhost sshd[997]: Received disconnect from 43.255.190.135: 11:  [preauth]
Apr 11 12:59:18 ovzhost sshd[997]: PAM 2 more authentication failures; logname= uid=0 euid=0 tty=ssh ruser= rhost=43.255.190.135  user=root
Apr 11 12:59:19 ovzhost sshd[1001]: pam_unix(sshd:auth): authentication failure; logname= uid=0 euid=0 tty=ssh ruser= rhost=43.255.190.135  user=root
Apr 11 12:59:20 ovzhost sshd[999]: message repeated 2 times: [ Failed password for root from 43.255.190.190 port 46027 ssh2]
Apr 11 12:59:20 ovzhost sshd[999]: Received disconnect from 43.255.190.190: 11:  [preauth]
Apr 11 12:59:20 ovzhost sshd[999]: PAM 2 more authentication failures; logname= uid=0 euid=0 tty=ssh ruser= rhost=43.255.190.190  user=root
Apr 11 12:59:20 ovzhost sshd[1001]: Failed password for root from 43.255.190.135 port 45544 ssh2
Apr 11 12:59:21 ovzhost sshd[1004]: pam_unix(sshd:auth): authentication failure; logname= uid=0 euid=0 tty=ssh ruser= rhost=43.255.190.190  user=root
Apr 11 12:59:23 ovzhost sshd[1004]: Failed password for root from 43.255.190.190 port 57368 ssh2
Apr 11 12:59:24 ovzhost sshd[1001]: message repeated 2 times: [ Failed password for root from 43.255.190.135 port 45544 ssh2]
Apr 11 12:59:24 ovzhost sshd[1001]: Received disconnect from 43.255.190.135: 11:  [preauth]
Apr 11 12:59:24 ovzhost sshd[1001]: PAM 2 more authentication failures; logname= uid=0 euid=0 tty=ssh ruser= rhost=43.255.190.135  user=root
Apr 11 12:59:25 ovzhost sshd[1006]: pam_unix(sshd:auth): authentication failure; logname= uid=0 euid=0 tty=ssh ruser= rhost=43.255.190.135  user=root
Apr 11 12:59:26 ovzhost sshd[1004]: message repeated 2 times: [ Failed password for root from 43.255.190.190 port 57368 ssh2]
Apr 11 12:59:27 ovzhost sshd[1004]: Received disconnect from 43.255.190.190: 11:  [preauth]
Apr 11 12:59:27 ovzhost sshd[1004]: PAM 2 more authentication failures; logname= uid=0 euid=0 tty=ssh ruser= rhost=43.255.190.190  user=root
Apr 11 12:59:27 ovzhost sshd[1008]: pam_unix(sshd:auth): authentication failure; logname= uid=0 euid=0 tty=ssh ruser= rhost=43.255.190.190  user=root
Apr 11 12:59:28 ovzhost sshd[1006]: Failed password for root from 43.255.190.135 port 55209 ssh2
Apr 11 12:59:29 ovzhost sshd[1008]: Failed password for root from 43.255.190.190 port 42012 ssh2
Apr 11 12:59:31 ovzhost sshd[1006]: message repeated 2 times: [ Failed password for root from 43.255.190.135 port 55209 ssh2]
Apr 11 12:59:31 ovzhost sshd[1006]: Received disconnect from 43.255.190.135: 11:  [preauth]
Apr 11 12:59:31 ovzhost sshd[1006]: PAM 2 more authentication failures; logname= uid=0 euid=0 tty=ssh ruser= rhost=43.255.190.135  user=root
Apr 11 12:59:33 ovzhost sshd[1010]: pam_unix(sshd:auth): authentication failure; logname= uid=0 euid=0 tty=ssh ruser= rhost=43.255.190.135  user=root
Apr 11 12:59:33 ovzhost sshd[1008]: message repeated 2 times: [ Failed password for root from 43.255.190.190 port 42012 ssh2]
Apr 11 12:59:34 ovzhost sshd[1008]: Received disconnect from 43.255.190.190: 11:  [preauth]
Apr 11 12:59:34 ovzhost sshd[1008]: PAM 2 more authentication failures; logname= uid=0 euid=0 tty=ssh ruser= rhost=43.255.190.190  user=root
Apr 11 12:59:34 ovzhost sshd[1010]: Failed password for root from 43.255.190.135 port 41208 ssh2
Apr 11 12:59:36 ovzhost sshd[1012]: pam_unix(sshd:auth): authentication failure; logname= uid=0 euid=0 tty=ssh ruser= rhost=43.255.190.190  user=root
Apr 11 12:59:38 ovzhost sshd[1012]: Failed password for root from 43.255.190.190 port 59514 ssh2
Apr 11 12:59:39 ovzhost sshd[1010]: message repeated 2 times: [ Failed password for root from 43.255.190.135 port 41208 ssh2]
Apr 11 12:59:39 ovzhost sshd[1010]: Received disconnect from 43.255.190.135: 11:  [preauth]
Apr 11 12:59:39 ovzhost sshd[1010]: PAM 2 more authentication failures; logname= uid=0 euid=0 tty=ssh ruser= rhost=43.255.190.135  user=root
Apr 11 12:59:39 ovzhost sshd[1015]: pam_unix(sshd:auth): authentication failure; logname= uid=0 euid=0 tty=ssh ruser= rhost=43.255.190.135  user=root
Apr 11 12:59:41 ovzhost sshd[1015]: Failed password for root from 43.255.190.135 port 56483 ssh2
Apr 11 12:59:42 ovzhost sshd[1012]: message repeated 2 times: [ Failed password for root from 43.255.190.190 port 59514 ssh2]
Apr 11 12:59:42 ovzhost sshd[1012]: Received disconnect from 43.255.190.190: 11:  [preauth]
Apr 11 12:59:42 ovzhost sshd[1012]: PAM 2 more authentication failures; logname= uid=0 euid=0 tty=ssh ruser= rhost=43.255.190.190  user=root
Apr 11 12:59:43 ovzhost sshd[1017]: pam_unix(sshd:auth): authentication failure; logname= uid=0 euid=0 tty=ssh ruser= rhost=43.255.190.190  user=root
Apr 11 12:59:44 ovzhost sshd[1017]: Failed password for root from 43.255.190.190 port 50774 ssh2
Apr 11 12:59:45 ovzhost sshd[1015]: message repeated 2 times: [ Failed password for root from 43.255.190.135 port 56483 ssh2]
Apr 11 12:59:45 ovzhost sshd[1015]: Received disconnect from 43.255.190.135: 11:  [preauth]
Apr 11 12:59:45 ovzhost sshd[1015]: PAM 2 more authentication failures; logname= uid=0 euid=0 tty=ssh ruser= rhost=43.255.190.135  user=root
Apr 11 12:59:46 ovzhost sshd[1019]: pam_unix(sshd:auth): authentication failure; logname= uid=0 euid=0 tty=ssh ruser= rhost=43.255.190.135  user=root
Apr 11 12:59:48 ovzhost sshd[1019]: Failed password for root from 43.255.190.135 port 42150 ssh2
Apr 11 12:59:48 ovzhost sshd[1017]: message repeated 2 times: [ Failed password for root from 43.255.190.190 port 50774 ssh2]
Apr 11 12:59:48 ovzhost sshd[1017]: Received disconnect from 43.255.190.190: 11:  [preauth]
Apr 11 12:59:48 ovzhost sshd[1017]: PAM 2 more authentication failures; logname= uid=0 euid=0 tty=ssh ruser= rhost=43.255.190.190  user=root
Apr 11 12:59:48 ovzhost sshd[1021]: pam_unix(sshd:auth): authentication failure; logname= uid=0 euid=0 tty=ssh ruser= rhost=43.255.190.190  user=root
Apr 11 12:59:51 ovzhost sshd[1021]: Failed password for root from 43.255.190.190 port 36834 ssh2
Apr 11 12:59:52 ovzhost sshd[1019]: message repeated 2 times: [ Failed password for root from 43.255.190.135 port 42150 ssh2]
Apr 11 12:59:52 ovzhost sshd[1019]: Received disconnect from 43.255.190.135: 11:  [preauth]
Apr 11 12:59:52 ovzhost sshd[1019]: PAM 2 more authentication failures; logname= uid=0 euid=0 tty=ssh ruser= rhost=43.255.190.135  user=root
Apr 11 12:59:52 ovzhost sshd[1024]: pam_unix(sshd:auth): authentication failure; logname= uid=0 euid=0 tty=ssh ruser= rhost=43.255.190.135  user=root
Apr 11 12:59:55 ovzhost sshd[1024]: Failed password for root from 43.255.190.135 port 55773 ssh2
Apr 11 12:59:55 ovzhost sshd[1021]: message repeated 2 times: [ Failed password for root from 43.255.190.190 port 36834 ssh2]
Apr 11 12:59:55 ovzhost sshd[1021]: Received disconnect from 43.255.190.190: 11:  [preauth]
Apr 11 12:59:55 ovzhost sshd[1021]: PAM 2 more authentication failures; logname= uid=0 euid=0 tty=ssh ruser= rhost=43.255.190.190  user=root
Apr 11 12:59:55 ovzhost sshd[1026]: pam_unix(sshd:auth): authentication failure; logname= uid=0 euid=0 tty=ssh ruser= rhost=43.255.190.190  user=root
Apr 11 12:59:57 ovzhost sshd[1026]: Failed password for root from 43.255.190.190 port 52903 ssh2
Apr 11 12:59:58 ovzhost sshd[1024]: message repeated 2 times: [ Failed password for root from 43.255.190.135 port 55773 ssh2]
Apr 11 12:59:59 ovzhost sshd[1024]: Received disconnect from 43.255.190.135: 11:  [preauth]
Apr 11 12:59:59 ovzhost sshd[1024]: PAM 2 more authentication failures; logname= uid=0 euid=0 tty=ssh ruser= rhost=43.255.190.135  user=root
Apr 11 13:00:00 ovzhost sshd[1028]: pam_unix(sshd:auth): authentication failure; logname= uid=0 euid=0 tty=ssh ruser= rhost=43.255.190.135  user=root
Apr 11 13:00:01 ovzhost CRON[1030]: pam_env(cron:session): Unable to open env file: /etc/default/locale: No such file or directory
Apr 11 13:00:01 ovzhost CRON[1030]: pam_unix(cron:session): session opened for user smmsp by (uid=0)
Apr 11 13:00:01 ovzhost CRON[1030]: pam_unix(cron:session): session closed for user smmsp
Apr 11 13:00:02 ovzhost sshd[1026]: message repeated 2 times: [ Failed password for root from 43.255.190.190 port 52903 ssh2]
Apr 11 13:00:02 ovzhost sshd[1026]: Received disconnect from 43.255.190.190: 11:  [preauth]
Apr 11 13:00:02 ovzhost sshd[1026]: PAM 2 more authentication failures; logname= uid=0 euid=0 tty=ssh ruser= rhost=43.255.190.190  user=root
Apr 11 13:00:02 ovzhost sshd[1028]: Failed password for root from 43.255.190.135 port 41586 ssh2
Apr 11 13:00:03 ovzhost sshd[1056]: pam_unix(sshd:auth): authentication failure; logname= uid=0 euid=0 tty=ssh ruser= rhost=43.255.190.190  user=root
Apr 11 13:00:04 ovzhost sshd[1056]: Failed password for root from 43.255.190.190 port 42020 ssh2
Apr 11 13:00:07 ovzhost sshd[1028]: message repeated 2 times: [ Failed password for root from 43.255.190.135 port 41586 ssh2]
Apr 11 13:00:07 ovzhost sshd[1028]: Received disconnect from 43.255.190.135: 11:  [preauth]
Apr 11 13:00:07 ovzhost sshd[1028]: PAM 2 more authentication failures; logname= uid=0 euid=0 tty=ssh ruser= rhost=43.255.190.135  user=root
Apr 11 13:00:07 ovzhost sshd[1058]: pam_unix(sshd:auth): authentication failure; logname= uid=0 euid=0 tty=ssh ruser= rhost=43.255.190.135  user=root
Apr 11 13:00:08 ovzhost sshd[1056]: message repeated 2 times: [ Failed password for root from 43.255.190.190 port 42020 ssh2]
Apr 11 13:00:08 ovzhost sshd[1056]: Received disconnect from 43.255.190.190: 11:  [preauth]
Apr 11 13:00:08 ovzhost sshd[1056]: PAM 2 more authentication failures; logname= uid=0 euid=0 tty=ssh ruser= rhost=43.255.190.190  user=root
Apr 11 13:00:08 ovzhost sshd[1060]: pam_unix(sshd:auth): authentication failure; logname= uid=0 euid=0 tty=ssh ruser= rhost=43.255.190.190  user=root
Apr 11 13:00:09 ovzhost sshd[1058]: Failed password for root from 43.255.190.135 port 56761 ssh2
Apr 11 13:00:10 ovzhost sshd[1060]: Failed password for root from 43.255.190.190 port 54000 ssh2
Apr 11 13:00:14 ovzhost sshd[1058]: message repeated 2 times: [ Failed password for root from 43.255.190.135 port 56761 ssh2]
Apr 11 13:00:14 ovzhost sshd[1058]: Received disconnect from 43.255.190.135: 11:  [preauth]
Apr 11 13:00:14 ovzhost sshd[1058]: PAM 2 more authentication failures; logname= uid=0 euid=0 tty=ssh ruser= rhost=43.255.190.135  user=root
Apr 11 13:00:14 ovzhost sshd[1060]: message repeated 2 times: [ Failed password for root from 43.255.190.190 port 54000 ssh2]
Apr 11 13:00:14 ovzhost sshd[1060]: Received disconnect from 43.255.190.190: 11:  [preauth]
Apr 11 13:00:14 ovzhost sshd[1060]: PAM 2 more authentication failures; logname= uid=0 euid=0 tty=ssh ruser= rhost=43.255.190.190  user=root
Apr 11 13:00:14 ovzhost sshd[1062]: pam_unix(sshd:auth): authentication failure; logname= uid=0 euid=0 tty=ssh ruser= rhost=43.255.190.135  user=root
Apr 11 13:00:14 ovzhost sshd[1064]: pam_unix(sshd:auth): authentication failure; logname= uid=0 euid=0 tty=ssh ruser= rhost=43.255.190.190  user=root
Apr 11 13:00:16 ovzhost sshd[1062]: Failed password for root from 43.255.190.135 port 40504 ssh2
Apr 11 13:00:16 ovzhost sshd[1064]: Failed password for root from 43.255.190.190 port 35961 ssh2
Apr 11 13:00:20 ovzhost sshd[1062]: message repeated 2 times: [ Failed password for root from 43.255.190.135 port 40504 ssh2]
Apr 11 13:00:20 ovzhost sshd[1062]: Received disconnect from 43.255.190.135: 11:  [preauth]
Apr 11 13:00:20 ovzhost sshd[1062]: PAM 2 more authentication failures; logname= uid=0 euid=0 tty=ssh ruser= rhost=43.255.190.135  user=root
Apr 11 13:00:20 ovzhost sshd[1064]: message repeated 2 times: [ Failed password for root from 43.255.190.190 port 35961 ssh2]
Apr 11 13:00:20 ovzhost sshd[1064]: Received disconnect from 43.255.190.190: 11:  [preauth]
Apr 11 13:00:20 ovzhost sshd[1064]: PAM 2 more authentication failures; logname= uid=0 euid=0 tty=ssh ruser= rhost=43.255.190.190  user=root
Apr 11 13:00:20 ovzhost sshd[1068]: pam_unix(sshd:auth): authentication failure; logname= uid=0 euid=0 tty=ssh ruser= rhost=43.255.190.190  user=root
Apr 11 13:00:21 ovzhost sshd[1066]: pam_unix(sshd:auth): authentication failure; logname= uid=0 euid=0 tty=ssh ruser= rhost=43.255.190.135  user=root
Apr 11 13:00:22 ovzhost sshd[1068]: Failed password for root from 43.255.190.190 port 46615 ssh2
Apr 11 13:00:22 ovzhost sshd[1066]: Failed password for root from 43.255.190.135 port 50815 ssh2
Apr 11 13:00:22 ovzhost sshd[1071]: Connection closed by 128.8.37.104 [preauth]
Apr 11 13:00:25 ovzhost sshd[1068]: message repeated 2 times: [ Failed password for root from 43.255.190.190 port 46615 ssh2]
Apr 11 13:00:25 ovzhost sshd[1068]: Received disconnect from 43.255.190.190: 11:  [preauth]
Apr 11 13:00:25 ovzhost sshd[1068]: PAM 2 more authentication failures; logname= uid=0 euid=0 tty=ssh ruser= rhost=43.255.190.190  user=root
Apr 11 13:00:26 ovzhost sshd[1066]: message repeated 2 times: [ Failed password for root from 43.255.190.135 port 50815 ssh2]
Apr 11 13:00:26 ovzhost sshd[1066]: Received disconnect from 43.255.190.135: 11:  [preauth]
Apr 11 13:00:26 ovzhost sshd[1066]: PAM 2 more authentication failures; logname= uid=0 euid=0 tty=ssh ruser= rhost=43.255.190.135  user=root
Apr 11 13:00:26 ovzhost sshd[1073]: pam_unix(sshd:auth): authentication failure; logname= uid=0 euid=0 tty=ssh ruser= rhost=43.255.190.190  user=root
Apr 11 13:00:26 ovzhost sshd[1075]: pam_unix(sshd:auth): authentication failure; logname= uid=0 euid=0 tty=ssh ruser= rhost=43.255.190.135  user=root
Apr 11 13:00:27 ovzhost sshd[1073]: Failed password for root from 43.255.190.190 port 58587 ssh2
Apr 11 13:00:28 ovzhost sshd[1075]: Failed password for root from 43.255.190.135 port 33927 ssh2
Apr 11 13:00:31 ovzhost sshd[1073]: message repeated 2 times: [ Failed password for root from 43.255.190.190 port 58587 ssh2]
Apr 11 13:00:31 ovzhost sshd[1073]: Received disconnect from 43.255.190.190: 11:  [preauth]
Apr 11 13:00:31 ovzhost sshd[1073]: PAM 2 more authentication failures; logname= uid=0 euid=0 tty=ssh ruser= rhost=43.255.190.190  user=root
Apr 11 13:00:32 ovzhost sshd[1075]: message repeated 2 times: [ Failed password for root from 43.255.190.135 port 33927 ssh2]
Apr 11 13:00:32 ovzhost sshd[1075]: Received disconnect from 43.255.190.135: 11:  [preauth]
Apr 11 13:00:32 ovzhost sshd[1075]: PAM 2 more authentication failures; logname= uid=0 euid=0 tty=ssh ruser= rhost=43.255.190.135  user=root
Apr 11 13:00:32 ovzhost sshd[1077]: pam_unix(sshd:auth): authentication failure; logname= uid=0 euid=0 tty=ssh ruser= rhost=43.255.190.190  user=root
Apr 11 13:00:32 ovzhost sshd[1079]: pam_unix(sshd:auth): authentication failure; logname= uid=0 euid=0 tty=ssh ruser= rhost=43.255.190.135  user=root
Apr 11 13:00:34 ovzhost sshd[1077]: Failed password for root from 43.255.190.190 port 41191 ssh2
Apr 11 13:00:34 ovzhost sshd[1079]: Failed password for root from 43.255.190.135 port 43908 ssh2
Apr 11 13:00:37 ovzhost sshd[1077]: message repeated 2 times: [ Failed password for root from 43.255.190.190 port 41191 ssh2]
Apr 11 13:00:37 ovzhost sshd[1077]: Received disconnect from 43.255.190.190: 11:  [preauth]
Apr 11 13:00:37 ovzhost sshd[1077]: PAM 2 more authentication failures; logname= uid=0 euid=0 tty=ssh ruser= rhost=43.255.190.190  user=root
Apr 11 13:00:38 ovzhost sshd[1079]: message repeated 2 times: [ Failed password for root from 43.255.190.135 port 43908 ssh2]
Apr 11 13:00:38 ovzhost sshd[1079]: Received disconnect from 43.255.190.135: 11:  [preauth]
Apr 11 13:00:38 ovzhost sshd[1079]: PAM 2 more authentication failures; logname= uid=0 euid=0 tty=ssh ruser= rhost=43.255.190.135  user=root
Apr 11 13:00:38 ovzhost sshd[1081]: pam_unix(sshd:auth): authentication failure; logname= uid=0 euid=0 tty=ssh ruser= rhost=43.255.190.190  user=root
Apr 11 13:00:38 ovzhost sshd[1083]: pam_unix(sshd:auth): authentication failure; logname= uid=0 euid=0 tty=ssh ruser= rhost=43.255.190.135  user=root
Apr 11 13:00:40 ovzhost sshd[1081]: Failed password for root from 43.255.190.190 port 51898 ssh2
Apr 11 13:00:40 ovzhost sshd[1083]: Failed password for root from 43.255.190.135 port 54114 ssh2
Apr 11 13:00:44 ovzhost sshd[1081]: message repeated 2 times: [ Failed password for root from 43.255.190.190 port 51898 ssh2]
Apr 11 13:00:44 ovzhost sshd[1081]: Received disconnect from 43.255.190.190: 11:  [preauth]
Apr 11 13:00:44 ovzhost sshd[1081]: PAM 2 more authentication failures; logname= uid=0 euid=0 tty=ssh ruser= rhost=43.255.190.190  user=root
Apr 11 13:00:44 ovzhost sshd[1083]: message repeated 2 times: [ Failed password for root from 43.255.190.135 port 54114 ssh2]
Apr 11 13:00:44 ovzhost sshd[1083]: Received disconnect from 43.255.190.135: 11:  [preauth]
Apr 11 13:00:44 ovzhost sshd[1083]: PAM 2 more authentication failures; logname= uid=0 euid=0 tty=ssh ruser= rhost=43.255.190.135  user=root
Apr 11 13:00:44 ovzhost sshd[1085]: pam_unix(sshd:auth): authentication failure; logname= uid=0 euid=0 tty=ssh ruser= rhost=43.255.190.190  user=root
Apr 11 13:00:45 ovzhost sshd[1087]: pam_unix(sshd:auth): authentication failure; logname= uid=0 euid=0 tty=ssh ruser= rhost=43.255.190.135  user=root
Apr 11 13:00:46 ovzhost sshd[1085]: Failed password for root from 43.255.190.190 port 37850 ssh2
Apr 11 13:00:47 ovzhost sshd[1087]: Failed password for root from 43.255.190.135 port 38966 ssh2
Apr 11 13:00:51 ovzhost sshd[1085]: message repeated 2 times: [ Failed password for root from 43.255.190.190 port 37850 ssh2]
Apr 11 13:00:51 ovzhost sshd[1085]: Received disconnect from 43.255.190.190: 11:  [preauth]
Apr 11 13:00:51 ovzhost sshd[1085]: PAM 2 more authentication failures; logname= uid=0 euid=0 tty=ssh ruser= rhost=43.255.190.190  user=root
Apr 11 13:00:51 ovzhost sshd[1089]: pam_unix(sshd:auth): authentication failure; logname= uid=0 euid=0 tty=ssh ruser= rhost=43.255.190.190  user=root
Apr 11 13:00:51 ovzhost sshd[1087]: message repeated 2 times: [ Failed password for root from 43.255.190.135 port 38966 ssh2]
Apr 11 13:00:51 ovzhost sshd[1087]: Received disconnect from 43.255.190.135: 11:  [preauth]
Apr 11 13:00:51 ovzhost sshd[1087]: PAM 2 more authentication failures; logname= uid=0 euid=0 tty=ssh ruser= rhost=43.255.190.135  user=root
Apr 11 13:00:52 ovzhost sshd[1091]: pam_unix(sshd:auth): authentication failure; logname= uid=0 euid=0 tty=ssh ruser= rhost=43.255.190.135  user=root
Apr 11 13:00:53 ovzhost sshd[1089]: Failed password for root from 43.255.190.190 port 52719 ssh2
Apr 11 13:00:53 ovzhost sshd[1091]: Failed password for root from 43.255.190.135 port 52089 ssh2
Apr 11 13:00:57 ovzhost sshd[1089]: message repeated 2 times: [ Failed password for root from 43.255.190.190 port 52719 ssh2]
Apr 11 13:00:57 ovzhost sshd[1089]: Received disconnect from 43.255.190.190: 11:  [preauth]
Apr 11 13:00:57 ovzhost sshd[1089]: PAM 2 more authentication failures; logname= uid=0 euid=0 tty=ssh ruser= rhost=43.255.190.190  user=root
Apr 11 13:00:57 ovzhost sshd[1091]: message repeated 2 times: [ Failed password for root from 43.255.190.135 port 52089 ssh2]
Apr 11 13:00:57 ovzhost sshd[1091]: Received disconnect from 43.255.190.135: 11:  [preauth]
Apr 11 13:00:57 ovzhost sshd[1091]: PAM 2 more authentication failures; logname= uid=0 euid=0 tty=ssh ruser= rhost=43.255.190.135  user=root
Apr 11 13:00:57 ovzhost sshd[1095]: pam_unix(sshd:auth): authentication failure; logname= uid=0 euid=0 tty=ssh ruser= rhost=43.255.190.190  user=root
Apr 11 13:00:58 ovzhost sshd[1097]: pam_unix(sshd:auth): authentication failure; logname= uid=0 euid=0 tty=ssh ruser= rhost=43.255.190.135  user=root
Apr 11 13:00:59 ovzhost sshd[1095]: Failed password for root from 43.255.190.190 port 39044 ssh2
Apr 11 13:01:00 ovzhost sshd[1097]: Failed password for root from 43.255.190.135 port 36271 ssh2
Apr 11 13:01:03 ovzhost sshd[1095]: message repeated 2 times: [ Failed password for root from 43.255.190.190 port 39044 ssh2]
Apr 11 13:01:03 ovzhost sshd[1095]: Received disconnect from 43.255.190.190: 11:  [preauth]
Apr 11 13:01:03 ovzhost sshd[1095]: PAM 2 more authentication failures; logname= uid=0 euid=0 tty=ssh ruser= rhost=43.255.190.190  user=root
Apr 11 13:01:03 ovzhost sshd[1097]: message repeated 2 times: [ Failed password for root from 43.255.190.135 port 36271 ssh2]
Apr 11 13:01:03 ovzhost sshd[1097]: Received disconnect from 43.255.190.135: 11:  [preauth]
Apr 11 13:01:03 ovzhost sshd[1097]: PAM 2 more authentication failures; logname= uid=0 euid=0 tty=ssh ruser= rhost=43.255.190.135  user=root
Apr 11 13:01:04 ovzhost sshd[1101]: pam_unix(sshd:auth): authentication failure; logname= uid=0 euid=0 tty=ssh ruser= rhost=43.255.190.190  user=root
Apr 11 13:01:04 ovzhost sshd[1103]: pam_unix(sshd:auth): authentication failure; logname= uid=0 euid=0 tty=ssh ruser= rhost=43.255.190.135  user=root
Apr 11 13:01:05 ovzhost sshd[1101]: Failed password for root from 43.255.190.190 port 53487 ssh2
Apr 11 13:01:06 ovzhost sshd[1103]: Failed password for root from 43.255.190.135 port 48637 ssh2
Apr 11 13:01:09 ovzhost sshd[1101]: message repeated 2 times: [ Failed password for root from 43.255.190.190 port 53487 ssh2]
Apr 11 13:01:09 ovzhost sshd[1101]: Received disconnect from 43.255.190.190: 11:  [preauth]
Apr 11 13:01:09 ovzhost sshd[1101]: PAM 2 more authentication failures; logname= uid=0 euid=0 tty=ssh ruser= rhost=43.255.190.190  user=root
Apr 11 13:01:09 ovzhost sshd[1103]: message repeated 2 times: [ Failed password for root from 43.255.190.135 port 48637 ssh2]
Apr 11 13:01:09 ovzhost sshd[1103]: Received disconnect from 43.255.190.135: 11:  [preauth]
Apr 11 13:01:09 ovzhost sshd[1103]: PAM 2 more authentication failures; logname= uid=0 euid=0 tty=ssh ruser= rhost=43.255.190.135  user=root
Apr 11 13:01:10 ovzhost sshd[1105]: pam_unix(sshd:auth): authentication failure; logname= uid=0 euid=0 tty=ssh ruser= rhost=43.255.190.190  user=root
Apr 11 13:01:10 ovzhost sshd[1107]: pam_unix(sshd:auth): authentication failure; logname= uid=0 euid=0 tty=ssh ruser= rhost=43.255.190.135  user=root
Apr 11 13:01:12 ovzhost sshd[1105]: Failed password for root from 43.255.190.190 port 37549 ssh2
Apr 11 13:01:12 ovzhost sshd[1107]: Failed password for root from 43.255.190.135 port 58169 ssh2
Apr 11 13:01:15 ovzhost sshd[1105]: message repeated 2 times: [ Failed password for root from 43.255.190.190 port 37549 ssh2]
Apr 11 13:01:15 ovzhost sshd[1105]: Received disconnect from 43.255.190.190: 11:  [preauth]
Apr 11 13:01:15 ovzhost sshd[1105]: PAM 2 more authentication failures; logname= uid=0 euid=0 tty=ssh ruser= rhost=43.255.190.190  user=root
Apr 11 13:01:15 ovzhost sshd[1107]: message repeated 2 times: [ Failed password for root from 43.255.190.135 port 58169 ssh2]
Apr 11 13:01:16 ovzhost sshd[1107]: Received disconnect from 43.255.190.135: 11:  [preauth]
Apr 11 13:01:16 ovzhost sshd[1107]: PAM 2 more authentication failures; logname= uid=0 euid=0 tty=ssh ruser= rhost=43.255.190.135  user=root
Apr 11 13:01:16 ovzhost sshd[1109]: pam_unix(sshd:auth): authentication failure; logname= uid=0 euid=0 tty=ssh ruser= rhost=43.255.190.190  user=root
Apr 11 13:01:16 ovzhost sshd[1111]: pam_unix(sshd:auth): authentication failure; logname= uid=0 euid=0 tty=ssh ruser= rhost=43.255.190.135  user=root
Apr 11 13:01:18 ovzhost sshd[1109]: Failed password for root from 43.255.190.190 port 50266 ssh2
Apr 11 13:01:18 ovzhost sshd[1111]: Failed password for root from 43.255.190.135 port 40262 ssh2
Apr 11 13:01:22 ovzhost sshd[1109]: message repeated 2 times: [ Failed password for root from 43.255.190.190 port 50266 ssh2]
Apr 11 13:01:22 ovzhost sshd[1109]: Received disconnect from 43.255.190.190: 11:  [preauth]
Apr 11 13:01:22 ovzhost sshd[1109]: PAM 2 more authentication failures; logname= uid=0 euid=0 tty=ssh ruser= rhost=43.255.190.190  user=root
Apr 11 13:01:22 ovzhost sshd[1111]: message repeated 2 times: [ Failed password for root from 43.255.190.135 port 40262 ssh2]
Apr 11 13:01:22 ovzhost sshd[1111]: Received disconnect from 43.255.190.135: 11:  [preauth]
Apr 11 13:01:22 ovzhost sshd[1111]: PAM 2 more authentication failures; logname= uid=0 euid=0 tty=ssh ruser= rhost=43.255.190.135  user=root
Apr 11 13:01:22 ovzhost sshd[1115]: pam_unix(sshd:auth): authentication failure; logname= uid=0 euid=0 tty=ssh ruser= rhost=43.255.190.190  user=root
Apr 11 13:01:23 ovzhost sshd[1117]: pam_unix(sshd:auth): authentication failure; logname= uid=0 euid=0 tty=ssh ruser= rhost=43.255.190.135  user=root
Apr 11 13:01:24 ovzhost sshd[1117]: Failed password for root from 43.255.190.135 port 51967 ssh2
Apr 11 13:01:25 ovzhost sshd[1115]: Failed password for root from 43.255.190.190 port 37074 ssh2
Apr 11 13:01:28 ovzhost sshd[1117]: message repeated 2 times: [ Failed password for root from 43.255.190.135 port 51967 ssh2]
Apr 11 13:01:28 ovzhost sshd[1117]: Received disconnect from 43.255.190.135: 11:  [preauth]
Apr 11 13:01:28 ovzhost sshd[1117]: PAM 2 more authentication failures; logname= uid=0 euid=0 tty=ssh ruser= rhost=43.255.190.135  user=root
Apr 11 13:01:28 ovzhost sshd[1115]: message repeated 2 times: [ Failed password for root from 43.255.190.190 port 37074 ssh2]
Apr 11 13:01:28 ovzhost sshd[1115]: Received disconnect from 43.255.190.190: 11:  [preauth]
Apr 11 13:01:28 ovzhost sshd[1115]: PAM 2 more authentication failures; logname= uid=0 euid=0 tty=ssh ruser= rhost=43.255.190.190  user=root
Apr 11 13:01:29 ovzhost sshd[1121]: pam_unix(sshd:auth): authentication failure; logname= uid=0 euid=0 tty=ssh ruser= rhost=43.255.190.135  user=root
Apr 11 13:01:29 ovzhost sshd[1123]: pam_unix(sshd:auth): authentication failure; logname= uid=0 euid=0 tty=ssh ruser= rhost=43.255.190.190  user=root
Apr 11 13:01:31 ovzhost sshd[1121]: Failed password for root from 43.255.190.135 port 33760 ssh2
Apr 11 13:01:31 ovzhost sshd[1123]: Failed password for root from 43.255.190.190 port 50676 ssh2
Apr 11 13:01:35 ovzhost sshd[1121]: message repeated 2 times: [ Failed password for root from 43.255.190.135 port 33760 ssh2]
Apr 11 13:01:35 ovzhost sshd[1121]: Received disconnect from 43.255.190.135: 11:  [preauth]
Apr 11 13:01:35 ovzhost sshd[1121]: PAM 2 more authentication failures; logname= uid=0 euid=0 tty=ssh ruser= rhost=43.255.190.135  user=root
Apr 11 13:01:35 ovzhost sshd[1123]: message repeated 2 times: [ Failed password for root from 43.255.190.190 port 50676 ssh2]
Apr 11 13:01:35 ovzhost sshd[1123]: Received disconnect from 43.255.190.190: 11:  [preauth]
