Apr 11 13:01:35 ovzhost sshd[1123]: PAM 2 more authentication failures; logname= uid=0 euid=0 tty=ssh ruser= rhost=43.255.190.190  user=root
Apr 11 13:01:36 ovzhost sshd[1125]: pam_unix(sshd:auth): authentication failure; logname= uid=0 euid=0 tty=ssh ruser= rhost=43.255.190.135  user=root
Apr 11 13:01:36 ovzhost sshd[1127]: pam_unix(sshd:auth): authentication failure; logname= uid=0 euid=0 tty=ssh ruser= rhost=43.255.190.190  user=root
Apr 11 13:01:36 ovzhost sshd[1130]: Connection closed by 127.0.0.1 [preauth]
Apr 11 13:01:37 ovzhost sshd[1125]: Failed password for root from 43.255.190.135 port 45343 ssh2
Apr 11 13:01:37 ovzhost sshd[1127]: Failed password for root from 43.255.190.190 port 38248 ssh2
Apr 11 13:01:41 ovzhost sshd[1125]: message repeated 2 times: [ Failed password for root from 43.255.190.135 port 45343 ssh2]
Apr 11 13:01:41 ovzhost sshd[1125]: Received disconnect from 43.255.190.135: 11:  [preauth]
Apr 11 13:01:41 ovzhost sshd[1125]: PAM 2 more authentication failures; logname= uid=0 euid=0 tty=ssh ruser= rhost=43.255.190.135  user=root
Apr 11 13:01:41 ovzhost sshd[1127]: message repeated 2 times: [ Failed password for root from 43.255.190.190 port 38248 ssh2]
Apr 11 13:01:41 ovzhost sshd[1127]: Received disconnect from 43.255.190.190: 11:  [preauth]
Apr 11 13:01:41 ovzhost sshd[1127]: PAM 2 more authentication failures; logname= uid=0 euid=0 tty=ssh ruser= rhost=43.255.190.190  user=root
Apr 11 13:01:42 ovzhost sshd[1132]: pam_unix(sshd:auth): authentication failure; logname= uid=0 euid=0 tty=ssh ruser= rhost=43.255.190.135  user=root
Apr 11 13:01:42 ovzhost sshd[1134]: pam_unix(sshd:auth): authentication failure; logname= uid=0 euid=0 tty=ssh ruser= rhost=43.255.190.190  user=root
Apr 11 13:01:43 ovzhost sshd[1132]: Failed password for root from 43.255.190.135 port 57481 ssh2
Apr 11 13:01:43 ovzhost sshd[1134]: Failed password for root from 43.255.190.190 port 54264 ssh2
Apr 11 13:01:47 ovzhost sshd[1132]: message repeated 2 times: [ Failed password for root from 43.255.190.135 port 57481 ssh2]
Apr 11 13:01:47 ovzhost sshd[1132]: Received disconnect from 43.255.190.135: 11:  [preauth]
Apr 11 13:01:47 ovzhost sshd[1132]: PAM 2 more authentication failures; logname= uid=0 euid=0 tty=ssh ruser= rhost=43.255.190.135  user=root
Apr 11 13:01:47 ovzhost sshd[1134]: message repeated 2 times: [ Failed password for root from 43.255.190.190 port 54264 ssh2]
Apr 11 13:01:47 ovzhost sshd[1134]: Received disconnect from 43.255.190.190: 11:  [preauth]
Apr 11 13:01:47 ovzhost sshd[1134]: PAM 2 more authentication failures; logname= uid=0 euid=0 tty=ssh ruser= rhost=43.255.190.190  user=root
Apr 11 13:01:48 ovzhost sshd[1137]: pam_unix(sshd:auth): authentication failure; logname= uid=0 euid=0 tty=ssh ruser= rhost=43.255.190.135  user=root
Apr 11 13:01:48 ovzhost sshd[1139]: pam_unix(sshd:auth): authentication failure; logname= uid=0 euid=0 tty=ssh ruser= rhost=43.255.190.190  user=root
Apr 11 13:01:50 ovzhost sshd[1137]: Failed password for root from 43.255.190.135 port 41184 ssh2
Apr 11 13:01:50 ovzhost sshd[1139]: Failed password for root from 43.255.190.190 port 43000 ssh2
Apr 11 13:01:54 ovzhost sshd[1137]: message repeated 2 times: [ Failed password for root from 43.255.190.135 port 41184 ssh2]
Apr 11 13:01:54 ovzhost sshd[1137]: Received disconnect from 43.255.190.135: 11:  [preauth]
Apr 11 13:01:54 ovzhost sshd[1137]: PAM 2 more authentication failures; logname= uid=0 euid=0 tty=ssh ruser= rhost=43.255.190.135  user=root
Apr 11 13:01:54 ovzhost sshd[1139]: message repeated 2 times: [ Failed password for root from 43.255.190.190 port 43000 ssh2]
Apr 11 13:01:54 ovzhost sshd[1139]: Received disconnect from 43.255.190.190: 11:  [preauth]
Apr 11 13:01:54 ovzhost sshd[1139]: PAM 2 more authentication failures; logname= uid=0 euid=0 tty=ssh ruser= rhost=43.255.190.190  user=root
Apr 11 13:01:55 ovzhost sshd[1141]: pam_unix(sshd:auth): authentication failure; logname= uid=0 euid=0 tty=ssh ruser= rhost=43.255.190.135  user=root
Apr 11 13:01:55 ovzhost sshd[1143]: pam_unix(sshd:auth): authentication failure; logname= uid=0 euid=0 tty=ssh ruser= rhost=43.255.190.190  user=root
Apr 11 13:01:57 ovzhost sshd[1141]: Failed password for root from 43.255.190.135 port 55361 ssh2
Apr 11 13:01:57 ovzhost sshd[1143]: Failed password for root from 43.255.190.190 port 60652 ssh2
Apr 11 13:02:01 ovzhost sshd[1143]: message repeated 2 times: [ Failed password for root from 43.255.190.190 port 60652 ssh2]
Apr 11 13:02:01 ovzhost sshd[1143]: Received disconnect from 43.255.190.190: 11:  [preauth]
Apr 11 13:02:01 ovzhost sshd[1143]: PAM 2 more authentication failures; logname= uid=0 euid=0 tty=ssh ruser= rhost=43.255.190.190  user=root
Apr 11 13:02:01 ovzhost sshd[1141]: message repeated 2 times: [ Failed password for root from 43.255.190.135 port 55361 ssh2]
Apr 11 13:02:01 ovzhost sshd[1141]: Received disconnect from 43.255.190.135: 11:  [preauth]
Apr 11 13:02:01 ovzhost sshd[1141]: PAM 2 more authentication failures; logname= uid=0 euid=0 tty=ssh ruser= rhost=43.255.190.135  user=root
Apr 11 13:02:02 ovzhost sshd[1147]: pam_unix(sshd:auth): authentication failure; logname= uid=0 euid=0 tty=ssh ruser= rhost=43.255.190.135  user=root
Apr 11 13:02:02 ovzhost sshd[1145]: pam_unix(sshd:auth): authentication failure; logname= uid=0 euid=0 tty=ssh ruser= rhost=43.255.190.190  user=root
Apr 11 13:02:05 ovzhost sshd[1147]: Failed password for root from 43.255.190.135 port 41621 ssh2
Apr 11 13:02:05 ovzhost sshd[1145]: Failed password for root from 43.255.190.190 port 50674 ssh2
Apr 11 13:02:09 ovzhost sshd[1147]: message repeated 2 times: [ Failed password for root from 43.255.190.135 port 41621 ssh2]
Apr 11 13:02:09 ovzhost sshd[1147]: Received disconnect from 43.255.190.135: 11:  [preauth]
Apr 11 13:02:09 ovzhost sshd[1147]: PAM 2 more authentication failures; logname= uid=0 euid=0 tty=ssh ruser= rhost=43.255.190.135  user=root
Apr 11 13:02:09 ovzhost sshd[1145]: message repeated 2 times: [ Failed password for root from 43.255.190.190 port 50674 ssh2]
Apr 11 13:02:09 ovzhost sshd[1145]: Received disconnect from 43.255.190.190: 11:  [preauth]
Apr 11 13:02:09 ovzhost sshd[1145]: PAM 2 more authentication failures; logname= uid=0 euid=0 tty=ssh ruser= rhost=43.255.190.190  user=root
Apr 11 13:02:09 ovzhost sshd[1149]: pam_unix(sshd:auth): authentication failure; logname= uid=0 euid=0 tty=ssh ruser= rhost=43.255.190.135  user=root
Apr 11 13:02:10 ovzhost sshd[1151]: pam_unix(sshd:auth): authentication failure; logname= uid=0 euid=0 tty=ssh ruser= rhost=43.255.190.190  user=root
Apr 11 13:02:11 ovzhost sshd[1149]: Failed password for root from 43.255.190.135 port 54146 ssh2
Apr 11 13:02:12 ovzhost sshd[1151]: Failed password for root from 43.255.190.190 port 41106 ssh2
Apr 11 13:02:15 ovzhost sshd[1149]: message repeated 2 times: [ Failed password for root from 43.255.190.135 port 54146 ssh2]
Apr 11 13:02:15 ovzhost sshd[1149]: Received disconnect from 43.255.190.135: 11:  [preauth]
Apr 11 13:02:15 ovzhost sshd[1149]: PAM 2 more authentication failures; logname= uid=0 euid=0 tty=ssh ruser= rhost=43.255.190.135  user=root
Apr 11 13:02:15 ovzhost sshd[1151]: message repeated 2 times: [ Failed password for root from 43.255.190.190 port 41106 ssh2]
Apr 11 13:02:15 ovzhost sshd[1151]: Received disconnect from 43.255.190.190: 11:  [preauth]
Apr 11 13:02:15 ovzhost sshd[1151]: PAM 2 more authentication failures; logname= uid=0 euid=0 tty=ssh ruser= rhost=43.255.190.190  user=root
Apr 11 13:02:15 ovzhost sshd[1153]: pam_unix(sshd:auth): authentication failure; logname= uid=0 euid=0 tty=ssh ruser= rhost=43.255.190.135  user=root
Apr 11 13:02:16 ovzhost sshd[1155]: pam_unix(sshd:auth): authentication failure; logname= uid=0 euid=0 tty=ssh ruser= rhost=43.255.190.190  user=root
Apr 11 13:02:18 ovzhost sshd[1153]: Failed password for root from 43.255.190.135 port 35864 ssh2
Apr 11 13:02:18 ovzhost sshd[1155]: Failed password for root from 43.255.190.190 port 55178 ssh2
Apr 11 13:02:21 ovzhost sshd[1153]: message repeated 2 times: [ Failed password for root from 43.255.190.135 port 35864 ssh2]
Apr 11 13:02:21 ovzhost sshd[1153]: Received disconnect from 43.255.190.135: 11:  [preauth]
Apr 11 13:02:21 ovzhost sshd[1153]: PAM 2 more authentication failures; logname= uid=0 euid=0 tty=ssh ruser= rhost=43.255.190.135  user=root
Apr 11 13:02:22 ovzhost sshd[1155]: message repeated 2 times: [ Failed password for root from 43.255.190.190 port 55178 ssh2]
Apr 11 13:02:22 ovzhost sshd[1155]: Received disconnect from 43.255.190.190: 11:  [preauth]
Apr 11 13:02:22 ovzhost sshd[1155]: PAM 2 more authentication failures; logname= uid=0 euid=0 tty=ssh ruser= rhost=43.255.190.190  user=root
Apr 11 13:02:22 ovzhost sshd[1157]: pam_unix(sshd:auth): authentication failure; logname= uid=0 euid=0 tty=ssh ruser= rhost=43.255.190.135  user=root
Apr 11 13:02:23 ovzhost sshd[1159]: pam_unix(sshd:auth): authentication failure; logname= uid=0 euid=0 tty=ssh ruser= rhost=43.255.190.190  user=root
Apr 11 13:02:24 ovzhost sshd[1157]: Failed password for root from 43.255.190.135 port 48479 ssh2
Apr 11 13:02:25 ovzhost sshd[1159]: Failed password for root from 43.255.190.190 port 44114 ssh2
Apr 11 13:02:28 ovzhost sshd[1157]: message repeated 2 times: [ Failed password for root from 43.255.190.135 port 48479 ssh2]
Apr 11 13:02:28 ovzhost sshd[1157]: Received disconnect from 43.255.190.135: 11:  [preauth]
Apr 11 13:02:28 ovzhost sshd[1157]: PAM 2 more authentication failures; logname= uid=0 euid=0 tty=ssh ruser= rhost=43.255.190.135  user=root
Apr 11 13:02:30 ovzhost sshd[1161]: pam_unix(sshd:auth): authentication failure; logname= uid=0 euid=0 tty=ssh ruser= rhost=43.255.190.135  user=root
Apr 11 13:02:29 ovzhost sshd[1159]: message repeated 2 times: [ Failed password for root from 43.255.190.190 port 44114 ssh2]
Apr 11 13:02:31 ovzhost sshd[1159]: Received disconnect from 43.255.190.190: 11:  [preauth]
Apr 11 13:02:31 ovzhost sshd[1159]: PAM 2 more authentication failures; logname= uid=0 euid=0 tty=ssh ruser= rhost=43.255.190.190  user=root
Apr 11 13:02:32 ovzhost sshd[1161]: Failed password for root from 43.255.190.135 port 59792 ssh2
Apr 11 13:02:32 ovzhost sshd[1163]: pam_unix(sshd:auth): authentication failure; logname= uid=0 euid=0 tty=ssh ruser= rhost=43.255.190.190  user=root
Apr 11 13:02:34 ovzhost sshd[1163]: Failed password for root from 43.255.190.190 port 38309 ssh2
Apr 11 13:02:36 ovzhost sshd[1161]: message repeated 2 times: [ Failed password for root from 43.255.190.135 port 59792 ssh2]
Apr 11 13:02:36 ovzhost sshd[1161]: Received disconnect from 43.255.190.135: 11:  [preauth]
Apr 11 13:02:36 ovzhost sshd[1161]: PAM 2 more authentication failures; logname= uid=0 euid=0 tty=ssh ruser= rhost=43.255.190.135  user=root
Apr 11 13:02:36 ovzhost sshd[1165]: pam_unix(sshd:auth): authentication failure; logname= uid=0 euid=0 tty=ssh ruser= rhost=43.255.190.135  user=root
Apr 11 13:02:38 ovzhost sshd[1163]: message repeated 2 times: [ Failed password for root from 43.255.190.190 port 38309 ssh2]
Apr 11 13:02:38 ovzhost sshd[1163]: Received disconnect from 43.255.190.190: 11:  [preauth]
Apr 11 13:02:38 ovzhost sshd[1163]: PAM 2 more authentication failures; logname= uid=0 euid=0 tty=ssh ruser= rhost=43.255.190.190  user=root
Apr 11 13:02:38 ovzhost sshd[1165]: Failed password for root from 43.255.190.135 port 45215 ssh2
Apr 11 13:02:38 ovzhost sshd[1167]: pam_unix(sshd:auth): authentication failure; logname= uid=0 euid=0 tty=ssh ruser= rhost=43.255.190.190  user=root
Apr 11 13:02:41 ovzhost sshd[1167]: Failed password for root from 43.255.190.190 port 54794 ssh2
Apr 11 13:02:42 ovzhost sshd[1165]: message repeated 2 times: [ Failed password for root from 43.255.190.135 port 45215 ssh2]
Apr 11 13:02:42 ovzhost sshd[1165]: Received disconnect from 43.255.190.135: 11:  [preauth]
Apr 11 13:02:42 ovzhost sshd[1165]: PAM 2 more authentication failures; logname= uid=0 euid=0 tty=ssh ruser= rhost=43.255.190.135  user=root
Apr 11 13:02:43 ovzhost sshd[1169]: pam_unix(sshd:auth): authentication failure; logname= uid=0 euid=0 tty=ssh ruser= rhost=43.255.190.135  user=root
Apr 11 13:02:44 ovzhost sshd[1167]: message repeated 2 times: [ Failed password for root from 43.255.190.190 port 54794 ssh2]
Apr 11 13:02:44 ovzhost sshd[1167]: Received disconnect from 43.255.190.190: 11:  [preauth]
Apr 11 13:02:44 ovzhost sshd[1167]: PAM 2 more authentication failures; logname= uid=0 euid=0 tty=ssh ruser= rhost=43.255.190.190  user=root
Apr 11 13:02:45 ovzhost sshd[1169]: Failed password for root from 43.255.190.135 port 59964 ssh2
Apr 11 13:02:45 ovzhost sshd[1171]: pam_unix(sshd:auth): authentication failure; logname= uid=0 euid=0 tty=ssh ruser= rhost=43.255.190.190  user=root
Apr 11 13:02:47 ovzhost sshd[1171]: Failed password for root from 43.255.190.190 port 45333 ssh2
Apr 11 13:02:50 ovzhost sshd[1169]: message repeated 2 times: [ Failed password for root from 43.255.190.135 port 59964 ssh2]
Apr 11 13:02:50 ovzhost sshd[1169]: Received disconnect from 43.255.190.135: 11:  [preauth]
Apr 11 13:02:50 ovzhost sshd[1169]: PAM 2 more authentication failures; logname= uid=0 euid=0 tty=ssh ruser= rhost=43.255.190.135  user=root
Apr 11 13:02:50 ovzhost sshd[1174]: pam_unix(sshd:auth): authentication failure; logname= uid=0 euid=0 tty=ssh ruser= rhost=43.255.190.135  user=root
Apr 11 13:02:52 ovzhost sshd[1174]: Failed password for root from 43.255.190.135 port 47062 ssh2
Apr 11 13:02:52 ovzhost sshd[1171]: message repeated 2 times: [ Failed password for root from 43.255.190.190 port 45333 ssh2]
Apr 11 13:02:52 ovzhost sshd[1171]: Received disconnect from 43.255.190.190: 11:  [preauth]
Apr 11 13:02:52 ovzhost sshd[1171]: PAM 2 more authentication failures; logname= uid=0 euid=0 tty=ssh ruser= rhost=43.255.190.190  user=root
Apr 11 13:02:56 ovzhost sshd[1176]: pam_unix(sshd:auth): authentication failure; logname= uid=0 euid=0 tty=ssh ruser= rhost=43.255.190.190  user=root
Apr 11 13:02:56 ovzhost sshd[1174]: message repeated 2 times: [ Failed password for root from 43.255.190.135 port 47062 ssh2]
Apr 11 13:02:56 ovzhost sshd[1174]: Received disconnect from 43.255.190.135: 11:  [preauth]
Apr 11 13:02:56 ovzhost sshd[1174]: PAM 2 more authentication failures; logname= uid=0 euid=0 tty=ssh ruser= rhost=43.255.190.135  user=root
Apr 11 13:02:57 ovzhost sshd[1178]: pam_unix(sshd:auth): authentication failure; logname= uid=0 euid=0 tty=ssh ruser= rhost=43.255.190.135  user=root
Apr 11 13:02:58 ovzhost sshd[1176]: Failed password for root from 43.255.190.190 port 38609 ssh2
Apr 11 13:02:59 ovzhost sshd[1178]: Failed password for root from 43.255.190.135 port 60939 ssh2
Apr 11 13:03:02 ovzhost sshd[1176]: message repeated 2 times: [ Failed password for root from 43.255.190.190 port 38609 ssh2]
Apr 11 13:03:03 ovzhost sshd[1176]: Received disconnect from 43.255.190.190: 11:  [preauth]
Apr 11 13:03:03 ovzhost sshd[1176]: PAM 2 more authentication failures; logname= uid=0 euid=0 tty=ssh ruser= rhost=43.255.190.190  user=root
Apr 11 13:03:03 ovzhost sshd[1180]: pam_unix(sshd:auth): authentication failure; logname= uid=0 euid=0 tty=ssh ruser= rhost=43.255.190.190  user=root
Apr 11 13:03:04 ovzhost sshd[1178]: message repeated 2 times: [ Failed password for root from 43.255.190.135 port 60939 ssh2]
Apr 11 13:03:04 ovzhost sshd[1178]: Received disconnect from 43.255.190.135: 11:  [preauth]
Apr 11 13:03:04 ovzhost sshd[1178]: PAM 2 more authentication failures; logname= uid=0 euid=0 tty=ssh ruser= rhost=43.255.190.135  user=root
Apr 11 13:03:04 ovzhost sshd[1182]: pam_unix(sshd:auth): authentication failure; logname= uid=0 euid=0 tty=ssh ruser= rhost=43.255.190.135  user=root
Apr 11 13:03:05 ovzhost sshd[1180]: Failed password for root from 43.255.190.190 port 35590 ssh2
Apr 11 13:03:07 ovzhost sshd[1182]: Failed password for root from 43.255.190.135 port 44716 ssh2
Apr 11 13:03:10 ovzhost sshd[1180]: message repeated 2 times: [ Failed password for root from 43.255.190.190 port 35590 ssh2]
Apr 11 13:03:10 ovzhost sshd[1180]: Received disconnect from 43.255.190.190: 11:  [preauth]
Apr 11 13:03:10 ovzhost sshd[1180]: PAM 2 more authentication failures; logname= uid=0 euid=0 tty=ssh ruser= rhost=43.255.190.190  user=root
Apr 11 13:03:11 ovzhost sshd[1186]: pam_unix(sshd:auth): authentication failure; logname= uid=0 euid=0 tty=ssh ruser= rhost=43.255.190.190  user=root
Apr 11 13:03:11 ovzhost sshd[1182]: message repeated 2 times: [ Failed password for root from 43.255.190.135 port 44716 ssh2]
Apr 11 13:03:11 ovzhost sshd[1182]: Received disconnect from 43.255.190.135: 11:  [preauth]
Apr 11 13:03:11 ovzhost sshd[1182]: PAM 2 more authentication failures; logname= uid=0 euid=0 tty=ssh ruser= rhost=43.255.190.135  user=root
Apr 11 13:03:12 ovzhost sshd[1188]: pam_unix(sshd:auth): authentication failure; logname= uid=0 euid=0 tty=ssh ruser= rhost=43.255.190.135  user=root
Apr 11 13:03:13 ovzhost sshd[1186]: Failed password for root from 43.255.190.190 port 53464 ssh2
Apr 11 13:03:14 ovzhost sshd[1188]: Failed password for root from 43.255.190.135 port 57089 ssh2
Apr 11 13:03:17 ovzhost sshd[1186]: message repeated 2 times: [ Failed password for root from 43.255.190.190 port 53464 ssh2]
Apr 11 13:03:17 ovzhost sshd[1186]: Received disconnect from 43.255.190.190: 11:  [preauth]
Apr 11 13:03:17 ovzhost sshd[1186]: PAM 2 more authentication failures; logname= uid=0 euid=0 tty=ssh ruser= rhost=43.255.190.190  user=root
Apr 11 13:03:19 ovzhost sshd[1188]: message repeated 2 times: [ Failed password for root from 43.255.190.135 port 57089 ssh2]
Apr 11 13:03:19 ovzhost sshd[1188]: Received disconnect from 43.255.190.135: 11:  [preauth]
Apr 11 13:03:19 ovzhost sshd[1188]: PAM 2 more authentication failures; logname= uid=0 euid=0 tty=ssh ruser= rhost=43.255.190.135  user=root
Apr 11 13:03:20 ovzhost sshd[1192]: pam_unix(sshd:auth): authentication failure; logname= uid=0 euid=0 tty=ssh ruser= rhost=43.255.190.135  user=root
Apr 11 13:03:21 ovzhost sshd[1190]: pam_unix(sshd:auth): authentication failure; logname= uid=0 euid=0 tty=ssh ruser= rhost=43.255.190.190  user=root
Apr 11 13:03:22 ovzhost sshd[1192]: Failed password for root from 43.255.190.135 port 42818 ssh2
Apr 11 13:03:23 ovzhost sshd[1190]: Failed password for root from 43.255.190.190 port 42951 ssh2
Apr 11 13:03:27 ovzhost sshd[1192]: message repeated 2 times: [ Failed password for root from 43.255.190.135 port 42818 ssh2]
Apr 11 13:03:27 ovzhost sshd[1192]: Received disconnect from 43.255.190.135: 11:  [preauth]
Apr 11 13:03:27 ovzhost sshd[1192]: PAM 2 more authentication failures; logname= uid=0 euid=0 tty=ssh ruser= rhost=43.255.190.135  user=root
Apr 11 13:03:27 ovzhost sshd[1190]: message repeated 2 times: [ Failed password for root from 43.255.190.190 port 42951 ssh2]
Apr 11 13:03:27 ovzhost sshd[1190]: Received disconnect from 43.255.190.190: 11:  [preauth]
Apr 11 13:03:27 ovzhost sshd[1190]: PAM 2 more authentication failures; logname= uid=0 euid=0 tty=ssh ruser= rhost=43.255.190.190  user=root
Apr 11 13:03:28 ovzhost sshd[1194]: pam_unix(sshd:auth): authentication failure; logname= uid=0 euid=0 tty=ssh ruser= rhost=43.255.190.135  user=root
Apr 11 13:03:28 ovzhost sshd[1196]: pam_unix(sshd:auth): authentication failure; logname= uid=0 euid=0 tty=ssh ruser= rhost=43.255.190.190  user=root
Apr 11 13:03:30 ovzhost sshd[1194]: Failed password for root from 43.255.190.135 port 56784 ssh2
Apr 11 13:03:30 ovzhost sshd[1196]: Failed password for root from 43.255.190.190 port 36982 ssh2
Apr 11 13:03:35 ovzhost sshd[1194]: message repeated 2 times: [ Failed password for root from 43.255.190.135 port 56784 ssh2]
Apr 11 13:03:35 ovzhost sshd[1194]: Received disconnect from 43.255.190.135: 11:  [preauth]
Apr 11 13:03:35 ovzhost sshd[1194]: PAM 2 more authentication failures; logname= uid=0 euid=0 tty=ssh ruser= rhost=43.255.190.135  user=root
Apr 11 13:03:35 ovzhost sshd[1196]: message repeated 2 times: [ Failed password for root from 43.255.190.190 port 36982 ssh2]
Apr 11 13:03:35 ovzhost sshd[1196]: Received disconnect from 43.255.190.190: 11:  [preauth]
Apr 11 13:03:35 ovzhost sshd[1196]: PAM 2 more authentication failures; logname= uid=0 euid=0 tty=ssh ruser= rhost=43.255.190.190  user=root
Apr 11 13:03:35 ovzhost sshd[1198]: pam_unix(sshd:auth): authentication failure; logname= uid=0 euid=0 tty=ssh ruser= rhost=43.255.190.135  user=root
Apr 11 13:03:36 ovzhost sshd[1200]: pam_unix(sshd:auth): authentication failure; logname= uid=0 euid=0 tty=ssh ruser= rhost=43.255.190.190  user=root
Apr 11 13:03:37 ovzhost sshd[1198]: Failed password for root from 43.255.190.135 port 43619 ssh2
Apr 11 13:03:38 ovzhost sshd[1200]: Failed password for root from 43.255.190.190 port 55010 ssh2
Apr 11 13:03:42 ovzhost sshd[1198]: message repeated 2 times: [ Failed password for root from 43.255.190.135 port 43619 ssh2]
Apr 11 13:03:42 ovzhost sshd[1198]: Received disconnect from 43.255.190.135: 11:  [preauth]
Apr 11 13:03:42 ovzhost sshd[1198]: PAM 2 more authentication failures; logname= uid=0 euid=0 tty=ssh ruser= rhost=43.255.190.135  user=root
Apr 11 13:03:42 ovzhost sshd[1200]: message repeated 2 times: [ Failed password for root from 43.255.190.190 port 55010 ssh2]
Apr 11 13:03:42 ovzhost sshd[1200]: Received disconnect from 43.255.190.190: 11:  [preauth]
Apr 11 13:03:42 ovzhost sshd[1200]: PAM 2 more authentication failures; logname= uid=0 euid=0 tty=ssh ruser= rhost=43.255.190.190  user=root
Apr 11 13:03:44 ovzhost sshd[1204]: pam_unix(sshd:auth): authentication failure; logname= uid=0 euid=0 tty=ssh ruser= rhost=43.255.190.190  user=root
Apr 11 13:03:45 ovzhost sshd[1202]: pam_unix(sshd:auth): authentication failure; logname= uid=0 euid=0 tty=ssh ruser= rhost=43.255.190.135  user=root
Apr 11 13:03:46 ovzhost sshd[1204]: Failed password for root from 43.255.190.190 port 45356 ssh2
Apr 11 13:03:47 ovzhost sshd[1202]: Failed password for root from 43.255.190.135 port 59336 ssh2
Apr 11 13:03:51 ovzhost sshd[1204]: message repeated 2 times: [ Failed password for root from 43.255.190.190 port 45356 ssh2]
Apr 11 13:03:51 ovzhost sshd[1204]: Received disconnect from 43.255.190.190: 11:  [preauth]
Apr 11 13:03:51 ovzhost sshd[1204]: PAM 2 more authentication failures; logname= uid=0 euid=0 tty=ssh ruser= rhost=43.255.190.190  user=root
Apr 11 13:03:51 ovzhost sshd[1208]: pam_unix(sshd:auth): authentication failure; logname= uid=0 euid=0 tty=ssh ruser= rhost=43.255.190.190  user=root
Apr 11 13:03:52 ovzhost sshd[1202]: message repeated 2 times: [ Failed password for root from 43.255.190.135 port 59336 ssh2]
Apr 11 13:03:52 ovzhost sshd[1202]: Received disconnect from 43.255.190.135: 11:  [preauth]
Apr 11 13:03:52 ovzhost sshd[1202]: PAM 2 more authentication failures; logname= uid=0 euid=0 tty=ssh ruser= rhost=43.255.190.135  user=root
Apr 11 13:03:53 ovzhost sshd[1210]: pam_unix(sshd:auth): authentication failure; logname= uid=0 euid=0 tty=ssh ruser= rhost=43.255.190.135  user=root
Apr 11 13:03:54 ovzhost sshd[1208]: Failed password for root from 43.255.190.190 port 37242 ssh2
Apr 11 13:03:55 ovzhost sshd[1210]: Failed password for root from 43.255.190.135 port 52776 ssh2
Apr 11 13:03:58 ovzhost sshd[1208]: message repeated 2 times: [ Failed password for root from 43.255.190.190 port 37242 ssh2]
Apr 11 13:03:58 ovzhost sshd[1208]: Received disconnect from 43.255.190.190: 11:  [preauth]
Apr 11 13:03:58 ovzhost sshd[1208]: PAM 2 more authentication failures; logname= uid=0 euid=0 tty=ssh ruser= rhost=43.255.190.190  user=root
Apr 11 13:03:59 ovzhost sshd[1212]: pam_unix(sshd:auth): authentication failure; logname= uid=0 euid=0 tty=ssh ruser= rhost=43.255.190.190  user=root
Apr 11 13:03:59 ovzhost sshd[1210]: message repeated 2 times: [ Failed password for root from 43.255.190.135 port 52776 ssh2]
Apr 11 13:03:59 ovzhost sshd[1210]: Received disconnect from 43.255.190.135: 11:  [preauth]
Apr 11 13:03:59 ovzhost sshd[1210]: PAM 2 more authentication failures; logname= uid=0 euid=0 tty=ssh ruser= rhost=43.255.190.135  user=root
Apr 11 13:04:00 ovzhost sshd[1214]: pam_unix(sshd:auth): authentication failure; logname= uid=0 euid=0 tty=ssh ruser= rhost=43.255.190.135  user=root
Apr 11 13:04:01 ovzhost sshd[1212]: Failed password for root from 43.255.190.190 port 52833 ssh2
Apr 11 13:04:03 ovzhost sshd[1214]: Failed password for root from 43.255.190.135 port 37236 ssh2
Apr 11 13:04:05 ovzhost sshd[1212]: message repeated 2 times: [ Failed password for root from 43.255.190.190 port 52833 ssh2]
Apr 11 13:04:05 ovzhost sshd[1212]: Received disconnect from 43.255.190.190: 11:  [preauth]
Apr 11 13:04:05 ovzhost sshd[1212]: PAM 2 more authentication failures; logname= uid=0 euid=0 tty=ssh ruser= rhost=43.255.190.190  user=root
Apr 11 13:04:06 ovzhost sshd[1216]: pam_unix(sshd:auth): authentication failure; logname= uid=0 euid=0 tty=ssh ruser= rhost=43.255.190.190  user=root
Apr 11 13:04:07 ovzhost sshd[1214]: message repeated 2 times: [ Failed password for root from 43.255.190.135 port 37236 ssh2]
Apr 11 13:04:07 ovzhost sshd[1214]: Received disconnect from 43.255.190.135: 11:  [preauth]
Apr 11 13:04:07 ovzhost sshd[1214]: PAM 2 more authentication failures; logname= uid=0 euid=0 tty=ssh ruser= rhost=43.255.190.135  user=root
Apr 11 13:04:08 ovzhost sshd[1216]: Failed password for root from 43.255.190.190 port 38042 ssh2
Apr 11 13:04:11 ovzhost sshd[1218]: pam_unix(sshd:auth): authentication failure; logname= uid=0 euid=0 tty=ssh ruser= rhost=43.255.190.135  user=root
Apr 11 13:04:13 ovzhost sshd[1218]: Failed password for root from 43.255.190.135 port 50538 ssh2
Apr 11 13:04:13 ovzhost sshd[1216]: message repeated 2 times: [ Failed password for root from 43.255.190.190 port 38042 ssh2]
Apr 11 13:04:13 ovzhost sshd[1216]: Received disconnect from 43.255.190.190: 11:  [preauth]
Apr 11 13:04:13 ovzhost sshd[1216]: PAM 2 more authentication failures; logname= uid=0 euid=0 tty=ssh ruser= rhost=43.255.190.190  user=root
Apr 11 13:04:14 ovzhost sshd[1220]: pam_unix(sshd:auth): authentication failure; logname= uid=0 euid=0 tty=ssh ruser= rhost=43.255.190.190  user=root
Apr 11 13:04:16 ovzhost sshd[1220]: Failed password for root from 43.255.190.190 port 53997 ssh2
Apr 11 13:04:16 ovzhost sshd[1218]: message repeated 2 times: [ Failed password for root from 43.255.190.135 port 50538 ssh2]
Apr 11 13:04:16 ovzhost sshd[1218]: Received disconnect from 43.255.190.135: 11:  [preauth]
Apr 11 13:04:16 ovzhost sshd[1218]: PAM 2 more authentication failures; logname= uid=0 euid=0 tty=ssh ruser= rhost=43.255.190.135  user=root
Apr 11 13:04:17 ovzhost sshd[1222]: pam_unix(sshd:auth): authentication failure; logname= uid=0 euid=0 tty=ssh ruser= rhost=43.255.190.135  user=root
Apr 11 13:04:20 ovzhost sshd[1222]: Failed password for root from 43.255.190.135 port 40057 ssh2
Apr 11 13:04:20 ovzhost sshd[1220]: message repeated 2 times: [ Failed password for root from 43.255.190.190 port 53997 ssh2]
Apr 11 13:04:20 ovzhost sshd[1220]: Received disconnect from 43.255.190.190: 11:  [preauth]
Apr 11 13:04:20 ovzhost sshd[1220]: PAM 2 more authentication failures; logname= uid=0 euid=0 tty=ssh ruser= rhost=43.255.190.190  user=root
Apr 11 13:04:21 ovzhost sshd[1224]: pam_unix(sshd:auth): authentication failure; logname= uid=0 euid=0 tty=ssh ruser= rhost=43.255.190.190  user=root
Apr 11 13:04:23 ovzhost sshd[1224]: Failed password for root from 43.255.190.190 port 40715 ssh2
Apr 11 13:04:24 ovzhost sshd[1222]: message repeated 2 times: [ Failed password for root from 43.255.190.135 port 40057 ssh2]
Apr 11 13:04:24 ovzhost sshd[1222]: Received disconnect from 43.255.190.135: 11:  [preauth]
Apr 11 13:04:24 ovzhost sshd[1222]: PAM 2 more authentication failures; logname= uid=0 euid=0 tty=ssh ruser= rhost=43.255.190.135  user=root
Apr 11 13:04:25 ovzhost sshd[1226]: pam_unix(sshd:auth): authentication failure; logname= uid=0 euid=0 tty=ssh ruser= rhost=43.255.190.135  user=root
Apr 11 13:04:27 ovzhost sshd[1226]: Failed password for root from 43.255.190.135 port 53632 ssh2
Apr 11 13:04:28 ovzhost sshd[1224]: message repeated 2 times: [ Failed password for root from 43.255.190.190 port 40715 ssh2]
Apr 11 13:04:28 ovzhost sshd[1224]: Received disconnect from 43.255.190.190: 11:  [preauth]
Apr 11 13:04:28 ovzhost sshd[1224]: PAM 2 more authentication failures; logname= uid=0 euid=0 tty=ssh ruser= rhost=43.255.190.190  user=root
Apr 11 13:04:28 ovzhost sshd[1228]: pam_unix(sshd:auth): authentication failure; logname= uid=0 euid=0 tty=ssh ruser= rhost=43.255.190.190  user=root
Apr 11 13:04:31 ovzhost sshd[1228]: Failed password for root from 43.255.190.190 port 55226 ssh2
Apr 11 13:04:32 ovzhost sshd[1226]: message repeated 2 times: [ Failed password for root from 43.255.190.135 port 53632 ssh2]
Apr 11 13:04:32 ovzhost sshd[1226]: Received disconnect from 43.255.190.135: 11:  [preauth]
Apr 11 13:04:32 ovzhost sshd[1226]: PAM 2 more authentication failures; logname= uid=0 euid=0 tty=ssh ruser= rhost=43.255.190.135  user=root
Apr 11 13:04:35 ovzhost sshd[1230]: pam_unix(sshd:auth): authentication failure; logname= uid=0 euid=0 tty=ssh ruser= rhost=43.255.190.135  user=root
Apr 11 13:04:36 ovzhost sshd[1228]: message repeated 2 times: [ Failed password for root from 43.255.190.190 port 55226 ssh2]
Apr 11 13:04:36 ovzhost sshd[1228]: Received disconnect from 43.255.190.190: 11:  [preauth]
Apr 11 13:04:36 ovzhost sshd[1228]: PAM 2 more authentication failures; logname= uid=0 euid=0 tty=ssh ruser= rhost=43.255.190.190  user=root
Apr 11 13:04:36 ovzhost sshd[1233]: pam_unix(sshd:auth): authentication failure; logname= uid=0 euid=0 tty=ssh ruser= rhost=43.255.190.190  user=root
Apr 11 13:04:38 ovzhost sshd[1230]: Failed password for root from 43.255.190.135 port 42302 ssh2
Apr 11 13:04:38 ovzhost sshd[1233]: Failed password for root from 43.255.190.190 port 44199 ssh2
Apr 11 13:04:41 ovzhost sshd[1230]: message repeated 2 times: [ Failed password for root from 43.255.190.135 port 42302 ssh2]
Apr 11 13:04:41 ovzhost sshd[1230]: Received disconnect from 43.255.190.135: 11:  [preauth]
Apr 11 13:04:41 ovzhost sshd[1230]: PAM 2 more authentication failures; logname= uid=0 euid=0 tty=ssh ruser= rhost=43.255.190.135  user=root
Apr 11 13:04:42 ovzhost sshd[1235]: pam_unix(sshd:auth): authentication failure; logname= uid=0 euid=0 tty=ssh ruser= rhost=43.255.190.135  user=root
Apr 11 13:04:43 ovzhost sshd[1233]: message repeated 2 times: [ Failed password for root from 43.255.190.190 port 44199 ssh2]
Apr 11 13:04:43 ovzhost sshd[1233]: Received disconnect from 43.255.190.190: 11:  [preauth]
Apr 11 13:04:43 ovzhost sshd[1233]: PAM 2 more authentication failures; logname= uid=0 euid=0 tty=ssh ruser= rhost=43.255.190.190  user=root
Apr 11 13:04:44 ovzhost sshd[1237]: pam_unix(sshd:auth): authentication failure; logname= uid=0 euid=0 tty=ssh ruser= rhost=43.255.190.190  user=root
Apr 11 13:04:44 ovzhost sshd[1235]: Failed password for root from 43.255.190.135 port 60603 ssh2
Apr 11 13:04:46 ovzhost sshd[1237]: Failed password for root from 43.255.190.190 port 60916 ssh2
Apr 11 13:04:49 ovzhost sshd[1235]: message repeated 2 times: [ Failed password for root from 43.255.190.135 port 60603 ssh2]
Apr 11 13:04:49 ovzhost sshd[1235]: Received disconnect from 43.255.190.135: 11:  [preauth]
Apr 11 13:04:49 ovzhost sshd[1235]: PAM 2 more authentication failures; logname= uid=0 euid=0 tty=ssh ruser= rhost=43.255.190.135  user=root
Apr 11 13:04:50 ovzhost sshd[1239]: pam_unix(sshd:auth): authentication failure; logname= uid=0 euid=0 tty=ssh ruser= rhost=43.255.190.135  user=root
Apr 11 13:04:50 ovzhost sshd[1237]: message repeated 2 times: [ Failed password for root from 43.255.190.190 port 60916 ssh2]
Apr 11 13:04:50 ovzhost sshd[1237]: Received disconnect from 43.255.190.190: 11:  [preauth]
Apr 11 13:04:50 ovzhost sshd[1237]: PAM 2 more authentication failures; logname= uid=0 euid=0 tty=ssh ruser= rhost=43.255.190.190  user=root
Apr 11 13:04:51 ovzhost sshd[1241]: pam_unix(sshd:auth): authentication failure; logname= uid=0 euid=0 tty=ssh ruser= rhost=43.255.190.190  user=root
Apr 11 13:04:51 ovzhost sshd[1239]: Failed password for root from 43.255.190.135 port 49155 ssh2
Apr 11 13:04:52 ovzhost sshd[1241]: Failed password for root from 43.255.190.190 port 47548 ssh2
Apr 11 13:04:56 ovzhost sshd[1239]: message repeated 2 times: [ Failed password for root from 43.255.190.135 port 49155 ssh2]
Apr 11 13:04:56 ovzhost sshd[1239]: Received disconnect from 43.255.190.135: 11:  [preauth]
Apr 11 13:04:56 ovzhost sshd[1239]: PAM 2 more authentication failures; logname= uid=0 euid=0 tty=ssh ruser= rhost=43.255.190.135  user=root
Apr 11 13:04:56 ovzhost sshd[1244]: pam_unix(sshd:auth): authentication failure; logname= uid=0 euid=0 tty=ssh ruser= rhost=43.255.190.135  user=root
Apr 11 13:04:57 ovzhost sshd[1241]: message repeated 2 times: [ Failed password for root from 43.255.190.190 port 47548 ssh2]
Apr 11 13:04:57 ovzhost sshd[1241]: Received disconnect from 43.255.190.190: 11:  [preauth]
Apr 11 13:04:57 ovzhost sshd[1241]: PAM 2 more authentication failures; logname= uid=0 euid=0 tty=ssh ruser= rhost=43.255.190.190  user=root
Apr 11 13:04:58 ovzhost sshd[1246]: pam_unix(sshd:auth): authentication failure; logname= uid=0 euid=0 tty=ssh ruser= rhost=43.255.190.190  user=root
Apr 11 13:04:59 ovzhost sshd[1244]: Failed password for root from 43.255.190.135 port 60577 ssh2
Apr 11 13:05:00 ovzhost sshd[1246]: Failed password for root from 43.255.190.190 port 59903 ssh2
Apr 11 13:05:03 ovzhost sshd[1244]: message repeated 2 times: [ Failed password for root from 43.255.190.135 port 60577 ssh2]
Apr 11 13:05:03 ovzhost sshd[1244]: Received disconnect from 43.255.190.135: 11:  [preauth]
Apr 11 13:05:03 ovzhost sshd[1244]: PAM 2 more authentication failures; logname= uid=0 euid=0 tty=ssh ruser= rhost=43.255.190.135  user=root
Apr 11 13:05:04 ovzhost sshd[1248]: pam_unix(sshd:auth): authentication failure; logname= uid=0 euid=0 tty=ssh ruser= rhost=43.255.190.135  user=root
Apr 11 13:05:04 ovzhost sshd[1246]: message repeated 2 times: [ Failed password for root from 43.255.190.190 port 59903 ssh2]
Apr 11 13:05:04 ovzhost sshd[1246]: Received disconnect from 43.255.190.190: 11:  [preauth]
Apr 11 13:05:04 ovzhost sshd[1246]: PAM 2 more authentication failures; logname= uid=0 euid=0 tty=ssh ruser= rhost=43.255.190.190  user=root
Apr 11 13:05:05 ovzhost sshd[1250]: pam_unix(sshd:auth): authentication failure; logname= uid=0 euid=0 tty=ssh ruser= rhost=43.255.190.190  user=root
Apr 11 13:05:06 ovzhost sshd[1248]: Failed password for root from 43.255.190.135 port 44213 ssh2
Apr 11 13:05:08 ovzhost sshd[1250]: Failed password for root from 43.255.190.190 port 45269 ssh2
Apr 11 13:05:11 ovzhost sshd[1248]: message repeated 2 times: [ Failed password for root from 43.255.190.135 port 44213 ssh2]
Apr 11 13:05:11 ovzhost sshd[1248]: Received disconnect from 43.255.190.135: 11:  [preauth]
Apr 11 13:05:11 ovzhost sshd[1248]: PAM 2 more authentication failures; logname= uid=0 euid=0 tty=ssh ruser= rhost=43.255.190.135  user=root
Apr 11 13:05:11 ovzhost sshd[1252]: pam_unix(sshd:auth): authentication failure; logname= uid=0 euid=0 tty=ssh ruser= rhost=43.255.190.135  user=root
Apr 11 13:05:12 ovzhost sshd[1250]: message repeated 2 times: [ Failed password for root from 43.255.190.190 port 45269 ssh2]
Apr 11 13:05:12 ovzhost sshd[1250]: Received disconnect from 43.255.190.190: 11:  [preauth]
Apr 11 13:05:12 ovzhost sshd[1250]: PAM 2 more authentication failures; logname= uid=0 euid=0 tty=ssh ruser= rhost=43.255.190.190  user=root
Apr 11 13:05:13 ovzhost sshd[1254]: pam_unix(sshd:auth): authentication failure; logname= uid=0 euid=0 tty=ssh ruser= rhost=43.255.190.190  user=root
Apr 11 13:05:14 ovzhost sshd[1252]: Failed password for root from 43.255.190.135 port 58220 ssh2
Apr 11 13:05:15 ovzhost sshd[1254]: Failed password for root from 43.255.190.190 port 58441 ssh2
Apr 11 13:05:18 ovzhost sshd[1252]: message repeated 2 times: [ Failed password for root from 43.255.190.135 port 58220 ssh2]
Apr 11 13:05:18 ovzhost sshd[1252]: Received disconnect from 43.255.190.135: 11:  [preauth]
Apr 11 13:05:18 ovzhost sshd[1252]: PAM 2 more authentication failures; logname= uid=0 euid=0 tty=ssh ruser= rhost=43.255.190.135  user=root
Apr 11 13:05:18 ovzhost sshd[1256]: pam_unix(sshd:auth): authentication failure; logname= uid=0 euid=0 tty=ssh ruser= rhost=43.255.190.135  user=root
Apr 11 13:05:20 ovzhost sshd[1254]: message repeated 2 times: [ Failed password for root from 43.255.190.190 port 58441 ssh2]
Apr 11 13:05:20 ovzhost sshd[1254]: Received disconnect from 43.255.190.190: 11:  [preauth]
Apr 11 13:05:20 ovzhost sshd[1254]: PAM 2 more authentication failures; logname= uid=0 euid=0 tty=ssh ruser= rhost=43.255.190.190  user=root
Apr 11 13:05:20 ovzhost sshd[1256]: Failed password for root from 43.255.190.135 port 41784 ssh2
Apr 11 13:05:24 ovzhost sshd[1256]: message repeated 2 times: [ Failed password for root from 43.255.190.135 port 41784 ssh2]
Apr 11 13:05:25 ovzhost sshd[1256]: Received disconnect from 43.255.190.135: 11:  [preauth]
Apr 11 13:05:25 ovzhost sshd[1256]: PAM 2 more authentication failures; logname= uid=0 euid=0 tty=ssh ruser= rhost=43.255.190.135  user=root
Apr 11 13:05:27 ovzhost sshd[1258]: pam_unix(sshd:auth): authentication failure; logname= uid=0 euid=0 tty=ssh ruser= rhost=43.255.190.135  user=root
Apr 11 13:05:29 ovzhost sshd[1258]: Failed password for root from 43.255.190.135 port 54421 ssh2
Apr 11 13:05:34 ovzhost sshd[1258]: message repeated 2 times: [ Failed password for root from 43.255.190.135 port 54421 ssh2]
Apr 11 13:05:34 ovzhost sshd[1258]: Received disconnect from 43.255.190.135: 11:  [preauth]
Apr 11 13:05:34 ovzhost sshd[1258]: PAM 2 more authentication failures; logname= uid=0 euid=0 tty=ssh ruser= rhost=43.255.190.135  user=root
Apr 11 13:05:35 ovzhost sshd[1260]: pam_unix(sshd:auth): authentication failure; logname= uid=0 euid=0 tty=ssh ruser= rhost=43.255.190.135  user=root
Apr 11 13:05:36 ovzhost sshd[1260]: Failed password for root from 43.255.190.135 port 45977 ssh2
Apr 11 13:05:39 ovzhost sshd[1260]: message repeated 2 times: [ Failed password for root from 43.255.190.135 port 45977 ssh2]
Apr 11 13:05:40 ovzhost sshd[1260]: Received disconnect from 43.255.190.135: 11:  [preauth]
Apr 11 13:05:40 ovzhost sshd[1260]: PAM 2 more authentication failures; logname= uid=0 euid=0 tty=ssh ruser= rhost=43.255.190.135  user=root
Apr 11 13:06:36 ovzhost sshd[1271]: Connection closed by 127.0.0.1 [preauth]
Apr 11 13:07:14 ovzhost sshd[1274]: Invalid user ubnt from 49.236.204.181
Apr 11 13:07:14 ovzhost sshd[1274]: input_userauth_request: invalid user ubnt [preauth]
Apr 11 13:07:14 ovzhost sshd[1274]: pam_unix(sshd:auth): check pass; user unknown
Apr 11 13:07:14 ovzhost sshd[1274]: pam_unix(sshd:auth): authentication failure; logname= uid=0 euid=0 tty=ssh ruser= rhost=49.236.204.181 
Apr 11 13:07:15 ovzhost sshd[1274]: Failed password for invalid user ubnt from 49.236.204.181 port 24014 ssh2
Apr 11 13:07:15 ovzhost sshd[1274]: Received disconnect from 49.236.204.181: 11: Bye Bye [preauth]
Apr 11 13:07:17 ovzhost sshd[1276]: pam_unix(sshd:auth): authentication failure; logname= uid=0 euid=0 tty=ssh ruser= rhost=49.236.204.181  user=root
Apr 11 13:07:19 ovzhost sshd[1276]: Failed password for root from 49.236.204.181 port 11892 ssh2
Apr 11 13:07:20 ovzhost sshd[1276]: Received disconnect from 49.236.204.181: 11: Bye Bye [preauth]
Apr 11 13:07:22 ovzhost sshd[1279]: Invalid user admin from 49.236.204.181
Apr 11 13:07:22 ovzhost sshd[1279]: input_userauth_request: invalid user admin [preauth]
Apr 11 13:07:22 ovzhost sshd[1279]: pam_unix(sshd:auth): check pass; user unknown
Apr 11 13:07:22 ovzhost sshd[1279]: pam_unix(sshd:auth): authentication failure; logname= uid=0 euid=0 tty=ssh ruser= rhost=49.236.204.181 
Apr 11 13:07:24 ovzhost sshd[1279]: Failed password for invalid user admin from 49.236.204.181 port 11729 ssh2
Apr 11 13:07:24 ovzhost sshd[1279]: Received disconnect from 49.236.204.181: 11: Bye Bye [preauth]
Apr 11 13:09:01 ovzhost CRON[1289]: pam_env(cron:session): Unable to open env file: /etc/default/locale: No such file or directory
Apr 11 13:09:01 ovzhost CRON[1289]: pam_unix(cron:session): session opened for user root by (uid=0)
Apr 11 13:09:01 ovzhost CRON[1288]: pam_env(cron:session): Unable to open env file: /etc/default/locale: No such file or directory
Apr 11 13:09:01 ovzhost CRON[1288]: pam_unix(cron:session): session opened for user root by (uid=0)
Apr 11 13:09:01 ovzhost CRON[1288]: pam_unix(cron:session): session closed for user root
Apr 11 13:09:01 ovzhost CRON[1289]: pam_unix(cron:session): session closed for user root
Apr 11 13:10:22 ovzhost sshd[1306]: Connection closed by 128.8.37.104 [preauth]
Apr 11 13:11:36 ovzhost sshd[1317]: Connection closed by 127.0.0.1 [preauth]
Apr 11 13:15:17 ovzhost sshd[1327]: Invalid user web from 80.242.123.130
Apr 11 13:15:17 ovzhost sshd[1327]: input_userauth_request: invalid user web [preauth]
Apr 11 13:15:17 ovzhost sshd[1327]: pam_unix(sshd:auth): check pass; user unknown
Apr 11 13:15:17 ovzhost sshd[1327]: pam_unix(sshd:auth): authentication failure; logname= uid=0 euid=0 tty=ssh ruser= rhost=130-123-242-80.pppoe.dyn.broadband.blic.net 
Apr 11 13:15:19 ovzhost sshd[1327]: Failed password for invalid user web from 80.242.123.130 port 60823 ssh2
Apr 11 13:15:19 ovzhost sshd[1327]: Received disconnect from 80.242.123.130: 11: Bye Bye [preauth]
Apr 11 13:16:36 ovzhost sshd[1338]: Connection closed by 127.0.0.1 [preauth]
Apr 11 13:20:01 ovzhost CRON[1352]: pam_env(cron:session): Unable to open env file: /etc/default/locale: No such file or directory
Apr 11 13:20:01 ovzhost CRON[1352]: pam_unix(cron:session): session opened for user smmsp by (uid=0)
Apr 11 13:20:01 ovzhost CRON[1352]: pam_unix(cron:session): session closed for user smmsp
Apr 11 13:20:22 ovzhost sshd[1379]: Connection closed by 128.8.37.104 [preauth]
Apr 11 13:21:25 ovzhost sshd[1389]: pam_unix(sshd:auth): authentication failure; logname= uid=0 euid=0 tty=ssh ruser= rhost=43.255.190.118  user=root
Apr 11 13:21:28 ovzhost sshd[1389]: Failed password for root from 43.255.190.118 port 38739 ssh2
Apr 11 13:21:32 ovzhost sshd[1389]: message repeated 2 times: [ Failed password for root from 43.255.190.118 port 38739 ssh2]
Apr 11 13:21:32 ovzhost sshd[1389]: Received disconnect from 43.255.190.118: 11:  [preauth]
Apr 11 13:21:32 ovzhost sshd[1389]: PAM 2 more authentication failures; logname= uid=0 euid=0 tty=ssh ruser= rhost=43.255.190.118  user=root
Apr 11 13:21:33 ovzhost sshd[1391]: pam_unix(sshd:auth): authentication failure; logname= uid=0 euid=0 tty=ssh ruser= rhost=43.255.190.118  user=root
Apr 11 13:21:35 ovzhost sshd[1391]: Failed password for root from 43.255.190.118 port 55759 ssh2
Apr 11 13:21:36 ovzhost sshd[1394]: Connection closed by 127.0.0.1 [preauth]
Apr 11 13:21:39 ovzhost sshd[1391]: message repeated 2 times: [ Failed password for root from 43.255.190.118 port 55759 ssh2]
Apr 11 13:21:39 ovzhost sshd[1391]: Received disconnect from 43.255.190.118: 11:  [preauth]
Apr 11 13:21:39 ovzhost sshd[1391]: PAM 2 more authentication failures; logname= uid=0 euid=0 tty=ssh ruser= rhost=43.255.190.118  user=root
Apr 11 13:21:40 ovzhost sshd[1396]: pam_unix(sshd:auth): authentication failure; logname= uid=0 euid=0 tty=ssh ruser= rhost=43.255.190.118  user=root
Apr 11 13:21:42 ovzhost sshd[1396]: Failed password for root from 43.255.190.118 port 42491 ssh2
Apr 11 13:21:46 ovzhost sshd[1396]: message repeated 2 times: [ Failed password for root from 43.255.190.118 port 42491 ssh2]
Apr 11 13:21:46 ovzhost sshd[1396]: Received disconnect from 43.255.190.118: 11:  [preauth]
Apr 11 13:21:46 ovzhost sshd[1396]: PAM 2 more authentication failures; logname= uid=0 euid=0 tty=ssh ruser= rhost=43.255.190.118  user=root
Apr 11 13:21:47 ovzhost sshd[1398]: pam_unix(sshd:auth): authentication failure; logname= uid=0 euid=0 tty=ssh ruser= rhost=43.255.190.118  user=root
Apr 11 13:21:49 ovzhost sshd[1398]: Failed password for root from 43.255.190.118 port 56986 ssh2
Apr 11 13:21:54 ovzhost sshd[1398]: message repeated 2 times: [ Failed password for root from 43.255.190.118 port 56986 ssh2]
Apr 11 13:21:54 ovzhost sshd[1398]: Received disconnect from 43.255.190.118: 11:  [preauth]
Apr 11 13:21:54 ovzhost sshd[1398]: PAM 2 more authentication failures; logname= uid=0 euid=0 tty=ssh ruser= rhost=43.255.190.118  user=root
Apr 11 13:21:55 ovzhost sshd[1401]: pam_unix(sshd:auth): authentication failure; logname= uid=0 euid=0 tty=ssh ruser= rhost=43.255.190.118  user=root
Apr 11 13:21:57 ovzhost sshd[1401]: Failed password for root from 43.255.190.118 port 43545 ssh2
Apr 11 13:22:01 ovzhost sshd[1401]: message repeated 2 times: [ Failed password for root from 43.255.190.118 port 43545 ssh2]
Apr 11 13:22:02 ovzhost sshd[1401]: Received disconnect from 43.255.190.118: 11:  [preauth]
Apr 11 13:22:02 ovzhost sshd[1401]: PAM 2 more authentication failures; logname= uid=0 euid=0 tty=ssh ruser= rhost=43.255.190.118  user=root
Apr 11 13:22:02 ovzhost sshd[1403]: pam_unix(sshd:auth): authentication failure; logname= uid=0 euid=0 tty=ssh ruser= rhost=43.255.190.118  user=root
Apr 11 13:22:04 ovzhost sshd[1403]: Failed password for root from 43.255.190.118 port 57440 ssh2
Apr 11 13:22:08 ovzhost sshd[1403]: message repeated 2 times: [ Failed password for root from 43.255.190.118 port 57440 ssh2]
Apr 11 13:22:08 ovzhost sshd[1403]: Received disconnect from 43.255.190.118: 11:  [preauth]
Apr 11 13:22:08 ovzhost sshd[1403]: PAM 2 more authentication failures; logname= uid=0 euid=0 tty=ssh ruser= rhost=43.255.190.118  user=root
Apr 11 13:22:09 ovzhost sshd[1405]: pam_unix(sshd:auth): authentication failure; logname= uid=0 euid=0 tty=ssh ruser= rhost=43.255.190.118  user=root
Apr 11 13:22:11 ovzhost sshd[1405]: Failed password for root from 43.255.190.118 port 41671 ssh2
Apr 11 13:22:16 ovzhost sshd[1405]: message repeated 2 times: [ Failed password for root from 43.255.190.118 port 41671 ssh2]
Apr 11 13:22:16 ovzhost sshd[1405]: Received disconnect from 43.255.190.118: 11:  [preauth]
Apr 11 13:22:16 ovzhost sshd[1405]: PAM 2 more authentication failures; logname= uid=0 euid=0 tty=ssh ruser= rhost=43.255.190.118  user=root
Apr 11 13:22:16 ovzhost sshd[1407]: pam_unix(sshd:auth): authentication failure; logname= uid=0 euid=0 tty=ssh ruser= rhost=43.255.190.118  user=root
Apr 11 13:22:18 ovzhost sshd[1407]: Failed password for root from 43.255.190.118 port 56587 ssh2
Apr 11 13:22:23 ovzhost sshd[1407]: message repeated 2 times: [ Failed password for root from 43.255.190.118 port 56587 ssh2]
Apr 11 13:22:23 ovzhost sshd[1407]: Received disconnect from 43.255.190.118: 11:  [preauth]
Apr 11 13:22:23 ovzhost sshd[1407]: PAM 2 more authentication failures; logname= uid=0 euid=0 tty=ssh ruser= rhost=43.255.190.118  user=root
Apr 11 13:22:23 ovzhost sshd[1409]: pam_unix(sshd:auth): authentication failure; logname= uid=0 euid=0 tty=ssh ruser= rhost=43.255.190.118  user=root
Apr 11 13:22:25 ovzhost sshd[1409]: Failed password for root from 43.255.190.118 port 43269 ssh2
Apr 11 13:22:30 ovzhost sshd[1409]: message repeated 2 times: [ Failed password for root from 43.255.190.118 port 43269 ssh2]
Apr 11 13:22:30 ovzhost sshd[1409]: Received disconnect from 43.255.190.118: 11:  [preauth]
Apr 11 13:22:30 ovzhost sshd[1409]: PAM 2 more authentication failures; logname= uid=0 euid=0 tty=ssh ruser= rhost=43.255.190.118  user=root
Apr 11 13:22:31 ovzhost sshd[1411]: pam_unix(sshd:auth): authentication failure; logname= uid=0 euid=0 tty=ssh ruser= rhost=43.255.190.118  user=root
Apr 11 13:22:33 ovzhost sshd[1411]: Failed password for root from 43.255.190.118 port 59068 ssh2
Apr 11 13:22:37 ovzhost sshd[1411]: message repeated 2 times: [ Failed password for root from 43.255.190.118 port 59068 ssh2]
Apr 11 13:22:37 ovzhost sshd[1411]: Received disconnect from 43.255.190.118: 11:  [preauth]
Apr 11 13:22:37 ovzhost sshd[1411]: PAM 2 more authentication failures; logname= uid=0 euid=0 tty=ssh ruser= rhost=43.255.190.118  user=root
Apr 11 13:22:38 ovzhost sshd[1413]: pam_unix(sshd:auth): authentication failure; logname= uid=0 euid=0 tty=ssh ruser= rhost=43.255.190.118  user=root
Apr 11 13:22:40 ovzhost sshd[1413]: Failed password for root from 43.255.190.118 port 44966 ssh2
Apr 11 13:22:44 ovzhost sshd[1413]: message repeated 2 times: [ Failed password for root from 43.255.190.118 port 44966 ssh2]
Apr 11 13:22:44 ovzhost sshd[1413]: Received disconnect from 43.255.190.118: 11:  [preauth]
Apr 11 13:22:44 ovzhost sshd[1413]: PAM 2 more authentication failures; logname= uid=0 euid=0 tty=ssh ruser= rhost=43.255.190.118  user=root
Apr 11 13:22:48 ovzhost sshd[1415]: pam_unix(sshd:auth): authentication failure; logname= uid=0 euid=0 tty=ssh ruser= rhost=43.255.190.118  user=root
Apr 11 13:22:51 ovzhost sshd[1415]: Failed password for root from 43.255.190.118 port 56918 ssh2
Apr 11 13:22:55 ovzhost sshd[1415]: message repeated 2 times: [ Failed password for root from 43.255.190.118 port 56918 ssh2]
Apr 11 13:22:55 ovzhost sshd[1415]: Received disconnect from 43.255.190.118: 11:  [preauth]
Apr 11 13:22:55 ovzhost sshd[1415]: PAM 2 more authentication failures; logname= uid=0 euid=0 tty=ssh ruser= rhost=43.255.190.118  user=root
Apr 11 13:22:56 ovzhost sshd[1418]: pam_unix(sshd:auth): authentication failure; logname= uid=0 euid=0 tty=ssh ruser= rhost=43.255.190.118  user=root
Apr 11 13:22:58 ovzhost sshd[1418]: Failed password for root from 43.255.190.118 port 47110 ssh2
Apr 11 13:23:02 ovzhost sshd[1418]: message repeated 2 times: [ Failed password for root from 43.255.190.118 port 47110 ssh2]
Apr 11 13:23:02 ovzhost sshd[1418]: Received disconnect from 43.255.190.118: 11:  [preauth]
Apr 11 13:23:02 ovzhost sshd[1418]: PAM 2 more authentication failures; logname= uid=0 euid=0 tty=ssh ruser= rhost=43.255.190.118  user=root
