Apr  2 14:31:44 ovzhost sshd[780]: Connection closed by 127.0.0.1 [preauth]
Apr  2 14:35:40 ovzhost sshd[811]: Connection closed by 128.8.37.120 [preauth]
Apr  2 14:36:44 ovzhost sshd[820]: Connection closed by 127.0.0.1 [preauth]
Apr 11 15:36:08 ovzhost sshd[778]: Connection closed by 127.0.0.1 [preauth]
Apr 11 15:39:01 ovzhost CRON[794]: pam_env(cron:session): Unable to open env file: /etc/default/locale: No such file or directory
Apr 11 15:39:01 ovzhost CRON[794]: pam_unix(cron:session): session opened for user root by (uid=0)
Apr 11 15:39:01 ovzhost CRON[794]: pam_unix(cron:session): session closed for user root
Apr 11 15:40:01 ovzhost CRON[808]: pam_env(cron:session): Unable to open env file: /etc/default/locale: No such file or directory
Apr 11 15:40:01 ovzhost CRON[808]: pam_unix(cron:session): session opened for user smmsp by (uid=0)
Apr 11 15:40:01 ovzhost CRON[808]: pam_unix(cron:session): session closed for user smmsp
Apr 11 15:40:38 ovzhost sshd[836]: Connection closed by 128.8.37.120 [preauth]
Apr 11 15:41:08 ovzhost sshd[841]: Connection closed by 127.0.0.1 [preauth]
Apr 11 15:42:31 ovzhost sshd[849]: pam_unix(sshd:auth): authentication failure; logname= uid=0 euid=0 tty=ssh ruser= rhost=61.160.213.190  user=root
Apr 11 15:42:33 ovzhost sshd[849]: Failed password for root from 61.160.213.190 port 41743 ssh2
Apr 11 15:42:38 ovzhost sshd[849]: message repeated 2 times: [ Failed password for root from 61.160.213.190 port 41743 ssh2]
Apr 11 15:42:38 ovzhost sshd[849]: Received disconnect from 61.160.213.190: 11:  [preauth]
Apr 11 15:42:38 ovzhost sshd[849]: PAM 2 more authentication failures; logname= uid=0 euid=0 tty=ssh ruser= rhost=61.160.213.190  user=root
Apr 11 15:42:40 ovzhost sshd[853]: pam_unix(sshd:auth): authentication failure; logname= uid=0 euid=0 tty=ssh ruser= rhost=61.160.213.190  user=root
Apr 11 15:42:42 ovzhost sshd[853]: Failed password for root from 61.160.213.190 port 60413 ssh2
Apr 11 15:42:47 ovzhost sshd[853]: message repeated 2 times: [ Failed password for root from 61.160.213.190 port 60413 ssh2]
Apr 11 15:42:47 ovzhost sshd[853]: Received disconnect from 61.160.213.190: 11:  [preauth]
Apr 11 15:42:47 ovzhost sshd[853]: PAM 2 more authentication failures; logname= uid=0 euid=0 tty=ssh ruser= rhost=61.160.213.190  user=root
Apr 11 15:42:49 ovzhost sshd[855]: pam_unix(sshd:auth): authentication failure; logname= uid=0 euid=0 tty=ssh ruser= rhost=61.160.213.190  user=root
Apr 11 15:42:51 ovzhost sshd[855]: Failed password for root from 61.160.213.190 port 49649 ssh2
Apr 11 15:42:56 ovzhost sshd[855]: message repeated 2 times: [ Failed password for root from 61.160.213.190 port 49649 ssh2]
Apr 11 15:42:56 ovzhost sshd[855]: Received disconnect from 61.160.213.190: 11:  [preauth]
Apr 11 15:42:56 ovzhost sshd[855]: PAM 2 more authentication failures; logname= uid=0 euid=0 tty=ssh ruser= rhost=61.160.213.190  user=root
Apr 11 15:42:58 ovzhost sshd[857]: pam_unix(sshd:auth): authentication failure; logname= uid=0 euid=0 tty=ssh ruser= rhost=61.160.213.190  user=root
Apr 11 15:42:59 ovzhost sshd[857]: Failed password for root from 61.160.213.190 port 39274 ssh2
Apr 11 15:43:05 ovzhost sshd[857]: message repeated 2 times: [ Failed password for root from 61.160.213.190 port 39274 ssh2]
Apr 11 15:43:05 ovzhost sshd[857]: Received disconnect from 61.160.213.190: 11:  [preauth]
Apr 11 15:43:05 ovzhost sshd[857]: PAM 2 more authentication failures; logname= uid=0 euid=0 tty=ssh ruser= rhost=61.160.213.190  user=root
Apr 11 15:43:06 ovzhost sshd[859]: pam_unix(sshd:auth): authentication failure; logname= uid=0 euid=0 tty=ssh ruser= rhost=61.160.213.190  user=root
Apr 11 15:43:09 ovzhost sshd[859]: Failed password for root from 61.160.213.190 port 57700 ssh2
Apr 11 15:43:11 ovzhost sshd[864]: Did not receive identification string from 45.55.147.43
Apr 11 15:43:13 ovzhost sshd[859]: message repeated 2 times: [ Failed password for root from 61.160.213.190 port 57700 ssh2]
Apr 11 15:43:13 ovzhost sshd[859]: Received disconnect from 61.160.213.190: 11:  [preauth]
Apr 11 15:43:13 ovzhost sshd[859]: PAM 2 more authentication failures; logname= uid=0 euid=0 tty=ssh ruser= rhost=61.160.213.190  user=root
Apr 11 15:43:15 ovzhost sshd[865]: pam_unix(sshd:auth): authentication failure; logname= uid=0 euid=0 tty=ssh ruser= rhost=61.160.213.190  user=root
Apr 11 15:43:17 ovzhost sshd[865]: Failed password for root from 61.160.213.190 port 49109 ssh2
Apr 11 15:43:22 ovzhost sshd[865]: message repeated 2 times: [ Failed password for root from 61.160.213.190 port 49109 ssh2]
Apr 11 15:43:22 ovzhost sshd[865]: Received disconnect from 61.160.213.190: 11:  [preauth]
Apr 11 15:43:22 ovzhost sshd[865]: PAM 2 more authentication failures; logname= uid=0 euid=0 tty=ssh ruser= rhost=61.160.213.190  user=root
Apr 11 15:43:24 ovzhost sshd[867]: pam_unix(sshd:auth): authentication failure; logname= uid=0 euid=0 tty=ssh ruser= rhost=61.160.213.190  user=root
Apr 11 15:43:26 ovzhost sshd[867]: Failed password for root from 61.160.213.190 port 39402 ssh2
Apr 11 15:43:32 ovzhost sshd[867]: message repeated 2 times: [ Failed password for root from 61.160.213.190 port 39402 ssh2]
Apr 11 15:43:32 ovzhost sshd[867]: Received disconnect from 61.160.213.190: 11:  [preauth]
Apr 11 15:43:32 ovzhost sshd[867]: PAM 2 more authentication failures; logname= uid=0 euid=0 tty=ssh ruser= rhost=61.160.213.190  user=root
Apr 11 15:43:34 ovzhost sshd[869]: pam_unix(sshd:auth): authentication failure; logname= uid=0 euid=0 tty=ssh ruser= rhost=61.160.213.190  user=root
Apr 11 15:43:35 ovzhost sshd[869]: Failed password for root from 61.160.213.190 port 60606 ssh2
Apr 11 15:43:40 ovzhost sshd[869]: message repeated 2 times: [ Failed password for root from 61.160.213.190 port 60606 ssh2]
Apr 11 15:43:41 ovzhost sshd[869]: Received disconnect from 61.160.213.190: 11:  [preauth]
Apr 11 15:43:41 ovzhost sshd[869]: PAM 2 more authentication failures; logname= uid=0 euid=0 tty=ssh ruser= rhost=61.160.213.190  user=root
Apr 11 15:43:42 ovzhost sshd[871]: pam_unix(sshd:auth): authentication failure; logname= uid=0 euid=0 tty=ssh ruser= rhost=61.160.213.190  user=root
Apr 11 15:43:44 ovzhost sshd[871]: Failed password for root from 61.160.213.190 port 50659 ssh2
Apr 11 15:43:48 ovzhost sshd[871]: message repeated 2 times: [ Failed password for root from 61.160.213.190 port 50659 ssh2]
Apr 11 15:43:48 ovzhost sshd[871]: Received disconnect from 61.160.213.190: 11:  [preauth]
Apr 11 15:43:48 ovzhost sshd[871]: PAM 2 more authentication failures; logname= uid=0 euid=0 tty=ssh ruser= rhost=61.160.213.190  user=root
Apr 11 15:43:50 ovzhost sshd[873]: pam_unix(sshd:auth): authentication failure; logname= uid=0 euid=0 tty=ssh ruser= rhost=61.160.213.190  user=root
Apr 11 15:43:53 ovzhost sshd[873]: Failed password for root from 61.160.213.190 port 39809 ssh2
Apr 11 15:43:57 ovzhost sshd[873]: message repeated 2 times: [ Failed password for root from 61.160.213.190 port 39809 ssh2]
Apr 11 15:43:57 ovzhost sshd[873]: Received disconnect from 61.160.213.190: 11:  [preauth]
Apr 11 15:43:57 ovzhost sshd[873]: PAM 2 more authentication failures; logname= uid=0 euid=0 tty=ssh ruser= rhost=61.160.213.190  user=root
Apr 11 15:43:59 ovzhost sshd[875]: pam_unix(sshd:auth): authentication failure; logname= uid=0 euid=0 tty=ssh ruser= rhost=61.160.213.190  user=root
Apr 11 15:44:00 ovzhost sshd[875]: Failed password for root from 61.160.213.190 port 60817 ssh2
Apr 11 15:44:06 ovzhost sshd[875]: message repeated 2 times: [ Failed password for root from 61.160.213.190 port 60817 ssh2]
Apr 11 15:44:07 ovzhost sshd[875]: Received disconnect from 61.160.213.190: 11:  [preauth]
Apr 11 15:44:07 ovzhost sshd[875]: PAM 2 more authentication failures; logname= uid=0 euid=0 tty=ssh ruser= rhost=61.160.213.190  user=root
Apr 11 15:44:09 ovzhost sshd[879]: pam_unix(sshd:auth): authentication failure; logname= uid=0 euid=0 tty=ssh ruser= rhost=61.160.213.190  user=root
Apr 11 15:44:11 ovzhost sshd[879]: Failed password for root from 61.160.213.190 port 52755 ssh2
Apr 11 15:44:17 ovzhost sshd[879]: message repeated 2 times: [ Failed password for root from 61.160.213.190 port 52755 ssh2]
Apr 11 15:44:17 ovzhost sshd[879]: Received disconnect from 61.160.213.190: 11:  [preauth]
Apr 11 15:44:17 ovzhost sshd[879]: PAM 2 more authentication failures; logname= uid=0 euid=0 tty=ssh ruser= rhost=61.160.213.190  user=root
Apr 11 15:44:19 ovzhost sshd[881]: pam_unix(sshd:auth): authentication failure; logname= uid=0 euid=0 tty=ssh ruser= rhost=61.160.213.190  user=root
Apr 11 15:44:21 ovzhost sshd[881]: Failed password for root from 61.160.213.190 port 48398 ssh2
Apr 11 15:44:25 ovzhost sshd[881]: message repeated 2 times: [ Failed password for root from 61.160.213.190 port 48398 ssh2]
Apr 11 15:44:25 ovzhost sshd[881]: Received disconnect from 61.160.213.190: 11:  [preauth]
Apr 11 15:44:25 ovzhost sshd[881]: PAM 2 more authentication failures; logname= uid=0 euid=0 tty=ssh ruser= rhost=61.160.213.190  user=root
Apr 11 15:44:27 ovzhost sshd[883]: pam_unix(sshd:auth): authentication failure; logname= uid=0 euid=0 tty=ssh ruser= rhost=61.160.213.190  user=root
Apr 11 15:44:29 ovzhost sshd[883]: Failed password for root from 61.160.213.190 port 38489 ssh2
Apr 11 15:44:33 ovzhost sshd[883]: message repeated 2 times: [ Failed password for root from 61.160.213.190 port 38489 ssh2]
Apr 11 15:44:34 ovzhost sshd[883]: Received disconnect from 61.160.213.190: 11:  [preauth]
Apr 11 15:44:34 ovzhost sshd[883]: PAM 2 more authentication failures; logname= uid=0 euid=0 tty=ssh ruser= rhost=61.160.213.190  user=root
Apr 11 15:44:35 ovzhost sshd[885]: pam_unix(sshd:auth): authentication failure; logname= uid=0 euid=0 tty=ssh ruser= rhost=61.160.213.190  user=root
Apr 11 15:44:37 ovzhost sshd[885]: Failed password for root from 61.160.213.190 port 56898 ssh2
Apr 11 15:44:42 ovzhost sshd[885]: message repeated 2 times: [ Failed password for root from 61.160.213.190 port 56898 ssh2]
Apr 11 15:44:42 ovzhost sshd[885]: Received disconnect from 61.160.213.190: 11:  [preauth]
Apr 11 15:44:42 ovzhost sshd[885]: PAM 2 more authentication failures; logname= uid=0 euid=0 tty=ssh ruser= rhost=61.160.213.190  user=root
Apr 11 15:44:45 ovzhost sshd[887]: pam_unix(sshd:auth): authentication failure; logname= uid=0 euid=0 tty=ssh ruser= rhost=61.160.213.190  user=root
Apr 11 15:44:46 ovzhost sshd[887]: Failed password for root from 61.160.213.190 port 48370 ssh2
Apr 11 15:44:51 ovzhost sshd[887]: message repeated 2 times: [ Failed password for root from 61.160.213.190 port 48370 ssh2]
Apr 11 15:44:52 ovzhost sshd[887]: Received disconnect from 61.160.213.190: 11:  [preauth]
Apr 11 15:44:52 ovzhost sshd[887]: PAM 2 more authentication failures; logname= uid=0 euid=0 tty=ssh ruser= rhost=61.160.213.190  user=root
Apr 11 15:44:53 ovzhost sshd[889]: pam_unix(sshd:auth): authentication failure; logname= uid=0 euid=0 tty=ssh ruser= rhost=61.160.213.190  user=root
Apr 11 15:44:55 ovzhost sshd[889]: Failed password for root from 61.160.213.190 port 42303 ssh2
Apr 11 15:44:59 ovzhost sshd[889]: message repeated 2 times: [ Failed password for root from 61.160.213.190 port 42303 ssh2]
Apr 11 15:45:00 ovzhost sshd[889]: Received disconnect from 61.160.213.190: 11:  [preauth]
Apr 11 15:45:00 ovzhost sshd[889]: PAM 2 more authentication failures; logname= uid=0 euid=0 tty=ssh ruser= rhost=61.160.213.190  user=root
Apr 11 15:45:02 ovzhost sshd[891]: pam_unix(sshd:auth): authentication failure; logname= uid=0 euid=0 tty=ssh ruser= rhost=61.160.213.190  user=root
Apr 11 15:45:04 ovzhost sshd[891]: Failed password for root from 61.160.213.190 port 33508 ssh2
Apr 11 15:45:08 ovzhost sshd[891]: message repeated 2 times: [ Failed password for root from 61.160.213.190 port 33508 ssh2]
Apr 11 15:45:08 ovzhost sshd[891]: Received disconnect from 61.160.213.190: 11:  [preauth]
Apr 11 15:45:08 ovzhost sshd[891]: PAM 2 more authentication failures; logname= uid=0 euid=0 tty=ssh ruser= rhost=61.160.213.190  user=root
Apr 11 15:45:10 ovzhost sshd[894]: pam_unix(sshd:auth): authentication failure; logname= uid=0 euid=0 tty=ssh ruser= rhost=61.160.213.190  user=root
Apr 11 15:45:12 ovzhost sshd[894]: Failed password for root from 61.160.213.190 port 54860 ssh2
Apr 11 15:45:16 ovzhost sshd[894]: message repeated 2 times: [ Failed password for root from 61.160.213.190 port 54860 ssh2]
Apr 11 15:45:16 ovzhost sshd[894]: Received disconnect from 61.160.213.190: 11:  [preauth]
Apr 11 15:45:16 ovzhost sshd[894]: PAM 2 more authentication failures; logname= uid=0 euid=0 tty=ssh ruser= rhost=61.160.213.190  user=root
Apr 11 15:45:18 ovzhost sshd[896]: pam_unix(sshd:auth): authentication failure; logname= uid=0 euid=0 tty=ssh ruser= rhost=61.160.213.190  user=root
Apr 11 15:45:20 ovzhost sshd[896]: Failed password for root from 61.160.213.190 port 44918 ssh2
Apr 11 15:45:24 ovzhost sshd[896]: message repeated 2 times: [ Failed password for root from 61.160.213.190 port 44918 ssh2]
Apr 11 15:45:24 ovzhost sshd[896]: Received disconnect from 61.160.213.190: 11:  [preauth]
Apr 11 15:45:24 ovzhost sshd[896]: PAM 2 more authentication failures; logname= uid=0 euid=0 tty=ssh ruser= rhost=61.160.213.190  user=root
Apr 11 15:45:26 ovzhost sshd[898]: pam_unix(sshd:auth): authentication failure; logname= uid=0 euid=0 tty=ssh ruser= rhost=61.160.213.190  user=root
Apr 11 15:45:28 ovzhost sshd[898]: Failed password for root from 61.160.213.190 port 35698 ssh2
Apr 11 15:45:32 ovzhost sshd[898]: message repeated 2 times: [ Failed password for root from 61.160.213.190 port 35698 ssh2]
Apr 11 15:45:32 ovzhost sshd[898]: Received disconnect from 61.160.213.190: 11:  [preauth]
Apr 11 15:45:32 ovzhost sshd[898]: PAM 2 more authentication failures; logname= uid=0 euid=0 tty=ssh ruser= rhost=61.160.213.190  user=root
Apr 11 15:45:34 ovzhost sshd[900]: pam_unix(sshd:auth): authentication failure; logname= uid=0 euid=0 tty=ssh ruser= rhost=61.160.213.190  user=root
Apr 11 15:45:36 ovzhost sshd[900]: Failed password for root from 61.160.213.190 port 54722 ssh2
Apr 11 15:45:40 ovzhost sshd[900]: message repeated 2 times: [ Failed password for root from 61.160.213.190 port 54722 ssh2]
Apr 11 15:45:40 ovzhost sshd[900]: Received disconnect from 61.160.213.190: 11:  [preauth]
Apr 11 15:45:40 ovzhost sshd[900]: PAM 2 more authentication failures; logname= uid=0 euid=0 tty=ssh ruser= rhost=61.160.213.190  user=root
Apr 11 15:45:42 ovzhost sshd[902]: pam_unix(sshd:auth): authentication failure; logname= uid=0 euid=0 tty=ssh ruser= rhost=61.160.213.190  user=root
Apr 11 15:45:43 ovzhost sshd[902]: Failed password for root from 61.160.213.190 port 45341 ssh2
Apr 11 15:45:47 ovzhost sshd[902]: message repeated 2 times: [ Failed password for root from 61.160.213.190 port 45341 ssh2]
Apr 11 15:45:48 ovzhost sshd[902]: Received disconnect from 61.160.213.190: 11:  [preauth]
Apr 11 15:45:48 ovzhost sshd[902]: PAM 2 more authentication failures; logname= uid=0 euid=0 tty=ssh ruser= rhost=61.160.213.190  user=root
Apr 11 15:45:49 ovzhost sshd[904]: pam_unix(sshd:auth): authentication failure; logname= uid=0 euid=0 tty=ssh ruser= rhost=61.160.213.190  user=root
Apr 11 15:45:51 ovzhost sshd[904]: Failed password for root from 61.160.213.190 port 35313 ssh2
Apr 11 15:45:55 ovzhost sshd[904]: message repeated 2 times: [ Failed password for root from 61.160.213.190 port 35313 ssh2]
Apr 11 15:45:55 ovzhost sshd[904]: Received disconnect from 61.160.213.190: 11:  [preauth]
Apr 11 15:45:55 ovzhost sshd[904]: PAM 2 more authentication failures; logname= uid=0 euid=0 tty=ssh ruser= rhost=61.160.213.190  user=root
Apr 11 15:46:08 ovzhost sshd[909]: Connection closed by 127.0.0.1 [preauth]
Apr 11 15:50:38 ovzhost sshd[930]: Connection closed by 128.8.37.120 [preauth]
Apr 11 15:51:08 ovzhost sshd[935]: Connection closed by 127.0.0.1 [preauth]
Apr 11 15:51:36 ovzhost sshd[937]: pam_unix(sshd:auth): authentication failure; logname= uid=0 euid=0 tty=ssh ruser= rhost=43.255.190.186  user=root
Apr 11 15:51:38 ovzhost sshd[939]: pam_unix(sshd:auth): authentication failure; logname= uid=0 euid=0 tty=ssh ruser= rhost=43.255.190.152  user=root
Apr 11 15:51:39 ovzhost sshd[937]: Failed password for root from 43.255.190.186 port 39405 ssh2
Apr 11 15:51:40 ovzhost sshd[939]: Failed password for root from 43.255.190.152 port 52710 ssh2
Apr 11 15:51:42 ovzhost sshd[937]: message repeated 2 times: [ Failed password for root from 43.255.190.186 port 39405 ssh2]
Apr 11 15:51:42 ovzhost sshd[937]: Received disconnect from 43.255.190.186: 11:  [preauth]
Apr 11 15:51:42 ovzhost sshd[937]: PAM 2 more authentication failures; logname= uid=0 euid=0 tty=ssh ruser= rhost=43.255.190.186  user=root
Apr 11 15:51:43 ovzhost sshd[943]: pam_unix(sshd:auth): authentication failure; logname= uid=0 euid=0 tty=ssh ruser= rhost=43.255.190.186  user=root
Apr 11 15:51:43 ovzhost sshd[939]: message repeated 2 times: [ Failed password for root from 43.255.190.152 port 52710 ssh2]
Apr 11 15:51:43 ovzhost sshd[939]: Received disconnect from 43.255.190.152: 11:  [preauth]
Apr 11 15:51:43 ovzhost sshd[939]: PAM 2 more authentication failures; logname= uid=0 euid=0 tty=ssh ruser= rhost=43.255.190.152  user=root
Apr 11 15:51:44 ovzhost sshd[947]: pam_unix(sshd:auth): authentication failure; logname= uid=0 euid=0 tty=ssh ruser= rhost=43.255.190.152  user=root
Apr 11 15:51:44 ovzhost sshd[943]: Failed password for root from 43.255.190.186 port 55434 ssh2
Apr 11 15:51:45 ovzhost sshd[947]: Failed password for root from 43.255.190.152 port 39313 ssh2
Apr 11 15:51:47 ovzhost sshd[943]: message repeated 2 times: [ Failed password for root from 43.255.190.186 port 55434 ssh2]
Apr 11 15:51:47 ovzhost sshd[943]: Received disconnect from 43.255.190.186: 11:  [preauth]
Apr 11 15:51:47 ovzhost sshd[943]: PAM 2 more authentication failures; logname= uid=0 euid=0 tty=ssh ruser= rhost=43.255.190.186  user=root
Apr 11 15:51:48 ovzhost sshd[949]: pam_unix(sshd:auth): authentication failure; logname= uid=0 euid=0 tty=ssh ruser= rhost=43.255.190.186  user=root
Apr 11 15:51:49 ovzhost sshd[947]: message repeated 2 times: [ Failed password for root from 43.255.190.152 port 39313 ssh2]
Apr 11 15:51:49 ovzhost sshd[947]: Received disconnect from 43.255.190.152: 11:  [preauth]
Apr 11 15:51:49 ovzhost sshd[947]: PAM 2 more authentication failures; logname= uid=0 euid=0 tty=ssh ruser= rhost=43.255.190.152  user=root
Apr 11 15:51:50 ovzhost sshd[951]: pam_unix(sshd:auth): authentication failure; logname= uid=0 euid=0 tty=ssh ruser= rhost=43.255.190.152  user=root
Apr 11 15:51:50 ovzhost sshd[949]: Failed password for root from 43.255.190.186 port 40429 ssh2
Apr 11 15:51:52 ovzhost sshd[951]: Failed password for root from 43.255.190.152 port 55315 ssh2
Apr 11 15:51:54 ovzhost sshd[949]: message repeated 2 times: [ Failed password for root from 43.255.190.186 port 40429 ssh2]
Apr 11 15:51:54 ovzhost sshd[949]: Received disconnect from 43.255.190.186: 11:  [preauth]
Apr 11 15:51:54 ovzhost sshd[949]: PAM 2 more authentication failures; logname= uid=0 euid=0 tty=ssh ruser= rhost=43.255.190.186  user=root
Apr 11 15:51:55 ovzhost sshd[953]: pam_unix(sshd:auth): authentication failure; logname= uid=0 euid=0 tty=ssh ruser= rhost=43.255.190.186  user=root
Apr 11 15:51:56 ovzhost sshd[951]: message repeated 2 times: [ Failed password for root from 43.255.190.152 port 55315 ssh2]
Apr 11 15:51:56 ovzhost sshd[951]: Received disconnect from 43.255.190.152: 11:  [preauth]
Apr 11 15:51:56 ovzhost sshd[951]: PAM 2 more authentication failures; logname= uid=0 euid=0 tty=ssh ruser= rhost=43.255.190.152  user=root
Apr 11 15:51:56 ovzhost sshd[953]: Failed password for root from 43.255.190.186 port 56290 ssh2
Apr 11 15:51:56 ovzhost sshd[955]: pam_unix(sshd:auth): authentication failure; logname= uid=0 euid=0 tty=ssh ruser= rhost=43.255.190.152  user=root
Apr 11 15:51:58 ovzhost sshd[955]: Failed password for root from 43.255.190.152 port 43252 ssh2
Apr 11 15:52:00 ovzhost sshd[953]: message repeated 2 times: [ Failed password for root from 43.255.190.186 port 56290 ssh2]
Apr 11 15:52:00 ovzhost sshd[953]: Received disconnect from 43.255.190.186: 11:  [preauth]
Apr 11 15:52:00 ovzhost sshd[953]: PAM 2 more authentication failures; logname= uid=0 euid=0 tty=ssh ruser= rhost=43.255.190.186  user=root
Apr 11 15:52:00 ovzhost sshd[957]: pam_unix(sshd:auth): authentication failure; logname= uid=0 euid=0 tty=ssh ruser= rhost=43.255.190.186  user=root
Apr 11 15:52:02 ovzhost sshd[955]: message repeated 2 times: [ Failed password for root from 43.255.190.152 port 43252 ssh2]
Apr 11 15:52:02 ovzhost sshd[955]: Received disconnect from 43.255.190.152: 11:  [preauth]
Apr 11 15:52:02 ovzhost sshd[955]: PAM 2 more authentication failures; logname= uid=0 euid=0 tty=ssh ruser= rhost=43.255.190.152  user=root
Apr 11 15:52:02 ovzhost sshd[957]: Failed password for root from 43.255.190.186 port 42183 ssh2
Apr 11 15:52:03 ovzhost sshd[959]: pam_unix(sshd:auth): authentication failure; logname= uid=0 euid=0 tty=ssh ruser= rhost=43.255.190.152  user=root
Apr 11 15:52:04 ovzhost sshd[959]: Failed password for root from 43.255.190.152 port 60019 ssh2
Apr 11 15:52:06 ovzhost sshd[957]: message repeated 2 times: [ Failed password for root from 43.255.190.186 port 42183 ssh2]
Apr 11 15:52:06 ovzhost sshd[957]: Received disconnect from 43.255.190.186: 11:  [preauth]
Apr 11 15:52:06 ovzhost sshd[957]: PAM 2 more authentication failures; logname= uid=0 euid=0 tty=ssh ruser= rhost=43.255.190.186  user=root
Apr 11 15:52:06 ovzhost sshd[962]: pam_unix(sshd:auth): authentication failure; logname= uid=0 euid=0 tty=ssh ruser= rhost=43.255.190.186  user=root
Apr 11 15:52:08 ovzhost sshd[962]: Failed password for root from 43.255.190.186 port 57187 ssh2
Apr 11 15:52:08 ovzhost sshd[959]: message repeated 2 times: [ Failed password for root from 43.255.190.152 port 60019 ssh2]
Apr 11 15:52:08 ovzhost sshd[959]: Received disconnect from 43.255.190.152: 11:  [preauth]
Apr 11 15:52:08 ovzhost sshd[959]: PAM 2 more authentication failures; logname= uid=0 euid=0 tty=ssh ruser= rhost=43.255.190.152  user=root
Apr 11 15:52:09 ovzhost sshd[964]: pam_unix(sshd:auth): authentication failure; logname= uid=0 euid=0 tty=ssh ruser= rhost=43.255.190.152  user=root
Apr 11 15:52:11 ovzhost sshd[964]: Failed password for root from 43.255.190.152 port 48025 ssh2
Apr 11 15:52:12 ovzhost sshd[962]: message repeated 2 times: [ Failed password for root from 43.255.190.186 port 57187 ssh2]
Apr 11 15:52:12 ovzhost sshd[962]: Received disconnect from 43.255.190.186: 11:  [preauth]
Apr 11 15:52:12 ovzhost sshd[962]: PAM 2 more authentication failures; logname= uid=0 euid=0 tty=ssh ruser= rhost=43.255.190.186  user=root
Apr 11 15:52:13 ovzhost sshd[966]: pam_unix(sshd:auth): authentication failure; logname= uid=0 euid=0 tty=ssh ruser= rhost=43.255.190.186  user=root
Apr 11 15:52:14 ovzhost sshd[966]: Failed password for root from 43.255.190.186 port 44382 ssh2
Apr 11 15:52:15 ovzhost sshd[964]: message repeated 2 times: [ Failed password for root from 43.255.190.152 port 48025 ssh2]
Apr 11 15:52:15 ovzhost sshd[964]: Received disconnect from 43.255.190.152: 11:  [preauth]
Apr 11 15:52:15 ovzhost sshd[964]: PAM 2 more authentication failures; logname= uid=0 euid=0 tty=ssh ruser= rhost=43.255.190.152  user=root
Apr 11 15:52:15 ovzhost sshd[968]: pam_unix(sshd:auth): authentication failure; logname= uid=0 euid=0 tty=ssh ruser= rhost=43.255.190.152  user=root
Apr 11 15:52:17 ovzhost sshd[968]: Failed password for root from 43.255.190.152 port 35537 ssh2
Apr 11 15:52:18 ovzhost sshd[966]: message repeated 2 times: [ Failed password for root from 43.255.190.186 port 44382 ssh2]
Apr 11 15:52:18 ovzhost sshd[966]: Received disconnect from 43.255.190.186: 11:  [preauth]
Apr 11 15:52:18 ovzhost sshd[966]: PAM 2 more authentication failures; logname= uid=0 euid=0 tty=ssh ruser= rhost=43.255.190.186  user=root
Apr 11 15:52:18 ovzhost sshd[970]: pam_unix(sshd:auth): authentication failure; logname= uid=0 euid=0 tty=ssh ruser= rhost=43.255.190.186  user=root
Apr 11 15:52:20 ovzhost sshd[970]: Failed password for root from 43.255.190.186 port 57955 ssh2
Apr 11 15:52:21 ovzhost sshd[968]: message repeated 2 times: [ Failed password for root from 43.255.190.152 port 35537 ssh2]
Apr 11 15:52:21 ovzhost sshd[968]: Received disconnect from 43.255.190.152: 11:  [preauth]
Apr 11 15:52:21 ovzhost sshd[968]: PAM 2 more authentication failures; logname= uid=0 euid=0 tty=ssh ruser= rhost=43.255.190.152  user=root
Apr 11 15:52:21 ovzhost sshd[973]: pam_unix(sshd:auth): authentication failure; logname= uid=0 euid=0 tty=ssh ruser= rhost=43.255.190.152  user=root
Apr 11 15:52:23 ovzhost sshd[973]: Failed password for root from 43.255.190.152 port 51772 ssh2
Apr 11 15:52:24 ovzhost sshd[970]: message repeated 2 times: [ Failed password for root from 43.255.190.186 port 57955 ssh2]
Apr 11 15:52:24 ovzhost sshd[970]: Received disconnect from 43.255.190.186: 11:  [preauth]
Apr 11 15:52:24 ovzhost sshd[970]: PAM 2 more authentication failures; logname= uid=0 euid=0 tty=ssh ruser= rhost=43.255.190.186  user=root
Apr 11 15:52:25 ovzhost sshd[975]: pam_unix(sshd:auth): authentication failure; logname= uid=0 euid=0 tty=ssh ruser= rhost=43.255.190.186  user=root
Apr 11 15:52:26 ovzhost sshd[975]: Failed password for root from 43.255.190.186 port 44571 ssh2
Apr 11 15:52:27 ovzhost sshd[973]: message repeated 2 times: [ Failed password for root from 43.255.190.152 port 51772 ssh2]
Apr 11 15:52:27 ovzhost sshd[973]: Received disconnect from 43.255.190.152: 11:  [preauth]
Apr 11 15:52:27 ovzhost sshd[973]: PAM 2 more authentication failures; logname= uid=0 euid=0 tty=ssh ruser= rhost=43.255.190.152  user=root
Apr 11 15:52:27 ovzhost sshd[977]: pam_unix(sshd:auth): authentication failure; logname= uid=0 euid=0 tty=ssh ruser= rhost=43.255.190.152  user=root
Apr 11 15:52:29 ovzhost sshd[977]: Failed password for root from 43.255.190.152 port 38629 ssh2
Apr 11 15:52:30 ovzhost sshd[975]: message repeated 2 times: [ Failed password for root from 43.255.190.186 port 44571 ssh2]
Apr 11 15:52:30 ovzhost sshd[975]: Received disconnect from 43.255.190.186: 11:  [preauth]
Apr 11 15:52:30 ovzhost sshd[975]: PAM 2 more authentication failures; logname= uid=0 euid=0 tty=ssh ruser= rhost=43.255.190.186  user=root
Apr 11 15:52:30 ovzhost sshd[979]: pam_unix(sshd:auth): authentication failure; logname= uid=0 euid=0 tty=ssh ruser= rhost=43.255.190.186  user=root
Apr 11 15:52:32 ovzhost sshd[979]: Failed password for root from 43.255.190.186 port 59482 ssh2
Apr 11 15:52:33 ovzhost sshd[977]: message repeated 2 times: [ Failed password for root from 43.255.190.152 port 38629 ssh2]
Apr 11 15:52:33 ovzhost sshd[977]: Received disconnect from 43.255.190.152: 11:  [preauth]
Apr 11 15:52:33 ovzhost sshd[977]: PAM 2 more authentication failures; logname= uid=0 euid=0 tty=ssh ruser= rhost=43.255.190.152  user=root
Apr 11 15:52:34 ovzhost sshd[981]: pam_unix(sshd:auth): authentication failure; logname= uid=0 euid=0 tty=ssh ruser= rhost=43.255.190.152  user=root
Apr 11 15:52:36 ovzhost sshd[979]: message repeated 2 times: [ Failed password for root from 43.255.190.186 port 59482 ssh2]
Apr 11 15:52:36 ovzhost sshd[979]: Received disconnect from 43.255.190.186: 11:  [preauth]
Apr 11 15:52:36 ovzhost sshd[979]: PAM 2 more authentication failures; logname= uid=0 euid=0 tty=ssh ruser= rhost=43.255.190.186  user=root
Apr 11 15:52:36 ovzhost sshd[981]: Failed password for root from 43.255.190.152 port 55271 ssh2
Apr 11 15:52:37 ovzhost sshd[985]: pam_unix(sshd:auth): authentication failure; logname= uid=0 euid=0 tty=ssh ruser= rhost=43.255.190.186  user=root
Apr 11 15:52:38 ovzhost sshd[985]: Failed password for root from 43.255.190.186 port 47776 ssh2
Apr 11 15:52:41 ovzhost sshd[981]: message repeated 2 times: [ Failed password for root from 43.255.190.152 port 55271 ssh2]
Apr 11 15:52:41 ovzhost sshd[981]: Received disconnect from 43.255.190.152: 11:  [preauth]
Apr 11 15:52:41 ovzhost sshd[981]: PAM 2 more authentication failures; logname= uid=0 euid=0 tty=ssh ruser= rhost=43.255.190.152  user=root
Apr 11 15:52:41 ovzhost sshd[987]: pam_unix(sshd:auth): authentication failure; logname= uid=0 euid=0 tty=ssh ruser= rhost=43.255.190.152  user=root
Apr 11 15:52:42 ovzhost sshd[985]: message repeated 2 times: [ Failed password for root from 43.255.190.186 port 47776 ssh2]
Apr 11 15:52:42 ovzhost sshd[985]: Received disconnect from 43.255.190.186: 11:  [preauth]
Apr 11 15:52:42 ovzhost sshd[985]: PAM 2 more authentication failures; logname= uid=0 euid=0 tty=ssh ruser= rhost=43.255.190.186  user=root
Apr 11 15:52:42 ovzhost sshd[989]: pam_unix(sshd:auth): authentication failure; logname= uid=0 euid=0 tty=ssh ruser= rhost=43.255.190.186  user=root
Apr 11 15:52:43 ovzhost sshd[987]: Failed password for root from 43.255.190.152 port 45430 ssh2
Apr 11 15:52:44 ovzhost sshd[989]: Failed password for root from 43.255.190.186 port 34324 ssh2
Apr 11 15:52:48 ovzhost sshd[987]: message repeated 2 times: [ Failed password for root from 43.255.190.152 port 45430 ssh2]
Apr 11 15:52:48 ovzhost sshd[987]: Received disconnect from 43.255.190.152: 11:  [preauth]
Apr 11 15:52:48 ovzhost sshd[987]: PAM 2 more authentication failures; logname= uid=0 euid=0 tty=ssh ruser= rhost=43.255.190.152  user=root
Apr 11 15:52:49 ovzhost sshd[991]: pam_unix(sshd:auth): authentication failure; logname= uid=0 euid=0 tty=ssh ruser= rhost=43.255.190.152  user=root
Apr 11 15:52:49 ovzhost sshd[989]: message repeated 2 times: [ Failed password for root from 43.255.190.186 port 34324 ssh2]
Apr 11 15:52:49 ovzhost sshd[989]: Received disconnect from 43.255.190.186: 11:  [preauth]
Apr 11 15:52:49 ovzhost sshd[989]: PAM 2 more authentication failures; logname= uid=0 euid=0 tty=ssh ruser= rhost=43.255.190.186  user=root
Apr 11 15:52:49 ovzhost sshd[993]: pam_unix(sshd:auth): authentication failure; logname= uid=0 euid=0 tty=ssh ruser= rhost=43.255.190.186  user=root
Apr 11 15:52:51 ovzhost sshd[991]: Failed password for root from 43.255.190.152 port 34400 ssh2
Apr 11 15:52:51 ovzhost sshd[993]: Failed password for root from 43.255.190.186 port 50489 ssh2
Apr 11 15:52:54 ovzhost sshd[991]: message repeated 2 times: [ Failed password for root from 43.255.190.152 port 34400 ssh2]
Apr 11 15:52:54 ovzhost sshd[991]: Received disconnect from 43.255.190.152: 11:  [preauth]
Apr 11 15:52:54 ovzhost sshd[991]: PAM 2 more authentication failures; logname= uid=0 euid=0 tty=ssh ruser= rhost=43.255.190.152  user=root
Apr 11 15:52:55 ovzhost sshd[995]: pam_unix(sshd:auth): authentication failure; logname= uid=0 euid=0 tty=ssh ruser= rhost=43.255.190.152  user=root
Apr 11 15:52:55 ovzhost sshd[993]: message repeated 2 times: [ Failed password for root from 43.255.190.186 port 50489 ssh2]
Apr 11 15:52:55 ovzhost sshd[993]: Received disconnect from 43.255.190.186: 11:  [preauth]
Apr 11 15:52:55 ovzhost sshd[993]: PAM 2 more authentication failures; logname= uid=0 euid=0 tty=ssh ruser= rhost=43.255.190.186  user=root
Apr 11 15:52:56 ovzhost sshd[997]: pam_unix(sshd:auth): authentication failure; logname= uid=0 euid=0 tty=ssh ruser= rhost=43.255.190.186  user=root
Apr 11 15:52:57 ovzhost sshd[997]: Failed password for root from 43.255.190.186 port 37855 ssh2
Apr 11 15:52:58 ovzhost sshd[995]: Failed password for root from 43.255.190.152 port 50523 ssh2
Apr 11 15:53:01 ovzhost sshd[997]: message repeated 2 times: [ Failed password for root from 43.255.190.186 port 37855 ssh2]
Apr 11 15:53:01 ovzhost sshd[997]: Received disconnect from 43.255.190.186: 11:  [preauth]
Apr 11 15:53:01 ovzhost sshd[997]: PAM 2 more authentication failures; logname= uid=0 euid=0 tty=ssh ruser= rhost=43.255.190.186  user=root
Apr 11 15:53:02 ovzhost sshd[999]: pam_unix(sshd:auth): authentication failure; logname= uid=0 euid=0 tty=ssh ruser= rhost=43.255.190.186  user=root
Apr 11 15:53:02 ovzhost sshd[995]: message repeated 2 times: [ Failed password for root from 43.255.190.152 port 50523 ssh2]
Apr 11 15:53:02 ovzhost sshd[995]: Received disconnect from 43.255.190.152: 11:  [preauth]
Apr 11 15:53:02 ovzhost sshd[995]: PAM 2 more authentication failures; logname= uid=0 euid=0 tty=ssh ruser= rhost=43.255.190.152  user=root
Apr 11 15:53:03 ovzhost sshd[1001]: pam_unix(sshd:auth): authentication failure; logname= uid=0 euid=0 tty=ssh ruser= rhost=43.255.190.152  user=root
Apr 11 15:53:04 ovzhost sshd[999]: Failed password for root from 43.255.190.186 port 52854 ssh2
Apr 11 15:53:05 ovzhost sshd[1001]: Failed password for root from 43.255.190.152 port 43068 ssh2
Apr 11 15:53:08 ovzhost sshd[999]: message repeated 2 times: [ Failed password for root from 43.255.190.186 port 52854 ssh2]
Apr 11 15:53:08 ovzhost sshd[999]: Received disconnect from 43.255.190.186: 11:  [preauth]
Apr 11 15:53:08 ovzhost sshd[999]: PAM 2 more authentication failures; logname= uid=0 euid=0 tty=ssh ruser= rhost=43.255.190.186  user=root
Apr 11 15:53:09 ovzhost sshd[1004]: pam_unix(sshd:auth): authentication failure; logname= uid=0 euid=0 tty=ssh ruser= rhost=43.255.190.186  user=root
Apr 11 15:53:09 ovzhost sshd[1001]: message repeated 2 times: [ Failed password for root from 43.255.190.152 port 43068 ssh2]
Apr 11 15:53:09 ovzhost sshd[1001]: Received disconnect from 43.255.190.152: 11:  [preauth]
Apr 11 15:53:09 ovzhost sshd[1001]: PAM 2 more authentication failures; logname= uid=0 euid=0 tty=ssh ruser= rhost=43.255.190.152  user=root
Apr 11 15:53:10 ovzhost sshd[1006]: pam_unix(sshd:auth): authentication failure; logname= uid=0 euid=0 tty=ssh ruser= rhost=43.255.190.152  user=root
Apr 11 15:53:11 ovzhost sshd[1004]: Failed password for root from 43.255.190.186 port 40834 ssh2
Apr 11 15:53:12 ovzhost sshd[1006]: Failed password for root from 43.255.190.152 port 33385 ssh2
Apr 11 15:53:15 ovzhost sshd[1004]: message repeated 2 times: [ Failed password for root from 43.255.190.186 port 40834 ssh2]
Apr 11 15:53:15 ovzhost sshd[1004]: Received disconnect from 43.255.190.186: 11:  [preauth]
Apr 11 15:53:15 ovzhost sshd[1004]: PAM 2 more authentication failures; logname= uid=0 euid=0 tty=ssh ruser= rhost=43.255.190.186  user=root
Apr 11 15:53:16 ovzhost sshd[1010]: pam_unix(sshd:auth): authentication failure; logname= uid=0 euid=0 tty=ssh ruser= rhost=43.255.190.186  user=root
Apr 11 15:53:16 ovzhost sshd[1006]: message repeated 2 times: [ Failed password for root from 43.255.190.152 port 33385 ssh2]
Apr 11 15:53:16 ovzhost sshd[1006]: Received disconnect from 43.255.190.152: 11:  [preauth]
Apr 11 15:53:16 ovzhost sshd[1006]: PAM 2 more authentication failures; logname= uid=0 euid=0 tty=ssh ruser= rhost=43.255.190.152  user=root
Apr 11 15:53:17 ovzhost sshd[1012]: pam_unix(sshd:auth): authentication failure; logname= uid=0 euid=0 tty=ssh ruser= rhost=43.255.190.152  user=root
Apr 11 15:53:18 ovzhost sshd[1010]: Failed password for root from 43.255.190.186 port 57187 ssh2
Apr 11 15:53:18 ovzhost sshd[1012]: Failed password for root from 43.255.190.152 port 50417 ssh2
Apr 11 15:53:22 ovzhost sshd[1010]: message repeated 2 times: [ Failed password for root from 43.255.190.186 port 57187 ssh2]
Apr 11 15:53:22 ovzhost sshd[1010]: Received disconnect from 43.255.190.186: 11:  [preauth]
Apr 11 15:53:22 ovzhost sshd[1010]: PAM 2 more authentication failures; logname= uid=0 euid=0 tty=ssh ruser= rhost=43.255.190.186  user=root
Apr 11 15:53:22 ovzhost sshd[1014]: pam_unix(sshd:auth): authentication failure; logname= uid=0 euid=0 tty=ssh ruser= rhost=43.255.190.186  user=root
Apr 11 15:53:23 ovzhost sshd[1012]: message repeated 2 times: [ Failed password for root from 43.255.190.152 port 50417 ssh2]
Apr 11 15:53:23 ovzhost sshd[1012]: Received disconnect from 43.255.190.152: 11:  [preauth]
Apr 11 15:53:23 ovzhost sshd[1012]: PAM 2 more authentication failures; logname= uid=0 euid=0 tty=ssh ruser= rhost=43.255.190.152  user=root
Apr 11 15:53:24 ovzhost sshd[1016]: pam_unix(sshd:auth): authentication failure; logname= uid=0 euid=0 tty=ssh ruser= rhost=43.255.190.152  user=root
Apr 11 15:53:25 ovzhost sshd[1014]: Failed password for root from 43.255.190.186 port 44047 ssh2
Apr 11 15:53:26 ovzhost sshd[1016]: Failed password for root from 43.255.190.152 port 39743 ssh2
Apr 11 15:53:29 ovzhost sshd[1014]: message repeated 2 times: [ Failed password for root from 43.255.190.186 port 44047 ssh2]
Apr 11 15:53:29 ovzhost sshd[1014]: Received disconnect from 43.255.190.186: 11:  [preauth]
Apr 11 15:53:29 ovzhost sshd[1014]: PAM 2 more authentication failures; logname= uid=0 euid=0 tty=ssh ruser= rhost=43.255.190.186  user=root
Apr 11 15:53:29 ovzhost sshd[1018]: pam_unix(sshd:auth): authentication failure; logname= uid=0 euid=0 tty=ssh ruser= rhost=43.255.190.186  user=root
Apr 11 15:53:30 ovzhost sshd[1016]: message repeated 2 times: [ Failed password for root from 43.255.190.152 port 39743 ssh2]
Apr 11 15:53:30 ovzhost sshd[1016]: Received disconnect from 43.255.190.152: 11:  [preauth]
Apr 11 15:53:30 ovzhost sshd[1016]: PAM 2 more authentication failures; logname= uid=0 euid=0 tty=ssh ruser= rhost=43.255.190.152  user=root
Apr 11 15:53:31 ovzhost sshd[1020]: pam_unix(sshd:auth): authentication failure; logname= uid=0 euid=0 tty=ssh ruser= rhost=43.255.190.152  user=root
Apr 11 15:53:31 ovzhost sshd[1018]: Failed password for root from 43.255.190.186 port 60084 ssh2
Apr 11 15:53:33 ovzhost sshd[1020]: Failed password for root from 43.255.190.152 port 56031 ssh2
Apr 11 15:53:35 ovzhost sshd[1018]: message repeated 2 times: [ Failed password for root from 43.255.190.186 port 60084 ssh2]
Apr 11 15:53:36 ovzhost sshd[1018]: Received disconnect from 43.255.190.186: 11:  [preauth]
Apr 11 15:53:36 ovzhost sshd[1018]: PAM 2 more authentication failures; logname= uid=0 euid=0 tty=ssh ruser= rhost=43.255.190.186  user=root
Apr 11 15:53:36 ovzhost sshd[1022]: pam_unix(sshd:auth): authentication failure; logname= uid=0 euid=0 tty=ssh ruser= rhost=43.255.190.186  user=root
Apr 11 15:53:37 ovzhost sshd[1020]: message repeated 2 times: [ Failed password for root from 43.255.190.152 port 56031 ssh2]
Apr 11 15:53:37 ovzhost sshd[1020]: Received disconnect from 43.255.190.152: 11:  [preauth]
Apr 11 15:53:37 ovzhost sshd[1020]: PAM 2 more authentication failures; logname= uid=0 euid=0 tty=ssh ruser= rhost=43.255.190.152  user=root
Apr 11 15:53:38 ovzhost sshd[1024]: pam_unix(sshd:auth): authentication failure; logname= uid=0 euid=0 tty=ssh ruser= rhost=43.255.190.152  user=root
Apr 11 15:53:38 ovzhost sshd[1022]: Failed password for root from 43.255.190.186 port 47168 ssh2
Apr 11 15:53:40 ovzhost sshd[1024]: Failed password for root from 43.255.190.152 port 44799 ssh2
Apr 11 15:53:42 ovzhost sshd[1022]: message repeated 2 times: [ Failed password for root from 43.255.190.186 port 47168 ssh2]
Apr 11 15:53:42 ovzhost sshd[1022]: Received disconnect from 43.255.190.186: 11:  [preauth]
Apr 11 15:53:42 ovzhost sshd[1022]: PAM 2 more authentication failures; logname= uid=0 euid=0 tty=ssh ruser= rhost=43.255.190.186  user=root
Apr 11 15:53:43 ovzhost sshd[1026]: pam_unix(sshd:auth): authentication failure; logname= uid=0 euid=0 tty=ssh ruser= rhost=43.255.190.186  user=root
Apr 11 15:53:44 ovzhost sshd[1024]: message repeated 2 times: [ Failed password for root from 43.255.190.152 port 44799 ssh2]
Apr 11 15:53:45 ovzhost sshd[1024]: Received disconnect from 43.255.190.152: 11:  [preauth]
Apr 11 15:53:45 ovzhost sshd[1024]: PAM 2 more authentication failures; logname= uid=0 euid=0 tty=ssh ruser= rhost=43.255.190.152  user=root
Apr 11 15:53:45 ovzhost sshd[1028]: pam_unix(sshd:auth): authentication failure; logname= uid=0 euid=0 tty=ssh ruser= rhost=43.255.190.152  user=root
Apr 11 15:53:45 ovzhost sshd[1026]: Failed password for root from 43.255.190.186 port 34550 ssh2
Apr 11 15:53:47 ovzhost sshd[1028]: Failed password for root from 43.255.190.152 port 33366 ssh2
Apr 11 15:53:50 ovzhost sshd[1026]: message repeated 2 times: [ Failed password for root from 43.255.190.186 port 34550 ssh2]
Apr 11 15:53:50 ovzhost sshd[1026]: Received disconnect from 43.255.190.186: 11:  [preauth]
Apr 11 15:53:50 ovzhost sshd[1026]: PAM 2 more authentication failures; logname= uid=0 euid=0 tty=ssh ruser= rhost=43.255.190.186  user=root
Apr 11 15:53:50 ovzhost sshd[1030]: pam_unix(sshd:auth): authentication failure; logname= uid=0 euid=0 tty=ssh ruser= rhost=43.255.190.186  user=root
Apr 11 15:53:51 ovzhost sshd[1028]: message repeated 2 times: [ Failed password for root from 43.255.190.152 port 33366 ssh2]
Apr 11 15:53:51 ovzhost sshd[1028]: Received disconnect from 43.255.190.152: 11:  [preauth]
Apr 11 15:53:51 ovzhost sshd[1028]: PAM 2 more authentication failures; logname= uid=0 euid=0 tty=ssh ruser= rhost=43.255.190.152  user=root
Apr 11 15:53:52 ovzhost sshd[1032]: pam_unix(sshd:auth): authentication failure; logname= uid=0 euid=0 tty=ssh ruser= rhost=43.255.190.152  user=root
Apr 11 15:53:52 ovzhost sshd[1030]: Failed password for root from 43.255.190.186 port 51475 ssh2
Apr 11 15:53:54 ovzhost sshd[1032]: Failed password for root from 43.255.190.152 port 49308 ssh2
Apr 11 15:53:57 ovzhost sshd[1030]: message repeated 2 times: [ Failed password for root from 43.255.190.186 port 51475 ssh2]
Apr 11 15:53:57 ovzhost sshd[1030]: Received disconnect from 43.255.190.186: 11:  [preauth]
Apr 11 15:53:57 ovzhost sshd[1030]: PAM 2 more authentication failures; logname= uid=0 euid=0 tty=ssh ruser= rhost=43.255.190.186  user=root
Apr 11 15:53:57 ovzhost sshd[1034]: pam_unix(sshd:auth): authentication failure; logname= uid=0 euid=0 tty=ssh ruser= rhost=43.255.190.186  user=root
Apr 11 15:53:59 ovzhost sshd[1032]: message repeated 2 times: [ Failed password for root from 43.255.190.152 port 49308 ssh2]
Apr 11 15:53:59 ovzhost sshd[1032]: Received disconnect from 43.255.190.152: 11:  [preauth]
Apr 11 15:53:59 ovzhost sshd[1032]: PAM 2 more authentication failures; logname= uid=0 euid=0 tty=ssh ruser= rhost=43.255.190.152  user=root
Apr 11 15:53:59 ovzhost sshd[1036]: pam_unix(sshd:auth): authentication failure; logname= uid=0 euid=0 tty=ssh ruser= rhost=43.255.190.152  user=root
Apr 11 15:53:59 ovzhost sshd[1034]: Failed password for root from 43.255.190.186 port 38807 ssh2
Apr 11 15:54:02 ovzhost sshd[1036]: Failed password for root from 43.255.190.152 port 38417 ssh2
Apr 11 15:54:04 ovzhost sshd[1034]: message repeated 2 times: [ Failed password for root from 43.255.190.186 port 38807 ssh2]
Apr 11 15:54:04 ovzhost sshd[1034]: Received disconnect from 43.255.190.186: 11:  [preauth]
Apr 11 15:54:04 ovzhost sshd[1034]: PAM 2 more authentication failures; logname= uid=0 euid=0 tty=ssh ruser= rhost=43.255.190.186  user=root
Apr 11 15:54:04 ovzhost sshd[1038]: pam_unix(sshd:auth): authentication failure; logname= uid=0 euid=0 tty=ssh ruser= rhost=43.255.190.186  user=root
Apr 11 15:54:06 ovzhost sshd[1036]: message repeated 2 times: [ Failed password for root from 43.255.190.152 port 38417 ssh2]
Apr 11 15:54:06 ovzhost sshd[1036]: Received disconnect from 43.255.190.152: 11:  [preauth]
Apr 11 15:54:06 ovzhost sshd[1036]: PAM 2 more authentication failures; logname= uid=0 euid=0 tty=ssh ruser= rhost=43.255.190.152  user=root
Apr 11 15:54:07 ovzhost sshd[1042]: pam_unix(sshd:auth): authentication failure; logname= uid=0 euid=0 tty=ssh ruser= rhost=43.255.190.152  user=root
Apr 11 15:54:07 ovzhost sshd[1038]: Failed password for root from 43.255.190.186 port 55072 ssh2
Apr 11 15:54:09 ovzhost sshd[1042]: Failed password for root from 43.255.190.152 port 55072 ssh2
Apr 11 15:54:11 ovzhost sshd[1038]: message repeated 2 times: [ Failed password for root from 43.255.190.186 port 55072 ssh2]
Apr 11 15:54:11 ovzhost sshd[1038]: Received disconnect from 43.255.190.186: 11:  [preauth]
Apr 11 15:54:11 ovzhost sshd[1038]: PAM 2 more authentication failures; logname= uid=0 euid=0 tty=ssh ruser= rhost=43.255.190.186  user=root
Apr 11 15:54:11 ovzhost sshd[1044]: pam_unix(sshd:auth): authentication failure; logname= uid=0 euid=0 tty=ssh ruser= rhost=43.255.190.186  user=root
Apr 11 15:54:12 ovzhost sshd[1042]: message repeated 2 times: [ Failed password for root from 43.255.190.152 port 55072 ssh2]
Apr 11 15:54:12 ovzhost sshd[1042]: Received disconnect from 43.255.190.152: 11:  [preauth]
Apr 11 15:54:12 ovzhost sshd[1042]: PAM 2 more authentication failures; logname= uid=0 euid=0 tty=ssh ruser= rhost=43.255.190.152  user=root
Apr 11 15:54:13 ovzhost sshd[1046]: pam_unix(sshd:auth): authentication failure; logname= uid=0 euid=0 tty=ssh ruser= rhost=43.255.190.152  user=root
Apr 11 15:54:14 ovzhost sshd[1044]: Failed password for root from 43.255.190.186 port 42145 ssh2
Apr 11 15:54:16 ovzhost sshd[1046]: Failed password for root from 43.255.190.152 port 42416 ssh2
Apr 11 15:54:18 ovzhost sshd[1044]: message repeated 2 times: [ Failed password for root from 43.255.190.186 port 42145 ssh2]
Apr 11 15:54:18 ovzhost sshd[1044]: Received disconnect from 43.255.190.186: 11:  [preauth]
Apr 11 15:54:18 ovzhost sshd[1044]: PAM 2 more authentication failures; logname= uid=0 euid=0 tty=ssh ruser= rhost=43.255.190.186  user=root
Apr 11 15:54:18 ovzhost sshd[1048]: pam_unix(sshd:auth): authentication failure; logname= uid=0 euid=0 tty=ssh ruser= rhost=43.255.190.186  user=root
Apr 11 15:54:20 ovzhost sshd[1046]: message repeated 2 times: [ Failed password for root from 43.255.190.152 port 42416 ssh2]
Apr 11 15:54:20 ovzhost sshd[1046]: Received disconnect from 43.255.190.152: 11:  [preauth]
Apr 11 15:54:20 ovzhost sshd[1046]: PAM 2 more authentication failures; logname= uid=0 euid=0 tty=ssh ruser= rhost=43.255.190.152  user=root
Apr 11 15:54:20 ovzhost sshd[1048]: Failed password for root from 43.255.190.186 port 56934 ssh2
Apr 11 15:54:21 ovzhost sshd[1050]: pam_unix(sshd:auth): authentication failure; logname= uid=0 euid=0 tty=ssh ruser= rhost=43.255.190.152  user=root
Apr 11 15:54:22 ovzhost sshd[1050]: Failed password for root from 43.255.190.152 port 59133 ssh2
Apr 11 15:54:24 ovzhost sshd[1048]: message repeated 2 times: [ Failed password for root from 43.255.190.186 port 56934 ssh2]
Apr 11 15:54:24 ovzhost sshd[1048]: Received disconnect from 43.255.190.186: 11:  [preauth]
Apr 11 15:54:24 ovzhost sshd[1048]: PAM 2 more authentication failures; logname= uid=0 euid=0 tty=ssh ruser= rhost=43.255.190.186  user=root
Apr 11 15:54:25 ovzhost sshd[1052]: pam_unix(sshd:auth): authentication failure; logname= uid=0 euid=0 tty=ssh ruser= rhost=43.255.190.186  user=root
Apr 11 15:54:27 ovzhost sshd[1050]: message repeated 2 times: [ Failed password for root from 43.255.190.152 port 59133 ssh2]
Apr 11 15:54:27 ovzhost sshd[1050]: Received disconnect from 43.255.190.152: 11:  [preauth]
Apr 11 15:54:27 ovzhost sshd[1050]: PAM 2 more authentication failures; logname= uid=0 euid=0 tty=ssh ruser= rhost=43.255.190.152  user=root
Apr 11 15:54:27 ovzhost sshd[1052]: Failed password for root from 43.255.190.186 port 44162 ssh2
Apr 11 15:54:27 ovzhost sshd[1054]: pam_unix(sshd:auth): authentication failure; logname= uid=0 euid=0 tty=ssh ruser= rhost=43.255.190.152  user=root
Apr 11 15:54:30 ovzhost sshd[1054]: Failed password for root from 43.255.190.152 port 45987 ssh2
Apr 11 15:54:32 ovzhost sshd[1052]: message repeated 2 times: [ Failed password for root from 43.255.190.186 port 44162 ssh2]
Apr 11 15:54:32 ovzhost sshd[1052]: Received disconnect from 43.255.190.186: 11:  [preauth]
Apr 11 15:54:32 ovzhost sshd[1052]: PAM 2 more authentication failures; logname= uid=0 euid=0 tty=ssh ruser= rhost=43.255.190.186  user=root
Apr 11 15:54:32 ovzhost sshd[1056]: pam_unix(sshd:auth): authentication failure; logname= uid=0 euid=0 tty=ssh ruser= rhost=43.255.190.186  user=root
Apr 11 15:54:34 ovzhost sshd[1054]: message repeated 2 times: [ Failed password for root from 43.255.190.152 port 45987 ssh2]
Apr 11 15:54:34 ovzhost sshd[1054]: Received disconnect from 43.255.190.152: 11:  [preauth]
Apr 11 15:54:34 ovzhost sshd[1054]: PAM 2 more authentication failures; logname= uid=0 euid=0 tty=ssh ruser= rhost=43.255.190.152  user=root
Apr 11 15:54:34 ovzhost sshd[1056]: Failed password for root from 43.255.190.186 port 60136 ssh2
Apr 11 15:54:34 ovzhost sshd[1058]: pam_unix(sshd:auth): authentication failure; logname= uid=0 euid=0 tty=ssh ruser= rhost=43.255.190.152  user=root
Apr 11 15:54:36 ovzhost sshd[1058]: Failed password for root from 43.255.190.152 port 33079 ssh2
Apr 11 15:54:39 ovzhost sshd[1056]: message repeated 2 times: [ Failed password for root from 43.255.190.186 port 60136 ssh2]
Apr 11 15:54:39 ovzhost sshd[1056]: Received disconnect from 43.255.190.186: 11:  [preauth]
Apr 11 15:54:39 ovzhost sshd[1056]: PAM 2 more authentication failures; logname= uid=0 euid=0 tty=ssh ruser= rhost=43.255.190.186  user=root
Apr 11 15:54:39 ovzhost sshd[1060]: pam_unix(sshd:auth): authentication failure; logname= uid=0 euid=0 tty=ssh ruser= rhost=43.255.190.186  user=root
Apr 11 15:54:41 ovzhost sshd[1058]: message repeated 2 times: [ Failed password for root from 43.255.190.152 port 33079 ssh2]
Apr 11 15:54:41 ovzhost sshd[1058]: Received disconnect from 43.255.190.152: 11:  [preauth]
Apr 11 15:54:41 ovzhost sshd[1058]: PAM 2 more authentication failures; logname= uid=0 euid=0 tty=ssh ruser= rhost=43.255.190.152  user=root
Apr 11 15:54:42 ovzhost sshd[1060]: Failed password for root from 43.255.190.186 port 47671 ssh2
Apr 11 15:54:42 ovzhost sshd[1062]: pam_unix(sshd:auth): authentication failure; logname= uid=0 euid=0 tty=ssh ruser= rhost=43.255.190.152  user=root
Apr 11 15:54:44 ovzhost sshd[1062]: Failed password for root from 43.255.190.152 port 49422 ssh2
Apr 11 15:54:45 ovzhost sshd[1060]: message repeated 2 times: [ Failed password for root from 43.255.190.186 port 47671 ssh2]
Apr 11 15:54:45 ovzhost sshd[1060]: Received disconnect from 43.255.190.186: 11:  [preauth]
Apr 11 15:54:45 ovzhost sshd[1060]: PAM 2 more authentication failures; logname= uid=0 euid=0 tty=ssh ruser= rhost=43.255.190.186  user=root
