Apr 11 15:59:27 ovzhost sshd[1248]: message repeated 2 times: [ Failed password for root from 43.255.190.186 port 50338 ssh2]
Apr 11 15:59:28 ovzhost sshd[1248]: Received disconnect from 43.255.190.186: 11:  [preauth]
Apr 11 15:59:28 ovzhost sshd[1248]: PAM 2 more authentication failures; logname= uid=0 euid=0 tty=ssh ruser= rhost=43.255.190.186  user=root
Apr 11 15:59:28 ovzhost sshd[1250]: Failed password for root from 43.255.190.152 port 52073 ssh2
Apr 11 15:59:28 ovzhost sshd[1252]: pam_unix(sshd:auth): authentication failure; logname= uid=0 euid=0 tty=ssh ruser= rhost=43.255.190.186  user=root
Apr 11 15:59:30 ovzhost sshd[1252]: Failed password for root from 43.255.190.186 port 36780 ssh2
Apr 11 15:59:32 ovzhost sshd[1250]: message repeated 2 times: [ Failed password for root from 43.255.190.152 port 52073 ssh2]
Apr 11 15:59:32 ovzhost sshd[1250]: Received disconnect from 43.255.190.152: 11:  [preauth]
Apr 11 15:59:32 ovzhost sshd[1250]: PAM 2 more authentication failures; logname= uid=0 euid=0 tty=ssh ruser= rhost=43.255.190.152  user=root
Apr 11 15:59:33 ovzhost sshd[1254]: pam_unix(sshd:auth): authentication failure; logname= uid=0 euid=0 tty=ssh ruser= rhost=43.255.190.152  user=root
Apr 11 15:59:34 ovzhost sshd[1252]: message repeated 2 times: [ Failed password for root from 43.255.190.186 port 36780 ssh2]
Apr 11 15:59:34 ovzhost sshd[1252]: Received disconnect from 43.255.190.186: 11:  [preauth]
Apr 11 15:59:34 ovzhost sshd[1252]: PAM 2 more authentication failures; logname= uid=0 euid=0 tty=ssh ruser= rhost=43.255.190.186  user=root
Apr 11 15:59:34 ovzhost sshd[1254]: Failed password for root from 43.255.190.152 port 38727 ssh2
Apr 11 15:59:34 ovzhost sshd[1256]: pam_unix(sshd:auth): authentication failure; logname= uid=0 euid=0 tty=ssh ruser= rhost=43.255.190.186  user=root
Apr 11 15:59:36 ovzhost sshd[1256]: Failed password for root from 43.255.190.186 port 51148 ssh2
Apr 11 15:59:38 ovzhost sshd[1254]: message repeated 2 times: [ Failed password for root from 43.255.190.152 port 38727 ssh2]
Apr 11 15:59:38 ovzhost sshd[1254]: Received disconnect from 43.255.190.152: 11:  [preauth]
Apr 11 15:59:38 ovzhost sshd[1254]: PAM 2 more authentication failures; logname= uid=0 euid=0 tty=ssh ruser= rhost=43.255.190.152  user=root
Apr 11 15:59:39 ovzhost sshd[1259]: pam_unix(sshd:auth): authentication failure; logname= uid=0 euid=0 tty=ssh ruser= rhost=43.255.190.152  user=root
Apr 11 15:59:40 ovzhost sshd[1256]: message repeated 2 times: [ Failed password for root from 43.255.190.186 port 51148 ssh2]
Apr 11 15:59:40 ovzhost sshd[1256]: Received disconnect from 43.255.190.186: 11:  [preauth]
Apr 11 15:59:40 ovzhost sshd[1256]: PAM 2 more authentication failures; logname= uid=0 euid=0 tty=ssh ruser= rhost=43.255.190.186  user=root
Apr 11 15:59:41 ovzhost sshd[1259]: Failed password for root from 43.255.190.152 port 53243 ssh2
Apr 11 15:59:41 ovzhost sshd[1261]: pam_unix(sshd:auth): authentication failure; logname= uid=0 euid=0 tty=ssh ruser= rhost=43.255.190.186  user=root
Apr 11 15:59:42 ovzhost sshd[1261]: Failed password for root from 43.255.190.186 port 37435 ssh2
Apr 11 15:59:44 ovzhost sshd[1259]: message repeated 2 times: [ Failed password for root from 43.255.190.152 port 53243 ssh2]
Apr 11 15:59:45 ovzhost sshd[1259]: Received disconnect from 43.255.190.152: 11:  [preauth]
Apr 11 15:59:45 ovzhost sshd[1259]: PAM 2 more authentication failures; logname= uid=0 euid=0 tty=ssh ruser= rhost=43.255.190.152  user=root
Apr 11 15:59:45 ovzhost sshd[1263]: pam_unix(sshd:auth): authentication failure; logname= uid=0 euid=0 tty=ssh ruser= rhost=43.255.190.152  user=root
Apr 11 15:59:47 ovzhost sshd[1263]: Failed password for root from 43.255.190.152 port 38966 ssh2
Apr 11 15:59:47 ovzhost sshd[1261]: message repeated 2 times: [ Failed password for root from 43.255.190.186 port 37435 ssh2]
Apr 11 15:59:47 ovzhost sshd[1261]: Received disconnect from 43.255.190.186: 11:  [preauth]
Apr 11 15:59:47 ovzhost sshd[1261]: PAM 2 more authentication failures; logname= uid=0 euid=0 tty=ssh ruser= rhost=43.255.190.186  user=root
Apr 11 15:59:48 ovzhost sshd[1265]: pam_unix(sshd:auth): authentication failure; logname= uid=0 euid=0 tty=ssh ruser= rhost=43.255.190.186  user=root
Apr 11 15:59:50 ovzhost sshd[1265]: Failed password for root from 43.255.190.186 port 53401 ssh2
Apr 11 15:59:52 ovzhost sshd[1263]: message repeated 2 times: [ Failed password for root from 43.255.190.152 port 38966 ssh2]
Apr 11 15:59:52 ovzhost sshd[1263]: Received disconnect from 43.255.190.152: 11:  [preauth]
Apr 11 15:59:52 ovzhost sshd[1263]: PAM 2 more authentication failures; logname= uid=0 euid=0 tty=ssh ruser= rhost=43.255.190.152  user=root
Apr 11 15:59:52 ovzhost sshd[1267]: pam_unix(sshd:auth): authentication failure; logname= uid=0 euid=0 tty=ssh ruser= rhost=43.255.190.152  user=root
Apr 11 15:59:54 ovzhost sshd[1265]: message repeated 2 times: [ Failed password for root from 43.255.190.186 port 53401 ssh2]
Apr 11 15:59:54 ovzhost sshd[1265]: Received disconnect from 43.255.190.186: 11:  [preauth]
Apr 11 15:59:54 ovzhost sshd[1265]: PAM 2 more authentication failures; logname= uid=0 euid=0 tty=ssh ruser= rhost=43.255.190.186  user=root
Apr 11 15:59:54 ovzhost sshd[1267]: Failed password for root from 43.255.190.152 port 54823 ssh2
Apr 11 15:59:55 ovzhost sshd[1269]: pam_unix(sshd:auth): authentication failure; logname= uid=0 euid=0 tty=ssh ruser= rhost=43.255.190.186  user=root
Apr 11 15:59:57 ovzhost sshd[1269]: Failed password for root from 43.255.190.186 port 41358 ssh2
Apr 11 15:59:59 ovzhost sshd[1267]: message repeated 2 times: [ Failed password for root from 43.255.190.152 port 54823 ssh2]
Apr 11 15:59:59 ovzhost sshd[1267]: Received disconnect from 43.255.190.152: 11:  [preauth]
Apr 11 15:59:59 ovzhost sshd[1267]: PAM 2 more authentication failures; logname= uid=0 euid=0 tty=ssh ruser= rhost=43.255.190.152  user=root
Apr 11 16:00:01 ovzhost CRON[1271]: pam_env(cron:session): Unable to open env file: /etc/default/locale: No such file or directory
Apr 11 16:00:01 ovzhost CRON[1271]: pam_unix(cron:session): session opened for user smmsp by (uid=0)
Apr 11 16:00:01 ovzhost CRON[1271]: pam_unix(cron:session): session closed for user smmsp
Apr 11 16:00:01 ovzhost sshd[1269]: message repeated 2 times: [ Failed password for root from 43.255.190.186 port 41358 ssh2]
Apr 11 16:00:01 ovzhost sshd[1269]: Received disconnect from 43.255.190.186: 11:  [preauth]
Apr 11 16:00:01 ovzhost sshd[1269]: PAM 2 more authentication failures; logname= uid=0 euid=0 tty=ssh ruser= rhost=43.255.190.186  user=root
Apr 11 16:00:38 ovzhost sshd[1298]: Connection closed by 128.8.37.120 [preauth]
Apr 11 16:01:08 ovzhost sshd[1303]: Connection closed by 127.0.0.1 [preauth]
Apr 11 16:06:08 ovzhost sshd[1320]: Connection closed by 127.0.0.1 [preauth]
Apr 11 16:09:01 ovzhost CRON[1338]: pam_env(cron:session): Unable to open env file: /etc/default/locale: No such file or directory
Apr 11 16:09:01 ovzhost CRON[1338]: pam_unix(cron:session): session opened for user root by (uid=0)
Apr 11 16:09:01 ovzhost CRON[1339]: pam_env(cron:session): Unable to open env file: /etc/default/locale: No such file or directory
Apr 11 16:09:01 ovzhost CRON[1339]: pam_unix(cron:session): session opened for user root by (uid=0)
Apr 11 16:09:01 ovzhost CRON[1338]: pam_unix(cron:session): session closed for user root
Apr 11 16:09:01 ovzhost CRON[1339]: pam_unix(cron:session): session closed for user root
Apr 11 16:10:29 ovzhost sshd[1356]: pam_unix(sshd:auth): authentication failure; logname= uid=0 euid=0 tty=ssh ruser= rhost=221.229.166.30  user=root
Apr 11 16:10:31 ovzhost sshd[1356]: Failed password for root from 221.229.166.30 port 41015 ssh2
Apr 11 16:10:35 ovzhost sshd[1356]: message repeated 2 times: [ Failed password for root from 221.229.166.30 port 41015 ssh2]
Apr 11 16:10:35 ovzhost sshd[1356]: Received disconnect from 221.229.166.30: 11:  [preauth]
Apr 11 16:10:35 ovzhost sshd[1356]: PAM 2 more authentication failures; logname= uid=0 euid=0 tty=ssh ruser= rhost=221.229.166.30  user=root
Apr 11 16:10:37 ovzhost sshd[1358]: pam_unix(sshd:auth): authentication failure; logname= uid=0 euid=0 tty=ssh ruser= rhost=221.229.166.30  user=root
Apr 11 16:10:38 ovzhost sshd[1361]: Connection closed by 128.8.37.120 [preauth]
Apr 11 16:10:39 ovzhost sshd[1358]: Failed password for root from 221.229.166.30 port 58670 ssh2
Apr 11 16:10:43 ovzhost sshd[1358]: message repeated 2 times: [ Failed password for root from 221.229.166.30 port 58670 ssh2]
Apr 11 16:10:43 ovzhost sshd[1358]: Received disconnect from 221.229.166.30: 11:  [preauth]
Apr 11 16:10:43 ovzhost sshd[1358]: PAM 2 more authentication failures; logname= uid=0 euid=0 tty=ssh ruser= rhost=221.229.166.30  user=root
Apr 11 16:10:45 ovzhost sshd[1363]: pam_unix(sshd:auth): authentication failure; logname= uid=0 euid=0 tty=ssh ruser= rhost=221.229.166.30  user=root
Apr 11 16:10:46 ovzhost sshd[1363]: Failed password for root from 221.229.166.30 port 49789 ssh2
Apr 11 16:10:50 ovzhost sshd[1363]: message repeated 2 times: [ Failed password for root from 221.229.166.30 port 49789 ssh2]
Apr 11 16:10:50 ovzhost sshd[1363]: Received disconnect from 221.229.166.30: 11:  [preauth]
Apr 11 16:10:50 ovzhost sshd[1363]: PAM 2 more authentication failures; logname= uid=0 euid=0 tty=ssh ruser= rhost=221.229.166.30  user=root
Apr 11 16:10:52 ovzhost sshd[1365]: pam_unix(sshd:auth): authentication failure; logname= uid=0 euid=0 tty=ssh ruser= rhost=221.229.166.30  user=root
Apr 11 16:10:54 ovzhost sshd[1365]: Failed password for root from 221.229.166.30 port 39566 ssh2
Apr 11 16:10:58 ovzhost sshd[1365]: message repeated 2 times: [ Failed password for root from 221.229.166.30 port 39566 ssh2]
Apr 11 16:10:58 ovzhost sshd[1365]: Received disconnect from 221.229.166.30: 11:  [preauth]
Apr 11 16:10:58 ovzhost sshd[1365]: PAM 2 more authentication failures; logname= uid=0 euid=0 tty=ssh ruser= rhost=221.229.166.30  user=root
Apr 11 16:11:00 ovzhost sshd[1367]: pam_unix(sshd:auth): authentication failure; logname= uid=0 euid=0 tty=ssh ruser= rhost=221.229.166.30  user=root
Apr 11 16:11:02 ovzhost sshd[1367]: Failed password for root from 221.229.166.30 port 56932 ssh2
Apr 11 16:11:06 ovzhost sshd[1367]: message repeated 2 times: [ Failed password for root from 221.229.166.30 port 56932 ssh2]
Apr 11 16:11:06 ovzhost sshd[1367]: Received disconnect from 221.229.166.30: 11:  [preauth]
Apr 11 16:11:06 ovzhost sshd[1367]: PAM 2 more authentication failures; logname= uid=0 euid=0 tty=ssh ruser= rhost=221.229.166.30  user=root
Apr 11 16:11:07 ovzhost sshd[1369]: pam_unix(sshd:auth): authentication failure; logname= uid=0 euid=0 tty=ssh ruser= rhost=221.229.166.30  user=root
Apr 11 16:11:08 ovzhost sshd[1372]: Connection closed by 127.0.0.1 [preauth]
Apr 11 16:11:10 ovzhost sshd[1369]: Failed password for root from 221.229.166.30 port 47017 ssh2
Apr 11 16:11:14 ovzhost sshd[1369]: message repeated 2 times: [ Failed password for root from 221.229.166.30 port 47017 ssh2]
Apr 11 16:11:14 ovzhost sshd[1369]: Received disconnect from 221.229.166.30: 11:  [preauth]
Apr 11 16:11:14 ovzhost sshd[1369]: PAM 2 more authentication failures; logname= uid=0 euid=0 tty=ssh ruser= rhost=221.229.166.30  user=root
Apr 11 16:11:16 ovzhost sshd[1374]: pam_unix(sshd:auth): authentication failure; logname= uid=0 euid=0 tty=ssh ruser= rhost=221.229.166.30  user=root
Apr 11 16:11:17 ovzhost sshd[1374]: Failed password for root from 221.229.166.30 port 38088 ssh2
Apr 11 16:11:21 ovzhost sshd[1374]: message repeated 2 times: [ Failed password for root from 221.229.166.30 port 38088 ssh2]
Apr 11 16:11:22 ovzhost sshd[1374]: Received disconnect from 221.229.166.30: 11:  [preauth]
Apr 11 16:11:22 ovzhost sshd[1374]: PAM 2 more authentication failures; logname= uid=0 euid=0 tty=ssh ruser= rhost=221.229.166.30  user=root
Apr 11 16:13:12 ovzhost sshd[1386]: Accepted password for root from 188.241.229.86 port 16348 ssh2
Apr 11 16:13:12 ovzhost sshd[1386]: pam_unix(sshd:session): session opened for user root by (uid=0)
Apr 11 16:13:12 ovzhost sshd[1386]: pam_env(sshd:session): Unable to open env file: /etc/default/locale: No such file or directory
Apr 11 16:13:51 ovzhost passwd[1441]: pam_unix(passwd:chauthtok): password changed for root
Apr 11 16:13:54 ovzhost sshd[1386]: pam_unix(sshd:session): session closed for user root
