Apr 12 02:57:27 ovzhost sshd[1073]: pam_unix(sshd:auth): authentication failure; logname= uid=0 euid=0 tty=ssh ruser= rhost=43.255.190.169  user=root
Apr 12 02:57:29 ovzhost sshd[1073]: Failed password for root from 43.255.190.169 port 36983 ssh2
Apr 12 02:57:33 ovzhost sshd[1073]: message repeated 2 times: [ Failed password for root from 43.255.190.169 port 36983 ssh2]
Apr 12 02:57:33 ovzhost sshd[1073]: Received disconnect from 43.255.190.169: 11:  [preauth]
Apr 12 02:57:33 ovzhost sshd[1073]: PAM 2 more authentication failures; logname= uid=0 euid=0 tty=ssh ruser= rhost=43.255.190.169  user=root
Apr 12 02:57:34 ovzhost sshd[1075]: pam_unix(sshd:auth): authentication failure; logname= uid=0 euid=0 tty=ssh ruser= rhost=43.255.190.169  user=root
Apr 12 02:57:36 ovzhost sshd[1075]: Failed password for root from 43.255.190.169 port 54730 ssh2
Apr 12 02:57:41 ovzhost sshd[1075]: message repeated 2 times: [ Failed password for root from 43.255.190.169 port 54730 ssh2]
Apr 12 02:57:41 ovzhost sshd[1075]: Received disconnect from 43.255.190.169: 11:  [preauth]
Apr 12 02:57:41 ovzhost sshd[1075]: PAM 2 more authentication failures; logname= uid=0 euid=0 tty=ssh ruser= rhost=43.255.190.169  user=root
Apr 12 02:57:42 ovzhost sshd[1078]: pam_unix(sshd:auth): authentication failure; logname= uid=0 euid=0 tty=ssh ruser= rhost=43.255.190.169  user=root
Apr 12 02:57:44 ovzhost sshd[1078]: Failed password for root from 43.255.190.169 port 46258 ssh2
Apr 12 02:57:48 ovzhost sshd[1078]: message repeated 2 times: [ Failed password for root from 43.255.190.169 port 46258 ssh2]
Apr 12 02:57:48 ovzhost sshd[1078]: Received disconnect from 43.255.190.169: 11:  [preauth]
Apr 12 02:57:48 ovzhost sshd[1078]: PAM 2 more authentication failures; logname= uid=0 euid=0 tty=ssh ruser= rhost=43.255.190.169  user=root
Apr 12 02:57:48 ovzhost sshd[1080]: pam_unix(sshd:auth): authentication failure; logname= uid=0 euid=0 tty=ssh ruser= rhost=43.255.190.169  user=root
Apr 12 02:57:51 ovzhost sshd[1080]: Failed password for root from 43.255.190.169 port 35798 ssh2
Apr 12 02:57:55 ovzhost sshd[1080]: message repeated 2 times: [ Failed password for root from 43.255.190.169 port 35798 ssh2]
Apr 12 02:57:55 ovzhost sshd[1080]: Received disconnect from 43.255.190.169: 11:  [preauth]
Apr 12 02:57:55 ovzhost sshd[1080]: PAM 2 more authentication failures; logname= uid=0 euid=0 tty=ssh ruser= rhost=43.255.190.169  user=root
Apr 12 02:57:56 ovzhost sshd[1082]: pam_unix(sshd:auth): authentication failure; logname= uid=0 euid=0 tty=ssh ruser= rhost=43.255.190.169  user=root
Apr 12 02:57:57 ovzhost sshd[1082]: Failed password for root from 43.255.190.169 port 56143 ssh2
Apr 12 02:58:02 ovzhost sshd[1082]: message repeated 2 times: [ Failed password for root from 43.255.190.169 port 56143 ssh2]
Apr 12 02:58:02 ovzhost sshd[1082]: Received disconnect from 43.255.190.169: 11:  [preauth]
Apr 12 02:58:02 ovzhost sshd[1082]: PAM 2 more authentication failures; logname= uid=0 euid=0 tty=ssh ruser= rhost=43.255.190.169  user=root
Apr 12 02:58:02 ovzhost sshd[1084]: pam_unix(sshd:auth): authentication failure; logname= uid=0 euid=0 tty=ssh ruser= rhost=43.255.190.169  user=root
Apr 12 02:58:04 ovzhost sshd[1084]: Failed password for root from 43.255.190.169 port 45728 ssh2
Apr 12 02:58:09 ovzhost sshd[1084]: message repeated 2 times: [ Failed password for root from 43.255.190.169 port 45728 ssh2]
Apr 12 02:58:09 ovzhost sshd[1084]: Received disconnect from 43.255.190.169: 11:  [preauth]
Apr 12 02:58:09 ovzhost sshd[1084]: PAM 2 more authentication failures; logname= uid=0 euid=0 tty=ssh ruser= rhost=43.255.190.169  user=root
Apr 12 02:58:09 ovzhost sshd[1087]: pam_unix(sshd:auth): authentication failure; logname= uid=0 euid=0 tty=ssh ruser= rhost=43.255.190.169  user=root
Apr 12 02:58:11 ovzhost sshd[1087]: Failed password for root from 43.255.190.169 port 37023 ssh2
Apr 12 02:58:16 ovzhost sshd[1087]: message repeated 2 times: [ Failed password for root from 43.255.190.169 port 37023 ssh2]
Apr 12 02:58:16 ovzhost sshd[1087]: Received disconnect from 43.255.190.169: 11:  [preauth]
Apr 12 02:58:16 ovzhost sshd[1087]: PAM 2 more authentication failures; logname= uid=0 euid=0 tty=ssh ruser= rhost=43.255.190.169  user=root
Apr 12 02:58:17 ovzhost sshd[1089]: pam_unix(sshd:auth): authentication failure; logname= uid=0 euid=0 tty=ssh ruser= rhost=43.255.190.169  user=root
Apr 12 02:58:19 ovzhost sshd[1089]: Failed password for root from 43.255.190.169 port 56953 ssh2
Apr 12 02:58:23 ovzhost sshd[1089]: message repeated 2 times: [ Failed password for root from 43.255.190.169 port 56953 ssh2]
Apr 12 02:58:24 ovzhost sshd[1089]: Received disconnect from 43.255.190.169: 11:  [preauth]
Apr 12 02:58:24 ovzhost sshd[1089]: PAM 2 more authentication failures; logname= uid=0 euid=0 tty=ssh ruser= rhost=43.255.190.169  user=root
Apr 12 02:58:24 ovzhost sshd[1093]: pam_unix(sshd:auth): authentication failure; logname= uid=0 euid=0 tty=ssh ruser= rhost=43.255.190.169  user=root
Apr 12 02:58:26 ovzhost sshd[1093]: Failed password for root from 43.255.190.169 port 49943 ssh2
Apr 12 02:58:30 ovzhost sshd[1093]: message repeated 2 times: [ Failed password for root from 43.255.190.169 port 49943 ssh2]
Apr 12 02:58:30 ovzhost sshd[1093]: Received disconnect from 43.255.190.169: 11:  [preauth]
Apr 12 02:58:30 ovzhost sshd[1093]: PAM 2 more authentication failures; logname= uid=0 euid=0 tty=ssh ruser= rhost=43.255.190.169  user=root
Apr 12 02:58:31 ovzhost sshd[1095]: pam_unix(sshd:auth): authentication failure; logname= uid=0 euid=0 tty=ssh ruser= rhost=43.255.190.169  user=root
Apr 12 02:58:33 ovzhost sshd[1095]: Failed password for root from 43.255.190.169 port 40903 ssh2
Apr 12 02:58:38 ovzhost sshd[1095]: message repeated 2 times: [ Failed password for root from 43.255.190.169 port 40903 ssh2]
Apr 12 02:58:38 ovzhost sshd[1095]: Received disconnect from 43.255.190.169: 11:  [preauth]
Apr 12 02:58:38 ovzhost sshd[1095]: PAM 2 more authentication failures; logname= uid=0 euid=0 tty=ssh ruser= rhost=43.255.190.169  user=root
Apr 12 02:58:38 ovzhost sshd[1099]: pam_unix(sshd:auth): authentication failure; logname= uid=0 euid=0 tty=ssh ruser= rhost=43.255.190.169  user=root
Apr 12 02:58:40 ovzhost sshd[1099]: Failed password for root from 43.255.190.169 port 34984 ssh2
Apr 12 02:58:44 ovzhost sshd[1099]: message repeated 2 times: [ Failed password for root from 43.255.190.169 port 34984 ssh2]
Apr 12 02:58:44 ovzhost sshd[1099]: Received disconnect from 43.255.190.169: 11:  [preauth]
Apr 12 02:58:44 ovzhost sshd[1099]: PAM 2 more authentication failures; logname= uid=0 euid=0 tty=ssh ruser= rhost=43.255.190.169  user=root
Apr 12 02:58:45 ovzhost sshd[1101]: pam_unix(sshd:auth): authentication failure; logname= uid=0 euid=0 tty=ssh ruser= rhost=43.255.190.169  user=root
Apr 12 02:58:47 ovzhost sshd[1101]: Failed password for root from 43.255.190.169 port 55114 ssh2
Apr 12 02:58:51 ovzhost sshd[1101]: message repeated 2 times: [ Failed password for root from 43.255.190.169 port 55114 ssh2]
Apr 12 02:58:51 ovzhost sshd[1101]: Received disconnect from 43.255.190.169: 11:  [preauth]
Apr 12 02:58:51 ovzhost sshd[1101]: PAM 2 more authentication failures; logname= uid=0 euid=0 tty=ssh ruser= rhost=43.255.190.169  user=root
Apr 12 02:58:52 ovzhost sshd[1103]: pam_unix(sshd:auth): authentication failure; logname= uid=0 euid=0 tty=ssh ruser= rhost=43.255.190.169  user=root
Apr 12 02:58:54 ovzhost sshd[1103]: Failed password for root from 43.255.190.169 port 48206 ssh2
Apr 12 02:58:58 ovzhost sshd[1103]: message repeated 2 times: [ Failed password for root from 43.255.190.169 port 48206 ssh2]
Apr 12 02:58:58 ovzhost sshd[1103]: Received disconnect from 43.255.190.169: 11:  [preauth]
Apr 12 02:58:58 ovzhost sshd[1103]: PAM 2 more authentication failures; logname= uid=0 euid=0 tty=ssh ruser= rhost=43.255.190.169  user=root
Apr 12 02:58:59 ovzhost sshd[1105]: pam_unix(sshd:auth): authentication failure; logname= uid=0 euid=0 tty=ssh ruser= rhost=43.255.190.169  user=root
Apr 12 02:59:01 ovzhost sshd[1105]: Failed password for root from 43.255.190.169 port 39867 ssh2
Apr 12 02:59:06 ovzhost sshd[1105]: message repeated 2 times: [ Failed password for root from 43.255.190.169 port 39867 ssh2]
Apr 12 02:59:06 ovzhost sshd[1105]: Received disconnect from 43.255.190.169: 11:  [preauth]
Apr 12 02:59:06 ovzhost sshd[1105]: PAM 2 more authentication failures; logname= uid=0 euid=0 tty=ssh ruser= rhost=43.255.190.169  user=root
Apr 12 02:59:06 ovzhost sshd[1107]: pam_unix(sshd:auth): authentication failure; logname= uid=0 euid=0 tty=ssh ruser= rhost=43.255.190.169  user=root
Apr 12 02:59:08 ovzhost sshd[1107]: Failed password for root from 43.255.190.169 port 34468 ssh2
Apr 12 02:59:13 ovzhost sshd[1107]: message repeated 2 times: [ Failed password for root from 43.255.190.169 port 34468 ssh2]
Apr 12 02:59:13 ovzhost sshd[1107]: Received disconnect from 43.255.190.169: 11:  [preauth]
Apr 12 02:59:13 ovzhost sshd[1107]: PAM 2 more authentication failures; logname= uid=0 euid=0 tty=ssh ruser= rhost=43.255.190.169  user=root
Apr 12 03:00:01 ovzhost CRON[1115]: pam_env(cron:session): Unable to open env file: /etc/default/locale: No such file or directory
Apr 12 03:00:01 ovzhost CRON[1115]: pam_unix(cron:session): session opened for user smmsp by (uid=0)
Apr 12 03:00:01 ovzhost CRON[1115]: pam_unix(cron:session): session closed for user smmsp
Apr 12 03:00:40 ovzhost sshd[1143]: Connection closed by 128.8.37.120 [preauth]
Apr 12 03:02:21 ovzhost sshd[1153]: Connection closed by 127.0.0.1 [preauth]
Apr 12 03:07:21 ovzhost sshd[1172]: Connection closed by 127.0.0.1 [preauth]
Apr 12 03:09:01 ovzhost CRON[1180]: pam_env(cron:session): Unable to open env file: /etc/default/locale: No such file or directory
Apr 12 03:09:01 ovzhost CRON[1181]: pam_env(cron:session): Unable to open env file: /etc/default/locale: No such file or directory
Apr 12 03:09:01 ovzhost CRON[1180]: pam_unix(cron:session): session opened for user root by (uid=0)
Apr 12 03:09:01 ovzhost CRON[1181]: pam_unix(cron:session): session opened for user root by (uid=0)
Apr 12 03:09:01 ovzhost CRON[1180]: pam_unix(cron:session): session closed for user root
Apr 12 03:09:02 ovzhost CRON[1181]: pam_unix(cron:session): session closed for user root
Apr 12 03:10:40 ovzhost sshd[1202]: Connection closed by 128.8.37.120 [preauth]
Apr 12 03:12:21 ovzhost sshd[1212]: Connection closed by 127.0.0.1 [preauth]
Apr 12 03:16:37 ovzhost sshd[1229]: pam_unix(sshd:auth): authentication failure; logname= uid=0 euid=0 tty=ssh ruser= rhost=43.255.190.167  user=root
Apr 12 03:16:39 ovzhost sshd[1229]: Failed password for root from 43.255.190.167 port 48751 ssh2
Apr 12 03:16:44 ovzhost sshd[1229]: message repeated 2 times: [ Failed password for root from 43.255.190.167 port 48751 ssh2]
Apr 12 03:16:44 ovzhost sshd[1229]: Received disconnect from 43.255.190.167: 11:  [preauth]
Apr 12 03:16:44 ovzhost sshd[1229]: PAM 2 more authentication failures; logname= uid=0 euid=0 tty=ssh ruser= rhost=43.255.190.167  user=root
Apr 12 03:16:45 ovzhost sshd[1231]: pam_unix(sshd:auth): authentication failure; logname= uid=0 euid=0 tty=ssh ruser= rhost=43.255.190.167  user=root
Apr 12 03:16:47 ovzhost sshd[1231]: Failed password for root from 43.255.190.167 port 40022 ssh2
Apr 12 03:16:51 ovzhost sshd[1231]: message repeated 2 times: [ Failed password for root from 43.255.190.167 port 40022 ssh2]
Apr 12 03:16:51 ovzhost sshd[1231]: Received disconnect from 43.255.190.167: 11:  [preauth]
Apr 12 03:16:51 ovzhost sshd[1231]: PAM 2 more authentication failures; logname= uid=0 euid=0 tty=ssh ruser= rhost=43.255.190.167  user=root
Apr 12 03:16:52 ovzhost sshd[1233]: pam_unix(sshd:auth): authentication failure; logname= uid=0 euid=0 tty=ssh ruser= rhost=43.255.190.167  user=root
Apr 12 03:16:54 ovzhost sshd[1233]: Failed password for root from 43.255.190.167 port 58969 ssh2
Apr 12 03:16:59 ovzhost sshd[1233]: message repeated 2 times: [ Failed password for root from 43.255.190.167 port 58969 ssh2]
Apr 12 03:16:59 ovzhost sshd[1233]: Received disconnect from 43.255.190.167: 11:  [preauth]
Apr 12 03:16:59 ovzhost sshd[1233]: PAM 2 more authentication failures; logname= uid=0 euid=0 tty=ssh ruser= rhost=43.255.190.167  user=root
Apr 12 03:16:59 ovzhost sshd[1235]: pam_unix(sshd:auth): authentication failure; logname= uid=0 euid=0 tty=ssh ruser= rhost=43.255.190.167  user=root
Apr 12 03:17:01 ovzhost sshd[1235]: Failed password for root from 43.255.190.167 port 48932 ssh2
Apr 12 03:17:06 ovzhost sshd[1235]: message repeated 2 times: [ Failed password for root from 43.255.190.167 port 48932 ssh2]
Apr 12 03:17:06 ovzhost sshd[1235]: Received disconnect from 43.255.190.167: 11:  [preauth]
Apr 12 03:17:06 ovzhost sshd[1235]: PAM 2 more authentication failures; logname= uid=0 euid=0 tty=ssh ruser= rhost=43.255.190.167  user=root
Apr 12 03:17:06 ovzhost sshd[1238]: pam_unix(sshd:auth): authentication failure; logname= uid=0 euid=0 tty=ssh ruser= rhost=43.255.190.167  user=root
Apr 12 03:17:08 ovzhost sshd[1238]: Failed password for root from 43.255.190.167 port 38706 ssh2
Apr 12 03:17:13 ovzhost sshd[1238]: message repeated 2 times: [ Failed password for root from 43.255.190.167 port 38706 ssh2]
Apr 12 03:17:13 ovzhost sshd[1238]: Received disconnect from 43.255.190.167: 11:  [preauth]
Apr 12 03:17:13 ovzhost sshd[1238]: PAM 2 more authentication failures; logname= uid=0 euid=0 tty=ssh ruser= rhost=43.255.190.167  user=root
Apr 12 03:17:13 ovzhost sshd[1240]: pam_unix(sshd:auth): authentication failure; logname= uid=0 euid=0 tty=ssh ruser= rhost=43.255.190.167  user=root
Apr 12 03:17:15 ovzhost sshd[1240]: Failed password for root from 43.255.190.167 port 56620 ssh2
Apr 12 03:17:20 ovzhost sshd[1240]: message repeated 2 times: [ Failed password for root from 43.255.190.167 port 56620 ssh2]
Apr 12 03:17:20 ovzhost sshd[1240]: Received disconnect from 43.255.190.167: 11:  [preauth]
Apr 12 03:17:20 ovzhost sshd[1240]: PAM 2 more authentication failures; logname= uid=0 euid=0 tty=ssh ruser= rhost=43.255.190.167  user=root
Apr 12 03:17:20 ovzhost sshd[1242]: pam_unix(sshd:auth): authentication failure; logname= uid=0 euid=0 tty=ssh ruser= rhost=43.255.190.167  user=root
Apr 12 03:17:21 ovzhost sshd[1245]: Connection closed by 127.0.0.1 [preauth]
Apr 12 03:17:22 ovzhost sshd[1242]: Failed password for root from 43.255.190.167 port 45380 ssh2
Apr 12 03:17:26 ovzhost sshd[1242]: message repeated 2 times: [ Failed password for root from 43.255.190.167 port 45380 ssh2]
Apr 12 03:17:26 ovzhost sshd[1242]: Received disconnect from 43.255.190.167: 11:  [preauth]
Apr 12 03:17:26 ovzhost sshd[1242]: PAM 2 more authentication failures; logname= uid=0 euid=0 tty=ssh ruser= rhost=43.255.190.167  user=root
Apr 12 03:17:27 ovzhost sshd[1247]: pam_unix(sshd:auth): authentication failure; logname= uid=0 euid=0 tty=ssh ruser= rhost=43.255.190.167  user=root
Apr 12 03:17:29 ovzhost sshd[1247]: Failed password for root from 43.255.190.167 port 34339 ssh2
Apr 12 03:17:34 ovzhost sshd[1247]: message repeated 2 times: [ Failed password for root from 43.255.190.167 port 34339 ssh2]
Apr 12 03:17:34 ovzhost sshd[1247]: Received disconnect from 43.255.190.167: 11:  [preauth]
Apr 12 03:17:34 ovzhost sshd[1247]: PAM 2 more authentication failures; logname= uid=0 euid=0 tty=ssh ruser= rhost=43.255.190.167  user=root
Apr 12 03:17:34 ovzhost sshd[1249]: pam_unix(sshd:auth): authentication failure; logname= uid=0 euid=0 tty=ssh ruser= rhost=43.255.190.167  user=root
Apr 12 03:17:36 ovzhost sshd[1249]: Failed password for root from 43.255.190.167 port 53675 ssh2
Apr 12 03:17:40 ovzhost sshd[1249]: message repeated 2 times: [ Failed password for root from 43.255.190.167 port 53675 ssh2]
Apr 12 03:17:40 ovzhost sshd[1249]: Received disconnect from 43.255.190.167: 11:  [preauth]
Apr 12 03:17:40 ovzhost sshd[1249]: PAM 2 more authentication failures; logname= uid=0 euid=0 tty=ssh ruser= rhost=43.255.190.167  user=root
Apr 12 03:17:40 ovzhost sshd[1252]: pam_unix(sshd:auth): authentication failure; logname= uid=0 euid=0 tty=ssh ruser= rhost=43.255.190.167  user=root
Apr 12 03:17:43 ovzhost sshd[1252]: Failed password for root from 43.255.190.167 port 41284 ssh2
Apr 12 03:17:47 ovzhost sshd[1252]: message repeated 2 times: [ Failed password for root from 43.255.190.167 port 41284 ssh2]
Apr 12 03:17:47 ovzhost sshd[1252]: Received disconnect from 43.255.190.167: 11:  [preauth]
Apr 12 03:17:47 ovzhost sshd[1252]: PAM 2 more authentication failures; logname= uid=0 euid=0 tty=ssh ruser= rhost=43.255.190.167  user=root
Apr 12 03:17:48 ovzhost sshd[1254]: pam_unix(sshd:auth): authentication failure; logname= uid=0 euid=0 tty=ssh ruser= rhost=43.255.190.167  user=root
Apr 12 03:17:49 ovzhost sshd[1254]: Failed password for root from 43.255.190.167 port 59283 ssh2
Apr 12 03:17:53 ovzhost sshd[1254]: message repeated 2 times: [ Failed password for root from 43.255.190.167 port 59283 ssh2]
Apr 12 03:17:53 ovzhost sshd[1254]: Received disconnect from 43.255.190.167: 11:  [preauth]
Apr 12 03:17:53 ovzhost sshd[1254]: PAM 2 more authentication failures; logname= uid=0 euid=0 tty=ssh ruser= rhost=43.255.190.167  user=root
Apr 12 03:17:54 ovzhost sshd[1256]: pam_unix(sshd:auth): authentication failure; logname= uid=0 euid=0 tty=ssh ruser= rhost=43.255.190.167  user=root
Apr 12 03:17:56 ovzhost sshd[1256]: Failed password for root from 43.255.190.167 port 46596 ssh2
Apr 12 03:18:00 ovzhost sshd[1256]: message repeated 2 times: [ Failed password for root from 43.255.190.167 port 46596 ssh2]
Apr 12 03:18:00 ovzhost sshd[1256]: Received disconnect from 43.255.190.167: 11:  [preauth]
Apr 12 03:18:00 ovzhost sshd[1256]: PAM 2 more authentication failures; logname= uid=0 euid=0 tty=ssh ruser= rhost=43.255.190.167  user=root
Apr 12 03:18:00 ovzhost sshd[1258]: pam_unix(sshd:auth): authentication failure; logname= uid=0 euid=0 tty=ssh ruser= rhost=43.255.190.167  user=root
Apr 12 03:18:01 ovzhost sshd[1258]: Failed password for root from 43.255.190.167 port 35331 ssh2
Apr 12 03:18:06 ovzhost sshd[1258]: message repeated 2 times: [ Failed password for root from 43.255.190.167 port 35331 ssh2]
Apr 12 03:18:06 ovzhost sshd[1258]: Received disconnect from 43.255.190.167: 11:  [preauth]
Apr 12 03:18:06 ovzhost sshd[1258]: PAM 2 more authentication failures; logname= uid=0 euid=0 tty=ssh ruser= rhost=43.255.190.167  user=root
Apr 12 03:18:07 ovzhost sshd[1260]: pam_unix(sshd:auth): authentication failure; logname= uid=0 euid=0 tty=ssh ruser= rhost=43.255.190.167  user=root
Apr 12 03:18:08 ovzhost sshd[1260]: Failed password for root from 43.255.190.167 port 51723 ssh2
Apr 12 03:18:12 ovzhost sshd[1260]: message repeated 2 times: [ Failed password for root from 43.255.190.167 port 51723 ssh2]
Apr 12 03:18:12 ovzhost sshd[1260]: Received disconnect from 43.255.190.167: 11:  [preauth]
Apr 12 03:18:12 ovzhost sshd[1260]: PAM 2 more authentication failures; logname= uid=0 euid=0 tty=ssh ruser= rhost=43.255.190.167  user=root
Apr 12 03:18:13 ovzhost sshd[1263]: pam_unix(sshd:auth): authentication failure; logname= uid=0 euid=0 tty=ssh ruser= rhost=43.255.190.167  user=root
Apr 12 03:18:14 ovzhost sshd[1263]: Failed password for root from 43.255.190.167 port 39190 ssh2
Apr 12 03:18:20 ovzhost sshd[1263]: message repeated 2 times: [ Failed password for root from 43.255.190.167 port 39190 ssh2]
Apr 12 03:18:20 ovzhost sshd[1263]: Received disconnect from 43.255.190.167: 11:  [preauth]
Apr 12 03:18:20 ovzhost sshd[1263]: PAM 2 more authentication failures; logname= uid=0 euid=0 tty=ssh ruser= rhost=43.255.190.167  user=root
Apr 12 03:18:20 ovzhost sshd[1265]: pam_unix(sshd:auth): authentication failure; logname= uid=0 euid=0 tty=ssh ruser= rhost=43.255.190.167  user=root
Apr 12 03:18:22 ovzhost sshd[1265]: Failed password for root from 43.255.190.167 port 58221 ssh2
Apr 12 03:18:25 ovzhost sshd[1265]: message repeated 2 times: [ Failed password for root from 43.255.190.167 port 58221 ssh2]
Apr 12 03:18:25 ovzhost sshd[1265]: Received disconnect from 43.255.190.167: 11:  [preauth]
Apr 12 03:18:25 ovzhost sshd[1265]: PAM 2 more authentication failures; logname= uid=0 euid=0 tty=ssh ruser= rhost=43.255.190.167  user=root
Apr 12 03:18:26 ovzhost sshd[1267]: pam_unix(sshd:auth): authentication failure; logname= uid=0 euid=0 tty=ssh ruser= rhost=43.255.190.167  user=root
Apr 12 03:18:28 ovzhost sshd[1267]: Failed password for root from 43.255.190.167 port 45605 ssh2
Apr 12 03:18:32 ovzhost sshd[1267]: message repeated 2 times: [ Failed password for root from 43.255.190.167 port 45605 ssh2]
Apr 12 03:18:32 ovzhost sshd[1267]: Received disconnect from 43.255.190.167: 11:  [preauth]
Apr 12 03:18:32 ovzhost sshd[1267]: PAM 2 more authentication failures; logname= uid=0 euid=0 tty=ssh ruser= rhost=43.255.190.167  user=root
Apr 12 03:18:33 ovzhost sshd[1269]: pam_unix(sshd:auth): authentication failure; logname= uid=0 euid=0 tty=ssh ruser= rhost=43.255.190.167  user=root
Apr 12 03:18:35 ovzhost sshd[1269]: Failed password for root from 43.255.190.167 port 34753 ssh2
Apr 12 03:18:39 ovzhost sshd[1269]: message repeated 2 times: [ Failed password for root from 43.255.190.167 port 34753 ssh2]
Apr 12 03:18:39 ovzhost sshd[1269]: Received disconnect from 43.255.190.167: 11:  [preauth]
Apr 12 03:18:39 ovzhost sshd[1269]: PAM 2 more authentication failures; logname= uid=0 euid=0 tty=ssh ruser= rhost=43.255.190.167  user=root
Apr 12 03:18:40 ovzhost sshd[1275]: pam_unix(sshd:auth): authentication failure; logname= uid=0 euid=0 tty=ssh ruser= rhost=43.255.190.167  user=root
Apr 12 03:18:42 ovzhost sshd[1275]: Failed password for root from 43.255.190.167 port 51491 ssh2
Apr 12 03:18:44 ovzhost sshd[1277]: pam_unix(sshd:auth): authentication failure; logname= uid=0 euid=0 tty=ssh ruser= rhost=58.218.204.226  user=root
Apr 12 03:18:45 ovzhost sshd[1275]: message repeated 2 times: [ Failed password for root from 43.255.190.167 port 51491 ssh2]
Apr 12 03:18:45 ovzhost sshd[1275]: Received disconnect from 43.255.190.167: 11:  [preauth]
Apr 12 03:18:45 ovzhost sshd[1275]: PAM 2 more authentication failures; logname= uid=0 euid=0 tty=ssh ruser= rhost=43.255.190.167  user=root
Apr 12 03:18:45 ovzhost sshd[1279]: pam_unix(sshd:auth): authentication failure; logname= uid=0 euid=0 tty=ssh ruser= rhost=43.255.190.167  user=root
Apr 12 03:18:46 ovzhost sshd[1277]: Failed password for root from 58.218.204.226 port 54817 ssh2
Apr 12 03:18:47 ovzhost sshd[1279]: Failed password for root from 43.255.190.167 port 39045 ssh2
Apr 12 03:18:50 ovzhost sshd[1277]: message repeated 2 times: [ Failed password for root from 58.218.204.226 port 54817 ssh2]
Apr 12 03:18:50 ovzhost sshd[1277]: Received disconnect from 58.218.204.226: 11:  [preauth]
Apr 12 03:18:50 ovzhost sshd[1277]: PAM 2 more authentication failures; logname= uid=0 euid=0 tty=ssh ruser= rhost=58.218.204.226  user=root
Apr 12 03:18:51 ovzhost sshd[1279]: message repeated 2 times: [ Failed password for root from 43.255.190.167 port 39045 ssh2]
Apr 12 03:18:51 ovzhost sshd[1279]: Received disconnect from 43.255.190.167: 11:  [preauth]
Apr 12 03:18:51 ovzhost sshd[1279]: PAM 2 more authentication failures; logname= uid=0 euid=0 tty=ssh ruser= rhost=43.255.190.167  user=root
Apr 12 03:18:52 ovzhost sshd[1283]: pam_unix(sshd:auth): authentication failure; logname= uid=0 euid=0 tty=ssh ruser= rhost=43.255.190.167  user=root
Apr 12 03:18:53 ovzhost sshd[1281]: pam_unix(sshd:auth): authentication failure; logname= uid=0 euid=0 tty=ssh ruser= rhost=58.218.204.226  user=root
Apr 12 03:18:54 ovzhost sshd[1283]: Failed password for root from 43.255.190.167 port 55671 ssh2
Apr 12 03:18:55 ovzhost sshd[1281]: Failed password for root from 58.218.204.226 port 44960 ssh2
Apr 12 03:18:57 ovzhost sshd[1283]: message repeated 2 times: [ Failed password for root from 43.255.190.167 port 55671 ssh2]
Apr 12 03:18:57 ovzhost sshd[1283]: Received disconnect from 43.255.190.167: 11:  [preauth]
Apr 12 03:18:57 ovzhost sshd[1283]: PAM 2 more authentication failures; logname= uid=0 euid=0 tty=ssh ruser= rhost=43.255.190.167  user=root
Apr 12 03:18:58 ovzhost sshd[1285]: pam_unix(sshd:auth): authentication failure; logname= uid=0 euid=0 tty=ssh ruser= rhost=43.255.190.167  user=root
Apr 12 03:18:59 ovzhost sshd[1281]: message repeated 2 times: [ Failed password for root from 58.218.204.226 port 44960 ssh2]
Apr 12 03:18:59 ovzhost sshd[1281]: Received disconnect from 58.218.204.226: 11:  [preauth]
Apr 12 03:18:59 ovzhost sshd[1281]: PAM 2 more authentication failures; logname= uid=0 euid=0 tty=ssh ruser= rhost=58.218.204.226  user=root
Apr 12 03:19:00 ovzhost sshd[1285]: Failed password for root from 43.255.190.167 port 43240 ssh2
Apr 12 03:19:01 ovzhost sshd[1287]: pam_unix(sshd:auth): authentication failure; logname= uid=0 euid=0 tty=ssh ruser= rhost=58.218.204.226  user=root
Apr 12 03:19:03 ovzhost sshd[1287]: Failed password for root from 58.218.204.226 port 35682 ssh2
Apr 12 03:19:04 ovzhost sshd[1285]: message repeated 2 times: [ Failed password for root from 43.255.190.167 port 43240 ssh2]
Apr 12 03:19:04 ovzhost sshd[1285]: Received disconnect from 43.255.190.167: 11:  [preauth]
Apr 12 03:19:04 ovzhost sshd[1285]: PAM 2 more authentication failures; logname= uid=0 euid=0 tty=ssh ruser= rhost=43.255.190.167  user=root
Apr 12 03:19:05 ovzhost sshd[1289]: pam_unix(sshd:auth): authentication failure; logname= uid=0 euid=0 tty=ssh ruser= rhost=43.255.190.167  user=root
Apr 12 03:19:07 ovzhost sshd[1289]: Failed password for root from 43.255.190.167 port 60861 ssh2
Apr 12 03:19:07 ovzhost sshd[1287]: message repeated 2 times: [ Failed password for root from 58.218.204.226 port 35682 ssh2]
Apr 12 03:19:08 ovzhost sshd[1287]: Received disconnect from 58.218.204.226: 11:  [preauth]
Apr 12 03:19:08 ovzhost sshd[1287]: PAM 2 more authentication failures; logname= uid=0 euid=0 tty=ssh ruser= rhost=58.218.204.226  user=root
Apr 12 03:19:10 ovzhost sshd[1289]: message repeated 2 times: [ Failed password for root from 43.255.190.167 port 60861 ssh2]
Apr 12 03:19:10 ovzhost sshd[1289]: Received disconnect from 43.255.190.167: 11:  [preauth]
Apr 12 03:19:10 ovzhost sshd[1289]: PAM 2 more authentication failures; logname= uid=0 euid=0 tty=ssh ruser= rhost=43.255.190.167  user=root
Apr 12 03:19:11 ovzhost sshd[1295]: pam_unix(sshd:auth): authentication failure; logname= uid=0 euid=0 tty=ssh ruser= rhost=43.255.190.167  user=root
Apr 12 03:19:11 ovzhost sshd[1291]: pam_unix(sshd:auth): authentication failure; logname= uid=0 euid=0 tty=ssh ruser= rhost=58.218.204.226  user=root
Apr 12 03:19:13 ovzhost sshd[1295]: Failed password for root from 43.255.190.167 port 49185 ssh2
Apr 12 03:19:13 ovzhost sshd[1291]: Failed password for root from 58.218.204.226 port 54820 ssh2
Apr 12 03:19:17 ovzhost sshd[1295]: message repeated 2 times: [ Failed password for root from 43.255.190.167 port 49185 ssh2]
Apr 12 03:19:17 ovzhost sshd[1295]: Received disconnect from 43.255.190.167: 11:  [preauth]
Apr 12 03:19:17 ovzhost sshd[1295]: PAM 2 more authentication failures; logname= uid=0 euid=0 tty=ssh ruser= rhost=43.255.190.167  user=root
Apr 12 03:19:17 ovzhost sshd[1297]: pam_unix(sshd:auth): authentication failure; logname= uid=0 euid=0 tty=ssh ruser= rhost=43.255.190.167  user=root
Apr 12 03:19:18 ovzhost sshd[1291]: message repeated 2 times: [ Failed password for root from 58.218.204.226 port 54820 ssh2]
Apr 12 03:19:19 ovzhost sshd[1291]: Received disconnect from 58.218.204.226: 11:  [preauth]
Apr 12 03:19:19 ovzhost sshd[1291]: PAM 2 more authentication failures; logname= uid=0 euid=0 tty=ssh ruser= rhost=58.218.204.226  user=root
Apr 12 03:19:19 ovzhost sshd[1297]: Failed password for root from 43.255.190.167 port 37728 ssh2
Apr 12 03:19:23 ovzhost sshd[1297]: message repeated 2 times: [ Failed password for root from 43.255.190.167 port 37728 ssh2]
Apr 12 03:19:23 ovzhost sshd[1297]: Received disconnect from 43.255.190.167: 11:  [preauth]
Apr 12 03:19:23 ovzhost sshd[1297]: PAM 2 more authentication failures; logname= uid=0 euid=0 tty=ssh ruser= rhost=43.255.190.167  user=root
Apr 12 03:19:23 ovzhost sshd[1299]: pam_unix(sshd:auth): authentication failure; logname= uid=0 euid=0 tty=ssh ruser= rhost=58.218.204.226  user=root
Apr 12 03:19:23 ovzhost sshd[1301]: pam_unix(sshd:auth): authentication failure; logname= uid=0 euid=0 tty=ssh ruser= rhost=43.255.190.167  user=root
Apr 12 03:19:25 ovzhost sshd[1299]: Failed password for root from 58.218.204.226 port 49612 ssh2
Apr 12 03:19:25 ovzhost sshd[1301]: Failed password for root from 43.255.190.167 port 54170 ssh2
Apr 12 03:19:29 ovzhost sshd[1301]: message repeated 2 times: [ Failed password for root from 43.255.190.167 port 54170 ssh2]
Apr 12 03:19:29 ovzhost sshd[1301]: Received disconnect from 43.255.190.167: 11:  [preauth]
Apr 12 03:19:29 ovzhost sshd[1301]: PAM 2 more authentication failures; logname= uid=0 euid=0 tty=ssh ruser= rhost=43.255.190.167  user=root
Apr 12 03:19:29 ovzhost sshd[1299]: message repeated 2 times: [ Failed password for root from 58.218.204.226 port 49612 ssh2]
Apr 12 03:19:29 ovzhost sshd[1299]: Received disconnect from 58.218.204.226: 11:  [preauth]
Apr 12 03:19:29 ovzhost sshd[1299]: PAM 2 more authentication failures; logname= uid=0 euid=0 tty=ssh ruser= rhost=58.218.204.226  user=root
Apr 12 03:19:30 ovzhost sshd[1304]: pam_unix(sshd:auth): authentication failure; logname= uid=0 euid=0 tty=ssh ruser= rhost=43.255.190.167  user=root
Apr 12 03:19:31 ovzhost sshd[1304]: Failed password for root from 43.255.190.167 port 42364 ssh2
Apr 12 03:19:32 ovzhost sshd[1306]: pam_unix(sshd:auth): authentication failure; logname= uid=0 euid=0 tty=ssh ruser= rhost=58.218.204.226  user=root
Apr 12 03:19:34 ovzhost sshd[1306]: Failed password for root from 58.218.204.226 port 44985 ssh2
Apr 12 03:19:35 ovzhost sshd[1304]: message repeated 2 times: [ Failed password for root from 43.255.190.167 port 42364 ssh2]
Apr 12 03:19:35 ovzhost sshd[1304]: Received disconnect from 43.255.190.167: 11:  [preauth]
Apr 12 03:19:35 ovzhost sshd[1304]: PAM 2 more authentication failures; logname= uid=0 euid=0 tty=ssh ruser= rhost=43.255.190.167  user=root
Apr 12 03:19:36 ovzhost sshd[1308]: pam_unix(sshd:auth): authentication failure; logname= uid=0 euid=0 tty=ssh ruser= rhost=43.255.190.167  user=root
Apr 12 03:19:37 ovzhost sshd[1308]: Failed password for root from 43.255.190.167 port 57990 ssh2
Apr 12 03:19:38 ovzhost sshd[1306]: message repeated 2 times: [ Failed password for root from 58.218.204.226 port 44985 ssh2]
Apr 12 03:19:38 ovzhost sshd[1306]: Received disconnect from 58.218.204.226: 11:  [preauth]
Apr 12 03:19:38 ovzhost sshd[1306]: PAM 2 more authentication failures; logname= uid=0 euid=0 tty=ssh ruser= rhost=58.218.204.226  user=root
Apr 12 03:19:41 ovzhost sshd[1308]: message repeated 2 times: [ Failed password for root from 43.255.190.167 port 57990 ssh2]
Apr 12 03:19:41 ovzhost sshd[1308]: Received disconnect from 43.255.190.167: 11:  [preauth]
Apr 12 03:19:41 ovzhost sshd[1308]: PAM 2 more authentication failures; logname= uid=0 euid=0 tty=ssh ruser= rhost=43.255.190.167  user=root
Apr 12 03:19:41 ovzhost sshd[1313]: pam_unix(sshd:auth): authentication failure; logname= uid=0 euid=0 tty=ssh ruser= rhost=43.255.190.167  user=root
Apr 12 03:19:42 ovzhost sshd[1310]: pam_unix(sshd:auth): authentication failure; logname= uid=0 euid=0 tty=ssh ruser= rhost=58.218.204.226  user=root
Apr 12 03:19:43 ovzhost sshd[1310]: Failed password for root from 58.218.204.226 port 37695 ssh2
Apr 12 03:19:44 ovzhost sshd[1313]: Failed password for root from 43.255.190.167 port 44383 ssh2
Apr 12 03:19:47 ovzhost sshd[1313]: message repeated 2 times: [ Failed password for root from 43.255.190.167 port 44383 ssh2]
Apr 12 03:19:47 ovzhost sshd[1313]: Received disconnect from 43.255.190.167: 11:  [preauth]
Apr 12 03:19:47 ovzhost sshd[1313]: PAM 2 more authentication failures; logname= uid=0 euid=0 tty=ssh ruser= rhost=43.255.190.167  user=root
Apr 12 03:19:48 ovzhost sshd[1317]: pam_unix(sshd:auth): authentication failure; logname= uid=0 euid=0 tty=ssh ruser= rhost=43.255.190.167  user=root
Apr 12 03:19:48 ovzhost sshd[1310]: message repeated 2 times: [ Failed password for root from 58.218.204.226 port 37695 ssh2]
Apr 12 03:19:48 ovzhost sshd[1310]: Received disconnect from 58.218.204.226: 11:  [preauth]
Apr 12 03:19:48 ovzhost sshd[1310]: PAM 2 more authentication failures; logname= uid=0 euid=0 tty=ssh ruser= rhost=58.218.204.226  user=root
Apr 12 03:19:49 ovzhost sshd[1317]: Failed password for root from 43.255.190.167 port 33421 ssh2
Apr 12 03:19:53 ovzhost sshd[1319]: pam_unix(sshd:auth): authentication failure; logname= uid=0 euid=0 tty=ssh ruser= rhost=58.218.204.226  user=root
Apr 12 03:19:53 ovzhost sshd[1317]: message repeated 2 times: [ Failed password for root from 43.255.190.167 port 33421 ssh2]
Apr 12 03:19:53 ovzhost sshd[1317]: Received disconnect from 43.255.190.167: 11:  [preauth]
Apr 12 03:19:53 ovzhost sshd[1317]: PAM 2 more authentication failures; logname= uid=0 euid=0 tty=ssh ruser= rhost=43.255.190.167  user=root
Apr 12 03:19:54 ovzhost sshd[1321]: pam_unix(sshd:auth): authentication failure; logname= uid=0 euid=0 tty=ssh ruser= rhost=43.255.190.167  user=root
Apr 12 03:19:55 ovzhost sshd[1321]: Failed password for root from 43.255.190.167 port 48247 ssh2
Apr 12 03:19:55 ovzhost sshd[1319]: Failed password for root from 58.218.204.226 port 33536 ssh2
Apr 12 03:19:59 ovzhost sshd[1321]: message repeated 2 times: [ Failed password for root from 43.255.190.167 port 48247 ssh2]
Apr 12 03:19:59 ovzhost sshd[1321]: Received disconnect from 43.255.190.167: 11:  [preauth]
Apr 12 03:19:59 ovzhost sshd[1321]: PAM 2 more authentication failures; logname= uid=0 euid=0 tty=ssh ruser= rhost=43.255.190.167  user=root
Apr 12 03:19:59 ovzhost sshd[1323]: pam_unix(sshd:auth): authentication failure; logname= uid=0 euid=0 tty=ssh ruser= rhost=43.255.190.167  user=root
Apr 12 03:19:59 ovzhost sshd[1319]: message repeated 2 times: [ Failed password for root from 58.218.204.226 port 33536 ssh2]
Apr 12 03:20:00 ovzhost sshd[1319]: Received disconnect from 58.218.204.226: 11:  [preauth]
Apr 12 03:20:00 ovzhost sshd[1319]: PAM 2 more authentication failures; logname= uid=0 euid=0 tty=ssh ruser= rhost=58.218.204.226  user=root
Apr 12 03:20:01 ovzhost CRON[1327]: pam_env(cron:session): Unable to open env file: /etc/default/locale: No such file or directory
Apr 12 03:20:01 ovzhost CRON[1327]: pam_unix(cron:session): session opened for user smmsp by (uid=0)
Apr 12 03:20:01 ovzhost CRON[1327]: pam_unix(cron:session): session closed for user smmsp
Apr 12 03:20:01 ovzhost sshd[1325]: pam_unix(sshd:auth): authentication failure; logname= uid=0 euid=0 tty=ssh ruser= rhost=58.218.204.226  user=root
Apr 12 03:20:02 ovzhost sshd[1323]: Failed password for root from 43.255.190.167 port 34530 ssh2
Apr 12 03:20:03 ovzhost sshd[1325]: Failed password for root from 58.218.204.226 port 56736 ssh2
Apr 12 03:20:06 ovzhost sshd[1323]: message repeated 2 times: [ Failed password for root from 43.255.190.167 port 34530 ssh2]
Apr 12 03:20:06 ovzhost sshd[1323]: Received disconnect from 43.255.190.167: 11:  [preauth]
Apr 12 03:20:06 ovzhost sshd[1323]: PAM 2 more authentication failures; logname= uid=0 euid=0 tty=ssh ruser= rhost=43.255.190.167  user=root
Apr 12 03:20:07 ovzhost sshd[1353]: pam_unix(sshd:auth): authentication failure; logname= uid=0 euid=0 tty=ssh ruser= rhost=43.255.190.167  user=root
Apr 12 03:20:08 ovzhost sshd[1353]: Failed password for root from 43.255.190.167 port 53004 ssh2
Apr 12 03:20:08 ovzhost sshd[1325]: message repeated 2 times: [ Failed password for root from 58.218.204.226 port 56736 ssh2]
Apr 12 03:20:08 ovzhost sshd[1325]: Received disconnect from 58.218.204.226: 11:  [preauth]
Apr 12 03:20:08 ovzhost sshd[1325]: PAM 2 more authentication failures; logname= uid=0 euid=0 tty=ssh ruser= rhost=58.218.204.226  user=root
Apr 12 03:20:10 ovzhost sshd[1355]: pam_unix(sshd:auth): authentication failure; logname= uid=0 euid=0 tty=ssh ruser= rhost=58.218.204.226  user=root
Apr 12 03:20:12 ovzhost sshd[1353]: message repeated 2 times: [ Failed password for root from 43.255.190.167 port 53004 ssh2]
Apr 12 03:20:12 ovzhost sshd[1353]: Received disconnect from 43.255.190.167: 11:  [preauth]
Apr 12 03:20:12 ovzhost sshd[1353]: PAM 2 more authentication failures; logname= uid=0 euid=0 tty=ssh ruser= rhost=43.255.190.167  user=root
Apr 12 03:20:12 ovzhost sshd[1355]: Failed password for root from 58.218.204.226 port 47014 ssh2
Apr 12 03:20:13 ovzhost sshd[1358]: pam_unix(sshd:auth): authentication failure; logname= uid=0 euid=0 tty=ssh ruser= rhost=43.255.190.167  user=root
Apr 12 03:20:14 ovzhost sshd[1358]: Failed password for root from 43.255.190.167 port 39890 ssh2
Apr 12 03:20:17 ovzhost sshd[1355]: message repeated 2 times: [ Failed password for root from 58.218.204.226 port 47014 ssh2]
Apr 12 03:20:17 ovzhost sshd[1355]: Received disconnect from 58.218.204.226: 11:  [preauth]
Apr 12 03:20:17 ovzhost sshd[1355]: PAM 2 more authentication failures; logname= uid=0 euid=0 tty=ssh ruser= rhost=58.218.204.226  user=root
Apr 12 03:20:18 ovzhost sshd[1358]: message repeated 2 times: [ Failed password for root from 43.255.190.167 port 39890 ssh2]
Apr 12 03:20:18 ovzhost sshd[1358]: Received disconnect from 43.255.190.167: 11:  [preauth]
Apr 12 03:20:18 ovzhost sshd[1358]: PAM 2 more authentication failures; logname= uid=0 euid=0 tty=ssh ruser= rhost=43.255.190.167  user=root
Apr 12 03:20:19 ovzhost sshd[1362]: pam_unix(sshd:auth): authentication failure; logname= uid=0 euid=0 tty=ssh ruser= rhost=43.255.190.167  user=root
Apr 12 03:20:20 ovzhost sshd[1362]: Failed password for root from 43.255.190.167 port 55856 ssh2
Apr 12 03:20:21 ovzhost sshd[1360]: pam_unix(sshd:auth): authentication failure; logname= uid=0 euid=0 tty=ssh ruser= rhost=58.218.204.226  user=root
Apr 12 03:20:23 ovzhost sshd[1360]: Failed password for root from 58.218.204.226 port 35915 ssh2
Apr 12 03:20:25 ovzhost sshd[1362]: message repeated 2 times: [ Failed password for root from 43.255.190.167 port 55856 ssh2]
Apr 12 03:20:25 ovzhost sshd[1362]: Received disconnect from 43.255.190.167: 11:  [preauth]
Apr 12 03:20:25 ovzhost sshd[1362]: PAM 2 more authentication failures; logname= uid=0 euid=0 tty=ssh ruser= rhost=43.255.190.167  user=root
Apr 12 03:20:26 ovzhost sshd[1364]: pam_unix(sshd:auth): authentication failure; logname= uid=0 euid=0 tty=ssh ruser= rhost=43.255.190.167  user=root
Apr 12 03:20:27 ovzhost sshd[1364]: Failed password for root from 43.255.190.167 port 44013 ssh2
Apr 12 03:20:27 ovzhost sshd[1360]: message repeated 2 times: [ Failed password for root from 58.218.204.226 port 35915 ssh2]
Apr 12 03:20:27 ovzhost sshd[1360]: Received disconnect from 58.218.204.226: 11:  [preauth]
Apr 12 03:20:27 ovzhost sshd[1360]: PAM 2 more authentication failures; logname= uid=0 euid=0 tty=ssh ruser= rhost=58.218.204.226  user=root
Apr 12 03:20:31 ovzhost sshd[1366]: pam_unix(sshd:auth): authentication failure; logname= uid=0 euid=0 tty=ssh ruser= rhost=58.218.204.226  user=root
Apr 12 03:20:31 ovzhost sshd[1364]: message repeated 2 times: [ Failed password for root from 43.255.190.167 port 44013 ssh2]
Apr 12 03:20:32 ovzhost sshd[1364]: Received disconnect from 43.255.190.167: 11:  [preauth]
Apr 12 03:20:32 ovzhost sshd[1364]: PAM 2 more authentication failures; logname= uid=0 euid=0 tty=ssh ruser= rhost=43.255.190.167  user=root
Apr 12 03:20:32 ovzhost sshd[1368]: pam_unix(sshd:auth): authentication failure; logname= uid=0 euid=0 tty=ssh ruser= rhost=43.255.190.167  user=root
Apr 12 03:20:32 ovzhost sshd[1366]: Failed password for root from 58.218.204.226 port 58151 ssh2
Apr 12 03:20:34 ovzhost sshd[1368]: Failed password for root from 43.255.190.167 port 32903 ssh2
Apr 12 03:20:38 ovzhost sshd[1368]: message repeated 2 times: [ Failed password for root from 43.255.190.167 port 32903 ssh2]
Apr 12 03:20:38 ovzhost sshd[1368]: Received disconnect from 43.255.190.167: 11:  [preauth]
Apr 12 03:20:38 ovzhost sshd[1368]: PAM 2 more authentication failures; logname= uid=0 euid=0 tty=ssh ruser= rhost=43.255.190.167  user=root
Apr 12 03:20:38 ovzhost sshd[1366]: message repeated 2 times: [ Failed password for root from 58.218.204.226 port 58151 ssh2]
Apr 12 03:20:38 ovzhost sshd[1366]: Received disconnect from 58.218.204.226: 11:  [preauth]
Apr 12 03:20:38 ovzhost sshd[1366]: PAM 2 more authentication failures; logname= uid=0 euid=0 tty=ssh ruser= rhost=58.218.204.226  user=root
Apr 12 03:20:39 ovzhost sshd[1370]: pam_unix(sshd:auth): authentication failure; logname= uid=0 euid=0 tty=ssh ruser= rhost=43.255.190.167  user=root
Apr 12 03:20:40 ovzhost sshd[1375]: Connection closed by 128.8.37.120 [preauth]
Apr 12 03:20:41 ovzhost sshd[1370]: Failed password for root from 43.255.190.167 port 48334 ssh2
Apr 12 03:20:41 ovzhost sshd[1372]: pam_unix(sshd:auth): authentication failure; logname= uid=0 euid=0 tty=ssh ruser= rhost=58.218.204.226  user=root
Apr 12 03:20:43 ovzhost sshd[1372]: Failed password for root from 58.218.204.226 port 53162 ssh2
Apr 12 03:20:45 ovzhost sshd[1370]: message repeated 2 times: [ Failed password for root from 43.255.190.167 port 48334 ssh2]
Apr 12 03:20:45 ovzhost sshd[1370]: Received disconnect from 43.255.190.167: 11:  [preauth]
Apr 12 03:20:45 ovzhost sshd[1370]: PAM 2 more authentication failures; logname= uid=0 euid=0 tty=ssh ruser= rhost=43.255.190.167  user=root
Apr 12 03:20:45 ovzhost sshd[1377]: pam_unix(sshd:auth): authentication failure; logname= uid=0 euid=0 tty=ssh ruser= rhost=43.255.190.167  user=root
Apr 12 03:20:47 ovzhost sshd[1377]: Failed password for root from 43.255.190.167 port 36433 ssh2
Apr 12 03:20:49 ovzhost sshd[1372]: message repeated 2 times: [ Failed password for root from 58.218.204.226 port 53162 ssh2]
Apr 12 03:20:49 ovzhost sshd[1372]: Received disconnect from 58.218.204.226: 11:  [preauth]
Apr 12 03:20:49 ovzhost sshd[1372]: PAM 2 more authentication failures; logname= uid=0 euid=0 tty=ssh ruser= rhost=58.218.204.226  user=root
Apr 12 03:20:51 ovzhost sshd[1377]: message repeated 2 times: [ Failed password for root from 43.255.190.167 port 36433 ssh2]
Apr 12 03:20:51 ovzhost sshd[1377]: Received disconnect from 43.255.190.167: 11:  [preauth]
Apr 12 03:20:51 ovzhost sshd[1377]: PAM 2 more authentication failures; logname= uid=0 euid=0 tty=ssh ruser= rhost=43.255.190.167  user=root
Apr 12 03:20:52 ovzhost sshd[1383]: pam_unix(sshd:auth): authentication failure; logname= uid=0 euid=0 tty=ssh ruser= rhost=43.255.190.167  user=root
Apr 12 03:20:53 ovzhost sshd[1379]: pam_unix(sshd:auth): authentication failure; logname= uid=0 euid=0 tty=ssh ruser= rhost=58.218.204.226  user=root
Apr 12 03:20:54 ovzhost sshd[1383]: Failed password for root from 43.255.190.167 port 52592 ssh2
Apr 12 03:20:55 ovzhost sshd[1379]: Failed password for root from 58.218.204.226 port 47822 ssh2
Apr 12 03:20:58 ovzhost sshd[1383]: message repeated 2 times: [ Failed password for root from 43.255.190.167 port 52592 ssh2]
Apr 12 03:20:58 ovzhost sshd[1383]: Received disconnect from 43.255.190.167: 11:  [preauth]
Apr 12 03:20:58 ovzhost sshd[1383]: PAM 2 more authentication failures; logname= uid=0 euid=0 tty=ssh ruser= rhost=43.255.190.167  user=root
Apr 12 03:20:59 ovzhost sshd[1385]: pam_unix(sshd:auth): authentication failure; logname= uid=0 euid=0 tty=ssh ruser= rhost=43.255.190.167  user=root
Apr 12 03:21:00 ovzhost sshd[1379]: message repeated 2 times: [ Failed password for root from 58.218.204.226 port 47822 ssh2]
Apr 12 03:21:00 ovzhost sshd[1379]: Received disconnect from 58.218.204.226: 11:  [preauth]
Apr 12 03:21:00 ovzhost sshd[1379]: PAM 2 more authentication failures; logname= uid=0 euid=0 tty=ssh ruser= rhost=58.218.204.226  user=root
Apr 12 03:21:01 ovzhost sshd[1385]: Failed password for root from 43.255.190.167 port 40241 ssh2
Apr 12 03:21:02 ovzhost sshd[1387]: pam_unix(sshd:auth): authentication failure; logname= uid=0 euid=0 tty=ssh ruser= rhost=58.218.204.226  user=root
Apr 12 03:21:04 ovzhost sshd[1387]: Failed password for root from 58.218.204.226 port 42093 ssh2
Apr 12 03:21:05 ovzhost sshd[1385]: message repeated 2 times: [ Failed password for root from 43.255.190.167 port 40241 ssh2]
Apr 12 03:21:05 ovzhost sshd[1385]: Received disconnect from 43.255.190.167: 11:  [preauth]
Apr 12 03:21:05 ovzhost sshd[1385]: PAM 2 more authentication failures; logname= uid=0 euid=0 tty=ssh ruser= rhost=43.255.190.167  user=root
Apr 12 03:21:05 ovzhost sshd[1389]: pam_unix(sshd:auth): authentication failure; logname= uid=0 euid=0 tty=ssh ruser= rhost=43.255.190.167  user=root
Apr 12 03:21:08 ovzhost sshd[1389]: Failed password for root from 43.255.190.167 port 56457 ssh2
Apr 12 03:21:09 ovzhost sshd[1387]: message repeated 2 times: [ Failed password for root from 58.218.204.226 port 42093 ssh2]
Apr 12 03:21:09 ovzhost sshd[1387]: Received disconnect from 58.218.204.226: 11:  [preauth]
Apr 12 03:21:09 ovzhost sshd[1387]: PAM 2 more authentication failures; logname= uid=0 euid=0 tty=ssh ruser= rhost=58.218.204.226  user=root
Apr 12 03:21:12 ovzhost sshd[1389]: message repeated 2 times: [ Failed password for root from 43.255.190.167 port 56457 ssh2]
Apr 12 03:21:12 ovzhost sshd[1389]: Received disconnect from 43.255.190.167: 11:  [preauth]
Apr 12 03:21:12 ovzhost sshd[1389]: PAM 2 more authentication failures; logname= uid=0 euid=0 tty=ssh ruser= rhost=43.255.190.167  user=root
Apr 12 03:21:12 ovzhost sshd[1391]: pam_unix(sshd:auth): authentication failure; logname= uid=0 euid=0 tty=ssh ruser= rhost=58.218.204.226  user=root
Apr 12 03:21:13 ovzhost sshd[1393]: pam_unix(sshd:auth): authentication failure; logname= uid=0 euid=0 tty=ssh ruser= rhost=43.255.190.167  user=root
Apr 12 03:21:14 ovzhost sshd[1391]: Failed password for root from 58.218.204.226 port 60586 ssh2
Apr 12 03:21:14 ovzhost sshd[1393]: Failed password for root from 43.255.190.167 port 45893 ssh2
Apr 12 03:21:18 ovzhost sshd[1393]: message repeated 2 times: [ Failed password for root from 43.255.190.167 port 45893 ssh2]
Apr 12 03:21:18 ovzhost sshd[1393]: Received disconnect from 43.255.190.167: 11:  [preauth]
Apr 12 03:21:18 ovzhost sshd[1393]: PAM 2 more authentication failures; logname= uid=0 euid=0 tty=ssh ruser= rhost=43.255.190.167  user=root
Apr 12 03:21:18 ovzhost sshd[1391]: message repeated 2 times: [ Failed password for root from 58.218.204.226 port 60586 ssh2]
Apr 12 03:21:19 ovzhost sshd[1391]: Received disconnect from 58.218.204.226: 11:  [preauth]
Apr 12 03:21:19 ovzhost sshd[1391]: PAM 2 more authentication failures; logname= uid=0 euid=0 tty=ssh ruser= rhost=58.218.204.226  user=root
Apr 12 03:21:19 ovzhost sshd[1395]: pam_unix(sshd:auth): authentication failure; logname= uid=0 euid=0 tty=ssh ruser= rhost=43.255.190.167  user=root
Apr 12 03:21:21 ovzhost sshd[1397]: pam_unix(sshd:auth): authentication failure; logname= uid=0 euid=0 tty=ssh ruser= rhost=58.218.204.226  user=root
Apr 12 03:21:21 ovzhost sshd[1395]: Failed password for root from 43.255.190.167 port 32924 ssh2
Apr 12 03:21:23 ovzhost sshd[1397]: Failed password for root from 58.218.204.226 port 53694 ssh2
Apr 12 03:21:25 ovzhost sshd[1395]: message repeated 2 times: [ Failed password for root from 43.255.190.167 port 32924 ssh2]
Apr 12 03:21:25 ovzhost sshd[1395]: Received disconnect from 43.255.190.167: 11:  [preauth]
Apr 12 03:21:25 ovzhost sshd[1395]: PAM 2 more authentication failures; logname= uid=0 euid=0 tty=ssh ruser= rhost=43.255.190.167  user=root
Apr 12 03:21:26 ovzhost sshd[1401]: pam_unix(sshd:auth): authentication failure; logname= uid=0 euid=0 tty=ssh ruser= rhost=43.255.190.167  user=root
Apr 12 03:21:28 ovzhost sshd[1401]: Failed password for root from 43.255.190.167 port 48932 ssh2
Apr 12 03:21:28 ovzhost sshd[1397]: message repeated 2 times: [ Failed password for root from 58.218.204.226 port 53694 ssh2]
Apr 12 03:21:29 ovzhost sshd[1397]: Received disconnect from 58.218.204.226: 11:  [preauth]
Apr 12 03:21:29 ovzhost sshd[1397]: PAM 2 more authentication failures; logname= uid=0 euid=0 tty=ssh ruser= rhost=58.218.204.226  user=root
Apr 12 03:21:32 ovzhost sshd[1403]: pam_unix(sshd:auth): authentication failure; logname= uid=0 euid=0 tty=ssh ruser= rhost=58.218.204.226  user=root
Apr 12 03:21:32 ovzhost sshd[1401]: message repeated 2 times: [ Failed password for root from 43.255.190.167 port 48932 ssh2]
Apr 12 03:21:32 ovzhost sshd[1401]: Received disconnect from 43.255.190.167: 11:  [preauth]
Apr 12 03:21:32 ovzhost sshd[1401]: PAM 2 more authentication failures; logname= uid=0 euid=0 tty=ssh ruser= rhost=43.255.190.167  user=root
Apr 12 03:21:32 ovzhost sshd[1405]: pam_unix(sshd:auth): authentication failure; logname= uid=0 euid=0 tty=ssh ruser= rhost=43.255.190.167  user=root
Apr 12 03:21:33 ovzhost sshd[1403]: Failed password for root from 58.218.204.226 port 47778 ssh2
Apr 12 03:21:34 ovzhost sshd[1405]: Failed password for root from 43.255.190.167 port 36744 ssh2
Apr 12 03:21:38 ovzhost sshd[1405]: message repeated 2 times: [ Failed password for root from 43.255.190.167 port 36744 ssh2]
Apr 12 03:21:38 ovzhost sshd[1405]: Received disconnect from 43.255.190.167: 11:  [preauth]
Apr 12 03:21:38 ovzhost sshd[1405]: PAM 2 more authentication failures; logname= uid=0 euid=0 tty=ssh ruser= rhost=43.255.190.167  user=root
Apr 12 03:21:38 ovzhost sshd[1403]: message repeated 2 times: [ Failed password for root from 58.218.204.226 port 47778 ssh2]
Apr 12 03:21:39 ovzhost sshd[1403]: Received disconnect from 58.218.204.226: 11:  [preauth]
Apr 12 03:21:39 ovzhost sshd[1403]: PAM 2 more authentication failures; logname= uid=0 euid=0 tty=ssh ruser= rhost=58.218.204.226  user=root
Apr 12 03:21:39 ovzhost sshd[1407]: pam_unix(sshd:auth): authentication failure; logname= uid=0 euid=0 tty=ssh ruser= rhost=43.255.190.167  user=root
Apr 12 03:21:41 ovzhost sshd[1407]: Failed password for root from 43.255.190.167 port 52074 ssh2
