Apr  2 14:31:44 ovzhost sshd[780]: Connection closed by 127.0.0.1 [preauth]
Apr  2 14:35:40 ovzhost sshd[811]: Connection closed by 128.8.37.120 [preauth]
Apr  2 14:36:44 ovzhost sshd[820]: Connection closed by 127.0.0.1 [preauth]
Apr 12 02:37:21 ovzhost sshd[782]: Connection closed by 127.0.0.1 [preauth]
Apr 12 02:39:01 ovzhost CRON[790]: pam_env(cron:session): Unable to open env file: /etc/default/locale: No such file or directory
Apr 12 02:39:01 ovzhost CRON[790]: pam_unix(cron:session): session opened for user root by (uid=0)
Apr 12 02:39:01 ovzhost CRON[790]: pam_unix(cron:session): session closed for user root
Apr 12 02:40:01 ovzhost CRON[807]: pam_env(cron:session): Unable to open env file: /etc/default/locale: No such file or directory
Apr 12 02:40:01 ovzhost CRON[807]: pam_unix(cron:session): session opened for user smmsp by (uid=0)
Apr 12 02:40:01 ovzhost CRON[807]: pam_unix(cron:session): session closed for user smmsp
Apr 12 02:40:40 ovzhost sshd[834]: Connection closed by 128.8.37.120 [preauth]
Apr 12 02:42:21 ovzhost sshd[844]: Connection closed by 127.0.0.1 [preauth]
Apr 12 02:43:01 ovzhost CRON[846]: pam_env(cron:session): Unable to open env file: /etc/default/locale: No such file or directory
Apr 12 02:43:01 ovzhost CRON[846]: pam_unix(cron:session): session opened for user root by (uid=0)
Apr 12 02:43:01 ovzhost CRON[846]: pam_unix(cron:session): session closed for user root
Apr 12 02:47:21 ovzhost sshd[866]: Connection closed by 127.0.0.1 [preauth]
Apr 12 02:50:32 ovzhost sshd[881]: pam_unix(sshd:auth): authentication failure; logname= uid=0 euid=0 tty=ssh ruser= rhost=58.218.204.226  user=root
Apr 12 02:50:34 ovzhost sshd[881]: Failed password for root from 58.218.204.226 port 58321 ssh2
Apr 12 02:50:39 ovzhost sshd[881]: message repeated 2 times: [ Failed password for root from 58.218.204.226 port 58321 ssh2]
Apr 12 02:50:39 ovzhost sshd[881]: Received disconnect from 58.218.204.226: 11:  [preauth]
Apr 12 02:50:39 ovzhost sshd[881]: PAM 2 more authentication failures; logname= uid=0 euid=0 tty=ssh ruser= rhost=58.218.204.226  user=root
Apr 12 02:50:40 ovzhost sshd[886]: Connection closed by 128.8.37.120 [preauth]
Apr 12 02:50:42 ovzhost sshd[883]: pam_unix(sshd:auth): authentication failure; logname= uid=0 euid=0 tty=ssh ruser= rhost=58.218.204.226  user=root
Apr 12 02:50:44 ovzhost sshd[883]: Failed password for root from 58.218.204.226 port 48452 ssh2
Apr 12 02:50:50 ovzhost sshd[888]: pam_unix(sshd:auth): authentication failure; logname= uid=0 euid=0 tty=ssh ruser= rhost=43.255.190.169  user=root
Apr 12 02:50:49 ovzhost sshd[883]: message repeated 2 times: [ Failed password for root from 58.218.204.226 port 48452 ssh2]
Apr 12 02:50:50 ovzhost sshd[883]: Received disconnect from 58.218.204.226: 11:  [preauth]
Apr 12 02:50:50 ovzhost sshd[883]: PAM 2 more authentication failures; logname= uid=0 euid=0 tty=ssh ruser= rhost=58.218.204.226  user=root
Apr 12 02:50:51 ovzhost sshd[888]: Failed password for root from 43.255.190.169 port 49835 ssh2
Apr 12 02:50:53 ovzhost sshd[892]: pam_unix(sshd:auth): authentication failure; logname= uid=0 euid=0 tty=ssh ruser= rhost=58.218.204.226  user=root
Apr 12 02:50:55 ovzhost sshd[892]: Failed password for root from 58.218.204.226 port 41679 ssh2
Apr 12 02:50:56 ovzhost sshd[888]: message repeated 2 times: [ Failed password for root from 43.255.190.169 port 49835 ssh2]
Apr 12 02:50:56 ovzhost sshd[888]: Received disconnect from 43.255.190.169: 11:  [preauth]
Apr 12 02:50:56 ovzhost sshd[888]: PAM 2 more authentication failures; logname= uid=0 euid=0 tty=ssh ruser= rhost=43.255.190.169  user=root
Apr 12 02:50:56 ovzhost sshd[894]: pam_unix(sshd:auth): authentication failure; logname= uid=0 euid=0 tty=ssh ruser= rhost=43.255.190.169  user=root
Apr 12 02:50:59 ovzhost sshd[894]: Failed password for root from 43.255.190.169 port 40787 ssh2
Apr 12 02:51:01 ovzhost sshd[892]: message repeated 2 times: [ Failed password for root from 58.218.204.226 port 41679 ssh2]
Apr 12 02:51:01 ovzhost sshd[892]: Received disconnect from 58.218.204.226: 11:  [preauth]
Apr 12 02:51:01 ovzhost sshd[892]: PAM 2 more authentication failures; logname= uid=0 euid=0 tty=ssh ruser= rhost=58.218.204.226  user=root
Apr 12 02:51:03 ovzhost sshd[896]: pam_unix(sshd:auth): authentication failure; logname= uid=0 euid=0 tty=ssh ruser= rhost=58.218.204.226  user=root
Apr 12 02:51:03 ovzhost sshd[894]: message repeated 2 times: [ Failed password for root from 43.255.190.169 port 40787 ssh2]
Apr 12 02:51:03 ovzhost sshd[894]: Received disconnect from 43.255.190.169: 11:  [preauth]
Apr 12 02:51:03 ovzhost sshd[894]: PAM 2 more authentication failures; logname= uid=0 euid=0 tty=ssh ruser= rhost=43.255.190.169  user=root
Apr 12 02:51:04 ovzhost sshd[900]: pam_unix(sshd:auth): authentication failure; logname= uid=0 euid=0 tty=ssh ruser= rhost=43.255.190.169  user=root
Apr 12 02:51:05 ovzhost sshd[896]: Failed password for root from 58.218.204.226 port 36402 ssh2
Apr 12 02:51:06 ovzhost sshd[900]: Failed password for root from 43.255.190.169 port 33834 ssh2
Apr 12 02:51:10 ovzhost sshd[896]: message repeated 2 times: [ Failed password for root from 58.218.204.226 port 36402 ssh2]
Apr 12 02:51:10 ovzhost sshd[896]: Received disconnect from 58.218.204.226: 11:  [preauth]
Apr 12 02:51:10 ovzhost sshd[896]: PAM 2 more authentication failures; logname= uid=0 euid=0 tty=ssh ruser= rhost=58.218.204.226  user=root
Apr 12 02:51:11 ovzhost sshd[900]: message repeated 2 times: [ Failed password for root from 43.255.190.169 port 33834 ssh2]
Apr 12 02:51:11 ovzhost sshd[900]: Received disconnect from 43.255.190.169: 11:  [preauth]
Apr 12 02:51:11 ovzhost sshd[900]: PAM 2 more authentication failures; logname= uid=0 euid=0 tty=ssh ruser= rhost=43.255.190.169  user=root
Apr 12 02:51:12 ovzhost sshd[904]: pam_unix(sshd:auth): authentication failure; logname= uid=0 euid=0 tty=ssh ruser= rhost=43.255.190.169  user=root
Apr 12 02:51:13 ovzhost sshd[902]: pam_unix(sshd:auth): authentication failure; logname= uid=0 euid=0 tty=ssh ruser= rhost=58.218.204.226  user=root
Apr 12 02:51:14 ovzhost sshd[904]: Failed password for root from 43.255.190.169 port 55175 ssh2
Apr 12 02:51:14 ovzhost sshd[902]: Failed password for root from 58.218.204.226 port 55525 ssh2
Apr 12 02:51:18 ovzhost sshd[904]: message repeated 2 times: [ Failed password for root from 43.255.190.169 port 55175 ssh2]
Apr 12 02:51:18 ovzhost sshd[904]: Received disconnect from 43.255.190.169: 11:  [preauth]
Apr 12 02:51:18 ovzhost sshd[904]: PAM 2 more authentication failures; logname= uid=0 euid=0 tty=ssh ruser= rhost=43.255.190.169  user=root
Apr 12 02:51:19 ovzhost sshd[906]: pam_unix(sshd:auth): authentication failure; logname= uid=0 euid=0 tty=ssh ruser= rhost=43.255.190.169  user=root
Apr 12 02:51:19 ovzhost sshd[902]: message repeated 2 times: [ Failed password for root from 58.218.204.226 port 55525 ssh2]
Apr 12 02:51:20 ovzhost sshd[902]: Received disconnect from 58.218.204.226: 11:  [preauth]
Apr 12 02:51:20 ovzhost sshd[902]: PAM 2 more authentication failures; logname= uid=0 euid=0 tty=ssh ruser= rhost=58.218.204.226  user=root
Apr 12 02:51:21 ovzhost sshd[906]: Failed password for root from 43.255.190.169 port 45438 ssh2
Apr 12 02:51:22 ovzhost sshd[908]: pam_unix(sshd:auth): authentication failure; logname= uid=0 euid=0 tty=ssh ruser= rhost=58.218.204.226  user=root
Apr 12 02:51:24 ovzhost sshd[908]: Failed password for root from 58.218.204.226 port 46480 ssh2
Apr 12 02:51:26 ovzhost sshd[906]: message repeated 2 times: [ Failed password for root from 43.255.190.169 port 45438 ssh2]
Apr 12 02:51:26 ovzhost sshd[906]: Received disconnect from 43.255.190.169: 11:  [preauth]
Apr 12 02:51:26 ovzhost sshd[906]: PAM 2 more authentication failures; logname= uid=0 euid=0 tty=ssh ruser= rhost=43.255.190.169  user=root
Apr 12 02:51:26 ovzhost sshd[910]: pam_unix(sshd:auth): authentication failure; logname= uid=0 euid=0 tty=ssh ruser= rhost=43.255.190.169  user=root
Apr 12 02:51:28 ovzhost sshd[910]: Failed password for root from 43.255.190.169 port 37349 ssh2
Apr 12 02:51:29 ovzhost sshd[908]: message repeated 2 times: [ Failed password for root from 58.218.204.226 port 46480 ssh2]
Apr 12 02:51:29 ovzhost sshd[908]: Received disconnect from 58.218.204.226: 11:  [preauth]
Apr 12 02:51:29 ovzhost sshd[908]: PAM 2 more authentication failures; logname= uid=0 euid=0 tty=ssh ruser= rhost=58.218.204.226  user=root
Apr 12 02:51:32 ovzhost sshd[912]: pam_unix(sshd:auth): authentication failure; logname= uid=0 euid=0 tty=ssh ruser= rhost=58.218.204.226  user=root
Apr 12 02:51:33 ovzhost sshd[910]: message repeated 2 times: [ Failed password for root from 43.255.190.169 port 37349 ssh2]
Apr 12 02:51:33 ovzhost sshd[910]: Received disconnect from 43.255.190.169: 11:  [preauth]
Apr 12 02:51:33 ovzhost sshd[910]: PAM 2 more authentication failures; logname= uid=0 euid=0 tty=ssh ruser= rhost=43.255.190.169  user=root
Apr 12 02:51:33 ovzhost sshd[914]: pam_unix(sshd:auth): authentication failure; logname= uid=0 euid=0 tty=ssh ruser= rhost=43.255.190.169  user=root
Apr 12 02:51:33 ovzhost sshd[912]: Failed password for root from 58.218.204.226 port 37814 ssh2
Apr 12 02:51:35 ovzhost sshd[914]: Failed password for root from 43.255.190.169 port 55622 ssh2
Apr 12 02:51:39 ovzhost sshd[912]: message repeated 2 times: [ Failed password for root from 58.218.204.226 port 37814 ssh2]
Apr 12 02:51:39 ovzhost sshd[912]: Received disconnect from 58.218.204.226: 11:  [preauth]
Apr 12 02:51:39 ovzhost sshd[912]: PAM 2 more authentication failures; logname= uid=0 euid=0 tty=ssh ruser= rhost=58.218.204.226  user=root
Apr 12 02:51:40 ovzhost sshd[914]: message repeated 2 times: [ Failed password for root from 43.255.190.169 port 55622 ssh2]
Apr 12 02:51:40 ovzhost sshd[914]: Received disconnect from 43.255.190.169: 11:  [preauth]
Apr 12 02:51:40 ovzhost sshd[914]: PAM 2 more authentication failures; logname= uid=0 euid=0 tty=ssh ruser= rhost=43.255.190.169  user=root
Apr 12 02:51:40 ovzhost sshd[918]: pam_unix(sshd:auth): authentication failure; logname= uid=0 euid=0 tty=ssh ruser= rhost=43.255.190.169  user=root
Apr 12 02:51:42 ovzhost sshd[918]: Failed password for root from 43.255.190.169 port 46052 ssh2
Apr 12 02:51:42 ovzhost sshd[916]: pam_unix(sshd:auth): authentication failure; logname= uid=0 euid=0 tty=ssh ruser= rhost=58.218.204.226  user=root
Apr 12 02:51:45 ovzhost sshd[916]: Failed password for root from 58.218.204.226 port 55814 ssh2
Apr 12 02:51:47 ovzhost sshd[918]: message repeated 2 times: [ Failed password for root from 43.255.190.169 port 46052 ssh2]
Apr 12 02:51:47 ovzhost sshd[918]: Received disconnect from 43.255.190.169: 11:  [preauth]
Apr 12 02:51:47 ovzhost sshd[918]: PAM 2 more authentication failures; logname= uid=0 euid=0 tty=ssh ruser= rhost=43.255.190.169  user=root
Apr 12 02:51:48 ovzhost sshd[922]: pam_unix(sshd:auth): authentication failure; logname= uid=0 euid=0 tty=ssh ruser= rhost=43.255.190.169  user=root
Apr 12 02:51:50 ovzhost sshd[922]: Failed password for root from 43.255.190.169 port 36134 ssh2
Apr 12 02:51:51 ovzhost sshd[916]: message repeated 2 times: [ Failed password for root from 58.218.204.226 port 55814 ssh2]
Apr 12 02:51:51 ovzhost sshd[916]: Received disconnect from 58.218.204.226: 11:  [preauth]
Apr 12 02:51:51 ovzhost sshd[916]: PAM 2 more authentication failures; logname= uid=0 euid=0 tty=ssh ruser= rhost=58.218.204.226  user=root
Apr 12 02:51:53 ovzhost sshd[924]: pam_unix(sshd:auth): authentication failure; logname= uid=0 euid=0 tty=ssh ruser= rhost=58.218.204.226  user=root
Apr 12 02:51:54 ovzhost sshd[922]: message repeated 2 times: [ Failed password for root from 43.255.190.169 port 36134 ssh2]
Apr 12 02:51:54 ovzhost sshd[922]: Received disconnect from 43.255.190.169: 11:  [preauth]
Apr 12 02:51:54 ovzhost sshd[922]: PAM 2 more authentication failures; logname= uid=0 euid=0 tty=ssh ruser= rhost=43.255.190.169  user=root
Apr 12 02:51:55 ovzhost sshd[926]: pam_unix(sshd:auth): authentication failure; logname= uid=0 euid=0 tty=ssh ruser= rhost=43.255.190.169  user=root
Apr 12 02:51:55 ovzhost sshd[924]: Failed password for root from 58.218.204.226 port 51709 ssh2
Apr 12 02:51:57 ovzhost sshd[926]: Failed password for root from 43.255.190.169 port 55095 ssh2
Apr 12 02:52:00 ovzhost sshd[924]: message repeated 2 times: [ Failed password for root from 58.218.204.226 port 51709 ssh2]
Apr 12 02:52:00 ovzhost sshd[924]: Received disconnect from 58.218.204.226: 11:  [preauth]
Apr 12 02:52:00 ovzhost sshd[924]: PAM 2 more authentication failures; logname= uid=0 euid=0 tty=ssh ruser= rhost=58.218.204.226  user=root
Apr 12 02:52:01 ovzhost sshd[926]: message repeated 2 times: [ Failed password for root from 43.255.190.169 port 55095 ssh2]
Apr 12 02:52:02 ovzhost sshd[926]: Received disconnect from 43.255.190.169: 11:  [preauth]
Apr 12 02:52:02 ovzhost sshd[926]: PAM 2 more authentication failures; logname= uid=0 euid=0 tty=ssh ruser= rhost=43.255.190.169  user=root
Apr 12 02:52:02 ovzhost sshd[930]: pam_unix(sshd:auth): authentication failure; logname= uid=0 euid=0 tty=ssh ruser= rhost=43.255.190.169  user=root
Apr 12 02:52:03 ovzhost sshd[928]: pam_unix(sshd:auth): authentication failure; logname= uid=0 euid=0 tty=ssh ruser= rhost=58.218.204.226  user=root
Apr 12 02:52:04 ovzhost sshd[930]: Failed password for root from 43.255.190.169 port 45164 ssh2
Apr 12 02:52:04 ovzhost sshd[928]: Failed password for root from 58.218.204.226 port 41827 ssh2
Apr 12 02:52:08 ovzhost sshd[930]: message repeated 2 times: [ Failed password for root from 43.255.190.169 port 45164 ssh2]
Apr 12 02:52:08 ovzhost sshd[930]: Received disconnect from 43.255.190.169: 11:  [preauth]
Apr 12 02:52:08 ovzhost sshd[930]: PAM 2 more authentication failures; logname= uid=0 euid=0 tty=ssh ruser= rhost=43.255.190.169  user=root
Apr 12 02:52:09 ovzhost sshd[933]: pam_unix(sshd:auth): authentication failure; logname= uid=0 euid=0 tty=ssh ruser= rhost=43.255.190.169  user=root
Apr 12 02:52:09 ovzhost sshd[928]: message repeated 2 times: [ Failed password for root from 58.218.204.226 port 41827 ssh2]
Apr 12 02:52:09 ovzhost sshd[928]: Received disconnect from 58.218.204.226: 11:  [preauth]
Apr 12 02:52:09 ovzhost sshd[928]: PAM 2 more authentication failures; logname= uid=0 euid=0 tty=ssh ruser= rhost=58.218.204.226  user=root
Apr 12 02:52:11 ovzhost sshd[933]: Failed password for root from 43.255.190.169 port 34340 ssh2
Apr 12 02:52:13 ovzhost sshd[935]: pam_unix(sshd:auth): authentication failure; logname= uid=0 euid=0 tty=ssh ruser= rhost=58.218.204.226  user=root
Apr 12 02:52:15 ovzhost sshd[935]: Failed password for root from 58.218.204.226 port 60151 ssh2
Apr 12 02:52:15 ovzhost sshd[933]: message repeated 2 times: [ Failed password for root from 43.255.190.169 port 34340 ssh2]
Apr 12 02:52:15 ovzhost sshd[933]: Received disconnect from 43.255.190.169: 11:  [preauth]
Apr 12 02:52:15 ovzhost sshd[933]: PAM 2 more authentication failures; logname= uid=0 euid=0 tty=ssh ruser= rhost=43.255.190.169  user=root
Apr 12 02:52:16 ovzhost sshd[937]: pam_unix(sshd:auth): authentication failure; logname= uid=0 euid=0 tty=ssh ruser= rhost=43.255.190.169  user=root
Apr 12 02:52:17 ovzhost sshd[937]: Failed password for root from 43.255.190.169 port 51948 ssh2
Apr 12 02:52:19 ovzhost sshd[935]: message repeated 2 times: [ Failed password for root from 58.218.204.226 port 60151 ssh2]
Apr 12 02:52:20 ovzhost sshd[935]: Received disconnect from 58.218.204.226: 11:  [preauth]
Apr 12 02:52:20 ovzhost sshd[935]: PAM 2 more authentication failures; logname= uid=0 euid=0 tty=ssh ruser= rhost=58.218.204.226  user=root
Apr 12 02:52:21 ovzhost sshd[942]: Connection closed by 127.0.0.1 [preauth]
Apr 12 02:52:22 ovzhost sshd[939]: pam_unix(sshd:auth): authentication failure; logname= uid=0 euid=0 tty=ssh ruser= rhost=58.218.204.226  user=root
Apr 12 02:52:22 ovzhost sshd[937]: message repeated 2 times: [ Failed password for root from 43.255.190.169 port 51948 ssh2]
Apr 12 02:52:22 ovzhost sshd[937]: Received disconnect from 43.255.190.169: 11:  [preauth]
Apr 12 02:52:22 ovzhost sshd[937]: PAM 2 more authentication failures; logname= uid=0 euid=0 tty=ssh ruser= rhost=43.255.190.169  user=root
Apr 12 02:52:22 ovzhost sshd[944]: pam_unix(sshd:auth): authentication failure; logname= uid=0 euid=0 tty=ssh ruser= rhost=43.255.190.169  user=root
Apr 12 02:52:24 ovzhost sshd[939]: Failed password for root from 58.218.204.226 port 52140 ssh2
Apr 12 02:52:24 ovzhost sshd[944]: Failed password for root from 43.255.190.169 port 41396 ssh2
Apr 12 02:52:28 ovzhost sshd[939]: message repeated 2 times: [ Failed password for root from 58.218.204.226 port 52140 ssh2]
Apr 12 02:52:28 ovzhost sshd[939]: Received disconnect from 58.218.204.226: 11:  [preauth]
Apr 12 02:52:28 ovzhost sshd[939]: PAM 2 more authentication failures; logname= uid=0 euid=0 tty=ssh ruser= rhost=58.218.204.226  user=root
Apr 12 02:52:28 ovzhost sshd[944]: message repeated 2 times: [ Failed password for root from 43.255.190.169 port 41396 ssh2]
Apr 12 02:52:28 ovzhost sshd[944]: Received disconnect from 43.255.190.169: 11:  [preauth]
Apr 12 02:52:28 ovzhost sshd[944]: PAM 2 more authentication failures; logname= uid=0 euid=0 tty=ssh ruser= rhost=43.255.190.169  user=root
Apr 12 02:52:29 ovzhost sshd[948]: pam_unix(sshd:auth): authentication failure; logname= uid=0 euid=0 tty=ssh ruser= rhost=43.255.190.169  user=root
Apr 12 02:52:30 ovzhost sshd[946]: pam_unix(sshd:auth): authentication failure; logname= uid=0 euid=0 tty=ssh ruser= rhost=58.218.204.226  user=root
Apr 12 02:52:31 ovzhost sshd[948]: Failed password for root from 43.255.190.169 port 58659 ssh2
Apr 12 02:52:32 ovzhost sshd[946]: Failed password for root from 58.218.204.226 port 40564 ssh2
Apr 12 02:52:36 ovzhost sshd[948]: message repeated 2 times: [ Failed password for root from 43.255.190.169 port 58659 ssh2]
Apr 12 02:52:36 ovzhost sshd[948]: Received disconnect from 43.255.190.169: 11:  [preauth]
Apr 12 02:52:36 ovzhost sshd[948]: PAM 2 more authentication failures; logname= uid=0 euid=0 tty=ssh ruser= rhost=43.255.190.169  user=root
Apr 12 02:52:36 ovzhost sshd[950]: pam_unix(sshd:auth): authentication failure; logname= uid=0 euid=0 tty=ssh ruser= rhost=43.255.190.169  user=root
Apr 12 02:52:37 ovzhost sshd[946]: message repeated 2 times: [ Failed password for root from 58.218.204.226 port 40564 ssh2]
Apr 12 02:52:37 ovzhost sshd[946]: Received disconnect from 58.218.204.226: 11:  [preauth]
Apr 12 02:52:37 ovzhost sshd[946]: PAM 2 more authentication failures; logname= uid=0 euid=0 tty=ssh ruser= rhost=58.218.204.226  user=root
Apr 12 02:52:39 ovzhost sshd[950]: Failed password for root from 43.255.190.169 port 49327 ssh2
Apr 12 02:52:40 ovzhost sshd[952]: pam_unix(sshd:auth): authentication failure; logname= uid=0 euid=0 tty=ssh ruser= rhost=58.218.204.226  user=root
Apr 12 02:52:42 ovzhost sshd[952]: Failed password for root from 58.218.204.226 port 59616 ssh2
Apr 12 02:52:42 ovzhost sshd[950]: message repeated 2 times: [ Failed password for root from 43.255.190.169 port 49327 ssh2]
Apr 12 02:52:42 ovzhost sshd[950]: Received disconnect from 43.255.190.169: 11:  [preauth]
Apr 12 02:52:42 ovzhost sshd[950]: PAM 2 more authentication failures; logname= uid=0 euid=0 tty=ssh ruser= rhost=43.255.190.169  user=root
Apr 12 02:52:43 ovzhost sshd[954]: pam_unix(sshd:auth): authentication failure; logname= uid=0 euid=0 tty=ssh ruser= rhost=43.255.190.169  user=root
Apr 12 02:52:45 ovzhost sshd[954]: Failed password for root from 43.255.190.169 port 38372 ssh2
Apr 12 02:52:47 ovzhost sshd[952]: message repeated 2 times: [ Failed password for root from 58.218.204.226 port 59616 ssh2]
Apr 12 02:52:48 ovzhost sshd[952]: Received disconnect from 58.218.204.226: 11:  [preauth]
Apr 12 02:52:48 ovzhost sshd[952]: PAM 2 more authentication failures; logname= uid=0 euid=0 tty=ssh ruser= rhost=58.218.204.226  user=root
Apr 12 02:52:49 ovzhost sshd[954]: message repeated 2 times: [ Failed password for root from 43.255.190.169 port 38372 ssh2]
Apr 12 02:52:49 ovzhost sshd[954]: Received disconnect from 43.255.190.169: 11:  [preauth]
Apr 12 02:52:49 ovzhost sshd[954]: PAM 2 more authentication failures; logname= uid=0 euid=0 tty=ssh ruser= rhost=43.255.190.169  user=root
Apr 12 02:52:50 ovzhost sshd[958]: pam_unix(sshd:auth): authentication failure; logname= uid=0 euid=0 tty=ssh ruser= rhost=43.255.190.169  user=root
Apr 12 02:52:51 ovzhost sshd[956]: pam_unix(sshd:auth): authentication failure; logname= uid=0 euid=0 tty=ssh ruser= rhost=58.218.204.226  user=root
Apr 12 02:52:51 ovzhost sshd[958]: Failed password for root from 43.255.190.169 port 56294 ssh2
Apr 12 02:52:53 ovzhost sshd[956]: Failed password for root from 58.218.204.226 port 51852 ssh2
Apr 12 02:52:55 ovzhost sshd[958]: message repeated 2 times: [ Failed password for root from 43.255.190.169 port 56294 ssh2]
Apr 12 02:52:55 ovzhost sshd[958]: Received disconnect from 43.255.190.169: 11:  [preauth]
Apr 12 02:52:55 ovzhost sshd[958]: PAM 2 more authentication failures; logname= uid=0 euid=0 tty=ssh ruser= rhost=43.255.190.169  user=root
Apr 12 02:52:56 ovzhost sshd[960]: pam_unix(sshd:auth): authentication failure; logname= uid=0 euid=0 tty=ssh ruser= rhost=43.255.190.169  user=root
Apr 12 02:52:58 ovzhost sshd[956]: message repeated 2 times: [ Failed password for root from 58.218.204.226 port 51852 ssh2]
Apr 12 02:52:58 ovzhost sshd[956]: Received disconnect from 58.218.204.226: 11:  [preauth]
Apr 12 02:52:58 ovzhost sshd[956]: PAM 2 more authentication failures; logname= uid=0 euid=0 tty=ssh ruser= rhost=58.218.204.226  user=root
Apr 12 02:52:58 ovzhost sshd[960]: Failed password for root from 43.255.190.169 port 44248 ssh2
Apr 12 02:53:00 ovzhost sshd[962]: pam_unix(sshd:auth): authentication failure; logname= uid=0 euid=0 tty=ssh ruser= rhost=58.218.204.226  user=root
Apr 12 02:53:02 ovzhost sshd[960]: message repeated 2 times: [ Failed password for root from 43.255.190.169 port 44248 ssh2]
Apr 12 02:53:02 ovzhost sshd[960]: Received disconnect from 43.255.190.169: 11:  [preauth]
Apr 12 02:53:02 ovzhost sshd[960]: PAM 2 more authentication failures; logname= uid=0 euid=0 tty=ssh ruser= rhost=43.255.190.169  user=root
Apr 12 02:53:02 ovzhost sshd[962]: Failed password for root from 58.218.204.226 port 43010 ssh2
Apr 12 02:53:02 ovzhost sshd[964]: pam_unix(sshd:auth): authentication failure; logname= uid=0 euid=0 tty=ssh ruser= rhost=43.255.190.169  user=root
Apr 12 02:53:04 ovzhost sshd[964]: Failed password for root from 43.255.190.169 port 33220 ssh2
Apr 12 02:53:06 ovzhost sshd[962]: message repeated 2 times: [ Failed password for root from 58.218.204.226 port 43010 ssh2]
Apr 12 02:53:06 ovzhost sshd[962]: Received disconnect from 58.218.204.226: 11:  [preauth]
Apr 12 02:53:06 ovzhost sshd[962]: PAM 2 more authentication failures; logname= uid=0 euid=0 tty=ssh ruser= rhost=58.218.204.226  user=root
Apr 12 02:53:08 ovzhost sshd[966]: pam_unix(sshd:auth): authentication failure; logname= uid=0 euid=0 tty=ssh ruser= rhost=58.218.204.226  user=root
Apr 12 02:53:09 ovzhost sshd[964]: message repeated 2 times: [ Failed password for root from 43.255.190.169 port 33220 ssh2]
Apr 12 02:53:09 ovzhost sshd[964]: Received disconnect from 43.255.190.169: 11:  [preauth]
Apr 12 02:53:09 ovzhost sshd[964]: PAM 2 more authentication failures; logname= uid=0 euid=0 tty=ssh ruser= rhost=43.255.190.169  user=root
Apr 12 02:53:09 ovzhost sshd[969]: pam_unix(sshd:auth): authentication failure; logname= uid=0 euid=0 tty=ssh ruser= rhost=43.255.190.169  user=root
Apr 12 02:53:10 ovzhost sshd[966]: Failed password for root from 58.218.204.226 port 33697 ssh2
Apr 12 02:53:11 ovzhost sshd[969]: Failed password for root from 43.255.190.169 port 51166 ssh2
Apr 12 02:53:14 ovzhost sshd[966]: message repeated 2 times: [ Failed password for root from 58.218.204.226 port 33697 ssh2]
Apr 12 02:53:15 ovzhost sshd[966]: Received disconnect from 58.218.204.226: 11:  [preauth]
Apr 12 02:53:15 ovzhost sshd[966]: PAM 2 more authentication failures; logname= uid=0 euid=0 tty=ssh ruser= rhost=58.218.204.226  user=root
Apr 12 02:53:15 ovzhost sshd[969]: message repeated 2 times: [ Failed password for root from 43.255.190.169 port 51166 ssh2]
Apr 12 02:53:15 ovzhost sshd[969]: Received disconnect from 43.255.190.169: 11:  [preauth]
Apr 12 02:53:15 ovzhost sshd[969]: PAM 2 more authentication failures; logname= uid=0 euid=0 tty=ssh ruser= rhost=43.255.190.169  user=root
Apr 12 02:53:16 ovzhost sshd[971]: pam_unix(sshd:auth): authentication failure; logname= uid=0 euid=0 tty=ssh ruser= rhost=43.255.190.169  user=root
Apr 12 02:53:17 ovzhost sshd[973]: pam_unix(sshd:auth): authentication failure; logname= uid=0 euid=0 tty=ssh ruser= rhost=58.218.204.226  user=root
Apr 12 02:53:18 ovzhost sshd[971]: Failed password for root from 43.255.190.169 port 39563 ssh2
Apr 12 02:53:20 ovzhost sshd[973]: Failed password for root from 58.218.204.226 port 51831 ssh2
Apr 12 02:53:22 ovzhost sshd[971]: message repeated 2 times: [ Failed password for root from 43.255.190.169 port 39563 ssh2]
Apr 12 02:53:22 ovzhost sshd[971]: Received disconnect from 43.255.190.169: 11:  [preauth]
Apr 12 02:53:22 ovzhost sshd[971]: PAM 2 more authentication failures; logname= uid=0 euid=0 tty=ssh ruser= rhost=43.255.190.169  user=root
Apr 12 02:53:23 ovzhost sshd[977]: pam_unix(sshd:auth): authentication failure; logname= uid=0 euid=0 tty=ssh ruser= rhost=43.255.190.169  user=root
Apr 12 02:53:23 ovzhost sshd[973]: message repeated 2 times: [ Failed password for root from 58.218.204.226 port 51831 ssh2]
Apr 12 02:53:24 ovzhost sshd[973]: Received disconnect from 58.218.204.226: 11:  [preauth]
Apr 12 02:53:24 ovzhost sshd[973]: PAM 2 more authentication failures; logname= uid=0 euid=0 tty=ssh ruser= rhost=58.218.204.226  user=root
Apr 12 02:53:25 ovzhost sshd[977]: Failed password for root from 43.255.190.169 port 58232 ssh2
Apr 12 02:53:28 ovzhost sshd[977]: message repeated 2 times: [ Failed password for root from 43.255.190.169 port 58232 ssh2]
Apr 12 02:53:28 ovzhost sshd[977]: Received disconnect from 43.255.190.169: 11:  [preauth]
Apr 12 02:53:28 ovzhost sshd[977]: PAM 2 more authentication failures; logname= uid=0 euid=0 tty=ssh ruser= rhost=43.255.190.169  user=root
Apr 12 02:53:29 ovzhost sshd[981]: pam_unix(sshd:auth): authentication failure; logname= uid=0 euid=0 tty=ssh ruser= rhost=43.255.190.169  user=root
Apr 12 02:53:29 ovzhost sshd[979]: pam_unix(sshd:auth): authentication failure; logname= uid=0 euid=0 tty=ssh ruser= rhost=58.218.204.226  user=root
Apr 12 02:53:31 ovzhost sshd[981]: Failed password for root from 43.255.190.169 port 45882 ssh2
Apr 12 02:53:31 ovzhost sshd[979]: Failed password for root from 58.218.204.226 port 41446 ssh2
Apr 12 02:53:35 ovzhost sshd[981]: message repeated 2 times: [ Failed password for root from 43.255.190.169 port 45882 ssh2]
Apr 12 02:53:35 ovzhost sshd[981]: Received disconnect from 43.255.190.169: 11:  [preauth]
Apr 12 02:53:35 ovzhost sshd[981]: PAM 2 more authentication failures; logname= uid=0 euid=0 tty=ssh ruser= rhost=43.255.190.169  user=root
Apr 12 02:53:35 ovzhost sshd[979]: message repeated 2 times: [ Failed password for root from 58.218.204.226 port 41446 ssh2]
Apr 12 02:53:35 ovzhost sshd[979]: Received disconnect from 58.218.204.226: 11:  [preauth]
Apr 12 02:53:35 ovzhost sshd[979]: PAM 2 more authentication failures; logname= uid=0 euid=0 tty=ssh ruser= rhost=58.218.204.226  user=root
Apr 12 02:53:35 ovzhost sshd[983]: pam_unix(sshd:auth): authentication failure; logname= uid=0 euid=0 tty=ssh ruser= rhost=43.255.190.169  user=root
Apr 12 02:53:37 ovzhost sshd[985]: pam_unix(sshd:auth): authentication failure; logname= uid=0 euid=0 tty=ssh ruser= rhost=58.218.204.226  user=root
Apr 12 02:53:37 ovzhost sshd[983]: Failed password for root from 43.255.190.169 port 34164 ssh2
Apr 12 02:53:39 ovzhost sshd[985]: Failed password for root from 58.218.204.226 port 37927 ssh2
Apr 12 02:53:41 ovzhost sshd[983]: message repeated 2 times: [ Failed password for root from 43.255.190.169 port 34164 ssh2]
Apr 12 02:53:41 ovzhost sshd[983]: Received disconnect from 43.255.190.169: 11:  [preauth]
Apr 12 02:53:41 ovzhost sshd[983]: PAM 2 more authentication failures; logname= uid=0 euid=0 tty=ssh ruser= rhost=43.255.190.169  user=root
Apr 12 02:53:41 ovzhost sshd[987]: pam_unix(sshd:auth): authentication failure; logname= uid=0 euid=0 tty=ssh ruser= rhost=43.255.190.169  user=root
Apr 12 02:53:43 ovzhost sshd[985]: message repeated 2 times: [ Failed password for root from 58.218.204.226 port 37927 ssh2]
Apr 12 02:53:44 ovzhost sshd[985]: Received disconnect from 58.218.204.226: 11:  [preauth]
Apr 12 02:53:44 ovzhost sshd[985]: PAM 2 more authentication failures; logname= uid=0 euid=0 tty=ssh ruser= rhost=58.218.204.226  user=root
Apr 12 02:53:44 ovzhost sshd[987]: Failed password for root from 43.255.190.169 port 49864 ssh2
Apr 12 02:53:46 ovzhost sshd[989]: pam_unix(sshd:auth): authentication failure; logname= uid=0 euid=0 tty=ssh ruser= rhost=58.218.204.226  user=root
Apr 12 02:53:48 ovzhost sshd[987]: message repeated 2 times: [ Failed password for root from 43.255.190.169 port 49864 ssh2]
Apr 12 02:53:48 ovzhost sshd[987]: Received disconnect from 43.255.190.169: 11:  [preauth]
Apr 12 02:53:48 ovzhost sshd[987]: PAM 2 more authentication failures; logname= uid=0 euid=0 tty=ssh ruser= rhost=43.255.190.169  user=root
Apr 12 02:53:48 ovzhost sshd[989]: Failed password for root from 58.218.204.226 port 56235 ssh2
Apr 12 02:53:48 ovzhost sshd[991]: pam_unix(sshd:auth): authentication failure; logname= uid=0 euid=0 tty=ssh ruser= rhost=43.255.190.169  user=root
Apr 12 02:53:51 ovzhost sshd[991]: Failed password for root from 43.255.190.169 port 39123 ssh2
Apr 12 02:53:53 ovzhost sshd[989]: message repeated 2 times: [ Failed password for root from 58.218.204.226 port 56235 ssh2]
Apr 12 02:53:53 ovzhost sshd[989]: Received disconnect from 58.218.204.226: 11:  [preauth]
Apr 12 02:53:53 ovzhost sshd[989]: PAM 2 more authentication failures; logname= uid=0 euid=0 tty=ssh ruser= rhost=58.218.204.226  user=root
Apr 12 02:53:55 ovzhost sshd[991]: message repeated 2 times: [ Failed password for root from 43.255.190.169 port 39123 ssh2]
Apr 12 02:53:55 ovzhost sshd[991]: Received disconnect from 43.255.190.169: 11:  [preauth]
Apr 12 02:53:55 ovzhost sshd[991]: PAM 2 more authentication failures; logname= uid=0 euid=0 tty=ssh ruser= rhost=43.255.190.169  user=root
Apr 12 02:53:56 ovzhost sshd[993]: pam_unix(sshd:auth): authentication failure; logname= uid=0 euid=0 tty=ssh ruser= rhost=43.255.190.169  user=root
Apr 12 02:53:58 ovzhost sshd[993]: Failed password for root from 43.255.190.169 port 57415 ssh2
Apr 12 02:54:01 ovzhost sshd[993]: message repeated 2 times: [ Failed password for root from 43.255.190.169 port 57415 ssh2]
Apr 12 02:54:01 ovzhost sshd[993]: Received disconnect from 43.255.190.169: 11:  [preauth]
Apr 12 02:54:01 ovzhost sshd[993]: PAM 2 more authentication failures; logname= uid=0 euid=0 tty=ssh ruser= rhost=43.255.190.169  user=root
Apr 12 02:54:02 ovzhost sshd[995]: pam_unix(sshd:auth): authentication failure; logname= uid=0 euid=0 tty=ssh ruser= rhost=43.255.190.169  user=root
Apr 12 02:54:03 ovzhost sshd[995]: Failed password for root from 43.255.190.169 port 45589 ssh2
Apr 12 02:54:07 ovzhost sshd[995]: message repeated 2 times: [ Failed password for root from 43.255.190.169 port 45589 ssh2]
Apr 12 02:54:07 ovzhost sshd[995]: Received disconnect from 43.255.190.169: 11:  [preauth]
Apr 12 02:54:07 ovzhost sshd[995]: PAM 2 more authentication failures; logname= uid=0 euid=0 tty=ssh ruser= rhost=43.255.190.169  user=root
Apr 12 02:54:08 ovzhost sshd[997]: pam_unix(sshd:auth): authentication failure; logname= uid=0 euid=0 tty=ssh ruser= rhost=43.255.190.169  user=root
Apr 12 02:54:10 ovzhost sshd[997]: Failed password for root from 43.255.190.169 port 33472 ssh2
Apr 12 02:54:13 ovzhost sshd[997]: message repeated 2 times: [ Failed password for root from 43.255.190.169 port 33472 ssh2]
Apr 12 02:54:13 ovzhost sshd[997]: Received disconnect from 43.255.190.169: 11:  [preauth]
Apr 12 02:54:13 ovzhost sshd[997]: PAM 2 more authentication failures; logname= uid=0 euid=0 tty=ssh ruser= rhost=43.255.190.169  user=root
Apr 12 02:54:14 ovzhost sshd[1001]: pam_unix(sshd:auth): authentication failure; logname= uid=0 euid=0 tty=ssh ruser= rhost=43.255.190.169  user=root
Apr 12 02:54:16 ovzhost sshd[1001]: Failed password for root from 43.255.190.169 port 49652 ssh2
Apr 12 02:54:20 ovzhost sshd[1001]: message repeated 2 times: [ Failed password for root from 43.255.190.169 port 49652 ssh2]
Apr 12 02:54:20 ovzhost sshd[1001]: Received disconnect from 43.255.190.169: 11:  [preauth]
Apr 12 02:54:20 ovzhost sshd[1001]: PAM 2 more authentication failures; logname= uid=0 euid=0 tty=ssh ruser= rhost=43.255.190.169  user=root
Apr 12 02:54:21 ovzhost sshd[1003]: pam_unix(sshd:auth): authentication failure; logname= uid=0 euid=0 tty=ssh ruser= rhost=43.255.190.169  user=root
Apr 12 02:54:22 ovzhost sshd[1003]: Failed password for root from 43.255.190.169 port 39847 ssh2
Apr 12 02:54:26 ovzhost sshd[1003]: message repeated 2 times: [ Failed password for root from 43.255.190.169 port 39847 ssh2]
Apr 12 02:54:26 ovzhost sshd[1003]: Received disconnect from 43.255.190.169: 11:  [preauth]
Apr 12 02:54:26 ovzhost sshd[1003]: PAM 2 more authentication failures; logname= uid=0 euid=0 tty=ssh ruser= rhost=43.255.190.169  user=root
Apr 12 02:54:27 ovzhost sshd[1005]: pam_unix(sshd:auth): authentication failure; logname= uid=0 euid=0 tty=ssh ruser= rhost=43.255.190.169  user=root
Apr 12 02:54:28 ovzhost sshd[1005]: Failed password for root from 43.255.190.169 port 57288 ssh2
Apr 12 02:54:32 ovzhost sshd[1005]: message repeated 2 times: [ Failed password for root from 43.255.190.169 port 57288 ssh2]
Apr 12 02:54:32 ovzhost sshd[1005]: Received disconnect from 43.255.190.169: 11:  [preauth]
Apr 12 02:54:32 ovzhost sshd[1005]: PAM 2 more authentication failures; logname= uid=0 euid=0 tty=ssh ruser= rhost=43.255.190.169  user=root
Apr 12 02:54:33 ovzhost sshd[1008]: pam_unix(sshd:auth): authentication failure; logname= uid=0 euid=0 tty=ssh ruser= rhost=43.255.190.169  user=root
Apr 12 02:54:34 ovzhost sshd[1008]: Failed password for root from 43.255.190.169 port 45557 ssh2
Apr 12 02:54:38 ovzhost sshd[1008]: message repeated 2 times: [ Failed password for root from 43.255.190.169 port 45557 ssh2]
Apr 12 02:54:38 ovzhost sshd[1008]: Received disconnect from 43.255.190.169: 11:  [preauth]
Apr 12 02:54:38 ovzhost sshd[1008]: PAM 2 more authentication failures; logname= uid=0 euid=0 tty=ssh ruser= rhost=43.255.190.169  user=root
Apr 12 02:54:39 ovzhost sshd[1010]: pam_unix(sshd:auth): authentication failure; logname= uid=0 euid=0 tty=ssh ruser= rhost=43.255.190.169  user=root
Apr 12 02:54:41 ovzhost sshd[1010]: Failed password for root from 43.255.190.169 port 33447 ssh2
Apr 12 02:54:44 ovzhost sshd[1010]: message repeated 2 times: [ Failed password for root from 43.255.190.169 port 33447 ssh2]
Apr 12 02:54:45 ovzhost sshd[1010]: Received disconnect from 43.255.190.169: 11:  [preauth]
Apr 12 02:54:45 ovzhost sshd[1010]: PAM 2 more authentication failures; logname= uid=0 euid=0 tty=ssh ruser= rhost=43.255.190.169  user=root
Apr 12 02:54:45 ovzhost sshd[1014]: pam_unix(sshd:auth): authentication failure; logname= uid=0 euid=0 tty=ssh ruser= rhost=43.255.190.169  user=root
Apr 12 02:54:46 ovzhost sshd[1014]: Failed password for root from 43.255.190.169 port 50277 ssh2
Apr 12 02:54:51 ovzhost sshd[1014]: message repeated 2 times: [ Failed password for root from 43.255.190.169 port 50277 ssh2]
Apr 12 02:54:51 ovzhost sshd[1014]: Received disconnect from 43.255.190.169: 11:  [preauth]
Apr 12 02:54:51 ovzhost sshd[1014]: PAM 2 more authentication failures; logname= uid=0 euid=0 tty=ssh ruser= rhost=43.255.190.169  user=root
Apr 12 02:54:51 ovzhost sshd[1016]: pam_unix(sshd:auth): authentication failure; logname= uid=0 euid=0 tty=ssh ruser= rhost=43.255.190.169  user=root
Apr 12 02:54:53 ovzhost sshd[1016]: Failed password for root from 43.255.190.169 port 39050 ssh2
Apr 12 02:54:56 ovzhost sshd[1016]: message repeated 2 times: [ Failed password for root from 43.255.190.169 port 39050 ssh2]
Apr 12 02:54:56 ovzhost sshd[1016]: Received disconnect from 43.255.190.169: 11:  [preauth]
Apr 12 02:54:56 ovzhost sshd[1016]: PAM 2 more authentication failures; logname= uid=0 euid=0 tty=ssh ruser= rhost=43.255.190.169  user=root
Apr 12 02:54:57 ovzhost sshd[1018]: pam_unix(sshd:auth): authentication failure; logname= uid=0 euid=0 tty=ssh ruser= rhost=43.255.190.169  user=root
Apr 12 02:54:59 ovzhost sshd[1018]: Failed password for root from 43.255.190.169 port 54877 ssh2
Apr 12 02:55:03 ovzhost sshd[1018]: message repeated 2 times: [ Failed password for root from 43.255.190.169 port 54877 ssh2]
Apr 12 02:55:03 ovzhost sshd[1018]: Received disconnect from 43.255.190.169: 11:  [preauth]
Apr 12 02:55:03 ovzhost sshd[1018]: PAM 2 more authentication failures; logname= uid=0 euid=0 tty=ssh ruser= rhost=43.255.190.169  user=root
Apr 12 02:55:04 ovzhost sshd[1020]: pam_unix(sshd:auth): authentication failure; logname= uid=0 euid=0 tty=ssh ruser= rhost=43.255.190.169  user=root
Apr 12 02:55:06 ovzhost sshd[1020]: Failed password for root from 43.255.190.169 port 45134 ssh2
Apr 12 02:55:10 ovzhost sshd[1020]: message repeated 2 times: [ Failed password for root from 43.255.190.169 port 45134 ssh2]
Apr 12 02:55:10 ovzhost sshd[1020]: Received disconnect from 43.255.190.169: 11:  [preauth]
Apr 12 02:55:10 ovzhost sshd[1020]: PAM 2 more authentication failures; logname= uid=0 euid=0 tty=ssh ruser= rhost=43.255.190.169  user=root
Apr 12 02:55:10 ovzhost sshd[1023]: pam_unix(sshd:auth): authentication failure; logname= uid=0 euid=0 tty=ssh ruser= rhost=43.255.190.169  user=root
Apr 12 02:55:12 ovzhost sshd[1023]: Failed password for root from 43.255.190.169 port 34201 ssh2
Apr 12 02:55:16 ovzhost sshd[1023]: message repeated 2 times: [ Failed password for root from 43.255.190.169 port 34201 ssh2]
Apr 12 02:55:16 ovzhost sshd[1023]: Received disconnect from 43.255.190.169: 11:  [preauth]
Apr 12 02:55:16 ovzhost sshd[1023]: PAM 2 more authentication failures; logname= uid=0 euid=0 tty=ssh ruser= rhost=43.255.190.169  user=root
Apr 12 02:55:17 ovzhost sshd[1025]: pam_unix(sshd:auth): authentication failure; logname= uid=0 euid=0 tty=ssh ruser= rhost=43.255.190.169  user=root
Apr 12 02:55:19 ovzhost sshd[1025]: Failed password for root from 43.255.190.169 port 52450 ssh2
Apr 12 02:55:23 ovzhost sshd[1025]: message repeated 2 times: [ Failed password for root from 43.255.190.169 port 52450 ssh2]
Apr 12 02:55:23 ovzhost sshd[1025]: Received disconnect from 43.255.190.169: 11:  [preauth]
Apr 12 02:55:23 ovzhost sshd[1025]: PAM 2 more authentication failures; logname= uid=0 euid=0 tty=ssh ruser= rhost=43.255.190.169  user=root
Apr 12 02:55:24 ovzhost sshd[1027]: pam_unix(sshd:auth): authentication failure; logname= uid=0 euid=0 tty=ssh ruser= rhost=43.255.190.169  user=root
Apr 12 02:55:26 ovzhost sshd[1027]: Failed password for root from 43.255.190.169 port 41768 ssh2
Apr 12 02:55:29 ovzhost sshd[1027]: message repeated 2 times: [ Failed password for root from 43.255.190.169 port 41768 ssh2]
Apr 12 02:55:29 ovzhost sshd[1027]: Received disconnect from 43.255.190.169: 11:  [preauth]
Apr 12 02:55:29 ovzhost sshd[1027]: PAM 2 more authentication failures; logname= uid=0 euid=0 tty=ssh ruser= rhost=43.255.190.169  user=root
Apr 12 02:55:30 ovzhost sshd[1029]: pam_unix(sshd:auth): authentication failure; logname= uid=0 euid=0 tty=ssh ruser= rhost=43.255.190.169  user=root
Apr 12 02:55:32 ovzhost sshd[1029]: Failed password for root from 43.255.190.169 port 59171 ssh2
Apr 12 02:55:36 ovzhost sshd[1029]: message repeated 2 times: [ Failed password for root from 43.255.190.169 port 59171 ssh2]
Apr 12 02:55:36 ovzhost sshd[1029]: Received disconnect from 43.255.190.169: 11:  [preauth]
Apr 12 02:55:36 ovzhost sshd[1029]: PAM 2 more authentication failures; logname= uid=0 euid=0 tty=ssh ruser= rhost=43.255.190.169  user=root
Apr 12 02:55:37 ovzhost sshd[1031]: pam_unix(sshd:auth): authentication failure; logname= uid=0 euid=0 tty=ssh ruser= rhost=43.255.190.169  user=root
Apr 12 02:55:39 ovzhost sshd[1031]: Failed password for root from 43.255.190.169 port 49253 ssh2
Apr 12 02:55:43 ovzhost sshd[1031]: message repeated 2 times: [ Failed password for root from 43.255.190.169 port 49253 ssh2]
Apr 12 02:55:43 ovzhost sshd[1031]: Received disconnect from 43.255.190.169: 11:  [preauth]
Apr 12 02:55:43 ovzhost sshd[1031]: PAM 2 more authentication failures; logname= uid=0 euid=0 tty=ssh ruser= rhost=43.255.190.169  user=root
Apr 12 02:55:44 ovzhost sshd[1033]: pam_unix(sshd:auth): authentication failure; logname= uid=0 euid=0 tty=ssh ruser= rhost=43.255.190.169  user=root
Apr 12 02:55:46 ovzhost sshd[1033]: Failed password for root from 43.255.190.169 port 39091 ssh2
Apr 12 02:55:50 ovzhost sshd[1033]: message repeated 2 times: [ Failed password for root from 43.255.190.169 port 39091 ssh2]
Apr 12 02:55:50 ovzhost sshd[1033]: Received disconnect from 43.255.190.169: 11:  [preauth]
Apr 12 02:55:50 ovzhost sshd[1033]: PAM 2 more authentication failures; logname= uid=0 euid=0 tty=ssh ruser= rhost=43.255.190.169  user=root
Apr 12 02:55:51 ovzhost sshd[1037]: pam_unix(sshd:auth): authentication failure; logname= uid=0 euid=0 tty=ssh ruser= rhost=43.255.190.169  user=root
Apr 12 02:55:53 ovzhost sshd[1037]: Failed password for root from 43.255.190.169 port 58257 ssh2
Apr 12 02:55:57 ovzhost sshd[1037]: message repeated 2 times: [ Failed password for root from 43.255.190.169 port 58257 ssh2]
Apr 12 02:55:57 ovzhost sshd[1037]: Received disconnect from 43.255.190.169: 11:  [preauth]
Apr 12 02:55:57 ovzhost sshd[1037]: PAM 2 more authentication failures; logname= uid=0 euid=0 tty=ssh ruser= rhost=43.255.190.169  user=root
Apr 12 02:55:58 ovzhost sshd[1039]: pam_unix(sshd:auth): authentication failure; logname= uid=0 euid=0 tty=ssh ruser= rhost=43.255.190.169  user=root
Apr 12 02:56:00 ovzhost sshd[1039]: Failed password for root from 43.255.190.169 port 49476 ssh2
Apr 12 02:56:04 ovzhost sshd[1039]: message repeated 2 times: [ Failed password for root from 43.255.190.169 port 49476 ssh2]
Apr 12 02:56:04 ovzhost sshd[1039]: Received disconnect from 43.255.190.169: 11:  [preauth]
Apr 12 02:56:04 ovzhost sshd[1039]: PAM 2 more authentication failures; logname= uid=0 euid=0 tty=ssh ruser= rhost=43.255.190.169  user=root
Apr 12 02:56:04 ovzhost sshd[1041]: pam_unix(sshd:auth): authentication failure; logname= uid=0 euid=0 tty=ssh ruser= rhost=43.255.190.169  user=root
Apr 12 02:56:06 ovzhost sshd[1041]: Failed password for root from 43.255.190.169 port 38919 ssh2
Apr 12 02:56:10 ovzhost sshd[1041]: message repeated 2 times: [ Failed password for root from 43.255.190.169 port 38919 ssh2]
Apr 12 02:56:11 ovzhost sshd[1041]: Received disconnect from 43.255.190.169: 11:  [preauth]
Apr 12 02:56:11 ovzhost sshd[1041]: PAM 2 more authentication failures; logname= uid=0 euid=0 tty=ssh ruser= rhost=43.255.190.169  user=root
Apr 12 02:56:11 ovzhost sshd[1045]: pam_unix(sshd:auth): authentication failure; logname= uid=0 euid=0 tty=ssh ruser= rhost=43.255.190.169  user=root
Apr 12 02:56:13 ovzhost sshd[1045]: Failed password for root from 43.255.190.169 port 57740 ssh2
Apr 12 02:56:17 ovzhost sshd[1045]: message repeated 2 times: [ Failed password for root from 43.255.190.169 port 57740 ssh2]
Apr 12 02:56:17 ovzhost sshd[1045]: Received disconnect from 43.255.190.169: 11:  [preauth]
Apr 12 02:56:17 ovzhost sshd[1045]: PAM 2 more authentication failures; logname= uid=0 euid=0 tty=ssh ruser= rhost=43.255.190.169  user=root
Apr 12 02:56:18 ovzhost sshd[1047]: pam_unix(sshd:auth): authentication failure; logname= uid=0 euid=0 tty=ssh ruser= rhost=43.255.190.169  user=root
Apr 12 02:56:20 ovzhost sshd[1047]: Failed password for root from 43.255.190.169 port 47615 ssh2
Apr 12 02:56:24 ovzhost sshd[1047]: message repeated 2 times: [ Failed password for root from 43.255.190.169 port 47615 ssh2]
Apr 12 02:56:24 ovzhost sshd[1047]: Received disconnect from 43.255.190.169: 11:  [preauth]
Apr 12 02:56:24 ovzhost sshd[1047]: PAM 2 more authentication failures; logname= uid=0 euid=0 tty=ssh ruser= rhost=43.255.190.169  user=root
Apr 12 02:56:25 ovzhost sshd[1049]: pam_unix(sshd:auth): authentication failure; logname= uid=0 euid=0 tty=ssh ruser= rhost=43.255.190.169  user=root
Apr 12 02:56:26 ovzhost sshd[1049]: Failed password for root from 43.255.190.169 port 37895 ssh2
Apr 12 02:56:31 ovzhost sshd[1049]: message repeated 2 times: [ Failed password for root from 43.255.190.169 port 37895 ssh2]
Apr 12 02:56:31 ovzhost sshd[1049]: Received disconnect from 43.255.190.169: 11:  [preauth]
Apr 12 02:56:31 ovzhost sshd[1049]: PAM 2 more authentication failures; logname= uid=0 euid=0 tty=ssh ruser= rhost=43.255.190.169  user=root
Apr 12 02:56:31 ovzhost sshd[1051]: pam_unix(sshd:auth): authentication failure; logname= uid=0 euid=0 tty=ssh ruser= rhost=43.255.190.169  user=root
Apr 12 02:56:33 ovzhost sshd[1051]: Failed password for root from 43.255.190.169 port 55191 ssh2
Apr 12 02:56:38 ovzhost sshd[1051]: message repeated 2 times: [ Failed password for root from 43.255.190.169 port 55191 ssh2]
Apr 12 02:56:38 ovzhost sshd[1051]: Received disconnect from 43.255.190.169: 11:  [preauth]
Apr 12 02:56:38 ovzhost sshd[1051]: PAM 2 more authentication failures; logname= uid=0 euid=0 tty=ssh ruser= rhost=43.255.190.169  user=root
Apr 12 02:56:38 ovzhost sshd[1055]: pam_unix(sshd:auth): authentication failure; logname= uid=0 euid=0 tty=ssh ruser= rhost=43.255.190.169  user=root
Apr 12 02:56:40 ovzhost sshd[1055]: Failed password for root from 43.255.190.169 port 44999 ssh2
Apr 12 02:56:44 ovzhost sshd[1055]: message repeated 2 times: [ Failed password for root from 43.255.190.169 port 44999 ssh2]
Apr 12 02:56:44 ovzhost sshd[1055]: Received disconnect from 43.255.190.169: 11:  [preauth]
Apr 12 02:56:44 ovzhost sshd[1055]: PAM 2 more authentication failures; logname= uid=0 euid=0 tty=ssh ruser= rhost=43.255.190.169  user=root
Apr 12 02:56:45 ovzhost sshd[1057]: pam_unix(sshd:auth): authentication failure; logname= uid=0 euid=0 tty=ssh ruser= rhost=43.255.190.169  user=root
Apr 12 02:56:47 ovzhost sshd[1057]: Failed password for root from 43.255.190.169 port 34971 ssh2
Apr 12 02:56:51 ovzhost sshd[1057]: message repeated 2 times: [ Failed password for root from 43.255.190.169 port 34971 ssh2]
Apr 12 02:56:51 ovzhost sshd[1057]: Received disconnect from 43.255.190.169: 11:  [preauth]
Apr 12 02:56:51 ovzhost sshd[1057]: PAM 2 more authentication failures; logname= uid=0 euid=0 tty=ssh ruser= rhost=43.255.190.169  user=root
Apr 12 02:56:52 ovzhost sshd[1059]: pam_unix(sshd:auth): authentication failure; logname= uid=0 euid=0 tty=ssh ruser= rhost=43.255.190.169  user=root
Apr 12 02:56:55 ovzhost sshd[1059]: Failed password for root from 43.255.190.169 port 53599 ssh2
Apr 12 02:56:58 ovzhost sshd[1059]: message repeated 2 times: [ Failed password for root from 43.255.190.169 port 53599 ssh2]
Apr 12 02:56:58 ovzhost sshd[1059]: Received disconnect from 43.255.190.169: 11:  [preauth]
Apr 12 02:56:58 ovzhost sshd[1059]: PAM 2 more authentication failures; logname= uid=0 euid=0 tty=ssh ruser= rhost=43.255.190.169  user=root
Apr 12 02:56:59 ovzhost sshd[1061]: pam_unix(sshd:auth): authentication failure; logname= uid=0 euid=0 tty=ssh ruser= rhost=43.255.190.169  user=root
Apr 12 02:57:01 ovzhost sshd[1061]: Failed password for root from 43.255.190.169 port 43299 ssh2
Apr 12 02:57:05 ovzhost sshd[1061]: message repeated 2 times: [ Failed password for root from 43.255.190.169 port 43299 ssh2]
Apr 12 02:57:05 ovzhost sshd[1061]: Received disconnect from 43.255.190.169: 11:  [preauth]
Apr 12 02:57:05 ovzhost sshd[1061]: PAM 2 more authentication failures; logname= uid=0 euid=0 tty=ssh ruser= rhost=43.255.190.169  user=root
Apr 12 02:57:06 ovzhost sshd[1064]: pam_unix(sshd:auth): authentication failure; logname= uid=0 euid=0 tty=ssh ruser= rhost=43.255.190.169  user=root
Apr 12 02:57:08 ovzhost sshd[1064]: Failed password for root from 43.255.190.169 port 34729 ssh2
Apr 12 02:57:13 ovzhost sshd[1064]: message repeated 2 times: [ Failed password for root from 43.255.190.169 port 34729 ssh2]
Apr 12 02:57:13 ovzhost sshd[1064]: Received disconnect from 43.255.190.169: 11:  [preauth]
Apr 12 02:57:13 ovzhost sshd[1064]: PAM 2 more authentication failures; logname= uid=0 euid=0 tty=ssh ruser= rhost=43.255.190.169  user=root
Apr 12 02:57:13 ovzhost sshd[1066]: pam_unix(sshd:auth): authentication failure; logname= uid=0 euid=0 tty=ssh ruser= rhost=43.255.190.169  user=root
Apr 12 02:57:15 ovzhost sshd[1066]: Failed password for root from 43.255.190.169 port 55011 ssh2
Apr 12 02:57:20 ovzhost sshd[1066]: message repeated 2 times: [ Failed password for root from 43.255.190.169 port 55011 ssh2]
Apr 12 02:57:20 ovzhost sshd[1066]: Received disconnect from 43.255.190.169: 11:  [preauth]
Apr 12 02:57:20 ovzhost sshd[1066]: PAM 2 more authentication failures; logname= uid=0 euid=0 tty=ssh ruser= rhost=43.255.190.169  user=root
Apr 12 02:57:20 ovzhost sshd[1068]: pam_unix(sshd:auth): authentication failure; logname= uid=0 euid=0 tty=ssh ruser= rhost=43.255.190.169  user=root
Apr 12 02:57:21 ovzhost sshd[1071]: Connection closed by 127.0.0.1 [preauth]
Apr 12 02:57:22 ovzhost sshd[1068]: Failed password for root from 43.255.190.169 port 46160 ssh2
Apr 12 02:57:27 ovzhost sshd[1068]: message repeated 2 times: [ Failed password for root from 43.255.190.169 port 46160 ssh2]
Apr 12 02:57:27 ovzhost sshd[1068]: Received disconnect from 43.255.190.169: 11:  [preauth]
Apr 12 02:57:27 ovzhost sshd[1068]: PAM 2 more authentication failures; logname= uid=0 euid=0 tty=ssh ruser= rhost=43.255.190.169  user=root
