Apr 10 11:24:03 ovzhost sshd[1242]: pam_unix(sshd:auth): authentication failure; logname= uid=0 euid=0 tty=ssh ruser= rhost=58.218.199.195  user=root
Apr 10 11:24:05 ovzhost sshd[1242]: Failed password for root from 58.218.199.195 port 57493 ssh2
Apr 10 11:24:05 ovzhost sshd[1244]: message repeated 2 times: [ Failed password for root from 43.255.190.140 port 48109 ssh2]
Apr 10 11:24:05 ovzhost sshd[1244]: Received disconnect from 43.255.190.140: 11:  [preauth]
Apr 10 11:24:05 ovzhost sshd[1244]: PAM 2 more authentication failures; logname= uid=0 euid=0 tty=ssh ruser= rhost=43.255.190.140  user=root
Apr 10 11:24:05 ovzhost sshd[1246]: pam_unix(sshd:auth): authentication failure; logname= uid=0 euid=0 tty=ssh ruser= rhost=43.255.190.140  user=root
Apr 10 11:24:08 ovzhost sshd[1246]: Failed password for root from 43.255.190.140 port 39212 ssh2
Apr 10 11:24:11 ovzhost sshd[1242]: message repeated 2 times: [ Failed password for root from 58.218.199.195 port 57493 ssh2]
Apr 10 11:24:11 ovzhost sshd[1242]: Received disconnect from 58.218.199.195: 11:  [preauth]
Apr 10 11:24:11 ovzhost sshd[1242]: PAM 2 more authentication failures; logname= uid=0 euid=0 tty=ssh ruser= rhost=58.218.199.195  user=root
Apr 10 11:24:13 ovzhost sshd[1246]: message repeated 2 times: [ Failed password for root from 43.255.190.140 port 39212 ssh2]
Apr 10 11:24:13 ovzhost sshd[1246]: Received disconnect from 43.255.190.140: 11:  [preauth]
Apr 10 11:24:13 ovzhost sshd[1246]: PAM 2 more authentication failures; logname= uid=0 euid=0 tty=ssh ruser= rhost=43.255.190.140  user=root
Apr 10 11:24:14 ovzhost sshd[1252]: pam_unix(sshd:auth): authentication failure; logname= uid=0 euid=0 tty=ssh ruser= rhost=43.255.190.140  user=root
Apr 10 11:24:17 ovzhost sshd[1252]: Failed password for root from 43.255.190.140 port 59225 ssh2
Apr 10 11:24:17 ovzhost sshd[1250]: pam_unix(sshd:auth): authentication failure; logname= uid=0 euid=0 tty=ssh ruser= rhost=58.218.199.195  user=root
Apr 10 11:24:19 ovzhost sshd[1250]: Failed password for root from 58.218.199.195 port 59375 ssh2
Apr 10 11:24:22 ovzhost sshd[1252]: message repeated 2 times: [ Failed password for root from 43.255.190.140 port 59225 ssh2]
Apr 10 11:24:22 ovzhost sshd[1252]: Received disconnect from 43.255.190.140: 11:  [preauth]
Apr 10 11:24:22 ovzhost sshd[1252]: PAM 2 more authentication failures; logname= uid=0 euid=0 tty=ssh ruser= rhost=43.255.190.140  user=root
Apr 10 11:24:23 ovzhost sshd[1254]: pam_unix(sshd:auth): authentication failure; logname= uid=0 euid=0 tty=ssh ruser= rhost=43.255.190.140  user=root
Apr 10 11:24:25 ovzhost sshd[1250]: message repeated 2 times: [ Failed password for root from 58.218.199.195 port 59375 ssh2]
Apr 10 11:24:25 ovzhost sshd[1250]: Received disconnect from 58.218.199.195: 11:  [preauth]
Apr 10 11:24:25 ovzhost sshd[1250]: PAM 2 more authentication failures; logname= uid=0 euid=0 tty=ssh ruser= rhost=58.218.199.195  user=root
Apr 10 11:24:25 ovzhost sshd[1254]: Failed password for root from 43.255.190.140 port 54411 ssh2
Apr 10 11:24:27 ovzhost sshd[1256]: pam_unix(sshd:auth): authentication failure; logname= uid=0 euid=0 tty=ssh ruser= rhost=58.218.199.195  user=root
Apr 10 11:24:29 ovzhost sshd[1256]: Failed password for root from 58.218.199.195 port 57087 ssh2
Apr 10 11:24:29 ovzhost sshd[1254]: message repeated 2 times: [ Failed password for root from 43.255.190.140 port 54411 ssh2]
Apr 10 11:24:29 ovzhost sshd[1254]: Received disconnect from 43.255.190.140: 11:  [preauth]
Apr 10 11:24:29 ovzhost sshd[1254]: PAM 2 more authentication failures; logname= uid=0 euid=0 tty=ssh ruser= rhost=43.255.190.140  user=root
Apr 10 11:24:29 ovzhost sshd[1258]: pam_unix(sshd:auth): authentication failure; logname= uid=0 euid=0 tty=ssh ruser= rhost=43.255.190.140  user=root
Apr 10 11:24:32 ovzhost sshd[1258]: Failed password for root from 43.255.190.140 port 43443 ssh2
Apr 10 11:24:34 ovzhost sshd[1256]: message repeated 2 times: [ Failed password for root from 58.218.199.195 port 57087 ssh2]
Apr 10 11:24:34 ovzhost sshd[1256]: Received disconnect from 58.218.199.195: 11:  [preauth]
Apr 10 11:24:34 ovzhost sshd[1256]: PAM 2 more authentication failures; logname= uid=0 euid=0 tty=ssh ruser= rhost=58.218.199.195  user=root
Apr 10 11:24:36 ovzhost sshd[1258]: message repeated 2 times: [ Failed password for root from 43.255.190.140 port 43443 ssh2]
Apr 10 11:24:37 ovzhost sshd[1258]: Received disconnect from 43.255.190.140: 11:  [preauth]
Apr 10 11:24:37 ovzhost sshd[1258]: PAM 2 more authentication failures; logname= uid=0 euid=0 tty=ssh ruser= rhost=43.255.190.140  user=root
Apr 10 11:24:40 ovzhost sshd[1262]: pam_unix(sshd:auth): authentication failure; logname= uid=0 euid=0 tty=ssh ruser= rhost=43.255.190.140  user=root
Apr 10 11:24:40 ovzhost sshd[1260]: pam_unix(sshd:auth): authentication failure; logname= uid=0 euid=0 tty=ssh ruser= rhost=58.218.199.195  user=root
Apr 10 11:24:42 ovzhost sshd[1262]: Failed password for root from 43.255.190.140 port 34793 ssh2
Apr 10 11:24:42 ovzhost sshd[1260]: Failed password for root from 58.218.199.195 port 47305 ssh2
Apr 10 11:24:43 ovzhost sshd[1267]: Connection closed by 127.0.0.1 [preauth]
Apr 10 11:24:47 ovzhost sshd[1262]: message repeated 2 times: [ Failed password for root from 43.255.190.140 port 34793 ssh2]
Apr 10 11:24:47 ovzhost sshd[1262]: Received disconnect from 43.255.190.140: 11:  [preauth]
Apr 10 11:24:47 ovzhost sshd[1262]: PAM 2 more authentication failures; logname= uid=0 euid=0 tty=ssh ruser= rhost=43.255.190.140  user=root
Apr 10 11:24:47 ovzhost sshd[1260]: message repeated 2 times: [ Failed password for root from 58.218.199.195 port 47305 ssh2]
Apr 10 11:24:47 ovzhost sshd[1260]: Received disconnect from 58.218.199.195: 11:  [preauth]
Apr 10 11:24:47 ovzhost sshd[1260]: PAM 2 more authentication failures; logname= uid=0 euid=0 tty=ssh ruser= rhost=58.218.199.195  user=root
Apr 10 11:24:47 ovzhost sshd[1271]: pam_unix(sshd:auth): authentication failure; logname= uid=0 euid=0 tty=ssh ruser= rhost=43.255.190.140  user=root
Apr 10 11:24:50 ovzhost sshd[1273]: pam_unix(sshd:auth): authentication failure; logname= uid=0 euid=0 tty=ssh ruser= rhost=58.218.199.195  user=root
Apr 10 11:24:50 ovzhost sshd[1271]: Failed password for root from 43.255.190.140 port 59642 ssh2
Apr 10 11:24:51 ovzhost sshd[1273]: Failed password for root from 58.218.199.195 port 43873 ssh2
Apr 10 11:24:54 ovzhost sshd[1271]: message repeated 2 times: [ Failed password for root from 43.255.190.140 port 59642 ssh2]
Apr 10 11:24:54 ovzhost sshd[1271]: Received disconnect from 43.255.190.140: 11:  [preauth]
Apr 10 11:24:54 ovzhost sshd[1271]: PAM 2 more authentication failures; logname= uid=0 euid=0 tty=ssh ruser= rhost=43.255.190.140  user=root
Apr 10 11:24:55 ovzhost sshd[1275]: pam_unix(sshd:auth): authentication failure; logname= uid=0 euid=0 tty=ssh ruser= rhost=43.255.190.140  user=root
Apr 10 11:24:57 ovzhost sshd[1273]: message repeated 2 times: [ Failed password for root from 58.218.199.195 port 43873 ssh2]
Apr 10 11:24:57 ovzhost sshd[1273]: Received disconnect from 58.218.199.195: 11:  [preauth]
Apr 10 11:24:57 ovzhost sshd[1273]: PAM 2 more authentication failures; logname= uid=0 euid=0 tty=ssh ruser= rhost=58.218.199.195  user=root
Apr 10 11:24:57 ovzhost sshd[1275]: Failed password for root from 43.255.190.140 port 50335 ssh2
Apr 10 11:25:01 ovzhost sshd[1275]: message repeated 2 times: [ Failed password for root from 43.255.190.140 port 50335 ssh2]
Apr 10 11:25:02 ovzhost sshd[1275]: Received disconnect from 43.255.190.140: 11:  [preauth]
Apr 10 11:25:02 ovzhost sshd[1275]: PAM 2 more authentication failures; logname= uid=0 euid=0 tty=ssh ruser= rhost=43.255.190.140  user=root
Apr 10 11:25:04 ovzhost sshd[1279]: pam_unix(sshd:auth): authentication failure; logname= uid=0 euid=0 tty=ssh ruser= rhost=43.255.190.140  user=root
Apr 10 11:25:06 ovzhost sshd[1279]: Failed password for root from 43.255.190.140 port 41769 ssh2
Apr 10 11:25:07 ovzhost sshd[1277]: pam_unix(sshd:auth): authentication failure; logname= uid=0 euid=0 tty=ssh ruser= rhost=58.218.199.195  user=root
Apr 10 11:25:09 ovzhost sshd[1277]: Failed password for root from 58.218.199.195 port 33401 ssh2
Apr 10 11:25:11 ovzhost sshd[1279]: message repeated 2 times: [ Failed password for root from 43.255.190.140 port 41769 ssh2]
Apr 10 11:25:11 ovzhost sshd[1279]: Received disconnect from 43.255.190.140: 11:  [preauth]
Apr 10 11:25:11 ovzhost sshd[1279]: PAM 2 more authentication failures; logname= uid=0 euid=0 tty=ssh ruser= rhost=43.255.190.140  user=root
Apr 10 11:25:11 ovzhost sshd[1282]: pam_unix(sshd:auth): authentication failure; logname= uid=0 euid=0 tty=ssh ruser= rhost=43.255.190.140  user=root
Apr 10 11:25:13 ovzhost sshd[1277]: message repeated 2 times: [ Failed password for root from 58.218.199.195 port 33401 ssh2]
Apr 10 11:25:13 ovzhost sshd[1277]: Received disconnect from 58.218.199.195: 11:  [preauth]
Apr 10 11:25:13 ovzhost sshd[1277]: PAM 2 more authentication failures; logname= uid=0 euid=0 tty=ssh ruser= rhost=58.218.199.195  user=root
Apr 10 11:25:13 ovzhost sshd[1282]: Failed password for root from 43.255.190.140 port 35443 ssh2
Apr 10 11:25:17 ovzhost sshd[1282]: message repeated 2 times: [ Failed password for root from 43.255.190.140 port 35443 ssh2]
Apr 10 11:25:17 ovzhost sshd[1282]: Received disconnect from 43.255.190.140: 11:  [preauth]
Apr 10 11:25:17 ovzhost sshd[1282]: PAM 2 more authentication failures; logname= uid=0 euid=0 tty=ssh ruser= rhost=43.255.190.140  user=root
Apr 10 11:25:18 ovzhost sshd[1286]: pam_unix(sshd:auth): authentication failure; logname= uid=0 euid=0 tty=ssh ruser= rhost=43.255.190.140  user=root
Apr 10 11:25:20 ovzhost sshd[1286]: Failed password for root from 43.255.190.140 port 53227 ssh2
Apr 10 11:25:21 ovzhost sshd[1284]: pam_unix(sshd:auth): authentication failure; logname= uid=0 euid=0 tty=ssh ruser= rhost=58.218.199.195  user=root
Apr 10 11:25:22 ovzhost sshd[1284]: Failed password for root from 58.218.199.195 port 34909 ssh2
Apr 10 11:25:25 ovzhost sshd[1286]: message repeated 2 times: [ Failed password for root from 43.255.190.140 port 53227 ssh2]
Apr 10 11:25:25 ovzhost sshd[1286]: Received disconnect from 43.255.190.140: 11:  [preauth]
Apr 10 11:25:25 ovzhost sshd[1286]: PAM 2 more authentication failures; logname= uid=0 euid=0 tty=ssh ruser= rhost=43.255.190.140  user=root
Apr 10 11:25:26 ovzhost sshd[1288]: pam_unix(sshd:auth): authentication failure; logname= uid=0 euid=0 tty=ssh ruser= rhost=43.255.190.140  user=root
Apr 10 11:25:27 ovzhost sshd[1284]: message repeated 2 times: [ Failed password for root from 58.218.199.195 port 34909 ssh2]
Apr 10 11:25:27 ovzhost sshd[1284]: Received disconnect from 58.218.199.195: 11:  [preauth]
Apr 10 11:25:27 ovzhost sshd[1284]: PAM 2 more authentication failures; logname= uid=0 euid=0 tty=ssh ruser= rhost=58.218.199.195  user=root
Apr 10 11:25:27 ovzhost sshd[1288]: Failed password for root from 43.255.190.140 port 45824 ssh2
Apr 10 11:25:30 ovzhost sshd[1290]: pam_unix(sshd:auth): authentication failure; logname= uid=0 euid=0 tty=ssh ruser= rhost=58.218.199.195  user=root
Apr 10 11:25:32 ovzhost sshd[1290]: Failed password for root from 58.218.199.195 port 34665 ssh2
Apr 10 11:25:32 ovzhost sshd[1288]: message repeated 2 times: [ Failed password for root from 43.255.190.140 port 45824 ssh2]
Apr 10 11:25:32 ovzhost sshd[1288]: Received disconnect from 43.255.190.140: 11:  [preauth]
Apr 10 11:25:32 ovzhost sshd[1288]: PAM 2 more authentication failures; logname= uid=0 euid=0 tty=ssh ruser= rhost=43.255.190.140  user=root
Apr 10 11:25:33 ovzhost sshd[1292]: pam_unix(sshd:auth): authentication failure; logname= uid=0 euid=0 tty=ssh ruser= rhost=43.255.190.140  user=root
Apr 10 11:25:34 ovzhost sshd[1292]: Failed password for root from 43.255.190.140 port 37764 ssh2
Apr 10 11:25:36 ovzhost sshd[1290]: message repeated 2 times: [ Failed password for root from 58.218.199.195 port 34665 ssh2]
Apr 10 11:25:36 ovzhost sshd[1290]: Received disconnect from 58.218.199.195: 11:  [preauth]
Apr 10 11:25:36 ovzhost sshd[1290]: PAM 2 more authentication failures; logname= uid=0 euid=0 tty=ssh ruser= rhost=58.218.199.195  user=root
Apr 10 11:25:38 ovzhost sshd[1292]: message repeated 2 times: [ Failed password for root from 43.255.190.140 port 37764 ssh2]
Apr 10 11:25:38 ovzhost sshd[1292]: Received disconnect from 43.255.190.140: 11:  [preauth]
Apr 10 11:25:38 ovzhost sshd[1292]: PAM 2 more authentication failures; logname= uid=0 euid=0 tty=ssh ruser= rhost=43.255.190.140  user=root
Apr 10 11:25:38 ovzhost sshd[1294]: pam_unix(sshd:auth): authentication failure; logname= uid=0 euid=0 tty=ssh ruser= rhost=58.218.199.195  user=root
Apr 10 11:25:39 ovzhost sshd[1296]: pam_unix(sshd:auth): authentication failure; logname= uid=0 euid=0 tty=ssh ruser= rhost=43.255.190.140  user=root
Apr 10 11:25:40 ovzhost sshd[1294]: Failed password for root from 58.218.199.195 port 52827 ssh2
Apr 10 11:25:41 ovzhost sshd[1296]: Failed password for root from 43.255.190.140 port 53469 ssh2
Apr 10 11:25:46 ovzhost sshd[1296]: message repeated 2 times: [ Failed password for root from 43.255.190.140 port 53469 ssh2]
Apr 10 11:25:46 ovzhost sshd[1296]: Received disconnect from 43.255.190.140: 11:  [preauth]
Apr 10 11:25:46 ovzhost sshd[1296]: PAM 2 more authentication failures; logname= uid=0 euid=0 tty=ssh ruser= rhost=43.255.190.140  user=root
Apr 10 11:25:46 ovzhost sshd[1298]: pam_unix(sshd:auth): authentication failure; logname= uid=0 euid=0 tty=ssh ruser= rhost=43.255.190.140  user=root
Apr 10 11:25:46 ovzhost sshd[1294]: message repeated 2 times: [ Failed password for root from 58.218.199.195 port 52827 ssh2]
Apr 10 11:25:48 ovzhost sshd[1294]: Received disconnect from 58.218.199.195: 11:  [preauth]
Apr 10 11:25:48 ovzhost sshd[1294]: PAM 2 more authentication failures; logname= uid=0 euid=0 tty=ssh ruser= rhost=58.218.199.195  user=root
Apr 10 11:25:48 ovzhost sshd[1298]: Failed password for root from 43.255.190.140 port 43085 ssh2
Apr 10 11:25:51 ovzhost sshd[1300]: pam_unix(sshd:auth): authentication failure; logname= uid=0 euid=0 tty=ssh ruser= rhost=58.218.199.195  user=root
Apr 10 11:25:52 ovzhost sshd[1298]: message repeated 2 times: [ Failed password for root from 43.255.190.140 port 43085 ssh2]
Apr 10 11:25:52 ovzhost sshd[1298]: Received disconnect from 43.255.190.140: 11:  [preauth]
Apr 10 11:25:52 ovzhost sshd[1298]: PAM 2 more authentication failures; logname= uid=0 euid=0 tty=ssh ruser= rhost=43.255.190.140  user=root
Apr 10 11:25:53 ovzhost sshd[1300]: Failed password for root from 58.218.199.195 port 48717 ssh2
Apr 10 11:25:56 ovzhost sshd[1302]: pam_unix(sshd:auth): authentication failure; logname= uid=0 euid=0 tty=ssh ruser= rhost=43.255.190.140  user=root
Apr 10 11:25:58 ovzhost sshd[1302]: Failed password for root from 43.255.190.140 port 59804 ssh2
Apr 10 11:25:58 ovzhost sshd[1300]: message repeated 2 times: [ Failed password for root from 58.218.199.195 port 48717 ssh2]
Apr 10 11:25:58 ovzhost sshd[1300]: Received disconnect from 58.218.199.195: 11:  [preauth]
Apr 10 11:25:58 ovzhost sshd[1300]: PAM 2 more authentication failures; logname= uid=0 euid=0 tty=ssh ruser= rhost=58.218.199.195  user=root
Apr 10 11:26:00 ovzhost sshd[1304]: pam_unix(sshd:auth): authentication failure; logname= uid=0 euid=0 tty=ssh ruser= rhost=58.218.199.195  user=root
Apr 10 11:26:02 ovzhost sshd[1304]: Failed password for root from 58.218.199.195 port 41923 ssh2
Apr 10 11:26:02 ovzhost sshd[1302]: message repeated 2 times: [ Failed password for root from 43.255.190.140 port 59804 ssh2]
Apr 10 11:26:02 ovzhost sshd[1302]: Received disconnect from 43.255.190.140: 11:  [preauth]
Apr 10 11:26:02 ovzhost sshd[1302]: PAM 2 more authentication failures; logname= uid=0 euid=0 tty=ssh ruser= rhost=43.255.190.140  user=root
Apr 10 11:26:03 ovzhost sshd[1306]: pam_unix(sshd:auth): authentication failure; logname= uid=0 euid=0 tty=ssh ruser= rhost=43.255.190.140  user=root
Apr 10 11:26:04 ovzhost sshd[1306]: Failed password for root from 43.255.190.140 port 56235 ssh2
Apr 10 11:26:07 ovzhost sshd[1304]: message repeated 2 times: [ Failed password for root from 58.218.199.195 port 41923 ssh2]
Apr 10 11:26:07 ovzhost sshd[1304]: Received disconnect from 58.218.199.195: 11:  [preauth]
Apr 10 11:26:07 ovzhost sshd[1304]: PAM 2 more authentication failures; logname= uid=0 euid=0 tty=ssh ruser= rhost=58.218.199.195  user=root
Apr 10 11:26:09 ovzhost sshd[1306]: message repeated 2 times: [ Failed password for root from 43.255.190.140 port 56235 ssh2]
Apr 10 11:26:09 ovzhost sshd[1306]: Received disconnect from 43.255.190.140: 11:  [preauth]
Apr 10 11:26:09 ovzhost sshd[1306]: PAM 2 more authentication failures; logname= uid=0 euid=0 tty=ssh ruser= rhost=43.255.190.140  user=root
Apr 10 11:26:09 ovzhost sshd[1310]: pam_unix(sshd:auth): authentication failure; logname= uid=0 euid=0 tty=ssh ruser= rhost=43.255.190.140  user=root
Apr 10 11:26:11 ovzhost sshd[1310]: Failed password for root from 43.255.190.140 port 44496 ssh2
Apr 10 11:26:11 ovzhost sshd[1308]: pam_unix(sshd:auth): authentication failure; logname= uid=0 euid=0 tty=ssh ruser= rhost=58.218.199.195  user=root
Apr 10 11:26:13 ovzhost sshd[1308]: Failed password for root from 58.218.199.195 port 34486 ssh2
Apr 10 11:26:15 ovzhost sshd[1310]: message repeated 2 times: [ Failed password for root from 43.255.190.140 port 44496 ssh2]
Apr 10 11:26:15 ovzhost sshd[1310]: Received disconnect from 43.255.190.140: 11:  [preauth]
Apr 10 11:26:15 ovzhost sshd[1310]: PAM 2 more authentication failures; logname= uid=0 euid=0 tty=ssh ruser= rhost=43.255.190.140  user=root
Apr 10 11:26:16 ovzhost sshd[1312]: pam_unix(sshd:auth): authentication failure; logname= uid=0 euid=0 tty=ssh ruser= rhost=43.255.190.140  user=root
Apr 10 11:26:17 ovzhost sshd[1312]: Failed password for root from 43.255.190.140 port 60980 ssh2
Apr 10 11:26:18 ovzhost sshd[1308]: message repeated 2 times: [ Failed password for root from 58.218.199.195 port 34486 ssh2]
Apr 10 11:26:18 ovzhost sshd[1308]: Received disconnect from 58.218.199.195: 11:  [preauth]
Apr 10 11:26:18 ovzhost sshd[1308]: PAM 2 more authentication failures; logname= uid=0 euid=0 tty=ssh ruser= rhost=58.218.199.195  user=root
Apr 10 11:26:21 ovzhost sshd[1312]: message repeated 2 times: [ Failed password for root from 43.255.190.140 port 60980 ssh2]
Apr 10 11:26:22 ovzhost sshd[1312]: Received disconnect from 43.255.190.140: 11:  [preauth]
Apr 10 11:26:22 ovzhost sshd[1312]: PAM 2 more authentication failures; logname= uid=0 euid=0 tty=ssh ruser= rhost=43.255.190.140  user=root
Apr 10 11:26:22 ovzhost sshd[1317]: pam_unix(sshd:auth): authentication failure; logname= uid=0 euid=0 tty=ssh ruser= rhost=43.255.190.140  user=root
Apr 10 11:26:24 ovzhost sshd[1317]: Failed password for root from 43.255.190.140 port 48261 ssh2
Apr 10 11:26:28 ovzhost sshd[1315]: pam_unix(sshd:auth): authentication failure; logname= uid=0 euid=0 tty=ssh ruser= rhost=58.218.199.195  user=root
Apr 10 11:26:28 ovzhost sshd[1317]: message repeated 2 times: [ Failed password for root from 43.255.190.140 port 48261 ssh2]
Apr 10 11:26:29 ovzhost sshd[1317]: Received disconnect from 43.255.190.140: 11:  [preauth]
Apr 10 11:26:29 ovzhost sshd[1317]: PAM 2 more authentication failures; logname= uid=0 euid=0 tty=ssh ruser= rhost=43.255.190.140  user=root
Apr 10 11:26:29 ovzhost sshd[1319]: pam_unix(sshd:auth): authentication failure; logname= uid=0 euid=0 tty=ssh ruser= rhost=43.255.190.140  user=root
Apr 10 11:26:30 ovzhost sshd[1315]: Failed password for root from 58.218.199.195 port 56132 ssh2
Apr 10 11:26:31 ovzhost sshd[1319]: Failed password for root from 43.255.190.140 port 37675 ssh2
Apr 10 11:26:35 ovzhost sshd[1315]: message repeated 2 times: [ Failed password for root from 58.218.199.195 port 56132 ssh2]
Apr 10 11:26:35 ovzhost sshd[1315]: Received disconnect from 58.218.199.195: 11:  [preauth]
Apr 10 11:26:35 ovzhost sshd[1315]: PAM 2 more authentication failures; logname= uid=0 euid=0 tty=ssh ruser= rhost=58.218.199.195  user=root
Apr 10 11:26:35 ovzhost sshd[1319]: message repeated 2 times: [ Failed password for root from 43.255.190.140 port 37675 ssh2]
Apr 10 11:26:35 ovzhost sshd[1319]: Received disconnect from 43.255.190.140: 11:  [preauth]
Apr 10 11:26:35 ovzhost sshd[1319]: PAM 2 more authentication failures; logname= uid=0 euid=0 tty=ssh ruser= rhost=43.255.190.140  user=root
Apr 10 11:26:36 ovzhost sshd[1325]: pam_unix(sshd:auth): authentication failure; logname= uid=0 euid=0 tty=ssh ruser= rhost=43.255.190.140  user=root
Apr 10 11:26:38 ovzhost sshd[1325]: Failed password for root from 43.255.190.140 port 53941 ssh2
Apr 10 11:26:42 ovzhost sshd[1325]: message repeated 2 times: [ Failed password for root from 43.255.190.140 port 53941 ssh2]
Apr 10 11:26:42 ovzhost sshd[1325]: Received disconnect from 43.255.190.140: 11:  [preauth]
Apr 10 11:26:42 ovzhost sshd[1325]: PAM 2 more authentication failures; logname= uid=0 euid=0 tty=ssh ruser= rhost=43.255.190.140  user=root
Apr 10 11:26:44 ovzhost sshd[1327]: pam_unix(sshd:auth): authentication failure; logname= uid=0 euid=0 tty=ssh ruser= rhost=43.255.190.140  user=root
Apr 10 11:26:46 ovzhost sshd[1327]: Failed password for root from 43.255.190.140 port 42300 ssh2
Apr 10 11:26:50 ovzhost sshd[1327]: message repeated 2 times: [ Failed password for root from 43.255.190.140 port 42300 ssh2]
Apr 10 11:26:50 ovzhost sshd[1327]: Received disconnect from 43.255.190.140: 11:  [preauth]
Apr 10 11:26:50 ovzhost sshd[1327]: PAM 2 more authentication failures; logname= uid=0 euid=0 tty=ssh ruser= rhost=43.255.190.140  user=root
Apr 10 11:26:50 ovzhost sshd[1329]: pam_unix(sshd:auth): authentication failure; logname= uid=0 euid=0 tty=ssh ruser= rhost=43.255.190.140  user=root
Apr 10 11:26:52 ovzhost sshd[1329]: Failed password for root from 43.255.190.140 port 33639 ssh2
Apr 10 11:26:57 ovzhost sshd[1329]: message repeated 2 times: [ Failed password for root from 43.255.190.140 port 33639 ssh2]
Apr 10 11:26:57 ovzhost sshd[1329]: Received disconnect from 43.255.190.140: 11:  [preauth]
Apr 10 11:26:57 ovzhost sshd[1329]: PAM 2 more authentication failures; logname= uid=0 euid=0 tty=ssh ruser= rhost=43.255.190.140  user=root
Apr 10 11:26:57 ovzhost sshd[1331]: pam_unix(sshd:auth): authentication failure; logname= uid=0 euid=0 tty=ssh ruser= rhost=43.255.190.140  user=root
Apr 10 11:26:58 ovzhost sshd[1331]: Failed password for root from 43.255.190.140 port 50290 ssh2
Apr 10 11:27:02 ovzhost sshd[1331]: message repeated 2 times: [ Failed password for root from 43.255.190.140 port 50290 ssh2]
Apr 10 11:27:02 ovzhost sshd[1331]: Received disconnect from 43.255.190.140: 11:  [preauth]
Apr 10 11:27:02 ovzhost sshd[1331]: PAM 2 more authentication failures; logname= uid=0 euid=0 tty=ssh ruser= rhost=43.255.190.140  user=root
Apr 10 11:27:03 ovzhost sshd[1333]: pam_unix(sshd:auth): authentication failure; logname= uid=0 euid=0 tty=ssh ruser= rhost=43.255.190.140  user=root
Apr 10 11:27:04 ovzhost sshd[1333]: Failed password for root from 43.255.190.140 port 36627 ssh2
Apr 10 11:27:09 ovzhost sshd[1333]: message repeated 2 times: [ Failed password for root from 43.255.190.140 port 36627 ssh2]
Apr 10 11:27:09 ovzhost sshd[1333]: Received disconnect from 43.255.190.140: 11:  [preauth]
Apr 10 11:27:09 ovzhost sshd[1333]: PAM 2 more authentication failures; logname= uid=0 euid=0 tty=ssh ruser= rhost=43.255.190.140  user=root
Apr 10 11:27:10 ovzhost sshd[1336]: pam_unix(sshd:auth): authentication failure; logname= uid=0 euid=0 tty=ssh ruser= rhost=43.255.190.140  user=root
Apr 10 11:27:12 ovzhost sshd[1336]: Failed password for root from 43.255.190.140 port 52971 ssh2
Apr 10 11:27:17 ovzhost sshd[1336]: message repeated 2 times: [ Failed password for root from 43.255.190.140 port 52971 ssh2]
Apr 10 11:27:17 ovzhost sshd[1336]: Received disconnect from 43.255.190.140: 11:  [preauth]
Apr 10 11:27:17 ovzhost sshd[1336]: PAM 2 more authentication failures; logname= uid=0 euid=0 tty=ssh ruser= rhost=43.255.190.140  user=root
Apr 10 11:27:17 ovzhost sshd[1338]: pam_unix(sshd:auth): authentication failure; logname= uid=0 euid=0 tty=ssh ruser= rhost=43.255.190.140  user=root
Apr 10 11:27:19 ovzhost sshd[1338]: Failed password for root from 43.255.190.140 port 43946 ssh2
Apr 10 11:27:22 ovzhost sshd[1338]: message repeated 2 times: [ Failed password for root from 43.255.190.140 port 43946 ssh2]
Apr 10 11:27:22 ovzhost sshd[1338]: Received disconnect from 43.255.190.140: 11:  [preauth]
Apr 10 11:27:22 ovzhost sshd[1338]: PAM 2 more authentication failures; logname= uid=0 euid=0 tty=ssh ruser= rhost=43.255.190.140  user=root
Apr 10 11:27:23 ovzhost sshd[1340]: pam_unix(sshd:auth): authentication failure; logname= uid=0 euid=0 tty=ssh ruser= rhost=43.255.190.140  user=root
Apr 10 11:27:25 ovzhost sshd[1340]: Failed password for root from 43.255.190.140 port 58868 ssh2
Apr 10 11:27:29 ovzhost sshd[1340]: message repeated 2 times: [ Failed password for root from 43.255.190.140 port 58868 ssh2]
Apr 10 11:27:29 ovzhost sshd[1340]: Received disconnect from 43.255.190.140: 11:  [preauth]
Apr 10 11:27:29 ovzhost sshd[1340]: PAM 2 more authentication failures; logname= uid=0 euid=0 tty=ssh ruser= rhost=43.255.190.140  user=root
Apr 10 11:27:30 ovzhost sshd[1342]: pam_unix(sshd:auth): authentication failure; logname= uid=0 euid=0 tty=ssh ruser= rhost=43.255.190.140  user=root
Apr 10 11:27:32 ovzhost sshd[1342]: Failed password for root from 43.255.190.140 port 47971 ssh2
Apr 10 11:27:33 ovzhost sshd[1344]: Accepted password for root from 175.126.82.235 port 61449 ssh2
Apr 10 11:27:33 ovzhost sshd[1344]: pam_unix(sshd:session): session opened for user root by (uid=0)
Apr 10 11:27:33 ovzhost sshd[1344]: pam_env(sshd:session): Unable to open env file: /etc/default/locale: No such file or directory
Apr 10 11:27:36 ovzhost sshd[1342]: message repeated 2 times: [ Failed password for root from 43.255.190.140 port 47971 ssh2]
Apr 10 11:27:36 ovzhost sshd[1342]: Received disconnect from 43.255.190.140: 11:  [preauth]
Apr 10 11:27:36 ovzhost sshd[1342]: PAM 2 more authentication failures; logname= uid=0 euid=0 tty=ssh ruser= rhost=43.255.190.140  user=root
Apr 10 11:27:37 ovzhost sshd[1357]: pam_unix(sshd:auth): authentication failure; logname= uid=0 euid=0 tty=ssh ruser= rhost=43.255.190.140  user=root
Apr 10 11:27:39 ovzhost sshd[1357]: Failed password for root from 43.255.190.140 port 37181 ssh2
Apr 10 11:27:43 ovzhost sshd[1357]: message repeated 2 times: [ Failed password for root from 43.255.190.140 port 37181 ssh2]
Apr 10 11:27:43 ovzhost sshd[1357]: Received disconnect from 43.255.190.140: 11:  [preauth]
Apr 10 11:27:43 ovzhost sshd[1357]: PAM 2 more authentication failures; logname= uid=0 euid=0 tty=ssh ruser= rhost=43.255.190.140  user=root
Apr 10 11:27:44 ovzhost sshd[1359]: pam_unix(sshd:auth): authentication failure; logname= uid=0 euid=0 tty=ssh ruser= rhost=43.255.190.140  user=root
Apr 10 11:27:47 ovzhost sshd[1359]: Failed password for root from 43.255.190.140 port 54351 ssh2
Apr 10 11:27:50 ovzhost sshd[1344]: pam_unix(sshd:session): session closed for user root
Apr 10 11:27:51 ovzhost sshd[1359]: message repeated 2 times: [ Failed password for root from 43.255.190.140 port 54351 ssh2]
Apr 10 11:27:51 ovzhost sshd[1359]: Received disconnect from 43.255.190.140: 11:  [preauth]
Apr 10 11:27:51 ovzhost sshd[1359]: PAM 2 more authentication failures; logname= uid=0 euid=0 tty=ssh ruser= rhost=43.255.190.140  user=root
