Apr 11 21:59:19 ovzhost sshd[1082]: pam_unix(sshd:auth): authentication failure; logname= uid=0 euid=0 tty=ssh ruser= rhost=43.255.190.168  user=root
Apr 11 21:59:19 ovzhost sshd[1078]: message repeated 2 times: [ Failed password for root from 43.255.190.137 port 42589 ssh2]
Apr 11 21:59:19 ovzhost sshd[1078]: Received disconnect from 43.255.190.137: 11:  [preauth]
Apr 11 21:59:19 ovzhost sshd[1078]: PAM 2 more authentication failures; logname= uid=0 euid=0 tty=ssh ruser= rhost=43.255.190.137  user=root
Apr 11 21:59:21 ovzhost sshd[1082]: Failed password for root from 43.255.190.168 port 39226 ssh2
Apr 11 21:59:21 ovzhost sshd[1084]: pam_unix(sshd:auth): authentication failure; logname= uid=0 euid=0 tty=ssh ruser= rhost=43.255.190.137  user=root
Apr 11 21:59:22 ovzhost sshd[1084]: Failed password for root from 43.255.190.137 port 54952 ssh2
Apr 11 21:59:24 ovzhost sshd[1082]: message repeated 2 times: [ Failed password for root from 43.255.190.168 port 39226 ssh2]
Apr 11 21:59:24 ovzhost sshd[1082]: Received disconnect from 43.255.190.168: 11:  [preauth]
Apr 11 21:59:24 ovzhost sshd[1082]: PAM 2 more authentication failures; logname= uid=0 euid=0 tty=ssh ruser= rhost=43.255.190.168  user=root
Apr 11 21:59:25 ovzhost sshd[1087]: pam_unix(sshd:auth): authentication failure; logname= uid=0 euid=0 tty=ssh ruser= rhost=43.255.190.168  user=root
Apr 11 21:59:26 ovzhost sshd[1084]: message repeated 2 times: [ Failed password for root from 43.255.190.137 port 54952 ssh2]
Apr 11 21:59:26 ovzhost sshd[1084]: Received disconnect from 43.255.190.137: 11:  [preauth]
Apr 11 21:59:26 ovzhost sshd[1084]: PAM 2 more authentication failures; logname= uid=0 euid=0 tty=ssh ruser= rhost=43.255.190.137  user=root
Apr 11 21:59:27 ovzhost sshd[1089]: pam_unix(sshd:auth): authentication failure; logname= uid=0 euid=0 tty=ssh ruser= rhost=43.255.190.137  user=root
Apr 11 21:59:27 ovzhost sshd[1087]: Failed password for root from 43.255.190.168 port 52716 ssh2
Apr 11 21:59:29 ovzhost sshd[1089]: Failed password for root from 43.255.190.137 port 38249 ssh2
Apr 11 21:59:31 ovzhost sshd[1087]: message repeated 2 times: [ Failed password for root from 43.255.190.168 port 52716 ssh2]
Apr 11 21:59:32 ovzhost sshd[1087]: Received disconnect from 43.255.190.168: 11:  [preauth]
Apr 11 21:59:32 ovzhost sshd[1087]: PAM 2 more authentication failures; logname= uid=0 euid=0 tty=ssh ruser= rhost=43.255.190.168  user=root
Apr 11 21:59:32 ovzhost sshd[1091]: pam_unix(sshd:auth): authentication failure; logname= uid=0 euid=0 tty=ssh ruser= rhost=43.255.190.168  user=root
Apr 11 21:59:33 ovzhost sshd[1089]: message repeated 2 times: [ Failed password for root from 43.255.190.137 port 38249 ssh2]
Apr 11 21:59:33 ovzhost sshd[1089]: Received disconnect from 43.255.190.137: 11:  [preauth]
Apr 11 21:59:33 ovzhost sshd[1089]: PAM 2 more authentication failures; logname= uid=0 euid=0 tty=ssh ruser= rhost=43.255.190.137  user=root
Apr 11 21:59:34 ovzhost sshd[1091]: Failed password for root from 43.255.190.168 port 39419 ssh2
Apr 11 21:59:34 ovzhost sshd[1093]: pam_unix(sshd:auth): authentication failure; logname= uid=0 euid=0 tty=ssh ruser= rhost=43.255.190.137  user=root
Apr 11 21:59:36 ovzhost sshd[1093]: Failed password for root from 43.255.190.137 port 48423 ssh2
Apr 11 21:59:38 ovzhost sshd[1091]: message repeated 2 times: [ Failed password for root from 43.255.190.168 port 39419 ssh2]
Apr 11 21:59:38 ovzhost sshd[1091]: Received disconnect from 43.255.190.168: 11:  [preauth]
Apr 11 21:59:38 ovzhost sshd[1091]: PAM 2 more authentication failures; logname= uid=0 euid=0 tty=ssh ruser= rhost=43.255.190.168  user=root
Apr 11 21:59:38 ovzhost sshd[1095]: pam_unix(sshd:auth): authentication failure; logname= uid=0 euid=0 tty=ssh ruser= rhost=43.255.190.168  user=root
Apr 11 21:59:41 ovzhost sshd[1095]: Failed password for root from 43.255.190.168 port 54240 ssh2
Apr 11 21:59:41 ovzhost sshd[1093]: message repeated 2 times: [ Failed password for root from 43.255.190.137 port 48423 ssh2]
Apr 11 21:59:41 ovzhost sshd[1093]: Received disconnect from 43.255.190.137: 11:  [preauth]
Apr 11 21:59:41 ovzhost sshd[1093]: PAM 2 more authentication failures; logname= uid=0 euid=0 tty=ssh ruser= rhost=43.255.190.137  user=root
Apr 11 21:59:42 ovzhost sshd[1098]: pam_unix(sshd:auth): authentication failure; logname= uid=0 euid=0 tty=ssh ruser= rhost=43.255.190.137  user=root
Apr 11 21:59:43 ovzhost sshd[1098]: Failed password for root from 43.255.190.137 port 59908 ssh2
Apr 11 21:59:45 ovzhost sshd[1095]: message repeated 2 times: [ Failed password for root from 43.255.190.168 port 54240 ssh2]
Apr 11 21:59:45 ovzhost sshd[1095]: Received disconnect from 43.255.190.168: 11:  [preauth]
Apr 11 21:59:45 ovzhost sshd[1095]: PAM 2 more authentication failures; logname= uid=0 euid=0 tty=ssh ruser= rhost=43.255.190.168  user=root
Apr 11 21:59:45 ovzhost sshd[1100]: pam_unix(sshd:auth): authentication failure; logname= uid=0 euid=0 tty=ssh ruser= rhost=43.255.190.168  user=root
Apr 11 21:59:47 ovzhost sshd[1100]: Failed password for root from 43.255.190.168 port 40983 ssh2
Apr 11 21:59:48 ovzhost sshd[1098]: message repeated 2 times: [ Failed password for root from 43.255.190.137 port 59908 ssh2]
Apr 11 21:59:48 ovzhost sshd[1098]: Received disconnect from 43.255.190.137: 11:  [preauth]
Apr 11 21:59:48 ovzhost sshd[1098]: PAM 2 more authentication failures; logname= uid=0 euid=0 tty=ssh ruser= rhost=43.255.190.137  user=root
Apr 11 21:59:49 ovzhost sshd[1102]: pam_unix(sshd:auth): authentication failure; logname= uid=0 euid=0 tty=ssh ruser= rhost=43.255.190.137  user=root
Apr 11 21:59:51 ovzhost sshd[1102]: Failed password for root from 43.255.190.137 port 43170 ssh2
Apr 11 21:59:52 ovzhost sshd[1100]: message repeated 2 times: [ Failed password for root from 43.255.190.168 port 40983 ssh2]
Apr 11 21:59:52 ovzhost sshd[1100]: Received disconnect from 43.255.190.168: 11:  [preauth]
Apr 11 21:59:52 ovzhost sshd[1100]: PAM 2 more authentication failures; logname= uid=0 euid=0 tty=ssh ruser= rhost=43.255.190.168  user=root
Apr 11 21:59:52 ovzhost sshd[1104]: pam_unix(sshd:auth): authentication failure; logname= uid=0 euid=0 tty=ssh ruser= rhost=43.255.190.168  user=root
Apr 11 21:59:54 ovzhost sshd[1104]: Failed password for root from 43.255.190.168 port 56460 ssh2
Apr 11 21:59:55 ovzhost sshd[1102]: message repeated 2 times: [ Failed password for root from 43.255.190.137 port 43170 ssh2]
Apr 11 21:59:55 ovzhost sshd[1102]: Received disconnect from 43.255.190.137: 11:  [preauth]
Apr 11 21:59:55 ovzhost sshd[1102]: PAM 2 more authentication failures; logname= uid=0 euid=0 tty=ssh ruser= rhost=43.255.190.137  user=root
Apr 11 21:59:57 ovzhost sshd[1104]: message repeated 2 times: [ Failed password for root from 43.255.190.168 port 56460 ssh2]
Apr 11 21:59:57 ovzhost sshd[1104]: Received disconnect from 43.255.190.168: 11:  [preauth]
Apr 11 21:59:57 ovzhost sshd[1104]: PAM 2 more authentication failures; logname= uid=0 euid=0 tty=ssh ruser= rhost=43.255.190.168  user=root
Apr 11 21:59:58 ovzhost sshd[1107]: pam_unix(sshd:auth): authentication failure; logname= uid=0 euid=0 tty=ssh ruser= rhost=43.255.190.168  user=root
Apr 11 22:00:00 ovzhost sshd[1107]: Failed password for root from 43.255.190.168 port 41057 ssh2
Apr 11 22:00:01 ovzhost CRON[1111]: pam_env(cron:session): Unable to open env file: /etc/default/locale: No such file or directory
Apr 11 22:00:01 ovzhost CRON[1111]: pam_unix(cron:session): session opened for user smmsp by (uid=0)
Apr 11 22:00:01 ovzhost CRON[1111]: pam_unix(cron:session): session closed for user smmsp
Apr 11 22:00:01 ovzhost sshd[1109]: pam_unix(sshd:auth): authentication failure; logname= uid=0 euid=0 tty=ssh ruser= rhost=43.255.190.137  user=root
Apr 11 22:00:03 ovzhost sshd[1109]: Failed password for root from 43.255.190.137 port 34748 ssh2
Apr 11 22:00:05 ovzhost sshd[1107]: message repeated 2 times: [ Failed password for root from 43.255.190.168 port 41057 ssh2]
Apr 11 22:00:05 ovzhost sshd[1107]: Received disconnect from 43.255.190.168: 11:  [preauth]
Apr 11 22:00:05 ovzhost sshd[1107]: PAM 2 more authentication failures; logname= uid=0 euid=0 tty=ssh ruser= rhost=43.255.190.168  user=root
Apr 11 22:00:05 ovzhost sshd[1137]: pam_unix(sshd:auth): authentication failure; logname= uid=0 euid=0 tty=ssh ruser= rhost=43.255.190.168  user=root
Apr 11 22:00:08 ovzhost sshd[1137]: Failed password for root from 43.255.190.168 port 58297 ssh2
Apr 11 22:00:08 ovzhost sshd[1109]: message repeated 2 times: [ Failed password for root from 43.255.190.137 port 34748 ssh2]
Apr 11 22:00:08 ovzhost sshd[1109]: Received disconnect from 43.255.190.137: 11:  [preauth]
Apr 11 22:00:08 ovzhost sshd[1109]: PAM 2 more authentication failures; logname= uid=0 euid=0 tty=ssh ruser= rhost=43.255.190.137  user=root
Apr 11 22:00:09 ovzhost sshd[1139]: pam_unix(sshd:auth): authentication failure; logname= uid=0 euid=0 tty=ssh ruser= rhost=43.255.190.137  user=root
Apr 11 22:00:11 ovzhost sshd[1139]: Failed password for root from 43.255.190.137 port 47011 ssh2
Apr 11 22:00:12 ovzhost sshd[1137]: message repeated 2 times: [ Failed password for root from 43.255.190.168 port 58297 ssh2]
Apr 11 22:00:12 ovzhost sshd[1137]: Received disconnect from 43.255.190.168: 11:  [preauth]
Apr 11 22:00:12 ovzhost sshd[1137]: PAM 2 more authentication failures; logname= uid=0 euid=0 tty=ssh ruser= rhost=43.255.190.168  user=root
Apr 11 22:00:13 ovzhost sshd[1141]: pam_unix(sshd:auth): authentication failure; logname= uid=0 euid=0 tty=ssh ruser= rhost=43.255.190.168  user=root
Apr 11 22:00:15 ovzhost sshd[1141]: Failed password for root from 43.255.190.168 port 47761 ssh2
Apr 11 22:00:15 ovzhost sshd[1139]: message repeated 2 times: [ Failed password for root from 43.255.190.137 port 47011 ssh2]
Apr 11 22:00:16 ovzhost sshd[1139]: Received disconnect from 43.255.190.137: 11:  [preauth]
Apr 11 22:00:16 ovzhost sshd[1139]: PAM 2 more authentication failures; logname= uid=0 euid=0 tty=ssh ruser= rhost=43.255.190.137  user=root
Apr 11 22:00:17 ovzhost sshd[1143]: pam_unix(sshd:auth): authentication failure; logname= uid=0 euid=0 tty=ssh ruser= rhost=43.255.190.137  user=root
Apr 11 22:00:19 ovzhost sshd[1143]: Failed password for root from 43.255.190.137 port 58632 ssh2
Apr 11 22:00:19 ovzhost sshd[1141]: message repeated 2 times: [ Failed password for root from 43.255.190.168 port 47761 ssh2]
Apr 11 22:00:19 ovzhost sshd[1141]: Received disconnect from 43.255.190.168: 11:  [preauth]
Apr 11 22:00:19 ovzhost sshd[1141]: PAM 2 more authentication failures; logname= uid=0 euid=0 tty=ssh ruser= rhost=43.255.190.168  user=root
Apr 11 22:00:20 ovzhost sshd[1145]: pam_unix(sshd:auth): authentication failure; logname= uid=0 euid=0 tty=ssh ruser= rhost=43.255.190.168  user=root
Apr 11 22:00:22 ovzhost sshd[1145]: Failed password for root from 43.255.190.168 port 37915 ssh2
Apr 11 22:00:23 ovzhost sshd[1143]: message repeated 2 times: [ Failed password for root from 43.255.190.137 port 58632 ssh2]
Apr 11 22:00:23 ovzhost sshd[1143]: Received disconnect from 43.255.190.137: 11:  [preauth]
Apr 11 22:00:23 ovzhost sshd[1143]: PAM 2 more authentication failures; logname= uid=0 euid=0 tty=ssh ruser= rhost=43.255.190.137  user=root
Apr 11 22:00:25 ovzhost sshd[1150]: Connection closed by 128.8.37.104 [preauth]
Apr 11 22:00:26 ovzhost sshd[1145]: message repeated 2 times: [ Failed password for root from 43.255.190.168 port 37915 ssh2]
Apr 11 22:00:26 ovzhost sshd[1145]: Received disconnect from 43.255.190.168: 11:  [preauth]
Apr 11 22:00:26 ovzhost sshd[1145]: PAM 2 more authentication failures; logname= uid=0 euid=0 tty=ssh ruser= rhost=43.255.190.168  user=root
Apr 11 22:00:27 ovzhost sshd[1152]: pam_unix(sshd:auth): authentication failure; logname= uid=0 euid=0 tty=ssh ruser= rhost=43.255.190.168  user=root
Apr 11 22:00:27 ovzhost sshd[1147]: pam_unix(sshd:auth): authentication failure; logname= uid=0 euid=0 tty=ssh ruser= rhost=43.255.190.137  user=root
Apr 11 22:00:29 ovzhost sshd[1152]: Failed password for root from 43.255.190.168 port 56932 ssh2
Apr 11 22:00:29 ovzhost sshd[1147]: Failed password for root from 43.255.190.137 port 42232 ssh2
Apr 11 22:00:33 ovzhost sshd[1152]: message repeated 2 times: [ Failed password for root from 43.255.190.168 port 56932 ssh2]
Apr 11 22:00:33 ovzhost sshd[1152]: Received disconnect from 43.255.190.168: 11:  [preauth]
Apr 11 22:00:33 ovzhost sshd[1152]: PAM 2 more authentication failures; logname= uid=0 euid=0 tty=ssh ruser= rhost=43.255.190.168  user=root
Apr 11 22:00:33 ovzhost sshd[1147]: message repeated 2 times: [ Failed password for root from 43.255.190.137 port 42232 ssh2]
Apr 11 22:00:33 ovzhost sshd[1147]: Received disconnect from 43.255.190.137: 11:  [preauth]
Apr 11 22:00:33 ovzhost sshd[1147]: PAM 2 more authentication failures; logname= uid=0 euid=0 tty=ssh ruser= rhost=43.255.190.137  user=root
Apr 11 22:00:34 ovzhost sshd[1154]: pam_unix(sshd:auth): authentication failure; logname= uid=0 euid=0 tty=ssh ruser= rhost=43.255.190.168  user=root
Apr 11 22:00:35 ovzhost sshd[1156]: pam_unix(sshd:auth): authentication failure; logname= uid=0 euid=0 tty=ssh ruser= rhost=43.255.190.137  user=root
Apr 11 22:00:36 ovzhost sshd[1154]: Failed password for root from 43.255.190.168 port 46135 ssh2
Apr 11 22:00:38 ovzhost sshd[1156]: Failed password for root from 43.255.190.137 port 59000 ssh2
Apr 11 22:00:40 ovzhost sshd[1154]: message repeated 2 times: [ Failed password for root from 43.255.190.168 port 46135 ssh2]
Apr 11 22:00:40 ovzhost sshd[1154]: Received disconnect from 43.255.190.168: 11:  [preauth]
Apr 11 22:00:40 ovzhost sshd[1154]: PAM 2 more authentication failures; logname= uid=0 euid=0 tty=ssh ruser= rhost=43.255.190.168  user=root
Apr 11 22:00:41 ovzhost sshd[1160]: pam_unix(sshd:auth): authentication failure; logname= uid=0 euid=0 tty=ssh ruser= rhost=43.255.190.168  user=root
Apr 11 22:00:42 ovzhost sshd[1160]: Failed password for root from 43.255.190.168 port 35226 ssh2
Apr 11 22:00:43 ovzhost sshd[1156]: message repeated 2 times: [ Failed password for root from 43.255.190.137 port 59000 ssh2]
Apr 11 22:00:43 ovzhost sshd[1156]: Received disconnect from 43.255.190.137: 11:  [preauth]
Apr 11 22:00:43 ovzhost sshd[1156]: PAM 2 more authentication failures; logname= uid=0 euid=0 tty=ssh ruser= rhost=43.255.190.137  user=root
Apr 11 22:00:45 ovzhost sshd[1160]: message repeated 2 times: [ Failed password for root from 43.255.190.168 port 35226 ssh2]
Apr 11 22:00:45 ovzhost sshd[1160]: Received disconnect from 43.255.190.168: 11:  [preauth]
Apr 11 22:00:45 ovzhost sshd[1160]: PAM 2 more authentication failures; logname= uid=0 euid=0 tty=ssh ruser= rhost=43.255.190.168  user=root
Apr 11 22:00:46 ovzhost sshd[1164]: pam_unix(sshd:auth): authentication failure; logname= uid=0 euid=0 tty=ssh ruser= rhost=43.255.190.168  user=root
Apr 11 22:00:47 ovzhost sshd[1162]: pam_unix(sshd:auth): authentication failure; logname= uid=0 euid=0 tty=ssh ruser= rhost=43.255.190.137  user=root
Apr 11 22:00:48 ovzhost sshd[1164]: Failed password for root from 43.255.190.168 port 50387 ssh2
Apr 11 22:00:49 ovzhost sshd[1162]: Failed password for root from 43.255.190.137 port 46636 ssh2
Apr 11 22:00:52 ovzhost sshd[1164]: message repeated 2 times: [ Failed password for root from 43.255.190.168 port 50387 ssh2]
Apr 11 22:00:52 ovzhost sshd[1164]: Received disconnect from 43.255.190.168: 11:  [preauth]
Apr 11 22:00:52 ovzhost sshd[1164]: PAM 2 more authentication failures; logname= uid=0 euid=0 tty=ssh ruser= rhost=43.255.190.168  user=root
Apr 11 22:00:53 ovzhost sshd[1166]: pam_unix(sshd:auth): authentication failure; logname= uid=0 euid=0 tty=ssh ruser= rhost=43.255.190.168  user=root
Apr 11 22:00:53 ovzhost sshd[1162]: message repeated 2 times: [ Failed password for root from 43.255.190.137 port 46636 ssh2]
Apr 11 22:00:53 ovzhost sshd[1162]: Received disconnect from 43.255.190.137: 11:  [preauth]
Apr 11 22:00:53 ovzhost sshd[1162]: PAM 2 more authentication failures; logname= uid=0 euid=0 tty=ssh ruser= rhost=43.255.190.137  user=root
Apr 11 22:00:54 ovzhost sshd[1168]: pam_unix(sshd:auth): authentication failure; logname= uid=0 euid=0 tty=ssh ruser= rhost=43.255.190.137  user=root
Apr 11 22:00:54 ovzhost sshd[1166]: Failed password for root from 43.255.190.168 port 38316 ssh2
Apr 11 22:00:56 ovzhost sshd[1168]: Failed password for root from 43.255.190.137 port 34267 ssh2
Apr 11 22:00:58 ovzhost sshd[1166]: message repeated 2 times: [ Failed password for root from 43.255.190.168 port 38316 ssh2]
Apr 11 22:00:58 ovzhost sshd[1166]: Received disconnect from 43.255.190.168: 11:  [preauth]
Apr 11 22:00:58 ovzhost sshd[1166]: PAM 2 more authentication failures; logname= uid=0 euid=0 tty=ssh ruser= rhost=43.255.190.168  user=root
Apr 11 22:00:58 ovzhost sshd[1172]: pam_unix(sshd:auth): authentication failure; logname= uid=0 euid=0 tty=ssh ruser= rhost=43.255.190.168  user=root
Apr 11 22:01:00 ovzhost sshd[1172]: Failed password for root from 43.255.190.168 port 53717 ssh2
Apr 11 22:01:04 ovzhost sshd[1172]: message repeated 2 times: [ Failed password for root from 43.255.190.168 port 53717 ssh2]
Apr 11 22:01:04 ovzhost sshd[1172]: Received disconnect from 43.255.190.168: 11:  [preauth]
Apr 11 22:01:04 ovzhost sshd[1172]: PAM 2 more authentication failures; logname= uid=0 euid=0 tty=ssh ruser= rhost=43.255.190.168  user=root
Apr 11 22:01:04 ovzhost sshd[1174]: pam_unix(sshd:auth): authentication failure; logname= uid=0 euid=0 tty=ssh ruser= rhost=43.255.190.168  user=root
Apr 11 22:01:06 ovzhost sshd[1174]: Failed password for root from 43.255.190.168 port 40704 ssh2
Apr 11 22:01:07 ovzhost sshd[1168]: Failed password for root from 43.255.190.137 port 34267 ssh2
Apr 11 22:01:07 ovzhost sshd[1168]: Received disconnect from 43.255.190.137: 11:  [preauth]
Apr 11 22:01:07 ovzhost sshd[1168]: PAM 1 more authentication failure; logname= uid=0 euid=0 tty=ssh ruser= rhost=43.255.190.137  user=root
Apr 11 22:01:07 ovzhost sshd[1176]: pam_unix(sshd:auth): authentication failure; logname= uid=0 euid=0 tty=ssh ruser= rhost=43.255.190.137  user=root
Apr 11 22:01:08 ovzhost sshd[1176]: Failed password for root from 43.255.190.137 port 55006 ssh2
Apr 11 22:01:10 ovzhost sshd[1174]: message repeated 2 times: [ Failed password for root from 43.255.190.168 port 40704 ssh2]
Apr 11 22:01:10 ovzhost sshd[1174]: Received disconnect from 43.255.190.168: 11:  [preauth]
Apr 11 22:01:10 ovzhost sshd[1174]: PAM 2 more authentication failures; logname= uid=0 euid=0 tty=ssh ruser= rhost=43.255.190.168  user=root
Apr 11 22:01:11 ovzhost sshd[1178]: pam_unix(sshd:auth): authentication failure; logname= uid=0 euid=0 tty=ssh ruser= rhost=43.255.190.168  user=root
Apr 11 22:01:13 ovzhost sshd[1176]: message repeated 2 times: [ Failed password for root from 43.255.190.137 port 55006 ssh2]
Apr 11 22:01:13 ovzhost sshd[1176]: Received disconnect from 43.255.190.137: 11:  [preauth]
Apr 11 22:01:13 ovzhost sshd[1176]: PAM 2 more authentication failures; logname= uid=0 euid=0 tty=ssh ruser= rhost=43.255.190.137  user=root
Apr 11 22:01:13 ovzhost sshd[1178]: Failed password for root from 43.255.190.168 port 57390 ssh2
Apr 11 22:01:17 ovzhost sshd[1180]: pam_unix(sshd:auth): authentication failure; logname= uid=0 euid=0 tty=ssh ruser= rhost=43.255.190.137  user=root
Apr 11 22:01:17 ovzhost sshd[1178]: message repeated 2 times: [ Failed password for root from 43.255.190.168 port 57390 ssh2]
Apr 11 22:01:17 ovzhost sshd[1178]: Received disconnect from 43.255.190.168: 11:  [preauth]
Apr 11 22:01:17 ovzhost sshd[1178]: PAM 2 more authentication failures; logname= uid=0 euid=0 tty=ssh ruser= rhost=43.255.190.168  user=root
Apr 11 22:01:18 ovzhost sshd[1182]: pam_unix(sshd:auth): authentication failure; logname= uid=0 euid=0 tty=ssh ruser= rhost=43.255.190.168  user=root
Apr 11 22:01:18 ovzhost sshd[1180]: Failed password for root from 43.255.190.137 port 37578 ssh2
Apr 11 22:01:19 ovzhost sshd[1182]: Failed password for root from 43.255.190.168 port 46258 ssh2
Apr 11 22:01:22 ovzhost sshd[1180]: message repeated 2 times: [ Failed password for root from 43.255.190.137 port 37578 ssh2]
Apr 11 22:01:22 ovzhost sshd[1180]: Received disconnect from 43.255.190.137: 11:  [preauth]
Apr 11 22:01:22 ovzhost sshd[1180]: PAM 2 more authentication failures; logname= uid=0 euid=0 tty=ssh ruser= rhost=43.255.190.137  user=root
Apr 11 22:01:23 ovzhost sshd[1184]: pam_unix(sshd:auth): authentication failure; logname= uid=0 euid=0 tty=ssh ruser= rhost=43.255.190.137  user=root
Apr 11 22:01:23 ovzhost sshd[1182]: message repeated 2 times: [ Failed password for root from 43.255.190.168 port 46258 ssh2]
Apr 11 22:01:23 ovzhost sshd[1182]: Received disconnect from 43.255.190.168: 11:  [preauth]
Apr 11 22:01:23 ovzhost sshd[1182]: PAM 2 more authentication failures; logname= uid=0 euid=0 tty=ssh ruser= rhost=43.255.190.168  user=root
Apr 11 22:01:24 ovzhost sshd[1186]: pam_unix(sshd:auth): authentication failure; logname= uid=0 euid=0 tty=ssh ruser= rhost=43.255.190.168  user=root
Apr 11 22:01:25 ovzhost sshd[1184]: Failed password for root from 43.255.190.137 port 53353 ssh2
Apr 11 22:01:25 ovzhost sshd[1186]: Failed password for root from 43.255.190.168 port 33048 ssh2
Apr 11 22:01:29 ovzhost sshd[1184]: message repeated 2 times: [ Failed password for root from 43.255.190.137 port 53353 ssh2]
Apr 11 22:01:29 ovzhost sshd[1184]: Received disconnect from 43.255.190.137: 11:  [preauth]
Apr 11 22:01:29 ovzhost sshd[1184]: PAM 2 more authentication failures; logname= uid=0 euid=0 tty=ssh ruser= rhost=43.255.190.137  user=root
Apr 11 22:01:29 ovzhost sshd[1186]: message repeated 2 times: [ Failed password for root from 43.255.190.168 port 33048 ssh2]
Apr 11 22:01:29 ovzhost sshd[1186]: Received disconnect from 43.255.190.168: 11:  [preauth]
Apr 11 22:01:29 ovzhost sshd[1186]: PAM 2 more authentication failures; logname= uid=0 euid=0 tty=ssh ruser= rhost=43.255.190.168  user=root
Apr 11 22:01:30 ovzhost sshd[1192]: pam_unix(sshd:auth): authentication failure; logname= uid=0 euid=0 tty=ssh ruser= rhost=43.255.190.168  user=root
Apr 11 22:01:31 ovzhost sshd[1190]: pam_unix(sshd:auth): authentication failure; logname= uid=0 euid=0 tty=ssh ruser= rhost=43.255.190.137  user=root
Apr 11 22:01:31 ovzhost sshd[1192]: Failed password for root from 43.255.190.168 port 47454 ssh2
Apr 11 22:01:33 ovzhost sshd[1190]: Failed password for root from 43.255.190.137 port 36028 ssh2
Apr 11 22:01:35 ovzhost sshd[1192]: message repeated 2 times: [ Failed password for root from 43.255.190.168 port 47454 ssh2]
Apr 11 22:01:35 ovzhost sshd[1192]: Received disconnect from 43.255.190.168: 11:  [preauth]
Apr 11 22:01:35 ovzhost sshd[1192]: PAM 2 more authentication failures; logname= uid=0 euid=0 tty=ssh ruser= rhost=43.255.190.168  user=root
Apr 11 22:01:36 ovzhost sshd[1194]: pam_unix(sshd:auth): authentication failure; logname= uid=0 euid=0 tty=ssh ruser= rhost=43.255.190.168  user=root
Apr 11 22:01:37 ovzhost sshd[1190]: message repeated 2 times: [ Failed password for root from 43.255.190.137 port 36028 ssh2]
Apr 11 22:01:37 ovzhost sshd[1190]: Received disconnect from 43.255.190.137: 11:  [preauth]
Apr 11 22:01:37 ovzhost sshd[1190]: PAM 2 more authentication failures; logname= uid=0 euid=0 tty=ssh ruser= rhost=43.255.190.137  user=root
Apr 11 22:01:37 ovzhost sshd[1194]: Failed password for root from 43.255.190.168 port 34275 ssh2
Apr 11 22:01:39 ovzhost sshd[1196]: pam_unix(sshd:auth): authentication failure; logname= uid=0 euid=0 tty=ssh ruser= rhost=43.255.190.137  user=root
Apr 11 22:01:41 ovzhost sshd[1196]: Failed password for root from 43.255.190.137 port 50097 ssh2
Apr 11 22:01:41 ovzhost sshd[1194]: message repeated 2 times: [ Failed password for root from 43.255.190.168 port 34275 ssh2]
Apr 11 22:01:41 ovzhost sshd[1194]: Received disconnect from 43.255.190.168: 11:  [preauth]
Apr 11 22:01:41 ovzhost sshd[1194]: PAM 2 more authentication failures; logname= uid=0 euid=0 tty=ssh ruser= rhost=43.255.190.168  user=root
Apr 11 22:01:42 ovzhost sshd[1198]: pam_unix(sshd:auth): authentication failure; logname= uid=0 euid=0 tty=ssh ruser= rhost=43.255.190.168  user=root
Apr 11 22:01:43 ovzhost sshd[1198]: Failed password for root from 43.255.190.168 port 48071 ssh2
Apr 11 22:01:44 ovzhost sshd[1196]: message repeated 2 times: [ Failed password for root from 43.255.190.137 port 50097 ssh2]
Apr 11 22:01:45 ovzhost sshd[1196]: Received disconnect from 43.255.190.137: 11:  [preauth]
Apr 11 22:01:45 ovzhost sshd[1196]: PAM 2 more authentication failures; logname= uid=0 euid=0 tty=ssh ruser= rhost=43.255.190.137  user=root
Apr 11 22:01:45 ovzhost sshd[1200]: pam_unix(sshd:auth): authentication failure; logname= uid=0 euid=0 tty=ssh ruser= rhost=43.255.190.137  user=root
Apr 11 22:01:47 ovzhost sshd[1198]: message repeated 2 times: [ Failed password for root from 43.255.190.168 port 48071 ssh2]
Apr 11 22:01:47 ovzhost sshd[1198]: Received disconnect from 43.255.190.168: 11:  [preauth]
Apr 11 22:01:47 ovzhost sshd[1198]: PAM 2 more authentication failures; logname= uid=0 euid=0 tty=ssh ruser= rhost=43.255.190.168  user=root
Apr 11 22:01:47 ovzhost sshd[1200]: Failed password for root from 43.255.190.137 port 34643 ssh2
Apr 11 22:01:48 ovzhost sshd[1202]: pam_unix(sshd:auth): authentication failure; logname= uid=0 euid=0 tty=ssh ruser= rhost=43.255.190.168  user=root
Apr 11 22:01:49 ovzhost sshd[1202]: Failed password for root from 43.255.190.168 port 33875 ssh2
Apr 11 22:01:51 ovzhost sshd[1200]: message repeated 2 times: [ Failed password for root from 43.255.190.137 port 34643 ssh2]
Apr 11 22:01:51 ovzhost sshd[1200]: Received disconnect from 43.255.190.137: 11:  [preauth]
Apr 11 22:01:51 ovzhost sshd[1200]: PAM 2 more authentication failures; logname= uid=0 euid=0 tty=ssh ruser= rhost=43.255.190.137  user=root
Apr 11 22:01:52 ovzhost sshd[1205]: pam_unix(sshd:auth): authentication failure; logname= uid=0 euid=0 tty=ssh ruser= rhost=43.255.190.137  user=root
Apr 11 22:01:53 ovzhost sshd[1202]: message repeated 2 times: [ Failed password for root from 43.255.190.168 port 33875 ssh2]
Apr 11 22:01:53 ovzhost sshd[1202]: Received disconnect from 43.255.190.168: 11:  [preauth]
Apr 11 22:01:53 ovzhost sshd[1202]: PAM 2 more authentication failures; logname= uid=0 euid=0 tty=ssh ruser= rhost=43.255.190.168  user=root
Apr 11 22:01:54 ovzhost sshd[1207]: pam_unix(sshd:auth): authentication failure; logname= uid=0 euid=0 tty=ssh ruser= rhost=43.255.190.168  user=root
Apr 11 22:01:54 ovzhost sshd[1205]: Failed password for root from 43.255.190.137 port 46309 ssh2
Apr 11 22:01:56 ovzhost sshd[1207]: Failed password for root from 43.255.190.168 port 48635 ssh2
Apr 11 22:01:58 ovzhost sshd[1205]: message repeated 2 times: [ Failed password for root from 43.255.190.137 port 46309 ssh2]
Apr 11 22:01:58 ovzhost sshd[1205]: Received disconnect from 43.255.190.137: 11:  [preauth]
Apr 11 22:01:58 ovzhost sshd[1205]: PAM 2 more authentication failures; logname= uid=0 euid=0 tty=ssh ruser= rhost=43.255.190.137  user=root
Apr 11 22:02:00 ovzhost sshd[1209]: pam_unix(sshd:auth): authentication failure; logname= uid=0 euid=0 tty=ssh ruser= rhost=43.255.190.137  user=root
Apr 11 22:02:00 ovzhost sshd[1207]: message repeated 2 times: [ Failed password for root from 43.255.190.168 port 48635 ssh2]
Apr 11 22:02:00 ovzhost sshd[1207]: Received disconnect from 43.255.190.168: 11:  [preauth]
Apr 11 22:02:00 ovzhost sshd[1207]: PAM 2 more authentication failures; logname= uid=0 euid=0 tty=ssh ruser= rhost=43.255.190.168  user=root
Apr 11 22:02:01 ovzhost sshd[1211]: pam_unix(sshd:auth): authentication failure; logname= uid=0 euid=0 tty=ssh ruser= rhost=43.255.190.168  user=root
Apr 11 22:02:01 ovzhost sshd[1209]: Failed password for root from 43.255.190.137 port 57856 ssh2
Apr 11 22:02:02 ovzhost sshd[1211]: Failed password for root from 43.255.190.168 port 36504 ssh2
Apr 11 22:02:05 ovzhost sshd[1209]: message repeated 2 times: [ Failed password for root from 43.255.190.137 port 57856 ssh2]
Apr 11 22:02:05 ovzhost sshd[1209]: Received disconnect from 43.255.190.137: 11:  [preauth]
Apr 11 22:02:05 ovzhost sshd[1209]: PAM 2 more authentication failures; logname= uid=0 euid=0 tty=ssh ruser= rhost=43.255.190.137  user=root
Apr 11 22:02:06 ovzhost sshd[1211]: message repeated 2 times: [ Failed password for root from 43.255.190.168 port 36504 ssh2]
Apr 11 22:02:06 ovzhost sshd[1211]: Received disconnect from 43.255.190.168: 11:  [preauth]
Apr 11 22:02:06 ovzhost sshd[1211]: PAM 2 more authentication failures; logname= uid=0 euid=0 tty=ssh ruser= rhost=43.255.190.168  user=root
Apr 11 22:02:07 ovzhost sshd[1213]: pam_unix(sshd:auth): authentication failure; logname= uid=0 euid=0 tty=ssh ruser= rhost=43.255.190.168  user=root
Apr 11 22:02:08 ovzhost sshd[1215]: pam_unix(sshd:auth): authentication failure; logname= uid=0 euid=0 tty=ssh ruser= rhost=43.255.190.137  user=root
Apr 11 22:02:09 ovzhost sshd[1213]: Failed password for root from 43.255.190.168 port 52102 ssh2
Apr 11 22:02:10 ovzhost sshd[1215]: Failed password for root from 43.255.190.137 port 42490 ssh2
Apr 11 22:02:13 ovzhost sshd[1213]: message repeated 2 times: [ Failed password for root from 43.255.190.168 port 52102 ssh2]
Apr 11 22:02:13 ovzhost sshd[1213]: Received disconnect from 43.255.190.168: 11:  [preauth]
Apr 11 22:02:13 ovzhost sshd[1213]: PAM 2 more authentication failures; logname= uid=0 euid=0 tty=ssh ruser= rhost=43.255.190.168  user=root
Apr 11 22:02:13 ovzhost sshd[1217]: pam_unix(sshd:auth): authentication failure; logname= uid=0 euid=0 tty=ssh ruser= rhost=43.255.190.168  user=root
Apr 11 22:02:14 ovzhost sshd[1215]: message repeated 2 times: [ Failed password for root from 43.255.190.137 port 42490 ssh2]
Apr 11 22:02:14 ovzhost sshd[1215]: Received disconnect from 43.255.190.137: 11:  [preauth]
Apr 11 22:02:14 ovzhost sshd[1215]: PAM 2 more authentication failures; logname= uid=0 euid=0 tty=ssh ruser= rhost=43.255.190.137  user=root
Apr 11 22:02:15 ovzhost sshd[1217]: Failed password for root from 43.255.190.168 port 39791 ssh2
Apr 11 22:02:15 ovzhost sshd[1219]: pam_unix(sshd:auth): authentication failure; logname= uid=0 euid=0 tty=ssh ruser= rhost=43.255.190.137  user=root
Apr 11 22:02:17 ovzhost sshd[1219]: Failed password for root from 43.255.190.137 port 56734 ssh2
Apr 11 22:02:20 ovzhost sshd[1217]: message repeated 2 times: [ Failed password for root from 43.255.190.168 port 39791 ssh2]
Apr 11 22:02:20 ovzhost sshd[1217]: Received disconnect from 43.255.190.168: 11:  [preauth]
Apr 11 22:02:20 ovzhost sshd[1217]: PAM 2 more authentication failures; logname= uid=0 euid=0 tty=ssh ruser= rhost=43.255.190.168  user=root
Apr 11 22:02:20 ovzhost sshd[1221]: pam_unix(sshd:auth): authentication failure; logname= uid=0 euid=0 tty=ssh ruser= rhost=43.255.190.168  user=root
Apr 11 22:02:21 ovzhost sshd[1219]: message repeated 2 times: [ Failed password for root from 43.255.190.137 port 56734 ssh2]
Apr 11 22:02:22 ovzhost sshd[1219]: Received disconnect from 43.255.190.137: 11:  [preauth]
Apr 11 22:02:22 ovzhost sshd[1219]: PAM 2 more authentication failures; logname= uid=0 euid=0 tty=ssh ruser= rhost=43.255.190.137  user=root
Apr 11 22:02:22 ovzhost sshd[1221]: Failed password for root from 43.255.190.168 port 56926 ssh2
Apr 11 22:02:23 ovzhost sshd[1223]: pam_unix(sshd:auth): authentication failure; logname= uid=0 euid=0 tty=ssh ruser= rhost=43.255.190.137  user=root
Apr 11 22:02:25 ovzhost sshd[1223]: Failed password for root from 43.255.190.137 port 41396 ssh2
Apr 11 22:02:26 ovzhost sshd[1221]: message repeated 2 times: [ Failed password for root from 43.255.190.168 port 56926 ssh2]
Apr 11 22:02:26 ovzhost sshd[1221]: Received disconnect from 43.255.190.168: 11:  [preauth]
Apr 11 22:02:26 ovzhost sshd[1221]: PAM 2 more authentication failures; logname= uid=0 euid=0 tty=ssh ruser= rhost=43.255.190.168  user=root
Apr 11 22:02:27 ovzhost sshd[1225]: pam_unix(sshd:auth): authentication failure; logname= uid=0 euid=0 tty=ssh ruser= rhost=43.255.190.168  user=root
Apr 11 22:02:29 ovzhost sshd[1225]: Failed password for root from 43.255.190.168 port 43468 ssh2
Apr 11 22:02:30 ovzhost sshd[1223]: message repeated 2 times: [ Failed password for root from 43.255.190.137 port 41396 ssh2]
Apr 11 22:02:30 ovzhost sshd[1223]: Received disconnect from 43.255.190.137: 11:  [preauth]
Apr 11 22:02:30 ovzhost sshd[1223]: PAM 2 more authentication failures; logname= uid=0 euid=0 tty=ssh ruser= rhost=43.255.190.137  user=root
Apr 11 22:02:32 ovzhost sshd[1227]: pam_unix(sshd:auth): authentication failure; logname= uid=0 euid=0 tty=ssh ruser= rhost=43.255.190.137  user=root
Apr 11 22:02:34 ovzhost sshd[1227]: Failed password for root from 43.255.190.137 port 55273 ssh2
Apr 11 22:02:34 ovzhost sshd[1225]: message repeated 2 times: [ Failed password for root from 43.255.190.168 port 43468 ssh2]
Apr 11 22:02:34 ovzhost sshd[1225]: Received disconnect from 43.255.190.168: 11:  [preauth]
Apr 11 22:02:34 ovzhost sshd[1225]: PAM 2 more authentication failures; logname= uid=0 euid=0 tty=ssh ruser= rhost=43.255.190.168  user=root
Apr 11 22:02:35 ovzhost sshd[1229]: pam_unix(sshd:auth): authentication failure; logname= uid=0 euid=0 tty=ssh ruser= rhost=43.255.190.168  user=root
Apr 11 22:02:37 ovzhost sshd[1229]: Failed password for root from 43.255.190.168 port 32974 ssh2
Apr 11 22:02:38 ovzhost sshd[1227]: message repeated 2 times: [ Failed password for root from 43.255.190.137 port 55273 ssh2]
Apr 11 22:02:38 ovzhost sshd[1227]: Received disconnect from 43.255.190.137: 11:  [preauth]
Apr 11 22:02:38 ovzhost sshd[1227]: PAM 2 more authentication failures; logname= uid=0 euid=0 tty=ssh ruser= rhost=43.255.190.137  user=root
Apr 11 22:02:39 ovzhost sshd[1231]: pam_unix(sshd:auth): authentication failure; logname= uid=0 euid=0 tty=ssh ruser= rhost=43.255.190.137  user=root
Apr 11 22:02:40 ovzhost sshd[1229]: message repeated 2 times: [ Failed password for root from 43.255.190.168 port 32974 ssh2]
Apr 11 22:02:41 ovzhost sshd[1229]: Received disconnect from 43.255.190.168: 11:  [preauth]
Apr 11 22:02:41 ovzhost sshd[1229]: PAM 2 more authentication failures; logname= uid=0 euid=0 tty=ssh ruser= rhost=43.255.190.168  user=root
Apr 11 22:02:41 ovzhost sshd[1231]: Failed password for root from 43.255.190.137 port 40395 ssh2
Apr 11 22:02:46 ovzhost sshd[1231]: message repeated 2 times: [ Failed password for root from 43.255.190.137 port 40395 ssh2]
Apr 11 22:02:47 ovzhost sshd[1231]: Received disconnect from 43.255.190.137: 11:  [preauth]
Apr 11 22:02:47 ovzhost sshd[1231]: PAM 2 more authentication failures; logname= uid=0 euid=0 tty=ssh ruser= rhost=43.255.190.137  user=root
Apr 11 22:03:35 ovzhost sshd[1239]: Connection closed by 127.0.0.1 [preauth]
Apr 11 22:05:01 ovzhost sshd[1245]: Invalid user admin from 45.55.147.43
Apr 11 22:05:01 ovzhost sshd[1245]: input_userauth_request: invalid user admin [preauth]
Apr 11 22:05:01 ovzhost sshd[1245]: pam_unix(sshd:auth): check pass; user unknown
Apr 11 22:05:01 ovzhost sshd[1245]: pam_unix(sshd:auth): authentication failure; logname= uid=0 euid=0 tty=ssh ruser= rhost=45.55.147.43 
Apr 11 22:05:03 ovzhost sshd[1245]: Failed password for invalid user admin from 45.55.147.43 port 58394 ssh2
Apr 11 22:05:03 ovzhost sshd[1245]: Connection closed by 45.55.147.43 [preauth]
Apr 11 22:08:35 ovzhost sshd[1263]: Connection closed by 127.0.0.1 [preauth]
Apr 11 22:09:01 ovzhost CRON[1267]: pam_env(cron:session): Unable to open env file: /etc/default/locale: No such file or directory
Apr 11 22:09:01 ovzhost CRON[1268]: pam_env(cron:session): Unable to open env file: /etc/default/locale: No such file or directory
Apr 11 22:09:01 ovzhost CRON[1267]: pam_unix(cron:session): session opened for user root by (uid=0)
Apr 11 22:09:01 ovzhost CRON[1268]: pam_unix(cron:session): session opened for user root by (uid=0)
Apr 11 22:09:01 ovzhost CRON[1267]: pam_unix(cron:session): session closed for user root
Apr 11 22:09:01 ovzhost CRON[1268]: pam_unix(cron:session): session closed for user root
Apr 11 22:10:25 ovzhost sshd[1285]: Connection closed by 128.8.37.104 [preauth]
Apr 11 22:13:35 ovzhost sshd[1300]: Connection closed by 127.0.0.1 [preauth]
Apr 11 22:18:35 ovzhost sshd[1322]: Connection closed by 127.0.0.1 [preauth]
Apr 11 22:20:01 ovzhost CRON[1329]: pam_env(cron:session): Unable to open env file: /etc/default/locale: No such file or directory
Apr 11 22:20:01 ovzhost CRON[1329]: pam_unix(cron:session): session opened for user smmsp by (uid=0)
Apr 11 22:20:01 ovzhost CRON[1329]: pam_unix(cron:session): session closed for user smmsp
Apr 11 22:20:12 ovzhost sshd[1354]: pam_unix(sshd:auth): authentication failure; logname= uid=0 euid=0 tty=ssh ruser= rhost=43.255.190.89  user=root
Apr 11 22:20:13 ovzhost sshd[1354]: Failed password for root from 43.255.190.89 port 53555 ssh2
Apr 11 22:20:18 ovzhost sshd[1354]: message repeated 2 times: [ Failed password for root from 43.255.190.89 port 53555 ssh2]
Apr 11 22:20:18 ovzhost sshd[1354]: Received disconnect from 43.255.190.89: 11:  [preauth]
Apr 11 22:20:18 ovzhost sshd[1354]: PAM 2 more authentication failures; logname= uid=0 euid=0 tty=ssh ruser= rhost=43.255.190.89  user=root
Apr 11 22:20:19 ovzhost sshd[1356]: pam_unix(sshd:auth): authentication failure; logname= uid=0 euid=0 tty=ssh ruser= rhost=43.255.190.89  user=root
Apr 11 22:20:21 ovzhost sshd[1356]: Failed password for root from 43.255.190.89 port 42699 ssh2
Apr 11 22:20:21 ovzhost sshd[1358]: pam_unix(sshd:auth): authentication failure; logname= uid=0 euid=0 tty=ssh ruser= rhost=43.255.190.185  user=root
Apr 11 22:20:23 ovzhost sshd[1358]: Failed password for root from 43.255.190.185 port 60965 ssh2
Apr 11 22:20:24 ovzhost sshd[1356]: message repeated 2 times: [ Failed password for root from 43.255.190.89 port 42699 ssh2]
Apr 11 22:20:25 ovzhost sshd[1356]: Received disconnect from 43.255.190.89: 11:  [preauth]
Apr 11 22:20:25 ovzhost sshd[1356]: PAM 2 more authentication failures; logname= uid=0 euid=0 tty=ssh ruser= rhost=43.255.190.89  user=root
Apr 11 22:20:25 ovzhost sshd[1360]: pam_unix(sshd:auth): authentication failure; logname= uid=0 euid=0 tty=ssh ruser= rhost=43.255.190.89  user=root
Apr 11 22:20:25 ovzhost sshd[1363]: Connection closed by 128.8.37.104 [preauth]
Apr 11 22:20:27 ovzhost sshd[1358]: message repeated 2 times: [ Failed password for root from 43.255.190.185 port 60965 ssh2]
Apr 11 22:20:27 ovzhost sshd[1358]: Received disconnect from 43.255.190.185: 11:  [preauth]
Apr 11 22:20:27 ovzhost sshd[1358]: PAM 2 more authentication failures; logname= uid=0 euid=0 tty=ssh ruser= rhost=43.255.190.185  user=root
Apr 11 22:20:27 ovzhost sshd[1360]: Failed password for root from 43.255.190.89 port 59537 ssh2
Apr 11 22:20:27 ovzhost sshd[1365]: pam_unix(sshd:auth): authentication failure; logname= uid=0 euid=0 tty=ssh ruser= rhost=43.255.190.185  user=root
Apr 11 22:20:30 ovzhost sshd[1365]: Failed password for root from 43.255.190.185 port 49096 ssh2
Apr 11 22:20:31 ovzhost sshd[1360]: message repeated 2 times: [ Failed password for root from 43.255.190.89 port 59537 ssh2]
Apr 11 22:20:31 ovzhost sshd[1360]: Received disconnect from 43.255.190.89: 11:  [preauth]
Apr 11 22:20:31 ovzhost sshd[1360]: PAM 2 more authentication failures; logname= uid=0 euid=0 tty=ssh ruser= rhost=43.255.190.89  user=root
Apr 11 22:20:32 ovzhost sshd[1367]: pam_unix(sshd:auth): authentication failure; logname= uid=0 euid=0 tty=ssh ruser= rhost=43.255.190.89  user=root
Apr 11 22:20:33 ovzhost sshd[1367]: Failed password for root from 43.255.190.89 port 47239 ssh2
Apr 11 22:20:34 ovzhost sshd[1365]: message repeated 2 times: [ Failed password for root from 43.255.190.185 port 49096 ssh2]
Apr 11 22:20:34 ovzhost sshd[1365]: Received disconnect from 43.255.190.185: 11:  [preauth]
Apr 11 22:20:34 ovzhost sshd[1365]: PAM 2 more authentication failures; logname= uid=0 euid=0 tty=ssh ruser= rhost=43.255.190.185  user=root
Apr 11 22:20:34 ovzhost sshd[1369]: pam_unix(sshd:auth): authentication failure; logname= uid=0 euid=0 tty=ssh ruser= rhost=43.255.190.185  user=root
Apr 11 22:20:36 ovzhost sshd[1369]: Failed password for root from 43.255.190.185 port 39431 ssh2
Apr 11 22:20:37 ovzhost sshd[1367]: message repeated 2 times: [ Failed password for root from 43.255.190.89 port 47239 ssh2]
Apr 11 22:20:37 ovzhost sshd[1367]: Received disconnect from 43.255.190.89: 11:  [preauth]
Apr 11 22:20:37 ovzhost sshd[1367]: PAM 2 more authentication failures; logname= uid=0 euid=0 tty=ssh ruser= rhost=43.255.190.89  user=root
Apr 11 22:20:38 ovzhost sshd[1373]: pam_unix(sshd:auth): authentication failure; logname= uid=0 euid=0 tty=ssh ruser= rhost=43.255.190.89  user=root
Apr 11 22:20:40 ovzhost sshd[1373]: Failed password for root from 43.255.190.89 port 35068 ssh2
Apr 11 22:20:40 ovzhost sshd[1369]: message repeated 2 times: [ Failed password for root from 43.255.190.185 port 39431 ssh2]
Apr 11 22:20:40 ovzhost sshd[1369]: Received disconnect from 43.255.190.185: 11:  [preauth]
Apr 11 22:20:40 ovzhost sshd[1369]: PAM 2 more authentication failures; logname= uid=0 euid=0 tty=ssh ruser= rhost=43.255.190.185  user=root
Apr 11 22:20:40 ovzhost sshd[1375]: pam_unix(sshd:auth): authentication failure; logname= uid=0 euid=0 tty=ssh ruser= rhost=43.255.190.185  user=root
Apr 11 22:20:42 ovzhost sshd[1375]: Failed password for root from 43.255.190.185 port 54925 ssh2
Apr 11 22:20:43 ovzhost sshd[1373]: message repeated 2 times: [ Failed password for root from 43.255.190.89 port 35068 ssh2]
Apr 11 22:20:43 ovzhost sshd[1373]: Received disconnect from 43.255.190.89: 11:  [preauth]
Apr 11 22:20:43 ovzhost sshd[1373]: PAM 2 more authentication failures; logname= uid=0 euid=0 tty=ssh ruser= rhost=43.255.190.89  user=root
Apr 11 22:20:43 ovzhost sshd[1377]: pam_unix(sshd:auth): authentication failure; logname= uid=0 euid=0 tty=ssh ruser= rhost=43.255.190.89  user=root
Apr 11 22:20:45 ovzhost sshd[1377]: Failed password for root from 43.255.190.89 port 49410 ssh2
Apr 11 22:20:46 ovzhost sshd[1375]: message repeated 2 times: [ Failed password for root from 43.255.190.185 port 54925 ssh2]
Apr 11 22:20:46 ovzhost sshd[1375]: Received disconnect from 43.255.190.185: 11:  [preauth]
Apr 11 22:20:46 ovzhost sshd[1375]: PAM 2 more authentication failures; logname= uid=0 euid=0 tty=ssh ruser= rhost=43.255.190.185  user=root
Apr 11 22:20:46 ovzhost sshd[1379]: pam_unix(sshd:auth): authentication failure; logname= uid=0 euid=0 tty=ssh ruser= rhost=43.255.190.185  user=root
Apr 11 22:20:48 ovzhost sshd[1379]: Failed password for root from 43.255.190.185 port 42532 ssh2
Apr 11 22:20:48 ovzhost sshd[1377]: message repeated 2 times: [ Failed password for root from 43.255.190.89 port 49410 ssh2]
Apr 11 22:20:49 ovzhost sshd[1377]: Received disconnect from 43.255.190.89: 11:  [preauth]
Apr 11 22:20:49 ovzhost sshd[1377]: PAM 2 more authentication failures; logname= uid=0 euid=0 tty=ssh ruser= rhost=43.255.190.89  user=root
Apr 11 22:20:49 ovzhost sshd[1381]: pam_unix(sshd:auth): authentication failure; logname= uid=0 euid=0 tty=ssh ruser= rhost=43.255.190.89  user=root
Apr 11 22:20:51 ovzhost sshd[1381]: Failed password for root from 43.255.190.89 port 36812 ssh2
Apr 11 22:20:52 ovzhost sshd[1379]: message repeated 2 times: [ Failed password for root from 43.255.190.185 port 42532 ssh2]
Apr 11 22:20:52 ovzhost sshd[1379]: Received disconnect from 43.255.190.185: 11:  [preauth]
Apr 11 22:20:52 ovzhost sshd[1379]: PAM 2 more authentication failures; logname= uid=0 euid=0 tty=ssh ruser= rhost=43.255.190.185  user=root
Apr 11 22:20:52 ovzhost sshd[1383]: pam_unix(sshd:auth): authentication failure; logname= uid=0 euid=0 tty=ssh ruser= rhost=43.255.190.185  user=root
Apr 11 22:20:54 ovzhost sshd[1383]: Failed password for root from 43.255.190.185 port 58253 ssh2
Apr 11 22:20:55 ovzhost sshd[1381]: message repeated 2 times: [ Failed password for root from 43.255.190.89 port 36812 ssh2]
Apr 11 22:20:55 ovzhost sshd[1381]: Received disconnect from 43.255.190.89: 11:  [preauth]
Apr 11 22:20:55 ovzhost sshd[1381]: PAM 2 more authentication failures; logname= uid=0 euid=0 tty=ssh ruser= rhost=43.255.190.89  user=root
Apr 11 22:20:56 ovzhost sshd[1385]: pam_unix(sshd:auth): authentication failure; logname= uid=0 euid=0 tty=ssh ruser= rhost=43.255.190.89  user=root
Apr 11 22:20:58 ovzhost sshd[1385]: Failed password for root from 43.255.190.89 port 52068 ssh2
Apr 11 22:20:58 ovzhost sshd[1383]: message repeated 2 times: [ Failed password for root from 43.255.190.185 port 58253 ssh2]
Apr 11 22:20:58 ovzhost sshd[1383]: Received disconnect from 43.255.190.185: 11:  [preauth]
Apr 11 22:20:58 ovzhost sshd[1383]: PAM 2 more authentication failures; logname= uid=0 euid=0 tty=ssh ruser= rhost=43.255.190.185  user=root
Apr 11 22:20:59 ovzhost sshd[1387]: pam_unix(sshd:auth): authentication failure; logname= uid=0 euid=0 tty=ssh ruser= rhost=43.255.190.185  user=root
Apr 11 22:21:00 ovzhost sshd[1387]: Failed password for root from 43.255.190.185 port 46549 ssh2
Apr 11 22:21:01 ovzhost sshd[1385]: message repeated 2 times: [ Failed password for root from 43.255.190.89 port 52068 ssh2]
Apr 11 22:21:01 ovzhost sshd[1385]: Received disconnect from 43.255.190.89: 11:  [preauth]
Apr 11 22:21:01 ovzhost sshd[1385]: PAM 2 more authentication failures; logname= uid=0 euid=0 tty=ssh ruser= rhost=43.255.190.89  user=root
Apr 11 22:21:02 ovzhost sshd[1389]: pam_unix(sshd:auth): authentication failure; logname= uid=0 euid=0 tty=ssh ruser= rhost=43.255.190.89  user=root
Apr 11 22:21:04 ovzhost sshd[1389]: Failed password for root from 43.255.190.89 port 40839 ssh2
Apr 11 22:21:04 ovzhost sshd[1387]: message repeated 2 times: [ Failed password for root from 43.255.190.185 port 46549 ssh2]
Apr 11 22:21:04 ovzhost sshd[1387]: Received disconnect from 43.255.190.185: 11:  [preauth]
Apr 11 22:21:04 ovzhost sshd[1387]: PAM 2 more authentication failures; logname= uid=0 euid=0 tty=ssh ruser= rhost=43.255.190.185  user=root
Apr 11 22:21:05 ovzhost sshd[1391]: pam_unix(sshd:auth): authentication failure; logname= uid=0 euid=0 tty=ssh ruser= rhost=43.255.190.185  user=root
Apr 11 22:21:07 ovzhost sshd[1391]: Failed password for root from 43.255.190.185 port 33908 ssh2
Apr 11 22:21:07 ovzhost sshd[1389]: message repeated 2 times: [ Failed password for root from 43.255.190.89 port 40839 ssh2]
Apr 11 22:21:07 ovzhost sshd[1389]: Received disconnect from 43.255.190.89: 11:  [preauth]
Apr 11 22:21:07 ovzhost sshd[1389]: PAM 2 more authentication failures; logname= uid=0 euid=0 tty=ssh ruser= rhost=43.255.190.89  user=root
Apr 11 22:21:08 ovzhost sshd[1393]: pam_unix(sshd:auth): authentication failure; logname= uid=0 euid=0 tty=ssh ruser= rhost=43.255.190.89  user=root
Apr 11 22:21:10 ovzhost sshd[1393]: Failed password for root from 43.255.190.89 port 55936 ssh2
Apr 11 22:21:11 ovzhost sshd[1391]: message repeated 2 times: [ Failed password for root from 43.255.190.185 port 33908 ssh2]
Apr 11 22:21:11 ovzhost sshd[1391]: Received disconnect from 43.255.190.185: 11:  [preauth]
Apr 11 22:21:11 ovzhost sshd[1391]: PAM 2 more authentication failures; logname= uid=0 euid=0 tty=ssh ruser= rhost=43.255.190.185  user=root
Apr 11 22:21:11 ovzhost sshd[1397]: pam_unix(sshd:auth): authentication failure; logname= uid=0 euid=0 tty=ssh ruser= rhost=43.255.190.185  user=root
Apr 11 22:21:13 ovzhost sshd[1397]: Failed password for root from 43.255.190.185 port 50044 ssh2
Apr 11 22:21:14 ovzhost sshd[1393]: message repeated 2 times: [ Failed password for root from 43.255.190.89 port 55936 ssh2]
Apr 11 22:21:14 ovzhost sshd[1393]: Received disconnect from 43.255.190.89: 11:  [preauth]
Apr 11 22:21:14 ovzhost sshd[1393]: PAM 2 more authentication failures; logname= uid=0 euid=0 tty=ssh ruser= rhost=43.255.190.89  user=root
Apr 11 22:21:15 ovzhost sshd[1399]: pam_unix(sshd:auth): authentication failure; logname= uid=0 euid=0 tty=ssh ruser= rhost=43.255.190.89  user=root
Apr 11 22:21:17 ovzhost sshd[1399]: Failed password for root from 43.255.190.89 port 44283 ssh2
Apr 11 22:21:17 ovzhost sshd[1397]: message repeated 2 times: [ Failed password for root from 43.255.190.185 port 50044 ssh2]
Apr 11 22:21:17 ovzhost sshd[1397]: Received disconnect from 43.255.190.185: 11:  [preauth]
Apr 11 22:21:17 ovzhost sshd[1397]: PAM 2 more authentication failures; logname= uid=0 euid=0 tty=ssh ruser= rhost=43.255.190.185  user=root
Apr 11 22:21:18 ovzhost sshd[1401]: pam_unix(sshd:auth): authentication failure; logname= uid=0 euid=0 tty=ssh ruser= rhost=43.255.190.185  user=root
Apr 11 22:21:19 ovzhost sshd[1401]: Failed password for root from 43.255.190.185 port 37109 ssh2
Apr 11 22:21:20 ovzhost sshd[1399]: message repeated 2 times: [ Failed password for root from 43.255.190.89 port 44283 ssh2]
Apr 11 22:21:21 ovzhost sshd[1399]: Received disconnect from 43.255.190.89: 11:  [preauth]
Apr 11 22:21:21 ovzhost sshd[1399]: PAM 2 more authentication failures; logname= uid=0 euid=0 tty=ssh ruser= rhost=43.255.190.89  user=root
Apr 11 22:21:21 ovzhost sshd[1403]: pam_unix(sshd:auth): authentication failure; logname= uid=0 euid=0 tty=ssh ruser= rhost=43.255.190.89  user=root
Apr 11 22:21:23 ovzhost sshd[1403]: Failed password for root from 43.255.190.89 port 60298 ssh2
Apr 11 22:21:23 ovzhost sshd[1401]: message repeated 2 times: [ Failed password for root from 43.255.190.185 port 37109 ssh2]
Apr 11 22:21:23 ovzhost sshd[1401]: Received disconnect from 43.255.190.185: 11:  [preauth]
Apr 11 22:21:23 ovzhost sshd[1401]: PAM 2 more authentication failures; logname= uid=0 euid=0 tty=ssh ruser= rhost=43.255.190.185  user=root
Apr 11 22:21:24 ovzhost sshd[1405]: pam_unix(sshd:auth): authentication failure; logname= uid=0 euid=0 tty=ssh ruser= rhost=43.255.190.185  user=root
Apr 11 22:21:26 ovzhost sshd[1405]: Failed password for root from 43.255.190.185 port 52552 ssh2
Apr 11 22:21:27 ovzhost sshd[1403]: message repeated 2 times: [ Failed password for root from 43.255.190.89 port 60298 ssh2]
