Mar 31 17:16:56 ovzhost sudo:     root : unable to resolve host ovzhost
Mar 31 17:16:56 ovzhost sudo:     root : TTY=pts/0 ; PWD=/ ; USER=root ; COMMAND=/usr/bin/less /root/.bash_history
Mar 31 17:16:56 ovzhost sudo: pam_unix(sudo:session): session opened for user root by (uid=0)
Mar 31 17:16:57 ovzhost sudo: pam_unix(sudo:session): session closed for user root
Apr  2 14:31:13 ovzhost sshd[419]: Server listening on 0.0.0.0 port 22.
Apr  2 14:31:13 ovzhost sshd[419]: Server listening on :: port 22.
Apr  2 14:31:13 ovzhost saslauthd[637]: detach_tty      : master pid is: 637
Apr  2 14:31:13 ovzhost saslauthd[637]: ipc_init        : listening on socket: /var/run/saslauthd/mux
Apr  2 14:33:26 ovzhost sshd[797]: Connection closed by 127.0.0.1 [preauth]
Apr 11 21:38:35 ovzhost sshd[790]: Connection closed by 127.0.0.1 [preauth]
Apr 11 21:39:01 ovzhost CRON[794]: pam_env(cron:session): Unable to open env file: /etc/default/locale: No such file or directory
Apr 11 21:39:01 ovzhost CRON[794]: pam_unix(cron:session): session opened for user root by (uid=0)
Apr 11 21:39:01 ovzhost CRON[794]: pam_unix(cron:session): session closed for user root
Apr 11 21:40:01 ovzhost CRON[808]: pam_env(cron:session): Unable to open env file: /etc/default/locale: No such file or directory
Apr 11 21:40:01 ovzhost CRON[808]: pam_unix(cron:session): session opened for user smmsp by (uid=0)
Apr 11 21:40:01 ovzhost CRON[808]: pam_unix(cron:session): session closed for user smmsp
Apr 11 21:40:25 ovzhost sshd[834]: Connection closed by 128.8.37.104 [preauth]
Apr 11 21:43:35 ovzhost sshd[849]: Connection closed by 127.0.0.1 [preauth]
Apr 11 21:48:35 ovzhost sshd[871]: Connection closed by 127.0.0.1 [preauth]
Apr 11 21:50:25 ovzhost sshd[879]: Connection closed by 128.8.37.104 [preauth]
Apr 11 21:53:35 ovzhost sshd[894]: Connection closed by 127.0.0.1 [preauth]
Apr 11 21:54:19 ovzhost sshd[898]: pam_unix(sshd:auth): authentication failure; logname= uid=0 euid=0 tty=ssh ruser= rhost=43.255.190.168  user=root
Apr 11 21:54:22 ovzhost sshd[898]: Failed password for root from 43.255.190.168 port 36907 ssh2
Apr 11 21:54:25 ovzhost sshd[900]: pam_unix(sshd:auth): authentication failure; logname= uid=0 euid=0 tty=ssh ruser= rhost=43.255.190.137  user=root
Apr 11 21:54:26 ovzhost sshd[898]: message repeated 2 times: [ Failed password for root from 43.255.190.168 port 36907 ssh2]
Apr 11 21:54:26 ovzhost sshd[898]: Received disconnect from 43.255.190.168: 11:  [preauth]
Apr 11 21:54:26 ovzhost sshd[898]: PAM 2 more authentication failures; logname= uid=0 euid=0 tty=ssh ruser= rhost=43.255.190.168  user=root
Apr 11 21:54:26 ovzhost sshd[902]: pam_unix(sshd:auth): authentication failure; logname= uid=0 euid=0 tty=ssh ruser= rhost=43.255.190.168  user=root
Apr 11 21:54:26 ovzhost sshd[900]: Failed password for root from 43.255.190.137 port 38205 ssh2
Apr 11 21:54:28 ovzhost sshd[902]: Failed password for root from 43.255.190.168 port 53901 ssh2
Apr 11 21:54:30 ovzhost sshd[900]: message repeated 2 times: [ Failed password for root from 43.255.190.137 port 38205 ssh2]
Apr 11 21:54:30 ovzhost sshd[900]: Received disconnect from 43.255.190.137: 11:  [preauth]
Apr 11 21:54:30 ovzhost sshd[900]: PAM 2 more authentication failures; logname= uid=0 euid=0 tty=ssh ruser= rhost=43.255.190.137  user=root
Apr 11 21:54:31 ovzhost sshd[904]: pam_unix(sshd:auth): authentication failure; logname= uid=0 euid=0 tty=ssh ruser= rhost=43.255.190.137  user=root
Apr 11 21:54:32 ovzhost sshd[902]: message repeated 2 times: [ Failed password for root from 43.255.190.168 port 53901 ssh2]
Apr 11 21:54:32 ovzhost sshd[902]: Received disconnect from 43.255.190.168: 11:  [preauth]
Apr 11 21:54:32 ovzhost sshd[902]: PAM 2 more authentication failures; logname= uid=0 euid=0 tty=ssh ruser= rhost=43.255.190.168  user=root
Apr 11 21:54:33 ovzhost sshd[906]: pam_unix(sshd:auth): authentication failure; logname= uid=0 euid=0 tty=ssh ruser= rhost=43.255.190.168  user=root
Apr 11 21:54:34 ovzhost sshd[904]: Failed password for root from 43.255.190.137 port 50183 ssh2
Apr 11 21:54:35 ovzhost sshd[906]: Failed password for root from 43.255.190.168 port 42648 ssh2
Apr 11 21:54:38 ovzhost sshd[906]: message repeated 2 times: [ Failed password for root from 43.255.190.168 port 42648 ssh2]
Apr 11 21:54:39 ovzhost sshd[906]: Received disconnect from 43.255.190.168: 11:  [preauth]
Apr 11 21:54:39 ovzhost sshd[906]: PAM 2 more authentication failures; logname= uid=0 euid=0 tty=ssh ruser= rhost=43.255.190.168  user=root
Apr 11 21:54:38 ovzhost sshd[904]: message repeated 2 times: [ Failed password for root from 43.255.190.137 port 50183 ssh2]
Apr 11 21:54:39 ovzhost sshd[904]: Received disconnect from 43.255.190.137: 11:  [preauth]
Apr 11 21:54:39 ovzhost sshd[904]: PAM 2 more authentication failures; logname= uid=0 euid=0 tty=ssh ruser= rhost=43.255.190.137  user=root
Apr 11 21:54:39 ovzhost sshd[908]: pam_unix(sshd:auth): authentication failure; logname= uid=0 euid=0 tty=ssh ruser= rhost=43.255.190.168  user=root
Apr 11 21:54:39 ovzhost sshd[910]: pam_unix(sshd:auth): authentication failure; logname= uid=0 euid=0 tty=ssh ruser= rhost=43.255.190.137  user=root
Apr 11 21:54:41 ovzhost sshd[908]: Failed password for root from 43.255.190.168 port 58282 ssh2
Apr 11 21:54:41 ovzhost sshd[910]: Failed password for root from 43.255.190.137 port 33544 ssh2
Apr 11 21:54:44 ovzhost sshd[908]: message repeated 2 times: [ Failed password for root from 43.255.190.168 port 58282 ssh2]
Apr 11 21:54:44 ovzhost sshd[908]: Received disconnect from 43.255.190.168: 11:  [preauth]
Apr 11 21:54:44 ovzhost sshd[908]: PAM 2 more authentication failures; logname= uid=0 euid=0 tty=ssh ruser= rhost=43.255.190.168  user=root
Apr 11 21:54:44 ovzhost sshd[910]: message repeated 2 times: [ Failed password for root from 43.255.190.137 port 33544 ssh2]
Apr 11 21:54:44 ovzhost sshd[910]: Received disconnect from 43.255.190.137: 11:  [preauth]
Apr 11 21:54:44 ovzhost sshd[910]: PAM 2 more authentication failures; logname= uid=0 euid=0 tty=ssh ruser= rhost=43.255.190.137  user=root
Apr 11 21:54:45 ovzhost sshd[913]: pam_unix(sshd:auth): authentication failure; logname= uid=0 euid=0 tty=ssh ruser= rhost=43.255.190.168  user=root
Apr 11 21:54:46 ovzhost sshd[915]: pam_unix(sshd:auth): authentication failure; logname= uid=0 euid=0 tty=ssh ruser= rhost=43.255.190.137  user=root
Apr 11 21:54:47 ovzhost sshd[913]: Failed password for root from 43.255.190.168 port 44724 ssh2
Apr 11 21:54:48 ovzhost sshd[915]: Failed password for root from 43.255.190.137 port 42341 ssh2
Apr 11 21:54:51 ovzhost sshd[913]: message repeated 2 times: [ Failed password for root from 43.255.190.168 port 44724 ssh2]
Apr 11 21:54:51 ovzhost sshd[913]: Received disconnect from 43.255.190.168: 11:  [preauth]
Apr 11 21:54:51 ovzhost sshd[913]: PAM 2 more authentication failures; logname= uid=0 euid=0 tty=ssh ruser= rhost=43.255.190.168  user=root
Apr 11 21:54:51 ovzhost sshd[915]: message repeated 2 times: [ Failed password for root from 43.255.190.137 port 42341 ssh2]
Apr 11 21:54:51 ovzhost sshd[915]: Received disconnect from 43.255.190.137: 11:  [preauth]
Apr 11 21:54:51 ovzhost sshd[915]: PAM 2 more authentication failures; logname= uid=0 euid=0 tty=ssh ruser= rhost=43.255.190.137  user=root
Apr 11 21:54:51 ovzhost sshd[917]: pam_unix(sshd:auth): authentication failure; logname= uid=0 euid=0 tty=ssh ruser= rhost=43.255.190.168  user=root
Apr 11 21:54:53 ovzhost sshd[917]: Failed password for root from 43.255.190.168 port 60814 ssh2
Apr 11 21:54:56 ovzhost sshd[917]: message repeated 2 times: [ Failed password for root from 43.255.190.168 port 60814 ssh2]
Apr 11 21:54:56 ovzhost sshd[917]: Received disconnect from 43.255.190.168: 11:  [preauth]
Apr 11 21:54:56 ovzhost sshd[917]: PAM 2 more authentication failures; logname= uid=0 euid=0 tty=ssh ruser= rhost=43.255.190.168  user=root
Apr 11 21:54:57 ovzhost sshd[922]: pam_unix(sshd:auth): authentication failure; logname= uid=0 euid=0 tty=ssh ruser= rhost=43.255.190.168  user=root
Apr 11 21:54:57 ovzhost sshd[920]: pam_unix(sshd:auth): authentication failure; logname= uid=0 euid=0 tty=ssh ruser= rhost=43.255.190.137  user=root
Apr 11 21:54:59 ovzhost sshd[922]: Failed password for root from 43.255.190.168 port 45836 ssh2
Apr 11 21:55:00 ovzhost sshd[920]: Failed password for root from 43.255.190.137 port 59625 ssh2
Apr 11 21:55:03 ovzhost sshd[920]: message repeated 2 times: [ Failed password for root from 43.255.190.137 port 59625 ssh2]
Apr 11 21:55:03 ovzhost sshd[920]: Received disconnect from 43.255.190.137: 11:  [preauth]
Apr 11 21:55:03 ovzhost sshd[920]: PAM 2 more authentication failures; logname= uid=0 euid=0 tty=ssh ruser= rhost=43.255.190.137  user=root
Apr 11 21:55:03 ovzhost sshd[922]: message repeated 2 times: [ Failed password for root from 43.255.190.168 port 45836 ssh2]
Apr 11 21:55:03 ovzhost sshd[922]: Received disconnect from 43.255.190.168: 11:  [preauth]
Apr 11 21:55:03 ovzhost sshd[922]: PAM 2 more authentication failures; logname= uid=0 euid=0 tty=ssh ruser= rhost=43.255.190.168  user=root
Apr 11 21:55:04 ovzhost sshd[926]: pam_unix(sshd:auth): authentication failure; logname= uid=0 euid=0 tty=ssh ruser= rhost=43.255.190.168  user=root
Apr 11 21:55:04 ovzhost sshd[924]: pam_unix(sshd:auth): authentication failure; logname= uid=0 euid=0 tty=ssh ruser= rhost=43.255.190.137  user=root
Apr 11 21:55:06 ovzhost sshd[926]: Failed password for root from 43.255.190.168 port 33527 ssh2
Apr 11 21:55:06 ovzhost sshd[924]: Failed password for root from 43.255.190.137 port 41404 ssh2
Apr 11 21:55:10 ovzhost sshd[926]: message repeated 2 times: [ Failed password for root from 43.255.190.168 port 33527 ssh2]
Apr 11 21:55:10 ovzhost sshd[926]: Received disconnect from 43.255.190.168: 11:  [preauth]
Apr 11 21:55:10 ovzhost sshd[926]: PAM 2 more authentication failures; logname= uid=0 euid=0 tty=ssh ruser= rhost=43.255.190.168  user=root
Apr 11 21:55:10 ovzhost sshd[924]: message repeated 2 times: [ Failed password for root from 43.255.190.137 port 41404 ssh2]
Apr 11 21:55:10 ovzhost sshd[924]: Received disconnect from 43.255.190.137: 11:  [preauth]
Apr 11 21:55:10 ovzhost sshd[924]: PAM 2 more authentication failures; logname= uid=0 euid=0 tty=ssh ruser= rhost=43.255.190.137  user=root
Apr 11 21:55:11 ovzhost sshd[928]: pam_unix(sshd:auth): authentication failure; logname= uid=0 euid=0 tty=ssh ruser= rhost=43.255.190.168  user=root
Apr 11 21:55:12 ovzhost sshd[928]: Failed password for root from 43.255.190.168 port 50643 ssh2
Apr 11 21:55:13 ovzhost sshd[930]: pam_unix(sshd:auth): authentication failure; logname= uid=0 euid=0 tty=ssh ruser= rhost=43.255.190.137  user=root
Apr 11 21:55:15 ovzhost sshd[930]: Failed password for root from 43.255.190.137 port 52210 ssh2
Apr 11 21:55:15 ovzhost sshd[928]: message repeated 2 times: [ Failed password for root from 43.255.190.168 port 50643 ssh2]
Apr 11 21:55:16 ovzhost sshd[928]: Received disconnect from 43.255.190.168: 11:  [preauth]
Apr 11 21:55:16 ovzhost sshd[928]: PAM 2 more authentication failures; logname= uid=0 euid=0 tty=ssh ruser= rhost=43.255.190.168  user=root
Apr 11 21:55:16 ovzhost sshd[932]: pam_unix(sshd:auth): authentication failure; logname= uid=0 euid=0 tty=ssh ruser= rhost=43.255.190.168  user=root
Apr 11 21:55:18 ovzhost sshd[932]: Failed password for root from 43.255.190.168 port 36473 ssh2
Apr 11 21:55:19 ovzhost sshd[930]: message repeated 2 times: [ Failed password for root from 43.255.190.137 port 52210 ssh2]
Apr 11 21:55:19 ovzhost sshd[930]: Received disconnect from 43.255.190.137: 11:  [preauth]
Apr 11 21:55:19 ovzhost sshd[930]: PAM 2 more authentication failures; logname= uid=0 euid=0 tty=ssh ruser= rhost=43.255.190.137  user=root
Apr 11 21:55:20 ovzhost sshd[934]: pam_unix(sshd:auth): authentication failure; logname= uid=0 euid=0 tty=ssh ruser= rhost=43.255.190.137  user=root
Apr 11 21:55:22 ovzhost sshd[932]: message repeated 2 times: [ Failed password for root from 43.255.190.168 port 36473 ssh2]
Apr 11 21:55:22 ovzhost sshd[932]: Received disconnect from 43.255.190.168: 11:  [preauth]
Apr 11 21:55:22 ovzhost sshd[932]: PAM 2 more authentication failures; logname= uid=0 euid=0 tty=ssh ruser= rhost=43.255.190.168  user=root
Apr 11 21:55:22 ovzhost sshd[934]: Failed password for root from 43.255.190.137 port 37191 ssh2
Apr 11 21:55:23 ovzhost sshd[936]: pam_unix(sshd:auth): authentication failure; logname= uid=0 euid=0 tty=ssh ruser= rhost=43.255.190.168  user=root
Apr 11 21:55:25 ovzhost sshd[936]: Failed password for root from 43.255.190.168 port 51997 ssh2
Apr 11 21:55:26 ovzhost sshd[934]: message repeated 2 times: [ Failed password for root from 43.255.190.137 port 37191 ssh2]
Apr 11 21:55:26 ovzhost sshd[934]: Received disconnect from 43.255.190.137: 11:  [preauth]
Apr 11 21:55:26 ovzhost sshd[934]: PAM 2 more authentication failures; logname= uid=0 euid=0 tty=ssh ruser= rhost=43.255.190.137  user=root
Apr 11 21:55:27 ovzhost sshd[938]: pam_unix(sshd:auth): authentication failure; logname= uid=0 euid=0 tty=ssh ruser= rhost=43.255.190.137  user=root
Apr 11 21:55:28 ovzhost sshd[936]: message repeated 2 times: [ Failed password for root from 43.255.190.168 port 51997 ssh2]
Apr 11 21:55:28 ovzhost sshd[936]: Received disconnect from 43.255.190.168: 11:  [preauth]
Apr 11 21:55:28 ovzhost sshd[936]: PAM 2 more authentication failures; logname= uid=0 euid=0 tty=ssh ruser= rhost=43.255.190.168  user=root
Apr 11 21:55:29 ovzhost sshd[940]: pam_unix(sshd:auth): authentication failure; logname= uid=0 euid=0 tty=ssh ruser= rhost=43.255.190.168  user=root
Apr 11 21:55:29 ovzhost sshd[938]: Failed password for root from 43.255.190.137 port 47128 ssh2
Apr 11 21:55:30 ovzhost sshd[940]: Failed password for root from 43.255.190.168 port 38118 ssh2
Apr 11 21:55:33 ovzhost sshd[938]: message repeated 2 times: [ Failed password for root from 43.255.190.137 port 47128 ssh2]
Apr 11 21:55:33 ovzhost sshd[938]: Received disconnect from 43.255.190.137: 11:  [preauth]
Apr 11 21:55:33 ovzhost sshd[938]: PAM 2 more authentication failures; logname= uid=0 euid=0 tty=ssh ruser= rhost=43.255.190.137  user=root
Apr 11 21:55:34 ovzhost sshd[940]: message repeated 2 times: [ Failed password for root from 43.255.190.168 port 38118 ssh2]
Apr 11 21:55:34 ovzhost sshd[940]: Received disconnect from 43.255.190.168: 11:  [preauth]
Apr 11 21:55:34 ovzhost sshd[940]: PAM 2 more authentication failures; logname= uid=0 euid=0 tty=ssh ruser= rhost=43.255.190.168  user=root
Apr 11 21:55:35 ovzhost sshd[944]: pam_unix(sshd:auth): authentication failure; logname= uid=0 euid=0 tty=ssh ruser= rhost=43.255.190.168  user=root
Apr 11 21:55:35 ovzhost sshd[942]: pam_unix(sshd:auth): authentication failure; logname= uid=0 euid=0 tty=ssh ruser= rhost=43.255.190.137  user=root
Apr 11 21:55:36 ovzhost sshd[944]: Failed password for root from 43.255.190.168 port 51635 ssh2
Apr 11 21:55:37 ovzhost sshd[942]: Failed password for root from 43.255.190.137 port 56937 ssh2
Apr 11 21:55:40 ovzhost sshd[942]: message repeated 2 times: [ Failed password for root from 43.255.190.137 port 56937 ssh2]
Apr 11 21:55:40 ovzhost sshd[942]: Received disconnect from 43.255.190.137: 11:  [preauth]
Apr 11 21:55:40 ovzhost sshd[942]: PAM 2 more authentication failures; logname= uid=0 euid=0 tty=ssh ruser= rhost=43.255.190.137  user=root
Apr 11 21:55:40 ovzhost sshd[944]: message repeated 2 times: [ Failed password for root from 43.255.190.168 port 51635 ssh2]
Apr 11 21:55:40 ovzhost sshd[944]: Received disconnect from 43.255.190.168: 11:  [preauth]
Apr 11 21:55:40 ovzhost sshd[944]: PAM 2 more authentication failures; logname= uid=0 euid=0 tty=ssh ruser= rhost=43.255.190.168  user=root
Apr 11 21:55:40 ovzhost sshd[948]: pam_unix(sshd:auth): authentication failure; logname= uid=0 euid=0 tty=ssh ruser= rhost=43.255.190.168  user=root
Apr 11 21:55:42 ovzhost sshd[950]: pam_unix(sshd:auth): authentication failure; logname= uid=0 euid=0 tty=ssh ruser= rhost=43.255.190.137  user=root
Apr 11 21:55:43 ovzhost sshd[948]: Failed password for root from 43.255.190.168 port 37602 ssh2
Apr 11 21:55:43 ovzhost sshd[950]: Failed password for root from 43.255.190.137 port 38903 ssh2
Apr 11 21:55:46 ovzhost sshd[948]: message repeated 2 times: [ Failed password for root from 43.255.190.168 port 37602 ssh2]
Apr 11 21:55:47 ovzhost sshd[948]: Received disconnect from 43.255.190.168: 11:  [preauth]
Apr 11 21:55:47 ovzhost sshd[948]: PAM 2 more authentication failures; logname= uid=0 euid=0 tty=ssh ruser= rhost=43.255.190.168  user=root
Apr 11 21:55:47 ovzhost sshd[952]: pam_unix(sshd:auth): authentication failure; logname= uid=0 euid=0 tty=ssh ruser= rhost=43.255.190.168  user=root
Apr 11 21:55:49 ovzhost sshd[950]: message repeated 2 times: [ Failed password for root from 43.255.190.137 port 38903 ssh2]
Apr 11 21:55:49 ovzhost sshd[950]: Received disconnect from 43.255.190.137: 11:  [preauth]
Apr 11 21:55:49 ovzhost sshd[950]: PAM 2 more authentication failures; logname= uid=0 euid=0 tty=ssh ruser= rhost=43.255.190.137  user=root
Apr 11 21:55:49 ovzhost sshd[952]: Failed password for root from 43.255.190.168 port 53305 ssh2
Apr 11 21:55:50 ovzhost sshd[954]: pam_unix(sshd:auth): authentication failure; logname= uid=0 euid=0 tty=ssh ruser= rhost=43.255.190.137  user=root
Apr 11 21:55:51 ovzhost sshd[954]: Failed password for root from 43.255.190.137 port 51774 ssh2
Apr 11 21:55:52 ovzhost sshd[952]: message repeated 2 times: [ Failed password for root from 43.255.190.168 port 53305 ssh2]
Apr 11 21:55:52 ovzhost sshd[952]: Received disconnect from 43.255.190.168: 11:  [preauth]
Apr 11 21:55:52 ovzhost sshd[952]: PAM 2 more authentication failures; logname= uid=0 euid=0 tty=ssh ruser= rhost=43.255.190.168  user=root
Apr 11 21:55:53 ovzhost sshd[958]: pam_unix(sshd:auth): authentication failure; logname= uid=0 euid=0 tty=ssh ruser= rhost=43.255.190.168  user=root
Apr 11 21:55:55 ovzhost sshd[958]: Failed password for root from 43.255.190.168 port 39003 ssh2
Apr 11 21:55:55 ovzhost sshd[954]: message repeated 2 times: [ Failed password for root from 43.255.190.137 port 51774 ssh2]
Apr 11 21:55:56 ovzhost sshd[954]: Received disconnect from 43.255.190.137: 11:  [preauth]
Apr 11 21:55:56 ovzhost sshd[954]: PAM 2 more authentication failures; logname= uid=0 euid=0 tty=ssh ruser= rhost=43.255.190.137  user=root
Apr 11 21:55:59 ovzhost sshd[958]: message repeated 2 times: [ Failed password for root from 43.255.190.168 port 39003 ssh2]
Apr 11 21:55:59 ovzhost sshd[958]: Received disconnect from 43.255.190.168: 11:  [preauth]
Apr 11 21:55:59 ovzhost sshd[958]: PAM 2 more authentication failures; logname= uid=0 euid=0 tty=ssh ruser= rhost=43.255.190.168  user=root
Apr 11 21:55:59 ovzhost sshd[962]: pam_unix(sshd:auth): authentication failure; logname= uid=0 euid=0 tty=ssh ruser= rhost=43.255.190.168  user=root
Apr 11 21:56:00 ovzhost sshd[960]: pam_unix(sshd:auth): authentication failure; logname= uid=0 euid=0 tty=ssh ruser= rhost=43.255.190.137  user=root
Apr 11 21:56:01 ovzhost sshd[962]: Failed password for root from 43.255.190.168 port 54123 ssh2
Apr 11 21:56:02 ovzhost sshd[960]: Failed password for root from 43.255.190.137 port 33807 ssh2
Apr 11 21:56:05 ovzhost sshd[962]: message repeated 2 times: [ Failed password for root from 43.255.190.168 port 54123 ssh2]
Apr 11 21:56:05 ovzhost sshd[962]: Received disconnect from 43.255.190.168: 11:  [preauth]
Apr 11 21:56:05 ovzhost sshd[962]: PAM 2 more authentication failures; logname= uid=0 euid=0 tty=ssh ruser= rhost=43.255.190.168  user=root
Apr 11 21:56:06 ovzhost sshd[964]: pam_unix(sshd:auth): authentication failure; logname= uid=0 euid=0 tty=ssh ruser= rhost=43.255.190.168  user=root
Apr 11 21:56:07 ovzhost sshd[960]: message repeated 2 times: [ Failed password for root from 43.255.190.137 port 33807 ssh2]
Apr 11 21:56:07 ovzhost sshd[960]: Received disconnect from 43.255.190.137: 11:  [preauth]
Apr 11 21:56:07 ovzhost sshd[960]: PAM 2 more authentication failures; logname= uid=0 euid=0 tty=ssh ruser= rhost=43.255.190.137  user=root
Apr 11 21:56:07 ovzhost sshd[964]: Failed password for root from 43.255.190.168 port 40592 ssh2
Apr 11 21:56:11 ovzhost sshd[964]: message repeated 2 times: [ Failed password for root from 43.255.190.168 port 40592 ssh2]
Apr 11 21:56:11 ovzhost sshd[964]: Received disconnect from 43.255.190.168: 11:  [preauth]
Apr 11 21:56:11 ovzhost sshd[964]: PAM 2 more authentication failures; logname= uid=0 euid=0 tty=ssh ruser= rhost=43.255.190.168  user=root
Apr 11 21:56:12 ovzhost sshd[968]: pam_unix(sshd:auth): authentication failure; logname= uid=0 euid=0 tty=ssh ruser= rhost=43.255.190.168  user=root
Apr 11 21:56:14 ovzhost sshd[968]: Failed password for root from 43.255.190.168 port 54478 ssh2
Apr 11 21:56:18 ovzhost sshd[968]: message repeated 2 times: [ Failed password for root from 43.255.190.168 port 54478 ssh2]
Apr 11 21:56:18 ovzhost sshd[968]: Received disconnect from 43.255.190.168: 11:  [preauth]
Apr 11 21:56:18 ovzhost sshd[968]: PAM 2 more authentication failures; logname= uid=0 euid=0 tty=ssh ruser= rhost=43.255.190.168  user=root
Apr 11 21:56:19 ovzhost sshd[972]: pam_unix(sshd:auth): authentication failure; logname= uid=0 euid=0 tty=ssh ruser= rhost=43.255.190.168  user=root
Apr 11 21:56:19 ovzhost sshd[970]: pam_unix(sshd:auth): authentication failure; logname= uid=0 euid=0 tty=ssh ruser= rhost=43.255.190.137  user=root
Apr 11 21:56:20 ovzhost sshd[972]: Failed password for root from 43.255.190.168 port 42131 ssh2
Apr 11 21:56:21 ovzhost sshd[970]: Failed password for root from 43.255.190.137 port 39740 ssh2
Apr 11 21:56:24 ovzhost sshd[972]: message repeated 2 times: [ Failed password for root from 43.255.190.168 port 42131 ssh2]
Apr 11 21:56:25 ovzhost sshd[972]: Received disconnect from 43.255.190.168: 11:  [preauth]
Apr 11 21:56:25 ovzhost sshd[972]: PAM 2 more authentication failures; logname= uid=0 euid=0 tty=ssh ruser= rhost=43.255.190.168  user=root
Apr 11 21:56:25 ovzhost sshd[970]: message repeated 2 times: [ Failed password for root from 43.255.190.137 port 39740 ssh2]
Apr 11 21:56:25 ovzhost sshd[970]: Received disconnect from 43.255.190.137: 11:  [preauth]
Apr 11 21:56:25 ovzhost sshd[970]: PAM 2 more authentication failures; logname= uid=0 euid=0 tty=ssh ruser= rhost=43.255.190.137  user=root
Apr 11 21:56:25 ovzhost sshd[976]: pam_unix(sshd:auth): authentication failure; logname= uid=0 euid=0 tty=ssh ruser= rhost=43.255.190.168  user=root
Apr 11 21:56:26 ovzhost sshd[966]: Connection closed by 43.255.190.137 [preauth]
Apr 11 21:56:26 ovzhost sshd[978]: pam_unix(sshd:auth): authentication failure; logname= uid=0 euid=0 tty=ssh ruser= rhost=43.255.190.137  user=root
Apr 11 21:56:27 ovzhost sshd[976]: Failed password for root from 43.255.190.168 port 57706 ssh2
Apr 11 21:56:28 ovzhost sshd[978]: Failed password for root from 43.255.190.137 port 50215 ssh2
Apr 11 21:56:31 ovzhost sshd[976]: message repeated 2 times: [ Failed password for root from 43.255.190.168 port 57706 ssh2]
Apr 11 21:56:31 ovzhost sshd[976]: Received disconnect from 43.255.190.168: 11:  [preauth]
Apr 11 21:56:31 ovzhost sshd[976]: PAM 2 more authentication failures; logname= uid=0 euid=0 tty=ssh ruser= rhost=43.255.190.168  user=root
Apr 11 21:56:31 ovzhost sshd[980]: pam_unix(sshd:auth): authentication failure; logname= uid=0 euid=0 tty=ssh ruser= rhost=43.255.190.168  user=root
Apr 11 21:56:32 ovzhost sshd[978]: message repeated 2 times: [ Failed password for root from 43.255.190.137 port 50215 ssh2]
Apr 11 21:56:32 ovzhost sshd[978]: Received disconnect from 43.255.190.137: 11:  [preauth]
Apr 11 21:56:32 ovzhost sshd[978]: PAM 2 more authentication failures; logname= uid=0 euid=0 tty=ssh ruser= rhost=43.255.190.137  user=root
Apr 11 21:56:33 ovzhost sshd[980]: Failed password for root from 43.255.190.168 port 43955 ssh2
Apr 11 21:56:36 ovzhost sshd[982]: pam_unix(sshd:auth): authentication failure; logname= uid=0 euid=0 tty=ssh ruser= rhost=43.255.190.137  user=root
Apr 11 21:56:37 ovzhost sshd[980]: message repeated 2 times: [ Failed password for root from 43.255.190.168 port 43955 ssh2]
Apr 11 21:56:37 ovzhost sshd[980]: Received disconnect from 43.255.190.168: 11:  [preauth]
Apr 11 21:56:37 ovzhost sshd[980]: PAM 2 more authentication failures; logname= uid=0 euid=0 tty=ssh ruser= rhost=43.255.190.168  user=root
Apr 11 21:56:38 ovzhost sshd[984]: pam_unix(sshd:auth): authentication failure; logname= uid=0 euid=0 tty=ssh ruser= rhost=43.255.190.168  user=root
Apr 11 21:56:38 ovzhost sshd[982]: Failed password for root from 43.255.190.137 port 33417 ssh2
Apr 11 21:56:40 ovzhost sshd[984]: Failed password for root from 43.255.190.168 port 58425 ssh2
Apr 11 21:56:43 ovzhost sshd[982]: message repeated 2 times: [ Failed password for root from 43.255.190.137 port 33417 ssh2]
Apr 11 21:56:43 ovzhost sshd[982]: Received disconnect from 43.255.190.137: 11:  [preauth]
Apr 11 21:56:43 ovzhost sshd[982]: PAM 2 more authentication failures; logname= uid=0 euid=0 tty=ssh ruser= rhost=43.255.190.137  user=root
Apr 11 21:56:44 ovzhost sshd[986]: pam_unix(sshd:auth): authentication failure; logname= uid=0 euid=0 tty=ssh ruser= rhost=43.255.190.137  user=root
Apr 11 21:56:44 ovzhost sshd[984]: message repeated 2 times: [ Failed password for root from 43.255.190.168 port 58425 ssh2]
Apr 11 21:56:44 ovzhost sshd[984]: Received disconnect from 43.255.190.168: 11:  [preauth]
Apr 11 21:56:44 ovzhost sshd[984]: PAM 2 more authentication failures; logname= uid=0 euid=0 tty=ssh ruser= rhost=43.255.190.168  user=root
Apr 11 21:56:45 ovzhost sshd[988]: pam_unix(sshd:auth): authentication failure; logname= uid=0 euid=0 tty=ssh ruser= rhost=43.255.190.168  user=root
Apr 11 21:56:45 ovzhost sshd[986]: Failed password for root from 43.255.190.137 port 49679 ssh2
Apr 11 21:56:47 ovzhost sshd[988]: Failed password for root from 43.255.190.168 port 45742 ssh2
Apr 11 21:56:50 ovzhost sshd[986]: message repeated 2 times: [ Failed password for root from 43.255.190.137 port 49679 ssh2]
Apr 11 21:56:50 ovzhost sshd[986]: Received disconnect from 43.255.190.137: 11:  [preauth]
Apr 11 21:56:50 ovzhost sshd[986]: PAM 2 more authentication failures; logname= uid=0 euid=0 tty=ssh ruser= rhost=43.255.190.137  user=root
Apr 11 21:56:51 ovzhost sshd[988]: message repeated 2 times: [ Failed password for root from 43.255.190.168 port 45742 ssh2]
Apr 11 21:56:51 ovzhost sshd[988]: Received disconnect from 43.255.190.168: 11:  [preauth]
Apr 11 21:56:51 ovzhost sshd[988]: PAM 2 more authentication failures; logname= uid=0 euid=0 tty=ssh ruser= rhost=43.255.190.168  user=root
Apr 11 21:56:51 ovzhost sshd[990]: pam_unix(sshd:auth): authentication failure; logname= uid=0 euid=0 tty=ssh ruser= rhost=43.255.190.137  user=root
Apr 11 21:56:52 ovzhost sshd[993]: pam_unix(sshd:auth): authentication failure; logname= uid=0 euid=0 tty=ssh ruser= rhost=43.255.190.168  user=root
Apr 11 21:56:53 ovzhost sshd[990]: Failed password for root from 43.255.190.137 port 60271 ssh2
Apr 11 21:56:54 ovzhost sshd[993]: Failed password for root from 43.255.190.168 port 33931 ssh2
Apr 11 21:56:58 ovzhost sshd[993]: message repeated 2 times: [ Failed password for root from 43.255.190.168 port 33931 ssh2]
Apr 11 21:56:58 ovzhost sshd[993]: Received disconnect from 43.255.190.168: 11:  [preauth]
Apr 11 21:56:58 ovzhost sshd[993]: PAM 2 more authentication failures; logname= uid=0 euid=0 tty=ssh ruser= rhost=43.255.190.168  user=root
Apr 11 21:56:59 ovzhost sshd[995]: pam_unix(sshd:auth): authentication failure; logname= uid=0 euid=0 tty=ssh ruser= rhost=43.255.190.168  user=root
Apr 11 21:56:59 ovzhost sshd[990]: message repeated 2 times: [ Failed password for root from 43.255.190.137 port 60271 ssh2]
Apr 11 21:56:59 ovzhost sshd[990]: Received disconnect from 43.255.190.137: 11:  [preauth]
Apr 11 21:56:59 ovzhost sshd[990]: PAM 2 more authentication failures; logname= uid=0 euid=0 tty=ssh ruser= rhost=43.255.190.137  user=root
Apr 11 21:57:01 ovzhost sshd[995]: Failed password for root from 43.255.190.168 port 49677 ssh2
Apr 11 21:57:04 ovzhost sshd[997]: pam_unix(sshd:auth): authentication failure; logname= uid=0 euid=0 tty=ssh ruser= rhost=43.255.190.137  user=root
Apr 11 21:57:05 ovzhost sshd[995]: message repeated 2 times: [ Failed password for root from 43.255.190.168 port 49677 ssh2]
Apr 11 21:57:05 ovzhost sshd[995]: Received disconnect from 43.255.190.168: 11:  [preauth]
Apr 11 21:57:05 ovzhost sshd[995]: PAM 2 more authentication failures; logname= uid=0 euid=0 tty=ssh ruser= rhost=43.255.190.168  user=root
Apr 11 21:57:05 ovzhost sshd[999]: pam_unix(sshd:auth): authentication failure; logname= uid=0 euid=0 tty=ssh ruser= rhost=43.255.190.168  user=root
Apr 11 21:57:06 ovzhost sshd[997]: Failed password for root from 43.255.190.137 port 46124 ssh2
Apr 11 21:57:07 ovzhost sshd[999]: Failed password for root from 43.255.190.168 port 36377 ssh2
Apr 11 21:57:11 ovzhost sshd[997]: message repeated 2 times: [ Failed password for root from 43.255.190.137 port 46124 ssh2]
Apr 11 21:57:11 ovzhost sshd[997]: Received disconnect from 43.255.190.137: 11:  [preauth]
Apr 11 21:57:11 ovzhost sshd[997]: PAM 2 more authentication failures; logname= uid=0 euid=0 tty=ssh ruser= rhost=43.255.190.137  user=root
Apr 11 21:57:11 ovzhost sshd[999]: message repeated 2 times: [ Failed password for root from 43.255.190.168 port 36377 ssh2]
Apr 11 21:57:11 ovzhost sshd[999]: Received disconnect from 43.255.190.168: 11:  [preauth]
Apr 11 21:57:11 ovzhost sshd[999]: PAM 2 more authentication failures; logname= uid=0 euid=0 tty=ssh ruser= rhost=43.255.190.168  user=root
Apr 11 21:57:12 ovzhost sshd[1003]: pam_unix(sshd:auth): authentication failure; logname= uid=0 euid=0 tty=ssh ruser= rhost=43.255.190.168  user=root
Apr 11 21:57:12 ovzhost sshd[1001]: pam_unix(sshd:auth): authentication failure; logname= uid=0 euid=0 tty=ssh ruser= rhost=43.255.190.137  user=root
Apr 11 21:57:13 ovzhost sshd[1003]: Failed password for root from 43.255.190.168 port 49854 ssh2
Apr 11 21:57:14 ovzhost sshd[1001]: Failed password for root from 43.255.190.137 port 34864 ssh2
Apr 11 21:57:18 ovzhost sshd[1003]: message repeated 2 times: [ Failed password for root from 43.255.190.168 port 49854 ssh2]
Apr 11 21:57:18 ovzhost sshd[1003]: Received disconnect from 43.255.190.168: 11:  [preauth]
Apr 11 21:57:18 ovzhost sshd[1003]: PAM 2 more authentication failures; logname= uid=0 euid=0 tty=ssh ruser= rhost=43.255.190.168  user=root
Apr 11 21:57:18 ovzhost sshd[1005]: pam_unix(sshd:auth): authentication failure; logname= uid=0 euid=0 tty=ssh ruser= rhost=43.255.190.168  user=root
Apr 11 21:57:21 ovzhost sshd[1005]: Failed password for root from 43.255.190.168 port 36429 ssh2
Apr 11 21:57:18 ovzhost sshd[1001]: message repeated 2 times: [ Failed password for root from 43.255.190.137 port 34864 ssh2]
Apr 11 21:57:21 ovzhost sshd[1001]: Received disconnect from 43.255.190.137: 11:  [preauth]
Apr 11 21:57:21 ovzhost sshd[1001]: PAM 2 more authentication failures; logname= uid=0 euid=0 tty=ssh ruser= rhost=43.255.190.137  user=root
Apr 11 21:57:21 ovzhost sshd[1007]: pam_unix(sshd:auth): authentication failure; logname= uid=0 euid=0 tty=ssh ruser= rhost=43.255.190.137  user=root
Apr 11 21:57:23 ovzhost sshd[1007]: Failed password for root from 43.255.190.137 port 46700 ssh2
Apr 11 21:57:25 ovzhost sshd[1005]: message repeated 2 times: [ Failed password for root from 43.255.190.168 port 36429 ssh2]
Apr 11 21:57:25 ovzhost sshd[1005]: Received disconnect from 43.255.190.168: 11:  [preauth]
Apr 11 21:57:25 ovzhost sshd[1005]: PAM 2 more authentication failures; logname= uid=0 euid=0 tty=ssh ruser= rhost=43.255.190.168  user=root
Apr 11 21:57:25 ovzhost sshd[1010]: pam_unix(sshd:auth): authentication failure; logname= uid=0 euid=0 tty=ssh ruser= rhost=43.255.190.168  user=root
Apr 11 21:57:27 ovzhost sshd[1007]: message repeated 2 times: [ Failed password for root from 43.255.190.137 port 46700 ssh2]
Apr 11 21:57:27 ovzhost sshd[1007]: Received disconnect from 43.255.190.137: 11:  [preauth]
Apr 11 21:57:27 ovzhost sshd[1007]: PAM 2 more authentication failures; logname= uid=0 euid=0 tty=ssh ruser= rhost=43.255.190.137  user=root
Apr 11 21:57:27 ovzhost sshd[1010]: Failed password for root from 43.255.190.168 port 51880 ssh2
Apr 11 21:57:29 ovzhost sshd[1012]: pam_unix(sshd:auth): authentication failure; logname= uid=0 euid=0 tty=ssh ruser= rhost=43.255.190.137  user=root
Apr 11 21:57:30 ovzhost sshd[1012]: Failed password for root from 43.255.190.137 port 59502 ssh2
Apr 11 21:57:31 ovzhost sshd[1010]: message repeated 2 times: [ Failed password for root from 43.255.190.168 port 51880 ssh2]
Apr 11 21:57:31 ovzhost sshd[1010]: Received disconnect from 43.255.190.168: 11:  [preauth]
Apr 11 21:57:31 ovzhost sshd[1010]: PAM 2 more authentication failures; logname= uid=0 euid=0 tty=ssh ruser= rhost=43.255.190.168  user=root
Apr 11 21:57:32 ovzhost sshd[1014]: pam_unix(sshd:auth): authentication failure; logname= uid=0 euid=0 tty=ssh ruser= rhost=43.255.190.168  user=root
Apr 11 21:57:34 ovzhost sshd[1014]: Failed password for root from 43.255.190.168 port 38223 ssh2
Apr 11 21:57:35 ovzhost sshd[1012]: message repeated 2 times: [ Failed password for root from 43.255.190.137 port 59502 ssh2]
Apr 11 21:57:35 ovzhost sshd[1012]: Received disconnect from 43.255.190.137: 11:  [preauth]
Apr 11 21:57:35 ovzhost sshd[1012]: PAM 2 more authentication failures; logname= uid=0 euid=0 tty=ssh ruser= rhost=43.255.190.137  user=root
Apr 11 21:57:36 ovzhost sshd[1016]: pam_unix(sshd:auth): authentication failure; logname= uid=0 euid=0 tty=ssh ruser= rhost=43.255.190.137  user=root
Apr 11 21:57:38 ovzhost sshd[1016]: Failed password for root from 43.255.190.137 port 42241 ssh2
Apr 11 21:57:39 ovzhost sshd[1014]: message repeated 2 times: [ Failed password for root from 43.255.190.168 port 38223 ssh2]
Apr 11 21:57:39 ovzhost sshd[1014]: Received disconnect from 43.255.190.168: 11:  [preauth]
Apr 11 21:57:39 ovzhost sshd[1014]: PAM 2 more authentication failures; logname= uid=0 euid=0 tty=ssh ruser= rhost=43.255.190.168  user=root
Apr 11 21:57:39 ovzhost sshd[1018]: pam_unix(sshd:auth): authentication failure; logname= uid=0 euid=0 tty=ssh ruser= rhost=43.255.190.168  user=root
Apr 11 21:57:42 ovzhost sshd[1018]: Failed password for root from 43.255.190.168 port 54915 ssh2
Apr 11 21:57:42 ovzhost sshd[1016]: message repeated 2 times: [ Failed password for root from 43.255.190.137 port 42241 ssh2]
Apr 11 21:57:42 ovzhost sshd[1016]: Received disconnect from 43.255.190.137: 11:  [preauth]
Apr 11 21:57:42 ovzhost sshd[1016]: PAM 2 more authentication failures; logname= uid=0 euid=0 tty=ssh ruser= rhost=43.255.190.137  user=root
Apr 11 21:57:44 ovzhost sshd[1020]: pam_unix(sshd:auth): authentication failure; logname= uid=0 euid=0 tty=ssh ruser= rhost=43.255.190.137  user=root
Apr 11 21:57:46 ovzhost sshd[1018]: message repeated 2 times: [ Failed password for root from 43.255.190.168 port 54915 ssh2]
Apr 11 21:57:46 ovzhost sshd[1018]: Received disconnect from 43.255.190.168: 11:  [preauth]
Apr 11 21:57:46 ovzhost sshd[1018]: PAM 2 more authentication failures; logname= uid=0 euid=0 tty=ssh ruser= rhost=43.255.190.168  user=root
Apr 11 21:57:46 ovzhost sshd[1020]: Failed password for root from 43.255.190.137 port 52408 ssh2
Apr 11 21:57:47 ovzhost sshd[1022]: pam_unix(sshd:auth): authentication failure; logname= uid=0 euid=0 tty=ssh ruser= rhost=43.255.190.168  user=root
Apr 11 21:57:48 ovzhost sshd[1022]: Failed password for root from 43.255.190.168 port 42225 ssh2
Apr 11 21:57:51 ovzhost sshd[1020]: message repeated 2 times: [ Failed password for root from 43.255.190.137 port 52408 ssh2]
Apr 11 21:57:51 ovzhost sshd[1020]: Received disconnect from 43.255.190.137: 11:  [preauth]
Apr 11 21:57:51 ovzhost sshd[1020]: PAM 2 more authentication failures; logname= uid=0 euid=0 tty=ssh ruser= rhost=43.255.190.137  user=root
Apr 11 21:57:52 ovzhost sshd[1022]: message repeated 2 times: [ Failed password for root from 43.255.190.168 port 42225 ssh2]
Apr 11 21:57:52 ovzhost sshd[1022]: Received disconnect from 43.255.190.168: 11:  [preauth]
Apr 11 21:57:52 ovzhost sshd[1022]: PAM 2 more authentication failures; logname= uid=0 euid=0 tty=ssh ruser= rhost=43.255.190.168  user=root
Apr 11 21:57:53 ovzhost sshd[1026]: pam_unix(sshd:auth): authentication failure; logname= uid=0 euid=0 tty=ssh ruser= rhost=43.255.190.168  user=root
Apr 11 21:57:55 ovzhost sshd[1024]: pam_unix(sshd:auth): authentication failure; logname= uid=0 euid=0 tty=ssh ruser= rhost=43.255.190.137  user=root
Apr 11 21:57:55 ovzhost sshd[1026]: Failed password for root from 43.255.190.168 port 55486 ssh2
Apr 11 21:57:57 ovzhost sshd[1024]: Failed password for root from 43.255.190.137 port 37560 ssh2
Apr 11 21:57:59 ovzhost sshd[1026]: message repeated 2 times: [ Failed password for root from 43.255.190.168 port 55486 ssh2]
Apr 11 21:57:59 ovzhost sshd[1026]: Received disconnect from 43.255.190.168: 11:  [preauth]
Apr 11 21:57:59 ovzhost sshd[1026]: PAM 2 more authentication failures; logname= uid=0 euid=0 tty=ssh ruser= rhost=43.255.190.168  user=root
Apr 11 21:58:00 ovzhost sshd[1031]: pam_unix(sshd:auth): authentication failure; logname= uid=0 euid=0 tty=ssh ruser= rhost=43.255.190.168  user=root
Apr 11 21:58:01 ovzhost sshd[1024]: message repeated 2 times: [ Failed password for root from 43.255.190.137 port 37560 ssh2]
Apr 11 21:58:01 ovzhost sshd[1024]: Received disconnect from 43.255.190.137: 11:  [preauth]
Apr 11 21:58:01 ovzhost sshd[1024]: PAM 2 more authentication failures; logname= uid=0 euid=0 tty=ssh ruser= rhost=43.255.190.137  user=root
Apr 11 21:58:02 ovzhost sshd[1033]: pam_unix(sshd:auth): authentication failure; logname= uid=0 euid=0 tty=ssh ruser= rhost=43.255.190.137  user=root
Apr 11 21:58:02 ovzhost sshd[1031]: Failed password for root from 43.255.190.168 port 42828 ssh2
Apr 11 21:58:04 ovzhost sshd[1033]: Failed password for root from 43.255.190.137 port 52265 ssh2
Apr 11 21:58:07 ovzhost sshd[1031]: message repeated 2 times: [ Failed password for root from 43.255.190.168 port 42828 ssh2]
Apr 11 21:58:07 ovzhost sshd[1031]: Received disconnect from 43.255.190.168: 11:  [preauth]
Apr 11 21:58:07 ovzhost sshd[1031]: PAM 2 more authentication failures; logname= uid=0 euid=0 tty=ssh ruser= rhost=43.255.190.168  user=root
Apr 11 21:58:08 ovzhost sshd[1037]: pam_unix(sshd:auth): authentication failure; logname= uid=0 euid=0 tty=ssh ruser= rhost=43.255.190.168  user=root
Apr 11 21:58:08 ovzhost sshd[1033]: message repeated 2 times: [ Failed password for root from 43.255.190.137 port 52265 ssh2]
Apr 11 21:58:08 ovzhost sshd[1033]: Received disconnect from 43.255.190.137: 11:  [preauth]
Apr 11 21:58:08 ovzhost sshd[1033]: PAM 2 more authentication failures; logname= uid=0 euid=0 tty=ssh ruser= rhost=43.255.190.137  user=root
Apr 11 21:58:10 ovzhost sshd[1039]: pam_unix(sshd:auth): authentication failure; logname= uid=0 euid=0 tty=ssh ruser= rhost=43.255.190.137  user=root
Apr 11 21:58:10 ovzhost sshd[1037]: Failed password for root from 43.255.190.168 port 59105 ssh2
Apr 11 21:58:12 ovzhost sshd[1039]: Failed password for root from 43.255.190.137 port 34690 ssh2
Apr 11 21:58:14 ovzhost sshd[1037]: message repeated 2 times: [ Failed password for root from 43.255.190.168 port 59105 ssh2]
Apr 11 21:58:14 ovzhost sshd[1037]: Received disconnect from 43.255.190.168: 11:  [preauth]
Apr 11 21:58:14 ovzhost sshd[1037]: PAM 2 more authentication failures; logname= uid=0 euid=0 tty=ssh ruser= rhost=43.255.190.168  user=root
Apr 11 21:58:15 ovzhost sshd[1041]: pam_unix(sshd:auth): authentication failure; logname= uid=0 euid=0 tty=ssh ruser= rhost=43.255.190.168  user=root
Apr 11 21:58:17 ovzhost sshd[1039]: message repeated 2 times: [ Failed password for root from 43.255.190.137 port 34690 ssh2]
Apr 11 21:58:17 ovzhost sshd[1039]: Received disconnect from 43.255.190.137: 11:  [preauth]
Apr 11 21:58:17 ovzhost sshd[1039]: PAM 2 more authentication failures; logname= uid=0 euid=0 tty=ssh ruser= rhost=43.255.190.137  user=root
Apr 11 21:58:17 ovzhost sshd[1041]: Failed password for root from 43.255.190.168 port 46051 ssh2
Apr 11 21:58:17 ovzhost sshd[1043]: pam_unix(sshd:auth): authentication failure; logname= uid=0 euid=0 tty=ssh ruser= rhost=43.255.190.137  user=root
Apr 11 21:58:20 ovzhost sshd[1043]: Failed password for root from 43.255.190.137 port 46674 ssh2
Apr 11 21:58:22 ovzhost sshd[1041]: message repeated 2 times: [ Failed password for root from 43.255.190.168 port 46051 ssh2]
Apr 11 21:58:22 ovzhost sshd[1041]: Received disconnect from 43.255.190.168: 11:  [preauth]
Apr 11 21:58:22 ovzhost sshd[1041]: PAM 2 more authentication failures; logname= uid=0 euid=0 tty=ssh ruser= rhost=43.255.190.168  user=root
Apr 11 21:58:22 ovzhost sshd[1045]: pam_unix(sshd:auth): authentication failure; logname= uid=0 euid=0 tty=ssh ruser= rhost=43.255.190.168  user=root
Apr 11 21:58:24 ovzhost sshd[1043]: message repeated 2 times: [ Failed password for root from 43.255.190.137 port 46674 ssh2]
Apr 11 21:58:24 ovzhost sshd[1043]: Received disconnect from 43.255.190.137: 11:  [preauth]
Apr 11 21:58:24 ovzhost sshd[1043]: PAM 2 more authentication failures; logname= uid=0 euid=0 tty=ssh ruser= rhost=43.255.190.137  user=root
Apr 11 21:58:24 ovzhost sshd[1045]: Failed password for root from 43.255.190.168 port 33696 ssh2
Apr 11 21:58:25 ovzhost sshd[1049]: pam_unix(sshd:auth): authentication failure; logname= uid=0 euid=0 tty=ssh ruser= rhost=43.255.190.137  user=root
Apr 11 21:58:27 ovzhost sshd[1049]: Failed password for root from 43.255.190.137 port 57603 ssh2
Apr 11 21:58:29 ovzhost sshd[1045]: message repeated 2 times: [ Failed password for root from 43.255.190.168 port 33696 ssh2]
Apr 11 21:58:29 ovzhost sshd[1045]: Received disconnect from 43.255.190.168: 11:  [preauth]
Apr 11 21:58:29 ovzhost sshd[1045]: PAM 2 more authentication failures; logname= uid=0 euid=0 tty=ssh ruser= rhost=43.255.190.168  user=root
Apr 11 21:58:29 ovzhost sshd[1051]: pam_unix(sshd:auth): authentication failure; logname= uid=0 euid=0 tty=ssh ruser= rhost=43.255.190.168  user=root
Apr 11 21:58:32 ovzhost sshd[1049]: message repeated 2 times: [ Failed password for root from 43.255.190.137 port 57603 ssh2]
Apr 11 21:58:32 ovzhost sshd[1049]: Received disconnect from 43.255.190.137: 11:  [preauth]
Apr 11 21:58:32 ovzhost sshd[1049]: PAM 2 more authentication failures; logname= uid=0 euid=0 tty=ssh ruser= rhost=43.255.190.137  user=root
Apr 11 21:58:32 ovzhost sshd[1051]: Failed password for root from 43.255.190.168 port 48984 ssh2
Apr 11 21:58:33 ovzhost sshd[1053]: pam_unix(sshd:auth): authentication failure; logname= uid=0 euid=0 tty=ssh ruser= rhost=43.255.190.137  user=root
Apr 11 21:58:35 ovzhost sshd[1056]: Connection closed by 127.0.0.1 [preauth]
Apr 11 21:58:35 ovzhost sshd[1053]: Failed password for root from 43.255.190.137 port 41153 ssh2
Apr 11 21:58:36 ovzhost sshd[1051]: message repeated 2 times: [ Failed password for root from 43.255.190.168 port 48984 ssh2]
Apr 11 21:58:36 ovzhost sshd[1051]: Received disconnect from 43.255.190.168: 11:  [preauth]
Apr 11 21:58:36 ovzhost sshd[1051]: PAM 2 more authentication failures; logname= uid=0 euid=0 tty=ssh ruser= rhost=43.255.190.168  user=root
Apr 11 21:58:37 ovzhost sshd[1058]: pam_unix(sshd:auth): authentication failure; logname= uid=0 euid=0 tty=ssh ruser= rhost=43.255.190.168  user=root
Apr 11 21:58:39 ovzhost sshd[1058]: Failed password for root from 43.255.190.168 port 36293 ssh2
Apr 11 21:58:40 ovzhost sshd[1053]: message repeated 2 times: [ Failed password for root from 43.255.190.137 port 41153 ssh2]
Apr 11 21:58:40 ovzhost sshd[1053]: Received disconnect from 43.255.190.137: 11:  [preauth]
Apr 11 21:58:40 ovzhost sshd[1053]: PAM 2 more authentication failures; logname= uid=0 euid=0 tty=ssh ruser= rhost=43.255.190.137  user=root
Apr 11 21:58:41 ovzhost sshd[1060]: pam_unix(sshd:auth): authentication failure; logname= uid=0 euid=0 tty=ssh ruser= rhost=43.255.190.137  user=root
Apr 11 21:58:43 ovzhost sshd[1060]: Failed password for root from 43.255.190.137 port 52780 ssh2
Apr 11 21:58:44 ovzhost sshd[1058]: message repeated 2 times: [ Failed password for root from 43.255.190.168 port 36293 ssh2]
Apr 11 21:58:44 ovzhost sshd[1058]: Received disconnect from 43.255.190.168: 11:  [preauth]
Apr 11 21:58:44 ovzhost sshd[1058]: PAM 2 more authentication failures; logname= uid=0 euid=0 tty=ssh ruser= rhost=43.255.190.168  user=root
Apr 11 21:58:44 ovzhost sshd[1062]: pam_unix(sshd:auth): authentication failure; logname= uid=0 euid=0 tty=ssh ruser= rhost=43.255.190.168  user=root
Apr 11 21:58:46 ovzhost sshd[1062]: Failed password for root from 43.255.190.168 port 51589 ssh2
Apr 11 21:58:47 ovzhost sshd[1060]: message repeated 2 times: [ Failed password for root from 43.255.190.137 port 52780 ssh2]
Apr 11 21:58:47 ovzhost sshd[1060]: Received disconnect from 43.255.190.137: 11:  [preauth]
Apr 11 21:58:47 ovzhost sshd[1060]: PAM 2 more authentication failures; logname= uid=0 euid=0 tty=ssh ruser= rhost=43.255.190.137  user=root
Apr 11 21:58:48 ovzhost sshd[1064]: pam_unix(sshd:auth): authentication failure; logname= uid=0 euid=0 tty=ssh ruser= rhost=43.255.190.137  user=root
Apr 11 21:58:50 ovzhost sshd[1064]: Failed password for root from 43.255.190.137 port 35533 ssh2
Apr 11 21:58:50 ovzhost sshd[1062]: message repeated 2 times: [ Failed password for root from 43.255.190.168 port 51589 ssh2]
Apr 11 21:58:50 ovzhost sshd[1062]: Received disconnect from 43.255.190.168: 11:  [preauth]
Apr 11 21:58:50 ovzhost sshd[1062]: PAM 2 more authentication failures; logname= uid=0 euid=0 tty=ssh ruser= rhost=43.255.190.168  user=root
Apr 11 21:58:51 ovzhost sshd[1066]: pam_unix(sshd:auth): authentication failure; logname= uid=0 euid=0 tty=ssh ruser= rhost=43.255.190.168  user=root
Apr 11 21:58:53 ovzhost sshd[1066]: Failed password for root from 43.255.190.168 port 37899 ssh2
Apr 11 21:58:55 ovzhost sshd[1064]: message repeated 2 times: [ Failed password for root from 43.255.190.137 port 35533 ssh2]
Apr 11 21:58:55 ovzhost sshd[1064]: Received disconnect from 43.255.190.137: 11:  [preauth]
Apr 11 21:58:55 ovzhost sshd[1064]: PAM 2 more authentication failures; logname= uid=0 euid=0 tty=ssh ruser= rhost=43.255.190.137  user=root
Apr 11 21:58:56 ovzhost sshd[1070]: pam_unix(sshd:auth): authentication failure; logname= uid=0 euid=0 tty=ssh ruser= rhost=43.255.190.137  user=root
Apr 11 21:58:58 ovzhost sshd[1066]: message repeated 2 times: [ Failed password for root from 43.255.190.168 port 37899 ssh2]
Apr 11 21:58:58 ovzhost sshd[1066]: Received disconnect from 43.255.190.168: 11:  [preauth]
Apr 11 21:58:58 ovzhost sshd[1066]: PAM 2 more authentication failures; logname= uid=0 euid=0 tty=ssh ruser= rhost=43.255.190.168  user=root
Apr 11 21:58:58 ovzhost sshd[1072]: pam_unix(sshd:auth): authentication failure; logname= uid=0 euid=0 tty=ssh ruser= rhost=43.255.190.168  user=root
Apr 11 21:58:58 ovzhost sshd[1070]: Failed password for root from 43.255.190.137 port 47591 ssh2
Apr 11 21:59:00 ovzhost sshd[1072]: Failed password for root from 43.255.190.168 port 52437 ssh2
Apr 11 21:59:02 ovzhost sshd[1070]: message repeated 2 times: [ Failed password for root from 43.255.190.137 port 47591 ssh2]
Apr 11 21:59:02 ovzhost sshd[1070]: Received disconnect from 43.255.190.137: 11:  [preauth]
Apr 11 21:59:02 ovzhost sshd[1070]: PAM 2 more authentication failures; logname= uid=0 euid=0 tty=ssh ruser= rhost=43.255.190.137  user=root
Apr 11 21:59:03 ovzhost sshd[1074]: pam_unix(sshd:auth): authentication failure; logname= uid=0 euid=0 tty=ssh ruser= rhost=43.255.190.137  user=root
Apr 11 21:59:05 ovzhost sshd[1072]: message repeated 2 times: [ Failed password for root from 43.255.190.168 port 52437 ssh2]
Apr 11 21:59:05 ovzhost sshd[1072]: Received disconnect from 43.255.190.168: 11:  [preauth]
Apr 11 21:59:05 ovzhost sshd[1072]: PAM 2 more authentication failures; logname= uid=0 euid=0 tty=ssh ruser= rhost=43.255.190.168  user=root
Apr 11 21:59:05 ovzhost sshd[1076]: pam_unix(sshd:auth): authentication failure; logname= uid=0 euid=0 tty=ssh ruser= rhost=43.255.190.168  user=root
Apr 11 21:59:05 ovzhost sshd[1074]: Failed password for root from 43.255.190.137 port 58456 ssh2
Apr 11 21:59:08 ovzhost sshd[1076]: Failed password for root from 43.255.190.168 port 39082 ssh2
Apr 11 21:59:10 ovzhost sshd[1074]: message repeated 2 times: [ Failed password for root from 43.255.190.137 port 58456 ssh2]
Apr 11 21:59:11 ovzhost sshd[1074]: Received disconnect from 43.255.190.137: 11:  [preauth]
Apr 11 21:59:11 ovzhost sshd[1074]: PAM 2 more authentication failures; logname= uid=0 euid=0 tty=ssh ruser= rhost=43.255.190.137  user=root
Apr 11 21:59:11 ovzhost sshd[1076]: message repeated 2 times: [ Failed password for root from 43.255.190.168 port 39082 ssh2]
Apr 11 21:59:11 ovzhost sshd[1076]: Received disconnect from 43.255.190.168: 11:  [preauth]
Apr 11 21:59:11 ovzhost sshd[1076]: PAM 2 more authentication failures; logname= uid=0 euid=0 tty=ssh ruser= rhost=43.255.190.168  user=root
Apr 11 21:59:12 ovzhost sshd[1080]: pam_unix(sshd:auth): authentication failure; logname= uid=0 euid=0 tty=ssh ruser= rhost=43.255.190.168  user=root
Apr 11 21:59:12 ovzhost sshd[1078]: pam_unix(sshd:auth): authentication failure; logname= uid=0 euid=0 tty=ssh ruser= rhost=43.255.190.137  user=root
Apr 11 21:59:14 ovzhost sshd[1080]: Failed password for root from 43.255.190.168 port 52856 ssh2
Apr 11 21:59:14 ovzhost sshd[1078]: Failed password for root from 43.255.190.137 port 42589 ssh2
Apr 11 21:59:18 ovzhost sshd[1080]: message repeated 2 times: [ Failed password for root from 43.255.190.168 port 52856 ssh2]
Apr 11 21:59:18 ovzhost sshd[1080]: Received disconnect from 43.255.190.168: 11:  [preauth]
Apr 11 21:59:18 ovzhost sshd[1080]: PAM 2 more authentication failures; logname= uid=0 euid=0 tty=ssh ruser= rhost=43.255.190.168  user=root
