Apr 13 13:56:00 ovzhost sshd[973]: pam_unix(sshd:auth): authentication failure; logname= uid=0 euid=0 tty=ssh ruser= rhost=43.255.190.91  user=root
Apr 13 13:56:00 ovzhost sshd[975]: pam_unix(sshd:auth): authentication failure; logname= uid=0 euid=0 tty=ssh ruser= rhost=58.218.211.190  user=root
Apr 13 13:56:02 ovzhost sshd[973]: Failed password for root from 43.255.190.91 port 49466 ssh2
Apr 13 13:56:02 ovzhost sshd[975]: Failed password for root from 58.218.211.190 port 49731 ssh2
Apr 13 13:56:07 ovzhost sshd[973]: message repeated 2 times: [ Failed password for root from 43.255.190.91 port 49466 ssh2]
Apr 13 13:56:07 ovzhost sshd[973]: Received disconnect from 43.255.190.91: 11:  [preauth]
Apr 13 13:56:07 ovzhost sshd[973]: PAM 2 more authentication failures; logname= uid=0 euid=0 tty=ssh ruser= rhost=43.255.190.91  user=root
Apr 13 13:56:08 ovzhost sshd[977]: pam_unix(sshd:auth): authentication failure; logname= uid=0 euid=0 tty=ssh ruser= rhost=43.255.190.91  user=root
Apr 13 13:56:10 ovzhost sshd[975]: message repeated 2 times: [ Failed password for root from 58.218.211.190 port 49731 ssh2]
Apr 13 13:56:10 ovzhost sshd[975]: Received disconnect from 58.218.211.190: 11:  [preauth]
Apr 13 13:56:10 ovzhost sshd[975]: PAM 2 more authentication failures; logname= uid=0 euid=0 tty=ssh ruser= rhost=58.218.211.190  user=root
Apr 13 13:56:10 ovzhost sshd[977]: Failed password for root from 43.255.190.91 port 43733 ssh2
Apr 13 13:56:13 ovzhost sshd[979]: pam_unix(sshd:auth): authentication failure; logname= uid=0 euid=0 tty=ssh ruser= rhost=58.218.211.190  user=root
Apr 13 13:56:14 ovzhost sshd[977]: message repeated 2 times: [ Failed password for root from 43.255.190.91 port 43733 ssh2]
Apr 13 13:56:14 ovzhost sshd[977]: Received disconnect from 43.255.190.91: 11:  [preauth]
Apr 13 13:56:14 ovzhost sshd[977]: PAM 2 more authentication failures; logname= uid=0 euid=0 tty=ssh ruser= rhost=43.255.190.91  user=root
Apr 13 13:56:15 ovzhost sshd[979]: Failed password for root from 58.218.211.190 port 37403 ssh2
Apr 13 13:56:17 ovzhost sshd[981]: pam_unix(sshd:auth): authentication failure; logname= uid=0 euid=0 tty=ssh ruser= rhost=43.255.190.91  user=root
Apr 13 13:56:19 ovzhost sshd[981]: Failed password for root from 43.255.190.91 port 57008 ssh2
Apr 13 13:56:19 ovzhost sshd[979]: message repeated 2 times: [ Failed password for root from 58.218.211.190 port 37403 ssh2]
Apr 13 13:56:19 ovzhost sshd[979]: Received disconnect from 58.218.211.190: 11:  [preauth]
Apr 13 13:56:19 ovzhost sshd[979]: PAM 2 more authentication failures; logname= uid=0 euid=0 tty=ssh ruser= rhost=58.218.211.190  user=root
Apr 13 13:56:22 ovzhost sshd[983]: pam_unix(sshd:auth): authentication failure; logname= uid=0 euid=0 tty=ssh ruser= rhost=58.218.211.190  user=root
Apr 13 13:56:23 ovzhost sshd[983]: Failed password for root from 58.218.211.190 port 48300 ssh2
Apr 13 13:56:23 ovzhost sshd[981]: message repeated 2 times: [ Failed password for root from 43.255.190.91 port 57008 ssh2]
Apr 13 13:56:23 ovzhost sshd[981]: Received disconnect from 43.255.190.91: 11:  [preauth]
Apr 13 13:56:23 ovzhost sshd[981]: PAM 2 more authentication failures; logname= uid=0 euid=0 tty=ssh ruser= rhost=43.255.190.91  user=root
Apr 13 13:56:24 ovzhost sshd[985]: pam_unix(sshd:auth): authentication failure; logname= uid=0 euid=0 tty=ssh ruser= rhost=43.255.190.91  user=root
Apr 13 13:56:26 ovzhost sshd[985]: Failed password for root from 43.255.190.91 port 47362 ssh2
Apr 13 13:56:28 ovzhost sshd[983]: message repeated 2 times: [ Failed password for root from 58.218.211.190 port 48300 ssh2]
Apr 13 13:56:28 ovzhost sshd[983]: Received disconnect from 58.218.211.190: 11:  [preauth]
Apr 13 13:56:28 ovzhost sshd[983]: PAM 2 more authentication failures; logname= uid=0 euid=0 tty=ssh ruser= rhost=58.218.211.190  user=root
Apr 13 13:56:30 ovzhost sshd[985]: message repeated 2 times: [ Failed password for root from 43.255.190.91 port 47362 ssh2]
Apr 13 13:56:30 ovzhost sshd[985]: Received disconnect from 43.255.190.91: 11:  [preauth]
Apr 13 13:56:30 ovzhost sshd[985]: PAM 2 more authentication failures; logname= uid=0 euid=0 tty=ssh ruser= rhost=43.255.190.91  user=root
Apr 13 13:56:31 ovzhost sshd[989]: pam_unix(sshd:auth): authentication failure; logname= uid=0 euid=0 tty=ssh ruser= rhost=43.255.190.91  user=root
Apr 13 13:56:32 ovzhost sshd[987]: pam_unix(sshd:auth): authentication failure; logname= uid=0 euid=0 tty=ssh ruser= rhost=58.218.211.190  user=root
Apr 13 13:56:33 ovzhost sshd[989]: Failed password for root from 43.255.190.91 port 60566 ssh2
Apr 13 13:56:35 ovzhost sshd[987]: Failed password for root from 58.218.211.190 port 59506 ssh2
Apr 13 13:56:37 ovzhost sshd[989]: message repeated 2 times: [ Failed password for root from 43.255.190.91 port 60566 ssh2]
Apr 13 13:56:37 ovzhost sshd[989]: Received disconnect from 43.255.190.91: 11:  [preauth]
Apr 13 13:56:37 ovzhost sshd[989]: PAM 2 more authentication failures; logname= uid=0 euid=0 tty=ssh ruser= rhost=43.255.190.91  user=root
Apr 13 13:56:39 ovzhost sshd[991]: pam_unix(sshd:auth): authentication failure; logname= uid=0 euid=0 tty=ssh ruser= rhost=43.255.190.91  user=root
Apr 13 13:56:41 ovzhost sshd[991]: Failed password for root from 43.255.190.91 port 45983 ssh2
Apr 13 13:56:43 ovzhost sshd[993]: pam_unix(sshd:auth): authentication failure; logname= uid=0 euid=0 tty=ssh ruser= rhost=58.218.211.190  user=root
Apr 13 13:56:46 ovzhost sshd[993]: Failed password for root from 58.218.211.190 port 45967 ssh2
Apr 13 13:56:46 ovzhost sshd[991]: message repeated 2 times: [ Failed password for root from 43.255.190.91 port 45983 ssh2]
Apr 13 13:56:46 ovzhost sshd[991]: Received disconnect from 43.255.190.91: 11:  [preauth]
Apr 13 13:56:46 ovzhost sshd[991]: PAM 2 more authentication failures; logname= uid=0 euid=0 tty=ssh ruser= rhost=43.255.190.91  user=root
Apr 13 13:56:47 ovzhost sshd[995]: pam_unix(sshd:auth): authentication failure; logname= uid=0 euid=0 tty=ssh ruser= rhost=43.255.190.91  user=root
Apr 13 13:56:48 ovzhost sshd[995]: Failed password for root from 43.255.190.91 port 34852 ssh2
Apr 13 13:56:50 ovzhost sshd[993]: message repeated 2 times: [ Failed password for root from 58.218.211.190 port 45967 ssh2]
Apr 13 13:56:52 ovzhost sshd[993]: Received disconnect from 58.218.211.190: 11:  [preauth]
Apr 13 13:56:52 ovzhost sshd[993]: PAM 2 more authentication failures; logname= uid=0 euid=0 tty=ssh ruser= rhost=58.218.211.190  user=root
Apr 13 13:56:53 ovzhost sshd[995]: message repeated 2 times: [ Failed password for root from 43.255.190.91 port 34852 ssh2]
Apr 13 13:56:53 ovzhost sshd[995]: Received disconnect from 43.255.190.91: 11:  [preauth]
Apr 13 13:56:53 ovzhost sshd[995]: PAM 2 more authentication failures; logname= uid=0 euid=0 tty=ssh ruser= rhost=43.255.190.91  user=root
Apr 13 13:56:54 ovzhost sshd[999]: pam_unix(sshd:auth): authentication failure; logname= uid=0 euid=0 tty=ssh ruser= rhost=43.255.190.91  user=root
Apr 13 13:56:56 ovzhost sshd[999]: Failed password for root from 43.255.190.91 port 48281 ssh2
Apr 13 13:56:57 ovzhost sshd[997]: pam_unix(sshd:auth): authentication failure; logname= uid=0 euid=0 tty=ssh ruser= rhost=58.218.211.190  user=root
Apr 13 13:56:59 ovzhost sshd[997]: Failed password for root from 58.218.211.190 port 58263 ssh2
Apr 13 13:56:40 ovzhost sshd[987]: message repeated 2 times: [ Failed password for root from 58.218.211.190 port 59506 ssh2]
Apr 13 13:57:00 ovzhost sshd[987]: Received disconnect from 58.218.211.190: 11:  [preauth]
Apr 13 13:57:00 ovzhost sshd[987]: PAM 2 more authentication failures; logname= uid=0 euid=0 tty=ssh ruser= rhost=58.218.211.190  user=root
Apr 13 13:57:02 ovzhost sshd[999]: message repeated 2 times: [ Failed password for root from 43.255.190.91 port 48281 ssh2]
Apr 13 13:57:02 ovzhost sshd[999]: Received disconnect from 43.255.190.91: 11:  [preauth]
Apr 13 13:57:02 ovzhost sshd[999]: PAM 2 more authentication failures; logname= uid=0 euid=0 tty=ssh ruser= rhost=43.255.190.91  user=root
Apr 13 13:57:03 ovzhost sshd[1001]: pam_unix(sshd:auth): authentication failure; logname= uid=0 euid=0 tty=ssh ruser= rhost=43.255.190.91  user=root
Apr 13 13:57:04 ovzhost sshd[997]: message repeated 2 times: [ Failed password for root from 58.218.211.190 port 58263 ssh2]
Apr 13 13:57:04 ovzhost sshd[997]: Received disconnect from 58.218.211.190: 11:  [preauth]
Apr 13 13:57:04 ovzhost sshd[997]: PAM 2 more authentication failures; logname= uid=0 euid=0 tty=ssh ruser= rhost=58.218.211.190  user=root
Apr 13 13:57:05 ovzhost sshd[1001]: Failed password for root from 43.255.190.91 port 38330 ssh2
Apr 13 13:57:06 ovzhost sshd[1003]: pam_unix(sshd:auth): authentication failure; logname= uid=0 euid=0 tty=ssh ruser= rhost=58.218.211.190  user=root
Apr 13 13:57:08 ovzhost sshd[1003]: Failed password for root from 58.218.211.190 port 46574 ssh2
Apr 13 13:57:09 ovzhost sshd[1001]: message repeated 2 times: [ Failed password for root from 43.255.190.91 port 38330 ssh2]
Apr 13 13:57:09 ovzhost sshd[1001]: Received disconnect from 43.255.190.91: 11:  [preauth]
Apr 13 13:57:09 ovzhost sshd[1001]: PAM 2 more authentication failures; logname= uid=0 euid=0 tty=ssh ruser= rhost=43.255.190.91  user=root
Apr 13 13:57:12 ovzhost sshd[1005]: pam_unix(sshd:auth): authentication failure; logname= uid=0 euid=0 tty=ssh ruser= rhost=43.255.190.91  user=root
Apr 13 13:57:12 ovzhost sshd[1003]: message repeated 2 times: [ Failed password for root from 58.218.211.190 port 46574 ssh2]
Apr 13 13:57:13 ovzhost sshd[1003]: Received disconnect from 58.218.211.190: 11:  [preauth]
Apr 13 13:57:13 ovzhost sshd[1003]: PAM 2 more authentication failures; logname= uid=0 euid=0 tty=ssh ruser= rhost=58.218.211.190  user=root
Apr 13 13:57:14 ovzhost sshd[1005]: Failed password for root from 43.255.190.91 port 51473 ssh2
Apr 13 13:57:19 ovzhost sshd[1005]: message repeated 2 times: [ Failed password for root from 43.255.190.91 port 51473 ssh2]
Apr 13 13:57:19 ovzhost sshd[1005]: Received disconnect from 43.255.190.91: 11:  [preauth]
Apr 13 13:57:19 ovzhost sshd[1005]: PAM 2 more authentication failures; logname= uid=0 euid=0 tty=ssh ruser= rhost=43.255.190.91  user=root
Apr 13 13:57:20 ovzhost sshd[1009]: pam_unix(sshd:auth): authentication failure; logname= uid=0 euid=0 tty=ssh ruser= rhost=43.255.190.91  user=root
Apr 13 13:57:23 ovzhost sshd[1009]: Failed password for root from 43.255.190.91 port 41377 ssh2
Apr 13 13:57:24 ovzhost sshd[1007]: pam_unix(sshd:auth): authentication failure; logname= uid=0 euid=0 tty=ssh ruser= rhost=58.218.211.190  user=root
Apr 13 13:57:26 ovzhost sshd[1007]: Failed password for root from 58.218.211.190 port 57012 ssh2
Apr 13 13:57:27 ovzhost sshd[1009]: message repeated 2 times: [ Failed password for root from 43.255.190.91 port 41377 ssh2]
Apr 13 13:57:27 ovzhost sshd[1009]: Received disconnect from 43.255.190.91: 11:  [preauth]
Apr 13 13:57:27 ovzhost sshd[1009]: PAM 2 more authentication failures; logname= uid=0 euid=0 tty=ssh ruser= rhost=43.255.190.91  user=root
Apr 13 13:57:28 ovzhost sshd[1011]: pam_unix(sshd:auth): authentication failure; logname= uid=0 euid=0 tty=ssh ruser= rhost=43.255.190.91  user=root
Apr 13 13:57:30 ovzhost sshd[1011]: Failed password for root from 43.255.190.91 port 57062 ssh2
Apr 13 13:57:32 ovzhost sshd[1007]: message repeated 2 times: [ Failed password for root from 58.218.211.190 port 57012 ssh2]
Apr 13 13:57:32 ovzhost sshd[1007]: Received disconnect from 58.218.211.190: 11:  [preauth]
Apr 13 13:57:32 ovzhost sshd[1007]: PAM 2 more authentication failures; logname= uid=0 euid=0 tty=ssh ruser= rhost=58.218.211.190  user=root
Apr 13 13:57:35 ovzhost sshd[1011]: message repeated 2 times: [ Failed password for root from 43.255.190.91 port 57062 ssh2]
Apr 13 13:57:35 ovzhost sshd[1011]: Received disconnect from 43.255.190.91: 11:  [preauth]
Apr 13 13:57:35 ovzhost sshd[1011]: PAM 2 more authentication failures; logname= uid=0 euid=0 tty=ssh ruser= rhost=43.255.190.91  user=root
Apr 13 13:57:35 ovzhost sshd[1013]: pam_unix(sshd:auth): authentication failure; logname= uid=0 euid=0 tty=ssh ruser= rhost=58.218.211.190  user=root
Apr 13 13:57:37 ovzhost sshd[1013]: Failed password for root from 58.218.211.190 port 52233 ssh2
Apr 13 13:57:40 ovzhost sshd[1015]: pam_unix(sshd:auth): authentication failure; logname= uid=0 euid=0 tty=ssh ruser= rhost=43.255.190.91  user=root
Apr 13 13:57:42 ovzhost sshd[1013]: message repeated 2 times: [ Failed password for root from 58.218.211.190 port 52233 ssh2]
Apr 13 13:57:42 ovzhost sshd[1013]: Received disconnect from 58.218.211.190: 11:  [preauth]
Apr 13 13:57:42 ovzhost sshd[1013]: PAM 2 more authentication failures; logname= uid=0 euid=0 tty=ssh ruser= rhost=58.218.211.190  user=root
Apr 13 13:57:42 ovzhost sshd[1015]: Failed password for root from 43.255.190.91 port 42445 ssh2
Apr 13 13:57:45 ovzhost sshd[1017]: pam_unix(sshd:auth): authentication failure; logname= uid=0 euid=0 tty=ssh ruser= rhost=58.218.211.190  user=root
Apr 13 13:57:46 ovzhost sshd[1017]: Failed password for root from 58.218.211.190 port 35701 ssh2
Apr 13 13:57:47 ovzhost sshd[1015]: message repeated 2 times: [ Failed password for root from 43.255.190.91 port 42445 ssh2]
Apr 13 13:57:48 ovzhost sshd[1015]: Received disconnect from 43.255.190.91: 11:  [preauth]
Apr 13 13:57:48 ovzhost sshd[1015]: PAM 2 more authentication failures; logname= uid=0 euid=0 tty=ssh ruser= rhost=43.255.190.91  user=root
Apr 13 13:57:51 ovzhost sshd[1019]: pam_unix(sshd:auth): authentication failure; logname= uid=0 euid=0 tty=ssh ruser= rhost=43.255.190.91  user=root
Apr 13 13:57:53 ovzhost sshd[1019]: Failed password for root from 43.255.190.91 port 37622 ssh2
Apr 13 13:57:53 ovzhost sshd[1017]: message repeated 2 times: [ Failed password for root from 58.218.211.190 port 35701 ssh2]
Apr 13 13:57:55 ovzhost sshd[1017]: Received disconnect from 58.218.211.190: 11:  [preauth]
Apr 13 13:57:55 ovzhost sshd[1017]: PAM 2 more authentication failures; logname= uid=0 euid=0 tty=ssh ruser= rhost=58.218.211.190  user=root
Apr 13 13:57:56 ovzhost sshd[1021]: pam_unix(sshd:auth): authentication failure; logname= uid=0 euid=0 tty=ssh ruser= rhost=58.218.211.190  user=root
Apr 13 13:57:57 ovzhost sshd[1019]: message repeated 2 times: [ Failed password for root from 43.255.190.91 port 37622 ssh2]
Apr 13 13:57:57 ovzhost sshd[1019]: Received disconnect from 43.255.190.91: 11:  [preauth]
Apr 13 13:57:57 ovzhost sshd[1019]: PAM 2 more authentication failures; logname= uid=0 euid=0 tty=ssh ruser= rhost=43.255.190.91  user=root
Apr 13 13:57:59 ovzhost sshd[1021]: Failed password for root from 58.218.211.190 port 49616 ssh2
Apr 13 13:57:59 ovzhost sshd[1023]: pam_unix(sshd:auth): authentication failure; logname= uid=0 euid=0 tty=ssh ruser= rhost=43.255.190.91  user=root
Apr 13 13:58:00 ovzhost sshd[1023]: Failed password for root from 43.255.190.91 port 57976 ssh2
Apr 13 13:58:03 ovzhost sshd[1021]: message repeated 2 times: [ Failed password for root from 58.218.211.190 port 49616 ssh2]
Apr 13 13:58:03 ovzhost sshd[1021]: Received disconnect from 58.218.211.190: 11:  [preauth]
Apr 13 13:58:03 ovzhost sshd[1021]: PAM 2 more authentication failures; logname= uid=0 euid=0 tty=ssh ruser= rhost=58.218.211.190  user=root
Apr 13 13:58:04 ovzhost sshd[1023]: message repeated 2 times: [ Failed password for root from 43.255.190.91 port 57976 ssh2]
Apr 13 13:58:05 ovzhost sshd[1023]: Received disconnect from 43.255.190.91: 11:  [preauth]
Apr 13 13:58:05 ovzhost sshd[1023]: PAM 2 more authentication failures; logname= uid=0 euid=0 tty=ssh ruser= rhost=43.255.190.91  user=root
Apr 13 13:58:14 ovzhost sshd[1027]: pam_unix(sshd:auth): authentication failure; logname= uid=0 euid=0 tty=ssh ruser= rhost=43.255.190.91  user=root
Apr 13 13:58:16 ovzhost sshd[1025]: pam_unix(sshd:auth): authentication failure; logname= uid=0 euid=0 tty=ssh ruser= rhost=58.218.211.190  user=root
Apr 13 13:58:17 ovzhost sshd[1027]: Failed password for root from 43.255.190.91 port 44777 ssh2
Apr 13 13:58:18 ovzhost sshd[1025]: Failed password for root from 58.218.211.190 port 33921 ssh2
Apr 13 13:58:21 ovzhost sshd[1027]: message repeated 2 times: [ Failed password for root from 43.255.190.91 port 44777 ssh2]
Apr 13 13:58:21 ovzhost sshd[1027]: Received disconnect from 43.255.190.91: 11:  [preauth]
Apr 13 13:58:21 ovzhost sshd[1027]: PAM 2 more authentication failures; logname= uid=0 euid=0 tty=ssh ruser= rhost=43.255.190.91  user=root
Apr 13 13:58:22 ovzhost sshd[1029]: pam_unix(sshd:auth): authentication failure; logname= uid=0 euid=0 tty=ssh ruser= rhost=43.255.190.91  user=root
Apr 13 13:58:23 ovzhost sshd[1025]: message repeated 2 times: [ Failed password for root from 58.218.211.190 port 33921 ssh2]
Apr 13 13:58:23 ovzhost sshd[1025]: Received disconnect from 58.218.211.190: 11:  [preauth]
Apr 13 13:58:23 ovzhost sshd[1025]: PAM 2 more authentication failures; logname= uid=0 euid=0 tty=ssh ruser= rhost=58.218.211.190  user=root
Apr 13 13:58:23 ovzhost sshd[1029]: Failed password for root from 43.255.190.91 port 47753 ssh2
Apr 13 13:58:28 ovzhost sshd[1029]: message repeated 2 times: [ Failed password for root from 43.255.190.91 port 47753 ssh2]
Apr 13 13:58:28 ovzhost sshd[1029]: Received disconnect from 43.255.190.91: 11:  [preauth]
Apr 13 13:58:28 ovzhost sshd[1029]: PAM 2 more authentication failures; logname= uid=0 euid=0 tty=ssh ruser= rhost=43.255.190.91  user=root
Apr 13 13:58:30 ovzhost sshd[1031]: pam_unix(sshd:auth): authentication failure; logname= uid=0 euid=0 tty=ssh ruser= rhost=58.218.211.190  user=root
Apr 13 13:58:32 ovzhost sshd[1031]: Failed password for root from 58.218.211.190 port 58488 ssh2
Apr 13 13:58:36 ovzhost sshd[1031]: message repeated 2 times: [ Failed password for root from 58.218.211.190 port 58488 ssh2]
Apr 13 13:58:37 ovzhost sshd[1031]: Received disconnect from 58.218.211.190: 11:  [preauth]
Apr 13 13:58:37 ovzhost sshd[1031]: PAM 2 more authentication failures; logname= uid=0 euid=0 tty=ssh ruser= rhost=58.218.211.190  user=root
Apr 13 13:58:37 ovzhost sshd[1033]: pam_unix(sshd:auth): authentication failure; logname= uid=0 euid=0 tty=ssh ruser= rhost=43.255.190.91  user=root
Apr 13 13:58:40 ovzhost sshd[1033]: Failed password for root from 43.255.190.91 port 33361 ssh2
Apr 13 13:58:51 ovzhost sshd[1035]: pam_unix(sshd:auth): authentication failure; logname= uid=0 euid=0 tty=ssh ruser= rhost=43.255.190.91  user=root
Apr 13 13:58:53 ovzhost sshd[1035]: Failed password for root from 43.255.190.91 port 48281 ssh2
Apr 13 13:58:56 ovzhost sshd[1033]: Failed password for root from 43.255.190.91 port 33361 ssh2
Apr 13 13:58:56 ovzhost sshd[1033]: Received disconnect from 43.255.190.91: 11:  [preauth]
Apr 13 13:58:56 ovzhost sshd[1033]: PAM 1 more authentication failure; logname= uid=0 euid=0 tty=ssh ruser= rhost=43.255.190.91  user=root
Apr 13 13:58:58 ovzhost sshd[1035]: message repeated 2 times: [ Failed password for root from 43.255.190.91 port 48281 ssh2]
Apr 13 13:58:58 ovzhost sshd[1035]: Received disconnect from 43.255.190.91: 11:  [preauth]
Apr 13 13:58:58 ovzhost sshd[1035]: PAM 2 more authentication failures; logname= uid=0 euid=0 tty=ssh ruser= rhost=43.255.190.91  user=root
Apr 13 13:58:59 ovzhost sshd[1037]: pam_unix(sshd:auth): authentication failure; logname= uid=0 euid=0 tty=ssh ruser= rhost=43.255.190.91  user=root
Apr 13 13:59:01 ovzhost sshd[1037]: Failed password for root from 43.255.190.91 port 35429 ssh2
Apr 13 13:59:08 ovzhost sshd[1037]: message repeated 2 times: [ Failed password for root from 43.255.190.91 port 35429 ssh2]
Apr 13 13:59:08 ovzhost sshd[1037]: Received disconnect from 43.255.190.91: 11:  [preauth]
Apr 13 13:59:08 ovzhost sshd[1037]: PAM 2 more authentication failures; logname= uid=0 euid=0 tty=ssh ruser= rhost=43.255.190.91  user=root
Apr 13 13:59:09 ovzhost sshd[1039]: pam_unix(sshd:auth): authentication failure; logname= uid=0 euid=0 tty=ssh ruser= rhost=43.255.190.91  user=root
Apr 13 13:59:10 ovzhost sshd[1039]: Failed password for root from 43.255.190.91 port 54747 ssh2
Apr 13 13:59:14 ovzhost sshd[1039]: message repeated 2 times: [ Failed password for root from 43.255.190.91 port 54747 ssh2]
Apr 13 13:59:14 ovzhost sshd[1039]: Received disconnect from 43.255.190.91: 11:  [preauth]
Apr 13 13:59:14 ovzhost sshd[1039]: PAM 2 more authentication failures; logname= uid=0 euid=0 tty=ssh ruser= rhost=43.255.190.91  user=root
Apr 13 13:59:19 ovzhost sshd[1041]: pam_unix(sshd:auth): authentication failure; logname= uid=0 euid=0 tty=ssh ruser= rhost=43.255.190.91  user=root
Apr 13 13:59:21 ovzhost sshd[1041]: Failed password for root from 43.255.190.91 port 38324 ssh2
Apr 13 13:59:25 ovzhost sshd[1041]: message repeated 2 times: [ Failed password for root from 43.255.190.91 port 38324 ssh2]
Apr 13 13:59:25 ovzhost sshd[1041]: Received disconnect from 43.255.190.91: 11:  [preauth]
Apr 13 13:59:25 ovzhost sshd[1041]: PAM 2 more authentication failures; logname= uid=0 euid=0 tty=ssh ruser= rhost=43.255.190.91  user=root
Apr 13 13:59:26 ovzhost sshd[1043]: pam_unix(sshd:auth): authentication failure; logname= uid=0 euid=0 tty=ssh ruser= rhost=43.255.190.91  user=root
Apr 13 13:59:28 ovzhost sshd[1043]: Failed password for root from 43.255.190.91 port 58790 ssh2
Apr 13 13:59:31 ovzhost sshd[1043]: message repeated 2 times: [ Failed password for root from 43.255.190.91 port 58790 ssh2]
Apr 13 13:59:31 ovzhost sshd[1043]: Received disconnect from 43.255.190.91: 11:  [preauth]
Apr 13 13:59:31 ovzhost sshd[1043]: PAM 2 more authentication failures; logname= uid=0 euid=0 tty=ssh ruser= rhost=43.255.190.91  user=root
Apr 13 13:59:33 ovzhost sshd[1045]: pam_unix(sshd:auth): authentication failure; logname= uid=0 euid=0 tty=ssh ruser= rhost=43.255.190.91  user=root
Apr 13 13:59:35 ovzhost sshd[1045]: Failed password for root from 43.255.190.91 port 42198 ssh2
Apr 13 13:59:39 ovzhost sshd[1045]: message repeated 2 times: [ Failed password for root from 43.255.190.91 port 42198 ssh2]
Apr 13 13:59:39 ovzhost sshd[1045]: Received disconnect from 43.255.190.91: 11:  [preauth]
Apr 13 13:59:39 ovzhost sshd[1045]: PAM 2 more authentication failures; logname= uid=0 euid=0 tty=ssh ruser= rhost=43.255.190.91  user=root
Apr 13 13:59:41 ovzhost sshd[1047]: pam_unix(sshd:auth): authentication failure; logname= uid=0 euid=0 tty=ssh ruser= rhost=43.255.190.91  user=root
Apr 13 13:59:43 ovzhost sshd[1047]: Failed password for root from 43.255.190.91 port 56359 ssh2
Apr 13 13:59:47 ovzhost sshd[1047]: message repeated 2 times: [ Failed password for root from 43.255.190.91 port 56359 ssh2]
Apr 13 13:59:47 ovzhost sshd[1047]: Received disconnect from 43.255.190.91: 11:  [preauth]
Apr 13 13:59:47 ovzhost sshd[1047]: PAM 2 more authentication failures; logname= uid=0 euid=0 tty=ssh ruser= rhost=43.255.190.91  user=root
Apr 13 13:59:48 ovzhost sshd[1049]: pam_unix(sshd:auth): authentication failure; logname= uid=0 euid=0 tty=ssh ruser= rhost=43.255.190.91  user=root
Apr 13 13:59:50 ovzhost sshd[1049]: Failed password for root from 43.255.190.91 port 45123 ssh2
Apr 13 13:59:54 ovzhost sshd[1049]: message repeated 2 times: [ Failed password for root from 43.255.190.91 port 45123 ssh2]
Apr 13 13:59:55 ovzhost sshd[1049]: Received disconnect from 43.255.190.91: 11:  [preauth]
Apr 13 13:59:55 ovzhost sshd[1049]: PAM 2 more authentication failures; logname= uid=0 euid=0 tty=ssh ruser= rhost=43.255.190.91  user=root
Apr 13 13:59:57 ovzhost sshd[1051]: pam_unix(sshd:auth): authentication failure; logname= uid=0 euid=0 tty=ssh ruser= rhost=43.255.190.91  user=root
Apr 13 13:59:59 ovzhost sshd[1051]: Failed password for root from 43.255.190.91 port 58879 ssh2
Apr 13 14:00:01 ovzhost CRON[1053]: pam_env(cron:session): Unable to open env file: /etc/default/locale: No such file or directory
Apr 13 14:00:01 ovzhost CRON[1053]: pam_unix(cron:session): session opened for user smmsp by (uid=0)
Apr 13 14:00:01 ovzhost CRON[1053]: pam_unix(cron:session): session closed for user smmsp
Apr 13 14:00:02 ovzhost sshd[1051]: message repeated 2 times: [ Failed password for root from 43.255.190.91 port 58879 ssh2]
Apr 13 14:00:02 ovzhost sshd[1051]: Received disconnect from 43.255.190.91: 11:  [preauth]
Apr 13 14:00:02 ovzhost sshd[1051]: PAM 2 more authentication failures; logname= uid=0 euid=0 tty=ssh ruser= rhost=43.255.190.91  user=root
Apr 13 14:00:03 ovzhost sshd[1079]: pam_unix(sshd:auth): authentication failure; logname= uid=0 euid=0 tty=ssh ruser= rhost=43.255.190.91  user=root
Apr 13 14:00:05 ovzhost sshd[1079]: Failed password for root from 43.255.190.91 port 45712 ssh2
Apr 13 14:00:09 ovzhost sshd[1079]: message repeated 2 times: [ Failed password for root from 43.255.190.91 port 45712 ssh2]
Apr 13 14:00:10 ovzhost sshd[1079]: Received disconnect from 43.255.190.91: 11:  [preauth]
Apr 13 14:00:10 ovzhost sshd[1079]: PAM 2 more authentication failures; logname= uid=0 euid=0 tty=ssh ruser= rhost=43.255.190.91  user=root
Apr 13 14:00:11 ovzhost sshd[1081]: pam_unix(sshd:auth): authentication failure; logname= uid=0 euid=0 tty=ssh ruser= rhost=43.255.190.91  user=root
Apr 13 14:00:13 ovzhost sshd[1081]: Failed password for root from 43.255.190.91 port 60761 ssh2
Apr 13 14:00:17 ovzhost sshd[1081]: message repeated 2 times: [ Failed password for root from 43.255.190.91 port 60761 ssh2]
Apr 13 14:00:17 ovzhost sshd[1081]: Received disconnect from 43.255.190.91: 11:  [preauth]
Apr 13 14:00:17 ovzhost sshd[1081]: PAM 2 more authentication failures; logname= uid=0 euid=0 tty=ssh ruser= rhost=43.255.190.91  user=root
Apr 13 14:00:19 ovzhost sshd[1083]: pam_unix(sshd:auth): authentication failure; logname= uid=0 euid=0 tty=ssh ruser= rhost=43.255.190.91  user=root
Apr 13 14:00:20 ovzhost sshd[1083]: Failed password for root from 43.255.190.91 port 45853 ssh2
Apr 13 14:00:24 ovzhost sshd[1083]: message repeated 2 times: [ Failed password for root from 43.255.190.91 port 45853 ssh2]
Apr 13 14:00:24 ovzhost sshd[1083]: Received disconnect from 43.255.190.91: 11:  [preauth]
Apr 13 14:00:24 ovzhost sshd[1083]: PAM 2 more authentication failures; logname= uid=0 euid=0 tty=ssh ruser= rhost=43.255.190.91  user=root
Apr 13 14:00:25 ovzhost sshd[1085]: pam_unix(sshd:auth): authentication failure; logname= uid=0 euid=0 tty=ssh ruser= rhost=43.255.190.91  user=root
Apr 13 14:00:27 ovzhost sshd[1085]: Failed password for root from 43.255.190.91 port 58595 ssh2
Apr 13 14:00:30 ovzhost sshd[1085]: message repeated 2 times: [ Failed password for root from 43.255.190.91 port 58595 ssh2]
Apr 13 14:00:31 ovzhost sshd[1085]: Received disconnect from 43.255.190.91: 11:  [preauth]
Apr 13 14:00:31 ovzhost sshd[1085]: PAM 2 more authentication failures; logname= uid=0 euid=0 tty=ssh ruser= rhost=43.255.190.91  user=root
Apr 13 14:00:33 ovzhost sshd[1087]: pam_unix(sshd:auth): authentication failure; logname= uid=0 euid=0 tty=ssh ruser= rhost=43.255.190.91  user=root
Apr 13 14:00:35 ovzhost sshd[1087]: Failed password for root from 43.255.190.91 port 43638 ssh2
Apr 13 14:00:39 ovzhost sshd[1087]: message repeated 2 times: [ Failed password for root from 43.255.190.91 port 43638 ssh2]
Apr 13 14:00:40 ovzhost sshd[1087]: Received disconnect from 43.255.190.91: 11:  [preauth]
Apr 13 14:00:40 ovzhost sshd[1087]: PAM 2 more authentication failures; logname= uid=0 euid=0 tty=ssh ruser= rhost=43.255.190.91  user=root
Apr 13 14:00:44 ovzhost sshd[1089]: pam_unix(sshd:auth): authentication failure; logname= uid=0 euid=0 tty=ssh ruser= rhost=43.255.190.91  user=root
Apr 13 14:00:47 ovzhost sshd[1089]: Failed password for root from 43.255.190.91 port 60457 ssh2
Apr 13 14:00:51 ovzhost sshd[1089]: message repeated 2 times: [ Failed password for root from 43.255.190.91 port 60457 ssh2]
Apr 13 14:00:51 ovzhost sshd[1089]: Received disconnect from 43.255.190.91: 11:  [preauth]
Apr 13 14:00:51 ovzhost sshd[1089]: PAM 2 more authentication failures; logname= uid=0 euid=0 tty=ssh ruser= rhost=43.255.190.91  user=root
Apr 13 14:00:52 ovzhost sshd[1091]: pam_unix(sshd:auth): authentication failure; logname= uid=0 euid=0 tty=ssh ruser= rhost=43.255.190.91  user=root
Apr 13 14:00:54 ovzhost sshd[1091]: Failed password for root from 43.255.190.91 port 55484 ssh2
Apr 13 14:00:58 ovzhost sshd[1091]: message repeated 2 times: [ Failed password for root from 43.255.190.91 port 55484 ssh2]
Apr 13 14:00:58 ovzhost sshd[1091]: Received disconnect from 43.255.190.91: 11:  [preauth]
Apr 13 14:00:58 ovzhost sshd[1091]: PAM 2 more authentication failures; logname= uid=0 euid=0 tty=ssh ruser= rhost=43.255.190.91  user=root
Apr 13 14:01:00 ovzhost sshd[1093]: pam_unix(sshd:auth): authentication failure; logname= uid=0 euid=0 tty=ssh ruser= rhost=43.255.190.91  user=root
Apr 13 14:01:02 ovzhost sshd[1093]: Failed password for root from 43.255.190.91 port 40979 ssh2
Apr 13 14:01:06 ovzhost sshd[1093]: message repeated 2 times: [ Failed password for root from 43.255.190.91 port 40979 ssh2]
Apr 13 14:01:06 ovzhost sshd[1093]: Received disconnect from 43.255.190.91: 11:  [preauth]
Apr 13 14:01:06 ovzhost sshd[1093]: PAM 2 more authentication failures; logname= uid=0 euid=0 tty=ssh ruser= rhost=43.255.190.91  user=root
Apr 13 14:01:07 ovzhost sshd[1095]: pam_unix(sshd:auth): authentication failure; logname= uid=0 euid=0 tty=ssh ruser= rhost=43.255.190.91  user=root
Apr 13 14:01:09 ovzhost sshd[1095]: Failed password for root from 43.255.190.91 port 57104 ssh2
Apr 13 14:01:13 ovzhost sshd[1095]: message repeated 2 times: [ Failed password for root from 43.255.190.91 port 57104 ssh2]
Apr 13 14:01:13 ovzhost sshd[1095]: Received disconnect from 43.255.190.91: 11:  [preauth]
Apr 13 14:01:13 ovzhost sshd[1095]: PAM 2 more authentication failures; logname= uid=0 euid=0 tty=ssh ruser= rhost=43.255.190.91  user=root
Apr 13 14:01:16 ovzhost sshd[1097]: pam_unix(sshd:auth): authentication failure; logname= uid=0 euid=0 tty=ssh ruser= rhost=43.255.190.91  user=root
Apr 13 14:01:17 ovzhost sshd[1097]: Failed password for root from 43.255.190.91 port 41567 ssh2
Apr 13 14:01:21 ovzhost sshd[1097]: message repeated 2 times: [ Failed password for root from 43.255.190.91 port 41567 ssh2]
Apr 13 14:01:21 ovzhost sshd[1097]: Received disconnect from 43.255.190.91: 11:  [preauth]
Apr 13 14:01:21 ovzhost sshd[1097]: PAM 2 more authentication failures; logname= uid=0 euid=0 tty=ssh ruser= rhost=43.255.190.91  user=root
Apr 13 14:03:41 ovzhost sshd[1101]: Received disconnect from 43.255.190.187: 11:  [preauth]
Apr 13 14:09:01 ovzhost CRON[1104]: pam_env(cron:session): Unable to open env file: /etc/default/locale: No such file or directory
Apr 13 14:09:01 ovzhost CRON[1103]: pam_env(cron:session): Unable to open env file: /etc/default/locale: No such file or directory
Apr 13 14:09:01 ovzhost CRON[1103]: pam_unix(cron:session): session opened for user root by (uid=0)
Apr 13 14:09:01 ovzhost CRON[1104]: pam_unix(cron:session): session opened for user root by (uid=0)
Apr 13 14:09:01 ovzhost CRON[1103]: pam_unix(cron:session): session closed for user root
Apr 13 14:09:01 ovzhost CRON[1104]: pam_unix(cron:session): session closed for user root
Apr 13 14:20:01 ovzhost CRON[1117]: pam_env(cron:session): Unable to open env file: /etc/default/locale: No such file or directory
Apr 13 14:20:01 ovzhost CRON[1117]: pam_unix(cron:session): session opened for user smmsp by (uid=0)
Apr 13 14:20:01 ovzhost CRON[1117]: pam_unix(cron:session): session closed for user smmsp
Apr 13 14:21:15 ovzhost sshd[1143]: pam_unix(sshd:auth): authentication failure; logname= uid=0 euid=0 tty=ssh ruser= rhost=43.255.190.145  user=root
Apr 13 14:21:16 ovzhost sshd[1143]: Failed password for root from 43.255.190.145 port 51715 ssh2
Apr 13 14:21:21 ovzhost sshd[1143]: message repeated 2 times: [ Failed password for root from 43.255.190.145 port 51715 ssh2]
Apr 13 14:21:21 ovzhost sshd[1143]: Received disconnect from 43.255.190.145: 11:  [preauth]
Apr 13 14:21:21 ovzhost sshd[1143]: PAM 2 more authentication failures; logname= uid=0 euid=0 tty=ssh ruser= rhost=43.255.190.145  user=root
Apr 13 14:21:22 ovzhost sshd[1145]: pam_unix(sshd:auth): authentication failure; logname= uid=0 euid=0 tty=ssh ruser= rhost=43.255.190.145  user=root
Apr 13 14:21:25 ovzhost sshd[1145]: Failed password for root from 43.255.190.145 port 37571 ssh2
Apr 13 14:21:28 ovzhost sshd[1145]: message repeated 2 times: [ Failed password for root from 43.255.190.145 port 37571 ssh2]
Apr 13 14:21:28 ovzhost sshd[1145]: Received disconnect from 43.255.190.145: 11:  [preauth]
Apr 13 14:21:28 ovzhost sshd[1145]: PAM 2 more authentication failures; logname= uid=0 euid=0 tty=ssh ruser= rhost=43.255.190.145  user=root
Apr 13 14:21:29 ovzhost sshd[1147]: pam_unix(sshd:auth): authentication failure; logname= uid=0 euid=0 tty=ssh ruser= rhost=43.255.190.145  user=root
Apr 13 14:21:31 ovzhost sshd[1147]: Failed password for root from 43.255.190.145 port 54374 ssh2
Apr 13 14:21:35 ovzhost sshd[1147]: message repeated 2 times: [ Failed password for root from 43.255.190.145 port 54374 ssh2]
Apr 13 14:21:35 ovzhost sshd[1147]: Received disconnect from 43.255.190.145: 11:  [preauth]
Apr 13 14:21:35 ovzhost sshd[1147]: PAM 2 more authentication failures; logname= uid=0 euid=0 tty=ssh ruser= rhost=43.255.190.145  user=root
Apr 13 14:21:36 ovzhost sshd[1149]: pam_unix(sshd:auth): authentication failure; logname= uid=0 euid=0 tty=ssh ruser= rhost=43.255.190.145  user=root
Apr 13 14:21:38 ovzhost sshd[1149]: Failed password for root from 43.255.190.145 port 41504 ssh2
Apr 13 14:21:42 ovzhost sshd[1149]: message repeated 2 times: [ Failed password for root from 43.255.190.145 port 41504 ssh2]
Apr 13 14:21:42 ovzhost sshd[1149]: Received disconnect from 43.255.190.145: 11:  [preauth]
Apr 13 14:21:42 ovzhost sshd[1149]: PAM 2 more authentication failures; logname= uid=0 euid=0 tty=ssh ruser= rhost=43.255.190.145  user=root
Apr 13 14:21:43 ovzhost sshd[1151]: pam_unix(sshd:auth): authentication failure; logname= uid=0 euid=0 tty=ssh ruser= rhost=43.255.190.145  user=root
Apr 13 14:21:45 ovzhost sshd[1151]: Failed password for root from 43.255.190.145 port 56693 ssh2
Apr 13 14:21:49 ovzhost sshd[1151]: message repeated 2 times: [ Failed password for root from 43.255.190.145 port 56693 ssh2]
Apr 13 14:21:49 ovzhost sshd[1151]: Received disconnect from 43.255.190.145: 11:  [preauth]
Apr 13 14:21:49 ovzhost sshd[1151]: PAM 2 more authentication failures; logname= uid=0 euid=0 tty=ssh ruser= rhost=43.255.190.145  user=root
Apr 13 14:21:50 ovzhost sshd[1153]: pam_unix(sshd:auth): authentication failure; logname= uid=0 euid=0 tty=ssh ruser= rhost=43.255.190.145  user=root
Apr 13 14:21:51 ovzhost sshd[1153]: Failed password for root from 43.255.190.145 port 44714 ssh2
Apr 13 14:21:55 ovzhost sshd[1153]: message repeated 2 times: [ Failed password for root from 43.255.190.145 port 44714 ssh2]
Apr 13 14:21:56 ovzhost sshd[1153]: Received disconnect from 43.255.190.145: 11:  [preauth]
Apr 13 14:21:56 ovzhost sshd[1153]: PAM 2 more authentication failures; logname= uid=0 euid=0 tty=ssh ruser= rhost=43.255.190.145  user=root
Apr 13 14:21:56 ovzhost sshd[1155]: pam_unix(sshd:auth): authentication failure; logname= uid=0 euid=0 tty=ssh ruser= rhost=43.255.190.145  user=root
Apr 13 14:21:58 ovzhost sshd[1155]: Failed password for root from 43.255.190.145 port 58157 ssh2
Apr 13 14:22:02 ovzhost sshd[1155]: message repeated 2 times: [ Failed password for root from 43.255.190.145 port 58157 ssh2]
Apr 13 14:22:02 ovzhost sshd[1155]: Received disconnect from 43.255.190.145: 11:  [preauth]
Apr 13 14:22:02 ovzhost sshd[1155]: PAM 2 more authentication failures; logname= uid=0 euid=0 tty=ssh ruser= rhost=43.255.190.145  user=root
Apr 13 14:22:03 ovzhost sshd[1157]: pam_unix(sshd:auth): authentication failure; logname= uid=0 euid=0 tty=ssh ruser= rhost=43.255.190.145  user=root
Apr 13 14:22:05 ovzhost sshd[1157]: Failed password for root from 43.255.190.145 port 46423 ssh2
Apr 13 14:22:10 ovzhost sshd[1157]: message repeated 2 times: [ Failed password for root from 43.255.190.145 port 46423 ssh2]
Apr 13 14:22:10 ovzhost sshd[1157]: Received disconnect from 43.255.190.145: 11:  [preauth]
Apr 13 14:22:10 ovzhost sshd[1157]: PAM 2 more authentication failures; logname= uid=0 euid=0 tty=ssh ruser= rhost=43.255.190.145  user=root
Apr 13 14:22:11 ovzhost sshd[1159]: pam_unix(sshd:auth): authentication failure; logname= uid=0 euid=0 tty=ssh ruser= rhost=43.255.190.145  user=root
Apr 13 14:22:13 ovzhost sshd[1159]: Failed password for root from 43.255.190.145 port 35463 ssh2
Apr 13 14:22:18 ovzhost sshd[1159]: message repeated 2 times: [ Failed password for root from 43.255.190.145 port 35463 ssh2]
Apr 13 14:22:18 ovzhost sshd[1159]: Received disconnect from 43.255.190.145: 11:  [preauth]
Apr 13 14:22:18 ovzhost sshd[1159]: PAM 2 more authentication failures; logname= uid=0 euid=0 tty=ssh ruser= rhost=43.255.190.145  user=root
Apr 13 14:22:19 ovzhost sshd[1161]: pam_unix(sshd:auth): authentication failure; logname= uid=0 euid=0 tty=ssh ruser= rhost=43.255.190.145  user=root
Apr 13 14:22:21 ovzhost sshd[1161]: Failed password for root from 43.255.190.145 port 53742 ssh2
Apr 13 14:22:25 ovzhost sshd[1161]: message repeated 2 times: [ Failed password for root from 43.255.190.145 port 53742 ssh2]
Apr 13 14:22:25 ovzhost sshd[1161]: Received disconnect from 43.255.190.145: 11:  [preauth]
Apr 13 14:22:25 ovzhost sshd[1161]: PAM 2 more authentication failures; logname= uid=0 euid=0 tty=ssh ruser= rhost=43.255.190.145  user=root
Apr 13 14:22:25 ovzhost sshd[1163]: pam_unix(sshd:auth): authentication failure; logname= uid=0 euid=0 tty=ssh ruser= rhost=43.255.190.145  user=root
Apr 13 14:22:28 ovzhost sshd[1163]: Failed password for root from 43.255.190.145 port 41508 ssh2
Apr 13 14:22:32 ovzhost sshd[1163]: message repeated 2 times: [ Failed password for root from 43.255.190.145 port 41508 ssh2]
Apr 13 14:22:32 ovzhost sshd[1163]: Received disconnect from 43.255.190.145: 11:  [preauth]
Apr 13 14:22:32 ovzhost sshd[1163]: PAM 2 more authentication failures; logname= uid=0 euid=0 tty=ssh ruser= rhost=43.255.190.145  user=root
Apr 13 14:22:33 ovzhost sshd[1165]: pam_unix(sshd:auth): authentication failure; logname= uid=0 euid=0 tty=ssh ruser= rhost=43.255.190.145  user=root
Apr 13 14:22:35 ovzhost sshd[1165]: Failed password for root from 43.255.190.145 port 58104 ssh2
Apr 13 14:22:40 ovzhost sshd[1165]: message repeated 2 times: [ Failed password for root from 43.255.190.145 port 58104 ssh2]
Apr 13 14:22:40 ovzhost sshd[1165]: Received disconnect from 43.255.190.145: 11:  [preauth]
Apr 13 14:22:40 ovzhost sshd[1165]: PAM 2 more authentication failures; logname= uid=0 euid=0 tty=ssh ruser= rhost=43.255.190.145  user=root
Apr 13 14:22:40 ovzhost sshd[1167]: pam_unix(sshd:auth): authentication failure; logname= uid=0 euid=0 tty=ssh ruser= rhost=43.255.190.145  user=root
Apr 13 14:22:42 ovzhost sshd[1167]: Failed password for root from 43.255.190.145 port 46143 ssh2
Apr 13 14:22:46 ovzhost sshd[1167]: message repeated 2 times: [ Failed password for root from 43.255.190.145 port 46143 ssh2]
Apr 13 14:22:47 ovzhost sshd[1167]: Received disconnect from 43.255.190.145: 11:  [preauth]
Apr 13 14:22:47 ovzhost sshd[1167]: PAM 2 more authentication failures; logname= uid=0 euid=0 tty=ssh ruser= rhost=43.255.190.145  user=root
Apr 13 14:22:47 ovzhost sshd[1169]: pam_unix(sshd:auth): authentication failure; logname= uid=0 euid=0 tty=ssh ruser= rhost=43.255.190.145  user=root
Apr 13 14:22:49 ovzhost sshd[1169]: Failed password for root from 43.255.190.145 port 33346 ssh2
Apr 13 14:22:54 ovzhost sshd[1169]: message repeated 2 times: [ Failed password for root from 43.255.190.145 port 33346 ssh2]
Apr 13 14:22:54 ovzhost sshd[1169]: Received disconnect from 43.255.190.145: 11:  [preauth]
Apr 13 14:22:54 ovzhost sshd[1169]: PAM 2 more authentication failures; logname= uid=0 euid=0 tty=ssh ruser= rhost=43.255.190.145  user=root
Apr 13 14:22:54 ovzhost sshd[1171]: pam_unix(sshd:auth): authentication failure; logname= uid=0 euid=0 tty=ssh ruser= rhost=43.255.190.145  user=root
Apr 13 14:22:57 ovzhost sshd[1171]: Failed password for root from 43.255.190.145 port 48323 ssh2
Apr 13 14:23:01 ovzhost sshd[1171]: message repeated 2 times: [ Failed password for root from 43.255.190.145 port 48323 ssh2]
Apr 13 14:23:01 ovzhost sshd[1171]: Received disconnect from 43.255.190.145: 11:  [preauth]
Apr 13 14:23:01 ovzhost sshd[1171]: PAM 2 more authentication failures; logname= uid=0 euid=0 tty=ssh ruser= rhost=43.255.190.145  user=root
Apr 13 14:23:03 ovzhost sshd[1173]: pam_unix(sshd:auth): authentication failure; logname= uid=0 euid=0 tty=ssh ruser= rhost=43.255.190.145  user=root
Apr 13 14:23:05 ovzhost sshd[1173]: Failed password for root from 43.255.190.145 port 37691 ssh2
Apr 13 14:23:09 ovzhost sshd[1173]: message repeated 2 times: [ Failed password for root from 43.255.190.145 port 37691 ssh2]
Apr 13 14:23:09 ovzhost sshd[1173]: Received disconnect from 43.255.190.145: 11:  [preauth]
Apr 13 14:23:09 ovzhost sshd[1173]: PAM 2 more authentication failures; logname= uid=0 euid=0 tty=ssh ruser= rhost=43.255.190.145  user=root
Apr 13 14:23:10 ovzhost sshd[1175]: pam_unix(sshd:auth): authentication failure; logname= uid=0 euid=0 tty=ssh ruser= rhost=43.255.190.145  user=root
Apr 13 14:23:12 ovzhost sshd[1175]: Failed password for root from 43.255.190.145 port 56874 ssh2
Apr 13 14:23:13 ovzhost sshd[1177]: pam_unix(sshd:auth): authentication failure; logname= uid=0 euid=0 tty=ssh ruser= rhost=221.229.166.98  user=root
Apr 13 14:23:15 ovzhost sshd[1177]: Failed password for root from 221.229.166.98 port 51364 ssh2
Apr 13 14:23:17 ovzhost sshd[1175]: message repeated 2 times: [ Failed password for root from 43.255.190.145 port 56874 ssh2]
Apr 13 14:23:17 ovzhost sshd[1175]: Received disconnect from 43.255.190.145: 11:  [preauth]
Apr 13 14:23:17 ovzhost sshd[1175]: PAM 2 more authentication failures; logname= uid=0 euid=0 tty=ssh ruser= rhost=43.255.190.145  user=root
Apr 13 14:23:18 ovzhost sshd[1179]: pam_unix(sshd:auth): authentication failure; logname= uid=0 euid=0 tty=ssh ruser= rhost=43.255.190.145  user=root
Apr 13 14:23:20 ovzhost sshd[1179]: Failed password for root from 43.255.190.145 port 45257 ssh2
Apr 13 14:23:20 ovzhost sshd[1177]: message repeated 2 times: [ Failed password for root from 221.229.166.98 port 51364 ssh2]
Apr 13 14:23:21 ovzhost sshd[1177]: Received disconnect from 221.229.166.98: 11:  [preauth]
Apr 13 14:23:21 ovzhost sshd[1177]: PAM 2 more authentication failures; logname= uid=0 euid=0 tty=ssh ruser= rhost=221.229.166.98  user=root
Apr 13 14:23:22 ovzhost sshd[1181]: pam_unix(sshd:auth): authentication failure; logname= uid=0 euid=0 tty=ssh ruser= rhost=221.229.166.98  user=root
Apr 13 14:23:22 ovzhost sshd[1179]: message repeated 2 times: [ Failed password for root from 43.255.190.145 port 45257 ssh2]
Apr 13 14:23:23 ovzhost sshd[1179]: Received disconnect from 43.255.190.145: 11:  [preauth]
Apr 13 14:23:23 ovzhost sshd[1179]: PAM 2 more authentication failures; logname= uid=0 euid=0 tty=ssh ruser= rhost=43.255.190.145  user=root
Apr 13 14:23:23 ovzhost sshd[1183]: pam_unix(sshd:auth): authentication failure; logname= uid=0 euid=0 tty=ssh ruser= rhost=43.255.190.145  user=root
Apr 13 14:23:24 ovzhost sshd[1181]: Failed password for root from 221.229.166.98 port 45455 ssh2
Apr 13 14:23:25 ovzhost sshd[1183]: Failed password for root from 43.255.190.145 port 58237 ssh2
Apr 13 14:23:29 ovzhost sshd[1181]: message repeated 2 times: [ Failed password for root from 221.229.166.98 port 45455 ssh2]
Apr 13 14:23:29 ovzhost sshd[1181]: Received disconnect from 221.229.166.98: 11:  [preauth]
Apr 13 14:23:29 ovzhost sshd[1181]: PAM 2 more authentication failures; logname= uid=0 euid=0 tty=ssh ruser= rhost=221.229.166.98  user=root
Apr 13 14:23:30 ovzhost sshd[1183]: message repeated 2 times: [ Failed password for root from 43.255.190.145 port 58237 ssh2]
Apr 13 14:23:30 ovzhost sshd[1183]: Received disconnect from 43.255.190.145: 11:  [preauth]
Apr 13 14:23:30 ovzhost sshd[1183]: PAM 2 more authentication failures; logname= uid=0 euid=0 tty=ssh ruser= rhost=43.255.190.145  user=root
Apr 13 14:23:31 ovzhost sshd[1187]: pam_unix(sshd:auth): authentication failure; logname= uid=0 euid=0 tty=ssh ruser= rhost=43.255.190.145  user=root
Apr 13 14:23:31 ovzhost sshd[1185]: pam_unix(sshd:auth): authentication failure; logname= uid=0 euid=0 tty=ssh ruser= rhost=221.229.166.98  user=root
Apr 13 14:23:33 ovzhost sshd[1187]: Failed password for root from 43.255.190.145 port 48034 ssh2
Apr 13 14:23:33 ovzhost sshd[1185]: Failed password for root from 221.229.166.98 port 36280 ssh2
Apr 13 14:23:38 ovzhost sshd[1187]: message repeated 2 times: [ Failed password for root from 43.255.190.145 port 48034 ssh2]
Apr 13 14:23:38 ovzhost sshd[1187]: Received disconnect from 43.255.190.145: 11:  [preauth]
Apr 13 14:23:38 ovzhost sshd[1187]: PAM 2 more authentication failures; logname= uid=0 euid=0 tty=ssh ruser= rhost=43.255.190.145  user=root
Apr 13 14:23:39 ovzhost sshd[1185]: message repeated 2 times: [ Failed password for root from 221.229.166.98 port 36280 ssh2]
Apr 13 14:23:39 ovzhost sshd[1185]: Received disconnect from 221.229.166.98: 11:  [preauth]
Apr 13 14:23:39 ovzhost sshd[1185]: PAM 2 more authentication failures; logname= uid=0 euid=0 tty=ssh ruser= rhost=221.229.166.98  user=root
Apr 13 14:23:39 ovzhost sshd[1189]: pam_unix(sshd:auth): authentication failure; logname= uid=0 euid=0 tty=ssh ruser= rhost=43.255.190.145  user=root
Apr 13 14:23:41 ovzhost sshd[1189]: Failed password for root from 43.255.190.145 port 37469 ssh2
Apr 13 14:23:41 ovzhost sshd[1191]: pam_unix(sshd:auth): authentication failure; logname= uid=0 euid=0 tty=ssh ruser= rhost=221.229.166.98  user=root
Apr 13 14:23:43 ovzhost sshd[1191]: Failed password for root from 221.229.166.98 port 57577 ssh2
Apr 13 14:23:45 ovzhost sshd[1189]: message repeated 2 times: [ Failed password for root from 43.255.190.145 port 37469 ssh2]
Apr 13 14:23:45 ovzhost sshd[1189]: Received disconnect from 43.255.190.145: 11:  [preauth]
Apr 13 14:23:45 ovzhost sshd[1189]: PAM 2 more authentication failures; logname= uid=0 euid=0 tty=ssh ruser= rhost=43.255.190.145  user=root
Apr 13 14:23:46 ovzhost sshd[1193]: pam_unix(sshd:auth): authentication failure; logname= uid=0 euid=0 tty=ssh ruser= rhost=43.255.190.145  user=root
Apr 13 14:23:48 ovzhost sshd[1193]: Failed password for root from 43.255.190.145 port 53766 ssh2
Apr 13 14:23:48 ovzhost sshd[1191]: message repeated 2 times: [ Failed password for root from 221.229.166.98 port 57577 ssh2]
Apr 13 14:23:48 ovzhost sshd[1191]: Received disconnect from 221.229.166.98: 11:  [preauth]
Apr 13 14:23:48 ovzhost sshd[1191]: PAM 2 more authentication failures; logname= uid=0 euid=0 tty=ssh ruser= rhost=221.229.166.98  user=root
Apr 13 14:23:52 ovzhost sshd[1193]: message repeated 2 times: [ Failed password for root from 43.255.190.145 port 53766 ssh2]
Apr 13 14:23:52 ovzhost sshd[1193]: Received disconnect from 43.255.190.145: 11:  [preauth]
Apr 13 14:23:52 ovzhost sshd[1193]: PAM 2 more authentication failures; logname= uid=0 euid=0 tty=ssh ruser= rhost=43.255.190.145  user=root
Apr 13 14:23:53 ovzhost sshd[1197]: pam_unix(sshd:auth): authentication failure; logname= uid=0 euid=0 tty=ssh ruser= rhost=43.255.190.145  user=root
Apr 13 14:23:54 ovzhost sshd[1195]: pam_unix(sshd:auth): authentication failure; logname= uid=0 euid=0 tty=ssh ruser= rhost=221.229.166.98  user=root
Apr 13 14:23:55 ovzhost sshd[1197]: Failed password for root from 43.255.190.145 port 40482 ssh2
Apr 13 14:23:56 ovzhost sshd[1195]: Failed password for root from 221.229.166.98 port 51048 ssh2
Apr 13 14:23:59 ovzhost sshd[1197]: message repeated 2 times: [ Failed password for root from 43.255.190.145 port 40482 ssh2]
Apr 13 14:23:59 ovzhost sshd[1197]: Received disconnect from 43.255.190.145: 11:  [preauth]
Apr 13 14:23:59 ovzhost sshd[1197]: PAM 2 more authentication failures; logname= uid=0 euid=0 tty=ssh ruser= rhost=43.255.190.145  user=root
Apr 13 14:24:00 ovzhost sshd[1199]: pam_unix(sshd:auth): authentication failure; logname= uid=0 euid=0 tty=ssh ruser= rhost=43.255.190.145  user=root
Apr 13 14:24:00 ovzhost sshd[1195]: message repeated 2 times: [ Failed password for root from 221.229.166.98 port 51048 ssh2]
Apr 13 14:24:00 ovzhost sshd[1195]: Received disconnect from 221.229.166.98: 11:  [preauth]
Apr 13 14:24:00 ovzhost sshd[1195]: PAM 2 more authentication failures; logname= uid=0 euid=0 tty=ssh ruser= rhost=221.229.166.98  user=root
Apr 13 14:24:02 ovzhost sshd[1199]: Failed password for root from 43.255.190.145 port 55785 ssh2
Apr 13 14:24:02 ovzhost sshd[1201]: pam_unix(sshd:auth): authentication failure; logname= uid=0 euid=0 tty=ssh ruser= rhost=221.229.166.98  user=root
Apr 13 14:24:04 ovzhost sshd[1201]: Failed password for root from 221.229.166.98 port 51467 ssh2
Apr 13 14:24:05 ovzhost sshd[1199]: message repeated 2 times: [ Failed password for root from 43.255.190.145 port 55785 ssh2]
Apr 13 14:24:05 ovzhost sshd[1199]: Received disconnect from 43.255.190.145: 11:  [preauth]
Apr 13 14:24:05 ovzhost sshd[1199]: PAM 2 more authentication failures; logname= uid=0 euid=0 tty=ssh ruser= rhost=43.255.190.145  user=root
Apr 13 14:24:06 ovzhost sshd[1203]: pam_unix(sshd:auth): authentication failure; logname= uid=0 euid=0 tty=ssh ruser= rhost=43.255.190.145  user=root
Apr 13 14:24:08 ovzhost sshd[1203]: Failed password for root from 43.255.190.145 port 40847 ssh2
Apr 13 14:24:08 ovzhost sshd[1201]: message repeated 2 times: [ Failed password for root from 221.229.166.98 port 51467 ssh2]
Apr 13 14:24:09 ovzhost sshd[1201]: Received disconnect from 221.229.166.98: 11:  [preauth]
Apr 13 14:24:09 ovzhost sshd[1201]: PAM 2 more authentication failures; logname= uid=0 euid=0 tty=ssh ruser= rhost=221.229.166.98  user=root
Apr 13 14:24:11 ovzhost sshd[1205]: pam_unix(sshd:auth): authentication failure; logname= uid=0 euid=0 tty=ssh ruser= rhost=221.229.166.98  user=root
