Apr 12 08:56:25 ovzhost sshd[1226]: Received disconnect from 43.255.190.190: 11:  [preauth]
Apr 12 08:56:25 ovzhost sshd[1226]: PAM 2 more authentication failures; logname= uid=0 euid=0 tty=ssh ruser= rhost=43.255.190.190  user=root
Apr 12 08:56:25 ovzhost sshd[1224]: message repeated 2 times: [ Failed password for root from 43.255.190.190 port 34925 ssh2]
Apr 12 08:56:25 ovzhost sshd[1224]: Received disconnect from 43.255.190.190: 11:  [preauth]
Apr 12 08:56:25 ovzhost sshd[1224]: PAM 2 more authentication failures; logname= uid=0 euid=0 tty=ssh ruser= rhost=43.255.190.190  user=root
Apr 12 08:56:25 ovzhost sshd[1230]: Failed password for root from 43.255.190.171 port 46499 ssh2
Apr 12 08:56:25 ovzhost sshd[1232]: pam_unix(sshd:auth): authentication failure; logname= uid=0 euid=0 tty=ssh ruser= rhost=43.255.190.190  user=root
Apr 12 08:56:25 ovzhost sshd[1234]: pam_unix(sshd:auth): authentication failure; logname= uid=0 euid=0 tty=ssh ruser= rhost=43.255.190.190  user=root
Apr 12 08:56:27 ovzhost sshd[1232]: Failed password for root from 43.255.190.190 port 47569 ssh2
Apr 12 08:56:27 ovzhost sshd[1234]: Failed password for root from 43.255.190.190 port 47952 ssh2
Apr 12 08:56:29 ovzhost sshd[1230]: message repeated 2 times: [ Failed password for root from 43.255.190.171 port 46499 ssh2]
Apr 12 08:56:29 ovzhost sshd[1230]: Received disconnect from 43.255.190.171: 11:  [preauth]
Apr 12 08:56:29 ovzhost sshd[1230]: PAM 2 more authentication failures; logname= uid=0 euid=0 tty=ssh ruser= rhost=43.255.190.171  user=root
Apr 12 08:56:30 ovzhost sshd[1236]: pam_unix(sshd:auth): authentication failure; logname= uid=0 euid=0 tty=ssh ruser= rhost=43.255.190.171  user=root
Apr 12 08:56:31 ovzhost sshd[1234]: message repeated 2 times: [ Failed password for root from 43.255.190.190 port 47952 ssh2]
Apr 12 08:56:31 ovzhost sshd[1234]: Received disconnect from 43.255.190.190: 11:  [preauth]
Apr 12 08:56:31 ovzhost sshd[1234]: PAM 2 more authentication failures; logname= uid=0 euid=0 tty=ssh ruser= rhost=43.255.190.190  user=root
Apr 12 08:56:31 ovzhost sshd[1232]: message repeated 2 times: [ Failed password for root from 43.255.190.190 port 47569 ssh2]
Apr 12 08:56:31 ovzhost sshd[1232]: Received disconnect from 43.255.190.190: 11:  [preauth]
Apr 12 08:56:31 ovzhost sshd[1232]: PAM 2 more authentication failures; logname= uid=0 euid=0 tty=ssh ruser= rhost=43.255.190.190  user=root
Apr 12 08:56:31 ovzhost sshd[1236]: Failed password for root from 43.255.190.171 port 60656 ssh2
Apr 12 08:56:32 ovzhost sshd[1238]: pam_unix(sshd:auth): authentication failure; logname= uid=0 euid=0 tty=ssh ruser= rhost=43.255.190.190  user=root
Apr 12 08:56:32 ovzhost sshd[1240]: pam_unix(sshd:auth): authentication failure; logname= uid=0 euid=0 tty=ssh ruser= rhost=43.255.190.190  user=root
Apr 12 08:56:34 ovzhost sshd[1238]: Failed password for root from 43.255.190.190 port 60698 ssh2
Apr 12 08:56:34 ovzhost sshd[1240]: Failed password for root from 43.255.190.190 port 60879 ssh2
Apr 12 08:56:36 ovzhost sshd[1243]: Connection closed by 127.0.0.1 [preauth]
Apr 12 08:56:36 ovzhost sshd[1236]: message repeated 2 times: [ Failed password for root from 43.255.190.171 port 60656 ssh2]
Apr 12 08:56:36 ovzhost sshd[1236]: Received disconnect from 43.255.190.171: 11:  [preauth]
Apr 12 08:56:36 ovzhost sshd[1236]: PAM 2 more authentication failures; logname= uid=0 euid=0 tty=ssh ruser= rhost=43.255.190.171  user=root
Apr 12 08:56:37 ovzhost sshd[1245]: pam_unix(sshd:auth): authentication failure; logname= uid=0 euid=0 tty=ssh ruser= rhost=43.255.190.171  user=root
Apr 12 08:56:38 ovzhost sshd[1238]: message repeated 2 times: [ Failed password for root from 43.255.190.190 port 60698 ssh2]
Apr 12 08:56:38 ovzhost sshd[1238]: Received disconnect from 43.255.190.190: 11:  [preauth]
Apr 12 08:56:38 ovzhost sshd[1238]: PAM 2 more authentication failures; logname= uid=0 euid=0 tty=ssh ruser= rhost=43.255.190.190  user=root
Apr 12 08:56:39 ovzhost sshd[1240]: message repeated 2 times: [ Failed password for root from 43.255.190.190 port 60879 ssh2]
Apr 12 08:56:39 ovzhost sshd[1240]: Received disconnect from 43.255.190.190: 11:  [preauth]
Apr 12 08:56:39 ovzhost sshd[1240]: PAM 2 more authentication failures; logname= uid=0 euid=0 tty=ssh ruser= rhost=43.255.190.190  user=root
Apr 12 08:56:39 ovzhost sshd[1247]: pam_unix(sshd:auth): authentication failure; logname= uid=0 euid=0 tty=ssh ruser= rhost=43.255.190.190  user=root
Apr 12 08:56:39 ovzhost sshd[1245]: Failed password for root from 43.255.190.171 port 48917 ssh2
Apr 12 08:56:39 ovzhost sshd[1249]: pam_unix(sshd:auth): authentication failure; logname= uid=0 euid=0 tty=ssh ruser= rhost=43.255.190.190  user=root
Apr 12 08:56:41 ovzhost sshd[1247]: Failed password for root from 43.255.190.190 port 49497 ssh2
Apr 12 08:56:41 ovzhost sshd[1249]: Failed password for root from 43.255.190.190 port 50351 ssh2
Apr 12 08:56:43 ovzhost sshd[1245]: message repeated 2 times: [ Failed password for root from 43.255.190.171 port 48917 ssh2]
Apr 12 08:56:43 ovzhost sshd[1245]: Received disconnect from 43.255.190.171: 11:  [preauth]
Apr 12 08:56:43 ovzhost sshd[1245]: PAM 2 more authentication failures; logname= uid=0 euid=0 tty=ssh ruser= rhost=43.255.190.171  user=root
Apr 12 08:56:43 ovzhost sshd[1251]: pam_unix(sshd:auth): authentication failure; logname= uid=0 euid=0 tty=ssh ruser= rhost=43.255.190.171  user=root
Apr 12 08:56:44 ovzhost sshd[1247]: message repeated 2 times: [ Failed password for root from 43.255.190.190 port 49497 ssh2]
Apr 12 08:56:44 ovzhost sshd[1247]: Received disconnect from 43.255.190.190: 11:  [preauth]
Apr 12 08:56:44 ovzhost sshd[1247]: PAM 2 more authentication failures; logname= uid=0 euid=0 tty=ssh ruser= rhost=43.255.190.190  user=root
Apr 12 08:56:45 ovzhost sshd[1253]: pam_unix(sshd:auth): authentication failure; logname= uid=0 euid=0 tty=ssh ruser= rhost=43.255.190.190  user=root
Apr 12 08:56:44 ovzhost sshd[1249]: message repeated 2 times: [ Failed password for root from 43.255.190.190 port 50351 ssh2]
Apr 12 08:56:45 ovzhost sshd[1249]: Received disconnect from 43.255.190.190: 11:  [preauth]
Apr 12 08:56:45 ovzhost sshd[1249]: PAM 2 more authentication failures; logname= uid=0 euid=0 tty=ssh ruser= rhost=43.255.190.190  user=root
Apr 12 08:56:45 ovzhost sshd[1251]: Failed password for root from 43.255.190.171 port 35597 ssh2
Apr 12 08:56:45 ovzhost sshd[1255]: pam_unix(sshd:auth): authentication failure; logname= uid=0 euid=0 tty=ssh ruser= rhost=43.255.190.190  user=root
Apr 12 08:56:46 ovzhost sshd[1253]: Failed password for root from 43.255.190.190 port 35550 ssh2
Apr 12 08:56:47 ovzhost sshd[1255]: Failed password for root from 43.255.190.190 port 36925 ssh2
Apr 12 08:56:48 ovzhost sshd[1251]: message repeated 2 times: [ Failed password for root from 43.255.190.171 port 35597 ssh2]
Apr 12 08:56:48 ovzhost sshd[1251]: Received disconnect from 43.255.190.171: 11:  [preauth]
Apr 12 08:56:48 ovzhost sshd[1251]: PAM 2 more authentication failures; logname= uid=0 euid=0 tty=ssh ruser= rhost=43.255.190.171  user=root
Apr 12 08:56:49 ovzhost sshd[1257]: pam_unix(sshd:auth): authentication failure; logname= uid=0 euid=0 tty=ssh ruser= rhost=43.255.190.171  user=root
Apr 12 08:56:51 ovzhost sshd[1255]: message repeated 2 times: [ Failed password for root from 43.255.190.190 port 36925 ssh2]
Apr 12 08:56:51 ovzhost sshd[1255]: Received disconnect from 43.255.190.190: 11:  [preauth]
Apr 12 08:56:51 ovzhost sshd[1255]: PAM 2 more authentication failures; logname= uid=0 euid=0 tty=ssh ruser= rhost=43.255.190.190  user=root
Apr 12 08:56:51 ovzhost sshd[1253]: message repeated 2 times: [ Failed password for root from 43.255.190.190 port 35550 ssh2]
Apr 12 08:56:51 ovzhost sshd[1253]: Received disconnect from 43.255.190.190: 11:  [preauth]
Apr 12 08:56:51 ovzhost sshd[1253]: PAM 2 more authentication failures; logname= uid=0 euid=0 tty=ssh ruser= rhost=43.255.190.190  user=root
Apr 12 08:56:51 ovzhost sshd[1257]: Failed password for root from 43.255.190.171 port 49421 ssh2
Apr 12 08:56:51 ovzhost sshd[1260]: pam_unix(sshd:auth): authentication failure; logname= uid=0 euid=0 tty=ssh ruser= rhost=43.255.190.190  user=root
Apr 12 08:56:52 ovzhost sshd[1262]: pam_unix(sshd:auth): authentication failure; logname= uid=0 euid=0 tty=ssh ruser= rhost=43.255.190.190  user=root
Apr 12 08:56:53 ovzhost sshd[1262]: Failed password for root from 43.255.190.190 port 52214 ssh2
Apr 12 08:56:54 ovzhost sshd[1260]: Failed password for root from 43.255.190.190 port 51488 ssh2
Apr 12 08:56:55 ovzhost sshd[1257]: message repeated 2 times: [ Failed password for root from 43.255.190.171 port 49421 ssh2]
Apr 12 08:56:55 ovzhost sshd[1257]: Received disconnect from 43.255.190.171: 11:  [preauth]
Apr 12 08:56:55 ovzhost sshd[1257]: PAM 2 more authentication failures; logname= uid=0 euid=0 tty=ssh ruser= rhost=43.255.190.171  user=root
Apr 12 08:56:56 ovzhost sshd[1264]: pam_unix(sshd:auth): authentication failure; logname= uid=0 euid=0 tty=ssh ruser= rhost=43.255.190.171  user=root
Apr 12 08:56:57 ovzhost sshd[1262]: message repeated 2 times: [ Failed password for root from 43.255.190.190 port 52214 ssh2]
Apr 12 08:56:57 ovzhost sshd[1262]: Received disconnect from 43.255.190.190: 11:  [preauth]
Apr 12 08:56:57 ovzhost sshd[1262]: PAM 2 more authentication failures; logname= uid=0 euid=0 tty=ssh ruser= rhost=43.255.190.190  user=root
Apr 12 08:56:57 ovzhost sshd[1260]: message repeated 2 times: [ Failed password for root from 43.255.190.190 port 51488 ssh2]
Apr 12 08:56:57 ovzhost sshd[1260]: Received disconnect from 43.255.190.190: 11:  [preauth]
Apr 12 08:56:57 ovzhost sshd[1260]: PAM 2 more authentication failures; logname= uid=0 euid=0 tty=ssh ruser= rhost=43.255.190.190  user=root
Apr 12 08:56:57 ovzhost sshd[1266]: pam_unix(sshd:auth): authentication failure; logname= uid=0 euid=0 tty=ssh ruser= rhost=43.255.190.190  user=root
Apr 12 08:56:57 ovzhost sshd[1268]: pam_unix(sshd:auth): authentication failure; logname= uid=0 euid=0 tty=ssh ruser= rhost=43.255.190.190  user=root
Apr 12 08:56:58 ovzhost sshd[1264]: Failed password for root from 43.255.190.171 port 36134 ssh2
Apr 12 08:56:59 ovzhost sshd[1266]: Failed password for root from 43.255.190.190 port 36364 ssh2
Apr 12 08:57:00 ovzhost sshd[1268]: Failed password for root from 43.255.190.190 port 36737 ssh2
Apr 12 08:57:02 ovzhost sshd[1264]: message repeated 2 times: [ Failed password for root from 43.255.190.171 port 36134 ssh2]
Apr 12 08:57:02 ovzhost sshd[1264]: Received disconnect from 43.255.190.171: 11:  [preauth]
Apr 12 08:57:02 ovzhost sshd[1264]: PAM 2 more authentication failures; logname= uid=0 euid=0 tty=ssh ruser= rhost=43.255.190.171  user=root
Apr 12 08:57:02 ovzhost sshd[1271]: pam_unix(sshd:auth): authentication failure; logname= uid=0 euid=0 tty=ssh ruser= rhost=43.255.190.171  user=root
Apr 12 08:57:03 ovzhost sshd[1266]: message repeated 2 times: [ Failed password for root from 43.255.190.190 port 36364 ssh2]
Apr 12 08:57:03 ovzhost sshd[1266]: Received disconnect from 43.255.190.190: 11:  [preauth]
Apr 12 08:57:03 ovzhost sshd[1266]: PAM 2 more authentication failures; logname= uid=0 euid=0 tty=ssh ruser= rhost=43.255.190.190  user=root
Apr 12 08:57:03 ovzhost sshd[1273]: pam_unix(sshd:auth): authentication failure; logname= uid=0 euid=0 tty=ssh ruser= rhost=43.255.190.190  user=root
Apr 12 08:57:03 ovzhost sshd[1268]: message repeated 2 times: [ Failed password for root from 43.255.190.190 port 36737 ssh2]
Apr 12 08:57:03 ovzhost sshd[1268]: Received disconnect from 43.255.190.190: 11:  [preauth]
Apr 12 08:57:03 ovzhost sshd[1268]: PAM 2 more authentication failures; logname= uid=0 euid=0 tty=ssh ruser= rhost=43.255.190.190  user=root
Apr 12 08:57:04 ovzhost sshd[1275]: pam_unix(sshd:auth): authentication failure; logname= uid=0 euid=0 tty=ssh ruser= rhost=43.255.190.190  user=root
Apr 12 08:57:04 ovzhost sshd[1271]: Failed password for root from 43.255.190.171 port 49289 ssh2
Apr 12 08:57:06 ovzhost sshd[1273]: Failed password for root from 43.255.190.190 port 47611 ssh2
Apr 12 08:57:06 ovzhost sshd[1275]: Failed password for root from 43.255.190.190 port 49008 ssh2
Apr 12 08:57:08 ovzhost sshd[1271]: message repeated 2 times: [ Failed password for root from 43.255.190.171 port 49289 ssh2]
Apr 12 08:57:08 ovzhost sshd[1271]: Received disconnect from 43.255.190.171: 11:  [preauth]
Apr 12 08:57:08 ovzhost sshd[1271]: PAM 2 more authentication failures; logname= uid=0 euid=0 tty=ssh ruser= rhost=43.255.190.171  user=root
Apr 12 08:57:08 ovzhost sshd[1277]: pam_unix(sshd:auth): authentication failure; logname= uid=0 euid=0 tty=ssh ruser= rhost=43.255.190.171  user=root
Apr 12 08:57:09 ovzhost sshd[1273]: message repeated 2 times: [ Failed password for root from 43.255.190.190 port 47611 ssh2]
Apr 12 08:57:09 ovzhost sshd[1273]: Received disconnect from 43.255.190.190: 11:  [preauth]
Apr 12 08:57:09 ovzhost sshd[1273]: PAM 2 more authentication failures; logname= uid=0 euid=0 tty=ssh ruser= rhost=43.255.190.190  user=root
Apr 12 08:57:09 ovzhost sshd[1279]: pam_unix(sshd:auth): authentication failure; logname= uid=0 euid=0 tty=ssh ruser= rhost=43.255.190.190  user=root
Apr 12 08:57:10 ovzhost sshd[1275]: message repeated 2 times: [ Failed password for root from 43.255.190.190 port 49008 ssh2]
Apr 12 08:57:10 ovzhost sshd[1275]: Received disconnect from 43.255.190.190: 11:  [preauth]
Apr 12 08:57:10 ovzhost sshd[1275]: PAM 2 more authentication failures; logname= uid=0 euid=0 tty=ssh ruser= rhost=43.255.190.190  user=root
Apr 12 08:57:11 ovzhost sshd[1281]: pam_unix(sshd:auth): authentication failure; logname= uid=0 euid=0 tty=ssh ruser= rhost=43.255.190.190  user=root
Apr 12 08:57:11 ovzhost sshd[1277]: Failed password for root from 43.255.190.171 port 33535 ssh2
Apr 12 08:57:12 ovzhost sshd[1279]: Failed password for root from 43.255.190.190 port 59762 ssh2
Apr 12 08:57:12 ovzhost sshd[1281]: Failed password for root from 43.255.190.190 port 34011 ssh2
Apr 12 08:57:14 ovzhost sshd[1277]: message repeated 2 times: [ Failed password for root from 43.255.190.171 port 33535 ssh2]
Apr 12 08:57:14 ovzhost sshd[1277]: Received disconnect from 43.255.190.171: 11:  [preauth]
Apr 12 08:57:14 ovzhost sshd[1277]: PAM 2 more authentication failures; logname= uid=0 euid=0 tty=ssh ruser= rhost=43.255.190.171  user=root
Apr 12 08:57:15 ovzhost sshd[1283]: pam_unix(sshd:auth): authentication failure; logname= uid=0 euid=0 tty=ssh ruser= rhost=43.255.190.171  user=root
Apr 12 08:57:15 ovzhost sshd[1279]: message repeated 2 times: [ Failed password for root from 43.255.190.190 port 59762 ssh2]
Apr 12 08:57:15 ovzhost sshd[1279]: Received disconnect from 43.255.190.190: 11:  [preauth]
Apr 12 08:57:15 ovzhost sshd[1279]: PAM 2 more authentication failures; logname= uid=0 euid=0 tty=ssh ruser= rhost=43.255.190.190  user=root
Apr 12 08:57:16 ovzhost sshd[1281]: message repeated 2 times: [ Failed password for root from 43.255.190.190 port 34011 ssh2]
Apr 12 08:57:16 ovzhost sshd[1281]: Received disconnect from 43.255.190.190: 11:  [preauth]
Apr 12 08:57:16 ovzhost sshd[1281]: PAM 2 more authentication failures; logname= uid=0 euid=0 tty=ssh ruser= rhost=43.255.190.190  user=root
Apr 12 08:57:16 ovzhost sshd[1285]: pam_unix(sshd:auth): authentication failure; logname= uid=0 euid=0 tty=ssh ruser= rhost=43.255.190.190  user=root
Apr 12 08:57:16 ovzhost sshd[1287]: pam_unix(sshd:auth): authentication failure; logname= uid=0 euid=0 tty=ssh ruser= rhost=43.255.190.190  user=root
Apr 12 08:57:17 ovzhost sshd[1283]: Failed password for root from 43.255.190.171 port 47894 ssh2
Apr 12 08:57:18 ovzhost sshd[1285]: Failed password for root from 43.255.190.190 port 47658 ssh2
Apr 12 08:57:18 ovzhost sshd[1287]: Failed password for root from 43.255.190.190 port 48434 ssh2
Apr 12 08:57:20 ovzhost sshd[1283]: message repeated 2 times: [ Failed password for root from 43.255.190.171 port 47894 ssh2]
Apr 12 08:57:20 ovzhost sshd[1283]: Received disconnect from 43.255.190.171: 11:  [preauth]
Apr 12 08:57:20 ovzhost sshd[1283]: PAM 2 more authentication failures; logname= uid=0 euid=0 tty=ssh ruser= rhost=43.255.190.171  user=root
Apr 12 08:57:20 ovzhost sshd[1289]: pam_unix(sshd:auth): authentication failure; logname= uid=0 euid=0 tty=ssh ruser= rhost=43.255.190.171  user=root
Apr 12 08:57:22 ovzhost sshd[1285]: message repeated 2 times: [ Failed password for root from 43.255.190.190 port 47658 ssh2]
Apr 12 08:57:22 ovzhost sshd[1285]: Received disconnect from 43.255.190.190: 11:  [preauth]
Apr 12 08:57:22 ovzhost sshd[1285]: PAM 2 more authentication failures; logname= uid=0 euid=0 tty=ssh ruser= rhost=43.255.190.190  user=root
Apr 12 08:57:22 ovzhost sshd[1289]: Failed password for root from 43.255.190.171 port 33202 ssh2
Apr 12 08:57:22 ovzhost sshd[1291]: pam_unix(sshd:auth): authentication failure; logname= uid=0 euid=0 tty=ssh ruser= rhost=43.255.190.190  user=root
Apr 12 08:57:23 ovzhost sshd[1287]: message repeated 2 times: [ Failed password for root from 43.255.190.190 port 48434 ssh2]
Apr 12 08:57:23 ovzhost sshd[1287]: Received disconnect from 43.255.190.190: 11:  [preauth]
Apr 12 08:57:23 ovzhost sshd[1287]: PAM 2 more authentication failures; logname= uid=0 euid=0 tty=ssh ruser= rhost=43.255.190.190  user=root
Apr 12 08:57:24 ovzhost sshd[1294]: pam_unix(sshd:auth): authentication failure; logname= uid=0 euid=0 tty=ssh ruser= rhost=43.255.190.190  user=root
Apr 12 08:57:25 ovzhost sshd[1291]: Failed password for root from 43.255.190.190 port 34510 ssh2
Apr 12 08:57:25 ovzhost sshd[1294]: Failed password for root from 43.255.190.190 port 37591 ssh2
Apr 12 08:57:27 ovzhost sshd[1289]: message repeated 2 times: [ Failed password for root from 43.255.190.171 port 33202 ssh2]
Apr 12 08:57:27 ovzhost sshd[1289]: Received disconnect from 43.255.190.171: 11:  [preauth]
Apr 12 08:57:27 ovzhost sshd[1289]: PAM 2 more authentication failures; logname= uid=0 euid=0 tty=ssh ruser= rhost=43.255.190.171  user=root
Apr 12 08:57:27 ovzhost sshd[1296]: pam_unix(sshd:auth): authentication failure; logname= uid=0 euid=0 tty=ssh ruser= rhost=43.255.190.171  user=root
Apr 12 08:57:29 ovzhost sshd[1291]: message repeated 2 times: [ Failed password for root from 43.255.190.190 port 34510 ssh2]
Apr 12 08:57:29 ovzhost sshd[1291]: Received disconnect from 43.255.190.190: 11:  [preauth]
Apr 12 08:57:29 ovzhost sshd[1291]: PAM 2 more authentication failures; logname= uid=0 euid=0 tty=ssh ruser= rhost=43.255.190.190  user=root
Apr 12 08:57:29 ovzhost sshd[1294]: message repeated 2 times: [ Failed password for root from 43.255.190.190 port 37591 ssh2]
Apr 12 08:57:29 ovzhost sshd[1294]: Received disconnect from 43.255.190.190: 11:  [preauth]
Apr 12 08:57:29 ovzhost sshd[1294]: PAM 2 more authentication failures; logname= uid=0 euid=0 tty=ssh ruser= rhost=43.255.190.190  user=root
Apr 12 08:57:30 ovzhost sshd[1296]: Failed password for root from 43.255.190.171 port 48723 ssh2
Apr 12 08:57:30 ovzhost sshd[1298]: pam_unix(sshd:auth): authentication failure; logname= uid=0 euid=0 tty=ssh ruser= rhost=43.255.190.190  user=root
Apr 12 08:57:30 ovzhost sshd[1300]: pam_unix(sshd:auth): authentication failure; logname= uid=0 euid=0 tty=ssh ruser= rhost=43.255.190.190  user=root
Apr 12 08:57:31 ovzhost sshd[1298]: Failed password for root from 43.255.190.190 port 51800 ssh2
Apr 12 08:57:32 ovzhost sshd[1300]: Failed password for root from 43.255.190.190 port 52457 ssh2
Apr 12 08:57:33 ovzhost sshd[1296]: message repeated 2 times: [ Failed password for root from 43.255.190.171 port 48723 ssh2]
Apr 12 08:57:34 ovzhost sshd[1296]: Received disconnect from 43.255.190.171: 11:  [preauth]
Apr 12 08:57:34 ovzhost sshd[1296]: PAM 2 more authentication failures; logname= uid=0 euid=0 tty=ssh ruser= rhost=43.255.190.171  user=root
Apr 12 08:57:34 ovzhost sshd[1302]: pam_unix(sshd:auth): authentication failure; logname= uid=0 euid=0 tty=ssh ruser= rhost=43.255.190.171  user=root
Apr 12 08:57:36 ovzhost sshd[1298]: message repeated 2 times: [ Failed password for root from 43.255.190.190 port 51800 ssh2]
Apr 12 08:57:36 ovzhost sshd[1298]: Received disconnect from 43.255.190.190: 11:  [preauth]
Apr 12 08:57:36 ovzhost sshd[1298]: PAM 2 more authentication failures; logname= uid=0 euid=0 tty=ssh ruser= rhost=43.255.190.190  user=root
Apr 12 08:57:36 ovzhost sshd[1300]: message repeated 2 times: [ Failed password for root from 43.255.190.190 port 52457 ssh2]
Apr 12 08:57:36 ovzhost sshd[1300]: Received disconnect from 43.255.190.190: 11:  [preauth]
Apr 12 08:57:36 ovzhost sshd[1300]: PAM 2 more authentication failures; logname= uid=0 euid=0 tty=ssh ruser= rhost=43.255.190.190  user=root
Apr 12 08:57:37 ovzhost sshd[1302]: Failed password for root from 43.255.190.171 port 36171 ssh2
Apr 12 08:57:37 ovzhost sshd[1304]: pam_unix(sshd:auth): authentication failure; logname= uid=0 euid=0 tty=ssh ruser= rhost=43.255.190.190  user=root
Apr 12 08:57:37 ovzhost sshd[1306]: pam_unix(sshd:auth): authentication failure; logname= uid=0 euid=0 tty=ssh ruser= rhost=43.255.190.190  user=root
Apr 12 08:57:38 ovzhost sshd[1304]: Failed password for root from 43.255.190.190 port 40189 ssh2
Apr 12 08:57:38 ovzhost sshd[1306]: Failed password for root from 43.255.190.190 port 40223 ssh2
Apr 12 08:57:41 ovzhost sshd[1302]: message repeated 2 times: [ Failed password for root from 43.255.190.171 port 36171 ssh2]
Apr 12 08:57:41 ovzhost sshd[1302]: Received disconnect from 43.255.190.171: 11:  [preauth]
Apr 12 08:57:41 ovzhost sshd[1302]: PAM 2 more authentication failures; logname= uid=0 euid=0 tty=ssh ruser= rhost=43.255.190.171  user=root
Apr 12 08:57:41 ovzhost sshd[1308]: pam_unix(sshd:auth): authentication failure; logname= uid=0 euid=0 tty=ssh ruser= rhost=43.255.190.171  user=root
Apr 12 08:57:42 ovzhost sshd[1304]: message repeated 2 times: [ Failed password for root from 43.255.190.190 port 40189 ssh2]
Apr 12 08:57:42 ovzhost sshd[1304]: Received disconnect from 43.255.190.190: 11:  [preauth]
Apr 12 08:57:42 ovzhost sshd[1304]: PAM 2 more authentication failures; logname= uid=0 euid=0 tty=ssh ruser= rhost=43.255.190.190  user=root
Apr 12 08:57:42 ovzhost sshd[1306]: message repeated 2 times: [ Failed password for root from 43.255.190.190 port 40223 ssh2]
Apr 12 08:57:42 ovzhost sshd[1306]: Received disconnect from 43.255.190.190: 11:  [preauth]
Apr 12 08:57:42 ovzhost sshd[1306]: PAM 2 more authentication failures; logname= uid=0 euid=0 tty=ssh ruser= rhost=43.255.190.190  user=root
Apr 12 08:57:43 ovzhost sshd[1310]: pam_unix(sshd:auth): authentication failure; logname= uid=0 euid=0 tty=ssh ruser= rhost=43.255.190.190  user=root
Apr 12 08:57:43 ovzhost sshd[1308]: Failed password for root from 43.255.190.171 port 53581 ssh2
Apr 12 08:57:43 ovzhost sshd[1312]: pam_unix(sshd:auth): authentication failure; logname= uid=0 euid=0 tty=ssh ruser= rhost=43.255.190.190  user=root
Apr 12 08:57:45 ovzhost sshd[1310]: Failed password for root from 43.255.190.190 port 54100 ssh2
Apr 12 08:57:45 ovzhost sshd[1312]: Failed password for root from 43.255.190.190 port 54169 ssh2
Apr 12 08:57:47 ovzhost sshd[1308]: message repeated 2 times: [ Failed password for root from 43.255.190.171 port 53581 ssh2]
Apr 12 08:57:48 ovzhost sshd[1308]: Received disconnect from 43.255.190.171: 11:  [preauth]
Apr 12 08:57:48 ovzhost sshd[1308]: PAM 2 more authentication failures; logname= uid=0 euid=0 tty=ssh ruser= rhost=43.255.190.171  user=root
Apr 12 08:57:48 ovzhost sshd[1314]: pam_unix(sshd:auth): authentication failure; logname= uid=0 euid=0 tty=ssh ruser= rhost=43.255.190.171  user=root
Apr 12 08:57:49 ovzhost sshd[1310]: message repeated 2 times: [ Failed password for root from 43.255.190.190 port 54100 ssh2]
Apr 12 08:57:49 ovzhost sshd[1310]: Received disconnect from 43.255.190.190: 11:  [preauth]
Apr 12 08:57:49 ovzhost sshd[1310]: PAM 2 more authentication failures; logname= uid=0 euid=0 tty=ssh ruser= rhost=43.255.190.190  user=root
Apr 12 08:57:49 ovzhost sshd[1312]: message repeated 2 times: [ Failed password for root from 43.255.190.190 port 54169 ssh2]
Apr 12 08:57:49 ovzhost sshd[1312]: Received disconnect from 43.255.190.190: 11:  [preauth]
Apr 12 08:57:49 ovzhost sshd[1312]: PAM 2 more authentication failures; logname= uid=0 euid=0 tty=ssh ruser= rhost=43.255.190.190  user=root
Apr 12 08:57:50 ovzhost sshd[1314]: Failed password for root from 43.255.190.171 port 43786 ssh2
Apr 12 08:57:50 ovzhost sshd[1316]: pam_unix(sshd:auth): authentication failure; logname= uid=0 euid=0 tty=ssh ruser= rhost=43.255.190.190  user=root
Apr 12 08:57:50 ovzhost sshd[1318]: pam_unix(sshd:auth): authentication failure; logname= uid=0 euid=0 tty=ssh ruser= rhost=43.255.190.190  user=root
Apr 12 08:57:52 ovzhost sshd[1316]: Failed password for root from 43.255.190.190 port 41743 ssh2
Apr 12 08:57:52 ovzhost sshd[1318]: Failed password for root from 43.255.190.190 port 41811 ssh2
Apr 12 08:57:54 ovzhost sshd[1314]: message repeated 2 times: [ Failed password for root from 43.255.190.171 port 43786 ssh2]
Apr 12 08:57:54 ovzhost sshd[1314]: Received disconnect from 43.255.190.171: 11:  [preauth]
Apr 12 08:57:54 ovzhost sshd[1314]: PAM 2 more authentication failures; logname= uid=0 euid=0 tty=ssh ruser= rhost=43.255.190.171  user=root
Apr 12 08:57:55 ovzhost sshd[1321]: pam_unix(sshd:auth): authentication failure; logname= uid=0 euid=0 tty=ssh ruser= rhost=43.255.190.171  user=root
Apr 12 08:57:56 ovzhost sshd[1316]: message repeated 2 times: [ Failed password for root from 43.255.190.190 port 41743 ssh2]
Apr 12 08:57:56 ovzhost sshd[1316]: Received disconnect from 43.255.190.190: 11:  [preauth]
Apr 12 08:57:56 ovzhost sshd[1316]: PAM 2 more authentication failures; logname= uid=0 euid=0 tty=ssh ruser= rhost=43.255.190.190  user=root
Apr 12 08:57:57 ovzhost sshd[1318]: message repeated 2 times: [ Failed password for root from 43.255.190.190 port 41811 ssh2]
Apr 12 08:57:57 ovzhost sshd[1318]: Received disconnect from 43.255.190.190: 11:  [preauth]
Apr 12 08:57:57 ovzhost sshd[1318]: PAM 2 more authentication failures; logname= uid=0 euid=0 tty=ssh ruser= rhost=43.255.190.190  user=root
Apr 12 08:57:57 ovzhost sshd[1321]: Failed password for root from 43.255.190.171 port 33322 ssh2
Apr 12 08:57:57 ovzhost sshd[1323]: pam_unix(sshd:auth): authentication failure; logname= uid=0 euid=0 tty=ssh ruser= rhost=43.255.190.190  user=root
Apr 12 08:57:57 ovzhost sshd[1325]: pam_unix(sshd:auth): authentication failure; logname= uid=0 euid=0 tty=ssh ruser= rhost=43.255.190.190  user=root
Apr 12 08:57:59 ovzhost sshd[1323]: Failed password for root from 43.255.190.190 port 56742 ssh2
Apr 12 08:58:00 ovzhost sshd[1325]: Failed password for root from 43.255.190.190 port 58134 ssh2
Apr 12 08:58:01 ovzhost sshd[1321]: message repeated 2 times: [ Failed password for root from 43.255.190.171 port 33322 ssh2]
Apr 12 08:58:01 ovzhost sshd[1321]: Received disconnect from 43.255.190.171: 11:  [preauth]
Apr 12 08:58:01 ovzhost sshd[1321]: PAM 2 more authentication failures; logname= uid=0 euid=0 tty=ssh ruser= rhost=43.255.190.171  user=root
Apr 12 08:58:01 ovzhost sshd[1327]: pam_unix(sshd:auth): authentication failure; logname= uid=0 euid=0 tty=ssh ruser= rhost=43.255.190.171  user=root
Apr 12 08:58:03 ovzhost sshd[1323]: message repeated 2 times: [ Failed password for root from 43.255.190.190 port 56742 ssh2]
Apr 12 08:58:03 ovzhost sshd[1323]: Received disconnect from 43.255.190.190: 11:  [preauth]
Apr 12 08:58:03 ovzhost sshd[1323]: PAM 2 more authentication failures; logname= uid=0 euid=0 tty=ssh ruser= rhost=43.255.190.190  user=root
Apr 12 08:58:03 ovzhost sshd[1325]: message repeated 2 times: [ Failed password for root from 43.255.190.190 port 58134 ssh2]
Apr 12 08:58:03 ovzhost sshd[1325]: Received disconnect from 43.255.190.190: 11:  [preauth]
Apr 12 08:58:03 ovzhost sshd[1325]: PAM 2 more authentication failures; logname= uid=0 euid=0 tty=ssh ruser= rhost=43.255.190.190  user=root
Apr 12 08:58:03 ovzhost sshd[1327]: Failed password for root from 43.255.190.171 port 50635 ssh2
Apr 12 08:58:04 ovzhost sshd[1329]: pam_unix(sshd:auth): authentication failure; logname= uid=0 euid=0 tty=ssh ruser= rhost=43.255.190.190  user=root
Apr 12 08:58:04 ovzhost sshd[1331]: pam_unix(sshd:auth): authentication failure; logname= uid=0 euid=0 tty=ssh ruser= rhost=43.255.190.190  user=root
Apr 12 08:58:06 ovzhost sshd[1329]: Failed password for root from 43.255.190.190 port 44023 ssh2
Apr 12 08:58:07 ovzhost sshd[1331]: Failed password for root from 43.255.190.190 port 44959 ssh2
Apr 12 08:58:08 ovzhost sshd[1327]: message repeated 2 times: [ Failed password for root from 43.255.190.171 port 50635 ssh2]
Apr 12 08:58:08 ovzhost sshd[1327]: Received disconnect from 43.255.190.171: 11:  [preauth]
Apr 12 08:58:08 ovzhost sshd[1327]: PAM 2 more authentication failures; logname= uid=0 euid=0 tty=ssh ruser= rhost=43.255.190.171  user=root
Apr 12 08:58:08 ovzhost sshd[1335]: pam_unix(sshd:auth): authentication failure; logname= uid=0 euid=0 tty=ssh ruser= rhost=43.255.190.171  user=root
Apr 12 08:58:10 ovzhost sshd[1335]: Failed password for root from 43.255.190.171 port 40415 ssh2
Apr 12 08:58:10 ovzhost sshd[1329]: message repeated 2 times: [ Failed password for root from 43.255.190.190 port 44023 ssh2]
Apr 12 08:58:10 ovzhost sshd[1329]: Received disconnect from 43.255.190.190: 11:  [preauth]
Apr 12 08:58:10 ovzhost sshd[1329]: PAM 2 more authentication failures; logname= uid=0 euid=0 tty=ssh ruser= rhost=43.255.190.190  user=root
Apr 12 08:58:11 ovzhost sshd[1337]: pam_unix(sshd:auth): authentication failure; logname= uid=0 euid=0 tty=ssh ruser= rhost=43.255.190.190  user=root
Apr 12 08:58:11 ovzhost sshd[1331]: message repeated 2 times: [ Failed password for root from 43.255.190.190 port 44959 ssh2]
Apr 12 08:58:11 ovzhost sshd[1331]: Received disconnect from 43.255.190.190: 11:  [preauth]
Apr 12 08:58:11 ovzhost sshd[1331]: PAM 2 more authentication failures; logname= uid=0 euid=0 tty=ssh ruser= rhost=43.255.190.190  user=root
Apr 12 08:58:12 ovzhost sshd[1339]: pam_unix(sshd:auth): authentication failure; logname= uid=0 euid=0 tty=ssh ruser= rhost=43.255.190.190  user=root
Apr 12 08:58:13 ovzhost sshd[1337]: Failed password for root from 43.255.190.190 port 60698 ssh2
Apr 12 08:58:13 ovzhost sshd[1339]: Failed password for root from 43.255.190.190 port 33602 ssh2
Apr 12 08:58:14 ovzhost sshd[1335]: message repeated 2 times: [ Failed password for root from 43.255.190.171 port 40415 ssh2]
Apr 12 08:58:14 ovzhost sshd[1335]: Received disconnect from 43.255.190.171: 11:  [preauth]
Apr 12 08:58:14 ovzhost sshd[1335]: PAM 2 more authentication failures; logname= uid=0 euid=0 tty=ssh ruser= rhost=43.255.190.171  user=root
Apr 12 08:58:15 ovzhost sshd[1341]: pam_unix(sshd:auth): authentication failure; logname= uid=0 euid=0 tty=ssh ruser= rhost=43.255.190.171  user=root
Apr 12 08:58:16 ovzhost sshd[1337]: message repeated 2 times: [ Failed password for root from 43.255.190.190 port 60698 ssh2]
Apr 12 08:58:17 ovzhost sshd[1337]: Received disconnect from 43.255.190.190: 11:  [preauth]
Apr 12 08:58:17 ovzhost sshd[1337]: PAM 2 more authentication failures; logname= uid=0 euid=0 tty=ssh ruser= rhost=43.255.190.190  user=root
Apr 12 08:58:17 ovzhost sshd[1341]: Failed password for root from 43.255.190.171 port 58465 ssh2
Apr 12 08:58:17 ovzhost sshd[1339]: message repeated 2 times: [ Failed password for root from 43.255.190.190 port 33602 ssh2]
Apr 12 08:58:17 ovzhost sshd[1339]: Received disconnect from 43.255.190.190: 11:  [preauth]
Apr 12 08:58:17 ovzhost sshd[1339]: PAM 2 more authentication failures; logname= uid=0 euid=0 tty=ssh ruser= rhost=43.255.190.190  user=root
Apr 12 08:58:17 ovzhost sshd[1343]: pam_unix(sshd:auth): authentication failure; logname= uid=0 euid=0 tty=ssh ruser= rhost=43.255.190.190  user=root
Apr 12 08:58:18 ovzhost sshd[1345]: pam_unix(sshd:auth): authentication failure; logname= uid=0 euid=0 tty=ssh ruser= rhost=43.255.190.190  user=root
Apr 12 08:58:19 ovzhost sshd[1343]: Failed password for root from 43.255.190.190 port 46620 ssh2
Apr 12 08:58:20 ovzhost sshd[1345]: Failed password for root from 43.255.190.190 port 47877 ssh2
Apr 12 08:58:21 ovzhost sshd[1341]: message repeated 2 times: [ Failed password for root from 43.255.190.171 port 58465 ssh2]
Apr 12 08:58:21 ovzhost sshd[1341]: Received disconnect from 43.255.190.171: 11:  [preauth]
Apr 12 08:58:21 ovzhost sshd[1341]: PAM 2 more authentication failures; logname= uid=0 euid=0 tty=ssh ruser= rhost=43.255.190.171  user=root
Apr 12 08:58:22 ovzhost sshd[1347]: pam_unix(sshd:auth): authentication failure; logname= uid=0 euid=0 tty=ssh ruser= rhost=43.255.190.171  user=root
Apr 12 08:58:23 ovzhost sshd[1343]: message repeated 2 times: [ Failed password for root from 43.255.190.190 port 46620 ssh2]
Apr 12 08:58:23 ovzhost sshd[1343]: Received disconnect from 43.255.190.190: 11:  [preauth]
Apr 12 08:58:23 ovzhost sshd[1343]: PAM 2 more authentication failures; logname= uid=0 euid=0 tty=ssh ruser= rhost=43.255.190.190  user=root
Apr 12 08:58:24 ovzhost sshd[1347]: Failed password for root from 43.255.190.171 port 48707 ssh2
Apr 12 08:58:24 ovzhost sshd[1345]: message repeated 2 times: [ Failed password for root from 43.255.190.190 port 47877 ssh2]
Apr 12 08:58:24 ovzhost sshd[1345]: Received disconnect from 43.255.190.190: 11:  [preauth]
Apr 12 08:58:24 ovzhost sshd[1345]: PAM 2 more authentication failures; logname= uid=0 euid=0 tty=ssh ruser= rhost=43.255.190.190  user=root
Apr 12 08:58:24 ovzhost sshd[1353]: pam_unix(sshd:auth): authentication failure; logname= uid=0 euid=0 tty=ssh ruser= rhost=43.255.190.190  user=root
Apr 12 08:58:26 ovzhost sshd[1353]: Failed password for root from 43.255.190.190 port 33415 ssh2
Apr 12 08:58:27 ovzhost sshd[1347]: message repeated 2 times: [ Failed password for root from 43.255.190.171 port 48707 ssh2]
Apr 12 08:58:27 ovzhost sshd[1347]: Received disconnect from 43.255.190.171: 11:  [preauth]
Apr 12 08:58:27 ovzhost sshd[1347]: PAM 2 more authentication failures; logname= uid=0 euid=0 tty=ssh ruser= rhost=43.255.190.171  user=root
Apr 12 08:58:28 ovzhost sshd[1355]: pam_unix(sshd:auth): authentication failure; logname= uid=0 euid=0 tty=ssh ruser= rhost=43.255.190.171  user=root
Apr 12 08:58:30 ovzhost sshd[1353]: message repeated 2 times: [ Failed password for root from 43.255.190.190 port 33415 ssh2]
Apr 12 08:58:30 ovzhost sshd[1353]: Received disconnect from 43.255.190.190: 11:  [preauth]
Apr 12 08:58:30 ovzhost sshd[1353]: PAM 2 more authentication failures; logname= uid=0 euid=0 tty=ssh ruser= rhost=43.255.190.190  user=root
Apr 12 08:58:30 ovzhost sshd[1355]: Failed password for root from 43.255.190.171 port 36763 ssh2
Apr 12 08:58:34 ovzhost sshd[1355]: message repeated 2 times: [ Failed password for root from 43.255.190.171 port 36763 ssh2]
Apr 12 08:58:34 ovzhost sshd[1355]: Received disconnect from 43.255.190.171: 11:  [preauth]
Apr 12 08:58:34 ovzhost sshd[1355]: PAM 2 more authentication failures; logname= uid=0 euid=0 tty=ssh ruser= rhost=43.255.190.171  user=root
Apr 12 08:58:35 ovzhost sshd[1359]: pam_unix(sshd:auth): authentication failure; logname= uid=0 euid=0 tty=ssh ruser= rhost=43.255.190.171  user=root
Apr 12 08:58:37 ovzhost sshd[1359]: Failed password for root from 43.255.190.171 port 53528 ssh2
Apr 12 08:58:42 ovzhost sshd[1359]: message repeated 2 times: [ Failed password for root from 43.255.190.171 port 53528 ssh2]
Apr 12 08:58:42 ovzhost sshd[1359]: Received disconnect from 43.255.190.171: 11:  [preauth]
Apr 12 08:58:42 ovzhost sshd[1359]: PAM 2 more authentication failures; logname= uid=0 euid=0 tty=ssh ruser= rhost=43.255.190.171  user=root
Apr 12 08:58:43 ovzhost sshd[1361]: pam_unix(sshd:auth): authentication failure; logname= uid=0 euid=0 tty=ssh ruser= rhost=43.255.190.171  user=root
Apr 12 08:58:45 ovzhost sshd[1361]: Failed password for root from 43.255.190.171 port 43623 ssh2
Apr 12 08:58:49 ovzhost sshd[1361]: message repeated 2 times: [ Failed password for root from 43.255.190.171 port 43623 ssh2]
Apr 12 08:58:49 ovzhost sshd[1361]: Received disconnect from 43.255.190.171: 11:  [preauth]
Apr 12 08:58:49 ovzhost sshd[1361]: PAM 2 more authentication failures; logname= uid=0 euid=0 tty=ssh ruser= rhost=43.255.190.171  user=root
Apr 12 09:00:01 ovzhost CRON[1367]: pam_env(cron:session): Unable to open env file: /etc/default/locale: No such file or directory
Apr 12 09:00:01 ovzhost CRON[1367]: pam_unix(cron:session): session opened for user smmsp by (uid=0)
Apr 12 09:00:01 ovzhost CRON[1367]: pam_unix(cron:session): session closed for user smmsp
Apr 12 09:00:26 ovzhost sshd[1394]: Connection closed by 128.8.37.104 [preauth]
Apr 12 09:01:36 ovzhost sshd[1401]: Connection closed by 127.0.0.1 [preauth]
Apr 12 09:06:36 ovzhost sshd[1420]: Connection closed by 127.0.0.1 [preauth]
Apr 12 09:09:01 ovzhost CRON[1436]: pam_env(cron:session): Unable to open env file: /etc/default/locale: No such file or directory
Apr 12 09:09:01 ovzhost CRON[1437]: pam_env(cron:session): Unable to open env file: /etc/default/locale: No such file or directory
Apr 12 09:09:01 ovzhost CRON[1436]: pam_unix(cron:session): session opened for user root by (uid=0)
Apr 12 09:09:01 ovzhost CRON[1437]: pam_unix(cron:session): session opened for user root by (uid=0)
Apr 12 09:09:01 ovzhost CRON[1436]: pam_unix(cron:session): session closed for user root
Apr 12 09:09:01 ovzhost CRON[1437]: pam_unix(cron:session): session closed for user root
Apr 12 09:10:26 ovzhost sshd[1453]: Connection closed by 128.8.37.104 [preauth]
Apr 12 09:11:36 ovzhost sshd[1460]: Connection closed by 127.0.0.1 [preauth]
Apr 12 09:15:39 ovzhost sshd[1474]: pam_unix(sshd:auth): authentication failure; logname= uid=0 euid=0 tty=ssh ruser= rhost=43.255.190.152  user=root
Apr 12 09:15:40 ovzhost sshd[1474]: Failed password for root from 43.255.190.152 port 57305 ssh2
Apr 12 09:15:44 ovzhost sshd[1474]: message repeated 2 times: [ Failed password for root from 43.255.190.152 port 57305 ssh2]
Apr 12 09:15:44 ovzhost sshd[1474]: Received disconnect from 43.255.190.152: 11:  [preauth]
Apr 12 09:15:44 ovzhost sshd[1474]: PAM 2 more authentication failures; logname= uid=0 euid=0 tty=ssh ruser= rhost=43.255.190.152  user=root
Apr 12 09:15:44 ovzhost sshd[1476]: pam_unix(sshd:auth): authentication failure; logname= uid=0 euid=0 tty=ssh ruser= rhost=43.255.190.152  user=root
Apr 12 09:15:46 ovzhost sshd[1476]: Failed password for root from 43.255.190.152 port 42086 ssh2
Apr 12 09:15:50 ovzhost sshd[1476]: message repeated 2 times: [ Failed password for root from 43.255.190.152 port 42086 ssh2]
Apr 12 09:15:50 ovzhost sshd[1476]: Received disconnect from 43.255.190.152: 11:  [preauth]
Apr 12 09:15:50 ovzhost sshd[1476]: PAM 2 more authentication failures; logname= uid=0 euid=0 tty=ssh ruser= rhost=43.255.190.152  user=root
Apr 12 09:15:51 ovzhost sshd[1478]: pam_unix(sshd:auth): authentication failure; logname= uid=0 euid=0 tty=ssh ruser= rhost=43.255.190.152  user=root
Apr 12 09:15:52 ovzhost sshd[1478]: Failed password for root from 43.255.190.152 port 57828 ssh2
Apr 12 09:15:56 ovzhost sshd[1478]: message repeated 2 times: [ Failed password for root from 43.255.190.152 port 57828 ssh2]
Apr 12 09:15:56 ovzhost sshd[1478]: Received disconnect from 43.255.190.152: 11:  [preauth]
Apr 12 09:15:56 ovzhost sshd[1478]: PAM 2 more authentication failures; logname= uid=0 euid=0 tty=ssh ruser= rhost=43.255.190.152  user=root
Apr 12 09:15:56 ovzhost sshd[1480]: pam_unix(sshd:auth): authentication failure; logname= uid=0 euid=0 tty=ssh ruser= rhost=43.255.190.152  user=root
Apr 12 09:15:58 ovzhost sshd[1480]: Failed password for root from 43.255.190.152 port 42084 ssh2
Apr 12 09:16:02 ovzhost sshd[1480]: message repeated 2 times: [ Failed password for root from 43.255.190.152 port 42084 ssh2]
Apr 12 09:16:02 ovzhost sshd[1480]: Received disconnect from 43.255.190.152: 11:  [preauth]
Apr 12 09:16:02 ovzhost sshd[1480]: PAM 2 more authentication failures; logname= uid=0 euid=0 tty=ssh ruser= rhost=43.255.190.152  user=root
Apr 12 09:16:02 ovzhost sshd[1482]: pam_unix(sshd:auth): authentication failure; logname= uid=0 euid=0 tty=ssh ruser= rhost=43.255.190.130  user=root
Apr 12 09:16:02 ovzhost sshd[1484]: pam_unix(sshd:auth): authentication failure; logname= uid=0 euid=0 tty=ssh ruser= rhost=43.255.190.152  user=root
Apr 12 09:16:04 ovzhost sshd[1482]: Failed password for root from 43.255.190.130 port 46466 ssh2
Apr 12 09:16:04 ovzhost sshd[1484]: Failed password for root from 43.255.190.152 port 56253 ssh2
Apr 12 09:16:08 ovzhost sshd[1482]: message repeated 2 times: [ Failed password for root from 43.255.190.130 port 46466 ssh2]
Apr 12 09:16:08 ovzhost sshd[1482]: Received disconnect from 43.255.190.130: 11:  [preauth]
Apr 12 09:16:08 ovzhost sshd[1482]: PAM 2 more authentication failures; logname= uid=0 euid=0 tty=ssh ruser= rhost=43.255.190.130  user=root
Apr 12 09:16:08 ovzhost sshd[1486]: pam_unix(sshd:auth): authentication failure; logname= uid=0 euid=0 tty=ssh ruser= rhost=43.255.190.130  user=root
Apr 12 09:16:09 ovzhost sshd[1484]: message repeated 2 times: [ Failed password for root from 43.255.190.152 port 56253 ssh2]
Apr 12 09:16:09 ovzhost sshd[1484]: Received disconnect from 43.255.190.152: 11:  [preauth]
Apr 12 09:16:09 ovzhost sshd[1484]: PAM 2 more authentication failures; logname= uid=0 euid=0 tty=ssh ruser= rhost=43.255.190.152  user=root
Apr 12 09:16:09 ovzhost sshd[1488]: pam_unix(sshd:auth): authentication failure; logname= uid=0 euid=0 tty=ssh ruser= rhost=43.255.190.152  user=root
Apr 12 09:16:10 ovzhost sshd[1486]: Failed password for root from 43.255.190.130 port 32954 ssh2
Apr 12 09:16:11 ovzhost sshd[1488]: Failed password for root from 43.255.190.152 port 43180 ssh2
Apr 12 09:16:14 ovzhost sshd[1486]: message repeated 2 times: [ Failed password for root from 43.255.190.130 port 32954 ssh2]
Apr 12 09:16:14 ovzhost sshd[1486]: Received disconnect from 43.255.190.130: 11:  [preauth]
Apr 12 09:16:14 ovzhost sshd[1486]: PAM 2 more authentication failures; logname= uid=0 euid=0 tty=ssh ruser= rhost=43.255.190.130  user=root
Apr 12 09:16:15 ovzhost sshd[1492]: pam_unix(sshd:auth): authentication failure; logname= uid=0 euid=0 tty=ssh ruser= rhost=43.255.190.130  user=root
Apr 12 09:16:15 ovzhost sshd[1488]: message repeated 2 times: [ Failed password for root from 43.255.190.152 port 43180 ssh2]
Apr 12 09:16:15 ovzhost sshd[1488]: Received disconnect from 43.255.190.152: 11:  [preauth]
Apr 12 09:16:15 ovzhost sshd[1488]: PAM 2 more authentication failures; logname= uid=0 euid=0 tty=ssh ruser= rhost=43.255.190.152  user=root
Apr 12 09:16:15 ovzhost sshd[1494]: pam_unix(sshd:auth): authentication failure; logname= uid=0 euid=0 tty=ssh ruser= rhost=43.255.190.152  user=root
Apr 12 09:16:16 ovzhost sshd[1492]: Failed password for root from 43.255.190.130 port 49105 ssh2
Apr 12 09:16:17 ovzhost sshd[1494]: Failed password for root from 43.255.190.152 port 57626 ssh2
Apr 12 09:16:20 ovzhost sshd[1492]: message repeated 2 times: [ Failed password for root from 43.255.190.130 port 49105 ssh2]
Apr 12 09:16:20 ovzhost sshd[1492]: Received disconnect from 43.255.190.130: 11:  [preauth]
Apr 12 09:16:20 ovzhost sshd[1492]: PAM 2 more authentication failures; logname= uid=0 euid=0 tty=ssh ruser= rhost=43.255.190.130  user=root
Apr 12 09:16:20 ovzhost sshd[1496]: pam_unix(sshd:auth): authentication failure; logname= uid=0 euid=0 tty=ssh ruser= rhost=43.255.190.130  user=root
Apr 12 09:16:21 ovzhost sshd[1494]: message repeated 2 times: [ Failed password for root from 43.255.190.152 port 57626 ssh2]
Apr 12 09:16:21 ovzhost sshd[1494]: Received disconnect from 43.255.190.152: 11:  [preauth]
Apr 12 09:16:21 ovzhost sshd[1494]: PAM 2 more authentication failures; logname= uid=0 euid=0 tty=ssh ruser= rhost=43.255.190.152  user=root
Apr 12 09:16:22 ovzhost sshd[1500]: pam_unix(sshd:auth): authentication failure; logname= uid=0 euid=0 tty=ssh ruser= rhost=43.255.190.152  user=root
Apr 12 09:16:22 ovzhost sshd[1496]: Failed password for root from 43.255.190.130 port 35761 ssh2
Apr 12 09:16:23 ovzhost sshd[1500]: Failed password for root from 43.255.190.152 port 44448 ssh2
Apr 12 09:16:26 ovzhost sshd[1496]: message repeated 2 times: [ Failed password for root from 43.255.190.130 port 35761 ssh2]
Apr 12 09:16:26 ovzhost sshd[1496]: Received disconnect from 43.255.190.130: 11:  [preauth]
Apr 12 09:16:26 ovzhost sshd[1496]: PAM 2 more authentication failures; logname= uid=0 euid=0 tty=ssh ruser= rhost=43.255.190.130  user=root
Apr 12 09:16:26 ovzhost sshd[1502]: pam_unix(sshd:auth): authentication failure; logname= uid=0 euid=0 tty=ssh ruser= rhost=43.255.190.130  user=root
Apr 12 09:16:27 ovzhost sshd[1500]: message repeated 2 times: [ Failed password for root from 43.255.190.152 port 44448 ssh2]
Apr 12 09:16:27 ovzhost sshd[1500]: Received disconnect from 43.255.190.152: 11:  [preauth]
Apr 12 09:16:27 ovzhost sshd[1500]: PAM 2 more authentication failures; logname= uid=0 euid=0 tty=ssh ruser= rhost=43.255.190.152  user=root
Apr 12 09:16:27 ovzhost sshd[1504]: pam_unix(sshd:auth): authentication failure; logname= uid=0 euid=0 tty=ssh ruser= rhost=43.255.190.152  user=root
Apr 12 09:16:29 ovzhost sshd[1502]: Failed password for root from 43.255.190.130 port 51809 ssh2
Apr 12 09:16:29 ovzhost sshd[1504]: Failed password for root from 43.255.190.152 port 57448 ssh2
Apr 12 09:16:33 ovzhost sshd[1502]: message repeated 2 times: [ Failed password for root from 43.255.190.130 port 51809 ssh2]
Apr 12 09:16:33 ovzhost sshd[1502]: Received disconnect from 43.255.190.130: 11:  [preauth]
Apr 12 09:16:33 ovzhost sshd[1502]: PAM 2 more authentication failures; logname= uid=0 euid=0 tty=ssh ruser= rhost=43.255.190.130  user=root
Apr 12 09:16:34 ovzhost sshd[1506]: pam_unix(sshd:auth): authentication failure; logname= uid=0 euid=0 tty=ssh ruser= rhost=43.255.190.130  user=root
Apr 12 09:16:34 ovzhost sshd[1504]: message repeated 2 times: [ Failed password for root from 43.255.190.152 port 57448 ssh2]
Apr 12 09:16:34 ovzhost sshd[1504]: Received disconnect from 43.255.190.152: 11:  [preauth]
Apr 12 09:16:34 ovzhost sshd[1504]: PAM 2 more authentication failures; logname= uid=0 euid=0 tty=ssh ruser= rhost=43.255.190.152  user=root
Apr 12 09:16:34 ovzhost sshd[1508]: pam_unix(sshd:auth): authentication failure; logname= uid=0 euid=0 tty=ssh ruser= rhost=43.255.190.152  user=root
Apr 12 09:16:35 ovzhost sshd[1506]: Failed password for root from 43.255.190.130 port 42092 ssh2
Apr 12 09:16:36 ovzhost sshd[1511]: Connection closed by 127.0.0.1 [preauth]
Apr 12 09:16:36 ovzhost sshd[1508]: Failed password for root from 43.255.190.152 port 45793 ssh2
Apr 12 09:16:39 ovzhost sshd[1506]: message repeated 2 times: [ Failed password for root from 43.255.190.130 port 42092 ssh2]
Apr 12 09:16:39 ovzhost sshd[1506]: Received disconnect from 43.255.190.130: 11:  [preauth]
Apr 12 09:16:39 ovzhost sshd[1506]: PAM 2 more authentication failures; logname= uid=0 euid=0 tty=ssh ruser= rhost=43.255.190.130  user=root
Apr 12 09:16:39 ovzhost sshd[1513]: pam_unix(sshd:auth): authentication failure; logname= uid=0 euid=0 tty=ssh ruser= rhost=43.255.190.130  user=root
Apr 12 09:16:40 ovzhost sshd[1508]: message repeated 2 times: [ Failed password for root from 43.255.190.152 port 45793 ssh2]
Apr 12 09:16:40 ovzhost sshd[1508]: Received disconnect from 43.255.190.152: 11:  [preauth]
Apr 12 09:16:40 ovzhost sshd[1508]: PAM 2 more authentication failures; logname= uid=0 euid=0 tty=ssh ruser= rhost=43.255.190.152  user=root
Apr 12 09:16:41 ovzhost sshd[1515]: pam_unix(sshd:auth): authentication failure; logname= uid=0 euid=0 tty=ssh ruser= rhost=43.255.190.152  user=root
Apr 12 09:16:41 ovzhost sshd[1513]: Failed password for root from 43.255.190.130 port 56404 ssh2
Apr 12 09:16:42 ovzhost sshd[1515]: Failed password for root from 43.255.190.152 port 59963 ssh2
Apr 12 09:16:46 ovzhost sshd[1513]: message repeated 2 times: [ Failed password for root from 43.255.190.130 port 56404 ssh2]
Apr 12 09:16:46 ovzhost sshd[1513]: Received disconnect from 43.255.190.130: 11:  [preauth]
Apr 12 09:16:46 ovzhost sshd[1513]: PAM 2 more authentication failures; logname= uid=0 euid=0 tty=ssh ruser= rhost=43.255.190.130  user=root
Apr 12 09:16:46 ovzhost sshd[1517]: pam_unix(sshd:auth): authentication failure; logname= uid=0 euid=0 tty=ssh ruser= rhost=43.255.190.130  user=root
Apr 12 09:16:47 ovzhost sshd[1515]: message repeated 2 times: [ Failed password for root from 43.255.190.152 port 59963 ssh2]
Apr 12 09:16:47 ovzhost sshd[1515]: Received disconnect from 43.255.190.152: 11:  [preauth]
Apr 12 09:16:47 ovzhost sshd[1515]: PAM 2 more authentication failures; logname= uid=0 euid=0 tty=ssh ruser= rhost=43.255.190.152  user=root
Apr 12 09:16:48 ovzhost sshd[1517]: Failed password for root from 43.255.190.130 port 46169 ssh2
Apr 12 09:16:48 ovzhost sshd[1519]: pam_unix(sshd:auth): authentication failure; logname= uid=0 euid=0 tty=ssh ruser= rhost=43.255.190.152  user=root
Apr 12 09:16:50 ovzhost sshd[1519]: Failed password for root from 43.255.190.152 port 47610 ssh2
Apr 12 09:16:52 ovzhost sshd[1517]: message repeated 2 times: [ Failed password for root from 43.255.190.130 port 46169 ssh2]
Apr 12 09:16:52 ovzhost sshd[1517]: Received disconnect from 43.255.190.130: 11:  [preauth]
Apr 12 09:16:52 ovzhost sshd[1517]: PAM 2 more authentication failures; logname= uid=0 euid=0 tty=ssh ruser= rhost=43.255.190.130  user=root
Apr 12 09:16:53 ovzhost sshd[1522]: pam_unix(sshd:auth): authentication failure; logname= uid=0 euid=0 tty=ssh ruser= rhost=43.255.190.130  user=root
Apr 12 09:16:54 ovzhost sshd[1519]: message repeated 2 times: [ Failed password for root from 43.255.190.152 port 47610 ssh2]
Apr 12 09:16:54 ovzhost sshd[1519]: Received disconnect from 43.255.190.152: 11:  [preauth]
Apr 12 09:16:54 ovzhost sshd[1519]: PAM 2 more authentication failures; logname= uid=0 euid=0 tty=ssh ruser= rhost=43.255.190.152  user=root
