Mar 31 17:16:56 ovzhost sudo:     root : unable to resolve host ovzhost
Mar 31 17:16:56 ovzhost sudo:     root : TTY=pts/0 ; PWD=/ ; USER=root ; COMMAND=/usr/bin/less /root/.bash_history
Mar 31 17:16:56 ovzhost sudo: pam_unix(sudo:session): session opened for user root by (uid=0)
Mar 31 17:16:57 ovzhost sudo: pam_unix(sudo:session): session closed for user root
Apr  2 14:31:13 ovzhost sshd[419]: Server listening on 0.0.0.0 port 22.
Apr  2 14:31:13 ovzhost sshd[419]: Server listening on :: port 22.
Apr  2 14:31:13 ovzhost saslauthd[637]: detach_tty      : master pid is: 637
Apr  2 14:31:13 ovzhost saslauthd[637]: ipc_init        : listening on socket: /var/run/saslauthd/mux
Apr  2 14:33:26 ovzhost sshd[797]: Connection closed by 127.0.0.1 [preauth]
Apr 12 08:36:36 ovzhost sshd[778]: Connection closed by 127.0.0.1 [preauth]
Apr 12 08:39:01 ovzhost CRON[794]: pam_env(cron:session): Unable to open env file: /etc/default/locale: No such file or directory
Apr 12 08:39:01 ovzhost CRON[794]: pam_unix(cron:session): session opened for user root by (uid=0)
Apr 12 08:39:01 ovzhost CRON[794]: pam_unix(cron:session): session closed for user root
Apr 12 08:40:01 ovzhost CRON[807]: pam_env(cron:session): Unable to open env file: /etc/default/locale: No such file or directory
Apr 12 08:40:01 ovzhost CRON[807]: pam_unix(cron:session): session opened for user smmsp by (uid=0)
Apr 12 08:40:01 ovzhost CRON[807]: pam_unix(cron:session): session closed for user smmsp
Apr 12 08:40:26 ovzhost sshd[834]: Connection closed by 128.8.37.104 [preauth]
Apr 12 08:41:36 ovzhost sshd[841]: Connection closed by 127.0.0.1 [preauth]
Apr 12 08:46:36 ovzhost sshd[860]: Connection closed by 127.0.0.1 [preauth]
Apr 12 08:50:04 ovzhost sshd[878]: pam_unix(sshd:auth): authentication failure; logname= uid=0 euid=0 tty=ssh ruser= rhost=43.255.190.190  user=root
Apr 12 08:50:06 ovzhost sshd[880]: pam_unix(sshd:auth): authentication failure; logname= uid=0 euid=0 tty=ssh ruser= rhost=43.255.190.190  user=root
Apr 12 08:50:06 ovzhost sshd[878]: Failed password for root from 43.255.190.190 port 48680 ssh2
Apr 12 08:50:08 ovzhost sshd[880]: Failed password for root from 43.255.190.190 port 52040 ssh2
Apr 12 08:50:11 ovzhost sshd[878]: message repeated 2 times: [ Failed password for root from 43.255.190.190 port 48680 ssh2]
Apr 12 08:50:11 ovzhost sshd[878]: Received disconnect from 43.255.190.190: 11:  [preauth]
Apr 12 08:50:11 ovzhost sshd[878]: PAM 2 more authentication failures; logname= uid=0 euid=0 tty=ssh ruser= rhost=43.255.190.190  user=root
Apr 12 08:50:11 ovzhost sshd[882]: pam_unix(sshd:auth): authentication failure; logname= uid=0 euid=0 tty=ssh ruser= rhost=43.255.190.190  user=root
Apr 12 08:50:13 ovzhost sshd[882]: Failed password for root from 43.255.190.190 port 33245 ssh2
Apr 12 08:50:13 ovzhost sshd[880]: message repeated 2 times: [ Failed password for root from 43.255.190.190 port 52040 ssh2]
Apr 12 08:50:13 ovzhost sshd[880]: Received disconnect from 43.255.190.190: 11:  [preauth]
Apr 12 08:50:13 ovzhost sshd[880]: PAM 2 more authentication failures; logname= uid=0 euid=0 tty=ssh ruser= rhost=43.255.190.190  user=root
Apr 12 08:50:13 ovzhost sshd[884]: pam_unix(sshd:auth): authentication failure; logname= uid=0 euid=0 tty=ssh ruser= rhost=43.255.190.190  user=root
Apr 12 08:50:15 ovzhost sshd[884]: Failed password for root from 43.255.190.190 port 37273 ssh2
Apr 12 08:50:17 ovzhost sshd[882]: message repeated 2 times: [ Failed password for root from 43.255.190.190 port 33245 ssh2]
Apr 12 08:50:17 ovzhost sshd[882]: Received disconnect from 43.255.190.190: 11:  [preauth]
Apr 12 08:50:17 ovzhost sshd[882]: PAM 2 more authentication failures; logname= uid=0 euid=0 tty=ssh ruser= rhost=43.255.190.190  user=root
Apr 12 08:50:18 ovzhost sshd[886]: pam_unix(sshd:auth): authentication failure; logname= uid=0 euid=0 tty=ssh ruser= rhost=43.255.190.190  user=root
Apr 12 08:50:19 ovzhost sshd[886]: Failed password for root from 43.255.190.190 port 47614 ssh2
Apr 12 08:50:19 ovzhost sshd[884]: message repeated 2 times: [ Failed password for root from 43.255.190.190 port 37273 ssh2]
Apr 12 08:50:19 ovzhost sshd[884]: Received disconnect from 43.255.190.190: 11:  [preauth]
Apr 12 08:50:19 ovzhost sshd[884]: PAM 2 more authentication failures; logname= uid=0 euid=0 tty=ssh ruser= rhost=43.255.190.190  user=root
Apr 12 08:50:20 ovzhost sshd[888]: pam_unix(sshd:auth): authentication failure; logname= uid=0 euid=0 tty=ssh ruser= rhost=43.255.190.190  user=root
Apr 12 08:50:22 ovzhost sshd[888]: Failed password for root from 43.255.190.190 port 52163 ssh2
Apr 12 08:50:23 ovzhost sshd[886]: message repeated 2 times: [ Failed password for root from 43.255.190.190 port 47614 ssh2]
Apr 12 08:50:23 ovzhost sshd[886]: Received disconnect from 43.255.190.190: 11:  [preauth]
Apr 12 08:50:23 ovzhost sshd[886]: PAM 2 more authentication failures; logname= uid=0 euid=0 tty=ssh ruser= rhost=43.255.190.190  user=root
Apr 12 08:50:24 ovzhost sshd[890]: pam_unix(sshd:auth): authentication failure; logname= uid=0 euid=0 tty=ssh ruser= rhost=43.255.190.190  user=root
Apr 12 08:50:24 ovzhost sshd[892]: pam_unix(sshd:auth): authentication failure; logname= uid=0 euid=0 tty=ssh ruser= rhost=43.255.190.171  user=root
Apr 12 08:50:25 ovzhost sshd[890]: Failed password for root from 43.255.190.190 port 33245 ssh2
Apr 12 08:50:26 ovzhost sshd[892]: Failed password for root from 43.255.190.171 port 52280 ssh2
Apr 12 08:50:26 ovzhost sshd[895]: Connection closed by 128.8.37.104 [preauth]
Apr 12 08:50:26 ovzhost sshd[888]: message repeated 2 times: [ Failed password for root from 43.255.190.190 port 52163 ssh2]
Apr 12 08:50:26 ovzhost sshd[888]: Received disconnect from 43.255.190.190: 11:  [preauth]
Apr 12 08:50:26 ovzhost sshd[888]: PAM 2 more authentication failures; logname= uid=0 euid=0 tty=ssh ruser= rhost=43.255.190.190  user=root
Apr 12 08:50:27 ovzhost sshd[897]: pam_unix(sshd:auth): authentication failure; logname= uid=0 euid=0 tty=ssh ruser= rhost=43.255.190.190  user=root
Apr 12 08:50:29 ovzhost sshd[897]: Failed password for root from 43.255.190.190 port 41291 ssh2
Apr 12 08:50:29 ovzhost sshd[890]: message repeated 2 times: [ Failed password for root from 43.255.190.190 port 33245 ssh2]
Apr 12 08:50:29 ovzhost sshd[890]: Received disconnect from 43.255.190.190: 11:  [preauth]
Apr 12 08:50:29 ovzhost sshd[890]: PAM 2 more authentication failures; logname= uid=0 euid=0 tty=ssh ruser= rhost=43.255.190.190  user=root
Apr 12 08:50:30 ovzhost sshd[899]: pam_unix(sshd:auth): authentication failure; logname= uid=0 euid=0 tty=ssh ruser= rhost=43.255.190.190  user=root
Apr 12 08:50:30 ovzhost sshd[892]: message repeated 2 times: [ Failed password for root from 43.255.190.171 port 52280 ssh2]
Apr 12 08:50:30 ovzhost sshd[892]: Received disconnect from 43.255.190.171: 11:  [preauth]
Apr 12 08:50:30 ovzhost sshd[892]: PAM 2 more authentication failures; logname= uid=0 euid=0 tty=ssh ruser= rhost=43.255.190.171  user=root
Apr 12 08:50:31 ovzhost sshd[901]: pam_unix(sshd:auth): authentication failure; logname= uid=0 euid=0 tty=ssh ruser= rhost=43.255.190.171  user=root
Apr 12 08:50:31 ovzhost sshd[899]: Failed password for root from 43.255.190.190 port 48251 ssh2
Apr 12 08:50:33 ovzhost sshd[901]: Failed password for root from 43.255.190.171 port 39447 ssh2
Apr 12 08:50:33 ovzhost sshd[897]: message repeated 2 times: [ Failed password for root from 43.255.190.190 port 41291 ssh2]
Apr 12 08:50:33 ovzhost sshd[897]: Received disconnect from 43.255.190.190: 11:  [preauth]
Apr 12 08:50:33 ovzhost sshd[897]: PAM 2 more authentication failures; logname= uid=0 euid=0 tty=ssh ruser= rhost=43.255.190.190  user=root
Apr 12 08:50:34 ovzhost sshd[903]: pam_unix(sshd:auth): authentication failure; logname= uid=0 euid=0 tty=ssh ruser= rhost=43.255.190.190  user=root
Apr 12 08:50:36 ovzhost sshd[903]: Failed password for root from 43.255.190.190 port 56652 ssh2
Apr 12 08:50:36 ovzhost sshd[899]: message repeated 2 times: [ Failed password for root from 43.255.190.190 port 48251 ssh2]
Apr 12 08:50:36 ovzhost sshd[899]: Received disconnect from 43.255.190.190: 11:  [preauth]
Apr 12 08:50:36 ovzhost sshd[899]: PAM 2 more authentication failures; logname= uid=0 euid=0 tty=ssh ruser= rhost=43.255.190.190  user=root
Apr 12 08:50:36 ovzhost sshd[901]: message repeated 2 times: [ Failed password for root from 43.255.190.171 port 39447 ssh2]
Apr 12 08:50:36 ovzhost sshd[901]: Received disconnect from 43.255.190.171: 11:  [preauth]
Apr 12 08:50:36 ovzhost sshd[901]: PAM 2 more authentication failures; logname= uid=0 euid=0 tty=ssh ruser= rhost=43.255.190.171  user=root
Apr 12 08:50:37 ovzhost sshd[905]: pam_unix(sshd:auth): authentication failure; logname= uid=0 euid=0 tty=ssh ruser= rhost=43.255.190.190  user=root
Apr 12 08:50:37 ovzhost sshd[907]: pam_unix(sshd:auth): authentication failure; logname= uid=0 euid=0 tty=ssh ruser= rhost=43.255.190.171  user=root
Apr 12 08:50:38 ovzhost sshd[905]: Failed password for root from 43.255.190.190 port 34569 ssh2
Apr 12 08:50:39 ovzhost sshd[907]: Failed password for root from 43.255.190.171 port 52607 ssh2
Apr 12 08:50:40 ovzhost sshd[903]: message repeated 2 times: [ Failed password for root from 43.255.190.190 port 56652 ssh2]
Apr 12 08:50:40 ovzhost sshd[903]: Received disconnect from 43.255.190.190: 11:  [preauth]
Apr 12 08:50:40 ovzhost sshd[903]: PAM 2 more authentication failures; logname= uid=0 euid=0 tty=ssh ruser= rhost=43.255.190.190  user=root
Apr 12 08:50:40 ovzhost sshd[909]: pam_unix(sshd:auth): authentication failure; logname= uid=0 euid=0 tty=ssh ruser= rhost=43.255.190.190  user=root
Apr 12 08:50:42 ovzhost sshd[905]: message repeated 2 times: [ Failed password for root from 43.255.190.190 port 34569 ssh2]
Apr 12 08:50:42 ovzhost sshd[905]: Received disconnect from 43.255.190.190: 11:  [preauth]
Apr 12 08:50:42 ovzhost sshd[905]: PAM 2 more authentication failures; logname= uid=0 euid=0 tty=ssh ruser= rhost=43.255.190.190  user=root
Apr 12 08:50:42 ovzhost sshd[907]: message repeated 2 times: [ Failed password for root from 43.255.190.171 port 52607 ssh2]
Apr 12 08:50:42 ovzhost sshd[907]: Received disconnect from 43.255.190.171: 11:  [preauth]
Apr 12 08:50:42 ovzhost sshd[907]: PAM 2 more authentication failures; logname= uid=0 euid=0 tty=ssh ruser= rhost=43.255.190.171  user=root
Apr 12 08:50:43 ovzhost sshd[909]: Failed password for root from 43.255.190.190 port 41677 ssh2
Apr 12 08:50:43 ovzhost sshd[911]: pam_unix(sshd:auth): authentication failure; logname= uid=0 euid=0 tty=ssh ruser= rhost=43.255.190.190  user=root
Apr 12 08:50:43 ovzhost sshd[913]: pam_unix(sshd:auth): authentication failure; logname= uid=0 euid=0 tty=ssh ruser= rhost=43.255.190.171  user=root
Apr 12 08:50:45 ovzhost sshd[911]: Failed password for root from 43.255.190.190 port 46505 ssh2
Apr 12 08:50:45 ovzhost sshd[913]: Failed password for root from 43.255.190.171 port 35501 ssh2
Apr 12 08:50:47 ovzhost sshd[909]: message repeated 2 times: [ Failed password for root from 43.255.190.190 port 41677 ssh2]
Apr 12 08:50:47 ovzhost sshd[909]: Received disconnect from 43.255.190.190: 11:  [preauth]
Apr 12 08:50:47 ovzhost sshd[909]: PAM 2 more authentication failures; logname= uid=0 euid=0 tty=ssh ruser= rhost=43.255.190.190  user=root
Apr 12 08:50:47 ovzhost sshd[915]: pam_unix(sshd:auth): authentication failure; logname= uid=0 euid=0 tty=ssh ruser= rhost=43.255.190.190  user=root
Apr 12 08:50:49 ovzhost sshd[911]: message repeated 2 times: [ Failed password for root from 43.255.190.190 port 46505 ssh2]
Apr 12 08:50:49 ovzhost sshd[911]: Received disconnect from 43.255.190.190: 11:  [preauth]
Apr 12 08:50:49 ovzhost sshd[911]: PAM 2 more authentication failures; logname= uid=0 euid=0 tty=ssh ruser= rhost=43.255.190.190  user=root
Apr 12 08:50:49 ovzhost sshd[913]: message repeated 2 times: [ Failed password for root from 43.255.190.171 port 35501 ssh2]
Apr 12 08:50:49 ovzhost sshd[913]: Received disconnect from 43.255.190.171: 11:  [preauth]
Apr 12 08:50:49 ovzhost sshd[913]: PAM 2 more authentication failures; logname= uid=0 euid=0 tty=ssh ruser= rhost=43.255.190.171  user=root
Apr 12 08:50:49 ovzhost sshd[915]: Failed password for root from 43.255.190.190 port 56058 ssh2
Apr 12 08:50:49 ovzhost sshd[917]: pam_unix(sshd:auth): authentication failure; logname= uid=0 euid=0 tty=ssh ruser= rhost=43.255.190.190  user=root
Apr 12 08:50:49 ovzhost sshd[919]: pam_unix(sshd:auth): authentication failure; logname= uid=0 euid=0 tty=ssh ruser= rhost=43.255.190.171  user=root
Apr 12 08:50:51 ovzhost sshd[917]: Failed password for root from 43.255.190.190 port 59610 ssh2
Apr 12 08:50:51 ovzhost sshd[919]: Failed password for root from 43.255.190.171 port 47147 ssh2
Apr 12 08:50:53 ovzhost sshd[915]: message repeated 2 times: [ Failed password for root from 43.255.190.190 port 56058 ssh2]
Apr 12 08:50:53 ovzhost sshd[915]: Received disconnect from 43.255.190.190: 11:  [preauth]
Apr 12 08:50:53 ovzhost sshd[915]: PAM 2 more authentication failures; logname= uid=0 euid=0 tty=ssh ruser= rhost=43.255.190.190  user=root
Apr 12 08:50:53 ovzhost sshd[923]: pam_unix(sshd:auth): authentication failure; logname= uid=0 euid=0 tty=ssh ruser= rhost=43.255.190.190  user=root
Apr 12 08:50:55 ovzhost sshd[917]: message repeated 2 times: [ Failed password for root from 43.255.190.190 port 59610 ssh2]
Apr 12 08:50:55 ovzhost sshd[917]: Received disconnect from 43.255.190.190: 11:  [preauth]
Apr 12 08:50:55 ovzhost sshd[917]: PAM 2 more authentication failures; logname= uid=0 euid=0 tty=ssh ruser= rhost=43.255.190.190  user=root
Apr 12 08:50:55 ovzhost sshd[919]: message repeated 2 times: [ Failed password for root from 43.255.190.171 port 47147 ssh2]
Apr 12 08:50:55 ovzhost sshd[919]: Received disconnect from 43.255.190.171: 11:  [preauth]
Apr 12 08:50:55 ovzhost sshd[919]: PAM 2 more authentication failures; logname= uid=0 euid=0 tty=ssh ruser= rhost=43.255.190.171  user=root
Apr 12 08:50:55 ovzhost sshd[923]: Failed password for root from 43.255.190.190 port 40925 ssh2
Apr 12 08:50:55 ovzhost sshd[925]: pam_unix(sshd:auth): authentication failure; logname= uid=0 euid=0 tty=ssh ruser= rhost=43.255.190.190  user=root
Apr 12 08:50:55 ovzhost sshd[927]: pam_unix(sshd:auth): authentication failure; logname= uid=0 euid=0 tty=ssh ruser= rhost=43.255.190.171  user=root
Apr 12 08:50:57 ovzhost sshd[925]: Failed password for root from 43.255.190.190 port 46811 ssh2
Apr 12 08:50:58 ovzhost sshd[927]: Failed password for root from 43.255.190.171 port 33127 ssh2
Apr 12 08:50:59 ovzhost sshd[923]: message repeated 2 times: [ Failed password for root from 43.255.190.190 port 40925 ssh2]
Apr 12 08:50:59 ovzhost sshd[923]: Received disconnect from 43.255.190.190: 11:  [preauth]
Apr 12 08:50:59 ovzhost sshd[923]: PAM 2 more authentication failures; logname= uid=0 euid=0 tty=ssh ruser= rhost=43.255.190.190  user=root
Apr 12 08:51:00 ovzhost sshd[929]: pam_unix(sshd:auth): authentication failure; logname= uid=0 euid=0 tty=ssh ruser= rhost=43.255.190.190  user=root
Apr 12 08:51:01 ovzhost sshd[925]: message repeated 2 times: [ Failed password for root from 43.255.190.190 port 46811 ssh2]
Apr 12 08:51:01 ovzhost sshd[925]: Received disconnect from 43.255.190.190: 11:  [preauth]
Apr 12 08:51:01 ovzhost sshd[925]: PAM 2 more authentication failures; logname= uid=0 euid=0 tty=ssh ruser= rhost=43.255.190.190  user=root
Apr 12 08:51:02 ovzhost sshd[929]: Failed password for root from 43.255.190.190 port 57214 ssh2
Apr 12 08:51:02 ovzhost sshd[931]: pam_unix(sshd:auth): authentication failure; logname= uid=0 euid=0 tty=ssh ruser= rhost=43.255.190.190  user=root
Apr 12 08:51:02 ovzhost sshd[927]: message repeated 2 times: [ Failed password for root from 43.255.190.171 port 33127 ssh2]
Apr 12 08:51:02 ovzhost sshd[927]: Received disconnect from 43.255.190.171: 11:  [preauth]
Apr 12 08:51:02 ovzhost sshd[927]: PAM 2 more authentication failures; logname= uid=0 euid=0 tty=ssh ruser= rhost=43.255.190.171  user=root
Apr 12 08:51:03 ovzhost sshd[933]: pam_unix(sshd:auth): authentication failure; logname= uid=0 euid=0 tty=ssh ruser= rhost=43.255.190.171  user=root
Apr 12 08:51:04 ovzhost sshd[931]: Failed password for root from 43.255.190.190 port 35390 ssh2
Apr 12 08:51:05 ovzhost sshd[933]: Failed password for root from 43.255.190.171 port 48683 ssh2
Apr 12 08:51:06 ovzhost sshd[929]: message repeated 2 times: [ Failed password for root from 43.255.190.190 port 57214 ssh2]
Apr 12 08:51:06 ovzhost sshd[929]: Received disconnect from 43.255.190.190: 11:  [preauth]
Apr 12 08:51:06 ovzhost sshd[929]: PAM 2 more authentication failures; logname= uid=0 euid=0 tty=ssh ruser= rhost=43.255.190.190  user=root
Apr 12 08:51:07 ovzhost sshd[935]: pam_unix(sshd:auth): authentication failure; logname= uid=0 euid=0 tty=ssh ruser= rhost=43.255.190.190  user=root
Apr 12 08:51:08 ovzhost sshd[933]: message repeated 2 times: [ Failed password for root from 43.255.190.171 port 48683 ssh2]
Apr 12 08:51:08 ovzhost sshd[933]: Received disconnect from 43.255.190.171: 11:  [preauth]
Apr 12 08:51:08 ovzhost sshd[933]: PAM 2 more authentication failures; logname= uid=0 euid=0 tty=ssh ruser= rhost=43.255.190.171  user=root
Apr 12 08:51:09 ovzhost sshd[937]: pam_unix(sshd:auth): authentication failure; logname= uid=0 euid=0 tty=ssh ruser= rhost=43.255.190.171  user=root
Apr 12 08:51:09 ovzhost sshd[931]: message repeated 2 times: [ Failed password for root from 43.255.190.190 port 35390 ssh2]
Apr 12 08:51:09 ovzhost sshd[931]: Received disconnect from 43.255.190.190: 11:  [preauth]
Apr 12 08:51:09 ovzhost sshd[931]: PAM 2 more authentication failures; logname= uid=0 euid=0 tty=ssh ruser= rhost=43.255.190.190  user=root
Apr 12 08:51:09 ovzhost sshd[935]: Failed password for root from 43.255.190.190 port 47366 ssh2
Apr 12 08:51:09 ovzhost sshd[939]: pam_unix(sshd:auth): authentication failure; logname= uid=0 euid=0 tty=ssh ruser= rhost=43.255.190.190  user=root
Apr 12 08:51:11 ovzhost sshd[937]: Failed password for root from 43.255.190.171 port 34450 ssh2
Apr 12 08:51:12 ovzhost sshd[939]: Failed password for root from 43.255.190.190 port 53129 ssh2
Apr 12 08:51:13 ovzhost sshd[935]: message repeated 2 times: [ Failed password for root from 43.255.190.190 port 47366 ssh2]
Apr 12 08:51:13 ovzhost sshd[935]: Received disconnect from 43.255.190.190: 11:  [preauth]
Apr 12 08:51:13 ovzhost sshd[935]: PAM 2 more authentication failures; logname= uid=0 euid=0 tty=ssh ruser= rhost=43.255.190.190  user=root
Apr 12 08:51:14 ovzhost sshd[941]: pam_unix(sshd:auth): authentication failure; logname= uid=0 euid=0 tty=ssh ruser= rhost=43.255.190.190  user=root
Apr 12 08:51:14 ovzhost sshd[937]: message repeated 2 times: [ Failed password for root from 43.255.190.171 port 34450 ssh2]
Apr 12 08:51:14 ovzhost sshd[937]: Received disconnect from 43.255.190.171: 11:  [preauth]
Apr 12 08:51:14 ovzhost sshd[937]: PAM 2 more authentication failures; logname= uid=0 euid=0 tty=ssh ruser= rhost=43.255.190.171  user=root
Apr 12 08:51:15 ovzhost sshd[939]: message repeated 2 times: [ Failed password for root from 43.255.190.190 port 53129 ssh2]
Apr 12 08:51:15 ovzhost sshd[939]: Received disconnect from 43.255.190.190: 11:  [preauth]
Apr 12 08:51:15 ovzhost sshd[939]: PAM 2 more authentication failures; logname= uid=0 euid=0 tty=ssh ruser= rhost=43.255.190.190  user=root
Apr 12 08:51:15 ovzhost sshd[943]: pam_unix(sshd:auth): authentication failure; logname= uid=0 euid=0 tty=ssh ruser= rhost=43.255.190.171  user=root
Apr 12 08:51:15 ovzhost sshd[945]: pam_unix(sshd:auth): authentication failure; logname= uid=0 euid=0 tty=ssh ruser= rhost=43.255.190.190  user=root
Apr 12 08:51:16 ovzhost sshd[941]: Failed password for root from 43.255.190.190 port 36135 ssh2
Apr 12 08:51:17 ovzhost sshd[943]: Failed password for root from 43.255.190.171 port 48986 ssh2
Apr 12 08:51:18 ovzhost sshd[945]: Failed password for root from 43.255.190.190 port 40508 ssh2
Apr 12 08:51:20 ovzhost sshd[941]: message repeated 2 times: [ Failed password for root from 43.255.190.190 port 36135 ssh2]
Apr 12 08:51:20 ovzhost sshd[941]: Received disconnect from 43.255.190.190: 11:  [preauth]
Apr 12 08:51:20 ovzhost sshd[941]: PAM 2 more authentication failures; logname= uid=0 euid=0 tty=ssh ruser= rhost=43.255.190.190  user=root
Apr 12 08:51:21 ovzhost sshd[947]: pam_unix(sshd:auth): authentication failure; logname= uid=0 euid=0 tty=ssh ruser= rhost=43.255.190.190  user=root
Apr 12 08:51:21 ovzhost sshd[945]: message repeated 2 times: [ Failed password for root from 43.255.190.190 port 40508 ssh2]
Apr 12 08:51:22 ovzhost sshd[945]: Received disconnect from 43.255.190.190: 11:  [preauth]
Apr 12 08:51:22 ovzhost sshd[945]: PAM 2 more authentication failures; logname= uid=0 euid=0 tty=ssh ruser= rhost=43.255.190.190  user=root
Apr 12 08:51:22 ovzhost sshd[943]: message repeated 2 times: [ Failed password for root from 43.255.190.171 port 48986 ssh2]
Apr 12 08:51:22 ovzhost sshd[943]: Received disconnect from 43.255.190.171: 11:  [preauth]
Apr 12 08:51:22 ovzhost sshd[943]: PAM 2 more authentication failures; logname= uid=0 euid=0 tty=ssh ruser= rhost=43.255.190.171  user=root
Apr 12 08:51:22 ovzhost sshd[949]: pam_unix(sshd:auth): authentication failure; logname= uid=0 euid=0 tty=ssh ruser= rhost=43.255.190.190  user=root
Apr 12 08:51:22 ovzhost sshd[951]: pam_unix(sshd:auth): authentication failure; logname= uid=0 euid=0 tty=ssh ruser= rhost=43.255.190.171  user=root
Apr 12 08:51:23 ovzhost sshd[947]: Failed password for root from 43.255.190.190 port 52826 ssh2
Apr 12 08:51:25 ovzhost sshd[949]: Failed password for root from 43.255.190.190 port 56534 ssh2
Apr 12 08:51:25 ovzhost sshd[951]: Failed password for root from 43.255.190.171 port 36438 ssh2
Apr 12 08:51:26 ovzhost sshd[947]: message repeated 2 times: [ Failed password for root from 43.255.190.190 port 52826 ssh2]
Apr 12 08:51:26 ovzhost sshd[947]: Received disconnect from 43.255.190.190: 11:  [preauth]
Apr 12 08:51:26 ovzhost sshd[947]: PAM 2 more authentication failures; logname= uid=0 euid=0 tty=ssh ruser= rhost=43.255.190.190  user=root
Apr 12 08:51:27 ovzhost sshd[953]: pam_unix(sshd:auth): authentication failure; logname= uid=0 euid=0 tty=ssh ruser= rhost=43.255.190.190  user=root
Apr 12 08:51:29 ovzhost sshd[949]: message repeated 2 times: [ Failed password for root from 43.255.190.190 port 56534 ssh2]
Apr 12 08:51:29 ovzhost sshd[949]: Received disconnect from 43.255.190.190: 11:  [preauth]
Apr 12 08:51:29 ovzhost sshd[949]: PAM 2 more authentication failures; logname= uid=0 euid=0 tty=ssh ruser= rhost=43.255.190.190  user=root
Apr 12 08:51:29 ovzhost sshd[951]: message repeated 2 times: [ Failed password for root from 43.255.190.171 port 36438 ssh2]
Apr 12 08:51:29 ovzhost sshd[951]: Received disconnect from 43.255.190.171: 11:  [preauth]
Apr 12 08:51:29 ovzhost sshd[951]: PAM 2 more authentication failures; logname= uid=0 euid=0 tty=ssh ruser= rhost=43.255.190.171  user=root
Apr 12 08:51:29 ovzhost sshd[953]: Failed password for root from 43.255.190.190 port 39865 ssh2
Apr 12 08:51:29 ovzhost sshd[957]: pam_unix(sshd:auth): authentication failure; logname= uid=0 euid=0 tty=ssh ruser= rhost=43.255.190.190  user=root
Apr 12 08:51:29 ovzhost sshd[959]: pam_unix(sshd:auth): authentication failure; logname= uid=0 euid=0 tty=ssh ruser= rhost=43.255.190.171  user=root
Apr 12 08:51:31 ovzhost sshd[957]: Failed password for root from 43.255.190.190 port 45249 ssh2
Apr 12 08:51:31 ovzhost sshd[959]: Failed password for root from 43.255.190.171 port 52158 ssh2
Apr 12 08:51:33 ovzhost sshd[953]: message repeated 2 times: [ Failed password for root from 43.255.190.190 port 39865 ssh2]
Apr 12 08:51:33 ovzhost sshd[953]: Received disconnect from 43.255.190.190: 11:  [preauth]
Apr 12 08:51:33 ovzhost sshd[953]: PAM 2 more authentication failures; logname= uid=0 euid=0 tty=ssh ruser= rhost=43.255.190.190  user=root
Apr 12 08:51:34 ovzhost sshd[961]: pam_unix(sshd:auth): authentication failure; logname= uid=0 euid=0 tty=ssh ruser= rhost=43.255.190.190  user=root
Apr 12 08:51:36 ovzhost sshd[959]: message repeated 2 times: [ Failed password for root from 43.255.190.171 port 52158 ssh2]
Apr 12 08:51:36 ovzhost sshd[959]: Received disconnect from 43.255.190.171: 11:  [preauth]
Apr 12 08:51:36 ovzhost sshd[959]: PAM 2 more authentication failures; logname= uid=0 euid=0 tty=ssh ruser= rhost=43.255.190.171  user=root
Apr 12 08:51:36 ovzhost sshd[957]: message repeated 2 times: [ Failed password for root from 43.255.190.190 port 45249 ssh2]
Apr 12 08:51:36 ovzhost sshd[957]: Received disconnect from 43.255.190.190: 11:  [preauth]
Apr 12 08:51:36 ovzhost sshd[957]: PAM 2 more authentication failures; logname= uid=0 euid=0 tty=ssh ruser= rhost=43.255.190.190  user=root
Apr 12 08:51:36 ovzhost sshd[961]: Failed password for root from 43.255.190.190 port 55595 ssh2
Apr 12 08:51:36 ovzhost sshd[968]: Connection closed by 127.0.0.1 [preauth]
Apr 12 08:51:36 ovzhost sshd[963]: pam_unix(sshd:auth): authentication failure; logname= uid=0 euid=0 tty=ssh ruser= rhost=43.255.190.190  user=root
Apr 12 08:51:36 ovzhost sshd[964]: pam_unix(sshd:auth): authentication failure; logname= uid=0 euid=0 tty=ssh ruser= rhost=43.255.190.171  user=root
Apr 12 08:51:38 ovzhost sshd[963]: Failed password for root from 43.255.190.190 port 33305 ssh2
Apr 12 08:51:38 ovzhost sshd[964]: Failed password for root from 43.255.190.171 port 38988 ssh2
Apr 12 08:51:40 ovzhost sshd[961]: message repeated 2 times: [ Failed password for root from 43.255.190.190 port 55595 ssh2]
Apr 12 08:51:40 ovzhost sshd[961]: Received disconnect from 43.255.190.190: 11:  [preauth]
Apr 12 08:51:40 ovzhost sshd[961]: PAM 2 more authentication failures; logname= uid=0 euid=0 tty=ssh ruser= rhost=43.255.190.190  user=root
Apr 12 08:51:40 ovzhost sshd[970]: pam_unix(sshd:auth): authentication failure; logname= uid=0 euid=0 tty=ssh ruser= rhost=43.255.190.190  user=root
Apr 12 08:51:43 ovzhost sshd[964]: message repeated 2 times: [ Failed password for root from 43.255.190.171 port 38988 ssh2]
Apr 12 08:51:43 ovzhost sshd[964]: Received disconnect from 43.255.190.171: 11:  [preauth]
Apr 12 08:51:43 ovzhost sshd[964]: PAM 2 more authentication failures; logname= uid=0 euid=0 tty=ssh ruser= rhost=43.255.190.171  user=root
Apr 12 08:51:43 ovzhost sshd[963]: message repeated 2 times: [ Failed password for root from 43.255.190.190 port 33305 ssh2]
Apr 12 08:51:43 ovzhost sshd[963]: Received disconnect from 43.255.190.190: 11:  [preauth]
Apr 12 08:51:43 ovzhost sshd[963]: PAM 2 more authentication failures; logname= uid=0 euid=0 tty=ssh ruser= rhost=43.255.190.190  user=root
Apr 12 08:51:43 ovzhost sshd[970]: Failed password for root from 43.255.190.190 port 42558 ssh2
Apr 12 08:51:43 ovzhost sshd[973]: pam_unix(sshd:auth): authentication failure; logname= uid=0 euid=0 tty=ssh ruser= rhost=43.255.190.190  user=root
Apr 12 08:51:43 ovzhost sshd[972]: pam_unix(sshd:auth): authentication failure; logname= uid=0 euid=0 tty=ssh ruser= rhost=43.255.190.171  user=root
Apr 12 08:51:45 ovzhost sshd[973]: Failed password for root from 43.255.190.190 port 49864 ssh2
Apr 12 08:51:45 ovzhost sshd[972]: Failed password for root from 43.255.190.171 port 54619 ssh2
Apr 12 08:51:47 ovzhost sshd[970]: message repeated 2 times: [ Failed password for root from 43.255.190.190 port 42558 ssh2]
Apr 12 08:51:47 ovzhost sshd[970]: Received disconnect from 43.255.190.190: 11:  [preauth]
Apr 12 08:51:47 ovzhost sshd[970]: PAM 2 more authentication failures; logname= uid=0 euid=0 tty=ssh ruser= rhost=43.255.190.190  user=root
Apr 12 08:51:48 ovzhost sshd[976]: pam_unix(sshd:auth): authentication failure; logname= uid=0 euid=0 tty=ssh ruser= rhost=43.255.190.190  user=root
Apr 12 08:51:49 ovzhost sshd[976]: Failed password for root from 43.255.190.190 port 59540 ssh2
Apr 12 08:51:49 ovzhost sshd[972]: message repeated 2 times: [ Failed password for root from 43.255.190.171 port 54619 ssh2]
Apr 12 08:51:49 ovzhost sshd[972]: Received disconnect from 43.255.190.171: 11:  [preauth]
Apr 12 08:51:49 ovzhost sshd[972]: PAM 2 more authentication failures; logname= uid=0 euid=0 tty=ssh ruser= rhost=43.255.190.171  user=root
Apr 12 08:51:49 ovzhost sshd[973]: message repeated 2 times: [ Failed password for root from 43.255.190.190 port 49864 ssh2]
Apr 12 08:51:49 ovzhost sshd[973]: Received disconnect from 43.255.190.190: 11:  [preauth]
Apr 12 08:51:49 ovzhost sshd[973]: PAM 2 more authentication failures; logname= uid=0 euid=0 tty=ssh ruser= rhost=43.255.190.190  user=root
Apr 12 08:51:50 ovzhost sshd[978]: pam_unix(sshd:auth): authentication failure; logname= uid=0 euid=0 tty=ssh ruser= rhost=43.255.190.171  user=root
Apr 12 08:51:50 ovzhost sshd[979]: pam_unix(sshd:auth): authentication failure; logname= uid=0 euid=0 tty=ssh ruser= rhost=43.255.190.190  user=root
Apr 12 08:51:52 ovzhost sshd[978]: Failed password for root from 43.255.190.171 port 41298 ssh2
Apr 12 08:51:52 ovzhost sshd[979]: Failed password for root from 43.255.190.190 port 37539 ssh2
Apr 12 08:51:54 ovzhost sshd[976]: message repeated 2 times: [ Failed password for root from 43.255.190.190 port 59540 ssh2]
Apr 12 08:51:54 ovzhost sshd[976]: Received disconnect from 43.255.190.190: 11:  [preauth]
Apr 12 08:51:54 ovzhost sshd[976]: PAM 2 more authentication failures; logname= uid=0 euid=0 tty=ssh ruser= rhost=43.255.190.190  user=root
Apr 12 08:51:55 ovzhost sshd[983]: pam_unix(sshd:auth): authentication failure; logname= uid=0 euid=0 tty=ssh ruser= rhost=43.255.190.190  user=root
Apr 12 08:51:56 ovzhost sshd[978]: message repeated 2 times: [ Failed password for root from 43.255.190.171 port 41298 ssh2]
Apr 12 08:51:56 ovzhost sshd[978]: Received disconnect from 43.255.190.171: 11:  [preauth]
Apr 12 08:51:56 ovzhost sshd[978]: PAM 2 more authentication failures; logname= uid=0 euid=0 tty=ssh ruser= rhost=43.255.190.171  user=root
Apr 12 08:51:56 ovzhost sshd[979]: message repeated 2 times: [ Failed password for root from 43.255.190.190 port 37539 ssh2]
Apr 12 08:51:56 ovzhost sshd[979]: Received disconnect from 43.255.190.190: 11:  [preauth]
Apr 12 08:51:56 ovzhost sshd[979]: PAM 2 more authentication failures; logname= uid=0 euid=0 tty=ssh ruser= rhost=43.255.190.190  user=root
Apr 12 08:51:56 ovzhost sshd[983]: Failed password for root from 43.255.190.190 port 47668 ssh2
Apr 12 08:51:57 ovzhost sshd[985]: pam_unix(sshd:auth): authentication failure; logname= uid=0 euid=0 tty=ssh ruser= rhost=43.255.190.171  user=root
Apr 12 08:51:57 ovzhost sshd[987]: pam_unix(sshd:auth): authentication failure; logname= uid=0 euid=0 tty=ssh ruser= rhost=43.255.190.190  user=root
Apr 12 08:51:59 ovzhost sshd[985]: Failed password for root from 43.255.190.171 port 56224 ssh2
Apr 12 08:51:59 ovzhost sshd[987]: Failed password for root from 43.255.190.190 port 53849 ssh2
Apr 12 08:52:01 ovzhost sshd[983]: message repeated 2 times: [ Failed password for root from 43.255.190.190 port 47668 ssh2]
Apr 12 08:52:01 ovzhost sshd[983]: Received disconnect from 43.255.190.190: 11:  [preauth]
Apr 12 08:52:01 ovzhost sshd[983]: PAM 2 more authentication failures; logname= uid=0 euid=0 tty=ssh ruser= rhost=43.255.190.190  user=root
Apr 12 08:52:02 ovzhost sshd[990]: pam_unix(sshd:auth): authentication failure; logname= uid=0 euid=0 tty=ssh ruser= rhost=43.255.190.190  user=root
Apr 12 08:52:03 ovzhost sshd[985]: message repeated 2 times: [ Failed password for root from 43.255.190.171 port 56224 ssh2]
Apr 12 08:52:04 ovzhost sshd[985]: Received disconnect from 43.255.190.171: 11:  [preauth]
Apr 12 08:52:04 ovzhost sshd[985]: PAM 2 more authentication failures; logname= uid=0 euid=0 tty=ssh ruser= rhost=43.255.190.171  user=root
Apr 12 08:52:03 ovzhost sshd[987]: message repeated 2 times: [ Failed password for root from 43.255.190.190 port 53849 ssh2]
Apr 12 08:52:04 ovzhost sshd[987]: Received disconnect from 43.255.190.190: 11:  [preauth]
Apr 12 08:52:04 ovzhost sshd[987]: PAM 2 more authentication failures; logname= uid=0 euid=0 tty=ssh ruser= rhost=43.255.190.190  user=root
Apr 12 08:52:04 ovzhost sshd[990]: Failed password for root from 43.255.190.190 port 35344 ssh2
Apr 12 08:52:04 ovzhost sshd[992]: pam_unix(sshd:auth): authentication failure; logname= uid=0 euid=0 tty=ssh ruser= rhost=43.255.190.171  user=root
Apr 12 08:52:04 ovzhost sshd[993]: pam_unix(sshd:auth): authentication failure; logname= uid=0 euid=0 tty=ssh ruser= rhost=43.255.190.190  user=root
Apr 12 08:52:07 ovzhost sshd[992]: Failed password for root from 43.255.190.171 port 42736 ssh2
Apr 12 08:52:07 ovzhost sshd[993]: Failed password for root from 43.255.190.190 port 41283 ssh2
Apr 12 08:52:08 ovzhost sshd[990]: message repeated 2 times: [ Failed password for root from 43.255.190.190 port 35344 ssh2]
Apr 12 08:52:08 ovzhost sshd[990]: Received disconnect from 43.255.190.190: 11:  [preauth]
Apr 12 08:52:08 ovzhost sshd[990]: PAM 2 more authentication failures; logname= uid=0 euid=0 tty=ssh ruser= rhost=43.255.190.190  user=root
Apr 12 08:52:08 ovzhost sshd[996]: pam_unix(sshd:auth): authentication failure; logname= uid=0 euid=0 tty=ssh ruser= rhost=43.255.190.190  user=root
Apr 12 08:52:11 ovzhost sshd[996]: Failed password for root from 43.255.190.190 port 51472 ssh2
Apr 12 08:52:11 ovzhost sshd[993]: message repeated 2 times: [ Failed password for root from 43.255.190.190 port 41283 ssh2]
Apr 12 08:52:11 ovzhost sshd[993]: Received disconnect from 43.255.190.190: 11:  [preauth]
Apr 12 08:52:11 ovzhost sshd[993]: PAM 2 more authentication failures; logname= uid=0 euid=0 tty=ssh ruser= rhost=43.255.190.190  user=root
Apr 12 08:52:11 ovzhost sshd[992]: message repeated 2 times: [ Failed password for root from 43.255.190.171 port 42736 ssh2]
Apr 12 08:52:11 ovzhost sshd[992]: Received disconnect from 43.255.190.171: 11:  [preauth]
Apr 12 08:52:11 ovzhost sshd[992]: PAM 2 more authentication failures; logname= uid=0 euid=0 tty=ssh ruser= rhost=43.255.190.171  user=root
Apr 12 08:52:11 ovzhost sshd[998]: pam_unix(sshd:auth): authentication failure; logname= uid=0 euid=0 tty=ssh ruser= rhost=43.255.190.190  user=root
Apr 12 08:52:11 ovzhost sshd[999]: pam_unix(sshd:auth): authentication failure; logname= uid=0 euid=0 tty=ssh ruser= rhost=43.255.190.171  user=root
Apr 12 08:52:13 ovzhost sshd[998]: Failed password for root from 43.255.190.190 port 57851 ssh2
Apr 12 08:52:13 ovzhost sshd[999]: Failed password for root from 43.255.190.171 port 58097 ssh2
Apr 12 08:52:15 ovzhost sshd[996]: message repeated 2 times: [ Failed password for root from 43.255.190.190 port 51472 ssh2]
Apr 12 08:52:15 ovzhost sshd[996]: Received disconnect from 43.255.190.190: 11:  [preauth]
Apr 12 08:52:15 ovzhost sshd[996]: PAM 2 more authentication failures; logname= uid=0 euid=0 tty=ssh ruser= rhost=43.255.190.190  user=root
Apr 12 08:52:16 ovzhost sshd[1002]: pam_unix(sshd:auth): authentication failure; logname= uid=0 euid=0 tty=ssh ruser= rhost=43.255.190.190  user=root
Apr 12 08:52:18 ovzhost sshd[998]: message repeated 2 times: [ Failed password for root from 43.255.190.190 port 57851 ssh2]
Apr 12 08:52:18 ovzhost sshd[998]: Received disconnect from 43.255.190.190: 11:  [preauth]
Apr 12 08:52:18 ovzhost sshd[999]: message repeated 2 times: [ Failed password for root from 43.255.190.171 port 58097 ssh2]
Apr 12 08:52:18 ovzhost sshd[999]: Received disconnect from 43.255.190.171: 11:  [preauth]
Apr 12 08:52:18 ovzhost sshd[998]: PAM 2 more authentication failures; logname= uid=0 euid=0 tty=ssh ruser= rhost=43.255.190.190  user=root
Apr 12 08:52:18 ovzhost sshd[999]: PAM 2 more authentication failures; logname= uid=0 euid=0 tty=ssh ruser= rhost=43.255.190.171  user=root
Apr 12 08:52:18 ovzhost sshd[1002]: Failed password for root from 43.255.190.190 port 40267 ssh2
Apr 12 08:52:19 ovzhost sshd[1005]: pam_unix(sshd:auth): authentication failure; logname= uid=0 euid=0 tty=ssh ruser= rhost=43.255.190.171  user=root
Apr 12 08:52:19 ovzhost sshd[1004]: pam_unix(sshd:auth): authentication failure; logname= uid=0 euid=0 tty=ssh ruser= rhost=43.255.190.190  user=root
Apr 12 08:52:20 ovzhost sshd[1005]: Failed password for root from 43.255.190.171 port 45030 ssh2
Apr 12 08:52:20 ovzhost sshd[1004]: Failed password for root from 43.255.190.190 port 46683 ssh2
Apr 12 08:52:22 ovzhost sshd[1002]: message repeated 2 times: [ Failed password for root from 43.255.190.190 port 40267 ssh2]
Apr 12 08:52:22 ovzhost sshd[1002]: Received disconnect from 43.255.190.190: 11:  [preauth]
Apr 12 08:52:22 ovzhost sshd[1002]: PAM 2 more authentication failures; logname= uid=0 euid=0 tty=ssh ruser= rhost=43.255.190.190  user=root
Apr 12 08:52:23 ovzhost sshd[1008]: pam_unix(sshd:auth): authentication failure; logname= uid=0 euid=0 tty=ssh ruser= rhost=43.255.190.190  user=root
Apr 12 08:52:25 ovzhost sshd[1008]: Failed password for root from 43.255.190.190 port 57053 ssh2
Apr 12 08:52:25 ovzhost sshd[1005]: message repeated 2 times: [ Failed password for root from 43.255.190.171 port 45030 ssh2]
Apr 12 08:52:25 ovzhost sshd[1005]: Received disconnect from 43.255.190.171: 11:  [preauth]
Apr 12 08:52:25 ovzhost sshd[1005]: PAM 2 more authentication failures; logname= uid=0 euid=0 tty=ssh ruser= rhost=43.255.190.171  user=root
Apr 12 08:52:25 ovzhost sshd[1004]: message repeated 2 times: [ Failed password for root from 43.255.190.190 port 46683 ssh2]
Apr 12 08:52:25 ovzhost sshd[1004]: Received disconnect from 43.255.190.190: 11:  [preauth]
Apr 12 08:52:25 ovzhost sshd[1004]: PAM 2 more authentication failures; logname= uid=0 euid=0 tty=ssh ruser= rhost=43.255.190.190  user=root
Apr 12 08:52:25 ovzhost sshd[1010]: pam_unix(sshd:auth): authentication failure; logname= uid=0 euid=0 tty=ssh ruser= rhost=43.255.190.171  user=root
Apr 12 08:52:25 ovzhost sshd[1011]: pam_unix(sshd:auth): authentication failure; logname= uid=0 euid=0 tty=ssh ruser= rhost=43.255.190.190  user=root
Apr 12 08:52:27 ovzhost sshd[1010]: Failed password for root from 43.255.190.171 port 59507 ssh2
Apr 12 08:52:27 ovzhost sshd[1011]: Failed password for root from 43.255.190.190 port 34704 ssh2
Apr 12 08:52:29 ovzhost sshd[1008]: message repeated 2 times: [ Failed password for root from 43.255.190.190 port 57053 ssh2]
Apr 12 08:52:29 ovzhost sshd[1008]: Received disconnect from 43.255.190.190: 11:  [preauth]
Apr 12 08:52:29 ovzhost sshd[1008]: PAM 2 more authentication failures; logname= uid=0 euid=0 tty=ssh ruser= rhost=43.255.190.190  user=root
Apr 12 08:52:30 ovzhost sshd[1014]: pam_unix(sshd:auth): authentication failure; logname= uid=0 euid=0 tty=ssh ruser= rhost=43.255.190.190  user=root
Apr 12 08:52:32 ovzhost sshd[1014]: Failed password for root from 43.255.190.190 port 43933 ssh2
Apr 12 08:52:32 ovzhost sshd[1010]: message repeated 2 times: [ Failed password for root from 43.255.190.171 port 59507 ssh2]
Apr 12 08:52:32 ovzhost sshd[1010]: Received disconnect from 43.255.190.171: 11:  [preauth]
Apr 12 08:52:32 ovzhost sshd[1010]: PAM 2 more authentication failures; logname= uid=0 euid=0 tty=ssh ruser= rhost=43.255.190.171  user=root
Apr 12 08:52:32 ovzhost sshd[1011]: message repeated 2 times: [ Failed password for root from 43.255.190.190 port 34704 ssh2]
Apr 12 08:52:32 ovzhost sshd[1011]: Received disconnect from 43.255.190.190: 11:  [preauth]
Apr 12 08:52:32 ovzhost sshd[1011]: PAM 2 more authentication failures; logname= uid=0 euid=0 tty=ssh ruser= rhost=43.255.190.190  user=root
Apr 12 08:52:33 ovzhost sshd[1016]: pam_unix(sshd:auth): authentication failure; logname= uid=0 euid=0 tty=ssh ruser= rhost=43.255.190.171  user=root
Apr 12 08:52:33 ovzhost sshd[1017]: pam_unix(sshd:auth): authentication failure; logname= uid=0 euid=0 tty=ssh ruser= rhost=43.255.190.190  user=root
Apr 12 08:52:35 ovzhost sshd[1016]: Failed password for root from 43.255.190.171 port 44586 ssh2
Apr 12 08:52:35 ovzhost sshd[1017]: Failed password for root from 43.255.190.190 port 49591 ssh2
Apr 12 08:52:37 ovzhost sshd[1014]: message repeated 2 times: [ Failed password for root from 43.255.190.190 port 43933 ssh2]
Apr 12 08:52:37 ovzhost sshd[1014]: Received disconnect from 43.255.190.190: 11:  [preauth]
Apr 12 08:52:37 ovzhost sshd[1014]: PAM 2 more authentication failures; logname= uid=0 euid=0 tty=ssh ruser= rhost=43.255.190.190  user=root
Apr 12 08:52:37 ovzhost sshd[1020]: pam_unix(sshd:auth): authentication failure; logname= uid=0 euid=0 tty=ssh ruser= rhost=43.255.190.190  user=root
Apr 12 08:52:39 ovzhost sshd[1016]: message repeated 2 times: [ Failed password for root from 43.255.190.171 port 44586 ssh2]
Apr 12 08:52:39 ovzhost sshd[1016]: Received disconnect from 43.255.190.171: 11:  [preauth]
Apr 12 08:52:39 ovzhost sshd[1016]: PAM 2 more authentication failures; logname= uid=0 euid=0 tty=ssh ruser= rhost=43.255.190.171  user=root
Apr 12 08:52:39 ovzhost sshd[1017]: message repeated 2 times: [ Failed password for root from 43.255.190.190 port 49591 ssh2]
Apr 12 08:52:39 ovzhost sshd[1017]: Received disconnect from 43.255.190.190: 11:  [preauth]
Apr 12 08:52:39 ovzhost sshd[1017]: PAM 2 more authentication failures; logname= uid=0 euid=0 tty=ssh ruser= rhost=43.255.190.190  user=root
Apr 12 08:52:39 ovzhost sshd[1020]: Failed password for root from 43.255.190.190 port 58256 ssh2
Apr 12 08:52:39 ovzhost sshd[1022]: pam_unix(sshd:auth): authentication failure; logname= uid=0 euid=0 tty=ssh ruser= rhost=43.255.190.171  user=root
Apr 12 08:52:39 ovzhost sshd[1023]: pam_unix(sshd:auth): authentication failure; logname= uid=0 euid=0 tty=ssh ruser= rhost=43.255.190.190  user=root
Apr 12 08:52:42 ovzhost sshd[1022]: Failed password for root from 43.255.190.171 port 55517 ssh2
Apr 12 08:52:42 ovzhost sshd[1023]: Failed password for root from 43.255.190.190 port 33466 ssh2
Apr 12 08:52:44 ovzhost sshd[1020]: message repeated 2 times: [ Failed password for root from 43.255.190.190 port 58256 ssh2]
Apr 12 08:52:44 ovzhost sshd[1020]: Received disconnect from 43.255.190.190: 11:  [preauth]
Apr 12 08:52:44 ovzhost sshd[1020]: PAM 2 more authentication failures; logname= uid=0 euid=0 tty=ssh ruser= rhost=43.255.190.190  user=root
Apr 12 08:52:45 ovzhost sshd[1026]: pam_unix(sshd:auth): authentication failure; logname= uid=0 euid=0 tty=ssh ruser= rhost=43.255.190.190  user=root
Apr 12 08:52:46 ovzhost sshd[1022]: message repeated 2 times: [ Failed password for root from 43.255.190.171 port 55517 ssh2]
Apr 12 08:52:46 ovzhost sshd[1022]: Received disconnect from 43.255.190.171: 11:  [preauth]
Apr 12 08:52:46 ovzhost sshd[1022]: PAM 2 more authentication failures; logname= uid=0 euid=0 tty=ssh ruser= rhost=43.255.190.171  user=root
Apr 12 08:52:46 ovzhost sshd[1023]: message repeated 2 times: [ Failed password for root from 43.255.190.190 port 33466 ssh2]
Apr 12 08:52:46 ovzhost sshd[1023]: Received disconnect from 43.255.190.190: 11:  [preauth]
Apr 12 08:52:46 ovzhost sshd[1023]: PAM 2 more authentication failures; logname= uid=0 euid=0 tty=ssh ruser= rhost=43.255.190.190  user=root
Apr 12 08:52:47 ovzhost sshd[1026]: Failed password for root from 43.255.190.190 port 43954 ssh2
Apr 12 08:52:47 ovzhost sshd[1028]: pam_unix(sshd:auth): authentication failure; logname= uid=0 euid=0 tty=ssh ruser= rhost=43.255.190.171  user=root
Apr 12 08:52:47 ovzhost sshd[1029]: pam_unix(sshd:auth): authentication failure; logname= uid=0 euid=0 tty=ssh ruser= rhost=43.255.190.190  user=root
Apr 12 08:52:48 ovzhost sshd[1028]: Failed password for root from 43.255.190.171 port 40003 ssh2
Apr 12 08:52:48 ovzhost sshd[1029]: Failed password for root from 43.255.190.190 port 47777 ssh2
Apr 12 08:52:50 ovzhost sshd[1026]: message repeated 2 times: [ Failed password for root from 43.255.190.190 port 43954 ssh2]
Apr 12 08:52:50 ovzhost sshd[1026]: Received disconnect from 43.255.190.190: 11:  [preauth]
Apr 12 08:52:50 ovzhost sshd[1026]: PAM 2 more authentication failures; logname= uid=0 euid=0 tty=ssh ruser= rhost=43.255.190.190  user=root
Apr 12 08:52:51 ovzhost sshd[1032]: pam_unix(sshd:auth): authentication failure; logname= uid=0 euid=0 tty=ssh ruser= rhost=43.255.190.190  user=root
Apr 12 08:52:53 ovzhost sshd[1028]: message repeated 2 times: [ Failed password for root from 43.255.190.171 port 40003 ssh2]
Apr 12 08:52:53 ovzhost sshd[1028]: Received disconnect from 43.255.190.171: 11:  [preauth]
Apr 12 08:52:53 ovzhost sshd[1028]: PAM 2 more authentication failures; logname= uid=0 euid=0 tty=ssh ruser= rhost=43.255.190.171  user=root
Apr 12 08:52:53 ovzhost sshd[1029]: message repeated 2 times: [ Failed password for root from 43.255.190.190 port 47777 ssh2]
Apr 12 08:52:53 ovzhost sshd[1029]: Received disconnect from 43.255.190.190: 11:  [preauth]
Apr 12 08:52:53 ovzhost sshd[1029]: PAM 2 more authentication failures; logname= uid=0 euid=0 tty=ssh ruser= rhost=43.255.190.190  user=root
Apr 12 08:52:53 ovzhost sshd[1032]: Failed password for root from 43.255.190.190 port 56479 ssh2
Apr 12 08:52:53 ovzhost sshd[1035]: pam_unix(sshd:auth): authentication failure; logname= uid=0 euid=0 tty=ssh ruser= rhost=43.255.190.171  user=root
Apr 12 08:52:54 ovzhost sshd[1037]: pam_unix(sshd:auth): authentication failure; logname= uid=0 euid=0 tty=ssh ruser= rhost=43.255.190.190  user=root
Apr 12 08:52:55 ovzhost sshd[1035]: Failed password for root from 43.255.190.171 port 52149 ssh2
Apr 12 08:52:55 ovzhost sshd[1037]: Failed password for root from 43.255.190.190 port 32949 ssh2
Apr 12 08:52:58 ovzhost sshd[1032]: message repeated 2 times: [ Failed password for root from 43.255.190.190 port 56479 ssh2]
Apr 12 08:52:58 ovzhost sshd[1032]: Received disconnect from 43.255.190.190: 11:  [preauth]
Apr 12 08:52:58 ovzhost sshd[1032]: PAM 2 more authentication failures; logname= uid=0 euid=0 tty=ssh ruser= rhost=43.255.190.190  user=root
Apr 12 08:52:58 ovzhost sshd[1039]: pam_unix(sshd:auth): authentication failure; logname= uid=0 euid=0 tty=ssh ruser= rhost=43.255.190.190  user=root
Apr 12 08:53:00 ovzhost sshd[1035]: message repeated 2 times: [ Failed password for root from 43.255.190.171 port 52149 ssh2]
Apr 12 08:53:00 ovzhost sshd[1035]: Received disconnect from 43.255.190.171: 11:  [preauth]
Apr 12 08:53:00 ovzhost sshd[1035]: PAM 2 more authentication failures; logname= uid=0 euid=0 tty=ssh ruser= rhost=43.255.190.171  user=root
Apr 12 08:53:00 ovzhost sshd[1037]: message repeated 2 times: [ Failed password for root from 43.255.190.190 port 32949 ssh2]
Apr 12 08:53:00 ovzhost sshd[1037]: Received disconnect from 43.255.190.190: 11:  [preauth]
Apr 12 08:53:00 ovzhost sshd[1037]: PAM 2 more authentication failures; logname= uid=0 euid=0 tty=ssh ruser= rhost=43.255.190.190  user=root
Apr 12 08:53:01 ovzhost sshd[1039]: Failed password for root from 43.255.190.190 port 41539 ssh2
Apr 12 08:53:01 ovzhost sshd[1041]: pam_unix(sshd:auth): authentication failure; logname= uid=0 euid=0 tty=ssh ruser= rhost=43.255.190.171  user=root
Apr 12 08:53:01 ovzhost sshd[1043]: pam_unix(sshd:auth): authentication failure; logname= uid=0 euid=0 tty=ssh ruser= rhost=43.255.190.190  user=root
Apr 12 08:53:03 ovzhost sshd[1041]: Failed password for root from 43.255.190.171 port 36359 ssh2
Apr 12 08:53:03 ovzhost sshd[1043]: Failed password for root from 43.255.190.190 port 46774 ssh2
Apr 12 08:53:05 ovzhost sshd[1039]: message repeated 2 times: [ Failed password for root from 43.255.190.190 port 41539 ssh2]
Apr 12 08:53:05 ovzhost sshd[1039]: Received disconnect from 43.255.190.190: 11:  [preauth]
Apr 12 08:53:05 ovzhost sshd[1039]: PAM 2 more authentication failures; logname= uid=0 euid=0 tty=ssh ruser= rhost=43.255.190.190  user=root
Apr 12 08:53:05 ovzhost sshd[1047]: pam_unix(sshd:auth): authentication failure; logname= uid=0 euid=0 tty=ssh ruser= rhost=43.255.190.190  user=root
Apr 12 08:53:07 ovzhost sshd[1041]: message repeated 2 times: [ Failed password for root from 43.255.190.171 port 36359 ssh2]
Apr 12 08:53:07 ovzhost sshd[1041]: Received disconnect from 43.255.190.171: 11:  [preauth]
Apr 12 08:53:07 ovzhost sshd[1041]: PAM 2 more authentication failures; logname= uid=0 euid=0 tty=ssh ruser= rhost=43.255.190.171  user=root
Apr 12 08:53:07 ovzhost sshd[1043]: message repeated 2 times: [ Failed password for root from 43.255.190.190 port 46774 ssh2]
Apr 12 08:53:07 ovzhost sshd[1043]: Received disconnect from 43.255.190.190: 11:  [preauth]
Apr 12 08:53:07 ovzhost sshd[1043]: PAM 2 more authentication failures; logname= uid=0 euid=0 tty=ssh ruser= rhost=43.255.190.190  user=root
Apr 12 08:53:07 ovzhost sshd[1047]: Failed password for root from 43.255.190.190 port 55396 ssh2
Apr 12 08:53:07 ovzhost sshd[1049]: pam_unix(sshd:auth): authentication failure; logname= uid=0 euid=0 tty=ssh ruser= rhost=43.255.190.171  user=root
Apr 12 08:53:07 ovzhost sshd[1050]: pam_unix(sshd:auth): authentication failure; logname= uid=0 euid=0 tty=ssh ruser= rhost=43.255.190.190  user=root
Apr 12 08:53:10 ovzhost sshd[1049]: Failed password for root from 43.255.190.171 port 48722 ssh2
Apr 12 08:53:10 ovzhost sshd[1050]: Failed password for root from 43.255.190.190 port 60424 ssh2
Apr 12 08:53:12 ovzhost sshd[1047]: message repeated 2 times: [ Failed password for root from 43.255.190.190 port 55396 ssh2]
Apr 12 08:53:12 ovzhost sshd[1047]: Received disconnect from 43.255.190.190: 11:  [preauth]
Apr 12 08:53:12 ovzhost sshd[1047]: PAM 2 more authentication failures; logname= uid=0 euid=0 tty=ssh ruser= rhost=43.255.190.190  user=root
Apr 12 08:53:13 ovzhost sshd[1053]: pam_unix(sshd:auth): authentication failure; logname= uid=0 euid=0 tty=ssh ruser= rhost=43.255.190.190  user=root
Apr 12 08:53:15 ovzhost sshd[1053]: Failed password for root from 43.255.190.190 port 44495 ssh2
Apr 12 08:53:15 ovzhost sshd[1050]: message repeated 2 times: [ Failed password for root from 43.255.190.190 port 60424 ssh2]
Apr 12 08:53:15 ovzhost sshd[1050]: Received disconnect from 43.255.190.190: 11:  [preauth]
Apr 12 08:53:15 ovzhost sshd[1050]: PAM 2 more authentication failures; logname= uid=0 euid=0 tty=ssh ruser= rhost=43.255.190.190  user=root
