Apr  2 14:31:44 ovzhost sshd[780]: Connection closed by 127.0.0.1 [preauth]
Apr  2 14:35:40 ovzhost sshd[811]: Connection closed by 128.8.37.120 [preauth]
Apr  2 14:36:44 ovzhost sshd[820]: Connection closed by 127.0.0.1 [preauth]
Apr 10 15:36:08 ovzhost sshd[779]: Connection closed by 127.0.0.1 [preauth]
Apr 10 15:38:53 ovzhost sshd[794]: pam_unix(sshd:auth): authentication failure; logname= uid=0 euid=0 tty=ssh ruser= rhost=43.255.190.168  user=root
Apr 10 15:38:55 ovzhost sshd[794]: Failed password for root from 43.255.190.168 port 51944 ssh2
Apr 10 15:38:59 ovzhost sshd[794]: message repeated 2 times: [ Failed password for root from 43.255.190.168 port 51944 ssh2]
Apr 10 15:38:59 ovzhost sshd[794]: Received disconnect from 43.255.190.168: 11:  [preauth]
Apr 10 15:38:59 ovzhost sshd[794]: PAM 2 more authentication failures; logname= uid=0 euid=0 tty=ssh ruser= rhost=43.255.190.168  user=root
Apr 10 15:39:01 ovzhost sshd[796]: pam_unix(sshd:auth): authentication failure; logname= uid=0 euid=0 tty=ssh ruser= rhost=43.255.190.168  user=root
Apr 10 15:39:01 ovzhost CRON[798]: pam_env(cron:session): Unable to open env file: /etc/default/locale: No such file or directory
Apr 10 15:39:01 ovzhost CRON[798]: pam_unix(cron:session): session opened for user root by (uid=0)
Apr 10 15:39:01 ovzhost CRON[798]: pam_unix(cron:session): session closed for user root
Apr 10 15:39:03 ovzhost sshd[796]: Failed password for root from 43.255.190.168 port 37251 ssh2
Apr 10 15:39:07 ovzhost sshd[796]: message repeated 2 times: [ Failed password for root from 43.255.190.168 port 37251 ssh2]
Apr 10 15:39:07 ovzhost sshd[796]: Received disconnect from 43.255.190.168: 11:  [preauth]
Apr 10 15:39:07 ovzhost sshd[796]: PAM 2 more authentication failures; logname= uid=0 euid=0 tty=ssh ruser= rhost=43.255.190.168  user=root
Apr 10 15:39:08 ovzhost sshd[809]: pam_unix(sshd:auth): authentication failure; logname= uid=0 euid=0 tty=ssh ruser= rhost=43.255.190.168  user=root
Apr 10 15:39:10 ovzhost sshd[809]: Failed password for root from 43.255.190.168 port 52193 ssh2
Apr 10 15:39:14 ovzhost sshd[809]: message repeated 2 times: [ Failed password for root from 43.255.190.168 port 52193 ssh2]
Apr 10 15:39:15 ovzhost sshd[809]: Received disconnect from 43.255.190.168: 11:  [preauth]
Apr 10 15:39:15 ovzhost sshd[809]: PAM 2 more authentication failures; logname= uid=0 euid=0 tty=ssh ruser= rhost=43.255.190.168  user=root
Apr 10 15:39:15 ovzhost sshd[813]: pam_unix(sshd:auth): authentication failure; logname= uid=0 euid=0 tty=ssh ruser= rhost=43.255.190.168  user=root
Apr 10 15:39:18 ovzhost sshd[813]: Failed password for root from 43.255.190.168 port 38264 ssh2
Apr 10 15:39:22 ovzhost sshd[813]: message repeated 2 times: [ Failed password for root from 43.255.190.168 port 38264 ssh2]
Apr 10 15:39:22 ovzhost sshd[813]: Received disconnect from 43.255.190.168: 11:  [preauth]
Apr 10 15:39:22 ovzhost sshd[813]: PAM 2 more authentication failures; logname= uid=0 euid=0 tty=ssh ruser= rhost=43.255.190.168  user=root
Apr 10 15:39:23 ovzhost sshd[815]: pam_unix(sshd:auth): authentication failure; logname= uid=0 euid=0 tty=ssh ruser= rhost=43.255.190.168  user=root
Apr 10 15:39:25 ovzhost sshd[815]: Failed password for root from 43.255.190.168 port 53084 ssh2
Apr 10 15:39:30 ovzhost sshd[815]: message repeated 2 times: [ Failed password for root from 43.255.190.168 port 53084 ssh2]
Apr 10 15:39:30 ovzhost sshd[815]: Received disconnect from 43.255.190.168: 11:  [preauth]
Apr 10 15:39:30 ovzhost sshd[815]: PAM 2 more authentication failures; logname= uid=0 euid=0 tty=ssh ruser= rhost=43.255.190.168  user=root
Apr 10 15:39:31 ovzhost sshd[817]: pam_unix(sshd:auth): authentication failure; logname= uid=0 euid=0 tty=ssh ruser= rhost=43.255.190.168  user=root
Apr 10 15:39:33 ovzhost sshd[817]: Failed password for root from 43.255.190.168 port 41174 ssh2
Apr 10 15:39:38 ovzhost sshd[817]: message repeated 2 times: [ Failed password for root from 43.255.190.168 port 41174 ssh2]
Apr 10 15:39:38 ovzhost sshd[817]: Received disconnect from 43.255.190.168: 11:  [preauth]
Apr 10 15:39:38 ovzhost sshd[817]: PAM 2 more authentication failures; logname= uid=0 euid=0 tty=ssh ruser= rhost=43.255.190.168  user=root
Apr 10 15:39:38 ovzhost sshd[819]: pam_unix(sshd:auth): authentication failure; logname= uid=0 euid=0 tty=ssh ruser= rhost=43.255.190.168  user=root
Apr 10 15:39:41 ovzhost sshd[819]: Failed password for root from 43.255.190.168 port 55632 ssh2
Apr 10 15:39:44 ovzhost sshd[819]: message repeated 2 times: [ Failed password for root from 43.255.190.168 port 55632 ssh2]
Apr 10 15:39:44 ovzhost sshd[819]: Received disconnect from 43.255.190.168: 11:  [preauth]
Apr 10 15:39:44 ovzhost sshd[819]: PAM 2 more authentication failures; logname= uid=0 euid=0 tty=ssh ruser= rhost=43.255.190.168  user=root
Apr 10 15:39:44 ovzhost sshd[822]: pam_unix(sshd:auth): authentication failure; logname= uid=0 euid=0 tty=ssh ruser= rhost=43.255.190.168  user=root
Apr 10 15:39:46 ovzhost sshd[822]: Failed password for root from 43.255.190.168 port 40144 ssh2
Apr 10 15:39:50 ovzhost sshd[822]: message repeated 2 times: [ Failed password for root from 43.255.190.168 port 40144 ssh2]
Apr 10 15:39:50 ovzhost sshd[822]: Received disconnect from 43.255.190.168: 11:  [preauth]
Apr 10 15:39:50 ovzhost sshd[822]: PAM 2 more authentication failures; logname= uid=0 euid=0 tty=ssh ruser= rhost=43.255.190.168  user=root
Apr 10 15:39:51 ovzhost sshd[824]: pam_unix(sshd:auth): authentication failure; logname= uid=0 euid=0 tty=ssh ruser= rhost=43.255.190.168  user=root
Apr 10 15:39:53 ovzhost sshd[824]: Failed password for root from 43.255.190.168 port 52464 ssh2
Apr 10 15:39:57 ovzhost sshd[824]: message repeated 2 times: [ Failed password for root from 43.255.190.168 port 52464 ssh2]
Apr 10 15:39:57 ovzhost sshd[824]: Received disconnect from 43.255.190.168: 11:  [preauth]
Apr 10 15:39:57 ovzhost sshd[824]: PAM 2 more authentication failures; logname= uid=0 euid=0 tty=ssh ruser= rhost=43.255.190.168  user=root
Apr 10 15:39:57 ovzhost sshd[826]: pam_unix(sshd:auth): authentication failure; logname= uid=0 euid=0 tty=ssh ruser= rhost=43.255.190.168  user=root
Apr 10 15:40:00 ovzhost sshd[826]: Failed password for root from 43.255.190.168 port 37205 ssh2
Apr 10 15:40:01 ovzhost CRON[828]: pam_env(cron:session): Unable to open env file: /etc/default/locale: No such file or directory
Apr 10 15:40:01 ovzhost CRON[828]: pam_unix(cron:session): session opened for user smmsp by (uid=0)
Apr 10 15:40:01 ovzhost CRON[828]: pam_unix(cron:session): session closed for user smmsp
Apr 10 15:40:04 ovzhost sshd[826]: message repeated 2 times: [ Failed password for root from 43.255.190.168 port 37205 ssh2]
Apr 10 15:40:04 ovzhost sshd[826]: Received disconnect from 43.255.190.168: 11:  [preauth]
Apr 10 15:40:04 ovzhost sshd[826]: PAM 2 more authentication failures; logname= uid=0 euid=0 tty=ssh ruser= rhost=43.255.190.168  user=root
Apr 10 15:40:05 ovzhost sshd[856]: pam_unix(sshd:auth): authentication failure; logname= uid=0 euid=0 tty=ssh ruser= rhost=43.255.190.168  user=root
Apr 10 15:40:05 ovzhost sshd[854]: pam_unix(sshd:auth): authentication failure; logname= uid=0 euid=0 tty=ssh ruser= rhost=221.229.166.29  user=root
Apr 10 15:40:06 ovzhost sshd[856]: Failed password for root from 43.255.190.168 port 51909 ssh2
Apr 10 15:40:06 ovzhost sshd[854]: Failed password for root from 221.229.166.29 port 58268 ssh2
Apr 10 15:40:10 ovzhost sshd[856]: message repeated 2 times: [ Failed password for root from 43.255.190.168 port 51909 ssh2]
Apr 10 15:40:10 ovzhost sshd[856]: Received disconnect from 43.255.190.168: 11:  [preauth]
Apr 10 15:40:10 ovzhost sshd[856]: PAM 2 more authentication failures; logname= uid=0 euid=0 tty=ssh ruser= rhost=43.255.190.168  user=root
Apr 10 15:40:11 ovzhost sshd[858]: pam_unix(sshd:auth): authentication failure; logname= uid=0 euid=0 tty=ssh ruser= rhost=43.255.190.168  user=root
Apr 10 15:40:12 ovzhost sshd[854]: message repeated 2 times: [ Failed password for root from 221.229.166.29 port 58268 ssh2]
Apr 10 15:40:12 ovzhost sshd[854]: Received disconnect from 221.229.166.29: 11:  [preauth]
Apr 10 15:40:12 ovzhost sshd[854]: PAM 2 more authentication failures; logname= uid=0 euid=0 tty=ssh ruser= rhost=221.229.166.29  user=root
Apr 10 15:40:13 ovzhost sshd[858]: Failed password for root from 43.255.190.168 port 36423 ssh2
Apr 10 15:40:14 ovzhost sshd[862]: pam_unix(sshd:auth): authentication failure; logname= uid=0 euid=0 tty=ssh ruser= rhost=221.229.166.29  user=root
Apr 10 15:40:16 ovzhost sshd[862]: Failed password for root from 221.229.166.29 port 48535 ssh2
Apr 10 15:40:17 ovzhost sshd[858]: message repeated 2 times: [ Failed password for root from 43.255.190.168 port 36423 ssh2]
Apr 10 15:40:17 ovzhost sshd[858]: Received disconnect from 43.255.190.168: 11:  [preauth]
Apr 10 15:40:17 ovzhost sshd[858]: PAM 2 more authentication failures; logname= uid=0 euid=0 tty=ssh ruser= rhost=43.255.190.168  user=root
Apr 10 15:40:18 ovzhost sshd[864]: pam_unix(sshd:auth): authentication failure; logname= uid=0 euid=0 tty=ssh ruser= rhost=43.255.190.168  user=root
Apr 10 15:40:19 ovzhost sshd[864]: Failed password for root from 43.255.190.168 port 49476 ssh2
Apr 10 15:40:19 ovzhost sshd[862]: message repeated 2 times: [ Failed password for root from 221.229.166.29 port 48535 ssh2]
Apr 10 15:40:20 ovzhost sshd[862]: Received disconnect from 221.229.166.29: 11:  [preauth]
Apr 10 15:40:20 ovzhost sshd[862]: PAM 2 more authentication failures; logname= uid=0 euid=0 tty=ssh ruser= rhost=221.229.166.29  user=root
Apr 10 15:40:22 ovzhost sshd[866]: pam_unix(sshd:auth): authentication failure; logname= uid=0 euid=0 tty=ssh ruser= rhost=221.229.166.29  user=root
Apr 10 15:40:23 ovzhost sshd[866]: Failed password for root from 221.229.166.29 port 37290 ssh2
Apr 10 15:40:24 ovzhost sshd[864]: message repeated 2 times: [ Failed password for root from 43.255.190.168 port 49476 ssh2]
Apr 10 15:40:24 ovzhost sshd[864]: Received disconnect from 43.255.190.168: 11:  [preauth]
Apr 10 15:40:24 ovzhost sshd[864]: PAM 2 more authentication failures; logname= uid=0 euid=0 tty=ssh ruser= rhost=43.255.190.168  user=root
Apr 10 15:40:24 ovzhost sshd[868]: pam_unix(sshd:auth): authentication failure; logname= uid=0 euid=0 tty=ssh ruser= rhost=43.255.190.168  user=root
Apr 10 15:40:26 ovzhost sshd[868]: Failed password for root from 43.255.190.168 port 34927 ssh2
Apr 10 15:40:28 ovzhost sshd[866]: message repeated 2 times: [ Failed password for root from 221.229.166.29 port 37290 ssh2]
Apr 10 15:40:28 ovzhost sshd[866]: Received disconnect from 221.229.166.29: 11:  [preauth]
Apr 10 15:40:28 ovzhost sshd[866]: PAM 2 more authentication failures; logname= uid=0 euid=0 tty=ssh ruser= rhost=221.229.166.29  user=root
Apr 10 15:40:30 ovzhost sshd[871]: pam_unix(sshd:auth): authentication failure; logname= uid=0 euid=0 tty=ssh ruser= rhost=221.229.166.29  user=root
Apr 10 15:40:30 ovzhost sshd[868]: message repeated 2 times: [ Failed password for root from 43.255.190.168 port 34927 ssh2]
Apr 10 15:40:30 ovzhost sshd[868]: Received disconnect from 43.255.190.168: 11:  [preauth]
Apr 10 15:40:30 ovzhost sshd[868]: PAM 2 more authentication failures; logname= uid=0 euid=0 tty=ssh ruser= rhost=43.255.190.168  user=root
Apr 10 15:40:31 ovzhost sshd[873]: pam_unix(sshd:auth): authentication failure; logname= uid=0 euid=0 tty=ssh ruser= rhost=43.255.190.168  user=root
Apr 10 15:40:31 ovzhost sshd[871]: Failed password for root from 221.229.166.29 port 54692 ssh2
Apr 10 15:40:32 ovzhost sshd[873]: Failed password for root from 43.255.190.168 port 48209 ssh2
Apr 10 15:40:36 ovzhost sshd[871]: message repeated 2 times: [ Failed password for root from 221.229.166.29 port 54692 ssh2]
Apr 10 15:40:36 ovzhost sshd[871]: Received disconnect from 221.229.166.29: 11:  [preauth]
Apr 10 15:40:36 ovzhost sshd[871]: PAM 2 more authentication failures; logname= uid=0 euid=0 tty=ssh ruser= rhost=221.229.166.29  user=root
Apr 10 15:40:36 ovzhost sshd[873]: message repeated 2 times: [ Failed password for root from 43.255.190.168 port 48209 ssh2]
Apr 10 15:40:37 ovzhost sshd[873]: Received disconnect from 43.255.190.168: 11:  [preauth]
Apr 10 15:40:37 ovzhost sshd[873]: PAM 2 more authentication failures; logname= uid=0 euid=0 tty=ssh ruser= rhost=43.255.190.168  user=root
Apr 10 15:40:37 ovzhost sshd[875]: pam_unix(sshd:auth): authentication failure; logname= uid=0 euid=0 tty=ssh ruser= rhost=43.255.190.168  user=root
Apr 10 15:40:39 ovzhost sshd[877]: pam_unix(sshd:auth): authentication failure; logname= uid=0 euid=0 tty=ssh ruser= rhost=221.229.166.29  user=root
Apr 10 15:40:39 ovzhost sshd[875]: Failed password for root from 43.255.190.168 port 60892 ssh2
Apr 10 15:40:41 ovzhost sshd[877]: Failed password for root from 221.229.166.29 port 43555 ssh2
Apr 10 15:40:42 ovzhost sshd[880]: Connection closed by 128.8.37.120 [preauth]
Apr 10 15:40:43 ovzhost sshd[875]: message repeated 2 times: [ Failed password for root from 43.255.190.168 port 60892 ssh2]
Apr 10 15:40:43 ovzhost sshd[875]: Received disconnect from 43.255.190.168: 11:  [preauth]
Apr 10 15:40:43 ovzhost sshd[875]: PAM 2 more authentication failures; logname= uid=0 euid=0 tty=ssh ruser= rhost=43.255.190.168  user=root
Apr 10 15:40:44 ovzhost sshd[882]: pam_unix(sshd:auth): authentication failure; logname= uid=0 euid=0 tty=ssh ruser= rhost=43.255.190.168  user=root
Apr 10 15:40:45 ovzhost sshd[877]: message repeated 2 times: [ Failed password for root from 221.229.166.29 port 43555 ssh2]
Apr 10 15:40:46 ovzhost sshd[877]: Received disconnect from 221.229.166.29: 11:  [preauth]
Apr 10 15:40:46 ovzhost sshd[877]: PAM 2 more authentication failures; logname= uid=0 euid=0 tty=ssh ruser= rhost=221.229.166.29  user=root
Apr 10 15:40:46 ovzhost sshd[882]: Failed password for root from 43.255.190.168 port 46034 ssh2
Apr 10 15:40:48 ovzhost sshd[884]: pam_unix(sshd:auth): authentication failure; logname= uid=0 euid=0 tty=ssh ruser= rhost=221.229.166.29  user=root
Apr 10 15:40:49 ovzhost sshd[884]: Failed password for root from 221.229.166.29 port 35225 ssh2
Apr 10 15:40:50 ovzhost sshd[882]: message repeated 2 times: [ Failed password for root from 43.255.190.168 port 46034 ssh2]
Apr 10 15:40:50 ovzhost sshd[882]: Received disconnect from 43.255.190.168: 11:  [preauth]
Apr 10 15:40:50 ovzhost sshd[882]: PAM 2 more authentication failures; logname= uid=0 euid=0 tty=ssh ruser= rhost=43.255.190.168  user=root
Apr 10 15:40:50 ovzhost sshd[886]: pam_unix(sshd:auth): authentication failure; logname= uid=0 euid=0 tty=ssh ruser= rhost=43.255.190.168  user=root
Apr 10 15:40:52 ovzhost sshd[886]: Failed password for root from 43.255.190.168 port 59480 ssh2
Apr 10 15:40:53 ovzhost sshd[884]: message repeated 2 times: [ Failed password for root from 221.229.166.29 port 35225 ssh2]
Apr 10 15:40:54 ovzhost sshd[884]: Received disconnect from 221.229.166.29: 11:  [preauth]
Apr 10 15:40:54 ovzhost sshd[884]: PAM 2 more authentication failures; logname= uid=0 euid=0 tty=ssh ruser= rhost=221.229.166.29  user=root
Apr 10 15:40:55 ovzhost sshd[886]: message repeated 2 times: [ Failed password for root from 43.255.190.168 port 59480 ssh2]
Apr 10 15:40:55 ovzhost sshd[886]: Received disconnect from 43.255.190.168: 11:  [preauth]
Apr 10 15:40:55 ovzhost sshd[886]: PAM 2 more authentication failures; logname= uid=0 euid=0 tty=ssh ruser= rhost=43.255.190.168  user=root
Apr 10 15:40:56 ovzhost sshd[888]: pam_unix(sshd:auth): authentication failure; logname= uid=0 euid=0 tty=ssh ruser= rhost=221.229.166.29  user=root
Apr 10 15:40:56 ovzhost sshd[892]: pam_unix(sshd:auth): authentication failure; logname= uid=0 euid=0 tty=ssh ruser= rhost=43.255.190.168  user=root
Apr 10 15:40:58 ovzhost sshd[888]: Failed password for root from 221.229.166.29 port 52357 ssh2
Apr 10 15:40:59 ovzhost sshd[892]: Failed password for root from 43.255.190.168 port 43753 ssh2
Apr 10 15:41:02 ovzhost sshd[888]: message repeated 2 times: [ Failed password for root from 221.229.166.29 port 52357 ssh2]
Apr 10 15:41:02 ovzhost sshd[888]: Received disconnect from 221.229.166.29: 11:  [preauth]
Apr 10 15:41:02 ovzhost sshd[888]: PAM 2 more authentication failures; logname= uid=0 euid=0 tty=ssh ruser= rhost=221.229.166.29  user=root
Apr 10 15:41:02 ovzhost sshd[892]: message repeated 2 times: [ Failed password for root from 43.255.190.168 port 43753 ssh2]
Apr 10 15:41:02 ovzhost sshd[892]: Received disconnect from 43.255.190.168: 11:  [preauth]
Apr 10 15:41:02 ovzhost sshd[892]: PAM 2 more authentication failures; logname= uid=0 euid=0 tty=ssh ruser= rhost=43.255.190.168  user=root
Apr 10 15:41:03 ovzhost sshd[896]: pam_unix(sshd:auth): authentication failure; logname= uid=0 euid=0 tty=ssh ruser= rhost=43.255.190.168  user=root
Apr 10 15:41:05 ovzhost sshd[894]: pam_unix(sshd:auth): authentication failure; logname= uid=0 euid=0 tty=ssh ruser= rhost=221.229.166.29  user=root
Apr 10 15:41:05 ovzhost sshd[896]: Failed password for root from 43.255.190.168 port 57619 ssh2
Apr 10 15:41:06 ovzhost sshd[894]: Failed password for root from 221.229.166.29 port 40332 ssh2
Apr 10 15:41:08 ovzhost sshd[899]: Connection closed by 127.0.0.1 [preauth]
Apr 10 15:41:09 ovzhost sshd[896]: message repeated 2 times: [ Failed password for root from 43.255.190.168 port 57619 ssh2]
Apr 10 15:41:09 ovzhost sshd[896]: Received disconnect from 43.255.190.168: 11:  [preauth]
Apr 10 15:41:09 ovzhost sshd[896]: PAM 2 more authentication failures; logname= uid=0 euid=0 tty=ssh ruser= rhost=43.255.190.168  user=root
Apr 10 15:41:10 ovzhost sshd[901]: pam_unix(sshd:auth): authentication failure; logname= uid=0 euid=0 tty=ssh ruser= rhost=43.255.190.168  user=root
Apr 10 15:41:10 ovzhost sshd[894]: message repeated 2 times: [ Failed password for root from 221.229.166.29 port 40332 ssh2]
Apr 10 15:41:10 ovzhost sshd[894]: Received disconnect from 221.229.166.29: 11:  [preauth]
Apr 10 15:41:10 ovzhost sshd[894]: PAM 2 more authentication failures; logname= uid=0 euid=0 tty=ssh ruser= rhost=221.229.166.29  user=root
Apr 10 15:41:11 ovzhost sshd[901]: Failed password for root from 43.255.190.168 port 44099 ssh2
Apr 10 15:41:13 ovzhost sshd[903]: pam_unix(sshd:auth): authentication failure; logname= uid=0 euid=0 tty=ssh ruser= rhost=221.229.166.29  user=root
Apr 10 15:41:14 ovzhost sshd[903]: Failed password for root from 221.229.166.29 port 59986 ssh2
Apr 10 15:41:14 ovzhost sshd[901]: message repeated 2 times: [ Failed password for root from 43.255.190.168 port 44099 ssh2]
Apr 10 15:41:14 ovzhost sshd[901]: Received disconnect from 43.255.190.168: 11:  [preauth]
Apr 10 15:41:14 ovzhost sshd[901]: PAM 2 more authentication failures; logname= uid=0 euid=0 tty=ssh ruser= rhost=43.255.190.168  user=root
Apr 10 15:41:15 ovzhost sshd[905]: pam_unix(sshd:auth): authentication failure; logname= uid=0 euid=0 tty=ssh ruser= rhost=43.255.190.168  user=root
Apr 10 15:41:17 ovzhost sshd[905]: Failed password for root from 43.255.190.168 port 56522 ssh2
Apr 10 15:41:19 ovzhost sshd[903]: message repeated 2 times: [ Failed password for root from 221.229.166.29 port 59986 ssh2]
Apr 10 15:41:19 ovzhost sshd[903]: Received disconnect from 221.229.166.29: 11:  [preauth]
Apr 10 15:41:19 ovzhost sshd[903]: PAM 2 more authentication failures; logname= uid=0 euid=0 tty=ssh ruser= rhost=221.229.166.29  user=root
Apr 10 15:41:21 ovzhost sshd[907]: pam_unix(sshd:auth): authentication failure; logname= uid=0 euid=0 tty=ssh ruser= rhost=221.229.166.29  user=root
Apr 10 15:41:21 ovzhost sshd[905]: message repeated 2 times: [ Failed password for root from 43.255.190.168 port 56522 ssh2]
Apr 10 15:41:21 ovzhost sshd[905]: Received disconnect from 43.255.190.168: 11:  [preauth]
Apr 10 15:41:21 ovzhost sshd[905]: PAM 2 more authentication failures; logname= uid=0 euid=0 tty=ssh ruser= rhost=43.255.190.168  user=root
Apr 10 15:41:22 ovzhost sshd[909]: pam_unix(sshd:auth): authentication failure; logname= uid=0 euid=0 tty=ssh ruser= rhost=43.255.190.168  user=root
Apr 10 15:41:23 ovzhost sshd[907]: Failed password for root from 221.229.166.29 port 50823 ssh2
Apr 10 15:41:24 ovzhost sshd[909]: Failed password for root from 43.255.190.168 port 42905 ssh2
Apr 10 15:41:27 ovzhost sshd[907]: message repeated 2 times: [ Failed password for root from 221.229.166.29 port 50823 ssh2]
Apr 10 15:41:27 ovzhost sshd[907]: Received disconnect from 221.229.166.29: 11:  [preauth]
Apr 10 15:41:27 ovzhost sshd[907]: PAM 2 more authentication failures; logname= uid=0 euid=0 tty=ssh ruser= rhost=221.229.166.29  user=root
Apr 10 15:41:27 ovzhost sshd[909]: message repeated 2 times: [ Failed password for root from 43.255.190.168 port 42905 ssh2]
Apr 10 15:41:27 ovzhost sshd[909]: Received disconnect from 43.255.190.168: 11:  [preauth]
Apr 10 15:41:27 ovzhost sshd[909]: PAM 2 more authentication failures; logname= uid=0 euid=0 tty=ssh ruser= rhost=43.255.190.168  user=root
Apr 10 15:41:28 ovzhost sshd[911]: pam_unix(sshd:auth): authentication failure; logname= uid=0 euid=0 tty=ssh ruser= rhost=43.255.190.168  user=root
Apr 10 15:41:29 ovzhost sshd[911]: Failed password for root from 43.255.190.168 port 56074 ssh2
Apr 10 15:41:29 ovzhost sshd[913]: pam_unix(sshd:auth): authentication failure; logname= uid=0 euid=0 tty=ssh ruser= rhost=221.229.166.29  user=root
Apr 10 15:41:31 ovzhost sshd[913]: Failed password for root from 221.229.166.29 port 42110 ssh2
Apr 10 15:41:33 ovzhost sshd[911]: message repeated 2 times: [ Failed password for root from 43.255.190.168 port 56074 ssh2]
Apr 10 15:41:33 ovzhost sshd[911]: Received disconnect from 43.255.190.168: 11:  [preauth]
Apr 10 15:41:33 ovzhost sshd[911]: PAM 2 more authentication failures; logname= uid=0 euid=0 tty=ssh ruser= rhost=43.255.190.168  user=root
Apr 10 15:41:34 ovzhost sshd[915]: pam_unix(sshd:auth): authentication failure; logname= uid=0 euid=0 tty=ssh ruser= rhost=43.255.190.168  user=root
Apr 10 15:41:35 ovzhost sshd[913]: message repeated 2 times: [ Failed password for root from 221.229.166.29 port 42110 ssh2]
Apr 10 15:41:36 ovzhost sshd[913]: Received disconnect from 221.229.166.29: 11:  [preauth]
Apr 10 15:41:36 ovzhost sshd[913]: PAM 2 more authentication failures; logname= uid=0 euid=0 tty=ssh ruser= rhost=221.229.166.29  user=root
Apr 10 15:41:36 ovzhost sshd[915]: Failed password for root from 43.255.190.168 port 42297 ssh2
Apr 10 15:41:37 ovzhost sshd[917]: pam_unix(sshd:auth): authentication failure; logname= uid=0 euid=0 tty=ssh ruser= rhost=221.229.166.29  user=root
Apr 10 15:41:39 ovzhost sshd[917]: Failed password for root from 221.229.166.29 port 33790 ssh2
Apr 10 15:41:40 ovzhost sshd[915]: message repeated 2 times: [ Failed password for root from 43.255.190.168 port 42297 ssh2]
Apr 10 15:41:40 ovzhost sshd[915]: Received disconnect from 43.255.190.168: 11:  [preauth]
Apr 10 15:41:40 ovzhost sshd[915]: PAM 2 more authentication failures; logname= uid=0 euid=0 tty=ssh ruser= rhost=43.255.190.168  user=root
Apr 10 15:41:40 ovzhost sshd[919]: pam_unix(sshd:auth): authentication failure; logname= uid=0 euid=0 tty=ssh ruser= rhost=43.255.190.168  user=root
Apr 10 15:41:42 ovzhost sshd[919]: Failed password for root from 43.255.190.168 port 57118 ssh2
Apr 10 15:41:43 ovzhost sshd[917]: message repeated 2 times: [ Failed password for root from 221.229.166.29 port 33790 ssh2]
Apr 10 15:41:44 ovzhost sshd[917]: Received disconnect from 221.229.166.29: 11:  [preauth]
Apr 10 15:41:44 ovzhost sshd[917]: PAM 2 more authentication failures; logname= uid=0 euid=0 tty=ssh ruser= rhost=221.229.166.29  user=root
Apr 10 15:41:45 ovzhost sshd[923]: pam_unix(sshd:auth): authentication failure; logname= uid=0 euid=0 tty=ssh ruser= rhost=221.229.166.29  user=root
Apr 10 15:41:45 ovzhost sshd[919]: message repeated 2 times: [ Failed password for root from 43.255.190.168 port 57118 ssh2]
Apr 10 15:41:46 ovzhost sshd[919]: Received disconnect from 43.255.190.168: 11:  [preauth]
Apr 10 15:41:46 ovzhost sshd[919]: PAM 2 more authentication failures; logname= uid=0 euid=0 tty=ssh ruser= rhost=43.255.190.168  user=root
Apr 10 15:41:46 ovzhost sshd[925]: pam_unix(sshd:auth): authentication failure; logname= uid=0 euid=0 tty=ssh ruser= rhost=43.255.190.168  user=root
Apr 10 15:41:47 ovzhost sshd[923]: Failed password for root from 221.229.166.29 port 52153 ssh2
Apr 10 15:41:48 ovzhost sshd[925]: Failed password for root from 43.255.190.168 port 41042 ssh2
Apr 10 15:41:52 ovzhost sshd[923]: message repeated 2 times: [ Failed password for root from 221.229.166.29 port 52153 ssh2]
Apr 10 15:41:52 ovzhost sshd[923]: Received disconnect from 221.229.166.29: 11:  [preauth]
Apr 10 15:41:52 ovzhost sshd[923]: PAM 2 more authentication failures; logname= uid=0 euid=0 tty=ssh ruser= rhost=221.229.166.29  user=root
Apr 10 15:41:52 ovzhost sshd[925]: message repeated 2 times: [ Failed password for root from 43.255.190.168 port 41042 ssh2]
Apr 10 15:41:52 ovzhost sshd[925]: Received disconnect from 43.255.190.168: 11:  [preauth]
Apr 10 15:41:52 ovzhost sshd[925]: PAM 2 more authentication failures; logname= uid=0 euid=0 tty=ssh ruser= rhost=43.255.190.168  user=root
Apr 10 15:41:53 ovzhost sshd[927]: pam_unix(sshd:auth): authentication failure; logname= uid=0 euid=0 tty=ssh ruser= rhost=43.255.190.168  user=root
Apr 10 15:41:54 ovzhost sshd[929]: pam_unix(sshd:auth): authentication failure; logname= uid=0 euid=0 tty=ssh ruser= rhost=221.229.166.29  user=root
Apr 10 15:41:55 ovzhost sshd[927]: Failed password for root from 43.255.190.168 port 55911 ssh2
Apr 10 15:41:56 ovzhost sshd[929]: Failed password for root from 221.229.166.29 port 43373 ssh2
Apr 10 15:41:59 ovzhost sshd[927]: message repeated 2 times: [ Failed password for root from 43.255.190.168 port 55911 ssh2]
Apr 10 15:41:59 ovzhost sshd[927]: Received disconnect from 43.255.190.168: 11:  [preauth]
Apr 10 15:41:59 ovzhost sshd[927]: PAM 2 more authentication failures; logname= uid=0 euid=0 tty=ssh ruser= rhost=43.255.190.168  user=root
Apr 10 15:42:00 ovzhost sshd[931]: pam_unix(sshd:auth): authentication failure; logname= uid=0 euid=0 tty=ssh ruser= rhost=43.255.190.168  user=root
Apr 10 15:42:00 ovzhost sshd[929]: message repeated 2 times: [ Failed password for root from 221.229.166.29 port 43373 ssh2]
Apr 10 15:42:00 ovzhost sshd[929]: Received disconnect from 221.229.166.29: 11:  [preauth]
Apr 10 15:42:00 ovzhost sshd[929]: PAM 2 more authentication failures; logname= uid=0 euid=0 tty=ssh ruser= rhost=221.229.166.29  user=root
Apr 10 15:42:01 ovzhost sshd[931]: Failed password for root from 43.255.190.168 port 43975 ssh2
Apr 10 15:42:03 ovzhost sshd[933]: pam_unix(sshd:auth): authentication failure; logname= uid=0 euid=0 tty=ssh ruser= rhost=221.229.166.29  user=root
Apr 10 15:42:05 ovzhost sshd[933]: Failed password for root from 221.229.166.29 port 33859 ssh2
Apr 10 15:42:05 ovzhost sshd[931]: message repeated 2 times: [ Failed password for root from 43.255.190.168 port 43975 ssh2]
Apr 10 15:42:05 ovzhost sshd[931]: Received disconnect from 43.255.190.168: 11:  [preauth]
Apr 10 15:42:05 ovzhost sshd[931]: PAM 2 more authentication failures; logname= uid=0 euid=0 tty=ssh ruser= rhost=43.255.190.168  user=root
Apr 10 15:42:06 ovzhost sshd[935]: pam_unix(sshd:auth): authentication failure; logname= uid=0 euid=0 tty=ssh ruser= rhost=43.255.190.168  user=root
Apr 10 15:42:08 ovzhost sshd[935]: Failed password for root from 43.255.190.168 port 57516 ssh2
Apr 10 15:42:09 ovzhost sshd[933]: message repeated 2 times: [ Failed password for root from 221.229.166.29 port 33859 ssh2]
Apr 10 15:42:10 ovzhost sshd[933]: Received disconnect from 221.229.166.29: 11:  [preauth]
Apr 10 15:42:10 ovzhost sshd[933]: PAM 2 more authentication failures; logname= uid=0 euid=0 tty=ssh ruser= rhost=221.229.166.29  user=root
Apr 10 15:42:11 ovzhost sshd[935]: message repeated 2 times: [ Failed password for root from 43.255.190.168 port 57516 ssh2]
Apr 10 15:42:11 ovzhost sshd[935]: Received disconnect from 43.255.190.168: 11:  [preauth]
Apr 10 15:42:11 ovzhost sshd[935]: PAM 2 more authentication failures; logname= uid=0 euid=0 tty=ssh ruser= rhost=43.255.190.168  user=root
Apr 10 15:42:12 ovzhost sshd[938]: pam_unix(sshd:auth): authentication failure; logname= uid=0 euid=0 tty=ssh ruser= rhost=221.229.166.29  user=root
Apr 10 15:42:12 ovzhost sshd[940]: pam_unix(sshd:auth): authentication failure; logname= uid=0 euid=0 tty=ssh ruser= rhost=43.255.190.168  user=root
Apr 10 15:42:13 ovzhost sshd[938]: Failed password for root from 221.229.166.29 port 54232 ssh2
Apr 10 15:42:13 ovzhost sshd[940]: Failed password for root from 43.255.190.168 port 42401 ssh2
Apr 10 15:42:18 ovzhost sshd[940]: message repeated 2 times: [ Failed password for root from 43.255.190.168 port 42401 ssh2]
Apr 10 15:42:18 ovzhost sshd[940]: Received disconnect from 43.255.190.168: 11:  [preauth]
Apr 10 15:42:18 ovzhost sshd[940]: PAM 2 more authentication failures; logname= uid=0 euid=0 tty=ssh ruser= rhost=43.255.190.168  user=root
Apr 10 15:42:18 ovzhost sshd[938]: message repeated 2 times: [ Failed password for root from 221.229.166.29 port 54232 ssh2]
Apr 10 15:42:19 ovzhost sshd[938]: Received disconnect from 221.229.166.29: 11:  [preauth]
Apr 10 15:42:19 ovzhost sshd[938]: PAM 2 more authentication failures; logname= uid=0 euid=0 tty=ssh ruser= rhost=221.229.166.29  user=root
Apr 10 15:42:19 ovzhost sshd[944]: pam_unix(sshd:auth): authentication failure; logname= uid=0 euid=0 tty=ssh ruser= rhost=43.255.190.168  user=root
Apr 10 15:42:21 ovzhost sshd[944]: Failed password for root from 43.255.190.168 port 57063 ssh2
Apr 10 15:42:21 ovzhost sshd[946]: pam_unix(sshd:auth): authentication failure; logname= uid=0 euid=0 tty=ssh ruser= rhost=221.229.166.29  user=root
Apr 10 15:42:23 ovzhost sshd[946]: Failed password for root from 221.229.166.29 port 45402 ssh2
Apr 10 15:42:25 ovzhost sshd[944]: message repeated 2 times: [ Failed password for root from 43.255.190.168 port 57063 ssh2]
Apr 10 15:42:25 ovzhost sshd[944]: Received disconnect from 43.255.190.168: 11:  [preauth]
Apr 10 15:42:25 ovzhost sshd[944]: PAM 2 more authentication failures; logname= uid=0 euid=0 tty=ssh ruser= rhost=43.255.190.168  user=root
Apr 10 15:42:25 ovzhost sshd[948]: pam_unix(sshd:auth): authentication failure; logname= uid=0 euid=0 tty=ssh ruser= rhost=43.255.190.168  user=root
Apr 10 15:42:27 ovzhost sshd[948]: Failed password for root from 43.255.190.168 port 44140 ssh2
Apr 10 15:42:27 ovzhost sshd[946]: message repeated 2 times: [ Failed password for root from 221.229.166.29 port 45402 ssh2]
Apr 10 15:42:28 ovzhost sshd[946]: Received disconnect from 221.229.166.29: 11:  [preauth]
Apr 10 15:42:28 ovzhost sshd[946]: PAM 2 more authentication failures; logname= uid=0 euid=0 tty=ssh ruser= rhost=221.229.166.29  user=root
Apr 10 15:42:29 ovzhost sshd[950]: pam_unix(sshd:auth): authentication failure; logname= uid=0 euid=0 tty=ssh ruser= rhost=221.229.166.29  user=root
Apr 10 15:42:31 ovzhost sshd[950]: Failed password for root from 221.229.166.29 port 38983 ssh2
Apr 10 15:42:31 ovzhost sshd[948]: message repeated 2 times: [ Failed password for root from 43.255.190.168 port 44140 ssh2]
Apr 10 15:42:32 ovzhost sshd[948]: Received disconnect from 43.255.190.168: 11:  [preauth]
Apr 10 15:42:32 ovzhost sshd[948]: PAM 2 more authentication failures; logname= uid=0 euid=0 tty=ssh ruser= rhost=43.255.190.168  user=root
Apr 10 15:42:32 ovzhost sshd[952]: pam_unix(sshd:auth): authentication failure; logname= uid=0 euid=0 tty=ssh ruser= rhost=43.255.190.168  user=root
Apr 10 15:42:34 ovzhost sshd[952]: Failed password for root from 43.255.190.168 port 58828 ssh2
Apr 10 15:42:36 ovzhost sshd[950]: message repeated 2 times: [ Failed password for root from 221.229.166.29 port 38983 ssh2]
Apr 10 15:42:36 ovzhost sshd[950]: Received disconnect from 221.229.166.29: 11:  [preauth]
Apr 10 15:42:36 ovzhost sshd[950]: PAM 2 more authentication failures; logname= uid=0 euid=0 tty=ssh ruser= rhost=221.229.166.29  user=root
Apr 10 15:42:38 ovzhost sshd[954]: pam_unix(sshd:auth): authentication failure; logname= uid=0 euid=0 tty=ssh ruser= rhost=221.229.166.29  user=root
Apr 10 15:42:38 ovzhost sshd[952]: message repeated 2 times: [ Failed password for root from 43.255.190.168 port 58828 ssh2]
Apr 10 15:42:38 ovzhost sshd[952]: Received disconnect from 43.255.190.168: 11:  [preauth]
Apr 10 15:42:38 ovzhost sshd[952]: PAM 2 more authentication failures; logname= uid=0 euid=0 tty=ssh ruser= rhost=43.255.190.168  user=root
Apr 10 15:42:39 ovzhost sshd[956]: pam_unix(sshd:auth): authentication failure; logname= uid=0 euid=0 tty=ssh ruser= rhost=43.255.190.168  user=root
Apr 10 15:42:40 ovzhost sshd[954]: Failed password for root from 221.229.166.29 port 57090 ssh2
Apr 10 15:42:41 ovzhost sshd[956]: Failed password for root from 43.255.190.168 port 45436 ssh2
Apr 10 15:42:44 ovzhost sshd[954]: message repeated 2 times: [ Failed password for root from 221.229.166.29 port 57090 ssh2]
Apr 10 15:42:44 ovzhost sshd[954]: Received disconnect from 221.229.166.29: 11:  [preauth]
Apr 10 15:42:44 ovzhost sshd[954]: PAM 2 more authentication failures; logname= uid=0 euid=0 tty=ssh ruser= rhost=221.229.166.29  user=root
Apr 10 15:42:44 ovzhost sshd[956]: message repeated 2 times: [ Failed password for root from 43.255.190.168 port 45436 ssh2]
Apr 10 15:42:45 ovzhost sshd[956]: Received disconnect from 43.255.190.168: 11:  [preauth]
Apr 10 15:42:45 ovzhost sshd[956]: PAM 2 more authentication failures; logname= uid=0 euid=0 tty=ssh ruser= rhost=43.255.190.168  user=root
Apr 10 15:42:46 ovzhost sshd[960]: pam_unix(sshd:auth): authentication failure; logname= uid=0 euid=0 tty=ssh ruser= rhost=43.255.190.168  user=root
Apr 10 15:42:47 ovzhost sshd[960]: Failed password for root from 43.255.190.168 port 60345 ssh2
Apr 10 15:42:48 ovzhost sshd[958]: pam_unix(sshd:auth): authentication failure; logname= uid=0 euid=0 tty=ssh ruser= rhost=221.229.166.29  user=root
Apr 10 15:42:50 ovzhost sshd[958]: Failed password for root from 221.229.166.29 port 48202 ssh2
Apr 10 15:42:52 ovzhost sshd[960]: message repeated 2 times: [ Failed password for root from 43.255.190.168 port 60345 ssh2]
Apr 10 15:42:52 ovzhost sshd[960]: Received disconnect from 43.255.190.168: 11:  [preauth]
Apr 10 15:42:52 ovzhost sshd[960]: PAM 2 more authentication failures; logname= uid=0 euid=0 tty=ssh ruser= rhost=43.255.190.168  user=root
Apr 10 15:42:52 ovzhost sshd[962]: pam_unix(sshd:auth): authentication failure; logname= uid=0 euid=0 tty=ssh ruser= rhost=43.255.190.168  user=root
Apr 10 15:42:54 ovzhost sshd[958]: message repeated 2 times: [ Failed password for root from 221.229.166.29 port 48202 ssh2]
Apr 10 15:42:54 ovzhost sshd[958]: Received disconnect from 221.229.166.29: 11:  [preauth]
Apr 10 15:42:54 ovzhost sshd[958]: PAM 2 more authentication failures; logname= uid=0 euid=0 tty=ssh ruser= rhost=221.229.166.29  user=root
Apr 10 15:42:54 ovzhost sshd[962]: Failed password for root from 43.255.190.168 port 48109 ssh2
Apr 10 15:42:56 ovzhost sshd[964]: pam_unix(sshd:auth): authentication failure; logname= uid=0 euid=0 tty=ssh ruser= rhost=221.229.166.29  user=root
Apr 10 15:42:58 ovzhost sshd[964]: Failed password for root from 221.229.166.29 port 41379 ssh2
Apr 10 15:42:58 ovzhost sshd[962]: message repeated 2 times: [ Failed password for root from 43.255.190.168 port 48109 ssh2]
Apr 10 15:42:59 ovzhost sshd[962]: Received disconnect from 43.255.190.168: 11:  [preauth]
Apr 10 15:42:59 ovzhost sshd[962]: PAM 2 more authentication failures; logname= uid=0 euid=0 tty=ssh ruser= rhost=43.255.190.168  user=root
Apr 10 15:42:59 ovzhost sshd[968]: pam_unix(sshd:auth): authentication failure; logname= uid=0 euid=0 tty=ssh ruser= rhost=43.255.190.168  user=root
Apr 10 15:43:01 ovzhost sshd[968]: Failed password for root from 43.255.190.168 port 35276 ssh2
Apr 10 15:43:03 ovzhost sshd[964]: message repeated 2 times: [ Failed password for root from 221.229.166.29 port 41379 ssh2]
Apr 10 15:43:03 ovzhost sshd[964]: Received disconnect from 221.229.166.29: 11:  [preauth]
Apr 10 15:43:03 ovzhost sshd[964]: PAM 2 more authentication failures; logname= uid=0 euid=0 tty=ssh ruser= rhost=221.229.166.29  user=root
Apr 10 15:43:05 ovzhost sshd[970]: pam_unix(sshd:auth): authentication failure; logname= uid=0 euid=0 tty=ssh ruser= rhost=221.229.166.29  user=root
Apr 10 15:43:05 ovzhost sshd[968]: message repeated 2 times: [ Failed password for root from 43.255.190.168 port 35276 ssh2]
Apr 10 15:43:05 ovzhost sshd[968]: Received disconnect from 43.255.190.168: 11:  [preauth]
Apr 10 15:43:05 ovzhost sshd[968]: PAM 2 more authentication failures; logname= uid=0 euid=0 tty=ssh ruser= rhost=43.255.190.168  user=root
Apr 10 15:43:06 ovzhost sshd[972]: pam_unix(sshd:auth): authentication failure; logname= uid=0 euid=0 tty=ssh ruser= rhost=43.255.190.168  user=root
Apr 10 15:43:07 ovzhost sshd[970]: Failed password for root from 221.229.166.29 port 33110 ssh2
Apr 10 15:43:08 ovzhost sshd[972]: Failed password for root from 43.255.190.168 port 50360 ssh2
Apr 10 15:43:11 ovzhost sshd[970]: message repeated 2 times: [ Failed password for root from 221.229.166.29 port 33110 ssh2]
Apr 10 15:43:12 ovzhost sshd[970]: Received disconnect from 221.229.166.29: 11:  [preauth]
Apr 10 15:43:12 ovzhost sshd[970]: PAM 2 more authentication failures; logname= uid=0 euid=0 tty=ssh ruser= rhost=221.229.166.29  user=root
Apr 10 15:43:12 ovzhost sshd[972]: message repeated 2 times: [ Failed password for root from 43.255.190.168 port 50360 ssh2]
Apr 10 15:43:12 ovzhost sshd[972]: Received disconnect from 43.255.190.168: 11:  [preauth]
Apr 10 15:43:12 ovzhost sshd[972]: PAM 2 more authentication failures; logname= uid=0 euid=0 tty=ssh ruser= rhost=43.255.190.168  user=root
Apr 10 15:43:13 ovzhost sshd[979]: pam_unix(sshd:auth): authentication failure; logname= uid=0 euid=0 tty=ssh ruser= rhost=43.255.190.168  user=root
Apr 10 15:43:14 ovzhost sshd[977]: pam_unix(sshd:auth): authentication failure; logname= uid=0 euid=0 tty=ssh ruser= rhost=221.229.166.29  user=root
Apr 10 15:43:15 ovzhost sshd[979]: Failed password for root from 43.255.190.168 port 37963 ssh2
Apr 10 15:43:15 ovzhost sshd[977]: Failed password for root from 221.229.166.29 port 52114 ssh2
Apr 10 15:43:19 ovzhost sshd[979]: message repeated 2 times: [ Failed password for root from 43.255.190.168 port 37963 ssh2]
Apr 10 15:43:19 ovzhost sshd[979]: Received disconnect from 43.255.190.168: 11:  [preauth]
Apr 10 15:43:19 ovzhost sshd[979]: PAM 2 more authentication failures; logname= uid=0 euid=0 tty=ssh ruser= rhost=43.255.190.168  user=root
Apr 10 15:43:19 ovzhost sshd[977]: message repeated 2 times: [ Failed password for root from 221.229.166.29 port 52114 ssh2]
Apr 10 15:43:19 ovzhost sshd[977]: Received disconnect from 221.229.166.29: 11:  [preauth]
Apr 10 15:43:19 ovzhost sshd[977]: PAM 2 more authentication failures; logname= uid=0 euid=0 tty=ssh ruser= rhost=221.229.166.29  user=root
Apr 10 15:43:20 ovzhost sshd[981]: pam_unix(sshd:auth): authentication failure; logname= uid=0 euid=0 tty=ssh ruser= rhost=43.255.190.168  user=root
Apr 10 15:43:21 ovzhost sshd[983]: pam_unix(sshd:auth): authentication failure; logname= uid=0 euid=0 tty=ssh ruser= rhost=221.229.166.29  user=root
Apr 10 15:43:22 ovzhost sshd[981]: Failed password for root from 43.255.190.168 port 53340 ssh2
Apr 10 15:43:23 ovzhost sshd[983]: Failed password for root from 221.229.166.29 port 42269 ssh2
Apr 10 15:43:26 ovzhost sshd[981]: message repeated 2 times: [ Failed password for root from 43.255.190.168 port 53340 ssh2]
Apr 10 15:43:26 ovzhost sshd[981]: Received disconnect from 43.255.190.168: 11:  [preauth]
Apr 10 15:43:26 ovzhost sshd[981]: PAM 2 more authentication failures; logname= uid=0 euid=0 tty=ssh ruser= rhost=43.255.190.168  user=root
Apr 10 15:43:27 ovzhost sshd[985]: pam_unix(sshd:auth): authentication failure; logname= uid=0 euid=0 tty=ssh ruser= rhost=43.255.190.168  user=root
Apr 10 15:43:28 ovzhost sshd[983]: message repeated 2 times: [ Failed password for root from 221.229.166.29 port 42269 ssh2]
Apr 10 15:43:28 ovzhost sshd[983]: Received disconnect from 221.229.166.29: 11:  [preauth]
Apr 10 15:43:28 ovzhost sshd[983]: PAM 2 more authentication failures; logname= uid=0 euid=0 tty=ssh ruser= rhost=221.229.166.29  user=root
Apr 10 15:43:29 ovzhost sshd[985]: Failed password for root from 43.255.190.168 port 41618 ssh2
Apr 10 15:43:33 ovzhost sshd[985]: message repeated 2 times: [ Failed password for root from 43.255.190.168 port 41618 ssh2]
Apr 10 15:43:34 ovzhost sshd[985]: Received disconnect from 43.255.190.168: 11:  [preauth]
Apr 10 15:43:34 ovzhost sshd[985]: PAM 2 more authentication failures; logname= uid=0 euid=0 tty=ssh ruser= rhost=43.255.190.168  user=root
Apr 10 15:43:35 ovzhost sshd[987]: pam_unix(sshd:auth): authentication failure; logname= uid=0 euid=0 tty=ssh ruser= rhost=43.255.190.168  user=root
Apr 10 15:43:36 ovzhost sshd[987]: Failed password for root from 43.255.190.168 port 58129 ssh2
Apr 10 15:43:41 ovzhost sshd[987]: message repeated 2 times: [ Failed password for root from 43.255.190.168 port 58129 ssh2]
Apr 10 15:43:41 ovzhost sshd[987]: Received disconnect from 43.255.190.168: 11:  [preauth]
Apr 10 15:43:41 ovzhost sshd[987]: PAM 2 more authentication failures; logname= uid=0 euid=0 tty=ssh ruser= rhost=43.255.190.168  user=root
Apr 10 15:43:41 ovzhost sshd[989]: pam_unix(sshd:auth): authentication failure; logname= uid=0 euid=0 tty=ssh ruser= rhost=43.255.190.168  user=root
Apr 10 15:43:43 ovzhost sshd[989]: Failed password for root from 43.255.190.168 port 46214 ssh2
Apr 10 15:43:48 ovzhost sshd[989]: message repeated 2 times: [ Failed password for root from 43.255.190.168 port 46214 ssh2]
Apr 10 15:43:48 ovzhost sshd[989]: Received disconnect from 43.255.190.168: 11:  [preauth]
Apr 10 15:43:48 ovzhost sshd[989]: PAM 2 more authentication failures; logname= uid=0 euid=0 tty=ssh ruser= rhost=43.255.190.168  user=root
Apr 10 15:43:48 ovzhost sshd[991]: pam_unix(sshd:auth): authentication failure; logname= uid=0 euid=0 tty=ssh ruser= rhost=43.255.190.168  user=root
Apr 10 15:43:50 ovzhost sshd[991]: Failed password for root from 43.255.190.168 port 34105 ssh2
Apr 10 15:43:55 ovzhost sshd[991]: message repeated 2 times: [ Failed password for root from 43.255.190.168 port 34105 ssh2]
Apr 10 15:43:55 ovzhost sshd[991]: Received disconnect from 43.255.190.168: 11:  [preauth]
Apr 10 15:43:55 ovzhost sshd[991]: PAM 2 more authentication failures; logname= uid=0 euid=0 tty=ssh ruser= rhost=43.255.190.168  user=root
Apr 10 15:43:56 ovzhost sshd[993]: pam_unix(sshd:auth): authentication failure; logname= uid=0 euid=0 tty=ssh ruser= rhost=43.255.190.168  user=root
Apr 10 15:43:58 ovzhost sshd[993]: Failed password for root from 43.255.190.168 port 51472 ssh2
Apr 10 15:44:02 ovzhost sshd[993]: message repeated 2 times: [ Failed password for root from 43.255.190.168 port 51472 ssh2]
Apr 10 15:44:02 ovzhost sshd[993]: Received disconnect from 43.255.190.168: 11:  [preauth]
Apr 10 15:44:02 ovzhost sshd[993]: PAM 2 more authentication failures; logname= uid=0 euid=0 tty=ssh ruser= rhost=43.255.190.168  user=root
Apr 10 15:44:03 ovzhost sshd[995]: pam_unix(sshd:auth): authentication failure; logname= uid=0 euid=0 tty=ssh ruser= rhost=43.255.190.168  user=root
Apr 10 15:44:05 ovzhost sshd[995]: Failed password for root from 43.255.190.168 port 39706 ssh2
Apr 10 15:44:10 ovzhost sshd[995]: message repeated 2 times: [ Failed password for root from 43.255.190.168 port 39706 ssh2]
Apr 10 15:44:10 ovzhost sshd[995]: Received disconnect from 43.255.190.168: 11:  [preauth]
Apr 10 15:44:10 ovzhost sshd[995]: PAM 2 more authentication failures; logname= uid=0 euid=0 tty=ssh ruser= rhost=43.255.190.168  user=root
Apr 10 15:44:11 ovzhost sshd[999]: pam_unix(sshd:auth): authentication failure; logname= uid=0 euid=0 tty=ssh ruser= rhost=43.255.190.168  user=root
Apr 10 15:44:12 ovzhost sshd[999]: Failed password for root from 43.255.190.168 port 57847 ssh2
Apr 10 15:44:17 ovzhost sshd[999]: message repeated 2 times: [ Failed password for root from 43.255.190.168 port 57847 ssh2]
Apr 10 15:44:17 ovzhost sshd[999]: Received disconnect from 43.255.190.168: 11:  [preauth]
Apr 10 15:44:17 ovzhost sshd[999]: PAM 2 more authentication failures; logname= uid=0 euid=0 tty=ssh ruser= rhost=43.255.190.168  user=root
Apr 10 15:44:18 ovzhost sshd[1001]: pam_unix(sshd:auth): authentication failure; logname= uid=0 euid=0 tty=ssh ruser= rhost=43.255.190.168  user=root
Apr 10 15:44:20 ovzhost sshd[1001]: Failed password for root from 43.255.190.168 port 46376 ssh2
Apr 10 15:44:24 ovzhost sshd[1001]: message repeated 2 times: [ Failed password for root from 43.255.190.168 port 46376 ssh2]
Apr 10 15:44:24 ovzhost sshd[1001]: Received disconnect from 43.255.190.168: 11:  [preauth]
Apr 10 15:44:24 ovzhost sshd[1001]: PAM 2 more authentication failures; logname= uid=0 euid=0 tty=ssh ruser= rhost=43.255.190.168  user=root
Apr 10 15:44:25 ovzhost sshd[1003]: pam_unix(sshd:auth): authentication failure; logname= uid=0 euid=0 tty=ssh ruser= rhost=43.255.190.168  user=root
Apr 10 15:44:27 ovzhost sshd[1003]: Failed password for root from 43.255.190.168 port 34730 ssh2
Apr 10 15:44:31 ovzhost sshd[1003]: message repeated 2 times: [ Failed password for root from 43.255.190.168 port 34730 ssh2]
Apr 10 15:44:31 ovzhost sshd[1003]: Received disconnect from 43.255.190.168: 11:  [preauth]
Apr 10 15:44:31 ovzhost sshd[1003]: PAM 2 more authentication failures; logname= uid=0 euid=0 tty=ssh ruser= rhost=43.255.190.168  user=root
Apr 10 15:44:32 ovzhost sshd[1005]: pam_unix(sshd:auth): authentication failure; logname= uid=0 euid=0 tty=ssh ruser= rhost=43.255.190.168  user=root
Apr 10 15:44:34 ovzhost sshd[1005]: Failed password for root from 43.255.190.168 port 50212 ssh2
Apr 10 15:44:39 ovzhost sshd[1005]: message repeated 2 times: [ Failed password for root from 43.255.190.168 port 50212 ssh2]
Apr 10 15:44:39 ovzhost sshd[1005]: Received disconnect from 43.255.190.168: 11:  [preauth]
Apr 10 15:44:39 ovzhost sshd[1005]: PAM 2 more authentication failures; logname= uid=0 euid=0 tty=ssh ruser= rhost=43.255.190.168  user=root
Apr 10 15:44:40 ovzhost sshd[1007]: pam_unix(sshd:auth): authentication failure; logname= uid=0 euid=0 tty=ssh ruser= rhost=43.255.190.168  user=root
Apr 10 15:44:42 ovzhost sshd[1007]: Failed password for root from 43.255.190.168 port 38036 ssh2
Apr 10 15:44:47 ovzhost sshd[1007]: message repeated 2 times: [ Failed password for root from 43.255.190.168 port 38036 ssh2]
Apr 10 15:44:47 ovzhost sshd[1007]: Received disconnect from 43.255.190.168: 11:  [preauth]
Apr 10 15:44:47 ovzhost sshd[1007]: PAM 2 more authentication failures; logname= uid=0 euid=0 tty=ssh ruser= rhost=43.255.190.168  user=root
Apr 10 15:44:47 ovzhost sshd[1009]: pam_unix(sshd:auth): authentication failure; logname= uid=0 euid=0 tty=ssh ruser= rhost=43.255.190.168  user=root
Apr 10 15:44:49 ovzhost sshd[1009]: Failed password for root from 43.255.190.168 port 54620 ssh2
Apr 10 15:44:54 ovzhost sshd[1009]: message repeated 2 times: [ Failed password for root from 43.255.190.168 port 54620 ssh2]
Apr 10 15:44:55 ovzhost sshd[1009]: Received disconnect from 43.255.190.168: 11:  [preauth]
Apr 10 15:44:55 ovzhost sshd[1009]: PAM 2 more authentication failures; logname= uid=0 euid=0 tty=ssh ruser= rhost=43.255.190.168  user=root
Apr 10 15:44:55 ovzhost sshd[1011]: pam_unix(sshd:auth): authentication failure; logname= uid=0 euid=0 tty=ssh ruser= rhost=43.255.190.168  user=root
Apr 10 15:44:57 ovzhost sshd[1011]: Failed password for root from 43.255.190.168 port 42351 ssh2
Apr 10 15:45:01 ovzhost sshd[1011]: message repeated 2 times: [ Failed password for root from 43.255.190.168 port 42351 ssh2]
Apr 10 15:45:01 ovzhost sshd[1011]: Received disconnect from 43.255.190.168: 11:  [preauth]
Apr 10 15:45:01 ovzhost sshd[1011]: PAM 2 more authentication failures; logname= uid=0 euid=0 tty=ssh ruser= rhost=43.255.190.168  user=root
Apr 10 15:45:02 ovzhost sshd[1013]: pam_unix(sshd:auth): authentication failure; logname= uid=0 euid=0 tty=ssh ruser= rhost=43.255.190.168  user=root
Apr 10 15:45:04 ovzhost sshd[1013]: Failed password for root from 43.255.190.168 port 57402 ssh2
Apr 10 15:45:09 ovzhost sshd[1013]: message repeated 2 times: [ Failed password for root from 43.255.190.168 port 57402 ssh2]
Apr 10 15:45:09 ovzhost sshd[1013]: Received disconnect from 43.255.190.168: 11:  [preauth]
Apr 10 15:45:09 ovzhost sshd[1013]: PAM 2 more authentication failures; logname= uid=0 euid=0 tty=ssh ruser= rhost=43.255.190.168  user=root
Apr 10 15:45:09 ovzhost sshd[1015]: pam_unix(sshd:auth): authentication failure; logname= uid=0 euid=0 tty=ssh ruser= rhost=43.255.190.168  user=root
Apr 10 15:45:11 ovzhost sshd[1015]: Failed password for root from 43.255.190.168 port 44413 ssh2
Apr 10 15:45:16 ovzhost sshd[1015]: message repeated 2 times: [ Failed password for root from 43.255.190.168 port 44413 ssh2]
Apr 10 15:45:16 ovzhost sshd[1015]: Received disconnect from 43.255.190.168: 11:  [preauth]
Apr 10 15:45:16 ovzhost sshd[1015]: PAM 2 more authentication failures; logname= uid=0 euid=0 tty=ssh ruser= rhost=43.255.190.168  user=root
Apr 10 15:45:17 ovzhost sshd[1018]: pam_unix(sshd:auth): authentication failure; logname= uid=0 euid=0 tty=ssh ruser= rhost=43.255.190.168  user=root
Apr 10 15:45:19 ovzhost sshd[1018]: Failed password for root from 43.255.190.168 port 59085 ssh2
Apr 10 15:45:23 ovzhost sshd[1018]: message repeated 2 times: [ Failed password for root from 43.255.190.168 port 59085 ssh2]
Apr 10 15:45:23 ovzhost sshd[1018]: Received disconnect from 43.255.190.168: 11:  [preauth]
Apr 10 15:45:23 ovzhost sshd[1018]: PAM 2 more authentication failures; logname= uid=0 euid=0 tty=ssh ruser= rhost=43.255.190.168  user=root
Apr 10 15:45:24 ovzhost sshd[1020]: pam_unix(sshd:auth): authentication failure; logname= uid=0 euid=0 tty=ssh ruser= rhost=43.255.190.168  user=root
