Mar 31 17:16:56 ovzhost sudo:     root : unable to resolve host ovzhost
Mar 31 17:16:56 ovzhost sudo:     root : TTY=pts/0 ; PWD=/ ; USER=root ; COMMAND=/usr/bin/less /root/.bash_history
Mar 31 17:16:56 ovzhost sudo: pam_unix(sudo:session): session opened for user root by (uid=0)
Mar 31 17:16:57 ovzhost sudo: pam_unix(sudo:session): session closed for user root
Apr  2 14:31:13 ovzhost sshd[419]: Server listening on 0.0.0.0 port 22.
Apr  2 14:31:13 ovzhost sshd[419]: Server listening on :: port 22.
Apr  2 14:31:13 ovzhost saslauthd[637]: detach_tty      : master pid is: 637
Apr  2 14:31:13 ovzhost saslauthd[637]: ipc_init        : listening on socket: /var/run/saslauthd/mux
Apr  2 14:33:26 ovzhost sshd[797]: Connection closed by 127.0.0.1 [preauth]
Apr 12 23:39:01 ovzhost CRON[793]: pam_env(cron:session): Unable to open env file: /etc/default/locale: No such file or directory
Apr 12 23:39:01 ovzhost CRON[793]: pam_unix(cron:session): session opened for user root by (uid=0)
Apr 12 23:39:01 ovzhost CRON[793]: pam_unix(cron:session): session closed for user root
Apr 12 23:39:09 ovzhost sshd[804]: Invalid user manager from 80.242.123.130
Apr 12 23:39:09 ovzhost sshd[804]: input_userauth_request: invalid user manager [preauth]
Apr 12 23:39:09 ovzhost sshd[804]: pam_unix(sshd:auth): check pass; user unknown
Apr 12 23:39:09 ovzhost sshd[804]: pam_unix(sshd:auth): authentication failure; logname= uid=0 euid=0 tty=ssh ruser= rhost=130-123-242-80.pppoe.dyn.broadband.blic.net 
Apr 12 23:39:11 ovzhost sshd[804]: Failed password for invalid user manager from 80.242.123.130 port 51300 ssh2
Apr 12 23:39:11 ovzhost sshd[804]: Received disconnect from 80.242.123.130: 11: Bye Bye [preauth]
Apr 12 23:40:01 ovzhost CRON[808]: pam_env(cron:session): Unable to open env file: /etc/default/locale: No such file or directory
Apr 12 23:40:01 ovzhost CRON[808]: pam_unix(cron:session): session opened for user smmsp by (uid=0)
Apr 12 23:40:01 ovzhost CRON[808]: pam_unix(cron:session): session closed for user smmsp
Apr 12 23:40:10 ovzhost sshd[834]: Connection closed by 127.0.0.1 [preauth]
Apr 12 23:40:27 ovzhost sshd[837]: Connection closed by 128.8.37.104 [preauth]
Apr 12 23:45:10 ovzhost sshd[856]: Connection closed by 127.0.0.1 [preauth]
Apr 12 23:50:10 ovzhost sshd[879]: Connection closed by 127.0.0.1 [preauth]
Apr 12 23:50:27 ovzhost sshd[882]: Connection closed by 128.8.37.104 [preauth]
Apr 12 23:52:16 ovzhost sshd[893]: pam_unix(sshd:auth): authentication failure; logname= uid=0 euid=0 tty=ssh ruser= rhost=43.255.190.186  user=root
Apr 12 23:52:19 ovzhost sshd[893]: Failed password for root from 43.255.190.186 port 60369 ssh2
Apr 12 23:52:23 ovzhost sshd[893]: message repeated 2 times: [ Failed password for root from 43.255.190.186 port 60369 ssh2]
Apr 12 23:52:23 ovzhost sshd[893]: Received disconnect from 43.255.190.186: 11:  [preauth]
Apr 12 23:52:23 ovzhost sshd[893]: PAM 2 more authentication failures; logname= uid=0 euid=0 tty=ssh ruser= rhost=43.255.190.186  user=root
Apr 12 23:52:24 ovzhost sshd[895]: pam_unix(sshd:auth): authentication failure; logname= uid=0 euid=0 tty=ssh ruser= rhost=43.255.190.186  user=root
Apr 12 23:52:26 ovzhost sshd[895]: Failed password for root from 43.255.190.186 port 48627 ssh2
Apr 12 23:52:30 ovzhost sshd[895]: message repeated 2 times: [ Failed password for root from 43.255.190.186 port 48627 ssh2]
Apr 12 23:52:30 ovzhost sshd[895]: Received disconnect from 43.255.190.186: 11:  [preauth]
Apr 12 23:52:30 ovzhost sshd[895]: PAM 2 more authentication failures; logname= uid=0 euid=0 tty=ssh ruser= rhost=43.255.190.186  user=root
Apr 12 23:52:31 ovzhost sshd[897]: pam_unix(sshd:auth): authentication failure; logname= uid=0 euid=0 tty=ssh ruser= rhost=43.255.190.186  user=root
Apr 12 23:52:33 ovzhost sshd[897]: Failed password for root from 43.255.190.186 port 35388 ssh2
Apr 12 23:52:36 ovzhost sshd[897]: message repeated 2 times: [ Failed password for root from 43.255.190.186 port 35388 ssh2]
Apr 12 23:52:36 ovzhost sshd[897]: Received disconnect from 43.255.190.186: 11:  [preauth]
Apr 12 23:52:36 ovzhost sshd[897]: PAM 2 more authentication failures; logname= uid=0 euid=0 tty=ssh ruser= rhost=43.255.190.186  user=root
Apr 12 23:52:37 ovzhost sshd[899]: pam_unix(sshd:auth): authentication failure; logname= uid=0 euid=0 tty=ssh ruser= rhost=43.255.190.186  user=root
Apr 12 23:52:38 ovzhost sshd[899]: Failed password for root from 43.255.190.186 port 49402 ssh2
Apr 12 23:52:43 ovzhost sshd[899]: message repeated 2 times: [ Failed password for root from 43.255.190.186 port 49402 ssh2]
Apr 12 23:52:43 ovzhost sshd[899]: Received disconnect from 43.255.190.186: 11:  [preauth]
Apr 12 23:52:43 ovzhost sshd[899]: PAM 2 more authentication failures; logname= uid=0 euid=0 tty=ssh ruser= rhost=43.255.190.186  user=root
Apr 12 23:52:44 ovzhost sshd[901]: pam_unix(sshd:auth): authentication failure; logname= uid=0 euid=0 tty=ssh ruser= rhost=43.255.190.186  user=root
Apr 12 23:52:46 ovzhost sshd[901]: Failed password for root from 43.255.190.186 port 36397 ssh2
Apr 12 23:52:50 ovzhost sshd[901]: message repeated 2 times: [ Failed password for root from 43.255.190.186 port 36397 ssh2]
Apr 12 23:52:50 ovzhost sshd[901]: Received disconnect from 43.255.190.186: 11:  [preauth]
Apr 12 23:52:50 ovzhost sshd[901]: PAM 2 more authentication failures; logname= uid=0 euid=0 tty=ssh ruser= rhost=43.255.190.186  user=root
Apr 12 23:52:51 ovzhost sshd[904]: pam_unix(sshd:auth): authentication failure; logname= uid=0 euid=0 tty=ssh ruser= rhost=43.255.190.186  user=root
Apr 12 23:52:53 ovzhost sshd[904]: Failed password for root from 43.255.190.186 port 51479 ssh2
Apr 12 23:52:57 ovzhost sshd[904]: message repeated 2 times: [ Failed password for root from 43.255.190.186 port 51479 ssh2]
Apr 12 23:52:57 ovzhost sshd[904]: Received disconnect from 43.255.190.186: 11:  [preauth]
Apr 12 23:52:57 ovzhost sshd[904]: PAM 2 more authentication failures; logname= uid=0 euid=0 tty=ssh ruser= rhost=43.255.190.186  user=root
Apr 12 23:52:58 ovzhost sshd[907]: pam_unix(sshd:auth): authentication failure; logname= uid=0 euid=0 tty=ssh ruser= rhost=43.255.190.186  user=root
Apr 12 23:53:00 ovzhost sshd[907]: Failed password for root from 43.255.190.186 port 38282 ssh2
Apr 12 23:53:00 ovzhost sshd[909]: pam_unix(sshd:auth): authentication failure; logname= uid=0 euid=0 tty=ssh ruser= rhost=43.255.190.166  user=root
Apr 12 23:53:02 ovzhost sshd[909]: Failed password for root from 43.255.190.166 port 37352 ssh2
Apr 12 23:53:04 ovzhost sshd[907]: message repeated 2 times: [ Failed password for root from 43.255.190.186 port 38282 ssh2]
Apr 12 23:53:04 ovzhost sshd[907]: Received disconnect from 43.255.190.186: 11:  [preauth]
Apr 12 23:53:05 ovzhost sshd[907]: PAM 2 more authentication failures; logname= uid=0 euid=0 tty=ssh ruser= rhost=43.255.190.186  user=root
Apr 12 23:53:05 ovzhost sshd[913]: pam_unix(sshd:auth): authentication failure; logname= uid=0 euid=0 tty=ssh ruser= rhost=43.255.190.186  user=root
Apr 12 23:53:07 ovzhost sshd[909]: message repeated 2 times: [ Failed password for root from 43.255.190.166 port 37352 ssh2]
Apr 12 23:53:07 ovzhost sshd[909]: Received disconnect from 43.255.190.166: 11:  [preauth]
Apr 12 23:53:07 ovzhost sshd[909]: PAM 2 more authentication failures; logname= uid=0 euid=0 tty=ssh ruser= rhost=43.255.190.166  user=root
Apr 12 23:53:07 ovzhost sshd[913]: Failed password for root from 43.255.190.186 port 53972 ssh2
Apr 12 23:53:08 ovzhost sshd[915]: pam_unix(sshd:auth): authentication failure; logname= uid=0 euid=0 tty=ssh ruser= rhost=43.255.190.166  user=root
Apr 12 23:53:09 ovzhost sshd[915]: Failed password for root from 43.255.190.166 port 58014 ssh2
Apr 12 23:53:11 ovzhost sshd[913]: message repeated 2 times: [ Failed password for root from 43.255.190.186 port 53972 ssh2]
Apr 12 23:53:12 ovzhost sshd[913]: Received disconnect from 43.255.190.186: 11:  [preauth]
Apr 12 23:53:12 ovzhost sshd[913]: PAM 2 more authentication failures; logname= uid=0 euid=0 tty=ssh ruser= rhost=43.255.190.186  user=root
Apr 12 23:53:12 ovzhost sshd[917]: pam_unix(sshd:auth): authentication failure; logname= uid=0 euid=0 tty=ssh ruser= rhost=43.255.190.186  user=root
Apr 12 23:53:13 ovzhost sshd[915]: message repeated 2 times: [ Failed password for root from 43.255.190.166 port 58014 ssh2]
Apr 12 23:53:14 ovzhost sshd[915]: Received disconnect from 43.255.190.166: 11:  [preauth]
Apr 12 23:53:14 ovzhost sshd[915]: PAM 2 more authentication failures; logname= uid=0 euid=0 tty=ssh ruser= rhost=43.255.190.166  user=root
Apr 12 23:53:14 ovzhost sshd[917]: Failed password for root from 43.255.190.186 port 41419 ssh2
Apr 12 23:53:14 ovzhost sshd[919]: pam_unix(sshd:auth): authentication failure; logname= uid=0 euid=0 tty=ssh ruser= rhost=43.255.190.166  user=root
Apr 12 23:53:17 ovzhost sshd[919]: Failed password for root from 43.255.190.166 port 46623 ssh2
Apr 12 23:53:18 ovzhost sshd[917]: message repeated 2 times: [ Failed password for root from 43.255.190.186 port 41419 ssh2]
Apr 12 23:53:18 ovzhost sshd[917]: Received disconnect from 43.255.190.186: 11:  [preauth]
Apr 12 23:53:18 ovzhost sshd[917]: PAM 2 more authentication failures; logname= uid=0 euid=0 tty=ssh ruser= rhost=43.255.190.186  user=root
Apr 12 23:53:19 ovzhost sshd[921]: pam_unix(sshd:auth): authentication failure; logname= uid=0 euid=0 tty=ssh ruser= rhost=43.255.190.186  user=root
Apr 12 23:53:21 ovzhost sshd[919]: message repeated 2 times: [ Failed password for root from 43.255.190.166 port 46623 ssh2]
Apr 12 23:53:21 ovzhost sshd[919]: Received disconnect from 43.255.190.166: 11:  [preauth]
Apr 12 23:53:21 ovzhost sshd[919]: PAM 2 more authentication failures; logname= uid=0 euid=0 tty=ssh ruser= rhost=43.255.190.166  user=root
Apr 12 23:53:21 ovzhost sshd[921]: Failed password for root from 43.255.190.186 port 56396 ssh2
Apr 12 23:53:21 ovzhost sshd[923]: pam_unix(sshd:auth): authentication failure; logname= uid=0 euid=0 tty=ssh ruser= rhost=43.255.190.166  user=root
Apr 12 23:53:23 ovzhost sshd[923]: Failed password for root from 43.255.190.166 port 36265 ssh2
Apr 12 23:53:25 ovzhost sshd[921]: message repeated 2 times: [ Failed password for root from 43.255.190.186 port 56396 ssh2]
Apr 12 23:53:25 ovzhost sshd[921]: Received disconnect from 43.255.190.186: 11:  [preauth]
Apr 12 23:53:25 ovzhost sshd[921]: PAM 2 more authentication failures; logname= uid=0 euid=0 tty=ssh ruser= rhost=43.255.190.186  user=root
Apr 12 23:53:26 ovzhost sshd[925]: pam_unix(sshd:auth): authentication failure; logname= uid=0 euid=0 tty=ssh ruser= rhost=43.255.190.186  user=root
Apr 12 23:53:27 ovzhost sshd[923]: message repeated 2 times: [ Failed password for root from 43.255.190.166 port 36265 ssh2]
Apr 12 23:53:28 ovzhost sshd[923]: Received disconnect from 43.255.190.166: 11:  [preauth]
Apr 12 23:53:28 ovzhost sshd[923]: PAM 2 more authentication failures; logname= uid=0 euid=0 tty=ssh ruser= rhost=43.255.190.166  user=root
Apr 12 23:53:28 ovzhost sshd[925]: Failed password for root from 43.255.190.186 port 42922 ssh2
Apr 12 23:53:28 ovzhost sshd[927]: pam_unix(sshd:auth): authentication failure; logname= uid=0 euid=0 tty=ssh ruser= rhost=43.255.190.166  user=root
Apr 12 23:53:30 ovzhost sshd[927]: Failed password for root from 43.255.190.166 port 53400 ssh2
Apr 12 23:53:32 ovzhost sshd[925]: message repeated 2 times: [ Failed password for root from 43.255.190.186 port 42922 ssh2]
Apr 12 23:53:32 ovzhost sshd[925]: Received disconnect from 43.255.190.186: 11:  [preauth]
Apr 12 23:53:32 ovzhost sshd[925]: PAM 2 more authentication failures; logname= uid=0 euid=0 tty=ssh ruser= rhost=43.255.190.186  user=root
Apr 12 23:53:33 ovzhost sshd[929]: pam_unix(sshd:auth): authentication failure; logname= uid=0 euid=0 tty=ssh ruser= rhost=43.255.190.186  user=root
Apr 12 23:53:35 ovzhost sshd[929]: Failed password for root from 43.255.190.186 port 57792 ssh2
Apr 12 23:53:35 ovzhost sshd[927]: message repeated 2 times: [ Failed password for root from 43.255.190.166 port 53400 ssh2]
Apr 12 23:53:35 ovzhost sshd[927]: Received disconnect from 43.255.190.166: 11:  [preauth]
Apr 12 23:53:35 ovzhost sshd[927]: PAM 2 more authentication failures; logname= uid=0 euid=0 tty=ssh ruser= rhost=43.255.190.166  user=root
Apr 12 23:53:35 ovzhost sshd[931]: pam_unix(sshd:auth): authentication failure; logname= uid=0 euid=0 tty=ssh ruser= rhost=43.255.190.166  user=root
Apr 12 23:53:37 ovzhost sshd[931]: Failed password for root from 43.255.190.166 port 43968 ssh2
Apr 12 23:53:38 ovzhost sshd[929]: message repeated 2 times: [ Failed password for root from 43.255.190.186 port 57792 ssh2]
Apr 12 23:53:38 ovzhost sshd[929]: Received disconnect from 43.255.190.186: 11:  [preauth]
Apr 12 23:53:38 ovzhost sshd[929]: PAM 2 more authentication failures; logname= uid=0 euid=0 tty=ssh ruser= rhost=43.255.190.186  user=root
Apr 12 23:53:39 ovzhost sshd[933]: pam_unix(sshd:auth): authentication failure; logname= uid=0 euid=0 tty=ssh ruser= rhost=43.255.190.186  user=root
Apr 12 23:53:41 ovzhost sshd[933]: Failed password for root from 43.255.190.186 port 44027 ssh2
Apr 12 23:53:41 ovzhost sshd[931]: message repeated 2 times: [ Failed password for root from 43.255.190.166 port 43968 ssh2]
Apr 12 23:53:41 ovzhost sshd[931]: Received disconnect from 43.255.190.166: 11:  [preauth]
Apr 12 23:53:41 ovzhost sshd[931]: PAM 2 more authentication failures; logname= uid=0 euid=0 tty=ssh ruser= rhost=43.255.190.166  user=root
Apr 12 23:53:42 ovzhost sshd[935]: pam_unix(sshd:auth): authentication failure; logname= uid=0 euid=0 tty=ssh ruser= rhost=43.255.190.166  user=root
Apr 12 23:53:44 ovzhost sshd[935]: Failed password for root from 43.255.190.166 port 60482 ssh2
Apr 12 23:53:44 ovzhost sshd[933]: message repeated 2 times: [ Failed password for root from 43.255.190.186 port 44027 ssh2]
Apr 12 23:53:44 ovzhost sshd[933]: Received disconnect from 43.255.190.186: 11:  [preauth]
Apr 12 23:53:44 ovzhost sshd[933]: PAM 2 more authentication failures; logname= uid=0 euid=0 tty=ssh ruser= rhost=43.255.190.186  user=root
Apr 12 23:53:45 ovzhost sshd[937]: pam_unix(sshd:auth): authentication failure; logname= uid=0 euid=0 tty=ssh ruser= rhost=43.255.190.186  user=root
Apr 12 23:53:47 ovzhost sshd[937]: Failed password for root from 43.255.190.186 port 57267 ssh2
Apr 12 23:53:48 ovzhost sshd[935]: message repeated 2 times: [ Failed password for root from 43.255.190.166 port 60482 ssh2]
Apr 12 23:53:48 ovzhost sshd[935]: Received disconnect from 43.255.190.166: 11:  [preauth]
Apr 12 23:53:48 ovzhost sshd[935]: PAM 2 more authentication failures; logname= uid=0 euid=0 tty=ssh ruser= rhost=43.255.190.166  user=root
Apr 12 23:53:48 ovzhost sshd[939]: pam_unix(sshd:auth): authentication failure; logname= uid=0 euid=0 tty=ssh ruser= rhost=43.255.190.166  user=root
Apr 12 23:53:50 ovzhost sshd[937]: message repeated 2 times: [ Failed password for root from 43.255.190.186 port 57267 ssh2]
Apr 12 23:53:50 ovzhost sshd[937]: Received disconnect from 43.255.190.186: 11:  [preauth]
Apr 12 23:53:50 ovzhost sshd[937]: PAM 2 more authentication failures; logname= uid=0 euid=0 tty=ssh ruser= rhost=43.255.190.186  user=root
Apr 12 23:53:50 ovzhost sshd[939]: Failed password for root from 43.255.190.166 port 48621 ssh2
Apr 12 23:53:50 ovzhost sshd[941]: pam_unix(sshd:auth): authentication failure; logname= uid=0 euid=0 tty=ssh ruser= rhost=43.255.190.186  user=root
Apr 12 23:53:52 ovzhost sshd[941]: Failed password for root from 43.255.190.186 port 42516 ssh2
Apr 12 23:53:54 ovzhost sshd[939]: message repeated 2 times: [ Failed password for root from 43.255.190.166 port 48621 ssh2]
Apr 12 23:53:54 ovzhost sshd[939]: Received disconnect from 43.255.190.166: 11:  [preauth]
Apr 12 23:53:54 ovzhost sshd[939]: PAM 2 more authentication failures; logname= uid=0 euid=0 tty=ssh ruser= rhost=43.255.190.166  user=root
Apr 12 23:53:55 ovzhost sshd[943]: pam_unix(sshd:auth): authentication failure; logname= uid=0 euid=0 tty=ssh ruser= rhost=43.255.190.166  user=root
Apr 12 23:53:57 ovzhost sshd[941]: message repeated 2 times: [ Failed password for root from 43.255.190.186 port 42516 ssh2]
Apr 12 23:53:57 ovzhost sshd[941]: Received disconnect from 43.255.190.186: 11:  [preauth]
Apr 12 23:53:57 ovzhost sshd[941]: PAM 2 more authentication failures; logname= uid=0 euid=0 tty=ssh ruser= rhost=43.255.190.186  user=root
Apr 12 23:53:57 ovzhost sshd[943]: Failed password for root from 43.255.190.166 port 36733 ssh2
Apr 12 23:53:57 ovzhost sshd[947]: pam_unix(sshd:auth): authentication failure; logname= uid=0 euid=0 tty=ssh ruser= rhost=43.255.190.186  user=root
Apr 12 23:53:59 ovzhost sshd[947]: Failed password for root from 43.255.190.186 port 58002 ssh2
Apr 12 23:54:00 ovzhost sshd[943]: message repeated 2 times: [ Failed password for root from 43.255.190.166 port 36733 ssh2]
Apr 12 23:54:00 ovzhost sshd[943]: Received disconnect from 43.255.190.166: 11:  [preauth]
Apr 12 23:54:00 ovzhost sshd[943]: PAM 2 more authentication failures; logname= uid=0 euid=0 tty=ssh ruser= rhost=43.255.190.166  user=root
Apr 12 23:54:01 ovzhost sshd[949]: pam_unix(sshd:auth): authentication failure; logname= uid=0 euid=0 tty=ssh ruser= rhost=43.255.190.166  user=root
Apr 12 23:54:03 ovzhost sshd[947]: message repeated 2 times: [ Failed password for root from 43.255.190.186 port 58002 ssh2]
Apr 12 23:54:03 ovzhost sshd[947]: Received disconnect from 43.255.190.186: 11:  [preauth]
Apr 12 23:54:03 ovzhost sshd[947]: PAM 2 more authentication failures; logname= uid=0 euid=0 tty=ssh ruser= rhost=43.255.190.186  user=root
Apr 12 23:54:03 ovzhost sshd[949]: Failed password for root from 43.255.190.166 port 52940 ssh2
Apr 12 23:54:04 ovzhost sshd[951]: pam_unix(sshd:auth): authentication failure; logname= uid=0 euid=0 tty=ssh ruser= rhost=43.255.190.186  user=root
Apr 12 23:54:06 ovzhost sshd[951]: Failed password for root from 43.255.190.186 port 44633 ssh2
Apr 12 23:54:07 ovzhost sshd[949]: message repeated 2 times: [ Failed password for root from 43.255.190.166 port 52940 ssh2]
Apr 12 23:54:07 ovzhost sshd[949]: Received disconnect from 43.255.190.166: 11:  [preauth]
Apr 12 23:54:07 ovzhost sshd[949]: PAM 2 more authentication failures; logname= uid=0 euid=0 tty=ssh ruser= rhost=43.255.190.166  user=root
Apr 12 23:54:07 ovzhost sshd[953]: pam_unix(sshd:auth): authentication failure; logname= uid=0 euid=0 tty=ssh ruser= rhost=43.255.190.166  user=root
Apr 12 23:54:09 ovzhost sshd[953]: Failed password for root from 43.255.190.166 port 42087 ssh2
Apr 12 23:54:09 ovzhost sshd[951]: message repeated 2 times: [ Failed password for root from 43.255.190.186 port 44633 ssh2]
Apr 12 23:54:10 ovzhost sshd[951]: Received disconnect from 43.255.190.186: 11:  [preauth]
Apr 12 23:54:10 ovzhost sshd[951]: PAM 2 more authentication failures; logname= uid=0 euid=0 tty=ssh ruser= rhost=43.255.190.186  user=root
Apr 12 23:54:10 ovzhost sshd[955]: pam_unix(sshd:auth): authentication failure; logname= uid=0 euid=0 tty=ssh ruser= rhost=43.255.190.186  user=root
Apr 12 23:54:12 ovzhost sshd[955]: Failed password for root from 43.255.190.186 port 59854 ssh2
Apr 12 23:54:13 ovzhost sshd[953]: message repeated 2 times: [ Failed password for root from 43.255.190.166 port 42087 ssh2]
Apr 12 23:54:13 ovzhost sshd[953]: Received disconnect from 43.255.190.166: 11:  [preauth]
Apr 12 23:54:13 ovzhost sshd[953]: PAM 2 more authentication failures; logname= uid=0 euid=0 tty=ssh ruser= rhost=43.255.190.166  user=root
Apr 12 23:54:13 ovzhost sshd[957]: pam_unix(sshd:auth): authentication failure; logname= uid=0 euid=0 tty=ssh ruser= rhost=43.255.190.166  user=root
Apr 12 23:54:15 ovzhost sshd[957]: Failed password for root from 43.255.190.166 port 57530 ssh2
Apr 12 23:54:16 ovzhost sshd[955]: message repeated 2 times: [ Failed password for root from 43.255.190.186 port 59854 ssh2]
Apr 12 23:54:17 ovzhost sshd[955]: Received disconnect from 43.255.190.186: 11:  [preauth]
Apr 12 23:54:17 ovzhost sshd[955]: PAM 2 more authentication failures; logname= uid=0 euid=0 tty=ssh ruser= rhost=43.255.190.186  user=root
Apr 12 23:54:17 ovzhost sshd[959]: pam_unix(sshd:auth): authentication failure; logname= uid=0 euid=0 tty=ssh ruser= rhost=43.255.190.186  user=root
Apr 12 23:54:19 ovzhost sshd[959]: Failed password for root from 43.255.190.186 port 47517 ssh2
Apr 12 23:54:19 ovzhost sshd[957]: message repeated 2 times: [ Failed password for root from 43.255.190.166 port 57530 ssh2]
Apr 12 23:54:20 ovzhost sshd[957]: Received disconnect from 43.255.190.166: 11:  [preauth]
Apr 12 23:54:20 ovzhost sshd[957]: PAM 2 more authentication failures; logname= uid=0 euid=0 tty=ssh ruser= rhost=43.255.190.166  user=root
Apr 12 23:54:20 ovzhost sshd[961]: pam_unix(sshd:auth): authentication failure; logname= uid=0 euid=0 tty=ssh ruser= rhost=43.255.190.166  user=root
Apr 12 23:54:22 ovzhost sshd[961]: Failed password for root from 43.255.190.166 port 46508 ssh2
Apr 12 23:54:22 ovzhost sshd[959]: message repeated 2 times: [ Failed password for root from 43.255.190.186 port 47517 ssh2]
Apr 12 23:54:22 ovzhost sshd[959]: Received disconnect from 43.255.190.186: 11:  [preauth]
Apr 12 23:54:22 ovzhost sshd[959]: PAM 2 more authentication failures; logname= uid=0 euid=0 tty=ssh ruser= rhost=43.255.190.186  user=root
Apr 12 23:54:23 ovzhost sshd[963]: pam_unix(sshd:auth): authentication failure; logname= uid=0 euid=0 tty=ssh ruser= rhost=43.255.190.186  user=root
Apr 12 23:54:25 ovzhost sshd[963]: Failed password for root from 43.255.190.186 port 33342 ssh2
Apr 12 23:54:26 ovzhost sshd[961]: message repeated 2 times: [ Failed password for root from 43.255.190.166 port 46508 ssh2]
Apr 12 23:54:26 ovzhost sshd[961]: Received disconnect from 43.255.190.166: 11:  [preauth]
Apr 12 23:54:26 ovzhost sshd[961]: PAM 2 more authentication failures; logname= uid=0 euid=0 tty=ssh ruser= rhost=43.255.190.166  user=root
Apr 12 23:54:27 ovzhost sshd[965]: pam_unix(sshd:auth): authentication failure; logname= uid=0 euid=0 tty=ssh ruser= rhost=43.255.190.166  user=root
Apr 12 23:54:29 ovzhost sshd[965]: Failed password for root from 43.255.190.166 port 36401 ssh2
Apr 12 23:54:29 ovzhost sshd[963]: message repeated 2 times: [ Failed password for root from 43.255.190.186 port 33342 ssh2]
Apr 12 23:54:29 ovzhost sshd[963]: Received disconnect from 43.255.190.186: 11:  [preauth]
Apr 12 23:54:29 ovzhost sshd[963]: PAM 2 more authentication failures; logname= uid=0 euid=0 tty=ssh ruser= rhost=43.255.190.186  user=root
Apr 12 23:54:30 ovzhost sshd[967]: pam_unix(sshd:auth): authentication failure; logname= uid=0 euid=0 tty=ssh ruser= rhost=43.255.190.186  user=root
Apr 12 23:54:32 ovzhost sshd[967]: Failed password for root from 43.255.190.186 port 48798 ssh2
Apr 12 23:54:33 ovzhost sshd[965]: message repeated 2 times: [ Failed password for root from 43.255.190.166 port 36401 ssh2]
Apr 12 23:54:33 ovzhost sshd[965]: Received disconnect from 43.255.190.166: 11:  [preauth]
Apr 12 23:54:33 ovzhost sshd[965]: PAM 2 more authentication failures; logname= uid=0 euid=0 tty=ssh ruser= rhost=43.255.190.166  user=root
Apr 12 23:54:33 ovzhost sshd[969]: pam_unix(sshd:auth): authentication failure; logname= uid=0 euid=0 tty=ssh ruser= rhost=43.255.190.166  user=root
Apr 12 23:54:35 ovzhost sshd[969]: Failed password for root from 43.255.190.166 port 53214 ssh2
Apr 12 23:54:36 ovzhost sshd[967]: message repeated 2 times: [ Failed password for root from 43.255.190.186 port 48798 ssh2]
Apr 12 23:54:36 ovzhost sshd[967]: Received disconnect from 43.255.190.186: 11:  [preauth]
Apr 12 23:54:36 ovzhost sshd[967]: PAM 2 more authentication failures; logname= uid=0 euid=0 tty=ssh ruser= rhost=43.255.190.186  user=root
Apr 12 23:54:37 ovzhost sshd[971]: pam_unix(sshd:auth): authentication failure; logname= uid=0 euid=0 tty=ssh ruser= rhost=43.255.190.186  user=root
Apr 12 23:54:39 ovzhost sshd[969]: message repeated 2 times: [ Failed password for root from 43.255.190.166 port 53214 ssh2]
Apr 12 23:54:39 ovzhost sshd[969]: Received disconnect from 43.255.190.166: 11:  [preauth]
Apr 12 23:54:39 ovzhost sshd[969]: PAM 2 more authentication failures; logname= uid=0 euid=0 tty=ssh ruser= rhost=43.255.190.166  user=root
Apr 12 23:54:39 ovzhost sshd[971]: Failed password for root from 43.255.190.186 port 37176 ssh2
Apr 12 23:54:39 ovzhost sshd[973]: pam_unix(sshd:auth): authentication failure; logname= uid=0 euid=0 tty=ssh ruser= rhost=43.255.190.166  user=root
Apr 12 23:54:41 ovzhost sshd[973]: Failed password for root from 43.255.190.166 port 39172 ssh2
Apr 12 23:54:43 ovzhost sshd[971]: message repeated 2 times: [ Failed password for root from 43.255.190.186 port 37176 ssh2]
Apr 12 23:54:43 ovzhost sshd[971]: Received disconnect from 43.255.190.186: 11:  [preauth]
Apr 12 23:54:43 ovzhost sshd[971]: PAM 2 more authentication failures; logname= uid=0 euid=0 tty=ssh ruser= rhost=43.255.190.186  user=root
Apr 12 23:54:43 ovzhost sshd[975]: pam_unix(sshd:auth): authentication failure; logname= uid=0 euid=0 tty=ssh ruser= rhost=43.255.190.186  user=root
Apr 12 23:54:44 ovzhost sshd[973]: message repeated 2 times: [ Failed password for root from 43.255.190.166 port 39172 ssh2]
Apr 12 23:54:45 ovzhost sshd[973]: Received disconnect from 43.255.190.166: 11:  [preauth]
Apr 12 23:54:45 ovzhost sshd[973]: PAM 2 more authentication failures; logname= uid=0 euid=0 tty=ssh ruser= rhost=43.255.190.166  user=root
Apr 12 23:54:45 ovzhost sshd[975]: Failed password for root from 43.255.190.186 port 51968 ssh2
Apr 12 23:54:45 ovzhost sshd[977]: pam_unix(sshd:auth): authentication failure; logname= uid=0 euid=0 tty=ssh ruser= rhost=43.255.190.166  user=root
Apr 12 23:54:47 ovzhost sshd[977]: Failed password for root from 43.255.190.166 port 55183 ssh2
Apr 12 23:54:49 ovzhost sshd[975]: message repeated 2 times: [ Failed password for root from 43.255.190.186 port 51968 ssh2]
Apr 12 23:54:49 ovzhost sshd[975]: Received disconnect from 43.255.190.186: 11:  [preauth]
Apr 12 23:54:49 ovzhost sshd[975]: PAM 2 more authentication failures; logname= uid=0 euid=0 tty=ssh ruser= rhost=43.255.190.186  user=root
Apr 12 23:54:50 ovzhost sshd[979]: pam_unix(sshd:auth): authentication failure; logname= uid=0 euid=0 tty=ssh ruser= rhost=43.255.190.186  user=root
Apr 12 23:54:51 ovzhost sshd[977]: message repeated 2 times: [ Failed password for root from 43.255.190.166 port 55183 ssh2]
Apr 12 23:54:51 ovzhost sshd[977]: Received disconnect from 43.255.190.166: 11:  [preauth]
Apr 12 23:54:51 ovzhost sshd[977]: PAM 2 more authentication failures; logname= uid=0 euid=0 tty=ssh ruser= rhost=43.255.190.166  user=root
Apr 12 23:54:52 ovzhost sshd[979]: Failed password for root from 43.255.190.186 port 37599 ssh2
Apr 12 23:54:52 ovzhost sshd[981]: pam_unix(sshd:auth): authentication failure; logname= uid=0 euid=0 tty=ssh ruser= rhost=43.255.190.166  user=root
Apr 12 23:54:54 ovzhost sshd[981]: Failed password for root from 43.255.190.166 port 43526 ssh2
Apr 12 23:54:55 ovzhost sshd[979]: message repeated 2 times: [ Failed password for root from 43.255.190.186 port 37599 ssh2]
Apr 12 23:54:55 ovzhost sshd[979]: Received disconnect from 43.255.190.186: 11:  [preauth]
Apr 12 23:54:55 ovzhost sshd[979]: PAM 2 more authentication failures; logname= uid=0 euid=0 tty=ssh ruser= rhost=43.255.190.186  user=root
Apr 12 23:54:56 ovzhost sshd[983]: pam_unix(sshd:auth): authentication failure; logname= uid=0 euid=0 tty=ssh ruser= rhost=43.255.190.186  user=root
Apr 12 23:54:57 ovzhost sshd[981]: message repeated 2 times: [ Failed password for root from 43.255.190.166 port 43526 ssh2]
Apr 12 23:54:57 ovzhost sshd[981]: Received disconnect from 43.255.190.166: 11:  [preauth]
Apr 12 23:54:57 ovzhost sshd[981]: PAM 2 more authentication failures; logname= uid=0 euid=0 tty=ssh ruser= rhost=43.255.190.166  user=root
Apr 12 23:54:58 ovzhost sshd[986]: pam_unix(sshd:auth): authentication failure; logname= uid=0 euid=0 tty=ssh ruser= rhost=43.255.190.166  user=root
Apr 12 23:54:58 ovzhost sshd[983]: Failed password for root from 43.255.190.186 port 51686 ssh2
Apr 12 23:55:00 ovzhost sshd[986]: Failed password for root from 43.255.190.166 port 59634 ssh2
Apr 12 23:55:02 ovzhost sshd[983]: message repeated 2 times: [ Failed password for root from 43.255.190.186 port 51686 ssh2]
Apr 12 23:55:02 ovzhost sshd[983]: Received disconnect from 43.255.190.186: 11:  [preauth]
Apr 12 23:55:02 ovzhost sshd[983]: PAM 2 more authentication failures; logname= uid=0 euid=0 tty=ssh ruser= rhost=43.255.190.186  user=root
Apr 12 23:55:03 ovzhost sshd[988]: pam_unix(sshd:auth): authentication failure; logname= uid=0 euid=0 tty=ssh ruser= rhost=43.255.190.186  user=root
Apr 12 23:55:04 ovzhost sshd[986]: message repeated 2 times: [ Failed password for root from 43.255.190.166 port 59634 ssh2]
Apr 12 23:55:04 ovzhost sshd[986]: Received disconnect from 43.255.190.166: 11:  [preauth]
Apr 12 23:55:04 ovzhost sshd[986]: PAM 2 more authentication failures; logname= uid=0 euid=0 tty=ssh ruser= rhost=43.255.190.166  user=root
Apr 12 23:55:05 ovzhost sshd[988]: Failed password for root from 43.255.190.186 port 39289 ssh2
Apr 12 23:55:05 ovzhost sshd[990]: pam_unix(sshd:auth): authentication failure; logname= uid=0 euid=0 tty=ssh ruser= rhost=43.255.190.166  user=root
Apr 12 23:55:06 ovzhost sshd[990]: Failed password for root from 43.255.190.166 port 48387 ssh2
Apr 12 23:55:08 ovzhost sshd[988]: message repeated 2 times: [ Failed password for root from 43.255.190.186 port 39289 ssh2]
Apr 12 23:55:08 ovzhost sshd[988]: Received disconnect from 43.255.190.186: 11:  [preauth]
Apr 12 23:55:08 ovzhost sshd[988]: PAM 2 more authentication failures; logname= uid=0 euid=0 tty=ssh ruser= rhost=43.255.190.186  user=root
Apr 12 23:55:09 ovzhost sshd[992]: pam_unix(sshd:auth): authentication failure; logname= uid=0 euid=0 tty=ssh ruser= rhost=43.255.190.186  user=root
Apr 12 23:55:10 ovzhost sshd[995]: Connection closed by 127.0.0.1 [preauth]
Apr 12 23:55:10 ovzhost sshd[990]: message repeated 2 times: [ Failed password for root from 43.255.190.166 port 48387 ssh2]
Apr 12 23:55:11 ovzhost sshd[990]: Received disconnect from 43.255.190.166: 11:  [preauth]
Apr 12 23:55:11 ovzhost sshd[990]: PAM 2 more authentication failures; logname= uid=0 euid=0 tty=ssh ruser= rhost=43.255.190.166  user=root
Apr 12 23:55:11 ovzhost sshd[992]: Failed password for root from 43.255.190.186 port 52223 ssh2
Apr 12 23:55:11 ovzhost sshd[997]: pam_unix(sshd:auth): authentication failure; logname= uid=0 euid=0 tty=ssh ruser= rhost=43.255.190.166  user=root
Apr 12 23:55:13 ovzhost sshd[997]: Failed password for root from 43.255.190.166 port 35748 ssh2
Apr 12 23:55:14 ovzhost sshd[992]: message repeated 2 times: [ Failed password for root from 43.255.190.186 port 52223 ssh2]
Apr 12 23:55:15 ovzhost sshd[992]: Received disconnect from 43.255.190.186: 11:  [preauth]
Apr 12 23:55:15 ovzhost sshd[992]: PAM 2 more authentication failures; logname= uid=0 euid=0 tty=ssh ruser= rhost=43.255.190.186  user=root
Apr 12 23:55:15 ovzhost sshd[999]: pam_unix(sshd:auth): authentication failure; logname= uid=0 euid=0 tty=ssh ruser= rhost=43.255.190.186  user=root
Apr 12 23:55:16 ovzhost sshd[997]: message repeated 2 times: [ Failed password for root from 43.255.190.166 port 35748 ssh2]
Apr 12 23:55:16 ovzhost sshd[997]: Received disconnect from 43.255.190.166: 11:  [preauth]
Apr 12 23:55:16 ovzhost sshd[997]: PAM 2 more authentication failures; logname= uid=0 euid=0 tty=ssh ruser= rhost=43.255.190.166  user=root
Apr 12 23:55:17 ovzhost sshd[999]: Failed password for root from 43.255.190.186 port 38320 ssh2
Apr 12 23:55:17 ovzhost sshd[1001]: pam_unix(sshd:auth): authentication failure; logname= uid=0 euid=0 tty=ssh ruser= rhost=43.255.190.166  user=root
Apr 12 23:55:18 ovzhost sshd[1001]: Failed password for root from 43.255.190.166 port 50283 ssh2
Apr 12 23:55:20 ovzhost sshd[999]: message repeated 2 times: [ Failed password for root from 43.255.190.186 port 38320 ssh2]
Apr 12 23:55:20 ovzhost sshd[999]: Received disconnect from 43.255.190.186: 11:  [preauth]
Apr 12 23:55:20 ovzhost sshd[999]: PAM 2 more authentication failures; logname= uid=0 euid=0 tty=ssh ruser= rhost=43.255.190.186  user=root
Apr 12 23:55:21 ovzhost sshd[1003]: pam_unix(sshd:auth): authentication failure; logname= uid=0 euid=0 tty=ssh ruser= rhost=43.255.190.186  user=root
Apr 12 23:55:22 ovzhost sshd[1001]: message repeated 2 times: [ Failed password for root from 43.255.190.166 port 50283 ssh2]
Apr 12 23:55:22 ovzhost sshd[1001]: Received disconnect from 43.255.190.166: 11:  [preauth]
Apr 12 23:55:22 ovzhost sshd[1001]: PAM 2 more authentication failures; logname= uid=0 euid=0 tty=ssh ruser= rhost=43.255.190.166  user=root
Apr 12 23:55:23 ovzhost sshd[1003]: Failed password for root from 43.255.190.186 port 50329 ssh2
Apr 12 23:55:23 ovzhost sshd[1005]: pam_unix(sshd:auth): authentication failure; logname= uid=0 euid=0 tty=ssh ruser= rhost=43.255.190.166  user=root
Apr 12 23:55:25 ovzhost sshd[1005]: Failed password for root from 43.255.190.166 port 37144 ssh2
Apr 12 23:55:27 ovzhost sshd[1003]: message repeated 2 times: [ Failed password for root from 43.255.190.186 port 50329 ssh2]
Apr 12 23:55:27 ovzhost sshd[1003]: Received disconnect from 43.255.190.186: 11:  [preauth]
Apr 12 23:55:27 ovzhost sshd[1003]: PAM 2 more authentication failures; logname= uid=0 euid=0 tty=ssh ruser= rhost=43.255.190.186  user=root
Apr 12 23:55:28 ovzhost sshd[1007]: pam_unix(sshd:auth): authentication failure; logname= uid=0 euid=0 tty=ssh ruser= rhost=43.255.190.186  user=root
Apr 12 23:55:30 ovzhost sshd[1005]: message repeated 2 times: [ Failed password for root from 43.255.190.166 port 37144 ssh2]
Apr 12 23:55:30 ovzhost sshd[1005]: Received disconnect from 43.255.190.166: 11:  [preauth]
Apr 12 23:55:30 ovzhost sshd[1005]: PAM 2 more authentication failures; logname= uid=0 euid=0 tty=ssh ruser= rhost=43.255.190.166  user=root
Apr 12 23:55:30 ovzhost sshd[1007]: Failed password for root from 43.255.190.186 port 37116 ssh2
Apr 12 23:55:30 ovzhost sshd[1009]: pam_unix(sshd:auth): authentication failure; logname= uid=0 euid=0 tty=ssh ruser= rhost=43.255.190.166  user=root
Apr 12 23:55:32 ovzhost sshd[1009]: Failed password for root from 43.255.190.166 port 54505 ssh2
Apr 12 23:55:34 ovzhost sshd[1007]: message repeated 2 times: [ Failed password for root from 43.255.190.186 port 37116 ssh2]
Apr 12 23:55:34 ovzhost sshd[1007]: Received disconnect from 43.255.190.186: 11:  [preauth]
Apr 12 23:55:34 ovzhost sshd[1007]: PAM 2 more authentication failures; logname= uid=0 euid=0 tty=ssh ruser= rhost=43.255.190.186  user=root
Apr 12 23:55:35 ovzhost sshd[1011]: pam_unix(sshd:auth): authentication failure; logname= uid=0 euid=0 tty=ssh ruser= rhost=43.255.190.186  user=root
Apr 12 23:55:36 ovzhost sshd[1009]: message repeated 2 times: [ Failed password for root from 43.255.190.166 port 54505 ssh2]
Apr 12 23:55:36 ovzhost sshd[1009]: Received disconnect from 43.255.190.166: 11:  [preauth]
Apr 12 23:55:36 ovzhost sshd[1009]: PAM 2 more authentication failures; logname= uid=0 euid=0 tty=ssh ruser= rhost=43.255.190.166  user=root
Apr 12 23:55:37 ovzhost sshd[1011]: Failed password for root from 43.255.190.186 port 51694 ssh2
Apr 12 23:55:37 ovzhost sshd[1013]: pam_unix(sshd:auth): authentication failure; logname= uid=0 euid=0 tty=ssh ruser= rhost=43.255.190.166  user=root
Apr 12 23:55:39 ovzhost sshd[1013]: Failed password for root from 43.255.190.166 port 42449 ssh2
Apr 12 23:55:41 ovzhost sshd[1011]: message repeated 2 times: [ Failed password for root from 43.255.190.186 port 51694 ssh2]
Apr 12 23:55:41 ovzhost sshd[1011]: Received disconnect from 43.255.190.186: 11:  [preauth]
Apr 12 23:55:41 ovzhost sshd[1011]: PAM 2 more authentication failures; logname= uid=0 euid=0 tty=ssh ruser= rhost=43.255.190.186  user=root
Apr 12 23:55:41 ovzhost sshd[1015]: pam_unix(sshd:auth): authentication failure; logname= uid=0 euid=0 tty=ssh ruser= rhost=43.255.190.186  user=root
Apr 12 23:55:43 ovzhost sshd[1013]: message repeated 2 times: [ Failed password for root from 43.255.190.166 port 42449 ssh2]
Apr 12 23:55:43 ovzhost sshd[1013]: Received disconnect from 43.255.190.166: 11:  [preauth]
Apr 12 23:55:43 ovzhost sshd[1013]: PAM 2 more authentication failures; logname= uid=0 euid=0 tty=ssh ruser= rhost=43.255.190.166  user=root
Apr 12 23:55:43 ovzhost sshd[1015]: Failed password for root from 43.255.190.186 port 37768 ssh2
Apr 12 23:55:43 ovzhost sshd[1017]: pam_unix(sshd:auth): authentication failure; logname= uid=0 euid=0 tty=ssh ruser= rhost=43.255.190.166  user=root
Apr 12 23:55:46 ovzhost sshd[1017]: Failed password for root from 43.255.190.166 port 57462 ssh2
Apr 12 23:55:48 ovzhost sshd[1015]: message repeated 2 times: [ Failed password for root from 43.255.190.186 port 37768 ssh2]
Apr 12 23:55:48 ovzhost sshd[1015]: Received disconnect from 43.255.190.186: 11:  [preauth]
Apr 12 23:55:48 ovzhost sshd[1015]: PAM 2 more authentication failures; logname= uid=0 euid=0 tty=ssh ruser= rhost=43.255.190.186  user=root
Apr 12 23:55:48 ovzhost sshd[1021]: pam_unix(sshd:auth): authentication failure; logname= uid=0 euid=0 tty=ssh ruser= rhost=43.255.190.186  user=root
Apr 12 23:55:49 ovzhost sshd[1017]: message repeated 2 times: [ Failed password for root from 43.255.190.166 port 57462 ssh2]
Apr 12 23:55:49 ovzhost sshd[1017]: Received disconnect from 43.255.190.166: 11:  [preauth]
Apr 12 23:55:49 ovzhost sshd[1017]: PAM 2 more authentication failures; logname= uid=0 euid=0 tty=ssh ruser= rhost=43.255.190.166  user=root
Apr 12 23:55:50 ovzhost sshd[1021]: Failed password for root from 43.255.190.186 port 52417 ssh2
Apr 12 23:55:50 ovzhost sshd[1023]: pam_unix(sshd:auth): authentication failure; logname= uid=0 euid=0 tty=ssh ruser= rhost=43.255.190.166  user=root
Apr 12 23:55:52 ovzhost sshd[1023]: Failed password for root from 43.255.190.166 port 44582 ssh2
Apr 12 23:55:54 ovzhost sshd[1021]: message repeated 2 times: [ Failed password for root from 43.255.190.186 port 52417 ssh2]
Apr 12 23:55:54 ovzhost sshd[1021]: Received disconnect from 43.255.190.186: 11:  [preauth]
Apr 12 23:55:54 ovzhost sshd[1021]: PAM 2 more authentication failures; logname= uid=0 euid=0 tty=ssh ruser= rhost=43.255.190.186  user=root
Apr 12 23:55:55 ovzhost sshd[1027]: pam_unix(sshd:auth): authentication failure; logname= uid=0 euid=0 tty=ssh ruser= rhost=43.255.190.186  user=root
Apr 12 23:55:56 ovzhost sshd[1023]: message repeated 2 times: [ Failed password for root from 43.255.190.166 port 44582 ssh2]
Apr 12 23:55:57 ovzhost sshd[1023]: Received disconnect from 43.255.190.166: 11:  [preauth]
Apr 12 23:55:57 ovzhost sshd[1023]: PAM 2 more authentication failures; logname= uid=0 euid=0 tty=ssh ruser= rhost=43.255.190.166  user=root
Apr 12 23:55:57 ovzhost sshd[1027]: Failed password for root from 43.255.190.186 port 38895 ssh2
Apr 12 23:55:58 ovzhost sshd[1029]: pam_unix(sshd:auth): authentication failure; logname= uid=0 euid=0 tty=ssh ruser= rhost=43.255.190.166  user=root
Apr 12 23:56:00 ovzhost sshd[1029]: Failed password for root from 43.255.190.166 port 34116 ssh2
Apr 12 23:56:01 ovzhost sshd[1027]: message repeated 2 times: [ Failed password for root from 43.255.190.186 port 38895 ssh2]
Apr 12 23:56:01 ovzhost sshd[1027]: Received disconnect from 43.255.190.186: 11:  [preauth]
Apr 12 23:56:01 ovzhost sshd[1027]: PAM 2 more authentication failures; logname= uid=0 euid=0 tty=ssh ruser= rhost=43.255.190.186  user=root
Apr 12 23:56:02 ovzhost sshd[1031]: pam_unix(sshd:auth): authentication failure; logname= uid=0 euid=0 tty=ssh ruser= rhost=43.255.190.186  user=root
Apr 12 23:56:05 ovzhost sshd[1029]: message repeated 2 times: [ Failed password for root from 43.255.190.166 port 34116 ssh2]
Apr 12 23:56:05 ovzhost sshd[1029]: Received disconnect from 43.255.190.166: 11:  [preauth]
Apr 12 23:56:05 ovzhost sshd[1029]: PAM 2 more authentication failures; logname= uid=0 euid=0 tty=ssh ruser= rhost=43.255.190.166  user=root
Apr 12 23:56:05 ovzhost sshd[1031]: Failed password for root from 43.255.190.186 port 53302 ssh2
Apr 12 23:56:05 ovzhost sshd[1033]: pam_unix(sshd:auth): authentication failure; logname= uid=0 euid=0 tty=ssh ruser= rhost=43.255.190.166  user=root
Apr 12 23:56:07 ovzhost sshd[1033]: Failed password for root from 43.255.190.166 port 51384 ssh2
Apr 12 23:56:09 ovzhost sshd[1031]: message repeated 2 times: [ Failed password for root from 43.255.190.186 port 53302 ssh2]
Apr 12 23:56:09 ovzhost sshd[1031]: Received disconnect from 43.255.190.186: 11:  [preauth]
Apr 12 23:56:09 ovzhost sshd[1031]: PAM 2 more authentication failures; logname= uid=0 euid=0 tty=ssh ruser= rhost=43.255.190.186  user=root
Apr 12 23:56:10 ovzhost sshd[1035]: pam_unix(sshd:auth): authentication failure; logname= uid=0 euid=0 tty=ssh ruser= rhost=43.255.190.186  user=root
Apr 12 23:56:11 ovzhost sshd[1033]: message repeated 2 times: [ Failed password for root from 43.255.190.166 port 51384 ssh2]
Apr 12 23:56:11 ovzhost sshd[1033]: Received disconnect from 43.255.190.166: 11:  [preauth]
Apr 12 23:56:11 ovzhost sshd[1033]: PAM 2 more authentication failures; logname= uid=0 euid=0 tty=ssh ruser= rhost=43.255.190.166  user=root
Apr 12 23:56:12 ovzhost sshd[1035]: Failed password for root from 43.255.190.186 port 40872 ssh2
Apr 12 23:56:12 ovzhost sshd[1037]: pam_unix(sshd:auth): authentication failure; logname= uid=0 euid=0 tty=ssh ruser= rhost=43.255.190.166  user=root
Apr 12 23:56:14 ovzhost sshd[1037]: Failed password for root from 43.255.190.166 port 39145 ssh2
Apr 12 23:56:16 ovzhost sshd[1035]: message repeated 2 times: [ Failed password for root from 43.255.190.186 port 40872 ssh2]
Apr 12 23:56:16 ovzhost sshd[1035]: Received disconnect from 43.255.190.186: 11:  [preauth]
Apr 12 23:56:16 ovzhost sshd[1035]: PAM 2 more authentication failures; logname= uid=0 euid=0 tty=ssh ruser= rhost=43.255.190.186  user=root
Apr 12 23:56:17 ovzhost sshd[1041]: pam_unix(sshd:auth): authentication failure; logname= uid=0 euid=0 tty=ssh ruser= rhost=43.255.190.186  user=root
Apr 12 23:56:18 ovzhost sshd[1037]: message repeated 2 times: [ Failed password for root from 43.255.190.166 port 39145 ssh2]
Apr 12 23:56:18 ovzhost sshd[1037]: Received disconnect from 43.255.190.166: 11:  [preauth]
Apr 12 23:56:18 ovzhost sshd[1037]: PAM 2 more authentication failures; logname= uid=0 euid=0 tty=ssh ruser= rhost=43.255.190.166  user=root
Apr 12 23:56:19 ovzhost sshd[1041]: Failed password for root from 43.255.190.186 port 55924 ssh2
Apr 12 23:56:19 ovzhost sshd[1043]: pam_unix(sshd:auth): authentication failure; logname= uid=0 euid=0 tty=ssh ruser= rhost=43.255.190.166  user=root
Apr 12 23:56:21 ovzhost sshd[1043]: Failed password for root from 43.255.190.166 port 54829 ssh2
Apr 12 23:56:23 ovzhost sshd[1041]: message repeated 2 times: [ Failed password for root from 43.255.190.186 port 55924 ssh2]
Apr 12 23:56:23 ovzhost sshd[1041]: Received disconnect from 43.255.190.186: 11:  [preauth]
Apr 12 23:56:23 ovzhost sshd[1041]: PAM 2 more authentication failures; logname= uid=0 euid=0 tty=ssh ruser= rhost=43.255.190.186  user=root
Apr 12 23:56:23 ovzhost sshd[1047]: pam_unix(sshd:auth): authentication failure; logname= uid=0 euid=0 tty=ssh ruser= rhost=43.255.190.186  user=root
Apr 12 23:56:25 ovzhost sshd[1043]: message repeated 2 times: [ Failed password for root from 43.255.190.166 port 54829 ssh2]
Apr 12 23:56:25 ovzhost sshd[1043]: Received disconnect from 43.255.190.166: 11:  [preauth]
Apr 12 23:56:25 ovzhost sshd[1043]: PAM 2 more authentication failures; logname= uid=0 euid=0 tty=ssh ruser= rhost=43.255.190.166  user=root
Apr 12 23:56:25 ovzhost sshd[1047]: Failed password for root from 43.255.190.186 port 40749 ssh2
Apr 12 23:56:25 ovzhost sshd[1049]: pam_unix(sshd:auth): authentication failure; logname= uid=0 euid=0 tty=ssh ruser= rhost=43.255.190.166  user=root
Apr 12 23:56:28 ovzhost sshd[1049]: Failed password for root from 43.255.190.166 port 41410 ssh2
Apr 12 23:56:30 ovzhost sshd[1047]: message repeated 2 times: [ Failed password for root from 43.255.190.186 port 40749 ssh2]
Apr 12 23:56:30 ovzhost sshd[1047]: Received disconnect from 43.255.190.186: 11:  [preauth]
Apr 12 23:56:30 ovzhost sshd[1047]: PAM 2 more authentication failures; logname= uid=0 euid=0 tty=ssh ruser= rhost=43.255.190.186  user=root
Apr 12 23:56:31 ovzhost sshd[1051]: pam_unix(sshd:auth): authentication failure; logname= uid=0 euid=0 tty=ssh ruser= rhost=43.255.190.186  user=root
Apr 12 23:56:32 ovzhost sshd[1049]: message repeated 2 times: [ Failed password for root from 43.255.190.166 port 41410 ssh2]
Apr 12 23:56:32 ovzhost sshd[1049]: Received disconnect from 43.255.190.166: 11:  [preauth]
Apr 12 23:56:32 ovzhost sshd[1049]: PAM 2 more authentication failures; logname= uid=0 euid=0 tty=ssh ruser= rhost=43.255.190.166  user=root
Apr 12 23:56:32 ovzhost sshd[1053]: pam_unix(sshd:auth): authentication failure; logname= uid=0 euid=0 tty=ssh ruser= rhost=43.255.190.166  user=root
Apr 12 23:56:32 ovzhost sshd[1051]: Failed password for root from 43.255.190.186 port 55623 ssh2
Apr 12 23:56:35 ovzhost sshd[1053]: Failed password for root from 43.255.190.166 port 56452 ssh2
Apr 12 23:56:37 ovzhost sshd[1051]: message repeated 2 times: [ Failed password for root from 43.255.190.186 port 55623 ssh2]
Apr 12 23:56:37 ovzhost sshd[1051]: Received disconnect from 43.255.190.186: 11:  [preauth]
Apr 12 23:56:37 ovzhost sshd[1051]: PAM 2 more authentication failures; logname= uid=0 euid=0 tty=ssh ruser= rhost=43.255.190.186  user=root
Apr 12 23:56:38 ovzhost sshd[1055]: pam_unix(sshd:auth): authentication failure; logname= uid=0 euid=0 tty=ssh ruser= rhost=43.255.190.186  user=root
Apr 12 23:56:39 ovzhost sshd[1053]: message repeated 2 times: [ Failed password for root from 43.255.190.166 port 56452 ssh2]
Apr 12 23:56:39 ovzhost sshd[1053]: Received disconnect from 43.255.190.166: 11:  [preauth]
Apr 12 23:56:39 ovzhost sshd[1053]: PAM 2 more authentication failures; logname= uid=0 euid=0 tty=ssh ruser= rhost=43.255.190.166  user=root
Apr 12 23:56:39 ovzhost sshd[1057]: pam_unix(sshd:auth): authentication failure; logname= uid=0 euid=0 tty=ssh ruser= rhost=43.255.190.166  user=root
Apr 12 23:56:40 ovzhost sshd[1055]: Failed password for root from 43.255.190.186 port 42525 ssh2
Apr 12 23:56:42 ovzhost sshd[1057]: Failed password for root from 43.255.190.166 port 43557 ssh2
Apr 12 23:56:44 ovzhost sshd[1055]: message repeated 2 times: [ Failed password for root from 43.255.190.186 port 42525 ssh2]
Apr 12 23:56:45 ovzhost sshd[1055]: Received disconnect from 43.255.190.186: 11:  [preauth]
Apr 12 23:56:45 ovzhost sshd[1055]: PAM 2 more authentication failures; logname= uid=0 euid=0 tty=ssh ruser= rhost=43.255.190.186  user=root
Apr 12 23:56:45 ovzhost sshd[1059]: pam_unix(sshd:auth): authentication failure; logname= uid=0 euid=0 tty=ssh ruser= rhost=43.255.190.186  user=root
Apr 12 23:56:46 ovzhost sshd[1057]: message repeated 2 times: [ Failed password for root from 43.255.190.166 port 43557 ssh2]
Apr 12 23:56:46 ovzhost sshd[1057]: Received disconnect from 43.255.190.166: 11:  [preauth]
Apr 12 23:56:46 ovzhost sshd[1057]: PAM 2 more authentication failures; logname= uid=0 euid=0 tty=ssh ruser= rhost=43.255.190.166  user=root
Apr 12 23:56:47 ovzhost sshd[1061]: pam_unix(sshd:auth): authentication failure; logname= uid=0 euid=0 tty=ssh ruser= rhost=43.255.190.166  user=root
Apr 12 23:56:47 ovzhost sshd[1059]: Failed password for root from 43.255.190.186 port 57272 ssh2
Apr 12 23:56:49 ovzhost sshd[1061]: Failed password for root from 43.255.190.166 port 59957 ssh2
Apr 12 23:56:52 ovzhost sshd[1059]: message repeated 2 times: [ Failed password for root from 43.255.190.186 port 57272 ssh2]
Apr 12 23:56:52 ovzhost sshd[1059]: Received disconnect from 43.255.190.186: 11:  [preauth]
Apr 12 23:56:52 ovzhost sshd[1059]: PAM 2 more authentication failures; logname= uid=0 euid=0 tty=ssh ruser= rhost=43.255.190.186  user=root
Apr 12 23:56:53 ovzhost sshd[1064]: pam_unix(sshd:auth): authentication failure; logname= uid=0 euid=0 tty=ssh ruser= rhost=43.255.190.186  user=root
Apr 12 23:56:53 ovzhost sshd[1061]: message repeated 2 times: [ Failed password for root from 43.255.190.166 port 59957 ssh2]
Apr 12 23:56:53 ovzhost sshd[1061]: Received disconnect from 43.255.190.166: 11:  [preauth]
Apr 12 23:56:53 ovzhost sshd[1061]: PAM 2 more authentication failures; logname= uid=0 euid=0 tty=ssh ruser= rhost=43.255.190.166  user=root
Apr 12 23:56:54 ovzhost sshd[1066]: pam_unix(sshd:auth): authentication failure; logname= uid=0 euid=0 tty=ssh ruser= rhost=43.255.190.166  user=root
Apr 12 23:56:54 ovzhost sshd[1064]: Failed password for root from 43.255.190.186 port 44476 ssh2
Apr 12 23:56:56 ovzhost sshd[1066]: Failed password for root from 43.255.190.166 port 47816 ssh2
Apr 12 23:56:58 ovzhost sshd[1064]: message repeated 2 times: [ Failed password for root from 43.255.190.186 port 44476 ssh2]
Apr 12 23:56:58 ovzhost sshd[1064]: Received disconnect from 43.255.190.186: 11:  [preauth]
Apr 12 23:56:58 ovzhost sshd[1064]: PAM 2 more authentication failures; logname= uid=0 euid=0 tty=ssh ruser= rhost=43.255.190.186  user=root
Apr 12 23:56:59 ovzhost sshd[1068]: pam_unix(sshd:auth): authentication failure; logname= uid=0 euid=0 tty=ssh ruser= rhost=43.255.190.186  user=root
Apr 12 23:57:01 ovzhost sshd[1068]: Failed password for root from 43.255.190.186 port 56911 ssh2
Apr 12 23:57:01 ovzhost sshd[1066]: message repeated 2 times: [ Failed password for root from 43.255.190.166 port 47816 ssh2]
Apr 12 23:57:01 ovzhost sshd[1066]: Received disconnect from 43.255.190.166: 11:  [preauth]
Apr 12 23:57:01 ovzhost sshd[1066]: PAM 2 more authentication failures; logname= uid=0 euid=0 tty=ssh ruser= rhost=43.255.190.166  user=root
Apr 12 23:57:01 ovzhost sshd[1070]: pam_unix(sshd:auth): authentication failure; logname= uid=0 euid=0 tty=ssh ruser= rhost=43.255.190.166  user=root
Apr 12 23:57:03 ovzhost sshd[1070]: Failed password for root from 43.255.190.166 port 35869 ssh2
