Mar 31 17:16:56 ovzhost sudo:     root : unable to resolve host ovzhost
Mar 31 17:16:56 ovzhost sudo:     root : TTY=pts/0 ; PWD=/ ; USER=root ; COMMAND=/usr/bin/less /root/.bash_history
Mar 31 17:16:56 ovzhost sudo: pam_unix(sudo:session): session opened for user root by (uid=0)
Mar 31 17:16:57 ovzhost sudo: pam_unix(sudo:session): session closed for user root
Apr  2 14:31:13 ovzhost sshd[419]: Server listening on 0.0.0.0 port 22.
Apr  2 14:31:13 ovzhost sshd[419]: Server listening on :: port 22.
Apr  2 14:31:13 ovzhost saslauthd[637]: detach_tty      : master pid is: 637
Apr  2 14:31:13 ovzhost saslauthd[637]: ipc_init        : listening on socket: /var/run/saslauthd/mux
Apr  2 14:33:26 ovzhost sshd[797]: Connection closed by 127.0.0.1 [preauth]
Apr 10 22:35:48 ovzhost sshd[776]: pam_unix(sshd:auth): authentication failure; logname= uid=0 euid=0 tty=ssh ruser= rhost=58.215.179.202  user=root
Apr 10 22:35:50 ovzhost sshd[776]: Failed password for root from 58.215.179.202 port 53250 ssh2
Apr 10 22:35:54 ovzhost sshd[776]: message repeated 2 times: [ Failed password for root from 58.215.179.202 port 53250 ssh2]
Apr 10 22:35:54 ovzhost sshd[776]: Connection closed by 58.215.179.202 [preauth]
Apr 10 22:35:54 ovzhost sshd[776]: PAM 2 more authentication failures; logname= uid=0 euid=0 tty=ssh ruser= rhost=58.215.179.202  user=root
Apr 10 22:39:01 ovzhost CRON[790]: pam_env(cron:session): Unable to open env file: /etc/default/locale: No such file or directory
Apr 10 22:39:01 ovzhost CRON[790]: pam_unix(cron:session): session opened for user root by (uid=0)
Apr 10 22:39:01 ovzhost CRON[790]: pam_unix(cron:session): session closed for user root
Apr 10 22:39:03 ovzhost sshd[801]: Invalid user wap from 221.146.74.146
Apr 10 22:39:03 ovzhost sshd[801]: input_userauth_request: invalid user wap [preauth]
Apr 10 22:39:03 ovzhost sshd[801]: pam_unix(sshd:auth): check pass; user unknown
Apr 10 22:39:03 ovzhost sshd[801]: pam_unix(sshd:auth): authentication failure; logname= uid=0 euid=0 tty=ssh ruser= rhost=221.146.74.146 
Apr 10 22:39:05 ovzhost sshd[801]: Failed password for invalid user wap from 221.146.74.146 port 37402 ssh2
Apr 10 22:39:06 ovzhost sshd[801]: Connection closed by 221.146.74.146 [preauth]
Apr 10 22:40:01 ovzhost CRON[809]: pam_env(cron:session): Unable to open env file: /etc/default/locale: No such file or directory
Apr 10 22:40:01 ovzhost CRON[809]: pam_unix(cron:session): session opened for user smmsp by (uid=0)
Apr 10 22:40:01 ovzhost CRON[809]: pam_unix(cron:session): session closed for user smmsp
Apr 10 22:40:16 ovzhost sshd[836]: Connection closed by 127.0.0.1 [preauth]
Apr 10 22:40:27 ovzhost sshd[839]: Connection closed by 128.8.37.104 [preauth]
Apr 10 22:45:16 ovzhost sshd[858]: Connection closed by 127.0.0.1 [preauth]
Apr 10 22:50:16 ovzhost sshd[881]: Connection closed by 127.0.0.1 [preauth]
Apr 10 22:50:27 ovzhost sshd[884]: Connection closed by 128.8.37.104 [preauth]
Apr 10 22:55:16 ovzhost sshd[903]: Connection closed by 127.0.0.1 [preauth]
Apr 10 23:00:01 ovzhost CRON[925]: pam_env(cron:session): Unable to open env file: /etc/default/locale: No such file or directory
Apr 10 23:00:01 ovzhost CRON[925]: pam_unix(cron:session): session opened for user smmsp by (uid=0)
Apr 10 23:00:01 ovzhost CRON[925]: pam_unix(cron:session): session closed for user smmsp
Apr 10 23:00:16 ovzhost sshd[952]: Connection closed by 127.0.0.1 [preauth]
Apr 10 23:00:27 ovzhost sshd[955]: Connection closed by 128.8.37.104 [preauth]
Apr 10 23:00:34 ovzhost sshd[957]: Invalid user web from 221.146.74.146
Apr 10 23:00:34 ovzhost sshd[957]: input_userauth_request: invalid user web [preauth]
Apr 10 23:00:34 ovzhost sshd[957]: pam_unix(sshd:auth): check pass; user unknown
Apr 10 23:00:34 ovzhost sshd[957]: pam_unix(sshd:auth): authentication failure; logname= uid=0 euid=0 tty=ssh ruser= rhost=221.146.74.146 
Apr 10 23:00:36 ovzhost sshd[957]: Failed password for invalid user web from 221.146.74.146 port 56340 ssh2
Apr 10 23:00:36 ovzhost sshd[957]: Connection closed by 221.146.74.146 [preauth]
Apr 10 23:02:53 ovzhost sshd[965]: pam_unix(sshd:auth): authentication failure; logname= uid=0 euid=0 tty=ssh ruser= rhost=58.218.204.248  user=root
Apr 10 23:02:55 ovzhost sshd[965]: Failed password for root from 58.218.204.248 port 49300 ssh2
Apr 10 23:03:01 ovzhost sshd[965]: message repeated 2 times: [ Failed password for root from 58.218.204.248 port 49300 ssh2]
Apr 10 23:03:01 ovzhost sshd[965]: Received disconnect from 58.218.204.248: 11:  [preauth]
Apr 10 23:03:01 ovzhost sshd[965]: PAM 2 more authentication failures; logname= uid=0 euid=0 tty=ssh ruser= rhost=58.218.204.248  user=root
Apr 10 23:03:03 ovzhost sshd[968]: pam_unix(sshd:auth): authentication failure; logname= uid=0 euid=0 tty=ssh ruser= rhost=58.218.204.248  user=root
Apr 10 23:03:06 ovzhost sshd[968]: Failed password for root from 58.218.204.248 port 41856 ssh2
Apr 10 23:03:10 ovzhost sshd[968]: message repeated 2 times: [ Failed password for root from 58.218.204.248 port 41856 ssh2]
Apr 10 23:03:10 ovzhost sshd[968]: Received disconnect from 58.218.204.248: 11:  [preauth]
Apr 10 23:03:10 ovzhost sshd[968]: PAM 2 more authentication failures; logname= uid=0 euid=0 tty=ssh ruser= rhost=58.218.204.248  user=root
Apr 10 23:03:12 ovzhost sshd[970]: pam_unix(sshd:auth): authentication failure; logname= uid=0 euid=0 tty=ssh ruser= rhost=58.218.204.248  user=root
Apr 10 23:03:15 ovzhost sshd[970]: Failed password for root from 58.218.204.248 port 33265 ssh2
Apr 10 23:03:20 ovzhost sshd[970]: message repeated 2 times: [ Failed password for root from 58.218.204.248 port 33265 ssh2]
Apr 10 23:03:20 ovzhost sshd[970]: Received disconnect from 58.218.204.248: 11:  [preauth]
Apr 10 23:03:20 ovzhost sshd[970]: PAM 2 more authentication failures; logname= uid=0 euid=0 tty=ssh ruser= rhost=58.218.204.248  user=root
Apr 10 23:03:24 ovzhost sshd[974]: pam_unix(sshd:auth): authentication failure; logname= uid=0 euid=0 tty=ssh ruser= rhost=58.218.204.248  user=root
Apr 10 23:03:25 ovzhost sshd[974]: Failed password for root from 58.218.204.248 port 55043 ssh2
Apr 10 23:03:30 ovzhost sshd[974]: message repeated 2 times: [ Failed password for root from 58.218.204.248 port 55043 ssh2]
Apr 10 23:03:31 ovzhost sshd[974]: Received disconnect from 58.218.204.248: 11:  [preauth]
Apr 10 23:03:31 ovzhost sshd[974]: PAM 2 more authentication failures; logname= uid=0 euid=0 tty=ssh ruser= rhost=58.218.204.248  user=root
Apr 10 23:03:32 ovzhost sshd[976]: pam_unix(sshd:auth): authentication failure; logname= uid=0 euid=0 tty=ssh ruser= rhost=58.218.204.248  user=root
Apr 10 23:03:34 ovzhost sshd[976]: Failed password for root from 58.218.204.248 port 49123 ssh2
Apr 10 23:03:39 ovzhost sshd[976]: message repeated 2 times: [ Failed password for root from 58.218.204.248 port 49123 ssh2]
Apr 10 23:03:39 ovzhost sshd[976]: Received disconnect from 58.218.204.248: 11:  [preauth]
Apr 10 23:03:39 ovzhost sshd[976]: PAM 2 more authentication failures; logname= uid=0 euid=0 tty=ssh ruser= rhost=58.218.204.248  user=root
Apr 10 23:03:41 ovzhost sshd[978]: pam_unix(sshd:auth): authentication failure; logname= uid=0 euid=0 tty=ssh ruser= rhost=58.218.204.248  user=root
Apr 10 23:03:43 ovzhost sshd[978]: Failed password for root from 58.218.204.248 port 40621 ssh2
Apr 10 23:03:47 ovzhost sshd[978]: message repeated 2 times: [ Failed password for root from 58.218.204.248 port 40621 ssh2]
Apr 10 23:03:48 ovzhost sshd[978]: Received disconnect from 58.218.204.248: 11:  [preauth]
Apr 10 23:03:48 ovzhost sshd[978]: PAM 2 more authentication failures; logname= uid=0 euid=0 tty=ssh ruser= rhost=58.218.204.248  user=root
Apr 10 23:03:50 ovzhost sshd[980]: pam_unix(sshd:auth): authentication failure; logname= uid=0 euid=0 tty=ssh ruser= rhost=58.218.204.248  user=root
Apr 10 23:03:52 ovzhost sshd[980]: Failed password for root from 58.218.204.248 port 59471 ssh2
Apr 10 23:03:57 ovzhost sshd[980]: message repeated 2 times: [ Failed password for root from 58.218.204.248 port 59471 ssh2]
Apr 10 23:03:57 ovzhost sshd[980]: Received disconnect from 58.218.204.248: 11:  [preauth]
Apr 10 23:03:57 ovzhost sshd[980]: PAM 2 more authentication failures; logname= uid=0 euid=0 tty=ssh ruser= rhost=58.218.204.248  user=root
Apr 10 23:04:01 ovzhost sshd[984]: pam_unix(sshd:auth): authentication failure; logname= uid=0 euid=0 tty=ssh ruser= rhost=58.218.204.248  user=root
Apr 10 23:04:03 ovzhost sshd[984]: Failed password for root from 58.218.204.248 port 52021 ssh2
Apr 10 23:04:09 ovzhost sshd[984]: message repeated 2 times: [ Failed password for root from 58.218.204.248 port 52021 ssh2]
Apr 10 23:04:09 ovzhost sshd[984]: Received disconnect from 58.218.204.248: 11:  [preauth]
Apr 10 23:04:09 ovzhost sshd[984]: PAM 2 more authentication failures; logname= uid=0 euid=0 tty=ssh ruser= rhost=58.218.204.248  user=root
Apr 10 23:04:11 ovzhost sshd[986]: pam_unix(sshd:auth): authentication failure; logname= uid=0 euid=0 tty=ssh ruser= rhost=58.218.204.248  user=root
Apr 10 23:04:14 ovzhost sshd[986]: Failed password for root from 58.218.204.248 port 48635 ssh2
Apr 10 23:04:19 ovzhost sshd[986]: message repeated 2 times: [ Failed password for root from 58.218.204.248 port 48635 ssh2]
Apr 10 23:04:19 ovzhost sshd[986]: Received disconnect from 58.218.204.248: 11:  [preauth]
Apr 10 23:04:19 ovzhost sshd[986]: PAM 2 more authentication failures; logname= uid=0 euid=0 tty=ssh ruser= rhost=58.218.204.248  user=root
Apr 10 23:04:21 ovzhost sshd[988]: pam_unix(sshd:auth): authentication failure; logname= uid=0 euid=0 tty=ssh ruser= rhost=58.218.204.248  user=root
Apr 10 23:04:22 ovzhost sshd[988]: Failed password for root from 58.218.204.248 port 42743 ssh2
Apr 10 23:04:28 ovzhost sshd[988]: message repeated 2 times: [ Failed password for root from 58.218.204.248 port 42743 ssh2]
Apr 10 23:04:28 ovzhost sshd[988]: Received disconnect from 58.218.204.248: 11:  [preauth]
Apr 10 23:04:28 ovzhost sshd[988]: PAM 2 more authentication failures; logname= uid=0 euid=0 tty=ssh ruser= rhost=58.218.204.248  user=root
Apr 10 23:04:31 ovzhost sshd[990]: pam_unix(sshd:auth): authentication failure; logname= uid=0 euid=0 tty=ssh ruser= rhost=58.218.204.248  user=root
Apr 10 23:04:33 ovzhost sshd[990]: Failed password for root from 58.218.204.248 port 34595 ssh2
Apr 10 23:04:38 ovzhost sshd[990]: message repeated 2 times: [ Failed password for root from 58.218.204.248 port 34595 ssh2]
Apr 10 23:04:38 ovzhost sshd[990]: Received disconnect from 58.218.204.248: 11:  [preauth]
Apr 10 23:04:38 ovzhost sshd[990]: PAM 2 more authentication failures; logname= uid=0 euid=0 tty=ssh ruser= rhost=58.218.204.248  user=root
Apr 10 23:04:40 ovzhost sshd[994]: pam_unix(sshd:auth): authentication failure; logname= uid=0 euid=0 tty=ssh ruser= rhost=58.218.204.248  user=root
Apr 10 23:04:42 ovzhost sshd[994]: Failed password for root from 58.218.204.248 port 54657 ssh2
Apr 10 23:04:46 ovzhost sshd[994]: message repeated 2 times: [ Failed password for root from 58.218.204.248 port 54657 ssh2]
Apr 10 23:04:46 ovzhost sshd[994]: Received disconnect from 58.218.204.248: 11:  [preauth]
Apr 10 23:04:46 ovzhost sshd[994]: PAM 2 more authentication failures; logname= uid=0 euid=0 tty=ssh ruser= rhost=58.218.204.248  user=root
Apr 10 23:04:49 ovzhost sshd[996]: pam_unix(sshd:auth): authentication failure; logname= uid=0 euid=0 tty=ssh ruser= rhost=58.218.204.248  user=root
Apr 10 23:04:51 ovzhost sshd[996]: Failed password for root from 58.218.204.248 port 46016 ssh2
Apr 10 23:04:55 ovzhost sshd[996]: message repeated 2 times: [ Failed password for root from 58.218.204.248 port 46016 ssh2]
Apr 10 23:04:55 ovzhost sshd[996]: Received disconnect from 58.218.204.248: 11:  [preauth]
Apr 10 23:04:55 ovzhost sshd[996]: PAM 2 more authentication failures; logname= uid=0 euid=0 tty=ssh ruser= rhost=58.218.204.248  user=root
Apr 10 23:04:58 ovzhost sshd[1001]: pam_unix(sshd:auth): authentication failure; logname= uid=0 euid=0 tty=ssh ruser= rhost=58.218.204.248  user=root
Apr 10 23:05:01 ovzhost sshd[1001]: Failed password for root from 58.218.204.248 port 35330 ssh2
Apr 10 23:05:05 ovzhost sshd[1001]: message repeated 2 times: [ Failed password for root from 58.218.204.248 port 35330 ssh2]
Apr 10 23:05:05 ovzhost sshd[1001]: Received disconnect from 58.218.204.248: 11:  [preauth]
Apr 10 23:05:05 ovzhost sshd[1001]: PAM 2 more authentication failures; logname= uid=0 euid=0 tty=ssh ruser= rhost=58.218.204.248  user=root
Apr 10 23:05:08 ovzhost sshd[1003]: pam_unix(sshd:auth): authentication failure; logname= uid=0 euid=0 tty=ssh ruser= rhost=58.218.204.248  user=root
Apr 10 23:05:09 ovzhost sshd[1003]: Failed password for root from 58.218.204.248 port 56093 ssh2
Apr 10 23:05:14 ovzhost sshd[1003]: message repeated 2 times: [ Failed password for root from 58.218.204.248 port 56093 ssh2]
Apr 10 23:05:14 ovzhost sshd[1003]: Received disconnect from 58.218.204.248: 11:  [preauth]
Apr 10 23:05:14 ovzhost sshd[1003]: PAM 2 more authentication failures; logname= uid=0 euid=0 tty=ssh ruser= rhost=58.218.204.248  user=root
Apr 10 23:05:16 ovzhost sshd[1008]: Connection closed by 127.0.0.1 [preauth]
Apr 10 23:05:16 ovzhost sshd[1005]: pam_unix(sshd:auth): authentication failure; logname= uid=0 euid=0 tty=ssh ruser= rhost=58.218.204.248  user=root
Apr 10 23:05:17 ovzhost sshd[1005]: Failed password for root from 58.218.204.248 port 45569 ssh2
Apr 10 23:05:21 ovzhost sshd[1005]: message repeated 2 times: [ Failed password for root from 58.218.204.248 port 45569 ssh2]
Apr 10 23:05:21 ovzhost sshd[1005]: Received disconnect from 58.218.204.248: 11:  [preauth]
Apr 10 23:05:21 ovzhost sshd[1005]: PAM 2 more authentication failures; logname= uid=0 euid=0 tty=ssh ruser= rhost=58.218.204.248  user=root
Apr 10 23:05:23 ovzhost sshd[1010]: pam_unix(sshd:auth): authentication failure; logname= uid=0 euid=0 tty=ssh ruser= rhost=43.255.190.184  user=root
Apr 10 23:05:25 ovzhost sshd[1010]: Failed password for root from 43.255.190.184 port 45345 ssh2
Apr 10 23:05:25 ovzhost sshd[1012]: pam_unix(sshd:auth): authentication failure; logname= uid=0 euid=0 tty=ssh ruser= rhost=58.218.204.248  user=root
Apr 10 23:05:27 ovzhost sshd[1012]: Failed password for root from 58.218.204.248 port 35784 ssh2
Apr 10 23:05:28 ovzhost sshd[1010]: message repeated 2 times: [ Failed password for root from 43.255.190.184 port 45345 ssh2]
Apr 10 23:05:28 ovzhost sshd[1010]: Received disconnect from 43.255.190.184: 11:  [preauth]
Apr 10 23:05:28 ovzhost sshd[1010]: PAM 2 more authentication failures; logname= uid=0 euid=0 tty=ssh ruser= rhost=43.255.190.184  user=root
Apr 10 23:05:32 ovzhost sshd[1012]: message repeated 2 times: [ Failed password for root from 58.218.204.248 port 35784 ssh2]
Apr 10 23:05:32 ovzhost sshd[1012]: Received disconnect from 58.218.204.248: 11:  [preauth]
Apr 10 23:05:32 ovzhost sshd[1012]: PAM 2 more authentication failures; logname= uid=0 euid=0 tty=ssh ruser= rhost=58.218.204.248  user=root
Apr 10 23:05:33 ovzhost sshd[1016]: pam_unix(sshd:auth): authentication failure; logname= uid=0 euid=0 tty=ssh ruser= rhost=58.218.204.248  user=root
Apr 10 23:05:36 ovzhost sshd[1016]: Failed password for root from 58.218.204.248 port 55164 ssh2
Apr 10 23:05:40 ovzhost sshd[1016]: message repeated 2 times: [ Failed password for root from 58.218.204.248 port 55164 ssh2]
Apr 10 23:05:40 ovzhost sshd[1016]: Received disconnect from 58.218.204.248: 11:  [preauth]
Apr 10 23:05:40 ovzhost sshd[1016]: PAM 2 more authentication failures; logname= uid=0 euid=0 tty=ssh ruser= rhost=58.218.204.248  user=root
Apr 10 23:05:42 ovzhost sshd[1020]: pam_unix(sshd:auth): authentication failure; logname= uid=0 euid=0 tty=ssh ruser= rhost=43.255.190.184  user=root
Apr 10 23:05:43 ovzhost sshd[1018]: pam_unix(sshd:auth): authentication failure; logname= uid=0 euid=0 tty=ssh ruser= rhost=58.218.204.248  user=root
Apr 10 23:05:43 ovzhost sshd[1020]: Failed password for root from 43.255.190.184 port 58105 ssh2
Apr 10 23:05:44 ovzhost sshd[1018]: Failed password for root from 58.218.204.248 port 44609 ssh2
Apr 10 23:05:47 ovzhost sshd[1020]: message repeated 2 times: [ Failed password for root from 43.255.190.184 port 58105 ssh2]
Apr 10 23:05:48 ovzhost sshd[1020]: Received disconnect from 43.255.190.184: 11:  [preauth]
Apr 10 23:05:48 ovzhost sshd[1020]: PAM 2 more authentication failures; logname= uid=0 euid=0 tty=ssh ruser= rhost=43.255.190.184  user=root
Apr 10 23:05:50 ovzhost sshd[1018]: message repeated 2 times: [ Failed password for root from 58.218.204.248 port 44609 ssh2]
Apr 10 23:05:50 ovzhost sshd[1018]: Received disconnect from 58.218.204.248: 11:  [preauth]
Apr 10 23:05:50 ovzhost sshd[1018]: PAM 2 more authentication failures; logname= uid=0 euid=0 tty=ssh ruser= rhost=58.218.204.248  user=root
Apr 10 23:05:53 ovzhost sshd[1024]: pam_unix(sshd:auth): authentication failure; logname= uid=0 euid=0 tty=ssh ruser= rhost=58.218.204.248  user=root
Apr 10 23:05:55 ovzhost sshd[1024]: Failed password for root from 58.218.204.248 port 37593 ssh2
Apr 10 23:05:59 ovzhost sshd[1024]: message repeated 2 times: [ Failed password for root from 58.218.204.248 port 37593 ssh2]
Apr 10 23:06:00 ovzhost sshd[1024]: Received disconnect from 58.218.204.248: 11:  [preauth]
Apr 10 23:06:00 ovzhost sshd[1024]: PAM 2 more authentication failures; logname= uid=0 euid=0 tty=ssh ruser= rhost=58.218.204.248  user=root
Apr 10 23:06:02 ovzhost sshd[1030]: pam_unix(sshd:auth): authentication failure; logname= uid=0 euid=0 tty=ssh ruser= rhost=58.218.204.248  user=root
Apr 10 23:06:03 ovzhost sshd[1030]: Failed password for root from 58.218.204.248 port 57866 ssh2
Apr 10 23:06:07 ovzhost sshd[1030]: message repeated 2 times: [ Failed password for root from 58.218.204.248 port 57866 ssh2]
Apr 10 23:06:08 ovzhost sshd[1030]: Received disconnect from 58.218.204.248: 11:  [preauth]
Apr 10 23:06:08 ovzhost sshd[1030]: PAM 2 more authentication failures; logname= uid=0 euid=0 tty=ssh ruser= rhost=58.218.204.248  user=root
Apr 10 23:06:10 ovzhost sshd[1032]: pam_unix(sshd:auth): authentication failure; logname= uid=0 euid=0 tty=ssh ruser= rhost=58.218.204.248  user=root
Apr 10 23:06:11 ovzhost sshd[1034]: pam_unix(sshd:auth): authentication failure; logname= uid=0 euid=0 tty=ssh ruser= rhost=43.255.190.184  user=root
Apr 10 23:06:12 ovzhost sshd[1032]: Failed password for root from 58.218.204.248 port 47643 ssh2
Apr 10 23:06:13 ovzhost sshd[1034]: Failed password for root from 43.255.190.184 port 51669 ssh2
Apr 10 23:06:16 ovzhost sshd[1032]: message repeated 2 times: [ Failed password for root from 58.218.204.248 port 47643 ssh2]
Apr 10 23:06:16 ovzhost sshd[1032]: Received disconnect from 58.218.204.248: 11:  [preauth]
Apr 10 23:06:16 ovzhost sshd[1032]: PAM 2 more authentication failures; logname= uid=0 euid=0 tty=ssh ruser= rhost=58.218.204.248  user=root
Apr 10 23:06:17 ovzhost sshd[1034]: message repeated 2 times: [ Failed password for root from 43.255.190.184 port 51669 ssh2]
Apr 10 23:06:17 ovzhost sshd[1034]: Received disconnect from 43.255.190.184: 11:  [preauth]
Apr 10 23:06:17 ovzhost sshd[1034]: PAM 2 more authentication failures; logname= uid=0 euid=0 tty=ssh ruser= rhost=43.255.190.184  user=root
Apr 10 23:06:29 ovzhost sshd[1040]: pam_unix(sshd:auth): authentication failure; logname= uid=0 euid=0 tty=ssh ruser= rhost=43.255.190.184  user=root
Apr 10 23:06:31 ovzhost sshd[1040]: Failed password for root from 43.255.190.184 port 36335 ssh2
Apr 10 23:06:36 ovzhost sshd[1040]: message repeated 2 times: [ Failed password for root from 43.255.190.184 port 36335 ssh2]
Apr 10 23:06:36 ovzhost sshd[1040]: Received disconnect from 43.255.190.184: 11:  [preauth]
Apr 10 23:06:36 ovzhost sshd[1040]: PAM 2 more authentication failures; logname= uid=0 euid=0 tty=ssh ruser= rhost=43.255.190.184  user=root
Apr 10 23:06:37 ovzhost sshd[1042]: pam_unix(sshd:auth): authentication failure; logname= uid=0 euid=0 tty=ssh ruser= rhost=43.255.190.184  user=root
Apr 10 23:06:39 ovzhost sshd[1042]: Failed password for root from 43.255.190.184 port 42783 ssh2
Apr 10 23:06:43 ovzhost sshd[1042]: message repeated 2 times: [ Failed password for root from 43.255.190.184 port 42783 ssh2]
Apr 10 23:06:43 ovzhost sshd[1042]: Received disconnect from 43.255.190.184: 11:  [preauth]
Apr 10 23:06:43 ovzhost sshd[1042]: PAM 2 more authentication failures; logname= uid=0 euid=0 tty=ssh ruser= rhost=43.255.190.184  user=root
Apr 10 23:06:47 ovzhost sshd[1044]: pam_unix(sshd:auth): authentication failure; logname= uid=0 euid=0 tty=ssh ruser= rhost=43.255.190.184  user=root
Apr 10 23:06:49 ovzhost sshd[1044]: Failed password for root from 43.255.190.184 port 47599 ssh2
Apr 10 23:06:53 ovzhost sshd[1044]: message repeated 2 times: [ Failed password for root from 43.255.190.184 port 47599 ssh2]
Apr 10 23:06:53 ovzhost sshd[1044]: Received disconnect from 43.255.190.184: 11:  [preauth]
Apr 10 23:06:53 ovzhost sshd[1044]: PAM 2 more authentication failures; logname= uid=0 euid=0 tty=ssh ruser= rhost=43.255.190.184  user=root
Apr 10 23:06:55 ovzhost sshd[1047]: pam_unix(sshd:auth): authentication failure; logname= uid=0 euid=0 tty=ssh ruser= rhost=43.255.190.184  user=root
Apr 10 23:06:57 ovzhost sshd[1047]: Failed password for root from 43.255.190.184 port 54766 ssh2
Apr 10 23:07:00 ovzhost sshd[1047]: message repeated 2 times: [ Failed password for root from 43.255.190.184 port 54766 ssh2]
Apr 10 23:07:00 ovzhost sshd[1047]: Received disconnect from 43.255.190.184: 11:  [preauth]
Apr 10 23:07:00 ovzhost sshd[1047]: PAM 2 more authentication failures; logname= uid=0 euid=0 tty=ssh ruser= rhost=43.255.190.184  user=root
Apr 10 23:07:03 ovzhost sshd[1049]: pam_unix(sshd:auth): authentication failure; logname= uid=0 euid=0 tty=ssh ruser= rhost=43.255.190.184  user=root
Apr 10 23:07:05 ovzhost sshd[1049]: Failed password for root from 43.255.190.184 port 60274 ssh2
Apr 10 23:07:09 ovzhost sshd[1049]: message repeated 2 times: [ Failed password for root from 43.255.190.184 port 60274 ssh2]
Apr 10 23:07:09 ovzhost sshd[1049]: Received disconnect from 43.255.190.184: 11:  [preauth]
Apr 10 23:07:09 ovzhost sshd[1049]: PAM 2 more authentication failures; logname= uid=0 euid=0 tty=ssh ruser= rhost=43.255.190.184  user=root
Apr 10 23:07:11 ovzhost sshd[1051]: pam_unix(sshd:auth): authentication failure; logname= uid=0 euid=0 tty=ssh ruser= rhost=43.255.190.184  user=root
Apr 10 23:07:13 ovzhost sshd[1051]: Failed password for root from 43.255.190.184 port 38507 ssh2
Apr 10 23:07:16 ovzhost sshd[1051]: message repeated 2 times: [ Failed password for root from 43.255.190.184 port 38507 ssh2]
Apr 10 23:07:17 ovzhost sshd[1051]: Received disconnect from 43.255.190.184: 11:  [preauth]
Apr 10 23:07:17 ovzhost sshd[1051]: PAM 2 more authentication failures; logname= uid=0 euid=0 tty=ssh ruser= rhost=43.255.190.184  user=root
Apr 10 23:07:23 ovzhost sshd[1026]: Connection closed by 43.255.190.184 [preauth]
Apr 10 23:07:30 ovzhost sshd[1057]: pam_unix(sshd:auth): authentication failure; logname= uid=0 euid=0 tty=ssh ruser= rhost=43.255.190.184  user=root
Apr 10 23:07:32 ovzhost sshd[1057]: Failed password for root from 43.255.190.184 port 52505 ssh2
Apr 10 23:07:36 ovzhost sshd[1057]: message repeated 2 times: [ Failed password for root from 43.255.190.184 port 52505 ssh2]
Apr 10 23:07:36 ovzhost sshd[1057]: Received disconnect from 43.255.190.184: 11:  [preauth]
Apr 10 23:07:36 ovzhost sshd[1057]: PAM 2 more authentication failures; logname= uid=0 euid=0 tty=ssh ruser= rhost=43.255.190.184  user=root
Apr 10 23:07:36 ovzhost sshd[1059]: pam_unix(sshd:auth): authentication failure; logname= uid=0 euid=0 tty=ssh ruser= rhost=43.255.190.184  user=root
Apr 10 23:07:38 ovzhost sshd[1059]: Failed password for root from 43.255.190.184 port 58275 ssh2
Apr 10 23:07:42 ovzhost sshd[1059]: message repeated 2 times: [ Failed password for root from 43.255.190.184 port 58275 ssh2]
Apr 10 23:07:42 ovzhost sshd[1059]: Received disconnect from 43.255.190.184: 11:  [preauth]
Apr 10 23:07:42 ovzhost sshd[1059]: PAM 2 more authentication failures; logname= uid=0 euid=0 tty=ssh ruser= rhost=43.255.190.184  user=root
Apr 10 23:07:43 ovzhost sshd[1061]: pam_unix(sshd:auth): authentication failure; logname= uid=0 euid=0 tty=ssh ruser= rhost=43.255.190.184  user=root
Apr 10 23:07:45 ovzhost sshd[1061]: Failed password for root from 43.255.190.184 port 34577 ssh2
Apr 10 23:07:49 ovzhost sshd[1061]: message repeated 2 times: [ Failed password for root from 43.255.190.184 port 34577 ssh2]
Apr 10 23:07:49 ovzhost sshd[1061]: Received disconnect from 43.255.190.184: 11:  [preauth]
Apr 10 23:07:49 ovzhost sshd[1061]: PAM 2 more authentication failures; logname= uid=0 euid=0 tty=ssh ruser= rhost=43.255.190.184  user=root
Apr 10 23:07:50 ovzhost sshd[1063]: pam_unix(sshd:auth): authentication failure; logname= uid=0 euid=0 tty=ssh ruser= rhost=43.255.190.184  user=root
Apr 10 23:07:53 ovzhost sshd[1063]: Failed password for root from 43.255.190.184 port 39667 ssh2
Apr 10 23:07:56 ovzhost sshd[1063]: message repeated 2 times: [ Failed password for root from 43.255.190.184 port 39667 ssh2]
Apr 10 23:07:56 ovzhost sshd[1063]: Received disconnect from 43.255.190.184: 11:  [preauth]
Apr 10 23:07:56 ovzhost sshd[1063]: PAM 2 more authentication failures; logname= uid=0 euid=0 tty=ssh ruser= rhost=43.255.190.184  user=root
Apr 10 23:08:09 ovzhost sshd[1068]: pam_unix(sshd:auth): authentication failure; logname= uid=0 euid=0 tty=ssh ruser= rhost=43.255.190.184  user=root
Apr 10 23:08:10 ovzhost sshd[1068]: Failed password for root from 43.255.190.184 port 52259 ssh2
Apr 10 23:08:14 ovzhost sshd[1068]: message repeated 2 times: [ Failed password for root from 43.255.190.184 port 52259 ssh2]
Apr 10 23:08:14 ovzhost sshd[1068]: Received disconnect from 43.255.190.184: 11:  [preauth]
Apr 10 23:08:14 ovzhost sshd[1068]: PAM 2 more authentication failures; logname= uid=0 euid=0 tty=ssh ruser= rhost=43.255.190.184  user=root
Apr 10 23:08:15 ovzhost sshd[1070]: pam_unix(sshd:auth): authentication failure; logname= uid=0 euid=0 tty=ssh ruser= rhost=43.255.190.184  user=root
Apr 10 23:08:16 ovzhost sshd[1070]: Failed password for root from 43.255.190.184 port 56645 ssh2
Apr 10 23:08:21 ovzhost sshd[1070]: message repeated 2 times: [ Failed password for root from 43.255.190.184 port 56645 ssh2]
Apr 10 23:08:21 ovzhost sshd[1070]: Received disconnect from 43.255.190.184: 11:  [preauth]
Apr 10 23:08:21 ovzhost sshd[1070]: PAM 2 more authentication failures; logname= uid=0 euid=0 tty=ssh ruser= rhost=43.255.190.184  user=root
Apr 10 23:08:23 ovzhost sshd[1074]: pam_unix(sshd:auth): authentication failure; logname= uid=0 euid=0 tty=ssh ruser= rhost=43.255.190.184  user=root
Apr 10 23:08:25 ovzhost sshd[1074]: Failed password for root from 43.255.190.184 port 33008 ssh2
Apr 10 23:08:29 ovzhost sshd[1074]: message repeated 2 times: [ Failed password for root from 43.255.190.184 port 33008 ssh2]
Apr 10 23:08:29 ovzhost sshd[1074]: Received disconnect from 43.255.190.184: 11:  [preauth]
Apr 10 23:08:29 ovzhost sshd[1074]: PAM 2 more authentication failures; logname= uid=0 euid=0 tty=ssh ruser= rhost=43.255.190.184  user=root
Apr 10 23:08:33 ovzhost sshd[1078]: pam_unix(sshd:auth): authentication failure; logname= uid=0 euid=0 tty=ssh ruser= rhost=43.255.190.184  user=root
Apr 10 23:08:33 ovzhost sshd[1066]: Connection closed by 43.255.190.184 [preauth]
Apr 10 23:08:35 ovzhost sshd[1078]: Failed password for root from 43.255.190.184 port 38966 ssh2
Apr 10 23:08:39 ovzhost sshd[1078]: message repeated 2 times: [ Failed password for root from 43.255.190.184 port 38966 ssh2]
Apr 10 23:08:39 ovzhost sshd[1078]: Received disconnect from 43.255.190.184: 11:  [preauth]
Apr 10 23:08:39 ovzhost sshd[1078]: PAM 2 more authentication failures; logname= uid=0 euid=0 tty=ssh ruser= rhost=43.255.190.184  user=root
Apr 10 23:08:41 ovzhost sshd[1080]: pam_unix(sshd:auth): authentication failure; logname= uid=0 euid=0 tty=ssh ruser= rhost=43.255.190.184  user=root
Apr 10 23:08:43 ovzhost sshd[1080]: Failed password for root from 43.255.190.184 port 46042 ssh2
Apr 10 23:08:47 ovzhost sshd[1080]: message repeated 2 times: [ Failed password for root from 43.255.190.184 port 46042 ssh2]
Apr 10 23:08:48 ovzhost sshd[1080]: Received disconnect from 43.255.190.184: 11:  [preauth]
Apr 10 23:08:48 ovzhost sshd[1080]: PAM 2 more authentication failures; logname= uid=0 euid=0 tty=ssh ruser= rhost=43.255.190.184  user=root
Apr 10 23:08:59 ovzhost sshd[1088]: pam_unix(sshd:auth): authentication failure; logname= uid=0 euid=0 tty=ssh ruser= rhost=43.255.190.190  user=root
Apr 10 23:08:59 ovzhost sshd[1086]: pam_unix(sshd:auth): authentication failure; logname= uid=0 euid=0 tty=ssh ruser= rhost=43.255.190.184  user=root
Apr 10 23:09:01 ovzhost sshd[1088]: Failed password for root from 43.255.190.190 port 43026 ssh2
Apr 10 23:09:01 ovzhost sshd[1086]: Failed password for root from 43.255.190.184 port 58504 ssh2
Apr 10 23:09:01 ovzhost CRON[1091]: pam_env(cron:session): Unable to open env file: /etc/default/locale: No such file or directory
Apr 10 23:09:01 ovzhost CRON[1091]: pam_unix(cron:session): session opened for user root by (uid=0)
Apr 10 23:09:01 ovzhost CRON[1090]: pam_env(cron:session): Unable to open env file: /etc/default/locale: No such file or directory
Apr 10 23:09:01 ovzhost CRON[1090]: pam_unix(cron:session): session opened for user root by (uid=0)
Apr 10 23:09:01 ovzhost CRON[1090]: pam_unix(cron:session): session closed for user root
Apr 10 23:09:01 ovzhost CRON[1091]: pam_unix(cron:session): session closed for user root
Apr 10 23:09:05 ovzhost sshd[1088]: message repeated 2 times: [ Failed password for root from 43.255.190.190 port 43026 ssh2]
Apr 10 23:09:05 ovzhost sshd[1088]: Received disconnect from 43.255.190.190: 11:  [preauth]
Apr 10 23:09:05 ovzhost sshd[1088]: PAM 2 more authentication failures; logname= uid=0 euid=0 tty=ssh ruser= rhost=43.255.190.190  user=root
Apr 10 23:09:05 ovzhost sshd[1086]: message repeated 2 times: [ Failed password for root from 43.255.190.184 port 58504 ssh2]
Apr 10 23:09:06 ovzhost sshd[1086]: Received disconnect from 43.255.190.184: 11:  [preauth]
Apr 10 23:09:06 ovzhost sshd[1086]: PAM 2 more authentication failures; logname= uid=0 euid=0 tty=ssh ruser= rhost=43.255.190.184  user=root
Apr 10 23:09:06 ovzhost sshd[1104]: pam_unix(sshd:auth): authentication failure; logname= uid=0 euid=0 tty=ssh ruser= rhost=43.255.190.190  user=root
Apr 10 23:09:06 ovzhost sshd[1106]: pam_unix(sshd:auth): authentication failure; logname= uid=0 euid=0 tty=ssh ruser= rhost=43.255.190.184  user=root
Apr 10 23:09:08 ovzhost sshd[1104]: Failed password for root from 43.255.190.190 port 59292 ssh2
Apr 10 23:09:09 ovzhost sshd[1106]: Failed password for root from 43.255.190.184 port 36201 ssh2
Apr 10 23:09:13 ovzhost sshd[1104]: message repeated 2 times: [ Failed password for root from 43.255.190.190 port 59292 ssh2]
Apr 10 23:09:13 ovzhost sshd[1104]: Received disconnect from 43.255.190.190: 11:  [preauth]
Apr 10 23:09:13 ovzhost sshd[1104]: PAM 2 more authentication failures; logname= uid=0 euid=0 tty=ssh ruser= rhost=43.255.190.190  user=root
Apr 10 23:09:13 ovzhost sshd[1106]: message repeated 2 times: [ Failed password for root from 43.255.190.184 port 36201 ssh2]
Apr 10 23:09:13 ovzhost sshd[1106]: Received disconnect from 43.255.190.184: 11:  [preauth]
Apr 10 23:09:13 ovzhost sshd[1106]: PAM 2 more authentication failures; logname= uid=0 euid=0 tty=ssh ruser= rhost=43.255.190.184  user=root
Apr 10 23:09:13 ovzhost sshd[1108]: pam_unix(sshd:auth): authentication failure; logname= uid=0 euid=0 tty=ssh ruser= rhost=43.255.190.190  user=root
Apr 10 23:09:16 ovzhost sshd[1108]: Failed password for root from 43.255.190.190 port 51331 ssh2
Apr 10 23:09:20 ovzhost sshd[1108]: message repeated 2 times: [ Failed password for root from 43.255.190.190 port 51331 ssh2]
Apr 10 23:09:20 ovzhost sshd[1108]: Received disconnect from 43.255.190.190: 11:  [preauth]
Apr 10 23:09:20 ovzhost sshd[1108]: PAM 2 more authentication failures; logname= uid=0 euid=0 tty=ssh ruser= rhost=43.255.190.190  user=root
Apr 10 23:09:21 ovzhost sshd[1112]: pam_unix(sshd:auth): authentication failure; logname= uid=0 euid=0 tty=ssh ruser= rhost=43.255.190.190  user=root
Apr 10 23:09:23 ovzhost sshd[1082]: Connection closed by 43.255.190.184 [preauth]
Apr 10 23:09:23 ovzhost sshd[1110]: pam_unix(sshd:auth): authentication failure; logname= uid=0 euid=0 tty=ssh ruser= rhost=43.255.190.184  user=root
Apr 10 23:09:23 ovzhost sshd[1112]: Failed password for root from 43.255.190.190 port 40936 ssh2
Apr 10 23:09:25 ovzhost sshd[1110]: Failed password for root from 43.255.190.184 port 41342 ssh2
Apr 10 23:09:27 ovzhost sshd[1112]: message repeated 2 times: [ Failed password for root from 43.255.190.190 port 40936 ssh2]
Apr 10 23:09:27 ovzhost sshd[1112]: Received disconnect from 43.255.190.190: 11:  [preauth]
Apr 10 23:09:27 ovzhost sshd[1112]: PAM 2 more authentication failures; logname= uid=0 euid=0 tty=ssh ruser= rhost=43.255.190.190  user=root
Apr 10 23:09:27 ovzhost sshd[1115]: pam_unix(sshd:auth): authentication failure; logname= uid=0 euid=0 tty=ssh ruser= rhost=43.255.190.190  user=root
Apr 10 23:09:29 ovzhost sshd[1110]: message repeated 2 times: [ Failed password for root from 43.255.190.184 port 41342 ssh2]
Apr 10 23:09:29 ovzhost sshd[1110]: Received disconnect from 43.255.190.184: 11:  [preauth]
Apr 10 23:09:29 ovzhost sshd[1110]: PAM 2 more authentication failures; logname= uid=0 euid=0 tty=ssh ruser= rhost=43.255.190.184  user=root
Apr 10 23:09:29 ovzhost sshd[1115]: Failed password for root from 43.255.190.190 port 56264 ssh2
Apr 10 23:09:30 ovzhost sshd[1117]: pam_unix(sshd:auth): authentication failure; logname= uid=0 euid=0 tty=ssh ruser= rhost=43.255.190.184  user=root
Apr 10 23:09:32 ovzhost sshd[1117]: Failed password for root from 43.255.190.184 port 53186 ssh2
Apr 10 23:09:35 ovzhost sshd[1115]: message repeated 2 times: [ Failed password for root from 43.255.190.190 port 56264 ssh2]
Apr 10 23:09:35 ovzhost sshd[1115]: Received disconnect from 43.255.190.190: 11:  [preauth]
Apr 10 23:09:35 ovzhost sshd[1115]: PAM 2 more authentication failures; logname= uid=0 euid=0 tty=ssh ruser= rhost=43.255.190.190  user=root
Apr 10 23:09:35 ovzhost sshd[1121]: pam_unix(sshd:auth): authentication failure; logname= uid=0 euid=0 tty=ssh ruser= rhost=43.255.190.190  user=root
Apr 10 23:09:37 ovzhost sshd[1117]: message repeated 2 times: [ Failed password for root from 43.255.190.184 port 53186 ssh2]
Apr 10 23:09:37 ovzhost sshd[1117]: Received disconnect from 43.255.190.184: 11:  [preauth]
Apr 10 23:09:37 ovzhost sshd[1117]: PAM 2 more authentication failures; logname= uid=0 euid=0 tty=ssh ruser= rhost=43.255.190.184  user=root
Apr 10 23:09:38 ovzhost sshd[1121]: Failed password for root from 43.255.190.190 port 47914 ssh2
Apr 10 23:09:39 ovzhost sshd[1123]: pam_unix(sshd:auth): authentication failure; logname= uid=0 euid=0 tty=ssh ruser= rhost=43.255.190.184  user=root
Apr 10 23:09:41 ovzhost sshd[1123]: Failed password for root from 43.255.190.184 port 59251 ssh2
Apr 10 23:09:42 ovzhost sshd[1121]: message repeated 2 times: [ Failed password for root from 43.255.190.190 port 47914 ssh2]
Apr 10 23:09:42 ovzhost sshd[1121]: Received disconnect from 43.255.190.190: 11:  [preauth]
Apr 10 23:09:42 ovzhost sshd[1121]: PAM 2 more authentication failures; logname= uid=0 euid=0 tty=ssh ruser= rhost=43.255.190.190  user=root
Apr 10 23:09:43 ovzhost sshd[1125]: pam_unix(sshd:auth): authentication failure; logname= uid=0 euid=0 tty=ssh ruser= rhost=43.255.190.190  user=root
Apr 10 23:09:46 ovzhost sshd[1125]: Failed password for root from 43.255.190.190 port 42128 ssh2
Apr 10 23:09:46 ovzhost sshd[1123]: message repeated 2 times: [ Failed password for root from 43.255.190.184 port 59251 ssh2]
Apr 10 23:09:46 ovzhost sshd[1123]: Received disconnect from 43.255.190.184: 11:  [preauth]
Apr 10 23:09:46 ovzhost sshd[1123]: PAM 2 more authentication failures; logname= uid=0 euid=0 tty=ssh ruser= rhost=43.255.190.184  user=root
Apr 10 23:09:48 ovzhost sshd[1127]: pam_unix(sshd:auth): authentication failure; logname= uid=0 euid=0 tty=ssh ruser= rhost=43.255.190.184  user=root
Apr 10 23:09:49 ovzhost sshd[1125]: message repeated 2 times: [ Failed password for root from 43.255.190.190 port 42128 ssh2]
Apr 10 23:09:50 ovzhost sshd[1125]: Received disconnect from 43.255.190.190: 11:  [preauth]
Apr 10 23:09:50 ovzhost sshd[1125]: PAM 2 more authentication failures; logname= uid=0 euid=0 tty=ssh ruser= rhost=43.255.190.190  user=root
Apr 10 23:09:50 ovzhost sshd[1127]: Failed password for root from 43.255.190.184 port 37563 ssh2
Apr 10 23:09:50 ovzhost sshd[1129]: pam_unix(sshd:auth): authentication failure; logname= uid=0 euid=0 tty=ssh ruser= rhost=43.255.190.190  user=root
Apr 10 23:09:53 ovzhost sshd[1129]: Failed password for root from 43.255.190.190 port 35385 ssh2
Apr 10 23:09:55 ovzhost sshd[1127]: message repeated 2 times: [ Failed password for root from 43.255.190.184 port 37563 ssh2]
Apr 10 23:09:56 ovzhost sshd[1127]: Received disconnect from 43.255.190.184: 11:  [preauth]
Apr 10 23:09:56 ovzhost sshd[1127]: PAM 2 more authentication failures; logname= uid=0 euid=0 tty=ssh ruser= rhost=43.255.190.184  user=root
Apr 10 23:09:56 ovzhost sshd[1133]: pam_unix(sshd:auth): authentication failure; logname= uid=0 euid=0 tty=ssh ruser= rhost=43.255.190.184  user=root
Apr 10 23:09:58 ovzhost sshd[1129]: message repeated 2 times: [ Failed password for root from 43.255.190.190 port 35385 ssh2]
Apr 10 23:09:58 ovzhost sshd[1129]: Received disconnect from 43.255.190.190: 11:  [preauth]
Apr 10 23:09:58 ovzhost sshd[1129]: PAM 2 more authentication failures; logname= uid=0 euid=0 tty=ssh ruser= rhost=43.255.190.190  user=root
Apr 10 23:09:58 ovzhost sshd[1136]: pam_unix(sshd:auth): authentication failure; logname= uid=0 euid=0 tty=ssh ruser= rhost=43.255.190.190  user=root
Apr 10 23:09:58 ovzhost sshd[1133]: Failed password for root from 43.255.190.184 port 43992 ssh2
Apr 10 23:10:00 ovzhost sshd[1136]: Failed password for root from 43.255.190.190 port 57236 ssh2
Apr 10 23:10:03 ovzhost sshd[1133]: message repeated 2 times: [ Failed password for root from 43.255.190.184 port 43992 ssh2]
Apr 10 23:10:03 ovzhost sshd[1133]: Received disconnect from 43.255.190.184: 11:  [preauth]
Apr 10 23:10:03 ovzhost sshd[1133]: PAM 2 more authentication failures; logname= uid=0 euid=0 tty=ssh ruser= rhost=43.255.190.184  user=root
Apr 10 23:10:05 ovzhost sshd[1138]: pam_unix(sshd:auth): authentication failure; logname= uid=0 euid=0 tty=ssh ruser= rhost=43.255.190.184  user=root
Apr 10 23:10:05 ovzhost sshd[1136]: message repeated 2 times: [ Failed password for root from 43.255.190.190 port 57236 ssh2]
Apr 10 23:10:05 ovzhost sshd[1136]: Received disconnect from 43.255.190.190: 11:  [preauth]
Apr 10 23:10:05 ovzhost sshd[1136]: PAM 2 more authentication failures; logname= uid=0 euid=0 tty=ssh ruser= rhost=43.255.190.190  user=root
Apr 10 23:10:06 ovzhost sshd[1140]: pam_unix(sshd:auth): authentication failure; logname= uid=0 euid=0 tty=ssh ruser= rhost=43.255.190.190  user=root
Apr 10 23:10:07 ovzhost sshd[1138]: Failed password for root from 43.255.190.184 port 50095 ssh2
Apr 10 23:10:08 ovzhost sshd[1140]: Failed password for root from 43.255.190.190 port 49928 ssh2
Apr 10 23:10:12 ovzhost sshd[1138]: message repeated 2 times: [ Failed password for root from 43.255.190.184 port 50095 ssh2]
Apr 10 23:10:12 ovzhost sshd[1138]: Received disconnect from 43.255.190.184: 11:  [preauth]
Apr 10 23:10:12 ovzhost sshd[1138]: PAM 2 more authentication failures; logname= uid=0 euid=0 tty=ssh ruser= rhost=43.255.190.184  user=root
Apr 10 23:10:13 ovzhost sshd[1140]: message repeated 2 times: [ Failed password for root from 43.255.190.190 port 49928 ssh2]
Apr 10 23:10:13 ovzhost sshd[1140]: Received disconnect from 43.255.190.190: 11:  [preauth]
Apr 10 23:10:13 ovzhost sshd[1140]: PAM 2 more authentication failures; logname= uid=0 euid=0 tty=ssh ruser= rhost=43.255.190.190  user=root
Apr 10 23:10:13 ovzhost sshd[1142]: pam_unix(sshd:auth): authentication failure; logname= uid=0 euid=0 tty=ssh ruser= rhost=43.255.190.190  user=root
Apr 10 23:10:16 ovzhost sshd[1147]: Connection closed by 127.0.0.1 [preauth]
Apr 10 23:10:16 ovzhost sshd[1142]: Failed password for root from 43.255.190.190 port 41091 ssh2
Apr 10 23:10:19 ovzhost sshd[1144]: pam_unix(sshd:auth): authentication failure; logname= uid=0 euid=0 tty=ssh ruser= rhost=43.255.190.184  user=root
Apr 10 23:10:21 ovzhost sshd[1144]: Failed password for root from 43.255.190.184 port 56364 ssh2
Apr 10 23:10:21 ovzhost sshd[1142]: message repeated 2 times: [ Failed password for root from 43.255.190.190 port 41091 ssh2]
Apr 10 23:10:21 ovzhost sshd[1142]: Received disconnect from 43.255.190.190: 11:  [preauth]
Apr 10 23:10:21 ovzhost sshd[1142]: PAM 2 more authentication failures; logname= uid=0 euid=0 tty=ssh ruser= rhost=43.255.190.190  user=root
Apr 10 23:10:22 ovzhost sshd[1149]: pam_unix(sshd:auth): authentication failure; logname= uid=0 euid=0 tty=ssh ruser= rhost=43.255.190.190  user=root
Apr 10 23:10:24 ovzhost sshd[1149]: Failed password for root from 43.255.190.190 port 33649 ssh2
Apr 10 23:10:25 ovzhost sshd[1144]: message repeated 2 times: [ Failed password for root from 43.255.190.184 port 56364 ssh2]
Apr 10 23:10:25 ovzhost sshd[1144]: Received disconnect from 43.255.190.184: 11:  [preauth]
Apr 10 23:10:25 ovzhost sshd[1144]: PAM 2 more authentication failures; logname= uid=0 euid=0 tty=ssh ruser= rhost=43.255.190.184  user=root
Apr 10 23:10:27 ovzhost sshd[1152]: Connection closed by 128.8.37.104 [preauth]
Apr 10 23:10:28 ovzhost sshd[1149]: message repeated 2 times: [ Failed password for root from 43.255.190.190 port 33649 ssh2]
Apr 10 23:10:28 ovzhost sshd[1149]: Received disconnect from 43.255.190.190: 11:  [preauth]
Apr 10 23:10:28 ovzhost sshd[1149]: PAM 2 more authentication failures; logname= uid=0 euid=0 tty=ssh ruser= rhost=43.255.190.190  user=root
Apr 10 23:10:29 ovzhost sshd[1154]: pam_unix(sshd:auth): authentication failure; logname= uid=0 euid=0 tty=ssh ruser= rhost=43.255.190.190  user=root
Apr 10 23:10:31 ovzhost sshd[1154]: Failed password for root from 43.255.190.190 port 51199 ssh2
Apr 10 23:10:33 ovzhost sshd[1156]: pam_unix(sshd:auth): authentication failure; logname= uid=0 euid=0 tty=ssh ruser= rhost=43.255.190.184  user=root
Apr 10 23:10:35 ovzhost sshd[1154]: message repeated 2 times: [ Failed password for root from 43.255.190.190 port 51199 ssh2]
Apr 10 23:10:35 ovzhost sshd[1154]: Received disconnect from 43.255.190.190: 11:  [preauth]
Apr 10 23:10:35 ovzhost sshd[1154]: PAM 2 more authentication failures; logname= uid=0 euid=0 tty=ssh ruser= rhost=43.255.190.190  user=root
Apr 10 23:10:35 ovzhost sshd[1156]: Failed password for root from 43.255.190.184 port 41180 ssh2
Apr 10 23:10:36 ovzhost sshd[1158]: pam_unix(sshd:auth): authentication failure; logname= uid=0 euid=0 tty=ssh ruser= rhost=43.255.190.190  user=root
Apr 10 23:10:37 ovzhost sshd[1158]: Failed password for root from 43.255.190.190 port 40892 ssh2
Apr 10 23:10:39 ovzhost sshd[1156]: message repeated 2 times: [ Failed password for root from 43.255.190.184 port 41180 ssh2]
Apr 10 23:10:40 ovzhost sshd[1156]: Received disconnect from 43.255.190.184: 11:  [preauth]
Apr 10 23:10:40 ovzhost sshd[1156]: PAM 2 more authentication failures; logname= uid=0 euid=0 tty=ssh ruser= rhost=43.255.190.184  user=root
Apr 10 23:10:41 ovzhost sshd[1160]: pam_unix(sshd:auth): authentication failure; logname= uid=0 euid=0 tty=ssh ruser= rhost=43.255.190.184  user=root
Apr 10 23:10:43 ovzhost sshd[1158]: message repeated 2 times: [ Failed password for root from 43.255.190.190 port 40892 ssh2]
Apr 10 23:10:43 ovzhost sshd[1158]: Received disconnect from 43.255.190.190: 11:  [preauth]
Apr 10 23:10:43 ovzhost sshd[1158]: PAM 2 more authentication failures; logname= uid=0 euid=0 tty=ssh ruser= rhost=43.255.190.190  user=root
Apr 10 23:10:43 ovzhost sshd[1162]: pam_unix(sshd:auth): authentication failure; logname= uid=0 euid=0 tty=ssh ruser= rhost=43.255.190.190  user=root
Apr 10 23:10:43 ovzhost sshd[1160]: Failed password for root from 43.255.190.184 port 48047 ssh2
Apr 10 23:10:45 ovzhost sshd[1162]: Failed password for root from 43.255.190.190 port 58442 ssh2
Apr 10 23:10:47 ovzhost sshd[1160]: message repeated 2 times: [ Failed password for root from 43.255.190.184 port 48047 ssh2]
Apr 10 23:10:48 ovzhost sshd[1160]: Received disconnect from 43.255.190.184: 11:  [preauth]
Apr 10 23:10:48 ovzhost sshd[1160]: PAM 2 more authentication failures; logname= uid=0 euid=0 tty=ssh ruser= rhost=43.255.190.184  user=root
Apr 10 23:10:50 ovzhost sshd[1162]: message repeated 2 times: [ Failed password for root from 43.255.190.190 port 58442 ssh2]
Apr 10 23:10:50 ovzhost sshd[1162]: Received disconnect from 43.255.190.190: 11:  [preauth]
Apr 10 23:10:50 ovzhost sshd[1162]: PAM 2 more authentication failures; logname= uid=0 euid=0 tty=ssh ruser= rhost=43.255.190.190  user=root
Apr 10 23:10:51 ovzhost sshd[1165]: pam_unix(sshd:auth): authentication failure; logname= uid=0 euid=0 tty=ssh ruser= rhost=43.255.190.190  user=root
Apr 10 23:10:53 ovzhost sshd[1165]: Failed password for root from 43.255.190.190 port 48702 ssh2
Apr 10 23:10:57 ovzhost sshd[1164]: pam_unix(sshd:auth): authentication failure; logname= uid=0 euid=0 tty=ssh ruser= rhost=43.255.190.184  user=root
Apr 10 23:10:57 ovzhost sshd[1165]: message repeated 2 times: [ Failed password for root from 43.255.190.190 port 48702 ssh2]
Apr 10 23:10:58 ovzhost sshd[1165]: Received disconnect from 43.255.190.190: 11:  [preauth]
Apr 10 23:10:58 ovzhost sshd[1165]: PAM 2 more authentication failures; logname= uid=0 euid=0 tty=ssh ruser= rhost=43.255.190.190  user=root
Apr 10 23:10:58 ovzhost sshd[1168]: pam_unix(sshd:auth): authentication failure; logname= uid=0 euid=0 tty=ssh ruser= rhost=43.255.190.190  user=root
Apr 10 23:10:59 ovzhost sshd[1164]: Failed password for root from 43.255.190.184 port 53792 ssh2
Apr 10 23:11:00 ovzhost sshd[1168]: Failed password for root from 43.255.190.190 port 37846 ssh2
Apr 10 23:11:03 ovzhost sshd[1164]: message repeated 2 times: [ Failed password for root from 43.255.190.184 port 53792 ssh2]
Apr 10 23:11:03 ovzhost sshd[1164]: Received disconnect from 43.255.190.184: 11:  [preauth]
Apr 10 23:11:03 ovzhost sshd[1164]: PAM 2 more authentication failures; logname= uid=0 euid=0 tty=ssh ruser= rhost=43.255.190.184  user=root
Apr 10 23:11:04 ovzhost sshd[1170]: pam_unix(sshd:auth): authentication failure; logname= uid=0 euid=0 tty=ssh ruser= rhost=43.255.190.184  user=root
Apr 10 23:11:05 ovzhost sshd[1168]: message repeated 2 times: [ Failed password for root from 43.255.190.190 port 37846 ssh2]
Apr 10 23:11:05 ovzhost sshd[1168]: Received disconnect from 43.255.190.190: 11:  [preauth]
Apr 10 23:11:05 ovzhost sshd[1168]: PAM 2 more authentication failures; logname= uid=0 euid=0 tty=ssh ruser= rhost=43.255.190.190  user=root
Apr 10 23:11:05 ovzhost sshd[1174]: pam_unix(sshd:auth): authentication failure; logname= uid=0 euid=0 tty=ssh ruser= rhost=43.255.190.190  user=root
Apr 10 23:11:07 ovzhost sshd[1170]: Failed password for root from 43.255.190.184 port 37141 ssh2
Apr 10 23:11:07 ovzhost sshd[1174]: Failed password for root from 43.255.190.190 port 54565 ssh2
Apr 10 23:11:11 ovzhost sshd[1170]: message repeated 2 times: [ Failed password for root from 43.255.190.184 port 37141 ssh2]
Apr 10 23:11:11 ovzhost sshd[1170]: Received disconnect from 43.255.190.184: 11:  [preauth]
Apr 10 23:11:11 ovzhost sshd[1170]: PAM 2 more authentication failures; logname= uid=0 euid=0 tty=ssh ruser= rhost=43.255.190.184  user=root
Apr 10 23:11:12 ovzhost sshd[1174]: message repeated 2 times: [ Failed password for root from 43.255.190.190 port 54565 ssh2]
Apr 10 23:11:12 ovzhost sshd[1174]: Received disconnect from 43.255.190.190: 11:  [preauth]
Apr 10 23:11:12 ovzhost sshd[1174]: PAM 2 more authentication failures; logname= uid=0 euid=0 tty=ssh ruser= rhost=43.255.190.190  user=root
Apr 10 23:11:12 ovzhost sshd[1178]: pam_unix(sshd:auth): authentication failure; logname= uid=0 euid=0 tty=ssh ruser= rhost=43.255.190.190  user=root
Apr 10 23:11:15 ovzhost sshd[1178]: Failed password for root from 43.255.190.190 port 43405 ssh2
Apr 10 23:11:19 ovzhost sshd[1178]: message repeated 2 times: [ Failed password for root from 43.255.190.190 port 43405 ssh2]
Apr 10 23:11:19 ovzhost sshd[1178]: Received disconnect from 43.255.190.190: 11:  [preauth]
Apr 10 23:11:19 ovzhost sshd[1178]: PAM 2 more authentication failures; logname= uid=0 euid=0 tty=ssh ruser= rhost=43.255.190.190  user=root
Apr 10 23:11:20 ovzhost sshd[1180]: pam_unix(sshd:auth): authentication failure; logname= uid=0 euid=0 tty=ssh ruser= rhost=43.255.190.190  user=root
Apr 10 23:11:22 ovzhost sshd[1176]: fatal: Read from socket failed: Connection reset by peer [preauth]
Apr 10 23:11:22 ovzhost sshd[1180]: Failed password for root from 43.255.190.190 port 32834 ssh2
Apr 10 23:11:27 ovzhost sshd[1180]: message repeated 2 times: [ Failed password for root from 43.255.190.190 port 32834 ssh2]
Apr 10 23:11:27 ovzhost sshd[1180]: Received disconnect from 43.255.190.190: 11:  [preauth]
Apr 10 23:11:27 ovzhost sshd[1180]: PAM 2 more authentication failures; logname= uid=0 euid=0 tty=ssh ruser= rhost=43.255.190.190  user=root
Apr 10 23:11:27 ovzhost sshd[1182]: pam_unix(sshd:auth): authentication failure; logname= uid=0 euid=0 tty=ssh ruser= rhost=43.255.190.184  user=root
Apr 10 23:11:27 ovzhost sshd[1184]: pam_unix(sshd:auth): authentication failure; logname= uid=0 euid=0 tty=ssh ruser= rhost=43.255.190.190  user=root
Apr 10 23:11:29 ovzhost sshd[1182]: Failed password for root from 43.255.190.184 port 51439 ssh2
Apr 10 23:11:29 ovzhost sshd[1184]: Failed password for root from 43.255.190.190 port 50088 ssh2
