Apr  2 14:31:44 ovzhost sshd[780]: Connection closed by 127.0.0.1 [preauth]
Apr  2 14:35:40 ovzhost sshd[811]: Connection closed by 128.8.37.120 [preauth]
Apr  2 14:36:44 ovzhost sshd[820]: Connection closed by 127.0.0.1 [preauth]
Apr 12 12:35:53 ovzhost sshd[690]: Connection closed by 127.0.0.1 [preauth]
Apr 12 12:39:01 ovzhost CRON[792]: pam_env(cron:session): Unable to open env file: /etc/default/locale: No such file or directory
Apr 12 12:39:01 ovzhost CRON[792]: pam_unix(cron:session): session opened for user root by (uid=0)
Apr 12 12:39:01 ovzhost CRON[792]: pam_unix(cron:session): session closed for user root
Apr 12 12:40:01 ovzhost CRON[806]: pam_env(cron:session): Unable to open env file: /etc/default/locale: No such file or directory
Apr 12 12:40:01 ovzhost CRON[806]: pam_unix(cron:session): session opened for user smmsp by (uid=0)
Apr 12 12:40:01 ovzhost CRON[806]: pam_unix(cron:session): session closed for user smmsp
Apr 12 12:40:44 ovzhost sshd[834]: Connection closed by 128.8.37.120 [preauth]
Apr 12 12:40:53 ovzhost sshd[837]: Connection closed by 127.0.0.1 [preauth]
Apr 12 12:45:32 ovzhost sshd[855]: pam_unix(sshd:auth): authentication failure; logname= uid=0 euid=0 tty=ssh ruser= rhost=43.255.190.119  user=root
Apr 12 12:45:34 ovzhost sshd[855]: Failed password for root from 43.255.190.119 port 37501 ssh2
Apr 12 12:45:38 ovzhost sshd[855]: message repeated 2 times: [ Failed password for root from 43.255.190.119 port 37501 ssh2]
Apr 12 12:45:38 ovzhost sshd[855]: Received disconnect from 43.255.190.119: 11:  [preauth]
Apr 12 12:45:38 ovzhost sshd[855]: PAM 2 more authentication failures; logname= uid=0 euid=0 tty=ssh ruser= rhost=43.255.190.119  user=root
Apr 12 12:45:39 ovzhost sshd[857]: pam_unix(sshd:auth): authentication failure; logname= uid=0 euid=0 tty=ssh ruser= rhost=43.255.190.119  user=root
Apr 12 12:45:42 ovzhost sshd[857]: Failed password for root from 43.255.190.119 port 51606 ssh2
Apr 12 12:45:46 ovzhost sshd[857]: message repeated 2 times: [ Failed password for root from 43.255.190.119 port 51606 ssh2]
Apr 12 12:45:46 ovzhost sshd[857]: Received disconnect from 43.255.190.119: 11:  [preauth]
Apr 12 12:45:46 ovzhost sshd[857]: PAM 2 more authentication failures; logname= uid=0 euid=0 tty=ssh ruser= rhost=43.255.190.119  user=root
Apr 12 12:45:46 ovzhost sshd[859]: pam_unix(sshd:auth): authentication failure; logname= uid=0 euid=0 tty=ssh ruser= rhost=43.255.190.119  user=root
Apr 12 12:45:49 ovzhost sshd[859]: Failed password for root from 43.255.190.119 port 39822 ssh2
Apr 12 12:45:53 ovzhost sshd[859]: message repeated 2 times: [ Failed password for root from 43.255.190.119 port 39822 ssh2]
Apr 12 12:45:53 ovzhost sshd[859]: Received disconnect from 43.255.190.119: 11:  [preauth]
Apr 12 12:45:53 ovzhost sshd[859]: PAM 2 more authentication failures; logname= uid=0 euid=0 tty=ssh ruser= rhost=43.255.190.119  user=root
Apr 12 12:45:53 ovzhost sshd[864]: Connection closed by 127.0.0.1 [preauth]
Apr 12 12:45:53 ovzhost sshd[861]: pam_unix(sshd:auth): authentication failure; logname= uid=0 euid=0 tty=ssh ruser= rhost=43.255.190.119  user=root
Apr 12 12:45:54 ovzhost sshd[861]: Failed password for root from 43.255.190.119 port 55345 ssh2
Apr 12 12:45:58 ovzhost sshd[861]: message repeated 2 times: [ Failed password for root from 43.255.190.119 port 55345 ssh2]
Apr 12 12:45:58 ovzhost sshd[861]: Received disconnect from 43.255.190.119: 11:  [preauth]
Apr 12 12:45:58 ovzhost sshd[861]: PAM 2 more authentication failures; logname= uid=0 euid=0 tty=ssh ruser= rhost=43.255.190.119  user=root
Apr 12 12:45:59 ovzhost sshd[866]: pam_unix(sshd:auth): authentication failure; logname= uid=0 euid=0 tty=ssh ruser= rhost=43.255.190.119  user=root
Apr 12 12:46:01 ovzhost sshd[866]: Failed password for root from 43.255.190.119 port 40424 ssh2
Apr 12 12:46:04 ovzhost sshd[866]: message repeated 2 times: [ Failed password for root from 43.255.190.119 port 40424 ssh2]
Apr 12 12:46:05 ovzhost sshd[866]: Received disconnect from 43.255.190.119: 11:  [preauth]
Apr 12 12:46:05 ovzhost sshd[866]: PAM 2 more authentication failures; logname= uid=0 euid=0 tty=ssh ruser= rhost=43.255.190.119  user=root
Apr 12 12:46:06 ovzhost sshd[872]: pam_unix(sshd:auth): authentication failure; logname= uid=0 euid=0 tty=ssh ruser= rhost=43.255.190.119  user=root
Apr 12 12:46:08 ovzhost sshd[872]: Failed password for root from 43.255.190.119 port 53626 ssh2
Apr 12 12:46:13 ovzhost sshd[872]: message repeated 2 times: [ Failed password for root from 43.255.190.119 port 53626 ssh2]
Apr 12 12:46:13 ovzhost sshd[872]: Received disconnect from 43.255.190.119: 11:  [preauth]
Apr 12 12:46:13 ovzhost sshd[872]: PAM 2 more authentication failures; logname= uid=0 euid=0 tty=ssh ruser= rhost=43.255.190.119  user=root
Apr 12 12:46:13 ovzhost sshd[874]: pam_unix(sshd:auth): authentication failure; logname= uid=0 euid=0 tty=ssh ruser= rhost=43.255.190.119  user=root
Apr 12 12:46:15 ovzhost sshd[874]: Failed password for root from 43.255.190.119 port 43024 ssh2
Apr 12 12:46:19 ovzhost sshd[874]: message repeated 2 times: [ Failed password for root from 43.255.190.119 port 43024 ssh2]
Apr 12 12:46:19 ovzhost sshd[874]: Received disconnect from 43.255.190.119: 11:  [preauth]
Apr 12 12:46:19 ovzhost sshd[874]: PAM 2 more authentication failures; logname= uid=0 euid=0 tty=ssh ruser= rhost=43.255.190.119  user=root
Apr 12 12:46:19 ovzhost sshd[876]: pam_unix(sshd:auth): authentication failure; logname= uid=0 euid=0 tty=ssh ruser= rhost=43.255.190.119  user=root
Apr 12 12:46:21 ovzhost sshd[876]: Failed password for root from 43.255.190.119 port 56260 ssh2
Apr 12 12:46:25 ovzhost sshd[876]: message repeated 2 times: [ Failed password for root from 43.255.190.119 port 56260 ssh2]
Apr 12 12:46:25 ovzhost sshd[876]: Received disconnect from 43.255.190.119: 11:  [preauth]
Apr 12 12:46:25 ovzhost sshd[876]: PAM 2 more authentication failures; logname= uid=0 euid=0 tty=ssh ruser= rhost=43.255.190.119  user=root
Apr 12 12:46:25 ovzhost sshd[878]: pam_unix(sshd:auth): authentication failure; logname= uid=0 euid=0 tty=ssh ruser= rhost=43.255.190.119  user=root
Apr 12 12:46:27 ovzhost sshd[878]: Failed password for root from 43.255.190.119 port 42088 ssh2
Apr 12 12:46:32 ovzhost sshd[878]: message repeated 2 times: [ Failed password for root from 43.255.190.119 port 42088 ssh2]
Apr 12 12:46:32 ovzhost sshd[878]: Received disconnect from 43.255.190.119: 11:  [preauth]
Apr 12 12:46:32 ovzhost sshd[878]: PAM 2 more authentication failures; logname= uid=0 euid=0 tty=ssh ruser= rhost=43.255.190.119  user=root
Apr 12 12:46:32 ovzhost sshd[880]: pam_unix(sshd:auth): authentication failure; logname= uid=0 euid=0 tty=ssh ruser= rhost=43.255.190.119  user=root
Apr 12 12:46:34 ovzhost sshd[880]: Failed password for root from 43.255.190.119 port 56585 ssh2
Apr 12 12:46:37 ovzhost sshd[880]: message repeated 2 times: [ Failed password for root from 43.255.190.119 port 56585 ssh2]
Apr 12 12:46:37 ovzhost sshd[880]: Received disconnect from 43.255.190.119: 11:  [preauth]
Apr 12 12:46:37 ovzhost sshd[880]: PAM 2 more authentication failures; logname= uid=0 euid=0 tty=ssh ruser= rhost=43.255.190.119  user=root
Apr 12 12:46:38 ovzhost sshd[882]: pam_unix(sshd:auth): authentication failure; logname= uid=0 euid=0 tty=ssh ruser= rhost=43.255.190.119  user=root
Apr 12 12:46:40 ovzhost sshd[882]: Failed password for root from 43.255.190.119 port 40810 ssh2
Apr 12 12:46:44 ovzhost sshd[882]: message repeated 2 times: [ Failed password for root from 43.255.190.119 port 40810 ssh2]
Apr 12 12:46:44 ovzhost sshd[882]: Received disconnect from 43.255.190.119: 11:  [preauth]
Apr 12 12:46:44 ovzhost sshd[882]: PAM 2 more authentication failures; logname= uid=0 euid=0 tty=ssh ruser= rhost=43.255.190.119  user=root
Apr 12 12:46:45 ovzhost sshd[886]: pam_unix(sshd:auth): authentication failure; logname= uid=0 euid=0 tty=ssh ruser= rhost=222.186.21.209  user=root
Apr 12 12:46:45 ovzhost sshd[888]: pam_unix(sshd:auth): authentication failure; logname= uid=0 euid=0 tty=ssh ruser= rhost=43.255.190.119  user=root
Apr 12 12:46:47 ovzhost sshd[886]: Failed password for root from 222.186.21.209 port 57977 ssh2
Apr 12 12:46:47 ovzhost sshd[888]: Failed password for root from 43.255.190.119 port 52946 ssh2
Apr 12 12:46:50 ovzhost sshd[888]: message repeated 2 times: [ Failed password for root from 43.255.190.119 port 52946 ssh2]
Apr 12 12:46:50 ovzhost sshd[888]: Received disconnect from 43.255.190.119: 11:  [preauth]
Apr 12 12:46:50 ovzhost sshd[888]: PAM 2 more authentication failures; logname= uid=0 euid=0 tty=ssh ruser= rhost=43.255.190.119  user=root
Apr 12 12:46:51 ovzhost sshd[890]: pam_unix(sshd:auth): authentication failure; logname= uid=0 euid=0 tty=ssh ruser= rhost=43.255.190.119  user=root
Apr 12 12:46:51 ovzhost sshd[886]: message repeated 2 times: [ Failed password for root from 222.186.21.209 port 57977 ssh2]
Apr 12 12:46:51 ovzhost sshd[886]: Received disconnect from 222.186.21.209: 11:  [preauth]
Apr 12 12:46:51 ovzhost sshd[886]: PAM 2 more authentication failures; logname= uid=0 euid=0 tty=ssh ruser= rhost=222.186.21.209  user=root
Apr 12 12:46:53 ovzhost sshd[890]: Failed password for root from 43.255.190.119 port 34447 ssh2
Apr 12 12:46:57 ovzhost sshd[890]: message repeated 2 times: [ Failed password for root from 43.255.190.119 port 34447 ssh2]
Apr 12 12:46:57 ovzhost sshd[890]: Received disconnect from 43.255.190.119: 11:  [preauth]
Apr 12 12:46:57 ovzhost sshd[890]: PAM 2 more authentication failures; logname= uid=0 euid=0 tty=ssh ruser= rhost=43.255.190.119  user=root
Apr 12 12:46:57 ovzhost sshd[892]: pam_unix(sshd:auth): authentication failure; logname= uid=0 euid=0 tty=ssh ruser= rhost=222.186.21.209  user=root
Apr 12 12:46:58 ovzhost sshd[894]: pam_unix(sshd:auth): authentication failure; logname= uid=0 euid=0 tty=ssh ruser= rhost=43.255.190.119  user=root
Apr 12 12:46:59 ovzhost sshd[892]: Failed password for root from 222.186.21.209 port 39394 ssh2
Apr 12 12:47:00 ovzhost sshd[894]: Failed password for root from 43.255.190.119 port 46471 ssh2
Apr 12 12:47:04 ovzhost sshd[894]: message repeated 2 times: [ Failed password for root from 43.255.190.119 port 46471 ssh2]
Apr 12 12:47:04 ovzhost sshd[894]: Received disconnect from 43.255.190.119: 11:  [preauth]
Apr 12 12:47:04 ovzhost sshd[894]: PAM 2 more authentication failures; logname= uid=0 euid=0 tty=ssh ruser= rhost=43.255.190.119  user=root
Apr 12 12:47:04 ovzhost sshd[892]: message repeated 2 times: [ Failed password for root from 222.186.21.209 port 39394 ssh2]
Apr 12 12:47:04 ovzhost sshd[892]: Received disconnect from 222.186.21.209: 11:  [preauth]
Apr 12 12:47:04 ovzhost sshd[892]: PAM 2 more authentication failures; logname= uid=0 euid=0 tty=ssh ruser= rhost=222.186.21.209  user=root
Apr 12 12:47:04 ovzhost sshd[896]: pam_unix(sshd:auth): authentication failure; logname= uid=0 euid=0 tty=ssh ruser= rhost=43.255.190.119  user=root
Apr 12 12:47:06 ovzhost sshd[898]: pam_unix(sshd:auth): authentication failure; logname= uid=0 euid=0 tty=ssh ruser= rhost=222.186.21.209  user=root
Apr 12 12:47:07 ovzhost sshd[896]: Failed password for root from 43.255.190.119 port 58661 ssh2
Apr 12 12:47:07 ovzhost sshd[898]: Failed password for root from 222.186.21.209 port 55299 ssh2
Apr 12 12:47:11 ovzhost sshd[896]: message repeated 2 times: [ Failed password for root from 43.255.190.119 port 58661 ssh2]
Apr 12 12:47:11 ovzhost sshd[896]: Received disconnect from 43.255.190.119: 11:  [preauth]
Apr 12 12:47:11 ovzhost sshd[896]: PAM 2 more authentication failures; logname= uid=0 euid=0 tty=ssh ruser= rhost=43.255.190.119  user=root
Apr 12 12:47:11 ovzhost sshd[901]: pam_unix(sshd:auth): authentication failure; logname= uid=0 euid=0 tty=ssh ruser= rhost=43.255.190.119  user=root
Apr 12 12:47:12 ovzhost sshd[898]: message repeated 2 times: [ Failed password for root from 222.186.21.209 port 55299 ssh2]
Apr 12 12:47:13 ovzhost sshd[898]: Received disconnect from 222.186.21.209: 11:  [preauth]
Apr 12 12:47:13 ovzhost sshd[898]: PAM 2 more authentication failures; logname= uid=0 euid=0 tty=ssh ruser= rhost=222.186.21.209  user=root
Apr 12 12:47:14 ovzhost sshd[901]: Failed password for root from 43.255.190.119 port 42322 ssh2
Apr 12 12:47:14 ovzhost sshd[903]: pam_unix(sshd:auth): authentication failure; logname= uid=0 euid=0 tty=ssh ruser= rhost=222.186.21.209  user=root
Apr 12 12:47:16 ovzhost sshd[903]: Failed password for root from 222.186.21.209 port 38094 ssh2
Apr 12 12:47:18 ovzhost sshd[901]: message repeated 2 times: [ Failed password for root from 43.255.190.119 port 42322 ssh2]
Apr 12 12:47:18 ovzhost sshd[901]: Received disconnect from 43.255.190.119: 11:  [preauth]
Apr 12 12:47:18 ovzhost sshd[901]: PAM 2 more authentication failures; logname= uid=0 euid=0 tty=ssh ruser= rhost=43.255.190.119  user=root
Apr 12 12:47:19 ovzhost sshd[905]: pam_unix(sshd:auth): authentication failure; logname= uid=0 euid=0 tty=ssh ruser= rhost=43.255.190.119  user=root
Apr 12 12:47:21 ovzhost sshd[905]: Failed password for root from 43.255.190.119 port 57562 ssh2
Apr 12 12:47:21 ovzhost sshd[903]: message repeated 2 times: [ Failed password for root from 222.186.21.209 port 38094 ssh2]
Apr 12 12:47:21 ovzhost sshd[903]: Received disconnect from 222.186.21.209: 11:  [preauth]
Apr 12 12:47:21 ovzhost sshd[903]: PAM 2 more authentication failures; logname= uid=0 euid=0 tty=ssh ruser= rhost=222.186.21.209  user=root
Apr 12 12:47:22 ovzhost sshd[907]: pam_unix(sshd:auth): authentication failure; logname= uid=0 euid=0 tty=ssh ruser= rhost=222.186.21.209  user=root
Apr 12 12:47:25 ovzhost sshd[905]: message repeated 2 times: [ Failed password for root from 43.255.190.119 port 57562 ssh2]
Apr 12 12:47:25 ovzhost sshd[905]: Received disconnect from 43.255.190.119: 11:  [preauth]
Apr 12 12:47:25 ovzhost sshd[905]: PAM 2 more authentication failures; logname= uid=0 euid=0 tty=ssh ruser= rhost=43.255.190.119  user=root
Apr 12 12:47:25 ovzhost sshd[907]: Failed password for root from 222.186.21.209 port 49417 ssh2
Apr 12 12:47:25 ovzhost sshd[909]: pam_unix(sshd:auth): authentication failure; logname= uid=0 euid=0 tty=ssh ruser= rhost=43.255.190.119  user=root
Apr 12 12:47:27 ovzhost sshd[909]: Failed password for root from 43.255.190.119 port 43383 ssh2
Apr 12 12:47:30 ovzhost sshd[907]: message repeated 2 times: [ Failed password for root from 222.186.21.209 port 49417 ssh2]
Apr 12 12:47:30 ovzhost sshd[907]: Received disconnect from 222.186.21.209: 11:  [preauth]
Apr 12 12:47:30 ovzhost sshd[907]: PAM 2 more authentication failures; logname= uid=0 euid=0 tty=ssh ruser= rhost=222.186.21.209  user=root
Apr 12 12:47:31 ovzhost sshd[909]: message repeated 2 times: [ Failed password for root from 43.255.190.119 port 43383 ssh2]
Apr 12 12:47:31 ovzhost sshd[909]: Received disconnect from 43.255.190.119: 11:  [preauth]
Apr 12 12:47:31 ovzhost sshd[909]: PAM 2 more authentication failures; logname= uid=0 euid=0 tty=ssh ruser= rhost=43.255.190.119  user=root
Apr 12 12:47:32 ovzhost sshd[913]: pam_unix(sshd:auth): authentication failure; logname= uid=0 euid=0 tty=ssh ruser= rhost=43.255.190.119  user=root
Apr 12 12:47:32 ovzhost sshd[911]: pam_unix(sshd:auth): authentication failure; logname= uid=0 euid=0 tty=ssh ruser= rhost=222.186.21.209  user=root
Apr 12 12:47:33 ovzhost sshd[913]: Failed password for root from 43.255.190.119 port 58239 ssh2
Apr 12 12:47:34 ovzhost sshd[911]: Failed password for root from 222.186.21.209 port 33930 ssh2
Apr 12 12:47:38 ovzhost sshd[913]: message repeated 2 times: [ Failed password for root from 43.255.190.119 port 58239 ssh2]
Apr 12 12:47:38 ovzhost sshd[913]: Received disconnect from 43.255.190.119: 11:  [preauth]
Apr 12 12:47:38 ovzhost sshd[913]: PAM 2 more authentication failures; logname= uid=0 euid=0 tty=ssh ruser= rhost=43.255.190.119  user=root
Apr 12 12:47:39 ovzhost sshd[911]: message repeated 2 times: [ Failed password for root from 222.186.21.209 port 33930 ssh2]
Apr 12 12:47:39 ovzhost sshd[911]: Received disconnect from 222.186.21.209: 11:  [preauth]
Apr 12 12:47:39 ovzhost sshd[911]: PAM 2 more authentication failures; logname= uid=0 euid=0 tty=ssh ruser= rhost=222.186.21.209  user=root
Apr 12 12:47:39 ovzhost sshd[917]: pam_unix(sshd:auth): authentication failure; logname= uid=0 euid=0 tty=ssh ruser= rhost=43.255.190.119  user=root
Apr 12 12:47:40 ovzhost sshd[919]: pam_unix(sshd:auth): authentication failure; logname= uid=0 euid=0 tty=ssh ruser= rhost=222.186.21.209  user=root
Apr 12 12:47:41 ovzhost sshd[917]: Failed password for root from 43.255.190.119 port 46859 ssh2
Apr 12 12:47:43 ovzhost sshd[919]: Failed password for root from 222.186.21.209 port 46646 ssh2
Apr 12 12:47:45 ovzhost sshd[917]: message repeated 2 times: [ Failed password for root from 43.255.190.119 port 46859 ssh2]
Apr 12 12:47:45 ovzhost sshd[917]: Received disconnect from 43.255.190.119: 11:  [preauth]
Apr 12 12:47:45 ovzhost sshd[917]: PAM 2 more authentication failures; logname= uid=0 euid=0 tty=ssh ruser= rhost=43.255.190.119  user=root
Apr 12 12:47:48 ovzhost sshd[922]: pam_unix(sshd:auth): authentication failure; logname= uid=0 euid=0 tty=ssh ruser= rhost=43.255.190.119  user=root
Apr 12 12:47:48 ovzhost sshd[919]: message repeated 2 times: [ Failed password for root from 222.186.21.209 port 46646 ssh2]
Apr 12 12:47:48 ovzhost sshd[919]: Received disconnect from 222.186.21.209: 11:  [preauth]
Apr 12 12:47:48 ovzhost sshd[919]: PAM 2 more authentication failures; logname= uid=0 euid=0 tty=ssh ruser= rhost=222.186.21.209  user=root
Apr 12 12:47:49 ovzhost sshd[922]: Failed password for root from 43.255.190.119 port 34241 ssh2
Apr 12 12:47:50 ovzhost sshd[924]: pam_unix(sshd:auth): authentication failure; logname= uid=0 euid=0 tty=ssh ruser= rhost=222.186.21.209  user=root
Apr 12 12:47:53 ovzhost sshd[924]: Failed password for root from 222.186.21.209 port 59705 ssh2
Apr 12 12:47:53 ovzhost sshd[922]: message repeated 2 times: [ Failed password for root from 43.255.190.119 port 34241 ssh2]
Apr 12 12:47:53 ovzhost sshd[922]: Received disconnect from 43.255.190.119: 11:  [preauth]
Apr 12 12:47:53 ovzhost sshd[922]: PAM 2 more authentication failures; logname= uid=0 euid=0 tty=ssh ruser= rhost=43.255.190.119  user=root
Apr 12 12:47:54 ovzhost sshd[926]: pam_unix(sshd:auth): authentication failure; logname= uid=0 euid=0 tty=ssh ruser= rhost=43.255.190.119  user=root
Apr 12 12:47:56 ovzhost sshd[926]: Failed password for root from 43.255.190.119 port 52566 ssh2
Apr 12 12:47:58 ovzhost sshd[924]: message repeated 2 times: [ Failed password for root from 222.186.21.209 port 59705 ssh2]
Apr 12 12:47:58 ovzhost sshd[924]: Received disconnect from 222.186.21.209: 11:  [preauth]
Apr 12 12:47:58 ovzhost sshd[924]: PAM 2 more authentication failures; logname= uid=0 euid=0 tty=ssh ruser= rhost=222.186.21.209  user=root
Apr 12 12:48:00 ovzhost sshd[926]: message repeated 2 times: [ Failed password for root from 43.255.190.119 port 52566 ssh2]
Apr 12 12:48:00 ovzhost sshd[926]: Received disconnect from 43.255.190.119: 11:  [preauth]
Apr 12 12:48:00 ovzhost sshd[926]: PAM 2 more authentication failures; logname= uid=0 euid=0 tty=ssh ruser= rhost=43.255.190.119  user=root
Apr 12 12:48:01 ovzhost sshd[928]: pam_unix(sshd:auth): authentication failure; logname= uid=0 euid=0 tty=ssh ruser= rhost=222.186.21.209  user=root
Apr 12 12:48:01 ovzhost sshd[930]: pam_unix(sshd:auth): authentication failure; logname= uid=0 euid=0 tty=ssh ruser= rhost=43.255.190.119  user=root
Apr 12 12:48:03 ovzhost sshd[928]: Failed password for root from 222.186.21.209 port 47201 ssh2
Apr 12 12:48:03 ovzhost sshd[930]: Failed password for root from 43.255.190.119 port 40661 ssh2
Apr 12 12:48:07 ovzhost sshd[930]: message repeated 2 times: [ Failed password for root from 43.255.190.119 port 40661 ssh2]
Apr 12 12:48:07 ovzhost sshd[930]: Received disconnect from 43.255.190.119: 11:  [preauth]
Apr 12 12:48:07 ovzhost sshd[930]: PAM 2 more authentication failures; logname= uid=0 euid=0 tty=ssh ruser= rhost=43.255.190.119  user=root
Apr 12 12:48:08 ovzhost sshd[933]: pam_unix(sshd:auth): authentication failure; logname= uid=0 euid=0 tty=ssh ruser= rhost=43.255.190.119  user=root
Apr 12 12:48:07 ovzhost sshd[928]: message repeated 2 times: [ Failed password for root from 222.186.21.209 port 47201 ssh2]
Apr 12 12:48:08 ovzhost sshd[928]: Received disconnect from 222.186.21.209: 11:  [preauth]
Apr 12 12:48:08 ovzhost sshd[928]: PAM 2 more authentication failures; logname= uid=0 euid=0 tty=ssh ruser= rhost=222.186.21.209  user=root
Apr 12 12:48:10 ovzhost sshd[933]: Failed password for root from 43.255.190.119 port 56700 ssh2
Apr 12 12:48:12 ovzhost sshd[935]: pam_unix(sshd:auth): authentication failure; logname= uid=0 euid=0 tty=ssh ruser= rhost=222.186.21.209  user=root
Apr 12 12:48:14 ovzhost sshd[933]: message repeated 2 times: [ Failed password for root from 43.255.190.119 port 56700 ssh2]
Apr 12 12:48:14 ovzhost sshd[933]: Received disconnect from 43.255.190.119: 11:  [preauth]
Apr 12 12:48:14 ovzhost sshd[933]: PAM 2 more authentication failures; logname= uid=0 euid=0 tty=ssh ruser= rhost=43.255.190.119  user=root
Apr 12 12:48:14 ovzhost sshd[935]: Failed password for root from 222.186.21.209 port 32981 ssh2
Apr 12 12:48:14 ovzhost sshd[938]: pam_unix(sshd:auth): authentication failure; logname= uid=0 euid=0 tty=ssh ruser= rhost=43.255.190.119  user=root
Apr 12 12:48:16 ovzhost sshd[938]: Failed password for root from 43.255.190.119 port 44805 ssh2
Apr 12 12:48:19 ovzhost sshd[935]: message repeated 2 times: [ Failed password for root from 222.186.21.209 port 32981 ssh2]
Apr 12 12:48:19 ovzhost sshd[935]: Received disconnect from 222.186.21.209: 11:  [preauth]
Apr 12 12:48:19 ovzhost sshd[935]: PAM 2 more authentication failures; logname= uid=0 euid=0 tty=ssh ruser= rhost=222.186.21.209  user=root
Apr 12 12:48:21 ovzhost sshd[942]: pam_unix(sshd:auth): authentication failure; logname= uid=0 euid=0 tty=ssh ruser= rhost=222.186.21.209  user=root
Apr 12 12:48:21 ovzhost sshd[938]: message repeated 2 times: [ Failed password for root from 43.255.190.119 port 44805 ssh2]
Apr 12 12:48:21 ovzhost sshd[938]: Received disconnect from 43.255.190.119: 11:  [preauth]
Apr 12 12:48:21 ovzhost sshd[938]: PAM 2 more authentication failures; logname= uid=0 euid=0 tty=ssh ruser= rhost=43.255.190.119  user=root
Apr 12 12:48:22 ovzhost sshd[944]: pam_unix(sshd:auth): authentication failure; logname= uid=0 euid=0 tty=ssh ruser= rhost=43.255.190.119  user=root
Apr 12 12:48:23 ovzhost sshd[942]: Failed password for root from 222.186.21.209 port 49727 ssh2
Apr 12 12:48:24 ovzhost sshd[944]: Failed password for root from 43.255.190.119 port 32883 ssh2
Apr 12 12:48:28 ovzhost sshd[942]: message repeated 2 times: [ Failed password for root from 222.186.21.209 port 49727 ssh2]
Apr 12 12:48:28 ovzhost sshd[942]: Received disconnect from 222.186.21.209: 11:  [preauth]
Apr 12 12:48:28 ovzhost sshd[942]: PAM 2 more authentication failures; logname= uid=0 euid=0 tty=ssh ruser= rhost=222.186.21.209  user=root
Apr 12 12:48:28 ovzhost sshd[944]: message repeated 2 times: [ Failed password for root from 43.255.190.119 port 32883 ssh2]
Apr 12 12:48:28 ovzhost sshd[944]: Received disconnect from 43.255.190.119: 11:  [preauth]
Apr 12 12:48:28 ovzhost sshd[944]: PAM 2 more authentication failures; logname= uid=0 euid=0 tty=ssh ruser= rhost=43.255.190.119  user=root
Apr 12 12:48:29 ovzhost sshd[948]: pam_unix(sshd:auth): authentication failure; logname= uid=0 euid=0 tty=ssh ruser= rhost=43.255.190.119  user=root
Apr 12 12:48:30 ovzhost sshd[946]: pam_unix(sshd:auth): authentication failure; logname= uid=0 euid=0 tty=ssh ruser= rhost=222.186.21.209  user=root
Apr 12 12:48:31 ovzhost sshd[948]: Failed password for root from 43.255.190.119 port 48592 ssh2
Apr 12 12:48:32 ovzhost sshd[946]: Failed password for root from 222.186.21.209 port 34727 ssh2
Apr 12 12:48:35 ovzhost sshd[948]: message repeated 2 times: [ Failed password for root from 43.255.190.119 port 48592 ssh2]
Apr 12 12:48:35 ovzhost sshd[948]: Received disconnect from 43.255.190.119: 11:  [preauth]
Apr 12 12:48:35 ovzhost sshd[948]: PAM 2 more authentication failures; logname= uid=0 euid=0 tty=ssh ruser= rhost=43.255.190.119  user=root
Apr 12 12:48:38 ovzhost sshd[950]: pam_unix(sshd:auth): authentication failure; logname= uid=0 euid=0 tty=ssh ruser= rhost=43.255.190.119  user=root
Apr 12 12:48:37 ovzhost sshd[946]: message repeated 2 times: [ Failed password for root from 222.186.21.209 port 34727 ssh2]
Apr 12 12:48:38 ovzhost sshd[946]: Received disconnect from 222.186.21.209: 11:  [preauth]
Apr 12 12:48:38 ovzhost sshd[946]: PAM 2 more authentication failures; logname= uid=0 euid=0 tty=ssh ruser= rhost=222.186.21.209  user=root
Apr 12 12:48:40 ovzhost sshd[950]: Failed password for root from 43.255.190.119 port 38153 ssh2
Apr 12 12:48:40 ovzhost sshd[952]: pam_unix(sshd:auth): authentication failure; logname= uid=0 euid=0 tty=ssh ruser= rhost=222.186.21.209  user=root
Apr 12 12:48:43 ovzhost sshd[952]: Failed password for root from 222.186.21.209 port 49665 ssh2
Apr 12 12:48:44 ovzhost sshd[950]: message repeated 2 times: [ Failed password for root from 43.255.190.119 port 38153 ssh2]
Apr 12 12:48:44 ovzhost sshd[950]: Received disconnect from 43.255.190.119: 11:  [preauth]
Apr 12 12:48:44 ovzhost sshd[950]: PAM 2 more authentication failures; logname= uid=0 euid=0 tty=ssh ruser= rhost=43.255.190.119  user=root
Apr 12 12:48:45 ovzhost sshd[956]: pam_unix(sshd:auth): authentication failure; logname= uid=0 euid=0 tty=ssh ruser= rhost=43.255.190.119  user=root
Apr 12 12:48:47 ovzhost sshd[956]: Failed password for root from 43.255.190.119 port 58974 ssh2
Apr 12 12:48:47 ovzhost sshd[952]: message repeated 2 times: [ Failed password for root from 222.186.21.209 port 49665 ssh2]
Apr 12 12:48:47 ovzhost sshd[952]: Received disconnect from 222.186.21.209: 11:  [preauth]
Apr 12 12:48:47 ovzhost sshd[952]: PAM 2 more authentication failures; logname= uid=0 euid=0 tty=ssh ruser= rhost=222.186.21.209  user=root
Apr 12 12:48:50 ovzhost sshd[958]: pam_unix(sshd:auth): authentication failure; logname= uid=0 euid=0 tty=ssh ruser= rhost=222.186.21.209  user=root
Apr 12 12:48:51 ovzhost sshd[956]: message repeated 2 times: [ Failed password for root from 43.255.190.119 port 58974 ssh2]
Apr 12 12:48:51 ovzhost sshd[956]: Received disconnect from 43.255.190.119: 11:  [preauth]
Apr 12 12:48:51 ovzhost sshd[956]: PAM 2 more authentication failures; logname= uid=0 euid=0 tty=ssh ruser= rhost=43.255.190.119  user=root
Apr 12 12:48:52 ovzhost sshd[958]: Failed password for root from 222.186.21.209 port 34128 ssh2
Apr 12 12:48:52 ovzhost sshd[960]: pam_unix(sshd:auth): authentication failure; logname= uid=0 euid=0 tty=ssh ruser= rhost=43.255.190.119  user=root
Apr 12 12:48:54 ovzhost sshd[960]: Failed password for root from 43.255.190.119 port 47755 ssh2
Apr 12 12:48:57 ovzhost sshd[958]: message repeated 2 times: [ Failed password for root from 222.186.21.209 port 34128 ssh2]
Apr 12 12:48:57 ovzhost sshd[958]: Received disconnect from 222.186.21.209: 11:  [preauth]
Apr 12 12:48:57 ovzhost sshd[958]: PAM 2 more authentication failures; logname= uid=0 euid=0 tty=ssh ruser= rhost=222.186.21.209  user=root
Apr 12 12:48:59 ovzhost sshd[960]: message repeated 2 times: [ Failed password for root from 43.255.190.119 port 47755 ssh2]
Apr 12 12:48:59 ovzhost sshd[960]: Received disconnect from 43.255.190.119: 11:  [preauth]
Apr 12 12:48:59 ovzhost sshd[960]: PAM 2 more authentication failures; logname= uid=0 euid=0 tty=ssh ruser= rhost=43.255.190.119  user=root
Apr 12 12:49:00 ovzhost sshd[962]: pam_unix(sshd:auth): authentication failure; logname= uid=0 euid=0 tty=ssh ruser= rhost=222.186.21.209  user=root
Apr 12 12:49:01 ovzhost sshd[964]: pam_unix(sshd:auth): authentication failure; logname= uid=0 euid=0 tty=ssh ruser= rhost=43.255.190.119  user=root
Apr 12 12:49:01 ovzhost sshd[962]: Failed password for root from 222.186.21.209 port 48148 ssh2
Apr 12 12:49:03 ovzhost sshd[964]: Failed password for root from 43.255.190.119 port 37973 ssh2
Apr 12 12:49:06 ovzhost sshd[962]: message repeated 2 times: [ Failed password for root from 222.186.21.209 port 48148 ssh2]
Apr 12 12:49:07 ovzhost sshd[962]: Received disconnect from 222.186.21.209: 11:  [preauth]
Apr 12 12:49:07 ovzhost sshd[962]: PAM 2 more authentication failures; logname= uid=0 euid=0 tty=ssh ruser= rhost=222.186.21.209  user=root
Apr 12 12:49:08 ovzhost sshd[964]: message repeated 2 times: [ Failed password for root from 43.255.190.119 port 37973 ssh2]
Apr 12 12:49:08 ovzhost sshd[964]: Received disconnect from 43.255.190.119: 11:  [preauth]
Apr 12 12:49:08 ovzhost sshd[964]: PAM 2 more authentication failures; logname= uid=0 euid=0 tty=ssh ruser= rhost=43.255.190.119  user=root
Apr 12 12:49:08 ovzhost sshd[966]: pam_unix(sshd:auth): authentication failure; logname= uid=0 euid=0 tty=ssh ruser= rhost=222.186.21.209  user=root
Apr 12 12:49:09 ovzhost sshd[968]: pam_unix(sshd:auth): authentication failure; logname= uid=0 euid=0 tty=ssh ruser= rhost=43.255.190.119  user=root
Apr 12 12:49:11 ovzhost sshd[966]: Failed password for root from 222.186.21.209 port 32845 ssh2
Apr 12 12:49:11 ovzhost sshd[968]: Failed password for root from 43.255.190.119 port 57657 ssh2
Apr 12 12:49:15 ovzhost sshd[968]: message repeated 2 times: [ Failed password for root from 43.255.190.119 port 57657 ssh2]
Apr 12 12:49:15 ovzhost sshd[968]: Received disconnect from 43.255.190.119: 11:  [preauth]
Apr 12 12:49:15 ovzhost sshd[968]: PAM 2 more authentication failures; logname= uid=0 euid=0 tty=ssh ruser= rhost=43.255.190.119  user=root
Apr 12 12:49:15 ovzhost sshd[966]: message repeated 2 times: [ Failed password for root from 222.186.21.209 port 32845 ssh2]
Apr 12 12:49:15 ovzhost sshd[966]: Received disconnect from 222.186.21.209: 11:  [preauth]
Apr 12 12:49:15 ovzhost sshd[966]: PAM 2 more authentication failures; logname= uid=0 euid=0 tty=ssh ruser= rhost=222.186.21.209  user=root
Apr 12 12:49:15 ovzhost sshd[972]: pam_unix(sshd:auth): authentication failure; logname= uid=0 euid=0 tty=ssh ruser= rhost=43.255.190.119  user=root
Apr 12 12:49:17 ovzhost sshd[974]: pam_unix(sshd:auth): authentication failure; logname= uid=0 euid=0 tty=ssh ruser= rhost=222.186.21.209  user=root
Apr 12 12:49:18 ovzhost sshd[972]: Failed password for root from 43.255.190.119 port 42653 ssh2
Apr 12 12:49:20 ovzhost sshd[974]: Failed password for root from 222.186.21.209 port 44176 ssh2
Apr 12 12:49:22 ovzhost sshd[972]: message repeated 2 times: [ Failed password for root from 43.255.190.119 port 42653 ssh2]
Apr 12 12:49:22 ovzhost sshd[972]: Received disconnect from 43.255.190.119: 11:  [preauth]
Apr 12 12:49:22 ovzhost sshd[972]: PAM 2 more authentication failures; logname= uid=0 euid=0 tty=ssh ruser= rhost=43.255.190.119  user=root
Apr 12 12:49:23 ovzhost sshd[976]: pam_unix(sshd:auth): authentication failure; logname= uid=0 euid=0 tty=ssh ruser= rhost=43.255.190.119  user=root
Apr 12 12:49:24 ovzhost sshd[976]: Failed password for root from 43.255.190.119 port 56091 ssh2
Apr 12 12:49:25 ovzhost sshd[974]: message repeated 2 times: [ Failed password for root from 222.186.21.209 port 44176 ssh2]
Apr 12 12:49:25 ovzhost sshd[974]: Received disconnect from 222.186.21.209: 11:  [preauth]
Apr 12 12:49:25 ovzhost sshd[974]: PAM 2 more authentication failures; logname= uid=0 euid=0 tty=ssh ruser= rhost=222.186.21.209  user=root
Apr 12 12:49:28 ovzhost sshd[978]: pam_unix(sshd:auth): authentication failure; logname= uid=0 euid=0 tty=ssh ruser= rhost=222.186.21.209  user=root
Apr 12 12:49:29 ovzhost sshd[976]: message repeated 2 times: [ Failed password for root from 43.255.190.119 port 56091 ssh2]
Apr 12 12:49:29 ovzhost sshd[976]: Received disconnect from 43.255.190.119: 11:  [preauth]
Apr 12 12:49:29 ovzhost sshd[976]: PAM 2 more authentication failures; logname= uid=0 euid=0 tty=ssh ruser= rhost=43.255.190.119  user=root
Apr 12 12:49:30 ovzhost sshd[980]: pam_unix(sshd:auth): authentication failure; logname= uid=0 euid=0 tty=ssh ruser= rhost=43.255.190.119  user=root
Apr 12 12:49:31 ovzhost sshd[978]: Failed password for root from 222.186.21.209 port 57229 ssh2
Apr 12 12:49:32 ovzhost sshd[980]: Failed password for root from 43.255.190.119 port 42417 ssh2
Apr 12 12:49:36 ovzhost sshd[978]: message repeated 2 times: [ Failed password for root from 222.186.21.209 port 57229 ssh2]
Apr 12 12:49:36 ovzhost sshd[978]: Received disconnect from 222.186.21.209: 11:  [preauth]
Apr 12 12:49:36 ovzhost sshd[978]: PAM 2 more authentication failures; logname= uid=0 euid=0 tty=ssh ruser= rhost=222.186.21.209  user=root
Apr 12 12:49:37 ovzhost sshd[980]: message repeated 2 times: [ Failed password for root from 43.255.190.119 port 42417 ssh2]
Apr 12 12:49:37 ovzhost sshd[980]: Received disconnect from 43.255.190.119: 11:  [preauth]
Apr 12 12:49:37 ovzhost sshd[980]: PAM 2 more authentication failures; logname= uid=0 euid=0 tty=ssh ruser= rhost=43.255.190.119  user=root
Apr 12 12:49:37 ovzhost sshd[984]: pam_unix(sshd:auth): authentication failure; logname= uid=0 euid=0 tty=ssh ruser= rhost=43.255.190.119  user=root
Apr 12 12:49:38 ovzhost sshd[982]: pam_unix(sshd:auth): authentication failure; logname= uid=0 euid=0 tty=ssh ruser= rhost=222.186.21.209  user=root
Apr 12 12:49:40 ovzhost sshd[984]: Failed password for root from 43.255.190.119 port 56360 ssh2
Apr 12 12:49:41 ovzhost sshd[982]: Failed password for root from 222.186.21.209 port 43009 ssh2
Apr 12 12:49:44 ovzhost sshd[984]: message repeated 2 times: [ Failed password for root from 43.255.190.119 port 56360 ssh2]
Apr 12 12:49:44 ovzhost sshd[984]: Received disconnect from 43.255.190.119: 11:  [preauth]
Apr 12 12:49:44 ovzhost sshd[984]: PAM 2 more authentication failures; logname= uid=0 euid=0 tty=ssh ruser= rhost=43.255.190.119  user=root
Apr 12 12:49:45 ovzhost sshd[987]: pam_unix(sshd:auth): authentication failure; logname= uid=0 euid=0 tty=ssh ruser= rhost=43.255.190.119  user=root
Apr 12 12:49:45 ovzhost sshd[982]: message repeated 2 times: [ Failed password for root from 222.186.21.209 port 43009 ssh2]
Apr 12 12:49:46 ovzhost sshd[982]: Received disconnect from 222.186.21.209: 11:  [preauth]
Apr 12 12:49:46 ovzhost sshd[982]: PAM 2 more authentication failures; logname= uid=0 euid=0 tty=ssh ruser= rhost=222.186.21.209  user=root
Apr 12 12:49:47 ovzhost sshd[987]: Failed password for root from 43.255.190.119 port 42212 ssh2
Apr 12 12:49:48 ovzhost sshd[989]: pam_unix(sshd:auth): authentication failure; logname= uid=0 euid=0 tty=ssh ruser= rhost=222.186.21.209  user=root
Apr 12 12:49:50 ovzhost sshd[989]: Failed password for root from 222.186.21.209 port 56623 ssh2
Apr 12 12:49:52 ovzhost sshd[987]: message repeated 2 times: [ Failed password for root from 43.255.190.119 port 42212 ssh2]
Apr 12 12:49:52 ovzhost sshd[987]: Received disconnect from 43.255.190.119: 11:  [preauth]
Apr 12 12:49:52 ovzhost sshd[987]: PAM 2 more authentication failures; logname= uid=0 euid=0 tty=ssh ruser= rhost=43.255.190.119  user=root
Apr 12 12:49:54 ovzhost sshd[991]: pam_unix(sshd:auth): authentication failure; logname= uid=0 euid=0 tty=ssh ruser= rhost=43.255.190.119  user=root
Apr 12 12:49:55 ovzhost sshd[989]: message repeated 2 times: [ Failed password for root from 222.186.21.209 port 56623 ssh2]
Apr 12 12:49:56 ovzhost sshd[989]: Received disconnect from 222.186.21.209: 11:  [preauth]
Apr 12 12:49:56 ovzhost sshd[989]: PAM 2 more authentication failures; logname= uid=0 euid=0 tty=ssh ruser= rhost=222.186.21.209  user=root
Apr 12 12:49:56 ovzhost sshd[991]: Failed password for root from 43.255.190.119 port 59657 ssh2
Apr 12 12:49:57 ovzhost sshd[993]: pam_unix(sshd:auth): authentication failure; logname= uid=0 euid=0 tty=ssh ruser= rhost=222.186.21.209  user=root
Apr 12 12:49:59 ovzhost sshd[993]: Failed password for root from 222.186.21.209 port 41381 ssh2
Apr 12 12:49:59 ovzhost sshd[991]: message repeated 2 times: [ Failed password for root from 43.255.190.119 port 59657 ssh2]
Apr 12 12:49:59 ovzhost sshd[991]: Received disconnect from 43.255.190.119: 11:  [preauth]
Apr 12 12:49:59 ovzhost sshd[991]: PAM 2 more authentication failures; logname= uid=0 euid=0 tty=ssh ruser= rhost=43.255.190.119  user=root
Apr 12 12:50:00 ovzhost sshd[995]: pam_unix(sshd:auth): authentication failure; logname= uid=0 euid=0 tty=ssh ruser= rhost=43.255.190.119  user=root
Apr 12 12:50:03 ovzhost sshd[995]: Failed password for root from 43.255.190.119 port 48485 ssh2
Apr 12 12:50:03 ovzhost sshd[993]: message repeated 2 times: [ Failed password for root from 222.186.21.209 port 41381 ssh2]
Apr 12 12:50:03 ovzhost sshd[993]: Received disconnect from 222.186.21.209: 11:  [preauth]
Apr 12 12:50:03 ovzhost sshd[993]: PAM 2 more authentication failures; logname= uid=0 euid=0 tty=ssh ruser= rhost=222.186.21.209  user=root
Apr 12 12:50:07 ovzhost sshd[995]: message repeated 2 times: [ Failed password for root from 43.255.190.119 port 48485 ssh2]
Apr 12 12:50:07 ovzhost sshd[995]: Received disconnect from 43.255.190.119: 11:  [preauth]
Apr 12 12:50:07 ovzhost sshd[995]: PAM 2 more authentication failures; logname= uid=0 euid=0 tty=ssh ruser= rhost=43.255.190.119  user=root
Apr 12 12:50:07 ovzhost sshd[997]: pam_unix(sshd:auth): authentication failure; logname= uid=0 euid=0 tty=ssh ruser= rhost=43.255.190.119  user=root
Apr 12 12:50:10 ovzhost sshd[997]: Failed password for root from 43.255.190.119 port 36573 ssh2
Apr 12 12:50:14 ovzhost sshd[997]: message repeated 2 times: [ Failed password for root from 43.255.190.119 port 36573 ssh2]
Apr 12 12:50:14 ovzhost sshd[997]: Received disconnect from 43.255.190.119: 11:  [preauth]
Apr 12 12:50:14 ovzhost sshd[997]: PAM 2 more authentication failures; logname= uid=0 euid=0 tty=ssh ruser= rhost=43.255.190.119  user=root
Apr 12 12:50:15 ovzhost sshd[1000]: pam_unix(sshd:auth): authentication failure; logname= uid=0 euid=0 tty=ssh ruser= rhost=43.255.190.119  user=root
Apr 12 12:50:17 ovzhost sshd[1000]: Failed password for root from 43.255.190.119 port 55068 ssh2
Apr 12 12:50:21 ovzhost sshd[1000]: message repeated 2 times: [ Failed password for root from 43.255.190.119 port 55068 ssh2]
Apr 12 12:50:21 ovzhost sshd[1000]: Received disconnect from 43.255.190.119: 11:  [preauth]
Apr 12 12:50:21 ovzhost sshd[1000]: PAM 2 more authentication failures; logname= uid=0 euid=0 tty=ssh ruser= rhost=43.255.190.119  user=root
Apr 12 12:50:22 ovzhost sshd[1002]: pam_unix(sshd:auth): authentication failure; logname= uid=0 euid=0 tty=ssh ruser= rhost=43.255.190.119  user=root
Apr 12 12:50:24 ovzhost sshd[1002]: Failed password for root from 43.255.190.119 port 43636 ssh2
Apr 12 12:50:28 ovzhost sshd[1002]: message repeated 2 times: [ Failed password for root from 43.255.190.119 port 43636 ssh2]
Apr 12 12:50:28 ovzhost sshd[1002]: Received disconnect from 43.255.190.119: 11:  [preauth]
Apr 12 12:50:28 ovzhost sshd[1002]: PAM 2 more authentication failures; logname= uid=0 euid=0 tty=ssh ruser= rhost=43.255.190.119  user=root
Apr 12 12:50:29 ovzhost sshd[1004]: pam_unix(sshd:auth): authentication failure; logname= uid=0 euid=0 tty=ssh ruser= rhost=43.255.190.119  user=root
Apr 12 12:50:30 ovzhost sshd[1004]: Failed password for root from 43.255.190.119 port 59254 ssh2
Apr 12 12:50:34 ovzhost sshd[1004]: message repeated 2 times: [ Failed password for root from 43.255.190.119 port 59254 ssh2]
Apr 12 12:50:34 ovzhost sshd[1004]: Received disconnect from 43.255.190.119: 11:  [preauth]
Apr 12 12:50:34 ovzhost sshd[1004]: PAM 2 more authentication failures; logname= uid=0 euid=0 tty=ssh ruser= rhost=43.255.190.119  user=root
Apr 12 12:50:35 ovzhost sshd[1006]: pam_unix(sshd:auth): authentication failure; logname= uid=0 euid=0 tty=ssh ruser= rhost=43.255.190.119  user=root
Apr 12 12:50:37 ovzhost sshd[1006]: Failed password for root from 43.255.190.119 port 45557 ssh2
Apr 12 12:50:42 ovzhost sshd[1006]: message repeated 2 times: [ Failed password for root from 43.255.190.119 port 45557 ssh2]
Apr 12 12:50:42 ovzhost sshd[1006]: Received disconnect from 43.255.190.119: 11:  [preauth]
Apr 12 12:50:42 ovzhost sshd[1006]: PAM 2 more authentication failures; logname= uid=0 euid=0 tty=ssh ruser= rhost=43.255.190.119  user=root
Apr 12 12:50:43 ovzhost sshd[1008]: pam_unix(sshd:auth): authentication failure; logname= uid=0 euid=0 tty=ssh ruser= rhost=43.255.190.119  user=root
Apr 12 12:50:44 ovzhost sshd[1011]: Connection closed by 128.8.37.120 [preauth]
Apr 12 12:50:45 ovzhost sshd[1008]: Failed password for root from 43.255.190.119 port 34747 ssh2
Apr 12 12:50:48 ovzhost sshd[1008]: message repeated 2 times: [ Failed password for root from 43.255.190.119 port 34747 ssh2]
Apr 12 12:50:49 ovzhost sshd[1008]: Received disconnect from 43.255.190.119: 11:  [preauth]
Apr 12 12:50:49 ovzhost sshd[1008]: PAM 2 more authentication failures; logname= uid=0 euid=0 tty=ssh ruser= rhost=43.255.190.119  user=root
Apr 12 12:50:52 ovzhost sshd[1013]: pam_unix(sshd:auth): authentication failure; logname= uid=0 euid=0 tty=ssh ruser= rhost=43.255.190.119  user=root
Apr 12 12:50:53 ovzhost sshd[1016]: Connection closed by 127.0.0.1 [preauth]
Apr 12 12:50:54 ovzhost sshd[1013]: Failed password for root from 43.255.190.119 port 50983 ssh2
Apr 12 12:50:58 ovzhost sshd[1013]: message repeated 2 times: [ Failed password for root from 43.255.190.119 port 50983 ssh2]
Apr 12 12:50:58 ovzhost sshd[1013]: Received disconnect from 43.255.190.119: 11:  [preauth]
Apr 12 12:50:58 ovzhost sshd[1013]: PAM 2 more authentication failures; logname= uid=0 euid=0 tty=ssh ruser= rhost=43.255.190.119  user=root
Apr 12 12:50:59 ovzhost sshd[1018]: pam_unix(sshd:auth): authentication failure; logname= uid=0 euid=0 tty=ssh ruser= rhost=43.255.190.119  user=root
Apr 12 12:51:01 ovzhost sshd[1018]: Failed password for root from 43.255.190.119 port 44473 ssh2
Apr 12 12:51:06 ovzhost sshd[1018]: message repeated 2 times: [ Failed password for root from 43.255.190.119 port 44473 ssh2]
Apr 12 12:51:06 ovzhost sshd[1018]: Received disconnect from 43.255.190.119: 11:  [preauth]
Apr 12 12:51:06 ovzhost sshd[1018]: PAM 2 more authentication failures; logname= uid=0 euid=0 tty=ssh ruser= rhost=43.255.190.119  user=root
Apr 12 12:51:06 ovzhost sshd[1024]: pam_unix(sshd:auth): authentication failure; logname= uid=0 euid=0 tty=ssh ruser= rhost=43.255.190.119  user=root
Apr 12 12:51:08 ovzhost sshd[1024]: Failed password for root from 43.255.190.119 port 33474 ssh2
Apr 12 12:51:13 ovzhost sshd[1024]: message repeated 2 times: [ Failed password for root from 43.255.190.119 port 33474 ssh2]
Apr 12 12:51:13 ovzhost sshd[1024]: Received disconnect from 43.255.190.119: 11:  [preauth]
Apr 12 12:51:13 ovzhost sshd[1024]: PAM 2 more authentication failures; logname= uid=0 euid=0 tty=ssh ruser= rhost=43.255.190.119  user=root
Apr 12 12:51:16 ovzhost sshd[1026]: pam_unix(sshd:auth): authentication failure; logname= uid=0 euid=0 tty=ssh ruser= rhost=43.255.190.119  user=root
Apr 12 12:51:18 ovzhost sshd[1026]: Failed password for root from 43.255.190.119 port 52667 ssh2
Apr 12 12:51:21 ovzhost sshd[1026]: message repeated 2 times: [ Failed password for root from 43.255.190.119 port 52667 ssh2]
Apr 12 12:51:21 ovzhost sshd[1026]: Received disconnect from 43.255.190.119: 11:  [preauth]
Apr 12 12:51:21 ovzhost sshd[1026]: PAM 2 more authentication failures; logname= uid=0 euid=0 tty=ssh ruser= rhost=43.255.190.119  user=root
Apr 12 12:51:22 ovzhost sshd[1028]: pam_unix(sshd:auth): authentication failure; logname= uid=0 euid=0 tty=ssh ruser= rhost=43.255.190.119  user=root
Apr 12 12:51:24 ovzhost sshd[1028]: Failed password for root from 43.255.190.119 port 44055 ssh2
Apr 12 12:51:28 ovzhost sshd[1028]: message repeated 2 times: [ Failed password for root from 43.255.190.119 port 44055 ssh2]
Apr 12 12:51:28 ovzhost sshd[1028]: Received disconnect from 43.255.190.119: 11:  [preauth]
Apr 12 12:51:28 ovzhost sshd[1028]: PAM 2 more authentication failures; logname= uid=0 euid=0 tty=ssh ruser= rhost=43.255.190.119  user=root
Apr 12 12:51:29 ovzhost sshd[1030]: pam_unix(sshd:auth): authentication failure; logname= uid=0 euid=0 tty=ssh ruser= rhost=43.255.190.119  user=root
Apr 12 12:51:31 ovzhost sshd[1030]: Failed password for root from 43.255.190.119 port 34111 ssh2
Apr 12 12:51:34 ovzhost sshd[1030]: message repeated 2 times: [ Failed password for root from 43.255.190.119 port 34111 ssh2]
Apr 12 12:51:35 ovzhost sshd[1030]: Received disconnect from 43.255.190.119: 11:  [preauth]
Apr 12 12:51:35 ovzhost sshd[1030]: PAM 2 more authentication failures; logname= uid=0 euid=0 tty=ssh ruser= rhost=43.255.190.119  user=root
Apr 12 12:51:35 ovzhost sshd[1032]: pam_unix(sshd:auth): authentication failure; logname= uid=0 euid=0 tty=ssh ruser= rhost=43.255.190.119  user=root
Apr 12 12:51:37 ovzhost sshd[1032]: Failed password for root from 43.255.190.119 port 49834 ssh2
Apr 12 12:51:40 ovzhost sshd[1032]: message repeated 2 times: [ Failed password for root from 43.255.190.119 port 49834 ssh2]
Apr 12 12:51:41 ovzhost sshd[1032]: Received disconnect from 43.255.190.119: 11:  [preauth]
Apr 12 12:51:41 ovzhost sshd[1032]: PAM 2 more authentication failures; logname= uid=0 euid=0 tty=ssh ruser= rhost=43.255.190.119  user=root
Apr 12 12:51:42 ovzhost sshd[1034]: pam_unix(sshd:auth): authentication failure; logname= uid=0 euid=0 tty=ssh ruser= rhost=43.255.190.119  user=root
Apr 12 12:51:43 ovzhost sshd[1034]: Failed password for root from 43.255.190.119 port 37037 ssh2
Apr 12 12:51:48 ovzhost sshd[1034]: message repeated 2 times: [ Failed password for root from 43.255.190.119 port 37037 ssh2]
Apr 12 12:51:48 ovzhost sshd[1034]: Received disconnect from 43.255.190.119: 11:  [preauth]
Apr 12 12:51:48 ovzhost sshd[1034]: PAM 2 more authentication failures; logname= uid=0 euid=0 tty=ssh ruser= rhost=43.255.190.119  user=root
Apr 12 12:51:49 ovzhost sshd[1038]: pam_unix(sshd:auth): authentication failure; logname= uid=0 euid=0 tty=ssh ruser= rhost=43.255.190.119  user=root
Apr 12 12:51:50 ovzhost sshd[1038]: Failed password for root from 43.255.190.119 port 51845 ssh2
Apr 12 12:51:54 ovzhost sshd[1038]: message repeated 2 times: [ Failed password for root from 43.255.190.119 port 51845 ssh2]
Apr 12 12:51:55 ovzhost sshd[1038]: Received disconnect from 43.255.190.119: 11:  [preauth]
Apr 12 12:51:55 ovzhost sshd[1038]: PAM 2 more authentication failures; logname= uid=0 euid=0 tty=ssh ruser= rhost=43.255.190.119  user=root
Apr 12 12:51:55 ovzhost sshd[1040]: pam_unix(sshd:auth): authentication failure; logname= uid=0 euid=0 tty=ssh ruser= rhost=43.255.190.119  user=root
Apr 12 12:51:57 ovzhost sshd[1040]: Failed password for root from 43.255.190.119 port 36560 ssh2
Apr 12 12:52:02 ovzhost sshd[1040]: message repeated 2 times: [ Failed password for root from 43.255.190.119 port 36560 ssh2]
Apr 12 12:52:02 ovzhost sshd[1040]: Received disconnect from 43.255.190.119: 11:  [preauth]
Apr 12 12:52:02 ovzhost sshd[1040]: PAM 2 more authentication failures; logname= uid=0 euid=0 tty=ssh ruser= rhost=43.255.190.119  user=root
Apr 12 12:52:02 ovzhost sshd[1042]: pam_unix(sshd:auth): authentication failure; logname= uid=0 euid=0 tty=ssh ruser= rhost=43.255.190.119  user=root
Apr 12 12:52:04 ovzhost sshd[1042]: Failed password for root from 43.255.190.119 port 52591 ssh2
Apr 12 12:52:07 ovzhost sshd[1042]: message repeated 2 times: [ Failed password for root from 43.255.190.119 port 52591 ssh2]
Apr 12 12:52:08 ovzhost sshd[1042]: Received disconnect from 43.255.190.119: 11:  [preauth]
Apr 12 12:52:08 ovzhost sshd[1042]: PAM 2 more authentication failures; logname= uid=0 euid=0 tty=ssh ruser= rhost=43.255.190.119  user=root
Apr 12 12:52:09 ovzhost sshd[1044]: pam_unix(sshd:auth): authentication failure; logname= uid=0 euid=0 tty=ssh ruser= rhost=43.255.190.119  user=root
Apr 12 12:52:11 ovzhost sshd[1044]: Failed password for root from 43.255.190.119 port 40760 ssh2
Apr 12 12:52:14 ovzhost sshd[1044]: message repeated 2 times: [ Failed password for root from 43.255.190.119 port 40760 ssh2]
Apr 12 12:52:15 ovzhost sshd[1044]: Received disconnect from 43.255.190.119: 11:  [preauth]
Apr 12 12:52:15 ovzhost sshd[1044]: PAM 2 more authentication failures; logname= uid=0 euid=0 tty=ssh ruser= rhost=43.255.190.119  user=root
Apr 12 12:52:15 ovzhost sshd[1047]: pam_unix(sshd:auth): authentication failure; logname= uid=0 euid=0 tty=ssh ruser= rhost=43.255.190.119  user=root
Apr 12 12:52:17 ovzhost sshd[1047]: Failed password for root from 43.255.190.119 port 55974 ssh2
Apr 12 12:52:20 ovzhost sshd[1047]: message repeated 2 times: [ Failed password for root from 43.255.190.119 port 55974 ssh2]
Apr 12 12:52:20 ovzhost sshd[1047]: Received disconnect from 43.255.190.119: 11:  [preauth]
Apr 12 12:52:20 ovzhost sshd[1047]: PAM 2 more authentication failures; logname= uid=0 euid=0 tty=ssh ruser= rhost=43.255.190.119  user=root
Apr 12 12:52:21 ovzhost sshd[1049]: pam_unix(sshd:auth): authentication failure; logname= uid=0 euid=0 tty=ssh ruser= rhost=43.255.190.119  user=root
Apr 12 12:52:24 ovzhost sshd[1049]: Failed password for root from 43.255.190.119 port 41603 ssh2
Apr 12 12:52:27 ovzhost sshd[1049]: message repeated 2 times: [ Failed password for root from 43.255.190.119 port 41603 ssh2]
Apr 12 12:52:27 ovzhost sshd[1049]: Received disconnect from 43.255.190.119: 11:  [preauth]
Apr 12 12:52:27 ovzhost sshd[1049]: PAM 2 more authentication failures; logname= uid=0 euid=0 tty=ssh ruser= rhost=43.255.190.119  user=root
Apr 12 12:52:27 ovzhost sshd[1051]: pam_unix(sshd:auth): authentication failure; logname= uid=0 euid=0 tty=ssh ruser= rhost=43.255.190.119  user=root
Apr 12 12:52:29 ovzhost sshd[1051]: Failed password for root from 43.255.190.119 port 53874 ssh2
Apr 12 12:52:34 ovzhost sshd[1051]: message repeated 2 times: [ Failed password for root from 43.255.190.119 port 53874 ssh2]
Apr 12 12:52:34 ovzhost sshd[1051]: Received disconnect from 43.255.190.119: 11:  [preauth]
