Apr  2 14:31:44 ovzhost sshd[780]: Connection closed by 127.0.0.1 [preauth]
Apr  2 14:35:40 ovzhost sshd[811]: Connection closed by 128.8.37.120 [preauth]
Apr  2 14:36:44 ovzhost sshd[820]: Connection closed by 127.0.0.1 [preauth]
Apr 13 15:36:34 ovzhost sshd[781]: Connection closed by 127.0.0.1 [preauth]
Apr 13 15:39:01 ovzhost CRON[793]: pam_env(cron:session): Unable to open env file: /etc/default/locale: No such file or directory
Apr 13 15:39:01 ovzhost CRON[793]: pam_unix(cron:session): session opened for user root by (uid=0)
Apr 13 15:39:01 ovzhost CRON[793]: pam_unix(cron:session): session closed for user root
Apr 13 15:40:01 ovzhost CRON[809]: pam_env(cron:session): Unable to open env file: /etc/default/locale: No such file or directory
Apr 13 15:40:01 ovzhost CRON[809]: pam_unix(cron:session): session opened for user smmsp by (uid=0)
Apr 13 15:40:01 ovzhost CRON[809]: pam_unix(cron:session): session closed for user smmsp
Apr 13 15:40:40 ovzhost sshd[837]: Connection closed by 128.8.37.120 [preauth]
Apr 13 15:41:32 ovzhost sshd[844]: Connection closed by 127.0.0.1 [preauth]
Apr 13 15:45:21 ovzhost sshd[858]: pam_unix(sshd:auth): authentication failure; logname= uid=0 euid=0 tty=ssh ruser= rhost=43.255.190.167  user=root
Apr 13 15:45:23 ovzhost sshd[858]: Failed password for root from 43.255.190.167 port 51883 ssh2
Apr 13 15:45:28 ovzhost sshd[858]: message repeated 2 times: [ Failed password for root from 43.255.190.167 port 51883 ssh2]
Apr 13 15:45:28 ovzhost sshd[858]: Received disconnect from 43.255.190.167: 11:  [preauth]
Apr 13 15:45:28 ovzhost sshd[858]: PAM 2 more authentication failures; logname= uid=0 euid=0 tty=ssh ruser= rhost=43.255.190.167  user=root
Apr 13 15:45:28 ovzhost sshd[860]: pam_unix(sshd:auth): authentication failure; logname= uid=0 euid=0 tty=ssh ruser= rhost=43.255.190.167  user=root
Apr 13 15:45:30 ovzhost sshd[860]: Failed password for root from 43.255.190.167 port 43648 ssh2
Apr 13 15:45:35 ovzhost sshd[860]: message repeated 2 times: [ Failed password for root from 43.255.190.167 port 43648 ssh2]
Apr 13 15:45:35 ovzhost sshd[860]: Received disconnect from 43.255.190.167: 11:  [preauth]
Apr 13 15:45:35 ovzhost sshd[860]: PAM 2 more authentication failures; logname= uid=0 euid=0 tty=ssh ruser= rhost=43.255.190.167  user=root
Apr 13 15:45:36 ovzhost sshd[862]: pam_unix(sshd:auth): authentication failure; logname= uid=0 euid=0 tty=ssh ruser= rhost=43.255.190.167  user=root
Apr 13 15:45:38 ovzhost sshd[862]: Failed password for root from 43.255.190.167 port 35372 ssh2
Apr 13 15:45:43 ovzhost sshd[862]: message repeated 2 times: [ Failed password for root from 43.255.190.167 port 35372 ssh2]
Apr 13 15:45:43 ovzhost sshd[862]: Received disconnect from 43.255.190.167: 11:  [preauth]
Apr 13 15:45:43 ovzhost sshd[862]: PAM 2 more authentication failures; logname= uid=0 euid=0 tty=ssh ruser= rhost=43.255.190.167  user=root
Apr 13 15:45:43 ovzhost sshd[864]: pam_unix(sshd:auth): authentication failure; logname= uid=0 euid=0 tty=ssh ruser= rhost=43.255.190.167  user=root
Apr 13 15:45:46 ovzhost sshd[864]: Failed password for root from 43.255.190.167 port 55644 ssh2
Apr 13 15:45:50 ovzhost sshd[864]: message repeated 2 times: [ Failed password for root from 43.255.190.167 port 55644 ssh2]
Apr 13 15:45:50 ovzhost sshd[864]: Received disconnect from 43.255.190.167: 11:  [preauth]
Apr 13 15:45:50 ovzhost sshd[864]: PAM 2 more authentication failures; logname= uid=0 euid=0 tty=ssh ruser= rhost=43.255.190.167  user=root
Apr 13 15:45:51 ovzhost sshd[866]: pam_unix(sshd:auth): authentication failure; logname= uid=0 euid=0 tty=ssh ruser= rhost=43.255.190.167  user=root
Apr 13 15:45:52 ovzhost sshd[866]: Failed password for root from 43.255.190.167 port 47885 ssh2
Apr 13 15:45:57 ovzhost sshd[866]: message repeated 2 times: [ Failed password for root from 43.255.190.167 port 47885 ssh2]
Apr 13 15:45:57 ovzhost sshd[866]: Received disconnect from 43.255.190.167: 11:  [preauth]
Apr 13 15:45:57 ovzhost sshd[866]: PAM 2 more authentication failures; logname= uid=0 euid=0 tty=ssh ruser= rhost=43.255.190.167  user=root
Apr 13 15:45:58 ovzhost sshd[868]: pam_unix(sshd:auth): authentication failure; logname= uid=0 euid=0 tty=ssh ruser= rhost=43.255.190.167  user=root
Apr 13 15:46:00 ovzhost sshd[868]: Failed password for root from 43.255.190.167 port 42118 ssh2
Apr 13 15:46:00 ovzhost sshd[872]: pam_unix(sshd:auth): authentication failure; logname= uid=0 euid=0 tty=ssh ruser= rhost=221.229.166.27  user=root
Apr 13 15:46:02 ovzhost sshd[872]: Failed password for root from 221.229.166.27 port 54172 ssh2
Apr 13 15:46:04 ovzhost sshd[868]: message repeated 2 times: [ Failed password for root from 43.255.190.167 port 42118 ssh2]
Apr 13 15:46:04 ovzhost sshd[868]: Received disconnect from 43.255.190.167: 11:  [preauth]
Apr 13 15:46:04 ovzhost sshd[868]: PAM 2 more authentication failures; logname= uid=0 euid=0 tty=ssh ruser= rhost=43.255.190.167  user=root
Apr 13 15:46:05 ovzhost sshd[876]: pam_unix(sshd:auth): authentication failure; logname= uid=0 euid=0 tty=ssh ruser= rhost=43.255.190.167  user=root
Apr 13 15:46:07 ovzhost sshd[876]: Failed password for root from 43.255.190.167 port 35997 ssh2
Apr 13 15:46:07 ovzhost sshd[872]: message repeated 2 times: [ Failed password for root from 221.229.166.27 port 54172 ssh2]
Apr 13 15:46:07 ovzhost sshd[872]: Received disconnect from 221.229.166.27: 11:  [preauth]
Apr 13 15:46:07 ovzhost sshd[872]: PAM 2 more authentication failures; logname= uid=0 euid=0 tty=ssh ruser= rhost=221.229.166.27  user=root
Apr 13 15:46:09 ovzhost sshd[878]: pam_unix(sshd:auth): authentication failure; logname= uid=0 euid=0 tty=ssh ruser= rhost=221.229.166.27  user=root
Apr 13 15:46:11 ovzhost sshd[878]: Failed password for root from 221.229.166.27 port 45923 ssh2
Apr 13 15:46:12 ovzhost sshd[876]: message repeated 2 times: [ Failed password for root from 43.255.190.167 port 35997 ssh2]
Apr 13 15:46:12 ovzhost sshd[876]: Received disconnect from 43.255.190.167: 11:  [preauth]
Apr 13 15:46:12 ovzhost sshd[876]: PAM 2 more authentication failures; logname= uid=0 euid=0 tty=ssh ruser= rhost=43.255.190.167  user=root
Apr 13 15:46:12 ovzhost sshd[880]: pam_unix(sshd:auth): authentication failure; logname= uid=0 euid=0 tty=ssh ruser= rhost=43.255.190.167  user=root
Apr 13 15:46:14 ovzhost sshd[880]: Failed password for root from 43.255.190.167 port 58122 ssh2
Apr 13 15:46:17 ovzhost sshd[878]: message repeated 2 times: [ Failed password for root from 221.229.166.27 port 45923 ssh2]
Apr 13 15:46:17 ovzhost sshd[878]: Received disconnect from 221.229.166.27: 11:  [preauth]
Apr 13 15:46:17 ovzhost sshd[878]: PAM 2 more authentication failures; logname= uid=0 euid=0 tty=ssh ruser= rhost=221.229.166.27  user=root
Apr 13 15:46:19 ovzhost sshd[882]: pam_unix(sshd:auth): authentication failure; logname= uid=0 euid=0 tty=ssh ruser= rhost=221.229.166.27  user=root
Apr 13 15:46:19 ovzhost sshd[880]: message repeated 2 times: [ Failed password for root from 43.255.190.167 port 58122 ssh2]
Apr 13 15:46:19 ovzhost sshd[880]: Received disconnect from 43.255.190.167: 11:  [preauth]
Apr 13 15:46:19 ovzhost sshd[880]: PAM 2 more authentication failures; logname= uid=0 euid=0 tty=ssh ruser= rhost=43.255.190.167  user=root
Apr 13 15:46:19 ovzhost sshd[884]: pam_unix(sshd:auth): authentication failure; logname= uid=0 euid=0 tty=ssh ruser= rhost=43.255.190.167  user=root
Apr 13 15:46:21 ovzhost sshd[882]: Failed password for root from 221.229.166.27 port 40183 ssh2
Apr 13 15:46:22 ovzhost sshd[884]: Failed password for root from 43.255.190.167 port 51056 ssh2
Apr 13 15:46:25 ovzhost sshd[884]: message repeated 2 times: [ Failed password for root from 43.255.190.167 port 51056 ssh2]
Apr 13 15:46:25 ovzhost sshd[884]: Received disconnect from 43.255.190.167: 11:  [preauth]
Apr 13 15:46:25 ovzhost sshd[884]: PAM 2 more authentication failures; logname= uid=0 euid=0 tty=ssh ruser= rhost=43.255.190.167  user=root
Apr 13 15:46:25 ovzhost sshd[882]: message repeated 2 times: [ Failed password for root from 221.229.166.27 port 40183 ssh2]
Apr 13 15:46:26 ovzhost sshd[882]: Received disconnect from 221.229.166.27: 11:  [preauth]
Apr 13 15:46:26 ovzhost sshd[882]: PAM 2 more authentication failures; logname= uid=0 euid=0 tty=ssh ruser= rhost=221.229.166.27  user=root
Apr 13 15:46:26 ovzhost sshd[886]: pam_unix(sshd:auth): authentication failure; logname= uid=0 euid=0 tty=ssh ruser= rhost=43.255.190.167  user=root
Apr 13 15:46:28 ovzhost sshd[888]: pam_unix(sshd:auth): authentication failure; logname= uid=0 euid=0 tty=ssh ruser= rhost=221.229.166.27  user=root
Apr 13 15:46:28 ovzhost sshd[886]: Failed password for root from 43.255.190.167 port 41402 ssh2
Apr 13 15:46:30 ovzhost sshd[888]: Failed password for root from 221.229.166.27 port 60173 ssh2
Apr 13 15:46:32 ovzhost sshd[891]: Connection closed by 127.0.0.1 [preauth]
Apr 13 15:46:33 ovzhost sshd[886]: message repeated 2 times: [ Failed password for root from 43.255.190.167 port 41402 ssh2]
Apr 13 15:46:33 ovzhost sshd[886]: Received disconnect from 43.255.190.167: 11:  [preauth]
Apr 13 15:46:33 ovzhost sshd[886]: PAM 2 more authentication failures; logname= uid=0 euid=0 tty=ssh ruser= rhost=43.255.190.167  user=root
Apr 13 15:46:33 ovzhost sshd[893]: pam_unix(sshd:auth): authentication failure; logname= uid=0 euid=0 tty=ssh ruser= rhost=43.255.190.167  user=root
Apr 13 15:46:34 ovzhost sshd[888]: message repeated 2 times: [ Failed password for root from 221.229.166.27 port 60173 ssh2]
Apr 13 15:46:35 ovzhost sshd[888]: Received disconnect from 221.229.166.27: 11:  [preauth]
Apr 13 15:46:35 ovzhost sshd[888]: PAM 2 more authentication failures; logname= uid=0 euid=0 tty=ssh ruser= rhost=221.229.166.27  user=root
Apr 13 15:46:36 ovzhost sshd[893]: Failed password for root from 43.255.190.167 port 34447 ssh2
Apr 13 15:46:37 ovzhost sshd[895]: pam_unix(sshd:auth): authentication failure; logname= uid=0 euid=0 tty=ssh ruser= rhost=221.229.166.27  user=root
Apr 13 15:46:38 ovzhost sshd[895]: Failed password for root from 221.229.166.27 port 52487 ssh2
Apr 13 15:46:39 ovzhost sshd[893]: message repeated 2 times: [ Failed password for root from 43.255.190.167 port 34447 ssh2]
Apr 13 15:46:39 ovzhost sshd[893]: Received disconnect from 43.255.190.167: 11:  [preauth]
Apr 13 15:46:39 ovzhost sshd[893]: PAM 2 more authentication failures; logname= uid=0 euid=0 tty=ssh ruser= rhost=43.255.190.167  user=root
Apr 13 15:46:40 ovzhost sshd[899]: pam_unix(sshd:auth): authentication failure; logname= uid=0 euid=0 tty=ssh ruser= rhost=43.255.190.167  user=root
Apr 13 15:46:42 ovzhost sshd[899]: Failed password for root from 43.255.190.167 port 53194 ssh2
Apr 13 15:46:43 ovzhost sshd[895]: message repeated 2 times: [ Failed password for root from 221.229.166.27 port 52487 ssh2]
Apr 13 15:46:43 ovzhost sshd[895]: Received disconnect from 221.229.166.27: 11:  [preauth]
Apr 13 15:46:43 ovzhost sshd[895]: PAM 2 more authentication failures; logname= uid=0 euid=0 tty=ssh ruser= rhost=221.229.166.27  user=root
Apr 13 15:46:45 ovzhost sshd[901]: pam_unix(sshd:auth): authentication failure; logname= uid=0 euid=0 tty=ssh ruser= rhost=221.229.166.27  user=root
Apr 13 15:46:47 ovzhost sshd[899]: message repeated 2 times: [ Failed password for root from 43.255.190.167 port 53194 ssh2]
Apr 13 15:46:47 ovzhost sshd[899]: Received disconnect from 43.255.190.167: 11:  [preauth]
Apr 13 15:46:47 ovzhost sshd[899]: PAM 2 more authentication failures; logname= uid=0 euid=0 tty=ssh ruser= rhost=43.255.190.167  user=root
Apr 13 15:46:47 ovzhost sshd[903]: pam_unix(sshd:auth): authentication failure; logname= uid=0 euid=0 tty=ssh ruser= rhost=43.255.190.167  user=root
Apr 13 15:46:48 ovzhost sshd[901]: Failed password for root from 221.229.166.27 port 44669 ssh2
Apr 13 15:46:49 ovzhost sshd[903]: Failed password for root from 43.255.190.167 port 45258 ssh2
Apr 13 15:46:52 ovzhost sshd[901]: message repeated 2 times: [ Failed password for root from 221.229.166.27 port 44669 ssh2]
Apr 13 15:46:52 ovzhost sshd[901]: Received disconnect from 221.229.166.27: 11:  [preauth]
Apr 13 15:46:52 ovzhost sshd[901]: PAM 2 more authentication failures; logname= uid=0 euid=0 tty=ssh ruser= rhost=221.229.166.27  user=root
Apr 13 15:46:54 ovzhost sshd[905]: pam_unix(sshd:auth): authentication failure; logname= uid=0 euid=0 tty=ssh ruser= rhost=221.229.166.27  user=root
Apr 13 15:46:54 ovzhost sshd[903]: message repeated 2 times: [ Failed password for root from 43.255.190.167 port 45258 ssh2]
Apr 13 15:46:54 ovzhost sshd[903]: Received disconnect from 43.255.190.167: 11:  [preauth]
Apr 13 15:46:54 ovzhost sshd[903]: PAM 2 more authentication failures; logname= uid=0 euid=0 tty=ssh ruser= rhost=43.255.190.167  user=root
Apr 13 15:46:54 ovzhost sshd[907]: pam_unix(sshd:auth): authentication failure; logname= uid=0 euid=0 tty=ssh ruser= rhost=43.255.190.167  user=root
Apr 13 15:46:56 ovzhost sshd[905]: Failed password for root from 221.229.166.27 port 37770 ssh2
Apr 13 15:46:57 ovzhost sshd[907]: Failed password for root from 43.255.190.167 port 37498 ssh2
Apr 13 15:47:00 ovzhost sshd[905]: message repeated 2 times: [ Failed password for root from 221.229.166.27 port 37770 ssh2]
Apr 13 15:47:01 ovzhost sshd[905]: Received disconnect from 221.229.166.27: 11:  [preauth]
Apr 13 15:47:01 ovzhost sshd[905]: PAM 2 more authentication failures; logname= uid=0 euid=0 tty=ssh ruser= rhost=221.229.166.27  user=root
Apr 13 15:47:01 ovzhost sshd[907]: message repeated 2 times: [ Failed password for root from 43.255.190.167 port 37498 ssh2]
Apr 13 15:47:01 ovzhost sshd[907]: Received disconnect from 43.255.190.167: 11:  [preauth]
Apr 13 15:47:01 ovzhost sshd[907]: PAM 2 more authentication failures; logname= uid=0 euid=0 tty=ssh ruser= rhost=43.255.190.167  user=root
Apr 13 15:47:01 ovzhost sshd[909]: pam_unix(sshd:auth): authentication failure; logname= uid=0 euid=0 tty=ssh ruser= rhost=43.255.190.167  user=root
Apr 13 15:47:02 ovzhost sshd[911]: pam_unix(sshd:auth): authentication failure; logname= uid=0 euid=0 tty=ssh ruser= rhost=221.229.166.27  user=root
Apr 13 15:47:04 ovzhost sshd[909]: Failed password for root from 43.255.190.167 port 57090 ssh2
Apr 13 15:47:05 ovzhost sshd[911]: Failed password for root from 221.229.166.27 port 59381 ssh2
Apr 13 15:47:08 ovzhost sshd[909]: message repeated 2 times: [ Failed password for root from 43.255.190.167 port 57090 ssh2]
Apr 13 15:47:08 ovzhost sshd[909]: Received disconnect from 43.255.190.167: 11:  [preauth]
Apr 13 15:47:08 ovzhost sshd[909]: PAM 2 more authentication failures; logname= uid=0 euid=0 tty=ssh ruser= rhost=43.255.190.167  user=root
Apr 13 15:47:08 ovzhost sshd[914]: pam_unix(sshd:auth): authentication failure; logname= uid=0 euid=0 tty=ssh ruser= rhost=43.255.190.167  user=root
Apr 13 15:47:10 ovzhost sshd[911]: message repeated 2 times: [ Failed password for root from 221.229.166.27 port 59381 ssh2]
Apr 13 15:47:10 ovzhost sshd[911]: Received disconnect from 221.229.166.27: 11:  [preauth]
Apr 13 15:47:10 ovzhost sshd[911]: PAM 2 more authentication failures; logname= uid=0 euid=0 tty=ssh ruser= rhost=221.229.166.27  user=root
Apr 13 15:47:10 ovzhost sshd[914]: Failed password for root from 43.255.190.167 port 48720 ssh2
Apr 13 15:47:12 ovzhost sshd[916]: pam_unix(sshd:auth): authentication failure; logname= uid=0 euid=0 tty=ssh ruser= rhost=221.229.166.27  user=root
Apr 13 15:47:13 ovzhost sshd[916]: Failed password for root from 221.229.166.27 port 53134 ssh2
Apr 13 15:47:14 ovzhost sshd[914]: message repeated 2 times: [ Failed password for root from 43.255.190.167 port 48720 ssh2]
Apr 13 15:47:14 ovzhost sshd[914]: Received disconnect from 43.255.190.167: 11:  [preauth]
Apr 13 15:47:14 ovzhost sshd[914]: PAM 2 more authentication failures; logname= uid=0 euid=0 tty=ssh ruser= rhost=43.255.190.167  user=root
Apr 13 15:47:15 ovzhost sshd[918]: pam_unix(sshd:auth): authentication failure; logname= uid=0 euid=0 tty=ssh ruser= rhost=43.255.190.167  user=root
Apr 13 15:47:17 ovzhost sshd[918]: Failed password for root from 43.255.190.167 port 39288 ssh2
Apr 13 15:47:18 ovzhost sshd[916]: message repeated 2 times: [ Failed password for root from 221.229.166.27 port 53134 ssh2]
Apr 13 15:47:18 ovzhost sshd[916]: Received disconnect from 221.229.166.27: 11:  [preauth]
Apr 13 15:47:18 ovzhost sshd[916]: PAM 2 more authentication failures; logname= uid=0 euid=0 tty=ssh ruser= rhost=221.229.166.27  user=root
Apr 13 15:47:20 ovzhost sshd[920]: pam_unix(sshd:auth): authentication failure; logname= uid=0 euid=0 tty=ssh ruser= rhost=221.229.166.27  user=root
Apr 13 15:47:22 ovzhost sshd[918]: message repeated 2 times: [ Failed password for root from 43.255.190.167 port 39288 ssh2]
Apr 13 15:47:22 ovzhost sshd[918]: Received disconnect from 43.255.190.167: 11:  [preauth]
Apr 13 15:47:22 ovzhost sshd[918]: PAM 2 more authentication failures; logname= uid=0 euid=0 tty=ssh ruser= rhost=43.255.190.167  user=root
Apr 13 15:47:22 ovzhost sshd[920]: Failed password for root from 221.229.166.27 port 45369 ssh2
Apr 13 15:47:23 ovzhost sshd[922]: pam_unix(sshd:auth): authentication failure; logname= uid=0 euid=0 tty=ssh ruser= rhost=43.255.190.167  user=root
Apr 13 15:47:24 ovzhost sshd[922]: Failed password for root from 43.255.190.167 port 33706 ssh2
Apr 13 15:47:26 ovzhost sshd[920]: message repeated 2 times: [ Failed password for root from 221.229.166.27 port 45369 ssh2]
Apr 13 15:47:26 ovzhost sshd[920]: Received disconnect from 221.229.166.27: 11:  [preauth]
Apr 13 15:47:26 ovzhost sshd[920]: PAM 2 more authentication failures; logname= uid=0 euid=0 tty=ssh ruser= rhost=221.229.166.27  user=root
Apr 13 15:47:28 ovzhost sshd[924]: pam_unix(sshd:auth): authentication failure; logname= uid=0 euid=0 tty=ssh ruser= rhost=221.229.166.27  user=root
Apr 13 15:47:28 ovzhost sshd[922]: message repeated 2 times: [ Failed password for root from 43.255.190.167 port 33706 ssh2]
Apr 13 15:47:28 ovzhost sshd[922]: Received disconnect from 43.255.190.167: 11:  [preauth]
Apr 13 15:47:28 ovzhost sshd[922]: PAM 2 more authentication failures; logname= uid=0 euid=0 tty=ssh ruser= rhost=43.255.190.167  user=root
Apr 13 15:47:29 ovzhost sshd[926]: pam_unix(sshd:auth): authentication failure; logname= uid=0 euid=0 tty=ssh ruser= rhost=43.255.190.167  user=root
Apr 13 15:47:30 ovzhost sshd[924]: Failed password for root from 221.229.166.27 port 36394 ssh2
Apr 13 15:47:31 ovzhost sshd[926]: Failed password for root from 43.255.190.167 port 51803 ssh2
Apr 13 15:47:34 ovzhost sshd[926]: message repeated 2 times: [ Failed password for root from 43.255.190.167 port 51803 ssh2]
Apr 13 15:47:34 ovzhost sshd[926]: Received disconnect from 43.255.190.167: 11:  [preauth]
Apr 13 15:47:34 ovzhost sshd[926]: PAM 2 more authentication failures; logname= uid=0 euid=0 tty=ssh ruser= rhost=43.255.190.167  user=root
Apr 13 15:47:35 ovzhost sshd[924]: message repeated 2 times: [ Failed password for root from 221.229.166.27 port 36394 ssh2]
Apr 13 15:47:35 ovzhost sshd[924]: Received disconnect from 221.229.166.27: 11:  [preauth]
Apr 13 15:47:35 ovzhost sshd[924]: PAM 2 more authentication failures; logname= uid=0 euid=0 tty=ssh ruser= rhost=221.229.166.27  user=root
Apr 13 15:47:35 ovzhost sshd[928]: pam_unix(sshd:auth): authentication failure; logname= uid=0 euid=0 tty=ssh ruser= rhost=43.255.190.167  user=root
Apr 13 15:47:36 ovzhost sshd[928]: Failed password for root from 43.255.190.167 port 40993 ssh2
Apr 13 15:47:37 ovzhost sshd[930]: pam_unix(sshd:auth): authentication failure; logname= uid=0 euid=0 tty=ssh ruser= rhost=221.229.166.27  user=root
Apr 13 15:47:39 ovzhost sshd[930]: Failed password for root from 221.229.166.27 port 56903 ssh2
Apr 13 15:47:41 ovzhost sshd[928]: message repeated 2 times: [ Failed password for root from 43.255.190.167 port 40993 ssh2]
Apr 13 15:47:41 ovzhost sshd[928]: Received disconnect from 43.255.190.167: 11:  [preauth]
Apr 13 15:47:41 ovzhost sshd[928]: PAM 2 more authentication failures; logname= uid=0 euid=0 tty=ssh ruser= rhost=43.255.190.167  user=root
Apr 13 15:47:42 ovzhost sshd[933]: pam_unix(sshd:auth): authentication failure; logname= uid=0 euid=0 tty=ssh ruser= rhost=43.255.190.167  user=root
Apr 13 15:47:43 ovzhost sshd[930]: message repeated 2 times: [ Failed password for root from 221.229.166.27 port 56903 ssh2]
Apr 13 15:47:44 ovzhost sshd[930]: Received disconnect from 221.229.166.27: 11:  [preauth]
Apr 13 15:47:44 ovzhost sshd[930]: PAM 2 more authentication failures; logname= uid=0 euid=0 tty=ssh ruser= rhost=221.229.166.27  user=root
Apr 13 15:47:44 ovzhost sshd[933]: Failed password for root from 43.255.190.167 port 32793 ssh2
Apr 13 15:47:46 ovzhost sshd[935]: pam_unix(sshd:auth): authentication failure; logname= uid=0 euid=0 tty=ssh ruser= rhost=221.229.166.27  user=root
Apr 13 15:47:48 ovzhost sshd[933]: message repeated 2 times: [ Failed password for root from 43.255.190.167 port 32793 ssh2]
Apr 13 15:47:48 ovzhost sshd[933]: Received disconnect from 43.255.190.167: 11:  [preauth]
Apr 13 15:47:48 ovzhost sshd[933]: PAM 2 more authentication failures; logname= uid=0 euid=0 tty=ssh ruser= rhost=43.255.190.167  user=root
Apr 13 15:47:48 ovzhost sshd[935]: Failed password for root from 221.229.166.27 port 50731 ssh2
Apr 13 15:47:48 ovzhost sshd[937]: pam_unix(sshd:auth): authentication failure; logname= uid=0 euid=0 tty=ssh ruser= rhost=43.255.190.167  user=root
Apr 13 15:47:51 ovzhost sshd[937]: Failed password for root from 43.255.190.167 port 51201 ssh2
Apr 13 15:47:53 ovzhost sshd[935]: message repeated 2 times: [ Failed password for root from 221.229.166.27 port 50731 ssh2]
Apr 13 15:47:53 ovzhost sshd[935]: Received disconnect from 221.229.166.27: 11:  [preauth]
Apr 13 15:47:53 ovzhost sshd[935]: PAM 2 more authentication failures; logname= uid=0 euid=0 tty=ssh ruser= rhost=221.229.166.27  user=root
Apr 13 15:47:54 ovzhost sshd[937]: message repeated 2 times: [ Failed password for root from 43.255.190.167 port 51201 ssh2]
Apr 13 15:47:54 ovzhost sshd[937]: Received disconnect from 43.255.190.167: 11:  [preauth]
Apr 13 15:47:54 ovzhost sshd[937]: PAM 2 more authentication failures; logname= uid=0 euid=0 tty=ssh ruser= rhost=43.255.190.167  user=root
Apr 13 15:47:55 ovzhost sshd[941]: pam_unix(sshd:auth): authentication failure; logname= uid=0 euid=0 tty=ssh ruser= rhost=43.255.190.167  user=root
Apr 13 15:47:55 ovzhost sshd[939]: pam_unix(sshd:auth): authentication failure; logname= uid=0 euid=0 tty=ssh ruser= rhost=221.229.166.27  user=root
Apr 13 15:47:57 ovzhost sshd[941]: Failed password for root from 43.255.190.167 port 41282 ssh2
Apr 13 15:47:57 ovzhost sshd[939]: Failed password for root from 221.229.166.27 port 45840 ssh2
Apr 13 15:48:01 ovzhost sshd[941]: message repeated 2 times: [ Failed password for root from 43.255.190.167 port 41282 ssh2]
Apr 13 15:48:01 ovzhost sshd[941]: Received disconnect from 43.255.190.167: 11:  [preauth]
Apr 13 15:48:01 ovzhost sshd[941]: PAM 2 more authentication failures; logname= uid=0 euid=0 tty=ssh ruser= rhost=43.255.190.167  user=root
Apr 13 15:48:01 ovzhost sshd[943]: pam_unix(sshd:auth): authentication failure; logname= uid=0 euid=0 tty=ssh ruser= rhost=43.255.190.167  user=root
Apr 13 15:48:02 ovzhost sshd[939]: message repeated 2 times: [ Failed password for root from 221.229.166.27 port 45840 ssh2]
Apr 13 15:48:02 ovzhost sshd[939]: Received disconnect from 221.229.166.27: 11:  [preauth]
Apr 13 15:48:02 ovzhost sshd[939]: PAM 2 more authentication failures; logname= uid=0 euid=0 tty=ssh ruser= rhost=221.229.166.27  user=root
Apr 13 15:48:04 ovzhost sshd[943]: Failed password for root from 43.255.190.167 port 59167 ssh2
Apr 13 15:48:05 ovzhost sshd[945]: pam_unix(sshd:auth): authentication failure; logname= uid=0 euid=0 tty=ssh ruser= rhost=221.229.166.27  user=root
Apr 13 15:48:06 ovzhost sshd[945]: Failed password for root from 221.229.166.27 port 39694 ssh2
Apr 13 15:48:07 ovzhost sshd[943]: message repeated 2 times: [ Failed password for root from 43.255.190.167 port 59167 ssh2]
Apr 13 15:48:07 ovzhost sshd[943]: Received disconnect from 43.255.190.167: 11:  [preauth]
Apr 13 15:48:07 ovzhost sshd[943]: PAM 2 more authentication failures; logname= uid=0 euid=0 tty=ssh ruser= rhost=43.255.190.167  user=root
Apr 13 15:48:08 ovzhost sshd[947]: pam_unix(sshd:auth): authentication failure; logname= uid=0 euid=0 tty=ssh ruser= rhost=43.255.190.167  user=root
Apr 13 15:48:09 ovzhost sshd[947]: Failed password for root from 43.255.190.167 port 48258 ssh2
Apr 13 15:48:10 ovzhost sshd[945]: message repeated 2 times: [ Failed password for root from 221.229.166.27 port 39694 ssh2]
Apr 13 15:48:11 ovzhost sshd[945]: Received disconnect from 221.229.166.27: 11:  [preauth]
Apr 13 15:48:11 ovzhost sshd[945]: PAM 2 more authentication failures; logname= uid=0 euid=0 tty=ssh ruser= rhost=221.229.166.27  user=root
Apr 13 15:48:12 ovzhost sshd[950]: pam_unix(sshd:auth): authentication failure; logname= uid=0 euid=0 tty=ssh ruser= rhost=221.229.166.27  user=root
Apr 13 15:48:14 ovzhost sshd[947]: message repeated 2 times: [ Failed password for root from 43.255.190.167 port 48258 ssh2]
Apr 13 15:48:14 ovzhost sshd[947]: Received disconnect from 43.255.190.167: 11:  [preauth]
Apr 13 15:48:14 ovzhost sshd[947]: PAM 2 more authentication failures; logname= uid=0 euid=0 tty=ssh ruser= rhost=43.255.190.167  user=root
Apr 13 15:48:14 ovzhost sshd[954]: pam_unix(sshd:auth): authentication failure; logname= uid=0 euid=0 tty=ssh ruser= rhost=43.255.190.167  user=root
Apr 13 15:48:15 ovzhost sshd[950]: Failed password for root from 221.229.166.27 port 32801 ssh2
Apr 13 15:48:17 ovzhost sshd[954]: Failed password for root from 43.255.190.167 port 38155 ssh2
Apr 13 15:48:18 ovzhost sshd[950]: message repeated 2 times: [ Failed password for root from 221.229.166.27 port 32801 ssh2]
Apr 13 15:48:18 ovzhost sshd[950]: Received disconnect from 221.229.166.27: 11:  [preauth]
Apr 13 15:48:18 ovzhost sshd[950]: PAM 2 more authentication failures; logname= uid=0 euid=0 tty=ssh ruser= rhost=221.229.166.27  user=root
Apr 13 15:48:20 ovzhost sshd[957]: pam_unix(sshd:auth): authentication failure; logname= uid=0 euid=0 tty=ssh ruser= rhost=221.229.166.27  user=root
Apr 13 15:48:20 ovzhost sshd[954]: message repeated 2 times: [ Failed password for root from 43.255.190.167 port 38155 ssh2]
Apr 13 15:48:21 ovzhost sshd[954]: Received disconnect from 43.255.190.167: 11:  [preauth]
Apr 13 15:48:21 ovzhost sshd[954]: PAM 2 more authentication failures; logname= uid=0 euid=0 tty=ssh ruser= rhost=43.255.190.167  user=root
Apr 13 15:48:21 ovzhost sshd[959]: pam_unix(sshd:auth): authentication failure; logname= uid=0 euid=0 tty=ssh ruser= rhost=43.255.190.167  user=root
Apr 13 15:48:22 ovzhost sshd[957]: Failed password for root from 221.229.166.27 port 52831 ssh2
Apr 13 15:48:23 ovzhost sshd[959]: Failed password for root from 43.255.190.167 port 56662 ssh2
Apr 13 15:48:26 ovzhost sshd[957]: message repeated 2 times: [ Failed password for root from 221.229.166.27 port 52831 ssh2]
Apr 13 15:48:26 ovzhost sshd[957]: Received disconnect from 221.229.166.27: 11:  [preauth]
Apr 13 15:48:26 ovzhost sshd[957]: PAM 2 more authentication failures; logname= uid=0 euid=0 tty=ssh ruser= rhost=221.229.166.27  user=root
Apr 13 15:48:28 ovzhost sshd[959]: message repeated 2 times: [ Failed password for root from 43.255.190.167 port 56662 ssh2]
Apr 13 15:48:28 ovzhost sshd[959]: Received disconnect from 43.255.190.167: 11:  [preauth]
Apr 13 15:48:28 ovzhost sshd[959]: PAM 2 more authentication failures; logname= uid=0 euid=0 tty=ssh ruser= rhost=43.255.190.167  user=root
Apr 13 15:48:28 ovzhost sshd[961]: pam_unix(sshd:auth): authentication failure; logname= uid=0 euid=0 tty=ssh ruser= rhost=221.229.166.27  user=root
Apr 13 15:48:28 ovzhost sshd[963]: pam_unix(sshd:auth): authentication failure; logname= uid=0 euid=0 tty=ssh ruser= rhost=43.255.190.167  user=root
Apr 13 15:48:30 ovzhost sshd[961]: Failed password for root from 221.229.166.27 port 44556 ssh2
Apr 13 15:48:30 ovzhost sshd[963]: Failed password for root from 43.255.190.167 port 47049 ssh2
Apr 13 15:48:34 ovzhost sshd[963]: message repeated 2 times: [ Failed password for root from 43.255.190.167 port 47049 ssh2]
Apr 13 15:48:34 ovzhost sshd[963]: Received disconnect from 43.255.190.167: 11:  [preauth]
Apr 13 15:48:34 ovzhost sshd[963]: PAM 2 more authentication failures; logname= uid=0 euid=0 tty=ssh ruser= rhost=43.255.190.167  user=root
Apr 13 15:48:34 ovzhost sshd[961]: message repeated 2 times: [ Failed password for root from 221.229.166.27 port 44556 ssh2]
Apr 13 15:48:34 ovzhost sshd[961]: Received disconnect from 221.229.166.27: 11:  [preauth]
Apr 13 15:48:34 ovzhost sshd[961]: PAM 2 more authentication failures; logname= uid=0 euid=0 tty=ssh ruser= rhost=221.229.166.27  user=root
Apr 13 15:48:35 ovzhost sshd[965]: pam_unix(sshd:auth): authentication failure; logname= uid=0 euid=0 tty=ssh ruser= rhost=43.255.190.167  user=root
Apr 13 15:48:36 ovzhost sshd[967]: pam_unix(sshd:auth): authentication failure; logname= uid=0 euid=0 tty=ssh ruser= rhost=221.229.166.27  user=root
Apr 13 15:48:36 ovzhost sshd[965]: Failed password for root from 43.255.190.167 port 36825 ssh2
Apr 13 15:48:38 ovzhost sshd[967]: Failed password for root from 221.229.166.27 port 38445 ssh2
Apr 13 15:48:40 ovzhost sshd[965]: message repeated 2 times: [ Failed password for root from 43.255.190.167 port 36825 ssh2]
Apr 13 15:48:40 ovzhost sshd[965]: Received disconnect from 43.255.190.167: 11:  [preauth]
Apr 13 15:48:40 ovzhost sshd[965]: PAM 2 more authentication failures; logname= uid=0 euid=0 tty=ssh ruser= rhost=43.255.190.167  user=root
Apr 13 15:48:41 ovzhost sshd[971]: pam_unix(sshd:auth): authentication failure; logname= uid=0 euid=0 tty=ssh ruser= rhost=43.255.190.167  user=root
Apr 13 15:48:42 ovzhost sshd[967]: message repeated 2 times: [ Failed password for root from 221.229.166.27 port 38445 ssh2]
Apr 13 15:48:43 ovzhost sshd[967]: Received disconnect from 221.229.166.27: 11:  [preauth]
Apr 13 15:48:43 ovzhost sshd[967]: PAM 2 more authentication failures; logname= uid=0 euid=0 tty=ssh ruser= rhost=221.229.166.27  user=root
Apr 13 15:48:43 ovzhost sshd[971]: Failed password for root from 43.255.190.167 port 53887 ssh2
Apr 13 15:48:45 ovzhost sshd[973]: pam_unix(sshd:auth): authentication failure; logname= uid=0 euid=0 tty=ssh ruser= rhost=221.229.166.27  user=root
Apr 13 15:48:46 ovzhost sshd[973]: Failed password for root from 221.229.166.27 port 60087 ssh2
Apr 13 15:48:46 ovzhost sshd[971]: message repeated 2 times: [ Failed password for root from 43.255.190.167 port 53887 ssh2]
Apr 13 15:48:46 ovzhost sshd[971]: Received disconnect from 43.255.190.167: 11:  [preauth]
Apr 13 15:48:46 ovzhost sshd[971]: PAM 2 more authentication failures; logname= uid=0 euid=0 tty=ssh ruser= rhost=43.255.190.167  user=root
Apr 13 15:48:47 ovzhost sshd[975]: pam_unix(sshd:auth): authentication failure; logname= uid=0 euid=0 tty=ssh ruser= rhost=43.255.190.167  user=root
Apr 13 15:48:49 ovzhost sshd[975]: Failed password for root from 43.255.190.167 port 41552 ssh2
Apr 13 15:48:52 ovzhost sshd[975]: message repeated 2 times: [ Failed password for root from 43.255.190.167 port 41552 ssh2]
Apr 13 15:48:53 ovzhost sshd[975]: Received disconnect from 43.255.190.167: 11:  [preauth]
Apr 13 15:48:53 ovzhost sshd[975]: PAM 2 more authentication failures; logname= uid=0 euid=0 tty=ssh ruser= rhost=43.255.190.167  user=root
Apr 13 15:48:53 ovzhost sshd[977]: pam_unix(sshd:auth): authentication failure; logname= uid=0 euid=0 tty=ssh ruser= rhost=43.255.190.167  user=root
Apr 13 15:48:55 ovzhost sshd[977]: Failed password for root from 43.255.190.167 port 58145 ssh2
Apr 13 15:48:48 ovzhost sshd[973]: Failed password for root from 221.229.166.27 port 60087 ssh2
Apr 13 15:48:56 ovzhost sshd[973]: Received disconnect from 221.229.166.27: 11:  [preauth]
Apr 13 15:48:56 ovzhost sshd[973]: PAM 1 more authentication failure; logname= uid=0 euid=0 tty=ssh ruser= rhost=221.229.166.27  user=root
Apr 13 15:48:58 ovzhost sshd[979]: pam_unix(sshd:auth): authentication failure; logname= uid=0 euid=0 tty=ssh ruser= rhost=221.229.166.27  user=root
Apr 13 15:48:58 ovzhost sshd[977]: message repeated 2 times: [ Failed password for root from 43.255.190.167 port 58145 ssh2]
Apr 13 15:48:58 ovzhost sshd[977]: Received disconnect from 43.255.190.167: 11:  [preauth]
Apr 13 15:48:58 ovzhost sshd[977]: PAM 2 more authentication failures; logname= uid=0 euid=0 tty=ssh ruser= rhost=43.255.190.167  user=root
Apr 13 15:48:59 ovzhost sshd[981]: pam_unix(sshd:auth): authentication failure; logname= uid=0 euid=0 tty=ssh ruser= rhost=43.255.190.167  user=root
Apr 13 15:49:00 ovzhost sshd[979]: Failed password for root from 221.229.166.27 port 36149 ssh2
Apr 13 15:49:01 ovzhost sshd[981]: Failed password for root from 43.255.190.167 port 46084 ssh2
Apr 13 15:49:04 ovzhost sshd[979]: message repeated 2 times: [ Failed password for root from 221.229.166.27 port 36149 ssh2]
Apr 13 15:49:05 ovzhost sshd[979]: Received disconnect from 221.229.166.27: 11:  [preauth]
Apr 13 15:49:05 ovzhost sshd[979]: PAM 2 more authentication failures; logname= uid=0 euid=0 tty=ssh ruser= rhost=221.229.166.27  user=root
Apr 13 15:49:06 ovzhost sshd[981]: message repeated 2 times: [ Failed password for root from 43.255.190.167 port 46084 ssh2]
Apr 13 15:49:06 ovzhost sshd[981]: Received disconnect from 43.255.190.167: 11:  [preauth]
Apr 13 15:49:06 ovzhost sshd[981]: PAM 2 more authentication failures; logname= uid=0 euid=0 tty=ssh ruser= rhost=43.255.190.167  user=root
Apr 13 15:49:06 ovzhost sshd[983]: pam_unix(sshd:auth): authentication failure; logname= uid=0 euid=0 tty=ssh ruser= rhost=43.255.190.167  user=root
Apr 13 15:49:08 ovzhost sshd[983]: Failed password for root from 43.255.190.167 port 37037 ssh2
Apr 13 15:49:12 ovzhost sshd[983]: message repeated 2 times: [ Failed password for root from 43.255.190.167 port 37037 ssh2]
Apr 13 15:49:12 ovzhost sshd[983]: Received disconnect from 43.255.190.167: 11:  [preauth]
Apr 13 15:49:12 ovzhost sshd[983]: PAM 2 more authentication failures; logname= uid=0 euid=0 tty=ssh ruser= rhost=43.255.190.167  user=root
Apr 13 15:49:13 ovzhost sshd[987]: pam_unix(sshd:auth): authentication failure; logname= uid=0 euid=0 tty=ssh ruser= rhost=43.255.190.167  user=root
Apr 13 15:49:15 ovzhost sshd[989]: pam_unix(sshd:auth): authentication failure; logname= uid=0 euid=0 tty=ssh ruser= rhost=221.229.166.27  user=root
Apr 13 15:49:15 ovzhost sshd[987]: Failed password for root from 43.255.190.167 port 55471 ssh2
Apr 13 15:49:16 ovzhost sshd[989]: Failed password for root from 221.229.166.27 port 40934 ssh2
Apr 13 15:49:19 ovzhost sshd[987]: message repeated 2 times: [ Failed password for root from 43.255.190.167 port 55471 ssh2]
Apr 13 15:49:19 ovzhost sshd[987]: Received disconnect from 43.255.190.167: 11:  [preauth]
Apr 13 15:49:19 ovzhost sshd[987]: PAM 2 more authentication failures; logname= uid=0 euid=0 tty=ssh ruser= rhost=43.255.190.167  user=root
Apr 13 15:49:19 ovzhost sshd[991]: pam_unix(sshd:auth): authentication failure; logname= uid=0 euid=0 tty=ssh ruser= rhost=43.255.190.167  user=root
Apr 13 15:49:21 ovzhost sshd[989]: message repeated 2 times: [ Failed password for root from 221.229.166.27 port 40934 ssh2]
Apr 13 15:49:21 ovzhost sshd[989]: Received disconnect from 221.229.166.27: 11:  [preauth]
Apr 13 15:49:21 ovzhost sshd[989]: PAM 2 more authentication failures; logname= uid=0 euid=0 tty=ssh ruser= rhost=221.229.166.27  user=root
Apr 13 15:49:21 ovzhost sshd[991]: Failed password for root from 43.255.190.167 port 44158 ssh2
Apr 13 15:49:26 ovzhost sshd[991]: message repeated 2 times: [ Failed password for root from 43.255.190.167 port 44158 ssh2]
Apr 13 15:49:26 ovzhost sshd[991]: Received disconnect from 43.255.190.167: 11:  [preauth]
Apr 13 15:49:26 ovzhost sshd[991]: PAM 2 more authentication failures; logname= uid=0 euid=0 tty=ssh ruser= rhost=43.255.190.167  user=root
Apr 13 15:49:26 ovzhost sshd[993]: pam_unix(sshd:auth): authentication failure; logname= uid=0 euid=0 tty=ssh ruser= rhost=43.255.190.167  user=root
Apr 13 15:49:28 ovzhost sshd[993]: Failed password for root from 43.255.190.167 port 35115 ssh2
Apr 13 15:49:32 ovzhost sshd[993]: message repeated 2 times: [ Failed password for root from 43.255.190.167 port 35115 ssh2]
Apr 13 15:49:32 ovzhost sshd[993]: Received disconnect from 43.255.190.167: 11:  [preauth]
Apr 13 15:49:32 ovzhost sshd[993]: PAM 2 more authentication failures; logname= uid=0 euid=0 tty=ssh ruser= rhost=43.255.190.167  user=root
Apr 13 15:49:32 ovzhost sshd[995]: pam_unix(sshd:auth): authentication failure; logname= uid=0 euid=0 tty=ssh ruser= rhost=43.255.190.167  user=root
Apr 13 15:49:35 ovzhost sshd[995]: Failed password for root from 43.255.190.167 port 52339 ssh2
Apr 13 15:49:38 ovzhost sshd[995]: message repeated 2 times: [ Failed password for root from 43.255.190.167 port 52339 ssh2]
Apr 13 15:49:38 ovzhost sshd[995]: Received disconnect from 43.255.190.167: 11:  [preauth]
Apr 13 15:49:38 ovzhost sshd[995]: PAM 2 more authentication failures; logname= uid=0 euid=0 tty=ssh ruser= rhost=43.255.190.167  user=root
Apr 13 15:49:39 ovzhost sshd[998]: pam_unix(sshd:auth): authentication failure; logname= uid=0 euid=0 tty=ssh ruser= rhost=43.255.190.167  user=root
Apr 13 15:49:41 ovzhost sshd[998]: Failed password for root from 43.255.190.167 port 42120 ssh2
Apr 13 15:49:46 ovzhost sshd[998]: message repeated 2 times: [ Failed password for root from 43.255.190.167 port 42120 ssh2]
Apr 13 15:49:46 ovzhost sshd[998]: Received disconnect from 43.255.190.167: 11:  [preauth]
Apr 13 15:49:46 ovzhost sshd[998]: PAM 2 more authentication failures; logname= uid=0 euid=0 tty=ssh ruser= rhost=43.255.190.167  user=root
Apr 13 15:49:46 ovzhost sshd[1000]: pam_unix(sshd:auth): authentication failure; logname= uid=0 euid=0 tty=ssh ruser= rhost=43.255.190.167  user=root
Apr 13 15:49:48 ovzhost sshd[1000]: Failed password for root from 43.255.190.167 port 33381 ssh2
Apr 13 15:49:52 ovzhost sshd[1000]: message repeated 2 times: [ Failed password for root from 43.255.190.167 port 33381 ssh2]
Apr 13 15:49:52 ovzhost sshd[1000]: Received disconnect from 43.255.190.167: 11:  [preauth]
Apr 13 15:49:52 ovzhost sshd[1000]: PAM 2 more authentication failures; logname= uid=0 euid=0 tty=ssh ruser= rhost=43.255.190.167  user=root
Apr 13 15:49:53 ovzhost sshd[1002]: pam_unix(sshd:auth): authentication failure; logname= uid=0 euid=0 tty=ssh ruser= rhost=43.255.190.167  user=root
Apr 13 15:49:55 ovzhost sshd[1002]: Failed password for root from 43.255.190.167 port 52814 ssh2
Apr 13 15:50:00 ovzhost sshd[1002]: message repeated 2 times: [ Failed password for root from 43.255.190.167 port 52814 ssh2]
Apr 13 15:50:00 ovzhost sshd[1002]: Received disconnect from 43.255.190.167: 11:  [preauth]
Apr 13 15:50:00 ovzhost sshd[1002]: PAM 2 more authentication failures; logname= uid=0 euid=0 tty=ssh ruser= rhost=43.255.190.167  user=root
Apr 13 15:50:00 ovzhost sshd[1006]: pam_unix(sshd:auth): authentication failure; logname= uid=0 euid=0 tty=ssh ruser= rhost=43.255.190.167  user=root
Apr 13 15:50:02 ovzhost sshd[1006]: Failed password for root from 43.255.190.167 port 44701 ssh2
Apr 13 15:50:06 ovzhost sshd[1006]: message repeated 2 times: [ Failed password for root from 43.255.190.167 port 44701 ssh2]
Apr 13 15:50:06 ovzhost sshd[1006]: Received disconnect from 43.255.190.167: 11:  [preauth]
Apr 13 15:50:06 ovzhost sshd[1006]: PAM 2 more authentication failures; logname= uid=0 euid=0 tty=ssh ruser= rhost=43.255.190.167  user=root
Apr 13 15:50:07 ovzhost sshd[1008]: pam_unix(sshd:auth): authentication failure; logname= uid=0 euid=0 tty=ssh ruser= rhost=43.255.190.167  user=root
Apr 13 15:50:09 ovzhost sshd[1008]: Failed password for root from 43.255.190.167 port 34340 ssh2
Apr 13 15:50:12 ovzhost sshd[1008]: message repeated 2 times: [ Failed password for root from 43.255.190.167 port 34340 ssh2]
Apr 13 15:50:12 ovzhost sshd[1008]: Received disconnect from 43.255.190.167: 11:  [preauth]
Apr 13 15:50:12 ovzhost sshd[1008]: PAM 2 more authentication failures; logname= uid=0 euid=0 tty=ssh ruser= rhost=43.255.190.167  user=root
Apr 13 15:50:13 ovzhost sshd[1011]: pam_unix(sshd:auth): authentication failure; logname= uid=0 euid=0 tty=ssh ruser= rhost=43.255.190.167  user=root
Apr 13 15:50:15 ovzhost sshd[1011]: Failed password for root from 43.255.190.167 port 51975 ssh2
Apr 13 15:50:19 ovzhost sshd[1011]: message repeated 2 times: [ Failed password for root from 43.255.190.167 port 51975 ssh2]
Apr 13 15:50:19 ovzhost sshd[1011]: Received disconnect from 43.255.190.167: 11:  [preauth]
Apr 13 15:50:19 ovzhost sshd[1011]: PAM 2 more authentication failures; logname= uid=0 euid=0 tty=ssh ruser= rhost=43.255.190.167  user=root
Apr 13 15:50:20 ovzhost sshd[1013]: pam_unix(sshd:auth): authentication failure; logname= uid=0 euid=0 tty=ssh ruser= rhost=43.255.190.167  user=root
Apr 13 15:50:22 ovzhost sshd[1013]: Failed password for root from 43.255.190.167 port 41132 ssh2
Apr 13 15:50:26 ovzhost sshd[1013]: message repeated 2 times: [ Failed password for root from 43.255.190.167 port 41132 ssh2]
Apr 13 15:50:26 ovzhost sshd[1013]: Received disconnect from 43.255.190.167: 11:  [preauth]
Apr 13 15:50:26 ovzhost sshd[1013]: PAM 2 more authentication failures; logname= uid=0 euid=0 tty=ssh ruser= rhost=43.255.190.167  user=root
Apr 13 15:50:27 ovzhost sshd[1015]: pam_unix(sshd:auth): authentication failure; logname= uid=0 euid=0 tty=ssh ruser= rhost=43.255.190.167  user=root
Apr 13 15:50:28 ovzhost sshd[1015]: Failed password for root from 43.255.190.167 port 59256 ssh2
Apr 13 15:50:33 ovzhost sshd[1015]: message repeated 2 times: [ Failed password for root from 43.255.190.167 port 59256 ssh2]
Apr 13 15:50:33 ovzhost sshd[1015]: Received disconnect from 43.255.190.167: 11:  [preauth]
Apr 13 15:50:33 ovzhost sshd[1015]: PAM 2 more authentication failures; logname= uid=0 euid=0 tty=ssh ruser= rhost=43.255.190.167  user=root
Apr 13 15:50:33 ovzhost sshd[1017]: pam_unix(sshd:auth): authentication failure; logname= uid=0 euid=0 tty=ssh ruser= rhost=43.255.190.167  user=root
Apr 13 15:50:35 ovzhost sshd[1017]: Failed password for root from 43.255.190.167 port 48240 ssh2
Apr 13 15:50:40 ovzhost sshd[1017]: message repeated 2 times: [ Failed password for root from 43.255.190.167 port 48240 ssh2]
Apr 13 15:50:40 ovzhost sshd[1017]: Received disconnect from 43.255.190.167: 11:  [preauth]
Apr 13 15:50:40 ovzhost sshd[1017]: PAM 2 more authentication failures; logname= uid=0 euid=0 tty=ssh ruser= rhost=43.255.190.167  user=root
Apr 13 15:50:40 ovzhost sshd[1019]: pam_unix(sshd:auth): authentication failure; logname= uid=0 euid=0 tty=ssh ruser= rhost=43.255.190.167  user=root
Apr 13 15:50:40 ovzhost sshd[1022]: Connection closed by 128.8.37.120 [preauth]
Apr 13 15:50:42 ovzhost sshd[1019]: Failed password for root from 43.255.190.167 port 37593 ssh2
Apr 13 15:50:46 ovzhost sshd[1019]: message repeated 2 times: [ Failed password for root from 43.255.190.167 port 37593 ssh2]
Apr 13 15:50:46 ovzhost sshd[1019]: Received disconnect from 43.255.190.167: 11:  [preauth]
Apr 13 15:50:46 ovzhost sshd[1019]: PAM 2 more authentication failures; logname= uid=0 euid=0 tty=ssh ruser= rhost=43.255.190.167  user=root
Apr 13 15:50:47 ovzhost sshd[1024]: pam_unix(sshd:auth): authentication failure; logname= uid=0 euid=0 tty=ssh ruser= rhost=43.255.190.167  user=root
Apr 13 15:50:49 ovzhost sshd[1024]: Failed password for root from 43.255.190.167 port 53708 ssh2
Apr 13 15:50:54 ovzhost sshd[1024]: message repeated 2 times: [ Failed password for root from 43.255.190.167 port 53708 ssh2]
Apr 13 15:50:54 ovzhost sshd[1024]: Received disconnect from 43.255.190.167: 11:  [preauth]
Apr 13 15:50:54 ovzhost sshd[1024]: PAM 2 more authentication failures; logname= uid=0 euid=0 tty=ssh ruser= rhost=43.255.190.167  user=root
Apr 13 15:50:54 ovzhost sshd[1026]: pam_unix(sshd:auth): authentication failure; logname= uid=0 euid=0 tty=ssh ruser= rhost=43.255.190.167  user=root
Apr 13 15:50:57 ovzhost sshd[1026]: Failed password for root from 43.255.190.167 port 44143 ssh2
Apr 13 15:51:00 ovzhost sshd[1026]: message repeated 2 times: [ Failed password for root from 43.255.190.167 port 44143 ssh2]
Apr 13 15:51:00 ovzhost sshd[1026]: Received disconnect from 43.255.190.167: 11:  [preauth]
Apr 13 15:51:00 ovzhost sshd[1026]: PAM 2 more authentication failures; logname= uid=0 euid=0 tty=ssh ruser= rhost=43.255.190.167  user=root
Apr 13 15:51:01 ovzhost sshd[1028]: pam_unix(sshd:auth): authentication failure; logname= uid=0 euid=0 tty=ssh ruser= rhost=43.255.190.167  user=root
Apr 13 15:51:03 ovzhost sshd[1028]: Failed password for root from 43.255.190.167 port 60600 ssh2
Apr 13 15:51:07 ovzhost sshd[1028]: message repeated 2 times: [ Failed password for root from 43.255.190.167 port 60600 ssh2]
Apr 13 15:51:07 ovzhost sshd[1028]: Received disconnect from 43.255.190.167: 11:  [preauth]
Apr 13 15:51:07 ovzhost sshd[1028]: PAM 2 more authentication failures; logname= uid=0 euid=0 tty=ssh ruser= rhost=43.255.190.167  user=root
Apr 13 15:51:07 ovzhost sshd[1034]: pam_unix(sshd:auth): authentication failure; logname= uid=0 euid=0 tty=ssh ruser= rhost=43.255.190.167  user=root
Apr 13 15:51:10 ovzhost sshd[1034]: Failed password for root from 43.255.190.167 port 48493 ssh2
Apr 13 15:51:14 ovzhost sshd[1034]: message repeated 2 times: [ Failed password for root from 43.255.190.167 port 48493 ssh2]
Apr 13 15:51:14 ovzhost sshd[1034]: Received disconnect from 43.255.190.167: 11:  [preauth]
Apr 13 15:51:14 ovzhost sshd[1034]: PAM 2 more authentication failures; logname= uid=0 euid=0 tty=ssh ruser= rhost=43.255.190.167  user=root
Apr 13 15:51:15 ovzhost sshd[1036]: pam_unix(sshd:auth): authentication failure; logname= uid=0 euid=0 tty=ssh ruser= rhost=43.255.190.167  user=root
Apr 13 15:51:17 ovzhost sshd[1036]: Failed password for root from 43.255.190.167 port 37179 ssh2
Apr 13 15:51:21 ovzhost sshd[1036]: message repeated 2 times: [ Failed password for root from 43.255.190.167 port 37179 ssh2]
Apr 13 15:51:21 ovzhost sshd[1036]: Received disconnect from 43.255.190.167: 11:  [preauth]
Apr 13 15:51:21 ovzhost sshd[1036]: PAM 2 more authentication failures; logname= uid=0 euid=0 tty=ssh ruser= rhost=43.255.190.167  user=root
Apr 13 15:51:22 ovzhost sshd[1038]: pam_unix(sshd:auth): authentication failure; logname= uid=0 euid=0 tty=ssh ruser= rhost=43.255.190.167  user=root
Apr 13 15:51:24 ovzhost sshd[1038]: Failed password for root from 43.255.190.167 port 53981 ssh2
Apr 13 15:51:28 ovzhost sshd[1038]: message repeated 2 times: [ Failed password for root from 43.255.190.167 port 53981 ssh2]
Apr 13 15:51:29 ovzhost sshd[1038]: Received disconnect from 43.255.190.167: 11:  [preauth]
Apr 13 15:51:29 ovzhost sshd[1038]: PAM 2 more authentication failures; logname= uid=0 euid=0 tty=ssh ruser= rhost=43.255.190.167  user=root
Apr 13 15:51:29 ovzhost sshd[1040]: pam_unix(sshd:auth): authentication failure; logname= uid=0 euid=0 tty=ssh ruser= rhost=43.255.190.167  user=root
Apr 13 15:51:31 ovzhost sshd[1040]: Failed password for root from 43.255.190.167 port 43746 ssh2
Apr 13 15:51:32 ovzhost sshd[1043]: Connection closed by 127.0.0.1 [preauth]
Apr 13 15:51:36 ovzhost sshd[1040]: message repeated 2 times: [ Failed password for root from 43.255.190.167 port 43746 ssh2]
Apr 13 15:51:36 ovzhost sshd[1040]: Received disconnect from 43.255.190.167: 11:  [preauth]
Apr 13 15:51:36 ovzhost sshd[1040]: PAM 2 more authentication failures; logname= uid=0 euid=0 tty=ssh ruser= rhost=43.255.190.167  user=root
Apr 13 15:51:36 ovzhost sshd[1045]: pam_unix(sshd:auth): authentication failure; logname= uid=0 euid=0 tty=ssh ruser= rhost=43.255.190.167  user=root
Apr 13 15:51:38 ovzhost sshd[1045]: Failed password for root from 43.255.190.167 port 33042 ssh2
Apr 13 15:51:42 ovzhost sshd[1045]: message repeated 2 times: [ Failed password for root from 43.255.190.167 port 33042 ssh2]
Apr 13 15:51:42 ovzhost sshd[1045]: Received disconnect from 43.255.190.167: 11:  [preauth]
Apr 13 15:51:42 ovzhost sshd[1045]: PAM 2 more authentication failures; logname= uid=0 euid=0 tty=ssh ruser= rhost=43.255.190.167  user=root
Apr 13 15:51:43 ovzhost sshd[1049]: pam_unix(sshd:auth): authentication failure; logname= uid=0 euid=0 tty=ssh ruser= rhost=43.255.190.167  user=root
Apr 13 15:51:45 ovzhost sshd[1049]: Failed password for root from 43.255.190.167 port 47667 ssh2
Apr 13 15:51:49 ovzhost sshd[1049]: message repeated 2 times: [ Failed password for root from 43.255.190.167 port 47667 ssh2]
Apr 13 15:51:49 ovzhost sshd[1049]: Received disconnect from 43.255.190.167: 11:  [preauth]
Apr 13 15:51:49 ovzhost sshd[1049]: PAM 2 more authentication failures; logname= uid=0 euid=0 tty=ssh ruser= rhost=43.255.190.167  user=root
Apr 13 15:51:50 ovzhost sshd[1051]: pam_unix(sshd:auth): authentication failure; logname= uid=0 euid=0 tty=ssh ruser= rhost=43.255.190.167  user=root
Apr 13 15:51:52 ovzhost sshd[1051]: Failed password for root from 43.255.190.167 port 36673 ssh2
Apr 13 15:51:56 ovzhost sshd[1051]: message repeated 2 times: [ Failed password for root from 43.255.190.167 port 36673 ssh2]
Apr 13 15:51:56 ovzhost sshd[1051]: Received disconnect from 43.255.190.167: 11:  [preauth]
Apr 13 15:51:56 ovzhost sshd[1051]: PAM 2 more authentication failures; logname= uid=0 euid=0 tty=ssh ruser= rhost=43.255.190.167  user=root
Apr 13 15:51:57 ovzhost sshd[1053]: pam_unix(sshd:auth): authentication failure; logname= uid=0 euid=0 tty=ssh ruser= rhost=43.255.190.167  user=root
Apr 13 15:51:59 ovzhost sshd[1053]: Failed password for root from 43.255.190.167 port 53589 ssh2
Apr 13 15:52:03 ovzhost sshd[1053]: message repeated 2 times: [ Failed password for root from 43.255.190.167 port 53589 ssh2]
Apr 13 15:52:03 ovzhost sshd[1053]: Received disconnect from 43.255.190.167: 11:  [preauth]
