Apr 13 15:52:03 ovzhost sshd[1053]: PAM 2 more authentication failures; logname= uid=0 euid=0 tty=ssh ruser= rhost=43.255.190.167  user=root
Apr 13 15:52:04 ovzhost sshd[1055]: pam_unix(sshd:auth): authentication failure; logname= uid=0 euid=0 tty=ssh ruser= rhost=43.255.190.167  user=root
Apr 13 15:52:06 ovzhost sshd[1055]: Failed password for root from 43.255.190.167 port 42085 ssh2
Apr 13 15:52:10 ovzhost sshd[1055]: message repeated 2 times: [ Failed password for root from 43.255.190.167 port 42085 ssh2]
Apr 13 15:52:10 ovzhost sshd[1055]: Received disconnect from 43.255.190.167: 11:  [preauth]
Apr 13 15:52:10 ovzhost sshd[1055]: PAM 2 more authentication failures; logname= uid=0 euid=0 tty=ssh ruser= rhost=43.255.190.167  user=root
Apr 13 15:52:11 ovzhost sshd[1058]: pam_unix(sshd:auth): authentication failure; logname= uid=0 euid=0 tty=ssh ruser= rhost=43.255.190.167  user=root
Apr 13 15:52:13 ovzhost sshd[1058]: Failed password for root from 43.255.190.167 port 60130 ssh2
Apr 13 15:52:17 ovzhost sshd[1058]: message repeated 2 times: [ Failed password for root from 43.255.190.167 port 60130 ssh2]
Apr 13 15:52:17 ovzhost sshd[1058]: Received disconnect from 43.255.190.167: 11:  [preauth]
Apr 13 15:52:17 ovzhost sshd[1058]: PAM 2 more authentication failures; logname= uid=0 euid=0 tty=ssh ruser= rhost=43.255.190.167  user=root
Apr 13 15:52:17 ovzhost sshd[1060]: pam_unix(sshd:auth): authentication failure; logname= uid=0 euid=0 tty=ssh ruser= rhost=43.255.190.167  user=root
Apr 13 15:52:20 ovzhost sshd[1060]: Failed password for root from 43.255.190.167 port 48139 ssh2
Apr 13 15:52:24 ovzhost sshd[1060]: message repeated 2 times: [ Failed password for root from 43.255.190.167 port 48139 ssh2]
Apr 13 15:52:24 ovzhost sshd[1060]: Received disconnect from 43.255.190.167: 11:  [preauth]
Apr 13 15:52:24 ovzhost sshd[1060]: PAM 2 more authentication failures; logname= uid=0 euid=0 tty=ssh ruser= rhost=43.255.190.167  user=root
Apr 13 15:52:25 ovzhost sshd[1062]: pam_unix(sshd:auth): authentication failure; logname= uid=0 euid=0 tty=ssh ruser= rhost=43.255.190.167  user=root
Apr 13 15:52:27 ovzhost sshd[1062]: Failed password for root from 43.255.190.167 port 37917 ssh2
Apr 13 15:52:30 ovzhost sshd[1062]: message repeated 2 times: [ Failed password for root from 43.255.190.167 port 37917 ssh2]
Apr 13 15:52:30 ovzhost sshd[1062]: Received disconnect from 43.255.190.167: 11:  [preauth]
Apr 13 15:52:30 ovzhost sshd[1062]: PAM 2 more authentication failures; logname= uid=0 euid=0 tty=ssh ruser= rhost=43.255.190.167  user=root
Apr 13 15:52:30 ovzhost sshd[1064]: pam_unix(sshd:auth): authentication failure; logname= uid=0 euid=0 tty=ssh ruser= rhost=43.255.190.167  user=root
Apr 13 15:52:33 ovzhost sshd[1064]: Failed password for root from 43.255.190.167 port 52421 ssh2
Apr 13 15:52:37 ovzhost sshd[1064]: message repeated 2 times: [ Failed password for root from 43.255.190.167 port 52421 ssh2]
Apr 13 15:52:37 ovzhost sshd[1064]: Received disconnect from 43.255.190.167: 11:  [preauth]
Apr 13 15:52:37 ovzhost sshd[1064]: PAM 2 more authentication failures; logname= uid=0 euid=0 tty=ssh ruser= rhost=43.255.190.167  user=root
Apr 13 15:52:38 ovzhost sshd[1066]: pam_unix(sshd:auth): authentication failure; logname= uid=0 euid=0 tty=ssh ruser= rhost=43.255.190.167  user=root
Apr 13 15:52:40 ovzhost sshd[1066]: Failed password for root from 43.255.190.167 port 41369 ssh2
Apr 13 15:52:45 ovzhost sshd[1066]: message repeated 2 times: [ Failed password for root from 43.255.190.167 port 41369 ssh2]
Apr 13 15:52:45 ovzhost sshd[1066]: Received disconnect from 43.255.190.167: 11:  [preauth]
Apr 13 15:52:45 ovzhost sshd[1066]: PAM 2 more authentication failures; logname= uid=0 euid=0 tty=ssh ruser= rhost=43.255.190.167  user=root
Apr 13 15:52:45 ovzhost sshd[1068]: pam_unix(sshd:auth): authentication failure; logname= uid=0 euid=0 tty=ssh ruser= rhost=43.255.190.167  user=root
Apr 13 15:52:47 ovzhost sshd[1068]: Failed password for root from 43.255.190.167 port 60001 ssh2
Apr 13 15:52:51 ovzhost sshd[1068]: message repeated 2 times: [ Failed password for root from 43.255.190.167 port 60001 ssh2]
Apr 13 15:52:51 ovzhost sshd[1068]: Received disconnect from 43.255.190.167: 11:  [preauth]
Apr 13 15:52:51 ovzhost sshd[1068]: PAM 2 more authentication failures; logname= uid=0 euid=0 tty=ssh ruser= rhost=43.255.190.167  user=root
Apr 13 15:52:52 ovzhost sshd[1070]: pam_unix(sshd:auth): authentication failure; logname= uid=0 euid=0 tty=ssh ruser= rhost=43.255.190.167  user=root
Apr 13 15:52:54 ovzhost sshd[1070]: Failed password for root from 43.255.190.167 port 48410 ssh2
Apr 13 15:52:59 ovzhost sshd[1070]: message repeated 2 times: [ Failed password for root from 43.255.190.167 port 48410 ssh2]
Apr 13 15:52:59 ovzhost sshd[1070]: Received disconnect from 43.255.190.167: 11:  [preauth]
Apr 13 15:52:59 ovzhost sshd[1070]: PAM 2 more authentication failures; logname= uid=0 euid=0 tty=ssh ruser= rhost=43.255.190.167  user=root
Apr 13 15:53:00 ovzhost sshd[1072]: pam_unix(sshd:auth): authentication failure; logname= uid=0 euid=0 tty=ssh ruser= rhost=43.255.190.167  user=root
Apr 13 15:53:01 ovzhost sshd[1072]: Failed password for root from 43.255.190.167 port 39184 ssh2
Apr 13 15:53:05 ovzhost sshd[1072]: message repeated 2 times: [ Failed password for root from 43.255.190.167 port 39184 ssh2]
Apr 13 15:53:05 ovzhost sshd[1072]: Received disconnect from 43.255.190.167: 11:  [preauth]
Apr 13 15:53:05 ovzhost sshd[1072]: PAM 2 more authentication failures; logname= uid=0 euid=0 tty=ssh ruser= rhost=43.255.190.167  user=root
Apr 13 15:53:06 ovzhost sshd[1074]: pam_unix(sshd:auth): authentication failure; logname= uid=0 euid=0 tty=ssh ruser= rhost=43.255.190.167  user=root
Apr 13 15:53:08 ovzhost sshd[1074]: Failed password for root from 43.255.190.167 port 53798 ssh2
Apr 13 15:53:12 ovzhost sshd[1074]: message repeated 2 times: [ Failed password for root from 43.255.190.167 port 53798 ssh2]
Apr 13 15:53:12 ovzhost sshd[1074]: Received disconnect from 43.255.190.167: 11:  [preauth]
Apr 13 15:53:12 ovzhost sshd[1074]: PAM 2 more authentication failures; logname= uid=0 euid=0 tty=ssh ruser= rhost=43.255.190.167  user=root
Apr 13 15:53:13 ovzhost sshd[1077]: pam_unix(sshd:auth): authentication failure; logname= uid=0 euid=0 tty=ssh ruser= rhost=43.255.190.167  user=root
Apr 13 15:53:15 ovzhost sshd[1077]: Failed password for root from 43.255.190.167 port 43790 ssh2
Apr 13 15:53:19 ovzhost sshd[1077]: message repeated 2 times: [ Failed password for root from 43.255.190.167 port 43790 ssh2]
Apr 13 15:53:19 ovzhost sshd[1077]: Received disconnect from 43.255.190.167: 11:  [preauth]
Apr 13 15:53:19 ovzhost sshd[1077]: PAM 2 more authentication failures; logname= uid=0 euid=0 tty=ssh ruser= rhost=43.255.190.167  user=root
Apr 13 15:53:19 ovzhost sshd[1082]: pam_unix(sshd:auth): authentication failure; logname= uid=0 euid=0 tty=ssh ruser= rhost=43.255.190.167  user=root
Apr 13 15:53:22 ovzhost sshd[1082]: Failed password for root from 43.255.190.167 port 33243 ssh2
Apr 13 15:53:25 ovzhost sshd[1082]: message repeated 2 times: [ Failed password for root from 43.255.190.167 port 33243 ssh2]
Apr 13 15:53:25 ovzhost sshd[1082]: Received disconnect from 43.255.190.167: 11:  [preauth]
Apr 13 15:53:25 ovzhost sshd[1082]: PAM 2 more authentication failures; logname= uid=0 euid=0 tty=ssh ruser= rhost=43.255.190.167  user=root
Apr 13 15:53:26 ovzhost sshd[1084]: pam_unix(sshd:auth): authentication failure; logname= uid=0 euid=0 tty=ssh ruser= rhost=43.255.190.167  user=root
Apr 13 15:53:28 ovzhost sshd[1084]: Failed password for root from 43.255.190.167 port 50141 ssh2
Apr 13 15:53:32 ovzhost sshd[1084]: message repeated 2 times: [ Failed password for root from 43.255.190.167 port 50141 ssh2]
Apr 13 15:53:32 ovzhost sshd[1084]: Received disconnect from 43.255.190.167: 11:  [preauth]
Apr 13 15:53:32 ovzhost sshd[1084]: PAM 2 more authentication failures; logname= uid=0 euid=0 tty=ssh ruser= rhost=43.255.190.167  user=root
Apr 13 15:53:33 ovzhost sshd[1086]: pam_unix(sshd:auth): authentication failure; logname= uid=0 euid=0 tty=ssh ruser= rhost=43.255.190.167  user=root
Apr 13 15:53:34 ovzhost sshd[1086]: Failed password for root from 43.255.190.167 port 38138 ssh2
Apr 13 15:53:38 ovzhost sshd[1086]: message repeated 2 times: [ Failed password for root from 43.255.190.167 port 38138 ssh2]
Apr 13 15:53:38 ovzhost sshd[1086]: Received disconnect from 43.255.190.167: 11:  [preauth]
Apr 13 15:53:38 ovzhost sshd[1086]: PAM 2 more authentication failures; logname= uid=0 euid=0 tty=ssh ruser= rhost=43.255.190.167  user=root
Apr 13 15:53:39 ovzhost sshd[1088]: pam_unix(sshd:auth): authentication failure; logname= uid=0 euid=0 tty=ssh ruser= rhost=43.255.190.167  user=root
Apr 13 15:53:40 ovzhost sshd[1088]: Failed password for root from 43.255.190.167 port 52916 ssh2
Apr 13 15:53:44 ovzhost sshd[1088]: message repeated 2 times: [ Failed password for root from 43.255.190.167 port 52916 ssh2]
Apr 13 15:53:44 ovzhost sshd[1088]: Received disconnect from 43.255.190.167: 11:  [preauth]
Apr 13 15:53:44 ovzhost sshd[1088]: PAM 2 more authentication failures; logname= uid=0 euid=0 tty=ssh ruser= rhost=43.255.190.167  user=root
Apr 13 15:56:32 ovzhost sshd[1100]: Connection closed by 127.0.0.1 [preauth]
Apr 13 16:00:01 ovzhost CRON[1117]: pam_env(cron:session): Unable to open env file: /etc/default/locale: No such file or directory
Apr 13 16:00:01 ovzhost CRON[1117]: pam_unix(cron:session): session opened for user smmsp by (uid=0)
Apr 13 16:00:01 ovzhost CRON[1117]: pam_unix(cron:session): session closed for user smmsp
Apr 13 16:00:40 ovzhost sshd[1145]: Connection closed by 128.8.37.120 [preauth]
Apr 13 16:01:32 ovzhost sshd[1152]: Connection closed by 127.0.0.1 [preauth]
Apr 13 16:06:32 ovzhost sshd[1171]: Connection closed by 127.0.0.1 [preauth]
Apr 13 16:09:01 ovzhost CRON[1184]: pam_env(cron:session): Unable to open env file: /etc/default/locale: No such file or directory
Apr 13 16:09:01 ovzhost CRON[1183]: pam_env(cron:session): Unable to open env file: /etc/default/locale: No such file or directory
Apr 13 16:09:01 ovzhost CRON[1183]: pam_unix(cron:session): session opened for user root by (uid=0)
Apr 13 16:09:01 ovzhost CRON[1184]: pam_unix(cron:session): session opened for user root by (uid=0)
Apr 13 16:09:01 ovzhost CRON[1183]: pam_unix(cron:session): session closed for user root
Apr 13 16:09:01 ovzhost CRON[1184]: pam_unix(cron:session): session closed for user root
Apr 13 16:09:07 ovzhost sshd[1197]: Invalid user Bobo from 61.147.107.109
Apr 13 16:09:07 ovzhost sshd[1197]: input_userauth_request: invalid user Bobo [preauth]
Apr 13 16:09:07 ovzhost sshd[1197]: pam_unix(sshd:auth): check pass; user unknown
Apr 13 16:09:07 ovzhost sshd[1197]: pam_unix(sshd:auth): authentication failure; logname= uid=0 euid=0 tty=ssh ruser= rhost=61.147.107.109 
Apr 13 16:09:09 ovzhost sshd[1197]: Failed password for invalid user Bobo from 61.147.107.109 port 32953 ssh2
Apr 13 16:09:09 ovzhost sshd[1197]: Received disconnect from 61.147.107.109: 11: Normal Shutdown, Thank you for playing [preauth]
Apr 13 16:09:12 ovzhost sshd[1201]: Invalid user NpC from 61.147.107.109
Apr 13 16:09:12 ovzhost sshd[1201]: input_userauth_request: invalid user NpC [preauth]
Apr 13 16:09:12 ovzhost sshd[1201]: pam_unix(sshd:auth): check pass; user unknown
Apr 13 16:09:12 ovzhost sshd[1201]: pam_unix(sshd:auth): authentication failure; logname= uid=0 euid=0 tty=ssh ruser= rhost=61.147.107.109 
Apr 13 16:09:13 ovzhost sshd[1201]: Failed password for invalid user NpC from 61.147.107.109 port 34020 ssh2
Apr 13 16:09:14 ovzhost sshd[1201]: Received disconnect from 61.147.107.109: 11: Normal Shutdown, Thank you for playing [preauth]
Apr 13 16:09:16 ovzhost sshd[1203]: Invalid user PlcmSpIp from 61.147.107.109
Apr 13 16:09:16 ovzhost sshd[1203]: input_userauth_request: invalid user PlcmSpIp [preauth]
Apr 13 16:09:16 ovzhost sshd[1203]: pam_unix(sshd:auth): check pass; user unknown
Apr 13 16:09:16 ovzhost sshd[1203]: pam_unix(sshd:auth): authentication failure; logname= uid=0 euid=0 tty=ssh ruser= rhost=61.147.107.109 
Apr 13 16:09:18 ovzhost sshd[1203]: Failed password for invalid user PlcmSpIp from 61.147.107.109 port 35045 ssh2
Apr 13 16:09:19 ovzhost sshd[1203]: Received disconnect from 61.147.107.109: 11: Normal Shutdown, Thank you for playing [preauth]
Apr 13 16:09:22 ovzhost sshd[1205]: Invalid user Sorin from 61.147.107.109
Apr 13 16:09:22 ovzhost sshd[1205]: input_userauth_request: invalid user Sorin [preauth]
Apr 13 16:09:22 ovzhost sshd[1205]: pam_unix(sshd:auth): check pass; user unknown
Apr 13 16:09:22 ovzhost sshd[1205]: pam_unix(sshd:auth): authentication failure; logname= uid=0 euid=0 tty=ssh ruser= rhost=61.147.107.109 
Apr 13 16:09:23 ovzhost sshd[1207]: pam_unix(sshd:auth): authentication failure; logname= uid=0 euid=0 tty=ssh ruser= rhost=43.255.190.188  user=root
Apr 13 16:09:24 ovzhost sshd[1205]: Failed password for invalid user Sorin from 61.147.107.109 port 36243 ssh2
Apr 13 16:09:24 ovzhost sshd[1205]: Received disconnect from 61.147.107.109: 11: Normal Shutdown, Thank you for playing [preauth]
Apr 13 16:09:25 ovzhost sshd[1207]: Failed password for root from 43.255.190.188 port 36802 ssh2
Apr 13 16:09:26 ovzhost sshd[1209]: Invalid user a2270304 from 61.147.107.109
Apr 13 16:09:26 ovzhost sshd[1209]: input_userauth_request: invalid user a2270304 [preauth]
Apr 13 16:09:26 ovzhost sshd[1209]: pam_unix(sshd:auth): check pass; user unknown
Apr 13 16:09:26 ovzhost sshd[1209]: pam_unix(sshd:auth): authentication failure; logname= uid=0 euid=0 tty=ssh ruser= rhost=61.147.107.109 
Apr 13 16:09:29 ovzhost sshd[1209]: Failed password for invalid user a2270304 from 61.147.107.109 port 37534 ssh2
Apr 13 16:09:29 ovzhost sshd[1209]: Received disconnect from 61.147.107.109: 11: Normal Shutdown, Thank you for playing [preauth]
Apr 13 16:09:30 ovzhost sshd[1207]: message repeated 2 times: [ Failed password for root from 43.255.190.188 port 36802 ssh2]
Apr 13 16:09:30 ovzhost sshd[1207]: Received disconnect from 43.255.190.188: 11:  [preauth]
Apr 13 16:09:30 ovzhost sshd[1207]: PAM 2 more authentication failures; logname= uid=0 euid=0 tty=ssh ruser= rhost=43.255.190.188  user=root
Apr 13 16:09:30 ovzhost sshd[1211]: pam_unix(sshd:auth): authentication failure; logname= uid=0 euid=0 tty=ssh ruser= rhost=43.255.190.188  user=root
Apr 13 16:09:31 ovzhost sshd[1213]: Invalid user abhay from 61.147.107.109
Apr 13 16:09:31 ovzhost sshd[1213]: input_userauth_request: invalid user abhay [preauth]
Apr 13 16:09:31 ovzhost sshd[1213]: pam_unix(sshd:auth): check pass; user unknown
Apr 13 16:09:31 ovzhost sshd[1213]: pam_unix(sshd:auth): authentication failure; logname= uid=0 euid=0 tty=ssh ruser= rhost=61.147.107.109 
Apr 13 16:09:32 ovzhost sshd[1211]: Failed password for root from 43.255.190.188 port 53098 ssh2
Apr 13 16:09:33 ovzhost sshd[1213]: Failed password for invalid user abhay from 61.147.107.109 port 38694 ssh2
Apr 13 16:09:33 ovzhost sshd[1213]: Received disconnect from 61.147.107.109: 11: Normal Shutdown, Thank you for playing [preauth]
Apr 13 16:09:36 ovzhost sshd[1215]: Invalid user abhay from 61.147.107.109
Apr 13 16:09:36 ovzhost sshd[1215]: input_userauth_request: invalid user abhay [preauth]
Apr 13 16:09:36 ovzhost sshd[1215]: pam_unix(sshd:auth): check pass; user unknown
Apr 13 16:09:36 ovzhost sshd[1215]: pam_unix(sshd:auth): authentication failure; logname= uid=0 euid=0 tty=ssh ruser= rhost=61.147.107.109 
Apr 13 16:09:37 ovzhost sshd[1211]: message repeated 2 times: [ Failed password for root from 43.255.190.188 port 53098 ssh2]
Apr 13 16:09:37 ovzhost sshd[1211]: Received disconnect from 43.255.190.188: 11:  [preauth]
Apr 13 16:09:37 ovzhost sshd[1211]: PAM 2 more authentication failures; logname= uid=0 euid=0 tty=ssh ruser= rhost=43.255.190.188  user=root
Apr 13 16:09:37 ovzhost sshd[1215]: Failed password for invalid user abhay from 61.147.107.109 port 39720 ssh2
Apr 13 16:09:38 ovzhost sshd[1215]: Received disconnect from 61.147.107.109: 11: Normal Shutdown, Thank you for playing [preauth]
Apr 13 16:09:38 ovzhost sshd[1217]: pam_unix(sshd:auth): authentication failure; logname= uid=0 euid=0 tty=ssh ruser= rhost=43.255.190.188  user=root
Apr 13 16:09:40 ovzhost sshd[1220]: Invalid user academic from 61.147.107.109
Apr 13 16:09:40 ovzhost sshd[1220]: input_userauth_request: invalid user academic [preauth]
Apr 13 16:09:40 ovzhost sshd[1220]: pam_unix(sshd:auth): check pass; user unknown
Apr 13 16:09:40 ovzhost sshd[1220]: pam_unix(sshd:auth): authentication failure; logname= uid=0 euid=0 tty=ssh ruser= rhost=61.147.107.109 
Apr 13 16:09:40 ovzhost sshd[1217]: Failed password for root from 43.255.190.188 port 42129 ssh2
Apr 13 16:09:42 ovzhost sshd[1220]: Failed password for invalid user academic from 61.147.107.109 port 40786 ssh2
Apr 13 16:09:42 ovzhost sshd[1220]: Received disconnect from 61.147.107.109: 11: Normal Shutdown, Thank you for playing [preauth]
Apr 13 16:09:44 ovzhost sshd[1217]: message repeated 2 times: [ Failed password for root from 43.255.190.188 port 42129 ssh2]
Apr 13 16:09:44 ovzhost sshd[1217]: Received disconnect from 43.255.190.188: 11:  [preauth]
Apr 13 16:09:44 ovzhost sshd[1217]: PAM 2 more authentication failures; logname= uid=0 euid=0 tty=ssh ruser= rhost=43.255.190.188  user=root
Apr 13 16:09:44 ovzhost sshd[1222]: Invalid user accounts from 61.147.107.109
Apr 13 16:09:44 ovzhost sshd[1222]: input_userauth_request: invalid user accounts [preauth]
Apr 13 16:09:44 ovzhost sshd[1222]: pam_unix(sshd:auth): check pass; user unknown
Apr 13 16:09:44 ovzhost sshd[1222]: pam_unix(sshd:auth): authentication failure; logname= uid=0 euid=0 tty=ssh ruser= rhost=61.147.107.109 
Apr 13 16:09:44 ovzhost sshd[1224]: pam_unix(sshd:auth): authentication failure; logname= uid=0 euid=0 tty=ssh ruser= rhost=43.255.190.188  user=root
Apr 13 16:09:47 ovzhost sshd[1222]: Failed password for invalid user accounts from 61.147.107.109 port 42423 ssh2
Apr 13 16:09:47 ovzhost sshd[1224]: Failed password for root from 43.255.190.188 port 58664 ssh2
Apr 13 16:09:47 ovzhost sshd[1222]: Received disconnect from 61.147.107.109: 11: Normal Shutdown, Thank you for playing [preauth]
Apr 13 16:09:49 ovzhost sshd[1226]: Invalid user acelife from 61.147.107.109
Apr 13 16:09:49 ovzhost sshd[1226]: input_userauth_request: invalid user acelife [preauth]
Apr 13 16:09:49 ovzhost sshd[1226]: pam_unix(sshd:auth): check pass; user unknown
Apr 13 16:09:49 ovzhost sshd[1226]: pam_unix(sshd:auth): authentication failure; logname= uid=0 euid=0 tty=ssh ruser= rhost=61.147.107.109 
Apr 13 16:09:51 ovzhost sshd[1224]: message repeated 2 times: [ Failed password for root from 43.255.190.188 port 58664 ssh2]
Apr 13 16:09:51 ovzhost sshd[1224]: Received disconnect from 43.255.190.188: 11:  [preauth]
Apr 13 16:09:51 ovzhost sshd[1224]: PAM 2 more authentication failures; logname= uid=0 euid=0 tty=ssh ruser= rhost=43.255.190.188  user=root
Apr 13 16:09:51 ovzhost sshd[1226]: Failed password for invalid user acelife from 61.147.107.109 port 1843 ssh2
Apr 13 16:09:51 ovzhost sshd[1226]: Received disconnect from 61.147.107.109: 11: Normal Shutdown, Thank you for playing [preauth]
Apr 13 16:09:52 ovzhost sshd[1228]: pam_unix(sshd:auth): authentication failure; logname= uid=0 euid=0 tty=ssh ruser= rhost=43.255.190.188  user=root
Apr 13 16:09:54 ovzhost sshd[1230]: Invalid user adam from 61.147.107.109
Apr 13 16:09:54 ovzhost sshd[1230]: input_userauth_request: invalid user adam [preauth]
Apr 13 16:09:54 ovzhost sshd[1230]: pam_unix(sshd:auth): check pass; user unknown
Apr 13 16:09:54 ovzhost sshd[1230]: pam_unix(sshd:auth): authentication failure; logname= uid=0 euid=0 tty=ssh ruser= rhost=61.147.107.109 
Apr 13 16:09:54 ovzhost sshd[1228]: Failed password for root from 43.255.190.188 port 46692 ssh2
Apr 13 16:09:56 ovzhost sshd[1230]: Failed password for invalid user adam from 61.147.107.109 port 2793 ssh2
Apr 13 16:09:56 ovzhost sshd[1230]: Received disconnect from 61.147.107.109: 11: Normal Shutdown, Thank you for playing [preauth]
Apr 13 16:09:59 ovzhost sshd[1232]: Invalid user adele from 61.147.107.109
Apr 13 16:09:59 ovzhost sshd[1232]: input_userauth_request: invalid user adele [preauth]
Apr 13 16:09:59 ovzhost sshd[1232]: pam_unix(sshd:auth): check pass; user unknown
Apr 13 16:09:59 ovzhost sshd[1232]: pam_unix(sshd:auth): authentication failure; logname= uid=0 euid=0 tty=ssh ruser= rhost=61.147.107.109 
Apr 13 16:09:59 ovzhost sshd[1228]: message repeated 2 times: [ Failed password for root from 43.255.190.188 port 46692 ssh2]
Apr 13 16:09:59 ovzhost sshd[1228]: Received disconnect from 43.255.190.188: 11:  [preauth]
Apr 13 16:09:59 ovzhost sshd[1228]: PAM 2 more authentication failures; logname= uid=0 euid=0 tty=ssh ruser= rhost=43.255.190.188  user=root
Apr 13 16:10:00 ovzhost sshd[1236]: pam_unix(sshd:auth): authentication failure; logname= uid=0 euid=0 tty=ssh ruser= rhost=43.255.190.188  user=root
Apr 13 16:10:00 ovzhost sshd[1232]: Failed password for invalid user adele from 61.147.107.109 port 3841 ssh2
Apr 13 16:10:00 ovzhost sshd[1232]: Received disconnect from 61.147.107.109: 11: Normal Shutdown, Thank you for playing [preauth]
Apr 13 16:10:01 ovzhost sshd[1236]: Failed password for root from 43.255.190.188 port 38306 ssh2
Apr 13 16:10:03 ovzhost sshd[1238]: Invalid user afairfax from 61.147.107.109
Apr 13 16:10:03 ovzhost sshd[1238]: input_userauth_request: invalid user afairfax [preauth]
Apr 13 16:10:03 ovzhost sshd[1238]: pam_unix(sshd:auth): check pass; user unknown
Apr 13 16:10:03 ovzhost sshd[1238]: pam_unix(sshd:auth): authentication failure; logname= uid=0 euid=0 tty=ssh ruser= rhost=61.147.107.109 
Apr 13 16:10:05 ovzhost sshd[1238]: Failed password for invalid user afairfax from 61.147.107.109 port 4766 ssh2
Apr 13 16:10:05 ovzhost sshd[1238]: Received disconnect from 61.147.107.109: 11: Normal Shutdown, Thank you for playing [preauth]
Apr 13 16:10:06 ovzhost sshd[1236]: message repeated 2 times: [ Failed password for root from 43.255.190.188 port 38306 ssh2]
Apr 13 16:10:06 ovzhost sshd[1236]: Received disconnect from 43.255.190.188: 11:  [preauth]
Apr 13 16:10:06 ovzhost sshd[1236]: PAM 2 more authentication failures; logname= uid=0 euid=0 tty=ssh ruser= rhost=43.255.190.188  user=root
Apr 13 16:10:07 ovzhost sshd[1242]: pam_unix(sshd:auth): authentication failure; logname= uid=0 euid=0 tty=ssh ruser= rhost=43.255.190.188  user=root
Apr 13 16:10:07 ovzhost sshd[1240]: Invalid user agoetz from 61.147.107.109
Apr 13 16:10:07 ovzhost sshd[1240]: input_userauth_request: invalid user agoetz [preauth]
Apr 13 16:10:07 ovzhost sshd[1240]: pam_unix(sshd:auth): check pass; user unknown
Apr 13 16:10:07 ovzhost sshd[1240]: pam_unix(sshd:auth): authentication failure; logname= uid=0 euid=0 tty=ssh ruser= rhost=61.147.107.109 
Apr 13 16:10:09 ovzhost sshd[1242]: Failed password for root from 43.255.190.188 port 56015 ssh2
Apr 13 16:10:09 ovzhost sshd[1240]: Failed password for invalid user agoetz from 61.147.107.109 port 5747 ssh2
Apr 13 16:10:10 ovzhost sshd[1240]: Received disconnect from 61.147.107.109: 11: Normal Shutdown, Thank you for playing [preauth]
Apr 13 16:10:12 ovzhost sshd[1245]: Invalid user ahmed from 61.147.107.109
Apr 13 16:10:12 ovzhost sshd[1245]: input_userauth_request: invalid user ahmed [preauth]
Apr 13 16:10:12 ovzhost sshd[1245]: pam_unix(sshd:auth): check pass; user unknown
Apr 13 16:10:12 ovzhost sshd[1245]: pam_unix(sshd:auth): authentication failure; logname= uid=0 euid=0 tty=ssh ruser= rhost=61.147.107.109 
Apr 13 16:10:13 ovzhost sshd[1242]: message repeated 2 times: [ Failed password for root from 43.255.190.188 port 56015 ssh2]
Apr 13 16:10:13 ovzhost sshd[1242]: Received disconnect from 43.255.190.188: 11:  [preauth]
Apr 13 16:10:13 ovzhost sshd[1242]: PAM 2 more authentication failures; logname= uid=0 euid=0 tty=ssh ruser= rhost=43.255.190.188  user=root
Apr 13 16:10:13 ovzhost sshd[1247]: pam_unix(sshd:auth): authentication failure; logname= uid=0 euid=0 tty=ssh ruser= rhost=43.255.190.188  user=root
Apr 13 16:10:14 ovzhost sshd[1245]: Failed password for invalid user ahmed from 61.147.107.109 port 6704 ssh2
Apr 13 16:10:14 ovzhost sshd[1245]: Received disconnect from 61.147.107.109: 11: Normal Shutdown, Thank you for playing [preauth]
Apr 13 16:10:15 ovzhost sshd[1247]: Failed password for root from 43.255.190.188 port 43964 ssh2
Apr 13 16:10:16 ovzhost sshd[1249]: Invalid user ahmed from 61.147.107.109
Apr 13 16:10:16 ovzhost sshd[1249]: input_userauth_request: invalid user ahmed [preauth]
Apr 13 16:10:16 ovzhost sshd[1249]: pam_unix(sshd:auth): check pass; user unknown
Apr 13 16:10:16 ovzhost sshd[1249]: pam_unix(sshd:auth): authentication failure; logname= uid=0 euid=0 tty=ssh ruser= rhost=61.147.107.109 
Apr 13 16:10:19 ovzhost sshd[1249]: Failed password for invalid user ahmed from 61.147.107.109 port 7711 ssh2
Apr 13 16:10:20 ovzhost sshd[1249]: Received disconnect from 61.147.107.109: 11: Normal Shutdown, Thank you for playing [preauth]
Apr 13 16:10:20 ovzhost sshd[1247]: message repeated 2 times: [ Failed password for root from 43.255.190.188 port 43964 ssh2]
Apr 13 16:10:21 ovzhost sshd[1247]: Received disconnect from 43.255.190.188: 11:  [preauth]
Apr 13 16:10:21 ovzhost sshd[1247]: PAM 2 more authentication failures; logname= uid=0 euid=0 tty=ssh ruser= rhost=43.255.190.188  user=root
Apr 13 16:10:21 ovzhost sshd[1251]: pam_unix(sshd:auth): authentication failure; logname= uid=0 euid=0 tty=ssh ruser= rhost=43.255.190.188  user=root
Apr 13 16:10:22 ovzhost sshd[1253]: Invalid user aine from 61.147.107.109
Apr 13 16:10:22 ovzhost sshd[1253]: input_userauth_request: invalid user aine [preauth]
Apr 13 16:10:22 ovzhost sshd[1253]: pam_unix(sshd:auth): check pass; user unknown
Apr 13 16:10:22 ovzhost sshd[1253]: pam_unix(sshd:auth): authentication failure; logname= uid=0 euid=0 tty=ssh ruser= rhost=61.147.107.109 
Apr 13 16:10:23 ovzhost sshd[1251]: Failed password for root from 43.255.190.188 port 33596 ssh2
Apr 13 16:10:24 ovzhost sshd[1253]: Failed password for invalid user aine from 61.147.107.109 port 8894 ssh2
Apr 13 16:10:25 ovzhost sshd[1253]: Received disconnect from 61.147.107.109: 11: Normal Shutdown, Thank you for playing [preauth]
Apr 13 16:10:27 ovzhost sshd[1251]: message repeated 2 times: [ Failed password for root from 43.255.190.188 port 33596 ssh2]
Apr 13 16:10:27 ovzhost sshd[1251]: Received disconnect from 43.255.190.188: 11:  [preauth]
Apr 13 16:10:27 ovzhost sshd[1251]: PAM 2 more authentication failures; logname= uid=0 euid=0 tty=ssh ruser= rhost=43.255.190.188  user=root
Apr 13 16:10:27 ovzhost sshd[1255]: Invalid user ajackson from 61.147.107.109
Apr 13 16:10:27 ovzhost sshd[1255]: input_userauth_request: invalid user ajackson [preauth]
Apr 13 16:10:27 ovzhost sshd[1255]: pam_unix(sshd:auth): check pass; user unknown
Apr 13 16:10:27 ovzhost sshd[1255]: pam_unix(sshd:auth): authentication failure; logname= uid=0 euid=0 tty=ssh ruser= rhost=61.147.107.109 
Apr 13 16:10:27 ovzhost sshd[1257]: pam_unix(sshd:auth): authentication failure; logname= uid=0 euid=0 tty=ssh ruser= rhost=43.255.190.188  user=root
Apr 13 16:10:30 ovzhost sshd[1255]: Failed password for invalid user ajackson from 61.147.107.109 port 10005 ssh2
Apr 13 16:10:30 ovzhost sshd[1255]: Received disconnect from 61.147.107.109: 11: Normal Shutdown, Thank you for playing [preauth]
Apr 13 16:10:30 ovzhost sshd[1257]: Failed password for root from 43.255.190.188 port 49349 ssh2
Apr 13 16:10:32 ovzhost sshd[1259]: Invalid user ak from 61.147.107.109
Apr 13 16:10:32 ovzhost sshd[1259]: input_userauth_request: invalid user ak [preauth]
Apr 13 16:10:32 ovzhost sshd[1259]: pam_unix(sshd:auth): check pass; user unknown
Apr 13 16:10:32 ovzhost sshd[1259]: pam_unix(sshd:auth): authentication failure; logname= uid=0 euid=0 tty=ssh ruser= rhost=61.147.107.109 
Apr 13 16:10:35 ovzhost sshd[1257]: message repeated 2 times: [ Failed password for root from 43.255.190.188 port 49349 ssh2]
Apr 13 16:10:35 ovzhost sshd[1257]: Received disconnect from 43.255.190.188: 11:  [preauth]
Apr 13 16:10:35 ovzhost sshd[1257]: PAM 2 more authentication failures; logname= uid=0 euid=0 tty=ssh ruser= rhost=43.255.190.188  user=root
Apr 13 16:10:35 ovzhost sshd[1259]: Failed password for invalid user ak from 61.147.107.109 port 11129 ssh2
Apr 13 16:10:35 ovzhost sshd[1259]: Received disconnect from 61.147.107.109: 11: Normal Shutdown, Thank you for playing [preauth]
Apr 13 16:10:35 ovzhost sshd[1261]: pam_unix(sshd:auth): authentication failure; logname= uid=0 euid=0 tty=ssh ruser= rhost=43.255.190.188  user=root
Apr 13 16:10:37 ovzhost sshd[1261]: Failed password for root from 43.255.190.188 port 38562 ssh2
Apr 13 16:10:38 ovzhost sshd[1263]: Invalid user ak from 61.147.107.109
Apr 13 16:10:38 ovzhost sshd[1263]: input_userauth_request: invalid user ak [preauth]
Apr 13 16:10:38 ovzhost sshd[1263]: pam_unix(sshd:auth): check pass; user unknown
Apr 13 16:10:38 ovzhost sshd[1263]: pam_unix(sshd:auth): authentication failure; logname= uid=0 euid=0 tty=ssh ruser= rhost=61.147.107.109 
Apr 13 16:10:40 ovzhost sshd[1263]: Failed password for invalid user ak from 61.147.107.109 port 12237 ssh2
Apr 13 16:10:40 ovzhost sshd[1263]: Received disconnect from 61.147.107.109: 11: Normal Shutdown, Thank you for playing [preauth]
Apr 13 16:10:40 ovzhost sshd[1266]: Connection closed by 128.8.37.120 [preauth]
Apr 13 16:10:41 ovzhost sshd[1261]: message repeated 2 times: [ Failed password for root from 43.255.190.188 port 38562 ssh2]
Apr 13 16:10:41 ovzhost sshd[1261]: Received disconnect from 43.255.190.188: 11:  [preauth]
Apr 13 16:10:41 ovzhost sshd[1261]: PAM 2 more authentication failures; logname= uid=0 euid=0 tty=ssh ruser= rhost=43.255.190.188  user=root
Apr 13 16:10:42 ovzhost sshd[1268]: pam_unix(sshd:auth): authentication failure; logname= uid=0 euid=0 tty=ssh ruser= rhost=43.255.190.188  user=root
Apr 13 16:10:43 ovzhost sshd[1269]: Invalid user akuo from 61.147.107.109
Apr 13 16:10:43 ovzhost sshd[1269]: input_userauth_request: invalid user akuo [preauth]
Apr 13 16:10:43 ovzhost sshd[1269]: pam_unix(sshd:auth): check pass; user unknown
Apr 13 16:10:43 ovzhost sshd[1269]: pam_unix(sshd:auth): authentication failure; logname= uid=0 euid=0 tty=ssh ruser= rhost=61.147.107.109 
Apr 13 16:10:44 ovzhost sshd[1268]: Failed password for root from 43.255.190.188 port 54188 ssh2
Apr 13 16:10:45 ovzhost sshd[1269]: Failed password for invalid user akuo from 61.147.107.109 port 13406 ssh2
Apr 13 16:10:45 ovzhost sshd[1269]: Received disconnect from 61.147.107.109: 11: Normal Shutdown, Thank you for playing [preauth]
Apr 13 16:10:47 ovzhost sshd[1272]: Invalid user image from 61.147.107.109
Apr 13 16:10:47 ovzhost sshd[1272]: input_userauth_request: invalid user image [preauth]
Apr 13 16:10:47 ovzhost sshd[1272]: pam_unix(sshd:auth): check pass; user unknown
Apr 13 16:10:47 ovzhost sshd[1272]: pam_unix(sshd:auth): authentication failure; logname= uid=0 euid=0 tty=ssh ruser= rhost=61.147.107.109 
Apr 13 16:10:49 ovzhost sshd[1268]: message repeated 2 times: [ Failed password for root from 43.255.190.188 port 54188 ssh2]
Apr 13 16:10:49 ovzhost sshd[1268]: Received disconnect from 43.255.190.188: 11:  [preauth]
Apr 13 16:10:49 ovzhost sshd[1268]: PAM 2 more authentication failures; logname= uid=0 euid=0 tty=ssh ruser= rhost=43.255.190.188  user=root
Apr 13 16:10:49 ovzhost sshd[1272]: Failed password for invalid user image from 61.147.107.109 port 14465 ssh2
Apr 13 16:10:49 ovzhost sshd[1274]: pam_unix(sshd:auth): authentication failure; logname= uid=0 euid=0 tty=ssh ruser= rhost=43.255.190.188  user=root
Apr 13 16:10:49 ovzhost sshd[1272]: Received disconnect from 61.147.107.109: 11: Normal Shutdown, Thank you for playing [preauth]
Apr 13 16:10:51 ovzhost sshd[1274]: Failed password for root from 43.255.190.188 port 43382 ssh2
Apr 13 16:10:52 ovzhost sshd[1276]: Invalid user all from 61.147.107.109
Apr 13 16:10:52 ovzhost sshd[1276]: input_userauth_request: invalid user all [preauth]
Apr 13 16:10:52 ovzhost sshd[1276]: pam_unix(sshd:auth): check pass; user unknown
Apr 13 16:10:52 ovzhost sshd[1276]: pam_unix(sshd:auth): authentication failure; logname= uid=0 euid=0 tty=ssh ruser= rhost=61.147.107.109 
Apr 13 16:10:54 ovzhost sshd[1276]: Failed password for invalid user all from 61.147.107.109 port 15395 ssh2
Apr 13 16:10:55 ovzhost sshd[1276]: Received disconnect from 61.147.107.109: 11: Normal Shutdown, Thank you for playing [preauth]
Apr 13 16:10:56 ovzhost sshd[1274]: message repeated 2 times: [ Failed password for root from 43.255.190.188 port 43382 ssh2]
Apr 13 16:10:56 ovzhost sshd[1274]: Received disconnect from 43.255.190.188: 11:  [preauth]
Apr 13 16:10:56 ovzhost sshd[1274]: PAM 2 more authentication failures; logname= uid=0 euid=0 tty=ssh ruser= rhost=43.255.190.188  user=root
Apr 13 16:10:57 ovzhost sshd[1280]: pam_unix(sshd:auth): authentication failure; logname= uid=0 euid=0 tty=ssh ruser= rhost=43.255.190.188  user=root
Apr 13 16:10:57 ovzhost sshd[1278]: Invalid user all from 61.147.107.109
Apr 13 16:10:57 ovzhost sshd[1278]: input_userauth_request: invalid user all [preauth]
Apr 13 16:10:57 ovzhost sshd[1278]: pam_unix(sshd:auth): check pass; user unknown
Apr 13 16:10:57 ovzhost sshd[1278]: pam_unix(sshd:auth): authentication failure; logname= uid=0 euid=0 tty=ssh ruser= rhost=61.147.107.109 
Apr 13 16:10:59 ovzhost sshd[1280]: Failed password for root from 43.255.190.188 port 60465 ssh2
Apr 13 16:10:59 ovzhost sshd[1278]: Failed password for invalid user all from 61.147.107.109 port 16442 ssh2
Apr 13 16:10:59 ovzhost sshd[1278]: Received disconnect from 61.147.107.109: 11: Normal Shutdown, Thank you for playing [preauth]
Apr 13 16:11:02 ovzhost sshd[1282]: Invalid user all from 61.147.107.109
Apr 13 16:11:02 ovzhost sshd[1282]: input_userauth_request: invalid user all [preauth]
Apr 13 16:11:02 ovzhost sshd[1282]: pam_unix(sshd:auth): check pass; user unknown
Apr 13 16:11:02 ovzhost sshd[1282]: pam_unix(sshd:auth): authentication failure; logname= uid=0 euid=0 tty=ssh ruser= rhost=61.147.107.109 
Apr 13 16:11:03 ovzhost sshd[1280]: message repeated 2 times: [ Failed password for root from 43.255.190.188 port 60465 ssh2]
Apr 13 16:11:03 ovzhost sshd[1280]: Received disconnect from 43.255.190.188: 11:  [preauth]
Apr 13 16:11:03 ovzhost sshd[1280]: PAM 2 more authentication failures; logname= uid=0 euid=0 tty=ssh ruser= rhost=43.255.190.188  user=root
Apr 13 16:11:03 ovzhost sshd[1286]: pam_unix(sshd:auth): authentication failure; logname= uid=0 euid=0 tty=ssh ruser= rhost=43.255.190.188  user=root
Apr 13 16:11:04 ovzhost sshd[1282]: Failed password for invalid user all from 61.147.107.109 port 17479 ssh2
Apr 13 16:11:04 ovzhost sshd[1282]: Received disconnect from 61.147.107.109: 11: Normal Shutdown, Thank you for playing [preauth]
Apr 13 16:11:06 ovzhost sshd[1286]: Failed password for root from 43.255.190.188 port 47620 ssh2
Apr 13 16:11:07 ovzhost sshd[1288]: Invalid user altibase from 61.147.107.109
Apr 13 16:11:07 ovzhost sshd[1288]: input_userauth_request: invalid user altibase [preauth]
Apr 13 16:11:07 ovzhost sshd[1288]: pam_unix(sshd:auth): check pass; user unknown
Apr 13 16:11:07 ovzhost sshd[1288]: pam_unix(sshd:auth): authentication failure; logname= uid=0 euid=0 tty=ssh ruser= rhost=61.147.107.109 
Apr 13 16:11:09 ovzhost sshd[1288]: Failed password for invalid user altibase from 61.147.107.109 port 18608 ssh2
Apr 13 16:11:09 ovzhost sshd[1288]: Received disconnect from 61.147.107.109: 11: Normal Shutdown, Thank you for playing [preauth]
Apr 13 16:11:10 ovzhost sshd[1286]: message repeated 2 times: [ Failed password for root from 43.255.190.188 port 47620 ssh2]
Apr 13 16:11:10 ovzhost sshd[1286]: Received disconnect from 43.255.190.188: 11:  [preauth]
Apr 13 16:11:10 ovzhost sshd[1286]: PAM 2 more authentication failures; logname= uid=0 euid=0 tty=ssh ruser= rhost=43.255.190.188  user=root
Apr 13 16:11:11 ovzhost sshd[1290]: pam_unix(sshd:auth): authentication failure; logname= uid=0 euid=0 tty=ssh ruser= rhost=43.255.190.188  user=root
Apr 13 16:11:12 ovzhost sshd[1292]: Invalid user altibase from 61.147.107.109
Apr 13 16:11:12 ovzhost sshd[1292]: input_userauth_request: invalid user altibase [preauth]
Apr 13 16:11:12 ovzhost sshd[1292]: pam_unix(sshd:auth): check pass; user unknown
Apr 13 16:11:12 ovzhost sshd[1292]: pam_unix(sshd:auth): authentication failure; logname= uid=0 euid=0 tty=ssh ruser= rhost=61.147.107.109 
Apr 13 16:11:12 ovzhost sshd[1290]: Failed password for root from 43.255.190.188 port 36142 ssh2
Apr 13 16:11:13 ovzhost sshd[1292]: Failed password for invalid user altibase from 61.147.107.109 port 19657 ssh2
Apr 13 16:11:14 ovzhost sshd[1292]: Received disconnect from 61.147.107.109: 11: Normal Shutdown, Thank you for playing [preauth]
Apr 13 16:11:16 ovzhost sshd[1294]: Invalid user altibase from 61.147.107.109
Apr 13 16:11:16 ovzhost sshd[1294]: input_userauth_request: invalid user altibase [preauth]
Apr 13 16:11:16 ovzhost sshd[1294]: pam_unix(sshd:auth): check pass; user unknown
Apr 13 16:11:16 ovzhost sshd[1294]: pam_unix(sshd:auth): authentication failure; logname= uid=0 euid=0 tty=ssh ruser= rhost=61.147.107.109 
Apr 13 16:11:17 ovzhost sshd[1290]: message repeated 2 times: [ Failed password for root from 43.255.190.188 port 36142 ssh2]
Apr 13 16:11:17 ovzhost sshd[1290]: Received disconnect from 43.255.190.188: 11:  [preauth]
Apr 13 16:11:17 ovzhost sshd[1290]: PAM 2 more authentication failures; logname= uid=0 euid=0 tty=ssh ruser= rhost=43.255.190.188  user=root
Apr 13 16:11:17 ovzhost sshd[1296]: pam_unix(sshd:auth): authentication failure; logname= uid=0 euid=0 tty=ssh ruser= rhost=43.255.190.188  user=root
Apr 13 16:11:19 ovzhost sshd[1294]: Failed password for invalid user altibase from 61.147.107.109 port 20542 ssh2
Apr 13 16:11:19 ovzhost sshd[1294]: Received disconnect from 61.147.107.109: 11: Normal Shutdown, Thank you for playing [preauth]
Apr 13 16:11:20 ovzhost sshd[1296]: Failed password for root from 43.255.190.188 port 50585 ssh2
Apr 13 16:11:21 ovzhost sshd[1300]: Invalid user amit from 61.147.107.109
Apr 13 16:11:21 ovzhost sshd[1300]: input_userauth_request: invalid user amit [preauth]
Apr 13 16:11:21 ovzhost sshd[1300]: pam_unix(sshd:auth): check pass; user unknown
Apr 13 16:11:21 ovzhost sshd[1300]: pam_unix(sshd:auth): authentication failure; logname= uid=0 euid=0 tty=ssh ruser= rhost=61.147.107.109 
Apr 13 16:11:24 ovzhost sshd[1300]: Failed password for invalid user amit from 61.147.107.109 port 21583 ssh2
Apr 13 16:11:24 ovzhost sshd[1296]: message repeated 2 times: [ Failed password for root from 43.255.190.188 port 50585 ssh2]
Apr 13 16:11:24 ovzhost sshd[1296]: Received disconnect from 43.255.190.188: 11:  [preauth]
Apr 13 16:11:24 ovzhost sshd[1296]: PAM 2 more authentication failures; logname= uid=0 euid=0 tty=ssh ruser= rhost=43.255.190.188  user=root
Apr 13 16:11:24 ovzhost sshd[1300]: Received disconnect from 61.147.107.109: 11: Normal Shutdown, Thank you for playing [preauth]
Apr 13 16:11:24 ovzhost sshd[1302]: pam_unix(sshd:auth): authentication failure; logname= uid=0 euid=0 tty=ssh ruser= rhost=43.255.190.188  user=root
Apr 13 16:11:26 ovzhost sshd[1304]: Invalid user amix from 61.147.107.109
Apr 13 16:11:26 ovzhost sshd[1304]: input_userauth_request: invalid user amix [preauth]
Apr 13 16:11:26 ovzhost sshd[1304]: pam_unix(sshd:auth): check pass; user unknown
Apr 13 16:11:26 ovzhost sshd[1304]: pam_unix(sshd:auth): authentication failure; logname= uid=0 euid=0 tty=ssh ruser= rhost=61.147.107.109 
Apr 13 16:11:26 ovzhost sshd[1302]: Failed password for root from 43.255.190.188 port 41730 ssh2
Apr 13 16:11:29 ovzhost sshd[1304]: Failed password for invalid user amix from 61.147.107.109 port 22697 ssh2
Apr 13 16:11:29 ovzhost sshd[1304]: Received disconnect from 61.147.107.109: 11: Normal Shutdown, Thank you for playing [preauth]
Apr 13 16:11:31 ovzhost sshd[1302]: message repeated 2 times: [ Failed password for root from 43.255.190.188 port 41730 ssh2]
Apr 13 16:11:31 ovzhost sshd[1302]: Received disconnect from 43.255.190.188: 11:  [preauth]
Apr 13 16:11:31 ovzhost sshd[1302]: PAM 2 more authentication failures; logname= uid=0 euid=0 tty=ssh ruser= rhost=43.255.190.188  user=root
Apr 13 16:11:31 ovzhost sshd[1306]: Invalid user amol from 61.147.107.109
Apr 13 16:11:31 ovzhost sshd[1306]: input_userauth_request: invalid user amol [preauth]
Apr 13 16:11:31 ovzhost sshd[1306]: pam_unix(sshd:auth): check pass; user unknown
Apr 13 16:11:31 ovzhost sshd[1306]: pam_unix(sshd:auth): authentication failure; logname= uid=0 euid=0 tty=ssh ruser= rhost=61.147.107.109 
Apr 13 16:11:32 ovzhost sshd[1308]: pam_unix(sshd:auth): authentication failure; logname= uid=0 euid=0 tty=ssh ruser= rhost=43.255.190.188  user=root
Apr 13 16:11:32 ovzhost sshd[1311]: Connection closed by 127.0.0.1 [preauth]
Apr 13 16:11:33 ovzhost sshd[1306]: Failed password for invalid user amol from 61.147.107.109 port 23787 ssh2
Apr 13 16:11:33 ovzhost sshd[1306]: Received disconnect from 61.147.107.109: 11: Normal Shutdown, Thank you for playing [preauth]
Apr 13 16:11:34 ovzhost sshd[1308]: Failed password for root from 43.255.190.188 port 34555 ssh2
Apr 13 16:11:36 ovzhost sshd[1313]: Invalid user amol from 61.147.107.109
Apr 13 16:11:36 ovzhost sshd[1313]: input_userauth_request: invalid user amol [preauth]
Apr 13 16:11:36 ovzhost sshd[1313]: pam_unix(sshd:auth): check pass; user unknown
Apr 13 16:11:36 ovzhost sshd[1313]: pam_unix(sshd:auth): authentication failure; logname= uid=0 euid=0 tty=ssh ruser= rhost=61.147.107.109 
Apr 13 16:11:37 ovzhost sshd[1313]: Failed password for invalid user amol from 61.147.107.109 port 24756 ssh2
Apr 13 16:11:38 ovzhost sshd[1313]: Received disconnect from 61.147.107.109: 11: Normal Shutdown, Thank you for playing [preauth]
Apr 13 16:11:38 ovzhost sshd[1308]: message repeated 2 times: [ Failed password for root from 43.255.190.188 port 34555 ssh2]
Apr 13 16:11:38 ovzhost sshd[1308]: Received disconnect from 43.255.190.188: 11:  [preauth]
Apr 13 16:11:38 ovzhost sshd[1308]: PAM 2 more authentication failures; logname= uid=0 euid=0 tty=ssh ruser= rhost=43.255.190.188  user=root
Apr 13 16:11:38 ovzhost sshd[1315]: pam_unix(sshd:auth): authentication failure; logname= uid=0 euid=0 tty=ssh ruser= rhost=43.255.190.188  user=root
Apr 13 16:11:40 ovzhost sshd[1317]: Invalid user amrita from 61.147.107.109
Apr 13 16:11:40 ovzhost sshd[1317]: input_userauth_request: invalid user amrita [preauth]
Apr 13 16:11:40 ovzhost sshd[1317]: pam_unix(sshd:auth): check pass; user unknown
Apr 13 16:11:40 ovzhost sshd[1317]: pam_unix(sshd:auth): authentication failure; logname= uid=0 euid=0 tty=ssh ruser= rhost=61.147.107.109 
Apr 13 16:11:41 ovzhost sshd[1315]: Failed password for root from 43.255.190.188 port 54317 ssh2
Apr 13 16:11:43 ovzhost sshd[1317]: Failed password for invalid user amrita from 61.147.107.109 port 25731 ssh2
Apr 13 16:11:43 ovzhost sshd[1317]: Received disconnect from 61.147.107.109: 11: Normal Shutdown, Thank you for playing [preauth]
Apr 13 16:11:45 ovzhost sshd[1315]: message repeated 2 times: [ Failed password for root from 43.255.190.188 port 54317 ssh2]
Apr 13 16:11:45 ovzhost sshd[1315]: Received disconnect from 43.255.190.188: 11:  [preauth]
Apr 13 16:11:45 ovzhost sshd[1315]: PAM 2 more authentication failures; logname= uid=0 euid=0 tty=ssh ruser= rhost=43.255.190.188  user=root
Apr 13 16:11:45 ovzhost sshd[1323]: pam_unix(sshd:auth): authentication failure; logname= uid=0 euid=0 tty=ssh ruser= rhost=43.255.190.188  user=root
Apr 13 16:11:45 ovzhost sshd[1321]: Invalid user andy from 61.147.107.109
Apr 13 16:11:45 ovzhost sshd[1321]: input_userauth_request: invalid user andy [preauth]
Apr 13 16:11:45 ovzhost sshd[1321]: pam_unix(sshd:auth): check pass; user unknown
Apr 13 16:11:45 ovzhost sshd[1321]: pam_unix(sshd:auth): authentication failure; logname= uid=0 euid=0 tty=ssh ruser= rhost=61.147.107.109 
Apr 13 16:11:47 ovzhost sshd[1323]: Failed password for root from 43.255.190.188 port 46030 ssh2
Apr 13 16:11:48 ovzhost sshd[1321]: Failed password for invalid user andy from 61.147.107.109 port 26940 ssh2
Apr 13 16:11:48 ovzhost sshd[1321]: Received disconnect from 61.147.107.109: 11: Normal Shutdown, Thank you for playing [preauth]
Apr 13 16:11:50 ovzhost sshd[1325]: Invalid user andy from 61.147.107.109
Apr 13 16:11:50 ovzhost sshd[1325]: input_userauth_request: invalid user andy [preauth]
Apr 13 16:11:50 ovzhost sshd[1325]: pam_unix(sshd:auth): check pass; user unknown
Apr 13 16:11:50 ovzhost sshd[1325]: pam_unix(sshd:auth): authentication failure; logname= uid=0 euid=0 tty=ssh ruser= rhost=61.147.107.109 
Apr 13 16:11:52 ovzhost sshd[1323]: message repeated 2 times: [ Failed password for root from 43.255.190.188 port 46030 ssh2]
Apr 13 16:11:52 ovzhost sshd[1323]: Received disconnect from 43.255.190.188: 11:  [preauth]
Apr 13 16:11:52 ovzhost sshd[1323]: PAM 2 more authentication failures; logname= uid=0 euid=0 tty=ssh ruser= rhost=43.255.190.188  user=root
Apr 13 16:11:53 ovzhost sshd[1325]: Failed password for invalid user andy from 61.147.107.109 port 27961 ssh2
Apr 13 16:11:53 ovzhost sshd[1327]: pam_unix(sshd:auth): authentication failure; logname= uid=0 euid=0 tty=ssh ruser= rhost=43.255.190.188  user=root
Apr 13 16:11:53 ovzhost sshd[1325]: Received disconnect from 61.147.107.109: 11: Normal Shutdown, Thank you for playing [preauth]
Apr 13 16:11:55 ovzhost sshd[1327]: Failed password for root from 43.255.190.188 port 39729 ssh2
Apr 13 16:11:55 ovzhost sshd[1329]: Invalid user angellinetong from 61.147.107.109
Apr 13 16:11:55 ovzhost sshd[1329]: input_userauth_request: invalid user angellinetong [preauth]
Apr 13 16:11:55 ovzhost sshd[1329]: pam_unix(sshd:auth): check pass; user unknown
Apr 13 16:11:55 ovzhost sshd[1329]: pam_unix(sshd:auth): authentication failure; logname= uid=0 euid=0 tty=ssh ruser= rhost=61.147.107.109 
Apr 13 16:11:57 ovzhost sshd[1329]: Failed password for invalid user angellinetong from 61.147.107.109 port 29018 ssh2
Apr 13 16:11:57 ovzhost sshd[1329]: Received disconnect from 61.147.107.109: 11: Normal Shutdown, Thank you for playing [preauth]
Apr 13 16:11:58 ovzhost sshd[1327]: message repeated 2 times: [ Failed password for root from 43.255.190.188 port 39729 ssh2]
Apr 13 16:11:58 ovzhost sshd[1327]: Received disconnect from 43.255.190.188: 11:  [preauth]
Apr 13 16:11:58 ovzhost sshd[1327]: PAM 2 more authentication failures; logname= uid=0 euid=0 tty=ssh ruser= rhost=43.255.190.188  user=root
Apr 13 16:11:59 ovzhost sshd[1333]: pam_unix(sshd:auth): authentication failure; logname= uid=0 euid=0 tty=ssh ruser= rhost=43.255.190.188  user=root
Apr 13 16:11:59 ovzhost sshd[1331]: Invalid user anil from 61.147.107.109
Apr 13 16:11:59 ovzhost sshd[1331]: input_userauth_request: invalid user anil [preauth]
Apr 13 16:11:59 ovzhost sshd[1331]: pam_unix(sshd:auth): check pass; user unknown
Apr 13 16:11:59 ovzhost sshd[1331]: pam_unix(sshd:auth): authentication failure; logname= uid=0 euid=0 tty=ssh ruser= rhost=61.147.107.109 
Apr 13 16:12:01 ovzhost sshd[1333]: Failed password for root from 43.255.190.188 port 57351 ssh2
Apr 13 16:12:02 ovzhost sshd[1331]: Failed password for invalid user anil from 61.147.107.109 port 29882 ssh2
Apr 13 16:12:02 ovzhost sshd[1331]: Received disconnect from 61.147.107.109: 11: Normal Shutdown, Thank you for playing [preauth]
Apr 13 16:12:06 ovzhost sshd[1335]: Invalid user anil from 61.147.107.109
Apr 13 16:12:06 ovzhost sshd[1335]: input_userauth_request: invalid user anil [preauth]
Apr 13 16:12:06 ovzhost sshd[1335]: pam_unix(sshd:auth): check pass; user unknown
Apr 13 16:12:06 ovzhost sshd[1335]: pam_unix(sshd:auth): authentication failure; logname= uid=0 euid=0 tty=ssh ruser= rhost=61.147.107.109 
Apr 13 16:12:06 ovzhost sshd[1333]: message repeated 2 times: [ Failed password for root from 43.255.190.188 port 57351 ssh2]
Apr 13 16:12:06 ovzhost sshd[1333]: Received disconnect from 43.255.190.188: 11:  [preauth]
Apr 13 16:12:06 ovzhost sshd[1333]: PAM 2 more authentication failures; logname= uid=0 euid=0 tty=ssh ruser= rhost=43.255.190.188  user=root
Apr 13 16:12:07 ovzhost sshd[1338]: pam_unix(sshd:auth): authentication failure; logname= uid=0 euid=0 tty=ssh ruser= rhost=43.255.190.188  user=root
Apr 13 16:12:07 ovzhost sshd[1335]: Failed password for invalid user anil from 61.147.107.109 port 30909 ssh2
Apr 13 16:12:08 ovzhost sshd[1335]: Received disconnect from 61.147.107.109: 11: Normal Shutdown, Thank you for playing [preauth]
Apr 13 16:12:08 ovzhost sshd[1338]: Failed password for root from 43.255.190.188 port 52184 ssh2
Apr 13 16:12:10 ovzhost sshd[1340]: Invalid user ans from 61.147.107.109
Apr 13 16:12:10 ovzhost sshd[1340]: input_userauth_request: invalid user ans [preauth]
Apr 13 16:12:10 ovzhost sshd[1340]: pam_unix(sshd:auth): check pass; user unknown
Apr 13 16:12:10 ovzhost sshd[1340]: pam_unix(sshd:auth): authentication failure; logname= uid=0 euid=0 tty=ssh ruser= rhost=61.147.107.109 
Apr 13 16:12:12 ovzhost sshd[1340]: Failed password for invalid user ans from 61.147.107.109 port 32222 ssh2
Apr 13 16:12:12 ovzhost sshd[1340]: Received disconnect from 61.147.107.109: 11: Normal Shutdown, Thank you for playing [preauth]
Apr 13 16:12:12 ovzhost sshd[1338]: message repeated 2 times: [ Failed password for root from 43.255.190.188 port 52184 ssh2]
Apr 13 16:12:12 ovzhost sshd[1338]: Received disconnect from 43.255.190.188: 11:  [preauth]
Apr 13 16:12:12 ovzhost sshd[1338]: PAM 2 more authentication failures; logname= uid=0 euid=0 tty=ssh ruser= rhost=43.255.190.188  user=root
Apr 13 16:12:13 ovzhost sshd[1342]: pam_unix(sshd:auth): authentication failure; logname= uid=0 euid=0 tty=ssh ruser= rhost=43.255.190.188  user=root
Apr 13 16:12:14 ovzhost sshd[1344]: Invalid user ans from 61.147.107.109
Apr 13 16:12:14 ovzhost sshd[1344]: input_userauth_request: invalid user ans [preauth]
