Apr 13 16:12:14 ovzhost sshd[1344]: pam_unix(sshd:auth): check pass; user unknown
Apr 13 16:12:14 ovzhost sshd[1344]: pam_unix(sshd:auth): authentication failure; logname= uid=0 euid=0 tty=ssh ruser= rhost=61.147.107.109 
Apr 13 16:12:15 ovzhost sshd[1342]: Failed password for root from 43.255.190.188 port 42942 ssh2
Apr 13 16:12:17 ovzhost sshd[1344]: Failed password for invalid user ans from 61.147.107.109 port 33171 ssh2
Apr 13 16:12:17 ovzhost sshd[1344]: Received disconnect from 61.147.107.109: 11: Normal Shutdown, Thank you for playing [preauth]
Apr 13 16:12:19 ovzhost sshd[1346]: Invalid user anton from 61.147.107.109
Apr 13 16:12:19 ovzhost sshd[1346]: input_userauth_request: invalid user anton [preauth]
Apr 13 16:12:19 ovzhost sshd[1346]: pam_unix(sshd:auth): check pass; user unknown
Apr 13 16:12:19 ovzhost sshd[1346]: pam_unix(sshd:auth): authentication failure; logname= uid=0 euid=0 tty=ssh ruser= rhost=61.147.107.109 
Apr 13 16:12:20 ovzhost sshd[1342]: message repeated 2 times: [ Failed password for root from 43.255.190.188 port 42942 ssh2]
Apr 13 16:12:20 ovzhost sshd[1342]: Received disconnect from 43.255.190.188: 11:  [preauth]
Apr 13 16:12:20 ovzhost sshd[1342]: PAM 2 more authentication failures; logname= uid=0 euid=0 tty=ssh ruser= rhost=43.255.190.188  user=root
Apr 13 16:12:21 ovzhost sshd[1348]: pam_unix(sshd:auth): authentication failure; logname= uid=0 euid=0 tty=ssh ruser= rhost=43.255.190.188  user=root
Apr 13 16:12:21 ovzhost sshd[1346]: Failed password for invalid user anton from 61.147.107.109 port 34220 ssh2
Apr 13 16:12:21 ovzhost sshd[1346]: Received disconnect from 61.147.107.109: 11: Normal Shutdown, Thank you for playing [preauth]
Apr 13 16:12:22 ovzhost sshd[1348]: Failed password for root from 43.255.190.188 port 36370 ssh2
Apr 13 16:12:24 ovzhost sshd[1350]: Invalid user anton from 61.147.107.109
Apr 13 16:12:24 ovzhost sshd[1350]: input_userauth_request: invalid user anton [preauth]
Apr 13 16:12:24 ovzhost sshd[1350]: pam_unix(sshd:auth): check pass; user unknown
Apr 13 16:12:24 ovzhost sshd[1350]: pam_unix(sshd:auth): authentication failure; logname= uid=0 euid=0 tty=ssh ruser= rhost=61.147.107.109 
Apr 13 16:12:26 ovzhost sshd[1350]: Failed password for invalid user anton from 61.147.107.109 port 35181 ssh2
Apr 13 16:12:26 ovzhost sshd[1350]: Received disconnect from 61.147.107.109: 11: Normal Shutdown, Thank you for playing [preauth]
Apr 13 16:12:27 ovzhost sshd[1348]: message repeated 2 times: [ Failed password for root from 43.255.190.188 port 36370 ssh2]
Apr 13 16:12:27 ovzhost sshd[1348]: Received disconnect from 43.255.190.188: 11:  [preauth]
Apr 13 16:12:27 ovzhost sshd[1348]: PAM 2 more authentication failures; logname= uid=0 euid=0 tty=ssh ruser= rhost=43.255.190.188  user=root
Apr 13 16:12:28 ovzhost sshd[1354]: pam_unix(sshd:auth): authentication failure; logname= uid=0 euid=0 tty=ssh ruser= rhost=43.255.190.188  user=root
Apr 13 16:12:28 ovzhost sshd[1352]: Invalid user anup from 61.147.107.109
Apr 13 16:12:28 ovzhost sshd[1352]: input_userauth_request: invalid user anup [preauth]
Apr 13 16:12:28 ovzhost sshd[1352]: pam_unix(sshd:auth): check pass; user unknown
Apr 13 16:12:28 ovzhost sshd[1352]: pam_unix(sshd:auth): authentication failure; logname= uid=0 euid=0 tty=ssh ruser= rhost=61.147.107.109 
Apr 13 16:12:30 ovzhost sshd[1354]: Failed password for root from 43.255.190.188 port 58029 ssh2
Apr 13 16:12:30 ovzhost sshd[1352]: Failed password for invalid user anup from 61.147.107.109 port 36219 ssh2
Apr 13 16:12:31 ovzhost sshd[1352]: Received disconnect from 61.147.107.109: 11: Normal Shutdown, Thank you for playing [preauth]
Apr 13 16:12:33 ovzhost sshd[1356]: Invalid user app from 61.147.107.109
Apr 13 16:12:33 ovzhost sshd[1356]: input_userauth_request: invalid user app [preauth]
Apr 13 16:12:33 ovzhost sshd[1356]: pam_unix(sshd:auth): check pass; user unknown
Apr 13 16:12:33 ovzhost sshd[1356]: pam_unix(sshd:auth): authentication failure; logname= uid=0 euid=0 tty=ssh ruser= rhost=61.147.107.109 
Apr 13 16:12:34 ovzhost sshd[1354]: message repeated 2 times: [ Failed password for root from 43.255.190.188 port 58029 ssh2]
Apr 13 16:12:34 ovzhost sshd[1354]: Received disconnect from 43.255.190.188: 11:  [preauth]
Apr 13 16:12:34 ovzhost sshd[1354]: PAM 2 more authentication failures; logname= uid=0 euid=0 tty=ssh ruser= rhost=43.255.190.188  user=root
Apr 13 16:12:35 ovzhost sshd[1356]: Failed password for invalid user app from 61.147.107.109 port 37271 ssh2
Apr 13 16:12:35 ovzhost sshd[1358]: pam_unix(sshd:auth): authentication failure; logname= uid=0 euid=0 tty=ssh ruser= rhost=43.255.190.188  user=root
Apr 13 16:12:35 ovzhost sshd[1356]: Received disconnect from 61.147.107.109: 11: Normal Shutdown, Thank you for playing [preauth]
Apr 13 16:12:37 ovzhost sshd[1358]: Failed password for root from 43.255.190.188 port 49109 ssh2
Apr 13 16:12:37 ovzhost sshd[1360]: Invalid user app from 61.147.107.109
Apr 13 16:12:37 ovzhost sshd[1360]: input_userauth_request: invalid user app [preauth]
Apr 13 16:12:37 ovzhost sshd[1360]: pam_unix(sshd:auth): check pass; user unknown
Apr 13 16:12:37 ovzhost sshd[1360]: pam_unix(sshd:auth): authentication failure; logname= uid=0 euid=0 tty=ssh ruser= rhost=61.147.107.109 
Apr 13 16:12:39 ovzhost sshd[1360]: Failed password for invalid user app from 61.147.107.109 port 38255 ssh2
Apr 13 16:12:39 ovzhost sshd[1360]: Received disconnect from 61.147.107.109: 11: Normal Shutdown, Thank you for playing [preauth]
Apr 13 16:12:41 ovzhost sshd[1358]: message repeated 2 times: [ Failed password for root from 43.255.190.188 port 49109 ssh2]
Apr 13 16:12:41 ovzhost sshd[1358]: Received disconnect from 43.255.190.188: 11:  [preauth]
Apr 13 16:12:41 ovzhost sshd[1358]: PAM 2 more authentication failures; logname= uid=0 euid=0 tty=ssh ruser= rhost=43.255.190.188  user=root
Apr 13 16:12:41 ovzhost sshd[1364]: pam_unix(sshd:auth): authentication failure; logname= uid=0 euid=0 tty=ssh ruser= rhost=43.255.190.188  user=root
Apr 13 16:12:42 ovzhost sshd[1362]: Invalid user appldev from 61.147.107.109
Apr 13 16:12:42 ovzhost sshd[1362]: input_userauth_request: invalid user appldev [preauth]
Apr 13 16:12:42 ovzhost sshd[1362]: pam_unix(sshd:auth): check pass; user unknown
Apr 13 16:12:42 ovzhost sshd[1362]: pam_unix(sshd:auth): authentication failure; logname= uid=0 euid=0 tty=ssh ruser= rhost=61.147.107.109 
Apr 13 16:12:43 ovzhost sshd[1364]: Failed password for root from 43.255.190.188 port 40857 ssh2
Apr 13 16:12:44 ovzhost sshd[1362]: Failed password for invalid user appldev from 61.147.107.109 port 39288 ssh2
Apr 13 16:12:44 ovzhost sshd[1362]: Received disconnect from 61.147.107.109: 11: Normal Shutdown, Thank you for playing [preauth]
Apr 13 16:12:46 ovzhost sshd[1366]: Invalid user appltest from 61.147.107.109
Apr 13 16:12:46 ovzhost sshd[1366]: input_userauth_request: invalid user appltest [preauth]
Apr 13 16:12:46 ovzhost sshd[1366]: pam_unix(sshd:auth): check pass; user unknown
Apr 13 16:12:46 ovzhost sshd[1366]: pam_unix(sshd:auth): authentication failure; logname= uid=0 euid=0 tty=ssh ruser= rhost=61.147.107.109 
Apr 13 16:12:47 ovzhost sshd[1364]: message repeated 2 times: [ Failed password for root from 43.255.190.188 port 40857 ssh2]
Apr 13 16:12:47 ovzhost sshd[1364]: Received disconnect from 43.255.190.188: 11:  [preauth]
Apr 13 16:12:47 ovzhost sshd[1364]: PAM 2 more authentication failures; logname= uid=0 euid=0 tty=ssh ruser= rhost=43.255.190.188  user=root
Apr 13 16:12:47 ovzhost sshd[1368]: pam_unix(sshd:auth): authentication failure; logname= uid=0 euid=0 tty=ssh ruser= rhost=43.255.190.188  user=root
Apr 13 16:12:49 ovzhost sshd[1366]: Failed password for invalid user appltest from 61.147.107.109 port 40365 ssh2
Apr 13 16:12:49 ovzhost sshd[1366]: Received disconnect from 61.147.107.109: 11: Normal Shutdown, Thank you for playing [preauth]
Apr 13 16:12:49 ovzhost sshd[1368]: Failed password for root from 43.255.190.188 port 59379 ssh2
Apr 13 16:12:52 ovzhost sshd[1370]: Invalid user applvis from 61.147.107.109
Apr 13 16:12:52 ovzhost sshd[1370]: input_userauth_request: invalid user applvis [preauth]
Apr 13 16:12:52 ovzhost sshd[1370]: pam_unix(sshd:auth): check pass; user unknown
Apr 13 16:12:52 ovzhost sshd[1370]: pam_unix(sshd:auth): authentication failure; logname= uid=0 euid=0 tty=ssh ruser= rhost=61.147.107.109 
Apr 13 16:12:54 ovzhost sshd[1370]: Failed password for invalid user applvis from 61.147.107.109 port 42213 ssh2
Apr 13 16:12:54 ovzhost sshd[1368]: message repeated 2 times: [ Failed password for root from 43.255.190.188 port 59379 ssh2]
Apr 13 16:12:54 ovzhost sshd[1368]: Received disconnect from 43.255.190.188: 11:  [preauth]
Apr 13 16:12:54 ovzhost sshd[1368]: PAM 2 more authentication failures; logname= uid=0 euid=0 tty=ssh ruser= rhost=43.255.190.188  user=root
Apr 13 16:12:54 ovzhost sshd[1370]: Received disconnect from 61.147.107.109: 11: Normal Shutdown, Thank you for playing [preauth]
Apr 13 16:12:54 ovzhost sshd[1372]: pam_unix(sshd:auth): authentication failure; logname= uid=0 euid=0 tty=ssh ruser= rhost=43.255.190.188  user=root
Apr 13 16:12:56 ovzhost sshd[1372]: Failed password for root from 43.255.190.188 port 50928 ssh2
Apr 13 16:12:56 ovzhost sshd[1374]: Invalid user art from 61.147.107.109
Apr 13 16:12:56 ovzhost sshd[1374]: input_userauth_request: invalid user art [preauth]
Apr 13 16:12:56 ovzhost sshd[1374]: pam_unix(sshd:auth): check pass; user unknown
Apr 13 16:12:56 ovzhost sshd[1374]: pam_unix(sshd:auth): authentication failure; logname= uid=0 euid=0 tty=ssh ruser= rhost=61.147.107.109 
Apr 13 16:12:58 ovzhost sshd[1374]: Failed password for invalid user art from 61.147.107.109 port 1776 ssh2
Apr 13 16:12:58 ovzhost sshd[1374]: Received disconnect from 61.147.107.109: 11: Normal Shutdown, Thank you for playing [preauth]
Apr 13 16:13:00 ovzhost sshd[1376]: Invalid user aru from 61.147.107.109
Apr 13 16:13:00 ovzhost sshd[1376]: input_userauth_request: invalid user aru [preauth]
Apr 13 16:13:00 ovzhost sshd[1376]: pam_unix(sshd:auth): check pass; user unknown
Apr 13 16:13:00 ovzhost sshd[1376]: pam_unix(sshd:auth): authentication failure; logname= uid=0 euid=0 tty=ssh ruser= rhost=61.147.107.109 
Apr 13 16:13:00 ovzhost sshd[1372]: message repeated 2 times: [ Failed password for root from 43.255.190.188 port 50928 ssh2]
Apr 13 16:13:00 ovzhost sshd[1372]: Received disconnect from 43.255.190.188: 11:  [preauth]
Apr 13 16:13:00 ovzhost sshd[1372]: PAM 2 more authentication failures; logname= uid=0 euid=0 tty=ssh ruser= rhost=43.255.190.188  user=root
Apr 13 16:13:01 ovzhost sshd[1378]: pam_unix(sshd:auth): authentication failure; logname= uid=0 euid=0 tty=ssh ruser= rhost=43.255.190.188  user=root
Apr 13 16:13:02 ovzhost sshd[1378]: Failed password for root from 43.255.190.188 port 41870 ssh2
Apr 13 16:13:03 ovzhost sshd[1376]: Failed password for invalid user aru from 61.147.107.109 port 2701 ssh2
Apr 13 16:13:03 ovzhost sshd[1376]: Received disconnect from 61.147.107.109: 11: Normal Shutdown, Thank you for playing [preauth]
Apr 13 16:13:06 ovzhost sshd[1380]: Invalid user arvind from 61.147.107.109
Apr 13 16:13:06 ovzhost sshd[1380]: input_userauth_request: invalid user arvind [preauth]
Apr 13 16:13:06 ovzhost sshd[1380]: pam_unix(sshd:auth): check pass; user unknown
Apr 13 16:13:06 ovzhost sshd[1380]: pam_unix(sshd:auth): authentication failure; logname= uid=0 euid=0 tty=ssh ruser= rhost=61.147.107.109 
Apr 13 16:13:06 ovzhost sshd[1378]: message repeated 2 times: [ Failed password for root from 43.255.190.188 port 41870 ssh2]
Apr 13 16:13:07 ovzhost sshd[1378]: Received disconnect from 43.255.190.188: 11:  [preauth]
Apr 13 16:13:07 ovzhost sshd[1378]: PAM 2 more authentication failures; logname= uid=0 euid=0 tty=ssh ruser= rhost=43.255.190.188  user=root
Apr 13 16:13:07 ovzhost sshd[1380]: Failed password for invalid user arvind from 61.147.107.109 port 3693 ssh2
Apr 13 16:13:07 ovzhost sshd[1382]: pam_unix(sshd:auth): authentication failure; logname= uid=0 euid=0 tty=ssh ruser= rhost=43.255.190.188  user=root
Apr 13 16:13:07 ovzhost sshd[1380]: Received disconnect from 61.147.107.109: 11: Normal Shutdown, Thank you for playing [preauth]
Apr 13 16:13:09 ovzhost sshd[1382]: Failed password for root from 43.255.190.188 port 60751 ssh2
Apr 13 16:13:10 ovzhost sshd[1385]: Invalid user ashutosh from 61.147.107.109
Apr 13 16:13:10 ovzhost sshd[1385]: input_userauth_request: invalid user ashutosh [preauth]
Apr 13 16:13:10 ovzhost sshd[1385]: pam_unix(sshd:auth): check pass; user unknown
Apr 13 16:13:10 ovzhost sshd[1385]: pam_unix(sshd:auth): authentication failure; logname= uid=0 euid=0 tty=ssh ruser= rhost=61.147.107.109 
Apr 13 16:13:12 ovzhost sshd[1385]: Failed password for invalid user ashutosh from 61.147.107.109 port 4722 ssh2
Apr 13 16:13:13 ovzhost sshd[1385]: Received disconnect from 61.147.107.109: 11: Normal Shutdown, Thank you for playing [preauth]
Apr 13 16:13:14 ovzhost sshd[1382]: message repeated 2 times: [ Failed password for root from 43.255.190.188 port 60751 ssh2]
Apr 13 16:13:14 ovzhost sshd[1382]: Received disconnect from 43.255.190.188: 11:  [preauth]
Apr 13 16:13:14 ovzhost sshd[1382]: PAM 2 more authentication failures; logname= uid=0 euid=0 tty=ssh ruser= rhost=43.255.190.188  user=root
Apr 13 16:13:14 ovzhost sshd[1387]: pam_unix(sshd:auth): authentication failure; logname= uid=0 euid=0 tty=ssh ruser= rhost=43.255.190.188  user=root
Apr 13 16:13:15 ovzhost sshd[1388]: Invalid user b0 from 61.147.107.109
Apr 13 16:13:15 ovzhost sshd[1388]: input_userauth_request: invalid user b0 [preauth]
Apr 13 16:13:15 ovzhost sshd[1388]: pam_unix(sshd:auth): check pass; user unknown
Apr 13 16:13:15 ovzhost sshd[1388]: pam_unix(sshd:auth): authentication failure; logname= uid=0 euid=0 tty=ssh ruser= rhost=61.147.107.109 
Apr 13 16:13:16 ovzhost sshd[1387]: Failed password for root from 43.255.190.188 port 53337 ssh2
Apr 13 16:13:17 ovzhost sshd[1388]: Failed password for invalid user b0 from 61.147.107.109 port 5882 ssh2
Apr 13 16:13:17 ovzhost sshd[1388]: Received disconnect from 61.147.107.109: 11: Normal Shutdown, Thank you for playing [preauth]
Apr 13 16:13:19 ovzhost sshd[1391]: pam_unix(sshd:auth): authentication failure; logname= uid=0 euid=0 tty=ssh ruser= rhost=61.147.107.109  user=backup
Apr 13 16:13:20 ovzhost sshd[1387]: message repeated 2 times: [ Failed password for root from 43.255.190.188 port 53337 ssh2]
Apr 13 16:13:20 ovzhost sshd[1387]: Received disconnect from 43.255.190.188: 11:  [preauth]
Apr 13 16:13:20 ovzhost sshd[1387]: PAM 2 more authentication failures; logname= uid=0 euid=0 tty=ssh ruser= rhost=43.255.190.188  user=root
Apr 13 16:13:21 ovzhost sshd[1391]: Failed password for backup from 61.147.107.109 port 6867 ssh2
Apr 13 16:13:21 ovzhost sshd[1394]: pam_unix(sshd:auth): authentication failure; logname= uid=0 euid=0 tty=ssh ruser= rhost=43.255.190.188  user=root
Apr 13 16:13:21 ovzhost sshd[1391]: Received disconnect from 61.147.107.109: 11: Normal Shutdown, Thank you for playing [preauth]
Apr 13 16:13:23 ovzhost sshd[1396]: Invalid user barry from 61.147.107.109
Apr 13 16:13:23 ovzhost sshd[1396]: input_userauth_request: invalid user barry [preauth]
Apr 13 16:13:23 ovzhost sshd[1396]: pam_unix(sshd:auth): check pass; user unknown
Apr 13 16:13:23 ovzhost sshd[1396]: pam_unix(sshd:auth): authentication failure; logname= uid=0 euid=0 tty=ssh ruser= rhost=61.147.107.109 
Apr 13 16:13:23 ovzhost sshd[1394]: Failed password for root from 43.255.190.188 port 44923 ssh2
Apr 13 16:13:25 ovzhost sshd[1396]: Failed password for invalid user barry from 61.147.107.109 port 7753 ssh2
Apr 13 16:13:25 ovzhost sshd[1396]: Received disconnect from 61.147.107.109: 11: Normal Shutdown, Thank you for playing [preauth]
Apr 13 16:13:27 ovzhost sshd[1398]: Invalid user bash from 61.147.107.109
Apr 13 16:13:27 ovzhost sshd[1398]: input_userauth_request: invalid user bash [preauth]
Apr 13 16:13:27 ovzhost sshd[1398]: pam_unix(sshd:auth): check pass; user unknown
Apr 13 16:13:27 ovzhost sshd[1398]: pam_unix(sshd:auth): authentication failure; logname= uid=0 euid=0 tty=ssh ruser= rhost=61.147.107.109 
Apr 13 16:13:28 ovzhost sshd[1394]: message repeated 2 times: [ Failed password for root from 43.255.190.188 port 44923 ssh2]
Apr 13 16:13:28 ovzhost sshd[1394]: Received disconnect from 43.255.190.188: 11:  [preauth]
Apr 13 16:13:28 ovzhost sshd[1394]: PAM 2 more authentication failures; logname= uid=0 euid=0 tty=ssh ruser= rhost=43.255.190.188  user=root
Apr 13 16:13:28 ovzhost sshd[1400]: pam_unix(sshd:auth): authentication failure; logname= uid=0 euid=0 tty=ssh ruser= rhost=43.255.190.188  user=root
Apr 13 16:13:29 ovzhost sshd[1398]: Failed password for invalid user bash from 61.147.107.109 port 8693 ssh2
Apr 13 16:13:29 ovzhost sshd[1398]: Received disconnect from 61.147.107.109: 11: Normal Shutdown, Thank you for playing [preauth]
Apr 13 16:13:30 ovzhost sshd[1400]: Failed password for root from 43.255.190.188 port 38509 ssh2
Apr 13 16:13:32 ovzhost sshd[1402]: Invalid user bash from 61.147.107.109
Apr 13 16:13:32 ovzhost sshd[1402]: input_userauth_request: invalid user bash [preauth]
Apr 13 16:13:32 ovzhost sshd[1402]: pam_unix(sshd:auth): check pass; user unknown
Apr 13 16:13:32 ovzhost sshd[1402]: pam_unix(sshd:auth): authentication failure; logname= uid=0 euid=0 tty=ssh ruser= rhost=61.147.107.109 
Apr 13 16:13:34 ovzhost sshd[1402]: Failed password for invalid user bash from 61.147.107.109 port 9642 ssh2
Apr 13 16:13:34 ovzhost sshd[1402]: Received disconnect from 61.147.107.109: 11: Normal Shutdown, Thank you for playing [preauth]
Apr 13 16:13:35 ovzhost sshd[1400]: message repeated 2 times: [ Failed password for root from 43.255.190.188 port 38509 ssh2]
Apr 13 16:13:35 ovzhost sshd[1400]: Received disconnect from 43.255.190.188: 11:  [preauth]
Apr 13 16:13:35 ovzhost sshd[1400]: PAM 2 more authentication failures; logname= uid=0 euid=0 tty=ssh ruser= rhost=43.255.190.188  user=root
Apr 13 16:13:36 ovzhost sshd[1406]: pam_unix(sshd:auth): authentication failure; logname= uid=0 euid=0 tty=ssh ruser= rhost=43.255.190.188  user=root
Apr 13 16:13:38 ovzhost sshd[1406]: Failed password for root from 43.255.190.188 port 59518 ssh2
Apr 13 16:13:38 ovzhost sshd[1408]: Invalid user bass from 61.147.107.109
Apr 13 16:13:38 ovzhost sshd[1408]: input_userauth_request: invalid user bass [preauth]
Apr 13 16:13:38 ovzhost sshd[1408]: pam_unix(sshd:auth): check pass; user unknown
Apr 13 16:13:38 ovzhost sshd[1408]: pam_unix(sshd:auth): authentication failure; logname= uid=0 euid=0 tty=ssh ruser= rhost=61.147.107.109 
Apr 13 16:13:40 ovzhost sshd[1408]: Failed password for invalid user bass from 61.147.107.109 port 10701 ssh2
Apr 13 16:13:40 ovzhost sshd[1408]: Received disconnect from 61.147.107.109: 11: Normal Shutdown, Thank you for playing [preauth]
Apr 13 16:13:42 ovzhost sshd[1406]: message repeated 2 times: [ Failed password for root from 43.255.190.188 port 59518 ssh2]
Apr 13 16:13:42 ovzhost sshd[1406]: Received disconnect from 43.255.190.188: 11:  [preauth]
Apr 13 16:13:42 ovzhost sshd[1406]: PAM 2 more authentication failures; logname= uid=0 euid=0 tty=ssh ruser= rhost=43.255.190.188  user=root
Apr 13 16:13:42 ovzhost sshd[1410]: Invalid user bass from 61.147.107.109
Apr 13 16:13:42 ovzhost sshd[1410]: input_userauth_request: invalid user bass [preauth]
Apr 13 16:13:42 ovzhost sshd[1410]: pam_unix(sshd:auth): check pass; user unknown
Apr 13 16:13:42 ovzhost sshd[1410]: pam_unix(sshd:auth): authentication failure; logname= uid=0 euid=0 tty=ssh ruser= rhost=61.147.107.109 
Apr 13 16:13:42 ovzhost sshd[1412]: pam_unix(sshd:auth): authentication failure; logname= uid=0 euid=0 tty=ssh ruser= rhost=43.255.190.188  user=root
Apr 13 16:13:44 ovzhost sshd[1410]: Failed password for invalid user bass from 61.147.107.109 port 11924 ssh2
Apr 13 16:13:44 ovzhost sshd[1412]: Failed password for root from 43.255.190.188 port 48654 ssh2
Apr 13 16:13:44 ovzhost sshd[1410]: Received disconnect from 61.147.107.109: 11: Normal Shutdown, Thank you for playing [preauth]
Apr 13 16:13:46 ovzhost sshd[1414]: Invalid user bernhard from 61.147.107.109
Apr 13 16:13:46 ovzhost sshd[1414]: input_userauth_request: invalid user bernhard [preauth]
Apr 13 16:13:46 ovzhost sshd[1414]: pam_unix(sshd:auth): check pass; user unknown
Apr 13 16:13:46 ovzhost sshd[1414]: pam_unix(sshd:auth): authentication failure; logname= uid=0 euid=0 tty=ssh ruser= rhost=61.147.107.109 
Apr 13 16:13:48 ovzhost sshd[1412]: message repeated 2 times: [ Failed password for root from 43.255.190.188 port 48654 ssh2]
Apr 13 16:13:48 ovzhost sshd[1412]: Received disconnect from 43.255.190.188: 11:  [preauth]
Apr 13 16:13:48 ovzhost sshd[1412]: PAM 2 more authentication failures; logname= uid=0 euid=0 tty=ssh ruser= rhost=43.255.190.188  user=root
Apr 13 16:13:48 ovzhost sshd[1414]: Failed password for invalid user bernhard from 61.147.107.109 port 12729 ssh2
Apr 13 16:13:49 ovzhost sshd[1414]: Received disconnect from 61.147.107.109: 11: Normal Shutdown, Thank you for playing [preauth]
Apr 13 16:13:49 ovzhost sshd[1416]: pam_unix(sshd:auth): authentication failure; logname= uid=0 euid=0 tty=ssh ruser= rhost=43.255.190.188  user=root
Apr 13 16:13:51 ovzhost sshd[1416]: Failed password for root from 43.255.190.188 port 36885 ssh2
Apr 13 16:13:51 ovzhost sshd[1418]: Invalid user bgxie from 61.147.107.109
Apr 13 16:13:51 ovzhost sshd[1418]: input_userauth_request: invalid user bgxie [preauth]
Apr 13 16:13:51 ovzhost sshd[1418]: pam_unix(sshd:auth): check pass; user unknown
Apr 13 16:13:51 ovzhost sshd[1418]: pam_unix(sshd:auth): authentication failure; logname= uid=0 euid=0 tty=ssh ruser= rhost=61.147.107.109 
Apr 13 16:13:53 ovzhost sshd[1418]: Failed password for invalid user bgxie from 61.147.107.109 port 13734 ssh2
Apr 13 16:13:53 ovzhost sshd[1418]: Received disconnect from 61.147.107.109: 11: Normal Shutdown, Thank you for playing [preauth]
Apr 13 16:13:54 ovzhost sshd[1416]: message repeated 2 times: [ Failed password for root from 43.255.190.188 port 36885 ssh2]
Apr 13 16:13:54 ovzhost sshd[1416]: Received disconnect from 43.255.190.188: 11:  [preauth]
Apr 13 16:13:54 ovzhost sshd[1416]: PAM 2 more authentication failures; logname= uid=0 euid=0 tty=ssh ruser= rhost=43.255.190.188  user=root
Apr 13 16:13:55 ovzhost sshd[1422]: pam_unix(sshd:auth): authentication failure; logname= uid=0 euid=0 tty=ssh ruser= rhost=43.255.190.188  user=root
Apr 13 16:13:56 ovzhost sshd[1420]: Invalid user bhlee from 61.147.107.109
Apr 13 16:13:56 ovzhost sshd[1420]: input_userauth_request: invalid user bhlee [preauth]
Apr 13 16:13:56 ovzhost sshd[1420]: pam_unix(sshd:auth): check pass; user unknown
Apr 13 16:13:56 ovzhost sshd[1420]: pam_unix(sshd:auth): authentication failure; logname= uid=0 euid=0 tty=ssh ruser= rhost=61.147.107.109 
Apr 13 16:13:57 ovzhost sshd[1422]: Failed password for root from 43.255.190.188 port 52096 ssh2
Apr 13 16:13:58 ovzhost sshd[1420]: Failed password for invalid user bhlee from 61.147.107.109 port 14728 ssh2
Apr 13 16:13:58 ovzhost sshd[1420]: Received disconnect from 61.147.107.109: 11: Normal Shutdown, Thank you for playing [preauth]
Apr 13 16:14:01 ovzhost sshd[1424]: Invalid user bi from 61.147.107.109
Apr 13 16:14:01 ovzhost sshd[1424]: input_userauth_request: invalid user bi [preauth]
Apr 13 16:14:01 ovzhost sshd[1424]: pam_unix(sshd:auth): check pass; user unknown
Apr 13 16:14:01 ovzhost sshd[1424]: pam_unix(sshd:auth): authentication failure; logname= uid=0 euid=0 tty=ssh ruser= rhost=61.147.107.109 
Apr 13 16:14:01 ovzhost sshd[1422]: message repeated 2 times: [ Failed password for root from 43.255.190.188 port 52096 ssh2]
Apr 13 16:14:01 ovzhost sshd[1422]: Received disconnect from 43.255.190.188: 11:  [preauth]
Apr 13 16:14:01 ovzhost sshd[1422]: PAM 2 more authentication failures; logname= uid=0 euid=0 tty=ssh ruser= rhost=43.255.190.188  user=root
Apr 13 16:14:01 ovzhost sshd[1426]: pam_unix(sshd:auth): authentication failure; logname= uid=0 euid=0 tty=ssh ruser= rhost=43.255.190.188  user=root
Apr 13 16:14:02 ovzhost sshd[1424]: Failed password for invalid user bi from 61.147.107.109 port 15818 ssh2
Apr 13 16:14:03 ovzhost sshd[1424]: Received disconnect from 61.147.107.109: 11: Normal Shutdown, Thank you for playing [preauth]
Apr 13 16:14:03 ovzhost sshd[1426]: Failed password for root from 43.255.190.188 port 40109 ssh2
Apr 13 16:14:05 ovzhost sshd[1428]: Invalid user bilindsay from 61.147.107.109
Apr 13 16:14:05 ovzhost sshd[1428]: input_userauth_request: invalid user bilindsay [preauth]
Apr 13 16:14:05 ovzhost sshd[1428]: pam_unix(sshd:auth): check pass; user unknown
Apr 13 16:14:05 ovzhost sshd[1428]: pam_unix(sshd:auth): authentication failure; logname= uid=0 euid=0 tty=ssh ruser= rhost=61.147.107.109 
Apr 13 16:14:06 ovzhost sshd[1428]: Failed password for invalid user bilindsay from 61.147.107.109 port 16770 ssh2
Apr 13 16:14:07 ovzhost sshd[1428]: Received disconnect from 61.147.107.109: 11: Normal Shutdown, Thank you for playing [preauth]
Apr 13 16:14:07 ovzhost sshd[1426]: message repeated 2 times: [ Failed password for root from 43.255.190.188 port 40109 ssh2]
Apr 13 16:14:07 ovzhost sshd[1426]: Received disconnect from 43.255.190.188: 11:  [preauth]
Apr 13 16:14:07 ovzhost sshd[1426]: PAM 2 more authentication failures; logname= uid=0 euid=0 tty=ssh ruser= rhost=43.255.190.188  user=root
Apr 13 16:14:07 ovzhost sshd[1430]: pam_unix(sshd:auth): authentication failure; logname= uid=0 euid=0 tty=ssh ruser= rhost=43.255.190.188  user=root
Apr 13 16:14:09 ovzhost sshd[1432]: Invalid user billing from 61.147.107.109
Apr 13 16:14:09 ovzhost sshd[1432]: input_userauth_request: invalid user billing [preauth]
Apr 13 16:14:09 ovzhost sshd[1432]: pam_unix(sshd:auth): check pass; user unknown
Apr 13 16:14:09 ovzhost sshd[1432]: pam_unix(sshd:auth): authentication failure; logname= uid=0 euid=0 tty=ssh ruser= rhost=61.147.107.109 
Apr 13 16:14:10 ovzhost sshd[1430]: Failed password for root from 43.255.190.188 port 55632 ssh2
Apr 13 16:14:11 ovzhost sshd[1432]: Failed password for invalid user billing from 61.147.107.109 port 17631 ssh2
Apr 13 16:14:11 ovzhost sshd[1432]: Received disconnect from 61.147.107.109: 11: Normal Shutdown, Thank you for playing [preauth]
Apr 13 16:14:14 ovzhost sshd[1430]: message repeated 2 times: [ Failed password for root from 43.255.190.188 port 55632 ssh2]
Apr 13 16:14:14 ovzhost sshd[1430]: Received disconnect from 43.255.190.188: 11:  [preauth]
Apr 13 16:14:14 ovzhost sshd[1430]: PAM 2 more authentication failures; logname= uid=0 euid=0 tty=ssh ruser= rhost=43.255.190.188  user=root
Apr 13 16:14:14 ovzhost sshd[1436]: Invalid user billw from 61.147.107.109
Apr 13 16:14:14 ovzhost sshd[1436]: input_userauth_request: invalid user billw [preauth]
Apr 13 16:14:14 ovzhost sshd[1436]: pam_unix(sshd:auth): check pass; user unknown
Apr 13 16:14:14 ovzhost sshd[1436]: pam_unix(sshd:auth): authentication failure; logname= uid=0 euid=0 tty=ssh ruser= rhost=61.147.107.109 
Apr 13 16:14:14 ovzhost sshd[1438]: pam_unix(sshd:auth): authentication failure; logname= uid=0 euid=0 tty=ssh ruser= rhost=43.255.190.188  user=root
Apr 13 16:14:16 ovzhost sshd[1436]: Failed password for invalid user billw from 61.147.107.109 port 18674 ssh2
Apr 13 16:14:16 ovzhost sshd[1438]: Failed password for root from 43.255.190.188 port 44012 ssh2
Apr 13 16:14:16 ovzhost sshd[1436]: Received disconnect from 61.147.107.109: 11: Normal Shutdown, Thank you for playing [preauth]
Apr 13 16:14:19 ovzhost sshd[1440]: pam_unix(sshd:auth): authentication failure; logname= uid=0 euid=0 tty=ssh ruser= rhost=61.147.107.109  user=bin
Apr 13 16:14:20 ovzhost sshd[1438]: message repeated 2 times: [ Failed password for root from 43.255.190.188 port 44012 ssh2]
Apr 13 16:14:20 ovzhost sshd[1438]: Received disconnect from 43.255.190.188: 11:  [preauth]
Apr 13 16:14:20 ovzhost sshd[1438]: PAM 2 more authentication failures; logname= uid=0 euid=0 tty=ssh ruser= rhost=43.255.190.188  user=root
Apr 13 16:14:20 ovzhost sshd[1442]: pam_unix(sshd:auth): authentication failure; logname= uid=0 euid=0 tty=ssh ruser= rhost=43.255.190.188  user=root
Apr 13 16:14:20 ovzhost sshd[1440]: Failed password for bin from 61.147.107.109 port 19736 ssh2
Apr 13 16:14:21 ovzhost sshd[1440]: Received disconnect from 61.147.107.109: 11: Normal Shutdown, Thank you for playing [preauth]
Apr 13 16:14:22 ovzhost sshd[1442]: Failed password for root from 43.255.190.188 port 59855 ssh2
Apr 13 16:14:23 ovzhost sshd[1444]: pam_unix(sshd:auth): authentication failure; logname= uid=0 euid=0 tty=ssh ruser= rhost=61.147.107.109  user=bin
Apr 13 16:14:25 ovzhost sshd[1444]: Failed password for bin from 61.147.107.109 port 20737 ssh2
Apr 13 16:14:25 ovzhost sshd[1444]: Received disconnect from 61.147.107.109: 11: Normal Shutdown, Thank you for playing [preauth]
Apr 13 16:14:27 ovzhost sshd[1442]: message repeated 2 times: [ Failed password for root from 43.255.190.188 port 59855 ssh2]
Apr 13 16:14:27 ovzhost sshd[1442]: Received disconnect from 43.255.190.188: 11:  [preauth]
Apr 13 16:14:27 ovzhost sshd[1442]: PAM 2 more authentication failures; logname= uid=0 euid=0 tty=ssh ruser= rhost=43.255.190.188  user=root
Apr 13 16:14:27 ovzhost sshd[1446]: pam_unix(sshd:auth): authentication failure; logname= uid=0 euid=0 tty=ssh ruser= rhost=61.147.107.109  user=bin
Apr 13 16:14:28 ovzhost sshd[1448]: pam_unix(sshd:auth): authentication failure; logname= uid=0 euid=0 tty=ssh ruser= rhost=43.255.190.188  user=root
Apr 13 16:14:29 ovzhost sshd[1446]: Failed password for bin from 61.147.107.109 port 21677 ssh2
Apr 13 16:14:29 ovzhost sshd[1448]: Failed password for root from 43.255.190.188 port 50153 ssh2
Apr 13 16:14:30 ovzhost sshd[1446]: Received disconnect from 61.147.107.109: 11: Normal Shutdown, Thank you for playing [preauth]
Apr 13 16:14:32 ovzhost sshd[1450]: pam_unix(sshd:auth): authentication failure; logname= uid=0 euid=0 tty=ssh ruser= rhost=61.147.107.109  user=bin
Apr 13 16:14:33 ovzhost sshd[1448]: message repeated 2 times: [ Failed password for root from 43.255.190.188 port 50153 ssh2]
Apr 13 16:14:33 ovzhost sshd[1448]: Received disconnect from 43.255.190.188: 11:  [preauth]
Apr 13 16:14:33 ovzhost sshd[1448]: PAM 2 more authentication failures; logname= uid=0 euid=0 tty=ssh ruser= rhost=43.255.190.188  user=root
Apr 13 16:14:34 ovzhost sshd[1450]: Failed password for bin from 61.147.107.109 port 22690 ssh2
Apr 13 16:14:34 ovzhost sshd[1452]: pam_unix(sshd:auth): authentication failure; logname= uid=0 euid=0 tty=ssh ruser= rhost=43.255.190.188  user=root
Apr 13 16:14:34 ovzhost sshd[1450]: Received disconnect from 61.147.107.109: 11: Normal Shutdown, Thank you for playing [preauth]
Apr 13 16:14:36 ovzhost sshd[1452]: Failed password for root from 43.255.190.188 port 37514 ssh2
Apr 13 16:14:36 ovzhost sshd[1454]: pam_unix(sshd:auth): authentication failure; logname= uid=0 euid=0 tty=ssh ruser= rhost=61.147.107.109  user=bin
Apr 13 16:14:38 ovzhost sshd[1454]: Failed password for bin from 61.147.107.109 port 23607 ssh2
Apr 13 16:14:38 ovzhost sshd[1454]: Received disconnect from 61.147.107.109: 11: Normal Shutdown, Thank you for playing [preauth]
Apr 13 16:14:40 ovzhost sshd[1452]: message repeated 2 times: [ Failed password for root from 43.255.190.188 port 37514 ssh2]
Apr 13 16:14:40 ovzhost sshd[1452]: Received disconnect from 43.255.190.188: 11:  [preauth]
Apr 13 16:14:40 ovzhost sshd[1452]: PAM 2 more authentication failures; logname= uid=0 euid=0 tty=ssh ruser= rhost=43.255.190.188  user=root
Apr 13 16:14:40 ovzhost sshd[1458]: pam_unix(sshd:auth): authentication failure; logname= uid=0 euid=0 tty=ssh ruser= rhost=43.255.190.188  user=root
Apr 13 16:14:40 ovzhost sshd[1456]: pam_unix(sshd:auth): authentication failure; logname= uid=0 euid=0 tty=ssh ruser= rhost=61.147.107.109  user=bin
Apr 13 16:14:42 ovzhost sshd[1458]: Failed password for root from 43.255.190.188 port 53854 ssh2
Apr 13 16:14:42 ovzhost sshd[1456]: Failed password for bin from 61.147.107.109 port 24503 ssh2
Apr 13 16:14:42 ovzhost sshd[1456]: Received disconnect from 61.147.107.109: 11: Normal Shutdown, Thank you for playing [preauth]
Apr 13 16:14:45 ovzhost sshd[1460]: pam_unix(sshd:auth): authentication failure; logname= uid=0 euid=0 tty=ssh ruser= rhost=61.147.107.109  user=bin
Apr 13 16:14:47 ovzhost sshd[1458]: message repeated 2 times: [ Failed password for root from 43.255.190.188 port 53854 ssh2]
Apr 13 16:14:47 ovzhost sshd[1458]: Received disconnect from 43.255.190.188: 11:  [preauth]
Apr 13 16:14:47 ovzhost sshd[1458]: PAM 2 more authentication failures; logname= uid=0 euid=0 tty=ssh ruser= rhost=43.255.190.188  user=root
Apr 13 16:14:47 ovzhost sshd[1460]: Failed password for bin from 61.147.107.109 port 25451 ssh2
Apr 13 16:14:47 ovzhost sshd[1460]: Received disconnect from 61.147.107.109: 11: Normal Shutdown, Thank you for playing [preauth]
Apr 13 16:14:47 ovzhost sshd[1462]: pam_unix(sshd:auth): authentication failure; logname= uid=0 euid=0 tty=ssh ruser= rhost=43.255.190.188  user=root
Apr 13 16:14:49 ovzhost sshd[1462]: Failed password for root from 43.255.190.188 port 42943 ssh2
Apr 13 16:14:49 ovzhost sshd[1464]: pam_unix(sshd:auth): authentication failure; logname= uid=0 euid=0 tty=ssh ruser= rhost=61.147.107.109  user=bin
Apr 13 16:14:51 ovzhost sshd[1464]: Failed password for bin from 61.147.107.109 port 26477 ssh2
Apr 13 16:14:52 ovzhost sshd[1464]: Received disconnect from 61.147.107.109: 11: Normal Shutdown, Thank you for playing [preauth]
Apr 13 16:14:52 ovzhost sshd[1466]: pam_unix(sshd:auth): authentication failure; logname= uid=0 euid=0 tty=ssh ruser= rhost=221.229.160.223  user=root
Apr 13 16:14:52 ovzhost sshd[1462]: message repeated 2 times: [ Failed password for root from 43.255.190.188 port 42943 ssh2]
Apr 13 16:14:53 ovzhost sshd[1462]: Received disconnect from 43.255.190.188: 11:  [preauth]
Apr 13 16:14:53 ovzhost sshd[1462]: PAM 2 more authentication failures; logname= uid=0 euid=0 tty=ssh ruser= rhost=43.255.190.188  user=root
Apr 13 16:14:53 ovzhost sshd[1468]: pam_unix(sshd:auth): authentication failure; logname= uid=0 euid=0 tty=ssh ruser= rhost=43.255.190.188  user=root
Apr 13 16:14:54 ovzhost sshd[1470]: Invalid user bins from 61.147.107.109
Apr 13 16:14:54 ovzhost sshd[1470]: input_userauth_request: invalid user bins [preauth]
Apr 13 16:14:54 ovzhost sshd[1470]: pam_unix(sshd:auth): check pass; user unknown
Apr 13 16:14:54 ovzhost sshd[1470]: pam_unix(sshd:auth): authentication failure; logname= uid=0 euid=0 tty=ssh ruser= rhost=61.147.107.109 
Apr 13 16:14:54 ovzhost sshd[1466]: Failed password for root from 221.229.160.223 port 56262 ssh2
Apr 13 16:14:55 ovzhost sshd[1468]: Failed password for root from 43.255.190.188 port 57510 ssh2
Apr 13 16:14:56 ovzhost sshd[1470]: Failed password for invalid user bins from 61.147.107.109 port 27450 ssh2
Apr 13 16:14:56 ovzhost sshd[1470]: Received disconnect from 61.147.107.109: 11: Normal Shutdown, Thank you for playing [preauth]
Apr 13 16:14:58 ovzhost sshd[1472]: Invalid user bins from 61.147.107.109
Apr 13 16:14:58 ovzhost sshd[1472]: input_userauth_request: invalid user bins [preauth]
Apr 13 16:14:58 ovzhost sshd[1472]: pam_unix(sshd:auth): check pass; user unknown
Apr 13 16:14:58 ovzhost sshd[1472]: pam_unix(sshd:auth): authentication failure; logname= uid=0 euid=0 tty=ssh ruser= rhost=61.147.107.109 
Apr 13 16:14:59 ovzhost sshd[1466]: message repeated 2 times: [ Failed password for root from 221.229.160.223 port 56262 ssh2]
Apr 13 16:14:59 ovzhost sshd[1466]: Received disconnect from 221.229.160.223: 11:  [preauth]
Apr 13 16:14:59 ovzhost sshd[1466]: PAM 2 more authentication failures; logname= uid=0 euid=0 tty=ssh ruser= rhost=221.229.160.223  user=root
Apr 13 16:14:59 ovzhost sshd[1468]: message repeated 2 times: [ Failed password for root from 43.255.190.188 port 57510 ssh2]
Apr 13 16:14:59 ovzhost sshd[1468]: Received disconnect from 43.255.190.188: 11:  [preauth]
Apr 13 16:14:59 ovzhost sshd[1468]: PAM 2 more authentication failures; logname= uid=0 euid=0 tty=ssh ruser= rhost=43.255.190.188  user=root
Apr 13 16:15:00 ovzhost sshd[1478]: pam_unix(sshd:auth): authentication failure; logname= uid=0 euid=0 tty=ssh ruser= rhost=43.255.190.188  user=root
Apr 13 16:15:01 ovzhost sshd[1472]: Failed password for invalid user bins from 61.147.107.109 port 28374 ssh2
Apr 13 16:15:01 ovzhost sshd[1476]: pam_unix(sshd:auth): authentication failure; logname= uid=0 euid=0 tty=ssh ruser= rhost=221.229.160.223  user=root
Apr 13 16:15:01 ovzhost sshd[1472]: Received disconnect from 61.147.107.109: 11: Normal Shutdown, Thank you for playing [preauth]
Apr 13 16:15:02 ovzhost sshd[1478]: Failed password for root from 43.255.190.188 port 46714 ssh2
Apr 13 16:15:03 ovzhost sshd[1476]: Failed password for root from 221.229.160.223 port 33242 ssh2
Apr 13 16:15:03 ovzhost sshd[1480]: Invalid user bjpark from 61.147.107.109
Apr 13 16:15:03 ovzhost sshd[1480]: input_userauth_request: invalid user bjpark [preauth]
Apr 13 16:15:03 ovzhost sshd[1480]: pam_unix(sshd:auth): check pass; user unknown
Apr 13 16:15:03 ovzhost sshd[1480]: pam_unix(sshd:auth): authentication failure; logname= uid=0 euid=0 tty=ssh ruser= rhost=61.147.107.109 
Apr 13 16:15:05 ovzhost sshd[1480]: Failed password for invalid user bjpark from 61.147.107.109 port 29398 ssh2
Apr 13 16:15:05 ovzhost sshd[1480]: Received disconnect from 61.147.107.109: 11: Normal Shutdown, Thank you for playing [preauth]
Apr 13 16:15:06 ovzhost sshd[1478]: message repeated 2 times: [ Failed password for root from 43.255.190.188 port 46714 ssh2]
Apr 13 16:15:06 ovzhost sshd[1478]: Received disconnect from 43.255.190.188: 11:  [preauth]
Apr 13 16:15:06 ovzhost sshd[1478]: PAM 2 more authentication failures; logname= uid=0 euid=0 tty=ssh ruser= rhost=43.255.190.188  user=root
Apr 13 16:15:07 ovzhost sshd[1482]: pam_unix(sshd:auth): authentication failure; logname= uid=0 euid=0 tty=ssh ruser= rhost=43.255.190.188  user=root
Apr 13 16:15:07 ovzhost sshd[1476]: message repeated 2 times: [ Failed password for root from 221.229.160.223 port 33242 ssh2]
Apr 13 16:15:07 ovzhost sshd[1476]: Received disconnect from 221.229.160.223: 11:  [preauth]
Apr 13 16:15:07 ovzhost sshd[1476]: PAM 2 more authentication failures; logname= uid=0 euid=0 tty=ssh ruser= rhost=221.229.160.223  user=root
Apr 13 16:15:09 ovzhost sshd[1482]: Failed password for root from 43.255.190.188 port 35849 ssh2
Apr 13 16:15:09 ovzhost sshd[1485]: pam_unix(sshd:auth): authentication failure; logname= uid=0 euid=0 tty=ssh ruser= rhost=221.229.160.223  user=root
Apr 13 16:15:10 ovzhost sshd[1484]: Invalid user bmp from 61.147.107.109
Apr 13 16:15:10 ovzhost sshd[1484]: input_userauth_request: invalid user bmp [preauth]
Apr 13 16:15:10 ovzhost sshd[1484]: pam_unix(sshd:auth): check pass; user unknown
Apr 13 16:15:10 ovzhost sshd[1484]: pam_unix(sshd:auth): authentication failure; logname= uid=0 euid=0 tty=ssh ruser= rhost=61.147.107.109 
Apr 13 16:15:11 ovzhost sshd[1485]: Failed password for root from 221.229.160.223 port 39455 ssh2
Apr 13 16:15:12 ovzhost sshd[1484]: Failed password for invalid user bmp from 61.147.107.109 port 30315 ssh2
Apr 13 16:15:12 ovzhost sshd[1484]: Received disconnect from 61.147.107.109: 11: Normal Shutdown, Thank you for playing [preauth]
Apr 13 16:15:13 ovzhost sshd[1482]: message repeated 2 times: [ Failed password for root from 43.255.190.188 port 35849 ssh2]
Apr 13 16:15:13 ovzhost sshd[1482]: Received disconnect from 43.255.190.188: 11:  [preauth]
Apr 13 16:15:13 ovzhost sshd[1482]: PAM 2 more authentication failures; logname= uid=0 euid=0 tty=ssh ruser= rhost=43.255.190.188  user=root
Apr 13 16:15:13 ovzhost sshd[1489]: pam_unix(sshd:auth): authentication failure; logname= uid=0 euid=0 tty=ssh ruser= rhost=43.255.190.188  user=root
Apr 13 16:15:15 ovzhost sshd[1489]: Failed password for root from 43.255.190.188 port 52860 ssh2
Apr 13 16:15:15 ovzhost sshd[1485]: message repeated 2 times: [ Failed password for root from 221.229.160.223 port 39455 ssh2]
Apr 13 16:15:15 ovzhost sshd[1485]: Received disconnect from 221.229.160.223: 11:  [preauth]
Apr 13 16:15:15 ovzhost sshd[1485]: PAM 2 more authentication failures; logname= uid=0 euid=0 tty=ssh ruser= rhost=221.229.160.223  user=root
Apr 13 16:15:17 ovzhost sshd[1493]: pam_unix(sshd:auth): authentication failure; logname= uid=0 euid=0 tty=ssh ruser= rhost=221.229.160.223  user=root
Apr 13 16:15:17 ovzhost sshd[1491]: Invalid user bmp from 61.147.107.109
Apr 13 16:15:17 ovzhost sshd[1491]: input_userauth_request: invalid user bmp [preauth]
Apr 13 16:15:17 ovzhost sshd[1491]: pam_unix(sshd:auth): check pass; user unknown
Apr 13 16:15:17 ovzhost sshd[1491]: pam_unix(sshd:auth): authentication failure; logname= uid=0 euid=0 tty=ssh ruser= rhost=61.147.107.109 
Apr 13 16:15:19 ovzhost sshd[1493]: Failed password for root from 221.229.160.223 port 44946 ssh2
Apr 13 16:15:19 ovzhost sshd[1489]: message repeated 2 times: [ Failed password for root from 43.255.190.188 port 52860 ssh2]
Apr 13 16:15:19 ovzhost sshd[1489]: Received disconnect from 43.255.190.188: 11:  [preauth]
Apr 13 16:15:19 ovzhost sshd[1489]: PAM 2 more authentication failures; logname= uid=0 euid=0 tty=ssh ruser= rhost=43.255.190.188  user=root
Apr 13 16:15:19 ovzhost sshd[1491]: Failed password for invalid user bmp from 61.147.107.109 port 31760 ssh2
Apr 13 16:15:19 ovzhost sshd[1491]: Received disconnect from 61.147.107.109: 11: Normal Shutdown, Thank you for playing [preauth]
Apr 13 16:15:19 ovzhost sshd[1495]: pam_unix(sshd:auth): authentication failure; logname= uid=0 euid=0 tty=ssh ruser= rhost=43.255.190.188  user=root
Apr 13 16:15:22 ovzhost sshd[1495]: Failed password for root from 43.255.190.188 port 40736 ssh2
Apr 13 16:15:22 ovzhost sshd[1497]: Invalid user bowman from 61.147.107.109
Apr 13 16:15:22 ovzhost sshd[1497]: input_userauth_request: invalid user bowman [preauth]
Apr 13 16:15:22 ovzhost sshd[1497]: pam_unix(sshd:auth): check pass; user unknown
Apr 13 16:15:22 ovzhost sshd[1497]: pam_unix(sshd:auth): authentication failure; logname= uid=0 euid=0 tty=ssh ruser= rhost=61.147.107.109 
Apr 13 16:15:23 ovzhost sshd[1493]: message repeated 2 times: [ Failed password for root from 221.229.160.223 port 44946 ssh2]
Apr 13 16:15:23 ovzhost sshd[1493]: Received disconnect from 221.229.160.223: 11:  [preauth]
Apr 13 16:15:23 ovzhost sshd[1493]: PAM 2 more authentication failures; logname= uid=0 euid=0 tty=ssh ruser= rhost=221.229.160.223  user=root
Apr 13 16:15:24 ovzhost sshd[1497]: Failed password for invalid user bowman from 61.147.107.109 port 33141 ssh2
Apr 13 16:15:24 ovzhost sshd[1497]: Received disconnect from 61.147.107.109: 11: Normal Shutdown, Thank you for playing [preauth]
Apr 13 16:15:25 ovzhost sshd[1499]: pam_unix(sshd:auth): authentication failure; logname= uid=0 euid=0 tty=ssh ruser= rhost=221.229.160.223  user=root
Apr 13 16:15:25 ovzhost sshd[1495]: message repeated 2 times: [ Failed password for root from 43.255.190.188 port 40736 ssh2]
Apr 13 16:15:26 ovzhost sshd[1495]: Received disconnect from 43.255.190.188: 11:  [preauth]
Apr 13 16:15:26 ovzhost sshd[1495]: PAM 2 more authentication failures; logname= uid=0 euid=0 tty=ssh ruser= rhost=43.255.190.188  user=root
Apr 13 16:15:26 ovzhost sshd[1503]: pam_unix(sshd:auth): authentication failure; logname= uid=0 euid=0 tty=ssh ruser= rhost=43.255.190.188  user=root
Apr 13 16:15:26 ovzhost sshd[1501]: Invalid user bowman from 61.147.107.109
Apr 13 16:15:26 ovzhost sshd[1501]: input_userauth_request: invalid user bowman [preauth]
Apr 13 16:15:26 ovzhost sshd[1501]: pam_unix(sshd:auth): check pass; user unknown
Apr 13 16:15:26 ovzhost sshd[1501]: pam_unix(sshd:auth): authentication failure; logname= uid=0 euid=0 tty=ssh ruser= rhost=61.147.107.109 
Apr 13 16:15:27 ovzhost sshd[1499]: Failed password for root from 221.229.160.223 port 50715 ssh2
Apr 13 16:15:29 ovzhost sshd[1503]: Failed password for root from 43.255.190.188 port 58478 ssh2
Apr 13 16:15:29 ovzhost sshd[1501]: Failed password for invalid user bowman from 61.147.107.109 port 34154 ssh2
Apr 13 16:15:29 ovzhost sshd[1501]: Received disconnect from 61.147.107.109: 11: Normal Shutdown, Thank you for playing [preauth]
Apr 13 16:15:31 ovzhost sshd[1505]: Invalid user buildbot from 61.147.107.109
Apr 13 16:15:31 ovzhost sshd[1505]: input_userauth_request: invalid user buildbot [preauth]
Apr 13 16:15:31 ovzhost sshd[1505]: pam_unix(sshd:auth): check pass; user unknown
Apr 13 16:15:31 ovzhost sshd[1505]: pam_unix(sshd:auth): authentication failure; logname= uid=0 euid=0 tty=ssh ruser= rhost=61.147.107.109 
Apr 13 16:15:32 ovzhost sshd[1503]: message repeated 2 times: [ Failed password for root from 43.255.190.188 port 58478 ssh2]
Apr 13 16:15:32 ovzhost sshd[1503]: Received disconnect from 43.255.190.188: 11:  [preauth]
Apr 13 16:15:32 ovzhost sshd[1503]: PAM 2 more authentication failures; logname= uid=0 euid=0 tty=ssh ruser= rhost=43.255.190.188  user=root
Apr 13 16:15:32 ovzhost sshd[1499]: message repeated 2 times: [ Failed password for root from 221.229.160.223 port 50715 ssh2]
Apr 13 16:15:32 ovzhost sshd[1499]: Received disconnect from 221.229.160.223: 11:  [preauth]
Apr 13 16:15:32 ovzhost sshd[1499]: PAM 2 more authentication failures; logname= uid=0 euid=0 tty=ssh ruser= rhost=221.229.160.223  user=root
Apr 13 16:15:33 ovzhost sshd[1507]: pam_unix(sshd:auth): authentication failure; logname= uid=0 euid=0 tty=ssh ruser= rhost=43.255.190.188  user=root
Apr 13 16:15:33 ovzhost sshd[1505]: Failed password for invalid user buildbot from 61.147.107.109 port 35184 ssh2
Apr 13 16:15:34 ovzhost sshd[1505]: Received disconnect from 61.147.107.109: 11: Normal Shutdown, Thank you for playing [preauth]
Apr 13 16:15:34 ovzhost sshd[1509]: pam_unix(sshd:auth): authentication failure; logname= uid=0 euid=0 tty=ssh ruser= rhost=221.229.160.223  user=root
Apr 13 16:15:35 ovzhost sshd[1507]: Failed password for root from 43.255.190.188 port 46876 ssh2
Apr 13 16:15:36 ovzhost sshd[1509]: Failed password for root from 221.229.160.223 port 57010 ssh2
Apr 13 16:15:36 ovzhost sshd[1511]: Invalid user cacti from 61.147.107.109
Apr 13 16:15:36 ovzhost sshd[1511]: input_userauth_request: invalid user cacti [preauth]
Apr 13 16:15:36 ovzhost sshd[1511]: pam_unix(sshd:auth): check pass; user unknown
Apr 13 16:15:36 ovzhost sshd[1511]: pam_unix(sshd:auth): authentication failure; logname= uid=0 euid=0 tty=ssh ruser= rhost=61.147.107.109 
Apr 13 16:15:38 ovzhost sshd[1511]: Failed password for invalid user cacti from 61.147.107.109 port 36164 ssh2
Apr 13 16:15:38 ovzhost sshd[1511]: Received disconnect from 61.147.107.109: 11: Normal Shutdown, Thank you for playing [preauth]
Apr 13 16:15:39 ovzhost sshd[1507]: message repeated 2 times: [ Failed password for root from 43.255.190.188 port 46876 ssh2]
Apr 13 16:15:39 ovzhost sshd[1507]: Received disconnect from 43.255.190.188: 11:  [preauth]
Apr 13 16:15:39 ovzhost sshd[1507]: PAM 2 more authentication failures; logname= uid=0 euid=0 tty=ssh ruser= rhost=43.255.190.188  user=root
Apr 13 16:15:39 ovzhost sshd[1513]: pam_unix(sshd:auth): authentication failure; logname= uid=0 euid=0 tty=ssh ruser= rhost=43.255.190.188  user=root
Apr 13 16:15:41 ovzhost sshd[1515]: Invalid user cacti from 61.147.107.109
Apr 13 16:15:41 ovzhost sshd[1515]: input_userauth_request: invalid user cacti [preauth]
Apr 13 16:15:41 ovzhost sshd[1515]: pam_unix(sshd:auth): check pass; user unknown
Apr 13 16:15:41 ovzhost sshd[1515]: pam_unix(sshd:auth): authentication failure; logname= uid=0 euid=0 tty=ssh ruser= rhost=61.147.107.109 
Apr 13 16:15:41 ovzhost sshd[1509]: message repeated 2 times: [ Failed password for root from 221.229.160.223 port 57010 ssh2]
Apr 13 16:15:41 ovzhost sshd[1509]: Received disconnect from 221.229.160.223: 11:  [preauth]
Apr 13 16:15:41 ovzhost sshd[1509]: PAM 2 more authentication failures; logname= uid=0 euid=0 tty=ssh ruser= rhost=221.229.160.223  user=root
Apr 13 16:15:41 ovzhost sshd[1513]: Failed password for root from 43.255.190.188 port 36728 ssh2
Apr 13 16:15:42 ovzhost sshd[1515]: Failed password for invalid user cacti from 61.147.107.109 port 37210 ssh2
Apr 13 16:15:42 ovzhost sshd[1515]: Received disconnect from 61.147.107.109: 11: Normal Shutdown, Thank you for playing [preauth]
Apr 13 16:15:43 ovzhost sshd[1517]: pam_unix(sshd:auth): authentication failure; logname= uid=0 euid=0 tty=ssh ruser= rhost=221.229.160.223  user=root
Apr 13 16:15:45 ovzhost sshd[1519]: Invalid user cch from 61.147.107.109
Apr 13 16:15:45 ovzhost sshd[1519]: input_userauth_request: invalid user cch [preauth]
Apr 13 16:15:45 ovzhost sshd[1519]: pam_unix(sshd:auth): check pass; user unknown
Apr 13 16:15:45 ovzhost sshd[1519]: pam_unix(sshd:auth): authentication failure; logname= uid=0 euid=0 tty=ssh ruser= rhost=61.147.107.109 
Apr 13 16:15:45 ovzhost sshd[1517]: Failed password for root from 221.229.160.223 port 35152 ssh2
Apr 13 16:15:46 ovzhost sshd[1513]: message repeated 2 times: [ Failed password for root from 43.255.190.188 port 36728 ssh2]
Apr 13 16:15:46 ovzhost sshd[1513]: Received disconnect from 43.255.190.188: 11:  [preauth]
Apr 13 16:15:46 ovzhost sshd[1513]: PAM 2 more authentication failures; logname= uid=0 euid=0 tty=ssh ruser= rhost=43.255.190.188  user=root
Apr 13 16:15:46 ovzhost sshd[1521]: pam_unix(sshd:auth): authentication failure; logname= uid=0 euid=0 tty=ssh ruser= rhost=43.255.190.188  user=root
Apr 13 16:15:46 ovzhost sshd[1519]: Failed password for invalid user cch from 61.147.107.109 port 38090 ssh2
Apr 13 16:15:47 ovzhost sshd[1519]: Received disconnect from 61.147.107.109: 11: Normal Shutdown, Thank you for playing [preauth]
Apr 13 16:15:48 ovzhost sshd[1521]: Failed password for root from 43.255.190.188 port 54520 ssh2
Apr 13 16:15:49 ovzhost sshd[1523]: Invalid user celine from 61.147.107.109
Apr 13 16:15:49 ovzhost sshd[1523]: input_userauth_request: invalid user celine [preauth]
