Apr 13 16:15:49 ovzhost sshd[1523]: pam_unix(sshd:auth): check pass; user unknown
Apr 13 16:15:49 ovzhost sshd[1523]: pam_unix(sshd:auth): authentication failure; logname= uid=0 euid=0 tty=ssh ruser= rhost=61.147.107.109 
Apr 13 16:15:49 ovzhost sshd[1517]: message repeated 2 times: [ Failed password for root from 221.229.160.223 port 35152 ssh2]
Apr 13 16:15:49 ovzhost sshd[1517]: Received disconnect from 221.229.160.223: 11:  [preauth]
Apr 13 16:15:49 ovzhost sshd[1517]: PAM 2 more authentication failures; logname= uid=0 euid=0 tty=ssh ruser= rhost=221.229.160.223  user=root
Apr 13 16:15:51 ovzhost sshd[1523]: Failed password for invalid user celine from 61.147.107.109 port 39040 ssh2
Apr 13 16:15:51 ovzhost sshd[1523]: Received disconnect from 61.147.107.109: 11: Normal Shutdown, Thank you for playing [preauth]
Apr 13 16:15:51 ovzhost sshd[1525]: pam_unix(sshd:auth): authentication failure; logname= uid=0 euid=0 tty=ssh ruser= rhost=221.229.160.223  user=root
Apr 13 16:15:52 ovzhost sshd[1521]: message repeated 2 times: [ Failed password for root from 43.255.190.188 port 54520 ssh2]
Apr 13 16:15:52 ovzhost sshd[1521]: Received disconnect from 43.255.190.188: 11:  [preauth]
Apr 13 16:15:52 ovzhost sshd[1521]: PAM 2 more authentication failures; logname= uid=0 euid=0 tty=ssh ruser= rhost=43.255.190.188  user=root
Apr 13 16:15:53 ovzhost sshd[1529]: pam_unix(sshd:auth): authentication failure; logname= uid=0 euid=0 tty=ssh ruser= rhost=43.255.190.188  user=root
Apr 13 16:15:53 ovzhost sshd[1525]: Failed password for root from 221.229.160.223 port 40976 ssh2
Apr 13 16:15:53 ovzhost sshd[1527]: Invalid user celine from 61.147.107.109
Apr 13 16:15:53 ovzhost sshd[1527]: input_userauth_request: invalid user celine [preauth]
Apr 13 16:15:53 ovzhost sshd[1527]: pam_unix(sshd:auth): check pass; user unknown
Apr 13 16:15:53 ovzhost sshd[1527]: pam_unix(sshd:auth): authentication failure; logname= uid=0 euid=0 tty=ssh ruser= rhost=61.147.107.109 
Apr 13 16:15:55 ovzhost sshd[1529]: Failed password for root from 43.255.190.188 port 43868 ssh2
Apr 13 16:15:55 ovzhost sshd[1527]: Failed password for invalid user celine from 61.147.107.109 port 39959 ssh2
Apr 13 16:15:55 ovzhost sshd[1527]: Received disconnect from 61.147.107.109: 11: Normal Shutdown, Thank you for playing [preauth]
Apr 13 16:15:57 ovzhost sshd[1531]: Invalid user centos from 61.147.107.109
Apr 13 16:15:57 ovzhost sshd[1531]: input_userauth_request: invalid user centos [preauth]
Apr 13 16:15:58 ovzhost sshd[1531]: pam_unix(sshd:auth): check pass; user unknown
Apr 13 16:15:58 ovzhost sshd[1531]: pam_unix(sshd:auth): authentication failure; logname= uid=0 euid=0 tty=ssh ruser= rhost=61.147.107.109 
Apr 13 16:15:58 ovzhost sshd[1525]: message repeated 2 times: [ Failed password for root from 221.229.160.223 port 40976 ssh2]
Apr 13 16:15:58 ovzhost sshd[1525]: Received disconnect from 221.229.160.223: 11:  [preauth]
Apr 13 16:15:58 ovzhost sshd[1525]: PAM 2 more authentication failures; logname= uid=0 euid=0 tty=ssh ruser= rhost=221.229.160.223  user=root
Apr 13 16:15:59 ovzhost sshd[1529]: message repeated 2 times: [ Failed password for root from 43.255.190.188 port 43868 ssh2]
Apr 13 16:15:59 ovzhost sshd[1529]: Received disconnect from 43.255.190.188: 11:  [preauth]
Apr 13 16:15:59 ovzhost sshd[1529]: PAM 2 more authentication failures; logname= uid=0 euid=0 tty=ssh ruser= rhost=43.255.190.188  user=root
Apr 13 16:16:00 ovzhost sshd[1533]: pam_unix(sshd:auth): authentication failure; logname= uid=0 euid=0 tty=ssh ruser= rhost=221.229.160.223  user=root
Apr 13 16:16:00 ovzhost sshd[1535]: pam_unix(sshd:auth): authentication failure; logname= uid=0 euid=0 tty=ssh ruser= rhost=43.255.190.188  user=root
Apr 13 16:16:00 ovzhost sshd[1531]: Failed password for invalid user centos from 61.147.107.109 port 40867 ssh2
Apr 13 16:16:00 ovzhost sshd[1531]: Received disconnect from 61.147.107.109: 11: Normal Shutdown, Thank you for playing [preauth]
Apr 13 16:16:02 ovzhost sshd[1533]: Failed password for root from 221.229.160.223 port 47257 ssh2
Apr 13 16:16:02 ovzhost sshd[1535]: Failed password for root from 43.255.190.188 port 33474 ssh2
Apr 13 16:16:03 ovzhost sshd[1537]: Invalid user centos from 61.147.107.109
Apr 13 16:16:03 ovzhost sshd[1537]: input_userauth_request: invalid user centos [preauth]
Apr 13 16:16:03 ovzhost sshd[1537]: pam_unix(sshd:auth): check pass; user unknown
Apr 13 16:16:03 ovzhost sshd[1537]: pam_unix(sshd:auth): authentication failure; logname= uid=0 euid=0 tty=ssh ruser= rhost=61.147.107.109 
Apr 13 16:16:05 ovzhost sshd[1537]: Failed password for invalid user centos from 61.147.107.109 port 42628 ssh2
Apr 13 16:16:05 ovzhost sshd[1537]: Received disconnect from 61.147.107.109: 11: Normal Shutdown, Thank you for playing [preauth]
Apr 13 16:16:06 ovzhost sshd[1535]: message repeated 2 times: [ Failed password for root from 43.255.190.188 port 33474 ssh2]
Apr 13 16:16:06 ovzhost sshd[1535]: Received disconnect from 43.255.190.188: 11:  [preauth]
Apr 13 16:16:06 ovzhost sshd[1535]: PAM 2 more authentication failures; logname= uid=0 euid=0 tty=ssh ruser= rhost=43.255.190.188  user=root
Apr 13 16:16:06 ovzhost sshd[1533]: message repeated 2 times: [ Failed password for root from 221.229.160.223 port 47257 ssh2]
Apr 13 16:16:07 ovzhost sshd[1533]: Received disconnect from 221.229.160.223: 11:  [preauth]
Apr 13 16:16:07 ovzhost sshd[1533]: PAM 2 more authentication failures; logname= uid=0 euid=0 tty=ssh ruser= rhost=221.229.160.223  user=root
Apr 13 16:16:07 ovzhost sshd[1543]: pam_unix(sshd:auth): authentication failure; logname= uid=0 euid=0 tty=ssh ruser= rhost=43.255.190.188  user=root
Apr 13 16:16:07 ovzhost sshd[1541]: Invalid user cgi from 61.147.107.109
Apr 13 16:16:07 ovzhost sshd[1541]: input_userauth_request: invalid user cgi [preauth]
Apr 13 16:16:07 ovzhost sshd[1541]: pam_unix(sshd:auth): check pass; user unknown
Apr 13 16:16:07 ovzhost sshd[1541]: pam_unix(sshd:auth): authentication failure; logname= uid=0 euid=0 tty=ssh ruser= rhost=61.147.107.109 
Apr 13 16:16:08 ovzhost sshd[1545]: pam_unix(sshd:auth): authentication failure; logname= uid=0 euid=0 tty=ssh ruser= rhost=221.229.160.223  user=root
Apr 13 16:16:09 ovzhost sshd[1543]: Failed password for root from 43.255.190.188 port 51309 ssh2
Apr 13 16:16:09 ovzhost sshd[1541]: Failed password for invalid user cgi from 61.147.107.109 port 1943 ssh2
Apr 13 16:16:09 ovzhost sshd[1541]: Received disconnect from 61.147.107.109: 11: Normal Shutdown, Thank you for playing [preauth]
Apr 13 16:16:10 ovzhost sshd[1545]: Failed password for root from 221.229.160.223 port 53473 ssh2
Apr 13 16:16:12 ovzhost sshd[1547]: Invalid user chenj from 61.147.107.109
Apr 13 16:16:12 ovzhost sshd[1547]: input_userauth_request: invalid user chenj [preauth]
Apr 13 16:16:12 ovzhost sshd[1547]: pam_unix(sshd:auth): check pass; user unknown
Apr 13 16:16:12 ovzhost sshd[1547]: pam_unix(sshd:auth): authentication failure; logname= uid=0 euid=0 tty=ssh ruser= rhost=61.147.107.109 
Apr 13 16:16:13 ovzhost sshd[1547]: Failed password for invalid user chenj from 61.147.107.109 port 2878 ssh2
Apr 13 16:16:13 ovzhost sshd[1543]: message repeated 2 times: [ Failed password for root from 43.255.190.188 port 51309 ssh2]
Apr 13 16:16:13 ovzhost sshd[1543]: Received disconnect from 43.255.190.188: 11:  [preauth]
Apr 13 16:16:13 ovzhost sshd[1543]: PAM 2 more authentication failures; logname= uid=0 euid=0 tty=ssh ruser= rhost=43.255.190.188  user=root
Apr 13 16:16:14 ovzhost sshd[1547]: Received disconnect from 61.147.107.109: 11: Normal Shutdown, Thank you for playing [preauth]
Apr 13 16:16:14 ovzhost sshd[1549]: pam_unix(sshd:auth): authentication failure; logname= uid=0 euid=0 tty=ssh ruser= rhost=43.255.190.188  user=root
Apr 13 16:16:15 ovzhost sshd[1545]: message repeated 2 times: [ Failed password for root from 221.229.160.223 port 53473 ssh2]
Apr 13 16:16:16 ovzhost sshd[1545]: Received disconnect from 221.229.160.223: 11:  [preauth]
Apr 13 16:16:16 ovzhost sshd[1545]: PAM 2 more authentication failures; logname= uid=0 euid=0 tty=ssh ruser= rhost=221.229.160.223  user=root
Apr 13 16:16:16 ovzhost sshd[1551]: Invalid user chirag from 61.147.107.109
Apr 13 16:16:16 ovzhost sshd[1551]: input_userauth_request: invalid user chirag [preauth]
Apr 13 16:16:16 ovzhost sshd[1551]: pam_unix(sshd:auth): check pass; user unknown
Apr 13 16:16:16 ovzhost sshd[1551]: pam_unix(sshd:auth): authentication failure; logname= uid=0 euid=0 tty=ssh ruser= rhost=61.147.107.109 
Apr 13 16:16:16 ovzhost sshd[1549]: Failed password for root from 43.255.190.188 port 40952 ssh2
Apr 13 16:16:17 ovzhost sshd[1553]: pam_unix(sshd:auth): authentication failure; logname= uid=0 euid=0 tty=ssh ruser= rhost=221.229.160.223  user=root
Apr 13 16:16:18 ovzhost sshd[1551]: Failed password for invalid user chirag from 61.147.107.109 port 3756 ssh2
Apr 13 16:16:18 ovzhost sshd[1551]: Received disconnect from 61.147.107.109: 11: Normal Shutdown, Thank you for playing [preauth]
Apr 13 16:16:19 ovzhost sshd[1553]: Failed password for root from 221.229.160.223 port 59687 ssh2
Apr 13 16:16:20 ovzhost sshd[1549]: message repeated 2 times: [ Failed password for root from 43.255.190.188 port 40952 ssh2]
Apr 13 16:16:20 ovzhost sshd[1549]: Received disconnect from 43.255.190.188: 11:  [preauth]
Apr 13 16:16:20 ovzhost sshd[1549]: PAM 2 more authentication failures; logname= uid=0 euid=0 tty=ssh ruser= rhost=43.255.190.188  user=root
Apr 13 16:16:21 ovzhost sshd[1555]: pam_unix(sshd:auth): authentication failure; logname= uid=0 euid=0 tty=ssh ruser= rhost=43.255.190.188  user=root
Apr 13 16:16:23 ovzhost sshd[1559]: Invalid user chris from 61.147.107.109
Apr 13 16:16:23 ovzhost sshd[1559]: input_userauth_request: invalid user chris [preauth]
Apr 13 16:16:23 ovzhost sshd[1559]: pam_unix(sshd:auth): check pass; user unknown
Apr 13 16:16:23 ovzhost sshd[1559]: pam_unix(sshd:auth): authentication failure; logname= uid=0 euid=0 tty=ssh ruser= rhost=61.147.107.109 
Apr 13 16:16:24 ovzhost sshd[1555]: Failed password for root from 43.255.190.188 port 59183 ssh2
Apr 13 16:16:24 ovzhost sshd[1553]: message repeated 2 times: [ Failed password for root from 221.229.160.223 port 59687 ssh2]
Apr 13 16:16:24 ovzhost sshd[1553]: Received disconnect from 221.229.160.223: 11:  [preauth]
Apr 13 16:16:24 ovzhost sshd[1553]: PAM 2 more authentication failures; logname= uid=0 euid=0 tty=ssh ruser= rhost=221.229.160.223  user=root
Apr 13 16:16:25 ovzhost sshd[1559]: Failed password for invalid user chris from 61.147.107.109 port 4678 ssh2
Apr 13 16:16:25 ovzhost sshd[1559]: Received disconnect from 61.147.107.109: 11: Normal Shutdown, Thank you for playing [preauth]
Apr 13 16:16:26 ovzhost sshd[1561]: pam_unix(sshd:auth): authentication failure; logname= uid=0 euid=0 tty=ssh ruser= rhost=221.229.160.223  user=root
Apr 13 16:16:28 ovzhost sshd[1563]: Invalid user chuan from 61.147.107.109
Apr 13 16:16:28 ovzhost sshd[1563]: input_userauth_request: invalid user chuan [preauth]
Apr 13 16:16:28 ovzhost sshd[1563]: pam_unix(sshd:auth): check pass; user unknown
Apr 13 16:16:28 ovzhost sshd[1563]: pam_unix(sshd:auth): authentication failure; logname= uid=0 euid=0 tty=ssh ruser= rhost=61.147.107.109 
Apr 13 16:16:28 ovzhost sshd[1555]: message repeated 2 times: [ Failed password for root from 43.255.190.188 port 59183 ssh2]
Apr 13 16:16:28 ovzhost sshd[1555]: Received disconnect from 43.255.190.188: 11:  [preauth]
Apr 13 16:16:28 ovzhost sshd[1555]: PAM 2 more authentication failures; logname= uid=0 euid=0 tty=ssh ruser= rhost=43.255.190.188  user=root
Apr 13 16:16:28 ovzhost sshd[1561]: Failed password for root from 221.229.160.223 port 37958 ssh2
Apr 13 16:16:28 ovzhost sshd[1565]: pam_unix(sshd:auth): authentication failure; logname= uid=0 euid=0 tty=ssh ruser= rhost=43.255.190.188  user=root
Apr 13 16:16:30 ovzhost sshd[1563]: Failed password for invalid user chuan from 61.147.107.109 port 6181 ssh2
Apr 13 16:16:30 ovzhost sshd[1563]: Received disconnect from 61.147.107.109: 11: Normal Shutdown, Thank you for playing [preauth]
Apr 13 16:16:30 ovzhost sshd[1565]: Failed password for root from 43.255.190.188 port 49587 ssh2
Apr 13 16:16:32 ovzhost sshd[1567]: Invalid user cindy from 61.147.107.109
Apr 13 16:16:32 ovzhost sshd[1567]: input_userauth_request: invalid user cindy [preauth]
Apr 13 16:16:32 ovzhost sshd[1567]: pam_unix(sshd:auth): check pass; user unknown
Apr 13 16:16:32 ovzhost sshd[1567]: pam_unix(sshd:auth): authentication failure; logname= uid=0 euid=0 tty=ssh ruser= rhost=61.147.107.109 
Apr 13 16:16:32 ovzhost sshd[1570]: Connection closed by 127.0.0.1 [preauth]
Apr 13 16:16:33 ovzhost sshd[1561]: message repeated 2 times: [ Failed password for root from 221.229.160.223 port 37958 ssh2]
Apr 13 16:16:33 ovzhost sshd[1561]: Received disconnect from 221.229.160.223: 11:  [preauth]
Apr 13 16:16:33 ovzhost sshd[1561]: PAM 2 more authentication failures; logname= uid=0 euid=0 tty=ssh ruser= rhost=221.229.160.223  user=root
Apr 13 16:16:35 ovzhost sshd[1567]: Failed password for invalid user cindy from 61.147.107.109 port 7079 ssh2
Apr 13 16:16:35 ovzhost sshd[1572]: pam_unix(sshd:auth): authentication failure; logname= uid=0 euid=0 tty=ssh ruser= rhost=221.229.160.223  user=root
Apr 13 16:16:35 ovzhost sshd[1565]: message repeated 2 times: [ Failed password for root from 43.255.190.188 port 49587 ssh2]
Apr 13 16:16:35 ovzhost sshd[1565]: Received disconnect from 43.255.190.188: 11:  [preauth]
Apr 13 16:16:35 ovzhost sshd[1565]: PAM 2 more authentication failures; logname= uid=0 euid=0 tty=ssh ruser= rhost=43.255.190.188  user=root
Apr 13 16:16:35 ovzhost sshd[1567]: Received disconnect from 61.147.107.109: 11: Normal Shutdown, Thank you for playing [preauth]
Apr 13 16:16:35 ovzhost sshd[1574]: pam_unix(sshd:auth): authentication failure; logname= uid=0 euid=0 tty=ssh ruser= rhost=43.255.190.188  user=root
Apr 13 16:16:36 ovzhost sshd[1572]: Failed password for root from 221.229.160.223 port 44036 ssh2
Apr 13 16:16:37 ovzhost sshd[1574]: Failed password for root from 43.255.190.188 port 40095 ssh2
Apr 13 16:16:38 ovzhost sshd[1578]: Invalid user cloud from 61.147.107.109
Apr 13 16:16:38 ovzhost sshd[1578]: input_userauth_request: invalid user cloud [preauth]
Apr 13 16:16:38 ovzhost sshd[1578]: pam_unix(sshd:auth): check pass; user unknown
Apr 13 16:16:38 ovzhost sshd[1578]: pam_unix(sshd:auth): authentication failure; logname= uid=0 euid=0 tty=ssh ruser= rhost=61.147.107.109 
Apr 13 16:16:40 ovzhost sshd[1578]: Failed password for invalid user cloud from 61.147.107.109 port 8095 ssh2
Apr 13 16:16:40 ovzhost sshd[1578]: Received disconnect from 61.147.107.109: 11: Normal Shutdown, Thank you for playing [preauth]
Apr 13 16:16:41 ovzhost sshd[1572]: message repeated 2 times: [ Failed password for root from 221.229.160.223 port 44036 ssh2]
Apr 13 16:16:41 ovzhost sshd[1572]: Received disconnect from 221.229.160.223: 11:  [preauth]
Apr 13 16:16:41 ovzhost sshd[1572]: PAM 2 more authentication failures; logname= uid=0 euid=0 tty=ssh ruser= rhost=221.229.160.223  user=root
Apr 13 16:16:42 ovzhost sshd[1574]: message repeated 2 times: [ Failed password for root from 43.255.190.188 port 40095 ssh2]
Apr 13 16:16:42 ovzhost sshd[1574]: Received disconnect from 43.255.190.188: 11:  [preauth]
Apr 13 16:16:42 ovzhost sshd[1574]: PAM 2 more authentication failures; logname= uid=0 euid=0 tty=ssh ruser= rhost=43.255.190.188  user=root
Apr 13 16:16:42 ovzhost sshd[1580]: Invalid user cnap from 61.147.107.109
Apr 13 16:16:42 ovzhost sshd[1580]: input_userauth_request: invalid user cnap [preauth]
Apr 13 16:16:42 ovzhost sshd[1580]: pam_unix(sshd:auth): check pass; user unknown
Apr 13 16:16:42 ovzhost sshd[1580]: pam_unix(sshd:auth): authentication failure; logname= uid=0 euid=0 tty=ssh ruser= rhost=61.147.107.109 
Apr 13 16:16:42 ovzhost sshd[1584]: pam_unix(sshd:auth): authentication failure; logname= uid=0 euid=0 tty=ssh ruser= rhost=43.255.190.188  user=root
Apr 13 16:16:43 ovzhost sshd[1582]: pam_unix(sshd:auth): authentication failure; logname= uid=0 euid=0 tty=ssh ruser= rhost=221.229.160.223  user=root
Apr 13 16:16:44 ovzhost sshd[1580]: Failed password for invalid user cnap from 61.147.107.109 port 9126 ssh2
Apr 13 16:16:44 ovzhost sshd[1580]: Received disconnect from 61.147.107.109: 11: Normal Shutdown, Thank you for playing [preauth]
Apr 13 16:16:44 ovzhost sshd[1584]: Failed password for root from 43.255.190.188 port 59503 ssh2
Apr 13 16:16:45 ovzhost sshd[1582]: Failed password for root from 221.229.160.223 port 50641 ssh2
Apr 13 16:16:47 ovzhost sshd[1586]: Invalid user cnc from 61.147.107.109
Apr 13 16:16:47 ovzhost sshd[1586]: input_userauth_request: invalid user cnc [preauth]
Apr 13 16:16:47 ovzhost sshd[1586]: pam_unix(sshd:auth): check pass; user unknown
Apr 13 16:16:47 ovzhost sshd[1586]: pam_unix(sshd:auth): authentication failure; logname= uid=0 euid=0 tty=ssh ruser= rhost=61.147.107.109 
Apr 13 16:16:48 ovzhost sshd[1586]: Failed password for invalid user cnc from 61.147.107.109 port 10063 ssh2
Apr 13 16:16:49 ovzhost sshd[1586]: Received disconnect from 61.147.107.109: 11: Normal Shutdown, Thank you for playing [preauth]
Apr 13 16:16:49 ovzhost sshd[1584]: message repeated 2 times: [ Failed password for root from 43.255.190.188 port 59503 ssh2]
Apr 13 16:16:49 ovzhost sshd[1584]: Received disconnect from 43.255.190.188: 11:  [preauth]
Apr 13 16:16:49 ovzhost sshd[1584]: PAM 2 more authentication failures; logname= uid=0 euid=0 tty=ssh ruser= rhost=43.255.190.188  user=root
Apr 13 16:16:49 ovzhost sshd[1588]: pam_unix(sshd:auth): authentication failure; logname= uid=0 euid=0 tty=ssh ruser= rhost=43.255.190.188  user=root
Apr 13 16:16:50 ovzhost sshd[1582]: message repeated 2 times: [ Failed password for root from 221.229.160.223 port 50641 ssh2]
Apr 13 16:16:50 ovzhost sshd[1582]: Received disconnect from 221.229.160.223: 11:  [preauth]
Apr 13 16:16:50 ovzhost sshd[1582]: PAM 2 more authentication failures; logname= uid=0 euid=0 tty=ssh ruser= rhost=221.229.160.223  user=root
Apr 13 16:16:51 ovzhost sshd[1590]: Invalid user cnc from 61.147.107.109
Apr 13 16:16:51 ovzhost sshd[1590]: input_userauth_request: invalid user cnc [preauth]
Apr 13 16:16:51 ovzhost sshd[1590]: pam_unix(sshd:auth): check pass; user unknown
Apr 13 16:16:51 ovzhost sshd[1590]: pam_unix(sshd:auth): authentication failure; logname= uid=0 euid=0 tty=ssh ruser= rhost=61.147.107.109 
Apr 13 16:16:51 ovzhost sshd[1588]: Failed password for root from 43.255.190.188 port 50254 ssh2
Apr 13 16:16:52 ovzhost sshd[1592]: pam_unix(sshd:auth): authentication failure; logname= uid=0 euid=0 tty=ssh ruser= rhost=221.229.160.223  user=root
Apr 13 16:16:53 ovzhost sshd[1590]: Failed password for invalid user cnc from 61.147.107.109 port 10934 ssh2
Apr 13 16:16:54 ovzhost sshd[1590]: Received disconnect from 61.147.107.109: 11: Normal Shutdown, Thank you for playing [preauth]
Apr 13 16:16:54 ovzhost sshd[1592]: Failed password for root from 221.229.160.223 port 57329 ssh2
Apr 13 16:16:56 ovzhost sshd[1588]: message repeated 2 times: [ Failed password for root from 43.255.190.188 port 50254 ssh2]
Apr 13 16:16:56 ovzhost sshd[1588]: Received disconnect from 43.255.190.188: 11:  [preauth]
Apr 13 16:16:56 ovzhost sshd[1588]: PAM 2 more authentication failures; logname= uid=0 euid=0 tty=ssh ruser= rhost=43.255.190.188  user=root
Apr 13 16:16:56 ovzhost sshd[1594]: Invalid user cpc from 61.147.107.109
Apr 13 16:16:56 ovzhost sshd[1594]: input_userauth_request: invalid user cpc [preauth]
Apr 13 16:16:56 ovzhost sshd[1594]: pam_unix(sshd:auth): check pass; user unknown
Apr 13 16:16:56 ovzhost sshd[1594]: pam_unix(sshd:auth): authentication failure; logname= uid=0 euid=0 tty=ssh ruser= rhost=61.147.107.109 
Apr 13 16:16:56 ovzhost sshd[1596]: pam_unix(sshd:auth): authentication failure; logname= uid=0 euid=0 tty=ssh ruser= rhost=43.255.190.188  user=root
Apr 13 16:16:58 ovzhost sshd[1594]: Failed password for invalid user cpc from 61.147.107.109 port 11910 ssh2
Apr 13 16:16:59 ovzhost sshd[1594]: Received disconnect from 61.147.107.109: 11: Normal Shutdown, Thank you for playing [preauth]
Apr 13 16:16:59 ovzhost sshd[1596]: Failed password for root from 43.255.190.188 port 41933 ssh2
Apr 13 16:16:59 ovzhost sshd[1592]: message repeated 2 times: [ Failed password for root from 221.229.160.223 port 57329 ssh2]
Apr 13 16:16:59 ovzhost sshd[1592]: Received disconnect from 221.229.160.223: 11:  [preauth]
Apr 13 16:16:59 ovzhost sshd[1592]: PAM 2 more authentication failures; logname= uid=0 euid=0 tty=ssh ruser= rhost=221.229.160.223  user=root
Apr 13 16:17:01 ovzhost sshd[1600]: Invalid user cron from 61.147.107.109
Apr 13 16:17:01 ovzhost sshd[1600]: input_userauth_request: invalid user cron [preauth]
Apr 13 16:17:01 ovzhost sshd[1600]: pam_unix(sshd:auth): check pass; user unknown
Apr 13 16:17:01 ovzhost sshd[1600]: pam_unix(sshd:auth): authentication failure; logname= uid=0 euid=0 tty=ssh ruser= rhost=61.147.107.109 
Apr 13 16:17:01 ovzhost sshd[1598]: pam_unix(sshd:auth): authentication failure; logname= uid=0 euid=0 tty=ssh ruser= rhost=221.229.160.223  user=root
Apr 13 16:17:02 ovzhost sshd[1596]: message repeated 2 times: [ Failed password for root from 43.255.190.188 port 41933 ssh2]
Apr 13 16:17:03 ovzhost sshd[1596]: Received disconnect from 43.255.190.188: 11:  [preauth]
Apr 13 16:17:03 ovzhost sshd[1596]: PAM 2 more authentication failures; logname= uid=0 euid=0 tty=ssh ruser= rhost=43.255.190.188  user=root
Apr 13 16:17:03 ovzhost sshd[1600]: Failed password for invalid user cron from 61.147.107.109 port 12857 ssh2
Apr 13 16:17:03 ovzhost sshd[1598]: Failed password for root from 221.229.160.223 port 35691 ssh2
Apr 13 16:17:03 ovzhost sshd[1600]: Received disconnect from 61.147.107.109: 11: Normal Shutdown, Thank you for playing [preauth]
Apr 13 16:17:03 ovzhost sshd[1602]: pam_unix(sshd:auth): authentication failure; logname= uid=0 euid=0 tty=ssh ruser= rhost=43.255.190.188  user=root
Apr 13 16:17:05 ovzhost sshd[1604]: Invalid user cron from 61.147.107.109
Apr 13 16:17:05 ovzhost sshd[1604]: input_userauth_request: invalid user cron [preauth]
Apr 13 16:17:05 ovzhost sshd[1604]: pam_unix(sshd:auth): check pass; user unknown
Apr 13 16:17:05 ovzhost sshd[1604]: pam_unix(sshd:auth): authentication failure; logname= uid=0 euid=0 tty=ssh ruser= rhost=61.147.107.109 
Apr 13 16:17:06 ovzhost sshd[1602]: Failed password for root from 43.255.190.188 port 60620 ssh2
Apr 13 16:17:07 ovzhost sshd[1604]: Failed password for invalid user cron from 61.147.107.109 port 13758 ssh2
Apr 13 16:17:08 ovzhost sshd[1604]: Received disconnect from 61.147.107.109: 11: Normal Shutdown, Thank you for playing [preauth]
Apr 13 16:17:08 ovzhost sshd[1598]: message repeated 2 times: [ Failed password for root from 221.229.160.223 port 35691 ssh2]
Apr 13 16:17:08 ovzhost sshd[1598]: Received disconnect from 221.229.160.223: 11:  [preauth]
Apr 13 16:17:08 ovzhost sshd[1598]: PAM 2 more authentication failures; logname= uid=0 euid=0 tty=ssh ruser= rhost=221.229.160.223  user=root
Apr 13 16:17:10 ovzhost sshd[1607]: pam_unix(sshd:auth): authentication failure; logname= uid=0 euid=0 tty=ssh ruser= rhost=221.229.160.223  user=root
Apr 13 16:17:10 ovzhost sshd[1609]: Invalid user db2fenc1 from 61.147.107.109
Apr 13 16:17:10 ovzhost sshd[1609]: input_userauth_request: invalid user db2fenc1 [preauth]
Apr 13 16:17:10 ovzhost sshd[1609]: pam_unix(sshd:auth): check pass; user unknown
Apr 13 16:17:10 ovzhost sshd[1609]: pam_unix(sshd:auth): authentication failure; logname= uid=0 euid=0 tty=ssh ruser= rhost=61.147.107.109 
Apr 13 16:17:10 ovzhost sshd[1602]: message repeated 2 times: [ Failed password for root from 43.255.190.188 port 60620 ssh2]
Apr 13 16:17:10 ovzhost sshd[1602]: Received disconnect from 43.255.190.188: 11:  [preauth]
Apr 13 16:17:10 ovzhost sshd[1602]: PAM 2 more authentication failures; logname= uid=0 euid=0 tty=ssh ruser= rhost=43.255.190.188  user=root
Apr 13 16:17:11 ovzhost sshd[1611]: pam_unix(sshd:auth): authentication failure; logname= uid=0 euid=0 tty=ssh ruser= rhost=43.255.190.188  user=root
Apr 13 16:17:12 ovzhost sshd[1607]: Failed password for root from 221.229.160.223 port 43244 ssh2
Apr 13 16:17:12 ovzhost sshd[1609]: Failed password for invalid user db2fenc1 from 61.147.107.109 port 14708 ssh2
Apr 13 16:17:12 ovzhost sshd[1611]: Failed password for root from 43.255.190.188 port 51753 ssh2
Apr 13 16:17:12 ovzhost sshd[1609]: Received disconnect from 61.147.107.109: 11: Normal Shutdown, Thank you for playing [preauth]
Apr 13 16:17:15 ovzhost sshd[1613]: Invalid user db2inst1 from 61.147.107.109
Apr 13 16:17:15 ovzhost sshd[1613]: input_userauth_request: invalid user db2inst1 [preauth]
Apr 13 16:17:15 ovzhost sshd[1613]: pam_unix(sshd:auth): check pass; user unknown
Apr 13 16:17:15 ovzhost sshd[1613]: pam_unix(sshd:auth): authentication failure; logname= uid=0 euid=0 tty=ssh ruser= rhost=61.147.107.109 
Apr 13 16:17:16 ovzhost sshd[1607]: message repeated 2 times: [ Failed password for root from 221.229.160.223 port 43244 ssh2]
Apr 13 16:17:17 ovzhost sshd[1607]: Received disconnect from 221.229.160.223: 11:  [preauth]
Apr 13 16:17:17 ovzhost sshd[1607]: PAM 2 more authentication failures; logname= uid=0 euid=0 tty=ssh ruser= rhost=221.229.160.223  user=root
Apr 13 16:17:17 ovzhost sshd[1611]: message repeated 2 times: [ Failed password for root from 43.255.190.188 port 51753 ssh2]
Apr 13 16:17:17 ovzhost sshd[1611]: Received disconnect from 43.255.190.188: 11:  [preauth]
Apr 13 16:17:17 ovzhost sshd[1611]: PAM 2 more authentication failures; logname= uid=0 euid=0 tty=ssh ruser= rhost=43.255.190.188  user=root
Apr 13 16:17:17 ovzhost sshd[1615]: pam_unix(sshd:auth): authentication failure; logname= uid=0 euid=0 tty=ssh ruser= rhost=43.255.190.188  user=root
Apr 13 16:17:17 ovzhost sshd[1613]: Failed password for invalid user db2inst1 from 61.147.107.109 port 15669 ssh2
Apr 13 16:17:18 ovzhost sshd[1613]: Received disconnect from 61.147.107.109: 11: Normal Shutdown, Thank you for playing [preauth]
Apr 13 16:17:18 ovzhost sshd[1617]: pam_unix(sshd:auth): authentication failure; logname= uid=0 euid=0 tty=ssh ruser= rhost=221.229.160.223  user=root
Apr 13 16:17:19 ovzhost sshd[1615]: Failed password for root from 43.255.190.188 port 41176 ssh2
Apr 13 16:17:20 ovzhost sshd[1619]: Invalid user dba from 61.147.107.109
Apr 13 16:17:20 ovzhost sshd[1619]: input_userauth_request: invalid user dba [preauth]
Apr 13 16:17:20 ovzhost sshd[1619]: pam_unix(sshd:auth): check pass; user unknown
Apr 13 16:17:20 ovzhost sshd[1619]: pam_unix(sshd:auth): authentication failure; logname= uid=0 euid=0 tty=ssh ruser= rhost=61.147.107.109 
Apr 13 16:17:20 ovzhost sshd[1617]: Failed password for root from 221.229.160.223 port 50954 ssh2
Apr 13 16:17:22 ovzhost sshd[1619]: Failed password for invalid user dba from 61.147.107.109 port 16688 ssh2
Apr 13 16:17:22 ovzhost sshd[1619]: Received disconnect from 61.147.107.109: 11: Normal Shutdown, Thank you for playing [preauth]
Apr 13 16:17:24 ovzhost sshd[1615]: message repeated 2 times: [ Failed password for root from 43.255.190.188 port 41176 ssh2]
Apr 13 16:17:24 ovzhost sshd[1615]: Received disconnect from 43.255.190.188: 11:  [preauth]
Apr 13 16:17:24 ovzhost sshd[1615]: PAM 2 more authentication failures; logname= uid=0 euid=0 tty=ssh ruser= rhost=43.255.190.188  user=root
Apr 13 16:17:24 ovzhost sshd[1623]: pam_unix(sshd:auth): authentication failure; logname= uid=0 euid=0 tty=ssh ruser= rhost=43.255.190.188  user=root
Apr 13 16:17:25 ovzhost sshd[1621]: Invalid user dbuser from 61.147.107.109
Apr 13 16:17:25 ovzhost sshd[1621]: input_userauth_request: invalid user dbuser [preauth]
Apr 13 16:17:25 ovzhost sshd[1621]: pam_unix(sshd:auth): check pass; user unknown
Apr 13 16:17:25 ovzhost sshd[1621]: pam_unix(sshd:auth): authentication failure; logname= uid=0 euid=0 tty=ssh ruser= rhost=61.147.107.109 
Apr 13 16:17:25 ovzhost sshd[1617]: message repeated 2 times: [ Failed password for root from 221.229.160.223 port 50954 ssh2]
Apr 13 16:17:26 ovzhost sshd[1617]: Received disconnect from 221.229.160.223: 11:  [preauth]
Apr 13 16:17:26 ovzhost sshd[1617]: PAM 2 more authentication failures; logname= uid=0 euid=0 tty=ssh ruser= rhost=221.229.160.223  user=root
Apr 13 16:17:26 ovzhost sshd[1623]: Failed password for root from 43.255.190.188 port 59321 ssh2
Apr 13 16:17:26 ovzhost sshd[1621]: Failed password for invalid user dbuser from 61.147.107.109 port 17614 ssh2
Apr 13 16:17:27 ovzhost sshd[1621]: Received disconnect from 61.147.107.109: 11: Normal Shutdown, Thank you for playing [preauth]
Apr 13 16:17:27 ovzhost sshd[1625]: pam_unix(sshd:auth): authentication failure; logname= uid=0 euid=0 tty=ssh ruser= rhost=221.229.160.223  user=root
Apr 13 16:17:29 ovzhost sshd[1627]: Invalid user dbuser from 61.147.107.109
Apr 13 16:17:29 ovzhost sshd[1627]: input_userauth_request: invalid user dbuser [preauth]
Apr 13 16:17:29 ovzhost sshd[1627]: pam_unix(sshd:auth): check pass; user unknown
Apr 13 16:17:29 ovzhost sshd[1627]: pam_unix(sshd:auth): authentication failure; logname= uid=0 euid=0 tty=ssh ruser= rhost=61.147.107.109 
Apr 13 16:17:30 ovzhost sshd[1625]: Failed password for root from 221.229.160.223 port 58646 ssh2
Apr 13 16:17:31 ovzhost sshd[1627]: Failed password for invalid user dbuser from 61.147.107.109 port 18505 ssh2
Apr 13 16:17:31 ovzhost sshd[1623]: message repeated 2 times: [ Failed password for root from 43.255.190.188 port 59321 ssh2]
Apr 13 16:17:31 ovzhost sshd[1623]: Received disconnect from 43.255.190.188: 11:  [preauth]
Apr 13 16:17:31 ovzhost sshd[1623]: PAM 2 more authentication failures; logname= uid=0 euid=0 tty=ssh ruser= rhost=43.255.190.188  user=root
Apr 13 16:17:31 ovzhost sshd[1627]: Received disconnect from 61.147.107.109: 11: Normal Shutdown, Thank you for playing [preauth]
Apr 13 16:17:31 ovzhost sshd[1629]: pam_unix(sshd:auth): authentication failure; logname= uid=0 euid=0 tty=ssh ruser= rhost=43.255.190.188  user=root
Apr 13 16:17:33 ovzhost sshd[1631]: Invalid user dede from 61.147.107.109
Apr 13 16:17:33 ovzhost sshd[1631]: input_userauth_request: invalid user dede [preauth]
Apr 13 16:17:33 ovzhost sshd[1631]: pam_unix(sshd:auth): check pass; user unknown
Apr 13 16:17:33 ovzhost sshd[1631]: pam_unix(sshd:auth): authentication failure; logname= uid=0 euid=0 tty=ssh ruser= rhost=61.147.107.109 
Apr 13 16:17:34 ovzhost sshd[1629]: Failed password for root from 43.255.190.188 port 49039 ssh2
Apr 13 16:17:35 ovzhost sshd[1625]: message repeated 2 times: [ Failed password for root from 221.229.160.223 port 58646 ssh2]
Apr 13 16:17:36 ovzhost sshd[1625]: Received disconnect from 221.229.160.223: 11:  [preauth]
Apr 13 16:17:36 ovzhost sshd[1625]: PAM 2 more authentication failures; logname= uid=0 euid=0 tty=ssh ruser= rhost=221.229.160.223  user=root
Apr 13 16:17:36 ovzhost sshd[1631]: Failed password for invalid user dede from 61.147.107.109 port 19349 ssh2
Apr 13 16:17:36 ovzhost sshd[1631]: Received disconnect from 61.147.107.109: 11: Normal Shutdown, Thank you for playing [preauth]
Apr 13 16:17:37 ovzhost sshd[1633]: pam_unix(sshd:auth): authentication failure; logname= uid=0 euid=0 tty=ssh ruser= rhost=221.229.160.223  user=root
Apr 13 16:17:38 ovzhost sshd[1629]: message repeated 2 times: [ Failed password for root from 43.255.190.188 port 49039 ssh2]
Apr 13 16:17:38 ovzhost sshd[1629]: Received disconnect from 43.255.190.188: 11:  [preauth]
Apr 13 16:17:38 ovzhost sshd[1629]: PAM 2 more authentication failures; logname= uid=0 euid=0 tty=ssh ruser= rhost=43.255.190.188  user=root
Apr 13 16:17:38 ovzhost sshd[1636]: Invalid user deepak from 61.147.107.109
Apr 13 16:17:38 ovzhost sshd[1636]: input_userauth_request: invalid user deepak [preauth]
Apr 13 16:17:38 ovzhost sshd[1636]: pam_unix(sshd:auth): check pass; user unknown
Apr 13 16:17:38 ovzhost sshd[1636]: pam_unix(sshd:auth): authentication failure; logname= uid=0 euid=0 tty=ssh ruser= rhost=61.147.107.109 
Apr 13 16:17:39 ovzhost sshd[1633]: Failed password for root from 221.229.160.223 port 38156 ssh2
Apr 13 16:17:39 ovzhost sshd[1638]: pam_unix(sshd:auth): authentication failure; logname= uid=0 euid=0 tty=ssh ruser= rhost=43.255.190.188  user=root
Apr 13 16:17:41 ovzhost sshd[1636]: Failed password for invalid user deepak from 61.147.107.109 port 20365 ssh2
Apr 13 16:17:41 ovzhost sshd[1638]: Failed password for root from 43.255.190.188 port 39512 ssh2
Apr 13 16:17:41 ovzhost sshd[1636]: Received disconnect from 61.147.107.109: 11: Normal Shutdown, Thank you for playing [preauth]
Apr 13 16:17:44 ovzhost sshd[1640]: Invalid user default from 61.147.107.109
Apr 13 16:17:44 ovzhost sshd[1640]: input_userauth_request: invalid user default [preauth]
Apr 13 16:17:44 ovzhost sshd[1640]: pam_unix(sshd:auth): check pass; user unknown
Apr 13 16:17:44 ovzhost sshd[1640]: pam_unix(sshd:auth): authentication failure; logname= uid=0 euid=0 tty=ssh ruser= rhost=61.147.107.109 
Apr 13 16:17:44 ovzhost sshd[1633]: message repeated 2 times: [ Failed password for root from 221.229.160.223 port 38156 ssh2]
Apr 13 16:17:44 ovzhost sshd[1633]: Received disconnect from 221.229.160.223: 11:  [preauth]
Apr 13 16:17:44 ovzhost sshd[1633]: PAM 2 more authentication failures; logname= uid=0 euid=0 tty=ssh ruser= rhost=221.229.160.223  user=root
Apr 13 16:17:45 ovzhost sshd[1638]: message repeated 2 times: [ Failed password for root from 43.255.190.188 port 39512 ssh2]
Apr 13 16:17:45 ovzhost sshd[1638]: Received disconnect from 43.255.190.188: 11:  [preauth]
Apr 13 16:17:45 ovzhost sshd[1638]: PAM 2 more authentication failures; logname= uid=0 euid=0 tty=ssh ruser= rhost=43.255.190.188  user=root
Apr 13 16:17:46 ovzhost sshd[1640]: Failed password for invalid user default from 61.147.107.109 port 21368 ssh2
Apr 13 16:17:46 ovzhost sshd[1642]: pam_unix(sshd:auth): authentication failure; logname= uid=0 euid=0 tty=ssh ruser= rhost=221.229.160.223  user=root
Apr 13 16:17:46 ovzhost sshd[1640]: Received disconnect from 61.147.107.109: 11: Normal Shutdown, Thank you for playing [preauth]
Apr 13 16:17:48 ovzhost sshd[1644]: Invalid user demo from 61.147.107.109
Apr 13 16:17:48 ovzhost sshd[1644]: input_userauth_request: invalid user demo [preauth]
Apr 13 16:17:48 ovzhost sshd[1644]: pam_unix(sshd:auth): check pass; user unknown
Apr 13 16:17:48 ovzhost sshd[1644]: pam_unix(sshd:auth): authentication failure; logname= uid=0 euid=0 tty=ssh ruser= rhost=61.147.107.109 
Apr 13 16:17:48 ovzhost sshd[1642]: Failed password for root from 221.229.160.223 port 45003 ssh2
Apr 13 16:17:49 ovzhost sshd[1644]: Failed password for invalid user demo from 61.147.107.109 port 22320 ssh2
Apr 13 16:17:50 ovzhost sshd[1644]: Received disconnect from 61.147.107.109: 11: Normal Shutdown, Thank you for playing [preauth]
Apr 13 16:17:52 ovzhost sshd[1646]: Invalid user demo from 61.147.107.109
Apr 13 16:17:52 ovzhost sshd[1646]: input_userauth_request: invalid user demo [preauth]
Apr 13 16:17:52 ovzhost sshd[1646]: pam_unix(sshd:auth): check pass; user unknown
Apr 13 16:17:52 ovzhost sshd[1646]: pam_unix(sshd:auth): authentication failure; logname= uid=0 euid=0 tty=ssh ruser= rhost=61.147.107.109 
Apr 13 16:17:53 ovzhost sshd[1642]: message repeated 2 times: [ Failed password for root from 221.229.160.223 port 45003 ssh2]
Apr 13 16:17:53 ovzhost sshd[1642]: Received disconnect from 221.229.160.223: 11:  [preauth]
Apr 13 16:17:53 ovzhost sshd[1642]: PAM 2 more authentication failures; logname= uid=0 euid=0 tty=ssh ruser= rhost=221.229.160.223  user=root
Apr 13 16:17:55 ovzhost sshd[1646]: Failed password for invalid user demo from 61.147.107.109 port 23110 ssh2
Apr 13 16:17:55 ovzhost sshd[1648]: pam_unix(sshd:auth): authentication failure; logname= uid=0 euid=0 tty=ssh ruser= rhost=221.229.160.223  user=root
Apr 13 16:17:55 ovzhost sshd[1646]: Received disconnect from 61.147.107.109: 11: Normal Shutdown, Thank you for playing [preauth]
Apr 13 16:17:57 ovzhost sshd[1648]: Failed password for root from 221.229.160.223 port 52586 ssh2
Apr 13 16:17:57 ovzhost sshd[1650]: Invalid user demo from 61.147.107.109
Apr 13 16:17:57 ovzhost sshd[1650]: input_userauth_request: invalid user demo [preauth]
Apr 13 16:17:57 ovzhost sshd[1650]: pam_unix(sshd:auth): check pass; user unknown
Apr 13 16:17:57 ovzhost sshd[1650]: pam_unix(sshd:auth): authentication failure; logname= uid=0 euid=0 tty=ssh ruser= rhost=61.147.107.109 
Apr 13 16:18:00 ovzhost sshd[1650]: Failed password for invalid user demo from 61.147.107.109 port 24147 ssh2
Apr 13 16:18:00 ovzhost sshd[1650]: Received disconnect from 61.147.107.109: 11: Normal Shutdown, Thank you for playing [preauth]
Apr 13 16:18:01 ovzhost sshd[1648]: message repeated 2 times: [ Failed password for root from 221.229.160.223 port 52586 ssh2]
Apr 13 16:18:01 ovzhost sshd[1648]: Received disconnect from 221.229.160.223: 11:  [preauth]
Apr 13 16:18:01 ovzhost sshd[1648]: PAM 2 more authentication failures; logname= uid=0 euid=0 tty=ssh ruser= rhost=221.229.160.223  user=root
Apr 13 16:18:03 ovzhost sshd[1652]: Invalid user demo from 61.147.107.109
Apr 13 16:18:03 ovzhost sshd[1652]: input_userauth_request: invalid user demo [preauth]
Apr 13 16:18:03 ovzhost sshd[1652]: pam_unix(sshd:auth): check pass; user unknown
Apr 13 16:18:03 ovzhost sshd[1652]: pam_unix(sshd:auth): authentication failure; logname= uid=0 euid=0 tty=ssh ruser= rhost=61.147.107.109 
Apr 13 16:18:03 ovzhost sshd[1654]: pam_unix(sshd:auth): authentication failure; logname= uid=0 euid=0 tty=ssh ruser= rhost=221.229.160.223  user=root
Apr 13 16:18:05 ovzhost sshd[1652]: Failed password for invalid user demo from 61.147.107.109 port 25114 ssh2
Apr 13 16:18:05 ovzhost sshd[1652]: Received disconnect from 61.147.107.109: 11: Normal Shutdown, Thank you for playing [preauth]
Apr 13 16:18:05 ovzhost sshd[1654]: Failed password for root from 221.229.160.223 port 59745 ssh2
Apr 13 16:18:07 ovzhost sshd[1656]: Invalid user demo from 61.147.107.109
Apr 13 16:18:07 ovzhost sshd[1656]: input_userauth_request: invalid user demo [preauth]
Apr 13 16:18:07 ovzhost sshd[1656]: pam_unix(sshd:auth): check pass; user unknown
Apr 13 16:18:07 ovzhost sshd[1656]: pam_unix(sshd:auth): authentication failure; logname= uid=0 euid=0 tty=ssh ruser= rhost=61.147.107.109 
Apr 13 16:18:09 ovzhost sshd[1656]: Failed password for invalid user demo from 61.147.107.109 port 26074 ssh2
Apr 13 16:18:10 ovzhost sshd[1656]: Received disconnect from 61.147.107.109: 11: Normal Shutdown, Thank you for playing [preauth]
Apr 13 16:18:10 ovzhost sshd[1654]: message repeated 2 times: [ Failed password for root from 221.229.160.223 port 59745 ssh2]
Apr 13 16:18:10 ovzhost sshd[1654]: Received disconnect from 221.229.160.223: 11:  [preauth]
Apr 13 16:18:10 ovzhost sshd[1654]: PAM 2 more authentication failures; logname= uid=0 euid=0 tty=ssh ruser= rhost=221.229.160.223  user=root
Apr 13 16:18:12 ovzhost sshd[1659]: Invalid user demo from 61.147.107.109
Apr 13 16:18:12 ovzhost sshd[1659]: input_userauth_request: invalid user demo [preauth]
Apr 13 16:18:12 ovzhost sshd[1659]: pam_unix(sshd:auth): check pass; user unknown
Apr 13 16:18:12 ovzhost sshd[1659]: pam_unix(sshd:auth): authentication failure; logname= uid=0 euid=0 tty=ssh ruser= rhost=61.147.107.109 
Apr 13 16:18:13 ovzhost sshd[1659]: Failed password for invalid user demo from 61.147.107.109 port 26963 ssh2
Apr 13 16:18:13 ovzhost sshd[1659]: Received disconnect from 61.147.107.109: 11: Normal Shutdown, Thank you for playing [preauth]
Apr 13 16:18:16 ovzhost sshd[1661]: Invalid user devdata from 61.147.107.109
Apr 13 16:18:16 ovzhost sshd[1661]: input_userauth_request: invalid user devdata [preauth]
Apr 13 16:18:16 ovzhost sshd[1661]: pam_unix(sshd:auth): check pass; user unknown
Apr 13 16:18:16 ovzhost sshd[1661]: pam_unix(sshd:auth): authentication failure; logname= uid=0 euid=0 tty=ssh ruser= rhost=61.147.107.109 
Apr 13 16:18:18 ovzhost sshd[1661]: Failed password for invalid user devdata from 61.147.107.109 port 27782 ssh2
Apr 13 16:18:19 ovzhost sshd[1661]: Received disconnect from 61.147.107.109: 11: Normal Shutdown, Thank you for playing [preauth]
Apr 13 16:18:21 ovzhost sshd[1664]: Invalid user devdata from 61.147.107.109
Apr 13 16:18:21 ovzhost sshd[1664]: input_userauth_request: invalid user devdata [preauth]
Apr 13 16:18:21 ovzhost sshd[1664]: pam_unix(sshd:auth): check pass; user unknown
Apr 13 16:18:21 ovzhost sshd[1664]: pam_unix(sshd:auth): authentication failure; logname= uid=0 euid=0 tty=ssh ruser= rhost=61.147.107.109 
Apr 13 16:18:23 ovzhost sshd[1664]: Failed password for invalid user devdata from 61.147.107.109 port 28790 ssh2
Apr 13 16:18:23 ovzhost sshd[1664]: Received disconnect from 61.147.107.109: 11: Normal Shutdown, Thank you for playing [preauth]
Apr 13 16:18:26 ovzhost sshd[1666]: Invalid user dim from 61.147.107.109
Apr 13 16:18:26 ovzhost sshd[1666]: input_userauth_request: invalid user dim [preauth]
Apr 13 16:18:26 ovzhost sshd[1666]: pam_unix(sshd:auth): check pass; user unknown
Apr 13 16:18:26 ovzhost sshd[1666]: pam_unix(sshd:auth): authentication failure; logname= uid=0 euid=0 tty=ssh ruser= rhost=61.147.107.109 
Apr 13 16:18:28 ovzhost sshd[1666]: Failed password for invalid user dim from 61.147.107.109 port 29752 ssh2
Apr 13 16:18:28 ovzhost sshd[1666]: Received disconnect from 61.147.107.109: 11: Normal Shutdown, Thank you for playing [preauth]
Apr 13 16:18:30 ovzhost sshd[1668]: Invalid user dimtry from 61.147.107.109
Apr 13 16:18:30 ovzhost sshd[1668]: input_userauth_request: invalid user dimtry [preauth]
Apr 13 16:18:30 ovzhost sshd[1668]: pam_unix(sshd:auth): check pass; user unknown
Apr 13 16:18:30 ovzhost sshd[1668]: pam_unix(sshd:auth): authentication failure; logname= uid=0 euid=0 tty=ssh ruser= rhost=61.147.107.109 
Apr 13 16:18:32 ovzhost sshd[1668]: Failed password for invalid user dimtry from 61.147.107.109 port 30700 ssh2
Apr 13 16:18:32 ovzhost sshd[1668]: Received disconnect from 61.147.107.109: 11: Normal Shutdown, Thank you for playing [preauth]
Apr 13 16:18:35 ovzhost sshd[1670]: Invalid user dmitry from 61.147.107.109
Apr 13 16:18:35 ovzhost sshd[1670]: input_userauth_request: invalid user dmitry [preauth]
Apr 13 16:18:35 ovzhost sshd[1670]: pam_unix(sshd:auth): check pass; user unknown
Apr 13 16:18:35 ovzhost sshd[1670]: pam_unix(sshd:auth): authentication failure; logname= uid=0 euid=0 tty=ssh ruser= rhost=61.147.107.109 
Apr 13 16:18:36 ovzhost sshd[1670]: Failed password for invalid user dmitry from 61.147.107.109 port 31589 ssh2
Apr 13 16:18:37 ovzhost sshd[1670]: Received disconnect from 61.147.107.109: 11: Normal Shutdown, Thank you for playing [preauth]
Apr 13 16:18:39 ovzhost sshd[1676]: Invalid user dmuser from 61.147.107.109
Apr 13 16:18:39 ovzhost sshd[1676]: input_userauth_request: invalid user dmuser [preauth]
Apr 13 16:18:39 ovzhost sshd[1676]: pam_unix(sshd:auth): check pass; user unknown
Apr 13 16:18:39 ovzhost sshd[1676]: pam_unix(sshd:auth): authentication failure; logname= uid=0 euid=0 tty=ssh ruser= rhost=61.147.107.109 
Apr 13 16:18:41 ovzhost sshd[1676]: Failed password for invalid user dmuser from 61.147.107.109 port 32470 ssh2
Apr 13 16:18:42 ovzhost sshd[1676]: Received disconnect from 61.147.107.109: 11: Normal Shutdown, Thank you for playing [preauth]
Apr 13 16:18:44 ovzhost sshd[1678]: Invalid user dominic from 61.147.107.109
Apr 13 16:18:44 ovzhost sshd[1678]: input_userauth_request: invalid user dominic [preauth]
Apr 13 16:18:44 ovzhost sshd[1678]: pam_unix(sshd:auth): check pass; user unknown
Apr 13 16:18:44 ovzhost sshd[1678]: pam_unix(sshd:auth): authentication failure; logname= uid=0 euid=0 tty=ssh ruser= rhost=61.147.107.109 
Apr 13 16:18:46 ovzhost sshd[1678]: Failed password for invalid user dominic from 61.147.107.109 port 33465 ssh2
Apr 13 16:18:46 ovzhost sshd[1678]: Received disconnect from 61.147.107.109: 11: Normal Shutdown, Thank you for playing [preauth]
Apr 13 16:18:49 ovzhost sshd[1680]: Invalid user dtxadmin from 61.147.107.109
Apr 13 16:18:49 ovzhost sshd[1680]: input_userauth_request: invalid user dtxadmin [preauth]
Apr 13 16:18:49 ovzhost sshd[1680]: pam_unix(sshd:auth): check pass; user unknown
Apr 13 16:18:49 ovzhost sshd[1680]: pam_unix(sshd:auth): authentication failure; logname= uid=0 euid=0 tty=ssh ruser= rhost=61.147.107.109 
Apr 13 16:18:51 ovzhost sshd[1680]: Failed password for invalid user dtxadmin from 61.147.107.109 port 34432 ssh2
Apr 13 16:18:51 ovzhost sshd[1680]: Received disconnect from 61.147.107.109: 11: Normal Shutdown, Thank you for playing [preauth]
Apr 13 16:18:53 ovzhost sshd[1682]: Invalid user dtxadmin from 61.147.107.109
Apr 13 16:18:53 ovzhost sshd[1682]: input_userauth_request: invalid user dtxadmin [preauth]
Apr 13 16:18:53 ovzhost sshd[1682]: pam_unix(sshd:auth): check pass; user unknown
Apr 13 16:18:53 ovzhost sshd[1682]: pam_unix(sshd:auth): authentication failure; logname= uid=0 euid=0 tty=ssh ruser= rhost=61.147.107.109 
Apr 13 16:18:55 ovzhost sshd[1682]: Failed password for invalid user dtxadmin from 61.147.107.109 port 35336 ssh2
Apr 13 16:18:55 ovzhost sshd[1682]: Received disconnect from 61.147.107.109: 11: Normal Shutdown, Thank you for playing [preauth]
Apr 13 16:18:58 ovzhost sshd[1684]: Invalid user dtxadmin from 61.147.107.109
Apr 13 16:18:58 ovzhost sshd[1684]: input_userauth_request: invalid user dtxadmin [preauth]
Apr 13 16:18:58 ovzhost sshd[1684]: pam_unix(sshd:auth): check pass; user unknown
Apr 13 16:18:58 ovzhost sshd[1684]: pam_unix(sshd:auth): authentication failure; logname= uid=0 euid=0 tty=ssh ruser= rhost=61.147.107.109 
Apr 13 16:19:00 ovzhost sshd[1684]: Failed password for invalid user dtxadmin from 61.147.107.109 port 36283 ssh2
Apr 13 16:19:00 ovzhost sshd[1684]: Received disconnect from 61.147.107.109: 11: Normal Shutdown, Thank you for playing [preauth]
Apr 13 16:19:03 ovzhost sshd[1686]: Invalid user eali from 61.147.107.109
Apr 13 16:19:03 ovzhost sshd[1686]: input_userauth_request: invalid user eali [preauth]
Apr 13 16:19:03 ovzhost sshd[1686]: pam_unix(sshd:auth): check pass; user unknown
Apr 13 16:19:03 ovzhost sshd[1686]: pam_unix(sshd:auth): authentication failure; logname= uid=0 euid=0 tty=ssh ruser= rhost=61.147.107.109 
Apr 13 16:19:05 ovzhost sshd[1686]: Failed password for invalid user eali from 61.147.107.109 port 37287 ssh2
Apr 13 16:19:05 ovzhost sshd[1686]: Received disconnect from 61.147.107.109: 11: Normal Shutdown, Thank you for playing [preauth]
Apr 13 16:19:08 ovzhost sshd[1688]: Invalid user elearn from 61.147.107.109
Apr 13 16:19:08 ovzhost sshd[1688]: input_userauth_request: invalid user elearn [preauth]
Apr 13 16:19:08 ovzhost sshd[1688]: pam_unix(sshd:auth): check pass; user unknown
Apr 13 16:19:08 ovzhost sshd[1688]: pam_unix(sshd:auth): authentication failure; logname= uid=0 euid=0 tty=ssh ruser= rhost=61.147.107.109 
Apr 13 16:19:10 ovzhost sshd[1688]: Failed password for invalid user elearn from 61.147.107.109 port 38298 ssh2
Apr 13 16:19:10 ovzhost sshd[1688]: Received disconnect from 61.147.107.109: 11: Normal Shutdown, Thank you for playing [preauth]
Apr 13 16:19:12 ovzhost sshd[1692]: Invalid user emilio from 61.147.107.109
Apr 13 16:19:12 ovzhost sshd[1692]: input_userauth_request: invalid user emilio [preauth]
Apr 13 16:19:12 ovzhost sshd[1692]: pam_unix(sshd:auth): check pass; user unknown
Apr 13 16:19:12 ovzhost sshd[1692]: pam_unix(sshd:auth): authentication failure; logname= uid=0 euid=0 tty=ssh ruser= rhost=61.147.107.109 
Apr 13 16:19:15 ovzhost sshd[1692]: Failed password for invalid user emilio from 61.147.107.109 port 39234 ssh2
Apr 13 16:19:15 ovzhost sshd[1692]: Received disconnect from 61.147.107.109: 11: Normal Shutdown, Thank you for playing [preauth]
Apr 13 16:19:17 ovzhost sshd[1694]: Invalid user epg from 61.147.107.109
Apr 13 16:19:17 ovzhost sshd[1694]: input_userauth_request: invalid user epg [preauth]
Apr 13 16:19:17 ovzhost sshd[1694]: pam_unix(sshd:auth): check pass; user unknown
Apr 13 16:19:17 ovzhost sshd[1694]: pam_unix(sshd:auth): authentication failure; logname= uid=0 euid=0 tty=ssh ruser= rhost=61.147.107.109 
Apr 13 16:19:19 ovzhost sshd[1694]: Failed password for invalid user epg from 61.147.107.109 port 40300 ssh2
Apr 13 16:19:19 ovzhost sshd[1694]: Received disconnect from 61.147.107.109: 11: Normal Shutdown, Thank you for playing [preauth]
Apr 13 16:19:22 ovzhost sshd[1696]: Invalid user ers from 61.147.107.109
Apr 13 16:19:22 ovzhost sshd[1696]: input_userauth_request: invalid user ers [preauth]
Apr 13 16:19:22 ovzhost sshd[1696]: pam_unix(sshd:auth): check pass; user unknown
Apr 13 16:19:22 ovzhost sshd[1696]: pam_unix(sshd:auth): authentication failure; logname= uid=0 euid=0 tty=ssh ruser= rhost=61.147.107.109 
Apr 13 16:19:24 ovzhost sshd[1696]: Failed password for invalid user ers from 61.147.107.109 port 41363 ssh2
Apr 13 16:19:24 ovzhost sshd[1696]: fatal: Read from socket failed: Connection reset by peer [preauth]
Apr 13 16:20:01 ovzhost CRON[1701]: pam_env(cron:session): Unable to open env file: /etc/default/locale: No such file or directory
Apr 13 16:20:01 ovzhost CRON[1701]: pam_unix(cron:session): session opened for user smmsp by (uid=0)
Apr 13 16:20:01 ovzhost CRON[1701]: pam_unix(cron:session): session closed for user smmsp
Apr 13 16:20:40 ovzhost sshd[1729]: Connection closed by 128.8.37.120 [preauth]
Apr 13 16:20:57 ovzhost sshd[1731]: Invalid user Bobo from 61.147.107.109
Apr 13 16:20:57 ovzhost sshd[1731]: input_userauth_request: invalid user Bobo [preauth]
Apr 13 16:20:57 ovzhost sshd[1731]: pam_unix(sshd:auth): check pass; user unknown
Apr 13 16:20:57 ovzhost sshd[1731]: pam_unix(sshd:auth): authentication failure; logname= uid=0 euid=0 tty=ssh ruser= rhost=61.147.107.109 
Apr 13 16:20:59 ovzhost sshd[1731]: Failed password for invalid user Bobo from 61.147.107.109 port 7419 ssh2
Apr 13 16:21:00 ovzhost sshd[1731]: Received disconnect from 61.147.107.109: 11: Normal Shutdown, Thank you for playing [preauth]
