Apr 11 09:08:02 ovzhost sshd[1008]: Received disconnect from 43.255.190.130: 11:  [preauth]
Apr 11 09:08:02 ovzhost sshd[1008]: PAM 2 more authentication failures; logname= uid=0 euid=0 tty=ssh ruser= rhost=43.255.190.130  user=root
Apr 11 09:08:03 ovzhost sshd[1012]: Failed password for invalid user matt from 218.27.204.27 port 35715 ssh2
Apr 11 09:08:03 ovzhost sshd[1014]: pam_unix(sshd:auth): authentication failure; logname= uid=0 euid=0 tty=ssh ruser= rhost=43.255.190.130  user=root
Apr 11 09:08:03 ovzhost sshd[1012]: Received disconnect from 218.27.204.27: 11: Bye Bye [preauth]
Apr 11 09:08:05 ovzhost sshd[1014]: Failed password for root from 43.255.190.130 port 60420 ssh2
Apr 11 09:08:06 ovzhost sshd[1016]: reverse mapping checking getaddrinfo for 27.204.27.218.adsl-pool.jlccptt.net.cn [218.27.204.27] failed - POSSIBLE BREAK-IN ATTEMPT!
Apr 11 09:08:06 ovzhost sshd[1016]: Invalid user ktuli from 218.27.204.27
Apr 11 09:08:06 ovzhost sshd[1016]: input_userauth_request: invalid user ktuli [preauth]
Apr 11 09:08:06 ovzhost sshd[1016]: pam_unix(sshd:auth): check pass; user unknown
Apr 11 09:08:06 ovzhost sshd[1016]: pam_unix(sshd:auth): authentication failure; logname= uid=0 euid=0 tty=ssh ruser= rhost=218.27.204.27 
Apr 11 09:08:07 ovzhost sshd[1010]: message repeated 2 times: [ Failed password for root from 43.255.190.91 port 36121 ssh2]
Apr 11 09:08:07 ovzhost sshd[1010]: Received disconnect from 43.255.190.91: 11:  [preauth]
Apr 11 09:08:07 ovzhost sshd[1010]: PAM 2 more authentication failures; logname= uid=0 euid=0 tty=ssh ruser= rhost=43.255.190.91  user=root
Apr 11 09:08:08 ovzhost sshd[1016]: Failed password for invalid user ktuli from 218.27.204.27 port 37620 ssh2
Apr 11 09:08:08 ovzhost sshd[1000]: Connection closed by 43.255.190.91 [preauth]
Apr 11 09:08:08 ovzhost sshd[1016]: Received disconnect from 218.27.204.27: 11: Bye Bye [preauth]
Apr 11 09:08:09 ovzhost sshd[1014]: message repeated 2 times: [ Failed password for root from 43.255.190.130 port 60420 ssh2]
Apr 11 09:08:09 ovzhost sshd[1014]: Received disconnect from 43.255.190.130: 11:  [preauth]
Apr 11 09:08:09 ovzhost sshd[1014]: PAM 2 more authentication failures; logname= uid=0 euid=0 tty=ssh ruser= rhost=43.255.190.130  user=root
Apr 11 09:08:09 ovzhost sshd[1021]: pam_unix(sshd:auth): authentication failure; logname= uid=0 euid=0 tty=ssh ruser= rhost=43.255.190.130  user=root
Apr 11 09:08:11 ovzhost sshd[1023]: reverse mapping checking getaddrinfo for 27.204.27.218.adsl-pool.jlccptt.net.cn [218.27.204.27] failed - POSSIBLE BREAK-IN ATTEMPT!
Apr 11 09:08:11 ovzhost sshd[1023]: Invalid user egriff from 218.27.204.27
Apr 11 09:08:11 ovzhost sshd[1023]: input_userauth_request: invalid user egriff [preauth]
Apr 11 09:08:11 ovzhost sshd[1023]: pam_unix(sshd:auth): check pass; user unknown
Apr 11 09:08:11 ovzhost sshd[1023]: pam_unix(sshd:auth): authentication failure; logname= uid=0 euid=0 tty=ssh ruser= rhost=218.27.204.27 
Apr 11 09:08:12 ovzhost sshd[1021]: Failed password for root from 43.255.190.130 port 49392 ssh2
Apr 11 09:08:13 ovzhost sshd[1023]: Failed password for invalid user egriff from 218.27.204.27 port 39567 ssh2
Apr 11 09:08:14 ovzhost sshd[1023]: Received disconnect from 218.27.204.27: 11: Bye Bye [preauth]
Apr 11 09:08:16 ovzhost sshd[1021]: message repeated 2 times: [ Failed password for root from 43.255.190.130 port 49392 ssh2]
Apr 11 09:08:16 ovzhost sshd[1021]: Received disconnect from 43.255.190.130: 11:  [preauth]
Apr 11 09:08:16 ovzhost sshd[1021]: PAM 2 more authentication failures; logname= uid=0 euid=0 tty=ssh ruser= rhost=43.255.190.130  user=root
Apr 11 09:08:16 ovzhost sshd[1026]: reverse mapping checking getaddrinfo for 27.204.27.218.adsl-pool.jlccptt.net.cn [218.27.204.27] failed - POSSIBLE BREAK-IN ATTEMPT!
Apr 11 09:08:16 ovzhost sshd[1026]: Invalid user ajoint from 218.27.204.27
Apr 11 09:08:16 ovzhost sshd[1026]: input_userauth_request: invalid user ajoint [preauth]
Apr 11 09:08:16 ovzhost sshd[1026]: pam_unix(sshd:auth): check pass; user unknown
Apr 11 09:08:16 ovzhost sshd[1026]: pam_unix(sshd:auth): authentication failure; logname= uid=0 euid=0 tty=ssh ruser= rhost=218.27.204.27 
Apr 11 09:08:17 ovzhost sshd[1028]: pam_unix(sshd:auth): authentication failure; logname= uid=0 euid=0 tty=ssh ruser= rhost=43.255.190.130  user=root
Apr 11 09:08:17 ovzhost sshd[1020]: Connection closed by 43.255.190.91 [preauth]
Apr 11 09:08:18 ovzhost sshd[1031]: pam_unix(sshd:auth): authentication failure; logname= uid=0 euid=0 tty=ssh ruser= rhost=43.255.190.91  user=root
Apr 11 09:08:19 ovzhost sshd[1026]: Failed password for invalid user ajoint from 218.27.204.27 port 41415 ssh2
Apr 11 09:08:19 ovzhost sshd[1028]: Failed password for root from 43.255.190.130 port 39754 ssh2
Apr 11 09:08:19 ovzhost sshd[1026]: Received disconnect from 218.27.204.27: 11: Bye Bye [preauth]
Apr 11 09:08:21 ovzhost sshd[1031]: Failed password for root from 43.255.190.91 port 37015 ssh2
Apr 11 09:08:22 ovzhost sshd[1033]: reverse mapping checking getaddrinfo for 27.204.27.218.adsl-pool.jlccptt.net.cn [218.27.204.27] failed - POSSIBLE BREAK-IN ATTEMPT!
Apr 11 09:08:22 ovzhost sshd[1033]: Invalid user bopm from 218.27.204.27
Apr 11 09:08:22 ovzhost sshd[1033]: input_userauth_request: invalid user bopm [preauth]
Apr 11 09:08:22 ovzhost sshd[1033]: pam_unix(sshd:auth): check pass; user unknown
Apr 11 09:08:22 ovzhost sshd[1033]: pam_unix(sshd:auth): authentication failure; logname= uid=0 euid=0 tty=ssh ruser= rhost=218.27.204.27 
Apr 11 09:08:23 ovzhost sshd[1028]: message repeated 2 times: [ Failed password for root from 43.255.190.130 port 39754 ssh2]
Apr 11 09:08:24 ovzhost sshd[1028]: Received disconnect from 43.255.190.130: 11:  [preauth]
Apr 11 09:08:24 ovzhost sshd[1028]: PAM 2 more authentication failures; logname= uid=0 euid=0 tty=ssh ruser= rhost=43.255.190.130  user=root
Apr 11 09:08:24 ovzhost sshd[1033]: Failed password for invalid user bopm from 218.27.204.27 port 43331 ssh2
Apr 11 09:08:24 ovzhost sshd[1035]: pam_unix(sshd:auth): authentication failure; logname= uid=0 euid=0 tty=ssh ruser= rhost=43.255.190.130  user=root
Apr 11 09:08:25 ovzhost sshd[1033]: Received disconnect from 218.27.204.27: 11: Bye Bye [preauth]
Apr 11 09:08:27 ovzhost sshd[1035]: Failed password for root from 43.255.190.130 port 57686 ssh2
Apr 11 09:08:27 ovzhost sshd[1031]: message repeated 2 times: [ Failed password for root from 43.255.190.91 port 37015 ssh2]
Apr 11 09:08:27 ovzhost sshd[1031]: Received disconnect from 43.255.190.91: 11:  [preauth]
Apr 11 09:08:27 ovzhost sshd[1031]: PAM 2 more authentication failures; logname= uid=0 euid=0 tty=ssh ruser= rhost=43.255.190.91  user=root
Apr 11 09:08:29 ovzhost sshd[1037]: reverse mapping checking getaddrinfo for 27.204.27.218.adsl-pool.jlccptt.net.cn [218.27.204.27] failed - POSSIBLE BREAK-IN ATTEMPT!
Apr 11 09:08:29 ovzhost sshd[1037]: Invalid user hardy from 218.27.204.27
Apr 11 09:08:29 ovzhost sshd[1037]: input_userauth_request: invalid user hardy [preauth]
Apr 11 09:08:29 ovzhost sshd[1037]: pam_unix(sshd:auth): check pass; user unknown
Apr 11 09:08:29 ovzhost sshd[1037]: pam_unix(sshd:auth): authentication failure; logname= uid=0 euid=0 tty=ssh ruser= rhost=218.27.204.27 
Apr 11 09:08:31 ovzhost sshd[1039]: pam_unix(sshd:auth): authentication failure; logname= uid=0 euid=0 tty=ssh ruser= rhost=43.255.190.91  user=root
Apr 11 09:08:31 ovzhost sshd[1037]: Failed password for invalid user hardy from 218.27.204.27 port 45203 ssh2
Apr 11 09:08:31 ovzhost sshd[1035]: message repeated 2 times: [ Failed password for root from 43.255.190.130 port 57686 ssh2]
Apr 11 09:08:31 ovzhost sshd[1035]: Received disconnect from 43.255.190.130: 11:  [preauth]
Apr 11 09:08:31 ovzhost sshd[1035]: PAM 2 more authentication failures; logname= uid=0 euid=0 tty=ssh ruser= rhost=43.255.190.130  user=root
Apr 11 09:08:31 ovzhost sshd[1037]: Received disconnect from 218.27.204.27: 11: Bye Bye [preauth]
Apr 11 09:08:32 ovzhost sshd[1041]: pam_unix(sshd:auth): authentication failure; logname= uid=0 euid=0 tty=ssh ruser= rhost=43.255.190.130  user=root
Apr 11 09:08:33 ovzhost sshd[1039]: Failed password for root from 43.255.190.91 port 50061 ssh2
Apr 11 09:08:34 ovzhost sshd[1041]: Failed password for root from 43.255.190.130 port 47905 ssh2
Apr 11 09:08:35 ovzhost sshd[1043]: reverse mapping checking getaddrinfo for 27.204.27.218.adsl-pool.jlccptt.net.cn [218.27.204.27] failed - POSSIBLE BREAK-IN ATTEMPT!
Apr 11 09:08:35 ovzhost sshd[1043]: Invalid user pjn from 218.27.204.27
Apr 11 09:08:35 ovzhost sshd[1043]: input_userauth_request: invalid user pjn [preauth]
Apr 11 09:08:35 ovzhost sshd[1043]: pam_unix(sshd:auth): check pass; user unknown
Apr 11 09:08:35 ovzhost sshd[1043]: pam_unix(sshd:auth): authentication failure; logname= uid=0 euid=0 tty=ssh ruser= rhost=218.27.204.27 
Apr 11 09:08:38 ovzhost sshd[1043]: Failed password for invalid user pjn from 218.27.204.27 port 47594 ssh2
Apr 11 09:08:38 ovzhost sshd[1043]: Received disconnect from 218.27.204.27: 11: Bye Bye [preauth]
Apr 11 09:08:38 ovzhost sshd[1039]: message repeated 2 times: [ Failed password for root from 43.255.190.91 port 50061 ssh2]
Apr 11 09:08:38 ovzhost sshd[1039]: Received disconnect from 43.255.190.91: 11:  [preauth]
Apr 11 09:08:38 ovzhost sshd[1039]: PAM 2 more authentication failures; logname= uid=0 euid=0 tty=ssh ruser= rhost=43.255.190.91  user=root
Apr 11 09:08:39 ovzhost sshd[1041]: message repeated 2 times: [ Failed password for root from 43.255.190.130 port 47905 ssh2]
Apr 11 09:08:39 ovzhost sshd[1041]: Received disconnect from 43.255.190.130: 11:  [preauth]
Apr 11 09:08:39 ovzhost sshd[1041]: PAM 2 more authentication failures; logname= uid=0 euid=0 tty=ssh ruser= rhost=43.255.190.130  user=root
Apr 11 09:08:39 ovzhost sshd[1048]: pam_unix(sshd:auth): authentication failure; logname= uid=0 euid=0 tty=ssh ruser= rhost=43.255.190.130  user=root
Apr 11 09:08:40 ovzhost sshd[1045]: pam_unix(sshd:auth): authentication failure; logname= uid=0 euid=0 tty=ssh ruser= rhost=43.255.190.91  user=root
Apr 11 09:08:41 ovzhost sshd[1046]: reverse mapping checking getaddrinfo for 27.204.27.218.adsl-pool.jlccptt.net.cn [218.27.204.27] failed - POSSIBLE BREAK-IN ATTEMPT!
Apr 11 09:08:41 ovzhost sshd[1046]: Invalid user xc450r from 218.27.204.27
Apr 11 09:08:41 ovzhost sshd[1046]: input_userauth_request: invalid user xc450r [preauth]
Apr 11 09:08:41 ovzhost sshd[1046]: pam_unix(sshd:auth): check pass; user unknown
Apr 11 09:08:41 ovzhost sshd[1046]: pam_unix(sshd:auth): authentication failure; logname= uid=0 euid=0 tty=ssh ruser= rhost=218.27.204.27 
Apr 11 09:08:42 ovzhost sshd[1048]: Failed password for root from 43.255.190.130 port 38543 ssh2
Apr 11 09:08:43 ovzhost sshd[1046]: Failed password for invalid user xc450r from 218.27.204.27 port 49957 ssh2
Apr 11 09:08:43 ovzhost sshd[1045]: Failed password for root from 43.255.190.91 port 36903 ssh2
Apr 11 09:08:43 ovzhost sshd[1046]: Received disconnect from 218.27.204.27: 11: Bye Bye [preauth]
Apr 11 09:08:46 ovzhost sshd[1053]: reverse mapping checking getaddrinfo for 27.204.27.218.adsl-pool.jlccptt.net.cn [218.27.204.27] failed - POSSIBLE BREAK-IN ATTEMPT!
Apr 11 09:08:46 ovzhost sshd[1053]: Invalid user osc from 218.27.204.27
Apr 11 09:08:46 ovzhost sshd[1053]: input_userauth_request: invalid user osc [preauth]
Apr 11 09:08:46 ovzhost sshd[1053]: pam_unix(sshd:auth): check pass; user unknown
Apr 11 09:08:46 ovzhost sshd[1053]: pam_unix(sshd:auth): authentication failure; logname= uid=0 euid=0 tty=ssh ruser= rhost=218.27.204.27 
Apr 11 09:08:47 ovzhost sshd[1048]: message repeated 2 times: [ Failed password for root from 43.255.190.130 port 38543 ssh2]
Apr 11 09:08:47 ovzhost sshd[1048]: Received disconnect from 43.255.190.130: 11:  [preauth]
Apr 11 09:08:47 ovzhost sshd[1048]: PAM 2 more authentication failures; logname= uid=0 euid=0 tty=ssh ruser= rhost=43.255.190.130  user=root
Apr 11 09:08:47 ovzhost sshd[1045]: message repeated 2 times: [ Failed password for root from 43.255.190.91 port 36903 ssh2]
Apr 11 09:08:47 ovzhost sshd[1045]: Received disconnect from 43.255.190.91: 11:  [preauth]
Apr 11 09:08:47 ovzhost sshd[1045]: PAM 2 more authentication failures; logname= uid=0 euid=0 tty=ssh ruser= rhost=43.255.190.91  user=root
Apr 11 09:08:47 ovzhost sshd[1055]: pam_unix(sshd:auth): authentication failure; logname= uid=0 euid=0 tty=ssh ruser= rhost=43.255.190.130  user=root
Apr 11 09:08:48 ovzhost sshd[1057]: pam_unix(sshd:auth): authentication failure; logname= uid=0 euid=0 tty=ssh ruser= rhost=43.255.190.91  user=root
Apr 11 09:08:48 ovzhost sshd[1053]: Failed password for invalid user osc from 218.27.204.27 port 51686 ssh2
Apr 11 09:08:48 ovzhost sshd[1053]: Received disconnect from 218.27.204.27: 11: Bye Bye [preauth]
Apr 11 09:08:50 ovzhost sshd[1055]: Failed password for root from 43.255.190.130 port 57702 ssh2
Apr 11 09:08:50 ovzhost sshd[1057]: Failed password for root from 43.255.190.91 port 49436 ssh2
Apr 11 09:08:51 ovzhost sshd[1059]: reverse mapping checking getaddrinfo for 27.204.27.218.adsl-pool.jlccptt.net.cn [218.27.204.27] failed - POSSIBLE BREAK-IN ATTEMPT!
Apr 11 09:08:51 ovzhost sshd[1059]: Invalid user lemon from 218.27.204.27
Apr 11 09:08:51 ovzhost sshd[1059]: input_userauth_request: invalid user lemon [preauth]
Apr 11 09:08:51 ovzhost sshd[1059]: pam_unix(sshd:auth): check pass; user unknown
Apr 11 09:08:51 ovzhost sshd[1059]: pam_unix(sshd:auth): authentication failure; logname= uid=0 euid=0 tty=ssh ruser= rhost=218.27.204.27 
Apr 11 09:08:53 ovzhost sshd[1059]: Failed password for invalid user lemon from 218.27.204.27 port 53594 ssh2
Apr 11 09:08:54 ovzhost sshd[1059]: Received disconnect from 218.27.204.27: 11: Bye Bye [preauth]
Apr 11 09:08:54 ovzhost sshd[1055]: message repeated 2 times: [ Failed password for root from 43.255.190.130 port 57702 ssh2]
Apr 11 09:08:54 ovzhost sshd[1055]: Received disconnect from 43.255.190.130: 11:  [preauth]
Apr 11 09:08:54 ovzhost sshd[1055]: PAM 2 more authentication failures; logname= uid=0 euid=0 tty=ssh ruser= rhost=43.255.190.130  user=root
Apr 11 09:08:54 ovzhost sshd[1057]: message repeated 2 times: [ Failed password for root from 43.255.190.91 port 49436 ssh2]
Apr 11 09:08:54 ovzhost sshd[1057]: Received disconnect from 43.255.190.91: 11:  [preauth]
Apr 11 09:08:54 ovzhost sshd[1057]: PAM 2 more authentication failures; logname= uid=0 euid=0 tty=ssh ruser= rhost=43.255.190.91  user=root
Apr 11 09:08:54 ovzhost sshd[1061]: pam_unix(sshd:auth): authentication failure; logname= uid=0 euid=0 tty=ssh ruser= rhost=43.255.190.130  user=root
Apr 11 09:08:55 ovzhost sshd[1065]: pam_unix(sshd:auth): authentication failure; logname= uid=0 euid=0 tty=ssh ruser= rhost=43.255.190.91  user=root
Apr 11 09:08:56 ovzhost sshd[1063]: reverse mapping checking getaddrinfo for 27.204.27.218.adsl-pool.jlccptt.net.cn [218.27.204.27] failed - POSSIBLE BREAK-IN ATTEMPT!
Apr 11 09:08:56 ovzhost sshd[1063]: Invalid user mamalink from 218.27.204.27
Apr 11 09:08:56 ovzhost sshd[1063]: input_userauth_request: invalid user mamalink [preauth]
Apr 11 09:08:56 ovzhost sshd[1063]: pam_unix(sshd:auth): check pass; user unknown
Apr 11 09:08:56 ovzhost sshd[1063]: pam_unix(sshd:auth): authentication failure; logname= uid=0 euid=0 tty=ssh ruser= rhost=218.27.204.27 
Apr 11 09:08:57 ovzhost sshd[1061]: Failed password for root from 43.255.190.130 port 47702 ssh2
Apr 11 09:08:57 ovzhost sshd[1065]: Failed password for root from 43.255.190.91 port 58931 ssh2
Apr 11 09:08:58 ovzhost sshd[1063]: Failed password for invalid user mamalink from 218.27.204.27 port 55556 ssh2
Apr 11 09:08:59 ovzhost sshd[1063]: Received disconnect from 218.27.204.27: 11: Bye Bye [preauth]
Apr 11 09:09:01 ovzhost CRON[1070]: pam_env(cron:session): Unable to open env file: /etc/default/locale: No such file or directory
Apr 11 09:09:01 ovzhost CRON[1070]: pam_unix(cron:session): session opened for user root by (uid=0)
Apr 11 09:09:01 ovzhost CRON[1069]: pam_env(cron:session): Unable to open env file: /etc/default/locale: No such file or directory
Apr 11 09:09:01 ovzhost CRON[1069]: pam_unix(cron:session): session opened for user root by (uid=0)
Apr 11 09:09:01 ovzhost CRON[1069]: pam_unix(cron:session): session closed for user root
Apr 11 09:09:01 ovzhost CRON[1070]: pam_unix(cron:session): session closed for user root
Apr 11 09:09:02 ovzhost sshd[1067]: reverse mapping checking getaddrinfo for 27.204.27.218.adsl-pool.jlccptt.net.cn [218.27.204.27] failed - POSSIBLE BREAK-IN ATTEMPT!
Apr 11 09:09:02 ovzhost sshd[1067]: Invalid user kid from 218.27.204.27
Apr 11 09:09:02 ovzhost sshd[1067]: input_userauth_request: invalid user kid [preauth]
Apr 11 09:09:02 ovzhost sshd[1067]: pam_unix(sshd:auth): check pass; user unknown
Apr 11 09:09:02 ovzhost sshd[1067]: pam_unix(sshd:auth): authentication failure; logname= uid=0 euid=0 tty=ssh ruser= rhost=218.27.204.27 
Apr 11 09:09:01 ovzhost sshd[1061]: message repeated 2 times: [ Failed password for root from 43.255.190.130 port 47702 ssh2]
Apr 11 09:09:02 ovzhost sshd[1061]: Received disconnect from 43.255.190.130: 11:  [preauth]
Apr 11 09:09:02 ovzhost sshd[1061]: PAM 2 more authentication failures; logname= uid=0 euid=0 tty=ssh ruser= rhost=43.255.190.130  user=root
Apr 11 09:09:02 ovzhost sshd[1083]: pam_unix(sshd:auth): authentication failure; logname= uid=0 euid=0 tty=ssh ruser= rhost=43.255.190.130  user=root
Apr 11 09:09:02 ovzhost sshd[1065]: message repeated 2 times: [ Failed password for root from 43.255.190.91 port 58931 ssh2]
Apr 11 09:09:02 ovzhost sshd[1065]: Received disconnect from 43.255.190.91: 11:  [preauth]
Apr 11 09:09:02 ovzhost sshd[1065]: PAM 2 more authentication failures; logname= uid=0 euid=0 tty=ssh ruser= rhost=43.255.190.91  user=root
Apr 11 09:09:03 ovzhost sshd[1085]: pam_unix(sshd:auth): authentication failure; logname= uid=0 euid=0 tty=ssh ruser= rhost=43.255.190.91  user=root
Apr 11 09:09:03 ovzhost sshd[1067]: Failed password for invalid user kid from 218.27.204.27 port 57695 ssh2
Apr 11 09:09:04 ovzhost sshd[1067]: Received disconnect from 218.27.204.27: 11: Bye Bye [preauth]
Apr 11 09:09:04 ovzhost sshd[1083]: Failed password for root from 43.255.190.130 port 38321 ssh2
Apr 11 09:09:05 ovzhost sshd[1085]: Failed password for root from 43.255.190.91 port 42303 ssh2
Apr 11 09:09:06 ovzhost sshd[1087]: reverse mapping checking getaddrinfo for 27.204.27.218.adsl-pool.jlccptt.net.cn [218.27.204.27] failed - POSSIBLE BREAK-IN ATTEMPT!
Apr 11 09:09:06 ovzhost sshd[1087]: Invalid user androsyn from 218.27.204.27
Apr 11 09:09:06 ovzhost sshd[1087]: input_userauth_request: invalid user androsyn [preauth]
Apr 11 09:09:06 ovzhost sshd[1087]: pam_unix(sshd:auth): check pass; user unknown
Apr 11 09:09:06 ovzhost sshd[1087]: pam_unix(sshd:auth): authentication failure; logname= uid=0 euid=0 tty=ssh ruser= rhost=218.27.204.27 
Apr 11 09:09:08 ovzhost sshd[1083]: message repeated 2 times: [ Failed password for root from 43.255.190.130 port 38321 ssh2]
Apr 11 09:09:08 ovzhost sshd[1083]: Received disconnect from 43.255.190.130: 11:  [preauth]
Apr 11 09:09:08 ovzhost sshd[1083]: PAM 2 more authentication failures; logname= uid=0 euid=0 tty=ssh ruser= rhost=43.255.190.130  user=root
Apr 11 09:09:09 ovzhost sshd[1087]: Failed password for invalid user androsyn from 218.27.204.27 port 59677 ssh2
Apr 11 09:09:09 ovzhost sshd[1089]: pam_unix(sshd:auth): authentication failure; logname= uid=0 euid=0 tty=ssh ruser= rhost=43.255.190.130  user=root
Apr 11 09:09:09 ovzhost sshd[1085]: message repeated 2 times: [ Failed password for root from 43.255.190.91 port 42303 ssh2]
Apr 11 09:09:09 ovzhost sshd[1085]: Received disconnect from 43.255.190.91: 11:  [preauth]
Apr 11 09:09:09 ovzhost sshd[1085]: PAM 2 more authentication failures; logname= uid=0 euid=0 tty=ssh ruser= rhost=43.255.190.91  user=root
Apr 11 09:09:09 ovzhost sshd[1087]: Received disconnect from 218.27.204.27: 11: Bye Bye [preauth]
Apr 11 09:09:10 ovzhost sshd[1091]: pam_unix(sshd:auth): authentication failure; logname= uid=0 euid=0 tty=ssh ruser= rhost=43.255.190.91  user=root
Apr 11 09:09:11 ovzhost sshd[1089]: Failed password for root from 43.255.190.130 port 55957 ssh2
Apr 11 09:09:12 ovzhost sshd[1091]: Failed password for root from 43.255.190.91 port 52073 ssh2
Apr 11 09:09:13 ovzhost sshd[1093]: reverse mapping checking getaddrinfo for 27.204.27.218.adsl-pool.jlccptt.net.cn [218.27.204.27] failed - POSSIBLE BREAK-IN ATTEMPT!
Apr 11 09:09:13 ovzhost sshd[1093]: Invalid user chad from 218.27.204.27
Apr 11 09:09:13 ovzhost sshd[1093]: input_userauth_request: invalid user chad [preauth]
Apr 11 09:09:13 ovzhost sshd[1093]: pam_unix(sshd:auth): check pass; user unknown
Apr 11 09:09:13 ovzhost sshd[1093]: pam_unix(sshd:auth): authentication failure; logname= uid=0 euid=0 tty=ssh ruser= rhost=218.27.204.27 
Apr 11 09:09:14 ovzhost sshd[1093]: Failed password for invalid user chad from 218.27.204.27 port 61761 ssh2
Apr 11 09:09:15 ovzhost sshd[1093]: Received disconnect from 218.27.204.27: 11: Bye Bye [preauth]
Apr 11 09:09:15 ovzhost sshd[1089]: message repeated 2 times: [ Failed password for root from 43.255.190.130 port 55957 ssh2]
Apr 11 09:09:15 ovzhost sshd[1089]: Received disconnect from 43.255.190.130: 11:  [preauth]
Apr 11 09:09:15 ovzhost sshd[1089]: PAM 2 more authentication failures; logname= uid=0 euid=0 tty=ssh ruser= rhost=43.255.190.130  user=root
Apr 11 09:09:16 ovzhost sshd[1097]: pam_unix(sshd:auth): authentication failure; logname= uid=0 euid=0 tty=ssh ruser= rhost=43.255.190.130  user=root
Apr 11 09:09:17 ovzhost sshd[1091]: message repeated 2 times: [ Failed password for root from 43.255.190.91 port 52073 ssh2]
Apr 11 09:09:17 ovzhost sshd[1091]: Received disconnect from 43.255.190.91: 11:  [preauth]
Apr 11 09:09:17 ovzhost sshd[1091]: PAM 2 more authentication failures; logname= uid=0 euid=0 tty=ssh ruser= rhost=43.255.190.91  user=root
Apr 11 09:09:17 ovzhost sshd[1097]: Failed password for root from 43.255.190.130 port 45492 ssh2
Apr 11 09:09:17 ovzhost sshd[1099]: reverse mapping checking getaddrinfo for 27.204.27.218.adsl-pool.jlccptt.net.cn [218.27.204.27] failed - POSSIBLE BREAK-IN ATTEMPT!
Apr 11 09:09:17 ovzhost sshd[1099]: Invalid user donna from 218.27.204.27
Apr 11 09:09:17 ovzhost sshd[1099]: input_userauth_request: invalid user donna [preauth]
Apr 11 09:09:17 ovzhost sshd[1099]: pam_unix(sshd:auth): check pass; user unknown
Apr 11 09:09:17 ovzhost sshd[1099]: pam_unix(sshd:auth): authentication failure; logname= uid=0 euid=0 tty=ssh ruser= rhost=218.27.204.27 
Apr 11 09:09:18 ovzhost sshd[1103]: pam_unix(sshd:auth): authentication failure; logname= uid=0 euid=0 tty=ssh ruser= rhost=43.255.190.91  user=root
Apr 11 09:09:20 ovzhost sshd[1099]: Failed password for invalid user donna from 218.27.204.27 port 63991 ssh2
Apr 11 09:09:20 ovzhost sshd[1099]: Received disconnect from 218.27.204.27: 11: Bye Bye [preauth]
Apr 11 09:09:21 ovzhost sshd[1103]: Failed password for root from 43.255.190.91 port 34864 ssh2
Apr 11 09:09:21 ovzhost sshd[1097]: message repeated 2 times: [ Failed password for root from 43.255.190.130 port 45492 ssh2]
Apr 11 09:09:22 ovzhost sshd[1097]: Received disconnect from 43.255.190.130: 11:  [preauth]
Apr 11 09:09:22 ovzhost sshd[1097]: PAM 2 more authentication failures; logname= uid=0 euid=0 tty=ssh ruser= rhost=43.255.190.130  user=root
Apr 11 09:09:22 ovzhost sshd[1107]: pam_unix(sshd:auth): authentication failure; logname= uid=0 euid=0 tty=ssh ruser= rhost=43.255.190.130  user=root
Apr 11 09:09:23 ovzhost sshd[1105]: reverse mapping checking getaddrinfo for 27.204.27.218.adsl-pool.jlccptt.net.cn [218.27.204.27] failed - POSSIBLE BREAK-IN ATTEMPT!
Apr 11 09:09:23 ovzhost sshd[1105]: Invalid user lurkin from 218.27.204.27
Apr 11 09:09:23 ovzhost sshd[1105]: input_userauth_request: invalid user lurkin [preauth]
Apr 11 09:09:23 ovzhost sshd[1105]: pam_unix(sshd:auth): check pass; user unknown
Apr 11 09:09:23 ovzhost sshd[1105]: pam_unix(sshd:auth): authentication failure; logname= uid=0 euid=0 tty=ssh ruser= rhost=218.27.204.27 
Apr 11 09:09:25 ovzhost sshd[1107]: Failed password for root from 43.255.190.130 port 33719 ssh2
Apr 11 09:09:25 ovzhost sshd[1105]: Failed password for invalid user lurkin from 218.27.204.27 port 9570 ssh2
Apr 11 09:09:25 ovzhost sshd[1103]: message repeated 2 times: [ Failed password for root from 43.255.190.91 port 34864 ssh2]
Apr 11 09:09:25 ovzhost sshd[1103]: Received disconnect from 43.255.190.91: 11:  [preauth]
Apr 11 09:09:25 ovzhost sshd[1103]: PAM 2 more authentication failures; logname= uid=0 euid=0 tty=ssh ruser= rhost=43.255.190.91  user=root
Apr 11 09:09:26 ovzhost sshd[1105]: Received disconnect from 218.27.204.27: 11: Bye Bye [preauth]
Apr 11 09:09:28 ovzhost sshd[1107]: message repeated 2 times: [ Failed password for root from 43.255.190.130 port 33719 ssh2]
Apr 11 09:09:28 ovzhost sshd[1107]: Received disconnect from 43.255.190.130: 11:  [preauth]
Apr 11 09:09:28 ovzhost sshd[1107]: PAM 2 more authentication failures; logname= uid=0 euid=0 tty=ssh ruser= rhost=43.255.190.130  user=root
Apr 11 09:09:28 ovzhost sshd[1114]: Connection closed by 127.0.0.1 [preauth]
Apr 11 09:09:28 ovzhost sshd[1111]: pam_unix(sshd:auth): authentication failure; logname= uid=0 euid=0 tty=ssh ruser= rhost=43.255.190.130  user=root
Apr 11 09:09:29 ovzhost sshd[1109]: reverse mapping checking getaddrinfo for 27.204.27.218.adsl-pool.jlccptt.net.cn [218.27.204.27] failed - POSSIBLE BREAK-IN ATTEMPT!
Apr 11 09:09:29 ovzhost sshd[1109]: Invalid user josette from 218.27.204.27
Apr 11 09:09:29 ovzhost sshd[1109]: input_userauth_request: invalid user josette [preauth]
Apr 11 09:09:29 ovzhost sshd[1109]: pam_unix(sshd:auth): check pass; user unknown
Apr 11 09:09:29 ovzhost sshd[1109]: pam_unix(sshd:auth): authentication failure; logname= uid=0 euid=0 tty=ssh ruser= rhost=218.27.204.27 
Apr 11 09:09:30 ovzhost sshd[1111]: Failed password for root from 43.255.190.130 port 49774 ssh2
Apr 11 09:09:32 ovzhost sshd[1109]: Failed password for invalid user josette from 218.27.204.27 port 11661 ssh2
Apr 11 09:09:32 ovzhost sshd[1109]: Received disconnect from 218.27.204.27: 11: Bye Bye [preauth]
Apr 11 09:09:33 ovzhost sshd[1116]: pam_unix(sshd:auth): authentication failure; logname= uid=0 euid=0 tty=ssh ruser= rhost=43.255.190.91  user=root
Apr 11 09:09:35 ovzhost sshd[1116]: Failed password for root from 43.255.190.91 port 55886 ssh2
Apr 11 09:09:35 ovzhost sshd[1111]: message repeated 2 times: [ Failed password for root from 43.255.190.130 port 49774 ssh2]
Apr 11 09:09:35 ovzhost sshd[1111]: Received disconnect from 43.255.190.130: 11:  [preauth]
Apr 11 09:09:35 ovzhost sshd[1111]: PAM 2 more authentication failures; logname= uid=0 euid=0 tty=ssh ruser= rhost=43.255.190.130  user=root
Apr 11 09:09:36 ovzhost sshd[1120]: pam_unix(sshd:auth): authentication failure; logname= uid=0 euid=0 tty=ssh ruser= rhost=43.255.190.130  user=root
Apr 11 09:09:36 ovzhost sshd[1118]: reverse mapping checking getaddrinfo for 27.204.27.218.adsl-pool.jlccptt.net.cn [218.27.204.27] failed - POSSIBLE BREAK-IN ATTEMPT!
Apr 11 09:09:36 ovzhost sshd[1118]: Invalid user liam from 218.27.204.27
Apr 11 09:09:36 ovzhost sshd[1118]: input_userauth_request: invalid user liam [preauth]
Apr 11 09:09:36 ovzhost sshd[1118]: pam_unix(sshd:auth): check pass; user unknown
Apr 11 09:09:36 ovzhost sshd[1118]: pam_unix(sshd:auth): authentication failure; logname= uid=0 euid=0 tty=ssh ruser= rhost=218.27.204.27 
Apr 11 09:09:38 ovzhost sshd[1120]: Failed password for root from 43.255.190.130 port 39584 ssh2
Apr 11 09:09:38 ovzhost sshd[1118]: Failed password for invalid user liam from 218.27.204.27 port 14506 ssh2
Apr 11 09:09:39 ovzhost sshd[1116]: message repeated 2 times: [ Failed password for root from 43.255.190.91 port 55886 ssh2]
Apr 11 09:09:39 ovzhost sshd[1116]: Received disconnect from 43.255.190.91: 11:  [preauth]
Apr 11 09:09:39 ovzhost sshd[1116]: PAM 2 more authentication failures; logname= uid=0 euid=0 tty=ssh ruser= rhost=43.255.190.91  user=root
Apr 11 09:09:39 ovzhost sshd[1118]: Received disconnect from 218.27.204.27: 11: Bye Bye [preauth]
Apr 11 09:09:40 ovzhost sshd[1122]: pam_unix(sshd:auth): authentication failure; logname= uid=0 euid=0 tty=ssh ruser= rhost=43.255.190.91  user=root
Apr 11 09:09:41 ovzhost sshd[1124]: reverse mapping checking getaddrinfo for 27.204.27.218.adsl-pool.jlccptt.net.cn [218.27.204.27] failed - POSSIBLE BREAK-IN ATTEMPT!
Apr 11 09:09:41 ovzhost sshd[1124]: Invalid user money from 218.27.204.27
Apr 11 09:09:41 ovzhost sshd[1124]: input_userauth_request: invalid user money [preauth]
Apr 11 09:09:41 ovzhost sshd[1124]: pam_unix(sshd:auth): check pass; user unknown
Apr 11 09:09:41 ovzhost sshd[1124]: pam_unix(sshd:auth): authentication failure; logname= uid=0 euid=0 tty=ssh ruser= rhost=218.27.204.27 
Apr 11 09:09:42 ovzhost sshd[1122]: Failed password for root from 43.255.190.91 port 40148 ssh2
Apr 11 09:09:42 ovzhost sshd[1120]: message repeated 2 times: [ Failed password for root from 43.255.190.130 port 39584 ssh2]
Apr 11 09:09:42 ovzhost sshd[1120]: Received disconnect from 43.255.190.130: 11:  [preauth]
Apr 11 09:09:42 ovzhost sshd[1120]: PAM 2 more authentication failures; logname= uid=0 euid=0 tty=ssh ruser= rhost=43.255.190.130  user=root
Apr 11 09:09:42 ovzhost sshd[1126]: pam_unix(sshd:auth): authentication failure; logname= uid=0 euid=0 tty=ssh ruser= rhost=43.255.190.130  user=root
Apr 11 09:09:44 ovzhost sshd[1124]: Failed password for invalid user money from 218.27.204.27 port 17262 ssh2
Apr 11 09:09:45 ovzhost sshd[1124]: Received disconnect from 218.27.204.27: 11: Bye Bye [preauth]
Apr 11 09:09:45 ovzhost sshd[1126]: Failed password for root from 43.255.190.130 port 56746 ssh2
Apr 11 09:09:48 ovzhost sshd[1122]: message repeated 2 times: [ Failed password for root from 43.255.190.91 port 40148 ssh2]
Apr 11 09:09:48 ovzhost sshd[1122]: Received disconnect from 43.255.190.91: 11:  [preauth]
Apr 11 09:09:48 ovzhost sshd[1122]: PAM 2 more authentication failures; logname= uid=0 euid=0 tty=ssh ruser= rhost=43.255.190.91  user=root
Apr 11 09:09:48 ovzhost sshd[1130]: reverse mapping checking getaddrinfo for 27.204.27.218.adsl-pool.jlccptt.net.cn [218.27.204.27] failed - POSSIBLE BREAK-IN ATTEMPT!
Apr 11 09:09:48 ovzhost sshd[1130]: Invalid user jmh132 from 218.27.204.27
Apr 11 09:09:48 ovzhost sshd[1130]: input_userauth_request: invalid user jmh132 [preauth]
Apr 11 09:09:48 ovzhost sshd[1130]: pam_unix(sshd:auth): check pass; user unknown
Apr 11 09:09:48 ovzhost sshd[1130]: pam_unix(sshd:auth): authentication failure; logname= uid=0 euid=0 tty=ssh ruser= rhost=218.27.204.27 
Apr 11 09:09:50 ovzhost sshd[1126]: message repeated 2 times: [ Failed password for root from 43.255.190.130 port 56746 ssh2]
Apr 11 09:09:50 ovzhost sshd[1126]: Received disconnect from 43.255.190.130: 11:  [preauth]
Apr 11 09:09:50 ovzhost sshd[1126]: PAM 2 more authentication failures; logname= uid=0 euid=0 tty=ssh ruser= rhost=43.255.190.130  user=root
Apr 11 09:09:50 ovzhost sshd[1132]: pam_unix(sshd:auth): authentication failure; logname= uid=0 euid=0 tty=ssh ruser= rhost=43.255.190.91  user=root
Apr 11 09:09:51 ovzhost sshd[1130]: Failed password for invalid user jmh132 from 218.27.204.27 port 19577 ssh2
Apr 11 09:09:51 ovzhost sshd[1134]: pam_unix(sshd:auth): authentication failure; logname= uid=0 euid=0 tty=ssh ruser= rhost=43.255.190.130  user=root
Apr 11 09:09:51 ovzhost sshd[1130]: Received disconnect from 218.27.204.27: 11: Bye Bye [preauth]
Apr 11 09:09:52 ovzhost sshd[1132]: Failed password for root from 43.255.190.91 port 53618 ssh2
Apr 11 09:09:52 ovzhost sshd[1134]: Failed password for root from 43.255.190.130 port 47862 ssh2
Apr 11 09:09:54 ovzhost sshd[1136]: reverse mapping checking getaddrinfo for 27.204.27.218.adsl-pool.jlccptt.net.cn [218.27.204.27] failed - POSSIBLE BREAK-IN ATTEMPT!
Apr 11 09:09:54 ovzhost sshd[1136]: Invalid user cfinfo from 218.27.204.27
Apr 11 09:09:54 ovzhost sshd[1136]: input_userauth_request: invalid user cfinfo [preauth]
Apr 11 09:09:54 ovzhost sshd[1136]: pam_unix(sshd:auth): check pass; user unknown
Apr 11 09:09:54 ovzhost sshd[1136]: pam_unix(sshd:auth): authentication failure; logname= uid=0 euid=0 tty=ssh ruser= rhost=218.27.204.27 
Apr 11 09:09:56 ovzhost sshd[1136]: Failed password for invalid user cfinfo from 218.27.204.27 port 22238 ssh2
Apr 11 09:09:56 ovzhost sshd[1132]: message repeated 2 times: [ Failed password for root from 43.255.190.91 port 53618 ssh2]
Apr 11 09:09:57 ovzhost sshd[1132]: Received disconnect from 43.255.190.91: 11:  [preauth]
Apr 11 09:09:57 ovzhost sshd[1132]: PAM 2 more authentication failures; logname= uid=0 euid=0 tty=ssh ruser= rhost=43.255.190.91  user=root
Apr 11 09:09:57 ovzhost sshd[1136]: Received disconnect from 218.27.204.27: 11: Bye Bye [preauth]
Apr 11 09:09:57 ovzhost sshd[1134]: message repeated 2 times: [ Failed password for root from 43.255.190.130 port 47862 ssh2]
Apr 11 09:09:57 ovzhost sshd[1134]: Received disconnect from 43.255.190.130: 11:  [preauth]
Apr 11 09:09:57 ovzhost sshd[1134]: PAM 2 more authentication failures; logname= uid=0 euid=0 tty=ssh ruser= rhost=43.255.190.130  user=root
Apr 11 09:09:57 ovzhost sshd[1138]: pam_unix(sshd:auth): authentication failure; logname= uid=0 euid=0 tty=ssh ruser= rhost=43.255.190.130  user=root
Apr 11 09:09:59 ovzhost sshd[1142]: pam_unix(sshd:auth): authentication failure; logname= uid=0 euid=0 tty=ssh ruser= rhost=43.255.190.91  user=root
Apr 11 09:09:59 ovzhost sshd[1140]: reverse mapping checking getaddrinfo for 27.204.27.218.adsl-pool.jlccptt.net.cn [218.27.204.27] failed - POSSIBLE BREAK-IN ATTEMPT!
Apr 11 09:09:59 ovzhost sshd[1140]: Invalid user shanequa from 218.27.204.27
Apr 11 09:09:59 ovzhost sshd[1140]: input_userauth_request: invalid user shanequa [preauth]
Apr 11 09:09:59 ovzhost sshd[1140]: pam_unix(sshd:auth): check pass; user unknown
Apr 11 09:09:59 ovzhost sshd[1140]: pam_unix(sshd:auth): authentication failure; logname= uid=0 euid=0 tty=ssh ruser= rhost=218.27.204.27 
Apr 11 09:10:00 ovzhost sshd[1138]: Failed password for root from 43.255.190.130 port 36537 ssh2
Apr 11 09:10:00 ovzhost sshd[1142]: Failed password for root from 43.255.190.91 port 37214 ssh2
Apr 11 09:10:01 ovzhost sshd[1140]: Failed password for invalid user shanequa from 218.27.204.27 port 24517 ssh2
Apr 11 09:10:02 ovzhost sshd[1140]: Received disconnect from 218.27.204.27: 11: Bye Bye [preauth]
Apr 11 09:10:04 ovzhost sshd[1138]: message repeated 2 times: [ Failed password for root from 43.255.190.130 port 36537 ssh2]
Apr 11 09:10:04 ovzhost sshd[1138]: Received disconnect from 43.255.190.130: 11:  [preauth]
Apr 11 09:10:04 ovzhost sshd[1138]: PAM 2 more authentication failures; logname= uid=0 euid=0 tty=ssh ruser= rhost=43.255.190.130  user=root
Apr 11 09:10:04 ovzhost sshd[1142]: message repeated 2 times: [ Failed password for root from 43.255.190.91 port 37214 ssh2]
Apr 11 09:10:04 ovzhost sshd[1142]: Received disconnect from 43.255.190.91: 11:  [preauth]
Apr 11 09:10:04 ovzhost sshd[1142]: PAM 2 more authentication failures; logname= uid=0 euid=0 tty=ssh ruser= rhost=43.255.190.91  user=root
Apr 11 09:10:04 ovzhost sshd[1144]: reverse mapping checking getaddrinfo for 27.204.27.218.adsl-pool.jlccptt.net.cn [218.27.204.27] failed - POSSIBLE BREAK-IN ATTEMPT!
Apr 11 09:10:04 ovzhost sshd[1144]: Invalid user cjoint from 218.27.204.27
Apr 11 09:10:04 ovzhost sshd[1144]: input_userauth_request: invalid user cjoint [preauth]
Apr 11 09:10:04 ovzhost sshd[1144]: pam_unix(sshd:auth): check pass; user unknown
Apr 11 09:10:04 ovzhost sshd[1144]: pam_unix(sshd:auth): authentication failure; logname= uid=0 euid=0 tty=ssh ruser= rhost=218.27.204.27 
Apr 11 09:10:04 ovzhost sshd[1146]: pam_unix(sshd:auth): authentication failure; logname= uid=0 euid=0 tty=ssh ruser= rhost=43.255.190.130  user=root
Apr 11 09:10:06 ovzhost sshd[1148]: pam_unix(sshd:auth): authentication failure; logname= uid=0 euid=0 tty=ssh ruser= rhost=43.255.190.91  user=root
Apr 11 09:10:07 ovzhost sshd[1144]: Failed password for invalid user cjoint from 218.27.204.27 port 26706 ssh2
Apr 11 09:10:07 ovzhost sshd[1146]: Failed password for root from 43.255.190.130 port 53303 ssh2
Apr 11 09:10:07 ovzhost sshd[1144]: Received disconnect from 218.27.204.27: 11: Bye Bye [preauth]
Apr 11 09:10:09 ovzhost sshd[1148]: Failed password for root from 43.255.190.91 port 48344 ssh2
Apr 11 09:10:10 ovzhost sshd[1150]: reverse mapping checking getaddrinfo for 27.204.27.218.adsl-pool.jlccptt.net.cn [218.27.204.27] failed - POSSIBLE BREAK-IN ATTEMPT!
Apr 11 09:10:10 ovzhost sshd[1150]: Invalid user mjoint from 218.27.204.27
Apr 11 09:10:10 ovzhost sshd[1150]: input_userauth_request: invalid user mjoint [preauth]
Apr 11 09:10:10 ovzhost sshd[1150]: pam_unix(sshd:auth): check pass; user unknown
Apr 11 09:10:10 ovzhost sshd[1150]: pam_unix(sshd:auth): authentication failure; logname= uid=0 euid=0 tty=ssh ruser= rhost=218.27.204.27 
Apr 11 09:10:11 ovzhost sshd[1146]: message repeated 2 times: [ Failed password for root from 43.255.190.130 port 53303 ssh2]
Apr 11 09:10:11 ovzhost sshd[1146]: Received disconnect from 43.255.190.130: 11:  [preauth]
Apr 11 09:10:11 ovzhost sshd[1146]: PAM 2 more authentication failures; logname= uid=0 euid=0 tty=ssh ruser= rhost=43.255.190.130  user=root
Apr 11 09:10:11 ovzhost sshd[1152]: pam_unix(sshd:auth): authentication failure; logname= uid=0 euid=0 tty=ssh ruser= rhost=43.255.190.130  user=root
Apr 11 09:10:12 ovzhost sshd[1150]: Failed password for invalid user mjoint from 218.27.204.27 port 29248 ssh2
Apr 11 09:10:12 ovzhost sshd[1150]: Received disconnect from 218.27.204.27: 11: Bye Bye [preauth]
Apr 11 09:10:14 ovzhost sshd[1148]: message repeated 2 times: [ Failed password for root from 43.255.190.91 port 48344 ssh2]
Apr 11 09:10:14 ovzhost sshd[1148]: Received disconnect from 43.255.190.91: 11:  [preauth]
Apr 11 09:10:14 ovzhost sshd[1148]: PAM 2 more authentication failures; logname= uid=0 euid=0 tty=ssh ruser= rhost=43.255.190.91  user=root
Apr 11 09:10:14 ovzhost sshd[1152]: Failed password for root from 43.255.190.130 port 41348 ssh2
Apr 11 09:10:15 ovzhost sshd[1154]: reverse mapping checking getaddrinfo for 27.204.27.218.adsl-pool.jlccptt.net.cn [218.27.204.27] failed - POSSIBLE BREAK-IN ATTEMPT!
Apr 11 09:10:15 ovzhost sshd[1154]: Invalid user kb3hgj from 218.27.204.27
Apr 11 09:10:15 ovzhost sshd[1154]: input_userauth_request: invalid user kb3hgj [preauth]
Apr 11 09:10:15 ovzhost sshd[1154]: pam_unix(sshd:auth): check pass; user unknown
Apr 11 09:10:15 ovzhost sshd[1154]: pam_unix(sshd:auth): authentication failure; logname= uid=0 euid=0 tty=ssh ruser= rhost=218.27.204.27 
Apr 11 09:10:15 ovzhost sshd[1158]: pam_unix(sshd:auth): authentication failure; logname= uid=0 euid=0 tty=ssh ruser= rhost=43.255.190.91  user=root
Apr 11 09:10:16 ovzhost sshd[1154]: Failed password for invalid user kb3hgj from 218.27.204.27 port 31588 ssh2
Apr 11 09:10:16 ovzhost sshd[1158]: Failed password for root from 43.255.190.91 port 33631 ssh2
Apr 11 09:10:17 ovzhost sshd[1154]: Received disconnect from 218.27.204.27: 11: Bye Bye [preauth]
Apr 11 09:10:17 ovzhost sshd[1152]: message repeated 2 times: [ Failed password for root from 43.255.190.130 port 41348 ssh2]
Apr 11 09:10:17 ovzhost sshd[1152]: Received disconnect from 43.255.190.130: 11:  [preauth]
Apr 11 09:10:17 ovzhost sshd[1152]: PAM 2 more authentication failures; logname= uid=0 euid=0 tty=ssh ruser= rhost=43.255.190.130  user=root
Apr 11 09:10:17 ovzhost sshd[1160]: pam_unix(sshd:auth): authentication failure; logname= uid=0 euid=0 tty=ssh ruser= rhost=43.255.190.130  user=root
Apr 11 09:10:19 ovzhost sshd[1162]: reverse mapping checking getaddrinfo for 27.204.27.218.adsl-pool.jlccptt.net.cn [218.27.204.27] failed - POSSIBLE BREAK-IN ATTEMPT!
Apr 11 09:10:19 ovzhost sshd[1162]: Invalid user mike from 218.27.204.27
Apr 11 09:10:19 ovzhost sshd[1162]: input_userauth_request: invalid user mike [preauth]
Apr 11 09:10:19 ovzhost sshd[1162]: pam_unix(sshd:auth): check pass; user unknown
Apr 11 09:10:19 ovzhost sshd[1162]: pam_unix(sshd:auth): authentication failure; logname= uid=0 euid=0 tty=ssh ruser= rhost=218.27.204.27 
Apr 11 09:10:20 ovzhost sshd[1160]: Failed password for root from 43.255.190.130 port 56561 ssh2
Apr 11 09:10:21 ovzhost sshd[1158]: message repeated 2 times: [ Failed password for root from 43.255.190.91 port 33631 ssh2]
Apr 11 09:10:21 ovzhost sshd[1158]: Received disconnect from 43.255.190.91: 11:  [preauth]
Apr 11 09:10:21 ovzhost sshd[1158]: PAM 2 more authentication failures; logname= uid=0 euid=0 tty=ssh ruser= rhost=43.255.190.91  user=root
Apr 11 09:10:21 ovzhost sshd[1162]: Failed password for invalid user mike from 218.27.204.27 port 33717 ssh2
Apr 11 09:10:21 ovzhost sshd[1162]: Received disconnect from 218.27.204.27: 11: Bye Bye [preauth]
Apr 11 09:10:22 ovzhost sshd[1166]: pam_unix(sshd:auth): authentication failure; logname= uid=0 euid=0 tty=ssh ruser= rhost=43.255.190.91  user=root
Apr 11 09:10:23 ovzhost sshd[1160]: message repeated 2 times: [ Failed password for root from 43.255.190.130 port 56561 ssh2]
Apr 11 09:10:23 ovzhost sshd[1160]: Received disconnect from 43.255.190.130: 11:  [preauth]
Apr 11 09:10:23 ovzhost sshd[1160]: PAM 2 more authentication failures; logname= uid=0 euid=0 tty=ssh ruser= rhost=43.255.190.130  user=root
Apr 11 09:10:24 ovzhost sshd[1166]: Failed password for root from 43.255.190.91 port 44557 ssh2
Apr 11 09:10:24 ovzhost sshd[1170]: pam_unix(sshd:auth): authentication failure; logname= uid=0 euid=0 tty=ssh ruser= rhost=43.255.190.130  user=root
Apr 11 09:10:24 ovzhost sshd[1168]: reverse mapping checking getaddrinfo for 27.204.27.218.adsl-pool.jlccptt.net.cn [218.27.204.27] failed - POSSIBLE BREAK-IN ATTEMPT!
Apr 11 09:10:24 ovzhost sshd[1168]: Invalid user chris from 218.27.204.27
Apr 11 09:10:24 ovzhost sshd[1168]: input_userauth_request: invalid user chris [preauth]
Apr 11 09:10:24 ovzhost sshd[1168]: pam_unix(sshd:auth): check pass; user unknown
Apr 11 09:10:24 ovzhost sshd[1168]: pam_unix(sshd:auth): authentication failure; logname= uid=0 euid=0 tty=ssh ruser= rhost=218.27.204.27 
Apr 11 09:10:26 ovzhost sshd[1170]: Failed password for root from 43.255.190.130 port 44205 ssh2
Apr 11 09:10:26 ovzhost sshd[1168]: Failed password for invalid user chris from 218.27.204.27 port 35756 ssh2
Apr 11 09:10:26 ovzhost sshd[1168]: Received disconnect from 218.27.204.27: 11: Bye Bye [preauth]
Apr 11 09:10:27 ovzhost sshd[1166]: message repeated 2 times: [ Failed password for root from 43.255.190.91 port 44557 ssh2]
Apr 11 09:10:28 ovzhost sshd[1166]: Received disconnect from 43.255.190.91: 11:  [preauth]
Apr 11 09:10:28 ovzhost sshd[1166]: PAM 2 more authentication failures; logname= uid=0 euid=0 tty=ssh ruser= rhost=43.255.190.91  user=root
Apr 11 09:10:29 ovzhost sshd[1172]: reverse mapping checking getaddrinfo for 27.204.27.218.adsl-pool.jlccptt.net.cn [218.27.204.27] failed - POSSIBLE BREAK-IN ATTEMPT!
Apr 11 09:10:29 ovzhost sshd[1172]: Invalid user cpj from 218.27.204.27
Apr 11 09:10:29 ovzhost sshd[1172]: input_userauth_request: invalid user cpj [preauth]
Apr 11 09:10:29 ovzhost sshd[1172]: pam_unix(sshd:auth): check pass; user unknown
Apr 11 09:10:29 ovzhost sshd[1172]: pam_unix(sshd:auth): authentication failure; logname= uid=0 euid=0 tty=ssh ruser= rhost=218.27.204.27 
Apr 11 09:10:29 ovzhost sshd[1170]: message repeated 2 times: [ Failed password for root from 43.255.190.130 port 44205 ssh2]
Apr 11 09:10:29 ovzhost sshd[1170]: Received disconnect from 43.255.190.130: 11:  [preauth]
Apr 11 09:10:29 ovzhost sshd[1170]: PAM 2 more authentication failures; logname= uid=0 euid=0 tty=ssh ruser= rhost=43.255.190.130  user=root
Apr 11 09:10:29 ovzhost sshd[1174]: pam_unix(sshd:auth): authentication failure; logname= uid=0 euid=0 tty=ssh ruser= rhost=43.255.190.91  user=root
Apr 11 09:10:30 ovzhost sshd[1176]: pam_unix(sshd:auth): authentication failure; logname= uid=0 euid=0 tty=ssh ruser= rhost=43.255.190.130  user=root
Apr 11 09:10:32 ovzhost sshd[1172]: Failed password for invalid user cpj from 218.27.204.27 port 37866 ssh2
Apr 11 09:10:32 ovzhost sshd[1174]: Failed password for root from 43.255.190.91 port 54611 ssh2
Apr 11 09:10:32 ovzhost sshd[1172]: Received disconnect from 218.27.204.27: 11: Bye Bye [preauth]
Apr 11 09:10:33 ovzhost sshd[1176]: Failed password for root from 43.255.190.130 port 58409 ssh2
Apr 11 09:10:35 ovzhost sshd[1174]: message repeated 2 times: [ Failed password for root from 43.255.190.91 port 54611 ssh2]
Apr 11 09:10:36 ovzhost sshd[1174]: Received disconnect from 43.255.190.91: 11:  [preauth]
Apr 11 09:10:36 ovzhost sshd[1174]: PAM 2 more authentication failures; logname= uid=0 euid=0 tty=ssh ruser= rhost=43.255.190.91  user=root
Apr 11 09:10:36 ovzhost sshd[1178]: reverse mapping checking getaddrinfo for 27.204.27.218.adsl-pool.jlccptt.net.cn [218.27.204.27] failed - POSSIBLE BREAK-IN ATTEMPT!
Apr 11 09:10:36 ovzhost sshd[1178]: Invalid user jjastor from 218.27.204.27
Apr 11 09:10:36 ovzhost sshd[1178]: input_userauth_request: invalid user jjastor [preauth]
Apr 11 09:10:36 ovzhost sshd[1178]: pam_unix(sshd:auth): check pass; user unknown
Apr 11 09:10:36 ovzhost sshd[1178]: pam_unix(sshd:auth): authentication failure; logname= uid=0 euid=0 tty=ssh ruser= rhost=218.27.204.27 
Apr 11 09:10:36 ovzhost sshd[1176]: message repeated 2 times: [ Failed password for root from 43.255.190.130 port 58409 ssh2]
Apr 11 09:10:36 ovzhost sshd[1176]: Received disconnect from 43.255.190.130: 11:  [preauth]
Apr 11 09:10:36 ovzhost sshd[1176]: PAM 2 more authentication failures; logname= uid=0 euid=0 tty=ssh ruser= rhost=43.255.190.130  user=root
Apr 11 09:10:37 ovzhost sshd[1180]: pam_unix(sshd:auth): authentication failure; logname= uid=0 euid=0 tty=ssh ruser= rhost=43.255.190.130  user=root
Apr 11 09:10:38 ovzhost sshd[1178]: Failed password for invalid user jjastor from 218.27.204.27 port 40118 ssh2
Apr 11 09:10:38 ovzhost sshd[1178]: Received disconnect from 218.27.204.27: 11: Bye Bye [preauth]
Apr 11 09:10:38 ovzhost sshd[1180]: Failed password for root from 43.255.190.130 port 46908 ssh2
Apr 11 09:10:41 ovzhost sshd[1183]: reverse mapping checking getaddrinfo for 27.204.27.218.adsl-pool.jlccptt.net.cn [218.27.204.27] failed - POSSIBLE BREAK-IN ATTEMPT!
Apr 11 09:10:41 ovzhost sshd[1183]: Invalid user istvaan from 218.27.204.27
Apr 11 09:10:41 ovzhost sshd[1183]: input_userauth_request: invalid user istvaan [preauth]
Apr 11 09:10:41 ovzhost sshd[1183]: pam_unix(sshd:auth): check pass; user unknown
Apr 11 09:10:41 ovzhost sshd[1183]: pam_unix(sshd:auth): authentication failure; logname= uid=0 euid=0 tty=ssh ruser= rhost=218.27.204.27 
Apr 11 09:10:42 ovzhost sshd[1182]: pam_unix(sshd:auth): authentication failure; logname= uid=0 euid=0 tty=ssh ruser= rhost=43.255.190.91  user=root
Apr 11 09:10:43 ovzhost sshd[1183]: Failed password for invalid user istvaan from 218.27.204.27 port 42838 ssh2
Apr 11 09:10:44 ovzhost sshd[1183]: Received disconnect from 218.27.204.27: 11: Bye Bye [preauth]
Apr 11 09:10:44 ovzhost sshd[1180]: message repeated 2 times: [ Failed password for root from 43.255.190.130 port 46908 ssh2]
Apr 11 09:10:44 ovzhost sshd[1180]: Received disconnect from 43.255.190.130: 11:  [preauth]
Apr 11 09:10:44 ovzhost sshd[1180]: PAM 2 more authentication failures; logname= uid=0 euid=0 tty=ssh ruser= rhost=43.255.190.130  user=root
Apr 11 09:10:44 ovzhost sshd[1182]: Failed password for root from 43.255.190.91 port 37747 ssh2
Apr 11 09:10:44 ovzhost sshd[1187]: pam_unix(sshd:auth): authentication failure; logname= uid=0 euid=0 tty=ssh ruser= rhost=43.255.190.130  user=root
Apr 11 09:10:46 ovzhost sshd[1187]: Failed password for root from 43.255.190.130 port 35460 ssh2
Apr 11 09:10:48 ovzhost sshd[1189]: reverse mapping checking getaddrinfo for 27.204.27.218.adsl-pool.jlccptt.net.cn [218.27.204.27] failed - POSSIBLE BREAK-IN ATTEMPT!
Apr 11 09:10:48 ovzhost sshd[1189]: Invalid user 87xr from 218.27.204.27
Apr 11 09:10:48 ovzhost sshd[1189]: input_userauth_request: invalid user 87xr [preauth]
Apr 11 09:10:48 ovzhost sshd[1189]: pam_unix(sshd:auth): check pass; user unknown
Apr 11 09:10:48 ovzhost sshd[1189]: pam_unix(sshd:auth): authentication failure; logname= uid=0 euid=0 tty=ssh ruser= rhost=218.27.204.27 
Apr 11 09:10:48 ovzhost sshd[1182]: message repeated 2 times: [ Failed password for root from 43.255.190.91 port 37747 ssh2]
Apr 11 09:10:48 ovzhost sshd[1182]: Received disconnect from 43.255.190.91: 11:  [preauth]
Apr 11 09:10:48 ovzhost sshd[1182]: PAM 2 more authentication failures; logname= uid=0 euid=0 tty=ssh ruser= rhost=43.255.190.91  user=root
Apr 11 09:10:49 ovzhost sshd[1191]: pam_unix(sshd:auth): authentication failure; logname= uid=0 euid=0 tty=ssh ruser= rhost=43.255.190.91  user=root
Apr 11 09:10:50 ovzhost sshd[1189]: Failed password for invalid user 87xr from 218.27.204.27 port 44999 ssh2
Apr 11 09:10:50 ovzhost sshd[1189]: Received disconnect from 218.27.204.27: 11: Bye Bye [preauth]
Apr 11 09:10:50 ovzhost sshd[1187]: message repeated 2 times: [ Failed password for root from 43.255.190.130 port 35460 ssh2]
Apr 11 09:10:50 ovzhost sshd[1187]: Received disconnect from 43.255.190.130: 11:  [preauth]
Apr 11 09:10:50 ovzhost sshd[1187]: PAM 2 more authentication failures; logname= uid=0 euid=0 tty=ssh ruser= rhost=43.255.190.130  user=root
Apr 11 09:10:51 ovzhost sshd[1191]: Failed password for root from 43.255.190.91 port 55965 ssh2
Apr 11 09:10:51 ovzhost sshd[1194]: pam_unix(sshd:auth): authentication failure; logname= uid=0 euid=0 tty=ssh ruser= rhost=43.255.190.130  user=root
Apr 11 09:10:53 ovzhost sshd[1194]: Failed password for root from 43.255.190.130 port 52034 ssh2
Apr 11 09:10:54 ovzhost sshd[1193]: reverse mapping checking getaddrinfo for 27.204.27.218.adsl-pool.jlccptt.net.cn [218.27.204.27] failed - POSSIBLE BREAK-IN ATTEMPT!
