Apr 11 09:10:54 ovzhost sshd[1193]: Invalid user stevoo from 218.27.204.27
Apr 11 09:10:54 ovzhost sshd[1193]: input_userauth_request: invalid user stevoo [preauth]
Apr 11 09:10:54 ovzhost sshd[1193]: pam_unix(sshd:auth): check pass; user unknown
Apr 11 09:10:54 ovzhost sshd[1193]: pam_unix(sshd:auth): authentication failure; logname= uid=0 euid=0 tty=ssh ruser= rhost=218.27.204.27 
Apr 11 09:10:55 ovzhost sshd[1191]: message repeated 2 times: [ Failed password for root from 43.255.190.91 port 55965 ssh2]
Apr 11 09:10:55 ovzhost sshd[1191]: Received disconnect from 43.255.190.91: 11:  [preauth]
Apr 11 09:10:55 ovzhost sshd[1191]: PAM 2 more authentication failures; logname= uid=0 euid=0 tty=ssh ruser= rhost=43.255.190.91  user=root
Apr 11 09:10:56 ovzhost sshd[1193]: Failed password for invalid user stevoo from 218.27.204.27 port 47632 ssh2
Apr 11 09:10:57 ovzhost sshd[1193]: Received disconnect from 218.27.204.27: 11: Bye Bye [preauth]
Apr 11 09:10:57 ovzhost sshd[1197]: pam_unix(sshd:auth): authentication failure; logname= uid=0 euid=0 tty=ssh ruser= rhost=43.255.190.91  user=root
Apr 11 09:10:58 ovzhost sshd[1194]: message repeated 2 times: [ Failed password for root from 43.255.190.130 port 52034 ssh2]
Apr 11 09:10:58 ovzhost sshd[1194]: Received disconnect from 43.255.190.130: 11:  [preauth]
Apr 11 09:10:58 ovzhost sshd[1194]: PAM 2 more authentication failures; logname= uid=0 euid=0 tty=ssh ruser= rhost=43.255.190.130  user=root
Apr 11 09:10:58 ovzhost sshd[1201]: pam_unix(sshd:auth): authentication failure; logname= uid=0 euid=0 tty=ssh ruser= rhost=43.255.190.130  user=root
Apr 11 09:10:59 ovzhost sshd[1197]: Failed password for root from 43.255.190.91 port 38134 ssh2
Apr 11 09:11:00 ovzhost sshd[1199]: reverse mapping checking getaddrinfo for 27.204.27.218.adsl-pool.jlccptt.net.cn [218.27.204.27] failed - POSSIBLE BREAK-IN ATTEMPT!
Apr 11 09:11:00 ovzhost sshd[1199]: Invalid user bkmark from 218.27.204.27
Apr 11 09:11:00 ovzhost sshd[1199]: input_userauth_request: invalid user bkmark [preauth]
Apr 11 09:11:00 ovzhost sshd[1199]: pam_unix(sshd:auth): check pass; user unknown
Apr 11 09:11:00 ovzhost sshd[1199]: pam_unix(sshd:auth): authentication failure; logname= uid=0 euid=0 tty=ssh ruser= rhost=218.27.204.27 
Apr 11 09:11:00 ovzhost sshd[1201]: Failed password for root from 43.255.190.130 port 41523 ssh2
Apr 11 09:11:01 ovzhost sshd[1199]: Failed password for invalid user bkmark from 218.27.204.27 port 50328 ssh2
Apr 11 09:11:02 ovzhost sshd[1199]: Received disconnect from 218.27.204.27: 11: Bye Bye [preauth]
Apr 11 09:11:04 ovzhost sshd[1201]: message repeated 2 times: [ Failed password for root from 43.255.190.130 port 41523 ssh2]
Apr 11 09:11:04 ovzhost sshd[1201]: Received disconnect from 43.255.190.130: 11:  [preauth]
Apr 11 09:11:04 ovzhost sshd[1201]: PAM 2 more authentication failures; logname= uid=0 euid=0 tty=ssh ruser= rhost=43.255.190.130  user=root
Apr 11 09:11:05 ovzhost sshd[1203]: reverse mapping checking getaddrinfo for 27.204.27.218.adsl-pool.jlccptt.net.cn [218.27.204.27] failed - POSSIBLE BREAK-IN ATTEMPT!
Apr 11 09:11:05 ovzhost sshd[1203]: Invalid user mailsvc from 218.27.204.27
Apr 11 09:11:05 ovzhost sshd[1203]: input_userauth_request: invalid user mailsvc [preauth]
Apr 11 09:11:05 ovzhost sshd[1203]: pam_unix(sshd:auth): check pass; user unknown
Apr 11 09:11:05 ovzhost sshd[1203]: pam_unix(sshd:auth): authentication failure; logname= uid=0 euid=0 tty=ssh ruser= rhost=218.27.204.27 
Apr 11 09:11:06 ovzhost sshd[1205]: pam_unix(sshd:auth): authentication failure; logname= uid=0 euid=0 tty=ssh ruser= rhost=43.255.190.130  user=root
Apr 11 09:11:07 ovzhost sshd[1203]: Failed password for invalid user mailsvc from 218.27.204.27 port 52247 ssh2
Apr 11 09:11:06 ovzhost sshd[1197]: message repeated 2 times: [ Failed password for root from 43.255.190.91 port 38134 ssh2]
Apr 11 09:11:07 ovzhost sshd[1197]: Received disconnect from 43.255.190.91: 11:  [preauth]
Apr 11 09:11:07 ovzhost sshd[1197]: PAM 2 more authentication failures; logname= uid=0 euid=0 tty=ssh ruser= rhost=43.255.190.91  user=root
Apr 11 09:11:07 ovzhost sshd[1203]: Received disconnect from 218.27.204.27: 11: Bye Bye [preauth]
Apr 11 09:11:08 ovzhost sshd[1207]: pam_unix(sshd:auth): authentication failure; logname= uid=0 euid=0 tty=ssh ruser= rhost=43.255.190.91  user=root
Apr 11 09:11:09 ovzhost sshd[1205]: Failed password for root from 43.255.190.130 port 56877 ssh2
Apr 11 09:11:09 ovzhost sshd[1207]: Failed password for root from 43.255.190.91 port 54544 ssh2
Apr 11 09:11:10 ovzhost sshd[1209]: reverse mapping checking getaddrinfo for 27.204.27.218.adsl-pool.jlccptt.net.cn [218.27.204.27] failed - POSSIBLE BREAK-IN ATTEMPT!
Apr 11 09:11:10 ovzhost sshd[1209]: Invalid user shannon from 218.27.204.27
Apr 11 09:11:10 ovzhost sshd[1209]: input_userauth_request: invalid user shannon [preauth]
Apr 11 09:11:10 ovzhost sshd[1209]: pam_unix(sshd:auth): check pass; user unknown
Apr 11 09:11:10 ovzhost sshd[1209]: pam_unix(sshd:auth): authentication failure; logname= uid=0 euid=0 tty=ssh ruser= rhost=218.27.204.27 
Apr 11 09:11:12 ovzhost sshd[1209]: Failed password for invalid user shannon from 218.27.204.27 port 54285 ssh2
Apr 11 09:11:12 ovzhost sshd[1209]: Received disconnect from 218.27.204.27: 11: Bye Bye [preauth]
Apr 11 09:11:12 ovzhost sshd[1205]: message repeated 2 times: [ Failed password for root from 43.255.190.130 port 56877 ssh2]
Apr 11 09:11:13 ovzhost sshd[1205]: Received disconnect from 43.255.190.130: 11:  [preauth]
Apr 11 09:11:13 ovzhost sshd[1205]: PAM 2 more authentication failures; logname= uid=0 euid=0 tty=ssh ruser= rhost=43.255.190.130  user=root
Apr 11 09:11:13 ovzhost sshd[1207]: message repeated 2 times: [ Failed password for root from 43.255.190.91 port 54544 ssh2]
Apr 11 09:11:13 ovzhost sshd[1207]: Received disconnect from 43.255.190.91: 11:  [preauth]
Apr 11 09:11:13 ovzhost sshd[1207]: PAM 2 more authentication failures; logname= uid=0 euid=0 tty=ssh ruser= rhost=43.255.190.91  user=root
Apr 11 09:11:13 ovzhost sshd[1211]: pam_unix(sshd:auth): authentication failure; logname= uid=0 euid=0 tty=ssh ruser= rhost=43.255.190.130  user=root
Apr 11 09:11:15 ovzhost sshd[1211]: Failed password for root from 43.255.190.130 port 48811 ssh2
Apr 11 09:11:15 ovzhost sshd[1214]: pam_unix(sshd:auth): authentication failure; logname= uid=0 euid=0 tty=ssh ruser= rhost=43.255.190.91  user=root
Apr 11 09:11:15 ovzhost sshd[1213]: reverse mapping checking getaddrinfo for 27.204.27.218.adsl-pool.jlccptt.net.cn [218.27.204.27] failed - POSSIBLE BREAK-IN ATTEMPT!
Apr 11 09:11:15 ovzhost sshd[1213]: Invalid user sarah from 218.27.204.27
Apr 11 09:11:15 ovzhost sshd[1213]: input_userauth_request: invalid user sarah [preauth]
Apr 11 09:11:15 ovzhost sshd[1213]: pam_unix(sshd:auth): check pass; user unknown
Apr 11 09:11:15 ovzhost sshd[1213]: pam_unix(sshd:auth): authentication failure; logname= uid=0 euid=0 tty=ssh ruser= rhost=218.27.204.27 
Apr 11 09:11:17 ovzhost sshd[1214]: Failed password for root from 43.255.190.91 port 35288 ssh2
Apr 11 09:11:17 ovzhost sshd[1213]: Failed password for invalid user sarah from 218.27.204.27 port 56131 ssh2
Apr 11 09:11:17 ovzhost sshd[1213]: Received disconnect from 218.27.204.27: 11: Bye Bye [preauth]
Apr 11 09:11:19 ovzhost sshd[1211]: message repeated 2 times: [ Failed password for root from 43.255.190.130 port 48811 ssh2]
Apr 11 09:11:19 ovzhost sshd[1211]: Received disconnect from 43.255.190.130: 11:  [preauth]
Apr 11 09:11:19 ovzhost sshd[1211]: PAM 2 more authentication failures; logname= uid=0 euid=0 tty=ssh ruser= rhost=43.255.190.130  user=root
Apr 11 09:11:20 ovzhost sshd[1220]: pam_unix(sshd:auth): authentication failure; logname= uid=0 euid=0 tty=ssh ruser= rhost=43.255.190.130  user=root
Apr 11 09:11:20 ovzhost sshd[1218]: reverse mapping checking getaddrinfo for 27.204.27.218.adsl-pool.jlccptt.net.cn [218.27.204.27] failed - POSSIBLE BREAK-IN ATTEMPT!
Apr 11 09:11:20 ovzhost sshd[1218]: Invalid user drewtran from 218.27.204.27
Apr 11 09:11:20 ovzhost sshd[1218]: input_userauth_request: invalid user drewtran [preauth]
Apr 11 09:11:20 ovzhost sshd[1218]: pam_unix(sshd:auth): check pass; user unknown
Apr 11 09:11:20 ovzhost sshd[1218]: pam_unix(sshd:auth): authentication failure; logname= uid=0 euid=0 tty=ssh ruser= rhost=218.27.204.27 
Apr 11 09:11:21 ovzhost sshd[1220]: Failed password for root from 43.255.190.130 port 36286 ssh2
Apr 11 09:11:21 ovzhost sshd[1218]: Failed password for invalid user drewtran from 218.27.204.27 port 57963 ssh2
Apr 11 09:11:22 ovzhost sshd[1218]: Received disconnect from 218.27.204.27: 11: Bye Bye [preauth]
Apr 11 09:11:22 ovzhost sshd[1214]: message repeated 2 times: [ Failed password for root from 43.255.190.91 port 35288 ssh2]
Apr 11 09:11:22 ovzhost sshd[1214]: Received disconnect from 43.255.190.91: 11:  [preauth]
Apr 11 09:11:22 ovzhost sshd[1214]: PAM 2 more authentication failures; logname= uid=0 euid=0 tty=ssh ruser= rhost=43.255.190.91  user=root
Apr 11 09:11:24 ovzhost sshd[1224]: reverse mapping checking getaddrinfo for 27.204.27.218.adsl-pool.jlccptt.net.cn [218.27.204.27] failed - POSSIBLE BREAK-IN ATTEMPT!
Apr 11 09:11:24 ovzhost sshd[1224]: Invalid user tiny from 218.27.204.27
Apr 11 09:11:24 ovzhost sshd[1224]: input_userauth_request: invalid user tiny [preauth]
Apr 11 09:11:24 ovzhost sshd[1224]: pam_unix(sshd:auth): check pass; user unknown
Apr 11 09:11:24 ovzhost sshd[1224]: pam_unix(sshd:auth): authentication failure; logname= uid=0 euid=0 tty=ssh ruser= rhost=218.27.204.27 
Apr 11 09:11:25 ovzhost sshd[1220]: message repeated 2 times: [ Failed password for root from 43.255.190.130 port 36286 ssh2]
Apr 11 09:11:25 ovzhost sshd[1220]: Received disconnect from 43.255.190.130: 11:  [preauth]
Apr 11 09:11:25 ovzhost sshd[1220]: PAM 2 more authentication failures; logname= uid=0 euid=0 tty=ssh ruser= rhost=43.255.190.130  user=root
Apr 11 09:11:25 ovzhost sshd[1226]: pam_unix(sshd:auth): authentication failure; logname= uid=0 euid=0 tty=ssh ruser= rhost=43.255.190.130  user=root
Apr 11 09:11:27 ovzhost sshd[1224]: Failed password for invalid user tiny from 218.27.204.27 port 59598 ssh2
Apr 11 09:11:27 ovzhost sshd[1224]: Received disconnect from 218.27.204.27: 11: Bye Bye [preauth]
Apr 11 09:11:27 ovzhost sshd[1226]: Failed password for root from 43.255.190.130 port 51550 ssh2
Apr 11 09:11:27 ovzhost sshd[1222]: pam_unix(sshd:auth): authentication failure; logname= uid=0 euid=0 tty=ssh ruser= rhost=43.255.190.91  user=root
Apr 11 09:11:29 ovzhost sshd[1222]: Failed password for root from 43.255.190.91 port 47899 ssh2
Apr 11 09:11:30 ovzhost sshd[1228]: reverse mapping checking getaddrinfo for 27.204.27.218.adsl-pool.jlccptt.net.cn [218.27.204.27] failed - POSSIBLE BREAK-IN ATTEMPT!
Apr 11 09:11:30 ovzhost sshd[1228]: Invalid user csenior from 218.27.204.27
Apr 11 09:11:30 ovzhost sshd[1228]: input_userauth_request: invalid user csenior [preauth]
Apr 11 09:11:30 ovzhost sshd[1228]: pam_unix(sshd:auth): check pass; user unknown
Apr 11 09:11:30 ovzhost sshd[1228]: pam_unix(sshd:auth): authentication failure; logname= uid=0 euid=0 tty=ssh ruser= rhost=218.27.204.27 
Apr 11 09:11:32 ovzhost sshd[1228]: Failed password for invalid user csenior from 218.27.204.27 port 61448 ssh2
Apr 11 09:11:32 ovzhost sshd[1228]: Received disconnect from 218.27.204.27: 11: Bye Bye [preauth]
Apr 11 09:11:32 ovzhost sshd[1226]: message repeated 2 times: [ Failed password for root from 43.255.190.130 port 51550 ssh2]
Apr 11 09:11:32 ovzhost sshd[1226]: Received disconnect from 43.255.190.130: 11:  [preauth]
Apr 11 09:11:32 ovzhost sshd[1226]: PAM 2 more authentication failures; logname= uid=0 euid=0 tty=ssh ruser= rhost=43.255.190.130  user=root
Apr 11 09:11:33 ovzhost sshd[1230]: pam_unix(sshd:auth): authentication failure; logname= uid=0 euid=0 tty=ssh ruser= rhost=43.255.190.130  user=root
Apr 11 09:11:33 ovzhost sshd[1222]: message repeated 2 times: [ Failed password for root from 43.255.190.91 port 47899 ssh2]
Apr 11 09:11:33 ovzhost sshd[1222]: Received disconnect from 43.255.190.91: 11:  [preauth]
Apr 11 09:11:33 ovzhost sshd[1222]: PAM 2 more authentication failures; logname= uid=0 euid=0 tty=ssh ruser= rhost=43.255.190.91  user=root
Apr 11 09:11:34 ovzhost sshd[1234]: pam_unix(sshd:auth): authentication failure; logname= uid=0 euid=0 tty=ssh ruser= rhost=43.255.190.91  user=root
Apr 11 09:11:34 ovzhost sshd[1230]: Failed password for root from 43.255.190.130 port 39807 ssh2
Apr 11 09:11:36 ovzhost sshd[1232]: reverse mapping checking getaddrinfo for 27.204.27.218.adsl-pool.jlccptt.net.cn [218.27.204.27] failed - POSSIBLE BREAK-IN ATTEMPT!
Apr 11 09:11:36 ovzhost sshd[1232]: Invalid user mailwhore from 218.27.204.27
Apr 11 09:11:36 ovzhost sshd[1232]: input_userauth_request: invalid user mailwhore [preauth]
Apr 11 09:11:36 ovzhost sshd[1232]: pam_unix(sshd:auth): check pass; user unknown
Apr 11 09:11:36 ovzhost sshd[1232]: pam_unix(sshd:auth): authentication failure; logname= uid=0 euid=0 tty=ssh ruser= rhost=218.27.204.27 
Apr 11 09:11:36 ovzhost sshd[1234]: Failed password for root from 43.255.190.91 port 36653 ssh2
Apr 11 09:11:38 ovzhost sshd[1232]: Failed password for invalid user mailwhore from 218.27.204.27 port 63253 ssh2
Apr 11 09:11:38 ovzhost sshd[1232]: Received disconnect from 218.27.204.27: 11: Bye Bye [preauth]
Apr 11 09:11:39 ovzhost sshd[1230]: message repeated 2 times: [ Failed password for root from 43.255.190.130 port 39807 ssh2]
Apr 11 09:11:39 ovzhost sshd[1230]: Received disconnect from 43.255.190.130: 11:  [preauth]
Apr 11 09:11:39 ovzhost sshd[1230]: PAM 2 more authentication failures; logname= uid=0 euid=0 tty=ssh ruser= rhost=43.255.190.130  user=root
Apr 11 09:11:39 ovzhost sshd[1237]: pam_unix(sshd:auth): authentication failure; logname= uid=0 euid=0 tty=ssh ruser= rhost=43.255.190.130  user=root
Apr 11 09:11:40 ovzhost sshd[1234]: message repeated 2 times: [ Failed password for root from 43.255.190.91 port 36653 ssh2]
Apr 11 09:11:40 ovzhost sshd[1234]: Received disconnect from 43.255.190.91: 11:  [preauth]
Apr 11 09:11:40 ovzhost sshd[1234]: PAM 2 more authentication failures; logname= uid=0 euid=0 tty=ssh ruser= rhost=43.255.190.91  user=root
Apr 11 09:11:41 ovzhost sshd[1237]: Failed password for root from 43.255.190.130 port 56250 ssh2
Apr 11 09:11:42 ovzhost sshd[1236]: reverse mapping checking getaddrinfo for 27.204.27.218.adsl-pool.jlccptt.net.cn [218.27.204.27] failed - POSSIBLE BREAK-IN ATTEMPT!
Apr 11 09:11:42 ovzhost sshd[1236]: Invalid user howie from 218.27.204.27
Apr 11 09:11:42 ovzhost sshd[1236]: input_userauth_request: invalid user howie [preauth]
Apr 11 09:11:42 ovzhost sshd[1236]: pam_unix(sshd:auth): check pass; user unknown
Apr 11 09:11:42 ovzhost sshd[1236]: pam_unix(sshd:auth): authentication failure; logname= uid=0 euid=0 tty=ssh ruser= rhost=218.27.204.27 
Apr 11 09:11:44 ovzhost sshd[1236]: Failed password for invalid user howie from 218.27.204.27 port 9018 ssh2
Apr 11 09:11:44 ovzhost sshd[1236]: Received disconnect from 218.27.204.27: 11: Bye Bye [preauth]
Apr 11 09:11:45 ovzhost sshd[1244]: Connection closed by 128.8.37.120 [preauth]
Apr 11 09:11:45 ovzhost sshd[1237]: message repeated 2 times: [ Failed password for root from 43.255.190.130 port 56250 ssh2]
Apr 11 09:11:45 ovzhost sshd[1237]: Received disconnect from 43.255.190.130: 11:  [preauth]
Apr 11 09:11:45 ovzhost sshd[1237]: PAM 2 more authentication failures; logname= uid=0 euid=0 tty=ssh ruser= rhost=43.255.190.130  user=root
Apr 11 09:11:46 ovzhost sshd[1246]: pam_unix(sshd:auth): authentication failure; logname= uid=0 euid=0 tty=ssh ruser= rhost=43.255.190.130  user=root
Apr 11 09:11:47 ovzhost sshd[1246]: Failed password for root from 43.255.190.130 port 44204 ssh2
Apr 11 09:11:48 ovzhost sshd[1242]: reverse mapping checking getaddrinfo for 27.204.27.218.adsl-pool.jlccptt.net.cn [218.27.204.27] failed - POSSIBLE BREAK-IN ATTEMPT!
Apr 11 09:11:48 ovzhost sshd[1242]: Invalid user worddog from 218.27.204.27
Apr 11 09:11:48 ovzhost sshd[1242]: input_userauth_request: invalid user worddog [preauth]
Apr 11 09:11:48 ovzhost sshd[1242]: pam_unix(sshd:auth): check pass; user unknown
Apr 11 09:11:48 ovzhost sshd[1242]: pam_unix(sshd:auth): authentication failure; logname= uid=0 euid=0 tty=ssh ruser= rhost=218.27.204.27 
Apr 11 09:11:51 ovzhost sshd[1242]: Failed password for invalid user worddog from 218.27.204.27 port 11200 ssh2
Apr 11 09:11:51 ovzhost sshd[1242]: Received disconnect from 218.27.204.27: 11: Bye Bye [preauth]
Apr 11 09:11:51 ovzhost sshd[1240]: pam_unix(sshd:auth): authentication failure; logname= uid=0 euid=0 tty=ssh ruser= rhost=43.255.190.91  user=root
Apr 11 09:11:52 ovzhost sshd[1246]: message repeated 2 times: [ Failed password for root from 43.255.190.130 port 44204 ssh2]
Apr 11 09:11:52 ovzhost sshd[1246]: Received disconnect from 43.255.190.130: 11:  [preauth]
Apr 11 09:11:52 ovzhost sshd[1246]: PAM 2 more authentication failures; logname= uid=0 euid=0 tty=ssh ruser= rhost=43.255.190.130  user=root
Apr 11 09:11:53 ovzhost sshd[1240]: Failed password for root from 43.255.190.91 port 46823 ssh2
Apr 11 09:11:53 ovzhost sshd[1251]: pam_unix(sshd:auth): authentication failure; logname= uid=0 euid=0 tty=ssh ruser= rhost=43.255.190.130  user=root
Apr 11 09:11:55 ovzhost sshd[1251]: Failed password for root from 43.255.190.130 port 59444 ssh2
Apr 11 09:11:55 ovzhost sshd[1249]: reverse mapping checking getaddrinfo for 27.204.27.218.adsl-pool.jlccptt.net.cn [218.27.204.27] failed - POSSIBLE BREAK-IN ATTEMPT!
Apr 11 09:11:55 ovzhost sshd[1249]: Invalid user blog from 218.27.204.27
Apr 11 09:11:55 ovzhost sshd[1249]: input_userauth_request: invalid user blog [preauth]
Apr 11 09:11:55 ovzhost sshd[1249]: pam_unix(sshd:auth): check pass; user unknown
Apr 11 09:11:55 ovzhost sshd[1249]: pam_unix(sshd:auth): authentication failure; logname= uid=0 euid=0 tty=ssh ruser= rhost=218.27.204.27 
Apr 11 09:11:57 ovzhost sshd[1240]: message repeated 2 times: [ Failed password for root from 43.255.190.91 port 46823 ssh2]
Apr 11 09:11:57 ovzhost sshd[1240]: Received disconnect from 43.255.190.91: 11:  [preauth]
Apr 11 09:11:57 ovzhost sshd[1240]: PAM 2 more authentication failures; logname= uid=0 euid=0 tty=ssh ruser= rhost=43.255.190.91  user=root
Apr 11 09:11:57 ovzhost sshd[1249]: Failed password for invalid user blog from 218.27.204.27 port 13755 ssh2
Apr 11 09:11:57 ovzhost sshd[1249]: Received disconnect from 218.27.204.27: 11: Bye Bye [preauth]
Apr 11 09:11:58 ovzhost sshd[1253]: pam_unix(sshd:auth): authentication failure; logname= uid=0 euid=0 tty=ssh ruser= rhost=43.255.190.91  user=root
Apr 11 09:12:00 ovzhost sshd[1251]: message repeated 2 times: [ Failed password for root from 43.255.190.130 port 59444 ssh2]
Apr 11 09:12:00 ovzhost sshd[1251]: Received disconnect from 43.255.190.130: 11:  [preauth]
Apr 11 09:12:00 ovzhost sshd[1251]: PAM 2 more authentication failures; logname= uid=0 euid=0 tty=ssh ruser= rhost=43.255.190.130  user=root
Apr 11 09:12:00 ovzhost sshd[1253]: Failed password for root from 43.255.190.91 port 42362 ssh2
Apr 11 09:12:00 ovzhost sshd[1257]: pam_unix(sshd:auth): authentication failure; logname= uid=0 euid=0 tty=ssh ruser= rhost=43.255.190.130  user=root
Apr 11 09:12:00 ovzhost sshd[1255]: reverse mapping checking getaddrinfo for 27.204.27.218.adsl-pool.jlccptt.net.cn [218.27.204.27] failed - POSSIBLE BREAK-IN ATTEMPT!
Apr 11 09:12:00 ovzhost sshd[1255]: Invalid user 25a04 from 218.27.204.27
Apr 11 09:12:00 ovzhost sshd[1255]: input_userauth_request: invalid user 25a04 [preauth]
Apr 11 09:12:00 ovzhost sshd[1255]: pam_unix(sshd:auth): check pass; user unknown
Apr 11 09:12:00 ovzhost sshd[1255]: pam_unix(sshd:auth): authentication failure; logname= uid=0 euid=0 tty=ssh ruser= rhost=218.27.204.27 
Apr 11 09:12:03 ovzhost sshd[1257]: Failed password for root from 43.255.190.130 port 50099 ssh2
Apr 11 09:12:03 ovzhost sshd[1255]: Failed password for invalid user 25a04 from 218.27.204.27 port 15992 ssh2
Apr 11 09:12:03 ovzhost sshd[1255]: Received disconnect from 218.27.204.27: 11: Bye Bye [preauth]
Apr 11 09:12:06 ovzhost sshd[1259]: reverse mapping checking getaddrinfo for 27.204.27.218.adsl-pool.jlccptt.net.cn [218.27.204.27] failed - POSSIBLE BREAK-IN ATTEMPT!
Apr 11 09:12:06 ovzhost sshd[1259]: Invalid user aotoole from 218.27.204.27
Apr 11 09:12:06 ovzhost sshd[1259]: input_userauth_request: invalid user aotoole [preauth]
Apr 11 09:12:06 ovzhost sshd[1259]: pam_unix(sshd:auth): check pass; user unknown
Apr 11 09:12:06 ovzhost sshd[1259]: pam_unix(sshd:auth): authentication failure; logname= uid=0 euid=0 tty=ssh ruser= rhost=218.27.204.27 
Apr 11 09:12:07 ovzhost sshd[1257]: message repeated 2 times: [ Failed password for root from 43.255.190.130 port 50099 ssh2]
Apr 11 09:12:07 ovzhost sshd[1257]: Received disconnect from 43.255.190.130: 11:  [preauth]
Apr 11 09:12:07 ovzhost sshd[1257]: PAM 2 more authentication failures; logname= uid=0 euid=0 tty=ssh ruser= rhost=43.255.190.130  user=root
Apr 11 09:12:07 ovzhost sshd[1263]: pam_unix(sshd:auth): authentication failure; logname= uid=0 euid=0 tty=ssh ruser= rhost=43.255.190.130  user=root
Apr 11 09:12:08 ovzhost sshd[1259]: Failed password for invalid user aotoole from 218.27.204.27 port 17956 ssh2
Apr 11 09:12:08 ovzhost sshd[1259]: Received disconnect from 218.27.204.27: 11: Bye Bye [preauth]
Apr 11 09:12:09 ovzhost sshd[1263]: Failed password for root from 43.255.190.130 port 38726 ssh2
Apr 11 09:12:09 ovzhost sshd[1253]: message repeated 2 times: [ Failed password for root from 43.255.190.91 port 42362 ssh2]
Apr 11 09:12:09 ovzhost sshd[1253]: Received disconnect from 43.255.190.91: 11:  [preauth]
Apr 11 09:12:09 ovzhost sshd[1253]: PAM 2 more authentication failures; logname= uid=0 euid=0 tty=ssh ruser= rhost=43.255.190.91  user=root
Apr 11 09:12:10 ovzhost sshd[1267]: pam_unix(sshd:auth): authentication failure; logname= uid=0 euid=0 tty=ssh ruser= rhost=43.255.190.91  user=root
Apr 11 09:12:11 ovzhost sshd[1265]: reverse mapping checking getaddrinfo for 27.204.27.218.adsl-pool.jlccptt.net.cn [218.27.204.27] failed - POSSIBLE BREAK-IN ATTEMPT!
Apr 11 09:12:11 ovzhost sshd[1265]: Invalid user bubbagump from 218.27.204.27
Apr 11 09:12:11 ovzhost sshd[1265]: input_userauth_request: invalid user bubbagump [preauth]
Apr 11 09:12:11 ovzhost sshd[1265]: pam_unix(sshd:auth): check pass; user unknown
Apr 11 09:12:11 ovzhost sshd[1265]: pam_unix(sshd:auth): authentication failure; logname= uid=0 euid=0 tty=ssh ruser= rhost=218.27.204.27 
Apr 11 09:12:12 ovzhost sshd[1267]: Failed password for root from 43.255.190.91 port 60205 ssh2
Apr 11 09:12:13 ovzhost sshd[1265]: Failed password for invalid user bubbagump from 218.27.204.27 port 19711 ssh2
Apr 11 09:12:13 ovzhost sshd[1263]: message repeated 2 times: [ Failed password for root from 43.255.190.130 port 38726 ssh2]
Apr 11 09:12:13 ovzhost sshd[1263]: Received disconnect from 43.255.190.130: 11:  [preauth]
Apr 11 09:12:13 ovzhost sshd[1263]: PAM 2 more authentication failures; logname= uid=0 euid=0 tty=ssh ruser= rhost=43.255.190.130  user=root
Apr 11 09:12:14 ovzhost sshd[1265]: Received disconnect from 218.27.204.27: 11: Bye Bye [preauth]
Apr 11 09:12:14 ovzhost sshd[1269]: pam_unix(sshd:auth): authentication failure; logname= uid=0 euid=0 tty=ssh ruser= rhost=43.255.190.130  user=root
Apr 11 09:12:16 ovzhost sshd[1269]: Failed password for root from 43.255.190.130 port 55644 ssh2
Apr 11 09:12:16 ovzhost sshd[1271]: reverse mapping checking getaddrinfo for 27.204.27.218.adsl-pool.jlccptt.net.cn [218.27.204.27] failed - POSSIBLE BREAK-IN ATTEMPT!
Apr 11 09:12:16 ovzhost sshd[1271]: Invalid user paypal from 218.27.204.27
Apr 11 09:12:16 ovzhost sshd[1271]: input_userauth_request: invalid user paypal [preauth]
Apr 11 09:12:16 ovzhost sshd[1271]: pam_unix(sshd:auth): check pass; user unknown
Apr 11 09:12:16 ovzhost sshd[1271]: pam_unix(sshd:auth): authentication failure; logname= uid=0 euid=0 tty=ssh ruser= rhost=218.27.204.27 
Apr 11 09:12:17 ovzhost sshd[1267]: message repeated 2 times: [ Failed password for root from 43.255.190.91 port 60205 ssh2]
Apr 11 09:12:17 ovzhost sshd[1267]: Received disconnect from 43.255.190.91: 11:  [preauth]
Apr 11 09:12:17 ovzhost sshd[1267]: PAM 2 more authentication failures; logname= uid=0 euid=0 tty=ssh ruser= rhost=43.255.190.91  user=root
Apr 11 09:12:18 ovzhost sshd[1271]: Failed password for invalid user paypal from 218.27.204.27 port 21689 ssh2
Apr 11 09:12:20 ovzhost sshd[1271]: Received disconnect from 218.27.204.27: 11: Bye Bye [preauth]
Apr 11 09:12:21 ovzhost sshd[1269]: message repeated 2 times: [ Failed password for root from 43.255.190.130 port 55644 ssh2]
Apr 11 09:12:21 ovzhost sshd[1269]: Received disconnect from 43.255.190.130: 11:  [preauth]
Apr 11 09:12:21 ovzhost sshd[1269]: PAM 2 more authentication failures; logname= uid=0 euid=0 tty=ssh ruser= rhost=43.255.190.130  user=root
Apr 11 09:12:21 ovzhost sshd[1273]: reverse mapping checking getaddrinfo for 27.204.27.218.adsl-pool.jlccptt.net.cn [218.27.204.27] failed - POSSIBLE BREAK-IN ATTEMPT!
Apr 11 09:12:21 ovzhost sshd[1273]: Invalid user lurbdc from 218.27.204.27
Apr 11 09:12:21 ovzhost sshd[1273]: input_userauth_request: invalid user lurbdc [preauth]
Apr 11 09:12:21 ovzhost sshd[1273]: pam_unix(sshd:auth): check pass; user unknown
Apr 11 09:12:21 ovzhost sshd[1273]: pam_unix(sshd:auth): authentication failure; logname= uid=0 euid=0 tty=ssh ruser= rhost=218.27.204.27 
Apr 11 09:12:22 ovzhost sshd[1276]: pam_unix(sshd:auth): authentication failure; logname= uid=0 euid=0 tty=ssh ruser= rhost=43.255.190.130  user=root
Apr 11 09:12:23 ovzhost sshd[1273]: Failed password for invalid user lurbdc from 218.27.204.27 port 23530 ssh2
Apr 11 09:12:23 ovzhost sshd[1275]: pam_unix(sshd:auth): authentication failure; logname= uid=0 euid=0 tty=ssh ruser= rhost=43.255.190.91  user=root
Apr 11 09:12:24 ovzhost sshd[1273]: Received disconnect from 218.27.204.27: 11: Bye Bye [preauth]
Apr 11 09:12:24 ovzhost sshd[1276]: Failed password for root from 43.255.190.130 port 45826 ssh2
Apr 11 09:12:26 ovzhost sshd[1275]: Failed password for root from 43.255.190.91 port 42535 ssh2
Apr 11 09:12:26 ovzhost sshd[1279]: reverse mapping checking getaddrinfo for 27.204.27.218.adsl-pool.jlccptt.net.cn [218.27.204.27] failed - POSSIBLE BREAK-IN ATTEMPT!
Apr 11 09:12:26 ovzhost sshd[1279]: Invalid user erinn from 218.27.204.27
Apr 11 09:12:26 ovzhost sshd[1279]: input_userauth_request: invalid user erinn [preauth]
Apr 11 09:12:26 ovzhost sshd[1279]: pam_unix(sshd:auth): check pass; user unknown
Apr 11 09:12:26 ovzhost sshd[1279]: pam_unix(sshd:auth): authentication failure; logname= uid=0 euid=0 tty=ssh ruser= rhost=218.27.204.27 
Apr 11 09:12:28 ovzhost sshd[1279]: Failed password for invalid user erinn from 218.27.204.27 port 25238 ssh2
Apr 11 09:12:29 ovzhost sshd[1276]: message repeated 2 times: [ Failed password for root from 43.255.190.130 port 45826 ssh2]
Apr 11 09:12:29 ovzhost sshd[1276]: Received disconnect from 43.255.190.130: 11:  [preauth]
Apr 11 09:12:29 ovzhost sshd[1276]: PAM 2 more authentication failures; logname= uid=0 euid=0 tty=ssh ruser= rhost=43.255.190.130  user=root
Apr 11 09:12:29 ovzhost sshd[1279]: Received disconnect from 218.27.204.27: 11: Bye Bye [preauth]
Apr 11 09:12:29 ovzhost sshd[1281]: pam_unix(sshd:auth): authentication failure; logname= uid=0 euid=0 tty=ssh ruser= rhost=43.255.190.130  user=root
Apr 11 09:12:30 ovzhost sshd[1275]: message repeated 2 times: [ Failed password for root from 43.255.190.91 port 42535 ssh2]
Apr 11 09:12:30 ovzhost sshd[1275]: Received disconnect from 43.255.190.91: 11:  [preauth]
Apr 11 09:12:30 ovzhost sshd[1275]: PAM 2 more authentication failures; logname= uid=0 euid=0 tty=ssh ruser= rhost=43.255.190.91  user=root
Apr 11 09:12:31 ovzhost sshd[1285]: pam_unix(sshd:auth): authentication failure; logname= uid=0 euid=0 tty=ssh ruser= rhost=43.255.190.91  user=root
Apr 11 09:12:31 ovzhost sshd[1281]: Failed password for root from 43.255.190.130 port 37094 ssh2
Apr 11 09:12:31 ovzhost sshd[1283]: reverse mapping checking getaddrinfo for 27.204.27.218.adsl-pool.jlccptt.net.cn [218.27.204.27] failed - POSSIBLE BREAK-IN ATTEMPT!
Apr 11 09:12:31 ovzhost sshd[1283]: Invalid user chainstitch from 218.27.204.27
Apr 11 09:12:31 ovzhost sshd[1283]: input_userauth_request: invalid user chainstitch [preauth]
Apr 11 09:12:31 ovzhost sshd[1283]: pam_unix(sshd:auth): check pass; user unknown
Apr 11 09:12:31 ovzhost sshd[1283]: pam_unix(sshd:auth): authentication failure; logname= uid=0 euid=0 tty=ssh ruser= rhost=218.27.204.27 
Apr 11 09:12:32 ovzhost sshd[1285]: Failed password for root from 43.255.190.91 port 32783 ssh2
Apr 11 09:12:33 ovzhost sshd[1283]: Failed password for invalid user chainstitch from 218.27.204.27 port 27085 ssh2
Apr 11 09:12:33 ovzhost sshd[1283]: Received disconnect from 218.27.204.27: 11: Bye Bye [preauth]
Apr 11 09:12:34 ovzhost sshd[1281]: message repeated 2 times: [ Failed password for root from 43.255.190.130 port 37094 ssh2]
Apr 11 09:12:34 ovzhost sshd[1281]: Received disconnect from 43.255.190.130: 11:  [preauth]
Apr 11 09:12:34 ovzhost sshd[1281]: PAM 2 more authentication failures; logname= uid=0 euid=0 tty=ssh ruser= rhost=43.255.190.130  user=root
Apr 11 09:12:35 ovzhost sshd[1289]: pam_unix(sshd:auth): authentication failure; logname= uid=0 euid=0 tty=ssh ruser= rhost=43.255.190.130  user=root
Apr 11 09:12:36 ovzhost sshd[1287]: reverse mapping checking getaddrinfo for 27.204.27.218.adsl-pool.jlccptt.net.cn [218.27.204.27] failed - POSSIBLE BREAK-IN ATTEMPT!
Apr 11 09:12:36 ovzhost sshd[1287]: Invalid user painkiller from 218.27.204.27
Apr 11 09:12:36 ovzhost sshd[1287]: input_userauth_request: invalid user painkiller [preauth]
Apr 11 09:12:36 ovzhost sshd[1287]: pam_unix(sshd:auth): check pass; user unknown
Apr 11 09:12:36 ovzhost sshd[1287]: pam_unix(sshd:auth): authentication failure; logname= uid=0 euid=0 tty=ssh ruser= rhost=218.27.204.27 
Apr 11 09:12:37 ovzhost sshd[1285]: message repeated 2 times: [ Failed password for root from 43.255.190.91 port 32783 ssh2]
Apr 11 09:12:37 ovzhost sshd[1285]: Received disconnect from 43.255.190.91: 11:  [preauth]
Apr 11 09:12:37 ovzhost sshd[1285]: PAM 2 more authentication failures; logname= uid=0 euid=0 tty=ssh ruser= rhost=43.255.190.91  user=root
Apr 11 09:12:38 ovzhost sshd[1289]: Failed password for root from 43.255.190.130 port 52252 ssh2
Apr 11 09:12:38 ovzhost sshd[1291]: pam_unix(sshd:auth): authentication failure; logname= uid=0 euid=0 tty=ssh ruser= rhost=43.255.190.91  user=root
Apr 11 09:12:38 ovzhost sshd[1287]: Failed password for invalid user painkiller from 218.27.204.27 port 28691 ssh2
Apr 11 09:12:39 ovzhost sshd[1287]: Received disconnect from 218.27.204.27: 11: Bye Bye [preauth]
Apr 11 09:12:40 ovzhost sshd[1291]: Failed password for root from 43.255.190.91 port 42230 ssh2
Apr 11 09:12:41 ovzhost sshd[1289]: message repeated 2 times: [ Failed password for root from 43.255.190.130 port 52252 ssh2]
Apr 11 09:12:42 ovzhost sshd[1289]: Received disconnect from 43.255.190.130: 11:  [preauth]
Apr 11 09:12:42 ovzhost sshd[1289]: PAM 2 more authentication failures; logname= uid=0 euid=0 tty=ssh ruser= rhost=43.255.190.130  user=root
Apr 11 09:12:43 ovzhost sshd[1295]: pam_unix(sshd:auth): authentication failure; logname= uid=0 euid=0 tty=ssh ruser= rhost=43.255.190.130  user=root
Apr 11 09:12:43 ovzhost sshd[1293]: reverse mapping checking getaddrinfo for 27.204.27.218.adsl-pool.jlccptt.net.cn [218.27.204.27] failed - POSSIBLE BREAK-IN ATTEMPT!
Apr 11 09:12:43 ovzhost sshd[1293]: Invalid user dan from 218.27.204.27
Apr 11 09:12:43 ovzhost sshd[1293]: input_userauth_request: invalid user dan [preauth]
Apr 11 09:12:43 ovzhost sshd[1293]: pam_unix(sshd:auth): check pass; user unknown
Apr 11 09:12:43 ovzhost sshd[1293]: pam_unix(sshd:auth): authentication failure; logname= uid=0 euid=0 tty=ssh ruser= rhost=218.27.204.27 
Apr 11 09:12:44 ovzhost sshd[1291]: message repeated 2 times: [ Failed password for root from 43.255.190.91 port 42230 ssh2]
Apr 11 09:12:44 ovzhost sshd[1291]: Received disconnect from 43.255.190.91: 11:  [preauth]
Apr 11 09:12:44 ovzhost sshd[1291]: PAM 2 more authentication failures; logname= uid=0 euid=0 tty=ssh ruser= rhost=43.255.190.91  user=root
Apr 11 09:12:45 ovzhost sshd[1295]: Failed password for root from 43.255.190.130 port 41400 ssh2
Apr 11 09:12:45 ovzhost sshd[1293]: Failed password for invalid user dan from 218.27.204.27 port 30396 ssh2
Apr 11 09:12:45 ovzhost sshd[1293]: Received disconnect from 218.27.204.27: 11: Bye Bye [preauth]
Apr 11 09:12:48 ovzhost sshd[1301]: pam_unix(sshd:auth): authentication failure; logname= uid=0 euid=0 tty=ssh ruser= rhost=43.255.190.91  user=root
Apr 11 09:12:48 ovzhost sshd[1297]: reverse mapping checking getaddrinfo for 27.204.27.218.adsl-pool.jlccptt.net.cn [218.27.204.27] failed - POSSIBLE BREAK-IN ATTEMPT!
Apr 11 09:12:48 ovzhost sshd[1297]: Invalid user bbb from 218.27.204.27
Apr 11 09:12:48 ovzhost sshd[1297]: input_userauth_request: invalid user bbb [preauth]
Apr 11 09:12:48 ovzhost sshd[1297]: pam_unix(sshd:auth): check pass; user unknown
Apr 11 09:12:48 ovzhost sshd[1297]: pam_unix(sshd:auth): authentication failure; logname= uid=0 euid=0 tty=ssh ruser= rhost=218.27.204.27 
Apr 11 09:12:50 ovzhost sshd[1295]: message repeated 2 times: [ Failed password for root from 43.255.190.130 port 41400 ssh2]
Apr 11 09:12:50 ovzhost sshd[1295]: Received disconnect from 43.255.190.130: 11:  [preauth]
Apr 11 09:12:50 ovzhost sshd[1295]: PAM 2 more authentication failures; logname= uid=0 euid=0 tty=ssh ruser= rhost=43.255.190.130  user=root
Apr 11 09:12:50 ovzhost sshd[1301]: Failed password for root from 43.255.190.91 port 53503 ssh2
Apr 11 09:12:50 ovzhost sshd[1303]: pam_unix(sshd:auth): authentication failure; logname= uid=0 euid=0 tty=ssh ruser= rhost=43.255.190.130  user=root
Apr 11 09:12:50 ovzhost sshd[1297]: Failed password for invalid user bbb from 218.27.204.27 port 32830 ssh2
Apr 11 09:12:51 ovzhost sshd[1297]: Received disconnect from 218.27.204.27: 11: Bye Bye [preauth]
Apr 11 09:12:52 ovzhost sshd[1303]: Failed password for root from 43.255.190.130 port 60098 ssh2
Apr 11 09:12:53 ovzhost sshd[1305]: reverse mapping checking getaddrinfo for 27.204.27.218.adsl-pool.jlccptt.net.cn [218.27.204.27] failed - POSSIBLE BREAK-IN ATTEMPT!
Apr 11 09:12:53 ovzhost sshd[1305]: Invalid user fmlacrosse from 218.27.204.27
Apr 11 09:12:53 ovzhost sshd[1305]: input_userauth_request: invalid user fmlacrosse [preauth]
Apr 11 09:12:53 ovzhost sshd[1305]: pam_unix(sshd:auth): check pass; user unknown
Apr 11 09:12:53 ovzhost sshd[1305]: pam_unix(sshd:auth): authentication failure; logname= uid=0 euid=0 tty=ssh ruser= rhost=218.27.204.27 
Apr 11 09:12:53 ovzhost sshd[1301]: message repeated 2 times: [ Failed password for root from 43.255.190.91 port 53503 ssh2]
Apr 11 09:12:53 ovzhost sshd[1301]: Received disconnect from 43.255.190.91: 11:  [preauth]
Apr 11 09:12:53 ovzhost sshd[1301]: PAM 2 more authentication failures; logname= uid=0 euid=0 tty=ssh ruser= rhost=43.255.190.91  user=root
Apr 11 09:12:55 ovzhost sshd[1305]: Failed password for invalid user fmlacrosse from 218.27.204.27 port 34563 ssh2
Apr 11 09:12:56 ovzhost sshd[1305]: Received disconnect from 218.27.204.27: 11: Bye Bye [preauth]
Apr 11 09:12:56 ovzhost sshd[1303]: message repeated 2 times: [ Failed password for root from 43.255.190.130 port 60098 ssh2]
Apr 11 09:12:56 ovzhost sshd[1303]: Received disconnect from 43.255.190.130: 11:  [preauth]
Apr 11 09:12:56 ovzhost sshd[1303]: PAM 2 more authentication failures; logname= uid=0 euid=0 tty=ssh ruser= rhost=43.255.190.130  user=root
Apr 11 09:12:57 ovzhost sshd[1310]: pam_unix(sshd:auth): authentication failure; logname= uid=0 euid=0 tty=ssh ruser= rhost=43.255.190.130  user=root
Apr 11 09:12:57 ovzhost sshd[1307]: pam_unix(sshd:auth): authentication failure; logname= uid=0 euid=0 tty=ssh ruser= rhost=43.255.190.91  user=root
Apr 11 09:12:59 ovzhost sshd[1310]: Failed password for root from 43.255.190.130 port 47700 ssh2
Apr 11 09:12:59 ovzhost sshd[1307]: Failed password for root from 43.255.190.91 port 37435 ssh2
Apr 11 09:13:00 ovzhost sshd[1309]: reverse mapping checking getaddrinfo for 27.204.27.218.adsl-pool.jlccptt.net.cn [218.27.204.27] failed - POSSIBLE BREAK-IN ATTEMPT!
Apr 11 09:13:00 ovzhost sshd[1309]: Invalid user rooster from 218.27.204.27
Apr 11 09:13:00 ovzhost sshd[1309]: input_userauth_request: invalid user rooster [preauth]
Apr 11 09:13:00 ovzhost sshd[1309]: pam_unix(sshd:auth): check pass; user unknown
Apr 11 09:13:00 ovzhost sshd[1309]: pam_unix(sshd:auth): authentication failure; logname= uid=0 euid=0 tty=ssh ruser= rhost=218.27.204.27 
Apr 11 09:13:03 ovzhost sshd[1309]: Failed password for invalid user rooster from 218.27.204.27 port 36254 ssh2
Apr 11 09:13:03 ovzhost sshd[1310]: message repeated 2 times: [ Failed password for root from 43.255.190.130 port 47700 ssh2]
Apr 11 09:13:03 ovzhost sshd[1310]: Received disconnect from 43.255.190.130: 11:  [preauth]
Apr 11 09:13:03 ovzhost sshd[1310]: PAM 2 more authentication failures; logname= uid=0 euid=0 tty=ssh ruser= rhost=43.255.190.130  user=root
Apr 11 09:13:03 ovzhost sshd[1309]: Received disconnect from 218.27.204.27: 11: Bye Bye [preauth]
Apr 11 09:13:03 ovzhost sshd[1307]: message repeated 2 times: [ Failed password for root from 43.255.190.91 port 37435 ssh2]
Apr 11 09:13:03 ovzhost sshd[1307]: Received disconnect from 43.255.190.91: 11:  [preauth]
Apr 11 09:13:03 ovzhost sshd[1307]: PAM 2 more authentication failures; logname= uid=0 euid=0 tty=ssh ruser= rhost=43.255.190.91  user=root
Apr 11 09:13:03 ovzhost sshd[1313]: pam_unix(sshd:auth): authentication failure; logname= uid=0 euid=0 tty=ssh ruser= rhost=43.255.190.130  user=root
Apr 11 09:13:04 ovzhost sshd[1315]: pam_unix(sshd:auth): authentication failure; logname= uid=0 euid=0 tty=ssh ruser= rhost=43.255.190.91  user=root
Apr 11 09:13:05 ovzhost sshd[1313]: Failed password for root from 43.255.190.130 port 34740 ssh2
Apr 11 09:13:06 ovzhost sshd[1317]: reverse mapping checking getaddrinfo for 27.204.27.218.adsl-pool.jlccptt.net.cn [218.27.204.27] failed - POSSIBLE BREAK-IN ATTEMPT!
Apr 11 09:13:06 ovzhost sshd[1317]: Invalid user jeff from 218.27.204.27
Apr 11 09:13:06 ovzhost sshd[1317]: input_userauth_request: invalid user jeff [preauth]
Apr 11 09:13:06 ovzhost sshd[1317]: pam_unix(sshd:auth): check pass; user unknown
Apr 11 09:13:06 ovzhost sshd[1317]: pam_unix(sshd:auth): authentication failure; logname= uid=0 euid=0 tty=ssh ruser= rhost=218.27.204.27 
Apr 11 09:13:06 ovzhost sshd[1315]: Failed password for root from 43.255.190.91 port 51848 ssh2
Apr 11 09:13:08 ovzhost sshd[1317]: Failed password for invalid user jeff from 218.27.204.27 port 38515 ssh2
Apr 11 09:13:08 ovzhost sshd[1317]: Received disconnect from 218.27.204.27: 11: Bye Bye [preauth]
Apr 11 09:13:11 ovzhost sshd[1315]: message repeated 2 times: [ Failed password for root from 43.255.190.91 port 51848 ssh2]
Apr 11 09:13:11 ovzhost sshd[1315]: Received disconnect from 43.255.190.91: 11:  [preauth]
Apr 11 09:13:11 ovzhost sshd[1315]: PAM 2 more authentication failures; logname= uid=0 euid=0 tty=ssh ruser= rhost=43.255.190.91  user=root
Apr 11 09:13:11 ovzhost sshd[1321]: reverse mapping checking getaddrinfo for 27.204.27.218.adsl-pool.jlccptt.net.cn [218.27.204.27] failed - POSSIBLE BREAK-IN ATTEMPT!
Apr 11 09:13:11 ovzhost sshd[1321]: Invalid user jbearer from 218.27.204.27
Apr 11 09:13:11 ovzhost sshd[1321]: input_userauth_request: invalid user jbearer [preauth]
Apr 11 09:13:11 ovzhost sshd[1321]: pam_unix(sshd:auth): check pass; user unknown
Apr 11 09:13:11 ovzhost sshd[1321]: pam_unix(sshd:auth): authentication failure; logname= uid=0 euid=0 tty=ssh ruser= rhost=218.27.204.27 
Apr 11 09:13:11 ovzhost sshd[1313]: message repeated 2 times: [ Failed password for root from 43.255.190.130 port 34740 ssh2]
Apr 11 09:13:12 ovzhost sshd[1313]: Received disconnect from 43.255.190.130: 11:  [preauth]
Apr 11 09:13:12 ovzhost sshd[1313]: PAM 2 more authentication failures; logname= uid=0 euid=0 tty=ssh ruser= rhost=43.255.190.130  user=root
Apr 11 09:13:12 ovzhost sshd[1325]: pam_unix(sshd:auth): authentication failure; logname= uid=0 euid=0 tty=ssh ruser= rhost=43.255.190.130  user=root
Apr 11 09:13:13 ovzhost sshd[1321]: Failed password for invalid user jbearer from 218.27.204.27 port 40161 ssh2
Apr 11 09:13:13 ovzhost sshd[1324]: pam_unix(sshd:auth): authentication failure; logname= uid=0 euid=0 tty=ssh ruser= rhost=43.255.190.91  user=root
Apr 11 09:13:13 ovzhost sshd[1321]: Received disconnect from 218.27.204.27: 11: Bye Bye [preauth]
Apr 11 09:13:15 ovzhost sshd[1325]: Failed password for root from 43.255.190.130 port 55913 ssh2
Apr 11 09:13:15 ovzhost sshd[1324]: Failed password for root from 43.255.190.91 port 34052 ssh2
Apr 11 09:13:17 ovzhost sshd[1328]: reverse mapping checking getaddrinfo for 27.204.27.218.adsl-pool.jlccptt.net.cn [218.27.204.27] failed - POSSIBLE BREAK-IN ATTEMPT!
Apr 11 09:13:17 ovzhost sshd[1328]: Invalid user christy from 218.27.204.27
Apr 11 09:13:17 ovzhost sshd[1328]: input_userauth_request: invalid user christy [preauth]
Apr 11 09:13:17 ovzhost sshd[1328]: pam_unix(sshd:auth): check pass; user unknown
Apr 11 09:13:17 ovzhost sshd[1328]: pam_unix(sshd:auth): authentication failure; logname= uid=0 euid=0 tty=ssh ruser= rhost=218.27.204.27 
Apr 11 09:13:20 ovzhost sshd[1328]: Failed password for invalid user christy from 218.27.204.27 port 41712 ssh2
Apr 11 09:13:20 ovzhost sshd[1325]: message repeated 2 times: [ Failed password for root from 43.255.190.130 port 55913 ssh2]
Apr 11 09:13:20 ovzhost sshd[1325]: Received disconnect from 43.255.190.130: 11:  [preauth]
Apr 11 09:13:20 ovzhost sshd[1325]: PAM 2 more authentication failures; logname= uid=0 euid=0 tty=ssh ruser= rhost=43.255.190.130  user=root
Apr 11 09:13:20 ovzhost sshd[1328]: Received disconnect from 218.27.204.27: 11: Bye Bye [preauth]
Apr 11 09:13:20 ovzhost sshd[1324]: message repeated 2 times: [ Failed password for root from 43.255.190.91 port 34052 ssh2]
Apr 11 09:13:20 ovzhost sshd[1324]: Received disconnect from 43.255.190.91: 11:  [preauth]
Apr 11 09:13:20 ovzhost sshd[1324]: PAM 2 more authentication failures; logname= uid=0 euid=0 tty=ssh ruser= rhost=43.255.190.91  user=root
Apr 11 09:13:20 ovzhost sshd[1330]: pam_unix(sshd:auth): authentication failure; logname= uid=0 euid=0 tty=ssh ruser= rhost=43.255.190.130  user=root
Apr 11 09:13:21 ovzhost sshd[1332]: pam_unix(sshd:auth): authentication failure; logname= uid=0 euid=0 tty=ssh ruser= rhost=43.255.190.91  user=root
Apr 11 09:13:23 ovzhost sshd[1330]: Failed password for root from 43.255.190.130 port 46370 ssh2
Apr 11 09:13:23 ovzhost sshd[1332]: Failed password for root from 43.255.190.91 port 47208 ssh2
Apr 11 09:13:24 ovzhost sshd[1334]: reverse mapping checking getaddrinfo for 27.204.27.218.adsl-pool.jlccptt.net.cn [218.27.204.27] failed - POSSIBLE BREAK-IN ATTEMPT!
Apr 11 09:13:24 ovzhost sshd[1334]: Invalid user david from 218.27.204.27
Apr 11 09:13:24 ovzhost sshd[1334]: input_userauth_request: invalid user david [preauth]
Apr 11 09:13:24 ovzhost sshd[1334]: pam_unix(sshd:auth): check pass; user unknown
Apr 11 09:13:24 ovzhost sshd[1334]: pam_unix(sshd:auth): authentication failure; logname= uid=0 euid=0 tty=ssh ruser= rhost=218.27.204.27 
Apr 11 09:13:26 ovzhost sshd[1334]: Failed password for invalid user david from 218.27.204.27 port 43630 ssh2
Apr 11 09:13:26 ovzhost sshd[1330]: message repeated 2 times: [ Failed password for root from 43.255.190.130 port 46370 ssh2]
Apr 11 09:13:26 ovzhost sshd[1330]: Received disconnect from 43.255.190.130: 11:  [preauth]
Apr 11 09:13:26 ovzhost sshd[1330]: PAM 2 more authentication failures; logname= uid=0 euid=0 tty=ssh ruser= rhost=43.255.190.130  user=root
Apr 11 09:13:26 ovzhost sshd[1334]: Received disconnect from 218.27.204.27: 11: Bye Bye [preauth]
Apr 11 09:13:27 ovzhost sshd[1336]: pam_unix(sshd:auth): authentication failure; logname= uid=0 euid=0 tty=ssh ruser= rhost=43.255.190.130  user=root
Apr 11 09:13:27 ovzhost sshd[1332]: message repeated 2 times: [ Failed password for root from 43.255.190.91 port 47208 ssh2]
Apr 11 09:13:27 ovzhost sshd[1332]: Received disconnect from 43.255.190.91: 11:  [preauth]
Apr 11 09:13:27 ovzhost sshd[1332]: PAM 2 more authentication failures; logname= uid=0 euid=0 tty=ssh ruser= rhost=43.255.190.91  user=root
Apr 11 09:13:29 ovzhost sshd[1338]: reverse mapping checking getaddrinfo for 27.204.27.218.adsl-pool.jlccptt.net.cn [218.27.204.27] failed - POSSIBLE BREAK-IN ATTEMPT!
Apr 11 09:13:29 ovzhost sshd[1338]: Invalid user ashlee from 218.27.204.27
Apr 11 09:13:29 ovzhost sshd[1338]: input_userauth_request: invalid user ashlee [preauth]
Apr 11 09:13:29 ovzhost sshd[1338]: pam_unix(sshd:auth): check pass; user unknown
Apr 11 09:13:29 ovzhost sshd[1338]: pam_unix(sshd:auth): authentication failure; logname= uid=0 euid=0 tty=ssh ruser= rhost=218.27.204.27 
Apr 11 09:13:29 ovzhost sshd[1336]: Failed password for root from 43.255.190.130 port 34459 ssh2
Apr 11 09:13:32 ovzhost sshd[1338]: Failed password for invalid user ashlee from 218.27.204.27 port 45501 ssh2
Apr 11 09:13:32 ovzhost sshd[1338]: Received disconnect from 218.27.204.27: 11: Bye Bye [preauth]
Apr 11 09:13:34 ovzhost sshd[1336]: message repeated 2 times: [ Failed password for root from 43.255.190.130 port 34459 ssh2]
Apr 11 09:13:34 ovzhost sshd[1336]: Received disconnect from 43.255.190.130: 11:  [preauth]
Apr 11 09:13:34 ovzhost sshd[1336]: PAM 2 more authentication failures; logname= uid=0 euid=0 tty=ssh ruser= rhost=43.255.190.130  user=root
Apr 11 09:13:35 ovzhost sshd[1340]: reverse mapping checking getaddrinfo for 27.204.27.218.adsl-pool.jlccptt.net.cn [218.27.204.27] failed - POSSIBLE BREAK-IN ATTEMPT!
Apr 11 09:13:35 ovzhost sshd[1340]: Invalid user ccreech from 218.27.204.27
Apr 11 09:13:35 ovzhost sshd[1340]: input_userauth_request: invalid user ccreech [preauth]
Apr 11 09:13:35 ovzhost sshd[1340]: pam_unix(sshd:auth): check pass; user unknown
Apr 11 09:13:35 ovzhost sshd[1340]: pam_unix(sshd:auth): authentication failure; logname= uid=0 euid=0 tty=ssh ruser= rhost=218.27.204.27 
Apr 11 09:13:36 ovzhost sshd[1340]: Failed password for invalid user ccreech from 218.27.204.27 port 47101 ssh2
Apr 11 09:13:37 ovzhost sshd[1340]: Received disconnect from 218.27.204.27: 11: Bye Bye [preauth]
Apr 11 09:13:38 ovzhost sshd[1342]: pam_unix(sshd:auth): authentication failure; logname= uid=0 euid=0 tty=ssh ruser= rhost=43.255.190.130  user=root
Apr 11 09:13:40 ovzhost sshd[1344]: reverse mapping checking getaddrinfo for 27.204.27.218.adsl-pool.jlccptt.net.cn [218.27.204.27] failed - POSSIBLE BREAK-IN ATTEMPT!
Apr 11 09:13:40 ovzhost sshd[1344]: Invalid user JNJTest from 218.27.204.27
Apr 11 09:13:40 ovzhost sshd[1344]: input_userauth_request: invalid user JNJTest [preauth]
Apr 11 09:13:40 ovzhost sshd[1344]: pam_unix(sshd:auth): check pass; user unknown
Apr 11 09:13:40 ovzhost sshd[1344]: pam_unix(sshd:auth): authentication failure; logname= uid=0 euid=0 tty=ssh ruser= rhost=218.27.204.27 
Apr 11 09:13:40 ovzhost sshd[1342]: Failed password for root from 43.255.190.130 port 53010 ssh2
Apr 11 09:13:42 ovzhost sshd[1344]: Failed password for invalid user JNJTest from 218.27.204.27 port 48534 ssh2
Apr 11 09:13:42 ovzhost sshd[1344]: Received disconnect from 218.27.204.27: 11: Bye Bye [preauth]
Apr 11 09:13:44 ovzhost sshd[1342]: message repeated 2 times: [ Failed password for root from 43.255.190.130 port 53010 ssh2]
Apr 11 09:13:44 ovzhost sshd[1342]: Received disconnect from 43.255.190.130: 11:  [preauth]
Apr 11 09:13:44 ovzhost sshd[1342]: PAM 2 more authentication failures; logname= uid=0 euid=0 tty=ssh ruser= rhost=43.255.190.130  user=root
Apr 11 09:13:45 ovzhost sshd[1348]: pam_unix(sshd:auth): authentication failure; logname= uid=0 euid=0 tty=ssh ruser= rhost=43.255.190.130  user=root
Apr 11 09:13:47 ovzhost sshd[1348]: Failed password for root from 43.255.190.130 port 50258 ssh2
Apr 11 09:13:47 ovzhost sshd[1346]: reverse mapping checking getaddrinfo for 27.204.27.218.adsl-pool.jlccptt.net.cn [218.27.204.27] failed - POSSIBLE BREAK-IN ATTEMPT!
Apr 11 09:13:47 ovzhost sshd[1346]: Invalid user doug from 218.27.204.27
Apr 11 09:13:47 ovzhost sshd[1346]: input_userauth_request: invalid user doug [preauth]
Apr 11 09:13:47 ovzhost sshd[1346]: pam_unix(sshd:auth): check pass; user unknown
Apr 11 09:13:47 ovzhost sshd[1346]: pam_unix(sshd:auth): authentication failure; logname= uid=0 euid=0 tty=ssh ruser= rhost=218.27.204.27 
Apr 11 09:13:49 ovzhost sshd[1346]: Failed password for invalid user doug from 218.27.204.27 port 50023 ssh2
Apr 11 09:13:50 ovzhost sshd[1346]: Received disconnect from 218.27.204.27: 11: Bye Bye [preauth]
Apr 11 09:13:51 ovzhost sshd[1348]: message repeated 2 times: [ Failed password for root from 43.255.190.130 port 50258 ssh2]
Apr 11 09:13:51 ovzhost sshd[1348]: Received disconnect from 43.255.190.130: 11:  [preauth]
Apr 11 09:13:51 ovzhost sshd[1348]: PAM 2 more authentication failures; logname= uid=0 euid=0 tty=ssh ruser= rhost=43.255.190.130  user=root
Apr 11 09:13:52 ovzhost sshd[1350]: reverse mapping checking getaddrinfo for 27.204.27.218.adsl-pool.jlccptt.net.cn [218.27.204.27] failed - POSSIBLE BREAK-IN ATTEMPT!
Apr 11 09:13:52 ovzhost sshd[1350]: Invalid user ssoles from 218.27.204.27
Apr 11 09:13:52 ovzhost sshd[1350]: input_userauth_request: invalid user ssoles [preauth]
Apr 11 09:13:52 ovzhost sshd[1350]: pam_unix(sshd:auth): check pass; user unknown
Apr 11 09:13:52 ovzhost sshd[1350]: pam_unix(sshd:auth): authentication failure; logname= uid=0 euid=0 tty=ssh ruser= rhost=218.27.204.27 
Apr 11 09:13:54 ovzhost sshd[1350]: Failed password for invalid user ssoles from 218.27.204.27 port 51973 ssh2
