Apr  2 14:31:44 ovzhost sshd[780]: Connection closed by 127.0.0.1 [preauth]
Apr  2 14:35:40 ovzhost sshd[811]: Connection closed by 128.8.37.120 [preauth]
Apr  2 14:36:44 ovzhost sshd[820]: Connection closed by 127.0.0.1 [preauth]
Apr 11 08:59:28 ovzhost sshd[793]: Connection closed by 127.0.0.1 [preauth]
Apr 11 09:00:01 ovzhost CRON[797]: pam_env(cron:session): Unable to open env file: /etc/default/locale: No such file or directory
Apr 11 09:00:01 ovzhost CRON[797]: pam_unix(cron:session): session opened for user smmsp by (uid=0)
Apr 11 09:00:01 ovzhost CRON[797]: pam_unix(cron:session): session closed for user smmsp
Apr 11 09:01:07 ovzhost sshd[829]: pam_unix(sshd:auth): authentication failure; logname= uid=0 euid=0 tty=ssh ruser= rhost=221.229.166.98  user=root
Apr 11 09:01:09 ovzhost sshd[829]: Failed password for root from 221.229.166.98 port 40349 ssh2
Apr 11 09:01:14 ovzhost sshd[829]: message repeated 2 times: [ Failed password for root from 221.229.166.98 port 40349 ssh2]
Apr 11 09:01:14 ovzhost sshd[829]: Received disconnect from 221.229.166.98: 11:  [preauth]
Apr 11 09:01:14 ovzhost sshd[829]: PAM 2 more authentication failures; logname= uid=0 euid=0 tty=ssh ruser= rhost=221.229.166.98  user=root
Apr 11 09:01:19 ovzhost sshd[832]: pam_unix(sshd:auth): authentication failure; logname= uid=0 euid=0 tty=ssh ruser= rhost=221.229.166.98  user=root
Apr 11 09:01:20 ovzhost sshd[832]: Failed password for root from 221.229.166.98 port 58985 ssh2
Apr 11 09:01:27 ovzhost sshd[832]: message repeated 2 times: [ Failed password for root from 221.229.166.98 port 58985 ssh2]
Apr 11 09:01:27 ovzhost sshd[832]: Received disconnect from 221.229.166.98: 11:  [preauth]
Apr 11 09:01:27 ovzhost sshd[832]: PAM 2 more authentication failures; logname= uid=0 euid=0 tty=ssh ruser= rhost=221.229.166.98  user=root
Apr 11 09:01:34 ovzhost sshd[834]: pam_unix(sshd:auth): authentication failure; logname= uid=0 euid=0 tty=ssh ruser= rhost=221.229.166.98  user=root
Apr 11 09:01:36 ovzhost sshd[834]: Failed password for root from 221.229.166.98 port 57932 ssh2
Apr 11 09:01:42 ovzhost sshd[834]: message repeated 2 times: [ Failed password for root from 221.229.166.98 port 57932 ssh2]
Apr 11 09:01:42 ovzhost sshd[834]: Received disconnect from 221.229.166.98: 11:  [preauth]
Apr 11 09:01:42 ovzhost sshd[834]: PAM 2 more authentication failures; logname= uid=0 euid=0 tty=ssh ruser= rhost=221.229.166.98  user=root
Apr 11 09:01:45 ovzhost sshd[836]: pam_unix(sshd:auth): authentication failure; logname= uid=0 euid=0 tty=ssh ruser= rhost=221.229.166.98  user=root
Apr 11 09:01:45 ovzhost sshd[839]: Connection closed by 128.8.37.120 [preauth]
Apr 11 09:01:47 ovzhost sshd[836]: Failed password for root from 221.229.166.98 port 58210 ssh2
Apr 11 09:01:51 ovzhost sshd[836]: message repeated 2 times: [ Failed password for root from 221.229.166.98 port 58210 ssh2]
Apr 11 09:01:52 ovzhost sshd[836]: Received disconnect from 221.229.166.98: 11:  [preauth]
Apr 11 09:01:52 ovzhost sshd[836]: PAM 2 more authentication failures; logname= uid=0 euid=0 tty=ssh ruser= rhost=221.229.166.98  user=root
Apr 11 09:01:53 ovzhost sshd[841]: pam_unix(sshd:auth): authentication failure; logname= uid=0 euid=0 tty=ssh ruser= rhost=221.229.166.98  user=root
Apr 11 09:01:56 ovzhost sshd[841]: Failed password for root from 221.229.166.98 port 48269 ssh2
Apr 11 09:02:01 ovzhost sshd[841]: message repeated 2 times: [ Failed password for root from 221.229.166.98 port 48269 ssh2]
Apr 11 09:02:02 ovzhost sshd[841]: Received disconnect from 221.229.166.98: 11:  [preauth]
Apr 11 09:02:02 ovzhost sshd[841]: PAM 2 more authentication failures; logname= uid=0 euid=0 tty=ssh ruser= rhost=221.229.166.98  user=root
Apr 11 09:02:03 ovzhost sshd[845]: pam_unix(sshd:auth): authentication failure; logname= uid=0 euid=0 tty=ssh ruser= rhost=221.229.166.98  user=root
Apr 11 09:02:06 ovzhost sshd[845]: Failed password for root from 221.229.166.98 port 41016 ssh2
Apr 11 09:02:10 ovzhost sshd[845]: message repeated 2 times: [ Failed password for root from 221.229.166.98 port 41016 ssh2]
Apr 11 09:02:11 ovzhost sshd[845]: Received disconnect from 221.229.166.98: 11:  [preauth]
Apr 11 09:02:11 ovzhost sshd[845]: PAM 2 more authentication failures; logname= uid=0 euid=0 tty=ssh ruser= rhost=221.229.166.98  user=root
Apr 11 09:02:14 ovzhost sshd[847]: pam_unix(sshd:auth): authentication failure; logname= uid=0 euid=0 tty=ssh ruser= rhost=221.229.166.98  user=root
Apr 11 09:02:15 ovzhost sshd[847]: Failed password for root from 221.229.166.98 port 58689 ssh2
Apr 11 09:02:20 ovzhost sshd[847]: message repeated 2 times: [ Failed password for root from 221.229.166.98 port 58689 ssh2]
Apr 11 09:02:21 ovzhost sshd[847]: Received disconnect from 221.229.166.98: 11:  [preauth]
Apr 11 09:02:21 ovzhost sshd[847]: PAM 2 more authentication failures; logname= uid=0 euid=0 tty=ssh ruser= rhost=221.229.166.98  user=root
Apr 11 09:02:25 ovzhost sshd[849]: pam_unix(sshd:auth): authentication failure; logname= uid=0 euid=0 tty=ssh ruser= rhost=221.229.166.98  user=root
Apr 11 09:02:26 ovzhost sshd[849]: Failed password for root from 221.229.166.98 port 49529 ssh2
Apr 11 09:02:31 ovzhost sshd[849]: message repeated 2 times: [ Failed password for root from 221.229.166.98 port 49529 ssh2]
Apr 11 09:02:32 ovzhost sshd[849]: Received disconnect from 221.229.166.98: 11:  [preauth]
Apr 11 09:02:32 ovzhost sshd[849]: PAM 2 more authentication failures; logname= uid=0 euid=0 tty=ssh ruser= rhost=221.229.166.98  user=root
Apr 11 09:02:34 ovzhost sshd[851]: pam_unix(sshd:auth): authentication failure; logname= uid=0 euid=0 tty=ssh ruser= rhost=221.229.166.98  user=root
Apr 11 09:02:37 ovzhost sshd[851]: Failed password for root from 221.229.166.98 port 43703 ssh2
Apr 11 09:02:40 ovzhost sshd[851]: message repeated 2 times: [ Failed password for root from 221.229.166.98 port 43703 ssh2]
Apr 11 09:02:40 ovzhost sshd[851]: Received disconnect from 221.229.166.98: 11:  [preauth]
Apr 11 09:02:40 ovzhost sshd[851]: PAM 2 more authentication failures; logname= uid=0 euid=0 tty=ssh ruser= rhost=221.229.166.98  user=root
Apr 11 09:02:48 ovzhost sshd[853]: pam_unix(sshd:auth): authentication failure; logname= uid=0 euid=0 tty=ssh ruser= rhost=221.229.166.98  user=root
Apr 11 09:02:49 ovzhost sshd[853]: Failed password for root from 221.229.166.98 port 33358 ssh2
Apr 11 09:02:55 ovzhost sshd[853]: message repeated 2 times: [ Failed password for root from 221.229.166.98 port 33358 ssh2]
Apr 11 09:02:55 ovzhost sshd[853]: Received disconnect from 221.229.166.98: 11:  [preauth]
Apr 11 09:02:55 ovzhost sshd[853]: PAM 2 more authentication failures; logname= uid=0 euid=0 tty=ssh ruser= rhost=221.229.166.98  user=root
Apr 11 09:03:09 ovzhost sshd[857]: pam_unix(sshd:auth): authentication failure; logname= uid=0 euid=0 tty=ssh ruser= rhost=221.229.166.98  user=root
Apr 11 09:03:11 ovzhost sshd[857]: Failed password for root from 221.229.166.98 port 59527 ssh2
Apr 11 09:03:15 ovzhost sshd[857]: message repeated 2 times: [ Failed password for root from 221.229.166.98 port 59527 ssh2]
Apr 11 09:03:16 ovzhost sshd[857]: Received disconnect from 221.229.166.98: 11:  [preauth]
Apr 11 09:03:16 ovzhost sshd[857]: PAM 2 more authentication failures; logname= uid=0 euid=0 tty=ssh ruser= rhost=221.229.166.98  user=root
Apr 11 09:03:21 ovzhost sshd[862]: pam_unix(sshd:auth): authentication failure; logname= uid=0 euid=0 tty=ssh ruser= rhost=221.229.166.98  user=root
Apr 11 09:03:23 ovzhost sshd[862]: Failed password for root from 221.229.166.98 port 42182 ssh2
Apr 11 09:03:27 ovzhost sshd[862]: message repeated 2 times: [ Failed password for root from 221.229.166.98 port 42182 ssh2]
Apr 11 09:03:28 ovzhost sshd[862]: Received disconnect from 221.229.166.98: 11:  [preauth]
Apr 11 09:03:28 ovzhost sshd[862]: PAM 2 more authentication failures; logname= uid=0 euid=0 tty=ssh ruser= rhost=221.229.166.98  user=root
Apr 11 09:03:33 ovzhost sshd[864]: pam_unix(sshd:auth): authentication failure; logname= uid=0 euid=0 tty=ssh ruser= rhost=221.229.166.98  user=root
Apr 11 09:03:35 ovzhost sshd[864]: Failed password for root from 221.229.166.98 port 37152 ssh2
Apr 11 09:03:40 ovzhost sshd[864]: message repeated 2 times: [ Failed password for root from 221.229.166.98 port 37152 ssh2]
Apr 11 09:03:41 ovzhost sshd[864]: Received disconnect from 221.229.166.98: 11:  [preauth]
Apr 11 09:03:41 ovzhost sshd[864]: PAM 2 more authentication failures; logname= uid=0 euid=0 tty=ssh ruser= rhost=221.229.166.98  user=root
Apr 11 09:03:46 ovzhost sshd[866]: pam_unix(sshd:auth): authentication failure; logname= uid=0 euid=0 tty=ssh ruser= rhost=221.229.166.98  user=root
Apr 11 09:03:47 ovzhost sshd[866]: Failed password for root from 221.229.166.98 port 59429 ssh2
Apr 11 09:03:52 ovzhost sshd[866]: message repeated 2 times: [ Failed password for root from 221.229.166.98 port 59429 ssh2]
Apr 11 09:03:52 ovzhost sshd[866]: Received disconnect from 221.229.166.98: 11:  [preauth]
Apr 11 09:03:52 ovzhost sshd[866]: PAM 2 more authentication failures; logname= uid=0 euid=0 tty=ssh ruser= rhost=221.229.166.98  user=root
Apr 11 09:03:58 ovzhost sshd[868]: pam_unix(sshd:auth): authentication failure; logname= uid=0 euid=0 tty=ssh ruser= rhost=221.229.166.98  user=root
Apr 11 09:03:59 ovzhost sshd[868]: Failed password for root from 221.229.166.98 port 54886 ssh2
Apr 11 09:04:03 ovzhost sshd[868]: message repeated 2 times: [ Failed password for root from 221.229.166.98 port 54886 ssh2]
Apr 11 09:04:03 ovzhost sshd[868]: Received disconnect from 221.229.166.98: 11:  [preauth]
Apr 11 09:04:03 ovzhost sshd[868]: PAM 2 more authentication failures; logname= uid=0 euid=0 tty=ssh ruser= rhost=221.229.166.98  user=root
Apr 11 09:04:17 ovzhost sshd[870]: pam_unix(sshd:auth): authentication failure; logname= uid=0 euid=0 tty=ssh ruser= rhost=221.229.166.98  user=root
Apr 11 09:04:19 ovzhost sshd[870]: Failed password for root from 221.229.166.98 port 48864 ssh2
Apr 11 09:04:24 ovzhost sshd[870]: message repeated 2 times: [ Failed password for root from 221.229.166.98 port 48864 ssh2]
Apr 11 09:04:24 ovzhost sshd[870]: Received disconnect from 221.229.166.98: 11:  [preauth]
Apr 11 09:04:24 ovzhost sshd[870]: PAM 2 more authentication failures; logname= uid=0 euid=0 tty=ssh ruser= rhost=221.229.166.98  user=root
Apr 11 09:04:28 ovzhost sshd[877]: Connection closed by 127.0.0.1 [preauth]
Apr 11 09:05:06 ovzhost sshd[879]: pam_unix(sshd:auth): authentication failure; logname= uid=0 euid=0 tty=ssh ruser= rhost=43.255.190.91  user=root
Apr 11 09:05:07 ovzhost sshd[879]: Failed password for root from 43.255.190.91 port 48902 ssh2
Apr 11 09:05:11 ovzhost sshd[879]: message repeated 2 times: [ Failed password for root from 43.255.190.91 port 48902 ssh2]
Apr 11 09:05:11 ovzhost sshd[879]: Received disconnect from 43.255.190.91: 11:  [preauth]
Apr 11 09:05:11 ovzhost sshd[879]: PAM 2 more authentication failures; logname= uid=0 euid=0 tty=ssh ruser= rhost=43.255.190.91  user=root
Apr 11 09:05:12 ovzhost sshd[881]: pam_unix(sshd:auth): authentication failure; logname= uid=0 euid=0 tty=ssh ruser= rhost=43.255.190.91  user=root
Apr 11 09:05:14 ovzhost sshd[881]: Failed password for root from 43.255.190.91 port 57603 ssh2
Apr 11 09:05:18 ovzhost sshd[881]: message repeated 2 times: [ Failed password for root from 43.255.190.91 port 57603 ssh2]
Apr 11 09:05:19 ovzhost sshd[881]: Received disconnect from 43.255.190.91: 11:  [preauth]
Apr 11 09:05:19 ovzhost sshd[881]: PAM 2 more authentication failures; logname= uid=0 euid=0 tty=ssh ruser= rhost=43.255.190.91  user=root
Apr 11 09:05:22 ovzhost sshd[887]: pam_unix(sshd:auth): authentication failure; logname= uid=0 euid=0 tty=ssh ruser= rhost=43.255.190.91  user=root
Apr 11 09:05:23 ovzhost sshd[887]: Failed password for root from 43.255.190.91 port 40983 ssh2
Apr 11 09:05:28 ovzhost sshd[887]: message repeated 2 times: [ Failed password for root from 43.255.190.91 port 40983 ssh2]
Apr 11 09:05:28 ovzhost sshd[887]: Received disconnect from 43.255.190.91: 11:  [preauth]
Apr 11 09:05:28 ovzhost sshd[887]: PAM 2 more authentication failures; logname= uid=0 euid=0 tty=ssh ruser= rhost=43.255.190.91  user=root
Apr 11 09:05:30 ovzhost sshd[889]: pam_unix(sshd:auth): authentication failure; logname= uid=0 euid=0 tty=ssh ruser= rhost=43.255.190.130  user=root
Apr 11 09:05:32 ovzhost sshd[889]: Failed password for root from 43.255.190.130 port 40122 ssh2
Apr 11 09:05:36 ovzhost sshd[889]: message repeated 2 times: [ Failed password for root from 43.255.190.130 port 40122 ssh2]
Apr 11 09:05:36 ovzhost sshd[889]: Received disconnect from 43.255.190.130: 11:  [preauth]
Apr 11 09:05:36 ovzhost sshd[889]: PAM 2 more authentication failures; logname= uid=0 euid=0 tty=ssh ruser= rhost=43.255.190.130  user=root
Apr 11 09:05:37 ovzhost sshd[893]: pam_unix(sshd:auth): authentication failure; logname= uid=0 euid=0 tty=ssh ruser= rhost=43.255.190.130  user=root
Apr 11 09:05:38 ovzhost sshd[893]: Failed password for root from 43.255.190.130 port 37264 ssh2
Apr 11 09:05:42 ovzhost sshd[893]: message repeated 2 times: [ Failed password for root from 43.255.190.130 port 37264 ssh2]
Apr 11 09:05:42 ovzhost sshd[893]: Received disconnect from 43.255.190.130: 11:  [preauth]
Apr 11 09:05:42 ovzhost sshd[893]: PAM 2 more authentication failures; logname= uid=0 euid=0 tty=ssh ruser= rhost=43.255.190.130  user=root
Apr 11 09:05:43 ovzhost sshd[895]: pam_unix(sshd:auth): authentication failure; logname= uid=0 euid=0 tty=ssh ruser= rhost=43.255.190.130  user=root
Apr 11 09:05:44 ovzhost sshd[897]: pam_unix(sshd:auth): authentication failure; logname= uid=0 euid=0 tty=ssh ruser= rhost=43.255.190.91  user=root
Apr 11 09:05:45 ovzhost sshd[895]: Failed password for root from 43.255.190.130 port 55044 ssh2
Apr 11 09:05:45 ovzhost sshd[891]: Connection closed by 43.255.190.91 [preauth]
Apr 11 09:05:46 ovzhost sshd[897]: Failed password for root from 43.255.190.91 port 48765 ssh2
Apr 11 09:05:49 ovzhost sshd[897]: message repeated 2 times: [ Failed password for root from 43.255.190.91 port 48765 ssh2]
Apr 11 09:05:49 ovzhost sshd[897]: Received disconnect from 43.255.190.91: 11:  [preauth]
Apr 11 09:05:49 ovzhost sshd[897]: PAM 2 more authentication failures; logname= uid=0 euid=0 tty=ssh ruser= rhost=43.255.190.91  user=root
Apr 11 09:05:49 ovzhost sshd[895]: message repeated 2 times: [ Failed password for root from 43.255.190.130 port 55044 ssh2]
Apr 11 09:05:49 ovzhost sshd[895]: Received disconnect from 43.255.190.130: 11:  [preauth]
Apr 11 09:05:49 ovzhost sshd[895]: PAM 2 more authentication failures; logname= uid=0 euid=0 tty=ssh ruser= rhost=43.255.190.130  user=root
Apr 11 09:05:52 ovzhost sshd[899]: pam_unix(sshd:auth): authentication failure; logname= uid=0 euid=0 tty=ssh ruser= rhost=43.255.190.130  user=root
Apr 11 09:05:53 ovzhost sshd[901]: reverse mapping checking getaddrinfo for 27.204.27.218.adsl-pool.jlccptt.net.cn [218.27.204.27] failed - POSSIBLE BREAK-IN ATTEMPT!
Apr 11 09:05:53 ovzhost sshd[901]: Invalid user a from 218.27.204.27
Apr 11 09:05:53 ovzhost sshd[901]: input_userauth_request: invalid user a [preauth]
Apr 11 09:05:53 ovzhost sshd[901]: pam_unix(sshd:auth): check pass; user unknown
Apr 11 09:05:53 ovzhost sshd[901]: pam_unix(sshd:auth): authentication failure; logname= uid=0 euid=0 tty=ssh ruser= rhost=218.27.204.27 
Apr 11 09:05:54 ovzhost sshd[899]: Failed password for root from 43.255.190.130 port 44599 ssh2
Apr 11 09:05:55 ovzhost sshd[901]: Failed password for invalid user a from 218.27.204.27 port 44402 ssh2
Apr 11 09:05:55 ovzhost sshd[901]: Received disconnect from 218.27.204.27: 11: Bye Bye [preauth]
Apr 11 09:05:58 ovzhost sshd[899]: message repeated 2 times: [ Failed password for root from 43.255.190.130 port 44599 ssh2]
Apr 11 09:05:58 ovzhost sshd[899]: Received disconnect from 43.255.190.130: 11:  [preauth]
Apr 11 09:05:58 ovzhost sshd[899]: PAM 2 more authentication failures; logname= uid=0 euid=0 tty=ssh ruser= rhost=43.255.190.130  user=root
Apr 11 09:05:58 ovzhost sshd[905]: reverse mapping checking getaddrinfo for 27.204.27.218.adsl-pool.jlccptt.net.cn [218.27.204.27] failed - POSSIBLE BREAK-IN ATTEMPT!
Apr 11 09:05:58 ovzhost sshd[905]: pam_unix(sshd:auth): authentication failure; logname= uid=0 euid=0 tty=ssh ruser= rhost=218.27.204.27  user=root
Apr 11 09:05:58 ovzhost sshd[907]: pam_unix(sshd:auth): authentication failure; logname= uid=0 euid=0 tty=ssh ruser= rhost=43.255.190.130  user=root
Apr 11 09:06:00 ovzhost sshd[905]: Failed password for root from 218.27.204.27 port 46322 ssh2
Apr 11 09:06:00 ovzhost sshd[905]: Received disconnect from 218.27.204.27: 11: Bye Bye [preauth]
Apr 11 09:06:00 ovzhost sshd[907]: Failed password for root from 43.255.190.130 port 39593 ssh2
Apr 11 09:06:02 ovzhost sshd[902]: pam_unix(sshd:auth): authentication failure; logname= uid=0 euid=0 tty=ssh ruser= rhost=43.255.190.91  user=root
Apr 11 09:06:03 ovzhost sshd[909]: reverse mapping checking getaddrinfo for 27.204.27.218.adsl-pool.jlccptt.net.cn [218.27.204.27] failed - POSSIBLE BREAK-IN ATTEMPT!
Apr 11 09:06:03 ovzhost sshd[909]: Invalid user noghri from 218.27.204.27
Apr 11 09:06:03 ovzhost sshd[909]: input_userauth_request: invalid user noghri [preauth]
Apr 11 09:06:03 ovzhost sshd[909]: pam_unix(sshd:auth): check pass; user unknown
Apr 11 09:06:03 ovzhost sshd[909]: pam_unix(sshd:auth): authentication failure; logname= uid=0 euid=0 tty=ssh ruser= rhost=218.27.204.27 
Apr 11 09:06:04 ovzhost sshd[907]: message repeated 2 times: [ Failed password for root from 43.255.190.130 port 39593 ssh2]
Apr 11 09:06:04 ovzhost sshd[907]: Received disconnect from 43.255.190.130: 11:  [preauth]
Apr 11 09:06:04 ovzhost sshd[907]: PAM 2 more authentication failures; logname= uid=0 euid=0 tty=ssh ruser= rhost=43.255.190.130  user=root
Apr 11 09:06:04 ovzhost sshd[902]: Failed password for root from 43.255.190.91 port 56899 ssh2
Apr 11 09:06:04 ovzhost sshd[909]: Failed password for invalid user noghri from 218.27.204.27 port 48257 ssh2
Apr 11 09:06:05 ovzhost sshd[909]: Received disconnect from 218.27.204.27: 11: Bye Bye [preauth]
Apr 11 09:06:05 ovzhost sshd[911]: pam_unix(sshd:auth): authentication failure; logname= uid=0 euid=0 tty=ssh ruser= rhost=43.255.190.130  user=root
Apr 11 09:06:07 ovzhost sshd[911]: Failed password for root from 43.255.190.130 port 55626 ssh2
Apr 11 09:06:09 ovzhost sshd[913]: reverse mapping checking getaddrinfo for 27.204.27.218.adsl-pool.jlccptt.net.cn [218.27.204.27] failed - POSSIBLE BREAK-IN ATTEMPT!
Apr 11 09:06:09 ovzhost sshd[913]: Invalid user drewski from 218.27.204.27
Apr 11 09:06:09 ovzhost sshd[913]: input_userauth_request: invalid user drewski [preauth]
Apr 11 09:06:09 ovzhost sshd[913]: pam_unix(sshd:auth): check pass; user unknown
Apr 11 09:06:09 ovzhost sshd[913]: pam_unix(sshd:auth): authentication failure; logname= uid=0 euid=0 tty=ssh ruser= rhost=218.27.204.27 
Apr 11 09:06:10 ovzhost sshd[915]: pam_unix(sshd:auth): authentication failure; logname= uid=0 euid=0 tty=ssh ruser= rhost=43.255.190.91  user=root
Apr 11 09:06:11 ovzhost sshd[911]: message repeated 2 times: [ Failed password for root from 43.255.190.130 port 55626 ssh2]
Apr 11 09:06:11 ovzhost sshd[911]: Received disconnect from 43.255.190.130: 11:  [preauth]
Apr 11 09:06:11 ovzhost sshd[911]: PAM 2 more authentication failures; logname= uid=0 euid=0 tty=ssh ruser= rhost=43.255.190.130  user=root
Apr 11 09:06:11 ovzhost sshd[913]: Failed password for invalid user drewski from 218.27.204.27 port 50147 ssh2
Apr 11 09:06:12 ovzhost sshd[913]: Received disconnect from 218.27.204.27: 11: Bye Bye [preauth]
Apr 11 09:06:12 ovzhost sshd[917]: pam_unix(sshd:auth): authentication failure; logname= uid=0 euid=0 tty=ssh ruser= rhost=43.255.190.130  user=root
Apr 11 09:06:12 ovzhost sshd[915]: Failed password for root from 43.255.190.91 port 55261 ssh2
Apr 11 09:06:08 ovzhost sshd[902]: message repeated 2 times: [ Failed password for root from 43.255.190.91 port 56899 ssh2]
Apr 11 09:06:13 ovzhost sshd[902]: Received disconnect from 43.255.190.91: 11:  [preauth]
Apr 11 09:06:13 ovzhost sshd[902]: PAM 2 more authentication failures; logname= uid=0 euid=0 tty=ssh ruser= rhost=43.255.190.91  user=root
Apr 11 09:06:13 ovzhost sshd[917]: Failed password for root from 43.255.190.130 port 48078 ssh2
Apr 11 09:06:14 ovzhost sshd[919]: reverse mapping checking getaddrinfo for 27.204.27.218.adsl-pool.jlccptt.net.cn [218.27.204.27] failed - POSSIBLE BREAK-IN ATTEMPT!
Apr 11 09:06:14 ovzhost sshd[919]: Invalid user jason from 218.27.204.27
Apr 11 09:06:14 ovzhost sshd[919]: input_userauth_request: invalid user jason [preauth]
Apr 11 09:06:14 ovzhost sshd[919]: pam_unix(sshd:auth): check pass; user unknown
Apr 11 09:06:14 ovzhost sshd[919]: pam_unix(sshd:auth): authentication failure; logname= uid=0 euid=0 tty=ssh ruser= rhost=218.27.204.27 
Apr 11 09:06:15 ovzhost sshd[915]: message repeated 2 times: [ Failed password for root from 43.255.190.91 port 55261 ssh2]
Apr 11 09:06:15 ovzhost sshd[915]: Received disconnect from 43.255.190.91: 11:  [preauth]
Apr 11 09:06:15 ovzhost sshd[915]: PAM 2 more authentication failures; logname= uid=0 euid=0 tty=ssh ruser= rhost=43.255.190.91  user=root
Apr 11 09:06:16 ovzhost sshd[919]: Failed password for invalid user jason from 218.27.204.27 port 52659 ssh2
Apr 11 09:06:17 ovzhost sshd[919]: Received disconnect from 218.27.204.27: 11: Bye Bye [preauth]
Apr 11 09:06:17 ovzhost sshd[917]: message repeated 2 times: [ Failed password for root from 43.255.190.130 port 48078 ssh2]
Apr 11 09:06:17 ovzhost sshd[917]: Received disconnect from 43.255.190.130: 11:  [preauth]
Apr 11 09:06:17 ovzhost sshd[917]: PAM 2 more authentication failures; logname= uid=0 euid=0 tty=ssh ruser= rhost=43.255.190.130  user=root
Apr 11 09:06:18 ovzhost sshd[924]: pam_unix(sshd:auth): authentication failure; logname= uid=0 euid=0 tty=ssh ruser= rhost=43.255.190.130  user=root
Apr 11 09:06:20 ovzhost sshd[924]: Failed password for root from 43.255.190.130 port 36403 ssh2
Apr 11 09:06:20 ovzhost sshd[922]: pam_unix(sshd:auth): authentication failure; logname= uid=0 euid=0 tty=ssh ruser= rhost=43.255.190.91  user=root
Apr 11 09:06:20 ovzhost sshd[926]: reverse mapping checking getaddrinfo for 27.204.27.218.adsl-pool.jlccptt.net.cn [218.27.204.27] failed - POSSIBLE BREAK-IN ATTEMPT!
Apr 11 09:06:20 ovzhost sshd[926]: Invalid user nsane from 218.27.204.27
Apr 11 09:06:20 ovzhost sshd[926]: input_userauth_request: invalid user nsane [preauth]
Apr 11 09:06:20 ovzhost sshd[926]: pam_unix(sshd:auth): check pass; user unknown
Apr 11 09:06:20 ovzhost sshd[926]: pam_unix(sshd:auth): authentication failure; logname= uid=0 euid=0 tty=ssh ruser= rhost=218.27.204.27 
Apr 11 09:06:22 ovzhost sshd[922]: Failed password for root from 43.255.190.91 port 37015 ssh2
Apr 11 09:06:23 ovzhost sshd[926]: Failed password for invalid user nsane from 218.27.204.27 port 54645 ssh2
Apr 11 09:06:23 ovzhost sshd[926]: Received disconnect from 218.27.204.27: 11: Bye Bye [preauth]
Apr 11 09:06:24 ovzhost sshd[924]: message repeated 2 times: [ Failed password for root from 43.255.190.130 port 36403 ssh2]
Apr 11 09:06:24 ovzhost sshd[924]: Received disconnect from 43.255.190.130: 11:  [preauth]
Apr 11 09:06:24 ovzhost sshd[924]: PAM 2 more authentication failures; logname= uid=0 euid=0 tty=ssh ruser= rhost=43.255.190.130  user=root
Apr 11 09:06:25 ovzhost sshd[930]: pam_unix(sshd:auth): authentication failure; logname= uid=0 euid=0 tty=ssh ruser= rhost=43.255.190.130  user=root
Apr 11 09:06:26 ovzhost sshd[922]: message repeated 2 times: [ Failed password for root from 43.255.190.91 port 37015 ssh2]
Apr 11 09:06:26 ovzhost sshd[922]: Received disconnect from 43.255.190.91: 11:  [preauth]
Apr 11 09:06:26 ovzhost sshd[922]: PAM 2 more authentication failures; logname= uid=0 euid=0 tty=ssh ruser= rhost=43.255.190.91  user=root
Apr 11 09:06:26 ovzhost sshd[928]: reverse mapping checking getaddrinfo for 27.204.27.218.adsl-pool.jlccptt.net.cn [218.27.204.27] failed - POSSIBLE BREAK-IN ATTEMPT!
Apr 11 09:06:26 ovzhost sshd[928]: Invalid user levi from 218.27.204.27
Apr 11 09:06:26 ovzhost sshd[928]: input_userauth_request: invalid user levi [preauth]
Apr 11 09:06:26 ovzhost sshd[928]: pam_unix(sshd:auth): check pass; user unknown
Apr 11 09:06:26 ovzhost sshd[928]: pam_unix(sshd:auth): authentication failure; logname= uid=0 euid=0 tty=ssh ruser= rhost=218.27.204.27 
Apr 11 09:06:27 ovzhost sshd[930]: Failed password for root from 43.255.190.130 port 55394 ssh2
Apr 11 09:06:27 ovzhost sshd[928]: Failed password for invalid user levi from 218.27.204.27 port 57077 ssh2
Apr 11 09:06:28 ovzhost sshd[928]: Received disconnect from 218.27.204.27: 11: Bye Bye [preauth]
Apr 11 09:06:30 ovzhost sshd[934]: pam_unix(sshd:auth): authentication failure; logname= uid=0 euid=0 tty=ssh ruser= rhost=43.255.190.91  user=root
Apr 11 09:06:31 ovzhost sshd[930]: message repeated 2 times: [ Failed password for root from 43.255.190.130 port 55394 ssh2]
Apr 11 09:06:31 ovzhost sshd[930]: Received disconnect from 43.255.190.130: 11:  [preauth]
Apr 11 09:06:31 ovzhost sshd[930]: PAM 2 more authentication failures; logname= uid=0 euid=0 tty=ssh ruser= rhost=43.255.190.130  user=root
Apr 11 09:06:32 ovzhost sshd[932]: reverse mapping checking getaddrinfo for 27.204.27.218.adsl-pool.jlccptt.net.cn [218.27.204.27] failed - POSSIBLE BREAK-IN ATTEMPT!
Apr 11 09:06:32 ovzhost sshd[932]: Invalid user info from 218.27.204.27
Apr 11 09:06:32 ovzhost sshd[932]: input_userauth_request: invalid user info [preauth]
Apr 11 09:06:32 ovzhost sshd[932]: pam_unix(sshd:auth): check pass; user unknown
Apr 11 09:06:32 ovzhost sshd[932]: pam_unix(sshd:auth): authentication failure; logname= uid=0 euid=0 tty=ssh ruser= rhost=218.27.204.27 
Apr 11 09:06:32 ovzhost sshd[936]: pam_unix(sshd:auth): authentication failure; logname= uid=0 euid=0 tty=ssh ruser= rhost=43.255.190.130  user=root
Apr 11 09:06:32 ovzhost sshd[934]: Failed password for root from 43.255.190.91 port 51400 ssh2
Apr 11 09:06:34 ovzhost sshd[932]: Failed password for invalid user info from 218.27.204.27 port 58970 ssh2
Apr 11 09:06:34 ovzhost sshd[936]: Failed password for root from 43.255.190.130 port 45560 ssh2
Apr 11 09:06:34 ovzhost sshd[932]: Received disconnect from 218.27.204.27: 11: Bye Bye [preauth]
Apr 11 09:06:36 ovzhost sshd[934]: message repeated 2 times: [ Failed password for root from 43.255.190.91 port 51400 ssh2]
Apr 11 09:06:36 ovzhost sshd[934]: Received disconnect from 43.255.190.91: 11:  [preauth]
Apr 11 09:06:36 ovzhost sshd[934]: PAM 2 more authentication failures; logname= uid=0 euid=0 tty=ssh ruser= rhost=43.255.190.91  user=root
Apr 11 09:06:37 ovzhost sshd[938]: reverse mapping checking getaddrinfo for 27.204.27.218.adsl-pool.jlccptt.net.cn [218.27.204.27] failed - POSSIBLE BREAK-IN ATTEMPT!
Apr 11 09:06:37 ovzhost sshd[938]: Invalid user balzak from 218.27.204.27
Apr 11 09:06:37 ovzhost sshd[938]: input_userauth_request: invalid user balzak [preauth]
Apr 11 09:06:37 ovzhost sshd[938]: pam_unix(sshd:auth): check pass; user unknown
Apr 11 09:06:37 ovzhost sshd[938]: pam_unix(sshd:auth): authentication failure; logname= uid=0 euid=0 tty=ssh ruser= rhost=218.27.204.27 
Apr 11 09:06:38 ovzhost sshd[936]: message repeated 2 times: [ Failed password for root from 43.255.190.130 port 45560 ssh2]
Apr 11 09:06:38 ovzhost sshd[936]: Received disconnect from 43.255.190.130: 11:  [preauth]
Apr 11 09:06:38 ovzhost sshd[936]: PAM 2 more authentication failures; logname= uid=0 euid=0 tty=ssh ruser= rhost=43.255.190.130  user=root
Apr 11 09:06:38 ovzhost sshd[942]: pam_unix(sshd:auth): authentication failure; logname= uid=0 euid=0 tty=ssh ruser= rhost=43.255.190.130  user=root
Apr 11 09:06:39 ovzhost sshd[938]: Failed password for invalid user balzak from 218.27.204.27 port 61353 ssh2
Apr 11 09:06:39 ovzhost sshd[938]: Received disconnect from 218.27.204.27: 11: Bye Bye [preauth]
Apr 11 09:06:40 ovzhost sshd[942]: Failed password for root from 43.255.190.130 port 35108 ssh2
Apr 11 09:06:42 ovzhost sshd[944]: reverse mapping checking getaddrinfo for 27.204.27.218.adsl-pool.jlccptt.net.cn [218.27.204.27] failed - POSSIBLE BREAK-IN ATTEMPT!
Apr 11 09:06:42 ovzhost sshd[944]: Invalid user batgeek from 218.27.204.27
Apr 11 09:06:42 ovzhost sshd[944]: input_userauth_request: invalid user batgeek [preauth]
Apr 11 09:06:42 ovzhost sshd[944]: pam_unix(sshd:auth): check pass; user unknown
Apr 11 09:06:42 ovzhost sshd[944]: pam_unix(sshd:auth): authentication failure; logname= uid=0 euid=0 tty=ssh ruser= rhost=218.27.204.27 
Apr 11 09:06:44 ovzhost sshd[944]: Failed password for invalid user batgeek from 218.27.204.27 port 63321 ssh2
Apr 11 09:06:44 ovzhost sshd[942]: message repeated 2 times: [ Failed password for root from 43.255.190.130 port 35108 ssh2]
Apr 11 09:06:44 ovzhost sshd[942]: Received disconnect from 43.255.190.130: 11:  [preauth]
Apr 11 09:06:44 ovzhost sshd[942]: PAM 2 more authentication failures; logname= uid=0 euid=0 tty=ssh ruser= rhost=43.255.190.130  user=root
Apr 11 09:06:44 ovzhost sshd[944]: Received disconnect from 218.27.204.27: 11: Bye Bye [preauth]
Apr 11 09:06:44 ovzhost sshd[946]: pam_unix(sshd:auth): authentication failure; logname= uid=0 euid=0 tty=ssh ruser= rhost=43.255.190.130  user=root
Apr 11 09:06:47 ovzhost sshd[946]: Failed password for root from 43.255.190.130 port 51189 ssh2
Apr 11 09:06:47 ovzhost sshd[948]: reverse mapping checking getaddrinfo for 27.204.27.218.adsl-pool.jlccptt.net.cn [218.27.204.27] failed - POSSIBLE BREAK-IN ATTEMPT!
Apr 11 09:06:47 ovzhost sshd[948]: Invalid user smitty from 218.27.204.27
Apr 11 09:06:47 ovzhost sshd[948]: input_userauth_request: invalid user smitty [preauth]
Apr 11 09:06:47 ovzhost sshd[948]: pam_unix(sshd:auth): check pass; user unknown
Apr 11 09:06:47 ovzhost sshd[948]: pam_unix(sshd:auth): authentication failure; logname= uid=0 euid=0 tty=ssh ruser= rhost=218.27.204.27 
Apr 11 09:06:48 ovzhost sshd[940]: pam_unix(sshd:auth): authentication failure; logname= uid=0 euid=0 tty=ssh ruser= rhost=43.255.190.91  user=root
Apr 11 09:06:49 ovzhost sshd[948]: Failed password for invalid user smitty from 218.27.204.27 port 65049 ssh2
Apr 11 09:06:49 ovzhost sshd[948]: Received disconnect from 218.27.204.27: 11: Bye Bye [preauth]
Apr 11 09:06:49 ovzhost sshd[940]: Failed password for root from 43.255.190.91 port 37692 ssh2
Apr 11 09:06:50 ovzhost sshd[946]: message repeated 2 times: [ Failed password for root from 43.255.190.130 port 51189 ssh2]
Apr 11 09:06:51 ovzhost sshd[946]: Received disconnect from 43.255.190.130: 11:  [preauth]
Apr 11 09:06:51 ovzhost sshd[946]: PAM 2 more authentication failures; logname= uid=0 euid=0 tty=ssh ruser= rhost=43.255.190.130  user=root
Apr 11 09:06:51 ovzhost sshd[952]: pam_unix(sshd:auth): authentication failure; logname= uid=0 euid=0 tty=ssh ruser= rhost=43.255.190.130  user=root
Apr 11 09:06:52 ovzhost sshd[950]: reverse mapping checking getaddrinfo for 27.204.27.218.adsl-pool.jlccptt.net.cn [218.27.204.27] failed - POSSIBLE BREAK-IN ATTEMPT!
Apr 11 09:06:52 ovzhost sshd[950]: Invalid user sindi from 218.27.204.27
Apr 11 09:06:52 ovzhost sshd[950]: input_userauth_request: invalid user sindi [preauth]
Apr 11 09:06:52 ovzhost sshd[950]: pam_unix(sshd:auth): check pass; user unknown
Apr 11 09:06:52 ovzhost sshd[950]: pam_unix(sshd:auth): authentication failure; logname= uid=0 euid=0 tty=ssh ruser= rhost=218.27.204.27 
Apr 11 09:06:54 ovzhost sshd[950]: Failed password for invalid user sindi from 218.27.204.27 port 10350 ssh2
Apr 11 09:06:54 ovzhost sshd[952]: Failed password for root from 43.255.190.130 port 40521 ssh2
Apr 11 09:06:54 ovzhost sshd[950]: Received disconnect from 218.27.204.27: 11: Bye Bye [preauth]
Apr 11 09:06:53 ovzhost sshd[940]: message repeated 2 times: [ Failed password for root from 43.255.190.91 port 37692 ssh2]
Apr 11 09:06:55 ovzhost sshd[940]: Received disconnect from 43.255.190.91: 11:  [preauth]
Apr 11 09:06:55 ovzhost sshd[940]: PAM 2 more authentication failures; logname= uid=0 euid=0 tty=ssh ruser= rhost=43.255.190.91  user=root
Apr 11 09:06:57 ovzhost sshd[956]: reverse mapping checking getaddrinfo for 27.204.27.218.adsl-pool.jlccptt.net.cn [218.27.204.27] failed - POSSIBLE BREAK-IN ATTEMPT!
Apr 11 09:06:57 ovzhost sshd[956]: Invalid user easyryder700 from 218.27.204.27
Apr 11 09:06:57 ovzhost sshd[956]: input_userauth_request: invalid user easyryder700 [preauth]
Apr 11 09:06:57 ovzhost sshd[956]: pam_unix(sshd:auth): check pass; user unknown
Apr 11 09:06:57 ovzhost sshd[956]: pam_unix(sshd:auth): authentication failure; logname= uid=0 euid=0 tty=ssh ruser= rhost=218.27.204.27 
Apr 11 09:06:57 ovzhost sshd[952]: message repeated 2 times: [ Failed password for root from 43.255.190.130 port 40521 ssh2]
Apr 11 09:06:57 ovzhost sshd[952]: Received disconnect from 43.255.190.130: 11:  [preauth]
Apr 11 09:06:57 ovzhost sshd[952]: PAM 2 more authentication failures; logname= uid=0 euid=0 tty=ssh ruser= rhost=43.255.190.130  user=root
Apr 11 09:06:58 ovzhost sshd[958]: pam_unix(sshd:auth): authentication failure; logname= uid=0 euid=0 tty=ssh ruser= rhost=43.255.190.130  user=root
Apr 11 09:06:59 ovzhost sshd[956]: Failed password for invalid user easyryder700 from 218.27.204.27 port 12203 ssh2
Apr 11 09:06:59 ovzhost sshd[956]: Received disconnect from 218.27.204.27: 11: Bye Bye [preauth]
Apr 11 09:06:59 ovzhost sshd[958]: Failed password for root from 43.255.190.130 port 58014 ssh2
Apr 11 09:07:02 ovzhost sshd[960]: reverse mapping checking getaddrinfo for 27.204.27.218.adsl-pool.jlccptt.net.cn [218.27.204.27] failed - POSSIBLE BREAK-IN ATTEMPT!
Apr 11 09:07:02 ovzhost sshd[960]: Invalid user littleblkwolvy from 218.27.204.27
Apr 11 09:07:02 ovzhost sshd[960]: input_userauth_request: invalid user littleblkwolvy [preauth]
Apr 11 09:07:02 ovzhost sshd[960]: pam_unix(sshd:auth): check pass; user unknown
Apr 11 09:07:02 ovzhost sshd[960]: pam_unix(sshd:auth): authentication failure; logname= uid=0 euid=0 tty=ssh ruser= rhost=218.27.204.27 
Apr 11 09:07:03 ovzhost sshd[958]: message repeated 2 times: [ Failed password for root from 43.255.190.130 port 58014 ssh2]
Apr 11 09:07:03 ovzhost sshd[958]: Received disconnect from 43.255.190.130: 11:  [preauth]
Apr 11 09:07:03 ovzhost sshd[958]: PAM 2 more authentication failures; logname= uid=0 euid=0 tty=ssh ruser= rhost=43.255.190.130  user=root
Apr 11 09:07:04 ovzhost sshd[960]: Failed password for invalid user littleblkwolvy from 218.27.204.27 port 14045 ssh2
Apr 11 09:07:04 ovzhost sshd[964]: pam_unix(sshd:auth): authentication failure; logname= uid=0 euid=0 tty=ssh ruser= rhost=43.255.190.130  user=root
Apr 11 09:07:04 ovzhost sshd[960]: Received disconnect from 218.27.204.27: 11: Bye Bye [preauth]
Apr 11 09:07:04 ovzhost sshd[954]: pam_unix(sshd:auth): authentication failure; logname= uid=0 euid=0 tty=ssh ruser= rhost=43.255.190.91  user=root
Apr 11 09:07:06 ovzhost sshd[964]: Failed password for root from 43.255.190.130 port 47036 ssh2
Apr 11 09:07:06 ovzhost sshd[954]: Failed password for root from 43.255.190.91 port 33984 ssh2
Apr 11 09:07:07 ovzhost sshd[966]: reverse mapping checking getaddrinfo for 27.204.27.218.adsl-pool.jlccptt.net.cn [218.27.204.27] failed - POSSIBLE BREAK-IN ATTEMPT!
Apr 11 09:07:07 ovzhost sshd[966]: Invalid user jbbspeed from 218.27.204.27
Apr 11 09:07:07 ovzhost sshd[966]: input_userauth_request: invalid user jbbspeed [preauth]
Apr 11 09:07:07 ovzhost sshd[966]: pam_unix(sshd:auth): check pass; user unknown
Apr 11 09:07:07 ovzhost sshd[966]: pam_unix(sshd:auth): authentication failure; logname= uid=0 euid=0 tty=ssh ruser= rhost=218.27.204.27 
Apr 11 09:07:09 ovzhost sshd[966]: Failed password for invalid user jbbspeed from 218.27.204.27 port 15875 ssh2
Apr 11 09:07:09 ovzhost sshd[966]: Received disconnect from 218.27.204.27: 11: Bye Bye [preauth]
Apr 11 09:07:10 ovzhost sshd[964]: message repeated 2 times: [ Failed password for root from 43.255.190.130 port 47036 ssh2]
Apr 11 09:07:10 ovzhost sshd[964]: Received disconnect from 43.255.190.130: 11:  [preauth]
Apr 11 09:07:10 ovzhost sshd[964]: PAM 2 more authentication failures; logname= uid=0 euid=0 tty=ssh ruser= rhost=43.255.190.130  user=root
Apr 11 09:07:10 ovzhost sshd[954]: message repeated 2 times: [ Failed password for root from 43.255.190.91 port 33984 ssh2]
Apr 11 09:07:10 ovzhost sshd[954]: Received disconnect from 43.255.190.91: 11:  [preauth]
Apr 11 09:07:10 ovzhost sshd[954]: PAM 2 more authentication failures; logname= uid=0 euid=0 tty=ssh ruser= rhost=43.255.190.91  user=root
Apr 11 09:07:10 ovzhost sshd[970]: pam_unix(sshd:auth): authentication failure; logname= uid=0 euid=0 tty=ssh ruser= rhost=43.255.190.130  user=root
Apr 11 09:07:12 ovzhost sshd[968]: reverse mapping checking getaddrinfo for 27.204.27.218.adsl-pool.jlccptt.net.cn [218.27.204.27] failed - POSSIBLE BREAK-IN ATTEMPT!
Apr 11 09:07:12 ovzhost sshd[968]: Invalid user ircd from 218.27.204.27
Apr 11 09:07:12 ovzhost sshd[968]: input_userauth_request: invalid user ircd [preauth]
Apr 11 09:07:12 ovzhost sshd[968]: pam_unix(sshd:auth): check pass; user unknown
Apr 11 09:07:12 ovzhost sshd[968]: pam_unix(sshd:auth): authentication failure; logname= uid=0 euid=0 tty=ssh ruser= rhost=218.27.204.27 
Apr 11 09:07:13 ovzhost sshd[970]: Failed password for root from 43.255.190.130 port 36420 ssh2
Apr 11 09:07:13 ovzhost sshd[972]: pam_unix(sshd:auth): authentication failure; logname= uid=0 euid=0 tty=ssh ruser= rhost=43.255.190.91  user=root
Apr 11 09:07:14 ovzhost sshd[968]: Failed password for invalid user ircd from 218.27.204.27 port 17733 ssh2
Apr 11 09:07:14 ovzhost sshd[968]: Received disconnect from 218.27.204.27: 11: Bye Bye [preauth]
Apr 11 09:07:15 ovzhost sshd[972]: Failed password for root from 43.255.190.91 port 57016 ssh2
Apr 11 09:07:17 ovzhost sshd[970]: message repeated 2 times: [ Failed password for root from 43.255.190.130 port 36420 ssh2]
Apr 11 09:07:17 ovzhost sshd[970]: Received disconnect from 43.255.190.130: 11:  [preauth]
Apr 11 09:07:17 ovzhost sshd[970]: PAM 2 more authentication failures; logname= uid=0 euid=0 tty=ssh ruser= rhost=43.255.190.130  user=root
Apr 11 09:07:18 ovzhost sshd[974]: reverse mapping checking getaddrinfo for 27.204.27.218.adsl-pool.jlccptt.net.cn [218.27.204.27] failed - POSSIBLE BREAK-IN ATTEMPT!
Apr 11 09:07:18 ovzhost sshd[974]: Invalid user tcm from 218.27.204.27
Apr 11 09:07:18 ovzhost sshd[974]: input_userauth_request: invalid user tcm [preauth]
Apr 11 09:07:18 ovzhost sshd[974]: pam_unix(sshd:auth): check pass; user unknown
Apr 11 09:07:18 ovzhost sshd[974]: pam_unix(sshd:auth): authentication failure; logname= uid=0 euid=0 tty=ssh ruser= rhost=218.27.204.27 
Apr 11 09:07:19 ovzhost sshd[976]: pam_unix(sshd:auth): authentication failure; logname= uid=0 euid=0 tty=ssh ruser= rhost=43.255.190.130  user=root
Apr 11 09:07:20 ovzhost sshd[974]: Failed password for invalid user tcm from 218.27.204.27 port 19682 ssh2
Apr 11 09:07:20 ovzhost sshd[974]: Received disconnect from 218.27.204.27: 11: Bye Bye [preauth]
Apr 11 09:07:21 ovzhost sshd[976]: Failed password for root from 43.255.190.130 port 56094 ssh2
Apr 11 09:07:23 ovzhost sshd[978]: reverse mapping checking getaddrinfo for 27.204.27.218.adsl-pool.jlccptt.net.cn [218.27.204.27] failed - POSSIBLE BREAK-IN ATTEMPT!
Apr 11 09:07:23 ovzhost sshd[978]: Invalid user dronehunt from 218.27.204.27
Apr 11 09:07:23 ovzhost sshd[978]: input_userauth_request: invalid user dronehunt [preauth]
Apr 11 09:07:23 ovzhost sshd[978]: pam_unix(sshd:auth): check pass; user unknown
Apr 11 09:07:23 ovzhost sshd[978]: pam_unix(sshd:auth): authentication failure; logname= uid=0 euid=0 tty=ssh ruser= rhost=218.27.204.27 
Apr 11 09:07:25 ovzhost sshd[978]: Failed password for invalid user dronehunt from 218.27.204.27 port 21921 ssh2
Apr 11 09:07:26 ovzhost sshd[978]: Received disconnect from 218.27.204.27: 11: Bye Bye [preauth]
Apr 11 09:07:26 ovzhost sshd[976]: message repeated 2 times: [ Failed password for root from 43.255.190.130 port 56094 ssh2]
Apr 11 09:07:26 ovzhost sshd[976]: Received disconnect from 43.255.190.130: 11:  [preauth]
Apr 11 09:07:26 ovzhost sshd[976]: PAM 2 more authentication failures; logname= uid=0 euid=0 tty=ssh ruser= rhost=43.255.190.130  user=root
Apr 11 09:07:26 ovzhost sshd[981]: pam_unix(sshd:auth): authentication failure; logname= uid=0 euid=0 tty=ssh ruser= rhost=43.255.190.130  user=root
Apr 11 09:07:27 ovzhost sshd[980]: pam_unix(sshd:auth): authentication failure; logname= uid=0 euid=0 tty=ssh ruser= rhost=43.255.190.91  user=root
Apr 11 09:07:29 ovzhost sshd[983]: reverse mapping checking getaddrinfo for 27.204.27.218.adsl-pool.jlccptt.net.cn [218.27.204.27] failed - POSSIBLE BREAK-IN ATTEMPT!
Apr 11 09:07:29 ovzhost sshd[983]: Invalid user cow from 218.27.204.27
Apr 11 09:07:29 ovzhost sshd[983]: input_userauth_request: invalid user cow [preauth]
Apr 11 09:07:29 ovzhost sshd[983]: pam_unix(sshd:auth): check pass; user unknown
Apr 11 09:07:29 ovzhost sshd[983]: pam_unix(sshd:auth): authentication failure; logname= uid=0 euid=0 tty=ssh ruser= rhost=218.27.204.27 
Apr 11 09:07:29 ovzhost sshd[981]: Failed password for root from 43.255.190.130 port 50090 ssh2
Apr 11 09:07:30 ovzhost sshd[980]: Failed password for root from 43.255.190.91 port 48332 ssh2
Apr 11 09:07:31 ovzhost sshd[983]: Failed password for invalid user cow from 218.27.204.27 port 23934 ssh2
Apr 11 09:07:31 ovzhost sshd[983]: Received disconnect from 218.27.204.27: 11: Bye Bye [preauth]
Apr 11 09:07:24 ovzhost sshd[972]: message repeated 2 times: [ Failed password for root from 43.255.190.91 port 57016 ssh2]
Apr 11 09:07:32 ovzhost sshd[972]: Received disconnect from 43.255.190.91: 11:  [preauth]
Apr 11 09:07:32 ovzhost sshd[972]: PAM 2 more authentication failures; logname= uid=0 euid=0 tty=ssh ruser= rhost=43.255.190.91  user=root
Apr 11 09:07:33 ovzhost sshd[981]: message repeated 2 times: [ Failed password for root from 43.255.190.130 port 50090 ssh2]
Apr 11 09:07:33 ovzhost sshd[981]: Received disconnect from 43.255.190.130: 11:  [preauth]
Apr 11 09:07:33 ovzhost sshd[981]: PAM 2 more authentication failures; logname= uid=0 euid=0 tty=ssh ruser= rhost=43.255.190.130  user=root
Apr 11 09:07:33 ovzhost sshd[980]: message repeated 2 times: [ Failed password for root from 43.255.190.91 port 48332 ssh2]
Apr 11 09:07:33 ovzhost sshd[980]: Received disconnect from 43.255.190.91: 11:  [preauth]
Apr 11 09:07:33 ovzhost sshd[980]: PAM 2 more authentication failures; logname= uid=0 euid=0 tty=ssh ruser= rhost=43.255.190.91  user=root
Apr 11 09:07:33 ovzhost sshd[988]: pam_unix(sshd:auth): authentication failure; logname= uid=0 euid=0 tty=ssh ruser= rhost=43.255.190.130  user=root
Apr 11 09:07:34 ovzhost sshd[986]: reverse mapping checking getaddrinfo for 27.204.27.218.adsl-pool.jlccptt.net.cn [218.27.204.27] failed - POSSIBLE BREAK-IN ATTEMPT!
Apr 11 09:07:34 ovzhost sshd[986]: Invalid user olow from 218.27.204.27
Apr 11 09:07:34 ovzhost sshd[986]: input_userauth_request: invalid user olow [preauth]
Apr 11 09:07:34 ovzhost sshd[986]: pam_unix(sshd:auth): check pass; user unknown
Apr 11 09:07:34 ovzhost sshd[986]: pam_unix(sshd:auth): authentication failure; logname= uid=0 euid=0 tty=ssh ruser= rhost=218.27.204.27 
Apr 11 09:07:35 ovzhost sshd[988]: Failed password for root from 43.255.190.130 port 40272 ssh2
Apr 11 09:07:36 ovzhost sshd[986]: Failed password for invalid user olow from 218.27.204.27 port 25802 ssh2
Apr 11 09:07:38 ovzhost sshd[986]: Received disconnect from 218.27.204.27: 11: Bye Bye [preauth]
Apr 11 09:07:38 ovzhost sshd[990]: pam_unix(sshd:auth): authentication failure; logname= uid=0 euid=0 tty=ssh ruser= rhost=43.255.190.91  user=root
Apr 11 09:07:40 ovzhost sshd[990]: Failed password for root from 43.255.190.91 port 60681 ssh2
Apr 11 09:07:40 ovzhost sshd[992]: reverse mapping checking getaddrinfo for 27.204.27.218.adsl-pool.jlccptt.net.cn [218.27.204.27] failed - POSSIBLE BREAK-IN ATTEMPT!
Apr 11 09:07:40 ovzhost sshd[992]: Invalid user kim from 218.27.204.27
Apr 11 09:07:40 ovzhost sshd[992]: input_userauth_request: invalid user kim [preauth]
Apr 11 09:07:40 ovzhost sshd[992]: pam_unix(sshd:auth): check pass; user unknown
Apr 11 09:07:40 ovzhost sshd[992]: pam_unix(sshd:auth): authentication failure; logname= uid=0 euid=0 tty=ssh ruser= rhost=218.27.204.27 
Apr 11 09:07:40 ovzhost sshd[988]: message repeated 2 times: [ Failed password for root from 43.255.190.130 port 40272 ssh2]
Apr 11 09:07:40 ovzhost sshd[988]: Received disconnect from 43.255.190.130: 11:  [preauth]
Apr 11 09:07:40 ovzhost sshd[988]: PAM 2 more authentication failures; logname= uid=0 euid=0 tty=ssh ruser= rhost=43.255.190.130  user=root
Apr 11 09:07:41 ovzhost sshd[996]: pam_unix(sshd:auth): authentication failure; logname= uid=0 euid=0 tty=ssh ruser= rhost=43.255.190.130  user=root
Apr 11 09:07:42 ovzhost sshd[992]: Failed password for invalid user kim from 218.27.204.27 port 28225 ssh2
Apr 11 09:07:43 ovzhost sshd[992]: Received disconnect from 218.27.204.27: 11: Bye Bye [preauth]
Apr 11 09:07:43 ovzhost sshd[996]: Failed password for root from 43.255.190.130 port 59714 ssh2
Apr 11 09:07:44 ovzhost sshd[990]: message repeated 2 times: [ Failed password for root from 43.255.190.91 port 60681 ssh2]
Apr 11 09:07:45 ovzhost sshd[990]: Received disconnect from 43.255.190.91: 11:  [preauth]
Apr 11 09:07:45 ovzhost sshd[990]: PAM 2 more authentication failures; logname= uid=0 euid=0 tty=ssh ruser= rhost=43.255.190.91  user=root
Apr 11 09:07:45 ovzhost sshd[998]: reverse mapping checking getaddrinfo for 27.204.27.218.adsl-pool.jlccptt.net.cn [218.27.204.27] failed - POSSIBLE BREAK-IN ATTEMPT!
Apr 11 09:07:45 ovzhost sshd[998]: Invalid user hussain from 218.27.204.27
Apr 11 09:07:45 ovzhost sshd[998]: input_userauth_request: invalid user hussain [preauth]
Apr 11 09:07:45 ovzhost sshd[998]: pam_unix(sshd:auth): check pass; user unknown
Apr 11 09:07:45 ovzhost sshd[998]: pam_unix(sshd:auth): authentication failure; logname= uid=0 euid=0 tty=ssh ruser= rhost=218.27.204.27 
Apr 11 09:07:47 ovzhost sshd[996]: message repeated 2 times: [ Failed password for root from 43.255.190.130 port 59714 ssh2]
Apr 11 09:07:47 ovzhost sshd[996]: Received disconnect from 43.255.190.130: 11:  [preauth]
Apr 11 09:07:47 ovzhost sshd[996]: PAM 2 more authentication failures; logname= uid=0 euid=0 tty=ssh ruser= rhost=43.255.190.130  user=root
Apr 11 09:07:48 ovzhost sshd[998]: Failed password for invalid user hussain from 218.27.204.27 port 30146 ssh2
Apr 11 09:07:48 ovzhost sshd[998]: Received disconnect from 218.27.204.27: 11: Bye Bye [preauth]
Apr 11 09:07:49 ovzhost sshd[1002]: pam_unix(sshd:auth): authentication failure; logname= uid=0 euid=0 tty=ssh ruser= rhost=43.255.190.130  user=root
Apr 11 09:07:51 ovzhost sshd[1004]: reverse mapping checking getaddrinfo for 27.204.27.218.adsl-pool.jlccptt.net.cn [218.27.204.27] failed - POSSIBLE BREAK-IN ATTEMPT!
Apr 11 09:07:51 ovzhost sshd[1004]: Invalid user elsif from 218.27.204.27
Apr 11 09:07:51 ovzhost sshd[1004]: input_userauth_request: invalid user elsif [preauth]
Apr 11 09:07:51 ovzhost sshd[1004]: pam_unix(sshd:auth): check pass; user unknown
Apr 11 09:07:51 ovzhost sshd[1004]: pam_unix(sshd:auth): authentication failure; logname= uid=0 euid=0 tty=ssh ruser= rhost=218.27.204.27 
Apr 11 09:07:51 ovzhost sshd[1002]: Failed password for root from 43.255.190.130 port 49848 ssh2
Apr 11 09:07:53 ovzhost sshd[1004]: Failed password for invalid user elsif from 218.27.204.27 port 32053 ssh2
Apr 11 09:07:53 ovzhost sshd[1004]: Received disconnect from 218.27.204.27: 11: Bye Bye [preauth]
Apr 11 09:07:55 ovzhost sshd[1002]: message repeated 2 times: [ Failed password for root from 43.255.190.130 port 49848 ssh2]
Apr 11 09:07:55 ovzhost sshd[1002]: Received disconnect from 43.255.190.130: 11:  [preauth]
Apr 11 09:07:55 ovzhost sshd[1002]: PAM 2 more authentication failures; logname= uid=0 euid=0 tty=ssh ruser= rhost=43.255.190.130  user=root
Apr 11 09:07:56 ovzhost sshd[1006]: reverse mapping checking getaddrinfo for 27.204.27.218.adsl-pool.jlccptt.net.cn [218.27.204.27] failed - POSSIBLE BREAK-IN ATTEMPT!
Apr 11 09:07:56 ovzhost sshd[1006]: Invalid user chmod000 from 218.27.204.27
Apr 11 09:07:56 ovzhost sshd[1006]: input_userauth_request: invalid user chmod000 [preauth]
Apr 11 09:07:56 ovzhost sshd[1006]: pam_unix(sshd:auth): check pass; user unknown
Apr 11 09:07:56 ovzhost sshd[1006]: pam_unix(sshd:auth): authentication failure; logname= uid=0 euid=0 tty=ssh ruser= rhost=218.27.204.27 
Apr 11 09:07:56 ovzhost sshd[1008]: pam_unix(sshd:auth): authentication failure; logname= uid=0 euid=0 tty=ssh ruser= rhost=43.255.190.130  user=root
Apr 11 09:07:57 ovzhost sshd[1006]: Failed password for invalid user chmod000 from 218.27.204.27 port 33936 ssh2
Apr 11 09:07:58 ovzhost sshd[1008]: Failed password for root from 43.255.190.130 port 41483 ssh2
Apr 11 09:07:58 ovzhost sshd[1006]: Received disconnect from 218.27.204.27: 11: Bye Bye [preauth]
Apr 11 09:08:00 ovzhost sshd[1010]: pam_unix(sshd:auth): authentication failure; logname= uid=0 euid=0 tty=ssh ruser= rhost=43.255.190.91  user=root
Apr 11 09:08:01 ovzhost sshd[1012]: reverse mapping checking getaddrinfo for 27.204.27.218.adsl-pool.jlccptt.net.cn [218.27.204.27] failed - POSSIBLE BREAK-IN ATTEMPT!
Apr 11 09:08:01 ovzhost sshd[1012]: Invalid user matt from 218.27.204.27
Apr 11 09:08:01 ovzhost sshd[1012]: input_userauth_request: invalid user matt [preauth]
Apr 11 09:08:01 ovzhost sshd[1012]: pam_unix(sshd:auth): check pass; user unknown
Apr 11 09:08:01 ovzhost sshd[1012]: pam_unix(sshd:auth): authentication failure; logname= uid=0 euid=0 tty=ssh ruser= rhost=218.27.204.27 
Apr 11 09:08:02 ovzhost sshd[1010]: Failed password for root from 43.255.190.91 port 36121 ssh2
Apr 11 09:08:02 ovzhost sshd[1008]: message repeated 2 times: [ Failed password for root from 43.255.190.130 port 41483 ssh2]
