Mar 31 17:16:56 ovzhost sudo:     root : unable to resolve host ovzhost
Mar 31 17:16:56 ovzhost sudo:     root : TTY=pts/0 ; PWD=/ ; USER=root ; COMMAND=/usr/bin/less /root/.bash_history
Mar 31 17:16:56 ovzhost sudo: pam_unix(sudo:session): session opened for user root by (uid=0)
Mar 31 17:16:57 ovzhost sudo: pam_unix(sudo:session): session closed for user root
Apr  2 14:31:13 ovzhost sshd[419]: Server listening on 0.0.0.0 port 22.
Apr  2 14:31:13 ovzhost sshd[419]: Server listening on :: port 22.
Apr  2 14:31:13 ovzhost saslauthd[637]: detach_tty      : master pid is: 637
Apr  2 14:31:13 ovzhost saslauthd[637]: ipc_init        : listening on socket: /var/run/saslauthd/mux
Apr  2 14:33:26 ovzhost sshd[797]: Connection closed by 127.0.0.1 [preauth]
Apr  4 19:32:40 ovzhost sshd[786]: Connection closed by 127.0.0.1 [preauth]
Apr  4 19:35:29 ovzhost sshd[801]: Connection closed by 128.8.37.104 [preauth]
Apr  4 19:37:40 ovzhost sshd[811]: Connection closed by 127.0.0.1 [preauth]
Apr  4 19:37:43 ovzhost sshd[813]: pam_unix(sshd:auth): authentication failure; logname= uid=0 euid=0 tty=ssh ruser= rhost=58.218.199.49  user=root
Apr  4 19:37:45 ovzhost sshd[813]: Failed password for root from 58.218.199.49 port 46612 ssh2
Apr  4 19:37:49 ovzhost sshd[813]: message repeated 2 times: [ Failed password for root from 58.218.199.49 port 46612 ssh2]
Apr  4 19:37:50 ovzhost sshd[813]: Received disconnect from 58.218.199.49: 11:  [preauth]
Apr  4 19:37:50 ovzhost sshd[813]: PAM 2 more authentication failures; logname= uid=0 euid=0 tty=ssh ruser= rhost=58.218.199.49  user=root
Apr  4 19:37:51 ovzhost sshd[815]: pam_unix(sshd:auth): authentication failure; logname= uid=0 euid=0 tty=ssh ruser= rhost=58.218.199.49  user=root
Apr  4 19:37:53 ovzhost sshd[815]: Failed password for root from 58.218.199.49 port 33956 ssh2
Apr  4 19:37:57 ovzhost sshd[815]: message repeated 2 times: [ Failed password for root from 58.218.199.49 port 33956 ssh2]
Apr  4 19:37:58 ovzhost sshd[815]: Received disconnect from 58.218.199.49: 11:  [preauth]
Apr  4 19:37:58 ovzhost sshd[815]: PAM 2 more authentication failures; logname= uid=0 euid=0 tty=ssh ruser= rhost=58.218.199.49  user=root
Apr  4 19:37:59 ovzhost sshd[822]: pam_unix(sshd:auth): authentication failure; logname= uid=0 euid=0 tty=ssh ruser= rhost=58.218.199.49  user=root
Apr  4 19:38:02 ovzhost sshd[822]: Failed password for root from 58.218.199.49 port 48408 ssh2
Apr  4 19:38:07 ovzhost sshd[822]: message repeated 2 times: [ Failed password for root from 58.218.199.49 port 48408 ssh2]
Apr  4 19:38:07 ovzhost sshd[822]: Received disconnect from 58.218.199.49: 11:  [preauth]
Apr  4 19:38:07 ovzhost sshd[822]: PAM 2 more authentication failures; logname= uid=0 euid=0 tty=ssh ruser= rhost=58.218.199.49  user=root
Apr  4 19:38:09 ovzhost sshd[825]: pam_unix(sshd:auth): authentication failure; logname= uid=0 euid=0 tty=ssh ruser= rhost=58.218.199.49  user=root
Apr  4 19:38:11 ovzhost sshd[825]: Failed password for root from 58.218.199.49 port 36106 ssh2
Apr  4 19:38:16 ovzhost sshd[825]: message repeated 2 times: [ Failed password for root from 58.218.199.49 port 36106 ssh2]
Apr  4 19:38:16 ovzhost sshd[825]: Received disconnect from 58.218.199.49: 11:  [preauth]
Apr  4 19:38:16 ovzhost sshd[825]: PAM 2 more authentication failures; logname= uid=0 euid=0 tty=ssh ruser= rhost=58.218.199.49  user=root
Apr  4 19:38:18 ovzhost sshd[827]: pam_unix(sshd:auth): authentication failure; logname= uid=0 euid=0 tty=ssh ruser= rhost=58.218.199.49  user=root
Apr  4 19:38:20 ovzhost sshd[827]: Failed password for root from 58.218.199.49 port 52376 ssh2
Apr  4 19:38:25 ovzhost sshd[827]: message repeated 2 times: [ Failed password for root from 58.218.199.49 port 52376 ssh2]
Apr  4 19:38:25 ovzhost sshd[827]: Received disconnect from 58.218.199.49: 11:  [preauth]
Apr  4 19:38:25 ovzhost sshd[827]: PAM 2 more authentication failures; logname= uid=0 euid=0 tty=ssh ruser= rhost=58.218.199.49  user=root
Apr  4 19:38:27 ovzhost sshd[829]: pam_unix(sshd:auth): authentication failure; logname= uid=0 euid=0 tty=ssh ruser= rhost=58.218.199.49  user=root
Apr  4 19:38:29 ovzhost sshd[829]: Failed password for root from 58.218.199.49 port 40158 ssh2
Apr  4 19:38:33 ovzhost sshd[829]: message repeated 2 times: [ Failed password for root from 58.218.199.49 port 40158 ssh2]
Apr  4 19:38:33 ovzhost sshd[829]: Received disconnect from 58.218.199.49: 11:  [preauth]
Apr  4 19:38:33 ovzhost sshd[829]: PAM 2 more authentication failures; logname= uid=0 euid=0 tty=ssh ruser= rhost=58.218.199.49  user=root
Apr  4 19:38:35 ovzhost sshd[831]: pam_unix(sshd:auth): authentication failure; logname= uid=0 euid=0 tty=ssh ruser= rhost=58.218.199.49  user=root
Apr  4 19:38:37 ovzhost sshd[831]: Failed password for root from 58.218.199.49 port 54326 ssh2
Apr  4 19:38:42 ovzhost sshd[831]: message repeated 2 times: [ Failed password for root from 58.218.199.49 port 54326 ssh2]
Apr  4 19:38:42 ovzhost sshd[831]: Received disconnect from 58.218.199.49: 11:  [preauth]
Apr  4 19:38:42 ovzhost sshd[831]: PAM 2 more authentication failures; logname= uid=0 euid=0 tty=ssh ruser= rhost=58.218.199.49  user=root
Apr  4 19:38:44 ovzhost sshd[833]: pam_unix(sshd:auth): authentication failure; logname= uid=0 euid=0 tty=ssh ruser= rhost=58.218.199.49  user=root
Apr  4 19:38:46 ovzhost sshd[833]: Failed password for root from 58.218.199.49 port 40723 ssh2
Apr  4 19:38:51 ovzhost sshd[833]: message repeated 2 times: [ Failed password for root from 58.218.199.49 port 40723 ssh2]
Apr  4 19:38:51 ovzhost sshd[833]: Received disconnect from 58.218.199.49: 11:  [preauth]
Apr  4 19:38:51 ovzhost sshd[833]: PAM 2 more authentication failures; logname= uid=0 euid=0 tty=ssh ruser= rhost=58.218.199.49  user=root
Apr  4 19:38:53 ovzhost sshd[835]: pam_unix(sshd:auth): authentication failure; logname= uid=0 euid=0 tty=ssh ruser= rhost=58.218.199.49  user=root
Apr  4 19:38:54 ovzhost sshd[835]: Failed password for root from 58.218.199.49 port 56247 ssh2
Apr  4 19:38:59 ovzhost sshd[835]: message repeated 2 times: [ Failed password for root from 58.218.199.49 port 56247 ssh2]
Apr  4 19:38:59 ovzhost sshd[835]: Received disconnect from 58.218.199.49: 11:  [preauth]
Apr  4 19:38:59 ovzhost sshd[835]: PAM 2 more authentication failures; logname= uid=0 euid=0 tty=ssh ruser= rhost=58.218.199.49  user=root
Apr  4 19:39:00 ovzhost sshd[839]: pam_unix(sshd:auth): authentication failure; logname= uid=0 euid=0 tty=ssh ruser= rhost=58.218.199.49  user=root
Apr  4 19:39:01 ovzhost CRON[841]: pam_env(cron:session): Unable to open env file: /etc/default/locale: No such file or directory
Apr  4 19:39:01 ovzhost CRON[841]: pam_unix(cron:session): session opened for user root by (uid=0)
Apr  4 19:39:01 ovzhost CRON[841]: pam_unix(cron:session): session closed for user root
Apr  4 19:39:02 ovzhost sshd[839]: Failed password for root from 58.218.199.49 port 41630 ssh2
Apr  4 19:39:06 ovzhost sshd[839]: message repeated 2 times: [ Failed password for root from 58.218.199.49 port 41630 ssh2]
Apr  4 19:39:06 ovzhost sshd[839]: Received disconnect from 58.218.199.49: 11:  [preauth]
Apr  4 19:39:06 ovzhost sshd[839]: PAM 2 more authentication failures; logname= uid=0 euid=0 tty=ssh ruser= rhost=58.218.199.49  user=root
Apr  4 19:39:08 ovzhost sshd[852]: pam_unix(sshd:auth): authentication failure; logname= uid=0 euid=0 tty=ssh ruser= rhost=58.218.199.49  user=root
Apr  4 19:39:10 ovzhost sshd[852]: Failed password for root from 58.218.199.49 port 55466 ssh2
Apr  4 19:39:15 ovzhost sshd[852]: message repeated 2 times: [ Failed password for root from 58.218.199.49 port 55466 ssh2]
Apr  4 19:39:15 ovzhost sshd[852]: Received disconnect from 58.218.199.49: 11:  [preauth]
Apr  4 19:39:15 ovzhost sshd[852]: PAM 2 more authentication failures; logname= uid=0 euid=0 tty=ssh ruser= rhost=58.218.199.49  user=root
Apr  4 19:39:17 ovzhost sshd[854]: pam_unix(sshd:auth): authentication failure; logname= uid=0 euid=0 tty=ssh ruser= rhost=58.218.199.49  user=root
Apr  4 19:39:19 ovzhost sshd[854]: Failed password for root from 58.218.199.49 port 42610 ssh2
Apr  4 19:39:24 ovzhost sshd[854]: message repeated 2 times: [ Failed password for root from 58.218.199.49 port 42610 ssh2]
Apr  4 19:39:24 ovzhost sshd[854]: Received disconnect from 58.218.199.49: 11:  [preauth]
Apr  4 19:39:24 ovzhost sshd[854]: PAM 2 more authentication failures; logname= uid=0 euid=0 tty=ssh ruser= rhost=58.218.199.49  user=root
Apr  4 19:39:26 ovzhost sshd[856]: pam_unix(sshd:auth): authentication failure; logname= uid=0 euid=0 tty=ssh ruser= rhost=58.218.199.49  user=root
Apr  4 19:39:28 ovzhost sshd[856]: Failed password for root from 58.218.199.49 port 57915 ssh2
Apr  4 19:39:32 ovzhost sshd[856]: message repeated 2 times: [ Failed password for root from 58.218.199.49 port 57915 ssh2]
Apr  4 19:39:33 ovzhost sshd[856]: Received disconnect from 58.218.199.49: 11:  [preauth]
Apr  4 19:39:33 ovzhost sshd[856]: PAM 2 more authentication failures; logname= uid=0 euid=0 tty=ssh ruser= rhost=58.218.199.49  user=root
Apr  4 19:39:34 ovzhost sshd[858]: pam_unix(sshd:auth): authentication failure; logname= uid=0 euid=0 tty=ssh ruser= rhost=58.218.199.49  user=root
Apr  4 19:39:37 ovzhost sshd[858]: Failed password for root from 58.218.199.49 port 45018 ssh2
Apr  4 19:39:40 ovzhost sshd[858]: message repeated 2 times: [ Failed password for root from 58.218.199.49 port 45018 ssh2]
Apr  4 19:39:41 ovzhost sshd[858]: Received disconnect from 58.218.199.49: 11:  [preauth]
Apr  4 19:39:41 ovzhost sshd[858]: PAM 2 more authentication failures; logname= uid=0 euid=0 tty=ssh ruser= rhost=58.218.199.49  user=root
Apr  4 19:39:42 ovzhost sshd[860]: pam_unix(sshd:auth): authentication failure; logname= uid=0 euid=0 tty=ssh ruser= rhost=58.218.199.49  user=root
Apr  4 19:39:44 ovzhost sshd[860]: Failed password for root from 58.218.199.49 port 60325 ssh2
Apr  4 19:39:49 ovzhost sshd[860]: message repeated 2 times: [ Failed password for root from 58.218.199.49 port 60325 ssh2]
Apr  4 19:39:49 ovzhost sshd[860]: Received disconnect from 58.218.199.49: 11:  [preauth]
Apr  4 19:39:49 ovzhost sshd[860]: PAM 2 more authentication failures; logname= uid=0 euid=0 tty=ssh ruser= rhost=58.218.199.49  user=root
Apr  4 19:39:51 ovzhost sshd[862]: pam_unix(sshd:auth): authentication failure; logname= uid=0 euid=0 tty=ssh ruser= rhost=58.218.199.49  user=root
Apr  4 19:39:53 ovzhost sshd[862]: Failed password for root from 58.218.199.49 port 48033 ssh2
Apr  4 19:39:57 ovzhost sshd[862]: message repeated 2 times: [ Failed password for root from 58.218.199.49 port 48033 ssh2]
Apr  4 19:39:58 ovzhost sshd[862]: Received disconnect from 58.218.199.49: 11:  [preauth]
Apr  4 19:39:58 ovzhost sshd[862]: PAM 2 more authentication failures; logname= uid=0 euid=0 tty=ssh ruser= rhost=58.218.199.49  user=root
Apr  4 19:39:59 ovzhost sshd[865]: pam_unix(sshd:auth): authentication failure; logname= uid=0 euid=0 tty=ssh ruser= rhost=58.218.199.49  user=root
Apr  4 19:40:01 ovzhost CRON[867]: pam_env(cron:session): Unable to open env file: /etc/default/locale: No such file or directory
Apr  4 19:40:01 ovzhost CRON[867]: pam_unix(cron:session): session opened for user smmsp by (uid=0)
Apr  4 19:40:01 ovzhost CRON[867]: pam_unix(cron:session): session closed for user smmsp
Apr  4 19:40:01 ovzhost sshd[865]: Failed password for root from 58.218.199.49 port 35556 ssh2
Apr  4 19:40:05 ovzhost sshd[865]: message repeated 2 times: [ Failed password for root from 58.218.199.49 port 35556 ssh2]
Apr  4 19:40:05 ovzhost sshd[865]: Received disconnect from 58.218.199.49: 11:  [preauth]
Apr  4 19:40:05 ovzhost sshd[865]: PAM 2 more authentication failures; logname= uid=0 euid=0 tty=ssh ruser= rhost=58.218.199.49  user=root
Apr  4 19:40:07 ovzhost sshd[892]: pam_unix(sshd:auth): authentication failure; logname= uid=0 euid=0 tty=ssh ruser= rhost=58.218.199.49  user=root
Apr  4 19:40:10 ovzhost sshd[892]: Failed password for root from 58.218.199.49 port 51030 ssh2
Apr  4 19:40:14 ovzhost sshd[892]: message repeated 2 times: [ Failed password for root from 58.218.199.49 port 51030 ssh2]
Apr  4 19:40:14 ovzhost sshd[892]: Received disconnect from 58.218.199.49: 11:  [preauth]
Apr  4 19:40:14 ovzhost sshd[892]: PAM 2 more authentication failures; logname= uid=0 euid=0 tty=ssh ruser= rhost=58.218.199.49  user=root
Apr  4 19:40:15 ovzhost sshd[894]: pam_unix(sshd:auth): authentication failure; logname= uid=0 euid=0 tty=ssh ruser= rhost=58.218.199.49  user=root
Apr  4 19:40:17 ovzhost sshd[894]: Failed password for root from 58.218.199.49 port 38962 ssh2
Apr  4 19:40:22 ovzhost sshd[894]: message repeated 2 times: [ Failed password for root from 58.218.199.49 port 38962 ssh2]
Apr  4 19:40:22 ovzhost sshd[894]: Received disconnect from 58.218.199.49: 11:  [preauth]
Apr  4 19:40:22 ovzhost sshd[894]: PAM 2 more authentication failures; logname= uid=0 euid=0 tty=ssh ruser= rhost=58.218.199.49  user=root
Apr  4 19:40:24 ovzhost sshd[896]: pam_unix(sshd:auth): authentication failure; logname= uid=0 euid=0 tty=ssh ruser= rhost=58.218.199.49  user=root
Apr  4 19:40:26 ovzhost sshd[896]: Failed password for root from 58.218.199.49 port 56308 ssh2
Apr  4 19:40:29 ovzhost sshd[896]: message repeated 2 times: [ Failed password for root from 58.218.199.49 port 56308 ssh2]
Apr  4 19:40:30 ovzhost sshd[896]: Received disconnect from 58.218.199.49: 11:  [preauth]
Apr  4 19:40:30 ovzhost sshd[896]: PAM 2 more authentication failures; logname= uid=0 euid=0 tty=ssh ruser= rhost=58.218.199.49  user=root
Apr  4 19:40:31 ovzhost sshd[898]: pam_unix(sshd:auth): authentication failure; logname= uid=0 euid=0 tty=ssh ruser= rhost=58.218.199.49  user=root
Apr  4 19:40:33 ovzhost sshd[898]: Failed password for root from 58.218.199.49 port 43300 ssh2
Apr  4 19:40:37 ovzhost sshd[898]: message repeated 2 times: [ Failed password for root from 58.218.199.49 port 43300 ssh2]
Apr  4 19:40:37 ovzhost sshd[898]: Received disconnect from 58.218.199.49: 11:  [preauth]
Apr  4 19:40:37 ovzhost sshd[898]: PAM 2 more authentication failures; logname= uid=0 euid=0 tty=ssh ruser= rhost=58.218.199.49  user=root
Apr  4 19:40:39 ovzhost sshd[900]: pam_unix(sshd:auth): authentication failure; logname= uid=0 euid=0 tty=ssh ruser= rhost=58.218.199.49  user=root
Apr  4 19:40:40 ovzhost sshd[900]: Failed password for root from 58.218.199.49 port 58722 ssh2
Apr  4 19:40:45 ovzhost sshd[900]: message repeated 2 times: [ Failed password for root from 58.218.199.49 port 58722 ssh2]
Apr  4 19:40:45 ovzhost sshd[900]: Received disconnect from 58.218.199.49: 11:  [preauth]
Apr  4 19:40:45 ovzhost sshd[900]: PAM 2 more authentication failures; logname= uid=0 euid=0 tty=ssh ruser= rhost=58.218.199.49  user=root
Apr  4 19:40:47 ovzhost sshd[902]: pam_unix(sshd:auth): authentication failure; logname= uid=0 euid=0 tty=ssh ruser= rhost=58.218.199.49  user=root
Apr  4 19:40:48 ovzhost sshd[902]: Failed password for root from 58.218.199.49 port 47855 ssh2
Apr  4 19:40:52 ovzhost sshd[902]: message repeated 2 times: [ Failed password for root from 58.218.199.49 port 47855 ssh2]
Apr  4 19:40:52 ovzhost sshd[902]: Received disconnect from 58.218.199.49: 11:  [preauth]
Apr  4 19:40:52 ovzhost sshd[902]: PAM 2 more authentication failures; logname= uid=0 euid=0 tty=ssh ruser= rhost=58.218.199.49  user=root
Apr  4 19:40:54 ovzhost sshd[906]: pam_unix(sshd:auth): authentication failure; logname= uid=0 euid=0 tty=ssh ruser= rhost=58.218.199.49  user=root
Apr  4 19:40:55 ovzhost sshd[906]: Failed password for root from 58.218.199.49 port 34398 ssh2
Apr  4 19:40:59 ovzhost sshd[906]: message repeated 2 times: [ Failed password for root from 58.218.199.49 port 34398 ssh2]
Apr  4 19:41:00 ovzhost sshd[906]: Received disconnect from 58.218.199.49: 11:  [preauth]
Apr  4 19:41:00 ovzhost sshd[906]: PAM 2 more authentication failures; logname= uid=0 euid=0 tty=ssh ruser= rhost=58.218.199.49  user=root
Apr  4 19:41:01 ovzhost sshd[908]: pam_unix(sshd:auth): authentication failure; logname= uid=0 euid=0 tty=ssh ruser= rhost=58.218.199.49  user=root
Apr  4 19:41:03 ovzhost sshd[908]: Failed password for root from 58.218.199.49 port 50389 ssh2
Apr  4 19:41:07 ovzhost sshd[908]: message repeated 2 times: [ Failed password for root from 58.218.199.49 port 50389 ssh2]
Apr  4 19:41:08 ovzhost sshd[908]: Received disconnect from 58.218.199.49: 11:  [preauth]
Apr  4 19:41:08 ovzhost sshd[908]: PAM 2 more authentication failures; logname= uid=0 euid=0 tty=ssh ruser= rhost=58.218.199.49  user=root
Apr  4 19:42:40 ovzhost sshd[917]: Connection closed by 127.0.0.1 [preauth]
Apr  4 19:45:29 ovzhost sshd[932]: Connection closed by 128.8.37.104 [preauth]
Apr  4 19:47:40 ovzhost sshd[942]: Connection closed by 127.0.0.1 [preauth]
Apr  4 19:52:40 ovzhost sshd[962]: Connection closed by 127.0.0.1 [preauth]
Apr  4 19:55:27 ovzhost sshd[977]: Connection closed by 128.8.37.104 [preauth]
Apr  4 19:57:40 ovzhost sshd[987]: Connection closed by 127.0.0.1 [preauth]
Apr  4 20:00:01 ovzhost CRON[998]: pam_env(cron:session): Unable to open env file: /etc/default/locale: No such file or directory
Apr  4 20:00:01 ovzhost CRON[998]: pam_unix(cron:session): session opened for user smmsp by (uid=0)
Apr  4 20:00:01 ovzhost CRON[998]: pam_unix(cron:session): session closed for user smmsp
Apr  4 20:02:40 ovzhost sshd[1033]: Connection closed by 127.0.0.1 [preauth]
Apr  4 20:05:27 ovzhost sshd[1048]: Connection closed by 128.8.37.104 [preauth]
Apr  4 20:07:38 ovzhost sshd[1058]: Connection closed by 127.0.0.1 [preauth]
Apr  4 20:09:01 ovzhost CRON[1068]: pam_env(cron:session): Unable to open env file: /etc/default/locale: No such file or directory
Apr  4 20:09:01 ovzhost CRON[1069]: pam_env(cron:session): Unable to open env file: /etc/default/locale: No such file or directory
Apr  4 20:09:01 ovzhost CRON[1068]: pam_unix(cron:session): session opened for user root by (uid=0)
Apr  4 20:09:01 ovzhost CRON[1069]: pam_unix(cron:session): session opened for user root by (uid=0)
Apr  4 20:09:01 ovzhost CRON[1068]: pam_unix(cron:session): session closed for user root
Apr  4 20:09:01 ovzhost CRON[1069]: pam_unix(cron:session): session closed for user root
Apr  4 20:12:17 ovzhost sshd[1092]: pam_unix(sshd:auth): authentication failure; logname= uid=0 euid=0 tty=ssh ruser= rhost=58.218.199.49  user=root
Apr  4 20:12:17 ovzhost sshd[1090]: pam_unix(sshd:auth): authentication failure; logname= uid=0 euid=0 tty=ssh ruser= rhost=58.218.204.245  user=root
Apr  4 20:12:19 ovzhost sshd[1092]: Failed password for root from 58.218.199.49 port 55079 ssh2
Apr  4 20:12:20 ovzhost sshd[1090]: Failed password for root from 58.218.204.245 port 56119 ssh2
Apr  4 20:12:23 ovzhost sshd[1092]: message repeated 2 times: [ Failed password for root from 58.218.199.49 port 55079 ssh2]
Apr  4 20:12:24 ovzhost sshd[1092]: Received disconnect from 58.218.199.49: 11:  [preauth]
Apr  4 20:12:24 ovzhost sshd[1092]: PAM 2 more authentication failures; logname= uid=0 euid=0 tty=ssh ruser= rhost=58.218.199.49  user=root
Apr  4 20:12:24 ovzhost sshd[1090]: message repeated 2 times: [ Failed password for root from 58.218.204.245 port 56119 ssh2]
Apr  4 20:12:24 ovzhost sshd[1090]: Received disconnect from 58.218.204.245: 11:  [preauth]
Apr  4 20:12:24 ovzhost sshd[1090]: PAM 2 more authentication failures; logname= uid=0 euid=0 tty=ssh ruser= rhost=58.218.204.245  user=root
Apr  4 20:12:25 ovzhost sshd[1094]: pam_unix(sshd:auth): authentication failure; logname= uid=0 euid=0 tty=ssh ruser= rhost=58.218.199.49  user=root
Apr  4 20:12:26 ovzhost sshd[1097]: pam_unix(sshd:auth): authentication failure; logname= uid=0 euid=0 tty=ssh ruser= rhost=58.218.204.245  user=root
Apr  4 20:12:27 ovzhost sshd[1097]: Failed password for root from 58.218.204.245 port 46946 ssh2
Apr  4 20:12:28 ovzhost sshd[1094]: Failed password for root from 58.218.199.49 port 42830 ssh2
Apr  4 20:12:32 ovzhost sshd[1097]: message repeated 2 times: [ Failed password for root from 58.218.204.245 port 46946 ssh2]
Apr  4 20:12:32 ovzhost sshd[1097]: Received disconnect from 58.218.204.245: 11:  [preauth]
Apr  4 20:12:32 ovzhost sshd[1097]: PAM 2 more authentication failures; logname= uid=0 euid=0 tty=ssh ruser= rhost=58.218.204.245  user=root
Apr  4 20:12:32 ovzhost sshd[1094]: message repeated 2 times: [ Failed password for root from 58.218.199.49 port 42830 ssh2]
Apr  4 20:12:32 ovzhost sshd[1094]: Received disconnect from 58.218.199.49: 11:  [preauth]
Apr  4 20:12:32 ovzhost sshd[1094]: PAM 2 more authentication failures; logname= uid=0 euid=0 tty=ssh ruser= rhost=58.218.199.49  user=root
Apr  4 20:12:34 ovzhost sshd[1099]: pam_unix(sshd:auth): authentication failure; logname= uid=0 euid=0 tty=ssh ruser= rhost=58.218.204.245  user=root
Apr  4 20:12:34 ovzhost sshd[1101]: pam_unix(sshd:auth): authentication failure; logname= uid=0 euid=0 tty=ssh ruser= rhost=58.218.199.49  user=root
Apr  4 20:12:35 ovzhost sshd[1099]: Failed password for root from 58.218.204.245 port 33030 ssh2
Apr  4 20:12:36 ovzhost sshd[1101]: Failed password for root from 58.218.199.49 port 58675 ssh2
Apr  4 20:12:38 ovzhost sshd[1104]: Connection closed by 127.0.0.1 [preauth]
Apr  4 20:12:39 ovzhost sshd[1099]: message repeated 2 times: [ Failed password for root from 58.218.204.245 port 33030 ssh2]
Apr  4 20:12:39 ovzhost sshd[1099]: Received disconnect from 58.218.204.245: 11:  [preauth]
Apr  4 20:12:39 ovzhost sshd[1099]: PAM 2 more authentication failures; logname= uid=0 euid=0 tty=ssh ruser= rhost=58.218.204.245  user=root
Apr  4 20:12:39 ovzhost sshd[1101]: message repeated 2 times: [ Failed password for root from 58.218.199.49 port 58675 ssh2]
Apr  4 20:12:40 ovzhost sshd[1101]: Received disconnect from 58.218.199.49: 11:  [preauth]
Apr  4 20:12:40 ovzhost sshd[1101]: PAM 2 more authentication failures; logname= uid=0 euid=0 tty=ssh ruser= rhost=58.218.199.49  user=root
Apr  4 20:12:41 ovzhost sshd[1106]: pam_unix(sshd:auth): authentication failure; logname= uid=0 euid=0 tty=ssh ruser= rhost=58.218.199.49  user=root
Apr  4 20:12:42 ovzhost sshd[1108]: pam_unix(sshd:auth): authentication failure; logname= uid=0 euid=0 tty=ssh ruser= rhost=58.218.204.245  user=root
Apr  4 20:12:43 ovzhost sshd[1106]: Failed password for root from 58.218.199.49 port 45075 ssh2
Apr  4 20:12:44 ovzhost sshd[1108]: Failed password for root from 58.218.204.245 port 47099 ssh2
Apr  4 20:12:48 ovzhost sshd[1106]: message repeated 2 times: [ Failed password for root from 58.218.199.49 port 45075 ssh2]
Apr  4 20:12:48 ovzhost sshd[1106]: Received disconnect from 58.218.199.49: 11:  [preauth]
Apr  4 20:12:48 ovzhost sshd[1106]: PAM 2 more authentication failures; logname= uid=0 euid=0 tty=ssh ruser= rhost=58.218.199.49  user=root
Apr  4 20:12:49 ovzhost sshd[1108]: message repeated 2 times: [ Failed password for root from 58.218.204.245 port 47099 ssh2]
Apr  4 20:12:49 ovzhost sshd[1108]: Received disconnect from 58.218.204.245: 11:  [preauth]
Apr  4 20:12:49 ovzhost sshd[1108]: PAM 2 more authentication failures; logname= uid=0 euid=0 tty=ssh ruser= rhost=58.218.204.245  user=root
Apr  4 20:12:50 ovzhost sshd[1110]: pam_unix(sshd:auth): authentication failure; logname= uid=0 euid=0 tty=ssh ruser= rhost=58.218.199.49  user=root
Apr  4 20:12:51 ovzhost sshd[1110]: Failed password for root from 58.218.199.49 port 60576 ssh2
Apr  4 20:12:51 ovzhost sshd[1112]: pam_unix(sshd:auth): authentication failure; logname= uid=0 euid=0 tty=ssh ruser= rhost=58.218.204.245  user=root
Apr  4 20:12:54 ovzhost sshd[1112]: Failed password for root from 58.218.204.245 port 36115 ssh2
Apr  4 20:12:56 ovzhost sshd[1110]: message repeated 2 times: [ Failed password for root from 58.218.199.49 port 60576 ssh2]
Apr  4 20:12:56 ovzhost sshd[1110]: Received disconnect from 58.218.199.49: 11:  [preauth]
Apr  4 20:12:56 ovzhost sshd[1110]: PAM 2 more authentication failures; logname= uid=0 euid=0 tty=ssh ruser= rhost=58.218.199.49  user=root
Apr  4 20:12:58 ovzhost sshd[1115]: pam_unix(sshd:auth): authentication failure; logname= uid=0 euid=0 tty=ssh ruser= rhost=58.218.199.49  user=root
Apr  4 20:12:58 ovzhost sshd[1112]: message repeated 2 times: [ Failed password for root from 58.218.204.245 port 36115 ssh2]
Apr  4 20:12:58 ovzhost sshd[1112]: Received disconnect from 58.218.204.245: 11:  [preauth]
Apr  4 20:12:58 ovzhost sshd[1112]: PAM 2 more authentication failures; logname= uid=0 euid=0 tty=ssh ruser= rhost=58.218.204.245  user=root
Apr  4 20:13:00 ovzhost sshd[1115]: Failed password for root from 58.218.199.49 port 48571 ssh2
Apr  4 20:13:00 ovzhost sshd[1120]: pam_unix(sshd:auth): authentication failure; logname= uid=0 euid=0 tty=ssh ruser= rhost=58.218.204.245  user=root
Apr  4 20:13:02 ovzhost sshd[1120]: Failed password for root from 58.218.204.245 port 53360 ssh2
Apr  4 20:13:04 ovzhost sshd[1115]: message repeated 2 times: [ Failed password for root from 58.218.199.49 port 48571 ssh2]
Apr  4 20:13:05 ovzhost sshd[1115]: Received disconnect from 58.218.199.49: 11:  [preauth]
Apr  4 20:13:05 ovzhost sshd[1115]: PAM 2 more authentication failures; logname= uid=0 euid=0 tty=ssh ruser= rhost=58.218.199.49  user=root
Apr  4 20:13:06 ovzhost sshd[1122]: pam_unix(sshd:auth): authentication failure; logname= uid=0 euid=0 tty=ssh ruser= rhost=58.218.199.49  user=root
Apr  4 20:13:06 ovzhost sshd[1120]: message repeated 2 times: [ Failed password for root from 58.218.204.245 port 53360 ssh2]
Apr  4 20:13:07 ovzhost sshd[1120]: Received disconnect from 58.218.204.245: 11:  [preauth]
Apr  4 20:13:07 ovzhost sshd[1120]: PAM 2 more authentication failures; logname= uid=0 euid=0 tty=ssh ruser= rhost=58.218.204.245  user=root
Apr  4 20:13:08 ovzhost sshd[1122]: Failed password for root from 58.218.199.49 port 37582 ssh2
Apr  4 20:13:09 ovzhost sshd[1124]: pam_unix(sshd:auth): authentication failure; logname= uid=0 euid=0 tty=ssh ruser= rhost=58.218.204.245  user=root
Apr  4 20:13:11 ovzhost sshd[1124]: Failed password for root from 58.218.204.245 port 41566 ssh2
Apr  4 20:13:12 ovzhost sshd[1122]: message repeated 2 times: [ Failed password for root from 58.218.199.49 port 37582 ssh2]
Apr  4 20:13:12 ovzhost sshd[1122]: Received disconnect from 58.218.199.49: 11:  [preauth]
Apr  4 20:13:12 ovzhost sshd[1122]: PAM 2 more authentication failures; logname= uid=0 euid=0 tty=ssh ruser= rhost=58.218.199.49  user=root
Apr  4 20:13:14 ovzhost sshd[1126]: pam_unix(sshd:auth): authentication failure; logname= uid=0 euid=0 tty=ssh ruser= rhost=58.218.199.49  user=root
Apr  4 20:13:15 ovzhost sshd[1124]: message repeated 2 times: [ Failed password for root from 58.218.204.245 port 41566 ssh2]
Apr  4 20:13:15 ovzhost sshd[1124]: Received disconnect from 58.218.204.245: 11:  [preauth]
Apr  4 20:13:15 ovzhost sshd[1124]: PAM 2 more authentication failures; logname= uid=0 euid=0 tty=ssh ruser= rhost=58.218.204.245  user=root
Apr  4 20:13:16 ovzhost sshd[1126]: Failed password for root from 58.218.199.49 port 53156 ssh2
Apr  4 20:13:19 ovzhost sshd[1128]: pam_unix(sshd:auth): authentication failure; logname= uid=0 euid=0 tty=ssh ruser= rhost=58.218.204.245  user=root
Apr  4 20:13:20 ovzhost sshd[1126]: message repeated 2 times: [ Failed password for root from 58.218.199.49 port 53156 ssh2]
Apr  4 20:13:21 ovzhost sshd[1126]: Received disconnect from 58.218.199.49: 11:  [preauth]
Apr  4 20:13:21 ovzhost sshd[1126]: PAM 2 more authentication failures; logname= uid=0 euid=0 tty=ssh ruser= rhost=58.218.199.49  user=root
Apr  4 20:13:21 ovzhost sshd[1128]: Failed password for root from 58.218.204.245 port 57616 ssh2
Apr  4 20:13:22 ovzhost sshd[1130]: pam_unix(sshd:auth): authentication failure; logname= uid=0 euid=0 tty=ssh ruser= rhost=58.218.199.49  user=root
Apr  4 20:13:24 ovzhost sshd[1130]: Failed password for root from 58.218.199.49 port 40893 ssh2
Apr  4 20:13:25 ovzhost sshd[1128]: message repeated 2 times: [ Failed password for root from 58.218.204.245 port 57616 ssh2]
Apr  4 20:13:26 ovzhost sshd[1128]: Received disconnect from 58.218.204.245: 11:  [preauth]
Apr  4 20:13:26 ovzhost sshd[1128]: PAM 2 more authentication failures; logname= uid=0 euid=0 tty=ssh ruser= rhost=58.218.204.245  user=root
Apr  4 20:13:28 ovzhost sshd[1136]: pam_unix(sshd:auth): authentication failure; logname= uid=0 euid=0 tty=ssh ruser= rhost=58.218.204.245  user=root
Apr  4 20:13:29 ovzhost sshd[1130]: message repeated 2 times: [ Failed password for root from 58.218.199.49 port 40893 ssh2]
Apr  4 20:13:29 ovzhost sshd[1130]: Received disconnect from 58.218.199.49: 11:  [preauth]
Apr  4 20:13:29 ovzhost sshd[1130]: PAM 2 more authentication failures; logname= uid=0 euid=0 tty=ssh ruser= rhost=58.218.199.49  user=root
Apr  4 20:13:30 ovzhost sshd[1136]: Failed password for root from 58.218.204.245 port 48442 ssh2
Apr  4 20:13:31 ovzhost sshd[1138]: pam_unix(sshd:auth): authentication failure; logname= uid=0 euid=0 tty=ssh ruser= rhost=58.218.199.49  user=root
Apr  4 20:13:33 ovzhost sshd[1138]: Failed password for root from 58.218.199.49 port 56765 ssh2
Apr  4 20:13:35 ovzhost sshd[1136]: message repeated 2 times: [ Failed password for root from 58.218.204.245 port 48442 ssh2]
Apr  4 20:13:35 ovzhost sshd[1136]: Received disconnect from 58.218.204.245: 11:  [preauth]
Apr  4 20:13:35 ovzhost sshd[1136]: PAM 2 more authentication failures; logname= uid=0 euid=0 tty=ssh ruser= rhost=58.218.204.245  user=root
Apr  4 20:13:37 ovzhost sshd[1138]: message repeated 2 times: [ Failed password for root from 58.218.199.49 port 56765 ssh2]
Apr  4 20:13:37 ovzhost sshd[1138]: Received disconnect from 58.218.199.49: 11:  [preauth]
Apr  4 20:13:37 ovzhost sshd[1138]: PAM 2 more authentication failures; logname= uid=0 euid=0 tty=ssh ruser= rhost=58.218.199.49  user=root
Apr  4 20:13:38 ovzhost sshd[1140]: pam_unix(sshd:auth): authentication failure; logname= uid=0 euid=0 tty=ssh ruser= rhost=58.218.204.245  user=root
Apr  4 20:13:39 ovzhost sshd[1142]: pam_unix(sshd:auth): authentication failure; logname= uid=0 euid=0 tty=ssh ruser= rhost=58.218.199.49  user=root
Apr  4 20:13:40 ovzhost sshd[1140]: Failed password for root from 58.218.204.245 port 37158 ssh2
Apr  4 20:13:40 ovzhost sshd[1142]: Failed password for root from 58.218.199.49 port 44159 ssh2
Apr  4 20:13:44 ovzhost sshd[1142]: message repeated 2 times: [ Failed password for root from 58.218.199.49 port 44159 ssh2]
Apr  4 20:13:45 ovzhost sshd[1142]: Received disconnect from 58.218.199.49: 11:  [preauth]
Apr  4 20:13:45 ovzhost sshd[1142]: PAM 2 more authentication failures; logname= uid=0 euid=0 tty=ssh ruser= rhost=58.218.199.49  user=root
Apr  4 20:13:45 ovzhost sshd[1140]: message repeated 2 times: [ Failed password for root from 58.218.204.245 port 37158 ssh2]
Apr  4 20:13:45 ovzhost sshd[1140]: Received disconnect from 58.218.204.245: 11:  [preauth]
Apr  4 20:13:45 ovzhost sshd[1140]: PAM 2 more authentication failures; logname= uid=0 euid=0 tty=ssh ruser= rhost=58.218.204.245  user=root
Apr  4 20:13:46 ovzhost sshd[1144]: pam_unix(sshd:auth): authentication failure; logname= uid=0 euid=0 tty=ssh ruser= rhost=58.218.199.49  user=root
Apr  4 20:13:48 ovzhost sshd[1146]: pam_unix(sshd:auth): authentication failure; logname= uid=0 euid=0 tty=ssh ruser= rhost=58.218.204.245  user=root
Apr  4 20:13:48 ovzhost sshd[1144]: Failed password for root from 58.218.199.49 port 37601 ssh2
Apr  4 20:13:50 ovzhost sshd[1146]: Failed password for root from 58.218.204.245 port 56228 ssh2
Apr  4 20:13:52 ovzhost sshd[1144]: message repeated 2 times: [ Failed password for root from 58.218.199.49 port 37601 ssh2]
Apr  4 20:13:52 ovzhost sshd[1144]: Received disconnect from 58.218.199.49: 11:  [preauth]
Apr  4 20:13:52 ovzhost sshd[1144]: PAM 2 more authentication failures; logname= uid=0 euid=0 tty=ssh ruser= rhost=58.218.199.49  user=root
Apr  4 20:13:54 ovzhost sshd[1148]: pam_unix(sshd:auth): authentication failure; logname= uid=0 euid=0 tty=ssh ruser= rhost=58.218.199.49  user=root
Apr  4 20:13:54 ovzhost sshd[1146]: message repeated 2 times: [ Failed password for root from 58.218.204.245 port 56228 ssh2]
Apr  4 20:13:54 ovzhost sshd[1146]: Received disconnect from 58.218.204.245: 11:  [preauth]
Apr  4 20:13:54 ovzhost sshd[1146]: PAM 2 more authentication failures; logname= uid=0 euid=0 tty=ssh ruser= rhost=58.218.204.245  user=root
Apr  4 20:13:56 ovzhost sshd[1150]: pam_unix(sshd:auth): authentication failure; logname= uid=0 euid=0 tty=ssh ruser= rhost=58.218.204.245  user=root
Apr  4 20:13:56 ovzhost sshd[1148]: Failed password for root from 58.218.199.49 port 51729 ssh2
Apr  4 20:13:58 ovzhost sshd[1150]: Failed password for root from 58.218.204.245 port 44540 ssh2
Apr  4 20:14:00 ovzhost sshd[1148]: message repeated 2 times: [ Failed password for root from 58.218.199.49 port 51729 ssh2]
Apr  4 20:14:00 ovzhost sshd[1148]: Received disconnect from 58.218.199.49: 11:  [preauth]
Apr  4 20:14:00 ovzhost sshd[1148]: PAM 2 more authentication failures; logname= uid=0 euid=0 tty=ssh ruser= rhost=58.218.199.49  user=root
Apr  4 20:14:02 ovzhost sshd[1154]: pam_unix(sshd:auth): authentication failure; logname= uid=0 euid=0 tty=ssh ruser= rhost=58.218.199.49  user=root
Apr  4 20:14:02 ovzhost sshd[1150]: message repeated 2 times: [ Failed password for root from 58.218.204.245 port 44540 ssh2]
Apr  4 20:14:02 ovzhost sshd[1150]: Received disconnect from 58.218.204.245: 11:  [preauth]
Apr  4 20:14:02 ovzhost sshd[1150]: PAM 2 more authentication failures; logname= uid=0 euid=0 tty=ssh ruser= rhost=58.218.204.245  user=root
Apr  4 20:14:04 ovzhost sshd[1154]: Failed password for root from 58.218.199.49 port 38705 ssh2
Apr  4 20:14:05 ovzhost sshd[1156]: pam_unix(sshd:auth): authentication failure; logname= uid=0 euid=0 tty=ssh ruser= rhost=58.218.204.245  user=root
Apr  4 20:14:07 ovzhost sshd[1156]: Failed password for root from 58.218.204.245 port 59282 ssh2
Apr  4 20:14:08 ovzhost sshd[1154]: message repeated 2 times: [ Failed password for root from 58.218.199.49 port 38705 ssh2]
Apr  4 20:14:08 ovzhost sshd[1154]: Received disconnect from 58.218.199.49: 11:  [preauth]
Apr  4 20:14:08 ovzhost sshd[1154]: PAM 2 more authentication failures; logname= uid=0 euid=0 tty=ssh ruser= rhost=58.218.199.49  user=root
Apr  4 20:14:10 ovzhost sshd[1158]: pam_unix(sshd:auth): authentication failure; logname= uid=0 euid=0 tty=ssh ruser= rhost=58.218.199.49  user=root
Apr  4 20:14:12 ovzhost sshd[1156]: message repeated 2 times: [ Failed password for root from 58.218.204.245 port 59282 ssh2]
Apr  4 20:14:12 ovzhost sshd[1156]: Received disconnect from 58.218.204.245: 11:  [preauth]
Apr  4 20:14:12 ovzhost sshd[1156]: PAM 2 more authentication failures; logname= uid=0 euid=0 tty=ssh ruser= rhost=58.218.204.245  user=root
Apr  4 20:14:12 ovzhost sshd[1158]: Failed password for root from 58.218.199.49 port 54391 ssh2
Apr  4 20:14:14 ovzhost sshd[1160]: pam_unix(sshd:auth): authentication failure; logname= uid=0 euid=0 tty=ssh ruser= rhost=58.218.204.245  user=root
Apr  4 20:14:15 ovzhost sshd[1160]: Failed password for root from 58.218.204.245 port 48301 ssh2
Apr  4 20:14:17 ovzhost sshd[1158]: message repeated 2 times: [ Failed password for root from 58.218.199.49 port 54391 ssh2]
Apr  4 20:14:17 ovzhost sshd[1158]: Received disconnect from 58.218.199.49: 11:  [preauth]
Apr  4 20:14:17 ovzhost sshd[1158]: PAM 2 more authentication failures; logname= uid=0 euid=0 tty=ssh ruser= rhost=58.218.199.49  user=root
Apr  4 20:14:19 ovzhost sshd[1162]: pam_unix(sshd:auth): authentication failure; logname= uid=0 euid=0 tty=ssh ruser= rhost=58.218.199.49  user=root
Apr  4 20:14:19 ovzhost sshd[1160]: message repeated 2 times: [ Failed password for root from 58.218.204.245 port 48301 ssh2]
Apr  4 20:14:20 ovzhost sshd[1160]: Received disconnect from 58.218.204.245: 11:  [preauth]
Apr  4 20:14:20 ovzhost sshd[1160]: PAM 2 more authentication failures; logname= uid=0 euid=0 tty=ssh ruser= rhost=58.218.204.245  user=root
Apr  4 20:14:21 ovzhost sshd[1162]: Failed password for root from 58.218.199.49 port 42401 ssh2
Apr  4 20:14:22 ovzhost sshd[1164]: pam_unix(sshd:auth): authentication failure; logname= uid=0 euid=0 tty=ssh ruser= rhost=58.218.204.245  user=root
Apr  4 20:14:24 ovzhost sshd[1164]: Failed password for root from 58.218.204.245 port 34160 ssh2
Apr  4 20:14:25 ovzhost sshd[1162]: message repeated 2 times: [ Failed password for root from 58.218.199.49 port 42401 ssh2]
Apr  4 20:14:25 ovzhost sshd[1162]: Received disconnect from 58.218.199.49: 11:  [preauth]
Apr  4 20:14:25 ovzhost sshd[1162]: PAM 2 more authentication failures; logname= uid=0 euid=0 tty=ssh ruser= rhost=58.218.199.49  user=root
Apr  4 20:14:27 ovzhost sshd[1166]: pam_unix(sshd:auth): authentication failure; logname= uid=0 euid=0 tty=ssh ruser= rhost=58.218.199.49  user=root
Apr  4 20:14:28 ovzhost sshd[1164]: message repeated 2 times: [ Failed password for root from 58.218.204.245 port 34160 ssh2]
Apr  4 20:14:28 ovzhost sshd[1164]: Received disconnect from 58.218.204.245: 11:  [preauth]
Apr  4 20:14:28 ovzhost sshd[1164]: PAM 2 more authentication failures; logname= uid=0 euid=0 tty=ssh ruser= rhost=58.218.204.245  user=root
Apr  4 20:14:29 ovzhost sshd[1166]: Failed password for root from 58.218.199.49 port 58776 ssh2
Apr  4 20:14:31 ovzhost sshd[1169]: pam_unix(sshd:auth): authentication failure; logname= uid=0 euid=0 tty=ssh ruser= rhost=58.218.204.245  user=root
Apr  4 20:14:33 ovzhost sshd[1169]: Failed password for root from 58.218.204.245 port 49914 ssh2
Apr  4 20:14:33 ovzhost sshd[1166]: message repeated 2 times: [ Failed password for root from 58.218.199.49 port 58776 ssh2]
Apr  4 20:14:34 ovzhost sshd[1166]: Received disconnect from 58.218.199.49: 11:  [preauth]
Apr  4 20:14:34 ovzhost sshd[1166]: PAM 2 more authentication failures; logname= uid=0 euid=0 tty=ssh ruser= rhost=58.218.199.49  user=root
Apr  4 20:14:35 ovzhost sshd[1171]: pam_unix(sshd:auth): authentication failure; logname= uid=0 euid=0 tty=ssh ruser= rhost=58.218.199.49  user=root
Apr  4 20:14:38 ovzhost sshd[1171]: Failed password for root from 58.218.199.49 port 46155 ssh2
Apr  4 20:14:39 ovzhost sshd[1169]: message repeated 2 times: [ Failed password for root from 58.218.204.245 port 49914 ssh2]
Apr  4 20:14:39 ovzhost sshd[1169]: Received disconnect from 58.218.204.245: 11:  [preauth]
Apr  4 20:14:39 ovzhost sshd[1169]: PAM 2 more authentication failures; logname= uid=0 euid=0 tty=ssh ruser= rhost=58.218.204.245  user=root
Apr  4 20:14:41 ovzhost sshd[1173]: pam_unix(sshd:auth): authentication failure; logname= uid=0 euid=0 tty=ssh ruser= rhost=58.218.204.245  user=root
Apr  4 20:14:41 ovzhost sshd[1171]: message repeated 2 times: [ Failed password for root from 58.218.199.49 port 46155 ssh2]
Apr  4 20:14:42 ovzhost sshd[1171]: Received disconnect from 58.218.199.49: 11:  [preauth]
Apr  4 20:14:42 ovzhost sshd[1171]: PAM 2 more authentication failures; logname= uid=0 euid=0 tty=ssh ruser= rhost=58.218.199.49  user=root
Apr  4 20:14:42 ovzhost sshd[1173]: Failed password for root from 58.218.204.245 port 41909 ssh2
Apr  4 20:14:43 ovzhost sshd[1175]: pam_unix(sshd:auth): authentication failure; logname= uid=0 euid=0 tty=ssh ruser= rhost=58.218.199.49  user=root
Apr  4 20:14:46 ovzhost sshd[1175]: Failed password for root from 58.218.199.49 port 32966 ssh2
Apr  4 20:14:47 ovzhost sshd[1173]: message repeated 2 times: [ Failed password for root from 58.218.204.245 port 41909 ssh2]
Apr  4 20:14:47 ovzhost sshd[1173]: Received disconnect from 58.218.204.245: 11:  [preauth]
Apr  4 20:14:47 ovzhost sshd[1173]: PAM 2 more authentication failures; logname= uid=0 euid=0 tty=ssh ruser= rhost=58.218.204.245  user=root
Apr  4 20:14:50 ovzhost sshd[1177]: pam_unix(sshd:auth): authentication failure; logname= uid=0 euid=0 tty=ssh ruser= rhost=58.218.204.245  user=root
Apr  4 20:14:50 ovzhost sshd[1175]: message repeated 2 times: [ Failed password for root from 58.218.199.49 port 32966 ssh2]
Apr  4 20:14:51 ovzhost sshd[1175]: Received disconnect from 58.218.199.49: 11:  [preauth]
Apr  4 20:14:51 ovzhost sshd[1175]: PAM 2 more authentication failures; logname= uid=0 euid=0 tty=ssh ruser= rhost=58.218.199.49  user=root
Apr  4 20:14:52 ovzhost sshd[1177]: Failed password for root from 58.218.204.245 port 57156 ssh2
Apr  4 20:14:52 ovzhost sshd[1179]: pam_unix(sshd:auth): authentication failure; logname= uid=0 euid=0 tty=ssh ruser= rhost=58.218.199.49  user=root
Apr  4 20:14:54 ovzhost sshd[1179]: Failed password for root from 58.218.199.49 port 50647 ssh2
Apr  4 20:14:56 ovzhost sshd[1177]: message repeated 2 times: [ Failed password for root from 58.218.204.245 port 57156 ssh2]
Apr  4 20:14:56 ovzhost sshd[1177]: Received disconnect from 58.218.204.245: 11:  [preauth]
Apr  4 20:14:56 ovzhost sshd[1177]: PAM 2 more authentication failures; logname= uid=0 euid=0 tty=ssh ruser= rhost=58.218.204.245  user=root
Apr  4 20:14:58 ovzhost sshd[1181]: pam_unix(sshd:auth): authentication failure; logname= uid=0 euid=0 tty=ssh ruser= rhost=58.218.204.245  user=root
Apr  4 20:14:58 ovzhost sshd[1179]: message repeated 2 times: [ Failed password for root from 58.218.199.49 port 50647 ssh2]
Apr  4 20:14:59 ovzhost sshd[1179]: Received disconnect from 58.218.199.49: 11:  [preauth]
Apr  4 20:14:59 ovzhost sshd[1179]: PAM 2 more authentication failures; logname= uid=0 euid=0 tty=ssh ruser= rhost=58.218.199.49  user=root
Apr  4 20:15:00 ovzhost sshd[1184]: pam_unix(sshd:auth): authentication failure; logname= uid=0 euid=0 tty=ssh ruser= rhost=58.218.199.49  user=root
Apr  4 20:15:00 ovzhost sshd[1181]: Failed password for root from 58.218.204.245 port 45626 ssh2
Apr  4 20:15:02 ovzhost sshd[1184]: Failed password for root from 58.218.199.49 port 38413 ssh2
Apr  4 20:15:04 ovzhost sshd[1181]: message repeated 2 times: [ Failed password for root from 58.218.204.245 port 45626 ssh2]
Apr  4 20:15:05 ovzhost sshd[1181]: Received disconnect from 58.218.204.245: 11:  [preauth]
Apr  4 20:15:05 ovzhost sshd[1181]: PAM 2 more authentication failures; logname= uid=0 euid=0 tty=ssh ruser= rhost=58.218.204.245  user=root
Apr  4 20:15:06 ovzhost sshd[1184]: message repeated 2 times: [ Failed password for root from 58.218.199.49 port 38413 ssh2]
Apr  4 20:15:07 ovzhost sshd[1184]: Received disconnect from 58.218.199.49: 11:  [preauth]
Apr  4 20:15:07 ovzhost sshd[1184]: PAM 2 more authentication failures; logname= uid=0 euid=0 tty=ssh ruser= rhost=58.218.199.49  user=root
Apr  4 20:15:07 ovzhost sshd[1186]: pam_unix(sshd:auth): authentication failure; logname= uid=0 euid=0 tty=ssh ruser= rhost=58.218.204.245  user=root
Apr  4 20:15:08 ovzhost sshd[1188]: pam_unix(sshd:auth): authentication failure; logname= uid=0 euid=0 tty=ssh ruser= rhost=58.218.199.49  user=root
Apr  4 20:15:09 ovzhost sshd[1186]: Failed password for root from 58.218.204.245 port 33013 ssh2
Apr  4 20:15:10 ovzhost sshd[1188]: Failed password for root from 58.218.199.49 port 54499 ssh2
Apr  4 20:15:14 ovzhost sshd[1188]: message repeated 2 times: [ Failed password for root from 58.218.199.49 port 54499 ssh2]
Apr  4 20:15:15 ovzhost sshd[1188]: Received disconnect from 58.218.199.49: 11:  [preauth]
Apr  4 20:15:15 ovzhost sshd[1188]: PAM 2 more authentication failures; logname= uid=0 euid=0 tty=ssh ruser= rhost=58.218.199.49  user=root
Apr  4 20:15:15 ovzhost sshd[1186]: message repeated 2 times: [ Failed password for root from 58.218.204.245 port 33013 ssh2]
Apr  4 20:15:15 ovzhost sshd[1186]: Received disconnect from 58.218.204.245: 11:  [preauth]
Apr  4 20:15:15 ovzhost sshd[1186]: PAM 2 more authentication failures; logname= uid=0 euid=0 tty=ssh ruser= rhost=58.218.204.245  user=root
Apr  4 20:15:16 ovzhost sshd[1190]: pam_unix(sshd:auth): authentication failure; logname= uid=0 euid=0 tty=ssh ruser= rhost=58.218.199.49  user=root
Apr  4 20:15:17 ovzhost sshd[1192]: pam_unix(sshd:auth): authentication failure; logname= uid=0 euid=0 tty=ssh ruser= rhost=58.218.204.245  user=root
Apr  4 20:15:18 ovzhost sshd[1190]: Failed password for root from 58.218.199.49 port 44018 ssh2
Apr  4 20:15:20 ovzhost sshd[1192]: Failed password for root from 58.218.204.245 port 53266 ssh2
Apr  4 20:15:23 ovzhost sshd[1190]: message repeated 2 times: [ Failed password for root from 58.218.199.49 port 44018 ssh2]
Apr  4 20:15:24 ovzhost sshd[1190]: Received disconnect from 58.218.199.49: 11:  [preauth]
Apr  4 20:15:24 ovzhost sshd[1190]: PAM 2 more authentication failures; logname= uid=0 euid=0 tty=ssh ruser= rhost=58.218.199.49  user=root
Apr  4 20:15:25 ovzhost sshd[1194]: pam_unix(sshd:auth): authentication failure; logname= uid=0 euid=0 tty=ssh ruser= rhost=58.218.199.49  user=root
Apr  4 20:15:25 ovzhost sshd[1192]: message repeated 2 times: [ Failed password for root from 58.218.204.245 port 53266 ssh2]
Apr  4 20:15:26 ovzhost sshd[1192]: Received disconnect from 58.218.204.245: 11:  [preauth]
Apr  4 20:15:26 ovzhost sshd[1192]: PAM 2 more authentication failures; logname= uid=0 euid=0 tty=ssh ruser= rhost=58.218.204.245  user=root
Apr  4 20:15:27 ovzhost sshd[1198]: Connection closed by 128.8.37.104 [preauth]
Apr  4 20:15:28 ovzhost sshd[1194]: Failed password for root from 58.218.199.49 port 35385 ssh2
Apr  4 20:15:33 ovzhost sshd[1194]: message repeated 2 times: [ Failed password for root from 58.218.199.49 port 35385 ssh2]
Apr  4 20:15:33 ovzhost sshd[1194]: Received disconnect from 58.218.199.49: 11:  [preauth]
Apr  4 20:15:33 ovzhost sshd[1194]: PAM 2 more authentication failures; logname= uid=0 euid=0 tty=ssh ruser= rhost=58.218.199.49  user=root
Apr  4 20:15:33 ovzhost sshd[1196]: pam_unix(sshd:auth): authentication failure; logname= uid=0 euid=0 tty=ssh ruser= rhost=58.218.204.245  user=root
Apr  4 20:15:35 ovzhost sshd[1201]: pam_unix(sshd:auth): authentication failure; logname= uid=0 euid=0 tty=ssh ruser= rhost=58.218.199.49  user=root
Apr  4 20:15:35 ovzhost sshd[1196]: Failed password for root from 58.218.204.245 port 45629 ssh2
Apr  4 20:15:37 ovzhost sshd[1201]: Failed password for root from 58.218.199.49 port 55899 ssh2
Apr  4 20:15:40 ovzhost sshd[1196]: message repeated 2 times: [ Failed password for root from 58.218.204.245 port 45629 ssh2]
Apr  4 20:15:40 ovzhost sshd[1196]: Received disconnect from 58.218.204.245: 11:  [preauth]
Apr  4 20:15:40 ovzhost sshd[1196]: PAM 2 more authentication failures; logname= uid=0 euid=0 tty=ssh ruser= rhost=58.218.204.245  user=root
Apr  4 20:15:42 ovzhost sshd[1201]: message repeated 2 times: [ Failed password for root from 58.218.199.49 port 55899 ssh2]
Apr  4 20:15:42 ovzhost sshd[1201]: Received disconnect from 58.218.199.49: 11:  [preauth]
Apr  4 20:15:42 ovzhost sshd[1201]: PAM 2 more authentication failures; logname= uid=0 euid=0 tty=ssh ruser= rhost=58.218.199.49  user=root
Apr  4 20:17:38 ovzhost sshd[1211]: Connection closed by 127.0.0.1 [preauth]
Apr  4 20:20:01 ovzhost CRON[1222]: pam_env(cron:session): Unable to open env file: /etc/default/locale: No such file or directory
Apr  4 20:20:01 ovzhost CRON[1222]: pam_unix(cron:session): session opened for user smmsp by (uid=0)
Apr  4 20:20:01 ovzhost CRON[1222]: pam_unix(cron:session): session closed for user smmsp
Apr  4 20:22:38 ovzhost sshd[1257]: Connection closed by 127.0.0.1 [preauth]
Apr  4 20:25:27 ovzhost sshd[1272]: Connection closed by 128.8.37.104 [preauth]
Apr  4 20:27:38 ovzhost sshd[1282]: Connection closed by 127.0.0.1 [preauth]
