Mar 31 17:16:56 ovzhost sudo:     root : unable to resolve host ovzhost
Mar 31 17:16:56 ovzhost sudo:     root : TTY=pts/0 ; PWD=/ ; USER=root ; COMMAND=/usr/bin/less /root/.bash_history
Mar 31 17:16:56 ovzhost sudo: pam_unix(sudo:session): session opened for user root by (uid=0)
Mar 31 17:16:57 ovzhost sudo: pam_unix(sudo:session): session closed for user root
Apr  2 14:31:13 ovzhost sshd[419]: Server listening on 0.0.0.0 port 22.
Apr  2 14:31:13 ovzhost sshd[419]: Server listening on :: port 22.
Apr  2 14:31:13 ovzhost saslauthd[637]: detach_tty      : master pid is: 637
Apr  2 14:31:13 ovzhost saslauthd[637]: ipc_init        : listening on socket: /var/run/saslauthd/mux
Apr  2 14:33:26 ovzhost sshd[797]: Connection closed by 127.0.0.1 [preauth]
Apr 12 03:38:43 ovzhost sshd[787]: Connection closed by 127.0.0.1 [preauth]
Apr 12 03:39:01 ovzhost CRON[791]: pam_env(cron:session): Unable to open env file: /etc/default/locale: No such file or directory
Apr 12 03:39:01 ovzhost CRON[791]: pam_unix(cron:session): session opened for user root by (uid=0)
Apr 12 03:39:02 ovzhost CRON[791]: pam_unix(cron:session): session closed for user root
Apr 12 03:40:01 ovzhost CRON[806]: pam_env(cron:session): Unable to open env file: /etc/default/locale: No such file or directory
Apr 12 03:40:01 ovzhost CRON[806]: pam_unix(cron:session): session opened for user smmsp by (uid=0)
Apr 12 03:40:01 ovzhost CRON[806]: pam_unix(cron:session): session closed for user smmsp
Apr 12 03:40:25 ovzhost sshd[833]: Connection closed by 128.8.37.104 [preauth]
Apr 12 03:42:34 ovzhost sshd[843]: pam_unix(sshd:auth): authentication failure; logname= uid=0 euid=0 tty=ssh ruser= rhost=43.255.190.141  user=root
Apr 12 03:42:35 ovzhost sshd[845]: pam_unix(sshd:auth): authentication failure; logname= uid=0 euid=0 tty=ssh ruser= rhost=43.255.190.119  user=root
Apr 12 03:42:36 ovzhost sshd[843]: Failed password for root from 43.255.190.141 port 39855 ssh2
Apr 12 03:42:36 ovzhost sshd[845]: Failed password for root from 43.255.190.119 port 34824 ssh2
Apr 12 03:42:41 ovzhost sshd[843]: message repeated 2 times: [ Failed password for root from 43.255.190.141 port 39855 ssh2]
Apr 12 03:42:41 ovzhost sshd[843]: Received disconnect from 43.255.190.141: 11:  [preauth]
Apr 12 03:42:41 ovzhost sshd[843]: PAM 2 more authentication failures; logname= uid=0 euid=0 tty=ssh ruser= rhost=43.255.190.141  user=root
Apr 12 03:42:41 ovzhost sshd[845]: message repeated 2 times: [ Failed password for root from 43.255.190.119 port 34824 ssh2]
Apr 12 03:42:41 ovzhost sshd[845]: Received disconnect from 43.255.190.119: 11:  [preauth]
Apr 12 03:42:41 ovzhost sshd[845]: PAM 2 more authentication failures; logname= uid=0 euid=0 tty=ssh ruser= rhost=43.255.190.119  user=root
Apr 12 03:42:41 ovzhost sshd[847]: pam_unix(sshd:auth): authentication failure; logname= uid=0 euid=0 tty=ssh ruser= rhost=43.255.190.141  user=root
Apr 12 03:42:41 ovzhost sshd[849]: pam_unix(sshd:auth): authentication failure; logname= uid=0 euid=0 tty=ssh ruser= rhost=43.255.190.119  user=root
Apr 12 03:42:44 ovzhost sshd[847]: Failed password for root from 43.255.190.141 port 53869 ssh2
Apr 12 03:42:44 ovzhost sshd[849]: Failed password for root from 43.255.190.119 port 51137 ssh2
Apr 12 03:42:47 ovzhost sshd[847]: message repeated 2 times: [ Failed password for root from 43.255.190.141 port 53869 ssh2]
Apr 12 03:42:47 ovzhost sshd[847]: Received disconnect from 43.255.190.141: 11:  [preauth]
Apr 12 03:42:47 ovzhost sshd[847]: PAM 2 more authentication failures; logname= uid=0 euid=0 tty=ssh ruser= rhost=43.255.190.141  user=root
Apr 12 03:42:48 ovzhost sshd[849]: message repeated 2 times: [ Failed password for root from 43.255.190.119 port 51137 ssh2]
Apr 12 03:42:48 ovzhost sshd[849]: Received disconnect from 43.255.190.119: 11:  [preauth]
Apr 12 03:42:48 ovzhost sshd[849]: PAM 2 more authentication failures; logname= uid=0 euid=0 tty=ssh ruser= rhost=43.255.190.119  user=root
Apr 12 03:42:48 ovzhost sshd[851]: pam_unix(sshd:auth): authentication failure; logname= uid=0 euid=0 tty=ssh ruser= rhost=43.255.190.141  user=root
Apr 12 03:42:48 ovzhost sshd[853]: pam_unix(sshd:auth): authentication failure; logname= uid=0 euid=0 tty=ssh ruser= rhost=43.255.190.119  user=root
Apr 12 03:42:51 ovzhost sshd[851]: Failed password for root from 43.255.190.141 port 39261 ssh2
Apr 12 03:42:51 ovzhost sshd[853]: Failed password for root from 43.255.190.119 port 39025 ssh2
Apr 12 03:42:55 ovzhost sshd[851]: message repeated 2 times: [ Failed password for root from 43.255.190.141 port 39261 ssh2]
Apr 12 03:42:55 ovzhost sshd[851]: Received disconnect from 43.255.190.141: 11:  [preauth]
Apr 12 03:42:55 ovzhost sshd[851]: PAM 2 more authentication failures; logname= uid=0 euid=0 tty=ssh ruser= rhost=43.255.190.141  user=root
Apr 12 03:42:56 ovzhost sshd[853]: message repeated 2 times: [ Failed password for root from 43.255.190.119 port 39025 ssh2]
Apr 12 03:42:56 ovzhost sshd[853]: Received disconnect from 43.255.190.119: 11:  [preauth]
Apr 12 03:42:56 ovzhost sshd[853]: PAM 2 more authentication failures; logname= uid=0 euid=0 tty=ssh ruser= rhost=43.255.190.119  user=root
Apr 12 03:42:56 ovzhost sshd[858]: pam_unix(sshd:auth): authentication failure; logname= uid=0 euid=0 tty=ssh ruser= rhost=43.255.190.141  user=root
Apr 12 03:42:56 ovzhost sshd[860]: pam_unix(sshd:auth): authentication failure; logname= uid=0 euid=0 tty=ssh ruser= rhost=43.255.190.119  user=root
Apr 12 03:42:57 ovzhost sshd[858]: Failed password for root from 43.255.190.141 port 55359 ssh2
Apr 12 03:42:58 ovzhost sshd[860]: Failed password for root from 43.255.190.119 port 57659 ssh2
Apr 12 03:43:01 ovzhost sshd[858]: message repeated 2 times: [ Failed password for root from 43.255.190.141 port 55359 ssh2]
Apr 12 03:43:01 ovzhost sshd[858]: Received disconnect from 43.255.190.141: 11:  [preauth]
Apr 12 03:43:01 ovzhost sshd[858]: PAM 2 more authentication failures; logname= uid=0 euid=0 tty=ssh ruser= rhost=43.255.190.141  user=root
Apr 12 03:43:01 ovzhost sshd[860]: message repeated 2 times: [ Failed password for root from 43.255.190.119 port 57659 ssh2]
Apr 12 03:43:01 ovzhost sshd[860]: Received disconnect from 43.255.190.119: 11:  [preauth]
Apr 12 03:43:01 ovzhost sshd[860]: PAM 2 more authentication failures; logname= uid=0 euid=0 tty=ssh ruser= rhost=43.255.190.119  user=root
Apr 12 03:43:01 ovzhost sshd[862]: pam_unix(sshd:auth): authentication failure; logname= uid=0 euid=0 tty=ssh ruser= rhost=43.255.190.141  user=root
Apr 12 03:43:02 ovzhost sshd[864]: pam_unix(sshd:auth): authentication failure; logname= uid=0 euid=0 tty=ssh ruser= rhost=43.255.190.119  user=root
Apr 12 03:43:04 ovzhost sshd[862]: Failed password for root from 43.255.190.141 port 39763 ssh2
Apr 12 03:43:04 ovzhost sshd[864]: Failed password for root from 43.255.190.119 port 42815 ssh2
Apr 12 03:43:08 ovzhost sshd[862]: message repeated 2 times: [ Failed password for root from 43.255.190.141 port 39763 ssh2]
Apr 12 03:43:08 ovzhost sshd[862]: Received disconnect from 43.255.190.141: 11:  [preauth]
Apr 12 03:43:08 ovzhost sshd[862]: PAM 2 more authentication failures; logname= uid=0 euid=0 tty=ssh ruser= rhost=43.255.190.141  user=root
Apr 12 03:43:08 ovzhost sshd[864]: message repeated 2 times: [ Failed password for root from 43.255.190.119 port 42815 ssh2]
Apr 12 03:43:08 ovzhost sshd[864]: Received disconnect from 43.255.190.119: 11:  [preauth]
Apr 12 03:43:08 ovzhost sshd[864]: PAM 2 more authentication failures; logname= uid=0 euid=0 tty=ssh ruser= rhost=43.255.190.119  user=root
Apr 12 03:43:09 ovzhost sshd[866]: pam_unix(sshd:auth): authentication failure; logname= uid=0 euid=0 tty=ssh ruser= rhost=43.255.190.141  user=root
Apr 12 03:43:09 ovzhost sshd[868]: pam_unix(sshd:auth): authentication failure; logname= uid=0 euid=0 tty=ssh ruser= rhost=43.255.190.119  user=root
Apr 12 03:43:11 ovzhost sshd[866]: Failed password for root from 43.255.190.141 port 53917 ssh2
Apr 12 03:43:11 ovzhost sshd[868]: Failed password for root from 43.255.190.119 port 59967 ssh2
Apr 12 03:43:16 ovzhost sshd[866]: message repeated 2 times: [ Failed password for root from 43.255.190.141 port 53917 ssh2]
Apr 12 03:43:16 ovzhost sshd[866]: Received disconnect from 43.255.190.141: 11:  [preauth]
Apr 12 03:43:16 ovzhost sshd[866]: PAM 2 more authentication failures; logname= uid=0 euid=0 tty=ssh ruser= rhost=43.255.190.141  user=root
Apr 12 03:43:16 ovzhost sshd[868]: message repeated 2 times: [ Failed password for root from 43.255.190.119 port 59967 ssh2]
Apr 12 03:43:16 ovzhost sshd[868]: Received disconnect from 43.255.190.119: 11:  [preauth]
Apr 12 03:43:16 ovzhost sshd[868]: PAM 2 more authentication failures; logname= uid=0 euid=0 tty=ssh ruser= rhost=43.255.190.119  user=root
Apr 12 03:43:16 ovzhost sshd[870]: pam_unix(sshd:auth): authentication failure; logname= uid=0 euid=0 tty=ssh ruser= rhost=43.255.190.141  user=root
Apr 12 03:43:16 ovzhost sshd[872]: pam_unix(sshd:auth): authentication failure; logname= uid=0 euid=0 tty=ssh ruser= rhost=43.255.190.119  user=root
Apr 12 03:43:19 ovzhost sshd[870]: Failed password for root from 43.255.190.141 port 41339 ssh2
Apr 12 03:43:19 ovzhost sshd[872]: Failed password for root from 43.255.190.119 port 50025 ssh2
Apr 12 03:43:22 ovzhost sshd[870]: message repeated 2 times: [ Failed password for root from 43.255.190.141 port 41339 ssh2]
Apr 12 03:43:22 ovzhost sshd[870]: Received disconnect from 43.255.190.141: 11:  [preauth]
Apr 12 03:43:22 ovzhost sshd[870]: PAM 2 more authentication failures; logname= uid=0 euid=0 tty=ssh ruser= rhost=43.255.190.141  user=root
Apr 12 03:43:22 ovzhost sshd[872]: message repeated 2 times: [ Failed password for root from 43.255.190.119 port 50025 ssh2]
Apr 12 03:43:22 ovzhost sshd[872]: Received disconnect from 43.255.190.119: 11:  [preauth]
Apr 12 03:43:22 ovzhost sshd[872]: PAM 2 more authentication failures; logname= uid=0 euid=0 tty=ssh ruser= rhost=43.255.190.119  user=root
Apr 12 03:43:23 ovzhost sshd[874]: pam_unix(sshd:auth): authentication failure; logname= uid=0 euid=0 tty=ssh ruser= rhost=43.255.190.141  user=root
Apr 12 03:43:23 ovzhost sshd[876]: pam_unix(sshd:auth): authentication failure; logname= uid=0 euid=0 tty=ssh ruser= rhost=43.255.190.119  user=root
Apr 12 03:43:26 ovzhost sshd[874]: Failed password for root from 43.255.190.141 port 55909 ssh2
Apr 12 03:43:26 ovzhost sshd[876]: Failed password for root from 43.255.190.119 port 37952 ssh2
Apr 12 03:43:29 ovzhost sshd[874]: message repeated 2 times: [ Failed password for root from 43.255.190.141 port 55909 ssh2]
Apr 12 03:43:29 ovzhost sshd[874]: Received disconnect from 43.255.190.141: 11:  [preauth]
Apr 12 03:43:29 ovzhost sshd[874]: PAM 2 more authentication failures; logname= uid=0 euid=0 tty=ssh ruser= rhost=43.255.190.141  user=root
Apr 12 03:43:29 ovzhost sshd[876]: message repeated 2 times: [ Failed password for root from 43.255.190.119 port 37952 ssh2]
Apr 12 03:43:29 ovzhost sshd[876]: Received disconnect from 43.255.190.119: 11:  [preauth]
Apr 12 03:43:29 ovzhost sshd[876]: PAM 2 more authentication failures; logname= uid=0 euid=0 tty=ssh ruser= rhost=43.255.190.119  user=root
Apr 12 03:43:30 ovzhost sshd[878]: pam_unix(sshd:auth): authentication failure; logname= uid=0 euid=0 tty=ssh ruser= rhost=43.255.190.141  user=root
Apr 12 03:43:30 ovzhost sshd[880]: pam_unix(sshd:auth): authentication failure; logname= uid=0 euid=0 tty=ssh ruser= rhost=43.255.190.119  user=root
Apr 12 03:43:32 ovzhost sshd[878]: Failed password for root from 43.255.190.141 port 41146 ssh2
Apr 12 03:43:32 ovzhost sshd[880]: Failed password for root from 43.255.190.119 port 54334 ssh2
Apr 12 03:43:35 ovzhost sshd[878]: message repeated 2 times: [ Failed password for root from 43.255.190.141 port 41146 ssh2]
Apr 12 03:43:35 ovzhost sshd[878]: Received disconnect from 43.255.190.141: 11:  [preauth]
Apr 12 03:43:35 ovzhost sshd[878]: PAM 2 more authentication failures; logname= uid=0 euid=0 tty=ssh ruser= rhost=43.255.190.141  user=root
Apr 12 03:43:35 ovzhost sshd[880]: message repeated 2 times: [ Failed password for root from 43.255.190.119 port 54334 ssh2]
Apr 12 03:43:35 ovzhost sshd[880]: Received disconnect from 43.255.190.119: 11:  [preauth]
Apr 12 03:43:35 ovzhost sshd[880]: PAM 2 more authentication failures; logname= uid=0 euid=0 tty=ssh ruser= rhost=43.255.190.119  user=root
Apr 12 03:43:36 ovzhost sshd[882]: pam_unix(sshd:auth): authentication failure; logname= uid=0 euid=0 tty=ssh ruser= rhost=43.255.190.141  user=root
Apr 12 03:43:36 ovzhost sshd[884]: pam_unix(sshd:auth): authentication failure; logname= uid=0 euid=0 tty=ssh ruser= rhost=43.255.190.119  user=root
Apr 12 03:43:38 ovzhost sshd[882]: Failed password for root from 43.255.190.141 port 54424 ssh2
Apr 12 03:43:38 ovzhost sshd[884]: Failed password for root from 43.255.190.119 port 40899 ssh2
Apr 12 03:43:42 ovzhost sshd[882]: message repeated 2 times: [ Failed password for root from 43.255.190.141 port 54424 ssh2]
Apr 12 03:43:42 ovzhost sshd[882]: Received disconnect from 43.255.190.141: 11:  [preauth]
Apr 12 03:43:42 ovzhost sshd[882]: PAM 2 more authentication failures; logname= uid=0 euid=0 tty=ssh ruser= rhost=43.255.190.141  user=root
Apr 12 03:43:42 ovzhost sshd[884]: message repeated 2 times: [ Failed password for root from 43.255.190.119 port 40899 ssh2]
Apr 12 03:43:42 ovzhost sshd[884]: Received disconnect from 43.255.190.119: 11:  [preauth]
Apr 12 03:43:42 ovzhost sshd[884]: PAM 2 more authentication failures; logname= uid=0 euid=0 tty=ssh ruser= rhost=43.255.190.119  user=root
Apr 12 03:43:43 ovzhost sshd[886]: pam_unix(sshd:auth): authentication failure; logname= uid=0 euid=0 tty=ssh ruser= rhost=43.255.190.141  user=root
Apr 12 03:43:43 ovzhost sshd[888]: pam_unix(sshd:auth): authentication failure; logname= uid=0 euid=0 tty=ssh ruser= rhost=43.255.190.119  user=root
Apr 12 03:43:43 ovzhost sshd[891]: Connection closed by 127.0.0.1 [preauth]
Apr 12 03:43:44 ovzhost sshd[886]: Failed password for root from 43.255.190.141 port 39603 ssh2
Apr 12 03:43:44 ovzhost sshd[888]: Failed password for root from 43.255.190.119 port 56524 ssh2
Apr 12 03:43:48 ovzhost sshd[888]: message repeated 2 times: [ Failed password for root from 43.255.190.119 port 56524 ssh2]
Apr 12 03:43:48 ovzhost sshd[888]: Received disconnect from 43.255.190.119: 11:  [preauth]
Apr 12 03:43:48 ovzhost sshd[888]: PAM 2 more authentication failures; logname= uid=0 euid=0 tty=ssh ruser= rhost=43.255.190.119  user=root
Apr 12 03:43:48 ovzhost sshd[886]: message repeated 2 times: [ Failed password for root from 43.255.190.141 port 39603 ssh2]
Apr 12 03:43:48 ovzhost sshd[886]: Received disconnect from 43.255.190.141: 11:  [preauth]
Apr 12 03:43:48 ovzhost sshd[886]: PAM 2 more authentication failures; logname= uid=0 euid=0 tty=ssh ruser= rhost=43.255.190.141  user=root
Apr 12 03:43:49 ovzhost sshd[893]: pam_unix(sshd:auth): authentication failure; logname= uid=0 euid=0 tty=ssh ruser= rhost=43.255.190.119  user=root
Apr 12 03:43:49 ovzhost sshd[895]: pam_unix(sshd:auth): authentication failure; logname= uid=0 euid=0 tty=ssh ruser= rhost=43.255.190.141  user=root
Apr 12 03:43:51 ovzhost sshd[893]: Failed password for root from 43.255.190.119 port 42783 ssh2
Apr 12 03:43:51 ovzhost sshd[895]: Failed password for root from 43.255.190.141 port 52939 ssh2
Apr 12 03:43:55 ovzhost sshd[893]: message repeated 2 times: [ Failed password for root from 43.255.190.119 port 42783 ssh2]
Apr 12 03:43:55 ovzhost sshd[893]: Received disconnect from 43.255.190.119: 11:  [preauth]
Apr 12 03:43:55 ovzhost sshd[893]: PAM 2 more authentication failures; logname= uid=0 euid=0 tty=ssh ruser= rhost=43.255.190.119  user=root
Apr 12 03:43:55 ovzhost sshd[895]: message repeated 2 times: [ Failed password for root from 43.255.190.141 port 52939 ssh2]
Apr 12 03:43:55 ovzhost sshd[895]: Received disconnect from 43.255.190.141: 11:  [preauth]
Apr 12 03:43:55 ovzhost sshd[895]: PAM 2 more authentication failures; logname= uid=0 euid=0 tty=ssh ruser= rhost=43.255.190.141  user=root
Apr 12 03:43:55 ovzhost sshd[899]: pam_unix(sshd:auth): authentication failure; logname= uid=0 euid=0 tty=ssh ruser= rhost=43.255.190.119  user=root
Apr 12 03:43:55 ovzhost sshd[901]: pam_unix(sshd:auth): authentication failure; logname= uid=0 euid=0 tty=ssh ruser= rhost=43.255.190.141  user=root
Apr 12 03:43:57 ovzhost sshd[899]: Failed password for root from 43.255.190.119 port 58974 ssh2
Apr 12 03:43:57 ovzhost sshd[901]: Failed password for root from 43.255.190.141 port 38779 ssh2
Apr 12 03:44:01 ovzhost sshd[899]: message repeated 2 times: [ Failed password for root from 43.255.190.119 port 58974 ssh2]
Apr 12 03:44:01 ovzhost sshd[899]: Received disconnect from 43.255.190.119: 11:  [preauth]
Apr 12 03:44:01 ovzhost sshd[899]: PAM 2 more authentication failures; logname= uid=0 euid=0 tty=ssh ruser= rhost=43.255.190.119  user=root
Apr 12 03:44:01 ovzhost sshd[901]: message repeated 2 times: [ Failed password for root from 43.255.190.141 port 38779 ssh2]
Apr 12 03:44:01 ovzhost sshd[901]: Received disconnect from 43.255.190.141: 11:  [preauth]
Apr 12 03:44:01 ovzhost sshd[901]: PAM 2 more authentication failures; logname= uid=0 euid=0 tty=ssh ruser= rhost=43.255.190.141  user=root
Apr 12 03:44:02 ovzhost sshd[903]: pam_unix(sshd:auth): authentication failure; logname= uid=0 euid=0 tty=ssh ruser= rhost=43.255.190.119  user=root
Apr 12 03:44:02 ovzhost sshd[905]: pam_unix(sshd:auth): authentication failure; logname= uid=0 euid=0 tty=ssh ruser= rhost=43.255.190.141  user=root
Apr 12 03:44:03 ovzhost sshd[903]: Failed password for root from 43.255.190.119 port 46384 ssh2
Apr 12 03:44:03 ovzhost sshd[905]: Failed password for root from 43.255.190.141 port 52782 ssh2
Apr 12 03:44:07 ovzhost sshd[903]: message repeated 2 times: [ Failed password for root from 43.255.190.119 port 46384 ssh2]
Apr 12 03:44:07 ovzhost sshd[903]: Received disconnect from 43.255.190.119: 11:  [preauth]
Apr 12 03:44:07 ovzhost sshd[903]: PAM 2 more authentication failures; logname= uid=0 euid=0 tty=ssh ruser= rhost=43.255.190.119  user=root
Apr 12 03:44:07 ovzhost sshd[905]: message repeated 2 times: [ Failed password for root from 43.255.190.141 port 52782 ssh2]
Apr 12 03:44:07 ovzhost sshd[905]: Received disconnect from 43.255.190.141: 11:  [preauth]
Apr 12 03:44:07 ovzhost sshd[905]: PAM 2 more authentication failures; logname= uid=0 euid=0 tty=ssh ruser= rhost=43.255.190.141  user=root
Apr 12 03:44:07 ovzhost sshd[907]: pam_unix(sshd:auth): authentication failure; logname= uid=0 euid=0 tty=ssh ruser= rhost=43.255.190.119  user=root
Apr 12 03:44:08 ovzhost sshd[909]: pam_unix(sshd:auth): authentication failure; logname= uid=0 euid=0 tty=ssh ruser= rhost=43.255.190.141  user=root
Apr 12 03:44:09 ovzhost sshd[909]: Failed password for root from 43.255.190.141 port 36568 ssh2
Apr 12 03:44:09 ovzhost sshd[907]: Failed password for root from 43.255.190.119 port 60033 ssh2
Apr 12 03:44:13 ovzhost sshd[909]: message repeated 2 times: [ Failed password for root from 43.255.190.141 port 36568 ssh2]
Apr 12 03:44:13 ovzhost sshd[909]: Received disconnect from 43.255.190.141: 11:  [preauth]
Apr 12 03:44:13 ovzhost sshd[909]: PAM 2 more authentication failures; logname= uid=0 euid=0 tty=ssh ruser= rhost=43.255.190.141  user=root
Apr 12 03:44:13 ovzhost sshd[907]: message repeated 2 times: [ Failed password for root from 43.255.190.119 port 60033 ssh2]
Apr 12 03:44:13 ovzhost sshd[907]: Received disconnect from 43.255.190.119: 11:  [preauth]
Apr 12 03:44:13 ovzhost sshd[907]: PAM 2 more authentication failures; logname= uid=0 euid=0 tty=ssh ruser= rhost=43.255.190.119  user=root
Apr 12 03:44:13 ovzhost sshd[911]: pam_unix(sshd:auth): authentication failure; logname= uid=0 euid=0 tty=ssh ruser= rhost=43.255.190.141  user=root
Apr 12 03:44:14 ovzhost sshd[913]: pam_unix(sshd:auth): authentication failure; logname= uid=0 euid=0 tty=ssh ruser= rhost=43.255.190.119  user=root
Apr 12 03:44:15 ovzhost sshd[913]: Failed password for root from 43.255.190.119 port 47304 ssh2
Apr 12 03:44:16 ovzhost sshd[911]: Failed password for root from 43.255.190.141 port 48434 ssh2
Apr 12 03:44:19 ovzhost sshd[913]: message repeated 2 times: [ Failed password for root from 43.255.190.119 port 47304 ssh2]
Apr 12 03:44:19 ovzhost sshd[913]: Received disconnect from 43.255.190.119: 11:  [preauth]
Apr 12 03:44:19 ovzhost sshd[913]: PAM 2 more authentication failures; logname= uid=0 euid=0 tty=ssh ruser= rhost=43.255.190.119  user=root
Apr 12 03:44:20 ovzhost sshd[911]: message repeated 2 times: [ Failed password for root from 43.255.190.141 port 48434 ssh2]
Apr 12 03:44:20 ovzhost sshd[911]: Received disconnect from 43.255.190.141: 11:  [preauth]
Apr 12 03:44:20 ovzhost sshd[911]: PAM 2 more authentication failures; logname= uid=0 euid=0 tty=ssh ruser= rhost=43.255.190.141  user=root
Apr 12 03:44:20 ovzhost sshd[917]: pam_unix(sshd:auth): authentication failure; logname= uid=0 euid=0 tty=ssh ruser= rhost=43.255.190.119  user=root
Apr 12 03:44:20 ovzhost sshd[919]: pam_unix(sshd:auth): authentication failure; logname= uid=0 euid=0 tty=ssh ruser= rhost=43.255.190.141  user=root
Apr 12 03:44:21 ovzhost sshd[917]: Failed password for root from 43.255.190.119 port 33152 ssh2
Apr 12 03:44:21 ovzhost sshd[919]: Failed password for root from 43.255.190.141 port 35385 ssh2
Apr 12 03:44:25 ovzhost sshd[917]: message repeated 2 times: [ Failed password for root from 43.255.190.119 port 33152 ssh2]
Apr 12 03:44:25 ovzhost sshd[917]: Received disconnect from 43.255.190.119: 11:  [preauth]
Apr 12 03:44:25 ovzhost sshd[917]: PAM 2 more authentication failures; logname= uid=0 euid=0 tty=ssh ruser= rhost=43.255.190.119  user=root
Apr 12 03:44:25 ovzhost sshd[919]: message repeated 2 times: [ Failed password for root from 43.255.190.141 port 35385 ssh2]
Apr 12 03:44:25 ovzhost sshd[919]: Received disconnect from 43.255.190.141: 11:  [preauth]
Apr 12 03:44:25 ovzhost sshd[919]: PAM 2 more authentication failures; logname= uid=0 euid=0 tty=ssh ruser= rhost=43.255.190.141  user=root
Apr 12 03:44:25 ovzhost sshd[921]: pam_unix(sshd:auth): authentication failure; logname= uid=0 euid=0 tty=ssh ruser= rhost=43.255.190.119  user=root
Apr 12 03:44:26 ovzhost sshd[923]: pam_unix(sshd:auth): authentication failure; logname= uid=0 euid=0 tty=ssh ruser= rhost=43.255.190.141  user=root
Apr 12 03:44:27 ovzhost sshd[923]: Failed password for root from 43.255.190.141 port 47483 ssh2
Apr 12 03:44:28 ovzhost sshd[921]: Failed password for root from 43.255.190.119 port 46342 ssh2
Apr 12 03:44:31 ovzhost sshd[923]: message repeated 2 times: [ Failed password for root from 43.255.190.141 port 47483 ssh2]
Apr 12 03:44:31 ovzhost sshd[923]: Received disconnect from 43.255.190.141: 11:  [preauth]
Apr 12 03:44:31 ovzhost sshd[923]: PAM 2 more authentication failures; logname= uid=0 euid=0 tty=ssh ruser= rhost=43.255.190.141  user=root
Apr 12 03:44:31 ovzhost sshd[925]: pam_unix(sshd:auth): authentication failure; logname= uid=0 euid=0 tty=ssh ruser= rhost=43.255.190.141  user=root
Apr 12 03:44:31 ovzhost sshd[921]: message repeated 2 times: [ Failed password for root from 43.255.190.119 port 46342 ssh2]
Apr 12 03:44:32 ovzhost sshd[921]: Received disconnect from 43.255.190.119: 11:  [preauth]
Apr 12 03:44:32 ovzhost sshd[921]: PAM 2 more authentication failures; logname= uid=0 euid=0 tty=ssh ruser= rhost=43.255.190.119  user=root
Apr 12 03:44:32 ovzhost sshd[927]: pam_unix(sshd:auth): authentication failure; logname= uid=0 euid=0 tty=ssh ruser= rhost=43.255.190.119  user=root
Apr 12 03:44:33 ovzhost sshd[927]: Failed password for root from 43.255.190.119 port 34043 ssh2
Apr 12 03:44:33 ovzhost sshd[925]: Failed password for root from 43.255.190.141 port 59811 ssh2
Apr 12 03:44:38 ovzhost sshd[927]: message repeated 2 times: [ Failed password for root from 43.255.190.119 port 34043 ssh2]
Apr 12 03:44:38 ovzhost sshd[927]: Received disconnect from 43.255.190.119: 11:  [preauth]
Apr 12 03:44:38 ovzhost sshd[927]: PAM 2 more authentication failures; logname= uid=0 euid=0 tty=ssh ruser= rhost=43.255.190.119  user=root
Apr 12 03:44:38 ovzhost sshd[925]: message repeated 2 times: [ Failed password for root from 43.255.190.141 port 59811 ssh2]
Apr 12 03:44:38 ovzhost sshd[925]: Received disconnect from 43.255.190.141: 11:  [preauth]
Apr 12 03:44:38 ovzhost sshd[925]: PAM 2 more authentication failures; logname= uid=0 euid=0 tty=ssh ruser= rhost=43.255.190.141  user=root
Apr 12 03:44:39 ovzhost sshd[929]: pam_unix(sshd:auth): authentication failure; logname= uid=0 euid=0 tty=ssh ruser= rhost=43.255.190.119  user=root
Apr 12 03:44:39 ovzhost sshd[931]: pam_unix(sshd:auth): authentication failure; logname= uid=0 euid=0 tty=ssh ruser= rhost=43.255.190.141  user=root
Apr 12 03:44:40 ovzhost sshd[929]: Failed password for root from 43.255.190.119 port 48414 ssh2
Apr 12 03:44:40 ovzhost sshd[931]: Failed password for root from 43.255.190.141 port 47163 ssh2
Apr 12 03:44:43 ovzhost sshd[929]: message repeated 2 times: [ Failed password for root from 43.255.190.119 port 48414 ssh2]
Apr 12 03:44:43 ovzhost sshd[929]: Received disconnect from 43.255.190.119: 11:  [preauth]
Apr 12 03:44:43 ovzhost sshd[929]: PAM 2 more authentication failures; logname= uid=0 euid=0 tty=ssh ruser= rhost=43.255.190.119  user=root
Apr 12 03:44:44 ovzhost sshd[931]: message repeated 2 times: [ Failed password for root from 43.255.190.141 port 47163 ssh2]
Apr 12 03:44:44 ovzhost sshd[931]: Received disconnect from 43.255.190.141: 11:  [preauth]
Apr 12 03:44:44 ovzhost sshd[931]: PAM 2 more authentication failures; logname= uid=0 euid=0 tty=ssh ruser= rhost=43.255.190.141  user=root
Apr 12 03:44:44 ovzhost sshd[933]: pam_unix(sshd:auth): authentication failure; logname= uid=0 euid=0 tty=ssh ruser= rhost=43.255.190.119  user=root
Apr 12 03:44:44 ovzhost sshd[935]: pam_unix(sshd:auth): authentication failure; logname= uid=0 euid=0 tty=ssh ruser= rhost=43.255.190.141  user=root
Apr 12 03:44:45 ovzhost sshd[933]: Failed password for root from 43.255.190.119 port 33434 ssh2
Apr 12 03:44:45 ovzhost sshd[935]: Failed password for root from 43.255.190.141 port 59713 ssh2
Apr 12 03:44:49 ovzhost sshd[933]: message repeated 2 times: [ Failed password for root from 43.255.190.119 port 33434 ssh2]
Apr 12 03:44:49 ovzhost sshd[933]: Received disconnect from 43.255.190.119: 11:  [preauth]
Apr 12 03:44:49 ovzhost sshd[933]: PAM 2 more authentication failures; logname= uid=0 euid=0 tty=ssh ruser= rhost=43.255.190.119  user=root
Apr 12 03:44:50 ovzhost sshd[937]: pam_unix(sshd:auth): authentication failure; logname= uid=0 euid=0 tty=ssh ruser= rhost=43.255.190.119  user=root
Apr 12 03:44:50 ovzhost sshd[935]: message repeated 2 times: [ Failed password for root from 43.255.190.141 port 59713 ssh2]
Apr 12 03:44:50 ovzhost sshd[935]: Received disconnect from 43.255.190.141: 11:  [preauth]
Apr 12 03:44:50 ovzhost sshd[935]: PAM 2 more authentication failures; logname= uid=0 euid=0 tty=ssh ruser= rhost=43.255.190.141  user=root
Apr 12 03:44:51 ovzhost sshd[939]: pam_unix(sshd:auth): authentication failure; logname= uid=0 euid=0 tty=ssh ruser= rhost=43.255.190.141  user=root
Apr 12 03:44:52 ovzhost sshd[937]: Failed password for root from 43.255.190.119 port 46951 ssh2
Apr 12 03:44:52 ovzhost sshd[939]: Failed password for root from 43.255.190.141 port 44613 ssh2
Apr 12 03:44:55 ovzhost sshd[937]: message repeated 2 times: [ Failed password for root from 43.255.190.119 port 46951 ssh2]
Apr 12 03:44:56 ovzhost sshd[937]: Received disconnect from 43.255.190.119: 11:  [preauth]
Apr 12 03:44:56 ovzhost sshd[937]: PAM 2 more authentication failures; logname= uid=0 euid=0 tty=ssh ruser= rhost=43.255.190.119  user=root
Apr 12 03:44:56 ovzhost sshd[939]: message repeated 2 times: [ Failed password for root from 43.255.190.141 port 44613 ssh2]
Apr 12 03:44:56 ovzhost sshd[939]: Received disconnect from 43.255.190.141: 11:  [preauth]
Apr 12 03:44:56 ovzhost sshd[939]: PAM 2 more authentication failures; logname= uid=0 euid=0 tty=ssh ruser= rhost=43.255.190.141  user=root
Apr 12 03:44:56 ovzhost sshd[942]: pam_unix(sshd:auth): authentication failure; logname= uid=0 euid=0 tty=ssh ruser= rhost=43.255.190.119  user=root
Apr 12 03:44:56 ovzhost sshd[944]: pam_unix(sshd:auth): authentication failure; logname= uid=0 euid=0 tty=ssh ruser= rhost=43.255.190.141  user=root
Apr 12 03:44:57 ovzhost sshd[942]: Failed password for root from 43.255.190.119 port 33420 ssh2
Apr 12 03:44:57 ovzhost sshd[944]: Failed password for root from 43.255.190.141 port 57566 ssh2
Apr 12 03:45:01 ovzhost sshd[942]: message repeated 2 times: [ Failed password for root from 43.255.190.119 port 33420 ssh2]
Apr 12 03:45:01 ovzhost sshd[942]: Received disconnect from 43.255.190.119: 11:  [preauth]
Apr 12 03:45:01 ovzhost sshd[942]: PAM 2 more authentication failures; logname= uid=0 euid=0 tty=ssh ruser= rhost=43.255.190.119  user=root
Apr 12 03:45:01 ovzhost sshd[944]: message repeated 2 times: [ Failed password for root from 43.255.190.141 port 57566 ssh2]
Apr 12 03:45:01 ovzhost sshd[944]: Received disconnect from 43.255.190.141: 11:  [preauth]
Apr 12 03:45:01 ovzhost sshd[944]: PAM 2 more authentication failures; logname= uid=0 euid=0 tty=ssh ruser= rhost=43.255.190.141  user=root
Apr 12 03:45:02 ovzhost sshd[946]: pam_unix(sshd:auth): authentication failure; logname= uid=0 euid=0 tty=ssh ruser= rhost=43.255.190.119  user=root
Apr 12 03:45:02 ovzhost sshd[948]: pam_unix(sshd:auth): authentication failure; logname= uid=0 euid=0 tty=ssh ruser= rhost=43.255.190.141  user=root
Apr 12 03:45:03 ovzhost sshd[946]: Failed password for root from 43.255.190.119 port 46603 ssh2
Apr 12 03:45:03 ovzhost sshd[948]: Failed password for root from 43.255.190.141 port 41476 ssh2
Apr 12 03:45:06 ovzhost sshd[946]: message repeated 2 times: [ Failed password for root from 43.255.190.119 port 46603 ssh2]
Apr 12 03:45:06 ovzhost sshd[946]: Received disconnect from 43.255.190.119: 11:  [preauth]
Apr 12 03:45:06 ovzhost sshd[946]: PAM 2 more authentication failures; logname= uid=0 euid=0 tty=ssh ruser= rhost=43.255.190.119  user=root
Apr 12 03:45:06 ovzhost sshd[948]: message repeated 2 times: [ Failed password for root from 43.255.190.141 port 41476 ssh2]
Apr 12 03:45:06 ovzhost sshd[948]: Received disconnect from 43.255.190.141: 11:  [preauth]
Apr 12 03:45:06 ovzhost sshd[948]: PAM 2 more authentication failures; logname= uid=0 euid=0 tty=ssh ruser= rhost=43.255.190.141  user=root
Apr 12 03:45:07 ovzhost sshd[950]: pam_unix(sshd:auth): authentication failure; logname= uid=0 euid=0 tty=ssh ruser= rhost=43.255.190.119  user=root
Apr 12 03:45:07 ovzhost sshd[952]: pam_unix(sshd:auth): authentication failure; logname= uid=0 euid=0 tty=ssh ruser= rhost=43.255.190.141  user=root
Apr 12 03:45:09 ovzhost sshd[950]: Failed password for root from 43.255.190.119 port 58745 ssh2
Apr 12 03:45:09 ovzhost sshd[952]: Failed password for root from 43.255.190.141 port 52095 ssh2
Apr 12 03:45:13 ovzhost sshd[950]: message repeated 2 times: [ Failed password for root from 43.255.190.119 port 58745 ssh2]
Apr 12 03:45:13 ovzhost sshd[950]: Received disconnect from 43.255.190.119: 11:  [preauth]
Apr 12 03:45:13 ovzhost sshd[950]: PAM 2 more authentication failures; logname= uid=0 euid=0 tty=ssh ruser= rhost=43.255.190.119  user=root
Apr 12 03:45:13 ovzhost sshd[952]: message repeated 2 times: [ Failed password for root from 43.255.190.141 port 52095 ssh2]
Apr 12 03:45:14 ovzhost sshd[952]: Received disconnect from 43.255.190.141: 11:  [preauth]
Apr 12 03:45:14 ovzhost sshd[952]: PAM 2 more authentication failures; logname= uid=0 euid=0 tty=ssh ruser= rhost=43.255.190.141  user=root
Apr 12 03:45:14 ovzhost sshd[954]: pam_unix(sshd:auth): authentication failure; logname= uid=0 euid=0 tty=ssh ruser= rhost=43.255.190.119  user=root
Apr 12 03:45:14 ovzhost sshd[956]: pam_unix(sshd:auth): authentication failure; logname= uid=0 euid=0 tty=ssh ruser= rhost=43.255.190.141  user=root
Apr 12 03:45:16 ovzhost sshd[954]: Failed password for root from 43.255.190.119 port 46174 ssh2
Apr 12 03:45:16 ovzhost sshd[956]: Failed password for root from 43.255.190.141 port 39018 ssh2
Apr 12 03:45:19 ovzhost sshd[954]: message repeated 2 times: [ Failed password for root from 43.255.190.119 port 46174 ssh2]
Apr 12 03:45:19 ovzhost sshd[954]: Received disconnect from 43.255.190.119: 11:  [preauth]
Apr 12 03:45:19 ovzhost sshd[954]: PAM 2 more authentication failures; logname= uid=0 euid=0 tty=ssh ruser= rhost=43.255.190.119  user=root
Apr 12 03:45:20 ovzhost sshd[956]: message repeated 2 times: [ Failed password for root from 43.255.190.141 port 39018 ssh2]
Apr 12 03:45:20 ovzhost sshd[956]: Received disconnect from 43.255.190.141: 11:  [preauth]
Apr 12 03:45:20 ovzhost sshd[956]: PAM 2 more authentication failures; logname= uid=0 euid=0 tty=ssh ruser= rhost=43.255.190.141  user=root
Apr 12 03:45:20 ovzhost sshd[958]: pam_unix(sshd:auth): authentication failure; logname= uid=0 euid=0 tty=ssh ruser= rhost=43.255.190.119  user=root
Apr 12 03:45:20 ovzhost sshd[960]: pam_unix(sshd:auth): authentication failure; logname= uid=0 euid=0 tty=ssh ruser= rhost=43.255.190.141  user=root
Apr 12 03:45:22 ovzhost sshd[958]: Failed password for root from 43.255.190.119 port 32787 ssh2
Apr 12 03:45:22 ovzhost sshd[960]: Failed password for root from 43.255.190.141 port 52536 ssh2
Apr 12 03:45:25 ovzhost sshd[958]: message repeated 2 times: [ Failed password for root from 43.255.190.119 port 32787 ssh2]
Apr 12 03:45:25 ovzhost sshd[958]: Received disconnect from 43.255.190.119: 11:  [preauth]
Apr 12 03:45:25 ovzhost sshd[958]: PAM 2 more authentication failures; logname= uid=0 euid=0 tty=ssh ruser= rhost=43.255.190.119  user=root
Apr 12 03:45:26 ovzhost sshd[960]: message repeated 2 times: [ Failed password for root from 43.255.190.141 port 52536 ssh2]
Apr 12 03:45:26 ovzhost sshd[960]: Received disconnect from 43.255.190.141: 11:  [preauth]
Apr 12 03:45:26 ovzhost sshd[960]: PAM 2 more authentication failures; logname= uid=0 euid=0 tty=ssh ruser= rhost=43.255.190.141  user=root
Apr 12 03:45:26 ovzhost sshd[962]: pam_unix(sshd:auth): authentication failure; logname= uid=0 euid=0 tty=ssh ruser= rhost=43.255.190.119  user=root
Apr 12 03:45:26 ovzhost sshd[964]: pam_unix(sshd:auth): authentication failure; logname= uid=0 euid=0 tty=ssh ruser= rhost=43.255.190.141  user=root
Apr 12 03:45:28 ovzhost sshd[962]: Failed password for root from 43.255.190.119 port 46517 ssh2
Apr 12 03:45:28 ovzhost sshd[964]: Failed password for root from 43.255.190.141 port 37341 ssh2
Apr 12 03:45:32 ovzhost sshd[962]: message repeated 2 times: [ Failed password for root from 43.255.190.119 port 46517 ssh2]
Apr 12 03:45:32 ovzhost sshd[962]: Received disconnect from 43.255.190.119: 11:  [preauth]
Apr 12 03:45:32 ovzhost sshd[962]: PAM 2 more authentication failures; logname= uid=0 euid=0 tty=ssh ruser= rhost=43.255.190.119  user=root
Apr 12 03:45:32 ovzhost sshd[964]: message repeated 2 times: [ Failed password for root from 43.255.190.141 port 37341 ssh2]
Apr 12 03:45:33 ovzhost sshd[964]: Received disconnect from 43.255.190.141: 11:  [preauth]
Apr 12 03:45:33 ovzhost sshd[964]: PAM 2 more authentication failures; logname= uid=0 euid=0 tty=ssh ruser= rhost=43.255.190.141  user=root
Apr 12 03:45:33 ovzhost sshd[966]: pam_unix(sshd:auth): authentication failure; logname= uid=0 euid=0 tty=ssh ruser= rhost=43.255.190.119  user=root
Apr 12 03:45:33 ovzhost sshd[968]: pam_unix(sshd:auth): authentication failure; logname= uid=0 euid=0 tty=ssh ruser= rhost=43.255.190.141  user=root
Apr 12 03:45:34 ovzhost sshd[966]: Failed password for root from 43.255.190.119 port 33163 ssh2
Apr 12 03:45:35 ovzhost sshd[968]: Failed password for root from 43.255.190.141 port 51539 ssh2
Apr 12 03:45:38 ovzhost sshd[966]: message repeated 2 times: [ Failed password for root from 43.255.190.119 port 33163 ssh2]
Apr 12 03:45:38 ovzhost sshd[966]: Received disconnect from 43.255.190.119: 11:  [preauth]
Apr 12 03:45:38 ovzhost sshd[966]: PAM 2 more authentication failures; logname= uid=0 euid=0 tty=ssh ruser= rhost=43.255.190.119  user=root
Apr 12 03:45:39 ovzhost sshd[972]: pam_unix(sshd:auth): authentication failure; logname= uid=0 euid=0 tty=ssh ruser= rhost=43.255.190.119  user=root
Apr 12 03:45:39 ovzhost sshd[968]: message repeated 2 times: [ Failed password for root from 43.255.190.141 port 51539 ssh2]
Apr 12 03:45:39 ovzhost sshd[968]: Received disconnect from 43.255.190.141: 11:  [preauth]
Apr 12 03:45:39 ovzhost sshd[968]: PAM 2 more authentication failures; logname= uid=0 euid=0 tty=ssh ruser= rhost=43.255.190.141  user=root
Apr 12 03:45:39 ovzhost sshd[974]: pam_unix(sshd:auth): authentication failure; logname= uid=0 euid=0 tty=ssh ruser= rhost=43.255.190.141  user=root
Apr 12 03:45:40 ovzhost sshd[972]: Failed password for root from 43.255.190.119 port 46720 ssh2
Apr 12 03:45:41 ovzhost sshd[974]: Failed password for root from 43.255.190.141 port 37289 ssh2
Apr 12 03:45:44 ovzhost sshd[972]: message repeated 2 times: [ Failed password for root from 43.255.190.119 port 46720 ssh2]
Apr 12 03:45:44 ovzhost sshd[972]: Received disconnect from 43.255.190.119: 11:  [preauth]
Apr 12 03:45:44 ovzhost sshd[972]: PAM 2 more authentication failures; logname= uid=0 euid=0 tty=ssh ruser= rhost=43.255.190.119  user=root
Apr 12 03:45:45 ovzhost sshd[978]: pam_unix(sshd:auth): authentication failure; logname= uid=0 euid=0 tty=ssh ruser= rhost=43.255.190.119  user=root
Apr 12 03:45:45 ovzhost sshd[974]: message repeated 2 times: [ Failed password for root from 43.255.190.141 port 37289 ssh2]
Apr 12 03:45:45 ovzhost sshd[974]: Received disconnect from 43.255.190.141: 11:  [preauth]
Apr 12 03:45:45 ovzhost sshd[974]: PAM 2 more authentication failures; logname= uid=0 euid=0 tty=ssh ruser= rhost=43.255.190.141  user=root
Apr 12 03:45:46 ovzhost sshd[980]: pam_unix(sshd:auth): authentication failure; logname= uid=0 euid=0 tty=ssh ruser= rhost=43.255.190.141  user=root
Apr 12 03:45:46 ovzhost sshd[978]: Failed password for root from 43.255.190.119 port 60450 ssh2
Apr 12 03:45:48 ovzhost sshd[980]: Failed password for root from 43.255.190.141 port 50951 ssh2
Apr 12 03:45:50 ovzhost sshd[978]: message repeated 2 times: [ Failed password for root from 43.255.190.119 port 60450 ssh2]
Apr 12 03:45:50 ovzhost sshd[978]: Received disconnect from 43.255.190.119: 11:  [preauth]
Apr 12 03:45:50 ovzhost sshd[978]: PAM 2 more authentication failures; logname= uid=0 euid=0 tty=ssh ruser= rhost=43.255.190.119  user=root
Apr 12 03:45:51 ovzhost sshd[982]: pam_unix(sshd:auth): authentication failure; logname= uid=0 euid=0 tty=ssh ruser= rhost=43.255.190.119  user=root
Apr 12 03:45:52 ovzhost sshd[980]: message repeated 2 times: [ Failed password for root from 43.255.190.141 port 50951 ssh2]
Apr 12 03:45:52 ovzhost sshd[980]: Received disconnect from 43.255.190.141: 11:  [preauth]
Apr 12 03:45:52 ovzhost sshd[980]: PAM 2 more authentication failures; logname= uid=0 euid=0 tty=ssh ruser= rhost=43.255.190.141  user=root
Apr 12 03:45:52 ovzhost sshd[984]: pam_unix(sshd:auth): authentication failure; logname= uid=0 euid=0 tty=ssh ruser= rhost=43.255.190.141  user=root
Apr 12 03:45:52 ovzhost sshd[982]: Failed password for root from 43.255.190.119 port 46498 ssh2
Apr 12 03:45:54 ovzhost sshd[984]: Failed password for root from 43.255.190.141 port 36312 ssh2
Apr 12 03:45:57 ovzhost sshd[982]: message repeated 2 times: [ Failed password for root from 43.255.190.119 port 46498 ssh2]
Apr 12 03:45:57 ovzhost sshd[982]: Received disconnect from 43.255.190.119: 11:  [preauth]
Apr 12 03:45:57 ovzhost sshd[982]: PAM 2 more authentication failures; logname= uid=0 euid=0 tty=ssh ruser= rhost=43.255.190.119  user=root
Apr 12 03:45:57 ovzhost sshd[986]: pam_unix(sshd:auth): authentication failure; logname= uid=0 euid=0 tty=ssh ruser= rhost=43.255.190.119  user=root
Apr 12 03:45:58 ovzhost sshd[984]: message repeated 2 times: [ Failed password for root from 43.255.190.141 port 36312 ssh2]
Apr 12 03:45:58 ovzhost sshd[984]: Received disconnect from 43.255.190.141: 11:  [preauth]
Apr 12 03:45:58 ovzhost sshd[984]: PAM 2 more authentication failures; logname= uid=0 euid=0 tty=ssh ruser= rhost=43.255.190.141  user=root
Apr 12 03:45:59 ovzhost sshd[988]: pam_unix(sshd:auth): authentication failure; logname= uid=0 euid=0 tty=ssh ruser= rhost=43.255.190.141  user=root
Apr 12 03:45:59 ovzhost sshd[986]: Failed password for root from 43.255.190.119 port 60675 ssh2
Apr 12 03:46:00 ovzhost sshd[988]: Failed password for root from 43.255.190.141 port 49815 ssh2
Apr 12 03:46:03 ovzhost sshd[986]: message repeated 2 times: [ Failed password for root from 43.255.190.119 port 60675 ssh2]
Apr 12 03:46:03 ovzhost sshd[986]: Received disconnect from 43.255.190.119: 11:  [preauth]
Apr 12 03:46:03 ovzhost sshd[986]: PAM 2 more authentication failures; logname= uid=0 euid=0 tty=ssh ruser= rhost=43.255.190.119  user=root
Apr 12 03:46:04 ovzhost sshd[990]: pam_unix(sshd:auth): authentication failure; logname= uid=0 euid=0 tty=ssh ruser= rhost=43.255.190.119  user=root
Apr 12 03:46:04 ovzhost sshd[988]: message repeated 2 times: [ Failed password for root from 43.255.190.141 port 49815 ssh2]
Apr 12 03:46:04 ovzhost sshd[988]: Received disconnect from 43.255.190.141: 11:  [preauth]
Apr 12 03:46:04 ovzhost sshd[988]: PAM 2 more authentication failures; logname= uid=0 euid=0 tty=ssh ruser= rhost=43.255.190.141  user=root
Apr 12 03:46:04 ovzhost sshd[992]: pam_unix(sshd:auth): authentication failure; logname= uid=0 euid=0 tty=ssh ruser= rhost=43.255.190.141  user=root
Apr 12 03:46:05 ovzhost sshd[990]: Failed password for root from 43.255.190.119 port 46920 ssh2
Apr 12 03:46:06 ovzhost sshd[992]: Failed password for root from 43.255.190.141 port 34603 ssh2
Apr 12 03:46:10 ovzhost sshd[990]: message repeated 2 times: [ Failed password for root from 43.255.190.119 port 46920 ssh2]
Apr 12 03:46:10 ovzhost sshd[990]: Received disconnect from 43.255.190.119: 11:  [preauth]
Apr 12 03:46:10 ovzhost sshd[990]: PAM 2 more authentication failures; logname= uid=0 euid=0 tty=ssh ruser= rhost=43.255.190.119  user=root
Apr 12 03:46:10 ovzhost sshd[992]: message repeated 2 times: [ Failed password for root from 43.255.190.141 port 34603 ssh2]
Apr 12 03:46:10 ovzhost sshd[992]: Received disconnect from 43.255.190.141: 11:  [preauth]
Apr 12 03:46:10 ovzhost sshd[992]: PAM 2 more authentication failures; logname= uid=0 euid=0 tty=ssh ruser= rhost=43.255.190.141  user=root
Apr 12 03:46:10 ovzhost sshd[994]: pam_unix(sshd:auth): authentication failure; logname= uid=0 euid=0 tty=ssh ruser= rhost=43.255.190.119  user=root
Apr 12 03:46:11 ovzhost sshd[996]: pam_unix(sshd:auth): authentication failure; logname= uid=0 euid=0 tty=ssh ruser= rhost=43.255.190.141  user=root
Apr 12 03:46:12 ovzhost sshd[994]: Failed password for root from 43.255.190.119 port 33812 ssh2
Apr 12 03:46:12 ovzhost sshd[996]: Failed password for root from 43.255.190.141 port 47312 ssh2
Apr 12 03:46:16 ovzhost sshd[994]: message repeated 2 times: [ Failed password for root from 43.255.190.119 port 33812 ssh2]
Apr 12 03:46:16 ovzhost sshd[994]: Received disconnect from 43.255.190.119: 11:  [preauth]
Apr 12 03:46:16 ovzhost sshd[994]: PAM 2 more authentication failures; logname= uid=0 euid=0 tty=ssh ruser= rhost=43.255.190.119  user=root
Apr 12 03:46:16 ovzhost sshd[996]: message repeated 2 times: [ Failed password for root from 43.255.190.141 port 47312 ssh2]
Apr 12 03:46:16 ovzhost sshd[996]: Received disconnect from 43.255.190.141: 11:  [preauth]
Apr 12 03:46:16 ovzhost sshd[996]: PAM 2 more authentication failures; logname= uid=0 euid=0 tty=ssh ruser= rhost=43.255.190.141  user=root
Apr 12 03:46:16 ovzhost sshd[998]: pam_unix(sshd:auth): authentication failure; logname= uid=0 euid=0 tty=ssh ruser= rhost=43.255.190.119  user=root
Apr 12 03:46:17 ovzhost sshd[1000]: pam_unix(sshd:auth): authentication failure; logname= uid=0 euid=0 tty=ssh ruser= rhost=43.255.190.141  user=root
Apr 12 03:46:18 ovzhost sshd[998]: Failed password for root from 43.255.190.119 port 48228 ssh2
Apr 12 03:46:19 ovzhost sshd[1000]: Failed password for root from 43.255.190.141 port 60078 ssh2
Apr 12 03:46:22 ovzhost sshd[998]: message repeated 2 times: [ Failed password for root from 43.255.190.119 port 48228 ssh2]
Apr 12 03:46:22 ovzhost sshd[998]: Received disconnect from 43.255.190.119: 11:  [preauth]
Apr 12 03:46:22 ovzhost sshd[998]: PAM 2 more authentication failures; logname= uid=0 euid=0 tty=ssh ruser= rhost=43.255.190.119  user=root
Apr 12 03:46:23 ovzhost sshd[1004]: pam_unix(sshd:auth): authentication failure; logname= uid=0 euid=0 tty=ssh ruser= rhost=43.255.190.119  user=root
Apr 12 03:46:23 ovzhost sshd[1000]: message repeated 2 times: [ Failed password for root from 43.255.190.141 port 60078 ssh2]
Apr 12 03:46:23 ovzhost sshd[1000]: Received disconnect from 43.255.190.141: 11:  [preauth]
Apr 12 03:46:23 ovzhost sshd[1000]: PAM 2 more authentication failures; logname= uid=0 euid=0 tty=ssh ruser= rhost=43.255.190.141  user=root
Apr 12 03:46:24 ovzhost sshd[1006]: pam_unix(sshd:auth): authentication failure; logname= uid=0 euid=0 tty=ssh ruser= rhost=43.255.190.141  user=root
Apr 12 03:46:25 ovzhost sshd[1004]: Failed password for root from 43.255.190.119 port 34391 ssh2
Apr 12 03:46:26 ovzhost sshd[1006]: Failed password for root from 43.255.190.141 port 45621 ssh2
Apr 12 03:46:29 ovzhost sshd[1006]: message repeated 2 times: [ Failed password for root from 43.255.190.141 port 45621 ssh2]
Apr 12 03:46:29 ovzhost sshd[1006]: Received disconnect from 43.255.190.141: 11:  [preauth]
Apr 12 03:46:29 ovzhost sshd[1006]: PAM 2 more authentication failures; logname= uid=0 euid=0 tty=ssh ruser= rhost=43.255.190.141  user=root
Apr 12 03:46:30 ovzhost sshd[1004]: message repeated 2 times: [ Failed password for root from 43.255.190.119 port 34391 ssh2]
Apr 12 03:46:30 ovzhost sshd[1004]: Received disconnect from 43.255.190.119: 11:  [preauth]
Apr 12 03:46:30 ovzhost sshd[1004]: PAM 2 more authentication failures; logname= uid=0 euid=0 tty=ssh ruser= rhost=43.255.190.119  user=root
Apr 12 03:46:30 ovzhost sshd[1008]: pam_unix(sshd:auth): authentication failure; logname= uid=0 euid=0 tty=ssh ruser= rhost=43.255.190.141  user=root
Apr 12 03:46:30 ovzhost sshd[1010]: pam_unix(sshd:auth): authentication failure; logname= uid=0 euid=0 tty=ssh ruser= rhost=43.255.190.119  user=root
Apr 12 03:46:32 ovzhost sshd[1008]: Failed password for root from 43.255.190.141 port 58474 ssh2
Apr 12 03:46:32 ovzhost sshd[1010]: Failed password for root from 43.255.190.119 port 50370 ssh2
Apr 12 03:46:36 ovzhost sshd[1008]: message repeated 2 times: [ Failed password for root from 43.255.190.141 port 58474 ssh2]
Apr 12 03:46:36 ovzhost sshd[1008]: Received disconnect from 43.255.190.141: 11:  [preauth]
Apr 12 03:46:36 ovzhost sshd[1008]: PAM 2 more authentication failures; logname= uid=0 euid=0 tty=ssh ruser= rhost=43.255.190.141  user=root
Apr 12 03:46:36 ovzhost sshd[1010]: message repeated 2 times: [ Failed password for root from 43.255.190.119 port 50370 ssh2]
Apr 12 03:46:36 ovzhost sshd[1010]: Received disconnect from 43.255.190.119: 11:  [preauth]
Apr 12 03:46:36 ovzhost sshd[1010]: PAM 2 more authentication failures; logname= uid=0 euid=0 tty=ssh ruser= rhost=43.255.190.119  user=root
Apr 12 03:46:36 ovzhost sshd[1012]: pam_unix(sshd:auth): authentication failure; logname= uid=0 euid=0 tty=ssh ruser= rhost=43.255.190.141  user=root
Apr 12 03:46:37 ovzhost sshd[1014]: pam_unix(sshd:auth): authentication failure; logname= uid=0 euid=0 tty=ssh ruser= rhost=43.255.190.119  user=root
Apr 12 03:46:39 ovzhost sshd[1012]: Failed password for root from 43.255.190.141 port 43359 ssh2
Apr 12 03:46:39 ovzhost sshd[1014]: Failed password for root from 43.255.190.119 port 36679 ssh2
Apr 12 03:46:43 ovzhost sshd[1012]: message repeated 2 times: [ Failed password for root from 43.255.190.141 port 43359 ssh2]
Apr 12 03:46:43 ovzhost sshd[1012]: Received disconnect from 43.255.190.141: 11:  [preauth]
Apr 12 03:46:43 ovzhost sshd[1012]: PAM 2 more authentication failures; logname= uid=0 euid=0 tty=ssh ruser= rhost=43.255.190.141  user=root
Apr 12 03:46:43 ovzhost sshd[1014]: message repeated 2 times: [ Failed password for root from 43.255.190.119 port 36679 ssh2]
Apr 12 03:46:43 ovzhost sshd[1014]: Received disconnect from 43.255.190.119: 11:  [preauth]
Apr 12 03:46:43 ovzhost sshd[1014]: PAM 2 more authentication failures; logname= uid=0 euid=0 tty=ssh ruser= rhost=43.255.190.119  user=root
Apr 12 03:46:44 ovzhost sshd[1016]: pam_unix(sshd:auth): authentication failure; logname= uid=0 euid=0 tty=ssh ruser= rhost=43.255.190.141  user=root
Apr 12 03:46:44 ovzhost sshd[1018]: pam_unix(sshd:auth): authentication failure; logname= uid=0 euid=0 tty=ssh ruser= rhost=43.255.190.119  user=root
Apr 12 03:46:46 ovzhost sshd[1016]: Failed password for root from 43.255.190.141 port 57588 ssh2
Apr 12 03:46:46 ovzhost sshd[1018]: Failed password for root from 43.255.190.119 port 52226 ssh2
Apr 12 03:46:50 ovzhost sshd[1016]: message repeated 2 times: [ Failed password for root from 43.255.190.141 port 57588 ssh2]
Apr 12 03:46:50 ovzhost sshd[1016]: Received disconnect from 43.255.190.141: 11:  [preauth]
Apr 12 03:46:50 ovzhost sshd[1016]: PAM 2 more authentication failures; logname= uid=0 euid=0 tty=ssh ruser= rhost=43.255.190.141  user=root
Apr 12 03:46:50 ovzhost sshd[1018]: message repeated 2 times: [ Failed password for root from 43.255.190.119 port 52226 ssh2]
Apr 12 03:46:50 ovzhost sshd[1018]: Received disconnect from 43.255.190.119: 11:  [preauth]
Apr 12 03:46:50 ovzhost sshd[1018]: PAM 2 more authentication failures; logname= uid=0 euid=0 tty=ssh ruser= rhost=43.255.190.119  user=root
Apr 12 03:46:51 ovzhost sshd[1020]: pam_unix(sshd:auth): authentication failure; logname= uid=0 euid=0 tty=ssh ruser= rhost=43.255.190.141  user=root
