Apr 12 03:54:02 ovzhost sshd[1384]: PAM 2 more authentication failures; logname= uid=0 euid=0 tty=ssh ruser= rhost=43.255.190.141  user=root
Apr 12 03:54:02 ovzhost sshd[1388]: pam_unix(sshd:auth): authentication failure; logname= uid=0 euid=0 tty=ssh ruser= rhost=43.255.190.141  user=root
Apr 12 03:54:05 ovzhost sshd[1386]: message repeated 2 times: [ Failed password for root from 43.255.190.90 port 39442 ssh2]
Apr 12 03:54:05 ovzhost sshd[1386]: Received disconnect from 43.255.190.90: 11:  [preauth]
Apr 12 03:54:05 ovzhost sshd[1386]: PAM 2 more authentication failures; logname= uid=0 euid=0 tty=ssh ruser= rhost=43.255.190.90  user=root
Apr 12 03:54:05 ovzhost sshd[1388]: Failed password for root from 43.255.190.141 port 43994 ssh2
Apr 12 03:54:05 ovzhost sshd[1390]: pam_unix(sshd:auth): authentication failure; logname= uid=0 euid=0 tty=ssh ruser= rhost=43.255.190.90  user=root
Apr 12 03:54:07 ovzhost sshd[1390]: Failed password for root from 43.255.190.90 port 57249 ssh2
Apr 12 03:54:09 ovzhost sshd[1388]: message repeated 2 times: [ Failed password for root from 43.255.190.141 port 43994 ssh2]
Apr 12 03:54:09 ovzhost sshd[1388]: Received disconnect from 43.255.190.141: 11:  [preauth]
Apr 12 03:54:09 ovzhost sshd[1388]: PAM 2 more authentication failures; logname= uid=0 euid=0 tty=ssh ruser= rhost=43.255.190.141  user=root
Apr 12 03:54:10 ovzhost sshd[1392]: pam_unix(sshd:auth): authentication failure; logname= uid=0 euid=0 tty=ssh ruser= rhost=43.255.190.141  user=root
Apr 12 03:54:11 ovzhost sshd[1390]: message repeated 2 times: [ Failed password for root from 43.255.190.90 port 57249 ssh2]
Apr 12 03:54:11 ovzhost sshd[1390]: Received disconnect from 43.255.190.90: 11:  [preauth]
Apr 12 03:54:11 ovzhost sshd[1390]: PAM 2 more authentication failures; logname= uid=0 euid=0 tty=ssh ruser= rhost=43.255.190.90  user=root
Apr 12 03:54:12 ovzhost sshd[1392]: Failed password for root from 43.255.190.141 port 59090 ssh2
Apr 12 03:54:12 ovzhost sshd[1394]: pam_unix(sshd:auth): authentication failure; logname= uid=0 euid=0 tty=ssh ruser= rhost=43.255.190.90  user=root
Apr 12 03:54:14 ovzhost sshd[1394]: Failed password for root from 43.255.190.90 port 45712 ssh2
Apr 12 03:54:17 ovzhost sshd[1392]: message repeated 2 times: [ Failed password for root from 43.255.190.141 port 59090 ssh2]
Apr 12 03:54:17 ovzhost sshd[1392]: Received disconnect from 43.255.190.141: 11:  [preauth]
Apr 12 03:54:17 ovzhost sshd[1392]: PAM 2 more authentication failures; logname= uid=0 euid=0 tty=ssh ruser= rhost=43.255.190.141  user=root
Apr 12 03:54:17 ovzhost sshd[1396]: pam_unix(sshd:auth): authentication failure; logname= uid=0 euid=0 tty=ssh ruser= rhost=43.255.190.141  user=root
Apr 12 03:54:19 ovzhost sshd[1394]: message repeated 2 times: [ Failed password for root from 43.255.190.90 port 45712 ssh2]
Apr 12 03:54:19 ovzhost sshd[1394]: Received disconnect from 43.255.190.90: 11:  [preauth]
Apr 12 03:54:19 ovzhost sshd[1394]: PAM 2 more authentication failures; logname= uid=0 euid=0 tty=ssh ruser= rhost=43.255.190.90  user=root
Apr 12 03:54:19 ovzhost sshd[1396]: Failed password for root from 43.255.190.141 port 45440 ssh2
Apr 12 03:54:20 ovzhost sshd[1400]: pam_unix(sshd:auth): authentication failure; logname= uid=0 euid=0 tty=ssh ruser= rhost=43.255.190.90  user=root
Apr 12 03:54:22 ovzhost sshd[1400]: Failed password for root from 43.255.190.90 port 34992 ssh2
Apr 12 03:54:24 ovzhost sshd[1396]: message repeated 2 times: [ Failed password for root from 43.255.190.141 port 45440 ssh2]
Apr 12 03:54:24 ovzhost sshd[1396]: Received disconnect from 43.255.190.141: 11:  [preauth]
Apr 12 03:54:24 ovzhost sshd[1396]: PAM 2 more authentication failures; logname= uid=0 euid=0 tty=ssh ruser= rhost=43.255.190.141  user=root
Apr 12 03:54:25 ovzhost sshd[1402]: pam_unix(sshd:auth): authentication failure; logname= uid=0 euid=0 tty=ssh ruser= rhost=43.255.190.141  user=root
Apr 12 03:54:27 ovzhost sshd[1400]: message repeated 2 times: [ Failed password for root from 43.255.190.90 port 34992 ssh2]
Apr 12 03:54:27 ovzhost sshd[1400]: Received disconnect from 43.255.190.90: 11:  [preauth]
Apr 12 03:54:27 ovzhost sshd[1400]: PAM 2 more authentication failures; logname= uid=0 euid=0 tty=ssh ruser= rhost=43.255.190.90  user=root
Apr 12 03:54:27 ovzhost sshd[1402]: Failed password for root from 43.255.190.141 port 59727 ssh2
Apr 12 03:54:27 ovzhost sshd[1404]: pam_unix(sshd:auth): authentication failure; logname= uid=0 euid=0 tty=ssh ruser= rhost=43.255.190.90  user=root
Apr 12 03:54:29 ovzhost sshd[1404]: Failed password for root from 43.255.190.90 port 52190 ssh2
Apr 12 03:54:31 ovzhost sshd[1402]: message repeated 2 times: [ Failed password for root from 43.255.190.141 port 59727 ssh2]
Apr 12 03:54:31 ovzhost sshd[1402]: Received disconnect from 43.255.190.141: 11:  [preauth]
Apr 12 03:54:31 ovzhost sshd[1402]: PAM 2 more authentication failures; logname= uid=0 euid=0 tty=ssh ruser= rhost=43.255.190.141  user=root
Apr 12 03:54:32 ovzhost sshd[1406]: pam_unix(sshd:auth): authentication failure; logname= uid=0 euid=0 tty=ssh ruser= rhost=43.255.190.141  user=root
Apr 12 03:54:33 ovzhost sshd[1404]: message repeated 2 times: [ Failed password for root from 43.255.190.90 port 52190 ssh2]
Apr 12 03:54:34 ovzhost sshd[1404]: Received disconnect from 43.255.190.90: 11:  [preauth]
Apr 12 03:54:34 ovzhost sshd[1404]: PAM 2 more authentication failures; logname= uid=0 euid=0 tty=ssh ruser= rhost=43.255.190.90  user=root
Apr 12 03:54:34 ovzhost sshd[1408]: pam_unix(sshd:auth): authentication failure; logname= uid=0 euid=0 tty=ssh ruser= rhost=43.255.190.90  user=root
Apr 12 03:54:35 ovzhost sshd[1406]: Failed password for root from 43.255.190.141 port 45555 ssh2
Apr 12 03:54:36 ovzhost sshd[1408]: Failed password for root from 43.255.190.90 port 40126 ssh2
Apr 12 03:54:39 ovzhost sshd[1406]: message repeated 2 times: [ Failed password for root from 43.255.190.141 port 45555 ssh2]
Apr 12 03:54:39 ovzhost sshd[1406]: Received disconnect from 43.255.190.141: 11:  [preauth]
Apr 12 03:54:39 ovzhost sshd[1406]: PAM 2 more authentication failures; logname= uid=0 euid=0 tty=ssh ruser= rhost=43.255.190.141  user=root
Apr 12 03:54:40 ovzhost sshd[1410]: pam_unix(sshd:auth): authentication failure; logname= uid=0 euid=0 tty=ssh ruser= rhost=43.255.190.141  user=root
Apr 12 03:54:41 ovzhost sshd[1408]: message repeated 2 times: [ Failed password for root from 43.255.190.90 port 40126 ssh2]
Apr 12 03:54:41 ovzhost sshd[1408]: Received disconnect from 43.255.190.90: 11:  [preauth]
Apr 12 03:54:41 ovzhost sshd[1408]: PAM 2 more authentication failures; logname= uid=0 euid=0 tty=ssh ruser= rhost=43.255.190.90  user=root
Apr 12 03:54:41 ovzhost sshd[1410]: Failed password for root from 43.255.190.141 port 60663 ssh2
Apr 12 03:54:41 ovzhost sshd[1412]: pam_unix(sshd:auth): authentication failure; logname= uid=0 euid=0 tty=ssh ruser= rhost=43.255.190.90  user=root
Apr 12 03:54:43 ovzhost sshd[1412]: Failed password for root from 43.255.190.90 port 56686 ssh2
Apr 12 03:54:45 ovzhost sshd[1410]: message repeated 2 times: [ Failed password for root from 43.255.190.141 port 60663 ssh2]
Apr 12 03:54:45 ovzhost sshd[1410]: Received disconnect from 43.255.190.141: 11:  [preauth]
Apr 12 03:54:45 ovzhost sshd[1410]: PAM 2 more authentication failures; logname= uid=0 euid=0 tty=ssh ruser= rhost=43.255.190.141  user=root
Apr 12 03:54:46 ovzhost sshd[1414]: pam_unix(sshd:auth): authentication failure; logname= uid=0 euid=0 tty=ssh ruser= rhost=43.255.190.141  user=root
Apr 12 03:54:48 ovzhost sshd[1412]: message repeated 2 times: [ Failed password for root from 43.255.190.90 port 56686 ssh2]
Apr 12 03:54:48 ovzhost sshd[1412]: Received disconnect from 43.255.190.90: 11:  [preauth]
Apr 12 03:54:48 ovzhost sshd[1412]: PAM 2 more authentication failures; logname= uid=0 euid=0 tty=ssh ruser= rhost=43.255.190.90  user=root
Apr 12 03:54:48 ovzhost sshd[1414]: Failed password for root from 43.255.190.141 port 45327 ssh2
Apr 12 03:54:48 ovzhost sshd[1416]: pam_unix(sshd:auth): authentication failure; logname= uid=0 euid=0 tty=ssh ruser= rhost=43.255.190.90  user=root
Apr 12 03:54:51 ovzhost sshd[1416]: Failed password for root from 43.255.190.90 port 44670 ssh2
Apr 12 03:54:53 ovzhost sshd[1414]: message repeated 2 times: [ Failed password for root from 43.255.190.141 port 45327 ssh2]
Apr 12 03:54:53 ovzhost sshd[1414]: Received disconnect from 43.255.190.141: 11:  [preauth]
Apr 12 03:54:53 ovzhost sshd[1414]: PAM 2 more authentication failures; logname= uid=0 euid=0 tty=ssh ruser= rhost=43.255.190.141  user=root
Apr 12 03:54:53 ovzhost sshd[1418]: pam_unix(sshd:auth): authentication failure; logname= uid=0 euid=0 tty=ssh ruser= rhost=43.255.190.141  user=root
Apr 12 03:54:55 ovzhost sshd[1416]: message repeated 2 times: [ Failed password for root from 43.255.190.90 port 44670 ssh2]
Apr 12 03:54:55 ovzhost sshd[1416]: Received disconnect from 43.255.190.90: 11:  [preauth]
Apr 12 03:54:55 ovzhost sshd[1416]: PAM 2 more authentication failures; logname= uid=0 euid=0 tty=ssh ruser= rhost=43.255.190.90  user=root
Apr 12 03:54:56 ovzhost sshd[1418]: Failed password for root from 43.255.190.141 port 59190 ssh2
Apr 12 03:54:56 ovzhost sshd[1421]: pam_unix(sshd:auth): authentication failure; logname= uid=0 euid=0 tty=ssh ruser= rhost=43.255.190.90  user=root
Apr 12 03:54:59 ovzhost sshd[1421]: Failed password for root from 43.255.190.90 port 33039 ssh2
Apr 12 03:55:00 ovzhost sshd[1418]: message repeated 2 times: [ Failed password for root from 43.255.190.141 port 59190 ssh2]
Apr 12 03:55:00 ovzhost sshd[1418]: Received disconnect from 43.255.190.141: 11:  [preauth]
Apr 12 03:55:00 ovzhost sshd[1418]: PAM 2 more authentication failures; logname= uid=0 euid=0 tty=ssh ruser= rhost=43.255.190.141  user=root
Apr 12 03:55:01 ovzhost sshd[1423]: pam_unix(sshd:auth): authentication failure; logname= uid=0 euid=0 tty=ssh ruser= rhost=43.255.190.141  user=root
Apr 12 03:55:03 ovzhost sshd[1421]: message repeated 2 times: [ Failed password for root from 43.255.190.90 port 33039 ssh2]
Apr 12 03:55:03 ovzhost sshd[1421]: Received disconnect from 43.255.190.90: 11:  [preauth]
Apr 12 03:55:03 ovzhost sshd[1421]: PAM 2 more authentication failures; logname= uid=0 euid=0 tty=ssh ruser= rhost=43.255.190.90  user=root
Apr 12 03:55:03 ovzhost sshd[1423]: Failed password for root from 43.255.190.141 port 45493 ssh2
Apr 12 03:55:03 ovzhost sshd[1425]: pam_unix(sshd:auth): authentication failure; logname= uid=0 euid=0 tty=ssh ruser= rhost=43.255.190.90  user=root
Apr 12 03:55:05 ovzhost sshd[1425]: Failed password for root from 43.255.190.90 port 50156 ssh2
Apr 12 03:55:07 ovzhost sshd[1423]: message repeated 2 times: [ Failed password for root from 43.255.190.141 port 45493 ssh2]
Apr 12 03:55:07 ovzhost sshd[1423]: Received disconnect from 43.255.190.141: 11:  [preauth]
Apr 12 03:55:07 ovzhost sshd[1423]: PAM 2 more authentication failures; logname= uid=0 euid=0 tty=ssh ruser= rhost=43.255.190.141  user=root
Apr 12 03:55:08 ovzhost sshd[1427]: pam_unix(sshd:auth): authentication failure; logname= uid=0 euid=0 tty=ssh ruser= rhost=43.255.190.141  user=root
Apr 12 03:55:10 ovzhost sshd[1425]: message repeated 2 times: [ Failed password for root from 43.255.190.90 port 50156 ssh2]
Apr 12 03:55:10 ovzhost sshd[1425]: Received disconnect from 43.255.190.90: 11:  [preauth]
Apr 12 03:55:10 ovzhost sshd[1425]: PAM 2 more authentication failures; logname= uid=0 euid=0 tty=ssh ruser= rhost=43.255.190.90  user=root
Apr 12 03:55:11 ovzhost sshd[1427]: Failed password for root from 43.255.190.141 port 59169 ssh2
Apr 12 03:55:11 ovzhost sshd[1429]: pam_unix(sshd:auth): authentication failure; logname= uid=0 euid=0 tty=ssh ruser= rhost=43.255.190.90  user=root
Apr 12 03:55:13 ovzhost sshd[1429]: Failed password for root from 43.255.190.90 port 38241 ssh2
Apr 12 03:55:15 ovzhost sshd[1427]: message repeated 2 times: [ Failed password for root from 43.255.190.141 port 59169 ssh2]
Apr 12 03:55:15 ovzhost sshd[1427]: Received disconnect from 43.255.190.141: 11:  [preauth]
Apr 12 03:55:15 ovzhost sshd[1427]: PAM 2 more authentication failures; logname= uid=0 euid=0 tty=ssh ruser= rhost=43.255.190.141  user=root
Apr 12 03:55:15 ovzhost sshd[1431]: pam_unix(sshd:auth): authentication failure; logname= uid=0 euid=0 tty=ssh ruser= rhost=43.255.190.141  user=root
Apr 12 03:55:16 ovzhost sshd[1429]: message repeated 2 times: [ Failed password for root from 43.255.190.90 port 38241 ssh2]
Apr 12 03:55:17 ovzhost sshd[1429]: Received disconnect from 43.255.190.90: 11:  [preauth]
Apr 12 03:55:17 ovzhost sshd[1429]: PAM 2 more authentication failures; logname= uid=0 euid=0 tty=ssh ruser= rhost=43.255.190.90  user=root
Apr 12 03:55:17 ovzhost sshd[1431]: Failed password for root from 43.255.190.141 port 45080 ssh2
Apr 12 03:55:17 ovzhost sshd[1433]: pam_unix(sshd:auth): authentication failure; logname= uid=0 euid=0 tty=ssh ruser= rhost=43.255.190.90  user=root
Apr 12 03:55:19 ovzhost sshd[1433]: Failed password for root from 43.255.190.90 port 53357 ssh2
Apr 12 03:55:22 ovzhost sshd[1431]: message repeated 2 times: [ Failed password for root from 43.255.190.141 port 45080 ssh2]
Apr 12 03:55:22 ovzhost sshd[1431]: Received disconnect from 43.255.190.141: 11:  [preauth]
Apr 12 03:55:22 ovzhost sshd[1431]: PAM 2 more authentication failures; logname= uid=0 euid=0 tty=ssh ruser= rhost=43.255.190.141  user=root
Apr 12 03:55:22 ovzhost sshd[1435]: pam_unix(sshd:auth): authentication failure; logname= uid=0 euid=0 tty=ssh ruser= rhost=43.255.190.141  user=root
Apr 12 03:55:24 ovzhost sshd[1433]: message repeated 2 times: [ Failed password for root from 43.255.190.90 port 53357 ssh2]
Apr 12 03:55:24 ovzhost sshd[1433]: Received disconnect from 43.255.190.90: 11:  [preauth]
Apr 12 03:55:24 ovzhost sshd[1433]: PAM 2 more authentication failures; logname= uid=0 euid=0 tty=ssh ruser= rhost=43.255.190.90  user=root
Apr 12 03:55:25 ovzhost sshd[1435]: Failed password for root from 43.255.190.141 port 58860 ssh2
Apr 12 03:55:25 ovzhost sshd[1437]: pam_unix(sshd:auth): authentication failure; logname= uid=0 euid=0 tty=ssh ruser= rhost=43.255.190.90  user=root
Apr 12 03:55:27 ovzhost sshd[1437]: Failed password for root from 43.255.190.90 port 42231 ssh2
Apr 12 03:55:28 ovzhost sshd[1435]: message repeated 2 times: [ Failed password for root from 43.255.190.141 port 58860 ssh2]
Apr 12 03:55:28 ovzhost sshd[1435]: Received disconnect from 43.255.190.141: 11:  [preauth]
Apr 12 03:55:28 ovzhost sshd[1435]: PAM 2 more authentication failures; logname= uid=0 euid=0 tty=ssh ruser= rhost=43.255.190.141  user=root
Apr 12 03:55:29 ovzhost sshd[1439]: pam_unix(sshd:auth): authentication failure; logname= uid=0 euid=0 tty=ssh ruser= rhost=43.255.190.141  user=root
Apr 12 03:55:31 ovzhost sshd[1437]: message repeated 2 times: [ Failed password for root from 43.255.190.90 port 42231 ssh2]
Apr 12 03:55:31 ovzhost sshd[1437]: Received disconnect from 43.255.190.90: 11:  [preauth]
Apr 12 03:55:31 ovzhost sshd[1437]: PAM 2 more authentication failures; logname= uid=0 euid=0 tty=ssh ruser= rhost=43.255.190.90  user=root
Apr 12 03:55:31 ovzhost sshd[1439]: Failed password for root from 43.255.190.141 port 43723 ssh2
Apr 12 03:55:31 ovzhost sshd[1441]: pam_unix(sshd:auth): authentication failure; logname= uid=0 euid=0 tty=ssh ruser= rhost=43.255.190.90  user=root
Apr 12 03:55:34 ovzhost sshd[1441]: Failed password for root from 43.255.190.90 port 57377 ssh2
Apr 12 03:55:36 ovzhost sshd[1439]: message repeated 2 times: [ Failed password for root from 43.255.190.141 port 43723 ssh2]
Apr 12 03:55:36 ovzhost sshd[1439]: Received disconnect from 43.255.190.141: 11:  [preauth]
Apr 12 03:55:36 ovzhost sshd[1439]: PAM 2 more authentication failures; logname= uid=0 euid=0 tty=ssh ruser= rhost=43.255.190.141  user=root
Apr 12 03:55:37 ovzhost sshd[1445]: pam_unix(sshd:auth): authentication failure; logname= uid=0 euid=0 tty=ssh ruser= rhost=43.255.190.141  user=root
Apr 12 03:55:38 ovzhost sshd[1441]: message repeated 2 times: [ Failed password for root from 43.255.190.90 port 57377 ssh2]
Apr 12 03:55:38 ovzhost sshd[1441]: Received disconnect from 43.255.190.90: 11:  [preauth]
Apr 12 03:55:38 ovzhost sshd[1441]: PAM 2 more authentication failures; logname= uid=0 euid=0 tty=ssh ruser= rhost=43.255.190.90  user=root
Apr 12 03:55:38 ovzhost sshd[1445]: Failed password for root from 43.255.190.141 port 58099 ssh2
Apr 12 03:55:38 ovzhost sshd[1447]: pam_unix(sshd:auth): authentication failure; logname= uid=0 euid=0 tty=ssh ruser= rhost=43.255.190.90  user=root
Apr 12 03:55:41 ovzhost sshd[1447]: Failed password for root from 43.255.190.90 port 46075 ssh2
Apr 12 03:55:43 ovzhost sshd[1445]: message repeated 2 times: [ Failed password for root from 43.255.190.141 port 58099 ssh2]
Apr 12 03:55:43 ovzhost sshd[1445]: Received disconnect from 43.255.190.141: 11:  [preauth]
Apr 12 03:55:43 ovzhost sshd[1445]: PAM 2 more authentication failures; logname= uid=0 euid=0 tty=ssh ruser= rhost=43.255.190.141  user=root
Apr 12 03:55:43 ovzhost sshd[1449]: pam_unix(sshd:auth): authentication failure; logname= uid=0 euid=0 tty=ssh ruser= rhost=43.255.190.141  user=root
Apr 12 03:55:45 ovzhost sshd[1447]: message repeated 2 times: [ Failed password for root from 43.255.190.90 port 46075 ssh2]
Apr 12 03:55:45 ovzhost sshd[1447]: Received disconnect from 43.255.190.90: 11:  [preauth]
Apr 12 03:55:45 ovzhost sshd[1447]: PAM 2 more authentication failures; logname= uid=0 euid=0 tty=ssh ruser= rhost=43.255.190.90  user=root
Apr 12 03:55:46 ovzhost sshd[1449]: Failed password for root from 43.255.190.141 port 44647 ssh2
Apr 12 03:55:46 ovzhost sshd[1451]: pam_unix(sshd:auth): authentication failure; logname= uid=0 euid=0 tty=ssh ruser= rhost=43.255.190.90  user=root
Apr 12 03:55:48 ovzhost sshd[1451]: Failed password for root from 43.255.190.90 port 34682 ssh2
Apr 12 03:55:50 ovzhost sshd[1449]: message repeated 2 times: [ Failed password for root from 43.255.190.141 port 44647 ssh2]
Apr 12 03:55:50 ovzhost sshd[1449]: Received disconnect from 43.255.190.141: 11:  [preauth]
Apr 12 03:55:50 ovzhost sshd[1449]: PAM 2 more authentication failures; logname= uid=0 euid=0 tty=ssh ruser= rhost=43.255.190.141  user=root
Apr 12 03:55:50 ovzhost sshd[1453]: pam_unix(sshd:auth): authentication failure; logname= uid=0 euid=0 tty=ssh ruser= rhost=43.255.190.141  user=root
Apr 12 03:55:52 ovzhost sshd[1451]: message repeated 2 times: [ Failed password for root from 43.255.190.90 port 34682 ssh2]
Apr 12 03:55:52 ovzhost sshd[1451]: Received disconnect from 43.255.190.90: 11:  [preauth]
Apr 12 03:55:52 ovzhost sshd[1451]: PAM 2 more authentication failures; logname= uid=0 euid=0 tty=ssh ruser= rhost=43.255.190.90  user=root
Apr 12 03:55:53 ovzhost sshd[1453]: Failed password for root from 43.255.190.141 port 57905 ssh2
Apr 12 03:55:53 ovzhost sshd[1457]: pam_unix(sshd:auth): authentication failure; logname= uid=0 euid=0 tty=ssh ruser= rhost=43.255.190.90  user=root
Apr 12 03:55:55 ovzhost sshd[1457]: Failed password for root from 43.255.190.90 port 50941 ssh2
Apr 12 03:55:57 ovzhost sshd[1453]: message repeated 2 times: [ Failed password for root from 43.255.190.141 port 57905 ssh2]
Apr 12 03:55:57 ovzhost sshd[1453]: Received disconnect from 43.255.190.141: 11:  [preauth]
Apr 12 03:55:57 ovzhost sshd[1453]: PAM 2 more authentication failures; logname= uid=0 euid=0 tty=ssh ruser= rhost=43.255.190.141  user=root
Apr 12 03:55:58 ovzhost sshd[1459]: pam_unix(sshd:auth): authentication failure; logname= uid=0 euid=0 tty=ssh ruser= rhost=43.255.190.141  user=root
Apr 12 03:55:59 ovzhost sshd[1457]: message repeated 2 times: [ Failed password for root from 43.255.190.90 port 50941 ssh2]
Apr 12 03:55:59 ovzhost sshd[1457]: Received disconnect from 43.255.190.90: 11:  [preauth]
Apr 12 03:55:59 ovzhost sshd[1457]: PAM 2 more authentication failures; logname= uid=0 euid=0 tty=ssh ruser= rhost=43.255.190.90  user=root
Apr 12 03:55:59 ovzhost sshd[1459]: Failed password for root from 43.255.190.141 port 43201 ssh2
Apr 12 03:56:00 ovzhost sshd[1461]: pam_unix(sshd:auth): authentication failure; logname= uid=0 euid=0 tty=ssh ruser= rhost=43.255.190.90  user=root
Apr 12 03:56:01 ovzhost sshd[1461]: Failed password for root from 43.255.190.90 port 38458 ssh2
Apr 12 03:56:03 ovzhost sshd[1459]: message repeated 2 times: [ Failed password for root from 43.255.190.141 port 43201 ssh2]
Apr 12 03:56:03 ovzhost sshd[1459]: Received disconnect from 43.255.190.141: 11:  [preauth]
Apr 12 03:56:03 ovzhost sshd[1459]: PAM 2 more authentication failures; logname= uid=0 euid=0 tty=ssh ruser= rhost=43.255.190.141  user=root
Apr 12 03:56:04 ovzhost sshd[1463]: pam_unix(sshd:auth): authentication failure; logname= uid=0 euid=0 tty=ssh ruser= rhost=43.255.190.141  user=root
Apr 12 03:56:05 ovzhost sshd[1461]: message repeated 2 times: [ Failed password for root from 43.255.190.90 port 38458 ssh2]
Apr 12 03:56:05 ovzhost sshd[1461]: Received disconnect from 43.255.190.90: 11:  [preauth]
Apr 12 03:56:05 ovzhost sshd[1461]: PAM 2 more authentication failures; logname= uid=0 euid=0 tty=ssh ruser= rhost=43.255.190.90  user=root
Apr 12 03:56:05 ovzhost sshd[1465]: pam_unix(sshd:auth): authentication failure; logname= uid=0 euid=0 tty=ssh ruser= rhost=43.255.190.90  user=root
Apr 12 03:56:06 ovzhost sshd[1463]: Failed password for root from 43.255.190.141 port 56375 ssh2
Apr 12 03:56:07 ovzhost sshd[1465]: Failed password for root from 43.255.190.90 port 52241 ssh2
Apr 12 03:56:11 ovzhost sshd[1463]: message repeated 2 times: [ Failed password for root from 43.255.190.141 port 56375 ssh2]
Apr 12 03:56:11 ovzhost sshd[1463]: Received disconnect from 43.255.190.141: 11:  [preauth]
Apr 12 03:56:11 ovzhost sshd[1463]: PAM 2 more authentication failures; logname= uid=0 euid=0 tty=ssh ruser= rhost=43.255.190.141  user=root
Apr 12 03:56:11 ovzhost sshd[1467]: pam_unix(sshd:auth): authentication failure; logname= uid=0 euid=0 tty=ssh ruser= rhost=43.255.190.141  user=root
Apr 12 03:56:11 ovzhost sshd[1465]: message repeated 2 times: [ Failed password for root from 43.255.190.90 port 52241 ssh2]
Apr 12 03:56:11 ovzhost sshd[1465]: Received disconnect from 43.255.190.90: 11:  [preauth]
Apr 12 03:56:11 ovzhost sshd[1465]: PAM 2 more authentication failures; logname= uid=0 euid=0 tty=ssh ruser= rhost=43.255.190.90  user=root
Apr 12 03:56:12 ovzhost sshd[1469]: pam_unix(sshd:auth): authentication failure; logname= uid=0 euid=0 tty=ssh ruser= rhost=43.255.190.90  user=root
Apr 12 03:56:13 ovzhost sshd[1467]: Failed password for root from 43.255.190.141 port 42113 ssh2
Apr 12 03:56:13 ovzhost sshd[1469]: Failed password for root from 43.255.190.90 port 37910 ssh2
Apr 12 03:56:17 ovzhost sshd[1467]: message repeated 2 times: [ Failed password for root from 43.255.190.141 port 42113 ssh2]
Apr 12 03:56:17 ovzhost sshd[1467]: Received disconnect from 43.255.190.141: 11:  [preauth]
Apr 12 03:56:17 ovzhost sshd[1467]: PAM 2 more authentication failures; logname= uid=0 euid=0 tty=ssh ruser= rhost=43.255.190.141  user=root
Apr 12 03:56:17 ovzhost sshd[1471]: pam_unix(sshd:auth): authentication failure; logname= uid=0 euid=0 tty=ssh ruser= rhost=43.255.190.141  user=root
Apr 12 03:56:18 ovzhost sshd[1469]: message repeated 2 times: [ Failed password for root from 43.255.190.90 port 37910 ssh2]
Apr 12 03:56:18 ovzhost sshd[1469]: Received disconnect from 43.255.190.90: 11:  [preauth]
Apr 12 03:56:18 ovzhost sshd[1469]: PAM 2 more authentication failures; logname= uid=0 euid=0 tty=ssh ruser= rhost=43.255.190.90  user=root
Apr 12 03:56:19 ovzhost sshd[1473]: pam_unix(sshd:auth): authentication failure; logname= uid=0 euid=0 tty=ssh ruser= rhost=43.255.190.90  user=root
Apr 12 03:56:20 ovzhost sshd[1471]: Failed password for root from 43.255.190.141 port 55099 ssh2
Apr 12 03:56:21 ovzhost sshd[1473]: Failed password for root from 43.255.190.90 port 53900 ssh2
Apr 12 03:56:24 ovzhost sshd[1471]: message repeated 2 times: [ Failed password for root from 43.255.190.141 port 55099 ssh2]
Apr 12 03:56:24 ovzhost sshd[1471]: Received disconnect from 43.255.190.141: 11:  [preauth]
Apr 12 03:56:24 ovzhost sshd[1471]: PAM 2 more authentication failures; logname= uid=0 euid=0 tty=ssh ruser= rhost=43.255.190.141  user=root
Apr 12 03:56:24 ovzhost sshd[1477]: pam_unix(sshd:auth): authentication failure; logname= uid=0 euid=0 tty=ssh ruser= rhost=43.255.190.141  user=root
Apr 12 03:56:25 ovzhost sshd[1473]: message repeated 2 times: [ Failed password for root from 43.255.190.90 port 53900 ssh2]
Apr 12 03:56:25 ovzhost sshd[1473]: Received disconnect from 43.255.190.90: 11:  [preauth]
Apr 12 03:56:25 ovzhost sshd[1473]: PAM 2 more authentication failures; logname= uid=0 euid=0 tty=ssh ruser= rhost=43.255.190.90  user=root
Apr 12 03:56:25 ovzhost sshd[1479]: pam_unix(sshd:auth): authentication failure; logname= uid=0 euid=0 tty=ssh ruser= rhost=43.255.190.90  user=root
Apr 12 03:56:26 ovzhost sshd[1477]: Failed password for root from 43.255.190.141 port 40759 ssh2
Apr 12 03:56:27 ovzhost sshd[1479]: Failed password for root from 43.255.190.90 port 41538 ssh2
Apr 12 03:56:30 ovzhost sshd[1477]: message repeated 2 times: [ Failed password for root from 43.255.190.141 port 40759 ssh2]
Apr 12 03:56:30 ovzhost sshd[1477]: Received disconnect from 43.255.190.141: 11:  [preauth]
Apr 12 03:56:30 ovzhost sshd[1477]: PAM 2 more authentication failures; logname= uid=0 euid=0 tty=ssh ruser= rhost=43.255.190.141  user=root
Apr 12 03:56:31 ovzhost sshd[1481]: pam_unix(sshd:auth): authentication failure; logname= uid=0 euid=0 tty=ssh ruser= rhost=43.255.190.141  user=root
Apr 12 03:56:32 ovzhost sshd[1479]: message repeated 2 times: [ Failed password for root from 43.255.190.90 port 41538 ssh2]
Apr 12 03:56:32 ovzhost sshd[1479]: Received disconnect from 43.255.190.90: 11:  [preauth]
Apr 12 03:56:32 ovzhost sshd[1479]: PAM 2 more authentication failures; logname= uid=0 euid=0 tty=ssh ruser= rhost=43.255.190.90  user=root
Apr 12 03:56:32 ovzhost sshd[1483]: pam_unix(sshd:auth): authentication failure; logname= uid=0 euid=0 tty=ssh ruser= rhost=43.255.190.90  user=root
Apr 12 03:56:33 ovzhost sshd[1481]: Failed password for root from 43.255.190.141 port 53596 ssh2
Apr 12 03:56:35 ovzhost sshd[1483]: Failed password for root from 43.255.190.90 port 57334 ssh2
Apr 12 03:56:36 ovzhost sshd[1481]: message repeated 2 times: [ Failed password for root from 43.255.190.141 port 53596 ssh2]
Apr 12 03:56:36 ovzhost sshd[1481]: Received disconnect from 43.255.190.141: 11:  [preauth]
Apr 12 03:56:36 ovzhost sshd[1481]: PAM 2 more authentication failures; logname= uid=0 euid=0 tty=ssh ruser= rhost=43.255.190.141  user=root
Apr 12 03:56:36 ovzhost sshd[1485]: pam_unix(sshd:auth): authentication failure; logname= uid=0 euid=0 tty=ssh ruser= rhost=43.255.190.141  user=root
Apr 12 03:56:38 ovzhost sshd[1485]: Failed password for root from 43.255.190.141 port 36535 ssh2
Apr 12 03:56:39 ovzhost sshd[1483]: message repeated 2 times: [ Failed password for root from 43.255.190.90 port 57334 ssh2]
Apr 12 03:56:39 ovzhost sshd[1483]: Received disconnect from 43.255.190.90: 11:  [preauth]
Apr 12 03:56:39 ovzhost sshd[1483]: PAM 2 more authentication failures; logname= uid=0 euid=0 tty=ssh ruser= rhost=43.255.190.90  user=root
Apr 12 03:56:42 ovzhost sshd[1485]: message repeated 2 times: [ Failed password for root from 43.255.190.141 port 36535 ssh2]
Apr 12 03:56:42 ovzhost sshd[1485]: Received disconnect from 43.255.190.141: 11:  [preauth]
Apr 12 03:56:42 ovzhost sshd[1485]: PAM 2 more authentication failures; logname= uid=0 euid=0 tty=ssh ruser= rhost=43.255.190.141  user=root
Apr 12 03:56:43 ovzhost sshd[1487]: pam_unix(sshd:auth): authentication failure; logname= uid=0 euid=0 tty=ssh ruser= rhost=43.255.190.141  user=root
Apr 12 03:56:45 ovzhost sshd[1487]: Failed password for root from 43.255.190.141 port 50367 ssh2
Apr 12 03:56:48 ovzhost sshd[1487]: message repeated 2 times: [ Failed password for root from 43.255.190.141 port 50367 ssh2]
Apr 12 03:56:48 ovzhost sshd[1487]: Received disconnect from 43.255.190.141: 11:  [preauth]
Apr 12 03:56:48 ovzhost sshd[1487]: PAM 2 more authentication failures; logname= uid=0 euid=0 tty=ssh ruser= rhost=43.255.190.141  user=root
Apr 12 03:56:49 ovzhost sshd[1489]: pam_unix(sshd:auth): authentication failure; logname= uid=0 euid=0 tty=ssh ruser= rhost=43.255.190.141  user=root
Apr 12 03:56:50 ovzhost sshd[1489]: Failed password for root from 43.255.190.141 port 34693 ssh2
Apr 12 03:56:55 ovzhost sshd[1489]: message repeated 2 times: [ Failed password for root from 43.255.190.141 port 34693 ssh2]
Apr 12 03:56:55 ovzhost sshd[1489]: Received disconnect from 43.255.190.141: 11:  [preauth]
Apr 12 03:56:55 ovzhost sshd[1489]: PAM 2 more authentication failures; logname= uid=0 euid=0 tty=ssh ruser= rhost=43.255.190.141  user=root
Apr 12 03:56:56 ovzhost sshd[1492]: pam_unix(sshd:auth): authentication failure; logname= uid=0 euid=0 tty=ssh ruser= rhost=43.255.190.141  user=root
Apr 12 03:56:58 ovzhost sshd[1492]: Failed password for root from 43.255.190.141 port 47040 ssh2
Apr 12 03:57:02 ovzhost sshd[1492]: message repeated 2 times: [ Failed password for root from 43.255.190.141 port 47040 ssh2]
Apr 12 03:57:02 ovzhost sshd[1492]: Received disconnect from 43.255.190.141: 11:  [preauth]
Apr 12 03:57:02 ovzhost sshd[1492]: PAM 2 more authentication failures; logname= uid=0 euid=0 tty=ssh ruser= rhost=43.255.190.141  user=root
Apr 12 03:57:02 ovzhost sshd[1494]: pam_unix(sshd:auth): authentication failure; logname= uid=0 euid=0 tty=ssh ruser= rhost=43.255.190.141  user=root
Apr 12 03:57:05 ovzhost sshd[1494]: Failed password for root from 43.255.190.141 port 59990 ssh2
Apr 12 03:57:09 ovzhost sshd[1494]: message repeated 2 times: [ Failed password for root from 43.255.190.141 port 59990 ssh2]
Apr 12 03:57:09 ovzhost sshd[1494]: Received disconnect from 43.255.190.141: 11:  [preauth]
Apr 12 03:57:09 ovzhost sshd[1494]: PAM 2 more authentication failures; logname= uid=0 euid=0 tty=ssh ruser= rhost=43.255.190.141  user=root
Apr 12 03:57:10 ovzhost sshd[1496]: pam_unix(sshd:auth): authentication failure; logname= uid=0 euid=0 tty=ssh ruser= rhost=43.255.190.141  user=root
Apr 12 03:57:11 ovzhost sshd[1496]: Failed password for root from 43.255.190.141 port 47297 ssh2
Apr 12 03:57:14 ovzhost sshd[1496]: message repeated 2 times: [ Failed password for root from 43.255.190.141 port 47297 ssh2]
Apr 12 03:57:14 ovzhost sshd[1496]: Received disconnect from 43.255.190.141: 11:  [preauth]
Apr 12 03:57:14 ovzhost sshd[1496]: PAM 2 more authentication failures; logname= uid=0 euid=0 tty=ssh ruser= rhost=43.255.190.141  user=root
Apr 12 03:57:15 ovzhost sshd[1498]: pam_unix(sshd:auth): authentication failure; logname= uid=0 euid=0 tty=ssh ruser= rhost=43.255.190.141  user=root
Apr 12 03:57:17 ovzhost sshd[1498]: Failed password for root from 43.255.190.141 port 59670 ssh2
Apr 12 03:57:21 ovzhost sshd[1498]: message repeated 2 times: [ Failed password for root from 43.255.190.141 port 59670 ssh2]
Apr 12 03:57:21 ovzhost sshd[1498]: Received disconnect from 43.255.190.141: 11:  [preauth]
Apr 12 03:57:21 ovzhost sshd[1498]: PAM 2 more authentication failures; logname= uid=0 euid=0 tty=ssh ruser= rhost=43.255.190.141  user=root
Apr 12 03:58:43 ovzhost sshd[1508]: Connection closed by 127.0.0.1 [preauth]
Apr 12 04:00:01 ovzhost CRON[1516]: pam_env(cron:session): Unable to open env file: /etc/default/locale: No such file or directory
Apr 12 04:00:01 ovzhost CRON[1516]: pam_unix(cron:session): session opened for user smmsp by (uid=0)
Apr 12 04:00:01 ovzhost CRON[1516]: pam_unix(cron:session): session closed for user smmsp
Apr 12 04:00:25 ovzhost sshd[1544]: Connection closed by 128.8.37.104 [preauth]
Apr 12 04:03:43 ovzhost sshd[1558]: Connection closed by 127.0.0.1 [preauth]
Apr 12 04:08:28 ovzhost sshd[1579]: pam_unix(sshd:auth): authentication failure; logname= uid=0 euid=0 tty=ssh ruser= rhost=43.255.190.115  user=root
Apr 12 04:08:30 ovzhost sshd[1579]: Failed password for root from 43.255.190.115 port 45135 ssh2
Apr 12 04:08:34 ovzhost sshd[1579]: message repeated 2 times: [ Failed password for root from 43.255.190.115 port 45135 ssh2]
Apr 12 04:08:34 ovzhost sshd[1579]: Received disconnect from 43.255.190.115: 11:  [preauth]
Apr 12 04:08:34 ovzhost sshd[1579]: PAM 2 more authentication failures; logname= uid=0 euid=0 tty=ssh ruser= rhost=43.255.190.115  user=root
Apr 12 04:08:35 ovzhost sshd[1583]: pam_unix(sshd:auth): authentication failure; logname= uid=0 euid=0 tty=ssh ruser= rhost=43.255.190.115  user=root
Apr 12 04:08:38 ovzhost sshd[1583]: Failed password for root from 43.255.190.115 port 33790 ssh2
Apr 12 04:08:42 ovzhost sshd[1583]: message repeated 2 times: [ Failed password for root from 43.255.190.115 port 33790 ssh2]
Apr 12 04:08:42 ovzhost sshd[1583]: Received disconnect from 43.255.190.115: 11:  [preauth]
Apr 12 04:08:42 ovzhost sshd[1583]: PAM 2 more authentication failures; logname= uid=0 euid=0 tty=ssh ruser= rhost=43.255.190.115  user=root
Apr 12 04:08:42 ovzhost sshd[1585]: pam_unix(sshd:auth): authentication failure; logname= uid=0 euid=0 tty=ssh ruser= rhost=43.255.190.115  user=root
Apr 12 04:08:43 ovzhost sshd[1588]: Connection closed by 127.0.0.1 [preauth]
Apr 12 04:08:45 ovzhost sshd[1585]: Failed password for root from 43.255.190.115 port 52108 ssh2
Apr 12 04:08:50 ovzhost sshd[1585]: message repeated 2 times: [ Failed password for root from 43.255.190.115 port 52108 ssh2]
Apr 12 04:08:50 ovzhost sshd[1585]: Received disconnect from 43.255.190.115: 11:  [preauth]
Apr 12 04:08:50 ovzhost sshd[1585]: PAM 2 more authentication failures; logname= uid=0 euid=0 tty=ssh ruser= rhost=43.255.190.115  user=root
Apr 12 04:08:50 ovzhost sshd[1590]: pam_unix(sshd:auth): authentication failure; logname= uid=0 euid=0 tty=ssh ruser= rhost=43.255.190.115  user=root
Apr 12 04:08:52 ovzhost sshd[1590]: Failed password for root from 43.255.190.115 port 43436 ssh2
Apr 12 04:08:56 ovzhost sshd[1590]: message repeated 2 times: [ Failed password for root from 43.255.190.115 port 43436 ssh2]
Apr 12 04:08:56 ovzhost sshd[1590]: Received disconnect from 43.255.190.115: 11:  [preauth]
Apr 12 04:08:56 ovzhost sshd[1590]: PAM 2 more authentication failures; logname= uid=0 euid=0 tty=ssh ruser= rhost=43.255.190.115  user=root
Apr 12 04:08:57 ovzhost sshd[1594]: pam_unix(sshd:auth): authentication failure; logname= uid=0 euid=0 tty=ssh ruser= rhost=43.255.190.115  user=root
Apr 12 04:08:59 ovzhost sshd[1594]: Failed password for root from 43.255.190.115 port 59860 ssh2
Apr 12 04:09:01 ovzhost CRON[1597]: pam_env(cron:session): Unable to open env file: /etc/default/locale: No such file or directory
Apr 12 04:09:01 ovzhost CRON[1597]: pam_unix(cron:session): session opened for user root by (uid=0)
Apr 12 04:09:01 ovzhost CRON[1596]: pam_env(cron:session): Unable to open env file: /etc/default/locale: No such file or directory
Apr 12 04:09:01 ovzhost CRON[1596]: pam_unix(cron:session): session opened for user root by (uid=0)
Apr 12 04:09:01 ovzhost CRON[1596]: pam_unix(cron:session): session closed for user root
Apr 12 04:09:01 ovzhost CRON[1597]: pam_unix(cron:session): session closed for user root
Apr 12 04:09:04 ovzhost sshd[1594]: message repeated 2 times: [ Failed password for root from 43.255.190.115 port 59860 ssh2]
Apr 12 04:09:04 ovzhost sshd[1594]: Received disconnect from 43.255.190.115: 11:  [preauth]
Apr 12 04:09:04 ovzhost sshd[1594]: PAM 2 more authentication failures; logname= uid=0 euid=0 tty=ssh ruser= rhost=43.255.190.115  user=root
Apr 12 04:09:05 ovzhost sshd[1610]: pam_unix(sshd:auth): authentication failure; logname= uid=0 euid=0 tty=ssh ruser= rhost=43.255.190.115  user=root
Apr 12 04:09:07 ovzhost sshd[1610]: Failed password for root from 43.255.190.115 port 49889 ssh2
Apr 12 04:09:10 ovzhost sshd[1610]: message repeated 2 times: [ Failed password for root from 43.255.190.115 port 49889 ssh2]
Apr 12 04:09:10 ovzhost sshd[1610]: Received disconnect from 43.255.190.115: 11:  [preauth]
Apr 12 04:09:10 ovzhost sshd[1610]: PAM 2 more authentication failures; logname= uid=0 euid=0 tty=ssh ruser= rhost=43.255.190.115  user=root
Apr 12 04:09:11 ovzhost sshd[1612]: pam_unix(sshd:auth): authentication failure; logname= uid=0 euid=0 tty=ssh ruser= rhost=43.255.190.115  user=root
Apr 12 04:09:13 ovzhost sshd[1612]: Failed password for root from 43.255.190.115 port 37739 ssh2
Apr 12 04:09:17 ovzhost sshd[1612]: message repeated 2 times: [ Failed password for root from 43.255.190.115 port 37739 ssh2]
Apr 12 04:09:17 ovzhost sshd[1612]: Received disconnect from 43.255.190.115: 11:  [preauth]
Apr 12 04:09:17 ovzhost sshd[1612]: PAM 2 more authentication failures; logname= uid=0 euid=0 tty=ssh ruser= rhost=43.255.190.115  user=root
Apr 12 04:09:17 ovzhost sshd[1614]: pam_unix(sshd:auth): authentication failure; logname= uid=0 euid=0 tty=ssh ruser= rhost=43.255.190.115  user=root
Apr 12 04:09:19 ovzhost sshd[1614]: Failed password for root from 43.255.190.115 port 53894 ssh2
Apr 12 04:09:24 ovzhost sshd[1614]: message repeated 2 times: [ Failed password for root from 43.255.190.115 port 53894 ssh2]
Apr 12 04:09:24 ovzhost sshd[1614]: Received disconnect from 43.255.190.115: 11:  [preauth]
Apr 12 04:09:24 ovzhost sshd[1614]: PAM 2 more authentication failures; logname= uid=0 euid=0 tty=ssh ruser= rhost=43.255.190.115  user=root
Apr 12 04:09:25 ovzhost sshd[1619]: pam_unix(sshd:auth): authentication failure; logname= uid=0 euid=0 tty=ssh ruser= rhost=43.255.190.115  user=root
Apr 12 04:09:26 ovzhost sshd[1619]: Failed password for root from 43.255.190.115 port 42510 ssh2
Apr 12 04:09:29 ovzhost sshd[1619]: message repeated 2 times: [ Failed password for root from 43.255.190.115 port 42510 ssh2]
Apr 12 04:09:29 ovzhost sshd[1619]: Received disconnect from 43.255.190.115: 11:  [preauth]
Apr 12 04:09:29 ovzhost sshd[1619]: PAM 2 more authentication failures; logname= uid=0 euid=0 tty=ssh ruser= rhost=43.255.190.115  user=root
Apr 12 04:09:30 ovzhost sshd[1621]: pam_unix(sshd:auth): authentication failure; logname= uid=0 euid=0 tty=ssh ruser= rhost=43.255.190.115  user=root
Apr 12 04:09:32 ovzhost sshd[1621]: Failed password for root from 43.255.190.115 port 56433 ssh2
Apr 12 04:09:36 ovzhost sshd[1621]: message repeated 2 times: [ Failed password for root from 43.255.190.115 port 56433 ssh2]
Apr 12 04:09:36 ovzhost sshd[1621]: Received disconnect from 43.255.190.115: 11:  [preauth]
Apr 12 04:09:36 ovzhost sshd[1621]: PAM 2 more authentication failures; logname= uid=0 euid=0 tty=ssh ruser= rhost=43.255.190.115  user=root
Apr 12 04:09:37 ovzhost sshd[1623]: pam_unix(sshd:auth): authentication failure; logname= uid=0 euid=0 tty=ssh ruser= rhost=43.255.190.115  user=root
Apr 12 04:09:39 ovzhost sshd[1623]: Failed password for root from 43.255.190.115 port 44709 ssh2
Apr 12 04:09:43 ovzhost sshd[1623]: message repeated 2 times: [ Failed password for root from 43.255.190.115 port 44709 ssh2]
Apr 12 04:09:43 ovzhost sshd[1623]: Received disconnect from 43.255.190.115: 11:  [preauth]
Apr 12 04:09:43 ovzhost sshd[1623]: PAM 2 more authentication failures; logname= uid=0 euid=0 tty=ssh ruser= rhost=43.255.190.115  user=root
Apr 12 04:09:43 ovzhost sshd[1625]: pam_unix(sshd:auth): authentication failure; logname= uid=0 euid=0 tty=ssh ruser= rhost=43.255.190.115  user=root
Apr 12 04:09:45 ovzhost sshd[1625]: Failed password for root from 43.255.190.115 port 60312 ssh2
Apr 12 04:09:50 ovzhost sshd[1625]: message repeated 2 times: [ Failed password for root from 43.255.190.115 port 60312 ssh2]
Apr 12 04:09:50 ovzhost sshd[1625]: Received disconnect from 43.255.190.115: 11:  [preauth]
Apr 12 04:09:50 ovzhost sshd[1625]: PAM 2 more authentication failures; logname= uid=0 euid=0 tty=ssh ruser= rhost=43.255.190.115  user=root
Apr 12 04:09:51 ovzhost sshd[1627]: pam_unix(sshd:auth): authentication failure; logname= uid=0 euid=0 tty=ssh ruser= rhost=43.255.190.115  user=root
Apr 12 04:09:53 ovzhost sshd[1627]: Failed password for root from 43.255.190.115 port 50276 ssh2
Apr 12 04:09:57 ovzhost sshd[1627]: message repeated 2 times: [ Failed password for root from 43.255.190.115 port 50276 ssh2]
Apr 12 04:09:57 ovzhost sshd[1627]: Received disconnect from 43.255.190.115: 11:  [preauth]
Apr 12 04:09:57 ovzhost sshd[1627]: PAM 2 more authentication failures; logname= uid=0 euid=0 tty=ssh ruser= rhost=43.255.190.115  user=root
Apr 12 04:09:58 ovzhost sshd[1630]: pam_unix(sshd:auth): authentication failure; logname= uid=0 euid=0 tty=ssh ruser= rhost=43.255.190.115  user=root
Apr 12 04:10:00 ovzhost sshd[1630]: Failed password for root from 43.255.190.115 port 38305 ssh2
Apr 12 04:10:04 ovzhost sshd[1630]: message repeated 2 times: [ Failed password for root from 43.255.190.115 port 38305 ssh2]
Apr 12 04:10:04 ovzhost sshd[1630]: Received disconnect from 43.255.190.115: 11:  [preauth]
Apr 12 04:10:04 ovzhost sshd[1630]: PAM 2 more authentication failures; logname= uid=0 euid=0 tty=ssh ruser= rhost=43.255.190.115  user=root
Apr 12 04:10:05 ovzhost sshd[1632]: pam_unix(sshd:auth): authentication failure; logname= uid=0 euid=0 tty=ssh ruser= rhost=43.255.190.115  user=root
Apr 12 04:10:06 ovzhost sshd[1632]: Failed password for root from 43.255.190.115 port 55774 ssh2
Apr 12 04:10:10 ovzhost sshd[1632]: message repeated 2 times: [ Failed password for root from 43.255.190.115 port 55774 ssh2]
Apr 12 04:10:11 ovzhost sshd[1632]: Received disconnect from 43.255.190.115: 11:  [preauth]
Apr 12 04:10:11 ovzhost sshd[1632]: PAM 2 more authentication failures; logname= uid=0 euid=0 tty=ssh ruser= rhost=43.255.190.115  user=root
Apr 12 04:10:11 ovzhost sshd[1634]: pam_unix(sshd:auth): authentication failure; logname= uid=0 euid=0 tty=ssh ruser= rhost=43.255.190.115  user=root
Apr 12 04:10:13 ovzhost sshd[1634]: Failed password for root from 43.255.190.115 port 43858 ssh2
Apr 12 04:10:17 ovzhost sshd[1634]: message repeated 2 times: [ Failed password for root from 43.255.190.115 port 43858 ssh2]
Apr 12 04:10:17 ovzhost sshd[1634]: Received disconnect from 43.255.190.115: 11:  [preauth]
Apr 12 04:10:17 ovzhost sshd[1634]: PAM 2 more authentication failures; logname= uid=0 euid=0 tty=ssh ruser= rhost=43.255.190.115  user=root
Apr 12 04:10:17 ovzhost sshd[1636]: pam_unix(sshd:auth): authentication failure; logname= uid=0 euid=0 tty=ssh ruser= rhost=43.255.190.115  user=root
Apr 12 04:10:19 ovzhost sshd[1636]: Failed password for root from 43.255.190.115 port 59468 ssh2
Apr 12 04:10:23 ovzhost sshd[1636]: message repeated 2 times: [ Failed password for root from 43.255.190.115 port 59468 ssh2]
Apr 12 04:10:23 ovzhost sshd[1636]: Received disconnect from 43.255.190.115: 11:  [preauth]
Apr 12 04:10:23 ovzhost sshd[1636]: PAM 2 more authentication failures; logname= uid=0 euid=0 tty=ssh ruser= rhost=43.255.190.115  user=root
Apr 12 04:10:23 ovzhost sshd[1638]: pam_unix(sshd:auth): authentication failure; logname= uid=0 euid=0 tty=ssh ruser= rhost=43.255.190.115  user=root
Apr 12 04:10:25 ovzhost sshd[1643]: Connection closed by 128.8.37.104 [preauth]
Apr 12 04:10:25 ovzhost sshd[1638]: Failed password for root from 43.255.190.115 port 46320 ssh2
Apr 12 04:10:28 ovzhost sshd[1638]: message repeated 2 times: [ Failed password for root from 43.255.190.115 port 46320 ssh2]
Apr 12 04:10:28 ovzhost sshd[1638]: Received disconnect from 43.255.190.115: 11:  [preauth]
Apr 12 04:10:28 ovzhost sshd[1638]: PAM 2 more authentication failures; logname= uid=0 euid=0 tty=ssh ruser= rhost=43.255.190.115  user=root
Apr 12 04:10:29 ovzhost sshd[1645]: pam_unix(sshd:auth): authentication failure; logname= uid=0 euid=0 tty=ssh ruser= rhost=43.255.190.115  user=root
Apr 12 04:10:31 ovzhost sshd[1645]: Failed password for root from 43.255.190.115 port 32988 ssh2
Apr 12 04:10:35 ovzhost sshd[1645]: message repeated 2 times: [ Failed password for root from 43.255.190.115 port 32988 ssh2]
Apr 12 04:10:35 ovzhost sshd[1645]: Received disconnect from 43.255.190.115: 11:  [preauth]
Apr 12 04:10:35 ovzhost sshd[1645]: PAM 2 more authentication failures; logname= uid=0 euid=0 tty=ssh ruser= rhost=43.255.190.115  user=root
Apr 12 04:10:36 ovzhost sshd[1649]: pam_unix(sshd:auth): authentication failure; logname= uid=0 euid=0 tty=ssh ruser= rhost=43.255.190.115  user=root
Apr 12 04:10:37 ovzhost sshd[1649]: Failed password for root from 43.255.190.115 port 48431 ssh2
Apr 12 04:10:41 ovzhost sshd[1649]: message repeated 2 times: [ Failed password for root from 43.255.190.115 port 48431 ssh2]
Apr 12 04:10:41 ovzhost sshd[1649]: Received disconnect from 43.255.190.115: 11:  [preauth]
Apr 12 04:10:41 ovzhost sshd[1649]: PAM 2 more authentication failures; logname= uid=0 euid=0 tty=ssh ruser= rhost=43.255.190.115  user=root
Apr 12 04:10:41 ovzhost sshd[1651]: pam_unix(sshd:auth): authentication failure; logname= uid=0 euid=0 tty=ssh ruser= rhost=43.255.190.115  user=root
Apr 12 04:10:42 ovzhost sshd[1640]: Connection closed by 43.255.190.184 [preauth]
Apr 12 04:10:43 ovzhost sshd[1651]: Failed password for root from 43.255.190.115 port 35022 ssh2
Apr 12 04:10:47 ovzhost sshd[1651]: message repeated 2 times: [ Failed password for root from 43.255.190.115 port 35022 ssh2]
Apr 12 04:10:47 ovzhost sshd[1651]: Received disconnect from 43.255.190.115: 11:  [preauth]
Apr 12 04:10:47 ovzhost sshd[1651]: PAM 2 more authentication failures; logname= uid=0 euid=0 tty=ssh ruser= rhost=43.255.190.115  user=root
Apr 12 04:10:47 ovzhost sshd[1653]: pam_unix(sshd:auth): authentication failure; logname= uid=0 euid=0 tty=ssh ruser= rhost=43.255.190.115  user=root
Apr 12 04:10:49 ovzhost sshd[1653]: Failed password for root from 43.255.190.115 port 49912 ssh2
Apr 12 04:10:53 ovzhost sshd[1653]: message repeated 2 times: [ Failed password for root from 43.255.190.115 port 49912 ssh2]
Apr 12 04:10:53 ovzhost sshd[1653]: Received disconnect from 43.255.190.115: 11:  [preauth]
Apr 12 04:10:53 ovzhost sshd[1653]: PAM 2 more authentication failures; logname= uid=0 euid=0 tty=ssh ruser= rhost=43.255.190.115  user=root
Apr 12 04:10:54 ovzhost sshd[1655]: pam_unix(sshd:auth): authentication failure; logname= uid=0 euid=0 tty=ssh ruser= rhost=43.255.190.115  user=root
Apr 12 04:10:56 ovzhost sshd[1655]: Failed password for root from 43.255.190.115 port 37467 ssh2
Apr 12 04:11:00 ovzhost sshd[1655]: message repeated 2 times: [ Failed password for root from 43.255.190.115 port 37467 ssh2]
Apr 12 04:11:00 ovzhost sshd[1655]: Received disconnect from 43.255.190.115: 11:  [preauth]
Apr 12 04:11:00 ovzhost sshd[1655]: PAM 2 more authentication failures; logname= uid=0 euid=0 tty=ssh ruser= rhost=43.255.190.115  user=root
Apr 12 04:11:00 ovzhost sshd[1657]: pam_unix(sshd:auth): authentication failure; logname= uid=0 euid=0 tty=ssh ruser= rhost=43.255.190.115  user=root
Apr 12 04:11:02 ovzhost sshd[1657]: Failed password for root from 43.255.190.115 port 53962 ssh2
Apr 12 04:11:06 ovzhost sshd[1657]: message repeated 2 times: [ Failed password for root from 43.255.190.115 port 53962 ssh2]
Apr 12 04:11:06 ovzhost sshd[1657]: Received disconnect from 43.255.190.115: 11:  [preauth]
Apr 12 04:11:06 ovzhost sshd[1657]: PAM 2 more authentication failures; logname= uid=0 euid=0 tty=ssh ruser= rhost=43.255.190.115  user=root
Apr 12 04:11:07 ovzhost sshd[1661]: pam_unix(sshd:auth): authentication failure; logname= uid=0 euid=0 tty=ssh ruser= rhost=43.255.190.115  user=root
Apr 12 04:11:08 ovzhost sshd[1661]: Failed password for root from 43.255.190.115 port 41850 ssh2
Apr 12 04:11:12 ovzhost sshd[1661]: message repeated 2 times: [ Failed password for root from 43.255.190.115 port 41850 ssh2]
Apr 12 04:11:12 ovzhost sshd[1661]: Received disconnect from 43.255.190.115: 11:  [preauth]
Apr 12 04:11:12 ovzhost sshd[1661]: PAM 2 more authentication failures; logname= uid=0 euid=0 tty=ssh ruser= rhost=43.255.190.115  user=root
Apr 12 04:11:13 ovzhost sshd[1663]: pam_unix(sshd:auth): authentication failure; logname= uid=0 euid=0 tty=ssh ruser= rhost=43.255.190.115  user=root
Apr 12 04:11:15 ovzhost sshd[1663]: Failed password for root from 43.255.190.115 port 56273 ssh2
Apr 12 04:11:19 ovzhost sshd[1663]: message repeated 2 times: [ Failed password for root from 43.255.190.115 port 56273 ssh2]
Apr 12 04:11:19 ovzhost sshd[1663]: Received disconnect from 43.255.190.115: 11:  [preauth]
Apr 12 04:11:19 ovzhost sshd[1663]: PAM 2 more authentication failures; logname= uid=0 euid=0 tty=ssh ruser= rhost=43.255.190.115  user=root
Apr 12 04:11:20 ovzhost sshd[1665]: pam_unix(sshd:auth): authentication failure; logname= uid=0 euid=0 tty=ssh ruser= rhost=43.255.190.115  user=root
Apr 12 04:11:22 ovzhost sshd[1665]: Failed password for root from 43.255.190.115 port 44131 ssh2
Apr 12 04:11:26 ovzhost sshd[1665]: message repeated 2 times: [ Failed password for root from 43.255.190.115 port 44131 ssh2]
Apr 12 04:11:26 ovzhost sshd[1665]: Received disconnect from 43.255.190.115: 11:  [preauth]
Apr 12 04:11:26 ovzhost sshd[1665]: PAM 2 more authentication failures; logname= uid=0 euid=0 tty=ssh ruser= rhost=43.255.190.115  user=root
Apr 12 04:11:27 ovzhost sshd[1667]: pam_unix(sshd:auth): authentication failure; logname= uid=0 euid=0 tty=ssh ruser= rhost=43.255.190.115  user=root
Apr 12 04:11:29 ovzhost sshd[1667]: Failed password for root from 43.255.190.115 port 60434 ssh2
Apr 12 04:11:33 ovzhost sshd[1667]: message repeated 2 times: [ Failed password for root from 43.255.190.115 port 60434 ssh2]
Apr 12 04:11:33 ovzhost sshd[1667]: Received disconnect from 43.255.190.115: 11:  [preauth]
Apr 12 04:11:33 ovzhost sshd[1667]: PAM 2 more authentication failures; logname= uid=0 euid=0 tty=ssh ruser= rhost=43.255.190.115  user=root
Apr 12 04:11:33 ovzhost sshd[1671]: pam_unix(sshd:auth): authentication failure; logname= uid=0 euid=0 tty=ssh ruser= rhost=43.255.190.115  user=root
Apr 12 04:11:35 ovzhost sshd[1671]: Failed password for root from 43.255.190.115 port 48339 ssh2
