Apr 12 09:50:39 ovzhost sshd[1046]: Received disconnect from 43.255.190.141: 11:  [preauth]
Apr 12 09:50:39 ovzhost sshd[1046]: PAM 2 more authentication failures; logname= uid=0 euid=0 tty=ssh ruser= rhost=43.255.190.141  user=root
Apr 12 09:50:40 ovzhost sshd[1048]: pam_unix(sshd:auth): authentication failure; logname= uid=0 euid=0 tty=ssh ruser= rhost=43.255.190.141  user=root
Apr 12 09:50:42 ovzhost sshd[1051]: Connection closed by 128.8.37.120 [preauth]
Apr 12 09:50:42 ovzhost sshd[1048]: Failed password for root from 43.255.190.141 port 33187 ssh2
Apr 12 09:50:47 ovzhost sshd[1048]: message repeated 2 times: [ Failed password for root from 43.255.190.141 port 33187 ssh2]
Apr 12 09:50:47 ovzhost sshd[1048]: Received disconnect from 43.255.190.141: 11:  [preauth]
Apr 12 09:50:47 ovzhost sshd[1048]: PAM 2 more authentication failures; logname= uid=0 euid=0 tty=ssh ruser= rhost=43.255.190.141  user=root
Apr 12 09:50:47 ovzhost sshd[1053]: pam_unix(sshd:auth): authentication failure; logname= uid=0 euid=0 tty=ssh ruser= rhost=43.255.190.141  user=root
Apr 12 09:50:50 ovzhost sshd[1053]: Failed password for root from 43.255.190.141 port 49840 ssh2
Apr 12 09:50:55 ovzhost sshd[1053]: message repeated 2 times: [ Failed password for root from 43.255.190.141 port 49840 ssh2]
Apr 12 09:50:55 ovzhost sshd[1053]: Received disconnect from 43.255.190.141: 11:  [preauth]
Apr 12 09:50:55 ovzhost sshd[1053]: PAM 2 more authentication failures; logname= uid=0 euid=0 tty=ssh ruser= rhost=43.255.190.141  user=root
Apr 12 09:50:57 ovzhost sshd[1056]: pam_unix(sshd:auth): authentication failure; logname= uid=0 euid=0 tty=ssh ruser= rhost=43.255.190.141  user=root
Apr 12 09:50:59 ovzhost sshd[1056]: Failed password for root from 43.255.190.141 port 40829 ssh2
Apr 12 09:51:04 ovzhost sshd[1056]: message repeated 2 times: [ Failed password for root from 43.255.190.141 port 40829 ssh2]
Apr 12 09:51:04 ovzhost sshd[1056]: Received disconnect from 43.255.190.141: 11:  [preauth]
Apr 12 09:51:04 ovzhost sshd[1056]: PAM 2 more authentication failures; logname= uid=0 euid=0 tty=ssh ruser= rhost=43.255.190.141  user=root
Apr 12 09:55:01 ovzhost sshd[1073]: Connection closed by 127.0.0.1 [preauth]
Apr 12 10:00:01 ovzhost sshd[1096]: Connection closed by 127.0.0.1 [preauth]
Apr 12 10:00:01 ovzhost CRON[1098]: pam_env(cron:session): Unable to open env file: /etc/default/locale: No such file or directory
Apr 12 10:00:01 ovzhost CRON[1098]: pam_unix(cron:session): session opened for user smmsp by (uid=0)
Apr 12 10:00:01 ovzhost CRON[1098]: pam_unix(cron:session): session closed for user smmsp
Apr 12 10:00:42 ovzhost sshd[1126]: Connection closed by 128.8.37.120 [preauth]
Apr 12 10:05:01 ovzhost sshd[1144]: Connection closed by 127.0.0.1 [preauth]
Apr 12 10:06:58 ovzhost sshd[1156]: pam_unix(sshd:auth): authentication failure; logname= uid=0 euid=0 tty=ssh ruser= rhost=43.255.190.92  user=root
Apr 12 10:06:59 ovzhost sshd[1156]: Failed password for root from 43.255.190.92 port 37708 ssh2
Apr 12 10:07:04 ovzhost sshd[1156]: message repeated 2 times: [ Failed password for root from 43.255.190.92 port 37708 ssh2]
Apr 12 10:07:04 ovzhost sshd[1156]: Received disconnect from 43.255.190.92: 11:  [preauth]
Apr 12 10:07:04 ovzhost sshd[1156]: PAM 2 more authentication failures; logname= uid=0 euid=0 tty=ssh ruser= rhost=43.255.190.92  user=root
Apr 12 10:07:04 ovzhost sshd[1158]: pam_unix(sshd:auth): authentication failure; logname= uid=0 euid=0 tty=ssh ruser= rhost=43.255.190.92  user=root
Apr 12 10:07:06 ovzhost sshd[1158]: Failed password for root from 43.255.190.92 port 54488 ssh2
Apr 12 10:07:09 ovzhost sshd[1158]: message repeated 2 times: [ Failed password for root from 43.255.190.92 port 54488 ssh2]
Apr 12 10:07:09 ovzhost sshd[1158]: Received disconnect from 43.255.190.92: 11:  [preauth]
Apr 12 10:07:09 ovzhost sshd[1158]: PAM 2 more authentication failures; logname= uid=0 euid=0 tty=ssh ruser= rhost=43.255.190.92  user=root
Apr 12 10:07:10 ovzhost sshd[1161]: pam_unix(sshd:auth): authentication failure; logname= uid=0 euid=0 tty=ssh ruser= rhost=43.255.190.92  user=root
Apr 12 10:07:12 ovzhost sshd[1161]: Failed password for root from 43.255.190.92 port 40472 ssh2
Apr 12 10:07:16 ovzhost sshd[1161]: message repeated 2 times: [ Failed password for root from 43.255.190.92 port 40472 ssh2]
Apr 12 10:07:16 ovzhost sshd[1161]: Received disconnect from 43.255.190.92: 11:  [preauth]
Apr 12 10:07:16 ovzhost sshd[1161]: PAM 2 more authentication failures; logname= uid=0 euid=0 tty=ssh ruser= rhost=43.255.190.92  user=root
Apr 12 10:07:18 ovzhost sshd[1163]: pam_unix(sshd:auth): authentication failure; logname= uid=0 euid=0 tty=ssh ruser= rhost=43.255.190.92  user=root
Apr 12 10:07:19 ovzhost sshd[1163]: Failed password for root from 43.255.190.92 port 56939 ssh2
Apr 12 10:07:24 ovzhost sshd[1163]: message repeated 2 times: [ Failed password for root from 43.255.190.92 port 56939 ssh2]
Apr 12 10:07:24 ovzhost sshd[1163]: Received disconnect from 43.255.190.92: 11:  [preauth]
Apr 12 10:07:24 ovzhost sshd[1163]: PAM 2 more authentication failures; logname= uid=0 euid=0 tty=ssh ruser= rhost=43.255.190.92  user=root
Apr 12 10:07:24 ovzhost sshd[1165]: pam_unix(sshd:auth): authentication failure; logname= uid=0 euid=0 tty=ssh ruser= rhost=43.255.190.92  user=root
Apr 12 10:07:26 ovzhost sshd[1165]: Failed password for root from 43.255.190.92 port 43882 ssh2
Apr 12 10:07:30 ovzhost sshd[1165]: message repeated 2 times: [ Failed password for root from 43.255.190.92 port 43882 ssh2]
Apr 12 10:07:30 ovzhost sshd[1165]: Received disconnect from 43.255.190.92: 11:  [preauth]
Apr 12 10:07:30 ovzhost sshd[1165]: PAM 2 more authentication failures; logname= uid=0 euid=0 tty=ssh ruser= rhost=43.255.190.92  user=root
Apr 12 10:07:31 ovzhost sshd[1167]: pam_unix(sshd:auth): authentication failure; logname= uid=0 euid=0 tty=ssh ruser= rhost=43.255.190.92  user=root
Apr 12 10:07:33 ovzhost sshd[1167]: Failed password for root from 43.255.190.92 port 55986 ssh2
Apr 12 10:07:37 ovzhost sshd[1167]: message repeated 2 times: [ Failed password for root from 43.255.190.92 port 55986 ssh2]
Apr 12 10:07:38 ovzhost sshd[1167]: Received disconnect from 43.255.190.92: 11:  [preauth]
Apr 12 10:07:38 ovzhost sshd[1167]: PAM 2 more authentication failures; logname= uid=0 euid=0 tty=ssh ruser= rhost=43.255.190.92  user=root
Apr 12 10:07:41 ovzhost sshd[1169]: pam_unix(sshd:auth): authentication failure; logname= uid=0 euid=0 tty=ssh ruser= rhost=43.255.190.92  user=root
Apr 12 10:07:43 ovzhost sshd[1169]: Failed password for root from 43.255.190.92 port 44170 ssh2
Apr 12 10:07:47 ovzhost sshd[1169]: message repeated 2 times: [ Failed password for root from 43.255.190.92 port 44170 ssh2]
Apr 12 10:07:47 ovzhost sshd[1169]: Received disconnect from 43.255.190.92: 11:  [preauth]
Apr 12 10:07:47 ovzhost sshd[1169]: PAM 2 more authentication failures; logname= uid=0 euid=0 tty=ssh ruser= rhost=43.255.190.92  user=root
Apr 12 10:07:48 ovzhost sshd[1172]: pam_unix(sshd:auth): authentication failure; logname= uid=0 euid=0 tty=ssh ruser= rhost=43.255.190.92  user=root
Apr 12 10:07:50 ovzhost sshd[1172]: Failed password for root from 43.255.190.92 port 40059 ssh2
Apr 12 10:07:53 ovzhost sshd[1172]: message repeated 2 times: [ Failed password for root from 43.255.190.92 port 40059 ssh2]
Apr 12 10:07:53 ovzhost sshd[1172]: Received disconnect from 43.255.190.92: 11:  [preauth]
Apr 12 10:07:53 ovzhost sshd[1172]: PAM 2 more authentication failures; logname= uid=0 euid=0 tty=ssh ruser= rhost=43.255.190.92  user=root
Apr 12 10:07:54 ovzhost sshd[1174]: pam_unix(sshd:auth): authentication failure; logname= uid=0 euid=0 tty=ssh ruser= rhost=43.255.190.92  user=root
Apr 12 10:07:56 ovzhost sshd[1174]: Failed password for root from 43.255.190.92 port 55309 ssh2
Apr 12 10:08:00 ovzhost sshd[1174]: message repeated 2 times: [ Failed password for root from 43.255.190.92 port 55309 ssh2]
Apr 12 10:08:00 ovzhost sshd[1174]: Received disconnect from 43.255.190.92: 11:  [preauth]
Apr 12 10:08:00 ovzhost sshd[1174]: PAM 2 more authentication failures; logname= uid=0 euid=0 tty=ssh ruser= rhost=43.255.190.92  user=root
Apr 12 10:08:00 ovzhost sshd[1176]: pam_unix(sshd:auth): authentication failure; logname= uid=0 euid=0 tty=ssh ruser= rhost=43.255.190.92  user=root
Apr 12 10:08:02 ovzhost sshd[1176]: Failed password for root from 43.255.190.92 port 44357 ssh2
Apr 12 10:08:06 ovzhost sshd[1176]: message repeated 2 times: [ Failed password for root from 43.255.190.92 port 44357 ssh2]
Apr 12 10:08:06 ovzhost sshd[1176]: Received disconnect from 43.255.190.92: 11:  [preauth]
Apr 12 10:08:06 ovzhost sshd[1176]: PAM 2 more authentication failures; logname= uid=0 euid=0 tty=ssh ruser= rhost=43.255.190.92  user=root
Apr 12 10:08:08 ovzhost sshd[1178]: pam_unix(sshd:auth): authentication failure; logname= uid=0 euid=0 tty=ssh ruser= rhost=43.255.190.92  user=root
Apr 12 10:08:10 ovzhost sshd[1178]: Failed password for root from 43.255.190.92 port 59115 ssh2
Apr 12 10:08:14 ovzhost sshd[1178]: message repeated 2 times: [ Failed password for root from 43.255.190.92 port 59115 ssh2]
Apr 12 10:08:14 ovzhost sshd[1178]: Received disconnect from 43.255.190.92: 11:  [preauth]
Apr 12 10:08:14 ovzhost sshd[1178]: PAM 2 more authentication failures; logname= uid=0 euid=0 tty=ssh ruser= rhost=43.255.190.92  user=root
Apr 12 10:08:15 ovzhost sshd[1181]: pam_unix(sshd:auth): authentication failure; logname= uid=0 euid=0 tty=ssh ruser= rhost=43.255.190.92  user=root
Apr 12 10:08:17 ovzhost sshd[1181]: Failed password for root from 43.255.190.92 port 50385 ssh2
Apr 12 10:08:21 ovzhost sshd[1181]: message repeated 2 times: [ Failed password for root from 43.255.190.92 port 50385 ssh2]
Apr 12 10:08:21 ovzhost sshd[1181]: Received disconnect from 43.255.190.92: 11:  [preauth]
Apr 12 10:08:21 ovzhost sshd[1181]: PAM 2 more authentication failures; logname= uid=0 euid=0 tty=ssh ruser= rhost=43.255.190.92  user=root
Apr 12 10:08:21 ovzhost sshd[1183]: pam_unix(sshd:auth): authentication failure; logname= uid=0 euid=0 tty=ssh ruser= rhost=43.255.190.92  user=root
Apr 12 10:08:23 ovzhost sshd[1183]: Failed password for root from 43.255.190.92 port 39866 ssh2
Apr 12 10:08:27 ovzhost sshd[1183]: message repeated 2 times: [ Failed password for root from 43.255.190.92 port 39866 ssh2]
Apr 12 10:08:28 ovzhost sshd[1183]: Received disconnect from 43.255.190.92: 11:  [preauth]
Apr 12 10:08:28 ovzhost sshd[1183]: PAM 2 more authentication failures; logname= uid=0 euid=0 tty=ssh ruser= rhost=43.255.190.92  user=root
Apr 12 10:08:30 ovzhost sshd[1185]: pam_unix(sshd:auth): authentication failure; logname= uid=0 euid=0 tty=ssh ruser= rhost=43.255.190.92  user=root
Apr 12 10:08:32 ovzhost sshd[1185]: Failed password for root from 43.255.190.92 port 57101 ssh2
Apr 12 10:08:36 ovzhost sshd[1185]: message repeated 2 times: [ Failed password for root from 43.255.190.92 port 57101 ssh2]
Apr 12 10:08:37 ovzhost sshd[1185]: Received disconnect from 43.255.190.92: 11:  [preauth]
Apr 12 10:08:37 ovzhost sshd[1185]: PAM 2 more authentication failures; logname= uid=0 euid=0 tty=ssh ruser= rhost=43.255.190.92  user=root
Apr 12 10:08:37 ovzhost sshd[1189]: pam_unix(sshd:auth): authentication failure; logname= uid=0 euid=0 tty=ssh ruser= rhost=43.255.190.92  user=root
Apr 12 10:08:40 ovzhost sshd[1189]: Failed password for root from 43.255.190.92 port 49251 ssh2
Apr 12 10:08:44 ovzhost sshd[1189]: message repeated 2 times: [ Failed password for root from 43.255.190.92 port 49251 ssh2]
Apr 12 10:08:44 ovzhost sshd[1189]: Received disconnect from 43.255.190.92: 11:  [preauth]
Apr 12 10:08:44 ovzhost sshd[1189]: PAM 2 more authentication failures; logname= uid=0 euid=0 tty=ssh ruser= rhost=43.255.190.92  user=root
Apr 12 10:08:45 ovzhost sshd[1193]: pam_unix(sshd:auth): authentication failure; logname= uid=0 euid=0 tty=ssh ruser= rhost=43.255.190.92  user=root
Apr 12 10:08:47 ovzhost sshd[1193]: Failed password for root from 43.255.190.92 port 39336 ssh2
Apr 12 10:08:51 ovzhost sshd[1193]: message repeated 2 times: [ Failed password for root from 43.255.190.92 port 39336 ssh2]
Apr 12 10:08:51 ovzhost sshd[1193]: Received disconnect from 43.255.190.92: 11:  [preauth]
Apr 12 10:08:51 ovzhost sshd[1193]: PAM 2 more authentication failures; logname= uid=0 euid=0 tty=ssh ruser= rhost=43.255.190.92  user=root
Apr 12 10:08:51 ovzhost sshd[1195]: pam_unix(sshd:auth): authentication failure; logname= uid=0 euid=0 tty=ssh ruser= rhost=43.255.190.92  user=root
Apr 12 10:08:53 ovzhost sshd[1195]: Failed password for root from 43.255.190.92 port 56161 ssh2
Apr 12 10:08:58 ovzhost sshd[1195]: message repeated 2 times: [ Failed password for root from 43.255.190.92 port 56161 ssh2]
Apr 12 10:08:58 ovzhost sshd[1195]: Received disconnect from 43.255.190.92: 11:  [preauth]
Apr 12 10:08:58 ovzhost sshd[1195]: PAM 2 more authentication failures; logname= uid=0 euid=0 tty=ssh ruser= rhost=43.255.190.92  user=root
Apr 12 10:09:00 ovzhost sshd[1197]: pam_unix(sshd:auth): authentication failure; logname= uid=0 euid=0 tty=ssh ruser= rhost=43.255.190.92  user=root
Apr 12 10:09:01 ovzhost CRON[1199]: pam_env(cron:session): Unable to open env file: /etc/default/locale: No such file or directory
Apr 12 10:09:01 ovzhost CRON[1200]: pam_env(cron:session): Unable to open env file: /etc/default/locale: No such file or directory
Apr 12 10:09:01 ovzhost CRON[1200]: pam_unix(cron:session): session opened for user root by (uid=0)
Apr 12 10:09:01 ovzhost CRON[1199]: pam_unix(cron:session): session opened for user root by (uid=0)
Apr 12 10:09:01 ovzhost CRON[1199]: pam_unix(cron:session): session closed for user root
Apr 12 10:09:01 ovzhost CRON[1200]: pam_unix(cron:session): session closed for user root
Apr 12 10:09:02 ovzhost sshd[1197]: Failed password for root from 43.255.190.92 port 46030 ssh2
Apr 12 10:09:07 ovzhost sshd[1197]: message repeated 2 times: [ Failed password for root from 43.255.190.92 port 46030 ssh2]
Apr 12 10:09:07 ovzhost sshd[1197]: Received disconnect from 43.255.190.92: 11:  [preauth]
Apr 12 10:09:07 ovzhost sshd[1197]: PAM 2 more authentication failures; logname= uid=0 euid=0 tty=ssh ruser= rhost=43.255.190.92  user=root
Apr 12 10:09:08 ovzhost sshd[1213]: pam_unix(sshd:auth): authentication failure; logname= uid=0 euid=0 tty=ssh ruser= rhost=43.255.190.92  user=root
Apr 12 10:09:10 ovzhost sshd[1213]: Failed password for root from 43.255.190.92 port 39785 ssh2
Apr 12 10:09:15 ovzhost sshd[1213]: message repeated 2 times: [ Failed password for root from 43.255.190.92 port 39785 ssh2]
Apr 12 10:09:15 ovzhost sshd[1213]: Received disconnect from 43.255.190.92: 11:  [preauth]
Apr 12 10:09:15 ovzhost sshd[1213]: PAM 2 more authentication failures; logname= uid=0 euid=0 tty=ssh ruser= rhost=43.255.190.92  user=root
Apr 12 10:09:15 ovzhost sshd[1217]: pam_unix(sshd:auth): authentication failure; logname= uid=0 euid=0 tty=ssh ruser= rhost=43.255.190.92  user=root
Apr 12 10:09:17 ovzhost sshd[1217]: Failed password for root from 43.255.190.92 port 58358 ssh2
Apr 12 10:09:20 ovzhost sshd[1219]: pam_unix(sshd:auth): authentication failure; logname= uid=0 euid=0 tty=ssh ruser= rhost=117.21.174.111  user=root
Apr 12 10:09:22 ovzhost sshd[1217]: message repeated 2 times: [ Failed password for root from 43.255.190.92 port 58358 ssh2]
Apr 12 10:09:22 ovzhost sshd[1217]: Received disconnect from 43.255.190.92: 11:  [preauth]
Apr 12 10:09:22 ovzhost sshd[1217]: PAM 2 more authentication failures; logname= uid=0 euid=0 tty=ssh ruser= rhost=43.255.190.92  user=root
Apr 12 10:09:22 ovzhost sshd[1219]: Failed password for root from 117.21.174.111 port 33432 ssh2
Apr 12 10:09:24 ovzhost sshd[1221]: pam_unix(sshd:auth): authentication failure; logname= uid=0 euid=0 tty=ssh ruser= rhost=43.255.190.92  user=root
Apr 12 10:09:27 ovzhost sshd[1221]: Failed password for root from 43.255.190.92 port 46499 ssh2
Apr 12 10:09:27 ovzhost sshd[1219]: message repeated 2 times: [ Failed password for root from 117.21.174.111 port 33432 ssh2]
Apr 12 10:09:27 ovzhost sshd[1219]: Received disconnect from 117.21.174.111: 11:  [preauth]
Apr 12 10:09:27 ovzhost sshd[1219]: PAM 2 more authentication failures; logname= uid=0 euid=0 tty=ssh ruser= rhost=117.21.174.111  user=root
Apr 12 10:09:30 ovzhost sshd[1221]: message repeated 2 times: [ Failed password for root from 43.255.190.92 port 46499 ssh2]
Apr 12 10:09:30 ovzhost sshd[1221]: Received disconnect from 43.255.190.92: 11:  [preauth]
Apr 12 10:09:30 ovzhost sshd[1221]: PAM 2 more authentication failures; logname= uid=0 euid=0 tty=ssh ruser= rhost=43.255.190.92  user=root
Apr 12 10:09:31 ovzhost sshd[1225]: pam_unix(sshd:auth): authentication failure; logname= uid=0 euid=0 tty=ssh ruser= rhost=43.255.190.92  user=root
Apr 12 10:09:32 ovzhost sshd[1223]: pam_unix(sshd:auth): authentication failure; logname= uid=0 euid=0 tty=ssh ruser= rhost=117.21.174.111  user=root
Apr 12 10:09:33 ovzhost sshd[1225]: Failed password for root from 43.255.190.92 port 37414 ssh2
Apr 12 10:09:35 ovzhost sshd[1223]: Failed password for root from 117.21.174.111 port 57319 ssh2
Apr 12 10:09:38 ovzhost sshd[1225]: message repeated 2 times: [ Failed password for root from 43.255.190.92 port 37414 ssh2]
Apr 12 10:09:38 ovzhost sshd[1225]: Received disconnect from 43.255.190.92: 11:  [preauth]
Apr 12 10:09:38 ovzhost sshd[1225]: PAM 2 more authentication failures; logname= uid=0 euid=0 tty=ssh ruser= rhost=43.255.190.92  user=root
Apr 12 10:09:38 ovzhost sshd[1227]: pam_unix(sshd:auth): authentication failure; logname= uid=0 euid=0 tty=ssh ruser= rhost=43.255.190.92  user=root
Apr 12 10:09:40 ovzhost sshd[1223]: message repeated 2 times: [ Failed password for root from 117.21.174.111 port 57319 ssh2]
Apr 12 10:09:40 ovzhost sshd[1223]: Received disconnect from 117.21.174.111: 11:  [preauth]
Apr 12 10:09:40 ovzhost sshd[1223]: PAM 2 more authentication failures; logname= uid=0 euid=0 tty=ssh ruser= rhost=117.21.174.111  user=root
Apr 12 10:09:41 ovzhost sshd[1227]: Failed password for root from 43.255.190.92 port 55667 ssh2
Apr 12 10:09:44 ovzhost sshd[1230]: pam_unix(sshd:auth): authentication failure; logname= uid=0 euid=0 tty=ssh ruser= rhost=117.21.174.111  user=root
Apr 12 10:09:45 ovzhost sshd[1227]: message repeated 2 times: [ Failed password for root from 43.255.190.92 port 55667 ssh2]
Apr 12 10:09:45 ovzhost sshd[1227]: Received disconnect from 43.255.190.92: 11:  [preauth]
Apr 12 10:09:45 ovzhost sshd[1227]: PAM 2 more authentication failures; logname= uid=0 euid=0 tty=ssh ruser= rhost=43.255.190.92  user=root
Apr 12 10:09:46 ovzhost sshd[1230]: Failed password for root from 117.21.174.111 port 57407 ssh2
Apr 12 10:09:49 ovzhost sshd[1232]: pam_unix(sshd:auth): authentication failure; logname= uid=0 euid=0 tty=ssh ruser= rhost=43.255.190.92  user=root
Apr 12 10:09:51 ovzhost sshd[1232]: Failed password for root from 43.255.190.92 port 44411 ssh2
Apr 12 10:09:55 ovzhost sshd[1230]: message repeated 2 times: [ Failed password for root from 117.21.174.111 port 57407 ssh2]
Apr 12 10:09:55 ovzhost sshd[1230]: Received disconnect from 117.21.174.111: 11:  [preauth]
Apr 12 10:09:55 ovzhost sshd[1230]: PAM 2 more authentication failures; logname= uid=0 euid=0 tty=ssh ruser= rhost=117.21.174.111  user=root
Apr 12 10:09:56 ovzhost sshd[1232]: message repeated 2 times: [ Failed password for root from 43.255.190.92 port 44411 ssh2]
Apr 12 10:09:56 ovzhost sshd[1232]: Received disconnect from 43.255.190.92: 11:  [preauth]
Apr 12 10:09:56 ovzhost sshd[1232]: PAM 2 more authentication failures; logname= uid=0 euid=0 tty=ssh ruser= rhost=43.255.190.92  user=root
Apr 12 10:09:57 ovzhost sshd[1236]: pam_unix(sshd:auth): authentication failure; logname= uid=0 euid=0 tty=ssh ruser= rhost=43.255.190.92  user=root
Apr 12 10:09:59 ovzhost sshd[1234]: pam_unix(sshd:auth): authentication failure; logname= uid=0 euid=0 tty=ssh ruser= rhost=117.21.174.111  user=root
Apr 12 10:10:00 ovzhost sshd[1236]: Failed password for root from 43.255.190.92 port 37794 ssh2
Apr 12 10:10:01 ovzhost sshd[1239]: Connection closed by 127.0.0.1 [preauth]
Apr 12 10:10:01 ovzhost sshd[1234]: Failed password for root from 117.21.174.111 port 57856 ssh2
Apr 12 10:10:04 ovzhost sshd[1236]: message repeated 2 times: [ Failed password for root from 43.255.190.92 port 37794 ssh2]
Apr 12 10:10:04 ovzhost sshd[1236]: Received disconnect from 43.255.190.92: 11:  [preauth]
Apr 12 10:10:04 ovzhost sshd[1236]: PAM 2 more authentication failures; logname= uid=0 euid=0 tty=ssh ruser= rhost=43.255.190.92  user=root
Apr 12 10:10:05 ovzhost sshd[1241]: pam_unix(sshd:auth): authentication failure; logname= uid=0 euid=0 tty=ssh ruser= rhost=43.255.190.92  user=root
Apr 12 10:10:06 ovzhost sshd[1241]: Failed password for root from 43.255.190.92 port 53145 ssh2
Apr 12 10:10:07 ovzhost sshd[1234]: message repeated 2 times: [ Failed password for root from 117.21.174.111 port 57856 ssh2]
Apr 12 10:10:07 ovzhost sshd[1234]: Received disconnect from 117.21.174.111: 11:  [preauth]
Apr 12 10:10:07 ovzhost sshd[1234]: PAM 2 more authentication failures; logname= uid=0 euid=0 tty=ssh ruser= rhost=117.21.174.111  user=root
Apr 12 10:10:11 ovzhost sshd[1241]: message repeated 2 times: [ Failed password for root from 43.255.190.92 port 53145 ssh2]
Apr 12 10:10:12 ovzhost sshd[1241]: Received disconnect from 43.255.190.92: 11:  [preauth]
Apr 12 10:10:12 ovzhost sshd[1241]: PAM 2 more authentication failures; logname= uid=0 euid=0 tty=ssh ruser= rhost=43.255.190.92  user=root
Apr 12 10:10:14 ovzhost sshd[1246]: pam_unix(sshd:auth): authentication failure; logname= uid=0 euid=0 tty=ssh ruser= rhost=43.255.190.92  user=root
Apr 12 10:10:16 ovzhost sshd[1243]: pam_unix(sshd:auth): authentication failure; logname= uid=0 euid=0 tty=ssh ruser= rhost=117.21.174.111  user=root
Apr 12 10:10:17 ovzhost sshd[1246]: Failed password for root from 43.255.190.92 port 41420 ssh2
Apr 12 10:10:18 ovzhost sshd[1243]: Failed password for root from 117.21.174.111 port 53749 ssh2
Apr 12 10:10:21 ovzhost sshd[1246]: message repeated 2 times: [ Failed password for root from 43.255.190.92 port 41420 ssh2]
Apr 12 10:10:21 ovzhost sshd[1246]: Received disconnect from 43.255.190.92: 11:  [preauth]
Apr 12 10:10:21 ovzhost sshd[1246]: PAM 2 more authentication failures; logname= uid=0 euid=0 tty=ssh ruser= rhost=43.255.190.92  user=root
Apr 12 10:10:22 ovzhost sshd[1248]: pam_unix(sshd:auth): authentication failure; logname= uid=0 euid=0 tty=ssh ruser= rhost=43.255.190.92  user=root
Apr 12 10:10:24 ovzhost sshd[1248]: Failed password for root from 43.255.190.92 port 58269 ssh2
Apr 12 10:10:24 ovzhost sshd[1243]: message repeated 2 times: [ Failed password for root from 117.21.174.111 port 53749 ssh2]
Apr 12 10:10:25 ovzhost sshd[1243]: Received disconnect from 117.21.174.111: 11:  [preauth]
Apr 12 10:10:25 ovzhost sshd[1243]: PAM 2 more authentication failures; logname= uid=0 euid=0 tty=ssh ruser= rhost=117.21.174.111  user=root
Apr 12 10:10:29 ovzhost sshd[1248]: message repeated 2 times: [ Failed password for root from 43.255.190.92 port 58269 ssh2]
Apr 12 10:10:29 ovzhost sshd[1248]: Received disconnect from 43.255.190.92: 11:  [preauth]
Apr 12 10:10:29 ovzhost sshd[1248]: PAM 2 more authentication failures; logname= uid=0 euid=0 tty=ssh ruser= rhost=43.255.190.92  user=root
Apr 12 10:10:29 ovzhost sshd[1252]: pam_unix(sshd:auth): authentication failure; logname= uid=0 euid=0 tty=ssh ruser= rhost=43.255.190.92  user=root
Apr 12 10:10:32 ovzhost sshd[1252]: Failed password for root from 43.255.190.92 port 44810 ssh2
Apr 12 10:10:32 ovzhost sshd[1250]: pam_unix(sshd:auth): authentication failure; logname= uid=0 euid=0 tty=ssh ruser= rhost=117.21.174.111  user=root
Apr 12 10:10:34 ovzhost sshd[1250]: Failed password for root from 117.21.174.111 port 58767 ssh2
Apr 12 10:10:37 ovzhost sshd[1252]: message repeated 2 times: [ Failed password for root from 43.255.190.92 port 44810 ssh2]
Apr 12 10:10:37 ovzhost sshd[1252]: Received disconnect from 43.255.190.92: 11:  [preauth]
Apr 12 10:10:37 ovzhost sshd[1252]: PAM 2 more authentication failures; logname= uid=0 euid=0 tty=ssh ruser= rhost=43.255.190.92  user=root
Apr 12 10:10:38 ovzhost sshd[1254]: pam_unix(sshd:auth): authentication failure; logname= uid=0 euid=0 tty=ssh ruser= rhost=43.255.190.92  user=root
Apr 12 10:10:40 ovzhost sshd[1254]: Failed password for root from 43.255.190.92 port 34206 ssh2
Apr 12 10:10:41 ovzhost sshd[1250]: message repeated 2 times: [ Failed password for root from 117.21.174.111 port 58767 ssh2]
Apr 12 10:10:41 ovzhost sshd[1250]: Received disconnect from 117.21.174.111: 11:  [preauth]
Apr 12 10:10:41 ovzhost sshd[1250]: PAM 2 more authentication failures; logname= uid=0 euid=0 tty=ssh ruser= rhost=117.21.174.111  user=root
Apr 12 10:10:42 ovzhost sshd[1257]: Connection closed by 128.8.37.120 [preauth]
Apr 12 10:10:44 ovzhost sshd[1254]: message repeated 2 times: [ Failed password for root from 43.255.190.92 port 34206 ssh2]
Apr 12 10:10:44 ovzhost sshd[1254]: Received disconnect from 43.255.190.92: 11:  [preauth]
Apr 12 10:10:44 ovzhost sshd[1254]: PAM 2 more authentication failures; logname= uid=0 euid=0 tty=ssh ruser= rhost=43.255.190.92  user=root
Apr 12 10:10:45 ovzhost sshd[1261]: pam_unix(sshd:auth): authentication failure; logname= uid=0 euid=0 tty=ssh ruser= rhost=43.255.190.92  user=root
Apr 12 10:10:45 ovzhost sshd[1259]: pam_unix(sshd:auth): authentication failure; logname= uid=0 euid=0 tty=ssh ruser= rhost=117.21.174.111  user=root
Apr 12 10:10:47 ovzhost sshd[1261]: Failed password for root from 43.255.190.92 port 50192 ssh2
Apr 12 10:10:48 ovzhost sshd[1259]: Failed password for root from 117.21.174.111 port 32955 ssh2
Apr 12 10:10:49 ovzhost sshd[1263]: Invalid user MAIL from 80.242.123.130
Apr 12 10:10:49 ovzhost sshd[1263]: input_userauth_request: invalid user MAIL [preauth]
Apr 12 10:10:49 ovzhost sshd[1263]: pam_unix(sshd:auth): check pass; user unknown
Apr 12 10:10:49 ovzhost sshd[1263]: pam_unix(sshd:auth): authentication failure; logname= uid=0 euid=0 tty=ssh ruser= rhost=130-123-242-80.pppoe.dyn.broadband.blic.net 
Apr 12 10:10:51 ovzhost sshd[1261]: message repeated 2 times: [ Failed password for root from 43.255.190.92 port 50192 ssh2]
Apr 12 10:10:51 ovzhost sshd[1261]: Received disconnect from 43.255.190.92: 11:  [preauth]
Apr 12 10:10:51 ovzhost sshd[1261]: PAM 2 more authentication failures; logname= uid=0 euid=0 tty=ssh ruser= rhost=43.255.190.92  user=root
Apr 12 10:10:51 ovzhost sshd[1263]: Failed password for invalid user MAIL from 80.242.123.130 port 40142 ssh2
Apr 12 10:10:51 ovzhost sshd[1263]: Received disconnect from 80.242.123.130: 11: Bye Bye [preauth]
Apr 12 10:10:51 ovzhost sshd[1265]: pam_unix(sshd:auth): authentication failure; logname= uid=0 euid=0 tty=ssh ruser= rhost=43.255.190.92  user=root
Apr 12 10:10:52 ovzhost sshd[1259]: message repeated 2 times: [ Failed password for root from 117.21.174.111 port 32955 ssh2]
Apr 12 10:10:52 ovzhost sshd[1259]: Received disconnect from 117.21.174.111: 11:  [preauth]
Apr 12 10:10:52 ovzhost sshd[1259]: PAM 2 more authentication failures; logname= uid=0 euid=0 tty=ssh ruser= rhost=117.21.174.111  user=root
Apr 12 10:10:53 ovzhost sshd[1265]: Failed password for root from 43.255.190.92 port 36952 ssh2
Apr 12 10:10:55 ovzhost sshd[1268]: pam_unix(sshd:auth): authentication failure; logname= uid=0 euid=0 tty=ssh ruser= rhost=117.21.174.111  user=root
Apr 12 10:10:58 ovzhost sshd[1268]: Failed password for root from 117.21.174.111 port 56641 ssh2
Apr 12 10:10:58 ovzhost sshd[1265]: message repeated 2 times: [ Failed password for root from 43.255.190.92 port 36952 ssh2]
Apr 12 10:10:58 ovzhost sshd[1265]: Received disconnect from 43.255.190.92: 11:  [preauth]
Apr 12 10:10:58 ovzhost sshd[1265]: PAM 2 more authentication failures; logname= uid=0 euid=0 tty=ssh ruser= rhost=43.255.190.92  user=root
Apr 12 10:10:59 ovzhost sshd[1270]: pam_unix(sshd:auth): authentication failure; logname= uid=0 euid=0 tty=ssh ruser= rhost=43.255.190.92  user=root
Apr 12 10:11:00 ovzhost sshd[1270]: Failed password for root from 43.255.190.92 port 53635 ssh2
Apr 12 10:11:02 ovzhost sshd[1268]: message repeated 2 times: [ Failed password for root from 117.21.174.111 port 56641 ssh2]
Apr 12 10:11:03 ovzhost sshd[1268]: Received disconnect from 117.21.174.111: 11:  [preauth]
Apr 12 10:11:03 ovzhost sshd[1268]: PAM 2 more authentication failures; logname= uid=0 euid=0 tty=ssh ruser= rhost=117.21.174.111  user=root
Apr 12 10:11:07 ovzhost sshd[1270]: message repeated 2 times: [ Failed password for root from 43.255.190.92 port 53635 ssh2]
Apr 12 10:11:07 ovzhost sshd[1270]: Received disconnect from 43.255.190.92: 11:  [preauth]
Apr 12 10:11:07 ovzhost sshd[1270]: PAM 2 more authentication failures; logname= uid=0 euid=0 tty=ssh ruser= rhost=43.255.190.92  user=root
Apr 12 10:11:07 ovzhost sshd[1274]: pam_unix(sshd:auth): authentication failure; logname= uid=0 euid=0 tty=ssh ruser= rhost=43.255.190.92  user=root
Apr 12 10:11:08 ovzhost sshd[1272]: pam_unix(sshd:auth): authentication failure; logname= uid=0 euid=0 tty=ssh ruser= rhost=117.21.174.111  user=root
Apr 12 10:11:10 ovzhost sshd[1274]: Failed password for root from 43.255.190.92 port 43738 ssh2
Apr 12 10:11:11 ovzhost sshd[1272]: Failed password for root from 117.21.174.111 port 51480 ssh2
Apr 12 10:11:14 ovzhost sshd[1274]: message repeated 2 times: [ Failed password for root from 43.255.190.92 port 43738 ssh2]
Apr 12 10:11:14 ovzhost sshd[1274]: Received disconnect from 43.255.190.92: 11:  [preauth]
Apr 12 10:11:14 ovzhost sshd[1274]: PAM 2 more authentication failures; logname= uid=0 euid=0 tty=ssh ruser= rhost=43.255.190.92  user=root
Apr 12 10:11:14 ovzhost sshd[1272]: message repeated 2 times: [ Failed password for root from 117.21.174.111 port 51480 ssh2]
Apr 12 10:11:15 ovzhost sshd[1272]: Received disconnect from 117.21.174.111: 11:  [preauth]
Apr 12 10:11:15 ovzhost sshd[1272]: PAM 2 more authentication failures; logname= uid=0 euid=0 tty=ssh ruser= rhost=117.21.174.111  user=root
Apr 12 10:11:15 ovzhost sshd[1278]: pam_unix(sshd:auth): authentication failure; logname= uid=0 euid=0 tty=ssh ruser= rhost=43.255.190.92  user=root
Apr 12 10:11:17 ovzhost sshd[1278]: Failed password for root from 43.255.190.92 port 32807 ssh2
Apr 12 10:11:17 ovzhost sshd[1280]: pam_unix(sshd:auth): authentication failure; logname= uid=0 euid=0 tty=ssh ruser= rhost=117.21.174.111  user=root
Apr 12 10:11:19 ovzhost sshd[1280]: Failed password for root from 117.21.174.111 port 46611 ssh2
Apr 12 10:11:21 ovzhost sshd[1278]: message repeated 2 times: [ Failed password for root from 43.255.190.92 port 32807 ssh2]
Apr 12 10:11:21 ovzhost sshd[1278]: Received disconnect from 43.255.190.92: 11:  [preauth]
Apr 12 10:11:21 ovzhost sshd[1278]: PAM 2 more authentication failures; logname= uid=0 euid=0 tty=ssh ruser= rhost=43.255.190.92  user=root
Apr 12 10:11:22 ovzhost sshd[1284]: pam_unix(sshd:auth): authentication failure; logname= uid=0 euid=0 tty=ssh ruser= rhost=43.255.190.92  user=root
Apr 12 10:11:24 ovzhost sshd[1284]: Failed password for root from 43.255.190.92 port 48621 ssh2
Apr 12 10:11:24 ovzhost sshd[1280]: message repeated 2 times: [ Failed password for root from 117.21.174.111 port 46611 ssh2]
Apr 12 10:11:25 ovzhost sshd[1280]: Received disconnect from 117.21.174.111: 11:  [preauth]
Apr 12 10:11:25 ovzhost sshd[1280]: PAM 2 more authentication failures; logname= uid=0 euid=0 tty=ssh ruser= rhost=117.21.174.111  user=root
Apr 12 10:11:29 ovzhost sshd[1284]: message repeated 2 times: [ Failed password for root from 43.255.190.92 port 48621 ssh2]
Apr 12 10:11:30 ovzhost sshd[1284]: Received disconnect from 43.255.190.92: 11:  [preauth]
Apr 12 10:11:30 ovzhost sshd[1284]: PAM 2 more authentication failures; logname= uid=0 euid=0 tty=ssh ruser= rhost=43.255.190.92  user=root
Apr 12 10:11:30 ovzhost sshd[1290]: pam_unix(sshd:auth): authentication failure; logname= uid=0 euid=0 tty=ssh ruser= rhost=43.255.190.92  user=root
Apr 12 10:11:32 ovzhost sshd[1290]: Failed password for root from 43.255.190.92 port 38990 ssh2
Apr 12 10:11:35 ovzhost sshd[1286]: pam_unix(sshd:auth): authentication failure; logname= uid=0 euid=0 tty=ssh ruser= rhost=117.21.174.111  user=root
Apr 12 10:11:36 ovzhost sshd[1286]: Failed password for root from 117.21.174.111 port 42173 ssh2
Apr 12 10:11:36 ovzhost sshd[1290]: message repeated 2 times: [ Failed password for root from 43.255.190.92 port 38990 ssh2]
Apr 12 10:11:36 ovzhost sshd[1290]: Received disconnect from 43.255.190.92: 11:  [preauth]
Apr 12 10:11:36 ovzhost sshd[1290]: PAM 2 more authentication failures; logname= uid=0 euid=0 tty=ssh ruser= rhost=43.255.190.92  user=root
Apr 12 10:11:37 ovzhost sshd[1292]: pam_unix(sshd:auth): authentication failure; logname= uid=0 euid=0 tty=ssh ruser= rhost=43.255.190.92  user=root
Apr 12 10:11:38 ovzhost sshd[1292]: Failed password for root from 43.255.190.92 port 53989 ssh2
Apr 12 10:11:40 ovzhost sshd[1286]: message repeated 2 times: [ Failed password for root from 117.21.174.111 port 42173 ssh2]
Apr 12 10:11:41 ovzhost sshd[1286]: Received disconnect from 117.21.174.111: 11:  [preauth]
Apr 12 10:11:41 ovzhost sshd[1286]: PAM 2 more authentication failures; logname= uid=0 euid=0 tty=ssh ruser= rhost=117.21.174.111  user=root
Apr 12 10:11:43 ovzhost sshd[1292]: message repeated 2 times: [ Failed password for root from 43.255.190.92 port 53989 ssh2]
Apr 12 10:11:43 ovzhost sshd[1292]: Received disconnect from 43.255.190.92: 11:  [preauth]
Apr 12 10:11:43 ovzhost sshd[1292]: PAM 2 more authentication failures; logname= uid=0 euid=0 tty=ssh ruser= rhost=43.255.190.92  user=root
Apr 12 10:11:43 ovzhost sshd[1294]: pam_unix(sshd:auth): authentication failure; logname= uid=0 euid=0 tty=ssh ruser= rhost=117.21.174.111  user=root
Apr 12 10:11:44 ovzhost sshd[1298]: pam_unix(sshd:auth): authentication failure; logname= uid=0 euid=0 tty=ssh ruser= rhost=43.255.190.92  user=root
Apr 12 10:11:45 ovzhost sshd[1298]: Failed password for root from 43.255.190.92 port 41574 ssh2
Apr 12 10:11:46 ovzhost sshd[1294]: Failed password for root from 117.21.174.111 port 44903 ssh2
Apr 12 10:11:49 ovzhost sshd[1298]: message repeated 2 times: [ Failed password for root from 43.255.190.92 port 41574 ssh2]
Apr 12 10:11:49 ovzhost sshd[1298]: Received disconnect from 43.255.190.92: 11:  [preauth]
Apr 12 10:11:49 ovzhost sshd[1298]: PAM 2 more authentication failures; logname= uid=0 euid=0 tty=ssh ruser= rhost=43.255.190.92  user=root
Apr 12 10:11:50 ovzhost sshd[1300]: pam_unix(sshd:auth): authentication failure; logname= uid=0 euid=0 tty=ssh ruser= rhost=43.255.190.92  user=root
Apr 12 10:11:50 ovzhost sshd[1294]: message repeated 2 times: [ Failed password for root from 117.21.174.111 port 44903 ssh2]
Apr 12 10:11:51 ovzhost sshd[1294]: Received disconnect from 117.21.174.111: 11:  [preauth]
Apr 12 10:11:51 ovzhost sshd[1294]: PAM 2 more authentication failures; logname= uid=0 euid=0 tty=ssh ruser= rhost=117.21.174.111  user=root
Apr 12 10:11:52 ovzhost sshd[1300]: Failed password for root from 43.255.190.92 port 55937 ssh2
Apr 12 10:11:56 ovzhost sshd[1302]: pam_unix(sshd:auth): authentication failure; logname= uid=0 euid=0 tty=ssh ruser= rhost=117.21.174.111  user=root
Apr 12 10:11:57 ovzhost sshd[1300]: message repeated 2 times: [ Failed password for root from 43.255.190.92 port 55937 ssh2]
Apr 12 10:11:57 ovzhost sshd[1300]: Received disconnect from 43.255.190.92: 11:  [preauth]
Apr 12 10:11:57 ovzhost sshd[1300]: PAM 2 more authentication failures; logname= uid=0 euid=0 tty=ssh ruser= rhost=43.255.190.92  user=root
Apr 12 10:11:57 ovzhost sshd[1304]: pam_unix(sshd:auth): authentication failure; logname= uid=0 euid=0 tty=ssh ruser= rhost=43.255.190.92  user=root
Apr 12 10:11:57 ovzhost sshd[1302]: Failed password for root from 117.21.174.111 port 38621 ssh2
Apr 12 10:11:59 ovzhost sshd[1304]: Failed password for root from 43.255.190.92 port 43331 ssh2
Apr 12 10:12:01 ovzhost sshd[1302]: message repeated 2 times: [ Failed password for root from 117.21.174.111 port 38621 ssh2]
Apr 12 10:12:02 ovzhost sshd[1302]: Received disconnect from 117.21.174.111: 11:  [preauth]
Apr 12 10:12:02 ovzhost sshd[1302]: PAM 2 more authentication failures; logname= uid=0 euid=0 tty=ssh ruser= rhost=117.21.174.111  user=root
Apr 12 10:12:03 ovzhost sshd[1304]: message repeated 2 times: [ Failed password for root from 43.255.190.92 port 43331 ssh2]
Apr 12 10:12:03 ovzhost sshd[1304]: Received disconnect from 43.255.190.92: 11:  [preauth]
Apr 12 10:12:03 ovzhost sshd[1304]: PAM 2 more authentication failures; logname= uid=0 euid=0 tty=ssh ruser= rhost=43.255.190.92  user=root
Apr 12 10:12:03 ovzhost sshd[1308]: pam_unix(sshd:auth): authentication failure; logname= uid=0 euid=0 tty=ssh ruser= rhost=43.255.190.92  user=root
Apr 12 10:12:05 ovzhost sshd[1306]: pam_unix(sshd:auth): authentication failure; logname= uid=0 euid=0 tty=ssh ruser= rhost=117.21.174.111  user=root
Apr 12 10:12:06 ovzhost sshd[1308]: Failed password for root from 43.255.190.92 port 58580 ssh2
Apr 12 10:12:07 ovzhost sshd[1306]: Failed password for root from 117.21.174.111 port 60099 ssh2
Apr 12 10:12:10 ovzhost sshd[1308]: message repeated 2 times: [ Failed password for root from 43.255.190.92 port 58580 ssh2]
Apr 12 10:12:10 ovzhost sshd[1308]: Received disconnect from 43.255.190.92: 11:  [preauth]
Apr 12 10:12:10 ovzhost sshd[1308]: PAM 2 more authentication failures; logname= uid=0 euid=0 tty=ssh ruser= rhost=43.255.190.92  user=root
Apr 12 10:12:11 ovzhost sshd[1311]: pam_unix(sshd:auth): authentication failure; logname= uid=0 euid=0 tty=ssh ruser= rhost=43.255.190.92  user=root
Apr 12 10:12:12 ovzhost sshd[1311]: Failed password for root from 43.255.190.92 port 46631 ssh2
Apr 12 10:12:12 ovzhost sshd[1306]: message repeated 2 times: [ Failed password for root from 117.21.174.111 port 60099 ssh2]
Apr 12 10:12:12 ovzhost sshd[1306]: Received disconnect from 117.21.174.111: 11:  [preauth]
Apr 12 10:12:12 ovzhost sshd[1306]: PAM 2 more authentication failures; logname= uid=0 euid=0 tty=ssh ruser= rhost=117.21.174.111  user=root
Apr 12 10:12:15 ovzhost sshd[1311]: message repeated 2 times: [ Failed password for root from 43.255.190.92 port 46631 ssh2]
Apr 12 10:12:15 ovzhost sshd[1311]: Received disconnect from 43.255.190.92: 11:  [preauth]
Apr 12 10:12:15 ovzhost sshd[1311]: PAM 2 more authentication failures; logname= uid=0 euid=0 tty=ssh ruser= rhost=43.255.190.92  user=root
Apr 12 10:12:16 ovzhost sshd[1313]: pam_unix(sshd:auth): authentication failure; logname= uid=0 euid=0 tty=ssh ruser= rhost=117.21.174.111  user=root
Apr 12 10:12:17 ovzhost sshd[1315]: pam_unix(sshd:auth): authentication failure; logname= uid=0 euid=0 tty=ssh ruser= rhost=43.255.190.92  user=root
Apr 12 10:12:19 ovzhost sshd[1313]: Failed password for root from 117.21.174.111 port 52934 ssh2
Apr 12 10:12:19 ovzhost sshd[1315]: Failed password for root from 43.255.190.92 port 59242 ssh2
Apr 12 10:12:23 ovzhost sshd[1315]: message repeated 2 times: [ Failed password for root from 43.255.190.92 port 59242 ssh2]
Apr 12 10:12:23 ovzhost sshd[1315]: Received disconnect from 43.255.190.92: 11:  [preauth]
Apr 12 10:12:23 ovzhost sshd[1315]: PAM 2 more authentication failures; logname= uid=0 euid=0 tty=ssh ruser= rhost=43.255.190.92  user=root
Apr 12 10:12:23 ovzhost sshd[1317]: pam_unix(sshd:auth): authentication failure; logname= uid=0 euid=0 tty=ssh ruser= rhost=43.255.190.92  user=root
Apr 12 10:12:24 ovzhost sshd[1313]: message repeated 2 times: [ Failed password for root from 117.21.174.111 port 52934 ssh2]
Apr 12 10:12:25 ovzhost sshd[1313]: Received disconnect from 117.21.174.111: 11:  [preauth]
Apr 12 10:12:25 ovzhost sshd[1313]: PAM 2 more authentication failures; logname= uid=0 euid=0 tty=ssh ruser= rhost=117.21.174.111  user=root
Apr 12 10:12:25 ovzhost sshd[1317]: Failed password for root from 43.255.190.92 port 48095 ssh2
Apr 12 10:12:30 ovzhost sshd[1317]: message repeated 2 times: [ Failed password for root from 43.255.190.92 port 48095 ssh2]
Apr 12 10:12:30 ovzhost sshd[1317]: Received disconnect from 43.255.190.92: 11:  [preauth]
Apr 12 10:12:30 ovzhost sshd[1317]: PAM 2 more authentication failures; logname= uid=0 euid=0 tty=ssh ruser= rhost=43.255.190.92  user=root
Apr 12 10:12:30 ovzhost sshd[1321]: pam_unix(sshd:auth): authentication failure; logname= uid=0 euid=0 tty=ssh ruser= rhost=43.255.190.92  user=root
Apr 12 10:12:32 ovzhost sshd[1321]: Failed password for root from 43.255.190.92 port 35974 ssh2
Apr 12 10:12:34 ovzhost sshd[1319]: pam_unix(sshd:auth): authentication failure; logname= uid=0 euid=0 tty=ssh ruser= rhost=117.21.174.111  user=root
Apr 12 10:12:36 ovzhost sshd[1319]: Failed password for root from 117.21.174.111 port 50186 ssh2
Apr 12 10:12:36 ovzhost sshd[1321]: message repeated 2 times: [ Failed password for root from 43.255.190.92 port 35974 ssh2]
Apr 12 10:12:36 ovzhost sshd[1321]: Received disconnect from 43.255.190.92: 11:  [preauth]
Apr 12 10:12:36 ovzhost sshd[1321]: PAM 2 more authentication failures; logname= uid=0 euid=0 tty=ssh ruser= rhost=43.255.190.92  user=root
Apr 12 10:12:37 ovzhost sshd[1323]: pam_unix(sshd:auth): authentication failure; logname= uid=0 euid=0 tty=ssh ruser= rhost=43.255.190.92  user=root
Apr 12 10:12:39 ovzhost sshd[1323]: Failed password for root from 43.255.190.92 port 50924 ssh2
Apr 12 10:12:41 ovzhost sshd[1319]: message repeated 2 times: [ Failed password for root from 117.21.174.111 port 50186 ssh2]
Apr 12 10:12:41 ovzhost sshd[1319]: Received disconnect from 117.21.174.111: 11:  [preauth]
Apr 12 10:12:41 ovzhost sshd[1319]: PAM 2 more authentication failures; logname= uid=0 euid=0 tty=ssh ruser= rhost=117.21.174.111  user=root
Apr 12 10:12:43 ovzhost sshd[1323]: message repeated 2 times: [ Failed password for root from 43.255.190.92 port 50924 ssh2]
Apr 12 10:12:44 ovzhost sshd[1323]: Received disconnect from 43.255.190.92: 11:  [preauth]
Apr 12 10:12:44 ovzhost sshd[1323]: PAM 2 more authentication failures; logname= uid=0 euid=0 tty=ssh ruser= rhost=43.255.190.92  user=root
Apr 12 10:12:45 ovzhost sshd[1325]: pam_unix(sshd:auth): authentication failure; logname= uid=0 euid=0 tty=ssh ruser= rhost=43.255.190.92  user=root
Apr 12 10:12:46 ovzhost sshd[1325]: Failed password for root from 43.255.190.92 port 38693 ssh2
Apr 12 10:12:51 ovzhost sshd[1325]: message repeated 2 times: [ Failed password for root from 43.255.190.92 port 38693 ssh2]
Apr 12 10:12:51 ovzhost sshd[1325]: Received disconnect from 43.255.190.92: 11:  [preauth]
Apr 12 10:12:51 ovzhost sshd[1325]: PAM 2 more authentication failures; logname= uid=0 euid=0 tty=ssh ruser= rhost=43.255.190.92  user=root
Apr 12 10:12:52 ovzhost sshd[1327]: pam_unix(sshd:auth): authentication failure; logname= uid=0 euid=0 tty=ssh ruser= rhost=43.255.190.92  user=root
Apr 12 10:12:54 ovzhost sshd[1327]: Failed password for root from 43.255.190.92 port 52734 ssh2
Apr 12 10:12:57 ovzhost sshd[1327]: message repeated 2 times: [ Failed password for root from 43.255.190.92 port 52734 ssh2]
Apr 12 10:12:57 ovzhost sshd[1327]: Received disconnect from 43.255.190.92: 11:  [preauth]
Apr 12 10:12:57 ovzhost sshd[1327]: PAM 2 more authentication failures; logname= uid=0 euid=0 tty=ssh ruser= rhost=43.255.190.92  user=root
Apr 12 10:12:58 ovzhost sshd[1329]: pam_unix(sshd:auth): authentication failure; logname= uid=0 euid=0 tty=ssh ruser= rhost=43.255.190.92  user=root
Apr 12 10:13:00 ovzhost sshd[1329]: Failed password for root from 43.255.190.92 port 36470 ssh2
Apr 12 10:13:04 ovzhost sshd[1329]: message repeated 2 times: [ Failed password for root from 43.255.190.92 port 36470 ssh2]
Apr 12 10:13:04 ovzhost sshd[1329]: Received disconnect from 43.255.190.92: 11:  [preauth]
Apr 12 10:13:04 ovzhost sshd[1329]: PAM 2 more authentication failures; logname= uid=0 euid=0 tty=ssh ruser= rhost=43.255.190.92  user=root
Apr 12 10:13:04 ovzhost sshd[1331]: pam_unix(sshd:auth): authentication failure; logname= uid=0 euid=0 tty=ssh ruser= rhost=43.255.190.92  user=root
Apr 12 10:13:07 ovzhost sshd[1331]: Failed password for root from 43.255.190.92 port 50939 ssh2
Apr 12 10:13:10 ovzhost sshd[1331]: message repeated 2 times: [ Failed password for root from 43.255.190.92 port 50939 ssh2]
Apr 12 10:13:11 ovzhost sshd[1331]: Received disconnect from 43.255.190.92: 11:  [preauth]
Apr 12 10:13:11 ovzhost sshd[1331]: PAM 2 more authentication failures; logname= uid=0 euid=0 tty=ssh ruser= rhost=43.255.190.92  user=root
Apr 12 10:13:11 ovzhost sshd[1334]: pam_unix(sshd:auth): authentication failure; logname= uid=0 euid=0 tty=ssh ruser= rhost=43.255.190.92  user=root
Apr 12 10:13:13 ovzhost sshd[1334]: Failed password for root from 43.255.190.92 port 35264 ssh2
Apr 12 10:13:17 ovzhost sshd[1334]: message repeated 2 times: [ Failed password for root from 43.255.190.92 port 35264 ssh2]
Apr 12 10:13:17 ovzhost sshd[1334]: Received disconnect from 43.255.190.92: 11:  [preauth]
Apr 12 10:13:17 ovzhost sshd[1334]: PAM 2 more authentication failures; logname= uid=0 euid=0 tty=ssh ruser= rhost=43.255.190.92  user=root
Apr 12 10:13:18 ovzhost sshd[1336]: pam_unix(sshd:auth): authentication failure; logname= uid=0 euid=0 tty=ssh ruser= rhost=43.255.190.92  user=root
Apr 12 10:13:19 ovzhost sshd[1336]: Failed password for root from 43.255.190.92 port 47179 ssh2
Apr 12 10:13:23 ovzhost sshd[1336]: message repeated 2 times: [ Failed password for root from 43.255.190.92 port 47179 ssh2]
Apr 12 10:13:23 ovzhost sshd[1336]: Received disconnect from 43.255.190.92: 11:  [preauth]
Apr 12 10:13:23 ovzhost sshd[1336]: PAM 2 more authentication failures; logname= uid=0 euid=0 tty=ssh ruser= rhost=43.255.190.92  user=root
Apr 12 10:13:24 ovzhost sshd[1338]: pam_unix(sshd:auth): authentication failure; logname= uid=0 euid=0 tty=ssh ruser= rhost=43.255.190.92  user=root
Apr 12 10:13:25 ovzhost sshd[1338]: Failed password for root from 43.255.190.92 port 33385 ssh2
Apr 12 10:13:29 ovzhost sshd[1338]: message repeated 2 times: [ Failed password for root from 43.255.190.92 port 33385 ssh2]
Apr 12 10:13:29 ovzhost sshd[1338]: Received disconnect from 43.255.190.92: 11:  [preauth]
Apr 12 10:13:29 ovzhost sshd[1338]: PAM 2 more authentication failures; logname= uid=0 euid=0 tty=ssh ruser= rhost=43.255.190.92  user=root
Apr 12 10:13:29 ovzhost sshd[1340]: pam_unix(sshd:auth): authentication failure; logname= uid=0 euid=0 tty=ssh ruser= rhost=43.255.190.92  user=root
Apr 12 10:13:31 ovzhost sshd[1340]: Failed password for root from 43.255.190.92 port 48028 ssh2
Apr 12 10:13:35 ovzhost sshd[1340]: message repeated 2 times: [ Failed password for root from 43.255.190.92 port 48028 ssh2]
Apr 12 10:13:36 ovzhost sshd[1340]: Received disconnect from 43.255.190.92: 11:  [preauth]
Apr 12 10:13:36 ovzhost sshd[1340]: PAM 2 more authentication failures; logname= uid=0 euid=0 tty=ssh ruser= rhost=43.255.190.92  user=root
Apr 12 10:13:36 ovzhost sshd[1344]: pam_unix(sshd:auth): authentication failure; logname= uid=0 euid=0 tty=ssh ruser= rhost=43.255.190.92  user=root
Apr 12 10:13:39 ovzhost sshd[1344]: Failed password for root from 43.255.190.92 port 36565 ssh2
Apr 12 10:13:42 ovzhost sshd[1344]: message repeated 2 times: [ Failed password for root from 43.255.190.92 port 36565 ssh2]
Apr 12 10:13:43 ovzhost sshd[1344]: Received disconnect from 43.255.190.92: 11:  [preauth]
Apr 12 10:13:43 ovzhost sshd[1344]: PAM 2 more authentication failures; logname= uid=0 euid=0 tty=ssh ruser= rhost=43.255.190.92  user=root
Apr 12 10:13:43 ovzhost sshd[1346]: pam_unix(sshd:auth): authentication failure; logname= uid=0 euid=0 tty=ssh ruser= rhost=43.255.190.92  user=root
Apr 12 10:13:45 ovzhost sshd[1346]: Failed password for root from 43.255.190.92 port 52085 ssh2
Apr 12 10:13:48 ovzhost sshd[1346]: message repeated 2 times: [ Failed password for root from 43.255.190.92 port 52085 ssh2]
Apr 12 10:13:49 ovzhost sshd[1346]: Received disconnect from 43.255.190.92: 11:  [preauth]
Apr 12 10:13:49 ovzhost sshd[1346]: PAM 2 more authentication failures; logname= uid=0 euid=0 tty=ssh ruser= rhost=43.255.190.92  user=root
Apr 12 10:13:49 ovzhost sshd[1348]: pam_unix(sshd:auth): authentication failure; logname= uid=0 euid=0 tty=ssh ruser= rhost=43.255.190.92  user=root
Apr 12 10:13:51 ovzhost sshd[1348]: Failed password for root from 43.255.190.92 port 38862 ssh2
Apr 12 10:13:55 ovzhost sshd[1348]: message repeated 2 times: [ Failed password for root from 43.255.190.92 port 38862 ssh2]
Apr 12 10:13:55 ovzhost sshd[1348]: Received disconnect from 43.255.190.92: 11:  [preauth]
Apr 12 10:13:55 ovzhost sshd[1348]: PAM 2 more authentication failures; logname= uid=0 euid=0 tty=ssh ruser= rhost=43.255.190.92  user=root
Apr 12 10:13:56 ovzhost sshd[1350]: pam_unix(sshd:auth): authentication failure; logname= uid=0 euid=0 tty=ssh ruser= rhost=43.255.190.92  user=root
Apr 12 10:13:57 ovzhost sshd[1350]: Failed password for root from 43.255.190.92 port 54090 ssh2
Apr 12 10:14:02 ovzhost sshd[1350]: message repeated 2 times: [ Failed password for root from 43.255.190.92 port 54090 ssh2]
Apr 12 10:14:02 ovzhost sshd[1350]: Received disconnect from 43.255.190.92: 11:  [preauth]
Apr 12 10:14:02 ovzhost sshd[1350]: PAM 2 more authentication failures; logname= uid=0 euid=0 tty=ssh ruser= rhost=43.255.190.92  user=root
Apr 12 10:14:03 ovzhost sshd[1352]: pam_unix(sshd:auth): authentication failure; logname= uid=0 euid=0 tty=ssh ruser= rhost=43.255.190.92  user=root
Apr 12 10:14:04 ovzhost sshd[1352]: Failed password for root from 43.255.190.92 port 41028 ssh2
Apr 12 10:14:08 ovzhost sshd[1352]: message repeated 2 times: [ Failed password for root from 43.255.190.92 port 41028 ssh2]
Apr 12 10:14:08 ovzhost sshd[1352]: Received disconnect from 43.255.190.92: 11:  [preauth]
Apr 12 10:14:08 ovzhost sshd[1352]: PAM 2 more authentication failures; logname= uid=0 euid=0 tty=ssh ruser= rhost=43.255.190.92  user=root
