Apr  2 14:31:44 ovzhost sshd[780]: Connection closed by 127.0.0.1 [preauth]
Apr  2 14:35:40 ovzhost sshd[811]: Connection closed by 128.8.37.120 [preauth]
Apr  2 14:36:44 ovzhost sshd[820]: Connection closed by 127.0.0.1 [preauth]
Apr 12 09:35:36 ovzhost sshd[438]: Server listening on 0.0.0.0 port 22.
Apr 12 09:35:36 ovzhost sshd[438]: Server listening on :: port 22.
Apr 12 09:35:36 ovzhost saslauthd[644]: detach_tty      : master pid is: 644
Apr 12 09:35:36 ovzhost saslauthd[644]: ipc_init        : listening on socket: /var/run/saslauthd/mux
Apr 12 09:39:01 ovzhost CRON[798]: pam_env(cron:session): Unable to open env file: /etc/default/locale: No such file or directory
Apr 12 09:39:01 ovzhost CRON[798]: pam_unix(cron:session): session opened for user root by (uid=0)
Apr 12 09:39:01 ovzhost CRON[798]: pam_unix(cron:session): session closed for user root
Apr 12 09:40:01 ovzhost sshd[813]: Connection closed by 127.0.0.1 [preauth]
Apr 12 09:40:01 ovzhost CRON[815]: pam_env(cron:session): Unable to open env file: /etc/default/locale: No such file or directory
Apr 12 09:40:01 ovzhost CRON[815]: pam_unix(cron:session): session opened for user smmsp by (uid=0)
Apr 12 09:40:01 ovzhost CRON[815]: pam_unix(cron:session): session closed for user smmsp
Apr 12 09:40:42 ovzhost sshd[842]: Connection closed by 128.8.37.120 [preauth]
Apr 12 09:42:20 ovzhost sshd[854]: pam_unix(sshd:auth): authentication failure; logname= uid=0 euid=0 tty=ssh ruser= rhost=117.21.191.23  user=root
Apr 12 09:42:22 ovzhost sshd[854]: Failed password for root from 117.21.191.23 port 43970 ssh2
Apr 12 09:42:26 ovzhost sshd[854]: message repeated 2 times: [ Failed password for root from 117.21.191.23 port 43970 ssh2]
Apr 12 09:42:27 ovzhost sshd[854]: Received disconnect from 117.21.191.23: 11:  [preauth]
Apr 12 09:42:27 ovzhost sshd[854]: PAM 2 more authentication failures; logname= uid=0 euid=0 tty=ssh ruser= rhost=117.21.191.23  user=root
Apr 12 09:42:31 ovzhost sshd[856]: pam_unix(sshd:auth): authentication failure; logname= uid=0 euid=0 tty=ssh ruser= rhost=117.21.191.23  user=root
Apr 12 09:42:33 ovzhost sshd[856]: Failed password for root from 117.21.191.23 port 52156 ssh2
Apr 12 09:42:37 ovzhost sshd[856]: message repeated 2 times: [ Failed password for root from 117.21.191.23 port 52156 ssh2]
Apr 12 09:42:38 ovzhost sshd[856]: Received disconnect from 117.21.191.23: 11:  [preauth]
Apr 12 09:42:38 ovzhost sshd[856]: PAM 2 more authentication failures; logname= uid=0 euid=0 tty=ssh ruser= rhost=117.21.191.23  user=root
Apr 12 09:42:43 ovzhost sshd[860]: pam_unix(sshd:auth): authentication failure; logname= uid=0 euid=0 tty=ssh ruser= rhost=43.255.190.141  user=root
Apr 12 09:42:44 ovzhost sshd[858]: pam_unix(sshd:auth): authentication failure; logname= uid=0 euid=0 tty=ssh ruser= rhost=117.21.191.23  user=root
Apr 12 09:42:45 ovzhost sshd[860]: Failed password for root from 43.255.190.141 port 54732 ssh2
Apr 12 09:42:46 ovzhost sshd[858]: Failed password for root from 117.21.191.23 port 60819 ssh2
Apr 12 09:42:50 ovzhost sshd[860]: message repeated 2 times: [ Failed password for root from 43.255.190.141 port 54732 ssh2]
Apr 12 09:42:50 ovzhost sshd[860]: Received disconnect from 43.255.190.141: 11:  [preauth]
Apr 12 09:42:50 ovzhost sshd[860]: PAM 2 more authentication failures; logname= uid=0 euid=0 tty=ssh ruser= rhost=43.255.190.141  user=root
Apr 12 09:42:50 ovzhost sshd[862]: pam_unix(sshd:auth): authentication failure; logname= uid=0 euid=0 tty=ssh ruser= rhost=43.255.190.141  user=root
Apr 12 09:42:51 ovzhost sshd[858]: message repeated 2 times: [ Failed password for root from 117.21.191.23 port 60819 ssh2]
Apr 12 09:42:51 ovzhost sshd[858]: Received disconnect from 117.21.191.23: 11:  [preauth]
Apr 12 09:42:51 ovzhost sshd[858]: PAM 2 more authentication failures; logname= uid=0 euid=0 tty=ssh ruser= rhost=117.21.191.23  user=root
Apr 12 09:42:52 ovzhost sshd[862]: Failed password for root from 43.255.190.141 port 41347 ssh2
Apr 12 09:42:54 ovzhost sshd[864]: pam_unix(sshd:auth): authentication failure; logname= uid=0 euid=0 tty=ssh ruser= rhost=117.21.191.23  user=root
Apr 12 09:42:56 ovzhost sshd[864]: Failed password for root from 117.21.191.23 port 43111 ssh2
Apr 12 09:42:57 ovzhost sshd[862]: message repeated 2 times: [ Failed password for root from 43.255.190.141 port 41347 ssh2]
Apr 12 09:42:57 ovzhost sshd[862]: Received disconnect from 43.255.190.141: 11:  [preauth]
Apr 12 09:42:57 ovzhost sshd[862]: PAM 2 more authentication failures; logname= uid=0 euid=0 tty=ssh ruser= rhost=43.255.190.141  user=root
Apr 12 09:42:59 ovzhost sshd[866]: pam_unix(sshd:auth): authentication failure; logname= uid=0 euid=0 tty=ssh ruser= rhost=43.255.190.141  user=root
Apr 12 09:43:01 ovzhost sshd[864]: message repeated 2 times: [ Failed password for root from 117.21.191.23 port 43111 ssh2]
Apr 12 09:43:01 ovzhost sshd[864]: Received disconnect from 117.21.191.23: 11:  [preauth]
Apr 12 09:43:01 ovzhost sshd[864]: PAM 2 more authentication failures; logname= uid=0 euid=0 tty=ssh ruser= rhost=117.21.191.23  user=root
Apr 12 09:43:01 ovzhost sshd[866]: Failed password for root from 43.255.190.141 port 55970 ssh2
Apr 12 09:43:04 ovzhost sshd[868]: pam_unix(sshd:auth): authentication failure; logname= uid=0 euid=0 tty=ssh ruser= rhost=117.21.191.23  user=root
Apr 12 09:43:06 ovzhost sshd[866]: message repeated 2 times: [ Failed password for root from 43.255.190.141 port 55970 ssh2]
Apr 12 09:43:06 ovzhost sshd[866]: Received disconnect from 43.255.190.141: 11:  [preauth]
Apr 12 09:43:06 ovzhost sshd[866]: PAM 2 more authentication failures; logname= uid=0 euid=0 tty=ssh ruser= rhost=43.255.190.141  user=root
Apr 12 09:43:06 ovzhost sshd[868]: Failed password for root from 117.21.191.23 port 50763 ssh2
Apr 12 09:43:07 ovzhost sshd[870]: pam_unix(sshd:auth): authentication failure; logname= uid=0 euid=0 tty=ssh ruser= rhost=43.255.190.141  user=root
Apr 12 09:43:09 ovzhost sshd[870]: Failed password for root from 43.255.190.141 port 45523 ssh2
Apr 12 09:43:11 ovzhost sshd[868]: message repeated 2 times: [ Failed password for root from 117.21.191.23 port 50763 ssh2]
Apr 12 09:43:11 ovzhost sshd[868]: Received disconnect from 117.21.191.23: 11:  [preauth]
Apr 12 09:43:11 ovzhost sshd[868]: PAM 2 more authentication failures; logname= uid=0 euid=0 tty=ssh ruser= rhost=117.21.191.23  user=root
Apr 12 09:43:13 ovzhost sshd[870]: message repeated 2 times: [ Failed password for root from 43.255.190.141 port 45523 ssh2]
Apr 12 09:43:13 ovzhost sshd[870]: Received disconnect from 43.255.190.141: 11:  [preauth]
Apr 12 09:43:13 ovzhost sshd[870]: PAM 2 more authentication failures; logname= uid=0 euid=0 tty=ssh ruser= rhost=43.255.190.141  user=root
Apr 12 09:43:14 ovzhost sshd[877]: pam_unix(sshd:auth): authentication failure; logname= uid=0 euid=0 tty=ssh ruser= rhost=43.255.190.141  user=root
Apr 12 09:43:15 ovzhost sshd[875]: pam_unix(sshd:auth): authentication failure; logname= uid=0 euid=0 tty=ssh ruser= rhost=117.21.191.23  user=root
Apr 12 09:43:16 ovzhost sshd[877]: Failed password for root from 43.255.190.141 port 59241 ssh2
Apr 12 09:43:17 ovzhost sshd[875]: Failed password for root from 117.21.191.23 port 58382 ssh2
Apr 12 09:43:20 ovzhost sshd[877]: message repeated 2 times: [ Failed password for root from 43.255.190.141 port 59241 ssh2]
Apr 12 09:43:20 ovzhost sshd[877]: Received disconnect from 43.255.190.141: 11:  [preauth]
Apr 12 09:43:20 ovzhost sshd[877]: PAM 2 more authentication failures; logname= uid=0 euid=0 tty=ssh ruser= rhost=43.255.190.141  user=root
Apr 12 09:43:22 ovzhost sshd[875]: message repeated 2 times: [ Failed password for root from 117.21.191.23 port 58382 ssh2]
Apr 12 09:43:23 ovzhost sshd[875]: Received disconnect from 117.21.191.23: 11:  [preauth]
Apr 12 09:43:23 ovzhost sshd[875]: PAM 2 more authentication failures; logname= uid=0 euid=0 tty=ssh ruser= rhost=117.21.191.23  user=root
Apr 12 09:43:26 ovzhost sshd[879]: pam_unix(sshd:auth): authentication failure; logname= uid=0 euid=0 tty=ssh ruser= rhost=43.255.190.141  user=root
Apr 12 09:43:26 ovzhost sshd[881]: pam_unix(sshd:auth): authentication failure; logname= uid=0 euid=0 tty=ssh ruser= rhost=117.21.191.23  user=root
Apr 12 09:43:28 ovzhost sshd[879]: Failed password for root from 43.255.190.141 port 43354 ssh2
Apr 12 09:43:29 ovzhost sshd[881]: Failed password for root from 117.21.191.23 port 39552 ssh2
Apr 12 09:43:32 ovzhost sshd[879]: message repeated 2 times: [ Failed password for root from 43.255.190.141 port 43354 ssh2]
Apr 12 09:43:32 ovzhost sshd[879]: Received disconnect from 43.255.190.141: 11:  [preauth]
Apr 12 09:43:32 ovzhost sshd[879]: PAM 2 more authentication failures; logname= uid=0 euid=0 tty=ssh ruser= rhost=43.255.190.141  user=root
Apr 12 09:43:33 ovzhost sshd[883]: pam_unix(sshd:auth): authentication failure; logname= uid=0 euid=0 tty=ssh ruser= rhost=43.255.190.141  user=root
Apr 12 09:43:34 ovzhost sshd[881]: message repeated 2 times: [ Failed password for root from 117.21.191.23 port 39552 ssh2]
Apr 12 09:43:34 ovzhost sshd[881]: Received disconnect from 117.21.191.23: 11:  [preauth]
Apr 12 09:43:34 ovzhost sshd[881]: PAM 2 more authentication failures; logname= uid=0 euid=0 tty=ssh ruser= rhost=117.21.191.23  user=root
Apr 12 09:43:34 ovzhost sshd[883]: Failed password for root from 43.255.190.141 port 35438 ssh2
Apr 12 09:43:38 ovzhost sshd[885]: pam_unix(sshd:auth): authentication failure; logname= uid=0 euid=0 tty=ssh ruser= rhost=117.21.191.23  user=root
Apr 12 09:43:38 ovzhost sshd[883]: message repeated 2 times: [ Failed password for root from 43.255.190.141 port 35438 ssh2]
Apr 12 09:43:39 ovzhost sshd[883]: Received disconnect from 43.255.190.141: 11:  [preauth]
Apr 12 09:43:39 ovzhost sshd[883]: PAM 2 more authentication failures; logname= uid=0 euid=0 tty=ssh ruser= rhost=43.255.190.141  user=root
Apr 12 09:43:39 ovzhost sshd[887]: pam_unix(sshd:auth): authentication failure; logname= uid=0 euid=0 tty=ssh ruser= rhost=43.255.190.141  user=root
Apr 12 09:43:40 ovzhost sshd[885]: Failed password for root from 117.21.191.23 port 48290 ssh2
Apr 12 09:43:41 ovzhost sshd[887]: Failed password for root from 43.255.190.141 port 49225 ssh2
Apr 12 09:43:45 ovzhost sshd[885]: message repeated 2 times: [ Failed password for root from 117.21.191.23 port 48290 ssh2]
Apr 12 09:43:45 ovzhost sshd[885]: Received disconnect from 117.21.191.23: 11:  [preauth]
Apr 12 09:43:45 ovzhost sshd[885]: PAM 2 more authentication failures; logname= uid=0 euid=0 tty=ssh ruser= rhost=117.21.191.23  user=root
Apr 12 09:43:46 ovzhost sshd[887]: message repeated 2 times: [ Failed password for root from 43.255.190.141 port 49225 ssh2]
Apr 12 09:43:46 ovzhost sshd[887]: Received disconnect from 43.255.190.141: 11:  [preauth]
Apr 12 09:43:46 ovzhost sshd[887]: PAM 2 more authentication failures; logname= uid=0 euid=0 tty=ssh ruser= rhost=43.255.190.141  user=root
Apr 12 09:43:47 ovzhost sshd[891]: pam_unix(sshd:auth): authentication failure; logname= uid=0 euid=0 tty=ssh ruser= rhost=43.255.190.141  user=root
Apr 12 09:43:49 ovzhost sshd[891]: Failed password for root from 43.255.190.141 port 36192 ssh2
Apr 12 09:43:51 ovzhost sshd[889]: pam_unix(sshd:auth): authentication failure; logname= uid=0 euid=0 tty=ssh ruser= rhost=117.21.191.23  user=root
Apr 12 09:43:53 ovzhost sshd[891]: message repeated 2 times: [ Failed password for root from 43.255.190.141 port 36192 ssh2]
Apr 12 09:43:53 ovzhost sshd[891]: Received disconnect from 43.255.190.141: 11:  [preauth]
Apr 12 09:43:53 ovzhost sshd[891]: PAM 2 more authentication failures; logname= uid=0 euid=0 tty=ssh ruser= rhost=43.255.190.141  user=root
Apr 12 09:43:53 ovzhost sshd[889]: Failed password for root from 117.21.191.23 port 57015 ssh2
Apr 12 09:43:53 ovzhost sshd[893]: pam_unix(sshd:auth): authentication failure; logname= uid=0 euid=0 tty=ssh ruser= rhost=43.255.190.141  user=root
Apr 12 09:43:56 ovzhost sshd[893]: Failed password for root from 43.255.190.141 port 48968 ssh2
Apr 12 09:43:58 ovzhost sshd[889]: message repeated 2 times: [ Failed password for root from 117.21.191.23 port 57015 ssh2]
Apr 12 09:43:58 ovzhost sshd[889]: Received disconnect from 117.21.191.23: 11:  [preauth]
Apr 12 09:43:58 ovzhost sshd[889]: PAM 2 more authentication failures; logname= uid=0 euid=0 tty=ssh ruser= rhost=117.21.191.23  user=root
Apr 12 09:44:00 ovzhost sshd[893]: message repeated 2 times: [ Failed password for root from 43.255.190.141 port 48968 ssh2]
Apr 12 09:44:00 ovzhost sshd[893]: Received disconnect from 43.255.190.141: 11:  [preauth]
Apr 12 09:44:00 ovzhost sshd[893]: PAM 2 more authentication failures; logname= uid=0 euid=0 tty=ssh ruser= rhost=43.255.190.141  user=root
Apr 12 09:44:01 ovzhost sshd[897]: pam_unix(sshd:auth): authentication failure; logname= uid=0 euid=0 tty=ssh ruser= rhost=43.255.190.141  user=root
Apr 12 09:44:03 ovzhost sshd[895]: pam_unix(sshd:auth): authentication failure; logname= uid=0 euid=0 tty=ssh ruser= rhost=117.21.191.23  user=root
Apr 12 09:44:03 ovzhost sshd[897]: Failed password for root from 43.255.190.141 port 33097 ssh2
Apr 12 09:44:04 ovzhost sshd[895]: Failed password for root from 117.21.191.23 port 39332 ssh2
Apr 12 09:44:07 ovzhost sshd[897]: message repeated 2 times: [ Failed password for root from 43.255.190.141 port 33097 ssh2]
Apr 12 09:44:07 ovzhost sshd[897]: Received disconnect from 43.255.190.141: 11:  [preauth]
Apr 12 09:44:07 ovzhost sshd[897]: PAM 2 more authentication failures; logname= uid=0 euid=0 tty=ssh ruser= rhost=43.255.190.141  user=root
Apr 12 09:44:08 ovzhost sshd[899]: pam_unix(sshd:auth): authentication failure; logname= uid=0 euid=0 tty=ssh ruser= rhost=43.255.190.141  user=root
Apr 12 09:44:09 ovzhost sshd[895]: message repeated 2 times: [ Failed password for root from 117.21.191.23 port 39332 ssh2]
Apr 12 09:44:09 ovzhost sshd[895]: Received disconnect from 117.21.191.23: 11:  [preauth]
Apr 12 09:44:09 ovzhost sshd[895]: PAM 2 more authentication failures; logname= uid=0 euid=0 tty=ssh ruser= rhost=117.21.191.23  user=root
Apr 12 09:44:10 ovzhost sshd[899]: Failed password for root from 43.255.190.141 port 44913 ssh2
Apr 12 09:44:14 ovzhost sshd[899]: message repeated 2 times: [ Failed password for root from 43.255.190.141 port 44913 ssh2]
Apr 12 09:44:14 ovzhost sshd[899]: Received disconnect from 43.255.190.141: 11:  [preauth]
Apr 12 09:44:14 ovzhost sshd[899]: PAM 2 more authentication failures; logname= uid=0 euid=0 tty=ssh ruser= rhost=43.255.190.141  user=root
Apr 12 09:44:16 ovzhost sshd[905]: pam_unix(sshd:auth): authentication failure; logname= uid=0 euid=0 tty=ssh ruser= rhost=43.255.190.141  user=root
Apr 12 09:44:17 ovzhost sshd[903]: pam_unix(sshd:auth): authentication failure; logname= uid=0 euid=0 tty=ssh ruser= rhost=117.21.191.23  user=root
Apr 12 09:44:17 ovzhost sshd[905]: Failed password for root from 43.255.190.141 port 59175 ssh2
Apr 12 09:44:19 ovzhost sshd[903]: Failed password for root from 117.21.191.23 port 48301 ssh2
Apr 12 09:44:22 ovzhost sshd[905]: message repeated 2 times: [ Failed password for root from 43.255.190.141 port 59175 ssh2]
Apr 12 09:44:22 ovzhost sshd[905]: Received disconnect from 43.255.190.141: 11:  [preauth]
Apr 12 09:44:22 ovzhost sshd[905]: PAM 2 more authentication failures; logname= uid=0 euid=0 tty=ssh ruser= rhost=43.255.190.141  user=root
Apr 12 09:44:22 ovzhost sshd[907]: pam_unix(sshd:auth): authentication failure; logname= uid=0 euid=0 tty=ssh ruser= rhost=43.255.190.141  user=root
Apr 12 09:44:24 ovzhost sshd[907]: Failed password for root from 43.255.190.141 port 45366 ssh2
Apr 12 09:44:24 ovzhost sshd[903]: message repeated 2 times: [ Failed password for root from 117.21.191.23 port 48301 ssh2]
Apr 12 09:44:25 ovzhost sshd[903]: Received disconnect from 117.21.191.23: 11:  [preauth]
Apr 12 09:44:25 ovzhost sshd[903]: PAM 2 more authentication failures; logname= uid=0 euid=0 tty=ssh ruser= rhost=117.21.191.23  user=root
Apr 12 09:44:28 ovzhost sshd[909]: pam_unix(sshd:auth): authentication failure; logname= uid=0 euid=0 tty=ssh ruser= rhost=117.21.191.23  user=root
Apr 12 09:44:29 ovzhost sshd[907]: message repeated 2 times: [ Failed password for root from 43.255.190.141 port 45366 ssh2]
Apr 12 09:44:29 ovzhost sshd[907]: Received disconnect from 43.255.190.141: 11:  [preauth]
Apr 12 09:44:29 ovzhost sshd[907]: PAM 2 more authentication failures; logname= uid=0 euid=0 tty=ssh ruser= rhost=43.255.190.141  user=root
Apr 12 09:44:29 ovzhost sshd[911]: pam_unix(sshd:auth): authentication failure; logname= uid=0 euid=0 tty=ssh ruser= rhost=43.255.190.141  user=root
Apr 12 09:44:30 ovzhost sshd[909]: Failed password for root from 117.21.191.23 port 60166 ssh2
Apr 12 09:44:31 ovzhost sshd[911]: Failed password for root from 43.255.190.141 port 59158 ssh2
Apr 12 09:44:35 ovzhost sshd[909]: message repeated 2 times: [ Failed password for root from 117.21.191.23 port 60166 ssh2]
Apr 12 09:44:36 ovzhost sshd[909]: Received disconnect from 117.21.191.23: 11:  [preauth]
Apr 12 09:44:36 ovzhost sshd[909]: PAM 2 more authentication failures; logname= uid=0 euid=0 tty=ssh ruser= rhost=117.21.191.23  user=root
Apr 12 09:44:36 ovzhost sshd[911]: message repeated 2 times: [ Failed password for root from 43.255.190.141 port 59158 ssh2]
Apr 12 09:44:36 ovzhost sshd[911]: Received disconnect from 43.255.190.141: 11:  [preauth]
Apr 12 09:44:36 ovzhost sshd[911]: PAM 2 more authentication failures; logname= uid=0 euid=0 tty=ssh ruser= rhost=43.255.190.141  user=root
Apr 12 09:44:37 ovzhost sshd[915]: pam_unix(sshd:auth): authentication failure; logname= uid=0 euid=0 tty=ssh ruser= rhost=43.255.190.141  user=root
Apr 12 09:44:39 ovzhost sshd[915]: Failed password for root from 43.255.190.141 port 45199 ssh2
Apr 12 09:44:42 ovzhost sshd[913]: pam_unix(sshd:auth): authentication failure; logname= uid=0 euid=0 tty=ssh ruser= rhost=117.21.191.23  user=root
Apr 12 09:44:43 ovzhost sshd[915]: message repeated 2 times: [ Failed password for root from 43.255.190.141 port 45199 ssh2]
Apr 12 09:44:43 ovzhost sshd[915]: Received disconnect from 43.255.190.141: 11:  [preauth]
Apr 12 09:44:43 ovzhost sshd[915]: PAM 2 more authentication failures; logname= uid=0 euid=0 tty=ssh ruser= rhost=43.255.190.141  user=root
Apr 12 09:44:44 ovzhost sshd[917]: pam_unix(sshd:auth): authentication failure; logname= uid=0 euid=0 tty=ssh ruser= rhost=43.255.190.141  user=root
Apr 12 09:44:44 ovzhost sshd[913]: Failed password for root from 117.21.191.23 port 40208 ssh2
Apr 12 09:44:46 ovzhost sshd[917]: Failed password for root from 43.255.190.141 port 58817 ssh2
Apr 12 09:44:50 ovzhost sshd[913]: message repeated 2 times: [ Failed password for root from 117.21.191.23 port 40208 ssh2]
Apr 12 09:44:50 ovzhost sshd[913]: Received disconnect from 117.21.191.23: 11:  [preauth]
Apr 12 09:44:50 ovzhost sshd[913]: PAM 2 more authentication failures; logname= uid=0 euid=0 tty=ssh ruser= rhost=117.21.191.23  user=root
Apr 12 09:44:51 ovzhost sshd[917]: message repeated 2 times: [ Failed password for root from 43.255.190.141 port 58817 ssh2]
Apr 12 09:44:51 ovzhost sshd[917]: Received disconnect from 43.255.190.141: 11:  [preauth]
Apr 12 09:44:51 ovzhost sshd[917]: PAM 2 more authentication failures; logname= uid=0 euid=0 tty=ssh ruser= rhost=43.255.190.141  user=root
Apr 12 09:44:52 ovzhost sshd[921]: pam_unix(sshd:auth): authentication failure; logname= uid=0 euid=0 tty=ssh ruser= rhost=43.255.190.141  user=root
Apr 12 09:44:54 ovzhost sshd[921]: Failed password for root from 43.255.190.141 port 45557 ssh2
Apr 12 09:44:54 ovzhost sshd[919]: pam_unix(sshd:auth): authentication failure; logname= uid=0 euid=0 tty=ssh ruser= rhost=117.21.191.23  user=root
Apr 12 09:44:57 ovzhost sshd[919]: Failed password for root from 117.21.191.23 port 50477 ssh2
Apr 12 09:44:59 ovzhost sshd[921]: message repeated 2 times: [ Failed password for root from 43.255.190.141 port 45557 ssh2]
Apr 12 09:44:59 ovzhost sshd[921]: Received disconnect from 43.255.190.141: 11:  [preauth]
Apr 12 09:44:59 ovzhost sshd[921]: PAM 2 more authentication failures; logname= uid=0 euid=0 tty=ssh ruser= rhost=43.255.190.141  user=root
Apr 12 09:45:00 ovzhost sshd[923]: pam_unix(sshd:auth): authentication failure; logname= uid=0 euid=0 tty=ssh ruser= rhost=43.255.190.141  user=root
Apr 12 09:45:01 ovzhost sshd[926]: Connection closed by 127.0.0.1 [preauth]
Apr 12 09:45:02 ovzhost sshd[923]: Failed password for root from 43.255.190.141 port 33611 ssh2
Apr 12 09:45:02 ovzhost sshd[919]: message repeated 2 times: [ Failed password for root from 117.21.191.23 port 50477 ssh2]
Apr 12 09:45:02 ovzhost sshd[919]: Received disconnect from 117.21.191.23: 11:  [preauth]
Apr 12 09:45:02 ovzhost sshd[919]: PAM 2 more authentication failures; logname= uid=0 euid=0 tty=ssh ruser= rhost=117.21.191.23  user=root
Apr 12 09:45:07 ovzhost sshd[923]: message repeated 2 times: [ Failed password for root from 43.255.190.141 port 33611 ssh2]
Apr 12 09:45:07 ovzhost sshd[923]: Received disconnect from 43.255.190.141: 11:  [preauth]
Apr 12 09:45:07 ovzhost sshd[923]: PAM 2 more authentication failures; logname= uid=0 euid=0 tty=ssh ruser= rhost=43.255.190.141  user=root
Apr 12 09:45:07 ovzhost sshd[930]: pam_unix(sshd:auth): authentication failure; logname= uid=0 euid=0 tty=ssh ruser= rhost=43.255.190.141  user=root
Apr 12 09:45:09 ovzhost sshd[928]: pam_unix(sshd:auth): authentication failure; logname= uid=0 euid=0 tty=ssh ruser= rhost=117.21.191.23  user=root
Apr 12 09:45:09 ovzhost sshd[930]: Failed password for root from 43.255.190.141 port 47572 ssh2
Apr 12 09:45:10 ovzhost sshd[928]: Failed password for root from 117.21.191.23 port 58497 ssh2
Apr 12 09:45:13 ovzhost sshd[930]: message repeated 2 times: [ Failed password for root from 43.255.190.141 port 47572 ssh2]
Apr 12 09:45:14 ovzhost sshd[930]: Received disconnect from 43.255.190.141: 11:  [preauth]
Apr 12 09:45:14 ovzhost sshd[930]: PAM 2 more authentication failures; logname= uid=0 euid=0 tty=ssh ruser= rhost=43.255.190.141  user=root
Apr 12 09:45:14 ovzhost sshd[933]: pam_unix(sshd:auth): authentication failure; logname= uid=0 euid=0 tty=ssh ruser= rhost=43.255.190.141  user=root
Apr 12 09:45:16 ovzhost sshd[928]: message repeated 2 times: [ Failed password for root from 117.21.191.23 port 58497 ssh2]
Apr 12 09:45:16 ovzhost sshd[928]: Received disconnect from 117.21.191.23: 11:  [preauth]
Apr 12 09:45:16 ovzhost sshd[928]: PAM 2 more authentication failures; logname= uid=0 euid=0 tty=ssh ruser= rhost=117.21.191.23  user=root
Apr 12 09:45:16 ovzhost sshd[933]: Failed password for root from 43.255.190.141 port 60854 ssh2
Apr 12 09:45:18 ovzhost sshd[935]: pam_unix(sshd:auth): authentication failure; logname= uid=0 euid=0 tty=ssh ruser= rhost=117.21.191.23  user=root
Apr 12 09:45:20 ovzhost sshd[935]: Failed password for root from 117.21.191.23 port 39743 ssh2
Apr 12 09:45:20 ovzhost sshd[933]: message repeated 2 times: [ Failed password for root from 43.255.190.141 port 60854 ssh2]
Apr 12 09:45:20 ovzhost sshd[933]: Received disconnect from 43.255.190.141: 11:  [preauth]
Apr 12 09:45:20 ovzhost sshd[933]: PAM 2 more authentication failures; logname= uid=0 euid=0 tty=ssh ruser= rhost=43.255.190.141  user=root
Apr 12 09:45:21 ovzhost sshd[937]: pam_unix(sshd:auth): authentication failure; logname= uid=0 euid=0 tty=ssh ruser= rhost=43.255.190.141  user=root
Apr 12 09:45:23 ovzhost sshd[937]: Failed password for root from 43.255.190.141 port 45781 ssh2
Apr 12 09:45:25 ovzhost sshd[935]: message repeated 2 times: [ Failed password for root from 117.21.191.23 port 39743 ssh2]
Apr 12 09:45:25 ovzhost sshd[935]: Received disconnect from 117.21.191.23: 11:  [preauth]
Apr 12 09:45:25 ovzhost sshd[935]: PAM 2 more authentication failures; logname= uid=0 euid=0 tty=ssh ruser= rhost=117.21.191.23  user=root
Apr 12 09:45:28 ovzhost sshd[937]: message repeated 2 times: [ Failed password for root from 43.255.190.141 port 45781 ssh2]
Apr 12 09:45:28 ovzhost sshd[937]: Received disconnect from 43.255.190.141: 11:  [preauth]
Apr 12 09:45:28 ovzhost sshd[937]: PAM 2 more authentication failures; logname= uid=0 euid=0 tty=ssh ruser= rhost=43.255.190.141  user=root
Apr 12 09:45:30 ovzhost sshd[941]: pam_unix(sshd:auth): authentication failure; logname= uid=0 euid=0 tty=ssh ruser= rhost=43.255.190.141  user=root
Apr 12 09:45:32 ovzhost sshd[941]: Failed password for root from 43.255.190.141 port 59248 ssh2
Apr 12 09:45:32 ovzhost sshd[939]: pam_unix(sshd:auth): authentication failure; logname= uid=0 euid=0 tty=ssh ruser= rhost=117.21.191.23  user=root
Apr 12 09:45:34 ovzhost sshd[939]: Failed password for root from 117.21.191.23 port 47326 ssh2
Apr 12 09:45:36 ovzhost sshd[941]: message repeated 2 times: [ Failed password for root from 43.255.190.141 port 59248 ssh2]
Apr 12 09:45:36 ovzhost sshd[941]: Received disconnect from 43.255.190.141: 11:  [preauth]
Apr 12 09:45:36 ovzhost sshd[941]: PAM 2 more authentication failures; logname= uid=0 euid=0 tty=ssh ruser= rhost=43.255.190.141  user=root
Apr 12 09:45:37 ovzhost sshd[943]: pam_unix(sshd:auth): authentication failure; logname= uid=0 euid=0 tty=ssh ruser= rhost=43.255.190.141  user=root
Apr 12 09:45:40 ovzhost sshd[943]: Failed password for root from 43.255.190.141 port 47541 ssh2
Apr 12 09:45:40 ovzhost sshd[939]: message repeated 2 times: [ Failed password for root from 117.21.191.23 port 47326 ssh2]
Apr 12 09:45:40 ovzhost sshd[939]: Received disconnect from 117.21.191.23: 11:  [preauth]
Apr 12 09:45:40 ovzhost sshd[939]: PAM 2 more authentication failures; logname= uid=0 euid=0 tty=ssh ruser= rhost=117.21.191.23  user=root
Apr 12 09:45:43 ovzhost sshd[943]: message repeated 2 times: [ Failed password for root from 43.255.190.141 port 47541 ssh2]
Apr 12 09:45:43 ovzhost sshd[943]: Received disconnect from 43.255.190.141: 11:  [preauth]
Apr 12 09:45:43 ovzhost sshd[943]: PAM 2 more authentication failures; logname= uid=0 euid=0 tty=ssh ruser= rhost=43.255.190.141  user=root
Apr 12 09:45:44 ovzhost sshd[945]: pam_unix(sshd:auth): authentication failure; logname= uid=0 euid=0 tty=ssh ruser= rhost=43.255.190.141  user=root
Apr 12 09:45:46 ovzhost sshd[945]: Failed password for root from 43.255.190.141 port 60904 ssh2
Apr 12 09:45:51 ovzhost sshd[945]: message repeated 2 times: [ Failed password for root from 43.255.190.141 port 60904 ssh2]
Apr 12 09:45:51 ovzhost sshd[945]: Received disconnect from 43.255.190.141: 11:  [preauth]
Apr 12 09:45:51 ovzhost sshd[945]: PAM 2 more authentication failures; logname= uid=0 euid=0 tty=ssh ruser= rhost=43.255.190.141  user=root
Apr 12 09:45:56 ovzhost sshd[948]: pam_unix(sshd:auth): authentication failure; logname= uid=0 euid=0 tty=ssh ruser= rhost=43.255.190.141  user=root
Apr 12 09:45:58 ovzhost sshd[948]: Failed password for root from 43.255.190.141 port 47230 ssh2
Apr 12 09:46:02 ovzhost sshd[948]: message repeated 2 times: [ Failed password for root from 43.255.190.141 port 47230 ssh2]
Apr 12 09:46:03 ovzhost sshd[948]: Received disconnect from 43.255.190.141: 11:  [preauth]
Apr 12 09:46:03 ovzhost sshd[948]: PAM 2 more authentication failures; logname= uid=0 euid=0 tty=ssh ruser= rhost=43.255.190.141  user=root
Apr 12 09:46:03 ovzhost sshd[952]: pam_unix(sshd:auth): authentication failure; logname= uid=0 euid=0 tty=ssh ruser= rhost=43.255.190.141  user=root
Apr 12 09:46:04 ovzhost sshd[952]: Failed password for root from 43.255.190.141 port 40751 ssh2
Apr 12 09:46:08 ovzhost sshd[952]: message repeated 2 times: [ Failed password for root from 43.255.190.141 port 40751 ssh2]
Apr 12 09:46:09 ovzhost sshd[952]: Received disconnect from 43.255.190.141: 11:  [preauth]
Apr 12 09:46:09 ovzhost sshd[952]: PAM 2 more authentication failures; logname= uid=0 euid=0 tty=ssh ruser= rhost=43.255.190.141  user=root
Apr 12 09:46:09 ovzhost sshd[954]: pam_unix(sshd:auth): authentication failure; logname= uid=0 euid=0 tty=ssh ruser= rhost=43.255.190.141  user=root
Apr 12 09:46:11 ovzhost sshd[954]: Failed password for root from 43.255.190.141 port 51948 ssh2
Apr 12 09:46:15 ovzhost sshd[954]: message repeated 2 times: [ Failed password for root from 43.255.190.141 port 51948 ssh2]
Apr 12 09:46:15 ovzhost sshd[954]: Received disconnect from 43.255.190.141: 11:  [preauth]
Apr 12 09:46:15 ovzhost sshd[954]: PAM 2 more authentication failures; logname= uid=0 euid=0 tty=ssh ruser= rhost=43.255.190.141  user=root
Apr 12 09:46:17 ovzhost sshd[958]: pam_unix(sshd:auth): authentication failure; logname= uid=0 euid=0 tty=ssh ruser= rhost=43.255.190.141  user=root
Apr 12 09:46:19 ovzhost sshd[958]: Failed password for root from 43.255.190.141 port 34795 ssh2
Apr 12 09:46:24 ovzhost sshd[958]: message repeated 2 times: [ Failed password for root from 43.255.190.141 port 34795 ssh2]
Apr 12 09:46:24 ovzhost sshd[958]: Received disconnect from 43.255.190.141: 11:  [preauth]
Apr 12 09:46:24 ovzhost sshd[958]: PAM 2 more authentication failures; logname= uid=0 euid=0 tty=ssh ruser= rhost=43.255.190.141  user=root
Apr 12 09:46:24 ovzhost sshd[960]: pam_unix(sshd:auth): authentication failure; logname= uid=0 euid=0 tty=ssh ruser= rhost=43.255.190.141  user=root
Apr 12 09:46:26 ovzhost sshd[960]: Failed password for root from 43.255.190.141 port 47804 ssh2
Apr 12 09:46:30 ovzhost sshd[960]: message repeated 2 times: [ Failed password for root from 43.255.190.141 port 47804 ssh2]
Apr 12 09:46:30 ovzhost sshd[960]: Received disconnect from 43.255.190.141: 11:  [preauth]
Apr 12 09:46:30 ovzhost sshd[960]: PAM 2 more authentication failures; logname= uid=0 euid=0 tty=ssh ruser= rhost=43.255.190.141  user=root
Apr 12 09:46:31 ovzhost sshd[964]: pam_unix(sshd:auth): authentication failure; logname= uid=0 euid=0 tty=ssh ruser= rhost=43.255.190.141  user=root
Apr 12 09:46:34 ovzhost sshd[964]: Failed password for root from 43.255.190.141 port 33745 ssh2
Apr 12 09:46:37 ovzhost sshd[964]: message repeated 2 times: [ Failed password for root from 43.255.190.141 port 33745 ssh2]
Apr 12 09:46:37 ovzhost sshd[964]: Received disconnect from 43.255.190.141: 11:  [preauth]
Apr 12 09:46:37 ovzhost sshd[964]: PAM 2 more authentication failures; logname= uid=0 euid=0 tty=ssh ruser= rhost=43.255.190.141  user=root
Apr 12 09:46:38 ovzhost sshd[968]: pam_unix(sshd:auth): authentication failure; logname= uid=0 euid=0 tty=ssh ruser= rhost=43.255.190.141  user=root
Apr 12 09:46:40 ovzhost sshd[968]: Failed password for root from 43.255.190.141 port 47422 ssh2
Apr 12 09:46:45 ovzhost sshd[968]: message repeated 2 times: [ Failed password for root from 43.255.190.141 port 47422 ssh2]
Apr 12 09:46:45 ovzhost sshd[968]: Received disconnect from 43.255.190.141: 11:  [preauth]
Apr 12 09:46:45 ovzhost sshd[968]: PAM 2 more authentication failures; logname= uid=0 euid=0 tty=ssh ruser= rhost=43.255.190.141  user=root
Apr 12 09:46:46 ovzhost sshd[970]: pam_unix(sshd:auth): authentication failure; logname= uid=0 euid=0 tty=ssh ruser= rhost=43.255.190.141  user=root
Apr 12 09:46:47 ovzhost sshd[970]: Failed password for root from 43.255.190.141 port 33703 ssh2
Apr 12 09:46:51 ovzhost sshd[970]: message repeated 2 times: [ Failed password for root from 43.255.190.141 port 33703 ssh2]
Apr 12 09:46:51 ovzhost sshd[970]: Received disconnect from 43.255.190.141: 11:  [preauth]
Apr 12 09:46:51 ovzhost sshd[970]: PAM 2 more authentication failures; logname= uid=0 euid=0 tty=ssh ruser= rhost=43.255.190.141  user=root
Apr 12 09:46:52 ovzhost sshd[972]: pam_unix(sshd:auth): authentication failure; logname= uid=0 euid=0 tty=ssh ruser= rhost=43.255.190.141  user=root
Apr 12 09:46:53 ovzhost sshd[972]: Failed password for root from 43.255.190.141 port 47782 ssh2
Apr 12 09:46:58 ovzhost sshd[972]: message repeated 2 times: [ Failed password for root from 43.255.190.141 port 47782 ssh2]
Apr 12 09:46:58 ovzhost sshd[972]: Received disconnect from 43.255.190.141: 11:  [preauth]
Apr 12 09:46:58 ovzhost sshd[972]: PAM 2 more authentication failures; logname= uid=0 euid=0 tty=ssh ruser= rhost=43.255.190.141  user=root
Apr 12 09:46:58 ovzhost sshd[974]: pam_unix(sshd:auth): authentication failure; logname= uid=0 euid=0 tty=ssh ruser= rhost=43.255.190.141  user=root
Apr 12 09:47:00 ovzhost sshd[974]: Failed password for root from 43.255.190.141 port 33642 ssh2
Apr 12 09:47:04 ovzhost sshd[974]: message repeated 2 times: [ Failed password for root from 43.255.190.141 port 33642 ssh2]
Apr 12 09:47:04 ovzhost sshd[974]: Received disconnect from 43.255.190.141: 11:  [preauth]
Apr 12 09:47:04 ovzhost sshd[974]: PAM 2 more authentication failures; logname= uid=0 euid=0 tty=ssh ruser= rhost=43.255.190.141  user=root
Apr 12 09:47:05 ovzhost sshd[976]: pam_unix(sshd:auth): authentication failure; logname= uid=0 euid=0 tty=ssh ruser= rhost=43.255.190.141  user=root
Apr 12 09:47:07 ovzhost sshd[976]: Failed password for root from 43.255.190.141 port 46876 ssh2
Apr 12 09:47:12 ovzhost sshd[976]: message repeated 2 times: [ Failed password for root from 43.255.190.141 port 46876 ssh2]
Apr 12 09:47:12 ovzhost sshd[976]: Received disconnect from 43.255.190.141: 11:  [preauth]
Apr 12 09:47:12 ovzhost sshd[976]: PAM 2 more authentication failures; logname= uid=0 euid=0 tty=ssh ruser= rhost=43.255.190.141  user=root
Apr 12 09:47:13 ovzhost sshd[979]: pam_unix(sshd:auth): authentication failure; logname= uid=0 euid=0 tty=ssh ruser= rhost=43.255.190.141  user=root
Apr 12 09:47:15 ovzhost sshd[979]: Failed password for root from 43.255.190.141 port 32983 ssh2
Apr 12 09:47:19 ovzhost sshd[979]: message repeated 2 times: [ Failed password for root from 43.255.190.141 port 32983 ssh2]
Apr 12 09:47:19 ovzhost sshd[979]: Received disconnect from 43.255.190.141: 11:  [preauth]
Apr 12 09:47:19 ovzhost sshd[979]: PAM 2 more authentication failures; logname= uid=0 euid=0 tty=ssh ruser= rhost=43.255.190.141  user=root
Apr 12 09:47:20 ovzhost sshd[981]: pam_unix(sshd:auth): authentication failure; logname= uid=0 euid=0 tty=ssh ruser= rhost=43.255.190.141  user=root
Apr 12 09:47:22 ovzhost sshd[981]: Failed password for root from 43.255.190.141 port 44376 ssh2
Apr 12 09:47:26 ovzhost sshd[981]: message repeated 2 times: [ Failed password for root from 43.255.190.141 port 44376 ssh2]
Apr 12 09:47:26 ovzhost sshd[981]: Received disconnect from 43.255.190.141: 11:  [preauth]
Apr 12 09:47:26 ovzhost sshd[981]: PAM 2 more authentication failures; logname= uid=0 euid=0 tty=ssh ruser= rhost=43.255.190.141  user=root
Apr 12 09:47:26 ovzhost sshd[983]: pam_unix(sshd:auth): authentication failure; logname= uid=0 euid=0 tty=ssh ruser= rhost=43.255.190.141  user=root
Apr 12 09:47:28 ovzhost sshd[983]: Failed password for root from 43.255.190.141 port 59182 ssh2
Apr 12 09:47:32 ovzhost sshd[983]: message repeated 2 times: [ Failed password for root from 43.255.190.141 port 59182 ssh2]
Apr 12 09:47:32 ovzhost sshd[983]: Received disconnect from 43.255.190.141: 11:  [preauth]
Apr 12 09:47:32 ovzhost sshd[983]: PAM 2 more authentication failures; logname= uid=0 euid=0 tty=ssh ruser= rhost=43.255.190.141  user=root
Apr 12 09:47:35 ovzhost sshd[985]: pam_unix(sshd:auth): authentication failure; logname= uid=0 euid=0 tty=ssh ruser= rhost=43.255.190.141  user=root
Apr 12 09:47:36 ovzhost sshd[985]: Failed password for root from 43.255.190.141 port 46783 ssh2
Apr 12 09:47:40 ovzhost sshd[985]: message repeated 2 times: [ Failed password for root from 43.255.190.141 port 46783 ssh2]
Apr 12 09:47:41 ovzhost sshd[985]: Received disconnect from 43.255.190.141: 11:  [preauth]
Apr 12 09:47:41 ovzhost sshd[985]: PAM 2 more authentication failures; logname= uid=0 euid=0 tty=ssh ruser= rhost=43.255.190.141  user=root
Apr 12 09:47:41 ovzhost sshd[988]: pam_unix(sshd:auth): authentication failure; logname= uid=0 euid=0 tty=ssh ruser= rhost=43.255.190.141  user=root
Apr 12 09:47:43 ovzhost sshd[988]: Failed password for root from 43.255.190.141 port 36328 ssh2
Apr 12 09:47:47 ovzhost sshd[988]: message repeated 2 times: [ Failed password for root from 43.255.190.141 port 36328 ssh2]
Apr 12 09:47:47 ovzhost sshd[988]: Received disconnect from 43.255.190.141: 11:  [preauth]
Apr 12 09:47:47 ovzhost sshd[988]: PAM 2 more authentication failures; logname= uid=0 euid=0 tty=ssh ruser= rhost=43.255.190.141  user=root
Apr 12 09:47:47 ovzhost sshd[990]: pam_unix(sshd:auth): authentication failure; logname= uid=0 euid=0 tty=ssh ruser= rhost=43.255.190.141  user=root
Apr 12 09:47:49 ovzhost sshd[990]: Failed password for root from 43.255.190.141 port 50504 ssh2
Apr 12 09:47:53 ovzhost sshd[990]: message repeated 2 times: [ Failed password for root from 43.255.190.141 port 50504 ssh2]
Apr 12 09:47:53 ovzhost sshd[990]: Received disconnect from 43.255.190.141: 11:  [preauth]
Apr 12 09:47:53 ovzhost sshd[990]: PAM 2 more authentication failures; logname= uid=0 euid=0 tty=ssh ruser= rhost=43.255.190.141  user=root
Apr 12 09:47:54 ovzhost sshd[992]: pam_unix(sshd:auth): authentication failure; logname= uid=0 euid=0 tty=ssh ruser= rhost=43.255.190.141  user=root
Apr 12 09:47:55 ovzhost sshd[992]: Failed password for root from 43.255.190.141 port 36949 ssh2
Apr 12 09:47:59 ovzhost sshd[992]: message repeated 2 times: [ Failed password for root from 43.255.190.141 port 36949 ssh2]
Apr 12 09:47:59 ovzhost sshd[992]: Received disconnect from 43.255.190.141: 11:  [preauth]
Apr 12 09:47:59 ovzhost sshd[992]: PAM 2 more authentication failures; logname= uid=0 euid=0 tty=ssh ruser= rhost=43.255.190.141  user=root
Apr 12 09:48:00 ovzhost sshd[994]: pam_unix(sshd:auth): authentication failure; logname= uid=0 euid=0 tty=ssh ruser= rhost=43.255.190.141  user=root
Apr 12 09:48:02 ovzhost sshd[994]: Failed password for root from 43.255.190.141 port 51916 ssh2
Apr 12 09:48:06 ovzhost sshd[994]: message repeated 2 times: [ Failed password for root from 43.255.190.141 port 51916 ssh2]
Apr 12 09:48:06 ovzhost sshd[994]: Received disconnect from 43.255.190.141: 11:  [preauth]
Apr 12 09:48:06 ovzhost sshd[994]: PAM 2 more authentication failures; logname= uid=0 euid=0 tty=ssh ruser= rhost=43.255.190.141  user=root
Apr 12 09:48:07 ovzhost sshd[996]: pam_unix(sshd:auth): authentication failure; logname= uid=0 euid=0 tty=ssh ruser= rhost=43.255.190.141  user=root
Apr 12 09:48:09 ovzhost sshd[996]: Failed password for root from 43.255.190.141 port 40323 ssh2
Apr 12 09:48:13 ovzhost sshd[996]: message repeated 2 times: [ Failed password for root from 43.255.190.141 port 40323 ssh2]
Apr 12 09:48:13 ovzhost sshd[996]: Received disconnect from 43.255.190.141: 11:  [preauth]
Apr 12 09:48:13 ovzhost sshd[996]: PAM 2 more authentication failures; logname= uid=0 euid=0 tty=ssh ruser= rhost=43.255.190.141  user=root
Apr 12 09:48:13 ovzhost sshd[999]: pam_unix(sshd:auth): authentication failure; logname= uid=0 euid=0 tty=ssh ruser= rhost=43.255.190.141  user=root
Apr 12 09:48:15 ovzhost sshd[999]: Failed password for root from 43.255.190.141 port 57681 ssh2
Apr 12 09:48:19 ovzhost sshd[999]: message repeated 2 times: [ Failed password for root from 43.255.190.141 port 57681 ssh2]
Apr 12 09:48:19 ovzhost sshd[999]: Received disconnect from 43.255.190.141: 11:  [preauth]
Apr 12 09:48:19 ovzhost sshd[999]: PAM 2 more authentication failures; logname= uid=0 euid=0 tty=ssh ruser= rhost=43.255.190.141  user=root
Apr 12 09:48:20 ovzhost sshd[1003]: pam_unix(sshd:auth): authentication failure; logname= uid=0 euid=0 tty=ssh ruser= rhost=43.255.190.141  user=root
Apr 12 09:48:22 ovzhost sshd[1003]: Failed password for root from 43.255.190.141 port 46866 ssh2
Apr 12 09:48:25 ovzhost sshd[1003]: message repeated 2 times: [ Failed password for root from 43.255.190.141 port 46866 ssh2]
Apr 12 09:48:26 ovzhost sshd[1003]: Received disconnect from 43.255.190.141: 11:  [preauth]
Apr 12 09:48:26 ovzhost sshd[1003]: PAM 2 more authentication failures; logname= uid=0 euid=0 tty=ssh ruser= rhost=43.255.190.141  user=root
Apr 12 09:48:27 ovzhost sshd[1005]: pam_unix(sshd:auth): authentication failure; logname= uid=0 euid=0 tty=ssh ruser= rhost=43.255.190.141  user=root
Apr 12 09:48:29 ovzhost sshd[1005]: Failed password for root from 43.255.190.141 port 34933 ssh2
Apr 12 09:48:33 ovzhost sshd[1005]: message repeated 2 times: [ Failed password for root from 43.255.190.141 port 34933 ssh2]
Apr 12 09:48:33 ovzhost sshd[1005]: Received disconnect from 43.255.190.141: 11:  [preauth]
Apr 12 09:48:33 ovzhost sshd[1005]: PAM 2 more authentication failures; logname= uid=0 euid=0 tty=ssh ruser= rhost=43.255.190.141  user=root
Apr 12 09:48:33 ovzhost sshd[1007]: pam_unix(sshd:auth): authentication failure; logname= uid=0 euid=0 tty=ssh ruser= rhost=43.255.190.141  user=root
Apr 12 09:48:35 ovzhost sshd[1007]: Failed password for root from 43.255.190.141 port 51411 ssh2
Apr 12 09:48:40 ovzhost sshd[1007]: message repeated 2 times: [ Failed password for root from 43.255.190.141 port 51411 ssh2]
Apr 12 09:48:40 ovzhost sshd[1007]: Received disconnect from 43.255.190.141: 11:  [preauth]
Apr 12 09:48:40 ovzhost sshd[1007]: PAM 2 more authentication failures; logname= uid=0 euid=0 tty=ssh ruser= rhost=43.255.190.141  user=root
Apr 12 09:48:44 ovzhost sshd[1011]: pam_unix(sshd:auth): authentication failure; logname= uid=0 euid=0 tty=ssh ruser= rhost=43.255.190.141  user=root
Apr 12 09:48:46 ovzhost sshd[1011]: Failed password for root from 43.255.190.141 port 40554 ssh2
Apr 12 09:48:50 ovzhost sshd[1011]: message repeated 2 times: [ Failed password for root from 43.255.190.141 port 40554 ssh2]
Apr 12 09:48:50 ovzhost sshd[1011]: Received disconnect from 43.255.190.141: 11:  [preauth]
Apr 12 09:48:50 ovzhost sshd[1011]: PAM 2 more authentication failures; logname= uid=0 euid=0 tty=ssh ruser= rhost=43.255.190.141  user=root
Apr 12 09:48:55 ovzhost sshd[1013]: pam_unix(sshd:auth): authentication failure; logname= uid=0 euid=0 tty=ssh ruser= rhost=43.255.190.141  user=root
Apr 12 09:48:56 ovzhost sshd[1013]: Failed password for root from 43.255.190.141 port 32978 ssh2
Apr 12 09:49:01 ovzhost sshd[1013]: message repeated 2 times: [ Failed password for root from 43.255.190.141 port 32978 ssh2]
Apr 12 09:49:01 ovzhost sshd[1013]: Received disconnect from 43.255.190.141: 11:  [preauth]
Apr 12 09:49:01 ovzhost sshd[1013]: PAM 2 more authentication failures; logname= uid=0 euid=0 tty=ssh ruser= rhost=43.255.190.141  user=root
Apr 12 09:49:04 ovzhost sshd[1015]: pam_unix(sshd:auth): authentication failure; logname= uid=0 euid=0 tty=ssh ruser= rhost=43.255.190.141  user=root
Apr 12 09:49:06 ovzhost sshd[1015]: Failed password for root from 43.255.190.141 port 55850 ssh2
Apr 12 09:49:11 ovzhost sshd[1015]: message repeated 2 times: [ Failed password for root from 43.255.190.141 port 55850 ssh2]
Apr 12 09:49:11 ovzhost sshd[1015]: Received disconnect from 43.255.190.141: 11:  [preauth]
Apr 12 09:49:11 ovzhost sshd[1015]: PAM 2 more authentication failures; logname= uid=0 euid=0 tty=ssh ruser= rhost=43.255.190.141  user=root
Apr 12 09:49:11 ovzhost sshd[1019]: pam_unix(sshd:auth): authentication failure; logname= uid=0 euid=0 tty=ssh ruser= rhost=43.255.190.141  user=root
Apr 12 09:49:13 ovzhost sshd[1019]: Failed password for root from 43.255.190.141 port 47344 ssh2
Apr 12 09:49:18 ovzhost sshd[1019]: message repeated 2 times: [ Failed password for root from 43.255.190.141 port 47344 ssh2]
Apr 12 09:49:18 ovzhost sshd[1019]: Received disconnect from 43.255.190.141: 11:  [preauth]
Apr 12 09:49:18 ovzhost sshd[1019]: PAM 2 more authentication failures; logname= uid=0 euid=0 tty=ssh ruser= rhost=43.255.190.141  user=root
Apr 12 09:49:18 ovzhost sshd[1021]: pam_unix(sshd:auth): authentication failure; logname= uid=0 euid=0 tty=ssh ruser= rhost=43.255.190.141  user=root
Apr 12 09:49:20 ovzhost sshd[1021]: Failed password for root from 43.255.190.141 port 34119 ssh2
Apr 12 09:49:25 ovzhost sshd[1021]: message repeated 2 times: [ Failed password for root from 43.255.190.141 port 34119 ssh2]
Apr 12 09:49:25 ovzhost sshd[1021]: Received disconnect from 43.255.190.141: 11:  [preauth]
Apr 12 09:49:25 ovzhost sshd[1021]: PAM 2 more authentication failures; logname= uid=0 euid=0 tty=ssh ruser= rhost=43.255.190.141  user=root
Apr 12 09:49:26 ovzhost sshd[1023]: pam_unix(sshd:auth): authentication failure; logname= uid=0 euid=0 tty=ssh ruser= rhost=43.255.190.141  user=root
Apr 12 09:49:28 ovzhost sshd[1023]: Failed password for root from 43.255.190.141 port 50023 ssh2
Apr 12 09:49:32 ovzhost sshd[1023]: message repeated 2 times: [ Failed password for root from 43.255.190.141 port 50023 ssh2]
Apr 12 09:49:32 ovzhost sshd[1023]: Received disconnect from 43.255.190.141: 11:  [preauth]
Apr 12 09:49:32 ovzhost sshd[1023]: PAM 2 more authentication failures; logname= uid=0 euid=0 tty=ssh ruser= rhost=43.255.190.141  user=root
Apr 12 09:49:33 ovzhost sshd[1025]: pam_unix(sshd:auth): authentication failure; logname= uid=0 euid=0 tty=ssh ruser= rhost=43.255.190.141  user=root
Apr 12 09:49:34 ovzhost sshd[1025]: Failed password for root from 43.255.190.141 port 37228 ssh2
Apr 12 09:49:38 ovzhost sshd[1025]: message repeated 2 times: [ Failed password for root from 43.255.190.141 port 37228 ssh2]
Apr 12 09:49:39 ovzhost sshd[1025]: Received disconnect from 43.255.190.141: 11:  [preauth]
Apr 12 09:49:39 ovzhost sshd[1025]: PAM 2 more authentication failures; logname= uid=0 euid=0 tty=ssh ruser= rhost=43.255.190.141  user=root
Apr 12 09:49:41 ovzhost sshd[1027]: pam_unix(sshd:auth): authentication failure; logname= uid=0 euid=0 tty=ssh ruser= rhost=43.255.190.141  user=root
Apr 12 09:49:43 ovzhost sshd[1027]: Failed password for root from 43.255.190.141 port 51456 ssh2
Apr 12 09:49:48 ovzhost sshd[1027]: message repeated 2 times: [ Failed password for root from 43.255.190.141 port 51456 ssh2]
Apr 12 09:49:48 ovzhost sshd[1027]: Received disconnect from 43.255.190.141: 11:  [preauth]
Apr 12 09:49:48 ovzhost sshd[1027]: PAM 2 more authentication failures; logname= uid=0 euid=0 tty=ssh ruser= rhost=43.255.190.141  user=root
Apr 12 09:49:48 ovzhost sshd[1030]: pam_unix(sshd:auth): authentication failure; logname= uid=0 euid=0 tty=ssh ruser= rhost=43.255.190.141  user=root
Apr 12 09:49:50 ovzhost sshd[1030]: Failed password for root from 43.255.190.141 port 43668 ssh2
Apr 12 09:49:54 ovzhost sshd[1030]: message repeated 2 times: [ Failed password for root from 43.255.190.141 port 43668 ssh2]
Apr 12 09:49:55 ovzhost sshd[1030]: Received disconnect from 43.255.190.141: 11:  [preauth]
Apr 12 09:49:55 ovzhost sshd[1030]: PAM 2 more authentication failures; logname= uid=0 euid=0 tty=ssh ruser= rhost=43.255.190.141  user=root
Apr 12 09:49:55 ovzhost sshd[1032]: pam_unix(sshd:auth): authentication failure; logname= uid=0 euid=0 tty=ssh ruser= rhost=43.255.190.141  user=root
Apr 12 09:49:58 ovzhost sshd[1032]: Failed password for root from 43.255.190.141 port 58770 ssh2
Apr 12 09:50:01 ovzhost sshd[1035]: Connection closed by 127.0.0.1 [preauth]
Apr 12 09:50:02 ovzhost sshd[1032]: message repeated 2 times: [ Failed password for root from 43.255.190.141 port 58770 ssh2]
Apr 12 09:50:02 ovzhost sshd[1032]: Received disconnect from 43.255.190.141: 11:  [preauth]
Apr 12 09:50:02 ovzhost sshd[1032]: PAM 2 more authentication failures; logname= uid=0 euid=0 tty=ssh ruser= rhost=43.255.190.141  user=root
Apr 12 09:50:05 ovzhost sshd[1037]: pam_unix(sshd:auth): authentication failure; logname= uid=0 euid=0 tty=ssh ruser= rhost=43.255.190.141  user=root
Apr 12 09:50:07 ovzhost sshd[1037]: Failed password for root from 43.255.190.141 port 44591 ssh2
Apr 12 09:50:11 ovzhost sshd[1037]: message repeated 2 times: [ Failed password for root from 43.255.190.141 port 44591 ssh2]
Apr 12 09:50:11 ovzhost sshd[1037]: Received disconnect from 43.255.190.141: 11:  [preauth]
Apr 12 09:50:11 ovzhost sshd[1037]: PAM 2 more authentication failures; logname= uid=0 euid=0 tty=ssh ruser= rhost=43.255.190.141  user=root
Apr 12 09:50:11 ovzhost sshd[1040]: pam_unix(sshd:auth): authentication failure; logname= uid=0 euid=0 tty=ssh ruser= rhost=43.255.190.141  user=root
Apr 12 09:50:13 ovzhost sshd[1040]: Failed password for root from 43.255.190.141 port 33527 ssh2
Apr 12 09:50:17 ovzhost sshd[1040]: message repeated 2 times: [ Failed password for root from 43.255.190.141 port 33527 ssh2]
Apr 12 09:50:17 ovzhost sshd[1040]: Received disconnect from 43.255.190.141: 11:  [preauth]
Apr 12 09:50:17 ovzhost sshd[1040]: PAM 2 more authentication failures; logname= uid=0 euid=0 tty=ssh ruser= rhost=43.255.190.141  user=root
Apr 12 09:50:18 ovzhost sshd[1042]: pam_unix(sshd:auth): authentication failure; logname= uid=0 euid=0 tty=ssh ruser= rhost=43.255.190.141  user=root
Apr 12 09:50:20 ovzhost sshd[1042]: Failed password for root from 43.255.190.141 port 46742 ssh2
Apr 12 09:50:25 ovzhost sshd[1042]: message repeated 2 times: [ Failed password for root from 43.255.190.141 port 46742 ssh2]
Apr 12 09:50:25 ovzhost sshd[1042]: Received disconnect from 43.255.190.141: 11:  [preauth]
Apr 12 09:50:25 ovzhost sshd[1042]: PAM 2 more authentication failures; logname= uid=0 euid=0 tty=ssh ruser= rhost=43.255.190.141  user=root
Apr 12 09:50:25 ovzhost sshd[1044]: pam_unix(sshd:auth): authentication failure; logname= uid=0 euid=0 tty=ssh ruser= rhost=43.255.190.141  user=root
Apr 12 09:50:28 ovzhost sshd[1044]: Failed password for root from 43.255.190.141 port 59805 ssh2
Apr 12 09:50:32 ovzhost sshd[1044]: message repeated 2 times: [ Failed password for root from 43.255.190.141 port 59805 ssh2]
Apr 12 09:50:32 ovzhost sshd[1044]: Received disconnect from 43.255.190.141: 11:  [preauth]
Apr 12 09:50:32 ovzhost sshd[1044]: PAM 2 more authentication failures; logname= uid=0 euid=0 tty=ssh ruser= rhost=43.255.190.141  user=root
Apr 12 09:50:33 ovzhost sshd[1046]: pam_unix(sshd:auth): authentication failure; logname= uid=0 euid=0 tty=ssh ruser= rhost=43.255.190.141  user=root
Apr 12 09:50:35 ovzhost sshd[1046]: Failed password for root from 43.255.190.141 port 45975 ssh2
Apr 12 09:50:39 ovzhost sshd[1046]: message repeated 2 times: [ Failed password for root from 43.255.190.141 port 45975 ssh2]
