Mar 31 17:16:56 ovzhost sudo:     root : unable to resolve host ovzhost
Mar 31 17:16:56 ovzhost sudo:     root : TTY=pts/0 ; PWD=/ ; USER=root ; COMMAND=/usr/bin/less /root/.bash_history
Mar 31 17:16:56 ovzhost sudo: pam_unix(sudo:session): session opened for user root by (uid=0)
Mar 31 17:16:57 ovzhost sudo: pam_unix(sudo:session): session closed for user root
Apr  2 14:31:13 ovzhost sshd[419]: Server listening on 0.0.0.0 port 22.
Apr  2 14:31:13 ovzhost sshd[419]: Server listening on :: port 22.
Apr  2 14:31:13 ovzhost saslauthd[637]: detach_tty      : master pid is: 637
Apr  2 14:31:13 ovzhost saslauthd[637]: ipc_init        : listening on socket: /var/run/saslauthd/mux
Apr  2 14:33:26 ovzhost sshd[797]: Connection closed by 127.0.0.1 [preauth]
Apr 10 02:38:26 ovzhost sshd[787]: Connection closed by 127.0.0.1 [preauth]
Apr 10 02:39:01 ovzhost CRON[792]: pam_env(cron:session): Unable to open env file: /etc/default/locale: No such file or directory
Apr 10 02:39:01 ovzhost CRON[792]: pam_unix(cron:session): session opened for user root by (uid=0)
Apr 10 02:39:01 ovzhost CRON[792]: pam_unix(cron:session): session closed for user root
Apr 10 02:40:01 ovzhost CRON[808]: pam_env(cron:session): Unable to open env file: /etc/default/locale: No such file or directory
Apr 10 02:40:01 ovzhost CRON[808]: pam_unix(cron:session): session opened for user smmsp by (uid=0)
Apr 10 02:40:02 ovzhost CRON[808]: pam_unix(cron:session): session closed for user smmsp
Apr 10 02:40:36 ovzhost sshd[836]: Connection closed by 128.8.37.104 [preauth]
Apr 10 02:43:26 ovzhost sshd[849]: Connection closed by 127.0.0.1 [preauth]
Apr 10 02:45:11 ovzhost sshd[857]: pam_unix(sshd:auth): authentication failure; logname= uid=0 euid=0 tty=ssh ruser= rhost=43.255.190.189  user=root
Apr 10 02:45:13 ovzhost sshd[857]: Failed password for root from 43.255.190.189 port 38763 ssh2
Apr 10 02:45:17 ovzhost sshd[857]: message repeated 2 times: [ Failed password for root from 43.255.190.189 port 38763 ssh2]
Apr 10 02:45:17 ovzhost sshd[857]: Received disconnect from 43.255.190.189: 11:  [preauth]
Apr 10 02:45:17 ovzhost sshd[857]: PAM 2 more authentication failures; logname= uid=0 euid=0 tty=ssh ruser= rhost=43.255.190.189  user=root
Apr 10 02:45:18 ovzhost sshd[859]: pam_unix(sshd:auth): authentication failure; logname= uid=0 euid=0 tty=ssh ruser= rhost=43.255.190.189  user=root
Apr 10 02:45:20 ovzhost sshd[859]: Failed password for root from 43.255.190.189 port 54021 ssh2
Apr 10 02:45:24 ovzhost sshd[859]: message repeated 2 times: [ Failed password for root from 43.255.190.189 port 54021 ssh2]
Apr 10 02:45:24 ovzhost sshd[859]: Received disconnect from 43.255.190.189: 11:  [preauth]
Apr 10 02:45:24 ovzhost sshd[859]: PAM 2 more authentication failures; logname= uid=0 euid=0 tty=ssh ruser= rhost=43.255.190.189  user=root
Apr 10 02:45:26 ovzhost sshd[861]: pam_unix(sshd:auth): authentication failure; logname= uid=0 euid=0 tty=ssh ruser= rhost=43.255.190.189  user=root
Apr 10 02:45:28 ovzhost sshd[861]: Failed password for root from 43.255.190.189 port 42548 ssh2
Apr 10 02:45:32 ovzhost sshd[861]: message repeated 2 times: [ Failed password for root from 43.255.190.189 port 42548 ssh2]
Apr 10 02:45:32 ovzhost sshd[861]: Received disconnect from 43.255.190.189: 11:  [preauth]
Apr 10 02:45:32 ovzhost sshd[861]: PAM 2 more authentication failures; logname= uid=0 euid=0 tty=ssh ruser= rhost=43.255.190.189  user=root
Apr 10 02:45:32 ovzhost sshd[863]: pam_unix(sshd:auth): authentication failure; logname= uid=0 euid=0 tty=ssh ruser= rhost=43.255.190.189  user=root
Apr 10 02:45:35 ovzhost sshd[863]: Failed password for root from 43.255.190.189 port 33580 ssh2
Apr 10 02:45:38 ovzhost sshd[863]: message repeated 2 times: [ Failed password for root from 43.255.190.189 port 33580 ssh2]
Apr 10 02:45:38 ovzhost sshd[863]: Received disconnect from 43.255.190.189: 11:  [preauth]
Apr 10 02:45:38 ovzhost sshd[863]: PAM 2 more authentication failures; logname= uid=0 euid=0 tty=ssh ruser= rhost=43.255.190.189  user=root
Apr 10 02:45:39 ovzhost sshd[865]: pam_unix(sshd:auth): authentication failure; logname= uid=0 euid=0 tty=ssh ruser= rhost=43.255.190.189  user=root
Apr 10 02:45:41 ovzhost sshd[865]: Failed password for root from 43.255.190.189 port 49053 ssh2
Apr 10 02:45:44 ovzhost sshd[865]: message repeated 2 times: [ Failed password for root from 43.255.190.189 port 49053 ssh2]
Apr 10 02:45:44 ovzhost sshd[865]: Received disconnect from 43.255.190.189: 11:  [preauth]
Apr 10 02:45:44 ovzhost sshd[865]: PAM 2 more authentication failures; logname= uid=0 euid=0 tty=ssh ruser= rhost=43.255.190.189  user=root
Apr 10 02:45:45 ovzhost sshd[867]: pam_unix(sshd:auth): authentication failure; logname= uid=0 euid=0 tty=ssh ruser= rhost=43.255.190.189  user=root
Apr 10 02:45:48 ovzhost sshd[867]: Failed password for root from 43.255.190.189 port 36727 ssh2
Apr 10 02:45:51 ovzhost sshd[867]: message repeated 2 times: [ Failed password for root from 43.255.190.189 port 36727 ssh2]
Apr 10 02:45:51 ovzhost sshd[867]: Received disconnect from 43.255.190.189: 11:  [preauth]
Apr 10 02:45:51 ovzhost sshd[867]: PAM 2 more authentication failures; logname= uid=0 euid=0 tty=ssh ruser= rhost=43.255.190.189  user=root
Apr 10 02:45:52 ovzhost sshd[869]: pam_unix(sshd:auth): authentication failure; logname= uid=0 euid=0 tty=ssh ruser= rhost=43.255.190.189  user=root
Apr 10 02:45:54 ovzhost sshd[869]: Failed password for root from 43.255.190.189 port 54211 ssh2
Apr 10 02:45:58 ovzhost sshd[869]: message repeated 2 times: [ Failed password for root from 43.255.190.189 port 54211 ssh2]
Apr 10 02:45:58 ovzhost sshd[869]: Received disconnect from 43.255.190.189: 11:  [preauth]
Apr 10 02:45:58 ovzhost sshd[869]: PAM 2 more authentication failures; logname= uid=0 euid=0 tty=ssh ruser= rhost=43.255.190.189  user=root
Apr 10 02:45:59 ovzhost sshd[873]: pam_unix(sshd:auth): authentication failure; logname= uid=0 euid=0 tty=ssh ruser= rhost=43.255.190.189  user=root
Apr 10 02:46:00 ovzhost sshd[873]: Failed password for root from 43.255.190.189 port 42156 ssh2
Apr 10 02:46:04 ovzhost sshd[873]: message repeated 2 times: [ Failed password for root from 43.255.190.189 port 42156 ssh2]
Apr 10 02:46:04 ovzhost sshd[873]: Received disconnect from 43.255.190.189: 11:  [preauth]
Apr 10 02:46:04 ovzhost sshd[873]: PAM 2 more authentication failures; logname= uid=0 euid=0 tty=ssh ruser= rhost=43.255.190.189  user=root
Apr 10 02:46:05 ovzhost sshd[875]: pam_unix(sshd:auth): authentication failure; logname= uid=0 euid=0 tty=ssh ruser= rhost=43.255.190.189  user=root
Apr 10 02:46:06 ovzhost sshd[875]: Failed password for root from 43.255.190.189 port 56802 ssh2
Apr 10 02:46:11 ovzhost sshd[875]: message repeated 2 times: [ Failed password for root from 43.255.190.189 port 56802 ssh2]
Apr 10 02:46:11 ovzhost sshd[875]: Received disconnect from 43.255.190.189: 11:  [preauth]
Apr 10 02:46:11 ovzhost sshd[875]: PAM 2 more authentication failures; logname= uid=0 euid=0 tty=ssh ruser= rhost=43.255.190.189  user=root
Apr 10 02:46:11 ovzhost sshd[877]: pam_unix(sshd:auth): authentication failure; logname= uid=0 euid=0 tty=ssh ruser= rhost=43.255.190.189  user=root
Apr 10 02:46:13 ovzhost sshd[877]: Failed password for root from 43.255.190.189 port 44414 ssh2
Apr 10 02:46:16 ovzhost sshd[877]: message repeated 2 times: [ Failed password for root from 43.255.190.189 port 44414 ssh2]
Apr 10 02:46:16 ovzhost sshd[877]: Received disconnect from 43.255.190.189: 11:  [preauth]
Apr 10 02:46:16 ovzhost sshd[877]: PAM 2 more authentication failures; logname= uid=0 euid=0 tty=ssh ruser= rhost=43.255.190.189  user=root
Apr 10 02:46:17 ovzhost sshd[879]: pam_unix(sshd:auth): authentication failure; logname= uid=0 euid=0 tty=ssh ruser= rhost=43.255.190.189  user=root
Apr 10 02:46:19 ovzhost sshd[879]: Failed password for root from 43.255.190.189 port 59912 ssh2
Apr 10 02:46:23 ovzhost sshd[879]: message repeated 2 times: [ Failed password for root from 43.255.190.189 port 59912 ssh2]
Apr 10 02:46:23 ovzhost sshd[879]: Received disconnect from 43.255.190.189: 11:  [preauth]
Apr 10 02:46:23 ovzhost sshd[879]: PAM 2 more authentication failures; logname= uid=0 euid=0 tty=ssh ruser= rhost=43.255.190.189  user=root
Apr 10 02:46:24 ovzhost sshd[881]: pam_unix(sshd:auth): authentication failure; logname= uid=0 euid=0 tty=ssh ruser= rhost=43.255.190.189  user=root
Apr 10 02:46:26 ovzhost sshd[881]: Failed password for root from 43.255.190.189 port 49615 ssh2
Apr 10 02:46:30 ovzhost sshd[881]: message repeated 2 times: [ Failed password for root from 43.255.190.189 port 49615 ssh2]
Apr 10 02:46:30 ovzhost sshd[881]: Received disconnect from 43.255.190.189: 11:  [preauth]
Apr 10 02:46:30 ovzhost sshd[881]: PAM 2 more authentication failures; logname= uid=0 euid=0 tty=ssh ruser= rhost=43.255.190.189  user=root
Apr 10 02:46:31 ovzhost sshd[883]: pam_unix(sshd:auth): authentication failure; logname= uid=0 euid=0 tty=ssh ruser= rhost=43.255.190.189  user=root
Apr 10 02:46:33 ovzhost sshd[883]: Failed password for root from 43.255.190.189 port 39188 ssh2
Apr 10 02:46:37 ovzhost sshd[883]: message repeated 2 times: [ Failed password for root from 43.255.190.189 port 39188 ssh2]
Apr 10 02:46:37 ovzhost sshd[883]: Received disconnect from 43.255.190.189: 11:  [preauth]
Apr 10 02:46:37 ovzhost sshd[883]: PAM 2 more authentication failures; logname= uid=0 euid=0 tty=ssh ruser= rhost=43.255.190.189  user=root
Apr 10 02:46:37 ovzhost sshd[887]: pam_unix(sshd:auth): authentication failure; logname= uid=0 euid=0 tty=ssh ruser= rhost=43.255.190.189  user=root
Apr 10 02:46:39 ovzhost sshd[887]: Failed password for root from 43.255.190.189 port 56325 ssh2
Apr 10 02:46:43 ovzhost sshd[887]: message repeated 2 times: [ Failed password for root from 43.255.190.189 port 56325 ssh2]
Apr 10 02:46:43 ovzhost sshd[887]: Received disconnect from 43.255.190.189: 11:  [preauth]
Apr 10 02:46:43 ovzhost sshd[887]: PAM 2 more authentication failures; logname= uid=0 euid=0 tty=ssh ruser= rhost=43.255.190.189  user=root
Apr 10 02:46:44 ovzhost sshd[889]: pam_unix(sshd:auth): authentication failure; logname= uid=0 euid=0 tty=ssh ruser= rhost=43.255.190.189  user=root
Apr 10 02:46:46 ovzhost sshd[889]: Failed password for root from 43.255.190.189 port 45009 ssh2
Apr 10 02:46:50 ovzhost sshd[889]: message repeated 2 times: [ Failed password for root from 43.255.190.189 port 45009 ssh2]
Apr 10 02:46:50 ovzhost sshd[889]: Received disconnect from 43.255.190.189: 11:  [preauth]
Apr 10 02:46:50 ovzhost sshd[889]: PAM 2 more authentication failures; logname= uid=0 euid=0 tty=ssh ruser= rhost=43.255.190.189  user=root
Apr 10 02:46:51 ovzhost sshd[891]: pam_unix(sshd:auth): authentication failure; logname= uid=0 euid=0 tty=ssh ruser= rhost=43.255.190.189  user=root
Apr 10 02:46:52 ovzhost sshd[893]: pam_unix(sshd:auth): authentication failure; logname= uid=0 euid=0 tty=ssh ruser= rhost=43.255.190.90  user=root
Apr 10 02:46:53 ovzhost sshd[891]: Failed password for root from 43.255.190.189 port 33359 ssh2
Apr 10 02:46:55 ovzhost sshd[893]: Failed password for root from 43.255.190.90 port 54331 ssh2
Apr 10 02:46:56 ovzhost sshd[891]: message repeated 2 times: [ Failed password for root from 43.255.190.189 port 33359 ssh2]
Apr 10 02:46:56 ovzhost sshd[891]: Received disconnect from 43.255.190.189: 11:  [preauth]
Apr 10 02:46:56 ovzhost sshd[891]: PAM 2 more authentication failures; logname= uid=0 euid=0 tty=ssh ruser= rhost=43.255.190.189  user=root
Apr 10 02:46:57 ovzhost sshd[895]: pam_unix(sshd:auth): authentication failure; logname= uid=0 euid=0 tty=ssh ruser= rhost=43.255.190.189  user=root
Apr 10 02:46:59 ovzhost sshd[895]: Failed password for root from 43.255.190.189 port 49746 ssh2
Apr 10 02:46:59 ovzhost sshd[893]: message repeated 2 times: [ Failed password for root from 43.255.190.90 port 54331 ssh2]
Apr 10 02:46:59 ovzhost sshd[893]: Received disconnect from 43.255.190.90: 11:  [preauth]
Apr 10 02:46:59 ovzhost sshd[893]: PAM 2 more authentication failures; logname= uid=0 euid=0 tty=ssh ruser= rhost=43.255.190.90  user=root
Apr 10 02:47:00 ovzhost sshd[897]: pam_unix(sshd:auth): authentication failure; logname= uid=0 euid=0 tty=ssh ruser= rhost=43.255.190.90  user=root
Apr 10 02:47:02 ovzhost sshd[897]: Failed password for root from 43.255.190.90 port 44933 ssh2
Apr 10 02:47:03 ovzhost sshd[895]: message repeated 2 times: [ Failed password for root from 43.255.190.189 port 49746 ssh2]
Apr 10 02:47:03 ovzhost sshd[895]: Received disconnect from 43.255.190.189: 11:  [preauth]
Apr 10 02:47:03 ovzhost sshd[895]: PAM 2 more authentication failures; logname= uid=0 euid=0 tty=ssh ruser= rhost=43.255.190.189  user=root
Apr 10 02:47:04 ovzhost sshd[900]: pam_unix(sshd:auth): authentication failure; logname= uid=0 euid=0 tty=ssh ruser= rhost=43.255.190.189  user=root
Apr 10 02:47:06 ovzhost sshd[900]: Failed password for root from 43.255.190.189 port 40193 ssh2
Apr 10 02:47:07 ovzhost sshd[897]: message repeated 2 times: [ Failed password for root from 43.255.190.90 port 44933 ssh2]
Apr 10 02:47:07 ovzhost sshd[897]: Received disconnect from 43.255.190.90: 11:  [preauth]
Apr 10 02:47:07 ovzhost sshd[897]: PAM 2 more authentication failures; logname= uid=0 euid=0 tty=ssh ruser= rhost=43.255.190.90  user=root
Apr 10 02:47:07 ovzhost sshd[902]: pam_unix(sshd:auth): authentication failure; logname= uid=0 euid=0 tty=ssh ruser= rhost=43.255.190.90  user=root
Apr 10 02:47:09 ovzhost sshd[902]: Failed password for root from 43.255.190.90 port 34857 ssh2
Apr 10 02:47:10 ovzhost sshd[900]: message repeated 2 times: [ Failed password for root from 43.255.190.189 port 40193 ssh2]
Apr 10 02:47:10 ovzhost sshd[900]: Received disconnect from 43.255.190.189: 11:  [preauth]
Apr 10 02:47:10 ovzhost sshd[900]: PAM 2 more authentication failures; logname= uid=0 euid=0 tty=ssh ruser= rhost=43.255.190.189  user=root
Apr 10 02:47:11 ovzhost sshd[904]: pam_unix(sshd:auth): authentication failure; logname= uid=0 euid=0 tty=ssh ruser= rhost=43.255.190.189  user=root
Apr 10 02:47:13 ovzhost sshd[904]: Failed password for root from 43.255.190.189 port 57807 ssh2
Apr 10 02:47:13 ovzhost sshd[902]: message repeated 2 times: [ Failed password for root from 43.255.190.90 port 34857 ssh2]
Apr 10 02:47:13 ovzhost sshd[902]: Received disconnect from 43.255.190.90: 11:  [preauth]
Apr 10 02:47:13 ovzhost sshd[902]: PAM 2 more authentication failures; logname= uid=0 euid=0 tty=ssh ruser= rhost=43.255.190.90  user=root
Apr 10 02:47:14 ovzhost sshd[908]: pam_unix(sshd:auth): authentication failure; logname= uid=0 euid=0 tty=ssh ruser= rhost=43.255.190.90  user=root
Apr 10 02:47:16 ovzhost sshd[908]: Failed password for root from 43.255.190.90 port 51238 ssh2
Apr 10 02:47:17 ovzhost sshd[904]: message repeated 2 times: [ Failed password for root from 43.255.190.189 port 57807 ssh2]
Apr 10 02:47:17 ovzhost sshd[904]: Received disconnect from 43.255.190.189: 11:  [preauth]
Apr 10 02:47:17 ovzhost sshd[904]: PAM 2 more authentication failures; logname= uid=0 euid=0 tty=ssh ruser= rhost=43.255.190.189  user=root
Apr 10 02:47:18 ovzhost sshd[910]: pam_unix(sshd:auth): authentication failure; logname= uid=0 euid=0 tty=ssh ruser= rhost=43.255.190.189  user=root
Apr 10 02:47:20 ovzhost sshd[910]: Failed password for root from 43.255.190.189 port 48116 ssh2
Apr 10 02:47:20 ovzhost sshd[908]: message repeated 2 times: [ Failed password for root from 43.255.190.90 port 51238 ssh2]
Apr 10 02:47:21 ovzhost sshd[908]: Received disconnect from 43.255.190.90: 11:  [preauth]
Apr 10 02:47:21 ovzhost sshd[908]: PAM 2 more authentication failures; logname= uid=0 euid=0 tty=ssh ruser= rhost=43.255.190.90  user=root
Apr 10 02:47:21 ovzhost sshd[912]: pam_unix(sshd:auth): authentication failure; logname= uid=0 euid=0 tty=ssh ruser= rhost=43.255.190.90  user=root
Apr 10 02:47:24 ovzhost sshd[912]: Failed password for root from 43.255.190.90 port 39964 ssh2
Apr 10 02:47:24 ovzhost sshd[910]: message repeated 2 times: [ Failed password for root from 43.255.190.189 port 48116 ssh2]
Apr 10 02:47:24 ovzhost sshd[910]: Received disconnect from 43.255.190.189: 11:  [preauth]
Apr 10 02:47:24 ovzhost sshd[910]: PAM 2 more authentication failures; logname= uid=0 euid=0 tty=ssh ruser= rhost=43.255.190.189  user=root
Apr 10 02:47:25 ovzhost sshd[914]: pam_unix(sshd:auth): authentication failure; logname= uid=0 euid=0 tty=ssh ruser= rhost=43.255.190.189  user=root
Apr 10 02:47:27 ovzhost sshd[914]: Failed password for root from 43.255.190.189 port 37136 ssh2
Apr 10 02:47:28 ovzhost sshd[912]: message repeated 2 times: [ Failed password for root from 43.255.190.90 port 39964 ssh2]
Apr 10 02:47:28 ovzhost sshd[912]: Received disconnect from 43.255.190.90: 11:  [preauth]
Apr 10 02:47:28 ovzhost sshd[912]: PAM 2 more authentication failures; logname= uid=0 euid=0 tty=ssh ruser= rhost=43.255.190.90  user=root
Apr 10 02:47:28 ovzhost sshd[916]: pam_unix(sshd:auth): authentication failure; logname= uid=0 euid=0 tty=ssh ruser= rhost=43.255.190.90  user=root
Apr 10 02:47:31 ovzhost sshd[916]: Failed password for root from 43.255.190.90 port 57703 ssh2
Apr 10 02:47:31 ovzhost sshd[914]: message repeated 2 times: [ Failed password for root from 43.255.190.189 port 37136 ssh2]
Apr 10 02:47:31 ovzhost sshd[914]: Received disconnect from 43.255.190.189: 11:  [preauth]
Apr 10 02:47:31 ovzhost sshd[914]: PAM 2 more authentication failures; logname= uid=0 euid=0 tty=ssh ruser= rhost=43.255.190.189  user=root
Apr 10 02:47:32 ovzhost sshd[918]: pam_unix(sshd:auth): authentication failure; logname= uid=0 euid=0 tty=ssh ruser= rhost=43.255.190.189  user=root
Apr 10 02:47:34 ovzhost sshd[918]: Failed password for root from 43.255.190.189 port 54863 ssh2
Apr 10 02:47:35 ovzhost sshd[916]: message repeated 2 times: [ Failed password for root from 43.255.190.90 port 57703 ssh2]
Apr 10 02:47:35 ovzhost sshd[916]: Received disconnect from 43.255.190.90: 11:  [preauth]
Apr 10 02:47:35 ovzhost sshd[916]: PAM 2 more authentication failures; logname= uid=0 euid=0 tty=ssh ruser= rhost=43.255.190.90  user=root
Apr 10 02:47:36 ovzhost sshd[921]: pam_unix(sshd:auth): authentication failure; logname= uid=0 euid=0 tty=ssh ruser= rhost=43.255.190.90  user=root
Apr 10 02:47:38 ovzhost sshd[921]: Failed password for root from 43.255.190.90 port 48425 ssh2
Apr 10 02:47:39 ovzhost sshd[918]: message repeated 2 times: [ Failed password for root from 43.255.190.189 port 54863 ssh2]
Apr 10 02:47:39 ovzhost sshd[918]: Received disconnect from 43.255.190.189: 11:  [preauth]
Apr 10 02:47:39 ovzhost sshd[918]: PAM 2 more authentication failures; logname= uid=0 euid=0 tty=ssh ruser= rhost=43.255.190.189  user=root
Apr 10 02:47:39 ovzhost sshd[923]: pam_unix(sshd:auth): authentication failure; logname= uid=0 euid=0 tty=ssh ruser= rhost=43.255.190.189  user=root
Apr 10 02:47:42 ovzhost sshd[923]: Failed password for root from 43.255.190.189 port 44538 ssh2
Apr 10 02:47:43 ovzhost sshd[921]: message repeated 2 times: [ Failed password for root from 43.255.190.90 port 48425 ssh2]
Apr 10 02:47:43 ovzhost sshd[921]: Received disconnect from 43.255.190.90: 11:  [preauth]
Apr 10 02:47:43 ovzhost sshd[921]: PAM 2 more authentication failures; logname= uid=0 euid=0 tty=ssh ruser= rhost=43.255.190.90  user=root
Apr 10 02:47:43 ovzhost sshd[925]: pam_unix(sshd:auth): authentication failure; logname= uid=0 euid=0 tty=ssh ruser= rhost=43.255.190.90  user=root
Apr 10 02:47:45 ovzhost sshd[925]: Failed password for root from 43.255.190.90 port 38189 ssh2
Apr 10 02:47:45 ovzhost sshd[923]: message repeated 2 times: [ Failed password for root from 43.255.190.189 port 44538 ssh2]
Apr 10 02:47:45 ovzhost sshd[923]: Received disconnect from 43.255.190.189: 11:  [preauth]
Apr 10 02:47:45 ovzhost sshd[923]: PAM 2 more authentication failures; logname= uid=0 euid=0 tty=ssh ruser= rhost=43.255.190.189  user=root
Apr 10 02:47:46 ovzhost sshd[927]: pam_unix(sshd:auth): authentication failure; logname= uid=0 euid=0 tty=ssh ruser= rhost=43.255.190.189  user=root
Apr 10 02:47:48 ovzhost sshd[927]: Failed password for root from 43.255.190.189 port 60855 ssh2
Apr 10 02:47:50 ovzhost sshd[925]: message repeated 2 times: [ Failed password for root from 43.255.190.90 port 38189 ssh2]
Apr 10 02:47:50 ovzhost sshd[925]: Received disconnect from 43.255.190.90: 11:  [preauth]
Apr 10 02:47:50 ovzhost sshd[925]: PAM 2 more authentication failures; logname= uid=0 euid=0 tty=ssh ruser= rhost=43.255.190.90  user=root
Apr 10 02:47:50 ovzhost sshd[929]: pam_unix(sshd:auth): authentication failure; logname= uid=0 euid=0 tty=ssh ruser= rhost=43.255.190.90  user=root
Apr 10 02:47:52 ovzhost sshd[929]: Failed password for root from 43.255.190.90 port 56256 ssh2
Apr 10 02:47:52 ovzhost sshd[927]: message repeated 2 times: [ Failed password for root from 43.255.190.189 port 60855 ssh2]
Apr 10 02:47:52 ovzhost sshd[927]: Received disconnect from 43.255.190.189: 11:  [preauth]
Apr 10 02:47:52 ovzhost sshd[927]: PAM 2 more authentication failures; logname= uid=0 euid=0 tty=ssh ruser= rhost=43.255.190.189  user=root
Apr 10 02:47:53 ovzhost sshd[931]: pam_unix(sshd:auth): authentication failure; logname= uid=0 euid=0 tty=ssh ruser= rhost=43.255.190.189  user=root
Apr 10 02:47:55 ovzhost sshd[931]: Failed password for root from 43.255.190.189 port 49792 ssh2
Apr 10 02:47:57 ovzhost sshd[929]: message repeated 2 times: [ Failed password for root from 43.255.190.90 port 56256 ssh2]
Apr 10 02:47:57 ovzhost sshd[929]: Received disconnect from 43.255.190.90: 11:  [preauth]
Apr 10 02:47:57 ovzhost sshd[929]: PAM 2 more authentication failures; logname= uid=0 euid=0 tty=ssh ruser= rhost=43.255.190.90  user=root
Apr 10 02:47:58 ovzhost sshd[933]: pam_unix(sshd:auth): authentication failure; logname= uid=0 euid=0 tty=ssh ruser= rhost=43.255.190.90  user=root
Apr 10 02:47:59 ovzhost sshd[931]: message repeated 2 times: [ Failed password for root from 43.255.190.189 port 49792 ssh2]
Apr 10 02:47:59 ovzhost sshd[931]: Received disconnect from 43.255.190.189: 11:  [preauth]
Apr 10 02:47:59 ovzhost sshd[931]: PAM 2 more authentication failures; logname= uid=0 euid=0 tty=ssh ruser= rhost=43.255.190.189  user=root
Apr 10 02:48:00 ovzhost sshd[935]: pam_unix(sshd:auth): authentication failure; logname= uid=0 euid=0 tty=ssh ruser= rhost=43.255.190.189  user=root
Apr 10 02:48:00 ovzhost sshd[933]: Failed password for root from 43.255.190.90 port 45983 ssh2
Apr 10 02:48:02 ovzhost sshd[935]: Failed password for root from 43.255.190.189 port 37222 ssh2
Apr 10 02:48:04 ovzhost sshd[933]: message repeated 2 times: [ Failed password for root from 43.255.190.90 port 45983 ssh2]
Apr 10 02:48:04 ovzhost sshd[933]: Received disconnect from 43.255.190.90: 11:  [preauth]
Apr 10 02:48:04 ovzhost sshd[933]: PAM 2 more authentication failures; logname= uid=0 euid=0 tty=ssh ruser= rhost=43.255.190.90  user=root
Apr 10 02:48:05 ovzhost sshd[938]: pam_unix(sshd:auth): authentication failure; logname= uid=0 euid=0 tty=ssh ruser= rhost=43.255.190.90  user=root
Apr 10 02:48:06 ovzhost sshd[935]: message repeated 2 times: [ Failed password for root from 43.255.190.189 port 37222 ssh2]
Apr 10 02:48:06 ovzhost sshd[935]: Received disconnect from 43.255.190.189: 11:  [preauth]
Apr 10 02:48:06 ovzhost sshd[935]: PAM 2 more authentication failures; logname= uid=0 euid=0 tty=ssh ruser= rhost=43.255.190.189  user=root
Apr 10 02:48:07 ovzhost sshd[938]: Failed password for root from 43.255.190.90 port 35339 ssh2
Apr 10 02:48:07 ovzhost sshd[940]: pam_unix(sshd:auth): authentication failure; logname= uid=0 euid=0 tty=ssh ruser= rhost=43.255.190.189  user=root
Apr 10 02:48:09 ovzhost sshd[940]: Failed password for root from 43.255.190.189 port 53975 ssh2
Apr 10 02:48:12 ovzhost sshd[938]: message repeated 2 times: [ Failed password for root from 43.255.190.90 port 35339 ssh2]
Apr 10 02:48:12 ovzhost sshd[938]: Received disconnect from 43.255.190.90: 11:  [preauth]
Apr 10 02:48:12 ovzhost sshd[938]: PAM 2 more authentication failures; logname= uid=0 euid=0 tty=ssh ruser= rhost=43.255.190.90  user=root
Apr 10 02:48:12 ovzhost sshd[944]: pam_unix(sshd:auth): authentication failure; logname= uid=0 euid=0 tty=ssh ruser= rhost=43.255.190.90  user=root
Apr 10 02:48:14 ovzhost sshd[940]: message repeated 2 times: [ Failed password for root from 43.255.190.189 port 53975 ssh2]
Apr 10 02:48:14 ovzhost sshd[940]: Received disconnect from 43.255.190.189: 11:  [preauth]
Apr 10 02:48:14 ovzhost sshd[940]: PAM 2 more authentication failures; logname= uid=0 euid=0 tty=ssh ruser= rhost=43.255.190.189  user=root
Apr 10 02:48:14 ovzhost sshd[944]: Failed password for root from 43.255.190.90 port 52772 ssh2
Apr 10 02:48:14 ovzhost sshd[946]: pam_unix(sshd:auth): authentication failure; logname= uid=0 euid=0 tty=ssh ruser= rhost=43.255.190.189  user=root
Apr 10 02:48:16 ovzhost sshd[946]: Failed password for root from 43.255.190.189 port 43738 ssh2
Apr 10 02:48:18 ovzhost sshd[944]: message repeated 2 times: [ Failed password for root from 43.255.190.90 port 52772 ssh2]
Apr 10 02:48:19 ovzhost sshd[944]: Received disconnect from 43.255.190.90: 11:  [preauth]
Apr 10 02:48:19 ovzhost sshd[944]: PAM 2 more authentication failures; logname= uid=0 euid=0 tty=ssh ruser= rhost=43.255.190.90  user=root
Apr 10 02:48:19 ovzhost sshd[948]: pam_unix(sshd:auth): authentication failure; logname= uid=0 euid=0 tty=ssh ruser= rhost=43.255.190.90  user=root
Apr 10 02:48:21 ovzhost sshd[946]: message repeated 2 times: [ Failed password for root from 43.255.190.189 port 43738 ssh2]
Apr 10 02:48:21 ovzhost sshd[946]: Received disconnect from 43.255.190.189: 11:  [preauth]
Apr 10 02:48:21 ovzhost sshd[946]: PAM 2 more authentication failures; logname= uid=0 euid=0 tty=ssh ruser= rhost=43.255.190.189  user=root
Apr 10 02:48:21 ovzhost sshd[948]: Failed password for root from 43.255.190.90 port 42177 ssh2
Apr 10 02:48:22 ovzhost sshd[950]: pam_unix(sshd:auth): authentication failure; logname= uid=0 euid=0 tty=ssh ruser= rhost=43.255.190.189  user=root
Apr 10 02:48:24 ovzhost sshd[950]: Failed password for root from 43.255.190.189 port 33174 ssh2
Apr 10 02:48:26 ovzhost sshd[948]: message repeated 2 times: [ Failed password for root from 43.255.190.90 port 42177 ssh2]
Apr 10 02:48:26 ovzhost sshd[948]: Received disconnect from 43.255.190.90: 11:  [preauth]
Apr 10 02:48:26 ovzhost sshd[948]: PAM 2 more authentication failures; logname= uid=0 euid=0 tty=ssh ruser= rhost=43.255.190.90  user=root
Apr 10 02:48:26 ovzhost sshd[955]: Connection closed by 127.0.0.1 [preauth]
Apr 10 02:48:26 ovzhost sshd[952]: pam_unix(sshd:auth): authentication failure; logname= uid=0 euid=0 tty=ssh ruser= rhost=43.255.190.90  user=root
Apr 10 02:48:29 ovzhost sshd[952]: Failed password for root from 43.255.190.90 port 60035 ssh2
Apr 10 02:48:29 ovzhost sshd[950]: message repeated 2 times: [ Failed password for root from 43.255.190.189 port 33174 ssh2]
Apr 10 02:48:29 ovzhost sshd[950]: Received disconnect from 43.255.190.189: 11:  [preauth]
Apr 10 02:48:29 ovzhost sshd[950]: PAM 2 more authentication failures; logname= uid=0 euid=0 tty=ssh ruser= rhost=43.255.190.189  user=root
Apr 10 02:48:29 ovzhost sshd[957]: pam_unix(sshd:auth): authentication failure; logname= uid=0 euid=0 tty=ssh ruser= rhost=43.255.190.189  user=root
Apr 10 02:48:32 ovzhost sshd[957]: Failed password for root from 43.255.190.189 port 51678 ssh2
Apr 10 02:48:33 ovzhost sshd[952]: message repeated 2 times: [ Failed password for root from 43.255.190.90 port 60035 ssh2]
Apr 10 02:48:33 ovzhost sshd[952]: Received disconnect from 43.255.190.90: 11:  [preauth]
Apr 10 02:48:33 ovzhost sshd[952]: PAM 2 more authentication failures; logname= uid=0 euid=0 tty=ssh ruser= rhost=43.255.190.90  user=root
Apr 10 02:48:34 ovzhost sshd[961]: pam_unix(sshd:auth): authentication failure; logname= uid=0 euid=0 tty=ssh ruser= rhost=43.255.190.90  user=root
Apr 10 02:48:37 ovzhost sshd[957]: message repeated 2 times: [ Failed password for root from 43.255.190.189 port 51678 ssh2]
Apr 10 02:48:37 ovzhost sshd[957]: Received disconnect from 43.255.190.189: 11:  [preauth]
Apr 10 02:48:37 ovzhost sshd[957]: PAM 2 more authentication failures; logname= uid=0 euid=0 tty=ssh ruser= rhost=43.255.190.189  user=root
Apr 10 02:48:37 ovzhost sshd[961]: Failed password for root from 43.255.190.90 port 50400 ssh2
Apr 10 02:48:37 ovzhost sshd[963]: pam_unix(sshd:auth): authentication failure; logname= uid=0 euid=0 tty=ssh ruser= rhost=43.255.190.189  user=root
Apr 10 02:48:39 ovzhost sshd[963]: Failed password for root from 43.255.190.189 port 42385 ssh2
Apr 10 02:48:40 ovzhost sshd[961]: message repeated 2 times: [ Failed password for root from 43.255.190.90 port 50400 ssh2]
Apr 10 02:48:41 ovzhost sshd[961]: Received disconnect from 43.255.190.90: 11:  [preauth]
Apr 10 02:48:41 ovzhost sshd[961]: PAM 2 more authentication failures; logname= uid=0 euid=0 tty=ssh ruser= rhost=43.255.190.90  user=root
Apr 10 02:48:41 ovzhost sshd[965]: pam_unix(sshd:auth): authentication failure; logname= uid=0 euid=0 tty=ssh ruser= rhost=43.255.190.90  user=root
Apr 10 02:48:43 ovzhost sshd[963]: message repeated 2 times: [ Failed password for root from 43.255.190.189 port 42385 ssh2]
Apr 10 02:48:43 ovzhost sshd[963]: Received disconnect from 43.255.190.189: 11:  [preauth]
Apr 10 02:48:43 ovzhost sshd[963]: PAM 2 more authentication failures; logname= uid=0 euid=0 tty=ssh ruser= rhost=43.255.190.189  user=root
Apr 10 02:48:44 ovzhost sshd[965]: Failed password for root from 43.255.190.90 port 40139 ssh2
Apr 10 02:48:44 ovzhost sshd[967]: pam_unix(sshd:auth): authentication failure; logname= uid=0 euid=0 tty=ssh ruser= rhost=43.255.190.189  user=root
Apr 10 02:48:46 ovzhost sshd[967]: Failed password for root from 43.255.190.189 port 58972 ssh2
Apr 10 02:48:48 ovzhost sshd[965]: message repeated 2 times: [ Failed password for root from 43.255.190.90 port 40139 ssh2]
Apr 10 02:48:49 ovzhost sshd[965]: Received disconnect from 43.255.190.90: 11:  [preauth]
Apr 10 02:48:49 ovzhost sshd[965]: PAM 2 more authentication failures; logname= uid=0 euid=0 tty=ssh ruser= rhost=43.255.190.90  user=root
Apr 10 02:48:49 ovzhost sshd[969]: pam_unix(sshd:auth): authentication failure; logname= uid=0 euid=0 tty=ssh ruser= rhost=43.255.190.90  user=root
Apr 10 02:48:51 ovzhost sshd[967]: message repeated 2 times: [ Failed password for root from 43.255.190.189 port 58972 ssh2]
Apr 10 02:48:51 ovzhost sshd[967]: Received disconnect from 43.255.190.189: 11:  [preauth]
Apr 10 02:48:51 ovzhost sshd[967]: PAM 2 more authentication failures; logname= uid=0 euid=0 tty=ssh ruser= rhost=43.255.190.189  user=root
Apr 10 02:48:51 ovzhost sshd[969]: Failed password for root from 43.255.190.90 port 59543 ssh2
Apr 10 02:48:51 ovzhost sshd[971]: pam_unix(sshd:auth): authentication failure; logname= uid=0 euid=0 tty=ssh ruser= rhost=43.255.190.189  user=root
Apr 10 02:48:53 ovzhost sshd[971]: Failed password for root from 43.255.190.189 port 47593 ssh2
Apr 10 02:48:55 ovzhost sshd[969]: message repeated 2 times: [ Failed password for root from 43.255.190.90 port 59543 ssh2]
Apr 10 02:48:55 ovzhost sshd[969]: Received disconnect from 43.255.190.90: 11:  [preauth]
Apr 10 02:48:55 ovzhost sshd[969]: PAM 2 more authentication failures; logname= uid=0 euid=0 tty=ssh ruser= rhost=43.255.190.90  user=root
Apr 10 02:48:56 ovzhost sshd[974]: pam_unix(sshd:auth): authentication failure; logname= uid=0 euid=0 tty=ssh ruser= rhost=43.255.190.90  user=root
Apr 10 02:48:58 ovzhost sshd[971]: message repeated 2 times: [ Failed password for root from 43.255.190.189 port 47593 ssh2]
Apr 10 02:48:58 ovzhost sshd[971]: Received disconnect from 43.255.190.189: 11:  [preauth]
Apr 10 02:48:58 ovzhost sshd[971]: PAM 2 more authentication failures; logname= uid=0 euid=0 tty=ssh ruser= rhost=43.255.190.189  user=root
Apr 10 02:48:58 ovzhost sshd[974]: Failed password for root from 43.255.190.90 port 48841 ssh2
Apr 10 02:48:58 ovzhost sshd[976]: pam_unix(sshd:auth): authentication failure; logname= uid=0 euid=0 tty=ssh ruser= rhost=43.255.190.189  user=root
Apr 10 02:49:01 ovzhost sshd[976]: Failed password for root from 43.255.190.189 port 36337 ssh2
Apr 10 02:49:03 ovzhost sshd[974]: message repeated 2 times: [ Failed password for root from 43.255.190.90 port 48841 ssh2]
Apr 10 02:49:03 ovzhost sshd[974]: Received disconnect from 43.255.190.90: 11:  [preauth]
Apr 10 02:49:03 ovzhost sshd[974]: PAM 2 more authentication failures; logname= uid=0 euid=0 tty=ssh ruser= rhost=43.255.190.90  user=root
Apr 10 02:49:03 ovzhost sshd[978]: pam_unix(sshd:auth): authentication failure; logname= uid=0 euid=0 tty=ssh ruser= rhost=43.255.190.90  user=root
Apr 10 02:49:04 ovzhost sshd[976]: message repeated 2 times: [ Failed password for root from 43.255.190.189 port 36337 ssh2]
Apr 10 02:49:04 ovzhost sshd[976]: Received disconnect from 43.255.190.189: 11:  [preauth]
Apr 10 02:49:04 ovzhost sshd[976]: PAM 2 more authentication failures; logname= uid=0 euid=0 tty=ssh ruser= rhost=43.255.190.189  user=root
Apr 10 02:49:05 ovzhost sshd[978]: Failed password for root from 43.255.190.90 port 39144 ssh2
Apr 10 02:49:05 ovzhost sshd[982]: pam_unix(sshd:auth): authentication failure; logname= uid=0 euid=0 tty=ssh ruser= rhost=43.255.190.189  user=root
Apr 10 02:49:07 ovzhost sshd[982]: Failed password for root from 43.255.190.189 port 52993 ssh2
Apr 10 02:49:10 ovzhost sshd[978]: message repeated 2 times: [ Failed password for root from 43.255.190.90 port 39144 ssh2]
Apr 10 02:49:10 ovzhost sshd[978]: Received disconnect from 43.255.190.90: 11:  [preauth]
Apr 10 02:49:10 ovzhost sshd[978]: PAM 2 more authentication failures; logname= uid=0 euid=0 tty=ssh ruser= rhost=43.255.190.90  user=root
Apr 10 02:49:10 ovzhost sshd[984]: pam_unix(sshd:auth): authentication failure; logname= uid=0 euid=0 tty=ssh ruser= rhost=43.255.190.90  user=root
Apr 10 02:49:12 ovzhost sshd[982]: message repeated 2 times: [ Failed password for root from 43.255.190.189 port 52993 ssh2]
Apr 10 02:49:12 ovzhost sshd[982]: Received disconnect from 43.255.190.189: 11:  [preauth]
Apr 10 02:49:12 ovzhost sshd[982]: PAM 2 more authentication failures; logname= uid=0 euid=0 tty=ssh ruser= rhost=43.255.190.189  user=root
Apr 10 02:49:13 ovzhost sshd[984]: Failed password for root from 43.255.190.90 port 56256 ssh2
Apr 10 02:49:13 ovzhost sshd[986]: pam_unix(sshd:auth): authentication failure; logname= uid=0 euid=0 tty=ssh ruser= rhost=43.255.190.189  user=root
Apr 10 02:49:15 ovzhost sshd[986]: Failed password for root from 43.255.190.189 port 42146 ssh2
Apr 10 02:49:16 ovzhost sshd[984]: message repeated 2 times: [ Failed password for root from 43.255.190.90 port 56256 ssh2]
Apr 10 02:49:17 ovzhost sshd[984]: Received disconnect from 43.255.190.90: 11:  [preauth]
Apr 10 02:49:17 ovzhost sshd[984]: PAM 2 more authentication failures; logname= uid=0 euid=0 tty=ssh ruser= rhost=43.255.190.90  user=root
Apr 10 02:49:19 ovzhost sshd[988]: pam_unix(sshd:auth): authentication failure; logname= uid=0 euid=0 tty=ssh ruser= rhost=43.255.190.90  user=root
Apr 10 02:49:19 ovzhost sshd[986]: message repeated 2 times: [ Failed password for root from 43.255.190.189 port 42146 ssh2]
Apr 10 02:49:19 ovzhost sshd[986]: Received disconnect from 43.255.190.189: 11:  [preauth]
Apr 10 02:49:19 ovzhost sshd[986]: PAM 2 more authentication failures; logname= uid=0 euid=0 tty=ssh ruser= rhost=43.255.190.189  user=root
Apr 10 02:49:20 ovzhost sshd[990]: pam_unix(sshd:auth): authentication failure; logname= uid=0 euid=0 tty=ssh ruser= rhost=43.255.190.189  user=root
Apr 10 02:49:21 ovzhost sshd[988]: Failed password for root from 43.255.190.90 port 43219 ssh2
Apr 10 02:49:22 ovzhost sshd[990]: Failed password for root from 43.255.190.189 port 57284 ssh2
Apr 10 02:49:25 ovzhost sshd[988]: message repeated 2 times: [ Failed password for root from 43.255.190.90 port 43219 ssh2]
Apr 10 02:49:25 ovzhost sshd[988]: Received disconnect from 43.255.190.90: 11:  [preauth]
Apr 10 02:49:25 ovzhost sshd[988]: PAM 2 more authentication failures; logname= uid=0 euid=0 tty=ssh ruser= rhost=43.255.190.90  user=root
Apr 10 02:49:26 ovzhost sshd[992]: pam_unix(sshd:auth): authentication failure; logname= uid=0 euid=0 tty=ssh ruser= rhost=43.255.190.90  user=root
Apr 10 02:49:26 ovzhost sshd[990]: message repeated 2 times: [ Failed password for root from 43.255.190.189 port 57284 ssh2]
Apr 10 02:49:26 ovzhost sshd[990]: Received disconnect from 43.255.190.189: 11:  [preauth]
Apr 10 02:49:26 ovzhost sshd[990]: PAM 2 more authentication failures; logname= uid=0 euid=0 tty=ssh ruser= rhost=43.255.190.189  user=root
Apr 10 02:49:27 ovzhost sshd[992]: Failed password for root from 43.255.190.90 port 60078 ssh2
Apr 10 02:49:27 ovzhost sshd[994]: pam_unix(sshd:auth): authentication failure; logname= uid=0 euid=0 tty=ssh ruser= rhost=43.255.190.189  user=root
Apr 10 02:49:29 ovzhost sshd[994]: Failed password for root from 43.255.190.189 port 46340 ssh2
Apr 10 02:49:31 ovzhost sshd[992]: message repeated 2 times: [ Failed password for root from 43.255.190.90 port 60078 ssh2]
Apr 10 02:49:31 ovzhost sshd[992]: Received disconnect from 43.255.190.90: 11:  [preauth]
Apr 10 02:49:31 ovzhost sshd[992]: PAM 2 more authentication failures; logname= uid=0 euid=0 tty=ssh ruser= rhost=43.255.190.90  user=root
Apr 10 02:49:32 ovzhost sshd[996]: pam_unix(sshd:auth): authentication failure; logname= uid=0 euid=0 tty=ssh ruser= rhost=43.255.190.90  user=root
Apr 10 02:49:33 ovzhost sshd[994]: message repeated 2 times: [ Failed password for root from 43.255.190.189 port 46340 ssh2]
Apr 10 02:49:33 ovzhost sshd[994]: Received disconnect from 43.255.190.189: 11:  [preauth]
Apr 10 02:49:33 ovzhost sshd[994]: PAM 2 more authentication failures; logname= uid=0 euid=0 tty=ssh ruser= rhost=43.255.190.189  user=root
Apr 10 02:49:34 ovzhost sshd[998]: pam_unix(sshd:auth): authentication failure; logname= uid=0 euid=0 tty=ssh ruser= rhost=43.255.190.189  user=root
Apr 10 02:49:34 ovzhost sshd[996]: Failed password for root from 43.255.190.90 port 47783 ssh2
Apr 10 02:49:36 ovzhost sshd[998]: Failed password for root from 43.255.190.189 port 34252 ssh2
Apr 10 02:49:38 ovzhost sshd[996]: message repeated 2 times: [ Failed password for root from 43.255.190.90 port 47783 ssh2]
Apr 10 02:49:38 ovzhost sshd[996]: Received disconnect from 43.255.190.90: 11:  [preauth]
Apr 10 02:49:38 ovzhost sshd[996]: PAM 2 more authentication failures; logname= uid=0 euid=0 tty=ssh ruser= rhost=43.255.190.90  user=root
Apr 10 02:49:39 ovzhost sshd[1001]: pam_unix(sshd:auth): authentication failure; logname= uid=0 euid=0 tty=ssh ruser= rhost=43.255.190.90  user=root
Apr 10 02:49:39 ovzhost sshd[998]: message repeated 2 times: [ Failed password for root from 43.255.190.189 port 34252 ssh2]
Apr 10 02:49:39 ovzhost sshd[998]: Received disconnect from 43.255.190.189: 11:  [preauth]
Apr 10 02:49:39 ovzhost sshd[998]: PAM 2 more authentication failures; logname= uid=0 euid=0 tty=ssh ruser= rhost=43.255.190.189  user=root
Apr 10 02:49:40 ovzhost sshd[1003]: pam_unix(sshd:auth): authentication failure; logname= uid=0 euid=0 tty=ssh ruser= rhost=43.255.190.189  user=root
Apr 10 02:49:41 ovzhost sshd[1001]: Failed password for root from 43.255.190.90 port 37302 ssh2
Apr 10 02:49:42 ovzhost sshd[1003]: Failed password for root from 43.255.190.189 port 50101 ssh2
Apr 10 02:49:45 ovzhost sshd[1001]: message repeated 2 times: [ Failed password for root from 43.255.190.90 port 37302 ssh2]
Apr 10 02:49:45 ovzhost sshd[1001]: Received disconnect from 43.255.190.90: 11:  [preauth]
Apr 10 02:49:45 ovzhost sshd[1001]: PAM 2 more authentication failures; logname= uid=0 euid=0 tty=ssh ruser= rhost=43.255.190.90  user=root
Apr 10 02:49:46 ovzhost sshd[1005]: pam_unix(sshd:auth): authentication failure; logname= uid=0 euid=0 tty=ssh ruser= rhost=43.255.190.90  user=root
Apr 10 02:49:47 ovzhost sshd[1003]: message repeated 2 times: [ Failed password for root from 43.255.190.189 port 50101 ssh2]
Apr 10 02:49:47 ovzhost sshd[1003]: Received disconnect from 43.255.190.189: 11:  [preauth]
Apr 10 02:49:47 ovzhost sshd[1003]: PAM 2 more authentication failures; logname= uid=0 euid=0 tty=ssh ruser= rhost=43.255.190.189  user=root
Apr 10 02:49:48 ovzhost sshd[1007]: pam_unix(sshd:auth): authentication failure; logname= uid=0 euid=0 tty=ssh ruser= rhost=43.255.190.189  user=root
Apr 10 02:49:48 ovzhost sshd[1005]: Failed password for root from 43.255.190.90 port 54862 ssh2
Apr 10 02:49:49 ovzhost sshd[1007]: Failed password for root from 43.255.190.189 port 40815 ssh2
Apr 10 02:49:51 ovzhost sshd[1005]: message repeated 2 times: [ Failed password for root from 43.255.190.90 port 54862 ssh2]
Apr 10 02:49:51 ovzhost sshd[1005]: Received disconnect from 43.255.190.90: 11:  [preauth]
Apr 10 02:49:51 ovzhost sshd[1005]: PAM 2 more authentication failures; logname= uid=0 euid=0 tty=ssh ruser= rhost=43.255.190.90  user=root
Apr 10 02:49:52 ovzhost sshd[1009]: pam_unix(sshd:auth): authentication failure; logname= uid=0 euid=0 tty=ssh ruser= rhost=43.255.190.90  user=root
Apr 10 02:49:53 ovzhost sshd[1007]: message repeated 2 times: [ Failed password for root from 43.255.190.189 port 40815 ssh2]
Apr 10 02:49:54 ovzhost sshd[1007]: Received disconnect from 43.255.190.189: 11:  [preauth]
Apr 10 02:49:54 ovzhost sshd[1007]: PAM 2 more authentication failures; logname= uid=0 euid=0 tty=ssh ruser= rhost=43.255.190.189  user=root
Apr 10 02:49:54 ovzhost sshd[1009]: Failed password for root from 43.255.190.90 port 42524 ssh2
Apr 10 02:49:54 ovzhost sshd[1011]: pam_unix(sshd:auth): authentication failure; logname= uid=0 euid=0 tty=ssh ruser= rhost=43.255.190.189  user=root
Apr 10 02:49:56 ovzhost sshd[1011]: Failed password for root from 43.255.190.189 port 57277 ssh2
Apr 10 02:49:58 ovzhost sshd[1009]: message repeated 2 times: [ Failed password for root from 43.255.190.90 port 42524 ssh2]
Apr 10 02:49:58 ovzhost sshd[1009]: Received disconnect from 43.255.190.90: 11:  [preauth]
Apr 10 02:49:58 ovzhost sshd[1009]: PAM 2 more authentication failures; logname= uid=0 euid=0 tty=ssh ruser= rhost=43.255.190.90  user=root
Apr 10 02:49:59 ovzhost sshd[1013]: pam_unix(sshd:auth): authentication failure; logname= uid=0 euid=0 tty=ssh ruser= rhost=43.255.190.90  user=root
Apr 10 02:50:01 ovzhost sshd[1011]: message repeated 2 times: [ Failed password for root from 43.255.190.189 port 57277 ssh2]
Apr 10 02:50:01 ovzhost sshd[1011]: Received disconnect from 43.255.190.189: 11:  [preauth]
Apr 10 02:50:01 ovzhost sshd[1011]: PAM 2 more authentication failures; logname= uid=0 euid=0 tty=ssh ruser= rhost=43.255.190.189  user=root
Apr 10 02:50:01 ovzhost sshd[1013]: Failed password for root from 43.255.190.90 port 60668 ssh2
Apr 10 02:50:01 ovzhost sshd[1015]: pam_unix(sshd:auth): authentication failure; logname= uid=0 euid=0 tty=ssh ruser= rhost=43.255.190.189  user=root
Apr 10 02:50:03 ovzhost sshd[1015]: Failed password for root from 43.255.190.189 port 47469 ssh2
Apr 10 02:50:05 ovzhost sshd[1013]: message repeated 2 times: [ Failed password for root from 43.255.190.90 port 60668 ssh2]
Apr 10 02:50:05 ovzhost sshd[1013]: Received disconnect from 43.255.190.90: 11:  [preauth]
Apr 10 02:50:05 ovzhost sshd[1013]: PAM 2 more authentication failures; logname= uid=0 euid=0 tty=ssh ruser= rhost=43.255.190.90  user=root
Apr 10 02:50:06 ovzhost sshd[1020]: pam_unix(sshd:auth): authentication failure; logname= uid=0 euid=0 tty=ssh ruser= rhost=43.255.190.90  user=root
Apr 10 02:50:08 ovzhost sshd[1015]: message repeated 2 times: [ Failed password for root from 43.255.190.189 port 47469 ssh2]
Apr 10 02:50:08 ovzhost sshd[1015]: Received disconnect from 43.255.190.189: 11:  [preauth]
Apr 10 02:50:08 ovzhost sshd[1015]: PAM 2 more authentication failures; logname= uid=0 euid=0 tty=ssh ruser= rhost=43.255.190.189  user=root
Apr 10 02:50:08 ovzhost sshd[1020]: Failed password for root from 43.255.190.90 port 49321 ssh2
Apr 10 02:50:09 ovzhost sshd[1022]: pam_unix(sshd:auth): authentication failure; logname= uid=0 euid=0 tty=ssh ruser= rhost=43.255.190.189  user=root
Apr 10 02:50:11 ovzhost sshd[1022]: Failed password for root from 43.255.190.189 port 37279 ssh2
Apr 10 02:50:13 ovzhost sshd[1020]: message repeated 2 times: [ Failed password for root from 43.255.190.90 port 49321 ssh2]
Apr 10 02:50:13 ovzhost sshd[1020]: Received disconnect from 43.255.190.90: 11:  [preauth]
Apr 10 02:50:13 ovzhost sshd[1020]: PAM 2 more authentication failures; logname= uid=0 euid=0 tty=ssh ruser= rhost=43.255.190.90  user=root
Apr 10 02:50:13 ovzhost sshd[1024]: pam_unix(sshd:auth): authentication failure; logname= uid=0 euid=0 tty=ssh ruser= rhost=43.255.190.90  user=root
Apr 10 02:50:14 ovzhost sshd[1022]: message repeated 2 times: [ Failed password for root from 43.255.190.189 port 37279 ssh2]
Apr 10 02:50:14 ovzhost sshd[1022]: Received disconnect from 43.255.190.189: 11:  [preauth]
Apr 10 02:50:14 ovzhost sshd[1022]: PAM 2 more authentication failures; logname= uid=0 euid=0 tty=ssh ruser= rhost=43.255.190.189  user=root
Apr 10 02:50:14 ovzhost sshd[1026]: pam_unix(sshd:auth): authentication failure; logname= uid=0 euid=0 tty=ssh ruser= rhost=43.255.190.189  user=root
Apr 10 02:50:15 ovzhost sshd[1024]: Failed password for root from 43.255.190.90 port 40865 ssh2
Apr 10 02:50:17 ovzhost sshd[1026]: Failed password for root from 43.255.190.189 port 52236 ssh2
Apr 10 02:50:20 ovzhost sshd[1024]: message repeated 2 times: [ Failed password for root from 43.255.190.90 port 40865 ssh2]
Apr 10 02:50:20 ovzhost sshd[1024]: Received disconnect from 43.255.190.90: 11:  [preauth]
Apr 10 02:50:20 ovzhost sshd[1024]: PAM 2 more authentication failures; logname= uid=0 euid=0 tty=ssh ruser= rhost=43.255.190.90  user=root
Apr 10 02:50:21 ovzhost sshd[1028]: pam_unix(sshd:auth): authentication failure; logname= uid=0 euid=0 tty=ssh ruser= rhost=43.255.190.90  user=root
Apr 10 02:50:21 ovzhost sshd[1026]: message repeated 2 times: [ Failed password for root from 43.255.190.189 port 52236 ssh2]
Apr 10 02:50:21 ovzhost sshd[1026]: Received disconnect from 43.255.190.189: 11:  [preauth]
Apr 10 02:50:21 ovzhost sshd[1026]: PAM 2 more authentication failures; logname= uid=0 euid=0 tty=ssh ruser= rhost=43.255.190.189  user=root
Apr 10 02:50:22 ovzhost sshd[1030]: pam_unix(sshd:auth): authentication failure; logname= uid=0 euid=0 tty=ssh ruser= rhost=43.255.190.189  user=root
Apr 10 02:50:23 ovzhost sshd[1028]: Failed password for root from 43.255.190.90 port 58460 ssh2
Apr 10 02:50:24 ovzhost sshd[1030]: Failed password for root from 43.255.190.189 port 41882 ssh2
Apr 10 02:50:25 ovzhost sshd[1028]: message repeated 2 times: [ Failed password for root from 43.255.190.90 port 58460 ssh2]
Apr 10 02:50:26 ovzhost sshd[1028]: Received disconnect from 43.255.190.90: 11:  [preauth]
Apr 10 02:50:26 ovzhost sshd[1028]: PAM 2 more authentication failures; logname= uid=0 euid=0 tty=ssh ruser= rhost=43.255.190.90  user=root
Apr 10 02:50:26 ovzhost sshd[1032]: pam_unix(sshd:auth): authentication failure; logname= uid=0 euid=0 tty=ssh ruser= rhost=43.255.190.90  user=root
Apr 10 02:50:28 ovzhost sshd[1030]: message repeated 2 times: [ Failed password for root from 43.255.190.189 port 41882 ssh2]
Apr 10 02:50:28 ovzhost sshd[1030]: Received disconnect from 43.255.190.189: 11:  [preauth]
Apr 10 02:50:28 ovzhost sshd[1030]: PAM 2 more authentication failures; logname= uid=0 euid=0 tty=ssh ruser= rhost=43.255.190.189  user=root
Apr 10 02:50:29 ovzhost sshd[1032]: Failed password for root from 43.255.190.90 port 44729 ssh2
Apr 10 02:50:29 ovzhost sshd[1034]: pam_unix(sshd:auth): authentication failure; logname= uid=0 euid=0 tty=ssh ruser= rhost=43.255.190.189  user=root
Apr 10 02:50:31 ovzhost sshd[1034]: Failed password for root from 43.255.190.189 port 59365 ssh2
Apr 10 02:50:32 ovzhost sshd[1032]: message repeated 2 times: [ Failed password for root from 43.255.190.90 port 44729 ssh2]
Apr 10 02:50:32 ovzhost sshd[1032]: Received disconnect from 43.255.190.90: 11:  [preauth]
Apr 10 02:50:32 ovzhost sshd[1032]: PAM 2 more authentication failures; logname= uid=0 euid=0 tty=ssh ruser= rhost=43.255.190.90  user=root
Apr 10 02:50:33 ovzhost sshd[1036]: pam_unix(sshd:auth): authentication failure; logname= uid=0 euid=0 tty=ssh ruser= rhost=43.255.190.90  user=root
Apr 10 02:50:34 ovzhost sshd[1034]: message repeated 2 times: [ Failed password for root from 43.255.190.189 port 59365 ssh2]
Apr 10 02:50:34 ovzhost sshd[1034]: Received disconnect from 43.255.190.189: 11:  [preauth]
Apr 10 02:50:34 ovzhost sshd[1034]: PAM 2 more authentication failures; logname= uid=0 euid=0 tty=ssh ruser= rhost=43.255.190.189  user=root
Apr 10 02:50:35 ovzhost sshd[1038]: pam_unix(sshd:auth): authentication failure; logname= uid=0 euid=0 tty=ssh ruser= rhost=43.255.190.189  user=root
Apr 10 02:50:35 ovzhost sshd[1036]: Failed password for root from 43.255.190.90 port 60579 ssh2
Apr 10 02:50:36 ovzhost sshd[1038]: Failed password for root from 43.255.190.189 port 46479 ssh2
Apr 10 02:50:36 ovzhost sshd[1041]: Connection closed by 128.8.37.104 [preauth]
Apr 10 02:50:38 ovzhost sshd[1036]: message repeated 2 times: [ Failed password for root from 43.255.190.90 port 60579 ssh2]
Apr 10 02:50:38 ovzhost sshd[1036]: Received disconnect from 43.255.190.90: 11:  [preauth]
Apr 10 02:50:38 ovzhost sshd[1036]: PAM 2 more authentication failures; logname= uid=0 euid=0 tty=ssh ruser= rhost=43.255.190.90  user=root
Apr 10 02:50:39 ovzhost sshd[1043]: pam_unix(sshd:auth): authentication failure; logname= uid=0 euid=0 tty=ssh ruser= rhost=43.255.190.90  user=root
Apr 10 02:50:40 ovzhost sshd[1038]: message repeated 2 times: [ Failed password for root from 43.255.190.189 port 46479 ssh2]
Apr 10 02:50:40 ovzhost sshd[1038]: Received disconnect from 43.255.190.189: 11:  [preauth]
Apr 10 02:50:40 ovzhost sshd[1038]: PAM 2 more authentication failures; logname= uid=0 euid=0 tty=ssh ruser= rhost=43.255.190.189  user=root
