Apr 10 02:50:41 ovzhost sshd[1045]: pam_unix(sshd:auth): authentication failure; logname= uid=0 euid=0 tty=ssh ruser= rhost=43.255.190.189  user=root
Apr 10 02:50:41 ovzhost sshd[1043]: Failed password for root from 43.255.190.90 port 47530 ssh2
Apr 10 02:50:43 ovzhost sshd[1045]: Failed password for root from 43.255.190.189 port 60641 ssh2
Apr 10 02:50:45 ovzhost sshd[1043]: message repeated 2 times: [ Failed password for root from 43.255.190.90 port 47530 ssh2]
Apr 10 02:50:45 ovzhost sshd[1043]: Received disconnect from 43.255.190.90: 11:  [preauth]
Apr 10 02:50:45 ovzhost sshd[1043]: PAM 2 more authentication failures; logname= uid=0 euid=0 tty=ssh ruser= rhost=43.255.190.90  user=root
Apr 10 02:50:45 ovzhost sshd[1047]: pam_unix(sshd:auth): authentication failure; logname= uid=0 euid=0 tty=ssh ruser= rhost=43.255.190.90  user=root
Apr 10 02:50:46 ovzhost sshd[1045]: message repeated 2 times: [ Failed password for root from 43.255.190.189 port 60641 ssh2]
Apr 10 02:50:46 ovzhost sshd[1045]: Received disconnect from 43.255.190.189: 11:  [preauth]
Apr 10 02:50:46 ovzhost sshd[1045]: PAM 2 more authentication failures; logname= uid=0 euid=0 tty=ssh ruser= rhost=43.255.190.189  user=root
Apr 10 02:50:47 ovzhost sshd[1049]: pam_unix(sshd:auth): authentication failure; logname= uid=0 euid=0 tty=ssh ruser= rhost=43.255.190.189  user=root
Apr 10 02:50:47 ovzhost sshd[1047]: Failed password for root from 43.255.190.90 port 35023 ssh2
Apr 10 02:50:48 ovzhost sshd[1049]: Failed password for root from 43.255.190.189 port 48353 ssh2
Apr 10 02:50:51 ovzhost sshd[1047]: message repeated 2 times: [ Failed password for root from 43.255.190.90 port 35023 ssh2]
Apr 10 02:50:51 ovzhost sshd[1047]: Received disconnect from 43.255.190.90: 11:  [preauth]
Apr 10 02:50:51 ovzhost sshd[1047]: PAM 2 more authentication failures; logname= uid=0 euid=0 tty=ssh ruser= rhost=43.255.190.90  user=root
Apr 10 02:50:52 ovzhost sshd[1051]: pam_unix(sshd:auth): authentication failure; logname= uid=0 euid=0 tty=ssh ruser= rhost=43.255.190.90  user=root
Apr 10 02:50:52 ovzhost sshd[1049]: message repeated 2 times: [ Failed password for root from 43.255.190.189 port 48353 ssh2]
Apr 10 02:50:52 ovzhost sshd[1049]: Received disconnect from 43.255.190.189: 11:  [preauth]
Apr 10 02:50:52 ovzhost sshd[1049]: PAM 2 more authentication failures; logname= uid=0 euid=0 tty=ssh ruser= rhost=43.255.190.189  user=root
Apr 10 02:50:53 ovzhost sshd[1053]: pam_unix(sshd:auth): authentication failure; logname= uid=0 euid=0 tty=ssh ruser= rhost=43.255.190.189  user=root
Apr 10 02:50:54 ovzhost sshd[1051]: Failed password for root from 43.255.190.90 port 50932 ssh2
Apr 10 02:50:55 ovzhost sshd[1053]: Failed password for root from 43.255.190.189 port 34984 ssh2
Apr 10 02:50:57 ovzhost sshd[1051]: message repeated 2 times: [ Failed password for root from 43.255.190.90 port 50932 ssh2]
Apr 10 02:50:57 ovzhost sshd[1051]: Received disconnect from 43.255.190.90: 11:  [preauth]
Apr 10 02:50:57 ovzhost sshd[1051]: PAM 2 more authentication failures; logname= uid=0 euid=0 tty=ssh ruser= rhost=43.255.190.90  user=root
Apr 10 02:50:58 ovzhost sshd[1055]: pam_unix(sshd:auth): authentication failure; logname= uid=0 euid=0 tty=ssh ruser= rhost=43.255.190.90  user=root
Apr 10 02:50:59 ovzhost sshd[1053]: message repeated 2 times: [ Failed password for root from 43.255.190.189 port 34984 ssh2]
Apr 10 02:50:59 ovzhost sshd[1053]: Received disconnect from 43.255.190.189: 11:  [preauth]
Apr 10 02:50:59 ovzhost sshd[1053]: PAM 2 more authentication failures; logname= uid=0 euid=0 tty=ssh ruser= rhost=43.255.190.189  user=root
Apr 10 02:50:59 ovzhost sshd[1059]: pam_unix(sshd:auth): authentication failure; logname= uid=0 euid=0 tty=ssh ruser= rhost=43.255.190.189  user=root
Apr 10 02:51:00 ovzhost sshd[1055]: Failed password for root from 43.255.190.90 port 38079 ssh2
Apr 10 02:51:01 ovzhost sshd[1059]: Failed password for root from 43.255.190.189 port 51695 ssh2
Apr 10 02:51:04 ovzhost sshd[1055]: message repeated 2 times: [ Failed password for root from 43.255.190.90 port 38079 ssh2]
Apr 10 02:51:04 ovzhost sshd[1055]: Received disconnect from 43.255.190.90: 11:  [preauth]
Apr 10 02:51:04 ovzhost sshd[1055]: PAM 2 more authentication failures; logname= uid=0 euid=0 tty=ssh ruser= rhost=43.255.190.90  user=root
Apr 10 02:51:04 ovzhost sshd[1061]: pam_unix(sshd:auth): authentication failure; logname= uid=0 euid=0 tty=ssh ruser= rhost=43.255.190.90  user=root
Apr 10 02:51:05 ovzhost sshd[1059]: message repeated 2 times: [ Failed password for root from 43.255.190.189 port 51695 ssh2]
Apr 10 02:51:05 ovzhost sshd[1059]: Received disconnect from 43.255.190.189: 11:  [preauth]
Apr 10 02:51:05 ovzhost sshd[1059]: PAM 2 more authentication failures; logname= uid=0 euid=0 tty=ssh ruser= rhost=43.255.190.189  user=root
Apr 10 02:51:06 ovzhost sshd[1063]: pam_unix(sshd:auth): authentication failure; logname= uid=0 euid=0 tty=ssh ruser= rhost=43.255.190.189  user=root
Apr 10 02:51:06 ovzhost sshd[1061]: Failed password for root from 43.255.190.90 port 53665 ssh2
Apr 10 02:51:07 ovzhost sshd[1063]: Failed password for root from 43.255.190.189 port 39100 ssh2
Apr 10 02:51:11 ovzhost sshd[1061]: message repeated 2 times: [ Failed password for root from 43.255.190.90 port 53665 ssh2]
Apr 10 02:51:11 ovzhost sshd[1061]: Received disconnect from 43.255.190.90: 11:  [preauth]
Apr 10 02:51:11 ovzhost sshd[1061]: PAM 2 more authentication failures; logname= uid=0 euid=0 tty=ssh ruser= rhost=43.255.190.90  user=root
Apr 10 02:51:11 ovzhost sshd[1063]: message repeated 2 times: [ Failed password for root from 43.255.190.189 port 39100 ssh2]
Apr 10 02:51:11 ovzhost sshd[1063]: Received disconnect from 43.255.190.189: 11:  [preauth]
Apr 10 02:51:11 ovzhost sshd[1063]: PAM 2 more authentication failures; logname= uid=0 euid=0 tty=ssh ruser= rhost=43.255.190.189  user=root
Apr 10 02:51:12 ovzhost sshd[1065]: pam_unix(sshd:auth): authentication failure; logname= uid=0 euid=0 tty=ssh ruser= rhost=43.255.190.90  user=root
Apr 10 02:51:12 ovzhost sshd[1067]: pam_unix(sshd:auth): authentication failure; logname= uid=0 euid=0 tty=ssh ruser= rhost=43.255.190.189  user=root
Apr 10 02:51:13 ovzhost sshd[1065]: Failed password for root from 43.255.190.90 port 42655 ssh2
Apr 10 02:51:14 ovzhost sshd[1067]: Failed password for root from 43.255.190.189 port 54491 ssh2
Apr 10 02:51:17 ovzhost sshd[1065]: message repeated 2 times: [ Failed password for root from 43.255.190.90 port 42655 ssh2]
Apr 10 02:51:17 ovzhost sshd[1065]: Received disconnect from 43.255.190.90: 11:  [preauth]
Apr 10 02:51:17 ovzhost sshd[1065]: PAM 2 more authentication failures; logname= uid=0 euid=0 tty=ssh ruser= rhost=43.255.190.90  user=root
Apr 10 02:51:18 ovzhost sshd[1069]: pam_unix(sshd:auth): authentication failure; logname= uid=0 euid=0 tty=ssh ruser= rhost=43.255.190.90  user=root
Apr 10 02:51:18 ovzhost sshd[1067]: message repeated 2 times: [ Failed password for root from 43.255.190.189 port 54491 ssh2]
Apr 10 02:51:19 ovzhost sshd[1067]: Received disconnect from 43.255.190.189: 11:  [preauth]
Apr 10 02:51:19 ovzhost sshd[1067]: PAM 2 more authentication failures; logname= uid=0 euid=0 tty=ssh ruser= rhost=43.255.190.189  user=root
Apr 10 02:51:20 ovzhost sshd[1071]: pam_unix(sshd:auth): authentication failure; logname= uid=0 euid=0 tty=ssh ruser= rhost=43.255.190.189  user=root
Apr 10 02:51:20 ovzhost sshd[1069]: Failed password for root from 43.255.190.90 port 58700 ssh2
Apr 10 02:51:22 ovzhost sshd[1071]: Failed password for root from 43.255.190.189 port 44322 ssh2
Apr 10 02:51:24 ovzhost sshd[1069]: message repeated 2 times: [ Failed password for root from 43.255.190.90 port 58700 ssh2]
Apr 10 02:51:24 ovzhost sshd[1069]: Received disconnect from 43.255.190.90: 11:  [preauth]
Apr 10 02:51:24 ovzhost sshd[1069]: PAM 2 more authentication failures; logname= uid=0 euid=0 tty=ssh ruser= rhost=43.255.190.90  user=root
Apr 10 02:51:24 ovzhost sshd[1073]: pam_unix(sshd:auth): authentication failure; logname= uid=0 euid=0 tty=ssh ruser= rhost=43.255.190.90  user=root
Apr 10 02:51:25 ovzhost sshd[1071]: message repeated 2 times: [ Failed password for root from 43.255.190.189 port 44322 ssh2]
Apr 10 02:51:25 ovzhost sshd[1071]: Received disconnect from 43.255.190.189: 11:  [preauth]
Apr 10 02:51:25 ovzhost sshd[1071]: PAM 2 more authentication failures; logname= uid=0 euid=0 tty=ssh ruser= rhost=43.255.190.189  user=root
Apr 10 02:51:26 ovzhost sshd[1075]: pam_unix(sshd:auth): authentication failure; logname= uid=0 euid=0 tty=ssh ruser= rhost=43.255.190.189  user=root
Apr 10 02:51:26 ovzhost sshd[1073]: Failed password for root from 43.255.190.90 port 45985 ssh2
Apr 10 02:51:28 ovzhost sshd[1075]: Failed password for root from 43.255.190.189 port 59914 ssh2
Apr 10 02:51:30 ovzhost sshd[1073]: message repeated 2 times: [ Failed password for root from 43.255.190.90 port 45985 ssh2]
Apr 10 02:51:30 ovzhost sshd[1073]: Received disconnect from 43.255.190.90: 11:  [preauth]
Apr 10 02:51:30 ovzhost sshd[1073]: PAM 2 more authentication failures; logname= uid=0 euid=0 tty=ssh ruser= rhost=43.255.190.90  user=root
Apr 10 02:51:31 ovzhost sshd[1077]: pam_unix(sshd:auth): authentication failure; logname= uid=0 euid=0 tty=ssh ruser= rhost=43.255.190.90  user=root
Apr 10 02:51:33 ovzhost sshd[1075]: message repeated 2 times: [ Failed password for root from 43.255.190.189 port 59914 ssh2]
Apr 10 02:51:33 ovzhost sshd[1075]: Received disconnect from 43.255.190.189: 11:  [preauth]
Apr 10 02:51:33 ovzhost sshd[1075]: PAM 2 more authentication failures; logname= uid=0 euid=0 tty=ssh ruser= rhost=43.255.190.189  user=root
Apr 10 02:51:33 ovzhost sshd[1077]: Failed password for root from 43.255.190.90 port 60822 ssh2
Apr 10 02:51:34 ovzhost sshd[1079]: pam_unix(sshd:auth): authentication failure; logname= uid=0 euid=0 tty=ssh ruser= rhost=43.255.190.189  user=root
Apr 10 02:51:35 ovzhost sshd[1079]: Failed password for root from 43.255.190.189 port 50513 ssh2
Apr 10 02:51:37 ovzhost sshd[1077]: message repeated 2 times: [ Failed password for root from 43.255.190.90 port 60822 ssh2]
Apr 10 02:51:37 ovzhost sshd[1077]: Received disconnect from 43.255.190.90: 11:  [preauth]
Apr 10 02:51:37 ovzhost sshd[1077]: PAM 2 more authentication failures; logname= uid=0 euid=0 tty=ssh ruser= rhost=43.255.190.90  user=root
Apr 10 02:51:37 ovzhost sshd[1081]: pam_unix(sshd:auth): authentication failure; logname= uid=0 euid=0 tty=ssh ruser= rhost=43.255.190.90  user=root
Apr 10 02:51:39 ovzhost sshd[1081]: Failed password for root from 43.255.190.90 port 48605 ssh2
Apr 10 02:51:39 ovzhost sshd[1079]: message repeated 2 times: [ Failed password for root from 43.255.190.189 port 50513 ssh2]
Apr 10 02:51:39 ovzhost sshd[1079]: Received disconnect from 43.255.190.189: 11:  [preauth]
Apr 10 02:51:39 ovzhost sshd[1079]: PAM 2 more authentication failures; logname= uid=0 euid=0 tty=ssh ruser= rhost=43.255.190.189  user=root
Apr 10 02:51:40 ovzhost sshd[1085]: pam_unix(sshd:auth): authentication failure; logname= uid=0 euid=0 tty=ssh ruser= rhost=43.255.190.189  user=root
Apr 10 02:51:42 ovzhost sshd[1085]: Failed password for root from 43.255.190.189 port 38027 ssh2
Apr 10 02:51:43 ovzhost sshd[1081]: message repeated 2 times: [ Failed password for root from 43.255.190.90 port 48605 ssh2]
Apr 10 02:51:43 ovzhost sshd[1081]: Received disconnect from 43.255.190.90: 11:  [preauth]
Apr 10 02:51:43 ovzhost sshd[1081]: PAM 2 more authentication failures; logname= uid=0 euid=0 tty=ssh ruser= rhost=43.255.190.90  user=root
Apr 10 02:51:43 ovzhost sshd[1087]: pam_unix(sshd:auth): authentication failure; logname= uid=0 euid=0 tty=ssh ruser= rhost=43.255.190.90  user=root
Apr 10 02:51:45 ovzhost sshd[1087]: Failed password for root from 43.255.190.90 port 34989 ssh2
Apr 10 02:51:46 ovzhost sshd[1085]: message repeated 2 times: [ Failed password for root from 43.255.190.189 port 38027 ssh2]
Apr 10 02:51:46 ovzhost sshd[1085]: Received disconnect from 43.255.190.189: 11:  [preauth]
Apr 10 02:51:46 ovzhost sshd[1085]: PAM 2 more authentication failures; logname= uid=0 euid=0 tty=ssh ruser= rhost=43.255.190.189  user=root
Apr 10 02:51:47 ovzhost sshd[1089]: pam_unix(sshd:auth): authentication failure; logname= uid=0 euid=0 tty=ssh ruser= rhost=43.255.190.189  user=root
Apr 10 02:51:49 ovzhost sshd[1089]: Failed password for root from 43.255.190.189 port 53820 ssh2
Apr 10 02:51:49 ovzhost sshd[1087]: message repeated 2 times: [ Failed password for root from 43.255.190.90 port 34989 ssh2]
Apr 10 02:51:49 ovzhost sshd[1087]: Received disconnect from 43.255.190.90: 11:  [preauth]
Apr 10 02:51:49 ovzhost sshd[1087]: PAM 2 more authentication failures; logname= uid=0 euid=0 tty=ssh ruser= rhost=43.255.190.90  user=root
Apr 10 02:51:49 ovzhost sshd[1091]: pam_unix(sshd:auth): authentication failure; logname= uid=0 euid=0 tty=ssh ruser= rhost=43.255.190.90  user=root
Apr 10 02:51:52 ovzhost sshd[1091]: Failed password for root from 43.255.190.90 port 49034 ssh2
Apr 10 02:51:53 ovzhost sshd[1089]: message repeated 2 times: [ Failed password for root from 43.255.190.189 port 53820 ssh2]
Apr 10 02:51:53 ovzhost sshd[1089]: Received disconnect from 43.255.190.189: 11:  [preauth]
Apr 10 02:51:53 ovzhost sshd[1089]: PAM 2 more authentication failures; logname= uid=0 euid=0 tty=ssh ruser= rhost=43.255.190.189  user=root
Apr 10 02:51:54 ovzhost sshd[1093]: pam_unix(sshd:auth): authentication failure; logname= uid=0 euid=0 tty=ssh ruser= rhost=43.255.190.189  user=root
Apr 10 02:51:55 ovzhost sshd[1093]: Failed password for root from 43.255.190.189 port 41828 ssh2
Apr 10 02:51:55 ovzhost sshd[1091]: message repeated 2 times: [ Failed password for root from 43.255.190.90 port 49034 ssh2]
Apr 10 02:51:55 ovzhost sshd[1091]: Received disconnect from 43.255.190.90: 11:  [preauth]
Apr 10 02:51:55 ovzhost sshd[1091]: PAM 2 more authentication failures; logname= uid=0 euid=0 tty=ssh ruser= rhost=43.255.190.90  user=root
Apr 10 02:51:56 ovzhost sshd[1095]: pam_unix(sshd:auth): authentication failure; logname= uid=0 euid=0 tty=ssh ruser= rhost=43.255.190.90  user=root
Apr 10 02:51:58 ovzhost sshd[1095]: Failed password for root from 43.255.190.90 port 36685 ssh2
Apr 10 02:51:59 ovzhost sshd[1093]: message repeated 2 times: [ Failed password for root from 43.255.190.189 port 41828 ssh2]
Apr 10 02:51:59 ovzhost sshd[1093]: Received disconnect from 43.255.190.189: 11:  [preauth]
Apr 10 02:51:59 ovzhost sshd[1093]: PAM 2 more authentication failures; logname= uid=0 euid=0 tty=ssh ruser= rhost=43.255.190.189  user=root
Apr 10 02:52:00 ovzhost sshd[1097]: pam_unix(sshd:auth): authentication failure; logname= uid=0 euid=0 tty=ssh ruser= rhost=43.255.190.189  user=root
Apr 10 02:52:02 ovzhost sshd[1097]: Failed password for root from 43.255.190.189 port 57514 ssh2
Apr 10 02:52:02 ovzhost sshd[1095]: message repeated 2 times: [ Failed password for root from 43.255.190.90 port 36685 ssh2]
Apr 10 02:52:02 ovzhost sshd[1095]: Received disconnect from 43.255.190.90: 11:  [preauth]
Apr 10 02:52:02 ovzhost sshd[1095]: PAM 2 more authentication failures; logname= uid=0 euid=0 tty=ssh ruser= rhost=43.255.190.90  user=root
Apr 10 02:52:03 ovzhost sshd[1100]: pam_unix(sshd:auth): authentication failure; logname= uid=0 euid=0 tty=ssh ruser= rhost=43.255.190.90  user=root
Apr 10 02:52:05 ovzhost sshd[1100]: Failed password for root from 43.255.190.90 port 52291 ssh2
Apr 10 02:52:05 ovzhost sshd[1097]: message repeated 2 times: [ Failed password for root from 43.255.190.189 port 57514 ssh2]
Apr 10 02:52:05 ovzhost sshd[1097]: Received disconnect from 43.255.190.189: 11:  [preauth]
Apr 10 02:52:05 ovzhost sshd[1097]: PAM 2 more authentication failures; logname= uid=0 euid=0 tty=ssh ruser= rhost=43.255.190.189  user=root
Apr 10 02:52:06 ovzhost sshd[1102]: pam_unix(sshd:auth): authentication failure; logname= uid=0 euid=0 tty=ssh ruser= rhost=43.255.190.189  user=root
Apr 10 02:52:08 ovzhost sshd[1102]: Failed password for root from 43.255.190.189 port 43661 ssh2
Apr 10 02:52:08 ovzhost sshd[1100]: message repeated 2 times: [ Failed password for root from 43.255.190.90 port 52291 ssh2]
Apr 10 02:52:08 ovzhost sshd[1100]: Received disconnect from 43.255.190.90: 11:  [preauth]
Apr 10 02:52:08 ovzhost sshd[1100]: PAM 2 more authentication failures; logname= uid=0 euid=0 tty=ssh ruser= rhost=43.255.190.90  user=root
Apr 10 02:52:09 ovzhost sshd[1104]: pam_unix(sshd:auth): authentication failure; logname= uid=0 euid=0 tty=ssh ruser= rhost=43.255.190.90  user=root
Apr 10 02:52:11 ovzhost sshd[1104]: Failed password for root from 43.255.190.90 port 38878 ssh2
Apr 10 02:52:13 ovzhost sshd[1102]: message repeated 2 times: [ Failed password for root from 43.255.190.189 port 43661 ssh2]
Apr 10 02:52:13 ovzhost sshd[1102]: Received disconnect from 43.255.190.189: 11:  [preauth]
Apr 10 02:52:13 ovzhost sshd[1102]: PAM 2 more authentication failures; logname= uid=0 euid=0 tty=ssh ruser= rhost=43.255.190.189  user=root
Apr 10 02:52:13 ovzhost sshd[1108]: pam_unix(sshd:auth): authentication failure; logname= uid=0 euid=0 tty=ssh ruser= rhost=43.255.190.189  user=root
Apr 10 02:52:14 ovzhost sshd[1104]: message repeated 2 times: [ Failed password for root from 43.255.190.90 port 38878 ssh2]
Apr 10 02:52:14 ovzhost sshd[1104]: Received disconnect from 43.255.190.90: 11:  [preauth]
Apr 10 02:52:14 ovzhost sshd[1104]: PAM 2 more authentication failures; logname= uid=0 euid=0 tty=ssh ruser= rhost=43.255.190.90  user=root
Apr 10 02:52:15 ovzhost sshd[1110]: pam_unix(sshd:auth): authentication failure; logname= uid=0 euid=0 tty=ssh ruser= rhost=43.255.190.90  user=root
Apr 10 02:52:15 ovzhost sshd[1108]: Failed password for root from 43.255.190.189 port 60842 ssh2
Apr 10 02:52:17 ovzhost sshd[1110]: Failed password for root from 43.255.190.90 port 51063 ssh2
Apr 10 02:52:19 ovzhost sshd[1108]: message repeated 2 times: [ Failed password for root from 43.255.190.189 port 60842 ssh2]
Apr 10 02:52:19 ovzhost sshd[1108]: Received disconnect from 43.255.190.189: 11:  [preauth]
Apr 10 02:52:19 ovzhost sshd[1108]: PAM 2 more authentication failures; logname= uid=0 euid=0 tty=ssh ruser= rhost=43.255.190.189  user=root
Apr 10 02:52:20 ovzhost sshd[1112]: pam_unix(sshd:auth): authentication failure; logname= uid=0 euid=0 tty=ssh ruser= rhost=43.255.190.189  user=root
Apr 10 02:52:20 ovzhost sshd[1110]: message repeated 2 times: [ Failed password for root from 43.255.190.90 port 51063 ssh2]
Apr 10 02:52:20 ovzhost sshd[1110]: Received disconnect from 43.255.190.90: 11:  [preauth]
Apr 10 02:52:20 ovzhost sshd[1110]: PAM 2 more authentication failures; logname= uid=0 euid=0 tty=ssh ruser= rhost=43.255.190.90  user=root
Apr 10 02:52:21 ovzhost sshd[1114]: pam_unix(sshd:auth): authentication failure; logname= uid=0 euid=0 tty=ssh ruser= rhost=43.255.190.90  user=root
Apr 10 02:52:22 ovzhost sshd[1112]: Failed password for root from 43.255.190.189 port 46148 ssh2
Apr 10 02:52:23 ovzhost sshd[1114]: Failed password for root from 43.255.190.90 port 37729 ssh2
Apr 10 02:52:27 ovzhost sshd[1112]: message repeated 2 times: [ Failed password for root from 43.255.190.189 port 46148 ssh2]
Apr 10 02:52:27 ovzhost sshd[1112]: Received disconnect from 43.255.190.189: 11:  [preauth]
Apr 10 02:52:27 ovzhost sshd[1112]: PAM 2 more authentication failures; logname= uid=0 euid=0 tty=ssh ruser= rhost=43.255.190.189  user=root
Apr 10 02:52:27 ovzhost sshd[1114]: message repeated 2 times: [ Failed password for root from 43.255.190.90 port 37729 ssh2]
Apr 10 02:52:27 ovzhost sshd[1114]: Received disconnect from 43.255.190.90: 11:  [preauth]
Apr 10 02:52:27 ovzhost sshd[1114]: PAM 2 more authentication failures; logname= uid=0 euid=0 tty=ssh ruser= rhost=43.255.190.90  user=root
Apr 10 02:52:27 ovzhost sshd[1116]: pam_unix(sshd:auth): authentication failure; logname= uid=0 euid=0 tty=ssh ruser= rhost=43.255.190.189  user=root
Apr 10 02:52:27 ovzhost sshd[1118]: pam_unix(sshd:auth): authentication failure; logname= uid=0 euid=0 tty=ssh ruser= rhost=43.255.190.90  user=root
Apr 10 02:52:30 ovzhost sshd[1116]: Failed password for root from 43.255.190.189 port 35293 ssh2
Apr 10 02:52:30 ovzhost sshd[1118]: Failed password for root from 43.255.190.90 port 52377 ssh2
Apr 10 02:52:34 ovzhost sshd[1116]: message repeated 2 times: [ Failed password for root from 43.255.190.189 port 35293 ssh2]
Apr 10 02:52:34 ovzhost sshd[1116]: Received disconnect from 43.255.190.189: 11:  [preauth]
Apr 10 02:52:34 ovzhost sshd[1116]: PAM 2 more authentication failures; logname= uid=0 euid=0 tty=ssh ruser= rhost=43.255.190.189  user=root
Apr 10 02:52:34 ovzhost sshd[1118]: message repeated 2 times: [ Failed password for root from 43.255.190.90 port 52377 ssh2]
Apr 10 02:52:34 ovzhost sshd[1118]: Received disconnect from 43.255.190.90: 11:  [preauth]
Apr 10 02:52:34 ovzhost sshd[1118]: PAM 2 more authentication failures; logname= uid=0 euid=0 tty=ssh ruser= rhost=43.255.190.90  user=root
Apr 10 02:52:37 ovzhost sshd[1120]: pam_unix(sshd:auth): authentication failure; logname= uid=0 euid=0 tty=ssh ruser= rhost=43.255.190.189  user=root
Apr 10 02:52:39 ovzhost sshd[1122]: pam_unix(sshd:auth): authentication failure; logname= uid=0 euid=0 tty=ssh ruser= rhost=43.255.190.90  user=root
Apr 10 02:52:39 ovzhost sshd[1120]: Failed password for root from 43.255.190.189 port 50130 ssh2
Apr 10 02:52:41 ovzhost sshd[1122]: Failed password for root from 43.255.190.90 port 38758 ssh2
Apr 10 02:52:44 ovzhost sshd[1120]: message repeated 2 times: [ Failed password for root from 43.255.190.189 port 50130 ssh2]
Apr 10 02:52:44 ovzhost sshd[1120]: Received disconnect from 43.255.190.189: 11:  [preauth]
Apr 10 02:52:44 ovzhost sshd[1120]: PAM 2 more authentication failures; logname= uid=0 euid=0 tty=ssh ruser= rhost=43.255.190.189  user=root
Apr 10 02:52:46 ovzhost sshd[1124]: pam_unix(sshd:auth): authentication failure; logname= uid=0 euid=0 tty=ssh ruser= rhost=43.255.190.189  user=root
Apr 10 02:52:47 ovzhost sshd[1122]: message repeated 2 times: [ Failed password for root from 43.255.190.90 port 38758 ssh2]
Apr 10 02:52:47 ovzhost sshd[1122]: Received disconnect from 43.255.190.90: 11:  [preauth]
Apr 10 02:52:47 ovzhost sshd[1122]: PAM 2 more authentication failures; logname= uid=0 euid=0 tty=ssh ruser= rhost=43.255.190.90  user=root
Apr 10 02:52:47 ovzhost sshd[1126]: pam_unix(sshd:auth): authentication failure; logname= uid=0 euid=0 tty=ssh ruser= rhost=43.255.190.90  user=root
Apr 10 02:52:48 ovzhost sshd[1124]: Failed password for root from 43.255.190.189 port 33631 ssh2
Apr 10 02:52:49 ovzhost sshd[1126]: Failed password for root from 43.255.190.90 port 54036 ssh2
Apr 10 02:52:51 ovzhost sshd[1124]: message repeated 2 times: [ Failed password for root from 43.255.190.189 port 33631 ssh2]
Apr 10 02:52:52 ovzhost sshd[1124]: Received disconnect from 43.255.190.189: 11:  [preauth]
Apr 10 02:52:52 ovzhost sshd[1124]: PAM 2 more authentication failures; logname= uid=0 euid=0 tty=ssh ruser= rhost=43.255.190.189  user=root
Apr 10 02:52:52 ovzhost sshd[1128]: pam_unix(sshd:auth): authentication failure; logname= uid=0 euid=0 tty=ssh ruser= rhost=43.255.190.189  user=root
Apr 10 02:52:53 ovzhost sshd[1126]: message repeated 2 times: [ Failed password for root from 43.255.190.90 port 54036 ssh2]
Apr 10 02:52:53 ovzhost sshd[1126]: Received disconnect from 43.255.190.90: 11:  [preauth]
Apr 10 02:52:53 ovzhost sshd[1126]: PAM 2 more authentication failures; logname= uid=0 euid=0 tty=ssh ruser= rhost=43.255.190.90  user=root
Apr 10 02:52:54 ovzhost sshd[1130]: pam_unix(sshd:auth): authentication failure; logname= uid=0 euid=0 tty=ssh ruser= rhost=43.255.190.90  user=root
Apr 10 02:52:54 ovzhost sshd[1128]: Failed password for root from 43.255.190.189 port 47677 ssh2
Apr 10 02:52:55 ovzhost sshd[1130]: Failed password for root from 43.255.190.90 port 40441 ssh2
Apr 10 02:52:58 ovzhost sshd[1128]: message repeated 2 times: [ Failed password for root from 43.255.190.189 port 47677 ssh2]
Apr 10 02:52:58 ovzhost sshd[1128]: Received disconnect from 43.255.190.189: 11:  [preauth]
Apr 10 02:52:58 ovzhost sshd[1128]: PAM 2 more authentication failures; logname= uid=0 euid=0 tty=ssh ruser= rhost=43.255.190.189  user=root
Apr 10 02:52:59 ovzhost sshd[1132]: pam_unix(sshd:auth): authentication failure; logname= uid=0 euid=0 tty=ssh ruser= rhost=43.255.190.189  user=root
Apr 10 02:53:00 ovzhost sshd[1130]: message repeated 2 times: [ Failed password for root from 43.255.190.90 port 40441 ssh2]
Apr 10 02:53:00 ovzhost sshd[1130]: Received disconnect from 43.255.190.90: 11:  [preauth]
Apr 10 02:53:00 ovzhost sshd[1130]: PAM 2 more authentication failures; logname= uid=0 euid=0 tty=ssh ruser= rhost=43.255.190.90  user=root
Apr 10 02:53:00 ovzhost sshd[1134]: pam_unix(sshd:auth): authentication failure; logname= uid=0 euid=0 tty=ssh ruser= rhost=43.255.190.90  user=root
Apr 10 02:53:01 ovzhost sshd[1132]: Failed password for root from 43.255.190.189 port 34023 ssh2
Apr 10 02:53:02 ovzhost sshd[1134]: Failed password for root from 43.255.190.90 port 55478 ssh2
Apr 10 02:53:04 ovzhost sshd[1132]: message repeated 2 times: [ Failed password for root from 43.255.190.189 port 34023 ssh2]
Apr 10 02:53:05 ovzhost sshd[1132]: Received disconnect from 43.255.190.189: 11:  [preauth]
Apr 10 02:53:05 ovzhost sshd[1132]: PAM 2 more authentication failures; logname= uid=0 euid=0 tty=ssh ruser= rhost=43.255.190.189  user=root
Apr 10 02:53:05 ovzhost sshd[1137]: pam_unix(sshd:auth): authentication failure; logname= uid=0 euid=0 tty=ssh ruser= rhost=43.255.190.189  user=root
Apr 10 02:53:07 ovzhost sshd[1137]: Failed password for root from 43.255.190.189 port 48341 ssh2
Apr 10 02:53:07 ovzhost sshd[1134]: message repeated 2 times: [ Failed password for root from 43.255.190.90 port 55478 ssh2]
Apr 10 02:53:07 ovzhost sshd[1134]: Received disconnect from 43.255.190.90: 11:  [preauth]
Apr 10 02:53:07 ovzhost sshd[1134]: PAM 2 more authentication failures; logname= uid=0 euid=0 tty=ssh ruser= rhost=43.255.190.90  user=root
Apr 10 02:53:07 ovzhost sshd[1139]: pam_unix(sshd:auth): authentication failure; logname= uid=0 euid=0 tty=ssh ruser= rhost=43.255.190.90  user=root
Apr 10 02:53:10 ovzhost sshd[1139]: Failed password for root from 43.255.190.90 port 43910 ssh2
Apr 10 02:53:11 ovzhost sshd[1137]: message repeated 2 times: [ Failed password for root from 43.255.190.189 port 48341 ssh2]
Apr 10 02:53:11 ovzhost sshd[1137]: Received disconnect from 43.255.190.189: 11:  [preauth]
Apr 10 02:53:11 ovzhost sshd[1137]: PAM 2 more authentication failures; logname= uid=0 euid=0 tty=ssh ruser= rhost=43.255.190.189  user=root
Apr 10 02:53:12 ovzhost sshd[1141]: pam_unix(sshd:auth): authentication failure; logname= uid=0 euid=0 tty=ssh ruser= rhost=43.255.190.189  user=root
Apr 10 02:53:13 ovzhost sshd[1139]: message repeated 2 times: [ Failed password for root from 43.255.190.90 port 43910 ssh2]
Apr 10 02:53:14 ovzhost sshd[1139]: Received disconnect from 43.255.190.90: 11:  [preauth]
Apr 10 02:53:14 ovzhost sshd[1139]: PAM 2 more authentication failures; logname= uid=0 euid=0 tty=ssh ruser= rhost=43.255.190.90  user=root
Apr 10 02:53:14 ovzhost sshd[1141]: Failed password for root from 43.255.190.189 port 34427 ssh2
Apr 10 02:53:14 ovzhost sshd[1145]: pam_unix(sshd:auth): authentication failure; logname= uid=0 euid=0 tty=ssh ruser= rhost=43.255.190.90  user=root
Apr 10 02:53:16 ovzhost sshd[1145]: Failed password for root from 43.255.190.90 port 58026 ssh2
Apr 10 02:53:18 ovzhost sshd[1141]: message repeated 2 times: [ Failed password for root from 43.255.190.189 port 34427 ssh2]
Apr 10 02:53:18 ovzhost sshd[1141]: Received disconnect from 43.255.190.189: 11:  [preauth]
Apr 10 02:53:18 ovzhost sshd[1141]: PAM 2 more authentication failures; logname= uid=0 euid=0 tty=ssh ruser= rhost=43.255.190.189  user=root
Apr 10 02:53:19 ovzhost sshd[1147]: pam_unix(sshd:auth): authentication failure; logname= uid=0 euid=0 tty=ssh ruser= rhost=43.255.190.189  user=root
Apr 10 02:53:21 ovzhost sshd[1145]: message repeated 2 times: [ Failed password for root from 43.255.190.90 port 58026 ssh2]
Apr 10 02:53:21 ovzhost sshd[1145]: Received disconnect from 43.255.190.90: 11:  [preauth]
Apr 10 02:53:21 ovzhost sshd[1145]: PAM 2 more authentication failures; logname= uid=0 euid=0 tty=ssh ruser= rhost=43.255.190.90  user=root
Apr 10 02:53:21 ovzhost sshd[1147]: Failed password for root from 43.255.190.189 port 51729 ssh2
Apr 10 02:53:22 ovzhost sshd[1149]: pam_unix(sshd:auth): authentication failure; logname= uid=0 euid=0 tty=ssh ruser= rhost=43.255.190.90  user=root
Apr 10 02:53:23 ovzhost sshd[1149]: Failed password for root from 43.255.190.90 port 45145 ssh2
Apr 10 02:53:25 ovzhost sshd[1147]: message repeated 2 times: [ Failed password for root from 43.255.190.189 port 51729 ssh2]
Apr 10 02:53:25 ovzhost sshd[1147]: Received disconnect from 43.255.190.189: 11:  [preauth]
Apr 10 02:53:25 ovzhost sshd[1147]: PAM 2 more authentication failures; logname= uid=0 euid=0 tty=ssh ruser= rhost=43.255.190.189  user=root
Apr 10 02:53:26 ovzhost sshd[1151]: pam_unix(sshd:auth): authentication failure; logname= uid=0 euid=0 tty=ssh ruser= rhost=43.255.190.189  user=root
Apr 10 02:53:26 ovzhost sshd[1154]: Connection closed by 127.0.0.1 [preauth]
Apr 10 02:53:27 ovzhost sshd[1149]: message repeated 2 times: [ Failed password for root from 43.255.190.90 port 45145 ssh2]
Apr 10 02:53:27 ovzhost sshd[1149]: Received disconnect from 43.255.190.90: 11:  [preauth]
Apr 10 02:53:27 ovzhost sshd[1149]: PAM 2 more authentication failures; logname= uid=0 euid=0 tty=ssh ruser= rhost=43.255.190.90  user=root
Apr 10 02:53:27 ovzhost sshd[1156]: pam_unix(sshd:auth): authentication failure; logname= uid=0 euid=0 tty=ssh ruser= rhost=43.255.190.90  user=root
Apr 10 02:53:28 ovzhost sshd[1151]: Failed password for root from 43.255.190.189 port 39218 ssh2
Apr 10 02:53:30 ovzhost sshd[1156]: Failed password for root from 43.255.190.90 port 58781 ssh2
Apr 10 02:53:33 ovzhost sshd[1151]: message repeated 2 times: [ Failed password for root from 43.255.190.189 port 39218 ssh2]
Apr 10 02:53:33 ovzhost sshd[1151]: Received disconnect from 43.255.190.189: 11:  [preauth]
Apr 10 02:53:33 ovzhost sshd[1151]: PAM 2 more authentication failures; logname= uid=0 euid=0 tty=ssh ruser= rhost=43.255.190.189  user=root
Apr 10 02:53:34 ovzhost sshd[1156]: message repeated 2 times: [ Failed password for root from 43.255.190.90 port 58781 ssh2]
Apr 10 02:53:34 ovzhost sshd[1156]: Received disconnect from 43.255.190.90: 11:  [preauth]
Apr 10 02:53:34 ovzhost sshd[1156]: PAM 2 more authentication failures; logname= uid=0 euid=0 tty=ssh ruser= rhost=43.255.190.90  user=root
Apr 10 02:53:34 ovzhost sshd[1158]: pam_unix(sshd:auth): authentication failure; logname= uid=0 euid=0 tty=ssh ruser= rhost=43.255.190.90  user=root
Apr 10 02:53:37 ovzhost sshd[1158]: Failed password for root from 43.255.190.90 port 46954 ssh2
Apr 10 02:53:41 ovzhost sshd[1158]: message repeated 2 times: [ Failed password for root from 43.255.190.90 port 46954 ssh2]
Apr 10 02:53:41 ovzhost sshd[1158]: Received disconnect from 43.255.190.90: 11:  [preauth]
Apr 10 02:53:41 ovzhost sshd[1158]: PAM 2 more authentication failures; logname= uid=0 euid=0 tty=ssh ruser= rhost=43.255.190.90  user=root
Apr 10 02:53:42 ovzhost sshd[1160]: pam_unix(sshd:auth): authentication failure; logname= uid=0 euid=0 tty=ssh ruser= rhost=43.255.190.90  user=root
Apr 10 02:53:44 ovzhost sshd[1160]: Failed password for root from 43.255.190.90 port 36113 ssh2
Apr 10 02:53:48 ovzhost sshd[1160]: message repeated 2 times: [ Failed password for root from 43.255.190.90 port 36113 ssh2]
Apr 10 02:53:48 ovzhost sshd[1160]: Received disconnect from 43.255.190.90: 11:  [preauth]
Apr 10 02:53:48 ovzhost sshd[1160]: PAM 2 more authentication failures; logname= uid=0 euid=0 tty=ssh ruser= rhost=43.255.190.90  user=root
Apr 10 02:53:49 ovzhost sshd[1162]: pam_unix(sshd:auth): authentication failure; logname= uid=0 euid=0 tty=ssh ruser= rhost=43.255.190.90  user=root
Apr 10 02:53:51 ovzhost sshd[1162]: Failed password for root from 43.255.190.90 port 50855 ssh2
Apr 10 02:53:55 ovzhost sshd[1162]: message repeated 2 times: [ Failed password for root from 43.255.190.90 port 50855 ssh2]
Apr 10 02:53:55 ovzhost sshd[1162]: Received disconnect from 43.255.190.90: 11:  [preauth]
Apr 10 02:53:55 ovzhost sshd[1162]: PAM 2 more authentication failures; logname= uid=0 euid=0 tty=ssh ruser= rhost=43.255.190.90  user=root
Apr 10 02:53:56 ovzhost sshd[1165]: pam_unix(sshd:auth): authentication failure; logname= uid=0 euid=0 tty=ssh ruser= rhost=43.255.190.90  user=root
Apr 10 02:53:58 ovzhost sshd[1165]: Failed password for root from 43.255.190.90 port 37201 ssh2
Apr 10 02:54:02 ovzhost sshd[1165]: message repeated 2 times: [ Failed password for root from 43.255.190.90 port 37201 ssh2]
Apr 10 02:54:02 ovzhost sshd[1165]: Received disconnect from 43.255.190.90: 11:  [preauth]
Apr 10 02:54:02 ovzhost sshd[1165]: PAM 2 more authentication failures; logname= uid=0 euid=0 tty=ssh ruser= rhost=43.255.190.90  user=root
Apr 10 02:54:03 ovzhost sshd[1167]: pam_unix(sshd:auth): authentication failure; logname= uid=0 euid=0 tty=ssh ruser= rhost=43.255.190.90  user=root
Apr 10 02:54:05 ovzhost sshd[1167]: Failed password for root from 43.255.190.90 port 53114 ssh2
Apr 10 02:54:09 ovzhost sshd[1167]: message repeated 2 times: [ Failed password for root from 43.255.190.90 port 53114 ssh2]
Apr 10 02:54:09 ovzhost sshd[1167]: Received disconnect from 43.255.190.90: 11:  [preauth]
Apr 10 02:54:09 ovzhost sshd[1167]: PAM 2 more authentication failures; logname= uid=0 euid=0 tty=ssh ruser= rhost=43.255.190.90  user=root
Apr 10 02:54:09 ovzhost sshd[1171]: pam_unix(sshd:auth): authentication failure; logname= uid=0 euid=0 tty=ssh ruser= rhost=43.255.190.90  user=root
Apr 10 02:54:12 ovzhost sshd[1171]: Failed password for root from 43.255.190.90 port 40048 ssh2
Apr 10 02:54:16 ovzhost sshd[1171]: message repeated 2 times: [ Failed password for root from 43.255.190.90 port 40048 ssh2]
Apr 10 02:54:16 ovzhost sshd[1171]: Received disconnect from 43.255.190.90: 11:  [preauth]
Apr 10 02:54:16 ovzhost sshd[1171]: PAM 2 more authentication failures; logname= uid=0 euid=0 tty=ssh ruser= rhost=43.255.190.90  user=root
Apr 10 02:54:16 ovzhost sshd[1173]: pam_unix(sshd:auth): authentication failure; logname= uid=0 euid=0 tty=ssh ruser= rhost=43.255.190.90  user=root
Apr 10 02:54:19 ovzhost sshd[1173]: Failed password for root from 43.255.190.90 port 55696 ssh2
Apr 10 02:54:23 ovzhost sshd[1173]: message repeated 2 times: [ Failed password for root from 43.255.190.90 port 55696 ssh2]
Apr 10 02:54:23 ovzhost sshd[1173]: Received disconnect from 43.255.190.90: 11:  [preauth]
Apr 10 02:54:23 ovzhost sshd[1173]: PAM 2 more authentication failures; logname= uid=0 euid=0 tty=ssh ruser= rhost=43.255.190.90  user=root
Apr 10 02:54:24 ovzhost sshd[1175]: pam_unix(sshd:auth): authentication failure; logname= uid=0 euid=0 tty=ssh ruser= rhost=43.255.190.90  user=root
Apr 10 02:54:26 ovzhost sshd[1175]: Failed password for root from 43.255.190.90 port 44442 ssh2
Apr 10 02:54:30 ovzhost sshd[1175]: message repeated 2 times: [ Failed password for root from 43.255.190.90 port 44442 ssh2]
Apr 10 02:54:31 ovzhost sshd[1175]: Received disconnect from 43.255.190.90: 11:  [preauth]
Apr 10 02:54:31 ovzhost sshd[1175]: PAM 2 more authentication failures; logname= uid=0 euid=0 tty=ssh ruser= rhost=43.255.190.90  user=root
Apr 10 02:54:31 ovzhost sshd[1177]: pam_unix(sshd:auth): authentication failure; logname= uid=0 euid=0 tty=ssh ruser= rhost=43.255.190.90  user=root
Apr 10 02:54:33 ovzhost sshd[1177]: Failed password for root from 43.255.190.90 port 33143 ssh2
Apr 10 02:54:38 ovzhost sshd[1177]: message repeated 2 times: [ Failed password for root from 43.255.190.90 port 33143 ssh2]
Apr 10 02:54:38 ovzhost sshd[1177]: Received disconnect from 43.255.190.90: 11:  [preauth]
Apr 10 02:54:38 ovzhost sshd[1177]: PAM 2 more authentication failures; logname= uid=0 euid=0 tty=ssh ruser= rhost=43.255.190.90  user=root
Apr 10 02:54:38 ovzhost sshd[1179]: pam_unix(sshd:auth): authentication failure; logname= uid=0 euid=0 tty=ssh ruser= rhost=43.255.190.90  user=root
Apr 10 02:54:40 ovzhost sshd[1179]: Failed password for root from 43.255.190.90 port 49327 ssh2
Apr 10 02:54:45 ovzhost sshd[1179]: message repeated 2 times: [ Failed password for root from 43.255.190.90 port 49327 ssh2]
Apr 10 02:54:45 ovzhost sshd[1179]: Received disconnect from 43.255.190.90: 11:  [preauth]
Apr 10 02:54:45 ovzhost sshd[1179]: PAM 2 more authentication failures; logname= uid=0 euid=0 tty=ssh ruser= rhost=43.255.190.90  user=root
Apr 10 02:54:46 ovzhost sshd[1181]: pam_unix(sshd:auth): authentication failure; logname= uid=0 euid=0 tty=ssh ruser= rhost=43.255.190.90  user=root
Apr 10 02:54:48 ovzhost sshd[1181]: Failed password for root from 43.255.190.90 port 36867 ssh2
Apr 10 02:54:53 ovzhost sshd[1181]: message repeated 2 times: [ Failed password for root from 43.255.190.90 port 36867 ssh2]
Apr 10 02:54:53 ovzhost sshd[1181]: Received disconnect from 43.255.190.90: 11:  [preauth]
Apr 10 02:54:53 ovzhost sshd[1181]: PAM 2 more authentication failures; logname= uid=0 euid=0 tty=ssh ruser= rhost=43.255.190.90  user=root
Apr 10 02:54:54 ovzhost sshd[1183]: pam_unix(sshd:auth): authentication failure; logname= uid=0 euid=0 tty=ssh ruser= rhost=43.255.190.90  user=root
Apr 10 02:54:55 ovzhost sshd[1183]: Failed password for root from 43.255.190.90 port 54848 ssh2
Apr 10 02:55:00 ovzhost sshd[1183]: message repeated 2 times: [ Failed password for root from 43.255.190.90 port 54848 ssh2]
Apr 10 02:55:00 ovzhost sshd[1183]: Received disconnect from 43.255.190.90: 11:  [preauth]
Apr 10 02:55:00 ovzhost sshd[1183]: PAM 2 more authentication failures; logname= uid=0 euid=0 tty=ssh ruser= rhost=43.255.190.90  user=root
Apr 10 02:55:00 ovzhost sshd[1185]: pam_unix(sshd:auth): authentication failure; logname= uid=0 euid=0 tty=ssh ruser= rhost=43.255.190.90  user=root
Apr 10 02:55:02 ovzhost sshd[1185]: Failed password for root from 43.255.190.90 port 41500 ssh2
Apr 10 02:55:07 ovzhost sshd[1185]: message repeated 2 times: [ Failed password for root from 43.255.190.90 port 41500 ssh2]
Apr 10 02:55:07 ovzhost sshd[1185]: Received disconnect from 43.255.190.90: 11:  [preauth]
Apr 10 02:55:07 ovzhost sshd[1185]: PAM 2 more authentication failures; logname= uid=0 euid=0 tty=ssh ruser= rhost=43.255.190.90  user=root
Apr 10 02:55:08 ovzhost sshd[1190]: pam_unix(sshd:auth): authentication failure; logname= uid=0 euid=0 tty=ssh ruser= rhost=43.255.190.90  user=root
Apr 10 02:55:10 ovzhost sshd[1190]: Failed password for root from 43.255.190.90 port 58894 ssh2
Apr 10 02:55:14 ovzhost sshd[1190]: message repeated 2 times: [ Failed password for root from 43.255.190.90 port 58894 ssh2]
Apr 10 02:55:15 ovzhost sshd[1190]: Received disconnect from 43.255.190.90: 11:  [preauth]
Apr 10 02:55:15 ovzhost sshd[1190]: PAM 2 more authentication failures; logname= uid=0 euid=0 tty=ssh ruser= rhost=43.255.190.90  user=root
Apr 10 02:58:26 ovzhost sshd[1204]: Connection closed by 127.0.0.1 [preauth]
Apr 10 03:00:01 ovzhost CRON[1212]: pam_env(cron:session): Unable to open env file: /etc/default/locale: No such file or directory
Apr 10 03:00:01 ovzhost CRON[1212]: pam_unix(cron:session): session opened for user smmsp by (uid=0)
Apr 10 03:00:01 ovzhost CRON[1212]: pam_unix(cron:session): session closed for user smmsp
Apr 10 03:00:36 ovzhost sshd[1242]: Connection closed by 128.8.37.104 [preauth]
Apr 10 03:03:26 ovzhost sshd[1257]: Connection closed by 127.0.0.1 [preauth]
Apr 10 03:03:27 ovzhost sshd[1254]: Invalid user teamspeak3 from 221.146.74.146
Apr 10 03:03:27 ovzhost sshd[1254]: input_userauth_request: invalid user teamspeak3 [preauth]
Apr 10 03:03:27 ovzhost sshd[1254]: pam_unix(sshd:auth): check pass; user unknown
Apr 10 03:03:27 ovzhost sshd[1254]: pam_unix(sshd:auth): authentication failure; logname= uid=0 euid=0 tty=ssh ruser= rhost=221.146.74.146 
Apr 10 03:03:28 ovzhost sshd[1254]: Failed password for invalid user teamspeak3 from 221.146.74.146 port 50769 ssh2
Apr 10 03:03:29 ovzhost sshd[1254]: Connection closed by 221.146.74.146 [preauth]
Apr 10 03:05:22 ovzhost sshd[1265]: pam_unix(sshd:auth): authentication failure; logname= uid=0 euid=0 tty=ssh ruser= rhost=43.255.190.179  user=root
Apr 10 03:05:24 ovzhost sshd[1265]: Failed password for root from 43.255.190.179 port 54005 ssh2
Apr 10 03:05:28 ovzhost sshd[1265]: message repeated 2 times: [ Failed password for root from 43.255.190.179 port 54005 ssh2]
Apr 10 03:05:28 ovzhost sshd[1265]: Received disconnect from 43.255.190.179: 11:  [preauth]
Apr 10 03:05:28 ovzhost sshd[1265]: PAM 2 more authentication failures; logname= uid=0 euid=0 tty=ssh ruser= rhost=43.255.190.179  user=root
Apr 10 03:05:29 ovzhost sshd[1267]: pam_unix(sshd:auth): authentication failure; logname= uid=0 euid=0 tty=ssh ruser= rhost=43.255.190.179  user=root
Apr 10 03:05:31 ovzhost sshd[1267]: Failed password for root from 43.255.190.179 port 40986 ssh2
Apr 10 03:05:35 ovzhost sshd[1267]: message repeated 2 times: [ Failed password for root from 43.255.190.179 port 40986 ssh2]
Apr 10 03:05:35 ovzhost sshd[1267]: Received disconnect from 43.255.190.179: 11:  [preauth]
Apr 10 03:05:35 ovzhost sshd[1267]: PAM 2 more authentication failures; logname= uid=0 euid=0 tty=ssh ruser= rhost=43.255.190.179  user=root
Apr 10 03:05:36 ovzhost sshd[1269]: pam_unix(sshd:auth): authentication failure; logname= uid=0 euid=0 tty=ssh ruser= rhost=43.255.190.179  user=root
Apr 10 03:05:38 ovzhost sshd[1269]: Failed password for root from 43.255.190.179 port 57763 ssh2
Apr 10 03:05:42 ovzhost sshd[1269]: message repeated 2 times: [ Failed password for root from 43.255.190.179 port 57763 ssh2]
Apr 10 03:05:42 ovzhost sshd[1269]: Received disconnect from 43.255.190.179: 11:  [preauth]
Apr 10 03:05:42 ovzhost sshd[1269]: PAM 2 more authentication failures; logname= uid=0 euid=0 tty=ssh ruser= rhost=43.255.190.179  user=root
Apr 10 03:05:43 ovzhost sshd[1271]: pam_unix(sshd:auth): authentication failure; logname= uid=0 euid=0 tty=ssh ruser= rhost=43.255.190.179  user=root
Apr 10 03:05:45 ovzhost sshd[1271]: Failed password for root from 43.255.190.179 port 45760 ssh2
Apr 10 03:05:49 ovzhost sshd[1271]: message repeated 2 times: [ Failed password for root from 43.255.190.179 port 45760 ssh2]
Apr 10 03:05:49 ovzhost sshd[1271]: Received disconnect from 43.255.190.179: 11:  [preauth]
Apr 10 03:05:49 ovzhost sshd[1271]: PAM 2 more authentication failures; logname= uid=0 euid=0 tty=ssh ruser= rhost=43.255.190.179  user=root
Apr 10 03:05:50 ovzhost sshd[1273]: pam_unix(sshd:auth): authentication failure; logname= uid=0 euid=0 tty=ssh ruser= rhost=43.255.190.179  user=root
Apr 10 03:05:52 ovzhost sshd[1273]: Failed password for root from 43.255.190.179 port 33258 ssh2
Apr 10 03:05:56 ovzhost sshd[1273]: message repeated 2 times: [ Failed password for root from 43.255.190.179 port 33258 ssh2]
Apr 10 03:05:56 ovzhost sshd[1273]: Received disconnect from 43.255.190.179: 11:  [preauth]
Apr 10 03:05:56 ovzhost sshd[1273]: PAM 2 more authentication failures; logname= uid=0 euid=0 tty=ssh ruser= rhost=43.255.190.179  user=root
Apr 10 03:05:57 ovzhost sshd[1275]: pam_unix(sshd:auth): authentication failure; logname= uid=0 euid=0 tty=ssh ruser= rhost=43.255.190.179  user=root
Apr 10 03:05:59 ovzhost sshd[1275]: Failed password for root from 43.255.190.179 port 47491 ssh2
Apr 10 03:06:03 ovzhost sshd[1275]: message repeated 2 times: [ Failed password for root from 43.255.190.179 port 47491 ssh2]
Apr 10 03:06:03 ovzhost sshd[1275]: Received disconnect from 43.255.190.179: 11:  [preauth]
Apr 10 03:06:03 ovzhost sshd[1275]: PAM 2 more authentication failures; logname= uid=0 euid=0 tty=ssh ruser= rhost=43.255.190.179  user=root
Apr 10 03:06:04 ovzhost sshd[1277]: pam_unix(sshd:auth): authentication failure; logname= uid=0 euid=0 tty=ssh ruser= rhost=43.255.190.179  user=root
Apr 10 03:06:06 ovzhost sshd[1277]: Failed password for root from 43.255.190.179 port 34618 ssh2
Apr 10 03:06:10 ovzhost sshd[1277]: message repeated 2 times: [ Failed password for root from 43.255.190.179 port 34618 ssh2]
Apr 10 03:06:10 ovzhost sshd[1277]: Received disconnect from 43.255.190.179: 11:  [preauth]
Apr 10 03:06:10 ovzhost sshd[1277]: PAM 2 more authentication failures; logname= uid=0 euid=0 tty=ssh ruser= rhost=43.255.190.179  user=root
Apr 10 03:06:11 ovzhost sshd[1281]: pam_unix(sshd:auth): authentication failure; logname= uid=0 euid=0 tty=ssh ruser= rhost=43.255.190.179  user=root
Apr 10 03:06:13 ovzhost sshd[1281]: Failed password for root from 43.255.190.179 port 49886 ssh2
Apr 10 03:06:17 ovzhost sshd[1281]: message repeated 2 times: [ Failed password for root from 43.255.190.179 port 49886 ssh2]
Apr 10 03:06:17 ovzhost sshd[1281]: Received disconnect from 43.255.190.179: 11:  [preauth]
Apr 10 03:06:17 ovzhost sshd[1281]: PAM 2 more authentication failures; logname= uid=0 euid=0 tty=ssh ruser= rhost=43.255.190.179  user=root
Apr 10 03:06:18 ovzhost sshd[1283]: pam_unix(sshd:auth): authentication failure; logname= uid=0 euid=0 tty=ssh ruser= rhost=43.255.190.179  user=root
Apr 10 03:06:20 ovzhost sshd[1283]: Failed password for root from 43.255.190.179 port 36298 ssh2
Apr 10 03:06:24 ovzhost sshd[1283]: message repeated 2 times: [ Failed password for root from 43.255.190.179 port 36298 ssh2]
Apr 10 03:06:24 ovzhost sshd[1283]: Received disconnect from 43.255.190.179: 11:  [preauth]
Apr 10 03:06:24 ovzhost sshd[1283]: PAM 2 more authentication failures; logname= uid=0 euid=0 tty=ssh ruser= rhost=43.255.190.179  user=root
Apr 10 03:06:25 ovzhost sshd[1285]: pam_unix(sshd:auth): authentication failure; logname= uid=0 euid=0 tty=ssh ruser= rhost=43.255.190.179  user=root
Apr 10 03:06:26 ovzhost sshd[1285]: Failed password for root from 43.255.190.179 port 50634 ssh2
Apr 10 03:06:31 ovzhost sshd[1285]: message repeated 2 times: [ Failed password for root from 43.255.190.179 port 50634 ssh2]
Apr 10 03:06:31 ovzhost sshd[1285]: Received disconnect from 43.255.190.179: 11:  [preauth]
Apr 10 03:06:31 ovzhost sshd[1285]: PAM 2 more authentication failures; logname= uid=0 euid=0 tty=ssh ruser= rhost=43.255.190.179  user=root
Apr 10 03:06:31 ovzhost sshd[1287]: pam_unix(sshd:auth): authentication failure; logname= uid=0 euid=0 tty=ssh ruser= rhost=43.255.190.179  user=root
Apr 10 03:06:33 ovzhost sshd[1287]: Failed password for root from 43.255.190.179 port 37066 ssh2
Apr 10 03:06:38 ovzhost sshd[1287]: message repeated 2 times: [ Failed password for root from 43.255.190.179 port 37066 ssh2]
Apr 10 03:06:38 ovzhost sshd[1287]: Received disconnect from 43.255.190.179: 11:  [preauth]
Apr 10 03:06:38 ovzhost sshd[1287]: PAM 2 more authentication failures; logname= uid=0 euid=0 tty=ssh ruser= rhost=43.255.190.179  user=root
Apr 10 03:06:38 ovzhost sshd[1291]: pam_unix(sshd:auth): authentication failure; logname= uid=0 euid=0 tty=ssh ruser= rhost=43.255.190.179  user=root
Apr 10 03:06:41 ovzhost sshd[1291]: Failed password for root from 43.255.190.179 port 52282 ssh2
Apr 10 03:06:45 ovzhost sshd[1291]: message repeated 2 times: [ Failed password for root from 43.255.190.179 port 52282 ssh2]
Apr 10 03:06:45 ovzhost sshd[1291]: Received disconnect from 43.255.190.179: 11:  [preauth]
Apr 10 03:06:45 ovzhost sshd[1291]: PAM 2 more authentication failures; logname= uid=0 euid=0 tty=ssh ruser= rhost=43.255.190.179  user=root
Apr 10 03:06:45 ovzhost sshd[1293]: pam_unix(sshd:auth): authentication failure; logname= uid=0 euid=0 tty=ssh ruser= rhost=43.255.190.179  user=root
Apr 10 03:06:47 ovzhost sshd[1293]: Failed password for root from 43.255.190.179 port 39082 ssh2
Apr 10 03:06:51 ovzhost sshd[1293]: message repeated 2 times: [ Failed password for root from 43.255.190.179 port 39082 ssh2]
Apr 10 03:06:51 ovzhost sshd[1293]: Received disconnect from 43.255.190.179: 11:  [preauth]
Apr 10 03:06:51 ovzhost sshd[1293]: PAM 2 more authentication failures; logname= uid=0 euid=0 tty=ssh ruser= rhost=43.255.190.179  user=root
Apr 10 03:06:52 ovzhost sshd[1295]: pam_unix(sshd:auth): authentication failure; logname= uid=0 euid=0 tty=ssh ruser= rhost=43.255.190.179  user=root
Apr 10 03:06:54 ovzhost sshd[1295]: Failed password for root from 43.255.190.179 port 53157 ssh2
Apr 10 03:06:59 ovzhost sshd[1295]: message repeated 2 times: [ Failed password for root from 43.255.190.179 port 53157 ssh2]
Apr 10 03:06:59 ovzhost sshd[1295]: Received disconnect from 43.255.190.179: 11:  [preauth]
Apr 10 03:06:59 ovzhost sshd[1295]: PAM 2 more authentication failures; logname= uid=0 euid=0 tty=ssh ruser= rhost=43.255.190.179  user=root
Apr 10 03:06:59 ovzhost sshd[1297]: pam_unix(sshd:auth): authentication failure; logname= uid=0 euid=0 tty=ssh ruser= rhost=43.255.190.179  user=root
Apr 10 03:07:01 ovzhost sshd[1297]: Failed password for root from 43.255.190.179 port 40073 ssh2
Apr 10 03:07:06 ovzhost sshd[1297]: message repeated 2 times: [ Failed password for root from 43.255.190.179 port 40073 ssh2]
Apr 10 03:07:06 ovzhost sshd[1297]: Received disconnect from 43.255.190.179: 11:  [preauth]
Apr 10 03:07:06 ovzhost sshd[1297]: PAM 2 more authentication failures; logname= uid=0 euid=0 tty=ssh ruser= rhost=43.255.190.179  user=root
Apr 10 03:07:07 ovzhost sshd[1300]: pam_unix(sshd:auth): authentication failure; logname= uid=0 euid=0 tty=ssh ruser= rhost=43.255.190.179  user=root
Apr 10 03:07:08 ovzhost sshd[1300]: Failed password for root from 43.255.190.179 port 54826 ssh2
Apr 10 03:07:13 ovzhost sshd[1300]: message repeated 2 times: [ Failed password for root from 43.255.190.179 port 54826 ssh2]
Apr 10 03:07:13 ovzhost sshd[1300]: Received disconnect from 43.255.190.179: 11:  [preauth]
Apr 10 03:07:13 ovzhost sshd[1300]: PAM 2 more authentication failures; logname= uid=0 euid=0 tty=ssh ruser= rhost=43.255.190.179  user=root
