Mar 31 17:16:56 ovzhost sudo:     root : unable to resolve host ovzhost
Mar 31 17:16:56 ovzhost sudo:     root : TTY=pts/0 ; PWD=/ ; USER=root ; COMMAND=/usr/bin/less /root/.bash_history
Mar 31 17:16:56 ovzhost sudo: pam_unix(sudo:session): session opened for user root by (uid=0)
Mar 31 17:16:57 ovzhost sudo: pam_unix(sudo:session): session closed for user root
Apr  2 14:31:13 ovzhost sshd[419]: Server listening on 0.0.0.0 port 22.
Apr  2 14:31:13 ovzhost sshd[419]: Server listening on :: port 22.
Apr  2 14:31:13 ovzhost saslauthd[637]: detach_tty      : master pid is: 637
Apr  2 14:31:13 ovzhost saslauthd[637]: ipc_init        : listening on socket: /var/run/saslauthd/mux
Apr  2 14:33:26 ovzhost sshd[797]: Connection closed by 127.0.0.1 [preauth]
Apr 12 04:35:50 ovzhost sshd[780]: Connection closed by 127.0.0.1 [preauth]
Apr 12 04:39:01 ovzhost CRON[795]: pam_env(cron:session): Unable to open env file: /etc/default/locale: No such file or directory
Apr 12 04:39:01 ovzhost CRON[795]: pam_unix(cron:session): session opened for user root by (uid=0)
Apr 12 04:39:01 ovzhost CRON[795]: pam_unix(cron:session): session closed for user root
Apr 12 04:40:01 ovzhost CRON[810]: pam_env(cron:session): Unable to open env file: /etc/default/locale: No such file or directory
Apr 12 04:40:01 ovzhost CRON[810]: pam_unix(cron:session): session opened for user smmsp by (uid=0)
Apr 12 04:40:01 ovzhost CRON[810]: pam_unix(cron:session): session closed for user smmsp
Apr 12 04:40:26 ovzhost sshd[836]: Connection closed by 128.8.37.104 [preauth]
Apr 12 04:40:50 ovzhost sshd[842]: Connection closed by 127.0.0.1 [preauth]
Apr 12 04:45:50 ovzhost sshd[861]: Connection closed by 127.0.0.1 [preauth]
Apr 12 04:50:26 ovzhost sshd[881]: Connection closed by 128.8.37.104 [preauth]
Apr 12 04:50:50 ovzhost sshd[887]: Connection closed by 127.0.0.1 [preauth]
Apr 12 04:55:50 ovzhost sshd[904]: Connection closed by 127.0.0.1 [preauth]
Apr 12 05:00:01 ovzhost CRON[925]: pam_env(cron:session): Unable to open env file: /etc/default/locale: No such file or directory
Apr 12 05:00:01 ovzhost CRON[925]: pam_unix(cron:session): session opened for user smmsp by (uid=0)
Apr 12 05:00:01 ovzhost CRON[925]: pam_unix(cron:session): session closed for user smmsp
Apr 12 05:00:07 ovzhost sshd[951]: pam_unix(sshd:auth): authentication failure; logname= uid=0 euid=0 tty=ssh ruser= rhost=43.255.190.126  user=root
Apr 12 05:00:09 ovzhost sshd[951]: Failed password for root from 43.255.190.126 port 41671 ssh2
Apr 12 05:00:13 ovzhost sshd[951]: message repeated 2 times: [ Failed password for root from 43.255.190.126 port 41671 ssh2]
Apr 12 05:00:13 ovzhost sshd[951]: Received disconnect from 43.255.190.126: 11:  [preauth]
Apr 12 05:00:13 ovzhost sshd[951]: PAM 2 more authentication failures; logname= uid=0 euid=0 tty=ssh ruser= rhost=43.255.190.126  user=root
Apr 12 05:00:13 ovzhost sshd[953]: pam_unix(sshd:auth): authentication failure; logname= uid=0 euid=0 tty=ssh ruser= rhost=43.255.190.126  user=root
Apr 12 05:00:14 ovzhost sshd[955]: pam_unix(sshd:auth): authentication failure; logname= uid=0 euid=0 tty=ssh ruser= rhost=43.255.190.126  user=root
Apr 12 05:00:16 ovzhost sshd[953]: Failed password for root from 43.255.190.126 port 58333 ssh2
Apr 12 05:00:16 ovzhost sshd[955]: Failed password for root from 43.255.190.126 port 32911 ssh2
Apr 12 05:00:20 ovzhost sshd[953]: message repeated 2 times: [ Failed password for root from 43.255.190.126 port 58333 ssh2]
Apr 12 05:00:20 ovzhost sshd[953]: Received disconnect from 43.255.190.126: 11:  [preauth]
Apr 12 05:00:20 ovzhost sshd[953]: PAM 2 more authentication failures; logname= uid=0 euid=0 tty=ssh ruser= rhost=43.255.190.126  user=root
Apr 12 05:00:20 ovzhost sshd[955]: message repeated 2 times: [ Failed password for root from 43.255.190.126 port 32911 ssh2]
Apr 12 05:00:20 ovzhost sshd[955]: Received disconnect from 43.255.190.126: 11:  [preauth]
Apr 12 05:00:20 ovzhost sshd[955]: PAM 2 more authentication failures; logname= uid=0 euid=0 tty=ssh ruser= rhost=43.255.190.126  user=root
Apr 12 05:00:21 ovzhost sshd[957]: pam_unix(sshd:auth): authentication failure; logname= uid=0 euid=0 tty=ssh ruser= rhost=43.255.190.126  user=root
Apr 12 05:00:21 ovzhost sshd[959]: pam_unix(sshd:auth): authentication failure; logname= uid=0 euid=0 tty=ssh ruser= rhost=43.255.190.126  user=root
Apr 12 05:00:22 ovzhost sshd[957]: Failed password for root from 43.255.190.126 port 50381 ssh2
Apr 12 05:00:23 ovzhost sshd[959]: Failed password for root from 43.255.190.126 port 51093 ssh2
Apr 12 05:00:26 ovzhost sshd[962]: Connection closed by 128.8.37.104 [preauth]
Apr 12 05:00:26 ovzhost sshd[959]: message repeated 2 times: [ Failed password for root from 43.255.190.126 port 51093 ssh2]
Apr 12 05:00:26 ovzhost sshd[959]: Received disconnect from 43.255.190.126: 11:  [preauth]
Apr 12 05:00:26 ovzhost sshd[959]: PAM 2 more authentication failures; logname= uid=0 euid=0 tty=ssh ruser= rhost=43.255.190.126  user=root
Apr 12 05:00:26 ovzhost sshd[957]: message repeated 2 times: [ Failed password for root from 43.255.190.126 port 50381 ssh2]
Apr 12 05:00:26 ovzhost sshd[957]: Received disconnect from 43.255.190.126: 11:  [preauth]
Apr 12 05:00:26 ovzhost sshd[957]: PAM 2 more authentication failures; logname= uid=0 euid=0 tty=ssh ruser= rhost=43.255.190.126  user=root
Apr 12 05:00:27 ovzhost sshd[965]: pam_unix(sshd:auth): authentication failure; logname= uid=0 euid=0 tty=ssh ruser= rhost=43.255.190.126  user=root
Apr 12 05:00:27 ovzhost sshd[964]: pam_unix(sshd:auth): authentication failure; logname= uid=0 euid=0 tty=ssh ruser= rhost=43.255.190.126  user=root
Apr 12 05:00:29 ovzhost sshd[965]: Failed password for root from 43.255.190.126 port 40561 ssh2
Apr 12 05:00:29 ovzhost sshd[964]: Failed password for root from 43.255.190.126 port 40564 ssh2
Apr 12 05:00:34 ovzhost sshd[965]: message repeated 2 times: [ Failed password for root from 43.255.190.126 port 40561 ssh2]
Apr 12 05:00:34 ovzhost sshd[965]: Received disconnect from 43.255.190.126: 11:  [preauth]
Apr 12 05:00:34 ovzhost sshd[965]: PAM 2 more authentication failures; logname= uid=0 euid=0 tty=ssh ruser= rhost=43.255.190.126  user=root
Apr 12 05:00:34 ovzhost sshd[964]: message repeated 2 times: [ Failed password for root from 43.255.190.126 port 40564 ssh2]
Apr 12 05:00:34 ovzhost sshd[964]: Received disconnect from 43.255.190.126: 11:  [preauth]
Apr 12 05:00:34 ovzhost sshd[964]: PAM 2 more authentication failures; logname= uid=0 euid=0 tty=ssh ruser= rhost=43.255.190.126  user=root
Apr 12 05:00:34 ovzhost sshd[968]: pam_unix(sshd:auth): authentication failure; logname= uid=0 euid=0 tty=ssh ruser= rhost=43.255.190.126  user=root
Apr 12 05:00:34 ovzhost sshd[969]: pam_unix(sshd:auth): authentication failure; logname= uid=0 euid=0 tty=ssh ruser= rhost=43.255.190.126  user=root
Apr 12 05:00:36 ovzhost sshd[968]: Failed password for root from 43.255.190.126 port 35002 ssh2
Apr 12 05:00:36 ovzhost sshd[969]: Failed password for root from 43.255.190.126 port 35007 ssh2
Apr 12 05:00:41 ovzhost sshd[969]: message repeated 2 times: [ Failed password for root from 43.255.190.126 port 35007 ssh2]
Apr 12 05:00:41 ovzhost sshd[969]: Received disconnect from 43.255.190.126: 11:  [preauth]
Apr 12 05:00:41 ovzhost sshd[968]: message repeated 2 times: [ Failed password for root from 43.255.190.126 port 35002 ssh2]
Apr 12 05:00:41 ovzhost sshd[968]: Received disconnect from 43.255.190.126: 11:  [preauth]
Apr 12 05:00:41 ovzhost sshd[968]: PAM 2 more authentication failures; logname= uid=0 euid=0 tty=ssh ruser= rhost=43.255.190.126  user=root
Apr 12 05:00:41 ovzhost sshd[969]: PAM 2 more authentication failures; logname= uid=0 euid=0 tty=ssh ruser= rhost=43.255.190.126  user=root
Apr 12 05:00:41 ovzhost sshd[973]: pam_unix(sshd:auth): authentication failure; logname= uid=0 euid=0 tty=ssh ruser= rhost=43.255.190.126  user=root
Apr 12 05:00:41 ovzhost sshd[972]: pam_unix(sshd:auth): authentication failure; logname= uid=0 euid=0 tty=ssh ruser= rhost=43.255.190.126  user=root
Apr 12 05:00:43 ovzhost sshd[973]: Failed password for root from 43.255.190.126 port 55444 ssh2
Apr 12 05:00:43 ovzhost sshd[972]: Failed password for root from 43.255.190.126 port 55443 ssh2
Apr 12 05:00:47 ovzhost sshd[972]: message repeated 2 times: [ Failed password for root from 43.255.190.126 port 55443 ssh2]
Apr 12 05:00:47 ovzhost sshd[972]: Received disconnect from 43.255.190.126: 11:  [preauth]
Apr 12 05:00:47 ovzhost sshd[972]: PAM 2 more authentication failures; logname= uid=0 euid=0 tty=ssh ruser= rhost=43.255.190.126  user=root
Apr 12 05:00:47 ovzhost sshd[973]: message repeated 2 times: [ Failed password for root from 43.255.190.126 port 55444 ssh2]
Apr 12 05:00:47 ovzhost sshd[973]: Received disconnect from 43.255.190.126: 11:  [preauth]
Apr 12 05:00:47 ovzhost sshd[973]: PAM 2 more authentication failures; logname= uid=0 euid=0 tty=ssh ruser= rhost=43.255.190.126  user=root
Apr 12 05:00:48 ovzhost sshd[978]: pam_unix(sshd:auth): authentication failure; logname= uid=0 euid=0 tty=ssh ruser= rhost=43.255.190.126  user=root
Apr 12 05:00:48 ovzhost sshd[977]: pam_unix(sshd:auth): authentication failure; logname= uid=0 euid=0 tty=ssh ruser= rhost=43.255.190.126  user=root
Apr 12 05:00:50 ovzhost sshd[982]: Connection closed by 127.0.0.1 [preauth]
Apr 12 05:00:50 ovzhost sshd[978]: Failed password for root from 43.255.190.126 port 47039 ssh2
Apr 12 05:00:50 ovzhost sshd[977]: Failed password for root from 43.255.190.126 port 47041 ssh2
Apr 12 05:00:54 ovzhost sshd[978]: message repeated 2 times: [ Failed password for root from 43.255.190.126 port 47039 ssh2]
Apr 12 05:00:54 ovzhost sshd[978]: Received disconnect from 43.255.190.126: 11:  [preauth]
Apr 12 05:00:54 ovzhost sshd[978]: PAM 2 more authentication failures; logname= uid=0 euid=0 tty=ssh ruser= rhost=43.255.190.126  user=root
Apr 12 05:00:54 ovzhost sshd[977]: message repeated 2 times: [ Failed password for root from 43.255.190.126 port 47041 ssh2]
Apr 12 05:00:54 ovzhost sshd[977]: Received disconnect from 43.255.190.126: 11:  [preauth]
Apr 12 05:00:54 ovzhost sshd[977]: PAM 2 more authentication failures; logname= uid=0 euid=0 tty=ssh ruser= rhost=43.255.190.126  user=root
Apr 12 05:00:55 ovzhost sshd[984]: pam_unix(sshd:auth): authentication failure; logname= uid=0 euid=0 tty=ssh ruser= rhost=43.255.190.126  user=root
Apr 12 05:00:55 ovzhost sshd[985]: pam_unix(sshd:auth): authentication failure; logname= uid=0 euid=0 tty=ssh ruser= rhost=43.255.190.126  user=root
Apr 12 05:00:57 ovzhost sshd[984]: Failed password for root from 43.255.190.126 port 39547 ssh2
Apr 12 05:00:57 ovzhost sshd[985]: Failed password for root from 43.255.190.126 port 39564 ssh2
Apr 12 05:01:01 ovzhost sshd[984]: message repeated 2 times: [ Failed password for root from 43.255.190.126 port 39547 ssh2]
Apr 12 05:01:01 ovzhost sshd[984]: Received disconnect from 43.255.190.126: 11:  [preauth]
Apr 12 05:01:01 ovzhost sshd[984]: PAM 2 more authentication failures; logname= uid=0 euid=0 tty=ssh ruser= rhost=43.255.190.126  user=root
Apr 12 05:01:01 ovzhost sshd[985]: message repeated 2 times: [ Failed password for root from 43.255.190.126 port 39564 ssh2]
Apr 12 05:01:01 ovzhost sshd[985]: Received disconnect from 43.255.190.126: 11:  [preauth]
Apr 12 05:01:01 ovzhost sshd[985]: PAM 2 more authentication failures; logname= uid=0 euid=0 tty=ssh ruser= rhost=43.255.190.126  user=root
Apr 12 05:01:01 ovzhost sshd[991]: pam_unix(sshd:auth): authentication failure; logname= uid=0 euid=0 tty=ssh ruser= rhost=43.255.190.126  user=root
Apr 12 05:01:01 ovzhost sshd[990]: pam_unix(sshd:auth): authentication failure; logname= uid=0 euid=0 tty=ssh ruser= rhost=43.255.190.126  user=root
Apr 12 05:01:03 ovzhost sshd[991]: Failed password for root from 43.255.190.126 port 59342 ssh2
Apr 12 05:01:03 ovzhost sshd[990]: Failed password for root from 43.255.190.126 port 59323 ssh2
Apr 12 05:01:07 ovzhost sshd[990]: message repeated 2 times: [ Failed password for root from 43.255.190.126 port 59323 ssh2]
Apr 12 05:01:07 ovzhost sshd[990]: Received disconnect from 43.255.190.126: 11:  [preauth]
Apr 12 05:01:07 ovzhost sshd[990]: PAM 2 more authentication failures; logname= uid=0 euid=0 tty=ssh ruser= rhost=43.255.190.126  user=root
Apr 12 05:01:08 ovzhost sshd[994]: pam_unix(sshd:auth): authentication failure; logname= uid=0 euid=0 tty=ssh ruser= rhost=43.255.190.126  user=root
Apr 12 05:01:08 ovzhost sshd[991]: message repeated 2 times: [ Failed password for root from 43.255.190.126 port 59342 ssh2]
Apr 12 05:01:08 ovzhost sshd[991]: Received disconnect from 43.255.190.126: 11:  [preauth]
Apr 12 05:01:08 ovzhost sshd[991]: PAM 2 more authentication failures; logname= uid=0 euid=0 tty=ssh ruser= rhost=43.255.190.126  user=root
Apr 12 05:01:08 ovzhost sshd[996]: pam_unix(sshd:auth): authentication failure; logname= uid=0 euid=0 tty=ssh ruser= rhost=43.255.190.126  user=root
Apr 12 05:01:09 ovzhost sshd[994]: Failed password for root from 43.255.190.126 port 49898 ssh2
Apr 12 05:01:10 ovzhost sshd[996]: Failed password for root from 43.255.190.126 port 51863 ssh2
Apr 12 05:01:13 ovzhost sshd[994]: message repeated 2 times: [ Failed password for root from 43.255.190.126 port 49898 ssh2]
Apr 12 05:01:13 ovzhost sshd[994]: Received disconnect from 43.255.190.126: 11:  [preauth]
Apr 12 05:01:13 ovzhost sshd[994]: PAM 2 more authentication failures; logname= uid=0 euid=0 tty=ssh ruser= rhost=43.255.190.126  user=root
Apr 12 05:01:13 ovzhost sshd[996]: message repeated 2 times: [ Failed password for root from 43.255.190.126 port 51863 ssh2]
Apr 12 05:01:13 ovzhost sshd[996]: Received disconnect from 43.255.190.126: 11:  [preauth]
Apr 12 05:01:13 ovzhost sshd[996]: PAM 2 more authentication failures; logname= uid=0 euid=0 tty=ssh ruser= rhost=43.255.190.126  user=root
Apr 12 05:01:14 ovzhost sshd[998]: pam_unix(sshd:auth): authentication failure; logname= uid=0 euid=0 tty=ssh ruser= rhost=43.255.190.126  user=root
Apr 12 05:01:14 ovzhost sshd[1000]: pam_unix(sshd:auth): authentication failure; logname= uid=0 euid=0 tty=ssh ruser= rhost=43.255.190.126  user=root
Apr 12 05:01:15 ovzhost sshd[998]: Failed password for root from 43.255.190.126 port 38395 ssh2
Apr 12 05:01:16 ovzhost sshd[1000]: Failed password for root from 43.255.190.126 port 39122 ssh2
Apr 12 05:01:19 ovzhost sshd[1002]: pam_unix(sshd:auth): authentication failure; logname= uid=0 euid=0 tty=ssh ruser= rhost=43.255.190.155  user=root
Apr 12 05:01:19 ovzhost sshd[998]: message repeated 2 times: [ Failed password for root from 43.255.190.126 port 38395 ssh2]
Apr 12 05:01:19 ovzhost sshd[998]: Received disconnect from 43.255.190.126: 11:  [preauth]
Apr 12 05:01:19 ovzhost sshd[998]: PAM 2 more authentication failures; logname= uid=0 euid=0 tty=ssh ruser= rhost=43.255.190.126  user=root
Apr 12 05:01:20 ovzhost sshd[1004]: pam_unix(sshd:auth): authentication failure; logname= uid=0 euid=0 tty=ssh ruser= rhost=43.255.190.126  user=root
Apr 12 05:01:20 ovzhost sshd[1000]: message repeated 2 times: [ Failed password for root from 43.255.190.126 port 39122 ssh2]
Apr 12 05:01:20 ovzhost sshd[1000]: Received disconnect from 43.255.190.126: 11:  [preauth]
Apr 12 05:01:20 ovzhost sshd[1000]: PAM 2 more authentication failures; logname= uid=0 euid=0 tty=ssh ruser= rhost=43.255.190.126  user=root
Apr 12 05:01:20 ovzhost sshd[1006]: pam_unix(sshd:auth): authentication failure; logname= uid=0 euid=0 tty=ssh ruser= rhost=43.255.190.126  user=root
Apr 12 05:01:21 ovzhost sshd[1002]: Failed password for root from 43.255.190.155 port 44081 ssh2
Apr 12 05:01:22 ovzhost sshd[1006]: Failed password for root from 43.255.190.126 port 57624 ssh2
Apr 12 05:01:22 ovzhost sshd[1004]: Failed password for root from 43.255.190.126 port 55810 ssh2
Apr 12 05:01:25 ovzhost sshd[1002]: message repeated 2 times: [ Failed password for root from 43.255.190.155 port 44081 ssh2]
Apr 12 05:01:25 ovzhost sshd[1002]: Received disconnect from 43.255.190.155: 11:  [preauth]
Apr 12 05:01:25 ovzhost sshd[1002]: PAM 2 more authentication failures; logname= uid=0 euid=0 tty=ssh ruser= rhost=43.255.190.155  user=root
Apr 12 05:01:26 ovzhost sshd[1008]: pam_unix(sshd:auth): authentication failure; logname= uid=0 euid=0 tty=ssh ruser= rhost=43.255.190.155  user=root
Apr 12 05:01:26 ovzhost sshd[1006]: message repeated 2 times: [ Failed password for root from 43.255.190.126 port 57624 ssh2]
Apr 12 05:01:26 ovzhost sshd[1006]: Received disconnect from 43.255.190.126: 11:  [preauth]
Apr 12 05:01:26 ovzhost sshd[1006]: PAM 2 more authentication failures; logname= uid=0 euid=0 tty=ssh ruser= rhost=43.255.190.126  user=root
Apr 12 05:01:26 ovzhost sshd[1004]: message repeated 2 times: [ Failed password for root from 43.255.190.126 port 55810 ssh2]
Apr 12 05:01:26 ovzhost sshd[1004]: Received disconnect from 43.255.190.126: 11:  [preauth]
Apr 12 05:01:26 ovzhost sshd[1004]: PAM 2 more authentication failures; logname= uid=0 euid=0 tty=ssh ruser= rhost=43.255.190.126  user=root
Apr 12 05:01:26 ovzhost sshd[1010]: pam_unix(sshd:auth): authentication failure; logname= uid=0 euid=0 tty=ssh ruser= rhost=43.255.190.126  user=root
Apr 12 05:01:26 ovzhost sshd[1012]: pam_unix(sshd:auth): authentication failure; logname= uid=0 euid=0 tty=ssh ruser= rhost=43.255.190.126  user=root
Apr 12 05:01:28 ovzhost sshd[1008]: Failed password for root from 43.255.190.155 port 59032 ssh2
Apr 12 05:01:28 ovzhost sshd[1010]: Failed password for root from 43.255.190.126 port 46442 ssh2
Apr 12 05:01:28 ovzhost sshd[1012]: Failed password for root from 43.255.190.126 port 46886 ssh2
Apr 12 05:01:32 ovzhost sshd[1008]: message repeated 2 times: [ Failed password for root from 43.255.190.155 port 59032 ssh2]
Apr 12 05:01:32 ovzhost sshd[1008]: Received disconnect from 43.255.190.155: 11:  [preauth]
Apr 12 05:01:32 ovzhost sshd[1008]: PAM 2 more authentication failures; logname= uid=0 euid=0 tty=ssh ruser= rhost=43.255.190.155  user=root
Apr 12 05:01:32 ovzhost sshd[1012]: message repeated 2 times: [ Failed password for root from 43.255.190.126 port 46886 ssh2]
Apr 12 05:01:32 ovzhost sshd[1012]: Received disconnect from 43.255.190.126: 11:  [preauth]
Apr 12 05:01:32 ovzhost sshd[1012]: PAM 2 more authentication failures; logname= uid=0 euid=0 tty=ssh ruser= rhost=43.255.190.126  user=root
Apr 12 05:01:33 ovzhost sshd[1016]: pam_unix(sshd:auth): authentication failure; logname= uid=0 euid=0 tty=ssh ruser= rhost=43.255.190.155  user=root
Apr 12 05:01:32 ovzhost sshd[1010]: message repeated 2 times: [ Failed password for root from 43.255.190.126 port 46442 ssh2]
Apr 12 05:01:33 ovzhost sshd[1010]: Received disconnect from 43.255.190.126: 11:  [preauth]
Apr 12 05:01:33 ovzhost sshd[1010]: PAM 2 more authentication failures; logname= uid=0 euid=0 tty=ssh ruser= rhost=43.255.190.126  user=root
Apr 12 05:01:33 ovzhost sshd[1018]: pam_unix(sshd:auth): authentication failure; logname= uid=0 euid=0 tty=ssh ruser= rhost=43.255.190.126  user=root
Apr 12 05:01:33 ovzhost sshd[1020]: pam_unix(sshd:auth): authentication failure; logname= uid=0 euid=0 tty=ssh ruser= rhost=43.255.190.126  user=root
Apr 12 05:01:34 ovzhost sshd[1016]: Failed password for root from 43.255.190.155 port 45291 ssh2
Apr 12 05:01:35 ovzhost sshd[1018]: Failed password for root from 43.255.190.126 port 35792 ssh2
Apr 12 05:01:35 ovzhost sshd[1020]: Failed password for root from 43.255.190.126 port 36147 ssh2
Apr 12 05:01:38 ovzhost sshd[1016]: message repeated 2 times: [ Failed password for root from 43.255.190.155 port 45291 ssh2]
Apr 12 05:01:38 ovzhost sshd[1016]: Received disconnect from 43.255.190.155: 11:  [preauth]
Apr 12 05:01:38 ovzhost sshd[1016]: PAM 2 more authentication failures; logname= uid=0 euid=0 tty=ssh ruser= rhost=43.255.190.155  user=root
Apr 12 05:01:39 ovzhost sshd[1022]: pam_unix(sshd:auth): authentication failure; logname= uid=0 euid=0 tty=ssh ruser= rhost=43.255.190.155  user=root
Apr 12 05:01:39 ovzhost sshd[1018]: message repeated 2 times: [ Failed password for root from 43.255.190.126 port 35792 ssh2]
Apr 12 05:01:40 ovzhost sshd[1018]: Received disconnect from 43.255.190.126: 11:  [preauth]
Apr 12 05:01:40 ovzhost sshd[1018]: PAM 2 more authentication failures; logname= uid=0 euid=0 tty=ssh ruser= rhost=43.255.190.126  user=root
Apr 12 05:01:40 ovzhost sshd[1020]: message repeated 2 times: [ Failed password for root from 43.255.190.126 port 36147 ssh2]
Apr 12 05:01:40 ovzhost sshd[1020]: Received disconnect from 43.255.190.126: 11:  [preauth]
Apr 12 05:01:40 ovzhost sshd[1020]: PAM 2 more authentication failures; logname= uid=0 euid=0 tty=ssh ruser= rhost=43.255.190.126  user=root
Apr 12 05:01:40 ovzhost sshd[1024]: pam_unix(sshd:auth): authentication failure; logname= uid=0 euid=0 tty=ssh ruser= rhost=43.255.190.126  user=root
Apr 12 05:01:40 ovzhost sshd[1026]: pam_unix(sshd:auth): authentication failure; logname= uid=0 euid=0 tty=ssh ruser= rhost=43.255.190.126  user=root
Apr 12 05:01:41 ovzhost sshd[1022]: Failed password for root from 43.255.190.155 port 59796 ssh2
Apr 12 05:01:42 ovzhost sshd[1024]: Failed password for root from 43.255.190.126 port 53709 ssh2
Apr 12 05:01:42 ovzhost sshd[1026]: Failed password for root from 43.255.190.126 port 53949 ssh2
Apr 12 05:01:44 ovzhost sshd[1022]: message repeated 2 times: [ Failed password for root from 43.255.190.155 port 59796 ssh2]
Apr 12 05:01:44 ovzhost sshd[1022]: Received disconnect from 43.255.190.155: 11:  [preauth]
Apr 12 05:01:44 ovzhost sshd[1022]: PAM 2 more authentication failures; logname= uid=0 euid=0 tty=ssh ruser= rhost=43.255.190.155  user=root
Apr 12 05:01:45 ovzhost sshd[1028]: pam_unix(sshd:auth): authentication failure; logname= uid=0 euid=0 tty=ssh ruser= rhost=43.255.190.155  user=root
Apr 12 05:01:46 ovzhost sshd[1024]: message repeated 2 times: [ Failed password for root from 43.255.190.126 port 53709 ssh2]
Apr 12 05:01:46 ovzhost sshd[1024]: Received disconnect from 43.255.190.126: 11:  [preauth]
Apr 12 05:01:46 ovzhost sshd[1024]: PAM 2 more authentication failures; logname= uid=0 euid=0 tty=ssh ruser= rhost=43.255.190.126  user=root
Apr 12 05:01:46 ovzhost sshd[1026]: message repeated 2 times: [ Failed password for root from 43.255.190.126 port 53949 ssh2]
Apr 12 05:01:46 ovzhost sshd[1026]: Received disconnect from 43.255.190.126: 11:  [preauth]
Apr 12 05:01:46 ovzhost sshd[1026]: PAM 2 more authentication failures; logname= uid=0 euid=0 tty=ssh ruser= rhost=43.255.190.126  user=root
Apr 12 05:01:47 ovzhost sshd[1030]: pam_unix(sshd:auth): authentication failure; logname= uid=0 euid=0 tty=ssh ruser= rhost=43.255.190.126  user=root
Apr 12 05:01:47 ovzhost sshd[1032]: pam_unix(sshd:auth): authentication failure; logname= uid=0 euid=0 tty=ssh ruser= rhost=43.255.190.126  user=root
Apr 12 05:01:47 ovzhost sshd[1028]: Failed password for root from 43.255.190.155 port 44024 ssh2
Apr 12 05:01:48 ovzhost sshd[1030]: Failed password for root from 43.255.190.126 port 42626 ssh2
Apr 12 05:01:48 ovzhost sshd[1032]: Failed password for root from 43.255.190.126 port 42858 ssh2
Apr 12 05:01:51 ovzhost sshd[1028]: message repeated 2 times: [ Failed password for root from 43.255.190.155 port 44024 ssh2]
Apr 12 05:01:51 ovzhost sshd[1028]: Received disconnect from 43.255.190.155: 11:  [preauth]
Apr 12 05:01:51 ovzhost sshd[1028]: PAM 2 more authentication failures; logname= uid=0 euid=0 tty=ssh ruser= rhost=43.255.190.155  user=root
Apr 12 05:01:52 ovzhost sshd[1035]: pam_unix(sshd:auth): authentication failure; logname= uid=0 euid=0 tty=ssh ruser= rhost=43.255.190.155  user=root
Apr 12 05:01:52 ovzhost sshd[1030]: message repeated 2 times: [ Failed password for root from 43.255.190.126 port 42626 ssh2]
Apr 12 05:01:52 ovzhost sshd[1030]: Received disconnect from 43.255.190.126: 11:  [preauth]
Apr 12 05:01:52 ovzhost sshd[1030]: PAM 2 more authentication failures; logname= uid=0 euid=0 tty=ssh ruser= rhost=43.255.190.126  user=root
Apr 12 05:01:53 ovzhost sshd[1037]: pam_unix(sshd:auth): authentication failure; logname= uid=0 euid=0 tty=ssh ruser= rhost=43.255.190.126  user=root
Apr 12 05:01:53 ovzhost sshd[1032]: message repeated 2 times: [ Failed password for root from 43.255.190.126 port 42858 ssh2]
Apr 12 05:01:53 ovzhost sshd[1032]: Received disconnect from 43.255.190.126: 11:  [preauth]
Apr 12 05:01:53 ovzhost sshd[1032]: PAM 2 more authentication failures; logname= uid=0 euid=0 tty=ssh ruser= rhost=43.255.190.126  user=root
Apr 12 05:01:53 ovzhost sshd[1039]: pam_unix(sshd:auth): authentication failure; logname= uid=0 euid=0 tty=ssh ruser= rhost=43.255.190.126  user=root
Apr 12 05:01:54 ovzhost sshd[1035]: Failed password for root from 43.255.190.155 port 58967 ssh2
Apr 12 05:01:54 ovzhost sshd[1037]: Failed password for root from 43.255.190.126 port 57557 ssh2
Apr 12 05:01:55 ovzhost sshd[1039]: Failed password for root from 43.255.190.126 port 58904 ssh2
Apr 12 05:01:58 ovzhost sshd[1035]: message repeated 2 times: [ Failed password for root from 43.255.190.155 port 58967 ssh2]
Apr 12 05:01:58 ovzhost sshd[1035]: Received disconnect from 43.255.190.155: 11:  [preauth]
Apr 12 05:01:58 ovzhost sshd[1035]: PAM 2 more authentication failures; logname= uid=0 euid=0 tty=ssh ruser= rhost=43.255.190.155  user=root
Apr 12 05:01:58 ovzhost sshd[1037]: message repeated 2 times: [ Failed password for root from 43.255.190.126 port 57557 ssh2]
Apr 12 05:01:58 ovzhost sshd[1037]: Received disconnect from 43.255.190.126: 11:  [preauth]
Apr 12 05:01:58 ovzhost sshd[1037]: PAM 2 more authentication failures; logname= uid=0 euid=0 tty=ssh ruser= rhost=43.255.190.126  user=root
Apr 12 05:01:59 ovzhost sshd[1041]: pam_unix(sshd:auth): authentication failure; logname= uid=0 euid=0 tty=ssh ruser= rhost=43.255.190.155  user=root
Apr 12 05:01:59 ovzhost sshd[1043]: pam_unix(sshd:auth): authentication failure; logname= uid=0 euid=0 tty=ssh ruser= rhost=43.255.190.126  user=root
Apr 12 05:01:59 ovzhost sshd[1039]: message repeated 2 times: [ Failed password for root from 43.255.190.126 port 58904 ssh2]
Apr 12 05:01:59 ovzhost sshd[1039]: Received disconnect from 43.255.190.126: 11:  [preauth]
Apr 12 05:01:59 ovzhost sshd[1039]: PAM 2 more authentication failures; logname= uid=0 euid=0 tty=ssh ruser= rhost=43.255.190.126  user=root
Apr 12 05:02:00 ovzhost sshd[1045]: pam_unix(sshd:auth): authentication failure; logname= uid=0 euid=0 tty=ssh ruser= rhost=43.255.190.126  user=root
Apr 12 05:02:01 ovzhost sshd[1041]: Failed password for root from 43.255.190.155 port 45276 ssh2
Apr 12 05:02:01 ovzhost sshd[1043]: Failed password for root from 43.255.190.126 port 44859 ssh2
Apr 12 05:02:02 ovzhost sshd[1045]: Failed password for root from 43.255.190.126 port 46956 ssh2
Apr 12 05:02:05 ovzhost sshd[1041]: message repeated 2 times: [ Failed password for root from 43.255.190.155 port 45276 ssh2]
Apr 12 05:02:05 ovzhost sshd[1041]: Received disconnect from 43.255.190.155: 11:  [preauth]
Apr 12 05:02:05 ovzhost sshd[1041]: PAM 2 more authentication failures; logname= uid=0 euid=0 tty=ssh ruser= rhost=43.255.190.155  user=root
Apr 12 05:02:05 ovzhost sshd[1043]: message repeated 2 times: [ Failed password for root from 43.255.190.126 port 44859 ssh2]
Apr 12 05:02:05 ovzhost sshd[1043]: Received disconnect from 43.255.190.126: 11:  [preauth]
Apr 12 05:02:05 ovzhost sshd[1043]: PAM 2 more authentication failures; logname= uid=0 euid=0 tty=ssh ruser= rhost=43.255.190.126  user=root
Apr 12 05:02:05 ovzhost sshd[1045]: message repeated 2 times: [ Failed password for root from 43.255.190.126 port 46956 ssh2]
Apr 12 05:02:05 ovzhost sshd[1045]: Received disconnect from 43.255.190.126: 11:  [preauth]
Apr 12 05:02:05 ovzhost sshd[1045]: PAM 2 more authentication failures; logname= uid=0 euid=0 tty=ssh ruser= rhost=43.255.190.126  user=root
Apr 12 05:02:06 ovzhost sshd[1047]: pam_unix(sshd:auth): authentication failure; logname= uid=0 euid=0 tty=ssh ruser= rhost=43.255.190.155  user=root
Apr 12 05:02:06 ovzhost sshd[1049]: pam_unix(sshd:auth): authentication failure; logname= uid=0 euid=0 tty=ssh ruser= rhost=43.255.190.126  user=root
Apr 12 05:02:06 ovzhost sshd[1051]: pam_unix(sshd:auth): authentication failure; logname= uid=0 euid=0 tty=ssh ruser= rhost=43.255.190.126  user=root
Apr 12 05:02:07 ovzhost sshd[1047]: Failed password for root from 43.255.190.155 port 59654 ssh2
Apr 12 05:02:07 ovzhost sshd[1049]: Failed password for root from 43.255.190.126 port 33149 ssh2
Apr 12 05:02:08 ovzhost sshd[1051]: Failed password for root from 43.255.190.126 port 33445 ssh2
Apr 12 05:02:11 ovzhost sshd[1049]: message repeated 2 times: [ Failed password for root from 43.255.190.126 port 33149 ssh2]
Apr 12 05:02:12 ovzhost sshd[1049]: Received disconnect from 43.255.190.126: 11:  [preauth]
Apr 12 05:02:12 ovzhost sshd[1049]: PAM 2 more authentication failures; logname= uid=0 euid=0 tty=ssh ruser= rhost=43.255.190.126  user=root
Apr 12 05:02:11 ovzhost sshd[1047]: message repeated 2 times: [ Failed password for root from 43.255.190.155 port 59654 ssh2]
Apr 12 05:02:12 ovzhost sshd[1047]: Received disconnect from 43.255.190.155: 11:  [preauth]
Apr 12 05:02:12 ovzhost sshd[1047]: PAM 2 more authentication failures; logname= uid=0 euid=0 tty=ssh ruser= rhost=43.255.190.155  user=root
Apr 12 05:02:12 ovzhost sshd[1051]: message repeated 2 times: [ Failed password for root from 43.255.190.126 port 33445 ssh2]
Apr 12 05:02:12 ovzhost sshd[1051]: Received disconnect from 43.255.190.126: 11:  [preauth]
Apr 12 05:02:12 ovzhost sshd[1051]: PAM 2 more authentication failures; logname= uid=0 euid=0 tty=ssh ruser= rhost=43.255.190.126  user=root
Apr 12 05:02:12 ovzhost sshd[1053]: pam_unix(sshd:auth): authentication failure; logname= uid=0 euid=0 tty=ssh ruser= rhost=43.255.190.126  user=root
Apr 12 05:02:12 ovzhost sshd[1055]: pam_unix(sshd:auth): authentication failure; logname= uid=0 euid=0 tty=ssh ruser= rhost=43.255.190.155  user=root
Apr 12 05:02:12 ovzhost sshd[1057]: pam_unix(sshd:auth): authentication failure; logname= uid=0 euid=0 tty=ssh ruser= rhost=43.255.190.126  user=root
Apr 12 05:02:14 ovzhost sshd[1053]: Failed password for root from 43.255.190.126 port 48335 ssh2
Apr 12 05:02:14 ovzhost sshd[1055]: Failed password for root from 43.255.190.155 port 45559 ssh2
Apr 12 05:02:14 ovzhost sshd[1057]: Failed password for root from 43.255.190.126 port 48596 ssh2
Apr 12 05:02:18 ovzhost sshd[1053]: message repeated 2 times: [ Failed password for root from 43.255.190.126 port 48335 ssh2]
Apr 12 05:02:18 ovzhost sshd[1053]: Received disconnect from 43.255.190.126: 11:  [preauth]
Apr 12 05:02:18 ovzhost sshd[1053]: PAM 2 more authentication failures; logname= uid=0 euid=0 tty=ssh ruser= rhost=43.255.190.126  user=root
Apr 12 05:02:18 ovzhost sshd[1055]: message repeated 2 times: [ Failed password for root from 43.255.190.155 port 45559 ssh2]
Apr 12 05:02:18 ovzhost sshd[1055]: Received disconnect from 43.255.190.155: 11:  [preauth]
Apr 12 05:02:18 ovzhost sshd[1055]: PAM 2 more authentication failures; logname= uid=0 euid=0 tty=ssh ruser= rhost=43.255.190.155  user=root
Apr 12 05:02:18 ovzhost sshd[1057]: message repeated 2 times: [ Failed password for root from 43.255.190.126 port 48596 ssh2]
Apr 12 05:02:18 ovzhost sshd[1057]: Received disconnect from 43.255.190.126: 11:  [preauth]
Apr 12 05:02:18 ovzhost sshd[1057]: PAM 2 more authentication failures; logname= uid=0 euid=0 tty=ssh ruser= rhost=43.255.190.126  user=root
Apr 12 05:02:19 ovzhost sshd[1059]: pam_unix(sshd:auth): authentication failure; logname= uid=0 euid=0 tty=ssh ruser= rhost=43.255.190.126  user=root
Apr 12 05:02:19 ovzhost sshd[1061]: pam_unix(sshd:auth): authentication failure; logname= uid=0 euid=0 tty=ssh ruser= rhost=43.255.190.155  user=root
Apr 12 05:02:19 ovzhost sshd[1063]: pam_unix(sshd:auth): authentication failure; logname= uid=0 euid=0 tty=ssh ruser= rhost=43.255.190.126  user=root
Apr 12 05:02:21 ovzhost sshd[1059]: Failed password for root from 43.255.190.126 port 35262 ssh2
Apr 12 05:02:21 ovzhost sshd[1061]: Failed password for root from 43.255.190.155 port 59368 ssh2
Apr 12 05:02:21 ovzhost sshd[1063]: Failed password for root from 43.255.190.126 port 35488 ssh2
Apr 12 05:02:24 ovzhost sshd[1059]: message repeated 2 times: [ Failed password for root from 43.255.190.126 port 35262 ssh2]
Apr 12 05:02:24 ovzhost sshd[1059]: Received disconnect from 43.255.190.126: 11:  [preauth]
Apr 12 05:02:24 ovzhost sshd[1059]: PAM 2 more authentication failures; logname= uid=0 euid=0 tty=ssh ruser= rhost=43.255.190.126  user=root
Apr 12 05:02:24 ovzhost sshd[1061]: message repeated 2 times: [ Failed password for root from 43.255.190.155 port 59368 ssh2]
Apr 12 05:02:24 ovzhost sshd[1061]: Received disconnect from 43.255.190.155: 11:  [preauth]
Apr 12 05:02:24 ovzhost sshd[1061]: PAM 2 more authentication failures; logname= uid=0 euid=0 tty=ssh ruser= rhost=43.255.190.155  user=root
Apr 12 05:02:24 ovzhost sshd[1063]: message repeated 2 times: [ Failed password for root from 43.255.190.126 port 35488 ssh2]
Apr 12 05:02:24 ovzhost sshd[1063]: Received disconnect from 43.255.190.126: 11:  [preauth]
Apr 12 05:02:24 ovzhost sshd[1063]: PAM 2 more authentication failures; logname= uid=0 euid=0 tty=ssh ruser= rhost=43.255.190.126  user=root
Apr 12 05:02:25 ovzhost sshd[1065]: pam_unix(sshd:auth): authentication failure; logname= uid=0 euid=0 tty=ssh ruser= rhost=43.255.190.126  user=root
Apr 12 05:02:25 ovzhost sshd[1067]: pam_unix(sshd:auth): authentication failure; logname= uid=0 euid=0 tty=ssh ruser= rhost=43.255.190.155  user=root
Apr 12 05:02:25 ovzhost sshd[1069]: pam_unix(sshd:auth): authentication failure; logname= uid=0 euid=0 tty=ssh ruser= rhost=43.255.190.126  user=root
Apr 12 05:02:27 ovzhost sshd[1065]: Failed password for root from 43.255.190.126 port 49961 ssh2
Apr 12 05:02:27 ovzhost sshd[1067]: Failed password for root from 43.255.190.155 port 44166 ssh2
Apr 12 05:02:27 ovzhost sshd[1069]: Failed password for root from 43.255.190.126 port 50175 ssh2
Apr 12 05:02:31 ovzhost sshd[1065]: message repeated 2 times: [ Failed password for root from 43.255.190.126 port 49961 ssh2]
Apr 12 05:02:31 ovzhost sshd[1065]: Received disconnect from 43.255.190.126: 11:  [preauth]
Apr 12 05:02:31 ovzhost sshd[1065]: PAM 2 more authentication failures; logname= uid=0 euid=0 tty=ssh ruser= rhost=43.255.190.126  user=root
Apr 12 05:02:31 ovzhost sshd[1067]: message repeated 2 times: [ Failed password for root from 43.255.190.155 port 44166 ssh2]
Apr 12 05:02:31 ovzhost sshd[1067]: Received disconnect from 43.255.190.155: 11:  [preauth]
Apr 12 05:02:31 ovzhost sshd[1067]: PAM 2 more authentication failures; logname= uid=0 euid=0 tty=ssh ruser= rhost=43.255.190.155  user=root
Apr 12 05:02:31 ovzhost sshd[1069]: message repeated 2 times: [ Failed password for root from 43.255.190.126 port 50175 ssh2]
Apr 12 05:02:31 ovzhost sshd[1069]: Received disconnect from 43.255.190.126: 11:  [preauth]
Apr 12 05:02:31 ovzhost sshd[1069]: PAM 2 more authentication failures; logname= uid=0 euid=0 tty=ssh ruser= rhost=43.255.190.126  user=root
Apr 12 05:02:32 ovzhost sshd[1072]: pam_unix(sshd:auth): authentication failure; logname= uid=0 euid=0 tty=ssh ruser= rhost=43.255.190.155  user=root
Apr 12 05:02:32 ovzhost sshd[1071]: pam_unix(sshd:auth): authentication failure; logname= uid=0 euid=0 tty=ssh ruser= rhost=43.255.190.126  user=root
Apr 12 05:02:32 ovzhost sshd[1075]: pam_unix(sshd:auth): authentication failure; logname= uid=0 euid=0 tty=ssh ruser= rhost=43.255.190.126  user=root
Apr 12 05:02:34 ovzhost sshd[1072]: Failed password for root from 43.255.190.155 port 58220 ssh2
Apr 12 05:02:34 ovzhost sshd[1071]: Failed password for root from 43.255.190.126 port 37596 ssh2
Apr 12 05:02:34 ovzhost sshd[1075]: Failed password for root from 43.255.190.126 port 37816 ssh2
Apr 12 05:02:38 ovzhost sshd[1072]: message repeated 2 times: [ Failed password for root from 43.255.190.155 port 58220 ssh2]
Apr 12 05:02:38 ovzhost sshd[1072]: Received disconnect from 43.255.190.155: 11:  [preauth]
Apr 12 05:02:38 ovzhost sshd[1072]: PAM 2 more authentication failures; logname= uid=0 euid=0 tty=ssh ruser= rhost=43.255.190.155  user=root
Apr 12 05:02:38 ovzhost sshd[1071]: message repeated 2 times: [ Failed password for root from 43.255.190.126 port 37596 ssh2]
Apr 12 05:02:38 ovzhost sshd[1071]: Received disconnect from 43.255.190.126: 11:  [preauth]
Apr 12 05:02:38 ovzhost sshd[1071]: PAM 2 more authentication failures; logname= uid=0 euid=0 tty=ssh ruser= rhost=43.255.190.126  user=root
Apr 12 05:02:38 ovzhost sshd[1075]: message repeated 2 times: [ Failed password for root from 43.255.190.126 port 37816 ssh2]
Apr 12 05:02:38 ovzhost sshd[1075]: Received disconnect from 43.255.190.126: 11:  [preauth]
Apr 12 05:02:38 ovzhost sshd[1075]: PAM 2 more authentication failures; logname= uid=0 euid=0 tty=ssh ruser= rhost=43.255.190.126  user=root
Apr 12 05:02:39 ovzhost sshd[1077]: pam_unix(sshd:auth): authentication failure; logname= uid=0 euid=0 tty=ssh ruser= rhost=43.255.190.155  user=root
Apr 12 05:02:39 ovzhost sshd[1078]: pam_unix(sshd:auth): authentication failure; logname= uid=0 euid=0 tty=ssh ruser= rhost=43.255.190.126  user=root
Apr 12 05:02:39 ovzhost sshd[1081]: pam_unix(sshd:auth): authentication failure; logname= uid=0 euid=0 tty=ssh ruser= rhost=43.255.190.126  user=root
Apr 12 05:02:41 ovzhost sshd[1077]: Failed password for root from 43.255.190.155 port 44378 ssh2
Apr 12 05:02:41 ovzhost sshd[1078]: Failed password for root from 43.255.190.126 port 53874 ssh2
Apr 12 05:02:41 ovzhost sshd[1081]: Failed password for root from 43.255.190.126 port 54046 ssh2
Apr 12 05:02:46 ovzhost sshd[1077]: message repeated 2 times: [ Failed password for root from 43.255.190.155 port 44378 ssh2]
Apr 12 05:02:46 ovzhost sshd[1077]: Received disconnect from 43.255.190.155: 11:  [preauth]
Apr 12 05:02:46 ovzhost sshd[1077]: PAM 2 more authentication failures; logname= uid=0 euid=0 tty=ssh ruser= rhost=43.255.190.155  user=root
Apr 12 05:02:46 ovzhost sshd[1078]: message repeated 2 times: [ Failed password for root from 43.255.190.126 port 53874 ssh2]
Apr 12 05:02:46 ovzhost sshd[1078]: Received disconnect from 43.255.190.126: 11:  [preauth]
Apr 12 05:02:46 ovzhost sshd[1078]: PAM 2 more authentication failures; logname= uid=0 euid=0 tty=ssh ruser= rhost=43.255.190.126  user=root
Apr 12 05:02:46 ovzhost sshd[1081]: message repeated 2 times: [ Failed password for root from 43.255.190.126 port 54046 ssh2]
Apr 12 05:02:46 ovzhost sshd[1081]: Received disconnect from 43.255.190.126: 11:  [preauth]
Apr 12 05:02:46 ovzhost sshd[1081]: PAM 2 more authentication failures; logname= uid=0 euid=0 tty=ssh ruser= rhost=43.255.190.126  user=root
Apr 12 05:02:46 ovzhost sshd[1083]: pam_unix(sshd:auth): authentication failure; logname= uid=0 euid=0 tty=ssh ruser= rhost=43.255.190.155  user=root
Apr 12 05:02:46 ovzhost sshd[1084]: pam_unix(sshd:auth): authentication failure; logname= uid=0 euid=0 tty=ssh ruser= rhost=43.255.190.126  user=root
Apr 12 05:02:46 ovzhost sshd[1087]: pam_unix(sshd:auth): authentication failure; logname= uid=0 euid=0 tty=ssh ruser= rhost=43.255.190.126  user=root
Apr 12 05:02:48 ovzhost sshd[1083]: Failed password for root from 43.255.190.155 port 60406 ssh2
Apr 12 05:02:48 ovzhost sshd[1084]: Failed password for root from 43.255.190.126 port 43444 ssh2
Apr 12 05:02:49 ovzhost sshd[1087]: Failed password for root from 43.255.190.126 port 43697 ssh2
Apr 12 05:02:52 ovzhost sshd[1084]: message repeated 2 times: [ Failed password for root from 43.255.190.126 port 43444 ssh2]
Apr 12 05:02:52 ovzhost sshd[1084]: Received disconnect from 43.255.190.126: 11:  [preauth]
Apr 12 05:02:52 ovzhost sshd[1084]: PAM 2 more authentication failures; logname= uid=0 euid=0 tty=ssh ruser= rhost=43.255.190.126  user=root
Apr 12 05:02:53 ovzhost sshd[1087]: message repeated 2 times: [ Failed password for root from 43.255.190.126 port 43697 ssh2]
Apr 12 05:02:53 ovzhost sshd[1087]: Received disconnect from 43.255.190.126: 11:  [preauth]
Apr 12 05:02:53 ovzhost sshd[1087]: PAM 2 more authentication failures; logname= uid=0 euid=0 tty=ssh ruser= rhost=43.255.190.126  user=root
Apr 12 05:02:53 ovzhost sshd[1089]: pam_unix(sshd:auth): authentication failure; logname= uid=0 euid=0 tty=ssh ruser= rhost=43.255.190.126  user=root
Apr 12 05:02:53 ovzhost sshd[1083]: message repeated 2 times: [ Failed password for root from 43.255.190.155 port 60406 ssh2]
Apr 12 05:02:53 ovzhost sshd[1083]: Received disconnect from 43.255.190.155: 11:  [preauth]
Apr 12 05:02:53 ovzhost sshd[1083]: PAM 2 more authentication failures; logname= uid=0 euid=0 tty=ssh ruser= rhost=43.255.190.155  user=root
Apr 12 05:02:53 ovzhost sshd[1091]: pam_unix(sshd:auth): authentication failure; logname= uid=0 euid=0 tty=ssh ruser= rhost=43.255.190.126  user=root
Apr 12 05:02:54 ovzhost sshd[1094]: pam_unix(sshd:auth): authentication failure; logname= uid=0 euid=0 tty=ssh ruser= rhost=43.255.190.155  user=root
Apr 12 05:02:55 ovzhost sshd[1089]: Failed password for root from 43.255.190.126 port 58622 ssh2
Apr 12 05:02:56 ovzhost sshd[1091]: Failed password for root from 43.255.190.126 port 59556 ssh2
Apr 12 05:02:56 ovzhost sshd[1094]: Failed password for root from 43.255.190.155 port 46977 ssh2
Apr 12 05:03:00 ovzhost sshd[1091]: message repeated 2 times: [ Failed password for root from 43.255.190.126 port 59556 ssh2]
Apr 12 05:03:00 ovzhost sshd[1091]: Received disconnect from 43.255.190.126: 11:  [preauth]
Apr 12 05:03:00 ovzhost sshd[1091]: PAM 2 more authentication failures; logname= uid=0 euid=0 tty=ssh ruser= rhost=43.255.190.126  user=root
Apr 12 05:03:00 ovzhost sshd[1094]: message repeated 2 times: [ Failed password for root from 43.255.190.155 port 46977 ssh2]
Apr 12 05:03:00 ovzhost sshd[1094]: Received disconnect from 43.255.190.155: 11:  [preauth]
Apr 12 05:03:00 ovzhost sshd[1094]: PAM 2 more authentication failures; logname= uid=0 euid=0 tty=ssh ruser= rhost=43.255.190.155  user=root
Apr 12 05:03:00 ovzhost sshd[1089]: message repeated 2 times: [ Failed password for root from 43.255.190.126 port 58622 ssh2]
Apr 12 05:03:00 ovzhost sshd[1089]: Received disconnect from 43.255.190.126: 11:  [preauth]
Apr 12 05:03:00 ovzhost sshd[1089]: PAM 2 more authentication failures; logname= uid=0 euid=0 tty=ssh ruser= rhost=43.255.190.126  user=root
Apr 12 05:03:00 ovzhost sshd[1096]: pam_unix(sshd:auth): authentication failure; logname= uid=0 euid=0 tty=ssh ruser= rhost=43.255.190.126  user=root
Apr 12 05:03:00 ovzhost sshd[1098]: pam_unix(sshd:auth): authentication failure; logname= uid=0 euid=0 tty=ssh ruser= rhost=43.255.190.155  user=root
Apr 12 05:03:01 ovzhost sshd[1100]: pam_unix(sshd:auth): authentication failure; logname= uid=0 euid=0 tty=ssh ruser= rhost=43.255.190.126  user=root
Apr 12 05:03:02 ovzhost sshd[1096]: Failed password for root from 43.255.190.126 port 47468 ssh2
Apr 12 05:03:02 ovzhost sshd[1098]: Failed password for root from 43.255.190.155 port 33283 ssh2
Apr 12 05:03:03 ovzhost sshd[1100]: Failed password for root from 43.255.190.126 port 48429 ssh2
Apr 12 05:03:06 ovzhost sshd[1096]: message repeated 2 times: [ Failed password for root from 43.255.190.126 port 47468 ssh2]
Apr 12 05:03:06 ovzhost sshd[1096]: Received disconnect from 43.255.190.126: 11:  [preauth]
Apr 12 05:03:06 ovzhost sshd[1096]: PAM 2 more authentication failures; logname= uid=0 euid=0 tty=ssh ruser= rhost=43.255.190.126  user=root
Apr 12 05:03:06 ovzhost sshd[1098]: message repeated 2 times: [ Failed password for root from 43.255.190.155 port 33283 ssh2]
Apr 12 05:03:06 ovzhost sshd[1098]: Received disconnect from 43.255.190.155: 11:  [preauth]
Apr 12 05:03:06 ovzhost sshd[1098]: PAM 2 more authentication failures; logname= uid=0 euid=0 tty=ssh ruser= rhost=43.255.190.155  user=root
Apr 12 05:03:07 ovzhost sshd[1102]: pam_unix(sshd:auth): authentication failure; logname= uid=0 euid=0 tty=ssh ruser= rhost=43.255.190.126  user=root
Apr 12 05:03:07 ovzhost sshd[1104]: pam_unix(sshd:auth): authentication failure; logname= uid=0 euid=0 tty=ssh ruser= rhost=43.255.190.155  user=root
Apr 12 05:03:07 ovzhost sshd[1100]: message repeated 2 times: [ Failed password for root from 43.255.190.126 port 48429 ssh2]
Apr 12 05:03:07 ovzhost sshd[1100]: Received disconnect from 43.255.190.126: 11:  [preauth]
Apr 12 05:03:07 ovzhost sshd[1100]: PAM 2 more authentication failures; logname= uid=0 euid=0 tty=ssh ruser= rhost=43.255.190.126  user=root
Apr 12 05:03:08 ovzhost sshd[1106]: pam_unix(sshd:auth): authentication failure; logname= uid=0 euid=0 tty=ssh ruser= rhost=43.255.190.126  user=root
Apr 12 05:03:09 ovzhost sshd[1106]: Failed password for root from 43.255.190.126 port 36004 ssh2
Apr 12 05:03:09 ovzhost sshd[1102]: Failed password for root from 43.255.190.126 port 34716 ssh2
Apr 12 05:03:09 ovzhost sshd[1104]: Failed password for root from 43.255.190.155 port 47246 ssh2
Apr 12 05:03:13 ovzhost sshd[1106]: message repeated 2 times: [ Failed password for root from 43.255.190.126 port 36004 ssh2]
Apr 12 05:03:13 ovzhost sshd[1106]: Received disconnect from 43.255.190.126: 11:  [preauth]
Apr 12 05:03:13 ovzhost sshd[1106]: PAM 2 more authentication failures; logname= uid=0 euid=0 tty=ssh ruser= rhost=43.255.190.126  user=root
Apr 12 05:03:13 ovzhost sshd[1104]: message repeated 2 times: [ Failed password for root from 43.255.190.155 port 47246 ssh2]
Apr 12 05:03:13 ovzhost sshd[1104]: Received disconnect from 43.255.190.155: 11:  [preauth]
Apr 12 05:03:13 ovzhost sshd[1104]: PAM 2 more authentication failures; logname= uid=0 euid=0 tty=ssh ruser= rhost=43.255.190.155  user=root
Apr 12 05:03:13 ovzhost sshd[1102]: message repeated 2 times: [ Failed password for root from 43.255.190.126 port 34716 ssh2]
Apr 12 05:03:13 ovzhost sshd[1102]: Received disconnect from 43.255.190.126: 11:  [preauth]
Apr 12 05:03:13 ovzhost sshd[1102]: PAM 2 more authentication failures; logname= uid=0 euid=0 tty=ssh ruser= rhost=43.255.190.126  user=root
Apr 12 05:03:14 ovzhost sshd[1110]: pam_unix(sshd:auth): authentication failure; logname= uid=0 euid=0 tty=ssh ruser= rhost=43.255.190.126  user=root
Apr 12 05:03:14 ovzhost sshd[1112]: pam_unix(sshd:auth): authentication failure; logname= uid=0 euid=0 tty=ssh ruser= rhost=43.255.190.155  user=root
Apr 12 05:03:14 ovzhost sshd[1114]: pam_unix(sshd:auth): authentication failure; logname= uid=0 euid=0 tty=ssh ruser= rhost=43.255.190.126  user=root
Apr 12 05:03:16 ovzhost sshd[1110]: Failed password for root from 43.255.190.126 port 50098 ssh2
Apr 12 05:03:16 ovzhost sshd[1112]: Failed password for root from 43.255.190.155 port 60814 ssh2
Apr 12 05:03:16 ovzhost sshd[1114]: Failed password for root from 43.255.190.126 port 50584 ssh2
Apr 12 05:03:21 ovzhost sshd[1110]: message repeated 2 times: [ Failed password for root from 43.255.190.126 port 50098 ssh2]
Apr 12 05:03:21 ovzhost sshd[1110]: Received disconnect from 43.255.190.126: 11:  [preauth]
Apr 12 05:03:21 ovzhost sshd[1110]: PAM 2 more authentication failures; logname= uid=0 euid=0 tty=ssh ruser= rhost=43.255.190.126  user=root
Apr 12 05:03:21 ovzhost sshd[1112]: message repeated 2 times: [ Failed password for root from 43.255.190.155 port 60814 ssh2]
Apr 12 05:03:21 ovzhost sshd[1112]: Received disconnect from 43.255.190.155: 11:  [preauth]
Apr 12 05:03:21 ovzhost sshd[1112]: PAM 2 more authentication failures; logname= uid=0 euid=0 tty=ssh ruser= rhost=43.255.190.155  user=root
Apr 12 05:03:21 ovzhost sshd[1114]: message repeated 2 times: [ Failed password for root from 43.255.190.126 port 50584 ssh2]
Apr 12 05:03:21 ovzhost sshd[1114]: Received disconnect from 43.255.190.126: 11:  [preauth]
Apr 12 05:03:21 ovzhost sshd[1114]: PAM 2 more authentication failures; logname= uid=0 euid=0 tty=ssh ruser= rhost=43.255.190.126  user=root
Apr 12 05:03:21 ovzhost sshd[1116]: pam_unix(sshd:auth): authentication failure; logname= uid=0 euid=0 tty=ssh ruser= rhost=43.255.190.126  user=root
Apr 12 05:03:21 ovzhost sshd[1118]: pam_unix(sshd:auth): authentication failure; logname= uid=0 euid=0 tty=ssh ruser= rhost=43.255.190.155  user=root
Apr 12 05:03:21 ovzhost sshd[1120]: pam_unix(sshd:auth): authentication failure; logname= uid=0 euid=0 tty=ssh ruser= rhost=43.255.190.126  user=root
Apr 12 05:03:23 ovzhost sshd[1116]: Failed password for root from 43.255.190.126 port 38232 ssh2
Apr 12 05:03:23 ovzhost sshd[1118]: Failed password for root from 43.255.190.155 port 47379 ssh2
Apr 12 05:03:23 ovzhost sshd[1120]: Failed password for root from 43.255.190.126 port 38719 ssh2
Apr 12 05:03:28 ovzhost sshd[1116]: message repeated 2 times: [ Failed password for root from 43.255.190.126 port 38232 ssh2]
Apr 12 05:03:28 ovzhost sshd[1116]: Received disconnect from 43.255.190.126: 11:  [preauth]
Apr 12 05:03:28 ovzhost sshd[1116]: PAM 2 more authentication failures; logname= uid=0 euid=0 tty=ssh ruser= rhost=43.255.190.126  user=root
Apr 12 05:03:28 ovzhost sshd[1118]: message repeated 2 times: [ Failed password for root from 43.255.190.155 port 47379 ssh2]
Apr 12 05:03:28 ovzhost sshd[1118]: Received disconnect from 43.255.190.155: 11:  [preauth]
Apr 12 05:03:28 ovzhost sshd[1118]: PAM 2 more authentication failures; logname= uid=0 euid=0 tty=ssh ruser= rhost=43.255.190.155  user=root
Apr 12 05:03:28 ovzhost sshd[1120]: message repeated 2 times: [ Failed password for root from 43.255.190.126 port 38719 ssh2]
Apr 12 05:03:28 ovzhost sshd[1120]: Received disconnect from 43.255.190.126: 11:  [preauth]
Apr 12 05:03:28 ovzhost sshd[1120]: PAM 2 more authentication failures; logname= uid=0 euid=0 tty=ssh ruser= rhost=43.255.190.126  user=root
Apr 12 05:03:28 ovzhost sshd[1122]: pam_unix(sshd:auth): authentication failure; logname= uid=0 euid=0 tty=ssh ruser= rhost=43.255.190.126  user=root
Apr 12 05:03:28 ovzhost sshd[1124]: pam_unix(sshd:auth): authentication failure; logname= uid=0 euid=0 tty=ssh ruser= rhost=43.255.190.155  user=root
