Apr 12 05:03:29 ovzhost sshd[1126]: pam_unix(sshd:auth): authentication failure; logname= uid=0 euid=0 tty=ssh ruser= rhost=43.255.190.126  user=root
Apr 12 05:03:31 ovzhost sshd[1122]: Failed password for root from 43.255.190.126 port 54635 ssh2
Apr 12 05:03:31 ovzhost sshd[1124]: Failed password for root from 43.255.190.155 port 33963 ssh2
Apr 12 05:03:31 ovzhost sshd[1126]: Failed password for root from 43.255.190.126 port 55173 ssh2
Apr 12 05:03:35 ovzhost sshd[1122]: message repeated 2 times: [ Failed password for root from 43.255.190.126 port 54635 ssh2]
Apr 12 05:03:35 ovzhost sshd[1122]: Received disconnect from 43.255.190.126: 11:  [preauth]
Apr 12 05:03:35 ovzhost sshd[1122]: PAM 2 more authentication failures; logname= uid=0 euid=0 tty=ssh ruser= rhost=43.255.190.126  user=root
Apr 12 05:03:35 ovzhost sshd[1124]: message repeated 2 times: [ Failed password for root from 43.255.190.155 port 33963 ssh2]
Apr 12 05:03:35 ovzhost sshd[1124]: Received disconnect from 43.255.190.155: 11:  [preauth]
Apr 12 05:03:35 ovzhost sshd[1124]: PAM 2 more authentication failures; logname= uid=0 euid=0 tty=ssh ruser= rhost=43.255.190.155  user=root
Apr 12 05:03:35 ovzhost sshd[1126]: message repeated 2 times: [ Failed password for root from 43.255.190.126 port 55173 ssh2]
Apr 12 05:03:35 ovzhost sshd[1126]: Received disconnect from 43.255.190.126: 11:  [preauth]
Apr 12 05:03:35 ovzhost sshd[1126]: PAM 2 more authentication failures; logname= uid=0 euid=0 tty=ssh ruser= rhost=43.255.190.126  user=root
Apr 12 05:03:35 ovzhost sshd[1130]: pam_unix(sshd:auth): authentication failure; logname= uid=0 euid=0 tty=ssh ruser= rhost=43.255.190.126  user=root
Apr 12 05:03:35 ovzhost sshd[1132]: pam_unix(sshd:auth): authentication failure; logname= uid=0 euid=0 tty=ssh ruser= rhost=43.255.190.155  user=root
Apr 12 05:03:36 ovzhost sshd[1134]: pam_unix(sshd:auth): authentication failure; logname= uid=0 euid=0 tty=ssh ruser= rhost=43.255.190.126  user=root
Apr 12 05:03:38 ovzhost sshd[1130]: Failed password for root from 43.255.190.126 port 42331 ssh2
Apr 12 05:03:38 ovzhost sshd[1132]: Failed password for root from 43.255.190.155 port 48409 ssh2
Apr 12 05:03:38 ovzhost sshd[1134]: Failed password for root from 43.255.190.126 port 42900 ssh2
Apr 12 05:03:41 ovzhost sshd[1130]: message repeated 2 times: [ Failed password for root from 43.255.190.126 port 42331 ssh2]
Apr 12 05:03:41 ovzhost sshd[1130]: Received disconnect from 43.255.190.126: 11:  [preauth]
Apr 12 05:03:41 ovzhost sshd[1130]: PAM 2 more authentication failures; logname= uid=0 euid=0 tty=ssh ruser= rhost=43.255.190.126  user=root
Apr 12 05:03:41 ovzhost sshd[1132]: message repeated 2 times: [ Failed password for root from 43.255.190.155 port 48409 ssh2]
Apr 12 05:03:41 ovzhost sshd[1132]: Received disconnect from 43.255.190.155: 11:  [preauth]
Apr 12 05:03:41 ovzhost sshd[1132]: PAM 2 more authentication failures; logname= uid=0 euid=0 tty=ssh ruser= rhost=43.255.190.155  user=root
Apr 12 05:03:41 ovzhost sshd[1134]: message repeated 2 times: [ Failed password for root from 43.255.190.126 port 42900 ssh2]
Apr 12 05:03:41 ovzhost sshd[1134]: Received disconnect from 43.255.190.126: 11:  [preauth]
Apr 12 05:03:41 ovzhost sshd[1134]: PAM 2 more authentication failures; logname= uid=0 euid=0 tty=ssh ruser= rhost=43.255.190.126  user=root
Apr 12 05:03:42 ovzhost sshd[1136]: pam_unix(sshd:auth): authentication failure; logname= uid=0 euid=0 tty=ssh ruser= rhost=43.255.190.126  user=root
Apr 12 05:03:42 ovzhost sshd[1137]: pam_unix(sshd:auth): authentication failure; logname= uid=0 euid=0 tty=ssh ruser= rhost=43.255.190.155  user=root
Apr 12 05:03:42 ovzhost sshd[1140]: pam_unix(sshd:auth): authentication failure; logname= uid=0 euid=0 tty=ssh ruser= rhost=43.255.190.126  user=root
Apr 12 05:03:44 ovzhost sshd[1136]: Failed password for root from 43.255.190.126 port 57008 ssh2
Apr 12 05:03:44 ovzhost sshd[1137]: Failed password for root from 43.255.190.155 port 32987 ssh2
Apr 12 05:03:44 ovzhost sshd[1140]: Failed password for root from 43.255.190.126 port 57080 ssh2
Apr 12 05:03:48 ovzhost sshd[1136]: message repeated 2 times: [ Failed password for root from 43.255.190.126 port 57008 ssh2]
Apr 12 05:03:48 ovzhost sshd[1136]: Received disconnect from 43.255.190.126: 11:  [preauth]
Apr 12 05:03:48 ovzhost sshd[1136]: PAM 2 more authentication failures; logname= uid=0 euid=0 tty=ssh ruser= rhost=43.255.190.126  user=root
Apr 12 05:03:48 ovzhost sshd[1137]: message repeated 2 times: [ Failed password for root from 43.255.190.155 port 32987 ssh2]
Apr 12 05:03:48 ovzhost sshd[1137]: Received disconnect from 43.255.190.155: 11:  [preauth]
Apr 12 05:03:48 ovzhost sshd[1137]: PAM 2 more authentication failures; logname= uid=0 euid=0 tty=ssh ruser= rhost=43.255.190.155  user=root
Apr 12 05:03:48 ovzhost sshd[1140]: message repeated 2 times: [ Failed password for root from 43.255.190.126 port 57080 ssh2]
Apr 12 05:03:48 ovzhost sshd[1140]: Received disconnect from 43.255.190.126: 11:  [preauth]
Apr 12 05:03:48 ovzhost sshd[1140]: PAM 2 more authentication failures; logname= uid=0 euid=0 tty=ssh ruser= rhost=43.255.190.126  user=root
Apr 12 05:03:48 ovzhost sshd[1143]: pam_unix(sshd:auth): authentication failure; logname= uid=0 euid=0 tty=ssh ruser= rhost=43.255.190.126  user=root
Apr 12 05:03:48 ovzhost sshd[1142]: pam_unix(sshd:auth): authentication failure; logname= uid=0 euid=0 tty=ssh ruser= rhost=43.255.190.155  user=root
Apr 12 05:03:48 ovzhost sshd[1146]: pam_unix(sshd:auth): authentication failure; logname= uid=0 euid=0 tty=ssh ruser= rhost=43.255.190.126  user=root
Apr 12 05:03:51 ovzhost sshd[1143]: Failed password for root from 43.255.190.126 port 44225 ssh2
Apr 12 05:03:51 ovzhost sshd[1142]: Failed password for root from 43.255.190.155 port 47014 ssh2
Apr 12 05:03:51 ovzhost sshd[1146]: Failed password for root from 43.255.190.126 port 44292 ssh2
Apr 12 05:03:55 ovzhost sshd[1142]: message repeated 2 times: [ Failed password for root from 43.255.190.155 port 47014 ssh2]
Apr 12 05:03:55 ovzhost sshd[1142]: Received disconnect from 43.255.190.155: 11:  [preauth]
Apr 12 05:03:55 ovzhost sshd[1142]: PAM 2 more authentication failures; logname= uid=0 euid=0 tty=ssh ruser= rhost=43.255.190.155  user=root
Apr 12 05:03:55 ovzhost sshd[1143]: message repeated 2 times: [ Failed password for root from 43.255.190.126 port 44225 ssh2]
Apr 12 05:03:55 ovzhost sshd[1143]: Received disconnect from 43.255.190.126: 11:  [preauth]
Apr 12 05:03:55 ovzhost sshd[1143]: PAM 2 more authentication failures; logname= uid=0 euid=0 tty=ssh ruser= rhost=43.255.190.126  user=root
Apr 12 05:03:55 ovzhost sshd[1146]: message repeated 2 times: [ Failed password for root from 43.255.190.126 port 44292 ssh2]
Apr 12 05:03:55 ovzhost sshd[1146]: Received disconnect from 43.255.190.126: 11:  [preauth]
Apr 12 05:03:55 ovzhost sshd[1146]: PAM 2 more authentication failures; logname= uid=0 euid=0 tty=ssh ruser= rhost=43.255.190.126  user=root
Apr 12 05:03:56 ovzhost sshd[1150]: pam_unix(sshd:auth): authentication failure; logname= uid=0 euid=0 tty=ssh ruser= rhost=43.255.190.155  user=root
Apr 12 05:03:56 ovzhost sshd[1151]: pam_unix(sshd:auth): authentication failure; logname= uid=0 euid=0 tty=ssh ruser= rhost=43.255.190.126  user=root
Apr 12 05:03:56 ovzhost sshd[1154]: pam_unix(sshd:auth): authentication failure; logname= uid=0 euid=0 tty=ssh ruser= rhost=43.255.190.126  user=root
Apr 12 05:03:57 ovzhost sshd[1150]: Failed password for root from 43.255.190.155 port 33121 ssh2
Apr 12 05:03:57 ovzhost sshd[1151]: Failed password for root from 43.255.190.126 port 60048 ssh2
Apr 12 05:03:57 ovzhost sshd[1154]: Failed password for root from 43.255.190.126 port 60106 ssh2
Apr 12 05:04:02 ovzhost sshd[1151]: message repeated 2 times: [ Failed password for root from 43.255.190.126 port 60048 ssh2]
Apr 12 05:04:02 ovzhost sshd[1151]: Received disconnect from 43.255.190.126: 11:  [preauth]
Apr 12 05:04:02 ovzhost sshd[1151]: PAM 2 more authentication failures; logname= uid=0 euid=0 tty=ssh ruser= rhost=43.255.190.126  user=root
Apr 12 05:04:02 ovzhost sshd[1150]: message repeated 2 times: [ Failed password for root from 43.255.190.155 port 33121 ssh2]
Apr 12 05:04:02 ovzhost sshd[1150]: Received disconnect from 43.255.190.155: 11:  [preauth]
Apr 12 05:04:02 ovzhost sshd[1150]: PAM 2 more authentication failures; logname= uid=0 euid=0 tty=ssh ruser= rhost=43.255.190.155  user=root
Apr 12 05:04:02 ovzhost sshd[1154]: message repeated 2 times: [ Failed password for root from 43.255.190.126 port 60106 ssh2]
Apr 12 05:04:02 ovzhost sshd[1154]: Received disconnect from 43.255.190.126: 11:  [preauth]
Apr 12 05:04:02 ovzhost sshd[1154]: PAM 2 more authentication failures; logname= uid=0 euid=0 tty=ssh ruser= rhost=43.255.190.126  user=root
Apr 12 05:04:02 ovzhost sshd[1157]: pam_unix(sshd:auth): authentication failure; logname= uid=0 euid=0 tty=ssh ruser= rhost=43.255.190.155  user=root
Apr 12 05:04:02 ovzhost sshd[1156]: pam_unix(sshd:auth): authentication failure; logname= uid=0 euid=0 tty=ssh ruser= rhost=43.255.190.126  user=root
Apr 12 05:04:02 ovzhost sshd[1160]: pam_unix(sshd:auth): authentication failure; logname= uid=0 euid=0 tty=ssh ruser= rhost=43.255.190.126  user=root
Apr 12 05:04:04 ovzhost sshd[1157]: Failed password for root from 43.255.190.155 port 46578 ssh2
Apr 12 05:04:04 ovzhost sshd[1156]: Failed password for root from 43.255.190.126 port 46816 ssh2
Apr 12 05:04:04 ovzhost sshd[1160]: Failed password for root from 43.255.190.126 port 46837 ssh2
Apr 12 05:04:09 ovzhost sshd[1157]: message repeated 2 times: [ Failed password for root from 43.255.190.155 port 46578 ssh2]
Apr 12 05:04:09 ovzhost sshd[1157]: Received disconnect from 43.255.190.155: 11:  [preauth]
Apr 12 05:04:09 ovzhost sshd[1157]: PAM 2 more authentication failures; logname= uid=0 euid=0 tty=ssh ruser= rhost=43.255.190.155  user=root
Apr 12 05:04:09 ovzhost sshd[1156]: message repeated 2 times: [ Failed password for root from 43.255.190.126 port 46816 ssh2]
Apr 12 05:04:09 ovzhost sshd[1156]: Received disconnect from 43.255.190.126: 11:  [preauth]
Apr 12 05:04:09 ovzhost sshd[1156]: PAM 2 more authentication failures; logname= uid=0 euid=0 tty=ssh ruser= rhost=43.255.190.126  user=root
Apr 12 05:04:09 ovzhost sshd[1160]: message repeated 2 times: [ Failed password for root from 43.255.190.126 port 46837 ssh2]
Apr 12 05:04:09 ovzhost sshd[1160]: Received disconnect from 43.255.190.126: 11:  [preauth]
Apr 12 05:04:09 ovzhost sshd[1160]: PAM 2 more authentication failures; logname= uid=0 euid=0 tty=ssh ruser= rhost=43.255.190.126  user=root
Apr 12 05:04:09 ovzhost sshd[1162]: pam_unix(sshd:auth): authentication failure; logname= uid=0 euid=0 tty=ssh ruser= rhost=43.255.190.155  user=root
Apr 12 05:04:09 ovzhost sshd[1163]: pam_unix(sshd:auth): authentication failure; logname= uid=0 euid=0 tty=ssh ruser= rhost=43.255.190.126  user=root
Apr 12 05:04:09 ovzhost sshd[1164]: pam_unix(sshd:auth): authentication failure; logname= uid=0 euid=0 tty=ssh ruser= rhost=43.255.190.126  user=root
Apr 12 05:04:11 ovzhost sshd[1162]: Failed password for root from 43.255.190.155 port 60600 ssh2
Apr 12 05:04:11 ovzhost sshd[1164]: Failed password for root from 43.255.190.126 port 34258 ssh2
Apr 12 05:04:11 ovzhost sshd[1163]: Failed password for root from 43.255.190.126 port 34254 ssh2
Apr 12 05:04:16 ovzhost sshd[1162]: message repeated 2 times: [ Failed password for root from 43.255.190.155 port 60600 ssh2]
Apr 12 05:04:16 ovzhost sshd[1162]: Received disconnect from 43.255.190.155: 11:  [preauth]
Apr 12 05:04:16 ovzhost sshd[1162]: PAM 2 more authentication failures; logname= uid=0 euid=0 tty=ssh ruser= rhost=43.255.190.155  user=root
Apr 12 05:04:16 ovzhost sshd[1164]: message repeated 2 times: [ Failed password for root from 43.255.190.126 port 34258 ssh2]
Apr 12 05:04:16 ovzhost sshd[1164]: Received disconnect from 43.255.190.126: 11:  [preauth]
Apr 12 05:04:16 ovzhost sshd[1163]: message repeated 2 times: [ Failed password for root from 43.255.190.126 port 34254 ssh2]
Apr 12 05:04:16 ovzhost sshd[1163]: Received disconnect from 43.255.190.126: 11:  [preauth]
Apr 12 05:04:16 ovzhost sshd[1163]: PAM 2 more authentication failures; logname= uid=0 euid=0 tty=ssh ruser= rhost=43.255.190.126  user=root
Apr 12 05:04:16 ovzhost sshd[1164]: PAM 2 more authentication failures; logname= uid=0 euid=0 tty=ssh ruser= rhost=43.255.190.126  user=root
Apr 12 05:04:16 ovzhost sshd[1168]: pam_unix(sshd:auth): authentication failure; logname= uid=0 euid=0 tty=ssh ruser= rhost=43.255.190.155  user=root
Apr 12 05:04:16 ovzhost sshd[1170]: pam_unix(sshd:auth): authentication failure; logname= uid=0 euid=0 tty=ssh ruser= rhost=43.255.190.126  user=root
Apr 12 05:04:16 ovzhost sshd[1171]: pam_unix(sshd:auth): authentication failure; logname= uid=0 euid=0 tty=ssh ruser= rhost=43.255.190.126  user=root
Apr 12 05:04:18 ovzhost sshd[1168]: Failed password for root from 43.255.190.155 port 46402 ssh2
Apr 12 05:04:18 ovzhost sshd[1170]: Failed password for root from 43.255.190.126 port 49753 ssh2
Apr 12 05:04:18 ovzhost sshd[1171]: Failed password for root from 43.255.190.126 port 49757 ssh2
Apr 12 05:04:23 ovzhost sshd[1168]: message repeated 2 times: [ Failed password for root from 43.255.190.155 port 46402 ssh2]
Apr 12 05:04:23 ovzhost sshd[1168]: Received disconnect from 43.255.190.155: 11:  [preauth]
Apr 12 05:04:23 ovzhost sshd[1168]: PAM 2 more authentication failures; logname= uid=0 euid=0 tty=ssh ruser= rhost=43.255.190.155  user=root
Apr 12 05:04:23 ovzhost sshd[1170]: message repeated 2 times: [ Failed password for root from 43.255.190.126 port 49753 ssh2]
Apr 12 05:04:23 ovzhost sshd[1170]: Received disconnect from 43.255.190.126: 11:  [preauth]
Apr 12 05:04:23 ovzhost sshd[1170]: PAM 2 more authentication failures; logname= uid=0 euid=0 tty=ssh ruser= rhost=43.255.190.126  user=root
Apr 12 05:04:23 ovzhost sshd[1171]: message repeated 2 times: [ Failed password for root from 43.255.190.126 port 49757 ssh2]
Apr 12 05:04:23 ovzhost sshd[1171]: Received disconnect from 43.255.190.126: 11:  [preauth]
Apr 12 05:04:23 ovzhost sshd[1171]: PAM 2 more authentication failures; logname= uid=0 euid=0 tty=ssh ruser= rhost=43.255.190.126  user=root
Apr 12 05:04:23 ovzhost sshd[1174]: pam_unix(sshd:auth): authentication failure; logname= uid=0 euid=0 tty=ssh ruser= rhost=43.255.190.155  user=root
Apr 12 05:04:23 ovzhost sshd[1176]: pam_unix(sshd:auth): authentication failure; logname= uid=0 euid=0 tty=ssh ruser= rhost=43.255.190.126  user=root
Apr 12 05:04:23 ovzhost sshd[1177]: pam_unix(sshd:auth): authentication failure; logname= uid=0 euid=0 tty=ssh ruser= rhost=43.255.190.126  user=root
Apr 12 05:04:26 ovzhost sshd[1174]: Failed password for root from 43.255.190.155 port 60214 ssh2
Apr 12 05:04:26 ovzhost sshd[1176]: Failed password for root from 43.255.190.126 port 36835 ssh2
Apr 12 05:04:26 ovzhost sshd[1177]: Failed password for root from 43.255.190.126 port 36856 ssh2
Apr 12 05:04:29 ovzhost sshd[1174]: message repeated 2 times: [ Failed password for root from 43.255.190.155 port 60214 ssh2]
Apr 12 05:04:29 ovzhost sshd[1174]: Received disconnect from 43.255.190.155: 11:  [preauth]
Apr 12 05:04:29 ovzhost sshd[1174]: PAM 2 more authentication failures; logname= uid=0 euid=0 tty=ssh ruser= rhost=43.255.190.155  user=root
Apr 12 05:04:29 ovzhost sshd[1177]: message repeated 2 times: [ Failed password for root from 43.255.190.126 port 36856 ssh2]
Apr 12 05:04:29 ovzhost sshd[1177]: Received disconnect from 43.255.190.126: 11:  [preauth]
Apr 12 05:04:29 ovzhost sshd[1177]: PAM 2 more authentication failures; logname= uid=0 euid=0 tty=ssh ruser= rhost=43.255.190.126  user=root
Apr 12 05:04:29 ovzhost sshd[1176]: message repeated 2 times: [ Failed password for root from 43.255.190.126 port 36835 ssh2]
Apr 12 05:04:29 ovzhost sshd[1176]: Received disconnect from 43.255.190.126: 11:  [preauth]
Apr 12 05:04:29 ovzhost sshd[1176]: PAM 2 more authentication failures; logname= uid=0 euid=0 tty=ssh ruser= rhost=43.255.190.126  user=root
Apr 12 05:04:30 ovzhost sshd[1180]: pam_unix(sshd:auth): authentication failure; logname= uid=0 euid=0 tty=ssh ruser= rhost=43.255.190.155  user=root
Apr 12 05:04:30 ovzhost sshd[1182]: pam_unix(sshd:auth): authentication failure; logname= uid=0 euid=0 tty=ssh ruser= rhost=43.255.190.126  user=root
Apr 12 05:04:30 ovzhost sshd[1183]: pam_unix(sshd:auth): authentication failure; logname= uid=0 euid=0 tty=ssh ruser= rhost=43.255.190.126  user=root
Apr 12 05:04:32 ovzhost sshd[1180]: Failed password for root from 43.255.190.155 port 45639 ssh2
Apr 12 05:04:32 ovzhost sshd[1182]: Failed password for root from 43.255.190.126 port 52027 ssh2
Apr 12 05:04:32 ovzhost sshd[1183]: Failed password for root from 43.255.190.126 port 52032 ssh2
Apr 12 05:04:37 ovzhost sshd[1180]: message repeated 2 times: [ Failed password for root from 43.255.190.155 port 45639 ssh2]
Apr 12 05:04:37 ovzhost sshd[1180]: Received disconnect from 43.255.190.155: 11:  [preauth]
Apr 12 05:04:37 ovzhost sshd[1180]: PAM 2 more authentication failures; logname= uid=0 euid=0 tty=ssh ruser= rhost=43.255.190.155  user=root
Apr 12 05:04:37 ovzhost sshd[1182]: message repeated 2 times: [ Failed password for root from 43.255.190.126 port 52027 ssh2]
Apr 12 05:04:37 ovzhost sshd[1182]: Received disconnect from 43.255.190.126: 11:  [preauth]
Apr 12 05:04:37 ovzhost sshd[1182]: PAM 2 more authentication failures; logname= uid=0 euid=0 tty=ssh ruser= rhost=43.255.190.126  user=root
Apr 12 05:04:37 ovzhost sshd[1183]: message repeated 2 times: [ Failed password for root from 43.255.190.126 port 52032 ssh2]
Apr 12 05:04:37 ovzhost sshd[1183]: Received disconnect from 43.255.190.126: 11:  [preauth]
Apr 12 05:04:37 ovzhost sshd[1183]: PAM 2 more authentication failures; logname= uid=0 euid=0 tty=ssh ruser= rhost=43.255.190.126  user=root
Apr 12 05:04:37 ovzhost sshd[1186]: pam_unix(sshd:auth): authentication failure; logname= uid=0 euid=0 tty=ssh ruser= rhost=43.255.190.155  user=root
Apr 12 05:04:37 ovzhost sshd[1189]: pam_unix(sshd:auth): authentication failure; logname= uid=0 euid=0 tty=ssh ruser= rhost=43.255.190.126  user=root
Apr 12 05:04:37 ovzhost sshd[1188]: pam_unix(sshd:auth): authentication failure; logname= uid=0 euid=0 tty=ssh ruser= rhost=43.255.190.126  user=root
Apr 12 05:04:40 ovzhost sshd[1186]: Failed password for root from 43.255.190.155 port 60421 ssh2
Apr 12 05:04:40 ovzhost sshd[1189]: Failed password for root from 43.255.190.126 port 40449 ssh2
Apr 12 05:04:40 ovzhost sshd[1188]: Failed password for root from 43.255.190.126 port 40440 ssh2
Apr 12 05:04:44 ovzhost sshd[1186]: message repeated 2 times: [ Failed password for root from 43.255.190.155 port 60421 ssh2]
Apr 12 05:04:44 ovzhost sshd[1186]: Received disconnect from 43.255.190.155: 11:  [preauth]
Apr 12 05:04:44 ovzhost sshd[1186]: PAM 2 more authentication failures; logname= uid=0 euid=0 tty=ssh ruser= rhost=43.255.190.155  user=root
Apr 12 05:04:44 ovzhost sshd[1188]: message repeated 2 times: [ Failed password for root from 43.255.190.126 port 40440 ssh2]
Apr 12 05:04:44 ovzhost sshd[1188]: Received disconnect from 43.255.190.126: 11:  [preauth]
Apr 12 05:04:44 ovzhost sshd[1188]: PAM 2 more authentication failures; logname= uid=0 euid=0 tty=ssh ruser= rhost=43.255.190.126  user=root
Apr 12 05:04:44 ovzhost sshd[1189]: message repeated 2 times: [ Failed password for root from 43.255.190.126 port 40449 ssh2]
Apr 12 05:04:44 ovzhost sshd[1189]: Received disconnect from 43.255.190.126: 11:  [preauth]
Apr 12 05:04:44 ovzhost sshd[1189]: PAM 2 more authentication failures; logname= uid=0 euid=0 tty=ssh ruser= rhost=43.255.190.126  user=root
Apr 12 05:04:44 ovzhost sshd[1192]: pam_unix(sshd:auth): authentication failure; logname= uid=0 euid=0 tty=ssh ruser= rhost=43.255.190.155  user=root
Apr 12 05:04:45 ovzhost sshd[1196]: pam_unix(sshd:auth): authentication failure; logname= uid=0 euid=0 tty=ssh ruser= rhost=43.255.190.126  user=root
Apr 12 05:04:45 ovzhost sshd[1197]: pam_unix(sshd:auth): authentication failure; logname= uid=0 euid=0 tty=ssh ruser= rhost=43.255.190.126  user=root
Apr 12 05:04:46 ovzhost sshd[1192]: Failed password for root from 43.255.190.155 port 45904 ssh2
Apr 12 05:04:47 ovzhost sshd[1196]: Failed password for root from 43.255.190.126 port 56400 ssh2
Apr 12 05:04:47 ovzhost sshd[1197]: Failed password for root from 43.255.190.126 port 56398 ssh2
Apr 12 05:04:51 ovzhost sshd[1192]: message repeated 2 times: [ Failed password for root from 43.255.190.155 port 45904 ssh2]
Apr 12 05:04:51 ovzhost sshd[1192]: Received disconnect from 43.255.190.155: 11:  [preauth]
Apr 12 05:04:51 ovzhost sshd[1192]: PAM 2 more authentication failures; logname= uid=0 euid=0 tty=ssh ruser= rhost=43.255.190.155  user=root
Apr 12 05:04:51 ovzhost sshd[1196]: message repeated 2 times: [ Failed password for root from 43.255.190.126 port 56400 ssh2]
Apr 12 05:04:51 ovzhost sshd[1196]: Received disconnect from 43.255.190.126: 11:  [preauth]
Apr 12 05:04:51 ovzhost sshd[1196]: PAM 2 more authentication failures; logname= uid=0 euid=0 tty=ssh ruser= rhost=43.255.190.126  user=root
Apr 12 05:04:51 ovzhost sshd[1197]: message repeated 2 times: [ Failed password for root from 43.255.190.126 port 56398 ssh2]
Apr 12 05:04:51 ovzhost sshd[1197]: Received disconnect from 43.255.190.126: 11:  [preauth]
Apr 12 05:04:51 ovzhost sshd[1197]: PAM 2 more authentication failures; logname= uid=0 euid=0 tty=ssh ruser= rhost=43.255.190.126  user=root
Apr 12 05:04:51 ovzhost sshd[1200]: pam_unix(sshd:auth): authentication failure; logname= uid=0 euid=0 tty=ssh ruser= rhost=43.255.190.155  user=root
Apr 12 05:04:52 ovzhost sshd[1202]: pam_unix(sshd:auth): authentication failure; logname= uid=0 euid=0 tty=ssh ruser= rhost=43.255.190.126  user=root
Apr 12 05:04:52 ovzhost sshd[1203]: pam_unix(sshd:auth): authentication failure; logname= uid=0 euid=0 tty=ssh ruser= rhost=43.255.190.126  user=root
Apr 12 05:04:53 ovzhost sshd[1200]: Failed password for root from 43.255.190.155 port 59082 ssh2
Apr 12 05:04:54 ovzhost sshd[1202]: Failed password for root from 43.255.190.126 port 43492 ssh2
Apr 12 05:04:54 ovzhost sshd[1203]: Failed password for root from 43.255.190.126 port 43491 ssh2
Apr 12 05:04:58 ovzhost sshd[1207]: Accepted password for root from 66.51.128.42 port 53924 ssh2
Apr 12 05:04:58 ovzhost sshd[1207]: pam_unix(sshd:session): session opened for user root by (uid=0)
Apr 12 05:04:58 ovzhost sshd[1207]: pam_env(sshd:session): Unable to open env file: /etc/default/locale: No such file or directory
Apr 12 05:04:58 ovzhost sshd[1200]: message repeated 2 times: [ Failed password for root from 43.255.190.155 port 59082 ssh2]
Apr 12 05:04:58 ovzhost sshd[1200]: Received disconnect from 43.255.190.155: 11:  [preauth]
Apr 12 05:04:58 ovzhost sshd[1200]: PAM 2 more authentication failures; logname= uid=0 euid=0 tty=ssh ruser= rhost=43.255.190.155  user=root
Apr 12 05:04:58 ovzhost sshd[1202]: message repeated 2 times: [ Failed password for root from 43.255.190.126 port 43492 ssh2]
Apr 12 05:04:58 ovzhost sshd[1202]: Received disconnect from 43.255.190.126: 11:  [preauth]
Apr 12 05:04:58 ovzhost sshd[1202]: PAM 2 more authentication failures; logname= uid=0 euid=0 tty=ssh ruser= rhost=43.255.190.126  user=root
Apr 12 05:04:58 ovzhost sshd[1203]: message repeated 2 times: [ Failed password for root from 43.255.190.126 port 43491 ssh2]
Apr 12 05:04:58 ovzhost sshd[1203]: Received disconnect from 43.255.190.126: 11:  [preauth]
Apr 12 05:04:58 ovzhost sshd[1203]: PAM 2 more authentication failures; logname= uid=0 euid=0 tty=ssh ruser= rhost=43.255.190.126  user=root
Apr 12 05:04:58 ovzhost sshd[1218]: pam_unix(sshd:auth): authentication failure; logname= uid=0 euid=0 tty=ssh ruser= rhost=43.255.190.155  user=root
Apr 12 05:04:58 ovzhost sshd[1207]: Received disconnect from 66.51.128.42: 11: disconnected by user
Apr 12 05:04:58 ovzhost sshd[1207]: pam_unix(sshd:session): session closed for user root
Apr 12 05:04:58 ovzhost sshd[1221]: pam_unix(sshd:auth): authentication failure; logname= uid=0 euid=0 tty=ssh ruser= rhost=43.255.190.126  user=root
Apr 12 05:04:58 ovzhost sshd[1223]: pam_unix(sshd:auth): authentication failure; logname= uid=0 euid=0 tty=ssh ruser= rhost=43.255.190.126  user=root
