Apr 12 09:48:18 ovzhost sshd[1199]: pam_unix(sshd:auth): authentication failure; logname= uid=0 euid=0 tty=ssh ruser= rhost=43.255.190.141  user=root
Apr 12 09:48:19 ovzhost sshd[1197]: Failed password for root from 43.255.190.120 port 55802 ssh2
Apr 12 09:48:20 ovzhost sshd[1199]: Failed password for root from 43.255.190.141 port 42829 ssh2
Apr 12 09:48:22 ovzhost sshd[1195]: message repeated 2 times: [ Failed password for root from 43.255.190.120 port 51771 ssh2]
Apr 12 09:48:22 ovzhost sshd[1195]: Received disconnect from 43.255.190.120: 11:  [preauth]
Apr 12 09:48:22 ovzhost sshd[1195]: PAM 2 more authentication failures; logname= uid=0 euid=0 tty=ssh ruser= rhost=43.255.190.120  user=root
Apr 12 09:48:23 ovzhost sshd[1197]: message repeated 2 times: [ Failed password for root from 43.255.190.120 port 55802 ssh2]
Apr 12 09:48:23 ovzhost sshd[1197]: Received disconnect from 43.255.190.120: 11:  [preauth]
Apr 12 09:48:23 ovzhost sshd[1197]: PAM 2 more authentication failures; logname= uid=0 euid=0 tty=ssh ruser= rhost=43.255.190.120  user=root
Apr 12 09:48:24 ovzhost sshd[1205]: pam_unix(sshd:auth): authentication failure; logname= uid=0 euid=0 tty=ssh ruser= rhost=128.134.54.57  user=root
Apr 12 09:48:24 ovzhost sshd[1199]: message repeated 2 times: [ Failed password for root from 43.255.190.141 port 42829 ssh2]
Apr 12 09:48:24 ovzhost sshd[1199]: Received disconnect from 43.255.190.141: 11:  [preauth]
Apr 12 09:48:24 ovzhost sshd[1199]: PAM 2 more authentication failures; logname= uid=0 euid=0 tty=ssh ruser= rhost=43.255.190.141  user=root
Apr 12 09:48:25 ovzhost sshd[1201]: pam_unix(sshd:auth): authentication failure; logname= uid=0 euid=0 tty=ssh ruser= rhost=43.255.190.120  user=root
Apr 12 09:48:26 ovzhost sshd[1205]: Failed password for root from 128.134.54.57 port 7176 ssh2
Apr 12 09:48:26 ovzhost sshd[1209]: pam_unix(sshd:auth): authentication failure; logname= uid=0 euid=0 tty=ssh ruser= rhost=43.255.190.141  user=root
Apr 12 09:48:26 ovzhost sshd[1207]: pam_unix(sshd:auth): authentication failure; logname= uid=0 euid=0 tty=ssh ruser= rhost=43.255.190.120  user=root
Apr 12 09:48:27 ovzhost sshd[1201]: Failed password for root from 43.255.190.120 port 40929 ssh2
Apr 12 09:48:28 ovzhost sshd[1209]: Failed password for root from 43.255.190.141 port 59679 ssh2
Apr 12 09:48:28 ovzhost sshd[1207]: Failed password for root from 43.255.190.120 port 44448 ssh2
Apr 12 09:48:29 ovzhost sshd[1205]: Failed password for root from 128.134.54.57 port 7176 ssh2
Apr 12 09:48:29 ovzhost sshd[1205]: Accepted password for root from 128.134.54.57 port 7176 ssh2
Apr 12 09:48:29 ovzhost sshd[1205]: pam_unix(sshd:session): session opened for user root by (uid=0)
Apr 12 09:48:29 ovzhost sshd[1205]: pam_env(sshd:session): Unable to open env file: /etc/default/locale: No such file or directory
Apr 12 09:48:29 ovzhost sshd[1232]: Connection closed by 127.0.0.1 [preauth]
Apr 12 09:48:31 ovzhost sshd[1201]: message repeated 2 times: [ Failed password for root from 43.255.190.120 port 40929 ssh2]
Apr 12 09:48:31 ovzhost sshd[1201]: Received disconnect from 43.255.190.120: 11:  [preauth]
Apr 12 09:48:31 ovzhost sshd[1201]: PAM 2 more authentication failures; logname= uid=0 euid=0 tty=ssh ruser= rhost=43.255.190.120  user=root
Apr 12 09:48:32 ovzhost sshd[1234]: pam_unix(sshd:auth): authentication failure; logname= uid=0 euid=0 tty=ssh ruser= rhost=43.255.190.120  user=root
Apr 12 09:48:32 ovzhost sshd[1207]: message repeated 2 times: [ Failed password for root from 43.255.190.120 port 44448 ssh2]
Apr 12 09:48:32 ovzhost sshd[1207]: Received disconnect from 43.255.190.120: 11:  [preauth]
Apr 12 09:48:32 ovzhost sshd[1207]: PAM 2 more authentication failures; logname= uid=0 euid=0 tty=ssh ruser= rhost=43.255.190.120  user=root
Apr 12 09:48:32 ovzhost sshd[1209]: message repeated 2 times: [ Failed password for root from 43.255.190.141 port 59679 ssh2]
Apr 12 09:48:33 ovzhost sshd[1209]: Received disconnect from 43.255.190.141: 11:  [preauth]
Apr 12 09:48:33 ovzhost sshd[1209]: PAM 2 more authentication failures; logname= uid=0 euid=0 tty=ssh ruser= rhost=43.255.190.141  user=root
Apr 12 09:48:33 ovzhost sshd[1236]: pam_unix(sshd:auth): authentication failure; logname= uid=0 euid=0 tty=ssh ruser= rhost=43.255.190.120  user=root
Apr 12 09:48:33 ovzhost sshd[1238]: pam_unix(sshd:auth): authentication failure; logname= uid=0 euid=0 tty=ssh ruser= rhost=43.255.190.141  user=root
Apr 12 09:48:34 ovzhost sshd[1234]: Failed password for root from 43.255.190.120 port 36725 ssh2
Apr 12 09:48:35 ovzhost sshd[1236]: Failed password for root from 43.255.190.120 port 40400 ssh2
Apr 12 09:48:35 ovzhost sshd[1238]: Failed password for root from 43.255.190.141 port 51476 ssh2
Apr 12 09:48:37 ovzhost sshd[1234]: message repeated 2 times: [ Failed password for root from 43.255.190.120 port 36725 ssh2]
Apr 12 09:48:37 ovzhost sshd[1234]: Received disconnect from 43.255.190.120: 11:  [preauth]
Apr 12 09:48:37 ovzhost sshd[1234]: PAM 2 more authentication failures; logname= uid=0 euid=0 tty=ssh ruser= rhost=43.255.190.120  user=root
Apr 12 09:48:39 ovzhost sshd[1253]: pam_unix(sshd:auth): authentication failure; logname= uid=0 euid=0 tty=ssh ruser= rhost=43.255.190.120  user=root
Apr 12 09:48:39 ovzhost sshd[1236]: message repeated 2 times: [ Failed password for root from 43.255.190.120 port 40400 ssh2]
Apr 12 09:48:39 ovzhost sshd[1236]: Received disconnect from 43.255.190.120: 11:  [preauth]
Apr 12 09:48:39 ovzhost sshd[1236]: PAM 2 more authentication failures; logname= uid=0 euid=0 tty=ssh ruser= rhost=43.255.190.120  user=root
Apr 12 09:48:39 ovzhost sshd[1238]: message repeated 2 times: [ Failed password for root from 43.255.190.141 port 51476 ssh2]
Apr 12 09:48:39 ovzhost sshd[1238]: Received disconnect from 43.255.190.141: 11:  [preauth]
Apr 12 09:48:39 ovzhost sshd[1238]: PAM 2 more authentication failures; logname= uid=0 euid=0 tty=ssh ruser= rhost=43.255.190.141  user=root
Apr 12 09:48:40 ovzhost sshd[1266]: pam_unix(sshd:auth): authentication failure; logname= uid=0 euid=0 tty=ssh ruser= rhost=43.255.190.141  user=root
Apr 12 09:48:40 ovzhost sshd[1253]: Failed password for root from 43.255.190.120 port 52548 ssh2
Apr 12 09:48:42 ovzhost sshd[1266]: Failed password for root from 43.255.190.141 port 38757 ssh2
Apr 12 09:48:42 ovzhost sshd[1205]: pam_unix(sshd:session): session closed for user root
