Mar 31 17:16:56 ovzhost sudo:     root : unable to resolve host ovzhost
Mar 31 17:16:56 ovzhost sudo:     root : TTY=pts/0 ; PWD=/ ; USER=root ; COMMAND=/usr/bin/less /root/.bash_history
Mar 31 17:16:56 ovzhost sudo: pam_unix(sudo:session): session opened for user root by (uid=0)
Mar 31 17:16:57 ovzhost sudo: pam_unix(sudo:session): session closed for user root
Apr  2 14:31:13 ovzhost sshd[419]: Server listening on 0.0.0.0 port 22.
Apr  2 14:31:13 ovzhost sshd[419]: Server listening on :: port 22.
Apr  2 14:31:13 ovzhost saslauthd[637]: detach_tty      : master pid is: 637
Apr  2 14:31:13 ovzhost saslauthd[637]: ipc_init        : listening on socket: /var/run/saslauthd/mux
Apr  2 14:33:26 ovzhost sshd[797]: Connection closed by 127.0.0.1 [preauth]
Apr 12 09:38:29 ovzhost sshd[791]: Connection closed by 127.0.0.1 [preauth]
Apr 12 09:39:01 ovzhost CRON[795]: pam_env(cron:session): Unable to open env file: /etc/default/locale: No such file or directory
Apr 12 09:39:01 ovzhost CRON[795]: pam_unix(cron:session): session opened for user root by (uid=0)
Apr 12 09:39:02 ovzhost CRON[795]: pam_unix(cron:session): session closed for user root
Apr 12 09:40:01 ovzhost CRON[811]: pam_env(cron:session): Unable to open env file: /etc/default/locale: No such file or directory
Apr 12 09:40:01 ovzhost CRON[811]: pam_unix(cron:session): session opened for user smmsp by (uid=0)
Apr 12 09:40:01 ovzhost CRON[811]: pam_unix(cron:session): session closed for user smmsp
Apr 12 09:40:25 ovzhost sshd[838]: Connection closed by 128.8.37.104 [preauth]
Apr 12 09:41:17 ovzhost sshd[842]: pam_unix(sshd:auth): authentication failure; logname= uid=0 euid=0 tty=ssh ruser= rhost=43.255.190.120  user=root
Apr 12 09:41:19 ovzhost sshd[842]: Failed password for root from 43.255.190.120 port 59264 ssh2
Apr 12 09:41:22 ovzhost sshd[842]: message repeated 2 times: [ Failed password for root from 43.255.190.120 port 59264 ssh2]
Apr 12 09:41:23 ovzhost sshd[842]: Received disconnect from 43.255.190.120: 11:  [preauth]
Apr 12 09:41:23 ovzhost sshd[842]: PAM 2 more authentication failures; logname= uid=0 euid=0 tty=ssh ruser= rhost=43.255.190.120  user=root
Apr 12 09:41:23 ovzhost sshd[844]: pam_unix(sshd:auth): authentication failure; logname= uid=0 euid=0 tty=ssh ruser= rhost=43.255.190.120  user=root
Apr 12 09:41:24 ovzhost sshd[846]: pam_unix(sshd:auth): authentication failure; logname= uid=0 euid=0 tty=ssh ruser= rhost=43.255.190.120  user=root
Apr 12 09:41:25 ovzhost sshd[844]: Failed password for root from 43.255.190.120 port 50546 ssh2
Apr 12 09:41:26 ovzhost sshd[846]: Failed password for root from 43.255.190.120 port 54022 ssh2
Apr 12 09:41:29 ovzhost sshd[844]: message repeated 2 times: [ Failed password for root from 43.255.190.120 port 50546 ssh2]
Apr 12 09:41:29 ovzhost sshd[844]: Received disconnect from 43.255.190.120: 11:  [preauth]
Apr 12 09:41:29 ovzhost sshd[844]: PAM 2 more authentication failures; logname= uid=0 euid=0 tty=ssh ruser= rhost=43.255.190.120  user=root
Apr 12 09:41:29 ovzhost sshd[850]: pam_unix(sshd:auth): authentication failure; logname= uid=0 euid=0 tty=ssh ruser= rhost=43.255.190.120  user=root
Apr 12 09:41:31 ovzhost sshd[846]: message repeated 2 times: [ Failed password for root from 43.255.190.120 port 54022 ssh2]
Apr 12 09:41:31 ovzhost sshd[846]: Received disconnect from 43.255.190.120: 11:  [preauth]
Apr 12 09:41:31 ovzhost sshd[846]: PAM 2 more authentication failures; logname= uid=0 euid=0 tty=ssh ruser= rhost=43.255.190.120  user=root
Apr 12 09:41:31 ovzhost sshd[852]: pam_unix(sshd:auth): authentication failure; logname= uid=0 euid=0 tty=ssh ruser= rhost=43.255.190.120  user=root
Apr 12 09:41:31 ovzhost sshd[850]: Failed password for root from 43.255.190.120 port 39460 ssh2
Apr 12 09:41:34 ovzhost sshd[852]: Failed password for root from 43.255.190.120 port 44709 ssh2
Apr 12 09:41:36 ovzhost sshd[850]: message repeated 2 times: [ Failed password for root from 43.255.190.120 port 39460 ssh2]
Apr 12 09:41:36 ovzhost sshd[850]: Received disconnect from 43.255.190.120: 11:  [preauth]
Apr 12 09:41:36 ovzhost sshd[850]: PAM 2 more authentication failures; logname= uid=0 euid=0 tty=ssh ruser= rhost=43.255.190.120  user=root
Apr 12 09:41:36 ovzhost sshd[854]: pam_unix(sshd:auth): authentication failure; logname= uid=0 euid=0 tty=ssh ruser= rhost=43.255.190.120  user=root
Apr 12 09:41:38 ovzhost sshd[852]: message repeated 2 times: [ Failed password for root from 43.255.190.120 port 44709 ssh2]
Apr 12 09:41:38 ovzhost sshd[852]: Received disconnect from 43.255.190.120: 11:  [preauth]
Apr 12 09:41:38 ovzhost sshd[852]: PAM 2 more authentication failures; logname= uid=0 euid=0 tty=ssh ruser= rhost=43.255.190.120  user=root
Apr 12 09:41:39 ovzhost sshd[856]: pam_unix(sshd:auth): authentication failure; logname= uid=0 euid=0 tty=ssh ruser= rhost=43.255.190.120  user=root
Apr 12 09:41:39 ovzhost sshd[854]: Failed password for root from 43.255.190.120 port 59565 ssh2
Apr 12 09:41:41 ovzhost sshd[856]: Failed password for root from 43.255.190.120 port 37080 ssh2
Apr 12 09:41:42 ovzhost sshd[854]: message repeated 2 times: [ Failed password for root from 43.255.190.120 port 59565 ssh2]
Apr 12 09:41:43 ovzhost sshd[854]: Received disconnect from 43.255.190.120: 11:  [preauth]
Apr 12 09:41:43 ovzhost sshd[854]: PAM 2 more authentication failures; logname= uid=0 euid=0 tty=ssh ruser= rhost=43.255.190.120  user=root
Apr 12 09:41:44 ovzhost sshd[858]: pam_unix(sshd:auth): authentication failure; logname= uid=0 euid=0 tty=ssh ruser= rhost=43.255.190.120  user=root
Apr 12 09:41:45 ovzhost sshd[856]: message repeated 2 times: [ Failed password for root from 43.255.190.120 port 37080 ssh2]
Apr 12 09:41:45 ovzhost sshd[856]: Received disconnect from 43.255.190.120: 11:  [preauth]
Apr 12 09:41:45 ovzhost sshd[856]: PAM 2 more authentication failures; logname= uid=0 euid=0 tty=ssh ruser= rhost=43.255.190.120  user=root
Apr 12 09:41:46 ovzhost sshd[858]: Failed password for root from 43.255.190.120 port 50132 ssh2
Apr 12 09:41:46 ovzhost sshd[860]: pam_unix(sshd:auth): authentication failure; logname= uid=0 euid=0 tty=ssh ruser= rhost=43.255.190.120  user=root
Apr 12 09:41:48 ovzhost sshd[860]: Failed password for root from 43.255.190.120 port 57183 ssh2
Apr 12 09:41:50 ovzhost sshd[858]: message repeated 2 times: [ Failed password for root from 43.255.190.120 port 50132 ssh2]
Apr 12 09:41:50 ovzhost sshd[858]: Received disconnect from 43.255.190.120: 11:  [preauth]
Apr 12 09:41:50 ovzhost sshd[858]: PAM 2 more authentication failures; logname= uid=0 euid=0 tty=ssh ruser= rhost=43.255.190.120  user=root
Apr 12 09:41:51 ovzhost sshd[862]: pam_unix(sshd:auth): authentication failure; logname= uid=0 euid=0 tty=ssh ruser= rhost=43.255.190.120  user=root
Apr 12 09:41:52 ovzhost sshd[860]: message repeated 2 times: [ Failed password for root from 43.255.190.120 port 57183 ssh2]
Apr 12 09:41:52 ovzhost sshd[860]: Received disconnect from 43.255.190.120: 11:  [preauth]
Apr 12 09:41:52 ovzhost sshd[860]: PAM 2 more authentication failures; logname= uid=0 euid=0 tty=ssh ruser= rhost=43.255.190.120  user=root
Apr 12 09:41:52 ovzhost sshd[862]: Failed password for root from 43.255.190.120 port 42410 ssh2
Apr 12 09:41:53 ovzhost sshd[865]: pam_unix(sshd:auth): authentication failure; logname= uid=0 euid=0 tty=ssh ruser= rhost=43.255.190.120  user=root
Apr 12 09:41:54 ovzhost sshd[865]: Failed password for root from 43.255.190.120 port 48240 ssh2
Apr 12 09:41:56 ovzhost sshd[862]: message repeated 2 times: [ Failed password for root from 43.255.190.120 port 42410 ssh2]
Apr 12 09:41:56 ovzhost sshd[862]: Received disconnect from 43.255.190.120: 11:  [preauth]
Apr 12 09:41:56 ovzhost sshd[862]: PAM 2 more authentication failures; logname= uid=0 euid=0 tty=ssh ruser= rhost=43.255.190.120  user=root
Apr 12 09:41:57 ovzhost sshd[867]: pam_unix(sshd:auth): authentication failure; logname= uid=0 euid=0 tty=ssh ruser= rhost=43.255.190.120  user=root
Apr 12 09:41:57 ovzhost sshd[865]: message repeated 2 times: [ Failed password for root from 43.255.190.120 port 48240 ssh2]
Apr 12 09:41:57 ovzhost sshd[865]: Received disconnect from 43.255.190.120: 11:  [preauth]
Apr 12 09:41:57 ovzhost sshd[865]: PAM 2 more authentication failures; logname= uid=0 euid=0 tty=ssh ruser= rhost=43.255.190.120  user=root
Apr 12 09:41:58 ovzhost sshd[869]: pam_unix(sshd:auth): authentication failure; logname= uid=0 euid=0 tty=ssh ruser= rhost=43.255.190.120  user=root
Apr 12 09:41:58 ovzhost sshd[867]: Failed password for root from 43.255.190.120 port 60400 ssh2
Apr 12 09:42:00 ovzhost sshd[869]: Failed password for root from 43.255.190.120 port 36488 ssh2
Apr 12 09:42:03 ovzhost sshd[867]: message repeated 2 times: [ Failed password for root from 43.255.190.120 port 60400 ssh2]
Apr 12 09:42:03 ovzhost sshd[867]: Received disconnect from 43.255.190.120: 11:  [preauth]
Apr 12 09:42:03 ovzhost sshd[867]: PAM 2 more authentication failures; logname= uid=0 euid=0 tty=ssh ruser= rhost=43.255.190.120  user=root
Apr 12 09:42:03 ovzhost sshd[871]: pam_unix(sshd:auth): authentication failure; logname= uid=0 euid=0 tty=ssh ruser= rhost=43.255.190.120  user=root
Apr 12 09:42:04 ovzhost sshd[869]: message repeated 2 times: [ Failed password for root from 43.255.190.120 port 36488 ssh2]
Apr 12 09:42:04 ovzhost sshd[869]: Received disconnect from 43.255.190.120: 11:  [preauth]
Apr 12 09:42:04 ovzhost sshd[869]: PAM 2 more authentication failures; logname= uid=0 euid=0 tty=ssh ruser= rhost=43.255.190.120  user=root
Apr 12 09:42:05 ovzhost sshd[871]: Failed password for root from 43.255.190.120 port 52229 ssh2
Apr 12 09:42:09 ovzhost sshd[871]: message repeated 2 times: [ Failed password for root from 43.255.190.120 port 52229 ssh2]
Apr 12 09:42:09 ovzhost sshd[871]: Received disconnect from 43.255.190.120: 11:  [preauth]
Apr 12 09:42:09 ovzhost sshd[871]: PAM 2 more authentication failures; logname= uid=0 euid=0 tty=ssh ruser= rhost=43.255.190.120  user=root
Apr 12 09:42:10 ovzhost sshd[875]: pam_unix(sshd:auth): authentication failure; logname= uid=0 euid=0 tty=ssh ruser= rhost=43.255.190.120  user=root
Apr 12 09:42:10 ovzhost sshd[873]: pam_unix(sshd:auth): authentication failure; logname= uid=0 euid=0 tty=ssh ruser= rhost=43.255.190.120  user=root
Apr 12 09:42:12 ovzhost sshd[875]: Failed password for root from 43.255.190.120 port 40088 ssh2
Apr 12 09:42:12 ovzhost sshd[873]: Failed password for root from 43.255.190.120 port 55653 ssh2
Apr 12 09:42:16 ovzhost sshd[875]: message repeated 2 times: [ Failed password for root from 43.255.190.120 port 40088 ssh2]
Apr 12 09:42:16 ovzhost sshd[875]: Received disconnect from 43.255.190.120: 11:  [preauth]
Apr 12 09:42:16 ovzhost sshd[875]: PAM 2 more authentication failures; logname= uid=0 euid=0 tty=ssh ruser= rhost=43.255.190.120  user=root
Apr 12 09:42:16 ovzhost sshd[873]: message repeated 2 times: [ Failed password for root from 43.255.190.120 port 55653 ssh2]
Apr 12 09:42:16 ovzhost sshd[873]: Received disconnect from 43.255.190.120: 11:  [preauth]
Apr 12 09:42:16 ovzhost sshd[873]: PAM 2 more authentication failures; logname= uid=0 euid=0 tty=ssh ruser= rhost=43.255.190.120  user=root
Apr 12 09:42:16 ovzhost sshd[877]: pam_unix(sshd:auth): authentication failure; logname= uid=0 euid=0 tty=ssh ruser= rhost=43.255.190.120  user=root
Apr 12 09:42:17 ovzhost sshd[879]: pam_unix(sshd:auth): authentication failure; logname= uid=0 euid=0 tty=ssh ruser= rhost=43.255.190.120  user=root
Apr 12 09:42:18 ovzhost sshd[879]: Failed password for root from 43.255.190.120 port 60728 ssh2
Apr 12 09:42:18 ovzhost sshd[877]: Failed password for root from 43.255.190.120 port 59841 ssh2
Apr 12 09:42:22 ovzhost sshd[879]: message repeated 2 times: [ Failed password for root from 43.255.190.120 port 60728 ssh2]
Apr 12 09:42:22 ovzhost sshd[879]: Received disconnect from 43.255.190.120: 11:  [preauth]
Apr 12 09:42:22 ovzhost sshd[879]: PAM 2 more authentication failures; logname= uid=0 euid=0 tty=ssh ruser= rhost=43.255.190.120  user=root
Apr 12 09:42:22 ovzhost sshd[877]: message repeated 2 times: [ Failed password for root from 43.255.190.120 port 59841 ssh2]
Apr 12 09:42:22 ovzhost sshd[877]: Received disconnect from 43.255.190.120: 11:  [preauth]
Apr 12 09:42:22 ovzhost sshd[877]: PAM 2 more authentication failures; logname= uid=0 euid=0 tty=ssh ruser= rhost=43.255.190.120  user=root
Apr 12 09:42:23 ovzhost sshd[881]: pam_unix(sshd:auth): authentication failure; logname= uid=0 euid=0 tty=ssh ruser= rhost=43.255.190.120  user=root
Apr 12 09:42:23 ovzhost sshd[883]: pam_unix(sshd:auth): authentication failure; logname= uid=0 euid=0 tty=ssh ruser= rhost=43.255.190.120  user=root
Apr 12 09:42:25 ovzhost sshd[881]: Failed password for root from 43.255.190.120 port 50043 ssh2
Apr 12 09:42:25 ovzhost sshd[883]: Failed password for root from 43.255.190.120 port 50787 ssh2
Apr 12 09:42:29 ovzhost sshd[881]: message repeated 2 times: [ Failed password for root from 43.255.190.120 port 50043 ssh2]
Apr 12 09:42:29 ovzhost sshd[881]: Received disconnect from 43.255.190.120: 11:  [preauth]
Apr 12 09:42:29 ovzhost sshd[881]: PAM 2 more authentication failures; logname= uid=0 euid=0 tty=ssh ruser= rhost=43.255.190.120  user=root
Apr 12 09:42:29 ovzhost sshd[883]: message repeated 2 times: [ Failed password for root from 43.255.190.120 port 50787 ssh2]
Apr 12 09:42:29 ovzhost sshd[883]: Received disconnect from 43.255.190.120: 11:  [preauth]
Apr 12 09:42:29 ovzhost sshd[883]: PAM 2 more authentication failures; logname= uid=0 euid=0 tty=ssh ruser= rhost=43.255.190.120  user=root
Apr 12 09:42:30 ovzhost sshd[885]: pam_unix(sshd:auth): authentication failure; logname= uid=0 euid=0 tty=ssh ruser= rhost=43.255.190.120  user=root
Apr 12 09:42:31 ovzhost sshd[887]: pam_unix(sshd:auth): authentication failure; logname= uid=0 euid=0 tty=ssh ruser= rhost=43.255.190.120  user=root
Apr 12 09:42:32 ovzhost sshd[885]: Failed password for root from 43.255.190.120 port 41035 ssh2
Apr 12 09:42:33 ovzhost sshd[887]: Failed password for root from 43.255.190.120 port 41642 ssh2
Apr 12 09:42:36 ovzhost sshd[885]: message repeated 2 times: [ Failed password for root from 43.255.190.120 port 41035 ssh2]
Apr 12 09:42:36 ovzhost sshd[885]: Received disconnect from 43.255.190.120: 11:  [preauth]
Apr 12 09:42:36 ovzhost sshd[885]: PAM 2 more authentication failures; logname= uid=0 euid=0 tty=ssh ruser= rhost=43.255.190.120  user=root
Apr 12 09:42:36 ovzhost sshd[889]: pam_unix(sshd:auth): authentication failure; logname= uid=0 euid=0 tty=ssh ruser= rhost=43.255.190.120  user=root
Apr 12 09:42:37 ovzhost sshd[887]: message repeated 2 times: [ Failed password for root from 43.255.190.120 port 41642 ssh2]
Apr 12 09:42:37 ovzhost sshd[887]: Received disconnect from 43.255.190.120: 11:  [preauth]
Apr 12 09:42:37 ovzhost sshd[887]: PAM 2 more authentication failures; logname= uid=0 euid=0 tty=ssh ruser= rhost=43.255.190.120  user=root
Apr 12 09:42:37 ovzhost sshd[891]: pam_unix(sshd:auth): authentication failure; logname= uid=0 euid=0 tty=ssh ruser= rhost=43.255.190.120  user=root
Apr 12 09:42:38 ovzhost sshd[889]: Failed password for root from 43.255.190.120 port 59366 ssh2
Apr 12 09:42:40 ovzhost sshd[891]: Failed password for root from 43.255.190.120 port 33569 ssh2
Apr 12 09:42:42 ovzhost sshd[889]: message repeated 2 times: [ Failed password for root from 43.255.190.120 port 59366 ssh2]
Apr 12 09:42:42 ovzhost sshd[889]: Received disconnect from 43.255.190.120: 11:  [preauth]
Apr 12 09:42:42 ovzhost sshd[889]: PAM 2 more authentication failures; logname= uid=0 euid=0 tty=ssh ruser= rhost=43.255.190.120  user=root
Apr 12 09:42:43 ovzhost sshd[893]: pam_unix(sshd:auth): authentication failure; logname= uid=0 euid=0 tty=ssh ruser= rhost=43.255.190.120  user=root
Apr 12 09:42:44 ovzhost sshd[891]: message repeated 2 times: [ Failed password for root from 43.255.190.120 port 33569 ssh2]
Apr 12 09:42:44 ovzhost sshd[891]: Received disconnect from 43.255.190.120: 11:  [preauth]
Apr 12 09:42:44 ovzhost sshd[891]: PAM 2 more authentication failures; logname= uid=0 euid=0 tty=ssh ruser= rhost=43.255.190.120  user=root
Apr 12 09:42:45 ovzhost sshd[895]: pam_unix(sshd:auth): authentication failure; logname= uid=0 euid=0 tty=ssh ruser= rhost=43.255.190.120  user=root
Apr 12 09:42:45 ovzhost sshd[893]: Failed password for root from 43.255.190.120 port 50495 ssh2
Apr 12 09:42:47 ovzhost sshd[895]: Failed password for root from 43.255.190.120 port 54638 ssh2
Apr 12 09:42:50 ovzhost sshd[893]: message repeated 2 times: [ Failed password for root from 43.255.190.120 port 50495 ssh2]
Apr 12 09:42:50 ovzhost sshd[893]: Received disconnect from 43.255.190.120: 11:  [preauth]
Apr 12 09:42:50 ovzhost sshd[893]: PAM 2 more authentication failures; logname= uid=0 euid=0 tty=ssh ruser= rhost=43.255.190.120  user=root
Apr 12 09:42:50 ovzhost sshd[897]: pam_unix(sshd:auth): authentication failure; logname= uid=0 euid=0 tty=ssh ruser= rhost=43.255.190.120  user=root
Apr 12 09:42:51 ovzhost sshd[895]: message repeated 2 times: [ Failed password for root from 43.255.190.120 port 54638 ssh2]
Apr 12 09:42:51 ovzhost sshd[895]: Received disconnect from 43.255.190.120: 11:  [preauth]
Apr 12 09:42:51 ovzhost sshd[895]: PAM 2 more authentication failures; logname= uid=0 euid=0 tty=ssh ruser= rhost=43.255.190.120  user=root
Apr 12 09:42:52 ovzhost sshd[899]: pam_unix(sshd:auth): authentication failure; logname= uid=0 euid=0 tty=ssh ruser= rhost=43.255.190.120  user=root
Apr 12 09:42:52 ovzhost sshd[897]: Failed password for root from 43.255.190.120 port 42297 ssh2
Apr 12 09:42:54 ovzhost sshd[899]: Failed password for root from 43.255.190.120 port 46667 ssh2
Apr 12 09:42:57 ovzhost sshd[897]: message repeated 2 times: [ Failed password for root from 43.255.190.120 port 42297 ssh2]
Apr 12 09:42:57 ovzhost sshd[897]: Received disconnect from 43.255.190.120: 11:  [preauth]
Apr 12 09:42:57 ovzhost sshd[897]: PAM 2 more authentication failures; logname= uid=0 euid=0 tty=ssh ruser= rhost=43.255.190.120  user=root
Apr 12 09:42:58 ovzhost sshd[899]: message repeated 2 times: [ Failed password for root from 43.255.190.120 port 46667 ssh2]
Apr 12 09:42:58 ovzhost sshd[899]: Received disconnect from 43.255.190.120: 11:  [preauth]
Apr 12 09:42:58 ovzhost sshd[899]: PAM 2 more authentication failures; logname= uid=0 euid=0 tty=ssh ruser= rhost=43.255.190.120  user=root
Apr 12 09:42:59 ovzhost sshd[904]: pam_unix(sshd:auth): authentication failure; logname= uid=0 euid=0 tty=ssh ruser= rhost=43.255.190.120  user=root
Apr 12 09:43:00 ovzhost sshd[906]: pam_unix(sshd:auth): authentication failure; logname= uid=0 euid=0 tty=ssh ruser= rhost=43.255.190.120  user=root
Apr 12 09:43:02 ovzhost sshd[904]: Failed password for root from 43.255.190.120 port 60974 ssh2
Apr 12 09:43:02 ovzhost sshd[906]: Failed password for root from 43.255.190.120 port 36224 ssh2
Apr 12 09:43:03 ovzhost sshd[908]: pam_unix(sshd:auth): authentication failure; logname= uid=0 euid=0 tty=ssh ruser= rhost=43.255.190.141  user=root
Apr 12 09:43:05 ovzhost sshd[908]: Failed password for root from 43.255.190.141 port 39095 ssh2
Apr 12 09:43:06 ovzhost sshd[904]: message repeated 2 times: [ Failed password for root from 43.255.190.120 port 60974 ssh2]
Apr 12 09:43:06 ovzhost sshd[904]: Received disconnect from 43.255.190.120: 11:  [preauth]
Apr 12 09:43:06 ovzhost sshd[904]: PAM 2 more authentication failures; logname= uid=0 euid=0 tty=ssh ruser= rhost=43.255.190.120  user=root
Apr 12 09:43:07 ovzhost sshd[906]: message repeated 2 times: [ Failed password for root from 43.255.190.120 port 36224 ssh2]
Apr 12 09:43:07 ovzhost sshd[906]: Received disconnect from 43.255.190.120: 11:  [preauth]
Apr 12 09:43:07 ovzhost sshd[906]: PAM 2 more authentication failures; logname= uid=0 euid=0 tty=ssh ruser= rhost=43.255.190.120  user=root
Apr 12 09:43:07 ovzhost sshd[910]: pam_unix(sshd:auth): authentication failure; logname= uid=0 euid=0 tty=ssh ruser= rhost=43.255.190.120  user=root
Apr 12 09:43:07 ovzhost sshd[912]: pam_unix(sshd:auth): authentication failure; logname= uid=0 euid=0 tty=ssh ruser= rhost=43.255.190.120  user=root
Apr 12 09:43:09 ovzhost sshd[910]: Failed password for root from 43.255.190.120 port 56738 ssh2
Apr 12 09:43:09 ovzhost sshd[912]: Failed password for root from 43.255.190.120 port 58611 ssh2
Apr 12 09:43:09 ovzhost sshd[908]: message repeated 2 times: [ Failed password for root from 43.255.190.141 port 39095 ssh2]
Apr 12 09:43:10 ovzhost sshd[908]: Received disconnect from 43.255.190.141: 11:  [preauth]
Apr 12 09:43:10 ovzhost sshd[908]: PAM 2 more authentication failures; logname= uid=0 euid=0 tty=ssh ruser= rhost=43.255.190.141  user=root
Apr 12 09:43:10 ovzhost sshd[916]: pam_unix(sshd:auth): authentication failure; logname= uid=0 euid=0 tty=ssh ruser= rhost=43.255.190.141  user=root
Apr 12 09:43:12 ovzhost sshd[916]: Failed password for root from 43.255.190.141 port 53221 ssh2
Apr 12 09:43:13 ovzhost sshd[910]: message repeated 2 times: [ Failed password for root from 43.255.190.120 port 56738 ssh2]
Apr 12 09:43:13 ovzhost sshd[910]: Received disconnect from 43.255.190.120: 11:  [preauth]
Apr 12 09:43:13 ovzhost sshd[910]: PAM 2 more authentication failures; logname= uid=0 euid=0 tty=ssh ruser= rhost=43.255.190.120  user=root
Apr 12 09:43:13 ovzhost sshd[912]: message repeated 2 times: [ Failed password for root from 43.255.190.120 port 58611 ssh2]
Apr 12 09:43:13 ovzhost sshd[912]: Received disconnect from 43.255.190.120: 11:  [preauth]
Apr 12 09:43:13 ovzhost sshd[912]: PAM 2 more authentication failures; logname= uid=0 euid=0 tty=ssh ruser= rhost=43.255.190.120  user=root
Apr 12 09:43:14 ovzhost sshd[918]: pam_unix(sshd:auth): authentication failure; logname= uid=0 euid=0 tty=ssh ruser= rhost=43.255.190.120  user=root
Apr 12 09:43:14 ovzhost sshd[920]: pam_unix(sshd:auth): authentication failure; logname= uid=0 euid=0 tty=ssh ruser= rhost=43.255.190.120  user=root
Apr 12 09:43:15 ovzhost sshd[918]: Failed password for root from 43.255.190.120 port 46630 ssh2
Apr 12 09:43:16 ovzhost sshd[920]: Failed password for root from 43.255.190.120 port 48941 ssh2
Apr 12 09:43:17 ovzhost sshd[916]: message repeated 2 times: [ Failed password for root from 43.255.190.141 port 53221 ssh2]
Apr 12 09:43:17 ovzhost sshd[916]: Received disconnect from 43.255.190.141: 11:  [preauth]
Apr 12 09:43:17 ovzhost sshd[916]: PAM 2 more authentication failures; logname= uid=0 euid=0 tty=ssh ruser= rhost=43.255.190.141  user=root
Apr 12 09:43:17 ovzhost sshd[922]: pam_unix(sshd:auth): authentication failure; logname= uid=0 euid=0 tty=ssh ruser= rhost=43.255.190.141  user=root
Apr 12 09:43:19 ovzhost sshd[922]: Failed password for root from 43.255.190.141 port 38879 ssh2
Apr 12 09:43:20 ovzhost sshd[918]: message repeated 2 times: [ Failed password for root from 43.255.190.120 port 46630 ssh2]
Apr 12 09:43:20 ovzhost sshd[918]: Received disconnect from 43.255.190.120: 11:  [preauth]
Apr 12 09:43:20 ovzhost sshd[918]: PAM 2 more authentication failures; logname= uid=0 euid=0 tty=ssh ruser= rhost=43.255.190.120  user=root
Apr 12 09:43:20 ovzhost sshd[920]: message repeated 2 times: [ Failed password for root from 43.255.190.120 port 48941 ssh2]
Apr 12 09:43:20 ovzhost sshd[920]: Received disconnect from 43.255.190.120: 11:  [preauth]
Apr 12 09:43:20 ovzhost sshd[920]: PAM 2 more authentication failures; logname= uid=0 euid=0 tty=ssh ruser= rhost=43.255.190.120  user=root
Apr 12 09:43:21 ovzhost sshd[924]: pam_unix(sshd:auth): authentication failure; logname= uid=0 euid=0 tty=ssh ruser= rhost=43.255.190.120  user=root
Apr 12 09:43:22 ovzhost sshd[926]: pam_unix(sshd:auth): authentication failure; logname= uid=0 euid=0 tty=ssh ruser= rhost=43.255.190.120  user=root
Apr 12 09:43:23 ovzhost sshd[924]: Failed password for root from 43.255.190.120 port 35134 ssh2
Apr 12 09:43:25 ovzhost sshd[926]: Failed password for root from 43.255.190.120 port 35630 ssh2
Apr 12 09:43:25 ovzhost sshd[922]: message repeated 2 times: [ Failed password for root from 43.255.190.141 port 38879 ssh2]
Apr 12 09:43:25 ovzhost sshd[922]: Received disconnect from 43.255.190.141: 11:  [preauth]
Apr 12 09:43:25 ovzhost sshd[922]: PAM 2 more authentication failures; logname= uid=0 euid=0 tty=ssh ruser= rhost=43.255.190.141  user=root
Apr 12 09:43:26 ovzhost sshd[928]: pam_unix(sshd:auth): authentication failure; logname= uid=0 euid=0 tty=ssh ruser= rhost=43.255.190.141  user=root
Apr 12 09:43:27 ovzhost sshd[924]: message repeated 2 times: [ Failed password for root from 43.255.190.120 port 35134 ssh2]
Apr 12 09:43:27 ovzhost sshd[924]: Received disconnect from 43.255.190.120: 11:  [preauth]
Apr 12 09:43:27 ovzhost sshd[924]: PAM 2 more authentication failures; logname= uid=0 euid=0 tty=ssh ruser= rhost=43.255.190.120  user=root
Apr 12 09:43:28 ovzhost sshd[930]: pam_unix(sshd:auth): authentication failure; logname= uid=0 euid=0 tty=ssh ruser= rhost=43.255.190.120  user=root
Apr 12 09:43:28 ovzhost sshd[928]: Failed password for root from 43.255.190.141 port 52805 ssh2
Apr 12 09:43:29 ovzhost sshd[926]: message repeated 2 times: [ Failed password for root from 43.255.190.120 port 35630 ssh2]
Apr 12 09:43:29 ovzhost sshd[926]: Received disconnect from 43.255.190.120: 11:  [preauth]
Apr 12 09:43:29 ovzhost sshd[926]: PAM 2 more authentication failures; logname= uid=0 euid=0 tty=ssh ruser= rhost=43.255.190.120  user=root
Apr 12 09:43:29 ovzhost sshd[932]: pam_unix(sshd:auth): authentication failure; logname= uid=0 euid=0 tty=ssh ruser= rhost=43.255.190.120  user=root
Apr 12 09:43:29 ovzhost sshd[935]: Connection closed by 127.0.0.1 [preauth]
Apr 12 09:43:30 ovzhost sshd[930]: Failed password for root from 43.255.190.120 port 50326 ssh2
Apr 12 09:43:32 ovzhost sshd[932]: Failed password for root from 43.255.190.120 port 53758 ssh2
Apr 12 09:43:32 ovzhost sshd[928]: message repeated 2 times: [ Failed password for root from 43.255.190.141 port 52805 ssh2]
Apr 12 09:43:32 ovzhost sshd[928]: Received disconnect from 43.255.190.141: 11:  [preauth]
Apr 12 09:43:32 ovzhost sshd[928]: PAM 2 more authentication failures; logname= uid=0 euid=0 tty=ssh ruser= rhost=43.255.190.141  user=root
Apr 12 09:43:33 ovzhost sshd[937]: pam_unix(sshd:auth): authentication failure; logname= uid=0 euid=0 tty=ssh ruser= rhost=43.255.190.141  user=root
Apr 12 09:43:34 ovzhost sshd[930]: message repeated 2 times: [ Failed password for root from 43.255.190.120 port 50326 ssh2]
Apr 12 09:43:34 ovzhost sshd[930]: Received disconnect from 43.255.190.120: 11:  [preauth]
Apr 12 09:43:34 ovzhost sshd[930]: PAM 2 more authentication failures; logname= uid=0 euid=0 tty=ssh ruser= rhost=43.255.190.120  user=root
Apr 12 09:43:35 ovzhost sshd[937]: Failed password for root from 43.255.190.141 port 36359 ssh2
Apr 12 09:43:35 ovzhost sshd[939]: pam_unix(sshd:auth): authentication failure; logname= uid=0 euid=0 tty=ssh ruser= rhost=43.255.190.120  user=root
Apr 12 09:43:36 ovzhost sshd[932]: message repeated 2 times: [ Failed password for root from 43.255.190.120 port 53758 ssh2]
Apr 12 09:43:36 ovzhost sshd[932]: Received disconnect from 43.255.190.120: 11:  [preauth]
Apr 12 09:43:36 ovzhost sshd[932]: PAM 2 more authentication failures; logname= uid=0 euid=0 tty=ssh ruser= rhost=43.255.190.120  user=root
Apr 12 09:43:37 ovzhost sshd[939]: Failed password for root from 43.255.190.120 port 38951 ssh2
Apr 12 09:43:37 ovzhost sshd[941]: pam_unix(sshd:auth): authentication failure; logname= uid=0 euid=0 tty=ssh ruser= rhost=43.255.190.120  user=root
Apr 12 09:43:39 ovzhost sshd[937]: message repeated 2 times: [ Failed password for root from 43.255.190.141 port 36359 ssh2]
Apr 12 09:43:39 ovzhost sshd[937]: Received disconnect from 43.255.190.141: 11:  [preauth]
Apr 12 09:43:39 ovzhost sshd[937]: PAM 2 more authentication failures; logname= uid=0 euid=0 tty=ssh ruser= rhost=43.255.190.141  user=root
Apr 12 09:43:39 ovzhost sshd[941]: Failed password for root from 43.255.190.120 port 44593 ssh2
Apr 12 09:43:39 ovzhost sshd[943]: pam_unix(sshd:auth): authentication failure; logname= uid=0 euid=0 tty=ssh ruser= rhost=43.255.190.141  user=root
Apr 12 09:43:41 ovzhost sshd[939]: message repeated 2 times: [ Failed password for root from 43.255.190.120 port 38951 ssh2]
Apr 12 09:43:41 ovzhost sshd[939]: Received disconnect from 43.255.190.120: 11:  [preauth]
Apr 12 09:43:41 ovzhost sshd[939]: PAM 2 more authentication failures; logname= uid=0 euid=0 tty=ssh ruser= rhost=43.255.190.120  user=root
Apr 12 09:43:41 ovzhost sshd[943]: Failed password for root from 43.255.190.141 port 49608 ssh2
Apr 12 09:43:42 ovzhost sshd[945]: pam_unix(sshd:auth): authentication failure; logname= uid=0 euid=0 tty=ssh ruser= rhost=43.255.190.120  user=root
Apr 12 09:43:43 ovzhost sshd[945]: Failed password for root from 43.255.190.120 port 56898 ssh2
Apr 12 09:43:43 ovzhost sshd[941]: message repeated 2 times: [ Failed password for root from 43.255.190.120 port 44593 ssh2]
Apr 12 09:43:44 ovzhost sshd[941]: Received disconnect from 43.255.190.120: 11:  [preauth]
Apr 12 09:43:44 ovzhost sshd[941]: PAM 2 more authentication failures; logname= uid=0 euid=0 tty=ssh ruser= rhost=43.255.190.120  user=root
Apr 12 09:43:44 ovzhost sshd[947]: pam_unix(sshd:auth): authentication failure; logname= uid=0 euid=0 tty=ssh ruser= rhost=43.255.190.120  user=root
Apr 12 09:43:46 ovzhost sshd[943]: message repeated 2 times: [ Failed password for root from 43.255.190.141 port 49608 ssh2]
Apr 12 09:43:46 ovzhost sshd[943]: Received disconnect from 43.255.190.141: 11:  [preauth]
Apr 12 09:43:46 ovzhost sshd[943]: PAM 2 more authentication failures; logname= uid=0 euid=0 tty=ssh ruser= rhost=43.255.190.141  user=root
Apr 12 09:43:46 ovzhost sshd[947]: Failed password for root from 43.255.190.120 port 35484 ssh2
Apr 12 09:43:47 ovzhost sshd[949]: pam_unix(sshd:auth): authentication failure; logname= uid=0 euid=0 tty=ssh ruser= rhost=43.255.190.141  user=root
Apr 12 09:43:48 ovzhost sshd[945]: message repeated 2 times: [ Failed password for root from 43.255.190.120 port 56898 ssh2]
Apr 12 09:43:48 ovzhost sshd[945]: Received disconnect from 43.255.190.120: 11:  [preauth]
Apr 12 09:43:48 ovzhost sshd[945]: PAM 2 more authentication failures; logname= uid=0 euid=0 tty=ssh ruser= rhost=43.255.190.120  user=root
Apr 12 09:43:49 ovzhost sshd[949]: Failed password for root from 43.255.190.141 port 36545 ssh2
Apr 12 09:43:49 ovzhost sshd[951]: pam_unix(sshd:auth): authentication failure; logname= uid=0 euid=0 tty=ssh ruser= rhost=43.255.190.120  user=root
Apr 12 09:43:50 ovzhost sshd[947]: message repeated 2 times: [ Failed password for root from 43.255.190.120 port 35484 ssh2]
Apr 12 09:43:50 ovzhost sshd[947]: Received disconnect from 43.255.190.120: 11:  [preauth]
Apr 12 09:43:50 ovzhost sshd[947]: PAM 2 more authentication failures; logname= uid=0 euid=0 tty=ssh ruser= rhost=43.255.190.120  user=root
Apr 12 09:43:51 ovzhost sshd[953]: pam_unix(sshd:auth): authentication failure; logname= uid=0 euid=0 tty=ssh ruser= rhost=43.255.190.120  user=root
Apr 12 09:43:51 ovzhost sshd[951]: Failed password for root from 43.255.190.120 port 48407 ssh2
Apr 12 09:43:53 ovzhost sshd[953]: Failed password for root from 43.255.190.120 port 54725 ssh2
Apr 12 09:43:53 ovzhost sshd[949]: message repeated 2 times: [ Failed password for root from 43.255.190.141 port 36545 ssh2]
Apr 12 09:43:53 ovzhost sshd[949]: Received disconnect from 43.255.190.141: 11:  [preauth]
Apr 12 09:43:53 ovzhost sshd[949]: PAM 2 more authentication failures; logname= uid=0 euid=0 tty=ssh ruser= rhost=43.255.190.141  user=root
Apr 12 09:43:53 ovzhost sshd[955]: pam_unix(sshd:auth): authentication failure; logname= uid=0 euid=0 tty=ssh ruser= rhost=43.255.190.141  user=root
Apr 12 09:43:55 ovzhost sshd[951]: message repeated 2 times: [ Failed password for root from 43.255.190.120 port 48407 ssh2]
Apr 12 09:43:55 ovzhost sshd[951]: Received disconnect from 43.255.190.120: 11:  [preauth]
Apr 12 09:43:55 ovzhost sshd[951]: PAM 2 more authentication failures; logname= uid=0 euid=0 tty=ssh ruser= rhost=43.255.190.120  user=root
Apr 12 09:43:56 ovzhost sshd[955]: Failed password for root from 43.255.190.141 port 49327 ssh2
Apr 12 09:43:56 ovzhost sshd[959]: pam_unix(sshd:auth): authentication failure; logname= uid=0 euid=0 tty=ssh ruser= rhost=43.255.190.120  user=root
Apr 12 09:43:57 ovzhost sshd[953]: message repeated 2 times: [ Failed password for root from 43.255.190.120 port 54725 ssh2]
Apr 12 09:43:58 ovzhost sshd[953]: Received disconnect from 43.255.190.120: 11:  [preauth]
Apr 12 09:43:58 ovzhost sshd[953]: PAM 2 more authentication failures; logname= uid=0 euid=0 tty=ssh ruser= rhost=43.255.190.120  user=root
Apr 12 09:43:58 ovzhost sshd[959]: Failed password for root from 43.255.190.120 port 38291 ssh2
Apr 12 09:43:58 ovzhost sshd[961]: pam_unix(sshd:auth): authentication failure; logname= uid=0 euid=0 tty=ssh ruser= rhost=43.255.190.120  user=root
Apr 12 09:44:00 ovzhost sshd[955]: message repeated 2 times: [ Failed password for root from 43.255.190.141 port 49327 ssh2]
Apr 12 09:44:00 ovzhost sshd[955]: Received disconnect from 43.255.190.141: 11:  [preauth]
Apr 12 09:44:00 ovzhost sshd[955]: PAM 2 more authentication failures; logname= uid=0 euid=0 tty=ssh ruser= rhost=43.255.190.141  user=root
Apr 12 09:44:00 ovzhost sshd[961]: Failed password for root from 43.255.190.120 port 43712 ssh2
Apr 12 09:44:01 ovzhost sshd[963]: pam_unix(sshd:auth): authentication failure; logname= uid=0 euid=0 tty=ssh ruser= rhost=43.255.190.141  user=root
Apr 12 09:44:03 ovzhost sshd[963]: Failed password for root from 43.255.190.141 port 33443 ssh2
Apr 12 09:44:03 ovzhost sshd[959]: message repeated 2 times: [ Failed password for root from 43.255.190.120 port 38291 ssh2]
Apr 12 09:44:03 ovzhost sshd[959]: Received disconnect from 43.255.190.120: 11:  [preauth]
Apr 12 09:44:03 ovzhost sshd[959]: PAM 2 more authentication failures; logname= uid=0 euid=0 tty=ssh ruser= rhost=43.255.190.120  user=root
Apr 12 09:44:03 ovzhost sshd[965]: pam_unix(sshd:auth): authentication failure; logname= uid=0 euid=0 tty=ssh ruser= rhost=43.255.190.120  user=root
Apr 12 09:44:05 ovzhost sshd[961]: message repeated 2 times: [ Failed password for root from 43.255.190.120 port 43712 ssh2]
Apr 12 09:44:05 ovzhost sshd[961]: Received disconnect from 43.255.190.120: 11:  [preauth]
Apr 12 09:44:05 ovzhost sshd[961]: PAM 2 more authentication failures; logname= uid=0 euid=0 tty=ssh ruser= rhost=43.255.190.120  user=root
Apr 12 09:44:05 ovzhost sshd[965]: Failed password for root from 43.255.190.120 port 56449 ssh2
Apr 12 09:44:05 ovzhost sshd[967]: pam_unix(sshd:auth): authentication failure; logname= uid=0 euid=0 tty=ssh ruser= rhost=43.255.190.120  user=root
Apr 12 09:44:07 ovzhost sshd[963]: message repeated 2 times: [ Failed password for root from 43.255.190.141 port 33443 ssh2]
Apr 12 09:44:07 ovzhost sshd[963]: Received disconnect from 43.255.190.141: 11:  [preauth]
Apr 12 09:44:07 ovzhost sshd[963]: PAM 2 more authentication failures; logname= uid=0 euid=0 tty=ssh ruser= rhost=43.255.190.141  user=root
Apr 12 09:44:08 ovzhost sshd[970]: pam_unix(sshd:auth): authentication failure; logname= uid=0 euid=0 tty=ssh ruser= rhost=43.255.190.141  user=root
Apr 12 09:44:08 ovzhost sshd[967]: Failed password for root from 43.255.190.120 port 33024 ssh2
Apr 12 09:44:10 ovzhost sshd[970]: Failed password for root from 43.255.190.141 port 45256 ssh2
Apr 12 09:44:10 ovzhost sshd[965]: message repeated 2 times: [ Failed password for root from 43.255.190.120 port 56449 ssh2]
Apr 12 09:44:10 ovzhost sshd[965]: Received disconnect from 43.255.190.120: 11:  [preauth]
Apr 12 09:44:10 ovzhost sshd[965]: PAM 2 more authentication failures; logname= uid=0 euid=0 tty=ssh ruser= rhost=43.255.190.120  user=root
Apr 12 09:44:11 ovzhost sshd[972]: pam_unix(sshd:auth): authentication failure; logname= uid=0 euid=0 tty=ssh ruser= rhost=43.255.190.120  user=root
Apr 12 09:44:12 ovzhost sshd[967]: message repeated 2 times: [ Failed password for root from 43.255.190.120 port 33024 ssh2]
Apr 12 09:44:12 ovzhost sshd[967]: Received disconnect from 43.255.190.120: 11:  [preauth]
Apr 12 09:44:12 ovzhost sshd[967]: PAM 2 more authentication failures; logname= uid=0 euid=0 tty=ssh ruser= rhost=43.255.190.120  user=root
Apr 12 09:44:13 ovzhost sshd[972]: Failed password for root from 43.255.190.120 port 45092 ssh2
Apr 12 09:44:14 ovzhost sshd[970]: message repeated 2 times: [ Failed password for root from 43.255.190.141 port 45256 ssh2]
Apr 12 09:44:14 ovzhost sshd[970]: Received disconnect from 43.255.190.141: 11:  [preauth]
Apr 12 09:44:14 ovzhost sshd[970]: PAM 2 more authentication failures; logname= uid=0 euid=0 tty=ssh ruser= rhost=43.255.190.141  user=root
Apr 12 09:44:16 ovzhost sshd[976]: pam_unix(sshd:auth): authentication failure; logname= uid=0 euid=0 tty=ssh ruser= rhost=43.255.190.141  user=root
Apr 12 09:44:16 ovzhost sshd[974]: pam_unix(sshd:auth): authentication failure; logname= uid=0 euid=0 tty=ssh ruser= rhost=43.255.190.120  user=root
Apr 12 09:44:18 ovzhost sshd[976]: Failed password for root from 43.255.190.141 port 59514 ssh2
Apr 12 09:44:18 ovzhost sshd[972]: message repeated 2 times: [ Failed password for root from 43.255.190.120 port 45092 ssh2]
Apr 12 09:44:18 ovzhost sshd[972]: Received disconnect from 43.255.190.120: 11:  [preauth]
Apr 12 09:44:18 ovzhost sshd[972]: PAM 2 more authentication failures; logname= uid=0 euid=0 tty=ssh ruser= rhost=43.255.190.120  user=root
Apr 12 09:44:18 ovzhost sshd[974]: Failed password for root from 43.255.190.120 port 51782 ssh2
Apr 12 09:44:18 ovzhost sshd[978]: pam_unix(sshd:auth): authentication failure; logname= uid=0 euid=0 tty=ssh ruser= rhost=43.255.190.120  user=root
Apr 12 09:44:21 ovzhost sshd[978]: Failed password for root from 43.255.190.120 port 37878 ssh2
Apr 12 09:44:22 ovzhost sshd[976]: message repeated 2 times: [ Failed password for root from 43.255.190.141 port 59514 ssh2]
Apr 12 09:44:22 ovzhost sshd[976]: Received disconnect from 43.255.190.141: 11:  [preauth]
Apr 12 09:44:22 ovzhost sshd[976]: PAM 2 more authentication failures; logname= uid=0 euid=0 tty=ssh ruser= rhost=43.255.190.141  user=root
Apr 12 09:44:22 ovzhost sshd[974]: message repeated 2 times: [ Failed password for root from 43.255.190.120 port 51782 ssh2]
Apr 12 09:44:23 ovzhost sshd[974]: Received disconnect from 43.255.190.120: 11:  [preauth]
Apr 12 09:44:23 ovzhost sshd[974]: PAM 2 more authentication failures; logname= uid=0 euid=0 tty=ssh ruser= rhost=43.255.190.120  user=root
Apr 12 09:44:23 ovzhost sshd[980]: pam_unix(sshd:auth): authentication failure; logname= uid=0 euid=0 tty=ssh ruser= rhost=43.255.190.141  user=root
Apr 12 09:44:23 ovzhost sshd[982]: pam_unix(sshd:auth): authentication failure; logname= uid=0 euid=0 tty=ssh ruser= rhost=43.255.190.120  user=root
Apr 12 09:44:25 ovzhost sshd[978]: message repeated 2 times: [ Failed password for root from 43.255.190.120 port 37878 ssh2]
Apr 12 09:44:25 ovzhost sshd[978]: Received disconnect from 43.255.190.120: 11:  [preauth]
Apr 12 09:44:25 ovzhost sshd[978]: PAM 2 more authentication failures; logname= uid=0 euid=0 tty=ssh ruser= rhost=43.255.190.120  user=root
Apr 12 09:44:25 ovzhost sshd[980]: Failed password for root from 43.255.190.141 port 46583 ssh2
Apr 12 09:44:25 ovzhost sshd[982]: Failed password for root from 43.255.190.120 port 51214 ssh2
Apr 12 09:44:25 ovzhost sshd[984]: pam_unix(sshd:auth): authentication failure; logname= uid=0 euid=0 tty=ssh ruser= rhost=43.255.190.120  user=root
Apr 12 09:44:28 ovzhost sshd[984]: Failed password for root from 43.255.190.120 port 57318 ssh2
Apr 12 09:44:30 ovzhost sshd[980]: message repeated 2 times: [ Failed password for root from 43.255.190.141 port 46583 ssh2]
Apr 12 09:44:30 ovzhost sshd[980]: Received disconnect from 43.255.190.141: 11:  [preauth]
Apr 12 09:44:30 ovzhost sshd[980]: PAM 2 more authentication failures; logname= uid=0 euid=0 tty=ssh ruser= rhost=43.255.190.141  user=root
Apr 12 09:44:30 ovzhost sshd[982]: message repeated 2 times: [ Failed password for root from 43.255.190.120 port 51214 ssh2]
Apr 12 09:44:30 ovzhost sshd[982]: Received disconnect from 43.255.190.120: 11:  [preauth]
Apr 12 09:44:30 ovzhost sshd[982]: PAM 2 more authentication failures; logname= uid=0 euid=0 tty=ssh ruser= rhost=43.255.190.120  user=root
Apr 12 09:44:30 ovzhost sshd[987]: pam_unix(sshd:auth): authentication failure; logname= uid=0 euid=0 tty=ssh ruser= rhost=43.255.190.141  user=root
Apr 12 09:44:31 ovzhost sshd[989]: pam_unix(sshd:auth): authentication failure; logname= uid=0 euid=0 tty=ssh ruser= rhost=43.255.190.120  user=root
Apr 12 09:44:32 ovzhost sshd[984]: message repeated 2 times: [ Failed password for root from 43.255.190.120 port 57318 ssh2]
Apr 12 09:44:32 ovzhost sshd[984]: Received disconnect from 43.255.190.120: 11:  [preauth]
Apr 12 09:44:32 ovzhost sshd[984]: PAM 2 more authentication failures; logname= uid=0 euid=0 tty=ssh ruser= rhost=43.255.190.120  user=root
Apr 12 09:44:33 ovzhost sshd[987]: Failed password for root from 43.255.190.141 port 32851 ssh2
Apr 12 09:44:33 ovzhost sshd[989]: Failed password for root from 43.255.190.120 port 43276 ssh2
Apr 12 09:44:33 ovzhost sshd[991]: pam_unix(sshd:auth): authentication failure; logname= uid=0 euid=0 tty=ssh ruser= rhost=43.255.190.120  user=root
Apr 12 09:44:35 ovzhost sshd[991]: Failed password for root from 43.255.190.120 port 49526 ssh2
Apr 12 09:44:37 ovzhost sshd[987]: message repeated 2 times: [ Failed password for root from 43.255.190.141 port 32851 ssh2]
Apr 12 09:44:37 ovzhost sshd[987]: Received disconnect from 43.255.190.141: 11:  [preauth]
Apr 12 09:44:37 ovzhost sshd[987]: PAM 2 more authentication failures; logname= uid=0 euid=0 tty=ssh ruser= rhost=43.255.190.141  user=root
Apr 12 09:44:38 ovzhost sshd[989]: message repeated 2 times: [ Failed password for root from 43.255.190.120 port 43276 ssh2]
Apr 12 09:44:38 ovzhost sshd[989]: Received disconnect from 43.255.190.120: 11:  [preauth]
Apr 12 09:44:38 ovzhost sshd[989]: PAM 2 more authentication failures; logname= uid=0 euid=0 tty=ssh ruser= rhost=43.255.190.120  user=root
Apr 12 09:44:40 ovzhost sshd[995]: pam_unix(sshd:auth): authentication failure; logname= uid=0 euid=0 tty=ssh ruser= rhost=43.255.190.141  user=root
Apr 12 09:44:40 ovzhost sshd[991]: message repeated 2 times: [ Failed password for root from 43.255.190.120 port 49526 ssh2]
Apr 12 09:44:40 ovzhost sshd[991]: Received disconnect from 43.255.190.120: 11:  [preauth]
Apr 12 09:44:40 ovzhost sshd[991]: PAM 2 more authentication failures; logname= uid=0 euid=0 tty=ssh ruser= rhost=43.255.190.120  user=root
Apr 12 09:44:41 ovzhost sshd[993]: pam_unix(sshd:auth): authentication failure; logname= uid=0 euid=0 tty=ssh ruser= rhost=43.255.190.120  user=root
Apr 12 09:44:41 ovzhost sshd[997]: pam_unix(sshd:auth): authentication failure; logname= uid=0 euid=0 tty=ssh ruser= rhost=43.255.190.120  user=root
Apr 12 09:44:42 ovzhost sshd[995]: Failed password for root from 43.255.190.141 port 47660 ssh2
Apr 12 09:44:43 ovzhost sshd[993]: Failed password for root from 43.255.190.120 port 34552 ssh2
Apr 12 09:44:43 ovzhost sshd[997]: Failed password for root from 43.255.190.120 port 41906 ssh2
Apr 12 09:44:46 ovzhost sshd[995]: message repeated 2 times: [ Failed password for root from 43.255.190.141 port 47660 ssh2]
Apr 12 09:44:46 ovzhost sshd[995]: Received disconnect from 43.255.190.141: 11:  [preauth]
Apr 12 09:44:46 ovzhost sshd[995]: PAM 2 more authentication failures; logname= uid=0 euid=0 tty=ssh ruser= rhost=43.255.190.141  user=root
Apr 12 09:44:47 ovzhost sshd[993]: message repeated 2 times: [ Failed password for root from 43.255.190.120 port 34552 ssh2]
Apr 12 09:44:47 ovzhost sshd[993]: Received disconnect from 43.255.190.120: 11:  [preauth]
Apr 12 09:44:47 ovzhost sshd[993]: PAM 2 more authentication failures; logname= uid=0 euid=0 tty=ssh ruser= rhost=43.255.190.120  user=root
Apr 12 09:44:47 ovzhost sshd[999]: pam_unix(sshd:auth): authentication failure; logname= uid=0 euid=0 tty=ssh ruser= rhost=43.255.190.141  user=root
Apr 12 09:44:47 ovzhost sshd[997]: message repeated 2 times: [ Failed password for root from 43.255.190.120 port 41906 ssh2]
Apr 12 09:44:47 ovzhost sshd[997]: Received disconnect from 43.255.190.120: 11:  [preauth]
Apr 12 09:44:47 ovzhost sshd[997]: PAM 2 more authentication failures; logname= uid=0 euid=0 tty=ssh ruser= rhost=43.255.190.120  user=root
Apr 12 09:44:47 ovzhost sshd[1001]: pam_unix(sshd:auth): authentication failure; logname= uid=0 euid=0 tty=ssh ruser= rhost=43.255.190.120  user=root
Apr 12 09:44:48 ovzhost sshd[1003]: pam_unix(sshd:auth): authentication failure; logname= uid=0 euid=0 tty=ssh ruser= rhost=43.255.190.120  user=root
Apr 12 09:44:49 ovzhost sshd[999]: Failed password for root from 43.255.190.141 port 37105 ssh2
Apr 12 09:44:50 ovzhost sshd[1003]: Failed password for root from 43.255.190.120 port 59967 ssh2
Apr 12 09:44:50 ovzhost sshd[1001]: Failed password for root from 43.255.190.120 port 59293 ssh2
Apr 12 09:44:54 ovzhost sshd[999]: message repeated 2 times: [ Failed password for root from 43.255.190.141 port 37105 ssh2]
Apr 12 09:44:54 ovzhost sshd[999]: Received disconnect from 43.255.190.141: 11:  [preauth]
Apr 12 09:44:54 ovzhost sshd[999]: PAM 2 more authentication failures; logname= uid=0 euid=0 tty=ssh ruser= rhost=43.255.190.141  user=root
Apr 12 09:44:54 ovzhost sshd[1003]: message repeated 2 times: [ Failed password for root from 43.255.190.120 port 59967 ssh2]
Apr 12 09:44:54 ovzhost sshd[1003]: Received disconnect from 43.255.190.120: 11:  [preauth]
Apr 12 09:44:54 ovzhost sshd[1003]: PAM 2 more authentication failures; logname= uid=0 euid=0 tty=ssh ruser= rhost=43.255.190.120  user=root
Apr 12 09:44:54 ovzhost sshd[1001]: message repeated 2 times: [ Failed password for root from 43.255.190.120 port 59293 ssh2]
Apr 12 09:44:54 ovzhost sshd[1001]: Received disconnect from 43.255.190.120: 11:  [preauth]
Apr 12 09:44:54 ovzhost sshd[1001]: PAM 2 more authentication failures; logname= uid=0 euid=0 tty=ssh ruser= rhost=43.255.190.120  user=root
Apr 12 09:44:55 ovzhost sshd[1005]: pam_unix(sshd:auth): authentication failure; logname= uid=0 euid=0 tty=ssh ruser= rhost=43.255.190.141  user=root
Apr 12 09:44:55 ovzhost sshd[1010]: pam_unix(sshd:auth): authentication failure; logname= uid=0 euid=0 tty=ssh ruser= rhost=43.255.190.120  user=root
Apr 12 09:44:55 ovzhost sshd[1012]: pam_unix(sshd:auth): authentication failure; logname= uid=0 euid=0 tty=ssh ruser= rhost=43.255.190.120  user=root
Apr 12 09:44:56 ovzhost sshd[1005]: Failed password for root from 43.255.190.141 port 52089 ssh2
Apr 12 09:44:57 ovzhost sshd[1010]: Failed password for root from 43.255.190.120 port 51474 ssh2
Apr 12 09:44:57 ovzhost sshd[1012]: Failed password for root from 43.255.190.120 port 51588 ssh2
Apr 12 09:45:01 ovzhost sshd[1012]: message repeated 2 times: [ Failed password for root from 43.255.190.120 port 51588 ssh2]
Apr 12 09:45:01 ovzhost sshd[1012]: Received disconnect from 43.255.190.120: 11:  [preauth]
Apr 12 09:45:01 ovzhost sshd[1012]: PAM 2 more authentication failures; logname= uid=0 euid=0 tty=ssh ruser= rhost=43.255.190.120  user=root
Apr 12 09:45:01 ovzhost sshd[1005]: message repeated 2 times: [ Failed password for root from 43.255.190.141 port 52089 ssh2]
Apr 12 09:45:02 ovzhost sshd[1005]: Received disconnect from 43.255.190.141: 11:  [preauth]
Apr 12 09:45:02 ovzhost sshd[1005]: PAM 2 more authentication failures; logname= uid=0 euid=0 tty=ssh ruser= rhost=43.255.190.141  user=root
Apr 12 09:45:01 ovzhost sshd[1010]: message repeated 2 times: [ Failed password for root from 43.255.190.120 port 51474 ssh2]
Apr 12 09:45:03 ovzhost sshd[1010]: Received disconnect from 43.255.190.120: 11:  [preauth]
Apr 12 09:45:03 ovzhost sshd[1010]: PAM 2 more authentication failures; logname= uid=0 euid=0 tty=ssh ruser= rhost=43.255.190.120  user=root
Apr 12 09:45:04 ovzhost sshd[1016]: pam_unix(sshd:auth): authentication failure; logname= uid=0 euid=0 tty=ssh ruser= rhost=43.255.190.141  user=root
Apr 12 09:45:05 ovzhost sshd[1014]: pam_unix(sshd:auth): authentication failure; logname= uid=0 euid=0 tty=ssh ruser= rhost=43.255.190.120  user=root
Apr 12 09:45:05 ovzhost sshd[1018]: pam_unix(sshd:auth): authentication failure; logname= uid=0 euid=0 tty=ssh ruser= rhost=43.255.190.120  user=root
Apr 12 09:45:05 ovzhost sshd[1016]: Failed password for root from 43.255.190.141 port 40539 ssh2
Apr 12 09:45:07 ovzhost sshd[1014]: Failed password for root from 43.255.190.120 port 40257 ssh2
Apr 12 09:45:07 ovzhost sshd[1018]: Failed password for root from 43.255.190.120 port 45753 ssh2
Apr 12 09:45:10 ovzhost sshd[1016]: message repeated 2 times: [ Failed password for root from 43.255.190.141 port 40539 ssh2]
Apr 12 09:45:10 ovzhost sshd[1016]: Received disconnect from 43.255.190.141: 11:  [preauth]
Apr 12 09:45:10 ovzhost sshd[1016]: PAM 2 more authentication failures; logname= uid=0 euid=0 tty=ssh ruser= rhost=43.255.190.141  user=root
Apr 12 09:45:11 ovzhost sshd[1014]: message repeated 2 times: [ Failed password for root from 43.255.190.120 port 40257 ssh2]
Apr 12 09:45:11 ovzhost sshd[1014]: Received disconnect from 43.255.190.120: 11:  [preauth]
Apr 12 09:45:11 ovzhost sshd[1014]: PAM 2 more authentication failures; logname= uid=0 euid=0 tty=ssh ruser= rhost=43.255.190.120  user=root
Apr 12 09:45:11 ovzhost sshd[1020]: pam_unix(sshd:auth): authentication failure; logname= uid=0 euid=0 tty=ssh ruser= rhost=43.255.190.141  user=root
Apr 12 09:45:11 ovzhost sshd[1022]: pam_unix(sshd:auth): authentication failure; logname= uid=0 euid=0 tty=ssh ruser= rhost=43.255.190.120  user=root
Apr 12 09:45:11 ovzhost sshd[1018]: message repeated 2 times: [ Failed password for root from 43.255.190.120 port 45753 ssh2]
Apr 12 09:45:11 ovzhost sshd[1018]: Received disconnect from 43.255.190.120: 11:  [preauth]
