Mar 31 17:16:56 ovzhost sudo:     root : unable to resolve host ovzhost
Mar 31 17:16:56 ovzhost sudo:     root : TTY=pts/0 ; PWD=/ ; USER=root ; COMMAND=/usr/bin/less /root/.bash_history
Mar 31 17:16:56 ovzhost sudo: pam_unix(sudo:session): session opened for user root by (uid=0)
Mar 31 17:16:57 ovzhost sudo: pam_unix(sudo:session): session closed for user root
Apr  2 14:31:13 ovzhost sshd[419]: Server listening on 0.0.0.0 port 22.
Apr  2 14:31:13 ovzhost sshd[419]: Server listening on :: port 22.
Apr  2 14:31:13 ovzhost saslauthd[637]: detach_tty      : master pid is: 637
Apr  2 14:31:13 ovzhost saslauthd[637]: ipc_init        : listening on socket: /var/run/saslauthd/mux
Apr  2 14:33:26 ovzhost sshd[797]: Connection closed by 127.0.0.1 [preauth]
Apr 12 18:38:33 ovzhost sshd[798]: Connection closed by 127.0.0.1 [preauth]
Apr 12 18:39:01 ovzhost CRON[802]: pam_env(cron:session): Unable to open env file: /etc/default/locale: No such file or directory
Apr 12 18:39:01 ovzhost CRON[802]: pam_unix(cron:session): session opened for user root by (uid=0)
Apr 12 18:39:02 ovzhost CRON[802]: pam_unix(cron:session): session closed for user root
Apr 12 18:40:01 ovzhost CRON[817]: pam_env(cron:session): Unable to open env file: /etc/default/locale: No such file or directory
Apr 12 18:40:01 ovzhost CRON[817]: pam_unix(cron:session): session opened for user smmsp by (uid=0)
Apr 12 18:40:01 ovzhost CRON[817]: pam_unix(cron:session): session closed for user smmsp
Apr 12 18:40:30 ovzhost sshd[844]: Connection closed by 128.8.37.104 [preauth]
Apr 12 18:43:33 ovzhost sshd[858]: Connection closed by 127.0.0.1 [preauth]
Apr 12 18:47:45 ovzhost sshd[872]: pam_unix(sshd:auth): authentication failure; logname= uid=0 euid=0 tty=ssh ruser= rhost=43.255.190.144  user=root
Apr 12 18:47:47 ovzhost sshd[872]: Failed password for root from 43.255.190.144 port 56461 ssh2
Apr 12 18:47:48 ovzhost sshd[874]: pam_unix(sshd:auth): authentication failure; logname= uid=0 euid=0 tty=ssh ruser= rhost=222.171.225.170  user=root
Apr 12 18:47:50 ovzhost sshd[872]: message repeated 2 times: [ Failed password for root from 43.255.190.144 port 56461 ssh2]
Apr 12 18:47:50 ovzhost sshd[872]: Received disconnect from 43.255.190.144: 11:  [preauth]
Apr 12 18:47:50 ovzhost sshd[872]: PAM 2 more authentication failures; logname= uid=0 euid=0 tty=ssh ruser= rhost=43.255.190.144  user=root
Apr 12 18:47:50 ovzhost sshd[874]: Failed password for root from 222.171.225.170 port 34040 ssh2
Apr 12 18:47:50 ovzhost sshd[876]: pam_unix(sshd:auth): authentication failure; logname= uid=0 euid=0 tty=ssh ruser= rhost=43.255.190.144  user=root
Apr 12 18:47:52 ovzhost sshd[876]: Failed password for root from 43.255.190.144 port 40332 ssh2
Apr 12 18:47:54 ovzhost sshd[878]: pam_unix(sshd:auth): authentication failure; logname= uid=0 euid=0 tty=ssh ruser= rhost=43.255.190.124  user=root
Apr 12 18:47:54 ovzhost sshd[874]: message repeated 2 times: [ Failed password for root from 222.171.225.170 port 34040 ssh2]
Apr 12 18:47:55 ovzhost sshd[874]: Connection closed by 222.171.225.170 [preauth]
Apr 12 18:47:55 ovzhost sshd[874]: PAM 2 more authentication failures; logname= uid=0 euid=0 tty=ssh ruser= rhost=222.171.225.170  user=root
Apr 12 18:47:56 ovzhost sshd[878]: Failed password for root from 43.255.190.124 port 33154 ssh2
Apr 12 18:47:57 ovzhost sshd[876]: message repeated 2 times: [ Failed password for root from 43.255.190.144 port 40332 ssh2]
Apr 12 18:47:57 ovzhost sshd[876]: Received disconnect from 43.255.190.144: 11:  [preauth]
Apr 12 18:47:57 ovzhost sshd[876]: PAM 2 more authentication failures; logname= uid=0 euid=0 tty=ssh ruser= rhost=43.255.190.144  user=root
Apr 12 18:47:57 ovzhost sshd[880]: pam_unix(sshd:auth): authentication failure; logname= uid=0 euid=0 tty=ssh ruser= rhost=43.255.190.144  user=root
Apr 12 18:47:59 ovzhost sshd[880]: Failed password for root from 43.255.190.144 port 55323 ssh2
Apr 12 18:48:00 ovzhost sshd[878]: message repeated 2 times: [ Failed password for root from 43.255.190.124 port 33154 ssh2]
Apr 12 18:48:00 ovzhost sshd[878]: Received disconnect from 43.255.190.124: 11:  [preauth]
Apr 12 18:48:00 ovzhost sshd[878]: PAM 2 more authentication failures; logname= uid=0 euid=0 tty=ssh ruser= rhost=43.255.190.124  user=root
Apr 12 18:48:00 ovzhost sshd[883]: pam_unix(sshd:auth): authentication failure; logname= uid=0 euid=0 tty=ssh ruser= rhost=43.255.190.124  user=root
Apr 12 18:48:02 ovzhost sshd[883]: Failed password for root from 43.255.190.124 port 47668 ssh2
Apr 12 18:48:03 ovzhost sshd[880]: message repeated 2 times: [ Failed password for root from 43.255.190.144 port 55323 ssh2]
Apr 12 18:48:03 ovzhost sshd[880]: Received disconnect from 43.255.190.144: 11:  [preauth]
Apr 12 18:48:03 ovzhost sshd[880]: PAM 2 more authentication failures; logname= uid=0 euid=0 tty=ssh ruser= rhost=43.255.190.144  user=root
Apr 12 18:48:03 ovzhost sshd[889]: pam_unix(sshd:auth): authentication failure; logname= uid=0 euid=0 tty=ssh ruser= rhost=43.255.190.144  user=root
Apr 12 18:48:06 ovzhost sshd[889]: Failed password for root from 43.255.190.144 port 40417 ssh2
Apr 12 18:48:06 ovzhost sshd[891]: pam_unix(sshd:auth): authentication failure; logname= uid=0 euid=0 tty=ssh ruser= rhost=43.255.190.144  user=root
Apr 12 18:48:06 ovzhost sshd[883]: message repeated 2 times: [ Failed password for root from 43.255.190.124 port 47668 ssh2]
Apr 12 18:48:06 ovzhost sshd[883]: Received disconnect from 43.255.190.124: 11:  [preauth]
Apr 12 18:48:06 ovzhost sshd[883]: PAM 2 more authentication failures; logname= uid=0 euid=0 tty=ssh ruser= rhost=43.255.190.124  user=root
Apr 12 18:48:07 ovzhost sshd[893]: pam_unix(sshd:auth): authentication failure; logname= uid=0 euid=0 tty=ssh ruser= rhost=43.255.190.124  user=root
Apr 12 18:48:08 ovzhost sshd[891]: Failed password for root from 43.255.190.144 port 45549 ssh2
Apr 12 18:48:09 ovzhost sshd[893]: Failed password for root from 43.255.190.124 port 59833 ssh2
Apr 12 18:48:09 ovzhost sshd[889]: message repeated 2 times: [ Failed password for root from 43.255.190.144 port 40417 ssh2]
Apr 12 18:48:09 ovzhost sshd[889]: Received disconnect from 43.255.190.144: 11:  [preauth]
Apr 12 18:48:09 ovzhost sshd[889]: PAM 2 more authentication failures; logname= uid=0 euid=0 tty=ssh ruser= rhost=43.255.190.144  user=root
Apr 12 18:48:10 ovzhost sshd[895]: pam_unix(sshd:auth): authentication failure; logname= uid=0 euid=0 tty=ssh ruser= rhost=43.255.190.144  user=root
Apr 12 18:48:11 ovzhost sshd[891]: message repeated 2 times: [ Failed password for root from 43.255.190.144 port 45549 ssh2]
Apr 12 18:48:11 ovzhost sshd[891]: Received disconnect from 43.255.190.144: 11:  [preauth]
Apr 12 18:48:11 ovzhost sshd[891]: PAM 2 more authentication failures; logname= uid=0 euid=0 tty=ssh ruser= rhost=43.255.190.144  user=root
Apr 12 18:48:12 ovzhost sshd[895]: Failed password for root from 43.255.190.144 port 54435 ssh2
Apr 12 18:48:12 ovzhost sshd[897]: pam_unix(sshd:auth): authentication failure; logname= uid=0 euid=0 tty=ssh ruser= rhost=43.255.190.144  user=root
Apr 12 18:48:12 ovzhost sshd[893]: message repeated 2 times: [ Failed password for root from 43.255.190.124 port 59833 ssh2]
Apr 12 18:48:12 ovzhost sshd[893]: Received disconnect from 43.255.190.124: 11:  [preauth]
Apr 12 18:48:12 ovzhost sshd[893]: PAM 2 more authentication failures; logname= uid=0 euid=0 tty=ssh ruser= rhost=43.255.190.124  user=root
Apr 12 18:48:13 ovzhost sshd[899]: pam_unix(sshd:auth): authentication failure; logname= uid=0 euid=0 tty=ssh ruser= rhost=43.255.190.124  user=root
Apr 12 18:48:14 ovzhost sshd[897]: Failed password for root from 43.255.190.144 port 58608 ssh2
Apr 12 18:48:14 ovzhost sshd[899]: Failed password for root from 43.255.190.124 port 43038 ssh2
Apr 12 18:48:15 ovzhost sshd[895]: message repeated 2 times: [ Failed password for root from 43.255.190.144 port 54435 ssh2]
Apr 12 18:48:16 ovzhost sshd[895]: Received disconnect from 43.255.190.144: 11:  [preauth]
Apr 12 18:48:16 ovzhost sshd[895]: PAM 2 more authentication failures; logname= uid=0 euid=0 tty=ssh ruser= rhost=43.255.190.144  user=root
Apr 12 18:48:16 ovzhost sshd[901]: pam_unix(sshd:auth): authentication failure; logname= uid=0 euid=0 tty=ssh ruser= rhost=43.255.190.144  user=root
Apr 12 18:48:18 ovzhost sshd[897]: message repeated 2 times: [ Failed password for root from 43.255.190.144 port 58608 ssh2]
Apr 12 18:48:18 ovzhost sshd[897]: Received disconnect from 43.255.190.144: 11:  [preauth]
Apr 12 18:48:18 ovzhost sshd[897]: PAM 2 more authentication failures; logname= uid=0 euid=0 tty=ssh ruser= rhost=43.255.190.144  user=root
Apr 12 18:48:18 ovzhost sshd[901]: Failed password for root from 43.255.190.144 port 40304 ssh2
Apr 12 18:48:18 ovzhost sshd[903]: pam_unix(sshd:auth): authentication failure; logname= uid=0 euid=0 tty=ssh ruser= rhost=43.255.190.144  user=root
Apr 12 18:48:18 ovzhost sshd[899]: message repeated 2 times: [ Failed password for root from 43.255.190.124 port 43038 ssh2]
Apr 12 18:48:18 ovzhost sshd[899]: Received disconnect from 43.255.190.124: 11:  [preauth]
Apr 12 18:48:18 ovzhost sshd[899]: PAM 2 more authentication failures; logname= uid=0 euid=0 tty=ssh ruser= rhost=43.255.190.124  user=root
Apr 12 18:48:19 ovzhost sshd[905]: pam_unix(sshd:auth): authentication failure; logname= uid=0 euid=0 tty=ssh ruser= rhost=43.255.190.124  user=root
Apr 12 18:48:20 ovzhost sshd[903]: Failed password for root from 43.255.190.144 port 45512 ssh2
Apr 12 18:48:21 ovzhost sshd[905]: Failed password for root from 43.255.190.124 port 58295 ssh2
Apr 12 18:48:21 ovzhost sshd[901]: message repeated 2 times: [ Failed password for root from 43.255.190.144 port 40304 ssh2]
Apr 12 18:48:21 ovzhost sshd[901]: Received disconnect from 43.255.190.144: 11:  [preauth]
Apr 12 18:48:21 ovzhost sshd[901]: PAM 2 more authentication failures; logname= uid=0 euid=0 tty=ssh ruser= rhost=43.255.190.144  user=root
Apr 12 18:48:22 ovzhost sshd[907]: pam_unix(sshd:auth): authentication failure; logname= uid=0 euid=0 tty=ssh ruser= rhost=43.255.190.144  user=root
Apr 12 18:48:24 ovzhost sshd[903]: message repeated 2 times: [ Failed password for root from 43.255.190.144 port 45512 ssh2]
Apr 12 18:48:24 ovzhost sshd[903]: Received disconnect from 43.255.190.144: 11:  [preauth]
Apr 12 18:48:24 ovzhost sshd[903]: PAM 2 more authentication failures; logname= uid=0 euid=0 tty=ssh ruser= rhost=43.255.190.144  user=root
Apr 12 18:48:24 ovzhost sshd[907]: Failed password for root from 43.255.190.144 port 54765 ssh2
Apr 12 18:48:24 ovzhost sshd[909]: pam_unix(sshd:auth): authentication failure; logname= uid=0 euid=0 tty=ssh ruser= rhost=43.255.190.144  user=root
Apr 12 18:48:25 ovzhost sshd[905]: message repeated 2 times: [ Failed password for root from 43.255.190.124 port 58295 ssh2]
Apr 12 18:48:25 ovzhost sshd[905]: Received disconnect from 43.255.190.124: 11:  [preauth]
Apr 12 18:48:25 ovzhost sshd[905]: PAM 2 more authentication failures; logname= uid=0 euid=0 tty=ssh ruser= rhost=43.255.190.124  user=root
Apr 12 18:48:25 ovzhost sshd[911]: pam_unix(sshd:auth): authentication failure; logname= uid=0 euid=0 tty=ssh ruser= rhost=43.255.190.124  user=root
Apr 12 18:48:26 ovzhost sshd[909]: Failed password for root from 43.255.190.144 port 59374 ssh2
Apr 12 18:48:27 ovzhost sshd[907]: message repeated 2 times: [ Failed password for root from 43.255.190.144 port 54765 ssh2]
Apr 12 18:48:28 ovzhost sshd[907]: Received disconnect from 43.255.190.144: 11:  [preauth]
Apr 12 18:48:28 ovzhost sshd[907]: PAM 2 more authentication failures; logname= uid=0 euid=0 tty=ssh ruser= rhost=43.255.190.144  user=root
Apr 12 18:48:28 ovzhost sshd[911]: Failed password for root from 43.255.190.124 port 44649 ssh2
Apr 12 18:48:28 ovzhost sshd[915]: pam_unix(sshd:auth): authentication failure; logname= uid=0 euid=0 tty=ssh ruser= rhost=43.255.190.144  user=root
Apr 12 18:48:30 ovzhost sshd[909]: message repeated 2 times: [ Failed password for root from 43.255.190.144 port 59374 ssh2]
Apr 12 18:48:30 ovzhost sshd[909]: Received disconnect from 43.255.190.144: 11:  [preauth]
Apr 12 18:48:30 ovzhost sshd[909]: PAM 2 more authentication failures; logname= uid=0 euid=0 tty=ssh ruser= rhost=43.255.190.144  user=root
Apr 12 18:48:30 ovzhost sshd[915]: Failed password for root from 43.255.190.144 port 39384 ssh2
Apr 12 18:48:30 ovzhost sshd[917]: pam_unix(sshd:auth): authentication failure; logname= uid=0 euid=0 tty=ssh ruser= rhost=43.255.190.144  user=root
Apr 12 18:48:31 ovzhost sshd[911]: message repeated 2 times: [ Failed password for root from 43.255.190.124 port 44649 ssh2]
Apr 12 18:48:31 ovzhost sshd[911]: Received disconnect from 43.255.190.124: 11:  [preauth]
Apr 12 18:48:31 ovzhost sshd[911]: PAM 2 more authentication failures; logname= uid=0 euid=0 tty=ssh ruser= rhost=43.255.190.124  user=root
Apr 12 18:48:32 ovzhost sshd[917]: Failed password for root from 43.255.190.144 port 43718 ssh2
Apr 12 18:48:32 ovzhost sshd[919]: pam_unix(sshd:auth): authentication failure; logname= uid=0 euid=0 tty=ssh ruser= rhost=43.255.190.124  user=root
Apr 12 18:48:33 ovzhost sshd[915]: message repeated 2 times: [ Failed password for root from 43.255.190.144 port 39384 ssh2]
Apr 12 18:48:33 ovzhost sshd[915]: Received disconnect from 43.255.190.144: 11:  [preauth]
Apr 12 18:48:33 ovzhost sshd[915]: PAM 2 more authentication failures; logname= uid=0 euid=0 tty=ssh ruser= rhost=43.255.190.144  user=root
Apr 12 18:48:33 ovzhost sshd[919]: Failed password for root from 43.255.190.124 port 57997 ssh2
Apr 12 18:48:33 ovzhost sshd[924]: Connection closed by 127.0.0.1 [preauth]
Apr 12 18:48:34 ovzhost sshd[921]: pam_unix(sshd:auth): authentication failure; logname= uid=0 euid=0 tty=ssh ruser= rhost=43.255.190.144  user=root
Apr 12 18:48:35 ovzhost sshd[917]: message repeated 2 times: [ Failed password for root from 43.255.190.144 port 43718 ssh2]
Apr 12 18:48:35 ovzhost sshd[917]: Received disconnect from 43.255.190.144: 11:  [preauth]
Apr 12 18:48:35 ovzhost sshd[917]: PAM 2 more authentication failures; logname= uid=0 euid=0 tty=ssh ruser= rhost=43.255.190.144  user=root
Apr 12 18:48:35 ovzhost sshd[926]: pam_unix(sshd:auth): authentication failure; logname= uid=0 euid=0 tty=ssh ruser= rhost=43.255.190.144  user=root
Apr 12 18:48:36 ovzhost sshd[921]: Failed password for root from 43.255.190.144 port 51821 ssh2
Apr 12 18:48:37 ovzhost sshd[919]: message repeated 2 times: [ Failed password for root from 43.255.190.124 port 57997 ssh2]
Apr 12 18:48:37 ovzhost sshd[919]: Received disconnect from 43.255.190.124: 11:  [preauth]
Apr 12 18:48:37 ovzhost sshd[919]: PAM 2 more authentication failures; logname= uid=0 euid=0 tty=ssh ruser= rhost=43.255.190.124  user=root
Apr 12 18:48:37 ovzhost sshd[926]: Failed password for root from 43.255.190.144 port 56471 ssh2
Apr 12 18:48:37 ovzhost sshd[928]: pam_unix(sshd:auth): authentication failure; logname= uid=0 euid=0 tty=ssh ruser= rhost=43.255.190.124  user=root
Apr 12 18:48:39 ovzhost sshd[928]: Failed password for root from 43.255.190.124 port 42735 ssh2
Apr 12 18:48:39 ovzhost sshd[921]: message repeated 2 times: [ Failed password for root from 43.255.190.144 port 51821 ssh2]
Apr 12 18:48:39 ovzhost sshd[921]: Received disconnect from 43.255.190.144: 11:  [preauth]
Apr 12 18:48:39 ovzhost sshd[921]: PAM 2 more authentication failures; logname= uid=0 euid=0 tty=ssh ruser= rhost=43.255.190.144  user=root
Apr 12 18:48:40 ovzhost sshd[930]: pam_unix(sshd:auth): authentication failure; logname= uid=0 euid=0 tty=ssh ruser= rhost=43.255.190.144  user=root
Apr 12 18:48:41 ovzhost sshd[926]: message repeated 2 times: [ Failed password for root from 43.255.190.144 port 56471 ssh2]
Apr 12 18:48:41 ovzhost sshd[926]: Received disconnect from 43.255.190.144: 11:  [preauth]
Apr 12 18:48:41 ovzhost sshd[926]: PAM 2 more authentication failures; logname= uid=0 euid=0 tty=ssh ruser= rhost=43.255.190.144  user=root
Apr 12 18:48:42 ovzhost sshd[930]: Failed password for root from 43.255.190.144 port 39450 ssh2
Apr 12 18:48:42 ovzhost sshd[932]: pam_unix(sshd:auth): authentication failure; logname= uid=0 euid=0 tty=ssh ruser= rhost=43.255.190.144  user=root
Apr 12 18:48:43 ovzhost sshd[928]: message repeated 2 times: [ Failed password for root from 43.255.190.124 port 42735 ssh2]
Apr 12 18:48:43 ovzhost sshd[928]: Received disconnect from 43.255.190.124: 11:  [preauth]
Apr 12 18:48:43 ovzhost sshd[928]: PAM 2 more authentication failures; logname= uid=0 euid=0 tty=ssh ruser= rhost=43.255.190.124  user=root
Apr 12 18:48:44 ovzhost sshd[932]: Failed password for root from 43.255.190.144 port 43621 ssh2
Apr 12 18:48:44 ovzhost sshd[934]: pam_unix(sshd:auth): authentication failure; logname= uid=0 euid=0 tty=ssh ruser= rhost=43.255.190.124  user=root
Apr 12 18:48:45 ovzhost sshd[930]: message repeated 2 times: [ Failed password for root from 43.255.190.144 port 39450 ssh2]
Apr 12 18:48:45 ovzhost sshd[930]: Received disconnect from 43.255.190.144: 11:  [preauth]
Apr 12 18:48:45 ovzhost sshd[930]: PAM 2 more authentication failures; logname= uid=0 euid=0 tty=ssh ruser= rhost=43.255.190.144  user=root
Apr 12 18:48:45 ovzhost sshd[934]: Failed password for root from 43.255.190.124 port 57092 ssh2
Apr 12 18:48:46 ovzhost sshd[936]: pam_unix(sshd:auth): authentication failure; logname= uid=0 euid=0 tty=ssh ruser= rhost=43.255.190.144  user=root
Apr 12 18:48:46 ovzhost sshd[932]: message repeated 2 times: [ Failed password for root from 43.255.190.144 port 43621 ssh2]
Apr 12 18:48:46 ovzhost sshd[932]: Received disconnect from 43.255.190.144: 11:  [preauth]
Apr 12 18:48:46 ovzhost sshd[932]: PAM 2 more authentication failures; logname= uid=0 euid=0 tty=ssh ruser= rhost=43.255.190.144  user=root
Apr 12 18:48:47 ovzhost sshd[936]: Failed password for root from 43.255.190.144 port 51130 ssh2
Apr 12 18:48:47 ovzhost sshd[938]: pam_unix(sshd:auth): authentication failure; logname= uid=0 euid=0 tty=ssh ruser= rhost=43.255.190.144  user=root
Apr 12 18:48:49 ovzhost sshd[934]: message repeated 2 times: [ Failed password for root from 43.255.190.124 port 57092 ssh2]
Apr 12 18:48:49 ovzhost sshd[934]: Received disconnect from 43.255.190.124: 11:  [preauth]
Apr 12 18:48:49 ovzhost sshd[934]: PAM 2 more authentication failures; logname= uid=0 euid=0 tty=ssh ruser= rhost=43.255.190.124  user=root
Apr 12 18:48:49 ovzhost sshd[938]: Failed password for root from 43.255.190.144 port 54869 ssh2
Apr 12 18:48:49 ovzhost sshd[940]: pam_unix(sshd:auth): authentication failure; logname= uid=0 euid=0 tty=ssh ruser= rhost=43.255.190.124  user=root
Apr 12 18:48:51 ovzhost sshd[936]: message repeated 2 times: [ Failed password for root from 43.255.190.144 port 51130 ssh2]
Apr 12 18:48:51 ovzhost sshd[936]: Received disconnect from 43.255.190.144: 11:  [preauth]
Apr 12 18:48:51 ovzhost sshd[936]: PAM 2 more authentication failures; logname= uid=0 euid=0 tty=ssh ruser= rhost=43.255.190.144  user=root
Apr 12 18:48:51 ovzhost sshd[940]: Failed password for root from 43.255.190.124 port 39546 ssh2
Apr 12 18:48:51 ovzhost sshd[942]: pam_unix(sshd:auth): authentication failure; logname= uid=0 euid=0 tty=ssh ruser= rhost=43.255.190.144  user=root
Apr 12 18:48:52 ovzhost sshd[938]: message repeated 2 times: [ Failed password for root from 43.255.190.144 port 54869 ssh2]
Apr 12 18:48:52 ovzhost sshd[938]: Received disconnect from 43.255.190.144: 11:  [preauth]
Apr 12 18:48:52 ovzhost sshd[938]: PAM 2 more authentication failures; logname= uid=0 euid=0 tty=ssh ruser= rhost=43.255.190.144  user=root
Apr 12 18:48:53 ovzhost sshd[942]: Failed password for root from 43.255.190.144 port 36355 ssh2
Apr 12 18:48:53 ovzhost sshd[944]: pam_unix(sshd:auth): authentication failure; logname= uid=0 euid=0 tty=ssh ruser= rhost=43.255.190.144  user=root
Apr 12 18:48:55 ovzhost sshd[940]: message repeated 2 times: [ Failed password for root from 43.255.190.124 port 39546 ssh2]
Apr 12 18:48:55 ovzhost sshd[940]: Received disconnect from 43.255.190.124: 11:  [preauth]
Apr 12 18:48:55 ovzhost sshd[940]: PAM 2 more authentication failures; logname= uid=0 euid=0 tty=ssh ruser= rhost=43.255.190.124  user=root
Apr 12 18:48:55 ovzhost sshd[944]: Failed password for root from 43.255.190.144 port 40190 ssh2
Apr 12 18:48:56 ovzhost sshd[946]: pam_unix(sshd:auth): authentication failure; logname= uid=0 euid=0 tty=ssh ruser= rhost=43.255.190.124  user=root
Apr 12 18:48:57 ovzhost sshd[946]: Failed password for root from 43.255.190.124 port 54849 ssh2
Apr 12 18:48:57 ovzhost sshd[942]: message repeated 2 times: [ Failed password for root from 43.255.190.144 port 36355 ssh2]
Apr 12 18:48:57 ovzhost sshd[942]: Received disconnect from 43.255.190.144: 11:  [preauth]
Apr 12 18:48:57 ovzhost sshd[942]: PAM 2 more authentication failures; logname= uid=0 euid=0 tty=ssh ruser= rhost=43.255.190.144  user=root
Apr 12 18:48:58 ovzhost sshd[948]: pam_unix(sshd:auth): authentication failure; logname= uid=0 euid=0 tty=ssh ruser= rhost=43.255.190.144  user=root
Apr 12 18:48:59 ovzhost sshd[944]: message repeated 2 times: [ Failed password for root from 43.255.190.144 port 40190 ssh2]
Apr 12 18:48:59 ovzhost sshd[944]: Received disconnect from 43.255.190.144: 11:  [preauth]
Apr 12 18:48:59 ovzhost sshd[944]: PAM 2 more authentication failures; logname= uid=0 euid=0 tty=ssh ruser= rhost=43.255.190.144  user=root
Apr 12 18:49:00 ovzhost sshd[952]: pam_unix(sshd:auth): authentication failure; logname= uid=0 euid=0 tty=ssh ruser= rhost=43.255.190.144  user=root
Apr 12 18:49:00 ovzhost sshd[948]: Failed password for root from 43.255.190.144 port 52262 ssh2
Apr 12 18:49:01 ovzhost sshd[946]: message repeated 2 times: [ Failed password for root from 43.255.190.124 port 54849 ssh2]
Apr 12 18:49:01 ovzhost sshd[946]: Received disconnect from 43.255.190.124: 11:  [preauth]
Apr 12 18:49:01 ovzhost sshd[946]: PAM 2 more authentication failures; logname= uid=0 euid=0 tty=ssh ruser= rhost=43.255.190.124  user=root
Apr 12 18:49:02 ovzhost sshd[954]: pam_unix(sshd:auth): authentication failure; logname= uid=0 euid=0 tty=ssh ruser= rhost=43.255.190.124  user=root
Apr 12 18:49:02 ovzhost sshd[952]: Failed password for root from 43.255.190.144 port 56740 ssh2
Apr 12 18:49:03 ovzhost sshd[954]: Failed password for root from 43.255.190.124 port 40076 ssh2
Apr 12 18:49:04 ovzhost sshd[948]: message repeated 2 times: [ Failed password for root from 43.255.190.144 port 52262 ssh2]
Apr 12 18:49:04 ovzhost sshd[948]: Received disconnect from 43.255.190.144: 11:  [preauth]
Apr 12 18:49:04 ovzhost sshd[948]: PAM 2 more authentication failures; logname= uid=0 euid=0 tty=ssh ruser= rhost=43.255.190.144  user=root
Apr 12 18:49:04 ovzhost sshd[956]: pam_unix(sshd:auth): authentication failure; logname= uid=0 euid=0 tty=ssh ruser= rhost=43.255.190.144  user=root
Apr 12 18:49:05 ovzhost sshd[952]: message repeated 2 times: [ Failed password for root from 43.255.190.144 port 56740 ssh2]
Apr 12 18:49:05 ovzhost sshd[952]: Received disconnect from 43.255.190.144: 11:  [preauth]
Apr 12 18:49:05 ovzhost sshd[952]: PAM 2 more authentication failures; logname= uid=0 euid=0 tty=ssh ruser= rhost=43.255.190.144  user=root
Apr 12 18:49:06 ovzhost sshd[958]: pam_unix(sshd:auth): authentication failure; logname= uid=0 euid=0 tty=ssh ruser= rhost=43.255.190.144  user=root
Apr 12 18:49:06 ovzhost sshd[956]: Failed password for root from 43.255.190.144 port 37319 ssh2
Apr 12 18:49:07 ovzhost sshd[954]: message repeated 2 times: [ Failed password for root from 43.255.190.124 port 40076 ssh2]
Apr 12 18:49:07 ovzhost sshd[954]: Received disconnect from 43.255.190.124: 11:  [preauth]
Apr 12 18:49:07 ovzhost sshd[954]: PAM 2 more authentication failures; logname= uid=0 euid=0 tty=ssh ruser= rhost=43.255.190.124  user=root
Apr 12 18:49:08 ovzhost sshd[960]: pam_unix(sshd:auth): authentication failure; logname= uid=0 euid=0 tty=ssh ruser= rhost=43.255.190.124  user=root
Apr 12 18:49:08 ovzhost sshd[958]: Failed password for root from 43.255.190.144 port 41195 ssh2
Apr 12 18:49:09 ovzhost sshd[960]: Failed password for root from 43.255.190.124 port 54924 ssh2
Apr 12 18:49:09 ovzhost sshd[956]: message repeated 2 times: [ Failed password for root from 43.255.190.144 port 37319 ssh2]
Apr 12 18:49:09 ovzhost sshd[956]: Received disconnect from 43.255.190.144: 11:  [preauth]
Apr 12 18:49:09 ovzhost sshd[956]: PAM 2 more authentication failures; logname= uid=0 euid=0 tty=ssh ruser= rhost=43.255.190.144  user=root
Apr 12 18:49:10 ovzhost sshd[962]: pam_unix(sshd:auth): authentication failure; logname= uid=0 euid=0 tty=ssh ruser= rhost=43.255.190.144  user=root
Apr 12 18:49:11 ovzhost sshd[958]: message repeated 2 times: [ Failed password for root from 43.255.190.144 port 41195 ssh2]
Apr 12 18:49:11 ovzhost sshd[958]: Received disconnect from 43.255.190.144: 11:  [preauth]
Apr 12 18:49:11 ovzhost sshd[958]: PAM 2 more authentication failures; logname= uid=0 euid=0 tty=ssh ruser= rhost=43.255.190.144  user=root
Apr 12 18:49:12 ovzhost sshd[964]: pam_unix(sshd:auth): authentication failure; logname= uid=0 euid=0 tty=ssh ruser= rhost=43.255.190.144  user=root
Apr 12 18:49:12 ovzhost sshd[962]: Failed password for root from 43.255.190.144 port 50273 ssh2
Apr 12 18:49:13 ovzhost sshd[960]: message repeated 2 times: [ Failed password for root from 43.255.190.124 port 54924 ssh2]
Apr 12 18:49:13 ovzhost sshd[960]: Received disconnect from 43.255.190.124: 11:  [preauth]
Apr 12 18:49:13 ovzhost sshd[960]: PAM 2 more authentication failures; logname= uid=0 euid=0 tty=ssh ruser= rhost=43.255.190.124  user=root
Apr 12 18:49:13 ovzhost sshd[964]: Failed password for root from 43.255.190.144 port 54111 ssh2
Apr 12 18:49:14 ovzhost sshd[966]: pam_unix(sshd:auth): authentication failure; logname= uid=0 euid=0 tty=ssh ruser= rhost=43.255.190.124  user=root
Apr 12 18:49:15 ovzhost sshd[966]: Failed password for root from 43.255.190.124 port 41304 ssh2
Apr 12 18:49:16 ovzhost sshd[962]: message repeated 2 times: [ Failed password for root from 43.255.190.144 port 50273 ssh2]
Apr 12 18:49:16 ovzhost sshd[962]: Received disconnect from 43.255.190.144: 11:  [preauth]
Apr 12 18:49:16 ovzhost sshd[962]: PAM 2 more authentication failures; logname= uid=0 euid=0 tty=ssh ruser= rhost=43.255.190.144  user=root
Apr 12 18:49:16 ovzhost sshd[968]: pam_unix(sshd:auth): authentication failure; logname= uid=0 euid=0 tty=ssh ruser= rhost=43.255.190.144  user=root
Apr 12 18:49:17 ovzhost sshd[964]: message repeated 2 times: [ Failed password for root from 43.255.190.144 port 54111 ssh2]
Apr 12 18:49:17 ovzhost sshd[964]: Received disconnect from 43.255.190.144: 11:  [preauth]
Apr 12 18:49:17 ovzhost sshd[964]: PAM 2 more authentication failures; logname= uid=0 euid=0 tty=ssh ruser= rhost=43.255.190.144  user=root
Apr 12 18:49:18 ovzhost sshd[970]: pam_unix(sshd:auth): authentication failure; logname= uid=0 euid=0 tty=ssh ruser= rhost=43.255.190.144  user=root
Apr 12 18:49:18 ovzhost sshd[968]: Failed password for root from 43.255.190.144 port 35672 ssh2
Apr 12 18:49:19 ovzhost sshd[966]: message repeated 2 times: [ Failed password for root from 43.255.190.124 port 41304 ssh2]
Apr 12 18:49:19 ovzhost sshd[966]: Received disconnect from 43.255.190.124: 11:  [preauth]
Apr 12 18:49:19 ovzhost sshd[966]: PAM 2 more authentication failures; logname= uid=0 euid=0 tty=ssh ruser= rhost=43.255.190.124  user=root
Apr 12 18:49:19 ovzhost sshd[970]: Failed password for root from 43.255.190.144 port 39204 ssh2
Apr 12 18:49:20 ovzhost sshd[972]: pam_unix(sshd:auth): authentication failure; logname= uid=0 euid=0 tty=ssh ruser= rhost=43.255.190.124  user=root
Apr 12 18:49:21 ovzhost sshd[972]: Failed password for root from 43.255.190.124 port 56430 ssh2
Apr 12 18:49:22 ovzhost sshd[968]: message repeated 2 times: [ Failed password for root from 43.255.190.144 port 35672 ssh2]
Apr 12 18:49:22 ovzhost sshd[968]: Received disconnect from 43.255.190.144: 11:  [preauth]
Apr 12 18:49:22 ovzhost sshd[968]: PAM 2 more authentication failures; logname= uid=0 euid=0 tty=ssh ruser= rhost=43.255.190.144  user=root
Apr 12 18:49:22 ovzhost sshd[974]: pam_unix(sshd:auth): authentication failure; logname= uid=0 euid=0 tty=ssh ruser= rhost=43.255.190.144  user=root
Apr 12 18:49:23 ovzhost sshd[970]: message repeated 2 times: [ Failed password for root from 43.255.190.144 port 39204 ssh2]
Apr 12 18:49:23 ovzhost sshd[970]: Received disconnect from 43.255.190.144: 11:  [preauth]
Apr 12 18:49:23 ovzhost sshd[970]: PAM 2 more authentication failures; logname= uid=0 euid=0 tty=ssh ruser= rhost=43.255.190.144  user=root
Apr 12 18:49:24 ovzhost sshd[976]: pam_unix(sshd:auth): authentication failure; logname= uid=0 euid=0 tty=ssh ruser= rhost=43.255.190.144  user=root
Apr 12 18:49:24 ovzhost sshd[974]: Failed password for root from 43.255.190.144 port 48986 ssh2
Apr 12 18:49:25 ovzhost sshd[972]: message repeated 2 times: [ Failed password for root from 43.255.190.124 port 56430 ssh2]
Apr 12 18:49:25 ovzhost sshd[972]: Received disconnect from 43.255.190.124: 11:  [preauth]
Apr 12 18:49:25 ovzhost sshd[972]: PAM 2 more authentication failures; logname= uid=0 euid=0 tty=ssh ruser= rhost=43.255.190.124  user=root
Apr 12 18:49:25 ovzhost sshd[976]: Failed password for root from 43.255.190.144 port 51419 ssh2
Apr 12 18:49:26 ovzhost sshd[978]: pam_unix(sshd:auth): authentication failure; logname= uid=0 euid=0 tty=ssh ruser= rhost=43.255.190.124  user=root
Apr 12 18:49:27 ovzhost sshd[978]: Failed password for root from 43.255.190.124 port 42063 ssh2
Apr 12 18:49:27 ovzhost sshd[974]: message repeated 2 times: [ Failed password for root from 43.255.190.144 port 48986 ssh2]
Apr 12 18:49:27 ovzhost sshd[974]: Received disconnect from 43.255.190.144: 11:  [preauth]
Apr 12 18:49:27 ovzhost sshd[974]: PAM 2 more authentication failures; logname= uid=0 euid=0 tty=ssh ruser= rhost=43.255.190.144  user=root
Apr 12 18:49:28 ovzhost sshd[980]: pam_unix(sshd:auth): authentication failure; logname= uid=0 euid=0 tty=ssh ruser= rhost=43.255.190.144  user=root
Apr 12 18:49:30 ovzhost sshd[976]: message repeated 2 times: [ Failed password for root from 43.255.190.144 port 51419 ssh2]
Apr 12 18:49:30 ovzhost sshd[976]: Received disconnect from 43.255.190.144: 11:  [preauth]
Apr 12 18:49:30 ovzhost sshd[976]: PAM 2 more authentication failures; logname= uid=0 euid=0 tty=ssh ruser= rhost=43.255.190.144  user=root
Apr 12 18:49:30 ovzhost sshd[980]: Failed password for root from 43.255.190.144 port 33274 ssh2
Apr 12 18:49:30 ovzhost sshd[983]: pam_unix(sshd:auth): authentication failure; logname= uid=0 euid=0 tty=ssh ruser= rhost=43.255.190.144  user=root
Apr 12 18:49:31 ovzhost sshd[978]: message repeated 2 times: [ Failed password for root from 43.255.190.124 port 42063 ssh2]
Apr 12 18:49:31 ovzhost sshd[978]: Received disconnect from 43.255.190.124: 11:  [preauth]
Apr 12 18:49:31 ovzhost sshd[978]: PAM 2 more authentication failures; logname= uid=0 euid=0 tty=ssh ruser= rhost=43.255.190.124  user=root
Apr 12 18:49:31 ovzhost sshd[985]: pam_unix(sshd:auth): authentication failure; logname= uid=0 euid=0 tty=ssh ruser= rhost=43.255.190.124  user=root
Apr 12 18:49:32 ovzhost sshd[983]: Failed password for root from 43.255.190.144 port 38710 ssh2
Apr 12 18:49:33 ovzhost sshd[985]: Failed password for root from 43.255.190.124 port 55668 ssh2
Apr 12 18:49:34 ovzhost sshd[980]: message repeated 2 times: [ Failed password for root from 43.255.190.144 port 33274 ssh2]
Apr 12 18:49:34 ovzhost sshd[980]: Received disconnect from 43.255.190.144: 11:  [preauth]
Apr 12 18:49:34 ovzhost sshd[980]: PAM 2 more authentication failures; logname= uid=0 euid=0 tty=ssh ruser= rhost=43.255.190.144  user=root
Apr 12 18:49:35 ovzhost sshd[987]: pam_unix(sshd:auth): authentication failure; logname= uid=0 euid=0 tty=ssh ruser= rhost=43.255.190.144  user=root
Apr 12 18:49:36 ovzhost sshd[983]: message repeated 2 times: [ Failed password for root from 43.255.190.144 port 38710 ssh2]
Apr 12 18:49:36 ovzhost sshd[983]: Received disconnect from 43.255.190.144: 11:  [preauth]
Apr 12 18:49:36 ovzhost sshd[983]: PAM 2 more authentication failures; logname= uid=0 euid=0 tty=ssh ruser= rhost=43.255.190.144  user=root
Apr 12 18:49:37 ovzhost sshd[991]: pam_unix(sshd:auth): authentication failure; logname= uid=0 euid=0 tty=ssh ruser= rhost=43.255.190.144  user=root
Apr 12 18:49:37 ovzhost sshd[987]: Failed password for root from 43.255.190.144 port 47769 ssh2
Apr 12 18:49:37 ovzhost sshd[985]: message repeated 2 times: [ Failed password for root from 43.255.190.124 port 55668 ssh2]
Apr 12 18:49:38 ovzhost sshd[985]: Received disconnect from 43.255.190.124: 11:  [preauth]
Apr 12 18:49:38 ovzhost sshd[985]: PAM 2 more authentication failures; logname= uid=0 euid=0 tty=ssh ruser= rhost=43.255.190.124  user=root
Apr 12 18:49:38 ovzhost sshd[993]: pam_unix(sshd:auth): authentication failure; logname= uid=0 euid=0 tty=ssh ruser= rhost=43.255.190.124  user=root
Apr 12 18:49:39 ovzhost sshd[991]: Failed password for root from 43.255.190.144 port 53713 ssh2
Apr 12 18:49:39 ovzhost sshd[993]: Failed password for root from 43.255.190.124 port 45175 ssh2
Apr 12 18:49:41 ovzhost sshd[987]: message repeated 2 times: [ Failed password for root from 43.255.190.144 port 47769 ssh2]
Apr 12 18:49:41 ovzhost sshd[987]: Received disconnect from 43.255.190.144: 11:  [preauth]
Apr 12 18:49:41 ovzhost sshd[987]: PAM 2 more authentication failures; logname= uid=0 euid=0 tty=ssh ruser= rhost=43.255.190.144  user=root
Apr 12 18:49:41 ovzhost sshd[995]: pam_unix(sshd:auth): authentication failure; logname= uid=0 euid=0 tty=ssh ruser= rhost=43.255.190.144  user=root
Apr 12 18:49:42 ovzhost sshd[991]: message repeated 2 times: [ Failed password for root from 43.255.190.144 port 53713 ssh2]
Apr 12 18:49:42 ovzhost sshd[991]: Received disconnect from 43.255.190.144: 11:  [preauth]
Apr 12 18:49:42 ovzhost sshd[991]: PAM 2 more authentication failures; logname= uid=0 euid=0 tty=ssh ruser= rhost=43.255.190.144  user=root
Apr 12 18:49:43 ovzhost sshd[997]: pam_unix(sshd:auth): authentication failure; logname= uid=0 euid=0 tty=ssh ruser= rhost=43.255.190.144  user=root
Apr 12 18:49:43 ovzhost sshd[995]: Failed password for root from 43.255.190.144 port 34910 ssh2
Apr 12 18:49:44 ovzhost sshd[993]: message repeated 2 times: [ Failed password for root from 43.255.190.124 port 45175 ssh2]
Apr 12 18:49:44 ovzhost sshd[993]: Received disconnect from 43.255.190.124: 11:  [preauth]
Apr 12 18:49:44 ovzhost sshd[993]: PAM 2 more authentication failures; logname= uid=0 euid=0 tty=ssh ruser= rhost=43.255.190.124  user=root
Apr 12 18:49:44 ovzhost sshd[999]: pam_unix(sshd:auth): authentication failure; logname= uid=0 euid=0 tty=ssh ruser= rhost=43.255.190.124  user=root
Apr 12 18:49:45 ovzhost sshd[997]: Failed password for root from 43.255.190.144 port 38511 ssh2
Apr 12 18:49:46 ovzhost sshd[999]: Failed password for root from 43.255.190.124 port 59715 ssh2
Apr 12 18:49:47 ovzhost sshd[995]: message repeated 2 times: [ Failed password for root from 43.255.190.144 port 34910 ssh2]
Apr 12 18:49:47 ovzhost sshd[995]: Received disconnect from 43.255.190.144: 11:  [preauth]
Apr 12 18:49:47 ovzhost sshd[995]: PAM 2 more authentication failures; logname= uid=0 euid=0 tty=ssh ruser= rhost=43.255.190.144  user=root
Apr 12 18:49:47 ovzhost sshd[1001]: pam_unix(sshd:auth): authentication failure; logname= uid=0 euid=0 tty=ssh ruser= rhost=43.255.190.144  user=root
Apr 12 18:49:49 ovzhost sshd[997]: message repeated 2 times: [ Failed password for root from 43.255.190.144 port 38511 ssh2]
Apr 12 18:49:49 ovzhost sshd[997]: Received disconnect from 43.255.190.144: 11:  [preauth]
Apr 12 18:49:49 ovzhost sshd[997]: PAM 2 more authentication failures; logname= uid=0 euid=0 tty=ssh ruser= rhost=43.255.190.144  user=root
Apr 12 18:49:49 ovzhost sshd[1003]: pam_unix(sshd:auth): authentication failure; logname= uid=0 euid=0 tty=ssh ruser= rhost=43.255.190.144  user=root
Apr 12 18:49:50 ovzhost sshd[1001]: Failed password for root from 43.255.190.144 port 47701 ssh2
Apr 12 18:49:50 ovzhost sshd[999]: message repeated 2 times: [ Failed password for root from 43.255.190.124 port 59715 ssh2]
Apr 12 18:49:50 ovzhost sshd[999]: Received disconnect from 43.255.190.124: 11:  [preauth]
Apr 12 18:49:50 ovzhost sshd[999]: PAM 2 more authentication failures; logname= uid=0 euid=0 tty=ssh ruser= rhost=43.255.190.124  user=root
Apr 12 18:49:51 ovzhost sshd[1005]: pam_unix(sshd:auth): authentication failure; logname= uid=0 euid=0 tty=ssh ruser= rhost=43.255.190.124  user=root
Apr 12 18:49:52 ovzhost sshd[1003]: Failed password for root from 43.255.190.144 port 51945 ssh2
Apr 12 18:49:52 ovzhost sshd[1005]: Failed password for root from 43.255.190.124 port 47018 ssh2
Apr 12 18:49:53 ovzhost sshd[1001]: message repeated 2 times: [ Failed password for root from 43.255.190.144 port 47701 ssh2]
Apr 12 18:49:53 ovzhost sshd[1001]: Received disconnect from 43.255.190.144: 11:  [preauth]
Apr 12 18:49:53 ovzhost sshd[1001]: PAM 2 more authentication failures; logname= uid=0 euid=0 tty=ssh ruser= rhost=43.255.190.144  user=root
Apr 12 18:49:54 ovzhost sshd[1007]: pam_unix(sshd:auth): authentication failure; logname= uid=0 euid=0 tty=ssh ruser= rhost=43.255.190.144  user=root
Apr 12 18:49:56 ovzhost sshd[1007]: Failed password for root from 43.255.190.144 port 32842 ssh2
Apr 12 18:49:56 ovzhost sshd[1003]: message repeated 2 times: [ Failed password for root from 43.255.190.144 port 51945 ssh2]
Apr 12 18:49:56 ovzhost sshd[1003]: Received disconnect from 43.255.190.144: 11:  [preauth]
Apr 12 18:49:56 ovzhost sshd[1003]: PAM 2 more authentication failures; logname= uid=0 euid=0 tty=ssh ruser= rhost=43.255.190.144  user=root
Apr 12 18:49:57 ovzhost sshd[1009]: pam_unix(sshd:auth): authentication failure; logname= uid=0 euid=0 tty=ssh ruser= rhost=43.255.190.144  user=root
Apr 12 18:49:57 ovzhost sshd[1005]: message repeated 2 times: [ Failed password for root from 43.255.190.124 port 47018 ssh2]
Apr 12 18:49:57 ovzhost sshd[1005]: Received disconnect from 43.255.190.124: 11:  [preauth]
Apr 12 18:49:57 ovzhost sshd[1005]: PAM 2 more authentication failures; logname= uid=0 euid=0 tty=ssh ruser= rhost=43.255.190.124  user=root
Apr 12 18:49:57 ovzhost sshd[1011]: pam_unix(sshd:auth): authentication failure; logname= uid=0 euid=0 tty=ssh ruser= rhost=43.255.190.124  user=root
Apr 12 18:49:58 ovzhost sshd[1009]: Failed password for root from 43.255.190.144 port 40370 ssh2
Apr 12 18:49:59 ovzhost sshd[1011]: Failed password for root from 43.255.190.124 port 35548 ssh2
Apr 12 18:50:00 ovzhost sshd[1007]: message repeated 2 times: [ Failed password for root from 43.255.190.144 port 32842 ssh2]
Apr 12 18:50:00 ovzhost sshd[1007]: Received disconnect from 43.255.190.144: 11:  [preauth]
Apr 12 18:50:00 ovzhost sshd[1007]: PAM 2 more authentication failures; logname= uid=0 euid=0 tty=ssh ruser= rhost=43.255.190.144  user=root
Apr 12 18:50:00 ovzhost sshd[1014]: pam_unix(sshd:auth): authentication failure; logname= uid=0 euid=0 tty=ssh ruser= rhost=43.255.190.144  user=root
Apr 12 18:50:02 ovzhost sshd[1014]: Failed password for root from 43.255.190.144 port 47427 ssh2
Apr 12 18:50:02 ovzhost sshd[1009]: message repeated 2 times: [ Failed password for root from 43.255.190.144 port 40370 ssh2]
Apr 12 18:50:02 ovzhost sshd[1009]: Received disconnect from 43.255.190.144: 11:  [preauth]
Apr 12 18:50:02 ovzhost sshd[1009]: PAM 2 more authentication failures; logname= uid=0 euid=0 tty=ssh ruser= rhost=43.255.190.144  user=root
Apr 12 18:50:03 ovzhost sshd[1016]: pam_unix(sshd:auth): authentication failure; logname= uid=0 euid=0 tty=ssh ruser= rhost=43.255.190.144  user=root
Apr 12 18:50:03 ovzhost sshd[1011]: message repeated 2 times: [ Failed password for root from 43.255.190.124 port 35548 ssh2]
Apr 12 18:50:04 ovzhost sshd[1011]: Received disconnect from 43.255.190.124: 11:  [preauth]
Apr 12 18:50:04 ovzhost sshd[1011]: PAM 2 more authentication failures; logname= uid=0 euid=0 tty=ssh ruser= rhost=43.255.190.124  user=root
Apr 12 18:50:04 ovzhost sshd[1018]: pam_unix(sshd:auth): authentication failure; logname= uid=0 euid=0 tty=ssh ruser= rhost=43.255.190.124  user=root
Apr 12 18:50:05 ovzhost sshd[1016]: Failed password for root from 43.255.190.144 port 53555 ssh2
Apr 12 18:50:05 ovzhost sshd[1014]: message repeated 2 times: [ Failed password for root from 43.255.190.144 port 47427 ssh2]
Apr 12 18:50:05 ovzhost sshd[1014]: Received disconnect from 43.255.190.144: 11:  [preauth]
Apr 12 18:50:05 ovzhost sshd[1014]: PAM 2 more authentication failures; logname= uid=0 euid=0 tty=ssh ruser= rhost=43.255.190.144  user=root
Apr 12 18:50:06 ovzhost sshd[1018]: Failed password for root from 43.255.190.124 port 51635 ssh2
Apr 12 18:50:06 ovzhost sshd[1020]: pam_unix(sshd:auth): authentication failure; logname= uid=0 euid=0 tty=ssh ruser= rhost=43.255.190.144  user=root
Apr 12 18:50:09 ovzhost sshd[1020]: Failed password for root from 43.255.190.144 port 60096 ssh2
Apr 12 18:50:09 ovzhost sshd[1016]: message repeated 2 times: [ Failed password for root from 43.255.190.144 port 53555 ssh2]
Apr 12 18:50:09 ovzhost sshd[1016]: Received disconnect from 43.255.190.144: 11:  [preauth]
Apr 12 18:50:09 ovzhost sshd[1016]: PAM 2 more authentication failures; logname= uid=0 euid=0 tty=ssh ruser= rhost=43.255.190.144  user=root
Apr 12 18:50:10 ovzhost sshd[1022]: pam_unix(sshd:auth): authentication failure; logname= uid=0 euid=0 tty=ssh ruser= rhost=43.255.190.144  user=root
Apr 12 18:50:10 ovzhost sshd[1018]: message repeated 2 times: [ Failed password for root from 43.255.190.124 port 51635 ssh2]
Apr 12 18:50:10 ovzhost sshd[1018]: Received disconnect from 43.255.190.124: 11:  [preauth]
Apr 12 18:50:10 ovzhost sshd[1018]: PAM 2 more authentication failures; logname= uid=0 euid=0 tty=ssh ruser= rhost=43.255.190.124  user=root
Apr 12 18:50:11 ovzhost sshd[1024]: pam_unix(sshd:auth): authentication failure; logname= uid=0 euid=0 tty=ssh ruser= rhost=43.255.190.124  user=root
Apr 12 18:50:12 ovzhost sshd[1022]: Failed password for root from 43.255.190.144 port 39186 ssh2
Apr 12 18:50:13 ovzhost sshd[1020]: message repeated 2 times: [ Failed password for root from 43.255.190.144 port 60096 ssh2]
Apr 12 18:50:13 ovzhost sshd[1020]: Received disconnect from 43.255.190.144: 11:  [preauth]
Apr 12 18:50:13 ovzhost sshd[1020]: PAM 2 more authentication failures; logname= uid=0 euid=0 tty=ssh ruser= rhost=43.255.190.144  user=root
Apr 12 18:50:13 ovzhost sshd[1024]: Failed password for root from 43.255.190.124 port 38513 ssh2
Apr 12 18:50:13 ovzhost sshd[1026]: pam_unix(sshd:auth): authentication failure; logname= uid=0 euid=0 tty=ssh ruser= rhost=43.255.190.144  user=root
Apr 12 18:50:15 ovzhost sshd[1026]: Failed password for root from 43.255.190.144 port 46377 ssh2
Apr 12 18:50:15 ovzhost sshd[1022]: message repeated 2 times: [ Failed password for root from 43.255.190.144 port 39186 ssh2]
Apr 12 18:50:15 ovzhost sshd[1022]: Received disconnect from 43.255.190.144: 11:  [preauth]
Apr 12 18:50:15 ovzhost sshd[1022]: PAM 2 more authentication failures; logname= uid=0 euid=0 tty=ssh ruser= rhost=43.255.190.144  user=root
Apr 12 18:50:16 ovzhost sshd[1028]: pam_unix(sshd:auth): authentication failure; logname= uid=0 euid=0 tty=ssh ruser= rhost=43.255.190.144  user=root
Apr 12 18:50:17 ovzhost sshd[1024]: message repeated 2 times: [ Failed password for root from 43.255.190.124 port 38513 ssh2]
Apr 12 18:50:17 ovzhost sshd[1024]: Received disconnect from 43.255.190.124: 11:  [preauth]
Apr 12 18:50:17 ovzhost sshd[1024]: PAM 2 more authentication failures; logname= uid=0 euid=0 tty=ssh ruser= rhost=43.255.190.124  user=root
Apr 12 18:50:17 ovzhost sshd[1028]: Failed password for root from 43.255.190.144 port 53473 ssh2
Apr 12 18:50:17 ovzhost sshd[1030]: pam_unix(sshd:auth): authentication failure; logname= uid=0 euid=0 tty=ssh ruser= rhost=43.255.190.124  user=root
Apr 12 18:50:19 ovzhost sshd[1026]: message repeated 2 times: [ Failed password for root from 43.255.190.144 port 46377 ssh2]
Apr 12 18:50:19 ovzhost sshd[1026]: Received disconnect from 43.255.190.144: 11:  [preauth]
Apr 12 18:50:19 ovzhost sshd[1026]: PAM 2 more authentication failures; logname= uid=0 euid=0 tty=ssh ruser= rhost=43.255.190.144  user=root
Apr 12 18:50:20 ovzhost sshd[1030]: Failed password for root from 43.255.190.124 port 54472 ssh2
Apr 12 18:50:20 ovzhost sshd[1032]: pam_unix(sshd:auth): authentication failure; logname= uid=0 euid=0 tty=ssh ruser= rhost=43.255.190.144  user=root
Apr 12 18:50:21 ovzhost sshd[1028]: message repeated 2 times: [ Failed password for root from 43.255.190.144 port 53473 ssh2]
Apr 12 18:50:21 ovzhost sshd[1028]: Received disconnect from 43.255.190.144: 11:  [preauth]
Apr 12 18:50:21 ovzhost sshd[1028]: PAM 2 more authentication failures; logname= uid=0 euid=0 tty=ssh ruser= rhost=43.255.190.144  user=root
Apr 12 18:50:21 ovzhost sshd[1032]: Failed password for root from 43.255.190.144 port 60695 ssh2
Apr 12 18:50:22 ovzhost sshd[1034]: pam_unix(sshd:auth): authentication failure; logname= uid=0 euid=0 tty=ssh ruser= rhost=43.255.190.144  user=root
Apr 12 18:50:23 ovzhost sshd[1030]: message repeated 2 times: [ Failed password for root from 43.255.190.124 port 54472 ssh2]
Apr 12 18:50:23 ovzhost sshd[1030]: Received disconnect from 43.255.190.124: 11:  [preauth]
Apr 12 18:50:23 ovzhost sshd[1030]: PAM 2 more authentication failures; logname= uid=0 euid=0 tty=ssh ruser= rhost=43.255.190.124  user=root
Apr 12 18:50:24 ovzhost sshd[1036]: pam_unix(sshd:auth): authentication failure; logname= uid=0 euid=0 tty=ssh ruser= rhost=43.255.190.124  user=root
Apr 12 18:50:24 ovzhost sshd[1034]: Failed password for root from 43.255.190.144 port 37560 ssh2
Apr 12 18:50:25 ovzhost sshd[1032]: message repeated 2 times: [ Failed password for root from 43.255.190.144 port 60695 ssh2]
Apr 12 18:50:25 ovzhost sshd[1032]: Received disconnect from 43.255.190.144: 11:  [preauth]
Apr 12 18:50:25 ovzhost sshd[1032]: PAM 2 more authentication failures; logname= uid=0 euid=0 tty=ssh ruser= rhost=43.255.190.144  user=root
Apr 12 18:50:26 ovzhost sshd[1038]: pam_unix(sshd:auth): authentication failure; logname= uid=0 euid=0 tty=ssh ruser= rhost=43.255.190.144  user=root
Apr 12 18:50:26 ovzhost sshd[1036]: Failed password for root from 43.255.190.124 port 39414 ssh2
Apr 12 18:50:28 ovzhost sshd[1038]: Failed password for root from 43.255.190.144 port 45262 ssh2
Apr 12 18:50:29 ovzhost sshd[1034]: message repeated 2 times: [ Failed password for root from 43.255.190.144 port 37560 ssh2]
Apr 12 18:50:29 ovzhost sshd[1034]: Received disconnect from 43.255.190.144: 11:  [preauth]
Apr 12 18:50:29 ovzhost sshd[1034]: PAM 2 more authentication failures; logname= uid=0 euid=0 tty=ssh ruser= rhost=43.255.190.144  user=root
Apr 12 18:50:29 ovzhost sshd[1040]: pam_unix(sshd:auth): authentication failure; logname= uid=0 euid=0 tty=ssh ruser= rhost=43.255.190.144  user=root
Apr 12 18:50:30 ovzhost sshd[1036]: message repeated 2 times: [ Failed password for root from 43.255.190.124 port 39414 ssh2]
Apr 12 18:50:30 ovzhost sshd[1036]: Received disconnect from 43.255.190.124: 11:  [preauth]
Apr 12 18:50:30 ovzhost sshd[1036]: PAM 2 more authentication failures; logname= uid=0 euid=0 tty=ssh ruser= rhost=43.255.190.124  user=root
Apr 12 18:50:30 ovzhost sshd[1045]: Connection closed by 128.8.37.104 [preauth]
Apr 12 18:50:31 ovzhost sshd[1042]: pam_unix(sshd:auth): authentication failure; logname= uid=0 euid=0 tty=ssh ruser= rhost=43.255.190.124  user=root
Apr 12 18:50:32 ovzhost sshd[1040]: Failed password for root from 43.255.190.144 port 52451 ssh2
Apr 12 18:50:33 ovzhost sshd[1038]: message repeated 2 times: [ Failed password for root from 43.255.190.144 port 45262 ssh2]
Apr 12 18:50:33 ovzhost sshd[1038]: Received disconnect from 43.255.190.144: 11:  [preauth]
Apr 12 18:50:33 ovzhost sshd[1038]: PAM 2 more authentication failures; logname= uid=0 euid=0 tty=ssh ruser= rhost=43.255.190.144  user=root
Apr 12 18:50:33 ovzhost sshd[1042]: Failed password for root from 43.255.190.124 port 55774 ssh2
Apr 12 18:50:33 ovzhost sshd[1047]: pam_unix(sshd:auth): authentication failure; logname= uid=0 euid=0 tty=ssh ruser= rhost=43.255.190.144  user=root
Apr 12 18:50:35 ovzhost sshd[1047]: Failed password for root from 43.255.190.144 port 60368 ssh2
Apr 12 18:50:36 ovzhost sshd[1040]: message repeated 2 times: [ Failed password for root from 43.255.190.144 port 52451 ssh2]
Apr 12 18:50:36 ovzhost sshd[1040]: Received disconnect from 43.255.190.144: 11:  [preauth]
Apr 12 18:50:36 ovzhost sshd[1040]: PAM 2 more authentication failures; logname= uid=0 euid=0 tty=ssh ruser= rhost=43.255.190.144  user=root
Apr 12 18:50:37 ovzhost sshd[1049]: pam_unix(sshd:auth): authentication failure; logname= uid=0 euid=0 tty=ssh ruser= rhost=43.255.190.144  user=root
Apr 12 18:50:37 ovzhost sshd[1042]: message repeated 2 times: [ Failed password for root from 43.255.190.124 port 55774 ssh2]
Apr 12 18:50:37 ovzhost sshd[1042]: Received disconnect from 43.255.190.124: 11:  [preauth]
Apr 12 18:50:37 ovzhost sshd[1042]: PAM 2 more authentication failures; logname= uid=0 euid=0 tty=ssh ruser= rhost=43.255.190.124  user=root
Apr 12 18:50:37 ovzhost sshd[1051]: pam_unix(sshd:auth): authentication failure; logname= uid=0 euid=0 tty=ssh ruser= rhost=43.255.190.124  user=root
Apr 12 18:50:38 ovzhost sshd[1049]: Failed password for root from 43.255.190.144 port 39313 ssh2
Apr 12 18:50:39 ovzhost sshd[1047]: message repeated 2 times: [ Failed password for root from 43.255.190.144 port 60368 ssh2]
Apr 12 18:50:39 ovzhost sshd[1047]: Received disconnect from 43.255.190.144: 11:  [preauth]
Apr 12 18:50:39 ovzhost sshd[1047]: PAM 2 more authentication failures; logname= uid=0 euid=0 tty=ssh ruser= rhost=43.255.190.144  user=root
Apr 12 18:50:39 ovzhost sshd[1051]: Failed password for root from 43.255.190.124 port 42522 ssh2
