Apr 12 18:53:55 ovzhost sshd[1227]: message repeated 2 times: [ Failed password for root from 43.255.190.124 port 34870 ssh2]
Apr 12 18:53:55 ovzhost sshd[1227]: Received disconnect from 43.255.190.124: 11:  [preauth]
Apr 12 18:53:55 ovzhost sshd[1227]: PAM 2 more authentication failures; logname= uid=0 euid=0 tty=ssh ruser= rhost=43.255.190.124  user=root
Apr 12 18:53:55 ovzhost sshd[1233]: pam_unix(sshd:auth): authentication failure; logname= uid=0 euid=0 tty=ssh ruser= rhost=43.255.190.124  user=root
Apr 12 18:53:57 ovzhost sshd[1231]: Failed password for root from 43.255.190.144 port 52992 ssh2
Apr 12 18:53:58 ovzhost sshd[1233]: Failed password for root from 43.255.190.124 port 48000 ssh2
Apr 12 18:53:59 ovzhost sshd[1229]: message repeated 2 times: [ Failed password for root from 43.255.190.144 port 48612 ssh2]
Apr 12 18:53:59 ovzhost sshd[1229]: Received disconnect from 43.255.190.144: 11:  [preauth]
Apr 12 18:53:59 ovzhost sshd[1229]: PAM 2 more authentication failures; logname= uid=0 euid=0 tty=ssh ruser= rhost=43.255.190.144  user=root
Apr 12 18:54:00 ovzhost sshd[1237]: pam_unix(sshd:auth): authentication failure; logname= uid=0 euid=0 tty=ssh ruser= rhost=43.255.190.144  user=root
Apr 12 18:54:01 ovzhost sshd[1231]: message repeated 2 times: [ Failed password for root from 43.255.190.144 port 52992 ssh2]
Apr 12 18:54:01 ovzhost sshd[1231]: Received disconnect from 43.255.190.144: 11:  [preauth]
Apr 12 18:54:01 ovzhost sshd[1231]: PAM 2 more authentication failures; logname= uid=0 euid=0 tty=ssh ruser= rhost=43.255.190.144  user=root
Apr 12 18:54:01 ovzhost sshd[1237]: Failed password for root from 43.255.190.144 port 35227 ssh2
Apr 12 18:54:01 ovzhost sshd[1233]: message repeated 2 times: [ Failed password for root from 43.255.190.124 port 48000 ssh2]
Apr 12 18:54:01 ovzhost sshd[1233]: Received disconnect from 43.255.190.124: 11:  [preauth]
Apr 12 18:54:01 ovzhost sshd[1233]: PAM 2 more authentication failures; logname= uid=0 euid=0 tty=ssh ruser= rhost=43.255.190.124  user=root
Apr 12 18:54:01 ovzhost sshd[1239]: pam_unix(sshd:auth): authentication failure; logname= uid=0 euid=0 tty=ssh ruser= rhost=43.255.190.144  user=root
Apr 12 18:54:02 ovzhost sshd[1241]: pam_unix(sshd:auth): authentication failure; logname= uid=0 euid=0 tty=ssh ruser= rhost=43.255.190.124  user=root
Apr 12 18:54:04 ovzhost sshd[1239]: Failed password for root from 43.255.190.144 port 39653 ssh2
Apr 12 18:54:04 ovzhost sshd[1241]: Failed password for root from 43.255.190.124 port 33009 ssh2
Apr 12 18:54:05 ovzhost sshd[1237]: message repeated 2 times: [ Failed password for root from 43.255.190.144 port 35227 ssh2]
Apr 12 18:54:05 ovzhost sshd[1237]: Received disconnect from 43.255.190.144: 11:  [preauth]
Apr 12 18:54:05 ovzhost sshd[1237]: PAM 2 more authentication failures; logname= uid=0 euid=0 tty=ssh ruser= rhost=43.255.190.144  user=root
Apr 12 18:54:05 ovzhost sshd[1243]: pam_unix(sshd:auth): authentication failure; logname= uid=0 euid=0 tty=ssh ruser= rhost=43.255.190.144  user=root
Apr 12 18:54:07 ovzhost sshd[1239]: message repeated 2 times: [ Failed password for root from 43.255.190.144 port 39653 ssh2]
Apr 12 18:54:07 ovzhost sshd[1239]: Received disconnect from 43.255.190.144: 11:  [preauth]
Apr 12 18:54:07 ovzhost sshd[1239]: PAM 2 more authentication failures; logname= uid=0 euid=0 tty=ssh ruser= rhost=43.255.190.144  user=root
Apr 12 18:54:08 ovzhost sshd[1243]: Failed password for root from 43.255.190.144 port 48565 ssh2
Apr 12 18:54:08 ovzhost sshd[1245]: pam_unix(sshd:auth): authentication failure; logname= uid=0 euid=0 tty=ssh ruser= rhost=43.255.190.144  user=root
Apr 12 18:54:08 ovzhost sshd[1241]: message repeated 2 times: [ Failed password for root from 43.255.190.124 port 33009 ssh2]
Apr 12 18:54:08 ovzhost sshd[1241]: Received disconnect from 43.255.190.124: 11:  [preauth]
Apr 12 18:54:08 ovzhost sshd[1241]: PAM 2 more authentication failures; logname= uid=0 euid=0 tty=ssh ruser= rhost=43.255.190.124  user=root
Apr 12 18:54:09 ovzhost sshd[1247]: pam_unix(sshd:auth): authentication failure; logname= uid=0 euid=0 tty=ssh ruser= rhost=43.255.190.124  user=root
Apr 12 18:54:10 ovzhost sshd[1245]: Failed password for root from 43.255.190.144 port 53200 ssh2
Apr 12 18:54:11 ovzhost sshd[1247]: Failed password for root from 43.255.190.124 port 45706 ssh2
Apr 12 18:54:12 ovzhost sshd[1243]: message repeated 2 times: [ Failed password for root from 43.255.190.144 port 48565 ssh2]
Apr 12 18:54:12 ovzhost sshd[1243]: Received disconnect from 43.255.190.144: 11:  [preauth]
Apr 12 18:54:12 ovzhost sshd[1243]: PAM 2 more authentication failures; logname= uid=0 euid=0 tty=ssh ruser= rhost=43.255.190.144  user=root
Apr 12 18:54:13 ovzhost sshd[1249]: pam_unix(sshd:auth): authentication failure; logname= uid=0 euid=0 tty=ssh ruser= rhost=43.255.190.144  user=root
Apr 12 18:54:14 ovzhost sshd[1247]: message repeated 2 times: [ Failed password for root from 43.255.190.124 port 45706 ssh2]
Apr 12 18:54:14 ovzhost sshd[1247]: Received disconnect from 43.255.190.124: 11:  [preauth]
Apr 12 18:54:14 ovzhost sshd[1247]: PAM 2 more authentication failures; logname= uid=0 euid=0 tty=ssh ruser= rhost=43.255.190.124  user=root
Apr 12 18:54:14 ovzhost sshd[1245]: message repeated 2 times: [ Failed password for root from 43.255.190.144 port 53200 ssh2]
Apr 12 18:54:14 ovzhost sshd[1245]: Received disconnect from 43.255.190.144: 11:  [preauth]
Apr 12 18:54:14 ovzhost sshd[1245]: PAM 2 more authentication failures; logname= uid=0 euid=0 tty=ssh ruser= rhost=43.255.190.144  user=root
Apr 12 18:54:15 ovzhost sshd[1251]: pam_unix(sshd:auth): authentication failure; logname= uid=0 euid=0 tty=ssh ruser= rhost=43.255.190.124  user=root
Apr 12 18:54:15 ovzhost sshd[1253]: pam_unix(sshd:auth): authentication failure; logname= uid=0 euid=0 tty=ssh ruser= rhost=43.255.190.144  user=root
Apr 12 18:54:15 ovzhost sshd[1249]: Failed password for root from 43.255.190.144 port 34242 ssh2
Apr 12 18:54:16 ovzhost sshd[1251]: Failed password for root from 43.255.190.124 port 56285 ssh2
Apr 12 18:54:16 ovzhost sshd[1253]: Failed password for root from 43.255.190.144 port 38545 ssh2
Apr 12 18:54:18 ovzhost sshd[1249]: message repeated 2 times: [ Failed password for root from 43.255.190.144 port 34242 ssh2]
Apr 12 18:54:18 ovzhost sshd[1249]: Received disconnect from 43.255.190.144: 11:  [preauth]
Apr 12 18:54:18 ovzhost sshd[1249]: PAM 2 more authentication failures; logname= uid=0 euid=0 tty=ssh ruser= rhost=43.255.190.144  user=root
Apr 12 18:54:19 ovzhost sshd[1255]: pam_unix(sshd:auth): authentication failure; logname= uid=0 euid=0 tty=ssh ruser= rhost=43.255.190.144  user=root
Apr 12 18:54:20 ovzhost sshd[1251]: message repeated 2 times: [ Failed password for root from 43.255.190.124 port 56285 ssh2]
Apr 12 18:54:21 ovzhost sshd[1251]: Received disconnect from 43.255.190.124: 11:  [preauth]
Apr 12 18:54:21 ovzhost sshd[1251]: PAM 2 more authentication failures; logname= uid=0 euid=0 tty=ssh ruser= rhost=43.255.190.124  user=root
Apr 12 18:54:20 ovzhost sshd[1253]: message repeated 2 times: [ Failed password for root from 43.255.190.144 port 38545 ssh2]
Apr 12 18:54:21 ovzhost sshd[1253]: Received disconnect from 43.255.190.144: 11:  [preauth]
Apr 12 18:54:21 ovzhost sshd[1253]: PAM 2 more authentication failures; logname= uid=0 euid=0 tty=ssh ruser= rhost=43.255.190.144  user=root
Apr 12 18:54:21 ovzhost sshd[1255]: Failed password for root from 43.255.190.144 port 48693 ssh2
Apr 12 18:54:21 ovzhost sshd[1257]: pam_unix(sshd:auth): authentication failure; logname= uid=0 euid=0 tty=ssh ruser= rhost=43.255.190.124  user=root
Apr 12 18:54:21 ovzhost sshd[1259]: pam_unix(sshd:auth): authentication failure; logname= uid=0 euid=0 tty=ssh ruser= rhost=43.255.190.144  user=root
Apr 12 18:54:23 ovzhost sshd[1257]: Failed password for root from 43.255.190.124 port 41234 ssh2
Apr 12 18:54:23 ovzhost sshd[1259]: Failed password for root from 43.255.190.144 port 53124 ssh2
Apr 12 18:54:24 ovzhost sshd[1255]: message repeated 2 times: [ Failed password for root from 43.255.190.144 port 48693 ssh2]
Apr 12 18:54:24 ovzhost sshd[1255]: Received disconnect from 43.255.190.144: 11:  [preauth]
Apr 12 18:54:24 ovzhost sshd[1255]: PAM 2 more authentication failures; logname= uid=0 euid=0 tty=ssh ruser= rhost=43.255.190.144  user=root
Apr 12 18:54:25 ovzhost sshd[1261]: pam_unix(sshd:auth): authentication failure; logname= uid=0 euid=0 tty=ssh ruser= rhost=43.255.190.144  user=root
Apr 12 18:54:26 ovzhost sshd[1257]: message repeated 2 times: [ Failed password for root from 43.255.190.124 port 41234 ssh2]
Apr 12 18:54:26 ovzhost sshd[1257]: Received disconnect from 43.255.190.124: 11:  [preauth]
Apr 12 18:54:26 ovzhost sshd[1257]: PAM 2 more authentication failures; logname= uid=0 euid=0 tty=ssh ruser= rhost=43.255.190.124  user=root
Apr 12 18:54:26 ovzhost sshd[1259]: message repeated 2 times: [ Failed password for root from 43.255.190.144 port 53124 ssh2]
Apr 12 18:54:26 ovzhost sshd[1259]: Received disconnect from 43.255.190.144: 11:  [preauth]
Apr 12 18:54:26 ovzhost sshd[1259]: PAM 2 more authentication failures; logname= uid=0 euid=0 tty=ssh ruser= rhost=43.255.190.144  user=root
Apr 12 18:54:27 ovzhost sshd[1261]: Failed password for root from 43.255.190.144 port 33596 ssh2
Apr 12 18:54:27 ovzhost sshd[1263]: pam_unix(sshd:auth): authentication failure; logname= uid=0 euid=0 tty=ssh ruser= rhost=43.255.190.124  user=root
Apr 12 18:54:27 ovzhost sshd[1265]: pam_unix(sshd:auth): authentication failure; logname= uid=0 euid=0 tty=ssh ruser= rhost=43.255.190.144  user=root
Apr 12 18:54:29 ovzhost sshd[1263]: Failed password for root from 43.255.190.124 port 51575 ssh2
Apr 12 18:54:29 ovzhost sshd[1265]: Failed password for root from 43.255.190.144 port 38018 ssh2
Apr 12 18:54:31 ovzhost sshd[1261]: message repeated 2 times: [ Failed password for root from 43.255.190.144 port 33596 ssh2]
Apr 12 18:54:31 ovzhost sshd[1261]: Received disconnect from 43.255.190.144: 11:  [preauth]
Apr 12 18:54:31 ovzhost sshd[1261]: PAM 2 more authentication failures; logname= uid=0 euid=0 tty=ssh ruser= rhost=43.255.190.144  user=root
Apr 12 18:54:32 ovzhost sshd[1267]: pam_unix(sshd:auth): authentication failure; logname= uid=0 euid=0 tty=ssh ruser= rhost=43.255.190.144  user=root
Apr 12 18:54:33 ovzhost sshd[1263]: message repeated 2 times: [ Failed password for root from 43.255.190.124 port 51575 ssh2]
Apr 12 18:54:33 ovzhost sshd[1263]: Received disconnect from 43.255.190.124: 11:  [preauth]
Apr 12 18:54:33 ovzhost sshd[1263]: PAM 2 more authentication failures; logname= uid=0 euid=0 tty=ssh ruser= rhost=43.255.190.124  user=root
Apr 12 18:54:33 ovzhost sshd[1265]: message repeated 2 times: [ Failed password for root from 43.255.190.144 port 38018 ssh2]
Apr 12 18:54:33 ovzhost sshd[1265]: Received disconnect from 43.255.190.144: 11:  [preauth]
Apr 12 18:54:33 ovzhost sshd[1265]: PAM 2 more authentication failures; logname= uid=0 euid=0 tty=ssh ruser= rhost=43.255.190.144  user=root
Apr 12 18:54:34 ovzhost sshd[1269]: pam_unix(sshd:auth): authentication failure; logname= uid=0 euid=0 tty=ssh ruser= rhost=43.255.190.124  user=root
Apr 12 18:54:34 ovzhost sshd[1271]: pam_unix(sshd:auth): authentication failure; logname= uid=0 euid=0 tty=ssh ruser= rhost=43.255.190.144  user=root
Apr 12 18:54:34 ovzhost sshd[1267]: Failed password for root from 43.255.190.144 port 48429 ssh2
Apr 12 18:54:35 ovzhost sshd[1269]: Failed password for root from 43.255.190.124 port 35246 ssh2
Apr 12 18:54:35 ovzhost sshd[1271]: Failed password for root from 43.255.190.144 port 53247 ssh2
Apr 12 18:54:38 ovzhost sshd[1267]: message repeated 2 times: [ Failed password for root from 43.255.190.144 port 48429 ssh2]
Apr 12 18:54:38 ovzhost sshd[1267]: Received disconnect from 43.255.190.144: 11:  [preauth]
Apr 12 18:54:38 ovzhost sshd[1267]: PAM 2 more authentication failures; logname= uid=0 euid=0 tty=ssh ruser= rhost=43.255.190.144  user=root
Apr 12 18:54:39 ovzhost sshd[1275]: pam_unix(sshd:auth): authentication failure; logname= uid=0 euid=0 tty=ssh ruser= rhost=43.255.190.144  user=root
Apr 12 18:54:39 ovzhost sshd[1269]: message repeated 2 times: [ Failed password for root from 43.255.190.124 port 35246 ssh2]
Apr 12 18:54:39 ovzhost sshd[1269]: Received disconnect from 43.255.190.124: 11:  [preauth]
Apr 12 18:54:39 ovzhost sshd[1269]: PAM 2 more authentication failures; logname= uid=0 euid=0 tty=ssh ruser= rhost=43.255.190.124  user=root
Apr 12 18:54:39 ovzhost sshd[1271]: message repeated 2 times: [ Failed password for root from 43.255.190.144 port 53247 ssh2]
Apr 12 18:54:39 ovzhost sshd[1271]: Received disconnect from 43.255.190.144: 11:  [preauth]
Apr 12 18:54:39 ovzhost sshd[1271]: PAM 2 more authentication failures; logname= uid=0 euid=0 tty=ssh ruser= rhost=43.255.190.144  user=root
Apr 12 18:54:40 ovzhost sshd[1279]: pam_unix(sshd:auth): authentication failure; logname= uid=0 euid=0 tty=ssh ruser= rhost=43.255.190.144  user=root
Apr 12 18:54:40 ovzhost sshd[1277]: pam_unix(sshd:auth): authentication failure; logname= uid=0 euid=0 tty=ssh ruser= rhost=43.255.190.124  user=root
Apr 12 18:54:40 ovzhost sshd[1275]: Failed password for root from 43.255.190.144 port 36509 ssh2
Apr 12 18:54:42 ovzhost sshd[1279]: Failed password for root from 43.255.190.144 port 39614 ssh2
Apr 12 18:54:42 ovzhost sshd[1277]: Failed password for root from 43.255.190.124 port 49324 ssh2
Apr 12 18:54:45 ovzhost sshd[1275]: message repeated 2 times: [ Failed password for root from 43.255.190.144 port 36509 ssh2]
Apr 12 18:54:45 ovzhost sshd[1275]: Received disconnect from 43.255.190.144: 11:  [preauth]
Apr 12 18:54:45 ovzhost sshd[1275]: PAM 2 more authentication failures; logname= uid=0 euid=0 tty=ssh ruser= rhost=43.255.190.144  user=root
Apr 12 18:54:45 ovzhost sshd[1281]: pam_unix(sshd:auth): authentication failure; logname= uid=0 euid=0 tty=ssh ruser= rhost=43.255.190.144  user=root
Apr 12 18:54:46 ovzhost sshd[1277]: message repeated 2 times: [ Failed password for root from 43.255.190.124 port 49324 ssh2]
Apr 12 18:54:46 ovzhost sshd[1277]: Received disconnect from 43.255.190.124: 11:  [preauth]
Apr 12 18:54:46 ovzhost sshd[1279]: message repeated 2 times: [ Failed password for root from 43.255.190.144 port 39614 ssh2]
Apr 12 18:54:46 ovzhost sshd[1279]: Received disconnect from 43.255.190.144: 11:  [preauth]
Apr 12 18:54:46 ovzhost sshd[1279]: PAM 2 more authentication failures; logname= uid=0 euid=0 tty=ssh ruser= rhost=43.255.190.144  user=root
Apr 12 18:54:46 ovzhost sshd[1277]: PAM 2 more authentication failures; logname= uid=0 euid=0 tty=ssh ruser= rhost=43.255.190.124  user=root
Apr 12 18:54:47 ovzhost sshd[1283]: pam_unix(sshd:auth): authentication failure; logname= uid=0 euid=0 tty=ssh ruser= rhost=43.255.190.124  user=root
Apr 12 18:54:47 ovzhost sshd[1284]: pam_unix(sshd:auth): authentication failure; logname= uid=0 euid=0 tty=ssh ruser= rhost=43.255.190.144  user=root
Apr 12 18:54:47 ovzhost sshd[1281]: Failed password for root from 43.255.190.144 port 51172 ssh2
Apr 12 18:54:48 ovzhost sshd[1283]: Failed password for root from 43.255.190.124 port 33491 ssh2
Apr 12 18:54:48 ovzhost sshd[1284]: Failed password for root from 43.255.190.144 port 53767 ssh2
Apr 12 18:54:50 ovzhost sshd[1281]: message repeated 2 times: [ Failed password for root from 43.255.190.144 port 51172 ssh2]
Apr 12 18:54:50 ovzhost sshd[1281]: Received disconnect from 43.255.190.144: 11:  [preauth]
Apr 12 18:54:50 ovzhost sshd[1281]: PAM 2 more authentication failures; logname= uid=0 euid=0 tty=ssh ruser= rhost=43.255.190.144  user=root
Apr 12 18:54:51 ovzhost sshd[1287]: pam_unix(sshd:auth): authentication failure; logname= uid=0 euid=0 tty=ssh ruser= rhost=43.255.190.144  user=root
Apr 12 18:54:52 ovzhost sshd[1283]: message repeated 2 times: [ Failed password for root from 43.255.190.124 port 33491 ssh2]
Apr 12 18:54:52 ovzhost sshd[1283]: Received disconnect from 43.255.190.124: 11:  [preauth]
Apr 12 18:54:52 ovzhost sshd[1283]: PAM 2 more authentication failures; logname= uid=0 euid=0 tty=ssh ruser= rhost=43.255.190.124  user=root
Apr 12 18:54:52 ovzhost sshd[1284]: message repeated 2 times: [ Failed password for root from 43.255.190.144 port 53767 ssh2]
Apr 12 18:54:52 ovzhost sshd[1284]: Received disconnect from 43.255.190.144: 11:  [preauth]
Apr 12 18:54:52 ovzhost sshd[1284]: PAM 2 more authentication failures; logname= uid=0 euid=0 tty=ssh ruser= rhost=43.255.190.144  user=root
Apr 12 18:54:53 ovzhost sshd[1287]: Failed password for root from 43.255.190.144 port 34613 ssh2
Apr 12 18:54:53 ovzhost sshd[1289]: pam_unix(sshd:auth): authentication failure; logname= uid=0 euid=0 tty=ssh ruser= rhost=43.255.190.124  user=root
Apr 12 18:54:53 ovzhost sshd[1290]: pam_unix(sshd:auth): authentication failure; logname= uid=0 euid=0 tty=ssh ruser= rhost=43.255.190.144  user=root
Apr 12 18:54:55 ovzhost sshd[1289]: Failed password for root from 43.255.190.124 port 45625 ssh2
Apr 12 18:54:55 ovzhost sshd[1290]: Failed password for root from 43.255.190.144 port 38764 ssh2
Apr 12 18:54:57 ovzhost sshd[1287]: message repeated 2 times: [ Failed password for root from 43.255.190.144 port 34613 ssh2]
Apr 12 18:54:57 ovzhost sshd[1287]: Received disconnect from 43.255.190.144: 11:  [preauth]
Apr 12 18:54:57 ovzhost sshd[1287]: PAM 2 more authentication failures; logname= uid=0 euid=0 tty=ssh ruser= rhost=43.255.190.144  user=root
Apr 12 18:54:58 ovzhost sshd[1293]: pam_unix(sshd:auth): authentication failure; logname= uid=0 euid=0 tty=ssh ruser= rhost=43.255.190.144  user=root
Apr 12 18:54:59 ovzhost sshd[1289]: message repeated 2 times: [ Failed password for root from 43.255.190.124 port 45625 ssh2]
Apr 12 18:54:59 ovzhost sshd[1289]: Received disconnect from 43.255.190.124: 11:  [preauth]
Apr 12 18:54:59 ovzhost sshd[1289]: PAM 2 more authentication failures; logname= uid=0 euid=0 tty=ssh ruser= rhost=43.255.190.124  user=root
Apr 12 18:54:59 ovzhost sshd[1290]: message repeated 2 times: [ Failed password for root from 43.255.190.144 port 38764 ssh2]
Apr 12 18:54:59 ovzhost sshd[1290]: Received disconnect from 43.255.190.144: 11:  [preauth]
Apr 12 18:54:59 ovzhost sshd[1290]: PAM 2 more authentication failures; logname= uid=0 euid=0 tty=ssh ruser= rhost=43.255.190.144  user=root
Apr 12 18:54:59 ovzhost sshd[1295]: pam_unix(sshd:auth): authentication failure; logname= uid=0 euid=0 tty=ssh ruser= rhost=43.255.190.124  user=root
Apr 12 18:54:59 ovzhost sshd[1297]: pam_unix(sshd:auth): authentication failure; logname= uid=0 euid=0 tty=ssh ruser= rhost=43.255.190.144  user=root
Apr 12 18:55:00 ovzhost sshd[1293]: Failed password for root from 43.255.190.144 port 49806 ssh2
Apr 12 18:55:01 ovzhost sshd[1295]: Failed password for root from 43.255.190.124 port 59086 ssh2
Apr 12 18:55:01 ovzhost sshd[1297]: Failed password for root from 43.255.190.144 port 53773 ssh2
Apr 12 18:55:04 ovzhost sshd[1293]: message repeated 2 times: [ Failed password for root from 43.255.190.144 port 49806 ssh2]
Apr 12 18:55:04 ovzhost sshd[1293]: Received disconnect from 43.255.190.144: 11:  [preauth]
Apr 12 18:55:04 ovzhost sshd[1293]: PAM 2 more authentication failures; logname= uid=0 euid=0 tty=ssh ruser= rhost=43.255.190.144  user=root
Apr 12 18:55:05 ovzhost sshd[1300]: pam_unix(sshd:auth): authentication failure; logname= uid=0 euid=0 tty=ssh ruser= rhost=43.255.190.144  user=root
Apr 12 18:55:05 ovzhost sshd[1295]: message repeated 2 times: [ Failed password for root from 43.255.190.124 port 59086 ssh2]
Apr 12 18:55:05 ovzhost sshd[1295]: Received disconnect from 43.255.190.124: 11:  [preauth]
Apr 12 18:55:05 ovzhost sshd[1295]: PAM 2 more authentication failures; logname= uid=0 euid=0 tty=ssh ruser= rhost=43.255.190.124  user=root
Apr 12 18:55:05 ovzhost sshd[1297]: message repeated 2 times: [ Failed password for root from 43.255.190.144 port 53773 ssh2]
Apr 12 18:55:05 ovzhost sshd[1297]: Received disconnect from 43.255.190.144: 11:  [preauth]
Apr 12 18:55:05 ovzhost sshd[1297]: PAM 2 more authentication failures; logname= uid=0 euid=0 tty=ssh ruser= rhost=43.255.190.144  user=root
Apr 12 18:55:06 ovzhost sshd[1302]: pam_unix(sshd:auth): authentication failure; logname= uid=0 euid=0 tty=ssh ruser= rhost=43.255.190.124  user=root
Apr 12 18:55:06 ovzhost sshd[1304]: pam_unix(sshd:auth): authentication failure; logname= uid=0 euid=0 tty=ssh ruser= rhost=43.255.190.144  user=root
Apr 12 18:55:06 ovzhost sshd[1300]: Failed password for root from 43.255.190.144 port 36085 ssh2
Apr 12 18:55:07 ovzhost sshd[1302]: Failed password for root from 43.255.190.124 port 43192 ssh2
Apr 12 18:55:07 ovzhost sshd[1304]: Failed password for root from 43.255.190.144 port 38345 ssh2
Apr 12 18:55:10 ovzhost sshd[1300]: message repeated 2 times: [ Failed password for root from 43.255.190.144 port 36085 ssh2]
Apr 12 18:55:10 ovzhost sshd[1300]: Received disconnect from 43.255.190.144: 11:  [preauth]
Apr 12 18:55:10 ovzhost sshd[1300]: PAM 2 more authentication failures; logname= uid=0 euid=0 tty=ssh ruser= rhost=43.255.190.144  user=root
Apr 12 18:55:11 ovzhost sshd[1306]: pam_unix(sshd:auth): authentication failure; logname= uid=0 euid=0 tty=ssh ruser= rhost=43.255.190.144  user=root
Apr 12 18:55:12 ovzhost sshd[1302]: message repeated 2 times: [ Failed password for root from 43.255.190.124 port 43192 ssh2]
Apr 12 18:55:12 ovzhost sshd[1302]: Received disconnect from 43.255.190.124: 11:  [preauth]
Apr 12 18:55:12 ovzhost sshd[1302]: PAM 2 more authentication failures; logname= uid=0 euid=0 tty=ssh ruser= rhost=43.255.190.124  user=root
Apr 12 18:55:12 ovzhost sshd[1304]: message repeated 2 times: [ Failed password for root from 43.255.190.144 port 38345 ssh2]
Apr 12 18:55:12 ovzhost sshd[1304]: Received disconnect from 43.255.190.144: 11:  [preauth]
Apr 12 18:55:12 ovzhost sshd[1304]: PAM 2 more authentication failures; logname= uid=0 euid=0 tty=ssh ruser= rhost=43.255.190.144  user=root
Apr 12 18:55:12 ovzhost sshd[1308]: pam_unix(sshd:auth): authentication failure; logname= uid=0 euid=0 tty=ssh ruser= rhost=43.255.190.124  user=root
Apr 12 18:55:12 ovzhost sshd[1310]: pam_unix(sshd:auth): authentication failure; logname= uid=0 euid=0 tty=ssh ruser= rhost=43.255.190.144  user=root
Apr 12 18:55:13 ovzhost sshd[1306]: Failed password for root from 43.255.190.144 port 49458 ssh2
Apr 12 18:55:14 ovzhost sshd[1308]: Failed password for root from 43.255.190.124 port 57277 ssh2
Apr 12 18:55:14 ovzhost sshd[1310]: Failed password for root from 43.255.190.144 port 52721 ssh2
Apr 12 18:55:17 ovzhost sshd[1306]: message repeated 2 times: [ Failed password for root from 43.255.190.144 port 49458 ssh2]
Apr 12 18:55:17 ovzhost sshd[1306]: Received disconnect from 43.255.190.144: 11:  [preauth]
Apr 12 18:55:17 ovzhost sshd[1306]: PAM 2 more authentication failures; logname= uid=0 euid=0 tty=ssh ruser= rhost=43.255.190.144  user=root
Apr 12 18:55:17 ovzhost sshd[1312]: pam_unix(sshd:auth): authentication failure; logname= uid=0 euid=0 tty=ssh ruser= rhost=43.255.190.144  user=root
Apr 12 18:55:18 ovzhost sshd[1308]: message repeated 2 times: [ Failed password for root from 43.255.190.124 port 57277 ssh2]
Apr 12 18:55:18 ovzhost sshd[1308]: Received disconnect from 43.255.190.124: 11:  [preauth]
Apr 12 18:55:18 ovzhost sshd[1308]: PAM 2 more authentication failures; logname= uid=0 euid=0 tty=ssh ruser= rhost=43.255.190.124  user=root
Apr 12 18:55:18 ovzhost sshd[1310]: message repeated 2 times: [ Failed password for root from 43.255.190.144 port 52721 ssh2]
Apr 12 18:55:18 ovzhost sshd[1310]: Received disconnect from 43.255.190.144: 11:  [preauth]
Apr 12 18:55:18 ovzhost sshd[1310]: PAM 2 more authentication failures; logname= uid=0 euid=0 tty=ssh ruser= rhost=43.255.190.144  user=root
Apr 12 18:55:19 ovzhost sshd[1314]: pam_unix(sshd:auth): authentication failure; logname= uid=0 euid=0 tty=ssh ruser= rhost=43.255.190.124  user=root
Apr 12 18:55:19 ovzhost sshd[1316]: pam_unix(sshd:auth): authentication failure; logname= uid=0 euid=0 tty=ssh ruser= rhost=43.255.190.144  user=root
Apr 12 18:55:19 ovzhost sshd[1312]: Failed password for root from 43.255.190.144 port 36821 ssh2
Apr 12 18:55:21 ovzhost sshd[1314]: Failed password for root from 43.255.190.124 port 45705 ssh2
Apr 12 18:55:21 ovzhost sshd[1316]: Failed password for root from 43.255.190.144 port 40309 ssh2
Apr 12 18:55:23 ovzhost sshd[1312]: message repeated 2 times: [ Failed password for root from 43.255.190.144 port 36821 ssh2]
Apr 12 18:55:23 ovzhost sshd[1312]: Received disconnect from 43.255.190.144: 11:  [preauth]
Apr 12 18:55:23 ovzhost sshd[1312]: PAM 2 more authentication failures; logname= uid=0 euid=0 tty=ssh ruser= rhost=43.255.190.144  user=root
Apr 12 18:55:24 ovzhost sshd[1318]: pam_unix(sshd:auth): authentication failure; logname= uid=0 euid=0 tty=ssh ruser= rhost=43.255.190.144  user=root
Apr 12 18:55:25 ovzhost sshd[1314]: message repeated 2 times: [ Failed password for root from 43.255.190.124 port 45705 ssh2]
Apr 12 18:55:25 ovzhost sshd[1314]: Received disconnect from 43.255.190.124: 11:  [preauth]
Apr 12 18:55:25 ovzhost sshd[1314]: PAM 2 more authentication failures; logname= uid=0 euid=0 tty=ssh ruser= rhost=43.255.190.124  user=root
Apr 12 18:55:25 ovzhost sshd[1316]: message repeated 2 times: [ Failed password for root from 43.255.190.144 port 40309 ssh2]
Apr 12 18:55:25 ovzhost sshd[1316]: Received disconnect from 43.255.190.144: 11:  [preauth]
Apr 12 18:55:25 ovzhost sshd[1316]: PAM 2 more authentication failures; logname= uid=0 euid=0 tty=ssh ruser= rhost=43.255.190.144  user=root
Apr 12 18:55:25 ovzhost sshd[1318]: Failed password for root from 43.255.190.144 port 50392 ssh2
Apr 12 18:55:25 ovzhost sshd[1320]: pam_unix(sshd:auth): authentication failure; logname= uid=0 euid=0 tty=ssh ruser= rhost=43.255.190.124  user=root
Apr 12 18:55:25 ovzhost sshd[1322]: pam_unix(sshd:auth): authentication failure; logname= uid=0 euid=0 tty=ssh ruser= rhost=43.255.190.144  user=root
Apr 12 18:55:27 ovzhost sshd[1320]: Failed password for root from 43.255.190.124 port 60494 ssh2
Apr 12 18:55:27 ovzhost sshd[1322]: Failed password for root from 43.255.190.144 port 53482 ssh2
Apr 12 18:55:29 ovzhost sshd[1318]: message repeated 2 times: [ Failed password for root from 43.255.190.144 port 50392 ssh2]
Apr 12 18:55:29 ovzhost sshd[1318]: Received disconnect from 43.255.190.144: 11:  [preauth]
Apr 12 18:55:29 ovzhost sshd[1318]: PAM 2 more authentication failures; logname= uid=0 euid=0 tty=ssh ruser= rhost=43.255.190.144  user=root
Apr 12 18:55:30 ovzhost sshd[1324]: pam_unix(sshd:auth): authentication failure; logname= uid=0 euid=0 tty=ssh ruser= rhost=43.255.190.144  user=root
Apr 12 18:55:31 ovzhost sshd[1320]: message repeated 2 times: [ Failed password for root from 43.255.190.124 port 60494 ssh2]
Apr 12 18:55:31 ovzhost sshd[1320]: Received disconnect from 43.255.190.124: 11:  [preauth]
Apr 12 18:55:31 ovzhost sshd[1320]: PAM 2 more authentication failures; logname= uid=0 euid=0 tty=ssh ruser= rhost=43.255.190.124  user=root
Apr 12 18:55:31 ovzhost sshd[1322]: message repeated 2 times: [ Failed password for root from 43.255.190.144 port 53482 ssh2]
Apr 12 18:55:31 ovzhost sshd[1322]: Received disconnect from 43.255.190.144: 11:  [preauth]
Apr 12 18:55:31 ovzhost sshd[1322]: PAM 2 more authentication failures; logname= uid=0 euid=0 tty=ssh ruser= rhost=43.255.190.144  user=root
Apr 12 18:55:31 ovzhost sshd[1326]: pam_unix(sshd:auth): authentication failure; logname= uid=0 euid=0 tty=ssh ruser= rhost=43.255.190.124  user=root
Apr 12 18:55:31 ovzhost sshd[1328]: pam_unix(sshd:auth): authentication failure; logname= uid=0 euid=0 tty=ssh ruser= rhost=43.255.190.144  user=root
Apr 12 18:55:32 ovzhost sshd[1324]: Failed password for root from 43.255.190.144 port 34477 ssh2
Apr 12 18:55:34 ovzhost sshd[1326]: Failed password for root from 43.255.190.124 port 46016 ssh2
Apr 12 18:55:34 ovzhost sshd[1328]: Failed password for root from 43.255.190.144 port 38273 ssh2
Apr 12 18:55:36 ovzhost sshd[1324]: message repeated 2 times: [ Failed password for root from 43.255.190.144 port 34477 ssh2]
Apr 12 18:55:36 ovzhost sshd[1324]: Received disconnect from 43.255.190.144: 11:  [preauth]
Apr 12 18:55:36 ovzhost sshd[1324]: PAM 2 more authentication failures; logname= uid=0 euid=0 tty=ssh ruser= rhost=43.255.190.144  user=root
Apr 12 18:55:36 ovzhost sshd[1330]: pam_unix(sshd:auth): authentication failure; logname= uid=0 euid=0 tty=ssh ruser= rhost=43.255.190.144  user=root
Apr 12 18:55:37 ovzhost sshd[1326]: message repeated 2 times: [ Failed password for root from 43.255.190.124 port 46016 ssh2]
Apr 12 18:55:37 ovzhost sshd[1326]: Received disconnect from 43.255.190.124: 11:  [preauth]
Apr 12 18:55:37 ovzhost sshd[1326]: PAM 2 more authentication failures; logname= uid=0 euid=0 tty=ssh ruser= rhost=43.255.190.124  user=root
Apr 12 18:55:37 ovzhost sshd[1328]: message repeated 2 times: [ Failed password for root from 43.255.190.144 port 38273 ssh2]
Apr 12 18:55:37 ovzhost sshd[1328]: Received disconnect from 43.255.190.144: 11:  [preauth]
Apr 12 18:55:37 ovzhost sshd[1328]: PAM 2 more authentication failures; logname= uid=0 euid=0 tty=ssh ruser= rhost=43.255.190.144  user=root
Apr 12 18:55:38 ovzhost sshd[1332]: pam_unix(sshd:auth): authentication failure; logname= uid=0 euid=0 tty=ssh ruser= rhost=43.255.190.124  user=root
Apr 12 18:55:38 ovzhost sshd[1334]: pam_unix(sshd:auth): authentication failure; logname= uid=0 euid=0 tty=ssh ruser= rhost=43.255.190.144  user=root
Apr 12 18:55:38 ovzhost sshd[1330]: Failed password for root from 43.255.190.144 port 49982 ssh2
Apr 12 18:55:41 ovzhost sshd[1332]: Failed password for root from 43.255.190.124 port 34126 ssh2
Apr 12 18:55:41 ovzhost sshd[1334]: Failed password for root from 43.255.190.144 port 53506 ssh2
Apr 12 18:55:43 ovzhost sshd[1330]: message repeated 2 times: [ Failed password for root from 43.255.190.144 port 49982 ssh2]
Apr 12 18:55:43 ovzhost sshd[1330]: Received disconnect from 43.255.190.144: 11:  [preauth]
Apr 12 18:55:43 ovzhost sshd[1330]: PAM 2 more authentication failures; logname= uid=0 euid=0 tty=ssh ruser= rhost=43.255.190.144  user=root
Apr 12 18:55:44 ovzhost sshd[1336]: pam_unix(sshd:auth): authentication failure; logname= uid=0 euid=0 tty=ssh ruser= rhost=43.255.190.144  user=root
Apr 12 18:55:45 ovzhost sshd[1332]: message repeated 2 times: [ Failed password for root from 43.255.190.124 port 34126 ssh2]
Apr 12 18:55:45 ovzhost sshd[1332]: Received disconnect from 43.255.190.124: 11:  [preauth]
Apr 12 18:55:45 ovzhost sshd[1332]: PAM 2 more authentication failures; logname= uid=0 euid=0 tty=ssh ruser= rhost=43.255.190.124  user=root
Apr 12 18:55:45 ovzhost sshd[1334]: message repeated 2 times: [ Failed password for root from 43.255.190.144 port 53506 ssh2]
Apr 12 18:55:45 ovzhost sshd[1334]: Received disconnect from 43.255.190.144: 11:  [preauth]
Apr 12 18:55:45 ovzhost sshd[1334]: PAM 2 more authentication failures; logname= uid=0 euid=0 tty=ssh ruser= rhost=43.255.190.144  user=root
Apr 12 18:55:45 ovzhost sshd[1338]: pam_unix(sshd:auth): authentication failure; logname= uid=0 euid=0 tty=ssh ruser= rhost=43.255.190.124  user=root
Apr 12 18:55:45 ovzhost sshd[1340]: pam_unix(sshd:auth): authentication failure; logname= uid=0 euid=0 tty=ssh ruser= rhost=43.255.190.144  user=root
Apr 12 18:55:46 ovzhost sshd[1336]: Failed password for root from 43.255.190.144 port 35987 ssh2
Apr 12 18:55:47 ovzhost sshd[1338]: Failed password for root from 43.255.190.124 port 49998 ssh2
Apr 12 18:55:47 ovzhost sshd[1340]: Failed password for root from 43.255.190.144 port 39382 ssh2
Apr 12 18:55:49 ovzhost sshd[1336]: message repeated 2 times: [ Failed password for root from 43.255.190.144 port 35987 ssh2]
Apr 12 18:55:49 ovzhost sshd[1336]: Received disconnect from 43.255.190.144: 11:  [preauth]
Apr 12 18:55:49 ovzhost sshd[1336]: PAM 2 more authentication failures; logname= uid=0 euid=0 tty=ssh ruser= rhost=43.255.190.144  user=root
Apr 12 18:55:50 ovzhost sshd[1342]: pam_unix(sshd:auth): authentication failure; logname= uid=0 euid=0 tty=ssh ruser= rhost=43.255.190.144  user=root
Apr 12 18:55:52 ovzhost sshd[1338]: message repeated 2 times: [ Failed password for root from 43.255.190.124 port 49998 ssh2]
Apr 12 18:55:52 ovzhost sshd[1338]: Received disconnect from 43.255.190.124: 11:  [preauth]
Apr 12 18:55:52 ovzhost sshd[1338]: PAM 2 more authentication failures; logname= uid=0 euid=0 tty=ssh ruser= rhost=43.255.190.124  user=root
Apr 12 18:55:52 ovzhost sshd[1340]: message repeated 2 times: [ Failed password for root from 43.255.190.144 port 39382 ssh2]
Apr 12 18:55:52 ovzhost sshd[1340]: Received disconnect from 43.255.190.144: 11:  [preauth]
Apr 12 18:55:52 ovzhost sshd[1340]: PAM 2 more authentication failures; logname= uid=0 euid=0 tty=ssh ruser= rhost=43.255.190.144  user=root
Apr 12 18:55:52 ovzhost sshd[1344]: pam_unix(sshd:auth): authentication failure; logname= uid=0 euid=0 tty=ssh ruser= rhost=43.255.190.124  user=root
Apr 12 18:55:52 ovzhost sshd[1346]: pam_unix(sshd:auth): authentication failure; logname= uid=0 euid=0 tty=ssh ruser= rhost=43.255.190.144  user=root
Apr 12 18:55:53 ovzhost sshd[1342]: Failed password for root from 43.255.190.144 port 49896 ssh2
Apr 12 18:55:54 ovzhost sshd[1344]: Failed password for root from 43.255.190.124 port 39406 ssh2
Apr 12 18:55:54 ovzhost sshd[1346]: Failed password for root from 43.255.190.144 port 54015 ssh2
Apr 12 18:55:57 ovzhost sshd[1342]: message repeated 2 times: [ Failed password for root from 43.255.190.144 port 49896 ssh2]
Apr 12 18:55:57 ovzhost sshd[1342]: Received disconnect from 43.255.190.144: 11:  [preauth]
Apr 12 18:55:57 ovzhost sshd[1342]: PAM 2 more authentication failures; logname= uid=0 euid=0 tty=ssh ruser= rhost=43.255.190.144  user=root
Apr 12 18:55:57 ovzhost sshd[1350]: pam_unix(sshd:auth): authentication failure; logname= uid=0 euid=0 tty=ssh ruser= rhost=43.255.190.144  user=root
Apr 12 18:55:59 ovzhost sshd[1344]: message repeated 2 times: [ Failed password for root from 43.255.190.124 port 39406 ssh2]
Apr 12 18:55:59 ovzhost sshd[1344]: Received disconnect from 43.255.190.124: 11:  [preauth]
Apr 12 18:55:59 ovzhost sshd[1344]: PAM 2 more authentication failures; logname= uid=0 euid=0 tty=ssh ruser= rhost=43.255.190.124  user=root
Apr 12 18:55:59 ovzhost sshd[1346]: message repeated 2 times: [ Failed password for root from 43.255.190.144 port 54015 ssh2]
Apr 12 18:55:59 ovzhost sshd[1346]: Received disconnect from 43.255.190.144: 11:  [preauth]
Apr 12 18:55:59 ovzhost sshd[1346]: PAM 2 more authentication failures; logname= uid=0 euid=0 tty=ssh ruser= rhost=43.255.190.144  user=root
Apr 12 18:55:59 ovzhost sshd[1350]: Failed password for root from 43.255.190.144 port 37640 ssh2
Apr 12 18:55:59 ovzhost sshd[1352]: pam_unix(sshd:auth): authentication failure; logname= uid=0 euid=0 tty=ssh ruser= rhost=43.255.190.124  user=root
Apr 12 18:55:59 ovzhost sshd[1354]: pam_unix(sshd:auth): authentication failure; logname= uid=0 euid=0 tty=ssh ruser= rhost=43.255.190.144  user=root
Apr 12 18:56:02 ovzhost sshd[1352]: Failed password for root from 43.255.190.124 port 57603 ssh2
Apr 12 18:56:02 ovzhost sshd[1354]: Failed password for root from 43.255.190.144 port 41413 ssh2
Apr 12 18:56:04 ovzhost sshd[1350]: message repeated 2 times: [ Failed password for root from 43.255.190.144 port 37640 ssh2]
Apr 12 18:56:04 ovzhost sshd[1350]: Received disconnect from 43.255.190.144: 11:  [preauth]
Apr 12 18:56:04 ovzhost sshd[1350]: PAM 2 more authentication failures; logname= uid=0 euid=0 tty=ssh ruser= rhost=43.255.190.144  user=root
Apr 12 18:56:06 ovzhost sshd[1352]: message repeated 2 times: [ Failed password for root from 43.255.190.124 port 57603 ssh2]
Apr 12 18:56:06 ovzhost sshd[1352]: Received disconnect from 43.255.190.124: 11:  [preauth]
Apr 12 18:56:06 ovzhost sshd[1352]: PAM 2 more authentication failures; logname= uid=0 euid=0 tty=ssh ruser= rhost=43.255.190.124  user=root
Apr 12 18:56:06 ovzhost sshd[1354]: message repeated 2 times: [ Failed password for root from 43.255.190.144 port 41413 ssh2]
Apr 12 18:56:06 ovzhost sshd[1354]: Received disconnect from 43.255.190.144: 11:  [preauth]
Apr 12 18:56:06 ovzhost sshd[1354]: PAM 2 more authentication failures; logname= uid=0 euid=0 tty=ssh ruser= rhost=43.255.190.144  user=root
Apr 12 18:56:07 ovzhost sshd[1356]: pam_unix(sshd:auth): authentication failure; logname= uid=0 euid=0 tty=ssh ruser= rhost=43.255.190.124  user=root
Apr 12 18:56:07 ovzhost sshd[1358]: pam_unix(sshd:auth): authentication failure; logname= uid=0 euid=0 tty=ssh ruser= rhost=43.255.190.144  user=root
Apr 12 18:56:08 ovzhost sshd[1356]: Failed password for root from 43.255.190.124 port 45795 ssh2
Apr 12 18:56:08 ovzhost sshd[1358]: Failed password for root from 43.255.190.144 port 55332 ssh2
Apr 12 18:56:13 ovzhost sshd[1356]: message repeated 2 times: [ Failed password for root from 43.255.190.124 port 45795 ssh2]
Apr 12 18:56:13 ovzhost sshd[1356]: Received disconnect from 43.255.190.124: 11:  [preauth]
Apr 12 18:56:13 ovzhost sshd[1356]: PAM 2 more authentication failures; logname= uid=0 euid=0 tty=ssh ruser= rhost=43.255.190.124  user=root
Apr 12 18:56:13 ovzhost sshd[1358]: message repeated 2 times: [ Failed password for root from 43.255.190.144 port 55332 ssh2]
Apr 12 18:56:13 ovzhost sshd[1358]: Received disconnect from 43.255.190.144: 11:  [preauth]
Apr 12 18:56:13 ovzhost sshd[1358]: PAM 2 more authentication failures; logname= uid=0 euid=0 tty=ssh ruser= rhost=43.255.190.144  user=root
Apr 12 18:56:14 ovzhost sshd[1360]: pam_unix(sshd:auth): authentication failure; logname= uid=0 euid=0 tty=ssh ruser= rhost=43.255.190.124  user=root
Apr 12 18:56:14 ovzhost sshd[1362]: pam_unix(sshd:auth): authentication failure; logname= uid=0 euid=0 tty=ssh ruser= rhost=43.255.190.144  user=root
Apr 12 18:56:16 ovzhost sshd[1360]: Failed password for root from 43.255.190.124 port 34658 ssh2
Apr 12 18:56:16 ovzhost sshd[1362]: Failed password for root from 43.255.190.144 port 43420 ssh2
Apr 12 18:56:19 ovzhost sshd[1360]: message repeated 2 times: [ Failed password for root from 43.255.190.124 port 34658 ssh2]
Apr 12 18:56:19 ovzhost sshd[1360]: Received disconnect from 43.255.190.124: 11:  [preauth]
Apr 12 18:56:19 ovzhost sshd[1360]: PAM 2 more authentication failures; logname= uid=0 euid=0 tty=ssh ruser= rhost=43.255.190.124  user=root
Apr 12 18:56:19 ovzhost sshd[1362]: message repeated 2 times: [ Failed password for root from 43.255.190.144 port 43420 ssh2]
Apr 12 18:56:20 ovzhost sshd[1362]: Received disconnect from 43.255.190.144: 11:  [preauth]
Apr 12 18:56:20 ovzhost sshd[1362]: PAM 2 more authentication failures; logname= uid=0 euid=0 tty=ssh ruser= rhost=43.255.190.144  user=root
Apr 12 18:56:20 ovzhost sshd[1364]: pam_unix(sshd:auth): authentication failure; logname= uid=0 euid=0 tty=ssh ruser= rhost=43.255.190.144  user=root
Apr 12 18:56:23 ovzhost sshd[1364]: Failed password for root from 43.255.190.144 port 57542 ssh2
Apr 12 18:56:27 ovzhost sshd[1364]: message repeated 2 times: [ Failed password for root from 43.255.190.144 port 57542 ssh2]
Apr 12 18:56:27 ovzhost sshd[1364]: Received disconnect from 43.255.190.144: 11:  [preauth]
Apr 12 18:56:27 ovzhost sshd[1364]: PAM 2 more authentication failures; logname= uid=0 euid=0 tty=ssh ruser= rhost=43.255.190.144  user=root
Apr 12 18:57:58 ovzhost sshd[1371]: pam_unix(sshd:auth): authentication failure; logname= uid=0 euid=0 tty=ssh ruser= rhost=128.134.54.57  user=root
Apr 12 18:58:00 ovzhost sshd[1371]: Failed password for root from 128.134.54.57 port 45625 ssh2
Apr 12 18:58:05 ovzhost sshd[1371]: message repeated 2 times: [ Failed password for root from 128.134.54.57 port 45625 ssh2]
Apr 12 18:58:05 ovzhost sshd[1371]: Connection closed by 128.134.54.57 [preauth]
Apr 12 18:58:05 ovzhost sshd[1371]: PAM 2 more authentication failures; logname= uid=0 euid=0 tty=ssh ruser= rhost=128.134.54.57  user=root
Apr 12 18:58:33 ovzhost sshd[1381]: Connection closed by 127.0.0.1 [preauth]
Apr 12 19:00:01 ovzhost CRON[1389]: pam_env(cron:session): Unable to open env file: /etc/default/locale: No such file or directory
Apr 12 19:00:01 ovzhost CRON[1389]: pam_unix(cron:session): session opened for user smmsp by (uid=0)
Apr 12 19:00:01 ovzhost CRON[1389]: pam_unix(cron:session): session closed for user smmsp
Apr 12 19:00:30 ovzhost sshd[1416]: Connection closed by 128.8.37.104 [preauth]
Apr 12 19:03:33 ovzhost sshd[1430]: Connection closed by 127.0.0.1 [preauth]
Apr 12 19:08:33 ovzhost sshd[1452]: Connection closed by 127.0.0.1 [preauth]
Apr 12 19:09:01 ovzhost CRON[1456]: pam_env(cron:session): Unable to open env file: /etc/default/locale: No such file or directory
Apr 12 19:09:01 ovzhost CRON[1457]: pam_env(cron:session): Unable to open env file: /etc/default/locale: No such file or directory
Apr 12 19:09:01 ovzhost CRON[1457]: pam_unix(cron:session): session opened for user root by (uid=0)
Apr 12 19:09:01 ovzhost CRON[1456]: pam_unix(cron:session): session opened for user root by (uid=0)
Apr 12 19:09:01 ovzhost CRON[1456]: pam_unix(cron:session): session closed for user root
Apr 12 19:09:01 ovzhost CRON[1457]: pam_unix(cron:session): session closed for user root
Apr 12 19:10:30 ovzhost sshd[1475]: Connection closed by 128.8.37.104 [preauth]
Apr 12 19:11:54 ovzhost sshd[1482]: pam_unix(sshd:auth): authentication failure; logname= uid=0 euid=0 tty=ssh ruser= rhost=43.255.190.157  user=root
Apr 12 19:11:57 ovzhost sshd[1482]: Failed password for root from 43.255.190.157 port 57616 ssh2
Apr 12 19:11:58 ovzhost sshd[1485]: pam_unix(sshd:auth): authentication failure; logname= uid=0 euid=0 tty=ssh ruser= rhost=43.255.190.174  user=root
Apr 12 19:12:00 ovzhost sshd[1487]: pam_unix(sshd:auth): authentication failure; logname= uid=0 euid=0 tty=ssh ruser= rhost=43.255.190.157  user=root
Apr 12 19:12:00 ovzhost sshd[1485]: Failed password for root from 43.255.190.174 port 36189 ssh2
Apr 12 19:12:01 ovzhost sshd[1482]: message repeated 2 times: [ Failed password for root from 43.255.190.157 port 57616 ssh2]
Apr 12 19:12:01 ovzhost sshd[1482]: Received disconnect from 43.255.190.157: 11:  [preauth]
Apr 12 19:12:01 ovzhost sshd[1482]: PAM 2 more authentication failures; logname= uid=0 euid=0 tty=ssh ruser= rhost=43.255.190.157  user=root
Apr 12 19:12:01 ovzhost sshd[1489]: pam_unix(sshd:auth): authentication failure; logname= uid=0 euid=0 tty=ssh ruser= rhost=43.255.190.157  user=root
Apr 12 19:12:02 ovzhost sshd[1487]: Failed password for root from 43.255.190.157 port 41817 ssh2
Apr 12 19:12:03 ovzhost sshd[1489]: Failed password for root from 43.255.190.157 port 46151 ssh2
Apr 12 19:12:05 ovzhost sshd[1485]: message repeated 2 times: [ Failed password for root from 43.255.190.174 port 36189 ssh2]
Apr 12 19:12:05 ovzhost sshd[1485]: Received disconnect from 43.255.190.174: 11:  [preauth]
Apr 12 19:12:05 ovzhost sshd[1485]: PAM 2 more authentication failures; logname= uid=0 euid=0 tty=ssh ruser= rhost=43.255.190.174  user=root
Apr 12 19:12:05 ovzhost sshd[1491]: pam_unix(sshd:auth): authentication failure; logname= uid=0 euid=0 tty=ssh ruser= rhost=43.255.190.174  user=root
Apr 12 19:12:06 ovzhost sshd[1487]: message repeated 2 times: [ Failed password for root from 43.255.190.157 port 41817 ssh2]
Apr 12 19:12:07 ovzhost sshd[1487]: Received disconnect from 43.255.190.157: 11:  [preauth]
Apr 12 19:12:07 ovzhost sshd[1487]: PAM 2 more authentication failures; logname= uid=0 euid=0 tty=ssh ruser= rhost=43.255.190.157  user=root
Apr 12 19:12:07 ovzhost sshd[1493]: pam_unix(sshd:auth): authentication failure; logname= uid=0 euid=0 tty=ssh ruser= rhost=43.255.190.157  user=root
Apr 12 19:12:08 ovzhost sshd[1491]: Failed password for root from 43.255.190.174 port 51467 ssh2
Apr 12 19:12:08 ovzhost sshd[1489]: message repeated 2 times: [ Failed password for root from 43.255.190.157 port 46151 ssh2]
Apr 12 19:12:08 ovzhost sshd[1489]: Received disconnect from 43.255.190.157: 11:  [preauth]
Apr 12 19:12:08 ovzhost sshd[1489]: PAM 2 more authentication failures; logname= uid=0 euid=0 tty=ssh ruser= rhost=43.255.190.157  user=root
Apr 12 19:12:09 ovzhost sshd[1495]: pam_unix(sshd:auth): authentication failure; logname= uid=0 euid=0 tty=ssh ruser= rhost=43.255.190.157  user=root
Apr 12 19:12:09 ovzhost sshd[1493]: Failed password for root from 43.255.190.157 port 58682 ssh2
Apr 12 19:12:10 ovzhost sshd[1495]: Failed password for root from 43.255.190.157 port 33671 ssh2
Apr 12 19:12:12 ovzhost sshd[1491]: message repeated 2 times: [ Failed password for root from 43.255.190.174 port 51467 ssh2]
Apr 12 19:12:12 ovzhost sshd[1491]: Received disconnect from 43.255.190.174: 11:  [preauth]
Apr 12 19:12:12 ovzhost sshd[1491]: PAM 2 more authentication failures; logname= uid=0 euid=0 tty=ssh ruser= rhost=43.255.190.174  user=root
Apr 12 19:12:12 ovzhost sshd[1497]: pam_unix(sshd:auth): authentication failure; logname= uid=0 euid=0 tty=ssh ruser= rhost=43.255.190.174  user=root
Apr 12 19:12:13 ovzhost sshd[1493]: message repeated 2 times: [ Failed password for root from 43.255.190.157 port 58682 ssh2]
Apr 12 19:12:13 ovzhost sshd[1493]: Received disconnect from 43.255.190.157: 11:  [preauth]
Apr 12 19:12:13 ovzhost sshd[1493]: PAM 2 more authentication failures; logname= uid=0 euid=0 tty=ssh ruser= rhost=43.255.190.157  user=root
Apr 12 19:12:13 ovzhost sshd[1499]: pam_unix(sshd:auth): authentication failure; logname= uid=0 euid=0 tty=ssh ruser= rhost=43.255.190.157  user=root
Apr 12 19:12:15 ovzhost sshd[1497]: Failed password for root from 43.255.190.174 port 37084 ssh2
Apr 12 19:12:15 ovzhost sshd[1495]: message repeated 2 times: [ Failed password for root from 43.255.190.157 port 33671 ssh2]
Apr 12 19:12:15 ovzhost sshd[1495]: Received disconnect from 43.255.190.157: 11:  [preauth]
Apr 12 19:12:15 ovzhost sshd[1495]: PAM 2 more authentication failures; logname= uid=0 euid=0 tty=ssh ruser= rhost=43.255.190.157  user=root
Apr 12 19:12:15 ovzhost sshd[1501]: pam_unix(sshd:auth): authentication failure; logname= uid=0 euid=0 tty=ssh ruser= rhost=43.255.190.157  user=root
Apr 12 19:12:15 ovzhost sshd[1499]: Failed password for root from 43.255.190.157 port 44128 ssh2
Apr 12 19:12:17 ovzhost sshd[1501]: Failed password for root from 43.255.190.157 port 48210 ssh2
Apr 12 19:12:19 ovzhost sshd[1497]: message repeated 2 times: [ Failed password for root from 43.255.190.174 port 37084 ssh2]
Apr 12 19:12:19 ovzhost sshd[1497]: Received disconnect from 43.255.190.174: 11:  [preauth]
Apr 12 19:12:19 ovzhost sshd[1497]: PAM 2 more authentication failures; logname= uid=0 euid=0 tty=ssh ruser= rhost=43.255.190.174  user=root
Apr 12 19:12:20 ovzhost sshd[1503]: pam_unix(sshd:auth): authentication failure; logname= uid=0 euid=0 tty=ssh ruser= rhost=43.255.190.174  user=root
Apr 12 19:12:20 ovzhost sshd[1499]: message repeated 2 times: [ Failed password for root from 43.255.190.157 port 44128 ssh2]
Apr 12 19:12:21 ovzhost sshd[1499]: Received disconnect from 43.255.190.157: 11:  [preauth]
Apr 12 19:12:21 ovzhost sshd[1499]: PAM 2 more authentication failures; logname= uid=0 euid=0 tty=ssh ruser= rhost=43.255.190.157  user=root
Apr 12 19:12:21 ovzhost sshd[1505]: pam_unix(sshd:auth): authentication failure; logname= uid=0 euid=0 tty=ssh ruser= rhost=43.255.190.157  user=root
Apr 12 19:12:21 ovzhost sshd[1503]: Failed password for root from 43.255.190.174 port 52192 ssh2
Apr 12 19:12:21 ovzhost sshd[1501]: message repeated 2 times: [ Failed password for root from 43.255.190.157 port 48210 ssh2]
Apr 12 19:12:22 ovzhost sshd[1501]: Received disconnect from 43.255.190.157: 11:  [preauth]
Apr 12 19:12:22 ovzhost sshd[1501]: PAM 2 more authentication failures; logname= uid=0 euid=0 tty=ssh ruser= rhost=43.255.190.157  user=root
Apr 12 19:12:22 ovzhost sshd[1507]: pam_unix(sshd:auth): authentication failure; logname= uid=0 euid=0 tty=ssh ruser= rhost=43.255.190.157  user=root
Apr 12 19:12:23 ovzhost sshd[1505]: Failed password for root from 43.255.190.157 port 32867 ssh2
Apr 12 19:12:24 ovzhost sshd[1507]: Failed password for root from 43.255.190.157 port 36236 ssh2
Apr 12 19:12:25 ovzhost sshd[1503]: message repeated 2 times: [ Failed password for root from 43.255.190.174 port 52192 ssh2]
Apr 12 19:12:25 ovzhost sshd[1503]: Received disconnect from 43.255.190.174: 11:  [preauth]
Apr 12 19:12:25 ovzhost sshd[1503]: PAM 2 more authentication failures; logname= uid=0 euid=0 tty=ssh ruser= rhost=43.255.190.174  user=root
Apr 12 19:12:26 ovzhost sshd[1509]: pam_unix(sshd:auth): authentication failure; logname= uid=0 euid=0 tty=ssh ruser= rhost=43.255.190.174  user=root
Apr 12 19:12:27 ovzhost sshd[1505]: message repeated 2 times: [ Failed password for root from 43.255.190.157 port 32867 ssh2]
Apr 12 19:12:27 ovzhost sshd[1505]: Received disconnect from 43.255.190.157: 11:  [preauth]
Apr 12 19:12:27 ovzhost sshd[1505]: PAM 2 more authentication failures; logname= uid=0 euid=0 tty=ssh ruser= rhost=43.255.190.157  user=root
Apr 12 19:12:28 ovzhost sshd[1511]: pam_unix(sshd:auth): authentication failure; logname= uid=0 euid=0 tty=ssh ruser= rhost=43.255.190.157  user=root
Apr 12 19:12:28 ovzhost sshd[1509]: Failed password for root from 43.255.190.174 port 38871 ssh2
Apr 12 19:12:28 ovzhost sshd[1507]: message repeated 2 times: [ Failed password for root from 43.255.190.157 port 36236 ssh2]
Apr 12 19:12:28 ovzhost sshd[1507]: Received disconnect from 43.255.190.157: 11:  [preauth]
Apr 12 19:12:28 ovzhost sshd[1507]: PAM 2 more authentication failures; logname= uid=0 euid=0 tty=ssh ruser= rhost=43.255.190.157  user=root
Apr 12 19:12:29 ovzhost sshd[1513]: pam_unix(sshd:auth): authentication failure; logname= uid=0 euid=0 tty=ssh ruser= rhost=43.255.190.157  user=root
Apr 12 19:12:29 ovzhost sshd[1511]: Failed password for root from 43.255.190.157 port 48441 ssh2
Apr 12 19:12:32 ovzhost sshd[1513]: Failed password for root from 43.255.190.157 port 51495 ssh2
