Mar 31 17:16:56 ovzhost sudo:     root : unable to resolve host ovzhost
Mar 31 17:16:56 ovzhost sudo:     root : TTY=pts/0 ; PWD=/ ; USER=root ; COMMAND=/usr/bin/less /root/.bash_history
Mar 31 17:16:56 ovzhost sudo: pam_unix(sudo:session): session opened for user root by (uid=0)
Mar 31 17:16:57 ovzhost sudo: pam_unix(sudo:session): session closed for user root
Apr  2 14:31:13 ovzhost sshd[419]: Server listening on 0.0.0.0 port 22.
Apr  2 14:31:13 ovzhost sshd[419]: Server listening on :: port 22.
Apr  2 14:31:13 ovzhost saslauthd[637]: detach_tty      : master pid is: 637
Apr  2 14:31:13 ovzhost saslauthd[637]: ipc_init        : listening on socket: /var/run/saslauthd/mux
Apr  2 14:33:26 ovzhost sshd[797]: Connection closed by 127.0.0.1 [preauth]
Apr 11 22:38:00 ovzhost sshd[789]: Connection closed by 127.0.0.1 [preauth]
Apr 11 22:39:01 ovzhost CRON[795]: pam_env(cron:session): Unable to open env file: /etc/default/locale: No such file or directory
Apr 11 22:39:01 ovzhost CRON[795]: pam_unix(cron:session): session opened for user root by (uid=0)
Apr 11 22:39:01 ovzhost CRON[795]: pam_unix(cron:session): session closed for user root
Apr 11 22:40:01 ovzhost CRON[809]: pam_env(cron:session): Unable to open env file: /etc/default/locale: No such file or directory
Apr 11 22:40:01 ovzhost CRON[809]: pam_unix(cron:session): session opened for user smmsp by (uid=0)
Apr 11 22:40:01 ovzhost CRON[809]: pam_unix(cron:session): session closed for user smmsp
Apr 11 22:40:26 ovzhost sshd[838]: Connection closed by 128.8.37.104 [preauth]
Apr 11 22:43:00 ovzhost sshd[851]: Connection closed by 127.0.0.1 [preauth]
Apr 11 22:44:37 ovzhost sshd[856]: Invalid user OPERATOR from 80.242.123.130
Apr 11 22:44:37 ovzhost sshd[856]: input_userauth_request: invalid user OPERATOR [preauth]
Apr 11 22:44:37 ovzhost sshd[856]: pam_unix(sshd:auth): check pass; user unknown
Apr 11 22:44:37 ovzhost sshd[856]: pam_unix(sshd:auth): authentication failure; logname= uid=0 euid=0 tty=ssh ruser= rhost=130-123-242-80.pppoe.dyn.broadband.blic.net 
Apr 11 22:44:38 ovzhost sshd[856]: Failed password for invalid user OPERATOR from 80.242.123.130 port 44741 ssh2
Apr 11 22:44:38 ovzhost sshd[856]: Received disconnect from 80.242.123.130: 11: Bye Bye [preauth]
Apr 11 22:46:10 ovzhost sshd[863]: pam_unix(sshd:auth): authentication failure; logname= uid=0 euid=0 tty=ssh ruser= rhost=43.255.190.122  user=root
Apr 11 22:46:10 ovzhost sshd[865]: pam_unix(sshd:auth): authentication failure; logname= uid=0 euid=0 tty=ssh ruser= rhost=43.255.190.124  user=root
Apr 11 22:46:12 ovzhost sshd[863]: Failed password for root from 43.255.190.122 port 37477 ssh2
Apr 11 22:46:12 ovzhost sshd[865]: Failed password for root from 43.255.190.124 port 35013 ssh2
Apr 11 22:46:15 ovzhost sshd[863]: message repeated 2 times: [ Failed password for root from 43.255.190.122 port 37477 ssh2]
Apr 11 22:46:15 ovzhost sshd[863]: Received disconnect from 43.255.190.122: 11:  [preauth]
Apr 11 22:46:15 ovzhost sshd[863]: PAM 2 more authentication failures; logname= uid=0 euid=0 tty=ssh ruser= rhost=43.255.190.122  user=root
Apr 11 22:46:16 ovzhost sshd[865]: message repeated 2 times: [ Failed password for root from 43.255.190.124 port 35013 ssh2]
Apr 11 22:46:16 ovzhost sshd[865]: Received disconnect from 43.255.190.124: 11:  [preauth]
Apr 11 22:46:16 ovzhost sshd[865]: PAM 2 more authentication failures; logname= uid=0 euid=0 tty=ssh ruser= rhost=43.255.190.124  user=root
Apr 11 22:46:16 ovzhost sshd[867]: pam_unix(sshd:auth): authentication failure; logname= uid=0 euid=0 tty=ssh ruser= rhost=43.255.190.122  user=root
Apr 11 22:46:16 ovzhost sshd[869]: pam_unix(sshd:auth): authentication failure; logname= uid=0 euid=0 tty=ssh ruser= rhost=43.255.190.124  user=root
Apr 11 22:46:18 ovzhost sshd[867]: Failed password for root from 43.255.190.122 port 52215 ssh2
Apr 11 22:46:18 ovzhost sshd[869]: Failed password for root from 43.255.190.124 port 51354 ssh2
Apr 11 22:46:22 ovzhost sshd[867]: message repeated 2 times: [ Failed password for root from 43.255.190.122 port 52215 ssh2]
Apr 11 22:46:22 ovzhost sshd[867]: Received disconnect from 43.255.190.122: 11:  [preauth]
Apr 11 22:46:22 ovzhost sshd[867]: PAM 2 more authentication failures; logname= uid=0 euid=0 tty=ssh ruser= rhost=43.255.190.122  user=root
Apr 11 22:46:22 ovzhost sshd[869]: message repeated 2 times: [ Failed password for root from 43.255.190.124 port 51354 ssh2]
Apr 11 22:46:22 ovzhost sshd[869]: Received disconnect from 43.255.190.124: 11:  [preauth]
Apr 11 22:46:22 ovzhost sshd[869]: PAM 2 more authentication failures; logname= uid=0 euid=0 tty=ssh ruser= rhost=43.255.190.124  user=root
Apr 11 22:46:22 ovzhost sshd[873]: pam_unix(sshd:auth): authentication failure; logname= uid=0 euid=0 tty=ssh ruser= rhost=43.255.190.122  user=root
Apr 11 22:46:22 ovzhost sshd[875]: pam_unix(sshd:auth): authentication failure; logname= uid=0 euid=0 tty=ssh ruser= rhost=43.255.190.124  user=root
Apr 11 22:46:25 ovzhost sshd[873]: Failed password for root from 43.255.190.122 port 38827 ssh2
Apr 11 22:46:25 ovzhost sshd[875]: Failed password for root from 43.255.190.124 port 39433 ssh2
Apr 11 22:46:28 ovzhost sshd[873]: message repeated 2 times: [ Failed password for root from 43.255.190.122 port 38827 ssh2]
Apr 11 22:46:28 ovzhost sshd[873]: Received disconnect from 43.255.190.122: 11:  [preauth]
Apr 11 22:46:28 ovzhost sshd[873]: PAM 2 more authentication failures; logname= uid=0 euid=0 tty=ssh ruser= rhost=43.255.190.122  user=root
Apr 11 22:46:29 ovzhost sshd[877]: pam_unix(sshd:auth): authentication failure; logname= uid=0 euid=0 tty=ssh ruser= rhost=43.255.190.122  user=root
Apr 11 22:46:29 ovzhost sshd[875]: message repeated 2 times: [ Failed password for root from 43.255.190.124 port 39433 ssh2]
Apr 11 22:46:29 ovzhost sshd[875]: Received disconnect from 43.255.190.124: 11:  [preauth]
Apr 11 22:46:29 ovzhost sshd[875]: PAM 2 more authentication failures; logname= uid=0 euid=0 tty=ssh ruser= rhost=43.255.190.124  user=root
Apr 11 22:46:29 ovzhost sshd[879]: pam_unix(sshd:auth): authentication failure; logname= uid=0 euid=0 tty=ssh ruser= rhost=43.255.190.124  user=root
Apr 11 22:46:31 ovzhost sshd[877]: Failed password for root from 43.255.190.122 port 55057 ssh2
Apr 11 22:46:31 ovzhost sshd[879]: Failed password for root from 43.255.190.124 port 57219 ssh2
Apr 11 22:46:35 ovzhost sshd[877]: message repeated 2 times: [ Failed password for root from 43.255.190.122 port 55057 ssh2]
Apr 11 22:46:35 ovzhost sshd[877]: Received disconnect from 43.255.190.122: 11:  [preauth]
Apr 11 22:46:35 ovzhost sshd[877]: PAM 2 more authentication failures; logname= uid=0 euid=0 tty=ssh ruser= rhost=43.255.190.122  user=root
Apr 11 22:46:35 ovzhost sshd[879]: message repeated 2 times: [ Failed password for root from 43.255.190.124 port 57219 ssh2]
Apr 11 22:46:35 ovzhost sshd[879]: Received disconnect from 43.255.190.124: 11:  [preauth]
Apr 11 22:46:35 ovzhost sshd[879]: PAM 2 more authentication failures; logname= uid=0 euid=0 tty=ssh ruser= rhost=43.255.190.124  user=root
Apr 11 22:46:35 ovzhost sshd[881]: pam_unix(sshd:auth): authentication failure; logname= uid=0 euid=0 tty=ssh ruser= rhost=43.255.190.122  user=root
Apr 11 22:46:36 ovzhost sshd[883]: pam_unix(sshd:auth): authentication failure; logname= uid=0 euid=0 tty=ssh ruser= rhost=43.255.190.124  user=root
Apr 11 22:46:38 ovzhost sshd[883]: Failed password for root from 43.255.190.124 port 45818 ssh2
Apr 11 22:46:38 ovzhost sshd[881]: Failed password for root from 43.255.190.122 port 43678 ssh2
Apr 11 22:46:41 ovzhost sshd[883]: message repeated 2 times: [ Failed password for root from 43.255.190.124 port 45818 ssh2]
Apr 11 22:46:42 ovzhost sshd[883]: Received disconnect from 43.255.190.124: 11:  [preauth]
Apr 11 22:46:42 ovzhost sshd[883]: PAM 2 more authentication failures; logname= uid=0 euid=0 tty=ssh ruser= rhost=43.255.190.124  user=root
Apr 11 22:46:42 ovzhost sshd[881]: message repeated 2 times: [ Failed password for root from 43.255.190.122 port 43678 ssh2]
Apr 11 22:46:42 ovzhost sshd[881]: Received disconnect from 43.255.190.122: 11:  [preauth]
Apr 11 22:46:42 ovzhost sshd[881]: PAM 2 more authentication failures; logname= uid=0 euid=0 tty=ssh ruser= rhost=43.255.190.122  user=root
Apr 11 22:46:42 ovzhost sshd[885]: pam_unix(sshd:auth): authentication failure; logname= uid=0 euid=0 tty=ssh ruser= rhost=43.255.190.124  user=root
Apr 11 22:46:42 ovzhost sshd[887]: pam_unix(sshd:auth): authentication failure; logname= uid=0 euid=0 tty=ssh ruser= rhost=43.255.190.122  user=root
Apr 11 22:46:43 ovzhost sshd[885]: Failed password for root from 43.255.190.124 port 32966 ssh2
Apr 11 22:46:43 ovzhost sshd[887]: Failed password for root from 43.255.190.122 port 60612 ssh2
Apr 11 22:46:47 ovzhost sshd[885]: message repeated 2 times: [ Failed password for root from 43.255.190.124 port 32966 ssh2]
Apr 11 22:46:47 ovzhost sshd[885]: Received disconnect from 43.255.190.124: 11:  [preauth]
Apr 11 22:46:47 ovzhost sshd[885]: PAM 2 more authentication failures; logname= uid=0 euid=0 tty=ssh ruser= rhost=43.255.190.124  user=root
Apr 11 22:46:48 ovzhost sshd[891]: pam_unix(sshd:auth): authentication failure; logname= uid=0 euid=0 tty=ssh ruser= rhost=43.255.190.124  user=root
Apr 11 22:46:48 ovzhost sshd[887]: message repeated 2 times: [ Failed password for root from 43.255.190.122 port 60612 ssh2]
Apr 11 22:46:48 ovzhost sshd[887]: Received disconnect from 43.255.190.122: 11:  [preauth]
Apr 11 22:46:48 ovzhost sshd[887]: PAM 2 more authentication failures; logname= uid=0 euid=0 tty=ssh ruser= rhost=43.255.190.122  user=root
Apr 11 22:46:49 ovzhost sshd[893]: pam_unix(sshd:auth): authentication failure; logname= uid=0 euid=0 tty=ssh ruser= rhost=43.255.190.122  user=root
Apr 11 22:46:50 ovzhost sshd[891]: Failed password for root from 43.255.190.124 port 48106 ssh2
Apr 11 22:46:50 ovzhost sshd[893]: Failed password for root from 43.255.190.122 port 47792 ssh2
Apr 11 22:46:54 ovzhost sshd[891]: message repeated 2 times: [ Failed password for root from 43.255.190.124 port 48106 ssh2]
Apr 11 22:46:54 ovzhost sshd[891]: Received disconnect from 43.255.190.124: 11:  [preauth]
Apr 11 22:46:54 ovzhost sshd[891]: PAM 2 more authentication failures; logname= uid=0 euid=0 tty=ssh ruser= rhost=43.255.190.124  user=root
Apr 11 22:46:54 ovzhost sshd[893]: message repeated 2 times: [ Failed password for root from 43.255.190.122 port 47792 ssh2]
Apr 11 22:46:54 ovzhost sshd[893]: Received disconnect from 43.255.190.122: 11:  [preauth]
Apr 11 22:46:54 ovzhost sshd[893]: PAM 2 more authentication failures; logname= uid=0 euid=0 tty=ssh ruser= rhost=43.255.190.122  user=root
Apr 11 22:46:54 ovzhost sshd[896]: pam_unix(sshd:auth): authentication failure; logname= uid=0 euid=0 tty=ssh ruser= rhost=43.255.190.124  user=root
Apr 11 22:46:55 ovzhost sshd[898]: pam_unix(sshd:auth): authentication failure; logname= uid=0 euid=0 tty=ssh ruser= rhost=43.255.190.122  user=root
Apr 11 22:46:55 ovzhost sshd[896]: Failed password for root from 43.255.190.124 port 35964 ssh2
Apr 11 22:46:57 ovzhost sshd[898]: Failed password for root from 43.255.190.122 port 35123 ssh2
Apr 11 22:46:59 ovzhost sshd[896]: message repeated 2 times: [ Failed password for root from 43.255.190.124 port 35964 ssh2]
Apr 11 22:46:59 ovzhost sshd[896]: Received disconnect from 43.255.190.124: 11:  [preauth]
Apr 11 22:46:59 ovzhost sshd[896]: PAM 2 more authentication failures; logname= uid=0 euid=0 tty=ssh ruser= rhost=43.255.190.124  user=root
Apr 11 22:47:00 ovzhost sshd[900]: pam_unix(sshd:auth): authentication failure; logname= uid=0 euid=0 tty=ssh ruser= rhost=43.255.190.124  user=root
Apr 11 22:47:01 ovzhost sshd[898]: message repeated 2 times: [ Failed password for root from 43.255.190.122 port 35123 ssh2]
Apr 11 22:47:01 ovzhost sshd[898]: Received disconnect from 43.255.190.122: 11:  [preauth]
Apr 11 22:47:01 ovzhost sshd[898]: PAM 2 more authentication failures; logname= uid=0 euid=0 tty=ssh ruser= rhost=43.255.190.122  user=root
Apr 11 22:47:01 ovzhost sshd[900]: Failed password for root from 43.255.190.124 port 50156 ssh2
Apr 11 22:47:02 ovzhost sshd[902]: pam_unix(sshd:auth): authentication failure; logname= uid=0 euid=0 tty=ssh ruser= rhost=43.255.190.122  user=root
Apr 11 22:47:04 ovzhost sshd[902]: Failed password for root from 43.255.190.122 port 53711 ssh2
Apr 11 22:47:05 ovzhost sshd[900]: message repeated 2 times: [ Failed password for root from 43.255.190.124 port 50156 ssh2]
Apr 11 22:47:05 ovzhost sshd[900]: Received disconnect from 43.255.190.124: 11:  [preauth]
Apr 11 22:47:05 ovzhost sshd[900]: PAM 2 more authentication failures; logname= uid=0 euid=0 tty=ssh ruser= rhost=43.255.190.124  user=root
Apr 11 22:47:05 ovzhost sshd[904]: pam_unix(sshd:auth): authentication failure; logname= uid=0 euid=0 tty=ssh ruser= rhost=43.255.190.124  user=root
Apr 11 22:47:07 ovzhost sshd[902]: message repeated 2 times: [ Failed password for root from 43.255.190.122 port 53711 ssh2]
Apr 11 22:47:07 ovzhost sshd[902]: Received disconnect from 43.255.190.122: 11:  [preauth]
Apr 11 22:47:07 ovzhost sshd[902]: PAM 2 more authentication failures; logname= uid=0 euid=0 tty=ssh ruser= rhost=43.255.190.122  user=root
Apr 11 22:47:08 ovzhost sshd[904]: Failed password for root from 43.255.190.124 port 35641 ssh2
Apr 11 22:47:08 ovzhost sshd[906]: pam_unix(sshd:auth): authentication failure; logname= uid=0 euid=0 tty=ssh ruser= rhost=43.255.190.122  user=root
Apr 11 22:47:10 ovzhost sshd[906]: Failed password for root from 43.255.190.122 port 41843 ssh2
Apr 11 22:47:12 ovzhost sshd[904]: message repeated 2 times: [ Failed password for root from 43.255.190.124 port 35641 ssh2]
Apr 11 22:47:12 ovzhost sshd[904]: Received disconnect from 43.255.190.124: 11:  [preauth]
Apr 11 22:47:12 ovzhost sshd[904]: PAM 2 more authentication failures; logname= uid=0 euid=0 tty=ssh ruser= rhost=43.255.190.124  user=root
Apr 11 22:47:13 ovzhost sshd[908]: pam_unix(sshd:auth): authentication failure; logname= uid=0 euid=0 tty=ssh ruser= rhost=43.255.190.124  user=root
Apr 11 22:47:14 ovzhost sshd[906]: message repeated 2 times: [ Failed password for root from 43.255.190.122 port 41843 ssh2]
Apr 11 22:47:14 ovzhost sshd[906]: Received disconnect from 43.255.190.122: 11:  [preauth]
Apr 11 22:47:14 ovzhost sshd[906]: PAM 2 more authentication failures; logname= uid=0 euid=0 tty=ssh ruser= rhost=43.255.190.122  user=root
Apr 11 22:47:14 ovzhost sshd[908]: Failed password for root from 43.255.190.124 port 53018 ssh2
Apr 11 22:47:14 ovzhost sshd[910]: pam_unix(sshd:auth): authentication failure; logname= uid=0 euid=0 tty=ssh ruser= rhost=43.255.190.122  user=root
Apr 11 22:47:16 ovzhost sshd[910]: Failed password for root from 43.255.190.122 port 57675 ssh2
Apr 11 22:47:18 ovzhost sshd[908]: message repeated 2 times: [ Failed password for root from 43.255.190.124 port 53018 ssh2]
Apr 11 22:47:18 ovzhost sshd[908]: Received disconnect from 43.255.190.124: 11:  [preauth]
Apr 11 22:47:18 ovzhost sshd[908]: PAM 2 more authentication failures; logname= uid=0 euid=0 tty=ssh ruser= rhost=43.255.190.124  user=root
Apr 11 22:47:20 ovzhost sshd[912]: pam_unix(sshd:auth): authentication failure; logname= uid=0 euid=0 tty=ssh ruser= rhost=43.255.190.124  user=root
Apr 11 22:47:20 ovzhost sshd[910]: message repeated 2 times: [ Failed password for root from 43.255.190.122 port 57675 ssh2]
Apr 11 22:47:20 ovzhost sshd[910]: Received disconnect from 43.255.190.122: 11:  [preauth]
Apr 11 22:47:20 ovzhost sshd[910]: PAM 2 more authentication failures; logname= uid=0 euid=0 tty=ssh ruser= rhost=43.255.190.122  user=root
Apr 11 22:47:21 ovzhost sshd[914]: pam_unix(sshd:auth): authentication failure; logname= uid=0 euid=0 tty=ssh ruser= rhost=43.255.190.122  user=root
Apr 11 22:47:22 ovzhost sshd[912]: Failed password for root from 43.255.190.124 port 40879 ssh2
Apr 11 22:47:23 ovzhost sshd[914]: Failed password for root from 43.255.190.122 port 45505 ssh2
Apr 11 22:47:25 ovzhost sshd[912]: message repeated 2 times: [ Failed password for root from 43.255.190.124 port 40879 ssh2]
Apr 11 22:47:25 ovzhost sshd[912]: Received disconnect from 43.255.190.124: 11:  [preauth]
Apr 11 22:47:25 ovzhost sshd[912]: PAM 2 more authentication failures; logname= uid=0 euid=0 tty=ssh ruser= rhost=43.255.190.124  user=root
Apr 11 22:47:26 ovzhost sshd[917]: pam_unix(sshd:auth): authentication failure; logname= uid=0 euid=0 tty=ssh ruser= rhost=43.255.190.124  user=root
Apr 11 22:47:27 ovzhost sshd[914]: message repeated 2 times: [ Failed password for root from 43.255.190.122 port 45505 ssh2]
Apr 11 22:47:27 ovzhost sshd[914]: Received disconnect from 43.255.190.122: 11:  [preauth]
Apr 11 22:47:27 ovzhost sshd[914]: PAM 2 more authentication failures; logname= uid=0 euid=0 tty=ssh ruser= rhost=43.255.190.122  user=root
Apr 11 22:47:28 ovzhost sshd[917]: Failed password for root from 43.255.190.124 port 57901 ssh2
Apr 11 22:47:28 ovzhost sshd[919]: pam_unix(sshd:auth): authentication failure; logname= uid=0 euid=0 tty=ssh ruser= rhost=43.255.190.122  user=root
Apr 11 22:47:30 ovzhost sshd[919]: Failed password for root from 43.255.190.122 port 34830 ssh2
Apr 11 22:47:32 ovzhost sshd[917]: message repeated 2 times: [ Failed password for root from 43.255.190.124 port 57901 ssh2]
Apr 11 22:47:32 ovzhost sshd[917]: Received disconnect from 43.255.190.124: 11:  [preauth]
Apr 11 22:47:32 ovzhost sshd[917]: PAM 2 more authentication failures; logname= uid=0 euid=0 tty=ssh ruser= rhost=43.255.190.124  user=root
Apr 11 22:47:33 ovzhost sshd[921]: pam_unix(sshd:auth): authentication failure; logname= uid=0 euid=0 tty=ssh ruser= rhost=43.255.190.124  user=root
Apr 11 22:47:34 ovzhost sshd[919]: message repeated 2 times: [ Failed password for root from 43.255.190.122 port 34830 ssh2]
Apr 11 22:47:34 ovzhost sshd[919]: Received disconnect from 43.255.190.122: 11:  [preauth]
Apr 11 22:47:34 ovzhost sshd[919]: PAM 2 more authentication failures; logname= uid=0 euid=0 tty=ssh ruser= rhost=43.255.190.122  user=root
Apr 11 22:47:34 ovzhost sshd[923]: pam_unix(sshd:auth): authentication failure; logname= uid=0 euid=0 tty=ssh ruser= rhost=43.255.190.122  user=root
Apr 11 22:47:35 ovzhost sshd[921]: Failed password for root from 43.255.190.124 port 46566 ssh2
Apr 11 22:47:36 ovzhost sshd[923]: Failed password for root from 43.255.190.122 port 51773 ssh2
Apr 11 22:47:39 ovzhost sshd[921]: message repeated 2 times: [ Failed password for root from 43.255.190.124 port 46566 ssh2]
Apr 11 22:47:39 ovzhost sshd[921]: Received disconnect from 43.255.190.124: 11:  [preauth]
Apr 11 22:47:39 ovzhost sshd[921]: PAM 2 more authentication failures; logname= uid=0 euid=0 tty=ssh ruser= rhost=43.255.190.124  user=root
Apr 11 22:47:40 ovzhost sshd[925]: pam_unix(sshd:auth): authentication failure; logname= uid=0 euid=0 tty=ssh ruser= rhost=43.255.190.124  user=root
Apr 11 22:47:40 ovzhost sshd[923]: message repeated 2 times: [ Failed password for root from 43.255.190.122 port 51773 ssh2]
Apr 11 22:47:40 ovzhost sshd[923]: Received disconnect from 43.255.190.122: 11:  [preauth]
Apr 11 22:47:40 ovzhost sshd[923]: PAM 2 more authentication failures; logname= uid=0 euid=0 tty=ssh ruser= rhost=43.255.190.122  user=root
Apr 11 22:47:41 ovzhost sshd[927]: pam_unix(sshd:auth): authentication failure; logname= uid=0 euid=0 tty=ssh ruser= rhost=43.255.190.122  user=root
Apr 11 22:47:42 ovzhost sshd[925]: Failed password for root from 43.255.190.124 port 36294 ssh2
Apr 11 22:47:43 ovzhost sshd[927]: Failed password for root from 43.255.190.122 port 39514 ssh2
Apr 11 22:47:46 ovzhost sshd[925]: message repeated 2 times: [ Failed password for root from 43.255.190.124 port 36294 ssh2]
Apr 11 22:47:46 ovzhost sshd[925]: Received disconnect from 43.255.190.124: 11:  [preauth]
Apr 11 22:47:46 ovzhost sshd[925]: PAM 2 more authentication failures; logname= uid=0 euid=0 tty=ssh ruser= rhost=43.255.190.124  user=root
Apr 11 22:47:47 ovzhost sshd[927]: message repeated 2 times: [ Failed password for root from 43.255.190.122 port 39514 ssh2]
Apr 11 22:47:47 ovzhost sshd[927]: Received disconnect from 43.255.190.122: 11:  [preauth]
Apr 11 22:47:47 ovzhost sshd[927]: PAM 2 more authentication failures; logname= uid=0 euid=0 tty=ssh ruser= rhost=43.255.190.122  user=root
Apr 11 22:47:47 ovzhost sshd[929]: pam_unix(sshd:auth): authentication failure; logname= uid=0 euid=0 tty=ssh ruser= rhost=43.255.190.124  user=root
Apr 11 22:47:47 ovzhost sshd[931]: pam_unix(sshd:auth): authentication failure; logname= uid=0 euid=0 tty=ssh ruser= rhost=43.255.190.122  user=root
Apr 11 22:47:49 ovzhost sshd[929]: Failed password for root from 43.255.190.124 port 53369 ssh2
Apr 11 22:47:50 ovzhost sshd[931]: Failed password for root from 43.255.190.122 port 55397 ssh2
Apr 11 22:47:53 ovzhost sshd[929]: message repeated 2 times: [ Failed password for root from 43.255.190.124 port 53369 ssh2]
Apr 11 22:47:54 ovzhost sshd[929]: Received disconnect from 43.255.190.124: 11:  [preauth]
Apr 11 22:47:54 ovzhost sshd[929]: PAM 2 more authentication failures; logname= uid=0 euid=0 tty=ssh ruser= rhost=43.255.190.124  user=root
Apr 11 22:47:54 ovzhost sshd[934]: pam_unix(sshd:auth): authentication failure; logname= uid=0 euid=0 tty=ssh ruser= rhost=43.255.190.124  user=root
Apr 11 22:47:54 ovzhost sshd[931]: message repeated 2 times: [ Failed password for root from 43.255.190.122 port 55397 ssh2]
Apr 11 22:47:54 ovzhost sshd[931]: Received disconnect from 43.255.190.122: 11:  [preauth]
Apr 11 22:47:54 ovzhost sshd[931]: PAM 2 more authentication failures; logname= uid=0 euid=0 tty=ssh ruser= rhost=43.255.190.122  user=root
Apr 11 22:47:55 ovzhost sshd[936]: pam_unix(sshd:auth): authentication failure; logname= uid=0 euid=0 tty=ssh ruser= rhost=43.255.190.122  user=root
Apr 11 22:47:56 ovzhost sshd[934]: Failed password for root from 43.255.190.124 port 42050 ssh2
Apr 11 22:47:56 ovzhost sshd[936]: Failed password for root from 43.255.190.122 port 45453 ssh2
Apr 11 22:48:00 ovzhost sshd[941]: Connection closed by 127.0.0.1 [preauth]
Apr 11 22:48:00 ovzhost sshd[934]: message repeated 2 times: [ Failed password for root from 43.255.190.124 port 42050 ssh2]
Apr 11 22:48:00 ovzhost sshd[934]: Received disconnect from 43.255.190.124: 11:  [preauth]
Apr 11 22:48:00 ovzhost sshd[934]: PAM 2 more authentication failures; logname= uid=0 euid=0 tty=ssh ruser= rhost=43.255.190.124  user=root
Apr 11 22:48:00 ovzhost sshd[936]: message repeated 2 times: [ Failed password for root from 43.255.190.122 port 45453 ssh2]
Apr 11 22:48:00 ovzhost sshd[936]: Received disconnect from 43.255.190.122: 11:  [preauth]
Apr 11 22:48:00 ovzhost sshd[936]: PAM 2 more authentication failures; logname= uid=0 euid=0 tty=ssh ruser= rhost=43.255.190.122  user=root
Apr 11 22:48:01 ovzhost sshd[943]: pam_unix(sshd:auth): authentication failure; logname= uid=0 euid=0 tty=ssh ruser= rhost=43.255.190.124  user=root
Apr 11 22:48:01 ovzhost sshd[945]: pam_unix(sshd:auth): authentication failure; logname= uid=0 euid=0 tty=ssh ruser= rhost=43.255.190.122  user=root
Apr 11 22:48:03 ovzhost sshd[943]: Failed password for root from 43.255.190.124 port 58511 ssh2
Apr 11 22:48:03 ovzhost sshd[945]: Failed password for root from 43.255.190.122 port 60649 ssh2
Apr 11 22:48:08 ovzhost sshd[943]: message repeated 2 times: [ Failed password for root from 43.255.190.124 port 58511 ssh2]
Apr 11 22:48:08 ovzhost sshd[943]: Received disconnect from 43.255.190.124: 11:  [preauth]
Apr 11 22:48:08 ovzhost sshd[943]: PAM 2 more authentication failures; logname= uid=0 euid=0 tty=ssh ruser= rhost=43.255.190.124  user=root
Apr 11 22:48:08 ovzhost sshd[945]: message repeated 2 times: [ Failed password for root from 43.255.190.122 port 60649 ssh2]
Apr 11 22:48:08 ovzhost sshd[945]: Received disconnect from 43.255.190.122: 11:  [preauth]
Apr 11 22:48:08 ovzhost sshd[945]: PAM 2 more authentication failures; logname= uid=0 euid=0 tty=ssh ruser= rhost=43.255.190.122  user=root
Apr 11 22:48:08 ovzhost sshd[947]: pam_unix(sshd:auth): authentication failure; logname= uid=0 euid=0 tty=ssh ruser= rhost=43.255.190.124  user=root
Apr 11 22:48:08 ovzhost sshd[949]: pam_unix(sshd:auth): authentication failure; logname= uid=0 euid=0 tty=ssh ruser= rhost=43.255.190.122  user=root
Apr 11 22:48:10 ovzhost sshd[947]: Failed password for root from 43.255.190.124 port 47607 ssh2
Apr 11 22:48:10 ovzhost sshd[949]: Failed password for root from 43.255.190.122 port 49890 ssh2
Apr 11 22:48:14 ovzhost sshd[947]: message repeated 2 times: [ Failed password for root from 43.255.190.124 port 47607 ssh2]
Apr 11 22:48:14 ovzhost sshd[947]: Received disconnect from 43.255.190.124: 11:  [preauth]
Apr 11 22:48:14 ovzhost sshd[947]: PAM 2 more authentication failures; logname= uid=0 euid=0 tty=ssh ruser= rhost=43.255.190.124  user=root
Apr 11 22:48:14 ovzhost sshd[949]: message repeated 2 times: [ Failed password for root from 43.255.190.122 port 49890 ssh2]
Apr 11 22:48:14 ovzhost sshd[949]: Received disconnect from 43.255.190.122: 11:  [preauth]
Apr 11 22:48:14 ovzhost sshd[949]: PAM 2 more authentication failures; logname= uid=0 euid=0 tty=ssh ruser= rhost=43.255.190.122  user=root
Apr 11 22:48:15 ovzhost sshd[951]: pam_unix(sshd:auth): authentication failure; logname= uid=0 euid=0 tty=ssh ruser= rhost=43.255.190.124  user=root
Apr 11 22:48:15 ovzhost sshd[953]: pam_unix(sshd:auth): authentication failure; logname= uid=0 euid=0 tty=ssh ruser= rhost=43.255.190.122  user=root
Apr 11 22:48:17 ovzhost sshd[951]: Failed password for root from 43.255.190.124 port 35620 ssh2
Apr 11 22:48:17 ovzhost sshd[953]: Failed password for root from 43.255.190.122 port 38003 ssh2
Apr 11 22:48:22 ovzhost sshd[951]: message repeated 2 times: [ Failed password for root from 43.255.190.124 port 35620 ssh2]
Apr 11 22:48:22 ovzhost sshd[951]: Received disconnect from 43.255.190.124: 11:  [preauth]
Apr 11 22:48:22 ovzhost sshd[951]: PAM 2 more authentication failures; logname= uid=0 euid=0 tty=ssh ruser= rhost=43.255.190.124  user=root
Apr 11 22:48:22 ovzhost sshd[953]: message repeated 2 times: [ Failed password for root from 43.255.190.122 port 38003 ssh2]
Apr 11 22:48:22 ovzhost sshd[953]: Received disconnect from 43.255.190.122: 11:  [preauth]
Apr 11 22:48:22 ovzhost sshd[953]: PAM 2 more authentication failures; logname= uid=0 euid=0 tty=ssh ruser= rhost=43.255.190.122  user=root
Apr 11 22:48:22 ovzhost sshd[955]: pam_unix(sshd:auth): authentication failure; logname= uid=0 euid=0 tty=ssh ruser= rhost=43.255.190.124  user=root
Apr 11 22:48:22 ovzhost sshd[957]: pam_unix(sshd:auth): authentication failure; logname= uid=0 euid=0 tty=ssh ruser= rhost=43.255.190.122  user=root
Apr 11 22:48:24 ovzhost sshd[955]: Failed password for root from 43.255.190.124 port 52602 ssh2
Apr 11 22:48:25 ovzhost sshd[957]: Failed password for root from 43.255.190.122 port 54727 ssh2
Apr 11 22:48:28 ovzhost sshd[955]: message repeated 2 times: [ Failed password for root from 43.255.190.124 port 52602 ssh2]
Apr 11 22:48:28 ovzhost sshd[955]: Received disconnect from 43.255.190.124: 11:  [preauth]
Apr 11 22:48:28 ovzhost sshd[955]: PAM 2 more authentication failures; logname= uid=0 euid=0 tty=ssh ruser= rhost=43.255.190.124  user=root
Apr 11 22:48:28 ovzhost sshd[957]: message repeated 2 times: [ Failed password for root from 43.255.190.122 port 54727 ssh2]
Apr 11 22:48:28 ovzhost sshd[957]: Received disconnect from 43.255.190.122: 11:  [preauth]
Apr 11 22:48:28 ovzhost sshd[957]: PAM 2 more authentication failures; logname= uid=0 euid=0 tty=ssh ruser= rhost=43.255.190.122  user=root
Apr 11 22:48:29 ovzhost sshd[961]: pam_unix(sshd:auth): authentication failure; logname= uid=0 euid=0 tty=ssh ruser= rhost=43.255.190.124  user=root
Apr 11 22:48:29 ovzhost sshd[963]: pam_unix(sshd:auth): authentication failure; logname= uid=0 euid=0 tty=ssh ruser= rhost=43.255.190.122  user=root
Apr 11 22:48:31 ovzhost sshd[961]: Failed password for root from 43.255.190.124 port 39876 ssh2
Apr 11 22:48:31 ovzhost sshd[963]: Failed password for root from 43.255.190.122 port 41977 ssh2
Apr 11 22:48:35 ovzhost sshd[961]: message repeated 2 times: [ Failed password for root from 43.255.190.124 port 39876 ssh2]
Apr 11 22:48:35 ovzhost sshd[961]: Received disconnect from 43.255.190.124: 11:  [preauth]
Apr 11 22:48:35 ovzhost sshd[961]: PAM 2 more authentication failures; logname= uid=0 euid=0 tty=ssh ruser= rhost=43.255.190.124  user=root
Apr 11 22:48:35 ovzhost sshd[963]: message repeated 2 times: [ Failed password for root from 43.255.190.122 port 41977 ssh2]
Apr 11 22:48:35 ovzhost sshd[963]: Received disconnect from 43.255.190.122: 11:  [preauth]
Apr 11 22:48:35 ovzhost sshd[963]: PAM 2 more authentication failures; logname= uid=0 euid=0 tty=ssh ruser= rhost=43.255.190.122  user=root
Apr 11 22:48:35 ovzhost sshd[965]: pam_unix(sshd:auth): authentication failure; logname= uid=0 euid=0 tty=ssh ruser= rhost=43.255.190.124  user=root
Apr 11 22:48:35 ovzhost sshd[967]: pam_unix(sshd:auth): authentication failure; logname= uid=0 euid=0 tty=ssh ruser= rhost=43.255.190.122  user=root
Apr 11 22:48:38 ovzhost sshd[965]: Failed password for root from 43.255.190.124 port 55943 ssh2
Apr 11 22:48:38 ovzhost sshd[967]: Failed password for root from 43.255.190.122 port 57824 ssh2
Apr 11 22:48:42 ovzhost sshd[965]: message repeated 2 times: [ Failed password for root from 43.255.190.124 port 55943 ssh2]
Apr 11 22:48:42 ovzhost sshd[965]: Received disconnect from 43.255.190.124: 11:  [preauth]
Apr 11 22:48:42 ovzhost sshd[965]: PAM 2 more authentication failures; logname= uid=0 euid=0 tty=ssh ruser= rhost=43.255.190.124  user=root
Apr 11 22:48:42 ovzhost sshd[967]: message repeated 2 times: [ Failed password for root from 43.255.190.122 port 57824 ssh2]
Apr 11 22:48:42 ovzhost sshd[967]: Received disconnect from 43.255.190.122: 11:  [preauth]
Apr 11 22:48:42 ovzhost sshd[967]: PAM 2 more authentication failures; logname= uid=0 euid=0 tty=ssh ruser= rhost=43.255.190.122  user=root
Apr 11 22:48:43 ovzhost sshd[969]: pam_unix(sshd:auth): authentication failure; logname= uid=0 euid=0 tty=ssh ruser= rhost=43.255.190.124  user=root
Apr 11 22:48:43 ovzhost sshd[971]: pam_unix(sshd:auth): authentication failure; logname= uid=0 euid=0 tty=ssh ruser= rhost=43.255.190.122  user=root
Apr 11 22:48:44 ovzhost sshd[969]: Failed password for root from 43.255.190.124 port 44597 ssh2
Apr 11 22:48:44 ovzhost sshd[971]: Failed password for root from 43.255.190.122 port 45788 ssh2
Apr 11 22:48:49 ovzhost sshd[969]: message repeated 2 times: [ Failed password for root from 43.255.190.124 port 44597 ssh2]
Apr 11 22:48:49 ovzhost sshd[969]: Received disconnect from 43.255.190.124: 11:  [preauth]
Apr 11 22:48:49 ovzhost sshd[969]: PAM 2 more authentication failures; logname= uid=0 euid=0 tty=ssh ruser= rhost=43.255.190.124  user=root
Apr 11 22:48:49 ovzhost sshd[971]: message repeated 2 times: [ Failed password for root from 43.255.190.122 port 45788 ssh2]
Apr 11 22:48:49 ovzhost sshd[971]: Received disconnect from 43.255.190.122: 11:  [preauth]
Apr 11 22:48:49 ovzhost sshd[971]: PAM 2 more authentication failures; logname= uid=0 euid=0 tty=ssh ruser= rhost=43.255.190.122  user=root
Apr 11 22:48:49 ovzhost sshd[973]: pam_unix(sshd:auth): authentication failure; logname= uid=0 euid=0 tty=ssh ruser= rhost=43.255.190.124  user=root
Apr 11 22:48:50 ovzhost sshd[975]: pam_unix(sshd:auth): authentication failure; logname= uid=0 euid=0 tty=ssh ruser= rhost=43.255.190.122  user=root
Apr 11 22:48:51 ovzhost sshd[973]: Failed password for root from 43.255.190.124 port 60167 ssh2
Apr 11 22:48:52 ovzhost sshd[975]: Failed password for root from 43.255.190.122 port 33298 ssh2
Apr 11 22:48:56 ovzhost sshd[973]: message repeated 2 times: [ Failed password for root from 43.255.190.124 port 60167 ssh2]
Apr 11 22:48:56 ovzhost sshd[973]: Received disconnect from 43.255.190.124: 11:  [preauth]
Apr 11 22:48:56 ovzhost sshd[973]: PAM 2 more authentication failures; logname= uid=0 euid=0 tty=ssh ruser= rhost=43.255.190.124  user=root
Apr 11 22:48:56 ovzhost sshd[975]: message repeated 2 times: [ Failed password for root from 43.255.190.122 port 33298 ssh2]
Apr 11 22:48:56 ovzhost sshd[975]: Received disconnect from 43.255.190.122: 11:  [preauth]
Apr 11 22:48:56 ovzhost sshd[975]: PAM 2 more authentication failures; logname= uid=0 euid=0 tty=ssh ruser= rhost=43.255.190.122  user=root
Apr 11 22:48:56 ovzhost sshd[979]: pam_unix(sshd:auth): authentication failure; logname= uid=0 euid=0 tty=ssh ruser= rhost=43.255.190.124  user=root
Apr 11 22:48:56 ovzhost sshd[981]: pam_unix(sshd:auth): authentication failure; logname= uid=0 euid=0 tty=ssh ruser= rhost=43.255.190.122  user=root
Apr 11 22:48:58 ovzhost sshd[979]: Failed password for root from 43.255.190.124 port 47973 ssh2
Apr 11 22:48:58 ovzhost sshd[981]: Failed password for root from 43.255.190.122 port 48303 ssh2
Apr 11 22:49:03 ovzhost sshd[979]: message repeated 2 times: [ Failed password for root from 43.255.190.124 port 47973 ssh2]
Apr 11 22:49:03 ovzhost sshd[979]: Received disconnect from 43.255.190.124: 11:  [preauth]
Apr 11 22:49:03 ovzhost sshd[979]: PAM 2 more authentication failures; logname= uid=0 euid=0 tty=ssh ruser= rhost=43.255.190.124  user=root
Apr 11 22:49:03 ovzhost sshd[981]: message repeated 2 times: [ Failed password for root from 43.255.190.122 port 48303 ssh2]
Apr 11 22:49:03 ovzhost sshd[981]: Received disconnect from 43.255.190.122: 11:  [preauth]
Apr 11 22:49:03 ovzhost sshd[981]: PAM 2 more authentication failures; logname= uid=0 euid=0 tty=ssh ruser= rhost=43.255.190.122  user=root
Apr 11 22:49:04 ovzhost sshd[983]: pam_unix(sshd:auth): authentication failure; logname= uid=0 euid=0 tty=ssh ruser= rhost=43.255.190.124  user=root
Apr 11 22:49:04 ovzhost sshd[985]: pam_unix(sshd:auth): authentication failure; logname= uid=0 euid=0 tty=ssh ruser= rhost=43.255.190.122  user=root
Apr 11 22:49:06 ovzhost sshd[983]: Failed password for root from 43.255.190.124 port 36445 ssh2
Apr 11 22:49:06 ovzhost sshd[985]: Failed password for root from 43.255.190.122 port 36384 ssh2
Apr 11 22:49:09 ovzhost sshd[985]: message repeated 2 times: [ Failed password for root from 43.255.190.122 port 36384 ssh2]
Apr 11 22:49:10 ovzhost sshd[985]: Received disconnect from 43.255.190.122: 11:  [preauth]
Apr 11 22:49:10 ovzhost sshd[985]: PAM 2 more authentication failures; logname= uid=0 euid=0 tty=ssh ruser= rhost=43.255.190.122  user=root
Apr 11 22:49:10 ovzhost sshd[983]: message repeated 2 times: [ Failed password for root from 43.255.190.124 port 36445 ssh2]
Apr 11 22:49:10 ovzhost sshd[983]: Received disconnect from 43.255.190.124: 11:  [preauth]
Apr 11 22:49:10 ovzhost sshd[983]: PAM 2 more authentication failures; logname= uid=0 euid=0 tty=ssh ruser= rhost=43.255.190.124  user=root
Apr 11 22:49:10 ovzhost sshd[987]: pam_unix(sshd:auth): authentication failure; logname= uid=0 euid=0 tty=ssh ruser= rhost=43.255.190.122  user=root
Apr 11 22:49:10 ovzhost sshd[989]: pam_unix(sshd:auth): authentication failure; logname= uid=0 euid=0 tty=ssh ruser= rhost=43.255.190.124  user=root
Apr 11 22:49:12 ovzhost sshd[987]: Failed password for root from 43.255.190.122 port 50675 ssh2
Apr 11 22:49:13 ovzhost sshd[989]: Failed password for root from 43.255.190.124 port 52404 ssh2
Apr 11 22:49:16 ovzhost sshd[987]: message repeated 2 times: [ Failed password for root from 43.255.190.122 port 50675 ssh2]
Apr 11 22:49:16 ovzhost sshd[987]: Received disconnect from 43.255.190.122: 11:  [preauth]
Apr 11 22:49:16 ovzhost sshd[987]: PAM 2 more authentication failures; logname= uid=0 euid=0 tty=ssh ruser= rhost=43.255.190.122  user=root
Apr 11 22:49:17 ovzhost sshd[989]: message repeated 2 times: [ Failed password for root from 43.255.190.124 port 52404 ssh2]
Apr 11 22:49:17 ovzhost sshd[989]: Received disconnect from 43.255.190.124: 11:  [preauth]
Apr 11 22:49:17 ovzhost sshd[989]: PAM 2 more authentication failures; logname= uid=0 euid=0 tty=ssh ruser= rhost=43.255.190.124  user=root
Apr 11 22:49:17 ovzhost sshd[992]: pam_unix(sshd:auth): authentication failure; logname= uid=0 euid=0 tty=ssh ruser= rhost=43.255.190.122  user=root
Apr 11 22:49:17 ovzhost sshd[994]: pam_unix(sshd:auth): authentication failure; logname= uid=0 euid=0 tty=ssh ruser= rhost=43.255.190.124  user=root
Apr 11 22:49:19 ovzhost sshd[992]: Failed password for root from 43.255.190.122 port 38087 ssh2
Apr 11 22:49:20 ovzhost sshd[994]: Failed password for root from 43.255.190.124 port 39326 ssh2
Apr 11 22:49:24 ovzhost sshd[992]: message repeated 2 times: [ Failed password for root from 43.255.190.122 port 38087 ssh2]
Apr 11 22:49:24 ovzhost sshd[992]: Received disconnect from 43.255.190.122: 11:  [preauth]
Apr 11 22:49:24 ovzhost sshd[992]: PAM 2 more authentication failures; logname= uid=0 euid=0 tty=ssh ruser= rhost=43.255.190.122  user=root
Apr 11 22:49:24 ovzhost sshd[994]: message repeated 2 times: [ Failed password for root from 43.255.190.124 port 39326 ssh2]
Apr 11 22:49:24 ovzhost sshd[994]: Received disconnect from 43.255.190.124: 11:  [preauth]
Apr 11 22:49:24 ovzhost sshd[994]: PAM 2 more authentication failures; logname= uid=0 euid=0 tty=ssh ruser= rhost=43.255.190.124  user=root
Apr 11 22:49:24 ovzhost sshd[996]: pam_unix(sshd:auth): authentication failure; logname= uid=0 euid=0 tty=ssh ruser= rhost=43.255.190.122  user=root
Apr 11 22:49:25 ovzhost sshd[998]: pam_unix(sshd:auth): authentication failure; logname= uid=0 euid=0 tty=ssh ruser= rhost=43.255.190.124  user=root
Apr 11 22:49:26 ovzhost sshd[998]: Failed password for root from 43.255.190.124 port 55160 ssh2
Apr 11 22:49:27 ovzhost sshd[996]: Failed password for root from 43.255.190.122 port 54217 ssh2
Apr 11 22:49:30 ovzhost sshd[996]: message repeated 2 times: [ Failed password for root from 43.255.190.122 port 54217 ssh2]
Apr 11 22:49:30 ovzhost sshd[996]: Received disconnect from 43.255.190.122: 11:  [preauth]
Apr 11 22:49:30 ovzhost sshd[996]: PAM 2 more authentication failures; logname= uid=0 euid=0 tty=ssh ruser= rhost=43.255.190.122  user=root
Apr 11 22:49:31 ovzhost sshd[998]: message repeated 2 times: [ Failed password for root from 43.255.190.124 port 55160 ssh2]
Apr 11 22:49:31 ovzhost sshd[998]: Received disconnect from 43.255.190.124: 11:  [preauth]
Apr 11 22:49:31 ovzhost sshd[998]: PAM 2 more authentication failures; logname= uid=0 euid=0 tty=ssh ruser= rhost=43.255.190.124  user=root
Apr 11 22:49:31 ovzhost sshd[1001]: pam_unix(sshd:auth): authentication failure; logname= uid=0 euid=0 tty=ssh ruser= rhost=43.255.190.122  user=root
Apr 11 22:49:31 ovzhost sshd[1003]: pam_unix(sshd:auth): authentication failure; logname= uid=0 euid=0 tty=ssh ruser= rhost=43.255.190.124  user=root
Apr 11 22:49:33 ovzhost sshd[1001]: Failed password for root from 43.255.190.122 port 41526 ssh2
Apr 11 22:49:34 ovzhost sshd[1003]: Failed password for root from 43.255.190.124 port 42507 ssh2
Apr 11 22:49:38 ovzhost sshd[1001]: message repeated 2 times: [ Failed password for root from 43.255.190.122 port 41526 ssh2]
Apr 11 22:49:38 ovzhost sshd[1001]: Received disconnect from 43.255.190.122: 11:  [preauth]
Apr 11 22:49:38 ovzhost sshd[1001]: PAM 2 more authentication failures; logname= uid=0 euid=0 tty=ssh ruser= rhost=43.255.190.122  user=root
Apr 11 22:49:38 ovzhost sshd[1003]: message repeated 2 times: [ Failed password for root from 43.255.190.124 port 42507 ssh2]
Apr 11 22:49:38 ovzhost sshd[1003]: Received disconnect from 43.255.190.124: 11:  [preauth]
Apr 11 22:49:38 ovzhost sshd[1003]: PAM 2 more authentication failures; logname= uid=0 euid=0 tty=ssh ruser= rhost=43.255.190.124  user=root
Apr 11 22:49:39 ovzhost sshd[1005]: pam_unix(sshd:auth): authentication failure; logname= uid=0 euid=0 tty=ssh ruser= rhost=43.255.190.122  user=root
Apr 11 22:49:39 ovzhost sshd[1007]: pam_unix(sshd:auth): authentication failure; logname= uid=0 euid=0 tty=ssh ruser= rhost=43.255.190.124  user=root
Apr 11 22:49:40 ovzhost sshd[1005]: Failed password for root from 43.255.190.122 port 57951 ssh2
Apr 11 22:49:41 ovzhost sshd[1007]: Failed password for root from 43.255.190.124 port 58490 ssh2
Apr 11 22:49:44 ovzhost sshd[1007]: message repeated 2 times: [ Failed password for root from 43.255.190.124 port 58490 ssh2]
Apr 11 22:49:44 ovzhost sshd[1007]: Received disconnect from 43.255.190.124: 11:  [preauth]
Apr 11 22:49:44 ovzhost sshd[1007]: PAM 2 more authentication failures; logname= uid=0 euid=0 tty=ssh ruser= rhost=43.255.190.124  user=root
Apr 11 22:49:45 ovzhost sshd[1005]: message repeated 2 times: [ Failed password for root from 43.255.190.122 port 57951 ssh2]
Apr 11 22:49:45 ovzhost sshd[1005]: Received disconnect from 43.255.190.122: 11:  [preauth]
Apr 11 22:49:45 ovzhost sshd[1005]: PAM 2 more authentication failures; logname= uid=0 euid=0 tty=ssh ruser= rhost=43.255.190.122  user=root
Apr 11 22:49:45 ovzhost sshd[1009]: pam_unix(sshd:auth): authentication failure; logname= uid=0 euid=0 tty=ssh ruser= rhost=43.255.190.124  user=root
Apr 11 22:49:46 ovzhost sshd[1011]: pam_unix(sshd:auth): authentication failure; logname= uid=0 euid=0 tty=ssh ruser= rhost=43.255.190.122  user=root
Apr 11 22:49:47 ovzhost sshd[1009]: Failed password for root from 43.255.190.124 port 44706 ssh2
Apr 11 22:49:48 ovzhost sshd[1011]: Failed password for root from 43.255.190.122 port 45741 ssh2
Apr 11 22:49:51 ovzhost sshd[1011]: message repeated 2 times: [ Failed password for root from 43.255.190.122 port 45741 ssh2]
Apr 11 22:49:51 ovzhost sshd[1011]: Received disconnect from 43.255.190.122: 11:  [preauth]
Apr 11 22:49:51 ovzhost sshd[1011]: PAM 2 more authentication failures; logname= uid=0 euid=0 tty=ssh ruser= rhost=43.255.190.122  user=root
Apr 11 22:49:51 ovzhost sshd[1009]: message repeated 2 times: [ Failed password for root from 43.255.190.124 port 44706 ssh2]
Apr 11 22:49:51 ovzhost sshd[1009]: Received disconnect from 43.255.190.124: 11:  [preauth]
Apr 11 22:49:51 ovzhost sshd[1009]: PAM 2 more authentication failures; logname= uid=0 euid=0 tty=ssh ruser= rhost=43.255.190.124  user=root
Apr 11 22:49:52 ovzhost sshd[1013]: pam_unix(sshd:auth): authentication failure; logname= uid=0 euid=0 tty=ssh ruser= rhost=43.255.190.122  user=root
Apr 11 22:49:52 ovzhost sshd[1015]: pam_unix(sshd:auth): authentication failure; logname= uid=0 euid=0 tty=ssh ruser= rhost=43.255.190.124  user=root
Apr 11 22:49:54 ovzhost sshd[1013]: Failed password for root from 43.255.190.122 port 59758 ssh2
Apr 11 22:49:54 ovzhost sshd[1015]: Failed password for root from 43.255.190.124 port 60294 ssh2
Apr 11 22:49:58 ovzhost sshd[1013]: message repeated 2 times: [ Failed password for root from 43.255.190.122 port 59758 ssh2]
Apr 11 22:49:58 ovzhost sshd[1013]: Received disconnect from 43.255.190.122: 11:  [preauth]
Apr 11 22:49:58 ovzhost sshd[1013]: PAM 2 more authentication failures; logname= uid=0 euid=0 tty=ssh ruser= rhost=43.255.190.122  user=root
Apr 11 22:49:59 ovzhost sshd[1015]: message repeated 2 times: [ Failed password for root from 43.255.190.124 port 60294 ssh2]
Apr 11 22:49:59 ovzhost sshd[1015]: Received disconnect from 43.255.190.124: 11:  [preauth]
Apr 11 22:49:59 ovzhost sshd[1015]: PAM 2 more authentication failures; logname= uid=0 euid=0 tty=ssh ruser= rhost=43.255.190.124  user=root
Apr 11 22:49:59 ovzhost sshd[1018]: pam_unix(sshd:auth): authentication failure; logname= uid=0 euid=0 tty=ssh ruser= rhost=43.255.190.122  user=root
Apr 11 22:49:59 ovzhost sshd[1020]: pam_unix(sshd:auth): authentication failure; logname= uid=0 euid=0 tty=ssh ruser= rhost=43.255.190.124  user=root
Apr 11 22:50:02 ovzhost sshd[1018]: Failed password for root from 43.255.190.122 port 47703 ssh2
Apr 11 22:50:02 ovzhost sshd[1020]: Failed password for root from 43.255.190.124 port 47854 ssh2
Apr 11 22:50:05 ovzhost sshd[1018]: message repeated 2 times: [ Failed password for root from 43.255.190.122 port 47703 ssh2]
Apr 11 22:50:05 ovzhost sshd[1018]: Received disconnect from 43.255.190.122: 11:  [preauth]
Apr 11 22:50:05 ovzhost sshd[1018]: PAM 2 more authentication failures; logname= uid=0 euid=0 tty=ssh ruser= rhost=43.255.190.122  user=root
Apr 11 22:50:05 ovzhost sshd[1020]: message repeated 2 times: [ Failed password for root from 43.255.190.124 port 47854 ssh2]
Apr 11 22:50:05 ovzhost sshd[1020]: Received disconnect from 43.255.190.124: 11:  [preauth]
Apr 11 22:50:05 ovzhost sshd[1020]: PAM 2 more authentication failures; logname= uid=0 euid=0 tty=ssh ruser= rhost=43.255.190.124  user=root
Apr 11 22:50:05 ovzhost sshd[1022]: pam_unix(sshd:auth): authentication failure; logname= uid=0 euid=0 tty=ssh ruser= rhost=43.255.190.122  user=root
Apr 11 22:50:06 ovzhost sshd[1024]: pam_unix(sshd:auth): authentication failure; logname= uid=0 euid=0 tty=ssh ruser= rhost=43.255.190.124  user=root
Apr 11 22:50:08 ovzhost sshd[1022]: Failed password for root from 43.255.190.122 port 34373 ssh2
Apr 11 22:50:09 ovzhost sshd[1024]: Failed password for root from 43.255.190.124 port 34291 ssh2
Apr 11 22:50:13 ovzhost sshd[1022]: message repeated 2 times: [ Failed password for root from 43.255.190.122 port 34373 ssh2]
Apr 11 22:50:13 ovzhost sshd[1022]: Received disconnect from 43.255.190.122: 11:  [preauth]
Apr 11 22:50:13 ovzhost sshd[1022]: PAM 2 more authentication failures; logname= uid=0 euid=0 tty=ssh ruser= rhost=43.255.190.122  user=root
Apr 11 22:50:13 ovzhost sshd[1026]: pam_unix(sshd:auth): authentication failure; logname= uid=0 euid=0 tty=ssh ruser= rhost=43.255.190.122  user=root
Apr 11 22:50:13 ovzhost sshd[1024]: message repeated 2 times: [ Failed password for root from 43.255.190.124 port 34291 ssh2]
Apr 11 22:50:13 ovzhost sshd[1024]: Received disconnect from 43.255.190.124: 11:  [preauth]
Apr 11 22:50:13 ovzhost sshd[1024]: PAM 2 more authentication failures; logname= uid=0 euid=0 tty=ssh ruser= rhost=43.255.190.124  user=root
Apr 11 22:50:14 ovzhost sshd[1028]: pam_unix(sshd:auth): authentication failure; logname= uid=0 euid=0 tty=ssh ruser= rhost=43.255.190.124  user=root
Apr 11 22:50:15 ovzhost sshd[1026]: Failed password for root from 43.255.190.122 port 51075 ssh2
Apr 11 22:50:16 ovzhost sshd[1028]: Failed password for root from 43.255.190.124 port 51404 ssh2
Apr 11 22:50:19 ovzhost sshd[1026]: message repeated 2 times: [ Failed password for root from 43.255.190.122 port 51075 ssh2]
Apr 11 22:50:19 ovzhost sshd[1026]: Received disconnect from 43.255.190.122: 11:  [preauth]
Apr 11 22:50:19 ovzhost sshd[1026]: PAM 2 more authentication failures; logname= uid=0 euid=0 tty=ssh ruser= rhost=43.255.190.122  user=root
Apr 11 22:50:20 ovzhost sshd[1028]: message repeated 2 times: [ Failed password for root from 43.255.190.124 port 51404 ssh2]
Apr 11 22:50:20 ovzhost sshd[1028]: Received disconnect from 43.255.190.124: 11:  [preauth]
Apr 11 22:50:20 ovzhost sshd[1028]: PAM 2 more authentication failures; logname= uid=0 euid=0 tty=ssh ruser= rhost=43.255.190.124  user=root
Apr 11 22:50:20 ovzhost sshd[1032]: pam_unix(sshd:auth): authentication failure; logname= uid=0 euid=0 tty=ssh ruser= rhost=43.255.190.122  user=root
Apr 11 22:50:20 ovzhost sshd[1034]: pam_unix(sshd:auth): authentication failure; logname= uid=0 euid=0 tty=ssh ruser= rhost=43.255.190.124  user=root
Apr 11 22:50:22 ovzhost sshd[1032]: Failed password for root from 43.255.190.122 port 38004 ssh2
Apr 11 22:50:23 ovzhost sshd[1034]: Failed password for root from 43.255.190.124 port 38360 ssh2
Apr 11 22:50:26 ovzhost sshd[1037]: Connection closed by 128.8.37.104 [preauth]
Apr 11 22:50:26 ovzhost sshd[1032]: message repeated 2 times: [ Failed password for root from 43.255.190.122 port 38004 ssh2]
Apr 11 22:50:26 ovzhost sshd[1032]: Received disconnect from 43.255.190.122: 11:  [preauth]
Apr 11 22:50:26 ovzhost sshd[1032]: PAM 2 more authentication failures; logname= uid=0 euid=0 tty=ssh ruser= rhost=43.255.190.122  user=root
Apr 11 22:50:27 ovzhost sshd[1034]: message repeated 2 times: [ Failed password for root from 43.255.190.124 port 38360 ssh2]
Apr 11 22:50:27 ovzhost sshd[1034]: Received disconnect from 43.255.190.124: 11:  [preauth]
Apr 11 22:50:27 ovzhost sshd[1034]: PAM 2 more authentication failures; logname= uid=0 euid=0 tty=ssh ruser= rhost=43.255.190.124  user=root
Apr 11 22:50:27 ovzhost sshd[1039]: pam_unix(sshd:auth): authentication failure; logname= uid=0 euid=0 tty=ssh ruser= rhost=43.255.190.122  user=root
Apr 11 22:50:27 ovzhost sshd[1041]: pam_unix(sshd:auth): authentication failure; logname= uid=0 euid=0 tty=ssh ruser= rhost=43.255.190.124  user=root
Apr 11 22:50:29 ovzhost sshd[1039]: Failed password for root from 43.255.190.122 port 53977 ssh2
Apr 11 22:50:29 ovzhost sshd[1041]: Failed password for root from 43.255.190.124 port 53834 ssh2
Apr 11 22:50:34 ovzhost sshd[1039]: message repeated 2 times: [ Failed password for root from 43.255.190.122 port 53977 ssh2]
Apr 11 22:50:34 ovzhost sshd[1039]: Received disconnect from 43.255.190.122: 11:  [preauth]
Apr 11 22:50:34 ovzhost sshd[1039]: PAM 2 more authentication failures; logname= uid=0 euid=0 tty=ssh ruser= rhost=43.255.190.122  user=root
Apr 11 22:50:34 ovzhost sshd[1041]: message repeated 2 times: [ Failed password for root from 43.255.190.124 port 53834 ssh2]
Apr 11 22:50:34 ovzhost sshd[1041]: Received disconnect from 43.255.190.124: 11:  [preauth]
Apr 11 22:50:34 ovzhost sshd[1041]: PAM 2 more authentication failures; logname= uid=0 euid=0 tty=ssh ruser= rhost=43.255.190.124  user=root
Apr 11 22:50:35 ovzhost sshd[1043]: pam_unix(sshd:auth): authentication failure; logname= uid=0 euid=0 tty=ssh ruser= rhost=43.255.190.122  user=root
Apr 11 22:50:35 ovzhost sshd[1045]: pam_unix(sshd:auth): authentication failure; logname= uid=0 euid=0 tty=ssh ruser= rhost=43.255.190.124  user=root
Apr 11 22:50:37 ovzhost sshd[1043]: Failed password for root from 43.255.190.122 port 41818 ssh2
Apr 11 22:50:37 ovzhost sshd[1045]: Failed password for root from 43.255.190.124 port 42107 ssh2
Apr 11 22:50:40 ovzhost sshd[1043]: message repeated 2 times: [ Failed password for root from 43.255.190.122 port 41818 ssh2]
