Apr 11 22:50:40 ovzhost sshd[1043]: Received disconnect from 43.255.190.122: 11:  [preauth]
Apr 11 22:50:40 ovzhost sshd[1043]: PAM 2 more authentication failures; logname= uid=0 euid=0 tty=ssh ruser= rhost=43.255.190.122  user=root
Apr 11 22:50:40 ovzhost sshd[1045]: message repeated 2 times: [ Failed password for root from 43.255.190.124 port 42107 ssh2]
Apr 11 22:50:40 ovzhost sshd[1045]: Received disconnect from 43.255.190.124: 11:  [preauth]
Apr 11 22:50:40 ovzhost sshd[1045]: PAM 2 more authentication failures; logname= uid=0 euid=0 tty=ssh ruser= rhost=43.255.190.124  user=root
Apr 11 22:50:41 ovzhost sshd[1047]: pam_unix(sshd:auth): authentication failure; logname= uid=0 euid=0 tty=ssh ruser= rhost=43.255.190.122  user=root
Apr 11 22:50:41 ovzhost sshd[1049]: pam_unix(sshd:auth): authentication failure; logname= uid=0 euid=0 tty=ssh ruser= rhost=43.255.190.124  user=root
Apr 11 22:50:43 ovzhost sshd[1047]: Failed password for root from 43.255.190.122 port 56301 ssh2
Apr 11 22:50:44 ovzhost sshd[1049]: Failed password for root from 43.255.190.124 port 56126 ssh2
Apr 11 22:50:48 ovzhost sshd[1047]: message repeated 2 times: [ Failed password for root from 43.255.190.122 port 56301 ssh2]
Apr 11 22:50:48 ovzhost sshd[1047]: Received disconnect from 43.255.190.122: 11:  [preauth]
Apr 11 22:50:48 ovzhost sshd[1047]: PAM 2 more authentication failures; logname= uid=0 euid=0 tty=ssh ruser= rhost=43.255.190.122  user=root
Apr 11 22:50:48 ovzhost sshd[1049]: message repeated 2 times: [ Failed password for root from 43.255.190.124 port 56126 ssh2]
Apr 11 22:50:48 ovzhost sshd[1049]: Received disconnect from 43.255.190.124: 11:  [preauth]
Apr 11 22:50:48 ovzhost sshd[1049]: PAM 2 more authentication failures; logname= uid=0 euid=0 tty=ssh ruser= rhost=43.255.190.124  user=root
Apr 11 22:50:48 ovzhost sshd[1051]: pam_unix(sshd:auth): authentication failure; logname= uid=0 euid=0 tty=ssh ruser= rhost=43.255.190.122  user=root
Apr 11 22:50:49 ovzhost sshd[1055]: pam_unix(sshd:auth): authentication failure; logname= uid=0 euid=0 tty=ssh ruser= rhost=43.255.190.124  user=root
Apr 11 22:50:51 ovzhost sshd[1055]: Failed password for root from 43.255.190.124 port 44418 ssh2
Apr 11 22:50:51 ovzhost sshd[1051]: Failed password for root from 43.255.190.122 port 44066 ssh2
Apr 11 22:50:54 ovzhost sshd[1055]: message repeated 2 times: [ Failed password for root from 43.255.190.124 port 44418 ssh2]
Apr 11 22:50:54 ovzhost sshd[1055]: Received disconnect from 43.255.190.124: 11:  [preauth]
Apr 11 22:50:54 ovzhost sshd[1055]: PAM 2 more authentication failures; logname= uid=0 euid=0 tty=ssh ruser= rhost=43.255.190.124  user=root
Apr 11 22:50:54 ovzhost sshd[1051]: message repeated 2 times: [ Failed password for root from 43.255.190.122 port 44066 ssh2]
Apr 11 22:50:54 ovzhost sshd[1051]: Received disconnect from 43.255.190.122: 11:  [preauth]
Apr 11 22:50:54 ovzhost sshd[1051]: PAM 2 more authentication failures; logname= uid=0 euid=0 tty=ssh ruser= rhost=43.255.190.122  user=root
Apr 11 22:50:55 ovzhost sshd[1059]: pam_unix(sshd:auth): authentication failure; logname= uid=0 euid=0 tty=ssh ruser= rhost=43.255.190.122  user=root
Apr 11 22:50:55 ovzhost sshd[1057]: pam_unix(sshd:auth): authentication failure; logname= uid=0 euid=0 tty=ssh ruser= rhost=43.255.190.124  user=root
Apr 11 22:50:57 ovzhost sshd[1059]: Failed password for root from 43.255.190.122 port 59386 ssh2
Apr 11 22:50:57 ovzhost sshd[1057]: Failed password for root from 43.255.190.124 port 58453 ssh2
Apr 11 22:51:01 ovzhost sshd[1059]: message repeated 2 times: [ Failed password for root from 43.255.190.122 port 59386 ssh2]
Apr 11 22:51:01 ovzhost sshd[1059]: Received disconnect from 43.255.190.122: 11:  [preauth]
Apr 11 22:51:01 ovzhost sshd[1059]: PAM 2 more authentication failures; logname= uid=0 euid=0 tty=ssh ruser= rhost=43.255.190.122  user=root
Apr 11 22:51:01 ovzhost sshd[1057]: message repeated 2 times: [ Failed password for root from 43.255.190.124 port 58453 ssh2]
Apr 11 22:51:01 ovzhost sshd[1057]: Received disconnect from 43.255.190.124: 11:  [preauth]
Apr 11 22:51:01 ovzhost sshd[1057]: PAM 2 more authentication failures; logname= uid=0 euid=0 tty=ssh ruser= rhost=43.255.190.124  user=root
Apr 11 22:51:01 ovzhost sshd[1061]: pam_unix(sshd:auth): authentication failure; logname= uid=0 euid=0 tty=ssh ruser= rhost=43.255.190.122  user=root
Apr 11 22:51:02 ovzhost sshd[1063]: pam_unix(sshd:auth): authentication failure; logname= uid=0 euid=0 tty=ssh ruser= rhost=43.255.190.124  user=root
Apr 11 22:51:03 ovzhost sshd[1061]: Failed password for root from 43.255.190.122 port 45581 ssh2
Apr 11 22:51:03 ovzhost sshd[1063]: Failed password for root from 43.255.190.124 port 45327 ssh2
Apr 11 22:51:07 ovzhost sshd[1061]: message repeated 2 times: [ Failed password for root from 43.255.190.122 port 45581 ssh2]
Apr 11 22:51:07 ovzhost sshd[1061]: Received disconnect from 43.255.190.122: 11:  [preauth]
Apr 11 22:51:07 ovzhost sshd[1061]: PAM 2 more authentication failures; logname= uid=0 euid=0 tty=ssh ruser= rhost=43.255.190.122  user=root
Apr 11 22:51:07 ovzhost sshd[1063]: message repeated 2 times: [ Failed password for root from 43.255.190.124 port 45327 ssh2]
Apr 11 22:51:07 ovzhost sshd[1063]: Received disconnect from 43.255.190.124: 11:  [preauth]
Apr 11 22:51:07 ovzhost sshd[1063]: PAM 2 more authentication failures; logname= uid=0 euid=0 tty=ssh ruser= rhost=43.255.190.124  user=root
Apr 11 22:51:07 ovzhost sshd[1065]: pam_unix(sshd:auth): authentication failure; logname= uid=0 euid=0 tty=ssh ruser= rhost=43.255.190.122  user=root
Apr 11 22:51:08 ovzhost sshd[1067]: pam_unix(sshd:auth): authentication failure; logname= uid=0 euid=0 tty=ssh ruser= rhost=43.255.190.124  user=root
Apr 11 22:51:10 ovzhost sshd[1065]: Failed password for root from 43.255.190.122 port 59010 ssh2
Apr 11 22:51:10 ovzhost sshd[1067]: Failed password for root from 43.255.190.124 port 59289 ssh2
Apr 11 22:51:13 ovzhost sshd[1065]: message repeated 2 times: [ Failed password for root from 43.255.190.122 port 59010 ssh2]
Apr 11 22:51:13 ovzhost sshd[1065]: Received disconnect from 43.255.190.122: 11:  [preauth]
Apr 11 22:51:13 ovzhost sshd[1065]: PAM 2 more authentication failures; logname= uid=0 euid=0 tty=ssh ruser= rhost=43.255.190.122  user=root
Apr 11 22:51:14 ovzhost sshd[1069]: pam_unix(sshd:auth): authentication failure; logname= uid=0 euid=0 tty=ssh ruser= rhost=43.255.190.122  user=root
Apr 11 22:51:14 ovzhost sshd[1067]: message repeated 2 times: [ Failed password for root from 43.255.190.124 port 59289 ssh2]
Apr 11 22:51:14 ovzhost sshd[1067]: Received disconnect from 43.255.190.124: 11:  [preauth]
Apr 11 22:51:14 ovzhost sshd[1067]: PAM 2 more authentication failures; logname= uid=0 euid=0 tty=ssh ruser= rhost=43.255.190.124  user=root
Apr 11 22:51:15 ovzhost sshd[1071]: pam_unix(sshd:auth): authentication failure; logname= uid=0 euid=0 tty=ssh ruser= rhost=43.255.190.124  user=root
Apr 11 22:51:15 ovzhost sshd[1069]: Failed password for root from 43.255.190.122 port 45811 ssh2
Apr 11 22:51:16 ovzhost sshd[1071]: Failed password for root from 43.255.190.124 port 46038 ssh2
Apr 11 22:51:20 ovzhost sshd[1071]: message repeated 2 times: [ Failed password for root from 43.255.190.124 port 46038 ssh2]
Apr 11 22:51:20 ovzhost sshd[1071]: Received disconnect from 43.255.190.124: 11:  [preauth]
Apr 11 22:51:20 ovzhost sshd[1071]: PAM 2 more authentication failures; logname= uid=0 euid=0 tty=ssh ruser= rhost=43.255.190.124  user=root
Apr 11 22:51:20 ovzhost sshd[1069]: message repeated 2 times: [ Failed password for root from 43.255.190.122 port 45811 ssh2]
Apr 11 22:51:21 ovzhost sshd[1069]: Received disconnect from 43.255.190.122: 11:  [preauth]
Apr 11 22:51:21 ovzhost sshd[1069]: PAM 2 more authentication failures; logname= uid=0 euid=0 tty=ssh ruser= rhost=43.255.190.122  user=root
Apr 11 22:51:21 ovzhost sshd[1073]: pam_unix(sshd:auth): authentication failure; logname= uid=0 euid=0 tty=ssh ruser= rhost=43.255.190.124  user=root
Apr 11 22:51:21 ovzhost sshd[1075]: pam_unix(sshd:auth): authentication failure; logname= uid=0 euid=0 tty=ssh ruser= rhost=43.255.190.122  user=root
Apr 11 22:51:23 ovzhost sshd[1073]: Failed password for root from 43.255.190.124 port 60277 ssh2
Apr 11 22:51:23 ovzhost sshd[1075]: Failed password for root from 43.255.190.122 port 33312 ssh2
Apr 11 22:51:27 ovzhost sshd[1073]: message repeated 2 times: [ Failed password for root from 43.255.190.124 port 60277 ssh2]
Apr 11 22:51:27 ovzhost sshd[1073]: Received disconnect from 43.255.190.124: 11:  [preauth]
Apr 11 22:51:27 ovzhost sshd[1073]: PAM 2 more authentication failures; logname= uid=0 euid=0 tty=ssh ruser= rhost=43.255.190.124  user=root
Apr 11 22:51:27 ovzhost sshd[1075]: message repeated 2 times: [ Failed password for root from 43.255.190.122 port 33312 ssh2]
Apr 11 22:51:27 ovzhost sshd[1075]: Received disconnect from 43.255.190.122: 11:  [preauth]
Apr 11 22:51:27 ovzhost sshd[1075]: PAM 2 more authentication failures; logname= uid=0 euid=0 tty=ssh ruser= rhost=43.255.190.122  user=root
Apr 11 22:51:27 ovzhost sshd[1077]: pam_unix(sshd:auth): authentication failure; logname= uid=0 euid=0 tty=ssh ruser= rhost=43.255.190.124  user=root
Apr 11 22:51:27 ovzhost sshd[1079]: pam_unix(sshd:auth): authentication failure; logname= uid=0 euid=0 tty=ssh ruser= rhost=43.255.190.122  user=root
Apr 11 22:51:29 ovzhost sshd[1077]: Failed password for root from 43.255.190.124 port 46555 ssh2
Apr 11 22:51:29 ovzhost sshd[1079]: Failed password for root from 43.255.190.122 port 47916 ssh2
Apr 11 22:51:33 ovzhost sshd[1077]: message repeated 2 times: [ Failed password for root from 43.255.190.124 port 46555 ssh2]
Apr 11 22:51:33 ovzhost sshd[1077]: Received disconnect from 43.255.190.124: 11:  [preauth]
Apr 11 22:51:33 ovzhost sshd[1077]: PAM 2 more authentication failures; logname= uid=0 euid=0 tty=ssh ruser= rhost=43.255.190.124  user=root
Apr 11 22:51:33 ovzhost sshd[1079]: message repeated 2 times: [ Failed password for root from 43.255.190.122 port 47916 ssh2]
Apr 11 22:51:33 ovzhost sshd[1079]: Received disconnect from 43.255.190.122: 11:  [preauth]
Apr 11 22:51:33 ovzhost sshd[1079]: PAM 2 more authentication failures; logname= uid=0 euid=0 tty=ssh ruser= rhost=43.255.190.122  user=root
Apr 11 22:51:34 ovzhost sshd[1083]: pam_unix(sshd:auth): authentication failure; logname= uid=0 euid=0 tty=ssh ruser= rhost=43.255.190.124  user=root
Apr 11 22:51:34 ovzhost sshd[1085]: pam_unix(sshd:auth): authentication failure; logname= uid=0 euid=0 tty=ssh ruser= rhost=43.255.190.122  user=root
Apr 11 22:51:35 ovzhost sshd[1083]: Failed password for root from 43.255.190.124 port 32869 ssh2
Apr 11 22:51:36 ovzhost sshd[1085]: Failed password for root from 43.255.190.122 port 34779 ssh2
Apr 11 22:51:39 ovzhost sshd[1083]: message repeated 2 times: [ Failed password for root from 43.255.190.124 port 32869 ssh2]
Apr 11 22:51:39 ovzhost sshd[1083]: Received disconnect from 43.255.190.124: 11:  [preauth]
Apr 11 22:51:39 ovzhost sshd[1083]: PAM 2 more authentication failures; logname= uid=0 euid=0 tty=ssh ruser= rhost=43.255.190.124  user=root
Apr 11 22:51:39 ovzhost sshd[1085]: message repeated 2 times: [ Failed password for root from 43.255.190.122 port 34779 ssh2]
Apr 11 22:51:39 ovzhost sshd[1085]: Received disconnect from 43.255.190.122: 11:  [preauth]
Apr 11 22:51:39 ovzhost sshd[1085]: PAM 2 more authentication failures; logname= uid=0 euid=0 tty=ssh ruser= rhost=43.255.190.122  user=root
Apr 11 22:51:40 ovzhost sshd[1087]: pam_unix(sshd:auth): authentication failure; logname= uid=0 euid=0 tty=ssh ruser= rhost=43.255.190.124  user=root
Apr 11 22:51:40 ovzhost sshd[1089]: pam_unix(sshd:auth): authentication failure; logname= uid=0 euid=0 tty=ssh ruser= rhost=43.255.190.122  user=root
Apr 11 22:51:42 ovzhost sshd[1087]: Failed password for root from 43.255.190.124 port 46761 ssh2
Apr 11 22:51:42 ovzhost sshd[1089]: Failed password for root from 43.255.190.122 port 48536 ssh2
Apr 11 22:51:46 ovzhost sshd[1089]: message repeated 2 times: [ Failed password for root from 43.255.190.122 port 48536 ssh2]
Apr 11 22:51:46 ovzhost sshd[1089]: Received disconnect from 43.255.190.122: 11:  [preauth]
Apr 11 22:51:46 ovzhost sshd[1089]: PAM 2 more authentication failures; logname= uid=0 euid=0 tty=ssh ruser= rhost=43.255.190.122  user=root
Apr 11 22:51:47 ovzhost sshd[1091]: pam_unix(sshd:auth): authentication failure; logname= uid=0 euid=0 tty=ssh ruser= rhost=43.255.190.122  user=root
Apr 11 22:51:47 ovzhost sshd[1087]: message repeated 2 times: [ Failed password for root from 43.255.190.124 port 46761 ssh2]
Apr 11 22:51:47 ovzhost sshd[1087]: Received disconnect from 43.255.190.124: 11:  [preauth]
Apr 11 22:51:47 ovzhost sshd[1087]: PAM 2 more authentication failures; logname= uid=0 euid=0 tty=ssh ruser= rhost=43.255.190.124  user=root
Apr 11 22:51:48 ovzhost sshd[1095]: pam_unix(sshd:auth): authentication failure; logname= uid=0 euid=0 tty=ssh ruser= rhost=43.255.190.124  user=root
Apr 11 22:51:49 ovzhost sshd[1091]: Failed password for root from 43.255.190.122 port 34886 ssh2
Apr 11 22:51:50 ovzhost sshd[1095]: Failed password for root from 43.255.190.124 port 35541 ssh2
Apr 11 22:51:52 ovzhost sshd[1091]: message repeated 2 times: [ Failed password for root from 43.255.190.122 port 34886 ssh2]
Apr 11 22:51:52 ovzhost sshd[1091]: Received disconnect from 43.255.190.122: 11:  [preauth]
Apr 11 22:51:52 ovzhost sshd[1091]: PAM 2 more authentication failures; logname= uid=0 euid=0 tty=ssh ruser= rhost=43.255.190.122  user=root
Apr 11 22:51:53 ovzhost sshd[1098]: pam_unix(sshd:auth): authentication failure; logname= uid=0 euid=0 tty=ssh ruser= rhost=43.255.190.122  user=root
Apr 11 22:51:54 ovzhost sshd[1095]: message repeated 2 times: [ Failed password for root from 43.255.190.124 port 35541 ssh2]
Apr 11 22:51:54 ovzhost sshd[1095]: Received disconnect from 43.255.190.124: 11:  [preauth]
Apr 11 22:51:54 ovzhost sshd[1095]: PAM 2 more authentication failures; logname= uid=0 euid=0 tty=ssh ruser= rhost=43.255.190.124  user=root
Apr 11 22:51:54 ovzhost sshd[1100]: pam_unix(sshd:auth): authentication failure; logname= uid=0 euid=0 tty=ssh ruser= rhost=43.255.190.124  user=root
Apr 11 22:51:55 ovzhost sshd[1098]: Failed password for root from 43.255.190.122 port 49345 ssh2
Apr 11 22:51:57 ovzhost sshd[1100]: Failed password for root from 43.255.190.124 port 50253 ssh2
Apr 11 22:51:58 ovzhost sshd[1098]: message repeated 2 times: [ Failed password for root from 43.255.190.122 port 49345 ssh2]
Apr 11 22:51:58 ovzhost sshd[1098]: Received disconnect from 43.255.190.122: 11:  [preauth]
Apr 11 22:51:58 ovzhost sshd[1098]: PAM 2 more authentication failures; logname= uid=0 euid=0 tty=ssh ruser= rhost=43.255.190.122  user=root
Apr 11 22:51:59 ovzhost sshd[1102]: pam_unix(sshd:auth): authentication failure; logname= uid=0 euid=0 tty=ssh ruser= rhost=43.255.190.122  user=root
Apr 11 22:52:01 ovzhost sshd[1102]: Failed password for root from 43.255.190.122 port 33531 ssh2
Apr 11 22:52:01 ovzhost sshd[1100]: message repeated 2 times: [ Failed password for root from 43.255.190.124 port 50253 ssh2]
Apr 11 22:52:01 ovzhost sshd[1100]: Received disconnect from 43.255.190.124: 11:  [preauth]
Apr 11 22:52:01 ovzhost sshd[1100]: PAM 2 more authentication failures; logname= uid=0 euid=0 tty=ssh ruser= rhost=43.255.190.124  user=root
Apr 11 22:52:02 ovzhost sshd[1104]: pam_unix(sshd:auth): authentication failure; logname= uid=0 euid=0 tty=ssh ruser= rhost=43.255.190.124  user=root
Apr 11 22:52:04 ovzhost sshd[1104]: Failed password for root from 43.255.190.124 port 39577 ssh2
Apr 11 22:52:05 ovzhost sshd[1102]: message repeated 2 times: [ Failed password for root from 43.255.190.122 port 33531 ssh2]
Apr 11 22:52:05 ovzhost sshd[1102]: Received disconnect from 43.255.190.122: 11:  [preauth]
Apr 11 22:52:05 ovzhost sshd[1102]: PAM 2 more authentication failures; logname= uid=0 euid=0 tty=ssh ruser= rhost=43.255.190.122  user=root
Apr 11 22:52:05 ovzhost sshd[1106]: pam_unix(sshd:auth): authentication failure; logname= uid=0 euid=0 tty=ssh ruser= rhost=43.255.190.122  user=root
Apr 11 22:52:07 ovzhost sshd[1106]: Failed password for root from 43.255.190.122 port 50043 ssh2
Apr 11 22:52:08 ovzhost sshd[1104]: message repeated 2 times: [ Failed password for root from 43.255.190.124 port 39577 ssh2]
Apr 11 22:52:08 ovzhost sshd[1104]: Received disconnect from 43.255.190.124: 11:  [preauth]
Apr 11 22:52:08 ovzhost sshd[1104]: PAM 2 more authentication failures; logname= uid=0 euid=0 tty=ssh ruser= rhost=43.255.190.124  user=root
Apr 11 22:52:09 ovzhost sshd[1108]: pam_unix(sshd:auth): authentication failure; logname= uid=0 euid=0 tty=ssh ruser= rhost=43.255.190.124  user=root
Apr 11 22:52:11 ovzhost sshd[1108]: Failed password for root from 43.255.190.124 port 58313 ssh2
Apr 11 22:52:11 ovzhost sshd[1106]: message repeated 2 times: [ Failed password for root from 43.255.190.122 port 50043 ssh2]
Apr 11 22:52:11 ovzhost sshd[1106]: Received disconnect from 43.255.190.122: 11:  [preauth]
Apr 11 22:52:11 ovzhost sshd[1106]: PAM 2 more authentication failures; logname= uid=0 euid=0 tty=ssh ruser= rhost=43.255.190.122  user=root
Apr 11 22:52:12 ovzhost sshd[1110]: pam_unix(sshd:auth): authentication failure; logname= uid=0 euid=0 tty=ssh ruser= rhost=43.255.190.122  user=root
Apr 11 22:52:14 ovzhost sshd[1110]: Failed password for root from 43.255.190.122 port 36644 ssh2
Apr 11 22:52:15 ovzhost sshd[1108]: message repeated 2 times: [ Failed password for root from 43.255.190.124 port 58313 ssh2]
Apr 11 22:52:15 ovzhost sshd[1108]: Received disconnect from 43.255.190.124: 11:  [preauth]
Apr 11 22:52:15 ovzhost sshd[1108]: PAM 2 more authentication failures; logname= uid=0 euid=0 tty=ssh ruser= rhost=43.255.190.124  user=root
Apr 11 22:52:15 ovzhost sshd[1112]: pam_unix(sshd:auth): authentication failure; logname= uid=0 euid=0 tty=ssh ruser= rhost=43.255.190.124  user=root
Apr 11 22:52:17 ovzhost sshd[1112]: Failed password for root from 43.255.190.124 port 46400 ssh2
Apr 11 22:52:17 ovzhost sshd[1110]: message repeated 2 times: [ Failed password for root from 43.255.190.122 port 36644 ssh2]
Apr 11 22:52:17 ovzhost sshd[1110]: Received disconnect from 43.255.190.122: 11:  [preauth]
Apr 11 22:52:17 ovzhost sshd[1110]: PAM 2 more authentication failures; logname= uid=0 euid=0 tty=ssh ruser= rhost=43.255.190.122  user=root
Apr 11 22:52:18 ovzhost sshd[1114]: pam_unix(sshd:auth): authentication failure; logname= uid=0 euid=0 tty=ssh ruser= rhost=43.255.190.122  user=root
Apr 11 22:52:20 ovzhost sshd[1114]: Failed password for root from 43.255.190.122 port 51572 ssh2
Apr 11 22:52:22 ovzhost sshd[1112]: message repeated 2 times: [ Failed password for root from 43.255.190.124 port 46400 ssh2]
Apr 11 22:52:22 ovzhost sshd[1112]: Received disconnect from 43.255.190.124: 11:  [preauth]
Apr 11 22:52:22 ovzhost sshd[1112]: PAM 2 more authentication failures; logname= uid=0 euid=0 tty=ssh ruser= rhost=43.255.190.124  user=root
Apr 11 22:52:22 ovzhost sshd[1116]: pam_unix(sshd:auth): authentication failure; logname= uid=0 euid=0 tty=ssh ruser= rhost=43.255.190.124  user=root
Apr 11 22:52:24 ovzhost sshd[1116]: Failed password for root from 43.255.190.124 port 34486 ssh2
Apr 11 22:52:24 ovzhost sshd[1114]: message repeated 2 times: [ Failed password for root from 43.255.190.122 port 51572 ssh2]
Apr 11 22:52:24 ovzhost sshd[1114]: Received disconnect from 43.255.190.122: 11:  [preauth]
Apr 11 22:52:24 ovzhost sshd[1114]: PAM 2 more authentication failures; logname= uid=0 euid=0 tty=ssh ruser= rhost=43.255.190.122  user=root
Apr 11 22:52:25 ovzhost sshd[1118]: pam_unix(sshd:auth): authentication failure; logname= uid=0 euid=0 tty=ssh ruser= rhost=43.255.190.122  user=root
Apr 11 22:52:27 ovzhost sshd[1118]: Failed password for root from 43.255.190.122 port 38940 ssh2
Apr 11 22:52:28 ovzhost sshd[1116]: message repeated 2 times: [ Failed password for root from 43.255.190.124 port 34486 ssh2]
Apr 11 22:52:28 ovzhost sshd[1116]: Received disconnect from 43.255.190.124: 11:  [preauth]
Apr 11 22:52:28 ovzhost sshd[1116]: PAM 2 more authentication failures; logname= uid=0 euid=0 tty=ssh ruser= rhost=43.255.190.124  user=root
Apr 11 22:52:28 ovzhost sshd[1120]: pam_unix(sshd:auth): authentication failure; logname= uid=0 euid=0 tty=ssh ruser= rhost=43.255.190.124  user=root
Apr 11 22:52:30 ovzhost sshd[1120]: Failed password for root from 43.255.190.124 port 50213 ssh2
Apr 11 22:52:31 ovzhost sshd[1118]: message repeated 2 times: [ Failed password for root from 43.255.190.122 port 38940 ssh2]
Apr 11 22:52:31 ovzhost sshd[1118]: Received disconnect from 43.255.190.122: 11:  [preauth]
Apr 11 22:52:31 ovzhost sshd[1118]: PAM 2 more authentication failures; logname= uid=0 euid=0 tty=ssh ruser= rhost=43.255.190.122  user=root
Apr 11 22:52:32 ovzhost sshd[1122]: pam_unix(sshd:auth): authentication failure; logname= uid=0 euid=0 tty=ssh ruser= rhost=43.255.190.122  user=root
Apr 11 22:52:34 ovzhost sshd[1122]: Failed password for root from 43.255.190.122 port 54796 ssh2
Apr 11 22:52:34 ovzhost sshd[1120]: message repeated 2 times: [ Failed password for root from 43.255.190.124 port 50213 ssh2]
Apr 11 22:52:34 ovzhost sshd[1120]: Received disconnect from 43.255.190.124: 11:  [preauth]
Apr 11 22:52:34 ovzhost sshd[1120]: PAM 2 more authentication failures; logname= uid=0 euid=0 tty=ssh ruser= rhost=43.255.190.124  user=root
Apr 11 22:52:35 ovzhost sshd[1124]: pam_unix(sshd:auth): authentication failure; logname= uid=0 euid=0 tty=ssh ruser= rhost=43.255.190.124  user=root
Apr 11 22:52:36 ovzhost sshd[1124]: Failed password for root from 43.255.190.124 port 38053 ssh2
Apr 11 22:52:38 ovzhost sshd[1122]: message repeated 2 times: [ Failed password for root from 43.255.190.122 port 54796 ssh2]
Apr 11 22:52:38 ovzhost sshd[1122]: Received disconnect from 43.255.190.122: 11:  [preauth]
Apr 11 22:52:38 ovzhost sshd[1122]: PAM 2 more authentication failures; logname= uid=0 euid=0 tty=ssh ruser= rhost=43.255.190.122  user=root
Apr 11 22:52:39 ovzhost sshd[1126]: pam_unix(sshd:auth): authentication failure; logname= uid=0 euid=0 tty=ssh ruser= rhost=43.255.190.122  user=root
Apr 11 22:52:41 ovzhost sshd[1126]: Failed password for root from 43.255.190.122 port 42854 ssh2
Apr 11 22:52:41 ovzhost sshd[1124]: message repeated 2 times: [ Failed password for root from 43.255.190.124 port 38053 ssh2]
Apr 11 22:52:41 ovzhost sshd[1124]: Received disconnect from 43.255.190.124: 11:  [preauth]
Apr 11 22:52:41 ovzhost sshd[1124]: PAM 2 more authentication failures; logname= uid=0 euid=0 tty=ssh ruser= rhost=43.255.190.124  user=root
Apr 11 22:52:42 ovzhost sshd[1128]: pam_unix(sshd:auth): authentication failure; logname= uid=0 euid=0 tty=ssh ruser= rhost=43.255.190.124  user=root
Apr 11 22:52:44 ovzhost sshd[1128]: Failed password for root from 43.255.190.124 port 55672 ssh2
Apr 11 22:52:45 ovzhost sshd[1126]: message repeated 2 times: [ Failed password for root from 43.255.190.122 port 42854 ssh2]
Apr 11 22:52:45 ovzhost sshd[1126]: Received disconnect from 43.255.190.122: 11:  [preauth]
Apr 11 22:52:45 ovzhost sshd[1126]: PAM 2 more authentication failures; logname= uid=0 euid=0 tty=ssh ruser= rhost=43.255.190.122  user=root
Apr 11 22:52:45 ovzhost sshd[1130]: pam_unix(sshd:auth): authentication failure; logname= uid=0 euid=0 tty=ssh ruser= rhost=43.255.190.122  user=root
Apr 11 22:52:47 ovzhost sshd[1130]: Failed password for root from 43.255.190.122 port 59008 ssh2
Apr 11 22:52:48 ovzhost sshd[1128]: message repeated 2 times: [ Failed password for root from 43.255.190.124 port 55672 ssh2]
Apr 11 22:52:48 ovzhost sshd[1128]: Received disconnect from 43.255.190.124: 11:  [preauth]
Apr 11 22:52:48 ovzhost sshd[1128]: PAM 2 more authentication failures; logname= uid=0 euid=0 tty=ssh ruser= rhost=43.255.190.124  user=root
Apr 11 22:52:48 ovzhost sshd[1132]: pam_unix(sshd:auth): authentication failure; logname= uid=0 euid=0 tty=ssh ruser= rhost=43.255.190.124  user=root
Apr 11 22:52:51 ovzhost sshd[1132]: Failed password for root from 43.255.190.124 port 43757 ssh2
Apr 11 22:52:51 ovzhost sshd[1130]: message repeated 2 times: [ Failed password for root from 43.255.190.122 port 59008 ssh2]
Apr 11 22:52:51 ovzhost sshd[1130]: Received disconnect from 43.255.190.122: 11:  [preauth]
Apr 11 22:52:51 ovzhost sshd[1130]: PAM 2 more authentication failures; logname= uid=0 euid=0 tty=ssh ruser= rhost=43.255.190.122  user=root
Apr 11 22:52:51 ovzhost sshd[1134]: pam_unix(sshd:auth): authentication failure; logname= uid=0 euid=0 tty=ssh ruser= rhost=43.255.190.122  user=root
Apr 11 22:52:54 ovzhost sshd[1134]: Failed password for root from 43.255.190.122 port 45288 ssh2
Apr 11 22:52:55 ovzhost sshd[1132]: message repeated 2 times: [ Failed password for root from 43.255.190.124 port 43757 ssh2]
Apr 11 22:52:55 ovzhost sshd[1132]: Received disconnect from 43.255.190.124: 11:  [preauth]
Apr 11 22:52:55 ovzhost sshd[1132]: PAM 2 more authentication failures; logname= uid=0 euid=0 tty=ssh ruser= rhost=43.255.190.124  user=root
Apr 11 22:52:56 ovzhost sshd[1137]: pam_unix(sshd:auth): authentication failure; logname= uid=0 euid=0 tty=ssh ruser= rhost=43.255.190.124  user=root
Apr 11 22:52:58 ovzhost sshd[1134]: message repeated 2 times: [ Failed password for root from 43.255.190.122 port 45288 ssh2]
Apr 11 22:52:58 ovzhost sshd[1134]: Received disconnect from 43.255.190.122: 11:  [preauth]
Apr 11 22:52:58 ovzhost sshd[1134]: PAM 2 more authentication failures; logname= uid=0 euid=0 tty=ssh ruser= rhost=43.255.190.122  user=root
Apr 11 22:52:58 ovzhost sshd[1137]: Failed password for root from 43.255.190.124 port 33510 ssh2
Apr 11 22:52:58 ovzhost sshd[1139]: pam_unix(sshd:auth): authentication failure; logname= uid=0 euid=0 tty=ssh ruser= rhost=43.255.190.122  user=root
Apr 11 22:53:00 ovzhost sshd[1142]: Connection closed by 127.0.0.1 [preauth]
Apr 11 22:53:01 ovzhost sshd[1139]: Failed password for root from 43.255.190.122 port 33397 ssh2
Apr 11 22:53:03 ovzhost sshd[1137]: message repeated 2 times: [ Failed password for root from 43.255.190.124 port 33510 ssh2]
Apr 11 22:53:03 ovzhost sshd[1137]: Received disconnect from 43.255.190.124: 11:  [preauth]
Apr 11 22:53:03 ovzhost sshd[1137]: PAM 2 more authentication failures; logname= uid=0 euid=0 tty=ssh ruser= rhost=43.255.190.124  user=root
Apr 11 22:53:03 ovzhost sshd[1146]: pam_unix(sshd:auth): authentication failure; logname= uid=0 euid=0 tty=ssh ruser= rhost=43.255.190.124  user=root
Apr 11 22:53:04 ovzhost sshd[1139]: message repeated 2 times: [ Failed password for root from 43.255.190.122 port 33397 ssh2]
Apr 11 22:53:04 ovzhost sshd[1139]: Received disconnect from 43.255.190.122: 11:  [preauth]
Apr 11 22:53:04 ovzhost sshd[1139]: PAM 2 more authentication failures; logname= uid=0 euid=0 tty=ssh ruser= rhost=43.255.190.122  user=root
Apr 11 22:53:05 ovzhost sshd[1148]: pam_unix(sshd:auth): authentication failure; logname= uid=0 euid=0 tty=ssh ruser= rhost=43.255.190.122  user=root
Apr 11 22:53:06 ovzhost sshd[1146]: Failed password for root from 43.255.190.124 port 53364 ssh2
Apr 11 22:53:07 ovzhost sshd[1148]: Failed password for root from 43.255.190.122 port 48611 ssh2
Apr 11 22:53:09 ovzhost sshd[1146]: message repeated 2 times: [ Failed password for root from 43.255.190.124 port 53364 ssh2]
Apr 11 22:53:09 ovzhost sshd[1146]: Received disconnect from 43.255.190.124: 11:  [preauth]
Apr 11 22:53:09 ovzhost sshd[1146]: PAM 2 more authentication failures; logname= uid=0 euid=0 tty=ssh ruser= rhost=43.255.190.124  user=root
Apr 11 22:53:10 ovzhost sshd[1150]: pam_unix(sshd:auth): authentication failure; logname= uid=0 euid=0 tty=ssh ruser= rhost=43.255.190.124  user=root
Apr 11 22:53:11 ovzhost sshd[1148]: message repeated 2 times: [ Failed password for root from 43.255.190.122 port 48611 ssh2]
Apr 11 22:53:11 ovzhost sshd[1148]: Received disconnect from 43.255.190.122: 11:  [preauth]
Apr 11 22:53:11 ovzhost sshd[1148]: PAM 2 more authentication failures; logname= uid=0 euid=0 tty=ssh ruser= rhost=43.255.190.122  user=root
Apr 11 22:53:11 ovzhost sshd[1152]: pam_unix(sshd:auth): authentication failure; logname= uid=0 euid=0 tty=ssh ruser= rhost=43.255.190.122  user=root
Apr 11 22:53:12 ovzhost sshd[1150]: Failed password for root from 43.255.190.124 port 41121 ssh2
Apr 11 22:53:14 ovzhost sshd[1152]: Failed password for root from 43.255.190.122 port 35619 ssh2
Apr 11 22:53:17 ovzhost sshd[1150]: message repeated 2 times: [ Failed password for root from 43.255.190.124 port 41121 ssh2]
Apr 11 22:53:17 ovzhost sshd[1150]: Received disconnect from 43.255.190.124: 11:  [preauth]
Apr 11 22:53:17 ovzhost sshd[1150]: PAM 2 more authentication failures; logname= uid=0 euid=0 tty=ssh ruser= rhost=43.255.190.124  user=root
Apr 11 22:53:18 ovzhost sshd[1154]: pam_unix(sshd:auth): authentication failure; logname= uid=0 euid=0 tty=ssh ruser= rhost=43.255.190.124  user=root
Apr 11 22:53:18 ovzhost sshd[1152]: message repeated 2 times: [ Failed password for root from 43.255.190.122 port 35619 ssh2]
Apr 11 22:53:18 ovzhost sshd[1152]: Received disconnect from 43.255.190.122: 11:  [preauth]
Apr 11 22:53:18 ovzhost sshd[1152]: PAM 2 more authentication failures; logname= uid=0 euid=0 tty=ssh ruser= rhost=43.255.190.122  user=root
Apr 11 22:53:18 ovzhost sshd[1156]: pam_unix(sshd:auth): authentication failure; logname= uid=0 euid=0 tty=ssh ruser= rhost=43.255.190.122  user=root
Apr 11 22:53:19 ovzhost sshd[1154]: Failed password for root from 43.255.190.124 port 33196 ssh2
Apr 11 22:53:20 ovzhost sshd[1156]: Failed password for root from 43.255.190.122 port 53060 ssh2
Apr 11 22:53:23 ovzhost sshd[1154]: message repeated 2 times: [ Failed password for root from 43.255.190.124 port 33196 ssh2]
Apr 11 22:53:24 ovzhost sshd[1154]: Received disconnect from 43.255.190.124: 11:  [preauth]
Apr 11 22:53:24 ovzhost sshd[1154]: PAM 2 more authentication failures; logname= uid=0 euid=0 tty=ssh ruser= rhost=43.255.190.124  user=root
Apr 11 22:53:24 ovzhost sshd[1158]: pam_unix(sshd:auth): authentication failure; logname= uid=0 euid=0 tty=ssh ruser= rhost=43.255.190.124  user=root
Apr 11 22:53:25 ovzhost sshd[1156]: message repeated 2 times: [ Failed password for root from 43.255.190.122 port 53060 ssh2]
Apr 11 22:53:25 ovzhost sshd[1156]: Received disconnect from 43.255.190.122: 11:  [preauth]
Apr 11 22:53:25 ovzhost sshd[1156]: PAM 2 more authentication failures; logname= uid=0 euid=0 tty=ssh ruser= rhost=43.255.190.122  user=root
Apr 11 22:53:25 ovzhost sshd[1160]: pam_unix(sshd:auth): authentication failure; logname= uid=0 euid=0 tty=ssh ruser= rhost=43.255.190.122  user=root
Apr 11 22:53:26 ovzhost sshd[1158]: Failed password for root from 43.255.190.124 port 50913 ssh2
Apr 11 22:53:27 ovzhost sshd[1160]: Failed password for root from 43.255.190.122 port 41914 ssh2
Apr 11 22:53:30 ovzhost sshd[1158]: message repeated 2 times: [ Failed password for root from 43.255.190.124 port 50913 ssh2]
Apr 11 22:53:30 ovzhost sshd[1158]: Received disconnect from 43.255.190.124: 11:  [preauth]
Apr 11 22:53:30 ovzhost sshd[1158]: PAM 2 more authentication failures; logname= uid=0 euid=0 tty=ssh ruser= rhost=43.255.190.124  user=root
Apr 11 22:53:30 ovzhost sshd[1160]: message repeated 2 times: [ Failed password for root from 43.255.190.122 port 41914 ssh2]
Apr 11 22:53:31 ovzhost sshd[1160]: Received disconnect from 43.255.190.122: 11:  [preauth]
Apr 11 22:53:31 ovzhost sshd[1160]: PAM 2 more authentication failures; logname= uid=0 euid=0 tty=ssh ruser= rhost=43.255.190.122  user=root
Apr 11 22:53:31 ovzhost sshd[1162]: pam_unix(sshd:auth): authentication failure; logname= uid=0 euid=0 tty=ssh ruser= rhost=43.255.190.124  user=root
Apr 11 22:53:31 ovzhost sshd[1164]: pam_unix(sshd:auth): authentication failure; logname= uid=0 euid=0 tty=ssh ruser= rhost=43.255.190.122  user=root
Apr 11 22:53:33 ovzhost sshd[1162]: Failed password for root from 43.255.190.124 port 41370 ssh2
Apr 11 22:53:33 ovzhost sshd[1164]: Failed password for root from 43.255.190.122 port 58095 ssh2
Apr 11 22:53:38 ovzhost sshd[1162]: message repeated 2 times: [ Failed password for root from 43.255.190.124 port 41370 ssh2]
Apr 11 22:53:38 ovzhost sshd[1162]: Received disconnect from 43.255.190.124: 11:  [preauth]
Apr 11 22:53:38 ovzhost sshd[1162]: PAM 2 more authentication failures; logname= uid=0 euid=0 tty=ssh ruser= rhost=43.255.190.124  user=root
Apr 11 22:53:38 ovzhost sshd[1164]: message repeated 2 times: [ Failed password for root from 43.255.190.122 port 58095 ssh2]
Apr 11 22:53:38 ovzhost sshd[1164]: Received disconnect from 43.255.190.122: 11:  [preauth]
Apr 11 22:53:38 ovzhost sshd[1164]: PAM 2 more authentication failures; logname= uid=0 euid=0 tty=ssh ruser= rhost=43.255.190.122  user=root
Apr 11 22:53:38 ovzhost sshd[1166]: pam_unix(sshd:auth): authentication failure; logname= uid=0 euid=0 tty=ssh ruser= rhost=43.255.190.124  user=root
Apr 11 22:53:38 ovzhost sshd[1168]: pam_unix(sshd:auth): authentication failure; logname= uid=0 euid=0 tty=ssh ruser= rhost=43.255.190.122  user=root
Apr 11 22:53:40 ovzhost sshd[1166]: Failed password for root from 43.255.190.124 port 60048 ssh2
Apr 11 22:53:40 ovzhost sshd[1168]: Failed password for root from 43.255.190.122 port 47947 ssh2
Apr 11 22:53:45 ovzhost sshd[1166]: message repeated 2 times: [ Failed password for root from 43.255.190.124 port 60048 ssh2]
Apr 11 22:53:45 ovzhost sshd[1166]: Received disconnect from 43.255.190.124: 11:  [preauth]
Apr 11 22:53:45 ovzhost sshd[1166]: PAM 2 more authentication failures; logname= uid=0 euid=0 tty=ssh ruser= rhost=43.255.190.124  user=root
Apr 11 22:53:45 ovzhost sshd[1168]: message repeated 2 times: [ Failed password for root from 43.255.190.122 port 47947 ssh2]
Apr 11 22:53:45 ovzhost sshd[1168]: Received disconnect from 43.255.190.122: 11:  [preauth]
Apr 11 22:53:45 ovzhost sshd[1168]: PAM 2 more authentication failures; logname= uid=0 euid=0 tty=ssh ruser= rhost=43.255.190.122  user=root
Apr 11 22:53:45 ovzhost sshd[1170]: pam_unix(sshd:auth): authentication failure; logname= uid=0 euid=0 tty=ssh ruser= rhost=43.255.190.124  user=root
Apr 11 22:53:46 ovzhost sshd[1172]: pam_unix(sshd:auth): authentication failure; logname= uid=0 euid=0 tty=ssh ruser= rhost=43.255.190.122  user=root
Apr 11 22:53:48 ovzhost sshd[1172]: Failed password for root from 43.255.190.122 port 38489 ssh2
Apr 11 22:53:48 ovzhost sshd[1170]: Failed password for root from 43.255.190.124 port 51182 ssh2
Apr 11 22:53:52 ovzhost sshd[1172]: message repeated 2 times: [ Failed password for root from 43.255.190.122 port 38489 ssh2]
Apr 11 22:53:52 ovzhost sshd[1172]: Received disconnect from 43.255.190.122: 11:  [preauth]
Apr 11 22:53:52 ovzhost sshd[1172]: PAM 2 more authentication failures; logname= uid=0 euid=0 tty=ssh ruser= rhost=43.255.190.122  user=root
Apr 11 22:53:52 ovzhost sshd[1170]: message repeated 2 times: [ Failed password for root from 43.255.190.124 port 51182 ssh2]
Apr 11 22:53:52 ovzhost sshd[1170]: Received disconnect from 43.255.190.124: 11:  [preauth]
Apr 11 22:53:52 ovzhost sshd[1170]: PAM 2 more authentication failures; logname= uid=0 euid=0 tty=ssh ruser= rhost=43.255.190.124  user=root
Apr 11 22:53:53 ovzhost sshd[1174]: pam_unix(sshd:auth): authentication failure; logname= uid=0 euid=0 tty=ssh ruser= rhost=43.255.190.122  user=root
Apr 11 22:53:53 ovzhost sshd[1176]: pam_unix(sshd:auth): authentication failure; logname= uid=0 euid=0 tty=ssh ruser= rhost=43.255.190.124  user=root
Apr 11 22:53:55 ovzhost sshd[1174]: Failed password for root from 43.255.190.122 port 56216 ssh2
Apr 11 22:53:55 ovzhost sshd[1176]: Failed password for root from 43.255.190.124 port 40626 ssh2
Apr 11 22:53:58 ovzhost sshd[1174]: message repeated 2 times: [ Failed password for root from 43.255.190.122 port 56216 ssh2]
Apr 11 22:53:58 ovzhost sshd[1174]: Received disconnect from 43.255.190.122: 11:  [preauth]
Apr 11 22:53:58 ovzhost sshd[1174]: PAM 2 more authentication failures; logname= uid=0 euid=0 tty=ssh ruser= rhost=43.255.190.122  user=root
Apr 11 22:53:58 ovzhost sshd[1176]: message repeated 2 times: [ Failed password for root from 43.255.190.124 port 40626 ssh2]
Apr 11 22:53:58 ovzhost sshd[1176]: Received disconnect from 43.255.190.124: 11:  [preauth]
Apr 11 22:53:58 ovzhost sshd[1176]: PAM 2 more authentication failures; logname= uid=0 euid=0 tty=ssh ruser= rhost=43.255.190.124  user=root
Apr 11 22:53:59 ovzhost sshd[1180]: pam_unix(sshd:auth): authentication failure; logname= uid=0 euid=0 tty=ssh ruser= rhost=43.255.190.122  user=root
Apr 11 22:53:59 ovzhost sshd[1182]: pam_unix(sshd:auth): authentication failure; logname= uid=0 euid=0 tty=ssh ruser= rhost=43.255.190.124  user=root
Apr 11 22:54:01 ovzhost sshd[1180]: Failed password for root from 43.255.190.122 port 44010 ssh2
Apr 11 22:54:01 ovzhost sshd[1182]: Failed password for root from 43.255.190.124 port 56961 ssh2
Apr 11 22:54:05 ovzhost sshd[1180]: message repeated 2 times: [ Failed password for root from 43.255.190.122 port 44010 ssh2]
Apr 11 22:54:05 ovzhost sshd[1180]: Received disconnect from 43.255.190.122: 11:  [preauth]
Apr 11 22:54:05 ovzhost sshd[1180]: PAM 2 more authentication failures; logname= uid=0 euid=0 tty=ssh ruser= rhost=43.255.190.122  user=root
Apr 11 22:54:05 ovzhost sshd[1182]: message repeated 2 times: [ Failed password for root from 43.255.190.124 port 56961 ssh2]
Apr 11 22:54:05 ovzhost sshd[1182]: Received disconnect from 43.255.190.124: 11:  [preauth]
Apr 11 22:54:05 ovzhost sshd[1182]: PAM 2 more authentication failures; logname= uid=0 euid=0 tty=ssh ruser= rhost=43.255.190.124  user=root
Apr 11 22:54:05 ovzhost sshd[1184]: pam_unix(sshd:auth): authentication failure; logname= uid=0 euid=0 tty=ssh ruser= rhost=43.255.190.122  user=root
Apr 11 22:54:05 ovzhost sshd[1186]: pam_unix(sshd:auth): authentication failure; logname= uid=0 euid=0 tty=ssh ruser= rhost=43.255.190.124  user=root
Apr 11 22:54:08 ovzhost sshd[1184]: Failed password for root from 43.255.190.122 port 60928 ssh2
Apr 11 22:54:08 ovzhost sshd[1186]: Failed password for root from 43.255.190.124 port 45790 ssh2
Apr 11 22:54:12 ovzhost sshd[1184]: message repeated 2 times: [ Failed password for root from 43.255.190.122 port 60928 ssh2]
Apr 11 22:54:12 ovzhost sshd[1184]: Received disconnect from 43.255.190.122: 11:  [preauth]
Apr 11 22:54:12 ovzhost sshd[1184]: PAM 2 more authentication failures; logname= uid=0 euid=0 tty=ssh ruser= rhost=43.255.190.122  user=root
Apr 11 22:54:12 ovzhost sshd[1186]: message repeated 2 times: [ Failed password for root from 43.255.190.124 port 45790 ssh2]
Apr 11 22:54:12 ovzhost sshd[1186]: Received disconnect from 43.255.190.124: 11:  [preauth]
Apr 11 22:54:12 ovzhost sshd[1186]: PAM 2 more authentication failures; logname= uid=0 euid=0 tty=ssh ruser= rhost=43.255.190.124  user=root
Apr 11 22:54:13 ovzhost sshd[1189]: pam_unix(sshd:auth): authentication failure; logname= uid=0 euid=0 tty=ssh ruser= rhost=43.255.190.122  user=root
Apr 11 22:54:13 ovzhost sshd[1191]: pam_unix(sshd:auth): authentication failure; logname= uid=0 euid=0 tty=ssh ruser= rhost=43.255.190.124  user=root
Apr 11 22:54:14 ovzhost sshd[1189]: Failed password for root from 43.255.190.122 port 51848 ssh2
Apr 11 22:54:14 ovzhost sshd[1191]: Failed password for root from 43.255.190.124 port 35648 ssh2
Apr 11 22:54:19 ovzhost sshd[1189]: message repeated 2 times: [ Failed password for root from 43.255.190.122 port 51848 ssh2]
Apr 11 22:54:19 ovzhost sshd[1189]: Received disconnect from 43.255.190.122: 11:  [preauth]
Apr 11 22:54:19 ovzhost sshd[1189]: PAM 2 more authentication failures; logname= uid=0 euid=0 tty=ssh ruser= rhost=43.255.190.122  user=root
Apr 11 22:54:19 ovzhost sshd[1191]: message repeated 2 times: [ Failed password for root from 43.255.190.124 port 35648 ssh2]
Apr 11 22:54:19 ovzhost sshd[1191]: Received disconnect from 43.255.190.124: 11:  [preauth]
Apr 11 22:54:19 ovzhost sshd[1191]: PAM 2 more authentication failures; logname= uid=0 euid=0 tty=ssh ruser= rhost=43.255.190.124  user=root
Apr 11 22:54:20 ovzhost sshd[1193]: pam_unix(sshd:auth): authentication failure; logname= uid=0 euid=0 tty=ssh ruser= rhost=43.255.190.122  user=root
Apr 11 22:54:20 ovzhost sshd[1195]: pam_unix(sshd:auth): authentication failure; logname= uid=0 euid=0 tty=ssh ruser= rhost=43.255.190.124  user=root
Apr 11 22:54:22 ovzhost sshd[1193]: Failed password for root from 43.255.190.122 port 42005 ssh2
Apr 11 22:54:22 ovzhost sshd[1195]: Failed password for root from 43.255.190.124 port 52543 ssh2
Apr 11 22:54:26 ovzhost sshd[1193]: message repeated 2 times: [ Failed password for root from 43.255.190.122 port 42005 ssh2]
Apr 11 22:54:26 ovzhost sshd[1193]: Received disconnect from 43.255.190.122: 11:  [preauth]
Apr 11 22:54:26 ovzhost sshd[1195]: message repeated 2 times: [ Failed password for root from 43.255.190.124 port 52543 ssh2]
Apr 11 22:54:26 ovzhost sshd[1195]: Received disconnect from 43.255.190.124: 11:  [preauth]
Apr 11 22:54:26 ovzhost sshd[1195]: PAM 2 more authentication failures; logname= uid=0 euid=0 tty=ssh ruser= rhost=43.255.190.124  user=root
Apr 11 22:54:26 ovzhost sshd[1193]: PAM 2 more authentication failures; logname= uid=0 euid=0 tty=ssh ruser= rhost=43.255.190.122  user=root
Apr 11 22:54:27 ovzhost sshd[1198]: pam_unix(sshd:auth): authentication failure; logname= uid=0 euid=0 tty=ssh ruser= rhost=43.255.190.124  user=root
Apr 11 22:54:27 ovzhost sshd[1197]: pam_unix(sshd:auth): authentication failure; logname= uid=0 euid=0 tty=ssh ruser= rhost=43.255.190.122  user=root
Apr 11 22:54:29 ovzhost sshd[1198]: Failed password for root from 43.255.190.124 port 42079 ssh2
Apr 11 22:54:29 ovzhost sshd[1197]: Failed password for root from 43.255.190.122 port 33225 ssh2
Apr 11 22:54:34 ovzhost sshd[1198]: message repeated 2 times: [ Failed password for root from 43.255.190.124 port 42079 ssh2]
Apr 11 22:54:34 ovzhost sshd[1198]: Received disconnect from 43.255.190.124: 11:  [preauth]
Apr 11 22:54:34 ovzhost sshd[1198]: PAM 2 more authentication failures; logname= uid=0 euid=0 tty=ssh ruser= rhost=43.255.190.124  user=root
Apr 11 22:54:34 ovzhost sshd[1197]: message repeated 2 times: [ Failed password for root from 43.255.190.122 port 33225 ssh2]
Apr 11 22:54:34 ovzhost sshd[1197]: Received disconnect from 43.255.190.122: 11:  [preauth]
Apr 11 22:54:34 ovzhost sshd[1197]: PAM 2 more authentication failures; logname= uid=0 euid=0 tty=ssh ruser= rhost=43.255.190.122  user=root
Apr 11 22:58:00 ovzhost sshd[1214]: Connection closed by 127.0.0.1 [preauth]
Apr 11 22:58:53 ovzhost sshd[1220]: Did not receive identification string from 146.0.77.238
Apr 11 23:00:01 ovzhost CRON[1226]: pam_env(cron:session): Unable to open env file: /etc/default/locale: No such file or directory
Apr 11 23:00:01 ovzhost CRON[1226]: pam_unix(cron:session): session opened for user smmsp by (uid=0)
Apr 11 23:00:01 ovzhost CRON[1226]: pam_unix(cron:session): session closed for user smmsp
Apr 11 23:00:26 ovzhost sshd[1255]: Connection closed by 128.8.37.104 [preauth]
Apr 11 23:02:57 ovzhost sshd[1265]: Invalid user guest from 45.55.147.43
Apr 11 23:02:57 ovzhost sshd[1265]: input_userauth_request: invalid user guest [preauth]
Apr 11 23:02:57 ovzhost sshd[1265]: pam_unix(sshd:auth): check pass; user unknown
Apr 11 23:02:57 ovzhost sshd[1265]: pam_unix(sshd:auth): authentication failure; logname= uid=0 euid=0 tty=ssh ruser= rhost=45.55.147.43 
Apr 11 23:02:58 ovzhost sshd[1265]: Failed password for invalid user guest from 45.55.147.43 port 44026 ssh2
Apr 11 23:02:58 ovzhost sshd[1265]: Connection closed by 45.55.147.43 [preauth]
Apr 11 23:03:00 ovzhost sshd[1268]: Connection closed by 127.0.0.1 [preauth]
Apr 11 23:08:00 ovzhost sshd[1288]: Connection closed by 127.0.0.1 [preauth]
Apr 11 23:09:01 ovzhost CRON[1297]: pam_env(cron:session): Unable to open env file: /etc/default/locale: No such file or directory
Apr 11 23:09:01 ovzhost CRON[1296]: pam_env(cron:session): Unable to open env file: /etc/default/locale: No such file or directory
Apr 11 23:09:01 ovzhost CRON[1297]: pam_unix(cron:session): session opened for user root by (uid=0)
Apr 11 23:09:01 ovzhost CRON[1296]: pam_unix(cron:session): session opened for user root by (uid=0)
Apr 11 23:09:01 ovzhost CRON[1296]: pam_unix(cron:session): session closed for user root
Apr 11 23:09:01 ovzhost CRON[1297]: pam_unix(cron:session): session closed for user root
Apr 11 23:10:26 ovzhost sshd[1316]: Connection closed by 128.8.37.104 [preauth]
Apr 11 23:12:30 ovzhost sshd[1325]: pam_unix(sshd:auth): authentication failure; logname= uid=0 euid=0 tty=ssh ruser= rhost=43.255.190.163  user=root
Apr 11 23:12:32 ovzhost sshd[1325]: Failed password for root from 43.255.190.163 port 52227 ssh2
Apr 11 23:12:36 ovzhost sshd[1325]: message repeated 2 times: [ Failed password for root from 43.255.190.163 port 52227 ssh2]
Apr 11 23:12:36 ovzhost sshd[1325]: Received disconnect from 43.255.190.163: 11:  [preauth]
Apr 11 23:12:36 ovzhost sshd[1325]: PAM 2 more authentication failures; logname= uid=0 euid=0 tty=ssh ruser= rhost=43.255.190.163  user=root
Apr 11 23:12:37 ovzhost sshd[1327]: pam_unix(sshd:auth): authentication failure; logname= uid=0 euid=0 tty=ssh ruser= rhost=43.255.190.163  user=root
Apr 11 23:12:38 ovzhost sshd[1327]: Failed password for root from 43.255.190.163 port 39540 ssh2
Apr 11 23:12:42 ovzhost sshd[1327]: message repeated 2 times: [ Failed password for root from 43.255.190.163 port 39540 ssh2]
Apr 11 23:12:42 ovzhost sshd[1327]: Received disconnect from 43.255.190.163: 11:  [preauth]
Apr 11 23:12:42 ovzhost sshd[1327]: PAM 2 more authentication failures; logname= uid=0 euid=0 tty=ssh ruser= rhost=43.255.190.163  user=root
Apr 11 23:12:43 ovzhost sshd[1329]: pam_unix(sshd:auth): authentication failure; logname= uid=0 euid=0 tty=ssh ruser= rhost=43.255.190.163  user=root
Apr 11 23:12:45 ovzhost sshd[1329]: Failed password for root from 43.255.190.163 port 55633 ssh2
Apr 11 23:12:47 ovzhost sshd[1331]: pam_unix(sshd:auth): authentication failure; logname= uid=0 euid=0 tty=ssh ruser= rhost=43.255.190.120  user=root
Apr 11 23:12:49 ovzhost sshd[1331]: Failed password for root from 43.255.190.120 port 36271 ssh2
Apr 11 23:12:49 ovzhost sshd[1329]: message repeated 2 times: [ Failed password for root from 43.255.190.163 port 55633 ssh2]
Apr 11 23:12:49 ovzhost sshd[1329]: Received disconnect from 43.255.190.163: 11:  [preauth]
Apr 11 23:12:49 ovzhost sshd[1329]: PAM 2 more authentication failures; logname= uid=0 euid=0 tty=ssh ruser= rhost=43.255.190.163  user=root
Apr 11 23:12:50 ovzhost sshd[1333]: pam_unix(sshd:auth): authentication failure; logname= uid=0 euid=0 tty=ssh ruser= rhost=43.255.190.163  user=root
Apr 11 23:12:52 ovzhost sshd[1333]: Failed password for root from 43.255.190.163 port 43590 ssh2
Apr 11 23:12:53 ovzhost sshd[1331]: message repeated 2 times: [ Failed password for root from 43.255.190.120 port 36271 ssh2]
Apr 11 23:12:53 ovzhost sshd[1331]: Received disconnect from 43.255.190.120: 11:  [preauth]
Apr 11 23:12:53 ovzhost sshd[1331]: PAM 2 more authentication failures; logname= uid=0 euid=0 tty=ssh ruser= rhost=43.255.190.120  user=root
Apr 11 23:12:54 ovzhost sshd[1336]: pam_unix(sshd:auth): authentication failure; logname= uid=0 euid=0 tty=ssh ruser= rhost=43.255.190.120  user=root
Apr 11 23:12:56 ovzhost sshd[1336]: Failed password for root from 43.255.190.120 port 53396 ssh2
Apr 11 23:12:57 ovzhost sshd[1333]: message repeated 2 times: [ Failed password for root from 43.255.190.163 port 43590 ssh2]
Apr 11 23:12:57 ovzhost sshd[1333]: Received disconnect from 43.255.190.163: 11:  [preauth]
Apr 11 23:12:57 ovzhost sshd[1333]: PAM 2 more authentication failures; logname= uid=0 euid=0 tty=ssh ruser= rhost=43.255.190.163  user=root
Apr 11 23:12:58 ovzhost sshd[1338]: pam_unix(sshd:auth): authentication failure; logname= uid=0 euid=0 tty=ssh ruser= rhost=43.255.190.163  user=root
Apr 11 23:12:59 ovzhost sshd[1338]: Failed password for root from 43.255.190.163 port 34137 ssh2
Apr 11 23:13:00 ovzhost sshd[1336]: message repeated 2 times: [ Failed password for root from 43.255.190.120 port 53396 ssh2]
Apr 11 23:13:00 ovzhost sshd[1336]: Received disconnect from 43.255.190.120: 11:  [preauth]
Apr 11 23:13:00 ovzhost sshd[1336]: PAM 2 more authentication failures; logname= uid=0 euid=0 tty=ssh ruser= rhost=43.255.190.120  user=root
Apr 11 23:13:00 ovzhost sshd[1343]: Connection closed by 127.0.0.1 [preauth]
Apr 11 23:13:00 ovzhost sshd[1340]: pam_unix(sshd:auth): authentication failure; logname= uid=0 euid=0 tty=ssh ruser= rhost=43.255.190.120  user=root
Apr 11 23:13:02 ovzhost sshd[1340]: Failed password for root from 43.255.190.120 port 42304 ssh2
Apr 11 23:13:03 ovzhost sshd[1338]: message repeated 2 times: [ Failed password for root from 43.255.190.163 port 34137 ssh2]
Apr 11 23:13:03 ovzhost sshd[1338]: Received disconnect from 43.255.190.163: 11:  [preauth]
Apr 11 23:13:03 ovzhost sshd[1338]: PAM 2 more authentication failures; logname= uid=0 euid=0 tty=ssh ruser= rhost=43.255.190.163  user=root
Apr 11 23:13:04 ovzhost sshd[1345]: pam_unix(sshd:auth): authentication failure; logname= uid=0 euid=0 tty=ssh ruser= rhost=43.255.190.163  user=root
Apr 11 23:13:06 ovzhost sshd[1345]: Failed password for root from 43.255.190.163 port 49864 ssh2
Apr 11 23:13:06 ovzhost sshd[1340]: message repeated 2 times: [ Failed password for root from 43.255.190.120 port 42304 ssh2]
Apr 11 23:13:06 ovzhost sshd[1340]: Received disconnect from 43.255.190.120: 11:  [preauth]
Apr 11 23:13:06 ovzhost sshd[1340]: PAM 2 more authentication failures; logname= uid=0 euid=0 tty=ssh ruser= rhost=43.255.190.120  user=root
Apr 11 23:13:07 ovzhost sshd[1347]: pam_unix(sshd:auth): authentication failure; logname= uid=0 euid=0 tty=ssh ruser= rhost=43.255.190.120  user=root
Apr 11 23:13:09 ovzhost sshd[1347]: Failed password for root from 43.255.190.120 port 58777 ssh2
