Apr  2 14:31:44 ovzhost sshd[780]: Connection closed by 127.0.0.1 [preauth]
Apr  2 14:35:40 ovzhost sshd[811]: Connection closed by 128.8.37.120 [preauth]
Apr  2 14:36:44 ovzhost sshd[820]: Connection closed by 127.0.0.1 [preauth]
Apr  9 12:31:02 ovzhost sshd[712]: Invalid user report from 221.146.74.146
Apr  9 12:31:02 ovzhost sshd[712]: input_userauth_request: invalid user report [preauth]
Apr  9 12:31:02 ovzhost sshd[712]: pam_unix(sshd:auth): check pass; user unknown
Apr  9 12:31:02 ovzhost sshd[712]: pam_unix(sshd:auth): authentication failure; logname= uid=0 euid=0 tty=ssh ruser= rhost=221.146.74.146 
Apr  9 12:31:04 ovzhost sshd[712]: Failed password for invalid user report from 221.146.74.146 port 36156 ssh2
Apr  9 12:31:04 ovzhost sshd[712]: Connection closed by 221.146.74.146 [preauth]
Apr  9 12:32:51 ovzhost sshd[784]: Connection closed by 127.0.0.1 [preauth]
Apr  9 12:35:50 ovzhost sshd[799]: Connection closed by 128.8.37.120 [preauth]
Apr  9 12:37:51 ovzhost sshd[809]: Connection closed by 127.0.0.1 [preauth]
Apr  9 12:39:01 ovzhost CRON[817]: pam_env(cron:session): Unable to open env file: /etc/default/locale: No such file or directory
Apr  9 12:39:01 ovzhost CRON[817]: pam_unix(cron:session): session opened for user root by (uid=0)
Apr  9 12:39:01 ovzhost CRON[817]: pam_unix(cron:session): session closed for user root
Apr  9 12:40:01 ovzhost CRON[830]: pam_env(cron:session): Unable to open env file: /etc/default/locale: No such file or directory
Apr  9 12:40:01 ovzhost CRON[830]: pam_unix(cron:session): session opened for user smmsp by (uid=0)
Apr  9 12:40:01 ovzhost CRON[830]: pam_unix(cron:session): session closed for user smmsp
Apr  9 12:42:07 ovzhost sshd[861]: pam_unix(sshd:auth): authentication failure; logname= uid=0 euid=0 tty=ssh ruser= rhost=222.219.187.9  user=root
Apr  9 12:42:08 ovzhost sshd[861]: Failed password for root from 222.219.187.9 port 60308 ssh2
Apr  9 12:42:09 ovzhost sshd[861]: Received disconnect from 222.219.187.9: 11: Bye Bye [preauth]
Apr  9 12:42:11 ovzhost sshd[863]: pam_unix(sshd:auth): authentication failure; logname= uid=0 euid=0 tty=ssh ruser= rhost=222.219.187.9  user=root
Apr  9 12:42:13 ovzhost sshd[863]: Failed password for root from 222.219.187.9 port 61226 ssh2
Apr  9 12:42:14 ovzhost sshd[863]: Received disconnect from 222.219.187.9: 11: Bye Bye [preauth]
Apr  9 12:42:16 ovzhost sshd[865]: pam_unix(sshd:auth): authentication failure; logname= uid=0 euid=0 tty=ssh ruser= rhost=222.219.187.9  user=root
Apr  9 12:42:18 ovzhost sshd[865]: Failed password for root from 222.219.187.9 port 62453 ssh2
Apr  9 12:42:18 ovzhost sshd[865]: Received disconnect from 222.219.187.9: 11: Bye Bye [preauth]
Apr  9 12:42:20 ovzhost sshd[870]: pam_unix(sshd:auth): authentication failure; logname= uid=0 euid=0 tty=ssh ruser= rhost=222.219.187.9  user=root
Apr  9 12:42:22 ovzhost sshd[870]: Failed password for root from 222.219.187.9 port 63540 ssh2
Apr  9 12:42:23 ovzhost sshd[870]: Received disconnect from 222.219.187.9: 11: Bye Bye [preauth]
Apr  9 12:42:24 ovzhost sshd[872]: Invalid user avconroot from 222.219.187.9
Apr  9 12:42:24 ovzhost sshd[872]: input_userauth_request: invalid user avconroot [preauth]
Apr  9 12:42:24 ovzhost sshd[872]: pam_unix(sshd:auth): check pass; user unknown
Apr  9 12:42:24 ovzhost sshd[872]: pam_unix(sshd:auth): authentication failure; logname= uid=0 euid=0 tty=ssh ruser= rhost=222.219.187.9 
Apr  9 12:42:27 ovzhost sshd[872]: Failed password for invalid user avconroot from 222.219.187.9 port 64618 ssh2
Apr  9 12:42:27 ovzhost sshd[872]: Received disconnect from 222.219.187.9: 11: Bye Bye [preauth]
Apr  9 12:42:29 ovzhost sshd[874]: Invalid user avconroot from 222.219.187.9
Apr  9 12:42:29 ovzhost sshd[874]: input_userauth_request: invalid user avconroot [preauth]
Apr  9 12:42:29 ovzhost sshd[874]: pam_unix(sshd:auth): check pass; user unknown
Apr  9 12:42:29 ovzhost sshd[874]: pam_unix(sshd:auth): authentication failure; logname= uid=0 euid=0 tty=ssh ruser= rhost=222.219.187.9 
Apr  9 12:42:31 ovzhost sshd[874]: Failed password for invalid user avconroot from 222.219.187.9 port 1594 ssh2
Apr  9 12:42:31 ovzhost sshd[874]: Received disconnect from 222.219.187.9: 11: Bye Bye [preauth]
Apr  9 12:42:33 ovzhost sshd[876]: Invalid user avconroot from 222.219.187.9
Apr  9 12:42:33 ovzhost sshd[876]: input_userauth_request: invalid user avconroot [preauth]
Apr  9 12:42:33 ovzhost sshd[876]: pam_unix(sshd:auth): check pass; user unknown
Apr  9 12:42:33 ovzhost sshd[876]: pam_unix(sshd:auth): authentication failure; logname= uid=0 euid=0 tty=ssh ruser= rhost=222.219.187.9 
Apr  9 12:42:35 ovzhost sshd[876]: Failed password for invalid user avconroot from 222.219.187.9 port 2433 ssh2
Apr  9 12:42:35 ovzhost sshd[876]: Received disconnect from 222.219.187.9: 11: Bye Bye [preauth]
Apr  9 12:42:37 ovzhost sshd[878]: Invalid user webmaster from 222.219.187.9
Apr  9 12:42:37 ovzhost sshd[878]: input_userauth_request: invalid user webmaster [preauth]
Apr  9 12:42:37 ovzhost sshd[878]: pam_unix(sshd:auth): check pass; user unknown
Apr  9 12:42:37 ovzhost sshd[878]: pam_unix(sshd:auth): authentication failure; logname= uid=0 euid=0 tty=ssh ruser= rhost=222.219.187.9 
Apr  9 12:42:39 ovzhost sshd[878]: Failed password for invalid user webmaster from 222.219.187.9 port 3376 ssh2
Apr  9 12:42:39 ovzhost sshd[878]: Received disconnect from 222.219.187.9: 11: Bye Bye [preauth]
Apr  9 12:42:41 ovzhost sshd[880]: Invalid user tomcat from 222.219.187.9
Apr  9 12:42:41 ovzhost sshd[880]: input_userauth_request: invalid user tomcat [preauth]
Apr  9 12:42:41 ovzhost sshd[880]: pam_unix(sshd:auth): check pass; user unknown
Apr  9 12:42:41 ovzhost sshd[880]: pam_unix(sshd:auth): authentication failure; logname= uid=0 euid=0 tty=ssh ruser= rhost=222.219.187.9 
Apr  9 12:42:43 ovzhost sshd[880]: Failed password for invalid user tomcat from 222.219.187.9 port 4364 ssh2
Apr  9 12:42:43 ovzhost sshd[880]: Received disconnect from 222.219.187.9: 11: Bye Bye [preauth]
Apr  9 12:42:45 ovzhost sshd[882]: Invalid user tomcat7 from 222.219.187.9
Apr  9 12:42:45 ovzhost sshd[882]: input_userauth_request: invalid user tomcat7 [preauth]
Apr  9 12:42:45 ovzhost sshd[882]: pam_unix(sshd:auth): check pass; user unknown
Apr  9 12:42:45 ovzhost sshd[882]: pam_unix(sshd:auth): authentication failure; logname= uid=0 euid=0 tty=ssh ruser= rhost=222.219.187.9 
Apr  9 12:42:47 ovzhost sshd[882]: Failed password for invalid user tomcat7 from 222.219.187.9 port 5328 ssh2
Apr  9 12:42:48 ovzhost sshd[882]: Received disconnect from 222.219.187.9: 11: Bye Bye [preauth]
Apr  9 12:42:49 ovzhost sshd[885]: Invalid user oracle from 222.219.187.9
Apr  9 12:42:49 ovzhost sshd[885]: input_userauth_request: invalid user oracle [preauth]
Apr  9 12:42:49 ovzhost sshd[885]: pam_unix(sshd:auth): check pass; user unknown
Apr  9 12:42:49 ovzhost sshd[885]: pam_unix(sshd:auth): authentication failure; logname= uid=0 euid=0 tty=ssh ruser= rhost=222.219.187.9 
Apr  9 12:42:51 ovzhost sshd[888]: Connection closed by 127.0.0.1 [preauth]
Apr  9 12:42:52 ovzhost sshd[885]: Failed password for invalid user oracle from 222.219.187.9 port 6340 ssh2
Apr  9 12:42:52 ovzhost sshd[885]: Received disconnect from 222.219.187.9: 11: Bye Bye [preauth]
Apr  9 12:42:54 ovzhost sshd[890]: Invalid user oracle from 222.219.187.9
Apr  9 12:42:54 ovzhost sshd[890]: input_userauth_request: invalid user oracle [preauth]
Apr  9 12:42:54 ovzhost sshd[890]: pam_unix(sshd:auth): check pass; user unknown
Apr  9 12:42:54 ovzhost sshd[890]: pam_unix(sshd:auth): authentication failure; logname= uid=0 euid=0 tty=ssh ruser= rhost=222.219.187.9 
Apr  9 12:42:56 ovzhost sshd[890]: Failed password for invalid user oracle from 222.219.187.9 port 7437 ssh2
Apr  9 12:42:56 ovzhost sshd[890]: Received disconnect from 222.219.187.9: 11: Bye Bye [preauth]
Apr  9 12:42:58 ovzhost sshd[892]: Invalid user zxin10 from 222.219.187.9
Apr  9 12:42:58 ovzhost sshd[892]: input_userauth_request: invalid user zxin10 [preauth]
Apr  9 12:42:58 ovzhost sshd[892]: pam_unix(sshd:auth): check pass; user unknown
Apr  9 12:42:58 ovzhost sshd[892]: pam_unix(sshd:auth): authentication failure; logname= uid=0 euid=0 tty=ssh ruser= rhost=222.219.187.9 
Apr  9 12:43:00 ovzhost sshd[892]: Failed password for invalid user zxin10 from 222.219.187.9 port 8449 ssh2
Apr  9 12:43:01 ovzhost sshd[892]: Received disconnect from 222.219.187.9: 11: Bye Bye [preauth]
Apr  9 12:43:03 ovzhost sshd[894]: Invalid user hadoop from 222.219.187.9
Apr  9 12:43:03 ovzhost sshd[894]: input_userauth_request: invalid user hadoop [preauth]
Apr  9 12:43:03 ovzhost sshd[894]: pam_unix(sshd:auth): check pass; user unknown
Apr  9 12:43:03 ovzhost sshd[894]: pam_unix(sshd:auth): authentication failure; logname= uid=0 euid=0 tty=ssh ruser= rhost=222.219.187.9 
Apr  9 12:43:04 ovzhost sshd[894]: Failed password for invalid user hadoop from 222.219.187.9 port 9595 ssh2
Apr  9 12:43:05 ovzhost sshd[894]: Received disconnect from 222.219.187.9: 11: Bye Bye [preauth]
Apr  9 12:43:07 ovzhost sshd[896]: Invalid user app from 222.219.187.9
Apr  9 12:43:07 ovzhost sshd[896]: input_userauth_request: invalid user app [preauth]
Apr  9 12:43:07 ovzhost sshd[896]: pam_unix(sshd:auth): check pass; user unknown
Apr  9 12:43:07 ovzhost sshd[896]: pam_unix(sshd:auth): authentication failure; logname= uid=0 euid=0 tty=ssh ruser= rhost=222.219.187.9 
Apr  9 12:43:09 ovzhost sshd[896]: Failed password for invalid user app from 222.219.187.9 port 10652 ssh2
Apr  9 12:43:09 ovzhost sshd[896]: Received disconnect from 222.219.187.9: 11: Bye Bye [preauth]
Apr  9 12:43:11 ovzhost sshd[898]: Invalid user user05 from 222.219.187.9
Apr  9 12:43:11 ovzhost sshd[898]: input_userauth_request: invalid user user05 [preauth]
Apr  9 12:43:11 ovzhost sshd[898]: pam_unix(sshd:auth): check pass; user unknown
Apr  9 12:43:11 ovzhost sshd[898]: pam_unix(sshd:auth): authentication failure; logname= uid=0 euid=0 tty=ssh ruser= rhost=222.219.187.9 
Apr  9 12:43:13 ovzhost sshd[898]: Failed password for invalid user user05 from 222.219.187.9 port 11811 ssh2
Apr  9 12:43:13 ovzhost sshd[898]: Received disconnect from 222.219.187.9: 11: Bye Bye [preauth]
Apr  9 12:43:15 ovzhost sshd[900]: Invalid user altibase from 222.219.187.9
Apr  9 12:43:15 ovzhost sshd[900]: input_userauth_request: invalid user altibase [preauth]
Apr  9 12:43:15 ovzhost sshd[900]: pam_unix(sshd:auth): check pass; user unknown
Apr  9 12:43:15 ovzhost sshd[900]: pam_unix(sshd:auth): authentication failure; logname= uid=0 euid=0 tty=ssh ruser= rhost=222.219.187.9 
Apr  9 12:43:17 ovzhost sshd[900]: Failed password for invalid user altibase from 222.219.187.9 port 13028 ssh2
Apr  9 12:43:17 ovzhost sshd[900]: Received disconnect from 222.219.187.9: 11: Bye Bye [preauth]
Apr  9 12:43:20 ovzhost sshd[903]: Invalid user avinash from 222.219.187.9
Apr  9 12:43:20 ovzhost sshd[903]: input_userauth_request: invalid user avinash [preauth]
Apr  9 12:43:20 ovzhost sshd[903]: pam_unix(sshd:auth): check pass; user unknown
Apr  9 12:43:20 ovzhost sshd[903]: pam_unix(sshd:auth): authentication failure; logname= uid=0 euid=0 tty=ssh ruser= rhost=222.219.187.9 
Apr  9 12:43:22 ovzhost sshd[903]: Failed password for invalid user avinash from 222.219.187.9 port 14098 ssh2
Apr  9 12:43:22 ovzhost sshd[903]: Received disconnect from 222.219.187.9: 11: Bye Bye [preauth]
Apr  9 12:43:24 ovzhost sshd[907]: Invalid user skype from 222.219.187.9
Apr  9 12:43:24 ovzhost sshd[907]: input_userauth_request: invalid user skype [preauth]
Apr  9 12:43:24 ovzhost sshd[907]: pam_unix(sshd:auth): check pass; user unknown
Apr  9 12:43:24 ovzhost sshd[907]: pam_unix(sshd:auth): authentication failure; logname= uid=0 euid=0 tty=ssh ruser= rhost=222.219.187.9 
Apr  9 12:43:26 ovzhost sshd[907]: Failed password for invalid user skype from 222.219.187.9 port 15250 ssh2
Apr  9 12:43:26 ovzhost sshd[907]: Received disconnect from 222.219.187.9: 11: Bye Bye [preauth]
Apr  9 12:43:28 ovzhost sshd[909]: Invalid user hjlee from 222.219.187.9
Apr  9 12:43:28 ovzhost sshd[909]: input_userauth_request: invalid user hjlee [preauth]
Apr  9 12:43:28 ovzhost sshd[909]: pam_unix(sshd:auth): check pass; user unknown
Apr  9 12:43:28 ovzhost sshd[909]: pam_unix(sshd:auth): authentication failure; logname= uid=0 euid=0 tty=ssh ruser= rhost=222.219.187.9 
Apr  9 12:43:30 ovzhost sshd[909]: Failed password for invalid user hjlee from 222.219.187.9 port 16414 ssh2
Apr  9 12:43:30 ovzhost sshd[909]: Received disconnect from 222.219.187.9: 11: Bye Bye [preauth]
Apr  9 12:43:32 ovzhost sshd[911]: Invalid user feng from 222.219.187.9
Apr  9 12:43:32 ovzhost sshd[911]: input_userauth_request: invalid user feng [preauth]
Apr  9 12:43:32 ovzhost sshd[911]: pam_unix(sshd:auth): check pass; user unknown
Apr  9 12:43:32 ovzhost sshd[911]: pam_unix(sshd:auth): authentication failure; logname= uid=0 euid=0 tty=ssh ruser= rhost=222.219.187.9 
Apr  9 12:43:35 ovzhost sshd[911]: Failed password for invalid user feng from 222.219.187.9 port 17520 ssh2
Apr  9 12:43:35 ovzhost sshd[911]: Received disconnect from 222.219.187.9: 11: Bye Bye [preauth]
Apr  9 12:43:37 ovzhost sshd[913]: Invalid user ruben from 222.219.187.9
Apr  9 12:43:37 ovzhost sshd[913]: input_userauth_request: invalid user ruben [preauth]
Apr  9 12:43:37 ovzhost sshd[913]: pam_unix(sshd:auth): check pass; user unknown
Apr  9 12:43:37 ovzhost sshd[913]: pam_unix(sshd:auth): authentication failure; logname= uid=0 euid=0 tty=ssh ruser= rhost=222.219.187.9 
Apr  9 12:43:38 ovzhost sshd[913]: Failed password for invalid user ruben from 222.219.187.9 port 18846 ssh2
Apr  9 12:43:39 ovzhost sshd[913]: Received disconnect from 222.219.187.9: 11: Bye Bye [preauth]
Apr  9 12:43:41 ovzhost sshd[915]: Invalid user zhanghui from 222.219.187.9
Apr  9 12:43:41 ovzhost sshd[915]: input_userauth_request: invalid user zhanghui [preauth]
Apr  9 12:43:41 ovzhost sshd[915]: pam_unix(sshd:auth): check pass; user unknown
Apr  9 12:43:41 ovzhost sshd[915]: pam_unix(sshd:auth): authentication failure; logname= uid=0 euid=0 tty=ssh ruser= rhost=222.219.187.9 
Apr  9 12:43:43 ovzhost sshd[915]: Failed password for invalid user zhanghui from 222.219.187.9 port 20037 ssh2
Apr  9 12:43:43 ovzhost sshd[915]: Received disconnect from 222.219.187.9: 11: Bye Bye [preauth]
Apr  9 12:43:45 ovzhost sshd[917]: Invalid user jabber from 222.219.187.9
Apr  9 12:43:45 ovzhost sshd[917]: input_userauth_request: invalid user jabber [preauth]
Apr  9 12:43:45 ovzhost sshd[917]: pam_unix(sshd:auth): check pass; user unknown
Apr  9 12:43:45 ovzhost sshd[917]: pam_unix(sshd:auth): authentication failure; logname= uid=0 euid=0 tty=ssh ruser= rhost=222.219.187.9 
Apr  9 12:43:47 ovzhost sshd[917]: Failed password for invalid user jabber from 222.219.187.9 port 21270 ssh2
Apr  9 12:43:47 ovzhost sshd[917]: Received disconnect from 222.219.187.9: 11: Bye Bye [preauth]
Apr  9 12:43:49 ovzhost sshd[921]: Invalid user xymon from 222.219.187.9
Apr  9 12:43:49 ovzhost sshd[921]: input_userauth_request: invalid user xymon [preauth]
Apr  9 12:43:49 ovzhost sshd[921]: pam_unix(sshd:auth): check pass; user unknown
Apr  9 12:43:49 ovzhost sshd[921]: pam_unix(sshd:auth): authentication failure; logname= uid=0 euid=0 tty=ssh ruser= rhost=222.219.187.9 
Apr  9 12:43:51 ovzhost sshd[921]: Failed password for invalid user xymon from 222.219.187.9 port 22540 ssh2
Apr  9 12:43:51 ovzhost sshd[921]: Received disconnect from 222.219.187.9: 11: Bye Bye [preauth]
Apr  9 12:43:53 ovzhost sshd[925]: Invalid user newuser from 222.219.187.9
Apr  9 12:43:53 ovzhost sshd[925]: input_userauth_request: invalid user newuser [preauth]
Apr  9 12:43:53 ovzhost sshd[925]: pam_unix(sshd:auth): check pass; user unknown
Apr  9 12:43:53 ovzhost sshd[925]: pam_unix(sshd:auth): authentication failure; logname= uid=0 euid=0 tty=ssh ruser= rhost=222.219.187.9 
Apr  9 12:43:55 ovzhost sshd[925]: Failed password for invalid user newuser from 222.219.187.9 port 23638 ssh2
Apr  9 12:43:55 ovzhost sshd[925]: Received disconnect from 222.219.187.9: 11: Bye Bye [preauth]
Apr  9 12:43:56 ovzhost sshd[927]: pam_unix(sshd:auth): authentication failure; logname= uid=0 euid=0 tty=ssh ruser= rhost=43.255.190.140  user=root
Apr  9 12:43:57 ovzhost sshd[930]: Invalid user test from 222.219.187.9
Apr  9 12:43:57 ovzhost sshd[930]: input_userauth_request: invalid user test [preauth]
Apr  9 12:43:57 ovzhost sshd[930]: pam_unix(sshd:auth): check pass; user unknown
Apr  9 12:43:57 ovzhost sshd[930]: pam_unix(sshd:auth): authentication failure; logname= uid=0 euid=0 tty=ssh ruser= rhost=222.219.187.9 
Apr  9 12:43:58 ovzhost sshd[927]: Failed password for root from 43.255.190.140 port 57413 ssh2
Apr  9 12:43:59 ovzhost sshd[930]: Failed password for invalid user test from 222.219.187.9 port 24883 ssh2
Apr  9 12:44:00 ovzhost sshd[930]: Received disconnect from 222.219.187.9: 11: Bye Bye [preauth]
Apr  9 12:44:02 ovzhost sshd[932]: Invalid user hadoop from 222.219.187.9
Apr  9 12:44:02 ovzhost sshd[932]: input_userauth_request: invalid user hadoop [preauth]
Apr  9 12:44:02 ovzhost sshd[932]: pam_unix(sshd:auth): check pass; user unknown
Apr  9 12:44:02 ovzhost sshd[932]: pam_unix(sshd:auth): authentication failure; logname= uid=0 euid=0 tty=ssh ruser= rhost=222.219.187.9 
Apr  9 12:44:02 ovzhost sshd[927]: message repeated 2 times: [ Failed password for root from 43.255.190.140 port 57413 ssh2]
Apr  9 12:44:02 ovzhost sshd[927]: Received disconnect from 43.255.190.140: 11:  [preauth]
Apr  9 12:44:02 ovzhost sshd[927]: PAM 2 more authentication failures; logname= uid=0 euid=0 tty=ssh ruser= rhost=43.255.190.140  user=root
Apr  9 12:44:02 ovzhost sshd[934]: pam_unix(sshd:auth): authentication failure; logname= uid=0 euid=0 tty=ssh ruser= rhost=43.255.190.140  user=root
Apr  9 12:44:04 ovzhost sshd[932]: Failed password for invalid user hadoop from 222.219.187.9 port 26163 ssh2
Apr  9 12:44:04 ovzhost sshd[932]: Received disconnect from 222.219.187.9: 11: Bye Bye [preauth]
Apr  9 12:44:04 ovzhost sshd[934]: Failed password for root from 43.255.190.140 port 44694 ssh2
Apr  9 12:44:06 ovzhost sshd[936]: Invalid user sales from 222.219.187.9
Apr  9 12:44:06 ovzhost sshd[936]: input_userauth_request: invalid user sales [preauth]
Apr  9 12:44:06 ovzhost sshd[936]: pam_unix(sshd:auth): check pass; user unknown
Apr  9 12:44:06 ovzhost sshd[936]: pam_unix(sshd:auth): authentication failure; logname= uid=0 euid=0 tty=ssh ruser= rhost=222.219.187.9 
Apr  9 12:44:08 ovzhost sshd[936]: Failed password for invalid user sales from 222.219.187.9 port 27433 ssh2
Apr  9 12:44:08 ovzhost sshd[934]: message repeated 2 times: [ Failed password for root from 43.255.190.140 port 44694 ssh2]
Apr  9 12:44:08 ovzhost sshd[934]: Received disconnect from 43.255.190.140: 11:  [preauth]
Apr  9 12:44:08 ovzhost sshd[934]: PAM 2 more authentication failures; logname= uid=0 euid=0 tty=ssh ruser= rhost=43.255.190.140  user=root
Apr  9 12:44:08 ovzhost sshd[936]: Received disconnect from 222.219.187.9: 11: Bye Bye [preauth]
Apr  9 12:44:09 ovzhost sshd[938]: pam_unix(sshd:auth): authentication failure; logname= uid=0 euid=0 tty=ssh ruser= rhost=43.255.190.140  user=root
Apr  9 12:44:11 ovzhost sshd[938]: Failed password for root from 43.255.190.140 port 59982 ssh2
Apr  9 12:44:11 ovzhost sshd[940]: pam_unix(sshd:auth): authentication failure; logname= uid=0 euid=0 tty=ssh ruser= rhost=222.219.187.9  user=nagios
Apr  9 12:44:13 ovzhost sshd[940]: Failed password for nagios from 222.219.187.9 port 28544 ssh2
Apr  9 12:44:13 ovzhost sshd[940]: Received disconnect from 222.219.187.9: 11: Bye Bye [preauth]
Apr  9 12:44:14 ovzhost sshd[938]: message repeated 2 times: [ Failed password for root from 43.255.190.140 port 59982 ssh2]
Apr  9 12:44:14 ovzhost sshd[938]: Received disconnect from 43.255.190.140: 11:  [preauth]
Apr  9 12:44:14 ovzhost sshd[938]: PAM 2 more authentication failures; logname= uid=0 euid=0 tty=ssh ruser= rhost=43.255.190.140  user=root
Apr  9 12:44:15 ovzhost sshd[942]: Invalid user password from 222.219.187.9
Apr  9 12:44:15 ovzhost sshd[942]: input_userauth_request: invalid user password [preauth]
Apr  9 12:44:15 ovzhost sshd[942]: pam_unix(sshd:auth): check pass; user unknown
Apr  9 12:44:15 ovzhost sshd[942]: pam_unix(sshd:auth): authentication failure; logname= uid=0 euid=0 tty=ssh ruser= rhost=222.219.187.9 
Apr  9 12:44:15 ovzhost sshd[944]: pam_unix(sshd:auth): authentication failure; logname= uid=0 euid=0 tty=ssh ruser= rhost=43.255.190.140  user=root
Apr  9 12:44:17 ovzhost sshd[942]: Failed password for invalid user password from 222.219.187.9 port 29864 ssh2
Apr  9 12:44:17 ovzhost sshd[944]: Failed password for root from 43.255.190.140 port 46610 ssh2
Apr  9 12:44:17 ovzhost sshd[942]: Received disconnect from 222.219.187.9: 11: Bye Bye [preauth]
Apr  9 12:44:19 ovzhost sshd[946]: Invalid user liyang from 222.219.187.9
Apr  9 12:44:19 ovzhost sshd[946]: input_userauth_request: invalid user liyang [preauth]
Apr  9 12:44:19 ovzhost sshd[946]: pam_unix(sshd:auth): check pass; user unknown
Apr  9 12:44:19 ovzhost sshd[946]: pam_unix(sshd:auth): authentication failure; logname= uid=0 euid=0 tty=ssh ruser= rhost=222.219.187.9 
Apr  9 12:44:21 ovzhost sshd[946]: Failed password for invalid user liyang from 222.219.187.9 port 31002 ssh2
Apr  9 12:44:21 ovzhost sshd[946]: Received disconnect from 222.219.187.9: 11: Bye Bye [preauth]
Apr  9 12:44:21 ovzhost sshd[944]: message repeated 2 times: [ Failed password for root from 43.255.190.140 port 46610 ssh2]
Apr  9 12:44:21 ovzhost sshd[944]: Received disconnect from 43.255.190.140: 11:  [preauth]
Apr  9 12:44:21 ovzhost sshd[944]: PAM 2 more authentication failures; logname= uid=0 euid=0 tty=ssh ruser= rhost=43.255.190.140  user=root
Apr  9 12:44:22 ovzhost sshd[950]: pam_unix(sshd:auth): authentication failure; logname= uid=0 euid=0 tty=ssh ruser= rhost=43.255.190.140  user=root
Apr  9 12:44:23 ovzhost sshd[952]: Invalid user jenkins from 222.219.187.9
Apr  9 12:44:23 ovzhost sshd[952]: input_userauth_request: invalid user jenkins [preauth]
Apr  9 12:44:23 ovzhost sshd[952]: pam_unix(sshd:auth): check pass; user unknown
Apr  9 12:44:23 ovzhost sshd[952]: pam_unix(sshd:auth): authentication failure; logname= uid=0 euid=0 tty=ssh ruser= rhost=222.219.187.9 
Apr  9 12:44:24 ovzhost sshd[950]: Failed password for root from 43.255.190.140 port 34237 ssh2
Apr  9 12:44:25 ovzhost sshd[952]: Failed password for invalid user jenkins from 222.219.187.9 port 32393 ssh2
Apr  9 12:44:26 ovzhost sshd[952]: Received disconnect from 222.219.187.9: 11: Bye Bye [preauth]
Apr  9 12:44:27 ovzhost sshd[950]: message repeated 2 times: [ Failed password for root from 43.255.190.140 port 34237 ssh2]
Apr  9 12:44:27 ovzhost sshd[950]: Received disconnect from 43.255.190.140: 11:  [preauth]
Apr  9 12:44:27 ovzhost sshd[950]: PAM 2 more authentication failures; logname= uid=0 euid=0 tty=ssh ruser= rhost=43.255.190.140  user=root
Apr  9 12:44:27 ovzhost sshd[956]: pam_unix(sshd:auth): authentication failure; logname= uid=0 euid=0 tty=ssh ruser= rhost=43.255.190.140  user=root
Apr  9 12:44:28 ovzhost sshd[954]: Invalid user yen from 222.219.187.9
Apr  9 12:44:28 ovzhost sshd[954]: input_userauth_request: invalid user yen [preauth]
Apr  9 12:44:28 ovzhost sshd[954]: pam_unix(sshd:auth): check pass; user unknown
Apr  9 12:44:28 ovzhost sshd[954]: pam_unix(sshd:auth): authentication failure; logname= uid=0 euid=0 tty=ssh ruser= rhost=222.219.187.9 
Apr  9 12:44:29 ovzhost sshd[956]: Failed password for root from 43.255.190.140 port 47350 ssh2
Apr  9 12:44:29 ovzhost sshd[954]: Failed password for invalid user yen from 222.219.187.9 port 33878 ssh2
Apr  9 12:44:30 ovzhost sshd[954]: Received disconnect from 222.219.187.9: 11: Bye Bye [preauth]
Apr  9 12:44:33 ovzhost sshd[956]: message repeated 2 times: [ Failed password for root from 43.255.190.140 port 47350 ssh2]
Apr  9 12:44:33 ovzhost sshd[956]: Received disconnect from 43.255.190.140: 11:  [preauth]
Apr  9 12:44:33 ovzhost sshd[956]: PAM 2 more authentication failures; logname= uid=0 euid=0 tty=ssh ruser= rhost=43.255.190.140  user=root
Apr  9 12:44:34 ovzhost sshd[960]: pam_unix(sshd:auth): authentication failure; logname= uid=0 euid=0 tty=ssh ruser= rhost=43.255.190.140  user=root
Apr  9 12:44:36 ovzhost sshd[958]: Invalid user jk from 222.219.187.9
Apr  9 12:44:36 ovzhost sshd[958]: input_userauth_request: invalid user jk [preauth]
Apr  9 12:44:36 ovzhost sshd[958]: pam_unix(sshd:auth): check pass; user unknown
Apr  9 12:44:36 ovzhost sshd[958]: pam_unix(sshd:auth): authentication failure; logname= uid=0 euid=0 tty=ssh ruser= rhost=222.219.187.9 
Apr  9 12:44:36 ovzhost sshd[960]: Failed password for root from 43.255.190.140 port 34276 ssh2
Apr  9 12:44:37 ovzhost sshd[958]: Failed password for invalid user jk from 222.219.187.9 port 35374 ssh2
Apr  9 12:44:37 ovzhost sshd[958]: Received disconnect from 222.219.187.9: 11: Bye Bye [preauth]
Apr  9 12:44:39 ovzhost sshd[960]: message repeated 2 times: [ Failed password for root from 43.255.190.140 port 34276 ssh2]
Apr  9 12:44:39 ovzhost sshd[960]: Received disconnect from 43.255.190.140: 11:  [preauth]
Apr  9 12:44:39 ovzhost sshd[960]: PAM 2 more authentication failures; logname= uid=0 euid=0 tty=ssh ruser= rhost=43.255.190.140  user=root
Apr  9 12:44:39 ovzhost sshd[962]: Invalid user kevin from 222.219.187.9
Apr  9 12:44:39 ovzhost sshd[962]: input_userauth_request: invalid user kevin [preauth]
Apr  9 12:44:39 ovzhost sshd[962]: pam_unix(sshd:auth): check pass; user unknown
Apr  9 12:44:39 ovzhost sshd[962]: pam_unix(sshd:auth): authentication failure; logname= uid=0 euid=0 tty=ssh ruser= rhost=222.219.187.9 
Apr  9 12:44:40 ovzhost sshd[964]: pam_unix(sshd:auth): authentication failure; logname= uid=0 euid=0 tty=ssh ruser= rhost=43.255.190.140  user=root
Apr  9 12:44:41 ovzhost sshd[962]: Failed password for invalid user kevin from 222.219.187.9 port 36999 ssh2
Apr  9 12:44:41 ovzhost sshd[964]: Failed password for root from 43.255.190.140 port 47435 ssh2
Apr  9 12:44:41 ovzhost sshd[962]: Received disconnect from 222.219.187.9: 11: Bye Bye [preauth]
Apr  9 12:44:43 ovzhost sshd[966]: Invalid user barbara from 222.219.187.9
Apr  9 12:44:43 ovzhost sshd[966]: input_userauth_request: invalid user barbara [preauth]
Apr  9 12:44:43 ovzhost sshd[966]: pam_unix(sshd:auth): check pass; user unknown
Apr  9 12:44:43 ovzhost sshd[966]: pam_unix(sshd:auth): authentication failure; logname= uid=0 euid=0 tty=ssh ruser= rhost=222.219.187.9 
Apr  9 12:44:45 ovzhost sshd[966]: Failed password for invalid user barbara from 222.219.187.9 port 38412 ssh2
Apr  9 12:44:45 ovzhost sshd[966]: Received disconnect from 222.219.187.9: 11: Bye Bye [preauth]
Apr  9 12:44:45 ovzhost sshd[964]: message repeated 2 times: [ Failed password for root from 43.255.190.140 port 47435 ssh2]
Apr  9 12:44:45 ovzhost sshd[964]: Received disconnect from 43.255.190.140: 11:  [preauth]
Apr  9 12:44:45 ovzhost sshd[964]: PAM 2 more authentication failures; logname= uid=0 euid=0 tty=ssh ruser= rhost=43.255.190.140  user=root
Apr  9 12:44:46 ovzhost sshd[969]: pam_unix(sshd:auth): authentication failure; logname= uid=0 euid=0 tty=ssh ruser= rhost=43.255.190.140  user=root
Apr  9 12:44:47 ovzhost sshd[968]: Invalid user temp from 222.219.187.9
Apr  9 12:44:47 ovzhost sshd[968]: input_userauth_request: invalid user temp [preauth]
Apr  9 12:44:47 ovzhost sshd[968]: pam_unix(sshd:auth): check pass; user unknown
Apr  9 12:44:47 ovzhost sshd[968]: pam_unix(sshd:auth): authentication failure; logname= uid=0 euid=0 tty=ssh ruser= rhost=222.219.187.9 
Apr  9 12:44:48 ovzhost sshd[969]: Failed password for root from 43.255.190.140 port 33708 ssh2
Apr  9 12:44:49 ovzhost sshd[968]: Failed password for invalid user temp from 222.219.187.9 port 39709 ssh2
Apr  9 12:44:49 ovzhost sshd[968]: Received disconnect from 222.219.187.9: 11: Bye Bye [preauth]
Apr  9 12:44:51 ovzhost sshd[973]: Invalid user patil from 222.219.187.9
Apr  9 12:44:51 ovzhost sshd[973]: input_userauth_request: invalid user patil [preauth]
Apr  9 12:44:51 ovzhost sshd[973]: pam_unix(sshd:auth): check pass; user unknown
Apr  9 12:44:51 ovzhost sshd[973]: pam_unix(sshd:auth): authentication failure; logname= uid=0 euid=0 tty=ssh ruser= rhost=222.219.187.9 
Apr  9 12:44:51 ovzhost sshd[969]: message repeated 2 times: [ Failed password for root from 43.255.190.140 port 33708 ssh2]
Apr  9 12:44:51 ovzhost sshd[969]: Received disconnect from 43.255.190.140: 11:  [preauth]
Apr  9 12:44:51 ovzhost sshd[969]: PAM 2 more authentication failures; logname= uid=0 euid=0 tty=ssh ruser= rhost=43.255.190.140  user=root
Apr  9 12:44:52 ovzhost sshd[975]: pam_unix(sshd:auth): authentication failure; logname= uid=0 euid=0 tty=ssh ruser= rhost=43.255.190.140  user=root
Apr  9 12:44:53 ovzhost sshd[973]: Failed password for invalid user patil from 222.219.187.9 port 41360 ssh2
Apr  9 12:44:53 ovzhost sshd[973]: Received disconnect from 222.219.187.9: 11: Bye Bye [preauth]
Apr  9 12:44:54 ovzhost sshd[975]: Failed password for root from 43.255.190.140 port 48056 ssh2
Apr  9 12:44:55 ovzhost sshd[977]: Invalid user portal from 222.219.187.9
Apr  9 12:44:55 ovzhost sshd[977]: input_userauth_request: invalid user portal [preauth]
Apr  9 12:44:55 ovzhost sshd[977]: pam_unix(sshd:auth): check pass; user unknown
Apr  9 12:44:55 ovzhost sshd[977]: pam_unix(sshd:auth): authentication failure; logname= uid=0 euid=0 tty=ssh ruser= rhost=222.219.187.9 
Apr  9 12:44:56 ovzhost sshd[977]: Failed password for invalid user portal from 222.219.187.9 port 42926 ssh2
Apr  9 12:44:58 ovzhost sshd[975]: message repeated 2 times: [ Failed password for root from 43.255.190.140 port 48056 ssh2]
Apr  9 12:44:58 ovzhost sshd[975]: Received disconnect from 43.255.190.140: 11:  [preauth]
Apr  9 12:44:58 ovzhost sshd[975]: PAM 2 more authentication failures; logname= uid=0 euid=0 tty=ssh ruser= rhost=43.255.190.140  user=root
Apr  9 12:44:58 ovzhost sshd[979]: pam_unix(sshd:auth): authentication failure; logname= uid=0 euid=0 tty=ssh ruser= rhost=43.255.190.140  user=root
Apr  9 12:44:59 ovzhost sshd[977]: Received disconnect from 222.219.187.9: 11: Bye Bye [preauth]
Apr  9 12:45:00 ovzhost sshd[979]: Failed password for root from 43.255.190.140 port 35151 ssh2
Apr  9 12:45:01 ovzhost sshd[981]: Invalid user charlton from 222.219.187.9
Apr  9 12:45:01 ovzhost sshd[981]: input_userauth_request: invalid user charlton [preauth]
Apr  9 12:45:01 ovzhost sshd[981]: pam_unix(sshd:auth): check pass; user unknown
Apr  9 12:45:01 ovzhost sshd[981]: pam_unix(sshd:auth): authentication failure; logname= uid=0 euid=0 tty=ssh ruser= rhost=222.219.187.9 
Apr  9 12:45:02 ovzhost sshd[981]: Failed password for invalid user charlton from 222.219.187.9 port 44732 ssh2
Apr  9 12:45:03 ovzhost sshd[981]: Received disconnect from 222.219.187.9: 11: Bye Bye [preauth]
Apr  9 12:45:03 ovzhost sshd[979]: message repeated 2 times: [ Failed password for root from 43.255.190.140 port 35151 ssh2]
Apr  9 12:45:03 ovzhost sshd[979]: Received disconnect from 43.255.190.140: 11:  [preauth]
Apr  9 12:45:03 ovzhost sshd[979]: PAM 2 more authentication failures; logname= uid=0 euid=0 tty=ssh ruser= rhost=43.255.190.140  user=root
Apr  9 12:45:04 ovzhost sshd[985]: pam_unix(sshd:auth): authentication failure; logname= uid=0 euid=0 tty=ssh ruser= rhost=43.255.190.140  user=root
Apr  9 12:45:04 ovzhost sshd[983]: Invalid user info from 222.219.187.9
Apr  9 12:45:04 ovzhost sshd[983]: input_userauth_request: invalid user info [preauth]
Apr  9 12:45:04 ovzhost sshd[983]: pam_unix(sshd:auth): check pass; user unknown
Apr  9 12:45:04 ovzhost sshd[983]: pam_unix(sshd:auth): authentication failure; logname= uid=0 euid=0 tty=ssh ruser= rhost=222.219.187.9 
Apr  9 12:45:06 ovzhost sshd[985]: Failed password for root from 43.255.190.140 port 49513 ssh2
Apr  9 12:45:06 ovzhost sshd[983]: Failed password for invalid user info from 222.219.187.9 port 45930 ssh2
Apr  9 12:45:06 ovzhost sshd[983]: Received disconnect from 222.219.187.9: 11: Bye Bye [preauth]
Apr  9 12:45:08 ovzhost sshd[987]: Invalid user postgres from 222.219.187.9
Apr  9 12:45:08 ovzhost sshd[987]: input_userauth_request: invalid user postgres [preauth]
Apr  9 12:45:08 ovzhost sshd[987]: pam_unix(sshd:auth): check pass; user unknown
Apr  9 12:45:08 ovzhost sshd[987]: pam_unix(sshd:auth): authentication failure; logname= uid=0 euid=0 tty=ssh ruser= rhost=222.219.187.9 
Apr  9 12:45:10 ovzhost sshd[985]: message repeated 2 times: [ Failed password for root from 43.255.190.140 port 49513 ssh2]
Apr  9 12:45:10 ovzhost sshd[985]: Received disconnect from 43.255.190.140: 11:  [preauth]
Apr  9 12:45:10 ovzhost sshd[985]: PAM 2 more authentication failures; logname= uid=0 euid=0 tty=ssh ruser= rhost=43.255.190.140  user=root
Apr  9 12:45:10 ovzhost sshd[989]: pam_unix(sshd:auth): authentication failure; logname= uid=0 euid=0 tty=ssh ruser= rhost=43.255.190.140  user=root
Apr  9 12:45:10 ovzhost sshd[987]: Failed password for invalid user postgres from 222.219.187.9 port 47304 ssh2
Apr  9 12:45:11 ovzhost sshd[987]: Received disconnect from 222.219.187.9: 11: Bye Bye [preauth]
Apr  9 12:45:12 ovzhost sshd[989]: Failed password for root from 43.255.190.140 port 36711 ssh2
Apr  9 12:45:13 ovzhost sshd[991]: Invalid user postgres from 222.219.187.9
Apr  9 12:45:13 ovzhost sshd[991]: input_userauth_request: invalid user postgres [preauth]
Apr  9 12:45:13 ovzhost sshd[991]: pam_unix(sshd:auth): check pass; user unknown
Apr  9 12:45:13 ovzhost sshd[991]: pam_unix(sshd:auth): authentication failure; logname= uid=0 euid=0 tty=ssh ruser= rhost=222.219.187.9 
Apr  9 12:45:15 ovzhost sshd[991]: Failed password for invalid user postgres from 222.219.187.9 port 48669 ssh2
Apr  9 12:45:15 ovzhost sshd[991]: Received disconnect from 222.219.187.9: 11: Bye Bye [preauth]
Apr  9 12:45:15 ovzhost sshd[989]: message repeated 2 times: [ Failed password for root from 43.255.190.140 port 36711 ssh2]
Apr  9 12:45:16 ovzhost sshd[989]: Received disconnect from 43.255.190.140: 11:  [preauth]
Apr  9 12:45:16 ovzhost sshd[989]: PAM 2 more authentication failures; logname= uid=0 euid=0 tty=ssh ruser= rhost=43.255.190.140  user=root
Apr  9 12:45:16 ovzhost sshd[995]: pam_unix(sshd:auth): authentication failure; logname= uid=0 euid=0 tty=ssh ruser= rhost=43.255.190.140  user=root
Apr  9 12:45:17 ovzhost sshd[993]: Invalid user student from 222.219.187.9
Apr  9 12:45:17 ovzhost sshd[993]: input_userauth_request: invalid user student [preauth]
Apr  9 12:45:17 ovzhost sshd[993]: pam_unix(sshd:auth): check pass; user unknown
Apr  9 12:45:17 ovzhost sshd[993]: pam_unix(sshd:auth): authentication failure; logname= uid=0 euid=0 tty=ssh ruser= rhost=222.219.187.9 
Apr  9 12:45:18 ovzhost sshd[995]: Failed password for root from 43.255.190.140 port 51099 ssh2
Apr  9 12:45:19 ovzhost sshd[993]: Failed password for invalid user student from 222.219.187.9 port 50142 ssh2
Apr  9 12:45:19 ovzhost sshd[993]: Received disconnect from 222.219.187.9: 11: Bye Bye [preauth]
Apr  9 12:45:22 ovzhost sshd[995]: message repeated 2 times: [ Failed password for root from 43.255.190.140 port 51099 ssh2]
Apr  9 12:45:22 ovzhost sshd[995]: Received disconnect from 43.255.190.140: 11:  [preauth]
Apr  9 12:45:22 ovzhost sshd[995]: PAM 2 more authentication failures; logname= uid=0 euid=0 tty=ssh ruser= rhost=43.255.190.140  user=root
Apr  9 12:45:22 ovzhost sshd[1000]: pam_unix(sshd:auth): authentication failure; logname= uid=0 euid=0 tty=ssh ruser= rhost=43.255.190.140  user=root
Apr  9 12:45:22 ovzhost sshd[998]: Invalid user ftpuser from 222.219.187.9
Apr  9 12:45:22 ovzhost sshd[998]: input_userauth_request: invalid user ftpuser [preauth]
Apr  9 12:45:22 ovzhost sshd[998]: pam_unix(sshd:auth): check pass; user unknown
Apr  9 12:45:22 ovzhost sshd[998]: pam_unix(sshd:auth): authentication failure; logname= uid=0 euid=0 tty=ssh ruser= rhost=222.219.187.9 
Apr  9 12:45:24 ovzhost sshd[1000]: Failed password for root from 43.255.190.140 port 36844 ssh2
Apr  9 12:45:24 ovzhost sshd[998]: Failed password for invalid user ftpuser from 222.219.187.9 port 51730 ssh2
Apr  9 12:45:25 ovzhost sshd[998]: Received disconnect from 222.219.187.9: 11: Bye Bye [preauth]
Apr  9 12:45:26 ovzhost sshd[1002]: Invalid user xiang from 222.219.187.9
Apr  9 12:45:26 ovzhost sshd[1002]: input_userauth_request: invalid user xiang [preauth]
Apr  9 12:45:26 ovzhost sshd[1002]: pam_unix(sshd:auth): check pass; user unknown
Apr  9 12:45:26 ovzhost sshd[1002]: pam_unix(sshd:auth): authentication failure; logname= uid=0 euid=0 tty=ssh ruser= rhost=222.219.187.9 
Apr  9 12:45:28 ovzhost sshd[1000]: message repeated 2 times: [ Failed password for root from 43.255.190.140 port 36844 ssh2]
Apr  9 12:45:28 ovzhost sshd[1000]: Received disconnect from 43.255.190.140: 11:  [preauth]
Apr  9 12:45:28 ovzhost sshd[1000]: PAM 2 more authentication failures; logname= uid=0 euid=0 tty=ssh ruser= rhost=43.255.190.140  user=root
Apr  9 12:45:28 ovzhost sshd[1002]: Failed password for invalid user xiang from 222.219.187.9 port 52928 ssh2
Apr  9 12:45:28 ovzhost sshd[1004]: pam_unix(sshd:auth): authentication failure; logname= uid=0 euid=0 tty=ssh ruser= rhost=43.255.190.140  user=root
Apr  9 12:45:29 ovzhost sshd[1002]: Received disconnect from 222.219.187.9: 11: Bye Bye [preauth]
Apr  9 12:45:30 ovzhost sshd[1004]: Failed password for root from 43.255.190.140 port 51608 ssh2
Apr  9 12:45:31 ovzhost sshd[1006]: Invalid user xliu from 222.219.187.9
Apr  9 12:45:31 ovzhost sshd[1006]: input_userauth_request: invalid user xliu [preauth]
Apr  9 12:45:31 ovzhost sshd[1006]: pam_unix(sshd:auth): check pass; user unknown
Apr  9 12:45:31 ovzhost sshd[1006]: pam_unix(sshd:auth): authentication failure; logname= uid=0 euid=0 tty=ssh ruser= rhost=222.219.187.9 
Apr  9 12:45:32 ovzhost sshd[1006]: Failed password for invalid user xliu from 222.219.187.9 port 54136 ssh2
Apr  9 12:45:33 ovzhost sshd[1006]: Received disconnect from 222.219.187.9: 11: Bye Bye [preauth]
Apr  9 12:45:34 ovzhost sshd[1004]: message repeated 2 times: [ Failed password for root from 43.255.190.140 port 51608 ssh2]
Apr  9 12:45:34 ovzhost sshd[1004]: Received disconnect from 43.255.190.140: 11:  [preauth]
Apr  9 12:45:34 ovzhost sshd[1004]: PAM 2 more authentication failures; logname= uid=0 euid=0 tty=ssh ruser= rhost=43.255.190.140  user=root
Apr  9 12:45:34 ovzhost sshd[1010]: pam_unix(sshd:auth): authentication failure; logname= uid=0 euid=0 tty=ssh ruser= rhost=43.255.190.140  user=root
Apr  9 12:45:35 ovzhost sshd[1008]: Invalid user demo from 222.219.187.9
Apr  9 12:45:35 ovzhost sshd[1008]: input_userauth_request: invalid user demo [preauth]
Apr  9 12:45:35 ovzhost sshd[1008]: pam_unix(sshd:auth): check pass; user unknown
Apr  9 12:45:35 ovzhost sshd[1008]: pam_unix(sshd:auth): authentication failure; logname= uid=0 euid=0 tty=ssh ruser= rhost=222.219.187.9 
Apr  9 12:45:36 ovzhost sshd[1010]: Failed password for root from 43.255.190.140 port 37208 ssh2
Apr  9 12:45:36 ovzhost sshd[1008]: Failed password for invalid user demo from 222.219.187.9 port 55564 ssh2
Apr  9 12:45:37 ovzhost sshd[1008]: Received disconnect from 222.219.187.9: 11: Bye Bye [preauth]
Apr  9 12:45:38 ovzhost sshd[1012]: Invalid user dmuser from 222.219.187.9
Apr  9 12:45:38 ovzhost sshd[1012]: input_userauth_request: invalid user dmuser [preauth]
Apr  9 12:45:38 ovzhost sshd[1012]: pam_unix(sshd:auth): check pass; user unknown
Apr  9 12:45:38 ovzhost sshd[1012]: pam_unix(sshd:auth): authentication failure; logname= uid=0 euid=0 tty=ssh ruser= rhost=222.219.187.9 
Apr  9 12:45:39 ovzhost sshd[1010]: message repeated 2 times: [ Failed password for root from 43.255.190.140 port 37208 ssh2]
Apr  9 12:45:40 ovzhost sshd[1010]: Received disconnect from 43.255.190.140: 11:  [preauth]
Apr  9 12:45:40 ovzhost sshd[1010]: PAM 2 more authentication failures; logname= uid=0 euid=0 tty=ssh ruser= rhost=43.255.190.140  user=root
Apr  9 12:45:40 ovzhost sshd[1012]: Failed password for invalid user dmuser from 222.219.187.9 port 56876 ssh2
Apr  9 12:45:40 ovzhost sshd[1014]: pam_unix(sshd:auth): authentication failure; logname= uid=0 euid=0 tty=ssh ruser= rhost=43.255.190.140  user=root
Apr  9 12:45:40 ovzhost sshd[1012]: Received disconnect from 222.219.187.9: 11: Bye Bye [preauth]
Apr  9 12:45:42 ovzhost sshd[1016]: Invalid user svn from 222.219.187.9
Apr  9 12:45:42 ovzhost sshd[1016]: input_userauth_request: invalid user svn [preauth]
Apr  9 12:45:42 ovzhost sshd[1016]: pam_unix(sshd:auth): check pass; user unknown
Apr  9 12:45:42 ovzhost sshd[1016]: pam_unix(sshd:auth): authentication failure; logname= uid=0 euid=0 tty=ssh ruser= rhost=222.219.187.9 
Apr  9 12:45:42 ovzhost sshd[1014]: Failed password for root from 43.255.190.140 port 51398 ssh2
Apr  9 12:45:44 ovzhost sshd[1016]: Failed password for invalid user svn from 222.219.187.9 port 58192 ssh2
Apr  9 12:45:44 ovzhost sshd[1016]: Received disconnect from 222.219.187.9: 11: Bye Bye [preauth]
Apr  9 12:45:46 ovzhost sshd[1014]: message repeated 2 times: [ Failed password for root from 43.255.190.140 port 51398 ssh2]
Apr  9 12:45:46 ovzhost sshd[1014]: Received disconnect from 43.255.190.140: 11:  [preauth]
Apr  9 12:45:46 ovzhost sshd[1014]: PAM 2 more authentication failures; logname= uid=0 euid=0 tty=ssh ruser= rhost=43.255.190.140  user=root
Apr  9 12:45:46 ovzhost sshd[1020]: pam_unix(sshd:auth): authentication failure; logname= uid=0 euid=0 tty=ssh ruser= rhost=43.255.190.140  user=root
Apr  9 12:45:47 ovzhost sshd[1018]: Invalid user svn from 222.219.187.9
Apr  9 12:45:47 ovzhost sshd[1018]: input_userauth_request: invalid user svn [preauth]
Apr  9 12:45:47 ovzhost sshd[1018]: pam_unix(sshd:auth): check pass; user unknown
Apr  9 12:45:47 ovzhost sshd[1018]: pam_unix(sshd:auth): authentication failure; logname= uid=0 euid=0 tty=ssh ruser= rhost=222.219.187.9 
Apr  9 12:45:49 ovzhost sshd[1020]: Failed password for root from 43.255.190.140 port 38016 ssh2
Apr  9 12:45:49 ovzhost sshd[1018]: Failed password for invalid user svn from 222.219.187.9 port 59332 ssh2
Apr  9 12:45:49 ovzhost sshd[1018]: Received disconnect from 222.219.187.9: 11: Bye Bye [preauth]
Apr  9 12:45:50 ovzhost sshd[1024]: Connection closed by 128.8.37.120 [preauth]
Apr  9 12:45:52 ovzhost sshd[1022]: Invalid user test from 222.219.187.9
Apr  9 12:45:52 ovzhost sshd[1022]: input_userauth_request: invalid user test [preauth]
Apr  9 12:45:52 ovzhost sshd[1022]: pam_unix(sshd:auth): check pass; user unknown
Apr  9 12:45:52 ovzhost sshd[1022]: pam_unix(sshd:auth): authentication failure; logname= uid=0 euid=0 tty=ssh ruser= rhost=222.219.187.9 
Apr  9 12:45:53 ovzhost sshd[1020]: message repeated 2 times: [ Failed password for root from 43.255.190.140 port 38016 ssh2]
Apr  9 12:45:53 ovzhost sshd[1020]: Received disconnect from 43.255.190.140: 11:  [preauth]
Apr  9 12:45:53 ovzhost sshd[1020]: PAM 2 more authentication failures; logname= uid=0 euid=0 tty=ssh ruser= rhost=43.255.190.140  user=root
Apr  9 12:45:53 ovzhost sshd[1027]: pam_unix(sshd:auth): authentication failure; logname= uid=0 euid=0 tty=ssh ruser= rhost=43.255.190.140  user=root
Apr  9 12:45:54 ovzhost sshd[1022]: Failed password for invalid user test from 222.219.187.9 port 60628 ssh2
Apr  9 12:45:54 ovzhost sshd[1022]: Received disconnect from 222.219.187.9: 11: Bye Bye [preauth]
Apr  9 12:45:55 ovzhost sshd[1027]: Failed password for root from 43.255.190.140 port 54682 ssh2
Apr  9 12:45:56 ovzhost sshd[1029]: Invalid user corin from 222.219.187.9
Apr  9 12:45:56 ovzhost sshd[1029]: input_userauth_request: invalid user corin [preauth]
Apr  9 12:45:56 ovzhost sshd[1029]: pam_unix(sshd:auth): check pass; user unknown
Apr  9 12:45:56 ovzhost sshd[1029]: pam_unix(sshd:auth): authentication failure; logname= uid=0 euid=0 tty=ssh ruser= rhost=222.219.187.9 
Apr  9 12:45:58 ovzhost sshd[1029]: Failed password for invalid user corin from 222.219.187.9 port 61772 ssh2
Apr  9 12:45:58 ovzhost sshd[1029]: Received disconnect from 222.219.187.9: 11: Bye Bye [preauth]
Apr  9 12:45:59 ovzhost sshd[1027]: message repeated 2 times: [ Failed password for root from 43.255.190.140 port 54682 ssh2]
Apr  9 12:45:59 ovzhost sshd[1027]: Received disconnect from 43.255.190.140: 11:  [preauth]
Apr  9 12:45:59 ovzhost sshd[1027]: PAM 2 more authentication failures; logname= uid=0 euid=0 tty=ssh ruser= rhost=43.255.190.140  user=root
Apr  9 12:46:00 ovzhost sshd[1031]: Invalid user donald from 222.219.187.9
Apr  9 12:46:00 ovzhost sshd[1031]: input_userauth_request: invalid user donald [preauth]
Apr  9 12:46:00 ovzhost sshd[1031]: pam_unix(sshd:auth): check pass; user unknown
Apr  9 12:46:00 ovzhost sshd[1031]: pam_unix(sshd:auth): authentication failure; logname= uid=0 euid=0 tty=ssh ruser= rhost=222.219.187.9 
Apr  9 12:46:00 ovzhost sshd[1033]: pam_unix(sshd:auth): authentication failure; logname= uid=0 euid=0 tty=ssh ruser= rhost=43.255.190.140  user=root
Apr  9 12:46:01 ovzhost sshd[1031]: Failed password for invalid user donald from 222.219.187.9 port 63077 ssh2
Apr  9 12:46:02 ovzhost sshd[1033]: Failed password for root from 43.255.190.140 port 42375 ssh2
Apr  9 12:46:02 ovzhost sshd[1031]: Received disconnect from 222.219.187.9: 11: Bye Bye [preauth]
Apr  9 12:46:04 ovzhost sshd[1035]: Invalid user appdev4 from 222.219.187.9
Apr  9 12:46:04 ovzhost sshd[1035]: input_userauth_request: invalid user appdev4 [preauth]
Apr  9 12:46:04 ovzhost sshd[1035]: pam_unix(sshd:auth): check pass; user unknown
Apr  9 12:46:04 ovzhost sshd[1035]: pam_unix(sshd:auth): authentication failure; logname= uid=0 euid=0 tty=ssh ruser= rhost=222.219.187.9 
Apr  9 12:46:06 ovzhost sshd[1035]: Failed password for invalid user appdev4 from 222.219.187.9 port 64366 ssh2
Apr  9 12:46:06 ovzhost sshd[1035]: Received disconnect from 222.219.187.9: 11: Bye Bye [preauth]
Apr  9 12:46:06 ovzhost sshd[1033]: message repeated 2 times: [ Failed password for root from 43.255.190.140 port 42375 ssh2]
Apr  9 12:46:06 ovzhost sshd[1033]: Received disconnect from 43.255.190.140: 11:  [preauth]
Apr  9 12:46:06 ovzhost sshd[1033]: PAM 2 more authentication failures; logname= uid=0 euid=0 tty=ssh ruser= rhost=43.255.190.140  user=root
Apr  9 12:46:07 ovzhost sshd[1038]: pam_unix(sshd:auth): authentication failure; logname= uid=0 euid=0 tty=ssh ruser= rhost=43.255.190.140  user=root
Apr  9 12:46:08 ovzhost sshd[1037]: Invalid user ankit from 222.219.187.9
Apr  9 12:46:08 ovzhost sshd[1037]: input_userauth_request: invalid user ankit [preauth]
Apr  9 12:46:08 ovzhost sshd[1037]: pam_unix(sshd:auth): check pass; user unknown
Apr  9 12:46:08 ovzhost sshd[1037]: pam_unix(sshd:auth): authentication failure; logname= uid=0 euid=0 tty=ssh ruser= rhost=222.219.187.9 
Apr  9 12:46:08 ovzhost sshd[1038]: Failed password for root from 43.255.190.140 port 58051 ssh2
Apr  9 12:46:09 ovzhost sshd[1037]: Failed password for invalid user ankit from 222.219.187.9 port 1748 ssh2
Apr  9 12:46:09 ovzhost sshd[1037]: Received disconnect from 222.219.187.9: 11: Bye Bye [preauth]
Apr  9 12:46:13 ovzhost sshd[1038]: message repeated 2 times: [ Failed password for root from 43.255.190.140 port 58051 ssh2]
Apr  9 12:46:13 ovzhost sshd[1038]: Received disconnect from 43.255.190.140: 11:  [preauth]
Apr  9 12:46:13 ovzhost sshd[1038]: PAM 2 more authentication failures; logname= uid=0 euid=0 tty=ssh ruser= rhost=43.255.190.140  user=root
Apr  9 12:46:13 ovzhost sshd[1045]: pam_unix(sshd:auth): authentication failure; logname= uid=0 euid=0 tty=ssh ruser= rhost=43.255.190.140  user=root
Apr  9 12:46:15 ovzhost sshd[1045]: Failed password for root from 43.255.190.140 port 45937 ssh2
Apr  9 12:46:16 ovzhost sshd[1041]: Invalid user kim from 222.219.187.9
Apr  9 12:46:16 ovzhost sshd[1041]: input_userauth_request: invalid user kim [preauth]
Apr  9 12:46:16 ovzhost sshd[1041]: pam_unix(sshd:auth): check pass; user unknown
Apr  9 12:46:16 ovzhost sshd[1041]: pam_unix(sshd:auth): authentication failure; logname= uid=0 euid=0 tty=ssh ruser= rhost=222.219.187.9 
Apr  9 12:46:18 ovzhost sshd[1041]: Failed password for invalid user kim from 222.219.187.9 port 2901 ssh2
Apr  9 12:46:18 ovzhost sshd[1041]: Received disconnect from 222.219.187.9: 11: Bye Bye [preauth]
Apr  9 12:46:19 ovzhost sshd[1045]: message repeated 2 times: [ Failed password for root from 43.255.190.140 port 45937 ssh2]
Apr  9 12:46:19 ovzhost sshd[1045]: Received disconnect from 43.255.190.140: 11:  [preauth]
Apr  9 12:46:19 ovzhost sshd[1045]: PAM 2 more authentication failures; logname= uid=0 euid=0 tty=ssh ruser= rhost=43.255.190.140  user=root
Apr  9 12:46:20 ovzhost sshd[1049]: pam_unix(sshd:auth): authentication failure; logname= uid=0 euid=0 tty=ssh ruser= rhost=43.255.190.140  user=root
Apr  9 12:46:20 ovzhost sshd[1047]: Invalid user jacky from 222.219.187.9
Apr  9 12:46:20 ovzhost sshd[1047]: input_userauth_request: invalid user jacky [preauth]
Apr  9 12:46:20 ovzhost sshd[1047]: pam_unix(sshd:auth): check pass; user unknown
Apr  9 12:46:20 ovzhost sshd[1047]: pam_unix(sshd:auth): authentication failure; logname= uid=0 euid=0 tty=ssh ruser= rhost=222.219.187.9 
Apr  9 12:46:21 ovzhost sshd[1049]: Failed password for root from 43.255.190.140 port 33156 ssh2
Apr  9 12:46:22 ovzhost sshd[1047]: Failed password for invalid user jacky from 222.219.187.9 port 4615 ssh2
Apr  9 12:46:22 ovzhost sshd[1047]: Received disconnect from 222.219.187.9: 11: Bye Bye [preauth]
Apr  9 12:46:24 ovzhost sshd[1051]: Invalid user dev from 222.219.187.9
Apr  9 12:46:24 ovzhost sshd[1051]: input_userauth_request: invalid user dev [preauth]
Apr  9 12:46:24 ovzhost sshd[1051]: pam_unix(sshd:auth): check pass; user unknown
Apr  9 12:46:24 ovzhost sshd[1051]: pam_unix(sshd:auth): authentication failure; logname= uid=0 euid=0 tty=ssh ruser= rhost=222.219.187.9 
Apr  9 12:46:26 ovzhost sshd[1049]: message repeated 2 times: [ Failed password for root from 43.255.190.140 port 33156 ssh2]
