Apr  2 14:31:44 ovzhost sshd[780]: Connection closed by 127.0.0.1 [preauth]
Apr  2 14:35:40 ovzhost sshd[811]: Connection closed by 128.8.37.120 [preauth]
Apr  2 14:36:44 ovzhost sshd[820]: Connection closed by 127.0.0.1 [preauth]
Apr  7 08:33:32 ovzhost sshd[790]: Connection closed by 127.0.0.1 [preauth]
Apr  7 08:35:46 ovzhost sshd[800]: Invalid user db2inst1 from 221.146.74.146
Apr  7 08:35:46 ovzhost sshd[800]: input_userauth_request: invalid user db2inst1 [preauth]
Apr  7 08:35:46 ovzhost sshd[800]: pam_unix(sshd:auth): check pass; user unknown
Apr  7 08:35:46 ovzhost sshd[800]: pam_unix(sshd:auth): authentication failure; logname= uid=0 euid=0 tty=ssh ruser= rhost=221.146.74.146 
Apr  7 08:35:48 ovzhost sshd[800]: Failed password for invalid user db2inst1 from 221.146.74.146 port 53684 ssh2
Apr  7 08:35:49 ovzhost sshd[800]: Connection closed by 221.146.74.146 [preauth]
Apr  7 08:36:07 ovzhost sshd[805]: Connection closed by 128.8.37.120 [preauth]
Apr  7 08:38:32 ovzhost sshd[815]: Connection closed by 127.0.0.1 [preauth]
Apr  7 08:39:01 ovzhost CRON[820]: pam_env(cron:session): Unable to open env file: /etc/default/locale: No such file or directory
Apr  7 08:39:01 ovzhost CRON[820]: pam_unix(cron:session): session opened for user root by (uid=0)
Apr  7 08:39:01 ovzhost CRON[820]: pam_unix(cron:session): session closed for user root
Apr  7 08:40:01 ovzhost CRON[834]: pam_env(cron:session): Unable to open env file: /etc/default/locale: No such file or directory
Apr  7 08:40:01 ovzhost CRON[834]: pam_unix(cron:session): session opened for user smmsp by (uid=0)
Apr  7 08:40:01 ovzhost CRON[834]: pam_unix(cron:session): session closed for user smmsp
Apr  7 08:43:32 ovzhost sshd[872]: Connection closed by 127.0.0.1 [preauth]
Apr  7 08:46:07 ovzhost sshd[887]: Connection closed by 128.8.37.120 [preauth]
Apr  7 08:48:32 ovzhost sshd[897]: Connection closed by 127.0.0.1 [preauth]
Apr  7 08:49:45 ovzhost sshd[905]: pam_unix(sshd:auth): authentication failure; logname= uid=0 euid=0 tty=ssh ruser= rhost=125.65.245.146  user=root
Apr  7 08:49:46 ovzhost sshd[905]: Failed password for root from 125.65.245.146 port 52675 ssh2
Apr  7 08:49:47 ovzhost sshd[905]: Received disconnect from 125.65.245.146: 11: Bye Bye [preauth]
Apr  7 08:49:49 ovzhost sshd[907]: Invalid user app from 125.65.245.146
Apr  7 08:49:49 ovzhost sshd[907]: input_userauth_request: invalid user app [preauth]
Apr  7 08:49:49 ovzhost sshd[907]: pam_unix(sshd:auth): check pass; user unknown
Apr  7 08:49:49 ovzhost sshd[907]: pam_unix(sshd:auth): authentication failure; logname= uid=0 euid=0 tty=ssh ruser= rhost=125.65.245.146 
Apr  7 08:49:51 ovzhost sshd[907]: Failed password for invalid user app from 125.65.245.146 port 53804 ssh2
Apr  7 08:49:51 ovzhost sshd[907]: Received disconnect from 125.65.245.146: 11: Bye Bye [preauth]
Apr  7 08:49:53 ovzhost sshd[909]: pam_unix(sshd:auth): authentication failure; logname= uid=0 euid=0 tty=ssh ruser= rhost=125.65.245.146  user=bin
Apr  7 08:49:56 ovzhost sshd[909]: Failed password for bin from 125.65.245.146 port 55020 ssh2
Apr  7 08:49:56 ovzhost sshd[909]: Received disconnect from 125.65.245.146: 11: Bye Bye [preauth]
Apr  7 08:49:58 ovzhost sshd[911]: pam_unix(sshd:auth): authentication failure; logname= uid=0 euid=0 tty=ssh ruser= rhost=125.65.245.146  user=bin
Apr  7 08:50:00 ovzhost sshd[911]: Failed password for bin from 125.65.245.146 port 56267 ssh2
Apr  7 08:50:00 ovzhost sshd[911]: Received disconnect from 125.65.245.146: 11: Bye Bye [preauth]
Apr  7 08:50:02 ovzhost sshd[913]: Invalid user  from 180.96.19.163
Apr  7 08:50:02 ovzhost sshd[913]: input_userauth_request: invalid user  [preauth]
Apr  7 08:50:02 ovzhost sshd[915]: pam_unix(sshd:auth): authentication failure; logname= uid=0 euid=0 tty=ssh ruser= rhost=125.65.245.146  user=bin
Apr  7 08:50:02 ovzhost sshd[913]: Failed none for invalid user  from 180.96.19.163 port 21211 ssh2
Apr  7 08:50:03 ovzhost sshd[913]: Received disconnect from 180.96.19.163: 11: Bye Bye [preauth]
Apr  7 08:50:04 ovzhost sshd[915]: Failed password for bin from 125.65.245.146 port 57541 ssh2
Apr  7 08:50:05 ovzhost sshd[915]: Received disconnect from 125.65.245.146: 11: Bye Bye [preauth]
Apr  7 08:50:05 ovzhost sshd[917]: Invalid user aaa from 180.96.19.163
Apr  7 08:50:05 ovzhost sshd[917]: input_userauth_request: invalid user aaa [preauth]
Apr  7 08:50:05 ovzhost sshd[917]: pam_unix(sshd:auth): check pass; user unknown
Apr  7 08:50:05 ovzhost sshd[917]: pam_unix(sshd:auth): authentication failure; logname= uid=0 euid=0 tty=ssh ruser= rhost=180.96.19.163 
Apr  7 08:50:07 ovzhost sshd[919]: pam_unix(sshd:auth): authentication failure; logname= uid=0 euid=0 tty=ssh ruser= rhost=125.65.245.146  user=bin
Apr  7 08:50:08 ovzhost sshd[917]: Failed password for invalid user aaa from 180.96.19.163 port 21321 ssh2
Apr  7 08:50:08 ovzhost sshd[917]: Received disconnect from 180.96.19.163: 11: Bye Bye [preauth]
Apr  7 08:50:09 ovzhost sshd[919]: Failed password for bin from 125.65.245.146 port 58819 ssh2
Apr  7 08:50:09 ovzhost sshd[919]: Received disconnect from 125.65.245.146: 11: Bye Bye [preauth]
Apr  7 08:50:11 ovzhost sshd[921]: pam_unix(sshd:auth): authentication failure; logname= uid=0 euid=0 tty=ssh ruser= rhost=180.96.19.163  user=root
Apr  7 08:50:11 ovzhost sshd[923]: pam_unix(sshd:auth): authentication failure; logname= uid=0 euid=0 tty=ssh ruser= rhost=125.65.245.146  user=bin
Apr  7 08:50:13 ovzhost sshd[921]: Failed password for root from 180.96.19.163 port 21502 ssh2
Apr  7 08:50:14 ovzhost sshd[923]: Failed password for bin from 125.65.245.146 port 60088 ssh2
Apr  7 08:50:14 ovzhost sshd[923]: Received disconnect from 125.65.245.146: 11: Bye Bye [preauth]
Apr  7 08:50:14 ovzhost sshd[921]: Received disconnect from 180.96.19.163: 11: Bye Bye [preauth]
Apr  7 08:50:16 ovzhost sshd[925]: pam_unix(sshd:auth): authentication failure; logname= uid=0 euid=0 tty=ssh ruser= rhost=125.65.245.146  user=bin
Apr  7 08:50:16 ovzhost sshd[926]: pam_unix(sshd:auth): authentication failure; logname= uid=0 euid=0 tty=ssh ruser= rhost=180.96.19.163  user=root
Apr  7 08:50:18 ovzhost sshd[925]: Failed password for bin from 125.65.245.146 port 33220 ssh2
Apr  7 08:50:18 ovzhost sshd[925]: Received disconnect from 125.65.245.146: 11: Bye Bye [preauth]
Apr  7 08:50:18 ovzhost sshd[926]: Failed password for root from 180.96.19.163 port 21726 ssh2
Apr  7 08:50:18 ovzhost sshd[926]: Received disconnect from 180.96.19.163: 11: Bye Bye [preauth]
Apr  7 08:50:20 ovzhost sshd[929]: pam_unix(sshd:auth): authentication failure; logname= uid=0 euid=0 tty=ssh ruser= rhost=125.65.245.146  user=bin
Apr  7 08:50:20 ovzhost sshd[930]: pam_unix(sshd:auth): authentication failure; logname= uid=0 euid=0 tty=ssh ruser= rhost=180.96.19.163  user=root
Apr  7 08:50:21 ovzhost sshd[929]: Failed password for bin from 125.65.245.146 port 34384 ssh2
Apr  7 08:50:22 ovzhost sshd[930]: Failed password for root from 180.96.19.163 port 21884 ssh2
Apr  7 08:50:22 ovzhost sshd[929]: Received disconnect from 125.65.245.146: 11: Bye Bye [preauth]
Apr  7 08:50:22 ovzhost sshd[930]: Received disconnect from 180.96.19.163: 11: Bye Bye [preauth]
Apr  7 08:50:24 ovzhost sshd[933]: pam_unix(sshd:auth): authentication failure; logname= uid=0 euid=0 tty=ssh ruser= rhost=125.65.245.146  user=bin
Apr  7 08:50:24 ovzhost sshd[934]: pam_unix(sshd:auth): authentication failure; logname= uid=0 euid=0 tty=ssh ruser= rhost=180.96.19.163  user=root
Apr  7 08:50:26 ovzhost sshd[933]: Failed password for bin from 125.65.245.146 port 35485 ssh2
Apr  7 08:50:27 ovzhost sshd[934]: Failed password for root from 180.96.19.163 port 22017 ssh2
Apr  7 08:50:27 ovzhost sshd[933]: Received disconnect from 125.65.245.146: 11: Bye Bye [preauth]
Apr  7 08:50:27 ovzhost sshd[934]: Received disconnect from 180.96.19.163: 11: Bye Bye [preauth]
Apr  7 08:50:29 ovzhost sshd[937]: pam_unix(sshd:auth): authentication failure; logname= uid=0 euid=0 tty=ssh ruser= rhost=125.65.245.146  user=bin
Apr  7 08:50:29 ovzhost sshd[938]: pam_unix(sshd:auth): authentication failure; logname= uid=0 euid=0 tty=ssh ruser= rhost=180.96.19.163  user=root
Apr  7 08:50:31 ovzhost sshd[937]: Failed password for bin from 125.65.245.146 port 36862 ssh2
Apr  7 08:50:31 ovzhost sshd[938]: Failed password for root from 180.96.19.163 port 22173 ssh2
Apr  7 08:50:31 ovzhost sshd[937]: Received disconnect from 125.65.245.146: 11: Bye Bye [preauth]
Apr  7 08:50:32 ovzhost sshd[938]: Received disconnect from 180.96.19.163: 11: Bye Bye [preauth]
Apr  7 08:50:33 ovzhost sshd[941]: pam_unix(sshd:auth): authentication failure; logname= uid=0 euid=0 tty=ssh ruser= rhost=125.65.245.146  user=bin
Apr  7 08:50:35 ovzhost sshd[941]: Failed password for bin from 125.65.245.146 port 38163 ssh2
Apr  7 08:50:35 ovzhost sshd[941]: Received disconnect from 125.65.245.146: 11: Bye Bye [preauth]
Apr  7 08:50:35 ovzhost sshd[942]: pam_unix(sshd:auth): authentication failure; logname= uid=0 euid=0 tty=ssh ruser= rhost=180.96.19.163  user=root
Apr  7 08:50:37 ovzhost sshd[945]: pam_unix(sshd:auth): authentication failure; logname= uid=0 euid=0 tty=ssh ruser= rhost=125.65.245.146  user=bin
Apr  7 08:50:37 ovzhost sshd[942]: Failed password for root from 180.96.19.163 port 22335 ssh2
Apr  7 08:50:38 ovzhost sshd[942]: Received disconnect from 180.96.19.163: 11: Bye Bye [preauth]
Apr  7 08:50:40 ovzhost sshd[948]: pam_unix(sshd:auth): authentication failure; logname= uid=0 euid=0 tty=ssh ruser= rhost=180.96.19.163  user=root
Apr  7 08:50:40 ovzhost sshd[945]: Failed password for bin from 125.65.245.146 port 39333 ssh2
Apr  7 08:50:40 ovzhost sshd[945]: Received disconnect from 125.65.245.146: 11: Bye Bye [preauth]
Apr  7 08:50:42 ovzhost sshd[950]: pam_unix(sshd:auth): authentication failure; logname= uid=0 euid=0 tty=ssh ruser= rhost=125.65.245.146  user=bin
Apr  7 08:50:42 ovzhost sshd[948]: Failed password for root from 180.96.19.163 port 22546 ssh2
Apr  7 08:50:42 ovzhost sshd[948]: Received disconnect from 180.96.19.163: 11: Bye Bye [preauth]
Apr  7 08:50:44 ovzhost sshd[950]: Failed password for bin from 125.65.245.146 port 40664 ssh2
Apr  7 08:50:44 ovzhost sshd[950]: Received disconnect from 125.65.245.146: 11: Bye Bye [preauth]
Apr  7 08:50:45 ovzhost sshd[952]: pam_unix(sshd:auth): authentication failure; logname= uid=0 euid=0 tty=ssh ruser= rhost=180.96.19.163  user=root
Apr  7 08:50:46 ovzhost sshd[954]: pam_unix(sshd:auth): authentication failure; logname= uid=0 euid=0 tty=ssh ruser= rhost=125.65.245.146  user=bin
Apr  7 08:50:47 ovzhost sshd[952]: Failed password for root from 180.96.19.163 port 22714 ssh2
Apr  7 08:50:48 ovzhost sshd[952]: Received disconnect from 180.96.19.163: 11: Bye Bye [preauth]
Apr  7 08:50:48 ovzhost sshd[954]: Failed password for bin from 125.65.245.146 port 41881 ssh2
Apr  7 08:50:49 ovzhost sshd[954]: Received disconnect from 125.65.245.146: 11: Bye Bye [preauth]
Apr  7 08:50:51 ovzhost sshd[958]: pam_unix(sshd:auth): authentication failure; logname= uid=0 euid=0 tty=ssh ruser= rhost=125.65.245.146  user=bin
Apr  7 08:50:51 ovzhost sshd[956]: pam_unix(sshd:auth): authentication failure; logname= uid=0 euid=0 tty=ssh ruser= rhost=180.96.19.163  user=root
Apr  7 08:50:52 ovzhost sshd[958]: Failed password for bin from 125.65.245.146 port 43141 ssh2
Apr  7 08:50:53 ovzhost sshd[956]: Failed password for root from 180.96.19.163 port 22905 ssh2
Apr  7 08:50:53 ovzhost sshd[958]: Received disconnect from 125.65.245.146: 11: Bye Bye [preauth]
Apr  7 08:50:53 ovzhost sshd[956]: Received disconnect from 180.96.19.163: 11: Bye Bye [preauth]
Apr  7 08:50:55 ovzhost sshd[961]: pam_unix(sshd:auth): authentication failure; logname= uid=0 euid=0 tty=ssh ruser= rhost=180.96.19.163  user=root
Apr  7 08:50:55 ovzhost sshd[960]: pam_unix(sshd:auth): authentication failure; logname= uid=0 euid=0 tty=ssh ruser= rhost=125.65.245.146  user=bin
Apr  7 08:50:57 ovzhost sshd[961]: Failed password for root from 180.96.19.163 port 23065 ssh2
Apr  7 08:50:57 ovzhost sshd[960]: Failed password for bin from 125.65.245.146 port 44316 ssh2
Apr  7 08:50:57 ovzhost sshd[961]: Received disconnect from 180.96.19.163: 11: Bye Bye [preauth]
Apr  7 08:50:57 ovzhost sshd[960]: Received disconnect from 125.65.245.146: 11: Bye Bye [preauth]
Apr  7 08:50:59 ovzhost sshd[967]: pam_unix(sshd:auth): authentication failure; logname= uid=0 euid=0 tty=ssh ruser= rhost=125.65.245.146  user=bin
Apr  7 08:51:02 ovzhost sshd[966]: pam_unix(sshd:auth): authentication failure; logname= uid=0 euid=0 tty=ssh ruser= rhost=180.96.19.163  user=root
Apr  7 08:51:02 ovzhost sshd[967]: Failed password for bin from 125.65.245.146 port 45664 ssh2
Apr  7 08:51:02 ovzhost sshd[967]: Received disconnect from 125.65.245.146: 11: Bye Bye [preauth]
Apr  7 08:51:03 ovzhost sshd[966]: Failed password for root from 180.96.19.163 port 23229 ssh2
Apr  7 08:51:03 ovzhost sshd[966]: Received disconnect from 180.96.19.163: 11: Bye Bye [preauth]
Apr  7 08:51:04 ovzhost sshd[970]: pam_unix(sshd:auth): authentication failure; logname= uid=0 euid=0 tty=ssh ruser= rhost=125.65.245.146  user=bin
Apr  7 08:51:07 ovzhost sshd[970]: Failed password for bin from 125.65.245.146 port 46990 ssh2
Apr  7 08:51:07 ovzhost sshd[970]: Received disconnect from 125.65.245.146: 11: Bye Bye [preauth]
Apr  7 08:51:09 ovzhost sshd[974]: pam_unix(sshd:auth): authentication failure; logname= uid=0 euid=0 tty=ssh ruser= rhost=125.65.245.146  user=bin
Apr  7 08:51:09 ovzhost sshd[972]: pam_unix(sshd:auth): authentication failure; logname= uid=0 euid=0 tty=ssh ruser= rhost=180.96.19.163  user=root
Apr  7 08:51:11 ovzhost sshd[974]: Failed password for bin from 125.65.245.146 port 48296 ssh2
Apr  7 08:51:11 ovzhost sshd[974]: Received disconnect from 125.65.245.146: 11: Bye Bye [preauth]
Apr  7 08:51:11 ovzhost sshd[972]: Failed password for root from 180.96.19.163 port 23428 ssh2
Apr  7 08:51:12 ovzhost sshd[972]: Received disconnect from 180.96.19.163: 11: Bye Bye [preauth]
Apr  7 08:51:13 ovzhost sshd[976]: pam_unix(sshd:auth): authentication failure; logname= uid=0 euid=0 tty=ssh ruser= rhost=125.65.245.146  user=bin
Apr  7 08:51:14 ovzhost sshd[978]: pam_unix(sshd:auth): authentication failure; logname= uid=0 euid=0 tty=ssh ruser= rhost=180.96.19.163  user=root
Apr  7 08:51:15 ovzhost sshd[976]: Failed password for bin from 125.65.245.146 port 49522 ssh2
Apr  7 08:51:16 ovzhost sshd[978]: Failed password for root from 180.96.19.163 port 23727 ssh2
Apr  7 08:51:16 ovzhost sshd[976]: Received disconnect from 125.65.245.146: 11: Bye Bye [preauth]
Apr  7 08:51:16 ovzhost sshd[978]: Received disconnect from 180.96.19.163: 11: Bye Bye [preauth]
Apr  7 08:51:18 ovzhost sshd[980]: pam_unix(sshd:auth): authentication failure; logname= uid=0 euid=0 tty=ssh ruser= rhost=125.65.245.146  user=bin
Apr  7 08:51:18 ovzhost sshd[981]: pam_unix(sshd:auth): authentication failure; logname= uid=0 euid=0 tty=ssh ruser= rhost=180.96.19.163  user=root
Apr  7 08:51:20 ovzhost sshd[980]: Failed password for bin from 125.65.245.146 port 50828 ssh2
Apr  7 08:51:20 ovzhost sshd[980]: Received disconnect from 125.65.245.146: 11: Bye Bye [preauth]
Apr  7 08:51:21 ovzhost sshd[981]: Failed password for root from 180.96.19.163 port 23881 ssh2
Apr  7 08:51:21 ovzhost sshd[981]: Received disconnect from 180.96.19.163: 11: Bye Bye [preauth]
Apr  7 08:51:22 ovzhost sshd[984]: pam_unix(sshd:auth): authentication failure; logname= uid=0 euid=0 tty=ssh ruser= rhost=125.65.245.146  user=bin
Apr  7 08:51:23 ovzhost sshd[986]: pam_unix(sshd:auth): authentication failure; logname= uid=0 euid=0 tty=ssh ruser= rhost=180.96.19.163  user=root
Apr  7 08:51:24 ovzhost sshd[984]: Failed password for bin from 125.65.245.146 port 52043 ssh2
Apr  7 08:51:24 ovzhost sshd[984]: Received disconnect from 125.65.245.146: 11: Bye Bye [preauth]
Apr  7 08:51:26 ovzhost sshd[986]: Failed password for root from 180.96.19.163 port 24059 ssh2
Apr  7 08:51:26 ovzhost sshd[986]: Received disconnect from 180.96.19.163: 11: Bye Bye [preauth]
Apr  7 08:51:26 ovzhost sshd[988]: pam_unix(sshd:auth): authentication failure; logname= uid=0 euid=0 tty=ssh ruser= rhost=125.65.245.146  user=bin
Apr  7 08:51:28 ovzhost sshd[988]: Failed password for bin from 125.65.245.146 port 53253 ssh2
Apr  7 08:51:28 ovzhost sshd[990]: pam_unix(sshd:auth): authentication failure; logname= uid=0 euid=0 tty=ssh ruser= rhost=180.96.19.163  user=root
Apr  7 08:51:28 ovzhost sshd[988]: Received disconnect from 125.65.245.146: 11: Bye Bye [preauth]
Apr  7 08:51:30 ovzhost sshd[990]: Failed password for root from 180.96.19.163 port 24240 ssh2
Apr  7 08:51:30 ovzhost sshd[990]: Received disconnect from 180.96.19.163: 11: Bye Bye [preauth]
Apr  7 08:51:30 ovzhost sshd[992]: pam_unix(sshd:auth): authentication failure; logname= uid=0 euid=0 tty=ssh ruser= rhost=125.65.245.146  user=bin
Apr  7 08:51:32 ovzhost sshd[992]: Failed password for bin from 125.65.245.146 port 54326 ssh2
Apr  7 08:51:32 ovzhost sshd[994]: pam_unix(sshd:auth): authentication failure; logname= uid=0 euid=0 tty=ssh ruser= rhost=180.96.19.163  user=root
Apr  7 08:51:32 ovzhost sshd[992]: Received disconnect from 125.65.245.146: 11: Bye Bye [preauth]
Apr  7 08:51:34 ovzhost sshd[998]: pam_unix(sshd:auth): authentication failure; logname= uid=0 euid=0 tty=ssh ruser= rhost=125.65.245.146  user=bin
Apr  7 08:51:34 ovzhost sshd[994]: Failed password for root from 180.96.19.163 port 24377 ssh2
Apr  7 08:51:35 ovzhost sshd[994]: Received disconnect from 180.96.19.163: 11: Bye Bye [preauth]
Apr  7 08:51:37 ovzhost sshd[998]: Failed password for bin from 125.65.245.146 port 55541 ssh2
Apr  7 08:51:37 ovzhost sshd[998]: Received disconnect from 125.65.245.146: 11: Bye Bye [preauth]
Apr  7 08:51:39 ovzhost sshd[1000]: pam_unix(sshd:auth): authentication failure; logname= uid=0 euid=0 tty=ssh ruser= rhost=180.96.19.163  user=root
Apr  7 08:51:39 ovzhost sshd[1002]: pam_unix(sshd:auth): authentication failure; logname= uid=0 euid=0 tty=ssh ruser= rhost=125.65.245.146  user=bin
Apr  7 08:51:41 ovzhost sshd[1000]: Failed password for root from 180.96.19.163 port 24580 ssh2
Apr  7 08:51:41 ovzhost sshd[1002]: Failed password for bin from 125.65.245.146 port 56792 ssh2
Apr  7 08:51:41 ovzhost sshd[1002]: Received disconnect from 125.65.245.146: 11: Bye Bye [preauth]
Apr  7 08:51:41 ovzhost sshd[1000]: Received disconnect from 180.96.19.163: 11: Bye Bye [preauth]
Apr  7 08:51:43 ovzhost sshd[1004]: pam_unix(sshd:auth): authentication failure; logname= uid=0 euid=0 tty=ssh ruser= rhost=180.96.19.163  user=root
Apr  7 08:51:43 ovzhost sshd[1005]: pam_unix(sshd:auth): authentication failure; logname= uid=0 euid=0 tty=ssh ruser= rhost=125.65.245.146  user=bin
Apr  7 08:51:45 ovzhost sshd[1004]: Failed password for root from 180.96.19.163 port 24758 ssh2
Apr  7 08:51:45 ovzhost sshd[1005]: Failed password for bin from 125.65.245.146 port 57941 ssh2
Apr  7 08:51:45 ovzhost sshd[1004]: Received disconnect from 180.96.19.163: 11: Bye Bye [preauth]
Apr  7 08:51:45 ovzhost sshd[1005]: Received disconnect from 125.65.245.146: 11: Bye Bye [preauth]
Apr  7 08:51:47 ovzhost sshd[1008]: pam_unix(sshd:auth): authentication failure; logname= uid=0 euid=0 tty=ssh ruser= rhost=180.96.19.163  user=root
Apr  7 08:51:47 ovzhost sshd[1009]: pam_unix(sshd:auth): authentication failure; logname= uid=0 euid=0 tty=ssh ruser= rhost=125.65.245.146  user=bin
Apr  7 08:51:49 ovzhost sshd[1008]: Failed password for root from 180.96.19.163 port 24906 ssh2
Apr  7 08:51:49 ovzhost sshd[1009]: Failed password for bin from 125.65.245.146 port 59125 ssh2
Apr  7 08:51:49 ovzhost sshd[1008]: Received disconnect from 180.96.19.163: 11: Bye Bye [preauth]
Apr  7 08:51:49 ovzhost sshd[1009]: Received disconnect from 125.65.245.146: 11: Bye Bye [preauth]
Apr  7 08:51:51 ovzhost sshd[1012]: pam_unix(sshd:auth): authentication failure; logname= uid=0 euid=0 tty=ssh ruser= rhost=180.96.19.163  user=root
Apr  7 08:51:51 ovzhost sshd[1013]: pam_unix(sshd:auth): authentication failure; logname= uid=0 euid=0 tty=ssh ruser= rhost=125.65.245.146  user=bin
Apr  7 08:51:53 ovzhost sshd[1012]: Failed password for root from 180.96.19.163 port 52516 ssh2
Apr  7 08:51:53 ovzhost sshd[1012]: Received disconnect from 180.96.19.163: 11: Bye Bye [preauth]
Apr  7 08:51:53 ovzhost sshd[1013]: Failed password for bin from 125.65.245.146 port 60347 ssh2
Apr  7 08:51:53 ovzhost sshd[1013]: Received disconnect from 125.65.245.146: 11: Bye Bye [preauth]
Apr  7 08:51:55 ovzhost sshd[1016]: pam_unix(sshd:auth): authentication failure; logname= uid=0 euid=0 tty=ssh ruser= rhost=180.96.19.163  user=root
Apr  7 08:51:55 ovzhost sshd[1018]: pam_unix(sshd:auth): authentication failure; logname= uid=0 euid=0 tty=ssh ruser= rhost=125.65.245.146  user=bin
Apr  7 08:51:57 ovzhost sshd[1016]: Failed password for root from 180.96.19.163 port 52652 ssh2
Apr  7 08:51:57 ovzhost sshd[1016]: Received disconnect from 180.96.19.163: 11: Bye Bye [preauth]
Apr  7 08:51:57 ovzhost sshd[1018]: Failed password for bin from 125.65.245.146 port 33257 ssh2
Apr  7 08:51:58 ovzhost sshd[1018]: Received disconnect from 125.65.245.146: 11: Bye Bye [preauth]
Apr  7 08:51:59 ovzhost sshd[1022]: pam_unix(sshd:auth): authentication failure; logname= uid=0 euid=0 tty=ssh ruser= rhost=125.65.245.146  user=bin
Apr  7 08:52:00 ovzhost sshd[1020]: pam_unix(sshd:auth): authentication failure; logname= uid=0 euid=0 tty=ssh ruser= rhost=180.96.19.163  user=root
Apr  7 08:52:02 ovzhost sshd[1022]: Failed password for bin from 125.65.245.146 port 34410 ssh2
Apr  7 08:52:02 ovzhost sshd[1020]: Failed password for root from 180.96.19.163 port 52799 ssh2
Apr  7 08:52:02 ovzhost sshd[1022]: Received disconnect from 125.65.245.146: 11: Bye Bye [preauth]
Apr  7 08:52:02 ovzhost sshd[1020]: Received disconnect from 180.96.19.163: 11: Bye Bye [preauth]
Apr  7 08:52:04 ovzhost sshd[1026]: pam_unix(sshd:auth): authentication failure; logname= uid=0 euid=0 tty=ssh ruser= rhost=125.65.245.146  user=bin
Apr  7 08:52:05 ovzhost sshd[1026]: Failed password for bin from 125.65.245.146 port 35621 ssh2
Apr  7 08:52:06 ovzhost sshd[1026]: Received disconnect from 125.65.245.146: 11: Bye Bye [preauth]
Apr  7 08:52:06 ovzhost sshd[1027]: pam_unix(sshd:auth): authentication failure; logname= uid=0 euid=0 tty=ssh ruser= rhost=180.96.19.163  user=root
Apr  7 08:52:07 ovzhost sshd[1030]: pam_unix(sshd:auth): authentication failure; logname= uid=0 euid=0 tty=ssh ruser= rhost=125.65.245.146  user=bin
Apr  7 08:52:08 ovzhost sshd[1027]: Failed password for root from 180.96.19.163 port 52975 ssh2
Apr  7 08:52:08 ovzhost sshd[1027]: Received disconnect from 180.96.19.163: 11: Bye Bye [preauth]
Apr  7 08:52:10 ovzhost sshd[1030]: Failed password for bin from 125.65.245.146 port 36730 ssh2
Apr  7 08:52:10 ovzhost sshd[1030]: Received disconnect from 125.65.245.146: 11: Bye Bye [preauth]
Apr  7 08:52:12 ovzhost sshd[1032]: pam_unix(sshd:auth): authentication failure; logname= uid=0 euid=0 tty=ssh ruser= rhost=180.96.19.163  user=root
Apr  7 08:52:12 ovzhost sshd[1036]: pam_unix(sshd:auth): authentication failure; logname= uid=0 euid=0 tty=ssh ruser= rhost=125.65.245.146  user=bin
Apr  7 08:52:14 ovzhost sshd[1032]: Failed password for root from 180.96.19.163 port 53163 ssh2
Apr  7 08:52:15 ovzhost sshd[1036]: Failed password for bin from 125.65.245.146 port 37999 ssh2
Apr  7 08:52:15 ovzhost sshd[1036]: Received disconnect from 125.65.245.146: 11: Bye Bye [preauth]
Apr  7 08:52:15 ovzhost sshd[1032]: Received disconnect from 180.96.19.163: 11: Bye Bye [preauth]
Apr  7 08:52:17 ovzhost sshd[1038]: pam_unix(sshd:auth): authentication failure; logname= uid=0 euid=0 tty=ssh ruser= rhost=125.65.245.146  user=bin
Apr  7 08:52:18 ovzhost sshd[1039]: pam_unix(sshd:auth): authentication failure; logname= uid=0 euid=0 tty=ssh ruser= rhost=180.96.19.163  user=root
Apr  7 08:52:19 ovzhost sshd[1038]: Failed password for bin from 125.65.245.146 port 39193 ssh2
Apr  7 08:52:19 ovzhost sshd[1038]: Received disconnect from 125.65.245.146: 11: Bye Bye [preauth]
Apr  7 08:52:19 ovzhost sshd[1039]: Failed password for root from 180.96.19.163 port 53386 ssh2
Apr  7 08:52:20 ovzhost sshd[1039]: Received disconnect from 180.96.19.163: 11: Bye Bye [preauth]
Apr  7 08:52:21 ovzhost sshd[1042]: pam_unix(sshd:auth): authentication failure; logname= uid=0 euid=0 tty=ssh ruser= rhost=125.65.245.146  user=bin
Apr  7 08:52:23 ovzhost sshd[1042]: Failed password for bin from 125.65.245.146 port 40326 ssh2
Apr  7 08:52:23 ovzhost sshd[1042]: Received disconnect from 125.65.245.146: 11: Bye Bye [preauth]
Apr  7 08:52:24 ovzhost sshd[1044]: pam_unix(sshd:auth): authentication failure; logname= uid=0 euid=0 tty=ssh ruser= rhost=180.96.19.163  user=root
Apr  7 08:52:25 ovzhost sshd[1046]: pam_unix(sshd:auth): authentication failure; logname= uid=0 euid=0 tty=ssh ruser= rhost=125.65.245.146  user=bin
Apr  7 08:52:26 ovzhost sshd[1044]: Failed password for root from 180.96.19.163 port 53560 ssh2
Apr  7 08:52:26 ovzhost sshd[1044]: Received disconnect from 180.96.19.163: 11: Bye Bye [preauth]
Apr  7 08:52:27 ovzhost sshd[1046]: Failed password for bin from 125.65.245.146 port 41507 ssh2
Apr  7 08:52:27 ovzhost sshd[1046]: Received disconnect from 125.65.245.146: 11: Bye Bye [preauth]
Apr  7 08:52:29 ovzhost sshd[1048]: pam_unix(sshd:auth): authentication failure; logname= uid=0 euid=0 tty=ssh ruser= rhost=180.96.19.163  user=root
Apr  7 08:52:29 ovzhost sshd[1050]: Invalid user etho from 125.65.245.146
Apr  7 08:52:29 ovzhost sshd[1050]: input_userauth_request: invalid user etho [preauth]
Apr  7 08:52:29 ovzhost sshd[1050]: pam_unix(sshd:auth): check pass; user unknown
Apr  7 08:52:29 ovzhost sshd[1050]: pam_unix(sshd:auth): authentication failure; logname= uid=0 euid=0 tty=ssh ruser= rhost=125.65.245.146 
Apr  7 08:52:31 ovzhost sshd[1048]: Failed password for root from 180.96.19.163 port 53797 ssh2
Apr  7 08:52:31 ovzhost sshd[1050]: Failed password for invalid user etho from 125.65.245.146 port 42668 ssh2
Apr  7 08:52:31 ovzhost sshd[1048]: Received disconnect from 180.96.19.163: 11: Bye Bye [preauth]
Apr  7 08:52:31 ovzhost sshd[1050]: Received disconnect from 125.65.245.146: 11: Bye Bye [preauth]
Apr  7 08:52:33 ovzhost sshd[1054]: Invalid user ftpuser from 125.65.245.146
Apr  7 08:52:33 ovzhost sshd[1054]: input_userauth_request: invalid user ftpuser [preauth]
Apr  7 08:52:33 ovzhost sshd[1054]: pam_unix(sshd:auth): check pass; user unknown
Apr  7 08:52:33 ovzhost sshd[1054]: pam_unix(sshd:auth): authentication failure; logname= uid=0 euid=0 tty=ssh ruser= rhost=125.65.245.146 
Apr  7 08:52:35 ovzhost sshd[1054]: Failed password for invalid user ftpuser from 125.65.245.146 port 43811 ssh2
Apr  7 08:52:35 ovzhost sshd[1054]: Received disconnect from 125.65.245.146: 11: Bye Bye [preauth]
Apr  7 08:52:36 ovzhost sshd[1052]: pam_unix(sshd:auth): authentication failure; logname= uid=0 euid=0 tty=ssh ruser= rhost=180.96.19.163  user=root
Apr  7 08:52:37 ovzhost sshd[1057]: Invalid user ghost from 125.65.245.146
Apr  7 08:52:37 ovzhost sshd[1057]: input_userauth_request: invalid user ghost [preauth]
Apr  7 08:52:37 ovzhost sshd[1057]: pam_unix(sshd:auth): check pass; user unknown
Apr  7 08:52:37 ovzhost sshd[1057]: pam_unix(sshd:auth): authentication failure; logname= uid=0 euid=0 tty=ssh ruser= rhost=125.65.245.146 
Apr  7 08:52:39 ovzhost sshd[1052]: Failed password for root from 180.96.19.163 port 53973 ssh2
Apr  7 08:52:39 ovzhost sshd[1052]: Received disconnect from 180.96.19.163: 11: Bye Bye [preauth]
Apr  7 08:52:39 ovzhost sshd[1057]: Failed password for invalid user ghost from 125.65.245.146 port 44938 ssh2
Apr  7 08:52:40 ovzhost sshd[1057]: Received disconnect from 125.65.245.146: 11: Bye Bye [preauth]
Apr  7 08:52:42 ovzhost sshd[1061]: Invalid user htet from 125.65.245.146
Apr  7 08:52:42 ovzhost sshd[1061]: input_userauth_request: invalid user htet [preauth]
Apr  7 08:52:42 ovzhost sshd[1061]: pam_unix(sshd:auth): check pass; user unknown
Apr  7 08:52:42 ovzhost sshd[1061]: pam_unix(sshd:auth): authentication failure; logname= uid=0 euid=0 tty=ssh ruser= rhost=125.65.245.146 
Apr  7 08:52:43 ovzhost sshd[1059]: pam_unix(sshd:auth): authentication failure; logname= uid=0 euid=0 tty=ssh ruser= rhost=180.96.19.163  user=root
Apr  7 08:52:44 ovzhost sshd[1061]: Failed password for invalid user htet from 125.65.245.146 port 46107 ssh2
Apr  7 08:52:44 ovzhost sshd[1061]: Received disconnect from 125.65.245.146: 11: Bye Bye [preauth]
Apr  7 08:52:46 ovzhost sshd[1063]: Invalid user last from 125.65.245.146
Apr  7 08:52:46 ovzhost sshd[1063]: input_userauth_request: invalid user last [preauth]
Apr  7 08:52:46 ovzhost sshd[1063]: pam_unix(sshd:auth): check pass; user unknown
Apr  7 08:52:46 ovzhost sshd[1063]: pam_unix(sshd:auth): authentication failure; logname= uid=0 euid=0 tty=ssh ruser= rhost=125.65.245.146 
Apr  7 08:52:46 ovzhost sshd[1059]: Failed password for root from 180.96.19.163 port 54231 ssh2
Apr  7 08:52:47 ovzhost sshd[1059]: Received disconnect from 180.96.19.163: 11: Bye Bye [preauth]
Apr  7 08:52:48 ovzhost sshd[1063]: Failed password for invalid user last from 125.65.245.146 port 47307 ssh2
Apr  7 08:52:48 ovzhost sshd[1063]: Received disconnect from 125.65.245.146: 11: Bye Bye [preauth]
Apr  7 08:52:49 ovzhost sshd[1065]: pam_unix(sshd:auth): authentication failure; logname= uid=0 euid=0 tty=ssh ruser= rhost=180.96.19.163  user=root
Apr  7 08:52:50 ovzhost sshd[1067]: Invalid user mp3 from 125.65.245.146
Apr  7 08:52:50 ovzhost sshd[1067]: input_userauth_request: invalid user mp3 [preauth]
Apr  7 08:52:50 ovzhost sshd[1067]: pam_unix(sshd:auth): check pass; user unknown
Apr  7 08:52:50 ovzhost sshd[1067]: pam_unix(sshd:auth): authentication failure; logname= uid=0 euid=0 tty=ssh ruser= rhost=125.65.245.146 
Apr  7 08:52:51 ovzhost sshd[1065]: Failed password for root from 180.96.19.163 port 54495 ssh2
Apr  7 08:52:52 ovzhost sshd[1067]: Failed password for invalid user mp3 from 125.65.245.146 port 48365 ssh2
Apr  7 08:52:52 ovzhost sshd[1067]: Received disconnect from 125.65.245.146: 11: Bye Bye [preauth]
Apr  7 08:52:52 ovzhost sshd[1065]: Received disconnect from 180.96.19.163: 11: Bye Bye [preauth]
Apr  7 08:52:54 ovzhost sshd[1070]: pam_unix(sshd:auth): authentication failure; logname= uid=0 euid=0 tty=ssh ruser= rhost=180.96.19.163  user=root
Apr  7 08:52:55 ovzhost sshd[1069]: Invalid user msr from 125.65.245.146
Apr  7 08:52:55 ovzhost sshd[1069]: input_userauth_request: invalid user msr [preauth]
Apr  7 08:52:55 ovzhost sshd[1069]: pam_unix(sshd:auth): check pass; user unknown
Apr  7 08:52:55 ovzhost sshd[1069]: pam_unix(sshd:auth): authentication failure; logname= uid=0 euid=0 tty=ssh ruser= rhost=125.65.245.146 
Apr  7 08:52:57 ovzhost sshd[1070]: Failed password for root from 180.96.19.163 port 54692 ssh2
Apr  7 08:52:57 ovzhost sshd[1069]: Failed password for invalid user msr from 125.65.245.146 port 49456 ssh2
Apr  7 08:52:57 ovzhost sshd[1070]: Received disconnect from 180.96.19.163: 11: Bye Bye [preauth]
Apr  7 08:52:58 ovzhost sshd[1069]: Received disconnect from 125.65.245.146: 11: Bye Bye [preauth]
Apr  7 08:52:59 ovzhost sshd[1074]: Invalid user network from 125.65.245.146
Apr  7 08:52:59 ovzhost sshd[1074]: input_userauth_request: invalid user network [preauth]
Apr  7 08:52:59 ovzhost sshd[1074]: pam_unix(sshd:auth): check pass; user unknown
Apr  7 08:52:59 ovzhost sshd[1074]: pam_unix(sshd:auth): authentication failure; logname= uid=0 euid=0 tty=ssh ruser= rhost=125.65.245.146 
Apr  7 08:53:01 ovzhost sshd[1073]: pam_unix(sshd:auth): authentication failure; logname= uid=0 euid=0 tty=ssh ruser= rhost=180.96.19.163  user=root
Apr  7 08:53:02 ovzhost sshd[1074]: Failed password for invalid user network from 125.65.245.146 port 50935 ssh2
Apr  7 08:53:02 ovzhost sshd[1074]: Received disconnect from 125.65.245.146: 11: Bye Bye [preauth]
Apr  7 08:53:03 ovzhost sshd[1073]: Failed password for root from 180.96.19.163 port 54844 ssh2
Apr  7 08:53:03 ovzhost sshd[1073]: Received disconnect from 180.96.19.163: 11: Bye Bye [preauth]
Apr  7 08:53:04 ovzhost sshd[1077]: pam_unix(sshd:auth): authentication failure; logname= uid=0 euid=0 tty=ssh ruser= rhost=125.65.245.146  user=news
Apr  7 08:53:05 ovzhost sshd[1080]: pam_unix(sshd:auth): authentication failure; logname= uid=0 euid=0 tty=ssh ruser= rhost=180.96.19.163  user=root
Apr  7 08:53:05 ovzhost sshd[1082]: pam_unix(sshd:auth): authentication failure; logname= uid=0 euid=0 tty=ssh ruser= rhost=43.255.190.164  user=root
Apr  7 08:53:06 ovzhost sshd[1077]: Failed password for news from 125.65.245.146 port 52079 ssh2
Apr  7 08:53:06 ovzhost sshd[1077]: Received disconnect from 125.65.245.146: 11: Bye Bye [preauth]
Apr  7 08:53:07 ovzhost sshd[1080]: Failed password for root from 180.96.19.163 port 55055 ssh2
Apr  7 08:53:07 ovzhost sshd[1082]: Failed password for root from 43.255.190.164 port 35036 ssh2
Apr  7 08:53:08 ovzhost sshd[1080]: Received disconnect from 180.96.19.163: 11: Bye Bye [preauth]
Apr  7 08:53:08 ovzhost sshd[1084]: Invalid user nmrsu from 125.65.245.146
Apr  7 08:53:08 ovzhost sshd[1084]: input_userauth_request: invalid user nmrsu [preauth]
Apr  7 08:53:08 ovzhost sshd[1084]: pam_unix(sshd:auth): check pass; user unknown
Apr  7 08:53:08 ovzhost sshd[1084]: pam_unix(sshd:auth): authentication failure; logname= uid=0 euid=0 tty=ssh ruser= rhost=125.65.245.146 
Apr  7 08:53:09 ovzhost sshd[1084]: Failed password for invalid user nmrsu from 125.65.245.146 port 53160 ssh2
Apr  7 08:53:10 ovzhost sshd[1086]: pam_unix(sshd:auth): authentication failure; logname= uid=0 euid=0 tty=ssh ruser= rhost=180.96.19.163  user=root
Apr  7 08:53:10 ovzhost sshd[1084]: Received disconnect from 125.65.245.146: 11: Bye Bye [preauth]
Apr  7 08:53:11 ovzhost sshd[1086]: Failed password for root from 180.96.19.163 port 55225 ssh2
Apr  7 08:53:11 ovzhost sshd[1082]: message repeated 2 times: [ Failed password for root from 43.255.190.164 port 35036 ssh2]
Apr  7 08:53:11 ovzhost sshd[1082]: Received disconnect from 43.255.190.164: 11:  [preauth]
Apr  7 08:53:11 ovzhost sshd[1082]: PAM 2 more authentication failures; logname= uid=0 euid=0 tty=ssh ruser= rhost=43.255.190.164  user=root
Apr  7 08:53:11 ovzhost sshd[1086]: Received disconnect from 180.96.19.163: 11: Bye Bye [preauth]
Apr  7 08:53:12 ovzhost sshd[1088]: Invalid user nologin from 125.65.245.146
Apr  7 08:53:12 ovzhost sshd[1088]: input_userauth_request: invalid user nologin [preauth]
Apr  7 08:53:12 ovzhost sshd[1088]: pam_unix(sshd:auth): check pass; user unknown
Apr  7 08:53:12 ovzhost sshd[1088]: pam_unix(sshd:auth): authentication failure; logname= uid=0 euid=0 tty=ssh ruser= rhost=125.65.245.146 
Apr  7 08:53:12 ovzhost sshd[1090]: pam_unix(sshd:auth): authentication failure; logname= uid=0 euid=0 tty=ssh ruser= rhost=43.255.190.164  user=root
Apr  7 08:53:13 ovzhost sshd[1088]: Failed password for invalid user nologin from 125.65.245.146 port 54177 ssh2
Apr  7 08:53:14 ovzhost sshd[1088]: Received disconnect from 125.65.245.146: 11: Bye Bye [preauth]
Apr  7 08:53:14 ovzhost sshd[1090]: Failed password for root from 43.255.190.164 port 51145 ssh2
Apr  7 08:53:15 ovzhost sshd[1092]: pam_unix(sshd:auth): authentication failure; logname= uid=0 euid=0 tty=ssh ruser= rhost=180.96.19.163  user=root
Apr  7 08:53:16 ovzhost sshd[1094]: Invalid user NpC from 125.65.245.146
Apr  7 08:53:16 ovzhost sshd[1094]: input_userauth_request: invalid user NpC [preauth]
Apr  7 08:53:16 ovzhost sshd[1094]: pam_unix(sshd:auth): check pass; user unknown
Apr  7 08:53:16 ovzhost sshd[1094]: pam_unix(sshd:auth): authentication failure; logname= uid=0 euid=0 tty=ssh ruser= rhost=125.65.245.146 
Apr  7 08:53:16 ovzhost sshd[1092]: Failed password for root from 180.96.19.163 port 55352 ssh2
Apr  7 08:53:17 ovzhost sshd[1092]: Received disconnect from 180.96.19.163: 11: Bye Bye [preauth]
Apr  7 08:53:17 ovzhost sshd[1094]: Failed password for invalid user NpC from 125.65.245.146 port 55261 ssh2
Apr  7 08:53:17 ovzhost sshd[1094]: Received disconnect from 125.65.245.146: 11: Bye Bye [preauth]
Apr  7 08:53:17 ovzhost sshd[1090]: message repeated 2 times: [ Failed password for root from 43.255.190.164 port 51145 ssh2]
Apr  7 08:53:17 ovzhost sshd[1090]: Received disconnect from 43.255.190.164: 11:  [preauth]
Apr  7 08:53:17 ovzhost sshd[1090]: PAM 2 more authentication failures; logname= uid=0 euid=0 tty=ssh ruser= rhost=43.255.190.164  user=root
Apr  7 08:53:18 ovzhost sshd[1097]: pam_unix(sshd:auth): authentication failure; logname= uid=0 euid=0 tty=ssh ruser= rhost=43.255.190.164  user=root
Apr  7 08:53:19 ovzhost sshd[1100]: Invalid user oracle from 125.65.245.146
Apr  7 08:53:19 ovzhost sshd[1100]: input_userauth_request: invalid user oracle [preauth]
Apr  7 08:53:19 ovzhost sshd[1100]: pam_unix(sshd:auth): check pass; user unknown
Apr  7 08:53:19 ovzhost sshd[1100]: pam_unix(sshd:auth): authentication failure; logname= uid=0 euid=0 tty=ssh ruser= rhost=125.65.245.146 
Apr  7 08:53:20 ovzhost sshd[1097]: Failed password for root from 43.255.190.164 port 38298 ssh2
Apr  7 08:53:20 ovzhost sshd[1096]: pam_unix(sshd:auth): authentication failure; logname= uid=0 euid=0 tty=ssh ruser= rhost=180.96.19.163  user=root
Apr  7 08:53:21 ovzhost sshd[1100]: Failed password for invalid user oracle from 125.65.245.146 port 56302 ssh2
Apr  7 08:53:22 ovzhost sshd[1100]: Received disconnect from 125.65.245.146: 11: Bye Bye [preauth]
Apr  7 08:53:22 ovzhost sshd[1096]: Failed password for root from 180.96.19.163 port 55538 ssh2
Apr  7 08:53:22 ovzhost sshd[1096]: Received disconnect from 180.96.19.163: 11: Bye Bye [preauth]
Apr  7 08:53:24 ovzhost sshd[1102]: Invalid user pimg from 125.65.245.146
Apr  7 08:53:24 ovzhost sshd[1102]: input_userauth_request: invalid user pimg [preauth]
Apr  7 08:53:24 ovzhost sshd[1102]: pam_unix(sshd:auth): check pass; user unknown
Apr  7 08:53:24 ovzhost sshd[1102]: pam_unix(sshd:auth): authentication failure; logname= uid=0 euid=0 tty=ssh ruser= rhost=125.65.245.146 
Apr  7 08:53:24 ovzhost sshd[1097]: message repeated 2 times: [ Failed password for root from 43.255.190.164 port 38298 ssh2]
Apr  7 08:53:24 ovzhost sshd[1097]: Received disconnect from 43.255.190.164: 11:  [preauth]
Apr  7 08:53:24 ovzhost sshd[1097]: PAM 2 more authentication failures; logname= uid=0 euid=0 tty=ssh ruser= rhost=43.255.190.164  user=root
Apr  7 08:53:25 ovzhost sshd[1106]: pam_unix(sshd:auth): authentication failure; logname= uid=0 euid=0 tty=ssh ruser= rhost=43.255.190.164  user=root
Apr  7 08:53:25 ovzhost sshd[1102]: Failed password for invalid user pimg from 125.65.245.146 port 57491 ssh2
Apr  7 08:53:26 ovzhost sshd[1102]: Received disconnect from 125.65.245.146: 11: Bye Bye [preauth]
Apr  7 08:53:26 ovzhost sshd[1104]: pam_unix(sshd:auth): authentication failure; logname= uid=0 euid=0 tty=ssh ruser= rhost=180.96.19.163  user=root
Apr  7 08:53:27 ovzhost sshd[1106]: Failed password for root from 43.255.190.164 port 54163 ssh2
Apr  7 08:53:28 ovzhost sshd[1108]: Invalid user plesk from 125.65.245.146
Apr  7 08:53:28 ovzhost sshd[1108]: input_userauth_request: invalid user plesk [preauth]
Apr  7 08:53:28 ovzhost sshd[1108]: pam_unix(sshd:auth): check pass; user unknown
Apr  7 08:53:28 ovzhost sshd[1108]: pam_unix(sshd:auth): authentication failure; logname= uid=0 euid=0 tty=ssh ruser= rhost=125.65.245.146 
Apr  7 08:53:28 ovzhost sshd[1104]: Failed password for root from 180.96.19.163 port 55719 ssh2
Apr  7 08:53:28 ovzhost sshd[1104]: Received disconnect from 180.96.19.163: 11: Bye Bye [preauth]
Apr  7 08:53:29 ovzhost sshd[1108]: Failed password for invalid user plesk from 125.65.245.146 port 58543 ssh2
Apr  7 08:53:30 ovzhost sshd[1108]: Received disconnect from 125.65.245.146: 11: Bye Bye [preauth]
Apr  7 08:53:30 ovzhost sshd[1110]: pam_unix(sshd:auth): authentication failure; logname= uid=0 euid=0 tty=ssh ruser= rhost=180.96.19.163  user=root
Apr  7 08:53:30 ovzhost sshd[1106]: message repeated 2 times: [ Failed password for root from 43.255.190.164 port 54163 ssh2]
Apr  7 08:53:30 ovzhost sshd[1106]: Received disconnect from 43.255.190.164: 11:  [preauth]
Apr  7 08:53:30 ovzhost sshd[1106]: PAM 2 more authentication failures; logname= uid=0 euid=0 tty=ssh ruser= rhost=43.255.190.164  user=root
Apr  7 08:53:31 ovzhost sshd[1114]: pam_unix(sshd:auth): authentication failure; logname= uid=0 euid=0 tty=ssh ruser= rhost=43.255.190.164  user=root
Apr  7 08:53:31 ovzhost sshd[1112]: pam_unix(sshd:auth): authentication failure; logname= uid=0 euid=0 tty=ssh ruser= rhost=125.65.245.146  user=root
Apr  7 08:53:32 ovzhost sshd[1117]: Connection closed by 127.0.0.1 [preauth]
Apr  7 08:53:32 ovzhost sshd[1110]: Failed password for root from 180.96.19.163 port 55894 ssh2
Apr  7 08:53:33 ovzhost sshd[1110]: Received disconnect from 180.96.19.163: 11: Bye Bye [preauth]
Apr  7 08:53:33 ovzhost sshd[1114]: Failed password for root from 43.255.190.164 port 42235 ssh2
Apr  7 08:53:34 ovzhost sshd[1112]: Failed password for root from 125.65.245.146 port 59646 ssh2
Apr  7 08:53:34 ovzhost sshd[1112]: Received disconnect from 125.65.245.146: 11: Bye Bye [preauth]
Apr  7 08:53:36 ovzhost sshd[1122]: pam_unix(sshd:auth): authentication failure; logname= uid=0 euid=0 tty=ssh ruser= rhost=125.65.245.146  user=root
Apr  7 08:53:37 ovzhost sshd[1114]: message repeated 2 times: [ Failed password for root from 43.255.190.164 port 42235 ssh2]
Apr  7 08:53:37 ovzhost sshd[1114]: Received disconnect from 43.255.190.164: 11:  [preauth]
Apr  7 08:53:37 ovzhost sshd[1114]: PAM 2 more authentication failures; logname= uid=0 euid=0 tty=ssh ruser= rhost=43.255.190.164  user=root
Apr  7 08:53:38 ovzhost sshd[1122]: Failed password for root from 125.65.245.146 port 60910 ssh2
Apr  7 08:53:38 ovzhost sshd[1124]: pam_unix(sshd:auth): authentication failure; logname= uid=0 euid=0 tty=ssh ruser= rhost=43.255.190.164  user=root
Apr  7 08:53:38 ovzhost sshd[1122]: Received disconnect from 125.65.245.146: 11: Bye Bye [preauth]
Apr  7 08:53:38 ovzhost sshd[1119]: Accepted password for root from 180.96.19.163 port 56067 ssh2
Apr  7 08:53:38 ovzhost sshd[1119]: pam_unix(sshd:session): session opened for user root by (uid=0)
Apr  7 08:53:38 ovzhost sshd[1119]: pam_env(sshd:session): Unable to open env file: /etc/default/locale: No such file or directory
Apr  7 08:53:38 ovzhost sshd[1119]: Received disconnect from 180.96.19.163: 11: Bye Bye
Apr  7 08:53:38 ovzhost sshd[1119]: pam_unix(sshd:session): session closed for user root
Apr  7 08:53:39 ovzhost sshd[1124]: Failed password for root from 43.255.190.164 port 58277 ssh2
Apr  7 08:53:40 ovzhost sshd[1126]: pam_unix(sshd:auth): authentication failure; logname= uid=0 euid=0 tty=ssh ruser= rhost=125.65.245.146  user=root
