Apr 10 02:50:47 ovzhost sshd[1044]: Failed password for root from 43.255.190.189 port 50953 ssh2
Apr 10 02:50:47 ovzhost sshd[1046]: pam_unix(sshd:auth): authentication failure; logname= uid=0 euid=0 tty=ssh ruser= rhost=43.255.190.90  user=root
Apr 10 02:50:48 ovzhost sshd[1046]: Failed password for root from 43.255.190.90 port 39007 ssh2
Apr 10 02:50:51 ovzhost sshd[1044]: message repeated 2 times: [ Failed password for root from 43.255.190.189 port 50953 ssh2]
Apr 10 02:50:51 ovzhost sshd[1044]: Received disconnect from 43.255.190.189: 11:  [preauth]
Apr 10 02:50:51 ovzhost sshd[1044]: PAM 2 more authentication failures; logname= uid=0 euid=0 tty=ssh ruser= rhost=43.255.190.189  user=root
Apr 10 02:50:51 ovzhost sshd[1049]: pam_unix(sshd:auth): authentication failure; logname= uid=0 euid=0 tty=ssh ruser= rhost=43.255.190.189  user=root
Apr 10 02:50:53 ovzhost sshd[1046]: message repeated 2 times: [ Failed password for root from 43.255.190.90 port 39007 ssh2]
Apr 10 02:50:53 ovzhost sshd[1046]: Received disconnect from 43.255.190.90: 11:  [preauth]
Apr 10 02:50:53 ovzhost sshd[1046]: PAM 2 more authentication failures; logname= uid=0 euid=0 tty=ssh ruser= rhost=43.255.190.90  user=root
Apr 10 02:50:53 ovzhost sshd[1049]: Failed password for root from 43.255.190.189 port 39000 ssh2
Apr 10 02:50:53 ovzhost sshd[1051]: pam_unix(sshd:auth): authentication failure; logname= uid=0 euid=0 tty=ssh ruser= rhost=43.255.190.90  user=root
Apr 10 02:50:55 ovzhost sshd[1051]: Failed password for root from 43.255.190.90 port 54064 ssh2
Apr 10 02:50:57 ovzhost sshd[1049]: message repeated 2 times: [ Failed password for root from 43.255.190.189 port 39000 ssh2]
Apr 10 02:50:57 ovzhost sshd[1049]: Received disconnect from 43.255.190.189: 11:  [preauth]
Apr 10 02:50:57 ovzhost sshd[1049]: PAM 2 more authentication failures; logname= uid=0 euid=0 tty=ssh ruser= rhost=43.255.190.189  user=root
Apr 10 02:50:58 ovzhost sshd[1053]: pam_unix(sshd:auth): authentication failure; logname= uid=0 euid=0 tty=ssh ruser= rhost=43.255.190.189  user=root
Apr 10 02:50:59 ovzhost sshd[1051]: message repeated 2 times: [ Failed password for root from 43.255.190.90 port 54064 ssh2]
Apr 10 02:50:59 ovzhost sshd[1051]: Received disconnect from 43.255.190.90: 11:  [preauth]
Apr 10 02:50:59 ovzhost sshd[1051]: PAM 2 more authentication failures; logname= uid=0 euid=0 tty=ssh ruser= rhost=43.255.190.90  user=root
Apr 10 02:51:00 ovzhost sshd[1053]: Failed password for root from 43.255.190.189 port 55321 ssh2
Apr 10 02:51:00 ovzhost sshd[1055]: pam_unix(sshd:auth): authentication failure; logname= uid=0 euid=0 tty=ssh ruser= rhost=43.255.190.90  user=root
Apr 10 02:51:02 ovzhost sshd[1055]: Failed password for root from 43.255.190.90 port 42305 ssh2
Apr 10 02:51:04 ovzhost sshd[1053]: message repeated 2 times: [ Failed password for root from 43.255.190.189 port 55321 ssh2]
Apr 10 02:51:04 ovzhost sshd[1053]: Received disconnect from 43.255.190.189: 11:  [preauth]
Apr 10 02:51:04 ovzhost sshd[1053]: PAM 2 more authentication failures; logname= uid=0 euid=0 tty=ssh ruser= rhost=43.255.190.189  user=root
Apr 10 02:51:04 ovzhost sshd[1057]: pam_unix(sshd:auth): authentication failure; logname= uid=0 euid=0 tty=ssh ruser= rhost=43.255.190.189  user=root
Apr 10 02:51:06 ovzhost sshd[1055]: message repeated 2 times: [ Failed password for root from 43.255.190.90 port 42305 ssh2]
Apr 10 02:51:06 ovzhost sshd[1055]: Received disconnect from 43.255.190.90: 11:  [preauth]
Apr 10 02:51:06 ovzhost sshd[1055]: PAM 2 more authentication failures; logname= uid=0 euid=0 tty=ssh ruser= rhost=43.255.190.90  user=root
Apr 10 02:51:06 ovzhost sshd[1057]: Failed password for root from 43.255.190.189 port 42952 ssh2
Apr 10 02:51:07 ovzhost sshd[1059]: pam_unix(sshd:auth): authentication failure; logname= uid=0 euid=0 tty=ssh ruser= rhost=43.255.190.90  user=root
Apr 10 02:51:08 ovzhost sshd[1062]: Connection closed by 128.8.37.120 [preauth]
Apr 10 02:51:09 ovzhost sshd[1059]: Failed password for root from 43.255.190.90 port 58844 ssh2
Apr 10 02:51:11 ovzhost sshd[1057]: message repeated 2 times: [ Failed password for root from 43.255.190.189 port 42952 ssh2]
Apr 10 02:51:11 ovzhost sshd[1057]: Received disconnect from 43.255.190.189: 11:  [preauth]
Apr 10 02:51:11 ovzhost sshd[1057]: PAM 2 more authentication failures; logname= uid=0 euid=0 tty=ssh ruser= rhost=43.255.190.189  user=root
Apr 10 02:51:12 ovzhost sshd[1064]: pam_unix(sshd:auth): authentication failure; logname= uid=0 euid=0 tty=ssh ruser= rhost=43.255.190.189  user=root
Apr 10 02:51:13 ovzhost sshd[1059]: message repeated 2 times: [ Failed password for root from 43.255.190.90 port 58844 ssh2]
Apr 10 02:51:13 ovzhost sshd[1059]: Received disconnect from 43.255.190.90: 11:  [preauth]
Apr 10 02:51:13 ovzhost sshd[1059]: PAM 2 more authentication failures; logname= uid=0 euid=0 tty=ssh ruser= rhost=43.255.190.90  user=root
Apr 10 02:51:13 ovzhost sshd[1064]: Failed password for root from 43.255.190.189 port 60628 ssh2
Apr 10 02:51:14 ovzhost sshd[1066]: pam_unix(sshd:auth): authentication failure; logname= uid=0 euid=0 tty=ssh ruser= rhost=43.255.190.90  user=root
Apr 10 02:51:16 ovzhost sshd[1066]: Failed password for root from 43.255.190.90 port 47258 ssh2
Apr 10 02:51:17 ovzhost sshd[1064]: message repeated 2 times: [ Failed password for root from 43.255.190.189 port 60628 ssh2]
Apr 10 02:51:17 ovzhost sshd[1064]: Received disconnect from 43.255.190.189: 11:  [preauth]
Apr 10 02:51:17 ovzhost sshd[1064]: PAM 2 more authentication failures; logname= uid=0 euid=0 tty=ssh ruser= rhost=43.255.190.189  user=root
Apr 10 02:51:18 ovzhost sshd[1068]: pam_unix(sshd:auth): authentication failure; logname= uid=0 euid=0 tty=ssh ruser= rhost=43.255.190.189  user=root
Apr 10 02:51:20 ovzhost sshd[1066]: message repeated 2 times: [ Failed password for root from 43.255.190.90 port 47258 ssh2]
Apr 10 02:51:20 ovzhost sshd[1066]: Received disconnect from 43.255.190.90: 11:  [preauth]
Apr 10 02:51:20 ovzhost sshd[1066]: PAM 2 more authentication failures; logname= uid=0 euid=0 tty=ssh ruser= rhost=43.255.190.90  user=root
Apr 10 02:51:20 ovzhost sshd[1068]: Failed password for root from 43.255.190.189 port 48801 ssh2
Apr 10 02:51:21 ovzhost sshd[1070]: pam_unix(sshd:auth): authentication failure; logname= uid=0 euid=0 tty=ssh ruser= rhost=43.255.190.90  user=root
Apr 10 02:51:22 ovzhost sshd[1070]: Failed password for root from 43.255.190.90 port 35587 ssh2
Apr 10 02:51:24 ovzhost sshd[1068]: message repeated 2 times: [ Failed password for root from 43.255.190.189 port 48801 ssh2]
Apr 10 02:51:24 ovzhost sshd[1068]: Received disconnect from 43.255.190.189: 11:  [preauth]
Apr 10 02:51:24 ovzhost sshd[1068]: PAM 2 more authentication failures; logname= uid=0 euid=0 tty=ssh ruser= rhost=43.255.190.189  user=root
Apr 10 02:51:24 ovzhost sshd[1072]: pam_unix(sshd:auth): authentication failure; logname= uid=0 euid=0 tty=ssh ruser= rhost=43.255.190.189  user=root
Apr 10 02:51:26 ovzhost sshd[1070]: message repeated 2 times: [ Failed password for root from 43.255.190.90 port 35587 ssh2]
Apr 10 02:51:26 ovzhost sshd[1070]: Received disconnect from 43.255.190.90: 11:  [preauth]
Apr 10 02:51:26 ovzhost sshd[1070]: PAM 2 more authentication failures; logname= uid=0 euid=0 tty=ssh ruser= rhost=43.255.190.90  user=root
Apr 10 02:51:26 ovzhost sshd[1072]: Failed password for root from 43.255.190.189 port 35959 ssh2
Apr 10 02:51:27 ovzhost sshd[1074]: pam_unix(sshd:auth): authentication failure; logname= uid=0 euid=0 tty=ssh ruser= rhost=43.255.190.90  user=root
Apr 10 02:51:29 ovzhost sshd[1074]: Failed password for root from 43.255.190.90 port 50285 ssh2
Apr 10 02:51:30 ovzhost sshd[1072]: message repeated 2 times: [ Failed password for root from 43.255.190.189 port 35959 ssh2]
Apr 10 02:51:30 ovzhost sshd[1072]: Received disconnect from 43.255.190.189: 11:  [preauth]
Apr 10 02:51:30 ovzhost sshd[1072]: PAM 2 more authentication failures; logname= uid=0 euid=0 tty=ssh ruser= rhost=43.255.190.189  user=root
Apr 10 02:51:32 ovzhost sshd[1078]: pam_unix(sshd:auth): authentication failure; logname= uid=0 euid=0 tty=ssh ruser= rhost=43.255.190.189  user=root
Apr 10 02:51:32 ovzhost sshd[1074]: message repeated 2 times: [ Failed password for root from 43.255.190.90 port 50285 ssh2]
Apr 10 02:51:32 ovzhost sshd[1074]: Received disconnect from 43.255.190.90: 11:  [preauth]
Apr 10 02:51:32 ovzhost sshd[1074]: PAM 2 more authentication failures; logname= uid=0 euid=0 tty=ssh ruser= rhost=43.255.190.90  user=root
Apr 10 02:51:33 ovzhost sshd[1080]: pam_unix(sshd:auth): authentication failure; logname= uid=0 euid=0 tty=ssh ruser= rhost=43.255.190.90  user=root
Apr 10 02:51:33 ovzhost sshd[1078]: Failed password for root from 43.255.190.189 port 50832 ssh2
Apr 10 02:51:35 ovzhost sshd[1080]: Failed password for root from 43.255.190.90 port 36718 ssh2
Apr 10 02:51:37 ovzhost sshd[1078]: message repeated 2 times: [ Failed password for root from 43.255.190.189 port 50832 ssh2]
Apr 10 02:51:37 ovzhost sshd[1078]: Received disconnect from 43.255.190.189: 11:  [preauth]
Apr 10 02:51:37 ovzhost sshd[1078]: PAM 2 more authentication failures; logname= uid=0 euid=0 tty=ssh ruser= rhost=43.255.190.189  user=root
Apr 10 02:51:38 ovzhost sshd[1084]: pam_unix(sshd:auth): authentication failure; logname= uid=0 euid=0 tty=ssh ruser= rhost=43.255.190.189  user=root
Apr 10 02:51:38 ovzhost sshd[1080]: message repeated 2 times: [ Failed password for root from 43.255.190.90 port 36718 ssh2]
Apr 10 02:51:38 ovzhost sshd[1080]: Received disconnect from 43.255.190.90: 11:  [preauth]
Apr 10 02:51:38 ovzhost sshd[1080]: PAM 2 more authentication failures; logname= uid=0 euid=0 tty=ssh ruser= rhost=43.255.190.90  user=root
Apr 10 02:51:39 ovzhost sshd[1086]: pam_unix(sshd:auth): authentication failure; logname= uid=0 euid=0 tty=ssh ruser= rhost=43.255.190.90  user=root
Apr 10 02:51:40 ovzhost sshd[1084]: Failed password for root from 43.255.190.189 port 40415 ssh2
Apr 10 02:51:41 ovzhost sshd[1086]: Failed password for root from 43.255.190.90 port 52179 ssh2
Apr 10 02:51:44 ovzhost sshd[1086]: message repeated 2 times: [ Failed password for root from 43.255.190.90 port 52179 ssh2]
Apr 10 02:51:44 ovzhost sshd[1086]: Received disconnect from 43.255.190.90: 11:  [preauth]
Apr 10 02:51:44 ovzhost sshd[1086]: PAM 2 more authentication failures; logname= uid=0 euid=0 tty=ssh ruser= rhost=43.255.190.90  user=root
Apr 10 02:51:44 ovzhost sshd[1084]: message repeated 2 times: [ Failed password for root from 43.255.190.189 port 40415 ssh2]
Apr 10 02:51:44 ovzhost sshd[1084]: Received disconnect from 43.255.190.189: 11:  [preauth]
Apr 10 02:51:44 ovzhost sshd[1084]: PAM 2 more authentication failures; logname= uid=0 euid=0 tty=ssh ruser= rhost=43.255.190.189  user=root
Apr 10 02:51:45 ovzhost sshd[1088]: pam_unix(sshd:auth): authentication failure; logname= uid=0 euid=0 tty=ssh ruser= rhost=43.255.190.90  user=root
Apr 10 02:51:45 ovzhost sshd[1090]: pam_unix(sshd:auth): authentication failure; logname= uid=0 euid=0 tty=ssh ruser= rhost=43.255.190.189  user=root
Apr 10 02:51:47 ovzhost sshd[1088]: Failed password for root from 43.255.190.90 port 38040 ssh2
Apr 10 02:51:47 ovzhost sshd[1090]: Failed password for root from 43.255.190.189 port 58091 ssh2
Apr 10 02:51:51 ovzhost sshd[1088]: message repeated 2 times: [ Failed password for root from 43.255.190.90 port 38040 ssh2]
Apr 10 02:51:51 ovzhost sshd[1088]: Received disconnect from 43.255.190.90: 11:  [preauth]
Apr 10 02:51:51 ovzhost sshd[1088]: PAM 2 more authentication failures; logname= uid=0 euid=0 tty=ssh ruser= rhost=43.255.190.90  user=root
Apr 10 02:51:51 ovzhost sshd[1090]: message repeated 2 times: [ Failed password for root from 43.255.190.189 port 58091 ssh2]
Apr 10 02:51:51 ovzhost sshd[1090]: Received disconnect from 43.255.190.189: 11:  [preauth]
Apr 10 02:51:51 ovzhost sshd[1090]: PAM 2 more authentication failures; logname= uid=0 euid=0 tty=ssh ruser= rhost=43.255.190.189  user=root
Apr 10 02:51:51 ovzhost sshd[1092]: pam_unix(sshd:auth): authentication failure; logname= uid=0 euid=0 tty=ssh ruser= rhost=43.255.190.90  user=root
Apr 10 02:51:52 ovzhost sshd[1094]: pam_unix(sshd:auth): authentication failure; logname= uid=0 euid=0 tty=ssh ruser= rhost=43.255.190.189  user=root
Apr 10 02:51:53 ovzhost sshd[1094]: Failed password for root from 43.255.190.189 port 44390 ssh2
Apr 10 02:51:54 ovzhost sshd[1092]: Failed password for root from 43.255.190.90 port 52998 ssh2
Apr 10 02:51:57 ovzhost sshd[1094]: message repeated 2 times: [ Failed password for root from 43.255.190.189 port 44390 ssh2]
Apr 10 02:51:57 ovzhost sshd[1094]: Received disconnect from 43.255.190.189: 11:  [preauth]
Apr 10 02:51:57 ovzhost sshd[1094]: PAM 2 more authentication failures; logname= uid=0 euid=0 tty=ssh ruser= rhost=43.255.190.189  user=root
Apr 10 02:51:57 ovzhost sshd[1096]: pam_unix(sshd:auth): authentication failure; logname= uid=0 euid=0 tty=ssh ruser= rhost=43.255.190.189  user=root
Apr 10 02:51:57 ovzhost sshd[1092]: message repeated 2 times: [ Failed password for root from 43.255.190.90 port 52998 ssh2]
Apr 10 02:51:57 ovzhost sshd[1092]: Received disconnect from 43.255.190.90: 11:  [preauth]
Apr 10 02:51:57 ovzhost sshd[1092]: PAM 2 more authentication failures; logname= uid=0 euid=0 tty=ssh ruser= rhost=43.255.190.90  user=root
Apr 10 02:51:58 ovzhost sshd[1098]: pam_unix(sshd:auth): authentication failure; logname= uid=0 euid=0 tty=ssh ruser= rhost=43.255.190.90  user=root
Apr 10 02:51:59 ovzhost sshd[1096]: Failed password for root from 43.255.190.189 port 58516 ssh2
Apr 10 02:52:00 ovzhost sshd[1098]: Failed password for root from 43.255.190.90 port 40317 ssh2
Apr 10 02:52:03 ovzhost sshd[1096]: message repeated 2 times: [ Failed password for root from 43.255.190.189 port 58516 ssh2]
Apr 10 02:52:03 ovzhost sshd[1096]: Received disconnect from 43.255.190.189: 11:  [preauth]
Apr 10 02:52:03 ovzhost sshd[1096]: PAM 2 more authentication failures; logname= uid=0 euid=0 tty=ssh ruser= rhost=43.255.190.189  user=root
Apr 10 02:52:04 ovzhost sshd[1100]: pam_unix(sshd:auth): authentication failure; logname= uid=0 euid=0 tty=ssh ruser= rhost=43.255.190.189  user=root
Apr 10 02:52:04 ovzhost sshd[1098]: message repeated 2 times: [ Failed password for root from 43.255.190.90 port 40317 ssh2]
Apr 10 02:52:04 ovzhost sshd[1098]: Received disconnect from 43.255.190.90: 11:  [preauth]
Apr 10 02:52:04 ovzhost sshd[1098]: PAM 2 more authentication failures; logname= uid=0 euid=0 tty=ssh ruser= rhost=43.255.190.90  user=root
Apr 10 02:52:04 ovzhost sshd[1102]: pam_unix(sshd:auth): authentication failure; logname= uid=0 euid=0 tty=ssh ruser= rhost=43.255.190.90  user=root
Apr 10 02:52:06 ovzhost sshd[1100]: Failed password for root from 43.255.190.189 port 45432 ssh2
Apr 10 02:52:06 ovzhost sshd[1102]: Failed password for root from 43.255.190.90 port 55712 ssh2
Apr 10 02:52:10 ovzhost sshd[1100]: message repeated 2 times: [ Failed password for root from 43.255.190.189 port 45432 ssh2]
Apr 10 02:52:10 ovzhost sshd[1100]: Received disconnect from 43.255.190.189: 11:  [preauth]
Apr 10 02:52:10 ovzhost sshd[1100]: PAM 2 more authentication failures; logname= uid=0 euid=0 tty=ssh ruser= rhost=43.255.190.189  user=root
Apr 10 02:52:11 ovzhost sshd[1106]: pam_unix(sshd:auth): authentication failure; logname= uid=0 euid=0 tty=ssh ruser= rhost=43.255.190.189  user=root
Apr 10 02:52:11 ovzhost sshd[1102]: message repeated 2 times: [ Failed password for root from 43.255.190.90 port 55712 ssh2]
Apr 10 02:52:11 ovzhost sshd[1102]: Received disconnect from 43.255.190.90: 11:  [preauth]
Apr 10 02:52:11 ovzhost sshd[1102]: PAM 2 more authentication failures; logname= uid=0 euid=0 tty=ssh ruser= rhost=43.255.190.90  user=root
Apr 10 02:52:11 ovzhost sshd[1108]: pam_unix(sshd:auth): authentication failure; logname= uid=0 euid=0 tty=ssh ruser= rhost=43.255.190.90  user=root
Apr 10 02:52:12 ovzhost sshd[1106]: Failed password for root from 43.255.190.189 port 32916 ssh2
Apr 10 02:52:13 ovzhost sshd[1108]: Failed password for root from 43.255.190.90 port 42849 ssh2
Apr 10 02:52:16 ovzhost sshd[1106]: message repeated 2 times: [ Failed password for root from 43.255.190.189 port 32916 ssh2]
Apr 10 02:52:16 ovzhost sshd[1106]: Received disconnect from 43.255.190.189: 11:  [preauth]
Apr 10 02:52:16 ovzhost sshd[1106]: PAM 2 more authentication failures; logname= uid=0 euid=0 tty=ssh ruser= rhost=43.255.190.189  user=root
Apr 10 02:52:16 ovzhost sshd[1110]: pam_unix(sshd:auth): authentication failure; logname= uid=0 euid=0 tty=ssh ruser= rhost=43.255.190.189  user=root
Apr 10 02:52:17 ovzhost sshd[1108]: message repeated 2 times: [ Failed password for root from 43.255.190.90 port 42849 ssh2]
Apr 10 02:52:17 ovzhost sshd[1108]: Received disconnect from 43.255.190.90: 11:  [preauth]
Apr 10 02:52:17 ovzhost sshd[1108]: PAM 2 more authentication failures; logname= uid=0 euid=0 tty=ssh ruser= rhost=43.255.190.90  user=root
Apr 10 02:52:18 ovzhost sshd[1112]: pam_unix(sshd:auth): authentication failure; logname= uid=0 euid=0 tty=ssh ruser= rhost=43.255.190.90  user=root
Apr 10 02:52:18 ovzhost sshd[1110]: Failed password for root from 43.255.190.189 port 46212 ssh2
Apr 10 02:52:19 ovzhost sshd[1112]: Failed password for root from 43.255.190.90 port 57543 ssh2
Apr 10 02:52:22 ovzhost sshd[1110]: message repeated 2 times: [ Failed password for root from 43.255.190.189 port 46212 ssh2]
Apr 10 02:52:23 ovzhost sshd[1110]: Received disconnect from 43.255.190.189: 11:  [preauth]
Apr 10 02:52:23 ovzhost sshd[1110]: PAM 2 more authentication failures; logname= uid=0 euid=0 tty=ssh ruser= rhost=43.255.190.189  user=root
Apr 10 02:52:23 ovzhost sshd[1114]: pam_unix(sshd:auth): authentication failure; logname= uid=0 euid=0 tty=ssh ruser= rhost=43.255.190.189  user=root
Apr 10 02:52:24 ovzhost sshd[1112]: message repeated 2 times: [ Failed password for root from 43.255.190.90 port 57543 ssh2]
Apr 10 02:52:24 ovzhost sshd[1112]: Received disconnect from 43.255.190.90: 11:  [preauth]
Apr 10 02:52:24 ovzhost sshd[1112]: PAM 2 more authentication failures; logname= uid=0 euid=0 tty=ssh ruser= rhost=43.255.190.90  user=root
Apr 10 02:52:24 ovzhost sshd[1116]: pam_unix(sshd:auth): authentication failure; logname= uid=0 euid=0 tty=ssh ruser= rhost=43.255.190.90  user=root
Apr 10 02:52:25 ovzhost sshd[1114]: Failed password for root from 43.255.190.189 port 32786 ssh2
Apr 10 02:52:26 ovzhost sshd[1116]: Failed password for root from 43.255.190.90 port 44535 ssh2
Apr 10 02:52:29 ovzhost sshd[1114]: message repeated 2 times: [ Failed password for root from 43.255.190.189 port 32786 ssh2]
Apr 10 02:52:29 ovzhost sshd[1114]: Received disconnect from 43.255.190.189: 11:  [preauth]
Apr 10 02:52:29 ovzhost sshd[1114]: PAM 2 more authentication failures; logname= uid=0 euid=0 tty=ssh ruser= rhost=43.255.190.189  user=root
Apr 10 02:52:30 ovzhost sshd[1116]: message repeated 2 times: [ Failed password for root from 43.255.190.90 port 44535 ssh2]
Apr 10 02:52:30 ovzhost sshd[1116]: Received disconnect from 43.255.190.90: 11:  [preauth]
Apr 10 02:52:30 ovzhost sshd[1116]: PAM 2 more authentication failures; logname= uid=0 euid=0 tty=ssh ruser= rhost=43.255.190.90  user=root
Apr 10 02:52:31 ovzhost sshd[1118]: pam_unix(sshd:auth): authentication failure; logname= uid=0 euid=0 tty=ssh ruser= rhost=43.255.190.189  user=root
Apr 10 02:52:33 ovzhost sshd[1118]: Failed password for root from 43.255.190.189 port 48348 ssh2
Apr 10 02:52:34 ovzhost sshd[1120]: pam_unix(sshd:auth): authentication failure; logname= uid=0 euid=0 tty=ssh ruser= rhost=43.255.190.90  user=root
Apr 10 02:52:36 ovzhost sshd[1120]: Failed password for root from 43.255.190.90 port 59428 ssh2
Apr 10 02:52:38 ovzhost sshd[1118]: message repeated 2 times: [ Failed password for root from 43.255.190.189 port 48348 ssh2]
Apr 10 02:52:38 ovzhost sshd[1118]: Received disconnect from 43.255.190.189: 11:  [preauth]
Apr 10 02:52:38 ovzhost sshd[1118]: PAM 2 more authentication failures; logname= uid=0 euid=0 tty=ssh ruser= rhost=43.255.190.189  user=root
Apr 10 02:52:41 ovzhost sshd[1120]: message repeated 2 times: [ Failed password for root from 43.255.190.90 port 59428 ssh2]
Apr 10 02:52:41 ovzhost sshd[1120]: Received disconnect from 43.255.190.90: 11:  [preauth]
Apr 10 02:52:41 ovzhost sshd[1120]: PAM 2 more authentication failures; logname= uid=0 euid=0 tty=ssh ruser= rhost=43.255.190.90  user=root
Apr 10 02:52:45 ovzhost sshd[1123]: pam_unix(sshd:auth): authentication failure; logname= uid=0 euid=0 tty=ssh ruser= rhost=43.255.190.189  user=root
Apr 10 02:52:45 ovzhost sshd[1125]: pam_unix(sshd:auth): authentication failure; logname= uid=0 euid=0 tty=ssh ruser= rhost=43.255.190.90  user=root
Apr 10 02:52:47 ovzhost sshd[1123]: Failed password for root from 43.255.190.189 port 34704 ssh2
Apr 10 02:52:48 ovzhost sshd[1125]: Failed password for root from 43.255.190.90 port 45816 ssh2
Apr 10 02:52:50 ovzhost sshd[1123]: message repeated 2 times: [ Failed password for root from 43.255.190.189 port 34704 ssh2]
Apr 10 02:52:50 ovzhost sshd[1123]: Received disconnect from 43.255.190.189: 11:  [preauth]
Apr 10 02:52:50 ovzhost sshd[1123]: PAM 2 more authentication failures; logname= uid=0 euid=0 tty=ssh ruser= rhost=43.255.190.189  user=root
Apr 10 02:52:51 ovzhost sshd[1127]: pam_unix(sshd:auth): authentication failure; logname= uid=0 euid=0 tty=ssh ruser= rhost=43.255.190.189  user=root
Apr 10 02:52:51 ovzhost sshd[1125]: message repeated 2 times: [ Failed password for root from 43.255.190.90 port 45816 ssh2]
Apr 10 02:52:52 ovzhost sshd[1125]: Received disconnect from 43.255.190.90: 11:  [preauth]
Apr 10 02:52:52 ovzhost sshd[1125]: PAM 2 more authentication failures; logname= uid=0 euid=0 tty=ssh ruser= rhost=43.255.190.90  user=root
Apr 10 02:52:52 ovzhost sshd[1129]: pam_unix(sshd:auth): authentication failure; logname= uid=0 euid=0 tty=ssh ruser= rhost=43.255.190.90  user=root
Apr 10 02:52:53 ovzhost sshd[1127]: Failed password for root from 43.255.190.189 port 52435 ssh2
Apr 10 02:52:54 ovzhost sshd[1129]: Failed password for root from 43.255.190.90 port 35543 ssh2
Apr 10 02:52:55 ovzhost sshd[1132]: Connection closed by 127.0.0.1 [preauth]
Apr 10 02:52:58 ovzhost sshd[1127]: message repeated 2 times: [ Failed password for root from 43.255.190.189 port 52435 ssh2]
Apr 10 02:52:58 ovzhost sshd[1127]: Received disconnect from 43.255.190.189: 11:  [preauth]
Apr 10 02:52:58 ovzhost sshd[1127]: PAM 2 more authentication failures; logname= uid=0 euid=0 tty=ssh ruser= rhost=43.255.190.189  user=root
Apr 10 02:52:58 ovzhost sshd[1129]: message repeated 2 times: [ Failed password for root from 43.255.190.90 port 35543 ssh2]
Apr 10 02:52:58 ovzhost sshd[1129]: Received disconnect from 43.255.190.90: 11:  [preauth]
Apr 10 02:52:58 ovzhost sshd[1129]: PAM 2 more authentication failures; logname= uid=0 euid=0 tty=ssh ruser= rhost=43.255.190.90  user=root
Apr 10 02:52:58 ovzhost sshd[1134]: pam_unix(sshd:auth): authentication failure; logname= uid=0 euid=0 tty=ssh ruser= rhost=43.255.190.189  user=root
Apr 10 02:52:59 ovzhost sshd[1136]: pam_unix(sshd:auth): authentication failure; logname= uid=0 euid=0 tty=ssh ruser= rhost=43.255.190.90  user=root
Apr 10 02:53:00 ovzhost sshd[1134]: Failed password for root from 43.255.190.189 port 39810 ssh2
Apr 10 02:53:01 ovzhost sshd[1136]: Failed password for root from 43.255.190.90 port 50960 ssh2
Apr 10 02:53:04 ovzhost sshd[1134]: message repeated 2 times: [ Failed password for root from 43.255.190.189 port 39810 ssh2]
Apr 10 02:53:04 ovzhost sshd[1134]: Received disconnect from 43.255.190.189: 11:  [preauth]
Apr 10 02:53:04 ovzhost sshd[1134]: PAM 2 more authentication failures; logname= uid=0 euid=0 tty=ssh ruser= rhost=43.255.190.189  user=root
Apr 10 02:53:04 ovzhost sshd[1136]: message repeated 2 times: [ Failed password for root from 43.255.190.90 port 50960 ssh2]
Apr 10 02:53:05 ovzhost sshd[1136]: Received disconnect from 43.255.190.90: 11:  [preauth]
Apr 10 02:53:05 ovzhost sshd[1136]: PAM 2 more authentication failures; logname= uid=0 euid=0 tty=ssh ruser= rhost=43.255.190.90  user=root
Apr 10 02:53:05 ovzhost sshd[1138]: pam_unix(sshd:auth): authentication failure; logname= uid=0 euid=0 tty=ssh ruser= rhost=43.255.190.189  user=root
Apr 10 02:53:05 ovzhost sshd[1140]: pam_unix(sshd:auth): authentication failure; logname= uid=0 euid=0 tty=ssh ruser= rhost=43.255.190.90  user=root
Apr 10 02:53:06 ovzhost sshd[1138]: Failed password for root from 43.255.190.189 port 54867 ssh2
Apr 10 02:53:07 ovzhost sshd[1140]: Failed password for root from 43.255.190.90 port 38114 ssh2
Apr 10 02:53:11 ovzhost sshd[1138]: message repeated 2 times: [ Failed password for root from 43.255.190.189 port 54867 ssh2]
Apr 10 02:53:11 ovzhost sshd[1138]: Received disconnect from 43.255.190.189: 11:  [preauth]
Apr 10 02:53:11 ovzhost sshd[1138]: PAM 2 more authentication failures; logname= uid=0 euid=0 tty=ssh ruser= rhost=43.255.190.189  user=root
Apr 10 02:53:11 ovzhost sshd[1140]: message repeated 2 times: [ Failed password for root from 43.255.190.90 port 38114 ssh2]
Apr 10 02:53:11 ovzhost sshd[1140]: Received disconnect from 43.255.190.90: 11:  [preauth]
Apr 10 02:53:11 ovzhost sshd[1140]: PAM 2 more authentication failures; logname= uid=0 euid=0 tty=ssh ruser= rhost=43.255.190.90  user=root
Apr 10 02:53:12 ovzhost sshd[1142]: pam_unix(sshd:auth): authentication failure; logname= uid=0 euid=0 tty=ssh ruser= rhost=43.255.190.189  user=root
Apr 10 02:53:12 ovzhost sshd[1144]: pam_unix(sshd:auth): authentication failure; logname= uid=0 euid=0 tty=ssh ruser= rhost=43.255.190.90  user=root
Apr 10 02:53:13 ovzhost sshd[1142]: Failed password for root from 43.255.190.189 port 40719 ssh2
Apr 10 02:53:14 ovzhost sshd[1144]: Failed password for root from 43.255.190.90 port 52197 ssh2
Apr 10 02:53:17 ovzhost sshd[1142]: message repeated 2 times: [ Failed password for root from 43.255.190.189 port 40719 ssh2]
Apr 10 02:53:18 ovzhost sshd[1142]: Received disconnect from 43.255.190.189: 11:  [preauth]
Apr 10 02:53:18 ovzhost sshd[1142]: PAM 2 more authentication failures; logname= uid=0 euid=0 tty=ssh ruser= rhost=43.255.190.189  user=root
Apr 10 02:53:18 ovzhost sshd[1146]: pam_unix(sshd:auth): authentication failure; logname= uid=0 euid=0 tty=ssh ruser= rhost=43.255.190.189  user=root
Apr 10 02:53:18 ovzhost sshd[1144]: message repeated 2 times: [ Failed password for root from 43.255.190.90 port 52197 ssh2]
Apr 10 02:53:18 ovzhost sshd[1144]: Received disconnect from 43.255.190.90: 11:  [preauth]
Apr 10 02:53:18 ovzhost sshd[1144]: PAM 2 more authentication failures; logname= uid=0 euid=0 tty=ssh ruser= rhost=43.255.190.90  user=root
Apr 10 02:53:19 ovzhost sshd[1150]: pam_unix(sshd:auth): authentication failure; logname= uid=0 euid=0 tty=ssh ruser= rhost=43.255.190.90  user=root
Apr 10 02:53:20 ovzhost sshd[1146]: Failed password for root from 43.255.190.189 port 57259 ssh2
Apr 10 02:53:21 ovzhost sshd[1150]: Failed password for root from 43.255.190.90 port 38559 ssh2
Apr 10 02:53:24 ovzhost sshd[1146]: message repeated 2 times: [ Failed password for root from 43.255.190.189 port 57259 ssh2]
Apr 10 02:53:24 ovzhost sshd[1146]: Received disconnect from 43.255.190.189: 11:  [preauth]
Apr 10 02:53:24 ovzhost sshd[1146]: PAM 2 more authentication failures; logname= uid=0 euid=0 tty=ssh ruser= rhost=43.255.190.189  user=root
Apr 10 02:53:25 ovzhost sshd[1152]: pam_unix(sshd:auth): authentication failure; logname= uid=0 euid=0 tty=ssh ruser= rhost=43.255.190.189  user=root
Apr 10 02:53:25 ovzhost sshd[1150]: message repeated 2 times: [ Failed password for root from 43.255.190.90 port 38559 ssh2]
Apr 10 02:53:25 ovzhost sshd[1150]: Received disconnect from 43.255.190.90: 11:  [preauth]
Apr 10 02:53:25 ovzhost sshd[1150]: PAM 2 more authentication failures; logname= uid=0 euid=0 tty=ssh ruser= rhost=43.255.190.90  user=root
Apr 10 02:53:26 ovzhost sshd[1154]: pam_unix(sshd:auth): authentication failure; logname= uid=0 euid=0 tty=ssh ruser= rhost=43.255.190.90  user=root
Apr 10 02:53:26 ovzhost sshd[1152]: Failed password for root from 43.255.190.189 port 44323 ssh2
Apr 10 02:53:28 ovzhost sshd[1154]: Failed password for root from 43.255.190.90 port 54403 ssh2
Apr 10 02:53:30 ovzhost sshd[1152]: message repeated 2 times: [ Failed password for root from 43.255.190.189 port 44323 ssh2]
Apr 10 02:53:31 ovzhost sshd[1152]: Received disconnect from 43.255.190.189: 11:  [preauth]
Apr 10 02:53:31 ovzhost sshd[1152]: PAM 2 more authentication failures; logname= uid=0 euid=0 tty=ssh ruser= rhost=43.255.190.189  user=root
Apr 10 02:53:31 ovzhost sshd[1156]: pam_unix(sshd:auth): authentication failure; logname= uid=0 euid=0 tty=ssh ruser= rhost=43.255.190.189  user=root
Apr 10 02:53:33 ovzhost sshd[1154]: message repeated 2 times: [ Failed password for root from 43.255.190.90 port 54403 ssh2]
Apr 10 02:53:33 ovzhost sshd[1154]: Received disconnect from 43.255.190.90: 11:  [preauth]
Apr 10 02:53:33 ovzhost sshd[1154]: PAM 2 more authentication failures; logname= uid=0 euid=0 tty=ssh ruser= rhost=43.255.190.90  user=root
Apr 10 02:53:33 ovzhost sshd[1156]: Failed password for root from 43.255.190.189 port 59075 ssh2
Apr 10 02:53:34 ovzhost sshd[1158]: pam_unix(sshd:auth): authentication failure; logname= uid=0 euid=0 tty=ssh ruser= rhost=43.255.190.90  user=root
Apr 10 02:53:36 ovzhost sshd[1158]: Failed password for root from 43.255.190.90 port 44181 ssh2
Apr 10 02:53:37 ovzhost sshd[1156]: message repeated 2 times: [ Failed password for root from 43.255.190.189 port 59075 ssh2]
Apr 10 02:53:37 ovzhost sshd[1156]: Received disconnect from 43.255.190.189: 11:  [preauth]
Apr 10 02:53:37 ovzhost sshd[1156]: PAM 2 more authentication failures; logname= uid=0 euid=0 tty=ssh ruser= rhost=43.255.190.189  user=root
Apr 10 02:53:40 ovzhost sshd[1158]: message repeated 2 times: [ Failed password for root from 43.255.190.90 port 44181 ssh2]
Apr 10 02:53:40 ovzhost sshd[1158]: Received disconnect from 43.255.190.90: 11:  [preauth]
Apr 10 02:53:40 ovzhost sshd[1158]: PAM 2 more authentication failures; logname= uid=0 euid=0 tty=ssh ruser= rhost=43.255.190.90  user=root
Apr 10 02:53:41 ovzhost sshd[1161]: pam_unix(sshd:auth): authentication failure; logname= uid=0 euid=0 tty=ssh ruser= rhost=43.255.190.90  user=root
Apr 10 02:53:42 ovzhost sshd[1161]: Failed password for root from 43.255.190.90 port 60896 ssh2
Apr 10 02:53:46 ovzhost sshd[1161]: message repeated 2 times: [ Failed password for root from 43.255.190.90 port 60896 ssh2]
Apr 10 02:53:46 ovzhost sshd[1161]: Received disconnect from 43.255.190.90: 11:  [preauth]
Apr 10 02:53:46 ovzhost sshd[1161]: PAM 2 more authentication failures; logname= uid=0 euid=0 tty=ssh ruser= rhost=43.255.190.90  user=root
Apr 10 02:53:47 ovzhost sshd[1165]: pam_unix(sshd:auth): authentication failure; logname= uid=0 euid=0 tty=ssh ruser= rhost=43.255.190.90  user=root
Apr 10 02:53:48 ovzhost sshd[1165]: Failed password for root from 43.255.190.90 port 45903 ssh2
Apr 10 02:53:53 ovzhost sshd[1165]: message repeated 2 times: [ Failed password for root from 43.255.190.90 port 45903 ssh2]
Apr 10 02:53:53 ovzhost sshd[1165]: Received disconnect from 43.255.190.90: 11:  [preauth]
Apr 10 02:53:53 ovzhost sshd[1165]: PAM 2 more authentication failures; logname= uid=0 euid=0 tty=ssh ruser= rhost=43.255.190.90  user=root
Apr 10 02:53:54 ovzhost sshd[1167]: pam_unix(sshd:auth): authentication failure; logname= uid=0 euid=0 tty=ssh ruser= rhost=43.255.190.90  user=root
Apr 10 02:53:56 ovzhost sshd[1167]: Failed password for root from 43.255.190.90 port 60702 ssh2
Apr 10 02:54:00 ovzhost sshd[1167]: message repeated 2 times: [ Failed password for root from 43.255.190.90 port 60702 ssh2]
Apr 10 02:54:00 ovzhost sshd[1167]: Received disconnect from 43.255.190.90: 11:  [preauth]
Apr 10 02:54:00 ovzhost sshd[1167]: PAM 2 more authentication failures; logname= uid=0 euid=0 tty=ssh ruser= rhost=43.255.190.90  user=root
Apr 10 02:54:01 ovzhost sshd[1169]: pam_unix(sshd:auth): authentication failure; logname= uid=0 euid=0 tty=ssh ruser= rhost=43.255.190.90  user=root
Apr 10 02:54:03 ovzhost sshd[1169]: Failed password for root from 43.255.190.90 port 48277 ssh2
Apr 10 02:54:07 ovzhost sshd[1169]: message repeated 2 times: [ Failed password for root from 43.255.190.90 port 48277 ssh2]
Apr 10 02:54:07 ovzhost sshd[1169]: Received disconnect from 43.255.190.90: 11:  [preauth]
Apr 10 02:54:07 ovzhost sshd[1169]: PAM 2 more authentication failures; logname= uid=0 euid=0 tty=ssh ruser= rhost=43.255.190.90  user=root
Apr 10 02:54:08 ovzhost sshd[1171]: pam_unix(sshd:auth): authentication failure; logname= uid=0 euid=0 tty=ssh ruser= rhost=43.255.190.90  user=root
Apr 10 02:54:10 ovzhost sshd[1171]: Failed password for root from 43.255.190.90 port 36103 ssh2
Apr 10 02:54:15 ovzhost sshd[1171]: message repeated 2 times: [ Failed password for root from 43.255.190.90 port 36103 ssh2]
Apr 10 02:54:15 ovzhost sshd[1171]: Received disconnect from 43.255.190.90: 11:  [preauth]
Apr 10 02:54:15 ovzhost sshd[1171]: PAM 2 more authentication failures; logname= uid=0 euid=0 tty=ssh ruser= rhost=43.255.190.90  user=root
Apr 10 02:54:16 ovzhost sshd[1173]: pam_unix(sshd:auth): authentication failure; logname= uid=0 euid=0 tty=ssh ruser= rhost=43.255.190.90  user=root
Apr 10 02:54:18 ovzhost sshd[1173]: Failed password for root from 43.255.190.90 port 53091 ssh2
Apr 10 02:54:22 ovzhost sshd[1173]: message repeated 2 times: [ Failed password for root from 43.255.190.90 port 53091 ssh2]
Apr 10 02:54:22 ovzhost sshd[1173]: Received disconnect from 43.255.190.90: 11:  [preauth]
Apr 10 02:54:22 ovzhost sshd[1173]: PAM 2 more authentication failures; logname= uid=0 euid=0 tty=ssh ruser= rhost=43.255.190.90  user=root
Apr 10 02:54:23 ovzhost sshd[1175]: pam_unix(sshd:auth): authentication failure; logname= uid=0 euid=0 tty=ssh ruser= rhost=43.255.190.90  user=root
Apr 10 02:54:24 ovzhost sshd[1175]: Failed password for root from 43.255.190.90 port 41135 ssh2
Apr 10 02:54:29 ovzhost sshd[1175]: message repeated 2 times: [ Failed password for root from 43.255.190.90 port 41135 ssh2]
Apr 10 02:54:29 ovzhost sshd[1175]: Received disconnect from 43.255.190.90: 11:  [preauth]
Apr 10 02:54:29 ovzhost sshd[1175]: PAM 2 more authentication failures; logname= uid=0 euid=0 tty=ssh ruser= rhost=43.255.190.90  user=root
Apr 10 02:54:30 ovzhost sshd[1177]: pam_unix(sshd:auth): authentication failure; logname= uid=0 euid=0 tty=ssh ruser= rhost=43.255.190.90  user=root
Apr 10 02:54:31 ovzhost sshd[1177]: Failed password for root from 43.255.190.90 port 57069 ssh2
Apr 10 02:54:36 ovzhost sshd[1177]: message repeated 2 times: [ Failed password for root from 43.255.190.90 port 57069 ssh2]
Apr 10 02:54:36 ovzhost sshd[1177]: Received disconnect from 43.255.190.90: 11:  [preauth]
Apr 10 02:54:36 ovzhost sshd[1177]: PAM 2 more authentication failures; logname= uid=0 euid=0 tty=ssh ruser= rhost=43.255.190.90  user=root
Apr 10 02:54:36 ovzhost sshd[1179]: pam_unix(sshd:auth): authentication failure; logname= uid=0 euid=0 tty=ssh ruser= rhost=43.255.190.90  user=root
Apr 10 02:54:38 ovzhost sshd[1179]: Failed password for root from 43.255.190.90 port 44492 ssh2
Apr 10 02:54:43 ovzhost sshd[1179]: message repeated 2 times: [ Failed password for root from 43.255.190.90 port 44492 ssh2]
Apr 10 02:54:43 ovzhost sshd[1179]: Received disconnect from 43.255.190.90: 11:  [preauth]
Apr 10 02:54:43 ovzhost sshd[1179]: PAM 2 more authentication failures; logname= uid=0 euid=0 tty=ssh ruser= rhost=43.255.190.90  user=root
Apr 10 02:54:44 ovzhost sshd[1183]: pam_unix(sshd:auth): authentication failure; logname= uid=0 euid=0 tty=ssh ruser= rhost=43.255.190.90  user=root
Apr 10 02:54:46 ovzhost sshd[1183]: Failed password for root from 43.255.190.90 port 60320 ssh2
Apr 10 02:54:51 ovzhost sshd[1183]: message repeated 2 times: [ Failed password for root from 43.255.190.90 port 60320 ssh2]
Apr 10 02:54:51 ovzhost sshd[1183]: Received disconnect from 43.255.190.90: 11:  [preauth]
Apr 10 02:54:51 ovzhost sshd[1183]: PAM 2 more authentication failures; logname= uid=0 euid=0 tty=ssh ruser= rhost=43.255.190.90  user=root
Apr 10 02:54:51 ovzhost sshd[1185]: pam_unix(sshd:auth): authentication failure; logname= uid=0 euid=0 tty=ssh ruser= rhost=43.255.190.90  user=root
Apr 10 02:54:54 ovzhost sshd[1185]: Failed password for root from 43.255.190.90 port 49431 ssh2
Apr 10 02:54:58 ovzhost sshd[1185]: message repeated 2 times: [ Failed password for root from 43.255.190.90 port 49431 ssh2]
Apr 10 02:54:58 ovzhost sshd[1185]: Received disconnect from 43.255.190.90: 11:  [preauth]
Apr 10 02:54:58 ovzhost sshd[1185]: PAM 2 more authentication failures; logname= uid=0 euid=0 tty=ssh ruser= rhost=43.255.190.90  user=root
Apr 10 02:54:58 ovzhost sshd[1187]: pam_unix(sshd:auth): authentication failure; logname= uid=0 euid=0 tty=ssh ruser= rhost=43.255.190.90  user=root
Apr 10 02:55:01 ovzhost sshd[1187]: Failed password for root from 43.255.190.90 port 36302 ssh2
Apr 10 02:55:05 ovzhost sshd[1187]: message repeated 2 times: [ Failed password for root from 43.255.190.90 port 36302 ssh2]
Apr 10 02:55:05 ovzhost sshd[1187]: Received disconnect from 43.255.190.90: 11:  [preauth]
Apr 10 02:55:05 ovzhost sshd[1187]: PAM 2 more authentication failures; logname= uid=0 euid=0 tty=ssh ruser= rhost=43.255.190.90  user=root
Apr 10 02:55:06 ovzhost sshd[1189]: pam_unix(sshd:auth): authentication failure; logname= uid=0 euid=0 tty=ssh ruser= rhost=43.255.190.90  user=root
Apr 10 02:55:07 ovzhost sshd[1189]: Failed password for root from 43.255.190.90 port 53259 ssh2
Apr 10 02:55:13 ovzhost sshd[1189]: message repeated 2 times: [ Failed password for root from 43.255.190.90 port 53259 ssh2]
Apr 10 02:55:13 ovzhost sshd[1189]: Received disconnect from 43.255.190.90: 11:  [preauth]
Apr 10 02:55:13 ovzhost sshd[1189]: PAM 2 more authentication failures; logname= uid=0 euid=0 tty=ssh ruser= rhost=43.255.190.90  user=root
Apr 10 02:57:55 ovzhost sshd[1201]: Connection closed by 127.0.0.1 [preauth]
Apr 10 03:00:01 ovzhost CRON[1213]: pam_env(cron:session): Unable to open env file: /etc/default/locale: No such file or directory
Apr 10 03:00:01 ovzhost CRON[1213]: pam_unix(cron:session): session opened for user smmsp by (uid=0)
Apr 10 03:00:01 ovzhost CRON[1213]: pam_unix(cron:session): session closed for user smmsp
Apr 10 03:01:08 ovzhost sshd[1243]: Connection closed by 128.8.37.120 [preauth]
Apr 10 03:02:55 ovzhost sshd[1253]: Connection closed by 127.0.0.1 [preauth]
Apr 10 03:03:27 ovzhost sshd[1257]: Invalid user teamspeak3 from 221.146.74.146
Apr 10 03:03:27 ovzhost sshd[1257]: input_userauth_request: invalid user teamspeak3 [preauth]
Apr 10 03:03:27 ovzhost sshd[1257]: pam_unix(sshd:auth): check pass; user unknown
Apr 10 03:03:27 ovzhost sshd[1257]: pam_unix(sshd:auth): authentication failure; logname= uid=0 euid=0 tty=ssh ruser= rhost=221.146.74.146 
Apr 10 03:03:28 ovzhost sshd[1257]: Failed password for invalid user teamspeak3 from 221.146.74.146 port 24456 ssh2
Apr 10 03:03:29 ovzhost sshd[1257]: Connection closed by 221.146.74.146 [preauth]
Apr 10 03:05:22 ovzhost sshd[1264]: pam_unix(sshd:auth): authentication failure; logname= uid=0 euid=0 tty=ssh ruser= rhost=43.255.190.179  user=root
Apr 10 03:05:25 ovzhost sshd[1264]: Failed password for root from 43.255.190.179 port 52100 ssh2
Apr 10 03:05:29 ovzhost sshd[1264]: message repeated 2 times: [ Failed password for root from 43.255.190.179 port 52100 ssh2]
Apr 10 03:05:29 ovzhost sshd[1264]: Received disconnect from 43.255.190.179: 11:  [preauth]
Apr 10 03:05:29 ovzhost sshd[1264]: PAM 2 more authentication failures; logname= uid=0 euid=0 tty=ssh ruser= rhost=43.255.190.179  user=root
Apr 10 03:05:30 ovzhost sshd[1266]: pam_unix(sshd:auth): authentication failure; logname= uid=0 euid=0 tty=ssh ruser= rhost=43.255.190.179  user=root
Apr 10 03:05:31 ovzhost sshd[1266]: Failed password for root from 43.255.190.179 port 41587 ssh2
Apr 10 03:05:35 ovzhost sshd[1266]: message repeated 2 times: [ Failed password for root from 43.255.190.179 port 41587 ssh2]
Apr 10 03:05:35 ovzhost sshd[1266]: Received disconnect from 43.255.190.179: 11:  [preauth]
Apr 10 03:05:35 ovzhost sshd[1266]: PAM 2 more authentication failures; logname= uid=0 euid=0 tty=ssh ruser= rhost=43.255.190.179  user=root
Apr 10 03:05:36 ovzhost sshd[1268]: pam_unix(sshd:auth): authentication failure; logname= uid=0 euid=0 tty=ssh ruser= rhost=43.255.190.179  user=root
Apr 10 03:05:38 ovzhost sshd[1268]: Failed password for root from 43.255.190.179 port 56057 ssh2
Apr 10 03:05:42 ovzhost sshd[1268]: message repeated 2 times: [ Failed password for root from 43.255.190.179 port 56057 ssh2]
Apr 10 03:05:42 ovzhost sshd[1268]: Received disconnect from 43.255.190.179: 11:  [preauth]
Apr 10 03:05:42 ovzhost sshd[1268]: PAM 2 more authentication failures; logname= uid=0 euid=0 tty=ssh ruser= rhost=43.255.190.179  user=root
Apr 10 03:05:43 ovzhost sshd[1271]: pam_unix(sshd:auth): authentication failure; logname= uid=0 euid=0 tty=ssh ruser= rhost=43.255.190.179  user=root
Apr 10 03:05:45 ovzhost sshd[1271]: Failed password for root from 43.255.190.179 port 44018 ssh2
Apr 10 03:05:49 ovzhost sshd[1271]: message repeated 2 times: [ Failed password for root from 43.255.190.179 port 44018 ssh2]
Apr 10 03:05:49 ovzhost sshd[1271]: Received disconnect from 43.255.190.179: 11:  [preauth]
Apr 10 03:05:49 ovzhost sshd[1271]: PAM 2 more authentication failures; logname= uid=0 euid=0 tty=ssh ruser= rhost=43.255.190.179  user=root
Apr 10 03:05:50 ovzhost sshd[1273]: pam_unix(sshd:auth): authentication failure; logname= uid=0 euid=0 tty=ssh ruser= rhost=43.255.190.179  user=root
Apr 10 03:05:52 ovzhost sshd[1273]: Failed password for root from 43.255.190.179 port 59717 ssh2
Apr 10 03:05:55 ovzhost sshd[1273]: message repeated 2 times: [ Failed password for root from 43.255.190.179 port 59717 ssh2]
Apr 10 03:05:56 ovzhost sshd[1273]: Received disconnect from 43.255.190.179: 11:  [preauth]
Apr 10 03:05:56 ovzhost sshd[1273]: PAM 2 more authentication failures; logname= uid=0 euid=0 tty=ssh ruser= rhost=43.255.190.179  user=root
Apr 10 03:05:56 ovzhost sshd[1276]: pam_unix(sshd:auth): authentication failure; logname= uid=0 euid=0 tty=ssh ruser= rhost=43.255.190.179  user=root
Apr 10 03:05:58 ovzhost sshd[1276]: Failed password for root from 43.255.190.179 port 45631 ssh2
Apr 10 03:06:03 ovzhost sshd[1276]: message repeated 2 times: [ Failed password for root from 43.255.190.179 port 45631 ssh2]
Apr 10 03:06:03 ovzhost sshd[1276]: Received disconnect from 43.255.190.179: 11:  [preauth]
Apr 10 03:06:03 ovzhost sshd[1276]: PAM 2 more authentication failures; logname= uid=0 euid=0 tty=ssh ruser= rhost=43.255.190.179  user=root
Apr 10 03:06:04 ovzhost sshd[1278]: pam_unix(sshd:auth): authentication failure; logname= uid=0 euid=0 tty=ssh ruser= rhost=43.255.190.179  user=root
Apr 10 03:06:05 ovzhost sshd[1278]: Failed password for root from 43.255.190.179 port 60747 ssh2
Apr 10 03:06:10 ovzhost sshd[1278]: message repeated 2 times: [ Failed password for root from 43.255.190.179 port 60747 ssh2]
Apr 10 03:06:10 ovzhost sshd[1278]: Received disconnect from 43.255.190.179: 11:  [preauth]
Apr 10 03:06:10 ovzhost sshd[1278]: PAM 2 more authentication failures; logname= uid=0 euid=0 tty=ssh ruser= rhost=43.255.190.179  user=root
Apr 10 03:06:10 ovzhost sshd[1280]: pam_unix(sshd:auth): authentication failure; logname= uid=0 euid=0 tty=ssh ruser= rhost=43.255.190.179  user=root
Apr 10 03:06:12 ovzhost sshd[1280]: Failed password for root from 43.255.190.179 port 47566 ssh2
Apr 10 03:06:16 ovzhost sshd[1280]: message repeated 2 times: [ Failed password for root from 43.255.190.179 port 47566 ssh2]
Apr 10 03:06:16 ovzhost sshd[1280]: Received disconnect from 43.255.190.179: 11:  [preauth]
Apr 10 03:06:16 ovzhost sshd[1280]: PAM 2 more authentication failures; logname= uid=0 euid=0 tty=ssh ruser= rhost=43.255.190.179  user=root
Apr 10 03:06:17 ovzhost sshd[1282]: pam_unix(sshd:auth): authentication failure; logname= uid=0 euid=0 tty=ssh ruser= rhost=43.255.190.179  user=root
Apr 10 03:06:19 ovzhost sshd[1282]: Failed password for root from 43.255.190.179 port 33040 ssh2
Apr 10 03:06:23 ovzhost sshd[1282]: message repeated 2 times: [ Failed password for root from 43.255.190.179 port 33040 ssh2]
Apr 10 03:06:23 ovzhost sshd[1282]: Received disconnect from 43.255.190.179: 11:  [preauth]
Apr 10 03:06:23 ovzhost sshd[1282]: PAM 2 more authentication failures; logname= uid=0 euid=0 tty=ssh ruser= rhost=43.255.190.179  user=root
Apr 10 03:06:24 ovzhost sshd[1284]: pam_unix(sshd:auth): authentication failure; logname= uid=0 euid=0 tty=ssh ruser= rhost=43.255.190.179  user=root
Apr 10 03:06:25 ovzhost sshd[1284]: Failed password for root from 43.255.190.179 port 48062 ssh2
Apr 10 03:06:30 ovzhost sshd[1284]: message repeated 2 times: [ Failed password for root from 43.255.190.179 port 48062 ssh2]
Apr 10 03:06:30 ovzhost sshd[1284]: Received disconnect from 43.255.190.179: 11:  [preauth]
Apr 10 03:06:30 ovzhost sshd[1284]: PAM 2 more authentication failures; logname= uid=0 euid=0 tty=ssh ruser= rhost=43.255.190.179  user=root
Apr 10 03:06:31 ovzhost sshd[1286]: pam_unix(sshd:auth): authentication failure; logname= uid=0 euid=0 tty=ssh ruser= rhost=43.255.190.179  user=root
Apr 10 03:06:33 ovzhost sshd[1286]: Failed password for root from 43.255.190.179 port 34480 ssh2
Apr 10 03:06:37 ovzhost sshd[1286]: message repeated 2 times: [ Failed password for root from 43.255.190.179 port 34480 ssh2]
Apr 10 03:06:37 ovzhost sshd[1286]: Received disconnect from 43.255.190.179: 11:  [preauth]
Apr 10 03:06:37 ovzhost sshd[1286]: PAM 2 more authentication failures; logname= uid=0 euid=0 tty=ssh ruser= rhost=43.255.190.179  user=root
Apr 10 03:06:38 ovzhost sshd[1290]: pam_unix(sshd:auth): authentication failure; logname= uid=0 euid=0 tty=ssh ruser= rhost=43.255.190.179  user=root
Apr 10 03:06:40 ovzhost sshd[1290]: Failed password for root from 43.255.190.179 port 49644 ssh2
Apr 10 03:06:44 ovzhost sshd[1290]: message repeated 2 times: [ Failed password for root from 43.255.190.179 port 49644 ssh2]
Apr 10 03:06:44 ovzhost sshd[1290]: Received disconnect from 43.255.190.179: 11:  [preauth]
Apr 10 03:06:44 ovzhost sshd[1290]: PAM 2 more authentication failures; logname= uid=0 euid=0 tty=ssh ruser= rhost=43.255.190.179  user=root
Apr 10 03:06:45 ovzhost sshd[1294]: pam_unix(sshd:auth): authentication failure; logname= uid=0 euid=0 tty=ssh ruser= rhost=43.255.190.179  user=root
Apr 10 03:06:47 ovzhost sshd[1294]: Failed password for root from 43.255.190.179 port 36625 ssh2
Apr 10 03:06:51 ovzhost sshd[1294]: message repeated 2 times: [ Failed password for root from 43.255.190.179 port 36625 ssh2]
Apr 10 03:06:51 ovzhost sshd[1294]: Received disconnect from 43.255.190.179: 11:  [preauth]
Apr 10 03:06:51 ovzhost sshd[1294]: PAM 2 more authentication failures; logname= uid=0 euid=0 tty=ssh ruser= rhost=43.255.190.179  user=root
Apr 10 03:06:52 ovzhost sshd[1296]: pam_unix(sshd:auth): authentication failure; logname= uid=0 euid=0 tty=ssh ruser= rhost=43.255.190.179  user=root
Apr 10 03:06:54 ovzhost sshd[1296]: Failed password for root from 43.255.190.179 port 50764 ssh2
Apr 10 03:06:58 ovzhost sshd[1296]: message repeated 2 times: [ Failed password for root from 43.255.190.179 port 50764 ssh2]
Apr 10 03:06:58 ovzhost sshd[1296]: Received disconnect from 43.255.190.179: 11:  [preauth]
Apr 10 03:06:58 ovzhost sshd[1296]: PAM 2 more authentication failures; logname= uid=0 euid=0 tty=ssh ruser= rhost=43.255.190.179  user=root
Apr 10 03:06:59 ovzhost sshd[1298]: pam_unix(sshd:auth): authentication failure; logname= uid=0 euid=0 tty=ssh ruser= rhost=43.255.190.179  user=root
Apr 10 03:07:01 ovzhost sshd[1298]: Failed password for root from 43.255.190.179 port 37277 ssh2
Apr 10 03:07:06 ovzhost sshd[1298]: message repeated 2 times: [ Failed password for root from 43.255.190.179 port 37277 ssh2]
Apr 10 03:07:06 ovzhost sshd[1298]: Received disconnect from 43.255.190.179: 11:  [preauth]
Apr 10 03:07:06 ovzhost sshd[1298]: PAM 2 more authentication failures; logname= uid=0 euid=0 tty=ssh ruser= rhost=43.255.190.179  user=root
Apr 10 03:07:06 ovzhost sshd[1302]: pam_unix(sshd:auth): authentication failure; logname= uid=0 euid=0 tty=ssh ruser= rhost=43.255.190.179  user=root
Apr 10 03:07:08 ovzhost sshd[1302]: Failed password for root from 43.255.190.179 port 52808 ssh2
Apr 10 03:07:13 ovzhost sshd[1302]: message repeated 2 times: [ Failed password for root from 43.255.190.179 port 52808 ssh2]
Apr 10 03:07:13 ovzhost sshd[1302]: Received disconnect from 43.255.190.179: 11:  [preauth]
Apr 10 03:07:13 ovzhost sshd[1302]: PAM 2 more authentication failures; logname= uid=0 euid=0 tty=ssh ruser= rhost=43.255.190.179  user=root
Apr 10 03:07:13 ovzhost sshd[1304]: pam_unix(sshd:auth): authentication failure; logname= uid=0 euid=0 tty=ssh ruser= rhost=43.255.190.179  user=root
Apr 10 03:07:15 ovzhost sshd[1304]: Failed password for root from 43.255.190.179 port 39261 ssh2
Apr 10 03:07:19 ovzhost sshd[1304]: message repeated 2 times: [ Failed password for root from 43.255.190.179 port 39261 ssh2]
Apr 10 03:07:19 ovzhost sshd[1304]: Received disconnect from 43.255.190.179: 11:  [preauth]
Apr 10 03:07:19 ovzhost sshd[1304]: PAM 2 more authentication failures; logname= uid=0 euid=0 tty=ssh ruser= rhost=43.255.190.179  user=root
Apr 10 03:07:20 ovzhost sshd[1306]: pam_unix(sshd:auth): authentication failure; logname= uid=0 euid=0 tty=ssh ruser= rhost=43.255.190.179  user=root
Apr 10 03:07:22 ovzhost sshd[1306]: Failed password for root from 43.255.190.179 port 53131 ssh2
Apr 10 03:07:27 ovzhost sshd[1306]: message repeated 2 times: [ Failed password for root from 43.255.190.179 port 53131 ssh2]
Apr 10 03:07:27 ovzhost sshd[1306]: Received disconnect from 43.255.190.179: 11:  [preauth]
