Apr  2 14:31:44 ovzhost sshd[780]: Connection closed by 127.0.0.1 [preauth]
Apr  2 14:35:40 ovzhost sshd[811]: Connection closed by 128.8.37.120 [preauth]
Apr  2 14:36:44 ovzhost sshd[820]: Connection closed by 127.0.0.1 [preauth]
Apr 10 02:37:55 ovzhost sshd[785]: Connection closed by 127.0.0.1 [preauth]
Apr 10 02:39:01 ovzhost CRON[793]: pam_env(cron:session): Unable to open env file: /etc/default/locale: No such file or directory
Apr 10 02:39:01 ovzhost CRON[793]: pam_unix(cron:session): session opened for user root by (uid=0)
Apr 10 02:39:01 ovzhost CRON[793]: pam_unix(cron:session): session closed for user root
Apr 10 02:40:01 ovzhost CRON[808]: pam_env(cron:session): Unable to open env file: /etc/default/locale: No such file or directory
Apr 10 02:40:01 ovzhost CRON[808]: pam_unix(cron:session): session opened for user smmsp by (uid=0)
Apr 10 02:40:01 ovzhost CRON[808]: pam_unix(cron:session): session closed for user smmsp
Apr 10 02:41:08 ovzhost sshd[839]: Connection closed by 128.8.37.120 [preauth]
Apr 10 02:42:55 ovzhost sshd[849]: Connection closed by 127.0.0.1 [preauth]
Apr 10 02:45:11 ovzhost sshd[858]: pam_unix(sshd:auth): authentication failure; logname= uid=0 euid=0 tty=ssh ruser= rhost=43.255.190.189  user=root
Apr 10 02:45:13 ovzhost sshd[858]: Failed password for root from 43.255.190.189 port 45716 ssh2
Apr 10 02:45:17 ovzhost sshd[858]: message repeated 2 times: [ Failed password for root from 43.255.190.189 port 45716 ssh2]
Apr 10 02:45:17 ovzhost sshd[858]: Received disconnect from 43.255.190.189: 11:  [preauth]
Apr 10 02:45:17 ovzhost sshd[858]: PAM 2 more authentication failures; logname= uid=0 euid=0 tty=ssh ruser= rhost=43.255.190.189  user=root
Apr 10 02:45:18 ovzhost sshd[860]: pam_unix(sshd:auth): authentication failure; logname= uid=0 euid=0 tty=ssh ruser= rhost=43.255.190.189  user=root
Apr 10 02:45:19 ovzhost sshd[860]: Failed password for root from 43.255.190.189 port 60892 ssh2
Apr 10 02:45:24 ovzhost sshd[860]: message repeated 2 times: [ Failed password for root from 43.255.190.189 port 60892 ssh2]
Apr 10 02:45:24 ovzhost sshd[860]: Received disconnect from 43.255.190.189: 11:  [preauth]
Apr 10 02:45:24 ovzhost sshd[860]: PAM 2 more authentication failures; logname= uid=0 euid=0 tty=ssh ruser= rhost=43.255.190.189  user=root
Apr 10 02:45:25 ovzhost sshd[862]: pam_unix(sshd:auth): authentication failure; logname= uid=0 euid=0 tty=ssh ruser= rhost=43.255.190.189  user=root
Apr 10 02:45:27 ovzhost sshd[862]: Failed password for root from 43.255.190.189 port 49408 ssh2
Apr 10 02:45:30 ovzhost sshd[862]: message repeated 2 times: [ Failed password for root from 43.255.190.189 port 49408 ssh2]
Apr 10 02:45:30 ovzhost sshd[862]: Received disconnect from 43.255.190.189: 11:  [preauth]
Apr 10 02:45:30 ovzhost sshd[862]: PAM 2 more authentication failures; logname= uid=0 euid=0 tty=ssh ruser= rhost=43.255.190.189  user=root
Apr 10 02:45:31 ovzhost sshd[864]: pam_unix(sshd:auth): authentication failure; logname= uid=0 euid=0 tty=ssh ruser= rhost=43.255.190.189  user=root
Apr 10 02:45:33 ovzhost sshd[864]: Failed password for root from 43.255.190.189 port 38261 ssh2
Apr 10 02:45:37 ovzhost sshd[864]: message repeated 2 times: [ Failed password for root from 43.255.190.189 port 38261 ssh2]
Apr 10 02:45:37 ovzhost sshd[864]: Received disconnect from 43.255.190.189: 11:  [preauth]
Apr 10 02:45:37 ovzhost sshd[864]: PAM 2 more authentication failures; logname= uid=0 euid=0 tty=ssh ruser= rhost=43.255.190.189  user=root
Apr 10 02:45:38 ovzhost sshd[867]: pam_unix(sshd:auth): authentication failure; logname= uid=0 euid=0 tty=ssh ruser= rhost=43.255.190.189  user=root
Apr 10 02:45:40 ovzhost sshd[867]: Failed password for root from 43.255.190.189 port 54358 ssh2
Apr 10 02:45:44 ovzhost sshd[867]: message repeated 2 times: [ Failed password for root from 43.255.190.189 port 54358 ssh2]
Apr 10 02:45:44 ovzhost sshd[867]: Received disconnect from 43.255.190.189: 11:  [preauth]
Apr 10 02:45:44 ovzhost sshd[867]: PAM 2 more authentication failures; logname= uid=0 euid=0 tty=ssh ruser= rhost=43.255.190.189  user=root
Apr 10 02:45:45 ovzhost sshd[869]: pam_unix(sshd:auth): authentication failure; logname= uid=0 euid=0 tty=ssh ruser= rhost=43.255.190.189  user=root
Apr 10 02:45:48 ovzhost sshd[869]: Failed password for root from 43.255.190.189 port 43276 ssh2
Apr 10 02:45:51 ovzhost sshd[869]: message repeated 2 times: [ Failed password for root from 43.255.190.189 port 43276 ssh2]
Apr 10 02:45:51 ovzhost sshd[869]: Received disconnect from 43.255.190.189: 11:  [preauth]
Apr 10 02:45:51 ovzhost sshd[869]: PAM 2 more authentication failures; logname= uid=0 euid=0 tty=ssh ruser= rhost=43.255.190.189  user=root
Apr 10 02:45:52 ovzhost sshd[872]: pam_unix(sshd:auth): authentication failure; logname= uid=0 euid=0 tty=ssh ruser= rhost=43.255.190.189  user=root
Apr 10 02:45:54 ovzhost sshd[872]: Failed password for root from 43.255.190.189 port 33125 ssh2
Apr 10 02:45:58 ovzhost sshd[872]: message repeated 2 times: [ Failed password for root from 43.255.190.189 port 33125 ssh2]
Apr 10 02:45:58 ovzhost sshd[872]: Received disconnect from 43.255.190.189: 11:  [preauth]
Apr 10 02:45:58 ovzhost sshd[872]: PAM 2 more authentication failures; logname= uid=0 euid=0 tty=ssh ruser= rhost=43.255.190.189  user=root
Apr 10 02:45:59 ovzhost sshd[874]: pam_unix(sshd:auth): authentication failure; logname= uid=0 euid=0 tty=ssh ruser= rhost=43.255.190.189  user=root
Apr 10 02:46:00 ovzhost sshd[874]: Failed password for root from 43.255.190.189 port 49304 ssh2
Apr 10 02:46:04 ovzhost sshd[874]: message repeated 2 times: [ Failed password for root from 43.255.190.189 port 49304 ssh2]
Apr 10 02:46:04 ovzhost sshd[874]: Received disconnect from 43.255.190.189: 11:  [preauth]
Apr 10 02:46:04 ovzhost sshd[874]: PAM 2 more authentication failures; logname= uid=0 euid=0 tty=ssh ruser= rhost=43.255.190.189  user=root
Apr 10 02:46:04 ovzhost sshd[876]: pam_unix(sshd:auth): authentication failure; logname= uid=0 euid=0 tty=ssh ruser= rhost=43.255.190.189  user=root
Apr 10 02:46:07 ovzhost sshd[876]: Failed password for root from 43.255.190.189 port 35746 ssh2
Apr 10 02:46:11 ovzhost sshd[876]: message repeated 2 times: [ Failed password for root from 43.255.190.189 port 35746 ssh2]
Apr 10 02:46:11 ovzhost sshd[876]: Received disconnect from 43.255.190.189: 11:  [preauth]
Apr 10 02:46:11 ovzhost sshd[876]: PAM 2 more authentication failures; logname= uid=0 euid=0 tty=ssh ruser= rhost=43.255.190.189  user=root
Apr 10 02:46:12 ovzhost sshd[878]: pam_unix(sshd:auth): authentication failure; logname= uid=0 euid=0 tty=ssh ruser= rhost=43.255.190.189  user=root
Apr 10 02:46:14 ovzhost sshd[878]: Failed password for root from 43.255.190.189 port 53386 ssh2
Apr 10 02:46:18 ovzhost sshd[878]: message repeated 2 times: [ Failed password for root from 43.255.190.189 port 53386 ssh2]
Apr 10 02:46:18 ovzhost sshd[878]: Received disconnect from 43.255.190.189: 11:  [preauth]
Apr 10 02:46:18 ovzhost sshd[878]: PAM 2 more authentication failures; logname= uid=0 euid=0 tty=ssh ruser= rhost=43.255.190.189  user=root
Apr 10 02:46:18 ovzhost sshd[880]: pam_unix(sshd:auth): authentication failure; logname= uid=0 euid=0 tty=ssh ruser= rhost=43.255.190.189  user=root
Apr 10 02:46:20 ovzhost sshd[880]: Failed password for root from 43.255.190.189 port 42734 ssh2
Apr 10 02:46:25 ovzhost sshd[880]: message repeated 2 times: [ Failed password for root from 43.255.190.189 port 42734 ssh2]
Apr 10 02:46:25 ovzhost sshd[880]: Received disconnect from 43.255.190.189: 11:  [preauth]
Apr 10 02:46:25 ovzhost sshd[880]: PAM 2 more authentication failures; logname= uid=0 euid=0 tty=ssh ruser= rhost=43.255.190.189  user=root
Apr 10 02:46:26 ovzhost sshd[882]: pam_unix(sshd:auth): authentication failure; logname= uid=0 euid=0 tty=ssh ruser= rhost=43.255.190.189  user=root
Apr 10 02:46:27 ovzhost sshd[882]: Failed password for root from 43.255.190.189 port 34542 ssh2
Apr 10 02:46:32 ovzhost sshd[882]: message repeated 2 times: [ Failed password for root from 43.255.190.189 port 34542 ssh2]
Apr 10 02:46:32 ovzhost sshd[882]: Received disconnect from 43.255.190.189: 11:  [preauth]
Apr 10 02:46:32 ovzhost sshd[882]: PAM 2 more authentication failures; logname= uid=0 euid=0 tty=ssh ruser= rhost=43.255.190.189  user=root
Apr 10 02:46:32 ovzhost sshd[886]: pam_unix(sshd:auth): authentication failure; logname= uid=0 euid=0 tty=ssh ruser= rhost=43.255.190.189  user=root
Apr 10 02:46:34 ovzhost sshd[886]: Failed password for root from 43.255.190.189 port 51059 ssh2
Apr 10 02:46:39 ovzhost sshd[886]: message repeated 2 times: [ Failed password for root from 43.255.190.189 port 51059 ssh2]
Apr 10 02:46:39 ovzhost sshd[886]: Received disconnect from 43.255.190.189: 11:  [preauth]
Apr 10 02:46:39 ovzhost sshd[886]: PAM 2 more authentication failures; logname= uid=0 euid=0 tty=ssh ruser= rhost=43.255.190.189  user=root
Apr 10 02:46:39 ovzhost sshd[890]: pam_unix(sshd:auth): authentication failure; logname= uid=0 euid=0 tty=ssh ruser= rhost=43.255.190.189  user=root
Apr 10 02:46:42 ovzhost sshd[890]: Failed password for root from 43.255.190.189 port 41130 ssh2
Apr 10 02:46:46 ovzhost sshd[890]: message repeated 2 times: [ Failed password for root from 43.255.190.189 port 41130 ssh2]
Apr 10 02:46:46 ovzhost sshd[890]: Received disconnect from 43.255.190.189: 11:  [preauth]
Apr 10 02:46:46 ovzhost sshd[890]: PAM 2 more authentication failures; logname= uid=0 euid=0 tty=ssh ruser= rhost=43.255.190.189  user=root
Apr 10 02:46:46 ovzhost sshd[892]: pam_unix(sshd:auth): authentication failure; logname= uid=0 euid=0 tty=ssh ruser= rhost=43.255.190.189  user=root
Apr 10 02:46:49 ovzhost sshd[892]: Failed password for root from 43.255.190.189 port 58104 ssh2
Apr 10 02:46:52 ovzhost sshd[894]: pam_unix(sshd:auth): authentication failure; logname= uid=0 euid=0 tty=ssh ruser= rhost=43.255.190.90  user=root
Apr 10 02:46:53 ovzhost sshd[892]: message repeated 2 times: [ Failed password for root from 43.255.190.189 port 58104 ssh2]
Apr 10 02:46:53 ovzhost sshd[892]: Received disconnect from 43.255.190.189: 11:  [preauth]
Apr 10 02:46:53 ovzhost sshd[892]: PAM 2 more authentication failures; logname= uid=0 euid=0 tty=ssh ruser= rhost=43.255.190.189  user=root
Apr 10 02:46:54 ovzhost sshd[896]: pam_unix(sshd:auth): authentication failure; logname= uid=0 euid=0 tty=ssh ruser= rhost=43.255.190.189  user=root
Apr 10 02:46:55 ovzhost sshd[894]: Failed password for root from 43.255.190.90 port 53364 ssh2
Apr 10 02:46:56 ovzhost sshd[896]: Failed password for root from 43.255.190.189 port 47878 ssh2
Apr 10 02:46:59 ovzhost sshd[894]: message repeated 2 times: [ Failed password for root from 43.255.190.90 port 53364 ssh2]
Apr 10 02:46:59 ovzhost sshd[894]: Received disconnect from 43.255.190.90: 11:  [preauth]
Apr 10 02:46:59 ovzhost sshd[894]: PAM 2 more authentication failures; logname= uid=0 euid=0 tty=ssh ruser= rhost=43.255.190.90  user=root
Apr 10 02:47:00 ovzhost sshd[898]: pam_unix(sshd:auth): authentication failure; logname= uid=0 euid=0 tty=ssh ruser= rhost=43.255.190.90  user=root
Apr 10 02:47:00 ovzhost sshd[896]: message repeated 2 times: [ Failed password for root from 43.255.190.189 port 47878 ssh2]
Apr 10 02:47:00 ovzhost sshd[896]: Received disconnect from 43.255.190.189: 11:  [preauth]
Apr 10 02:47:00 ovzhost sshd[896]: PAM 2 more authentication failures; logname= uid=0 euid=0 tty=ssh ruser= rhost=43.255.190.189  user=root
Apr 10 02:47:01 ovzhost sshd[900]: pam_unix(sshd:auth): authentication failure; logname= uid=0 euid=0 tty=ssh ruser= rhost=43.255.190.189  user=root
Apr 10 02:47:02 ovzhost sshd[898]: Failed password for root from 43.255.190.90 port 43519 ssh2
Apr 10 02:47:03 ovzhost sshd[900]: Failed password for root from 43.255.190.189 port 39208 ssh2
Apr 10 02:47:06 ovzhost sshd[898]: message repeated 2 times: [ Failed password for root from 43.255.190.90 port 43519 ssh2]
Apr 10 02:47:06 ovzhost sshd[898]: Received disconnect from 43.255.190.90: 11:  [preauth]
Apr 10 02:47:06 ovzhost sshd[898]: PAM 2 more authentication failures; logname= uid=0 euid=0 tty=ssh ruser= rhost=43.255.190.90  user=root
Apr 10 02:47:07 ovzhost sshd[900]: message repeated 2 times: [ Failed password for root from 43.255.190.189 port 39208 ssh2]
Apr 10 02:47:07 ovzhost sshd[900]: Received disconnect from 43.255.190.189: 11:  [preauth]
Apr 10 02:47:07 ovzhost sshd[900]: PAM 2 more authentication failures; logname= uid=0 euid=0 tty=ssh ruser= rhost=43.255.190.189  user=root
Apr 10 02:47:07 ovzhost sshd[904]: pam_unix(sshd:auth): authentication failure; logname= uid=0 euid=0 tty=ssh ruser= rhost=43.255.190.90  user=root
Apr 10 02:47:07 ovzhost sshd[906]: pam_unix(sshd:auth): authentication failure; logname= uid=0 euid=0 tty=ssh ruser= rhost=43.255.190.189  user=root
Apr 10 02:47:09 ovzhost sshd[904]: Failed password for root from 43.255.190.90 port 33319 ssh2
Apr 10 02:47:09 ovzhost sshd[906]: Failed password for root from 43.255.190.189 port 56686 ssh2
Apr 10 02:47:13 ovzhost sshd[906]: message repeated 2 times: [ Failed password for root from 43.255.190.189 port 56686 ssh2]
Apr 10 02:47:13 ovzhost sshd[906]: Received disconnect from 43.255.190.189: 11:  [preauth]
Apr 10 02:47:13 ovzhost sshd[906]: PAM 2 more authentication failures; logname= uid=0 euid=0 tty=ssh ruser= rhost=43.255.190.189  user=root
Apr 10 02:47:13 ovzhost sshd[904]: message repeated 2 times: [ Failed password for root from 43.255.190.90 port 33319 ssh2]
Apr 10 02:47:13 ovzhost sshd[904]: Received disconnect from 43.255.190.90: 11:  [preauth]
Apr 10 02:47:13 ovzhost sshd[904]: PAM 2 more authentication failures; logname= uid=0 euid=0 tty=ssh ruser= rhost=43.255.190.90  user=root
Apr 10 02:47:14 ovzhost sshd[908]: pam_unix(sshd:auth): authentication failure; logname= uid=0 euid=0 tty=ssh ruser= rhost=43.255.190.189  user=root
Apr 10 02:47:14 ovzhost sshd[909]: pam_unix(sshd:auth): authentication failure; logname= uid=0 euid=0 tty=ssh ruser= rhost=43.255.190.90  user=root
Apr 10 02:47:16 ovzhost sshd[908]: Failed password for root from 43.255.190.189 port 45667 ssh2
Apr 10 02:47:16 ovzhost sshd[909]: Failed password for root from 43.255.190.90 port 50486 ssh2
Apr 10 02:47:21 ovzhost sshd[908]: message repeated 2 times: [ Failed password for root from 43.255.190.189 port 45667 ssh2]
Apr 10 02:47:21 ovzhost sshd[908]: Received disconnect from 43.255.190.189: 11:  [preauth]
Apr 10 02:47:21 ovzhost sshd[908]: PAM 2 more authentication failures; logname= uid=0 euid=0 tty=ssh ruser= rhost=43.255.190.189  user=root
Apr 10 02:47:21 ovzhost sshd[909]: message repeated 2 times: [ Failed password for root from 43.255.190.90 port 50486 ssh2]
Apr 10 02:47:21 ovzhost sshd[909]: Received disconnect from 43.255.190.90: 11:  [preauth]
Apr 10 02:47:21 ovzhost sshd[909]: PAM 2 more authentication failures; logname= uid=0 euid=0 tty=ssh ruser= rhost=43.255.190.90  user=root
Apr 10 02:47:22 ovzhost sshd[912]: pam_unix(sshd:auth): authentication failure; logname= uid=0 euid=0 tty=ssh ruser= rhost=43.255.190.189  user=root
Apr 10 02:47:22 ovzhost sshd[914]: pam_unix(sshd:auth): authentication failure; logname= uid=0 euid=0 tty=ssh ruser= rhost=43.255.190.90  user=root
Apr 10 02:47:24 ovzhost sshd[912]: Failed password for root from 43.255.190.189 port 36612 ssh2
Apr 10 02:47:24 ovzhost sshd[914]: Failed password for root from 43.255.190.90 port 40975 ssh2
Apr 10 02:47:28 ovzhost sshd[912]: message repeated 2 times: [ Failed password for root from 43.255.190.189 port 36612 ssh2]
Apr 10 02:47:28 ovzhost sshd[912]: Received disconnect from 43.255.190.189: 11:  [preauth]
Apr 10 02:47:28 ovzhost sshd[912]: PAM 2 more authentication failures; logname= uid=0 euid=0 tty=ssh ruser= rhost=43.255.190.189  user=root
Apr 10 02:47:28 ovzhost sshd[914]: message repeated 2 times: [ Failed password for root from 43.255.190.90 port 40975 ssh2]
Apr 10 02:47:28 ovzhost sshd[914]: Received disconnect from 43.255.190.90: 11:  [preauth]
Apr 10 02:47:28 ovzhost sshd[914]: PAM 2 more authentication failures; logname= uid=0 euid=0 tty=ssh ruser= rhost=43.255.190.90  user=root
Apr 10 02:47:29 ovzhost sshd[916]: pam_unix(sshd:auth): authentication failure; logname= uid=0 euid=0 tty=ssh ruser= rhost=43.255.190.189  user=root
Apr 10 02:47:29 ovzhost sshd[918]: pam_unix(sshd:auth): authentication failure; logname= uid=0 euid=0 tty=ssh ruser= rhost=43.255.190.90  user=root
Apr 10 02:47:30 ovzhost sshd[916]: Failed password for root from 43.255.190.189 port 53773 ssh2
Apr 10 02:47:30 ovzhost sshd[918]: Failed password for root from 43.255.190.90 port 58385 ssh2
Apr 10 02:47:35 ovzhost sshd[916]: message repeated 2 times: [ Failed password for root from 43.255.190.189 port 53773 ssh2]
Apr 10 02:47:35 ovzhost sshd[916]: Received disconnect from 43.255.190.189: 11:  [preauth]
Apr 10 02:47:35 ovzhost sshd[916]: PAM 2 more authentication failures; logname= uid=0 euid=0 tty=ssh ruser= rhost=43.255.190.189  user=root
Apr 10 02:47:35 ovzhost sshd[918]: message repeated 2 times: [ Failed password for root from 43.255.190.90 port 58385 ssh2]
Apr 10 02:47:35 ovzhost sshd[918]: Received disconnect from 43.255.190.90: 11:  [preauth]
Apr 10 02:47:35 ovzhost sshd[918]: PAM 2 more authentication failures; logname= uid=0 euid=0 tty=ssh ruser= rhost=43.255.190.90  user=root
Apr 10 02:47:35 ovzhost sshd[921]: pam_unix(sshd:auth): authentication failure; logname= uid=0 euid=0 tty=ssh ruser= rhost=43.255.190.189  user=root
Apr 10 02:47:35 ovzhost sshd[923]: pam_unix(sshd:auth): authentication failure; logname= uid=0 euid=0 tty=ssh ruser= rhost=43.255.190.90  user=root
Apr 10 02:47:37 ovzhost sshd[921]: Failed password for root from 43.255.190.189 port 41684 ssh2
Apr 10 02:47:37 ovzhost sshd[923]: Failed password for root from 43.255.190.90 port 46040 ssh2
Apr 10 02:47:42 ovzhost sshd[921]: message repeated 2 times: [ Failed password for root from 43.255.190.189 port 41684 ssh2]
Apr 10 02:47:42 ovzhost sshd[921]: Received disconnect from 43.255.190.189: 11:  [preauth]
Apr 10 02:47:42 ovzhost sshd[921]: PAM 2 more authentication failures; logname= uid=0 euid=0 tty=ssh ruser= rhost=43.255.190.189  user=root
Apr 10 02:47:42 ovzhost sshd[923]: message repeated 2 times: [ Failed password for root from 43.255.190.90 port 46040 ssh2]
Apr 10 02:47:42 ovzhost sshd[923]: Received disconnect from 43.255.190.90: 11:  [preauth]
Apr 10 02:47:42 ovzhost sshd[923]: PAM 2 more authentication failures; logname= uid=0 euid=0 tty=ssh ruser= rhost=43.255.190.90  user=root
Apr 10 02:47:43 ovzhost sshd[925]: pam_unix(sshd:auth): authentication failure; logname= uid=0 euid=0 tty=ssh ruser= rhost=43.255.190.189  user=root
Apr 10 02:47:43 ovzhost sshd[926]: pam_unix(sshd:auth): authentication failure; logname= uid=0 euid=0 tty=ssh ruser= rhost=43.255.190.90  user=root
Apr 10 02:47:45 ovzhost sshd[925]: Failed password for root from 43.255.190.189 port 60107 ssh2
Apr 10 02:47:45 ovzhost sshd[926]: Failed password for root from 43.255.190.90 port 36372 ssh2
Apr 10 02:47:49 ovzhost sshd[925]: message repeated 2 times: [ Failed password for root from 43.255.190.189 port 60107 ssh2]
Apr 10 02:47:49 ovzhost sshd[925]: Received disconnect from 43.255.190.189: 11:  [preauth]
Apr 10 02:47:49 ovzhost sshd[925]: PAM 2 more authentication failures; logname= uid=0 euid=0 tty=ssh ruser= rhost=43.255.190.189  user=root
Apr 10 02:47:49 ovzhost sshd[926]: message repeated 2 times: [ Failed password for root from 43.255.190.90 port 36372 ssh2]
Apr 10 02:47:49 ovzhost sshd[926]: Received disconnect from 43.255.190.90: 11:  [preauth]
Apr 10 02:47:49 ovzhost sshd[926]: PAM 2 more authentication failures; logname= uid=0 euid=0 tty=ssh ruser= rhost=43.255.190.90  user=root
Apr 10 02:47:50 ovzhost sshd[929]: pam_unix(sshd:auth): authentication failure; logname= uid=0 euid=0 tty=ssh ruser= rhost=43.255.190.189  user=root
Apr 10 02:47:50 ovzhost sshd[930]: pam_unix(sshd:auth): authentication failure; logname= uid=0 euid=0 tty=ssh ruser= rhost=43.255.190.90  user=root
Apr 10 02:47:52 ovzhost sshd[929]: Failed password for root from 43.255.190.189 port 49447 ssh2
Apr 10 02:47:52 ovzhost sshd[930]: Failed password for root from 43.255.190.90 port 54367 ssh2
Apr 10 02:47:55 ovzhost sshd[934]: Connection closed by 127.0.0.1 [preauth]
Apr 10 02:47:57 ovzhost sshd[929]: message repeated 2 times: [ Failed password for root from 43.255.190.189 port 49447 ssh2]
Apr 10 02:47:57 ovzhost sshd[929]: Received disconnect from 43.255.190.189: 11:  [preauth]
Apr 10 02:47:57 ovzhost sshd[929]: PAM 2 more authentication failures; logname= uid=0 euid=0 tty=ssh ruser= rhost=43.255.190.189  user=root
Apr 10 02:47:57 ovzhost sshd[930]: message repeated 2 times: [ Failed password for root from 43.255.190.90 port 54367 ssh2]
Apr 10 02:47:57 ovzhost sshd[930]: Received disconnect from 43.255.190.90: 11:  [preauth]
Apr 10 02:47:57 ovzhost sshd[930]: PAM 2 more authentication failures; logname= uid=0 euid=0 tty=ssh ruser= rhost=43.255.190.90  user=root
Apr 10 02:47:58 ovzhost sshd[936]: pam_unix(sshd:auth): authentication failure; logname= uid=0 euid=0 tty=ssh ruser= rhost=43.255.190.189  user=root
Apr 10 02:47:58 ovzhost sshd[938]: pam_unix(sshd:auth): authentication failure; logname= uid=0 euid=0 tty=ssh ruser= rhost=43.255.190.90  user=root
Apr 10 02:48:00 ovzhost sshd[936]: Failed password for root from 43.255.190.189 port 38558 ssh2
Apr 10 02:48:00 ovzhost sshd[938]: Failed password for root from 43.255.190.90 port 44109 ssh2
Apr 10 02:48:04 ovzhost sshd[938]: message repeated 2 times: [ Failed password for root from 43.255.190.90 port 44109 ssh2]
Apr 10 02:48:04 ovzhost sshd[938]: Received disconnect from 43.255.190.90: 11:  [preauth]
Apr 10 02:48:04 ovzhost sshd[938]: PAM 2 more authentication failures; logname= uid=0 euid=0 tty=ssh ruser= rhost=43.255.190.90  user=root
Apr 10 02:48:05 ovzhost sshd[936]: message repeated 2 times: [ Failed password for root from 43.255.190.189 port 38558 ssh2]
Apr 10 02:48:05 ovzhost sshd[936]: Received disconnect from 43.255.190.189: 11:  [preauth]
Apr 10 02:48:05 ovzhost sshd[936]: PAM 2 more authentication failures; logname= uid=0 euid=0 tty=ssh ruser= rhost=43.255.190.189  user=root
Apr 10 02:48:05 ovzhost sshd[941]: pam_unix(sshd:auth): authentication failure; logname= uid=0 euid=0 tty=ssh ruser= rhost=43.255.190.90  user=root
Apr 10 02:48:06 ovzhost sshd[943]: pam_unix(sshd:auth): authentication failure; logname= uid=0 euid=0 tty=ssh ruser= rhost=43.255.190.189  user=root
Apr 10 02:48:07 ovzhost sshd[941]: Failed password for root from 43.255.190.90 port 34725 ssh2
Apr 10 02:48:07 ovzhost sshd[943]: Failed password for root from 43.255.190.189 port 58233 ssh2
Apr 10 02:48:12 ovzhost sshd[941]: message repeated 2 times: [ Failed password for root from 43.255.190.90 port 34725 ssh2]
Apr 10 02:48:12 ovzhost sshd[941]: Received disconnect from 43.255.190.90: 11:  [preauth]
Apr 10 02:48:12 ovzhost sshd[941]: PAM 2 more authentication failures; logname= uid=0 euid=0 tty=ssh ruser= rhost=43.255.190.90  user=root
Apr 10 02:48:12 ovzhost sshd[945]: pam_unix(sshd:auth): authentication failure; logname= uid=0 euid=0 tty=ssh ruser= rhost=43.255.190.90  user=root
Apr 10 02:48:13 ovzhost sshd[943]: message repeated 2 times: [ Failed password for root from 43.255.190.189 port 58233 ssh2]
Apr 10 02:48:13 ovzhost sshd[943]: Received disconnect from 43.255.190.189: 11:  [preauth]
Apr 10 02:48:13 ovzhost sshd[943]: PAM 2 more authentication failures; logname= uid=0 euid=0 tty=ssh ruser= rhost=43.255.190.189  user=root
Apr 10 02:48:13 ovzhost sshd[947]: pam_unix(sshd:auth): authentication failure; logname= uid=0 euid=0 tty=ssh ruser= rhost=43.255.190.189  user=root
Apr 10 02:48:14 ovzhost sshd[945]: Failed password for root from 43.255.190.90 port 52177 ssh2
Apr 10 02:48:15 ovzhost sshd[947]: Failed password for root from 43.255.190.189 port 48362 ssh2
Apr 10 02:48:18 ovzhost sshd[945]: message repeated 2 times: [ Failed password for root from 43.255.190.90 port 52177 ssh2]
Apr 10 02:48:19 ovzhost sshd[945]: Received disconnect from 43.255.190.90: 11:  [preauth]
Apr 10 02:48:19 ovzhost sshd[945]: PAM 2 more authentication failures; logname= uid=0 euid=0 tty=ssh ruser= rhost=43.255.190.90  user=root
Apr 10 02:48:19 ovzhost sshd[951]: pam_unix(sshd:auth): authentication failure; logname= uid=0 euid=0 tty=ssh ruser= rhost=43.255.190.90  user=root
Apr 10 02:48:20 ovzhost sshd[947]: message repeated 2 times: [ Failed password for root from 43.255.190.189 port 48362 ssh2]
Apr 10 02:48:20 ovzhost sshd[947]: Received disconnect from 43.255.190.189: 11:  [preauth]
Apr 10 02:48:20 ovzhost sshd[947]: PAM 2 more authentication failures; logname= uid=0 euid=0 tty=ssh ruser= rhost=43.255.190.189  user=root
Apr 10 02:48:20 ovzhost sshd[953]: pam_unix(sshd:auth): authentication failure; logname= uid=0 euid=0 tty=ssh ruser= rhost=43.255.190.189  user=root
Apr 10 02:48:21 ovzhost sshd[951]: Failed password for root from 43.255.190.90 port 41556 ssh2
Apr 10 02:48:22 ovzhost sshd[953]: Failed password for root from 43.255.190.189 port 37846 ssh2
Apr 10 02:48:26 ovzhost sshd[951]: message repeated 2 times: [ Failed password for root from 43.255.190.90 port 41556 ssh2]
Apr 10 02:48:26 ovzhost sshd[951]: Received disconnect from 43.255.190.90: 11:  [preauth]
Apr 10 02:48:26 ovzhost sshd[951]: PAM 2 more authentication failures; logname= uid=0 euid=0 tty=ssh ruser= rhost=43.255.190.90  user=root
Apr 10 02:48:26 ovzhost sshd[955]: pam_unix(sshd:auth): authentication failure; logname= uid=0 euid=0 tty=ssh ruser= rhost=43.255.190.90  user=root
Apr 10 02:48:27 ovzhost sshd[953]: message repeated 2 times: [ Failed password for root from 43.255.190.189 port 37846 ssh2]
Apr 10 02:48:27 ovzhost sshd[953]: Received disconnect from 43.255.190.189: 11:  [preauth]
Apr 10 02:48:27 ovzhost sshd[953]: PAM 2 more authentication failures; logname= uid=0 euid=0 tty=ssh ruser= rhost=43.255.190.189  user=root
Apr 10 02:48:28 ovzhost sshd[957]: pam_unix(sshd:auth): authentication failure; logname= uid=0 euid=0 tty=ssh ruser= rhost=43.255.190.189  user=root
Apr 10 02:48:29 ovzhost sshd[955]: Failed password for root from 43.255.190.90 port 59447 ssh2
Apr 10 02:48:30 ovzhost sshd[957]: Failed password for root from 43.255.190.189 port 55910 ssh2
Apr 10 02:48:33 ovzhost sshd[955]: message repeated 2 times: [ Failed password for root from 43.255.190.90 port 59447 ssh2]
Apr 10 02:48:33 ovzhost sshd[955]: Received disconnect from 43.255.190.90: 11:  [preauth]
Apr 10 02:48:33 ovzhost sshd[955]: PAM 2 more authentication failures; logname= uid=0 euid=0 tty=ssh ruser= rhost=43.255.190.90  user=root
Apr 10 02:48:34 ovzhost sshd[957]: message repeated 2 times: [ Failed password for root from 43.255.190.189 port 55910 ssh2]
Apr 10 02:48:34 ovzhost sshd[957]: Received disconnect from 43.255.190.189: 11:  [preauth]
Apr 10 02:48:34 ovzhost sshd[957]: PAM 2 more authentication failures; logname= uid=0 euid=0 tty=ssh ruser= rhost=43.255.190.189  user=root
Apr 10 02:48:34 ovzhost sshd[959]: pam_unix(sshd:auth): authentication failure; logname= uid=0 euid=0 tty=ssh ruser= rhost=43.255.190.90  user=root
Apr 10 02:48:34 ovzhost sshd[961]: pam_unix(sshd:auth): authentication failure; logname= uid=0 euid=0 tty=ssh ruser= rhost=43.255.190.189  user=root
Apr 10 02:48:37 ovzhost sshd[959]: Failed password for root from 43.255.190.90 port 49815 ssh2
Apr 10 02:48:37 ovzhost sshd[961]: Failed password for root from 43.255.190.189 port 42508 ssh2
Apr 10 02:48:40 ovzhost sshd[959]: message repeated 2 times: [ Failed password for root from 43.255.190.90 port 49815 ssh2]
Apr 10 02:48:41 ovzhost sshd[959]: Received disconnect from 43.255.190.90: 11:  [preauth]
Apr 10 02:48:41 ovzhost sshd[959]: PAM 2 more authentication failures; logname= uid=0 euid=0 tty=ssh ruser= rhost=43.255.190.90  user=root
Apr 10 02:48:41 ovzhost sshd[961]: message repeated 2 times: [ Failed password for root from 43.255.190.189 port 42508 ssh2]
Apr 10 02:48:41 ovzhost sshd[961]: Received disconnect from 43.255.190.189: 11:  [preauth]
Apr 10 02:48:41 ovzhost sshd[961]: PAM 2 more authentication failures; logname= uid=0 euid=0 tty=ssh ruser= rhost=43.255.190.189  user=root
Apr 10 02:48:41 ovzhost sshd[966]: pam_unix(sshd:auth): authentication failure; logname= uid=0 euid=0 tty=ssh ruser= rhost=43.255.190.90  user=root
Apr 10 02:48:42 ovzhost sshd[968]: pam_unix(sshd:auth): authentication failure; logname= uid=0 euid=0 tty=ssh ruser= rhost=43.255.190.189  user=root
Apr 10 02:48:44 ovzhost sshd[966]: Failed password for root from 43.255.190.90 port 39538 ssh2
Apr 10 02:48:44 ovzhost sshd[968]: Failed password for root from 43.255.190.189 port 60479 ssh2
Apr 10 02:48:48 ovzhost sshd[966]: message repeated 2 times: [ Failed password for root from 43.255.190.90 port 39538 ssh2]
Apr 10 02:48:49 ovzhost sshd[966]: Received disconnect from 43.255.190.90: 11:  [preauth]
Apr 10 02:48:49 ovzhost sshd[966]: PAM 2 more authentication failures; logname= uid=0 euid=0 tty=ssh ruser= rhost=43.255.190.90  user=root
Apr 10 02:48:49 ovzhost sshd[968]: message repeated 2 times: [ Failed password for root from 43.255.190.189 port 60479 ssh2]
Apr 10 02:48:49 ovzhost sshd[968]: Received disconnect from 43.255.190.189: 11:  [preauth]
Apr 10 02:48:49 ovzhost sshd[968]: PAM 2 more authentication failures; logname= uid=0 euid=0 tty=ssh ruser= rhost=43.255.190.189  user=root
Apr 10 02:48:49 ovzhost sshd[970]: pam_unix(sshd:auth): authentication failure; logname= uid=0 euid=0 tty=ssh ruser= rhost=43.255.190.90  user=root
Apr 10 02:48:49 ovzhost sshd[971]: pam_unix(sshd:auth): authentication failure; logname= uid=0 euid=0 tty=ssh ruser= rhost=43.255.190.189  user=root
Apr 10 02:48:51 ovzhost sshd[970]: Failed password for root from 43.255.190.90 port 58934 ssh2
Apr 10 02:48:51 ovzhost sshd[971]: Failed password for root from 43.255.190.189 port 49323 ssh2
Apr 10 02:48:55 ovzhost sshd[970]: message repeated 2 times: [ Failed password for root from 43.255.190.90 port 58934 ssh2]
Apr 10 02:48:55 ovzhost sshd[970]: Received disconnect from 43.255.190.90: 11:  [preauth]
Apr 10 02:48:55 ovzhost sshd[970]: PAM 2 more authentication failures; logname= uid=0 euid=0 tty=ssh ruser= rhost=43.255.190.90  user=root
Apr 10 02:48:55 ovzhost sshd[971]: message repeated 2 times: [ Failed password for root from 43.255.190.189 port 49323 ssh2]
Apr 10 02:48:55 ovzhost sshd[971]: Received disconnect from 43.255.190.189: 11:  [preauth]
Apr 10 02:48:55 ovzhost sshd[971]: PAM 2 more authentication failures; logname= uid=0 euid=0 tty=ssh ruser= rhost=43.255.190.189  user=root
Apr 10 02:48:56 ovzhost sshd[975]: pam_unix(sshd:auth): authentication failure; logname= uid=0 euid=0 tty=ssh ruser= rhost=43.255.190.189  user=root
Apr 10 02:48:56 ovzhost sshd[974]: pam_unix(sshd:auth): authentication failure; logname= uid=0 euid=0 tty=ssh ruser= rhost=43.255.190.90  user=root
Apr 10 02:48:58 ovzhost sshd[975]: Failed password for root from 43.255.190.189 port 38175 ssh2
Apr 10 02:48:58 ovzhost sshd[974]: Failed password for root from 43.255.190.90 port 48250 ssh2
Apr 10 02:49:03 ovzhost sshd[975]: message repeated 2 times: [ Failed password for root from 43.255.190.189 port 38175 ssh2]
Apr 10 02:49:03 ovzhost sshd[975]: Received disconnect from 43.255.190.189: 11:  [preauth]
Apr 10 02:49:03 ovzhost sshd[975]: PAM 2 more authentication failures; logname= uid=0 euid=0 tty=ssh ruser= rhost=43.255.190.189  user=root
Apr 10 02:49:03 ovzhost sshd[974]: message repeated 2 times: [ Failed password for root from 43.255.190.90 port 48250 ssh2]
Apr 10 02:49:03 ovzhost sshd[974]: Received disconnect from 43.255.190.90: 11:  [preauth]
Apr 10 02:49:03 ovzhost sshd[974]: PAM 2 more authentication failures; logname= uid=0 euid=0 tty=ssh ruser= rhost=43.255.190.90  user=root
Apr 10 02:49:03 ovzhost sshd[978]: pam_unix(sshd:auth): authentication failure; logname= uid=0 euid=0 tty=ssh ruser= rhost=43.255.190.189  user=root
Apr 10 02:49:03 ovzhost sshd[980]: pam_unix(sshd:auth): authentication failure; logname= uid=0 euid=0 tty=ssh ruser= rhost=43.255.190.90  user=root
Apr 10 02:49:05 ovzhost sshd[978]: Failed password for root from 43.255.190.189 port 56263 ssh2
Apr 10 02:49:05 ovzhost sshd[980]: Failed password for root from 43.255.190.90 port 38598 ssh2
Apr 10 02:49:10 ovzhost sshd[980]: message repeated 2 times: [ Failed password for root from 43.255.190.90 port 38598 ssh2]
Apr 10 02:49:10 ovzhost sshd[980]: Received disconnect from 43.255.190.90: 11:  [preauth]
Apr 10 02:49:10 ovzhost sshd[980]: PAM 2 more authentication failures; logname= uid=0 euid=0 tty=ssh ruser= rhost=43.255.190.90  user=root
Apr 10 02:49:10 ovzhost sshd[978]: message repeated 2 times: [ Failed password for root from 43.255.190.189 port 56263 ssh2]
Apr 10 02:49:10 ovzhost sshd[978]: Received disconnect from 43.255.190.189: 11:  [preauth]
Apr 10 02:49:10 ovzhost sshd[978]: PAM 2 more authentication failures; logname= uid=0 euid=0 tty=ssh ruser= rhost=43.255.190.189  user=root
Apr 10 02:49:10 ovzhost sshd[984]: pam_unix(sshd:auth): authentication failure; logname= uid=0 euid=0 tty=ssh ruser= rhost=43.255.190.90  user=root
Apr 10 02:49:10 ovzhost sshd[985]: pam_unix(sshd:auth): authentication failure; logname= uid=0 euid=0 tty=ssh ruser= rhost=43.255.190.189  user=root
Apr 10 02:49:13 ovzhost sshd[984]: Failed password for root from 43.255.190.90 port 55646 ssh2
Apr 10 02:49:13 ovzhost sshd[985]: Failed password for root from 43.255.190.189 port 44265 ssh2
Apr 10 02:49:16 ovzhost sshd[985]: message repeated 2 times: [ Failed password for root from 43.255.190.189 port 44265 ssh2]
Apr 10 02:49:17 ovzhost sshd[985]: Received disconnect from 43.255.190.189: 11:  [preauth]
Apr 10 02:49:17 ovzhost sshd[985]: PAM 2 more authentication failures; logname= uid=0 euid=0 tty=ssh ruser= rhost=43.255.190.189  user=root
Apr 10 02:49:16 ovzhost sshd[984]: message repeated 2 times: [ Failed password for root from 43.255.190.90 port 55646 ssh2]
Apr 10 02:49:17 ovzhost sshd[984]: Received disconnect from 43.255.190.90: 11:  [preauth]
Apr 10 02:49:17 ovzhost sshd[984]: PAM 2 more authentication failures; logname= uid=0 euid=0 tty=ssh ruser= rhost=43.255.190.90  user=root
Apr 10 02:49:19 ovzhost sshd[988]: pam_unix(sshd:auth): authentication failure; logname= uid=0 euid=0 tty=ssh ruser= rhost=43.255.190.189  user=root
Apr 10 02:49:19 ovzhost sshd[990]: pam_unix(sshd:auth): authentication failure; logname= uid=0 euid=0 tty=ssh ruser= rhost=43.255.190.90  user=root
Apr 10 02:49:21 ovzhost sshd[988]: Failed password for root from 43.255.190.189 port 59263 ssh2
Apr 10 02:49:21 ovzhost sshd[990]: Failed password for root from 43.255.190.90 port 43651 ssh2
Apr 10 02:49:25 ovzhost sshd[988]: message repeated 2 times: [ Failed password for root from 43.255.190.189 port 59263 ssh2]
Apr 10 02:49:25 ovzhost sshd[988]: Received disconnect from 43.255.190.189: 11:  [preauth]
Apr 10 02:49:25 ovzhost sshd[988]: PAM 2 more authentication failures; logname= uid=0 euid=0 tty=ssh ruser= rhost=43.255.190.189  user=root
Apr 10 02:49:25 ovzhost sshd[990]: message repeated 2 times: [ Failed password for root from 43.255.190.90 port 43651 ssh2]
Apr 10 02:49:26 ovzhost sshd[990]: Received disconnect from 43.255.190.90: 11:  [preauth]
Apr 10 02:49:26 ovzhost sshd[990]: PAM 2 more authentication failures; logname= uid=0 euid=0 tty=ssh ruser= rhost=43.255.190.90  user=root
Apr 10 02:49:26 ovzhost sshd[992]: pam_unix(sshd:auth): authentication failure; logname= uid=0 euid=0 tty=ssh ruser= rhost=43.255.190.189  user=root
Apr 10 02:49:26 ovzhost sshd[994]: pam_unix(sshd:auth): authentication failure; logname= uid=0 euid=0 tty=ssh ruser= rhost=43.255.190.90  user=root
Apr 10 02:49:27 ovzhost sshd[992]: Failed password for root from 43.255.190.189 port 48714 ssh2
Apr 10 02:49:28 ovzhost sshd[994]: Failed password for root from 43.255.190.90 port 33226 ssh2
Apr 10 02:49:31 ovzhost sshd[992]: message repeated 2 times: [ Failed password for root from 43.255.190.189 port 48714 ssh2]
Apr 10 02:49:31 ovzhost sshd[992]: Received disconnect from 43.255.190.189: 11:  [preauth]
Apr 10 02:49:31 ovzhost sshd[992]: PAM 2 more authentication failures; logname= uid=0 euid=0 tty=ssh ruser= rhost=43.255.190.189  user=root
Apr 10 02:49:32 ovzhost sshd[996]: pam_unix(sshd:auth): authentication failure; logname= uid=0 euid=0 tty=ssh ruser= rhost=43.255.190.189  user=root
Apr 10 02:49:33 ovzhost sshd[994]: message repeated 2 times: [ Failed password for root from 43.255.190.90 port 33226 ssh2]
Apr 10 02:49:33 ovzhost sshd[994]: Received disconnect from 43.255.190.90: 11:  [preauth]
Apr 10 02:49:33 ovzhost sshd[994]: PAM 2 more authentication failures; logname= uid=0 euid=0 tty=ssh ruser= rhost=43.255.190.90  user=root
Apr 10 02:49:33 ovzhost sshd[998]: pam_unix(sshd:auth): authentication failure; logname= uid=0 euid=0 tty=ssh ruser= rhost=43.255.190.90  user=root
Apr 10 02:49:34 ovzhost sshd[996]: Failed password for root from 43.255.190.189 port 36616 ssh2
Apr 10 02:49:36 ovzhost sshd[998]: Failed password for root from 43.255.190.90 port 51439 ssh2
Apr 10 02:49:38 ovzhost sshd[996]: message repeated 2 times: [ Failed password for root from 43.255.190.189 port 36616 ssh2]
Apr 10 02:49:38 ovzhost sshd[996]: Received disconnect from 43.255.190.189: 11:  [preauth]
Apr 10 02:49:38 ovzhost sshd[996]: PAM 2 more authentication failures; logname= uid=0 euid=0 tty=ssh ruser= rhost=43.255.190.189  user=root
Apr 10 02:49:39 ovzhost sshd[1002]: pam_unix(sshd:auth): authentication failure; logname= uid=0 euid=0 tty=ssh ruser= rhost=43.255.190.189  user=root
Apr 10 02:49:39 ovzhost sshd[998]: message repeated 2 times: [ Failed password for root from 43.255.190.90 port 51439 ssh2]
Apr 10 02:49:39 ovzhost sshd[998]: Received disconnect from 43.255.190.90: 11:  [preauth]
Apr 10 02:49:39 ovzhost sshd[998]: PAM 2 more authentication failures; logname= uid=0 euid=0 tty=ssh ruser= rhost=43.255.190.90  user=root
Apr 10 02:49:40 ovzhost sshd[1004]: pam_unix(sshd:auth): authentication failure; logname= uid=0 euid=0 tty=ssh ruser= rhost=43.255.190.90  user=root
Apr 10 02:49:41 ovzhost sshd[1002]: Failed password for root from 43.255.190.189 port 54299 ssh2
Apr 10 02:49:42 ovzhost sshd[1004]: Failed password for root from 43.255.190.90 port 39845 ssh2
Apr 10 02:49:45 ovzhost sshd[1002]: message repeated 2 times: [ Failed password for root from 43.255.190.189 port 54299 ssh2]
Apr 10 02:49:45 ovzhost sshd[1002]: Received disconnect from 43.255.190.189: 11:  [preauth]
Apr 10 02:49:45 ovzhost sshd[1002]: PAM 2 more authentication failures; logname= uid=0 euid=0 tty=ssh ruser= rhost=43.255.190.189  user=root
Apr 10 02:49:46 ovzhost sshd[1006]: pam_unix(sshd:auth): authentication failure; logname= uid=0 euid=0 tty=ssh ruser= rhost=43.255.190.189  user=root
Apr 10 02:49:47 ovzhost sshd[1004]: message repeated 2 times: [ Failed password for root from 43.255.190.90 port 39845 ssh2]
Apr 10 02:49:47 ovzhost sshd[1004]: Received disconnect from 43.255.190.90: 11:  [preauth]
Apr 10 02:49:47 ovzhost sshd[1004]: PAM 2 more authentication failures; logname= uid=0 euid=0 tty=ssh ruser= rhost=43.255.190.90  user=root
Apr 10 02:49:48 ovzhost sshd[1008]: pam_unix(sshd:auth): authentication failure; logname= uid=0 euid=0 tty=ssh ruser= rhost=43.255.190.90  user=root
Apr 10 02:49:48 ovzhost sshd[1006]: Failed password for root from 43.255.190.189 port 43453 ssh2
Apr 10 02:49:49 ovzhost sshd[1008]: Failed password for root from 43.255.190.90 port 59365 ssh2
Apr 10 02:49:51 ovzhost sshd[1006]: message repeated 2 times: [ Failed password for root from 43.255.190.189 port 43453 ssh2]
Apr 10 02:49:51 ovzhost sshd[1006]: Received disconnect from 43.255.190.189: 11:  [preauth]
Apr 10 02:49:51 ovzhost sshd[1006]: PAM 2 more authentication failures; logname= uid=0 euid=0 tty=ssh ruser= rhost=43.255.190.189  user=root
Apr 10 02:49:52 ovzhost sshd[1010]: pam_unix(sshd:auth): authentication failure; logname= uid=0 euid=0 tty=ssh ruser= rhost=43.255.190.189  user=root
Apr 10 02:49:53 ovzhost sshd[1008]: message repeated 2 times: [ Failed password for root from 43.255.190.90 port 59365 ssh2]
Apr 10 02:49:54 ovzhost sshd[1008]: Received disconnect from 43.255.190.90: 11:  [preauth]
Apr 10 02:49:54 ovzhost sshd[1008]: PAM 2 more authentication failures; logname= uid=0 euid=0 tty=ssh ruser= rhost=43.255.190.90  user=root
Apr 10 02:49:54 ovzhost sshd[1010]: Failed password for root from 43.255.190.189 port 59359 ssh2
Apr 10 02:49:54 ovzhost sshd[1012]: pam_unix(sshd:auth): authentication failure; logname= uid=0 euid=0 tty=ssh ruser= rhost=43.255.190.90  user=root
Apr 10 02:49:56 ovzhost sshd[1012]: Failed password for root from 43.255.190.90 port 47432 ssh2
Apr 10 02:49:58 ovzhost sshd[1010]: message repeated 2 times: [ Failed password for root from 43.255.190.189 port 59359 ssh2]
Apr 10 02:49:58 ovzhost sshd[1010]: Received disconnect from 43.255.190.189: 11:  [preauth]
Apr 10 02:49:58 ovzhost sshd[1010]: PAM 2 more authentication failures; logname= uid=0 euid=0 tty=ssh ruser= rhost=43.255.190.189  user=root
Apr 10 02:49:59 ovzhost sshd[1014]: pam_unix(sshd:auth): authentication failure; logname= uid=0 euid=0 tty=ssh ruser= rhost=43.255.190.189  user=root
Apr 10 02:50:01 ovzhost sshd[1012]: message repeated 2 times: [ Failed password for root from 43.255.190.90 port 47432 ssh2]
Apr 10 02:50:01 ovzhost sshd[1012]: Received disconnect from 43.255.190.90: 11:  [preauth]
Apr 10 02:50:01 ovzhost sshd[1012]: PAM 2 more authentication failures; logname= uid=0 euid=0 tty=ssh ruser= rhost=43.255.190.90  user=root
Apr 10 02:50:01 ovzhost sshd[1014]: Failed password for root from 43.255.190.189 port 48334 ssh2
Apr 10 02:50:01 ovzhost sshd[1016]: pam_unix(sshd:auth): authentication failure; logname= uid=0 euid=0 tty=ssh ruser= rhost=43.255.190.90  user=root
Apr 10 02:50:03 ovzhost sshd[1016]: Failed password for root from 43.255.190.90 port 37880 ssh2
Apr 10 02:50:05 ovzhost sshd[1014]: message repeated 2 times: [ Failed password for root from 43.255.190.189 port 48334 ssh2]
Apr 10 02:50:05 ovzhost sshd[1014]: Received disconnect from 43.255.190.189: 11:  [preauth]
Apr 10 02:50:05 ovzhost sshd[1014]: PAM 2 more authentication failures; logname= uid=0 euid=0 tty=ssh ruser= rhost=43.255.190.189  user=root
Apr 10 02:50:06 ovzhost sshd[1018]: pam_unix(sshd:auth): authentication failure; logname= uid=0 euid=0 tty=ssh ruser= rhost=43.255.190.189  user=root
Apr 10 02:50:08 ovzhost sshd[1016]: message repeated 2 times: [ Failed password for root from 43.255.190.90 port 37880 ssh2]
Apr 10 02:50:08 ovzhost sshd[1016]: Received disconnect from 43.255.190.90: 11:  [preauth]
Apr 10 02:50:08 ovzhost sshd[1016]: PAM 2 more authentication failures; logname= uid=0 euid=0 tty=ssh ruser= rhost=43.255.190.90  user=root
Apr 10 02:50:08 ovzhost sshd[1018]: Failed password for root from 43.255.190.189 port 37134 ssh2
Apr 10 02:50:09 ovzhost sshd[1021]: pam_unix(sshd:auth): authentication failure; logname= uid=0 euid=0 tty=ssh ruser= rhost=43.255.190.90  user=root
Apr 10 02:50:11 ovzhost sshd[1021]: Failed password for root from 43.255.190.90 port 56861 ssh2
Apr 10 02:50:13 ovzhost sshd[1018]: message repeated 2 times: [ Failed password for root from 43.255.190.189 port 37134 ssh2]
Apr 10 02:50:13 ovzhost sshd[1018]: Received disconnect from 43.255.190.189: 11:  [preauth]
Apr 10 02:50:13 ovzhost sshd[1018]: PAM 2 more authentication failures; logname= uid=0 euid=0 tty=ssh ruser= rhost=43.255.190.189  user=root
Apr 10 02:50:13 ovzhost sshd[1023]: pam_unix(sshd:auth): authentication failure; logname= uid=0 euid=0 tty=ssh ruser= rhost=43.255.190.189  user=root
Apr 10 02:50:14 ovzhost sshd[1021]: message repeated 2 times: [ Failed password for root from 43.255.190.90 port 56861 ssh2]
Apr 10 02:50:14 ovzhost sshd[1021]: Received disconnect from 43.255.190.90: 11:  [preauth]
Apr 10 02:50:14 ovzhost sshd[1021]: PAM 2 more authentication failures; logname= uid=0 euid=0 tty=ssh ruser= rhost=43.255.190.90  user=root
Apr 10 02:50:14 ovzhost sshd[1025]: pam_unix(sshd:auth): authentication failure; logname= uid=0 euid=0 tty=ssh ruser= rhost=43.255.190.90  user=root
Apr 10 02:50:15 ovzhost sshd[1023]: Failed password for root from 43.255.190.189 port 56828 ssh2
Apr 10 02:50:17 ovzhost sshd[1025]: Failed password for root from 43.255.190.90 port 42753 ssh2
Apr 10 02:50:20 ovzhost sshd[1023]: message repeated 2 times: [ Failed password for root from 43.255.190.189 port 56828 ssh2]
Apr 10 02:50:20 ovzhost sshd[1023]: Received disconnect from 43.255.190.189: 11:  [preauth]
Apr 10 02:50:20 ovzhost sshd[1023]: PAM 2 more authentication failures; logname= uid=0 euid=0 tty=ssh ruser= rhost=43.255.190.189  user=root
Apr 10 02:50:21 ovzhost sshd[1027]: pam_unix(sshd:auth): authentication failure; logname= uid=0 euid=0 tty=ssh ruser= rhost=43.255.190.189  user=root
Apr 10 02:50:21 ovzhost sshd[1025]: message repeated 2 times: [ Failed password for root from 43.255.190.90 port 42753 ssh2]
Apr 10 02:50:21 ovzhost sshd[1025]: Received disconnect from 43.255.190.90: 11:  [preauth]
Apr 10 02:50:21 ovzhost sshd[1025]: PAM 2 more authentication failures; logname= uid=0 euid=0 tty=ssh ruser= rhost=43.255.190.90  user=root
Apr 10 02:50:22 ovzhost sshd[1029]: pam_unix(sshd:auth): authentication failure; logname= uid=0 euid=0 tty=ssh ruser= rhost=43.255.190.90  user=root
Apr 10 02:50:23 ovzhost sshd[1027]: Failed password for root from 43.255.190.189 port 46291 ssh2
Apr 10 02:50:24 ovzhost sshd[1029]: Failed password for root from 43.255.190.90 port 60906 ssh2
Apr 10 02:50:25 ovzhost sshd[1027]: message repeated 2 times: [ Failed password for root from 43.255.190.189 port 46291 ssh2]
Apr 10 02:50:26 ovzhost sshd[1027]: Received disconnect from 43.255.190.189: 11:  [preauth]
Apr 10 02:50:26 ovzhost sshd[1027]: PAM 2 more authentication failures; logname= uid=0 euid=0 tty=ssh ruser= rhost=43.255.190.189  user=root
Apr 10 02:50:26 ovzhost sshd[1031]: pam_unix(sshd:auth): authentication failure; logname= uid=0 euid=0 tty=ssh ruser= rhost=43.255.190.189  user=root
Apr 10 02:50:28 ovzhost sshd[1029]: message repeated 2 times: [ Failed password for root from 43.255.190.90 port 60906 ssh2]
Apr 10 02:50:28 ovzhost sshd[1029]: Received disconnect from 43.255.190.90: 11:  [preauth]
Apr 10 02:50:28 ovzhost sshd[1029]: PAM 2 more authentication failures; logname= uid=0 euid=0 tty=ssh ruser= rhost=43.255.190.90  user=root
Apr 10 02:50:29 ovzhost sshd[1031]: Failed password for root from 43.255.190.189 port 60768 ssh2
Apr 10 02:50:29 ovzhost sshd[1033]: pam_unix(sshd:auth): authentication failure; logname= uid=0 euid=0 tty=ssh ruser= rhost=43.255.190.90  user=root
Apr 10 02:50:31 ovzhost sshd[1033]: Failed password for root from 43.255.190.90 port 50217 ssh2
Apr 10 02:50:32 ovzhost sshd[1031]: message repeated 2 times: [ Failed password for root from 43.255.190.189 port 60768 ssh2]
Apr 10 02:50:32 ovzhost sshd[1031]: Received disconnect from 43.255.190.189: 11:  [preauth]
Apr 10 02:50:32 ovzhost sshd[1031]: PAM 2 more authentication failures; logname= uid=0 euid=0 tty=ssh ruser= rhost=43.255.190.189  user=root
Apr 10 02:50:33 ovzhost sshd[1035]: pam_unix(sshd:auth): authentication failure; logname= uid=0 euid=0 tty=ssh ruser= rhost=43.255.190.189  user=root
Apr 10 02:50:34 ovzhost sshd[1033]: message repeated 2 times: [ Failed password for root from 43.255.190.90 port 50217 ssh2]
Apr 10 02:50:34 ovzhost sshd[1033]: Received disconnect from 43.255.190.90: 11:  [preauth]
Apr 10 02:50:34 ovzhost sshd[1033]: PAM 2 more authentication failures; logname= uid=0 euid=0 tty=ssh ruser= rhost=43.255.190.90  user=root
Apr 10 02:50:35 ovzhost sshd[1037]: pam_unix(sshd:auth): authentication failure; logname= uid=0 euid=0 tty=ssh ruser= rhost=43.255.190.90  user=root
Apr 10 02:50:35 ovzhost sshd[1035]: Failed password for root from 43.255.190.189 port 47858 ssh2
Apr 10 02:50:36 ovzhost sshd[1037]: Failed password for root from 43.255.190.90 port 37240 ssh2
Apr 10 02:50:38 ovzhost sshd[1035]: message repeated 2 times: [ Failed password for root from 43.255.190.189 port 47858 ssh2]
Apr 10 02:50:38 ovzhost sshd[1035]: Received disconnect from 43.255.190.189: 11:  [preauth]
Apr 10 02:50:38 ovzhost sshd[1035]: PAM 2 more authentication failures; logname= uid=0 euid=0 tty=ssh ruser= rhost=43.255.190.189  user=root
Apr 10 02:50:39 ovzhost sshd[1040]: pam_unix(sshd:auth): authentication failure; logname= uid=0 euid=0 tty=ssh ruser= rhost=43.255.190.189  user=root
Apr 10 02:50:40 ovzhost sshd[1037]: message repeated 2 times: [ Failed password for root from 43.255.190.90 port 37240 ssh2]
Apr 10 02:50:40 ovzhost sshd[1037]: Received disconnect from 43.255.190.90: 11:  [preauth]
Apr 10 02:50:40 ovzhost sshd[1037]: PAM 2 more authentication failures; logname= uid=0 euid=0 tty=ssh ruser= rhost=43.255.190.90  user=root
Apr 10 02:50:41 ovzhost sshd[1040]: Failed password for root from 43.255.190.189 port 34978 ssh2
Apr 10 02:50:41 ovzhost sshd[1042]: pam_unix(sshd:auth): authentication failure; logname= uid=0 euid=0 tty=ssh ruser= rhost=43.255.190.90  user=root
Apr 10 02:50:43 ovzhost sshd[1042]: Failed password for root from 43.255.190.90 port 51394 ssh2
Apr 10 02:50:44 ovzhost sshd[1040]: message repeated 2 times: [ Failed password for root from 43.255.190.189 port 34978 ssh2]
Apr 10 02:50:45 ovzhost sshd[1040]: Received disconnect from 43.255.190.189: 11:  [preauth]
Apr 10 02:50:45 ovzhost sshd[1040]: PAM 2 more authentication failures; logname= uid=0 euid=0 tty=ssh ruser= rhost=43.255.190.189  user=root
Apr 10 02:50:45 ovzhost sshd[1044]: pam_unix(sshd:auth): authentication failure; logname= uid=0 euid=0 tty=ssh ruser= rhost=43.255.190.189  user=root
Apr 10 02:50:47 ovzhost sshd[1042]: message repeated 2 times: [ Failed password for root from 43.255.190.90 port 51394 ssh2]
Apr 10 02:50:47 ovzhost sshd[1042]: Received disconnect from 43.255.190.90: 11:  [preauth]
Apr 10 02:50:47 ovzhost sshd[1042]: PAM 2 more authentication failures; logname= uid=0 euid=0 tty=ssh ruser= rhost=43.255.190.90  user=root
