Mar 31 17:16:56 ovzhost sudo:     root : unable to resolve host ovzhost
Mar 31 17:16:56 ovzhost sudo:     root : TTY=pts/0 ; PWD=/ ; USER=root ; COMMAND=/usr/bin/less /root/.bash_history
Mar 31 17:16:56 ovzhost sudo: pam_unix(sudo:session): session opened for user root by (uid=0)
Mar 31 17:16:57 ovzhost sudo: pam_unix(sudo:session): session closed for user root
Apr  2 14:31:13 ovzhost sshd[419]: Server listening on 0.0.0.0 port 22.
Apr  2 14:31:13 ovzhost sshd[419]: Server listening on :: port 22.
Apr  2 14:31:13 ovzhost saslauthd[637]: detach_tty      : master pid is: 637
Apr  2 14:31:13 ovzhost saslauthd[637]: ipc_init        : listening on socket: /var/run/saslauthd/mux
Apr  2 14:33:26 ovzhost sshd[797]: Connection closed by 127.0.0.1 [preauth]
Apr 11 20:37:24 ovzhost sshd[784]: pam_unix(sshd:auth): authentication failure; logname= uid=0 euid=0 tty=ssh ruser= rhost=43.255.190.148  user=root
Apr 11 20:37:25 ovzhost sshd[784]: Failed password for root from 43.255.190.148 port 52597 ssh2
Apr 11 20:37:29 ovzhost sshd[784]: message repeated 2 times: [ Failed password for root from 43.255.190.148 port 52597 ssh2]
Apr 11 20:37:29 ovzhost sshd[784]: Received disconnect from 43.255.190.148: 11:  [preauth]
Apr 11 20:37:29 ovzhost sshd[784]: PAM 2 more authentication failures; logname= uid=0 euid=0 tty=ssh ruser= rhost=43.255.190.148  user=root
Apr 11 20:37:30 ovzhost sshd[786]: pam_unix(sshd:auth): authentication failure; logname= uid=0 euid=0 tty=ssh ruser= rhost=43.255.190.148  user=root
Apr 11 20:37:32 ovzhost sshd[786]: Failed password for root from 43.255.190.148 port 40291 ssh2
Apr 11 20:37:36 ovzhost sshd[786]: message repeated 2 times: [ Failed password for root from 43.255.190.148 port 40291 ssh2]
Apr 11 20:37:37 ovzhost sshd[786]: Received disconnect from 43.255.190.148: 11:  [preauth]
Apr 11 20:37:37 ovzhost sshd[786]: PAM 2 more authentication failures; logname= uid=0 euid=0 tty=ssh ruser= rhost=43.255.190.148  user=root
Apr 11 20:37:37 ovzhost sshd[788]: pam_unix(sshd:auth): authentication failure; logname= uid=0 euid=0 tty=ssh ruser= rhost=43.255.190.148  user=root
Apr 11 20:37:39 ovzhost sshd[788]: Failed password for root from 43.255.190.148 port 57628 ssh2
Apr 11 20:37:43 ovzhost sshd[788]: message repeated 2 times: [ Failed password for root from 43.255.190.148 port 57628 ssh2]
Apr 11 20:37:43 ovzhost sshd[788]: Received disconnect from 43.255.190.148: 11:  [preauth]
Apr 11 20:37:43 ovzhost sshd[788]: PAM 2 more authentication failures; logname= uid=0 euid=0 tty=ssh ruser= rhost=43.255.190.148  user=root
Apr 11 20:37:44 ovzhost sshd[790]: pam_unix(sshd:auth): authentication failure; logname= uid=0 euid=0 tty=ssh ruser= rhost=43.255.190.148  user=root
Apr 11 20:37:46 ovzhost sshd[790]: Failed password for root from 43.255.190.148 port 44797 ssh2
Apr 11 20:37:50 ovzhost sshd[790]: message repeated 2 times: [ Failed password for root from 43.255.190.148 port 44797 ssh2]
Apr 11 20:37:50 ovzhost sshd[790]: Received disconnect from 43.255.190.148: 11:  [preauth]
Apr 11 20:37:50 ovzhost sshd[790]: PAM 2 more authentication failures; logname= uid=0 euid=0 tty=ssh ruser= rhost=43.255.190.148  user=root
Apr 11 20:37:51 ovzhost sshd[792]: pam_unix(sshd:auth): authentication failure; logname= uid=0 euid=0 tty=ssh ruser= rhost=43.255.190.148  user=root
Apr 11 20:37:52 ovzhost sshd[792]: Failed password for root from 43.255.190.148 port 33416 ssh2
Apr 11 20:37:56 ovzhost sshd[792]: message repeated 2 times: [ Failed password for root from 43.255.190.148 port 33416 ssh2]
Apr 11 20:37:56 ovzhost sshd[792]: Received disconnect from 43.255.190.148: 11:  [preauth]
Apr 11 20:37:56 ovzhost sshd[792]: PAM 2 more authentication failures; logname= uid=0 euid=0 tty=ssh ruser= rhost=43.255.190.148  user=root
Apr 11 20:37:57 ovzhost sshd[797]: pam_unix(sshd:auth): authentication failure; logname= uid=0 euid=0 tty=ssh ruser= rhost=43.255.190.148  user=root
Apr 11 20:37:59 ovzhost sshd[797]: Failed password for root from 43.255.190.148 port 48439 ssh2
Apr 11 20:38:02 ovzhost sshd[797]: message repeated 2 times: [ Failed password for root from 43.255.190.148 port 48439 ssh2]
Apr 11 20:38:02 ovzhost sshd[797]: Received disconnect from 43.255.190.148: 11:  [preauth]
Apr 11 20:38:02 ovzhost sshd[797]: PAM 2 more authentication failures; logname= uid=0 euid=0 tty=ssh ruser= rhost=43.255.190.148  user=root
Apr 11 20:38:03 ovzhost sshd[799]: pam_unix(sshd:auth): authentication failure; logname= uid=0 euid=0 tty=ssh ruser= rhost=43.255.190.148  user=root
Apr 11 20:38:04 ovzhost sshd[799]: Failed password for root from 43.255.190.148 port 34859 ssh2
Apr 11 20:38:09 ovzhost sshd[799]: message repeated 2 times: [ Failed password for root from 43.255.190.148 port 34859 ssh2]
Apr 11 20:38:09 ovzhost sshd[799]: Received disconnect from 43.255.190.148: 11:  [preauth]
Apr 11 20:38:09 ovzhost sshd[799]: PAM 2 more authentication failures; logname= uid=0 euid=0 tty=ssh ruser= rhost=43.255.190.148  user=root
Apr 11 20:38:10 ovzhost sshd[801]: pam_unix(sshd:auth): authentication failure; logname= uid=0 euid=0 tty=ssh ruser= rhost=43.255.190.148  user=root
Apr 11 20:38:12 ovzhost sshd[801]: Failed password for root from 43.255.190.148 port 50974 ssh2
Apr 11 20:38:15 ovzhost sshd[801]: message repeated 2 times: [ Failed password for root from 43.255.190.148 port 50974 ssh2]
Apr 11 20:38:15 ovzhost sshd[801]: Received disconnect from 43.255.190.148: 11:  [preauth]
Apr 11 20:38:15 ovzhost sshd[801]: PAM 2 more authentication failures; logname= uid=0 euid=0 tty=ssh ruser= rhost=43.255.190.148  user=root
Apr 11 20:38:16 ovzhost sshd[803]: pam_unix(sshd:auth): authentication failure; logname= uid=0 euid=0 tty=ssh ruser= rhost=43.255.190.148  user=root
Apr 11 20:38:18 ovzhost sshd[803]: Failed password for root from 43.255.190.148 port 37157 ssh2
Apr 11 20:38:22 ovzhost sshd[803]: message repeated 2 times: [ Failed password for root from 43.255.190.148 port 37157 ssh2]
Apr 11 20:38:22 ovzhost sshd[803]: Received disconnect from 43.255.190.148: 11:  [preauth]
Apr 11 20:38:22 ovzhost sshd[803]: PAM 2 more authentication failures; logname= uid=0 euid=0 tty=ssh ruser= rhost=43.255.190.148  user=root
Apr 11 20:38:22 ovzhost sshd[805]: pam_unix(sshd:auth): authentication failure; logname= uid=0 euid=0 tty=ssh ruser= rhost=43.255.190.148  user=root
Apr 11 20:38:24 ovzhost sshd[805]: Failed password for root from 43.255.190.148 port 52957 ssh2
Apr 11 20:38:28 ovzhost sshd[805]: message repeated 2 times: [ Failed password for root from 43.255.190.148 port 52957 ssh2]
Apr 11 20:38:28 ovzhost sshd[805]: Received disconnect from 43.255.190.148: 11:  [preauth]
Apr 11 20:38:28 ovzhost sshd[805]: PAM 2 more authentication failures; logname= uid=0 euid=0 tty=ssh ruser= rhost=43.255.190.148  user=root
Apr 11 20:38:29 ovzhost sshd[809]: pam_unix(sshd:auth): authentication failure; logname= uid=0 euid=0 tty=ssh ruser= rhost=43.255.190.148  user=root
Apr 11 20:38:30 ovzhost sshd[809]: Failed password for root from 43.255.190.148 port 39321 ssh2
Apr 11 20:38:34 ovzhost sshd[809]: message repeated 2 times: [ Failed password for root from 43.255.190.148 port 39321 ssh2]
Apr 11 20:38:34 ovzhost sshd[809]: Received disconnect from 43.255.190.148: 11:  [preauth]
Apr 11 20:38:34 ovzhost sshd[809]: PAM 2 more authentication failures; logname= uid=0 euid=0 tty=ssh ruser= rhost=43.255.190.148  user=root
Apr 11 20:38:34 ovzhost sshd[813]: pam_unix(sshd:auth): authentication failure; logname= uid=0 euid=0 tty=ssh ruser= rhost=43.255.190.148  user=root
Apr 11 20:38:36 ovzhost sshd[813]: Failed password for root from 43.255.190.148 port 52303 ssh2
Apr 11 20:38:40 ovzhost sshd[813]: message repeated 2 times: [ Failed password for root from 43.255.190.148 port 52303 ssh2]
Apr 11 20:38:40 ovzhost sshd[813]: Received disconnect from 43.255.190.148: 11:  [preauth]
Apr 11 20:38:40 ovzhost sshd[813]: PAM 2 more authentication failures; logname= uid=0 euid=0 tty=ssh ruser= rhost=43.255.190.148  user=root
Apr 11 20:38:40 ovzhost sshd[815]: pam_unix(sshd:auth): authentication failure; logname= uid=0 euid=0 tty=ssh ruser= rhost=43.255.190.148  user=root
Apr 11 20:38:42 ovzhost sshd[815]: Failed password for root from 43.255.190.148 port 37796 ssh2
Apr 11 20:38:46 ovzhost sshd[815]: message repeated 2 times: [ Failed password for root from 43.255.190.148 port 37796 ssh2]
Apr 11 20:38:46 ovzhost sshd[815]: Received disconnect from 43.255.190.148: 11:  [preauth]
Apr 11 20:38:46 ovzhost sshd[815]: PAM 2 more authentication failures; logname= uid=0 euid=0 tty=ssh ruser= rhost=43.255.190.148  user=root
Apr 11 20:38:47 ovzhost sshd[817]: pam_unix(sshd:auth): authentication failure; logname= uid=0 euid=0 tty=ssh ruser= rhost=43.255.190.148  user=root
Apr 11 20:38:48 ovzhost sshd[817]: Failed password for root from 43.255.190.148 port 52830 ssh2
Apr 11 20:38:52 ovzhost sshd[817]: message repeated 2 times: [ Failed password for root from 43.255.190.148 port 52830 ssh2]
Apr 11 20:38:52 ovzhost sshd[817]: Received disconnect from 43.255.190.148: 11:  [preauth]
Apr 11 20:38:52 ovzhost sshd[817]: PAM 2 more authentication failures; logname= uid=0 euid=0 tty=ssh ruser= rhost=43.255.190.148  user=root
Apr 11 20:38:53 ovzhost sshd[819]: pam_unix(sshd:auth): authentication failure; logname= uid=0 euid=0 tty=ssh ruser= rhost=43.255.190.148  user=root
Apr 11 20:38:54 ovzhost sshd[819]: Failed password for root from 43.255.190.148 port 38381 ssh2
Apr 11 20:38:58 ovzhost sshd[819]: message repeated 2 times: [ Failed password for root from 43.255.190.148 port 38381 ssh2]
Apr 11 20:38:58 ovzhost sshd[819]: Received disconnect from 43.255.190.148: 11:  [preauth]
Apr 11 20:38:58 ovzhost sshd[819]: PAM 2 more authentication failures; logname= uid=0 euid=0 tty=ssh ruser= rhost=43.255.190.148  user=root
Apr 11 20:38:59 ovzhost sshd[823]: pam_unix(sshd:auth): authentication failure; logname= uid=0 euid=0 tty=ssh ruser= rhost=43.255.190.148  user=root
Apr 11 20:38:59 ovzhost sshd[826]: Connection closed by 127.0.0.1 [preauth]
Apr 11 20:39:00 ovzhost sshd[823]: Failed password for root from 43.255.190.148 port 51841 ssh2
Apr 11 20:39:01 ovzhost CRON[828]: pam_env(cron:session): Unable to open env file: /etc/default/locale: No such file or directory
Apr 11 20:39:01 ovzhost CRON[828]: pam_unix(cron:session): session opened for user root by (uid=0)
Apr 11 20:39:01 ovzhost CRON[828]: pam_unix(cron:session): session closed for user root
Apr 11 20:39:04 ovzhost sshd[823]: message repeated 2 times: [ Failed password for root from 43.255.190.148 port 51841 ssh2]
Apr 11 20:39:04 ovzhost sshd[823]: Received disconnect from 43.255.190.148: 11:  [preauth]
Apr 11 20:39:04 ovzhost sshd[823]: PAM 2 more authentication failures; logname= uid=0 euid=0 tty=ssh ruser= rhost=43.255.190.148  user=root
Apr 11 20:39:05 ovzhost sshd[839]: pam_unix(sshd:auth): authentication failure; logname= uid=0 euid=0 tty=ssh ruser= rhost=43.255.190.148  user=root
Apr 11 20:39:06 ovzhost sshd[839]: Failed password for root from 43.255.190.148 port 36717 ssh2
Apr 11 20:39:10 ovzhost sshd[839]: message repeated 2 times: [ Failed password for root from 43.255.190.148 port 36717 ssh2]
Apr 11 20:39:10 ovzhost sshd[839]: Received disconnect from 43.255.190.148: 11:  [preauth]
Apr 11 20:39:10 ovzhost sshd[839]: PAM 2 more authentication failures; logname= uid=0 euid=0 tty=ssh ruser= rhost=43.255.190.148  user=root
Apr 11 20:39:10 ovzhost sshd[841]: pam_unix(sshd:auth): authentication failure; logname= uid=0 euid=0 tty=ssh ruser= rhost=43.255.190.148  user=root
Apr 11 20:39:12 ovzhost sshd[841]: Failed password for root from 43.255.190.148 port 49785 ssh2
Apr 11 20:39:16 ovzhost sshd[841]: message repeated 2 times: [ Failed password for root from 43.255.190.148 port 49785 ssh2]
Apr 11 20:39:16 ovzhost sshd[841]: Received disconnect from 43.255.190.148: 11:  [preauth]
Apr 11 20:39:16 ovzhost sshd[841]: PAM 2 more authentication failures; logname= uid=0 euid=0 tty=ssh ruser= rhost=43.255.190.148  user=root
Apr 11 20:39:17 ovzhost sshd[843]: pam_unix(sshd:auth): authentication failure; logname= uid=0 euid=0 tty=ssh ruser= rhost=43.255.190.148  user=root
Apr 11 20:39:18 ovzhost sshd[843]: Failed password for root from 43.255.190.148 port 36208 ssh2
Apr 11 20:39:22 ovzhost sshd[843]: message repeated 2 times: [ Failed password for root from 43.255.190.148 port 36208 ssh2]
Apr 11 20:39:22 ovzhost sshd[843]: Received disconnect from 43.255.190.148: 11:  [preauth]
Apr 11 20:39:22 ovzhost sshd[843]: PAM 2 more authentication failures; logname= uid=0 euid=0 tty=ssh ruser= rhost=43.255.190.148  user=root
Apr 11 20:39:23 ovzhost sshd[845]: pam_unix(sshd:auth): authentication failure; logname= uid=0 euid=0 tty=ssh ruser= rhost=43.255.190.148  user=root
Apr 11 20:39:25 ovzhost sshd[845]: Failed password for root from 43.255.190.148 port 49846 ssh2
Apr 11 20:39:29 ovzhost sshd[845]: message repeated 2 times: [ Failed password for root from 43.255.190.148 port 49846 ssh2]
Apr 11 20:39:29 ovzhost sshd[845]: Received disconnect from 43.255.190.148: 11:  [preauth]
Apr 11 20:39:29 ovzhost sshd[845]: PAM 2 more authentication failures; logname= uid=0 euid=0 tty=ssh ruser= rhost=43.255.190.148  user=root
Apr 11 20:39:29 ovzhost sshd[848]: pam_unix(sshd:auth): authentication failure; logname= uid=0 euid=0 tty=ssh ruser= rhost=43.255.190.148  user=root
Apr 11 20:39:31 ovzhost sshd[848]: Failed password for root from 43.255.190.148 port 35742 ssh2
Apr 11 20:39:35 ovzhost sshd[848]: message repeated 2 times: [ Failed password for root from 43.255.190.148 port 35742 ssh2]
Apr 11 20:39:35 ovzhost sshd[848]: Received disconnect from 43.255.190.148: 11:  [preauth]
Apr 11 20:39:35 ovzhost sshd[848]: PAM 2 more authentication failures; logname= uid=0 euid=0 tty=ssh ruser= rhost=43.255.190.148  user=root
Apr 11 20:39:35 ovzhost sshd[850]: pam_unix(sshd:auth): authentication failure; logname= uid=0 euid=0 tty=ssh ruser= rhost=43.255.190.148  user=root
Apr 11 20:39:37 ovzhost sshd[850]: Failed password for root from 43.255.190.148 port 49550 ssh2
Apr 11 20:39:42 ovzhost sshd[850]: message repeated 2 times: [ Failed password for root from 43.255.190.148 port 49550 ssh2]
Apr 11 20:39:42 ovzhost sshd[850]: Received disconnect from 43.255.190.148: 11:  [preauth]
Apr 11 20:39:42 ovzhost sshd[850]: PAM 2 more authentication failures; logname= uid=0 euid=0 tty=ssh ruser= rhost=43.255.190.148  user=root
Apr 11 20:39:42 ovzhost sshd[852]: pam_unix(sshd:auth): authentication failure; logname= uid=0 euid=0 tty=ssh ruser= rhost=43.255.190.148  user=root
Apr 11 20:39:44 ovzhost sshd[852]: Failed password for root from 43.255.190.148 port 36888 ssh2
Apr 11 20:39:48 ovzhost sshd[852]: message repeated 2 times: [ Failed password for root from 43.255.190.148 port 36888 ssh2]
Apr 11 20:39:49 ovzhost sshd[852]: Received disconnect from 43.255.190.148: 11:  [preauth]
Apr 11 20:39:49 ovzhost sshd[852]: PAM 2 more authentication failures; logname= uid=0 euid=0 tty=ssh ruser= rhost=43.255.190.148  user=root
Apr 11 20:39:49 ovzhost sshd[854]: pam_unix(sshd:auth): authentication failure; logname= uid=0 euid=0 tty=ssh ruser= rhost=43.255.190.148  user=root
Apr 11 20:39:51 ovzhost sshd[854]: Failed password for root from 43.255.190.148 port 50991 ssh2
Apr 11 20:39:56 ovzhost sshd[854]: message repeated 2 times: [ Failed password for root from 43.255.190.148 port 50991 ssh2]
Apr 11 20:39:56 ovzhost sshd[854]: Received disconnect from 43.255.190.148: 11:  [preauth]
Apr 11 20:39:56 ovzhost sshd[854]: PAM 2 more authentication failures; logname= uid=0 euid=0 tty=ssh ruser= rhost=43.255.190.148  user=root
Apr 11 20:39:56 ovzhost sshd[857]: pam_unix(sshd:auth): authentication failure; logname= uid=0 euid=0 tty=ssh ruser= rhost=43.255.190.148  user=root
Apr 11 20:39:59 ovzhost sshd[857]: Failed password for root from 43.255.190.148 port 38272 ssh2
Apr 11 20:40:01 ovzhost CRON[859]: pam_env(cron:session): Unable to open env file: /etc/default/locale: No such file or directory
Apr 11 20:40:01 ovzhost CRON[859]: pam_unix(cron:session): session opened for user smmsp by (uid=0)
Apr 11 20:40:01 ovzhost CRON[859]: pam_unix(cron:session): session closed for user smmsp
Apr 11 20:40:03 ovzhost sshd[857]: message repeated 2 times: [ Failed password for root from 43.255.190.148 port 38272 ssh2]
Apr 11 20:40:03 ovzhost sshd[857]: Received disconnect from 43.255.190.148: 11:  [preauth]
Apr 11 20:40:03 ovzhost sshd[857]: PAM 2 more authentication failures; logname= uid=0 euid=0 tty=ssh ruser= rhost=43.255.190.148  user=root
Apr 11 20:40:03 ovzhost sshd[885]: pam_unix(sshd:auth): authentication failure; logname= uid=0 euid=0 tty=ssh ruser= rhost=43.255.190.148  user=root
Apr 11 20:40:05 ovzhost sshd[885]: Failed password for root from 43.255.190.148 port 52923 ssh2
Apr 11 20:40:09 ovzhost sshd[885]: message repeated 2 times: [ Failed password for root from 43.255.190.148 port 52923 ssh2]
Apr 11 20:40:09 ovzhost sshd[885]: Received disconnect from 43.255.190.148: 11:  [preauth]
Apr 11 20:40:09 ovzhost sshd[885]: PAM 2 more authentication failures; logname= uid=0 euid=0 tty=ssh ruser= rhost=43.255.190.148  user=root
Apr 11 20:40:10 ovzhost sshd[887]: pam_unix(sshd:auth): authentication failure; logname= uid=0 euid=0 tty=ssh ruser= rhost=43.255.190.148  user=root
Apr 11 20:40:12 ovzhost sshd[887]: Failed password for root from 43.255.190.148 port 38604 ssh2
Apr 11 20:40:16 ovzhost sshd[887]: message repeated 2 times: [ Failed password for root from 43.255.190.148 port 38604 ssh2]
Apr 11 20:40:17 ovzhost sshd[887]: Received disconnect from 43.255.190.148: 11:  [preauth]
Apr 11 20:40:17 ovzhost sshd[887]: PAM 2 more authentication failures; logname= uid=0 euid=0 tty=ssh ruser= rhost=43.255.190.148  user=root
Apr 11 20:40:17 ovzhost sshd[889]: pam_unix(sshd:auth): authentication failure; logname= uid=0 euid=0 tty=ssh ruser= rhost=43.255.190.148  user=root
Apr 11 20:40:19 ovzhost sshd[889]: Failed password for root from 43.255.190.148 port 53754 ssh2
Apr 11 20:40:23 ovzhost sshd[889]: message repeated 2 times: [ Failed password for root from 43.255.190.148 port 53754 ssh2]
Apr 11 20:40:23 ovzhost sshd[889]: Received disconnect from 43.255.190.148: 11:  [preauth]
Apr 11 20:40:23 ovzhost sshd[889]: PAM 2 more authentication failures; logname= uid=0 euid=0 tty=ssh ruser= rhost=43.255.190.148  user=root
Apr 11 20:40:24 ovzhost sshd[891]: pam_unix(sshd:auth): authentication failure; logname= uid=0 euid=0 tty=ssh ruser= rhost=43.255.190.148  user=root
Apr 11 20:40:26 ovzhost sshd[891]: Failed password for root from 43.255.190.148 port 40042 ssh2
Apr 11 20:40:26 ovzhost sshd[894]: Connection closed by 128.8.37.104 [preauth]
Apr 11 20:40:30 ovzhost sshd[891]: message repeated 2 times: [ Failed password for root from 43.255.190.148 port 40042 ssh2]
Apr 11 20:40:30 ovzhost sshd[891]: Received disconnect from 43.255.190.148: 11:  [preauth]
Apr 11 20:40:30 ovzhost sshd[891]: PAM 2 more authentication failures; logname= uid=0 euid=0 tty=ssh ruser= rhost=43.255.190.148  user=root
Apr 11 20:40:31 ovzhost sshd[896]: pam_unix(sshd:auth): authentication failure; logname= uid=0 euid=0 tty=ssh ruser= rhost=43.255.190.148  user=root
Apr 11 20:40:33 ovzhost sshd[896]: Failed password for root from 43.255.190.148 port 53887 ssh2
Apr 11 20:40:38 ovzhost sshd[896]: message repeated 2 times: [ Failed password for root from 43.255.190.148 port 53887 ssh2]
Apr 11 20:40:38 ovzhost sshd[896]: Received disconnect from 43.255.190.148: 11:  [preauth]
Apr 11 20:40:38 ovzhost sshd[896]: PAM 2 more authentication failures; logname= uid=0 euid=0 tty=ssh ruser= rhost=43.255.190.148  user=root
Apr 11 20:40:38 ovzhost sshd[898]: pam_unix(sshd:auth): authentication failure; logname= uid=0 euid=0 tty=ssh ruser= rhost=43.255.190.148  user=root
Apr 11 20:40:40 ovzhost sshd[898]: Failed password for root from 43.255.190.148 port 41601 ssh2
Apr 11 20:40:45 ovzhost sshd[898]: message repeated 2 times: [ Failed password for root from 43.255.190.148 port 41601 ssh2]
Apr 11 20:40:45 ovzhost sshd[898]: Received disconnect from 43.255.190.148: 11:  [preauth]
Apr 11 20:40:45 ovzhost sshd[898]: PAM 2 more authentication failures; logname= uid=0 euid=0 tty=ssh ruser= rhost=43.255.190.148  user=root
Apr 11 20:40:45 ovzhost sshd[902]: pam_unix(sshd:auth): authentication failure; logname= uid=0 euid=0 tty=ssh ruser= rhost=43.255.190.148  user=root
Apr 11 20:40:48 ovzhost sshd[902]: Failed password for root from 43.255.190.148 port 55718 ssh2
Apr 11 20:40:51 ovzhost sshd[902]: message repeated 2 times: [ Failed password for root from 43.255.190.148 port 55718 ssh2]
Apr 11 20:40:51 ovzhost sshd[902]: Received disconnect from 43.255.190.148: 11:  [preauth]
Apr 11 20:40:51 ovzhost sshd[902]: PAM 2 more authentication failures; logname= uid=0 euid=0 tty=ssh ruser= rhost=43.255.190.148  user=root
Apr 11 20:40:52 ovzhost sshd[904]: pam_unix(sshd:auth): authentication failure; logname= uid=0 euid=0 tty=ssh ruser= rhost=43.255.190.148  user=root
Apr 11 20:40:55 ovzhost sshd[904]: Failed password for root from 43.255.190.148 port 41489 ssh2
Apr 11 20:40:59 ovzhost sshd[904]: message repeated 2 times: [ Failed password for root from 43.255.190.148 port 41489 ssh2]
Apr 11 20:40:59 ovzhost sshd[904]: Received disconnect from 43.255.190.148: 11:  [preauth]
Apr 11 20:40:59 ovzhost sshd[904]: PAM 2 more authentication failures; logname= uid=0 euid=0 tty=ssh ruser= rhost=43.255.190.148  user=root
Apr 11 20:41:00 ovzhost sshd[906]: pam_unix(sshd:auth): authentication failure; logname= uid=0 euid=0 tty=ssh ruser= rhost=43.255.190.148  user=root
Apr 11 20:41:01 ovzhost sshd[906]: Failed password for root from 43.255.190.148 port 56921 ssh2
Apr 11 20:41:05 ovzhost sshd[906]: message repeated 2 times: [ Failed password for root from 43.255.190.148 port 56921 ssh2]
Apr 11 20:41:05 ovzhost sshd[906]: Received disconnect from 43.255.190.148: 11:  [preauth]
Apr 11 20:41:05 ovzhost sshd[906]: PAM 2 more authentication failures; logname= uid=0 euid=0 tty=ssh ruser= rhost=43.255.190.148  user=root
Apr 11 20:41:06 ovzhost sshd[908]: pam_unix(sshd:auth): authentication failure; logname= uid=0 euid=0 tty=ssh ruser= rhost=43.255.190.148  user=root
Apr 11 20:41:08 ovzhost sshd[908]: Failed password for root from 43.255.190.148 port 41956 ssh2
Apr 11 20:41:13 ovzhost sshd[908]: message repeated 2 times: [ Failed password for root from 43.255.190.148 port 41956 ssh2]
Apr 11 20:41:13 ovzhost sshd[908]: Received disconnect from 43.255.190.148: 11:  [preauth]
Apr 11 20:41:13 ovzhost sshd[908]: PAM 2 more authentication failures; logname= uid=0 euid=0 tty=ssh ruser= rhost=43.255.190.148  user=root
Apr 11 20:41:13 ovzhost sshd[910]: pam_unix(sshd:auth): authentication failure; logname= uid=0 euid=0 tty=ssh ruser= rhost=43.255.190.148  user=root
Apr 11 20:41:15 ovzhost sshd[910]: Failed password for root from 43.255.190.148 port 56449 ssh2
Apr 11 20:41:20 ovzhost sshd[910]: message repeated 2 times: [ Failed password for root from 43.255.190.148 port 56449 ssh2]
Apr 11 20:41:20 ovzhost sshd[910]: Received disconnect from 43.255.190.148: 11:  [preauth]
Apr 11 20:41:20 ovzhost sshd[910]: PAM 2 more authentication failures; logname= uid=0 euid=0 tty=ssh ruser= rhost=43.255.190.148  user=root
Apr 11 20:41:20 ovzhost sshd[912]: pam_unix(sshd:auth): authentication failure; logname= uid=0 euid=0 tty=ssh ruser= rhost=43.255.190.148  user=root
Apr 11 20:41:23 ovzhost sshd[912]: Failed password for root from 43.255.190.148 port 42634 ssh2
Apr 11 20:41:28 ovzhost sshd[912]: message repeated 2 times: [ Failed password for root from 43.255.190.148 port 42634 ssh2]
Apr 11 20:41:28 ovzhost sshd[912]: Received disconnect from 43.255.190.148: 11:  [preauth]
Apr 11 20:41:28 ovzhost sshd[912]: PAM 2 more authentication failures; logname= uid=0 euid=0 tty=ssh ruser= rhost=43.255.190.148  user=root
Apr 11 20:41:28 ovzhost sshd[918]: pam_unix(sshd:auth): authentication failure; logname= uid=0 euid=0 tty=ssh ruser= rhost=43.255.190.148  user=root
Apr 11 20:41:31 ovzhost sshd[918]: Failed password for root from 43.255.190.148 port 58178 ssh2
Apr 11 20:41:35 ovzhost sshd[918]: message repeated 2 times: [ Failed password for root from 43.255.190.148 port 58178 ssh2]
Apr 11 20:41:35 ovzhost sshd[918]: Received disconnect from 43.255.190.148: 11:  [preauth]
Apr 11 20:41:35 ovzhost sshd[918]: PAM 2 more authentication failures; logname= uid=0 euid=0 tty=ssh ruser= rhost=43.255.190.148  user=root
Apr 11 20:41:35 ovzhost sshd[920]: pam_unix(sshd:auth): authentication failure; logname= uid=0 euid=0 tty=ssh ruser= rhost=43.255.190.148  user=root
Apr 11 20:41:38 ovzhost sshd[920]: Failed password for root from 43.255.190.148 port 44609 ssh2
Apr 11 20:41:40 ovzhost sshd[922]: pam_unix(sshd:auth): authentication failure; logname= uid=0 euid=0 tty=ssh ruser= rhost=43.255.190.163  user=root
Apr 11 20:41:42 ovzhost sshd[922]: Failed password for root from 43.255.190.163 port 43585 ssh2
Apr 11 20:41:42 ovzhost sshd[920]: message repeated 2 times: [ Failed password for root from 43.255.190.148 port 44609 ssh2]
Apr 11 20:41:43 ovzhost sshd[920]: Received disconnect from 43.255.190.148: 11:  [preauth]
Apr 11 20:41:43 ovzhost sshd[920]: PAM 2 more authentication failures; logname= uid=0 euid=0 tty=ssh ruser= rhost=43.255.190.148  user=root
Apr 11 20:41:43 ovzhost sshd[924]: pam_unix(sshd:auth): authentication failure; logname= uid=0 euid=0 tty=ssh ruser= rhost=43.255.190.148  user=root
Apr 11 20:41:45 ovzhost sshd[924]: Failed password for root from 43.255.190.148 port 60466 ssh2
Apr 11 20:41:46 ovzhost sshd[922]: message repeated 2 times: [ Failed password for root from 43.255.190.163 port 43585 ssh2]
Apr 11 20:41:46 ovzhost sshd[922]: Received disconnect from 43.255.190.163: 11:  [preauth]
Apr 11 20:41:46 ovzhost sshd[922]: PAM 2 more authentication failures; logname= uid=0 euid=0 tty=ssh ruser= rhost=43.255.190.163  user=root
Apr 11 20:41:47 ovzhost sshd[926]: pam_unix(sshd:auth): authentication failure; logname= uid=0 euid=0 tty=ssh ruser= rhost=43.255.190.163  user=root
Apr 11 20:41:50 ovzhost sshd[926]: Failed password for root from 43.255.190.163 port 60538 ssh2
Apr 11 20:41:50 ovzhost sshd[924]: message repeated 2 times: [ Failed password for root from 43.255.190.148 port 60466 ssh2]
Apr 11 20:41:50 ovzhost sshd[924]: Received disconnect from 43.255.190.148: 11:  [preauth]
Apr 11 20:41:50 ovzhost sshd[924]: PAM 2 more authentication failures; logname= uid=0 euid=0 tty=ssh ruser= rhost=43.255.190.148  user=root
Apr 11 20:41:51 ovzhost sshd[929]: pam_unix(sshd:auth): authentication failure; logname= uid=0 euid=0 tty=ssh ruser= rhost=43.255.190.148  user=root
Apr 11 20:41:53 ovzhost sshd[929]: Failed password for root from 43.255.190.148 port 47890 ssh2
Apr 11 20:41:54 ovzhost sshd[926]: message repeated 2 times: [ Failed password for root from 43.255.190.163 port 60538 ssh2]
Apr 11 20:41:54 ovzhost sshd[926]: Received disconnect from 43.255.190.163: 11:  [preauth]
Apr 11 20:41:54 ovzhost sshd[926]: PAM 2 more authentication failures; logname= uid=0 euid=0 tty=ssh ruser= rhost=43.255.190.163  user=root
Apr 11 20:41:55 ovzhost sshd[932]: pam_unix(sshd:auth): authentication failure; logname= uid=0 euid=0 tty=ssh ruser= rhost=43.255.190.163  user=root
Apr 11 20:41:57 ovzhost sshd[932]: Failed password for root from 43.255.190.163 port 50595 ssh2
Apr 11 20:41:58 ovzhost sshd[929]: message repeated 2 times: [ Failed password for root from 43.255.190.148 port 47890 ssh2]
Apr 11 20:41:58 ovzhost sshd[929]: Received disconnect from 43.255.190.148: 11:  [preauth]
Apr 11 20:41:58 ovzhost sshd[929]: PAM 2 more authentication failures; logname= uid=0 euid=0 tty=ssh ruser= rhost=43.255.190.148  user=root
Apr 11 20:41:59 ovzhost sshd[934]: pam_unix(sshd:auth): authentication failure; logname= uid=0 euid=0 tty=ssh ruser= rhost=43.255.190.148  user=root
Apr 11 20:42:01 ovzhost sshd[934]: Failed password for root from 43.255.190.148 port 36170 ssh2
Apr 11 20:42:01 ovzhost sshd[932]: message repeated 2 times: [ Failed password for root from 43.255.190.163 port 50595 ssh2]
Apr 11 20:42:02 ovzhost sshd[932]: Received disconnect from 43.255.190.163: 11:  [preauth]
Apr 11 20:42:02 ovzhost sshd[932]: PAM 2 more authentication failures; logname= uid=0 euid=0 tty=ssh ruser= rhost=43.255.190.163  user=root
Apr 11 20:42:02 ovzhost sshd[936]: pam_unix(sshd:auth): authentication failure; logname= uid=0 euid=0 tty=ssh ruser= rhost=43.255.190.163  user=root
Apr 11 20:42:04 ovzhost sshd[936]: Failed password for root from 43.255.190.163 port 39891 ssh2
Apr 11 20:42:06 ovzhost sshd[934]: message repeated 2 times: [ Failed password for root from 43.255.190.148 port 36170 ssh2]
Apr 11 20:42:06 ovzhost sshd[934]: Received disconnect from 43.255.190.148: 11:  [preauth]
Apr 11 20:42:06 ovzhost sshd[934]: PAM 2 more authentication failures; logname= uid=0 euid=0 tty=ssh ruser= rhost=43.255.190.148  user=root
Apr 11 20:42:06 ovzhost sshd[938]: pam_unix(sshd:auth): authentication failure; logname= uid=0 euid=0 tty=ssh ruser= rhost=43.255.190.148  user=root
Apr 11 20:42:08 ovzhost sshd[938]: Failed password for root from 43.255.190.148 port 52227 ssh2
Apr 11 20:42:09 ovzhost sshd[936]: message repeated 2 times: [ Failed password for root from 43.255.190.163 port 39891 ssh2]
Apr 11 20:42:09 ovzhost sshd[936]: Received disconnect from 43.255.190.163: 11:  [preauth]
Apr 11 20:42:09 ovzhost sshd[936]: PAM 2 more authentication failures; logname= uid=0 euid=0 tty=ssh ruser= rhost=43.255.190.163  user=root
Apr 11 20:42:10 ovzhost sshd[940]: pam_unix(sshd:auth): authentication failure; logname= uid=0 euid=0 tty=ssh ruser= rhost=43.255.190.163  user=root
Apr 11 20:42:13 ovzhost sshd[938]: message repeated 2 times: [ Failed password for root from 43.255.190.148 port 52227 ssh2]
Apr 11 20:42:13 ovzhost sshd[938]: Received disconnect from 43.255.190.148: 11:  [preauth]
Apr 11 20:42:13 ovzhost sshd[938]: PAM 2 more authentication failures; logname= uid=0 euid=0 tty=ssh ruser= rhost=43.255.190.148  user=root
Apr 11 20:42:13 ovzhost sshd[940]: Failed password for root from 43.255.190.163 port 59720 ssh2
Apr 11 20:42:13 ovzhost sshd[942]: pam_unix(sshd:auth): authentication failure; logname= uid=0 euid=0 tty=ssh ruser= rhost=43.255.190.148  user=root
Apr 11 20:42:15 ovzhost sshd[942]: Failed password for root from 43.255.190.148 port 38230 ssh2
Apr 11 20:42:17 ovzhost sshd[940]: message repeated 2 times: [ Failed password for root from 43.255.190.163 port 59720 ssh2]
Apr 11 20:42:17 ovzhost sshd[940]: Received disconnect from 43.255.190.163: 11:  [preauth]
Apr 11 20:42:17 ovzhost sshd[940]: PAM 2 more authentication failures; logname= uid=0 euid=0 tty=ssh ruser= rhost=43.255.190.163  user=root
Apr 11 20:42:17 ovzhost sshd[944]: pam_unix(sshd:auth): authentication failure; logname= uid=0 euid=0 tty=ssh ruser= rhost=43.255.190.163  user=root
Apr 11 20:42:20 ovzhost sshd[942]: message repeated 2 times: [ Failed password for root from 43.255.190.148 port 38230 ssh2]
Apr 11 20:42:20 ovzhost sshd[942]: Received disconnect from 43.255.190.148: 11:  [preauth]
Apr 11 20:42:20 ovzhost sshd[942]: PAM 2 more authentication failures; logname= uid=0 euid=0 tty=ssh ruser= rhost=43.255.190.148  user=root
Apr 11 20:42:20 ovzhost sshd[944]: Failed password for root from 43.255.190.163 port 50159 ssh2
Apr 11 20:42:21 ovzhost sshd[946]: pam_unix(sshd:auth): authentication failure; logname= uid=0 euid=0 tty=ssh ruser= rhost=43.255.190.148  user=root
Apr 11 20:42:23 ovzhost sshd[946]: Failed password for root from 43.255.190.148 port 54282 ssh2
Apr 11 20:42:25 ovzhost sshd[944]: message repeated 2 times: [ Failed password for root from 43.255.190.163 port 50159 ssh2]
Apr 11 20:42:25 ovzhost sshd[944]: Received disconnect from 43.255.190.163: 11:  [preauth]
Apr 11 20:42:25 ovzhost sshd[944]: PAM 2 more authentication failures; logname= uid=0 euid=0 tty=ssh ruser= rhost=43.255.190.163  user=root
Apr 11 20:42:25 ovzhost sshd[948]: pam_unix(sshd:auth): authentication failure; logname= uid=0 euid=0 tty=ssh ruser= rhost=43.255.190.163  user=root
Apr 11 20:42:27 ovzhost sshd[948]: Failed password for root from 43.255.190.163 port 40160 ssh2
Apr 11 20:42:28 ovzhost sshd[946]: message repeated 2 times: [ Failed password for root from 43.255.190.148 port 54282 ssh2]
Apr 11 20:42:28 ovzhost sshd[946]: Received disconnect from 43.255.190.148: 11:  [preauth]
Apr 11 20:42:28 ovzhost sshd[946]: PAM 2 more authentication failures; logname= uid=0 euid=0 tty=ssh ruser= rhost=43.255.190.148  user=root
Apr 11 20:42:29 ovzhost sshd[950]: pam_unix(sshd:auth): authentication failure; logname= uid=0 euid=0 tty=ssh ruser= rhost=43.255.190.148  user=root
Apr 11 20:42:32 ovzhost sshd[950]: Failed password for root from 43.255.190.148 port 44107 ssh2
Apr 11 20:42:32 ovzhost sshd[948]: message repeated 2 times: [ Failed password for root from 43.255.190.163 port 40160 ssh2]
Apr 11 20:42:32 ovzhost sshd[948]: Received disconnect from 43.255.190.163: 11:  [preauth]
Apr 11 20:42:32 ovzhost sshd[948]: PAM 2 more authentication failures; logname= uid=0 euid=0 tty=ssh ruser= rhost=43.255.190.163  user=root
Apr 11 20:42:33 ovzhost sshd[952]: pam_unix(sshd:auth): authentication failure; logname= uid=0 euid=0 tty=ssh ruser= rhost=43.255.190.163  user=root
Apr 11 20:42:35 ovzhost sshd[952]: Failed password for root from 43.255.190.163 port 57483 ssh2
Apr 11 20:42:36 ovzhost sshd[950]: message repeated 2 times: [ Failed password for root from 43.255.190.148 port 44107 ssh2]
Apr 11 20:42:36 ovzhost sshd[950]: Received disconnect from 43.255.190.148: 11:  [preauth]
Apr 11 20:42:36 ovzhost sshd[950]: PAM 2 more authentication failures; logname= uid=0 euid=0 tty=ssh ruser= rhost=43.255.190.148  user=root
Apr 11 20:42:36 ovzhost sshd[954]: pam_unix(sshd:auth): authentication failure; logname= uid=0 euid=0 tty=ssh ruser= rhost=43.255.190.148  user=root
Apr 11 20:42:39 ovzhost sshd[954]: Failed password for root from 43.255.190.148 port 60667 ssh2
Apr 11 20:42:40 ovzhost sshd[952]: message repeated 2 times: [ Failed password for root from 43.255.190.163 port 57483 ssh2]
Apr 11 20:42:40 ovzhost sshd[952]: Received disconnect from 43.255.190.163: 11:  [preauth]
Apr 11 20:42:40 ovzhost sshd[952]: PAM 2 more authentication failures; logname= uid=0 euid=0 tty=ssh ruser= rhost=43.255.190.163  user=root
Apr 11 20:42:41 ovzhost sshd[956]: pam_unix(sshd:auth): authentication failure; logname= uid=0 euid=0 tty=ssh ruser= rhost=43.255.190.163  user=root
Apr 11 20:42:43 ovzhost sshd[956]: Failed password for root from 43.255.190.163 port 50382 ssh2
Apr 11 20:42:44 ovzhost sshd[954]: message repeated 2 times: [ Failed password for root from 43.255.190.148 port 60667 ssh2]
Apr 11 20:42:44 ovzhost sshd[954]: Received disconnect from 43.255.190.148: 11:  [preauth]
Apr 11 20:42:44 ovzhost sshd[954]: PAM 2 more authentication failures; logname= uid=0 euid=0 tty=ssh ruser= rhost=43.255.190.148  user=root
Apr 11 20:42:44 ovzhost sshd[958]: pam_unix(sshd:auth): authentication failure; logname= uid=0 euid=0 tty=ssh ruser= rhost=43.255.190.148  user=root
Apr 11 20:42:46 ovzhost sshd[958]: Failed password for root from 43.255.190.148 port 50802 ssh2
Apr 11 20:42:47 ovzhost sshd[956]: message repeated 2 times: [ Failed password for root from 43.255.190.163 port 50382 ssh2]
Apr 11 20:42:47 ovzhost sshd[956]: Received disconnect from 43.255.190.163: 11:  [preauth]
Apr 11 20:42:47 ovzhost sshd[956]: PAM 2 more authentication failures; logname= uid=0 euid=0 tty=ssh ruser= rhost=43.255.190.163  user=root
Apr 11 20:42:48 ovzhost sshd[960]: pam_unix(sshd:auth): authentication failure; logname= uid=0 euid=0 tty=ssh ruser= rhost=43.255.190.163  user=root
Apr 11 20:42:50 ovzhost sshd[960]: Failed password for root from 43.255.190.163 port 40999 ssh2
Apr 11 20:42:51 ovzhost sshd[958]: message repeated 2 times: [ Failed password for root from 43.255.190.148 port 50802 ssh2]
Apr 11 20:42:51 ovzhost sshd[958]: Received disconnect from 43.255.190.148: 11:  [preauth]
Apr 11 20:42:51 ovzhost sshd[958]: PAM 2 more authentication failures; logname= uid=0 euid=0 tty=ssh ruser= rhost=43.255.190.148  user=root
Apr 11 20:42:51 ovzhost sshd[962]: pam_unix(sshd:auth): authentication failure; logname= uid=0 euid=0 tty=ssh ruser= rhost=43.255.190.148  user=root
Apr 11 20:42:53 ovzhost sshd[962]: Failed password for root from 43.255.190.148 port 38402 ssh2
Apr 11 20:42:55 ovzhost sshd[960]: message repeated 2 times: [ Failed password for root from 43.255.190.163 port 40999 ssh2]
Apr 11 20:42:55 ovzhost sshd[960]: Received disconnect from 43.255.190.163: 11:  [preauth]
Apr 11 20:42:55 ovzhost sshd[960]: PAM 2 more authentication failures; logname= uid=0 euid=0 tty=ssh ruser= rhost=43.255.190.163  user=root
Apr 11 20:42:55 ovzhost sshd[967]: pam_unix(sshd:auth): authentication failure; logname= uid=0 euid=0 tty=ssh ruser= rhost=43.255.190.163  user=root
Apr 11 20:42:57 ovzhost sshd[967]: Failed password for root from 43.255.190.163 port 58674 ssh2
Apr 11 20:42:57 ovzhost sshd[962]: message repeated 2 times: [ Failed password for root from 43.255.190.148 port 38402 ssh2]
Apr 11 20:42:57 ovzhost sshd[962]: Received disconnect from 43.255.190.148: 11:  [preauth]
Apr 11 20:42:57 ovzhost sshd[962]: PAM 2 more authentication failures; logname= uid=0 euid=0 tty=ssh ruser= rhost=43.255.190.148  user=root
Apr 11 20:42:57 ovzhost sshd[969]: pam_unix(sshd:auth): authentication failure; logname= uid=0 euid=0 tty=ssh ruser= rhost=43.255.190.148  user=root
Apr 11 20:43:00 ovzhost sshd[969]: Failed password for root from 43.255.190.148 port 54359 ssh2
Apr 11 20:43:02 ovzhost sshd[967]: message repeated 2 times: [ Failed password for root from 43.255.190.163 port 58674 ssh2]
Apr 11 20:43:02 ovzhost sshd[967]: Received disconnect from 43.255.190.163: 11:  [preauth]
Apr 11 20:43:02 ovzhost sshd[967]: PAM 2 more authentication failures; logname= uid=0 euid=0 tty=ssh ruser= rhost=43.255.190.163  user=root
Apr 11 20:43:03 ovzhost sshd[971]: pam_unix(sshd:auth): authentication failure; logname= uid=0 euid=0 tty=ssh ruser= rhost=43.255.190.163  user=root
Apr 11 20:43:04 ovzhost sshd[969]: message repeated 2 times: [ Failed password for root from 43.255.190.148 port 54359 ssh2]
Apr 11 20:43:04 ovzhost sshd[969]: Received disconnect from 43.255.190.148: 11:  [preauth]
Apr 11 20:43:04 ovzhost sshd[969]: PAM 2 more authentication failures; logname= uid=0 euid=0 tty=ssh ruser= rhost=43.255.190.148  user=root
Apr 11 20:43:05 ovzhost sshd[973]: pam_unix(sshd:auth): authentication failure; logname= uid=0 euid=0 tty=ssh ruser= rhost=43.255.190.148  user=root
Apr 11 20:43:05 ovzhost sshd[971]: Failed password for root from 43.255.190.163 port 50166 ssh2
Apr 11 20:43:07 ovzhost sshd[973]: Failed password for root from 43.255.190.148 port 43537 ssh2
Apr 11 20:43:08 ovzhost sshd[971]: message repeated 2 times: [ Failed password for root from 43.255.190.163 port 50166 ssh2]
Apr 11 20:43:08 ovzhost sshd[971]: Received disconnect from 43.255.190.163: 11:  [preauth]
Apr 11 20:43:08 ovzhost sshd[971]: PAM 2 more authentication failures; logname= uid=0 euid=0 tty=ssh ruser= rhost=43.255.190.163  user=root
Apr 11 20:43:09 ovzhost sshd[975]: pam_unix(sshd:auth): authentication failure; logname= uid=0 euid=0 tty=ssh ruser= rhost=43.255.190.163  user=root
Apr 11 20:43:11 ovzhost sshd[973]: message repeated 2 times: [ Failed password for root from 43.255.190.148 port 43537 ssh2]
Apr 11 20:43:11 ovzhost sshd[973]: Received disconnect from 43.255.190.148: 11:  [preauth]
Apr 11 20:43:11 ovzhost sshd[973]: PAM 2 more authentication failures; logname= uid=0 euid=0 tty=ssh ruser= rhost=43.255.190.148  user=root
Apr 11 20:43:11 ovzhost sshd[977]: pam_unix(sshd:auth): authentication failure; logname= uid=0 euid=0 tty=ssh ruser= rhost=43.255.190.148  user=root
Apr 11 20:43:11 ovzhost sshd[975]: Failed password for root from 43.255.190.163 port 38787 ssh2
Apr 11 20:43:14 ovzhost sshd[977]: Failed password for root from 43.255.190.148 port 59484 ssh2
Apr 11 20:43:15 ovzhost sshd[975]: message repeated 2 times: [ Failed password for root from 43.255.190.163 port 38787 ssh2]
Apr 11 20:43:15 ovzhost sshd[975]: Received disconnect from 43.255.190.163: 11:  [preauth]
Apr 11 20:43:15 ovzhost sshd[975]: PAM 2 more authentication failures; logname= uid=0 euid=0 tty=ssh ruser= rhost=43.255.190.163  user=root
Apr 11 20:43:16 ovzhost sshd[979]: pam_unix(sshd:auth): authentication failure; logname= uid=0 euid=0 tty=ssh ruser= rhost=43.255.190.163  user=root
Apr 11 20:43:18 ovzhost sshd[977]: message repeated 2 times: [ Failed password for root from 43.255.190.148 port 59484 ssh2]
Apr 11 20:43:18 ovzhost sshd[977]: Received disconnect from 43.255.190.148: 11:  [preauth]
Apr 11 20:43:18 ovzhost sshd[977]: PAM 2 more authentication failures; logname= uid=0 euid=0 tty=ssh ruser= rhost=43.255.190.148  user=root
Apr 11 20:43:18 ovzhost sshd[979]: Failed password for root from 43.255.190.163 port 57867 ssh2
Apr 11 20:43:19 ovzhost sshd[981]: pam_unix(sshd:auth): authentication failure; logname= uid=0 euid=0 tty=ssh ruser= rhost=43.255.190.148  user=root
Apr 11 20:43:20 ovzhost sshd[981]: Failed password for root from 43.255.190.148 port 49711 ssh2
Apr 11 20:43:22 ovzhost sshd[979]: message repeated 2 times: [ Failed password for root from 43.255.190.163 port 57867 ssh2]
Apr 11 20:43:23 ovzhost sshd[979]: Received disconnect from 43.255.190.163: 11:  [preauth]
Apr 11 20:43:23 ovzhost sshd[979]: PAM 2 more authentication failures; logname= uid=0 euid=0 tty=ssh ruser= rhost=43.255.190.163  user=root
Apr 11 20:43:23 ovzhost sshd[983]: pam_unix(sshd:auth): authentication failure; logname= uid=0 euid=0 tty=ssh ruser= rhost=43.255.190.163  user=root
Apr 11 20:43:25 ovzhost sshd[981]: message repeated 2 times: [ Failed password for root from 43.255.190.148 port 49711 ssh2]
Apr 11 20:43:25 ovzhost sshd[981]: Received disconnect from 43.255.190.148: 11:  [preauth]
Apr 11 20:43:25 ovzhost sshd[981]: PAM 2 more authentication failures; logname= uid=0 euid=0 tty=ssh ruser= rhost=43.255.190.148  user=root
Apr 11 20:43:25 ovzhost sshd[985]: pam_unix(sshd:auth): authentication failure; logname= uid=0 euid=0 tty=ssh ruser= rhost=43.255.190.148  user=root
Apr 11 20:43:26 ovzhost sshd[983]: Failed password for root from 43.255.190.163 port 49554 ssh2
Apr 11 20:43:27 ovzhost sshd[985]: Failed password for root from 43.255.190.148 port 37887 ssh2
Apr 11 20:43:30 ovzhost sshd[983]: message repeated 2 times: [ Failed password for root from 43.255.190.163 port 49554 ssh2]
Apr 11 20:43:30 ovzhost sshd[983]: Received disconnect from 43.255.190.163: 11:  [preauth]
Apr 11 20:43:30 ovzhost sshd[983]: PAM 2 more authentication failures; logname= uid=0 euid=0 tty=ssh ruser= rhost=43.255.190.163  user=root
Apr 11 20:43:30 ovzhost sshd[987]: pam_unix(sshd:auth): authentication failure; logname= uid=0 euid=0 tty=ssh ruser= rhost=43.255.190.163  user=root
Apr 11 20:43:31 ovzhost sshd[985]: message repeated 2 times: [ Failed password for root from 43.255.190.148 port 37887 ssh2]
Apr 11 20:43:32 ovzhost sshd[985]: Received disconnect from 43.255.190.148: 11:  [preauth]
Apr 11 20:43:32 ovzhost sshd[985]: PAM 2 more authentication failures; logname= uid=0 euid=0 tty=ssh ruser= rhost=43.255.190.148  user=root
Apr 11 20:43:32 ovzhost sshd[987]: Failed password for root from 43.255.190.163 port 41129 ssh2
Apr 11 20:43:32 ovzhost sshd[991]: pam_unix(sshd:auth): authentication failure; logname= uid=0 euid=0 tty=ssh ruser= rhost=43.255.190.148  user=root
Apr 11 20:43:34 ovzhost sshd[991]: Failed password for root from 43.255.190.148 port 55346 ssh2
Apr 11 20:43:37 ovzhost sshd[987]: message repeated 2 times: [ Failed password for root from 43.255.190.163 port 41129 ssh2]
Apr 11 20:43:37 ovzhost sshd[987]: Received disconnect from 43.255.190.163: 11:  [preauth]
Apr 11 20:43:37 ovzhost sshd[987]: PAM 2 more authentication failures; logname= uid=0 euid=0 tty=ssh ruser= rhost=43.255.190.163  user=root
Apr 11 20:43:38 ovzhost sshd[993]: pam_unix(sshd:auth): authentication failure; logname= uid=0 euid=0 tty=ssh ruser= rhost=43.255.190.163  user=root
Apr 11 20:43:39 ovzhost sshd[991]: message repeated 2 times: [ Failed password for root from 43.255.190.148 port 55346 ssh2]
Apr 11 20:43:39 ovzhost sshd[991]: Received disconnect from 43.255.190.148: 11:  [preauth]
Apr 11 20:43:39 ovzhost sshd[991]: PAM 2 more authentication failures; logname= uid=0 euid=0 tty=ssh ruser= rhost=43.255.190.148  user=root
Apr 11 20:43:39 ovzhost sshd[995]: pam_unix(sshd:auth): authentication failure; logname= uid=0 euid=0 tty=ssh ruser= rhost=43.255.190.148  user=root
Apr 11 20:43:40 ovzhost sshd[993]: Failed password for root from 43.255.190.163 port 60969 ssh2
Apr 11 20:43:41 ovzhost sshd[995]: Failed password for root from 43.255.190.148 port 45046 ssh2
Apr 11 20:43:43 ovzhost sshd[993]: message repeated 2 times: [ Failed password for root from 43.255.190.163 port 60969 ssh2]
Apr 11 20:43:43 ovzhost sshd[993]: Received disconnect from 43.255.190.163: 11:  [preauth]
Apr 11 20:43:43 ovzhost sshd[993]: PAM 2 more authentication failures; logname= uid=0 euid=0 tty=ssh ruser= rhost=43.255.190.163  user=root
Apr 11 20:43:44 ovzhost sshd[997]: pam_unix(sshd:auth): authentication failure; logname= uid=0 euid=0 tty=ssh ruser= rhost=43.255.190.163  user=root
Apr 11 20:43:45 ovzhost sshd[995]: message repeated 2 times: [ Failed password for root from 43.255.190.148 port 45046 ssh2]
Apr 11 20:43:46 ovzhost sshd[995]: Received disconnect from 43.255.190.148: 11:  [preauth]
Apr 11 20:43:46 ovzhost sshd[995]: PAM 2 more authentication failures; logname= uid=0 euid=0 tty=ssh ruser= rhost=43.255.190.148  user=root
Apr 11 20:43:46 ovzhost sshd[999]: pam_unix(sshd:auth): authentication failure; logname= uid=0 euid=0 tty=ssh ruser= rhost=43.255.190.148  user=root
Apr 11 20:43:46 ovzhost sshd[997]: Failed password for root from 43.255.190.163 port 50395 ssh2
Apr 11 20:43:49 ovzhost sshd[999]: Failed password for root from 43.255.190.148 port 34228 ssh2
Apr 11 20:43:51 ovzhost sshd[997]: message repeated 2 times: [ Failed password for root from 43.255.190.163 port 50395 ssh2]
Apr 11 20:43:51 ovzhost sshd[997]: Received disconnect from 43.255.190.163: 11:  [preauth]
Apr 11 20:43:51 ovzhost sshd[997]: PAM 2 more authentication failures; logname= uid=0 euid=0 tty=ssh ruser= rhost=43.255.190.163  user=root
Apr 11 20:43:52 ovzhost sshd[1001]: pam_unix(sshd:auth): authentication failure; logname= uid=0 euid=0 tty=ssh ruser= rhost=43.255.190.163  user=root
Apr 11 20:43:53 ovzhost sshd[999]: message repeated 2 times: [ Failed password for root from 43.255.190.148 port 34228 ssh2]
Apr 11 20:43:53 ovzhost sshd[999]: Received disconnect from 43.255.190.148: 11:  [preauth]
Apr 11 20:43:53 ovzhost sshd[999]: PAM 2 more authentication failures; logname= uid=0 euid=0 tty=ssh ruser= rhost=43.255.190.148  user=root
Apr 11 20:43:53 ovzhost sshd[1003]: pam_unix(sshd:auth): authentication failure; logname= uid=0 euid=0 tty=ssh ruser= rhost=43.255.190.148  user=root
Apr 11 20:43:54 ovzhost sshd[1001]: Failed password for root from 43.255.190.163 port 42994 ssh2
Apr 11 20:43:56 ovzhost sshd[1003]: Failed password for root from 43.255.190.148 port 52728 ssh2
Apr 11 20:43:58 ovzhost sshd[1001]: message repeated 2 times: [ Failed password for root from 43.255.190.163 port 42994 ssh2]
Apr 11 20:43:58 ovzhost sshd[1001]: Received disconnect from 43.255.190.163: 11:  [preauth]
Apr 11 20:43:58 ovzhost sshd[1001]: PAM 2 more authentication failures; logname= uid=0 euid=0 tty=ssh ruser= rhost=43.255.190.163  user=root
Apr 11 20:43:58 ovzhost sshd[1007]: pam_unix(sshd:auth): authentication failure; logname= uid=0 euid=0 tty=ssh ruser= rhost=43.255.190.163  user=root
Apr 11 20:43:59 ovzhost sshd[1010]: Connection closed by 127.0.0.1 [preauth]
Apr 11 20:44:00 ovzhost sshd[1003]: message repeated 2 times: [ Failed password for root from 43.255.190.148 port 52728 ssh2]
Apr 11 20:44:01 ovzhost sshd[1003]: Received disconnect from 43.255.190.148: 11:  [preauth]
Apr 11 20:44:01 ovzhost sshd[1003]: PAM 2 more authentication failures; logname= uid=0 euid=0 tty=ssh ruser= rhost=43.255.190.148  user=root
Apr 11 20:44:01 ovzhost sshd[1007]: Failed password for root from 43.255.190.163 port 60975 ssh2
Apr 11 20:44:01 ovzhost sshd[1012]: pam_unix(sshd:auth): authentication failure; logname= uid=0 euid=0 tty=ssh ruser= rhost=43.255.190.148  user=root
Apr 11 20:44:03 ovzhost sshd[1012]: Failed password for root from 43.255.190.148 port 44130 ssh2
Apr 11 20:44:05 ovzhost sshd[1007]: message repeated 2 times: [ Failed password for root from 43.255.190.163 port 60975 ssh2]
Apr 11 20:44:05 ovzhost sshd[1007]: Received disconnect from 43.255.190.163: 11:  [preauth]
Apr 11 20:44:05 ovzhost sshd[1007]: PAM 2 more authentication failures; logname= uid=0 euid=0 tty=ssh ruser= rhost=43.255.190.163  user=root
Apr 11 20:44:06 ovzhost sshd[1014]: pam_unix(sshd:auth): authentication failure; logname= uid=0 euid=0 tty=ssh ruser= rhost=43.255.190.163  user=root
Apr 11 20:44:07 ovzhost sshd[1014]: Failed password for root from 43.255.190.163 port 54546 ssh2
Apr 11 20:44:07 ovzhost sshd[1012]: message repeated 2 times: [ Failed password for root from 43.255.190.148 port 44130 ssh2]
Apr 11 20:44:07 ovzhost sshd[1012]: Received disconnect from 43.255.190.148: 11:  [preauth]
Apr 11 20:44:07 ovzhost sshd[1012]: PAM 2 more authentication failures; logname= uid=0 euid=0 tty=ssh ruser= rhost=43.255.190.148  user=root
Apr 11 20:44:08 ovzhost sshd[1016]: pam_unix(sshd:auth): authentication failure; logname= uid=0 euid=0 tty=ssh ruser= rhost=43.255.190.148  user=root
Apr 11 20:44:10 ovzhost sshd[1016]: Failed password for root from 43.255.190.148 port 33685 ssh2
Apr 11 20:44:12 ovzhost sshd[1014]: message repeated 2 times: [ Failed password for root from 43.255.190.163 port 54546 ssh2]
Apr 11 20:44:12 ovzhost sshd[1014]: Received disconnect from 43.255.190.163: 11:  [preauth]
Apr 11 20:44:12 ovzhost sshd[1014]: PAM 2 more authentication failures; logname= uid=0 euid=0 tty=ssh ruser= rhost=43.255.190.163  user=root
