Apr 13 22:51:06 ovzhost sshd[966]: Received disconnect from 43.255.190.186: 11:  [preauth]
Apr 13 22:51:06 ovzhost sshd[966]: PAM 2 more authentication failures; logname= uid=0 euid=0 tty=ssh ruser= rhost=43.255.190.186  user=root
Apr 13 22:51:06 ovzhost sshd[968]: pam_unix(sshd:auth): authentication failure; logname= uid=0 euid=0 tty=ssh ruser= rhost=43.255.190.186  user=root
Apr 13 22:51:09 ovzhost sshd[968]: Failed password for root from 43.255.190.186 port 36177 ssh2
Apr 13 22:51:13 ovzhost sshd[968]: message repeated 2 times: [ Failed password for root from 43.255.190.186 port 36177 ssh2]
Apr 13 22:51:13 ovzhost sshd[968]: Received disconnect from 43.255.190.186: 11:  [preauth]
Apr 13 22:51:13 ovzhost sshd[968]: PAM 2 more authentication failures; logname= uid=0 euid=0 tty=ssh ruser= rhost=43.255.190.186  user=root
Apr 13 22:51:13 ovzhost sshd[970]: pam_unix(sshd:auth): authentication failure; logname= uid=0 euid=0 tty=ssh ruser= rhost=43.255.190.186  user=root
Apr 13 22:51:16 ovzhost sshd[970]: Failed password for root from 43.255.190.186 port 53865 ssh2
Apr 13 22:51:21 ovzhost sshd[970]: message repeated 2 times: [ Failed password for root from 43.255.190.186 port 53865 ssh2]
Apr 13 22:51:21 ovzhost sshd[970]: Received disconnect from 43.255.190.186: 11:  [preauth]
Apr 13 22:51:21 ovzhost sshd[970]: PAM 2 more authentication failures; logname= uid=0 euid=0 tty=ssh ruser= rhost=43.255.190.186  user=root
Apr 13 22:51:21 ovzhost sshd[972]: pam_unix(sshd:auth): authentication failure; logname= uid=0 euid=0 tty=ssh ruser= rhost=43.255.190.186  user=root
Apr 13 22:51:23 ovzhost sshd[972]: Failed password for root from 43.255.190.186 port 45166 ssh2
Apr 13 22:51:27 ovzhost sshd[972]: message repeated 2 times: [ Failed password for root from 43.255.190.186 port 45166 ssh2]
Apr 13 22:51:27 ovzhost sshd[972]: Received disconnect from 43.255.190.186: 11:  [preauth]
Apr 13 22:51:27 ovzhost sshd[972]: PAM 2 more authentication failures; logname= uid=0 euid=0 tty=ssh ruser= rhost=43.255.190.186  user=root
Apr 13 22:51:28 ovzhost sshd[974]: pam_unix(sshd:auth): authentication failure; logname= uid=0 euid=0 tty=ssh ruser= rhost=43.255.190.186  user=root
Apr 13 22:51:30 ovzhost sshd[974]: Failed password for root from 43.255.190.186 port 34164 ssh2
Apr 13 22:51:34 ovzhost sshd[974]: message repeated 2 times: [ Failed password for root from 43.255.190.186 port 34164 ssh2]
Apr 13 22:51:34 ovzhost sshd[974]: Received disconnect from 43.255.190.186: 11:  [preauth]
Apr 13 22:51:34 ovzhost sshd[974]: PAM 2 more authentication failures; logname= uid=0 euid=0 tty=ssh ruser= rhost=43.255.190.186  user=root
Apr 13 22:51:35 ovzhost sshd[976]: pam_unix(sshd:auth): authentication failure; logname= uid=0 euid=0 tty=ssh ruser= rhost=43.255.190.186  user=root
Apr 13 22:51:37 ovzhost sshd[976]: Failed password for root from 43.255.190.186 port 51550 ssh2
Apr 13 22:51:42 ovzhost sshd[976]: message repeated 2 times: [ Failed password for root from 43.255.190.186 port 51550 ssh2]
Apr 13 22:51:42 ovzhost sshd[976]: Received disconnect from 43.255.190.186: 11:  [preauth]
Apr 13 22:51:42 ovzhost sshd[976]: PAM 2 more authentication failures; logname= uid=0 euid=0 tty=ssh ruser= rhost=43.255.190.186  user=root
Apr 13 22:51:43 ovzhost sshd[978]: pam_unix(sshd:auth): authentication failure; logname= uid=0 euid=0 tty=ssh ruser= rhost=43.255.190.186  user=root
Apr 13 22:51:45 ovzhost sshd[978]: Failed password for root from 43.255.190.186 port 44591 ssh2
Apr 13 22:51:49 ovzhost sshd[978]: message repeated 2 times: [ Failed password for root from 43.255.190.186 port 44591 ssh2]
Apr 13 22:51:49 ovzhost sshd[978]: Received disconnect from 43.255.190.186: 11:  [preauth]
Apr 13 22:51:49 ovzhost sshd[978]: PAM 2 more authentication failures; logname= uid=0 euid=0 tty=ssh ruser= rhost=43.255.190.186  user=root
Apr 13 22:51:50 ovzhost sshd[980]: pam_unix(sshd:auth): authentication failure; logname= uid=0 euid=0 tty=ssh ruser= rhost=43.255.190.186  user=root
Apr 13 22:51:52 ovzhost sshd[980]: Failed password for root from 43.255.190.186 port 33968 ssh2
Apr 13 22:51:56 ovzhost sshd[980]: message repeated 2 times: [ Failed password for root from 43.255.190.186 port 33968 ssh2]
Apr 13 22:51:56 ovzhost sshd[980]: Received disconnect from 43.255.190.186: 11:  [preauth]
Apr 13 22:51:56 ovzhost sshd[980]: PAM 2 more authentication failures; logname= uid=0 euid=0 tty=ssh ruser= rhost=43.255.190.186  user=root
Apr 13 22:51:57 ovzhost sshd[982]: pam_unix(sshd:auth): authentication failure; logname= uid=0 euid=0 tty=ssh ruser= rhost=43.255.190.186  user=root
Apr 13 22:51:59 ovzhost sshd[982]: Failed password for root from 43.255.190.186 port 51256 ssh2
Apr 13 22:52:04 ovzhost sshd[982]: message repeated 2 times: [ Failed password for root from 43.255.190.186 port 51256 ssh2]
Apr 13 22:52:04 ovzhost sshd[982]: Received disconnect from 43.255.190.186: 11:  [preauth]
Apr 13 22:52:04 ovzhost sshd[982]: PAM 2 more authentication failures; logname= uid=0 euid=0 tty=ssh ruser= rhost=43.255.190.186  user=root
Apr 13 22:52:04 ovzhost sshd[984]: pam_unix(sshd:auth): authentication failure; logname= uid=0 euid=0 tty=ssh ruser= rhost=43.255.190.186  user=root
Apr 13 22:52:06 ovzhost sshd[984]: Failed password for root from 43.255.190.186 port 42228 ssh2
Apr 13 22:52:10 ovzhost sshd[984]: message repeated 2 times: [ Failed password for root from 43.255.190.186 port 42228 ssh2]
Apr 13 22:52:10 ovzhost sshd[984]: Received disconnect from 43.255.190.186: 11:  [preauth]
Apr 13 22:52:10 ovzhost sshd[984]: PAM 2 more authentication failures; logname= uid=0 euid=0 tty=ssh ruser= rhost=43.255.190.186  user=root
Apr 13 22:52:11 ovzhost sshd[986]: pam_unix(sshd:auth): authentication failure; logname= uid=0 euid=0 tty=ssh ruser= rhost=43.255.190.186  user=root
Apr 13 22:52:13 ovzhost sshd[986]: Failed password for root from 43.255.190.186 port 59155 ssh2
Apr 13 22:52:18 ovzhost sshd[986]: message repeated 2 times: [ Failed password for root from 43.255.190.186 port 59155 ssh2]
Apr 13 22:52:18 ovzhost sshd[986]: Received disconnect from 43.255.190.186: 11:  [preauth]
Apr 13 22:52:18 ovzhost sshd[986]: PAM 2 more authentication failures; logname= uid=0 euid=0 tty=ssh ruser= rhost=43.255.190.186  user=root
Apr 13 22:52:19 ovzhost sshd[988]: pam_unix(sshd:auth): authentication failure; logname= uid=0 euid=0 tty=ssh ruser= rhost=43.255.190.186  user=root
Apr 13 22:52:21 ovzhost sshd[988]: Failed password for root from 43.255.190.186 port 49503 ssh2
Apr 13 22:52:25 ovzhost sshd[988]: message repeated 2 times: [ Failed password for root from 43.255.190.186 port 49503 ssh2]
Apr 13 22:52:25 ovzhost sshd[988]: Received disconnect from 43.255.190.186: 11:  [preauth]
Apr 13 22:52:25 ovzhost sshd[988]: PAM 2 more authentication failures; logname= uid=0 euid=0 tty=ssh ruser= rhost=43.255.190.186  user=root
Apr 13 22:52:26 ovzhost sshd[990]: pam_unix(sshd:auth): authentication failure; logname= uid=0 euid=0 tty=ssh ruser= rhost=43.255.190.186  user=root
Apr 13 22:52:28 ovzhost sshd[990]: Failed password for root from 43.255.190.186 port 39730 ssh2
Apr 13 22:52:32 ovzhost sshd[990]: message repeated 2 times: [ Failed password for root from 43.255.190.186 port 39730 ssh2]
Apr 13 22:52:32 ovzhost sshd[990]: Received disconnect from 43.255.190.186: 11:  [preauth]
Apr 13 22:52:32 ovzhost sshd[990]: PAM 2 more authentication failures; logname= uid=0 euid=0 tty=ssh ruser= rhost=43.255.190.186  user=root
Apr 13 22:52:32 ovzhost sshd[992]: pam_unix(sshd:auth): authentication failure; logname= uid=0 euid=0 tty=ssh ruser= rhost=43.255.190.186  user=root
Apr 13 22:52:34 ovzhost sshd[992]: Failed password for root from 43.255.190.186 port 57083 ssh2
Apr 13 22:52:39 ovzhost sshd[992]: message repeated 2 times: [ Failed password for root from 43.255.190.186 port 57083 ssh2]
Apr 13 22:52:39 ovzhost sshd[992]: Received disconnect from 43.255.190.186: 11:  [preauth]
Apr 13 22:52:39 ovzhost sshd[992]: PAM 2 more authentication failures; logname= uid=0 euid=0 tty=ssh ruser= rhost=43.255.190.186  user=root
Apr 13 22:52:39 ovzhost sshd[994]: pam_unix(sshd:auth): authentication failure; logname= uid=0 euid=0 tty=ssh ruser= rhost=43.255.190.186  user=root
Apr 13 22:52:41 ovzhost sshd[994]: Failed password for root from 43.255.190.186 port 46537 ssh2
Apr 13 22:52:45 ovzhost sshd[994]: message repeated 2 times: [ Failed password for root from 43.255.190.186 port 46537 ssh2]
Apr 13 22:52:45 ovzhost sshd[994]: Received disconnect from 43.255.190.186: 11:  [preauth]
Apr 13 22:52:45 ovzhost sshd[994]: PAM 2 more authentication failures; logname= uid=0 euid=0 tty=ssh ruser= rhost=43.255.190.186  user=root
Apr 13 22:52:45 ovzhost sshd[996]: pam_unix(sshd:auth): authentication failure; logname= uid=0 euid=0 tty=ssh ruser= rhost=43.255.190.186  user=root
Apr 13 22:52:48 ovzhost sshd[996]: Failed password for root from 43.255.190.186 port 34813 ssh2
Apr 13 22:52:52 ovzhost sshd[996]: message repeated 2 times: [ Failed password for root from 43.255.190.186 port 34813 ssh2]
Apr 13 22:52:53 ovzhost sshd[996]: Received disconnect from 43.255.190.186: 11:  [preauth]
Apr 13 22:52:53 ovzhost sshd[996]: PAM 2 more authentication failures; logname= uid=0 euid=0 tty=ssh ruser= rhost=43.255.190.186  user=root
Apr 13 22:52:53 ovzhost sshd[998]: pam_unix(sshd:auth): authentication failure; logname= uid=0 euid=0 tty=ssh ruser= rhost=43.255.190.186  user=root
Apr 13 22:52:55 ovzhost sshd[998]: Failed password for root from 43.255.190.186 port 53651 ssh2
Apr 13 22:53:00 ovzhost sshd[998]: message repeated 2 times: [ Failed password for root from 43.255.190.186 port 53651 ssh2]
Apr 13 22:53:00 ovzhost sshd[998]: Received disconnect from 43.255.190.186: 11:  [preauth]
Apr 13 22:53:00 ovzhost sshd[998]: PAM 2 more authentication failures; logname= uid=0 euid=0 tty=ssh ruser= rhost=43.255.190.186  user=root
Apr 13 23:00:01 ovzhost CRON[1000]: pam_env(cron:session): Unable to open env file: /etc/default/locale: No such file or directory
Apr 13 23:00:01 ovzhost CRON[1000]: pam_unix(cron:session): session opened for user smmsp by (uid=0)
Apr 13 23:00:01 ovzhost CRON[1000]: pam_unix(cron:session): session closed for user smmsp
Apr 13 23:06:41 ovzhost sshd[1026]: pam_unix(sshd:auth): authentication failure; logname= uid=0 euid=0 tty=ssh ruser= rhost=43.255.190.190  user=root
Apr 13 23:06:43 ovzhost sshd[1026]: Failed password for root from 43.255.190.190 port 57783 ssh2
Apr 13 23:06:47 ovzhost sshd[1026]: message repeated 2 times: [ Failed password for root from 43.255.190.190 port 57783 ssh2]
Apr 13 23:06:47 ovzhost sshd[1026]: Received disconnect from 43.255.190.190: 11:  [preauth]
Apr 13 23:06:47 ovzhost sshd[1026]: PAM 2 more authentication failures; logname= uid=0 euid=0 tty=ssh ruser= rhost=43.255.190.190  user=root
Apr 13 23:06:48 ovzhost sshd[1028]: pam_unix(sshd:auth): authentication failure; logname= uid=0 euid=0 tty=ssh ruser= rhost=43.255.190.190  user=root
Apr 13 23:06:50 ovzhost sshd[1028]: Failed password for root from 43.255.190.190 port 49854 ssh2
Apr 13 23:06:54 ovzhost sshd[1028]: message repeated 2 times: [ Failed password for root from 43.255.190.190 port 49854 ssh2]
Apr 13 23:06:54 ovzhost sshd[1028]: Received disconnect from 43.255.190.190: 11:  [preauth]
Apr 13 23:06:54 ovzhost sshd[1028]: PAM 2 more authentication failures; logname= uid=0 euid=0 tty=ssh ruser= rhost=43.255.190.190  user=root
Apr 13 23:06:55 ovzhost sshd[1030]: pam_unix(sshd:auth): authentication failure; logname= uid=0 euid=0 tty=ssh ruser= rhost=43.255.190.190  user=root
Apr 13 23:06:56 ovzhost sshd[1030]: Failed password for root from 43.255.190.190 port 43232 ssh2
Apr 13 23:07:00 ovzhost sshd[1030]: message repeated 2 times: [ Failed password for root from 43.255.190.190 port 43232 ssh2]
Apr 13 23:07:00 ovzhost sshd[1030]: Received disconnect from 43.255.190.190: 11:  [preauth]
Apr 13 23:07:00 ovzhost sshd[1030]: PAM 2 more authentication failures; logname= uid=0 euid=0 tty=ssh ruser= rhost=43.255.190.190  user=root
Apr 13 23:07:01 ovzhost sshd[1032]: pam_unix(sshd:auth): authentication failure; logname= uid=0 euid=0 tty=ssh ruser= rhost=43.255.190.190  user=root
Apr 13 23:07:03 ovzhost sshd[1032]: Failed password for root from 43.255.190.190 port 34606 ssh2
Apr 13 23:07:06 ovzhost sshd[1032]: message repeated 2 times: [ Failed password for root from 43.255.190.190 port 34606 ssh2]
Apr 13 23:07:07 ovzhost sshd[1032]: Received disconnect from 43.255.190.190: 11:  [preauth]
Apr 13 23:07:07 ovzhost sshd[1032]: PAM 2 more authentication failures; logname= uid=0 euid=0 tty=ssh ruser= rhost=43.255.190.190  user=root
Apr 13 23:07:07 ovzhost sshd[1034]: pam_unix(sshd:auth): authentication failure; logname= uid=0 euid=0 tty=ssh ruser= rhost=43.255.190.190  user=root
Apr 13 23:07:09 ovzhost sshd[1034]: Failed password for root from 43.255.190.190 port 55326 ssh2
Apr 13 23:07:14 ovzhost sshd[1034]: message repeated 2 times: [ Failed password for root from 43.255.190.190 port 55326 ssh2]
Apr 13 23:07:14 ovzhost sshd[1034]: Received disconnect from 43.255.190.190: 11:  [preauth]
Apr 13 23:07:14 ovzhost sshd[1034]: PAM 2 more authentication failures; logname= uid=0 euid=0 tty=ssh ruser= rhost=43.255.190.190  user=root
Apr 13 23:07:15 ovzhost sshd[1036]: pam_unix(sshd:auth): authentication failure; logname= uid=0 euid=0 tty=ssh ruser= rhost=43.255.190.190  user=root
Apr 13 23:07:16 ovzhost sshd[1036]: Failed password for root from 43.255.190.190 port 51360 ssh2
Apr 13 23:07:20 ovzhost sshd[1036]: message repeated 2 times: [ Failed password for root from 43.255.190.190 port 51360 ssh2]
Apr 13 23:07:21 ovzhost sshd[1036]: Received disconnect from 43.255.190.190: 11:  [preauth]
Apr 13 23:07:21 ovzhost sshd[1036]: PAM 2 more authentication failures; logname= uid=0 euid=0 tty=ssh ruser= rhost=43.255.190.190  user=root
Apr 13 23:07:21 ovzhost sshd[1038]: pam_unix(sshd:auth): authentication failure; logname= uid=0 euid=0 tty=ssh ruser= rhost=43.255.190.190  user=root
Apr 13 23:07:23 ovzhost sshd[1038]: Failed password for root from 43.255.190.190 port 45837 ssh2
Apr 13 23:07:27 ovzhost sshd[1038]: message repeated 2 times: [ Failed password for root from 43.255.190.190 port 45837 ssh2]
Apr 13 23:07:28 ovzhost sshd[1038]: Received disconnect from 43.255.190.190: 11:  [preauth]
Apr 13 23:07:28 ovzhost sshd[1038]: PAM 2 more authentication failures; logname= uid=0 euid=0 tty=ssh ruser= rhost=43.255.190.190  user=root
Apr 13 23:07:28 ovzhost sshd[1040]: pam_unix(sshd:auth): authentication failure; logname= uid=0 euid=0 tty=ssh ruser= rhost=43.255.190.190  user=root
Apr 13 23:07:30 ovzhost sshd[1040]: Failed password for root from 43.255.190.190 port 40319 ssh2
Apr 13 23:07:34 ovzhost sshd[1040]: message repeated 2 times: [ Failed password for root from 43.255.190.190 port 40319 ssh2]
Apr 13 23:07:34 ovzhost sshd[1040]: Received disconnect from 43.255.190.190: 11:  [preauth]
Apr 13 23:07:34 ovzhost sshd[1040]: PAM 2 more authentication failures; logname= uid=0 euid=0 tty=ssh ruser= rhost=43.255.190.190  user=root
Apr 13 23:07:34 ovzhost sshd[1042]: pam_unix(sshd:auth): authentication failure; logname= uid=0 euid=0 tty=ssh ruser= rhost=43.255.190.190  user=root
Apr 13 23:07:36 ovzhost sshd[1042]: Failed password for root from 43.255.190.190 port 59727 ssh2
Apr 13 23:07:40 ovzhost sshd[1042]: message repeated 2 times: [ Failed password for root from 43.255.190.190 port 59727 ssh2]
Apr 13 23:07:40 ovzhost sshd[1042]: Received disconnect from 43.255.190.190: 11:  [preauth]
Apr 13 23:07:40 ovzhost sshd[1042]: PAM 2 more authentication failures; logname= uid=0 euid=0 tty=ssh ruser= rhost=43.255.190.190  user=root
Apr 13 23:07:41 ovzhost sshd[1044]: pam_unix(sshd:auth): authentication failure; logname= uid=0 euid=0 tty=ssh ruser= rhost=43.255.190.190  user=root
Apr 13 23:07:43 ovzhost sshd[1044]: Failed password for root from 43.255.190.190 port 51657 ssh2
Apr 13 23:07:46 ovzhost sshd[1044]: message repeated 2 times: [ Failed password for root from 43.255.190.190 port 51657 ssh2]
Apr 13 23:07:47 ovzhost sshd[1044]: Received disconnect from 43.255.190.190: 11:  [preauth]
Apr 13 23:07:47 ovzhost sshd[1044]: PAM 2 more authentication failures; logname= uid=0 euid=0 tty=ssh ruser= rhost=43.255.190.190  user=root
Apr 13 23:07:47 ovzhost sshd[1046]: pam_unix(sshd:auth): authentication failure; logname= uid=0 euid=0 tty=ssh ruser= rhost=43.255.190.190  user=root
Apr 13 23:07:49 ovzhost sshd[1046]: Failed password for root from 43.255.190.190 port 41719 ssh2
Apr 13 23:07:54 ovzhost sshd[1046]: message repeated 2 times: [ Failed password for root from 43.255.190.190 port 41719 ssh2]
Apr 13 23:07:54 ovzhost sshd[1046]: Received disconnect from 43.255.190.190: 11:  [preauth]
Apr 13 23:07:54 ovzhost sshd[1046]: PAM 2 more authentication failures; logname= uid=0 euid=0 tty=ssh ruser= rhost=43.255.190.190  user=root
Apr 13 23:07:54 ovzhost sshd[1048]: pam_unix(sshd:auth): authentication failure; logname= uid=0 euid=0 tty=ssh ruser= rhost=43.255.190.190  user=root
Apr 13 23:07:56 ovzhost sshd[1048]: Failed password for root from 43.255.190.190 port 35619 ssh2
Apr 13 23:08:00 ovzhost sshd[1048]: message repeated 2 times: [ Failed password for root from 43.255.190.190 port 35619 ssh2]
Apr 13 23:08:00 ovzhost sshd[1048]: Received disconnect from 43.255.190.190: 11:  [preauth]
Apr 13 23:08:00 ovzhost sshd[1048]: PAM 2 more authentication failures; logname= uid=0 euid=0 tty=ssh ruser= rhost=43.255.190.190  user=root
Apr 13 23:08:01 ovzhost sshd[1050]: pam_unix(sshd:auth): authentication failure; logname= uid=0 euid=0 tty=ssh ruser= rhost=43.255.190.190  user=root
Apr 13 23:08:03 ovzhost sshd[1050]: Failed password for root from 43.255.190.190 port 56865 ssh2
Apr 13 23:08:07 ovzhost sshd[1050]: message repeated 2 times: [ Failed password for root from 43.255.190.190 port 56865 ssh2]
Apr 13 23:08:07 ovzhost sshd[1050]: Received disconnect from 43.255.190.190: 11:  [preauth]
Apr 13 23:08:07 ovzhost sshd[1050]: PAM 2 more authentication failures; logname= uid=0 euid=0 tty=ssh ruser= rhost=43.255.190.190  user=root
Apr 13 23:08:07 ovzhost sshd[1052]: pam_unix(sshd:auth): authentication failure; logname= uid=0 euid=0 tty=ssh ruser= rhost=43.255.190.190  user=root
Apr 13 23:08:09 ovzhost sshd[1052]: Failed password for root from 43.255.190.190 port 48080 ssh2
Apr 13 23:08:13 ovzhost sshd[1052]: message repeated 2 times: [ Failed password for root from 43.255.190.190 port 48080 ssh2]
Apr 13 23:08:13 ovzhost sshd[1052]: Received disconnect from 43.255.190.190: 11:  [preauth]
Apr 13 23:08:13 ovzhost sshd[1052]: PAM 2 more authentication failures; logname= uid=0 euid=0 tty=ssh ruser= rhost=43.255.190.190  user=root
Apr 13 23:08:14 ovzhost sshd[1054]: pam_unix(sshd:auth): authentication failure; logname= uid=0 euid=0 tty=ssh ruser= rhost=43.255.190.190  user=root
Apr 13 23:08:16 ovzhost sshd[1054]: Failed password for root from 43.255.190.190 port 38781 ssh2
Apr 13 23:08:20 ovzhost sshd[1054]: message repeated 2 times: [ Failed password for root from 43.255.190.190 port 38781 ssh2]
Apr 13 23:08:20 ovzhost sshd[1054]: Received disconnect from 43.255.190.190: 11:  [preauth]
Apr 13 23:08:20 ovzhost sshd[1054]: PAM 2 more authentication failures; logname= uid=0 euid=0 tty=ssh ruser= rhost=43.255.190.190  user=root
Apr 13 23:08:20 ovzhost sshd[1056]: pam_unix(sshd:auth): authentication failure; logname= uid=0 euid=0 tty=ssh ruser= rhost=43.255.190.190  user=root
Apr 13 23:08:22 ovzhost sshd[1056]: Failed password for root from 43.255.190.190 port 57426 ssh2
Apr 13 23:08:26 ovzhost sshd[1056]: message repeated 2 times: [ Failed password for root from 43.255.190.190 port 57426 ssh2]
Apr 13 23:08:26 ovzhost sshd[1056]: Received disconnect from 43.255.190.190: 11:  [preauth]
Apr 13 23:08:26 ovzhost sshd[1056]: PAM 2 more authentication failures; logname= uid=0 euid=0 tty=ssh ruser= rhost=43.255.190.190  user=root
Apr 13 23:08:27 ovzhost sshd[1058]: pam_unix(sshd:auth): authentication failure; logname= uid=0 euid=0 tty=ssh ruser= rhost=43.255.190.190  user=root
Apr 13 23:08:29 ovzhost sshd[1058]: Failed password for root from 43.255.190.190 port 48437 ssh2
Apr 13 23:08:33 ovzhost sshd[1058]: message repeated 2 times: [ Failed password for root from 43.255.190.190 port 48437 ssh2]
Apr 13 23:08:33 ovzhost sshd[1058]: Received disconnect from 43.255.190.190: 11:  [preauth]
Apr 13 23:08:33 ovzhost sshd[1058]: PAM 2 more authentication failures; logname= uid=0 euid=0 tty=ssh ruser= rhost=43.255.190.190  user=root
Apr 13 23:08:34 ovzhost sshd[1060]: pam_unix(sshd:auth): authentication failure; logname= uid=0 euid=0 tty=ssh ruser= rhost=43.255.190.190  user=root
Apr 13 23:08:36 ovzhost sshd[1060]: Failed password for root from 43.255.190.190 port 39000 ssh2
Apr 13 23:08:40 ovzhost sshd[1060]: message repeated 2 times: [ Failed password for root from 43.255.190.190 port 39000 ssh2]
Apr 13 23:08:40 ovzhost sshd[1060]: Received disconnect from 43.255.190.190: 11:  [preauth]
Apr 13 23:08:40 ovzhost sshd[1060]: PAM 2 more authentication failures; logname= uid=0 euid=0 tty=ssh ruser= rhost=43.255.190.190  user=root
Apr 13 23:08:41 ovzhost sshd[1062]: pam_unix(sshd:auth): authentication failure; logname= uid=0 euid=0 tty=ssh ruser= rhost=43.255.190.190  user=root
Apr 13 23:08:43 ovzhost sshd[1062]: Failed password for root from 43.255.190.190 port 57303 ssh2
Apr 13 23:08:47 ovzhost sshd[1062]: message repeated 2 times: [ Failed password for root from 43.255.190.190 port 57303 ssh2]
Apr 13 23:08:47 ovzhost sshd[1062]: Received disconnect from 43.255.190.190: 11:  [preauth]
Apr 13 23:08:47 ovzhost sshd[1062]: PAM 2 more authentication failures; logname= uid=0 euid=0 tty=ssh ruser= rhost=43.255.190.190  user=root
Apr 13 23:08:47 ovzhost sshd[1064]: pam_unix(sshd:auth): authentication failure; logname= uid=0 euid=0 tty=ssh ruser= rhost=43.255.190.190  user=root
Apr 13 23:08:49 ovzhost sshd[1064]: Failed password for root from 43.255.190.190 port 47442 ssh2
Apr 13 23:08:53 ovzhost sshd[1064]: message repeated 2 times: [ Failed password for root from 43.255.190.190 port 47442 ssh2]
Apr 13 23:08:54 ovzhost sshd[1064]: Received disconnect from 43.255.190.190: 11:  [preauth]
Apr 13 23:08:54 ovzhost sshd[1064]: PAM 2 more authentication failures; logname= uid=0 euid=0 tty=ssh ruser= rhost=43.255.190.190  user=root
Apr 13 23:08:54 ovzhost sshd[1066]: pam_unix(sshd:auth): authentication failure; logname= uid=0 euid=0 tty=ssh ruser= rhost=43.255.190.190  user=root
Apr 13 23:08:56 ovzhost sshd[1066]: Failed password for root from 43.255.190.190 port 36290 ssh2
Apr 13 23:09:00 ovzhost sshd[1066]: message repeated 2 times: [ Failed password for root from 43.255.190.190 port 36290 ssh2]
Apr 13 23:09:00 ovzhost sshd[1066]: Received disconnect from 43.255.190.190: 11:  [preauth]
Apr 13 23:09:00 ovzhost sshd[1066]: PAM 2 more authentication failures; logname= uid=0 euid=0 tty=ssh ruser= rhost=43.255.190.190  user=root
Apr 13 23:09:01 ovzhost sshd[1068]: pam_unix(sshd:auth): authentication failure; logname= uid=0 euid=0 tty=ssh ruser= rhost=43.255.190.190  user=root
Apr 13 23:09:01 ovzhost CRON[1070]: pam_env(cron:session): Unable to open env file: /etc/default/locale: No such file or directory
Apr 13 23:09:01 ovzhost CRON[1070]: pam_unix(cron:session): session opened for user root by (uid=0)
Apr 13 23:09:01 ovzhost CRON[1071]: pam_env(cron:session): Unable to open env file: /etc/default/locale: No such file or directory
Apr 13 23:09:01 ovzhost CRON[1071]: pam_unix(cron:session): session opened for user root by (uid=0)
Apr 13 23:09:01 ovzhost CRON[1070]: pam_unix(cron:session): session closed for user root
Apr 13 23:09:01 ovzhost CRON[1071]: pam_unix(cron:session): session closed for user root
Apr 13 23:09:02 ovzhost sshd[1068]: Failed password for root from 43.255.190.190 port 53385 ssh2
Apr 13 23:09:07 ovzhost sshd[1068]: message repeated 2 times: [ Failed password for root from 43.255.190.190 port 53385 ssh2]
Apr 13 23:09:07 ovzhost sshd[1068]: Received disconnect from 43.255.190.190: 11:  [preauth]
Apr 13 23:09:07 ovzhost sshd[1068]: PAM 2 more authentication failures; logname= uid=0 euid=0 tty=ssh ruser= rhost=43.255.190.190  user=root
Apr 13 23:09:08 ovzhost sshd[1084]: pam_unix(sshd:auth): authentication failure; logname= uid=0 euid=0 tty=ssh ruser= rhost=43.255.190.190  user=root
Apr 13 23:09:10 ovzhost sshd[1084]: Failed password for root from 43.255.190.190 port 41667 ssh2
Apr 13 23:09:14 ovzhost sshd[1086]: pam_unix(sshd:auth): authentication failure; logname= uid=0 euid=0 tty=ssh ruser= rhost=58.218.211.190  user=root
Apr 13 23:09:14 ovzhost sshd[1084]: message repeated 2 times: [ Failed password for root from 43.255.190.190 port 41667 ssh2]
Apr 13 23:09:14 ovzhost sshd[1084]: Received disconnect from 43.255.190.190: 11:  [preauth]
Apr 13 23:09:14 ovzhost sshd[1084]: PAM 2 more authentication failures; logname= uid=0 euid=0 tty=ssh ruser= rhost=43.255.190.190  user=root
Apr 13 23:09:15 ovzhost sshd[1088]: pam_unix(sshd:auth): authentication failure; logname= uid=0 euid=0 tty=ssh ruser= rhost=43.255.190.190  user=root
Apr 13 23:09:16 ovzhost sshd[1086]: Failed password for root from 58.218.211.190 port 35716 ssh2
Apr 13 23:09:17 ovzhost sshd[1088]: Failed password for root from 43.255.190.190 port 58921 ssh2
Apr 13 23:09:21 ovzhost sshd[1086]: message repeated 2 times: [ Failed password for root from 58.218.211.190 port 35716 ssh2]
Apr 13 23:09:21 ovzhost sshd[1086]: Received disconnect from 58.218.211.190: 11:  [preauth]
Apr 13 23:09:21 ovzhost sshd[1086]: PAM 2 more authentication failures; logname= uid=0 euid=0 tty=ssh ruser= rhost=58.218.211.190  user=root
Apr 13 23:09:21 ovzhost sshd[1088]: message repeated 2 times: [ Failed password for root from 43.255.190.190 port 58921 ssh2]
Apr 13 23:09:21 ovzhost sshd[1088]: Received disconnect from 43.255.190.190: 11:  [preauth]
Apr 13 23:09:21 ovzhost sshd[1088]: PAM 2 more authentication failures; logname= uid=0 euid=0 tty=ssh ruser= rhost=43.255.190.190  user=root
Apr 13 23:09:22 ovzhost sshd[1090]: pam_unix(sshd:auth): authentication failure; logname= uid=0 euid=0 tty=ssh ruser= rhost=43.255.190.190  user=root
Apr 13 23:09:24 ovzhost sshd[1090]: Failed password for root from 43.255.190.190 port 47844 ssh2
Apr 13 23:09:24 ovzhost sshd[1092]: pam_unix(sshd:auth): authentication failure; logname= uid=0 euid=0 tty=ssh ruser= rhost=58.218.211.190  user=root
Apr 13 23:09:26 ovzhost sshd[1092]: Failed password for root from 58.218.211.190 port 45293 ssh2
Apr 13 23:09:28 ovzhost sshd[1090]: message repeated 2 times: [ Failed password for root from 43.255.190.190 port 47844 ssh2]
Apr 13 23:09:29 ovzhost sshd[1090]: Received disconnect from 43.255.190.190: 11:  [preauth]
Apr 13 23:09:29 ovzhost sshd[1090]: PAM 2 more authentication failures; logname= uid=0 euid=0 tty=ssh ruser= rhost=43.255.190.190  user=root
Apr 13 23:09:29 ovzhost sshd[1094]: pam_unix(sshd:auth): authentication failure; logname= uid=0 euid=0 tty=ssh ruser= rhost=43.255.190.190  user=root
Apr 13 23:09:31 ovzhost sshd[1094]: Failed password for root from 43.255.190.190 port 36426 ssh2
Apr 13 23:09:31 ovzhost sshd[1092]: message repeated 2 times: [ Failed password for root from 58.218.211.190 port 45293 ssh2]
Apr 13 23:09:31 ovzhost sshd[1092]: Received disconnect from 58.218.211.190: 11:  [preauth]
Apr 13 23:09:31 ovzhost sshd[1092]: PAM 2 more authentication failures; logname= uid=0 euid=0 tty=ssh ruser= rhost=58.218.211.190  user=root
Apr 13 23:09:34 ovzhost sshd[1096]: pam_unix(sshd:auth): authentication failure; logname= uid=0 euid=0 tty=ssh ruser= rhost=58.218.211.190  user=root
Apr 13 23:09:35 ovzhost sshd[1096]: Failed password for root from 58.218.211.190 port 57275 ssh2
Apr 13 23:09:35 ovzhost sshd[1094]: message repeated 2 times: [ Failed password for root from 43.255.190.190 port 36426 ssh2]
Apr 13 23:09:35 ovzhost sshd[1094]: Received disconnect from 43.255.190.190: 11:  [preauth]
Apr 13 23:09:35 ovzhost sshd[1094]: PAM 2 more authentication failures; logname= uid=0 euid=0 tty=ssh ruser= rhost=43.255.190.190  user=root
Apr 13 23:09:36 ovzhost sshd[1098]: pam_unix(sshd:auth): authentication failure; logname= uid=0 euid=0 tty=ssh ruser= rhost=43.255.190.190  user=root
Apr 13 23:09:38 ovzhost sshd[1098]: Failed password for root from 43.255.190.190 port 53092 ssh2
Apr 13 23:09:40 ovzhost sshd[1096]: message repeated 2 times: [ Failed password for root from 58.218.211.190 port 57275 ssh2]
Apr 13 23:09:40 ovzhost sshd[1096]: Received disconnect from 58.218.211.190: 11:  [preauth]
Apr 13 23:09:40 ovzhost sshd[1096]: PAM 2 more authentication failures; logname= uid=0 euid=0 tty=ssh ruser= rhost=58.218.211.190  user=root
Apr 13 23:09:42 ovzhost sshd[1098]: message repeated 2 times: [ Failed password for root from 43.255.190.190 port 53092 ssh2]
Apr 13 23:09:43 ovzhost sshd[1098]: Received disconnect from 43.255.190.190: 11:  [preauth]
Apr 13 23:09:43 ovzhost sshd[1098]: PAM 2 more authentication failures; logname= uid=0 euid=0 tty=ssh ruser= rhost=43.255.190.190  user=root
Apr 13 23:09:43 ovzhost sshd[1102]: pam_unix(sshd:auth): authentication failure; logname= uid=0 euid=0 tty=ssh ruser= rhost=43.255.190.190  user=root
Apr 13 23:09:43 ovzhost sshd[1100]: pam_unix(sshd:auth): authentication failure; logname= uid=0 euid=0 tty=ssh ruser= rhost=58.218.211.190  user=root
Apr 13 23:09:45 ovzhost sshd[1102]: Failed password for root from 43.255.190.190 port 41401 ssh2
Apr 13 23:09:45 ovzhost sshd[1100]: Failed password for root from 58.218.211.190 port 39382 ssh2
Apr 13 23:09:50 ovzhost sshd[1102]: message repeated 2 times: [ Failed password for root from 43.255.190.190 port 41401 ssh2]
Apr 13 23:09:50 ovzhost sshd[1102]: Received disconnect from 43.255.190.190: 11:  [preauth]
Apr 13 23:09:50 ovzhost sshd[1102]: PAM 2 more authentication failures; logname= uid=0 euid=0 tty=ssh ruser= rhost=43.255.190.190  user=root
Apr 13 23:09:50 ovzhost sshd[1100]: message repeated 2 times: [ Failed password for root from 58.218.211.190 port 39382 ssh2]
Apr 13 23:09:50 ovzhost sshd[1100]: Received disconnect from 58.218.211.190: 11:  [preauth]
Apr 13 23:09:50 ovzhost sshd[1100]: PAM 2 more authentication failures; logname= uid=0 euid=0 tty=ssh ruser= rhost=58.218.211.190  user=root
Apr 13 23:09:50 ovzhost sshd[1104]: pam_unix(sshd:auth): authentication failure; logname= uid=0 euid=0 tty=ssh ruser= rhost=43.255.190.190  user=root
Apr 13 23:09:52 ovzhost sshd[1106]: pam_unix(sshd:auth): authentication failure; logname= uid=0 euid=0 tty=ssh ruser= rhost=58.218.211.190  user=root
Apr 13 23:09:53 ovzhost sshd[1104]: Failed password for root from 43.255.190.190 port 58095 ssh2
Apr 13 23:09:54 ovzhost sshd[1106]: Failed password for root from 58.218.211.190 port 51534 ssh2
Apr 13 23:09:56 ovzhost sshd[1104]: message repeated 2 times: [ Failed password for root from 43.255.190.190 port 58095 ssh2]
Apr 13 23:09:56 ovzhost sshd[1104]: Received disconnect from 43.255.190.190: 11:  [preauth]
Apr 13 23:09:56 ovzhost sshd[1104]: PAM 2 more authentication failures; logname= uid=0 euid=0 tty=ssh ruser= rhost=43.255.190.190  user=root
Apr 13 23:09:57 ovzhost sshd[1108]: pam_unix(sshd:auth): authentication failure; logname= uid=0 euid=0 tty=ssh ruser= rhost=43.255.190.190  user=root
Apr 13 23:09:59 ovzhost sshd[1108]: Failed password for root from 43.255.190.190 port 44972 ssh2
Apr 13 23:09:59 ovzhost sshd[1106]: message repeated 2 times: [ Failed password for root from 58.218.211.190 port 51534 ssh2]
Apr 13 23:10:00 ovzhost sshd[1106]: Received disconnect from 58.218.211.190: 11:  [preauth]
Apr 13 23:10:00 ovzhost sshd[1106]: PAM 2 more authentication failures; logname= uid=0 euid=0 tty=ssh ruser= rhost=58.218.211.190  user=root
Apr 13 23:10:03 ovzhost sshd[1110]: pam_unix(sshd:auth): authentication failure; logname= uid=0 euid=0 tty=ssh ruser= rhost=58.218.211.190  user=root
Apr 13 23:10:04 ovzhost sshd[1108]: message repeated 2 times: [ Failed password for root from 43.255.190.190 port 44972 ssh2]
Apr 13 23:10:04 ovzhost sshd[1108]: Received disconnect from 43.255.190.190: 11:  [preauth]
Apr 13 23:10:04 ovzhost sshd[1108]: PAM 2 more authentication failures; logname= uid=0 euid=0 tty=ssh ruser= rhost=43.255.190.190  user=root
Apr 13 23:10:05 ovzhost sshd[1110]: Failed password for root from 58.218.211.190 port 34424 ssh2
Apr 13 23:10:05 ovzhost sshd[1112]: pam_unix(sshd:auth): authentication failure; logname= uid=0 euid=0 tty=ssh ruser= rhost=43.255.190.190  user=root
Apr 13 23:10:07 ovzhost sshd[1112]: Failed password for root from 43.255.190.190 port 34381 ssh2
Apr 13 23:10:10 ovzhost sshd[1112]: message repeated 2 times: [ Failed password for root from 43.255.190.190 port 34381 ssh2]
Apr 13 23:10:11 ovzhost sshd[1112]: Received disconnect from 43.255.190.190: 11:  [preauth]
Apr 13 23:10:11 ovzhost sshd[1112]: PAM 2 more authentication failures; logname= uid=0 euid=0 tty=ssh ruser= rhost=43.255.190.190  user=root
Apr 13 23:10:11 ovzhost sshd[1114]: pam_unix(sshd:auth): authentication failure; logname= uid=0 euid=0 tty=ssh ruser= rhost=43.255.190.190  user=root
Apr 13 23:10:11 ovzhost sshd[1110]: message repeated 2 times: [ Failed password for root from 58.218.211.190 port 34424 ssh2]
Apr 13 23:10:11 ovzhost sshd[1110]: Received disconnect from 58.218.211.190: 11:  [preauth]
Apr 13 23:10:11 ovzhost sshd[1110]: PAM 2 more authentication failures; logname= uid=0 euid=0 tty=ssh ruser= rhost=58.218.211.190  user=root
Apr 13 23:10:13 ovzhost sshd[1114]: Failed password for root from 43.255.190.190 port 49082 ssh2
Apr 13 23:10:16 ovzhost sshd[1116]: pam_unix(sshd:auth): authentication failure; logname= uid=0 euid=0 tty=ssh ruser= rhost=58.218.211.190  user=root
Apr 13 23:10:17 ovzhost sshd[1114]: message repeated 2 times: [ Failed password for root from 43.255.190.190 port 49082 ssh2]
Apr 13 23:10:17 ovzhost sshd[1114]: Received disconnect from 43.255.190.190: 11:  [preauth]
Apr 13 23:10:17 ovzhost sshd[1114]: PAM 2 more authentication failures; logname= uid=0 euid=0 tty=ssh ruser= rhost=43.255.190.190  user=root
Apr 13 23:10:18 ovzhost sshd[1118]: pam_unix(sshd:auth): authentication failure; logname= uid=0 euid=0 tty=ssh ruser= rhost=43.255.190.190  user=root
Apr 13 23:10:19 ovzhost sshd[1116]: Failed password for root from 58.218.211.190 port 48737 ssh2
Apr 13 23:10:20 ovzhost sshd[1118]: Failed password for root from 43.255.190.190 port 37232 ssh2
Apr 13 23:10:24 ovzhost sshd[1116]: message repeated 2 times: [ Failed password for root from 58.218.211.190 port 48737 ssh2]
Apr 13 23:10:24 ovzhost sshd[1116]: Received disconnect from 58.218.211.190: 11:  [preauth]
Apr 13 23:10:24 ovzhost sshd[1116]: PAM 2 more authentication failures; logname= uid=0 euid=0 tty=ssh ruser= rhost=58.218.211.190  user=root
Apr 13 23:10:25 ovzhost sshd[1118]: message repeated 2 times: [ Failed password for root from 43.255.190.190 port 37232 ssh2]
Apr 13 23:10:25 ovzhost sshd[1118]: Received disconnect from 43.255.190.190: 11:  [preauth]
Apr 13 23:10:25 ovzhost sshd[1118]: PAM 2 more authentication failures; logname= uid=0 euid=0 tty=ssh ruser= rhost=43.255.190.190  user=root
Apr 13 23:10:25 ovzhost sshd[1121]: pam_unix(sshd:auth): authentication failure; logname= uid=0 euid=0 tty=ssh ruser= rhost=43.255.190.190  user=root
Apr 13 23:10:27 ovzhost sshd[1120]: pam_unix(sshd:auth): authentication failure; logname= uid=0 euid=0 tty=ssh ruser= rhost=58.218.211.190  user=root
Apr 13 23:10:27 ovzhost sshd[1121]: Failed password for root from 43.255.190.190 port 54160 ssh2
Apr 13 23:10:29 ovzhost sshd[1120]: Failed password for root from 58.218.211.190 port 35588 ssh2
Apr 13 23:10:32 ovzhost sshd[1121]: message repeated 2 times: [ Failed password for root from 43.255.190.190 port 54160 ssh2]
Apr 13 23:10:32 ovzhost sshd[1121]: Received disconnect from 43.255.190.190: 11:  [preauth]
Apr 13 23:10:32 ovzhost sshd[1121]: PAM 2 more authentication failures; logname= uid=0 euid=0 tty=ssh ruser= rhost=43.255.190.190  user=root
Apr 13 23:10:33 ovzhost sshd[1124]: pam_unix(sshd:auth): authentication failure; logname= uid=0 euid=0 tty=ssh ruser= rhost=43.255.190.190  user=root
Apr 13 23:10:34 ovzhost sshd[1120]: message repeated 2 times: [ Failed password for root from 58.218.211.190 port 35588 ssh2]
Apr 13 23:10:35 ovzhost sshd[1120]: Received disconnect from 58.218.211.190: 11:  [preauth]
Apr 13 23:10:35 ovzhost sshd[1120]: PAM 2 more authentication failures; logname= uid=0 euid=0 tty=ssh ruser= rhost=58.218.211.190  user=root
Apr 13 23:10:35 ovzhost sshd[1124]: Failed password for root from 43.255.190.190 port 42464 ssh2
Apr 13 23:10:37 ovzhost sshd[1126]: pam_unix(sshd:auth): authentication failure; logname= uid=0 euid=0 tty=ssh ruser= rhost=58.218.211.190  user=root
Apr 13 23:10:39 ovzhost sshd[1124]: message repeated 2 times: [ Failed password for root from 43.255.190.190 port 42464 ssh2]
Apr 13 23:10:39 ovzhost sshd[1124]: Received disconnect from 43.255.190.190: 11:  [preauth]
Apr 13 23:10:39 ovzhost sshd[1124]: PAM 2 more authentication failures; logname= uid=0 euid=0 tty=ssh ruser= rhost=43.255.190.190  user=root
Apr 13 23:10:39 ovzhost sshd[1126]: Failed password for root from 58.218.211.190 port 48234 ssh2
Apr 13 23:10:40 ovzhost sshd[1128]: pam_unix(sshd:auth): authentication failure; logname= uid=0 euid=0 tty=ssh ruser= rhost=43.255.190.190  user=root
Apr 13 23:10:42 ovzhost sshd[1128]: Failed password for root from 43.255.190.190 port 58110 ssh2
Apr 13 23:10:44 ovzhost sshd[1126]: message repeated 2 times: [ Failed password for root from 58.218.211.190 port 48234 ssh2]
Apr 13 23:10:44 ovzhost sshd[1126]: Received disconnect from 58.218.211.190: 11:  [preauth]
Apr 13 23:10:44 ovzhost sshd[1126]: PAM 2 more authentication failures; logname= uid=0 euid=0 tty=ssh ruser= rhost=58.218.211.190  user=root
Apr 13 23:10:46 ovzhost sshd[1130]: pam_unix(sshd:auth): authentication failure; logname= uid=0 euid=0 tty=ssh ruser= rhost=58.218.211.190  user=root
Apr 13 23:10:47 ovzhost sshd[1128]: message repeated 2 times: [ Failed password for root from 43.255.190.190 port 58110 ssh2]
Apr 13 23:10:47 ovzhost sshd[1128]: Received disconnect from 43.255.190.190: 11:  [preauth]
Apr 13 23:10:47 ovzhost sshd[1128]: PAM 2 more authentication failures; logname= uid=0 euid=0 tty=ssh ruser= rhost=43.255.190.190  user=root
Apr 13 23:10:47 ovzhost sshd[1132]: pam_unix(sshd:auth): authentication failure; logname= uid=0 euid=0 tty=ssh ruser= rhost=43.255.190.190  user=root
Apr 13 23:10:49 ovzhost sshd[1130]: Failed password for root from 58.218.211.190 port 59068 ssh2
Apr 13 23:10:49 ovzhost sshd[1132]: Failed password for root from 43.255.190.190 port 46636 ssh2
Apr 13 23:10:53 ovzhost sshd[1132]: message repeated 2 times: [ Failed password for root from 43.255.190.190 port 46636 ssh2]
Apr 13 23:10:53 ovzhost sshd[1132]: Received disconnect from 43.255.190.190: 11:  [preauth]
Apr 13 23:10:53 ovzhost sshd[1132]: PAM 2 more authentication failures; logname= uid=0 euid=0 tty=ssh ruser= rhost=43.255.190.190  user=root
Apr 13 23:10:53 ovzhost sshd[1130]: message repeated 2 times: [ Failed password for root from 58.218.211.190 port 59068 ssh2]
Apr 13 23:10:53 ovzhost sshd[1130]: Received disconnect from 58.218.211.190: 11:  [preauth]
Apr 13 23:10:53 ovzhost sshd[1130]: PAM 2 more authentication failures; logname= uid=0 euid=0 tty=ssh ruser= rhost=58.218.211.190  user=root
Apr 13 23:10:54 ovzhost sshd[1134]: pam_unix(sshd:auth): authentication failure; logname= uid=0 euid=0 tty=ssh ruser= rhost=43.255.190.190  user=root
Apr 13 23:10:56 ovzhost sshd[1134]: Failed password for root from 43.255.190.190 port 33040 ssh2
Apr 13 23:10:56 ovzhost sshd[1136]: pam_unix(sshd:auth): authentication failure; logname= uid=0 euid=0 tty=ssh ruser= rhost=58.218.211.190  user=root
Apr 13 23:10:59 ovzhost sshd[1136]: Failed password for root from 58.218.211.190 port 42410 ssh2
Apr 13 23:11:01 ovzhost sshd[1134]: message repeated 2 times: [ Failed password for root from 43.255.190.190 port 33040 ssh2]
Apr 13 23:11:01 ovzhost sshd[1134]: Received disconnect from 43.255.190.190: 11:  [preauth]
Apr 13 23:11:01 ovzhost sshd[1134]: PAM 2 more authentication failures; logname= uid=0 euid=0 tty=ssh ruser= rhost=43.255.190.190  user=root
Apr 13 23:11:02 ovzhost sshd[1138]: pam_unix(sshd:auth): authentication failure; logname= uid=0 euid=0 tty=ssh ruser= rhost=43.255.190.190  user=root
Apr 13 23:11:03 ovzhost sshd[1138]: Failed password for root from 43.255.190.190 port 50141 ssh2
Apr 13 23:11:03 ovzhost sshd[1136]: message repeated 2 times: [ Failed password for root from 58.218.211.190 port 42410 ssh2]
Apr 13 23:11:04 ovzhost sshd[1136]: Received disconnect from 58.218.211.190: 11:  [preauth]
Apr 13 23:11:04 ovzhost sshd[1136]: PAM 2 more authentication failures; logname= uid=0 euid=0 tty=ssh ruser= rhost=58.218.211.190  user=root
Apr 13 23:11:06 ovzhost sshd[1140]: pam_unix(sshd:auth): authentication failure; logname= uid=0 euid=0 tty=ssh ruser= rhost=58.218.211.190  user=root
Apr 13 23:11:08 ovzhost sshd[1140]: Failed password for root from 58.218.211.190 port 55078 ssh2
Apr 13 23:11:08 ovzhost sshd[1138]: message repeated 2 times: [ Failed password for root from 43.255.190.190 port 50141 ssh2]
Apr 13 23:11:08 ovzhost sshd[1138]: Received disconnect from 43.255.190.190: 11:  [preauth]
Apr 13 23:11:08 ovzhost sshd[1138]: PAM 2 more authentication failures; logname= uid=0 euid=0 tty=ssh ruser= rhost=43.255.190.190  user=root
Apr 13 23:11:09 ovzhost sshd[1142]: pam_unix(sshd:auth): authentication failure; logname= uid=0 euid=0 tty=ssh ruser= rhost=43.255.190.190  user=root
Apr 13 23:11:11 ovzhost sshd[1142]: Failed password for root from 43.255.190.190 port 37443 ssh2
Apr 13 23:11:13 ovzhost sshd[1140]: message repeated 2 times: [ Failed password for root from 58.218.211.190 port 55078 ssh2]
Apr 13 23:11:13 ovzhost sshd[1140]: Received disconnect from 58.218.211.190: 11:  [preauth]
Apr 13 23:11:13 ovzhost sshd[1140]: PAM 2 more authentication failures; logname= uid=0 euid=0 tty=ssh ruser= rhost=58.218.211.190  user=root
Apr 13 23:11:15 ovzhost sshd[1142]: message repeated 2 times: [ Failed password for root from 43.255.190.190 port 37443 ssh2]
Apr 13 23:11:15 ovzhost sshd[1142]: Received disconnect from 43.255.190.190: 11:  [preauth]
Apr 13 23:11:15 ovzhost sshd[1142]: PAM 2 more authentication failures; logname= uid=0 euid=0 tty=ssh ruser= rhost=43.255.190.190  user=root
Apr 13 23:11:15 ovzhost sshd[1144]: pam_unix(sshd:auth): authentication failure; logname= uid=0 euid=0 tty=ssh ruser= rhost=58.218.211.190  user=root
Apr 13 23:11:16 ovzhost sshd[1146]: pam_unix(sshd:auth): authentication failure; logname= uid=0 euid=0 tty=ssh ruser= rhost=43.255.190.190  user=root
Apr 13 23:11:18 ovzhost sshd[1144]: Failed password for root from 58.218.211.190 port 37822 ssh2
Apr 13 23:11:18 ovzhost sshd[1146]: Failed password for root from 43.255.190.190 port 52513 ssh2
Apr 13 23:11:22 ovzhost sshd[1146]: message repeated 2 times: [ Failed password for root from 43.255.190.190 port 52513 ssh2]
Apr 13 23:11:22 ovzhost sshd[1146]: Received disconnect from 43.255.190.190: 11:  [preauth]
Apr 13 23:11:22 ovzhost sshd[1146]: PAM 2 more authentication failures; logname= uid=0 euid=0 tty=ssh ruser= rhost=43.255.190.190  user=root
Apr 13 23:11:23 ovzhost sshd[1148]: pam_unix(sshd:auth): authentication failure; logname= uid=0 euid=0 tty=ssh ruser= rhost=43.255.190.190  user=root
Apr 13 23:11:23 ovzhost sshd[1144]: message repeated 2 times: [ Failed password for root from 58.218.211.190 port 37822 ssh2]
Apr 13 23:11:23 ovzhost sshd[1144]: Received disconnect from 58.218.211.190: 11:  [preauth]
Apr 13 23:11:23 ovzhost sshd[1144]: PAM 2 more authentication failures; logname= uid=0 euid=0 tty=ssh ruser= rhost=58.218.211.190  user=root
Apr 13 23:11:25 ovzhost sshd[1150]: pam_unix(sshd:auth): authentication failure; logname= uid=0 euid=0 tty=ssh ruser= rhost=58.218.211.190  user=root
Apr 13 23:11:25 ovzhost sshd[1148]: Failed password for root from 43.255.190.190 port 39510 ssh2
Apr 13 23:11:26 ovzhost sshd[1150]: Failed password for root from 58.218.211.190 port 49279 ssh2
Apr 13 23:11:28 ovzhost sshd[1148]: message repeated 2 times: [ Failed password for root from 43.255.190.190 port 39510 ssh2]
Apr 13 23:11:28 ovzhost sshd[1148]: Received disconnect from 43.255.190.190: 11:  [preauth]
Apr 13 23:11:28 ovzhost sshd[1148]: PAM 2 more authentication failures; logname= uid=0 euid=0 tty=ssh ruser= rhost=43.255.190.190  user=root
Apr 13 23:11:29 ovzhost sshd[1152]: pam_unix(sshd:auth): authentication failure; logname= uid=0 euid=0 tty=ssh ruser= rhost=43.255.190.190  user=root
Apr 13 23:11:31 ovzhost sshd[1150]: message repeated 2 times: [ Failed password for root from 58.218.211.190 port 49279 ssh2]
Apr 13 23:11:31 ovzhost sshd[1150]: Received disconnect from 58.218.211.190: 11:  [preauth]
Apr 13 23:11:31 ovzhost sshd[1150]: PAM 2 more authentication failures; logname= uid=0 euid=0 tty=ssh ruser= rhost=58.218.211.190  user=root
Apr 13 23:11:31 ovzhost sshd[1152]: Failed password for root from 43.255.190.190 port 53091 ssh2
Apr 13 23:11:33 ovzhost sshd[1154]: pam_unix(sshd:auth): authentication failure; logname= uid=0 euid=0 tty=ssh ruser= rhost=58.218.211.190  user=root
Apr 13 23:11:35 ovzhost sshd[1154]: Failed password for root from 58.218.211.190 port 58450 ssh2
Apr 13 23:11:36 ovzhost sshd[1152]: message repeated 2 times: [ Failed password for root from 43.255.190.190 port 53091 ssh2]
Apr 13 23:11:36 ovzhost sshd[1152]: Received disconnect from 43.255.190.190: 11:  [preauth]
Apr 13 23:11:36 ovzhost sshd[1152]: PAM 2 more authentication failures; logname= uid=0 euid=0 tty=ssh ruser= rhost=43.255.190.190  user=root
Apr 13 23:11:36 ovzhost sshd[1156]: pam_unix(sshd:auth): authentication failure; logname= uid=0 euid=0 tty=ssh ruser= rhost=43.255.190.190  user=root
Apr 13 23:11:38 ovzhost sshd[1156]: Failed password for root from 43.255.190.190 port 40847 ssh2
Apr 13 23:11:39 ovzhost sshd[1154]: message repeated 2 times: [ Failed password for root from 58.218.211.190 port 58450 ssh2]
Apr 13 23:11:40 ovzhost sshd[1154]: Received disconnect from 58.218.211.190: 11:  [preauth]
Apr 13 23:11:40 ovzhost sshd[1154]: PAM 2 more authentication failures; logname= uid=0 euid=0 tty=ssh ruser= rhost=58.218.211.190  user=root
Apr 13 23:11:43 ovzhost sshd[1156]: message repeated 2 times: [ Failed password for root from 43.255.190.190 port 40847 ssh2]
Apr 13 23:11:43 ovzhost sshd[1156]: Received disconnect from 43.255.190.190: 11:  [preauth]
Apr 13 23:11:43 ovzhost sshd[1156]: PAM 2 more authentication failures; logname= uid=0 euid=0 tty=ssh ruser= rhost=43.255.190.190  user=root
Apr 13 23:11:43 ovzhost sshd[1160]: pam_unix(sshd:auth): authentication failure; logname= uid=0 euid=0 tty=ssh ruser= rhost=43.255.190.190  user=root
Apr 13 23:11:43 ovzhost sshd[1158]: pam_unix(sshd:auth): authentication failure; logname= uid=0 euid=0 tty=ssh ruser= rhost=58.218.211.190  user=root
Apr 13 23:11:45 ovzhost sshd[1160]: Failed password for root from 43.255.190.190 port 55946 ssh2
Apr 13 23:11:45 ovzhost sshd[1158]: Failed password for root from 58.218.211.190 port 40095 ssh2
Apr 13 23:11:49 ovzhost sshd[1160]: message repeated 2 times: [ Failed password for root from 43.255.190.190 port 55946 ssh2]
Apr 13 23:11:49 ovzhost sshd[1160]: Received disconnect from 43.255.190.190: 11:  [preauth]
Apr 13 23:11:49 ovzhost sshd[1160]: PAM 2 more authentication failures; logname= uid=0 euid=0 tty=ssh ruser= rhost=43.255.190.190  user=root
Apr 13 23:11:50 ovzhost sshd[1158]: message repeated 2 times: [ Failed password for root from 58.218.211.190 port 40095 ssh2]
Apr 13 23:11:50 ovzhost sshd[1158]: Received disconnect from 58.218.211.190: 11:  [preauth]
Apr 13 23:11:50 ovzhost sshd[1158]: PAM 2 more authentication failures; logname= uid=0 euid=0 tty=ssh ruser= rhost=58.218.211.190  user=root
Apr 13 23:11:50 ovzhost sshd[1162]: pam_unix(sshd:auth): authentication failure; logname= uid=0 euid=0 tty=ssh ruser= rhost=43.255.190.190  user=root
Apr 13 23:11:52 ovzhost sshd[1162]: Failed password for root from 43.255.190.190 port 42731 ssh2
Apr 13 23:11:52 ovzhost sshd[1164]: pam_unix(sshd:auth): authentication failure; logname= uid=0 euid=0 tty=ssh ruser= rhost=58.218.211.190  user=root
Apr 13 23:11:55 ovzhost sshd[1164]: Failed password for root from 58.218.211.190 port 52785 ssh2
Apr 13 23:11:57 ovzhost sshd[1162]: message repeated 2 times: [ Failed password for root from 43.255.190.190 port 42731 ssh2]
Apr 13 23:11:57 ovzhost sshd[1162]: Received disconnect from 43.255.190.190: 11:  [preauth]
Apr 13 23:11:57 ovzhost sshd[1162]: PAM 2 more authentication failures; logname= uid=0 euid=0 tty=ssh ruser= rhost=43.255.190.190  user=root
Apr 13 23:11:57 ovzhost sshd[1166]: pam_unix(sshd:auth): authentication failure; logname= uid=0 euid=0 tty=ssh ruser= rhost=43.255.190.190  user=root
Apr 13 23:12:00 ovzhost sshd[1166]: Failed password for root from 43.255.190.190 port 58029 ssh2
Apr 13 23:12:01 ovzhost sshd[1164]: message repeated 2 times: [ Failed password for root from 58.218.211.190 port 52785 ssh2]
Apr 13 23:12:01 ovzhost sshd[1164]: Received disconnect from 58.218.211.190: 11:  [preauth]
Apr 13 23:12:01 ovzhost sshd[1164]: PAM 2 more authentication failures; logname= uid=0 euid=0 tty=ssh ruser= rhost=58.218.211.190  user=root
Apr 13 23:12:03 ovzhost sshd[1166]: message repeated 2 times: [ Failed password for root from 43.255.190.190 port 58029 ssh2]
Apr 13 23:12:03 ovzhost sshd[1166]: Received disconnect from 43.255.190.190: 11:  [preauth]
Apr 13 23:12:03 ovzhost sshd[1166]: PAM 2 more authentication failures; logname= uid=0 euid=0 tty=ssh ruser= rhost=43.255.190.190  user=root
Apr 13 23:12:03 ovzhost sshd[1168]: pam_unix(sshd:auth): authentication failure; logname= uid=0 euid=0 tty=ssh ruser= rhost=43.255.190.190  user=root
Apr 13 23:12:06 ovzhost sshd[1168]: Failed password for root from 43.255.190.190 port 43657 ssh2
Apr 13 23:12:06 ovzhost sshd[1170]: pam_unix(sshd:auth): authentication failure; logname= uid=0 euid=0 tty=ssh ruser= rhost=58.218.211.190  user=root
