Apr 11 12:11:16 ovzhost sshd[1505]: Failed password for root from 43.255.190.125 port 47068 ssh2
Apr 11 12:11:21 ovzhost sshd[1505]: message repeated 2 times: [ Failed password for root from 43.255.190.125 port 47068 ssh2]
Apr 11 12:11:21 ovzhost sshd[1505]: Received disconnect from 43.255.190.125: 11:  [preauth]
Apr 11 12:11:21 ovzhost sshd[1505]: PAM 2 more authentication failures; logname= uid=0 euid=0 tty=ssh ruser= rhost=43.255.190.125  user=root
Apr 11 12:11:23 ovzhost sshd[1509]: pam_unix(sshd:auth): authentication failure; logname= uid=0 euid=0 tty=ssh ruser= rhost=43.255.190.125  user=root
Apr 11 12:11:25 ovzhost sshd[1509]: Failed password for root from 43.255.190.125 port 32984 ssh2
Apr 11 12:11:29 ovzhost sshd[1509]: message repeated 2 times: [ Failed password for root from 43.255.190.125 port 32984 ssh2]
Apr 11 12:11:29 ovzhost sshd[1509]: Received disconnect from 43.255.190.125: 11:  [preauth]
Apr 11 12:11:29 ovzhost sshd[1509]: PAM 2 more authentication failures; logname= uid=0 euid=0 tty=ssh ruser= rhost=43.255.190.125  user=root
Apr 11 12:11:30 ovzhost sshd[1511]: pam_unix(sshd:auth): authentication failure; logname= uid=0 euid=0 tty=ssh ruser= rhost=43.255.190.125  user=root
Apr 11 12:11:32 ovzhost sshd[1511]: Failed password for root from 43.255.190.125 port 46576 ssh2
Apr 11 12:11:37 ovzhost sshd[1511]: message repeated 2 times: [ Failed password for root from 43.255.190.125 port 46576 ssh2]
Apr 11 12:11:37 ovzhost sshd[1511]: Received disconnect from 43.255.190.125: 11:  [preauth]
Apr 11 12:11:37 ovzhost sshd[1511]: PAM 2 more authentication failures; logname= uid=0 euid=0 tty=ssh ruser= rhost=43.255.190.125  user=root
Apr 11 12:11:37 ovzhost sshd[1513]: pam_unix(sshd:auth): authentication failure; logname= uid=0 euid=0 tty=ssh ruser= rhost=43.255.190.125  user=root
Apr 11 12:11:39 ovzhost sshd[1513]: Failed password for root from 43.255.190.125 port 59112 ssh2
Apr 11 12:11:43 ovzhost sshd[1513]: message repeated 2 times: [ Failed password for root from 43.255.190.125 port 59112 ssh2]
Apr 11 12:11:43 ovzhost sshd[1513]: Received disconnect from 43.255.190.125: 11:  [preauth]
Apr 11 12:11:43 ovzhost sshd[1513]: PAM 2 more authentication failures; logname= uid=0 euid=0 tty=ssh ruser= rhost=43.255.190.125  user=root
Apr 11 12:11:44 ovzhost sshd[1517]: pam_unix(sshd:auth): authentication failure; logname= uid=0 euid=0 tty=ssh ruser= rhost=43.255.190.125  user=root
Apr 11 12:11:46 ovzhost sshd[1517]: Failed password for root from 43.255.190.125 port 42778 ssh2
Apr 11 12:11:51 ovzhost sshd[1517]: message repeated 2 times: [ Failed password for root from 43.255.190.125 port 42778 ssh2]
Apr 11 12:11:51 ovzhost sshd[1517]: Received disconnect from 43.255.190.125: 11:  [preauth]
Apr 11 12:11:51 ovzhost sshd[1517]: PAM 2 more authentication failures; logname= uid=0 euid=0 tty=ssh ruser= rhost=43.255.190.125  user=root
Apr 11 12:11:52 ovzhost sshd[1519]: pam_unix(sshd:auth): authentication failure; logname= uid=0 euid=0 tty=ssh ruser= rhost=43.255.190.125  user=root
Apr 11 12:11:54 ovzhost sshd[1519]: Failed password for root from 43.255.190.125 port 55058 ssh2
Apr 11 12:11:58 ovzhost sshd[1519]: message repeated 2 times: [ Failed password for root from 43.255.190.125 port 55058 ssh2]
Apr 11 12:11:58 ovzhost sshd[1519]: Received disconnect from 43.255.190.125: 11:  [preauth]
Apr 11 12:11:58 ovzhost sshd[1519]: PAM 2 more authentication failures; logname= uid=0 euid=0 tty=ssh ruser= rhost=43.255.190.125  user=root
Apr 11 12:11:59 ovzhost sshd[1521]: pam_unix(sshd:auth): authentication failure; logname= uid=0 euid=0 tty=ssh ruser= rhost=43.255.190.125  user=root
Apr 11 12:12:01 ovzhost sshd[1521]: Failed password for root from 43.255.190.125 port 41962 ssh2
Apr 11 12:12:06 ovzhost sshd[1521]: message repeated 2 times: [ Failed password for root from 43.255.190.125 port 41962 ssh2]
Apr 11 12:12:06 ovzhost sshd[1521]: Received disconnect from 43.255.190.125: 11:  [preauth]
Apr 11 12:12:06 ovzhost sshd[1521]: PAM 2 more authentication failures; logname= uid=0 euid=0 tty=ssh ruser= rhost=43.255.190.125  user=root
Apr 11 12:12:06 ovzhost sshd[1523]: pam_unix(sshd:auth): authentication failure; logname= uid=0 euid=0 tty=ssh ruser= rhost=43.255.190.125  user=root
Apr 11 12:12:08 ovzhost sshd[1523]: Failed password for root from 43.255.190.125 port 58546 ssh2
Apr 11 12:12:13 ovzhost sshd[1523]: message repeated 2 times: [ Failed password for root from 43.255.190.125 port 58546 ssh2]
Apr 11 12:12:13 ovzhost sshd[1523]: Received disconnect from 43.255.190.125: 11:  [preauth]
Apr 11 12:12:13 ovzhost sshd[1523]: PAM 2 more authentication failures; logname= uid=0 euid=0 tty=ssh ruser= rhost=43.255.190.125  user=root
Apr 11 12:12:13 ovzhost sshd[1530]: Connection closed by 127.0.0.1 [preauth]
Apr 11 12:12:14 ovzhost sshd[1527]: pam_unix(sshd:auth): authentication failure; logname= uid=0 euid=0 tty=ssh ruser= rhost=43.255.190.125  user=root
Apr 11 12:12:15 ovzhost sshd[1532]: pam_unix(sshd:auth): authentication failure; logname= uid=0 euid=0 tty=ssh ruser= rhost=43.255.190.172  user=root
Apr 11 12:12:15 ovzhost sshd[1527]: Failed password for root from 43.255.190.125 port 46875 ssh2
Apr 11 12:12:17 ovzhost sshd[1532]: Failed password for root from 43.255.190.172 port 36689 ssh2
Apr 11 12:12:20 ovzhost sshd[1527]: message repeated 2 times: [ Failed password for root from 43.255.190.125 port 46875 ssh2]
Apr 11 12:12:20 ovzhost sshd[1527]: Received disconnect from 43.255.190.125: 11:  [preauth]
Apr 11 12:12:20 ovzhost sshd[1527]: PAM 2 more authentication failures; logname= uid=0 euid=0 tty=ssh ruser= rhost=43.255.190.125  user=root
Apr 11 12:12:20 ovzhost sshd[1534]: pam_unix(sshd:auth): authentication failure; logname= uid=0 euid=0 tty=ssh ruser= rhost=43.255.190.125  user=root
Apr 11 12:12:22 ovzhost sshd[1532]: message repeated 2 times: [ Failed password for root from 43.255.190.172 port 36689 ssh2]
Apr 11 12:12:22 ovzhost sshd[1532]: Received disconnect from 43.255.190.172: 11:  [preauth]
Apr 11 12:12:22 ovzhost sshd[1532]: PAM 2 more authentication failures; logname= uid=0 euid=0 tty=ssh ruser= rhost=43.255.190.172  user=root
Apr 11 12:12:23 ovzhost sshd[1536]: pam_unix(sshd:auth): authentication failure; logname= uid=0 euid=0 tty=ssh ruser= rhost=43.255.190.172  user=root
Apr 11 12:12:23 ovzhost sshd[1534]: Failed password for root from 43.255.190.125 port 34896 ssh2
Apr 11 12:12:25 ovzhost sshd[1536]: Failed password for root from 43.255.190.172 port 58152 ssh2
Apr 11 12:12:27 ovzhost sshd[1534]: message repeated 2 times: [ Failed password for root from 43.255.190.125 port 34896 ssh2]
Apr 11 12:12:27 ovzhost sshd[1534]: Received disconnect from 43.255.190.125: 11:  [preauth]
Apr 11 12:12:27 ovzhost sshd[1534]: PAM 2 more authentication failures; logname= uid=0 euid=0 tty=ssh ruser= rhost=43.255.190.125  user=root
Apr 11 12:12:27 ovzhost sshd[1538]: pam_unix(sshd:auth): authentication failure; logname= uid=0 euid=0 tty=ssh ruser= rhost=43.255.190.125  user=root
Apr 11 12:12:29 ovzhost sshd[1536]: message repeated 2 times: [ Failed password for root from 43.255.190.172 port 58152 ssh2]
Apr 11 12:12:29 ovzhost sshd[1536]: Received disconnect from 43.255.190.172: 11:  [preauth]
Apr 11 12:12:29 ovzhost sshd[1536]: PAM 2 more authentication failures; logname= uid=0 euid=0 tty=ssh ruser= rhost=43.255.190.172  user=root
Apr 11 12:12:30 ovzhost sshd[1540]: pam_unix(sshd:auth): authentication failure; logname= uid=0 euid=0 tty=ssh ruser= rhost=43.255.190.172  user=root
Apr 11 12:12:30 ovzhost sshd[1538]: Failed password for root from 43.255.190.125 port 51895 ssh2
Apr 11 12:12:32 ovzhost sshd[1540]: Failed password for root from 43.255.190.172 port 50979 ssh2
Apr 11 12:12:34 ovzhost sshd[1538]: message repeated 2 times: [ Failed password for root from 43.255.190.125 port 51895 ssh2]
Apr 11 12:12:34 ovzhost sshd[1538]: Received disconnect from 43.255.190.125: 11:  [preauth]
Apr 11 12:12:34 ovzhost sshd[1538]: PAM 2 more authentication failures; logname= uid=0 euid=0 tty=ssh ruser= rhost=43.255.190.125  user=root
Apr 11 12:12:36 ovzhost sshd[1542]: pam_unix(sshd:auth): authentication failure; logname= uid=0 euid=0 tty=ssh ruser= rhost=43.255.190.125  user=root
Apr 11 12:12:36 ovzhost sshd[1540]: message repeated 2 times: [ Failed password for root from 43.255.190.172 port 50979 ssh2]
Apr 11 12:12:36 ovzhost sshd[1540]: Received disconnect from 43.255.190.172: 11:  [preauth]
Apr 11 12:12:36 ovzhost sshd[1540]: PAM 2 more authentication failures; logname= uid=0 euid=0 tty=ssh ruser= rhost=43.255.190.172  user=root
Apr 11 12:12:38 ovzhost sshd[1542]: Failed password for root from 43.255.190.125 port 41763 ssh2
Apr 11 12:12:38 ovzhost sshd[1544]: pam_unix(sshd:auth): authentication failure; logname= uid=0 euid=0 tty=ssh ruser= rhost=43.255.190.172  user=root
Apr 11 12:12:40 ovzhost sshd[1544]: Failed password for root from 43.255.190.172 port 41632 ssh2
Apr 11 12:12:42 ovzhost sshd[1542]: message repeated 2 times: [ Failed password for root from 43.255.190.125 port 41763 ssh2]
Apr 11 12:12:43 ovzhost sshd[1542]: Received disconnect from 43.255.190.125: 11:  [preauth]
Apr 11 12:12:43 ovzhost sshd[1542]: PAM 2 more authentication failures; logname= uid=0 euid=0 tty=ssh ruser= rhost=43.255.190.125  user=root
Apr 11 12:12:43 ovzhost sshd[1546]: pam_unix(sshd:auth): authentication failure; logname= uid=0 euid=0 tty=ssh ruser= rhost=43.255.190.125  user=root
Apr 11 12:12:45 ovzhost sshd[1544]: message repeated 2 times: [ Failed password for root from 43.255.190.172 port 41632 ssh2]
Apr 11 12:12:45 ovzhost sshd[1544]: Received disconnect from 43.255.190.172: 11:  [preauth]
Apr 11 12:12:45 ovzhost sshd[1544]: PAM 2 more authentication failures; logname= uid=0 euid=0 tty=ssh ruser= rhost=43.255.190.172  user=root
Apr 11 12:12:45 ovzhost sshd[1546]: Failed password for root from 43.255.190.125 port 60858 ssh2
Apr 11 12:12:45 ovzhost sshd[1548]: pam_unix(sshd:auth): authentication failure; logname= uid=0 euid=0 tty=ssh ruser= rhost=43.255.190.172  user=root
Apr 11 12:12:47 ovzhost sshd[1548]: Failed password for root from 43.255.190.172 port 35882 ssh2
Apr 11 12:12:50 ovzhost sshd[1546]: message repeated 2 times: [ Failed password for root from 43.255.190.125 port 60858 ssh2]
Apr 11 12:12:50 ovzhost sshd[1546]: Received disconnect from 43.255.190.125: 11:  [preauth]
Apr 11 12:12:50 ovzhost sshd[1546]: PAM 2 more authentication failures; logname= uid=0 euid=0 tty=ssh ruser= rhost=43.255.190.125  user=root
Apr 11 12:12:51 ovzhost sshd[1550]: pam_unix(sshd:auth): authentication failure; logname= uid=0 euid=0 tty=ssh ruser= rhost=43.255.190.125  user=root
Apr 11 12:12:52 ovzhost sshd[1548]: message repeated 2 times: [ Failed password for root from 43.255.190.172 port 35882 ssh2]
Apr 11 12:12:52 ovzhost sshd[1548]: Received disconnect from 43.255.190.172: 11:  [preauth]
Apr 11 12:12:52 ovzhost sshd[1548]: PAM 2 more authentication failures; logname= uid=0 euid=0 tty=ssh ruser= rhost=43.255.190.172  user=root
Apr 11 12:12:53 ovzhost sshd[1552]: pam_unix(sshd:auth): authentication failure; logname= uid=0 euid=0 tty=ssh ruser= rhost=43.255.190.172  user=root
Apr 11 12:12:53 ovzhost sshd[1550]: Failed password for root from 43.255.190.125 port 50901 ssh2
Apr 11 12:12:55 ovzhost sshd[1552]: Failed password for root from 43.255.190.172 port 56533 ssh2
Apr 11 12:12:58 ovzhost sshd[1550]: message repeated 2 times: [ Failed password for root from 43.255.190.125 port 50901 ssh2]
Apr 11 12:12:58 ovzhost sshd[1550]: Received disconnect from 43.255.190.125: 11:  [preauth]
Apr 11 12:12:58 ovzhost sshd[1550]: PAM 2 more authentication failures; logname= uid=0 euid=0 tty=ssh ruser= rhost=43.255.190.125  user=root
Apr 11 12:12:58 ovzhost sshd[1554]: pam_unix(sshd:auth): authentication failure; logname= uid=0 euid=0 tty=ssh ruser= rhost=43.255.190.125  user=root
Apr 11 12:13:00 ovzhost sshd[1552]: message repeated 2 times: [ Failed password for root from 43.255.190.172 port 56533 ssh2]
Apr 11 12:13:00 ovzhost sshd[1552]: Received disconnect from 43.255.190.172: 11:  [preauth]
Apr 11 12:13:00 ovzhost sshd[1552]: PAM 2 more authentication failures; logname= uid=0 euid=0 tty=ssh ruser= rhost=43.255.190.172  user=root
Apr 11 12:13:01 ovzhost sshd[1554]: Failed password for root from 43.255.190.125 port 40766 ssh2
Apr 11 12:13:01 ovzhost sshd[1556]: pam_unix(sshd:auth): authentication failure; logname= uid=0 euid=0 tty=ssh ruser= rhost=43.255.190.172  user=root
Apr 11 12:13:03 ovzhost sshd[1556]: Failed password for root from 43.255.190.172 port 49595 ssh2
Apr 11 12:13:06 ovzhost sshd[1554]: message repeated 2 times: [ Failed password for root from 43.255.190.125 port 40766 ssh2]
Apr 11 12:13:06 ovzhost sshd[1554]: Received disconnect from 43.255.190.125: 11:  [preauth]
Apr 11 12:13:06 ovzhost sshd[1554]: PAM 2 more authentication failures; logname= uid=0 euid=0 tty=ssh ruser= rhost=43.255.190.125  user=root
Apr 11 12:13:06 ovzhost sshd[1558]: pam_unix(sshd:auth): authentication failure; logname= uid=0 euid=0 tty=ssh ruser= rhost=43.255.190.125  user=root
Apr 11 12:13:08 ovzhost sshd[1556]: message repeated 2 times: [ Failed password for root from 43.255.190.172 port 49595 ssh2]
Apr 11 12:13:08 ovzhost sshd[1556]: Received disconnect from 43.255.190.172: 11:  [preauth]
Apr 11 12:13:08 ovzhost sshd[1556]: PAM 2 more authentication failures; logname= uid=0 euid=0 tty=ssh ruser= rhost=43.255.190.172  user=root
Apr 11 12:13:08 ovzhost sshd[1558]: Failed password for root from 43.255.190.125 port 58989 ssh2
Apr 11 12:13:08 ovzhost sshd[1560]: pam_unix(sshd:auth): authentication failure; logname= uid=0 euid=0 tty=ssh ruser= rhost=43.255.190.172  user=root
Apr 11 12:13:10 ovzhost sshd[1560]: Failed password for root from 43.255.190.172 port 41019 ssh2
Apr 11 12:13:12 ovzhost sshd[1558]: message repeated 2 times: [ Failed password for root from 43.255.190.125 port 58989 ssh2]
Apr 11 12:13:12 ovzhost sshd[1558]: Received disconnect from 43.255.190.125: 11:  [preauth]
Apr 11 12:13:12 ovzhost sshd[1558]: PAM 2 more authentication failures; logname= uid=0 euid=0 tty=ssh ruser= rhost=43.255.190.125  user=root
Apr 11 12:13:13 ovzhost sshd[1563]: pam_unix(sshd:auth): authentication failure; logname= uid=0 euid=0 tty=ssh ruser= rhost=43.255.190.125  user=root
Apr 11 12:13:14 ovzhost sshd[1563]: Failed password for root from 43.255.190.125 port 45905 ssh2
Apr 11 12:13:15 ovzhost sshd[1560]: message repeated 2 times: [ Failed password for root from 43.255.190.172 port 41019 ssh2]
Apr 11 12:13:15 ovzhost sshd[1560]: Received disconnect from 43.255.190.172: 11:  [preauth]
Apr 11 12:13:15 ovzhost sshd[1560]: PAM 2 more authentication failures; logname= uid=0 euid=0 tty=ssh ruser= rhost=43.255.190.172  user=root
Apr 11 12:13:15 ovzhost sshd[1565]: pam_unix(sshd:auth): authentication failure; logname= uid=0 euid=0 tty=ssh ruser= rhost=43.255.190.172  user=root
Apr 11 12:13:17 ovzhost sshd[1565]: Failed password for root from 43.255.190.172 port 32775 ssh2
Apr 11 12:13:20 ovzhost sshd[1563]: message repeated 2 times: [ Failed password for root from 43.255.190.125 port 45905 ssh2]
Apr 11 12:13:20 ovzhost sshd[1563]: Received disconnect from 43.255.190.125: 11:  [preauth]
Apr 11 12:13:20 ovzhost sshd[1563]: PAM 2 more authentication failures; logname= uid=0 euid=0 tty=ssh ruser= rhost=43.255.190.125  user=root
Apr 11 12:13:20 ovzhost sshd[1567]: pam_unix(sshd:auth): authentication failure; logname= uid=0 euid=0 tty=ssh ruser= rhost=43.255.190.125  user=root
Apr 11 12:13:22 ovzhost sshd[1567]: Failed password for root from 43.255.190.125 port 34411 ssh2
Apr 11 12:13:22 ovzhost sshd[1565]: message repeated 2 times: [ Failed password for root from 43.255.190.172 port 32775 ssh2]
Apr 11 12:13:22 ovzhost sshd[1565]: Received disconnect from 43.255.190.172: 11:  [preauth]
Apr 11 12:13:22 ovzhost sshd[1565]: PAM 2 more authentication failures; logname= uid=0 euid=0 tty=ssh ruser= rhost=43.255.190.172  user=root
Apr 11 12:13:23 ovzhost sshd[1569]: pam_unix(sshd:auth): authentication failure; logname= uid=0 euid=0 tty=ssh ruser= rhost=43.255.190.172  user=root
Apr 11 12:13:25 ovzhost sshd[1569]: Failed password for root from 43.255.190.172 port 53572 ssh2
Apr 11 12:13:26 ovzhost sshd[1567]: message repeated 2 times: [ Failed password for root from 43.255.190.125 port 34411 ssh2]
Apr 11 12:13:26 ovzhost sshd[1567]: Received disconnect from 43.255.190.125: 11:  [preauth]
Apr 11 12:13:26 ovzhost sshd[1567]: PAM 2 more authentication failures; logname= uid=0 euid=0 tty=ssh ruser= rhost=43.255.190.125  user=root
Apr 11 12:13:28 ovzhost sshd[1571]: pam_unix(sshd:auth): authentication failure; logname= uid=0 euid=0 tty=ssh ruser= rhost=43.255.190.125  user=root
Apr 11 12:13:30 ovzhost sshd[1571]: Failed password for root from 43.255.190.125 port 50259 ssh2
Apr 11 12:13:30 ovzhost sshd[1569]: message repeated 2 times: [ Failed password for root from 43.255.190.172 port 53572 ssh2]
Apr 11 12:13:30 ovzhost sshd[1569]: Received disconnect from 43.255.190.172: 11:  [preauth]
Apr 11 12:13:30 ovzhost sshd[1569]: PAM 2 more authentication failures; logname= uid=0 euid=0 tty=ssh ruser= rhost=43.255.190.172  user=root
Apr 11 12:13:31 ovzhost sshd[1573]: pam_unix(sshd:auth): authentication failure; logname= uid=0 euid=0 tty=ssh ruser= rhost=43.255.190.172  user=root
Apr 11 12:13:33 ovzhost sshd[1573]: Failed password for root from 43.255.190.172 port 44911 ssh2
Apr 11 12:13:34 ovzhost sshd[1571]: message repeated 2 times: [ Failed password for root from 43.255.190.125 port 50259 ssh2]
Apr 11 12:13:34 ovzhost sshd[1571]: Received disconnect from 43.255.190.125: 11:  [preauth]
Apr 11 12:13:34 ovzhost sshd[1571]: PAM 2 more authentication failures; logname= uid=0 euid=0 tty=ssh ruser= rhost=43.255.190.125  user=root
Apr 11 12:13:34 ovzhost sshd[1577]: pam_unix(sshd:auth): authentication failure; logname= uid=0 euid=0 tty=ssh ruser= rhost=43.255.190.125  user=root
Apr 11 12:13:36 ovzhost sshd[1577]: Failed password for root from 43.255.190.125 port 38524 ssh2
Apr 11 12:13:38 ovzhost sshd[1573]: message repeated 2 times: [ Failed password for root from 43.255.190.172 port 44911 ssh2]
Apr 11 12:13:38 ovzhost sshd[1573]: Received disconnect from 43.255.190.172: 11:  [preauth]
Apr 11 12:13:38 ovzhost sshd[1573]: PAM 2 more authentication failures; logname= uid=0 euid=0 tty=ssh ruser= rhost=43.255.190.172  user=root
Apr 11 12:13:38 ovzhost sshd[1579]: pam_unix(sshd:auth): authentication failure; logname= uid=0 euid=0 tty=ssh ruser= rhost=43.255.190.172  user=root
Apr 11 12:13:40 ovzhost sshd[1577]: message repeated 2 times: [ Failed password for root from 43.255.190.125 port 38524 ssh2]
Apr 11 12:13:40 ovzhost sshd[1577]: Received disconnect from 43.255.190.125: 11:  [preauth]
Apr 11 12:13:40 ovzhost sshd[1577]: PAM 2 more authentication failures; logname= uid=0 euid=0 tty=ssh ruser= rhost=43.255.190.125  user=root
Apr 11 12:13:41 ovzhost sshd[1579]: Failed password for root from 43.255.190.172 port 40274 ssh2
Apr 11 12:13:41 ovzhost sshd[1581]: pam_unix(sshd:auth): authentication failure; logname= uid=0 euid=0 tty=ssh ruser= rhost=43.255.190.125  user=root
Apr 11 12:13:41 ovzhost sshd[1583]: reverse mapping checking getaddrinfo for 153-127-166-207-ptr.centennialpr.net [207.166.127.153] failed - POSSIBLE BREAK-IN ATTEMPT!
Apr 11 12:13:41 ovzhost sshd[1583]: Invalid user mike from 207.166.127.153
Apr 11 12:13:41 ovzhost sshd[1583]: input_userauth_request: invalid user mike [preauth]
Apr 11 12:13:41 ovzhost sshd[1583]: pam_unix(sshd:auth): check pass; user unknown
Apr 11 12:13:41 ovzhost sshd[1583]: pam_unix(sshd:auth): authentication failure; logname= uid=0 euid=0 tty=ssh ruser= rhost=207.166.127.153 
Apr 11 12:13:44 ovzhost sshd[1581]: Failed password for root from 43.255.190.125 port 53862 ssh2
Apr 11 12:13:44 ovzhost sshd[1583]: Failed password for invalid user mike from 207.166.127.153 port 41316 ssh2
Apr 11 12:13:44 ovzhost sshd[1583]: Connection closed by 207.166.127.153 [preauth]
Apr 11 12:13:45 ovzhost sshd[1579]: message repeated 2 times: [ Failed password for root from 43.255.190.172 port 40274 ssh2]
Apr 11 12:13:45 ovzhost sshd[1579]: Received disconnect from 43.255.190.172: 11:  [preauth]
Apr 11 12:13:45 ovzhost sshd[1579]: PAM 2 more authentication failures; logname= uid=0 euid=0 tty=ssh ruser= rhost=43.255.190.172  user=root
Apr 11 12:13:46 ovzhost sshd[1585]: pam_unix(sshd:auth): authentication failure; logname= uid=0 euid=0 tty=ssh ruser= rhost=43.255.190.172  user=root
Apr 11 12:13:47 ovzhost sshd[1581]: message repeated 2 times: [ Failed password for root from 43.255.190.125 port 53862 ssh2]
Apr 11 12:13:47 ovzhost sshd[1581]: Received disconnect from 43.255.190.125: 11:  [preauth]
Apr 11 12:13:47 ovzhost sshd[1581]: PAM 2 more authentication failures; logname= uid=0 euid=0 tty=ssh ruser= rhost=43.255.190.125  user=root
Apr 11 12:13:48 ovzhost sshd[1587]: pam_unix(sshd:auth): authentication failure; logname= uid=0 euid=0 tty=ssh ruser= rhost=43.255.190.125  user=root
Apr 11 12:13:48 ovzhost sshd[1585]: Failed password for root from 43.255.190.172 port 33857 ssh2
Apr 11 12:13:50 ovzhost sshd[1587]: Failed password for root from 43.255.190.125 port 41987 ssh2
Apr 11 12:13:53 ovzhost sshd[1585]: message repeated 2 times: [ Failed password for root from 43.255.190.172 port 33857 ssh2]
Apr 11 12:13:53 ovzhost sshd[1585]: Received disconnect from 43.255.190.172: 11:  [preauth]
Apr 11 12:13:53 ovzhost sshd[1585]: PAM 2 more authentication failures; logname= uid=0 euid=0 tty=ssh ruser= rhost=43.255.190.172  user=root
Apr 11 12:13:53 ovzhost sshd[1589]: pam_unix(sshd:auth): authentication failure; logname= uid=0 euid=0 tty=ssh ruser= rhost=43.255.190.172  user=root
Apr 11 12:13:55 ovzhost sshd[1587]: message repeated 2 times: [ Failed password for root from 43.255.190.125 port 41987 ssh2]
Apr 11 12:13:55 ovzhost sshd[1587]: Received disconnect from 43.255.190.125: 11:  [preauth]
Apr 11 12:13:55 ovzhost sshd[1587]: PAM 2 more authentication failures; logname= uid=0 euid=0 tty=ssh ruser= rhost=43.255.190.125  user=root
Apr 11 12:13:56 ovzhost sshd[1589]: Failed password for root from 43.255.190.172 port 55427 ssh2
Apr 11 12:13:56 ovzhost sshd[1591]: pam_unix(sshd:auth): authentication failure; logname= uid=0 euid=0 tty=ssh ruser= rhost=43.255.190.125  user=root
Apr 11 12:13:58 ovzhost sshd[1591]: Failed password for root from 43.255.190.125 port 58951 ssh2
Apr 11 12:14:00 ovzhost sshd[1589]: message repeated 2 times: [ Failed password for root from 43.255.190.172 port 55427 ssh2]
Apr 11 12:14:00 ovzhost sshd[1589]: Received disconnect from 43.255.190.172: 11:  [preauth]
Apr 11 12:14:00 ovzhost sshd[1589]: PAM 2 more authentication failures; logname= uid=0 euid=0 tty=ssh ruser= rhost=43.255.190.172  user=root
Apr 11 12:14:01 ovzhost sshd[1593]: pam_unix(sshd:auth): authentication failure; logname= uid=0 euid=0 tty=ssh ruser= rhost=43.255.190.172  user=root
Apr 11 12:14:03 ovzhost sshd[1591]: message repeated 2 times: [ Failed password for root from 43.255.190.125 port 58951 ssh2]
Apr 11 12:14:03 ovzhost sshd[1591]: Received disconnect from 43.255.190.125: 11:  [preauth]
Apr 11 12:14:03 ovzhost sshd[1591]: PAM 2 more authentication failures; logname= uid=0 euid=0 tty=ssh ruser= rhost=43.255.190.125  user=root
Apr 11 12:14:03 ovzhost sshd[1593]: Failed password for root from 43.255.190.172 port 49470 ssh2
Apr 11 12:14:03 ovzhost sshd[1595]: pam_unix(sshd:auth): authentication failure; logname= uid=0 euid=0 tty=ssh ruser= rhost=43.255.190.125  user=root
Apr 11 12:14:05 ovzhost sshd[1595]: Failed password for root from 43.255.190.125 port 47515 ssh2
Apr 11 12:14:07 ovzhost sshd[1593]: message repeated 2 times: [ Failed password for root from 43.255.190.172 port 49470 ssh2]
Apr 11 12:14:07 ovzhost sshd[1593]: Received disconnect from 43.255.190.172: 11:  [preauth]
Apr 11 12:14:07 ovzhost sshd[1593]: PAM 2 more authentication failures; logname= uid=0 euid=0 tty=ssh ruser= rhost=43.255.190.172  user=root
Apr 11 12:14:08 ovzhost sshd[1599]: pam_unix(sshd:auth): authentication failure; logname= uid=0 euid=0 tty=ssh ruser= rhost=43.255.190.172  user=root
Apr 11 12:14:09 ovzhost sshd[1595]: message repeated 2 times: [ Failed password for root from 43.255.190.125 port 47515 ssh2]
Apr 11 12:14:09 ovzhost sshd[1595]: Received disconnect from 43.255.190.125: 11:  [preauth]
Apr 11 12:14:09 ovzhost sshd[1595]: PAM 2 more authentication failures; logname= uid=0 euid=0 tty=ssh ruser= rhost=43.255.190.125  user=root
Apr 11 12:14:10 ovzhost sshd[1599]: Failed password for root from 43.255.190.172 port 41857 ssh2
Apr 11 12:14:10 ovzhost sshd[1603]: pam_unix(sshd:auth): authentication failure; logname= uid=0 euid=0 tty=ssh ruser= rhost=43.255.190.125  user=root
Apr 11 12:14:12 ovzhost sshd[1603]: Failed password for root from 43.255.190.125 port 35468 ssh2
Apr 11 12:14:14 ovzhost sshd[1599]: message repeated 2 times: [ Failed password for root from 43.255.190.172 port 41857 ssh2]
Apr 11 12:14:14 ovzhost sshd[1599]: Received disconnect from 43.255.190.172: 11:  [preauth]
Apr 11 12:14:14 ovzhost sshd[1599]: PAM 2 more authentication failures; logname= uid=0 euid=0 tty=ssh ruser= rhost=43.255.190.172  user=root
Apr 11 12:14:15 ovzhost sshd[1605]: pam_unix(sshd:auth): authentication failure; logname= uid=0 euid=0 tty=ssh ruser= rhost=43.255.190.172  user=root
Apr 11 12:14:16 ovzhost sshd[1603]: message repeated 2 times: [ Failed password for root from 43.255.190.125 port 35468 ssh2]
Apr 11 12:14:16 ovzhost sshd[1603]: Received disconnect from 43.255.190.125: 11:  [preauth]
Apr 11 12:14:16 ovzhost sshd[1603]: PAM 2 more authentication failures; logname= uid=0 euid=0 tty=ssh ruser= rhost=43.255.190.125  user=root
Apr 11 12:14:17 ovzhost sshd[1607]: pam_unix(sshd:auth): authentication failure; logname= uid=0 euid=0 tty=ssh ruser= rhost=43.255.190.125  user=root
Apr 11 12:14:17 ovzhost sshd[1605]: Failed password for root from 43.255.190.172 port 33513 ssh2
Apr 11 12:14:19 ovzhost sshd[1607]: Failed password for root from 43.255.190.125 port 51097 ssh2
Apr 11 12:14:21 ovzhost sshd[1605]: message repeated 2 times: [ Failed password for root from 43.255.190.172 port 33513 ssh2]
Apr 11 12:14:21 ovzhost sshd[1605]: Received disconnect from 43.255.190.172: 11:  [preauth]
Apr 11 12:14:21 ovzhost sshd[1605]: PAM 2 more authentication failures; logname= uid=0 euid=0 tty=ssh ruser= rhost=43.255.190.172  user=root
Apr 11 12:14:21 ovzhost sshd[1609]: pam_unix(sshd:auth): authentication failure; logname= uid=0 euid=0 tty=ssh ruser= rhost=43.255.190.172  user=root
Apr 11 12:14:23 ovzhost sshd[1607]: message repeated 2 times: [ Failed password for root from 43.255.190.125 port 51097 ssh2]
Apr 11 12:14:23 ovzhost sshd[1607]: Received disconnect from 43.255.190.125: 11:  [preauth]
Apr 11 12:14:23 ovzhost sshd[1607]: PAM 2 more authentication failures; logname= uid=0 euid=0 tty=ssh ruser= rhost=43.255.190.125  user=root
Apr 11 12:14:23 ovzhost sshd[1611]: pam_unix(sshd:auth): authentication failure; logname= uid=0 euid=0 tty=ssh ruser= rhost=43.255.190.125  user=root
Apr 11 12:14:24 ovzhost sshd[1609]: Failed password for root from 43.255.190.172 port 51738 ssh2
Apr 11 12:14:26 ovzhost sshd[1611]: Failed password for root from 43.255.190.125 port 38277 ssh2
Apr 11 12:14:28 ovzhost sshd[1609]: message repeated 2 times: [ Failed password for root from 43.255.190.172 port 51738 ssh2]
Apr 11 12:14:28 ovzhost sshd[1609]: Received disconnect from 43.255.190.172: 11:  [preauth]
Apr 11 12:14:28 ovzhost sshd[1609]: PAM 2 more authentication failures; logname= uid=0 euid=0 tty=ssh ruser= rhost=43.255.190.172  user=root
Apr 11 12:14:28 ovzhost sshd[1613]: pam_unix(sshd:auth): authentication failure; logname= uid=0 euid=0 tty=ssh ruser= rhost=43.255.190.172  user=root
Apr 11 12:14:30 ovzhost sshd[1613]: Failed password for root from 43.255.190.172 port 41617 ssh2
Apr 11 12:14:30 ovzhost sshd[1611]: message repeated 2 times: [ Failed password for root from 43.255.190.125 port 38277 ssh2]
Apr 11 12:14:30 ovzhost sshd[1611]: Received disconnect from 43.255.190.125: 11:  [preauth]
Apr 11 12:14:30 ovzhost sshd[1611]: PAM 2 more authentication failures; logname= uid=0 euid=0 tty=ssh ruser= rhost=43.255.190.125  user=root
Apr 11 12:14:31 ovzhost sshd[1615]: pam_unix(sshd:auth): authentication failure; logname= uid=0 euid=0 tty=ssh ruser= rhost=43.255.190.125  user=root
Apr 11 12:14:32 ovzhost sshd[1615]: Failed password for root from 43.255.190.125 port 55640 ssh2
Apr 11 12:14:34 ovzhost sshd[1613]: message repeated 2 times: [ Failed password for root from 43.255.190.172 port 41617 ssh2]
Apr 11 12:14:34 ovzhost sshd[1613]: Received disconnect from 43.255.190.172: 11:  [preauth]
Apr 11 12:14:34 ovzhost sshd[1613]: PAM 2 more authentication failures; logname= uid=0 euid=0 tty=ssh ruser= rhost=43.255.190.172  user=root
Apr 11 12:14:35 ovzhost sshd[1617]: pam_unix(sshd:auth): authentication failure; logname= uid=0 euid=0 tty=ssh ruser= rhost=43.255.190.172  user=root
Apr 11 12:14:37 ovzhost sshd[1615]: message repeated 2 times: [ Failed password for root from 43.255.190.125 port 55640 ssh2]
Apr 11 12:14:37 ovzhost sshd[1615]: Received disconnect from 43.255.190.125: 11:  [preauth]
Apr 11 12:14:37 ovzhost sshd[1615]: PAM 2 more authentication failures; logname= uid=0 euid=0 tty=ssh ruser= rhost=43.255.190.125  user=root
Apr 11 12:14:37 ovzhost sshd[1617]: Failed password for root from 43.255.190.172 port 59574 ssh2
Apr 11 12:14:38 ovzhost sshd[1619]: pam_unix(sshd:auth): authentication failure; logname= uid=0 euid=0 tty=ssh ruser= rhost=43.255.190.125  user=root
Apr 11 12:14:39 ovzhost sshd[1619]: Failed password for root from 43.255.190.125 port 43487 ssh2
Apr 11 12:14:41 ovzhost sshd[1617]: message repeated 2 times: [ Failed password for root from 43.255.190.172 port 59574 ssh2]
Apr 11 12:14:41 ovzhost sshd[1617]: Received disconnect from 43.255.190.172: 11:  [preauth]
Apr 11 12:14:41 ovzhost sshd[1617]: PAM 2 more authentication failures; logname= uid=0 euid=0 tty=ssh ruser= rhost=43.255.190.172  user=root
Apr 11 12:14:43 ovzhost sshd[1621]: pam_unix(sshd:auth): authentication failure; logname= uid=0 euid=0 tty=ssh ruser= rhost=43.255.190.172  user=root
Apr 11 12:14:43 ovzhost sshd[1619]: message repeated 2 times: [ Failed password for root from 43.255.190.125 port 43487 ssh2]
Apr 11 12:14:43 ovzhost sshd[1619]: Received disconnect from 43.255.190.125: 11:  [preauth]
Apr 11 12:14:43 ovzhost sshd[1619]: PAM 2 more authentication failures; logname= uid=0 euid=0 tty=ssh ruser= rhost=43.255.190.125  user=root
Apr 11 12:14:44 ovzhost sshd[1623]: pam_unix(sshd:auth): authentication failure; logname= uid=0 euid=0 tty=ssh ruser= rhost=43.255.190.125  user=root
Apr 11 12:14:45 ovzhost sshd[1621]: Failed password for root from 43.255.190.172 port 51378 ssh2
Apr 11 12:14:46 ovzhost sshd[1623]: Failed password for root from 43.255.190.125 port 58894 ssh2
Apr 11 12:14:49 ovzhost sshd[1621]: message repeated 2 times: [ Failed password for root from 43.255.190.172 port 51378 ssh2]
Apr 11 12:14:49 ovzhost sshd[1621]: Received disconnect from 43.255.190.172: 11:  [preauth]
Apr 11 12:14:49 ovzhost sshd[1621]: PAM 2 more authentication failures; logname= uid=0 euid=0 tty=ssh ruser= rhost=43.255.190.172  user=root
Apr 11 12:14:50 ovzhost sshd[1625]: pam_unix(sshd:auth): authentication failure; logname= uid=0 euid=0 tty=ssh ruser= rhost=43.255.190.172  user=root
Apr 11 12:14:50 ovzhost sshd[1623]: message repeated 2 times: [ Failed password for root from 43.255.190.125 port 58894 ssh2]
Apr 11 12:14:50 ovzhost sshd[1623]: Received disconnect from 43.255.190.125: 11:  [preauth]
Apr 11 12:14:50 ovzhost sshd[1623]: PAM 2 more authentication failures; logname= uid=0 euid=0 tty=ssh ruser= rhost=43.255.190.125  user=root
Apr 11 12:14:51 ovzhost sshd[1627]: pam_unix(sshd:auth): authentication failure; logname= uid=0 euid=0 tty=ssh ruser= rhost=43.255.190.125  user=root
Apr 11 12:14:52 ovzhost sshd[1625]: Failed password for root from 43.255.190.172 port 44107 ssh2
Apr 11 12:14:53 ovzhost sshd[1627]: Failed password for root from 43.255.190.125 port 45267 ssh2
Apr 11 12:14:56 ovzhost sshd[1625]: message repeated 2 times: [ Failed password for root from 43.255.190.172 port 44107 ssh2]
Apr 11 12:14:56 ovzhost sshd[1625]: Received disconnect from 43.255.190.172: 11:  [preauth]
Apr 11 12:14:56 ovzhost sshd[1625]: PAM 2 more authentication failures; logname= uid=0 euid=0 tty=ssh ruser= rhost=43.255.190.172  user=root
Apr 11 12:14:56 ovzhost sshd[1629]: pam_unix(sshd:auth): authentication failure; logname= uid=0 euid=0 tty=ssh ruser= rhost=43.255.190.172  user=root
Apr 11 12:14:57 ovzhost sshd[1627]: message repeated 2 times: [ Failed password for root from 43.255.190.125 port 45267 ssh2]
Apr 11 12:14:57 ovzhost sshd[1627]: Received disconnect from 43.255.190.125: 11:  [preauth]
Apr 11 12:14:57 ovzhost sshd[1627]: PAM 2 more authentication failures; logname= uid=0 euid=0 tty=ssh ruser= rhost=43.255.190.125  user=root
Apr 11 12:14:57 ovzhost sshd[1631]: pam_unix(sshd:auth): authentication failure; logname= uid=0 euid=0 tty=ssh ruser= rhost=43.255.190.125  user=root
Apr 11 12:14:58 ovzhost sshd[1629]: Failed password for root from 43.255.190.172 port 34473 ssh2
Apr 11 12:15:00 ovzhost sshd[1631]: Failed password for root from 43.255.190.125 port 60328 ssh2
Apr 11 12:15:03 ovzhost sshd[1629]: message repeated 2 times: [ Failed password for root from 43.255.190.172 port 34473 ssh2]
Apr 11 12:15:03 ovzhost sshd[1629]: Received disconnect from 43.255.190.172: 11:  [preauth]
Apr 11 12:15:03 ovzhost sshd[1629]: PAM 2 more authentication failures; logname= uid=0 euid=0 tty=ssh ruser= rhost=43.255.190.172  user=root
Apr 11 12:15:03 ovzhost sshd[1631]: message repeated 2 times: [ Failed password for root from 43.255.190.125 port 60328 ssh2]
Apr 11 12:15:04 ovzhost sshd[1631]: Received disconnect from 43.255.190.125: 11:  [preauth]
Apr 11 12:15:04 ovzhost sshd[1631]: PAM 2 more authentication failures; logname= uid=0 euid=0 tty=ssh ruser= rhost=43.255.190.125  user=root
Apr 11 12:15:04 ovzhost sshd[1633]: pam_unix(sshd:auth): authentication failure; logname= uid=0 euid=0 tty=ssh ruser= rhost=43.255.190.172  user=root
Apr 11 12:15:05 ovzhost sshd[1635]: pam_unix(sshd:auth): authentication failure; logname= uid=0 euid=0 tty=ssh ruser= rhost=43.255.190.125  user=root
Apr 11 12:15:06 ovzhost sshd[1633]: Failed password for root from 43.255.190.172 port 54321 ssh2
Apr 11 12:15:07 ovzhost sshd[1635]: Failed password for root from 43.255.190.125 port 46807 ssh2
Apr 11 12:15:10 ovzhost sshd[1633]: message repeated 2 times: [ Failed password for root from 43.255.190.172 port 54321 ssh2]
Apr 11 12:15:10 ovzhost sshd[1633]: Received disconnect from 43.255.190.172: 11:  [preauth]
Apr 11 12:15:10 ovzhost sshd[1633]: PAM 2 more authentication failures; logname= uid=0 euid=0 tty=ssh ruser= rhost=43.255.190.172  user=root
Apr 11 12:15:10 ovzhost sshd[1639]: pam_unix(sshd:auth): authentication failure; logname= uid=0 euid=0 tty=ssh ruser= rhost=43.255.190.172  user=root
Apr 11 12:15:11 ovzhost sshd[1635]: message repeated 2 times: [ Failed password for root from 43.255.190.125 port 46807 ssh2]
Apr 11 12:15:11 ovzhost sshd[1635]: Received disconnect from 43.255.190.125: 11:  [preauth]
Apr 11 12:15:11 ovzhost sshd[1635]: PAM 2 more authentication failures; logname= uid=0 euid=0 tty=ssh ruser= rhost=43.255.190.125  user=root
Apr 11 12:15:12 ovzhost sshd[1642]: pam_unix(sshd:auth): authentication failure; logname= uid=0 euid=0 tty=ssh ruser= rhost=43.255.190.125  user=root
Apr 11 12:15:13 ovzhost sshd[1639]: Failed password for root from 43.255.190.172 port 42535 ssh2
Apr 11 12:15:14 ovzhost sshd[1642]: Failed password for root from 43.255.190.125 port 34621 ssh2
Apr 11 12:15:17 ovzhost sshd[1639]: message repeated 2 times: [ Failed password for root from 43.255.190.172 port 42535 ssh2]
Apr 11 12:15:17 ovzhost sshd[1639]: Received disconnect from 43.255.190.172: 11:  [preauth]
Apr 11 12:15:17 ovzhost sshd[1639]: PAM 2 more authentication failures; logname= uid=0 euid=0 tty=ssh ruser= rhost=43.255.190.172  user=root
Apr 11 12:15:17 ovzhost sshd[1642]: message repeated 2 times: [ Failed password for root from 43.255.190.125 port 34621 ssh2]
Apr 11 12:15:17 ovzhost sshd[1642]: Received disconnect from 43.255.190.125: 11:  [preauth]
Apr 11 12:15:17 ovzhost sshd[1642]: PAM 2 more authentication failures; logname= uid=0 euid=0 tty=ssh ruser= rhost=43.255.190.125  user=root
Apr 11 12:15:18 ovzhost sshd[1644]: pam_unix(sshd:auth): authentication failure; logname= uid=0 euid=0 tty=ssh ruser= rhost=43.255.190.172  user=root
Apr 11 12:15:18 ovzhost sshd[1646]: pam_unix(sshd:auth): authentication failure; logname= uid=0 euid=0 tty=ssh ruser= rhost=43.255.190.125  user=root
Apr 11 12:15:19 ovzhost sshd[1644]: Failed password for root from 43.255.190.172 port 33967 ssh2
Apr 11 12:15:20 ovzhost sshd[1646]: Failed password for root from 43.255.190.125 port 50310 ssh2
Apr 11 12:15:23 ovzhost sshd[1644]: message repeated 2 times: [ Failed password for root from 43.255.190.172 port 33967 ssh2]
Apr 11 12:15:23 ovzhost sshd[1644]: Received disconnect from 43.255.190.172: 11:  [preauth]
Apr 11 12:15:23 ovzhost sshd[1644]: PAM 2 more authentication failures; logname= uid=0 euid=0 tty=ssh ruser= rhost=43.255.190.172  user=root
Apr 11 12:15:24 ovzhost sshd[1648]: pam_unix(sshd:auth): authentication failure; logname= uid=0 euid=0 tty=ssh ruser= rhost=43.255.190.172  user=root
Apr 11 12:15:24 ovzhost sshd[1646]: message repeated 2 times: [ Failed password for root from 43.255.190.125 port 50310 ssh2]
Apr 11 12:15:24 ovzhost sshd[1646]: Received disconnect from 43.255.190.125: 11:  [preauth]
Apr 11 12:15:24 ovzhost sshd[1646]: PAM 2 more authentication failures; logname= uid=0 euid=0 tty=ssh ruser= rhost=43.255.190.125  user=root
Apr 11 12:15:25 ovzhost sshd[1650]: pam_unix(sshd:auth): authentication failure; logname= uid=0 euid=0 tty=ssh ruser= rhost=43.255.190.125  user=root
Apr 11 12:15:26 ovzhost sshd[1648]: Failed password for root from 43.255.190.172 port 50729 ssh2
Apr 11 12:15:26 ovzhost sshd[1650]: Failed password for root from 43.255.190.125 port 36715 ssh2
Apr 11 12:15:30 ovzhost sshd[1648]: message repeated 2 times: [ Failed password for root from 43.255.190.172 port 50729 ssh2]
Apr 11 12:15:30 ovzhost sshd[1648]: Received disconnect from 43.255.190.172: 11:  [preauth]
Apr 11 12:15:30 ovzhost sshd[1648]: PAM 2 more authentication failures; logname= uid=0 euid=0 tty=ssh ruser= rhost=43.255.190.172  user=root
Apr 11 12:15:30 ovzhost sshd[1650]: message repeated 2 times: [ Failed password for root from 43.255.190.125 port 36715 ssh2]
Apr 11 12:15:31 ovzhost sshd[1650]: Received disconnect from 43.255.190.125: 11:  [preauth]
Apr 11 12:15:31 ovzhost sshd[1650]: PAM 2 more authentication failures; logname= uid=0 euid=0 tty=ssh ruser= rhost=43.255.190.125  user=root
Apr 11 12:15:31 ovzhost sshd[1652]: pam_unix(sshd:auth): authentication failure; logname= uid=0 euid=0 tty=ssh ruser= rhost=43.255.190.172  user=root
Apr 11 12:15:31 ovzhost sshd[1654]: pam_unix(sshd:auth): authentication failure; logname= uid=0 euid=0 tty=ssh ruser= rhost=43.255.190.125  user=root
Apr 11 12:15:33 ovzhost sshd[1652]: Failed password for root from 43.255.190.172 port 40685 ssh2
Apr 11 12:15:33 ovzhost sshd[1654]: Failed password for root from 43.255.190.125 port 52268 ssh2
Apr 11 12:15:37 ovzhost sshd[1652]: message repeated 2 times: [ Failed password for root from 43.255.190.172 port 40685 ssh2]
Apr 11 12:15:37 ovzhost sshd[1652]: Received disconnect from 43.255.190.172: 11:  [preauth]
Apr 11 12:15:37 ovzhost sshd[1652]: PAM 2 more authentication failures; logname= uid=0 euid=0 tty=ssh ruser= rhost=43.255.190.172  user=root
Apr 11 12:15:37 ovzhost sshd[1654]: message repeated 2 times: [ Failed password for root from 43.255.190.125 port 52268 ssh2]
Apr 11 12:15:37 ovzhost sshd[1654]: Received disconnect from 43.255.190.125: 11:  [preauth]
Apr 11 12:15:37 ovzhost sshd[1654]: PAM 2 more authentication failures; logname= uid=0 euid=0 tty=ssh ruser= rhost=43.255.190.125  user=root
Apr 11 12:15:38 ovzhost sshd[1656]: pam_unix(sshd:auth): authentication failure; logname= uid=0 euid=0 tty=ssh ruser= rhost=43.255.190.172  user=root
Apr 11 12:15:38 ovzhost sshd[1658]: pam_unix(sshd:auth): authentication failure; logname= uid=0 euid=0 tty=ssh ruser= rhost=43.255.190.125  user=root
Apr 11 12:15:40 ovzhost sshd[1656]: Failed password for root from 43.255.190.172 port 59851 ssh2
Apr 11 12:15:40 ovzhost sshd[1658]: Failed password for root from 43.255.190.125 port 39570 ssh2
Apr 11 12:15:43 ovzhost sshd[1656]: message repeated 2 times: [ Failed password for root from 43.255.190.172 port 59851 ssh2]
Apr 11 12:15:43 ovzhost sshd[1656]: Received disconnect from 43.255.190.172: 11:  [preauth]
Apr 11 12:15:43 ovzhost sshd[1656]: PAM 2 more authentication failures; logname= uid=0 euid=0 tty=ssh ruser= rhost=43.255.190.172  user=root
Apr 11 12:15:44 ovzhost sshd[1658]: message repeated 2 times: [ Failed password for root from 43.255.190.125 port 39570 ssh2]
Apr 11 12:15:44 ovzhost sshd[1658]: Received disconnect from 43.255.190.125: 11:  [preauth]
Apr 11 12:15:44 ovzhost sshd[1658]: PAM 2 more authentication failures; logname= uid=0 euid=0 tty=ssh ruser= rhost=43.255.190.125  user=root
Apr 11 12:15:44 ovzhost sshd[1660]: pam_unix(sshd:auth): authentication failure; logname= uid=0 euid=0 tty=ssh ruser= rhost=43.255.190.172  user=root
Apr 11 12:15:44 ovzhost sshd[1662]: pam_unix(sshd:auth): authentication failure; logname= uid=0 euid=0 tty=ssh ruser= rhost=43.255.190.125  user=root
Apr 11 12:15:46 ovzhost sshd[1660]: Failed password for root from 43.255.190.172 port 49064 ssh2
Apr 11 12:15:46 ovzhost sshd[1662]: Failed password for root from 43.255.190.125 port 54185 ssh2
Apr 11 12:15:50 ovzhost sshd[1662]: message repeated 2 times: [ Failed password for root from 43.255.190.125 port 54185 ssh2]
Apr 11 12:15:50 ovzhost sshd[1662]: Received disconnect from 43.255.190.125: 11:  [preauth]
Apr 11 12:15:50 ovzhost sshd[1662]: PAM 2 more authentication failures; logname= uid=0 euid=0 tty=ssh ruser= rhost=43.255.190.125  user=root
Apr 11 12:15:50 ovzhost sshd[1660]: message repeated 2 times: [ Failed password for root from 43.255.190.172 port 49064 ssh2]
Apr 11 12:15:50 ovzhost sshd[1660]: Received disconnect from 43.255.190.172: 11:  [preauth]
Apr 11 12:15:50 ovzhost sshd[1660]: PAM 2 more authentication failures; logname= uid=0 euid=0 tty=ssh ruser= rhost=43.255.190.172  user=root
Apr 11 12:15:51 ovzhost sshd[1664]: pam_unix(sshd:auth): authentication failure; logname= uid=0 euid=0 tty=ssh ruser= rhost=43.255.190.125  user=root
Apr 11 12:15:51 ovzhost sshd[1666]: pam_unix(sshd:auth): authentication failure; logname= uid=0 euid=0 tty=ssh ruser= rhost=43.255.190.172  user=root
Apr 11 12:15:53 ovzhost sshd[1664]: Failed password for root from 43.255.190.125 port 40674 ssh2
Apr 11 12:15:53 ovzhost sshd[1666]: Failed password for root from 43.255.190.172 port 39646 ssh2
Apr 11 12:15:57 ovzhost sshd[1664]: message repeated 2 times: [ Failed password for root from 43.255.190.125 port 40674 ssh2]
Apr 11 12:15:57 ovzhost sshd[1664]: Received disconnect from 43.255.190.125: 11:  [preauth]
Apr 11 12:15:57 ovzhost sshd[1664]: PAM 2 more authentication failures; logname= uid=0 euid=0 tty=ssh ruser= rhost=43.255.190.125  user=root
Apr 11 12:15:57 ovzhost sshd[1666]: message repeated 2 times: [ Failed password for root from 43.255.190.172 port 39646 ssh2]
Apr 11 12:15:57 ovzhost sshd[1666]: Received disconnect from 43.255.190.172: 11:  [preauth]
Apr 11 12:15:57 ovzhost sshd[1666]: PAM 2 more authentication failures; logname= uid=0 euid=0 tty=ssh ruser= rhost=43.255.190.172  user=root
Apr 11 12:15:58 ovzhost sshd[1668]: pam_unix(sshd:auth): authentication failure; logname= uid=0 euid=0 tty=ssh ruser= rhost=43.255.190.125  user=root
Apr 11 12:15:58 ovzhost sshd[1670]: pam_unix(sshd:auth): authentication failure; logname= uid=0 euid=0 tty=ssh ruser= rhost=43.255.190.172  user=root
Apr 11 12:16:00 ovzhost sshd[1668]: Failed password for root from 43.255.190.125 port 55426 ssh2
Apr 11 12:16:00 ovzhost sshd[1670]: Failed password for root from 43.255.190.172 port 56301 ssh2
Apr 11 12:16:03 ovzhost sshd[1668]: message repeated 2 times: [ Failed password for root from 43.255.190.125 port 55426 ssh2]
Apr 11 12:16:03 ovzhost sshd[1668]: Received disconnect from 43.255.190.125: 11:  [preauth]
Apr 11 12:16:03 ovzhost sshd[1668]: PAM 2 more authentication failures; logname= uid=0 euid=0 tty=ssh ruser= rhost=43.255.190.125  user=root
Apr 11 12:16:04 ovzhost sshd[1670]: message repeated 2 times: [ Failed password for root from 43.255.190.172 port 56301 ssh2]
Apr 11 12:16:04 ovzhost sshd[1670]: Received disconnect from 43.255.190.172: 11:  [preauth]
Apr 11 12:16:04 ovzhost sshd[1670]: PAM 2 more authentication failures; logname= uid=0 euid=0 tty=ssh ruser= rhost=43.255.190.172  user=root
Apr 11 12:16:04 ovzhost sshd[1672]: pam_unix(sshd:auth): authentication failure; logname= uid=0 euid=0 tty=ssh ruser= rhost=43.255.190.125  user=root
Apr 11 12:16:05 ovzhost sshd[1674]: pam_unix(sshd:auth): authentication failure; logname= uid=0 euid=0 tty=ssh ruser= rhost=43.255.190.172  user=root
Apr 11 12:16:06 ovzhost sshd[1672]: Failed password for root from 43.255.190.125 port 41623 ssh2
Apr 11 12:16:07 ovzhost sshd[1674]: Failed password for root from 43.255.190.172 port 45560 ssh2
Apr 11 12:16:10 ovzhost sshd[1672]: message repeated 2 times: [ Failed password for root from 43.255.190.125 port 41623 ssh2]
Apr 11 12:16:10 ovzhost sshd[1672]: Received disconnect from 43.255.190.125: 11:  [preauth]
Apr 11 12:16:10 ovzhost sshd[1672]: PAM 2 more authentication failures; logname= uid=0 euid=0 tty=ssh ruser= rhost=43.255.190.125  user=root
Apr 11 12:16:11 ovzhost sshd[1676]: pam_unix(sshd:auth): authentication failure; logname= uid=0 euid=0 tty=ssh ruser= rhost=43.255.190.125  user=root
Apr 11 12:16:11 ovzhost sshd[1674]: message repeated 2 times: [ Failed password for root from 43.255.190.172 port 45560 ssh2]
Apr 11 12:16:11 ovzhost sshd[1674]: Received disconnect from 43.255.190.172: 11:  [preauth]
Apr 11 12:16:11 ovzhost sshd[1674]: PAM 2 more authentication failures; logname= uid=0 euid=0 tty=ssh ruser= rhost=43.255.190.172  user=root
Apr 11 12:16:12 ovzhost sshd[1678]: pam_unix(sshd:auth): authentication failure; logname= uid=0 euid=0 tty=ssh ruser= rhost=43.255.190.172  user=root
Apr 11 12:16:13 ovzhost sshd[1676]: Failed password for root from 43.255.190.125 port 56577 ssh2
Apr 11 12:16:13 ovzhost sshd[1678]: Failed password for root from 43.255.190.172 port 36985 ssh2
Apr 11 12:16:17 ovzhost sshd[1676]: message repeated 2 times: [ Failed password for root from 43.255.190.125 port 56577 ssh2]
Apr 11 12:16:17 ovzhost sshd[1676]: Received disconnect from 43.255.190.125: 11:  [preauth]
Apr 11 12:16:17 ovzhost sshd[1676]: PAM 2 more authentication failures; logname= uid=0 euid=0 tty=ssh ruser= rhost=43.255.190.125  user=root
Apr 11 12:16:17 ovzhost sshd[1678]: message repeated 2 times: [ Failed password for root from 43.255.190.172 port 36985 ssh2]
Apr 11 12:16:17 ovzhost sshd[1678]: Received disconnect from 43.255.190.172: 11:  [preauth]
Apr 11 12:16:17 ovzhost sshd[1678]: PAM 2 more authentication failures; logname= uid=0 euid=0 tty=ssh ruser= rhost=43.255.190.172  user=root
Apr 11 12:16:18 ovzhost sshd[1680]: pam_unix(sshd:auth): authentication failure; logname= uid=0 euid=0 tty=ssh ruser= rhost=43.255.190.125  user=root
Apr 11 12:16:18 ovzhost sshd[1682]: pam_unix(sshd:auth): authentication failure; logname= uid=0 euid=0 tty=ssh ruser= rhost=43.255.190.172  user=root
Apr 11 12:16:20 ovzhost sshd[1680]: Failed password for root from 43.255.190.125 port 44173 ssh2
Apr 11 12:16:20 ovzhost sshd[1682]: Failed password for root from 43.255.190.172 port 52816 ssh2
Apr 11 12:16:24 ovzhost sshd[1680]: message repeated 2 times: [ Failed password for root from 43.255.190.125 port 44173 ssh2]
Apr 11 12:16:24 ovzhost sshd[1680]: Received disconnect from 43.255.190.125: 11:  [preauth]
Apr 11 12:16:24 ovzhost sshd[1680]: PAM 2 more authentication failures; logname= uid=0 euid=0 tty=ssh ruser= rhost=43.255.190.125  user=root
Apr 11 12:16:24 ovzhost sshd[1682]: message repeated 2 times: [ Failed password for root from 43.255.190.172 port 52816 ssh2]
Apr 11 12:16:24 ovzhost sshd[1682]: Received disconnect from 43.255.190.172: 11:  [preauth]
Apr 11 12:16:24 ovzhost sshd[1682]: PAM 2 more authentication failures; logname= uid=0 euid=0 tty=ssh ruser= rhost=43.255.190.172  user=root
Apr 11 12:16:25 ovzhost sshd[1686]: pam_unix(sshd:auth): authentication failure; logname= uid=0 euid=0 tty=ssh ruser= rhost=43.255.190.172  user=root
Apr 11 12:16:27 ovzhost sshd[1686]: Failed password for root from 43.255.190.172 port 41250 ssh2
Apr 11 12:16:31 ovzhost sshd[1686]: message repeated 2 times: [ Failed password for root from 43.255.190.172 port 41250 ssh2]
Apr 11 12:16:31 ovzhost sshd[1686]: Received disconnect from 43.255.190.172: 11:  [preauth]
Apr 11 12:16:31 ovzhost sshd[1686]: PAM 2 more authentication failures; logname= uid=0 euid=0 tty=ssh ruser= rhost=43.255.190.172  user=root
Apr 11 12:16:31 ovzhost sshd[1688]: pam_unix(sshd:auth): authentication failure; logname= uid=0 euid=0 tty=ssh ruser= rhost=43.255.190.172  user=root
Apr 11 12:16:33 ovzhost sshd[1688]: Failed password for root from 43.255.190.172 port 58960 ssh2
Apr 11 12:16:37 ovzhost sshd[1688]: message repeated 2 times: [ Failed password for root from 43.255.190.172 port 58960 ssh2]
Apr 11 12:16:37 ovzhost sshd[1688]: Received disconnect from 43.255.190.172: 11:  [preauth]
Apr 11 12:16:37 ovzhost sshd[1688]: PAM 2 more authentication failures; logname= uid=0 euid=0 tty=ssh ruser= rhost=43.255.190.172  user=root
Apr 11 12:16:38 ovzhost sshd[1692]: pam_unix(sshd:auth): authentication failure; logname= uid=0 euid=0 tty=ssh ruser= rhost=43.255.190.172  user=root
