Apr 14 06:28:08 ovzhost sshd[1761]: Received disconnect from 43.255.190.142: 11:  [preauth]
Apr 14 06:28:08 ovzhost sshd[1761]: PAM 2 more authentication failures; logname= uid=0 euid=0 tty=ssh ruser= rhost=43.255.190.142  user=root
Apr 14 06:28:08 ovzhost sshd[1765]: Failed password for root from 43.255.190.141 port 38904 ssh2
Apr 14 06:28:09 ovzhost sshd[1763]: message repeated 2 times: [ Failed password for root from 43.255.190.141 port 60598 ssh2]
Apr 14 06:28:09 ovzhost sshd[1763]: Received disconnect from 43.255.190.141: 11:  [preauth]
Apr 14 06:28:09 ovzhost sshd[1763]: PAM 2 more authentication failures; logname= uid=0 euid=0 tty=ssh ruser= rhost=43.255.190.141  user=root
Apr 14 06:28:10 ovzhost sshd[1767]: pam_unix(sshd:auth): authentication failure; logname= uid=0 euid=0 tty=ssh ruser= rhost=43.255.190.142  user=root
Apr 14 06:28:11 ovzhost sshd[1769]: pam_unix(sshd:auth): authentication failure; logname= uid=0 euid=0 tty=ssh ruser= rhost=43.255.190.141  user=root
Apr 14 06:28:12 ovzhost sshd[1767]: Failed password for root from 43.255.190.142 port 39897 ssh2
Apr 14 06:28:12 ovzhost sshd[1765]: message repeated 2 times: [ Failed password for root from 43.255.190.141 port 38904 ssh2]
Apr 14 06:28:12 ovzhost sshd[1765]: Received disconnect from 43.255.190.141: 11:  [preauth]
Apr 14 06:28:12 ovzhost sshd[1765]: PAM 2 more authentication failures; logname= uid=0 euid=0 tty=ssh ruser= rhost=43.255.190.141  user=root
Apr 14 06:28:12 ovzhost sshd[1773]: pam_unix(sshd:auth): authentication failure; logname= uid=0 euid=0 tty=ssh ruser= rhost=43.255.190.141  user=root
Apr 14 06:28:13 ovzhost sshd[1769]: Failed password for root from 43.255.190.141 port 48860 ssh2
Apr 14 06:28:14 ovzhost sshd[1773]: Failed password for root from 43.255.190.141 port 54939 ssh2
Apr 14 06:28:16 ovzhost sshd[1767]: message repeated 2 times: [ Failed password for root from 43.255.190.142 port 39897 ssh2]
Apr 14 06:28:16 ovzhost sshd[1767]: Received disconnect from 43.255.190.142: 11:  [preauth]
Apr 14 06:28:16 ovzhost sshd[1767]: PAM 2 more authentication failures; logname= uid=0 euid=0 tty=ssh ruser= rhost=43.255.190.142  user=root
Apr 14 06:28:17 ovzhost sshd[1775]: pam_unix(sshd:auth): authentication failure; logname= uid=0 euid=0 tty=ssh ruser= rhost=43.255.190.142  user=root
Apr 14 06:28:17 ovzhost sshd[1769]: message repeated 2 times: [ Failed password for root from 43.255.190.141 port 48860 ssh2]
Apr 14 06:28:17 ovzhost sshd[1769]: Received disconnect from 43.255.190.141: 11:  [preauth]
Apr 14 06:28:17 ovzhost sshd[1769]: PAM 2 more authentication failures; logname= uid=0 euid=0 tty=ssh ruser= rhost=43.255.190.141  user=root
Apr 14 06:28:18 ovzhost sshd[1777]: pam_unix(sshd:auth): authentication failure; logname= uid=0 euid=0 tty=ssh ruser= rhost=43.255.190.141  user=root
Apr 14 06:28:19 ovzhost sshd[1775]: Failed password for root from 43.255.190.142 port 33025 ssh2
Apr 14 06:28:19 ovzhost sshd[1773]: message repeated 2 times: [ Failed password for root from 43.255.190.141 port 54939 ssh2]
Apr 14 06:28:19 ovzhost sshd[1773]: Received disconnect from 43.255.190.141: 11:  [preauth]
Apr 14 06:28:19 ovzhost sshd[1773]: PAM 2 more authentication failures; logname= uid=0 euid=0 tty=ssh ruser= rhost=43.255.190.141  user=root
Apr 14 06:28:19 ovzhost sshd[1779]: pam_unix(sshd:auth): authentication failure; logname= uid=0 euid=0 tty=ssh ruser= rhost=43.255.190.141  user=root
Apr 14 06:28:20 ovzhost sshd[1777]: Failed password for root from 43.255.190.141 port 39661 ssh2
Apr 14 06:28:21 ovzhost sshd[1779]: Failed password for root from 43.255.190.141 port 43402 ssh2
Apr 14 06:28:23 ovzhost sshd[1775]: message repeated 2 times: [ Failed password for root from 43.255.190.142 port 33025 ssh2]
Apr 14 06:28:23 ovzhost sshd[1775]: Received disconnect from 43.255.190.142: 11:  [preauth]
Apr 14 06:28:23 ovzhost sshd[1775]: PAM 2 more authentication failures; logname= uid=0 euid=0 tty=ssh ruser= rhost=43.255.190.142  user=root
Apr 14 06:28:24 ovzhost sshd[1783]: pam_unix(sshd:auth): authentication failure; logname= uid=0 euid=0 tty=ssh ruser= rhost=43.255.190.142  user=root
Apr 14 06:28:24 ovzhost sshd[1777]: message repeated 2 times: [ Failed password for root from 43.255.190.141 port 39661 ssh2]
Apr 14 06:28:24 ovzhost sshd[1777]: Received disconnect from 43.255.190.141: 11:  [preauth]
Apr 14 06:28:24 ovzhost sshd[1777]: PAM 2 more authentication failures; logname= uid=0 euid=0 tty=ssh ruser= rhost=43.255.190.141  user=root
Apr 14 06:28:25 ovzhost sshd[1786]: pam_unix(sshd:auth): authentication failure; logname= uid=0 euid=0 tty=ssh ruser= rhost=43.255.190.141  user=root
Apr 14 06:28:26 ovzhost sshd[1783]: Failed password for root from 43.255.190.142 port 50799 ssh2
Apr 14 06:28:26 ovzhost sshd[1779]: message repeated 2 times: [ Failed password for root from 43.255.190.141 port 43402 ssh2]
Apr 14 06:28:26 ovzhost sshd[1779]: Received disconnect from 43.255.190.141: 11:  [preauth]
Apr 14 06:28:26 ovzhost sshd[1779]: PAM 2 more authentication failures; logname= uid=0 euid=0 tty=ssh ruser= rhost=43.255.190.141  user=root
Apr 14 06:28:26 ovzhost sshd[1786]: Failed password for root from 43.255.190.141 port 56526 ssh2
Apr 14 06:28:27 ovzhost sshd[1788]: pam_unix(sshd:auth): authentication failure; logname= uid=0 euid=0 tty=ssh ruser= rhost=43.255.190.141  user=root
Apr 14 06:28:29 ovzhost sshd[1788]: Failed password for root from 43.255.190.141 port 60682 ssh2
Apr 14 06:28:30 ovzhost sshd[1783]: message repeated 2 times: [ Failed password for root from 43.255.190.142 port 50799 ssh2]
Apr 14 06:28:30 ovzhost sshd[1783]: Received disconnect from 43.255.190.142: 11:  [preauth]
Apr 14 06:28:30 ovzhost sshd[1783]: PAM 2 more authentication failures; logname= uid=0 euid=0 tty=ssh ruser= rhost=43.255.190.142  user=root
Apr 14 06:28:31 ovzhost sshd[1792]: pam_unix(sshd:auth): authentication failure; logname= uid=0 euid=0 tty=ssh ruser= rhost=43.255.190.142  user=root
Apr 14 06:28:31 ovzhost sshd[1786]: message repeated 2 times: [ Failed password for root from 43.255.190.141 port 56526 ssh2]
Apr 14 06:28:31 ovzhost sshd[1786]: Received disconnect from 43.255.190.141: 11:  [preauth]
Apr 14 06:28:31 ovzhost sshd[1786]: PAM 2 more authentication failures; logname= uid=0 euid=0 tty=ssh ruser= rhost=43.255.190.141  user=root
Apr 14 06:28:31 ovzhost sshd[1794]: pam_unix(sshd:auth): authentication failure; logname= uid=0 euid=0 tty=ssh ruser= rhost=43.255.190.141  user=root
Apr 14 06:28:32 ovzhost sshd[1792]: Failed password for root from 43.255.190.142 port 39270 ssh2
Apr 14 06:28:33 ovzhost sshd[1788]: message repeated 2 times: [ Failed password for root from 43.255.190.141 port 60682 ssh2]
Apr 14 06:28:33 ovzhost sshd[1788]: Received disconnect from 43.255.190.141: 11:  [preauth]
Apr 14 06:28:33 ovzhost sshd[1788]: PAM 2 more authentication failures; logname= uid=0 euid=0 tty=ssh ruser= rhost=43.255.190.141  user=root
Apr 14 06:28:33 ovzhost sshd[1794]: Failed password for root from 43.255.190.141 port 44191 ssh2
Apr 14 06:28:34 ovzhost sshd[1796]: pam_unix(sshd:auth): authentication failure; logname= uid=0 euid=0 tty=ssh ruser= rhost=43.255.190.141  user=root
Apr 14 06:28:36 ovzhost sshd[1796]: Failed password for root from 43.255.190.141 port 49288 ssh2
Apr 14 06:28:37 ovzhost sshd[1792]: message repeated 2 times: [ Failed password for root from 43.255.190.142 port 39270 ssh2]
Apr 14 06:28:37 ovzhost sshd[1792]: Received disconnect from 43.255.190.142: 11:  [preauth]
Apr 14 06:28:37 ovzhost sshd[1792]: PAM 2 more authentication failures; logname= uid=0 euid=0 tty=ssh ruser= rhost=43.255.190.142  user=root
Apr 14 06:28:38 ovzhost sshd[1798]: pam_unix(sshd:auth): authentication failure; logname= uid=0 euid=0 tty=ssh ruser= rhost=43.255.190.142  user=root
Apr 14 06:28:38 ovzhost sshd[1794]: message repeated 2 times: [ Failed password for root from 43.255.190.141 port 44191 ssh2]
Apr 14 06:28:38 ovzhost sshd[1794]: Received disconnect from 43.255.190.141: 11:  [preauth]
Apr 14 06:28:38 ovzhost sshd[1794]: PAM 2 more authentication failures; logname= uid=0 euid=0 tty=ssh ruser= rhost=43.255.190.141  user=root
Apr 14 06:28:39 ovzhost sshd[1800]: pam_unix(sshd:auth): authentication failure; logname= uid=0 euid=0 tty=ssh ruser= rhost=43.255.190.141  user=root
Apr 14 06:28:40 ovzhost sshd[1798]: Failed password for root from 43.255.190.142 port 56222 ssh2
Apr 14 06:28:41 ovzhost sshd[1800]: Failed password for root from 43.255.190.141 port 60400 ssh2
Apr 14 06:28:41 ovzhost sshd[1796]: message repeated 2 times: [ Failed password for root from 43.255.190.141 port 49288 ssh2]
Apr 14 06:28:41 ovzhost sshd[1796]: Received disconnect from 43.255.190.141: 11:  [preauth]
Apr 14 06:28:41 ovzhost sshd[1796]: PAM 2 more authentication failures; logname= uid=0 euid=0 tty=ssh ruser= rhost=43.255.190.141  user=root
Apr 14 06:28:41 ovzhost sshd[1802]: pam_unix(sshd:auth): authentication failure; logname= uid=0 euid=0 tty=ssh ruser= rhost=43.255.190.141  user=root
Apr 14 06:28:43 ovzhost sshd[1802]: Failed password for root from 43.255.190.141 port 39015 ssh2
Apr 14 06:28:44 ovzhost sshd[1798]: message repeated 2 times: [ Failed password for root from 43.255.190.142 port 56222 ssh2]
Apr 14 06:28:44 ovzhost sshd[1798]: Received disconnect from 43.255.190.142: 11:  [preauth]
Apr 14 06:28:44 ovzhost sshd[1798]: PAM 2 more authentication failures; logname= uid=0 euid=0 tty=ssh ruser= rhost=43.255.190.142  user=root
Apr 14 06:28:44 ovzhost sshd[1804]: pam_unix(sshd:auth): authentication failure; logname= uid=0 euid=0 tty=ssh ruser= rhost=43.255.190.142  user=root
Apr 14 06:28:45 ovzhost sshd[1800]: message repeated 2 times: [ Failed password for root from 43.255.190.141 port 60400 ssh2]
Apr 14 06:28:45 ovzhost sshd[1800]: Received disconnect from 43.255.190.141: 11:  [preauth]
Apr 14 06:28:45 ovzhost sshd[1800]: PAM 2 more authentication failures; logname= uid=0 euid=0 tty=ssh ruser= rhost=43.255.190.141  user=root
Apr 14 06:28:46 ovzhost sshd[1806]: pam_unix(sshd:auth): authentication failure; logname= uid=0 euid=0 tty=ssh ruser= rhost=43.255.190.141  user=root
Apr 14 06:28:46 ovzhost sshd[1804]: Failed password for root from 43.255.190.142 port 45018 ssh2
Apr 14 06:28:47 ovzhost sshd[1806]: Failed password for root from 43.255.190.141 port 49447 ssh2
Apr 14 06:28:47 ovzhost sshd[1802]: message repeated 2 times: [ Failed password for root from 43.255.190.141 port 39015 ssh2]
Apr 14 06:28:47 ovzhost sshd[1802]: Received disconnect from 43.255.190.141: 11:  [preauth]
Apr 14 06:28:47 ovzhost sshd[1802]: PAM 2 more authentication failures; logname= uid=0 euid=0 tty=ssh ruser= rhost=43.255.190.141  user=root
Apr 14 06:28:48 ovzhost sshd[1808]: pam_unix(sshd:auth): authentication failure; logname= uid=0 euid=0 tty=ssh ruser= rhost=43.255.190.141  user=root
Apr 14 06:28:50 ovzhost sshd[1808]: Failed password for root from 43.255.190.141 port 55439 ssh2
Apr 14 06:28:50 ovzhost sshd[1804]: message repeated 2 times: [ Failed password for root from 43.255.190.142 port 45018 ssh2]
Apr 14 06:28:50 ovzhost sshd[1804]: Received disconnect from 43.255.190.142: 11:  [preauth]
Apr 14 06:28:50 ovzhost sshd[1804]: PAM 2 more authentication failures; logname= uid=0 euid=0 tty=ssh ruser= rhost=43.255.190.142  user=root
Apr 14 06:28:51 ovzhost sshd[1810]: pam_unix(sshd:auth): authentication failure; logname= uid=0 euid=0 tty=ssh ruser= rhost=43.255.190.142  user=root
Apr 14 06:28:51 ovzhost sshd[1806]: message repeated 2 times: [ Failed password for root from 43.255.190.141 port 49447 ssh2]
Apr 14 06:28:51 ovzhost sshd[1806]: Received disconnect from 43.255.190.141: 11:  [preauth]
Apr 14 06:28:51 ovzhost sshd[1806]: PAM 2 more authentication failures; logname= uid=0 euid=0 tty=ssh ruser= rhost=43.255.190.141  user=root
Apr 14 06:28:52 ovzhost sshd[1814]: pam_unix(sshd:auth): authentication failure; logname= uid=0 euid=0 tty=ssh ruser= rhost=43.255.190.141  user=root
Apr 14 06:28:53 ovzhost sshd[1810]: Failed password for root from 43.255.190.142 port 32951 ssh2
Apr 14 06:28:54 ovzhost sshd[1814]: Failed password for root from 43.255.190.141 port 36621 ssh2
Apr 14 06:28:55 ovzhost sshd[1808]: message repeated 2 times: [ Failed password for root from 43.255.190.141 port 55439 ssh2]
Apr 14 06:28:55 ovzhost sshd[1808]: Received disconnect from 43.255.190.141: 11:  [preauth]
Apr 14 06:28:55 ovzhost sshd[1808]: PAM 2 more authentication failures; logname= uid=0 euid=0 tty=ssh ruser= rhost=43.255.190.141  user=root
Apr 14 06:28:55 ovzhost sshd[1816]: pam_unix(sshd:auth): authentication failure; logname= uid=0 euid=0 tty=ssh ruser= rhost=43.255.190.141  user=root
Apr 14 06:28:58 ovzhost sshd[1810]: message repeated 2 times: [ Failed password for root from 43.255.190.142 port 32951 ssh2]
Apr 14 06:28:58 ovzhost sshd[1810]: Received disconnect from 43.255.190.142: 11:  [preauth]
Apr 14 06:28:58 ovzhost sshd[1810]: PAM 2 more authentication failures; logname= uid=0 euid=0 tty=ssh ruser= rhost=43.255.190.142  user=root
Apr 14 06:28:58 ovzhost sshd[1816]: Failed password for root from 43.255.190.141 port 45070 ssh2
Apr 14 06:28:58 ovzhost sshd[1814]: message repeated 2 times: [ Failed password for root from 43.255.190.141 port 36621 ssh2]
Apr 14 06:28:58 ovzhost sshd[1814]: Received disconnect from 43.255.190.141: 11:  [preauth]
Apr 14 06:28:58 ovzhost sshd[1814]: PAM 2 more authentication failures; logname= uid=0 euid=0 tty=ssh ruser= rhost=43.255.190.141  user=root
Apr 14 06:28:58 ovzhost sshd[1818]: pam_unix(sshd:auth): authentication failure; logname= uid=0 euid=0 tty=ssh ruser= rhost=43.255.190.142  user=root
Apr 14 06:28:59 ovzhost sshd[1820]: pam_unix(sshd:auth): authentication failure; logname= uid=0 euid=0 tty=ssh ruser= rhost=43.255.190.141  user=root
Apr 14 06:29:00 ovzhost sshd[1818]: Failed password for root from 43.255.190.142 port 50726 ssh2
Apr 14 06:29:01 ovzhost sshd[1820]: Failed password for root from 43.255.190.141 port 52825 ssh2
Apr 14 06:29:02 ovzhost sshd[1816]: message repeated 2 times: [ Failed password for root from 43.255.190.141 port 45070 ssh2]
Apr 14 06:29:02 ovzhost sshd[1816]: Received disconnect from 43.255.190.141: 11:  [preauth]
Apr 14 06:29:02 ovzhost sshd[1816]: PAM 2 more authentication failures; logname= uid=0 euid=0 tty=ssh ruser= rhost=43.255.190.141  user=root
Apr 14 06:29:03 ovzhost sshd[1822]: pam_unix(sshd:auth): authentication failure; logname= uid=0 euid=0 tty=ssh ruser= rhost=43.255.190.141  user=root
Apr 14 06:29:05 ovzhost sshd[1818]: message repeated 2 times: [ Failed password for root from 43.255.190.142 port 50726 ssh2]
Apr 14 06:29:05 ovzhost sshd[1818]: Received disconnect from 43.255.190.142: 11:  [preauth]
Apr 14 06:29:05 ovzhost sshd[1818]: PAM 2 more authentication failures; logname= uid=0 euid=0 tty=ssh ruser= rhost=43.255.190.142  user=root
Apr 14 06:29:05 ovzhost sshd[1822]: Failed password for root from 43.255.190.141 port 34542 ssh2
Apr 14 06:29:05 ovzhost sshd[1824]: pam_unix(sshd:auth): authentication failure; logname= uid=0 euid=0 tty=ssh ruser= rhost=43.255.190.142  user=root
Apr 14 06:29:05 ovzhost sshd[1820]: message repeated 2 times: [ Failed password for root from 43.255.190.141 port 52825 ssh2]
Apr 14 06:29:06 ovzhost sshd[1820]: Received disconnect from 43.255.190.141: 11:  [preauth]
Apr 14 06:29:06 ovzhost sshd[1820]: PAM 2 more authentication failures; logname= uid=0 euid=0 tty=ssh ruser= rhost=43.255.190.141  user=root
Apr 14 06:29:06 ovzhost sshd[1826]: pam_unix(sshd:auth): authentication failure; logname= uid=0 euid=0 tty=ssh ruser= rhost=43.255.190.141  user=root
Apr 14 06:29:07 ovzhost sshd[1824]: Failed password for root from 43.255.190.142 port 39446 ssh2
Apr 14 06:29:08 ovzhost sshd[1826]: Failed password for root from 43.255.190.141 port 43546 ssh2
Apr 14 06:29:08 ovzhost sshd[1822]: message repeated 2 times: [ Failed password for root from 43.255.190.141 port 34542 ssh2]
Apr 14 06:29:09 ovzhost sshd[1822]: Received disconnect from 43.255.190.141: 11:  [preauth]
Apr 14 06:29:09 ovzhost sshd[1822]: PAM 2 more authentication failures; logname= uid=0 euid=0 tty=ssh ruser= rhost=43.255.190.141  user=root
Apr 14 06:29:09 ovzhost sshd[1828]: pam_unix(sshd:auth): authentication failure; logname= uid=0 euid=0 tty=ssh ruser= rhost=43.255.190.141  user=root
Apr 14 06:29:12 ovzhost sshd[1828]: Failed password for root from 43.255.190.141 port 51406 ssh2
Apr 14 06:29:12 ovzhost sshd[1824]: message repeated 2 times: [ Failed password for root from 43.255.190.142 port 39446 ssh2]
Apr 14 06:29:12 ovzhost sshd[1824]: Received disconnect from 43.255.190.142: 11:  [preauth]
Apr 14 06:29:12 ovzhost sshd[1824]: PAM 2 more authentication failures; logname= uid=0 euid=0 tty=ssh ruser= rhost=43.255.190.142  user=root
Apr 14 06:29:13 ovzhost sshd[1830]: pam_unix(sshd:auth): authentication failure; logname= uid=0 euid=0 tty=ssh ruser= rhost=43.255.190.142  user=root
Apr 14 06:29:13 ovzhost sshd[1826]: message repeated 2 times: [ Failed password for root from 43.255.190.141 port 43546 ssh2]
Apr 14 06:29:13 ovzhost sshd[1826]: Received disconnect from 43.255.190.141: 11:  [preauth]
Apr 14 06:29:13 ovzhost sshd[1826]: PAM 2 more authentication failures; logname= uid=0 euid=0 tty=ssh ruser= rhost=43.255.190.141  user=root
Apr 14 06:29:13 ovzhost sshd[1832]: pam_unix(sshd:auth): authentication failure; logname= uid=0 euid=0 tty=ssh ruser= rhost=43.255.190.141  user=root
Apr 14 06:29:15 ovzhost sshd[1830]: Failed password for root from 43.255.190.142 port 57849 ssh2
Apr 14 06:29:15 ovzhost sshd[1832]: Failed password for root from 43.255.190.141 port 33700 ssh2
Apr 14 06:29:16 ovzhost sshd[1828]: message repeated 2 times: [ Failed password for root from 43.255.190.141 port 51406 ssh2]
Apr 14 06:29:16 ovzhost sshd[1828]: Received disconnect from 43.255.190.141: 11:  [preauth]
Apr 14 06:29:16 ovzhost sshd[1828]: PAM 2 more authentication failures; logname= uid=0 euid=0 tty=ssh ruser= rhost=43.255.190.141  user=root
Apr 14 06:29:16 ovzhost sshd[1834]: pam_unix(sshd:auth): authentication failure; logname= uid=0 euid=0 tty=ssh ruser= rhost=43.255.190.141  user=root
Apr 14 06:29:18 ovzhost sshd[1834]: Failed password for root from 43.255.190.141 port 41530 ssh2
Apr 14 06:29:19 ovzhost sshd[1830]: message repeated 2 times: [ Failed password for root from 43.255.190.142 port 57849 ssh2]
Apr 14 06:29:19 ovzhost sshd[1830]: Received disconnect from 43.255.190.142: 11:  [preauth]
Apr 14 06:29:19 ovzhost sshd[1830]: PAM 2 more authentication failures; logname= uid=0 euid=0 tty=ssh ruser= rhost=43.255.190.142  user=root
Apr 14 06:29:20 ovzhost sshd[1836]: pam_unix(sshd:auth): authentication failure; logname= uid=0 euid=0 tty=ssh ruser= rhost=43.255.190.142  user=root
Apr 14 06:29:20 ovzhost sshd[1832]: message repeated 2 times: [ Failed password for root from 43.255.190.141 port 33700 ssh2]
Apr 14 06:29:20 ovzhost sshd[1832]: Received disconnect from 43.255.190.141: 11:  [preauth]
Apr 14 06:29:20 ovzhost sshd[1832]: PAM 2 more authentication failures; logname= uid=0 euid=0 tty=ssh ruser= rhost=43.255.190.141  user=root
Apr 14 06:29:21 ovzhost sshd[1838]: pam_unix(sshd:auth): authentication failure; logname= uid=0 euid=0 tty=ssh ruser= rhost=43.255.190.141  user=root
Apr 14 06:29:22 ovzhost sshd[1836]: Failed password for root from 43.255.190.142 port 46322 ssh2
Apr 14 06:29:23 ovzhost sshd[1838]: Failed password for root from 43.255.190.141 port 52444 ssh2
Apr 14 06:29:23 ovzhost sshd[1834]: message repeated 2 times: [ Failed password for root from 43.255.190.141 port 41530 ssh2]
Apr 14 06:29:23 ovzhost sshd[1834]: Received disconnect from 43.255.190.141: 11:  [preauth]
Apr 14 06:29:23 ovzhost sshd[1834]: PAM 2 more authentication failures; logname= uid=0 euid=0 tty=ssh ruser= rhost=43.255.190.141  user=root
Apr 14 06:29:25 ovzhost sshd[1841]: pam_unix(sshd:auth): authentication failure; logname= uid=0 euid=0 tty=ssh ruser= rhost=43.255.190.141  user=root
Apr 14 06:29:26 ovzhost sshd[1836]: message repeated 2 times: [ Failed password for root from 43.255.190.142 port 46322 ssh2]
Apr 14 06:29:26 ovzhost sshd[1836]: Received disconnect from 43.255.190.142: 11:  [preauth]
Apr 14 06:29:26 ovzhost sshd[1836]: PAM 2 more authentication failures; logname= uid=0 euid=0 tty=ssh ruser= rhost=43.255.190.142  user=root
Apr 14 06:29:27 ovzhost sshd[1841]: Failed password for root from 43.255.190.141 port 59789 ssh2
Apr 14 06:29:27 ovzhost sshd[1843]: pam_unix(sshd:auth): authentication failure; logname= uid=0 euid=0 tty=ssh ruser= rhost=43.255.190.142  user=root
Apr 14 06:29:27 ovzhost sshd[1838]: message repeated 2 times: [ Failed password for root from 43.255.190.141 port 52444 ssh2]
Apr 14 06:29:27 ovzhost sshd[1838]: Received disconnect from 43.255.190.141: 11:  [preauth]
Apr 14 06:29:27 ovzhost sshd[1838]: PAM 2 more authentication failures; logname= uid=0 euid=0 tty=ssh ruser= rhost=43.255.190.141  user=root
Apr 14 06:29:28 ovzhost sshd[1845]: pam_unix(sshd:auth): authentication failure; logname= uid=0 euid=0 tty=ssh ruser= rhost=43.255.190.141  user=root
Apr 14 06:29:29 ovzhost sshd[1843]: Failed password for root from 43.255.190.142 port 35303 ssh2
Apr 14 06:29:30 ovzhost sshd[1845]: Failed password for root from 43.255.190.141 port 43215 ssh2
Apr 14 06:29:31 ovzhost sshd[1841]: message repeated 2 times: [ Failed password for root from 43.255.190.141 port 59789 ssh2]
Apr 14 06:29:31 ovzhost sshd[1841]: Received disconnect from 43.255.190.141: 11:  [preauth]
Apr 14 06:29:31 ovzhost sshd[1841]: PAM 2 more authentication failures; logname= uid=0 euid=0 tty=ssh ruser= rhost=43.255.190.141  user=root
Apr 14 06:29:32 ovzhost sshd[1847]: pam_unix(sshd:auth): authentication failure; logname= uid=0 euid=0 tty=ssh ruser= rhost=43.255.190.141  user=root
Apr 14 06:29:34 ovzhost sshd[1843]: message repeated 2 times: [ Failed password for root from 43.255.190.142 port 35303 ssh2]
Apr 14 06:29:34 ovzhost sshd[1843]: Received disconnect from 43.255.190.142: 11:  [preauth]
Apr 14 06:29:34 ovzhost sshd[1843]: PAM 2 more authentication failures; logname= uid=0 euid=0 tty=ssh ruser= rhost=43.255.190.142  user=root
Apr 14 06:29:34 ovzhost sshd[1847]: Failed password for root from 43.255.190.141 port 52322 ssh2
Apr 14 06:29:34 ovzhost sshd[1849]: pam_unix(sshd:auth): authentication failure; logname= uid=0 euid=0 tty=ssh ruser= rhost=43.255.190.142  user=root
Apr 14 06:29:35 ovzhost sshd[1845]: message repeated 2 times: [ Failed password for root from 43.255.190.141 port 43215 ssh2]
Apr 14 06:29:35 ovzhost sshd[1845]: Received disconnect from 43.255.190.141: 11:  [preauth]
Apr 14 06:29:35 ovzhost sshd[1845]: PAM 2 more authentication failures; logname= uid=0 euid=0 tty=ssh ruser= rhost=43.255.190.141  user=root
Apr 14 06:29:35 ovzhost sshd[1851]: pam_unix(sshd:auth): authentication failure; logname= uid=0 euid=0 tty=ssh ruser= rhost=43.255.190.141  user=root
Apr 14 06:29:36 ovzhost sshd[1849]: Failed password for root from 43.255.190.142 port 54657 ssh2
Apr 14 06:29:37 ovzhost sshd[1851]: Failed password for root from 43.255.190.141 port 33001 ssh2
Apr 14 06:29:38 ovzhost sshd[1847]: message repeated 2 times: [ Failed password for root from 43.255.190.141 port 52322 ssh2]
Apr 14 06:29:38 ovzhost sshd[1847]: Received disconnect from 43.255.190.141: 11:  [preauth]
Apr 14 06:29:38 ovzhost sshd[1847]: PAM 2 more authentication failures; logname= uid=0 euid=0 tty=ssh ruser= rhost=43.255.190.141  user=root
Apr 14 06:29:38 ovzhost sshd[1853]: pam_unix(sshd:auth): authentication failure; logname= uid=0 euid=0 tty=ssh ruser= rhost=43.255.190.141  user=root
Apr 14 06:29:40 ovzhost sshd[1849]: message repeated 2 times: [ Failed password for root from 43.255.190.142 port 54657 ssh2]
Apr 14 06:29:40 ovzhost sshd[1849]: Received disconnect from 43.255.190.142: 11:  [preauth]
Apr 14 06:29:40 ovzhost sshd[1849]: PAM 2 more authentication failures; logname= uid=0 euid=0 tty=ssh ruser= rhost=43.255.190.142  user=root
Apr 14 06:29:40 ovzhost sshd[1853]: Failed password for root from 43.255.190.141 port 41965 ssh2
Apr 14 06:29:41 ovzhost sshd[1855]: pam_unix(sshd:auth): authentication failure; logname= uid=0 euid=0 tty=ssh ruser= rhost=43.255.190.142  user=root
Apr 14 06:29:42 ovzhost sshd[1851]: message repeated 2 times: [ Failed password for root from 43.255.190.141 port 33001 ssh2]
Apr 14 06:29:42 ovzhost sshd[1851]: Received disconnect from 43.255.190.141: 11:  [preauth]
Apr 14 06:29:42 ovzhost sshd[1851]: PAM 2 more authentication failures; logname= uid=0 euid=0 tty=ssh ruser= rhost=43.255.190.141  user=root
Apr 14 06:29:42 ovzhost sshd[1857]: pam_unix(sshd:auth): authentication failure; logname= uid=0 euid=0 tty=ssh ruser= rhost=43.255.190.141  user=root
Apr 14 06:29:42 ovzhost sshd[1855]: Failed password for root from 43.255.190.142 port 42534 ssh2
Apr 14 06:29:44 ovzhost sshd[1853]: message repeated 2 times: [ Failed password for root from 43.255.190.141 port 41965 ssh2]
Apr 14 06:29:44 ovzhost sshd[1853]: Received disconnect from 43.255.190.141: 11:  [preauth]
Apr 14 06:29:44 ovzhost sshd[1853]: PAM 2 more authentication failures; logname= uid=0 euid=0 tty=ssh ruser= rhost=43.255.190.141  user=root
Apr 14 06:29:45 ovzhost sshd[1857]: Failed password for root from 43.255.190.141 port 51595 ssh2
Apr 14 06:29:45 ovzhost sshd[1859]: pam_unix(sshd:auth): authentication failure; logname= uid=0 euid=0 tty=ssh ruser= rhost=43.255.190.141  user=root
Apr 14 06:29:47 ovzhost sshd[1855]: message repeated 2 times: [ Failed password for root from 43.255.190.142 port 42534 ssh2]
Apr 14 06:29:47 ovzhost sshd[1855]: Received disconnect from 43.255.190.142: 11:  [preauth]
Apr 14 06:29:47 ovzhost sshd[1855]: PAM 2 more authentication failures; logname= uid=0 euid=0 tty=ssh ruser= rhost=43.255.190.142  user=root
Apr 14 06:29:47 ovzhost sshd[1859]: Failed password for root from 43.255.190.141 port 59142 ssh2
Apr 14 06:29:48 ovzhost sshd[1861]: pam_unix(sshd:auth): authentication failure; logname= uid=0 euid=0 tty=ssh ruser= rhost=43.255.190.142  user=root
Apr 14 06:29:49 ovzhost sshd[1857]: message repeated 2 times: [ Failed password for root from 43.255.190.141 port 51595 ssh2]
Apr 14 06:29:49 ovzhost sshd[1857]: Received disconnect from 43.255.190.141: 11:  [preauth]
Apr 14 06:29:49 ovzhost sshd[1857]: PAM 2 more authentication failures; logname= uid=0 euid=0 tty=ssh ruser= rhost=43.255.190.141  user=root
Apr 14 06:29:50 ovzhost sshd[1861]: Failed password for root from 43.255.190.142 port 60405 ssh2
Apr 14 06:29:50 ovzhost sshd[1863]: pam_unix(sshd:auth): authentication failure; logname= uid=0 euid=0 tty=ssh ruser= rhost=43.255.190.141  user=root
Apr 14 06:29:52 ovzhost sshd[1859]: message repeated 2 times: [ Failed password for root from 43.255.190.141 port 59142 ssh2]
Apr 14 06:29:52 ovzhost sshd[1859]: Received disconnect from 43.255.190.141: 11:  [preauth]
Apr 14 06:29:52 ovzhost sshd[1859]: PAM 2 more authentication failures; logname= uid=0 euid=0 tty=ssh ruser= rhost=43.255.190.141  user=root
Apr 14 06:29:52 ovzhost sshd[1863]: Failed password for root from 43.255.190.141 port 41761 ssh2
Apr 14 06:29:52 ovzhost sshd[1865]: pam_unix(sshd:auth): authentication failure; logname= uid=0 euid=0 tty=ssh ruser= rhost=43.255.190.141  user=root
Apr 14 06:29:53 ovzhost sshd[1861]: message repeated 2 times: [ Failed password for root from 43.255.190.142 port 60405 ssh2]
Apr 14 06:29:53 ovzhost sshd[1861]: Received disconnect from 43.255.190.142: 11:  [preauth]
Apr 14 06:29:53 ovzhost sshd[1861]: PAM 2 more authentication failures; logname= uid=0 euid=0 tty=ssh ruser= rhost=43.255.190.142  user=root
Apr 14 06:29:54 ovzhost sshd[1865]: Failed password for root from 43.255.190.141 port 49634 ssh2
Apr 14 06:29:56 ovzhost sshd[1863]: message repeated 2 times: [ Failed password for root from 43.255.190.141 port 41761 ssh2]
Apr 14 06:29:56 ovzhost sshd[1863]: Received disconnect from 43.255.190.141: 11:  [preauth]
Apr 14 06:29:56 ovzhost sshd[1863]: PAM 2 more authentication failures; logname= uid=0 euid=0 tty=ssh ruser= rhost=43.255.190.141  user=root
Apr 14 06:29:57 ovzhost sshd[1868]: pam_unix(sshd:auth): authentication failure; logname= uid=0 euid=0 tty=ssh ruser= rhost=43.255.190.141  user=root
Apr 14 06:29:59 ovzhost sshd[1865]: message repeated 2 times: [ Failed password for root from 43.255.190.141 port 49634 ssh2]
Apr 14 06:29:59 ovzhost sshd[1865]: Received disconnect from 43.255.190.141: 11:  [preauth]
Apr 14 06:29:59 ovzhost sshd[1865]: PAM 2 more authentication failures; logname= uid=0 euid=0 tty=ssh ruser= rhost=43.255.190.141  user=root
Apr 14 06:29:59 ovzhost sshd[1868]: Failed password for root from 43.255.190.141 port 60364 ssh2
Apr 14 06:29:59 ovzhost sshd[1870]: pam_unix(sshd:auth): authentication failure; logname= uid=0 euid=0 tty=ssh ruser= rhost=43.255.190.141  user=root
Apr 14 06:30:01 ovzhost sshd[1870]: Failed password for root from 43.255.190.141 port 38037 ssh2
Apr 14 06:30:03 ovzhost sshd[1868]: message repeated 2 times: [ Failed password for root from 43.255.190.141 port 60364 ssh2]
Apr 14 06:30:03 ovzhost sshd[1868]: Received disconnect from 43.255.190.141: 11:  [preauth]
Apr 14 06:30:03 ovzhost sshd[1868]: PAM 2 more authentication failures; logname= uid=0 euid=0 tty=ssh ruser= rhost=43.255.190.141  user=root
Apr 14 06:30:04 ovzhost sshd[1872]: pam_unix(sshd:auth): authentication failure; logname= uid=0 euid=0 tty=ssh ruser= rhost=43.255.190.141  user=root
Apr 14 06:30:05 ovzhost sshd[1872]: Failed password for root from 43.255.190.141 port 49564 ssh2
Apr 14 06:30:06 ovzhost sshd[1870]: message repeated 2 times: [ Failed password for root from 43.255.190.141 port 38037 ssh2]
Apr 14 06:30:06 ovzhost sshd[1870]: Received disconnect from 43.255.190.141: 11:  [preauth]
Apr 14 06:30:06 ovzhost sshd[1870]: PAM 2 more authentication failures; logname= uid=0 euid=0 tty=ssh ruser= rhost=43.255.190.141  user=root
Apr 14 06:30:07 ovzhost sshd[1874]: pam_unix(sshd:auth): authentication failure; logname= uid=0 euid=0 tty=ssh ruser= rhost=43.255.190.141  user=root
Apr 14 06:30:09 ovzhost sshd[1874]: Failed password for root from 43.255.190.141 port 57042 ssh2
Apr 14 06:30:10 ovzhost sshd[1872]: message repeated 2 times: [ Failed password for root from 43.255.190.141 port 49564 ssh2]
Apr 14 06:30:10 ovzhost sshd[1872]: Received disconnect from 43.255.190.141: 11:  [preauth]
Apr 14 06:30:10 ovzhost sshd[1872]: PAM 2 more authentication failures; logname= uid=0 euid=0 tty=ssh ruser= rhost=43.255.190.141  user=root
Apr 14 06:30:11 ovzhost sshd[1876]: pam_unix(sshd:auth): authentication failure; logname= uid=0 euid=0 tty=ssh ruser= rhost=43.255.190.141  user=root
Apr 14 06:30:13 ovzhost sshd[1876]: Failed password for root from 43.255.190.141 port 38715 ssh2
Apr 14 06:30:13 ovzhost sshd[1874]: message repeated 2 times: [ Failed password for root from 43.255.190.141 port 57042 ssh2]
Apr 14 06:30:13 ovzhost sshd[1874]: Received disconnect from 43.255.190.141: 11:  [preauth]
Apr 14 06:30:13 ovzhost sshd[1874]: PAM 2 more authentication failures; logname= uid=0 euid=0 tty=ssh ruser= rhost=43.255.190.141  user=root
Apr 14 06:30:18 ovzhost sshd[1876]: message repeated 2 times: [ Failed password for root from 43.255.190.141 port 38715 ssh2]
Apr 14 06:30:18 ovzhost sshd[1876]: Received disconnect from 43.255.190.141: 11:  [preauth]
Apr 14 06:30:18 ovzhost sshd[1876]: PAM 2 more authentication failures; logname= uid=0 euid=0 tty=ssh ruser= rhost=43.255.190.141  user=root
Apr 14 06:30:18 ovzhost sshd[1878]: pam_unix(sshd:auth): authentication failure; logname= uid=0 euid=0 tty=ssh ruser= rhost=43.255.190.141  user=root
Apr 14 06:30:20 ovzhost sshd[1878]: Failed password for root from 43.255.190.141 port 57013 ssh2
Apr 14 06:30:23 ovzhost sshd[1881]: Connection closed by 128.8.37.104 [preauth]
Apr 14 06:30:24 ovzhost sshd[1878]: message repeated 2 times: [ Failed password for root from 43.255.190.141 port 57013 ssh2]
Apr 14 06:30:25 ovzhost sshd[1878]: Received disconnect from 43.255.190.141: 11:  [preauth]
Apr 14 06:30:25 ovzhost sshd[1878]: PAM 2 more authentication failures; logname= uid=0 euid=0 tty=ssh ruser= rhost=43.255.190.141  user=root
Apr 14 06:30:25 ovzhost sshd[1883]: pam_unix(sshd:auth): authentication failure; logname= uid=0 euid=0 tty=ssh ruser= rhost=43.255.190.141  user=root
Apr 14 06:30:28 ovzhost sshd[1883]: Failed password for root from 43.255.190.141 port 45857 ssh2
Apr 14 06:30:33 ovzhost sshd[1883]: message repeated 2 times: [ Failed password for root from 43.255.190.141 port 45857 ssh2]
Apr 14 06:30:33 ovzhost sshd[1883]: Received disconnect from 43.255.190.141: 11:  [preauth]
Apr 14 06:30:33 ovzhost sshd[1883]: PAM 2 more authentication failures; logname= uid=0 euid=0 tty=ssh ruser= rhost=43.255.190.141  user=root
Apr 14 06:30:34 ovzhost sshd[1885]: pam_unix(sshd:auth): authentication failure; logname= uid=0 euid=0 tty=ssh ruser= rhost=43.255.190.141  user=root
Apr 14 06:30:36 ovzhost sshd[1885]: Failed password for root from 43.255.190.141 port 37082 ssh2
Apr 14 06:30:40 ovzhost sshd[1885]: message repeated 2 times: [ Failed password for root from 43.255.190.141 port 37082 ssh2]
Apr 14 06:30:40 ovzhost sshd[1885]: Received disconnect from 43.255.190.141: 11:  [preauth]
Apr 14 06:30:40 ovzhost sshd[1885]: PAM 2 more authentication failures; logname= uid=0 euid=0 tty=ssh ruser= rhost=43.255.190.141  user=root
Apr 14 06:31:13 ovzhost sshd[1888]: Connection closed by 127.0.0.1 [preauth]
Apr 14 06:32:21 ovzhost sshd[1897]: Invalid user ncrm from 80.242.123.130
Apr 14 06:32:21 ovzhost sshd[1897]: input_userauth_request: invalid user ncrm [preauth]
Apr 14 06:32:21 ovzhost sshd[1897]: pam_unix(sshd:auth): check pass; user unknown
Apr 14 06:32:21 ovzhost sshd[1897]: pam_unix(sshd:auth): authentication failure; logname= uid=0 euid=0 tty=ssh ruser= rhost=130-123-242-80.pppoe.dyn.broadband.blic.net 
Apr 14 06:32:22 ovzhost sshd[1897]: Failed password for invalid user ncrm from 80.242.123.130 port 60605 ssh2
Apr 14 06:32:23 ovzhost sshd[1897]: Received disconnect from 80.242.123.130: 11: Bye Bye [preauth]
Apr 14 06:32:23 ovzhost sshd[1898]: pam_unix(sshd:auth): authentication failure; logname= uid=0 euid=0 tty=ssh ruser= rhost=58.218.204.245  user=root
Apr 14 06:32:24 ovzhost sshd[1898]: Failed password for root from 58.218.204.245 port 60666 ssh2
Apr 14 06:32:30 ovzhost sshd[1898]: message repeated 2 times: [ Failed password for root from 58.218.204.245 port 60666 ssh2]
Apr 14 06:32:30 ovzhost sshd[1898]: Received disconnect from 58.218.204.245: 11:  [preauth]
Apr 14 06:32:30 ovzhost sshd[1898]: PAM 2 more authentication failures; logname= uid=0 euid=0 tty=ssh ruser= rhost=58.218.204.245  user=root
Apr 14 06:32:33 ovzhost sshd[1901]: pam_unix(sshd:auth): authentication failure; logname= uid=0 euid=0 tty=ssh ruser= rhost=58.218.204.245  user=root
Apr 14 06:32:35 ovzhost sshd[1901]: Failed password for root from 58.218.204.245 port 50385 ssh2
Apr 14 06:32:39 ovzhost sshd[1901]: message repeated 2 times: [ Failed password for root from 58.218.204.245 port 50385 ssh2]
Apr 14 06:32:40 ovzhost sshd[1901]: Received disconnect from 58.218.204.245: 11:  [preauth]
Apr 14 06:32:40 ovzhost sshd[1901]: PAM 2 more authentication failures; logname= uid=0 euid=0 tty=ssh ruser= rhost=58.218.204.245  user=root
Apr 14 06:32:43 ovzhost sshd[1903]: pam_unix(sshd:auth): authentication failure; logname= uid=0 euid=0 tty=ssh ruser= rhost=58.218.204.245  user=root
Apr 14 06:32:44 ovzhost sshd[1903]: Failed password for root from 58.218.204.245 port 39740 ssh2
Apr 14 06:32:50 ovzhost sshd[1903]: message repeated 2 times: [ Failed password for root from 58.218.204.245 port 39740 ssh2]
Apr 14 06:32:50 ovzhost sshd[1903]: Received disconnect from 58.218.204.245: 11:  [preauth]
Apr 14 06:32:50 ovzhost sshd[1903]: PAM 2 more authentication failures; logname= uid=0 euid=0 tty=ssh ruser= rhost=58.218.204.245  user=root
Apr 14 06:32:53 ovzhost sshd[1906]: pam_unix(sshd:auth): authentication failure; logname= uid=0 euid=0 tty=ssh ruser= rhost=58.218.204.245  user=root
Apr 14 06:32:54 ovzhost sshd[1906]: Failed password for root from 58.218.204.245 port 57772 ssh2
Apr 14 06:32:58 ovzhost sshd[1906]: message repeated 2 times: [ Failed password for root from 58.218.204.245 port 57772 ssh2]
Apr 14 06:32:58 ovzhost sshd[1906]: Received disconnect from 58.218.204.245: 11:  [preauth]
Apr 14 06:32:58 ovzhost sshd[1906]: PAM 2 more authentication failures; logname= uid=0 euid=0 tty=ssh ruser= rhost=58.218.204.245  user=root
Apr 14 06:33:00 ovzhost sshd[1908]: pam_unix(sshd:auth): authentication failure; logname= uid=0 euid=0 tty=ssh ruser= rhost=58.218.204.245  user=root
Apr 14 06:33:02 ovzhost sshd[1908]: Failed password for root from 58.218.204.245 port 45110 ssh2
Apr 14 06:33:06 ovzhost sshd[1908]: message repeated 2 times: [ Failed password for root from 58.218.204.245 port 45110 ssh2]
Apr 14 06:33:07 ovzhost sshd[1908]: Received disconnect from 58.218.204.245: 11:  [preauth]
Apr 14 06:33:07 ovzhost sshd[1908]: PAM 2 more authentication failures; logname= uid=0 euid=0 tty=ssh ruser= rhost=58.218.204.245  user=root
Apr 14 06:33:09 ovzhost sshd[1910]: pam_unix(sshd:auth): authentication failure; logname= uid=0 euid=0 tty=ssh ruser= rhost=58.218.204.245  user=root
Apr 14 06:33:11 ovzhost sshd[1910]: Failed password for root from 58.218.204.245 port 60445 ssh2
Apr 14 06:33:15 ovzhost sshd[1910]: message repeated 2 times: [ Failed password for root from 58.218.204.245 port 60445 ssh2]
Apr 14 06:33:15 ovzhost sshd[1910]: Received disconnect from 58.218.204.245: 11:  [preauth]
Apr 14 06:33:15 ovzhost sshd[1910]: PAM 2 more authentication failures; logname= uid=0 euid=0 tty=ssh ruser= rhost=58.218.204.245  user=root
Apr 14 06:33:18 ovzhost sshd[1914]: pam_unix(sshd:auth): authentication failure; logname= uid=0 euid=0 tty=ssh ruser= rhost=58.218.204.245  user=root
Apr 14 06:33:19 ovzhost sshd[1914]: Failed password for root from 58.218.204.245 port 47047 ssh2
Apr 14 06:33:24 ovzhost sshd[1914]: message repeated 2 times: [ Failed password for root from 58.218.204.245 port 47047 ssh2]
Apr 14 06:33:24 ovzhost sshd[1914]: Received disconnect from 58.218.204.245: 11:  [preauth]
Apr 14 06:33:24 ovzhost sshd[1914]: PAM 2 more authentication failures; logname= uid=0 euid=0 tty=ssh ruser= rhost=58.218.204.245  user=root
Apr 14 06:33:28 ovzhost sshd[1916]: pam_unix(sshd:auth): authentication failure; logname= uid=0 euid=0 tty=ssh ruser= rhost=58.218.204.245  user=root
Apr 14 06:33:30 ovzhost sshd[1916]: Failed password for root from 58.218.204.245 port 34070 ssh2
Apr 14 06:33:34 ovzhost sshd[1916]: message repeated 2 times: [ Failed password for root from 58.218.204.245 port 34070 ssh2]
Apr 14 06:33:35 ovzhost sshd[1916]: Received disconnect from 58.218.204.245: 11:  [preauth]
Apr 14 06:33:35 ovzhost sshd[1916]: PAM 2 more authentication failures; logname= uid=0 euid=0 tty=ssh ruser= rhost=58.218.204.245  user=root
Apr 14 06:33:41 ovzhost sshd[1921]: pam_unix(sshd:auth): authentication failure; logname= uid=0 euid=0 tty=ssh ruser= rhost=58.218.204.245  user=root
Apr 14 06:33:43 ovzhost sshd[1921]: Failed password for root from 58.218.204.245 port 55163 ssh2
Apr 14 06:33:47 ovzhost sshd[1921]: message repeated 2 times: [ Failed password for root from 58.218.204.245 port 55163 ssh2]
Apr 14 06:33:47 ovzhost sshd[1921]: Received disconnect from 58.218.204.245: 11:  [preauth]
Apr 14 06:33:47 ovzhost sshd[1921]: PAM 2 more authentication failures; logname= uid=0 euid=0 tty=ssh ruser= rhost=58.218.204.245  user=root
Apr 14 06:33:49 ovzhost sshd[1923]: pam_unix(sshd:auth): authentication failure; logname= uid=0 euid=0 tty=ssh ruser= rhost=58.218.204.245  user=root
Apr 14 06:33:51 ovzhost sshd[1923]: Failed password for root from 58.218.204.245 port 50247 ssh2
Apr 14 06:33:55 ovzhost sshd[1923]: message repeated 2 times: [ Failed password for root from 58.218.204.245 port 50247 ssh2]
Apr 14 06:33:56 ovzhost sshd[1923]: Received disconnect from 58.218.204.245: 11:  [preauth]
Apr 14 06:33:56 ovzhost sshd[1923]: PAM 2 more authentication failures; logname= uid=0 euid=0 tty=ssh ruser= rhost=58.218.204.245  user=root
Apr 14 06:33:59 ovzhost sshd[1927]: pam_unix(sshd:auth): authentication failure; logname= uid=0 euid=0 tty=ssh ruser= rhost=58.218.204.245  user=root
Apr 14 06:34:01 ovzhost sshd[1927]: Failed password for root from 58.218.204.245 port 39326 ssh2
Apr 14 06:34:07 ovzhost sshd[1927]: message repeated 2 times: [ Failed password for root from 58.218.204.245 port 39326 ssh2]
Apr 14 06:34:08 ovzhost sshd[1927]: Received disconnect from 58.218.204.245: 11:  [preauth]
Apr 14 06:34:08 ovzhost sshd[1927]: PAM 2 more authentication failures; logname= uid=0 euid=0 tty=ssh ruser= rhost=58.218.204.245  user=root
Apr 14 06:34:11 ovzhost sshd[1929]: pam_unix(sshd:auth): authentication failure; logname= uid=0 euid=0 tty=ssh ruser= rhost=58.218.204.245  user=root
Apr 14 06:34:13 ovzhost sshd[1929]: Failed password for root from 58.218.204.245 port 33145 ssh2
Apr 14 06:34:17 ovzhost sshd[1929]: message repeated 2 times: [ Failed password for root from 58.218.204.245 port 33145 ssh2]
Apr 14 06:34:18 ovzhost sshd[1929]: Received disconnect from 58.218.204.245: 11:  [preauth]
Apr 14 06:34:18 ovzhost sshd[1929]: PAM 2 more authentication failures; logname= uid=0 euid=0 tty=ssh ruser= rhost=58.218.204.245  user=root
Apr 14 06:34:20 ovzhost sshd[1931]: pam_unix(sshd:auth): authentication failure; logname= uid=0 euid=0 tty=ssh ruser= rhost=58.218.204.245  user=root
Apr 14 06:34:22 ovzhost sshd[1931]: Failed password for root from 58.218.204.245 port 51415 ssh2
Apr 14 06:34:31 ovzhost sshd[1931]: message repeated 2 times: [ Failed password for root from 58.218.204.245 port 51415 ssh2]
Apr 14 06:34:32 ovzhost sshd[1931]: Received disconnect from 58.218.204.245: 11:  [preauth]
Apr 14 06:34:32 ovzhost sshd[1931]: PAM 2 more authentication failures; logname= uid=0 euid=0 tty=ssh ruser= rhost=58.218.204.245  user=root
Apr 14 06:34:34 ovzhost sshd[1933]: pam_unix(sshd:auth): authentication failure; logname= uid=0 euid=0 tty=ssh ruser= rhost=58.218.204.245  user=root
Apr 14 06:34:36 ovzhost sshd[1933]: Failed password for root from 58.218.204.245 port 50012 ssh2
Apr 14 06:34:41 ovzhost sshd[1933]: message repeated 2 times: [ Failed password for root from 58.218.204.245 port 50012 ssh2]
Apr 14 06:34:41 ovzhost sshd[1933]: Received disconnect from 58.218.204.245: 11:  [preauth]
Apr 14 06:34:41 ovzhost sshd[1933]: PAM 2 more authentication failures; logname= uid=0 euid=0 tty=ssh ruser= rhost=58.218.204.245  user=root
Apr 14 06:34:43 ovzhost sshd[1935]: pam_unix(sshd:auth): authentication failure; logname= uid=0 euid=0 tty=ssh ruser= rhost=58.218.204.245  user=root
Apr 14 06:34:45 ovzhost sshd[1935]: Failed password for root from 58.218.204.245 port 39065 ssh2
Apr 14 06:34:49 ovzhost sshd[1935]: message repeated 2 times: [ Failed password for root from 58.218.204.245 port 39065 ssh2]
Apr 14 06:34:49 ovzhost sshd[1935]: Received disconnect from 58.218.204.245: 11:  [preauth]
Apr 14 06:34:49 ovzhost sshd[1935]: PAM 2 more authentication failures; logname= uid=0 euid=0 tty=ssh ruser= rhost=58.218.204.245  user=root
Apr 14 06:34:55 ovzhost sshd[1937]: pam_unix(sshd:auth): authentication failure; logname= uid=0 euid=0 tty=ssh ruser= rhost=58.218.204.245  user=root
Apr 14 06:34:57 ovzhost sshd[1937]: Failed password for root from 58.218.204.245 port 54969 ssh2
