Apr 14 06:06:28 ovzhost sshd[1306]: message repeated 2 times: [ Failed password for root from 43.255.190.134 port 41912 ssh2]
Apr 14 06:06:28 ovzhost sshd[1306]: Received disconnect from 43.255.190.134: 11:  [preauth]
Apr 14 06:06:28 ovzhost sshd[1306]: PAM 2 more authentication failures; logname= uid=0 euid=0 tty=ssh ruser= rhost=43.255.190.134  user=root
Apr 14 06:06:28 ovzhost sshd[1304]: message repeated 2 times: [ Failed password for root from 221.229.166.30 port 59088 ssh2]
Apr 14 06:06:28 ovzhost sshd[1304]: Received disconnect from 221.229.166.30: 11:  [preauth]
Apr 14 06:06:28 ovzhost sshd[1304]: PAM 2 more authentication failures; logname= uid=0 euid=0 tty=ssh ruser= rhost=221.229.166.30  user=root
Apr 14 06:06:28 ovzhost sshd[1308]: pam_unix(sshd:auth): authentication failure; logname= uid=0 euid=0 tty=ssh ruser= rhost=43.255.190.134  user=root
Apr 14 06:06:31 ovzhost sshd[1308]: Failed password for root from 43.255.190.134 port 59350 ssh2
Apr 14 06:06:34 ovzhost sshd[1308]: message repeated 2 times: [ Failed password for root from 43.255.190.134 port 59350 ssh2]
Apr 14 06:06:34 ovzhost sshd[1308]: Received disconnect from 43.255.190.134: 11:  [preauth]
Apr 14 06:06:34 ovzhost sshd[1308]: PAM 2 more authentication failures; logname= uid=0 euid=0 tty=ssh ruser= rhost=43.255.190.134  user=root
Apr 14 06:09:01 ovzhost CRON[1323]: pam_env(cron:session): Unable to open env file: /etc/default/locale: No such file or directory
Apr 14 06:09:01 ovzhost CRON[1323]: pam_unix(cron:session): session opened for user root by (uid=0)
Apr 14 06:09:01 ovzhost CRON[1322]: pam_env(cron:session): Unable to open env file: /etc/default/locale: No such file or directory
Apr 14 06:09:01 ovzhost CRON[1322]: pam_unix(cron:session): session opened for user root by (uid=0)
Apr 14 06:09:01 ovzhost CRON[1322]: pam_unix(cron:session): session closed for user root
Apr 14 06:09:01 ovzhost CRON[1323]: pam_unix(cron:session): session closed for user root
Apr 14 06:10:23 ovzhost sshd[1339]: Connection closed by 128.8.37.104 [preauth]
Apr 14 06:11:13 ovzhost sshd[1344]: Connection closed by 127.0.0.1 [preauth]
Apr 14 06:16:13 ovzhost sshd[1363]: Connection closed by 127.0.0.1 [preauth]
Apr 14 06:20:01 ovzhost CRON[1383]: pam_env(cron:session): Unable to open env file: /etc/default/locale: No such file or directory
Apr 14 06:20:01 ovzhost CRON[1383]: pam_unix(cron:session): session opened for user smmsp by (uid=0)
Apr 14 06:20:01 ovzhost CRON[1383]: pam_unix(cron:session): session closed for user smmsp
Apr 14 06:20:23 ovzhost sshd[1410]: Connection closed by 128.8.37.104 [preauth]
Apr 14 06:21:13 ovzhost sshd[1415]: Connection closed by 127.0.0.1 [preauth]
Apr 14 06:21:30 ovzhost sshd[1421]: pam_unix(sshd:auth): authentication failure; logname= uid=0 euid=0 tty=ssh ruser= rhost=43.255.190.142  user=root
Apr 14 06:21:32 ovzhost sshd[1421]: Failed password for root from 43.255.190.142 port 51719 ssh2
Apr 14 06:21:36 ovzhost sshd[1421]: message repeated 2 times: [ Failed password for root from 43.255.190.142 port 51719 ssh2]
Apr 14 06:21:36 ovzhost sshd[1421]: Received disconnect from 43.255.190.142: 11:  [preauth]
Apr 14 06:21:36 ovzhost sshd[1421]: PAM 2 more authentication failures; logname= uid=0 euid=0 tty=ssh ruser= rhost=43.255.190.142  user=root
Apr 14 06:21:37 ovzhost sshd[1423]: pam_unix(sshd:auth): authentication failure; logname= uid=0 euid=0 tty=ssh ruser= rhost=43.255.190.142  user=root
Apr 14 06:21:39 ovzhost sshd[1423]: Failed password for root from 43.255.190.142 port 40368 ssh2
Apr 14 06:21:44 ovzhost sshd[1423]: message repeated 2 times: [ Failed password for root from 43.255.190.142 port 40368 ssh2]
Apr 14 06:21:44 ovzhost sshd[1423]: Received disconnect from 43.255.190.142: 11:  [preauth]
Apr 14 06:21:44 ovzhost sshd[1423]: PAM 2 more authentication failures; logname= uid=0 euid=0 tty=ssh ruser= rhost=43.255.190.142  user=root
Apr 14 06:21:44 ovzhost sshd[1425]: pam_unix(sshd:auth): authentication failure; logname= uid=0 euid=0 tty=ssh ruser= rhost=43.255.190.142  user=root
Apr 14 06:21:46 ovzhost sshd[1425]: Failed password for root from 43.255.190.142 port 59878 ssh2
Apr 14 06:21:50 ovzhost sshd[1425]: message repeated 2 times: [ Failed password for root from 43.255.190.142 port 59878 ssh2]
Apr 14 06:21:51 ovzhost sshd[1425]: Received disconnect from 43.255.190.142: 11:  [preauth]
Apr 14 06:21:51 ovzhost sshd[1425]: PAM 2 more authentication failures; logname= uid=0 euid=0 tty=ssh ruser= rhost=43.255.190.142  user=root
Apr 14 06:21:53 ovzhost sshd[1428]: pam_unix(sshd:auth): authentication failure; logname= uid=0 euid=0 tty=ssh ruser= rhost=43.255.190.141  user=root
Apr 14 06:21:55 ovzhost sshd[1430]: pam_unix(sshd:auth): authentication failure; logname= uid=0 euid=0 tty=ssh ruser= rhost=43.255.190.142  user=root
Apr 14 06:21:55 ovzhost sshd[1428]: Failed password for root from 43.255.190.141 port 39345 ssh2
Apr 14 06:21:56 ovzhost sshd[1430]: Failed password for root from 43.255.190.142 port 49028 ssh2
Apr 14 06:21:59 ovzhost sshd[1428]: message repeated 2 times: [ Failed password for root from 43.255.190.141 port 39345 ssh2]
Apr 14 06:21:59 ovzhost sshd[1428]: Received disconnect from 43.255.190.141: 11:  [preauth]
Apr 14 06:21:59 ovzhost sshd[1428]: PAM 2 more authentication failures; logname= uid=0 euid=0 tty=ssh ruser= rhost=43.255.190.141  user=root
Apr 14 06:22:00 ovzhost sshd[1432]: pam_unix(sshd:auth): authentication failure; logname= uid=0 euid=0 tty=ssh ruser= rhost=43.255.190.141  user=root
Apr 14 06:22:01 ovzhost sshd[1430]: message repeated 2 times: [ Failed password for root from 43.255.190.142 port 49028 ssh2]
Apr 14 06:22:01 ovzhost sshd[1430]: Received disconnect from 43.255.190.142: 11:  [preauth]
Apr 14 06:22:01 ovzhost sshd[1430]: PAM 2 more authentication failures; logname= uid=0 euid=0 tty=ssh ruser= rhost=43.255.190.142  user=root
Apr 14 06:22:02 ovzhost sshd[1434]: pam_unix(sshd:auth): authentication failure; logname= uid=0 euid=0 tty=ssh ruser= rhost=43.255.190.142  user=root
Apr 14 06:22:02 ovzhost sshd[1432]: Failed password for root from 43.255.190.141 port 35938 ssh2
Apr 14 06:22:04 ovzhost sshd[1434]: Failed password for root from 43.255.190.142 port 46260 ssh2
Apr 14 06:22:07 ovzhost sshd[1432]: message repeated 2 times: [ Failed password for root from 43.255.190.141 port 35938 ssh2]
Apr 14 06:22:07 ovzhost sshd[1432]: Received disconnect from 43.255.190.141: 11:  [preauth]
Apr 14 06:22:07 ovzhost sshd[1432]: PAM 2 more authentication failures; logname= uid=0 euid=0 tty=ssh ruser= rhost=43.255.190.141  user=root
Apr 14 06:22:07 ovzhost sshd[1436]: pam_unix(sshd:auth): authentication failure; logname= uid=0 euid=0 tty=ssh ruser= rhost=43.255.190.141  user=root
Apr 14 06:22:07 ovzhost sshd[1434]: message repeated 2 times: [ Failed password for root from 43.255.190.142 port 46260 ssh2]
Apr 14 06:22:07 ovzhost sshd[1434]: Received disconnect from 43.255.190.142: 11:  [preauth]
Apr 14 06:22:07 ovzhost sshd[1434]: PAM 2 more authentication failures; logname= uid=0 euid=0 tty=ssh ruser= rhost=43.255.190.142  user=root
Apr 14 06:22:08 ovzhost sshd[1438]: pam_unix(sshd:auth): authentication failure; logname= uid=0 euid=0 tty=ssh ruser= rhost=43.255.190.142  user=root
Apr 14 06:22:09 ovzhost sshd[1436]: Failed password for root from 43.255.190.141 port 54595 ssh2
Apr 14 06:22:10 ovzhost sshd[1438]: Failed password for root from 43.255.190.142 port 34194 ssh2
Apr 14 06:22:14 ovzhost sshd[1438]: message repeated 2 times: [ Failed password for root from 43.255.190.142 port 34194 ssh2]
Apr 14 06:22:14 ovzhost sshd[1438]: Received disconnect from 43.255.190.142: 11:  [preauth]
Apr 14 06:22:14 ovzhost sshd[1438]: PAM 2 more authentication failures; logname= uid=0 euid=0 tty=ssh ruser= rhost=43.255.190.142  user=root
Apr 14 06:22:14 ovzhost sshd[1436]: message repeated 2 times: [ Failed password for root from 43.255.190.141 port 54595 ssh2]
Apr 14 06:22:14 ovzhost sshd[1436]: Received disconnect from 43.255.190.141: 11:  [preauth]
Apr 14 06:22:14 ovzhost sshd[1436]: PAM 2 more authentication failures; logname= uid=0 euid=0 tty=ssh ruser= rhost=43.255.190.141  user=root
Apr 14 06:22:16 ovzhost sshd[1444]: pam_unix(sshd:auth): authentication failure; logname= uid=0 euid=0 tty=ssh ruser= rhost=43.255.190.141  user=root
Apr 14 06:22:16 ovzhost sshd[1442]: pam_unix(sshd:auth): authentication failure; logname= uid=0 euid=0 tty=ssh ruser= rhost=43.255.190.141  user=root
Apr 14 06:22:17 ovzhost sshd[1440]: pam_unix(sshd:auth): authentication failure; logname= uid=0 euid=0 tty=ssh ruser= rhost=43.255.190.142  user=root
Apr 14 06:22:17 ovzhost sshd[1444]: Failed password for root from 43.255.190.141 port 48836 ssh2
Apr 14 06:22:18 ovzhost sshd[1442]: Failed password for root from 43.255.190.141 port 47785 ssh2
Apr 14 06:22:19 ovzhost sshd[1440]: Failed password for root from 43.255.190.142 port 51653 ssh2
Apr 14 06:22:22 ovzhost sshd[1442]: message repeated 2 times: [ Failed password for root from 43.255.190.141 port 47785 ssh2]
Apr 14 06:22:22 ovzhost sshd[1442]: Received disconnect from 43.255.190.141: 11:  [preauth]
Apr 14 06:22:22 ovzhost sshd[1442]: PAM 2 more authentication failures; logname= uid=0 euid=0 tty=ssh ruser= rhost=43.255.190.141  user=root
Apr 14 06:22:22 ovzhost sshd[1444]: message repeated 2 times: [ Failed password for root from 43.255.190.141 port 48836 ssh2]
Apr 14 06:22:22 ovzhost sshd[1444]: Received disconnect from 43.255.190.141: 11:  [preauth]
Apr 14 06:22:22 ovzhost sshd[1444]: PAM 2 more authentication failures; logname= uid=0 euid=0 tty=ssh ruser= rhost=43.255.190.141  user=root
Apr 14 06:22:22 ovzhost sshd[1446]: pam_unix(sshd:auth): authentication failure; logname= uid=0 euid=0 tty=ssh ruser= rhost=43.255.190.141  user=root
Apr 14 06:22:23 ovzhost sshd[1448]: pam_unix(sshd:auth): authentication failure; logname= uid=0 euid=0 tty=ssh ruser= rhost=43.255.190.141  user=root
Apr 14 06:22:23 ovzhost sshd[1440]: message repeated 2 times: [ Failed password for root from 43.255.190.142 port 51653 ssh2]
Apr 14 06:22:23 ovzhost sshd[1440]: Received disconnect from 43.255.190.142: 11:  [preauth]
Apr 14 06:22:23 ovzhost sshd[1440]: PAM 2 more authentication failures; logname= uid=0 euid=0 tty=ssh ruser= rhost=43.255.190.142  user=root
Apr 14 06:22:24 ovzhost sshd[1450]: pam_unix(sshd:auth): authentication failure; logname= uid=0 euid=0 tty=ssh ruser= rhost=43.255.190.142  user=root
Apr 14 06:22:24 ovzhost sshd[1446]: Failed password for root from 43.255.190.141 port 38360 ssh2
Apr 14 06:22:24 ovzhost sshd[1448]: Failed password for root from 43.255.190.141 port 38919 ssh2
Apr 14 06:22:26 ovzhost sshd[1450]: Failed password for root from 43.255.190.142 port 44680 ssh2
Apr 14 06:22:28 ovzhost sshd[1446]: message repeated 2 times: [ Failed password for root from 43.255.190.141 port 38360 ssh2]
Apr 14 06:22:28 ovzhost sshd[1446]: Received disconnect from 43.255.190.141: 11:  [preauth]
Apr 14 06:22:28 ovzhost sshd[1446]: PAM 2 more authentication failures; logname= uid=0 euid=0 tty=ssh ruser= rhost=43.255.190.141  user=root
Apr 14 06:22:29 ovzhost sshd[1448]: message repeated 2 times: [ Failed password for root from 43.255.190.141 port 38919 ssh2]
Apr 14 06:22:29 ovzhost sshd[1448]: Received disconnect from 43.255.190.141: 11:  [preauth]
Apr 14 06:22:29 ovzhost sshd[1448]: PAM 2 more authentication failures; logname= uid=0 euid=0 tty=ssh ruser= rhost=43.255.190.141  user=root
Apr 14 06:22:29 ovzhost sshd[1452]: pam_unix(sshd:auth): authentication failure; logname= uid=0 euid=0 tty=ssh ruser= rhost=43.255.190.141  user=root
Apr 14 06:22:29 ovzhost sshd[1454]: pam_unix(sshd:auth): authentication failure; logname= uid=0 euid=0 tty=ssh ruser= rhost=43.255.190.141  user=root
Apr 14 06:22:30 ovzhost sshd[1450]: message repeated 2 times: [ Failed password for root from 43.255.190.142 port 44680 ssh2]
Apr 14 06:22:30 ovzhost sshd[1450]: Received disconnect from 43.255.190.142: 11:  [preauth]
Apr 14 06:22:30 ovzhost sshd[1450]: PAM 2 more authentication failures; logname= uid=0 euid=0 tty=ssh ruser= rhost=43.255.190.142  user=root
Apr 14 06:22:31 ovzhost sshd[1452]: Failed password for root from 43.255.190.141 port 57096 ssh2
Apr 14 06:22:31 ovzhost sshd[1454]: Failed password for root from 43.255.190.141 port 57786 ssh2
Apr 14 06:22:31 ovzhost sshd[1456]: pam_unix(sshd:auth): authentication failure; logname= uid=0 euid=0 tty=ssh ruser= rhost=43.255.190.142  user=root
Apr 14 06:22:33 ovzhost sshd[1456]: Failed password for root from 43.255.190.142 port 33720 ssh2
Apr 14 06:22:36 ovzhost sshd[1452]: message repeated 2 times: [ Failed password for root from 43.255.190.141 port 57096 ssh2]
Apr 14 06:22:36 ovzhost sshd[1452]: Received disconnect from 43.255.190.141: 11:  [preauth]
Apr 14 06:22:36 ovzhost sshd[1452]: PAM 2 more authentication failures; logname= uid=0 euid=0 tty=ssh ruser= rhost=43.255.190.141  user=root
Apr 14 06:22:36 ovzhost sshd[1454]: message repeated 2 times: [ Failed password for root from 43.255.190.141 port 57786 ssh2]
Apr 14 06:22:36 ovzhost sshd[1454]: Received disconnect from 43.255.190.141: 11:  [preauth]
Apr 14 06:22:36 ovzhost sshd[1454]: PAM 2 more authentication failures; logname= uid=0 euid=0 tty=ssh ruser= rhost=43.255.190.141  user=root
Apr 14 06:22:36 ovzhost sshd[1458]: pam_unix(sshd:auth): authentication failure; logname= uid=0 euid=0 tty=ssh ruser= rhost=43.255.190.141  user=root
Apr 14 06:22:37 ovzhost sshd[1460]: pam_unix(sshd:auth): authentication failure; logname= uid=0 euid=0 tty=ssh ruser= rhost=43.255.190.141  user=root
Apr 14 06:22:38 ovzhost sshd[1456]: message repeated 2 times: [ Failed password for root from 43.255.190.142 port 33720 ssh2]
Apr 14 06:22:38 ovzhost sshd[1456]: Received disconnect from 43.255.190.142: 11:  [preauth]
Apr 14 06:22:38 ovzhost sshd[1456]: PAM 2 more authentication failures; logname= uid=0 euid=0 tty=ssh ruser= rhost=43.255.190.142  user=root
Apr 14 06:22:39 ovzhost sshd[1460]: Failed password for root from 43.255.190.141 port 49526 ssh2
Apr 14 06:22:39 ovzhost sshd[1458]: Failed password for root from 43.255.190.141 port 48988 ssh2
Apr 14 06:22:39 ovzhost sshd[1462]: pam_unix(sshd:auth): authentication failure; logname= uid=0 euid=0 tty=ssh ruser= rhost=43.255.190.142  user=root
Apr 14 06:22:41 ovzhost sshd[1462]: Failed password for root from 43.255.190.142 port 52987 ssh2
Apr 14 06:22:43 ovzhost sshd[1460]: message repeated 2 times: [ Failed password for root from 43.255.190.141 port 49526 ssh2]
Apr 14 06:22:43 ovzhost sshd[1460]: Received disconnect from 43.255.190.141: 11:  [preauth]
Apr 14 06:22:43 ovzhost sshd[1460]: PAM 2 more authentication failures; logname= uid=0 euid=0 tty=ssh ruser= rhost=43.255.190.141  user=root
Apr 14 06:22:43 ovzhost sshd[1458]: message repeated 2 times: [ Failed password for root from 43.255.190.141 port 48988 ssh2]
Apr 14 06:22:43 ovzhost sshd[1458]: Received disconnect from 43.255.190.141: 11:  [preauth]
Apr 14 06:22:43 ovzhost sshd[1458]: PAM 2 more authentication failures; logname= uid=0 euid=0 tty=ssh ruser= rhost=43.255.190.141  user=root
Apr 14 06:22:44 ovzhost sshd[1464]: pam_unix(sshd:auth): authentication failure; logname= uid=0 euid=0 tty=ssh ruser= rhost=43.255.190.141  user=root
Apr 14 06:22:44 ovzhost sshd[1466]: pam_unix(sshd:auth): authentication failure; logname= uid=0 euid=0 tty=ssh ruser= rhost=43.255.190.141  user=root
Apr 14 06:22:45 ovzhost sshd[1462]: message repeated 2 times: [ Failed password for root from 43.255.190.142 port 52987 ssh2]
Apr 14 06:22:45 ovzhost sshd[1462]: Received disconnect from 43.255.190.142: 11:  [preauth]
Apr 14 06:22:45 ovzhost sshd[1462]: PAM 2 more authentication failures; logname= uid=0 euid=0 tty=ssh ruser= rhost=43.255.190.142  user=root
Apr 14 06:22:46 ovzhost sshd[1468]: pam_unix(sshd:auth): authentication failure; logname= uid=0 euid=0 tty=ssh ruser= rhost=43.255.190.142  user=root
Apr 14 06:22:46 ovzhost sshd[1464]: Failed password for root from 43.255.190.141 port 39022 ssh2
Apr 14 06:22:47 ovzhost sshd[1466]: Failed password for root from 43.255.190.141 port 39106 ssh2
Apr 14 06:22:47 ovzhost sshd[1468]: Failed password for root from 43.255.190.142 port 41976 ssh2
Apr 14 06:22:51 ovzhost sshd[1464]: message repeated 2 times: [ Failed password for root from 43.255.190.141 port 39022 ssh2]
Apr 14 06:22:51 ovzhost sshd[1464]: Received disconnect from 43.255.190.141: 11:  [preauth]
Apr 14 06:22:51 ovzhost sshd[1464]: PAM 2 more authentication failures; logname= uid=0 euid=0 tty=ssh ruser= rhost=43.255.190.141  user=root
Apr 14 06:22:51 ovzhost sshd[1466]: message repeated 2 times: [ Failed password for root from 43.255.190.141 port 39106 ssh2]
Apr 14 06:22:51 ovzhost sshd[1466]: Received disconnect from 43.255.190.141: 11:  [preauth]
Apr 14 06:22:51 ovzhost sshd[1466]: PAM 2 more authentication failures; logname= uid=0 euid=0 tty=ssh ruser= rhost=43.255.190.141  user=root
Apr 14 06:22:51 ovzhost sshd[1471]: pam_unix(sshd:auth): authentication failure; logname= uid=0 euid=0 tty=ssh ruser= rhost=43.255.190.141  user=root
Apr 14 06:22:51 ovzhost sshd[1473]: pam_unix(sshd:auth): authentication failure; logname= uid=0 euid=0 tty=ssh ruser= rhost=43.255.190.141  user=root
Apr 14 06:22:51 ovzhost sshd[1468]: message repeated 2 times: [ Failed password for root from 43.255.190.142 port 41976 ssh2]
Apr 14 06:22:51 ovzhost sshd[1468]: Received disconnect from 43.255.190.142: 11:  [preauth]
Apr 14 06:22:51 ovzhost sshd[1468]: PAM 2 more authentication failures; logname= uid=0 euid=0 tty=ssh ruser= rhost=43.255.190.142  user=root
Apr 14 06:22:52 ovzhost sshd[1475]: pam_unix(sshd:auth): authentication failure; logname= uid=0 euid=0 tty=ssh ruser= rhost=43.255.190.142  user=root
Apr 14 06:22:54 ovzhost sshd[1471]: Failed password for root from 43.255.190.141 port 33304 ssh2
Apr 14 06:22:54 ovzhost sshd[1473]: Failed password for root from 43.255.190.141 port 33361 ssh2
Apr 14 06:22:54 ovzhost sshd[1475]: Failed password for root from 43.255.190.142 port 57220 ssh2
Apr 14 06:22:58 ovzhost sshd[1471]: message repeated 2 times: [ Failed password for root from 43.255.190.141 port 33304 ssh2]
Apr 14 06:22:58 ovzhost sshd[1471]: Received disconnect from 43.255.190.141: 11:  [preauth]
Apr 14 06:22:58 ovzhost sshd[1471]: PAM 2 more authentication failures; logname= uid=0 euid=0 tty=ssh ruser= rhost=43.255.190.141  user=root
Apr 14 06:22:58 ovzhost sshd[1473]: message repeated 2 times: [ Failed password for root from 43.255.190.141 port 33361 ssh2]
Apr 14 06:22:58 ovzhost sshd[1473]: Received disconnect from 43.255.190.141: 11:  [preauth]
Apr 14 06:22:58 ovzhost sshd[1473]: PAM 2 more authentication failures; logname= uid=0 euid=0 tty=ssh ruser= rhost=43.255.190.141  user=root
Apr 14 06:22:59 ovzhost sshd[1475]: message repeated 2 times: [ Failed password for root from 43.255.190.142 port 57220 ssh2]
Apr 14 06:22:59 ovzhost sshd[1475]: Received disconnect from 43.255.190.142: 11:  [preauth]
Apr 14 06:22:59 ovzhost sshd[1475]: PAM 2 more authentication failures; logname= uid=0 euid=0 tty=ssh ruser= rhost=43.255.190.142  user=root
Apr 14 06:22:59 ovzhost sshd[1477]: pam_unix(sshd:auth): authentication failure; logname= uid=0 euid=0 tty=ssh ruser= rhost=43.255.190.141  user=root
Apr 14 06:22:59 ovzhost sshd[1479]: pam_unix(sshd:auth): authentication failure; logname= uid=0 euid=0 tty=ssh ruser= rhost=43.255.190.141  user=root
Apr 14 06:22:59 ovzhost sshd[1481]: pam_unix(sshd:auth): authentication failure; logname= uid=0 euid=0 tty=ssh ruser= rhost=43.255.190.142  user=root
Apr 14 06:23:01 ovzhost sshd[1477]: Failed password for root from 43.255.190.141 port 53258 ssh2
Apr 14 06:23:01 ovzhost sshd[1479]: Failed password for root from 43.255.190.141 port 53326 ssh2
Apr 14 06:23:01 ovzhost sshd[1481]: Failed password for root from 43.255.190.142 port 45982 ssh2
Apr 14 06:23:06 ovzhost sshd[1477]: message repeated 2 times: [ Failed password for root from 43.255.190.141 port 53258 ssh2]
Apr 14 06:23:06 ovzhost sshd[1477]: Received disconnect from 43.255.190.141: 11:  [preauth]
Apr 14 06:23:06 ovzhost sshd[1477]: PAM 2 more authentication failures; logname= uid=0 euid=0 tty=ssh ruser= rhost=43.255.190.141  user=root
Apr 14 06:23:06 ovzhost sshd[1479]: message repeated 2 times: [ Failed password for root from 43.255.190.141 port 53326 ssh2]
Apr 14 06:23:06 ovzhost sshd[1479]: Received disconnect from 43.255.190.141: 11:  [preauth]
Apr 14 06:23:06 ovzhost sshd[1479]: PAM 2 more authentication failures; logname= uid=0 euid=0 tty=ssh ruser= rhost=43.255.190.141  user=root
Apr 14 06:23:06 ovzhost sshd[1481]: message repeated 2 times: [ Failed password for root from 43.255.190.142 port 45982 ssh2]
Apr 14 06:23:06 ovzhost sshd[1481]: Received disconnect from 43.255.190.142: 11:  [preauth]
Apr 14 06:23:06 ovzhost sshd[1481]: PAM 2 more authentication failures; logname= uid=0 euid=0 tty=ssh ruser= rhost=43.255.190.142  user=root
Apr 14 06:23:06 ovzhost sshd[1483]: pam_unix(sshd:auth): authentication failure; logname= uid=0 euid=0 tty=ssh ruser= rhost=43.255.190.141  user=root
Apr 14 06:23:06 ovzhost sshd[1485]: pam_unix(sshd:auth): authentication failure; logname= uid=0 euid=0 tty=ssh ruser= rhost=43.255.190.141  user=root
Apr 14 06:23:07 ovzhost sshd[1487]: pam_unix(sshd:auth): authentication failure; logname= uid=0 euid=0 tty=ssh ruser= rhost=43.255.190.142  user=root
Apr 14 06:23:09 ovzhost sshd[1483]: Failed password for root from 43.255.190.141 port 44385 ssh2
Apr 14 06:23:09 ovzhost sshd[1485]: Failed password for root from 43.255.190.141 port 44466 ssh2
Apr 14 06:23:09 ovzhost sshd[1487]: Failed password for root from 43.255.190.142 port 35830 ssh2
Apr 14 06:23:13 ovzhost sshd[1483]: message repeated 2 times: [ Failed password for root from 43.255.190.141 port 44385 ssh2]
Apr 14 06:23:13 ovzhost sshd[1483]: Received disconnect from 43.255.190.141: 11:  [preauth]
Apr 14 06:23:13 ovzhost sshd[1483]: PAM 2 more authentication failures; logname= uid=0 euid=0 tty=ssh ruser= rhost=43.255.190.141  user=root
Apr 14 06:23:13 ovzhost sshd[1485]: message repeated 2 times: [ Failed password for root from 43.255.190.141 port 44466 ssh2]
Apr 14 06:23:13 ovzhost sshd[1485]: Received disconnect from 43.255.190.141: 11:  [preauth]
Apr 14 06:23:13 ovzhost sshd[1485]: PAM 2 more authentication failures; logname= uid=0 euid=0 tty=ssh ruser= rhost=43.255.190.141  user=root
Apr 14 06:23:13 ovzhost sshd[1487]: message repeated 2 times: [ Failed password for root from 43.255.190.142 port 35830 ssh2]
Apr 14 06:23:13 ovzhost sshd[1487]: Received disconnect from 43.255.190.142: 11:  [preauth]
Apr 14 06:23:13 ovzhost sshd[1487]: PAM 2 more authentication failures; logname= uid=0 euid=0 tty=ssh ruser= rhost=43.255.190.142  user=root
Apr 14 06:23:13 ovzhost sshd[1491]: pam_unix(sshd:auth): authentication failure; logname= uid=0 euid=0 tty=ssh ruser= rhost=43.255.190.141  user=root
Apr 14 06:23:13 ovzhost sshd[1493]: pam_unix(sshd:auth): authentication failure; logname= uid=0 euid=0 tty=ssh ruser= rhost=43.255.190.141  user=root
Apr 14 06:23:14 ovzhost sshd[1495]: pam_unix(sshd:auth): authentication failure; logname= uid=0 euid=0 tty=ssh ruser= rhost=43.255.190.142  user=root
Apr 14 06:23:16 ovzhost sshd[1491]: Failed password for root from 43.255.190.141 port 35792 ssh2
Apr 14 06:23:16 ovzhost sshd[1493]: Failed password for root from 43.255.190.141 port 35887 ssh2
Apr 14 06:23:16 ovzhost sshd[1495]: Failed password for root from 43.255.190.142 port 52828 ssh2
Apr 14 06:23:19 ovzhost sshd[1491]: message repeated 2 times: [ Failed password for root from 43.255.190.141 port 35792 ssh2]
Apr 14 06:23:19 ovzhost sshd[1491]: Received disconnect from 43.255.190.141: 11:  [preauth]
Apr 14 06:23:19 ovzhost sshd[1491]: PAM 2 more authentication failures; logname= uid=0 euid=0 tty=ssh ruser= rhost=43.255.190.141  user=root
Apr 14 06:23:19 ovzhost sshd[1493]: message repeated 2 times: [ Failed password for root from 43.255.190.141 port 35887 ssh2]
Apr 14 06:23:19 ovzhost sshd[1493]: Received disconnect from 43.255.190.141: 11:  [preauth]
Apr 14 06:23:19 ovzhost sshd[1493]: PAM 2 more authentication failures; logname= uid=0 euid=0 tty=ssh ruser= rhost=43.255.190.141  user=root
Apr 14 06:23:20 ovzhost sshd[1497]: pam_unix(sshd:auth): authentication failure; logname= uid=0 euid=0 tty=ssh ruser= rhost=43.255.190.141  user=root
Apr 14 06:23:20 ovzhost sshd[1499]: pam_unix(sshd:auth): authentication failure; logname= uid=0 euid=0 tty=ssh ruser= rhost=43.255.190.141  user=root
Apr 14 06:23:20 ovzhost sshd[1495]: message repeated 2 times: [ Failed password for root from 43.255.190.142 port 52828 ssh2]
Apr 14 06:23:20 ovzhost sshd[1495]: Received disconnect from 43.255.190.142: 11:  [preauth]
Apr 14 06:23:20 ovzhost sshd[1495]: PAM 2 more authentication failures; logname= uid=0 euid=0 tty=ssh ruser= rhost=43.255.190.142  user=root
Apr 14 06:23:21 ovzhost sshd[1501]: pam_unix(sshd:auth): authentication failure; logname= uid=0 euid=0 tty=ssh ruser= rhost=43.255.190.142  user=root
Apr 14 06:23:22 ovzhost sshd[1497]: Failed password for root from 43.255.190.141 port 52820 ssh2
Apr 14 06:23:22 ovzhost sshd[1499]: Failed password for root from 43.255.190.141 port 52886 ssh2
Apr 14 06:23:23 ovzhost sshd[1501]: Failed password for root from 43.255.190.142 port 42180 ssh2
Apr 14 06:23:26 ovzhost sshd[1497]: message repeated 2 times: [ Failed password for root from 43.255.190.141 port 52820 ssh2]
Apr 14 06:23:26 ovzhost sshd[1497]: Received disconnect from 43.255.190.141: 11:  [preauth]
Apr 14 06:23:26 ovzhost sshd[1497]: PAM 2 more authentication failures; logname= uid=0 euid=0 tty=ssh ruser= rhost=43.255.190.141  user=root
Apr 14 06:23:26 ovzhost sshd[1499]: message repeated 2 times: [ Failed password for root from 43.255.190.141 port 52886 ssh2]
Apr 14 06:23:26 ovzhost sshd[1499]: Received disconnect from 43.255.190.141: 11:  [preauth]
Apr 14 06:23:26 ovzhost sshd[1499]: PAM 2 more authentication failures; logname= uid=0 euid=0 tty=ssh ruser= rhost=43.255.190.141  user=root
Apr 14 06:23:27 ovzhost sshd[1506]: pam_unix(sshd:auth): authentication failure; logname= uid=0 euid=0 tty=ssh ruser= rhost=43.255.190.141  user=root
Apr 14 06:23:27 ovzhost sshd[1508]: pam_unix(sshd:auth): authentication failure; logname= uid=0 euid=0 tty=ssh ruser= rhost=43.255.190.141  user=root
Apr 14 06:23:27 ovzhost sshd[1501]: message repeated 2 times: [ Failed password for root from 43.255.190.142 port 42180 ssh2]
Apr 14 06:23:27 ovzhost sshd[1501]: Received disconnect from 43.255.190.142: 11:  [preauth]
Apr 14 06:23:27 ovzhost sshd[1501]: PAM 2 more authentication failures; logname= uid=0 euid=0 tty=ssh ruser= rhost=43.255.190.142  user=root
Apr 14 06:23:28 ovzhost sshd[1510]: pam_unix(sshd:auth): authentication failure; logname= uid=0 euid=0 tty=ssh ruser= rhost=43.255.190.142  user=root
Apr 14 06:23:29 ovzhost sshd[1506]: Failed password for root from 43.255.190.141 port 41433 ssh2
Apr 14 06:23:29 ovzhost sshd[1508]: Failed password for root from 43.255.190.141 port 41544 ssh2
Apr 14 06:23:30 ovzhost sshd[1510]: Failed password for root from 43.255.190.142 port 58917 ssh2
Apr 14 06:23:33 ovzhost sshd[1506]: message repeated 2 times: [ Failed password for root from 43.255.190.141 port 41433 ssh2]
Apr 14 06:23:34 ovzhost sshd[1506]: Received disconnect from 43.255.190.141: 11:  [preauth]
Apr 14 06:23:34 ovzhost sshd[1506]: PAM 2 more authentication failures; logname= uid=0 euid=0 tty=ssh ruser= rhost=43.255.190.141  user=root
Apr 14 06:23:33 ovzhost sshd[1508]: message repeated 2 times: [ Failed password for root from 43.255.190.141 port 41544 ssh2]
Apr 14 06:23:34 ovzhost sshd[1508]: Received disconnect from 43.255.190.141: 11:  [preauth]
Apr 14 06:23:34 ovzhost sshd[1508]: PAM 2 more authentication failures; logname= uid=0 euid=0 tty=ssh ruser= rhost=43.255.190.141  user=root
Apr 14 06:23:35 ovzhost sshd[1512]: pam_unix(sshd:auth): authentication failure; logname= uid=0 euid=0 tty=ssh ruser= rhost=43.255.190.141  user=root
Apr 14 06:23:35 ovzhost sshd[1510]: message repeated 2 times: [ Failed password for root from 43.255.190.142 port 58917 ssh2]
Apr 14 06:23:35 ovzhost sshd[1510]: Received disconnect from 43.255.190.142: 11:  [preauth]
Apr 14 06:23:35 ovzhost sshd[1510]: PAM 2 more authentication failures; logname= uid=0 euid=0 tty=ssh ruser= rhost=43.255.190.142  user=root
Apr 14 06:23:35 ovzhost sshd[1514]: pam_unix(sshd:auth): authentication failure; logname= uid=0 euid=0 tty=ssh ruser= rhost=43.255.190.141  user=root
Apr 14 06:23:36 ovzhost sshd[1516]: pam_unix(sshd:auth): authentication failure; logname= uid=0 euid=0 tty=ssh ruser= rhost=43.255.190.142  user=root
Apr 14 06:23:36 ovzhost sshd[1512]: Failed password for root from 43.255.190.141 port 60523 ssh2
Apr 14 06:23:37 ovzhost sshd[1514]: Failed password for root from 43.255.190.141 port 33559 ssh2
Apr 14 06:23:38 ovzhost sshd[1516]: Failed password for root from 43.255.190.142 port 47207 ssh2
Apr 14 06:23:41 ovzhost sshd[1512]: message repeated 2 times: [ Failed password for root from 43.255.190.141 port 60523 ssh2]
Apr 14 06:23:41 ovzhost sshd[1512]: Received disconnect from 43.255.190.141: 11:  [preauth]
Apr 14 06:23:41 ovzhost sshd[1512]: PAM 2 more authentication failures; logname= uid=0 euid=0 tty=ssh ruser= rhost=43.255.190.141  user=root
Apr 14 06:23:41 ovzhost sshd[1514]: message repeated 2 times: [ Failed password for root from 43.255.190.141 port 33559 ssh2]
Apr 14 06:23:41 ovzhost sshd[1514]: Received disconnect from 43.255.190.141: 11:  [preauth]
Apr 14 06:23:41 ovzhost sshd[1514]: PAM 2 more authentication failures; logname= uid=0 euid=0 tty=ssh ruser= rhost=43.255.190.141  user=root
Apr 14 06:23:42 ovzhost sshd[1518]: pam_unix(sshd:auth): authentication failure; logname= uid=0 euid=0 tty=ssh ruser= rhost=43.255.190.141  user=root
Apr 14 06:23:42 ovzhost sshd[1516]: message repeated 2 times: [ Failed password for root from 43.255.190.142 port 47207 ssh2]
Apr 14 06:23:42 ovzhost sshd[1516]: Received disconnect from 43.255.190.142: 11:  [preauth]
Apr 14 06:23:42 ovzhost sshd[1516]: PAM 2 more authentication failures; logname= uid=0 euid=0 tty=ssh ruser= rhost=43.255.190.142  user=root
Apr 14 06:23:42 ovzhost sshd[1520]: pam_unix(sshd:auth): authentication failure; logname= uid=0 euid=0 tty=ssh ruser= rhost=43.255.190.141  user=root
Apr 14 06:23:42 ovzhost sshd[1522]: pam_unix(sshd:auth): authentication failure; logname= uid=0 euid=0 tty=ssh ruser= rhost=43.255.190.142  user=root
Apr 14 06:23:44 ovzhost sshd[1518]: Failed password for root from 43.255.190.141 port 50591 ssh2
Apr 14 06:23:44 ovzhost sshd[1520]: Failed password for root from 43.255.190.141 port 50920 ssh2
Apr 14 06:23:44 ovzhost sshd[1522]: Failed password for root from 43.255.190.142 port 35424 ssh2
Apr 14 06:23:48 ovzhost sshd[1518]: message repeated 2 times: [ Failed password for root from 43.255.190.141 port 50591 ssh2]
Apr 14 06:23:48 ovzhost sshd[1518]: Received disconnect from 43.255.190.141: 11:  [preauth]
Apr 14 06:23:48 ovzhost sshd[1518]: PAM 2 more authentication failures; logname= uid=0 euid=0 tty=ssh ruser= rhost=43.255.190.141  user=root
Apr 14 06:23:48 ovzhost sshd[1520]: message repeated 2 times: [ Failed password for root from 43.255.190.141 port 50920 ssh2]
Apr 14 06:23:48 ovzhost sshd[1520]: Received disconnect from 43.255.190.141: 11:  [preauth]
Apr 14 06:23:48 ovzhost sshd[1520]: PAM 2 more authentication failures; logname= uid=0 euid=0 tty=ssh ruser= rhost=43.255.190.141  user=root
Apr 14 06:23:49 ovzhost sshd[1524]: pam_unix(sshd:auth): authentication failure; logname= uid=0 euid=0 tty=ssh ruser= rhost=43.255.190.141  user=root
Apr 14 06:23:49 ovzhost sshd[1526]: pam_unix(sshd:auth): authentication failure; logname= uid=0 euid=0 tty=ssh ruser= rhost=43.255.190.141  user=root
Apr 14 06:23:49 ovzhost sshd[1522]: message repeated 2 times: [ Failed password for root from 43.255.190.142 port 35424 ssh2]
Apr 14 06:23:49 ovzhost sshd[1522]: Received disconnect from 43.255.190.142: 11:  [preauth]
Apr 14 06:23:49 ovzhost sshd[1522]: PAM 2 more authentication failures; logname= uid=0 euid=0 tty=ssh ruser= rhost=43.255.190.142  user=root
Apr 14 06:23:50 ovzhost sshd[1528]: pam_unix(sshd:auth): authentication failure; logname= uid=0 euid=0 tty=ssh ruser= rhost=43.255.190.142  user=root
Apr 14 06:23:51 ovzhost sshd[1524]: Failed password for root from 43.255.190.141 port 40548 ssh2
Apr 14 06:23:51 ovzhost sshd[1526]: Failed password for root from 43.255.190.141 port 40913 ssh2
Apr 14 06:23:52 ovzhost sshd[1528]: Failed password for root from 43.255.190.142 port 52163 ssh2
Apr 14 06:23:56 ovzhost sshd[1528]: message repeated 2 times: [ Failed password for root from 43.255.190.142 port 52163 ssh2]
Apr 14 06:23:56 ovzhost sshd[1528]: Received disconnect from 43.255.190.142: 11:  [preauth]
Apr 14 06:23:56 ovzhost sshd[1528]: PAM 2 more authentication failures; logname= uid=0 euid=0 tty=ssh ruser= rhost=43.255.190.142  user=root
Apr 14 06:23:56 ovzhost sshd[1524]: message repeated 2 times: [ Failed password for root from 43.255.190.141 port 40548 ssh2]
Apr 14 06:23:56 ovzhost sshd[1524]: Received disconnect from 43.255.190.141: 11:  [preauth]
Apr 14 06:23:56 ovzhost sshd[1524]: PAM 2 more authentication failures; logname= uid=0 euid=0 tty=ssh ruser= rhost=43.255.190.141  user=root
Apr 14 06:23:56 ovzhost sshd[1526]: message repeated 2 times: [ Failed password for root from 43.255.190.141 port 40913 ssh2]
Apr 14 06:23:56 ovzhost sshd[1526]: Received disconnect from 43.255.190.141: 11:  [preauth]
Apr 14 06:23:56 ovzhost sshd[1526]: PAM 2 more authentication failures; logname= uid=0 euid=0 tty=ssh ruser= rhost=43.255.190.141  user=root
Apr 14 06:23:56 ovzhost sshd[1532]: pam_unix(sshd:auth): authentication failure; logname= uid=0 euid=0 tty=ssh ruser= rhost=43.255.190.142  user=root
Apr 14 06:23:57 ovzhost sshd[1534]: pam_unix(sshd:auth): authentication failure; logname= uid=0 euid=0 tty=ssh ruser= rhost=43.255.190.141  user=root
Apr 14 06:23:59 ovzhost sshd[1532]: Failed password for root from 43.255.190.142 port 38609 ssh2
Apr 14 06:23:59 ovzhost sshd[1536]: pam_unix(sshd:auth): authentication failure; logname= uid=0 euid=0 tty=ssh ruser= rhost=43.255.190.141  user=root
Apr 14 06:24:00 ovzhost sshd[1534]: Failed password for root from 43.255.190.141 port 32829 ssh2
Apr 14 06:24:01 ovzhost sshd[1536]: Failed password for root from 43.255.190.141 port 33121 ssh2
Apr 14 06:24:03 ovzhost sshd[1532]: message repeated 2 times: [ Failed password for root from 43.255.190.142 port 38609 ssh2]
Apr 14 06:24:03 ovzhost sshd[1532]: Received disconnect from 43.255.190.142: 11:  [preauth]
Apr 14 06:24:03 ovzhost sshd[1532]: PAM 2 more authentication failures; logname= uid=0 euid=0 tty=ssh ruser= rhost=43.255.190.142  user=root
Apr 14 06:24:04 ovzhost sshd[1538]: pam_unix(sshd:auth): authentication failure; logname= uid=0 euid=0 tty=ssh ruser= rhost=43.255.190.142  user=root
Apr 14 06:24:05 ovzhost sshd[1534]: message repeated 2 times: [ Failed password for root from 43.255.190.141 port 32829 ssh2]
Apr 14 06:24:05 ovzhost sshd[1534]: Received disconnect from 43.255.190.141: 11:  [preauth]
Apr 14 06:24:05 ovzhost sshd[1534]: PAM 2 more authentication failures; logname= uid=0 euid=0 tty=ssh ruser= rhost=43.255.190.141  user=root
Apr 14 06:24:06 ovzhost sshd[1538]: Failed password for root from 43.255.190.142 port 55984 ssh2
Apr 14 06:24:06 ovzhost sshd[1540]: pam_unix(sshd:auth): authentication failure; logname= uid=0 euid=0 tty=ssh ruser= rhost=43.255.190.141  user=root
Apr 14 06:24:06 ovzhost sshd[1536]: message repeated 2 times: [ Failed password for root from 43.255.190.141 port 33121 ssh2]
Apr 14 06:24:06 ovzhost sshd[1536]: Received disconnect from 43.255.190.141: 11:  [preauth]
Apr 14 06:24:06 ovzhost sshd[1536]: PAM 2 more authentication failures; logname= uid=0 euid=0 tty=ssh ruser= rhost=43.255.190.141  user=root
Apr 14 06:24:07 ovzhost sshd[1542]: pam_unix(sshd:auth): authentication failure; logname= uid=0 euid=0 tty=ssh ruser= rhost=43.255.190.141  user=root
Apr 14 06:24:08 ovzhost sshd[1540]: Failed password for root from 43.255.190.141 port 55126 ssh2
Apr 14 06:24:09 ovzhost sshd[1542]: Failed password for root from 43.255.190.141 port 57020 ssh2
Apr 14 06:24:10 ovzhost sshd[1538]: message repeated 2 times: [ Failed password for root from 43.255.190.142 port 55984 ssh2]
Apr 14 06:24:10 ovzhost sshd[1538]: Received disconnect from 43.255.190.142: 11:  [preauth]
Apr 14 06:24:10 ovzhost sshd[1538]: PAM 2 more authentication failures; logname= uid=0 euid=0 tty=ssh ruser= rhost=43.255.190.142  user=root
Apr 14 06:24:11 ovzhost sshd[1544]: pam_unix(sshd:auth): authentication failure; logname= uid=0 euid=0 tty=ssh ruser= rhost=43.255.190.142  user=root
Apr 14 06:24:12 ovzhost sshd[1540]: message repeated 2 times: [ Failed password for root from 43.255.190.141 port 55126 ssh2]
Apr 14 06:24:12 ovzhost sshd[1540]: Received disconnect from 43.255.190.141: 11:  [preauth]
Apr 14 06:24:12 ovzhost sshd[1540]: PAM 2 more authentication failures; logname= uid=0 euid=0 tty=ssh ruser= rhost=43.255.190.141  user=root
Apr 14 06:24:13 ovzhost sshd[1546]: pam_unix(sshd:auth): authentication failure; logname= uid=0 euid=0 tty=ssh ruser= rhost=43.255.190.141  user=root
Apr 14 06:24:13 ovzhost sshd[1544]: Failed password for root from 43.255.190.142 port 43074 ssh2
Apr 14 06:24:13 ovzhost sshd[1542]: message repeated 2 times: [ Failed password for root from 43.255.190.141 port 57020 ssh2]
Apr 14 06:24:13 ovzhost sshd[1542]: Received disconnect from 43.255.190.141: 11:  [preauth]
Apr 14 06:24:13 ovzhost sshd[1542]: PAM 2 more authentication failures; logname= uid=0 euid=0 tty=ssh ruser= rhost=43.255.190.141  user=root
Apr 14 06:24:14 ovzhost sshd[1548]: pam_unix(sshd:auth): authentication failure; logname= uid=0 euid=0 tty=ssh ruser= rhost=43.255.190.141  user=root
Apr 14 06:24:15 ovzhost sshd[1546]: Failed password for root from 43.255.190.141 port 44204 ssh2
Apr 14 06:24:16 ovzhost sshd[1548]: Failed password for root from 43.255.190.141 port 46275 ssh2
Apr 14 06:24:18 ovzhost sshd[1544]: message repeated 2 times: [ Failed password for root from 43.255.190.142 port 43074 ssh2]
Apr 14 06:24:18 ovzhost sshd[1544]: Received disconnect from 43.255.190.142: 11:  [preauth]
Apr 14 06:24:18 ovzhost sshd[1544]: PAM 2 more authentication failures; logname= uid=0 euid=0 tty=ssh ruser= rhost=43.255.190.142  user=root
Apr 14 06:24:19 ovzhost sshd[1550]: pam_unix(sshd:auth): authentication failure; logname= uid=0 euid=0 tty=ssh ruser= rhost=43.255.190.142  user=root
Apr 14 06:24:20 ovzhost sshd[1546]: message repeated 2 times: [ Failed password for root from 43.255.190.141 port 44204 ssh2]
Apr 14 06:24:20 ovzhost sshd[1546]: Received disconnect from 43.255.190.141: 11:  [preauth]
Apr 14 06:24:20 ovzhost sshd[1546]: PAM 2 more authentication failures; logname= uid=0 euid=0 tty=ssh ruser= rhost=43.255.190.141  user=root
Apr 14 06:24:20 ovzhost sshd[1548]: message repeated 2 times: [ Failed password for root from 43.255.190.141 port 46275 ssh2]
Apr 14 06:24:20 ovzhost sshd[1548]: Received disconnect from 43.255.190.141: 11:  [preauth]
Apr 14 06:24:20 ovzhost sshd[1548]: PAM 2 more authentication failures; logname= uid=0 euid=0 tty=ssh ruser= rhost=43.255.190.141  user=root
Apr 14 06:24:20 ovzhost sshd[1552]: pam_unix(sshd:auth): authentication failure; logname= uid=0 euid=0 tty=ssh ruser= rhost=43.255.190.141  user=root
Apr 14 06:24:21 ovzhost sshd[1554]: pam_unix(sshd:auth): authentication failure; logname= uid=0 euid=0 tty=ssh ruser= rhost=43.255.190.141  user=root
Apr 14 06:24:21 ovzhost sshd[1550]: Failed password for root from 43.255.190.142 port 60750 ssh2
Apr 14 06:24:22 ovzhost sshd[1552]: Failed password for root from 43.255.190.141 port 34333 ssh2
Apr 14 06:24:22 ovzhost sshd[1554]: Failed password for root from 43.255.190.141 port 34476 ssh2
Apr 14 06:24:25 ovzhost sshd[1550]: message repeated 2 times: [ Failed password for root from 43.255.190.142 port 60750 ssh2]
Apr 14 06:24:25 ovzhost sshd[1550]: Received disconnect from 43.255.190.142: 11:  [preauth]
Apr 14 06:24:25 ovzhost sshd[1550]: PAM 2 more authentication failures; logname= uid=0 euid=0 tty=ssh ruser= rhost=43.255.190.142  user=root
Apr 14 06:24:26 ovzhost sshd[1556]: pam_unix(sshd:auth): authentication failure; logname= uid=0 euid=0 tty=ssh ruser= rhost=43.255.190.142  user=root
Apr 14 06:24:27 ovzhost sshd[1552]: message repeated 2 times: [ Failed password for root from 43.255.190.141 port 34333 ssh2]
Apr 14 06:24:27 ovzhost sshd[1552]: Received disconnect from 43.255.190.141: 11:  [preauth]
Apr 14 06:24:27 ovzhost sshd[1552]: PAM 2 more authentication failures; logname= uid=0 euid=0 tty=ssh ruser= rhost=43.255.190.141  user=root
Apr 14 06:24:27 ovzhost sshd[1554]: message repeated 2 times: [ Failed password for root from 43.255.190.141 port 34476 ssh2]
Apr 14 06:24:27 ovzhost sshd[1554]: Received disconnect from 43.255.190.141: 11:  [preauth]
Apr 14 06:24:27 ovzhost sshd[1554]: PAM 2 more authentication failures; logname= uid=0 euid=0 tty=ssh ruser= rhost=43.255.190.141  user=root
Apr 14 06:24:27 ovzhost sshd[1558]: pam_unix(sshd:auth): authentication failure; logname= uid=0 euid=0 tty=ssh ruser= rhost=43.255.190.141  user=root
Apr 14 06:24:28 ovzhost sshd[1560]: pam_unix(sshd:auth): authentication failure; logname= uid=0 euid=0 tty=ssh ruser= rhost=43.255.190.141  user=root
Apr 14 06:24:29 ovzhost sshd[1556]: Failed password for root from 43.255.190.142 port 48815 ssh2
Apr 14 06:24:30 ovzhost sshd[1560]: Failed password for root from 43.255.190.141 port 52096 ssh2
Apr 14 06:24:30 ovzhost sshd[1558]: Failed password for root from 43.255.190.141 port 50896 ssh2
Apr 14 06:24:32 ovzhost sshd[1556]: message repeated 2 times: [ Failed password for root from 43.255.190.142 port 48815 ssh2]
Apr 14 06:24:32 ovzhost sshd[1556]: Received disconnect from 43.255.190.142: 11:  [preauth]
Apr 14 06:24:32 ovzhost sshd[1556]: PAM 2 more authentication failures; logname= uid=0 euid=0 tty=ssh ruser= rhost=43.255.190.142  user=root
Apr 14 06:24:33 ovzhost sshd[1562]: pam_unix(sshd:auth): authentication failure; logname= uid=0 euid=0 tty=ssh ruser= rhost=43.255.190.142  user=root
Apr 14 06:24:34 ovzhost sshd[1560]: message repeated 2 times: [ Failed password for root from 43.255.190.141 port 52096 ssh2]
Apr 14 06:24:34 ovzhost sshd[1560]: Received disconnect from 43.255.190.141: 11:  [preauth]
Apr 14 06:24:34 ovzhost sshd[1560]: PAM 2 more authentication failures; logname= uid=0 euid=0 tty=ssh ruser= rhost=43.255.190.141  user=root
Apr 14 06:24:34 ovzhost sshd[1558]: message repeated 2 times: [ Failed password for root from 43.255.190.141 port 50896 ssh2]
Apr 14 06:24:34 ovzhost sshd[1558]: Received disconnect from 43.255.190.141: 11:  [preauth]
Apr 14 06:24:34 ovzhost sshd[1558]: PAM 2 more authentication failures; logname= uid=0 euid=0 tty=ssh ruser= rhost=43.255.190.141  user=root
Apr 14 06:24:34 ovzhost sshd[1564]: pam_unix(sshd:auth): authentication failure; logname= uid=0 euid=0 tty=ssh ruser= rhost=43.255.190.141  user=root
Apr 14 06:24:34 ovzhost sshd[1566]: pam_unix(sshd:auth): authentication failure; logname= uid=0 euid=0 tty=ssh ruser= rhost=43.255.190.141  user=root
Apr 14 06:24:35 ovzhost sshd[1562]: Failed password for root from 43.255.190.142 port 36391 ssh2
Apr 14 06:24:36 ovzhost sshd[1564]: Failed password for root from 43.255.190.141 port 39022 ssh2
Apr 14 06:24:36 ovzhost sshd[1566]: Failed password for root from 43.255.190.141 port 39913 ssh2
Apr 14 06:24:39 ovzhost sshd[1562]: message repeated 2 times: [ Failed password for root from 43.255.190.142 port 36391 ssh2]
Apr 14 06:24:39 ovzhost sshd[1562]: Received disconnect from 43.255.190.142: 11:  [preauth]
Apr 14 06:24:39 ovzhost sshd[1562]: PAM 2 more authentication failures; logname= uid=0 euid=0 tty=ssh ruser= rhost=43.255.190.142  user=root
Apr 14 06:24:40 ovzhost sshd[1568]: pam_unix(sshd:auth): authentication failure; logname= uid=0 euid=0 tty=ssh ruser= rhost=43.255.190.142  user=root
Apr 14 06:24:41 ovzhost sshd[1564]: message repeated 2 times: [ Failed password for root from 43.255.190.141 port 39022 ssh2]
Apr 14 06:24:41 ovzhost sshd[1564]: Received disconnect from 43.255.190.141: 11:  [preauth]
Apr 14 06:24:41 ovzhost sshd[1564]: PAM 2 more authentication failures; logname= uid=0 euid=0 tty=ssh ruser= rhost=43.255.190.141  user=root
Apr 14 06:24:41 ovzhost sshd[1566]: message repeated 2 times: [ Failed password for root from 43.255.190.141 port 39913 ssh2]
Apr 14 06:24:41 ovzhost sshd[1566]: Received disconnect from 43.255.190.141: 11:  [preauth]
Apr 14 06:24:41 ovzhost sshd[1566]: PAM 2 more authentication failures; logname= uid=0 euid=0 tty=ssh ruser= rhost=43.255.190.141  user=root
Apr 14 06:24:42 ovzhost sshd[1570]: pam_unix(sshd:auth): authentication failure; logname= uid=0 euid=0 tty=ssh ruser= rhost=43.255.190.141  user=root
Apr 14 06:24:42 ovzhost sshd[1572]: pam_unix(sshd:auth): authentication failure; logname= uid=0 euid=0 tty=ssh ruser= rhost=43.255.190.141  user=root
Apr 14 06:24:42 ovzhost sshd[1568]: Failed password for root from 43.255.190.142 port 51988 ssh2
Apr 14 06:24:43 ovzhost sshd[1570]: Failed password for root from 43.255.190.141 port 56813 ssh2
Apr 14 06:24:43 ovzhost sshd[1572]: Failed password for root from 43.255.190.141 port 57082 ssh2
Apr 14 06:24:46 ovzhost sshd[1568]: message repeated 2 times: [ Failed password for root from 43.255.190.142 port 51988 ssh2]
Apr 14 06:24:46 ovzhost sshd[1568]: Received disconnect from 43.255.190.142: 11:  [preauth]
Apr 14 06:24:46 ovzhost sshd[1568]: PAM 2 more authentication failures; logname= uid=0 euid=0 tty=ssh ruser= rhost=43.255.190.142  user=root
Apr 14 06:24:46 ovzhost sshd[1574]: pam_unix(sshd:auth): authentication failure; logname= uid=0 euid=0 tty=ssh ruser= rhost=43.255.190.142  user=root
Apr 14 06:24:48 ovzhost sshd[1572]: message repeated 2 times: [ Failed password for root from 43.255.190.141 port 57082 ssh2]
Apr 14 06:24:48 ovzhost sshd[1572]: Received disconnect from 43.255.190.141: 11:  [preauth]
Apr 14 06:24:48 ovzhost sshd[1572]: PAM 2 more authentication failures; logname= uid=0 euid=0 tty=ssh ruser= rhost=43.255.190.141  user=root
Apr 14 06:24:48 ovzhost sshd[1570]: message repeated 2 times: [ Failed password for root from 43.255.190.141 port 56813 ssh2]
Apr 14 06:24:48 ovzhost sshd[1570]: Received disconnect from 43.255.190.141: 11:  [preauth]
Apr 14 06:24:48 ovzhost sshd[1570]: PAM 2 more authentication failures; logname= uid=0 euid=0 tty=ssh ruser= rhost=43.255.190.141  user=root
Apr 14 06:24:48 ovzhost sshd[1574]: Failed password for root from 43.255.190.142 port 38256 ssh2
Apr 14 06:24:49 ovzhost sshd[1576]: pam_unix(sshd:auth): authentication failure; logname= uid=0 euid=0 tty=ssh ruser= rhost=43.255.190.141  user=root
Apr 14 06:24:49 ovzhost sshd[1578]: pam_unix(sshd:auth): authentication failure; logname= uid=0 euid=0 tty=ssh ruser= rhost=43.255.190.141  user=root
Apr 14 06:24:51 ovzhost sshd[1576]: Failed password for root from 43.255.190.141 port 45112 ssh2
Apr 14 06:24:51 ovzhost sshd[1578]: Failed password for root from 43.255.190.141 port 45469 ssh2
Apr 14 06:24:53 ovzhost sshd[1574]: message repeated 2 times: [ Failed password for root from 43.255.190.142 port 38256 ssh2]
Apr 14 06:24:53 ovzhost sshd[1574]: Received disconnect from 43.255.190.142: 11:  [preauth]
Apr 14 06:24:53 ovzhost sshd[1574]: PAM 2 more authentication failures; logname= uid=0 euid=0 tty=ssh ruser= rhost=43.255.190.142  user=root
Apr 14 06:24:53 ovzhost sshd[1581]: pam_unix(sshd:auth): authentication failure; logname= uid=0 euid=0 tty=ssh ruser= rhost=43.255.190.142  user=root
Apr 14 06:24:55 ovzhost sshd[1581]: Failed password for root from 43.255.190.142 port 54124 ssh2
Apr 14 06:24:55 ovzhost sshd[1576]: message repeated 2 times: [ Failed password for root from 43.255.190.141 port 45112 ssh2]
Apr 14 06:24:55 ovzhost sshd[1576]: Received disconnect from 43.255.190.141: 11:  [preauth]
Apr 14 06:24:55 ovzhost sshd[1576]: PAM 2 more authentication failures; logname= uid=0 euid=0 tty=ssh ruser= rhost=43.255.190.141  user=root
Apr 14 06:24:55 ovzhost sshd[1583]: pam_unix(sshd:auth): authentication failure; logname= uid=0 euid=0 tty=ssh ruser= rhost=43.255.190.141  user=root
Apr 14 06:24:56 ovzhost sshd[1578]: message repeated 2 times: [ Failed password for root from 43.255.190.141 port 45469 ssh2]
Apr 14 06:24:56 ovzhost sshd[1578]: Received disconnect from 43.255.190.141: 11:  [preauth]
Apr 14 06:24:56 ovzhost sshd[1578]: PAM 2 more authentication failures; logname= uid=0 euid=0 tty=ssh ruser= rhost=43.255.190.141  user=root
Apr 14 06:24:56 ovzhost sshd[1585]: pam_unix(sshd:auth): authentication failure; logname= uid=0 euid=0 tty=ssh ruser= rhost=43.255.190.141  user=root
Apr 14 06:24:57 ovzhost sshd[1583]: Failed password for root from 43.255.190.141 port 33283 ssh2
Apr 14 06:24:58 ovzhost sshd[1585]: Failed password for root from 43.255.190.141 port 35540 ssh2
Apr 14 06:25:00 ovzhost sshd[1581]: message repeated 2 times: [ Failed password for root from 43.255.190.142 port 54124 ssh2]
Apr 14 06:25:00 ovzhost sshd[1581]: Received disconnect from 43.255.190.142: 11:  [preauth]
Apr 14 06:25:00 ovzhost sshd[1581]: PAM 2 more authentication failures; logname= uid=0 euid=0 tty=ssh ruser= rhost=43.255.190.142  user=root
Apr 14 06:25:00 ovzhost sshd[1587]: pam_unix(sshd:auth): authentication failure; logname= uid=0 euid=0 tty=ssh ruser= rhost=43.255.190.142  user=root
Apr 14 06:25:02 ovzhost sshd[1585]: message repeated 2 times: [ Failed password for root from 43.255.190.141 port 35540 ssh2]
Apr 14 06:25:02 ovzhost sshd[1585]: Received disconnect from 43.255.190.141: 11:  [preauth]
Apr 14 06:25:02 ovzhost sshd[1585]: PAM 2 more authentication failures; logname= uid=0 euid=0 tty=ssh ruser= rhost=43.255.190.141  user=root
Apr 14 06:25:02 ovzhost sshd[1587]: Failed password for root from 43.255.190.142 port 41347 ssh2
Apr 14 06:25:02 ovzhost sshd[1583]: message repeated 2 times: [ Failed password for root from 43.255.190.141 port 33283 ssh2]
