Apr  2 14:31:44 ovzhost sshd[780]: Connection closed by 127.0.0.1 [preauth]
Apr  2 14:35:40 ovzhost sshd[811]: Connection closed by 128.8.37.120 [preauth]
Apr  2 14:36:44 ovzhost sshd[820]: Connection closed by 127.0.0.1 [preauth]
Apr  4 19:35:33 ovzhost sshd[794]: Connection closed by 127.0.0.1 [preauth]
Apr  4 19:35:48 ovzhost sshd[797]: Connection closed by 128.8.37.120 [preauth]
Apr  4 19:37:43 ovzhost sshd[808]: pam_unix(sshd:auth): authentication failure; logname= uid=0 euid=0 tty=ssh ruser= rhost=58.218.199.49  user=root
Apr  4 19:37:45 ovzhost sshd[808]: Failed password for root from 58.218.199.49 port 45148 ssh2
Apr  4 19:37:50 ovzhost sshd[808]: message repeated 2 times: [ Failed password for root from 58.218.199.49 port 45148 ssh2]
Apr  4 19:37:50 ovzhost sshd[808]: Received disconnect from 58.218.199.49: 11:  [preauth]
Apr  4 19:37:50 ovzhost sshd[808]: PAM 2 more authentication failures; logname= uid=0 euid=0 tty=ssh ruser= rhost=58.218.199.49  user=root
Apr  4 19:37:52 ovzhost sshd[810]: pam_unix(sshd:auth): authentication failure; logname= uid=0 euid=0 tty=ssh ruser= rhost=58.218.199.49  user=root
Apr  4 19:37:54 ovzhost sshd[810]: Failed password for root from 58.218.199.49 port 60778 ssh2
Apr  4 19:37:59 ovzhost sshd[810]: message repeated 2 times: [ Failed password for root from 58.218.199.49 port 60778 ssh2]
Apr  4 19:37:59 ovzhost sshd[810]: Received disconnect from 58.218.199.49: 11:  [preauth]
Apr  4 19:37:59 ovzhost sshd[810]: PAM 2 more authentication failures; logname= uid=0 euid=0 tty=ssh ruser= rhost=58.218.199.49  user=root
Apr  4 19:38:01 ovzhost sshd[812]: pam_unix(sshd:auth): authentication failure; logname= uid=0 euid=0 tty=ssh ruser= rhost=58.218.199.49  user=root
Apr  4 19:38:03 ovzhost sshd[812]: Failed password for root from 58.218.199.49 port 48482 ssh2
Apr  4 19:38:07 ovzhost sshd[812]: message repeated 2 times: [ Failed password for root from 58.218.199.49 port 48482 ssh2]
Apr  4 19:38:07 ovzhost sshd[812]: Received disconnect from 58.218.199.49: 11:  [preauth]
Apr  4 19:38:07 ovzhost sshd[812]: PAM 2 more authentication failures; logname= uid=0 euid=0 tty=ssh ruser= rhost=58.218.199.49  user=root
Apr  4 19:38:09 ovzhost sshd[814]: pam_unix(sshd:auth): authentication failure; logname= uid=0 euid=0 tty=ssh ruser= rhost=58.218.199.49  user=root
Apr  4 19:38:11 ovzhost sshd[814]: Failed password for root from 58.218.199.49 port 34997 ssh2
Apr  4 19:38:16 ovzhost sshd[814]: message repeated 2 times: [ Failed password for root from 58.218.199.49 port 34997 ssh2]
Apr  4 19:38:16 ovzhost sshd[814]: Received disconnect from 58.218.199.49: 11:  [preauth]
Apr  4 19:38:16 ovzhost sshd[814]: PAM 2 more authentication failures; logname= uid=0 euid=0 tty=ssh ruser= rhost=58.218.199.49  user=root
Apr  4 19:38:18 ovzhost sshd[819]: pam_unix(sshd:auth): authentication failure; logname= uid=0 euid=0 tty=ssh ruser= rhost=58.218.199.49  user=root
Apr  4 19:38:20 ovzhost sshd[819]: Failed password for root from 58.218.199.49 port 50881 ssh2
Apr  4 19:38:25 ovzhost sshd[819]: message repeated 2 times: [ Failed password for root from 58.218.199.49 port 50881 ssh2]
Apr  4 19:38:25 ovzhost sshd[819]: Received disconnect from 58.218.199.49: 11:  [preauth]
Apr  4 19:38:25 ovzhost sshd[819]: PAM 2 more authentication failures; logname= uid=0 euid=0 tty=ssh ruser= rhost=58.218.199.49  user=root
Apr  4 19:38:27 ovzhost sshd[821]: pam_unix(sshd:auth): authentication failure; logname= uid=0 euid=0 tty=ssh ruser= rhost=58.218.199.49  user=root
Apr  4 19:38:30 ovzhost sshd[821]: Failed password for root from 58.218.199.49 port 38798 ssh2
Apr  4 19:38:35 ovzhost sshd[821]: message repeated 2 times: [ Failed password for root from 58.218.199.49 port 38798 ssh2]
Apr  4 19:38:35 ovzhost sshd[821]: Received disconnect from 58.218.199.49: 11:  [preauth]
Apr  4 19:38:35 ovzhost sshd[821]: PAM 2 more authentication failures; logname= uid=0 euid=0 tty=ssh ruser= rhost=58.218.199.49  user=root
Apr  4 19:38:36 ovzhost sshd[823]: pam_unix(sshd:auth): authentication failure; logname= uid=0 euid=0 tty=ssh ruser= rhost=58.218.199.49  user=root
Apr  4 19:38:38 ovzhost sshd[823]: Failed password for root from 58.218.199.49 port 54857 ssh2
Apr  4 19:38:43 ovzhost sshd[823]: message repeated 2 times: [ Failed password for root from 58.218.199.49 port 54857 ssh2]
Apr  4 19:38:43 ovzhost sshd[823]: Received disconnect from 58.218.199.49: 11:  [preauth]
Apr  4 19:38:43 ovzhost sshd[823]: PAM 2 more authentication failures; logname= uid=0 euid=0 tty=ssh ruser= rhost=58.218.199.49  user=root
Apr  4 19:38:45 ovzhost sshd[826]: pam_unix(sshd:auth): authentication failure; logname= uid=0 euid=0 tty=ssh ruser= rhost=58.218.199.49  user=root
Apr  4 19:38:47 ovzhost sshd[826]: Failed password for root from 58.218.199.49 port 40837 ssh2
Apr  4 19:38:51 ovzhost sshd[826]: message repeated 2 times: [ Failed password for root from 58.218.199.49 port 40837 ssh2]
Apr  4 19:38:51 ovzhost sshd[826]: Received disconnect from 58.218.199.49: 11:  [preauth]
Apr  4 19:38:51 ovzhost sshd[826]: PAM 2 more authentication failures; logname= uid=0 euid=0 tty=ssh ruser= rhost=58.218.199.49  user=root
Apr  4 19:38:53 ovzhost sshd[828]: pam_unix(sshd:auth): authentication failure; logname= uid=0 euid=0 tty=ssh ruser= rhost=58.218.199.49  user=root
Apr  4 19:38:55 ovzhost sshd[828]: Failed password for root from 58.218.199.49 port 54732 ssh2
Apr  4 19:39:00 ovzhost sshd[828]: message repeated 2 times: [ Failed password for root from 58.218.199.49 port 54732 ssh2]
Apr  4 19:39:00 ovzhost sshd[828]: Received disconnect from 58.218.199.49: 11:  [preauth]
Apr  4 19:39:00 ovzhost sshd[828]: PAM 2 more authentication failures; logname= uid=0 euid=0 tty=ssh ruser= rhost=58.218.199.49  user=root
Apr  4 19:39:01 ovzhost CRON[832]: pam_env(cron:session): Unable to open env file: /etc/default/locale: No such file or directory
Apr  4 19:39:01 ovzhost CRON[832]: pam_unix(cron:session): session opened for user root by (uid=0)
Apr  4 19:39:01 ovzhost CRON[832]: pam_unix(cron:session): session closed for user root
Apr  4 19:39:02 ovzhost sshd[830]: pam_unix(sshd:auth): authentication failure; logname= uid=0 euid=0 tty=ssh ruser= rhost=58.218.199.49  user=root
Apr  4 19:39:04 ovzhost sshd[830]: Failed password for root from 58.218.199.49 port 41436 ssh2
Apr  4 19:39:07 ovzhost sshd[830]: message repeated 2 times: [ Failed password for root from 58.218.199.49 port 41436 ssh2]
Apr  4 19:39:08 ovzhost sshd[830]: Received disconnect from 58.218.199.49: 11:  [preauth]
Apr  4 19:39:08 ovzhost sshd[830]: PAM 2 more authentication failures; logname= uid=0 euid=0 tty=ssh ruser= rhost=58.218.199.49  user=root
Apr  4 19:39:09 ovzhost sshd[843]: pam_unix(sshd:auth): authentication failure; logname= uid=0 euid=0 tty=ssh ruser= rhost=58.218.199.49  user=root
Apr  4 19:39:12 ovzhost sshd[843]: Failed password for root from 58.218.199.49 port 55632 ssh2
Apr  4 19:39:16 ovzhost sshd[843]: message repeated 2 times: [ Failed password for root from 58.218.199.49 port 55632 ssh2]
Apr  4 19:39:16 ovzhost sshd[843]: Received disconnect from 58.218.199.49: 11:  [preauth]
Apr  4 19:39:16 ovzhost sshd[843]: PAM 2 more authentication failures; logname= uid=0 euid=0 tty=ssh ruser= rhost=58.218.199.49  user=root
Apr  4 19:39:18 ovzhost sshd[847]: pam_unix(sshd:auth): authentication failure; logname= uid=0 euid=0 tty=ssh ruser= rhost=58.218.199.49  user=root
Apr  4 19:39:20 ovzhost sshd[847]: Failed password for root from 58.218.199.49 port 42916 ssh2
Apr  4 19:39:24 ovzhost sshd[847]: message repeated 2 times: [ Failed password for root from 58.218.199.49 port 42916 ssh2]
Apr  4 19:39:25 ovzhost sshd[847]: Received disconnect from 58.218.199.49: 11:  [preauth]
Apr  4 19:39:25 ovzhost sshd[847]: PAM 2 more authentication failures; logname= uid=0 euid=0 tty=ssh ruser= rhost=58.218.199.49  user=root
Apr  4 19:39:26 ovzhost sshd[849]: pam_unix(sshd:auth): authentication failure; logname= uid=0 euid=0 tty=ssh ruser= rhost=58.218.199.49  user=root
Apr  4 19:39:28 ovzhost sshd[849]: Failed password for root from 58.218.199.49 port 57009 ssh2
Apr  4 19:39:32 ovzhost sshd[849]: message repeated 2 times: [ Failed password for root from 58.218.199.49 port 57009 ssh2]
Apr  4 19:39:33 ovzhost sshd[849]: Received disconnect from 58.218.199.49: 11:  [preauth]
Apr  4 19:39:33 ovzhost sshd[849]: PAM 2 more authentication failures; logname= uid=0 euid=0 tty=ssh ruser= rhost=58.218.199.49  user=root
Apr  4 19:39:34 ovzhost sshd[851]: pam_unix(sshd:auth): authentication failure; logname= uid=0 euid=0 tty=ssh ruser= rhost=58.218.199.49  user=root
Apr  4 19:39:37 ovzhost sshd[851]: Failed password for root from 58.218.199.49 port 43147 ssh2
Apr  4 19:39:40 ovzhost sshd[851]: message repeated 2 times: [ Failed password for root from 58.218.199.49 port 43147 ssh2]
Apr  4 19:39:41 ovzhost sshd[851]: Received disconnect from 58.218.199.49: 11:  [preauth]
Apr  4 19:39:41 ovzhost sshd[851]: PAM 2 more authentication failures; logname= uid=0 euid=0 tty=ssh ruser= rhost=58.218.199.49  user=root
Apr  4 19:39:43 ovzhost sshd[853]: pam_unix(sshd:auth): authentication failure; logname= uid=0 euid=0 tty=ssh ruser= rhost=58.218.199.49  user=root
Apr  4 19:39:45 ovzhost sshd[853]: Failed password for root from 58.218.199.49 port 58476 ssh2
Apr  4 19:39:50 ovzhost sshd[853]: message repeated 2 times: [ Failed password for root from 58.218.199.49 port 58476 ssh2]
Apr  4 19:39:50 ovzhost sshd[853]: Received disconnect from 58.218.199.49: 11:  [preauth]
Apr  4 19:39:50 ovzhost sshd[853]: PAM 2 more authentication failures; logname= uid=0 euid=0 tty=ssh ruser= rhost=58.218.199.49  user=root
Apr  4 19:39:52 ovzhost sshd[855]: pam_unix(sshd:auth): authentication failure; logname= uid=0 euid=0 tty=ssh ruser= rhost=58.218.199.49  user=root
Apr  4 19:39:54 ovzhost sshd[855]: Failed password for root from 58.218.199.49 port 48051 ssh2
Apr  4 19:39:59 ovzhost sshd[855]: message repeated 2 times: [ Failed password for root from 58.218.199.49 port 48051 ssh2]
Apr  4 19:39:59 ovzhost sshd[855]: Received disconnect from 58.218.199.49: 11:  [preauth]
Apr  4 19:39:59 ovzhost sshd[855]: PAM 2 more authentication failures; logname= uid=0 euid=0 tty=ssh ruser= rhost=58.218.199.49  user=root
Apr  4 19:40:01 ovzhost sshd[857]: pam_unix(sshd:auth): authentication failure; logname= uid=0 euid=0 tty=ssh ruser= rhost=58.218.199.49  user=root
Apr  4 19:40:01 ovzhost CRON[859]: pam_env(cron:session): Unable to open env file: /etc/default/locale: No such file or directory
Apr  4 19:40:01 ovzhost CRON[859]: pam_unix(cron:session): session opened for user smmsp by (uid=0)
Apr  4 19:40:01 ovzhost CRON[859]: pam_unix(cron:session): session closed for user smmsp
Apr  4 19:40:02 ovzhost sshd[857]: Failed password for root from 58.218.199.49 port 35694 ssh2
Apr  4 19:40:07 ovzhost sshd[857]: message repeated 2 times: [ Failed password for root from 58.218.199.49 port 35694 ssh2]
Apr  4 19:40:07 ovzhost sshd[857]: Received disconnect from 58.218.199.49: 11:  [preauth]
Apr  4 19:40:07 ovzhost sshd[857]: PAM 2 more authentication failures; logname= uid=0 euid=0 tty=ssh ruser= rhost=58.218.199.49  user=root
Apr  4 19:40:09 ovzhost sshd[885]: pam_unix(sshd:auth): authentication failure; logname= uid=0 euid=0 tty=ssh ruser= rhost=58.218.199.49  user=root
Apr  4 19:40:10 ovzhost sshd[885]: Failed password for root from 58.218.199.49 port 51532 ssh2
Apr  4 19:40:14 ovzhost sshd[885]: message repeated 2 times: [ Failed password for root from 58.218.199.49 port 51532 ssh2]
Apr  4 19:40:14 ovzhost sshd[885]: Received disconnect from 58.218.199.49: 11:  [preauth]
Apr  4 19:40:14 ovzhost sshd[885]: PAM 2 more authentication failures; logname= uid=0 euid=0 tty=ssh ruser= rhost=58.218.199.49  user=root
Apr  4 19:40:16 ovzhost sshd[887]: pam_unix(sshd:auth): authentication failure; logname= uid=0 euid=0 tty=ssh ruser= rhost=58.218.199.49  user=root
Apr  4 19:40:18 ovzhost sshd[887]: Failed password for root from 58.218.199.49 port 37807 ssh2
Apr  4 19:40:22 ovzhost sshd[887]: message repeated 2 times: [ Failed password for root from 58.218.199.49 port 37807 ssh2]
Apr  4 19:40:23 ovzhost sshd[887]: Received disconnect from 58.218.199.49: 11:  [preauth]
Apr  4 19:40:23 ovzhost sshd[887]: PAM 2 more authentication failures; logname= uid=0 euid=0 tty=ssh ruser= rhost=58.218.199.49  user=root
Apr  4 19:40:24 ovzhost sshd[890]: pam_unix(sshd:auth): authentication failure; logname= uid=0 euid=0 tty=ssh ruser= rhost=58.218.199.49  user=root
Apr  4 19:40:26 ovzhost sshd[890]: Failed password for root from 58.218.199.49 port 54673 ssh2
Apr  4 19:40:30 ovzhost sshd[890]: message repeated 2 times: [ Failed password for root from 58.218.199.49 port 54673 ssh2]
Apr  4 19:40:30 ovzhost sshd[890]: Received disconnect from 58.218.199.49: 11:  [preauth]
Apr  4 19:40:30 ovzhost sshd[890]: PAM 2 more authentication failures; logname= uid=0 euid=0 tty=ssh ruser= rhost=58.218.199.49  user=root
Apr  4 19:40:32 ovzhost sshd[892]: pam_unix(sshd:auth): authentication failure; logname= uid=0 euid=0 tty=ssh ruser= rhost=58.218.199.49  user=root
Apr  4 19:40:33 ovzhost sshd[895]: Connection closed by 127.0.0.1 [preauth]
Apr  4 19:40:34 ovzhost sshd[892]: Failed password for root from 58.218.199.49 port 42840 ssh2
Apr  4 19:40:38 ovzhost sshd[892]: message repeated 2 times: [ Failed password for root from 58.218.199.49 port 42840 ssh2]
Apr  4 19:40:39 ovzhost sshd[892]: Received disconnect from 58.218.199.49: 11:  [preauth]
Apr  4 19:40:39 ovzhost sshd[892]: PAM 2 more authentication failures; logname= uid=0 euid=0 tty=ssh ruser= rhost=58.218.199.49  user=root
Apr  4 19:40:40 ovzhost sshd[897]: pam_unix(sshd:auth): authentication failure; logname= uid=0 euid=0 tty=ssh ruser= rhost=58.218.199.49  user=root
Apr  4 19:40:43 ovzhost sshd[897]: Failed password for root from 58.218.199.49 port 60757 ssh2
Apr  4 19:40:47 ovzhost sshd[897]: message repeated 2 times: [ Failed password for root from 58.218.199.49 port 60757 ssh2]
Apr  4 19:40:47 ovzhost sshd[897]: Received disconnect from 58.218.199.49: 11:  [preauth]
Apr  4 19:40:47 ovzhost sshd[897]: PAM 2 more authentication failures; logname= uid=0 euid=0 tty=ssh ruser= rhost=58.218.199.49  user=root
Apr  4 19:40:49 ovzhost sshd[899]: pam_unix(sshd:auth): authentication failure; logname= uid=0 euid=0 tty=ssh ruser= rhost=58.218.199.49  user=root
Apr  4 19:40:51 ovzhost sshd[899]: Failed password for root from 58.218.199.49 port 49810 ssh2
Apr  4 19:40:55 ovzhost sshd[899]: message repeated 2 times: [ Failed password for root from 58.218.199.49 port 49810 ssh2]
Apr  4 19:40:55 ovzhost sshd[899]: Received disconnect from 58.218.199.49: 11:  [preauth]
Apr  4 19:40:55 ovzhost sshd[899]: PAM 2 more authentication failures; logname= uid=0 euid=0 tty=ssh ruser= rhost=58.218.199.49  user=root
Apr  4 19:40:57 ovzhost sshd[901]: pam_unix(sshd:auth): authentication failure; logname= uid=0 euid=0 tty=ssh ruser= rhost=58.218.199.49  user=root
Apr  4 19:40:59 ovzhost sshd[901]: Failed password for root from 58.218.199.49 port 38380 ssh2
Apr  4 19:41:02 ovzhost sshd[901]: message repeated 2 times: [ Failed password for root from 58.218.199.49 port 38380 ssh2]
Apr  4 19:41:02 ovzhost sshd[901]: Received disconnect from 58.218.199.49: 11:  [preauth]
Apr  4 19:41:02 ovzhost sshd[901]: PAM 2 more authentication failures; logname= uid=0 euid=0 tty=ssh ruser= rhost=58.218.199.49  user=root
Apr  4 19:45:33 ovzhost sshd[924]: Connection closed by 127.0.0.1 [preauth]
Apr  4 19:45:48 ovzhost sshd[927]: Connection closed by 128.8.37.120 [preauth]
Apr  4 19:50:33 ovzhost sshd[946]: Connection closed by 127.0.0.1 [preauth]
Apr  4 19:55:33 ovzhost sshd[969]: Connection closed by 127.0.0.1 [preauth]
Apr  4 19:55:48 ovzhost sshd[972]: Connection closed by 128.8.37.120 [preauth]
Apr  4 20:00:01 ovzhost CRON[989]: pam_env(cron:session): Unable to open env file: /etc/default/locale: No such file or directory
Apr  4 20:00:01 ovzhost CRON[989]: pam_unix(cron:session): session opened for user smmsp by (uid=0)
Apr  4 20:00:01 ovzhost CRON[989]: pam_unix(cron:session): session closed for user smmsp
Apr  4 20:00:33 ovzhost sshd[1017]: Connection closed by 127.0.0.1 [preauth]
Apr  4 20:05:33 ovzhost sshd[1040]: Connection closed by 127.0.0.1 [preauth]
Apr  4 20:05:48 ovzhost sshd[1043]: Connection closed by 128.8.37.120 [preauth]
Apr  4 20:09:01 ovzhost CRON[1059]: pam_env(cron:session): Unable to open env file: /etc/default/locale: No such file or directory
Apr  4 20:09:01 ovzhost CRON[1058]: pam_env(cron:session): Unable to open env file: /etc/default/locale: No such file or directory
Apr  4 20:09:01 ovzhost CRON[1059]: pam_unix(cron:session): session opened for user root by (uid=0)
Apr  4 20:09:01 ovzhost CRON[1058]: pam_unix(cron:session): session opened for user root by (uid=0)
Apr  4 20:09:01 ovzhost CRON[1058]: pam_unix(cron:session): session closed for user root
Apr  4 20:09:01 ovzhost CRON[1059]: pam_unix(cron:session): session closed for user root
Apr  4 20:10:33 ovzhost sshd[1076]: Connection closed by 127.0.0.1 [preauth]
Apr  4 20:12:17 ovzhost sshd[1087]: pam_unix(sshd:auth): authentication failure; logname= uid=0 euid=0 tty=ssh ruser= rhost=58.218.204.245  user=root
Apr  4 20:12:17 ovzhost sshd[1089]: pam_unix(sshd:auth): authentication failure; logname= uid=0 euid=0 tty=ssh ruser= rhost=58.218.199.49  user=root
Apr  4 20:12:19 ovzhost sshd[1087]: Failed password for root from 58.218.204.245 port 44110 ssh2
Apr  4 20:12:20 ovzhost sshd[1089]: Failed password for root from 58.218.199.49 port 54759 ssh2
Apr  4 20:12:24 ovzhost sshd[1087]: message repeated 2 times: [ Failed password for root from 58.218.204.245 port 44110 ssh2]
Apr  4 20:12:24 ovzhost sshd[1087]: Received disconnect from 58.218.204.245: 11:  [preauth]
Apr  4 20:12:24 ovzhost sshd[1087]: PAM 2 more authentication failures; logname= uid=0 euid=0 tty=ssh ruser= rhost=58.218.204.245  user=root
Apr  4 20:12:24 ovzhost sshd[1089]: message repeated 2 times: [ Failed password for root from 58.218.199.49 port 54759 ssh2]
Apr  4 20:12:24 ovzhost sshd[1089]: Received disconnect from 58.218.199.49: 11:  [preauth]
Apr  4 20:12:24 ovzhost sshd[1089]: PAM 2 more authentication failures; logname= uid=0 euid=0 tty=ssh ruser= rhost=58.218.199.49  user=root
Apr  4 20:12:26 ovzhost sshd[1091]: pam_unix(sshd:auth): authentication failure; logname= uid=0 euid=0 tty=ssh ruser= rhost=58.218.204.245  user=root
Apr  4 20:12:26 ovzhost sshd[1093]: pam_unix(sshd:auth): authentication failure; logname= uid=0 euid=0 tty=ssh ruser= rhost=58.218.199.49  user=root
Apr  4 20:12:27 ovzhost sshd[1091]: Failed password for root from 58.218.204.245 port 60714 ssh2
Apr  4 20:12:27 ovzhost sshd[1093]: Failed password for root from 58.218.199.49 port 42227 ssh2
Apr  4 20:12:32 ovzhost sshd[1091]: message repeated 2 times: [ Failed password for root from 58.218.204.245 port 60714 ssh2]
Apr  4 20:12:32 ovzhost sshd[1091]: Received disconnect from 58.218.204.245: 11:  [preauth]
Apr  4 20:12:32 ovzhost sshd[1091]: PAM 2 more authentication failures; logname= uid=0 euid=0 tty=ssh ruser= rhost=58.218.204.245  user=root
Apr  4 20:12:32 ovzhost sshd[1093]: message repeated 2 times: [ Failed password for root from 58.218.199.49 port 42227 ssh2]
Apr  4 20:12:32 ovzhost sshd[1093]: Received disconnect from 58.218.199.49: 11:  [preauth]
Apr  4 20:12:32 ovzhost sshd[1093]: PAM 2 more authentication failures; logname= uid=0 euid=0 tty=ssh ruser= rhost=58.218.199.49  user=root
Apr  4 20:12:34 ovzhost sshd[1095]: pam_unix(sshd:auth): authentication failure; logname= uid=0 euid=0 tty=ssh ruser= rhost=58.218.204.245  user=root
Apr  4 20:12:34 ovzhost sshd[1097]: pam_unix(sshd:auth): authentication failure; logname= uid=0 euid=0 tty=ssh ruser= rhost=58.218.199.49  user=root
Apr  4 20:12:36 ovzhost sshd[1095]: Failed password for root from 58.218.204.245 port 48390 ssh2
Apr  4 20:12:36 ovzhost sshd[1097]: Failed password for root from 58.218.199.49 port 57032 ssh2
Apr  4 20:12:39 ovzhost sshd[1095]: message repeated 2 times: [ Failed password for root from 58.218.204.245 port 48390 ssh2]
Apr  4 20:12:40 ovzhost sshd[1095]: Received disconnect from 58.218.204.245: 11:  [preauth]
Apr  4 20:12:40 ovzhost sshd[1095]: PAM 2 more authentication failures; logname= uid=0 euid=0 tty=ssh ruser= rhost=58.218.204.245  user=root
Apr  4 20:12:40 ovzhost sshd[1097]: message repeated 2 times: [ Failed password for root from 58.218.199.49 port 57032 ssh2]
Apr  4 20:12:40 ovzhost sshd[1097]: Received disconnect from 58.218.199.49: 11:  [preauth]
Apr  4 20:12:40 ovzhost sshd[1097]: PAM 2 more authentication failures; logname= uid=0 euid=0 tty=ssh ruser= rhost=58.218.199.49  user=root
Apr  4 20:12:41 ovzhost sshd[1099]: pam_unix(sshd:auth): authentication failure; logname= uid=0 euid=0 tty=ssh ruser= rhost=58.218.199.49  user=root
Apr  4 20:12:42 ovzhost sshd[1101]: pam_unix(sshd:auth): authentication failure; logname= uid=0 euid=0 tty=ssh ruser= rhost=58.218.204.245  user=root
Apr  4 20:12:43 ovzhost sshd[1099]: Failed password for root from 58.218.199.49 port 43407 ssh2
Apr  4 20:12:44 ovzhost sshd[1101]: Failed password for root from 58.218.204.245 port 34663 ssh2
Apr  4 20:12:48 ovzhost sshd[1099]: message repeated 2 times: [ Failed password for root from 58.218.199.49 port 43407 ssh2]
Apr  4 20:12:48 ovzhost sshd[1099]: Received disconnect from 58.218.199.49: 11:  [preauth]
Apr  4 20:12:48 ovzhost sshd[1099]: PAM 2 more authentication failures; logname= uid=0 euid=0 tty=ssh ruser= rhost=58.218.199.49  user=root
Apr  4 20:12:48 ovzhost sshd[1101]: message repeated 2 times: [ Failed password for root from 58.218.204.245 port 34663 ssh2]
Apr  4 20:12:48 ovzhost sshd[1101]: Received disconnect from 58.218.204.245: 11:  [preauth]
Apr  4 20:12:48 ovzhost sshd[1101]: PAM 2 more authentication failures; logname= uid=0 euid=0 tty=ssh ruser= rhost=58.218.204.245  user=root
Apr  4 20:12:50 ovzhost sshd[1104]: pam_unix(sshd:auth): authentication failure; logname= uid=0 euid=0 tty=ssh ruser= rhost=58.218.199.49  user=root
Apr  4 20:12:50 ovzhost sshd[1106]: pam_unix(sshd:auth): authentication failure; logname= uid=0 euid=0 tty=ssh ruser= rhost=58.218.204.245  user=root
Apr  4 20:12:51 ovzhost sshd[1104]: Failed password for root from 58.218.199.49 port 58938 ssh2
Apr  4 20:12:51 ovzhost sshd[1106]: Failed password for root from 58.218.204.245 port 50536 ssh2
Apr  4 20:12:56 ovzhost sshd[1104]: message repeated 2 times: [ Failed password for root from 58.218.199.49 port 58938 ssh2]
Apr  4 20:12:56 ovzhost sshd[1104]: Received disconnect from 58.218.199.49: 11:  [preauth]
Apr  4 20:12:56 ovzhost sshd[1104]: PAM 2 more authentication failures; logname= uid=0 euid=0 tty=ssh ruser= rhost=58.218.199.49  user=root
Apr  4 20:12:56 ovzhost sshd[1106]: message repeated 2 times: [ Failed password for root from 58.218.204.245 port 50536 ssh2]
Apr  4 20:12:56 ovzhost sshd[1106]: Received disconnect from 58.218.204.245: 11:  [preauth]
Apr  4 20:12:56 ovzhost sshd[1106]: PAM 2 more authentication failures; logname= uid=0 euid=0 tty=ssh ruser= rhost=58.218.204.245  user=root
Apr  4 20:12:58 ovzhost sshd[1108]: pam_unix(sshd:auth): authentication failure; logname= uid=0 euid=0 tty=ssh ruser= rhost=58.218.199.49  user=root
Apr  4 20:12:58 ovzhost sshd[1110]: pam_unix(sshd:auth): authentication failure; logname= uid=0 euid=0 tty=ssh ruser= rhost=58.218.204.245  user=root
Apr  4 20:13:00 ovzhost sshd[1108]: Failed password for root from 58.218.199.49 port 46768 ssh2
Apr  4 20:13:00 ovzhost sshd[1110]: Failed password for root from 58.218.204.245 port 36732 ssh2
Apr  4 20:13:04 ovzhost sshd[1108]: message repeated 2 times: [ Failed password for root from 58.218.199.49 port 46768 ssh2]
Apr  4 20:13:05 ovzhost sshd[1108]: Received disconnect from 58.218.199.49: 11:  [preauth]
Apr  4 20:13:05 ovzhost sshd[1108]: PAM 2 more authentication failures; logname= uid=0 euid=0 tty=ssh ruser= rhost=58.218.199.49  user=root
Apr  4 20:13:05 ovzhost sshd[1110]: message repeated 2 times: [ Failed password for root from 58.218.204.245 port 36732 ssh2]
Apr  4 20:13:05 ovzhost sshd[1110]: Received disconnect from 58.218.204.245: 11:  [preauth]
Apr  4 20:13:05 ovzhost sshd[1110]: PAM 2 more authentication failures; logname= uid=0 euid=0 tty=ssh ruser= rhost=58.218.204.245  user=root
Apr  4 20:13:06 ovzhost sshd[1112]: pam_unix(sshd:auth): authentication failure; logname= uid=0 euid=0 tty=ssh ruser= rhost=58.218.199.49  user=root
Apr  4 20:13:07 ovzhost sshd[1114]: pam_unix(sshd:auth): authentication failure; logname= uid=0 euid=0 tty=ssh ruser= rhost=58.218.204.245  user=root
Apr  4 20:13:08 ovzhost sshd[1112]: Failed password for root from 58.218.199.49 port 35853 ssh2
Apr  4 20:13:09 ovzhost sshd[1114]: Failed password for root from 58.218.204.245 port 53579 ssh2
Apr  4 20:13:12 ovzhost sshd[1112]: message repeated 2 times: [ Failed password for root from 58.218.199.49 port 35853 ssh2]
Apr  4 20:13:12 ovzhost sshd[1112]: Received disconnect from 58.218.199.49: 11:  [preauth]
Apr  4 20:13:12 ovzhost sshd[1112]: PAM 2 more authentication failures; logname= uid=0 euid=0 tty=ssh ruser= rhost=58.218.199.49  user=root
Apr  4 20:13:13 ovzhost sshd[1114]: message repeated 2 times: [ Failed password for root from 58.218.204.245 port 53579 ssh2]
Apr  4 20:13:13 ovzhost sshd[1114]: Received disconnect from 58.218.204.245: 11:  [preauth]
Apr  4 20:13:13 ovzhost sshd[1114]: PAM 2 more authentication failures; logname= uid=0 euid=0 tty=ssh ruser= rhost=58.218.204.245  user=root
Apr  4 20:13:14 ovzhost sshd[1116]: pam_unix(sshd:auth): authentication failure; logname= uid=0 euid=0 tty=ssh ruser= rhost=58.218.199.49  user=root
Apr  4 20:13:15 ovzhost sshd[1118]: pam_unix(sshd:auth): authentication failure; logname= uid=0 euid=0 tty=ssh ruser= rhost=58.218.204.245  user=root
Apr  4 20:13:16 ovzhost sshd[1116]: Failed password for root from 58.218.199.49 port 51257 ssh2
Apr  4 20:13:17 ovzhost sshd[1118]: Failed password for root from 58.218.204.245 port 40686 ssh2
Apr  4 20:13:20 ovzhost sshd[1116]: message repeated 2 times: [ Failed password for root from 58.218.199.49 port 51257 ssh2]
Apr  4 20:13:21 ovzhost sshd[1116]: Received disconnect from 58.218.199.49: 11:  [preauth]
Apr  4 20:13:21 ovzhost sshd[1116]: PAM 2 more authentication failures; logname= uid=0 euid=0 tty=ssh ruser= rhost=58.218.199.49  user=root
Apr  4 20:13:21 ovzhost sshd[1118]: message repeated 2 times: [ Failed password for root from 58.218.204.245 port 40686 ssh2]
Apr  4 20:13:21 ovzhost sshd[1118]: Received disconnect from 58.218.204.245: 11:  [preauth]
Apr  4 20:13:21 ovzhost sshd[1118]: PAM 2 more authentication failures; logname= uid=0 euid=0 tty=ssh ruser= rhost=58.218.204.245  user=root
Apr  4 20:13:22 ovzhost sshd[1121]: pam_unix(sshd:auth): authentication failure; logname= uid=0 euid=0 tty=ssh ruser= rhost=58.218.199.49  user=root
Apr  4 20:13:23 ovzhost sshd[1123]: pam_unix(sshd:auth): authentication failure; logname= uid=0 euid=0 tty=ssh ruser= rhost=58.218.204.245  user=root
Apr  4 20:13:24 ovzhost sshd[1121]: Failed password for root from 58.218.199.49 port 38953 ssh2
Apr  4 20:13:25 ovzhost sshd[1123]: Failed password for root from 58.218.204.245 port 55808 ssh2
Apr  4 20:13:29 ovzhost sshd[1121]: message repeated 2 times: [ Failed password for root from 58.218.199.49 port 38953 ssh2]
Apr  4 20:13:29 ovzhost sshd[1121]: Received disconnect from 58.218.199.49: 11:  [preauth]
Apr  4 20:13:29 ovzhost sshd[1121]: PAM 2 more authentication failures; logname= uid=0 euid=0 tty=ssh ruser= rhost=58.218.199.49  user=root
Apr  4 20:13:29 ovzhost sshd[1123]: message repeated 2 times: [ Failed password for root from 58.218.204.245 port 55808 ssh2]
Apr  4 20:13:30 ovzhost sshd[1123]: Received disconnect from 58.218.204.245: 11:  [preauth]
Apr  4 20:13:30 ovzhost sshd[1123]: PAM 2 more authentication failures; logname= uid=0 euid=0 tty=ssh ruser= rhost=58.218.204.245  user=root
Apr  4 20:13:31 ovzhost sshd[1125]: pam_unix(sshd:auth): authentication failure; logname= uid=0 euid=0 tty=ssh ruser= rhost=58.218.199.49  user=root
Apr  4 20:13:31 ovzhost sshd[1127]: pam_unix(sshd:auth): authentication failure; logname= uid=0 euid=0 tty=ssh ruser= rhost=58.218.204.245  user=root
Apr  4 20:13:32 ovzhost sshd[1125]: Failed password for root from 58.218.199.49 port 54703 ssh2
Apr  4 20:13:33 ovzhost sshd[1127]: Failed password for root from 58.218.204.245 port 43317 ssh2
Apr  4 20:13:37 ovzhost sshd[1125]: message repeated 2 times: [ Failed password for root from 58.218.199.49 port 54703 ssh2]
Apr  4 20:13:37 ovzhost sshd[1125]: Received disconnect from 58.218.199.49: 11:  [preauth]
Apr  4 20:13:37 ovzhost sshd[1125]: PAM 2 more authentication failures; logname= uid=0 euid=0 tty=ssh ruser= rhost=58.218.199.49  user=root
Apr  4 20:13:37 ovzhost sshd[1127]: message repeated 2 times: [ Failed password for root from 58.218.204.245 port 43317 ssh2]
Apr  4 20:13:38 ovzhost sshd[1127]: Received disconnect from 58.218.204.245: 11:  [preauth]
Apr  4 20:13:38 ovzhost sshd[1127]: PAM 2 more authentication failures; logname= uid=0 euid=0 tty=ssh ruser= rhost=58.218.204.245  user=root
Apr  4 20:13:39 ovzhost sshd[1129]: pam_unix(sshd:auth): authentication failure; logname= uid=0 euid=0 tty=ssh ruser= rhost=58.218.199.49  user=root
Apr  4 20:13:40 ovzhost sshd[1131]: pam_unix(sshd:auth): authentication failure; logname= uid=0 euid=0 tty=ssh ruser= rhost=58.218.204.245  user=root
Apr  4 20:13:40 ovzhost sshd[1129]: Failed password for root from 58.218.199.49 port 42117 ssh2
Apr  4 20:13:42 ovzhost sshd[1131]: Failed password for root from 58.218.204.245 port 57995 ssh2
Apr  4 20:13:45 ovzhost sshd[1129]: message repeated 2 times: [ Failed password for root from 58.218.199.49 port 42117 ssh2]
Apr  4 20:13:45 ovzhost sshd[1129]: Received disconnect from 58.218.199.49: 11:  [preauth]
Apr  4 20:13:45 ovzhost sshd[1129]: PAM 2 more authentication failures; logname= uid=0 euid=0 tty=ssh ruser= rhost=58.218.199.49  user=root
Apr  4 20:13:46 ovzhost sshd[1131]: message repeated 2 times: [ Failed password for root from 58.218.204.245 port 57995 ssh2]
Apr  4 20:13:46 ovzhost sshd[1131]: Received disconnect from 58.218.204.245: 11:  [preauth]
Apr  4 20:13:46 ovzhost sshd[1131]: PAM 2 more authentication failures; logname= uid=0 euid=0 tty=ssh ruser= rhost=58.218.204.245  user=root
Apr  4 20:13:47 ovzhost sshd[1138]: pam_unix(sshd:auth): authentication failure; logname= uid=0 euid=0 tty=ssh ruser= rhost=58.218.199.49  user=root
Apr  4 20:13:48 ovzhost sshd[1140]: pam_unix(sshd:auth): authentication failure; logname= uid=0 euid=0 tty=ssh ruser= rhost=58.218.204.245  user=root
Apr  4 20:13:49 ovzhost sshd[1138]: Failed password for root from 58.218.199.49 port 58363 ssh2
Apr  4 20:13:50 ovzhost sshd[1140]: Failed password for root from 58.218.204.245 port 44646 ssh2
Apr  4 20:13:54 ovzhost sshd[1138]: message repeated 2 times: [ Failed password for root from 58.218.199.49 port 58363 ssh2]
Apr  4 20:13:54 ovzhost sshd[1138]: Received disconnect from 58.218.199.49: 11:  [preauth]
Apr  4 20:13:54 ovzhost sshd[1138]: PAM 2 more authentication failures; logname= uid=0 euid=0 tty=ssh ruser= rhost=58.218.199.49  user=root
Apr  4 20:13:54 ovzhost sshd[1140]: message repeated 2 times: [ Failed password for root from 58.218.204.245 port 44646 ssh2]
Apr  4 20:13:54 ovzhost sshd[1140]: Received disconnect from 58.218.204.245: 11:  [preauth]
Apr  4 20:13:54 ovzhost sshd[1140]: PAM 2 more authentication failures; logname= uid=0 euid=0 tty=ssh ruser= rhost=58.218.204.245  user=root
Apr  4 20:13:56 ovzhost sshd[1142]: pam_unix(sshd:auth): authentication failure; logname= uid=0 euid=0 tty=ssh ruser= rhost=58.218.199.49  user=root
Apr  4 20:13:56 ovzhost sshd[1144]: pam_unix(sshd:auth): authentication failure; logname= uid=0 euid=0 tty=ssh ruser= rhost=58.218.204.245  user=root
Apr  4 20:13:57 ovzhost sshd[1142]: Failed password for root from 58.218.199.49 port 46857 ssh2
Apr  4 20:13:58 ovzhost sshd[1144]: Failed password for root from 58.218.204.245 port 59534 ssh2
Apr  4 20:14:02 ovzhost sshd[1142]: message repeated 2 times: [ Failed password for root from 58.218.199.49 port 46857 ssh2]
Apr  4 20:14:02 ovzhost sshd[1142]: Received disconnect from 58.218.199.49: 11:  [preauth]
Apr  4 20:14:02 ovzhost sshd[1142]: PAM 2 more authentication failures; logname= uid=0 euid=0 tty=ssh ruser= rhost=58.218.199.49  user=root
Apr  4 20:14:02 ovzhost sshd[1144]: message repeated 2 times: [ Failed password for root from 58.218.204.245 port 59534 ssh2]
Apr  4 20:14:02 ovzhost sshd[1144]: Received disconnect from 58.218.204.245: 11:  [preauth]
Apr  4 20:14:02 ovzhost sshd[1144]: PAM 2 more authentication failures; logname= uid=0 euid=0 tty=ssh ruser= rhost=58.218.204.245  user=root
Apr  4 20:14:04 ovzhost sshd[1146]: pam_unix(sshd:auth): authentication failure; logname= uid=0 euid=0 tty=ssh ruser= rhost=58.218.199.49  user=root
Apr  4 20:14:04 ovzhost sshd[1148]: pam_unix(sshd:auth): authentication failure; logname= uid=0 euid=0 tty=ssh ruser= rhost=58.218.204.245  user=root
Apr  4 20:14:06 ovzhost sshd[1146]: Failed password for root from 58.218.199.49 port 33874 ssh2
Apr  4 20:14:06 ovzhost sshd[1148]: Failed password for root from 58.218.204.245 port 46298 ssh2
Apr  4 20:14:10 ovzhost sshd[1146]: message repeated 2 times: [ Failed password for root from 58.218.199.49 port 33874 ssh2]
Apr  4 20:14:10 ovzhost sshd[1146]: Received disconnect from 58.218.199.49: 11:  [preauth]
Apr  4 20:14:10 ovzhost sshd[1146]: PAM 2 more authentication failures; logname= uid=0 euid=0 tty=ssh ruser= rhost=58.218.199.49  user=root
Apr  4 20:14:11 ovzhost sshd[1148]: message repeated 2 times: [ Failed password for root from 58.218.204.245 port 46298 ssh2]
Apr  4 20:14:11 ovzhost sshd[1148]: Received disconnect from 58.218.204.245: 11:  [preauth]
Apr  4 20:14:11 ovzhost sshd[1148]: PAM 2 more authentication failures; logname= uid=0 euid=0 tty=ssh ruser= rhost=58.218.204.245  user=root
Apr  4 20:14:12 ovzhost sshd[1150]: pam_unix(sshd:auth): authentication failure; logname= uid=0 euid=0 tty=ssh ruser= rhost=58.218.199.49  user=root
Apr  4 20:14:13 ovzhost sshd[1152]: pam_unix(sshd:auth): authentication failure; logname= uid=0 euid=0 tty=ssh ruser= rhost=58.218.204.245  user=root
Apr  4 20:14:14 ovzhost sshd[1150]: Failed password for root from 58.218.199.49 port 49491 ssh2
Apr  4 20:14:15 ovzhost sshd[1152]: Failed password for root from 58.218.204.245 port 33109 ssh2
Apr  4 20:14:18 ovzhost sshd[1150]: message repeated 2 times: [ Failed password for root from 58.218.199.49 port 49491 ssh2]
Apr  4 20:14:18 ovzhost sshd[1150]: Received disconnect from 58.218.199.49: 11:  [preauth]
Apr  4 20:14:18 ovzhost sshd[1150]: PAM 2 more authentication failures; logname= uid=0 euid=0 tty=ssh ruser= rhost=58.218.199.49  user=root
Apr  4 20:14:19 ovzhost sshd[1152]: message repeated 2 times: [ Failed password for root from 58.218.204.245 port 33109 ssh2]
Apr  4 20:14:20 ovzhost sshd[1152]: Received disconnect from 58.218.204.245: 11:  [preauth]
Apr  4 20:14:20 ovzhost sshd[1152]: PAM 2 more authentication failures; logname= uid=0 euid=0 tty=ssh ruser= rhost=58.218.204.245  user=root
Apr  4 20:14:20 ovzhost sshd[1156]: pam_unix(sshd:auth): authentication failure; logname= uid=0 euid=0 tty=ssh ruser= rhost=58.218.199.49  user=root
Apr  4 20:14:22 ovzhost sshd[1158]: pam_unix(sshd:auth): authentication failure; logname= uid=0 euid=0 tty=ssh ruser= rhost=58.218.204.245  user=root
Apr  4 20:14:22 ovzhost sshd[1156]: Failed password for root from 58.218.199.49 port 37102 ssh2
Apr  4 20:14:24 ovzhost sshd[1158]: Failed password for root from 58.218.204.245 port 49532 ssh2
Apr  4 20:14:28 ovzhost sshd[1156]: message repeated 2 times: [ Failed password for root from 58.218.199.49 port 37102 ssh2]
Apr  4 20:14:28 ovzhost sshd[1156]: Received disconnect from 58.218.199.49: 11:  [preauth]
Apr  4 20:14:28 ovzhost sshd[1156]: PAM 2 more authentication failures; logname= uid=0 euid=0 tty=ssh ruser= rhost=58.218.199.49  user=root
Apr  4 20:14:28 ovzhost sshd[1158]: message repeated 2 times: [ Failed password for root from 58.218.204.245 port 49532 ssh2]
Apr  4 20:14:28 ovzhost sshd[1158]: Received disconnect from 58.218.204.245: 11:  [preauth]
Apr  4 20:14:28 ovzhost sshd[1158]: PAM 2 more authentication failures; logname= uid=0 euid=0 tty=ssh ruser= rhost=58.218.204.245  user=root
Apr  4 20:14:29 ovzhost sshd[1160]: pam_unix(sshd:auth): authentication failure; logname= uid=0 euid=0 tty=ssh ruser= rhost=58.218.199.49  user=root
Apr  4 20:14:30 ovzhost sshd[1162]: pam_unix(sshd:auth): authentication failure; logname= uid=0 euid=0 tty=ssh ruser= rhost=58.218.204.245  user=root
Apr  4 20:14:31 ovzhost sshd[1160]: Failed password for root from 58.218.199.49 port 55209 ssh2
Apr  4 20:14:32 ovzhost sshd[1162]: Failed password for root from 58.218.204.245 port 37018 ssh2
Apr  4 20:14:36 ovzhost sshd[1160]: message repeated 2 times: [ Failed password for root from 58.218.199.49 port 55209 ssh2]
Apr  4 20:14:36 ovzhost sshd[1160]: Received disconnect from 58.218.199.49: 11:  [preauth]
Apr  4 20:14:36 ovzhost sshd[1160]: PAM 2 more authentication failures; logname= uid=0 euid=0 tty=ssh ruser= rhost=58.218.199.49  user=root
Apr  4 20:14:37 ovzhost sshd[1162]: message repeated 2 times: [ Failed password for root from 58.218.204.245 port 37018 ssh2]
Apr  4 20:14:37 ovzhost sshd[1162]: Received disconnect from 58.218.204.245: 11:  [preauth]
Apr  4 20:14:37 ovzhost sshd[1162]: PAM 2 more authentication failures; logname= uid=0 euid=0 tty=ssh ruser= rhost=58.218.204.245  user=root
Apr  4 20:14:38 ovzhost sshd[1164]: pam_unix(sshd:auth): authentication failure; logname= uid=0 euid=0 tty=ssh ruser= rhost=58.218.199.49  user=root
Apr  4 20:14:39 ovzhost sshd[1166]: pam_unix(sshd:auth): authentication failure; logname= uid=0 euid=0 tty=ssh ruser= rhost=58.218.204.245  user=root
Apr  4 20:14:39 ovzhost sshd[1164]: Failed password for root from 58.218.199.49 port 42610 ssh2
Apr  4 20:14:40 ovzhost sshd[1166]: Failed password for root from 58.218.204.245 port 53438 ssh2
Apr  4 20:14:44 ovzhost sshd[1164]: message repeated 2 times: [ Failed password for root from 58.218.199.49 port 42610 ssh2]
Apr  4 20:14:44 ovzhost sshd[1164]: Received disconnect from 58.218.199.49: 11:  [preauth]
Apr  4 20:14:44 ovzhost sshd[1164]: PAM 2 more authentication failures; logname= uid=0 euid=0 tty=ssh ruser= rhost=58.218.199.49  user=root
Apr  4 20:14:45 ovzhost sshd[1168]: pam_unix(sshd:auth): authentication failure; logname= uid=0 euid=0 tty=ssh ruser= rhost=58.218.199.49  user=root
Apr  4 20:14:45 ovzhost sshd[1166]: message repeated 2 times: [ Failed password for root from 58.218.204.245 port 53438 ssh2]
Apr  4 20:14:46 ovzhost sshd[1166]: Received disconnect from 58.218.204.245: 11:  [preauth]
Apr  4 20:14:46 ovzhost sshd[1166]: PAM 2 more authentication failures; logname= uid=0 euid=0 tty=ssh ruser= rhost=58.218.204.245  user=root
Apr  4 20:14:47 ovzhost sshd[1168]: Failed password for root from 58.218.199.49 port 57181 ssh2
Apr  4 20:14:47 ovzhost sshd[1171]: pam_unix(sshd:auth): authentication failure; logname= uid=0 euid=0 tty=ssh ruser= rhost=58.218.204.245  user=root
Apr  4 20:14:49 ovzhost sshd[1171]: Failed password for root from 58.218.204.245 port 41256 ssh2
Apr  4 20:14:51 ovzhost sshd[1168]: message repeated 2 times: [ Failed password for root from 58.218.199.49 port 57181 ssh2]
Apr  4 20:14:52 ovzhost sshd[1168]: Received disconnect from 58.218.199.49: 11:  [preauth]
Apr  4 20:14:52 ovzhost sshd[1168]: PAM 2 more authentication failures; logname= uid=0 euid=0 tty=ssh ruser= rhost=58.218.199.49  user=root
Apr  4 20:14:53 ovzhost sshd[1173]: pam_unix(sshd:auth): authentication failure; logname= uid=0 euid=0 tty=ssh ruser= rhost=58.218.199.49  user=root
Apr  4 20:14:53 ovzhost sshd[1171]: message repeated 2 times: [ Failed password for root from 58.218.204.245 port 41256 ssh2]
Apr  4 20:14:54 ovzhost sshd[1171]: Received disconnect from 58.218.204.245: 11:  [preauth]
Apr  4 20:14:54 ovzhost sshd[1171]: PAM 2 more authentication failures; logname= uid=0 euid=0 tty=ssh ruser= rhost=58.218.204.245  user=root
Apr  4 20:14:55 ovzhost sshd[1175]: pam_unix(sshd:auth): authentication failure; logname= uid=0 euid=0 tty=ssh ruser= rhost=58.218.204.245  user=root
Apr  4 20:14:56 ovzhost sshd[1173]: Failed password for root from 58.218.199.49 port 44639 ssh2
Apr  4 20:14:58 ovzhost sshd[1175]: Failed password for root from 58.218.204.245 port 56161 ssh2
Apr  4 20:15:00 ovzhost sshd[1173]: message repeated 2 times: [ Failed password for root from 58.218.199.49 port 44639 ssh2]
Apr  4 20:15:00 ovzhost sshd[1173]: Received disconnect from 58.218.199.49: 11:  [preauth]
Apr  4 20:15:00 ovzhost sshd[1173]: PAM 2 more authentication failures; logname= uid=0 euid=0 tty=ssh ruser= rhost=58.218.199.49  user=root
Apr  4 20:15:02 ovzhost sshd[1177]: pam_unix(sshd:auth): authentication failure; logname= uid=0 euid=0 tty=ssh ruser= rhost=58.218.199.49  user=root
Apr  4 20:15:02 ovzhost sshd[1175]: message repeated 2 times: [ Failed password for root from 58.218.204.245 port 56161 ssh2]
Apr  4 20:15:03 ovzhost sshd[1175]: Received disconnect from 58.218.204.245: 11:  [preauth]
Apr  4 20:15:03 ovzhost sshd[1175]: PAM 2 more authentication failures; logname= uid=0 euid=0 tty=ssh ruser= rhost=58.218.204.245  user=root
Apr  4 20:15:04 ovzhost sshd[1177]: Failed password for root from 58.218.199.49 port 33655 ssh2
Apr  4 20:15:05 ovzhost sshd[1179]: pam_unix(sshd:auth): authentication failure; logname= uid=0 euid=0 tty=ssh ruser= rhost=58.218.204.245  user=root
Apr  4 20:15:07 ovzhost sshd[1179]: Failed password for root from 58.218.204.245 port 45012 ssh2
Apr  4 20:15:08 ovzhost sshd[1177]: message repeated 2 times: [ Failed password for root from 58.218.199.49 port 33655 ssh2]
Apr  4 20:15:09 ovzhost sshd[1177]: Received disconnect from 58.218.199.49: 11:  [preauth]
Apr  4 20:15:09 ovzhost sshd[1177]: PAM 2 more authentication failures; logname= uid=0 euid=0 tty=ssh ruser= rhost=58.218.199.49  user=root
Apr  4 20:15:11 ovzhost sshd[1181]: pam_unix(sshd:auth): authentication failure; logname= uid=0 euid=0 tty=ssh ruser= rhost=58.218.199.49  user=root
Apr  4 20:15:12 ovzhost sshd[1179]: message repeated 2 times: [ Failed password for root from 58.218.204.245 port 45012 ssh2]
Apr  4 20:15:12 ovzhost sshd[1179]: Received disconnect from 58.218.204.245: 11:  [preauth]
Apr  4 20:15:12 ovzhost sshd[1179]: PAM 2 more authentication failures; logname= uid=0 euid=0 tty=ssh ruser= rhost=58.218.204.245  user=root
Apr  4 20:15:13 ovzhost sshd[1181]: Failed password for root from 58.218.199.49 port 50534 ssh2
Apr  4 20:15:14 ovzhost sshd[1183]: pam_unix(sshd:auth): authentication failure; logname= uid=0 euid=0 tty=ssh ruser= rhost=58.218.204.245  user=root
Apr  4 20:15:16 ovzhost sshd[1183]: Failed password for root from 58.218.204.245 port 35162 ssh2
Apr  4 20:15:17 ovzhost sshd[1181]: message repeated 2 times: [ Failed password for root from 58.218.199.49 port 50534 ssh2]
Apr  4 20:15:17 ovzhost sshd[1181]: Received disconnect from 58.218.199.49: 11:  [preauth]
Apr  4 20:15:17 ovzhost sshd[1181]: PAM 2 more authentication failures; logname= uid=0 euid=0 tty=ssh ruser= rhost=58.218.199.49  user=root
Apr  4 20:15:19 ovzhost sshd[1186]: pam_unix(sshd:auth): authentication failure; logname= uid=0 euid=0 tty=ssh ruser= rhost=58.218.199.49  user=root
Apr  4 20:15:21 ovzhost sshd[1183]: message repeated 2 times: [ Failed password for root from 58.218.204.245 port 35162 ssh2]
Apr  4 20:15:21 ovzhost sshd[1183]: Received disconnect from 58.218.204.245: 11:  [preauth]
Apr  4 20:15:21 ovzhost sshd[1183]: PAM 2 more authentication failures; logname= uid=0 euid=0 tty=ssh ruser= rhost=58.218.204.245  user=root
Apr  4 20:15:21 ovzhost sshd[1186]: Failed password for root from 58.218.199.49 port 41449 ssh2
Apr  4 20:15:23 ovzhost sshd[1188]: pam_unix(sshd:auth): authentication failure; logname= uid=0 euid=0 tty=ssh ruser= rhost=58.218.204.245  user=root
Apr  4 20:15:25 ovzhost sshd[1188]: Failed password for root from 58.218.204.245 port 51684 ssh2
Apr  4 20:15:26 ovzhost sshd[1186]: message repeated 2 times: [ Failed password for root from 58.218.199.49 port 41449 ssh2]
Apr  4 20:15:26 ovzhost sshd[1186]: Received disconnect from 58.218.199.49: 11:  [preauth]
Apr  4 20:15:26 ovzhost sshd[1186]: PAM 2 more authentication failures; logname= uid=0 euid=0 tty=ssh ruser= rhost=58.218.199.49  user=root
Apr  4 20:15:28 ovzhost sshd[1190]: pam_unix(sshd:auth): authentication failure; logname= uid=0 euid=0 tty=ssh ruser= rhost=58.218.199.49  user=root
Apr  4 20:15:29 ovzhost sshd[1188]: message repeated 2 times: [ Failed password for root from 58.218.204.245 port 51684 ssh2]
Apr  4 20:15:30 ovzhost sshd[1188]: Received disconnect from 58.218.204.245: 11:  [preauth]
Apr  4 20:15:30 ovzhost sshd[1188]: PAM 2 more authentication failures; logname= uid=0 euid=0 tty=ssh ruser= rhost=58.218.204.245  user=root
Apr  4 20:15:30 ovzhost sshd[1190]: Failed password for root from 58.218.199.49 port 33687 ssh2
Apr  4 20:15:31 ovzhost sshd[1192]: pam_unix(sshd:auth): authentication failure; logname= uid=0 euid=0 tty=ssh ruser= rhost=58.218.204.245  user=root
Apr  4 20:15:33 ovzhost sshd[1195]: Connection closed by 127.0.0.1 [preauth]
Apr  4 20:15:33 ovzhost sshd[1192]: Failed password for root from 58.218.204.245 port 40195 ssh2
Apr  4 20:15:35 ovzhost sshd[1190]: message repeated 2 times: [ Failed password for root from 58.218.199.49 port 33687 ssh2]
Apr  4 20:15:35 ovzhost sshd[1190]: Received disconnect from 58.218.199.49: 11:  [preauth]
Apr  4 20:15:35 ovzhost sshd[1190]: PAM 2 more authentication failures; logname= uid=0 euid=0 tty=ssh ruser= rhost=58.218.199.49  user=root
Apr  4 20:15:38 ovzhost sshd[1192]: message repeated 2 times: [ Failed password for root from 58.218.204.245 port 40195 ssh2]
Apr  4 20:15:38 ovzhost sshd[1192]: Received disconnect from 58.218.204.245: 11:  [preauth]
Apr  4 20:15:38 ovzhost sshd[1192]: PAM 2 more authentication failures; logname= uid=0 euid=0 tty=ssh ruser= rhost=58.218.204.245  user=root
Apr  4 20:15:48 ovzhost sshd[1198]: Connection closed by 128.8.37.120 [preauth]
Apr  4 20:20:01 ovzhost CRON[1215]: pam_env(cron:session): Unable to open env file: /etc/default/locale: No such file or directory
Apr  4 20:20:01 ovzhost CRON[1215]: pam_unix(cron:session): session opened for user smmsp by (uid=0)
Apr  4 20:20:01 ovzhost CRON[1215]: pam_unix(cron:session): session closed for user smmsp
Apr  4 20:20:33 ovzhost sshd[1243]: Connection closed by 127.0.0.1 [preauth]
Apr  4 20:25:33 ovzhost sshd[1266]: Connection closed by 127.0.0.1 [preauth]
Apr  4 20:25:48 ovzhost sshd[1269]: Connection closed by 128.8.37.120 [preauth]
