Apr 11 05:12:36 ovzhost sshd[1512]: PAM 2 more authentication failures; logname= uid=0 euid=0 tty=ssh ruser= rhost=43.255.190.159  user=root
Apr 11 05:12:38 ovzhost sshd[1514]: pam_unix(sshd:auth): authentication failure; logname= uid=0 euid=0 tty=ssh ruser= rhost=43.255.190.159  user=root
Apr 11 05:12:39 ovzhost sshd[1516]: pam_unix(sshd:auth): authentication failure; logname= uid=0 euid=0 tty=ssh ruser= rhost=43.255.190.172  user=root
Apr 11 05:12:40 ovzhost sshd[1514]: Failed password for root from 43.255.190.159 port 49221 ssh2
Apr 11 05:12:41 ovzhost sshd[1516]: Failed password for root from 43.255.190.172 port 53740 ssh2
Apr 11 05:12:44 ovzhost sshd[1514]: message repeated 2 times: [ Failed password for root from 43.255.190.159 port 49221 ssh2]
Apr 11 05:12:44 ovzhost sshd[1514]: Received disconnect from 43.255.190.159: 11:  [preauth]
Apr 11 05:12:44 ovzhost sshd[1514]: PAM 2 more authentication failures; logname= uid=0 euid=0 tty=ssh ruser= rhost=43.255.190.159  user=root
Apr 11 05:12:45 ovzhost sshd[1516]: message repeated 2 times: [ Failed password for root from 43.255.190.172 port 53740 ssh2]
Apr 11 05:12:46 ovzhost sshd[1516]: Received disconnect from 43.255.190.172: 11:  [preauth]
Apr 11 05:12:46 ovzhost sshd[1516]: PAM 2 more authentication failures; logname= uid=0 euid=0 tty=ssh ruser= rhost=43.255.190.172  user=root
Apr 11 05:12:46 ovzhost sshd[1518]: pam_unix(sshd:auth): authentication failure; logname= uid=0 euid=0 tty=ssh ruser= rhost=43.255.190.159  user=root
Apr 11 05:12:47 ovzhost sshd[1520]: pam_unix(sshd:auth): authentication failure; logname= uid=0 euid=0 tty=ssh ruser= rhost=43.255.190.172  user=root
Apr 11 05:12:49 ovzhost sshd[1520]: Failed password for root from 43.255.190.172 port 51231 ssh2
Apr 11 05:12:49 ovzhost sshd[1518]: Failed password for root from 43.255.190.159 port 36799 ssh2
Apr 11 05:12:53 ovzhost sshd[1520]: message repeated 2 times: [ Failed password for root from 43.255.190.172 port 51231 ssh2]
Apr 11 05:12:53 ovzhost sshd[1520]: Received disconnect from 43.255.190.172: 11:  [preauth]
Apr 11 05:12:53 ovzhost sshd[1520]: PAM 2 more authentication failures; logname= uid=0 euid=0 tty=ssh ruser= rhost=43.255.190.172  user=root
Apr 11 05:12:53 ovzhost sshd[1518]: message repeated 2 times: [ Failed password for root from 43.255.190.159 port 36799 ssh2]
Apr 11 05:12:53 ovzhost sshd[1518]: Received disconnect from 43.255.190.159: 11:  [preauth]
Apr 11 05:12:53 ovzhost sshd[1518]: PAM 2 more authentication failures; logname= uid=0 euid=0 tty=ssh ruser= rhost=43.255.190.159  user=root
Apr 11 05:12:54 ovzhost sshd[1522]: pam_unix(sshd:auth): authentication failure; logname= uid=0 euid=0 tty=ssh ruser= rhost=43.255.190.172  user=root
Apr 11 05:12:54 ovzhost sshd[1524]: pam_unix(sshd:auth): authentication failure; logname= uid=0 euid=0 tty=ssh ruser= rhost=43.255.190.159  user=root
Apr 11 05:12:56 ovzhost sshd[1522]: Failed password for root from 43.255.190.172 port 40214 ssh2
Apr 11 05:12:56 ovzhost sshd[1524]: Failed password for root from 43.255.190.159 port 56250 ssh2
Apr 11 05:13:01 ovzhost sshd[1524]: message repeated 2 times: [ Failed password for root from 43.255.190.159 port 56250 ssh2]
Apr 11 05:13:01 ovzhost sshd[1524]: Received disconnect from 43.255.190.159: 11:  [preauth]
Apr 11 05:13:01 ovzhost sshd[1524]: PAM 2 more authentication failures; logname= uid=0 euid=0 tty=ssh ruser= rhost=43.255.190.159  user=root
Apr 11 05:13:01 ovzhost sshd[1522]: message repeated 2 times: [ Failed password for root from 43.255.190.172 port 40214 ssh2]
Apr 11 05:13:01 ovzhost sshd[1522]: Received disconnect from 43.255.190.172: 11:  [preauth]
Apr 11 05:13:01 ovzhost sshd[1522]: PAM 2 more authentication failures; logname= uid=0 euid=0 tty=ssh ruser= rhost=43.255.190.172  user=root
Apr 11 05:13:02 ovzhost sshd[1526]: pam_unix(sshd:auth): authentication failure; logname= uid=0 euid=0 tty=ssh ruser= rhost=43.255.190.159  user=root
Apr 11 05:13:02 ovzhost sshd[1528]: pam_unix(sshd:auth): authentication failure; logname= uid=0 euid=0 tty=ssh ruser= rhost=43.255.190.172  user=root
Apr 11 05:13:05 ovzhost sshd[1526]: Failed password for root from 43.255.190.159 port 44784 ssh2
Apr 11 05:13:05 ovzhost sshd[1528]: Failed password for root from 43.255.190.172 port 60578 ssh2
Apr 11 05:13:09 ovzhost sshd[1528]: message repeated 2 times: [ Failed password for root from 43.255.190.172 port 60578 ssh2]
Apr 11 05:13:09 ovzhost sshd[1528]: Received disconnect from 43.255.190.172: 11:  [preauth]
Apr 11 05:13:09 ovzhost sshd[1528]: PAM 2 more authentication failures; logname= uid=0 euid=0 tty=ssh ruser= rhost=43.255.190.172  user=root
Apr 11 05:13:09 ovzhost sshd[1526]: message repeated 2 times: [ Failed password for root from 43.255.190.159 port 44784 ssh2]
Apr 11 05:13:10 ovzhost sshd[1526]: Received disconnect from 43.255.190.159: 11:  [preauth]
Apr 11 05:13:10 ovzhost sshd[1526]: PAM 2 more authentication failures; logname= uid=0 euid=0 tty=ssh ruser= rhost=43.255.190.159  user=root
Apr 11 05:13:10 ovzhost sshd[1531]: pam_unix(sshd:auth): authentication failure; logname= uid=0 euid=0 tty=ssh ruser= rhost=43.255.190.172  user=root
Apr 11 05:13:11 ovzhost sshd[1533]: pam_unix(sshd:auth): authentication failure; logname= uid=0 euid=0 tty=ssh ruser= rhost=43.255.190.159  user=root
Apr 11 05:13:13 ovzhost sshd[1531]: Failed password for root from 43.255.190.172 port 53422 ssh2
Apr 11 05:13:13 ovzhost sshd[1533]: Failed password for root from 43.255.190.159 port 34215 ssh2
Apr 11 05:13:16 ovzhost sshd[1531]: message repeated 2 times: [ Failed password for root from 43.255.190.172 port 53422 ssh2]
Apr 11 05:13:17 ovzhost sshd[1531]: Received disconnect from 43.255.190.172: 11:  [preauth]
Apr 11 05:13:17 ovzhost sshd[1531]: PAM 2 more authentication failures; logname= uid=0 euid=0 tty=ssh ruser= rhost=43.255.190.172  user=root
Apr 11 05:13:18 ovzhost sshd[1533]: message repeated 2 times: [ Failed password for root from 43.255.190.159 port 34215 ssh2]
Apr 11 05:13:18 ovzhost sshd[1533]: Received disconnect from 43.255.190.159: 11:  [preauth]
Apr 11 05:13:18 ovzhost sshd[1533]: PAM 2 more authentication failures; logname= uid=0 euid=0 tty=ssh ruser= rhost=43.255.190.159  user=root
Apr 11 05:13:19 ovzhost sshd[1535]: pam_unix(sshd:auth): authentication failure; logname= uid=0 euid=0 tty=ssh ruser= rhost=43.255.190.172  user=root
Apr 11 05:13:19 ovzhost sshd[1537]: pam_unix(sshd:auth): authentication failure; logname= uid=0 euid=0 tty=ssh ruser= rhost=43.255.190.159  user=root
Apr 11 05:13:20 ovzhost sshd[1535]: Failed password for root from 43.255.190.172 port 43698 ssh2
Apr 11 05:13:21 ovzhost sshd[1537]: Failed password for root from 43.255.190.159 port 50841 ssh2
Apr 11 05:13:25 ovzhost sshd[1535]: message repeated 2 times: [ Failed password for root from 43.255.190.172 port 43698 ssh2]
Apr 11 05:13:25 ovzhost sshd[1535]: Received disconnect from 43.255.190.172: 11:  [preauth]
Apr 11 05:13:25 ovzhost sshd[1535]: PAM 2 more authentication failures; logname= uid=0 euid=0 tty=ssh ruser= rhost=43.255.190.172  user=root
Apr 11 05:13:25 ovzhost sshd[1539]: pam_unix(sshd:auth): authentication failure; logname= uid=0 euid=0 tty=ssh ruser= rhost=43.255.190.172  user=root
Apr 11 05:13:26 ovzhost sshd[1537]: message repeated 2 times: [ Failed password for root from 43.255.190.159 port 50841 ssh2]
Apr 11 05:13:26 ovzhost sshd[1537]: Received disconnect from 43.255.190.159: 11:  [preauth]
Apr 11 05:13:26 ovzhost sshd[1537]: PAM 2 more authentication failures; logname= uid=0 euid=0 tty=ssh ruser= rhost=43.255.190.159  user=root
Apr 11 05:13:26 ovzhost sshd[1541]: pam_unix(sshd:auth): authentication failure; logname= uid=0 euid=0 tty=ssh ruser= rhost=43.255.190.159  user=root
Apr 11 05:13:28 ovzhost sshd[1539]: Failed password for root from 43.255.190.172 port 36064 ssh2
Apr 11 05:13:29 ovzhost sshd[1541]: Failed password for root from 43.255.190.159 port 39757 ssh2
Apr 11 05:13:32 ovzhost sshd[1541]: message repeated 2 times: [ Failed password for root from 43.255.190.159 port 39757 ssh2]
Apr 11 05:13:33 ovzhost sshd[1541]: Received disconnect from 43.255.190.159: 11:  [preauth]
Apr 11 05:13:33 ovzhost sshd[1541]: PAM 2 more authentication failures; logname= uid=0 euid=0 tty=ssh ruser= rhost=43.255.190.159  user=root
Apr 11 05:13:32 ovzhost sshd[1539]: message repeated 2 times: [ Failed password for root from 43.255.190.172 port 36064 ssh2]
Apr 11 05:13:34 ovzhost sshd[1539]: Received disconnect from 43.255.190.172: 11:  [preauth]
Apr 11 05:13:34 ovzhost sshd[1539]: PAM 2 more authentication failures; logname= uid=0 euid=0 tty=ssh ruser= rhost=43.255.190.172  user=root
Apr 11 05:13:35 ovzhost sshd[1547]: pam_unix(sshd:auth): authentication failure; logname= uid=0 euid=0 tty=ssh ruser= rhost=43.255.190.159  user=root
Apr 11 05:13:36 ovzhost sshd[1549]: pam_unix(sshd:auth): authentication failure; logname= uid=0 euid=0 tty=ssh ruser= rhost=43.255.190.172  user=root
Apr 11 05:13:37 ovzhost sshd[1547]: Failed password for root from 43.255.190.159 port 55060 ssh2
Apr 11 05:13:38 ovzhost sshd[1549]: Failed password for root from 43.255.190.172 port 59573 ssh2
Apr 11 05:13:41 ovzhost sshd[1547]: message repeated 2 times: [ Failed password for root from 43.255.190.159 port 55060 ssh2]
Apr 11 05:13:42 ovzhost sshd[1547]: Received disconnect from 43.255.190.159: 11:  [preauth]
Apr 11 05:13:42 ovzhost sshd[1547]: PAM 2 more authentication failures; logname= uid=0 euid=0 tty=ssh ruser= rhost=43.255.190.159  user=root
Apr 11 05:13:42 ovzhost sshd[1549]: message repeated 2 times: [ Failed password for root from 43.255.190.172 port 59573 ssh2]
Apr 11 05:13:42 ovzhost sshd[1549]: Received disconnect from 43.255.190.172: 11:  [preauth]
Apr 11 05:13:42 ovzhost sshd[1549]: PAM 2 more authentication failures; logname= uid=0 euid=0 tty=ssh ruser= rhost=43.255.190.172  user=root
Apr 11 05:13:43 ovzhost sshd[1551]: pam_unix(sshd:auth): authentication failure; logname= uid=0 euid=0 tty=ssh ruser= rhost=43.255.190.159  user=root
Apr 11 05:13:45 ovzhost sshd[1553]: pam_unix(sshd:auth): authentication failure; logname= uid=0 euid=0 tty=ssh ruser= rhost=43.255.190.172  user=root
Apr 11 05:13:45 ovzhost sshd[1551]: Failed password for root from 43.255.190.159 port 43086 ssh2
Apr 11 05:13:47 ovzhost sshd[1553]: Failed password for root from 43.255.190.172 port 52069 ssh2
Apr 11 05:13:50 ovzhost sshd[1551]: message repeated 2 times: [ Failed password for root from 43.255.190.159 port 43086 ssh2]
Apr 11 05:13:51 ovzhost sshd[1551]: Received disconnect from 43.255.190.159: 11:  [preauth]
Apr 11 05:13:51 ovzhost sshd[1551]: PAM 2 more authentication failures; logname= uid=0 euid=0 tty=ssh ruser= rhost=43.255.190.159  user=root
Apr 11 05:13:52 ovzhost sshd[1555]: pam_unix(sshd:auth): authentication failure; logname= uid=0 euid=0 tty=ssh ruser= rhost=43.255.190.159  user=root
Apr 11 05:13:52 ovzhost sshd[1553]: message repeated 2 times: [ Failed password for root from 43.255.190.172 port 52069 ssh2]
Apr 11 05:13:52 ovzhost sshd[1553]: Received disconnect from 43.255.190.172: 11:  [preauth]
Apr 11 05:13:52 ovzhost sshd[1553]: PAM 2 more authentication failures; logname= uid=0 euid=0 tty=ssh ruser= rhost=43.255.190.172  user=root
Apr 11 05:13:53 ovzhost sshd[1555]: Failed password for root from 43.255.190.159 port 59955 ssh2
Apr 11 05:13:54 ovzhost sshd[1557]: pam_unix(sshd:auth): authentication failure; logname= uid=0 euid=0 tty=ssh ruser= rhost=43.255.190.172  user=root
Apr 11 05:13:56 ovzhost sshd[1557]: Failed password for root from 43.255.190.172 port 49625 ssh2
Apr 11 05:13:57 ovzhost sshd[1555]: message repeated 2 times: [ Failed password for root from 43.255.190.159 port 59955 ssh2]
Apr 11 05:13:57 ovzhost sshd[1555]: Received disconnect from 43.255.190.159: 11:  [preauth]
Apr 11 05:13:57 ovzhost sshd[1555]: PAM 2 more authentication failures; logname= uid=0 euid=0 tty=ssh ruser= rhost=43.255.190.159  user=root
Apr 11 05:13:58 ovzhost sshd[1559]: pam_unix(sshd:auth): authentication failure; logname= uid=0 euid=0 tty=ssh ruser= rhost=43.255.190.159  user=root
Apr 11 05:14:00 ovzhost sshd[1559]: Failed password for root from 43.255.190.159 port 46405 ssh2
Apr 11 05:14:01 ovzhost sshd[1557]: message repeated 2 times: [ Failed password for root from 43.255.190.172 port 49625 ssh2]
Apr 11 05:14:01 ovzhost sshd[1557]: Received disconnect from 43.255.190.172: 11:  [preauth]
Apr 11 05:14:01 ovzhost sshd[1557]: PAM 2 more authentication failures; logname= uid=0 euid=0 tty=ssh ruser= rhost=43.255.190.172  user=root
Apr 11 05:14:02 ovzhost sshd[1561]: pam_unix(sshd:auth): authentication failure; logname= uid=0 euid=0 tty=ssh ruser= rhost=43.255.190.172  user=root
Apr 11 05:14:04 ovzhost sshd[1561]: Failed password for root from 43.255.190.172 port 45933 ssh2
Apr 11 05:14:04 ovzhost sshd[1559]: message repeated 2 times: [ Failed password for root from 43.255.190.159 port 46405 ssh2]
Apr 11 05:14:04 ovzhost sshd[1559]: Received disconnect from 43.255.190.159: 11:  [preauth]
Apr 11 05:14:04 ovzhost sshd[1559]: PAM 2 more authentication failures; logname= uid=0 euid=0 tty=ssh ruser= rhost=43.255.190.159  user=root
Apr 11 05:14:06 ovzhost sshd[1563]: pam_unix(sshd:auth): authentication failure; logname= uid=0 euid=0 tty=ssh ruser= rhost=43.255.190.159  user=root
Apr 11 05:14:08 ovzhost sshd[1561]: message repeated 2 times: [ Failed password for root from 43.255.190.172 port 45933 ssh2]
Apr 11 05:14:08 ovzhost sshd[1561]: Received disconnect from 43.255.190.172: 11:  [preauth]
Apr 11 05:14:08 ovzhost sshd[1561]: PAM 2 more authentication failures; logname= uid=0 euid=0 tty=ssh ruser= rhost=43.255.190.172  user=root
Apr 11 05:14:08 ovzhost sshd[1563]: Failed password for root from 43.255.190.159 port 33468 ssh2
Apr 11 05:14:09 ovzhost sshd[1567]: pam_unix(sshd:auth): authentication failure; logname= uid=0 euid=0 tty=ssh ruser= rhost=43.255.190.172  user=root
Apr 11 05:14:11 ovzhost sshd[1567]: Failed password for root from 43.255.190.172 port 37547 ssh2
Apr 11 05:14:13 ovzhost sshd[1563]: message repeated 2 times: [ Failed password for root from 43.255.190.159 port 33468 ssh2]
Apr 11 05:14:14 ovzhost sshd[1563]: Received disconnect from 43.255.190.159: 11:  [preauth]
Apr 11 05:14:14 ovzhost sshd[1563]: PAM 2 more authentication failures; logname= uid=0 euid=0 tty=ssh ruser= rhost=43.255.190.159  user=root
Apr 11 05:14:15 ovzhost sshd[1569]: pam_unix(sshd:auth): authentication failure; logname= uid=0 euid=0 tty=ssh ruser= rhost=43.255.190.159  user=root
Apr 11 05:14:16 ovzhost sshd[1567]: message repeated 2 times: [ Failed password for root from 43.255.190.172 port 37547 ssh2]
Apr 11 05:14:16 ovzhost sshd[1567]: Received disconnect from 43.255.190.172: 11:  [preauth]
Apr 11 05:14:16 ovzhost sshd[1567]: PAM 2 more authentication failures; logname= uid=0 euid=0 tty=ssh ruser= rhost=43.255.190.172  user=root
Apr 11 05:14:17 ovzhost sshd[1571]: pam_unix(sshd:auth): authentication failure; logname= uid=0 euid=0 tty=ssh ruser= rhost=43.255.190.172  user=root
Apr 11 05:14:17 ovzhost sshd[1569]: Failed password for root from 43.255.190.159 port 54513 ssh2
Apr 11 05:14:18 ovzhost sshd[1571]: Failed password for root from 43.255.190.172 port 57764 ssh2
Apr 11 05:14:22 ovzhost sshd[1569]: message repeated 2 times: [ Failed password for root from 43.255.190.159 port 54513 ssh2]
Apr 11 05:14:22 ovzhost sshd[1569]: Received disconnect from 43.255.190.159: 11:  [preauth]
Apr 11 05:14:22 ovzhost sshd[1569]: PAM 2 more authentication failures; logname= uid=0 euid=0 tty=ssh ruser= rhost=43.255.190.159  user=root
Apr 11 05:14:24 ovzhost sshd[1571]: message repeated 2 times: [ Failed password for root from 43.255.190.172 port 57764 ssh2]
Apr 11 05:14:24 ovzhost sshd[1571]: Received disconnect from 43.255.190.172: 11:  [preauth]
Apr 11 05:14:24 ovzhost sshd[1571]: PAM 2 more authentication failures; logname= uid=0 euid=0 tty=ssh ruser= rhost=43.255.190.172  user=root
Apr 11 05:14:26 ovzhost sshd[1575]: pam_unix(sshd:auth): authentication failure; logname= uid=0 euid=0 tty=ssh ruser= rhost=43.255.190.159  user=root
Apr 11 05:14:27 ovzhost sshd[1573]: pam_unix(sshd:auth): authentication failure; logname= uid=0 euid=0 tty=ssh ruser= rhost=43.255.190.172  user=root
Apr 11 05:14:28 ovzhost sshd[1575]: Failed password for root from 43.255.190.159 port 44101 ssh2
Apr 11 05:14:29 ovzhost sshd[1573]: Failed password for root from 43.255.190.172 port 51548 ssh2
Apr 11 05:14:31 ovzhost sshd[1575]: message repeated 2 times: [ Failed password for root from 43.255.190.159 port 44101 ssh2]
Apr 11 05:14:31 ovzhost sshd[1575]: Received disconnect from 43.255.190.159: 11:  [preauth]
Apr 11 05:14:31 ovzhost sshd[1575]: PAM 2 more authentication failures; logname= uid=0 euid=0 tty=ssh ruser= rhost=43.255.190.159  user=root
Apr 11 05:14:32 ovzhost sshd[1577]: pam_unix(sshd:auth): authentication failure; logname= uid=0 euid=0 tty=ssh ruser= rhost=43.255.190.159  user=root
Apr 11 05:14:33 ovzhost sshd[1573]: message repeated 2 times: [ Failed password for root from 43.255.190.172 port 51548 ssh2]
Apr 11 05:14:33 ovzhost sshd[1573]: Received disconnect from 43.255.190.172: 11:  [preauth]
Apr 11 05:14:33 ovzhost sshd[1573]: PAM 2 more authentication failures; logname= uid=0 euid=0 tty=ssh ruser= rhost=43.255.190.172  user=root
Apr 11 05:14:34 ovzhost sshd[1579]: pam_unix(sshd:auth): authentication failure; logname= uid=0 euid=0 tty=ssh ruser= rhost=43.255.190.172  user=root
Apr 11 05:14:34 ovzhost sshd[1577]: Failed password for root from 43.255.190.159 port 35948 ssh2
Apr 11 05:14:36 ovzhost sshd[1579]: Failed password for root from 43.255.190.172 port 46635 ssh2
Apr 11 05:14:38 ovzhost sshd[1577]: message repeated 2 times: [ Failed password for root from 43.255.190.159 port 35948 ssh2]
Apr 11 05:14:38 ovzhost sshd[1577]: Received disconnect from 43.255.190.159: 11:  [preauth]
Apr 11 05:14:38 ovzhost sshd[1577]: PAM 2 more authentication failures; logname= uid=0 euid=0 tty=ssh ruser= rhost=43.255.190.159  user=root
Apr 11 05:14:40 ovzhost sshd[1581]: pam_unix(sshd:auth): authentication failure; logname= uid=0 euid=0 tty=ssh ruser= rhost=43.255.190.159  user=root
Apr 11 05:14:40 ovzhost sshd[1579]: message repeated 2 times: [ Failed password for root from 43.255.190.172 port 46635 ssh2]
Apr 11 05:14:40 ovzhost sshd[1579]: Received disconnect from 43.255.190.172: 11:  [preauth]
Apr 11 05:14:40 ovzhost sshd[1579]: PAM 2 more authentication failures; logname= uid=0 euid=0 tty=ssh ruser= rhost=43.255.190.172  user=root
Apr 11 05:14:42 ovzhost sshd[1581]: Failed password for root from 43.255.190.159 port 53017 ssh2
Apr 11 05:14:44 ovzhost sshd[1583]: pam_unix(sshd:auth): authentication failure; logname= uid=0 euid=0 tty=ssh ruser= rhost=43.255.190.172  user=root
Apr 11 05:14:46 ovzhost sshd[1583]: Failed password for root from 43.255.190.172 port 37426 ssh2
Apr 11 05:14:47 ovzhost sshd[1581]: message repeated 2 times: [ Failed password for root from 43.255.190.159 port 53017 ssh2]
Apr 11 05:14:47 ovzhost sshd[1581]: Received disconnect from 43.255.190.159: 11:  [preauth]
Apr 11 05:14:47 ovzhost sshd[1581]: PAM 2 more authentication failures; logname= uid=0 euid=0 tty=ssh ruser= rhost=43.255.190.159  user=root
Apr 11 05:14:50 ovzhost sshd[1585]: pam_unix(sshd:auth): authentication failure; logname= uid=0 euid=0 tty=ssh ruser= rhost=43.255.190.159  user=root
Apr 11 05:14:50 ovzhost sshd[1583]: message repeated 2 times: [ Failed password for root from 43.255.190.172 port 37426 ssh2]
Apr 11 05:14:50 ovzhost sshd[1583]: Received disconnect from 43.255.190.172: 11:  [preauth]
Apr 11 05:14:50 ovzhost sshd[1583]: PAM 2 more authentication failures; logname= uid=0 euid=0 tty=ssh ruser= rhost=43.255.190.172  user=root
Apr 11 05:14:52 ovzhost sshd[1585]: Failed password for root from 43.255.190.159 port 43593 ssh2
Apr 11 05:14:52 ovzhost sshd[1587]: pam_unix(sshd:auth): authentication failure; logname= uid=0 euid=0 tty=ssh ruser= rhost=43.255.190.172  user=root
Apr 11 05:14:53 ovzhost sshd[1587]: Failed password for root from 43.255.190.172 port 32980 ssh2
Apr 11 05:14:56 ovzhost sshd[1585]: message repeated 2 times: [ Failed password for root from 43.255.190.159 port 43593 ssh2]
Apr 11 05:14:57 ovzhost sshd[1585]: Received disconnect from 43.255.190.159: 11:  [preauth]
Apr 11 05:14:57 ovzhost sshd[1585]: PAM 2 more authentication failures; logname= uid=0 euid=0 tty=ssh ruser= rhost=43.255.190.159  user=root
Apr 11 05:14:58 ovzhost sshd[1589]: pam_unix(sshd:auth): authentication failure; logname= uid=0 euid=0 tty=ssh ruser= rhost=43.255.190.159  user=root
Apr 11 05:14:58 ovzhost sshd[1587]: message repeated 2 times: [ Failed password for root from 43.255.190.172 port 32980 ssh2]
Apr 11 05:14:58 ovzhost sshd[1587]: Received disconnect from 43.255.190.172: 11:  [preauth]
Apr 11 05:14:58 ovzhost sshd[1587]: PAM 2 more authentication failures; logname= uid=0 euid=0 tty=ssh ruser= rhost=43.255.190.172  user=root
Apr 11 05:15:00 ovzhost sshd[1591]: pam_unix(sshd:auth): authentication failure; logname= uid=0 euid=0 tty=ssh ruser= rhost=43.255.190.172  user=root
Apr 11 05:15:00 ovzhost sshd[1589]: Failed password for root from 43.255.190.159 port 38267 ssh2
Apr 11 05:15:02 ovzhost sshd[1591]: Failed password for root from 43.255.190.172 port 54989 ssh2
Apr 11 05:15:04 ovzhost sshd[1589]: message repeated 2 times: [ Failed password for root from 43.255.190.159 port 38267 ssh2]
Apr 11 05:15:04 ovzhost sshd[1589]: Received disconnect from 43.255.190.159: 11:  [preauth]
Apr 11 05:15:04 ovzhost sshd[1589]: PAM 2 more authentication failures; logname= uid=0 euid=0 tty=ssh ruser= rhost=43.255.190.159  user=root
Apr 11 05:15:05 ovzhost sshd[1591]: message repeated 2 times: [ Failed password for root from 43.255.190.172 port 54989 ssh2]
Apr 11 05:15:06 ovzhost sshd[1591]: Received disconnect from 43.255.190.172: 11:  [preauth]
Apr 11 05:15:06 ovzhost sshd[1591]: PAM 2 more authentication failures; logname= uid=0 euid=0 tty=ssh ruser= rhost=43.255.190.172  user=root
Apr 11 05:15:07 ovzhost sshd[1595]: pam_unix(sshd:auth): authentication failure; logname= uid=0 euid=0 tty=ssh ruser= rhost=43.255.190.172  user=root
Apr 11 05:15:07 ovzhost sshd[1593]: pam_unix(sshd:auth): authentication failure; logname= uid=0 euid=0 tty=ssh ruser= rhost=43.255.190.159  user=root
Apr 11 05:15:09 ovzhost sshd[1595]: Failed password for root from 43.255.190.172 port 44974 ssh2
Apr 11 05:15:10 ovzhost sshd[1593]: Failed password for root from 43.255.190.159 port 55371 ssh2
Apr 11 05:15:13 ovzhost sshd[1593]: message repeated 2 times: [ Failed password for root from 43.255.190.159 port 55371 ssh2]
Apr 11 05:15:13 ovzhost sshd[1593]: Received disconnect from 43.255.190.159: 11:  [preauth]
Apr 11 05:15:13 ovzhost sshd[1593]: PAM 2 more authentication failures; logname= uid=0 euid=0 tty=ssh ruser= rhost=43.255.190.159  user=root
Apr 11 05:15:14 ovzhost sshd[1595]: message repeated 2 times: [ Failed password for root from 43.255.190.172 port 44974 ssh2]
Apr 11 05:15:14 ovzhost sshd[1595]: Received disconnect from 43.255.190.172: 11:  [preauth]
Apr 11 05:15:14 ovzhost sshd[1595]: PAM 2 more authentication failures; logname= uid=0 euid=0 tty=ssh ruser= rhost=43.255.190.172  user=root
Apr 11 05:15:15 ovzhost sshd[1598]: pam_unix(sshd:auth): authentication failure; logname= uid=0 euid=0 tty=ssh ruser= rhost=43.255.190.159  user=root
Apr 11 05:15:15 ovzhost sshd[1600]: pam_unix(sshd:auth): authentication failure; logname= uid=0 euid=0 tty=ssh ruser= rhost=43.255.190.172  user=root
Apr 11 05:15:16 ovzhost sshd[1598]: Failed password for root from 43.255.190.159 port 47568 ssh2
Apr 11 05:15:17 ovzhost sshd[1600]: Failed password for root from 43.255.190.172 port 38706 ssh2
Apr 11 05:15:22 ovzhost sshd[1600]: message repeated 2 times: [ Failed password for root from 43.255.190.172 port 38706 ssh2]
Apr 11 05:15:22 ovzhost sshd[1600]: Received disconnect from 43.255.190.172: 11:  [preauth]
Apr 11 05:15:22 ovzhost sshd[1600]: PAM 2 more authentication failures; logname= uid=0 euid=0 tty=ssh ruser= rhost=43.255.190.172  user=root
Apr 11 05:15:22 ovzhost sshd[1598]: message repeated 2 times: [ Failed password for root from 43.255.190.159 port 47568 ssh2]
Apr 11 05:15:22 ovzhost sshd[1598]: Received disconnect from 43.255.190.159: 11:  [preauth]
Apr 11 05:15:22 ovzhost sshd[1598]: PAM 2 more authentication failures; logname= uid=0 euid=0 tty=ssh ruser= rhost=43.255.190.159  user=root
Apr 11 05:15:24 ovzhost sshd[1602]: pam_unix(sshd:auth): authentication failure; logname= uid=0 euid=0 tty=ssh ruser= rhost=43.255.190.172  user=root
Apr 11 05:15:24 ovzhost sshd[1604]: pam_unix(sshd:auth): authentication failure; logname= uid=0 euid=0 tty=ssh ruser= rhost=43.255.190.159  user=root
Apr 11 05:15:26 ovzhost sshd[1602]: Failed password for root from 43.255.190.172 port 59564 ssh2
Apr 11 05:15:26 ovzhost sshd[1604]: Failed password for root from 43.255.190.159 port 40004 ssh2
Apr 11 05:15:30 ovzhost sshd[1602]: message repeated 2 times: [ Failed password for root from 43.255.190.172 port 59564 ssh2]
Apr 11 05:15:30 ovzhost sshd[1602]: Received disconnect from 43.255.190.172: 11:  [preauth]
Apr 11 05:15:30 ovzhost sshd[1602]: PAM 2 more authentication failures; logname= uid=0 euid=0 tty=ssh ruser= rhost=43.255.190.172  user=root
Apr 11 05:15:30 ovzhost sshd[1604]: message repeated 2 times: [ Failed password for root from 43.255.190.159 port 40004 ssh2]
Apr 11 05:15:30 ovzhost sshd[1604]: Received disconnect from 43.255.190.159: 11:  [preauth]
Apr 11 05:15:30 ovzhost sshd[1604]: PAM 2 more authentication failures; logname= uid=0 euid=0 tty=ssh ruser= rhost=43.255.190.159  user=root
Apr 11 05:15:32 ovzhost sshd[1606]: pam_unix(sshd:auth): authentication failure; logname= uid=0 euid=0 tty=ssh ruser= rhost=43.255.190.159  user=root
Apr 11 05:15:34 ovzhost sshd[1606]: Failed password for root from 43.255.190.159 port 59082 ssh2
Apr 11 05:15:34 ovzhost sshd[1608]: pam_unix(sshd:auth): authentication failure; logname= uid=0 euid=0 tty=ssh ruser= rhost=43.255.190.172  user=root
Apr 11 05:15:36 ovzhost sshd[1608]: Failed password for root from 43.255.190.172 port 52100 ssh2
Apr 11 05:15:37 ovzhost sshd[1606]: message repeated 2 times: [ Failed password for root from 43.255.190.159 port 59082 ssh2]
Apr 11 05:15:38 ovzhost sshd[1606]: Received disconnect from 43.255.190.159: 11:  [preauth]
Apr 11 05:15:38 ovzhost sshd[1606]: PAM 2 more authentication failures; logname= uid=0 euid=0 tty=ssh ruser= rhost=43.255.190.159  user=root
Apr 11 05:15:40 ovzhost sshd[1608]: message repeated 2 times: [ Failed password for root from 43.255.190.172 port 52100 ssh2]
Apr 11 05:15:40 ovzhost sshd[1608]: Received disconnect from 43.255.190.172: 11:  [preauth]
Apr 11 05:15:40 ovzhost sshd[1608]: PAM 2 more authentication failures; logname= uid=0 euid=0 tty=ssh ruser= rhost=43.255.190.172  user=root
Apr 11 05:15:40 ovzhost sshd[1610]: pam_unix(sshd:auth): authentication failure; logname= uid=0 euid=0 tty=ssh ruser= rhost=43.255.190.159  user=root
Apr 11 05:15:43 ovzhost sshd[1610]: Failed password for root from 43.255.190.159 port 48864 ssh2
Apr 11 05:15:47 ovzhost sshd[1610]: message repeated 2 times: [ Failed password for root from 43.255.190.159 port 48864 ssh2]
Apr 11 05:15:47 ovzhost sshd[1610]: Received disconnect from 43.255.190.159: 11:  [preauth]
Apr 11 05:15:47 ovzhost sshd[1610]: PAM 2 more authentication failures; logname= uid=0 euid=0 tty=ssh ruser= rhost=43.255.190.159  user=root
Apr 11 05:15:48 ovzhost sshd[1614]: pam_unix(sshd:auth): authentication failure; logname= uid=0 euid=0 tty=ssh ruser= rhost=43.255.190.159  user=root
Apr 11 05:15:50 ovzhost sshd[1614]: Failed password for root from 43.255.190.159 port 39768 ssh2
Apr 11 05:15:53 ovzhost sshd[1614]: message repeated 2 times: [ Failed password for root from 43.255.190.159 port 39768 ssh2]
Apr 11 05:15:54 ovzhost sshd[1614]: Received disconnect from 43.255.190.159: 11:  [preauth]
Apr 11 05:15:54 ovzhost sshd[1614]: PAM 2 more authentication failures; logname= uid=0 euid=0 tty=ssh ruser= rhost=43.255.190.159  user=root
Apr 11 05:15:54 ovzhost sshd[1617]: pam_unix(sshd:auth): authentication failure; logname= uid=0 euid=0 tty=ssh ruser= rhost=43.255.190.159  user=root
Apr 11 05:15:56 ovzhost sshd[1617]: Failed password for root from 43.255.190.159 port 55942 ssh2
Apr 11 05:16:00 ovzhost sshd[1617]: message repeated 2 times: [ Failed password for root from 43.255.190.159 port 55942 ssh2]
Apr 11 05:16:01 ovzhost sshd[1617]: Received disconnect from 43.255.190.159: 11:  [preauth]
Apr 11 05:16:01 ovzhost sshd[1617]: PAM 2 more authentication failures; logname= uid=0 euid=0 tty=ssh ruser= rhost=43.255.190.159  user=root
Apr 11 05:16:01 ovzhost sshd[1619]: pam_unix(sshd:auth): authentication failure; logname= uid=0 euid=0 tty=ssh ruser= rhost=43.255.190.159  user=root
Apr 11 05:16:04 ovzhost sshd[1619]: Failed password for root from 43.255.190.159 port 44159 ssh2
Apr 11 05:16:08 ovzhost sshd[1619]: message repeated 2 times: [ Failed password for root from 43.255.190.159 port 44159 ssh2]
Apr 11 05:16:08 ovzhost sshd[1619]: Received disconnect from 43.255.190.159: 11:  [preauth]
Apr 11 05:16:08 ovzhost sshd[1619]: PAM 2 more authentication failures; logname= uid=0 euid=0 tty=ssh ruser= rhost=43.255.190.159  user=root
Apr 11 05:16:08 ovzhost sshd[1621]: pam_unix(sshd:auth): authentication failure; logname= uid=0 euid=0 tty=ssh ruser= rhost=43.255.190.159  user=root
Apr 11 05:16:10 ovzhost sshd[1621]: Failed password for root from 43.255.190.159 port 59129 ssh2
Apr 11 05:16:14 ovzhost sshd[1621]: message repeated 2 times: [ Failed password for root from 43.255.190.159 port 59129 ssh2]
Apr 11 05:16:14 ovzhost sshd[1621]: Received disconnect from 43.255.190.159: 11:  [preauth]
Apr 11 05:16:14 ovzhost sshd[1621]: PAM 2 more authentication failures; logname= uid=0 euid=0 tty=ssh ruser= rhost=43.255.190.159  user=root
Apr 11 05:16:15 ovzhost sshd[1623]: pam_unix(sshd:auth): authentication failure; logname= uid=0 euid=0 tty=ssh ruser= rhost=43.255.190.159  user=root
Apr 11 05:16:17 ovzhost sshd[1623]: Failed password for root from 43.255.190.159 port 46294 ssh2
Apr 11 05:16:21 ovzhost sshd[1623]: message repeated 2 times: [ Failed password for root from 43.255.190.159 port 46294 ssh2]
Apr 11 05:16:21 ovzhost sshd[1623]: Received disconnect from 43.255.190.159: 11:  [preauth]
Apr 11 05:16:21 ovzhost sshd[1623]: PAM 2 more authentication failures; logname= uid=0 euid=0 tty=ssh ruser= rhost=43.255.190.159  user=root
Apr 11 05:16:22 ovzhost sshd[1627]: pam_unix(sshd:auth): authentication failure; logname= uid=0 euid=0 tty=ssh ruser= rhost=43.255.190.159  user=root
Apr 11 05:16:23 ovzhost sshd[1627]: Failed password for root from 43.255.190.159 port 33477 ssh2
Apr 11 05:16:27 ovzhost sshd[1627]: message repeated 2 times: [ Failed password for root from 43.255.190.159 port 33477 ssh2]
Apr 11 05:16:27 ovzhost sshd[1627]: Received disconnect from 43.255.190.159: 11:  [preauth]
Apr 11 05:16:27 ovzhost sshd[1627]: PAM 2 more authentication failures; logname= uid=0 euid=0 tty=ssh ruser= rhost=43.255.190.159  user=root
Apr 11 05:16:28 ovzhost sshd[1632]: Connection closed by 127.0.0.1 [preauth]
Apr 11 05:16:29 ovzhost sshd[1629]: pam_unix(sshd:auth): authentication failure; logname= uid=0 euid=0 tty=ssh ruser= rhost=43.255.190.159  user=root
Apr 11 05:16:31 ovzhost sshd[1629]: Failed password for root from 43.255.190.159 port 48317 ssh2
Apr 11 05:16:35 ovzhost sshd[1629]: message repeated 2 times: [ Failed password for root from 43.255.190.159 port 48317 ssh2]
Apr 11 05:16:35 ovzhost sshd[1629]: Received disconnect from 43.255.190.159: 11:  [preauth]
Apr 11 05:16:35 ovzhost sshd[1629]: PAM 2 more authentication failures; logname= uid=0 euid=0 tty=ssh ruser= rhost=43.255.190.159  user=root
Apr 11 05:16:36 ovzhost sshd[1636]: pam_unix(sshd:auth): authentication failure; logname= uid=0 euid=0 tty=ssh ruser= rhost=43.255.190.159  user=root
Apr 11 05:16:37 ovzhost sshd[1636]: Failed password for root from 43.255.190.159 port 36343 ssh2
Apr 11 05:16:41 ovzhost sshd[1636]: message repeated 2 times: [ Failed password for root from 43.255.190.159 port 36343 ssh2]
Apr 11 05:16:41 ovzhost sshd[1636]: Received disconnect from 43.255.190.159: 11:  [preauth]
Apr 11 05:16:41 ovzhost sshd[1636]: PAM 2 more authentication failures; logname= uid=0 euid=0 tty=ssh ruser= rhost=43.255.190.159  user=root
Apr 11 05:16:42 ovzhost sshd[1638]: pam_unix(sshd:auth): authentication failure; logname= uid=0 euid=0 tty=ssh ruser= rhost=43.255.190.159  user=root
Apr 11 05:16:44 ovzhost sshd[1638]: Failed password for root from 43.255.190.159 port 51581 ssh2
Apr 11 05:16:48 ovzhost sshd[1638]: message repeated 2 times: [ Failed password for root from 43.255.190.159 port 51581 ssh2]
Apr 11 05:16:48 ovzhost sshd[1638]: Received disconnect from 43.255.190.159: 11:  [preauth]
Apr 11 05:16:48 ovzhost sshd[1638]: PAM 2 more authentication failures; logname= uid=0 euid=0 tty=ssh ruser= rhost=43.255.190.159  user=root
Apr 11 05:16:49 ovzhost sshd[1640]: pam_unix(sshd:auth): authentication failure; logname= uid=0 euid=0 tty=ssh ruser= rhost=43.255.190.159  user=root
Apr 11 05:16:51 ovzhost sshd[1640]: Failed password for root from 43.255.190.159 port 38318 ssh2
Apr 11 05:16:55 ovzhost sshd[1640]: message repeated 2 times: [ Failed password for root from 43.255.190.159 port 38318 ssh2]
Apr 11 05:16:55 ovzhost sshd[1640]: Received disconnect from 43.255.190.159: 11:  [preauth]
Apr 11 05:16:55 ovzhost sshd[1640]: PAM 2 more authentication failures; logname= uid=0 euid=0 tty=ssh ruser= rhost=43.255.190.159  user=root
Apr 11 05:16:56 ovzhost sshd[1642]: pam_unix(sshd:auth): authentication failure; logname= uid=0 euid=0 tty=ssh ruser= rhost=43.255.190.159  user=root
Apr 11 05:16:59 ovzhost sshd[1642]: Failed password for root from 43.255.190.159 port 53934 ssh2
Apr 11 05:17:03 ovzhost sshd[1642]: message repeated 2 times: [ Failed password for root from 43.255.190.159 port 53934 ssh2]
Apr 11 05:17:03 ovzhost sshd[1642]: Received disconnect from 43.255.190.159: 11:  [preauth]
Apr 11 05:17:03 ovzhost sshd[1642]: PAM 2 more authentication failures; logname= uid=0 euid=0 tty=ssh ruser= rhost=43.255.190.159  user=root
Apr 11 05:20:01 ovzhost CRON[1656]: pam_env(cron:session): Unable to open env file: /etc/default/locale: No such file or directory
Apr 11 05:20:01 ovzhost CRON[1656]: pam_unix(cron:session): session opened for user smmsp by (uid=0)
Apr 11 05:20:01 ovzhost CRON[1656]: pam_unix(cron:session): session closed for user smmsp
Apr 11 05:20:38 ovzhost sshd[1685]: Connection closed by 128.8.37.120 [preauth]
Apr 11 05:21:28 ovzhost sshd[1693]: Connection closed by 127.0.0.1 [preauth]
Apr 11 05:26:28 ovzhost sshd[1712]: Connection closed by 127.0.0.1 [preauth]
Apr 11 05:30:00 ovzhost sshd[1728]: Invalid user ychs from 221.146.74.146
Apr 11 05:30:00 ovzhost sshd[1728]: input_userauth_request: invalid user ychs [preauth]
Apr 11 05:30:00 ovzhost sshd[1728]: pam_unix(sshd:auth): check pass; user unknown
Apr 11 05:30:00 ovzhost sshd[1728]: pam_unix(sshd:auth): authentication failure; logname= uid=0 euid=0 tty=ssh ruser= rhost=221.146.74.146 
Apr 11 05:30:02 ovzhost sshd[1728]: Failed password for invalid user ychs from 221.146.74.146 port 49062 ssh2
Apr 11 05:30:02 ovzhost sshd[1728]: Connection closed by 221.146.74.146 [preauth]
Apr 11 05:30:38 ovzhost sshd[1732]: Connection closed by 128.8.37.120 [preauth]
Apr 11 05:31:28 ovzhost sshd[1738]: Connection closed by 127.0.0.1 [preauth]
