Apr 11 04:54:56 ovzhost sshd[1227]: Failed password for root from 43.255.190.187 port 60594 ssh2
Apr 11 04:55:00 ovzhost sshd[1227]: message repeated 2 times: [ Failed password for root from 43.255.190.187 port 60594 ssh2]
Apr 11 04:55:00 ovzhost sshd[1227]: Received disconnect from 43.255.190.187: 11:  [preauth]
Apr 11 04:55:00 ovzhost sshd[1227]: PAM 2 more authentication failures; logname= uid=0 euid=0 tty=ssh ruser= rhost=43.255.190.187  user=root
Apr 11 04:55:01 ovzhost sshd[1229]: pam_unix(sshd:auth): authentication failure; logname= uid=0 euid=0 tty=ssh ruser= rhost=43.255.190.187  user=root
Apr 11 04:55:04 ovzhost sshd[1229]: Failed password for root from 43.255.190.187 port 48041 ssh2
Apr 11 04:55:08 ovzhost sshd[1229]: message repeated 2 times: [ Failed password for root from 43.255.190.187 port 48041 ssh2]
Apr 11 04:55:08 ovzhost sshd[1229]: Received disconnect from 43.255.190.187: 11:  [preauth]
Apr 11 04:55:08 ovzhost sshd[1229]: PAM 2 more authentication failures; logname= uid=0 euid=0 tty=ssh ruser= rhost=43.255.190.187  user=root
Apr 11 04:55:09 ovzhost sshd[1232]: pam_unix(sshd:auth): authentication failure; logname= uid=0 euid=0 tty=ssh ruser= rhost=43.255.190.187  user=root
Apr 11 04:55:11 ovzhost sshd[1232]: Failed password for root from 43.255.190.187 port 35375 ssh2
Apr 11 04:55:15 ovzhost sshd[1232]: message repeated 2 times: [ Failed password for root from 43.255.190.187 port 35375 ssh2]
Apr 11 04:55:15 ovzhost sshd[1232]: Received disconnect from 43.255.190.187: 11:  [preauth]
Apr 11 04:55:15 ovzhost sshd[1232]: PAM 2 more authentication failures; logname= uid=0 euid=0 tty=ssh ruser= rhost=43.255.190.187  user=root
Apr 11 04:55:16 ovzhost sshd[1234]: pam_unix(sshd:auth): authentication failure; logname= uid=0 euid=0 tty=ssh ruser= rhost=43.255.190.187  user=root
Apr 11 04:55:18 ovzhost sshd[1234]: Failed password for root from 43.255.190.187 port 49351 ssh2
Apr 11 04:55:22 ovzhost sshd[1234]: message repeated 2 times: [ Failed password for root from 43.255.190.187 port 49351 ssh2]
Apr 11 04:55:22 ovzhost sshd[1234]: Received disconnect from 43.255.190.187: 11:  [preauth]
Apr 11 04:55:22 ovzhost sshd[1234]: PAM 2 more authentication failures; logname= uid=0 euid=0 tty=ssh ruser= rhost=43.255.190.187  user=root
Apr 11 04:56:28 ovzhost sshd[1242]: Connection closed by 127.0.0.1 [preauth]
Apr 11 05:00:01 ovzhost CRON[1258]: pam_env(cron:session): Unable to open env file: /etc/default/locale: No such file or directory
Apr 11 05:00:01 ovzhost CRON[1258]: pam_unix(cron:session): session opened for user smmsp by (uid=0)
Apr 11 05:00:01 ovzhost CRON[1258]: pam_unix(cron:session): session closed for user smmsp
Apr 11 05:00:38 ovzhost sshd[1286]: Connection closed by 128.8.37.120 [preauth]
Apr 11 05:01:28 ovzhost sshd[1294]: Connection closed by 127.0.0.1 [preauth]
Apr 11 05:04:25 ovzhost sshd[1306]: pam_unix(sshd:auth): authentication failure; logname= uid=0 euid=0 tty=ssh ruser= rhost=117.21.174.111  user=root
Apr 11 05:04:27 ovzhost sshd[1306]: Failed password for root from 117.21.174.111 port 41715 ssh2
Apr 11 05:04:32 ovzhost sshd[1306]: message repeated 2 times: [ Failed password for root from 117.21.174.111 port 41715 ssh2]
Apr 11 05:04:32 ovzhost sshd[1306]: Received disconnect from 117.21.174.111: 11:  [preauth]
Apr 11 05:04:32 ovzhost sshd[1306]: PAM 2 more authentication failures; logname= uid=0 euid=0 tty=ssh ruser= rhost=117.21.174.111  user=root
Apr 11 05:04:49 ovzhost sshd[1308]: pam_unix(sshd:auth): authentication failure; logname= uid=0 euid=0 tty=ssh ruser= rhost=117.21.174.111  user=root
Apr 11 05:04:51 ovzhost sshd[1308]: Failed password for root from 117.21.174.111 port 42471 ssh2
Apr 11 05:04:57 ovzhost sshd[1308]: message repeated 2 times: [ Failed password for root from 117.21.174.111 port 42471 ssh2]
Apr 11 05:04:58 ovzhost sshd[1308]: Received disconnect from 117.21.174.111: 11:  [preauth]
Apr 11 05:04:58 ovzhost sshd[1308]: PAM 2 more authentication failures; logname= uid=0 euid=0 tty=ssh ruser= rhost=117.21.174.111  user=root
Apr 11 05:05:10 ovzhost sshd[1310]: Connection closed by 117.21.174.111 [preauth]
Apr 11 05:05:15 ovzhost sshd[1313]: pam_unix(sshd:auth): authentication failure; logname= uid=0 euid=0 tty=ssh ruser= rhost=117.21.174.111  user=root
Apr 11 05:05:17 ovzhost sshd[1313]: Failed password for root from 117.21.174.111 port 60469 ssh2
Apr 11 05:05:30 ovzhost sshd[1313]: message repeated 2 times: [ Failed password for root from 117.21.174.111 port 60469 ssh2]
Apr 11 05:05:30 ovzhost sshd[1313]: Received disconnect from 117.21.174.111: 11:  [preauth]
Apr 11 05:05:30 ovzhost sshd[1313]: PAM 2 more authentication failures; logname= uid=0 euid=0 tty=ssh ruser= rhost=117.21.174.111  user=root
Apr 11 05:05:41 ovzhost sshd[1315]: pam_unix(sshd:auth): authentication failure; logname= uid=0 euid=0 tty=ssh ruser= rhost=117.21.174.111  user=root
Apr 11 05:05:43 ovzhost sshd[1315]: Failed password for root from 117.21.174.111 port 40750 ssh2
Apr 11 05:05:47 ovzhost sshd[1315]: message repeated 2 times: [ Failed password for root from 117.21.174.111 port 40750 ssh2]
Apr 11 05:05:47 ovzhost sshd[1315]: Received disconnect from 117.21.174.111: 11:  [preauth]
Apr 11 05:05:47 ovzhost sshd[1315]: PAM 2 more authentication failures; logname= uid=0 euid=0 tty=ssh ruser= rhost=117.21.174.111  user=root
Apr 11 05:05:52 ovzhost sshd[1319]: pam_unix(sshd:auth): authentication failure; logname= uid=0 euid=0 tty=ssh ruser= rhost=117.21.174.111  user=root
Apr 11 05:05:54 ovzhost sshd[1319]: Failed password for root from 117.21.174.111 port 43799 ssh2
Apr 11 05:05:59 ovzhost sshd[1319]: message repeated 2 times: [ Failed password for root from 117.21.174.111 port 43799 ssh2]
Apr 11 05:06:00 ovzhost sshd[1319]: Received disconnect from 117.21.174.111: 11:  [preauth]
Apr 11 05:06:00 ovzhost sshd[1319]: PAM 2 more authentication failures; logname= uid=0 euid=0 tty=ssh ruser= rhost=117.21.174.111  user=root
Apr 11 05:06:12 ovzhost sshd[1322]: pam_unix(sshd:auth): authentication failure; logname= uid=0 euid=0 tty=ssh ruser= rhost=117.21.174.111  user=root
Apr 11 05:06:14 ovzhost sshd[1322]: Failed password for root from 117.21.174.111 port 37859 ssh2
Apr 11 05:06:19 ovzhost sshd[1322]: message repeated 2 times: [ Failed password for root from 117.21.174.111 port 37859 ssh2]
Apr 11 05:06:20 ovzhost sshd[1322]: Received disconnect from 117.21.174.111: 11:  [preauth]
Apr 11 05:06:20 ovzhost sshd[1322]: PAM 2 more authentication failures; logname= uid=0 euid=0 tty=ssh ruser= rhost=117.21.174.111  user=root
Apr 11 05:06:28 ovzhost sshd[1329]: Connection closed by 127.0.0.1 [preauth]
Apr 11 05:06:33 ovzhost sshd[1326]: Received disconnect from 117.21.174.111: 11:  [preauth]
Apr 11 05:07:13 ovzhost sshd[1334]: pam_unix(sshd:auth): authentication failure; logname= uid=0 euid=0 tty=ssh ruser= rhost=43.255.190.172  user=root
Apr 11 05:07:15 ovzhost sshd[1334]: Failed password for root from 43.255.190.172 port 56966 ssh2
Apr 11 05:07:20 ovzhost sshd[1334]: message repeated 2 times: [ Failed password for root from 43.255.190.172 port 56966 ssh2]
Apr 11 05:07:20 ovzhost sshd[1334]: Received disconnect from 43.255.190.172: 11:  [preauth]
Apr 11 05:07:20 ovzhost sshd[1334]: PAM 2 more authentication failures; logname= uid=0 euid=0 tty=ssh ruser= rhost=43.255.190.172  user=root
Apr 11 05:07:23 ovzhost sshd[1336]: pam_unix(sshd:auth): authentication failure; logname= uid=0 euid=0 tty=ssh ruser= rhost=43.255.190.172  user=root
Apr 11 05:07:25 ovzhost sshd[1336]: Failed password for root from 43.255.190.172 port 49693 ssh2
Apr 11 05:07:29 ovzhost sshd[1336]: message repeated 2 times: [ Failed password for root from 43.255.190.172 port 49693 ssh2]
Apr 11 05:07:29 ovzhost sshd[1336]: Received disconnect from 43.255.190.172: 11:  [preauth]
Apr 11 05:07:29 ovzhost sshd[1336]: PAM 2 more authentication failures; logname= uid=0 euid=0 tty=ssh ruser= rhost=43.255.190.172  user=root
Apr 11 05:07:30 ovzhost sshd[1338]: pam_unix(sshd:auth): authentication failure; logname= uid=0 euid=0 tty=ssh ruser= rhost=43.255.190.172  user=root
Apr 11 05:07:33 ovzhost sshd[1338]: Failed password for root from 43.255.190.172 port 42966 ssh2
Apr 11 05:07:37 ovzhost sshd[1338]: message repeated 2 times: [ Failed password for root from 43.255.190.172 port 42966 ssh2]
Apr 11 05:07:37 ovzhost sshd[1338]: Received disconnect from 43.255.190.172: 11:  [preauth]
Apr 11 05:07:37 ovzhost sshd[1338]: PAM 2 more authentication failures; logname= uid=0 euid=0 tty=ssh ruser= rhost=43.255.190.172  user=root
Apr 11 05:07:38 ovzhost sshd[1341]: pam_unix(sshd:auth): authentication failure; logname= uid=0 euid=0 tty=ssh ruser= rhost=43.255.190.172  user=root
Apr 11 05:07:40 ovzhost sshd[1341]: Failed password for root from 43.255.190.172 port 33940 ssh2
Apr 11 05:07:45 ovzhost sshd[1341]: message repeated 2 times: [ Failed password for root from 43.255.190.172 port 33940 ssh2]
Apr 11 05:07:45 ovzhost sshd[1341]: Received disconnect from 43.255.190.172: 11:  [preauth]
Apr 11 05:07:45 ovzhost sshd[1341]: PAM 2 more authentication failures; logname= uid=0 euid=0 tty=ssh ruser= rhost=43.255.190.172  user=root
Apr 11 05:07:48 ovzhost sshd[1343]: pam_unix(sshd:auth): authentication failure; logname= uid=0 euid=0 tty=ssh ruser= rhost=43.255.190.172  user=root
Apr 11 05:07:50 ovzhost sshd[1343]: Failed password for root from 43.255.190.172 port 52840 ssh2
Apr 11 05:07:54 ovzhost sshd[1343]: message repeated 2 times: [ Failed password for root from 43.255.190.172 port 52840 ssh2]
Apr 11 05:07:54 ovzhost sshd[1343]: Received disconnect from 43.255.190.172: 11:  [preauth]
Apr 11 05:07:54 ovzhost sshd[1343]: PAM 2 more authentication failures; logname= uid=0 euid=0 tty=ssh ruser= rhost=43.255.190.172  user=root
Apr 11 05:07:58 ovzhost sshd[1345]: pam_unix(sshd:auth): authentication failure; logname= uid=0 euid=0 tty=ssh ruser= rhost=43.255.190.172  user=root
Apr 11 05:08:00 ovzhost sshd[1345]: Failed password for root from 43.255.190.172 port 47729 ssh2
Apr 11 05:08:02 ovzhost sshd[1347]: reverse mapping checking getaddrinfo for 153-127-166-207-ptr.centennialpr.net [207.166.127.153] failed - POSSIBLE BREAK-IN ATTEMPT!
Apr 11 05:08:02 ovzhost sshd[1347]: pam_unix(sshd:auth): authentication failure; logname= uid=0 euid=0 tty=ssh ruser= rhost=207.166.127.153  user=root
Apr 11 05:08:04 ovzhost sshd[1347]: Failed password for root from 207.166.127.153 port 59389 ssh2
Apr 11 05:08:04 ovzhost sshd[1345]: message repeated 2 times: [ Failed password for root from 43.255.190.172 port 47729 ssh2]
Apr 11 05:08:04 ovzhost sshd[1345]: Received disconnect from 43.255.190.172: 11:  [preauth]
Apr 11 05:08:04 ovzhost sshd[1345]: PAM 2 more authentication failures; logname= uid=0 euid=0 tty=ssh ruser= rhost=43.255.190.172  user=root
Apr 11 05:08:06 ovzhost sshd[1349]: pam_unix(sshd:auth): authentication failure; logname= uid=0 euid=0 tty=ssh ruser= rhost=43.255.190.172  user=root
Apr 11 05:08:06 ovzhost sshd[1347]: Failed password for root from 207.166.127.153 port 59389 ssh2
Apr 11 05:08:06 ovzhost sshd[1347]: Connection closed by 207.166.127.153 [preauth]
Apr 11 05:08:06 ovzhost sshd[1347]: PAM 1 more authentication failure; logname= uid=0 euid=0 tty=ssh ruser= rhost=207.166.127.153  user=root
Apr 11 05:08:08 ovzhost sshd[1349]: Failed password for root from 43.255.190.172 port 42485 ssh2
Apr 11 05:08:12 ovzhost sshd[1349]: message repeated 2 times: [ Failed password for root from 43.255.190.172 port 42485 ssh2]
Apr 11 05:08:12 ovzhost sshd[1349]: Received disconnect from 43.255.190.172: 11:  [preauth]
Apr 11 05:08:12 ovzhost sshd[1349]: PAM 2 more authentication failures; logname= uid=0 euid=0 tty=ssh ruser= rhost=43.255.190.172  user=root
Apr 11 05:08:14 ovzhost sshd[1352]: pam_unix(sshd:auth): authentication failure; logname= uid=0 euid=0 tty=ssh ruser= rhost=43.255.190.172  user=root
Apr 11 05:08:16 ovzhost sshd[1352]: Failed password for root from 43.255.190.172 port 32964 ssh2
Apr 11 05:08:21 ovzhost sshd[1352]: message repeated 2 times: [ Failed password for root from 43.255.190.172 port 32964 ssh2]
Apr 11 05:08:21 ovzhost sshd[1352]: Received disconnect from 43.255.190.172: 11:  [preauth]
Apr 11 05:08:21 ovzhost sshd[1352]: PAM 2 more authentication failures; logname= uid=0 euid=0 tty=ssh ruser= rhost=43.255.190.172  user=root
Apr 11 05:08:23 ovzhost sshd[1354]: pam_unix(sshd:auth): authentication failure; logname= uid=0 euid=0 tty=ssh ruser= rhost=43.255.190.172  user=root
Apr 11 05:08:24 ovzhost sshd[1354]: Failed password for root from 43.255.190.172 port 52388 ssh2
Apr 11 05:08:30 ovzhost sshd[1354]: message repeated 2 times: [ Failed password for root from 43.255.190.172 port 52388 ssh2]
Apr 11 05:08:30 ovzhost sshd[1354]: Received disconnect from 43.255.190.172: 11:  [preauth]
Apr 11 05:08:30 ovzhost sshd[1354]: PAM 2 more authentication failures; logname= uid=0 euid=0 tty=ssh ruser= rhost=43.255.190.172  user=root
Apr 11 05:08:31 ovzhost sshd[1360]: Invalid user yanto from 221.146.74.146
Apr 11 05:08:31 ovzhost sshd[1360]: input_userauth_request: invalid user yanto [preauth]
Apr 11 05:08:31 ovzhost sshd[1360]: pam_unix(sshd:auth): check pass; user unknown
Apr 11 05:08:31 ovzhost sshd[1360]: pam_unix(sshd:auth): authentication failure; logname= uid=0 euid=0 tty=ssh ruser= rhost=221.146.74.146 
Apr 11 05:08:32 ovzhost sshd[1362]: pam_unix(sshd:auth): authentication failure; logname= uid=0 euid=0 tty=ssh ruser= rhost=43.255.190.172  user=root
Apr 11 05:08:33 ovzhost sshd[1360]: Failed password for invalid user yanto from 221.146.74.146 port 59214 ssh2
Apr 11 05:08:33 ovzhost sshd[1360]: Connection closed by 221.146.74.146 [preauth]
Apr 11 05:08:34 ovzhost sshd[1362]: Failed password for root from 43.255.190.172 port 47431 ssh2
Apr 11 05:08:38 ovzhost sshd[1366]: pam_unix(sshd:auth): authentication failure; logname= uid=0 euid=0 tty=ssh ruser= rhost=43.255.190.159  user=root
Apr 11 05:08:38 ovzhost sshd[1362]: message repeated 2 times: [ Failed password for root from 43.255.190.172 port 47431 ssh2]
Apr 11 05:08:39 ovzhost sshd[1362]: Received disconnect from 43.255.190.172: 11:  [preauth]
Apr 11 05:08:39 ovzhost sshd[1362]: PAM 2 more authentication failures; logname= uid=0 euid=0 tty=ssh ruser= rhost=43.255.190.172  user=root
Apr 11 05:08:40 ovzhost sshd[1366]: Failed password for root from 43.255.190.159 port 49478 ssh2
Apr 11 05:08:42 ovzhost sshd[1368]: pam_unix(sshd:auth): authentication failure; logname= uid=0 euid=0 tty=ssh ruser= rhost=43.255.190.172  user=root
Apr 11 05:08:44 ovzhost sshd[1368]: Failed password for root from 43.255.190.172 port 38952 ssh2
Apr 11 05:08:45 ovzhost sshd[1366]: message repeated 2 times: [ Failed password for root from 43.255.190.159 port 49478 ssh2]
Apr 11 05:08:45 ovzhost sshd[1366]: Received disconnect from 43.255.190.159: 11:  [preauth]
Apr 11 05:08:45 ovzhost sshd[1366]: PAM 2 more authentication failures; logname= uid=0 euid=0 tty=ssh ruser= rhost=43.255.190.159  user=root
Apr 11 05:08:46 ovzhost sshd[1370]: pam_unix(sshd:auth): authentication failure; logname= uid=0 euid=0 tty=ssh ruser= rhost=43.255.190.159  user=root
Apr 11 05:08:47 ovzhost sshd[1370]: Failed password for root from 43.255.190.159 port 38477 ssh2
Apr 11 05:08:48 ovzhost sshd[1368]: message repeated 2 times: [ Failed password for root from 43.255.190.172 port 38952 ssh2]
Apr 11 05:08:48 ovzhost sshd[1368]: Received disconnect from 43.255.190.172: 11:  [preauth]
Apr 11 05:08:48 ovzhost sshd[1368]: PAM 2 more authentication failures; logname= uid=0 euid=0 tty=ssh ruser= rhost=43.255.190.172  user=root
Apr 11 05:08:49 ovzhost sshd[1372]: pam_unix(sshd:auth): authentication failure; logname= uid=0 euid=0 tty=ssh ruser= rhost=43.255.190.172  user=root
Apr 11 05:08:51 ovzhost sshd[1370]: message repeated 2 times: [ Failed password for root from 43.255.190.159 port 38477 ssh2]
Apr 11 05:08:51 ovzhost sshd[1370]: Received disconnect from 43.255.190.159: 11:  [preauth]
Apr 11 05:08:51 ovzhost sshd[1370]: PAM 2 more authentication failures; logname= uid=0 euid=0 tty=ssh ruser= rhost=43.255.190.159  user=root
Apr 11 05:08:51 ovzhost sshd[1372]: Failed password for root from 43.255.190.172 port 33979 ssh2
Apr 11 05:08:53 ovzhost sshd[1374]: pam_unix(sshd:auth): authentication failure; logname= uid=0 euid=0 tty=ssh ruser= rhost=43.255.190.159  user=root
Apr 11 05:08:55 ovzhost sshd[1374]: Failed password for root from 43.255.190.159 port 51366 ssh2
Apr 11 05:08:58 ovzhost sshd[1372]: message repeated 2 times: [ Failed password for root from 43.255.190.172 port 33979 ssh2]
Apr 11 05:08:58 ovzhost sshd[1372]: Received disconnect from 43.255.190.172: 11:  [preauth]
Apr 11 05:08:58 ovzhost sshd[1372]: PAM 2 more authentication failures; logname= uid=0 euid=0 tty=ssh ruser= rhost=43.255.190.172  user=root
Apr 11 05:09:00 ovzhost sshd[1374]: message repeated 2 times: [ Failed password for root from 43.255.190.159 port 51366 ssh2]
Apr 11 05:09:00 ovzhost sshd[1374]: Received disconnect from 43.255.190.159: 11:  [preauth]
Apr 11 05:09:00 ovzhost sshd[1374]: PAM 2 more authentication failures; logname= uid=0 euid=0 tty=ssh ruser= rhost=43.255.190.159  user=root
Apr 11 05:09:00 ovzhost sshd[1376]: pam_unix(sshd:auth): authentication failure; logname= uid=0 euid=0 tty=ssh ruser= rhost=43.255.190.172  user=root
Apr 11 05:09:01 ovzhost sshd[1378]: pam_unix(sshd:auth): authentication failure; logname= uid=0 euid=0 tty=ssh ruser= rhost=43.255.190.159  user=root
Apr 11 05:09:01 ovzhost CRON[1380]: pam_env(cron:session): Unable to open env file: /etc/default/locale: No such file or directory
Apr 11 05:09:01 ovzhost CRON[1381]: pam_env(cron:session): Unable to open env file: /etc/default/locale: No such file or directory
Apr 11 05:09:01 ovzhost CRON[1381]: pam_unix(cron:session): session opened for user root by (uid=0)
Apr 11 05:09:01 ovzhost CRON[1380]: pam_unix(cron:session): session opened for user root by (uid=0)
Apr 11 05:09:01 ovzhost CRON[1380]: pam_unix(cron:session): session closed for user root
Apr 11 05:09:01 ovzhost CRON[1381]: pam_unix(cron:session): session closed for user root
Apr 11 05:09:02 ovzhost sshd[1376]: Failed password for root from 43.255.190.172 port 57949 ssh2
Apr 11 05:09:03 ovzhost sshd[1378]: Failed password for root from 43.255.190.159 port 42031 ssh2
Apr 11 05:09:06 ovzhost sshd[1376]: message repeated 2 times: [ Failed password for root from 43.255.190.172 port 57949 ssh2]
Apr 11 05:09:06 ovzhost sshd[1376]: Received disconnect from 43.255.190.172: 11:  [preauth]
Apr 11 05:09:06 ovzhost sshd[1376]: PAM 2 more authentication failures; logname= uid=0 euid=0 tty=ssh ruser= rhost=43.255.190.172  user=root
Apr 11 05:09:07 ovzhost sshd[1378]: message repeated 2 times: [ Failed password for root from 43.255.190.159 port 42031 ssh2]
Apr 11 05:09:07 ovzhost sshd[1378]: Received disconnect from 43.255.190.159: 11:  [preauth]
Apr 11 05:09:07 ovzhost sshd[1378]: PAM 2 more authentication failures; logname= uid=0 euid=0 tty=ssh ruser= rhost=43.255.190.159  user=root
Apr 11 05:09:08 ovzhost sshd[1396]: pam_unix(sshd:auth): authentication failure; logname= uid=0 euid=0 tty=ssh ruser= rhost=43.255.190.159  user=root
Apr 11 05:09:09 ovzhost sshd[1398]: pam_unix(sshd:auth): authentication failure; logname= uid=0 euid=0 tty=ssh ruser= rhost=43.255.190.172  user=root
Apr 11 05:09:10 ovzhost sshd[1396]: Failed password for root from 43.255.190.159 port 56076 ssh2
Apr 11 05:09:10 ovzhost sshd[1398]: Failed password for root from 43.255.190.172 port 48577 ssh2
Apr 11 05:09:14 ovzhost sshd[1396]: message repeated 2 times: [ Failed password for root from 43.255.190.159 port 56076 ssh2]
Apr 11 05:09:14 ovzhost sshd[1396]: Received disconnect from 43.255.190.159: 11:  [preauth]
Apr 11 05:09:14 ovzhost sshd[1396]: PAM 2 more authentication failures; logname= uid=0 euid=0 tty=ssh ruser= rhost=43.255.190.159  user=root
Apr 11 05:09:16 ovzhost sshd[1400]: pam_unix(sshd:auth): authentication failure; logname= uid=0 euid=0 tty=ssh ruser= rhost=43.255.190.159  user=root
Apr 11 05:09:17 ovzhost sshd[1398]: message repeated 2 times: [ Failed password for root from 43.255.190.172 port 48577 ssh2]
Apr 11 05:09:17 ovzhost sshd[1398]: Received disconnect from 43.255.190.172: 11:  [preauth]
Apr 11 05:09:17 ovzhost sshd[1398]: PAM 2 more authentication failures; logname= uid=0 euid=0 tty=ssh ruser= rhost=43.255.190.172  user=root
Apr 11 05:09:17 ovzhost sshd[1402]: pam_unix(sshd:auth): authentication failure; logname= uid=0 euid=0 tty=ssh ruser= rhost=43.255.190.172  user=root
Apr 11 05:09:18 ovzhost sshd[1400]: Failed password for root from 43.255.190.159 port 42105 ssh2
Apr 11 05:09:19 ovzhost sshd[1402]: Failed password for root from 43.255.190.172 port 46297 ssh2
Apr 11 05:09:22 ovzhost sshd[1400]: message repeated 2 times: [ Failed password for root from 43.255.190.159 port 42105 ssh2]
Apr 11 05:09:22 ovzhost sshd[1400]: Received disconnect from 43.255.190.159: 11:  [preauth]
Apr 11 05:09:22 ovzhost sshd[1400]: PAM 2 more authentication failures; logname= uid=0 euid=0 tty=ssh ruser= rhost=43.255.190.159  user=root
Apr 11 05:09:23 ovzhost sshd[1402]: message repeated 2 times: [ Failed password for root from 43.255.190.172 port 46297 ssh2]
Apr 11 05:09:23 ovzhost sshd[1402]: Received disconnect from 43.255.190.172: 11:  [preauth]
Apr 11 05:09:23 ovzhost sshd[1402]: PAM 2 more authentication failures; logname= uid=0 euid=0 tty=ssh ruser= rhost=43.255.190.172  user=root
Apr 11 05:09:24 ovzhost sshd[1404]: pam_unix(sshd:auth): authentication failure; logname= uid=0 euid=0 tty=ssh ruser= rhost=43.255.190.159  user=root
Apr 11 05:09:25 ovzhost sshd[1404]: Failed password for root from 43.255.190.159 port 59839 ssh2
Apr 11 05:09:29 ovzhost sshd[1404]: message repeated 2 times: [ Failed password for root from 43.255.190.159 port 59839 ssh2]
Apr 11 05:09:29 ovzhost sshd[1404]: Received disconnect from 43.255.190.159: 11:  [preauth]
Apr 11 05:09:29 ovzhost sshd[1404]: PAM 2 more authentication failures; logname= uid=0 euid=0 tty=ssh ruser= rhost=43.255.190.159  user=root
Apr 11 05:09:30 ovzhost sshd[1406]: pam_unix(sshd:auth): authentication failure; logname= uid=0 euid=0 tty=ssh ruser= rhost=43.255.190.172  user=root
Apr 11 05:09:30 ovzhost sshd[1408]: pam_unix(sshd:auth): authentication failure; logname= uid=0 euid=0 tty=ssh ruser= rhost=43.255.190.159  user=root
Apr 11 05:09:32 ovzhost sshd[1406]: Failed password for root from 43.255.190.172 port 33905 ssh2
Apr 11 05:09:32 ovzhost sshd[1408]: Failed password for root from 43.255.190.159 port 46172 ssh2
Apr 11 05:09:36 ovzhost sshd[1406]: message repeated 2 times: [ Failed password for root from 43.255.190.172 port 33905 ssh2]
Apr 11 05:09:36 ovzhost sshd[1406]: Received disconnect from 43.255.190.172: 11:  [preauth]
Apr 11 05:09:36 ovzhost sshd[1406]: PAM 2 more authentication failures; logname= uid=0 euid=0 tty=ssh ruser= rhost=43.255.190.172  user=root
Apr 11 05:09:37 ovzhost sshd[1408]: message repeated 2 times: [ Failed password for root from 43.255.190.159 port 46172 ssh2]
Apr 11 05:09:37 ovzhost sshd[1408]: Received disconnect from 43.255.190.159: 11:  [preauth]
Apr 11 05:09:37 ovzhost sshd[1408]: PAM 2 more authentication failures; logname= uid=0 euid=0 tty=ssh ruser= rhost=43.255.190.159  user=root
Apr 11 05:09:37 ovzhost sshd[1411]: pam_unix(sshd:auth): authentication failure; logname= uid=0 euid=0 tty=ssh ruser= rhost=43.255.190.172  user=root
Apr 11 05:09:38 ovzhost sshd[1413]: pam_unix(sshd:auth): authentication failure; logname= uid=0 euid=0 tty=ssh ruser= rhost=43.255.190.159  user=root
Apr 11 05:09:39 ovzhost sshd[1411]: Failed password for root from 43.255.190.172 port 38196 ssh2
Apr 11 05:09:40 ovzhost sshd[1413]: Failed password for root from 43.255.190.159 port 34238 ssh2
Apr 11 05:09:44 ovzhost sshd[1411]: message repeated 2 times: [ Failed password for root from 43.255.190.172 port 38196 ssh2]
Apr 11 05:09:44 ovzhost sshd[1411]: Received disconnect from 43.255.190.172: 11:  [preauth]
Apr 11 05:09:44 ovzhost sshd[1411]: PAM 2 more authentication failures; logname= uid=0 euid=0 tty=ssh ruser= rhost=43.255.190.172  user=root
Apr 11 05:09:44 ovzhost sshd[1413]: message repeated 2 times: [ Failed password for root from 43.255.190.159 port 34238 ssh2]
Apr 11 05:09:44 ovzhost sshd[1413]: Received disconnect from 43.255.190.159: 11:  [preauth]
Apr 11 05:09:44 ovzhost sshd[1413]: PAM 2 more authentication failures; logname= uid=0 euid=0 tty=ssh ruser= rhost=43.255.190.159  user=root
Apr 11 05:09:45 ovzhost sshd[1415]: pam_unix(sshd:auth): authentication failure; logname= uid=0 euid=0 tty=ssh ruser= rhost=43.255.190.172  user=root
Apr 11 05:09:46 ovzhost sshd[1415]: Failed password for root from 43.255.190.172 port 56659 ssh2
Apr 11 05:09:46 ovzhost sshd[1417]: pam_unix(sshd:auth): authentication failure; logname= uid=0 euid=0 tty=ssh ruser= rhost=43.255.190.159  user=root
Apr 11 05:09:48 ovzhost sshd[1417]: Failed password for root from 43.255.190.159 port 48854 ssh2
Apr 11 05:09:50 ovzhost sshd[1415]: message repeated 2 times: [ Failed password for root from 43.255.190.172 port 56659 ssh2]
Apr 11 05:09:50 ovzhost sshd[1415]: Received disconnect from 43.255.190.172: 11:  [preauth]
Apr 11 05:09:50 ovzhost sshd[1415]: PAM 2 more authentication failures; logname= uid=0 euid=0 tty=ssh ruser= rhost=43.255.190.172  user=root
Apr 11 05:09:52 ovzhost sshd[1419]: pam_unix(sshd:auth): authentication failure; logname= uid=0 euid=0 tty=ssh ruser= rhost=43.255.190.172  user=root
Apr 11 05:09:52 ovzhost sshd[1417]: message repeated 2 times: [ Failed password for root from 43.255.190.159 port 48854 ssh2]
Apr 11 05:09:52 ovzhost sshd[1417]: Received disconnect from 43.255.190.159: 11:  [preauth]
Apr 11 05:09:52 ovzhost sshd[1417]: PAM 2 more authentication failures; logname= uid=0 euid=0 tty=ssh ruser= rhost=43.255.190.159  user=root
Apr 11 05:09:53 ovzhost sshd[1421]: pam_unix(sshd:auth): authentication failure; logname= uid=0 euid=0 tty=ssh ruser= rhost=43.255.190.159  user=root
Apr 11 05:09:53 ovzhost sshd[1419]: Failed password for root from 43.255.190.172 port 43931 ssh2
Apr 11 05:09:55 ovzhost sshd[1421]: Failed password for root from 43.255.190.159 port 36630 ssh2
Apr 11 05:09:57 ovzhost sshd[1419]: message repeated 2 times: [ Failed password for root from 43.255.190.172 port 43931 ssh2]
Apr 11 05:09:57 ovzhost sshd[1419]: Received disconnect from 43.255.190.172: 11:  [preauth]
Apr 11 05:09:57 ovzhost sshd[1419]: PAM 2 more authentication failures; logname= uid=0 euid=0 tty=ssh ruser= rhost=43.255.190.172  user=root
Apr 11 05:09:58 ovzhost sshd[1423]: pam_unix(sshd:auth): authentication failure; logname= uid=0 euid=0 tty=ssh ruser= rhost=43.255.190.172  user=root
Apr 11 05:09:58 ovzhost sshd[1421]: message repeated 2 times: [ Failed password for root from 43.255.190.159 port 36630 ssh2]
Apr 11 05:09:59 ovzhost sshd[1421]: Received disconnect from 43.255.190.159: 11:  [preauth]
Apr 11 05:09:59 ovzhost sshd[1421]: PAM 2 more authentication failures; logname= uid=0 euid=0 tty=ssh ruser= rhost=43.255.190.159  user=root
Apr 11 05:10:00 ovzhost sshd[1425]: pam_unix(sshd:auth): authentication failure; logname= uid=0 euid=0 tty=ssh ruser= rhost=43.255.190.159  user=root
Apr 11 05:10:00 ovzhost sshd[1423]: Failed password for root from 43.255.190.172 port 33136 ssh2
Apr 11 05:10:02 ovzhost sshd[1425]: Failed password for root from 43.255.190.159 port 50300 ssh2
Apr 11 05:10:04 ovzhost sshd[1423]: message repeated 2 times: [ Failed password for root from 43.255.190.172 port 33136 ssh2]
Apr 11 05:10:04 ovzhost sshd[1423]: Received disconnect from 43.255.190.172: 11:  [preauth]
Apr 11 05:10:04 ovzhost sshd[1423]: PAM 2 more authentication failures; logname= uid=0 euid=0 tty=ssh ruser= rhost=43.255.190.172  user=root
Apr 11 05:10:05 ovzhost sshd[1427]: pam_unix(sshd:auth): authentication failure; logname= uid=0 euid=0 tty=ssh ruser= rhost=43.255.190.172  user=root
Apr 11 05:10:05 ovzhost sshd[1425]: message repeated 2 times: [ Failed password for root from 43.255.190.159 port 50300 ssh2]
Apr 11 05:10:06 ovzhost sshd[1425]: Received disconnect from 43.255.190.159: 11:  [preauth]
Apr 11 05:10:06 ovzhost sshd[1425]: PAM 2 more authentication failures; logname= uid=0 euid=0 tty=ssh ruser= rhost=43.255.190.159  user=root
Apr 11 05:10:07 ovzhost sshd[1429]: pam_unix(sshd:auth): authentication failure; logname= uid=0 euid=0 tty=ssh ruser= rhost=43.255.190.159  user=root
Apr 11 05:10:07 ovzhost sshd[1427]: Failed password for root from 43.255.190.172 port 49401 ssh2
Apr 11 05:10:09 ovzhost sshd[1429]: Failed password for root from 43.255.190.159 port 36857 ssh2
Apr 11 05:10:11 ovzhost sshd[1427]: message repeated 2 times: [ Failed password for root from 43.255.190.172 port 49401 ssh2]
Apr 11 05:10:11 ovzhost sshd[1427]: Received disconnect from 43.255.190.172: 11:  [preauth]
Apr 11 05:10:11 ovzhost sshd[1427]: PAM 2 more authentication failures; logname= uid=0 euid=0 tty=ssh ruser= rhost=43.255.190.172  user=root
Apr 11 05:10:12 ovzhost sshd[1432]: pam_unix(sshd:auth): authentication failure; logname= uid=0 euid=0 tty=ssh ruser= rhost=43.255.190.172  user=root
Apr 11 05:10:12 ovzhost sshd[1429]: message repeated 2 times: [ Failed password for root from 43.255.190.159 port 36857 ssh2]
Apr 11 05:10:12 ovzhost sshd[1429]: Received disconnect from 43.255.190.159: 11:  [preauth]
Apr 11 05:10:12 ovzhost sshd[1429]: PAM 2 more authentication failures; logname= uid=0 euid=0 tty=ssh ruser= rhost=43.255.190.159  user=root
Apr 11 05:10:14 ovzhost sshd[1432]: Failed password for root from 43.255.190.172 port 36184 ssh2
Apr 11 05:10:14 ovzhost sshd[1434]: pam_unix(sshd:auth): authentication failure; logname= uid=0 euid=0 tty=ssh ruser= rhost=43.255.190.159  user=root
Apr 11 05:10:16 ovzhost sshd[1434]: Failed password for root from 43.255.190.159 port 50032 ssh2
Apr 11 05:10:18 ovzhost sshd[1432]: message repeated 2 times: [ Failed password for root from 43.255.190.172 port 36184 ssh2]
Apr 11 05:10:18 ovzhost sshd[1432]: Received disconnect from 43.255.190.172: 11:  [preauth]
Apr 11 05:10:18 ovzhost sshd[1432]: PAM 2 more authentication failures; logname= uid=0 euid=0 tty=ssh ruser= rhost=43.255.190.172  user=root
Apr 11 05:10:19 ovzhost sshd[1436]: pam_unix(sshd:auth): authentication failure; logname= uid=0 euid=0 tty=ssh ruser= rhost=43.255.190.172  user=root
Apr 11 05:10:20 ovzhost sshd[1434]: message repeated 2 times: [ Failed password for root from 43.255.190.159 port 50032 ssh2]
Apr 11 05:10:20 ovzhost sshd[1434]: Received disconnect from 43.255.190.159: 11:  [preauth]
Apr 11 05:10:20 ovzhost sshd[1434]: PAM 2 more authentication failures; logname= uid=0 euid=0 tty=ssh ruser= rhost=43.255.190.159  user=root
Apr 11 05:10:21 ovzhost sshd[1436]: Failed password for root from 43.255.190.172 port 52405 ssh2
Apr 11 05:10:21 ovzhost sshd[1438]: pam_unix(sshd:auth): authentication failure; logname= uid=0 euid=0 tty=ssh ruser= rhost=43.255.190.159  user=root
Apr 11 05:10:23 ovzhost sshd[1438]: Failed password for root from 43.255.190.159 port 37228 ssh2
Apr 11 05:10:26 ovzhost sshd[1436]: message repeated 2 times: [ Failed password for root from 43.255.190.172 port 52405 ssh2]
Apr 11 05:10:27 ovzhost sshd[1436]: Received disconnect from 43.255.190.172: 11:  [preauth]
Apr 11 05:10:27 ovzhost sshd[1436]: PAM 2 more authentication failures; logname= uid=0 euid=0 tty=ssh ruser= rhost=43.255.190.172  user=root
Apr 11 05:10:27 ovzhost sshd[1438]: message repeated 2 times: [ Failed password for root from 43.255.190.159 port 37228 ssh2]
Apr 11 05:10:27 ovzhost sshd[1438]: Received disconnect from 43.255.190.159: 11:  [preauth]
Apr 11 05:10:27 ovzhost sshd[1438]: PAM 2 more authentication failures; logname= uid=0 euid=0 tty=ssh ruser= rhost=43.255.190.159  user=root
Apr 11 05:10:27 ovzhost sshd[1440]: pam_unix(sshd:auth): authentication failure; logname= uid=0 euid=0 tty=ssh ruser= rhost=43.255.190.172  user=root
Apr 11 05:10:28 ovzhost sshd[1442]: pam_unix(sshd:auth): authentication failure; logname= uid=0 euid=0 tty=ssh ruser= rhost=43.255.190.159  user=root
Apr 11 05:10:29 ovzhost sshd[1440]: Failed password for root from 43.255.190.172 port 44262 ssh2
Apr 11 05:10:29 ovzhost sshd[1442]: Failed password for root from 43.255.190.159 port 51069 ssh2
Apr 11 05:10:33 ovzhost sshd[1440]: message repeated 2 times: [ Failed password for root from 43.255.190.172 port 44262 ssh2]
Apr 11 05:10:33 ovzhost sshd[1440]: Received disconnect from 43.255.190.172: 11:  [preauth]
Apr 11 05:10:33 ovzhost sshd[1440]: PAM 2 more authentication failures; logname= uid=0 euid=0 tty=ssh ruser= rhost=43.255.190.172  user=root
Apr 11 05:10:33 ovzhost sshd[1442]: message repeated 2 times: [ Failed password for root from 43.255.190.159 port 51069 ssh2]
Apr 11 05:10:34 ovzhost sshd[1442]: Received disconnect from 43.255.190.159: 11:  [preauth]
Apr 11 05:10:34 ovzhost sshd[1442]: PAM 2 more authentication failures; logname= uid=0 euid=0 tty=ssh ruser= rhost=43.255.190.159  user=root
Apr 11 05:10:35 ovzhost sshd[1446]: pam_unix(sshd:auth): authentication failure; logname= uid=0 euid=0 tty=ssh ruser= rhost=43.255.190.159  user=root
Apr 11 05:10:36 ovzhost sshd[1444]: pam_unix(sshd:auth): authentication failure; logname= uid=0 euid=0 tty=ssh ruser= rhost=43.255.190.172  user=root
Apr 11 05:10:37 ovzhost sshd[1446]: Failed password for root from 43.255.190.159 port 36500 ssh2
Apr 11 05:10:38 ovzhost sshd[1444]: Failed password for root from 43.255.190.172 port 60284 ssh2
Apr 11 05:10:38 ovzhost sshd[1449]: Connection closed by 128.8.37.120 [preauth]
Apr 11 05:10:41 ovzhost sshd[1446]: message repeated 2 times: [ Failed password for root from 43.255.190.159 port 36500 ssh2]
Apr 11 05:10:41 ovzhost sshd[1446]: Received disconnect from 43.255.190.159: 11:  [preauth]
Apr 11 05:10:41 ovzhost sshd[1446]: PAM 2 more authentication failures; logname= uid=0 euid=0 tty=ssh ruser= rhost=43.255.190.159  user=root
Apr 11 05:10:42 ovzhost sshd[1444]: message repeated 2 times: [ Failed password for root from 43.255.190.172 port 60284 ssh2]
Apr 11 05:10:42 ovzhost sshd[1444]: Received disconnect from 43.255.190.172: 11:  [preauth]
Apr 11 05:10:42 ovzhost sshd[1444]: PAM 2 more authentication failures; logname= uid=0 euid=0 tty=ssh ruser= rhost=43.255.190.172  user=root
Apr 11 05:10:44 ovzhost sshd[1451]: pam_unix(sshd:auth): authentication failure; logname= uid=0 euid=0 tty=ssh ruser= rhost=43.255.190.159  user=root
Apr 11 05:10:44 ovzhost sshd[1453]: pam_unix(sshd:auth): authentication failure; logname= uid=0 euid=0 tty=ssh ruser= rhost=43.255.190.172  user=root
Apr 11 05:10:46 ovzhost sshd[1451]: Failed password for root from 43.255.190.159 port 50252 ssh2
Apr 11 05:10:46 ovzhost sshd[1453]: Failed password for root from 43.255.190.172 port 52615 ssh2
Apr 11 05:10:50 ovzhost sshd[1451]: message repeated 2 times: [ Failed password for root from 43.255.190.159 port 50252 ssh2]
Apr 11 05:10:50 ovzhost sshd[1451]: Received disconnect from 43.255.190.159: 11:  [preauth]
Apr 11 05:10:50 ovzhost sshd[1451]: PAM 2 more authentication failures; logname= uid=0 euid=0 tty=ssh ruser= rhost=43.255.190.159  user=root
Apr 11 05:10:50 ovzhost sshd[1453]: message repeated 2 times: [ Failed password for root from 43.255.190.172 port 52615 ssh2]
Apr 11 05:10:50 ovzhost sshd[1453]: Received disconnect from 43.255.190.172: 11:  [preauth]
Apr 11 05:10:50 ovzhost sshd[1453]: PAM 2 more authentication failures; logname= uid=0 euid=0 tty=ssh ruser= rhost=43.255.190.172  user=root
Apr 11 05:10:52 ovzhost sshd[1458]: pam_unix(sshd:auth): authentication failure; logname= uid=0 euid=0 tty=ssh ruser= rhost=43.255.190.159  user=root
Apr 11 05:10:52 ovzhost sshd[1460]: pam_unix(sshd:auth): authentication failure; logname= uid=0 euid=0 tty=ssh ruser= rhost=43.255.190.172  user=root
Apr 11 05:10:53 ovzhost sshd[1458]: Failed password for root from 43.255.190.159 port 40776 ssh2
Apr 11 05:10:54 ovzhost sshd[1460]: Failed password for root from 43.255.190.172 port 43098 ssh2
Apr 11 05:10:57 ovzhost sshd[1458]: message repeated 2 times: [ Failed password for root from 43.255.190.159 port 40776 ssh2]
Apr 11 05:10:58 ovzhost sshd[1458]: Received disconnect from 43.255.190.159: 11:  [preauth]
Apr 11 05:10:58 ovzhost sshd[1458]: PAM 2 more authentication failures; logname= uid=0 euid=0 tty=ssh ruser= rhost=43.255.190.159  user=root
Apr 11 05:10:58 ovzhost sshd[1460]: message repeated 2 times: [ Failed password for root from 43.255.190.172 port 43098 ssh2]
Apr 11 05:10:58 ovzhost sshd[1460]: Received disconnect from 43.255.190.172: 11:  [preauth]
Apr 11 05:10:58 ovzhost sshd[1460]: PAM 2 more authentication failures; logname= uid=0 euid=0 tty=ssh ruser= rhost=43.255.190.172  user=root
Apr 11 05:10:59 ovzhost sshd[1462]: pam_unix(sshd:auth): authentication failure; logname= uid=0 euid=0 tty=ssh ruser= rhost=43.255.190.159  user=root
Apr 11 05:11:01 ovzhost sshd[1462]: Failed password for root from 43.255.190.159 port 54839 ssh2
Apr 11 05:11:01 ovzhost sshd[1464]: pam_unix(sshd:auth): authentication failure; logname= uid=0 euid=0 tty=ssh ruser= rhost=43.255.190.172  user=root
Apr 11 05:11:03 ovzhost sshd[1464]: Failed password for root from 43.255.190.172 port 32847 ssh2
Apr 11 05:11:05 ovzhost sshd[1462]: message repeated 2 times: [ Failed password for root from 43.255.190.159 port 54839 ssh2]
Apr 11 05:11:05 ovzhost sshd[1462]: Received disconnect from 43.255.190.159: 11:  [preauth]
Apr 11 05:11:05 ovzhost sshd[1462]: PAM 2 more authentication failures; logname= uid=0 euid=0 tty=ssh ruser= rhost=43.255.190.159  user=root
Apr 11 05:11:05 ovzhost sshd[1466]: pam_unix(sshd:auth): authentication failure; logname= uid=0 euid=0 tty=ssh ruser= rhost=43.255.190.159  user=root
Apr 11 05:11:07 ovzhost sshd[1464]: message repeated 2 times: [ Failed password for root from 43.255.190.172 port 32847 ssh2]
Apr 11 05:11:07 ovzhost sshd[1464]: Received disconnect from 43.255.190.172: 11:  [preauth]
Apr 11 05:11:07 ovzhost sshd[1464]: PAM 2 more authentication failures; logname= uid=0 euid=0 tty=ssh ruser= rhost=43.255.190.172  user=root
Apr 11 05:11:07 ovzhost sshd[1466]: Failed password for root from 43.255.190.159 port 40548 ssh2
Apr 11 05:11:08 ovzhost sshd[1468]: pam_unix(sshd:auth): authentication failure; logname= uid=0 euid=0 tty=ssh ruser= rhost=43.255.190.172  user=root
Apr 11 05:11:11 ovzhost sshd[1468]: Failed password for root from 43.255.190.172 port 54007 ssh2
Apr 11 05:11:12 ovzhost sshd[1466]: message repeated 2 times: [ Failed password for root from 43.255.190.159 port 40548 ssh2]
Apr 11 05:11:12 ovzhost sshd[1466]: Received disconnect from 43.255.190.159: 11:  [preauth]
Apr 11 05:11:12 ovzhost sshd[1466]: PAM 2 more authentication failures; logname= uid=0 euid=0 tty=ssh ruser= rhost=43.255.190.159  user=root
Apr 11 05:11:14 ovzhost sshd[1470]: pam_unix(sshd:auth): authentication failure; logname= uid=0 euid=0 tty=ssh ruser= rhost=43.255.190.159  user=root
Apr 11 05:11:15 ovzhost sshd[1468]: message repeated 2 times: [ Failed password for root from 43.255.190.172 port 54007 ssh2]
Apr 11 05:11:15 ovzhost sshd[1468]: Received disconnect from 43.255.190.172: 11:  [preauth]
Apr 11 05:11:15 ovzhost sshd[1468]: PAM 2 more authentication failures; logname= uid=0 euid=0 tty=ssh ruser= rhost=43.255.190.172  user=root
Apr 11 05:11:16 ovzhost sshd[1470]: Failed password for root from 43.255.190.159 port 54769 ssh2
Apr 11 05:11:22 ovzhost sshd[1474]: pam_unix(sshd:auth): authentication failure; logname= uid=0 euid=0 tty=ssh ruser= rhost=43.255.190.172  user=root
Apr 11 05:11:21 ovzhost sshd[1470]: message repeated 2 times: [ Failed password for root from 43.255.190.159 port 54769 ssh2]
Apr 11 05:11:22 ovzhost sshd[1470]: Received disconnect from 43.255.190.159: 11:  [preauth]
Apr 11 05:11:22 ovzhost sshd[1470]: PAM 2 more authentication failures; logname= uid=0 euid=0 tty=ssh ruser= rhost=43.255.190.159  user=root
Apr 11 05:11:23 ovzhost sshd[1476]: pam_unix(sshd:auth): authentication failure; logname= uid=0 euid=0 tty=ssh ruser= rhost=43.255.190.159  user=root
Apr 11 05:11:24 ovzhost sshd[1474]: Failed password for root from 43.255.190.172 port 43625 ssh2
Apr 11 05:11:25 ovzhost sshd[1476]: Failed password for root from 43.255.190.159 port 44939 ssh2
Apr 11 05:11:28 ovzhost sshd[1479]: Connection closed by 127.0.0.1 [preauth]
Apr 11 05:11:28 ovzhost sshd[1474]: message repeated 2 times: [ Failed password for root from 43.255.190.172 port 43625 ssh2]
Apr 11 05:11:28 ovzhost sshd[1474]: Received disconnect from 43.255.190.172: 11:  [preauth]
Apr 11 05:11:28 ovzhost sshd[1474]: PAM 2 more authentication failures; logname= uid=0 euid=0 tty=ssh ruser= rhost=43.255.190.172  user=root
Apr 11 05:11:30 ovzhost sshd[1481]: pam_unix(sshd:auth): authentication failure; logname= uid=0 euid=0 tty=ssh ruser= rhost=43.255.190.172  user=root
Apr 11 05:11:30 ovzhost sshd[1476]: message repeated 2 times: [ Failed password for root from 43.255.190.159 port 44939 ssh2]
Apr 11 05:11:31 ovzhost sshd[1476]: Received disconnect from 43.255.190.159: 11:  [preauth]
Apr 11 05:11:31 ovzhost sshd[1476]: PAM 2 more authentication failures; logname= uid=0 euid=0 tty=ssh ruser= rhost=43.255.190.159  user=root
Apr 11 05:11:32 ovzhost sshd[1481]: Failed password for root from 43.255.190.172 port 44322 ssh2
Apr 11 05:11:33 ovzhost sshd[1483]: pam_unix(sshd:auth): authentication failure; logname= uid=0 euid=0 tty=ssh ruser= rhost=43.255.190.159  user=root
Apr 11 05:11:35 ovzhost sshd[1483]: Failed password for root from 43.255.190.159 port 33938 ssh2
Apr 11 05:11:37 ovzhost sshd[1481]: message repeated 2 times: [ Failed password for root from 43.255.190.172 port 44322 ssh2]
Apr 11 05:11:37 ovzhost sshd[1481]: Received disconnect from 43.255.190.172: 11:  [preauth]
Apr 11 05:11:37 ovzhost sshd[1481]: PAM 2 more authentication failures; logname= uid=0 euid=0 tty=ssh ruser= rhost=43.255.190.172  user=root
Apr 11 05:11:38 ovzhost sshd[1485]: pam_unix(sshd:auth): authentication failure; logname= uid=0 euid=0 tty=ssh ruser= rhost=43.255.190.172  user=root
Apr 11 05:11:40 ovzhost sshd[1485]: Failed password for root from 43.255.190.172 port 35442 ssh2
Apr 11 05:11:40 ovzhost sshd[1483]: message repeated 2 times: [ Failed password for root from 43.255.190.159 port 33938 ssh2]
Apr 11 05:11:40 ovzhost sshd[1483]: Received disconnect from 43.255.190.159: 11:  [preauth]
Apr 11 05:11:40 ovzhost sshd[1483]: PAM 2 more authentication failures; logname= uid=0 euid=0 tty=ssh ruser= rhost=43.255.190.159  user=root
Apr 11 05:11:41 ovzhost sshd[1489]: pam_unix(sshd:auth): authentication failure; logname= uid=0 euid=0 tty=ssh ruser= rhost=43.255.190.159  user=root
Apr 11 05:11:43 ovzhost sshd[1489]: Failed password for root from 43.255.190.159 port 53106 ssh2
Apr 11 05:11:45 ovzhost sshd[1485]: message repeated 2 times: [ Failed password for root from 43.255.190.172 port 35442 ssh2]
Apr 11 05:11:45 ovzhost sshd[1485]: Received disconnect from 43.255.190.172: 11:  [preauth]
Apr 11 05:11:45 ovzhost sshd[1485]: PAM 2 more authentication failures; logname= uid=0 euid=0 tty=ssh ruser= rhost=43.255.190.172  user=root
Apr 11 05:11:46 ovzhost sshd[1491]: pam_unix(sshd:auth): authentication failure; logname= uid=0 euid=0 tty=ssh ruser= rhost=43.255.190.172  user=root
Apr 11 05:11:48 ovzhost sshd[1491]: Failed password for root from 43.255.190.172 port 53425 ssh2
Apr 11 05:11:47 ovzhost sshd[1489]: message repeated 2 times: [ Failed password for root from 43.255.190.159 port 53106 ssh2]
Apr 11 05:11:48 ovzhost sshd[1489]: Received disconnect from 43.255.190.159: 11:  [preauth]
Apr 11 05:11:48 ovzhost sshd[1489]: PAM 2 more authentication failures; logname= uid=0 euid=0 tty=ssh ruser= rhost=43.255.190.159  user=root
Apr 11 05:11:52 ovzhost sshd[1491]: message repeated 2 times: [ Failed password for root from 43.255.190.172 port 53425 ssh2]
Apr 11 05:11:52 ovzhost sshd[1491]: Received disconnect from 43.255.190.172: 11:  [preauth]
Apr 11 05:11:52 ovzhost sshd[1491]: PAM 2 more authentication failures; logname= uid=0 euid=0 tty=ssh ruser= rhost=43.255.190.172  user=root
Apr 11 05:11:53 ovzhost sshd[1493]: pam_unix(sshd:auth): authentication failure; logname= uid=0 euid=0 tty=ssh ruser= rhost=43.255.190.159  user=root
Apr 11 05:11:53 ovzhost sshd[1495]: pam_unix(sshd:auth): authentication failure; logname= uid=0 euid=0 tty=ssh ruser= rhost=43.255.190.172  user=root
Apr 11 05:11:55 ovzhost sshd[1493]: Failed password for root from 43.255.190.159 port 40453 ssh2
Apr 11 05:11:55 ovzhost sshd[1495]: Failed password for root from 43.255.190.172 port 42388 ssh2
Apr 11 05:12:00 ovzhost sshd[1493]: message repeated 2 times: [ Failed password for root from 43.255.190.159 port 40453 ssh2]
Apr 11 05:12:00 ovzhost sshd[1493]: Received disconnect from 43.255.190.159: 11:  [preauth]
Apr 11 05:12:00 ovzhost sshd[1493]: PAM 2 more authentication failures; logname= uid=0 euid=0 tty=ssh ruser= rhost=43.255.190.159  user=root
Apr 11 05:12:00 ovzhost sshd[1495]: message repeated 2 times: [ Failed password for root from 43.255.190.172 port 42388 ssh2]
Apr 11 05:12:00 ovzhost sshd[1495]: Received disconnect from 43.255.190.172: 11:  [preauth]
Apr 11 05:12:00 ovzhost sshd[1495]: PAM 2 more authentication failures; logname= uid=0 euid=0 tty=ssh ruser= rhost=43.255.190.172  user=root
Apr 11 05:12:01 ovzhost sshd[1499]: pam_unix(sshd:auth): authentication failure; logname= uid=0 euid=0 tty=ssh ruser= rhost=43.255.190.172  user=root
Apr 11 05:12:02 ovzhost sshd[1497]: pam_unix(sshd:auth): authentication failure; logname= uid=0 euid=0 tty=ssh ruser= rhost=43.255.190.159  user=root
Apr 11 05:12:04 ovzhost sshd[1499]: Failed password for root from 43.255.190.172 port 60464 ssh2
Apr 11 05:12:04 ovzhost sshd[1497]: Failed password for root from 43.255.190.159 port 33841 ssh2
Apr 11 05:12:09 ovzhost sshd[1499]: message repeated 2 times: [ Failed password for root from 43.255.190.172 port 60464 ssh2]
Apr 11 05:12:09 ovzhost sshd[1499]: Received disconnect from 43.255.190.172: 11:  [preauth]
Apr 11 05:12:09 ovzhost sshd[1499]: PAM 2 more authentication failures; logname= uid=0 euid=0 tty=ssh ruser= rhost=43.255.190.172  user=root
Apr 11 05:12:09 ovzhost sshd[1497]: message repeated 2 times: [ Failed password for root from 43.255.190.159 port 33841 ssh2]
Apr 11 05:12:09 ovzhost sshd[1497]: Received disconnect from 43.255.190.159: 11:  [preauth]
Apr 11 05:12:09 ovzhost sshd[1497]: PAM 2 more authentication failures; logname= uid=0 euid=0 tty=ssh ruser= rhost=43.255.190.159  user=root
Apr 11 05:12:10 ovzhost sshd[1502]: pam_unix(sshd:auth): authentication failure; logname= uid=0 euid=0 tty=ssh ruser= rhost=43.255.190.172  user=root
Apr 11 05:12:10 ovzhost sshd[1504]: pam_unix(sshd:auth): authentication failure; logname= uid=0 euid=0 tty=ssh ruser= rhost=43.255.190.159  user=root
Apr 11 05:12:12 ovzhost sshd[1502]: Failed password for root from 43.255.190.172 port 52640 ssh2
Apr 11 05:12:12 ovzhost sshd[1504]: Failed password for root from 43.255.190.159 port 51619 ssh2
Apr 11 05:12:16 ovzhost sshd[1502]: message repeated 2 times: [ Failed password for root from 43.255.190.172 port 52640 ssh2]
Apr 11 05:12:17 ovzhost sshd[1502]: Received disconnect from 43.255.190.172: 11:  [preauth]
Apr 11 05:12:17 ovzhost sshd[1502]: PAM 2 more authentication failures; logname= uid=0 euid=0 tty=ssh ruser= rhost=43.255.190.172  user=root
Apr 11 05:12:17 ovzhost sshd[1504]: message repeated 2 times: [ Failed password for root from 43.255.190.159 port 51619 ssh2]
Apr 11 05:12:18 ovzhost sshd[1504]: Received disconnect from 43.255.190.159: 11:  [preauth]
Apr 11 05:12:18 ovzhost sshd[1504]: PAM 2 more authentication failures; logname= uid=0 euid=0 tty=ssh ruser= rhost=43.255.190.159  user=root
Apr 11 05:12:20 ovzhost sshd[1508]: pam_unix(sshd:auth): authentication failure; logname= uid=0 euid=0 tty=ssh ruser= rhost=43.255.190.159  user=root
Apr 11 05:12:21 ovzhost sshd[1506]: pam_unix(sshd:auth): authentication failure; logname= uid=0 euid=0 tty=ssh ruser= rhost=43.255.190.172  user=root
Apr 11 05:12:22 ovzhost sshd[1506]: Failed password for root from 43.255.190.172 port 42165 ssh2
Apr 11 05:12:23 ovzhost sshd[1508]: Failed password for root from 43.255.190.159 port 40537 ssh2
Apr 11 05:12:27 ovzhost sshd[1506]: message repeated 2 times: [ Failed password for root from 43.255.190.172 port 42165 ssh2]
Apr 11 05:12:27 ovzhost sshd[1506]: Received disconnect from 43.255.190.172: 11:  [preauth]
Apr 11 05:12:27 ovzhost sshd[1506]: PAM 2 more authentication failures; logname= uid=0 euid=0 tty=ssh ruser= rhost=43.255.190.172  user=root
Apr 11 05:12:27 ovzhost sshd[1508]: message repeated 2 times: [ Failed password for root from 43.255.190.159 port 40537 ssh2]
Apr 11 05:12:28 ovzhost sshd[1508]: Received disconnect from 43.255.190.159: 11:  [preauth]
Apr 11 05:12:28 ovzhost sshd[1508]: PAM 2 more authentication failures; logname= uid=0 euid=0 tty=ssh ruser= rhost=43.255.190.159  user=root
Apr 11 05:12:29 ovzhost sshd[1510]: pam_unix(sshd:auth): authentication failure; logname= uid=0 euid=0 tty=ssh ruser= rhost=43.255.190.172  user=root
Apr 11 05:12:29 ovzhost sshd[1512]: pam_unix(sshd:auth): authentication failure; logname= uid=0 euid=0 tty=ssh ruser= rhost=43.255.190.159  user=root
Apr 11 05:12:31 ovzhost sshd[1510]: Failed password for root from 43.255.190.172 port 35292 ssh2
Apr 11 05:12:31 ovzhost sshd[1512]: Failed password for root from 43.255.190.159 port 59793 ssh2
Apr 11 05:12:35 ovzhost sshd[1510]: message repeated 2 times: [ Failed password for root from 43.255.190.172 port 35292 ssh2]
Apr 11 05:12:35 ovzhost sshd[1510]: Received disconnect from 43.255.190.172: 11:  [preauth]
Apr 11 05:12:35 ovzhost sshd[1510]: PAM 2 more authentication failures; logname= uid=0 euid=0 tty=ssh ruser= rhost=43.255.190.172  user=root
Apr 11 05:12:36 ovzhost sshd[1512]: message repeated 2 times: [ Failed password for root from 43.255.190.159 port 59793 ssh2]
Apr 11 05:12:36 ovzhost sshd[1512]: Received disconnect from 43.255.190.159: 11:  [preauth]
