Apr  2 14:31:44 ovzhost sshd[780]: Connection closed by 127.0.0.1 [preauth]
Apr  2 14:35:40 ovzhost sshd[811]: Connection closed by 128.8.37.120 [preauth]
Apr  2 14:36:44 ovzhost sshd[820]: Connection closed by 127.0.0.1 [preauth]
Apr 12 03:35:50 ovzhost sshd[690]: Connection closed by 127.0.0.1 [preauth]
Apr 12 03:39:01 ovzhost CRON[791]: pam_env(cron:session): Unable to open env file: /etc/default/locale: No such file or directory
Apr 12 03:39:01 ovzhost CRON[791]: pam_unix(cron:session): session opened for user root by (uid=0)
Apr 12 03:39:01 ovzhost CRON[791]: pam_unix(cron:session): session closed for user root
Apr 12 03:40:01 ovzhost CRON[807]: pam_env(cron:session): Unable to open env file: /etc/default/locale: No such file or directory
Apr 12 03:40:01 ovzhost CRON[807]: pam_unix(cron:session): session opened for user smmsp by (uid=0)
Apr 12 03:40:01 ovzhost CRON[807]: pam_unix(cron:session): session closed for user smmsp
Apr 12 03:40:41 ovzhost sshd[834]: Connection closed by 128.8.37.120 [preauth]
Apr 12 03:40:50 ovzhost sshd[838]: Connection closed by 127.0.0.1 [preauth]
Apr 12 03:42:35 ovzhost sshd[847]: pam_unix(sshd:auth): authentication failure; logname= uid=0 euid=0 tty=ssh ruser= rhost=43.255.190.119  user=root
Apr 12 03:42:36 ovzhost sshd[847]: Failed password for root from 43.255.190.119 port 47522 ssh2
Apr 12 03:42:41 ovzhost sshd[847]: message repeated 2 times: [ Failed password for root from 43.255.190.119 port 47522 ssh2]
Apr 12 03:42:41 ovzhost sshd[847]: Received disconnect from 43.255.190.119: 11:  [preauth]
Apr 12 03:42:41 ovzhost sshd[847]: PAM 2 more authentication failures; logname= uid=0 euid=0 tty=ssh ruser= rhost=43.255.190.119  user=root
Apr 12 03:42:41 ovzhost sshd[849]: pam_unix(sshd:auth): authentication failure; logname= uid=0 euid=0 tty=ssh ruser= rhost=43.255.190.119  user=root
Apr 12 03:42:44 ovzhost sshd[849]: Failed password for root from 43.255.190.119 port 35656 ssh2
Apr 12 03:42:48 ovzhost sshd[849]: message repeated 2 times: [ Failed password for root from 43.255.190.119 port 35656 ssh2]
Apr 12 03:42:48 ovzhost sshd[849]: Received disconnect from 43.255.190.119: 11:  [preauth]
Apr 12 03:42:48 ovzhost sshd[849]: PAM 2 more authentication failures; logname= uid=0 euid=0 tty=ssh ruser= rhost=43.255.190.119  user=root
Apr 12 03:42:48 ovzhost sshd[851]: pam_unix(sshd:auth): authentication failure; logname= uid=0 euid=0 tty=ssh ruser= rhost=43.255.190.119  user=root
Apr 12 03:42:51 ovzhost sshd[851]: Failed password for root from 43.255.190.119 port 51774 ssh2
Apr 12 03:42:56 ovzhost sshd[851]: message repeated 2 times: [ Failed password for root from 43.255.190.119 port 51774 ssh2]
Apr 12 03:42:56 ovzhost sshd[851]: Received disconnect from 43.255.190.119: 11:  [preauth]
Apr 12 03:42:56 ovzhost sshd[851]: PAM 2 more authentication failures; logname= uid=0 euid=0 tty=ssh ruser= rhost=43.255.190.119  user=root
Apr 12 03:42:56 ovzhost sshd[853]: pam_unix(sshd:auth): authentication failure; logname= uid=0 euid=0 tty=ssh ruser= rhost=43.255.190.119  user=root
Apr 12 03:42:57 ovzhost sshd[853]: Failed password for root from 43.255.190.119 port 42168 ssh2
Apr 12 03:43:01 ovzhost sshd[853]: message repeated 2 times: [ Failed password for root from 43.255.190.119 port 42168 ssh2]
Apr 12 03:43:01 ovzhost sshd[853]: Received disconnect from 43.255.190.119: 11:  [preauth]
Apr 12 03:43:01 ovzhost sshd[853]: PAM 2 more authentication failures; logname= uid=0 euid=0 tty=ssh ruser= rhost=43.255.190.119  user=root
Apr 12 03:43:01 ovzhost sshd[855]: pam_unix(sshd:auth): authentication failure; logname= uid=0 euid=0 tty=ssh ruser= rhost=43.255.190.119  user=root
Apr 12 03:43:04 ovzhost sshd[855]: Failed password for root from 43.255.190.119 port 55529 ssh2
Apr 12 03:43:08 ovzhost sshd[855]: message repeated 2 times: [ Failed password for root from 43.255.190.119 port 55529 ssh2]
Apr 12 03:43:08 ovzhost sshd[855]: Received disconnect from 43.255.190.119: 11:  [preauth]
Apr 12 03:43:08 ovzhost sshd[855]: PAM 2 more authentication failures; logname= uid=0 euid=0 tty=ssh ruser= rhost=43.255.190.119  user=root
Apr 12 03:43:09 ovzhost sshd[858]: pam_unix(sshd:auth): authentication failure; logname= uid=0 euid=0 tty=ssh ruser= rhost=43.255.190.119  user=root
Apr 12 03:43:11 ovzhost sshd[858]: Failed password for root from 43.255.190.119 port 44396 ssh2
Apr 12 03:43:16 ovzhost sshd[858]: message repeated 2 times: [ Failed password for root from 43.255.190.119 port 44396 ssh2]
Apr 12 03:43:16 ovzhost sshd[858]: Received disconnect from 43.255.190.119: 11:  [preauth]
Apr 12 03:43:16 ovzhost sshd[858]: PAM 2 more authentication failures; logname= uid=0 euid=0 tty=ssh ruser= rhost=43.255.190.119  user=root
Apr 12 03:43:16 ovzhost sshd[862]: pam_unix(sshd:auth): authentication failure; logname= uid=0 euid=0 tty=ssh ruser= rhost=43.255.190.119  user=root
Apr 12 03:43:19 ovzhost sshd[862]: Failed password for root from 43.255.190.119 port 34496 ssh2
Apr 12 03:43:22 ovzhost sshd[862]: message repeated 2 times: [ Failed password for root from 43.255.190.119 port 34496 ssh2]
Apr 12 03:43:22 ovzhost sshd[862]: Received disconnect from 43.255.190.119: 11:  [preauth]
Apr 12 03:43:22 ovzhost sshd[862]: PAM 2 more authentication failures; logname= uid=0 euid=0 tty=ssh ruser= rhost=43.255.190.119  user=root
Apr 12 03:43:23 ovzhost sshd[864]: pam_unix(sshd:auth): authentication failure; logname= uid=0 euid=0 tty=ssh ruser= rhost=43.255.190.119  user=root
Apr 12 03:43:26 ovzhost sshd[864]: Failed password for root from 43.255.190.119 port 50680 ssh2
Apr 12 03:43:29 ovzhost sshd[864]: message repeated 2 times: [ Failed password for root from 43.255.190.119 port 50680 ssh2]
Apr 12 03:43:29 ovzhost sshd[864]: Received disconnect from 43.255.190.119: 11:  [preauth]
Apr 12 03:43:29 ovzhost sshd[864]: PAM 2 more authentication failures; logname= uid=0 euid=0 tty=ssh ruser= rhost=43.255.190.119  user=root
Apr 12 03:43:30 ovzhost sshd[866]: pam_unix(sshd:auth): authentication failure; logname= uid=0 euid=0 tty=ssh ruser= rhost=43.255.190.119  user=root
Apr 12 03:43:32 ovzhost sshd[866]: Failed password for root from 43.255.190.119 port 38809 ssh2
Apr 12 03:43:35 ovzhost sshd[866]: message repeated 2 times: [ Failed password for root from 43.255.190.119 port 38809 ssh2]
Apr 12 03:43:35 ovzhost sshd[866]: Received disconnect from 43.255.190.119: 11:  [preauth]
Apr 12 03:43:35 ovzhost sshd[866]: PAM 2 more authentication failures; logname= uid=0 euid=0 tty=ssh ruser= rhost=43.255.190.119  user=root
Apr 12 03:43:36 ovzhost sshd[868]: pam_unix(sshd:auth): authentication failure; logname= uid=0 euid=0 tty=ssh ruser= rhost=43.255.190.119  user=root
Apr 12 03:43:38 ovzhost sshd[868]: Failed password for root from 43.255.190.119 port 53622 ssh2
Apr 12 03:43:42 ovzhost sshd[868]: message repeated 2 times: [ Failed password for root from 43.255.190.119 port 53622 ssh2]
Apr 12 03:43:42 ovzhost sshd[868]: Received disconnect from 43.255.190.119: 11:  [preauth]
Apr 12 03:43:42 ovzhost sshd[868]: PAM 2 more authentication failures; logname= uid=0 euid=0 tty=ssh ruser= rhost=43.255.190.119  user=root
Apr 12 03:43:43 ovzhost sshd[870]: pam_unix(sshd:auth): authentication failure; logname= uid=0 euid=0 tty=ssh ruser= rhost=43.255.190.119  user=root
Apr 12 03:43:44 ovzhost sshd[870]: Failed password for root from 43.255.190.119 port 41035 ssh2
Apr 12 03:43:48 ovzhost sshd[870]: message repeated 2 times: [ Failed password for root from 43.255.190.119 port 41035 ssh2]
Apr 12 03:43:48 ovzhost sshd[870]: Received disconnect from 43.255.190.119: 11:  [preauth]
Apr 12 03:43:48 ovzhost sshd[870]: PAM 2 more authentication failures; logname= uid=0 euid=0 tty=ssh ruser= rhost=43.255.190.119  user=root
Apr 12 03:43:49 ovzhost sshd[872]: pam_unix(sshd:auth): authentication failure; logname= uid=0 euid=0 tty=ssh ruser= rhost=43.255.190.119  user=root
Apr 12 03:43:51 ovzhost sshd[872]: Failed password for root from 43.255.190.119 port 56144 ssh2
Apr 12 03:43:55 ovzhost sshd[872]: message repeated 2 times: [ Failed password for root from 43.255.190.119 port 56144 ssh2]
Apr 12 03:43:55 ovzhost sshd[872]: Received disconnect from 43.255.190.119: 11:  [preauth]
Apr 12 03:43:55 ovzhost sshd[872]: PAM 2 more authentication failures; logname= uid=0 euid=0 tty=ssh ruser= rhost=43.255.190.119  user=root
Apr 12 03:43:55 ovzhost sshd[874]: pam_unix(sshd:auth): authentication failure; logname= uid=0 euid=0 tty=ssh ruser= rhost=43.255.190.119  user=root
Apr 12 03:43:57 ovzhost sshd[874]: Failed password for root from 43.255.190.119 port 44120 ssh2
Apr 12 03:44:01 ovzhost sshd[874]: message repeated 2 times: [ Failed password for root from 43.255.190.119 port 44120 ssh2]
Apr 12 03:44:01 ovzhost sshd[874]: Received disconnect from 43.255.190.119: 11:  [preauth]
Apr 12 03:44:01 ovzhost sshd[874]: PAM 2 more authentication failures; logname= uid=0 euid=0 tty=ssh ruser= rhost=43.255.190.119  user=root
Apr 12 03:44:02 ovzhost sshd[876]: pam_unix(sshd:auth): authentication failure; logname= uid=0 euid=0 tty=ssh ruser= rhost=43.255.190.119  user=root
Apr 12 03:44:03 ovzhost sshd[876]: Failed password for root from 43.255.190.119 port 59753 ssh2
Apr 12 03:44:07 ovzhost sshd[876]: message repeated 2 times: [ Failed password for root from 43.255.190.119 port 59753 ssh2]
Apr 12 03:44:07 ovzhost sshd[876]: Received disconnect from 43.255.190.119: 11:  [preauth]
Apr 12 03:44:07 ovzhost sshd[876]: PAM 2 more authentication failures; logname= uid=0 euid=0 tty=ssh ruser= rhost=43.255.190.119  user=root
Apr 12 03:44:08 ovzhost sshd[878]: pam_unix(sshd:auth): authentication failure; logname= uid=0 euid=0 tty=ssh ruser= rhost=43.255.190.119  user=root
Apr 12 03:44:09 ovzhost sshd[878]: Failed password for root from 43.255.190.119 port 45226 ssh2
Apr 12 03:44:13 ovzhost sshd[878]: message repeated 2 times: [ Failed password for root from 43.255.190.119 port 45226 ssh2]
Apr 12 03:44:13 ovzhost sshd[878]: Received disconnect from 43.255.190.119: 11:  [preauth]
Apr 12 03:44:13 ovzhost sshd[878]: PAM 2 more authentication failures; logname= uid=0 euid=0 tty=ssh ruser= rhost=43.255.190.119  user=root
Apr 12 03:44:13 ovzhost sshd[882]: pam_unix(sshd:auth): authentication failure; logname= uid=0 euid=0 tty=ssh ruser= rhost=43.255.190.119  user=root
Apr 12 03:44:16 ovzhost sshd[882]: Failed password for root from 43.255.190.119 port 58530 ssh2
Apr 12 03:44:20 ovzhost sshd[882]: message repeated 2 times: [ Failed password for root from 43.255.190.119 port 58530 ssh2]
Apr 12 03:44:20 ovzhost sshd[882]: Received disconnect from 43.255.190.119: 11:  [preauth]
Apr 12 03:44:20 ovzhost sshd[882]: PAM 2 more authentication failures; logname= uid=0 euid=0 tty=ssh ruser= rhost=43.255.190.119  user=root
Apr 12 03:44:20 ovzhost sshd[884]: pam_unix(sshd:auth): authentication failure; logname= uid=0 euid=0 tty=ssh ruser= rhost=43.255.190.119  user=root
Apr 12 03:44:21 ovzhost sshd[884]: Failed password for root from 43.255.190.119 port 46595 ssh2
Apr 12 03:44:25 ovzhost sshd[884]: message repeated 2 times: [ Failed password for root from 43.255.190.119 port 46595 ssh2]
Apr 12 03:44:25 ovzhost sshd[884]: Received disconnect from 43.255.190.119: 11:  [preauth]
Apr 12 03:44:25 ovzhost sshd[884]: PAM 2 more authentication failures; logname= uid=0 euid=0 tty=ssh ruser= rhost=43.255.190.119  user=root
Apr 12 03:44:26 ovzhost sshd[886]: pam_unix(sshd:auth): authentication failure; logname= uid=0 euid=0 tty=ssh ruser= rhost=43.255.190.119  user=root
Apr 12 03:44:27 ovzhost sshd[886]: Failed password for root from 43.255.190.119 port 59306 ssh2
Apr 12 03:44:31 ovzhost sshd[886]: message repeated 2 times: [ Failed password for root from 43.255.190.119 port 59306 ssh2]
Apr 12 03:44:31 ovzhost sshd[886]: Received disconnect from 43.255.190.119: 11:  [preauth]
Apr 12 03:44:31 ovzhost sshd[886]: PAM 2 more authentication failures; logname= uid=0 euid=0 tty=ssh ruser= rhost=43.255.190.119  user=root
Apr 12 03:44:31 ovzhost sshd[888]: pam_unix(sshd:auth): authentication failure; logname= uid=0 euid=0 tty=ssh ruser= rhost=43.255.190.119  user=root
Apr 12 03:44:33 ovzhost sshd[888]: Failed password for root from 43.255.190.119 port 44951 ssh2
Apr 12 03:44:38 ovzhost sshd[888]: message repeated 2 times: [ Failed password for root from 43.255.190.119 port 44951 ssh2]
Apr 12 03:44:38 ovzhost sshd[888]: Received disconnect from 43.255.190.119: 11:  [preauth]
Apr 12 03:44:38 ovzhost sshd[888]: PAM 2 more authentication failures; logname= uid=0 euid=0 tty=ssh ruser= rhost=43.255.190.119  user=root
Apr 12 03:44:39 ovzhost sshd[890]: pam_unix(sshd:auth): authentication failure; logname= uid=0 euid=0 tty=ssh ruser= rhost=43.255.190.119  user=root
Apr 12 03:44:40 ovzhost sshd[890]: Failed password for root from 43.255.190.119 port 33311 ssh2
Apr 12 03:44:44 ovzhost sshd[890]: message repeated 2 times: [ Failed password for root from 43.255.190.119 port 33311 ssh2]
Apr 12 03:44:44 ovzhost sshd[890]: Received disconnect from 43.255.190.119: 11:  [preauth]
Apr 12 03:44:44 ovzhost sshd[890]: PAM 2 more authentication failures; logname= uid=0 euid=0 tty=ssh ruser= rhost=43.255.190.119  user=root
Apr 12 03:44:44 ovzhost sshd[892]: pam_unix(sshd:auth): authentication failure; logname= uid=0 euid=0 tty=ssh ruser= rhost=43.255.190.119  user=root
Apr 12 03:44:45 ovzhost sshd[892]: Failed password for root from 43.255.190.119 port 46598 ssh2
Apr 12 03:44:50 ovzhost sshd[892]: message repeated 2 times: [ Failed password for root from 43.255.190.119 port 46598 ssh2]
Apr 12 03:44:50 ovzhost sshd[892]: Received disconnect from 43.255.190.119: 11:  [preauth]
Apr 12 03:44:50 ovzhost sshd[892]: PAM 2 more authentication failures; logname= uid=0 euid=0 tty=ssh ruser= rhost=43.255.190.119  user=root
Apr 12 03:44:51 ovzhost sshd[894]: pam_unix(sshd:auth): authentication failure; logname= uid=0 euid=0 tty=ssh ruser= rhost=43.255.190.119  user=root
Apr 12 03:44:52 ovzhost sshd[894]: Failed password for root from 43.255.190.119 port 32803 ssh2
Apr 12 03:44:56 ovzhost sshd[894]: message repeated 2 times: [ Failed password for root from 43.255.190.119 port 32803 ssh2]
Apr 12 03:44:56 ovzhost sshd[894]: Received disconnect from 43.255.190.119: 11:  [preauth]
Apr 12 03:44:56 ovzhost sshd[894]: PAM 2 more authentication failures; logname= uid=0 euid=0 tty=ssh ruser= rhost=43.255.190.119  user=root
Apr 12 03:44:56 ovzhost sshd[898]: pam_unix(sshd:auth): authentication failure; logname= uid=0 euid=0 tty=ssh ruser= rhost=43.255.190.119  user=root
Apr 12 03:44:57 ovzhost sshd[898]: Failed password for root from 43.255.190.119 port 46773 ssh2
Apr 12 03:45:01 ovzhost sshd[898]: message repeated 2 times: [ Failed password for root from 43.255.190.119 port 46773 ssh2]
Apr 12 03:45:01 ovzhost sshd[898]: Received disconnect from 43.255.190.119: 11:  [preauth]
Apr 12 03:45:01 ovzhost sshd[898]: PAM 2 more authentication failures; logname= uid=0 euid=0 tty=ssh ruser= rhost=43.255.190.119  user=root
Apr 12 03:45:02 ovzhost sshd[900]: pam_unix(sshd:auth): authentication failure; logname= uid=0 euid=0 tty=ssh ruser= rhost=43.255.190.119  user=root
Apr 12 03:45:03 ovzhost sshd[900]: Failed password for root from 43.255.190.119 port 60068 ssh2
Apr 12 03:45:06 ovzhost sshd[900]: message repeated 2 times: [ Failed password for root from 43.255.190.119 port 60068 ssh2]
Apr 12 03:45:06 ovzhost sshd[900]: Received disconnect from 43.255.190.119: 11:  [preauth]
Apr 12 03:45:06 ovzhost sshd[900]: PAM 2 more authentication failures; logname= uid=0 euid=0 tty=ssh ruser= rhost=43.255.190.119  user=root
Apr 12 03:45:07 ovzhost sshd[902]: pam_unix(sshd:auth): authentication failure; logname= uid=0 euid=0 tty=ssh ruser= rhost=43.255.190.119  user=root
Apr 12 03:45:09 ovzhost sshd[902]: Failed password for root from 43.255.190.119 port 43359 ssh2
Apr 12 03:45:13 ovzhost sshd[902]: message repeated 2 times: [ Failed password for root from 43.255.190.119 port 43359 ssh2]
Apr 12 03:45:13 ovzhost sshd[902]: Received disconnect from 43.255.190.119: 11:  [preauth]
Apr 12 03:45:13 ovzhost sshd[902]: PAM 2 more authentication failures; logname= uid=0 euid=0 tty=ssh ruser= rhost=43.255.190.119  user=root
Apr 12 03:45:14 ovzhost sshd[905]: pam_unix(sshd:auth): authentication failure; logname= uid=0 euid=0 tty=ssh ruser= rhost=43.255.190.119  user=root
Apr 12 03:45:16 ovzhost sshd[905]: Failed password for root from 43.255.190.119 port 58979 ssh2
Apr 12 03:45:16 ovzhost sshd[907]: pam_unix(sshd:auth): authentication failure; logname= uid=0 euid=0 tty=ssh ruser= rhost=58.218.201.19  user=root
Apr 12 03:45:18 ovzhost sshd[907]: Failed password for root from 58.218.201.19 port 33686 ssh2
Apr 12 03:45:19 ovzhost sshd[905]: message repeated 2 times: [ Failed password for root from 43.255.190.119 port 58979 ssh2]
Apr 12 03:45:19 ovzhost sshd[905]: Received disconnect from 43.255.190.119: 11:  [preauth]
Apr 12 03:45:19 ovzhost sshd[905]: PAM 2 more authentication failures; logname= uid=0 euid=0 tty=ssh ruser= rhost=43.255.190.119  user=root
Apr 12 03:45:20 ovzhost sshd[909]: pam_unix(sshd:auth): authentication failure; logname= uid=0 euid=0 tty=ssh ruser= rhost=43.255.190.119  user=root
Apr 12 03:45:22 ovzhost sshd[909]: Failed password for root from 43.255.190.119 port 45566 ssh2
Apr 12 03:45:22 ovzhost sshd[907]: message repeated 2 times: [ Failed password for root from 58.218.201.19 port 33686 ssh2]
Apr 12 03:45:22 ovzhost sshd[907]: Received disconnect from 58.218.201.19: 11:  [preauth]
Apr 12 03:45:22 ovzhost sshd[907]: PAM 2 more authentication failures; logname= uid=0 euid=0 tty=ssh ruser= rhost=58.218.201.19  user=root
Apr 12 03:45:24 ovzhost sshd[911]: pam_unix(sshd:auth): authentication failure; logname= uid=0 euid=0 tty=ssh ruser= rhost=58.218.201.19  user=root
Apr 12 03:45:25 ovzhost sshd[909]: message repeated 2 times: [ Failed password for root from 43.255.190.119 port 45566 ssh2]
Apr 12 03:45:26 ovzhost sshd[909]: Received disconnect from 43.255.190.119: 11:  [preauth]
Apr 12 03:45:26 ovzhost sshd[909]: PAM 2 more authentication failures; logname= uid=0 euid=0 tty=ssh ruser= rhost=43.255.190.119  user=root
Apr 12 03:45:26 ovzhost sshd[911]: Failed password for root from 58.218.201.19 port 40460 ssh2
Apr 12 03:45:26 ovzhost sshd[913]: pam_unix(sshd:auth): authentication failure; logname= uid=0 euid=0 tty=ssh ruser= rhost=43.255.190.119  user=root
Apr 12 03:45:28 ovzhost sshd[913]: Failed password for root from 43.255.190.119 port 59321 ssh2
Apr 12 03:45:30 ovzhost sshd[911]: message repeated 2 times: [ Failed password for root from 58.218.201.19 port 40460 ssh2]
Apr 12 03:45:30 ovzhost sshd[911]: Received disconnect from 58.218.201.19: 11:  [preauth]
Apr 12 03:45:30 ovzhost sshd[911]: PAM 2 more authentication failures; logname= uid=0 euid=0 tty=ssh ruser= rhost=58.218.201.19  user=root
Apr 12 03:45:32 ovzhost sshd[913]: message repeated 2 times: [ Failed password for root from 43.255.190.119 port 59321 ssh2]
Apr 12 03:45:32 ovzhost sshd[913]: Received disconnect from 43.255.190.119: 11:  [preauth]
Apr 12 03:45:32 ovzhost sshd[913]: PAM 2 more authentication failures; logname= uid=0 euid=0 tty=ssh ruser= rhost=43.255.190.119  user=root
Apr 12 03:45:33 ovzhost sshd[917]: pam_unix(sshd:auth): authentication failure; logname= uid=0 euid=0 tty=ssh ruser= rhost=43.255.190.119  user=root
Apr 12 03:45:34 ovzhost sshd[917]: Failed password for root from 43.255.190.119 port 45949 ssh2
Apr 12 03:45:37 ovzhost sshd[915]: pam_unix(sshd:auth): authentication failure; logname= uid=0 euid=0 tty=ssh ruser= rhost=58.218.201.19  user=root
Apr 12 03:45:38 ovzhost sshd[917]: message repeated 2 times: [ Failed password for root from 43.255.190.119 port 45949 ssh2]
Apr 12 03:45:38 ovzhost sshd[917]: Received disconnect from 43.255.190.119: 11:  [preauth]
Apr 12 03:45:38 ovzhost sshd[917]: PAM 2 more authentication failures; logname= uid=0 euid=0 tty=ssh ruser= rhost=43.255.190.119  user=root
Apr 12 03:45:39 ovzhost sshd[919]: pam_unix(sshd:auth): authentication failure; logname= uid=0 euid=0 tty=ssh ruser= rhost=43.255.190.119  user=root
Apr 12 03:45:39 ovzhost sshd[915]: Failed password for root from 58.218.201.19 port 45473 ssh2
Apr 12 03:45:40 ovzhost sshd[919]: Failed password for root from 43.255.190.119 port 59503 ssh2
Apr 12 03:45:44 ovzhost sshd[919]: message repeated 2 times: [ Failed password for root from 43.255.190.119 port 59503 ssh2]
Apr 12 03:45:44 ovzhost sshd[919]: Received disconnect from 43.255.190.119: 11:  [preauth]
Apr 12 03:45:44 ovzhost sshd[919]: PAM 2 more authentication failures; logname= uid=0 euid=0 tty=ssh ruser= rhost=43.255.190.119  user=root
Apr 12 03:45:44 ovzhost sshd[915]: message repeated 2 times: [ Failed password for root from 58.218.201.19 port 45473 ssh2]
Apr 12 03:45:45 ovzhost sshd[915]: Received disconnect from 58.218.201.19: 11:  [preauth]
Apr 12 03:45:45 ovzhost sshd[915]: PAM 2 more authentication failures; logname= uid=0 euid=0 tty=ssh ruser= rhost=58.218.201.19  user=root
Apr 12 03:45:45 ovzhost sshd[921]: pam_unix(sshd:auth): authentication failure; logname= uid=0 euid=0 tty=ssh ruser= rhost=43.255.190.119  user=root
Apr 12 03:45:46 ovzhost sshd[921]: Failed password for root from 43.255.190.119 port 45005 ssh2
Apr 12 03:45:48 ovzhost sshd[923]: pam_unix(sshd:auth): authentication failure; logname= uid=0 euid=0 tty=ssh ruser= rhost=58.218.201.19  user=root
Apr 12 03:45:50 ovzhost sshd[923]: Failed password for root from 58.218.201.19 port 55052 ssh2
Apr 12 03:45:50 ovzhost sshd[927]: Connection closed by 127.0.0.1 [preauth]
Apr 12 03:45:50 ovzhost sshd[921]: message repeated 2 times: [ Failed password for root from 43.255.190.119 port 45005 ssh2]
Apr 12 03:45:50 ovzhost sshd[921]: Received disconnect from 43.255.190.119: 11:  [preauth]
Apr 12 03:45:50 ovzhost sshd[921]: PAM 2 more authentication failures; logname= uid=0 euid=0 tty=ssh ruser= rhost=43.255.190.119  user=root
Apr 12 03:45:51 ovzhost sshd[929]: pam_unix(sshd:auth): authentication failure; logname= uid=0 euid=0 tty=ssh ruser= rhost=43.255.190.119  user=root
Apr 12 03:45:52 ovzhost sshd[929]: Failed password for root from 43.255.190.119 port 59288 ssh2
Apr 12 03:45:54 ovzhost sshd[923]: message repeated 2 times: [ Failed password for root from 58.218.201.19 port 55052 ssh2]
Apr 12 03:45:54 ovzhost sshd[923]: Received disconnect from 58.218.201.19: 11:  [preauth]
Apr 12 03:45:54 ovzhost sshd[923]: PAM 2 more authentication failures; logname= uid=0 euid=0 tty=ssh ruser= rhost=58.218.201.19  user=root
Apr 12 03:45:56 ovzhost sshd[931]: pam_unix(sshd:auth): authentication failure; logname= uid=0 euid=0 tty=ssh ruser= rhost=58.218.201.19  user=root
Apr 12 03:45:57 ovzhost sshd[929]: message repeated 2 times: [ Failed password for root from 43.255.190.119 port 59288 ssh2]
Apr 12 03:45:57 ovzhost sshd[929]: Received disconnect from 43.255.190.119: 11:  [preauth]
Apr 12 03:45:57 ovzhost sshd[929]: PAM 2 more authentication failures; logname= uid=0 euid=0 tty=ssh ruser= rhost=43.255.190.119  user=root
Apr 12 03:45:57 ovzhost sshd[933]: pam_unix(sshd:auth): authentication failure; logname= uid=0 euid=0 tty=ssh ruser= rhost=43.255.190.119  user=root
Apr 12 03:45:58 ovzhost sshd[931]: Failed password for root from 58.218.201.19 port 33042 ssh2
Apr 12 03:45:59 ovzhost sshd[933]: Failed password for root from 43.255.190.119 port 45228 ssh2
Apr 12 03:46:02 ovzhost sshd[931]: message repeated 2 times: [ Failed password for root from 58.218.201.19 port 33042 ssh2]
Apr 12 03:46:02 ovzhost sshd[931]: Received disconnect from 58.218.201.19: 11:  [preauth]
Apr 12 03:46:02 ovzhost sshd[931]: PAM 2 more authentication failures; logname= uid=0 euid=0 tty=ssh ruser= rhost=58.218.201.19  user=root
Apr 12 03:46:03 ovzhost sshd[933]: message repeated 2 times: [ Failed password for root from 43.255.190.119 port 45228 ssh2]
Apr 12 03:46:03 ovzhost sshd[933]: Received disconnect from 43.255.190.119: 11:  [preauth]
Apr 12 03:46:03 ovzhost sshd[933]: PAM 2 more authentication failures; logname= uid=0 euid=0 tty=ssh ruser= rhost=43.255.190.119  user=root
Apr 12 03:46:04 ovzhost sshd[939]: pam_unix(sshd:auth): authentication failure; logname= uid=0 euid=0 tty=ssh ruser= rhost=43.255.190.119  user=root
Apr 12 03:46:05 ovzhost sshd[937]: pam_unix(sshd:auth): authentication failure; logname= uid=0 euid=0 tty=ssh ruser= rhost=58.218.201.19  user=root
Apr 12 03:46:05 ovzhost sshd[939]: Failed password for root from 43.255.190.119 port 59706 ssh2
Apr 12 03:46:07 ovzhost sshd[937]: Failed password for root from 58.218.201.19 port 38561 ssh2
Apr 12 03:46:10 ovzhost sshd[939]: message repeated 2 times: [ Failed password for root from 43.255.190.119 port 59706 ssh2]
Apr 12 03:46:10 ovzhost sshd[939]: Received disconnect from 43.255.190.119: 11:  [preauth]
Apr 12 03:46:10 ovzhost sshd[939]: PAM 2 more authentication failures; logname= uid=0 euid=0 tty=ssh ruser= rhost=43.255.190.119  user=root
Apr 12 03:46:10 ovzhost sshd[941]: pam_unix(sshd:auth): authentication failure; logname= uid=0 euid=0 tty=ssh ruser= rhost=43.255.190.119  user=root
Apr 12 03:46:12 ovzhost sshd[941]: Failed password for root from 43.255.190.119 port 46591 ssh2
Apr 12 03:46:12 ovzhost sshd[937]: message repeated 2 times: [ Failed password for root from 58.218.201.19 port 38561 ssh2]
Apr 12 03:46:12 ovzhost sshd[937]: Received disconnect from 58.218.201.19: 11:  [preauth]
Apr 12 03:46:12 ovzhost sshd[937]: PAM 2 more authentication failures; logname= uid=0 euid=0 tty=ssh ruser= rhost=58.218.201.19  user=root
Apr 12 03:46:15 ovzhost sshd[943]: pam_unix(sshd:auth): authentication failure; logname= uid=0 euid=0 tty=ssh ruser= rhost=58.218.201.19  user=root
Apr 12 03:46:16 ovzhost sshd[941]: message repeated 2 times: [ Failed password for root from 43.255.190.119 port 46591 ssh2]
Apr 12 03:46:16 ovzhost sshd[941]: Received disconnect from 43.255.190.119: 11:  [preauth]
Apr 12 03:46:16 ovzhost sshd[941]: PAM 2 more authentication failures; logname= uid=0 euid=0 tty=ssh ruser= rhost=43.255.190.119  user=root
Apr 12 03:46:16 ovzhost sshd[945]: pam_unix(sshd:auth): authentication failure; logname= uid=0 euid=0 tty=ssh ruser= rhost=43.255.190.119  user=root
Apr 12 03:46:17 ovzhost sshd[943]: Failed password for root from 58.218.201.19 port 45206 ssh2
Apr 12 03:46:18 ovzhost sshd[945]: Failed password for root from 43.255.190.119 port 32773 ssh2
Apr 12 03:46:22 ovzhost sshd[945]: message repeated 2 times: [ Failed password for root from 43.255.190.119 port 32773 ssh2]
Apr 12 03:46:22 ovzhost sshd[945]: Received disconnect from 43.255.190.119: 11:  [preauth]
Apr 12 03:46:22 ovzhost sshd[945]: PAM 2 more authentication failures; logname= uid=0 euid=0 tty=ssh ruser= rhost=43.255.190.119  user=root
Apr 12 03:46:23 ovzhost sshd[947]: pam_unix(sshd:auth): authentication failure; logname= uid=0 euid=0 tty=ssh ruser= rhost=43.255.190.119  user=root
Apr 12 03:46:22 ovzhost sshd[943]: message repeated 2 times: [ Failed password for root from 58.218.201.19 port 45206 ssh2]
Apr 12 03:46:23 ovzhost sshd[943]: Received disconnect from 58.218.201.19: 11:  [preauth]
Apr 12 03:46:23 ovzhost sshd[943]: PAM 2 more authentication failures; logname= uid=0 euid=0 tty=ssh ruser= rhost=58.218.201.19  user=root
Apr 12 03:46:25 ovzhost sshd[947]: Failed password for root from 43.255.190.119 port 47177 ssh2
Apr 12 03:46:30 ovzhost sshd[947]: message repeated 2 times: [ Failed password for root from 43.255.190.119 port 47177 ssh2]
Apr 12 03:46:30 ovzhost sshd[947]: Received disconnect from 43.255.190.119: 11:  [preauth]
Apr 12 03:46:30 ovzhost sshd[947]: PAM 2 more authentication failures; logname= uid=0 euid=0 tty=ssh ruser= rhost=43.255.190.119  user=root
Apr 12 03:46:30 ovzhost sshd[951]: pam_unix(sshd:auth): authentication failure; logname= uid=0 euid=0 tty=ssh ruser= rhost=43.255.190.119  user=root
Apr 12 03:46:32 ovzhost sshd[951]: Failed password for root from 43.255.190.119 port 34920 ssh2
Apr 12 03:46:35 ovzhost sshd[949]: Received disconnect from 58.218.201.19: 11:  [preauth]
Apr 12 03:46:36 ovzhost sshd[951]: message repeated 2 times: [ Failed password for root from 43.255.190.119 port 34920 ssh2]
Apr 12 03:46:36 ovzhost sshd[951]: Received disconnect from 43.255.190.119: 11:  [preauth]
Apr 12 03:46:36 ovzhost sshd[951]: PAM 2 more authentication failures; logname= uid=0 euid=0 tty=ssh ruser= rhost=43.255.190.119  user=root
Apr 12 03:46:37 ovzhost sshd[955]: pam_unix(sshd:auth): authentication failure; logname= uid=0 euid=0 tty=ssh ruser= rhost=43.255.190.119  user=root
Apr 12 03:46:39 ovzhost sshd[955]: Failed password for root from 43.255.190.119 port 49461 ssh2
Apr 12 03:46:43 ovzhost sshd[957]: pam_unix(sshd:auth): authentication failure; logname= uid=0 euid=0 tty=ssh ruser= rhost=58.218.201.19  user=root
Apr 12 03:46:43 ovzhost sshd[955]: message repeated 2 times: [ Failed password for root from 43.255.190.119 port 49461 ssh2]
Apr 12 03:46:43 ovzhost sshd[955]: Received disconnect from 43.255.190.119: 11:  [preauth]
Apr 12 03:46:43 ovzhost sshd[955]: PAM 2 more authentication failures; logname= uid=0 euid=0 tty=ssh ruser= rhost=43.255.190.119  user=root
Apr 12 03:46:44 ovzhost sshd[959]: pam_unix(sshd:auth): authentication failure; logname= uid=0 euid=0 tty=ssh ruser= rhost=43.255.190.119  user=root
Apr 12 03:46:45 ovzhost sshd[957]: Failed password for root from 58.218.201.19 port 60249 ssh2
Apr 12 03:46:46 ovzhost sshd[959]: Failed password for root from 43.255.190.119 port 36788 ssh2
Apr 12 03:46:50 ovzhost sshd[959]: message repeated 2 times: [ Failed password for root from 43.255.190.119 port 36788 ssh2]
Apr 12 03:46:50 ovzhost sshd[959]: Received disconnect from 43.255.190.119: 11:  [preauth]
Apr 12 03:46:50 ovzhost sshd[959]: PAM 2 more authentication failures; logname= uid=0 euid=0 tty=ssh ruser= rhost=43.255.190.119  user=root
Apr 12 03:46:50 ovzhost sshd[957]: message repeated 2 times: [ Failed password for root from 58.218.201.19 port 60249 ssh2]
Apr 12 03:46:51 ovzhost sshd[957]: Received disconnect from 58.218.201.19: 11:  [preauth]
Apr 12 03:46:51 ovzhost sshd[957]: PAM 2 more authentication failures; logname= uid=0 euid=0 tty=ssh ruser= rhost=58.218.201.19  user=root
Apr 12 03:46:51 ovzhost sshd[961]: pam_unix(sshd:auth): authentication failure; logname= uid=0 euid=0 tty=ssh ruser= rhost=43.255.190.119  user=root
Apr 12 03:46:53 ovzhost sshd[961]: Failed password for root from 43.255.190.119 port 51624 ssh2
Apr 12 03:46:57 ovzhost sshd[961]: message repeated 2 times: [ Failed password for root from 43.255.190.119 port 51624 ssh2]
Apr 12 03:46:57 ovzhost sshd[961]: Received disconnect from 43.255.190.119: 11:  [preauth]
Apr 12 03:46:57 ovzhost sshd[961]: PAM 2 more authentication failures; logname= uid=0 euid=0 tty=ssh ruser= rhost=43.255.190.119  user=root
Apr 12 03:46:58 ovzhost sshd[965]: pam_unix(sshd:auth): authentication failure; logname= uid=0 euid=0 tty=ssh ruser= rhost=43.255.190.119  user=root
Apr 12 03:47:00 ovzhost sshd[965]: Failed password for root from 43.255.190.119 port 39284 ssh2
Apr 12 03:47:02 ovzhost sshd[963]: pam_unix(sshd:auth): authentication failure; logname= uid=0 euid=0 tty=ssh ruser= rhost=58.218.201.19  user=root
Apr 12 03:47:04 ovzhost sshd[963]: Failed password for root from 58.218.201.19 port 43070 ssh2
Apr 12 03:47:04 ovzhost sshd[965]: message repeated 2 times: [ Failed password for root from 43.255.190.119 port 39284 ssh2]
Apr 12 03:47:04 ovzhost sshd[965]: Received disconnect from 43.255.190.119: 11:  [preauth]
Apr 12 03:47:04 ovzhost sshd[965]: PAM 2 more authentication failures; logname= uid=0 euid=0 tty=ssh ruser= rhost=43.255.190.119  user=root
Apr 12 03:47:05 ovzhost sshd[967]: pam_unix(sshd:auth): authentication failure; logname= uid=0 euid=0 tty=ssh ruser= rhost=43.255.190.119  user=root
Apr 12 03:47:07 ovzhost sshd[967]: Failed password for root from 43.255.190.119 port 54546 ssh2
Apr 12 03:47:10 ovzhost sshd[963]: message repeated 2 times: [ Failed password for root from 58.218.201.19 port 43070 ssh2]
Apr 12 03:47:10 ovzhost sshd[963]: Received disconnect from 58.218.201.19: 11:  [preauth]
Apr 12 03:47:10 ovzhost sshd[963]: PAM 2 more authentication failures; logname= uid=0 euid=0 tty=ssh ruser= rhost=58.218.201.19  user=root
Apr 12 03:47:11 ovzhost sshd[967]: message repeated 2 times: [ Failed password for root from 43.255.190.119 port 54546 ssh2]
Apr 12 03:47:11 ovzhost sshd[967]: Received disconnect from 43.255.190.119: 11:  [preauth]
Apr 12 03:47:11 ovzhost sshd[967]: PAM 2 more authentication failures; logname= uid=0 euid=0 tty=ssh ruser= rhost=43.255.190.119  user=root
Apr 12 03:47:12 ovzhost sshd[972]: pam_unix(sshd:auth): authentication failure; logname= uid=0 euid=0 tty=ssh ruser= rhost=43.255.190.119  user=root
Apr 12 03:47:14 ovzhost sshd[972]: Failed password for root from 43.255.190.119 port 41199 ssh2
Apr 12 03:47:16 ovzhost sshd[970]: pam_unix(sshd:auth): authentication failure; logname= uid=0 euid=0 tty=ssh ruser= rhost=58.218.201.19  user=root
Apr 12 03:47:18 ovzhost sshd[970]: Failed password for root from 58.218.201.19 port 53922 ssh2
Apr 12 03:47:18 ovzhost sshd[972]: message repeated 2 times: [ Failed password for root from 43.255.190.119 port 41199 ssh2]
Apr 12 03:47:18 ovzhost sshd[972]: Received disconnect from 43.255.190.119: 11:  [preauth]
Apr 12 03:47:18 ovzhost sshd[972]: PAM 2 more authentication failures; logname= uid=0 euid=0 tty=ssh ruser= rhost=43.255.190.119  user=root
Apr 12 03:47:19 ovzhost sshd[976]: pam_unix(sshd:auth): authentication failure; logname= uid=0 euid=0 tty=ssh ruser= rhost=43.255.190.119  user=root
Apr 12 03:47:21 ovzhost sshd[976]: Failed password for root from 43.255.190.119 port 56254 ssh2
Apr 12 03:47:26 ovzhost sshd[976]: message repeated 2 times: [ Failed password for root from 43.255.190.119 port 56254 ssh2]
Apr 12 03:47:26 ovzhost sshd[976]: Received disconnect from 43.255.190.119: 11:  [preauth]
Apr 12 03:47:26 ovzhost sshd[976]: PAM 2 more authentication failures; logname= uid=0 euid=0 tty=ssh ruser= rhost=43.255.190.119  user=root
Apr 12 03:47:26 ovzhost sshd[978]: pam_unix(sshd:auth): authentication failure; logname= uid=0 euid=0 tty=ssh ruser= rhost=43.255.190.119  user=root
Apr 12 03:47:20 ovzhost sshd[970]: Failed password for root from 58.218.201.19 port 53922 ssh2
Apr 12 03:47:28 ovzhost sshd[970]: Received disconnect from 58.218.201.19: 11:  [preauth]
Apr 12 03:47:28 ovzhost sshd[970]: PAM 1 more authentication failure; logname= uid=0 euid=0 tty=ssh ruser= rhost=58.218.201.19  user=root
Apr 12 03:47:28 ovzhost sshd[978]: Failed password for root from 43.255.190.119 port 44270 ssh2
Apr 12 03:47:32 ovzhost sshd[978]: message repeated 2 times: [ Failed password for root from 43.255.190.119 port 44270 ssh2]
Apr 12 03:47:33 ovzhost sshd[978]: Received disconnect from 43.255.190.119: 11:  [preauth]
Apr 12 03:47:33 ovzhost sshd[978]: PAM 2 more authentication failures; logname= uid=0 euid=0 tty=ssh ruser= rhost=43.255.190.119  user=root
Apr 12 03:47:33 ovzhost sshd[982]: pam_unix(sshd:auth): authentication failure; logname= uid=0 euid=0 tty=ssh ruser= rhost=43.255.190.119  user=root
Apr 12 03:47:35 ovzhost sshd[982]: Failed password for root from 43.255.190.119 port 59422 ssh2
Apr 12 03:47:36 ovzhost sshd[980]: pam_unix(sshd:auth): authentication failure; logname= uid=0 euid=0 tty=ssh ruser= rhost=58.218.201.19  user=root
Apr 12 03:47:38 ovzhost sshd[980]: Failed password for root from 58.218.201.19 port 36428 ssh2
Apr 12 03:47:40 ovzhost sshd[982]: message repeated 2 times: [ Failed password for root from 43.255.190.119 port 59422 ssh2]
Apr 12 03:47:40 ovzhost sshd[982]: Received disconnect from 43.255.190.119: 11:  [preauth]
Apr 12 03:47:40 ovzhost sshd[982]: PAM 2 more authentication failures; logname= uid=0 euid=0 tty=ssh ruser= rhost=43.255.190.119  user=root
Apr 12 03:47:40 ovzhost sshd[985]: pam_unix(sshd:auth): authentication failure; logname= uid=0 euid=0 tty=ssh ruser= rhost=43.255.190.119  user=root
Apr 12 03:47:43 ovzhost sshd[985]: Failed password for root from 43.255.190.119 port 46785 ssh2
Apr 12 03:47:43 ovzhost sshd[980]: message repeated 2 times: [ Failed password for root from 58.218.201.19 port 36428 ssh2]
Apr 12 03:47:43 ovzhost sshd[980]: Received disconnect from 58.218.201.19: 11:  [preauth]
Apr 12 03:47:43 ovzhost sshd[980]: PAM 2 more authentication failures; logname= uid=0 euid=0 tty=ssh ruser= rhost=58.218.201.19  user=root
Apr 12 03:47:47 ovzhost sshd[985]: message repeated 2 times: [ Failed password for root from 43.255.190.119 port 46785 ssh2]
Apr 12 03:47:47 ovzhost sshd[985]: Received disconnect from 43.255.190.119: 11:  [preauth]
Apr 12 03:47:47 ovzhost sshd[985]: PAM 2 more authentication failures; logname= uid=0 euid=0 tty=ssh ruser= rhost=43.255.190.119  user=root
Apr 12 03:47:48 ovzhost sshd[989]: pam_unix(sshd:auth): authentication failure; logname= uid=0 euid=0 tty=ssh ruser= rhost=43.255.190.119  user=root
Apr 12 03:47:48 ovzhost sshd[987]: pam_unix(sshd:auth): authentication failure; logname= uid=0 euid=0 tty=ssh ruser= rhost=58.218.201.19  user=root
Apr 12 03:47:50 ovzhost sshd[989]: Failed password for root from 43.255.190.119 port 34239 ssh2
Apr 12 03:47:50 ovzhost sshd[987]: Failed password for root from 58.218.201.19 port 44742 ssh2
Apr 12 03:47:54 ovzhost sshd[989]: message repeated 2 times: [ Failed password for root from 43.255.190.119 port 34239 ssh2]
Apr 12 03:47:54 ovzhost sshd[989]: Received disconnect from 43.255.190.119: 11:  [preauth]
Apr 12 03:47:54 ovzhost sshd[989]: PAM 2 more authentication failures; logname= uid=0 euid=0 tty=ssh ruser= rhost=43.255.190.119  user=root
Apr 12 03:47:55 ovzhost sshd[991]: pam_unix(sshd:auth): authentication failure; logname= uid=0 euid=0 tty=ssh ruser= rhost=43.255.190.119  user=root
Apr 12 03:47:55 ovzhost sshd[987]: message repeated 2 times: [ Failed password for root from 58.218.201.19 port 44742 ssh2]
Apr 12 03:47:56 ovzhost sshd[987]: Received disconnect from 58.218.201.19: 11:  [preauth]
Apr 12 03:47:56 ovzhost sshd[987]: PAM 2 more authentication failures; logname= uid=0 euid=0 tty=ssh ruser= rhost=58.218.201.19  user=root
Apr 12 03:47:57 ovzhost sshd[991]: Failed password for root from 43.255.190.119 port 48468 ssh2
Apr 12 03:48:01 ovzhost sshd[991]: message repeated 2 times: [ Failed password for root from 43.255.190.119 port 48468 ssh2]
Apr 12 03:48:01 ovzhost sshd[991]: Received disconnect from 43.255.190.119: 11:  [preauth]
Apr 12 03:48:01 ovzhost sshd[991]: PAM 2 more authentication failures; logname= uid=0 euid=0 tty=ssh ruser= rhost=43.255.190.119  user=root
Apr 12 03:48:02 ovzhost sshd[995]: pam_unix(sshd:auth): authentication failure; logname= uid=0 euid=0 tty=ssh ruser= rhost=43.255.190.119  user=root
Apr 12 03:48:03 ovzhost sshd[995]: Failed password for root from 43.255.190.119 port 35926 ssh2
Apr 12 03:48:08 ovzhost sshd[995]: message repeated 2 times: [ Failed password for root from 43.255.190.119 port 35926 ssh2]
Apr 12 03:48:08 ovzhost sshd[995]: Received disconnect from 43.255.190.119: 11:  [preauth]
Apr 12 03:48:08 ovzhost sshd[995]: PAM 2 more authentication failures; logname= uid=0 euid=0 tty=ssh ruser= rhost=43.255.190.119  user=root
Apr 12 03:48:08 ovzhost sshd[997]: pam_unix(sshd:auth): authentication failure; logname= uid=0 euid=0 tty=ssh ruser= rhost=43.255.190.119  user=root
Apr 12 03:48:09 ovzhost sshd[993]: Received disconnect from 58.218.201.19: 11:  [preauth]
Apr 12 03:48:10 ovzhost sshd[997]: Failed password for root from 43.255.190.119 port 50598 ssh2
Apr 12 03:48:11 ovzhost sshd[1000]: pam_unix(sshd:auth): authentication failure; logname= uid=0 euid=0 tty=ssh ruser= rhost=43.255.190.90  user=root
Apr 12 03:48:12 ovzhost sshd[1000]: Failed password for root from 43.255.190.90 port 38945 ssh2
Apr 12 03:48:15 ovzhost sshd[997]: message repeated 2 times: [ Failed password for root from 43.255.190.119 port 50598 ssh2]
Apr 12 03:48:15 ovzhost sshd[997]: Received disconnect from 43.255.190.119: 11:  [preauth]
Apr 12 03:48:15 ovzhost sshd[997]: PAM 2 more authentication failures; logname= uid=0 euid=0 tty=ssh ruser= rhost=43.255.190.119  user=root
Apr 12 03:48:15 ovzhost sshd[1004]: pam_unix(sshd:auth): authentication failure; logname= uid=0 euid=0 tty=ssh ruser= rhost=43.255.190.119  user=root
Apr 12 03:48:17 ovzhost sshd[1000]: message repeated 2 times: [ Failed password for root from 43.255.190.90 port 38945 ssh2]
Apr 12 03:48:17 ovzhost sshd[1000]: Received disconnect from 43.255.190.90: 11:  [preauth]
Apr 12 03:48:17 ovzhost sshd[1000]: PAM 2 more authentication failures; logname= uid=0 euid=0 tty=ssh ruser= rhost=43.255.190.90  user=root
Apr 12 03:48:17 ovzhost sshd[1004]: Failed password for root from 43.255.190.119 port 38242 ssh2
Apr 12 03:48:17 ovzhost sshd[1006]: pam_unix(sshd:auth): authentication failure; logname= uid=0 euid=0 tty=ssh ruser= rhost=43.255.190.90  user=root
Apr 12 03:48:20 ovzhost sshd[1006]: Failed password for root from 43.255.190.90 port 53555 ssh2
Apr 12 03:48:22 ovzhost sshd[1004]: message repeated 2 times: [ Failed password for root from 43.255.190.119 port 38242 ssh2]
Apr 12 03:48:22 ovzhost sshd[1004]: Received disconnect from 43.255.190.119: 11:  [preauth]
Apr 12 03:48:22 ovzhost sshd[1004]: PAM 2 more authentication failures; logname= uid=0 euid=0 tty=ssh ruser= rhost=43.255.190.119  user=root
Apr 12 03:48:22 ovzhost sshd[1008]: pam_unix(sshd:auth): authentication failure; logname= uid=0 euid=0 tty=ssh ruser= rhost=43.255.190.119  user=root
Apr 12 03:48:24 ovzhost sshd[1006]: message repeated 2 times: [ Failed password for root from 43.255.190.90 port 53555 ssh2]
Apr 12 03:48:24 ovzhost sshd[1006]: Received disconnect from 43.255.190.90: 11:  [preauth]
Apr 12 03:48:24 ovzhost sshd[1006]: PAM 2 more authentication failures; logname= uid=0 euid=0 tty=ssh ruser= rhost=43.255.190.90  user=root
Apr 12 03:48:24 ovzhost sshd[1008]: Failed password for root from 43.255.190.119 port 52421 ssh2
Apr 12 03:48:25 ovzhost sshd[1010]: pam_unix(sshd:auth): authentication failure; logname= uid=0 euid=0 tty=ssh ruser= rhost=43.255.190.90  user=root
Apr 12 03:48:27 ovzhost sshd[1010]: Failed password for root from 43.255.190.90 port 40793 ssh2
Apr 12 03:48:29 ovzhost sshd[1008]: message repeated 2 times: [ Failed password for root from 43.255.190.119 port 52421 ssh2]
Apr 12 03:48:29 ovzhost sshd[1008]: Received disconnect from 43.255.190.119: 11:  [preauth]
Apr 12 03:48:29 ovzhost sshd[1008]: PAM 2 more authentication failures; logname= uid=0 euid=0 tty=ssh ruser= rhost=43.255.190.119  user=root
Apr 12 03:48:30 ovzhost sshd[1012]: pam_unix(sshd:auth): authentication failure; logname= uid=0 euid=0 tty=ssh ruser= rhost=43.255.190.119  user=root
Apr 12 03:48:32 ovzhost sshd[1012]: Failed password for root from 43.255.190.119 port 41489 ssh2
Apr 12 03:48:32 ovzhost sshd[1010]: message repeated 2 times: [ Failed password for root from 43.255.190.90 port 40793 ssh2]
Apr 12 03:48:32 ovzhost sshd[1010]: Received disconnect from 43.255.190.90: 11:  [preauth]
Apr 12 03:48:32 ovzhost sshd[1010]: PAM 2 more authentication failures; logname= uid=0 euid=0 tty=ssh ruser= rhost=43.255.190.90  user=root
Apr 12 03:48:32 ovzhost sshd[1014]: pam_unix(sshd:auth): authentication failure; logname= uid=0 euid=0 tty=ssh ruser= rhost=43.255.190.90  user=root
Apr 12 03:48:34 ovzhost sshd[1014]: Failed password for root from 43.255.190.90 port 58527 ssh2
Apr 12 03:48:36 ovzhost sshd[1012]: message repeated 2 times: [ Failed password for root from 43.255.190.119 port 41489 ssh2]
Apr 12 03:48:36 ovzhost sshd[1012]: Received disconnect from 43.255.190.119: 11:  [preauth]
Apr 12 03:48:36 ovzhost sshd[1012]: PAM 2 more authentication failures; logname= uid=0 euid=0 tty=ssh ruser= rhost=43.255.190.119  user=root
Apr 12 03:48:37 ovzhost sshd[1016]: pam_unix(sshd:auth): authentication failure; logname= uid=0 euid=0 tty=ssh ruser= rhost=43.255.190.119  user=root
Apr 12 03:48:39 ovzhost sshd[1016]: Failed password for root from 43.255.190.119 port 56790 ssh2
Apr 12 03:48:39 ovzhost sshd[1014]: message repeated 2 times: [ Failed password for root from 43.255.190.90 port 58527 ssh2]
Apr 12 03:48:39 ovzhost sshd[1014]: Received disconnect from 43.255.190.90: 11:  [preauth]
Apr 12 03:48:39 ovzhost sshd[1014]: PAM 2 more authentication failures; logname= uid=0 euid=0 tty=ssh ruser= rhost=43.255.190.90  user=root
Apr 12 03:48:39 ovzhost sshd[1020]: pam_unix(sshd:auth): authentication failure; logname= uid=0 euid=0 tty=ssh ruser= rhost=43.255.190.90  user=root
Apr 12 03:48:42 ovzhost sshd[1020]: Failed password for root from 43.255.190.90 port 46949 ssh2
Apr 12 03:48:43 ovzhost sshd[1016]: message repeated 2 times: [ Failed password for root from 43.255.190.119 port 56790 ssh2]
Apr 12 03:48:44 ovzhost sshd[1016]: Received disconnect from 43.255.190.119: 11:  [preauth]
Apr 12 03:48:44 ovzhost sshd[1016]: PAM 2 more authentication failures; logname= uid=0 euid=0 tty=ssh ruser= rhost=43.255.190.119  user=root
Apr 12 03:48:44 ovzhost sshd[1022]: pam_unix(sshd:auth): authentication failure; logname= uid=0 euid=0 tty=ssh ruser= rhost=43.255.190.119  user=root
Apr 12 03:48:46 ovzhost sshd[1020]: message repeated 2 times: [ Failed password for root from 43.255.190.90 port 46949 ssh2]
Apr 12 03:48:46 ovzhost sshd[1020]: Received disconnect from 43.255.190.90: 11:  [preauth]
Apr 12 03:48:46 ovzhost sshd[1020]: PAM 2 more authentication failures; logname= uid=0 euid=0 tty=ssh ruser= rhost=43.255.190.90  user=root
Apr 12 03:48:46 ovzhost sshd[1022]: Failed password for root from 43.255.190.119 port 44811 ssh2
Apr 12 03:48:46 ovzhost sshd[1024]: pam_unix(sshd:auth): authentication failure; logname= uid=0 euid=0 tty=ssh ruser= rhost=43.255.190.90  user=root
Apr 12 03:48:49 ovzhost sshd[1024]: Failed password for root from 43.255.190.90 port 35799 ssh2
Apr 12 03:48:50 ovzhost sshd[1022]: message repeated 2 times: [ Failed password for root from 43.255.190.119 port 44811 ssh2]
Apr 12 03:48:50 ovzhost sshd[1022]: Received disconnect from 43.255.190.119: 11:  [preauth]
Apr 12 03:48:50 ovzhost sshd[1022]: PAM 2 more authentication failures; logname= uid=0 euid=0 tty=ssh ruser= rhost=43.255.190.119  user=root
Apr 12 03:48:51 ovzhost sshd[1026]: pam_unix(sshd:auth): authentication failure; logname= uid=0 euid=0 tty=ssh ruser= rhost=43.255.190.119  user=root
Apr 12 03:48:52 ovzhost sshd[1024]: message repeated 2 times: [ Failed password for root from 43.255.190.90 port 35799 ssh2]
Apr 12 03:48:52 ovzhost sshd[1024]: Received disconnect from 43.255.190.90: 11:  [preauth]
Apr 12 03:48:52 ovzhost sshd[1024]: PAM 2 more authentication failures; logname= uid=0 euid=0 tty=ssh ruser= rhost=43.255.190.90  user=root
Apr 12 03:48:53 ovzhost sshd[1028]: pam_unix(sshd:auth): authentication failure; logname= uid=0 euid=0 tty=ssh ruser= rhost=43.255.190.90  user=root
Apr 12 03:48:53 ovzhost sshd[1026]: Failed password for root from 43.255.190.119 port 59545 ssh2
Apr 12 03:48:55 ovzhost sshd[1028]: Failed password for root from 43.255.190.90 port 50104 ssh2
Apr 12 03:48:57 ovzhost sshd[1026]: message repeated 2 times: [ Failed password for root from 43.255.190.119 port 59545 ssh2]
Apr 12 03:48:58 ovzhost sshd[1026]: Received disconnect from 43.255.190.119: 11:  [preauth]
Apr 12 03:48:58 ovzhost sshd[1026]: PAM 2 more authentication failures; logname= uid=0 euid=0 tty=ssh ruser= rhost=43.255.190.119  user=root
Apr 12 03:48:58 ovzhost sshd[1030]: pam_unix(sshd:auth): authentication failure; logname= uid=0 euid=0 tty=ssh ruser= rhost=43.255.190.119  user=root
Apr 12 03:49:00 ovzhost sshd[1028]: message repeated 2 times: [ Failed password for root from 43.255.190.90 port 50104 ssh2]
Apr 12 03:49:00 ovzhost sshd[1028]: Received disconnect from 43.255.190.90: 11:  [preauth]
Apr 12 03:49:00 ovzhost sshd[1028]: PAM 2 more authentication failures; logname= uid=0 euid=0 tty=ssh ruser= rhost=43.255.190.90  user=root
Apr 12 03:49:00 ovzhost sshd[1030]: Failed password for root from 43.255.190.119 port 47498 ssh2
Apr 12 03:49:01 ovzhost sshd[1032]: pam_unix(sshd:auth): authentication failure; logname= uid=0 euid=0 tty=ssh ruser= rhost=43.255.190.90  user=root
Apr 12 03:49:02 ovzhost sshd[1032]: Failed password for root from 43.255.190.90 port 41513 ssh2
Apr 12 03:49:05 ovzhost sshd[1030]: message repeated 2 times: [ Failed password for root from 43.255.190.119 port 47498 ssh2]
Apr 12 03:49:05 ovzhost sshd[1030]: Received disconnect from 43.255.190.119: 11:  [preauth]
Apr 12 03:49:05 ovzhost sshd[1030]: PAM 2 more authentication failures; logname= uid=0 euid=0 tty=ssh ruser= rhost=43.255.190.119  user=root
Apr 12 03:49:05 ovzhost sshd[1034]: pam_unix(sshd:auth): authentication failure; logname= uid=0 euid=0 tty=ssh ruser= rhost=43.255.190.119  user=root
Apr 12 03:49:07 ovzhost sshd[1032]: message repeated 2 times: [ Failed password for root from 43.255.190.90 port 41513 ssh2]
Apr 12 03:49:07 ovzhost sshd[1032]: Received disconnect from 43.255.190.90: 11:  [preauth]
Apr 12 03:49:07 ovzhost sshd[1032]: PAM 2 more authentication failures; logname= uid=0 euid=0 tty=ssh ruser= rhost=43.255.190.90  user=root
Apr 12 03:49:08 ovzhost sshd[1034]: Failed password for root from 43.255.190.119 port 35774 ssh2
Apr 12 03:49:08 ovzhost sshd[1036]: pam_unix(sshd:auth): authentication failure; logname= uid=0 euid=0 tty=ssh ruser= rhost=43.255.190.90  user=root
Apr 12 03:49:10 ovzhost sshd[1036]: Failed password for root from 43.255.190.90 port 59726 ssh2
Apr 12 03:49:12 ovzhost sshd[1034]: message repeated 2 times: [ Failed password for root from 43.255.190.119 port 35774 ssh2]
Apr 12 03:49:12 ovzhost sshd[1034]: Received disconnect from 43.255.190.119: 11:  [preauth]
Apr 12 03:49:12 ovzhost sshd[1034]: PAM 2 more authentication failures; logname= uid=0 euid=0 tty=ssh ruser= rhost=43.255.190.119  user=root
Apr 12 03:49:12 ovzhost sshd[1040]: pam_unix(sshd:auth): authentication failure; logname= uid=0 euid=0 tty=ssh ruser= rhost=43.255.190.119  user=root
Apr 12 03:49:13 ovzhost sshd[1036]: message repeated 2 times: [ Failed password for root from 43.255.190.90 port 59726 ssh2]
Apr 12 03:49:13 ovzhost sshd[1036]: Received disconnect from 43.255.190.90: 11:  [preauth]
