Mar 31 17:16:56 ovzhost sudo:     root : unable to resolve host ovzhost
Mar 31 17:16:56 ovzhost sudo:     root : TTY=pts/0 ; PWD=/ ; USER=root ; COMMAND=/usr/bin/less /root/.bash_history
Mar 31 17:16:56 ovzhost sudo: pam_unix(sudo:session): session opened for user root by (uid=0)
Mar 31 17:16:57 ovzhost sudo: pam_unix(sudo:session): session closed for user root
Apr  2 14:31:13 ovzhost sshd[419]: Server listening on 0.0.0.0 port 22.
Apr  2 14:31:13 ovzhost sshd[419]: Server listening on :: port 22.
Apr  2 14:31:13 ovzhost saslauthd[637]: detach_tty      : master pid is: 637
Apr  2 14:31:13 ovzhost saslauthd[637]: ipc_init        : listening on socket: /var/run/saslauthd/mux
Apr  2 14:33:26 ovzhost sshd[797]: Connection closed by 127.0.0.1 [preauth]
Apr 10 15:37:49 ovzhost sshd[786]: Connection closed by 127.0.0.1 [preauth]
Apr 10 15:38:54 ovzhost sshd[796]: pam_unix(sshd:auth): authentication failure; logname= uid=0 euid=0 tty=ssh ruser= rhost=43.255.190.168  user=root
Apr 10 15:38:57 ovzhost sshd[796]: Failed password for root from 43.255.190.168 port 40695 ssh2
Apr 10 15:39:01 ovzhost CRON[798]: pam_env(cron:session): Unable to open env file: /etc/default/locale: No such file or directory
Apr 10 15:39:01 ovzhost CRON[798]: pam_unix(cron:session): session opened for user root by (uid=0)
Apr 10 15:39:01 ovzhost CRON[798]: pam_unix(cron:session): session closed for user root
Apr 10 15:39:01 ovzhost sshd[796]: message repeated 2 times: [ Failed password for root from 43.255.190.168 port 40695 ssh2]
Apr 10 15:39:01 ovzhost sshd[796]: Received disconnect from 43.255.190.168: 11:  [preauth]
Apr 10 15:39:01 ovzhost sshd[796]: PAM 2 more authentication failures; logname= uid=0 euid=0 tty=ssh ruser= rhost=43.255.190.168  user=root
Apr 10 15:39:02 ovzhost sshd[809]: pam_unix(sshd:auth): authentication failure; logname= uid=0 euid=0 tty=ssh ruser= rhost=43.255.190.168  user=root
Apr 10 15:39:04 ovzhost sshd[809]: Failed password for root from 43.255.190.168 port 54590 ssh2
Apr 10 15:39:07 ovzhost sshd[809]: message repeated 2 times: [ Failed password for root from 43.255.190.168 port 54590 ssh2]
Apr 10 15:39:07 ovzhost sshd[809]: Received disconnect from 43.255.190.168: 11:  [preauth]
Apr 10 15:39:07 ovzhost sshd[809]: PAM 2 more authentication failures; logname= uid=0 euid=0 tty=ssh ruser= rhost=43.255.190.168  user=root
Apr 10 15:39:08 ovzhost sshd[811]: pam_unix(sshd:auth): authentication failure; logname= uid=0 euid=0 tty=ssh ruser= rhost=43.255.190.168  user=root
Apr 10 15:39:10 ovzhost sshd[811]: Failed password for root from 43.255.190.168 port 38528 ssh2
Apr 10 15:39:15 ovzhost sshd[811]: message repeated 2 times: [ Failed password for root from 43.255.190.168 port 38528 ssh2]
Apr 10 15:39:15 ovzhost sshd[811]: Received disconnect from 43.255.190.168: 11:  [preauth]
Apr 10 15:39:15 ovzhost sshd[811]: PAM 2 more authentication failures; logname= uid=0 euid=0 tty=ssh ruser= rhost=43.255.190.168  user=root
Apr 10 15:39:15 ovzhost sshd[813]: pam_unix(sshd:auth): authentication failure; logname= uid=0 euid=0 tty=ssh ruser= rhost=43.255.190.168  user=root
Apr 10 15:39:18 ovzhost sshd[813]: Failed password for root from 43.255.190.168 port 52682 ssh2
Apr 10 15:39:22 ovzhost sshd[813]: message repeated 2 times: [ Failed password for root from 43.255.190.168 port 52682 ssh2]
Apr 10 15:39:22 ovzhost sshd[813]: Received disconnect from 43.255.190.168: 11:  [preauth]
Apr 10 15:39:22 ovzhost sshd[813]: PAM 2 more authentication failures; logname= uid=0 euid=0 tty=ssh ruser= rhost=43.255.190.168  user=root
Apr 10 15:39:23 ovzhost sshd[815]: pam_unix(sshd:auth): authentication failure; logname= uid=0 euid=0 tty=ssh ruser= rhost=43.255.190.168  user=root
Apr 10 15:39:25 ovzhost sshd[815]: Failed password for root from 43.255.190.168 port 39392 ssh2
Apr 10 15:39:30 ovzhost sshd[815]: message repeated 2 times: [ Failed password for root from 43.255.190.168 port 39392 ssh2]
Apr 10 15:39:30 ovzhost sshd[815]: Received disconnect from 43.255.190.168: 11:  [preauth]
Apr 10 15:39:30 ovzhost sshd[815]: PAM 2 more authentication failures; logname= uid=0 euid=0 tty=ssh ruser= rhost=43.255.190.168  user=root
Apr 10 15:39:31 ovzhost sshd[818]: pam_unix(sshd:auth): authentication failure; logname= uid=0 euid=0 tty=ssh ruser= rhost=43.255.190.168  user=root
Apr 10 15:39:33 ovzhost sshd[818]: Failed password for root from 43.255.190.168 port 54969 ssh2
Apr 10 15:39:37 ovzhost sshd[818]: message repeated 2 times: [ Failed password for root from 43.255.190.168 port 54969 ssh2]
Apr 10 15:39:37 ovzhost sshd[818]: Received disconnect from 43.255.190.168: 11:  [preauth]
Apr 10 15:39:37 ovzhost sshd[818]: PAM 2 more authentication failures; logname= uid=0 euid=0 tty=ssh ruser= rhost=43.255.190.168  user=root
Apr 10 15:39:38 ovzhost sshd[820]: pam_unix(sshd:auth): authentication failure; logname= uid=0 euid=0 tty=ssh ruser= rhost=43.255.190.168  user=root
Apr 10 15:39:40 ovzhost sshd[820]: Failed password for root from 43.255.190.168 port 40624 ssh2
Apr 10 15:39:43 ovzhost sshd[820]: message repeated 2 times: [ Failed password for root from 43.255.190.168 port 40624 ssh2]
Apr 10 15:39:43 ovzhost sshd[820]: Received disconnect from 43.255.190.168: 11:  [preauth]
Apr 10 15:39:43 ovzhost sshd[820]: PAM 2 more authentication failures; logname= uid=0 euid=0 tty=ssh ruser= rhost=43.255.190.168  user=root
Apr 10 15:39:44 ovzhost sshd[822]: pam_unix(sshd:auth): authentication failure; logname= uid=0 euid=0 tty=ssh ruser= rhost=43.255.190.168  user=root
Apr 10 15:39:46 ovzhost sshd[822]: Failed password for root from 43.255.190.168 port 53240 ssh2
Apr 10 15:39:50 ovzhost sshd[822]: message repeated 2 times: [ Failed password for root from 43.255.190.168 port 53240 ssh2]
Apr 10 15:39:50 ovzhost sshd[822]: Received disconnect from 43.255.190.168: 11:  [preauth]
Apr 10 15:39:50 ovzhost sshd[822]: PAM 2 more authentication failures; logname= uid=0 euid=0 tty=ssh ruser= rhost=43.255.190.168  user=root
Apr 10 15:39:51 ovzhost sshd[825]: pam_unix(sshd:auth): authentication failure; logname= uid=0 euid=0 tty=ssh ruser= rhost=43.255.190.168  user=root
Apr 10 15:39:53 ovzhost sshd[825]: Failed password for root from 43.255.190.168 port 37878 ssh2
Apr 10 15:39:57 ovzhost sshd[825]: message repeated 2 times: [ Failed password for root from 43.255.190.168 port 37878 ssh2]
Apr 10 15:39:57 ovzhost sshd[825]: Received disconnect from 43.255.190.168: 11:  [preauth]
Apr 10 15:39:57 ovzhost sshd[825]: PAM 2 more authentication failures; logname= uid=0 euid=0 tty=ssh ruser= rhost=43.255.190.168  user=root
Apr 10 15:39:57 ovzhost sshd[828]: pam_unix(sshd:auth): authentication failure; logname= uid=0 euid=0 tty=ssh ruser= rhost=43.255.190.168  user=root
Apr 10 15:40:00 ovzhost sshd[828]: Failed password for root from 43.255.190.168 port 51099 ssh2
Apr 10 15:40:01 ovzhost CRON[830]: pam_env(cron:session): Unable to open env file: /etc/default/locale: No such file or directory
Apr 10 15:40:01 ovzhost CRON[830]: pam_unix(cron:session): session opened for user smmsp by (uid=0)
Apr 10 15:40:01 ovzhost CRON[830]: pam_unix(cron:session): session closed for user smmsp
Apr 10 15:40:04 ovzhost sshd[828]: message repeated 2 times: [ Failed password for root from 43.255.190.168 port 51099 ssh2]
Apr 10 15:40:04 ovzhost sshd[828]: Received disconnect from 43.255.190.168: 11:  [preauth]
Apr 10 15:40:04 ovzhost sshd[828]: PAM 2 more authentication failures; logname= uid=0 euid=0 tty=ssh ruser= rhost=43.255.190.168  user=root
Apr 10 15:40:05 ovzhost sshd[855]: pam_unix(sshd:auth): authentication failure; logname= uid=0 euid=0 tty=ssh ruser= rhost=221.229.166.29  user=root
Apr 10 15:40:05 ovzhost sshd[857]: pam_unix(sshd:auth): authentication failure; logname= uid=0 euid=0 tty=ssh ruser= rhost=43.255.190.168  user=root
Apr 10 15:40:06 ovzhost sshd[855]: Failed password for root from 221.229.166.29 port 35931 ssh2
Apr 10 15:40:06 ovzhost sshd[857]: Failed password for root from 43.255.190.168 port 37449 ssh2
Apr 10 15:40:10 ovzhost sshd[857]: message repeated 2 times: [ Failed password for root from 43.255.190.168 port 37449 ssh2]
Apr 10 15:40:10 ovzhost sshd[857]: Received disconnect from 43.255.190.168: 11:  [preauth]
Apr 10 15:40:10 ovzhost sshd[857]: PAM 2 more authentication failures; logname= uid=0 euid=0 tty=ssh ruser= rhost=43.255.190.168  user=root
Apr 10 15:40:11 ovzhost sshd[859]: pam_unix(sshd:auth): authentication failure; logname= uid=0 euid=0 tty=ssh ruser= rhost=43.255.190.168  user=root
Apr 10 15:40:12 ovzhost sshd[855]: message repeated 2 times: [ Failed password for root from 221.229.166.29 port 35931 ssh2]
Apr 10 15:40:12 ovzhost sshd[855]: Received disconnect from 221.229.166.29: 11:  [preauth]
Apr 10 15:40:12 ovzhost sshd[855]: PAM 2 more authentication failures; logname= uid=0 euid=0 tty=ssh ruser= rhost=221.229.166.29  user=root
Apr 10 15:40:13 ovzhost sshd[859]: Failed password for root from 43.255.190.168 port 50262 ssh2
Apr 10 15:40:14 ovzhost sshd[861]: pam_unix(sshd:auth): authentication failure; logname= uid=0 euid=0 tty=ssh ruser= rhost=221.229.166.29  user=root
Apr 10 15:40:16 ovzhost sshd[861]: Failed password for root from 221.229.166.29 port 56924 ssh2
Apr 10 15:40:17 ovzhost sshd[859]: message repeated 2 times: [ Failed password for root from 43.255.190.168 port 50262 ssh2]
Apr 10 15:40:17 ovzhost sshd[859]: Received disconnect from 43.255.190.168: 11:  [preauth]
Apr 10 15:40:17 ovzhost sshd[859]: PAM 2 more authentication failures; logname= uid=0 euid=0 tty=ssh ruser= rhost=43.255.190.168  user=root
Apr 10 15:40:18 ovzhost sshd[863]: pam_unix(sshd:auth): authentication failure; logname= uid=0 euid=0 tty=ssh ruser= rhost=43.255.190.168  user=root
Apr 10 15:40:19 ovzhost sshd[863]: Failed password for root from 43.255.190.168 port 35463 ssh2
Apr 10 15:40:20 ovzhost sshd[861]: message repeated 2 times: [ Failed password for root from 221.229.166.29 port 56924 ssh2]
Apr 10 15:40:20 ovzhost sshd[861]: Received disconnect from 221.229.166.29: 11:  [preauth]
Apr 10 15:40:20 ovzhost sshd[861]: PAM 2 more authentication failures; logname= uid=0 euid=0 tty=ssh ruser= rhost=221.229.166.29  user=root
Apr 10 15:40:21 ovzhost sshd[865]: pam_unix(sshd:auth): authentication failure; logname= uid=0 euid=0 tty=ssh ruser= rhost=221.229.166.29  user=root
Apr 10 15:40:24 ovzhost sshd[863]: message repeated 2 times: [ Failed password for root from 43.255.190.168 port 35463 ssh2]
Apr 10 15:40:24 ovzhost sshd[863]: Received disconnect from 43.255.190.168: 11:  [preauth]
Apr 10 15:40:24 ovzhost sshd[863]: PAM 2 more authentication failures; logname= uid=0 euid=0 tty=ssh ruser= rhost=43.255.190.168  user=root
Apr 10 15:40:24 ovzhost sshd[865]: Failed password for root from 221.229.166.29 port 45238 ssh2
Apr 10 15:40:24 ovzhost sshd[867]: pam_unix(sshd:auth): authentication failure; logname= uid=0 euid=0 tty=ssh ruser= rhost=43.255.190.168  user=root
Apr 10 15:40:26 ovzhost sshd[870]: Connection closed by 128.8.37.104 [preauth]
Apr 10 15:40:26 ovzhost sshd[867]: Failed password for root from 43.255.190.168 port 49121 ssh2
Apr 10 15:40:29 ovzhost sshd[865]: message repeated 2 times: [ Failed password for root from 221.229.166.29 port 45238 ssh2]
Apr 10 15:40:29 ovzhost sshd[865]: Received disconnect from 221.229.166.29: 11:  [preauth]
Apr 10 15:40:29 ovzhost sshd[865]: PAM 2 more authentication failures; logname= uid=0 euid=0 tty=ssh ruser= rhost=221.229.166.29  user=root
Apr 10 15:40:30 ovzhost sshd[867]: message repeated 2 times: [ Failed password for root from 43.255.190.168 port 49121 ssh2]
Apr 10 15:40:30 ovzhost sshd[867]: Received disconnect from 43.255.190.168: 11:  [preauth]
Apr 10 15:40:30 ovzhost sshd[867]: PAM 2 more authentication failures; logname= uid=0 euid=0 tty=ssh ruser= rhost=43.255.190.168  user=root
Apr 10 15:40:31 ovzhost sshd[874]: pam_unix(sshd:auth): authentication failure; logname= uid=0 euid=0 tty=ssh ruser= rhost=43.255.190.168  user=root
Apr 10 15:40:31 ovzhost sshd[872]: pam_unix(sshd:auth): authentication failure; logname= uid=0 euid=0 tty=ssh ruser= rhost=221.229.166.29  user=root
Apr 10 15:40:32 ovzhost sshd[874]: Failed password for root from 43.255.190.168 port 34169 ssh2
Apr 10 15:40:33 ovzhost sshd[872]: Failed password for root from 221.229.166.29 port 36633 ssh2
Apr 10 15:40:37 ovzhost sshd[874]: message repeated 2 times: [ Failed password for root from 43.255.190.168 port 34169 ssh2]
Apr 10 15:40:37 ovzhost sshd[874]: Received disconnect from 43.255.190.168: 11:  [preauth]
Apr 10 15:40:37 ovzhost sshd[874]: PAM 2 more authentication failures; logname= uid=0 euid=0 tty=ssh ruser= rhost=43.255.190.168  user=root
Apr 10 15:40:37 ovzhost sshd[876]: pam_unix(sshd:auth): authentication failure; logname= uid=0 euid=0 tty=ssh ruser= rhost=43.255.190.168  user=root
Apr 10 15:40:38 ovzhost sshd[872]: message repeated 2 times: [ Failed password for root from 221.229.166.29 port 36633 ssh2]
Apr 10 15:40:38 ovzhost sshd[872]: Received disconnect from 221.229.166.29: 11:  [preauth]
Apr 10 15:40:38 ovzhost sshd[872]: PAM 2 more authentication failures; logname= uid=0 euid=0 tty=ssh ruser= rhost=221.229.166.29  user=root
Apr 10 15:40:39 ovzhost sshd[876]: Failed password for root from 43.255.190.168 port 46871 ssh2
Apr 10 15:40:41 ovzhost sshd[878]: pam_unix(sshd:auth): authentication failure; logname= uid=0 euid=0 tty=ssh ruser= rhost=221.229.166.29  user=root
Apr 10 15:40:43 ovzhost sshd[878]: Failed password for root from 221.229.166.29 port 54885 ssh2
Apr 10 15:40:44 ovzhost sshd[876]: message repeated 2 times: [ Failed password for root from 43.255.190.168 port 46871 ssh2]
Apr 10 15:40:44 ovzhost sshd[876]: Received disconnect from 43.255.190.168: 11:  [preauth]
Apr 10 15:40:44 ovzhost sshd[876]: PAM 2 more authentication failures; logname= uid=0 euid=0 tty=ssh ruser= rhost=43.255.190.168  user=root
Apr 10 15:40:44 ovzhost sshd[882]: pam_unix(sshd:auth): authentication failure; logname= uid=0 euid=0 tty=ssh ruser= rhost=43.255.190.168  user=root
Apr 10 15:40:47 ovzhost sshd[882]: Failed password for root from 43.255.190.168 port 33130 ssh2
Apr 10 15:40:47 ovzhost sshd[878]: message repeated 2 times: [ Failed password for root from 221.229.166.29 port 54885 ssh2]
Apr 10 15:40:48 ovzhost sshd[878]: Received disconnect from 221.229.166.29: 11:  [preauth]
Apr 10 15:40:48 ovzhost sshd[878]: PAM 2 more authentication failures; logname= uid=0 euid=0 tty=ssh ruser= rhost=221.229.166.29  user=root
Apr 10 15:40:49 ovzhost sshd[884]: pam_unix(sshd:auth): authentication failure; logname= uid=0 euid=0 tty=ssh ruser= rhost=221.229.166.29  user=root
Apr 10 15:40:50 ovzhost sshd[882]: message repeated 2 times: [ Failed password for root from 43.255.190.168 port 33130 ssh2]
Apr 10 15:40:50 ovzhost sshd[882]: Received disconnect from 43.255.190.168: 11:  [preauth]
Apr 10 15:40:50 ovzhost sshd[882]: PAM 2 more authentication failures; logname= uid=0 euid=0 tty=ssh ruser= rhost=43.255.190.168  user=root
Apr 10 15:40:51 ovzhost sshd[886]: pam_unix(sshd:auth): authentication failure; logname= uid=0 euid=0 tty=ssh ruser= rhost=43.255.190.168  user=root
Apr 10 15:40:51 ovzhost sshd[884]: Failed password for root from 221.229.166.29 port 46578 ssh2
Apr 10 15:40:52 ovzhost sshd[886]: Failed password for root from 43.255.190.168 port 46224 ssh2
Apr 10 15:40:55 ovzhost sshd[884]: message repeated 2 times: [ Failed password for root from 221.229.166.29 port 46578 ssh2]
Apr 10 15:40:55 ovzhost sshd[884]: Received disconnect from 221.229.166.29: 11:  [preauth]
Apr 10 15:40:55 ovzhost sshd[884]: PAM 2 more authentication failures; logname= uid=0 euid=0 tty=ssh ruser= rhost=221.229.166.29  user=root
Apr 10 15:40:56 ovzhost sshd[886]: message repeated 2 times: [ Failed password for root from 43.255.190.168 port 46224 ssh2]
Apr 10 15:40:56 ovzhost sshd[886]: Received disconnect from 43.255.190.168: 11:  [preauth]
Apr 10 15:40:56 ovzhost sshd[886]: PAM 2 more authentication failures; logname= uid=0 euid=0 tty=ssh ruser= rhost=43.255.190.168  user=root
Apr 10 15:40:56 ovzhost sshd[890]: pam_unix(sshd:auth): authentication failure; logname= uid=0 euid=0 tty=ssh ruser= rhost=43.255.190.168  user=root
Apr 10 15:40:57 ovzhost sshd[888]: pam_unix(sshd:auth): authentication failure; logname= uid=0 euid=0 tty=ssh ruser= rhost=221.229.166.29  user=root
Apr 10 15:40:59 ovzhost sshd[890]: Failed password for root from 43.255.190.168 port 58513 ssh2
Apr 10 15:41:00 ovzhost sshd[888]: Failed password for root from 221.229.166.29 port 34687 ssh2
Apr 10 15:41:02 ovzhost sshd[890]: message repeated 2 times: [ Failed password for root from 43.255.190.168 port 58513 ssh2]
Apr 10 15:41:02 ovzhost sshd[890]: Received disconnect from 43.255.190.168: 11:  [preauth]
Apr 10 15:41:02 ovzhost sshd[890]: PAM 2 more authentication failures; logname= uid=0 euid=0 tty=ssh ruser= rhost=43.255.190.168  user=root
Apr 10 15:41:03 ovzhost sshd[892]: pam_unix(sshd:auth): authentication failure; logname= uid=0 euid=0 tty=ssh ruser= rhost=43.255.190.168  user=root
Apr 10 15:41:04 ovzhost sshd[888]: message repeated 2 times: [ Failed password for root from 221.229.166.29 port 34687 ssh2]
Apr 10 15:41:04 ovzhost sshd[888]: Received disconnect from 221.229.166.29: 11:  [preauth]
Apr 10 15:41:04 ovzhost sshd[888]: PAM 2 more authentication failures; logname= uid=0 euid=0 tty=ssh ruser= rhost=221.229.166.29  user=root
Apr 10 15:41:06 ovzhost sshd[892]: Failed password for root from 43.255.190.168 port 44031 ssh2
Apr 10 15:41:07 ovzhost sshd[894]: pam_unix(sshd:auth): authentication failure; logname= uid=0 euid=0 tty=ssh ruser= rhost=221.229.166.29  user=root
Apr 10 15:41:09 ovzhost sshd[894]: Failed password for root from 221.229.166.29 port 53354 ssh2
Apr 10 15:41:10 ovzhost sshd[892]: message repeated 2 times: [ Failed password for root from 43.255.190.168 port 44031 ssh2]
Apr 10 15:41:10 ovzhost sshd[892]: Received disconnect from 43.255.190.168: 11:  [preauth]
Apr 10 15:41:10 ovzhost sshd[892]: PAM 2 more authentication failures; logname= uid=0 euid=0 tty=ssh ruser= rhost=43.255.190.168  user=root
Apr 10 15:41:10 ovzhost sshd[896]: pam_unix(sshd:auth): authentication failure; logname= uid=0 euid=0 tty=ssh ruser= rhost=43.255.190.168  user=root
Apr 10 15:41:12 ovzhost sshd[896]: Failed password for root from 43.255.190.168 port 60548 ssh2
Apr 10 15:41:14 ovzhost sshd[894]: message repeated 2 times: [ Failed password for root from 221.229.166.29 port 53354 ssh2]
Apr 10 15:41:14 ovzhost sshd[894]: Received disconnect from 221.229.166.29: 11:  [preauth]
Apr 10 15:41:14 ovzhost sshd[894]: PAM 2 more authentication failures; logname= uid=0 euid=0 tty=ssh ruser= rhost=221.229.166.29  user=root
Apr 10 15:41:16 ovzhost sshd[896]: message repeated 2 times: [ Failed password for root from 43.255.190.168 port 60548 ssh2]
Apr 10 15:41:16 ovzhost sshd[896]: Received disconnect from 43.255.190.168: 11:  [preauth]
Apr 10 15:41:16 ovzhost sshd[896]: PAM 2 more authentication failures; logname= uid=0 euid=0 tty=ssh ruser= rhost=43.255.190.168  user=root
Apr 10 15:41:16 ovzhost sshd[898]: pam_unix(sshd:auth): authentication failure; logname= uid=0 euid=0 tty=ssh ruser= rhost=221.229.166.29  user=root
Apr 10 15:41:16 ovzhost sshd[900]: pam_unix(sshd:auth): authentication failure; logname= uid=0 euid=0 tty=ssh ruser= rhost=43.255.190.168  user=root
Apr 10 15:41:18 ovzhost sshd[898]: Failed password for root from 221.229.166.29 port 46714 ssh2
Apr 10 15:41:18 ovzhost sshd[900]: Failed password for root from 43.255.190.168 port 45941 ssh2
Apr 10 15:41:22 ovzhost sshd[900]: message repeated 2 times: [ Failed password for root from 43.255.190.168 port 45941 ssh2]
Apr 10 15:41:22 ovzhost sshd[900]: Received disconnect from 43.255.190.168: 11:  [preauth]
Apr 10 15:41:22 ovzhost sshd[900]: PAM 2 more authentication failures; logname= uid=0 euid=0 tty=ssh ruser= rhost=43.255.190.168  user=root
Apr 10 15:41:23 ovzhost sshd[904]: pam_unix(sshd:auth): authentication failure; logname= uid=0 euid=0 tty=ssh ruser= rhost=43.255.190.168  user=root
Apr 10 15:41:23 ovzhost sshd[898]: message repeated 2 times: [ Failed password for root from 221.229.166.29 port 46714 ssh2]
Apr 10 15:41:23 ovzhost sshd[898]: Received disconnect from 221.229.166.29: 11:  [preauth]
Apr 10 15:41:23 ovzhost sshd[898]: PAM 2 more authentication failures; logname= uid=0 euid=0 tty=ssh ruser= rhost=221.229.166.29  user=root
Apr 10 15:41:25 ovzhost sshd[904]: Failed password for root from 43.255.190.168 port 59606 ssh2
Apr 10 15:41:25 ovzhost sshd[906]: pam_unix(sshd:auth): authentication failure; logname= uid=0 euid=0 tty=ssh ruser= rhost=221.229.166.29  user=root
Apr 10 15:41:27 ovzhost sshd[906]: Failed password for root from 221.229.166.29 port 40545 ssh2
Apr 10 15:41:28 ovzhost sshd[904]: message repeated 2 times: [ Failed password for root from 43.255.190.168 port 59606 ssh2]
Apr 10 15:41:28 ovzhost sshd[904]: Received disconnect from 43.255.190.168: 11:  [preauth]
Apr 10 15:41:28 ovzhost sshd[904]: PAM 2 more authentication failures; logname= uid=0 euid=0 tty=ssh ruser= rhost=43.255.190.168  user=root
Apr 10 15:41:31 ovzhost sshd[906]: message repeated 2 times: [ Failed password for root from 221.229.166.29 port 40545 ssh2]
Apr 10 15:41:32 ovzhost sshd[906]: Received disconnect from 221.229.166.29: 11:  [preauth]
Apr 10 15:41:32 ovzhost sshd[906]: PAM 2 more authentication failures; logname= uid=0 euid=0 tty=ssh ruser= rhost=221.229.166.29  user=root
Apr 10 15:41:32 ovzhost sshd[910]: pam_unix(sshd:auth): authentication failure; logname= uid=0 euid=0 tty=ssh ruser= rhost=43.255.190.168  user=root
Apr 10 15:41:34 ovzhost sshd[912]: pam_unix(sshd:auth): authentication failure; logname= uid=0 euid=0 tty=ssh ruser= rhost=221.229.166.29  user=root
Apr 10 15:41:34 ovzhost sshd[910]: Failed password for root from 43.255.190.168 port 44869 ssh2
Apr 10 15:41:35 ovzhost sshd[912]: Failed password for root from 221.229.166.29 port 60037 ssh2
Apr 10 15:41:38 ovzhost sshd[910]: message repeated 2 times: [ Failed password for root from 43.255.190.168 port 44869 ssh2]
Apr 10 15:41:38 ovzhost sshd[910]: Received disconnect from 43.255.190.168: 11:  [preauth]
Apr 10 15:41:38 ovzhost sshd[910]: PAM 2 more authentication failures; logname= uid=0 euid=0 tty=ssh ruser= rhost=43.255.190.168  user=root
Apr 10 15:41:38 ovzhost sshd[914]: pam_unix(sshd:auth): authentication failure; logname= uid=0 euid=0 tty=ssh ruser= rhost=43.255.190.168  user=root
Apr 10 15:41:40 ovzhost sshd[912]: message repeated 2 times: [ Failed password for root from 221.229.166.29 port 60037 ssh2]
Apr 10 15:41:40 ovzhost sshd[912]: Received disconnect from 221.229.166.29: 11:  [preauth]
Apr 10 15:41:40 ovzhost sshd[912]: PAM 2 more authentication failures; logname= uid=0 euid=0 tty=ssh ruser= rhost=221.229.166.29  user=root
Apr 10 15:41:40 ovzhost sshd[914]: Failed password for root from 43.255.190.168 port 38629 ssh2
Apr 10 15:41:42 ovzhost sshd[916]: pam_unix(sshd:auth): authentication failure; logname= uid=0 euid=0 tty=ssh ruser= rhost=221.229.166.29  user=root
Apr 10 15:41:43 ovzhost sshd[916]: Failed password for root from 221.229.166.29 port 51372 ssh2
Apr 10 15:41:45 ovzhost sshd[914]: message repeated 2 times: [ Failed password for root from 43.255.190.168 port 38629 ssh2]
Apr 10 15:41:45 ovzhost sshd[914]: Received disconnect from 43.255.190.168: 11:  [preauth]
Apr 10 15:41:45 ovzhost sshd[914]: PAM 2 more authentication failures; logname= uid=0 euid=0 tty=ssh ruser= rhost=43.255.190.168  user=root
Apr 10 15:41:45 ovzhost sshd[918]: pam_unix(sshd:auth): authentication failure; logname= uid=0 euid=0 tty=ssh ruser= rhost=43.255.190.168  user=root
Apr 10 15:41:47 ovzhost sshd[918]: Failed password for root from 43.255.190.168 port 53507 ssh2
Apr 10 15:41:47 ovzhost sshd[916]: message repeated 2 times: [ Failed password for root from 221.229.166.29 port 51372 ssh2]
Apr 10 15:41:48 ovzhost sshd[916]: Received disconnect from 221.229.166.29: 11:  [preauth]
Apr 10 15:41:48 ovzhost sshd[916]: PAM 2 more authentication failures; logname= uid=0 euid=0 tty=ssh ruser= rhost=221.229.166.29  user=root
Apr 10 15:41:49 ovzhost sshd[920]: pam_unix(sshd:auth): authentication failure; logname= uid=0 euid=0 tty=ssh ruser= rhost=221.229.166.29  user=root
Apr 10 15:41:51 ovzhost sshd[920]: Failed password for root from 221.229.166.29 port 41070 ssh2
Apr 10 15:41:51 ovzhost sshd[918]: message repeated 2 times: [ Failed password for root from 43.255.190.168 port 53507 ssh2]
Apr 10 15:41:51 ovzhost sshd[918]: Received disconnect from 43.255.190.168: 11:  [preauth]
Apr 10 15:41:51 ovzhost sshd[918]: PAM 2 more authentication failures; logname= uid=0 euid=0 tty=ssh ruser= rhost=43.255.190.168  user=root
Apr 10 15:41:52 ovzhost sshd[923]: pam_unix(sshd:auth): authentication failure; logname= uid=0 euid=0 tty=ssh ruser= rhost=43.255.190.168  user=root
Apr 10 15:41:53 ovzhost sshd[923]: Failed password for root from 43.255.190.168 port 39679 ssh2
Apr 10 15:41:55 ovzhost sshd[920]: message repeated 2 times: [ Failed password for root from 221.229.166.29 port 41070 ssh2]
Apr 10 15:41:56 ovzhost sshd[920]: Received disconnect from 221.229.166.29: 11:  [preauth]
Apr 10 15:41:56 ovzhost sshd[920]: PAM 2 more authentication failures; logname= uid=0 euid=0 tty=ssh ruser= rhost=221.229.166.29  user=root
Apr 10 15:41:57 ovzhost sshd[923]: message repeated 2 times: [ Failed password for root from 43.255.190.168 port 39679 ssh2]
Apr 10 15:41:58 ovzhost sshd[923]: Received disconnect from 43.255.190.168: 11:  [preauth]
Apr 10 15:41:58 ovzhost sshd[923]: PAM 2 more authentication failures; logname= uid=0 euid=0 tty=ssh ruser= rhost=43.255.190.168  user=root
Apr 10 15:41:58 ovzhost sshd[927]: pam_unix(sshd:auth): authentication failure; logname= uid=0 euid=0 tty=ssh ruser= rhost=43.255.190.168  user=root
Apr 10 15:41:58 ovzhost sshd[925]: pam_unix(sshd:auth): authentication failure; logname= uid=0 euid=0 tty=ssh ruser= rhost=221.229.166.29  user=root
Apr 10 15:42:00 ovzhost sshd[927]: Failed password for root from 43.255.190.168 port 54054 ssh2
Apr 10 15:42:00 ovzhost sshd[925]: Failed password for root from 221.229.166.29 port 59188 ssh2
Apr 10 15:42:03 ovzhost sshd[927]: message repeated 2 times: [ Failed password for root from 43.255.190.168 port 54054 ssh2]
Apr 10 15:42:03 ovzhost sshd[927]: Received disconnect from 43.255.190.168: 11:  [preauth]
Apr 10 15:42:03 ovzhost sshd[927]: PAM 2 more authentication failures; logname= uid=0 euid=0 tty=ssh ruser= rhost=43.255.190.168  user=root
Apr 10 15:42:04 ovzhost sshd[929]: pam_unix(sshd:auth): authentication failure; logname= uid=0 euid=0 tty=ssh ruser= rhost=43.255.190.168  user=root
Apr 10 15:42:04 ovzhost sshd[925]: message repeated 2 times: [ Failed password for root from 221.229.166.29 port 59188 ssh2]
Apr 10 15:42:04 ovzhost sshd[925]: Received disconnect from 221.229.166.29: 11:  [preauth]
Apr 10 15:42:04 ovzhost sshd[925]: PAM 2 more authentication failures; logname= uid=0 euid=0 tty=ssh ruser= rhost=221.229.166.29  user=root
Apr 10 15:42:05 ovzhost sshd[929]: Failed password for root from 43.255.190.168 port 39094 ssh2
Apr 10 15:42:06 ovzhost sshd[931]: pam_unix(sshd:auth): authentication failure; logname= uid=0 euid=0 tty=ssh ruser= rhost=221.229.166.29  user=root
Apr 10 15:42:08 ovzhost sshd[931]: Failed password for root from 221.229.166.29 port 50389 ssh2
Apr 10 15:42:09 ovzhost sshd[929]: message repeated 2 times: [ Failed password for root from 43.255.190.168 port 39094 ssh2]
Apr 10 15:42:09 ovzhost sshd[929]: Received disconnect from 43.255.190.168: 11:  [preauth]
Apr 10 15:42:09 ovzhost sshd[929]: PAM 2 more authentication failures; logname= uid=0 euid=0 tty=ssh ruser= rhost=43.255.190.168  user=root
Apr 10 15:42:10 ovzhost sshd[933]: pam_unix(sshd:auth): authentication failure; logname= uid=0 euid=0 tty=ssh ruser= rhost=43.255.190.168  user=root
Apr 10 15:42:12 ovzhost sshd[933]: Failed password for root from 43.255.190.168 port 52146 ssh2
Apr 10 15:42:11 ovzhost sshd[931]: message repeated 2 times: [ Failed password for root from 221.229.166.29 port 50389 ssh2]
Apr 10 15:42:12 ovzhost sshd[931]: Received disconnect from 221.229.166.29: 11:  [preauth]
Apr 10 15:42:12 ovzhost sshd[931]: PAM 2 more authentication failures; logname= uid=0 euid=0 tty=ssh ruser= rhost=221.229.166.29  user=root
Apr 10 15:42:13 ovzhost sshd[935]: pam_unix(sshd:auth): authentication failure; logname= uid=0 euid=0 tty=ssh ruser= rhost=221.229.166.29  user=root
Apr 10 15:42:15 ovzhost sshd[933]: message repeated 2 times: [ Failed password for root from 43.255.190.168 port 52146 ssh2]
Apr 10 15:42:15 ovzhost sshd[933]: Received disconnect from 43.255.190.168: 11:  [preauth]
Apr 10 15:42:15 ovzhost sshd[933]: PAM 2 more authentication failures; logname= uid=0 euid=0 tty=ssh ruser= rhost=43.255.190.168  user=root
Apr 10 15:42:15 ovzhost sshd[935]: Failed password for root from 221.229.166.29 port 38127 ssh2
Apr 10 15:42:16 ovzhost sshd[937]: pam_unix(sshd:auth): authentication failure; logname= uid=0 euid=0 tty=ssh ruser= rhost=43.255.190.168  user=root
Apr 10 15:42:18 ovzhost sshd[937]: Failed password for root from 43.255.190.168 port 37389 ssh2
Apr 10 15:42:20 ovzhost sshd[935]: message repeated 2 times: [ Failed password for root from 221.229.166.29 port 38127 ssh2]
Apr 10 15:42:20 ovzhost sshd[935]: Received disconnect from 221.229.166.29: 11:  [preauth]
Apr 10 15:42:20 ovzhost sshd[935]: PAM 2 more authentication failures; logname= uid=0 euid=0 tty=ssh ruser= rhost=221.229.166.29  user=root
Apr 10 15:42:22 ovzhost sshd[937]: message repeated 2 times: [ Failed password for root from 43.255.190.168 port 37389 ssh2]
Apr 10 15:42:22 ovzhost sshd[937]: Received disconnect from 43.255.190.168: 11:  [preauth]
Apr 10 15:42:22 ovzhost sshd[937]: PAM 2 more authentication failures; logname= uid=0 euid=0 tty=ssh ruser= rhost=43.255.190.168  user=root
Apr 10 15:42:22 ovzhost sshd[941]: pam_unix(sshd:auth): authentication failure; logname= uid=0 euid=0 tty=ssh ruser= rhost=43.255.190.168  user=root
Apr 10 15:42:24 ovzhost sshd[941]: Failed password for root from 43.255.190.168 port 51676 ssh2
Apr 10 15:42:24 ovzhost sshd[939]: pam_unix(sshd:auth): authentication failure; logname= uid=0 euid=0 tty=ssh ruser= rhost=221.229.166.29  user=root
Apr 10 15:42:26 ovzhost sshd[939]: Failed password for root from 221.229.166.29 port 56809 ssh2
Apr 10 15:42:27 ovzhost sshd[941]: message repeated 2 times: [ Failed password for root from 43.255.190.168 port 51676 ssh2]
Apr 10 15:42:28 ovzhost sshd[941]: Received disconnect from 43.255.190.168: 11:  [preauth]
Apr 10 15:42:28 ovzhost sshd[941]: PAM 2 more authentication failures; logname= uid=0 euid=0 tty=ssh ruser= rhost=43.255.190.168  user=root
Apr 10 15:42:28 ovzhost sshd[945]: pam_unix(sshd:auth): authentication failure; logname= uid=0 euid=0 tty=ssh ruser= rhost=43.255.190.168  user=root
Apr 10 15:42:30 ovzhost sshd[945]: Failed password for root from 43.255.190.168 port 36435 ssh2
Apr 10 15:42:31 ovzhost sshd[939]: message repeated 2 times: [ Failed password for root from 221.229.166.29 port 56809 ssh2]
Apr 10 15:42:31 ovzhost sshd[939]: Received disconnect from 221.229.166.29: 11:  [preauth]
Apr 10 15:42:31 ovzhost sshd[939]: PAM 2 more authentication failures; logname= uid=0 euid=0 tty=ssh ruser= rhost=221.229.166.29  user=root
Apr 10 15:42:32 ovzhost sshd[947]: pam_unix(sshd:auth): authentication failure; logname= uid=0 euid=0 tty=ssh ruser= rhost=221.229.166.29  user=root
Apr 10 15:42:34 ovzhost sshd[947]: Failed password for root from 221.229.166.29 port 53388 ssh2
Apr 10 15:42:34 ovzhost sshd[945]: message repeated 2 times: [ Failed password for root from 43.255.190.168 port 36435 ssh2]
Apr 10 15:42:34 ovzhost sshd[945]: Received disconnect from 43.255.190.168: 11:  [preauth]
Apr 10 15:42:34 ovzhost sshd[945]: PAM 2 more authentication failures; logname= uid=0 euid=0 tty=ssh ruser= rhost=43.255.190.168  user=root
Apr 10 15:42:35 ovzhost sshd[949]: pam_unix(sshd:auth): authentication failure; logname= uid=0 euid=0 tty=ssh ruser= rhost=43.255.190.168  user=root
Apr 10 15:42:37 ovzhost sshd[949]: Failed password for root from 43.255.190.168 port 50929 ssh2
Apr 10 15:42:39 ovzhost sshd[947]: message repeated 2 times: [ Failed password for root from 221.229.166.29 port 53388 ssh2]
Apr 10 15:42:39 ovzhost sshd[947]: Received disconnect from 221.229.166.29: 11:  [preauth]
Apr 10 15:42:39 ovzhost sshd[947]: PAM 2 more authentication failures; logname= uid=0 euid=0 tty=ssh ruser= rhost=221.229.166.29  user=root
Apr 10 15:42:41 ovzhost sshd[951]: pam_unix(sshd:auth): authentication failure; logname= uid=0 euid=0 tty=ssh ruser= rhost=221.229.166.29  user=root
Apr 10 15:42:41 ovzhost sshd[949]: message repeated 2 times: [ Failed password for root from 43.255.190.168 port 50929 ssh2]
Apr 10 15:42:41 ovzhost sshd[949]: Received disconnect from 43.255.190.168: 11:  [preauth]
Apr 10 15:42:41 ovzhost sshd[949]: PAM 2 more authentication failures; logname= uid=0 euid=0 tty=ssh ruser= rhost=43.255.190.168  user=root
Apr 10 15:42:42 ovzhost sshd[953]: pam_unix(sshd:auth): authentication failure; logname= uid=0 euid=0 tty=ssh ruser= rhost=43.255.190.168  user=root
Apr 10 15:42:42 ovzhost sshd[951]: Failed password for root from 221.229.166.29 port 43417 ssh2
Apr 10 15:42:44 ovzhost sshd[953]: Failed password for root from 43.255.190.168 port 38441 ssh2
Apr 10 15:42:46 ovzhost sshd[951]: message repeated 2 times: [ Failed password for root from 221.229.166.29 port 43417 ssh2]
Apr 10 15:42:47 ovzhost sshd[951]: Received disconnect from 221.229.166.29: 11:  [preauth]
Apr 10 15:42:47 ovzhost sshd[951]: PAM 2 more authentication failures; logname= uid=0 euid=0 tty=ssh ruser= rhost=221.229.166.29  user=root
Apr 10 15:42:48 ovzhost sshd[953]: message repeated 2 times: [ Failed password for root from 43.255.190.168 port 38441 ssh2]
Apr 10 15:42:48 ovzhost sshd[953]: Received disconnect from 43.255.190.168: 11:  [preauth]
Apr 10 15:42:48 ovzhost sshd[953]: PAM 2 more authentication failures; logname= uid=0 euid=0 tty=ssh ruser= rhost=43.255.190.168  user=root
Apr 10 15:42:48 ovzhost sshd[957]: pam_unix(sshd:auth): authentication failure; logname= uid=0 euid=0 tty=ssh ruser= rhost=43.255.190.168  user=root
Apr 10 15:42:48 ovzhost sshd[955]: pam_unix(sshd:auth): authentication failure; logname= uid=0 euid=0 tty=ssh ruser= rhost=221.229.166.29  user=root
Apr 10 15:42:49 ovzhost sshd[960]: Connection closed by 127.0.0.1 [preauth]
Apr 10 15:42:50 ovzhost sshd[957]: Failed password for root from 43.255.190.168 port 52443 ssh2
Apr 10 15:42:50 ovzhost sshd[955]: Failed password for root from 221.229.166.29 port 33398 ssh2
Apr 10 15:42:54 ovzhost sshd[957]: message repeated 2 times: [ Failed password for root from 43.255.190.168 port 52443 ssh2]
Apr 10 15:42:54 ovzhost sshd[957]: Received disconnect from 43.255.190.168: 11:  [preauth]
Apr 10 15:42:54 ovzhost sshd[957]: PAM 2 more authentication failures; logname= uid=0 euid=0 tty=ssh ruser= rhost=43.255.190.168  user=root
Apr 10 15:42:55 ovzhost sshd[965]: pam_unix(sshd:auth): authentication failure; logname= uid=0 euid=0 tty=ssh ruser= rhost=43.255.190.168  user=root
Apr 10 15:42:55 ovzhost sshd[955]: message repeated 2 times: [ Failed password for root from 221.229.166.29 port 33398 ssh2]
Apr 10 15:42:55 ovzhost sshd[955]: Received disconnect from 221.229.166.29: 11:  [preauth]
Apr 10 15:42:55 ovzhost sshd[955]: PAM 2 more authentication failures; logname= uid=0 euid=0 tty=ssh ruser= rhost=221.229.166.29  user=root
Apr 10 15:42:57 ovzhost sshd[965]: Failed password for root from 43.255.190.168 port 39339 ssh2
Apr 10 15:42:57 ovzhost sshd[967]: pam_unix(sshd:auth): authentication failure; logname= uid=0 euid=0 tty=ssh ruser= rhost=221.229.166.29  user=root
Apr 10 15:42:59 ovzhost sshd[967]: Failed password for root from 221.229.166.29 port 51051 ssh2
Apr 10 15:43:01 ovzhost sshd[965]: message repeated 2 times: [ Failed password for root from 43.255.190.168 port 39339 ssh2]
Apr 10 15:43:01 ovzhost sshd[965]: Received disconnect from 43.255.190.168: 11:  [preauth]
Apr 10 15:43:01 ovzhost sshd[965]: PAM 2 more authentication failures; logname= uid=0 euid=0 tty=ssh ruser= rhost=43.255.190.168  user=root
Apr 10 15:43:02 ovzhost sshd[969]: pam_unix(sshd:auth): authentication failure; logname= uid=0 euid=0 tty=ssh ruser= rhost=43.255.190.168  user=root
Apr 10 15:43:03 ovzhost sshd[969]: Failed password for root from 43.255.190.168 port 54251 ssh2
Apr 10 15:43:04 ovzhost sshd[967]: message repeated 2 times: [ Failed password for root from 221.229.166.29 port 51051 ssh2]
Apr 10 15:43:04 ovzhost sshd[967]: Received disconnect from 221.229.166.29: 11:  [preauth]
Apr 10 15:43:04 ovzhost sshd[967]: PAM 2 more authentication failures; logname= uid=0 euid=0 tty=ssh ruser= rhost=221.229.166.29  user=root
Apr 10 15:43:06 ovzhost sshd[971]: pam_unix(sshd:auth): authentication failure; logname= uid=0 euid=0 tty=ssh ruser= rhost=221.229.166.29  user=root
Apr 10 15:43:07 ovzhost sshd[969]: message repeated 2 times: [ Failed password for root from 43.255.190.168 port 54251 ssh2]
Apr 10 15:43:07 ovzhost sshd[969]: Received disconnect from 43.255.190.168: 11:  [preauth]
Apr 10 15:43:07 ovzhost sshd[969]: PAM 2 more authentication failures; logname= uid=0 euid=0 tty=ssh ruser= rhost=43.255.190.168  user=root
Apr 10 15:43:08 ovzhost sshd[971]: Failed password for root from 221.229.166.29 port 42744 ssh2
Apr 10 15:43:08 ovzhost sshd[973]: pam_unix(sshd:auth): authentication failure; logname= uid=0 euid=0 tty=ssh ruser= rhost=43.255.190.168  user=root
Apr 10 15:43:10 ovzhost sshd[973]: Failed password for root from 43.255.190.168 port 40034 ssh2
Apr 10 15:43:13 ovzhost sshd[971]: message repeated 2 times: [ Failed password for root from 221.229.166.29 port 42744 ssh2]
Apr 10 15:43:13 ovzhost sshd[971]: Received disconnect from 221.229.166.29: 11:  [preauth]
Apr 10 15:43:13 ovzhost sshd[971]: PAM 2 more authentication failures; logname= uid=0 euid=0 tty=ssh ruser= rhost=221.229.166.29  user=root
Apr 10 15:43:14 ovzhost sshd[973]: message repeated 2 times: [ Failed password for root from 43.255.190.168 port 40034 ssh2]
Apr 10 15:43:14 ovzhost sshd[973]: Received disconnect from 43.255.190.168: 11:  [preauth]
Apr 10 15:43:14 ovzhost sshd[973]: PAM 2 more authentication failures; logname= uid=0 euid=0 tty=ssh ruser= rhost=43.255.190.168  user=root
Apr 10 15:43:15 ovzhost sshd[977]: pam_unix(sshd:auth): authentication failure; logname= uid=0 euid=0 tty=ssh ruser= rhost=43.255.190.168  user=root
Apr 10 15:43:16 ovzhost sshd[975]: pam_unix(sshd:auth): authentication failure; logname= uid=0 euid=0 tty=ssh ruser= rhost=221.229.166.29  user=root
Apr 10 15:43:17 ovzhost sshd[977]: Failed password for root from 43.255.190.168 port 55977 ssh2
Apr 10 15:43:18 ovzhost sshd[975]: Failed password for root from 221.229.166.29 port 34932 ssh2
Apr 10 15:43:21 ovzhost sshd[977]: message repeated 2 times: [ Failed password for root from 43.255.190.168 port 55977 ssh2]
Apr 10 15:43:21 ovzhost sshd[977]: Received disconnect from 43.255.190.168: 11:  [preauth]
Apr 10 15:43:21 ovzhost sshd[977]: PAM 2 more authentication failures; logname= uid=0 euid=0 tty=ssh ruser= rhost=43.255.190.168  user=root
Apr 10 15:43:22 ovzhost sshd[979]: pam_unix(sshd:auth): authentication failure; logname= uid=0 euid=0 tty=ssh ruser= rhost=43.255.190.168  user=root
Apr 10 15:43:23 ovzhost sshd[975]: message repeated 2 times: [ Failed password for root from 221.229.166.29 port 34932 ssh2]
Apr 10 15:43:23 ovzhost sshd[975]: Received disconnect from 221.229.166.29: 11:  [preauth]
Apr 10 15:43:23 ovzhost sshd[975]: PAM 2 more authentication failures; logname= uid=0 euid=0 tty=ssh ruser= rhost=221.229.166.29  user=root
Apr 10 15:43:24 ovzhost sshd[979]: Failed password for root from 43.255.190.168 port 43957 ssh2
Apr 10 15:43:28 ovzhost sshd[979]: message repeated 2 times: [ Failed password for root from 43.255.190.168 port 43957 ssh2]
Apr 10 15:43:28 ovzhost sshd[979]: Received disconnect from 43.255.190.168: 11:  [preauth]
Apr 10 15:43:28 ovzhost sshd[979]: PAM 2 more authentication failures; logname= uid=0 euid=0 tty=ssh ruser= rhost=43.255.190.168  user=root
Apr 10 15:43:29 ovzhost sshd[981]: pam_unix(sshd:auth): authentication failure; logname= uid=0 euid=0 tty=ssh ruser= rhost=43.255.190.168  user=root
Apr 10 15:43:31 ovzhost sshd[981]: Failed password for root from 43.255.190.168 port 60001 ssh2
Apr 10 15:43:35 ovzhost sshd[981]: message repeated 2 times: [ Failed password for root from 43.255.190.168 port 60001 ssh2]
Apr 10 15:43:35 ovzhost sshd[981]: Received disconnect from 43.255.190.168: 11:  [preauth]
Apr 10 15:43:35 ovzhost sshd[981]: PAM 2 more authentication failures; logname= uid=0 euid=0 tty=ssh ruser= rhost=43.255.190.168  user=root
Apr 10 15:43:36 ovzhost sshd[983]: pam_unix(sshd:auth): authentication failure; logname= uid=0 euid=0 tty=ssh ruser= rhost=43.255.190.168  user=root
Apr 10 15:43:38 ovzhost sshd[983]: Failed password for root from 43.255.190.168 port 47649 ssh2
Apr 10 15:43:42 ovzhost sshd[983]: message repeated 2 times: [ Failed password for root from 43.255.190.168 port 47649 ssh2]
Apr 10 15:43:42 ovzhost sshd[983]: Received disconnect from 43.255.190.168: 11:  [preauth]
Apr 10 15:43:42 ovzhost sshd[983]: PAM 2 more authentication failures; logname= uid=0 euid=0 tty=ssh ruser= rhost=43.255.190.168  user=root
Apr 10 15:43:43 ovzhost sshd[985]: pam_unix(sshd:auth): authentication failure; logname= uid=0 euid=0 tty=ssh ruser= rhost=43.255.190.168  user=root
Apr 10 15:43:45 ovzhost sshd[985]: Failed password for root from 43.255.190.168 port 35288 ssh2
Apr 10 15:43:49 ovzhost sshd[985]: message repeated 2 times: [ Failed password for root from 43.255.190.168 port 35288 ssh2]
Apr 10 15:43:49 ovzhost sshd[985]: Received disconnect from 43.255.190.168: 11:  [preauth]
Apr 10 15:43:49 ovzhost sshd[985]: PAM 2 more authentication failures; logname= uid=0 euid=0 tty=ssh ruser= rhost=43.255.190.168  user=root
Apr 10 15:43:50 ovzhost sshd[987]: pam_unix(sshd:auth): authentication failure; logname= uid=0 euid=0 tty=ssh ruser= rhost=43.255.190.168  user=root
Apr 10 15:43:52 ovzhost sshd[987]: Failed password for root from 43.255.190.168 port 52204 ssh2
Apr 10 15:43:56 ovzhost sshd[987]: message repeated 2 times: [ Failed password for root from 43.255.190.168 port 52204 ssh2]
Apr 10 15:43:56 ovzhost sshd[987]: Received disconnect from 43.255.190.168: 11:  [preauth]
Apr 10 15:43:56 ovzhost sshd[987]: PAM 2 more authentication failures; logname= uid=0 euid=0 tty=ssh ruser= rhost=43.255.190.168  user=root
Apr 10 15:43:56 ovzhost sshd[991]: pam_unix(sshd:auth): authentication failure; logname= uid=0 euid=0 tty=ssh ruser= rhost=43.255.190.168  user=root
Apr 10 15:43:58 ovzhost sshd[991]: Failed password for root from 43.255.190.168 port 39689 ssh2
Apr 10 15:44:03 ovzhost sshd[991]: message repeated 2 times: [ Failed password for root from 43.255.190.168 port 39689 ssh2]
Apr 10 15:44:03 ovzhost sshd[991]: Received disconnect from 43.255.190.168: 11:  [preauth]
Apr 10 15:44:03 ovzhost sshd[991]: PAM 2 more authentication failures; logname= uid=0 euid=0 tty=ssh ruser= rhost=43.255.190.168  user=root
Apr 10 15:44:03 ovzhost sshd[993]: pam_unix(sshd:auth): authentication failure; logname= uid=0 euid=0 tty=ssh ruser= rhost=43.255.190.168  user=root
Apr 10 15:44:05 ovzhost sshd[993]: Failed password for root from 43.255.190.168 port 55077 ssh2
Apr 10 15:44:10 ovzhost sshd[993]: message repeated 2 times: [ Failed password for root from 43.255.190.168 port 55077 ssh2]
Apr 10 15:44:10 ovzhost sshd[993]: Received disconnect from 43.255.190.168: 11:  [preauth]
Apr 10 15:44:10 ovzhost sshd[993]: PAM 2 more authentication failures; logname= uid=0 euid=0 tty=ssh ruser= rhost=43.255.190.168  user=root
Apr 10 15:44:10 ovzhost sshd[995]: pam_unix(sshd:auth): authentication failure; logname= uid=0 euid=0 tty=ssh ruser= rhost=43.255.190.168  user=root
Apr 10 15:44:12 ovzhost sshd[995]: Failed password for root from 43.255.190.168 port 43176 ssh2
Apr 10 15:44:17 ovzhost sshd[995]: message repeated 2 times: [ Failed password for root from 43.255.190.168 port 43176 ssh2]
Apr 10 15:44:17 ovzhost sshd[995]: Received disconnect from 43.255.190.168: 11:  [preauth]
Apr 10 15:44:17 ovzhost sshd[995]: PAM 2 more authentication failures; logname= uid=0 euid=0 tty=ssh ruser= rhost=43.255.190.168  user=root
Apr 10 15:44:17 ovzhost sshd[997]: pam_unix(sshd:auth): authentication failure; logname= uid=0 euid=0 tty=ssh ruser= rhost=43.255.190.168  user=root
Apr 10 15:44:19 ovzhost sshd[997]: Failed password for root from 43.255.190.168 port 59363 ssh2
Apr 10 15:44:24 ovzhost sshd[997]: message repeated 2 times: [ Failed password for root from 43.255.190.168 port 59363 ssh2]
Apr 10 15:44:24 ovzhost sshd[997]: Received disconnect from 43.255.190.168: 11:  [preauth]
Apr 10 15:44:24 ovzhost sshd[997]: PAM 2 more authentication failures; logname= uid=0 euid=0 tty=ssh ruser= rhost=43.255.190.168  user=root
Apr 10 15:44:25 ovzhost sshd[999]: pam_unix(sshd:auth): authentication failure; logname= uid=0 euid=0 tty=ssh ruser= rhost=43.255.190.168  user=root
Apr 10 15:44:27 ovzhost sshd[999]: Failed password for root from 43.255.190.168 port 48665 ssh2
Apr 10 15:44:31 ovzhost sshd[999]: message repeated 2 times: [ Failed password for root from 43.255.190.168 port 48665 ssh2]
Apr 10 15:44:31 ovzhost sshd[999]: Received disconnect from 43.255.190.168: 11:  [preauth]
Apr 10 15:44:31 ovzhost sshd[999]: PAM 2 more authentication failures; logname= uid=0 euid=0 tty=ssh ruser= rhost=43.255.190.168  user=root
Apr 10 15:44:32 ovzhost sshd[1001]: pam_unix(sshd:auth): authentication failure; logname= uid=0 euid=0 tty=ssh ruser= rhost=43.255.190.168  user=root
Apr 10 15:44:34 ovzhost sshd[1001]: Failed password for root from 43.255.190.168 port 35954 ssh2
Apr 10 15:44:39 ovzhost sshd[1001]: message repeated 2 times: [ Failed password for root from 43.255.190.168 port 35954 ssh2]
Apr 10 15:44:39 ovzhost sshd[1001]: Received disconnect from 43.255.190.168: 11:  [preauth]
Apr 10 15:44:39 ovzhost sshd[1001]: PAM 2 more authentication failures; logname= uid=0 euid=0 tty=ssh ruser= rhost=43.255.190.168  user=root
Apr 10 15:44:40 ovzhost sshd[1003]: pam_unix(sshd:auth): authentication failure; logname= uid=0 euid=0 tty=ssh ruser= rhost=43.255.190.168  user=root
Apr 10 15:44:42 ovzhost sshd[1003]: Failed password for root from 43.255.190.168 port 52003 ssh2
Apr 10 15:44:47 ovzhost sshd[1003]: message repeated 2 times: [ Failed password for root from 43.255.190.168 port 52003 ssh2]
Apr 10 15:44:47 ovzhost sshd[1003]: Received disconnect from 43.255.190.168: 11:  [preauth]
Apr 10 15:44:47 ovzhost sshd[1003]: PAM 2 more authentication failures; logname= uid=0 euid=0 tty=ssh ruser= rhost=43.255.190.168  user=root
Apr 10 15:44:47 ovzhost sshd[1005]: pam_unix(sshd:auth): authentication failure; logname= uid=0 euid=0 tty=ssh ruser= rhost=43.255.190.168  user=root
Apr 10 15:44:49 ovzhost sshd[1005]: Failed password for root from 43.255.190.168 port 40363 ssh2
Apr 10 15:44:55 ovzhost sshd[1005]: message repeated 2 times: [ Failed password for root from 43.255.190.168 port 40363 ssh2]
Apr 10 15:44:55 ovzhost sshd[1005]: Received disconnect from 43.255.190.168: 11:  [preauth]
Apr 10 15:44:55 ovzhost sshd[1005]: PAM 2 more authentication failures; logname= uid=0 euid=0 tty=ssh ruser= rhost=43.255.190.168  user=root
Apr 10 15:44:55 ovzhost sshd[1009]: pam_unix(sshd:auth): authentication failure; logname= uid=0 euid=0 tty=ssh ruser= rhost=43.255.190.168  user=root
Apr 10 15:44:57 ovzhost sshd[1009]: Failed password for root from 43.255.190.168 port 56782 ssh2
Apr 10 15:45:01 ovzhost sshd[1009]: message repeated 2 times: [ Failed password for root from 43.255.190.168 port 56782 ssh2]
Apr 10 15:45:01 ovzhost sshd[1009]: Received disconnect from 43.255.190.168: 11:  [preauth]
Apr 10 15:45:01 ovzhost sshd[1009]: PAM 2 more authentication failures; logname= uid=0 euid=0 tty=ssh ruser= rhost=43.255.190.168  user=root
Apr 10 15:45:02 ovzhost sshd[1011]: pam_unix(sshd:auth): authentication failure; logname= uid=0 euid=0 tty=ssh ruser= rhost=43.255.190.168  user=root
Apr 10 15:45:04 ovzhost sshd[1011]: Failed password for root from 43.255.190.168 port 43124 ssh2
Apr 10 15:45:09 ovzhost sshd[1011]: message repeated 2 times: [ Failed password for root from 43.255.190.168 port 43124 ssh2]
Apr 10 15:45:09 ovzhost sshd[1011]: Received disconnect from 43.255.190.168: 11:  [preauth]
Apr 10 15:45:09 ovzhost sshd[1011]: PAM 2 more authentication failures; logname= uid=0 euid=0 tty=ssh ruser= rhost=43.255.190.168  user=root
Apr 10 15:45:09 ovzhost sshd[1013]: pam_unix(sshd:auth): authentication failure; logname= uid=0 euid=0 tty=ssh ruser= rhost=43.255.190.168  user=root
Apr 10 15:45:11 ovzhost sshd[1013]: Failed password for root from 43.255.190.168 port 58280 ssh2
Apr 10 15:45:16 ovzhost sshd[1013]: message repeated 2 times: [ Failed password for root from 43.255.190.168 port 58280 ssh2]
Apr 10 15:45:16 ovzhost sshd[1013]: Received disconnect from 43.255.190.168: 11:  [preauth]
Apr 10 15:45:16 ovzhost sshd[1013]: PAM 2 more authentication failures; logname= uid=0 euid=0 tty=ssh ruser= rhost=43.255.190.168  user=root
Apr 10 15:45:17 ovzhost sshd[1015]: pam_unix(sshd:auth): authentication failure; logname= uid=0 euid=0 tty=ssh ruser= rhost=43.255.190.168  user=root
Apr 10 15:45:19 ovzhost sshd[1015]: Failed password for root from 43.255.190.168 port 45241 ssh2
Apr 10 15:45:23 ovzhost sshd[1015]: message repeated 2 times: [ Failed password for root from 43.255.190.168 port 45241 ssh2]
Apr 10 15:45:23 ovzhost sshd[1015]: Received disconnect from 43.255.190.168: 11:  [preauth]
Apr 10 15:45:23 ovzhost sshd[1015]: PAM 2 more authentication failures; logname= uid=0 euid=0 tty=ssh ruser= rhost=43.255.190.168  user=root
Apr 10 15:45:24 ovzhost sshd[1017]: pam_unix(sshd:auth): authentication failure; logname= uid=0 euid=0 tty=ssh ruser= rhost=43.255.190.168  user=root
Apr 10 15:45:26 ovzhost sshd[1017]: Failed password for root from 43.255.190.168 port 60135 ssh2
