Apr 11 16:48:52 ovzhost sshd[1037]: Received disconnect from 43.255.190.149: 11:  [preauth]
Apr 11 16:48:52 ovzhost sshd[1037]: PAM 2 more authentication failures; logname= uid=0 euid=0 tty=ssh ruser= rhost=43.255.190.149  user=root
Apr 11 16:48:53 ovzhost sshd[1041]: pam_unix(sshd:auth): authentication failure; logname= uid=0 euid=0 tty=ssh ruser= rhost=43.255.190.149  user=root
Apr 11 16:48:54 ovzhost sshd[1039]: message repeated 2 times: [ Failed password for root from 43.255.190.151 port 38959 ssh2]
Apr 11 16:48:54 ovzhost sshd[1039]: Received disconnect from 43.255.190.151: 11:  [preauth]
Apr 11 16:48:54 ovzhost sshd[1039]: PAM 2 more authentication failures; logname= uid=0 euid=0 tty=ssh ruser= rhost=43.255.190.151  user=root
Apr 11 16:48:55 ovzhost sshd[1041]: Failed password for root from 43.255.190.149 port 49801 ssh2
Apr 11 16:48:55 ovzhost sshd[1043]: pam_unix(sshd:auth): authentication failure; logname= uid=0 euid=0 tty=ssh ruser= rhost=43.255.190.151  user=root
Apr 11 16:48:57 ovzhost sshd[1043]: Failed password for root from 43.255.190.151 port 52718 ssh2
Apr 11 16:48:59 ovzhost sshd[1041]: message repeated 2 times: [ Failed password for root from 43.255.190.149 port 49801 ssh2]
Apr 11 16:48:59 ovzhost sshd[1041]: Received disconnect from 43.255.190.149: 11:  [preauth]
Apr 11 16:48:59 ovzhost sshd[1041]: PAM 2 more authentication failures; logname= uid=0 euid=0 tty=ssh ruser= rhost=43.255.190.149  user=root
Apr 11 16:49:01 ovzhost sshd[1043]: message repeated 2 times: [ Failed password for root from 43.255.190.151 port 52718 ssh2]
Apr 11 16:49:01 ovzhost sshd[1043]: Received disconnect from 43.255.190.151: 11:  [preauth]
Apr 11 16:49:01 ovzhost sshd[1043]: PAM 2 more authentication failures; logname= uid=0 euid=0 tty=ssh ruser= rhost=43.255.190.151  user=root
Apr 11 16:49:01 ovzhost sshd[1049]: pam_unix(sshd:auth): authentication failure; logname= uid=0 euid=0 tty=ssh ruser= rhost=43.255.190.151  user=root
Apr 11 16:49:04 ovzhost sshd[1049]: Failed password for root from 43.255.190.151 port 37760 ssh2
Apr 11 16:49:05 ovzhost sshd[1047]: pam_unix(sshd:auth): authentication failure; logname= uid=0 euid=0 tty=ssh ruser= rhost=43.255.190.149  user=root
Apr 11 16:49:07 ovzhost sshd[1049]: message repeated 2 times: [ Failed password for root from 43.255.190.151 port 37760 ssh2]
Apr 11 16:49:07 ovzhost sshd[1049]: Received disconnect from 43.255.190.151: 11:  [preauth]
Apr 11 16:49:07 ovzhost sshd[1049]: PAM 2 more authentication failures; logname= uid=0 euid=0 tty=ssh ruser= rhost=43.255.190.151  user=root
Apr 11 16:49:07 ovzhost sshd[1047]: Failed password for root from 43.255.190.149 port 58024 ssh2
Apr 11 16:49:07 ovzhost sshd[1053]: pam_unix(sshd:auth): authentication failure; logname= uid=0 euid=0 tty=ssh ruser= rhost=43.255.190.151  user=root
Apr 11 16:49:09 ovzhost sshd[1053]: Failed password for root from 43.255.190.151 port 51717 ssh2
Apr 11 16:49:11 ovzhost sshd[1047]: message repeated 2 times: [ Failed password for root from 43.255.190.149 port 58024 ssh2]
Apr 11 16:49:11 ovzhost sshd[1047]: Received disconnect from 43.255.190.149: 11:  [preauth]
Apr 11 16:49:11 ovzhost sshd[1047]: PAM 2 more authentication failures; logname= uid=0 euid=0 tty=ssh ruser= rhost=43.255.190.149  user=root
Apr 11 16:49:12 ovzhost sshd[1055]: pam_unix(sshd:auth): authentication failure; logname= uid=0 euid=0 tty=ssh ruser= rhost=43.255.190.149  user=root
Apr 11 16:49:12 ovzhost sshd[1053]: message repeated 2 times: [ Failed password for root from 43.255.190.151 port 51717 ssh2]
Apr 11 16:49:12 ovzhost sshd[1053]: Received disconnect from 43.255.190.151: 11:  [preauth]
Apr 11 16:49:12 ovzhost sshd[1053]: PAM 2 more authentication failures; logname= uid=0 euid=0 tty=ssh ruser= rhost=43.255.190.151  user=root
Apr 11 16:49:13 ovzhost sshd[1057]: pam_unix(sshd:auth): authentication failure; logname= uid=0 euid=0 tty=ssh ruser= rhost=43.255.190.151  user=root
Apr 11 16:49:14 ovzhost sshd[1055]: Failed password for root from 43.255.190.149 port 46447 ssh2
Apr 11 16:49:15 ovzhost sshd[1057]: Failed password for root from 43.255.190.151 port 35708 ssh2
Apr 11 16:49:18 ovzhost sshd[1055]: message repeated 2 times: [ Failed password for root from 43.255.190.149 port 46447 ssh2]
Apr 11 16:49:18 ovzhost sshd[1055]: Received disconnect from 43.255.190.149: 11:  [preauth]
Apr 11 16:49:18 ovzhost sshd[1055]: PAM 2 more authentication failures; logname= uid=0 euid=0 tty=ssh ruser= rhost=43.255.190.149  user=root
Apr 11 16:49:19 ovzhost sshd[1057]: message repeated 2 times: [ Failed password for root from 43.255.190.151 port 35708 ssh2]
Apr 11 16:49:19 ovzhost sshd[1057]: Received disconnect from 43.255.190.151: 11:  [preauth]
Apr 11 16:49:19 ovzhost sshd[1057]: PAM 2 more authentication failures; logname= uid=0 euid=0 tty=ssh ruser= rhost=43.255.190.151  user=root
Apr 11 16:49:19 ovzhost sshd[1061]: pam_unix(sshd:auth): authentication failure; logname= uid=0 euid=0 tty=ssh ruser= rhost=43.255.190.151  user=root
Apr 11 16:49:20 ovzhost sshd[1059]: pam_unix(sshd:auth): authentication failure; logname= uid=0 euid=0 tty=ssh ruser= rhost=43.255.190.149  user=root
Apr 11 16:49:22 ovzhost sshd[1061]: Failed password for root from 43.255.190.151 port 49921 ssh2
Apr 11 16:49:23 ovzhost sshd[1059]: Failed password for root from 43.255.190.149 port 56380 ssh2
Apr 11 16:49:26 ovzhost sshd[1061]: message repeated 2 times: [ Failed password for root from 43.255.190.151 port 49921 ssh2]
Apr 11 16:49:26 ovzhost sshd[1061]: Received disconnect from 43.255.190.151: 11:  [preauth]
Apr 11 16:49:26 ovzhost sshd[1061]: PAM 2 more authentication failures; logname= uid=0 euid=0 tty=ssh ruser= rhost=43.255.190.151  user=root
Apr 11 16:49:26 ovzhost sshd[1064]: pam_unix(sshd:auth): authentication failure; logname= uid=0 euid=0 tty=ssh ruser= rhost=43.255.190.151  user=root
Apr 11 16:49:26 ovzhost sshd[1059]: message repeated 2 times: [ Failed password for root from 43.255.190.149 port 56380 ssh2]
Apr 11 16:49:26 ovzhost sshd[1059]: Received disconnect from 43.255.190.149: 11:  [preauth]
Apr 11 16:49:26 ovzhost sshd[1059]: PAM 2 more authentication failures; logname= uid=0 euid=0 tty=ssh ruser= rhost=43.255.190.149  user=root
Apr 11 16:49:28 ovzhost sshd[1066]: pam_unix(sshd:auth): authentication failure; logname= uid=0 euid=0 tty=ssh ruser= rhost=43.255.190.149  user=root
Apr 11 16:49:28 ovzhost sshd[1064]: Failed password for root from 43.255.190.151 port 37061 ssh2
Apr 11 16:49:29 ovzhost sshd[1066]: Failed password for root from 43.255.190.149 port 39657 ssh2
Apr 11 16:49:32 ovzhost sshd[1064]: message repeated 2 times: [ Failed password for root from 43.255.190.151 port 37061 ssh2]
Apr 11 16:49:32 ovzhost sshd[1064]: Received disconnect from 43.255.190.151: 11:  [preauth]
Apr 11 16:49:32 ovzhost sshd[1064]: PAM 2 more authentication failures; logname= uid=0 euid=0 tty=ssh ruser= rhost=43.255.190.151  user=root
Apr 11 16:49:32 ovzhost sshd[1068]: pam_unix(sshd:auth): authentication failure; logname= uid=0 euid=0 tty=ssh ruser= rhost=43.255.190.151  user=root
Apr 11 16:49:33 ovzhost sshd[1066]: message repeated 2 times: [ Failed password for root from 43.255.190.149 port 39657 ssh2]
Apr 11 16:49:33 ovzhost sshd[1066]: Received disconnect from 43.255.190.149: 11:  [preauth]
Apr 11 16:49:33 ovzhost sshd[1066]: PAM 2 more authentication failures; logname= uid=0 euid=0 tty=ssh ruser= rhost=43.255.190.149  user=root
Apr 11 16:49:34 ovzhost sshd[1070]: pam_unix(sshd:auth): authentication failure; logname= uid=0 euid=0 tty=ssh ruser= rhost=43.255.190.149  user=root
Apr 11 16:49:35 ovzhost sshd[1068]: Failed password for root from 43.255.190.151 port 50940 ssh2
Apr 11 16:49:36 ovzhost sshd[1070]: Failed password for root from 43.255.190.149 port 48930 ssh2
Apr 11 16:49:39 ovzhost sshd[1068]: message repeated 2 times: [ Failed password for root from 43.255.190.151 port 50940 ssh2]
Apr 11 16:49:39 ovzhost sshd[1068]: Received disconnect from 43.255.190.151: 11:  [preauth]
Apr 11 16:49:39 ovzhost sshd[1068]: PAM 2 more authentication failures; logname= uid=0 euid=0 tty=ssh ruser= rhost=43.255.190.151  user=root
Apr 11 16:49:39 ovzhost sshd[1072]: pam_unix(sshd:auth): authentication failure; logname= uid=0 euid=0 tty=ssh ruser= rhost=43.255.190.151  user=root
Apr 11 16:49:40 ovzhost sshd[1070]: message repeated 2 times: [ Failed password for root from 43.255.190.149 port 48930 ssh2]
Apr 11 16:49:40 ovzhost sshd[1070]: Received disconnect from 43.255.190.149: 11:  [preauth]
Apr 11 16:49:40 ovzhost sshd[1070]: PAM 2 more authentication failures; logname= uid=0 euid=0 tty=ssh ruser= rhost=43.255.190.149  user=root
Apr 11 16:49:41 ovzhost sshd[1072]: Failed password for root from 43.255.190.151 port 38330 ssh2
Apr 11 16:49:41 ovzhost sshd[1074]: pam_unix(sshd:auth): authentication failure; logname= uid=0 euid=0 tty=ssh ruser= rhost=43.255.190.149  user=root
Apr 11 16:49:43 ovzhost sshd[1074]: Failed password for root from 43.255.190.149 port 58572 ssh2
Apr 11 16:49:45 ovzhost sshd[1072]: message repeated 2 times: [ Failed password for root from 43.255.190.151 port 38330 ssh2]
Apr 11 16:49:45 ovzhost sshd[1072]: Received disconnect from 43.255.190.151: 11:  [preauth]
Apr 11 16:49:45 ovzhost sshd[1072]: PAM 2 more authentication failures; logname= uid=0 euid=0 tty=ssh ruser= rhost=43.255.190.151  user=root
Apr 11 16:49:45 ovzhost sshd[1076]: pam_unix(sshd:auth): authentication failure; logname= uid=0 euid=0 tty=ssh ruser= rhost=43.255.190.151  user=root
Apr 11 16:49:46 ovzhost sshd[1074]: message repeated 2 times: [ Failed password for root from 43.255.190.149 port 58572 ssh2]
Apr 11 16:49:46 ovzhost sshd[1074]: Received disconnect from 43.255.190.149: 11:  [preauth]
Apr 11 16:49:46 ovzhost sshd[1074]: PAM 2 more authentication failures; logname= uid=0 euid=0 tty=ssh ruser= rhost=43.255.190.149  user=root
Apr 11 16:49:47 ovzhost sshd[1076]: Failed password for root from 43.255.190.151 port 52610 ssh2
Apr 11 16:49:51 ovzhost sshd[1076]: message repeated 2 times: [ Failed password for root from 43.255.190.151 port 52610 ssh2]
Apr 11 16:49:51 ovzhost sshd[1076]: Received disconnect from 43.255.190.151: 11:  [preauth]
Apr 11 16:49:51 ovzhost sshd[1076]: PAM 2 more authentication failures; logname= uid=0 euid=0 tty=ssh ruser= rhost=43.255.190.151  user=root
Apr 11 16:49:51 ovzhost sshd[1081]: pam_unix(sshd:auth): authentication failure; logname= uid=0 euid=0 tty=ssh ruser= rhost=43.255.190.151  user=root
Apr 11 16:49:52 ovzhost sshd[1079]: pam_unix(sshd:auth): authentication failure; logname= uid=0 euid=0 tty=ssh ruser= rhost=43.255.190.149  user=root
Apr 11 16:49:52 ovzhost sshd[1081]: Failed password for root from 43.255.190.151 port 37669 ssh2
Apr 11 16:49:54 ovzhost sshd[1079]: Failed password for root from 43.255.190.149 port 38818 ssh2
Apr 11 16:49:56 ovzhost sshd[1081]: message repeated 2 times: [ Failed password for root from 43.255.190.151 port 37669 ssh2]
Apr 11 16:49:56 ovzhost sshd[1081]: Received disconnect from 43.255.190.151: 11:  [preauth]
Apr 11 16:49:56 ovzhost sshd[1081]: PAM 2 more authentication failures; logname= uid=0 euid=0 tty=ssh ruser= rhost=43.255.190.151  user=root
Apr 11 16:49:57 ovzhost sshd[1084]: pam_unix(sshd:auth): authentication failure; logname= uid=0 euid=0 tty=ssh ruser= rhost=43.255.190.151  user=root
Apr 11 16:49:58 ovzhost sshd[1079]: message repeated 2 times: [ Failed password for root from 43.255.190.149 port 38818 ssh2]
Apr 11 16:49:58 ovzhost sshd[1079]: Received disconnect from 43.255.190.149: 11:  [preauth]
Apr 11 16:49:58 ovzhost sshd[1079]: PAM 2 more authentication failures; logname= uid=0 euid=0 tty=ssh ruser= rhost=43.255.190.149  user=root
Apr 11 16:49:58 ovzhost sshd[1084]: Failed password for root from 43.255.190.151 port 50989 ssh2
Apr 11 16:50:02 ovzhost sshd[1084]: message repeated 2 times: [ Failed password for root from 43.255.190.151 port 50989 ssh2]
Apr 11 16:50:02 ovzhost sshd[1084]: Received disconnect from 43.255.190.151: 11:  [preauth]
Apr 11 16:50:02 ovzhost sshd[1084]: PAM 2 more authentication failures; logname= uid=0 euid=0 tty=ssh ruser= rhost=43.255.190.151  user=root
Apr 11 16:50:03 ovzhost sshd[1088]: pam_unix(sshd:auth): authentication failure; logname= uid=0 euid=0 tty=ssh ruser= rhost=43.255.190.151  user=root
Apr 11 16:50:04 ovzhost sshd[1088]: Failed password for root from 43.255.190.151 port 36826 ssh2
Apr 11 16:50:05 ovzhost sshd[1086]: pam_unix(sshd:auth): authentication failure; logname= uid=0 euid=0 tty=ssh ruser= rhost=43.255.190.149  user=root
Apr 11 16:50:06 ovzhost sshd[1086]: Failed password for root from 43.255.190.149 port 54803 ssh2
Apr 11 16:50:08 ovzhost sshd[1088]: message repeated 2 times: [ Failed password for root from 43.255.190.151 port 36826 ssh2]
Apr 11 16:50:08 ovzhost sshd[1088]: Received disconnect from 43.255.190.151: 11:  [preauth]
Apr 11 16:50:08 ovzhost sshd[1088]: PAM 2 more authentication failures; logname= uid=0 euid=0 tty=ssh ruser= rhost=43.255.190.151  user=root
Apr 11 16:50:09 ovzhost sshd[1090]: pam_unix(sshd:auth): authentication failure; logname= uid=0 euid=0 tty=ssh ruser= rhost=43.255.190.151  user=root
Apr 11 16:50:10 ovzhost sshd[1090]: Failed password for root from 43.255.190.151 port 50764 ssh2
Apr 11 16:50:11 ovzhost sshd[1086]: message repeated 2 times: [ Failed password for root from 43.255.190.149 port 54803 ssh2]
Apr 11 16:50:11 ovzhost sshd[1086]: Received disconnect from 43.255.190.149: 11:  [preauth]
Apr 11 16:50:11 ovzhost sshd[1086]: PAM 2 more authentication failures; logname= uid=0 euid=0 tty=ssh ruser= rhost=43.255.190.149  user=root
Apr 11 16:50:12 ovzhost sshd[1092]: pam_unix(sshd:auth): authentication failure; logname= uid=0 euid=0 tty=ssh ruser= rhost=43.255.190.149  user=root
Apr 11 16:50:14 ovzhost sshd[1092]: Failed password for root from 43.255.190.149 port 44766 ssh2
Apr 11 16:50:14 ovzhost sshd[1090]: message repeated 2 times: [ Failed password for root from 43.255.190.151 port 50764 ssh2]
Apr 11 16:50:14 ovzhost sshd[1090]: Received disconnect from 43.255.190.151: 11:  [preauth]
Apr 11 16:50:14 ovzhost sshd[1090]: PAM 2 more authentication failures; logname= uid=0 euid=0 tty=ssh ruser= rhost=43.255.190.151  user=root
Apr 11 16:50:14 ovzhost sshd[1094]: pam_unix(sshd:auth): authentication failure; logname= uid=0 euid=0 tty=ssh ruser= rhost=43.255.190.151  user=root
Apr 11 16:50:17 ovzhost sshd[1094]: Failed password for root from 43.255.190.151 port 37329 ssh2
Apr 11 16:50:18 ovzhost sshd[1092]: message repeated 2 times: [ Failed password for root from 43.255.190.149 port 44766 ssh2]
Apr 11 16:50:18 ovzhost sshd[1092]: Received disconnect from 43.255.190.149: 11:  [preauth]
Apr 11 16:50:18 ovzhost sshd[1092]: PAM 2 more authentication failures; logname= uid=0 euid=0 tty=ssh ruser= rhost=43.255.190.149  user=root
Apr 11 16:50:21 ovzhost sshd[1094]: message repeated 2 times: [ Failed password for root from 43.255.190.151 port 37329 ssh2]
Apr 11 16:50:21 ovzhost sshd[1094]: Received disconnect from 43.255.190.151: 11:  [preauth]
Apr 11 16:50:21 ovzhost sshd[1094]: PAM 2 more authentication failures; logname= uid=0 euid=0 tty=ssh ruser= rhost=43.255.190.151  user=root
Apr 11 16:50:21 ovzhost sshd[1096]: pam_unix(sshd:auth): authentication failure; logname= uid=0 euid=0 tty=ssh ruser= rhost=43.255.190.149  user=root
Apr 11 16:50:22 ovzhost sshd[1098]: pam_unix(sshd:auth): authentication failure; logname= uid=0 euid=0 tty=ssh ruser= rhost=43.255.190.151  user=root
Apr 11 16:50:23 ovzhost sshd[1096]: Failed password for root from 43.255.190.149 port 55069 ssh2
Apr 11 16:50:23 ovzhost sshd[1098]: Failed password for root from 43.255.190.151 port 55855 ssh2
Apr 11 16:50:26 ovzhost sshd[1101]: Connection closed by 128.8.37.104 [preauth]
Apr 11 16:50:27 ovzhost sshd[1098]: message repeated 2 times: [ Failed password for root from 43.255.190.151 port 55855 ssh2]
Apr 11 16:50:27 ovzhost sshd[1098]: Received disconnect from 43.255.190.151: 11:  [preauth]
Apr 11 16:50:27 ovzhost sshd[1098]: PAM 2 more authentication failures; logname= uid=0 euid=0 tty=ssh ruser= rhost=43.255.190.151  user=root
Apr 11 16:50:27 ovzhost sshd[1096]: message repeated 2 times: [ Failed password for root from 43.255.190.149 port 55069 ssh2]
Apr 11 16:50:27 ovzhost sshd[1096]: Received disconnect from 43.255.190.149: 11:  [preauth]
Apr 11 16:50:27 ovzhost sshd[1096]: PAM 2 more authentication failures; logname= uid=0 euid=0 tty=ssh ruser= rhost=43.255.190.149  user=root
Apr 11 16:50:27 ovzhost sshd[1103]: pam_unix(sshd:auth): authentication failure; logname= uid=0 euid=0 tty=ssh ruser= rhost=43.255.190.149  user=root
Apr 11 16:50:28 ovzhost sshd[1105]: pam_unix(sshd:auth): authentication failure; logname= uid=0 euid=0 tty=ssh ruser= rhost=43.255.190.151  user=root
Apr 11 16:50:29 ovzhost sshd[1103]: Failed password for root from 43.255.190.149 port 39443 ssh2
Apr 11 16:50:29 ovzhost sshd[1105]: Failed password for root from 43.255.190.151 port 42499 ssh2
Apr 11 16:50:34 ovzhost sshd[1103]: message repeated 2 times: [ Failed password for root from 43.255.190.149 port 39443 ssh2]
Apr 11 16:50:34 ovzhost sshd[1103]: Received disconnect from 43.255.190.149: 11:  [preauth]
Apr 11 16:50:34 ovzhost sshd[1103]: PAM 2 more authentication failures; logname= uid=0 euid=0 tty=ssh ruser= rhost=43.255.190.149  user=root
Apr 11 16:50:34 ovzhost sshd[1105]: message repeated 2 times: [ Failed password for root from 43.255.190.151 port 42499 ssh2]
Apr 11 16:50:34 ovzhost sshd[1105]: Received disconnect from 43.255.190.151: 11:  [preauth]
Apr 11 16:50:34 ovzhost sshd[1105]: PAM 2 more authentication failures; logname= uid=0 euid=0 tty=ssh ruser= rhost=43.255.190.151  user=root
Apr 11 16:50:35 ovzhost sshd[1107]: pam_unix(sshd:auth): authentication failure; logname= uid=0 euid=0 tty=ssh ruser= rhost=43.255.190.151  user=root
Apr 11 16:50:36 ovzhost sshd[1107]: Failed password for root from 43.255.190.151 port 58643 ssh2
Apr 11 16:50:39 ovzhost sshd[1109]: pam_unix(sshd:auth): authentication failure; logname= uid=0 euid=0 tty=ssh ruser= rhost=43.255.190.149  user=root
Apr 11 16:50:41 ovzhost sshd[1107]: message repeated 2 times: [ Failed password for root from 43.255.190.151 port 58643 ssh2]
Apr 11 16:50:41 ovzhost sshd[1107]: Received disconnect from 43.255.190.151: 11:  [preauth]
Apr 11 16:50:41 ovzhost sshd[1107]: PAM 2 more authentication failures; logname= uid=0 euid=0 tty=ssh ruser= rhost=43.255.190.151  user=root
Apr 11 16:50:41 ovzhost sshd[1109]: Failed password for root from 43.255.190.149 port 49684 ssh2
Apr 11 16:50:41 ovzhost sshd[1111]: pam_unix(sshd:auth): authentication failure; logname= uid=0 euid=0 tty=ssh ruser= rhost=43.255.190.151  user=root
Apr 11 16:50:43 ovzhost sshd[1111]: Failed password for root from 43.255.190.151 port 45703 ssh2
Apr 11 16:50:45 ovzhost sshd[1109]: message repeated 2 times: [ Failed password for root from 43.255.190.149 port 49684 ssh2]
Apr 11 16:50:45 ovzhost sshd[1109]: Received disconnect from 43.255.190.149: 11:  [preauth]
Apr 11 16:50:45 ovzhost sshd[1109]: PAM 2 more authentication failures; logname= uid=0 euid=0 tty=ssh ruser= rhost=43.255.190.149  user=root
Apr 11 16:50:47 ovzhost sshd[1113]: pam_unix(sshd:auth): authentication failure; logname= uid=0 euid=0 tty=ssh ruser= rhost=43.255.190.149  user=root
Apr 11 16:50:47 ovzhost sshd[1111]: message repeated 2 times: [ Failed password for root from 43.255.190.151 port 45703 ssh2]
Apr 11 16:50:47 ovzhost sshd[1111]: Received disconnect from 43.255.190.151: 11:  [preauth]
Apr 11 16:50:47 ovzhost sshd[1111]: PAM 2 more authentication failures; logname= uid=0 euid=0 tty=ssh ruser= rhost=43.255.190.151  user=root
Apr 11 16:50:48 ovzhost sshd[1115]: pam_unix(sshd:auth): authentication failure; logname= uid=0 euid=0 tty=ssh ruser= rhost=43.255.190.151  user=root
Apr 11 16:50:49 ovzhost sshd[1113]: Failed password for root from 43.255.190.149 port 36654 ssh2
Apr 11 16:50:50 ovzhost sshd[1115]: Failed password for root from 43.255.190.151 port 60569 ssh2
Apr 11 16:50:53 ovzhost sshd[1113]: message repeated 2 times: [ Failed password for root from 43.255.190.149 port 36654 ssh2]
Apr 11 16:50:53 ovzhost sshd[1113]: Received disconnect from 43.255.190.149: 11:  [preauth]
Apr 11 16:50:53 ovzhost sshd[1113]: PAM 2 more authentication failures; logname= uid=0 euid=0 tty=ssh ruser= rhost=43.255.190.149  user=root
Apr 11 16:50:54 ovzhost sshd[1115]: message repeated 2 times: [ Failed password for root from 43.255.190.151 port 60569 ssh2]
Apr 11 16:50:54 ovzhost sshd[1115]: Received disconnect from 43.255.190.151: 11:  [preauth]
Apr 11 16:50:54 ovzhost sshd[1115]: PAM 2 more authentication failures; logname= uid=0 euid=0 tty=ssh ruser= rhost=43.255.190.151  user=root
Apr 11 16:50:55 ovzhost sshd[1121]: pam_unix(sshd:auth): authentication failure; logname= uid=0 euid=0 tty=ssh ruser= rhost=43.255.190.151  user=root
Apr 11 16:50:55 ovzhost sshd[1119]: pam_unix(sshd:auth): authentication failure; logname= uid=0 euid=0 tty=ssh ruser= rhost=43.255.190.149  user=root
Apr 11 16:50:56 ovzhost sshd[1121]: Failed password for root from 43.255.190.151 port 48646 ssh2
Apr 11 16:50:57 ovzhost sshd[1119]: Failed password for root from 43.255.190.149 port 47622 ssh2
Apr 11 16:51:01 ovzhost sshd[1121]: message repeated 2 times: [ Failed password for root from 43.255.190.151 port 48646 ssh2]
Apr 11 16:51:01 ovzhost sshd[1121]: Received disconnect from 43.255.190.151: 11:  [preauth]
Apr 11 16:51:01 ovzhost sshd[1121]: PAM 2 more authentication failures; logname= uid=0 euid=0 tty=ssh ruser= rhost=43.255.190.151  user=root
Apr 11 16:51:01 ovzhost sshd[1123]: pam_unix(sshd:auth): authentication failure; logname= uid=0 euid=0 tty=ssh ruser= rhost=43.255.190.151  user=root
Apr 11 16:51:02 ovzhost sshd[1119]: message repeated 2 times: [ Failed password for root from 43.255.190.149 port 47622 ssh2]
Apr 11 16:51:02 ovzhost sshd[1119]: Received disconnect from 43.255.190.149: 11:  [preauth]
Apr 11 16:51:02 ovzhost sshd[1119]: PAM 2 more authentication failures; logname= uid=0 euid=0 tty=ssh ruser= rhost=43.255.190.149  user=root
Apr 11 16:51:04 ovzhost sshd[1123]: Failed password for root from 43.255.190.151 port 35933 ssh2
Apr 11 16:51:04 ovzhost sshd[1125]: pam_unix(sshd:auth): authentication failure; logname= uid=0 euid=0 tty=ssh ruser= rhost=43.255.190.149  user=root
Apr 11 16:51:06 ovzhost sshd[1125]: Failed password for root from 43.255.190.149 port 58709 ssh2
Apr 11 16:51:07 ovzhost sshd[1123]: message repeated 2 times: [ Failed password for root from 43.255.190.151 port 35933 ssh2]
Apr 11 16:51:08 ovzhost sshd[1123]: Received disconnect from 43.255.190.151: 11:  [preauth]
Apr 11 16:51:08 ovzhost sshd[1123]: PAM 2 more authentication failures; logname= uid=0 euid=0 tty=ssh ruser= rhost=43.255.190.151  user=root
Apr 11 16:51:08 ovzhost sshd[1127]: pam_unix(sshd:auth): authentication failure; logname= uid=0 euid=0 tty=ssh ruser= rhost=43.255.190.151  user=root
Apr 11 16:51:10 ovzhost sshd[1127]: Failed password for root from 43.255.190.151 port 52005 ssh2
Apr 11 16:51:11 ovzhost sshd[1125]: message repeated 2 times: [ Failed password for root from 43.255.190.149 port 58709 ssh2]
Apr 11 16:51:11 ovzhost sshd[1125]: Received disconnect from 43.255.190.149: 11:  [preauth]
Apr 11 16:51:11 ovzhost sshd[1125]: PAM 2 more authentication failures; logname= uid=0 euid=0 tty=ssh ruser= rhost=43.255.190.149  user=root
Apr 11 16:51:14 ovzhost sshd[1127]: message repeated 2 times: [ Failed password for root from 43.255.190.151 port 52005 ssh2]
Apr 11 16:51:14 ovzhost sshd[1127]: Received disconnect from 43.255.190.151: 11:  [preauth]
Apr 11 16:51:14 ovzhost sshd[1127]: PAM 2 more authentication failures; logname= uid=0 euid=0 tty=ssh ruser= rhost=43.255.190.151  user=root
Apr 11 16:51:15 ovzhost sshd[1131]: pam_unix(sshd:auth): authentication failure; logname= uid=0 euid=0 tty=ssh ruser= rhost=43.255.190.151  user=root
Apr 11 16:51:17 ovzhost sshd[1129]: pam_unix(sshd:auth): authentication failure; logname= uid=0 euid=0 tty=ssh ruser= rhost=43.255.190.149  user=root
Apr 11 16:51:17 ovzhost sshd[1131]: Failed password for root from 43.255.190.151 port 39777 ssh2
Apr 11 16:51:19 ovzhost sshd[1129]: Failed password for root from 43.255.190.149 port 43611 ssh2
Apr 11 16:51:21 ovzhost sshd[1131]: message repeated 2 times: [ Failed password for root from 43.255.190.151 port 39777 ssh2]
Apr 11 16:51:21 ovzhost sshd[1131]: Received disconnect from 43.255.190.151: 11:  [preauth]
Apr 11 16:51:21 ovzhost sshd[1131]: PAM 2 more authentication failures; logname= uid=0 euid=0 tty=ssh ruser= rhost=43.255.190.151  user=root
Apr 11 16:51:21 ovzhost sshd[1133]: pam_unix(sshd:auth): authentication failure; logname= uid=0 euid=0 tty=ssh ruser= rhost=43.255.190.151  user=root
Apr 11 16:51:22 ovzhost sshd[1129]: message repeated 2 times: [ Failed password for root from 43.255.190.149 port 43611 ssh2]
Apr 11 16:51:23 ovzhost sshd[1129]: Received disconnect from 43.255.190.149: 11:  [preauth]
Apr 11 16:51:23 ovzhost sshd[1129]: PAM 2 more authentication failures; logname= uid=0 euid=0 tty=ssh ruser= rhost=43.255.190.149  user=root
Apr 11 16:51:23 ovzhost sshd[1133]: Failed password for root from 43.255.190.151 port 55029 ssh2
Apr 11 16:51:23 ovzhost sshd[1135]: pam_unix(sshd:auth): authentication failure; logname= uid=0 euid=0 tty=ssh ruser= rhost=43.255.190.149  user=root
Apr 11 16:51:25 ovzhost sshd[1135]: Failed password for root from 43.255.190.149 port 33944 ssh2
Apr 11 16:51:28 ovzhost sshd[1133]: message repeated 2 times: [ Failed password for root from 43.255.190.151 port 55029 ssh2]
Apr 11 16:51:28 ovzhost sshd[1133]: Received disconnect from 43.255.190.151: 11:  [preauth]
Apr 11 16:51:28 ovzhost sshd[1133]: PAM 2 more authentication failures; logname= uid=0 euid=0 tty=ssh ruser= rhost=43.255.190.151  user=root
Apr 11 16:51:28 ovzhost sshd[1139]: pam_unix(sshd:auth): authentication failure; logname= uid=0 euid=0 tty=ssh ruser= rhost=43.255.190.151  user=root
Apr 11 16:51:30 ovzhost sshd[1135]: message repeated 2 times: [ Failed password for root from 43.255.190.149 port 33944 ssh2]
Apr 11 16:51:30 ovzhost sshd[1135]: Received disconnect from 43.255.190.149: 11:  [preauth]
Apr 11 16:51:30 ovzhost sshd[1135]: PAM 2 more authentication failures; logname= uid=0 euid=0 tty=ssh ruser= rhost=43.255.190.149  user=root
Apr 11 16:51:30 ovzhost sshd[1139]: Failed password for root from 43.255.190.151 port 43398 ssh2
Apr 11 16:51:31 ovzhost sshd[1141]: pam_unix(sshd:auth): authentication failure; logname= uid=0 euid=0 tty=ssh ruser= rhost=43.255.190.149  user=root
Apr 11 16:51:33 ovzhost sshd[1141]: Failed password for root from 43.255.190.149 port 44794 ssh2
Apr 11 16:51:35 ovzhost sshd[1139]: message repeated 2 times: [ Failed password for root from 43.255.190.151 port 43398 ssh2]
Apr 11 16:51:35 ovzhost sshd[1139]: Received disconnect from 43.255.190.151: 11:  [preauth]
Apr 11 16:51:35 ovzhost sshd[1139]: PAM 2 more authentication failures; logname= uid=0 euid=0 tty=ssh ruser= rhost=43.255.190.151  user=root
Apr 11 16:51:36 ovzhost sshd[1143]: pam_unix(sshd:auth): authentication failure; logname= uid=0 euid=0 tty=ssh ruser= rhost=43.255.190.151  user=root
Apr 11 16:51:38 ovzhost sshd[1143]: Failed password for root from 43.255.190.151 port 33073 ssh2
Apr 11 16:51:38 ovzhost sshd[1141]: message repeated 2 times: [ Failed password for root from 43.255.190.149 port 44794 ssh2]
Apr 11 16:51:38 ovzhost sshd[1141]: Received disconnect from 43.255.190.149: 11:  [preauth]
Apr 11 16:51:38 ovzhost sshd[1141]: PAM 2 more authentication failures; logname= uid=0 euid=0 tty=ssh ruser= rhost=43.255.190.149  user=root
Apr 11 16:51:39 ovzhost sshd[1145]: pam_unix(sshd:auth): authentication failure; logname= uid=0 euid=0 tty=ssh ruser= rhost=43.255.190.149  user=root
Apr 11 16:51:41 ovzhost sshd[1145]: Failed password for root from 43.255.190.149 port 57510 ssh2
Apr 11 16:51:42 ovzhost sshd[1143]: message repeated 2 times: [ Failed password for root from 43.255.190.151 port 33073 ssh2]
Apr 11 16:51:42 ovzhost sshd[1143]: Received disconnect from 43.255.190.151: 11:  [preauth]
Apr 11 16:51:42 ovzhost sshd[1143]: PAM 2 more authentication failures; logname= uid=0 euid=0 tty=ssh ruser= rhost=43.255.190.151  user=root
Apr 11 16:51:43 ovzhost sshd[1147]: pam_unix(sshd:auth): authentication failure; logname= uid=0 euid=0 tty=ssh ruser= rhost=43.255.190.151  user=root
Apr 11 16:51:45 ovzhost sshd[1147]: Failed password for root from 43.255.190.151 port 49841 ssh2
Apr 11 16:51:46 ovzhost sshd[1145]: message repeated 2 times: [ Failed password for root from 43.255.190.149 port 57510 ssh2]
Apr 11 16:51:46 ovzhost sshd[1145]: Received disconnect from 43.255.190.149: 11:  [preauth]
Apr 11 16:51:46 ovzhost sshd[1145]: PAM 2 more authentication failures; logname= uid=0 euid=0 tty=ssh ruser= rhost=43.255.190.149  user=root
Apr 11 16:51:47 ovzhost sshd[1149]: pam_unix(sshd:auth): authentication failure; logname= uid=0 euid=0 tty=ssh ruser= rhost=43.255.190.149  user=root
Apr 11 16:51:49 ovzhost sshd[1149]: Failed password for root from 43.255.190.149 port 40265 ssh2
Apr 11 16:51:50 ovzhost sshd[1147]: message repeated 2 times: [ Failed password for root from 43.255.190.151 port 49841 ssh2]
Apr 11 16:51:50 ovzhost sshd[1147]: Received disconnect from 43.255.190.151: 11:  [preauth]
Apr 11 16:51:50 ovzhost sshd[1147]: PAM 2 more authentication failures; logname= uid=0 euid=0 tty=ssh ruser= rhost=43.255.190.151  user=root
Apr 11 16:51:51 ovzhost sshd[1151]: pam_unix(sshd:auth): authentication failure; logname= uid=0 euid=0 tty=ssh ruser= rhost=43.255.190.151  user=root
Apr 11 16:51:51 ovzhost sshd[1155]: Connection closed by 127.0.0.1 [preauth]
Apr 11 16:51:53 ovzhost sshd[1151]: Failed password for root from 43.255.190.151 port 38954 ssh2
Apr 11 16:51:53 ovzhost sshd[1149]: message repeated 2 times: [ Failed password for root from 43.255.190.149 port 40265 ssh2]
Apr 11 16:51:53 ovzhost sshd[1149]: Received disconnect from 43.255.190.149: 11:  [preauth]
Apr 11 16:51:53 ovzhost sshd[1149]: PAM 2 more authentication failures; logname= uid=0 euid=0 tty=ssh ruser= rhost=43.255.190.149  user=root
Apr 11 16:51:57 ovzhost sshd[1151]: message repeated 2 times: [ Failed password for root from 43.255.190.151 port 38954 ssh2]
Apr 11 16:51:57 ovzhost sshd[1151]: Received disconnect from 43.255.190.151: 11:  [preauth]
Apr 11 16:51:57 ovzhost sshd[1151]: PAM 2 more authentication failures; logname= uid=0 euid=0 tty=ssh ruser= rhost=43.255.190.151  user=root
Apr 11 16:52:00 ovzhost sshd[1157]: pam_unix(sshd:auth): authentication failure; logname= uid=0 euid=0 tty=ssh ruser= rhost=43.255.190.149  user=root
Apr 11 16:52:02 ovzhost sshd[1157]: Failed password for root from 43.255.190.149 port 58508 ssh2
Apr 11 16:52:07 ovzhost sshd[1157]: message repeated 2 times: [ Failed password for root from 43.255.190.149 port 58508 ssh2]
Apr 11 16:52:07 ovzhost sshd[1157]: Received disconnect from 43.255.190.149: 11:  [preauth]
Apr 11 16:52:07 ovzhost sshd[1157]: PAM 2 more authentication failures; logname= uid=0 euid=0 tty=ssh ruser= rhost=43.255.190.149  user=root
Apr 11 16:56:51 ovzhost sshd[1176]: Connection closed by 127.0.0.1 [preauth]
Apr 11 17:00:01 ovzhost CRON[1193]: pam_env(cron:session): Unable to open env file: /etc/default/locale: No such file or directory
Apr 11 17:00:01 ovzhost CRON[1193]: pam_unix(cron:session): session opened for user smmsp by (uid=0)
Apr 11 17:00:01 ovzhost CRON[1193]: pam_unix(cron:session): session closed for user smmsp
Apr 11 17:00:26 ovzhost sshd[1220]: Connection closed by 128.8.37.104 [preauth]
Apr 11 17:01:51 ovzhost sshd[1228]: Connection closed by 127.0.0.1 [preauth]
Apr 11 17:03:00 ovzhost sshd[1233]: pam_unix(sshd:auth): authentication failure; logname= uid=0 euid=0 tty=ssh ruser= rhost=130-123-242-80.pppoe.dyn.broadband.blic.net  user=bin
Apr 11 17:03:02 ovzhost sshd[1233]: Failed password for bin from 80.242.123.130 port 37424 ssh2
Apr 11 17:03:02 ovzhost sshd[1233]: Received disconnect from 80.242.123.130: 11: Bye Bye [preauth]
Apr 11 17:06:51 ovzhost sshd[1249]: Connection closed by 127.0.0.1 [preauth]
Apr 11 17:09:01 ovzhost CRON[1261]: pam_env(cron:session): Unable to open env file: /etc/default/locale: No such file or directory
Apr 11 17:09:01 ovzhost CRON[1262]: pam_env(cron:session): Unable to open env file: /etc/default/locale: No such file or directory
Apr 11 17:09:01 ovzhost CRON[1261]: pam_unix(cron:session): session opened for user root by (uid=0)
Apr 11 17:09:01 ovzhost CRON[1262]: pam_unix(cron:session): session opened for user root by (uid=0)
Apr 11 17:09:01 ovzhost CRON[1261]: pam_unix(cron:session): session closed for user root
Apr 11 17:09:01 ovzhost CRON[1262]: pam_unix(cron:session): session closed for user root
Apr 11 17:09:19 ovzhost sshd[1277]: pam_unix(sshd:auth): authentication failure; logname= uid=0 euid=0 tty=ssh ruser= rhost=43.255.190.123  user=root
Apr 11 17:09:20 ovzhost sshd[1277]: Failed password for root from 43.255.190.123 port 52783 ssh2
Apr 11 17:09:24 ovzhost sshd[1277]: message repeated 2 times: [ Failed password for root from 43.255.190.123 port 52783 ssh2]
Apr 11 17:09:24 ovzhost sshd[1277]: Received disconnect from 43.255.190.123: 11:  [preauth]
Apr 11 17:09:24 ovzhost sshd[1277]: PAM 2 more authentication failures; logname= uid=0 euid=0 tty=ssh ruser= rhost=43.255.190.123  user=root
Apr 11 17:09:24 ovzhost sshd[1279]: pam_unix(sshd:auth): authentication failure; logname= uid=0 euid=0 tty=ssh ruser= rhost=43.255.190.123  user=root
Apr 11 17:09:27 ovzhost sshd[1279]: Failed password for root from 43.255.190.123 port 40688 ssh2
Apr 11 17:09:30 ovzhost sshd[1279]: message repeated 2 times: [ Failed password for root from 43.255.190.123 port 40688 ssh2]
Apr 11 17:09:30 ovzhost sshd[1279]: Received disconnect from 43.255.190.123: 11:  [preauth]
Apr 11 17:09:30 ovzhost sshd[1279]: PAM 2 more authentication failures; logname= uid=0 euid=0 tty=ssh ruser= rhost=43.255.190.123  user=root
Apr 11 17:09:31 ovzhost sshd[1282]: pam_unix(sshd:auth): authentication failure; logname= uid=0 euid=0 tty=ssh ruser= rhost=43.255.190.123  user=root
Apr 11 17:09:32 ovzhost sshd[1282]: Failed password for root from 43.255.190.123 port 59139 ssh2
Apr 11 17:09:36 ovzhost sshd[1282]: message repeated 2 times: [ Failed password for root from 43.255.190.123 port 59139 ssh2]
Apr 11 17:09:36 ovzhost sshd[1282]: Received disconnect from 43.255.190.123: 11:  [preauth]
Apr 11 17:09:36 ovzhost sshd[1282]: PAM 2 more authentication failures; logname= uid=0 euid=0 tty=ssh ruser= rhost=43.255.190.123  user=root
Apr 11 17:09:37 ovzhost sshd[1284]: pam_unix(sshd:auth): authentication failure; logname= uid=0 euid=0 tty=ssh ruser= rhost=43.255.190.123  user=root
Apr 11 17:09:39 ovzhost sshd[1284]: Failed password for root from 43.255.190.123 port 48077 ssh2
Apr 11 17:09:42 ovzhost sshd[1284]: message repeated 2 times: [ Failed password for root from 43.255.190.123 port 48077 ssh2]
Apr 11 17:09:42 ovzhost sshd[1284]: Received disconnect from 43.255.190.123: 11:  [preauth]
Apr 11 17:09:42 ovzhost sshd[1284]: PAM 2 more authentication failures; logname= uid=0 euid=0 tty=ssh ruser= rhost=43.255.190.123  user=root
Apr 11 17:09:43 ovzhost sshd[1286]: pam_unix(sshd:auth): authentication failure; logname= uid=0 euid=0 tty=ssh ruser= rhost=43.255.190.123  user=root
Apr 11 17:09:44 ovzhost sshd[1286]: Failed password for root from 43.255.190.123 port 37836 ssh2
Apr 11 17:09:49 ovzhost sshd[1286]: message repeated 2 times: [ Failed password for root from 43.255.190.123 port 37836 ssh2]
Apr 11 17:09:49 ovzhost sshd[1286]: Received disconnect from 43.255.190.123: 11:  [preauth]
Apr 11 17:09:49 ovzhost sshd[1286]: PAM 2 more authentication failures; logname= uid=0 euid=0 tty=ssh ruser= rhost=43.255.190.123  user=root
Apr 11 17:09:49 ovzhost sshd[1289]: pam_unix(sshd:auth): authentication failure; logname= uid=0 euid=0 tty=ssh ruser= rhost=43.255.190.123  user=root
Apr 11 17:09:51 ovzhost sshd[1289]: Failed password for root from 43.255.190.123 port 57131 ssh2
Apr 11 17:09:56 ovzhost sshd[1289]: message repeated 2 times: [ Failed password for root from 43.255.190.123 port 57131 ssh2]
Apr 11 17:09:56 ovzhost sshd[1289]: Received disconnect from 43.255.190.123: 11:  [preauth]
Apr 11 17:09:56 ovzhost sshd[1289]: PAM 2 more authentication failures; logname= uid=0 euid=0 tty=ssh ruser= rhost=43.255.190.123  user=root
Apr 11 17:09:56 ovzhost sshd[1292]: pam_unix(sshd:auth): authentication failure; logname= uid=0 euid=0 tty=ssh ruser= rhost=43.255.190.123  user=root
Apr 11 17:09:59 ovzhost sshd[1292]: Failed password for root from 43.255.190.123 port 49265 ssh2
Apr 11 17:10:03 ovzhost sshd[1292]: message repeated 2 times: [ Failed password for root from 43.255.190.123 port 49265 ssh2]
Apr 11 17:10:03 ovzhost sshd[1292]: Received disconnect from 43.255.190.123: 11:  [preauth]
Apr 11 17:10:03 ovzhost sshd[1292]: PAM 2 more authentication failures; logname= uid=0 euid=0 tty=ssh ruser= rhost=43.255.190.123  user=root
Apr 11 17:10:03 ovzhost sshd[1294]: pam_unix(sshd:auth): authentication failure; logname= uid=0 euid=0 tty=ssh ruser= rhost=43.255.190.123  user=root
Apr 11 17:10:06 ovzhost sshd[1294]: Failed password for root from 43.255.190.123 port 40824 ssh2
Apr 11 17:10:10 ovzhost sshd[1294]: message repeated 2 times: [ Failed password for root from 43.255.190.123 port 40824 ssh2]
Apr 11 17:10:10 ovzhost sshd[1294]: Received disconnect from 43.255.190.123: 11:  [preauth]
Apr 11 17:10:10 ovzhost sshd[1294]: PAM 2 more authentication failures; logname= uid=0 euid=0 tty=ssh ruser= rhost=43.255.190.123  user=root
Apr 11 17:10:11 ovzhost sshd[1296]: pam_unix(sshd:auth): authentication failure; logname= uid=0 euid=0 tty=ssh ruser= rhost=43.255.190.123  user=root
Apr 11 17:10:13 ovzhost sshd[1296]: Failed password for root from 43.255.190.123 port 34249 ssh2
Apr 11 17:10:18 ovzhost sshd[1296]: message repeated 2 times: [ Failed password for root from 43.255.190.123 port 34249 ssh2]
Apr 11 17:10:18 ovzhost sshd[1296]: Received disconnect from 43.255.190.123: 11:  [preauth]
Apr 11 17:10:18 ovzhost sshd[1296]: PAM 2 more authentication failures; logname= uid=0 euid=0 tty=ssh ruser= rhost=43.255.190.123  user=root
Apr 11 17:10:18 ovzhost sshd[1298]: pam_unix(sshd:auth): authentication failure; logname= uid=0 euid=0 tty=ssh ruser= rhost=43.255.190.123  user=root
Apr 11 17:10:20 ovzhost sshd[1298]: Failed password for root from 43.255.190.123 port 55908 ssh2
Apr 11 17:10:25 ovzhost sshd[1298]: message repeated 2 times: [ Failed password for root from 43.255.190.123 port 55908 ssh2]
Apr 11 17:10:25 ovzhost sshd[1298]: Received disconnect from 43.255.190.123: 11:  [preauth]
Apr 11 17:10:25 ovzhost sshd[1298]: PAM 2 more authentication failures; logname= uid=0 euid=0 tty=ssh ruser= rhost=43.255.190.123  user=root
Apr 11 17:10:25 ovzhost sshd[1300]: pam_unix(sshd:auth): authentication failure; logname= uid=0 euid=0 tty=ssh ruser= rhost=43.255.190.123  user=root
Apr 11 17:10:26 ovzhost sshd[1303]: Connection closed by 128.8.37.104 [preauth]
Apr 11 17:10:27 ovzhost sshd[1300]: Failed password for root from 43.255.190.123 port 47769 ssh2
Apr 11 17:10:31 ovzhost sshd[1300]: message repeated 2 times: [ Failed password for root from 43.255.190.123 port 47769 ssh2]
Apr 11 17:10:31 ovzhost sshd[1300]: Received disconnect from 43.255.190.123: 11:  [preauth]
Apr 11 17:10:31 ovzhost sshd[1300]: PAM 2 more authentication failures; logname= uid=0 euid=0 tty=ssh ruser= rhost=43.255.190.123  user=root
Apr 11 17:10:32 ovzhost sshd[1305]: pam_unix(sshd:auth): authentication failure; logname= uid=0 euid=0 tty=ssh ruser= rhost=43.255.190.123  user=root
Apr 11 17:10:34 ovzhost sshd[1305]: Failed password for root from 43.255.190.123 port 39857 ssh2
Apr 11 17:10:38 ovzhost sshd[1305]: message repeated 2 times: [ Failed password for root from 43.255.190.123 port 39857 ssh2]
Apr 11 17:10:38 ovzhost sshd[1305]: Received disconnect from 43.255.190.123: 11:  [preauth]
Apr 11 17:10:38 ovzhost sshd[1305]: PAM 2 more authentication failures; logname= uid=0 euid=0 tty=ssh ruser= rhost=43.255.190.123  user=root
Apr 11 17:10:38 ovzhost sshd[1307]: pam_unix(sshd:auth): authentication failure; logname= uid=0 euid=0 tty=ssh ruser= rhost=43.255.190.123  user=root
Apr 11 17:10:40 ovzhost sshd[1307]: Failed password for root from 43.255.190.123 port 59071 ssh2
Apr 11 17:10:44 ovzhost sshd[1307]: message repeated 2 times: [ Failed password for root from 43.255.190.123 port 59071 ssh2]
Apr 11 17:10:44 ovzhost sshd[1307]: Received disconnect from 43.255.190.123: 11:  [preauth]
Apr 11 17:10:44 ovzhost sshd[1307]: PAM 2 more authentication failures; logname= uid=0 euid=0 tty=ssh ruser= rhost=43.255.190.123  user=root
Apr 11 17:10:45 ovzhost sshd[1309]: pam_unix(sshd:auth): authentication failure; logname= uid=0 euid=0 tty=ssh ruser= rhost=43.255.190.123  user=root
Apr 11 17:10:47 ovzhost sshd[1309]: Failed password for root from 43.255.190.123 port 48546 ssh2
Apr 11 17:10:51 ovzhost sshd[1309]: message repeated 2 times: [ Failed password for root from 43.255.190.123 port 48546 ssh2]
Apr 11 17:10:51 ovzhost sshd[1309]: Received disconnect from 43.255.190.123: 11:  [preauth]
Apr 11 17:10:51 ovzhost sshd[1309]: PAM 2 more authentication failures; logname= uid=0 euid=0 tty=ssh ruser= rhost=43.255.190.123  user=root
Apr 11 17:10:51 ovzhost sshd[1311]: pam_unix(sshd:auth): authentication failure; logname= uid=0 euid=0 tty=ssh ruser= rhost=43.255.190.123  user=root
Apr 11 17:10:54 ovzhost sshd[1311]: Failed password for root from 43.255.190.123 port 39127 ssh2
Apr 11 17:10:57 ovzhost sshd[1311]: message repeated 2 times: [ Failed password for root from 43.255.190.123 port 39127 ssh2]
Apr 11 17:10:58 ovzhost sshd[1311]: Received disconnect from 43.255.190.123: 11:  [preauth]
Apr 11 17:10:58 ovzhost sshd[1311]: PAM 2 more authentication failures; logname= uid=0 euid=0 tty=ssh ruser= rhost=43.255.190.123  user=root
Apr 11 17:10:58 ovzhost sshd[1313]: pam_unix(sshd:auth): authentication failure; logname= uid=0 euid=0 tty=ssh ruser= rhost=43.255.190.123  user=root
Apr 11 17:11:01 ovzhost sshd[1313]: Failed password for root from 43.255.190.123 port 57879 ssh2
Apr 11 17:11:05 ovzhost sshd[1313]: message repeated 2 times: [ Failed password for root from 43.255.190.123 port 57879 ssh2]
Apr 11 17:11:05 ovzhost sshd[1313]: Received disconnect from 43.255.190.123: 11:  [preauth]
Apr 11 17:11:05 ovzhost sshd[1313]: PAM 2 more authentication failures; logname= uid=0 euid=0 tty=ssh ruser= rhost=43.255.190.123  user=root
Apr 11 17:11:06 ovzhost sshd[1315]: pam_unix(sshd:auth): authentication failure; logname= uid=0 euid=0 tty=ssh ruser= rhost=43.255.190.123  user=root
Apr 11 17:11:08 ovzhost sshd[1315]: Failed password for root from 43.255.190.123 port 50240 ssh2
Apr 11 17:11:12 ovzhost sshd[1315]: message repeated 2 times: [ Failed password for root from 43.255.190.123 port 50240 ssh2]
Apr 11 17:11:12 ovzhost sshd[1315]: Received disconnect from 43.255.190.123: 11:  [preauth]
Apr 11 17:11:12 ovzhost sshd[1315]: PAM 2 more authentication failures; logname= uid=0 euid=0 tty=ssh ruser= rhost=43.255.190.123  user=root
Apr 11 17:11:13 ovzhost sshd[1319]: pam_unix(sshd:auth): authentication failure; logname= uid=0 euid=0 tty=ssh ruser= rhost=43.255.190.123  user=root
Apr 11 17:11:15 ovzhost sshd[1319]: Failed password for root from 43.255.190.123 port 41405 ssh2
Apr 11 17:11:19 ovzhost sshd[1319]: message repeated 2 times: [ Failed password for root from 43.255.190.123 port 41405 ssh2]
Apr 11 17:11:19 ovzhost sshd[1319]: Received disconnect from 43.255.190.123: 11:  [preauth]
Apr 11 17:11:19 ovzhost sshd[1319]: PAM 2 more authentication failures; logname= uid=0 euid=0 tty=ssh ruser= rhost=43.255.190.123  user=root
Apr 11 17:11:20 ovzhost sshd[1321]: pam_unix(sshd:auth): authentication failure; logname= uid=0 euid=0 tty=ssh ruser= rhost=43.255.190.123  user=root
Apr 11 17:11:22 ovzhost sshd[1321]: Failed password for root from 43.255.190.123 port 60462 ssh2
Apr 11 17:11:27 ovzhost sshd[1321]: message repeated 2 times: [ Failed password for root from 43.255.190.123 port 60462 ssh2]
Apr 11 17:11:27 ovzhost sshd[1321]: Received disconnect from 43.255.190.123: 11:  [preauth]
Apr 11 17:11:27 ovzhost sshd[1321]: PAM 2 more authentication failures; logname= uid=0 euid=0 tty=ssh ruser= rhost=43.255.190.123  user=root
Apr 11 17:11:27 ovzhost sshd[1323]: pam_unix(sshd:auth): authentication failure; logname= uid=0 euid=0 tty=ssh ruser= rhost=43.255.190.123  user=root
Apr 11 17:11:29 ovzhost sshd[1323]: Failed password for root from 43.255.190.123 port 51646 ssh2
Apr 11 17:11:34 ovzhost sshd[1323]: message repeated 2 times: [ Failed password for root from 43.255.190.123 port 51646 ssh2]
Apr 11 17:11:34 ovzhost sshd[1323]: Received disconnect from 43.255.190.123: 11:  [preauth]
Apr 11 17:11:34 ovzhost sshd[1323]: PAM 2 more authentication failures; logname= uid=0 euid=0 tty=ssh ruser= rhost=43.255.190.123  user=root
Apr 11 17:11:34 ovzhost sshd[1327]: pam_unix(sshd:auth): authentication failure; logname= uid=0 euid=0 tty=ssh ruser= rhost=43.255.190.123  user=root
Apr 11 17:11:37 ovzhost sshd[1327]: Failed password for root from 43.255.190.123 port 41812 ssh2
Apr 11 17:11:41 ovzhost sshd[1327]: message repeated 2 times: [ Failed password for root from 43.255.190.123 port 41812 ssh2]
Apr 11 17:11:41 ovzhost sshd[1327]: Received disconnect from 43.255.190.123: 11:  [preauth]
Apr 11 17:11:41 ovzhost sshd[1327]: PAM 2 more authentication failures; logname= uid=0 euid=0 tty=ssh ruser= rhost=43.255.190.123  user=root
Apr 11 17:11:42 ovzhost sshd[1329]: pam_unix(sshd:auth): authentication failure; logname= uid=0 euid=0 tty=ssh ruser= rhost=43.255.190.123  user=root
Apr 11 17:11:44 ovzhost sshd[1329]: Failed password for root from 43.255.190.123 port 33126 ssh2
Apr 11 17:11:49 ovzhost sshd[1329]: message repeated 2 times: [ Failed password for root from 43.255.190.123 port 33126 ssh2]
Apr 11 17:11:49 ovzhost sshd[1329]: Received disconnect from 43.255.190.123: 11:  [preauth]
Apr 11 17:11:49 ovzhost sshd[1329]: PAM 2 more authentication failures; logname= uid=0 euid=0 tty=ssh ruser= rhost=43.255.190.123  user=root
Apr 11 17:11:49 ovzhost sshd[1331]: pam_unix(sshd:auth): authentication failure; logname= uid=0 euid=0 tty=ssh ruser= rhost=43.255.190.123  user=root
Apr 11 17:11:51 ovzhost sshd[1331]: Failed password for root from 43.255.190.123 port 52749 ssh2
Apr 11 17:11:51 ovzhost sshd[1335]: Connection closed by 127.0.0.1 [preauth]
Apr 11 17:11:56 ovzhost sshd[1331]: message repeated 2 times: [ Failed password for root from 43.255.190.123 port 52749 ssh2]
Apr 11 17:11:56 ovzhost sshd[1331]: Received disconnect from 43.255.190.123: 11:  [preauth]
Apr 11 17:11:56 ovzhost sshd[1331]: PAM 2 more authentication failures; logname= uid=0 euid=0 tty=ssh ruser= rhost=43.255.190.123  user=root
Apr 11 17:11:57 ovzhost sshd[1337]: pam_unix(sshd:auth): authentication failure; logname= uid=0 euid=0 tty=ssh ruser= rhost=43.255.190.123  user=root
Apr 11 17:11:59 ovzhost sshd[1337]: Failed password for root from 43.255.190.123 port 43817 ssh2
Apr 11 17:12:04 ovzhost sshd[1337]: message repeated 2 times: [ Failed password for root from 43.255.190.123 port 43817 ssh2]
Apr 11 17:12:04 ovzhost sshd[1337]: Received disconnect from 43.255.190.123: 11:  [preauth]
Apr 11 17:12:04 ovzhost sshd[1337]: PAM 2 more authentication failures; logname= uid=0 euid=0 tty=ssh ruser= rhost=43.255.190.123  user=root
Apr 11 17:12:04 ovzhost sshd[1341]: pam_unix(sshd:auth): authentication failure; logname= uid=0 euid=0 tty=ssh ruser= rhost=43.255.190.123  user=root
Apr 11 17:12:06 ovzhost sshd[1341]: Failed password for root from 43.255.190.123 port 34991 ssh2
Apr 11 17:12:10 ovzhost sshd[1341]: message repeated 2 times: [ Failed password for root from 43.255.190.123 port 34991 ssh2]
Apr 11 17:12:11 ovzhost sshd[1341]: Received disconnect from 43.255.190.123: 11:  [preauth]
Apr 11 17:12:11 ovzhost sshd[1341]: PAM 2 more authentication failures; logname= uid=0 euid=0 tty=ssh ruser= rhost=43.255.190.123  user=root
Apr 11 17:12:11 ovzhost sshd[1343]: pam_unix(sshd:auth): authentication failure; logname= uid=0 euid=0 tty=ssh ruser= rhost=43.255.190.123  user=root
Apr 11 17:12:14 ovzhost sshd[1343]: Failed password for root from 43.255.190.123 port 53439 ssh2
Apr 11 17:12:18 ovzhost sshd[1343]: message repeated 2 times: [ Failed password for root from 43.255.190.123 port 53439 ssh2]
Apr 11 17:12:18 ovzhost sshd[1343]: Received disconnect from 43.255.190.123: 11:  [preauth]
Apr 11 17:12:18 ovzhost sshd[1343]: PAM 2 more authentication failures; logname= uid=0 euid=0 tty=ssh ruser= rhost=43.255.190.123  user=root
Apr 11 17:12:18 ovzhost sshd[1345]: pam_unix(sshd:auth): authentication failure; logname= uid=0 euid=0 tty=ssh ruser= rhost=43.255.190.123  user=root
Apr 11 17:12:20 ovzhost sshd[1345]: Failed password for root from 43.255.190.123 port 43572 ssh2
Apr 11 17:12:25 ovzhost sshd[1345]: message repeated 2 times: [ Failed password for root from 43.255.190.123 port 43572 ssh2]
Apr 11 17:12:25 ovzhost sshd[1345]: Received disconnect from 43.255.190.123: 11:  [preauth]
Apr 11 17:12:25 ovzhost sshd[1345]: PAM 2 more authentication failures; logname= uid=0 euid=0 tty=ssh ruser= rhost=43.255.190.123  user=root
Apr 11 17:12:26 ovzhost sshd[1347]: pam_unix(sshd:auth): authentication failure; logname= uid=0 euid=0 tty=ssh ruser= rhost=43.255.190.123  user=root
Apr 11 17:12:28 ovzhost sshd[1347]: Failed password for root from 43.255.190.123 port 34266 ssh2
Apr 11 17:12:32 ovzhost sshd[1347]: message repeated 2 times: [ Failed password for root from 43.255.190.123 port 34266 ssh2]
Apr 11 17:12:32 ovzhost sshd[1347]: Received disconnect from 43.255.190.123: 11:  [preauth]
Apr 11 17:12:32 ovzhost sshd[1347]: PAM 2 more authentication failures; logname= uid=0 euid=0 tty=ssh ruser= rhost=43.255.190.123  user=root
Apr 11 17:12:32 ovzhost sshd[1349]: pam_unix(sshd:auth): authentication failure; logname= uid=0 euid=0 tty=ssh ruser= rhost=43.255.190.123  user=root
