Mar 31 17:16:56 ovzhost sudo:     root : unable to resolve host ovzhost
Mar 31 17:16:56 ovzhost sudo:     root : TTY=pts/0 ; PWD=/ ; USER=root ; COMMAND=/usr/bin/less /root/.bash_history
Mar 31 17:16:56 ovzhost sudo: pam_unix(sudo:session): session opened for user root by (uid=0)
Mar 31 17:16:57 ovzhost sudo: pam_unix(sudo:session): session closed for user root
Apr  2 14:31:13 ovzhost sshd[419]: Server listening on 0.0.0.0 port 22.
Apr  2 14:31:13 ovzhost sshd[419]: Server listening on :: port 22.
Apr  2 14:31:13 ovzhost saslauthd[637]: detach_tty      : master pid is: 637
Apr  2 14:31:13 ovzhost saslauthd[637]: ipc_init        : listening on socket: /var/run/saslauthd/mux
Apr  2 14:33:26 ovzhost sshd[797]: Connection closed by 127.0.0.1 [preauth]
Apr 11 16:36:53 ovzhost sshd[785]: Connection closed by 127.0.0.1 [preauth]
Apr 11 16:39:01 ovzhost CRON[797]: pam_env(cron:session): Unable to open env file: /etc/default/locale: No such file or directory
Apr 11 16:39:01 ovzhost CRON[797]: pam_unix(cron:session): session opened for user root by (uid=0)
Apr 11 16:39:01 ovzhost CRON[797]: pam_unix(cron:session): session closed for user root
Apr 11 16:40:01 ovzhost CRON[813]: pam_env(cron:session): Unable to open env file: /etc/default/locale: No such file or directory
Apr 11 16:40:01 ovzhost CRON[813]: pam_unix(cron:session): session opened for user smmsp by (uid=0)
Apr 11 16:40:01 ovzhost CRON[813]: pam_unix(cron:session): session closed for user smmsp
Apr 11 16:40:26 ovzhost sshd[840]: Connection closed by 128.8.37.104 [preauth]
Apr 11 16:41:53 ovzhost sshd[848]: Connection closed by 127.0.0.1 [preauth]
Apr 11 16:43:33 ovzhost sshd[855]: pam_unix(sshd:auth): authentication failure; logname= uid=0 euid=0 tty=ssh ruser= rhost=43.255.190.151  user=root
Apr 11 16:43:34 ovzhost sshd[855]: Failed password for root from 43.255.190.151 port 57194 ssh2
Apr 11 16:43:37 ovzhost sshd[857]: pam_unix(sshd:auth): authentication failure; logname= uid=0 euid=0 tty=ssh ruser= rhost=43.255.190.149  user=root
Apr 11 16:43:38 ovzhost sshd[855]: message repeated 2 times: [ Failed password for root from 43.255.190.151 port 57194 ssh2]
Apr 11 16:43:38 ovzhost sshd[855]: Received disconnect from 43.255.190.151: 11:  [preauth]
Apr 11 16:43:38 ovzhost sshd[855]: PAM 2 more authentication failures; logname= uid=0 euid=0 tty=ssh ruser= rhost=43.255.190.151  user=root
Apr 11 16:43:38 ovzhost sshd[859]: pam_unix(sshd:auth): authentication failure; logname= uid=0 euid=0 tty=ssh ruser= rhost=43.255.190.151  user=root
Apr 11 16:43:39 ovzhost sshd[857]: Failed password for root from 43.255.190.149 port 53129 ssh2
Apr 11 16:43:40 ovzhost sshd[859]: Failed password for root from 43.255.190.151 port 45094 ssh2
Apr 11 16:43:43 ovzhost sshd[857]: message repeated 2 times: [ Failed password for root from 43.255.190.149 port 53129 ssh2]
Apr 11 16:43:43 ovzhost sshd[857]: Received disconnect from 43.255.190.149: 11:  [preauth]
Apr 11 16:43:43 ovzhost sshd[857]: PAM 2 more authentication failures; logname= uid=0 euid=0 tty=ssh ruser= rhost=43.255.190.149  user=root
Apr 11 16:43:44 ovzhost sshd[861]: pam_unix(sshd:auth): authentication failure; logname= uid=0 euid=0 tty=ssh ruser= rhost=43.255.190.149  user=root
Apr 11 16:43:44 ovzhost sshd[859]: message repeated 2 times: [ Failed password for root from 43.255.190.151 port 45094 ssh2]
Apr 11 16:43:44 ovzhost sshd[859]: Received disconnect from 43.255.190.151: 11:  [preauth]
Apr 11 16:43:44 ovzhost sshd[859]: PAM 2 more authentication failures; logname= uid=0 euid=0 tty=ssh ruser= rhost=43.255.190.151  user=root
Apr 11 16:43:45 ovzhost sshd[863]: pam_unix(sshd:auth): authentication failure; logname= uid=0 euid=0 tty=ssh ruser= rhost=43.255.190.151  user=root
Apr 11 16:43:45 ovzhost sshd[861]: Failed password for root from 43.255.190.149 port 35371 ssh2
Apr 11 16:43:46 ovzhost sshd[863]: Failed password for root from 43.255.190.151 port 34524 ssh2
Apr 11 16:43:49 ovzhost sshd[861]: message repeated 2 times: [ Failed password for root from 43.255.190.149 port 35371 ssh2]
Apr 11 16:43:49 ovzhost sshd[861]: Received disconnect from 43.255.190.149: 11:  [preauth]
Apr 11 16:43:49 ovzhost sshd[861]: PAM 2 more authentication failures; logname= uid=0 euid=0 tty=ssh ruser= rhost=43.255.190.149  user=root
Apr 11 16:43:50 ovzhost sshd[865]: pam_unix(sshd:auth): authentication failure; logname= uid=0 euid=0 tty=ssh ruser= rhost=43.255.190.149  user=root
Apr 11 16:43:50 ovzhost sshd[863]: message repeated 2 times: [ Failed password for root from 43.255.190.151 port 34524 ssh2]
Apr 11 16:43:51 ovzhost sshd[863]: Received disconnect from 43.255.190.151: 11:  [preauth]
Apr 11 16:43:51 ovzhost sshd[863]: PAM 2 more authentication failures; logname= uid=0 euid=0 tty=ssh ruser= rhost=43.255.190.151  user=root
Apr 11 16:43:51 ovzhost sshd[867]: pam_unix(sshd:auth): authentication failure; logname= uid=0 euid=0 tty=ssh ruser= rhost=43.255.190.151  user=root
Apr 11 16:43:52 ovzhost sshd[865]: Failed password for root from 43.255.190.149 port 43374 ssh2
Apr 11 16:43:53 ovzhost sshd[867]: Failed password for root from 43.255.190.151 port 51758 ssh2
Apr 11 16:43:56 ovzhost sshd[865]: message repeated 2 times: [ Failed password for root from 43.255.190.149 port 43374 ssh2]
Apr 11 16:43:56 ovzhost sshd[865]: Received disconnect from 43.255.190.149: 11:  [preauth]
Apr 11 16:43:56 ovzhost sshd[865]: PAM 2 more authentication failures; logname= uid=0 euid=0 tty=ssh ruser= rhost=43.255.190.149  user=root
Apr 11 16:43:57 ovzhost sshd[867]: message repeated 2 times: [ Failed password for root from 43.255.190.151 port 51758 ssh2]
Apr 11 16:43:57 ovzhost sshd[867]: Received disconnect from 43.255.190.151: 11:  [preauth]
Apr 11 16:43:57 ovzhost sshd[867]: PAM 2 more authentication failures; logname= uid=0 euid=0 tty=ssh ruser= rhost=43.255.190.151  user=root
Apr 11 16:43:58 ovzhost sshd[873]: pam_unix(sshd:auth): authentication failure; logname= uid=0 euid=0 tty=ssh ruser= rhost=43.255.190.151  user=root
Apr 11 16:43:58 ovzhost sshd[871]: pam_unix(sshd:auth): authentication failure; logname= uid=0 euid=0 tty=ssh ruser= rhost=43.255.190.149  user=root
Apr 11 16:43:59 ovzhost sshd[873]: Failed password for root from 43.255.190.151 port 41981 ssh2
Apr 11 16:44:00 ovzhost sshd[871]: Failed password for root from 43.255.190.149 port 51934 ssh2
Apr 11 16:44:03 ovzhost sshd[873]: message repeated 2 times: [ Failed password for root from 43.255.190.151 port 41981 ssh2]
Apr 11 16:44:04 ovzhost sshd[873]: Received disconnect from 43.255.190.151: 11:  [preauth]
Apr 11 16:44:04 ovzhost sshd[873]: PAM 2 more authentication failures; logname= uid=0 euid=0 tty=ssh ruser= rhost=43.255.190.151  user=root
Apr 11 16:44:04 ovzhost sshd[871]: message repeated 2 times: [ Failed password for root from 43.255.190.149 port 51934 ssh2]
Apr 11 16:44:04 ovzhost sshd[871]: Received disconnect from 43.255.190.149: 11:  [preauth]
Apr 11 16:44:04 ovzhost sshd[871]: PAM 2 more authentication failures; logname= uid=0 euid=0 tty=ssh ruser= rhost=43.255.190.149  user=root
Apr 11 16:44:04 ovzhost sshd[877]: pam_unix(sshd:auth): authentication failure; logname= uid=0 euid=0 tty=ssh ruser= rhost=43.255.190.151  user=root
Apr 11 16:44:06 ovzhost sshd[879]: pam_unix(sshd:auth): authentication failure; logname= uid=0 euid=0 tty=ssh ruser= rhost=43.255.190.149  user=root
Apr 11 16:44:06 ovzhost sshd[877]: Failed password for root from 43.255.190.151 port 58094 ssh2
Apr 11 16:44:08 ovzhost sshd[879]: Failed password for root from 43.255.190.149 port 35142 ssh2
Apr 11 16:44:10 ovzhost sshd[877]: message repeated 2 times: [ Failed password for root from 43.255.190.151 port 58094 ssh2]
Apr 11 16:44:10 ovzhost sshd[877]: Received disconnect from 43.255.190.151: 11:  [preauth]
Apr 11 16:44:10 ovzhost sshd[877]: PAM 2 more authentication failures; logname= uid=0 euid=0 tty=ssh ruser= rhost=43.255.190.151  user=root
Apr 11 16:44:10 ovzhost sshd[881]: pam_unix(sshd:auth): authentication failure; logname= uid=0 euid=0 tty=ssh ruser= rhost=43.255.190.151  user=root
Apr 11 16:44:11 ovzhost sshd[879]: message repeated 2 times: [ Failed password for root from 43.255.190.149 port 35142 ssh2]
Apr 11 16:44:11 ovzhost sshd[879]: Received disconnect from 43.255.190.149: 11:  [preauth]
Apr 11 16:44:11 ovzhost sshd[879]: PAM 2 more authentication failures; logname= uid=0 euid=0 tty=ssh ruser= rhost=43.255.190.149  user=root
Apr 11 16:44:12 ovzhost sshd[881]: Failed password for root from 43.255.190.151 port 46925 ssh2
Apr 11 16:44:13 ovzhost sshd[883]: pam_unix(sshd:auth): authentication failure; logname= uid=0 euid=0 tty=ssh ruser= rhost=43.255.190.149  user=root
Apr 11 16:44:16 ovzhost sshd[883]: Failed password for root from 43.255.190.149 port 44709 ssh2
Apr 11 16:44:16 ovzhost sshd[881]: message repeated 2 times: [ Failed password for root from 43.255.190.151 port 46925 ssh2]
Apr 11 16:44:16 ovzhost sshd[881]: Received disconnect from 43.255.190.151: 11:  [preauth]
Apr 11 16:44:16 ovzhost sshd[881]: PAM 2 more authentication failures; logname= uid=0 euid=0 tty=ssh ruser= rhost=43.255.190.151  user=root
Apr 11 16:44:17 ovzhost sshd[885]: pam_unix(sshd:auth): authentication failure; logname= uid=0 euid=0 tty=ssh ruser= rhost=43.255.190.151  user=root
Apr 11 16:44:19 ovzhost sshd[885]: Failed password for root from 43.255.190.151 port 36161 ssh2
Apr 11 16:44:20 ovzhost sshd[883]: message repeated 2 times: [ Failed password for root from 43.255.190.149 port 44709 ssh2]
Apr 11 16:44:20 ovzhost sshd[883]: Received disconnect from 43.255.190.149: 11:  [preauth]
Apr 11 16:44:20 ovzhost sshd[883]: PAM 2 more authentication failures; logname= uid=0 euid=0 tty=ssh ruser= rhost=43.255.190.149  user=root
Apr 11 16:44:22 ovzhost sshd[887]: pam_unix(sshd:auth): authentication failure; logname= uid=0 euid=0 tty=ssh ruser= rhost=43.255.190.149  user=root
Apr 11 16:44:23 ovzhost sshd[885]: message repeated 2 times: [ Failed password for root from 43.255.190.151 port 36161 ssh2]
Apr 11 16:44:23 ovzhost sshd[885]: Received disconnect from 43.255.190.151: 11:  [preauth]
Apr 11 16:44:23 ovzhost sshd[885]: PAM 2 more authentication failures; logname= uid=0 euid=0 tty=ssh ruser= rhost=43.255.190.151  user=root
Apr 11 16:44:23 ovzhost sshd[889]: pam_unix(sshd:auth): authentication failure; logname= uid=0 euid=0 tty=ssh ruser= rhost=43.255.190.151  user=root
Apr 11 16:44:24 ovzhost sshd[887]: Failed password for root from 43.255.190.149 port 56687 ssh2
Apr 11 16:44:25 ovzhost sshd[889]: Failed password for root from 43.255.190.151 port 52292 ssh2
Apr 11 16:44:28 ovzhost sshd[887]: message repeated 2 times: [ Failed password for root from 43.255.190.149 port 56687 ssh2]
Apr 11 16:44:28 ovzhost sshd[887]: Received disconnect from 43.255.190.149: 11:  [preauth]
Apr 11 16:44:28 ovzhost sshd[887]: PAM 2 more authentication failures; logname= uid=0 euid=0 tty=ssh ruser= rhost=43.255.190.149  user=root
Apr 11 16:44:30 ovzhost sshd[889]: message repeated 2 times: [ Failed password for root from 43.255.190.151 port 52292 ssh2]
Apr 11 16:44:30 ovzhost sshd[889]: Received disconnect from 43.255.190.151: 11:  [preauth]
Apr 11 16:44:30 ovzhost sshd[889]: PAM 2 more authentication failures; logname= uid=0 euid=0 tty=ssh ruser= rhost=43.255.190.151  user=root
Apr 11 16:44:31 ovzhost sshd[891]: pam_unix(sshd:auth): authentication failure; logname= uid=0 euid=0 tty=ssh ruser= rhost=43.255.190.149  user=root
Apr 11 16:44:31 ovzhost sshd[893]: pam_unix(sshd:auth): authentication failure; logname= uid=0 euid=0 tty=ssh ruser= rhost=43.255.190.151  user=root
Apr 11 16:44:32 ovzhost sshd[891]: Failed password for root from 43.255.190.149 port 39315 ssh2
Apr 11 16:44:33 ovzhost sshd[893]: Failed password for root from 43.255.190.151 port 42711 ssh2
Apr 11 16:44:37 ovzhost sshd[893]: message repeated 2 times: [ Failed password for root from 43.255.190.151 port 42711 ssh2]
Apr 11 16:44:37 ovzhost sshd[893]: Received disconnect from 43.255.190.151: 11:  [preauth]
Apr 11 16:44:37 ovzhost sshd[893]: PAM 2 more authentication failures; logname= uid=0 euid=0 tty=ssh ruser= rhost=43.255.190.151  user=root
Apr 11 16:44:37 ovzhost sshd[891]: message repeated 2 times: [ Failed password for root from 43.255.190.149 port 39315 ssh2]
Apr 11 16:44:37 ovzhost sshd[891]: Received disconnect from 43.255.190.149: 11:  [preauth]
Apr 11 16:44:37 ovzhost sshd[891]: PAM 2 more authentication failures; logname= uid=0 euid=0 tty=ssh ruser= rhost=43.255.190.149  user=root
Apr 11 16:44:37 ovzhost sshd[897]: pam_unix(sshd:auth): authentication failure; logname= uid=0 euid=0 tty=ssh ruser= rhost=43.255.190.151  user=root
Apr 11 16:44:40 ovzhost sshd[897]: Failed password for root from 43.255.190.151 port 60297 ssh2
Apr 11 16:44:42 ovzhost sshd[895]: pam_unix(sshd:auth): authentication failure; logname= uid=0 euid=0 tty=ssh ruser= rhost=43.255.190.149  user=root
Apr 11 16:44:44 ovzhost sshd[895]: Failed password for root from 43.255.190.149 port 50176 ssh2
Apr 11 16:44:44 ovzhost sshd[897]: message repeated 2 times: [ Failed password for root from 43.255.190.151 port 60297 ssh2]
Apr 11 16:44:44 ovzhost sshd[897]: Received disconnect from 43.255.190.151: 11:  [preauth]
Apr 11 16:44:44 ovzhost sshd[897]: PAM 2 more authentication failures; logname= uid=0 euid=0 tty=ssh ruser= rhost=43.255.190.151  user=root
Apr 11 16:44:45 ovzhost sshd[899]: pam_unix(sshd:auth): authentication failure; logname= uid=0 euid=0 tty=ssh ruser= rhost=43.255.190.151  user=root
Apr 11 16:44:47 ovzhost sshd[899]: Failed password for root from 43.255.190.151 port 51080 ssh2
Apr 11 16:44:48 ovzhost sshd[895]: message repeated 2 times: [ Failed password for root from 43.255.190.149 port 50176 ssh2]
Apr 11 16:44:48 ovzhost sshd[895]: Received disconnect from 43.255.190.149: 11:  [preauth]
Apr 11 16:44:48 ovzhost sshd[895]: PAM 2 more authentication failures; logname= uid=0 euid=0 tty=ssh ruser= rhost=43.255.190.149  user=root
Apr 11 16:44:51 ovzhost sshd[899]: message repeated 2 times: [ Failed password for root from 43.255.190.151 port 51080 ssh2]
Apr 11 16:44:51 ovzhost sshd[899]: Received disconnect from 43.255.190.151: 11:  [preauth]
Apr 11 16:44:51 ovzhost sshd[899]: PAM 2 more authentication failures; logname= uid=0 euid=0 tty=ssh ruser= rhost=43.255.190.151  user=root
Apr 11 16:44:52 ovzhost sshd[904]: pam_unix(sshd:auth): authentication failure; logname= uid=0 euid=0 tty=ssh ruser= rhost=43.255.190.151  user=root
Apr 11 16:44:53 ovzhost sshd[902]: pam_unix(sshd:auth): authentication failure; logname= uid=0 euid=0 tty=ssh ruser= rhost=43.255.190.149  user=root
Apr 11 16:44:54 ovzhost sshd[904]: Failed password for root from 43.255.190.151 port 41511 ssh2
Apr 11 16:44:55 ovzhost sshd[902]: Failed password for root from 43.255.190.149 port 37043 ssh2
Apr 11 16:44:58 ovzhost sshd[904]: message repeated 2 times: [ Failed password for root from 43.255.190.151 port 41511 ssh2]
Apr 11 16:44:59 ovzhost sshd[904]: Received disconnect from 43.255.190.151: 11:  [preauth]
Apr 11 16:44:59 ovzhost sshd[904]: PAM 2 more authentication failures; logname= uid=0 euid=0 tty=ssh ruser= rhost=43.255.190.151  user=root
Apr 11 16:44:59 ovzhost sshd[902]: message repeated 2 times: [ Failed password for root from 43.255.190.149 port 37043 ssh2]
Apr 11 16:44:59 ovzhost sshd[902]: Received disconnect from 43.255.190.149: 11:  [preauth]
Apr 11 16:44:59 ovzhost sshd[902]: PAM 2 more authentication failures; logname= uid=0 euid=0 tty=ssh ruser= rhost=43.255.190.149  user=root
Apr 11 16:44:59 ovzhost sshd[907]: pam_unix(sshd:auth): authentication failure; logname= uid=0 euid=0 tty=ssh ruser= rhost=43.255.190.151  user=root
Apr 11 16:45:01 ovzhost sshd[907]: Failed password for root from 43.255.190.151 port 60595 ssh2
Apr 11 16:45:02 ovzhost sshd[909]: pam_unix(sshd:auth): authentication failure; logname= uid=0 euid=0 tty=ssh ruser= rhost=43.255.190.149  user=root
Apr 11 16:45:04 ovzhost sshd[909]: Failed password for root from 43.255.190.149 port 50801 ssh2
Apr 11 16:45:05 ovzhost sshd[907]: message repeated 2 times: [ Failed password for root from 43.255.190.151 port 60595 ssh2]
Apr 11 16:45:05 ovzhost sshd[907]: Received disconnect from 43.255.190.151: 11:  [preauth]
Apr 11 16:45:05 ovzhost sshd[907]: PAM 2 more authentication failures; logname= uid=0 euid=0 tty=ssh ruser= rhost=43.255.190.151  user=root
Apr 11 16:45:06 ovzhost sshd[911]: pam_unix(sshd:auth): authentication failure; logname= uid=0 euid=0 tty=ssh ruser= rhost=43.255.190.151  user=root
Apr 11 16:45:08 ovzhost sshd[911]: Failed password for root from 43.255.190.151 port 50064 ssh2
Apr 11 16:45:08 ovzhost sshd[909]: message repeated 2 times: [ Failed password for root from 43.255.190.149 port 50801 ssh2]
Apr 11 16:45:08 ovzhost sshd[909]: Received disconnect from 43.255.190.149: 11:  [preauth]
Apr 11 16:45:08 ovzhost sshd[909]: PAM 2 more authentication failures; logname= uid=0 euid=0 tty=ssh ruser= rhost=43.255.190.149  user=root
Apr 11 16:45:09 ovzhost sshd[913]: pam_unix(sshd:auth): authentication failure; logname= uid=0 euid=0 tty=ssh ruser= rhost=43.255.190.149  user=root
Apr 11 16:45:11 ovzhost sshd[913]: Failed password for root from 43.255.190.149 port 35239 ssh2
Apr 11 16:45:13 ovzhost sshd[911]: message repeated 2 times: [ Failed password for root from 43.255.190.151 port 50064 ssh2]
Apr 11 16:45:13 ovzhost sshd[911]: Received disconnect from 43.255.190.151: 11:  [preauth]
Apr 11 16:45:13 ovzhost sshd[911]: PAM 2 more authentication failures; logname= uid=0 euid=0 tty=ssh ruser= rhost=43.255.190.151  user=root
Apr 11 16:45:13 ovzhost sshd[915]: pam_unix(sshd:auth): authentication failure; logname= uid=0 euid=0 tty=ssh ruser= rhost=43.255.190.151  user=root
Apr 11 16:45:15 ovzhost sshd[913]: message repeated 2 times: [ Failed password for root from 43.255.190.149 port 35239 ssh2]
Apr 11 16:45:15 ovzhost sshd[913]: Received disconnect from 43.255.190.149: 11:  [preauth]
Apr 11 16:45:15 ovzhost sshd[913]: PAM 2 more authentication failures; logname= uid=0 euid=0 tty=ssh ruser= rhost=43.255.190.149  user=root
Apr 11 16:45:15 ovzhost sshd[915]: Failed password for root from 43.255.190.151 port 40550 ssh2
Apr 11 16:45:16 ovzhost sshd[917]: pam_unix(sshd:auth): authentication failure; logname= uid=0 euid=0 tty=ssh ruser= rhost=43.255.190.149  user=root
Apr 11 16:45:17 ovzhost sshd[917]: Failed password for root from 43.255.190.149 port 43855 ssh2
Apr 11 16:45:19 ovzhost sshd[915]: message repeated 2 times: [ Failed password for root from 43.255.190.151 port 40550 ssh2]
Apr 11 16:45:19 ovzhost sshd[915]: Received disconnect from 43.255.190.151: 11:  [preauth]
Apr 11 16:45:19 ovzhost sshd[915]: PAM 2 more authentication failures; logname= uid=0 euid=0 tty=ssh ruser= rhost=43.255.190.151  user=root
Apr 11 16:45:20 ovzhost sshd[919]: pam_unix(sshd:auth): authentication failure; logname= uid=0 euid=0 tty=ssh ruser= rhost=43.255.190.151  user=root
Apr 11 16:45:22 ovzhost sshd[917]: message repeated 2 times: [ Failed password for root from 43.255.190.149 port 43855 ssh2]
Apr 11 16:45:22 ovzhost sshd[917]: Received disconnect from 43.255.190.149: 11:  [preauth]
Apr 11 16:45:22 ovzhost sshd[917]: PAM 2 more authentication failures; logname= uid=0 euid=0 tty=ssh ruser= rhost=43.255.190.149  user=root
Apr 11 16:45:22 ovzhost sshd[919]: Failed password for root from 43.255.190.151 port 58309 ssh2
Apr 11 16:45:27 ovzhost sshd[919]: message repeated 2 times: [ Failed password for root from 43.255.190.151 port 58309 ssh2]
Apr 11 16:45:27 ovzhost sshd[919]: Received disconnect from 43.255.190.151: 11:  [preauth]
Apr 11 16:45:27 ovzhost sshd[919]: PAM 2 more authentication failures; logname= uid=0 euid=0 tty=ssh ruser= rhost=43.255.190.151  user=root
Apr 11 16:45:27 ovzhost sshd[923]: pam_unix(sshd:auth): authentication failure; logname= uid=0 euid=0 tty=ssh ruser= rhost=43.255.190.151  user=root
Apr 11 16:45:29 ovzhost sshd[923]: Failed password for root from 43.255.190.151 port 48897 ssh2
Apr 11 16:45:32 ovzhost sshd[921]: pam_unix(sshd:auth): authentication failure; logname= uid=0 euid=0 tty=ssh ruser= rhost=43.255.190.149  user=root
Apr 11 16:45:34 ovzhost sshd[923]: message repeated 2 times: [ Failed password for root from 43.255.190.151 port 48897 ssh2]
Apr 11 16:45:34 ovzhost sshd[923]: Received disconnect from 43.255.190.151: 11:  [preauth]
Apr 11 16:45:34 ovzhost sshd[923]: PAM 2 more authentication failures; logname= uid=0 euid=0 tty=ssh ruser= rhost=43.255.190.151  user=root
Apr 11 16:45:35 ovzhost sshd[921]: Failed password for root from 43.255.190.149 port 53549 ssh2
Apr 11 16:45:35 ovzhost sshd[925]: pam_unix(sshd:auth): authentication failure; logname= uid=0 euid=0 tty=ssh ruser= rhost=43.255.190.151  user=root
Apr 11 16:45:37 ovzhost sshd[925]: Failed password for root from 43.255.190.151 port 39800 ssh2
Apr 11 16:45:41 ovzhost sshd[921]: message repeated 2 times: [ Failed password for root from 43.255.190.149 port 53549 ssh2]
Apr 11 16:45:41 ovzhost sshd[921]: Received disconnect from 43.255.190.149: 11:  [preauth]
Apr 11 16:45:41 ovzhost sshd[921]: PAM 2 more authentication failures; logname= uid=0 euid=0 tty=ssh ruser= rhost=43.255.190.149  user=root
Apr 11 16:45:41 ovzhost sshd[925]: message repeated 2 times: [ Failed password for root from 43.255.190.151 port 39800 ssh2]
Apr 11 16:45:41 ovzhost sshd[925]: Received disconnect from 43.255.190.151: 11:  [preauth]
Apr 11 16:45:41 ovzhost sshd[925]: PAM 2 more authentication failures; logname= uid=0 euid=0 tty=ssh ruser= rhost=43.255.190.151  user=root
Apr 11 16:45:42 ovzhost sshd[929]: pam_unix(sshd:auth): authentication failure; logname= uid=0 euid=0 tty=ssh ruser= rhost=43.255.190.151  user=root
Apr 11 16:45:42 ovzhost sshd[927]: pam_unix(sshd:auth): authentication failure; logname= uid=0 euid=0 tty=ssh ruser= rhost=43.255.190.149  user=root
Apr 11 16:45:44 ovzhost sshd[929]: Failed password for root from 43.255.190.151 port 57020 ssh2
Apr 11 16:45:44 ovzhost sshd[927]: Failed password for root from 43.255.190.149 port 49837 ssh2
Apr 11 16:45:48 ovzhost sshd[929]: message repeated 2 times: [ Failed password for root from 43.255.190.151 port 57020 ssh2]
Apr 11 16:45:48 ovzhost sshd[929]: Received disconnect from 43.255.190.151: 11:  [preauth]
Apr 11 16:45:48 ovzhost sshd[929]: PAM 2 more authentication failures; logname= uid=0 euid=0 tty=ssh ruser= rhost=43.255.190.151  user=root
Apr 11 16:45:48 ovzhost sshd[927]: message repeated 2 times: [ Failed password for root from 43.255.190.149 port 49837 ssh2]
Apr 11 16:45:48 ovzhost sshd[927]: Received disconnect from 43.255.190.149: 11:  [preauth]
Apr 11 16:45:48 ovzhost sshd[927]: PAM 2 more authentication failures; logname= uid=0 euid=0 tty=ssh ruser= rhost=43.255.190.149  user=root
Apr 11 16:45:49 ovzhost sshd[933]: pam_unix(sshd:auth): authentication failure; logname= uid=0 euid=0 tty=ssh ruser= rhost=43.255.190.151  user=root
Apr 11 16:45:50 ovzhost sshd[935]: pam_unix(sshd:auth): authentication failure; logname= uid=0 euid=0 tty=ssh ruser= rhost=43.255.190.149  user=root
Apr 11 16:45:51 ovzhost sshd[933]: Failed password for root from 43.255.190.151 port 46553 ssh2
Apr 11 16:45:53 ovzhost sshd[935]: Failed password for root from 43.255.190.149 port 59305 ssh2
Apr 11 16:45:55 ovzhost sshd[933]: message repeated 2 times: [ Failed password for root from 43.255.190.151 port 46553 ssh2]
Apr 11 16:45:55 ovzhost sshd[933]: Received disconnect from 43.255.190.151: 11:  [preauth]
Apr 11 16:45:55 ovzhost sshd[933]: PAM 2 more authentication failures; logname= uid=0 euid=0 tty=ssh ruser= rhost=43.255.190.151  user=root
Apr 11 16:45:56 ovzhost sshd[937]: pam_unix(sshd:auth): authentication failure; logname= uid=0 euid=0 tty=ssh ruser= rhost=43.255.190.151  user=root
Apr 11 16:45:58 ovzhost sshd[935]: message repeated 2 times: [ Failed password for root from 43.255.190.149 port 59305 ssh2]
Apr 11 16:45:58 ovzhost sshd[935]: Received disconnect from 43.255.190.149: 11:  [preauth]
Apr 11 16:45:58 ovzhost sshd[935]: PAM 2 more authentication failures; logname= uid=0 euid=0 tty=ssh ruser= rhost=43.255.190.149  user=root
Apr 11 16:45:58 ovzhost sshd[937]: Failed password for root from 43.255.190.151 port 36249 ssh2
Apr 11 16:45:58 ovzhost sshd[939]: pam_unix(sshd:auth): authentication failure; logname= uid=0 euid=0 tty=ssh ruser= rhost=43.255.190.149  user=root
Apr 11 16:46:01 ovzhost sshd[939]: Failed password for root from 43.255.190.149 port 43450 ssh2
Apr 11 16:46:02 ovzhost sshd[937]: message repeated 2 times: [ Failed password for root from 43.255.190.151 port 36249 ssh2]
Apr 11 16:46:02 ovzhost sshd[937]: Received disconnect from 43.255.190.151: 11:  [preauth]
Apr 11 16:46:02 ovzhost sshd[937]: PAM 2 more authentication failures; logname= uid=0 euid=0 tty=ssh ruser= rhost=43.255.190.151  user=root
Apr 11 16:46:03 ovzhost sshd[941]: pam_unix(sshd:auth): authentication failure; logname= uid=0 euid=0 tty=ssh ruser= rhost=43.255.190.151  user=root
Apr 11 16:46:05 ovzhost sshd[939]: message repeated 2 times: [ Failed password for root from 43.255.190.149 port 43450 ssh2]
Apr 11 16:46:05 ovzhost sshd[939]: Received disconnect from 43.255.190.149: 11:  [preauth]
Apr 11 16:46:05 ovzhost sshd[939]: PAM 2 more authentication failures; logname= uid=0 euid=0 tty=ssh ruser= rhost=43.255.190.149  user=root
Apr 11 16:46:05 ovzhost sshd[941]: Failed password for root from 43.255.190.151 port 54462 ssh2
Apr 11 16:46:06 ovzhost sshd[943]: pam_unix(sshd:auth): authentication failure; logname= uid=0 euid=0 tty=ssh ruser= rhost=43.255.190.149  user=root
Apr 11 16:46:08 ovzhost sshd[943]: Failed password for root from 43.255.190.149 port 52777 ssh2
Apr 11 16:46:09 ovzhost sshd[941]: message repeated 2 times: [ Failed password for root from 43.255.190.151 port 54462 ssh2]
Apr 11 16:46:10 ovzhost sshd[941]: Received disconnect from 43.255.190.151: 11:  [preauth]
Apr 11 16:46:10 ovzhost sshd[941]: PAM 2 more authentication failures; logname= uid=0 euid=0 tty=ssh ruser= rhost=43.255.190.151  user=root
Apr 11 16:46:10 ovzhost sshd[945]: pam_unix(sshd:auth): authentication failure; logname= uid=0 euid=0 tty=ssh ruser= rhost=43.255.190.151  user=root
Apr 11 16:46:12 ovzhost sshd[945]: Failed password for root from 43.255.190.151 port 43685 ssh2
Apr 11 16:46:13 ovzhost sshd[943]: message repeated 2 times: [ Failed password for root from 43.255.190.149 port 52777 ssh2]
Apr 11 16:46:13 ovzhost sshd[943]: Received disconnect from 43.255.190.149: 11:  [preauth]
Apr 11 16:46:13 ovzhost sshd[943]: PAM 2 more authentication failures; logname= uid=0 euid=0 tty=ssh ruser= rhost=43.255.190.149  user=root
Apr 11 16:46:15 ovzhost sshd[947]: pam_unix(sshd:auth): authentication failure; logname= uid=0 euid=0 tty=ssh ruser= rhost=43.255.190.149  user=root
Apr 11 16:46:17 ovzhost sshd[945]: message repeated 2 times: [ Failed password for root from 43.255.190.151 port 43685 ssh2]
Apr 11 16:46:17 ovzhost sshd[945]: Received disconnect from 43.255.190.151: 11:  [preauth]
Apr 11 16:46:17 ovzhost sshd[945]: PAM 2 more authentication failures; logname= uid=0 euid=0 tty=ssh ruser= rhost=43.255.190.151  user=root
Apr 11 16:46:17 ovzhost sshd[947]: Failed password for root from 43.255.190.149 port 35087 ssh2
Apr 11 16:46:17 ovzhost sshd[949]: pam_unix(sshd:auth): authentication failure; logname= uid=0 euid=0 tty=ssh ruser= rhost=43.255.190.151  user=root
Apr 11 16:46:20 ovzhost sshd[949]: Failed password for root from 43.255.190.151 port 33386 ssh2
Apr 11 16:46:22 ovzhost sshd[947]: message repeated 2 times: [ Failed password for root from 43.255.190.149 port 35087 ssh2]
Apr 11 16:46:22 ovzhost sshd[947]: Received disconnect from 43.255.190.149: 11:  [preauth]
Apr 11 16:46:22 ovzhost sshd[947]: PAM 2 more authentication failures; logname= uid=0 euid=0 tty=ssh ruser= rhost=43.255.190.149  user=root
Apr 11 16:46:24 ovzhost sshd[949]: message repeated 2 times: [ Failed password for root from 43.255.190.151 port 33386 ssh2]
Apr 11 16:46:24 ovzhost sshd[949]: Received disconnect from 43.255.190.151: 11:  [preauth]
Apr 11 16:46:24 ovzhost sshd[949]: PAM 2 more authentication failures; logname= uid=0 euid=0 tty=ssh ruser= rhost=43.255.190.151  user=root
Apr 11 16:46:24 ovzhost sshd[953]: pam_unix(sshd:auth): authentication failure; logname= uid=0 euid=0 tty=ssh ruser= rhost=43.255.190.149  user=root
Apr 11 16:46:24 ovzhost sshd[955]: pam_unix(sshd:auth): authentication failure; logname= uid=0 euid=0 tty=ssh ruser= rhost=43.255.190.151  user=root
Apr 11 16:46:26 ovzhost sshd[953]: Failed password for root from 43.255.190.149 port 46556 ssh2
Apr 11 16:46:27 ovzhost sshd[955]: Failed password for root from 43.255.190.151 port 51384 ssh2
Apr 11 16:46:31 ovzhost sshd[955]: message repeated 2 times: [ Failed password for root from 43.255.190.151 port 51384 ssh2]
Apr 11 16:46:31 ovzhost sshd[955]: Received disconnect from 43.255.190.151: 11:  [preauth]
Apr 11 16:46:31 ovzhost sshd[955]: PAM 2 more authentication failures; logname= uid=0 euid=0 tty=ssh ruser= rhost=43.255.190.151  user=root
Apr 11 16:46:31 ovzhost sshd[957]: pam_unix(sshd:auth): authentication failure; logname= uid=0 euid=0 tty=ssh ruser= rhost=43.255.190.151  user=root
Apr 11 16:46:32 ovzhost sshd[953]: message repeated 2 times: [ Failed password for root from 43.255.190.149 port 46556 ssh2]
Apr 11 16:46:32 ovzhost sshd[953]: Received disconnect from 43.255.190.149: 11:  [preauth]
Apr 11 16:46:32 ovzhost sshd[953]: PAM 2 more authentication failures; logname= uid=0 euid=0 tty=ssh ruser= rhost=43.255.190.149  user=root
Apr 11 16:46:33 ovzhost sshd[959]: pam_unix(sshd:auth): authentication failure; logname= uid=0 euid=0 tty=ssh ruser= rhost=43.255.190.149  user=root
Apr 11 16:46:33 ovzhost sshd[957]: Failed password for root from 43.255.190.151 port 38765 ssh2
Apr 11 16:46:35 ovzhost sshd[959]: Failed password for root from 43.255.190.149 port 59533 ssh2
Apr 11 16:46:38 ovzhost sshd[957]: message repeated 2 times: [ Failed password for root from 43.255.190.151 port 38765 ssh2]
Apr 11 16:46:38 ovzhost sshd[957]: Received disconnect from 43.255.190.151: 11:  [preauth]
Apr 11 16:46:38 ovzhost sshd[957]: PAM 2 more authentication failures; logname= uid=0 euid=0 tty=ssh ruser= rhost=43.255.190.151  user=root
Apr 11 16:46:39 ovzhost sshd[961]: pam_unix(sshd:auth): authentication failure; logname= uid=0 euid=0 tty=ssh ruser= rhost=43.255.190.151  user=root
Apr 11 16:46:40 ovzhost sshd[959]: message repeated 2 times: [ Failed password for root from 43.255.190.149 port 59533 ssh2]
Apr 11 16:46:40 ovzhost sshd[959]: Received disconnect from 43.255.190.149: 11:  [preauth]
Apr 11 16:46:40 ovzhost sshd[959]: PAM 2 more authentication failures; logname= uid=0 euid=0 tty=ssh ruser= rhost=43.255.190.149  user=root
Apr 11 16:46:40 ovzhost sshd[961]: Failed password for root from 43.255.190.151 port 56504 ssh2
Apr 11 16:46:43 ovzhost sshd[963]: pam_unix(sshd:auth): authentication failure; logname= uid=0 euid=0 tty=ssh ruser= rhost=43.255.190.149  user=root
Apr 11 16:46:45 ovzhost sshd[961]: message repeated 2 times: [ Failed password for root from 43.255.190.151 port 56504 ssh2]
Apr 11 16:46:45 ovzhost sshd[961]: Received disconnect from 43.255.190.151: 11:  [preauth]
Apr 11 16:46:45 ovzhost sshd[961]: PAM 2 more authentication failures; logname= uid=0 euid=0 tty=ssh ruser= rhost=43.255.190.151  user=root
Apr 11 16:46:45 ovzhost sshd[963]: Failed password for root from 43.255.190.149 port 42002 ssh2
Apr 11 16:46:45 ovzhost sshd[965]: pam_unix(sshd:auth): authentication failure; logname= uid=0 euid=0 tty=ssh ruser= rhost=43.255.190.151  user=root
Apr 11 16:46:47 ovzhost sshd[965]: Failed password for root from 43.255.190.151 port 44279 ssh2
Apr 11 16:46:50 ovzhost sshd[963]: message repeated 2 times: [ Failed password for root from 43.255.190.149 port 42002 ssh2]
Apr 11 16:46:50 ovzhost sshd[963]: Received disconnect from 43.255.190.149: 11:  [preauth]
Apr 11 16:46:50 ovzhost sshd[963]: PAM 2 more authentication failures; logname= uid=0 euid=0 tty=ssh ruser= rhost=43.255.190.149  user=root
Apr 11 16:46:51 ovzhost sshd[967]: pam_unix(sshd:auth): authentication failure; logname= uid=0 euid=0 tty=ssh ruser= rhost=43.255.190.149  user=root
Apr 11 16:46:52 ovzhost sshd[965]: message repeated 2 times: [ Failed password for root from 43.255.190.151 port 44279 ssh2]
Apr 11 16:46:52 ovzhost sshd[965]: Received disconnect from 43.255.190.151: 11:  [preauth]
Apr 11 16:46:52 ovzhost sshd[965]: PAM 2 more authentication failures; logname= uid=0 euid=0 tty=ssh ruser= rhost=43.255.190.151  user=root
Apr 11 16:46:53 ovzhost sshd[973]: Connection closed by 127.0.0.1 [preauth]
Apr 11 16:46:53 ovzhost sshd[970]: pam_unix(sshd:auth): authentication failure; logname= uid=0 euid=0 tty=ssh ruser= rhost=43.255.190.151  user=root
Apr 11 16:46:54 ovzhost sshd[967]: Failed password for root from 43.255.190.149 port 54700 ssh2
Apr 11 16:46:55 ovzhost sshd[970]: Failed password for root from 43.255.190.151 port 33240 ssh2
Apr 11 16:46:58 ovzhost sshd[970]: message repeated 2 times: [ Failed password for root from 43.255.190.151 port 33240 ssh2]
Apr 11 16:46:58 ovzhost sshd[970]: Received disconnect from 43.255.190.151: 11:  [preauth]
Apr 11 16:46:58 ovzhost sshd[970]: PAM 2 more authentication failures; logname= uid=0 euid=0 tty=ssh ruser= rhost=43.255.190.151  user=root
Apr 11 16:46:59 ovzhost sshd[967]: message repeated 2 times: [ Failed password for root from 43.255.190.149 port 54700 ssh2]
Apr 11 16:46:59 ovzhost sshd[967]: Received disconnect from 43.255.190.149: 11:  [preauth]
Apr 11 16:46:59 ovzhost sshd[967]: PAM 2 more authentication failures; logname= uid=0 euid=0 tty=ssh ruser= rhost=43.255.190.149  user=root
Apr 11 16:46:59 ovzhost sshd[975]: pam_unix(sshd:auth): authentication failure; logname= uid=0 euid=0 tty=ssh ruser= rhost=43.255.190.151  user=root
Apr 11 16:47:01 ovzhost sshd[975]: Failed password for root from 43.255.190.151 port 47749 ssh2
Apr 11 16:47:06 ovzhost sshd[975]: message repeated 2 times: [ Failed password for root from 43.255.190.151 port 47749 ssh2]
Apr 11 16:47:06 ovzhost sshd[975]: Received disconnect from 43.255.190.151: 11:  [preauth]
Apr 11 16:47:06 ovzhost sshd[975]: PAM 2 more authentication failures; logname= uid=0 euid=0 tty=ssh ruser= rhost=43.255.190.151  user=root
Apr 11 16:47:06 ovzhost sshd[981]: pam_unix(sshd:auth): authentication failure; logname= uid=0 euid=0 tty=ssh ruser= rhost=43.255.190.151  user=root
Apr 11 16:47:09 ovzhost sshd[981]: Failed password for root from 43.255.190.151 port 36307 ssh2
Apr 11 16:47:12 ovzhost sshd[981]: message repeated 2 times: [ Failed password for root from 43.255.190.151 port 36307 ssh2]
Apr 11 16:47:12 ovzhost sshd[981]: Received disconnect from 43.255.190.151: 11:  [preauth]
Apr 11 16:47:12 ovzhost sshd[981]: PAM 2 more authentication failures; logname= uid=0 euid=0 tty=ssh ruser= rhost=43.255.190.151  user=root
Apr 11 16:47:13 ovzhost sshd[985]: pam_unix(sshd:auth): authentication failure; logname= uid=0 euid=0 tty=ssh ruser= rhost=43.255.190.151  user=root
Apr 11 16:47:14 ovzhost sshd[983]: pam_unix(sshd:auth): authentication failure; logname= uid=0 euid=0 tty=ssh ruser= rhost=43.255.190.149  user=root
Apr 11 16:47:15 ovzhost sshd[985]: Failed password for root from 43.255.190.151 port 51564 ssh2
Apr 11 16:47:16 ovzhost sshd[983]: Failed password for root from 43.255.190.149 port 51631 ssh2
Apr 11 16:47:19 ovzhost sshd[985]: message repeated 2 times: [ Failed password for root from 43.255.190.151 port 51564 ssh2]
Apr 11 16:47:19 ovzhost sshd[985]: Received disconnect from 43.255.190.151: 11:  [preauth]
Apr 11 16:47:19 ovzhost sshd[985]: PAM 2 more authentication failures; logname= uid=0 euid=0 tty=ssh ruser= rhost=43.255.190.151  user=root
Apr 11 16:47:20 ovzhost sshd[987]: pam_unix(sshd:auth): authentication failure; logname= uid=0 euid=0 tty=ssh ruser= rhost=43.255.190.151  user=root
Apr 11 16:47:21 ovzhost sshd[983]: message repeated 2 times: [ Failed password for root from 43.255.190.149 port 51631 ssh2]
Apr 11 16:47:21 ovzhost sshd[983]: Received disconnect from 43.255.190.149: 11:  [preauth]
Apr 11 16:47:21 ovzhost sshd[983]: PAM 2 more authentication failures; logname= uid=0 euid=0 tty=ssh ruser= rhost=43.255.190.149  user=root
Apr 11 16:47:21 ovzhost sshd[987]: Failed password for root from 43.255.190.151 port 38705 ssh2
Apr 11 16:47:23 ovzhost sshd[989]: pam_unix(sshd:auth): authentication failure; logname= uid=0 euid=0 tty=ssh ruser= rhost=43.255.190.149  user=root
Apr 11 16:47:25 ovzhost sshd[987]: message repeated 2 times: [ Failed password for root from 43.255.190.151 port 38705 ssh2]
Apr 11 16:47:25 ovzhost sshd[987]: Received disconnect from 43.255.190.151: 11:  [preauth]
Apr 11 16:47:25 ovzhost sshd[987]: PAM 2 more authentication failures; logname= uid=0 euid=0 tty=ssh ruser= rhost=43.255.190.151  user=root
Apr 11 16:47:25 ovzhost sshd[989]: Failed password for root from 43.255.190.149 port 39348 ssh2
Apr 11 16:47:26 ovzhost sshd[992]: pam_unix(sshd:auth): authentication failure; logname= uid=0 euid=0 tty=ssh ruser= rhost=43.255.190.151  user=root
Apr 11 16:47:28 ovzhost sshd[992]: Failed password for root from 43.255.190.151 port 52779 ssh2
Apr 11 16:47:29 ovzhost sshd[989]: message repeated 2 times: [ Failed password for root from 43.255.190.149 port 39348 ssh2]
Apr 11 16:47:30 ovzhost sshd[989]: Received disconnect from 43.255.190.149: 11:  [preauth]
Apr 11 16:47:30 ovzhost sshd[989]: PAM 2 more authentication failures; logname= uid=0 euid=0 tty=ssh ruser= rhost=43.255.190.149  user=root
Apr 11 16:47:31 ovzhost sshd[994]: pam_unix(sshd:auth): authentication failure; logname= uid=0 euid=0 tty=ssh ruser= rhost=43.255.190.149  user=root
Apr 11 16:47:32 ovzhost sshd[992]: message repeated 2 times: [ Failed password for root from 43.255.190.151 port 52779 ssh2]
Apr 11 16:47:32 ovzhost sshd[992]: Received disconnect from 43.255.190.151: 11:  [preauth]
Apr 11 16:47:32 ovzhost sshd[992]: PAM 2 more authentication failures; logname= uid=0 euid=0 tty=ssh ruser= rhost=43.255.190.151  user=root
Apr 11 16:47:33 ovzhost sshd[996]: pam_unix(sshd:auth): authentication failure; logname= uid=0 euid=0 tty=ssh ruser= rhost=43.255.190.151  user=root
Apr 11 16:47:33 ovzhost sshd[994]: Failed password for root from 43.255.190.149 port 50570 ssh2
Apr 11 16:47:34 ovzhost sshd[996]: Failed password for root from 43.255.190.151 port 40759 ssh2
Apr 11 16:47:35 ovzhost sshd[977]: Connection closed by 43.255.190.149 [preauth]
Apr 11 16:47:39 ovzhost sshd[996]: message repeated 2 times: [ Failed password for root from 43.255.190.151 port 40759 ssh2]
Apr 11 16:47:39 ovzhost sshd[996]: Received disconnect from 43.255.190.151: 11:  [preauth]
Apr 11 16:47:39 ovzhost sshd[996]: PAM 2 more authentication failures; logname= uid=0 euid=0 tty=ssh ruser= rhost=43.255.190.151  user=root
Apr 11 16:47:39 ovzhost sshd[994]: message repeated 2 times: [ Failed password for root from 43.255.190.149 port 50570 ssh2]
Apr 11 16:47:39 ovzhost sshd[994]: Received disconnect from 43.255.190.149: 11:  [preauth]
Apr 11 16:47:39 ovzhost sshd[994]: PAM 2 more authentication failures; logname= uid=0 euid=0 tty=ssh ruser= rhost=43.255.190.149  user=root
Apr 11 16:47:39 ovzhost sshd[1000]: pam_unix(sshd:auth): authentication failure; logname= uid=0 euid=0 tty=ssh ruser= rhost=43.255.190.151  user=root
Apr 11 16:47:40 ovzhost sshd[998]: pam_unix(sshd:auth): authentication failure; logname= uid=0 euid=0 tty=ssh ruser= rhost=43.255.190.149  user=root
Apr 11 16:47:41 ovzhost sshd[1000]: Failed password for root from 43.255.190.151 port 55396 ssh2
Apr 11 16:47:42 ovzhost sshd[998]: Failed password for root from 43.255.190.149 port 34522 ssh2
Apr 11 16:47:45 ovzhost sshd[1000]: message repeated 2 times: [ Failed password for root from 43.255.190.151 port 55396 ssh2]
Apr 11 16:47:45 ovzhost sshd[1000]: Received disconnect from 43.255.190.151: 11:  [preauth]
Apr 11 16:47:45 ovzhost sshd[1000]: PAM 2 more authentication failures; logname= uid=0 euid=0 tty=ssh ruser= rhost=43.255.190.151  user=root
Apr 11 16:47:45 ovzhost sshd[998]: message repeated 2 times: [ Failed password for root from 43.255.190.149 port 34522 ssh2]
Apr 11 16:47:45 ovzhost sshd[998]: Received disconnect from 43.255.190.149: 11:  [preauth]
Apr 11 16:47:45 ovzhost sshd[998]: PAM 2 more authentication failures; logname= uid=0 euid=0 tty=ssh ruser= rhost=43.255.190.149  user=root
Apr 11 16:47:46 ovzhost sshd[1002]: pam_unix(sshd:auth): authentication failure; logname= uid=0 euid=0 tty=ssh ruser= rhost=43.255.190.151  user=root
Apr 11 16:47:46 ovzhost sshd[1004]: pam_unix(sshd:auth): authentication failure; logname= uid=0 euid=0 tty=ssh ruser= rhost=43.255.190.149  user=root
Apr 11 16:47:48 ovzhost sshd[1002]: Failed password for root from 43.255.190.151 port 41879 ssh2
Apr 11 16:47:48 ovzhost sshd[1004]: Failed password for root from 43.255.190.149 port 43884 ssh2
Apr 11 16:47:53 ovzhost sshd[1002]: message repeated 2 times: [ Failed password for root from 43.255.190.151 port 41879 ssh2]
Apr 11 16:47:53 ovzhost sshd[1002]: Received disconnect from 43.255.190.151: 11:  [preauth]
Apr 11 16:47:53 ovzhost sshd[1002]: PAM 2 more authentication failures; logname= uid=0 euid=0 tty=ssh ruser= rhost=43.255.190.151  user=root
Apr 11 16:47:53 ovzhost sshd[1004]: message repeated 2 times: [ Failed password for root from 43.255.190.149 port 43884 ssh2]
Apr 11 16:47:53 ovzhost sshd[1004]: Received disconnect from 43.255.190.149: 11:  [preauth]
Apr 11 16:47:53 ovzhost sshd[1004]: PAM 2 more authentication failures; logname= uid=0 euid=0 tty=ssh ruser= rhost=43.255.190.149  user=root
Apr 11 16:47:53 ovzhost sshd[1006]: pam_unix(sshd:auth): authentication failure; logname= uid=0 euid=0 tty=ssh ruser= rhost=43.255.190.151  user=root
Apr 11 16:47:55 ovzhost sshd[1006]: Failed password for root from 43.255.190.151 port 57882 ssh2
Apr 11 16:48:00 ovzhost sshd[1006]: message repeated 2 times: [ Failed password for root from 43.255.190.151 port 57882 ssh2]
Apr 11 16:48:00 ovzhost sshd[1006]: Received disconnect from 43.255.190.151: 11:  [preauth]
Apr 11 16:48:00 ovzhost sshd[1006]: PAM 2 more authentication failures; logname= uid=0 euid=0 tty=ssh ruser= rhost=43.255.190.151  user=root
Apr 11 16:48:00 ovzhost sshd[1013]: pam_unix(sshd:auth): authentication failure; logname= uid=0 euid=0 tty=ssh ruser= rhost=43.255.190.151  user=root
Apr 11 16:48:03 ovzhost sshd[1013]: Failed password for root from 43.255.190.151 port 45533 ssh2
Apr 11 16:48:03 ovzhost sshd[1008]: pam_unix(sshd:auth): authentication failure; logname= uid=0 euid=0 tty=ssh ruser= rhost=43.255.190.149  user=root
Apr 11 16:48:05 ovzhost sshd[1008]: Failed password for root from 43.255.190.149 port 54088 ssh2
Apr 11 16:48:06 ovzhost sshd[1013]: message repeated 2 times: [ Failed password for root from 43.255.190.151 port 45533 ssh2]
Apr 11 16:48:07 ovzhost sshd[1013]: Received disconnect from 43.255.190.151: 11:  [preauth]
Apr 11 16:48:07 ovzhost sshd[1013]: PAM 2 more authentication failures; logname= uid=0 euid=0 tty=ssh ruser= rhost=43.255.190.151  user=root
Apr 11 16:48:07 ovzhost sshd[1015]: pam_unix(sshd:auth): authentication failure; logname= uid=0 euid=0 tty=ssh ruser= rhost=43.255.190.151  user=root
Apr 11 16:48:09 ovzhost sshd[1008]: message repeated 2 times: [ Failed password for root from 43.255.190.149 port 54088 ssh2]
Apr 11 16:48:09 ovzhost sshd[1008]: Received disconnect from 43.255.190.149: 11:  [preauth]
Apr 11 16:48:09 ovzhost sshd[1008]: PAM 2 more authentication failures; logname= uid=0 euid=0 tty=ssh ruser= rhost=43.255.190.149  user=root
Apr 11 16:48:09 ovzhost sshd[1015]: Failed password for root from 43.255.190.151 port 60748 ssh2
Apr 11 16:48:12 ovzhost sshd[1017]: pam_unix(sshd:auth): authentication failure; logname= uid=0 euid=0 tty=ssh ruser= rhost=43.255.190.149  user=root
Apr 11 16:48:14 ovzhost sshd[1015]: message repeated 2 times: [ Failed password for root from 43.255.190.151 port 60748 ssh2]
Apr 11 16:48:14 ovzhost sshd[1015]: Received disconnect from 43.255.190.151: 11:  [preauth]
Apr 11 16:48:14 ovzhost sshd[1015]: PAM 2 more authentication failures; logname= uid=0 euid=0 tty=ssh ruser= rhost=43.255.190.151  user=root
Apr 11 16:48:15 ovzhost sshd[1017]: Failed password for root from 43.255.190.149 port 47622 ssh2
Apr 11 16:48:15 ovzhost sshd[1019]: pam_unix(sshd:auth): authentication failure; logname= uid=0 euid=0 tty=ssh ruser= rhost=43.255.190.151  user=root
Apr 11 16:48:16 ovzhost sshd[1019]: Failed password for root from 43.255.190.151 port 48770 ssh2
Apr 11 16:48:18 ovzhost sshd[1017]: message repeated 2 times: [ Failed password for root from 43.255.190.149 port 47622 ssh2]
Apr 11 16:48:18 ovzhost sshd[1017]: Received disconnect from 43.255.190.149: 11:  [preauth]
Apr 11 16:48:18 ovzhost sshd[1017]: PAM 2 more authentication failures; logname= uid=0 euid=0 tty=ssh ruser= rhost=43.255.190.149  user=root
Apr 11 16:48:19 ovzhost sshd[1021]: pam_unix(sshd:auth): authentication failure; logname= uid=0 euid=0 tty=ssh ruser= rhost=43.255.190.149  user=root
Apr 11 16:48:20 ovzhost sshd[1019]: message repeated 2 times: [ Failed password for root from 43.255.190.151 port 48770 ssh2]
Apr 11 16:48:20 ovzhost sshd[1019]: Received disconnect from 43.255.190.151: 11:  [preauth]
Apr 11 16:48:20 ovzhost sshd[1019]: PAM 2 more authentication failures; logname= uid=0 euid=0 tty=ssh ruser= rhost=43.255.190.151  user=root
Apr 11 16:48:21 ovzhost sshd[1023]: pam_unix(sshd:auth): authentication failure; logname= uid=0 euid=0 tty=ssh ruser= rhost=43.255.190.151  user=root
Apr 11 16:48:21 ovzhost sshd[1021]: Failed password for root from 43.255.190.149 port 59413 ssh2
Apr 11 16:48:23 ovzhost sshd[1023]: Failed password for root from 43.255.190.151 port 33939 ssh2
Apr 11 16:48:26 ovzhost sshd[1021]: message repeated 2 times: [ Failed password for root from 43.255.190.149 port 59413 ssh2]
Apr 11 16:48:26 ovzhost sshd[1021]: Received disconnect from 43.255.190.149: 11:  [preauth]
Apr 11 16:48:26 ovzhost sshd[1021]: PAM 2 more authentication failures; logname= uid=0 euid=0 tty=ssh ruser= rhost=43.255.190.149  user=root
Apr 11 16:48:27 ovzhost sshd[1023]: message repeated 2 times: [ Failed password for root from 43.255.190.151 port 33939 ssh2]
Apr 11 16:48:27 ovzhost sshd[1023]: Received disconnect from 43.255.190.151: 11:  [preauth]
Apr 11 16:48:27 ovzhost sshd[1023]: PAM 2 more authentication failures; logname= uid=0 euid=0 tty=ssh ruser= rhost=43.255.190.151  user=root
Apr 11 16:48:28 ovzhost sshd[1027]: pam_unix(sshd:auth): authentication failure; logname= uid=0 euid=0 tty=ssh ruser= rhost=43.255.190.151  user=root
Apr 11 16:48:28 ovzhost sshd[1029]: pam_unix(sshd:auth): authentication failure; logname= uid=0 euid=0 tty=ssh ruser= rhost=43.255.190.149  user=root
Apr 11 16:48:30 ovzhost sshd[1027]: Failed password for root from 43.255.190.151 port 49453 ssh2
Apr 11 16:48:30 ovzhost sshd[1029]: Failed password for root from 43.255.190.149 port 42473 ssh2
Apr 11 16:48:34 ovzhost sshd[1027]: message repeated 2 times: [ Failed password for root from 43.255.190.151 port 49453 ssh2]
Apr 11 16:48:34 ovzhost sshd[1027]: Received disconnect from 43.255.190.151: 11:  [preauth]
Apr 11 16:48:34 ovzhost sshd[1027]: PAM 2 more authentication failures; logname= uid=0 euid=0 tty=ssh ruser= rhost=43.255.190.151  user=root
Apr 11 16:48:34 ovzhost sshd[1029]: message repeated 2 times: [ Failed password for root from 43.255.190.149 port 42473 ssh2]
Apr 11 16:48:34 ovzhost sshd[1029]: Received disconnect from 43.255.190.149: 11:  [preauth]
Apr 11 16:48:34 ovzhost sshd[1029]: PAM 2 more authentication failures; logname= uid=0 euid=0 tty=ssh ruser= rhost=43.255.190.149  user=root
Apr 11 16:48:35 ovzhost sshd[1031]: pam_unix(sshd:auth): authentication failure; logname= uid=0 euid=0 tty=ssh ruser= rhost=43.255.190.151  user=root
Apr 11 16:48:35 ovzhost sshd[1033]: pam_unix(sshd:auth): authentication failure; logname= uid=0 euid=0 tty=ssh ruser= rhost=43.255.190.149  user=root
Apr 11 16:48:37 ovzhost sshd[1031]: Failed password for root from 43.255.190.151 port 36300 ssh2
Apr 11 16:48:37 ovzhost sshd[1033]: Failed password for root from 43.255.190.149 port 53352 ssh2
Apr 11 16:48:41 ovzhost sshd[1031]: message repeated 2 times: [ Failed password for root from 43.255.190.151 port 36300 ssh2]
Apr 11 16:48:41 ovzhost sshd[1031]: Received disconnect from 43.255.190.151: 11:  [preauth]
Apr 11 16:48:41 ovzhost sshd[1031]: PAM 2 more authentication failures; logname= uid=0 euid=0 tty=ssh ruser= rhost=43.255.190.151  user=root
Apr 11 16:48:42 ovzhost sshd[1035]: pam_unix(sshd:auth): authentication failure; logname= uid=0 euid=0 tty=ssh ruser= rhost=43.255.190.151  user=root
Apr 11 16:48:42 ovzhost sshd[1033]: message repeated 2 times: [ Failed password for root from 43.255.190.149 port 53352 ssh2]
Apr 11 16:48:42 ovzhost sshd[1033]: Received disconnect from 43.255.190.149: 11:  [preauth]
Apr 11 16:48:42 ovzhost sshd[1033]: PAM 2 more authentication failures; logname= uid=0 euid=0 tty=ssh ruser= rhost=43.255.190.149  user=root
Apr 11 16:48:44 ovzhost sshd[1035]: Failed password for root from 43.255.190.151 port 51626 ssh2
Apr 11 16:48:45 ovzhost sshd[1037]: pam_unix(sshd:auth): authentication failure; logname= uid=0 euid=0 tty=ssh ruser= rhost=43.255.190.149  user=root
Apr 11 16:48:46 ovzhost sshd[1037]: Failed password for root from 43.255.190.149 port 36046 ssh2
Apr 11 16:48:48 ovzhost sshd[1035]: message repeated 2 times: [ Failed password for root from 43.255.190.151 port 51626 ssh2]
Apr 11 16:48:48 ovzhost sshd[1035]: Received disconnect from 43.255.190.151: 11:  [preauth]
Apr 11 16:48:48 ovzhost sshd[1035]: PAM 2 more authentication failures; logname= uid=0 euid=0 tty=ssh ruser= rhost=43.255.190.151  user=root
Apr 11 16:48:49 ovzhost sshd[1039]: pam_unix(sshd:auth): authentication failure; logname= uid=0 euid=0 tty=ssh ruser= rhost=43.255.190.151  user=root
Apr 11 16:48:51 ovzhost sshd[1039]: Failed password for root from 43.255.190.151 port 38959 ssh2
Apr 11 16:48:52 ovzhost sshd[1037]: message repeated 2 times: [ Failed password for root from 43.255.190.149 port 36046 ssh2]
