Apr 12 13:16:41 ovzhost sshd[1846]: message repeated 2 times: [ Failed password for root from 43.255.190.120 port 55391 ssh2]
Apr 12 13:16:41 ovzhost sshd[1846]: Received disconnect from 43.255.190.120: 11:  [preauth]
Apr 12 13:16:41 ovzhost sshd[1846]: PAM 2 more authentication failures; logname= uid=0 euid=0 tty=ssh ruser= rhost=43.255.190.120  user=root
Apr 12 13:16:42 ovzhost sshd[1848]: pam_unix(sshd:auth): authentication failure; logname= uid=0 euid=0 tty=ssh ruser= rhost=43.255.190.120  user=root
Apr 12 13:16:43 ovzhost sshd[1848]: Failed password for root from 43.255.190.120 port 40366 ssh2
Apr 12 13:16:48 ovzhost sshd[1848]: message repeated 2 times: [ Failed password for root from 43.255.190.120 port 40366 ssh2]
Apr 12 13:16:48 ovzhost sshd[1848]: Received disconnect from 43.255.190.120: 11:  [preauth]
Apr 12 13:16:48 ovzhost sshd[1848]: PAM 2 more authentication failures; logname= uid=0 euid=0 tty=ssh ruser= rhost=43.255.190.120  user=root
Apr 12 13:16:49 ovzhost sshd[1851]: pam_unix(sshd:auth): authentication failure; logname= uid=0 euid=0 tty=ssh ruser= rhost=43.255.190.120  user=root
Apr 12 13:16:50 ovzhost sshd[1851]: Failed password for root from 43.255.190.120 port 57896 ssh2
Apr 12 13:16:54 ovzhost sshd[1851]: message repeated 2 times: [ Failed password for root from 43.255.190.120 port 57896 ssh2]
Apr 12 13:16:54 ovzhost sshd[1851]: Received disconnect from 43.255.190.120: 11:  [preauth]
Apr 12 13:16:54 ovzhost sshd[1851]: PAM 2 more authentication failures; logname= uid=0 euid=0 tty=ssh ruser= rhost=43.255.190.120  user=root
Apr 12 13:16:55 ovzhost sshd[1853]: pam_unix(sshd:auth): authentication failure; logname= uid=0 euid=0 tty=ssh ruser= rhost=43.255.190.120  user=root
Apr 12 13:16:57 ovzhost sshd[1853]: Failed password for root from 43.255.190.120 port 45484 ssh2
Apr 12 13:17:01 ovzhost sshd[1853]: message repeated 2 times: [ Failed password for root from 43.255.190.120 port 45484 ssh2]
Apr 12 13:17:01 ovzhost sshd[1853]: Received disconnect from 43.255.190.120: 11:  [preauth]
Apr 12 13:17:01 ovzhost sshd[1853]: PAM 2 more authentication failures; logname= uid=0 euid=0 tty=ssh ruser= rhost=43.255.190.120  user=root
Apr 12 13:17:02 ovzhost sshd[1855]: pam_unix(sshd:auth): authentication failure; logname= uid=0 euid=0 tty=ssh ruser= rhost=43.255.190.120  user=root
Apr 12 13:17:04 ovzhost sshd[1855]: Failed password for root from 43.255.190.120 port 35942 ssh2
Apr 12 13:17:08 ovzhost sshd[1855]: message repeated 2 times: [ Failed password for root from 43.255.190.120 port 35942 ssh2]
Apr 12 13:17:08 ovzhost sshd[1855]: Received disconnect from 43.255.190.120: 11:  [preauth]
Apr 12 13:17:08 ovzhost sshd[1855]: PAM 2 more authentication failures; logname= uid=0 euid=0 tty=ssh ruser= rhost=43.255.190.120  user=root
Apr 12 13:17:08 ovzhost sshd[1859]: pam_unix(sshd:auth): authentication failure; logname= uid=0 euid=0 tty=ssh ruser= rhost=43.255.190.120  user=root
Apr 12 13:17:10 ovzhost sshd[1859]: Failed password for root from 43.255.190.120 port 51598 ssh2
Apr 12 13:17:14 ovzhost sshd[1859]: message repeated 2 times: [ Failed password for root from 43.255.190.120 port 51598 ssh2]
Apr 12 13:17:14 ovzhost sshd[1859]: Received disconnect from 43.255.190.120: 11:  [preauth]
Apr 12 13:17:14 ovzhost sshd[1859]: PAM 2 more authentication failures; logname= uid=0 euid=0 tty=ssh ruser= rhost=43.255.190.120  user=root
Apr 12 13:17:14 ovzhost sshd[1861]: pam_unix(sshd:auth): authentication failure; logname= uid=0 euid=0 tty=ssh ruser= rhost=43.255.190.120  user=root
Apr 12 13:17:16 ovzhost sshd[1861]: Failed password for root from 43.255.190.120 port 39333 ssh2
Apr 12 13:17:20 ovzhost sshd[1861]: message repeated 2 times: [ Failed password for root from 43.255.190.120 port 39333 ssh2]
Apr 12 13:17:20 ovzhost sshd[1861]: Received disconnect from 43.255.190.120: 11:  [preauth]
Apr 12 13:17:20 ovzhost sshd[1861]: PAM 2 more authentication failures; logname= uid=0 euid=0 tty=ssh ruser= rhost=43.255.190.120  user=root
Apr 12 13:17:21 ovzhost sshd[1864]: pam_unix(sshd:auth): authentication failure; logname= uid=0 euid=0 tty=ssh ruser= rhost=43.255.190.120  user=root
Apr 12 13:17:23 ovzhost sshd[1864]: Failed password for root from 43.255.190.120 port 55846 ssh2
Apr 12 13:17:27 ovzhost sshd[1864]: message repeated 2 times: [ Failed password for root from 43.255.190.120 port 55846 ssh2]
Apr 12 13:17:27 ovzhost sshd[1864]: Received disconnect from 43.255.190.120: 11:  [preauth]
Apr 12 13:17:27 ovzhost sshd[1864]: PAM 2 more authentication failures; logname= uid=0 euid=0 tty=ssh ruser= rhost=43.255.190.120  user=root
Apr 12 13:17:27 ovzhost sshd[1867]: pam_unix(sshd:auth): authentication failure; logname= uid=0 euid=0 tty=ssh ruser= rhost=43.255.190.120  user=root
Apr 12 13:17:29 ovzhost sshd[1867]: Failed password for root from 43.255.190.120 port 44278 ssh2
Apr 12 13:17:33 ovzhost sshd[1867]: message repeated 2 times: [ Failed password for root from 43.255.190.120 port 44278 ssh2]
Apr 12 13:17:33 ovzhost sshd[1867]: Received disconnect from 43.255.190.120: 11:  [preauth]
Apr 12 13:17:33 ovzhost sshd[1867]: PAM 2 more authentication failures; logname= uid=0 euid=0 tty=ssh ruser= rhost=43.255.190.120  user=root
Apr 12 13:17:34 ovzhost sshd[1869]: pam_unix(sshd:auth): authentication failure; logname= uid=0 euid=0 tty=ssh ruser= rhost=43.255.190.120  user=root
Apr 12 13:17:35 ovzhost sshd[1869]: Failed password for root from 43.255.190.120 port 60029 ssh2
Apr 12 13:17:39 ovzhost sshd[1869]: message repeated 2 times: [ Failed password for root from 43.255.190.120 port 60029 ssh2]
Apr 12 13:17:39 ovzhost sshd[1869]: Received disconnect from 43.255.190.120: 11:  [preauth]
Apr 12 13:17:39 ovzhost sshd[1869]: PAM 2 more authentication failures; logname= uid=0 euid=0 tty=ssh ruser= rhost=43.255.190.120  user=root
Apr 12 13:17:39 ovzhost sshd[1871]: pam_unix(sshd:auth): authentication failure; logname= uid=0 euid=0 tty=ssh ruser= rhost=43.255.190.120  user=root
Apr 12 13:17:41 ovzhost sshd[1871]: Failed password for root from 43.255.190.120 port 46117 ssh2
Apr 12 13:17:45 ovzhost sshd[1871]: message repeated 2 times: [ Failed password for root from 43.255.190.120 port 46117 ssh2]
Apr 12 13:17:46 ovzhost sshd[1871]: Received disconnect from 43.255.190.120: 11:  [preauth]
Apr 12 13:17:46 ovzhost sshd[1871]: PAM 2 more authentication failures; logname= uid=0 euid=0 tty=ssh ruser= rhost=43.255.190.120  user=root
Apr 12 13:17:46 ovzhost sshd[1875]: pam_unix(sshd:auth): authentication failure; logname= uid=0 euid=0 tty=ssh ruser= rhost=43.255.190.120  user=root
Apr 12 13:17:48 ovzhost sshd[1875]: Failed password for root from 43.255.190.120 port 33774 ssh2
Apr 12 13:17:51 ovzhost sshd[1875]: message repeated 2 times: [ Failed password for root from 43.255.190.120 port 33774 ssh2]
Apr 12 13:17:52 ovzhost sshd[1875]: Received disconnect from 43.255.190.120: 11:  [preauth]
Apr 12 13:17:52 ovzhost sshd[1875]: PAM 2 more authentication failures; logname= uid=0 euid=0 tty=ssh ruser= rhost=43.255.190.120  user=root
Apr 12 13:17:52 ovzhost sshd[1878]: pam_unix(sshd:auth): authentication failure; logname= uid=0 euid=0 tty=ssh ruser= rhost=43.255.190.120  user=root
Apr 12 13:17:54 ovzhost sshd[1878]: Failed password for root from 43.255.190.120 port 48880 ssh2
Apr 12 13:17:58 ovzhost sshd[1878]: message repeated 2 times: [ Failed password for root from 43.255.190.120 port 48880 ssh2]
Apr 12 13:17:58 ovzhost sshd[1878]: Received disconnect from 43.255.190.120: 11:  [preauth]
Apr 12 13:17:58 ovzhost sshd[1878]: PAM 2 more authentication failures; logname= uid=0 euid=0 tty=ssh ruser= rhost=43.255.190.120  user=root
Apr 12 13:17:59 ovzhost sshd[1880]: pam_unix(sshd:auth): authentication failure; logname= uid=0 euid=0 tty=ssh ruser= rhost=43.255.190.120  user=root
Apr 12 13:18:00 ovzhost sshd[1883]: Connection closed by 127.0.0.1 [preauth]
Apr 12 13:18:01 ovzhost sshd[1880]: Failed password for root from 43.255.190.120 port 36143 ssh2
Apr 12 13:18:04 ovzhost sshd[1880]: message repeated 2 times: [ Failed password for root from 43.255.190.120 port 36143 ssh2]
Apr 12 13:18:04 ovzhost sshd[1880]: Received disconnect from 43.255.190.120: 11:  [preauth]
Apr 12 13:18:04 ovzhost sshd[1880]: PAM 2 more authentication failures; logname= uid=0 euid=0 tty=ssh ruser= rhost=43.255.190.120  user=root
Apr 12 13:18:05 ovzhost sshd[1885]: pam_unix(sshd:auth): authentication failure; logname= uid=0 euid=0 tty=ssh ruser= rhost=43.255.190.120  user=root
Apr 12 13:18:07 ovzhost sshd[1885]: Failed password for root from 43.255.190.120 port 51885 ssh2
Apr 12 13:18:15 ovzhost sshd[1885]: message repeated 2 times: [ Failed password for root from 43.255.190.120 port 51885 ssh2]
Apr 12 13:18:15 ovzhost sshd[1885]: Received disconnect from 43.255.190.120: 11:  [preauth]
Apr 12 13:18:15 ovzhost sshd[1885]: PAM 2 more authentication failures; logname= uid=0 euid=0 tty=ssh ruser= rhost=43.255.190.120  user=root
Apr 12 13:18:16 ovzhost sshd[1887]: pam_unix(sshd:auth): authentication failure; logname= uid=0 euid=0 tty=ssh ruser= rhost=43.255.190.120  user=root
Apr 12 13:18:18 ovzhost sshd[1887]: Failed password for root from 43.255.190.120 port 49531 ssh2
Apr 12 13:18:22 ovzhost sshd[1887]: message repeated 2 times: [ Failed password for root from 43.255.190.120 port 49531 ssh2]
Apr 12 13:18:22 ovzhost sshd[1887]: Received disconnect from 43.255.190.120: 11:  [preauth]
Apr 12 13:18:22 ovzhost sshd[1887]: PAM 2 more authentication failures; logname= uid=0 euid=0 tty=ssh ruser= rhost=43.255.190.120  user=root
Apr 12 13:18:23 ovzhost sshd[1893]: pam_unix(sshd:auth): authentication failure; logname= uid=0 euid=0 tty=ssh ruser= rhost=43.255.190.120  user=root
Apr 12 13:18:25 ovzhost sshd[1893]: Failed password for root from 43.255.190.120 port 36656 ssh2
Apr 12 13:18:28 ovzhost sshd[1893]: message repeated 2 times: [ Failed password for root from 43.255.190.120 port 36656 ssh2]
Apr 12 13:18:28 ovzhost sshd[1893]: Received disconnect from 43.255.190.120: 11:  [preauth]
Apr 12 13:18:28 ovzhost sshd[1893]: PAM 2 more authentication failures; logname= uid=0 euid=0 tty=ssh ruser= rhost=43.255.190.120  user=root
Apr 12 13:18:29 ovzhost sshd[1895]: pam_unix(sshd:auth): authentication failure; logname= uid=0 euid=0 tty=ssh ruser= rhost=43.255.190.120  user=root
Apr 12 13:18:31 ovzhost sshd[1895]: Failed password for root from 43.255.190.120 port 52162 ssh2
Apr 12 13:18:35 ovzhost sshd[1895]: message repeated 2 times: [ Failed password for root from 43.255.190.120 port 52162 ssh2]
Apr 12 13:18:35 ovzhost sshd[1895]: Received disconnect from 43.255.190.120: 11:  [preauth]
Apr 12 13:18:35 ovzhost sshd[1895]: PAM 2 more authentication failures; logname= uid=0 euid=0 tty=ssh ruser= rhost=43.255.190.120  user=root
Apr 12 13:20:01 ovzhost CRON[1901]: pam_env(cron:session): Unable to open env file: /etc/default/locale: No such file or directory
Apr 12 13:20:01 ovzhost CRON[1901]: pam_unix(cron:session): session opened for user smmsp by (uid=0)
Apr 12 13:20:01 ovzhost CRON[1901]: pam_unix(cron:session): session closed for user smmsp
Apr 12 13:20:22 ovzhost sshd[1928]: Connection closed by 128.8.37.104 [preauth]
Apr 12 13:23:00 ovzhost sshd[1942]: Connection closed by 127.0.0.1 [preauth]
Apr 12 13:27:38 ovzhost sshd[1958]: Invalid user pi from 193.104.41.53
Apr 12 13:27:38 ovzhost sshd[1958]: input_userauth_request: invalid user pi [preauth]
Apr 12 13:27:38 ovzhost sshd[1958]: pam_unix(sshd:auth): check pass; user unknown
Apr 12 13:27:38 ovzhost sshd[1958]: pam_unix(sshd:auth): authentication failure; logname= uid=0 euid=0 tty=ssh ruser= rhost=193.104.41.53 
Apr 12 13:27:40 ovzhost sshd[1958]: Failed password for invalid user pi from 193.104.41.53 port 22320 ssh2
Apr 12 13:27:40 ovzhost sshd[1958]: Received disconnect from 193.104.41.53: 11: Bye Bye [preauth]
Apr 12 13:28:00 ovzhost sshd[1964]: Connection closed by 127.0.0.1 [preauth]
Apr 12 13:30:22 ovzhost sshd[1975]: Connection closed by 128.8.37.104 [preauth]
Apr 12 13:32:23 ovzhost sshd[1984]: pam_unix(sshd:auth): authentication failure; logname= uid=0 euid=0 tty=ssh ruser= rhost=43.255.190.191  user=root
Apr 12 13:32:24 ovzhost sshd[1984]: Failed password for root from 43.255.190.191 port 43719 ssh2
Apr 12 13:32:28 ovzhost sshd[1984]: message repeated 2 times: [ Failed password for root from 43.255.190.191 port 43719 ssh2]
Apr 12 13:32:28 ovzhost sshd[1984]: Received disconnect from 43.255.190.191: 11:  [preauth]
Apr 12 13:32:28 ovzhost sshd[1984]: PAM 2 more authentication failures; logname= uid=0 euid=0 tty=ssh ruser= rhost=43.255.190.191  user=root
Apr 12 13:32:29 ovzhost sshd[1987]: pam_unix(sshd:auth): authentication failure; logname= uid=0 euid=0 tty=ssh ruser= rhost=43.255.190.191  user=root
Apr 12 13:32:31 ovzhost sshd[1987]: Failed password for root from 43.255.190.191 port 59211 ssh2
Apr 12 13:32:35 ovzhost sshd[1987]: message repeated 2 times: [ Failed password for root from 43.255.190.191 port 59211 ssh2]
Apr 12 13:32:35 ovzhost sshd[1987]: Received disconnect from 43.255.190.191: 11:  [preauth]
Apr 12 13:32:35 ovzhost sshd[1987]: PAM 2 more authentication failures; logname= uid=0 euid=0 tty=ssh ruser= rhost=43.255.190.191  user=root
Apr 12 13:32:36 ovzhost sshd[1989]: pam_unix(sshd:auth): authentication failure; logname= uid=0 euid=0 tty=ssh ruser= rhost=43.255.190.191  user=root
Apr 12 13:32:38 ovzhost sshd[1989]: Failed password for root from 43.255.190.191 port 44944 ssh2
Apr 12 13:32:38 ovzhost sshd[1991]: pam_unix(sshd:auth): authentication failure; logname= uid=0 euid=0 tty=ssh ruser= rhost=43.255.190.182  user=root
Apr 12 13:32:40 ovzhost sshd[1991]: Failed password for root from 43.255.190.182 port 43807 ssh2
Apr 12 13:32:43 ovzhost sshd[1989]: message repeated 2 times: [ Failed password for root from 43.255.190.191 port 44944 ssh2]
Apr 12 13:32:43 ovzhost sshd[1989]: Received disconnect from 43.255.190.191: 11:  [preauth]
Apr 12 13:32:43 ovzhost sshd[1989]: PAM 2 more authentication failures; logname= uid=0 euid=0 tty=ssh ruser= rhost=43.255.190.191  user=root
Apr 12 13:32:43 ovzhost sshd[1993]: pam_unix(sshd:auth): authentication failure; logname= uid=0 euid=0 tty=ssh ruser= rhost=43.255.190.191  user=root
Apr 12 13:32:44 ovzhost sshd[1991]: message repeated 2 times: [ Failed password for root from 43.255.190.182 port 43807 ssh2]
Apr 12 13:32:44 ovzhost sshd[1991]: Received disconnect from 43.255.190.182: 11:  [preauth]
Apr 12 13:32:44 ovzhost sshd[1991]: PAM 2 more authentication failures; logname= uid=0 euid=0 tty=ssh ruser= rhost=43.255.190.182  user=root
Apr 12 13:32:45 ovzhost sshd[1993]: Failed password for root from 43.255.190.191 port 59434 ssh2
Apr 12 13:32:45 ovzhost sshd[1997]: pam_unix(sshd:auth): authentication failure; logname= uid=0 euid=0 tty=ssh ruser= rhost=43.255.190.182  user=root
Apr 12 13:32:46 ovzhost sshd[1999]: pam_unix(sshd:auth): authentication failure; logname= uid=0 euid=0 tty=ssh ruser= rhost=43.255.190.191  user=root
Apr 12 13:32:47 ovzhost sshd[1997]: Failed password for root from 43.255.190.182 port 58634 ssh2
Apr 12 13:32:48 ovzhost sshd[1999]: Failed password for root from 43.255.190.191 port 36560 ssh2
Apr 12 13:32:49 ovzhost sshd[1993]: message repeated 2 times: [ Failed password for root from 43.255.190.191 port 59434 ssh2]
Apr 12 13:32:50 ovzhost sshd[1993]: Received disconnect from 43.255.190.191: 11:  [preauth]
Apr 12 13:32:50 ovzhost sshd[1993]: PAM 2 more authentication failures; logname= uid=0 euid=0 tty=ssh ruser= rhost=43.255.190.191  user=root
Apr 12 13:32:50 ovzhost sshd[2002]: pam_unix(sshd:auth): authentication failure; logname= uid=0 euid=0 tty=ssh ruser= rhost=43.255.190.191  user=root
Apr 12 13:32:51 ovzhost sshd[1997]: message repeated 2 times: [ Failed password for root from 43.255.190.182 port 58634 ssh2]
Apr 12 13:32:52 ovzhost sshd[1997]: Received disconnect from 43.255.190.182: 11:  [preauth]
Apr 12 13:32:52 ovzhost sshd[1997]: PAM 2 more authentication failures; logname= uid=0 euid=0 tty=ssh ruser= rhost=43.255.190.182  user=root
Apr 12 13:32:52 ovzhost sshd[2002]: Failed password for root from 43.255.190.191 port 44713 ssh2
Apr 12 13:32:52 ovzhost sshd[2004]: pam_unix(sshd:auth): authentication failure; logname= uid=0 euid=0 tty=ssh ruser= rhost=43.255.190.182  user=root
Apr 12 13:32:53 ovzhost sshd[1999]: message repeated 2 times: [ Failed password for root from 43.255.190.191 port 36560 ssh2]
Apr 12 13:32:53 ovzhost sshd[1999]: Received disconnect from 43.255.190.191: 11:  [preauth]
Apr 12 13:32:53 ovzhost sshd[1999]: PAM 2 more authentication failures; logname= uid=0 euid=0 tty=ssh ruser= rhost=43.255.190.191  user=root
Apr 12 13:32:53 ovzhost sshd[2006]: pam_unix(sshd:auth): authentication failure; logname= uid=0 euid=0 tty=ssh ruser= rhost=43.255.190.191  user=root
Apr 12 13:32:55 ovzhost sshd[2004]: Failed password for root from 43.255.190.182 port 43591 ssh2
Apr 12 13:32:55 ovzhost sshd[2006]: Failed password for root from 43.255.190.191 port 52183 ssh2
Apr 12 13:32:56 ovzhost sshd[2002]: message repeated 2 times: [ Failed password for root from 43.255.190.191 port 44713 ssh2]
Apr 12 13:32:56 ovzhost sshd[2002]: Received disconnect from 43.255.190.191: 11:  [preauth]
Apr 12 13:32:56 ovzhost sshd[2002]: PAM 2 more authentication failures; logname= uid=0 euid=0 tty=ssh ruser= rhost=43.255.190.191  user=root
Apr 12 13:32:57 ovzhost sshd[2008]: pam_unix(sshd:auth): authentication failure; logname= uid=0 euid=0 tty=ssh ruser= rhost=43.255.190.191  user=root
Apr 12 13:32:58 ovzhost sshd[2004]: message repeated 2 times: [ Failed password for root from 43.255.190.182 port 43591 ssh2]
Apr 12 13:32:58 ovzhost sshd[2004]: Received disconnect from 43.255.190.182: 11:  [preauth]
Apr 12 13:32:58 ovzhost sshd[2004]: PAM 2 more authentication failures; logname= uid=0 euid=0 tty=ssh ruser= rhost=43.255.190.182  user=root
Apr 12 13:32:59 ovzhost sshd[2010]: pam_unix(sshd:auth): authentication failure; logname= uid=0 euid=0 tty=ssh ruser= rhost=43.255.190.182  user=root
Apr 12 13:32:59 ovzhost sshd[2008]: Failed password for root from 43.255.190.191 port 33301 ssh2
Apr 12 13:32:59 ovzhost sshd[2006]: message repeated 2 times: [ Failed password for root from 43.255.190.191 port 52183 ssh2]
Apr 12 13:32:59 ovzhost sshd[2006]: Received disconnect from 43.255.190.191: 11:  [preauth]
Apr 12 13:32:59 ovzhost sshd[2006]: PAM 2 more authentication failures; logname= uid=0 euid=0 tty=ssh ruser= rhost=43.255.190.191  user=root
Apr 12 13:33:00 ovzhost sshd[2012]: pam_unix(sshd:auth): authentication failure; logname= uid=0 euid=0 tty=ssh ruser= rhost=43.255.190.191  user=root
Apr 12 13:33:00 ovzhost sshd[2015]: Connection closed by 127.0.0.1 [preauth]
Apr 12 13:33:01 ovzhost sshd[2010]: Failed password for root from 43.255.190.182 port 59942 ssh2
Apr 12 13:33:02 ovzhost sshd[2012]: Failed password for root from 43.255.190.191 port 39924 ssh2
Apr 12 13:33:03 ovzhost sshd[2008]: message repeated 2 times: [ Failed password for root from 43.255.190.191 port 33301 ssh2]
Apr 12 13:33:04 ovzhost sshd[2008]: Received disconnect from 43.255.190.191: 11:  [preauth]
Apr 12 13:33:04 ovzhost sshd[2008]: PAM 2 more authentication failures; logname= uid=0 euid=0 tty=ssh ruser= rhost=43.255.190.191  user=root
Apr 12 13:33:05 ovzhost sshd[2017]: pam_unix(sshd:auth): authentication failure; logname= uid=0 euid=0 tty=ssh ruser= rhost=43.255.190.191  user=root
Apr 12 13:33:06 ovzhost sshd[2012]: message repeated 2 times: [ Failed password for root from 43.255.190.191 port 39924 ssh2]
Apr 12 13:33:06 ovzhost sshd[2012]: Received disconnect from 43.255.190.191: 11:  [preauth]
Apr 12 13:33:06 ovzhost sshd[2012]: PAM 2 more authentication failures; logname= uid=0 euid=0 tty=ssh ruser= rhost=43.255.190.191  user=root
Apr 12 13:33:06 ovzhost sshd[2010]: message repeated 2 times: [ Failed password for root from 43.255.190.182 port 59942 ssh2]
Apr 12 13:33:06 ovzhost sshd[2010]: Received disconnect from 43.255.190.182: 11:  [preauth]
Apr 12 13:33:06 ovzhost sshd[2010]: PAM 2 more authentication failures; logname= uid=0 euid=0 tty=ssh ruser= rhost=43.255.190.182  user=root
Apr 12 13:33:06 ovzhost sshd[2017]: Failed password for root from 43.255.190.191 port 51349 ssh2
Apr 12 13:33:07 ovzhost sshd[2019]: pam_unix(sshd:auth): authentication failure; logname= uid=0 euid=0 tty=ssh ruser= rhost=43.255.190.191  user=root
Apr 12 13:33:07 ovzhost sshd[2021]: pam_unix(sshd:auth): authentication failure; logname= uid=0 euid=0 tty=ssh ruser= rhost=43.255.190.182  user=root
Apr 12 13:33:08 ovzhost sshd[2019]: Failed password for root from 43.255.190.191 port 57929 ssh2
Apr 12 13:33:08 ovzhost sshd[2021]: Failed password for root from 43.255.190.182 port 49935 ssh2
Apr 12 13:33:11 ovzhost sshd[2017]: message repeated 2 times: [ Failed password for root from 43.255.190.191 port 51349 ssh2]
Apr 12 13:33:11 ovzhost sshd[2017]: Received disconnect from 43.255.190.191: 11:  [preauth]
Apr 12 13:33:11 ovzhost sshd[2017]: PAM 2 more authentication failures; logname= uid=0 euid=0 tty=ssh ruser= rhost=43.255.190.191  user=root
Apr 12 13:33:11 ovzhost sshd[2023]: pam_unix(sshd:auth): authentication failure; logname= uid=0 euid=0 tty=ssh ruser= rhost=43.255.190.191  user=root
Apr 12 13:33:13 ovzhost sshd[2021]: message repeated 2 times: [ Failed password for root from 43.255.190.182 port 49935 ssh2]
Apr 12 13:33:13 ovzhost sshd[2021]: Received disconnect from 43.255.190.182: 11:  [preauth]
Apr 12 13:33:13 ovzhost sshd[2021]: PAM 2 more authentication failures; logname= uid=0 euid=0 tty=ssh ruser= rhost=43.255.190.182  user=root
Apr 12 13:33:13 ovzhost sshd[2019]: message repeated 2 times: [ Failed password for root from 43.255.190.191 port 57929 ssh2]
Apr 12 13:33:13 ovzhost sshd[2019]: Received disconnect from 43.255.190.191: 11:  [preauth]
Apr 12 13:33:13 ovzhost sshd[2019]: PAM 2 more authentication failures; logname= uid=0 euid=0 tty=ssh ruser= rhost=43.255.190.191  user=root
Apr 12 13:33:13 ovzhost sshd[2023]: Failed password for root from 43.255.190.191 port 39712 ssh2
Apr 12 13:33:14 ovzhost sshd[2025]: pam_unix(sshd:auth): authentication failure; logname= uid=0 euid=0 tty=ssh ruser= rhost=43.255.190.182  user=root
Apr 12 13:33:14 ovzhost sshd[2027]: pam_unix(sshd:auth): authentication failure; logname= uid=0 euid=0 tty=ssh ruser= rhost=43.255.190.191  user=root
Apr 12 13:33:15 ovzhost sshd[2025]: Failed password for root from 43.255.190.182 port 36849 ssh2
Apr 12 13:33:16 ovzhost sshd[2027]: Failed password for root from 43.255.190.191 port 47077 ssh2
Apr 12 13:33:18 ovzhost sshd[2023]: message repeated 2 times: [ Failed password for root from 43.255.190.191 port 39712 ssh2]
Apr 12 13:33:18 ovzhost sshd[2023]: Received disconnect from 43.255.190.191: 11:  [preauth]
Apr 12 13:33:18 ovzhost sshd[2023]: PAM 2 more authentication failures; logname= uid=0 euid=0 tty=ssh ruser= rhost=43.255.190.191  user=root
Apr 12 13:33:18 ovzhost sshd[2029]: pam_unix(sshd:auth): authentication failure; logname= uid=0 euid=0 tty=ssh ruser= rhost=43.255.190.191  user=root
Apr 12 13:33:20 ovzhost sshd[2027]: message repeated 2 times: [ Failed password for root from 43.255.190.191 port 47077 ssh2]
Apr 12 13:33:20 ovzhost sshd[2027]: Received disconnect from 43.255.190.191: 11:  [preauth]
Apr 12 13:33:20 ovzhost sshd[2027]: PAM 2 more authentication failures; logname= uid=0 euid=0 tty=ssh ruser= rhost=43.255.190.191  user=root
Apr 12 13:33:20 ovzhost sshd[2025]: message repeated 2 times: [ Failed password for root from 43.255.190.182 port 36849 ssh2]
Apr 12 13:33:20 ovzhost sshd[2025]: Received disconnect from 43.255.190.182: 11:  [preauth]
Apr 12 13:33:20 ovzhost sshd[2025]: PAM 2 more authentication failures; logname= uid=0 euid=0 tty=ssh ruser= rhost=43.255.190.182  user=root
Apr 12 13:33:20 ovzhost sshd[2029]: Failed password for root from 43.255.190.191 port 58099 ssh2
Apr 12 13:33:21 ovzhost sshd[2031]: pam_unix(sshd:auth): authentication failure; logname= uid=0 euid=0 tty=ssh ruser= rhost=43.255.190.191  user=root
Apr 12 13:33:21 ovzhost sshd[2033]: pam_unix(sshd:auth): authentication failure; logname= uid=0 euid=0 tty=ssh ruser= rhost=43.255.190.182  user=root
Apr 12 13:33:23 ovzhost sshd[2031]: Failed password for root from 43.255.190.191 port 35980 ssh2
Apr 12 13:33:23 ovzhost sshd[2033]: Failed password for root from 43.255.190.182 port 53352 ssh2
Apr 12 13:33:25 ovzhost sshd[2029]: message repeated 2 times: [ Failed password for root from 43.255.190.191 port 58099 ssh2]
Apr 12 13:33:25 ovzhost sshd[2029]: Received disconnect from 43.255.190.191: 11:  [preauth]
Apr 12 13:33:25 ovzhost sshd[2029]: PAM 2 more authentication failures; logname= uid=0 euid=0 tty=ssh ruser= rhost=43.255.190.191  user=root
Apr 12 13:33:26 ovzhost sshd[2035]: pam_unix(sshd:auth): authentication failure; logname= uid=0 euid=0 tty=ssh ruser= rhost=43.255.190.191  user=root
Apr 12 13:33:27 ovzhost sshd[2031]: message repeated 2 times: [ Failed password for root from 43.255.190.191 port 35980 ssh2]
Apr 12 13:33:27 ovzhost sshd[2031]: Received disconnect from 43.255.190.191: 11:  [preauth]
Apr 12 13:33:27 ovzhost sshd[2031]: PAM 2 more authentication failures; logname= uid=0 euid=0 tty=ssh ruser= rhost=43.255.190.191  user=root
Apr 12 13:33:27 ovzhost sshd[2033]: message repeated 2 times: [ Failed password for root from 43.255.190.182 port 53352 ssh2]
Apr 12 13:33:27 ovzhost sshd[2033]: Received disconnect from 43.255.190.182: 11:  [preauth]
Apr 12 13:33:27 ovzhost sshd[2033]: PAM 2 more authentication failures; logname= uid=0 euid=0 tty=ssh ruser= rhost=43.255.190.182  user=root
Apr 12 13:33:28 ovzhost sshd[2035]: Failed password for root from 43.255.190.191 port 48172 ssh2
Apr 12 13:33:28 ovzhost sshd[2039]: pam_unix(sshd:auth): authentication failure; logname= uid=0 euid=0 tty=ssh ruser= rhost=43.255.190.182  user=root
Apr 12 13:33:28 ovzhost sshd[2037]: pam_unix(sshd:auth): authentication failure; logname= uid=0 euid=0 tty=ssh ruser= rhost=43.255.190.191  user=root
Apr 12 13:33:30 ovzhost sshd[2039]: Failed password for root from 43.255.190.182 port 40397 ssh2
Apr 12 13:33:30 ovzhost sshd[2037]: Failed password for root from 43.255.190.191 port 52676 ssh2
Apr 12 13:33:33 ovzhost sshd[2035]: message repeated 2 times: [ Failed password for root from 43.255.190.191 port 48172 ssh2]
Apr 12 13:33:33 ovzhost sshd[2035]: Received disconnect from 43.255.190.191: 11:  [preauth]
Apr 12 13:33:33 ovzhost sshd[2035]: PAM 2 more authentication failures; logname= uid=0 euid=0 tty=ssh ruser= rhost=43.255.190.191  user=root
Apr 12 13:33:33 ovzhost sshd[2043]: pam_unix(sshd:auth): authentication failure; logname= uid=0 euid=0 tty=ssh ruser= rhost=43.255.190.191  user=root
Apr 12 13:33:35 ovzhost sshd[2039]: message repeated 2 times: [ Failed password for root from 43.255.190.182 port 40397 ssh2]
Apr 12 13:33:35 ovzhost sshd[2039]: Received disconnect from 43.255.190.182: 11:  [preauth]
Apr 12 13:33:35 ovzhost sshd[2039]: PAM 2 more authentication failures; logname= uid=0 euid=0 tty=ssh ruser= rhost=43.255.190.182  user=root
Apr 12 13:33:35 ovzhost sshd[2037]: message repeated 2 times: [ Failed password for root from 43.255.190.191 port 52676 ssh2]
Apr 12 13:33:35 ovzhost sshd[2037]: Received disconnect from 43.255.190.191: 11:  [preauth]
Apr 12 13:33:35 ovzhost sshd[2037]: PAM 2 more authentication failures; logname= uid=0 euid=0 tty=ssh ruser= rhost=43.255.190.191  user=root
Apr 12 13:33:35 ovzhost sshd[2043]: Failed password for root from 43.255.190.191 port 39194 ssh2
Apr 12 13:33:35 ovzhost sshd[2045]: pam_unix(sshd:auth): authentication failure; logname= uid=0 euid=0 tty=ssh ruser= rhost=43.255.190.182  user=root
Apr 12 13:33:35 ovzhost sshd[2047]: pam_unix(sshd:auth): authentication failure; logname= uid=0 euid=0 tty=ssh ruser= rhost=43.255.190.191  user=root
Apr 12 13:33:37 ovzhost sshd[2045]: Failed password for root from 43.255.190.182 port 57936 ssh2
Apr 12 13:33:37 ovzhost sshd[2047]: Failed password for root from 43.255.190.191 port 44132 ssh2
Apr 12 13:33:39 ovzhost sshd[2043]: message repeated 2 times: [ Failed password for root from 43.255.190.191 port 39194 ssh2]
Apr 12 13:33:39 ovzhost sshd[2043]: Received disconnect from 43.255.190.191: 11:  [preauth]
Apr 12 13:33:39 ovzhost sshd[2043]: PAM 2 more authentication failures; logname= uid=0 euid=0 tty=ssh ruser= rhost=43.255.190.191  user=root
Apr 12 13:33:40 ovzhost sshd[2049]: pam_unix(sshd:auth): authentication failure; logname= uid=0 euid=0 tty=ssh ruser= rhost=43.255.190.191  user=root
Apr 12 13:33:41 ovzhost sshd[2045]: message repeated 2 times: [ Failed password for root from 43.255.190.182 port 57936 ssh2]
Apr 12 13:33:41 ovzhost sshd[2045]: Received disconnect from 43.255.190.182: 11:  [preauth]
Apr 12 13:33:41 ovzhost sshd[2045]: PAM 2 more authentication failures; logname= uid=0 euid=0 tty=ssh ruser= rhost=43.255.190.182  user=root
Apr 12 13:33:41 ovzhost sshd[2047]: message repeated 2 times: [ Failed password for root from 43.255.190.191 port 44132 ssh2]
Apr 12 13:33:41 ovzhost sshd[2047]: Received disconnect from 43.255.190.191: 11:  [preauth]
Apr 12 13:33:41 ovzhost sshd[2047]: PAM 2 more authentication failures; logname= uid=0 euid=0 tty=ssh ruser= rhost=43.255.190.191  user=root
Apr 12 13:33:42 ovzhost sshd[2049]: Failed password for root from 43.255.190.191 port 55474 ssh2
Apr 12 13:33:42 ovzhost sshd[2051]: pam_unix(sshd:auth): authentication failure; logname= uid=0 euid=0 tty=ssh ruser= rhost=43.255.190.182  user=root
Apr 12 13:33:42 ovzhost sshd[2053]: pam_unix(sshd:auth): authentication failure; logname= uid=0 euid=0 tty=ssh ruser= rhost=43.255.190.191  user=root
Apr 12 13:33:44 ovzhost sshd[2051]: Failed password for root from 43.255.190.182 port 44660 ssh2
Apr 12 13:33:44 ovzhost sshd[2053]: Failed password for root from 43.255.190.191 port 32866 ssh2
Apr 12 13:33:46 ovzhost sshd[2049]: message repeated 2 times: [ Failed password for root from 43.255.190.191 port 55474 ssh2]
Apr 12 13:33:46 ovzhost sshd[2049]: Received disconnect from 43.255.190.191: 11:  [preauth]
Apr 12 13:33:46 ovzhost sshd[2049]: PAM 2 more authentication failures; logname= uid=0 euid=0 tty=ssh ruser= rhost=43.255.190.191  user=root
Apr 12 13:33:47 ovzhost sshd[2055]: pam_unix(sshd:auth): authentication failure; logname= uid=0 euid=0 tty=ssh ruser= rhost=43.255.190.191  user=root
Apr 12 13:33:49 ovzhost sshd[2055]: Failed password for root from 43.255.190.191 port 44595 ssh2
Apr 12 13:33:49 ovzhost sshd[2051]: message repeated 2 times: [ Failed password for root from 43.255.190.182 port 44660 ssh2]
Apr 12 13:33:49 ovzhost sshd[2051]: Received disconnect from 43.255.190.182: 11:  [preauth]
Apr 12 13:33:49 ovzhost sshd[2051]: PAM 2 more authentication failures; logname= uid=0 euid=0 tty=ssh ruser= rhost=43.255.190.182  user=root
Apr 12 13:33:49 ovzhost sshd[2053]: message repeated 2 times: [ Failed password for root from 43.255.190.191 port 32866 ssh2]
Apr 12 13:33:49 ovzhost sshd[2053]: Received disconnect from 43.255.190.191: 11:  [preauth]
Apr 12 13:33:49 ovzhost sshd[2053]: PAM 2 more authentication failures; logname= uid=0 euid=0 tty=ssh ruser= rhost=43.255.190.191  user=root
Apr 12 13:33:50 ovzhost sshd[2057]: pam_unix(sshd:auth): authentication failure; logname= uid=0 euid=0 tty=ssh ruser= rhost=43.255.190.182  user=root
Apr 12 13:33:50 ovzhost sshd[2059]: pam_unix(sshd:auth): authentication failure; logname= uid=0 euid=0 tty=ssh ruser= rhost=43.255.190.191  user=root
Apr 12 13:33:52 ovzhost sshd[2057]: Failed password for root from 43.255.190.182 port 33266 ssh2
Apr 12 13:33:52 ovzhost sshd[2059]: Failed password for root from 43.255.190.191 port 52224 ssh2
Apr 12 13:33:53 ovzhost sshd[2055]: message repeated 2 times: [ Failed password for root from 43.255.190.191 port 44595 ssh2]
Apr 12 13:33:53 ovzhost sshd[2055]: Received disconnect from 43.255.190.191: 11:  [preauth]
Apr 12 13:33:53 ovzhost sshd[2055]: PAM 2 more authentication failures; logname= uid=0 euid=0 tty=ssh ruser= rhost=43.255.190.191  user=root
Apr 12 13:33:55 ovzhost sshd[2063]: pam_unix(sshd:auth): authentication failure; logname= uid=0 euid=0 tty=ssh ruser= rhost=43.255.190.191  user=root
Apr 12 13:33:57 ovzhost sshd[2059]: message repeated 2 times: [ Failed password for root from 43.255.190.191 port 52224 ssh2]
Apr 12 13:33:57 ovzhost sshd[2059]: Received disconnect from 43.255.190.191: 11:  [preauth]
Apr 12 13:33:57 ovzhost sshd[2059]: PAM 2 more authentication failures; logname= uid=0 euid=0 tty=ssh ruser= rhost=43.255.190.191  user=root
Apr 12 13:33:57 ovzhost sshd[2057]: message repeated 2 times: [ Failed password for root from 43.255.190.182 port 33266 ssh2]
Apr 12 13:33:57 ovzhost sshd[2057]: Received disconnect from 43.255.190.182: 11:  [preauth]
Apr 12 13:33:57 ovzhost sshd[2057]: PAM 2 more authentication failures; logname= uid=0 euid=0 tty=ssh ruser= rhost=43.255.190.182  user=root
Apr 12 13:33:57 ovzhost sshd[2063]: Failed password for root from 43.255.190.191 port 32796 ssh2
Apr 12 13:33:58 ovzhost sshd[2065]: pam_unix(sshd:auth): authentication failure; logname= uid=0 euid=0 tty=ssh ruser= rhost=43.255.190.191  user=root
Apr 12 13:33:58 ovzhost sshd[2067]: pam_unix(sshd:auth): authentication failure; logname= uid=0 euid=0 tty=ssh ruser= rhost=43.255.190.182  user=root
Apr 12 13:34:00 ovzhost sshd[2065]: Failed password for root from 43.255.190.191 port 41972 ssh2
Apr 12 13:34:00 ovzhost sshd[2067]: Failed password for root from 43.255.190.182 port 50223 ssh2
Apr 12 13:34:02 ovzhost sshd[2063]: message repeated 2 times: [ Failed password for root from 43.255.190.191 port 32796 ssh2]
Apr 12 13:34:02 ovzhost sshd[2063]: Received disconnect from 43.255.190.191: 11:  [preauth]
Apr 12 13:34:02 ovzhost sshd[2063]: PAM 2 more authentication failures; logname= uid=0 euid=0 tty=ssh ruser= rhost=43.255.190.191  user=root
Apr 12 13:34:03 ovzhost sshd[2069]: pam_unix(sshd:auth): authentication failure; logname= uid=0 euid=0 tty=ssh ruser= rhost=43.255.190.191  user=root
Apr 12 13:34:04 ovzhost sshd[2067]: message repeated 2 times: [ Failed password for root from 43.255.190.182 port 50223 ssh2]
Apr 12 13:34:05 ovzhost sshd[2067]: Received disconnect from 43.255.190.182: 11:  [preauth]
Apr 12 13:34:05 ovzhost sshd[2067]: PAM 2 more authentication failures; logname= uid=0 euid=0 tty=ssh ruser= rhost=43.255.190.182  user=root
Apr 12 13:34:05 ovzhost sshd[2069]: Failed password for root from 43.255.190.191 port 54932 ssh2
Apr 12 13:34:05 ovzhost sshd[2065]: message repeated 2 times: [ Failed password for root from 43.255.190.191 port 41972 ssh2]
Apr 12 13:34:05 ovzhost sshd[2065]: Received disconnect from 43.255.190.191: 11:  [preauth]
Apr 12 13:34:05 ovzhost sshd[2065]: PAM 2 more authentication failures; logname= uid=0 euid=0 tty=ssh ruser= rhost=43.255.190.191  user=root
Apr 12 13:34:05 ovzhost sshd[2071]: pam_unix(sshd:auth): authentication failure; logname= uid=0 euid=0 tty=ssh ruser= rhost=43.255.190.182  user=root
Apr 12 13:34:05 ovzhost sshd[2073]: pam_unix(sshd:auth): authentication failure; logname= uid=0 euid=0 tty=ssh ruser= rhost=43.255.190.191  user=root
Apr 12 13:34:07 ovzhost sshd[2071]: Failed password for root from 43.255.190.182 port 37668 ssh2
Apr 12 13:34:07 ovzhost sshd[2073]: Failed password for root from 43.255.190.191 port 60611 ssh2
Apr 12 13:34:09 ovzhost sshd[2069]: message repeated 2 times: [ Failed password for root from 43.255.190.191 port 54932 ssh2]
Apr 12 13:34:09 ovzhost sshd[2069]: Received disconnect from 43.255.190.191: 11:  [preauth]
Apr 12 13:34:09 ovzhost sshd[2069]: PAM 2 more authentication failures; logname= uid=0 euid=0 tty=ssh ruser= rhost=43.255.190.191  user=root
Apr 12 13:34:10 ovzhost sshd[2075]: pam_unix(sshd:auth): authentication failure; logname= uid=0 euid=0 tty=ssh ruser= rhost=43.255.190.191  user=root
Apr 12 13:34:12 ovzhost sshd[2071]: message repeated 2 times: [ Failed password for root from 43.255.190.182 port 37668 ssh2]
Apr 12 13:34:12 ovzhost sshd[2071]: Received disconnect from 43.255.190.182: 11:  [preauth]
Apr 12 13:34:12 ovzhost sshd[2071]: PAM 2 more authentication failures; logname= uid=0 euid=0 tty=ssh ruser= rhost=43.255.190.182  user=root
Apr 12 13:34:12 ovzhost sshd[2075]: Failed password for root from 43.255.190.191 port 43818 ssh2
Apr 12 13:34:12 ovzhost sshd[2073]: message repeated 2 times: [ Failed password for root from 43.255.190.191 port 60611 ssh2]
Apr 12 13:34:12 ovzhost sshd[2073]: Received disconnect from 43.255.190.191: 11:  [preauth]
Apr 12 13:34:12 ovzhost sshd[2073]: PAM 2 more authentication failures; logname= uid=0 euid=0 tty=ssh ruser= rhost=43.255.190.191  user=root
Apr 12 13:34:13 ovzhost sshd[2077]: pam_unix(sshd:auth): authentication failure; logname= uid=0 euid=0 tty=ssh ruser= rhost=43.255.190.182  user=root
Apr 12 13:34:13 ovzhost sshd[2079]: pam_unix(sshd:auth): authentication failure; logname= uid=0 euid=0 tty=ssh ruser= rhost=43.255.190.191  user=root
Apr 12 13:34:15 ovzhost sshd[2077]: Failed password for root from 43.255.190.182 port 54046 ssh2
Apr 12 13:34:15 ovzhost sshd[2079]: Failed password for root from 43.255.190.191 port 50569 ssh2
Apr 12 13:34:16 ovzhost sshd[2075]: message repeated 2 times: [ Failed password for root from 43.255.190.191 port 43818 ssh2]
Apr 12 13:34:16 ovzhost sshd[2075]: Received disconnect from 43.255.190.191: 11:  [preauth]
Apr 12 13:34:16 ovzhost sshd[2075]: PAM 2 more authentication failures; logname= uid=0 euid=0 tty=ssh ruser= rhost=43.255.190.191  user=root
Apr 12 13:34:18 ovzhost sshd[2081]: pam_unix(sshd:auth): authentication failure; logname= uid=0 euid=0 tty=ssh ruser= rhost=43.255.190.191  user=root
Apr 12 13:34:19 ovzhost sshd[2077]: message repeated 2 times: [ Failed password for root from 43.255.190.182 port 54046 ssh2]
Apr 12 13:34:19 ovzhost sshd[2077]: Received disconnect from 43.255.190.182: 11:  [preauth]
Apr 12 13:34:19 ovzhost sshd[2077]: PAM 2 more authentication failures; logname= uid=0 euid=0 tty=ssh ruser= rhost=43.255.190.182  user=root
Apr 12 13:34:20 ovzhost sshd[2081]: Failed password for root from 43.255.190.191 port 60037 ssh2
Apr 12 13:34:19 ovzhost sshd[2079]: message repeated 2 times: [ Failed password for root from 43.255.190.191 port 50569 ssh2]
Apr 12 13:34:20 ovzhost sshd[2079]: Received disconnect from 43.255.190.191: 11:  [preauth]
Apr 12 13:34:20 ovzhost sshd[2079]: PAM 2 more authentication failures; logname= uid=0 euid=0 tty=ssh ruser= rhost=43.255.190.191  user=root
Apr 12 13:34:20 ovzhost sshd[2083]: pam_unix(sshd:auth): authentication failure; logname= uid=0 euid=0 tty=ssh ruser= rhost=43.255.190.191  user=root
Apr 12 13:34:21 ovzhost sshd[2085]: pam_unix(sshd:auth): authentication failure; logname= uid=0 euid=0 tty=ssh ruser= rhost=43.255.190.182  user=root
Apr 12 13:34:22 ovzhost sshd[2083]: Failed password for root from 43.255.190.191 port 39422 ssh2
Apr 12 13:34:23 ovzhost sshd[2085]: Failed password for root from 43.255.190.182 port 40444 ssh2
Apr 12 13:34:24 ovzhost sshd[2081]: message repeated 2 times: [ Failed password for root from 43.255.190.191 port 60037 ssh2]
Apr 12 13:34:24 ovzhost sshd[2081]: Received disconnect from 43.255.190.191: 11:  [preauth]
Apr 12 13:34:24 ovzhost sshd[2081]: PAM 2 more authentication failures; logname= uid=0 euid=0 tty=ssh ruser= rhost=43.255.190.191  user=root
Apr 12 13:34:25 ovzhost sshd[2087]: pam_unix(sshd:auth): authentication failure; logname= uid=0 euid=0 tty=ssh ruser= rhost=43.255.190.191  user=root
Apr 12 13:34:26 ovzhost sshd[2087]: Failed password for root from 43.255.190.191 port 48526 ssh2
Apr 12 13:34:26 ovzhost sshd[2083]: message repeated 2 times: [ Failed password for root from 43.255.190.191 port 39422 ssh2]
Apr 12 13:34:26 ovzhost sshd[2083]: Received disconnect from 43.255.190.191: 11:  [preauth]
Apr 12 13:34:26 ovzhost sshd[2083]: PAM 2 more authentication failures; logname= uid=0 euid=0 tty=ssh ruser= rhost=43.255.190.191  user=root
Apr 12 13:34:26 ovzhost sshd[2085]: message repeated 2 times: [ Failed password for root from 43.255.190.182 port 40444 ssh2]
Apr 12 13:34:27 ovzhost sshd[2085]: Received disconnect from 43.255.190.182: 11:  [preauth]
Apr 12 13:34:27 ovzhost sshd[2085]: PAM 2 more authentication failures; logname= uid=0 euid=0 tty=ssh ruser= rhost=43.255.190.182  user=root
Apr 12 13:34:27 ovzhost sshd[2089]: pam_unix(sshd:auth): authentication failure; logname= uid=0 euid=0 tty=ssh ruser= rhost=43.255.190.191  user=root
Apr 12 13:34:27 ovzhost sshd[2091]: pam_unix(sshd:auth): authentication failure; logname= uid=0 euid=0 tty=ssh ruser= rhost=43.255.190.182  user=root
Apr 12 13:34:28 ovzhost sshd[2089]: Failed password for root from 43.255.190.191 port 54465 ssh2
Apr 12 13:34:29 ovzhost sshd[2091]: Failed password for root from 43.255.190.182 port 56614 ssh2
Apr 12 13:34:30 ovzhost sshd[2087]: message repeated 2 times: [ Failed password for root from 43.255.190.191 port 48526 ssh2]
Apr 12 13:34:31 ovzhost sshd[2087]: Received disconnect from 43.255.190.191: 11:  [preauth]
Apr 12 13:34:31 ovzhost sshd[2087]: PAM 2 more authentication failures; logname= uid=0 euid=0 tty=ssh ruser= rhost=43.255.190.191  user=root
Apr 12 13:34:31 ovzhost sshd[2093]: pam_unix(sshd:auth): authentication failure; logname= uid=0 euid=0 tty=ssh ruser= rhost=43.255.190.191  user=root
Apr 12 13:34:32 ovzhost sshd[2089]: message repeated 2 times: [ Failed password for root from 43.255.190.191 port 54465 ssh2]
Apr 12 13:34:32 ovzhost sshd[2089]: Received disconnect from 43.255.190.191: 11:  [preauth]
Apr 12 13:34:32 ovzhost sshd[2089]: PAM 2 more authentication failures; logname= uid=0 euid=0 tty=ssh ruser= rhost=43.255.190.191  user=root
Apr 12 13:34:33 ovzhost sshd[2095]: pam_unix(sshd:auth): authentication failure; logname= uid=0 euid=0 tty=ssh ruser= rhost=43.255.190.191  user=root
Apr 12 13:34:33 ovzhost sshd[2091]: message repeated 2 times: [ Failed password for root from 43.255.190.182 port 56614 ssh2]
Apr 12 13:34:33 ovzhost sshd[2091]: Received disconnect from 43.255.190.182: 11:  [preauth]
Apr 12 13:34:33 ovzhost sshd[2091]: PAM 2 more authentication failures; logname= uid=0 euid=0 tty=ssh ruser= rhost=43.255.190.182  user=root
Apr 12 13:34:34 ovzhost sshd[2093]: Failed password for root from 43.255.190.191 port 35691 ssh2
Apr 12 13:34:34 ovzhost sshd[2097]: pam_unix(sshd:auth): authentication failure; logname= uid=0 euid=0 tty=ssh ruser= rhost=43.255.190.182  user=root
Apr 12 13:34:35 ovzhost sshd[2095]: Failed password for root from 43.255.190.191 port 40240 ssh2
Apr 12 13:34:36 ovzhost sshd[2097]: Failed password for root from 43.255.190.182 port 42164 ssh2
Apr 12 13:34:38 ovzhost sshd[2093]: message repeated 2 times: [ Failed password for root from 43.255.190.191 port 35691 ssh2]
Apr 12 13:34:38 ovzhost sshd[2093]: Received disconnect from 43.255.190.191: 11:  [preauth]
Apr 12 13:34:38 ovzhost sshd[2093]: PAM 2 more authentication failures; logname= uid=0 euid=0 tty=ssh ruser= rhost=43.255.190.191  user=root
Apr 12 13:34:38 ovzhost sshd[2099]: pam_unix(sshd:auth): authentication failure; logname= uid=0 euid=0 tty=ssh ruser= rhost=43.255.190.191  user=root
Apr 12 13:34:39 ovzhost sshd[2095]: message repeated 2 times: [ Failed password for root from 43.255.190.191 port 40240 ssh2]
Apr 12 13:34:39 ovzhost sshd[2095]: Received disconnect from 43.255.190.191: 11:  [preauth]
Apr 12 13:34:39 ovzhost sshd[2095]: PAM 2 more authentication failures; logname= uid=0 euid=0 tty=ssh ruser= rhost=43.255.190.191  user=root
Apr 12 13:34:39 ovzhost sshd[2097]: message repeated 2 times: [ Failed password for root from 43.255.190.182 port 42164 ssh2]
Apr 12 13:34:39 ovzhost sshd[2097]: Received disconnect from 43.255.190.182: 11:  [preauth]
Apr 12 13:34:39 ovzhost sshd[2097]: PAM 2 more authentication failures; logname= uid=0 euid=0 tty=ssh ruser= rhost=43.255.190.182  user=root
Apr 12 13:34:40 ovzhost sshd[2101]: pam_unix(sshd:auth): authentication failure; logname= uid=0 euid=0 tty=ssh ruser= rhost=43.255.190.191  user=root
Apr 12 13:34:40 ovzhost sshd[2099]: Failed password for root from 43.255.190.191 port 52501 ssh2
Apr 12 13:34:40 ovzhost sshd[2103]: pam_unix(sshd:auth): authentication failure; logname= uid=0 euid=0 tty=ssh ruser= rhost=43.255.190.182  user=root
Apr 12 13:34:42 ovzhost sshd[2101]: Failed password for root from 43.255.190.191 port 55850 ssh2
Apr 12 13:34:43 ovzhost sshd[2103]: Failed password for root from 43.255.190.182 port 56419 ssh2
Apr 12 13:34:45 ovzhost sshd[2099]: message repeated 2 times: [ Failed password for root from 43.255.190.191 port 52501 ssh2]
Apr 12 13:34:45 ovzhost sshd[2099]: Received disconnect from 43.255.190.191: 11:  [preauth]
Apr 12 13:34:45 ovzhost sshd[2099]: PAM 2 more authentication failures; logname= uid=0 euid=0 tty=ssh ruser= rhost=43.255.190.191  user=root
Apr 12 13:34:46 ovzhost sshd[2105]: pam_unix(sshd:auth): authentication failure; logname= uid=0 euid=0 tty=ssh ruser= rhost=43.255.190.191  user=root
Apr 12 13:34:47 ovzhost sshd[2101]: message repeated 2 times: [ Failed password for root from 43.255.190.191 port 55850 ssh2]
Apr 12 13:34:47 ovzhost sshd[2101]: Received disconnect from 43.255.190.191: 11:  [preauth]
Apr 12 13:34:47 ovzhost sshd[2101]: PAM 2 more authentication failures; logname= uid=0 euid=0 tty=ssh ruser= rhost=43.255.190.191  user=root
Apr 12 13:34:47 ovzhost sshd[2103]: message repeated 2 times: [ Failed password for root from 43.255.190.182 port 56419 ssh2]
Apr 12 13:34:47 ovzhost sshd[2103]: Received disconnect from 43.255.190.182: 11:  [preauth]
Apr 12 13:34:47 ovzhost sshd[2103]: PAM 2 more authentication failures; logname= uid=0 euid=0 tty=ssh ruser= rhost=43.255.190.182  user=root
Apr 12 13:34:47 ovzhost sshd[2107]: pam_unix(sshd:auth): authentication failure; logname= uid=0 euid=0 tty=ssh ruser= rhost=43.255.190.191  user=root
Apr 12 13:34:48 ovzhost sshd[2105]: Failed password for root from 43.255.190.191 port 40324 ssh2
Apr 12 13:34:48 ovzhost sshd[2109]: pam_unix(sshd:auth): authentication failure; logname= uid=0 euid=0 tty=ssh ruser= rhost=43.255.190.182  user=root
Apr 12 13:34:49 ovzhost sshd[2107]: Failed password for root from 43.255.190.191 port 43960 ssh2
Apr 12 13:34:49 ovzhost sshd[2109]: Failed password for root from 43.255.190.182 port 43310 ssh2
Apr 12 13:34:51 ovzhost sshd[2105]: message repeated 2 times: [ Failed password for root from 43.255.190.191 port 40324 ssh2]
Apr 12 13:34:51 ovzhost sshd[2105]: Received disconnect from 43.255.190.191: 11:  [preauth]
Apr 12 13:34:51 ovzhost sshd[2105]: PAM 2 more authentication failures; logname= uid=0 euid=0 tty=ssh ruser= rhost=43.255.190.191  user=root
Apr 12 13:34:52 ovzhost sshd[2111]: pam_unix(sshd:auth): authentication failure; logname= uid=0 euid=0 tty=ssh ruser= rhost=43.255.190.191  user=root
Apr 12 13:34:53 ovzhost sshd[2107]: message repeated 2 times: [ Failed password for root from 43.255.190.191 port 43960 ssh2]
Apr 12 13:34:53 ovzhost sshd[2107]: Received disconnect from 43.255.190.191: 11:  [preauth]
Apr 12 13:34:53 ovzhost sshd[2107]: PAM 2 more authentication failures; logname= uid=0 euid=0 tty=ssh ruser= rhost=43.255.190.191  user=root
Apr 12 13:34:53 ovzhost sshd[2109]: message repeated 2 times: [ Failed password for root from 43.255.190.182 port 43310 ssh2]
Apr 12 13:34:54 ovzhost sshd[2109]: Received disconnect from 43.255.190.182: 11:  [preauth]
Apr 12 13:34:54 ovzhost sshd[2109]: PAM 2 more authentication failures; logname= uid=0 euid=0 tty=ssh ruser= rhost=43.255.190.182  user=root
Apr 12 13:34:54 ovzhost sshd[2114]: pam_unix(sshd:auth): authentication failure; logname= uid=0 euid=0 tty=ssh ruser= rhost=43.255.190.191  user=root
Apr 12 13:34:54 ovzhost sshd[2116]: pam_unix(sshd:auth): authentication failure; logname= uid=0 euid=0 tty=ssh ruser= rhost=43.255.190.182  user=root
Apr 12 13:34:54 ovzhost sshd[2111]: Failed password for root from 43.255.190.191 port 52357 ssh2
Apr 12 13:34:56 ovzhost sshd[2114]: Failed password for root from 43.255.190.191 port 56352 ssh2
Apr 12 13:34:56 ovzhost sshd[2116]: Failed password for root from 43.255.190.182 port 54810 ssh2
Apr 12 13:34:59 ovzhost sshd[2111]: message repeated 2 times: [ Failed password for root from 43.255.190.191 port 52357 ssh2]
Apr 12 13:34:59 ovzhost sshd[2111]: Received disconnect from 43.255.190.191: 11:  [preauth]
Apr 12 13:34:59 ovzhost sshd[2111]: PAM 2 more authentication failures; logname= uid=0 euid=0 tty=ssh ruser= rhost=43.255.190.191  user=root
Apr 12 13:34:59 ovzhost sshd[2118]: pam_unix(sshd:auth): authentication failure; logname= uid=0 euid=0 tty=ssh ruser= rhost=43.255.190.191  user=root
Apr 12 13:35:00 ovzhost sshd[2114]: message repeated 2 times: [ Failed password for root from 43.255.190.191 port 56352 ssh2]
Apr 12 13:35:00 ovzhost sshd[2114]: Received disconnect from 43.255.190.191: 11:  [preauth]
Apr 12 13:35:00 ovzhost sshd[2114]: PAM 2 more authentication failures; logname= uid=0 euid=0 tty=ssh ruser= rhost=43.255.190.191  user=root
Apr 12 13:35:00 ovzhost sshd[2116]: message repeated 2 times: [ Failed password for root from 43.255.190.182 port 54810 ssh2]
Apr 12 13:35:00 ovzhost sshd[2116]: Received disconnect from 43.255.190.182: 11:  [preauth]
Apr 12 13:35:00 ovzhost sshd[2116]: PAM 2 more authentication failures; logname= uid=0 euid=0 tty=ssh ruser= rhost=43.255.190.182  user=root
Apr 12 13:35:01 ovzhost sshd[2118]: Failed password for root from 43.255.190.191 port 37726 ssh2
Apr 12 13:35:01 ovzhost sshd[2120]: pam_unix(sshd:auth): authentication failure; logname= uid=0 euid=0 tty=ssh ruser= rhost=43.255.190.191  user=root
Apr 12 13:35:01 ovzhost sshd[2122]: pam_unix(sshd:auth): authentication failure; logname= uid=0 euid=0 tty=ssh ruser= rhost=43.255.190.182  user=root
