Apr 12 12:49:21 ovzhost sshd[1197]: PAM 2 more authentication failures; logname= uid=0 euid=0 tty=ssh ruser= rhost=43.255.190.119  user=root
Apr 12 12:49:22 ovzhost sshd[1204]: pam_unix(sshd:auth): authentication failure; logname= uid=0 euid=0 tty=ssh ruser= rhost=43.255.190.119  user=root
Apr 12 12:49:22 ovzhost sshd[1199]: message repeated 2 times: [ Failed password for root from 43.255.190.185 port 38355 ssh2]
Apr 12 12:49:22 ovzhost sshd[1199]: Received disconnect from 43.255.190.185: 11:  [preauth]
Apr 12 12:49:22 ovzhost sshd[1199]: PAM 2 more authentication failures; logname= uid=0 euid=0 tty=ssh ruser= rhost=43.255.190.185  user=root
Apr 12 12:49:23 ovzhost sshd[1206]: pam_unix(sshd:auth): authentication failure; logname= uid=0 euid=0 tty=ssh ruser= rhost=43.255.190.185  user=root
Apr 12 12:49:24 ovzhost sshd[1204]: Failed password for root from 43.255.190.119 port 41165 ssh2
Apr 12 12:49:24 ovzhost sshd[1201]: message repeated 2 times: [ Failed password for root from 43.255.190.185 port 43330 ssh2]
Apr 12 12:49:25 ovzhost sshd[1201]: Received disconnect from 43.255.190.185: 11:  [preauth]
Apr 12 12:49:25 ovzhost sshd[1201]: PAM 2 more authentication failures; logname= uid=0 euid=0 tty=ssh ruser= rhost=43.255.190.185  user=root
Apr 12 12:49:25 ovzhost sshd[1206]: Failed password for root from 43.255.190.185 port 52031 ssh2
Apr 12 12:49:26 ovzhost sshd[1208]: pam_unix(sshd:auth): authentication failure; logname= uid=0 euid=0 tty=ssh ruser= rhost=43.255.190.185  user=root
Apr 12 12:49:28 ovzhost sshd[1208]: Failed password for root from 43.255.190.185 port 56224 ssh2
Apr 12 12:49:29 ovzhost sshd[1204]: message repeated 2 times: [ Failed password for root from 43.255.190.119 port 41165 ssh2]
Apr 12 12:49:29 ovzhost sshd[1204]: Received disconnect from 43.255.190.119: 11:  [preauth]
Apr 12 12:49:29 ovzhost sshd[1204]: PAM 2 more authentication failures; logname= uid=0 euid=0 tty=ssh ruser= rhost=43.255.190.119  user=root
Apr 12 12:49:29 ovzhost sshd[1210]: pam_unix(sshd:auth): authentication failure; logname= uid=0 euid=0 tty=ssh ruser= rhost=43.255.190.119  user=root
Apr 12 12:49:29 ovzhost sshd[1206]: message repeated 2 times: [ Failed password for root from 43.255.190.185 port 52031 ssh2]
Apr 12 12:49:30 ovzhost sshd[1206]: Received disconnect from 43.255.190.185: 11:  [preauth]
Apr 12 12:49:30 ovzhost sshd[1206]: PAM 2 more authentication failures; logname= uid=0 euid=0 tty=ssh ruser= rhost=43.255.190.185  user=root
Apr 12 12:49:30 ovzhost sshd[1212]: pam_unix(sshd:auth): authentication failure; logname= uid=0 euid=0 tty=ssh ruser= rhost=43.255.190.185  user=root
Apr 12 12:49:31 ovzhost sshd[1210]: Failed password for root from 43.255.190.119 port 56236 ssh2
Apr 12 12:49:32 ovzhost sshd[1212]: Failed password for root from 43.255.190.185 port 37687 ssh2
Apr 12 12:49:33 ovzhost sshd[1208]: message repeated 2 times: [ Failed password for root from 43.255.190.185 port 56224 ssh2]
Apr 12 12:49:33 ovzhost sshd[1208]: Received disconnect from 43.255.190.185: 11:  [preauth]
Apr 12 12:49:33 ovzhost sshd[1208]: PAM 2 more authentication failures; logname= uid=0 euid=0 tty=ssh ruser= rhost=43.255.190.185  user=root
Apr 12 12:49:33 ovzhost sshd[1214]: pam_unix(sshd:auth): authentication failure; logname= uid=0 euid=0 tty=ssh ruser= rhost=43.255.190.185  user=root
Apr 12 12:49:36 ovzhost sshd[1214]: Failed password for root from 43.255.190.185 port 44430 ssh2
Apr 12 12:49:36 ovzhost sshd[1210]: message repeated 2 times: [ Failed password for root from 43.255.190.119 port 56236 ssh2]
Apr 12 12:49:36 ovzhost sshd[1210]: Received disconnect from 43.255.190.119: 11:  [preauth]
Apr 12 12:49:36 ovzhost sshd[1210]: PAM 2 more authentication failures; logname= uid=0 euid=0 tty=ssh ruser= rhost=43.255.190.119  user=root
Apr 12 12:49:37 ovzhost sshd[1212]: message repeated 2 times: [ Failed password for root from 43.255.190.185 port 37687 ssh2]
Apr 12 12:49:37 ovzhost sshd[1212]: Received disconnect from 43.255.190.185: 11:  [preauth]
Apr 12 12:49:37 ovzhost sshd[1212]: PAM 2 more authentication failures; logname= uid=0 euid=0 tty=ssh ruser= rhost=43.255.190.185  user=root
Apr 12 12:49:37 ovzhost sshd[1216]: pam_unix(sshd:auth): authentication failure; logname= uid=0 euid=0 tty=ssh ruser= rhost=43.255.190.119  user=root
Apr 12 12:49:37 ovzhost sshd[1218]: pam_unix(sshd:auth): authentication failure; logname= uid=0 euid=0 tty=ssh ruser= rhost=43.255.190.185  user=root
Apr 12 12:49:39 ovzhost sshd[1216]: Failed password for root from 43.255.190.119 port 42649 ssh2
Apr 12 12:49:40 ovzhost sshd[1218]: Failed password for root from 43.255.190.185 port 51551 ssh2
Apr 12 12:49:41 ovzhost sshd[1214]: message repeated 2 times: [ Failed password for root from 43.255.190.185 port 44430 ssh2]
Apr 12 12:49:41 ovzhost sshd[1214]: Received disconnect from 43.255.190.185: 11:  [preauth]
Apr 12 12:49:41 ovzhost sshd[1214]: PAM 2 more authentication failures; logname= uid=0 euid=0 tty=ssh ruser= rhost=43.255.190.185  user=root
Apr 12 12:49:42 ovzhost sshd[1220]: pam_unix(sshd:auth): authentication failure; logname= uid=0 euid=0 tty=ssh ruser= rhost=43.255.190.185  user=root
Apr 12 12:49:43 ovzhost sshd[1220]: Failed password for root from 43.255.190.185 port 58331 ssh2
Apr 12 12:49:44 ovzhost sshd[1216]: message repeated 2 times: [ Failed password for root from 43.255.190.119 port 42649 ssh2]
Apr 12 12:49:44 ovzhost sshd[1216]: Received disconnect from 43.255.190.119: 11:  [preauth]
Apr 12 12:49:44 ovzhost sshd[1216]: PAM 2 more authentication failures; logname= uid=0 euid=0 tty=ssh ruser= rhost=43.255.190.119  user=root
Apr 12 12:49:44 ovzhost sshd[1222]: pam_unix(sshd:auth): authentication failure; logname= uid=0 euid=0 tty=ssh ruser= rhost=43.255.190.119  user=root
Apr 12 12:49:44 ovzhost sshd[1218]: message repeated 2 times: [ Failed password for root from 43.255.190.185 port 51551 ssh2]
Apr 12 12:49:44 ovzhost sshd[1218]: Received disconnect from 43.255.190.185: 11:  [preauth]
Apr 12 12:49:44 ovzhost sshd[1218]: PAM 2 more authentication failures; logname= uid=0 euid=0 tty=ssh ruser= rhost=43.255.190.185  user=root
Apr 12 12:49:45 ovzhost sshd[1224]: pam_unix(sshd:auth): authentication failure; logname= uid=0 euid=0 tty=ssh ruser= rhost=43.255.190.185  user=root
Apr 12 12:49:46 ovzhost sshd[1222]: Failed password for root from 43.255.190.119 port 56539 ssh2
Apr 12 12:49:47 ovzhost sshd[1224]: Failed password for root from 43.255.190.185 port 36699 ssh2
Apr 12 12:49:47 ovzhost sshd[1220]: message repeated 2 times: [ Failed password for root from 43.255.190.185 port 58331 ssh2]
Apr 12 12:49:47 ovzhost sshd[1220]: Received disconnect from 43.255.190.185: 11:  [preauth]
Apr 12 12:49:47 ovzhost sshd[1220]: PAM 2 more authentication failures; logname= uid=0 euid=0 tty=ssh ruser= rhost=43.255.190.185  user=root
Apr 12 12:49:49 ovzhost sshd[1226]: pam_unix(sshd:auth): authentication failure; logname= uid=0 euid=0 tty=ssh ruser= rhost=43.255.190.185  user=root
Apr 12 12:49:51 ovzhost sshd[1226]: Failed password for root from 43.255.190.185 port 42827 ssh2
Apr 12 12:49:51 ovzhost sshd[1222]: message repeated 2 times: [ Failed password for root from 43.255.190.119 port 56539 ssh2]
Apr 12 12:49:51 ovzhost sshd[1222]: Received disconnect from 43.255.190.119: 11:  [preauth]
Apr 12 12:49:51 ovzhost sshd[1222]: PAM 2 more authentication failures; logname= uid=0 euid=0 tty=ssh ruser= rhost=43.255.190.119  user=root
Apr 12 12:49:51 ovzhost sshd[1224]: message repeated 2 times: [ Failed password for root from 43.255.190.185 port 36699 ssh2]
Apr 12 12:49:51 ovzhost sshd[1224]: Received disconnect from 43.255.190.185: 11:  [preauth]
Apr 12 12:49:51 ovzhost sshd[1224]: PAM 2 more authentication failures; logname= uid=0 euid=0 tty=ssh ruser= rhost=43.255.190.185  user=root
Apr 12 12:49:53 ovzhost sshd[1229]: pam_unix(sshd:auth): authentication failure; logname= uid=0 euid=0 tty=ssh ruser= rhost=43.255.190.119  user=root
Apr 12 12:49:55 ovzhost sshd[1229]: Failed password for root from 43.255.190.119 port 44537 ssh2
Apr 12 12:49:55 ovzhost sshd[1226]: message repeated 2 times: [ Failed password for root from 43.255.190.185 port 42827 ssh2]
Apr 12 12:49:55 ovzhost sshd[1226]: Received disconnect from 43.255.190.185: 11:  [preauth]
Apr 12 12:49:55 ovzhost sshd[1226]: PAM 2 more authentication failures; logname= uid=0 euid=0 tty=ssh ruser= rhost=43.255.190.185  user=root
Apr 12 12:49:56 ovzhost sshd[1231]: pam_unix(sshd:auth): authentication failure; logname= uid=0 euid=0 tty=ssh ruser= rhost=43.255.190.185  user=root
Apr 12 12:49:58 ovzhost sshd[1231]: Failed password for root from 43.255.190.185 port 32981 ssh2
Apr 12 12:50:00 ovzhost sshd[1229]: message repeated 2 times: [ Failed password for root from 43.255.190.119 port 44537 ssh2]
Apr 12 12:50:00 ovzhost sshd[1229]: Received disconnect from 43.255.190.119: 11:  [preauth]
Apr 12 12:50:00 ovzhost sshd[1229]: PAM 2 more authentication failures; logname= uid=0 euid=0 tty=ssh ruser= rhost=43.255.190.119  user=root
Apr 12 12:50:00 ovzhost sshd[1233]: pam_unix(sshd:auth): authentication failure; logname= uid=0 euid=0 tty=ssh ruser= rhost=43.255.190.119  user=root
Apr 12 12:50:02 ovzhost sshd[1231]: message repeated 2 times: [ Failed password for root from 43.255.190.185 port 32981 ssh2]
Apr 12 12:50:02 ovzhost sshd[1231]: Received disconnect from 43.255.190.185: 11:  [preauth]
Apr 12 12:50:02 ovzhost sshd[1231]: PAM 2 more authentication failures; logname= uid=0 euid=0 tty=ssh ruser= rhost=43.255.190.185  user=root
Apr 12 12:50:03 ovzhost sshd[1233]: Failed password for root from 43.255.190.119 port 36441 ssh2
Apr 12 12:50:03 ovzhost sshd[1235]: pam_unix(sshd:auth): authentication failure; logname= uid=0 euid=0 tty=ssh ruser= rhost=43.255.190.185  user=root
Apr 12 12:50:05 ovzhost sshd[1235]: Failed password for root from 43.255.190.185 port 49600 ssh2
Apr 12 12:50:07 ovzhost sshd[1233]: message repeated 2 times: [ Failed password for root from 43.255.190.119 port 36441 ssh2]
Apr 12 12:50:07 ovzhost sshd[1233]: Received disconnect from 43.255.190.119: 11:  [preauth]
Apr 12 12:50:07 ovzhost sshd[1233]: PAM 2 more authentication failures; logname= uid=0 euid=0 tty=ssh ruser= rhost=43.255.190.119  user=root
Apr 12 12:50:08 ovzhost sshd[1237]: pam_unix(sshd:auth): authentication failure; logname= uid=0 euid=0 tty=ssh ruser= rhost=43.255.190.119  user=root
Apr 12 12:50:09 ovzhost sshd[1237]: Failed password for root from 43.255.190.119 port 52990 ssh2
Apr 12 12:50:09 ovzhost sshd[1235]: message repeated 2 times: [ Failed password for root from 43.255.190.185 port 49600 ssh2]
Apr 12 12:50:10 ovzhost sshd[1235]: Received disconnect from 43.255.190.185: 11:  [preauth]
Apr 12 12:50:10 ovzhost sshd[1235]: PAM 2 more authentication failures; logname= uid=0 euid=0 tty=ssh ruser= rhost=43.255.190.185  user=root
Apr 12 12:50:13 ovzhost sshd[1237]: message repeated 2 times: [ Failed password for root from 43.255.190.119 port 52990 ssh2]
Apr 12 12:50:13 ovzhost sshd[1237]: Received disconnect from 43.255.190.119: 11:  [preauth]
Apr 12 12:50:13 ovzhost sshd[1237]: PAM 2 more authentication failures; logname= uid=0 euid=0 tty=ssh ruser= rhost=43.255.190.119  user=root
Apr 12 12:50:15 ovzhost sshd[1239]: pam_unix(sshd:auth): authentication failure; logname= uid=0 euid=0 tty=ssh ruser= rhost=43.255.190.119  user=root
Apr 12 12:50:17 ovzhost sshd[1239]: Failed password for root from 43.255.190.119 port 39520 ssh2
Apr 12 12:50:21 ovzhost sshd[1239]: message repeated 2 times: [ Failed password for root from 43.255.190.119 port 39520 ssh2]
Apr 12 12:50:21 ovzhost sshd[1239]: Received disconnect from 43.255.190.119: 11:  [preauth]
Apr 12 12:50:21 ovzhost sshd[1239]: PAM 2 more authentication failures; logname= uid=0 euid=0 tty=ssh ruser= rhost=43.255.190.119  user=root
Apr 12 12:50:22 ovzhost sshd[1241]: pam_unix(sshd:auth): authentication failure; logname= uid=0 euid=0 tty=ssh ruser= rhost=43.255.190.119  user=root
Apr 12 12:50:22 ovzhost sshd[1244]: Connection closed by 128.8.37.104 [preauth]
Apr 12 12:50:24 ovzhost sshd[1241]: Failed password for root from 43.255.190.119 port 58663 ssh2
Apr 12 12:50:28 ovzhost sshd[1241]: message repeated 2 times: [ Failed password for root from 43.255.190.119 port 58663 ssh2]
Apr 12 12:50:28 ovzhost sshd[1241]: Received disconnect from 43.255.190.119: 11:  [preauth]
Apr 12 12:50:28 ovzhost sshd[1241]: PAM 2 more authentication failures; logname= uid=0 euid=0 tty=ssh ruser= rhost=43.255.190.119  user=root
Apr 12 12:50:29 ovzhost sshd[1246]: pam_unix(sshd:auth): authentication failure; logname= uid=0 euid=0 tty=ssh ruser= rhost=43.255.190.119  user=root
Apr 12 12:50:30 ovzhost sshd[1246]: Failed password for root from 43.255.190.119 port 46119 ssh2
Apr 12 12:50:34 ovzhost sshd[1246]: message repeated 2 times: [ Failed password for root from 43.255.190.119 port 46119 ssh2]
Apr 12 12:50:34 ovzhost sshd[1246]: Received disconnect from 43.255.190.119: 11:  [preauth]
Apr 12 12:50:34 ovzhost sshd[1246]: PAM 2 more authentication failures; logname= uid=0 euid=0 tty=ssh ruser= rhost=43.255.190.119  user=root
Apr 12 12:50:35 ovzhost sshd[1248]: pam_unix(sshd:auth): authentication failure; logname= uid=0 euid=0 tty=ssh ruser= rhost=43.255.190.119  user=root
Apr 12 12:50:37 ovzhost sshd[1248]: Failed password for root from 43.255.190.119 port 60794 ssh2
Apr 12 12:50:42 ovzhost sshd[1248]: message repeated 2 times: [ Failed password for root from 43.255.190.119 port 60794 ssh2]
Apr 12 12:50:42 ovzhost sshd[1248]: Received disconnect from 43.255.190.119: 11:  [preauth]
Apr 12 12:50:42 ovzhost sshd[1248]: PAM 2 more authentication failures; logname= uid=0 euid=0 tty=ssh ruser= rhost=43.255.190.119  user=root
Apr 12 12:50:43 ovzhost sshd[1250]: pam_unix(sshd:auth): authentication failure; logname= uid=0 euid=0 tty=ssh ruser= rhost=43.255.190.119  user=root
Apr 12 12:50:44 ovzhost sshd[1250]: Failed password for root from 43.255.190.119 port 49969 ssh2
Apr 12 12:50:48 ovzhost sshd[1250]: message repeated 2 times: [ Failed password for root from 43.255.190.119 port 49969 ssh2]
Apr 12 12:50:48 ovzhost sshd[1250]: Received disconnect from 43.255.190.119: 11:  [preauth]
Apr 12 12:50:48 ovzhost sshd[1250]: PAM 2 more authentication failures; logname= uid=0 euid=0 tty=ssh ruser= rhost=43.255.190.119  user=root
Apr 12 12:50:50 ovzhost sshd[1254]: pam_unix(sshd:auth): authentication failure; logname= uid=0 euid=0 tty=ssh ruser= rhost=43.255.190.119  user=root
Apr 12 12:50:52 ovzhost sshd[1254]: Failed password for root from 43.255.190.119 port 37394 ssh2
Apr 12 12:50:56 ovzhost sshd[1254]: message repeated 2 times: [ Failed password for root from 43.255.190.119 port 37394 ssh2]
Apr 12 12:50:56 ovzhost sshd[1254]: Received disconnect from 43.255.190.119: 11:  [preauth]
Apr 12 12:50:56 ovzhost sshd[1254]: PAM 2 more authentication failures; logname= uid=0 euid=0 tty=ssh ruser= rhost=43.255.190.119  user=root
Apr 12 12:50:57 ovzhost sshd[1256]: pam_unix(sshd:auth): authentication failure; logname= uid=0 euid=0 tty=ssh ruser= rhost=43.255.190.119  user=root
Apr 12 12:50:58 ovzhost sshd[1256]: Failed password for root from 43.255.190.119 port 56025 ssh2
Apr 12 12:51:03 ovzhost sshd[1256]: message repeated 2 times: [ Failed password for root from 43.255.190.119 port 56025 ssh2]
Apr 12 12:51:03 ovzhost sshd[1256]: Received disconnect from 43.255.190.119: 11:  [preauth]
Apr 12 12:51:03 ovzhost sshd[1256]: PAM 2 more authentication failures; logname= uid=0 euid=0 tty=ssh ruser= rhost=43.255.190.119  user=root
Apr 12 12:51:04 ovzhost sshd[1258]: pam_unix(sshd:auth): authentication failure; logname= uid=0 euid=0 tty=ssh ruser= rhost=43.255.190.119  user=root
Apr 12 12:51:06 ovzhost sshd[1258]: Failed password for root from 43.255.190.119 port 43111 ssh2
Apr 12 12:51:10 ovzhost sshd[1258]: message repeated 2 times: [ Failed password for root from 43.255.190.119 port 43111 ssh2]
Apr 12 12:51:10 ovzhost sshd[1258]: Received disconnect from 43.255.190.119: 11:  [preauth]
Apr 12 12:51:10 ovzhost sshd[1258]: PAM 2 more authentication failures; logname= uid=0 euid=0 tty=ssh ruser= rhost=43.255.190.119  user=root
Apr 12 12:51:11 ovzhost sshd[1260]: pam_unix(sshd:auth): authentication failure; logname= uid=0 euid=0 tty=ssh ruser= rhost=43.255.190.119  user=root
Apr 12 12:51:12 ovzhost sshd[1260]: Failed password for root from 43.255.190.119 port 60396 ssh2
Apr 12 12:51:17 ovzhost sshd[1260]: message repeated 2 times: [ Failed password for root from 43.255.190.119 port 60396 ssh2]
Apr 12 12:51:17 ovzhost sshd[1260]: Received disconnect from 43.255.190.119: 11:  [preauth]
Apr 12 12:51:17 ovzhost sshd[1260]: PAM 2 more authentication failures; logname= uid=0 euid=0 tty=ssh ruser= rhost=43.255.190.119  user=root
Apr 12 12:51:18 ovzhost sshd[1262]: pam_unix(sshd:auth): authentication failure; logname= uid=0 euid=0 tty=ssh ruser= rhost=43.255.190.119  user=root
Apr 12 12:51:19 ovzhost sshd[1262]: Failed password for root from 43.255.190.119 port 48426 ssh2
Apr 12 12:51:23 ovzhost sshd[1262]: message repeated 2 times: [ Failed password for root from 43.255.190.119 port 48426 ssh2]
Apr 12 12:51:23 ovzhost sshd[1262]: Received disconnect from 43.255.190.119: 11:  [preauth]
Apr 12 12:51:23 ovzhost sshd[1262]: PAM 2 more authentication failures; logname= uid=0 euid=0 tty=ssh ruser= rhost=43.255.190.119  user=root
Apr 12 12:51:24 ovzhost sshd[1264]: pam_unix(sshd:auth): authentication failure; logname= uid=0 euid=0 tty=ssh ruser= rhost=43.255.190.119  user=root
Apr 12 12:51:26 ovzhost sshd[1264]: Failed password for root from 43.255.190.119 port 36090 ssh2
Apr 12 12:51:30 ovzhost sshd[1264]: message repeated 2 times: [ Failed password for root from 43.255.190.119 port 36090 ssh2]
Apr 12 12:51:30 ovzhost sshd[1264]: Received disconnect from 43.255.190.119: 11:  [preauth]
Apr 12 12:51:30 ovzhost sshd[1264]: PAM 2 more authentication failures; logname= uid=0 euid=0 tty=ssh ruser= rhost=43.255.190.119  user=root
Apr 12 12:51:30 ovzhost sshd[1268]: pam_unix(sshd:auth): authentication failure; logname= uid=0 euid=0 tty=ssh ruser= rhost=43.255.190.119  user=root
Apr 12 12:51:32 ovzhost sshd[1268]: Failed password for root from 43.255.190.119 port 53378 ssh2
Apr 12 12:51:37 ovzhost sshd[1268]: message repeated 2 times: [ Failed password for root from 43.255.190.119 port 53378 ssh2]
Apr 12 12:51:37 ovzhost sshd[1268]: Received disconnect from 43.255.190.119: 11:  [preauth]
Apr 12 12:51:37 ovzhost sshd[1268]: PAM 2 more authentication failures; logname= uid=0 euid=0 tty=ssh ruser= rhost=43.255.190.119  user=root
Apr 12 12:51:37 ovzhost sshd[1270]: pam_unix(sshd:auth): authentication failure; logname= uid=0 euid=0 tty=ssh ruser= rhost=43.255.190.119  user=root
Apr 12 12:51:39 ovzhost sshd[1270]: Failed password for root from 43.255.190.119 port 42683 ssh2
Apr 12 12:51:43 ovzhost sshd[1270]: message repeated 2 times: [ Failed password for root from 43.255.190.119 port 42683 ssh2]
Apr 12 12:51:43 ovzhost sshd[1270]: Received disconnect from 43.255.190.119: 11:  [preauth]
Apr 12 12:51:43 ovzhost sshd[1270]: PAM 2 more authentication failures; logname= uid=0 euid=0 tty=ssh ruser= rhost=43.255.190.119  user=root
Apr 12 12:51:43 ovzhost sshd[1272]: pam_unix(sshd:auth): authentication failure; logname= uid=0 euid=0 tty=ssh ruser= rhost=43.255.190.119  user=root
Apr 12 12:51:45 ovzhost sshd[1272]: Failed password for root from 43.255.190.119 port 57232 ssh2
Apr 12 12:51:50 ovzhost sshd[1272]: message repeated 2 times: [ Failed password for root from 43.255.190.119 port 57232 ssh2]
Apr 12 12:51:50 ovzhost sshd[1272]: Received disconnect from 43.255.190.119: 11:  [preauth]
Apr 12 12:51:50 ovzhost sshd[1272]: PAM 2 more authentication failures; logname= uid=0 euid=0 tty=ssh ruser= rhost=43.255.190.119  user=root
Apr 12 12:51:50 ovzhost sshd[1275]: pam_unix(sshd:auth): authentication failure; logname= uid=0 euid=0 tty=ssh ruser= rhost=43.255.190.119  user=root
Apr 12 12:51:52 ovzhost sshd[1275]: Failed password for root from 43.255.190.119 port 42681 ssh2
Apr 12 12:51:56 ovzhost sshd[1275]: message repeated 2 times: [ Failed password for root from 43.255.190.119 port 42681 ssh2]
Apr 12 12:51:56 ovzhost sshd[1275]: Received disconnect from 43.255.190.119: 11:  [preauth]
Apr 12 12:51:56 ovzhost sshd[1275]: PAM 2 more authentication failures; logname= uid=0 euid=0 tty=ssh ruser= rhost=43.255.190.119  user=root
Apr 12 12:51:56 ovzhost sshd[1277]: pam_unix(sshd:auth): authentication failure; logname= uid=0 euid=0 tty=ssh ruser= rhost=43.255.190.119  user=root
Apr 12 12:51:58 ovzhost sshd[1277]: Failed password for root from 43.255.190.119 port 55124 ssh2
Apr 12 12:52:02 ovzhost sshd[1277]: message repeated 2 times: [ Failed password for root from 43.255.190.119 port 55124 ssh2]
Apr 12 12:52:02 ovzhost sshd[1277]: Received disconnect from 43.255.190.119: 11:  [preauth]
Apr 12 12:52:02 ovzhost sshd[1277]: PAM 2 more authentication failures; logname= uid=0 euid=0 tty=ssh ruser= rhost=43.255.190.119  user=root
Apr 12 12:52:03 ovzhost sshd[1279]: pam_unix(sshd:auth): authentication failure; logname= uid=0 euid=0 tty=ssh ruser= rhost=43.255.190.119  user=root
Apr 12 12:52:06 ovzhost sshd[1279]: Failed password for root from 43.255.190.119 port 42028 ssh2
Apr 12 12:52:09 ovzhost sshd[1279]: message repeated 2 times: [ Failed password for root from 43.255.190.119 port 42028 ssh2]
Apr 12 12:52:09 ovzhost sshd[1279]: Received disconnect from 43.255.190.119: 11:  [preauth]
Apr 12 12:52:09 ovzhost sshd[1279]: PAM 2 more authentication failures; logname= uid=0 euid=0 tty=ssh ruser= rhost=43.255.190.119  user=root
Apr 12 12:52:10 ovzhost sshd[1283]: pam_unix(sshd:auth): authentication failure; logname= uid=0 euid=0 tty=ssh ruser= rhost=43.255.190.119  user=root
Apr 12 12:52:12 ovzhost sshd[1283]: Failed password for root from 43.255.190.119 port 58445 ssh2
Apr 12 12:52:16 ovzhost sshd[1283]: message repeated 2 times: [ Failed password for root from 43.255.190.119 port 58445 ssh2]
Apr 12 12:52:16 ovzhost sshd[1283]: Received disconnect from 43.255.190.119: 11:  [preauth]
Apr 12 12:52:16 ovzhost sshd[1283]: PAM 2 more authentication failures; logname= uid=0 euid=0 tty=ssh ruser= rhost=43.255.190.119  user=root
Apr 12 12:52:16 ovzhost sshd[1285]: pam_unix(sshd:auth): authentication failure; logname= uid=0 euid=0 tty=ssh ruser= rhost=43.255.190.119  user=root
Apr 12 12:52:18 ovzhost sshd[1285]: Failed password for root from 43.255.190.119 port 45695 ssh2
Apr 12 12:52:22 ovzhost sshd[1285]: message repeated 2 times: [ Failed password for root from 43.255.190.119 port 45695 ssh2]
Apr 12 12:52:22 ovzhost sshd[1285]: Received disconnect from 43.255.190.119: 11:  [preauth]
Apr 12 12:52:22 ovzhost sshd[1285]: PAM 2 more authentication failures; logname= uid=0 euid=0 tty=ssh ruser= rhost=43.255.190.119  user=root
Apr 12 12:52:23 ovzhost sshd[1288]: pam_unix(sshd:auth): authentication failure; logname= uid=0 euid=0 tty=ssh ruser= rhost=43.255.190.119  user=root
Apr 12 12:52:25 ovzhost sshd[1288]: Failed password for root from 43.255.190.119 port 60833 ssh2
Apr 12 12:52:28 ovzhost sshd[1288]: message repeated 2 times: [ Failed password for root from 43.255.190.119 port 60833 ssh2]
Apr 12 12:52:31 ovzhost sshd[1288]: Received disconnect from 43.255.190.119: 11:  [preauth]
Apr 12 12:52:31 ovzhost sshd[1288]: PAM 2 more authentication failures; logname= uid=0 euid=0 tty=ssh ruser= rhost=43.255.190.119  user=root
Apr 12 12:52:32 ovzhost sshd[1290]: pam_unix(sshd:auth): authentication failure; logname= uid=0 euid=0 tty=ssh ruser= rhost=43.255.190.119  user=root
Apr 12 12:52:34 ovzhost sshd[1290]: Failed password for root from 43.255.190.119 port 47541 ssh2
Apr 12 12:52:38 ovzhost sshd[1290]: message repeated 2 times: [ Failed password for root from 43.255.190.119 port 47541 ssh2]
Apr 12 12:52:38 ovzhost sshd[1290]: Received disconnect from 43.255.190.119: 11:  [preauth]
Apr 12 12:52:38 ovzhost sshd[1290]: PAM 2 more authentication failures; logname= uid=0 euid=0 tty=ssh ruser= rhost=43.255.190.119  user=root
Apr 12 12:52:39 ovzhost sshd[1292]: pam_unix(sshd:auth): authentication failure; logname= uid=0 euid=0 tty=ssh ruser= rhost=43.255.190.119  user=root
Apr 12 12:52:41 ovzhost sshd[1292]: Failed password for root from 43.255.190.119 port 34810 ssh2
Apr 12 12:52:44 ovzhost sshd[1292]: message repeated 2 times: [ Failed password for root from 43.255.190.119 port 34810 ssh2]
Apr 12 12:52:44 ovzhost sshd[1292]: Received disconnect from 43.255.190.119: 11:  [preauth]
Apr 12 12:52:44 ovzhost sshd[1292]: PAM 2 more authentication failures; logname= uid=0 euid=0 tty=ssh ruser= rhost=43.255.190.119  user=root
Apr 12 12:52:44 ovzhost sshd[1294]: pam_unix(sshd:auth): authentication failure; logname= uid=0 euid=0 tty=ssh ruser= rhost=43.255.190.119  user=root
Apr 12 12:52:46 ovzhost sshd[1294]: Failed password for root from 43.255.190.119 port 49087 ssh2
Apr 12 12:52:51 ovzhost sshd[1294]: message repeated 2 times: [ Failed password for root from 43.255.190.119 port 49087 ssh2]
Apr 12 12:52:51 ovzhost sshd[1294]: Received disconnect from 43.255.190.119: 11:  [preauth]
Apr 12 12:52:51 ovzhost sshd[1294]: PAM 2 more authentication failures; logname= uid=0 euid=0 tty=ssh ruser= rhost=43.255.190.119  user=root
Apr 12 12:52:51 ovzhost sshd[1299]: pam_unix(sshd:auth): authentication failure; logname= uid=0 euid=0 tty=ssh ruser= rhost=43.255.190.119  user=root
Apr 12 12:52:53 ovzhost sshd[1299]: Failed password for root from 43.255.190.119 port 37342 ssh2
Apr 12 12:52:57 ovzhost sshd[1299]: message repeated 2 times: [ Failed password for root from 43.255.190.119 port 37342 ssh2]
Apr 12 12:52:58 ovzhost sshd[1299]: Received disconnect from 43.255.190.119: 11:  [preauth]
Apr 12 12:52:58 ovzhost sshd[1299]: PAM 2 more authentication failures; logname= uid=0 euid=0 tty=ssh ruser= rhost=43.255.190.119  user=root
Apr 12 12:52:58 ovzhost sshd[1301]: pam_unix(sshd:auth): authentication failure; logname= uid=0 euid=0 tty=ssh ruser= rhost=43.255.190.119  user=root
Apr 12 12:53:00 ovzhost sshd[1301]: Failed password for root from 43.255.190.119 port 52970 ssh2
Apr 12 12:53:00 ovzhost sshd[1306]: Connection closed by 127.0.0.1 [preauth]
Apr 12 12:53:04 ovzhost sshd[1301]: message repeated 2 times: [ Failed password for root from 43.255.190.119 port 52970 ssh2]
Apr 12 12:53:04 ovzhost sshd[1301]: Received disconnect from 43.255.190.119: 11:  [preauth]
Apr 12 12:53:04 ovzhost sshd[1301]: PAM 2 more authentication failures; logname= uid=0 euid=0 tty=ssh ruser= rhost=43.255.190.119  user=root
Apr 12 12:53:04 ovzhost sshd[1308]: pam_unix(sshd:auth): authentication failure; logname= uid=0 euid=0 tty=ssh ruser= rhost=43.255.190.119  user=root
Apr 12 12:53:06 ovzhost sshd[1308]: Failed password for root from 43.255.190.119 port 40095 ssh2
Apr 12 12:53:11 ovzhost sshd[1308]: message repeated 2 times: [ Failed password for root from 43.255.190.119 port 40095 ssh2]
Apr 12 12:53:11 ovzhost sshd[1308]: Received disconnect from 43.255.190.119: 11:  [preauth]
Apr 12 12:53:11 ovzhost sshd[1308]: PAM 2 more authentication failures; logname= uid=0 euid=0 tty=ssh ruser= rhost=43.255.190.119  user=root
Apr 12 12:53:11 ovzhost sshd[1310]: pam_unix(sshd:auth): authentication failure; logname= uid=0 euid=0 tty=ssh ruser= rhost=43.255.190.119  user=root
Apr 12 12:53:13 ovzhost sshd[1310]: Failed password for root from 43.255.190.119 port 55966 ssh2
Apr 12 12:53:17 ovzhost sshd[1310]: message repeated 2 times: [ Failed password for root from 43.255.190.119 port 55966 ssh2]
Apr 12 12:53:17 ovzhost sshd[1310]: Received disconnect from 43.255.190.119: 11:  [preauth]
Apr 12 12:53:17 ovzhost sshd[1310]: PAM 2 more authentication failures; logname= uid=0 euid=0 tty=ssh ruser= rhost=43.255.190.119  user=root
Apr 12 12:53:18 ovzhost sshd[1312]: pam_unix(sshd:auth): authentication failure; logname= uid=0 euid=0 tty=ssh ruser= rhost=43.255.190.119  user=root
Apr 12 12:53:20 ovzhost sshd[1312]: Failed password for root from 43.255.190.119 port 42611 ssh2
Apr 12 12:53:24 ovzhost sshd[1312]: message repeated 2 times: [ Failed password for root from 43.255.190.119 port 42611 ssh2]
Apr 12 12:53:24 ovzhost sshd[1312]: Received disconnect from 43.255.190.119: 11:  [preauth]
Apr 12 12:53:24 ovzhost sshd[1312]: PAM 2 more authentication failures; logname= uid=0 euid=0 tty=ssh ruser= rhost=43.255.190.119  user=root
Apr 12 12:53:25 ovzhost sshd[1314]: pam_unix(sshd:auth): authentication failure; logname= uid=0 euid=0 tty=ssh ruser= rhost=43.255.190.119  user=root
Apr 12 12:53:27 ovzhost sshd[1314]: Failed password for root from 43.255.190.119 port 58622 ssh2
Apr 12 12:53:31 ovzhost sshd[1314]: message repeated 2 times: [ Failed password for root from 43.255.190.119 port 58622 ssh2]
Apr 12 12:53:31 ovzhost sshd[1314]: Received disconnect from 43.255.190.119: 11:  [preauth]
Apr 12 12:53:31 ovzhost sshd[1314]: PAM 2 more authentication failures; logname= uid=0 euid=0 tty=ssh ruser= rhost=43.255.190.119  user=root
Apr 12 12:53:32 ovzhost sshd[1316]: pam_unix(sshd:auth): authentication failure; logname= uid=0 euid=0 tty=ssh ruser= rhost=43.255.190.119  user=root
Apr 12 12:53:34 ovzhost sshd[1316]: Failed password for root from 43.255.190.119 port 45526 ssh2
Apr 12 12:53:39 ovzhost sshd[1316]: message repeated 2 times: [ Failed password for root from 43.255.190.119 port 45526 ssh2]
Apr 12 12:53:39 ovzhost sshd[1316]: Received disconnect from 43.255.190.119: 11:  [preauth]
Apr 12 12:53:39 ovzhost sshd[1316]: PAM 2 more authentication failures; logname= uid=0 euid=0 tty=ssh ruser= rhost=43.255.190.119  user=root
Apr 12 12:53:39 ovzhost sshd[1318]: pam_unix(sshd:auth): authentication failure; logname= uid=0 euid=0 tty=ssh ruser= rhost=43.255.190.119  user=root
Apr 12 12:53:42 ovzhost sshd[1318]: Failed password for root from 43.255.190.119 port 33349 ssh2
Apr 12 12:53:45 ovzhost sshd[1318]: message repeated 2 times: [ Failed password for root from 43.255.190.119 port 33349 ssh2]
Apr 12 12:53:46 ovzhost sshd[1318]: Received disconnect from 43.255.190.119: 11:  [preauth]
Apr 12 12:53:46 ovzhost sshd[1318]: PAM 2 more authentication failures; logname= uid=0 euid=0 tty=ssh ruser= rhost=43.255.190.119  user=root
Apr 12 12:53:47 ovzhost sshd[1320]: pam_unix(sshd:auth): authentication failure; logname= uid=0 euid=0 tty=ssh ruser= rhost=43.255.190.119  user=root
Apr 12 12:53:48 ovzhost sshd[1320]: Failed password for root from 43.255.190.119 port 48542 ssh2
Apr 12 12:53:53 ovzhost sshd[1320]: message repeated 2 times: [ Failed password for root from 43.255.190.119 port 48542 ssh2]
Apr 12 12:53:53 ovzhost sshd[1320]: Received disconnect from 43.255.190.119: 11:  [preauth]
Apr 12 12:53:53 ovzhost sshd[1320]: PAM 2 more authentication failures; logname= uid=0 euid=0 tty=ssh ruser= rhost=43.255.190.119  user=root
Apr 12 12:53:54 ovzhost sshd[1324]: pam_unix(sshd:auth): authentication failure; logname= uid=0 euid=0 tty=ssh ruser= rhost=43.255.190.119  user=root
Apr 12 12:53:55 ovzhost sshd[1324]: Failed password for root from 43.255.190.119 port 36343 ssh2
Apr 12 12:53:59 ovzhost sshd[1324]: message repeated 2 times: [ Failed password for root from 43.255.190.119 port 36343 ssh2]
Apr 12 12:53:59 ovzhost sshd[1324]: Received disconnect from 43.255.190.119: 11:  [preauth]
Apr 12 12:53:59 ovzhost sshd[1324]: PAM 2 more authentication failures; logname= uid=0 euid=0 tty=ssh ruser= rhost=43.255.190.119  user=root
Apr 12 12:56:19 ovzhost sshd[1331]: Invalid user ubnt from 193.104.41.53
Apr 12 12:56:19 ovzhost sshd[1331]: input_userauth_request: invalid user ubnt [preauth]
Apr 12 12:56:19 ovzhost sshd[1331]: pam_unix(sshd:auth): check pass; user unknown
Apr 12 12:56:19 ovzhost sshd[1331]: pam_unix(sshd:auth): authentication failure; logname= uid=0 euid=0 tty=ssh ruser= rhost=193.104.41.53 
Apr 12 12:56:21 ovzhost sshd[1331]: Failed password for invalid user ubnt from 193.104.41.53 port 62322 ssh2
Apr 12 12:56:21 ovzhost sshd[1331]: Received disconnect from 193.104.41.53: 11: Bye Bye [preauth]
Apr 12 12:58:00 ovzhost sshd[1342]: Connection closed by 127.0.0.1 [preauth]
Apr 12 13:00:01 ovzhost CRON[1352]: pam_env(cron:session): Unable to open env file: /etc/default/locale: No such file or directory
Apr 12 13:00:01 ovzhost CRON[1352]: pam_unix(cron:session): session opened for user smmsp by (uid=0)
Apr 12 13:00:01 ovzhost CRON[1352]: pam_unix(cron:session): session closed for user smmsp
Apr 12 13:00:22 ovzhost sshd[1378]: Connection closed by 128.8.37.104 [preauth]
Apr 12 13:01:31 ovzhost sshd[1384]: pam_unix(sshd:auth): authentication failure; logname= uid=0 euid=0 tty=ssh ruser= rhost=128.134.54.57  user=root
Apr 12 13:01:33 ovzhost sshd[1384]: Failed password for root from 128.134.54.57 port 40450 ssh2
Apr 12 13:01:38 ovzhost sshd[1384]: message repeated 2 times: [ Failed password for root from 128.134.54.57 port 40450 ssh2]
Apr 12 13:01:38 ovzhost sshd[1384]: Connection closed by 128.134.54.57 [preauth]
Apr 12 13:01:38 ovzhost sshd[1384]: PAM 2 more authentication failures; logname= uid=0 euid=0 tty=ssh ruser= rhost=128.134.54.57  user=root
Apr 12 13:03:00 ovzhost sshd[1394]: Connection closed by 127.0.0.1 [preauth]
Apr 12 13:03:44 ovzhost sshd[1398]: pam_unix(sshd:auth): authentication failure; logname= uid=0 euid=0 tty=ssh ruser= rhost=222.171.225.170  user=root
Apr 12 13:03:46 ovzhost sshd[1398]: Failed password for root from 222.171.225.170 port 43224 ssh2
Apr 12 13:03:51 ovzhost sshd[1398]: message repeated 2 times: [ Failed password for root from 222.171.225.170 port 43224 ssh2]
Apr 12 13:03:51 ovzhost sshd[1398]: Connection closed by 222.171.225.170 [preauth]
Apr 12 13:03:51 ovzhost sshd[1398]: PAM 2 more authentication failures; logname= uid=0 euid=0 tty=ssh ruser= rhost=222.171.225.170  user=root
Apr 12 13:06:59 ovzhost sshd[1408]: pam_unix(sshd:auth): authentication failure; logname= uid=0 euid=0 tty=ssh ruser= rhost=43.255.190.120  user=root
Apr 12 13:07:02 ovzhost sshd[1408]: Failed password for root from 43.255.190.120 port 57010 ssh2
Apr 12 13:07:07 ovzhost sshd[1408]: message repeated 2 times: [ Failed password for root from 43.255.190.120 port 57010 ssh2]
Apr 12 13:07:07 ovzhost sshd[1408]: Received disconnect from 43.255.190.120: 11:  [preauth]
Apr 12 13:07:07 ovzhost sshd[1408]: PAM 2 more authentication failures; logname= uid=0 euid=0 tty=ssh ruser= rhost=43.255.190.120  user=root
Apr 12 13:07:08 ovzhost sshd[1412]: pam_unix(sshd:auth): authentication failure; logname= uid=0 euid=0 tty=ssh ruser= rhost=43.255.190.120  user=root
Apr 12 13:07:10 ovzhost sshd[1414]: pam_unix(sshd:auth): authentication failure; logname= uid=0 euid=0 tty=ssh ruser= rhost=43.255.190.177  user=root
Apr 12 13:07:10 ovzhost sshd[1412]: Failed password for root from 43.255.190.120 port 46470 ssh2
Apr 12 13:07:12 ovzhost sshd[1414]: Failed password for root from 43.255.190.177 port 51196 ssh2
Apr 12 13:07:13 ovzhost sshd[1412]: message repeated 2 times: [ Failed password for root from 43.255.190.120 port 46470 ssh2]
Apr 12 13:07:14 ovzhost sshd[1412]: Received disconnect from 43.255.190.120: 11:  [preauth]
Apr 12 13:07:14 ovzhost sshd[1412]: PAM 2 more authentication failures; logname= uid=0 euid=0 tty=ssh ruser= rhost=43.255.190.120  user=root
Apr 12 13:07:14 ovzhost sshd[1416]: pam_unix(sshd:auth): authentication failure; logname= uid=0 euid=0 tty=ssh ruser= rhost=43.255.190.120  user=root
Apr 12 13:07:15 ovzhost sshd[1414]: message repeated 2 times: [ Failed password for root from 43.255.190.177 port 51196 ssh2]
Apr 12 13:07:15 ovzhost sshd[1414]: Received disconnect from 43.255.190.177: 11:  [preauth]
Apr 12 13:07:15 ovzhost sshd[1414]: PAM 2 more authentication failures; logname= uid=0 euid=0 tty=ssh ruser= rhost=43.255.190.177  user=root
Apr 12 13:07:16 ovzhost sshd[1418]: pam_unix(sshd:auth): authentication failure; logname= uid=0 euid=0 tty=ssh ruser= rhost=43.255.190.177  user=root
Apr 12 13:07:16 ovzhost sshd[1416]: Failed password for root from 43.255.190.120 port 34101 ssh2
Apr 12 13:07:18 ovzhost sshd[1418]: Failed password for root from 43.255.190.177 port 46255 ssh2
Apr 12 13:07:20 ovzhost sshd[1416]: message repeated 2 times: [ Failed password for root from 43.255.190.120 port 34101 ssh2]
Apr 12 13:07:21 ovzhost sshd[1416]: Received disconnect from 43.255.190.120: 11:  [preauth]
Apr 12 13:07:21 ovzhost sshd[1416]: PAM 2 more authentication failures; logname= uid=0 euid=0 tty=ssh ruser= rhost=43.255.190.120  user=root
Apr 12 13:07:21 ovzhost sshd[1421]: pam_unix(sshd:auth): authentication failure; logname= uid=0 euid=0 tty=ssh ruser= rhost=43.255.190.120  user=root
Apr 12 13:07:22 ovzhost sshd[1418]: message repeated 2 times: [ Failed password for root from 43.255.190.177 port 46255 ssh2]
Apr 12 13:07:22 ovzhost sshd[1418]: Received disconnect from 43.255.190.177: 11:  [preauth]
Apr 12 13:07:22 ovzhost sshd[1418]: PAM 2 more authentication failures; logname= uid=0 euid=0 tty=ssh ruser= rhost=43.255.190.177  user=root
Apr 12 13:07:23 ovzhost sshd[1423]: pam_unix(sshd:auth): authentication failure; logname= uid=0 euid=0 tty=ssh ruser= rhost=43.255.190.177  user=root
Apr 12 13:07:23 ovzhost sshd[1421]: Failed password for root from 43.255.190.120 port 49435 ssh2
Apr 12 13:07:25 ovzhost sshd[1423]: Failed password for root from 43.255.190.177 port 37639 ssh2
Apr 12 13:07:28 ovzhost sshd[1421]: message repeated 2 times: [ Failed password for root from 43.255.190.120 port 49435 ssh2]
Apr 12 13:07:28 ovzhost sshd[1421]: Received disconnect from 43.255.190.120: 11:  [preauth]
Apr 12 13:07:28 ovzhost sshd[1421]: PAM 2 more authentication failures; logname= uid=0 euid=0 tty=ssh ruser= rhost=43.255.190.120  user=root
Apr 12 13:07:29 ovzhost sshd[1426]: pam_unix(sshd:auth): authentication failure; logname= uid=0 euid=0 tty=ssh ruser= rhost=43.255.190.120  user=root
Apr 12 13:07:30 ovzhost sshd[1423]: message repeated 2 times: [ Failed password for root from 43.255.190.177 port 37639 ssh2]
Apr 12 13:07:30 ovzhost sshd[1423]: Received disconnect from 43.255.190.177: 11:  [preauth]
Apr 12 13:07:30 ovzhost sshd[1423]: PAM 2 more authentication failures; logname= uid=0 euid=0 tty=ssh ruser= rhost=43.255.190.177  user=root
Apr 12 13:07:30 ovzhost sshd[1428]: pam_unix(sshd:auth): authentication failure; logname= uid=0 euid=0 tty=ssh ruser= rhost=43.255.190.177  user=root
Apr 12 13:07:31 ovzhost sshd[1426]: Failed password for root from 43.255.190.120 port 38149 ssh2
Apr 12 13:07:32 ovzhost sshd[1428]: Failed password for root from 43.255.190.177 port 57588 ssh2
Apr 12 13:07:35 ovzhost sshd[1426]: message repeated 2 times: [ Failed password for root from 43.255.190.120 port 38149 ssh2]
Apr 12 13:07:36 ovzhost sshd[1426]: Received disconnect from 43.255.190.120: 11:  [preauth]
Apr 12 13:07:36 ovzhost sshd[1426]: PAM 2 more authentication failures; logname= uid=0 euid=0 tty=ssh ruser= rhost=43.255.190.120  user=root
Apr 12 13:07:37 ovzhost sshd[1430]: pam_unix(sshd:auth): authentication failure; logname= uid=0 euid=0 tty=ssh ruser= rhost=43.255.190.120  user=root
Apr 12 13:07:37 ovzhost sshd[1428]: message repeated 2 times: [ Failed password for root from 43.255.190.177 port 57588 ssh2]
Apr 12 13:07:37 ovzhost sshd[1428]: Received disconnect from 43.255.190.177: 11:  [preauth]
Apr 12 13:07:37 ovzhost sshd[1428]: PAM 2 more authentication failures; logname= uid=0 euid=0 tty=ssh ruser= rhost=43.255.190.177  user=root
Apr 12 13:07:38 ovzhost sshd[1432]: pam_unix(sshd:auth): authentication failure; logname= uid=0 euid=0 tty=ssh ruser= rhost=43.255.190.177  user=root
Apr 12 13:07:39 ovzhost sshd[1430]: Failed password for root from 43.255.190.120 port 54581 ssh2
Apr 12 13:07:40 ovzhost sshd[1432]: Failed password for root from 43.255.190.177 port 50617 ssh2
Apr 12 13:07:43 ovzhost sshd[1430]: message repeated 2 times: [ Failed password for root from 43.255.190.120 port 54581 ssh2]
Apr 12 13:07:44 ovzhost sshd[1430]: Received disconnect from 43.255.190.120: 11:  [preauth]
Apr 12 13:07:44 ovzhost sshd[1430]: PAM 2 more authentication failures; logname= uid=0 euid=0 tty=ssh ruser= rhost=43.255.190.120  user=root
Apr 12 13:07:44 ovzhost sshd[1432]: message repeated 2 times: [ Failed password for root from 43.255.190.177 port 50617 ssh2]
Apr 12 13:07:44 ovzhost sshd[1432]: Received disconnect from 43.255.190.177: 11:  [preauth]
Apr 12 13:07:44 ovzhost sshd[1432]: PAM 2 more authentication failures; logname= uid=0 euid=0 tty=ssh ruser= rhost=43.255.190.177  user=root
Apr 12 13:07:44 ovzhost sshd[1434]: pam_unix(sshd:auth): authentication failure; logname= uid=0 euid=0 tty=ssh ruser= rhost=43.255.190.120  user=root
Apr 12 13:07:45 ovzhost sshd[1436]: pam_unix(sshd:auth): authentication failure; logname= uid=0 euid=0 tty=ssh ruser= rhost=43.255.190.177  user=root
Apr 12 13:07:46 ovzhost sshd[1434]: Failed password for root from 43.255.190.120 port 44127 ssh2
Apr 12 13:07:47 ovzhost sshd[1436]: Failed password for root from 43.255.190.177 port 40477 ssh2
Apr 12 13:07:51 ovzhost sshd[1434]: message repeated 2 times: [ Failed password for root from 43.255.190.120 port 44127 ssh2]
Apr 12 13:07:51 ovzhost sshd[1434]: Received disconnect from 43.255.190.120: 11:  [preauth]
Apr 12 13:07:51 ovzhost sshd[1434]: PAM 2 more authentication failures; logname= uid=0 euid=0 tty=ssh ruser= rhost=43.255.190.120  user=root
Apr 12 13:07:51 ovzhost sshd[1436]: message repeated 2 times: [ Failed password for root from 43.255.190.177 port 40477 ssh2]
Apr 12 13:07:52 ovzhost sshd[1436]: Received disconnect from 43.255.190.177: 11:  [preauth]
Apr 12 13:07:52 ovzhost sshd[1436]: PAM 2 more authentication failures; logname= uid=0 euid=0 tty=ssh ruser= rhost=43.255.190.177  user=root
Apr 12 13:07:52 ovzhost sshd[1441]: pam_unix(sshd:auth): authentication failure; logname= uid=0 euid=0 tty=ssh ruser= rhost=43.255.190.120  user=root
Apr 12 13:07:52 ovzhost sshd[1443]: pam_unix(sshd:auth): authentication failure; logname= uid=0 euid=0 tty=ssh ruser= rhost=43.255.190.177  user=root
Apr 12 13:07:54 ovzhost sshd[1441]: Failed password for root from 43.255.190.120 port 60299 ssh2
Apr 12 13:07:54 ovzhost sshd[1443]: Failed password for root from 43.255.190.177 port 59796 ssh2
Apr 12 13:07:58 ovzhost sshd[1441]: message repeated 2 times: [ Failed password for root from 43.255.190.120 port 60299 ssh2]
Apr 12 13:07:58 ovzhost sshd[1441]: Received disconnect from 43.255.190.120: 11:  [preauth]
Apr 12 13:07:58 ovzhost sshd[1441]: PAM 2 more authentication failures; logname= uid=0 euid=0 tty=ssh ruser= rhost=43.255.190.120  user=root
Apr 12 13:08:00 ovzhost sshd[1448]: Connection closed by 127.0.0.1 [preauth]
Apr 12 13:08:00 ovzhost sshd[1443]: message repeated 2 times: [ Failed password for root from 43.255.190.177 port 59796 ssh2]
Apr 12 13:08:01 ovzhost sshd[1443]: Received disconnect from 43.255.190.177: 11:  [preauth]
Apr 12 13:08:01 ovzhost sshd[1443]: PAM 2 more authentication failures; logname= uid=0 euid=0 tty=ssh ruser= rhost=43.255.190.177  user=root
Apr 12 13:08:01 ovzhost sshd[1445]: pam_unix(sshd:auth): authentication failure; logname= uid=0 euid=0 tty=ssh ruser= rhost=43.255.190.120  user=root
Apr 12 13:08:01 ovzhost sshd[1450]: pam_unix(sshd:auth): authentication failure; logname= uid=0 euid=0 tty=ssh ruser= rhost=43.255.190.177  user=root
Apr 12 13:08:03 ovzhost sshd[1445]: Failed password for root from 43.255.190.120 port 47497 ssh2
Apr 12 13:08:03 ovzhost sshd[1450]: Failed password for root from 43.255.190.177 port 55569 ssh2
Apr 12 13:08:07 ovzhost sshd[1445]: message repeated 2 times: [ Failed password for root from 43.255.190.120 port 47497 ssh2]
Apr 12 13:08:07 ovzhost sshd[1445]: Received disconnect from 43.255.190.120: 11:  [preauth]
Apr 12 13:08:07 ovzhost sshd[1445]: PAM 2 more authentication failures; logname= uid=0 euid=0 tty=ssh ruser= rhost=43.255.190.120  user=root
Apr 12 13:08:07 ovzhost sshd[1450]: message repeated 2 times: [ Failed password for root from 43.255.190.177 port 55569 ssh2]
Apr 12 13:08:08 ovzhost sshd[1450]: Received disconnect from 43.255.190.177: 11:  [preauth]
Apr 12 13:08:08 ovzhost sshd[1450]: PAM 2 more authentication failures; logname= uid=0 euid=0 tty=ssh ruser= rhost=43.255.190.177  user=root
Apr 12 13:08:08 ovzhost sshd[1452]: pam_unix(sshd:auth): authentication failure; logname= uid=0 euid=0 tty=ssh ruser= rhost=43.255.190.120  user=root
Apr 12 13:08:08 ovzhost sshd[1454]: pam_unix(sshd:auth): authentication failure; logname= uid=0 euid=0 tty=ssh ruser= rhost=43.255.190.177  user=root
Apr 12 13:08:10 ovzhost sshd[1452]: Failed password for root from 43.255.190.120 port 39084 ssh2
Apr 12 13:08:11 ovzhost sshd[1454]: Failed password for root from 43.255.190.177 port 47416 ssh2
Apr 12 13:08:15 ovzhost sshd[1454]: message repeated 2 times: [ Failed password for root from 43.255.190.177 port 47416 ssh2]
Apr 12 13:08:15 ovzhost sshd[1454]: Received disconnect from 43.255.190.177: 11:  [preauth]
Apr 12 13:08:15 ovzhost sshd[1454]: PAM 2 more authentication failures; logname= uid=0 euid=0 tty=ssh ruser= rhost=43.255.190.177  user=root
Apr 12 13:08:15 ovzhost sshd[1452]: message repeated 2 times: [ Failed password for root from 43.255.190.120 port 39084 ssh2]
Apr 12 13:08:15 ovzhost sshd[1452]: Received disconnect from 43.255.190.120: 11:  [preauth]
Apr 12 13:08:15 ovzhost sshd[1452]: PAM 2 more authentication failures; logname= uid=0 euid=0 tty=ssh ruser= rhost=43.255.190.120  user=root
Apr 12 13:08:16 ovzhost sshd[1458]: pam_unix(sshd:auth): authentication failure; logname= uid=0 euid=0 tty=ssh ruser= rhost=43.255.190.177  user=root
Apr 12 13:08:16 ovzhost sshd[1460]: pam_unix(sshd:auth): authentication failure; logname= uid=0 euid=0 tty=ssh ruser= rhost=43.255.190.120  user=root
Apr 12 13:08:18 ovzhost sshd[1458]: Failed password for root from 43.255.190.177 port 36489 ssh2
Apr 12 13:08:18 ovzhost sshd[1460]: Failed password for root from 43.255.190.120 port 52793 ssh2
Apr 12 13:08:21 ovzhost sshd[1458]: message repeated 2 times: [ Failed password for root from 43.255.190.177 port 36489 ssh2]
Apr 12 13:08:21 ovzhost sshd[1458]: Received disconnect from 43.255.190.177: 11:  [preauth]
Apr 12 13:08:21 ovzhost sshd[1458]: PAM 2 more authentication failures; logname= uid=0 euid=0 tty=ssh ruser= rhost=43.255.190.177  user=root
Apr 12 13:08:21 ovzhost sshd[1460]: message repeated 2 times: [ Failed password for root from 43.255.190.120 port 52793 ssh2]
Apr 12 13:08:21 ovzhost sshd[1460]: Received disconnect from 43.255.190.120: 11:  [preauth]
Apr 12 13:08:21 ovzhost sshd[1460]: PAM 2 more authentication failures; logname= uid=0 euid=0 tty=ssh ruser= rhost=43.255.190.120  user=root
Apr 12 13:08:23 ovzhost sshd[1464]: pam_unix(sshd:auth): authentication failure; logname= uid=0 euid=0 tty=ssh ruser= rhost=43.255.190.120  user=root
Apr 12 13:08:24 ovzhost sshd[1466]: pam_unix(sshd:auth): authentication failure; logname= uid=0 euid=0 tty=ssh ruser= rhost=43.255.190.177  user=root
Apr 12 13:08:25 ovzhost sshd[1464]: Failed password for root from 43.255.190.120 port 35435 ssh2
Apr 12 13:08:26 ovzhost sshd[1466]: Failed password for root from 43.255.190.177 port 50598 ssh2
Apr 12 13:08:30 ovzhost sshd[1464]: message repeated 2 times: [ Failed password for root from 43.255.190.120 port 35435 ssh2]
Apr 12 13:08:30 ovzhost sshd[1464]: Received disconnect from 43.255.190.120: 11:  [preauth]
Apr 12 13:08:30 ovzhost sshd[1464]: PAM 2 more authentication failures; logname= uid=0 euid=0 tty=ssh ruser= rhost=43.255.190.120  user=root
Apr 12 13:08:30 ovzhost sshd[1468]: pam_unix(sshd:auth): authentication failure; logname= uid=0 euid=0 tty=ssh ruser= rhost=43.255.190.120  user=root
Apr 12 13:08:30 ovzhost sshd[1466]: message repeated 2 times: [ Failed password for root from 43.255.190.177 port 50598 ssh2]
Apr 12 13:08:30 ovzhost sshd[1466]: Received disconnect from 43.255.190.177: 11:  [preauth]
Apr 12 13:08:30 ovzhost sshd[1466]: PAM 2 more authentication failures; logname= uid=0 euid=0 tty=ssh ruser= rhost=43.255.190.177  user=root
Apr 12 13:08:31 ovzhost sshd[1470]: pam_unix(sshd:auth): authentication failure; logname= uid=0 euid=0 tty=ssh ruser= rhost=43.255.190.177  user=root
Apr 12 13:08:31 ovzhost sshd[1468]: Failed password for root from 43.255.190.120 port 49281 ssh2
Apr 12 13:08:33 ovzhost sshd[1470]: Failed password for root from 43.255.190.177 port 45462 ssh2
Apr 12 13:08:36 ovzhost sshd[1468]: message repeated 2 times: [ Failed password for root from 43.255.190.120 port 49281 ssh2]
Apr 12 13:08:36 ovzhost sshd[1468]: Received disconnect from 43.255.190.120: 11:  [preauth]
Apr 12 13:08:36 ovzhost sshd[1468]: PAM 2 more authentication failures; logname= uid=0 euid=0 tty=ssh ruser= rhost=43.255.190.120  user=root
Apr 12 13:08:37 ovzhost sshd[1472]: pam_unix(sshd:auth): authentication failure; logname= uid=0 euid=0 tty=ssh ruser= rhost=43.255.190.120  user=root
Apr 12 13:08:38 ovzhost sshd[1470]: message repeated 2 times: [ Failed password for root from 43.255.190.177 port 45462 ssh2]
Apr 12 13:08:38 ovzhost sshd[1470]: Received disconnect from 43.255.190.177: 11:  [preauth]
Apr 12 13:08:38 ovzhost sshd[1470]: PAM 2 more authentication failures; logname= uid=0 euid=0 tty=ssh ruser= rhost=43.255.190.177  user=root
Apr 12 13:08:38 ovzhost sshd[1474]: pam_unix(sshd:auth): authentication failure; logname= uid=0 euid=0 tty=ssh ruser= rhost=43.255.190.177  user=root
Apr 12 13:08:39 ovzhost sshd[1472]: Failed password for root from 43.255.190.120 port 33175 ssh2
Apr 12 13:08:40 ovzhost sshd[1474]: Failed password for root from 43.255.190.177 port 33005 ssh2
Apr 12 13:08:43 ovzhost sshd[1472]: message repeated 2 times: [ Failed password for root from 43.255.190.120 port 33175 ssh2]
Apr 12 13:08:43 ovzhost sshd[1472]: Received disconnect from 43.255.190.120: 11:  [preauth]
Apr 12 13:08:43 ovzhost sshd[1472]: PAM 2 more authentication failures; logname= uid=0 euid=0 tty=ssh ruser= rhost=43.255.190.120  user=root
Apr 12 13:08:43 ovzhost sshd[1474]: message repeated 2 times: [ Failed password for root from 43.255.190.177 port 33005 ssh2]
Apr 12 13:08:43 ovzhost sshd[1474]: Received disconnect from 43.255.190.177: 11:  [preauth]
