Apr  2 14:31:44 ovzhost sshd[780]: Connection closed by 127.0.0.1 [preauth]
Apr  2 14:35:40 ovzhost sshd[811]: Connection closed by 128.8.37.120 [preauth]
Apr  2 14:36:44 ovzhost sshd[820]: Connection closed by 127.0.0.1 [preauth]
Apr 11 12:36:11 ovzhost sshd[786]: reverse mapping checking getaddrinfo for 153-127-166-207-ptr.centennialpr.net [207.166.127.153] failed - POSSIBLE BREAK-IN ATTEMPT!
Apr 11 12:36:11 ovzhost sshd[786]: Invalid user alan from 207.166.127.153
Apr 11 12:36:11 ovzhost sshd[786]: input_userauth_request: invalid user alan [preauth]
Apr 11 12:36:11 ovzhost sshd[786]: pam_unix(sshd:auth): check pass; user unknown
Apr 11 12:36:11 ovzhost sshd[786]: pam_unix(sshd:auth): authentication failure; logname= uid=0 euid=0 tty=ssh ruser= rhost=207.166.127.153 
Apr 11 12:36:13 ovzhost sshd[786]: Failed password for invalid user alan from 207.166.127.153 port 49194 ssh2
Apr 11 12:36:13 ovzhost sshd[786]: Connection closed by 207.166.127.153 [preauth]
Apr 11 12:37:07 ovzhost sshd[792]: Connection closed by 127.0.0.1 [preauth]
Apr 11 12:39:01 ovzhost CRON[801]: pam_env(cron:session): Unable to open env file: /etc/default/locale: No such file or directory
Apr 11 12:39:01 ovzhost CRON[801]: pam_unix(cron:session): session opened for user root by (uid=0)
Apr 11 12:39:01 ovzhost CRON[801]: pam_unix(cron:session): session closed for user root
Apr 11 12:40:01 ovzhost CRON[817]: pam_env(cron:session): Unable to open env file: /etc/default/locale: No such file or directory
Apr 11 12:40:01 ovzhost CRON[817]: pam_unix(cron:session): session opened for user smmsp by (uid=0)
Apr 11 12:40:01 ovzhost CRON[817]: pam_unix(cron:session): session closed for user smmsp
Apr 11 12:40:39 ovzhost sshd[845]: Connection closed by 128.8.37.120 [preauth]
Apr 11 12:42:07 ovzhost sshd[855]: Connection closed by 127.0.0.1 [preauth]
Apr 11 12:46:49 ovzhost sshd[872]: Invalid user admin from 85.90.219.35
Apr 11 12:46:49 ovzhost sshd[872]: input_userauth_request: invalid user admin [preauth]
Apr 11 12:46:52 ovzhost sshd[872]: pam_unix(sshd:auth): check pass; user unknown
Apr 11 12:46:52 ovzhost sshd[872]: pam_unix(sshd:auth): authentication failure; logname= uid=0 euid=0 tty=ssh ruser= rhost=85.90.219.35 
Apr 11 12:46:54 ovzhost sshd[872]: Failed password for invalid user admin from 85.90.219.35 port 13343 ssh2
Apr 11 12:46:54 ovzhost sshd[872]: error: Received disconnect from 85.90.219.35: 14: Unable to connect using the available authentication methods [preauth]
Apr 11 12:47:02 ovzhost sshd[874]: pam_unix(sshd:auth): authentication failure; logname= uid=0 euid=0 tty=ssh ruser= rhost=85.90.219.35  user=root
Apr 11 12:47:03 ovzhost sshd[874]: Failed password for root from 85.90.219.35 port 20661 ssh2
Apr 11 12:47:03 ovzhost sshd[874]: error: Received disconnect from 85.90.219.35: 14: Unable to connect using the available authentication methods [preauth]
Apr 11 12:47:07 ovzhost sshd[880]: Connection closed by 127.0.0.1 [preauth]
Apr 11 12:47:11 ovzhost sshd[876]: pam_unix(sshd:auth): authentication failure; logname= uid=0 euid=0 tty=ssh ruser= rhost=85.90.219.35  user=root
Apr 11 12:47:13 ovzhost sshd[876]: Failed password for root from 85.90.219.35 port 54442 ssh2
Apr 11 12:47:13 ovzhost sshd[876]: error: Received disconnect from 85.90.219.35: 14: Unable to connect using the available authentication methods [preauth]
Apr 11 12:47:18 ovzhost sshd[882]: Invalid user admin from 85.90.219.35
Apr 11 12:47:18 ovzhost sshd[882]: input_userauth_request: invalid user admin [preauth]
Apr 11 12:47:21 ovzhost sshd[882]: pam_unix(sshd:auth): check pass; user unknown
Apr 11 12:47:21 ovzhost sshd[882]: pam_unix(sshd:auth): authentication failure; logname= uid=0 euid=0 tty=ssh ruser= rhost=85.90.219.35 
Apr 11 12:47:23 ovzhost sshd[882]: Failed password for invalid user admin from 85.90.219.35 port 57223 ssh2
Apr 11 12:47:23 ovzhost sshd[882]: error: Received disconnect from 85.90.219.35: 14: Unable to connect using the available authentication methods [preauth]
Apr 11 12:50:39 ovzhost sshd[898]: Connection closed by 128.8.37.120 [preauth]
Apr 11 12:52:07 ovzhost sshd[908]: Connection closed by 127.0.0.1 [preauth]
Apr 11 12:55:21 ovzhost sshd[919]: pam_unix(sshd:auth): authentication failure; logname= uid=0 euid=0 tty=ssh ruser= rhost=221.229.166.254  user=root
Apr 11 12:55:23 ovzhost sshd[919]: Failed password for root from 221.229.166.254 port 51475 ssh2
Apr 11 12:55:28 ovzhost sshd[919]: message repeated 2 times: [ Failed password for root from 221.229.166.254 port 51475 ssh2]
Apr 11 12:55:28 ovzhost sshd[919]: Received disconnect from 221.229.166.254: 11:  [preauth]
Apr 11 12:55:28 ovzhost sshd[919]: PAM 2 more authentication failures; logname= uid=0 euid=0 tty=ssh ruser= rhost=221.229.166.254  user=root
Apr 11 12:55:31 ovzhost sshd[921]: pam_unix(sshd:auth): authentication failure; logname= uid=0 euid=0 tty=ssh ruser= rhost=221.229.166.254  user=root
Apr 11 12:55:33 ovzhost sshd[921]: Failed password for root from 221.229.166.254 port 58958 ssh2
Apr 11 12:55:40 ovzhost sshd[921]: message repeated 2 times: [ Failed password for root from 221.229.166.254 port 58958 ssh2]
Apr 11 12:55:40 ovzhost sshd[921]: Received disconnect from 221.229.166.254: 11:  [preauth]
Apr 11 12:55:40 ovzhost sshd[921]: PAM 2 more authentication failures; logname= uid=0 euid=0 tty=ssh ruser= rhost=221.229.166.254  user=root
Apr 11 12:55:43 ovzhost sshd[923]: pam_unix(sshd:auth): authentication failure; logname= uid=0 euid=0 tty=ssh ruser= rhost=221.229.166.254  user=root
Apr 11 12:55:45 ovzhost sshd[923]: Failed password for root from 221.229.166.254 port 37266 ssh2
Apr 11 12:55:53 ovzhost sshd[923]: message repeated 2 times: [ Failed password for root from 221.229.166.254 port 37266 ssh2]
Apr 11 12:55:53 ovzhost sshd[923]: Received disconnect from 221.229.166.254: 11:  [preauth]
Apr 11 12:55:53 ovzhost sshd[923]: PAM 2 more authentication failures; logname= uid=0 euid=0 tty=ssh ruser= rhost=221.229.166.254  user=root
Apr 11 12:55:55 ovzhost sshd[927]: pam_unix(sshd:auth): authentication failure; logname= uid=0 euid=0 tty=ssh ruser= rhost=221.229.166.254  user=root
Apr 11 12:55:57 ovzhost sshd[927]: Failed password for root from 221.229.166.254 port 43766 ssh2
Apr 11 12:56:01 ovzhost sshd[927]: message repeated 2 times: [ Failed password for root from 221.229.166.254 port 43766 ssh2]
Apr 11 12:56:04 ovzhost sshd[927]: Received disconnect from 221.229.166.254: 11:  [preauth]
Apr 11 12:56:04 ovzhost sshd[927]: PAM 2 more authentication failures; logname= uid=0 euid=0 tty=ssh ruser= rhost=221.229.166.254  user=root
Apr 11 12:56:04 ovzhost sshd[929]: pam_unix(sshd:auth): authentication failure; logname= uid=0 euid=0 tty=ssh ruser= rhost=221.229.166.254  user=root
Apr 11 12:56:07 ovzhost sshd[929]: Failed password for root from 221.229.166.254 port 48140 ssh2
Apr 11 12:56:12 ovzhost sshd[929]: message repeated 2 times: [ Failed password for root from 221.229.166.254 port 48140 ssh2]
Apr 11 12:56:12 ovzhost sshd[929]: Received disconnect from 221.229.166.254: 11:  [preauth]
Apr 11 12:56:12 ovzhost sshd[929]: PAM 2 more authentication failures; logname= uid=0 euid=0 tty=ssh ruser= rhost=221.229.166.254  user=root
Apr 11 12:56:16 ovzhost sshd[933]: pam_unix(sshd:auth): authentication failure; logname= uid=0 euid=0 tty=ssh ruser= rhost=221.229.166.254  user=root
Apr 11 12:56:19 ovzhost sshd[933]: Failed password for root from 221.229.166.254 port 54083 ssh2
Apr 11 12:56:23 ovzhost sshd[933]: message repeated 2 times: [ Failed password for root from 221.229.166.254 port 54083 ssh2]
Apr 11 12:56:24 ovzhost sshd[933]: Received disconnect from 221.229.166.254: 11:  [preauth]
Apr 11 12:56:24 ovzhost sshd[933]: PAM 2 more authentication failures; logname= uid=0 euid=0 tty=ssh ruser= rhost=221.229.166.254  user=root
Apr 11 12:56:27 ovzhost sshd[935]: pam_unix(sshd:auth): authentication failure; logname= uid=0 euid=0 tty=ssh ruser= rhost=221.229.166.254  user=root
Apr 11 12:56:29 ovzhost sshd[935]: Failed password for root from 221.229.166.254 port 60805 ssh2
Apr 11 12:56:37 ovzhost sshd[935]: message repeated 2 times: [ Failed password for root from 221.229.166.254 port 60805 ssh2]
Apr 11 12:56:38 ovzhost sshd[935]: Received disconnect from 221.229.166.254: 11:  [preauth]
Apr 11 12:56:38 ovzhost sshd[935]: PAM 2 more authentication failures; logname= uid=0 euid=0 tty=ssh ruser= rhost=221.229.166.254  user=root
Apr 11 12:56:41 ovzhost sshd[939]: pam_unix(sshd:auth): authentication failure; logname= uid=0 euid=0 tty=ssh ruser= rhost=221.229.166.254  user=root
Apr 11 12:56:43 ovzhost sshd[939]: Failed password for root from 221.229.166.254 port 40008 ssh2
Apr 11 12:56:49 ovzhost sshd[939]: message repeated 2 times: [ Failed password for root from 221.229.166.254 port 40008 ssh2]
Apr 11 12:56:49 ovzhost sshd[939]: Received disconnect from 221.229.166.254: 11:  [preauth]
Apr 11 12:56:49 ovzhost sshd[939]: PAM 2 more authentication failures; logname= uid=0 euid=0 tty=ssh ruser= rhost=221.229.166.254  user=root
Apr 11 12:56:51 ovzhost sshd[941]: pam_unix(sshd:auth): authentication failure; logname= uid=0 euid=0 tty=ssh ruser= rhost=43.255.190.190  user=root
Apr 11 12:56:53 ovzhost sshd[941]: Failed password for root from 43.255.190.190 port 58049 ssh2
Apr 11 12:56:57 ovzhost sshd[943]: pam_unix(sshd:auth): authentication failure; logname= uid=0 euid=0 tty=ssh ruser= rhost=221.229.166.254  user=root
Apr 11 12:56:58 ovzhost sshd[941]: message repeated 2 times: [ Failed password for root from 43.255.190.190 port 58049 ssh2]
Apr 11 12:56:58 ovzhost sshd[941]: Received disconnect from 43.255.190.190: 11:  [preauth]
Apr 11 12:56:58 ovzhost sshd[941]: PAM 2 more authentication failures; logname= uid=0 euid=0 tty=ssh ruser= rhost=43.255.190.190  user=root
Apr 11 12:56:59 ovzhost sshd[945]: pam_unix(sshd:auth): authentication failure; logname= uid=0 euid=0 tty=ssh ruser= rhost=43.255.190.190  user=root
Apr 11 12:56:59 ovzhost sshd[943]: Failed password for root from 221.229.166.254 port 48200 ssh2
Apr 11 12:57:01 ovzhost sshd[945]: Failed password for root from 43.255.190.190 port 44462 ssh2
Apr 11 12:57:06 ovzhost sshd[945]: message repeated 2 times: [ Failed password for root from 43.255.190.190 port 44462 ssh2]
Apr 11 12:57:06 ovzhost sshd[945]: Received disconnect from 43.255.190.190: 11:  [preauth]
Apr 11 12:57:06 ovzhost sshd[945]: PAM 2 more authentication failures; logname= uid=0 euid=0 tty=ssh ruser= rhost=43.255.190.190  user=root
Apr 11 12:57:06 ovzhost sshd[948]: pam_unix(sshd:auth): authentication failure; logname= uid=0 euid=0 tty=ssh ruser= rhost=43.255.190.190  user=root
Apr 11 12:57:05 ovzhost sshd[943]: message repeated 2 times: [ Failed password for root from 221.229.166.254 port 48200 ssh2]
Apr 11 12:57:07 ovzhost sshd[943]: Received disconnect from 221.229.166.254: 11:  [preauth]
Apr 11 12:57:07 ovzhost sshd[943]: PAM 2 more authentication failures; logname= uid=0 euid=0 tty=ssh ruser= rhost=221.229.166.254  user=root
Apr 11 12:57:07 ovzhost sshd[951]: Connection closed by 127.0.0.1 [preauth]
Apr 11 12:57:08 ovzhost sshd[948]: Failed password for root from 43.255.190.190 port 58464 ssh2
Apr 11 12:57:13 ovzhost sshd[948]: message repeated 2 times: [ Failed password for root from 43.255.190.190 port 58464 ssh2]
Apr 11 12:57:13 ovzhost sshd[948]: Received disconnect from 43.255.190.190: 11:  [preauth]
Apr 11 12:57:13 ovzhost sshd[948]: PAM 2 more authentication failures; logname= uid=0 euid=0 tty=ssh ruser= rhost=43.255.190.190  user=root
Apr 11 12:57:14 ovzhost sshd[953]: pam_unix(sshd:auth): authentication failure; logname= uid=0 euid=0 tty=ssh ruser= rhost=221.229.166.254  user=root
Apr 11 12:57:14 ovzhost sshd[955]: pam_unix(sshd:auth): authentication failure; logname= uid=0 euid=0 tty=ssh ruser= rhost=43.255.190.190  user=root
Apr 11 12:57:15 ovzhost sshd[953]: Failed password for root from 221.229.166.254 port 56309 ssh2
Apr 11 12:57:16 ovzhost sshd[955]: Failed password for root from 43.255.190.190 port 45911 ssh2
Apr 11 12:57:18 ovzhost sshd[958]: pam_unix(sshd:auth): authentication failure; logname= uid=0 euid=0 tty=ssh ruser= rhost=43.255.190.135  user=root
Apr 11 12:57:20 ovzhost sshd[955]: message repeated 2 times: [ Failed password for root from 43.255.190.190 port 45911 ssh2]
Apr 11 12:57:20 ovzhost sshd[955]: Received disconnect from 43.255.190.190: 11:  [preauth]
Apr 11 12:57:20 ovzhost sshd[955]: PAM 2 more authentication failures; logname= uid=0 euid=0 tty=ssh ruser= rhost=43.255.190.190  user=root
Apr 11 12:57:20 ovzhost sshd[958]: Failed password for root from 43.255.190.135 port 57665 ssh2
Apr 11 12:57:20 ovzhost sshd[953]: message repeated 2 times: [ Failed password for root from 221.229.166.254 port 56309 ssh2]
Apr 11 12:57:20 ovzhost sshd[953]: Received disconnect from 221.229.166.254: 11:  [preauth]
Apr 11 12:57:20 ovzhost sshd[953]: PAM 2 more authentication failures; logname= uid=0 euid=0 tty=ssh ruser= rhost=221.229.166.254  user=root
Apr 11 12:57:21 ovzhost sshd[960]: pam_unix(sshd:auth): authentication failure; logname= uid=0 euid=0 tty=ssh ruser= rhost=43.255.190.190  user=root
Apr 11 12:57:23 ovzhost sshd[960]: Failed password for root from 43.255.190.190 port 60055 ssh2
Apr 11 12:57:23 ovzhost sshd[962]: pam_unix(sshd:auth): authentication failure; logname= uid=0 euid=0 tty=ssh ruser= rhost=221.229.166.254  user=root
Apr 11 12:57:25 ovzhost sshd[958]: message repeated 2 times: [ Failed password for root from 43.255.190.135 port 57665 ssh2]
Apr 11 12:57:25 ovzhost sshd[958]: Received disconnect from 43.255.190.135: 11:  [preauth]
Apr 11 12:57:25 ovzhost sshd[958]: PAM 2 more authentication failures; logname= uid=0 euid=0 tty=ssh ruser= rhost=43.255.190.135  user=root
Apr 11 12:57:25 ovzhost sshd[962]: Failed password for root from 221.229.166.254 port 33277 ssh2
Apr 11 12:57:25 ovzhost sshd[964]: pam_unix(sshd:auth): authentication failure; logname= uid=0 euid=0 tty=ssh ruser= rhost=43.255.190.135  user=root
Apr 11 12:57:27 ovzhost sshd[960]: message repeated 2 times: [ Failed password for root from 43.255.190.190 port 60055 ssh2]
Apr 11 12:57:27 ovzhost sshd[960]: Received disconnect from 43.255.190.190: 11:  [preauth]
Apr 11 12:57:27 ovzhost sshd[960]: PAM 2 more authentication failures; logname= uid=0 euid=0 tty=ssh ruser= rhost=43.255.190.190  user=root
Apr 11 12:57:27 ovzhost sshd[964]: Failed password for root from 43.255.190.135 port 41084 ssh2
Apr 11 12:57:27 ovzhost sshd[966]: pam_unix(sshd:auth): authentication failure; logname= uid=0 euid=0 tty=ssh ruser= rhost=43.255.190.190  user=root
Apr 11 12:57:30 ovzhost sshd[966]: Failed password for root from 43.255.190.190 port 47138 ssh2
Apr 11 12:57:30 ovzhost sshd[962]: message repeated 2 times: [ Failed password for root from 221.229.166.254 port 33277 ssh2]
Apr 11 12:57:31 ovzhost sshd[962]: Received disconnect from 221.229.166.254: 11:  [preauth]
Apr 11 12:57:31 ovzhost sshd[962]: PAM 2 more authentication failures; logname= uid=0 euid=0 tty=ssh ruser= rhost=221.229.166.254  user=root
Apr 11 12:57:31 ovzhost sshd[964]: message repeated 2 times: [ Failed password for root from 43.255.190.135 port 41084 ssh2]
Apr 11 12:57:31 ovzhost sshd[964]: Received disconnect from 43.255.190.135: 11:  [preauth]
Apr 11 12:57:31 ovzhost sshd[964]: PAM 2 more authentication failures; logname= uid=0 euid=0 tty=ssh ruser= rhost=43.255.190.135  user=root
Apr 11 12:57:32 ovzhost sshd[970]: pam_unix(sshd:auth): authentication failure; logname= uid=0 euid=0 tty=ssh ruser= rhost=43.255.190.135  user=root
Apr 11 12:57:34 ovzhost sshd[966]: message repeated 2 times: [ Failed password for root from 43.255.190.190 port 47138 ssh2]
Apr 11 12:57:34 ovzhost sshd[966]: Received disconnect from 43.255.190.190: 11:  [preauth]
Apr 11 12:57:34 ovzhost sshd[966]: PAM 2 more authentication failures; logname= uid=0 euid=0 tty=ssh ruser= rhost=43.255.190.190  user=root
Apr 11 12:57:34 ovzhost sshd[970]: Failed password for root from 43.255.190.135 port 52789 ssh2
Apr 11 12:57:34 ovzhost sshd[972]: pam_unix(sshd:auth): authentication failure; logname= uid=0 euid=0 tty=ssh ruser= rhost=43.255.190.190  user=root
Apr 11 12:57:35 ovzhost sshd[968]: pam_unix(sshd:auth): authentication failure; logname= uid=0 euid=0 tty=ssh ruser= rhost=221.229.166.254  user=root
Apr 11 12:57:37 ovzhost sshd[972]: Failed password for root from 43.255.190.190 port 34507 ssh2
Apr 11 12:57:37 ovzhost sshd[968]: Failed password for root from 221.229.166.254 port 38373 ssh2
Apr 11 12:57:38 ovzhost sshd[970]: message repeated 2 times: [ Failed password for root from 43.255.190.135 port 52789 ssh2]
Apr 11 12:57:38 ovzhost sshd[970]: Received disconnect from 43.255.190.135: 11:  [preauth]
Apr 11 12:57:38 ovzhost sshd[970]: PAM 2 more authentication failures; logname= uid=0 euid=0 tty=ssh ruser= rhost=43.255.190.135  user=root
Apr 11 12:57:39 ovzhost sshd[975]: pam_unix(sshd:auth): authentication failure; logname= uid=0 euid=0 tty=ssh ruser= rhost=43.255.190.135  user=root
Apr 11 12:57:41 ovzhost sshd[972]: message repeated 2 times: [ Failed password for root from 43.255.190.190 port 34507 ssh2]
Apr 11 12:57:41 ovzhost sshd[972]: Received disconnect from 43.255.190.190: 11:  [preauth]
Apr 11 12:57:41 ovzhost sshd[972]: PAM 2 more authentication failures; logname= uid=0 euid=0 tty=ssh ruser= rhost=43.255.190.190  user=root
Apr 11 12:57:41 ovzhost sshd[975]: Failed password for root from 43.255.190.135 port 40145 ssh2
Apr 11 12:57:41 ovzhost sshd[977]: pam_unix(sshd:auth): authentication failure; logname= uid=0 euid=0 tty=ssh ruser= rhost=43.255.190.190  user=root
Apr 11 12:57:42 ovzhost sshd[968]: message repeated 2 times: [ Failed password for root from 221.229.166.254 port 38373 ssh2]
Apr 11 12:57:42 ovzhost sshd[968]: Received disconnect from 221.229.166.254: 11:  [preauth]
Apr 11 12:57:42 ovzhost sshd[968]: PAM 2 more authentication failures; logname= uid=0 euid=0 tty=ssh ruser= rhost=221.229.166.254  user=root
Apr 11 12:57:44 ovzhost sshd[979]: pam_unix(sshd:auth): authentication failure; logname= uid=0 euid=0 tty=ssh ruser= rhost=221.229.166.254  user=root
Apr 11 12:57:44 ovzhost sshd[977]: Failed password for root from 43.255.190.190 port 51478 ssh2
Apr 11 12:57:46 ovzhost sshd[975]: message repeated 2 times: [ Failed password for root from 43.255.190.135 port 40145 ssh2]
Apr 11 12:57:46 ovzhost sshd[975]: Received disconnect from 43.255.190.135: 11:  [preauth]
Apr 11 12:57:46 ovzhost sshd[975]: PAM 2 more authentication failures; logname= uid=0 euid=0 tty=ssh ruser= rhost=43.255.190.135  user=root
Apr 11 12:57:46 ovzhost sshd[979]: Failed password for root from 221.229.166.254 port 44635 ssh2
Apr 11 12:57:47 ovzhost sshd[981]: pam_unix(sshd:auth): authentication failure; logname= uid=0 euid=0 tty=ssh ruser= rhost=43.255.190.135  user=root
Apr 11 12:57:49 ovzhost sshd[981]: Failed password for root from 43.255.190.135 port 56645 ssh2
Apr 11 12:57:49 ovzhost sshd[977]: message repeated 2 times: [ Failed password for root from 43.255.190.190 port 51478 ssh2]
Apr 11 12:57:49 ovzhost sshd[977]: Received disconnect from 43.255.190.190: 11:  [preauth]
Apr 11 12:57:49 ovzhost sshd[977]: PAM 2 more authentication failures; logname= uid=0 euid=0 tty=ssh ruser= rhost=43.255.190.190  user=root
Apr 11 12:57:50 ovzhost sshd[983]: pam_unix(sshd:auth): authentication failure; logname= uid=0 euid=0 tty=ssh ruser= rhost=43.255.190.190  user=root
Apr 11 12:57:50 ovzhost sshd[979]: message repeated 2 times: [ Failed password for root from 221.229.166.254 port 44635 ssh2]
Apr 11 12:57:51 ovzhost sshd[979]: Received disconnect from 221.229.166.254: 11:  [preauth]
Apr 11 12:57:51 ovzhost sshd[979]: PAM 2 more authentication failures; logname= uid=0 euid=0 tty=ssh ruser= rhost=221.229.166.254  user=root
Apr 11 12:57:51 ovzhost sshd[983]: Failed password for root from 43.255.190.190 port 42654 ssh2
Apr 11 12:57:52 ovzhost sshd[981]: message repeated 2 times: [ Failed password for root from 43.255.190.135 port 56645 ssh2]
Apr 11 12:57:52 ovzhost sshd[981]: Received disconnect from 43.255.190.135: 11:  [preauth]
Apr 11 12:57:52 ovzhost sshd[981]: PAM 2 more authentication failures; logname= uid=0 euid=0 tty=ssh ruser= rhost=43.255.190.135  user=root
Apr 11 12:57:52 ovzhost sshd[985]: pam_unix(sshd:auth): authentication failure; logname= uid=0 euid=0 tty=ssh ruser= rhost=221.229.166.254  user=root
Apr 11 12:57:54 ovzhost sshd[987]: pam_unix(sshd:auth): authentication failure; logname= uid=0 euid=0 tty=ssh ruser= rhost=43.255.190.135  user=root
Apr 11 12:57:55 ovzhost sshd[985]: Failed password for root from 221.229.166.254 port 49012 ssh2
Apr 11 12:57:56 ovzhost sshd[983]: message repeated 2 times: [ Failed password for root from 43.255.190.190 port 42654 ssh2]
Apr 11 12:57:56 ovzhost sshd[983]: Received disconnect from 43.255.190.190: 11:  [preauth]
Apr 11 12:57:56 ovzhost sshd[983]: PAM 2 more authentication failures; logname= uid=0 euid=0 tty=ssh ruser= rhost=43.255.190.190  user=root
Apr 11 12:57:56 ovzhost sshd[987]: Failed password for root from 43.255.190.135 port 41897 ssh2
Apr 11 12:57:56 ovzhost sshd[989]: pam_unix(sshd:auth): authentication failure; logname= uid=0 euid=0 tty=ssh ruser= rhost=43.255.190.190  user=root
Apr 11 12:57:58 ovzhost sshd[989]: Failed password for root from 43.255.190.190 port 56886 ssh2
Apr 11 12:57:59 ovzhost sshd[985]: message repeated 2 times: [ Failed password for root from 221.229.166.254 port 49012 ssh2]
Apr 11 12:58:00 ovzhost sshd[985]: Received disconnect from 221.229.166.254: 11:  [preauth]
Apr 11 12:58:00 ovzhost sshd[985]: PAM 2 more authentication failures; logname= uid=0 euid=0 tty=ssh ruser= rhost=221.229.166.254  user=root
Apr 11 12:58:00 ovzhost sshd[987]: message repeated 2 times: [ Failed password for root from 43.255.190.135 port 41897 ssh2]
Apr 11 12:58:00 ovzhost sshd[987]: Received disconnect from 43.255.190.135: 11:  [preauth]
Apr 11 12:58:00 ovzhost sshd[987]: PAM 2 more authentication failures; logname= uid=0 euid=0 tty=ssh ruser= rhost=43.255.190.135  user=root
Apr 11 12:58:01 ovzhost sshd[993]: pam_unix(sshd:auth): authentication failure; logname= uid=0 euid=0 tty=ssh ruser= rhost=43.255.190.135  user=root
Apr 11 12:58:02 ovzhost sshd[991]: pam_unix(sshd:auth): authentication failure; logname= uid=0 euid=0 tty=ssh ruser= rhost=221.229.166.254  user=root
Apr 11 12:58:02 ovzhost sshd[989]: message repeated 2 times: [ Failed password for root from 43.255.190.190 port 56886 ssh2]
Apr 11 12:58:02 ovzhost sshd[989]: Received disconnect from 43.255.190.190: 11:  [preauth]
Apr 11 12:58:02 ovzhost sshd[989]: PAM 2 more authentication failures; logname= uid=0 euid=0 tty=ssh ruser= rhost=43.255.190.190  user=root
Apr 11 12:58:03 ovzhost sshd[993]: Failed password for root from 43.255.190.135 port 54564 ssh2
Apr 11 12:58:03 ovzhost sshd[995]: pam_unix(sshd:auth): authentication failure; logname= uid=0 euid=0 tty=ssh ruser= rhost=43.255.190.190  user=root
Apr 11 12:58:04 ovzhost sshd[991]: Failed password for root from 221.229.166.254 port 53648 ssh2
Apr 11 12:58:05 ovzhost sshd[995]: Failed password for root from 43.255.190.190 port 41427 ssh2
Apr 11 12:58:08 ovzhost sshd[993]: message repeated 2 times: [ Failed password for root from 43.255.190.135 port 54564 ssh2]
Apr 11 12:58:08 ovzhost sshd[993]: Received disconnect from 43.255.190.135: 11:  [preauth]
Apr 11 12:58:08 ovzhost sshd[993]: PAM 2 more authentication failures; logname= uid=0 euid=0 tty=ssh ruser= rhost=43.255.190.135  user=root
Apr 11 12:58:08 ovzhost sshd[998]: pam_unix(sshd:auth): authentication failure; logname= uid=0 euid=0 tty=ssh ruser= rhost=43.255.190.135  user=root
Apr 11 12:58:09 ovzhost sshd[991]: message repeated 2 times: [ Failed password for root from 221.229.166.254 port 53648 ssh2]
Apr 11 12:58:09 ovzhost sshd[991]: Received disconnect from 221.229.166.254: 11:  [preauth]
Apr 11 12:58:09 ovzhost sshd[991]: PAM 2 more authentication failures; logname= uid=0 euid=0 tty=ssh ruser= rhost=221.229.166.254  user=root
Apr 11 12:58:10 ovzhost sshd[995]: message repeated 2 times: [ Failed password for root from 43.255.190.190 port 41427 ssh2]
Apr 11 12:58:10 ovzhost sshd[995]: Received disconnect from 43.255.190.190: 11:  [preauth]
Apr 11 12:58:10 ovzhost sshd[995]: PAM 2 more authentication failures; logname= uid=0 euid=0 tty=ssh ruser= rhost=43.255.190.190  user=root
Apr 11 12:58:10 ovzhost sshd[998]: Failed password for root from 43.255.190.135 port 38495 ssh2
Apr 11 12:58:10 ovzhost sshd[1000]: pam_unix(sshd:auth): authentication failure; logname= uid=0 euid=0 tty=ssh ruser= rhost=43.255.190.190  user=root
Apr 11 12:58:13 ovzhost sshd[1000]: Failed password for root from 43.255.190.190 port 55853 ssh2
Apr 11 12:58:13 ovzhost sshd[1002]: pam_unix(sshd:auth): authentication failure; logname= uid=0 euid=0 tty=ssh ruser= rhost=221.229.166.254  user=root
Apr 11 12:58:14 ovzhost sshd[998]: message repeated 2 times: [ Failed password for root from 43.255.190.135 port 38495 ssh2]
Apr 11 12:58:14 ovzhost sshd[998]: Received disconnect from 43.255.190.135: 11:  [preauth]
Apr 11 12:58:14 ovzhost sshd[998]: PAM 2 more authentication failures; logname= uid=0 euid=0 tty=ssh ruser= rhost=43.255.190.135  user=root
Apr 11 12:58:15 ovzhost sshd[1002]: Failed password for root from 221.229.166.254 port 58582 ssh2
Apr 11 12:58:15 ovzhost sshd[1004]: pam_unix(sshd:auth): authentication failure; logname= uid=0 euid=0 tty=ssh ruser= rhost=43.255.190.135  user=root
Apr 11 12:58:16 ovzhost sshd[1000]: message repeated 2 times: [ Failed password for root from 43.255.190.190 port 55853 ssh2]
Apr 11 12:58:16 ovzhost sshd[1000]: Received disconnect from 43.255.190.190: 11:  [preauth]
Apr 11 12:58:16 ovzhost sshd[1000]: PAM 2 more authentication failures; logname= uid=0 euid=0 tty=ssh ruser= rhost=43.255.190.190  user=root
Apr 11 12:58:17 ovzhost sshd[1004]: Failed password for root from 43.255.190.135 port 50071 ssh2
Apr 11 12:58:20 ovzhost sshd[1006]: pam_unix(sshd:auth): authentication failure; logname= uid=0 euid=0 tty=ssh ruser= rhost=43.255.190.190  user=root
Apr 11 12:58:20 ovzhost sshd[1002]: message repeated 2 times: [ Failed password for root from 221.229.166.254 port 58582 ssh2]
Apr 11 12:58:21 ovzhost sshd[1002]: Received disconnect from 221.229.166.254: 11:  [preauth]
Apr 11 12:58:21 ovzhost sshd[1002]: PAM 2 more authentication failures; logname= uid=0 euid=0 tty=ssh ruser= rhost=221.229.166.254  user=root
Apr 11 12:58:22 ovzhost sshd[1004]: message repeated 2 times: [ Failed password for root from 43.255.190.135 port 50071 ssh2]
Apr 11 12:58:22 ovzhost sshd[1004]: Received disconnect from 43.255.190.135: 11:  [preauth]
Apr 11 12:58:22 ovzhost sshd[1004]: PAM 2 more authentication failures; logname= uid=0 euid=0 tty=ssh ruser= rhost=43.255.190.135  user=root
Apr 11 12:58:22 ovzhost sshd[1010]: pam_unix(sshd:auth): authentication failure; logname= uid=0 euid=0 tty=ssh ruser= rhost=43.255.190.135  user=root
Apr 11 12:58:22 ovzhost sshd[1006]: Failed password for root from 43.255.190.190 port 40817 ssh2
Apr 11 12:58:24 ovzhost sshd[1010]: Failed password for root from 43.255.190.135 port 33468 ssh2
Apr 11 12:58:26 ovzhost sshd[1006]: message repeated 2 times: [ Failed password for root from 43.255.190.190 port 40817 ssh2]
Apr 11 12:58:26 ovzhost sshd[1006]: Received disconnect from 43.255.190.190: 11:  [preauth]
Apr 11 12:58:26 ovzhost sshd[1006]: PAM 2 more authentication failures; logname= uid=0 euid=0 tty=ssh ruser= rhost=43.255.190.190  user=root
Apr 11 12:58:27 ovzhost sshd[1014]: pam_unix(sshd:auth): authentication failure; logname= uid=0 euid=0 tty=ssh ruser= rhost=43.255.190.190  user=root
Apr 11 12:58:28 ovzhost sshd[1010]: message repeated 2 times: [ Failed password for root from 43.255.190.135 port 33468 ssh2]
Apr 11 12:58:28 ovzhost sshd[1010]: Received disconnect from 43.255.190.135: 11:  [preauth]
Apr 11 12:58:28 ovzhost sshd[1010]: PAM 2 more authentication failures; logname= uid=0 euid=0 tty=ssh ruser= rhost=43.255.190.135  user=root
Apr 11 12:58:29 ovzhost sshd[1016]: pam_unix(sshd:auth): authentication failure; logname= uid=0 euid=0 tty=ssh ruser= rhost=43.255.190.135  user=root
Apr 11 12:58:29 ovzhost sshd[1014]: Failed password for root from 43.255.190.190 port 59658 ssh2
Apr 11 12:58:29 ovzhost sshd[1012]: pam_unix(sshd:auth): authentication failure; logname= uid=0 euid=0 tty=ssh ruser= rhost=221.229.166.254  user=root
Apr 11 12:58:31 ovzhost sshd[1016]: Failed password for root from 43.255.190.135 port 44361 ssh2
Apr 11 12:58:32 ovzhost sshd[1012]: Failed password for root from 221.229.166.254 port 35872 ssh2
Apr 11 12:58:34 ovzhost sshd[1014]: message repeated 2 times: [ Failed password for root from 43.255.190.190 port 59658 ssh2]
Apr 11 12:58:34 ovzhost sshd[1014]: Received disconnect from 43.255.190.190: 11:  [preauth]
Apr 11 12:58:34 ovzhost sshd[1014]: PAM 2 more authentication failures; logname= uid=0 euid=0 tty=ssh ruser= rhost=43.255.190.190  user=root
Apr 11 12:58:35 ovzhost sshd[1018]: pam_unix(sshd:auth): authentication failure; logname= uid=0 euid=0 tty=ssh ruser= rhost=43.255.190.190  user=root
Apr 11 12:58:35 ovzhost sshd[1016]: message repeated 2 times: [ Failed password for root from 43.255.190.135 port 44361 ssh2]
Apr 11 12:58:35 ovzhost sshd[1016]: Received disconnect from 43.255.190.135: 11:  [preauth]
Apr 11 12:58:35 ovzhost sshd[1016]: PAM 2 more authentication failures; logname= uid=0 euid=0 tty=ssh ruser= rhost=43.255.190.135  user=root
Apr 11 12:58:36 ovzhost sshd[1020]: pam_unix(sshd:auth): authentication failure; logname= uid=0 euid=0 tty=ssh ruser= rhost=43.255.190.135  user=root
Apr 11 12:58:36 ovzhost sshd[1022]: reverse mapping checking getaddrinfo for 153-127-166-207-ptr.centennialpr.net [207.166.127.153] failed - POSSIBLE BREAK-IN ATTEMPT!
Apr 11 12:58:36 ovzhost sshd[1022]: Invalid user data from 207.166.127.153
Apr 11 12:58:36 ovzhost sshd[1022]: input_userauth_request: invalid user data [preauth]
Apr 11 12:58:36 ovzhost sshd[1022]: pam_unix(sshd:auth): check pass; user unknown
Apr 11 12:58:36 ovzhost sshd[1022]: pam_unix(sshd:auth): authentication failure; logname= uid=0 euid=0 tty=ssh ruser= rhost=207.166.127.153 
Apr 11 12:58:37 ovzhost sshd[1018]: Failed password for root from 43.255.190.190 port 48963 ssh2
Apr 11 12:58:37 ovzhost sshd[1012]: message repeated 2 times: [ Failed password for root from 221.229.166.254 port 35872 ssh2]
Apr 11 12:58:37 ovzhost sshd[1012]: Received disconnect from 221.229.166.254: 11:  [preauth]
Apr 11 12:58:37 ovzhost sshd[1012]: PAM 2 more authentication failures; logname= uid=0 euid=0 tty=ssh ruser= rhost=221.229.166.254  user=root
Apr 11 12:58:38 ovzhost sshd[1020]: Failed password for root from 43.255.190.135 port 58762 ssh2
Apr 11 12:58:38 ovzhost sshd[1022]: Failed password for invalid user data from 207.166.127.153 port 46476 ssh2
Apr 11 12:58:38 ovzhost sshd[1022]: Connection closed by 207.166.127.153 [preauth]
Apr 11 12:58:42 ovzhost sshd[1018]: message repeated 2 times: [ Failed password for root from 43.255.190.190 port 48963 ssh2]
Apr 11 12:58:42 ovzhost sshd[1018]: Received disconnect from 43.255.190.190: 11:  [preauth]
Apr 11 12:58:42 ovzhost sshd[1018]: PAM 2 more authentication failures; logname= uid=0 euid=0 tty=ssh ruser= rhost=43.255.190.190  user=root
Apr 11 12:58:42 ovzhost sshd[1020]: message repeated 2 times: [ Failed password for root from 43.255.190.135 port 58762 ssh2]
Apr 11 12:58:42 ovzhost sshd[1020]: Received disconnect from 43.255.190.135: 11:  [preauth]
Apr 11 12:58:42 ovzhost sshd[1020]: PAM 2 more authentication failures; logname= uid=0 euid=0 tty=ssh ruser= rhost=43.255.190.135  user=root
Apr 11 12:58:43 ovzhost sshd[1026]: pam_unix(sshd:auth): authentication failure; logname= uid=0 euid=0 tty=ssh ruser= rhost=43.255.190.190  user=root
Apr 11 12:58:44 ovzhost sshd[1028]: pam_unix(sshd:auth): authentication failure; logname= uid=0 euid=0 tty=ssh ruser= rhost=43.255.190.135  user=root
Apr 11 12:58:45 ovzhost sshd[1026]: Failed password for root from 43.255.190.190 port 38140 ssh2
Apr 11 12:58:46 ovzhost sshd[1028]: Failed password for root from 43.255.190.135 port 45582 ssh2
Apr 11 12:58:49 ovzhost sshd[1026]: message repeated 2 times: [ Failed password for root from 43.255.190.190 port 38140 ssh2]
Apr 11 12:58:49 ovzhost sshd[1026]: Received disconnect from 43.255.190.190: 11:  [preauth]
Apr 11 12:58:49 ovzhost sshd[1026]: PAM 2 more authentication failures; logname= uid=0 euid=0 tty=ssh ruser= rhost=43.255.190.190  user=root
Apr 11 12:58:49 ovzhost sshd[1028]: message repeated 2 times: [ Failed password for root from 43.255.190.135 port 45582 ssh2]
Apr 11 12:58:49 ovzhost sshd[1028]: Received disconnect from 43.255.190.135: 11:  [preauth]
Apr 11 12:58:49 ovzhost sshd[1028]: PAM 2 more authentication failures; logname= uid=0 euid=0 tty=ssh ruser= rhost=43.255.190.135  user=root
Apr 11 12:58:50 ovzhost sshd[1030]: pam_unix(sshd:auth): authentication failure; logname= uid=0 euid=0 tty=ssh ruser= rhost=43.255.190.190  user=root
Apr 11 12:58:50 ovzhost sshd[1032]: pam_unix(sshd:auth): authentication failure; logname= uid=0 euid=0 tty=ssh ruser= rhost=43.255.190.135  user=root
Apr 11 12:58:52 ovzhost sshd[1030]: Failed password for root from 43.255.190.190 port 54207 ssh2
Apr 11 12:58:52 ovzhost sshd[1032]: Failed password for root from 43.255.190.135 port 58910 ssh2
Apr 11 12:58:56 ovzhost sshd[1030]: message repeated 2 times: [ Failed password for root from 43.255.190.190 port 54207 ssh2]
Apr 11 12:58:56 ovzhost sshd[1030]: Received disconnect from 43.255.190.190: 11:  [preauth]
Apr 11 12:58:56 ovzhost sshd[1030]: PAM 2 more authentication failures; logname= uid=0 euid=0 tty=ssh ruser= rhost=43.255.190.190  user=root
Apr 11 12:58:57 ovzhost sshd[1032]: message repeated 2 times: [ Failed password for root from 43.255.190.135 port 58910 ssh2]
Apr 11 12:58:57 ovzhost sshd[1032]: Received disconnect from 43.255.190.135: 11:  [preauth]
Apr 11 12:58:57 ovzhost sshd[1032]: PAM 2 more authentication failures; logname= uid=0 euid=0 tty=ssh ruser= rhost=43.255.190.135  user=root
Apr 11 12:58:57 ovzhost sshd[1036]: pam_unix(sshd:auth): authentication failure; logname= uid=0 euid=0 tty=ssh ruser= rhost=43.255.190.135  user=root
Apr 11 12:58:58 ovzhost sshd[1034]: pam_unix(sshd:auth): authentication failure; logname= uid=0 euid=0 tty=ssh ruser= rhost=43.255.190.190  user=root
Apr 11 12:58:59 ovzhost sshd[1036]: Failed password for root from 43.255.190.135 port 41358 ssh2
Apr 11 12:59:00 ovzhost sshd[1034]: Failed password for root from 43.255.190.190 port 38769 ssh2
Apr 11 12:59:03 ovzhost sshd[1036]: message repeated 2 times: [ Failed password for root from 43.255.190.135 port 41358 ssh2]
Apr 11 12:59:03 ovzhost sshd[1036]: Received disconnect from 43.255.190.135: 11:  [preauth]
Apr 11 12:59:03 ovzhost sshd[1036]: PAM 2 more authentication failures; logname= uid=0 euid=0 tty=ssh ruser= rhost=43.255.190.135  user=root
Apr 11 12:59:03 ovzhost sshd[1034]: message repeated 2 times: [ Failed password for root from 43.255.190.190 port 38769 ssh2]
Apr 11 12:59:03 ovzhost sshd[1034]: Received disconnect from 43.255.190.190: 11:  [preauth]
Apr 11 12:59:03 ovzhost sshd[1034]: PAM 2 more authentication failures; logname= uid=0 euid=0 tty=ssh ruser= rhost=43.255.190.190  user=root
Apr 11 12:59:04 ovzhost sshd[1038]: pam_unix(sshd:auth): authentication failure; logname= uid=0 euid=0 tty=ssh ruser= rhost=43.255.190.135  user=root
Apr 11 12:59:04 ovzhost sshd[1040]: pam_unix(sshd:auth): authentication failure; logname= uid=0 euid=0 tty=ssh ruser= rhost=43.255.190.190  user=root
Apr 11 12:59:06 ovzhost sshd[1038]: Failed password for root from 43.255.190.135 port 51810 ssh2
Apr 11 12:59:07 ovzhost sshd[1040]: Failed password for root from 43.255.190.190 port 51041 ssh2
Apr 11 12:59:09 ovzhost sshd[1038]: message repeated 2 times: [ Failed password for root from 43.255.190.135 port 51810 ssh2]
Apr 11 12:59:09 ovzhost sshd[1038]: Received disconnect from 43.255.190.135: 11:  [preauth]
Apr 11 12:59:09 ovzhost sshd[1038]: PAM 2 more authentication failures; logname= uid=0 euid=0 tty=ssh ruser= rhost=43.255.190.135  user=root
Apr 11 12:59:10 ovzhost sshd[1040]: message repeated 2 times: [ Failed password for root from 43.255.190.190 port 51041 ssh2]
Apr 11 12:59:10 ovzhost sshd[1040]: Received disconnect from 43.255.190.190: 11:  [preauth]
Apr 11 12:59:10 ovzhost sshd[1040]: PAM 2 more authentication failures; logname= uid=0 euid=0 tty=ssh ruser= rhost=43.255.190.190  user=root
Apr 11 12:59:11 ovzhost sshd[1046]: pam_unix(sshd:auth): authentication failure; logname= uid=0 euid=0 tty=ssh ruser= rhost=43.255.190.135  user=root
Apr 11 12:59:11 ovzhost sshd[1048]: pam_unix(sshd:auth): authentication failure; logname= uid=0 euid=0 tty=ssh ruser= rhost=43.255.190.190  user=root
Apr 11 12:59:13 ovzhost sshd[1046]: Failed password for root from 43.255.190.135 port 33885 ssh2
Apr 11 12:59:13 ovzhost sshd[1048]: Failed password for root from 43.255.190.190 port 36105 ssh2
Apr 11 12:59:17 ovzhost sshd[1046]: message repeated 2 times: [ Failed password for root from 43.255.190.135 port 33885 ssh2]
Apr 11 12:59:17 ovzhost sshd[1046]: Received disconnect from 43.255.190.135: 11:  [preauth]
Apr 11 12:59:17 ovzhost sshd[1046]: PAM 2 more authentication failures; logname= uid=0 euid=0 tty=ssh ruser= rhost=43.255.190.135  user=root
Apr 11 12:59:17 ovzhost sshd[1048]: message repeated 2 times: [ Failed password for root from 43.255.190.190 port 36105 ssh2]
Apr 11 12:59:18 ovzhost sshd[1048]: Received disconnect from 43.255.190.190: 11:  [preauth]
Apr 11 12:59:18 ovzhost sshd[1048]: PAM 2 more authentication failures; logname= uid=0 euid=0 tty=ssh ruser= rhost=43.255.190.190  user=root
Apr 11 12:59:18 ovzhost sshd[1050]: pam_unix(sshd:auth): authentication failure; logname= uid=0 euid=0 tty=ssh ruser= rhost=43.255.190.135  user=root
Apr 11 12:59:18 ovzhost sshd[1052]: pam_unix(sshd:auth): authentication failure; logname= uid=0 euid=0 tty=ssh ruser= rhost=43.255.190.190  user=root
Apr 11 12:59:20 ovzhost sshd[1050]: Failed password for root from 43.255.190.135 port 46062 ssh2
Apr 11 12:59:20 ovzhost sshd[1052]: Failed password for root from 43.255.190.190 port 48546 ssh2
Apr 11 12:59:23 ovzhost sshd[1050]: message repeated 2 times: [ Failed password for root from 43.255.190.135 port 46062 ssh2]
Apr 11 12:59:23 ovzhost sshd[1050]: Received disconnect from 43.255.190.135: 11:  [preauth]
Apr 11 12:59:23 ovzhost sshd[1050]: PAM 2 more authentication failures; logname= uid=0 euid=0 tty=ssh ruser= rhost=43.255.190.135  user=root
Apr 11 12:59:23 ovzhost sshd[1054]: pam_unix(sshd:auth): authentication failure; logname= uid=0 euid=0 tty=ssh ruser= rhost=43.255.190.135  user=root
Apr 11 12:59:24 ovzhost sshd[1052]: message repeated 2 times: [ Failed password for root from 43.255.190.190 port 48546 ssh2]
Apr 11 12:59:24 ovzhost sshd[1052]: Received disconnect from 43.255.190.190: 11:  [preauth]
Apr 11 12:59:24 ovzhost sshd[1052]: PAM 2 more authentication failures; logname= uid=0 euid=0 tty=ssh ruser= rhost=43.255.190.190  user=root
Apr 11 12:59:25 ovzhost sshd[1056]: pam_unix(sshd:auth): authentication failure; logname= uid=0 euid=0 tty=ssh ruser= rhost=43.255.190.190  user=root
Apr 11 12:59:25 ovzhost sshd[1054]: Failed password for root from 43.255.190.135 port 55309 ssh2
Apr 11 12:59:27 ovzhost sshd[1056]: Failed password for root from 43.255.190.190 port 60316 ssh2
Apr 11 12:59:30 ovzhost sshd[1054]: message repeated 2 times: [ Failed password for root from 43.255.190.135 port 55309 ssh2]
Apr 11 12:59:30 ovzhost sshd[1054]: Received disconnect from 43.255.190.135: 11:  [preauth]
Apr 11 12:59:30 ovzhost sshd[1054]: PAM 2 more authentication failures; logname= uid=0 euid=0 tty=ssh ruser= rhost=43.255.190.135  user=root
Apr 11 12:59:30 ovzhost sshd[1058]: pam_unix(sshd:auth): authentication failure; logname= uid=0 euid=0 tty=ssh ruser= rhost=43.255.190.135  user=root
Apr 11 12:59:31 ovzhost sshd[1056]: message repeated 2 times: [ Failed password for root from 43.255.190.190 port 60316 ssh2]
Apr 11 12:59:32 ovzhost sshd[1056]: Received disconnect from 43.255.190.190: 11:  [preauth]
Apr 11 12:59:32 ovzhost sshd[1056]: PAM 2 more authentication failures; logname= uid=0 euid=0 tty=ssh ruser= rhost=43.255.190.190  user=root
Apr 11 12:59:32 ovzhost sshd[1058]: Failed password for root from 43.255.190.135 port 40682 ssh2
Apr 11 12:59:36 ovzhost sshd[1058]: message repeated 2 times: [ Failed password for root from 43.255.190.135 port 40682 ssh2]
Apr 11 12:59:36 ovzhost sshd[1058]: Received disconnect from 43.255.190.135: 11:  [preauth]
Apr 11 12:59:36 ovzhost sshd[1058]: PAM 2 more authentication failures; logname= uid=0 euid=0 tty=ssh ruser= rhost=43.255.190.135  user=root
Apr 11 12:59:36 ovzhost sshd[1062]: pam_unix(sshd:auth): authentication failure; logname= uid=0 euid=0 tty=ssh ruser= rhost=43.255.190.135  user=root
Apr 11 12:59:36 ovzhost sshd[1060]: pam_unix(sshd:auth): authentication failure; logname= uid=0 euid=0 tty=ssh ruser= rhost=43.255.190.190  user=root
Apr 11 12:59:39 ovzhost sshd[1062]: Failed password for root from 43.255.190.135 port 52659 ssh2
Apr 11 12:59:39 ovzhost sshd[1060]: Failed password for root from 43.255.190.190 port 50325 ssh2
Apr 11 12:59:42 ovzhost sshd[1062]: message repeated 2 times: [ Failed password for root from 43.255.190.135 port 52659 ssh2]
Apr 11 12:59:42 ovzhost sshd[1062]: Received disconnect from 43.255.190.135: 11:  [preauth]
Apr 11 12:59:42 ovzhost sshd[1062]: PAM 2 more authentication failures; logname= uid=0 euid=0 tty=ssh ruser= rhost=43.255.190.135  user=root
Apr 11 12:59:43 ovzhost sshd[1065]: pam_unix(sshd:auth): authentication failure; logname= uid=0 euid=0 tty=ssh ruser= rhost=43.255.190.135  user=root
Apr 11 12:59:43 ovzhost sshd[1060]: message repeated 2 times: [ Failed password for root from 43.255.190.190 port 50325 ssh2]
Apr 11 12:59:43 ovzhost sshd[1060]: Received disconnect from 43.255.190.190: 11:  [preauth]
Apr 11 12:59:43 ovzhost sshd[1060]: PAM 2 more authentication failures; logname= uid=0 euid=0 tty=ssh ruser= rhost=43.255.190.190  user=root
Apr 11 12:59:44 ovzhost sshd[1067]: pam_unix(sshd:auth): authentication failure; logname= uid=0 euid=0 tty=ssh ruser= rhost=43.255.190.190  user=root
Apr 11 12:59:44 ovzhost sshd[1065]: Failed password for root from 43.255.190.135 port 37619 ssh2
Apr 11 12:59:45 ovzhost sshd[1067]: Failed password for root from 43.255.190.190 port 48415 ssh2
Apr 11 12:59:48 ovzhost sshd[1065]: message repeated 2 times: [ Failed password for root from 43.255.190.135 port 37619 ssh2]
Apr 11 12:59:48 ovzhost sshd[1065]: Received disconnect from 43.255.190.135: 11:  [preauth]
Apr 11 12:59:48 ovzhost sshd[1065]: PAM 2 more authentication failures; logname= uid=0 euid=0 tty=ssh ruser= rhost=43.255.190.135  user=root
Apr 11 12:59:49 ovzhost sshd[1067]: message repeated 2 times: [ Failed password for root from 43.255.190.190 port 48415 ssh2]
Apr 11 12:59:49 ovzhost sshd[1067]: Received disconnect from 43.255.190.190: 11:  [preauth]
Apr 11 12:59:49 ovzhost sshd[1067]: PAM 2 more authentication failures; logname= uid=0 euid=0 tty=ssh ruser= rhost=43.255.190.190  user=root
Apr 11 12:59:49 ovzhost sshd[1069]: pam_unix(sshd:auth): authentication failure; logname= uid=0 euid=0 tty=ssh ruser= rhost=43.255.190.135  user=root
Apr 11 12:59:49 ovzhost sshd[1071]: pam_unix(sshd:auth): authentication failure; logname= uid=0 euid=0 tty=ssh ruser= rhost=43.255.190.190  user=root
Apr 11 12:59:51 ovzhost sshd[1069]: Failed password for root from 43.255.190.135 port 50689 ssh2
Apr 11 12:59:51 ovzhost sshd[1071]: Failed password for root from 43.255.190.190 port 35534 ssh2
Apr 11 12:59:55 ovzhost sshd[1069]: message repeated 2 times: [ Failed password for root from 43.255.190.135 port 50689 ssh2]
Apr 11 12:59:55 ovzhost sshd[1069]: Received disconnect from 43.255.190.135: 11:  [preauth]
Apr 11 12:59:55 ovzhost sshd[1069]: PAM 2 more authentication failures; logname= uid=0 euid=0 tty=ssh ruser= rhost=43.255.190.135  user=root
Apr 11 12:59:55 ovzhost sshd[1071]: message repeated 2 times: [ Failed password for root from 43.255.190.190 port 35534 ssh2]
Apr 11 12:59:55 ovzhost sshd[1071]: Received disconnect from 43.255.190.190: 11:  [preauth]
Apr 11 12:59:55 ovzhost sshd[1071]: PAM 2 more authentication failures; logname= uid=0 euid=0 tty=ssh ruser= rhost=43.255.190.190  user=root
Apr 11 12:59:56 ovzhost sshd[1073]: pam_unix(sshd:auth): authentication failure; logname= uid=0 euid=0 tty=ssh ruser= rhost=43.255.190.135  user=root
Apr 11 12:59:56 ovzhost sshd[1075]: pam_unix(sshd:auth): authentication failure; logname= uid=0 euid=0 tty=ssh ruser= rhost=43.255.190.190  user=root
Apr 11 12:59:57 ovzhost sshd[1073]: Failed password for root from 43.255.190.135 port 36500 ssh2
Apr 11 12:59:57 ovzhost sshd[1075]: Failed password for root from 43.255.190.190 port 50731 ssh2
Apr 11 13:00:01 ovzhost CRON[1077]: pam_env(cron:session): Unable to open env file: /etc/default/locale: No such file or directory
Apr 11 13:00:01 ovzhost CRON[1077]: pam_unix(cron:session): session opened for user smmsp by (uid=0)
Apr 11 13:00:01 ovzhost CRON[1077]: pam_unix(cron:session): session closed for user smmsp
Apr 11 13:00:02 ovzhost sshd[1075]: message repeated 2 times: [ Failed password for root from 43.255.190.190 port 50731 ssh2]
Apr 11 13:00:02 ovzhost sshd[1075]: Received disconnect from 43.255.190.190: 11:  [preauth]
Apr 11 13:00:02 ovzhost sshd[1075]: PAM 2 more authentication failures; logname= uid=0 euid=0 tty=ssh ruser= rhost=43.255.190.190  user=root
Apr 11 13:00:02 ovzhost sshd[1073]: message repeated 2 times: [ Failed password for root from 43.255.190.135 port 36500 ssh2]
Apr 11 13:00:02 ovzhost sshd[1073]: Received disconnect from 43.255.190.135: 11:  [preauth]
Apr 11 13:00:02 ovzhost sshd[1073]: PAM 2 more authentication failures; logname= uid=0 euid=0 tty=ssh ruser= rhost=43.255.190.135  user=root
Apr 11 13:00:03 ovzhost sshd[1103]: pam_unix(sshd:auth): authentication failure; logname= uid=0 euid=0 tty=ssh ruser= rhost=43.255.190.190  user=root
Apr 11 13:00:03 ovzhost sshd[1105]: pam_unix(sshd:auth): authentication failure; logname= uid=0 euid=0 tty=ssh ruser= rhost=43.255.190.135  user=root
Apr 11 13:00:04 ovzhost sshd[1103]: Failed password for root from 43.255.190.190 port 38601 ssh2
Apr 11 13:00:04 ovzhost sshd[1105]: Failed password for root from 43.255.190.135 port 50571 ssh2
Apr 11 13:00:08 ovzhost sshd[1103]: message repeated 2 times: [ Failed password for root from 43.255.190.190 port 38601 ssh2]
Apr 11 13:00:08 ovzhost sshd[1103]: Received disconnect from 43.255.190.190: 11:  [preauth]
Apr 11 13:00:08 ovzhost sshd[1103]: PAM 2 more authentication failures; logname= uid=0 euid=0 tty=ssh ruser= rhost=43.255.190.190  user=root
Apr 11 13:00:08 ovzhost sshd[1105]: message repeated 2 times: [ Failed password for root from 43.255.190.135 port 50571 ssh2]
Apr 11 13:00:09 ovzhost sshd[1105]: Received disconnect from 43.255.190.135: 11:  [preauth]
Apr 11 13:00:09 ovzhost sshd[1105]: PAM 2 more authentication failures; logname= uid=0 euid=0 tty=ssh ruser= rhost=43.255.190.135  user=root
Apr 11 13:00:09 ovzhost sshd[1108]: pam_unix(sshd:auth): authentication failure; logname= uid=0 euid=0 tty=ssh ruser= rhost=43.255.190.190  user=root
Apr 11 13:00:09 ovzhost sshd[1110]: pam_unix(sshd:auth): authentication failure; logname= uid=0 euid=0 tty=ssh ruser= rhost=43.255.190.135  user=root
Apr 11 13:00:11 ovzhost sshd[1108]: Failed password for root from 43.255.190.190 port 51124 ssh2
Apr 11 13:00:11 ovzhost sshd[1110]: Failed password for root from 43.255.190.135 port 34090 ssh2
Apr 11 13:00:15 ovzhost sshd[1108]: message repeated 2 times: [ Failed password for root from 43.255.190.190 port 51124 ssh2]
Apr 11 13:00:15 ovzhost sshd[1108]: Received disconnect from 43.255.190.190: 11:  [preauth]
Apr 11 13:00:15 ovzhost sshd[1108]: PAM 2 more authentication failures; logname= uid=0 euid=0 tty=ssh ruser= rhost=43.255.190.190  user=root
Apr 11 13:00:16 ovzhost sshd[1110]: message repeated 2 times: [ Failed password for root from 43.255.190.135 port 34090 ssh2]
Apr 11 13:00:16 ovzhost sshd[1110]: Received disconnect from 43.255.190.135: 11:  [preauth]
Apr 11 13:00:16 ovzhost sshd[1110]: PAM 2 more authentication failures; logname= uid=0 euid=0 tty=ssh ruser= rhost=43.255.190.135  user=root
Apr 11 13:00:16 ovzhost sshd[1112]: pam_unix(sshd:auth): authentication failure; logname= uid=0 euid=0 tty=ssh ruser= rhost=43.255.190.190  user=root
Apr 11 13:00:16 ovzhost sshd[1114]: pam_unix(sshd:auth): authentication failure; logname= uid=0 euid=0 tty=ssh ruser= rhost=43.255.190.135  user=root
Apr 11 13:00:18 ovzhost sshd[1112]: Failed password for root from 43.255.190.190 port 34712 ssh2
Apr 11 13:00:18 ovzhost sshd[1114]: Failed password for root from 43.255.190.135 port 46066 ssh2
Apr 11 13:00:22 ovzhost sshd[1114]: message repeated 2 times: [ Failed password for root from 43.255.190.135 port 46066 ssh2]
Apr 11 13:00:22 ovzhost sshd[1114]: Received disconnect from 43.255.190.135: 11:  [preauth]
Apr 11 13:00:22 ovzhost sshd[1114]: PAM 2 more authentication failures; logname= uid=0 euid=0 tty=ssh ruser= rhost=43.255.190.135  user=root
Apr 11 13:00:21 ovzhost sshd[1112]: message repeated 2 times: [ Failed password for root from 43.255.190.190 port 34712 ssh2]
Apr 11 13:00:22 ovzhost sshd[1112]: Received disconnect from 43.255.190.190: 11:  [preauth]
Apr 11 13:00:22 ovzhost sshd[1112]: PAM 2 more authentication failures; logname= uid=0 euid=0 tty=ssh ruser= rhost=43.255.190.190  user=root
Apr 11 13:00:24 ovzhost sshd[1118]: pam_unix(sshd:auth): authentication failure; logname= uid=0 euid=0 tty=ssh ruser= rhost=43.255.190.190  user=root
Apr 11 13:00:25 ovzhost sshd[1116]: pam_unix(sshd:auth): authentication failure; logname= uid=0 euid=0 tty=ssh ruser= rhost=43.255.190.135  user=root
Apr 11 13:00:26 ovzhost sshd[1118]: Failed password for root from 43.255.190.190 port 47323 ssh2
Apr 11 13:00:27 ovzhost sshd[1116]: Failed password for root from 43.255.190.135 port 56434 ssh2
