Apr 11 13:05:25 ovzhost sshd[1304]: pam_unix(sshd:auth): authentication failure; logname= uid=0 euid=0 tty=ssh ruser= rhost=43.255.190.135  user=root
Apr 11 13:05:26 ovzhost sshd[1304]: Failed password for root from 43.255.190.135 port 53589 ssh2
Apr 11 13:05:30 ovzhost sshd[1304]: message repeated 2 times: [ Failed password for root from 43.255.190.135 port 53589 ssh2]
Apr 11 13:05:30 ovzhost sshd[1304]: Received disconnect from 43.255.190.135: 11:  [preauth]
Apr 11 13:05:30 ovzhost sshd[1304]: PAM 2 more authentication failures; logname= uid=0 euid=0 tty=ssh ruser= rhost=43.255.190.135  user=root
Apr 11 13:05:31 ovzhost sshd[1306]: pam_unix(sshd:auth): authentication failure; logname= uid=0 euid=0 tty=ssh ruser= rhost=43.255.190.135  user=root
Apr 11 13:05:33 ovzhost sshd[1306]: Failed password for root from 43.255.190.135 port 40725 ssh2
Apr 11 13:05:36 ovzhost sshd[1306]: message repeated 2 times: [ Failed password for root from 43.255.190.135 port 40725 ssh2]
Apr 11 13:05:37 ovzhost sshd[1306]: Received disconnect from 43.255.190.135: 11:  [preauth]
Apr 11 13:05:37 ovzhost sshd[1306]: PAM 2 more authentication failures; logname= uid=0 euid=0 tty=ssh ruser= rhost=43.255.190.135  user=root
Apr 11 13:05:37 ovzhost sshd[1308]: pam_unix(sshd:auth): authentication failure; logname= uid=0 euid=0 tty=ssh ruser= rhost=43.255.190.135  user=root
Apr 11 13:05:39 ovzhost sshd[1308]: Failed password for root from 43.255.190.135 port 54255 ssh2
Apr 11 13:05:44 ovzhost sshd[1308]: message repeated 2 times: [ Failed password for root from 43.255.190.135 port 54255 ssh2]
Apr 11 13:05:44 ovzhost sshd[1308]: Received disconnect from 43.255.190.135: 11:  [preauth]
Apr 11 13:05:44 ovzhost sshd[1308]: PAM 2 more authentication failures; logname= uid=0 euid=0 tty=ssh ruser= rhost=43.255.190.135  user=root
Apr 11 13:07:07 ovzhost sshd[1318]: Connection closed by 127.0.0.1 [preauth]
Apr 11 13:07:14 ovzhost sshd[1320]: Invalid user ubnt from 49.236.204.181
Apr 11 13:07:14 ovzhost sshd[1320]: input_userauth_request: invalid user ubnt [preauth]
Apr 11 13:07:14 ovzhost sshd[1320]: pam_unix(sshd:auth): check pass; user unknown
Apr 11 13:07:14 ovzhost sshd[1320]: pam_unix(sshd:auth): authentication failure; logname= uid=0 euid=0 tty=ssh ruser= rhost=49.236.204.181 
Apr 11 13:07:15 ovzhost sshd[1320]: Failed password for invalid user ubnt from 49.236.204.181 port 4520 ssh2
Apr 11 13:07:15 ovzhost sshd[1320]: Received disconnect from 49.236.204.181: 11: Bye Bye [preauth]
Apr 11 13:07:18 ovzhost sshd[1323]: pam_unix(sshd:auth): authentication failure; logname= uid=0 euid=0 tty=ssh ruser= rhost=49.236.204.181  user=root
Apr 11 13:07:20 ovzhost sshd[1323]: Failed password for root from 49.236.204.181 port 3650 ssh2
Apr 11 13:07:20 ovzhost sshd[1323]: Received disconnect from 49.236.204.181: 11: Bye Bye [preauth]
Apr 11 13:07:22 ovzhost sshd[1325]: Invalid user admin from 49.236.204.181
Apr 11 13:07:22 ovzhost sshd[1325]: input_userauth_request: invalid user admin [preauth]
Apr 11 13:07:22 ovzhost sshd[1325]: pam_unix(sshd:auth): check pass; user unknown
Apr 11 13:07:22 ovzhost sshd[1325]: pam_unix(sshd:auth): authentication failure; logname= uid=0 euid=0 tty=ssh ruser= rhost=49.236.204.181 
Apr 11 13:07:25 ovzhost sshd[1325]: Failed password for invalid user admin from 49.236.204.181 port 18098 ssh2
Apr 11 13:07:25 ovzhost sshd[1325]: Received disconnect from 49.236.204.181: 11: Bye Bye [preauth]
Apr 11 13:09:01 ovzhost CRON[1334]: pam_env(cron:session): Unable to open env file: /etc/default/locale: No such file or directory
Apr 11 13:09:01 ovzhost CRON[1334]: pam_unix(cron:session): session opened for user root by (uid=0)
Apr 11 13:09:01 ovzhost CRON[1333]: pam_env(cron:session): Unable to open env file: /etc/default/locale: No such file or directory
Apr 11 13:09:01 ovzhost CRON[1333]: pam_unix(cron:session): session opened for user root by (uid=0)
Apr 11 13:09:01 ovzhost CRON[1333]: pam_unix(cron:session): session closed for user root
Apr 11 13:09:02 ovzhost CRON[1334]: pam_unix(cron:session): session closed for user root
Apr 11 13:10:39 ovzhost sshd[1354]: Connection closed by 128.8.37.120 [preauth]
Apr 11 13:12:07 ovzhost sshd[1364]: Connection closed by 127.0.0.1 [preauth]
Apr 11 13:15:17 ovzhost sshd[1375]: Invalid user web from 80.242.123.130
Apr 11 13:15:17 ovzhost sshd[1375]: input_userauth_request: invalid user web [preauth]
Apr 11 13:15:17 ovzhost sshd[1375]: pam_unix(sshd:auth): check pass; user unknown
Apr 11 13:15:17 ovzhost sshd[1375]: pam_unix(sshd:auth): authentication failure; logname= uid=0 euid=0 tty=ssh ruser= rhost=130-123-242-80.pppoe.dyn.broadband.blic.net 
Apr 11 13:15:19 ovzhost sshd[1375]: Failed password for invalid user web from 80.242.123.130 port 48854 ssh2
Apr 11 13:15:19 ovzhost sshd[1375]: Received disconnect from 80.242.123.130: 11: Bye Bye [preauth]
Apr 11 13:17:07 ovzhost sshd[1385]: Connection closed by 127.0.0.1 [preauth]
Apr 11 13:20:01 ovzhost CRON[1399]: pam_env(cron:session): Unable to open env file: /etc/default/locale: No such file or directory
Apr 11 13:20:01 ovzhost CRON[1399]: pam_unix(cron:session): session opened for user smmsp by (uid=0)
Apr 11 13:20:01 ovzhost CRON[1399]: pam_unix(cron:session): session closed for user smmsp
Apr 11 13:20:39 ovzhost sshd[1426]: Connection closed by 128.8.37.120 [preauth]
Apr 11 13:20:57 ovzhost sshd[1430]: reverse mapping checking getaddrinfo for 153-127-166-207-ptr.centennialpr.net [207.166.127.153] failed - POSSIBLE BREAK-IN ATTEMPT!
Apr 11 13:20:57 ovzhost sshd[1430]: pam_unix(sshd:auth): authentication failure; logname= uid=0 euid=0 tty=ssh ruser= rhost=207.166.127.153  user=www-data
Apr 11 13:20:58 ovzhost sshd[1430]: Failed password for www-data from 207.166.127.153 port 47213 ssh2
Apr 11 13:20:59 ovzhost sshd[1430]: Connection closed by 207.166.127.153 [preauth]
Apr 11 13:21:25 ovzhost sshd[1434]: pam_unix(sshd:auth): authentication failure; logname= uid=0 euid=0 tty=ssh ruser= rhost=43.255.190.118  user=root
Apr 11 13:21:27 ovzhost sshd[1434]: Failed password for root from 43.255.190.118 port 45044 ssh2
Apr 11 13:21:31 ovzhost sshd[1434]: message repeated 2 times: [ Failed password for root from 43.255.190.118 port 45044 ssh2]
Apr 11 13:21:31 ovzhost sshd[1434]: Received disconnect from 43.255.190.118: 11:  [preauth]
Apr 11 13:21:31 ovzhost sshd[1434]: PAM 2 more authentication failures; logname= uid=0 euid=0 tty=ssh ruser= rhost=43.255.190.118  user=root
Apr 11 13:21:32 ovzhost sshd[1436]: pam_unix(sshd:auth): authentication failure; logname= uid=0 euid=0 tty=ssh ruser= rhost=43.255.190.118  user=root
Apr 11 13:21:34 ovzhost sshd[1436]: Failed password for root from 43.255.190.118 port 60757 ssh2
Apr 11 13:21:38 ovzhost sshd[1436]: message repeated 2 times: [ Failed password for root from 43.255.190.118 port 60757 ssh2]
Apr 11 13:21:38 ovzhost sshd[1436]: Received disconnect from 43.255.190.118: 11:  [preauth]
Apr 11 13:21:38 ovzhost sshd[1436]: PAM 2 more authentication failures; logname= uid=0 euid=0 tty=ssh ruser= rhost=43.255.190.118  user=root
Apr 11 13:21:39 ovzhost sshd[1438]: pam_unix(sshd:auth): authentication failure; logname= uid=0 euid=0 tty=ssh ruser= rhost=43.255.190.118  user=root
Apr 11 13:21:41 ovzhost sshd[1438]: Failed password for root from 43.255.190.118 port 47334 ssh2
Apr 11 13:21:45 ovzhost sshd[1438]: message repeated 2 times: [ Failed password for root from 43.255.190.118 port 47334 ssh2]
Apr 11 13:21:45 ovzhost sshd[1438]: Received disconnect from 43.255.190.118: 11:  [preauth]
Apr 11 13:21:45 ovzhost sshd[1438]: PAM 2 more authentication failures; logname= uid=0 euid=0 tty=ssh ruser= rhost=43.255.190.118  user=root
Apr 11 13:21:46 ovzhost sshd[1442]: pam_unix(sshd:auth): authentication failure; logname= uid=0 euid=0 tty=ssh ruser= rhost=43.255.190.118  user=root
Apr 11 13:21:48 ovzhost sshd[1442]: Failed password for root from 43.255.190.118 port 33316 ssh2
Apr 11 13:21:52 ovzhost sshd[1442]: message repeated 2 times: [ Failed password for root from 43.255.190.118 port 33316 ssh2]
Apr 11 13:21:52 ovzhost sshd[1442]: Received disconnect from 43.255.190.118: 11:  [preauth]
Apr 11 13:21:52 ovzhost sshd[1442]: PAM 2 more authentication failures; logname= uid=0 euid=0 tty=ssh ruser= rhost=43.255.190.118  user=root
Apr 11 13:21:52 ovzhost sshd[1444]: pam_unix(sshd:auth): authentication failure; logname= uid=0 euid=0 tty=ssh ruser= rhost=43.255.190.118  user=root
Apr 11 13:21:54 ovzhost sshd[1444]: Failed password for root from 43.255.190.118 port 45401 ssh2
Apr 11 13:21:59 ovzhost sshd[1444]: message repeated 2 times: [ Failed password for root from 43.255.190.118 port 45401 ssh2]
Apr 11 13:21:59 ovzhost sshd[1444]: Received disconnect from 43.255.190.118: 11:  [preauth]
Apr 11 13:21:59 ovzhost sshd[1444]: PAM 2 more authentication failures; logname= uid=0 euid=0 tty=ssh ruser= rhost=43.255.190.118  user=root
Apr 11 13:21:59 ovzhost sshd[1446]: pam_unix(sshd:auth): authentication failure; logname= uid=0 euid=0 tty=ssh ruser= rhost=43.255.190.118  user=root
Apr 11 13:22:02 ovzhost sshd[1446]: Failed password for root from 43.255.190.118 port 58781 ssh2
Apr 11 13:22:05 ovzhost sshd[1446]: message repeated 2 times: [ Failed password for root from 43.255.190.118 port 58781 ssh2]
Apr 11 13:22:05 ovzhost sshd[1446]: Received disconnect from 43.255.190.118: 11:  [preauth]
Apr 11 13:22:05 ovzhost sshd[1446]: PAM 2 more authentication failures; logname= uid=0 euid=0 tty=ssh ruser= rhost=43.255.190.118  user=root
Apr 11 13:22:06 ovzhost sshd[1449]: pam_unix(sshd:auth): authentication failure; logname= uid=0 euid=0 tty=ssh ruser= rhost=43.255.190.118  user=root
Apr 11 13:22:07 ovzhost sshd[1452]: Connection closed by 127.0.0.1 [preauth]
Apr 11 13:22:08 ovzhost sshd[1449]: Failed password for root from 43.255.190.118 port 42962 ssh2
Apr 11 13:22:13 ovzhost sshd[1449]: message repeated 2 times: [ Failed password for root from 43.255.190.118 port 42962 ssh2]
Apr 11 13:22:13 ovzhost sshd[1449]: Received disconnect from 43.255.190.118: 11:  [preauth]
Apr 11 13:22:13 ovzhost sshd[1449]: PAM 2 more authentication failures; logname= uid=0 euid=0 tty=ssh ruser= rhost=43.255.190.118  user=root
Apr 11 13:22:13 ovzhost sshd[1454]: pam_unix(sshd:auth): authentication failure; logname= uid=0 euid=0 tty=ssh ruser= rhost=43.255.190.118  user=root
Apr 11 13:22:16 ovzhost sshd[1454]: Failed password for root from 43.255.190.118 port 57103 ssh2
Apr 11 13:22:21 ovzhost sshd[1454]: message repeated 2 times: [ Failed password for root from 43.255.190.118 port 57103 ssh2]
Apr 11 13:22:21 ovzhost sshd[1454]: Received disconnect from 43.255.190.118: 11:  [preauth]
Apr 11 13:22:21 ovzhost sshd[1454]: PAM 2 more authentication failures; logname= uid=0 euid=0 tty=ssh ruser= rhost=43.255.190.118  user=root
Apr 11 13:22:23 ovzhost sshd[1457]: pam_unix(sshd:auth): authentication failure; logname= uid=0 euid=0 tty=ssh ruser= rhost=43.255.190.118  user=root
Apr 11 13:22:25 ovzhost sshd[1457]: Failed password for root from 43.255.190.118 port 45648 ssh2
Apr 11 13:22:30 ovzhost sshd[1457]: message repeated 2 times: [ Failed password for root from 43.255.190.118 port 45648 ssh2]
Apr 11 13:22:30 ovzhost sshd[1457]: Received disconnect from 43.255.190.118: 11:  [preauth]
Apr 11 13:22:30 ovzhost sshd[1457]: PAM 2 more authentication failures; logname= uid=0 euid=0 tty=ssh ruser= rhost=43.255.190.118  user=root
Apr 11 13:22:30 ovzhost sshd[1459]: pam_unix(sshd:auth): authentication failure; logname= uid=0 euid=0 tty=ssh ruser= rhost=43.255.190.118  user=root
Apr 11 13:22:33 ovzhost sshd[1459]: Failed password for root from 43.255.190.118 port 36657 ssh2
Apr 11 13:22:37 ovzhost sshd[1459]: message repeated 2 times: [ Failed password for root from 43.255.190.118 port 36657 ssh2]
Apr 11 13:22:37 ovzhost sshd[1459]: Received disconnect from 43.255.190.118: 11:  [preauth]
Apr 11 13:22:37 ovzhost sshd[1459]: PAM 2 more authentication failures; logname= uid=0 euid=0 tty=ssh ruser= rhost=43.255.190.118  user=root
Apr 11 13:22:38 ovzhost sshd[1461]: pam_unix(sshd:auth): authentication failure; logname= uid=0 euid=0 tty=ssh ruser= rhost=43.255.190.118  user=root
Apr 11 13:22:40 ovzhost sshd[1461]: Failed password for root from 43.255.190.118 port 51400 ssh2
Apr 11 13:22:44 ovzhost sshd[1461]: message repeated 2 times: [ Failed password for root from 43.255.190.118 port 51400 ssh2]
Apr 11 13:22:44 ovzhost sshd[1461]: Received disconnect from 43.255.190.118: 11:  [preauth]
Apr 11 13:22:44 ovzhost sshd[1461]: PAM 2 more authentication failures; logname= uid=0 euid=0 tty=ssh ruser= rhost=43.255.190.118  user=root
Apr 11 13:22:45 ovzhost sshd[1463]: pam_unix(sshd:auth): authentication failure; logname= uid=0 euid=0 tty=ssh ruser= rhost=43.255.190.118  user=root
Apr 11 13:22:47 ovzhost sshd[1463]: Failed password for root from 43.255.190.118 port 35125 ssh2
Apr 11 13:22:52 ovzhost sshd[1463]: message repeated 2 times: [ Failed password for root from 43.255.190.118 port 35125 ssh2]
Apr 11 13:22:52 ovzhost sshd[1463]: Received disconnect from 43.255.190.118: 11:  [preauth]
Apr 11 13:22:52 ovzhost sshd[1463]: PAM 2 more authentication failures; logname= uid=0 euid=0 tty=ssh ruser= rhost=43.255.190.118  user=root
Apr 11 13:22:53 ovzhost sshd[1465]: pam_unix(sshd:auth): authentication failure; logname= uid=0 euid=0 tty=ssh ruser= rhost=43.255.190.118  user=root
Apr 11 13:22:55 ovzhost sshd[1465]: Failed password for root from 43.255.190.118 port 49692 ssh2
Apr 11 13:23:00 ovzhost sshd[1465]: message repeated 2 times: [ Failed password for root from 43.255.190.118 port 49692 ssh2]
Apr 11 13:23:00 ovzhost sshd[1465]: Received disconnect from 43.255.190.118: 11:  [preauth]
Apr 11 13:23:00 ovzhost sshd[1465]: PAM 2 more authentication failures; logname= uid=0 euid=0 tty=ssh ruser= rhost=43.255.190.118  user=root
Apr 11 13:23:01 ovzhost sshd[1467]: pam_unix(sshd:auth): authentication failure; logname= uid=0 euid=0 tty=ssh ruser= rhost=43.255.190.118  user=root
Apr 11 13:23:03 ovzhost sshd[1467]: Failed password for root from 43.255.190.118 port 35318 ssh2
Apr 11 13:23:07 ovzhost sshd[1467]: message repeated 2 times: [ Failed password for root from 43.255.190.118 port 35318 ssh2]
Apr 11 13:23:07 ovzhost sshd[1467]: Received disconnect from 43.255.190.118: 11:  [preauth]
Apr 11 13:23:07 ovzhost sshd[1467]: PAM 2 more authentication failures; logname= uid=0 euid=0 tty=ssh ruser= rhost=43.255.190.118  user=root
Apr 11 13:23:08 ovzhost sshd[1470]: pam_unix(sshd:auth): authentication failure; logname= uid=0 euid=0 tty=ssh ruser= rhost=221.229.160.237  user=root
Apr 11 13:23:08 ovzhost sshd[1472]: pam_unix(sshd:auth): authentication failure; logname= uid=0 euid=0 tty=ssh ruser= rhost=43.255.190.118  user=root
Apr 11 13:23:10 ovzhost sshd[1470]: Failed password for root from 221.229.160.237 port 59959 ssh2
Apr 11 13:23:10 ovzhost sshd[1472]: Failed password for root from 43.255.190.118 port 48557 ssh2
Apr 11 13:23:14 ovzhost sshd[1470]: message repeated 2 times: [ Failed password for root from 221.229.160.237 port 59959 ssh2]
Apr 11 13:23:15 ovzhost sshd[1470]: Received disconnect from 221.229.160.237: 11:  [preauth]
Apr 11 13:23:15 ovzhost sshd[1470]: PAM 2 more authentication failures; logname= uid=0 euid=0 tty=ssh ruser= rhost=221.229.160.237  user=root
Apr 11 13:23:15 ovzhost sshd[1472]: message repeated 2 times: [ Failed password for root from 43.255.190.118 port 48557 ssh2]
Apr 11 13:23:15 ovzhost sshd[1472]: Received disconnect from 43.255.190.118: 11:  [preauth]
Apr 11 13:23:15 ovzhost sshd[1472]: PAM 2 more authentication failures; logname= uid=0 euid=0 tty=ssh ruser= rhost=43.255.190.118  user=root
Apr 11 13:23:15 ovzhost sshd[1474]: pam_unix(sshd:auth): authentication failure; logname= uid=0 euid=0 tty=ssh ruser= rhost=43.255.190.118  user=root
Apr 11 13:23:17 ovzhost sshd[1476]: pam_unix(sshd:auth): authentication failure; logname= uid=0 euid=0 tty=ssh ruser= rhost=221.229.160.237  user=root
Apr 11 13:23:17 ovzhost sshd[1474]: Failed password for root from 43.255.190.118 port 35225 ssh2
Apr 11 13:23:19 ovzhost sshd[1476]: Failed password for root from 221.229.160.237 port 37625 ssh2
Apr 11 13:23:22 ovzhost sshd[1474]: message repeated 2 times: [ Failed password for root from 43.255.190.118 port 35225 ssh2]
Apr 11 13:23:22 ovzhost sshd[1474]: Received disconnect from 43.255.190.118: 11:  [preauth]
Apr 11 13:23:22 ovzhost sshd[1474]: PAM 2 more authentication failures; logname= uid=0 euid=0 tty=ssh ruser= rhost=43.255.190.118  user=root
Apr 11 13:23:23 ovzhost sshd[1478]: pam_unix(sshd:auth): authentication failure; logname= uid=0 euid=0 tty=ssh ruser= rhost=43.255.190.118  user=root
Apr 11 13:23:24 ovzhost sshd[1478]: Failed password for root from 43.255.190.118 port 50905 ssh2
Apr 11 13:23:24 ovzhost sshd[1476]: message repeated 2 times: [ Failed password for root from 221.229.160.237 port 37625 ssh2]
Apr 11 13:23:24 ovzhost sshd[1476]: Received disconnect from 221.229.160.237: 11:  [preauth]
Apr 11 13:23:24 ovzhost sshd[1476]: PAM 2 more authentication failures; logname= uid=0 euid=0 tty=ssh ruser= rhost=221.229.160.237  user=root
Apr 11 13:23:26 ovzhost sshd[1480]: pam_unix(sshd:auth): authentication failure; logname= uid=0 euid=0 tty=ssh ruser= rhost=221.229.160.237  user=root
Apr 11 13:23:28 ovzhost sshd[1480]: Failed password for root from 221.229.160.237 port 45272 ssh2
Apr 11 13:23:29 ovzhost sshd[1478]: message repeated 2 times: [ Failed password for root from 43.255.190.118 port 50905 ssh2]
Apr 11 13:23:29 ovzhost sshd[1478]: Received disconnect from 43.255.190.118: 11:  [preauth]
Apr 11 13:23:29 ovzhost sshd[1478]: PAM 2 more authentication failures; logname= uid=0 euid=0 tty=ssh ruser= rhost=43.255.190.118  user=root
Apr 11 13:23:29 ovzhost sshd[1482]: pam_unix(sshd:auth): authentication failure; logname= uid=0 euid=0 tty=ssh ruser= rhost=43.255.190.118  user=root
Apr 11 13:23:31 ovzhost sshd[1482]: Failed password for root from 43.255.190.118 port 38095 ssh2
Apr 11 13:23:33 ovzhost sshd[1480]: message repeated 2 times: [ Failed password for root from 221.229.160.237 port 45272 ssh2]
Apr 11 13:23:33 ovzhost sshd[1480]: Received disconnect from 221.229.160.237: 11:  [preauth]
Apr 11 13:23:33 ovzhost sshd[1480]: PAM 2 more authentication failures; logname= uid=0 euid=0 tty=ssh ruser= rhost=221.229.160.237  user=root
Apr 11 13:23:37 ovzhost sshd[1484]: pam_unix(sshd:auth): authentication failure; logname= uid=0 euid=0 tty=ssh ruser= rhost=221.229.160.237  user=root
Apr 11 13:23:39 ovzhost sshd[1484]: Failed password for root from 221.229.160.237 port 52142 ssh2
Apr 11 13:23:41 ovzhost sshd[1482]: message repeated 2 times: [ Failed password for root from 43.255.190.118 port 38095 ssh2]
Apr 11 13:23:41 ovzhost sshd[1482]: Received disconnect from 43.255.190.118: 11:  [preauth]
Apr 11 13:23:41 ovzhost sshd[1482]: PAM 2 more authentication failures; logname= uid=0 euid=0 tty=ssh ruser= rhost=43.255.190.118  user=root
Apr 11 13:23:41 ovzhost sshd[1488]: pam_unix(sshd:auth): authentication failure; logname= uid=0 euid=0 tty=ssh ruser= rhost=43.255.190.118  user=root
Apr 11 13:23:43 ovzhost sshd[1488]: Failed password for root from 43.255.190.118 port 36056 ssh2
Apr 11 13:23:43 ovzhost sshd[1484]: message repeated 2 times: [ Failed password for root from 221.229.160.237 port 52142 ssh2]
Apr 11 13:23:44 ovzhost sshd[1484]: Received disconnect from 221.229.160.237: 11:  [preauth]
Apr 11 13:23:44 ovzhost sshd[1484]: PAM 2 more authentication failures; logname= uid=0 euid=0 tty=ssh ruser= rhost=221.229.160.237  user=root
Apr 11 13:23:45 ovzhost sshd[1490]: pam_unix(sshd:auth): authentication failure; logname= uid=0 euid=0 tty=ssh ruser= rhost=221.229.160.237  user=root
Apr 11 13:23:47 ovzhost sshd[1490]: Failed password for root from 221.229.160.237 port 60223 ssh2
Apr 11 13:23:47 ovzhost sshd[1488]: message repeated 2 times: [ Failed password for root from 43.255.190.118 port 36056 ssh2]
Apr 11 13:23:47 ovzhost sshd[1488]: Received disconnect from 43.255.190.118: 11:  [preauth]
Apr 11 13:23:47 ovzhost sshd[1488]: PAM 2 more authentication failures; logname= uid=0 euid=0 tty=ssh ruser= rhost=43.255.190.118  user=root
Apr 11 13:23:48 ovzhost sshd[1492]: pam_unix(sshd:auth): authentication failure; logname= uid=0 euid=0 tty=ssh ruser= rhost=43.255.190.118  user=root
Apr 11 13:23:50 ovzhost sshd[1492]: Failed password for root from 43.255.190.118 port 51012 ssh2
Apr 11 13:23:52 ovzhost sshd[1490]: message repeated 2 times: [ Failed password for root from 221.229.160.237 port 60223 ssh2]
Apr 11 13:23:52 ovzhost sshd[1490]: Received disconnect from 221.229.160.237: 11:  [preauth]
Apr 11 13:23:52 ovzhost sshd[1490]: PAM 2 more authentication failures; logname= uid=0 euid=0 tty=ssh ruser= rhost=221.229.160.237  user=root
Apr 11 13:23:55 ovzhost sshd[1492]: message repeated 2 times: [ Failed password for root from 43.255.190.118 port 51012 ssh2]
Apr 11 13:23:55 ovzhost sshd[1492]: Received disconnect from 43.255.190.118: 11:  [preauth]
Apr 11 13:23:55 ovzhost sshd[1492]: PAM 2 more authentication failures; logname= uid=0 euid=0 tty=ssh ruser= rhost=43.255.190.118  user=root
Apr 11 13:23:55 ovzhost sshd[1494]: pam_unix(sshd:auth): authentication failure; logname= uid=0 euid=0 tty=ssh ruser= rhost=221.229.160.237  user=root
Apr 11 13:23:55 ovzhost sshd[1496]: pam_unix(sshd:auth): authentication failure; logname= uid=0 euid=0 tty=ssh ruser= rhost=43.255.190.118  user=root
Apr 11 13:23:57 ovzhost sshd[1494]: Failed password for root from 221.229.160.237 port 38845 ssh2
Apr 11 13:23:57 ovzhost sshd[1496]: Failed password for root from 43.255.190.118 port 37751 ssh2
Apr 11 13:24:02 ovzhost sshd[1496]: message repeated 2 times: [ Failed password for root from 43.255.190.118 port 37751 ssh2]
Apr 11 13:24:02 ovzhost sshd[1496]: Received disconnect from 43.255.190.118: 11:  [preauth]
Apr 11 13:24:02 ovzhost sshd[1496]: PAM 2 more authentication failures; logname= uid=0 euid=0 tty=ssh ruser= rhost=43.255.190.118  user=root
Apr 11 13:24:02 ovzhost sshd[1494]: message repeated 2 times: [ Failed password for root from 221.229.160.237 port 38845 ssh2]
Apr 11 13:24:02 ovzhost sshd[1494]: Received disconnect from 221.229.160.237: 11:  [preauth]
Apr 11 13:24:02 ovzhost sshd[1494]: PAM 2 more authentication failures; logname= uid=0 euid=0 tty=ssh ruser= rhost=221.229.160.237  user=root
Apr 11 13:24:03 ovzhost sshd[1498]: pam_unix(sshd:auth): authentication failure; logname= uid=0 euid=0 tty=ssh ruser= rhost=43.255.190.118  user=root
Apr 11 13:24:04 ovzhost sshd[1500]: pam_unix(sshd:auth): authentication failure; logname= uid=0 euid=0 tty=ssh ruser= rhost=221.229.160.237  user=root
Apr 11 13:24:05 ovzhost sshd[1498]: Failed password for root from 43.255.190.118 port 51782 ssh2
Apr 11 13:24:06 ovzhost sshd[1500]: Failed password for root from 221.229.160.237 port 46835 ssh2
Apr 11 13:24:09 ovzhost sshd[1498]: message repeated 2 times: [ Failed password for root from 43.255.190.118 port 51782 ssh2]
Apr 11 13:24:09 ovzhost sshd[1498]: Received disconnect from 43.255.190.118: 11:  [preauth]
Apr 11 13:24:09 ovzhost sshd[1498]: PAM 2 more authentication failures; logname= uid=0 euid=0 tty=ssh ruser= rhost=43.255.190.118  user=root
Apr 11 13:24:10 ovzhost sshd[1506]: pam_unix(sshd:auth): authentication failure; logname= uid=0 euid=0 tty=ssh ruser= rhost=43.255.190.118  user=root
Apr 11 13:24:10 ovzhost sshd[1500]: message repeated 2 times: [ Failed password for root from 221.229.160.237 port 46835 ssh2]
Apr 11 13:24:10 ovzhost sshd[1500]: Received disconnect from 221.229.160.237: 11:  [preauth]
Apr 11 13:24:10 ovzhost sshd[1500]: PAM 2 more authentication failures; logname= uid=0 euid=0 tty=ssh ruser= rhost=221.229.160.237  user=root
Apr 11 13:24:12 ovzhost sshd[1508]: pam_unix(sshd:auth): authentication failure; logname= uid=0 euid=0 tty=ssh ruser= rhost=221.229.160.237  user=root
Apr 11 13:24:12 ovzhost sshd[1506]: Failed password for root from 43.255.190.118 port 38661 ssh2
Apr 11 13:24:14 ovzhost sshd[1508]: Failed password for root from 221.229.160.237 port 53405 ssh2
Apr 11 13:24:16 ovzhost sshd[1506]: message repeated 2 times: [ Failed password for root from 43.255.190.118 port 38661 ssh2]
Apr 11 13:24:16 ovzhost sshd[1506]: Received disconnect from 43.255.190.118: 11:  [preauth]
Apr 11 13:24:16 ovzhost sshd[1506]: PAM 2 more authentication failures; logname= uid=0 euid=0 tty=ssh ruser= rhost=43.255.190.118  user=root
Apr 11 13:24:17 ovzhost sshd[1510]: pam_unix(sshd:auth): authentication failure; logname= uid=0 euid=0 tty=ssh ruser= rhost=43.255.190.118  user=root
Apr 11 13:24:18 ovzhost sshd[1508]: message repeated 2 times: [ Failed password for root from 221.229.160.237 port 53405 ssh2]
Apr 11 13:24:18 ovzhost sshd[1508]: Received disconnect from 221.229.160.237: 11:  [preauth]
Apr 11 13:24:18 ovzhost sshd[1508]: PAM 2 more authentication failures; logname= uid=0 euid=0 tty=ssh ruser= rhost=221.229.160.237  user=root
Apr 11 13:24:19 ovzhost sshd[1510]: Failed password for root from 43.255.190.118 port 52860 ssh2
Apr 11 13:24:21 ovzhost sshd[1512]: pam_unix(sshd:auth): authentication failure; logname= uid=0 euid=0 tty=ssh ruser= rhost=221.229.160.237  user=root
Apr 11 13:24:22 ovzhost sshd[1512]: Failed password for root from 221.229.160.237 port 59809 ssh2
Apr 11 13:24:22 ovzhost sshd[1510]: message repeated 2 times: [ Failed password for root from 43.255.190.118 port 52860 ssh2]
Apr 11 13:24:22 ovzhost sshd[1510]: Received disconnect from 43.255.190.118: 11:  [preauth]
Apr 11 13:24:22 ovzhost sshd[1510]: PAM 2 more authentication failures; logname= uid=0 euid=0 tty=ssh ruser= rhost=43.255.190.118  user=root
Apr 11 13:24:23 ovzhost sshd[1514]: pam_unix(sshd:auth): authentication failure; logname= uid=0 euid=0 tty=ssh ruser= rhost=43.255.190.118  user=root
Apr 11 13:24:25 ovzhost sshd[1514]: Failed password for root from 43.255.190.118 port 37797 ssh2
Apr 11 13:24:28 ovzhost sshd[1512]: message repeated 2 times: [ Failed password for root from 221.229.160.237 port 59809 ssh2]
Apr 11 13:24:28 ovzhost sshd[1512]: Received disconnect from 221.229.160.237: 11:  [preauth]
Apr 11 13:24:28 ovzhost sshd[1512]: PAM 2 more authentication failures; logname= uid=0 euid=0 tty=ssh ruser= rhost=221.229.160.237  user=root
Apr 11 13:24:29 ovzhost sshd[1514]: message repeated 2 times: [ Failed password for root from 43.255.190.118 port 37797 ssh2]
Apr 11 13:24:30 ovzhost sshd[1514]: Received disconnect from 43.255.190.118: 11:  [preauth]
Apr 11 13:24:30 ovzhost sshd[1514]: PAM 2 more authentication failures; logname= uid=0 euid=0 tty=ssh ruser= rhost=43.255.190.118  user=root
Apr 11 13:24:30 ovzhost sshd[1516]: pam_unix(sshd:auth): authentication failure; logname= uid=0 euid=0 tty=ssh ruser= rhost=221.229.160.237  user=root
Apr 11 13:24:30 ovzhost sshd[1518]: pam_unix(sshd:auth): authentication failure; logname= uid=0 euid=0 tty=ssh ruser= rhost=43.255.190.118  user=root
Apr 11 13:24:31 ovzhost sshd[1516]: Failed password for root from 221.229.160.237 port 39097 ssh2
Apr 11 13:24:32 ovzhost sshd[1518]: Failed password for root from 43.255.190.118 port 53128 ssh2
Apr 11 13:24:35 ovzhost sshd[1516]: message repeated 2 times: [ Failed password for root from 221.229.160.237 port 39097 ssh2]
Apr 11 13:24:35 ovzhost sshd[1516]: Received disconnect from 221.229.160.237: 11:  [preauth]
Apr 11 13:24:35 ovzhost sshd[1516]: PAM 2 more authentication failures; logname= uid=0 euid=0 tty=ssh ruser= rhost=221.229.160.237  user=root
Apr 11 13:24:36 ovzhost sshd[1518]: message repeated 2 times: [ Failed password for root from 43.255.190.118 port 53128 ssh2]
Apr 11 13:24:36 ovzhost sshd[1518]: Received disconnect from 43.255.190.118: 11:  [preauth]
Apr 11 13:24:36 ovzhost sshd[1518]: PAM 2 more authentication failures; logname= uid=0 euid=0 tty=ssh ruser= rhost=43.255.190.118  user=root
Apr 11 13:24:37 ovzhost sshd[1522]: pam_unix(sshd:auth): authentication failure; logname= uid=0 euid=0 tty=ssh ruser= rhost=43.255.190.118  user=root
Apr 11 13:24:38 ovzhost sshd[1520]: pam_unix(sshd:auth): authentication failure; logname= uid=0 euid=0 tty=ssh ruser= rhost=221.229.160.237  user=root
Apr 11 13:24:39 ovzhost sshd[1520]: Failed password for root from 221.229.160.237 port 45401 ssh2
Apr 11 13:24:39 ovzhost sshd[1522]: Failed password for root from 43.255.190.118 port 40097 ssh2
Apr 11 13:24:43 ovzhost sshd[1522]: message repeated 2 times: [ Failed password for root from 43.255.190.118 port 40097 ssh2]
Apr 11 13:24:43 ovzhost sshd[1522]: Received disconnect from 43.255.190.118: 11:  [preauth]
Apr 11 13:24:43 ovzhost sshd[1522]: PAM 2 more authentication failures; logname= uid=0 euid=0 tty=ssh ruser= rhost=43.255.190.118  user=root
Apr 11 13:24:43 ovzhost sshd[1520]: message repeated 2 times: [ Failed password for root from 221.229.160.237 port 45401 ssh2]
Apr 11 13:24:44 ovzhost sshd[1520]: Received disconnect from 221.229.160.237: 11:  [preauth]
Apr 11 13:24:44 ovzhost sshd[1520]: PAM 2 more authentication failures; logname= uid=0 euid=0 tty=ssh ruser= rhost=221.229.160.237  user=root
Apr 11 13:24:45 ovzhost sshd[1526]: pam_unix(sshd:auth): authentication failure; logname= uid=0 euid=0 tty=ssh ruser= rhost=43.255.190.118  user=root
Apr 11 13:24:45 ovzhost sshd[1524]: pam_unix(sshd:auth): authentication failure; logname= uid=0 euid=0 tty=ssh ruser= rhost=221.229.160.237  user=root
Apr 11 13:24:47 ovzhost sshd[1526]: Failed password for root from 43.255.190.118 port 58252 ssh2
Apr 11 13:24:47 ovzhost sshd[1524]: Failed password for root from 221.229.160.237 port 52349 ssh2
Apr 11 13:24:51 ovzhost sshd[1526]: message repeated 2 times: [ Failed password for root from 43.255.190.118 port 58252 ssh2]
Apr 11 13:24:51 ovzhost sshd[1526]: Received disconnect from 43.255.190.118: 11:  [preauth]
Apr 11 13:24:51 ovzhost sshd[1526]: PAM 2 more authentication failures; logname= uid=0 euid=0 tty=ssh ruser= rhost=43.255.190.118  user=root
Apr 11 13:24:52 ovzhost sshd[1524]: message repeated 2 times: [ Failed password for root from 221.229.160.237 port 52349 ssh2]
Apr 11 13:24:52 ovzhost sshd[1524]: Received disconnect from 221.229.160.237: 11:  [preauth]
Apr 11 13:24:52 ovzhost sshd[1524]: PAM 2 more authentication failures; logname= uid=0 euid=0 tty=ssh ruser= rhost=221.229.160.237  user=root
Apr 11 13:24:52 ovzhost sshd[1528]: pam_unix(sshd:auth): authentication failure; logname= uid=0 euid=0 tty=ssh ruser= rhost=43.255.190.118  user=root
Apr 11 13:24:54 ovzhost sshd[1530]: pam_unix(sshd:auth): authentication failure; logname= uid=0 euid=0 tty=ssh ruser= rhost=221.229.160.237  user=root
Apr 11 13:24:54 ovzhost sshd[1528]: Failed password for root from 43.255.190.118 port 47267 ssh2
Apr 11 13:24:56 ovzhost sshd[1530]: Failed password for root from 221.229.160.237 port 59249 ssh2
Apr 11 13:24:58 ovzhost sshd[1528]: message repeated 2 times: [ Failed password for root from 43.255.190.118 port 47267 ssh2]
Apr 11 13:24:58 ovzhost sshd[1528]: Received disconnect from 43.255.190.118: 11:  [preauth]
Apr 11 13:24:58 ovzhost sshd[1528]: PAM 2 more authentication failures; logname= uid=0 euid=0 tty=ssh ruser= rhost=43.255.190.118  user=root
Apr 11 13:24:58 ovzhost sshd[1532]: pam_unix(sshd:auth): authentication failure; logname= uid=0 euid=0 tty=ssh ruser= rhost=43.255.190.118  user=root
Apr 11 13:25:00 ovzhost sshd[1530]: message repeated 2 times: [ Failed password for root from 221.229.160.237 port 59249 ssh2]
Apr 11 13:25:00 ovzhost sshd[1530]: Received disconnect from 221.229.160.237: 11:  [preauth]
Apr 11 13:25:00 ovzhost sshd[1530]: PAM 2 more authentication failures; logname= uid=0 euid=0 tty=ssh ruser= rhost=221.229.160.237  user=root
Apr 11 13:25:00 ovzhost sshd[1532]: Failed password for root from 43.255.190.118 port 34100 ssh2
Apr 11 13:25:01 ovzhost sshd[1534]: pam_unix(sshd:auth): authentication failure; logname= uid=0 euid=0 tty=ssh ruser= rhost=221.229.160.237  user=root
Apr 11 13:25:03 ovzhost sshd[1534]: Failed password for root from 221.229.160.237 port 37890 ssh2
Apr 11 13:25:04 ovzhost sshd[1532]: message repeated 2 times: [ Failed password for root from 43.255.190.118 port 34100 ssh2]
Apr 11 13:25:04 ovzhost sshd[1532]: Received disconnect from 43.255.190.118: 11:  [preauth]
Apr 11 13:25:04 ovzhost sshd[1532]: PAM 2 more authentication failures; logname= uid=0 euid=0 tty=ssh ruser= rhost=43.255.190.118  user=root
Apr 11 13:25:05 ovzhost sshd[1536]: pam_unix(sshd:auth): authentication failure; logname= uid=0 euid=0 tty=ssh ruser= rhost=43.255.190.118  user=root
Apr 11 13:25:06 ovzhost sshd[1536]: Failed password for root from 43.255.190.118 port 49080 ssh2
Apr 11 13:25:07 ovzhost sshd[1534]: message repeated 2 times: [ Failed password for root from 221.229.160.237 port 37890 ssh2]
Apr 11 13:25:07 ovzhost sshd[1534]: Received disconnect from 221.229.160.237: 11:  [preauth]
Apr 11 13:25:07 ovzhost sshd[1534]: PAM 2 more authentication failures; logname= uid=0 euid=0 tty=ssh ruser= rhost=221.229.160.237  user=root
Apr 11 13:25:09 ovzhost sshd[1538]: pam_unix(sshd:auth): authentication failure; logname= uid=0 euid=0 tty=ssh ruser= rhost=221.229.160.237  user=root
Apr 11 13:25:11 ovzhost sshd[1536]: message repeated 2 times: [ Failed password for root from 43.255.190.118 port 49080 ssh2]
Apr 11 13:25:11 ovzhost sshd[1536]: Received disconnect from 43.255.190.118: 11:  [preauth]
Apr 11 13:25:11 ovzhost sshd[1536]: PAM 2 more authentication failures; logname= uid=0 euid=0 tty=ssh ruser= rhost=43.255.190.118  user=root
Apr 11 13:25:11 ovzhost sshd[1538]: Failed password for root from 221.229.160.237 port 44071 ssh2
Apr 11 13:25:11 ovzhost sshd[1541]: pam_unix(sshd:auth): authentication failure; logname= uid=0 euid=0 tty=ssh ruser= rhost=43.255.190.118  user=root
Apr 11 13:25:13 ovzhost sshd[1541]: Failed password for root from 43.255.190.118 port 58795 ssh2
Apr 11 13:25:15 ovzhost sshd[1538]: message repeated 2 times: [ Failed password for root from 221.229.160.237 port 44071 ssh2]
Apr 11 13:25:16 ovzhost sshd[1538]: Received disconnect from 221.229.160.237: 11:  [preauth]
Apr 11 13:25:16 ovzhost sshd[1538]: PAM 2 more authentication failures; logname= uid=0 euid=0 tty=ssh ruser= rhost=221.229.160.237  user=root
Apr 11 13:25:17 ovzhost sshd[1541]: message repeated 2 times: [ Failed password for root from 43.255.190.118 port 58795 ssh2]
Apr 11 13:25:17 ovzhost sshd[1541]: Received disconnect from 43.255.190.118: 11:  [preauth]
Apr 11 13:25:17 ovzhost sshd[1541]: PAM 2 more authentication failures; logname= uid=0 euid=0 tty=ssh ruser= rhost=43.255.190.118  user=root
Apr 11 13:25:18 ovzhost sshd[1545]: pam_unix(sshd:auth): authentication failure; logname= uid=0 euid=0 tty=ssh ruser= rhost=43.255.190.118  user=root
Apr 11 13:25:19 ovzhost sshd[1543]: pam_unix(sshd:auth): authentication failure; logname= uid=0 euid=0 tty=ssh ruser= rhost=221.229.160.237  user=root
Apr 11 13:25:20 ovzhost sshd[1545]: Failed password for root from 43.255.190.118 port 42085 ssh2
Apr 11 13:25:21 ovzhost sshd[1543]: Failed password for root from 221.229.160.237 port 50899 ssh2
Apr 11 13:25:24 ovzhost sshd[1545]: message repeated 2 times: [ Failed password for root from 43.255.190.118 port 42085 ssh2]
Apr 11 13:25:25 ovzhost sshd[1545]: Received disconnect from 43.255.190.118: 11:  [preauth]
Apr 11 13:25:25 ovzhost sshd[1545]: PAM 2 more authentication failures; logname= uid=0 euid=0 tty=ssh ruser= rhost=43.255.190.118  user=root
Apr 11 13:25:25 ovzhost sshd[1547]: pam_unix(sshd:auth): authentication failure; logname= uid=0 euid=0 tty=ssh ruser= rhost=43.255.190.118  user=root
Apr 11 13:25:26 ovzhost sshd[1543]: message repeated 2 times: [ Failed password for root from 221.229.160.237 port 50899 ssh2]
Apr 11 13:25:26 ovzhost sshd[1543]: Received disconnect from 221.229.160.237: 11:  [preauth]
Apr 11 13:25:26 ovzhost sshd[1543]: PAM 2 more authentication failures; logname= uid=0 euid=0 tty=ssh ruser= rhost=221.229.160.237  user=root
Apr 11 13:25:27 ovzhost sshd[1547]: Failed password for root from 43.255.190.118 port 55771 ssh2
Apr 11 13:25:28 ovzhost sshd[1549]: pam_unix(sshd:auth): authentication failure; logname= uid=0 euid=0 tty=ssh ruser= rhost=221.229.160.237  user=root
Apr 11 13:25:30 ovzhost sshd[1549]: Failed password for root from 221.229.160.237 port 59441 ssh2
Apr 11 13:25:30 ovzhost sshd[1547]: message repeated 2 times: [ Failed password for root from 43.255.190.118 port 55771 ssh2]
Apr 11 13:25:30 ovzhost sshd[1547]: Received disconnect from 43.255.190.118: 11:  [preauth]
Apr 11 13:25:30 ovzhost sshd[1547]: PAM 2 more authentication failures; logname= uid=0 euid=0 tty=ssh ruser= rhost=43.255.190.118  user=root
Apr 11 13:25:31 ovzhost sshd[1551]: pam_unix(sshd:auth): authentication failure; logname= uid=0 euid=0 tty=ssh ruser= rhost=43.255.190.118  user=root
Apr 11 13:25:33 ovzhost sshd[1551]: Failed password for root from 43.255.190.118 port 39521 ssh2
Apr 11 13:25:34 ovzhost sshd[1549]: message repeated 2 times: [ Failed password for root from 221.229.160.237 port 59441 ssh2]
Apr 11 13:25:34 ovzhost sshd[1549]: Received disconnect from 221.229.160.237: 11:  [preauth]
Apr 11 13:25:34 ovzhost sshd[1549]: PAM 2 more authentication failures; logname= uid=0 euid=0 tty=ssh ruser= rhost=221.229.160.237  user=root
Apr 11 13:25:37 ovzhost sshd[1553]: pam_unix(sshd:auth): authentication failure; logname= uid=0 euid=0 tty=ssh ruser= rhost=221.229.160.237  user=root
Apr 11 13:25:37 ovzhost sshd[1551]: message repeated 2 times: [ Failed password for root from 43.255.190.118 port 39521 ssh2]
Apr 11 13:25:37 ovzhost sshd[1551]: Received disconnect from 43.255.190.118: 11:  [preauth]
Apr 11 13:25:37 ovzhost sshd[1551]: PAM 2 more authentication failures; logname= uid=0 euid=0 tty=ssh ruser= rhost=43.255.190.118  user=root
Apr 11 13:25:38 ovzhost sshd[1555]: pam_unix(sshd:auth): authentication failure; logname= uid=0 euid=0 tty=ssh ruser= rhost=43.255.190.118  user=root
Apr 11 13:25:39 ovzhost sshd[1553]: Failed password for root from 221.229.160.237 port 37398 ssh2
Apr 11 13:25:39 ovzhost sshd[1555]: Failed password for root from 43.255.190.118 port 51411 ssh2
Apr 11 13:25:42 ovzhost sshd[1553]: message repeated 2 times: [ Failed password for root from 221.229.160.237 port 37398 ssh2]
Apr 11 13:25:43 ovzhost sshd[1553]: Received disconnect from 221.229.160.237: 11:  [preauth]
Apr 11 13:25:43 ovzhost sshd[1553]: PAM 2 more authentication failures; logname= uid=0 euid=0 tty=ssh ruser= rhost=221.229.160.237  user=root
Apr 11 13:25:44 ovzhost sshd[1557]: pam_unix(sshd:auth): authentication failure; logname= uid=0 euid=0 tty=ssh ruser= rhost=221.229.160.237  user=root
Apr 11 13:25:44 ovzhost sshd[1555]: message repeated 2 times: [ Failed password for root from 43.255.190.118 port 51411 ssh2]
Apr 11 13:25:44 ovzhost sshd[1555]: Received disconnect from 43.255.190.118: 11:  [preauth]
Apr 11 13:25:44 ovzhost sshd[1555]: PAM 2 more authentication failures; logname= uid=0 euid=0 tty=ssh ruser= rhost=43.255.190.118  user=root
Apr 11 13:25:45 ovzhost sshd[1559]: pam_unix(sshd:auth): authentication failure; logname= uid=0 euid=0 tty=ssh ruser= rhost=43.255.190.118  user=root
Apr 11 13:25:46 ovzhost sshd[1557]: Failed password for root from 221.229.160.237 port 44539 ssh2
Apr 11 13:25:47 ovzhost sshd[1559]: Failed password for root from 43.255.190.118 port 37905 ssh2
Apr 11 13:25:50 ovzhost sshd[1557]: message repeated 2 times: [ Failed password for root from 221.229.160.237 port 44539 ssh2]
Apr 11 13:25:50 ovzhost sshd[1557]: Received disconnect from 221.229.160.237: 11:  [preauth]
Apr 11 13:25:50 ovzhost sshd[1557]: PAM 2 more authentication failures; logname= uid=0 euid=0 tty=ssh ruser= rhost=221.229.160.237  user=root
Apr 11 13:25:51 ovzhost sshd[1559]: message repeated 2 times: [ Failed password for root from 43.255.190.118 port 37905 ssh2]
Apr 11 13:25:51 ovzhost sshd[1559]: Received disconnect from 43.255.190.118: 11:  [preauth]
Apr 11 13:25:51 ovzhost sshd[1559]: PAM 2 more authentication failures; logname= uid=0 euid=0 tty=ssh ruser= rhost=43.255.190.118  user=root
Apr 11 13:25:52 ovzhost sshd[1563]: pam_unix(sshd:auth): authentication failure; logname= uid=0 euid=0 tty=ssh ruser= rhost=221.229.160.237  user=root
Apr 11 13:25:52 ovzhost sshd[1565]: pam_unix(sshd:auth): authentication failure; logname= uid=0 euid=0 tty=ssh ruser= rhost=43.255.190.118  user=root
Apr 11 13:25:54 ovzhost sshd[1563]: Failed password for root from 221.229.160.237 port 50675 ssh2
Apr 11 13:25:54 ovzhost sshd[1565]: Failed password for root from 43.255.190.118 port 53380 ssh2
Apr 11 13:25:58 ovzhost sshd[1565]: message repeated 2 times: [ Failed password for root from 43.255.190.118 port 53380 ssh2]
Apr 11 13:25:58 ovzhost sshd[1565]: Received disconnect from 43.255.190.118: 11:  [preauth]
Apr 11 13:25:58 ovzhost sshd[1565]: PAM 2 more authentication failures; logname= uid=0 euid=0 tty=ssh ruser= rhost=43.255.190.118  user=root
Apr 11 13:25:58 ovzhost sshd[1563]: message repeated 2 times: [ Failed password for root from 221.229.160.237 port 50675 ssh2]
Apr 11 13:25:58 ovzhost sshd[1563]: Received disconnect from 221.229.160.237: 11:  [preauth]
Apr 11 13:25:58 ovzhost sshd[1563]: PAM 2 more authentication failures; logname= uid=0 euid=0 tty=ssh ruser= rhost=221.229.160.237  user=root
Apr 11 13:25:59 ovzhost sshd[1567]: pam_unix(sshd:auth): authentication failure; logname= uid=0 euid=0 tty=ssh ruser= rhost=43.255.190.118  user=root
Apr 11 13:26:00 ovzhost sshd[1567]: Failed password for root from 43.255.190.118 port 40260 ssh2
Apr 11 13:26:01 ovzhost sshd[1569]: pam_unix(sshd:auth): authentication failure; logname= uid=0 euid=0 tty=ssh ruser= rhost=221.229.160.237  user=root
Apr 11 13:26:03 ovzhost sshd[1569]: Failed password for root from 221.229.160.237 port 57683 ssh2
Apr 11 13:26:03 ovzhost sshd[1567]: message repeated 2 times: [ Failed password for root from 43.255.190.118 port 40260 ssh2]
Apr 11 13:26:03 ovzhost sshd[1567]: Received disconnect from 43.255.190.118: 11:  [preauth]
Apr 11 13:26:03 ovzhost sshd[1567]: PAM 2 more authentication failures; logname= uid=0 euid=0 tty=ssh ruser= rhost=43.255.190.118  user=root
Apr 11 13:26:04 ovzhost sshd[1571]: pam_unix(sshd:auth): authentication failure; logname= uid=0 euid=0 tty=ssh ruser= rhost=43.255.190.118  user=root
Apr 11 13:26:06 ovzhost sshd[1571]: Failed password for root from 43.255.190.118 port 53382 ssh2
Apr 11 13:26:07 ovzhost sshd[1569]: message repeated 2 times: [ Failed password for root from 221.229.160.237 port 57683 ssh2]
Apr 11 13:26:07 ovzhost sshd[1569]: Received disconnect from 221.229.160.237: 11:  [preauth]
Apr 11 13:26:07 ovzhost sshd[1569]: PAM 2 more authentication failures; logname= uid=0 euid=0 tty=ssh ruser= rhost=221.229.160.237  user=root
Apr 11 13:26:08 ovzhost sshd[1575]: pam_unix(sshd:auth): authentication failure; logname= uid=0 euid=0 tty=ssh ruser= rhost=43.255.190.182  user=root
Apr 11 13:26:09 ovzhost sshd[1573]: pam_unix(sshd:auth): authentication failure; logname= uid=0 euid=0 tty=ssh ruser= rhost=221.229.160.237  user=root
Apr 11 13:26:10 ovzhost sshd[1571]: message repeated 2 times: [ Failed password for root from 43.255.190.118 port 53382 ssh2]
Apr 11 13:26:10 ovzhost sshd[1571]: Received disconnect from 43.255.190.118: 11:  [preauth]
Apr 11 13:26:10 ovzhost sshd[1571]: PAM 2 more authentication failures; logname= uid=0 euid=0 tty=ssh ruser= rhost=43.255.190.118  user=root
Apr 11 13:26:10 ovzhost sshd[1575]: Failed password for root from 43.255.190.182 port 42712 ssh2
Apr 11 13:26:11 ovzhost sshd[1577]: pam_unix(sshd:auth): authentication failure; logname= uid=0 euid=0 tty=ssh ruser= rhost=43.255.190.118  user=root
Apr 11 13:26:11 ovzhost sshd[1573]: Failed password for root from 221.229.160.237 port 37162 ssh2
Apr 11 13:26:12 ovzhost sshd[1577]: Failed password for root from 43.255.190.118 port 39923 ssh2
Apr 11 13:26:14 ovzhost sshd[1575]: message repeated 2 times: [ Failed password for root from 43.255.190.182 port 42712 ssh2]
Apr 11 13:26:14 ovzhost sshd[1575]: Received disconnect from 43.255.190.182: 11:  [preauth]
Apr 11 13:26:14 ovzhost sshd[1575]: PAM 2 more authentication failures; logname= uid=0 euid=0 tty=ssh ruser= rhost=43.255.190.182  user=root
Apr 11 13:26:14 ovzhost sshd[1579]: pam_unix(sshd:auth): authentication failure; logname= uid=0 euid=0 tty=ssh ruser= rhost=43.255.190.182  user=root
Apr 11 13:26:15 ovzhost sshd[1573]: message repeated 2 times: [ Failed password for root from 221.229.160.237 port 37162 ssh2]
Apr 11 13:26:15 ovzhost sshd[1573]: Received disconnect from 221.229.160.237: 11:  [preauth]
Apr 11 13:26:15 ovzhost sshd[1573]: PAM 2 more authentication failures; logname= uid=0 euid=0 tty=ssh ruser= rhost=221.229.160.237  user=root
Apr 11 13:26:15 ovzhost sshd[1577]: message repeated 2 times: [ Failed password for root from 43.255.190.118 port 39923 ssh2]
Apr 11 13:26:16 ovzhost sshd[1577]: Received disconnect from 43.255.190.118: 11:  [preauth]
Apr 11 13:26:16 ovzhost sshd[1577]: PAM 2 more authentication failures; logname= uid=0 euid=0 tty=ssh ruser= rhost=43.255.190.118  user=root
Apr 11 13:26:16 ovzhost sshd[1579]: Failed password for root from 43.255.190.182 port 57144 ssh2
Apr 11 13:26:16 ovzhost sshd[1583]: pam_unix(sshd:auth): authentication failure; logname= uid=0 euid=0 tty=ssh ruser= rhost=43.255.190.118  user=root
Apr 11 13:26:17 ovzhost sshd[1581]: pam_unix(sshd:auth): authentication failure; logname= uid=0 euid=0 tty=ssh ruser= rhost=221.229.160.237  user=root
Apr 11 13:26:18 ovzhost sshd[1583]: Failed password for root from 43.255.190.118 port 52646 ssh2
Apr 11 13:26:19 ovzhost sshd[1581]: Failed password for root from 221.229.160.237 port 43819 ssh2
Apr 11 13:26:20 ovzhost sshd[1579]: message repeated 2 times: [ Failed password for root from 43.255.190.182 port 57144 ssh2]
Apr 11 13:26:20 ovzhost sshd[1579]: Received disconnect from 43.255.190.182: 11:  [preauth]
Apr 11 13:26:20 ovzhost sshd[1579]: PAM 2 more authentication failures; logname= uid=0 euid=0 tty=ssh ruser= rhost=43.255.190.182  user=root
Apr 11 13:26:20 ovzhost sshd[1585]: pam_unix(sshd:auth): authentication failure; logname= uid=0 euid=0 tty=ssh ruser= rhost=43.255.190.182  user=root
Apr 11 13:26:22 ovzhost sshd[1583]: message repeated 2 times: [ Failed password for root from 43.255.190.118 port 52646 ssh2]
Apr 11 13:26:22 ovzhost sshd[1583]: Received disconnect from 43.255.190.118: 11:  [preauth]
Apr 11 13:26:22 ovzhost sshd[1583]: PAM 2 more authentication failures; logname= uid=0 euid=0 tty=ssh ruser= rhost=43.255.190.118  user=root
Apr 11 13:26:22 ovzhost sshd[1585]: Failed password for root from 43.255.190.182 port 42515 ssh2
Apr 11 13:26:23 ovzhost sshd[1587]: pam_unix(sshd:auth): authentication failure; logname= uid=0 euid=0 tty=ssh ruser= rhost=43.255.190.118  user=root
Apr 11 13:26:23 ovzhost sshd[1581]: message repeated 2 times: [ Failed password for root from 221.229.160.237 port 43819 ssh2]
Apr 11 13:26:23 ovzhost sshd[1581]: Received disconnect from 221.229.160.237: 11:  [preauth]
Apr 11 13:26:23 ovzhost sshd[1581]: PAM 2 more authentication failures; logname= uid=0 euid=0 tty=ssh ruser= rhost=221.229.160.237  user=root
Apr 11 13:26:24 ovzhost sshd[1589]: pam_unix(sshd:auth): authentication failure; logname= uid=0 euid=0 tty=ssh ruser= rhost=221.229.160.237  user=root
Apr 11 13:26:25 ovzhost sshd[1587]: Failed password for root from 43.255.190.118 port 38474 ssh2
Apr 11 13:26:26 ovzhost sshd[1585]: message repeated 2 times: [ Failed password for root from 43.255.190.182 port 42515 ssh2]
Apr 11 13:26:26 ovzhost sshd[1585]: Received disconnect from 43.255.190.182: 11:  [preauth]
Apr 11 13:26:26 ovzhost sshd[1585]: PAM 2 more authentication failures; logname= uid=0 euid=0 tty=ssh ruser= rhost=43.255.190.182  user=root
Apr 11 13:26:26 ovzhost sshd[1589]: Failed password for root from 221.229.160.237 port 50220 ssh2
Apr 11 13:26:27 ovzhost sshd[1591]: pam_unix(sshd:auth): authentication failure; logname= uid=0 euid=0 tty=ssh ruser= rhost=43.255.190.182  user=root
Apr 11 13:26:28 ovzhost sshd[1591]: Failed password for root from 43.255.190.182 port 55078 ssh2
Apr 11 13:26:29 ovzhost sshd[1587]: message repeated 2 times: [ Failed password for root from 43.255.190.118 port 38474 ssh2]
Apr 11 13:26:29 ovzhost sshd[1587]: Received disconnect from 43.255.190.118: 11:  [preauth]
Apr 11 13:26:29 ovzhost sshd[1587]: PAM 2 more authentication failures; logname= uid=0 euid=0 tty=ssh ruser= rhost=43.255.190.118  user=root
Apr 11 13:26:30 ovzhost sshd[1595]: pam_unix(sshd:auth): authentication failure; logname= uid=0 euid=0 tty=ssh ruser= rhost=43.255.190.118  user=root
Apr 11 13:26:31 ovzhost sshd[1589]: message repeated 2 times: [ Failed password for root from 221.229.160.237 port 50220 ssh2]
Apr 11 13:26:31 ovzhost sshd[1589]: Received disconnect from 221.229.160.237: 11:  [preauth]
Apr 11 13:26:31 ovzhost sshd[1589]: PAM 2 more authentication failures; logname= uid=0 euid=0 tty=ssh ruser= rhost=221.229.160.237  user=root
Apr 11 13:26:32 ovzhost sshd[1595]: Failed password for root from 43.255.190.118 port 50696 ssh2
Apr 11 13:26:33 ovzhost sshd[1591]: message repeated 2 times: [ Failed password for root from 43.255.190.182 port 55078 ssh2]
Apr 11 13:26:33 ovzhost sshd[1591]: Received disconnect from 43.255.190.182: 11:  [preauth]
Apr 11 13:26:33 ovzhost sshd[1591]: PAM 2 more authentication failures; logname= uid=0 euid=0 tty=ssh ruser= rhost=43.255.190.182  user=root
Apr 11 13:26:35 ovzhost sshd[1597]: pam_unix(sshd:auth): authentication failure; logname= uid=0 euid=0 tty=ssh ruser= rhost=43.255.190.182  user=root
Apr 11 13:26:36 ovzhost sshd[1595]: message repeated 2 times: [ Failed password for root from 43.255.190.118 port 50696 ssh2]
Apr 11 13:26:36 ovzhost sshd[1595]: Received disconnect from 43.255.190.118: 11:  [preauth]
Apr 11 13:26:36 ovzhost sshd[1595]: PAM 2 more authentication failures; logname= uid=0 euid=0 tty=ssh ruser= rhost=43.255.190.118  user=root
Apr 11 13:26:37 ovzhost sshd[1597]: Failed password for root from 43.255.190.182 port 39004 ssh2
