Apr  2 14:31:44 ovzhost sshd[780]: Connection closed by 127.0.0.1 [preauth]
Apr  2 14:35:40 ovzhost sshd[811]: Connection closed by 128.8.37.120 [preauth]
Apr  2 14:36:44 ovzhost sshd[820]: Connection closed by 127.0.0.1 [preauth]
Apr 11 09:38:00 ovzhost sshd[785]: Connection closed by 127.0.0.1 [preauth]
Apr 11 09:39:01 ovzhost CRON[792]: pam_env(cron:session): Unable to open env file: /etc/default/locale: No such file or directory
Apr 11 09:39:01 ovzhost CRON[792]: pam_unix(cron:session): session opened for user root by (uid=0)
Apr 11 09:39:01 ovzhost CRON[792]: pam_unix(cron:session): session closed for user root
Apr 11 09:40:01 ovzhost CRON[808]: pam_env(cron:session): Unable to open env file: /etc/default/locale: No such file or directory
Apr 11 09:40:01 ovzhost CRON[808]: pam_unix(cron:session): session opened for user smmsp by (uid=0)
Apr 11 09:40:02 ovzhost CRON[808]: pam_unix(cron:session): session closed for user smmsp
Apr 11 09:40:39 ovzhost sshd[835]: Connection closed by 128.8.37.120 [preauth]
Apr 11 09:41:24 ovzhost sshd[839]: reverse mapping checking getaddrinfo for 153-127-166-207-ptr.centennialpr.net [207.166.127.153] failed - POSSIBLE BREAK-IN ATTEMPT!
Apr 11 09:41:24 ovzhost sshd[839]: Invalid user test from 207.166.127.153
Apr 11 09:41:24 ovzhost sshd[839]: input_userauth_request: invalid user test [preauth]
Apr 11 09:41:24 ovzhost sshd[839]: pam_unix(sshd:auth): check pass; user unknown
Apr 11 09:41:24 ovzhost sshd[839]: pam_unix(sshd:auth): authentication failure; logname= uid=0 euid=0 tty=ssh ruser= rhost=207.166.127.153 
Apr 11 09:41:25 ovzhost sshd[839]: Failed password for invalid user test from 207.166.127.153 port 41350 ssh2
Apr 11 09:41:26 ovzhost sshd[839]: Connection closed by 207.166.127.153 [preauth]
Apr 11 09:43:00 ovzhost sshd[848]: Connection closed by 127.0.0.1 [preauth]
Apr 11 09:48:00 ovzhost sshd[868]: Connection closed by 127.0.0.1 [preauth]
Apr 11 09:50:39 ovzhost sshd[882]: Connection closed by 128.8.37.120 [preauth]
Apr 11 09:53:00 ovzhost sshd[893]: Connection closed by 127.0.0.1 [preauth]
Apr 11 09:56:47 ovzhost sshd[907]: pam_unix(sshd:auth): authentication failure; logname= uid=0 euid=0 tty=ssh ruser= rhost=43.255.190.92  user=root
Apr 11 09:56:49 ovzhost sshd[907]: Failed password for root from 43.255.190.92 port 47330 ssh2
Apr 11 09:56:52 ovzhost sshd[907]: message repeated 2 times: [ Failed password for root from 43.255.190.92 port 47330 ssh2]
Apr 11 09:56:53 ovzhost sshd[907]: Received disconnect from 43.255.190.92: 11:  [preauth]
Apr 11 09:56:53 ovzhost sshd[907]: PAM 2 more authentication failures; logname= uid=0 euid=0 tty=ssh ruser= rhost=43.255.190.92  user=root
Apr 11 09:56:53 ovzhost sshd[909]: pam_unix(sshd:auth): authentication failure; logname= uid=0 euid=0 tty=ssh ruser= rhost=43.255.190.92  user=root
Apr 11 09:56:55 ovzhost sshd[909]: Failed password for root from 43.255.190.92 port 37643 ssh2
Apr 11 09:56:58 ovzhost sshd[909]: message repeated 2 times: [ Failed password for root from 43.255.190.92 port 37643 ssh2]
Apr 11 09:56:59 ovzhost sshd[909]: Received disconnect from 43.255.190.92: 11:  [preauth]
Apr 11 09:56:59 ovzhost sshd[909]: PAM 2 more authentication failures; logname= uid=0 euid=0 tty=ssh ruser= rhost=43.255.190.92  user=root
Apr 11 09:57:01 ovzhost sshd[911]: pam_unix(sshd:auth): authentication failure; logname= uid=0 euid=0 tty=ssh ruser= rhost=43.255.190.92  user=root
Apr 11 09:57:01 ovzhost sshd[913]: pam_unix(sshd:auth): authentication failure; logname= uid=0 euid=0 tty=ssh ruser= rhost=43.255.190.144  user=root
Apr 11 09:57:03 ovzhost sshd[911]: Failed password for root from 43.255.190.92 port 52669 ssh2
Apr 11 09:57:03 ovzhost sshd[913]: Failed password for root from 43.255.190.144 port 50305 ssh2
Apr 11 09:57:07 ovzhost sshd[911]: message repeated 2 times: [ Failed password for root from 43.255.190.92 port 52669 ssh2]
Apr 11 09:57:07 ovzhost sshd[911]: Received disconnect from 43.255.190.92: 11:  [preauth]
Apr 11 09:57:07 ovzhost sshd[911]: PAM 2 more authentication failures; logname= uid=0 euid=0 tty=ssh ruser= rhost=43.255.190.92  user=root
Apr 11 09:57:07 ovzhost sshd[913]: message repeated 2 times: [ Failed password for root from 43.255.190.144 port 50305 ssh2]
Apr 11 09:57:07 ovzhost sshd[913]: Received disconnect from 43.255.190.144: 11:  [preauth]
Apr 11 09:57:07 ovzhost sshd[913]: PAM 2 more authentication failures; logname= uid=0 euid=0 tty=ssh ruser= rhost=43.255.190.144  user=root
Apr 11 09:57:08 ovzhost sshd[916]: pam_unix(sshd:auth): authentication failure; logname= uid=0 euid=0 tty=ssh ruser= rhost=43.255.190.92  user=root
Apr 11 09:57:08 ovzhost sshd[918]: pam_unix(sshd:auth): authentication failure; logname= uid=0 euid=0 tty=ssh ruser= rhost=43.255.190.144  user=root
Apr 11 09:57:10 ovzhost sshd[916]: Failed password for root from 43.255.190.92 port 42625 ssh2
Apr 11 09:57:10 ovzhost sshd[918]: Failed password for root from 43.255.190.144 port 41749 ssh2
Apr 11 09:57:15 ovzhost sshd[916]: message repeated 2 times: [ Failed password for root from 43.255.190.92 port 42625 ssh2]
Apr 11 09:57:15 ovzhost sshd[916]: Received disconnect from 43.255.190.92: 11:  [preauth]
Apr 11 09:57:15 ovzhost sshd[916]: PAM 2 more authentication failures; logname= uid=0 euid=0 tty=ssh ruser= rhost=43.255.190.92  user=root
Apr 11 09:57:15 ovzhost sshd[918]: message repeated 2 times: [ Failed password for root from 43.255.190.144 port 41749 ssh2]
Apr 11 09:57:15 ovzhost sshd[918]: Received disconnect from 43.255.190.144: 11:  [preauth]
Apr 11 09:57:15 ovzhost sshd[918]: PAM 2 more authentication failures; logname= uid=0 euid=0 tty=ssh ruser= rhost=43.255.190.144  user=root
Apr 11 09:57:16 ovzhost sshd[922]: pam_unix(sshd:auth): authentication failure; logname= uid=0 euid=0 tty=ssh ruser= rhost=43.255.190.92  user=root
Apr 11 09:57:17 ovzhost sshd[924]: pam_unix(sshd:auth): authentication failure; logname= uid=0 euid=0 tty=ssh ruser= rhost=43.255.190.144  user=root
Apr 11 09:57:18 ovzhost sshd[922]: Failed password for root from 43.255.190.92 port 33331 ssh2
Apr 11 09:57:20 ovzhost sshd[924]: Failed password for root from 43.255.190.144 port 33334 ssh2
Apr 11 09:57:22 ovzhost sshd[922]: message repeated 2 times: [ Failed password for root from 43.255.190.92 port 33331 ssh2]
Apr 11 09:57:22 ovzhost sshd[922]: Received disconnect from 43.255.190.92: 11:  [preauth]
Apr 11 09:57:22 ovzhost sshd[922]: PAM 2 more authentication failures; logname= uid=0 euid=0 tty=ssh ruser= rhost=43.255.190.92  user=root
Apr 11 09:57:24 ovzhost sshd[926]: pam_unix(sshd:auth): authentication failure; logname= uid=0 euid=0 tty=ssh ruser= rhost=43.255.190.92  user=root
Apr 11 09:57:24 ovzhost sshd[924]: message repeated 2 times: [ Failed password for root from 43.255.190.144 port 33334 ssh2]
Apr 11 09:57:24 ovzhost sshd[924]: Received disconnect from 43.255.190.144: 11:  [preauth]
Apr 11 09:57:24 ovzhost sshd[924]: PAM 2 more authentication failures; logname= uid=0 euid=0 tty=ssh ruser= rhost=43.255.190.144  user=root
Apr 11 09:57:25 ovzhost sshd[928]: pam_unix(sshd:auth): authentication failure; logname= uid=0 euid=0 tty=ssh ruser= rhost=43.255.190.144  user=root
Apr 11 09:57:26 ovzhost sshd[926]: Failed password for root from 43.255.190.92 port 49436 ssh2
Apr 11 09:57:27 ovzhost sshd[928]: Failed password for root from 43.255.190.144 port 54097 ssh2
Apr 11 09:57:29 ovzhost sshd[926]: message repeated 2 times: [ Failed password for root from 43.255.190.92 port 49436 ssh2]
Apr 11 09:57:30 ovzhost sshd[926]: Received disconnect from 43.255.190.92: 11:  [preauth]
Apr 11 09:57:30 ovzhost sshd[926]: PAM 2 more authentication failures; logname= uid=0 euid=0 tty=ssh ruser= rhost=43.255.190.92  user=root
Apr 11 09:57:30 ovzhost sshd[930]: pam_unix(sshd:auth): authentication failure; logname= uid=0 euid=0 tty=ssh ruser= rhost=43.255.190.92  user=root
Apr 11 09:57:32 ovzhost sshd[928]: message repeated 2 times: [ Failed password for root from 43.255.190.144 port 54097 ssh2]
Apr 11 09:57:32 ovzhost sshd[928]: Received disconnect from 43.255.190.144: 11:  [preauth]
Apr 11 09:57:32 ovzhost sshd[928]: PAM 2 more authentication failures; logname= uid=0 euid=0 tty=ssh ruser= rhost=43.255.190.144  user=root
Apr 11 09:57:32 ovzhost sshd[930]: Failed password for root from 43.255.190.92 port 38490 ssh2
Apr 11 09:57:35 ovzhost sshd[933]: pam_unix(sshd:auth): authentication failure; logname= uid=0 euid=0 tty=ssh ruser= rhost=43.255.190.144  user=root
Apr 11 09:57:37 ovzhost sshd[933]: Failed password for root from 43.255.190.144 port 45592 ssh2
Apr 11 09:57:37 ovzhost sshd[930]: message repeated 2 times: [ Failed password for root from 43.255.190.92 port 38490 ssh2]
Apr 11 09:57:38 ovzhost sshd[930]: Received disconnect from 43.255.190.92: 11:  [preauth]
Apr 11 09:57:38 ovzhost sshd[930]: PAM 2 more authentication failures; logname= uid=0 euid=0 tty=ssh ruser= rhost=43.255.190.92  user=root
Apr 11 09:57:39 ovzhost sshd[936]: pam_unix(sshd:auth): authentication failure; logname= uid=0 euid=0 tty=ssh ruser= rhost=43.255.190.92  user=root
Apr 11 09:57:41 ovzhost sshd[933]: message repeated 2 times: [ Failed password for root from 43.255.190.144 port 45592 ssh2]
Apr 11 09:57:41 ovzhost sshd[933]: Received disconnect from 43.255.190.144: 11:  [preauth]
Apr 11 09:57:41 ovzhost sshd[933]: PAM 2 more authentication failures; logname= uid=0 euid=0 tty=ssh ruser= rhost=43.255.190.144  user=root
Apr 11 09:57:41 ovzhost sshd[936]: Failed password for root from 43.255.190.92 port 56870 ssh2
Apr 11 09:57:43 ovzhost sshd[938]: pam_unix(sshd:auth): authentication failure; logname= uid=0 euid=0 tty=ssh ruser= rhost=43.255.190.144  user=root
Apr 11 09:57:45 ovzhost sshd[938]: Failed password for root from 43.255.190.144 port 40266 ssh2
Apr 11 09:57:46 ovzhost sshd[936]: message repeated 2 times: [ Failed password for root from 43.255.190.92 port 56870 ssh2]
Apr 11 09:57:46 ovzhost sshd[936]: Received disconnect from 43.255.190.92: 11:  [preauth]
Apr 11 09:57:46 ovzhost sshd[936]: PAM 2 more authentication failures; logname= uid=0 euid=0 tty=ssh ruser= rhost=43.255.190.92  user=root
Apr 11 09:57:49 ovzhost sshd[938]: message repeated 2 times: [ Failed password for root from 43.255.190.144 port 40266 ssh2]
Apr 11 09:57:50 ovzhost sshd[938]: Received disconnect from 43.255.190.144: 11:  [preauth]
Apr 11 09:57:50 ovzhost sshd[938]: PAM 2 more authentication failures; logname= uid=0 euid=0 tty=ssh ruser= rhost=43.255.190.144  user=root
Apr 11 09:57:50 ovzhost sshd[940]: pam_unix(sshd:auth): authentication failure; logname= uid=0 euid=0 tty=ssh ruser= rhost=43.255.190.92  user=root
Apr 11 09:57:51 ovzhost sshd[942]: pam_unix(sshd:auth): authentication failure; logname= uid=0 euid=0 tty=ssh ruser= rhost=43.255.190.144  user=root
Apr 11 09:57:52 ovzhost sshd[940]: Failed password for root from 43.255.190.92 port 47142 ssh2
Apr 11 09:57:53 ovzhost sshd[942]: Failed password for root from 43.255.190.144 port 33196 ssh2
Apr 11 09:57:56 ovzhost sshd[940]: message repeated 2 times: [ Failed password for root from 43.255.190.92 port 47142 ssh2]
Apr 11 09:57:56 ovzhost sshd[940]: Received disconnect from 43.255.190.92: 11:  [preauth]
Apr 11 09:57:56 ovzhost sshd[940]: PAM 2 more authentication failures; logname= uid=0 euid=0 tty=ssh ruser= rhost=43.255.190.92  user=root
Apr 11 09:57:57 ovzhost sshd[944]: pam_unix(sshd:auth): authentication failure; logname= uid=0 euid=0 tty=ssh ruser= rhost=43.255.190.92  user=root
Apr 11 09:57:58 ovzhost sshd[942]: message repeated 2 times: [ Failed password for root from 43.255.190.144 port 33196 ssh2]
Apr 11 09:57:58 ovzhost sshd[942]: Received disconnect from 43.255.190.144: 11:  [preauth]
Apr 11 09:57:58 ovzhost sshd[942]: PAM 2 more authentication failures; logname= uid=0 euid=0 tty=ssh ruser= rhost=43.255.190.144  user=root
Apr 11 09:57:59 ovzhost sshd[944]: Failed password for root from 43.255.190.92 port 41409 ssh2
Apr 11 09:58:00 ovzhost sshd[946]: pam_unix(sshd:auth): authentication failure; logname= uid=0 euid=0 tty=ssh ruser= rhost=43.255.190.144  user=root
Apr 11 09:58:00 ovzhost sshd[949]: Connection closed by 127.0.0.1 [preauth]
Apr 11 09:58:03 ovzhost sshd[946]: Failed password for root from 43.255.190.144 port 53301 ssh2
Apr 11 09:58:03 ovzhost sshd[944]: message repeated 2 times: [ Failed password for root from 43.255.190.92 port 41409 ssh2]
Apr 11 09:58:03 ovzhost sshd[944]: Received disconnect from 43.255.190.92: 11:  [preauth]
Apr 11 09:58:03 ovzhost sshd[944]: PAM 2 more authentication failures; logname= uid=0 euid=0 tty=ssh ruser= rhost=43.255.190.92  user=root
Apr 11 09:58:05 ovzhost sshd[951]: pam_unix(sshd:auth): authentication failure; logname= uid=0 euid=0 tty=ssh ruser= rhost=43.255.190.92  user=root
Apr 11 09:58:06 ovzhost sshd[951]: Failed password for root from 43.255.190.92 port 57319 ssh2
Apr 11 09:58:07 ovzhost sshd[946]: message repeated 2 times: [ Failed password for root from 43.255.190.144 port 53301 ssh2]
Apr 11 09:58:07 ovzhost sshd[946]: Received disconnect from 43.255.190.144: 11:  [preauth]
Apr 11 09:58:07 ovzhost sshd[946]: PAM 2 more authentication failures; logname= uid=0 euid=0 tty=ssh ruser= rhost=43.255.190.144  user=root
Apr 11 09:58:08 ovzhost sshd[954]: pam_unix(sshd:auth): authentication failure; logname= uid=0 euid=0 tty=ssh ruser= rhost=43.255.190.144  user=root
Apr 11 09:58:10 ovzhost sshd[954]: Failed password for root from 43.255.190.144 port 47915 ssh2
Apr 11 09:58:11 ovzhost sshd[951]: message repeated 2 times: [ Failed password for root from 43.255.190.92 port 57319 ssh2]
Apr 11 09:58:11 ovzhost sshd[951]: Received disconnect from 43.255.190.92: 11:  [preauth]
Apr 11 09:58:11 ovzhost sshd[951]: PAM 2 more authentication failures; logname= uid=0 euid=0 tty=ssh ruser= rhost=43.255.190.92  user=root
Apr 11 09:58:14 ovzhost sshd[956]: pam_unix(sshd:auth): authentication failure; logname= uid=0 euid=0 tty=ssh ruser= rhost=43.255.190.92  user=root
Apr 11 09:58:15 ovzhost sshd[954]: message repeated 2 times: [ Failed password for root from 43.255.190.144 port 47915 ssh2]
Apr 11 09:58:15 ovzhost sshd[954]: Received disconnect from 43.255.190.144: 11:  [preauth]
Apr 11 09:58:15 ovzhost sshd[954]: PAM 2 more authentication failures; logname= uid=0 euid=0 tty=ssh ruser= rhost=43.255.190.144  user=root
Apr 11 09:58:16 ovzhost sshd[956]: Failed password for root from 43.255.190.92 port 46066 ssh2
Apr 11 09:58:16 ovzhost sshd[958]: pam_unix(sshd:auth): authentication failure; logname= uid=0 euid=0 tty=ssh ruser= rhost=43.255.190.144  user=root
Apr 11 09:58:18 ovzhost sshd[958]: Failed password for root from 43.255.190.144 port 38718 ssh2
Apr 11 09:58:20 ovzhost sshd[956]: message repeated 2 times: [ Failed password for root from 43.255.190.92 port 46066 ssh2]
Apr 11 09:58:20 ovzhost sshd[956]: Received disconnect from 43.255.190.92: 11:  [preauth]
Apr 11 09:58:20 ovzhost sshd[956]: PAM 2 more authentication failures; logname= uid=0 euid=0 tty=ssh ruser= rhost=43.255.190.92  user=root
Apr 11 09:58:22 ovzhost sshd[958]: message repeated 2 times: [ Failed password for root from 43.255.190.144 port 38718 ssh2]
Apr 11 09:58:23 ovzhost sshd[958]: Received disconnect from 43.255.190.144: 11:  [preauth]
Apr 11 09:58:23 ovzhost sshd[958]: PAM 2 more authentication failures; logname= uid=0 euid=0 tty=ssh ruser= rhost=43.255.190.144  user=root
Apr 11 09:58:23 ovzhost sshd[962]: pam_unix(sshd:auth): authentication failure; logname= uid=0 euid=0 tty=ssh ruser= rhost=43.255.190.92  user=root
Apr 11 09:58:24 ovzhost sshd[964]: pam_unix(sshd:auth): authentication failure; logname= uid=0 euid=0 tty=ssh ruser= rhost=43.255.190.144  user=root
Apr 11 09:58:26 ovzhost sshd[962]: Failed password for root from 43.255.190.92 port 37792 ssh2
Apr 11 09:58:26 ovzhost sshd[964]: Failed password for root from 43.255.190.144 port 57028 ssh2
Apr 11 09:58:30 ovzhost sshd[962]: message repeated 2 times: [ Failed password for root from 43.255.190.92 port 37792 ssh2]
Apr 11 09:58:31 ovzhost sshd[962]: Received disconnect from 43.255.190.92: 11:  [preauth]
Apr 11 09:58:31 ovzhost sshd[962]: PAM 2 more authentication failures; logname= uid=0 euid=0 tty=ssh ruser= rhost=43.255.190.92  user=root
Apr 11 09:58:31 ovzhost sshd[964]: message repeated 2 times: [ Failed password for root from 43.255.190.144 port 57028 ssh2]
Apr 11 09:58:31 ovzhost sshd[964]: Received disconnect from 43.255.190.144: 11:  [preauth]
Apr 11 09:58:31 ovzhost sshd[964]: PAM 2 more authentication failures; logname= uid=0 euid=0 tty=ssh ruser= rhost=43.255.190.144  user=root
Apr 11 09:58:32 ovzhost sshd[966]: pam_unix(sshd:auth): authentication failure; logname= uid=0 euid=0 tty=ssh ruser= rhost=43.255.190.92  user=root
Apr 11 09:58:34 ovzhost sshd[966]: Failed password for root from 43.255.190.92 port 59217 ssh2
Apr 11 09:58:35 ovzhost sshd[968]: pam_unix(sshd:auth): authentication failure; logname= uid=0 euid=0 tty=ssh ruser= rhost=43.255.190.144  user=root
Apr 11 09:58:38 ovzhost sshd[968]: Failed password for root from 43.255.190.144 port 47541 ssh2
Apr 11 09:58:38 ovzhost sshd[966]: message repeated 2 times: [ Failed password for root from 43.255.190.92 port 59217 ssh2]
Apr 11 09:58:38 ovzhost sshd[966]: Received disconnect from 43.255.190.92: 11:  [preauth]
Apr 11 09:58:38 ovzhost sshd[966]: PAM 2 more authentication failures; logname= uid=0 euid=0 tty=ssh ruser= rhost=43.255.190.92  user=root
Apr 11 09:58:39 ovzhost sshd[972]: pam_unix(sshd:auth): authentication failure; logname= uid=0 euid=0 tty=ssh ruser= rhost=43.255.190.92  user=root
Apr 11 09:58:41 ovzhost sshd[972]: Failed password for root from 43.255.190.92 port 47826 ssh2
Apr 11 09:58:42 ovzhost sshd[968]: message repeated 2 times: [ Failed password for root from 43.255.190.144 port 47541 ssh2]
Apr 11 09:58:42 ovzhost sshd[968]: Received disconnect from 43.255.190.144: 11:  [preauth]
Apr 11 09:58:42 ovzhost sshd[968]: PAM 2 more authentication failures; logname= uid=0 euid=0 tty=ssh ruser= rhost=43.255.190.144  user=root
Apr 11 09:58:43 ovzhost sshd[974]: pam_unix(sshd:auth): authentication failure; logname= uid=0 euid=0 tty=ssh ruser= rhost=43.255.190.144  user=root
Apr 11 09:58:45 ovzhost sshd[974]: Failed password for root from 43.255.190.144 port 46551 ssh2
Apr 11 09:58:45 ovzhost sshd[972]: message repeated 2 times: [ Failed password for root from 43.255.190.92 port 47826 ssh2]
Apr 11 09:58:45 ovzhost sshd[972]: Received disconnect from 43.255.190.92: 11:  [preauth]
Apr 11 09:58:45 ovzhost sshd[972]: PAM 2 more authentication failures; logname= uid=0 euid=0 tty=ssh ruser= rhost=43.255.190.92  user=root
Apr 11 09:58:48 ovzhost sshd[976]: pam_unix(sshd:auth): authentication failure; logname= uid=0 euid=0 tty=ssh ruser= rhost=43.255.190.92  user=root
Apr 11 09:58:50 ovzhost sshd[974]: message repeated 2 times: [ Failed password for root from 43.255.190.144 port 46551 ssh2]
Apr 11 09:58:50 ovzhost sshd[974]: Received disconnect from 43.255.190.144: 11:  [preauth]
Apr 11 09:58:50 ovzhost sshd[974]: PAM 2 more authentication failures; logname= uid=0 euid=0 tty=ssh ruser= rhost=43.255.190.144  user=root
Apr 11 09:58:50 ovzhost sshd[976]: Failed password for root from 43.255.190.92 port 34642 ssh2
Apr 11 09:58:51 ovzhost sshd[978]: pam_unix(sshd:auth): authentication failure; logname= uid=0 euid=0 tty=ssh ruser= rhost=43.255.190.144  user=root
Apr 11 09:58:53 ovzhost sshd[978]: Failed password for root from 43.255.190.144 port 36489 ssh2
Apr 11 09:58:55 ovzhost sshd[976]: message repeated 2 times: [ Failed password for root from 43.255.190.92 port 34642 ssh2]
Apr 11 09:58:55 ovzhost sshd[976]: Received disconnect from 43.255.190.92: 11:  [preauth]
Apr 11 09:58:55 ovzhost sshd[976]: PAM 2 more authentication failures; logname= uid=0 euid=0 tty=ssh ruser= rhost=43.255.190.92  user=root
Apr 11 09:58:57 ovzhost sshd[980]: pam_unix(sshd:auth): authentication failure; logname= uid=0 euid=0 tty=ssh ruser= rhost=43.255.190.92  user=root
Apr 11 09:58:57 ovzhost sshd[978]: message repeated 2 times: [ Failed password for root from 43.255.190.144 port 36489 ssh2]
Apr 11 09:58:57 ovzhost sshd[978]: Received disconnect from 43.255.190.144: 11:  [preauth]
Apr 11 09:58:57 ovzhost sshd[978]: PAM 2 more authentication failures; logname= uid=0 euid=0 tty=ssh ruser= rhost=43.255.190.144  user=root
Apr 11 09:58:59 ovzhost sshd[982]: pam_unix(sshd:auth): authentication failure; logname= uid=0 euid=0 tty=ssh ruser= rhost=43.255.190.144  user=root
Apr 11 09:58:59 ovzhost sshd[980]: Failed password for root from 43.255.190.92 port 55039 ssh2
Apr 11 09:59:01 ovzhost sshd[982]: Failed password for root from 43.255.190.144 port 53986 ssh2
Apr 11 09:59:04 ovzhost sshd[980]: message repeated 2 times: [ Failed password for root from 43.255.190.92 port 55039 ssh2]
Apr 11 09:59:04 ovzhost sshd[980]: Received disconnect from 43.255.190.92: 11:  [preauth]
Apr 11 09:59:04 ovzhost sshd[980]: PAM 2 more authentication failures; logname= uid=0 euid=0 tty=ssh ruser= rhost=43.255.190.92  user=root
Apr 11 09:59:05 ovzhost sshd[984]: pam_unix(sshd:auth): authentication failure; logname= uid=0 euid=0 tty=ssh ruser= rhost=43.255.190.92  user=root
Apr 11 09:59:05 ovzhost sshd[982]: message repeated 2 times: [ Failed password for root from 43.255.190.144 port 53986 ssh2]
Apr 11 09:59:06 ovzhost sshd[982]: Received disconnect from 43.255.190.144: 11:  [preauth]
Apr 11 09:59:06 ovzhost sshd[982]: PAM 2 more authentication failures; logname= uid=0 euid=0 tty=ssh ruser= rhost=43.255.190.144  user=root
Apr 11 09:59:07 ovzhost sshd[986]: pam_unix(sshd:auth): authentication failure; logname= uid=0 euid=0 tty=ssh ruser= rhost=43.255.190.144  user=root
Apr 11 09:59:07 ovzhost sshd[984]: Failed password for root from 43.255.190.92 port 44670 ssh2
Apr 11 09:59:08 ovzhost sshd[986]: Failed password for root from 43.255.190.144 port 45602 ssh2
Apr 11 09:59:12 ovzhost sshd[984]: message repeated 2 times: [ Failed password for root from 43.255.190.92 port 44670 ssh2]
Apr 11 09:59:12 ovzhost sshd[984]: Received disconnect from 43.255.190.92: 11:  [preauth]
Apr 11 09:59:12 ovzhost sshd[984]: PAM 2 more authentication failures; logname= uid=0 euid=0 tty=ssh ruser= rhost=43.255.190.92  user=root
Apr 11 09:59:12 ovzhost sshd[990]: pam_unix(sshd:auth): authentication failure; logname= uid=0 euid=0 tty=ssh ruser= rhost=43.255.190.92  user=root
Apr 11 09:59:13 ovzhost sshd[986]: message repeated 2 times: [ Failed password for root from 43.255.190.144 port 45602 ssh2]
Apr 11 09:59:13 ovzhost sshd[986]: Received disconnect from 43.255.190.144: 11:  [preauth]
Apr 11 09:59:13 ovzhost sshd[986]: PAM 2 more authentication failures; logname= uid=0 euid=0 tty=ssh ruser= rhost=43.255.190.144  user=root
Apr 11 09:59:13 ovzhost sshd[992]: pam_unix(sshd:auth): authentication failure; logname= uid=0 euid=0 tty=ssh ruser= rhost=43.255.190.144  user=root
Apr 11 09:59:14 ovzhost sshd[990]: Failed password for root from 43.255.190.92 port 33047 ssh2
Apr 11 09:59:16 ovzhost sshd[992]: Failed password for root from 43.255.190.144 port 33938 ssh2
Apr 11 09:59:19 ovzhost sshd[990]: message repeated 2 times: [ Failed password for root from 43.255.190.92 port 33047 ssh2]
Apr 11 09:59:19 ovzhost sshd[990]: Received disconnect from 43.255.190.92: 11:  [preauth]
Apr 11 09:59:19 ovzhost sshd[990]: PAM 2 more authentication failures; logname= uid=0 euid=0 tty=ssh ruser= rhost=43.255.190.92  user=root
Apr 11 09:59:20 ovzhost sshd[992]: message repeated 2 times: [ Failed password for root from 43.255.190.144 port 33938 ssh2]
Apr 11 09:59:21 ovzhost sshd[992]: Received disconnect from 43.255.190.144: 11:  [preauth]
Apr 11 09:59:21 ovzhost sshd[992]: PAM 2 more authentication failures; logname= uid=0 euid=0 tty=ssh ruser= rhost=43.255.190.144  user=root
Apr 11 09:59:21 ovzhost sshd[994]: pam_unix(sshd:auth): authentication failure; logname= uid=0 euid=0 tty=ssh ruser= rhost=43.255.190.92  user=root
Apr 11 09:59:23 ovzhost sshd[994]: Failed password for root from 43.255.190.92 port 48048 ssh2
Apr 11 09:59:23 ovzhost sshd[996]: pam_unix(sshd:auth): authentication failure; logname= uid=0 euid=0 tty=ssh ruser= rhost=43.255.190.144  user=root
Apr 11 09:59:24 ovzhost sshd[996]: Failed password for root from 43.255.190.144 port 52548 ssh2
Apr 11 09:59:26 ovzhost sshd[994]: message repeated 2 times: [ Failed password for root from 43.255.190.92 port 48048 ssh2]
Apr 11 09:59:27 ovzhost sshd[994]: Received disconnect from 43.255.190.92: 11:  [preauth]
Apr 11 09:59:27 ovzhost sshd[994]: PAM 2 more authentication failures; logname= uid=0 euid=0 tty=ssh ruser= rhost=43.255.190.92  user=root
Apr 11 09:59:29 ovzhost sshd[998]: pam_unix(sshd:auth): authentication failure; logname= uid=0 euid=0 tty=ssh ruser= rhost=43.255.190.92  user=root
Apr 11 09:59:29 ovzhost sshd[996]: message repeated 2 times: [ Failed password for root from 43.255.190.144 port 52548 ssh2]
Apr 11 09:59:29 ovzhost sshd[996]: Received disconnect from 43.255.190.144: 11:  [preauth]
Apr 11 09:59:29 ovzhost sshd[996]: PAM 2 more authentication failures; logname= uid=0 euid=0 tty=ssh ruser= rhost=43.255.190.144  user=root
Apr 11 09:59:31 ovzhost sshd[1002]: pam_unix(sshd:auth): authentication failure; logname= uid=0 euid=0 tty=ssh ruser= rhost=43.255.190.144  user=root
Apr 11 09:59:31 ovzhost sshd[998]: Failed password for root from 43.255.190.92 port 36350 ssh2
Apr 11 09:59:32 ovzhost sshd[1002]: Failed password for root from 43.255.190.144 port 45209 ssh2
Apr 11 09:59:35 ovzhost sshd[998]: message repeated 2 times: [ Failed password for root from 43.255.190.92 port 36350 ssh2]
Apr 11 09:59:35 ovzhost sshd[998]: Received disconnect from 43.255.190.92: 11:  [preauth]
Apr 11 09:59:35 ovzhost sshd[998]: PAM 2 more authentication failures; logname= uid=0 euid=0 tty=ssh ruser= rhost=43.255.190.92  user=root
Apr 11 09:59:36 ovzhost sshd[1002]: message repeated 2 times: [ Failed password for root from 43.255.190.144 port 45209 ssh2]
Apr 11 09:59:36 ovzhost sshd[1002]: Received disconnect from 43.255.190.144: 11:  [preauth]
Apr 11 09:59:36 ovzhost sshd[1002]: PAM 2 more authentication failures; logname= uid=0 euid=0 tty=ssh ruser= rhost=43.255.190.144  user=root
Apr 11 09:59:38 ovzhost sshd[1004]: pam_unix(sshd:auth): authentication failure; logname= uid=0 euid=0 tty=ssh ruser= rhost=43.255.190.92  user=root
Apr 11 09:59:38 ovzhost sshd[1006]: pam_unix(sshd:auth): authentication failure; logname= uid=0 euid=0 tty=ssh ruser= rhost=43.255.190.144  user=root
Apr 11 09:59:40 ovzhost sshd[1004]: Failed password for root from 43.255.190.92 port 54742 ssh2
Apr 11 09:59:40 ovzhost sshd[1006]: Failed password for root from 43.255.190.144 port 32864 ssh2
Apr 11 09:59:44 ovzhost sshd[1004]: message repeated 2 times: [ Failed password for root from 43.255.190.92 port 54742 ssh2]
Apr 11 09:59:45 ovzhost sshd[1004]: Received disconnect from 43.255.190.92: 11:  [preauth]
Apr 11 09:59:45 ovzhost sshd[1004]: PAM 2 more authentication failures; logname= uid=0 euid=0 tty=ssh ruser= rhost=43.255.190.92  user=root
Apr 11 09:59:44 ovzhost sshd[1006]: message repeated 2 times: [ Failed password for root from 43.255.190.144 port 32864 ssh2]
Apr 11 09:59:45 ovzhost sshd[1006]: Received disconnect from 43.255.190.144: 11:  [preauth]
Apr 11 09:59:45 ovzhost sshd[1006]: PAM 2 more authentication failures; logname= uid=0 euid=0 tty=ssh ruser= rhost=43.255.190.144  user=root
Apr 11 09:59:47 ovzhost sshd[1011]: pam_unix(sshd:auth): authentication failure; logname= uid=0 euid=0 tty=ssh ruser= rhost=43.255.190.92  user=root
Apr 11 09:59:47 ovzhost sshd[1009]: pam_unix(sshd:auth): authentication failure; logname= uid=0 euid=0 tty=ssh ruser= rhost=43.255.190.144  user=root
Apr 11 09:59:48 ovzhost sshd[1011]: Failed password for root from 43.255.190.92 port 45360 ssh2
Apr 11 09:59:48 ovzhost sshd[1009]: Failed password for root from 43.255.190.144 port 54206 ssh2
Apr 11 09:59:53 ovzhost sshd[1011]: message repeated 2 times: [ Failed password for root from 43.255.190.92 port 45360 ssh2]
Apr 11 09:59:53 ovzhost sshd[1011]: Received disconnect from 43.255.190.92: 11:  [preauth]
Apr 11 09:59:53 ovzhost sshd[1011]: PAM 2 more authentication failures; logname= uid=0 euid=0 tty=ssh ruser= rhost=43.255.190.92  user=root
Apr 11 09:59:53 ovzhost sshd[1009]: message repeated 2 times: [ Failed password for root from 43.255.190.144 port 54206 ssh2]
Apr 11 09:59:54 ovzhost sshd[1009]: Received disconnect from 43.255.190.144: 11:  [preauth]
Apr 11 09:59:54 ovzhost sshd[1009]: PAM 2 more authentication failures; logname= uid=0 euid=0 tty=ssh ruser= rhost=43.255.190.144  user=root
Apr 11 09:59:55 ovzhost sshd[1013]: pam_unix(sshd:auth): authentication failure; logname= uid=0 euid=0 tty=ssh ruser= rhost=43.255.190.92  user=root
Apr 11 09:59:56 ovzhost sshd[1015]: pam_unix(sshd:auth): authentication failure; logname= uid=0 euid=0 tty=ssh ruser= rhost=43.255.190.144  user=root
Apr 11 09:59:57 ovzhost sshd[1013]: Failed password for root from 43.255.190.92 port 35564 ssh2
Apr 11 09:59:58 ovzhost sshd[1015]: Failed password for root from 43.255.190.144 port 45729 ssh2
Apr 11 10:00:01 ovzhost CRON[1017]: pam_env(cron:session): Unable to open env file: /etc/default/locale: No such file or directory
Apr 11 10:00:01 ovzhost CRON[1017]: pam_unix(cron:session): session opened for user smmsp by (uid=0)
Apr 11 10:00:01 ovzhost CRON[1017]: pam_unix(cron:session): session closed for user smmsp
Apr 11 10:00:01 ovzhost sshd[1013]: message repeated 2 times: [ Failed password for root from 43.255.190.92 port 35564 ssh2]
Apr 11 10:00:01 ovzhost sshd[1013]: Received disconnect from 43.255.190.92: 11:  [preauth]
Apr 11 10:00:01 ovzhost sshd[1013]: PAM 2 more authentication failures; logname= uid=0 euid=0 tty=ssh ruser= rhost=43.255.190.92  user=root
Apr 11 10:00:01 ovzhost sshd[1043]: pam_unix(sshd:auth): authentication failure; logname= uid=0 euid=0 tty=ssh ruser= rhost=43.255.190.92  user=root
Apr 11 10:00:02 ovzhost sshd[1015]: message repeated 2 times: [ Failed password for root from 43.255.190.144 port 45729 ssh2]
Apr 11 10:00:02 ovzhost sshd[1015]: Received disconnect from 43.255.190.144: 11:  [preauth]
Apr 11 10:00:02 ovzhost sshd[1015]: PAM 2 more authentication failures; logname= uid=0 euid=0 tty=ssh ruser= rhost=43.255.190.144  user=root
Apr 11 10:00:03 ovzhost sshd[1043]: Failed password for root from 43.255.190.92 port 51635 ssh2
Apr 11 10:00:03 ovzhost sshd[1045]: pam_unix(sshd:auth): authentication failure; logname= uid=0 euid=0 tty=ssh ruser= rhost=43.255.190.144  user=root
Apr 11 10:00:06 ovzhost sshd[1045]: Failed password for root from 43.255.190.144 port 38425 ssh2
Apr 11 10:00:08 ovzhost sshd[1043]: message repeated 2 times: [ Failed password for root from 43.255.190.92 port 51635 ssh2]
Apr 11 10:00:08 ovzhost sshd[1043]: Received disconnect from 43.255.190.92: 11:  [preauth]
Apr 11 10:00:08 ovzhost sshd[1043]: PAM 2 more authentication failures; logname= uid=0 euid=0 tty=ssh ruser= rhost=43.255.190.92  user=root
Apr 11 10:00:10 ovzhost sshd[1048]: pam_unix(sshd:auth): authentication failure; logname= uid=0 euid=0 tty=ssh ruser= rhost=43.255.190.92  user=root
Apr 11 10:00:10 ovzhost sshd[1045]: message repeated 2 times: [ Failed password for root from 43.255.190.144 port 38425 ssh2]
Apr 11 10:00:10 ovzhost sshd[1045]: Received disconnect from 43.255.190.144: 11:  [preauth]
Apr 11 10:00:10 ovzhost sshd[1045]: PAM 2 more authentication failures; logname= uid=0 euid=0 tty=ssh ruser= rhost=43.255.190.144  user=root
Apr 11 10:00:12 ovzhost sshd[1048]: Failed password for root from 43.255.190.92 port 38764 ssh2
Apr 11 10:00:12 ovzhost sshd[1050]: pam_unix(sshd:auth): authentication failure; logname= uid=0 euid=0 tty=ssh ruser= rhost=43.255.190.144  user=root
Apr 11 10:00:15 ovzhost sshd[1050]: Failed password for root from 43.255.190.144 port 56012 ssh2
Apr 11 10:00:17 ovzhost sshd[1048]: message repeated 2 times: [ Failed password for root from 43.255.190.92 port 38764 ssh2]
Apr 11 10:00:17 ovzhost sshd[1048]: Received disconnect from 43.255.190.92: 11:  [preauth]
Apr 11 10:00:17 ovzhost sshd[1048]: PAM 2 more authentication failures; logname= uid=0 euid=0 tty=ssh ruser= rhost=43.255.190.92  user=root
Apr 11 10:00:19 ovzhost sshd[1050]: message repeated 2 times: [ Failed password for root from 43.255.190.144 port 56012 ssh2]
Apr 11 10:00:19 ovzhost sshd[1050]: Received disconnect from 43.255.190.144: 11:  [preauth]
Apr 11 10:00:19 ovzhost sshd[1050]: PAM 2 more authentication failures; logname= uid=0 euid=0 tty=ssh ruser= rhost=43.255.190.144  user=root
Apr 11 10:00:21 ovzhost sshd[1052]: pam_unix(sshd:auth): authentication failure; logname= uid=0 euid=0 tty=ssh ruser= rhost=43.255.190.92  user=root
Apr 11 10:00:21 ovzhost sshd[1054]: pam_unix(sshd:auth): authentication failure; logname= uid=0 euid=0 tty=ssh ruser= rhost=43.255.190.144  user=root
Apr 11 10:00:23 ovzhost sshd[1052]: Failed password for root from 43.255.190.92 port 56391 ssh2
Apr 11 10:00:23 ovzhost sshd[1054]: Failed password for root from 43.255.190.144 port 48768 ssh2
Apr 11 10:00:27 ovzhost sshd[1052]: message repeated 2 times: [ Failed password for root from 43.255.190.92 port 56391 ssh2]
Apr 11 10:00:28 ovzhost sshd[1052]: Received disconnect from 43.255.190.92: 11:  [preauth]
Apr 11 10:00:28 ovzhost sshd[1052]: PAM 2 more authentication failures; logname= uid=0 euid=0 tty=ssh ruser= rhost=43.255.190.92  user=root
Apr 11 10:00:28 ovzhost sshd[1054]: message repeated 2 times: [ Failed password for root from 43.255.190.144 port 48768 ssh2]
Apr 11 10:00:28 ovzhost sshd[1054]: Received disconnect from 43.255.190.144: 11:  [preauth]
Apr 11 10:00:28 ovzhost sshd[1054]: PAM 2 more authentication failures; logname= uid=0 euid=0 tty=ssh ruser= rhost=43.255.190.144  user=root
Apr 11 10:00:29 ovzhost sshd[1056]: pam_unix(sshd:auth): authentication failure; logname= uid=0 euid=0 tty=ssh ruser= rhost=43.255.190.92  user=root
Apr 11 10:00:30 ovzhost sshd[1058]: pam_unix(sshd:auth): authentication failure; logname= uid=0 euid=0 tty=ssh ruser= rhost=43.255.190.144  user=root
Apr 11 10:00:32 ovzhost sshd[1056]: Failed password for root from 43.255.190.92 port 49915 ssh2
Apr 11 10:00:32 ovzhost sshd[1058]: Failed password for root from 43.255.190.144 port 40230 ssh2
Apr 11 10:00:36 ovzhost sshd[1056]: message repeated 2 times: [ Failed password for root from 43.255.190.92 port 49915 ssh2]
Apr 11 10:00:36 ovzhost sshd[1056]: Received disconnect from 43.255.190.92: 11:  [preauth]
Apr 11 10:00:36 ovzhost sshd[1056]: PAM 2 more authentication failures; logname= uid=0 euid=0 tty=ssh ruser= rhost=43.255.190.92  user=root
Apr 11 10:00:37 ovzhost sshd[1060]: pam_unix(sshd:auth): authentication failure; logname= uid=0 euid=0 tty=ssh ruser= rhost=43.255.190.92  user=root
Apr 11 10:00:39 ovzhost sshd[1060]: Failed password for root from 43.255.190.92 port 39723 ssh2
Apr 11 10:00:39 ovzhost sshd[1063]: Connection closed by 128.8.37.120 [preauth]
Apr 11 10:00:40 ovzhost sshd[1058]: message repeated 2 times: [ Failed password for root from 43.255.190.144 port 40230 ssh2]
Apr 11 10:00:40 ovzhost sshd[1058]: Received disconnect from 43.255.190.144: 11:  [preauth]
Apr 11 10:00:40 ovzhost sshd[1058]: PAM 2 more authentication failures; logname= uid=0 euid=0 tty=ssh ruser= rhost=43.255.190.144  user=root
Apr 11 10:00:41 ovzhost sshd[1065]: pam_unix(sshd:auth): authentication failure; logname= uid=0 euid=0 tty=ssh ruser= rhost=43.255.190.144  user=root
Apr 11 10:00:43 ovzhost sshd[1065]: Failed password for root from 43.255.190.144 port 39298 ssh2
Apr 11 10:00:44 ovzhost sshd[1060]: message repeated 2 times: [ Failed password for root from 43.255.190.92 port 39723 ssh2]
Apr 11 10:00:44 ovzhost sshd[1060]: Received disconnect from 43.255.190.92: 11:  [preauth]
Apr 11 10:00:44 ovzhost sshd[1060]: PAM 2 more authentication failures; logname= uid=0 euid=0 tty=ssh ruser= rhost=43.255.190.92  user=root
Apr 11 10:00:45 ovzhost sshd[1067]: pam_unix(sshd:auth): authentication failure; logname= uid=0 euid=0 tty=ssh ruser= rhost=43.255.190.92  user=root
Apr 11 10:00:47 ovzhost sshd[1067]: Failed password for root from 43.255.190.92 port 55506 ssh2
Apr 11 10:00:47 ovzhost sshd[1065]: message repeated 2 times: [ Failed password for root from 43.255.190.144 port 39298 ssh2]
Apr 11 10:00:47 ovzhost sshd[1065]: Received disconnect from 43.255.190.144: 11:  [preauth]
Apr 11 10:00:47 ovzhost sshd[1065]: PAM 2 more authentication failures; logname= uid=0 euid=0 tty=ssh ruser= rhost=43.255.190.144  user=root
Apr 11 10:00:48 ovzhost sshd[1069]: pam_unix(sshd:auth): authentication failure; logname= uid=0 euid=0 tty=ssh ruser= rhost=43.255.190.144  user=root
Apr 11 10:00:50 ovzhost sshd[1069]: Failed password for root from 43.255.190.144 port 57486 ssh2
Apr 11 10:00:51 ovzhost sshd[1067]: message repeated 2 times: [ Failed password for root from 43.255.190.92 port 55506 ssh2]
Apr 11 10:00:52 ovzhost sshd[1067]: Received disconnect from 43.255.190.92: 11:  [preauth]
Apr 11 10:00:52 ovzhost sshd[1067]: PAM 2 more authentication failures; logname= uid=0 euid=0 tty=ssh ruser= rhost=43.255.190.92  user=root
Apr 11 10:00:53 ovzhost sshd[1073]: pam_unix(sshd:auth): authentication failure; logname= uid=0 euid=0 tty=ssh ruser= rhost=43.255.190.92  user=root
Apr 11 10:00:54 ovzhost sshd[1069]: message repeated 2 times: [ Failed password for root from 43.255.190.144 port 57486 ssh2]
Apr 11 10:00:55 ovzhost sshd[1069]: Received disconnect from 43.255.190.144: 11:  [preauth]
Apr 11 10:00:55 ovzhost sshd[1069]: PAM 2 more authentication failures; logname= uid=0 euid=0 tty=ssh ruser= rhost=43.255.190.144  user=root
Apr 11 10:00:55 ovzhost sshd[1073]: Failed password for root from 43.255.190.92 port 43274 ssh2
Apr 11 10:00:56 ovzhost sshd[1075]: pam_unix(sshd:auth): authentication failure; logname= uid=0 euid=0 tty=ssh ruser= rhost=43.255.190.144  user=root
Apr 11 10:00:57 ovzhost sshd[1071]: pam_unix(sshd:auth): authentication failure; logname= uid=0 euid=0 tty=ssh ruser= rhost=61.160.213.190  user=root
Apr 11 10:00:57 ovzhost sshd[1075]: Failed password for root from 43.255.190.144 port 45634 ssh2
Apr 11 10:00:58 ovzhost sshd[1073]: message repeated 2 times: [ Failed password for root from 43.255.190.92 port 43274 ssh2]
Apr 11 10:00:59 ovzhost sshd[1073]: Received disconnect from 43.255.190.92: 11:  [preauth]
Apr 11 10:00:59 ovzhost sshd[1073]: PAM 2 more authentication failures; logname= uid=0 euid=0 tty=ssh ruser= rhost=43.255.190.92  user=root
Apr 11 10:00:59 ovzhost sshd[1071]: Failed password for root from 61.160.213.190 port 32959 ssh2
Apr 11 10:01:00 ovzhost sshd[1077]: pam_unix(sshd:auth): authentication failure; logname= uid=0 euid=0 tty=ssh ruser= rhost=43.255.190.92  user=root
Apr 11 10:01:02 ovzhost sshd[1075]: message repeated 2 times: [ Failed password for root from 43.255.190.144 port 45634 ssh2]
Apr 11 10:01:02 ovzhost sshd[1075]: Received disconnect from 43.255.190.144: 11:  [preauth]
Apr 11 10:01:02 ovzhost sshd[1075]: PAM 2 more authentication failures; logname= uid=0 euid=0 tty=ssh ruser= rhost=43.255.190.144  user=root
Apr 11 10:01:02 ovzhost sshd[1077]: Failed password for root from 43.255.190.92 port 58958 ssh2
Apr 11 10:01:03 ovzhost sshd[1079]: pam_unix(sshd:auth): authentication failure; logname= uid=0 euid=0 tty=ssh ruser= rhost=43.255.190.144  user=root
Apr 11 10:01:04 ovzhost sshd[1079]: Failed password for root from 43.255.190.144 port 33972 ssh2
Apr 11 10:01:04 ovzhost sshd[1071]: message repeated 2 times: [ Failed password for root from 61.160.213.190 port 32959 ssh2]
Apr 11 10:01:04 ovzhost sshd[1071]: Received disconnect from 61.160.213.190: 11:  [preauth]
Apr 11 10:01:04 ovzhost sshd[1071]: PAM 2 more authentication failures; logname= uid=0 euid=0 tty=ssh ruser= rhost=61.160.213.190  user=root
Apr 11 10:01:06 ovzhost sshd[1077]: message repeated 2 times: [ Failed password for root from 43.255.190.92 port 58958 ssh2]
Apr 11 10:01:06 ovzhost sshd[1077]: Received disconnect from 43.255.190.92: 11:  [preauth]
Apr 11 10:01:06 ovzhost sshd[1077]: PAM 2 more authentication failures; logname= uid=0 euid=0 tty=ssh ruser= rhost=43.255.190.92  user=root
Apr 11 10:01:07 ovzhost sshd[1083]: pam_unix(sshd:auth): authentication failure; logname= uid=0 euid=0 tty=ssh ruser= rhost=43.255.190.92  user=root
Apr 11 10:01:09 ovzhost sshd[1079]: message repeated 2 times: [ Failed password for root from 43.255.190.144 port 33972 ssh2]
Apr 11 10:01:09 ovzhost sshd[1079]: Received disconnect from 43.255.190.144: 11:  [preauth]
Apr 11 10:01:09 ovzhost sshd[1079]: PAM 2 more authentication failures; logname= uid=0 euid=0 tty=ssh ruser= rhost=43.255.190.144  user=root
Apr 11 10:01:09 ovzhost sshd[1081]: pam_unix(sshd:auth): authentication failure; logname= uid=0 euid=0 tty=ssh ruser= rhost=61.160.213.190  user=root
Apr 11 10:01:09 ovzhost sshd[1083]: Failed password for root from 43.255.190.92 port 46292 ssh2
Apr 11 10:01:10 ovzhost sshd[1087]: pam_unix(sshd:auth): authentication failure; logname= uid=0 euid=0 tty=ssh ruser= rhost=43.255.190.144  user=root
Apr 11 10:01:10 ovzhost sshd[1081]: Failed password for root from 61.160.213.190 port 33430 ssh2
Apr 11 10:01:12 ovzhost sshd[1087]: Failed password for root from 43.255.190.144 port 50486 ssh2
Apr 11 10:01:13 ovzhost sshd[1083]: message repeated 2 times: [ Failed password for root from 43.255.190.92 port 46292 ssh2]
Apr 11 10:01:13 ovzhost sshd[1083]: Received disconnect from 43.255.190.92: 11:  [preauth]
Apr 11 10:01:13 ovzhost sshd[1083]: PAM 2 more authentication failures; logname= uid=0 euid=0 tty=ssh ruser= rhost=43.255.190.92  user=root
Apr 11 10:01:14 ovzhost sshd[1089]: pam_unix(sshd:auth): authentication failure; logname= uid=0 euid=0 tty=ssh ruser= rhost=43.255.190.92  user=root
Apr 11 10:01:16 ovzhost sshd[1089]: Failed password for root from 43.255.190.92 port 32953 ssh2
Apr 11 10:01:16 ovzhost sshd[1081]: message repeated 2 times: [ Failed password for root from 61.160.213.190 port 33430 ssh2]
Apr 11 10:01:16 ovzhost sshd[1081]: Received disconnect from 61.160.213.190: 11:  [preauth]
Apr 11 10:01:16 ovzhost sshd[1081]: PAM 2 more authentication failures; logname= uid=0 euid=0 tty=ssh ruser= rhost=61.160.213.190  user=root
Apr 11 10:01:17 ovzhost sshd[1087]: message repeated 2 times: [ Failed password for root from 43.255.190.144 port 50486 ssh2]
Apr 11 10:01:17 ovzhost sshd[1087]: Received disconnect from 43.255.190.144: 11:  [preauth]
Apr 11 10:01:17 ovzhost sshd[1087]: PAM 2 more authentication failures; logname= uid=0 euid=0 tty=ssh ruser= rhost=43.255.190.144  user=root
Apr 11 10:01:19 ovzhost sshd[1093]: pam_unix(sshd:auth): authentication failure; logname= uid=0 euid=0 tty=ssh ruser= rhost=43.255.190.144  user=root
Apr 11 10:01:21 ovzhost sshd[1091]: pam_unix(sshd:auth): authentication failure; logname= uid=0 euid=0 tty=ssh ruser= rhost=61.160.213.190  user=root
Apr 11 10:01:20 ovzhost sshd[1089]: message repeated 2 times: [ Failed password for root from 43.255.190.92 port 32953 ssh2]
Apr 11 10:01:21 ovzhost sshd[1089]: Received disconnect from 43.255.190.92: 11:  [preauth]
Apr 11 10:01:21 ovzhost sshd[1089]: PAM 2 more authentication failures; logname= uid=0 euid=0 tty=ssh ruser= rhost=43.255.190.92  user=root
Apr 11 10:01:21 ovzhost sshd[1093]: Failed password for root from 43.255.190.144 port 40640 ssh2
Apr 11 10:01:22 ovzhost sshd[1091]: Failed password for root from 61.160.213.190 port 57466 ssh2
Apr 11 10:01:23 ovzhost sshd[1095]: pam_unix(sshd:auth): authentication failure; logname= uid=0 euid=0 tty=ssh ruser= rhost=43.255.190.92  user=root
Apr 11 10:01:25 ovzhost sshd[1095]: Failed password for root from 43.255.190.92 port 47786 ssh2
Apr 11 10:01:25 ovzhost sshd[1093]: message repeated 2 times: [ Failed password for root from 43.255.190.144 port 40640 ssh2]
Apr 11 10:01:25 ovzhost sshd[1093]: Received disconnect from 43.255.190.144: 11:  [preauth]
Apr 11 10:01:25 ovzhost sshd[1093]: PAM 2 more authentication failures; logname= uid=0 euid=0 tty=ssh ruser= rhost=43.255.190.144  user=root
Apr 11 10:01:27 ovzhost sshd[1097]: pam_unix(sshd:auth): authentication failure; logname= uid=0 euid=0 tty=ssh ruser= rhost=43.255.190.144  user=root
Apr 11 10:01:28 ovzhost sshd[1091]: message repeated 2 times: [ Failed password for root from 61.160.213.190 port 57466 ssh2]
Apr 11 10:01:28 ovzhost sshd[1091]: Received disconnect from 61.160.213.190: 11:  [preauth]
Apr 11 10:01:28 ovzhost sshd[1091]: PAM 2 more authentication failures; logname= uid=0 euid=0 tty=ssh ruser= rhost=61.160.213.190  user=root
Apr 11 10:01:29 ovzhost sshd[1097]: Failed password for root from 43.255.190.144 port 60547 ssh2
Apr 11 10:01:29 ovzhost sshd[1095]: message repeated 2 times: [ Failed password for root from 43.255.190.92 port 47786 ssh2]
Apr 11 10:01:29 ovzhost sshd[1095]: Received disconnect from 43.255.190.92: 11:  [preauth]
Apr 11 10:01:29 ovzhost sshd[1095]: PAM 2 more authentication failures; logname= uid=0 euid=0 tty=ssh ruser= rhost=43.255.190.92  user=root
Apr 11 10:01:30 ovzhost sshd[1099]: pam_unix(sshd:auth): authentication failure; logname= uid=0 euid=0 tty=ssh ruser= rhost=61.160.213.190  user=root
Apr 11 10:01:30 ovzhost sshd[1101]: pam_unix(sshd:auth): authentication failure; logname= uid=0 euid=0 tty=ssh ruser= rhost=43.255.190.92  user=root
Apr 11 10:01:32 ovzhost sshd[1099]: Failed password for root from 61.160.213.190 port 51913 ssh2
Apr 11 10:01:33 ovzhost sshd[1101]: Failed password for root from 43.255.190.92 port 37734 ssh2
Apr 11 10:01:33 ovzhost sshd[1097]: message repeated 2 times: [ Failed password for root from 43.255.190.144 port 60547 ssh2]
Apr 11 10:01:33 ovzhost sshd[1097]: Received disconnect from 43.255.190.144: 11:  [preauth]
Apr 11 10:01:33 ovzhost sshd[1097]: PAM 2 more authentication failures; logname= uid=0 euid=0 tty=ssh ruser= rhost=43.255.190.144  user=root
Apr 11 10:01:34 ovzhost sshd[1103]: pam_unix(sshd:auth): authentication failure; logname= uid=0 euid=0 tty=ssh ruser= rhost=43.255.190.144  user=root
Apr 11 10:01:36 ovzhost sshd[1103]: Failed password for root from 43.255.190.144 port 50075 ssh2
Apr 11 10:01:37 ovzhost sshd[1101]: message repeated 2 times: [ Failed password for root from 43.255.190.92 port 37734 ssh2]
Apr 11 10:01:37 ovzhost sshd[1101]: Received disconnect from 43.255.190.92: 11:  [preauth]
Apr 11 10:01:37 ovzhost sshd[1101]: PAM 2 more authentication failures; logname= uid=0 euid=0 tty=ssh ruser= rhost=43.255.190.92  user=root
Apr 11 10:01:36 ovzhost sshd[1099]: message repeated 2 times: [ Failed password for root from 61.160.213.190 port 51913 ssh2]
Apr 11 10:01:38 ovzhost sshd[1099]: Received disconnect from 61.160.213.190: 11:  [preauth]
Apr 11 10:01:38 ovzhost sshd[1099]: PAM 2 more authentication failures; logname= uid=0 euid=0 tty=ssh ruser= rhost=61.160.213.190  user=root
Apr 11 10:01:39 ovzhost sshd[1105]: pam_unix(sshd:auth): authentication failure; logname= uid=0 euid=0 tty=ssh ruser= rhost=43.255.190.92  user=root
Apr 11 10:01:40 ovzhost sshd[1103]: message repeated 2 times: [ Failed password for root from 43.255.190.144 port 50075 ssh2]
Apr 11 10:01:41 ovzhost sshd[1103]: Received disconnect from 43.255.190.144: 11:  [preauth]
Apr 11 10:01:41 ovzhost sshd[1103]: PAM 2 more authentication failures; logname= uid=0 euid=0 tty=ssh ruser= rhost=43.255.190.144  user=root
Apr 11 10:01:41 ovzhost sshd[1105]: Failed password for root from 43.255.190.92 port 53148 ssh2
Apr 11 10:01:41 ovzhost sshd[1111]: pam_unix(sshd:auth): authentication failure; logname= uid=0 euid=0 tty=ssh ruser= rhost=43.255.190.144  user=root
Apr 11 10:01:42 ovzhost sshd[1107]: pam_unix(sshd:auth): authentication failure; logname= uid=0 euid=0 tty=ssh ruser= rhost=61.160.213.190  user=root
Apr 11 10:01:43 ovzhost sshd[1111]: Failed password for root from 43.255.190.144 port 39172 ssh2
Apr 11 10:01:44 ovzhost sshd[1107]: Failed password for root from 61.160.213.190 port 41998 ssh2
Apr 11 10:01:45 ovzhost sshd[1105]: message repeated 2 times: [ Failed password for root from 43.255.190.92 port 53148 ssh2]
Apr 11 10:01:45 ovzhost sshd[1105]: Received disconnect from 43.255.190.92: 11:  [preauth]
Apr 11 10:01:45 ovzhost sshd[1105]: PAM 2 more authentication failures; logname= uid=0 euid=0 tty=ssh ruser= rhost=43.255.190.92  user=root
Apr 11 10:01:46 ovzhost sshd[1113]: pam_unix(sshd:auth): authentication failure; logname= uid=0 euid=0 tty=ssh ruser= rhost=43.255.190.92  user=root
Apr 11 10:01:47 ovzhost sshd[1111]: message repeated 2 times: [ Failed password for root from 43.255.190.144 port 39172 ssh2]
Apr 11 10:01:48 ovzhost sshd[1111]: Received disconnect from 43.255.190.144: 11:  [preauth]
Apr 11 10:01:48 ovzhost sshd[1111]: PAM 2 more authentication failures; logname= uid=0 euid=0 tty=ssh ruser= rhost=43.255.190.144  user=root
Apr 11 10:01:49 ovzhost sshd[1113]: Failed password for root from 43.255.190.92 port 41672 ssh2
Apr 11 10:01:49 ovzhost sshd[1115]: pam_unix(sshd:auth): authentication failure; logname= uid=0 euid=0 tty=ssh ruser= rhost=43.255.190.144  user=root
Apr 11 10:01:49 ovzhost sshd[1107]: message repeated 2 times: [ Failed password for root from 61.160.213.190 port 41998 ssh2]
Apr 11 10:01:49 ovzhost sshd[1107]: Received disconnect from 61.160.213.190: 11:  [preauth]
Apr 11 10:01:49 ovzhost sshd[1107]: PAM 2 more authentication failures; logname= uid=0 euid=0 tty=ssh ruser= rhost=61.160.213.190  user=root
Apr 11 10:01:51 ovzhost sshd[1115]: Failed password for root from 43.255.190.144 port 55990 ssh2
Apr 11 10:01:52 ovzhost sshd[1113]: message repeated 2 times: [ Failed password for root from 43.255.190.92 port 41672 ssh2]
Apr 11 10:01:53 ovzhost sshd[1113]: Received disconnect from 43.255.190.92: 11:  [preauth]
Apr 11 10:01:53 ovzhost sshd[1113]: PAM 2 more authentication failures; logname= uid=0 euid=0 tty=ssh ruser= rhost=43.255.190.92  user=root
Apr 11 10:01:54 ovzhost sshd[1119]: pam_unix(sshd:auth): authentication failure; logname= uid=0 euid=0 tty=ssh ruser= rhost=43.255.190.92  user=root
Apr 11 10:01:55 ovzhost sshd[1115]: message repeated 2 times: [ Failed password for root from 43.255.190.144 port 55990 ssh2]
