Apr 11 10:01:55 ovzhost sshd[1115]: Received disconnect from 43.255.190.144: 11:  [preauth]
Apr 11 10:01:55 ovzhost sshd[1115]: PAM 2 more authentication failures; logname= uid=0 euid=0 tty=ssh ruser= rhost=43.255.190.144  user=root
Apr 11 10:01:56 ovzhost sshd[1117]: pam_unix(sshd:auth): authentication failure; logname= uid=0 euid=0 tty=ssh ruser= rhost=61.160.213.190  user=root
Apr 11 10:01:56 ovzhost sshd[1119]: Failed password for root from 43.255.190.92 port 56070 ssh2
Apr 11 10:01:57 ovzhost sshd[1121]: pam_unix(sshd:auth): authentication failure; logname= uid=0 euid=0 tty=ssh ruser= rhost=43.255.190.144  user=root
Apr 11 10:01:57 ovzhost sshd[1117]: Failed password for root from 61.160.213.190 port 35862 ssh2
Apr 11 10:01:59 ovzhost sshd[1121]: Failed password for root from 43.255.190.144 port 45175 ssh2
Apr 11 10:01:59 ovzhost sshd[1119]: message repeated 2 times: [ Failed password for root from 43.255.190.92 port 56070 ssh2]
Apr 11 10:02:00 ovzhost sshd[1119]: Received disconnect from 43.255.190.92: 11:  [preauth]
Apr 11 10:02:00 ovzhost sshd[1119]: PAM 2 more authentication failures; logname= uid=0 euid=0 tty=ssh ruser= rhost=43.255.190.92  user=root
Apr 11 10:02:01 ovzhost sshd[1123]: pam_unix(sshd:auth): authentication failure; logname= uid=0 euid=0 tty=ssh ruser= rhost=43.255.190.92  user=root
Apr 11 10:02:03 ovzhost sshd[1123]: Failed password for root from 43.255.190.92 port 42700 ssh2
Apr 11 10:02:02 ovzhost sshd[1117]: message repeated 2 times: [ Failed password for root from 61.160.213.190 port 35862 ssh2]
Apr 11 10:02:03 ovzhost sshd[1117]: Received disconnect from 61.160.213.190: 11:  [preauth]
Apr 11 10:02:03 ovzhost sshd[1117]: PAM 2 more authentication failures; logname= uid=0 euid=0 tty=ssh ruser= rhost=61.160.213.190  user=root
Apr 11 10:02:03 ovzhost sshd[1121]: message repeated 2 times: [ Failed password for root from 43.255.190.144 port 45175 ssh2]
Apr 11 10:02:03 ovzhost sshd[1121]: Received disconnect from 43.255.190.144: 11:  [preauth]
Apr 11 10:02:03 ovzhost sshd[1121]: PAM 2 more authentication failures; logname= uid=0 euid=0 tty=ssh ruser= rhost=43.255.190.144  user=root
Apr 11 10:02:05 ovzhost sshd[1125]: pam_unix(sshd:auth): authentication failure; logname= uid=0 euid=0 tty=ssh ruser= rhost=61.160.213.190  user=root
Apr 11 10:02:06 ovzhost sshd[1127]: pam_unix(sshd:auth): authentication failure; logname= uid=0 euid=0 tty=ssh ruser= rhost=43.255.190.144  user=root
Apr 11 10:02:06 ovzhost sshd[1125]: Failed password for root from 61.160.213.190 port 60921 ssh2
Apr 11 10:02:07 ovzhost sshd[1127]: Failed password for root from 43.255.190.144 port 34531 ssh2
Apr 11 10:02:07 ovzhost sshd[1123]: message repeated 2 times: [ Failed password for root from 43.255.190.92 port 42700 ssh2]
Apr 11 10:02:07 ovzhost sshd[1123]: Received disconnect from 43.255.190.92: 11:  [preauth]
Apr 11 10:02:07 ovzhost sshd[1123]: PAM 2 more authentication failures; logname= uid=0 euid=0 tty=ssh ruser= rhost=43.255.190.92  user=root
Apr 11 10:02:08 ovzhost sshd[1130]: pam_unix(sshd:auth): authentication failure; logname= uid=0 euid=0 tty=ssh ruser= rhost=43.255.190.92  user=root
Apr 11 10:02:10 ovzhost sshd[1130]: Failed password for root from 43.255.190.92 port 59476 ssh2
Apr 11 10:02:11 ovzhost sshd[1127]: message repeated 2 times: [ Failed password for root from 43.255.190.144 port 34531 ssh2]
Apr 11 10:02:12 ovzhost sshd[1127]: Received disconnect from 43.255.190.144: 11:  [preauth]
Apr 11 10:02:12 ovzhost sshd[1127]: PAM 2 more authentication failures; logname= uid=0 euid=0 tty=ssh ruser= rhost=43.255.190.144  user=root
Apr 11 10:02:13 ovzhost sshd[1125]: message repeated 2 times: [ Failed password for root from 61.160.213.190 port 60921 ssh2]
Apr 11 10:02:13 ovzhost sshd[1125]: Received disconnect from 61.160.213.190: 11:  [preauth]
Apr 11 10:02:13 ovzhost sshd[1125]: PAM 2 more authentication failures; logname= uid=0 euid=0 tty=ssh ruser= rhost=61.160.213.190  user=root
Apr 11 10:02:15 ovzhost sshd[1134]: pam_unix(sshd:auth): authentication failure; logname= uid=0 euid=0 tty=ssh ruser= rhost=43.255.190.144  user=root
Apr 11 10:02:14 ovzhost sshd[1130]: message repeated 2 times: [ Failed password for root from 43.255.190.92 port 59476 ssh2]
Apr 11 10:02:15 ovzhost sshd[1130]: Received disconnect from 43.255.190.92: 11:  [preauth]
Apr 11 10:02:15 ovzhost sshd[1130]: PAM 2 more authentication failures; logname= uid=0 euid=0 tty=ssh ruser= rhost=43.255.190.92  user=root
Apr 11 10:02:16 ovzhost sshd[1138]: pam_unix(sshd:auth): authentication failure; logname= uid=0 euid=0 tty=ssh ruser= rhost=43.255.190.92  user=root
Apr 11 10:02:16 ovzhost sshd[1134]: Failed password for root from 43.255.190.144 port 57605 ssh2
Apr 11 10:02:18 ovzhost sshd[1138]: Failed password for root from 43.255.190.92 port 47505 ssh2
Apr 11 10:02:20 ovzhost sshd[1134]: message repeated 2 times: [ Failed password for root from 43.255.190.144 port 57605 ssh2]
Apr 11 10:02:21 ovzhost sshd[1134]: Received disconnect from 43.255.190.144: 11:  [preauth]
Apr 11 10:02:21 ovzhost sshd[1134]: PAM 2 more authentication failures; logname= uid=0 euid=0 tty=ssh ruser= rhost=43.255.190.144  user=root
Apr 11 10:02:21 ovzhost sshd[1138]: message repeated 2 times: [ Failed password for root from 43.255.190.92 port 47505 ssh2]
Apr 11 10:02:21 ovzhost sshd[1138]: Received disconnect from 43.255.190.92: 11:  [preauth]
Apr 11 10:02:21 ovzhost sshd[1138]: PAM 2 more authentication failures; logname= uid=0 euid=0 tty=ssh ruser= rhost=43.255.190.92  user=root
Apr 11 10:02:22 ovzhost sshd[1140]: pam_unix(sshd:auth): authentication failure; logname= uid=0 euid=0 tty=ssh ruser= rhost=43.255.190.144  user=root
Apr 11 10:02:22 ovzhost sshd[1142]: pam_unix(sshd:auth): authentication failure; logname= uid=0 euid=0 tty=ssh ruser= rhost=43.255.190.92  user=root
Apr 11 10:02:24 ovzhost sshd[1140]: Failed password for root from 43.255.190.144 port 50446 ssh2
Apr 11 10:02:25 ovzhost sshd[1142]: Failed password for root from 43.255.190.92 port 33363 ssh2
Apr 11 10:02:26 ovzhost sshd[1136]: pam_unix(sshd:auth): authentication failure; logname= uid=0 euid=0 tty=ssh ruser= rhost=61.160.213.190  user=root
Apr 11 10:02:28 ovzhost sshd[1136]: Failed password for root from 61.160.213.190 port 53692 ssh2
Apr 11 10:02:28 ovzhost sshd[1140]: message repeated 2 times: [ Failed password for root from 43.255.190.144 port 50446 ssh2]
Apr 11 10:02:28 ovzhost sshd[1140]: Received disconnect from 43.255.190.144: 11:  [preauth]
Apr 11 10:02:28 ovzhost sshd[1140]: PAM 2 more authentication failures; logname= uid=0 euid=0 tty=ssh ruser= rhost=43.255.190.144  user=root
Apr 11 10:02:28 ovzhost sshd[1142]: message repeated 2 times: [ Failed password for root from 43.255.190.92 port 33363 ssh2]
Apr 11 10:02:29 ovzhost sshd[1142]: Received disconnect from 43.255.190.92: 11:  [preauth]
Apr 11 10:02:29 ovzhost sshd[1142]: PAM 2 more authentication failures; logname= uid=0 euid=0 tty=ssh ruser= rhost=43.255.190.92  user=root
Apr 11 10:02:29 ovzhost sshd[1144]: pam_unix(sshd:auth): authentication failure; logname= uid=0 euid=0 tty=ssh ruser= rhost=43.255.190.144  user=root
Apr 11 10:02:29 ovzhost sshd[1146]: pam_unix(sshd:auth): authentication failure; logname= uid=0 euid=0 tty=ssh ruser= rhost=43.255.190.92  user=root
Apr 11 10:02:31 ovzhost sshd[1144]: Failed password for root from 43.255.190.144 port 39198 ssh2
Apr 11 10:02:31 ovzhost sshd[1146]: Failed password for root from 43.255.190.92 port 49614 ssh2
Apr 11 10:02:33 ovzhost sshd[1136]: message repeated 2 times: [ Failed password for root from 61.160.213.190 port 53692 ssh2]
Apr 11 10:02:34 ovzhost sshd[1136]: Received disconnect from 61.160.213.190: 11:  [preauth]
Apr 11 10:02:34 ovzhost sshd[1136]: PAM 2 more authentication failures; logname= uid=0 euid=0 tty=ssh ruser= rhost=61.160.213.190  user=root
Apr 11 10:02:35 ovzhost sshd[1144]: message repeated 2 times: [ Failed password for root from 43.255.190.144 port 39198 ssh2]
Apr 11 10:02:36 ovzhost sshd[1144]: Received disconnect from 43.255.190.144: 11:  [preauth]
Apr 11 10:02:36 ovzhost sshd[1144]: PAM 2 more authentication failures; logname= uid=0 euid=0 tty=ssh ruser= rhost=43.255.190.144  user=root
Apr 11 10:02:36 ovzhost sshd[1146]: message repeated 2 times: [ Failed password for root from 43.255.190.92 port 49614 ssh2]
Apr 11 10:02:36 ovzhost sshd[1146]: Received disconnect from 43.255.190.92: 11:  [preauth]
Apr 11 10:02:36 ovzhost sshd[1146]: PAM 2 more authentication failures; logname= uid=0 euid=0 tty=ssh ruser= rhost=43.255.190.92  user=root
Apr 11 10:02:37 ovzhost sshd[1153]: pam_unix(sshd:auth): authentication failure; logname= uid=0 euid=0 tty=ssh ruser= rhost=43.255.190.92  user=root
Apr 11 10:02:37 ovzhost sshd[1151]: pam_unix(sshd:auth): authentication failure; logname= uid=0 euid=0 tty=ssh ruser= rhost=43.255.190.144  user=root
Apr 11 10:02:39 ovzhost sshd[1153]: Failed password for root from 43.255.190.92 port 37207 ssh2
Apr 11 10:02:39 ovzhost sshd[1151]: Failed password for root from 43.255.190.144 port 56827 ssh2
Apr 11 10:02:42 ovzhost sshd[1151]: message repeated 2 times: [ Failed password for root from 43.255.190.144 port 56827 ssh2]
Apr 11 10:02:43 ovzhost sshd[1151]: Received disconnect from 43.255.190.144: 11:  [preauth]
Apr 11 10:02:43 ovzhost sshd[1151]: PAM 2 more authentication failures; logname= uid=0 euid=0 tty=ssh ruser= rhost=43.255.190.144  user=root
Apr 11 10:02:44 ovzhost sshd[1155]: pam_unix(sshd:auth): authentication failure; logname= uid=0 euid=0 tty=ssh ruser= rhost=43.255.190.144  user=root
Apr 11 10:02:44 ovzhost sshd[1153]: message repeated 2 times: [ Failed password for root from 43.255.190.92 port 37207 ssh2]
Apr 11 10:02:44 ovzhost sshd[1153]: Received disconnect from 43.255.190.92: 11:  [preauth]
Apr 11 10:02:44 ovzhost sshd[1153]: PAM 2 more authentication failures; logname= uid=0 euid=0 tty=ssh ruser= rhost=43.255.190.92  user=root
Apr 11 10:02:44 ovzhost sshd[1149]: Connection closed by 61.160.213.190 [preauth]
Apr 11 10:02:45 ovzhost sshd[1157]: pam_unix(sshd:auth): authentication failure; logname= uid=0 euid=0 tty=ssh ruser= rhost=43.255.190.92  user=root
Apr 11 10:02:46 ovzhost sshd[1155]: Failed password for root from 43.255.190.144 port 45830 ssh2
Apr 11 10:02:46 ovzhost sshd[1159]: pam_unix(sshd:auth): authentication failure; logname= uid=0 euid=0 tty=ssh ruser= rhost=61.160.213.190  user=root
Apr 11 10:02:47 ovzhost sshd[1157]: Failed password for root from 43.255.190.92 port 55282 ssh2
Apr 11 10:02:48 ovzhost sshd[1159]: Failed password for root from 61.160.213.190 port 56490 ssh2
Apr 11 10:02:50 ovzhost sshd[1155]: message repeated 2 times: [ Failed password for root from 43.255.190.144 port 45830 ssh2]
Apr 11 10:02:50 ovzhost sshd[1155]: Received disconnect from 43.255.190.144: 11:  [preauth]
Apr 11 10:02:50 ovzhost sshd[1155]: PAM 2 more authentication failures; logname= uid=0 euid=0 tty=ssh ruser= rhost=43.255.190.144  user=root
Apr 11 10:02:51 ovzhost sshd[1157]: message repeated 2 times: [ Failed password for root from 43.255.190.92 port 55282 ssh2]
Apr 11 10:02:51 ovzhost sshd[1157]: Received disconnect from 43.255.190.92: 11:  [preauth]
Apr 11 10:02:51 ovzhost sshd[1157]: PAM 2 more authentication failures; logname= uid=0 euid=0 tty=ssh ruser= rhost=43.255.190.92  user=root
Apr 11 10:02:51 ovzhost sshd[1161]: pam_unix(sshd:auth): authentication failure; logname= uid=0 euid=0 tty=ssh ruser= rhost=43.255.190.144  user=root
Apr 11 10:02:52 ovzhost sshd[1163]: pam_unix(sshd:auth): authentication failure; logname= uid=0 euid=0 tty=ssh ruser= rhost=43.255.190.92  user=root
Apr 11 10:02:52 ovzhost sshd[1159]: message repeated 2 times: [ Failed password for root from 61.160.213.190 port 56490 ssh2]
Apr 11 10:02:53 ovzhost sshd[1159]: Received disconnect from 61.160.213.190: 11:  [preauth]
Apr 11 10:02:53 ovzhost sshd[1159]: PAM 2 more authentication failures; logname= uid=0 euid=0 tty=ssh ruser= rhost=61.160.213.190  user=root
Apr 11 10:02:53 ovzhost sshd[1161]: Failed password for root from 43.255.190.144 port 35491 ssh2
Apr 11 10:02:54 ovzhost sshd[1163]: Failed password for root from 43.255.190.92 port 42607 ssh2
Apr 11 10:02:57 ovzhost sshd[1161]: message repeated 2 times: [ Failed password for root from 43.255.190.144 port 35491 ssh2]
Apr 11 10:02:57 ovzhost sshd[1161]: Received disconnect from 43.255.190.144: 11:  [preauth]
Apr 11 10:02:57 ovzhost sshd[1161]: PAM 2 more authentication failures; logname= uid=0 euid=0 tty=ssh ruser= rhost=43.255.190.144  user=root
Apr 11 10:02:58 ovzhost sshd[1167]: pam_unix(sshd:auth): authentication failure; logname= uid=0 euid=0 tty=ssh ruser= rhost=43.255.190.144  user=root
Apr 11 10:02:58 ovzhost sshd[1163]: message repeated 2 times: [ Failed password for root from 43.255.190.92 port 42607 ssh2]
Apr 11 10:02:58 ovzhost sshd[1163]: Received disconnect from 43.255.190.92: 11:  [preauth]
Apr 11 10:02:58 ovzhost sshd[1163]: PAM 2 more authentication failures; logname= uid=0 euid=0 tty=ssh ruser= rhost=43.255.190.92  user=root
Apr 11 10:03:00 ovzhost sshd[1169]: pam_unix(sshd:auth): authentication failure; logname= uid=0 euid=0 tty=ssh ruser= rhost=43.255.190.92  user=root
Apr 11 10:03:00 ovzhost sshd[1167]: Failed password for root from 43.255.190.144 port 52808 ssh2
Apr 11 10:03:00 ovzhost sshd[1172]: Connection closed by 127.0.0.1 [preauth]
Apr 11 10:03:01 ovzhost sshd[1169]: Failed password for root from 43.255.190.92 port 60285 ssh2
Apr 11 10:03:02 ovzhost sshd[1165]: pam_unix(sshd:auth): authentication failure; logname= uid=0 euid=0 tty=ssh ruser= rhost=61.160.213.190  user=root
Apr 11 10:03:03 ovzhost sshd[1165]: Failed password for root from 61.160.213.190 port 44867 ssh2
Apr 11 10:03:04 ovzhost sshd[1167]: message repeated 2 times: [ Failed password for root from 43.255.190.144 port 52808 ssh2]
Apr 11 10:03:04 ovzhost sshd[1167]: Received disconnect from 43.255.190.144: 11:  [preauth]
Apr 11 10:03:04 ovzhost sshd[1167]: PAM 2 more authentication failures; logname= uid=0 euid=0 tty=ssh ruser= rhost=43.255.190.144  user=root
Apr 11 10:03:08 ovzhost sshd[1175]: pam_unix(sshd:auth): authentication failure; logname= uid=0 euid=0 tty=ssh ruser= rhost=43.255.190.144  user=root
Apr 11 10:03:07 ovzhost sshd[1169]: message repeated 2 times: [ Failed password for root from 43.255.190.92 port 60285 ssh2]
Apr 11 10:03:08 ovzhost sshd[1169]: Received disconnect from 43.255.190.92: 11:  [preauth]
Apr 11 10:03:08 ovzhost sshd[1169]: PAM 2 more authentication failures; logname= uid=0 euid=0 tty=ssh ruser= rhost=43.255.190.92  user=root
Apr 11 10:03:09 ovzhost sshd[1177]: pam_unix(sshd:auth): authentication failure; logname= uid=0 euid=0 tty=ssh ruser= rhost=43.255.190.92  user=root
Apr 11 10:03:10 ovzhost sshd[1175]: Failed password for root from 43.255.190.144 port 41914 ssh2
Apr 11 10:03:11 ovzhost sshd[1177]: Failed password for root from 43.255.190.92 port 53204 ssh2
Apr 11 10:03:11 ovzhost sshd[1165]: message repeated 2 times: [ Failed password for root from 61.160.213.190 port 44867 ssh2]
Apr 11 10:03:11 ovzhost sshd[1165]: Received disconnect from 61.160.213.190: 11:  [preauth]
Apr 11 10:03:11 ovzhost sshd[1165]: PAM 2 more authentication failures; logname= uid=0 euid=0 tty=ssh ruser= rhost=61.160.213.190  user=root
Apr 11 10:03:14 ovzhost sshd[1175]: message repeated 2 times: [ Failed password for root from 43.255.190.144 port 41914 ssh2]
Apr 11 10:03:14 ovzhost sshd[1175]: Received disconnect from 43.255.190.144: 11:  [preauth]
Apr 11 10:03:14 ovzhost sshd[1175]: PAM 2 more authentication failures; logname= uid=0 euid=0 tty=ssh ruser= rhost=43.255.190.144  user=root
Apr 11 10:03:15 ovzhost sshd[1181]: pam_unix(sshd:auth): authentication failure; logname= uid=0 euid=0 tty=ssh ruser= rhost=43.255.190.144  user=root
Apr 11 10:03:15 ovzhost sshd[1177]: message repeated 2 times: [ Failed password for root from 43.255.190.92 port 53204 ssh2]
Apr 11 10:03:15 ovzhost sshd[1177]: Received disconnect from 43.255.190.92: 11:  [preauth]
Apr 11 10:03:15 ovzhost sshd[1177]: PAM 2 more authentication failures; logname= uid=0 euid=0 tty=ssh ruser= rhost=43.255.190.92  user=root
Apr 11 10:03:17 ovzhost sshd[1179]: pam_unix(sshd:auth): authentication failure; logname= uid=0 euid=0 tty=ssh ruser= rhost=61.160.213.190  user=root
Apr 11 10:03:17 ovzhost sshd[1183]: pam_unix(sshd:auth): authentication failure; logname= uid=0 euid=0 tty=ssh ruser= rhost=43.255.190.92  user=root
Apr 11 10:03:18 ovzhost sshd[1181]: Failed password for root from 43.255.190.144 port 38645 ssh2
Apr 11 10:03:18 ovzhost sshd[1179]: Failed password for root from 61.160.213.190 port 51671 ssh2
Apr 11 10:03:19 ovzhost sshd[1183]: Failed password for root from 43.255.190.92 port 42705 ssh2
Apr 11 10:03:22 ovzhost sshd[1181]: message repeated 2 times: [ Failed password for root from 43.255.190.144 port 38645 ssh2]
Apr 11 10:03:22 ovzhost sshd[1181]: Received disconnect from 43.255.190.144: 11:  [preauth]
Apr 11 10:03:22 ovzhost sshd[1181]: PAM 2 more authentication failures; logname= uid=0 euid=0 tty=ssh ruser= rhost=43.255.190.144  user=root
Apr 11 10:03:23 ovzhost sshd[1179]: message repeated 2 times: [ Failed password for root from 61.160.213.190 port 51671 ssh2]
Apr 11 10:03:23 ovzhost sshd[1179]: Received disconnect from 61.160.213.190: 11:  [preauth]
Apr 11 10:03:23 ovzhost sshd[1179]: PAM 2 more authentication failures; logname= uid=0 euid=0 tty=ssh ruser= rhost=61.160.213.190  user=root
Apr 11 10:03:23 ovzhost sshd[1183]: message repeated 2 times: [ Failed password for root from 43.255.190.92 port 42705 ssh2]
Apr 11 10:03:23 ovzhost sshd[1183]: Received disconnect from 43.255.190.92: 11:  [preauth]
Apr 11 10:03:23 ovzhost sshd[1183]: PAM 2 more authentication failures; logname= uid=0 euid=0 tty=ssh ruser= rhost=43.255.190.92  user=root
Apr 11 10:03:24 ovzhost sshd[1185]: pam_unix(sshd:auth): authentication failure; logname= uid=0 euid=0 tty=ssh ruser= rhost=43.255.190.144  user=root
Apr 11 10:03:24 ovzhost sshd[1187]: pam_unix(sshd:auth): authentication failure; logname= uid=0 euid=0 tty=ssh ruser= rhost=43.255.190.92  user=root
Apr 11 10:03:25 ovzhost sshd[1185]: Failed password for root from 43.255.190.144 port 58963 ssh2
Apr 11 10:03:26 ovzhost sshd[1187]: Failed password for root from 43.255.190.92 port 60286 ssh2
Apr 11 10:03:27 ovzhost sshd[1191]: pam_unix(sshd:auth): authentication failure; logname= uid=0 euid=0 tty=ssh ruser= rhost=61.160.213.190  user=root
Apr 11 10:03:29 ovzhost sshd[1191]: Failed password for root from 61.160.213.190 port 46628 ssh2
Apr 11 10:03:30 ovzhost sshd[1185]: message repeated 2 times: [ Failed password for root from 43.255.190.144 port 58963 ssh2]
Apr 11 10:03:30 ovzhost sshd[1185]: Received disconnect from 43.255.190.144: 11:  [preauth]
Apr 11 10:03:30 ovzhost sshd[1185]: PAM 2 more authentication failures; logname= uid=0 euid=0 tty=ssh ruser= rhost=43.255.190.144  user=root
Apr 11 10:03:30 ovzhost sshd[1187]: message repeated 2 times: [ Failed password for root from 43.255.190.92 port 60286 ssh2]
Apr 11 10:03:30 ovzhost sshd[1187]: Received disconnect from 43.255.190.92: 11:  [preauth]
Apr 11 10:03:30 ovzhost sshd[1187]: PAM 2 more authentication failures; logname= uid=0 euid=0 tty=ssh ruser= rhost=43.255.190.92  user=root
Apr 11 10:03:32 ovzhost sshd[1193]: pam_unix(sshd:auth): authentication failure; logname= uid=0 euid=0 tty=ssh ruser= rhost=43.255.190.144  user=root
Apr 11 10:03:33 ovzhost sshd[1195]: pam_unix(sshd:auth): authentication failure; logname= uid=0 euid=0 tty=ssh ruser= rhost=43.255.190.92  user=root
Apr 11 10:03:33 ovzhost sshd[1191]: message repeated 2 times: [ Failed password for root from 61.160.213.190 port 46628 ssh2]
Apr 11 10:03:33 ovzhost sshd[1191]: Received disconnect from 61.160.213.190: 11:  [preauth]
Apr 11 10:03:33 ovzhost sshd[1191]: PAM 2 more authentication failures; logname= uid=0 euid=0 tty=ssh ruser= rhost=61.160.213.190  user=root
Apr 11 10:03:34 ovzhost sshd[1193]: Failed password for root from 43.255.190.144 port 52494 ssh2
Apr 11 10:03:35 ovzhost sshd[1195]: Failed password for root from 43.255.190.92 port 49511 ssh2
Apr 11 10:03:38 ovzhost sshd[1193]: message repeated 2 times: [ Failed password for root from 43.255.190.144 port 52494 ssh2]
Apr 11 10:03:38 ovzhost sshd[1193]: Received disconnect from 43.255.190.144: 11:  [preauth]
Apr 11 10:03:38 ovzhost sshd[1193]: PAM 2 more authentication failures; logname= uid=0 euid=0 tty=ssh ruser= rhost=43.255.190.144  user=root
Apr 11 10:03:39 ovzhost sshd[1199]: pam_unix(sshd:auth): authentication failure; logname= uid=0 euid=0 tty=ssh ruser= rhost=43.255.190.144  user=root
Apr 11 10:03:39 ovzhost sshd[1195]: message repeated 2 times: [ Failed password for root from 43.255.190.92 port 49511 ssh2]
Apr 11 10:03:39 ovzhost sshd[1195]: Received disconnect from 43.255.190.92: 11:  [preauth]
Apr 11 10:03:39 ovzhost sshd[1195]: PAM 2 more authentication failures; logname= uid=0 euid=0 tty=ssh ruser= rhost=43.255.190.92  user=root
Apr 11 10:03:41 ovzhost sshd[1201]: pam_unix(sshd:auth): authentication failure; logname= uid=0 euid=0 tty=ssh ruser= rhost=43.255.190.92  user=root
Apr 11 10:03:41 ovzhost sshd[1199]: Failed password for root from 43.255.190.144 port 45122 ssh2
Apr 11 10:03:41 ovzhost sshd[1197]: pam_unix(sshd:auth): authentication failure; logname= uid=0 euid=0 tty=ssh ruser= rhost=61.160.213.190  user=root
Apr 11 10:03:43 ovzhost sshd[1201]: Failed password for root from 43.255.190.92 port 41916 ssh2
Apr 11 10:03:43 ovzhost sshd[1197]: Failed password for root from 61.160.213.190 port 38529 ssh2
Apr 11 10:03:45 ovzhost sshd[1199]: message repeated 2 times: [ Failed password for root from 43.255.190.144 port 45122 ssh2]
Apr 11 10:03:46 ovzhost sshd[1199]: Received disconnect from 43.255.190.144: 11:  [preauth]
Apr 11 10:03:46 ovzhost sshd[1199]: PAM 2 more authentication failures; logname= uid=0 euid=0 tty=ssh ruser= rhost=43.255.190.144  user=root
Apr 11 10:03:47 ovzhost sshd[1203]: pam_unix(sshd:auth): authentication failure; logname= uid=0 euid=0 tty=ssh ruser= rhost=43.255.190.144  user=root
Apr 11 10:03:47 ovzhost sshd[1201]: message repeated 2 times: [ Failed password for root from 43.255.190.92 port 41916 ssh2]
Apr 11 10:03:47 ovzhost sshd[1201]: Received disconnect from 43.255.190.92: 11:  [preauth]
Apr 11 10:03:47 ovzhost sshd[1201]: PAM 2 more authentication failures; logname= uid=0 euid=0 tty=ssh ruser= rhost=43.255.190.92  user=root
Apr 11 10:03:48 ovzhost sshd[1203]: Failed password for root from 43.255.190.144 port 38264 ssh2
Apr 11 10:03:48 ovzhost sshd[1205]: pam_unix(sshd:auth): authentication failure; logname= uid=0 euid=0 tty=ssh ruser= rhost=43.255.190.92  user=root
Apr 11 10:03:48 ovzhost sshd[1197]: message repeated 2 times: [ Failed password for root from 61.160.213.190 port 38529 ssh2]
Apr 11 10:03:49 ovzhost sshd[1197]: Received disconnect from 61.160.213.190: 11:  [preauth]
Apr 11 10:03:49 ovzhost sshd[1197]: PAM 2 more authentication failures; logname= uid=0 euid=0 tty=ssh ruser= rhost=61.160.213.190  user=root
Apr 11 10:03:50 ovzhost sshd[1205]: Failed password for root from 43.255.190.92 port 59647 ssh2
Apr 11 10:03:51 ovzhost sshd[1207]: pam_unix(sshd:auth): authentication failure; logname= uid=0 euid=0 tty=ssh ruser= rhost=61.160.213.190  user=root
Apr 11 10:03:53 ovzhost sshd[1203]: message repeated 2 times: [ Failed password for root from 43.255.190.144 port 38264 ssh2]
Apr 11 10:03:53 ovzhost sshd[1203]: Received disconnect from 43.255.190.144: 11:  [preauth]
Apr 11 10:03:53 ovzhost sshd[1203]: PAM 2 more authentication failures; logname= uid=0 euid=0 tty=ssh ruser= rhost=43.255.190.144  user=root
Apr 11 10:03:53 ovzhost sshd[1207]: Failed password for root from 61.160.213.190 port 40133 ssh2
Apr 11 10:03:54 ovzhost sshd[1209]: pam_unix(sshd:auth): authentication failure; logname= uid=0 euid=0 tty=ssh ruser= rhost=43.255.190.144  user=root
Apr 11 10:03:54 ovzhost sshd[1205]: message repeated 2 times: [ Failed password for root from 43.255.190.92 port 59647 ssh2]
Apr 11 10:03:56 ovzhost sshd[1205]: Received disconnect from 43.255.190.92: 11:  [preauth]
Apr 11 10:03:56 ovzhost sshd[1205]: PAM 2 more authentication failures; logname= uid=0 euid=0 tty=ssh ruser= rhost=43.255.190.92  user=root
Apr 11 10:03:56 ovzhost sshd[1209]: Failed password for root from 43.255.190.144 port 58009 ssh2
Apr 11 10:03:59 ovzhost sshd[1211]: pam_unix(sshd:auth): authentication failure; logname= uid=0 euid=0 tty=ssh ruser= rhost=43.255.190.92  user=root
Apr 11 10:04:00 ovzhost sshd[1209]: message repeated 2 times: [ Failed password for root from 43.255.190.144 port 58009 ssh2]
Apr 11 10:04:00 ovzhost sshd[1209]: Received disconnect from 43.255.190.144: 11:  [preauth]
Apr 11 10:04:00 ovzhost sshd[1209]: PAM 2 more authentication failures; logname= uid=0 euid=0 tty=ssh ruser= rhost=43.255.190.144  user=root
Apr 11 10:04:01 ovzhost sshd[1207]: message repeated 2 times: [ Failed password for root from 61.160.213.190 port 40133 ssh2]
Apr 11 10:04:01 ovzhost sshd[1207]: Received disconnect from 61.160.213.190: 11:  [preauth]
Apr 11 10:04:01 ovzhost sshd[1207]: PAM 2 more authentication failures; logname= uid=0 euid=0 tty=ssh ruser= rhost=61.160.213.190  user=root
Apr 11 10:04:01 ovzhost sshd[1211]: Failed password for root from 43.255.190.92 port 50199 ssh2
Apr 11 10:04:02 ovzhost sshd[1213]: pam_unix(sshd:auth): authentication failure; logname= uid=0 euid=0 tty=ssh ruser= rhost=43.255.190.144  user=root
Apr 11 10:04:04 ovzhost sshd[1213]: Failed password for root from 43.255.190.144 port 52898 ssh2
Apr 11 10:04:05 ovzhost sshd[1217]: reverse mapping checking getaddrinfo for 153-127-166-207-ptr.centennialpr.net [207.166.127.153] failed - POSSIBLE BREAK-IN ATTEMPT!
Apr 11 10:04:05 ovzhost sshd[1217]: pam_unix(sshd:auth): authentication failure; logname= uid=0 euid=0 tty=ssh ruser= rhost=207.166.127.153  user=root
Apr 11 10:04:07 ovzhost sshd[1215]: pam_unix(sshd:auth): authentication failure; logname= uid=0 euid=0 tty=ssh ruser= rhost=61.160.213.190  user=root
Apr 11 10:04:07 ovzhost sshd[1211]: message repeated 2 times: [ Failed password for root from 43.255.190.92 port 50199 ssh2]
Apr 11 10:04:07 ovzhost sshd[1211]: Received disconnect from 43.255.190.92: 11:  [preauth]
Apr 11 10:04:07 ovzhost sshd[1211]: PAM 2 more authentication failures; logname= uid=0 euid=0 tty=ssh ruser= rhost=43.255.190.92  user=root
Apr 11 10:04:07 ovzhost sshd[1217]: Failed password for root from 207.166.127.153 port 41619 ssh2
Apr 11 10:04:08 ovzhost sshd[1219]: pam_unix(sshd:auth): authentication failure; logname= uid=0 euid=0 tty=ssh ruser= rhost=43.255.190.92  user=root
Apr 11 10:04:08 ovzhost sshd[1215]: Failed password for root from 61.160.213.190 port 33795 ssh2
Apr 11 10:04:09 ovzhost sshd[1213]: message repeated 2 times: [ Failed password for root from 43.255.190.144 port 52898 ssh2]
Apr 11 10:04:10 ovzhost sshd[1213]: Received disconnect from 43.255.190.144: 11:  [preauth]
Apr 11 10:04:10 ovzhost sshd[1213]: PAM 2 more authentication failures; logname= uid=0 euid=0 tty=ssh ruser= rhost=43.255.190.144  user=root
Apr 11 10:04:10 ovzhost sshd[1219]: Failed password for root from 43.255.190.92 port 49246 ssh2
Apr 11 10:04:11 ovzhost sshd[1217]: message repeated 2 times: [ Failed password for root from 207.166.127.153 port 41619 ssh2]
Apr 11 10:04:11 ovzhost sshd[1217]: Connection closed by 207.166.127.153 [preauth]
Apr 11 10:04:11 ovzhost sshd[1217]: PAM 2 more authentication failures; logname= uid=0 euid=0 tty=ssh ruser= rhost=207.166.127.153  user=root
Apr 11 10:04:13 ovzhost sshd[1223]: pam_unix(sshd:auth): authentication failure; logname= uid=0 euid=0 tty=ssh ruser= rhost=43.255.190.144  user=root
Apr 11 10:04:13 ovzhost sshd[1215]: message repeated 2 times: [ Failed password for root from 61.160.213.190 port 33795 ssh2]
Apr 11 10:04:15 ovzhost sshd[1215]: Received disconnect from 61.160.213.190: 11:  [preauth]
Apr 11 10:04:15 ovzhost sshd[1215]: PAM 2 more authentication failures; logname= uid=0 euid=0 tty=ssh ruser= rhost=61.160.213.190  user=root
Apr 11 10:04:15 ovzhost sshd[1223]: Failed password for root from 43.255.190.144 port 52207 ssh2
Apr 11 10:04:15 ovzhost sshd[1219]: message repeated 2 times: [ Failed password for root from 43.255.190.92 port 49246 ssh2]
Apr 11 10:04:16 ovzhost sshd[1219]: Received disconnect from 43.255.190.92: 11:  [preauth]
Apr 11 10:04:16 ovzhost sshd[1219]: PAM 2 more authentication failures; logname= uid=0 euid=0 tty=ssh ruser= rhost=43.255.190.92  user=root
Apr 11 10:04:18 ovzhost sshd[1225]: pam_unix(sshd:auth): authentication failure; logname= uid=0 euid=0 tty=ssh ruser= rhost=43.255.190.92  user=root
Apr 11 10:04:19 ovzhost sshd[1225]: Failed password for root from 43.255.190.92 port 41424 ssh2
Apr 11 10:04:19 ovzhost sshd[1223]: message repeated 2 times: [ Failed password for root from 43.255.190.144 port 52207 ssh2]
Apr 11 10:04:19 ovzhost sshd[1223]: Received disconnect from 43.255.190.144: 11:  [preauth]
Apr 11 10:04:19 ovzhost sshd[1223]: PAM 2 more authentication failures; logname= uid=0 euid=0 tty=ssh ruser= rhost=43.255.190.144  user=root
Apr 11 10:04:21 ovzhost sshd[1227]: pam_unix(sshd:auth): authentication failure; logname= uid=0 euid=0 tty=ssh ruser= rhost=43.255.190.144  user=root
Apr 11 10:04:23 ovzhost sshd[1227]: Failed password for root from 43.255.190.144 port 50929 ssh2
Apr 11 10:04:24 ovzhost sshd[1225]: message repeated 2 times: [ Failed password for root from 43.255.190.92 port 41424 ssh2]
Apr 11 10:04:24 ovzhost sshd[1225]: Received disconnect from 43.255.190.92: 11:  [preauth]
Apr 11 10:04:24 ovzhost sshd[1225]: PAM 2 more authentication failures; logname= uid=0 euid=0 tty=ssh ruser= rhost=43.255.190.92  user=root
Apr 11 10:04:25 ovzhost sshd[1229]: pam_unix(sshd:auth): authentication failure; logname= uid=0 euid=0 tty=ssh ruser= rhost=43.255.190.92  user=root
Apr 11 10:04:27 ovzhost sshd[1229]: Failed password for root from 43.255.190.92 port 60416 ssh2
Apr 11 10:04:28 ovzhost sshd[1227]: message repeated 2 times: [ Failed password for root from 43.255.190.144 port 50929 ssh2]
Apr 11 10:04:28 ovzhost sshd[1227]: Received disconnect from 43.255.190.144: 11:  [preauth]
Apr 11 10:04:28 ovzhost sshd[1227]: PAM 2 more authentication failures; logname= uid=0 euid=0 tty=ssh ruser= rhost=43.255.190.144  user=root
Apr 11 10:04:30 ovzhost sshd[1231]: pam_unix(sshd:auth): authentication failure; logname= uid=0 euid=0 tty=ssh ruser= rhost=43.255.190.144  user=root
Apr 11 10:04:31 ovzhost sshd[1229]: message repeated 2 times: [ Failed password for root from 43.255.190.92 port 60416 ssh2]
Apr 11 10:04:31 ovzhost sshd[1229]: Received disconnect from 43.255.190.92: 11:  [preauth]
Apr 11 10:04:31 ovzhost sshd[1229]: PAM 2 more authentication failures; logname= uid=0 euid=0 tty=ssh ruser= rhost=43.255.190.92  user=root
Apr 11 10:04:31 ovzhost sshd[1231]: Failed password for root from 43.255.190.144 port 46721 ssh2
Apr 11 10:04:33 ovzhost sshd[1235]: pam_unix(sshd:auth): authentication failure; logname= uid=0 euid=0 tty=ssh ruser= rhost=43.255.190.92  user=root
Apr 11 10:04:35 ovzhost sshd[1235]: Failed password for root from 43.255.190.92 port 48515 ssh2
Apr 11 10:04:36 ovzhost sshd[1231]: message repeated 2 times: [ Failed password for root from 43.255.190.144 port 46721 ssh2]
Apr 11 10:04:36 ovzhost sshd[1231]: Received disconnect from 43.255.190.144: 11:  [preauth]
Apr 11 10:04:36 ovzhost sshd[1231]: PAM 2 more authentication failures; logname= uid=0 euid=0 tty=ssh ruser= rhost=43.255.190.144  user=root
Apr 11 10:04:39 ovzhost sshd[1237]: pam_unix(sshd:auth): authentication failure; logname= uid=0 euid=0 tty=ssh ruser= rhost=43.255.190.144  user=root
Apr 11 10:04:40 ovzhost sshd[1235]: message repeated 2 times: [ Failed password for root from 43.255.190.92 port 48515 ssh2]
Apr 11 10:04:40 ovzhost sshd[1235]: Received disconnect from 43.255.190.92: 11:  [preauth]
Apr 11 10:04:40 ovzhost sshd[1235]: PAM 2 more authentication failures; logname= uid=0 euid=0 tty=ssh ruser= rhost=43.255.190.92  user=root
Apr 11 10:04:41 ovzhost sshd[1237]: Failed password for root from 43.255.190.144 port 44425 ssh2
Apr 11 10:04:42 ovzhost sshd[1239]: pam_unix(sshd:auth): authentication failure; logname= uid=0 euid=0 tty=ssh ruser= rhost=43.255.190.92  user=root
Apr 11 10:04:44 ovzhost sshd[1239]: Failed password for root from 43.255.190.92 port 40213 ssh2
Apr 11 10:04:45 ovzhost sshd[1237]: message repeated 2 times: [ Failed password for root from 43.255.190.144 port 44425 ssh2]
Apr 11 10:04:45 ovzhost sshd[1237]: Received disconnect from 43.255.190.144: 11:  [preauth]
Apr 11 10:04:45 ovzhost sshd[1237]: PAM 2 more authentication failures; logname= uid=0 euid=0 tty=ssh ruser= rhost=43.255.190.144  user=root
Apr 11 10:04:49 ovzhost sshd[1239]: message repeated 2 times: [ Failed password for root from 43.255.190.92 port 40213 ssh2]
Apr 11 10:04:49 ovzhost sshd[1239]: Received disconnect from 43.255.190.92: 11:  [preauth]
Apr 11 10:04:49 ovzhost sshd[1239]: PAM 2 more authentication failures; logname= uid=0 euid=0 tty=ssh ruser= rhost=43.255.190.92  user=root
Apr 11 10:04:50 ovzhost sshd[1241]: pam_unix(sshd:auth): authentication failure; logname= uid=0 euid=0 tty=ssh ruser= rhost=43.255.190.144  user=root
Apr 11 10:04:52 ovzhost sshd[1241]: Failed password for root from 43.255.190.144 port 42828 ssh2
Apr 11 10:04:53 ovzhost sshd[1243]: pam_unix(sshd:auth): authentication failure; logname= uid=0 euid=0 tty=ssh ruser= rhost=43.255.190.92  user=root
Apr 11 10:04:54 ovzhost sshd[1243]: Failed password for root from 43.255.190.92 port 59319 ssh2
Apr 11 10:04:57 ovzhost sshd[1241]: message repeated 2 times: [ Failed password for root from 43.255.190.144 port 42828 ssh2]
Apr 11 10:04:57 ovzhost sshd[1241]: Received disconnect from 43.255.190.144: 11:  [preauth]
Apr 11 10:04:57 ovzhost sshd[1241]: PAM 2 more authentication failures; logname= uid=0 euid=0 tty=ssh ruser= rhost=43.255.190.144  user=root
Apr 11 10:04:59 ovzhost sshd[1245]: pam_unix(sshd:auth): authentication failure; logname= uid=0 euid=0 tty=ssh ruser= rhost=43.255.190.144  user=root
Apr 11 10:05:00 ovzhost sshd[1243]: message repeated 2 times: [ Failed password for root from 43.255.190.92 port 59319 ssh2]
Apr 11 10:05:00 ovzhost sshd[1243]: Received disconnect from 43.255.190.92: 11:  [preauth]
Apr 11 10:05:00 ovzhost sshd[1243]: PAM 2 more authentication failures; logname= uid=0 euid=0 tty=ssh ruser= rhost=43.255.190.92  user=root
Apr 11 10:05:01 ovzhost sshd[1245]: Failed password for root from 43.255.190.144 port 49693 ssh2
Apr 11 10:05:01 ovzhost sshd[1247]: pam_unix(sshd:auth): authentication failure; logname= uid=0 euid=0 tty=ssh ruser= rhost=43.255.190.92  user=root
Apr 11 10:05:03 ovzhost sshd[1247]: Failed password for root from 43.255.190.92 port 55438 ssh2
Apr 11 10:05:05 ovzhost sshd[1245]: message repeated 2 times: [ Failed password for root from 43.255.190.144 port 49693 ssh2]
Apr 11 10:05:05 ovzhost sshd[1245]: Received disconnect from 43.255.190.144: 11:  [preauth]
Apr 11 10:05:05 ovzhost sshd[1245]: PAM 2 more authentication failures; logname= uid=0 euid=0 tty=ssh ruser= rhost=43.255.190.144  user=root
Apr 11 10:05:06 ovzhost sshd[1249]: pam_unix(sshd:auth): authentication failure; logname= uid=0 euid=0 tty=ssh ruser= rhost=43.255.190.144  user=root
Apr 11 10:05:07 ovzhost sshd[1247]: message repeated 2 times: [ Failed password for root from 43.255.190.92 port 55438 ssh2]
Apr 11 10:05:07 ovzhost sshd[1247]: Received disconnect from 43.255.190.92: 11:  [preauth]
Apr 11 10:05:07 ovzhost sshd[1247]: PAM 2 more authentication failures; logname= uid=0 euid=0 tty=ssh ruser= rhost=43.255.190.92  user=root
Apr 11 10:05:08 ovzhost sshd[1249]: Failed password for root from 43.255.190.144 port 43315 ssh2
Apr 11 10:05:13 ovzhost sshd[1249]: message repeated 2 times: [ Failed password for root from 43.255.190.144 port 43315 ssh2]
Apr 11 10:05:13 ovzhost sshd[1249]: Received disconnect from 43.255.190.144: 11:  [preauth]
Apr 11 10:05:13 ovzhost sshd[1249]: PAM 2 more authentication failures; logname= uid=0 euid=0 tty=ssh ruser= rhost=43.255.190.144  user=root
Apr 11 10:05:14 ovzhost sshd[1252]: pam_unix(sshd:auth): authentication failure; logname= uid=0 euid=0 tty=ssh ruser= rhost=43.255.190.144  user=root
Apr 11 10:05:17 ovzhost sshd[1252]: Failed password for root from 43.255.190.144 port 37701 ssh2
Apr 11 10:05:21 ovzhost sshd[1252]: message repeated 2 times: [ Failed password for root from 43.255.190.144 port 37701 ssh2]
Apr 11 10:05:21 ovzhost sshd[1252]: Received disconnect from 43.255.190.144: 11:  [preauth]
Apr 11 10:05:21 ovzhost sshd[1252]: PAM 2 more authentication failures; logname= uid=0 euid=0 tty=ssh ruser= rhost=43.255.190.144  user=root
Apr 11 10:08:00 ovzhost sshd[1264]: Connection closed by 127.0.0.1 [preauth]
Apr 11 10:09:01 ovzhost CRON[1271]: pam_env(cron:session): Unable to open env file: /etc/default/locale: No such file or directory
Apr 11 10:09:01 ovzhost CRON[1271]: pam_unix(cron:session): session opened for user root by (uid=0)
Apr 11 10:09:01 ovzhost CRON[1272]: pam_env(cron:session): Unable to open env file: /etc/default/locale: No such file or directory
Apr 11 10:09:01 ovzhost CRON[1272]: pam_unix(cron:session): session opened for user root by (uid=0)
Apr 11 10:09:01 ovzhost CRON[1271]: pam_unix(cron:session): session closed for user root
Apr 11 10:09:01 ovzhost CRON[1272]: pam_unix(cron:session): session closed for user root
Apr 11 10:10:39 ovzhost sshd[1292]: Connection closed by 128.8.37.120 [preauth]
Apr 11 10:13:00 ovzhost sshd[1303]: Connection closed by 127.0.0.1 [preauth]
Apr 11 10:18:00 ovzhost sshd[1323]: Connection closed by 127.0.0.1 [preauth]
Apr 11 10:20:01 ovzhost CRON[1335]: pam_env(cron:session): Unable to open env file: /etc/default/locale: No such file or directory
Apr 11 10:20:01 ovzhost CRON[1335]: pam_unix(cron:session): session opened for user smmsp by (uid=0)
Apr 11 10:20:01 ovzhost CRON[1335]: pam_unix(cron:session): session closed for user smmsp
Apr 11 10:20:39 ovzhost sshd[1363]: Connection closed by 128.8.37.120 [preauth]
Apr 11 10:22:44 ovzhost sshd[1373]: pam_unix(sshd:auth): authentication failure; logname= uid=0 euid=0 tty=ssh ruser= rhost=43.255.190.135  user=root
Apr 11 10:22:46 ovzhost sshd[1373]: Failed password for root from 43.255.190.135 port 36202 ssh2
Apr 11 10:22:51 ovzhost sshd[1373]: message repeated 2 times: [ Failed password for root from 43.255.190.135 port 36202 ssh2]
Apr 11 10:22:51 ovzhost sshd[1373]: Received disconnect from 43.255.190.135: 11:  [preauth]
Apr 11 10:22:51 ovzhost sshd[1373]: PAM 2 more authentication failures; logname= uid=0 euid=0 tty=ssh ruser= rhost=43.255.190.135  user=root
Apr 11 10:22:51 ovzhost sshd[1375]: pam_unix(sshd:auth): authentication failure; logname= uid=0 euid=0 tty=ssh ruser= rhost=43.255.190.135  user=root
Apr 11 10:22:53 ovzhost sshd[1375]: Failed password for root from 43.255.190.135 port 48993 ssh2
Apr 11 10:22:58 ovzhost sshd[1375]: message repeated 2 times: [ Failed password for root from 43.255.190.135 port 48993 ssh2]
Apr 11 10:22:58 ovzhost sshd[1375]: Received disconnect from 43.255.190.135: 11:  [preauth]
Apr 11 10:22:58 ovzhost sshd[1375]: PAM 2 more authentication failures; logname= uid=0 euid=0 tty=ssh ruser= rhost=43.255.190.135  user=root
Apr 11 10:22:58 ovzhost sshd[1377]: pam_unix(sshd:auth): authentication failure; logname= uid=0 euid=0 tty=ssh ruser= rhost=43.255.190.135  user=root
Apr 11 10:23:00 ovzhost sshd[1380]: Connection closed by 127.0.0.1 [preauth]
Apr 11 10:23:01 ovzhost sshd[1377]: Failed password for root from 43.255.190.135 port 35180 ssh2
Apr 11 10:23:04 ovzhost sshd[1377]: message repeated 2 times: [ Failed password for root from 43.255.190.135 port 35180 ssh2]
Apr 11 10:23:04 ovzhost sshd[1377]: Received disconnect from 43.255.190.135: 11:  [preauth]
Apr 11 10:23:04 ovzhost sshd[1377]: PAM 2 more authentication failures; logname= uid=0 euid=0 tty=ssh ruser= rhost=43.255.190.135  user=root
Apr 11 10:23:05 ovzhost sshd[1382]: pam_unix(sshd:auth): authentication failure; logname= uid=0 euid=0 tty=ssh ruser= rhost=43.255.190.135  user=root
Apr 11 10:23:07 ovzhost sshd[1382]: Failed password for root from 43.255.190.135 port 49070 ssh2
Apr 11 10:23:12 ovzhost sshd[1382]: message repeated 2 times: [ Failed password for root from 43.255.190.135 port 49070 ssh2]
Apr 11 10:23:12 ovzhost sshd[1382]: Received disconnect from 43.255.190.135: 11:  [preauth]
Apr 11 10:23:12 ovzhost sshd[1382]: PAM 2 more authentication failures; logname= uid=0 euid=0 tty=ssh ruser= rhost=43.255.190.135  user=root
Apr 11 10:23:13 ovzhost sshd[1385]: pam_unix(sshd:auth): authentication failure; logname= uid=0 euid=0 tty=ssh ruser= rhost=43.255.190.135  user=root
Apr 11 10:23:14 ovzhost sshd[1385]: Failed password for root from 43.255.190.135 port 35595 ssh2
Apr 11 10:23:18 ovzhost sshd[1385]: message repeated 2 times: [ Failed password for root from 43.255.190.135 port 35595 ssh2]
Apr 11 10:23:18 ovzhost sshd[1385]: Received disconnect from 43.255.190.135: 11:  [preauth]
Apr 11 10:23:18 ovzhost sshd[1385]: PAM 2 more authentication failures; logname= uid=0 euid=0 tty=ssh ruser= rhost=43.255.190.135  user=root
Apr 11 10:23:19 ovzhost sshd[1387]: pam_unix(sshd:auth): authentication failure; logname= uid=0 euid=0 tty=ssh ruser= rhost=43.255.190.135  user=root
Apr 11 10:23:21 ovzhost sshd[1387]: Failed password for root from 43.255.190.135 port 48558 ssh2
Apr 11 10:23:25 ovzhost sshd[1387]: message repeated 2 times: [ Failed password for root from 43.255.190.135 port 48558 ssh2]
Apr 11 10:23:25 ovzhost sshd[1387]: Received disconnect from 43.255.190.135: 11:  [preauth]
Apr 11 10:23:25 ovzhost sshd[1387]: PAM 2 more authentication failures; logname= uid=0 euid=0 tty=ssh ruser= rhost=43.255.190.135  user=root
Apr 11 10:23:27 ovzhost sshd[1389]: pam_unix(sshd:auth): authentication failure; logname= uid=0 euid=0 tty=ssh ruser= rhost=43.255.190.135  user=root
Apr 11 10:23:29 ovzhost sshd[1389]: Failed password for root from 43.255.190.135 port 33953 ssh2
Apr 11 10:23:34 ovzhost sshd[1389]: message repeated 2 times: [ Failed password for root from 43.255.190.135 port 33953 ssh2]
Apr 11 10:23:34 ovzhost sshd[1389]: Received disconnect from 43.255.190.135: 11:  [preauth]
Apr 11 10:23:34 ovzhost sshd[1389]: PAM 2 more authentication failures; logname= uid=0 euid=0 tty=ssh ruser= rhost=43.255.190.135  user=root
Apr 11 10:23:34 ovzhost sshd[1391]: pam_unix(sshd:auth): authentication failure; logname= uid=0 euid=0 tty=ssh ruser= rhost=43.255.190.135  user=root
Apr 11 10:23:37 ovzhost sshd[1391]: Failed password for root from 43.255.190.135 port 50820 ssh2
Apr 11 10:23:41 ovzhost sshd[1391]: message repeated 2 times: [ Failed password for root from 43.255.190.135 port 50820 ssh2]
Apr 11 10:23:41 ovzhost sshd[1391]: Received disconnect from 43.255.190.135: 11:  [preauth]
Apr 11 10:23:41 ovzhost sshd[1391]: PAM 2 more authentication failures; logname= uid=0 euid=0 tty=ssh ruser= rhost=43.255.190.135  user=root
Apr 11 10:23:41 ovzhost sshd[1395]: pam_unix(sshd:auth): authentication failure; logname= uid=0 euid=0 tty=ssh ruser= rhost=43.255.190.135  user=root
Apr 11 10:23:44 ovzhost sshd[1395]: Failed password for root from 43.255.190.135 port 36505 ssh2
Apr 11 10:23:48 ovzhost sshd[1395]: message repeated 2 times: [ Failed password for root from 43.255.190.135 port 36505 ssh2]
Apr 11 10:23:48 ovzhost sshd[1395]: Received disconnect from 43.255.190.135: 11:  [preauth]
Apr 11 10:23:48 ovzhost sshd[1395]: PAM 2 more authentication failures; logname= uid=0 euid=0 tty=ssh ruser= rhost=43.255.190.135  user=root
Apr 11 10:23:49 ovzhost sshd[1397]: pam_unix(sshd:auth): authentication failure; logname= uid=0 euid=0 tty=ssh ruser= rhost=43.255.190.135  user=root
Apr 11 10:23:51 ovzhost sshd[1397]: Failed password for root from 43.255.190.135 port 50681 ssh2
Apr 11 10:23:56 ovzhost sshd[1397]: message repeated 2 times: [ Failed password for root from 43.255.190.135 port 50681 ssh2]
Apr 11 10:23:56 ovzhost sshd[1397]: Received disconnect from 43.255.190.135: 11:  [preauth]
Apr 11 10:23:56 ovzhost sshd[1397]: PAM 2 more authentication failures; logname= uid=0 euid=0 tty=ssh ruser= rhost=43.255.190.135  user=root
Apr 11 10:23:56 ovzhost sshd[1399]: pam_unix(sshd:auth): authentication failure; logname= uid=0 euid=0 tty=ssh ruser= rhost=43.255.190.135  user=root
Apr 11 10:23:58 ovzhost sshd[1399]: Failed password for root from 43.255.190.135 port 36998 ssh2
Apr 11 10:24:03 ovzhost sshd[1399]: message repeated 2 times: [ Failed password for root from 43.255.190.135 port 36998 ssh2]
Apr 11 10:24:03 ovzhost sshd[1399]: Received disconnect from 43.255.190.135: 11:  [preauth]
Apr 11 10:24:03 ovzhost sshd[1399]: PAM 2 more authentication failures; logname= uid=0 euid=0 tty=ssh ruser= rhost=43.255.190.135  user=root
Apr 11 10:24:04 ovzhost sshd[1401]: pam_unix(sshd:auth): authentication failure; logname= uid=0 euid=0 tty=ssh ruser= rhost=43.255.190.135  user=root
Apr 11 10:24:06 ovzhost sshd[1401]: Failed password for root from 43.255.190.135 port 50754 ssh2
Apr 11 10:24:10 ovzhost sshd[1401]: message repeated 2 times: [ Failed password for root from 43.255.190.135 port 50754 ssh2]
Apr 11 10:24:10 ovzhost sshd[1401]: Received disconnect from 43.255.190.135: 11:  [preauth]
Apr 11 10:24:10 ovzhost sshd[1401]: PAM 2 more authentication failures; logname= uid=0 euid=0 tty=ssh ruser= rhost=43.255.190.135  user=root
Apr 11 10:24:11 ovzhost sshd[1405]: pam_unix(sshd:auth): authentication failure; logname= uid=0 euid=0 tty=ssh ruser= rhost=43.255.190.135  user=root
Apr 11 10:24:13 ovzhost sshd[1405]: Failed password for root from 43.255.190.135 port 36147 ssh2
Apr 11 10:24:18 ovzhost sshd[1405]: message repeated 2 times: [ Failed password for root from 43.255.190.135 port 36147 ssh2]
Apr 11 10:24:18 ovzhost sshd[1405]: Received disconnect from 43.255.190.135: 11:  [preauth]
Apr 11 10:24:18 ovzhost sshd[1405]: PAM 2 more authentication failures; logname= uid=0 euid=0 tty=ssh ruser= rhost=43.255.190.135  user=root
Apr 11 10:24:19 ovzhost sshd[1407]: pam_unix(sshd:auth): authentication failure; logname= uid=0 euid=0 tty=ssh ruser= rhost=43.255.190.135  user=root
Apr 11 10:24:20 ovzhost sshd[1407]: Failed password for root from 43.255.190.135 port 50348 ssh2
Apr 11 10:24:24 ovzhost sshd[1407]: message repeated 2 times: [ Failed password for root from 43.255.190.135 port 50348 ssh2]
Apr 11 10:24:24 ovzhost sshd[1407]: Received disconnect from 43.255.190.135: 11:  [preauth]
Apr 11 10:24:24 ovzhost sshd[1407]: PAM 2 more authentication failures; logname= uid=0 euid=0 tty=ssh ruser= rhost=43.255.190.135  user=root
Apr 11 10:24:25 ovzhost sshd[1409]: pam_unix(sshd:auth): authentication failure; logname= uid=0 euid=0 tty=ssh ruser= rhost=43.255.190.135  user=root
Apr 11 10:24:27 ovzhost sshd[1409]: Failed password for root from 43.255.190.135 port 34584 ssh2
Apr 11 10:24:32 ovzhost sshd[1409]: message repeated 2 times: [ Failed password for root from 43.255.190.135 port 34584 ssh2]
Apr 11 10:24:32 ovzhost sshd[1409]: Received disconnect from 43.255.190.135: 11:  [preauth]
Apr 11 10:24:32 ovzhost sshd[1409]: PAM 2 more authentication failures; logname= uid=0 euid=0 tty=ssh ruser= rhost=43.255.190.135  user=root
Apr 11 10:24:32 ovzhost sshd[1413]: pam_unix(sshd:auth): authentication failure; logname= uid=0 euid=0 tty=ssh ruser= rhost=43.255.190.135  user=root
Apr 11 10:24:34 ovzhost sshd[1413]: Failed password for root from 43.255.190.135 port 48584 ssh2
Apr 11 10:24:39 ovzhost sshd[1413]: message repeated 2 times: [ Failed password for root from 43.255.190.135 port 48584 ssh2]
Apr 11 10:24:40 ovzhost sshd[1413]: Received disconnect from 43.255.190.135: 11:  [preauth]
Apr 11 10:24:40 ovzhost sshd[1413]: PAM 2 more authentication failures; logname= uid=0 euid=0 tty=ssh ruser= rhost=43.255.190.135  user=root
Apr 11 10:24:48 ovzhost sshd[1415]: pam_unix(sshd:auth): authentication failure; logname= uid=0 euid=0 tty=ssh ruser= rhost=43.255.190.135  user=root
Apr 11 10:24:50 ovzhost sshd[1415]: Failed password for root from 43.255.190.135 port 34763 ssh2
Apr 11 10:24:54 ovzhost sshd[1415]: message repeated 2 times: [ Failed password for root from 43.255.190.135 port 34763 ssh2]
Apr 11 10:24:54 ovzhost sshd[1415]: Received disconnect from 43.255.190.135: 11:  [preauth]
Apr 11 10:24:54 ovzhost sshd[1415]: PAM 2 more authentication failures; logname= uid=0 euid=0 tty=ssh ruser= rhost=43.255.190.135  user=root
Apr 11 10:24:55 ovzhost sshd[1417]: pam_unix(sshd:auth): authentication failure; logname= uid=0 euid=0 tty=ssh ruser= rhost=43.255.190.135  user=root
Apr 11 10:24:56 ovzhost sshd[1417]: Failed password for root from 43.255.190.135 port 32919 ssh2
Apr 11 10:25:00 ovzhost sshd[1417]: message repeated 2 times: [ Failed password for root from 43.255.190.135 port 32919 ssh2]
Apr 11 10:25:00 ovzhost sshd[1417]: Received disconnect from 43.255.190.135: 11:  [preauth]
Apr 11 10:25:00 ovzhost sshd[1417]: PAM 2 more authentication failures; logname= uid=0 euid=0 tty=ssh ruser= rhost=43.255.190.135  user=root
Apr 11 10:25:01 ovzhost sshd[1419]: pam_unix(sshd:auth): authentication failure; logname= uid=0 euid=0 tty=ssh ruser= rhost=43.255.190.135  user=root
Apr 11 10:25:03 ovzhost sshd[1419]: Failed password for root from 43.255.190.135 port 45736 ssh2
Apr 11 10:25:08 ovzhost sshd[1419]: message repeated 2 times: [ Failed password for root from 43.255.190.135 port 45736 ssh2]
Apr 11 10:25:08 ovzhost sshd[1419]: Received disconnect from 43.255.190.135: 11:  [preauth]
Apr 11 10:25:08 ovzhost sshd[1419]: PAM 2 more authentication failures; logname= uid=0 euid=0 tty=ssh ruser= rhost=43.255.190.135  user=root
Apr 11 10:25:09 ovzhost sshd[1422]: pam_unix(sshd:auth): authentication failure; logname= uid=0 euid=0 tty=ssh ruser= rhost=43.255.190.135  user=root
Apr 11 10:25:12 ovzhost sshd[1422]: Failed password for root from 43.255.190.135 port 59534 ssh2
Apr 11 10:25:16 ovzhost sshd[1422]: message repeated 2 times: [ Failed password for root from 43.255.190.135 port 59534 ssh2]
