Apr  2 14:31:44 ovzhost sshd[780]: Connection closed by 127.0.0.1 [preauth]
Apr  2 14:35:40 ovzhost sshd[811]: Connection closed by 128.8.37.120 [preauth]
Apr  2 14:36:44 ovzhost sshd[820]: Connection closed by 127.0.0.1 [preauth]
Apr 11 10:38:42 ovzhost sshd[793]: Connection closed by 127.0.0.1 [preauth]
Apr 11 10:39:01 ovzhost CRON[795]: pam_env(cron:session): Unable to open env file: /etc/default/locale: No such file or directory
Apr 11 10:39:01 ovzhost CRON[795]: pam_unix(cron:session): session opened for user root by (uid=0)
Apr 11 10:39:01 ovzhost CRON[795]: pam_unix(cron:session): session closed for user root
Apr 11 10:40:01 ovzhost CRON[810]: pam_env(cron:session): Unable to open env file: /etc/default/locale: No such file or directory
Apr 11 10:40:01 ovzhost CRON[810]: pam_unix(cron:session): session opened for user smmsp by (uid=0)
Apr 11 10:40:01 ovzhost CRON[810]: pam_unix(cron:session): session closed for user smmsp
Apr 11 10:40:42 ovzhost sshd[838]: Connection closed by 128.8.37.120 [preauth]
Apr 11 10:42:27 ovzhost sshd[847]: reverse mapping checking getaddrinfo for 153-127-166-207-ptr.centennialpr.net [207.166.127.153] failed - POSSIBLE BREAK-IN ATTEMPT!
Apr 11 10:42:27 ovzhost sshd[847]: Invalid user danny from 207.166.127.153
Apr 11 10:42:27 ovzhost sshd[847]: input_userauth_request: invalid user danny [preauth]
Apr 11 10:42:27 ovzhost sshd[847]: pam_unix(sshd:auth): check pass; user unknown
Apr 11 10:42:27 ovzhost sshd[847]: pam_unix(sshd:auth): authentication failure; logname= uid=0 euid=0 tty=ssh ruser= rhost=207.166.127.153 
Apr 11 10:42:29 ovzhost sshd[847]: Failed password for invalid user danny from 207.166.127.153 port 36142 ssh2
Apr 11 10:42:29 ovzhost sshd[847]: Connection closed by 207.166.127.153 [preauth]
Apr 11 10:43:42 ovzhost sshd[855]: Connection closed by 127.0.0.1 [preauth]
Apr 11 10:48:39 ovzhost sshd[874]: pam_unix(sshd:auth): authentication failure; logname= uid=0 euid=0 tty=ssh ruser= rhost=43.255.190.157  user=root
Apr 11 10:48:41 ovzhost sshd[874]: Failed password for root from 43.255.190.157 port 51879 ssh2
Apr 11 10:48:42 ovzhost sshd[881]: Connection closed by 127.0.0.1 [preauth]
Apr 11 10:48:42 ovzhost sshd[878]: pam_unix(sshd:auth): authentication failure; logname= uid=0 euid=0 tty=ssh ruser= rhost=43.255.190.175  user=root
Apr 11 10:48:44 ovzhost sshd[878]: Failed password for root from 43.255.190.175 port 42150 ssh2
Apr 11 10:48:45 ovzhost sshd[874]: message repeated 2 times: [ Failed password for root from 43.255.190.157 port 51879 ssh2]
Apr 11 10:48:45 ovzhost sshd[874]: Received disconnect from 43.255.190.157: 11:  [preauth]
Apr 11 10:48:45 ovzhost sshd[874]: PAM 2 more authentication failures; logname= uid=0 euid=0 tty=ssh ruser= rhost=43.255.190.157  user=root
Apr 11 10:48:45 ovzhost sshd[883]: pam_unix(sshd:auth): authentication failure; logname= uid=0 euid=0 tty=ssh ruser= rhost=43.255.190.157  user=root
Apr 11 10:48:48 ovzhost sshd[883]: Failed password for root from 43.255.190.157 port 40082 ssh2
Apr 11 10:48:48 ovzhost sshd[878]: message repeated 2 times: [ Failed password for root from 43.255.190.175 port 42150 ssh2]
Apr 11 10:48:48 ovzhost sshd[878]: Received disconnect from 43.255.190.175: 11:  [preauth]
Apr 11 10:48:48 ovzhost sshd[878]: PAM 2 more authentication failures; logname= uid=0 euid=0 tty=ssh ruser= rhost=43.255.190.175  user=root
Apr 11 10:48:49 ovzhost sshd[885]: pam_unix(sshd:auth): authentication failure; logname= uid=0 euid=0 tty=ssh ruser= rhost=43.255.190.175  user=root
Apr 11 10:48:51 ovzhost sshd[885]: Failed password for root from 43.255.190.175 port 58081 ssh2
Apr 11 10:48:52 ovzhost sshd[883]: message repeated 2 times: [ Failed password for root from 43.255.190.157 port 40082 ssh2]
Apr 11 10:48:52 ovzhost sshd[883]: Received disconnect from 43.255.190.157: 11:  [preauth]
Apr 11 10:48:52 ovzhost sshd[883]: PAM 2 more authentication failures; logname= uid=0 euid=0 tty=ssh ruser= rhost=43.255.190.157  user=root
Apr 11 10:48:52 ovzhost sshd[887]: pam_unix(sshd:auth): authentication failure; logname= uid=0 euid=0 tty=ssh ruser= rhost=43.255.190.157  user=root
Apr 11 10:48:54 ovzhost sshd[885]: message repeated 2 times: [ Failed password for root from 43.255.190.175 port 58081 ssh2]
Apr 11 10:48:54 ovzhost sshd[885]: Received disconnect from 43.255.190.175: 11:  [preauth]
Apr 11 10:48:54 ovzhost sshd[885]: PAM 2 more authentication failures; logname= uid=0 euid=0 tty=ssh ruser= rhost=43.255.190.175  user=root
Apr 11 10:48:55 ovzhost sshd[887]: Failed password for root from 43.255.190.157 port 57384 ssh2
Apr 11 10:48:55 ovzhost sshd[889]: pam_unix(sshd:auth): authentication failure; logname= uid=0 euid=0 tty=ssh ruser= rhost=43.255.190.175  user=root
Apr 11 10:48:57 ovzhost sshd[889]: Failed password for root from 43.255.190.175 port 44834 ssh2
Apr 11 10:48:59 ovzhost sshd[887]: message repeated 2 times: [ Failed password for root from 43.255.190.157 port 57384 ssh2]
Apr 11 10:48:59 ovzhost sshd[887]: Received disconnect from 43.255.190.157: 11:  [preauth]
Apr 11 10:48:59 ovzhost sshd[887]: PAM 2 more authentication failures; logname= uid=0 euid=0 tty=ssh ruser= rhost=43.255.190.157  user=root
Apr 11 10:49:00 ovzhost sshd[891]: pam_unix(sshd:auth): authentication failure; logname= uid=0 euid=0 tty=ssh ruser= rhost=43.255.190.157  user=root
Apr 11 10:49:01 ovzhost sshd[889]: message repeated 2 times: [ Failed password for root from 43.255.190.175 port 44834 ssh2]
Apr 11 10:49:01 ovzhost sshd[889]: Received disconnect from 43.255.190.175: 11:  [preauth]
Apr 11 10:49:01 ovzhost sshd[889]: PAM 2 more authentication failures; logname= uid=0 euid=0 tty=ssh ruser= rhost=43.255.190.175  user=root
Apr 11 10:49:02 ovzhost sshd[893]: pam_unix(sshd:auth): authentication failure; logname= uid=0 euid=0 tty=ssh ruser= rhost=43.255.190.175  user=root
Apr 11 10:49:02 ovzhost sshd[891]: Failed password for root from 43.255.190.157 port 47079 ssh2
Apr 11 10:49:04 ovzhost sshd[893]: Failed password for root from 43.255.190.175 port 33787 ssh2
Apr 11 10:49:06 ovzhost sshd[891]: message repeated 2 times: [ Failed password for root from 43.255.190.157 port 47079 ssh2]
Apr 11 10:49:06 ovzhost sshd[891]: Received disconnect from 43.255.190.157: 11:  [preauth]
Apr 11 10:49:06 ovzhost sshd[891]: PAM 2 more authentication failures; logname= uid=0 euid=0 tty=ssh ruser= rhost=43.255.190.157  user=root
Apr 11 10:49:07 ovzhost sshd[895]: pam_unix(sshd:auth): authentication failure; logname= uid=0 euid=0 tty=ssh ruser= rhost=43.255.190.157  user=root
Apr 11 10:49:09 ovzhost sshd[895]: Failed password for root from 43.255.190.157 port 35981 ssh2
Apr 11 10:49:09 ovzhost sshd[893]: message repeated 2 times: [ Failed password for root from 43.255.190.175 port 33787 ssh2]
Apr 11 10:49:09 ovzhost sshd[893]: Received disconnect from 43.255.190.175: 11:  [preauth]
Apr 11 10:49:09 ovzhost sshd[893]: PAM 2 more authentication failures; logname= uid=0 euid=0 tty=ssh ruser= rhost=43.255.190.175  user=root
Apr 11 10:49:10 ovzhost sshd[897]: pam_unix(sshd:auth): authentication failure; logname= uid=0 euid=0 tty=ssh ruser= rhost=43.255.190.175  user=root
Apr 11 10:49:12 ovzhost sshd[897]: Failed password for root from 43.255.190.175 port 52888 ssh2
Apr 11 10:49:15 ovzhost sshd[895]: message repeated 2 times: [ Failed password for root from 43.255.190.157 port 35981 ssh2]
Apr 11 10:49:15 ovzhost sshd[895]: Received disconnect from 43.255.190.157: 11:  [preauth]
Apr 11 10:49:15 ovzhost sshd[895]: PAM 2 more authentication failures; logname= uid=0 euid=0 tty=ssh ruser= rhost=43.255.190.157  user=root
Apr 11 10:49:16 ovzhost sshd[901]: pam_unix(sshd:auth): authentication failure; logname= uid=0 euid=0 tty=ssh ruser= rhost=43.255.190.157  user=root
Apr 11 10:49:18 ovzhost sshd[897]: message repeated 2 times: [ Failed password for root from 43.255.190.175 port 52888 ssh2]
Apr 11 10:49:18 ovzhost sshd[897]: Received disconnect from 43.255.190.175: 11:  [preauth]
Apr 11 10:49:18 ovzhost sshd[897]: PAM 2 more authentication failures; logname= uid=0 euid=0 tty=ssh ruser= rhost=43.255.190.175  user=root
Apr 11 10:49:19 ovzhost sshd[903]: pam_unix(sshd:auth): authentication failure; logname= uid=0 euid=0 tty=ssh ruser= rhost=43.255.190.175  user=root
Apr 11 10:49:19 ovzhost sshd[901]: Failed password for root from 43.255.190.157 port 57156 ssh2
Apr 11 10:49:21 ovzhost sshd[903]: Failed password for root from 43.255.190.175 port 44638 ssh2
Apr 11 10:49:24 ovzhost sshd[901]: message repeated 2 times: [ Failed password for root from 43.255.190.157 port 57156 ssh2]
Apr 11 10:49:24 ovzhost sshd[901]: Received disconnect from 43.255.190.157: 11:  [preauth]
Apr 11 10:49:24 ovzhost sshd[901]: PAM 2 more authentication failures; logname= uid=0 euid=0 tty=ssh ruser= rhost=43.255.190.157  user=root
Apr 11 10:49:24 ovzhost sshd[905]: pam_unix(sshd:auth): authentication failure; logname= uid=0 euid=0 tty=ssh ruser= rhost=43.255.190.157  user=root
Apr 11 10:49:25 ovzhost sshd[903]: message repeated 2 times: [ Failed password for root from 43.255.190.175 port 44638 ssh2]
Apr 11 10:49:25 ovzhost sshd[903]: Received disconnect from 43.255.190.175: 11:  [preauth]
Apr 11 10:49:25 ovzhost sshd[903]: PAM 2 more authentication failures; logname= uid=0 euid=0 tty=ssh ruser= rhost=43.255.190.175  user=root
Apr 11 10:49:26 ovzhost sshd[907]: pam_unix(sshd:auth): authentication failure; logname= uid=0 euid=0 tty=ssh ruser= rhost=43.255.190.175  user=root
Apr 11 10:49:26 ovzhost sshd[905]: Failed password for root from 43.255.190.157 port 50002 ssh2
Apr 11 10:49:28 ovzhost sshd[907]: Failed password for root from 43.255.190.175 port 34259 ssh2
Apr 11 10:49:30 ovzhost sshd[905]: message repeated 2 times: [ Failed password for root from 43.255.190.157 port 50002 ssh2]
Apr 11 10:49:30 ovzhost sshd[905]: Received disconnect from 43.255.190.157: 11:  [preauth]
Apr 11 10:49:30 ovzhost sshd[905]: PAM 2 more authentication failures; logname= uid=0 euid=0 tty=ssh ruser= rhost=43.255.190.157  user=root
Apr 11 10:49:31 ovzhost sshd[909]: pam_unix(sshd:auth): authentication failure; logname= uid=0 euid=0 tty=ssh ruser= rhost=43.255.190.157  user=root
Apr 11 10:49:33 ovzhost sshd[909]: Failed password for root from 43.255.190.157 port 38466 ssh2
Apr 11 10:49:33 ovzhost sshd[907]: message repeated 2 times: [ Failed password for root from 43.255.190.175 port 34259 ssh2]
Apr 11 10:49:33 ovzhost sshd[907]: Received disconnect from 43.255.190.175: 11:  [preauth]
Apr 11 10:49:33 ovzhost sshd[907]: PAM 2 more authentication failures; logname= uid=0 euid=0 tty=ssh ruser= rhost=43.255.190.175  user=root
Apr 11 10:49:33 ovzhost sshd[911]: pam_unix(sshd:auth): authentication failure; logname= uid=0 euid=0 tty=ssh ruser= rhost=43.255.190.175  user=root
Apr 11 10:49:36 ovzhost sshd[911]: Failed password for root from 43.255.190.175 port 53360 ssh2
Apr 11 10:49:37 ovzhost sshd[909]: message repeated 2 times: [ Failed password for root from 43.255.190.157 port 38466 ssh2]
Apr 11 10:49:37 ovzhost sshd[909]: Received disconnect from 43.255.190.157: 11:  [preauth]
Apr 11 10:49:37 ovzhost sshd[909]: PAM 2 more authentication failures; logname= uid=0 euid=0 tty=ssh ruser= rhost=43.255.190.157  user=root
Apr 11 10:49:38 ovzhost sshd[913]: pam_unix(sshd:auth): authentication failure; logname= uid=0 euid=0 tty=ssh ruser= rhost=43.255.190.157  user=root
Apr 11 10:49:40 ovzhost sshd[913]: Failed password for root from 43.255.190.157 port 56905 ssh2
Apr 11 10:49:40 ovzhost sshd[911]: message repeated 2 times: [ Failed password for root from 43.255.190.175 port 53360 ssh2]
Apr 11 10:49:40 ovzhost sshd[911]: Received disconnect from 43.255.190.175: 11:  [preauth]
Apr 11 10:49:40 ovzhost sshd[911]: PAM 2 more authentication failures; logname= uid=0 euid=0 tty=ssh ruser= rhost=43.255.190.175  user=root
Apr 11 10:49:41 ovzhost sshd[916]: pam_unix(sshd:auth): authentication failure; logname= uid=0 euid=0 tty=ssh ruser= rhost=43.255.190.175  user=root
Apr 11 10:49:43 ovzhost sshd[916]: Failed password for root from 43.255.190.175 port 44276 ssh2
Apr 11 10:49:44 ovzhost sshd[913]: message repeated 2 times: [ Failed password for root from 43.255.190.157 port 56905 ssh2]
Apr 11 10:49:44 ovzhost sshd[913]: Received disconnect from 43.255.190.157: 11:  [preauth]
Apr 11 10:49:44 ovzhost sshd[913]: PAM 2 more authentication failures; logname= uid=0 euid=0 tty=ssh ruser= rhost=43.255.190.157  user=root
Apr 11 10:49:45 ovzhost sshd[919]: pam_unix(sshd:auth): authentication failure; logname= uid=0 euid=0 tty=ssh ruser= rhost=43.255.190.157  user=root
Apr 11 10:49:47 ovzhost sshd[916]: message repeated 2 times: [ Failed password for root from 43.255.190.175 port 44276 ssh2]
Apr 11 10:49:47 ovzhost sshd[916]: Received disconnect from 43.255.190.175: 11:  [preauth]
Apr 11 10:49:47 ovzhost sshd[916]: PAM 2 more authentication failures; logname= uid=0 euid=0 tty=ssh ruser= rhost=43.255.190.175  user=root
Apr 11 10:49:47 ovzhost sshd[921]: pam_unix(sshd:auth): authentication failure; logname= uid=0 euid=0 tty=ssh ruser= rhost=43.255.190.175  user=root
Apr 11 10:49:47 ovzhost sshd[919]: Failed password for root from 43.255.190.157 port 45195 ssh2
Apr 11 10:49:49 ovzhost sshd[921]: Failed password for root from 43.255.190.175 port 60334 ssh2
Apr 11 10:49:52 ovzhost sshd[919]: message repeated 2 times: [ Failed password for root from 43.255.190.157 port 45195 ssh2]
Apr 11 10:49:52 ovzhost sshd[919]: Received disconnect from 43.255.190.157: 11:  [preauth]
Apr 11 10:49:52 ovzhost sshd[919]: PAM 2 more authentication failures; logname= uid=0 euid=0 tty=ssh ruser= rhost=43.255.190.157  user=root
Apr 11 10:49:52 ovzhost sshd[923]: pam_unix(sshd:auth): authentication failure; logname= uid=0 euid=0 tty=ssh ruser= rhost=43.255.190.157  user=root
Apr 11 10:49:54 ovzhost sshd[921]: message repeated 2 times: [ Failed password for root from 43.255.190.175 port 60334 ssh2]
Apr 11 10:49:54 ovzhost sshd[921]: Received disconnect from 43.255.190.175: 11:  [preauth]
Apr 11 10:49:54 ovzhost sshd[921]: PAM 2 more authentication failures; logname= uid=0 euid=0 tty=ssh ruser= rhost=43.255.190.175  user=root
Apr 11 10:49:54 ovzhost sshd[923]: Failed password for root from 43.255.190.157 port 35625 ssh2
Apr 11 10:49:54 ovzhost sshd[925]: pam_unix(sshd:auth): authentication failure; logname= uid=0 euid=0 tty=ssh ruser= rhost=43.255.190.175  user=root
Apr 11 10:49:56 ovzhost sshd[925]: Failed password for root from 43.255.190.175 port 49325 ssh2
Apr 11 10:49:59 ovzhost sshd[923]: message repeated 2 times: [ Failed password for root from 43.255.190.157 port 35625 ssh2]
Apr 11 10:49:59 ovzhost sshd[923]: Received disconnect from 43.255.190.157: 11:  [preauth]
Apr 11 10:49:59 ovzhost sshd[923]: PAM 2 more authentication failures; logname= uid=0 euid=0 tty=ssh ruser= rhost=43.255.190.157  user=root
Apr 11 10:50:00 ovzhost sshd[927]: pam_unix(sshd:auth): authentication failure; logname= uid=0 euid=0 tty=ssh ruser= rhost=43.255.190.157  user=root
Apr 11 10:50:01 ovzhost sshd[925]: message repeated 2 times: [ Failed password for root from 43.255.190.175 port 49325 ssh2]
Apr 11 10:50:01 ovzhost sshd[925]: Received disconnect from 43.255.190.175: 11:  [preauth]
Apr 11 10:50:01 ovzhost sshd[925]: PAM 2 more authentication failures; logname= uid=0 euid=0 tty=ssh ruser= rhost=43.255.190.175  user=root
Apr 11 10:50:01 ovzhost sshd[929]: pam_unix(sshd:auth): authentication failure; logname= uid=0 euid=0 tty=ssh ruser= rhost=43.255.190.175  user=root
Apr 11 10:50:01 ovzhost sshd[927]: Failed password for root from 43.255.190.157 port 53068 ssh2
Apr 11 10:50:03 ovzhost sshd[929]: Failed password for root from 43.255.190.175 port 36355 ssh2
Apr 11 10:50:06 ovzhost sshd[927]: message repeated 2 times: [ Failed password for root from 43.255.190.157 port 53068 ssh2]
Apr 11 10:50:06 ovzhost sshd[927]: Received disconnect from 43.255.190.157: 11:  [preauth]
Apr 11 10:50:06 ovzhost sshd[927]: PAM 2 more authentication failures; logname= uid=0 euid=0 tty=ssh ruser= rhost=43.255.190.157  user=root
Apr 11 10:50:06 ovzhost sshd[931]: pam_unix(sshd:auth): authentication failure; logname= uid=0 euid=0 tty=ssh ruser= rhost=43.255.190.157  user=root
Apr 11 10:50:07 ovzhost sshd[929]: message repeated 2 times: [ Failed password for root from 43.255.190.175 port 36355 ssh2]
Apr 11 10:50:07 ovzhost sshd[929]: Received disconnect from 43.255.190.175: 11:  [preauth]
Apr 11 10:50:07 ovzhost sshd[929]: PAM 2 more authentication failures; logname= uid=0 euid=0 tty=ssh ruser= rhost=43.255.190.175  user=root
Apr 11 10:50:07 ovzhost sshd[933]: pam_unix(sshd:auth): authentication failure; logname= uid=0 euid=0 tty=ssh ruser= rhost=43.255.190.175  user=root
Apr 11 10:50:08 ovzhost sshd[931]: Failed password for root from 43.255.190.157 port 41460 ssh2
Apr 11 10:50:10 ovzhost sshd[933]: Failed password for root from 43.255.190.175 port 50308 ssh2
Apr 11 10:50:13 ovzhost sshd[931]: message repeated 2 times: [ Failed password for root from 43.255.190.157 port 41460 ssh2]
Apr 11 10:50:13 ovzhost sshd[931]: Received disconnect from 43.255.190.157: 11:  [preauth]
Apr 11 10:50:13 ovzhost sshd[931]: PAM 2 more authentication failures; logname= uid=0 euid=0 tty=ssh ruser= rhost=43.255.190.157  user=root
Apr 11 10:50:13 ovzhost sshd[936]: pam_unix(sshd:auth): authentication failure; logname= uid=0 euid=0 tty=ssh ruser= rhost=43.255.190.157  user=root
Apr 11 10:50:14 ovzhost sshd[933]: message repeated 2 times: [ Failed password for root from 43.255.190.175 port 50308 ssh2]
Apr 11 10:50:14 ovzhost sshd[933]: Received disconnect from 43.255.190.175: 11:  [preauth]
Apr 11 10:50:14 ovzhost sshd[933]: PAM 2 more authentication failures; logname= uid=0 euid=0 tty=ssh ruser= rhost=43.255.190.175  user=root
Apr 11 10:50:15 ovzhost sshd[938]: pam_unix(sshd:auth): authentication failure; logname= uid=0 euid=0 tty=ssh ruser= rhost=43.255.190.175  user=root
Apr 11 10:50:16 ovzhost sshd[936]: Failed password for root from 43.255.190.157 port 59177 ssh2
Apr 11 10:50:17 ovzhost sshd[938]: Failed password for root from 43.255.190.175 port 38109 ssh2
Apr 11 10:50:20 ovzhost sshd[936]: message repeated 2 times: [ Failed password for root from 43.255.190.157 port 59177 ssh2]
Apr 11 10:50:20 ovzhost sshd[936]: Received disconnect from 43.255.190.157: 11:  [preauth]
Apr 11 10:50:20 ovzhost sshd[936]: PAM 2 more authentication failures; logname= uid=0 euid=0 tty=ssh ruser= rhost=43.255.190.157  user=root
Apr 11 10:50:21 ovzhost sshd[940]: pam_unix(sshd:auth): authentication failure; logname= uid=0 euid=0 tty=ssh ruser= rhost=43.255.190.157  user=root
Apr 11 10:50:21 ovzhost sshd[938]: message repeated 2 times: [ Failed password for root from 43.255.190.175 port 38109 ssh2]
Apr 11 10:50:21 ovzhost sshd[938]: Received disconnect from 43.255.190.175: 11:  [preauth]
Apr 11 10:50:21 ovzhost sshd[938]: PAM 2 more authentication failures; logname= uid=0 euid=0 tty=ssh ruser= rhost=43.255.190.175  user=root
Apr 11 10:50:22 ovzhost sshd[942]: pam_unix(sshd:auth): authentication failure; logname= uid=0 euid=0 tty=ssh ruser= rhost=43.255.190.175  user=root
Apr 11 10:50:23 ovzhost sshd[940]: Failed password for root from 43.255.190.157 port 48204 ssh2
Apr 11 10:50:24 ovzhost sshd[942]: Failed password for root from 43.255.190.175 port 52691 ssh2
Apr 11 10:50:27 ovzhost sshd[940]: message repeated 2 times: [ Failed password for root from 43.255.190.157 port 48204 ssh2]
Apr 11 10:50:27 ovzhost sshd[940]: Received disconnect from 43.255.190.157: 11:  [preauth]
Apr 11 10:50:27 ovzhost sshd[940]: PAM 2 more authentication failures; logname= uid=0 euid=0 tty=ssh ruser= rhost=43.255.190.157  user=root
Apr 11 10:50:27 ovzhost sshd[944]: pam_unix(sshd:auth): authentication failure; logname= uid=0 euid=0 tty=ssh ruser= rhost=43.255.190.157  user=root
Apr 11 10:50:28 ovzhost sshd[942]: message repeated 2 times: [ Failed password for root from 43.255.190.175 port 52691 ssh2]
Apr 11 10:50:28 ovzhost sshd[942]: Received disconnect from 43.255.190.175: 11:  [preauth]
Apr 11 10:50:28 ovzhost sshd[942]: PAM 2 more authentication failures; logname= uid=0 euid=0 tty=ssh ruser= rhost=43.255.190.175  user=root
Apr 11 10:50:29 ovzhost sshd[946]: pam_unix(sshd:auth): authentication failure; logname= uid=0 euid=0 tty=ssh ruser= rhost=43.255.190.175  user=root
Apr 11 10:50:30 ovzhost sshd[944]: Failed password for root from 43.255.190.157 port 36111 ssh2
Apr 11 10:50:30 ovzhost sshd[946]: Failed password for root from 43.255.190.175 port 41271 ssh2
Apr 11 10:50:34 ovzhost sshd[944]: message repeated 2 times: [ Failed password for root from 43.255.190.157 port 36111 ssh2]
Apr 11 10:50:35 ovzhost sshd[944]: Received disconnect from 43.255.190.157: 11:  [preauth]
Apr 11 10:50:35 ovzhost sshd[944]: PAM 2 more authentication failures; logname= uid=0 euid=0 tty=ssh ruser= rhost=43.255.190.157  user=root
Apr 11 10:50:35 ovzhost sshd[946]: message repeated 2 times: [ Failed password for root from 43.255.190.175 port 41271 ssh2]
Apr 11 10:50:35 ovzhost sshd[946]: Received disconnect from 43.255.190.175: 11:  [preauth]
Apr 11 10:50:35 ovzhost sshd[946]: PAM 2 more authentication failures; logname= uid=0 euid=0 tty=ssh ruser= rhost=43.255.190.175  user=root
Apr 11 10:50:35 ovzhost sshd[948]: pam_unix(sshd:auth): authentication failure; logname= uid=0 euid=0 tty=ssh ruser= rhost=43.255.190.157  user=root
Apr 11 10:50:36 ovzhost sshd[950]: pam_unix(sshd:auth): authentication failure; logname= uid=0 euid=0 tty=ssh ruser= rhost=43.255.190.175  user=root
Apr 11 10:50:37 ovzhost sshd[948]: Failed password for root from 43.255.190.157 port 54205 ssh2
Apr 11 10:50:38 ovzhost sshd[950]: Failed password for root from 43.255.190.175 port 56226 ssh2
Apr 11 10:50:41 ovzhost sshd[948]: message repeated 2 times: [ Failed password for root from 43.255.190.157 port 54205 ssh2]
Apr 11 10:50:41 ovzhost sshd[948]: Received disconnect from 43.255.190.157: 11:  [preauth]
Apr 11 10:50:41 ovzhost sshd[948]: PAM 2 more authentication failures; logname= uid=0 euid=0 tty=ssh ruser= rhost=43.255.190.157  user=root
Apr 11 10:50:41 ovzhost sshd[952]: pam_unix(sshd:auth): authentication failure; logname= uid=0 euid=0 tty=ssh ruser= rhost=43.255.190.157  user=root
Apr 11 10:50:42 ovzhost sshd[950]: message repeated 2 times: [ Failed password for root from 43.255.190.175 port 56226 ssh2]
Apr 11 10:50:42 ovzhost sshd[950]: Received disconnect from 43.255.190.175: 11:  [preauth]
Apr 11 10:50:42 ovzhost sshd[950]: PAM 2 more authentication failures; logname= uid=0 euid=0 tty=ssh ruser= rhost=43.255.190.175  user=root
Apr 11 10:50:42 ovzhost sshd[954]: pam_unix(sshd:auth): authentication failure; logname= uid=0 euid=0 tty=ssh ruser= rhost=43.255.190.175  user=root
Apr 11 10:50:42 ovzhost sshd[957]: Connection closed by 128.8.37.120 [preauth]
Apr 11 10:50:43 ovzhost sshd[952]: Failed password for root from 43.255.190.157 port 41309 ssh2
Apr 11 10:50:44 ovzhost sshd[954]: Failed password for root from 43.255.190.175 port 43315 ssh2
Apr 11 10:50:48 ovzhost sshd[952]: message repeated 2 times: [ Failed password for root from 43.255.190.157 port 41309 ssh2]
Apr 11 10:50:48 ovzhost sshd[952]: Received disconnect from 43.255.190.157: 11:  [preauth]
Apr 11 10:50:48 ovzhost sshd[952]: PAM 2 more authentication failures; logname= uid=0 euid=0 tty=ssh ruser= rhost=43.255.190.157  user=root
Apr 11 10:50:48 ovzhost sshd[959]: pam_unix(sshd:auth): authentication failure; logname= uid=0 euid=0 tty=ssh ruser= rhost=43.255.190.157  user=root
Apr 11 10:50:49 ovzhost sshd[954]: message repeated 2 times: [ Failed password for root from 43.255.190.175 port 43315 ssh2]
Apr 11 10:50:49 ovzhost sshd[954]: Received disconnect from 43.255.190.175: 11:  [preauth]
Apr 11 10:50:49 ovzhost sshd[954]: PAM 2 more authentication failures; logname= uid=0 euid=0 tty=ssh ruser= rhost=43.255.190.175  user=root
Apr 11 10:50:50 ovzhost sshd[961]: pam_unix(sshd:auth): authentication failure; logname= uid=0 euid=0 tty=ssh ruser= rhost=43.255.190.175  user=root
Apr 11 10:50:50 ovzhost sshd[959]: Failed password for root from 43.255.190.157 port 57836 ssh2
Apr 11 10:50:52 ovzhost sshd[961]: Failed password for root from 43.255.190.175 port 59863 ssh2
Apr 11 10:50:54 ovzhost sshd[959]: message repeated 2 times: [ Failed password for root from 43.255.190.157 port 57836 ssh2]
Apr 11 10:50:54 ovzhost sshd[959]: Received disconnect from 43.255.190.157: 11:  [preauth]
Apr 11 10:50:54 ovzhost sshd[959]: PAM 2 more authentication failures; logname= uid=0 euid=0 tty=ssh ruser= rhost=43.255.190.157  user=root
Apr 11 10:50:55 ovzhost sshd[963]: pam_unix(sshd:auth): authentication failure; logname= uid=0 euid=0 tty=ssh ruser= rhost=43.255.190.157  user=root
Apr 11 10:50:56 ovzhost sshd[961]: message repeated 2 times: [ Failed password for root from 43.255.190.175 port 59863 ssh2]
Apr 11 10:50:56 ovzhost sshd[961]: Received disconnect from 43.255.190.175: 11:  [preauth]
Apr 11 10:50:56 ovzhost sshd[961]: PAM 2 more authentication failures; logname= uid=0 euid=0 tty=ssh ruser= rhost=43.255.190.175  user=root
Apr 11 10:50:56 ovzhost sshd[965]: pam_unix(sshd:auth): authentication failure; logname= uid=0 euid=0 tty=ssh ruser= rhost=43.255.190.175  user=root
Apr 11 10:50:57 ovzhost sshd[963]: Failed password for root from 43.255.190.157 port 46294 ssh2
Apr 11 10:50:58 ovzhost sshd[965]: Failed password for root from 43.255.190.175 port 46614 ssh2
Apr 11 10:51:02 ovzhost sshd[963]: message repeated 2 times: [ Failed password for root from 43.255.190.157 port 46294 ssh2]
Apr 11 10:51:02 ovzhost sshd[963]: Received disconnect from 43.255.190.157: 11:  [preauth]
Apr 11 10:51:02 ovzhost sshd[963]: PAM 2 more authentication failures; logname= uid=0 euid=0 tty=ssh ruser= rhost=43.255.190.157  user=root
Apr 11 10:51:02 ovzhost sshd[967]: pam_unix(sshd:auth): authentication failure; logname= uid=0 euid=0 tty=ssh ruser= rhost=43.255.190.157  user=root
Apr 11 10:51:03 ovzhost sshd[965]: message repeated 2 times: [ Failed password for root from 43.255.190.175 port 46614 ssh2]
Apr 11 10:51:03 ovzhost sshd[965]: Received disconnect from 43.255.190.175: 11:  [preauth]
Apr 11 10:51:03 ovzhost sshd[965]: PAM 2 more authentication failures; logname= uid=0 euid=0 tty=ssh ruser= rhost=43.255.190.175  user=root
Apr 11 10:51:03 ovzhost sshd[969]: pam_unix(sshd:auth): authentication failure; logname= uid=0 euid=0 tty=ssh ruser= rhost=43.255.190.175  user=root
Apr 11 10:51:04 ovzhost sshd[967]: Failed password for root from 43.255.190.157 port 35133 ssh2
Apr 11 10:51:05 ovzhost sshd[969]: Failed password for root from 43.255.190.175 port 34856 ssh2
Apr 11 10:51:08 ovzhost sshd[967]: message repeated 2 times: [ Failed password for root from 43.255.190.157 port 35133 ssh2]
Apr 11 10:51:08 ovzhost sshd[967]: Received disconnect from 43.255.190.157: 11:  [preauth]
Apr 11 10:51:08 ovzhost sshd[967]: PAM 2 more authentication failures; logname= uid=0 euid=0 tty=ssh ruser= rhost=43.255.190.157  user=root
Apr 11 10:51:09 ovzhost sshd[973]: pam_unix(sshd:auth): authentication failure; logname= uid=0 euid=0 tty=ssh ruser= rhost=43.255.190.157  user=root
Apr 11 10:51:09 ovzhost sshd[969]: message repeated 2 times: [ Failed password for root from 43.255.190.175 port 34856 ssh2]
Apr 11 10:51:09 ovzhost sshd[969]: Received disconnect from 43.255.190.175: 11:  [preauth]
Apr 11 10:51:09 ovzhost sshd[969]: PAM 2 more authentication failures; logname= uid=0 euid=0 tty=ssh ruser= rhost=43.255.190.175  user=root
Apr 11 10:51:10 ovzhost sshd[975]: pam_unix(sshd:auth): authentication failure; logname= uid=0 euid=0 tty=ssh ruser= rhost=43.255.190.175  user=root
Apr 11 10:51:12 ovzhost sshd[973]: Failed password for root from 43.255.190.157 port 51981 ssh2
Apr 11 10:51:13 ovzhost sshd[975]: Failed password for root from 43.255.190.175 port 49399 ssh2
Apr 11 10:51:15 ovzhost sshd[973]: message repeated 2 times: [ Failed password for root from 43.255.190.157 port 51981 ssh2]
Apr 11 10:51:15 ovzhost sshd[973]: Received disconnect from 43.255.190.157: 11:  [preauth]
Apr 11 10:51:15 ovzhost sshd[973]: PAM 2 more authentication failures; logname= uid=0 euid=0 tty=ssh ruser= rhost=43.255.190.157  user=root
Apr 11 10:51:15 ovzhost sshd[977]: pam_unix(sshd:auth): authentication failure; logname= uid=0 euid=0 tty=ssh ruser= rhost=43.255.190.157  user=root
Apr 11 10:51:16 ovzhost sshd[975]: message repeated 2 times: [ Failed password for root from 43.255.190.175 port 49399 ssh2]
Apr 11 10:51:16 ovzhost sshd[975]: Received disconnect from 43.255.190.175: 11:  [preauth]
Apr 11 10:51:16 ovzhost sshd[975]: PAM 2 more authentication failures; logname= uid=0 euid=0 tty=ssh ruser= rhost=43.255.190.175  user=root
Apr 11 10:51:17 ovzhost sshd[979]: pam_unix(sshd:auth): authentication failure; logname= uid=0 euid=0 tty=ssh ruser= rhost=43.255.190.175  user=root
Apr 11 10:51:17 ovzhost sshd[977]: Failed password for root from 43.255.190.157 port 39691 ssh2
Apr 11 10:51:18 ovzhost sshd[979]: Failed password for root from 43.255.190.175 port 36455 ssh2
Apr 11 10:51:21 ovzhost sshd[977]: message repeated 2 times: [ Failed password for root from 43.255.190.157 port 39691 ssh2]
Apr 11 10:51:21 ovzhost sshd[977]: Received disconnect from 43.255.190.157: 11:  [preauth]
Apr 11 10:51:21 ovzhost sshd[977]: PAM 2 more authentication failures; logname= uid=0 euid=0 tty=ssh ruser= rhost=43.255.190.157  user=root
Apr 11 10:51:22 ovzhost sshd[981]: pam_unix(sshd:auth): authentication failure; logname= uid=0 euid=0 tty=ssh ruser= rhost=43.255.190.157  user=root
Apr 11 10:51:23 ovzhost sshd[979]: message repeated 2 times: [ Failed password for root from 43.255.190.175 port 36455 ssh2]
Apr 11 10:51:24 ovzhost sshd[979]: Received disconnect from 43.255.190.175: 11:  [preauth]
Apr 11 10:51:24 ovzhost sshd[979]: PAM 2 more authentication failures; logname= uid=0 euid=0 tty=ssh ruser= rhost=43.255.190.175  user=root
Apr 11 10:51:24 ovzhost sshd[983]: pam_unix(sshd:auth): authentication failure; logname= uid=0 euid=0 tty=ssh ruser= rhost=43.255.190.175  user=root
Apr 11 10:51:24 ovzhost sshd[981]: Failed password for root from 43.255.190.157 port 54659 ssh2
Apr 11 10:51:25 ovzhost sshd[983]: Failed password for root from 43.255.190.175 port 51839 ssh2
Apr 11 10:51:28 ovzhost sshd[981]: message repeated 2 times: [ Failed password for root from 43.255.190.157 port 54659 ssh2]
Apr 11 10:51:28 ovzhost sshd[981]: Received disconnect from 43.255.190.157: 11:  [preauth]
Apr 11 10:51:28 ovzhost sshd[981]: PAM 2 more authentication failures; logname= uid=0 euid=0 tty=ssh ruser= rhost=43.255.190.157  user=root
Apr 11 10:51:28 ovzhost sshd[985]: pam_unix(sshd:auth): authentication failure; logname= uid=0 euid=0 tty=ssh ruser= rhost=43.255.190.157  user=root
Apr 11 10:51:29 ovzhost sshd[983]: message repeated 2 times: [ Failed password for root from 43.255.190.175 port 51839 ssh2]
Apr 11 10:51:29 ovzhost sshd[983]: Received disconnect from 43.255.190.175: 11:  [preauth]
Apr 11 10:51:29 ovzhost sshd[983]: PAM 2 more authentication failures; logname= uid=0 euid=0 tty=ssh ruser= rhost=43.255.190.175  user=root
Apr 11 10:51:30 ovzhost sshd[987]: pam_unix(sshd:auth): authentication failure; logname= uid=0 euid=0 tty=ssh ruser= rhost=43.255.190.175  user=root
Apr 11 10:51:30 ovzhost sshd[985]: Failed password for root from 43.255.190.157 port 41793 ssh2
Apr 11 10:51:32 ovzhost sshd[987]: Failed password for root from 43.255.190.175 port 36745 ssh2
Apr 11 10:51:35 ovzhost sshd[985]: message repeated 2 times: [ Failed password for root from 43.255.190.157 port 41793 ssh2]
Apr 11 10:51:35 ovzhost sshd[985]: Received disconnect from 43.255.190.157: 11:  [preauth]
Apr 11 10:51:35 ovzhost sshd[985]: PAM 2 more authentication failures; logname= uid=0 euid=0 tty=ssh ruser= rhost=43.255.190.157  user=root
Apr 11 10:51:36 ovzhost sshd[989]: pam_unix(sshd:auth): authentication failure; logname= uid=0 euid=0 tty=ssh ruser= rhost=43.255.190.157  user=root
Apr 11 10:51:36 ovzhost sshd[987]: message repeated 2 times: [ Failed password for root from 43.255.190.175 port 36745 ssh2]
Apr 11 10:51:36 ovzhost sshd[987]: Received disconnect from 43.255.190.175: 11:  [preauth]
Apr 11 10:51:36 ovzhost sshd[987]: PAM 2 more authentication failures; logname= uid=0 euid=0 tty=ssh ruser= rhost=43.255.190.175  user=root
Apr 11 10:51:37 ovzhost sshd[993]: pam_unix(sshd:auth): authentication failure; logname= uid=0 euid=0 tty=ssh ruser= rhost=43.255.190.175  user=root
Apr 11 10:51:37 ovzhost sshd[989]: Failed password for root from 43.255.190.157 port 58695 ssh2
Apr 11 10:51:39 ovzhost sshd[993]: Failed password for root from 43.255.190.175 port 52487 ssh2
Apr 11 10:51:41 ovzhost sshd[989]: message repeated 2 times: [ Failed password for root from 43.255.190.157 port 58695 ssh2]
Apr 11 10:51:41 ovzhost sshd[989]: Received disconnect from 43.255.190.157: 11:  [preauth]
Apr 11 10:51:41 ovzhost sshd[989]: PAM 2 more authentication failures; logname= uid=0 euid=0 tty=ssh ruser= rhost=43.255.190.157  user=root
Apr 11 10:51:41 ovzhost sshd[995]: pam_unix(sshd:auth): authentication failure; logname= uid=0 euid=0 tty=ssh ruser= rhost=43.255.190.157  user=root
Apr 11 10:51:42 ovzhost sshd[993]: message repeated 2 times: [ Failed password for root from 43.255.190.175 port 52487 ssh2]
Apr 11 10:51:43 ovzhost sshd[993]: Received disconnect from 43.255.190.175: 11:  [preauth]
Apr 11 10:51:43 ovzhost sshd[993]: PAM 2 more authentication failures; logname= uid=0 euid=0 tty=ssh ruser= rhost=43.255.190.175  user=root
Apr 11 10:51:43 ovzhost sshd[997]: pam_unix(sshd:auth): authentication failure; logname= uid=0 euid=0 tty=ssh ruser= rhost=43.255.190.175  user=root
Apr 11 10:51:43 ovzhost sshd[995]: Failed password for root from 43.255.190.157 port 44920 ssh2
Apr 11 10:51:45 ovzhost sshd[997]: Failed password for root from 43.255.190.175 port 38814 ssh2
Apr 11 10:51:48 ovzhost sshd[995]: message repeated 2 times: [ Failed password for root from 43.255.190.157 port 44920 ssh2]
Apr 11 10:51:48 ovzhost sshd[995]: Received disconnect from 43.255.190.157: 11:  [preauth]
Apr 11 10:51:48 ovzhost sshd[995]: PAM 2 more authentication failures; logname= uid=0 euid=0 tty=ssh ruser= rhost=43.255.190.157  user=root
Apr 11 10:51:48 ovzhost sshd[1001]: pam_unix(sshd:auth): authentication failure; logname= uid=0 euid=0 tty=ssh ruser= rhost=43.255.190.157  user=root
Apr 11 10:51:49 ovzhost sshd[997]: message repeated 2 times: [ Failed password for root from 43.255.190.175 port 38814 ssh2]
Apr 11 10:51:49 ovzhost sshd[997]: Received disconnect from 43.255.190.175: 11:  [preauth]
Apr 11 10:51:49 ovzhost sshd[997]: PAM 2 more authentication failures; logname= uid=0 euid=0 tty=ssh ruser= rhost=43.255.190.175  user=root
Apr 11 10:51:50 ovzhost sshd[1003]: pam_unix(sshd:auth): authentication failure; logname= uid=0 euid=0 tty=ssh ruser= rhost=43.255.190.175  user=root
Apr 11 10:51:50 ovzhost sshd[1001]: Failed password for root from 43.255.190.157 port 60662 ssh2
Apr 11 10:51:51 ovzhost sshd[1003]: Failed password for root from 43.255.190.175 port 53427 ssh2
Apr 11 10:51:53 ovzhost sshd[1001]: message repeated 2 times: [ Failed password for root from 43.255.190.157 port 60662 ssh2]
Apr 11 10:51:54 ovzhost sshd[1001]: Received disconnect from 43.255.190.157: 11:  [preauth]
Apr 11 10:51:54 ovzhost sshd[1001]: PAM 2 more authentication failures; logname= uid=0 euid=0 tty=ssh ruser= rhost=43.255.190.157  user=root
Apr 11 10:51:55 ovzhost sshd[1003]: message repeated 2 times: [ Failed password for root from 43.255.190.175 port 53427 ssh2]
Apr 11 10:51:55 ovzhost sshd[1003]: Received disconnect from 43.255.190.175: 11:  [preauth]
Apr 11 10:51:55 ovzhost sshd[1003]: PAM 2 more authentication failures; logname= uid=0 euid=0 tty=ssh ruser= rhost=43.255.190.175  user=root
Apr 11 10:51:56 ovzhost sshd[1005]: pam_unix(sshd:auth): authentication failure; logname= uid=0 euid=0 tty=ssh ruser= rhost=43.255.190.157  user=root
Apr 11 10:51:56 ovzhost sshd[1007]: pam_unix(sshd:auth): authentication failure; logname= uid=0 euid=0 tty=ssh ruser= rhost=43.255.190.175  user=root
Apr 11 10:51:58 ovzhost sshd[1005]: Failed password for root from 43.255.190.157 port 46907 ssh2
Apr 11 10:51:58 ovzhost sshd[1007]: Failed password for root from 43.255.190.175 port 38409 ssh2
Apr 11 10:52:02 ovzhost sshd[1005]: message repeated 2 times: [ Failed password for root from 43.255.190.157 port 46907 ssh2]
Apr 11 10:52:02 ovzhost sshd[1005]: Received disconnect from 43.255.190.157: 11:  [preauth]
Apr 11 10:52:02 ovzhost sshd[1005]: PAM 2 more authentication failures; logname= uid=0 euid=0 tty=ssh ruser= rhost=43.255.190.157  user=root
Apr 11 10:52:02 ovzhost sshd[1007]: message repeated 2 times: [ Failed password for root from 43.255.190.175 port 38409 ssh2]
Apr 11 10:52:02 ovzhost sshd[1007]: Received disconnect from 43.255.190.175: 11:  [preauth]
Apr 11 10:52:02 ovzhost sshd[1007]: PAM 2 more authentication failures; logname= uid=0 euid=0 tty=ssh ruser= rhost=43.255.190.175  user=root
Apr 11 10:52:02 ovzhost sshd[1009]: pam_unix(sshd:auth): authentication failure; logname= uid=0 euid=0 tty=ssh ruser= rhost=43.255.190.157  user=root
Apr 11 10:52:03 ovzhost sshd[1011]: pam_unix(sshd:auth): authentication failure; logname= uid=0 euid=0 tty=ssh ruser= rhost=43.255.190.175  user=root
Apr 11 10:52:04 ovzhost sshd[1009]: Failed password for root from 43.255.190.157 port 36457 ssh2
Apr 11 10:52:05 ovzhost sshd[1011]: Failed password for root from 43.255.190.175 port 53607 ssh2
Apr 11 10:52:09 ovzhost sshd[1011]: message repeated 2 times: [ Failed password for root from 43.255.190.175 port 53607 ssh2]
Apr 11 10:52:09 ovzhost sshd[1011]: Received disconnect from 43.255.190.175: 11:  [preauth]
Apr 11 10:52:09 ovzhost sshd[1011]: PAM 2 more authentication failures; logname= uid=0 euid=0 tty=ssh ruser= rhost=43.255.190.175  user=root
Apr 11 10:52:09 ovzhost sshd[1009]: message repeated 2 times: [ Failed password for root from 43.255.190.157 port 36457 ssh2]
Apr 11 10:52:09 ovzhost sshd[1009]: Received disconnect from 43.255.190.157: 11:  [preauth]
Apr 11 10:52:09 ovzhost sshd[1009]: PAM 2 more authentication failures; logname= uid=0 euid=0 tty=ssh ruser= rhost=43.255.190.157  user=root
Apr 11 10:52:11 ovzhost sshd[1016]: pam_unix(sshd:auth): authentication failure; logname= uid=0 euid=0 tty=ssh ruser= rhost=43.255.190.157  user=root
Apr 11 10:52:11 ovzhost sshd[1014]: pam_unix(sshd:auth): authentication failure; logname= uid=0 euid=0 tty=ssh ruser= rhost=43.255.190.175  user=root
Apr 11 10:52:13 ovzhost sshd[1016]: Failed password for root from 43.255.190.157 port 53774 ssh2
Apr 11 10:52:13 ovzhost sshd[1014]: Failed password for root from 43.255.190.175 port 40054 ssh2
Apr 11 10:52:18 ovzhost sshd[1014]: message repeated 2 times: [ Failed password for root from 43.255.190.175 port 40054 ssh2]
Apr 11 10:52:18 ovzhost sshd[1014]: Received disconnect from 43.255.190.175: 11:  [preauth]
Apr 11 10:52:18 ovzhost sshd[1014]: PAM 2 more authentication failures; logname= uid=0 euid=0 tty=ssh ruser= rhost=43.255.190.175  user=root
Apr 11 10:52:18 ovzhost sshd[1016]: message repeated 2 times: [ Failed password for root from 43.255.190.157 port 53774 ssh2]
Apr 11 10:52:18 ovzhost sshd[1016]: Received disconnect from 43.255.190.157: 11:  [preauth]
Apr 11 10:52:18 ovzhost sshd[1016]: PAM 2 more authentication failures; logname= uid=0 euid=0 tty=ssh ruser= rhost=43.255.190.157  user=root
Apr 11 10:52:18 ovzhost sshd[1018]: pam_unix(sshd:auth): authentication failure; logname= uid=0 euid=0 tty=ssh ruser= rhost=43.255.190.175  user=root
Apr 11 10:52:18 ovzhost sshd[1020]: pam_unix(sshd:auth): authentication failure; logname= uid=0 euid=0 tty=ssh ruser= rhost=43.255.190.157  user=root
Apr 11 10:52:20 ovzhost sshd[1018]: Failed password for root from 43.255.190.175 port 59920 ssh2
Apr 11 10:52:20 ovzhost sshd[1020]: Failed password for root from 43.255.190.157 port 45876 ssh2
Apr 11 10:52:24 ovzhost sshd[1018]: message repeated 2 times: [ Failed password for root from 43.255.190.175 port 59920 ssh2]
Apr 11 10:52:24 ovzhost sshd[1018]: Received disconnect from 43.255.190.175: 11:  [preauth]
Apr 11 10:52:24 ovzhost sshd[1018]: PAM 2 more authentication failures; logname= uid=0 euid=0 tty=ssh ruser= rhost=43.255.190.175  user=root
Apr 11 10:52:25 ovzhost sshd[1020]: message repeated 2 times: [ Failed password for root from 43.255.190.157 port 45876 ssh2]
Apr 11 10:52:25 ovzhost sshd[1020]: Received disconnect from 43.255.190.157: 11:  [preauth]
Apr 11 10:52:25 ovzhost sshd[1020]: PAM 2 more authentication failures; logname= uid=0 euid=0 tty=ssh ruser= rhost=43.255.190.157  user=root
Apr 11 10:52:25 ovzhost sshd[1022]: pam_unix(sshd:auth): authentication failure; logname= uid=0 euid=0 tty=ssh ruser= rhost=43.255.190.175  user=root
Apr 11 10:52:25 ovzhost sshd[1024]: pam_unix(sshd:auth): authentication failure; logname= uid=0 euid=0 tty=ssh ruser= rhost=43.255.190.157  user=root
Apr 11 10:52:26 ovzhost sshd[1022]: Failed password for root from 43.255.190.175 port 47502 ssh2
Apr 11 10:52:27 ovzhost sshd[1024]: Failed password for root from 43.255.190.157 port 33828 ssh2
Apr 11 10:52:30 ovzhost sshd[1022]: message repeated 2 times: [ Failed password for root from 43.255.190.175 port 47502 ssh2]
Apr 11 10:52:30 ovzhost sshd[1022]: Received disconnect from 43.255.190.175: 11:  [preauth]
Apr 11 10:52:30 ovzhost sshd[1022]: PAM 2 more authentication failures; logname= uid=0 euid=0 tty=ssh ruser= rhost=43.255.190.175  user=root
Apr 11 10:52:31 ovzhost sshd[1028]: pam_unix(sshd:auth): authentication failure; logname= uid=0 euid=0 tty=ssh ruser= rhost=43.255.190.175  user=root
Apr 11 10:52:31 ovzhost sshd[1024]: message repeated 2 times: [ Failed password for root from 43.255.190.157 port 33828 ssh2]
Apr 11 10:52:31 ovzhost sshd[1024]: Received disconnect from 43.255.190.157: 11:  [preauth]
Apr 11 10:52:31 ovzhost sshd[1024]: PAM 2 more authentication failures; logname= uid=0 euid=0 tty=ssh ruser= rhost=43.255.190.157  user=root
Apr 11 10:52:32 ovzhost sshd[1030]: pam_unix(sshd:auth): authentication failure; logname= uid=0 euid=0 tty=ssh ruser= rhost=43.255.190.157  user=root
Apr 11 10:52:33 ovzhost sshd[1028]: Failed password for root from 43.255.190.175 port 33091 ssh2
Apr 11 10:52:34 ovzhost sshd[1030]: Failed password for root from 43.255.190.157 port 49447 ssh2
Apr 11 10:52:37 ovzhost sshd[1028]: message repeated 2 times: [ Failed password for root from 43.255.190.175 port 33091 ssh2]
Apr 11 10:52:37 ovzhost sshd[1028]: Received disconnect from 43.255.190.175: 11:  [preauth]
Apr 11 10:52:37 ovzhost sshd[1028]: PAM 2 more authentication failures; logname= uid=0 euid=0 tty=ssh ruser= rhost=43.255.190.175  user=root
Apr 11 10:52:37 ovzhost sshd[1032]: pam_unix(sshd:auth): authentication failure; logname= uid=0 euid=0 tty=ssh ruser= rhost=43.255.190.175  user=root
Apr 11 10:52:38 ovzhost sshd[1030]: message repeated 2 times: [ Failed password for root from 43.255.190.157 port 49447 ssh2]
Apr 11 10:52:38 ovzhost sshd[1030]: Received disconnect from 43.255.190.157: 11:  [preauth]
Apr 11 10:52:38 ovzhost sshd[1030]: PAM 2 more authentication failures; logname= uid=0 euid=0 tty=ssh ruser= rhost=43.255.190.157  user=root
Apr 11 10:52:38 ovzhost sshd[1034]: pam_unix(sshd:auth): authentication failure; logname= uid=0 euid=0 tty=ssh ruser= rhost=43.255.190.157  user=root
Apr 11 10:52:39 ovzhost sshd[1032]: Failed password for root from 43.255.190.175 port 47974 ssh2
Apr 11 10:52:40 ovzhost sshd[1034]: Failed password for root from 43.255.190.157 port 36142 ssh2
Apr 11 10:52:44 ovzhost sshd[1032]: message repeated 2 times: [ Failed password for root from 43.255.190.175 port 47974 ssh2]
Apr 11 10:52:44 ovzhost sshd[1032]: Received disconnect from 43.255.190.175: 11:  [preauth]
Apr 11 10:52:44 ovzhost sshd[1032]: PAM 2 more authentication failures; logname= uid=0 euid=0 tty=ssh ruser= rhost=43.255.190.175  user=root
Apr 11 10:52:44 ovzhost sshd[1034]: message repeated 2 times: [ Failed password for root from 43.255.190.157 port 36142 ssh2]
Apr 11 10:52:45 ovzhost sshd[1034]: Received disconnect from 43.255.190.157: 11:  [preauth]
Apr 11 10:52:45 ovzhost sshd[1034]: PAM 2 more authentication failures; logname= uid=0 euid=0 tty=ssh ruser= rhost=43.255.190.157  user=root
Apr 11 10:52:45 ovzhost sshd[1036]: pam_unix(sshd:auth): authentication failure; logname= uid=0 euid=0 tty=ssh ruser= rhost=43.255.190.175  user=root
Apr 11 10:52:45 ovzhost sshd[1038]: pam_unix(sshd:auth): authentication failure; logname= uid=0 euid=0 tty=ssh ruser= rhost=43.255.190.157  user=root
Apr 11 10:52:46 ovzhost sshd[1036]: Failed password for root from 43.255.190.175 port 36319 ssh2
Apr 11 10:52:47 ovzhost sshd[1038]: Failed password for root from 43.255.190.157 port 51845 ssh2
Apr 11 10:52:50 ovzhost sshd[1036]: message repeated 2 times: [ Failed password for root from 43.255.190.175 port 36319 ssh2]
Apr 11 10:52:50 ovzhost sshd[1036]: Received disconnect from 43.255.190.175: 11:  [preauth]
Apr 11 10:52:50 ovzhost sshd[1036]: PAM 2 more authentication failures; logname= uid=0 euid=0 tty=ssh ruser= rhost=43.255.190.175  user=root
Apr 11 10:52:50 ovzhost sshd[1038]: message repeated 2 times: [ Failed password for root from 43.255.190.157 port 51845 ssh2]
Apr 11 10:52:50 ovzhost sshd[1038]: Received disconnect from 43.255.190.157: 11:  [preauth]
Apr 11 10:52:50 ovzhost sshd[1038]: PAM 2 more authentication failures; logname= uid=0 euid=0 tty=ssh ruser= rhost=43.255.190.157  user=root
Apr 11 10:52:51 ovzhost sshd[1040]: pam_unix(sshd:auth): authentication failure; logname= uid=0 euid=0 tty=ssh ruser= rhost=43.255.190.175  user=root
Apr 11 10:52:51 ovzhost sshd[1042]: pam_unix(sshd:auth): authentication failure; logname= uid=0 euid=0 tty=ssh ruser= rhost=43.255.190.157  user=root
Apr 11 10:52:53 ovzhost sshd[1040]: Failed password for root from 43.255.190.175 port 51504 ssh2
Apr 11 10:52:54 ovzhost sshd[1042]: Failed password for root from 43.255.190.157 port 38066 ssh2
Apr 11 10:52:57 ovzhost sshd[1042]: message repeated 2 times: [ Failed password for root from 43.255.190.157 port 38066 ssh2]
Apr 11 10:52:57 ovzhost sshd[1042]: Received disconnect from 43.255.190.157: 11:  [preauth]
Apr 11 10:52:57 ovzhost sshd[1042]: PAM 2 more authentication failures; logname= uid=0 euid=0 tty=ssh ruser= rhost=43.255.190.157  user=root
Apr 11 10:52:57 ovzhost sshd[1040]: message repeated 2 times: [ Failed password for root from 43.255.190.175 port 51504 ssh2]
Apr 11 10:52:58 ovzhost sshd[1040]: Received disconnect from 43.255.190.175: 11:  [preauth]
Apr 11 10:52:58 ovzhost sshd[1040]: PAM 2 more authentication failures; logname= uid=0 euid=0 tty=ssh ruser= rhost=43.255.190.175  user=root
Apr 11 10:52:58 ovzhost sshd[1044]: pam_unix(sshd:auth): authentication failure; logname= uid=0 euid=0 tty=ssh ruser= rhost=43.255.190.157  user=root
Apr 11 10:52:58 ovzhost sshd[1046]: pam_unix(sshd:auth): authentication failure; logname= uid=0 euid=0 tty=ssh ruser= rhost=43.255.190.175  user=root
Apr 11 10:53:00 ovzhost sshd[1044]: Failed password for root from 43.255.190.157 port 53222 ssh2
Apr 11 10:53:00 ovzhost sshd[1046]: Failed password for root from 43.255.190.175 port 41105 ssh2
Apr 11 10:53:04 ovzhost sshd[1044]: message repeated 2 times: [ Failed password for root from 43.255.190.157 port 53222 ssh2]
Apr 11 10:53:04 ovzhost sshd[1044]: Received disconnect from 43.255.190.157: 11:  [preauth]
Apr 11 10:53:04 ovzhost sshd[1044]: PAM 2 more authentication failures; logname= uid=0 euid=0 tty=ssh ruser= rhost=43.255.190.157  user=root
Apr 11 10:53:05 ovzhost sshd[1046]: message repeated 2 times: [ Failed password for root from 43.255.190.175 port 41105 ssh2]
Apr 11 10:53:05 ovzhost sshd[1046]: Received disconnect from 43.255.190.175: 11:  [preauth]
Apr 11 10:53:05 ovzhost sshd[1046]: PAM 2 more authentication failures; logname= uid=0 euid=0 tty=ssh ruser= rhost=43.255.190.175  user=root
Apr 11 10:53:05 ovzhost sshd[1048]: pam_unix(sshd:auth): authentication failure; logname= uid=0 euid=0 tty=ssh ruser= rhost=43.255.190.157  user=root
Apr 11 10:53:05 ovzhost sshd[1050]: pam_unix(sshd:auth): authentication failure; logname= uid=0 euid=0 tty=ssh ruser= rhost=43.255.190.175  user=root
Apr 11 10:53:07 ovzhost sshd[1048]: Failed password for root from 43.255.190.157 port 41267 ssh2
Apr 11 10:53:08 ovzhost sshd[1050]: Failed password for root from 43.255.190.175 port 58267 ssh2
Apr 11 10:53:11 ovzhost sshd[1048]: message repeated 2 times: [ Failed password for root from 43.255.190.157 port 41267 ssh2]
Apr 11 10:53:11 ovzhost sshd[1048]: Received disconnect from 43.255.190.157: 11:  [preauth]
Apr 11 10:53:11 ovzhost sshd[1048]: PAM 2 more authentication failures; logname= uid=0 euid=0 tty=ssh ruser= rhost=43.255.190.157  user=root
Apr 11 10:53:12 ovzhost sshd[1050]: message repeated 2 times: [ Failed password for root from 43.255.190.175 port 58267 ssh2]
Apr 11 10:53:12 ovzhost sshd[1050]: Received disconnect from 43.255.190.175: 11:  [preauth]
Apr 11 10:53:12 ovzhost sshd[1050]: PAM 2 more authentication failures; logname= uid=0 euid=0 tty=ssh ruser= rhost=43.255.190.175  user=root
Apr 11 10:53:12 ovzhost sshd[1053]: pam_unix(sshd:auth): authentication failure; logname= uid=0 euid=0 tty=ssh ruser= rhost=43.255.190.157  user=root
Apr 11 10:53:12 ovzhost sshd[1055]: pam_unix(sshd:auth): authentication failure; logname= uid=0 euid=0 tty=ssh ruser= rhost=43.255.190.175  user=root
Apr 11 10:53:14 ovzhost sshd[1053]: Failed password for root from 43.255.190.157 port 57628 ssh2
Apr 11 10:53:14 ovzhost sshd[1055]: Failed password for root from 43.255.190.175 port 46567 ssh2
Apr 11 10:53:18 ovzhost sshd[1053]: message repeated 2 times: [ Failed password for root from 43.255.190.157 port 57628 ssh2]
Apr 11 10:53:18 ovzhost sshd[1053]: Received disconnect from 43.255.190.157: 11:  [preauth]
Apr 11 10:53:18 ovzhost sshd[1053]: PAM 2 more authentication failures; logname= uid=0 euid=0 tty=ssh ruser= rhost=43.255.190.157  user=root
Apr 11 10:53:19 ovzhost sshd[1055]: message repeated 2 times: [ Failed password for root from 43.255.190.175 port 46567 ssh2]
