Apr  2 14:31:44 ovzhost sshd[780]: Connection closed by 127.0.0.1 [preauth]
Apr  2 14:35:40 ovzhost sshd[811]: Connection closed by 128.8.37.120 [preauth]
Apr  2 14:36:44 ovzhost sshd[820]: Connection closed by 127.0.0.1 [preauth]
Apr 11 20:37:24 ovzhost sshd[780]: pam_unix(sshd:auth): authentication failure; logname= uid=0 euid=0 tty=ssh ruser= rhost=43.255.190.148  user=root
Apr 11 20:37:25 ovzhost sshd[780]: Failed password for root from 43.255.190.148 port 50739 ssh2
Apr 11 20:37:29 ovzhost sshd[780]: message repeated 2 times: [ Failed password for root from 43.255.190.148 port 50739 ssh2]
Apr 11 20:37:29 ovzhost sshd[780]: Received disconnect from 43.255.190.148: 11:  [preauth]
Apr 11 20:37:29 ovzhost sshd[780]: PAM 2 more authentication failures; logname= uid=0 euid=0 tty=ssh ruser= rhost=43.255.190.148  user=root
Apr 11 20:37:30 ovzhost sshd[782]: pam_unix(sshd:auth): authentication failure; logname= uid=0 euid=0 tty=ssh ruser= rhost=43.255.190.148  user=root
Apr 11 20:37:32 ovzhost sshd[782]: Failed password for root from 43.255.190.148 port 38461 ssh2
Apr 11 20:37:36 ovzhost sshd[782]: message repeated 2 times: [ Failed password for root from 43.255.190.148 port 38461 ssh2]
Apr 11 20:37:37 ovzhost sshd[782]: Received disconnect from 43.255.190.148: 11:  [preauth]
Apr 11 20:37:37 ovzhost sshd[782]: PAM 2 more authentication failures; logname= uid=0 euid=0 tty=ssh ruser= rhost=43.255.190.148  user=root
Apr 11 20:37:37 ovzhost sshd[784]: pam_unix(sshd:auth): authentication failure; logname= uid=0 euid=0 tty=ssh ruser= rhost=43.255.190.148  user=root
Apr 11 20:37:39 ovzhost sshd[784]: Failed password for root from 43.255.190.148 port 55756 ssh2
Apr 11 20:37:43 ovzhost sshd[784]: message repeated 2 times: [ Failed password for root from 43.255.190.148 port 55756 ssh2]
Apr 11 20:37:43 ovzhost sshd[784]: Received disconnect from 43.255.190.148: 11:  [preauth]
Apr 11 20:37:43 ovzhost sshd[784]: PAM 2 more authentication failures; logname= uid=0 euid=0 tty=ssh ruser= rhost=43.255.190.148  user=root
Apr 11 20:37:44 ovzhost sshd[787]: pam_unix(sshd:auth): authentication failure; logname= uid=0 euid=0 tty=ssh ruser= rhost=43.255.190.148  user=root
Apr 11 20:37:46 ovzhost sshd[787]: Failed password for root from 43.255.190.148 port 42909 ssh2
Apr 11 20:37:50 ovzhost sshd[787]: message repeated 2 times: [ Failed password for root from 43.255.190.148 port 42909 ssh2]
Apr 11 20:37:50 ovzhost sshd[787]: Received disconnect from 43.255.190.148: 11:  [preauth]
Apr 11 20:37:50 ovzhost sshd[787]: PAM 2 more authentication failures; logname= uid=0 euid=0 tty=ssh ruser= rhost=43.255.190.148  user=root
Apr 11 20:37:51 ovzhost sshd[789]: pam_unix(sshd:auth): authentication failure; logname= uid=0 euid=0 tty=ssh ruser= rhost=43.255.190.148  user=root
Apr 11 20:37:52 ovzhost sshd[789]: Failed password for root from 43.255.190.148 port 59761 ssh2
Apr 11 20:37:56 ovzhost sshd[789]: message repeated 2 times: [ Failed password for root from 43.255.190.148 port 59761 ssh2]
Apr 11 20:37:56 ovzhost sshd[789]: Received disconnect from 43.255.190.148: 11:  [preauth]
Apr 11 20:37:56 ovzhost sshd[789]: PAM 2 more authentication failures; logname= uid=0 euid=0 tty=ssh ruser= rhost=43.255.190.148  user=root
Apr 11 20:37:57 ovzhost sshd[793]: pam_unix(sshd:auth): authentication failure; logname= uid=0 euid=0 tty=ssh ruser= rhost=43.255.190.148  user=root
Apr 11 20:37:59 ovzhost sshd[793]: Failed password for root from 43.255.190.148 port 46551 ssh2
Apr 11 20:38:02 ovzhost sshd[793]: message repeated 2 times: [ Failed password for root from 43.255.190.148 port 46551 ssh2]
Apr 11 20:38:02 ovzhost sshd[793]: Received disconnect from 43.255.190.148: 11:  [preauth]
Apr 11 20:38:02 ovzhost sshd[793]: PAM 2 more authentication failures; logname= uid=0 euid=0 tty=ssh ruser= rhost=43.255.190.148  user=root
Apr 11 20:38:03 ovzhost sshd[795]: pam_unix(sshd:auth): authentication failure; logname= uid=0 euid=0 tty=ssh ruser= rhost=43.255.190.148  user=root
Apr 11 20:38:04 ovzhost sshd[795]: Failed password for root from 43.255.190.148 port 32984 ssh2
Apr 11 20:38:09 ovzhost sshd[795]: message repeated 2 times: [ Failed password for root from 43.255.190.148 port 32984 ssh2]
Apr 11 20:38:09 ovzhost sshd[795]: Received disconnect from 43.255.190.148: 11:  [preauth]
Apr 11 20:38:09 ovzhost sshd[795]: PAM 2 more authentication failures; logname= uid=0 euid=0 tty=ssh ruser= rhost=43.255.190.148  user=root
Apr 11 20:38:10 ovzhost sshd[799]: pam_unix(sshd:auth): authentication failure; logname= uid=0 euid=0 tty=ssh ruser= rhost=43.255.190.148  user=root
Apr 11 20:38:12 ovzhost sshd[799]: Failed password for root from 43.255.190.148 port 49113 ssh2
Apr 11 20:38:15 ovzhost sshd[799]: message repeated 2 times: [ Failed password for root from 43.255.190.148 port 49113 ssh2]
Apr 11 20:38:15 ovzhost sshd[799]: Received disconnect from 43.255.190.148: 11:  [preauth]
Apr 11 20:38:15 ovzhost sshd[799]: PAM 2 more authentication failures; logname= uid=0 euid=0 tty=ssh ruser= rhost=43.255.190.148  user=root
Apr 11 20:38:16 ovzhost sshd[802]: pam_unix(sshd:auth): authentication failure; logname= uid=0 euid=0 tty=ssh ruser= rhost=43.255.190.148  user=root
Apr 11 20:38:18 ovzhost sshd[802]: Failed password for root from 43.255.190.148 port 35283 ssh2
Apr 11 20:38:22 ovzhost sshd[802]: message repeated 2 times: [ Failed password for root from 43.255.190.148 port 35283 ssh2]
Apr 11 20:38:22 ovzhost sshd[802]: Received disconnect from 43.255.190.148: 11:  [preauth]
Apr 11 20:38:22 ovzhost sshd[802]: PAM 2 more authentication failures; logname= uid=0 euid=0 tty=ssh ruser= rhost=43.255.190.148  user=root
Apr 11 20:38:22 ovzhost sshd[806]: pam_unix(sshd:auth): authentication failure; logname= uid=0 euid=0 tty=ssh ruser= rhost=43.255.190.148  user=root
Apr 11 20:38:24 ovzhost sshd[806]: Failed password for root from 43.255.190.148 port 51084 ssh2
Apr 11 20:38:28 ovzhost sshd[806]: message repeated 2 times: [ Failed password for root from 43.255.190.148 port 51084 ssh2]
Apr 11 20:38:28 ovzhost sshd[806]: Received disconnect from 43.255.190.148: 11:  [preauth]
Apr 11 20:38:28 ovzhost sshd[806]: PAM 2 more authentication failures; logname= uid=0 euid=0 tty=ssh ruser= rhost=43.255.190.148  user=root
Apr 11 20:38:29 ovzhost sshd[808]: pam_unix(sshd:auth): authentication failure; logname= uid=0 euid=0 tty=ssh ruser= rhost=43.255.190.148  user=root
Apr 11 20:38:30 ovzhost sshd[808]: Failed password for root from 43.255.190.148 port 37435 ssh2
Apr 11 20:38:34 ovzhost sshd[808]: message repeated 2 times: [ Failed password for root from 43.255.190.148 port 37435 ssh2]
Apr 11 20:38:34 ovzhost sshd[808]: Received disconnect from 43.255.190.148: 11:  [preauth]
Apr 11 20:38:34 ovzhost sshd[808]: PAM 2 more authentication failures; logname= uid=0 euid=0 tty=ssh ruser= rhost=43.255.190.148  user=root
Apr 11 20:38:34 ovzhost sshd[810]: pam_unix(sshd:auth): authentication failure; logname= uid=0 euid=0 tty=ssh ruser= rhost=43.255.190.148  user=root
Apr 11 20:38:36 ovzhost sshd[810]: Failed password for root from 43.255.190.148 port 50427 ssh2
Apr 11 20:38:40 ovzhost sshd[810]: message repeated 2 times: [ Failed password for root from 43.255.190.148 port 50427 ssh2]
Apr 11 20:38:40 ovzhost sshd[810]: Received disconnect from 43.255.190.148: 11:  [preauth]
Apr 11 20:38:40 ovzhost sshd[810]: PAM 2 more authentication failures; logname= uid=0 euid=0 tty=ssh ruser= rhost=43.255.190.148  user=root
Apr 11 20:38:40 ovzhost sshd[812]: pam_unix(sshd:auth): authentication failure; logname= uid=0 euid=0 tty=ssh ruser= rhost=43.255.190.148  user=root
Apr 11 20:38:42 ovzhost sshd[812]: Failed password for root from 43.255.190.148 port 35917 ssh2
Apr 11 20:38:46 ovzhost sshd[812]: message repeated 2 times: [ Failed password for root from 43.255.190.148 port 35917 ssh2]
Apr 11 20:38:46 ovzhost sshd[812]: Received disconnect from 43.255.190.148: 11:  [preauth]
Apr 11 20:38:46 ovzhost sshd[812]: PAM 2 more authentication failures; logname= uid=0 euid=0 tty=ssh ruser= rhost=43.255.190.148  user=root
Apr 11 20:38:47 ovzhost sshd[816]: pam_unix(sshd:auth): authentication failure; logname= uid=0 euid=0 tty=ssh ruser= rhost=43.255.190.148  user=root
Apr 11 20:38:48 ovzhost sshd[816]: Failed password for root from 43.255.190.148 port 50927 ssh2
Apr 11 20:38:52 ovzhost sshd[816]: message repeated 2 times: [ Failed password for root from 43.255.190.148 port 50927 ssh2]
Apr 11 20:38:52 ovzhost sshd[816]: Received disconnect from 43.255.190.148: 11:  [preauth]
Apr 11 20:38:52 ovzhost sshd[816]: PAM 2 more authentication failures; logname= uid=0 euid=0 tty=ssh ruser= rhost=43.255.190.148  user=root
Apr 11 20:38:53 ovzhost sshd[818]: pam_unix(sshd:auth): authentication failure; logname= uid=0 euid=0 tty=ssh ruser= rhost=43.255.190.148  user=root
Apr 11 20:38:54 ovzhost sshd[818]: Failed password for root from 43.255.190.148 port 36500 ssh2
Apr 11 20:38:58 ovzhost sshd[818]: message repeated 2 times: [ Failed password for root from 43.255.190.148 port 36500 ssh2]
Apr 11 20:38:58 ovzhost sshd[818]: Received disconnect from 43.255.190.148: 11:  [preauth]
Apr 11 20:38:58 ovzhost sshd[818]: PAM 2 more authentication failures; logname= uid=0 euid=0 tty=ssh ruser= rhost=43.255.190.148  user=root
Apr 11 20:38:59 ovzhost sshd[820]: pam_unix(sshd:auth): authentication failure; logname= uid=0 euid=0 tty=ssh ruser= rhost=43.255.190.148  user=root
Apr 11 20:39:00 ovzhost sshd[820]: Failed password for root from 43.255.190.148 port 49970 ssh2
Apr 11 20:39:01 ovzhost CRON[822]: pam_env(cron:session): Unable to open env file: /etc/default/locale: No such file or directory
Apr 11 20:39:01 ovzhost CRON[822]: pam_unix(cron:session): session opened for user root by (uid=0)
Apr 11 20:39:01 ovzhost CRON[822]: pam_unix(cron:session): session closed for user root
Apr 11 20:39:04 ovzhost sshd[820]: message repeated 2 times: [ Failed password for root from 43.255.190.148 port 49970 ssh2]
Apr 11 20:39:04 ovzhost sshd[820]: Received disconnect from 43.255.190.148: 11:  [preauth]
Apr 11 20:39:04 ovzhost sshd[820]: PAM 2 more authentication failures; logname= uid=0 euid=0 tty=ssh ruser= rhost=43.255.190.148  user=root
Apr 11 20:39:05 ovzhost sshd[833]: pam_unix(sshd:auth): authentication failure; logname= uid=0 euid=0 tty=ssh ruser= rhost=43.255.190.148  user=root
Apr 11 20:39:06 ovzhost sshd[833]: Failed password for root from 43.255.190.148 port 34846 ssh2
Apr 11 20:39:10 ovzhost sshd[833]: message repeated 2 times: [ Failed password for root from 43.255.190.148 port 34846 ssh2]
Apr 11 20:39:10 ovzhost sshd[833]: Received disconnect from 43.255.190.148: 11:  [preauth]
Apr 11 20:39:10 ovzhost sshd[833]: PAM 2 more authentication failures; logname= uid=0 euid=0 tty=ssh ruser= rhost=43.255.190.148  user=root
Apr 11 20:39:10 ovzhost sshd[835]: pam_unix(sshd:auth): authentication failure; logname= uid=0 euid=0 tty=ssh ruser= rhost=43.255.190.148  user=root
Apr 11 20:39:12 ovzhost sshd[835]: Failed password for root from 43.255.190.148 port 47902 ssh2
Apr 11 20:39:16 ovzhost sshd[835]: message repeated 2 times: [ Failed password for root from 43.255.190.148 port 47902 ssh2]
Apr 11 20:39:16 ovzhost sshd[835]: Received disconnect from 43.255.190.148: 11:  [preauth]
Apr 11 20:39:16 ovzhost sshd[835]: PAM 2 more authentication failures; logname= uid=0 euid=0 tty=ssh ruser= rhost=43.255.190.148  user=root
Apr 11 20:39:17 ovzhost sshd[839]: pam_unix(sshd:auth): authentication failure; logname= uid=0 euid=0 tty=ssh ruser= rhost=43.255.190.148  user=root
Apr 11 20:39:18 ovzhost sshd[839]: Failed password for root from 43.255.190.148 port 34330 ssh2
Apr 11 20:39:22 ovzhost sshd[839]: message repeated 2 times: [ Failed password for root from 43.255.190.148 port 34330 ssh2]
Apr 11 20:39:22 ovzhost sshd[839]: Received disconnect from 43.255.190.148: 11:  [preauth]
Apr 11 20:39:22 ovzhost sshd[839]: PAM 2 more authentication failures; logname= uid=0 euid=0 tty=ssh ruser= rhost=43.255.190.148  user=root
Apr 11 20:39:23 ovzhost sshd[841]: pam_unix(sshd:auth): authentication failure; logname= uid=0 euid=0 tty=ssh ruser= rhost=43.255.190.148  user=root
Apr 11 20:39:25 ovzhost sshd[841]: Failed password for root from 43.255.190.148 port 47980 ssh2
Apr 11 20:39:29 ovzhost sshd[841]: message repeated 2 times: [ Failed password for root from 43.255.190.148 port 47980 ssh2]
Apr 11 20:39:29 ovzhost sshd[841]: Received disconnect from 43.255.190.148: 11:  [preauth]
Apr 11 20:39:29 ovzhost sshd[841]: PAM 2 more authentication failures; logname= uid=0 euid=0 tty=ssh ruser= rhost=43.255.190.148  user=root
Apr 11 20:39:29 ovzhost sshd[843]: pam_unix(sshd:auth): authentication failure; logname= uid=0 euid=0 tty=ssh ruser= rhost=43.255.190.148  user=root
Apr 11 20:39:31 ovzhost sshd[843]: Failed password for root from 43.255.190.148 port 33879 ssh2
Apr 11 20:39:35 ovzhost sshd[843]: message repeated 2 times: [ Failed password for root from 43.255.190.148 port 33879 ssh2]
Apr 11 20:39:35 ovzhost sshd[843]: Received disconnect from 43.255.190.148: 11:  [preauth]
Apr 11 20:39:35 ovzhost sshd[843]: PAM 2 more authentication failures; logname= uid=0 euid=0 tty=ssh ruser= rhost=43.255.190.148  user=root
Apr 11 20:39:35 ovzhost sshd[845]: pam_unix(sshd:auth): authentication failure; logname= uid=0 euid=0 tty=ssh ruser= rhost=43.255.190.148  user=root
Apr 11 20:39:37 ovzhost sshd[845]: Failed password for root from 43.255.190.148 port 47678 ssh2
Apr 11 20:39:42 ovzhost sshd[845]: message repeated 2 times: [ Failed password for root from 43.255.190.148 port 47678 ssh2]
Apr 11 20:39:42 ovzhost sshd[845]: Received disconnect from 43.255.190.148: 11:  [preauth]
Apr 11 20:39:42 ovzhost sshd[845]: PAM 2 more authentication failures; logname= uid=0 euid=0 tty=ssh ruser= rhost=43.255.190.148  user=root
Apr 11 20:39:43 ovzhost sshd[848]: pam_unix(sshd:auth): authentication failure; logname= uid=0 euid=0 tty=ssh ruser= rhost=43.255.190.148  user=root
Apr 11 20:39:44 ovzhost sshd[848]: Failed password for root from 43.255.190.148 port 35012 ssh2
Apr 11 20:39:48 ovzhost sshd[848]: message repeated 2 times: [ Failed password for root from 43.255.190.148 port 35012 ssh2]
Apr 11 20:39:49 ovzhost sshd[848]: Received disconnect from 43.255.190.148: 11:  [preauth]
Apr 11 20:39:49 ovzhost sshd[848]: PAM 2 more authentication failures; logname= uid=0 euid=0 tty=ssh ruser= rhost=43.255.190.148  user=root
Apr 11 20:39:49 ovzhost sshd[850]: pam_unix(sshd:auth): authentication failure; logname= uid=0 euid=0 tty=ssh ruser= rhost=43.255.190.148  user=root
Apr 11 20:39:51 ovzhost sshd[850]: Failed password for root from 43.255.190.148 port 49115 ssh2
Apr 11 20:39:55 ovzhost sshd[852]: pam_unix(sshd:auth): authentication failure; logname= uid=0 euid=0 tty=ssh ruser= rhost=43.255.190.163  user=root
Apr 11 20:39:56 ovzhost sshd[850]: message repeated 2 times: [ Failed password for root from 43.255.190.148 port 49115 ssh2]
Apr 11 20:39:56 ovzhost sshd[850]: Received disconnect from 43.255.190.148: 11:  [preauth]
Apr 11 20:39:56 ovzhost sshd[850]: PAM 2 more authentication failures; logname= uid=0 euid=0 tty=ssh ruser= rhost=43.255.190.148  user=root
Apr 11 20:39:56 ovzhost sshd[854]: pam_unix(sshd:auth): authentication failure; logname= uid=0 euid=0 tty=ssh ruser= rhost=43.255.190.148  user=root
Apr 11 20:39:57 ovzhost sshd[852]: Failed password for root from 43.255.190.163 port 57870 ssh2
Apr 11 20:39:59 ovzhost sshd[854]: Failed password for root from 43.255.190.148 port 36390 ssh2
Apr 11 20:40:01 ovzhost CRON[856]: pam_env(cron:session): Unable to open env file: /etc/default/locale: No such file or directory
Apr 11 20:40:01 ovzhost CRON[856]: pam_unix(cron:session): session opened for user smmsp by (uid=0)
Apr 11 20:40:01 ovzhost CRON[856]: pam_unix(cron:session): session closed for user smmsp
Apr 11 20:40:01 ovzhost sshd[852]: message repeated 2 times: [ Failed password for root from 43.255.190.163 port 57870 ssh2]
Apr 11 20:40:01 ovzhost sshd[852]: Received disconnect from 43.255.190.163: 11:  [preauth]
Apr 11 20:40:01 ovzhost sshd[852]: PAM 2 more authentication failures; logname= uid=0 euid=0 tty=ssh ruser= rhost=43.255.190.163  user=root
Apr 11 20:40:02 ovzhost sshd[882]: pam_unix(sshd:auth): authentication failure; logname= uid=0 euid=0 tty=ssh ruser= rhost=43.255.190.163  user=root
Apr 11 20:40:03 ovzhost sshd[854]: message repeated 2 times: [ Failed password for root from 43.255.190.148 port 36390 ssh2]
Apr 11 20:40:03 ovzhost sshd[854]: Received disconnect from 43.255.190.148: 11:  [preauth]
Apr 11 20:40:03 ovzhost sshd[854]: PAM 2 more authentication failures; logname= uid=0 euid=0 tty=ssh ruser= rhost=43.255.190.148  user=root
Apr 11 20:40:03 ovzhost sshd[884]: pam_unix(sshd:auth): authentication failure; logname= uid=0 euid=0 tty=ssh ruser= rhost=43.255.190.148  user=root
Apr 11 20:40:04 ovzhost sshd[882]: Failed password for root from 43.255.190.163 port 45914 ssh2
Apr 11 20:40:05 ovzhost sshd[884]: Failed password for root from 43.255.190.148 port 51045 ssh2
Apr 11 20:40:07 ovzhost sshd[882]: message repeated 2 times: [ Failed password for root from 43.255.190.163 port 45914 ssh2]
Apr 11 20:40:07 ovzhost sshd[882]: Received disconnect from 43.255.190.163: 11:  [preauth]
Apr 11 20:40:07 ovzhost sshd[882]: PAM 2 more authentication failures; logname= uid=0 euid=0 tty=ssh ruser= rhost=43.255.190.163  user=root
Apr 11 20:40:08 ovzhost sshd[886]: pam_unix(sshd:auth): authentication failure; logname= uid=0 euid=0 tty=ssh ruser= rhost=43.255.190.163  user=root
Apr 11 20:40:09 ovzhost sshd[884]: message repeated 2 times: [ Failed password for root from 43.255.190.148 port 51045 ssh2]
Apr 11 20:40:09 ovzhost sshd[884]: Received disconnect from 43.255.190.148: 11:  [preauth]
Apr 11 20:40:09 ovzhost sshd[884]: PAM 2 more authentication failures; logname= uid=0 euid=0 tty=ssh ruser= rhost=43.255.190.148  user=root
Apr 11 20:40:10 ovzhost sshd[888]: pam_unix(sshd:auth): authentication failure; logname= uid=0 euid=0 tty=ssh ruser= rhost=43.255.190.148  user=root
Apr 11 20:40:10 ovzhost sshd[886]: Failed password for root from 43.255.190.163 port 60334 ssh2
Apr 11 20:40:12 ovzhost sshd[888]: Failed password for root from 43.255.190.148 port 36731 ssh2
Apr 11 20:40:14 ovzhost sshd[886]: message repeated 2 times: [ Failed password for root from 43.255.190.163 port 60334 ssh2]
Apr 11 20:40:15 ovzhost sshd[886]: Received disconnect from 43.255.190.163: 11:  [preauth]
Apr 11 20:40:15 ovzhost sshd[886]: PAM 2 more authentication failures; logname= uid=0 euid=0 tty=ssh ruser= rhost=43.255.190.163  user=root
Apr 11 20:40:15 ovzhost sshd[891]: pam_unix(sshd:auth): authentication failure; logname= uid=0 euid=0 tty=ssh ruser= rhost=43.255.190.163  user=root
Apr 11 20:40:16 ovzhost sshd[888]: message repeated 2 times: [ Failed password for root from 43.255.190.148 port 36731 ssh2]
Apr 11 20:40:17 ovzhost sshd[888]: Received disconnect from 43.255.190.148: 11:  [preauth]
Apr 11 20:40:17 ovzhost sshd[888]: PAM 2 more authentication failures; logname= uid=0 euid=0 tty=ssh ruser= rhost=43.255.190.148  user=root
Apr 11 20:40:17 ovzhost sshd[893]: pam_unix(sshd:auth): authentication failure; logname= uid=0 euid=0 tty=ssh ruser= rhost=43.255.190.148  user=root
Apr 11 20:40:17 ovzhost sshd[891]: Failed password for root from 43.255.190.163 port 48337 ssh2
Apr 11 20:40:19 ovzhost sshd[893]: Failed password for root from 43.255.190.148 port 51876 ssh2
Apr 11 20:40:22 ovzhost sshd[891]: message repeated 2 times: [ Failed password for root from 43.255.190.163 port 48337 ssh2]
Apr 11 20:40:22 ovzhost sshd[891]: Received disconnect from 43.255.190.163: 11:  [preauth]
Apr 11 20:40:22 ovzhost sshd[891]: PAM 2 more authentication failures; logname= uid=0 euid=0 tty=ssh ruser= rhost=43.255.190.163  user=root
Apr 11 20:40:22 ovzhost sshd[895]: pam_unix(sshd:auth): authentication failure; logname= uid=0 euid=0 tty=ssh ruser= rhost=43.255.190.163  user=root
Apr 11 20:40:23 ovzhost sshd[893]: message repeated 2 times: [ Failed password for root from 43.255.190.148 port 51876 ssh2]
Apr 11 20:40:23 ovzhost sshd[893]: Received disconnect from 43.255.190.148: 11:  [preauth]
Apr 11 20:40:23 ovzhost sshd[893]: PAM 2 more authentication failures; logname= uid=0 euid=0 tty=ssh ruser= rhost=43.255.190.148  user=root
Apr 11 20:40:24 ovzhost sshd[900]: Connection closed by 127.0.0.1 [preauth]
Apr 11 20:40:24 ovzhost sshd[897]: pam_unix(sshd:auth): authentication failure; logname= uid=0 euid=0 tty=ssh ruser= rhost=43.255.190.148  user=root
Apr 11 20:40:25 ovzhost sshd[895]: Failed password for root from 43.255.190.163 port 36513 ssh2
Apr 11 20:40:26 ovzhost sshd[897]: Failed password for root from 43.255.190.148 port 38165 ssh2
Apr 11 20:40:29 ovzhost sshd[895]: message repeated 2 times: [ Failed password for root from 43.255.190.163 port 36513 ssh2]
Apr 11 20:40:29 ovzhost sshd[895]: Received disconnect from 43.255.190.163: 11:  [preauth]
Apr 11 20:40:29 ovzhost sshd[895]: PAM 2 more authentication failures; logname= uid=0 euid=0 tty=ssh ruser= rhost=43.255.190.163  user=root
Apr 11 20:40:29 ovzhost sshd[902]: pam_unix(sshd:auth): authentication failure; logname= uid=0 euid=0 tty=ssh ruser= rhost=43.255.190.163  user=root
Apr 11 20:40:30 ovzhost sshd[897]: message repeated 2 times: [ Failed password for root from 43.255.190.148 port 38165 ssh2]
Apr 11 20:40:30 ovzhost sshd[897]: Received disconnect from 43.255.190.148: 11:  [preauth]
Apr 11 20:40:30 ovzhost sshd[897]: PAM 2 more authentication failures; logname= uid=0 euid=0 tty=ssh ruser= rhost=43.255.190.148  user=root
Apr 11 20:40:31 ovzhost sshd[905]: pam_unix(sshd:auth): authentication failure; logname= uid=0 euid=0 tty=ssh ruser= rhost=43.255.190.148  user=root
Apr 11 20:40:31 ovzhost sshd[902]: Failed password for root from 43.255.190.163 port 52678 ssh2
Apr 11 20:40:33 ovzhost sshd[905]: Failed password for root from 43.255.190.148 port 52009 ssh2
Apr 11 20:40:36 ovzhost sshd[902]: message repeated 2 times: [ Failed password for root from 43.255.190.163 port 52678 ssh2]
Apr 11 20:40:36 ovzhost sshd[902]: Received disconnect from 43.255.190.163: 11:  [preauth]
Apr 11 20:40:36 ovzhost sshd[902]: PAM 2 more authentication failures; logname= uid=0 euid=0 tty=ssh ruser= rhost=43.255.190.163  user=root
Apr 11 20:40:37 ovzhost sshd[907]: pam_unix(sshd:auth): authentication failure; logname= uid=0 euid=0 tty=ssh ruser= rhost=43.255.190.163  user=root
Apr 11 20:40:38 ovzhost sshd[905]: message repeated 2 times: [ Failed password for root from 43.255.190.148 port 52009 ssh2]
Apr 11 20:40:38 ovzhost sshd[905]: Received disconnect from 43.255.190.148: 11:  [preauth]
Apr 11 20:40:38 ovzhost sshd[905]: PAM 2 more authentication failures; logname= uid=0 euid=0 tty=ssh ruser= rhost=43.255.190.148  user=root
Apr 11 20:40:38 ovzhost sshd[909]: pam_unix(sshd:auth): authentication failure; logname= uid=0 euid=0 tty=ssh ruser= rhost=43.255.190.148  user=root
Apr 11 20:40:39 ovzhost sshd[907]: Failed password for root from 43.255.190.163 port 41855 ssh2
Apr 11 20:40:40 ovzhost sshd[909]: Failed password for root from 43.255.190.148 port 39723 ssh2
Apr 11 20:40:43 ovzhost sshd[912]: Connection closed by 128.8.37.120 [preauth]
Apr 11 20:40:43 ovzhost sshd[907]: message repeated 2 times: [ Failed password for root from 43.255.190.163 port 41855 ssh2]
Apr 11 20:40:43 ovzhost sshd[907]: Received disconnect from 43.255.190.163: 11:  [preauth]
Apr 11 20:40:43 ovzhost sshd[907]: PAM 2 more authentication failures; logname= uid=0 euid=0 tty=ssh ruser= rhost=43.255.190.163  user=root
Apr 11 20:40:43 ovzhost sshd[914]: pam_unix(sshd:auth): authentication failure; logname= uid=0 euid=0 tty=ssh ruser= rhost=43.255.190.163  user=root
Apr 11 20:40:45 ovzhost sshd[909]: message repeated 2 times: [ Failed password for root from 43.255.190.148 port 39723 ssh2]
Apr 11 20:40:45 ovzhost sshd[909]: Received disconnect from 43.255.190.148: 11:  [preauth]
Apr 11 20:40:45 ovzhost sshd[909]: PAM 2 more authentication failures; logname= uid=0 euid=0 tty=ssh ruser= rhost=43.255.190.148  user=root
Apr 11 20:40:45 ovzhost sshd[916]: pam_unix(sshd:auth): authentication failure; logname= uid=0 euid=0 tty=ssh ruser= rhost=43.255.190.148  user=root
Apr 11 20:40:45 ovzhost sshd[914]: Failed password for root from 43.255.190.163 port 57501 ssh2
Apr 11 20:40:48 ovzhost sshd[916]: Failed password for root from 43.255.190.148 port 53850 ssh2
Apr 11 20:40:49 ovzhost sshd[914]: message repeated 2 times: [ Failed password for root from 43.255.190.163 port 57501 ssh2]
Apr 11 20:40:49 ovzhost sshd[914]: Received disconnect from 43.255.190.163: 11:  [preauth]
Apr 11 20:40:49 ovzhost sshd[914]: PAM 2 more authentication failures; logname= uid=0 euid=0 tty=ssh ruser= rhost=43.255.190.163  user=root
Apr 11 20:40:50 ovzhost sshd[918]: pam_unix(sshd:auth): authentication failure; logname= uid=0 euid=0 tty=ssh ruser= rhost=43.255.190.163  user=root
Apr 11 20:40:51 ovzhost sshd[916]: message repeated 2 times: [ Failed password for root from 43.255.190.148 port 53850 ssh2]
Apr 11 20:40:51 ovzhost sshd[916]: Received disconnect from 43.255.190.148: 11:  [preauth]
Apr 11 20:40:51 ovzhost sshd[916]: PAM 2 more authentication failures; logname= uid=0 euid=0 tty=ssh ruser= rhost=43.255.190.148  user=root
Apr 11 20:40:52 ovzhost sshd[920]: pam_unix(sshd:auth): authentication failure; logname= uid=0 euid=0 tty=ssh ruser= rhost=43.255.190.148  user=root
Apr 11 20:40:52 ovzhost sshd[918]: Failed password for root from 43.255.190.163 port 44143 ssh2
Apr 11 20:40:55 ovzhost sshd[920]: Failed password for root from 43.255.190.148 port 39607 ssh2
Apr 11 20:40:57 ovzhost sshd[918]: message repeated 2 times: [ Failed password for root from 43.255.190.163 port 44143 ssh2]
Apr 11 20:40:57 ovzhost sshd[918]: Received disconnect from 43.255.190.163: 11:  [preauth]
Apr 11 20:40:57 ovzhost sshd[918]: PAM 2 more authentication failures; logname= uid=0 euid=0 tty=ssh ruser= rhost=43.255.190.163  user=root
Apr 11 20:40:57 ovzhost sshd[924]: pam_unix(sshd:auth): authentication failure; logname= uid=0 euid=0 tty=ssh ruser= rhost=43.255.190.163  user=root
Apr 11 20:40:59 ovzhost sshd[920]: message repeated 2 times: [ Failed password for root from 43.255.190.148 port 39607 ssh2]
Apr 11 20:40:59 ovzhost sshd[920]: Received disconnect from 43.255.190.148: 11:  [preauth]
Apr 11 20:40:59 ovzhost sshd[920]: PAM 2 more authentication failures; logname= uid=0 euid=0 tty=ssh ruser= rhost=43.255.190.148  user=root
Apr 11 20:41:00 ovzhost sshd[926]: pam_unix(sshd:auth): authentication failure; logname= uid=0 euid=0 tty=ssh ruser= rhost=43.255.190.148  user=root
Apr 11 20:41:00 ovzhost sshd[924]: Failed password for root from 43.255.190.163 port 60840 ssh2
Apr 11 20:41:01 ovzhost sshd[926]: Failed password for root from 43.255.190.148 port 55051 ssh2
Apr 11 20:41:03 ovzhost sshd[924]: message repeated 2 times: [ Failed password for root from 43.255.190.163 port 60840 ssh2]
Apr 11 20:41:03 ovzhost sshd[924]: Received disconnect from 43.255.190.163: 11:  [preauth]
Apr 11 20:41:03 ovzhost sshd[924]: PAM 2 more authentication failures; logname= uid=0 euid=0 tty=ssh ruser= rhost=43.255.190.163  user=root
Apr 11 20:41:04 ovzhost sshd[928]: pam_unix(sshd:auth): authentication failure; logname= uid=0 euid=0 tty=ssh ruser= rhost=43.255.190.163  user=root
Apr 11 20:41:05 ovzhost sshd[926]: message repeated 2 times: [ Failed password for root from 43.255.190.148 port 55051 ssh2]
Apr 11 20:41:05 ovzhost sshd[926]: Received disconnect from 43.255.190.148: 11:  [preauth]
Apr 11 20:41:05 ovzhost sshd[926]: PAM 2 more authentication failures; logname= uid=0 euid=0 tty=ssh ruser= rhost=43.255.190.148  user=root
Apr 11 20:41:06 ovzhost sshd[930]: pam_unix(sshd:auth): authentication failure; logname= uid=0 euid=0 tty=ssh ruser= rhost=43.255.190.148  user=root
Apr 11 20:41:07 ovzhost sshd[928]: Failed password for root from 43.255.190.163 port 47781 ssh2
Apr 11 20:41:08 ovzhost sshd[930]: Failed password for root from 43.255.190.148 port 40039 ssh2
Apr 11 20:41:11 ovzhost sshd[928]: message repeated 2 times: [ Failed password for root from 43.255.190.163 port 47781 ssh2]
Apr 11 20:41:11 ovzhost sshd[928]: Received disconnect from 43.255.190.163: 11:  [preauth]
Apr 11 20:41:11 ovzhost sshd[928]: PAM 2 more authentication failures; logname= uid=0 euid=0 tty=ssh ruser= rhost=43.255.190.163  user=root
Apr 11 20:41:12 ovzhost sshd[932]: pam_unix(sshd:auth): authentication failure; logname= uid=0 euid=0 tty=ssh ruser= rhost=43.255.190.163  user=root
Apr 11 20:41:13 ovzhost sshd[930]: message repeated 2 times: [ Failed password for root from 43.255.190.148 port 40039 ssh2]
Apr 11 20:41:13 ovzhost sshd[930]: Received disconnect from 43.255.190.148: 11:  [preauth]
Apr 11 20:41:13 ovzhost sshd[930]: PAM 2 more authentication failures; logname= uid=0 euid=0 tty=ssh ruser= rhost=43.255.190.148  user=root
Apr 11 20:41:13 ovzhost sshd[932]: Failed password for root from 43.255.190.163 port 36735 ssh2
Apr 11 20:41:13 ovzhost sshd[934]: pam_unix(sshd:auth): authentication failure; logname= uid=0 euid=0 tty=ssh ruser= rhost=43.255.190.148  user=root
Apr 11 20:41:15 ovzhost sshd[934]: Failed password for root from 43.255.190.148 port 54508 ssh2
Apr 11 20:41:18 ovzhost sshd[932]: message repeated 2 times: [ Failed password for root from 43.255.190.163 port 36735 ssh2]
Apr 11 20:41:18 ovzhost sshd[932]: Received disconnect from 43.255.190.163: 11:  [preauth]
Apr 11 20:41:18 ovzhost sshd[932]: PAM 2 more authentication failures; logname= uid=0 euid=0 tty=ssh ruser= rhost=43.255.190.163  user=root
Apr 11 20:41:18 ovzhost sshd[936]: pam_unix(sshd:auth): authentication failure; logname= uid=0 euid=0 tty=ssh ruser= rhost=43.255.190.163  user=root
Apr 11 20:41:20 ovzhost sshd[934]: message repeated 2 times: [ Failed password for root from 43.255.190.148 port 54508 ssh2]
Apr 11 20:41:20 ovzhost sshd[934]: Received disconnect from 43.255.190.148: 11:  [preauth]
Apr 11 20:41:20 ovzhost sshd[934]: PAM 2 more authentication failures; logname= uid=0 euid=0 tty=ssh ruser= rhost=43.255.190.148  user=root
Apr 11 20:41:20 ovzhost sshd[936]: Failed password for root from 43.255.190.163 port 52092 ssh2
Apr 11 20:41:20 ovzhost sshd[938]: pam_unix(sshd:auth): authentication failure; logname= uid=0 euid=0 tty=ssh ruser= rhost=43.255.190.148  user=root
Apr 11 20:41:23 ovzhost sshd[938]: Failed password for root from 43.255.190.148 port 40725 ssh2
Apr 11 20:41:25 ovzhost sshd[936]: message repeated 2 times: [ Failed password for root from 43.255.190.163 port 52092 ssh2]
Apr 11 20:41:25 ovzhost sshd[936]: Received disconnect from 43.255.190.163: 11:  [preauth]
Apr 11 20:41:25 ovzhost sshd[936]: PAM 2 more authentication failures; logname= uid=0 euid=0 tty=ssh ruser= rhost=43.255.190.163  user=root
Apr 11 20:41:26 ovzhost sshd[940]: pam_unix(sshd:auth): authentication failure; logname= uid=0 euid=0 tty=ssh ruser= rhost=43.255.190.163  user=root
Apr 11 20:41:28 ovzhost sshd[938]: message repeated 2 times: [ Failed password for root from 43.255.190.148 port 40725 ssh2]
Apr 11 20:41:28 ovzhost sshd[938]: Received disconnect from 43.255.190.148: 11:  [preauth]
Apr 11 20:41:28 ovzhost sshd[938]: PAM 2 more authentication failures; logname= uid=0 euid=0 tty=ssh ruser= rhost=43.255.190.148  user=root
Apr 11 20:41:28 ovzhost sshd[940]: Failed password for root from 43.255.190.163 port 41071 ssh2
Apr 11 20:41:28 ovzhost sshd[942]: pam_unix(sshd:auth): authentication failure; logname= uid=0 euid=0 tty=ssh ruser= rhost=43.255.190.148  user=root
Apr 11 20:41:31 ovzhost sshd[942]: Failed password for root from 43.255.190.148 port 56246 ssh2
Apr 11 20:41:32 ovzhost sshd[940]: message repeated 2 times: [ Failed password for root from 43.255.190.163 port 41071 ssh2]
Apr 11 20:41:32 ovzhost sshd[940]: Received disconnect from 43.255.190.163: 11:  [preauth]
Apr 11 20:41:32 ovzhost sshd[940]: PAM 2 more authentication failures; logname= uid=0 euid=0 tty=ssh ruser= rhost=43.255.190.163  user=root
Apr 11 20:41:33 ovzhost sshd[944]: pam_unix(sshd:auth): authentication failure; logname= uid=0 euid=0 tty=ssh ruser= rhost=43.255.190.163  user=root
Apr 11 20:41:35 ovzhost sshd[942]: message repeated 2 times: [ Failed password for root from 43.255.190.148 port 56246 ssh2]
Apr 11 20:41:35 ovzhost sshd[942]: Received disconnect from 43.255.190.148: 11:  [preauth]
Apr 11 20:41:35 ovzhost sshd[942]: PAM 2 more authentication failures; logname= uid=0 euid=0 tty=ssh ruser= rhost=43.255.190.148  user=root
Apr 11 20:41:35 ovzhost sshd[944]: Failed password for root from 43.255.190.163 port 58189 ssh2
Apr 11 20:41:35 ovzhost sshd[946]: pam_unix(sshd:auth): authentication failure; logname= uid=0 euid=0 tty=ssh ruser= rhost=43.255.190.148  user=root
Apr 11 20:41:38 ovzhost sshd[946]: Failed password for root from 43.255.190.148 port 42713 ssh2
Apr 11 20:41:40 ovzhost sshd[944]: message repeated 2 times: [ Failed password for root from 43.255.190.163 port 58189 ssh2]
Apr 11 20:41:40 ovzhost sshd[944]: Received disconnect from 43.255.190.163: 11:  [preauth]
Apr 11 20:41:40 ovzhost sshd[944]: PAM 2 more authentication failures; logname= uid=0 euid=0 tty=ssh ruser= rhost=43.255.190.163  user=root
Apr 11 20:41:40 ovzhost sshd[948]: pam_unix(sshd:auth): authentication failure; logname= uid=0 euid=0 tty=ssh ruser= rhost=43.255.190.163  user=root
Apr 11 20:41:42 ovzhost sshd[946]: message repeated 2 times: [ Failed password for root from 43.255.190.148 port 42713 ssh2]
Apr 11 20:41:42 ovzhost sshd[946]: Received disconnect from 43.255.190.148: 11:  [preauth]
Apr 11 20:41:42 ovzhost sshd[946]: PAM 2 more authentication failures; logname= uid=0 euid=0 tty=ssh ruser= rhost=43.255.190.148  user=root
Apr 11 20:41:43 ovzhost sshd[948]: Failed password for root from 43.255.190.163 port 47122 ssh2
Apr 11 20:41:43 ovzhost sshd[950]: pam_unix(sshd:auth): authentication failure; logname= uid=0 euid=0 tty=ssh ruser= rhost=43.255.190.148  user=root
Apr 11 20:41:45 ovzhost sshd[950]: Failed password for root from 43.255.190.148 port 58569 ssh2
Apr 11 20:41:47 ovzhost sshd[948]: message repeated 2 times: [ Failed password for root from 43.255.190.163 port 47122 ssh2]
Apr 11 20:41:47 ovzhost sshd[948]: Received disconnect from 43.255.190.163: 11:  [preauth]
Apr 11 20:41:47 ovzhost sshd[948]: PAM 2 more authentication failures; logname= uid=0 euid=0 tty=ssh ruser= rhost=43.255.190.163  user=root
Apr 11 20:41:48 ovzhost sshd[954]: pam_unix(sshd:auth): authentication failure; logname= uid=0 euid=0 tty=ssh ruser= rhost=43.255.190.163  user=root
Apr 11 20:41:50 ovzhost sshd[954]: Failed password for root from 43.255.190.163 port 36093 ssh2
Apr 11 20:41:50 ovzhost sshd[950]: message repeated 2 times: [ Failed password for root from 43.255.190.148 port 58569 ssh2]
Apr 11 20:41:50 ovzhost sshd[950]: Received disconnect from 43.255.190.148: 11:  [preauth]
Apr 11 20:41:50 ovzhost sshd[950]: PAM 2 more authentication failures; logname= uid=0 euid=0 tty=ssh ruser= rhost=43.255.190.148  user=root
Apr 11 20:41:51 ovzhost sshd[956]: pam_unix(sshd:auth): authentication failure; logname= uid=0 euid=0 tty=ssh ruser= rhost=43.255.190.148  user=root
Apr 11 20:41:53 ovzhost sshd[956]: Failed password for root from 43.255.190.148 port 45995 ssh2
Apr 11 20:41:54 ovzhost sshd[954]: message repeated 2 times: [ Failed password for root from 43.255.190.163 port 36093 ssh2]
Apr 11 20:41:54 ovzhost sshd[954]: Received disconnect from 43.255.190.163: 11:  [preauth]
Apr 11 20:41:54 ovzhost sshd[954]: PAM 2 more authentication failures; logname= uid=0 euid=0 tty=ssh ruser= rhost=43.255.190.163  user=root
Apr 11 20:41:55 ovzhost sshd[958]: pam_unix(sshd:auth): authentication failure; logname= uid=0 euid=0 tty=ssh ruser= rhost=43.255.190.163  user=root
Apr 11 20:41:57 ovzhost sshd[958]: Failed password for root from 43.255.190.163 port 52533 ssh2
Apr 11 20:41:58 ovzhost sshd[956]: message repeated 2 times: [ Failed password for root from 43.255.190.148 port 45995 ssh2]
Apr 11 20:41:58 ovzhost sshd[956]: Received disconnect from 43.255.190.148: 11:  [preauth]
Apr 11 20:41:58 ovzhost sshd[956]: PAM 2 more authentication failures; logname= uid=0 euid=0 tty=ssh ruser= rhost=43.255.190.148  user=root
Apr 11 20:41:59 ovzhost sshd[960]: pam_unix(sshd:auth): authentication failure; logname= uid=0 euid=0 tty=ssh ruser= rhost=43.255.190.148  user=root
Apr 11 20:42:01 ovzhost sshd[960]: Failed password for root from 43.255.190.148 port 34292 ssh2
Apr 11 20:42:01 ovzhost sshd[958]: message repeated 2 times: [ Failed password for root from 43.255.190.163 port 52533 ssh2]
Apr 11 20:42:01 ovzhost sshd[958]: Received disconnect from 43.255.190.163: 11:  [preauth]
Apr 11 20:42:01 ovzhost sshd[958]: PAM 2 more authentication failures; logname= uid=0 euid=0 tty=ssh ruser= rhost=43.255.190.163  user=root
Apr 11 20:42:02 ovzhost sshd[962]: pam_unix(sshd:auth): authentication failure; logname= uid=0 euid=0 tty=ssh ruser= rhost=43.255.190.163  user=root
Apr 11 20:42:04 ovzhost sshd[962]: Failed password for root from 43.255.190.163 port 41817 ssh2
Apr 11 20:42:06 ovzhost sshd[960]: message repeated 2 times: [ Failed password for root from 43.255.190.148 port 34292 ssh2]
Apr 11 20:42:06 ovzhost sshd[960]: Received disconnect from 43.255.190.148: 11:  [preauth]
Apr 11 20:42:06 ovzhost sshd[960]: PAM 2 more authentication failures; logname= uid=0 euid=0 tty=ssh ruser= rhost=43.255.190.148  user=root
Apr 11 20:42:06 ovzhost sshd[964]: pam_unix(sshd:auth): authentication failure; logname= uid=0 euid=0 tty=ssh ruser= rhost=43.255.190.148  user=root
Apr 11 20:42:08 ovzhost sshd[964]: Failed password for root from 43.255.190.148 port 50351 ssh2
Apr 11 20:42:09 ovzhost sshd[962]: message repeated 2 times: [ Failed password for root from 43.255.190.163 port 41817 ssh2]
Apr 11 20:42:09 ovzhost sshd[962]: Received disconnect from 43.255.190.163: 11:  [preauth]
Apr 11 20:42:09 ovzhost sshd[962]: PAM 2 more authentication failures; logname= uid=0 euid=0 tty=ssh ruser= rhost=43.255.190.163  user=root
Apr 11 20:42:09 ovzhost sshd[967]: pam_unix(sshd:auth): authentication failure; logname= uid=0 euid=0 tty=ssh ruser= rhost=43.255.190.163  user=root
Apr 11 20:42:11 ovzhost sshd[967]: Failed password for root from 43.255.190.163 port 60617 ssh2
Apr 11 20:42:13 ovzhost sshd[964]: message repeated 2 times: [ Failed password for root from 43.255.190.148 port 50351 ssh2]
Apr 11 20:42:13 ovzhost sshd[964]: Received disconnect from 43.255.190.148: 11:  [preauth]
Apr 11 20:42:13 ovzhost sshd[964]: PAM 2 more authentication failures; logname= uid=0 euid=0 tty=ssh ruser= rhost=43.255.190.148  user=root
Apr 11 20:42:13 ovzhost sshd[969]: pam_unix(sshd:auth): authentication failure; logname= uid=0 euid=0 tty=ssh ruser= rhost=43.255.190.148  user=root
Apr 11 20:42:15 ovzhost sshd[969]: Failed password for root from 43.255.190.148 port 36356 ssh2
Apr 11 20:42:16 ovzhost sshd[967]: message repeated 2 times: [ Failed password for root from 43.255.190.163 port 60617 ssh2]
Apr 11 20:42:16 ovzhost sshd[967]: Received disconnect from 43.255.190.163: 11:  [preauth]
Apr 11 20:42:16 ovzhost sshd[967]: PAM 2 more authentication failures; logname= uid=0 euid=0 tty=ssh ruser= rhost=43.255.190.163  user=root
Apr 11 20:42:17 ovzhost sshd[971]: pam_unix(sshd:auth): authentication failure; logname= uid=0 euid=0 tty=ssh ruser= rhost=43.255.190.163  user=root
Apr 11 20:42:19 ovzhost sshd[971]: Failed password for root from 43.255.190.163 port 50224 ssh2
Apr 11 20:42:20 ovzhost sshd[969]: message repeated 2 times: [ Failed password for root from 43.255.190.148 port 36356 ssh2]
Apr 11 20:42:20 ovzhost sshd[969]: Received disconnect from 43.255.190.148: 11:  [preauth]
Apr 11 20:42:20 ovzhost sshd[969]: PAM 2 more authentication failures; logname= uid=0 euid=0 tty=ssh ruser= rhost=43.255.190.148  user=root
Apr 11 20:42:21 ovzhost sshd[973]: pam_unix(sshd:auth): authentication failure; logname= uid=0 euid=0 tty=ssh ruser= rhost=43.255.190.148  user=root
Apr 11 20:42:23 ovzhost sshd[973]: Failed password for root from 43.255.190.148 port 52403 ssh2
Apr 11 20:42:24 ovzhost sshd[971]: message repeated 2 times: [ Failed password for root from 43.255.190.163 port 50224 ssh2]
Apr 11 20:42:24 ovzhost sshd[971]: Received disconnect from 43.255.190.163: 11:  [preauth]
Apr 11 20:42:24 ovzhost sshd[971]: PAM 2 more authentication failures; logname= uid=0 euid=0 tty=ssh ruser= rhost=43.255.190.163  user=root
Apr 11 20:42:25 ovzhost sshd[975]: pam_unix(sshd:auth): authentication failure; logname= uid=0 euid=0 tty=ssh ruser= rhost=43.255.190.163  user=root
Apr 11 20:42:26 ovzhost sshd[975]: Failed password for root from 43.255.190.163 port 41190 ssh2
Apr 11 20:42:28 ovzhost sshd[973]: message repeated 2 times: [ Failed password for root from 43.255.190.148 port 52403 ssh2]
Apr 11 20:42:28 ovzhost sshd[973]: Received disconnect from 43.255.190.148: 11:  [preauth]
Apr 11 20:42:28 ovzhost sshd[973]: PAM 2 more authentication failures; logname= uid=0 euid=0 tty=ssh ruser= rhost=43.255.190.148  user=root
Apr 11 20:42:29 ovzhost sshd[977]: pam_unix(sshd:auth): authentication failure; logname= uid=0 euid=0 tty=ssh ruser= rhost=43.255.190.148  user=root
Apr 11 20:42:31 ovzhost sshd[975]: message repeated 2 times: [ Failed password for root from 43.255.190.163 port 41190 ssh2]
Apr 11 20:42:31 ovzhost sshd[975]: Received disconnect from 43.255.190.163: 11:  [preauth]
Apr 11 20:42:31 ovzhost sshd[975]: PAM 2 more authentication failures; logname= uid=0 euid=0 tty=ssh ruser= rhost=43.255.190.163  user=root
Apr 11 20:42:32 ovzhost sshd[977]: Failed password for root from 43.255.190.148 port 42229 ssh2
Apr 11 20:42:32 ovzhost sshd[979]: pam_unix(sshd:auth): authentication failure; logname= uid=0 euid=0 tty=ssh ruser= rhost=43.255.190.163  user=root
Apr 11 20:42:33 ovzhost sshd[979]: Failed password for root from 43.255.190.163 port 58440 ssh2
Apr 11 20:42:36 ovzhost sshd[977]: message repeated 2 times: [ Failed password for root from 43.255.190.148 port 42229 ssh2]
Apr 11 20:42:36 ovzhost sshd[977]: Received disconnect from 43.255.190.148: 11:  [preauth]
Apr 11 20:42:36 ovzhost sshd[977]: PAM 2 more authentication failures; logname= uid=0 euid=0 tty=ssh ruser= rhost=43.255.190.148  user=root
Apr 11 20:42:36 ovzhost sshd[981]: pam_unix(sshd:auth): authentication failure; logname= uid=0 euid=0 tty=ssh ruser= rhost=43.255.190.148  user=root
Apr 11 20:42:38 ovzhost sshd[979]: message repeated 2 times: [ Failed password for root from 43.255.190.163 port 58440 ssh2]
Apr 11 20:42:38 ovzhost sshd[979]: Received disconnect from 43.255.190.163: 11:  [preauth]
Apr 11 20:42:38 ovzhost sshd[979]: PAM 2 more authentication failures; logname= uid=0 euid=0 tty=ssh ruser= rhost=43.255.190.163  user=root
Apr 11 20:42:39 ovzhost sshd[981]: Failed password for root from 43.255.190.148 port 58812 ssh2
Apr 11 20:42:39 ovzhost sshd[983]: pam_unix(sshd:auth): authentication failure; logname= uid=0 euid=0 tty=ssh ruser= rhost=43.255.190.163  user=root
Apr 11 20:42:41 ovzhost sshd[983]: Failed password for root from 43.255.190.163 port 48819 ssh2
Apr 11 20:42:44 ovzhost sshd[981]: message repeated 2 times: [ Failed password for root from 43.255.190.148 port 58812 ssh2]
Apr 11 20:42:44 ovzhost sshd[981]: Received disconnect from 43.255.190.148: 11:  [preauth]
Apr 11 20:42:44 ovzhost sshd[981]: PAM 2 more authentication failures; logname= uid=0 euid=0 tty=ssh ruser= rhost=43.255.190.148  user=root
Apr 11 20:42:44 ovzhost sshd[985]: pam_unix(sshd:auth): authentication failure; logname= uid=0 euid=0 tty=ssh ruser= rhost=43.255.190.148  user=root
Apr 11 20:42:45 ovzhost sshd[983]: message repeated 2 times: [ Failed password for root from 43.255.190.163 port 48819 ssh2]
Apr 11 20:42:45 ovzhost sshd[983]: Received disconnect from 43.255.190.163: 11:  [preauth]
Apr 11 20:42:45 ovzhost sshd[983]: PAM 2 more authentication failures; logname= uid=0 euid=0 tty=ssh ruser= rhost=43.255.190.163  user=root
Apr 11 20:42:46 ovzhost sshd[985]: Failed password for root from 43.255.190.148 port 48921 ssh2
Apr 11 20:42:46 ovzhost sshd[989]: pam_unix(sshd:auth): authentication failure; logname= uid=0 euid=0 tty=ssh ruser= rhost=43.255.190.163  user=root
Apr 11 20:42:47 ovzhost sshd[987]: pam_unix(sshd:auth): authentication failure; logname= uid=0 euid=0 tty=ssh ruser= rhost=221.229.166.240  user=root
Apr 11 20:42:48 ovzhost sshd[989]: Failed password for root from 43.255.190.163 port 38472 ssh2
Apr 11 20:42:49 ovzhost sshd[987]: Failed password for root from 221.229.166.240 port 41119 ssh2
Apr 11 20:42:51 ovzhost sshd[985]: message repeated 2 times: [ Failed password for root from 43.255.190.148 port 48921 ssh2]
Apr 11 20:42:51 ovzhost sshd[985]: Received disconnect from 43.255.190.148: 11:  [preauth]
Apr 11 20:42:51 ovzhost sshd[985]: PAM 2 more authentication failures; logname= uid=0 euid=0 tty=ssh ruser= rhost=43.255.190.148  user=root
Apr 11 20:42:51 ovzhost sshd[991]: pam_unix(sshd:auth): authentication failure; logname= uid=0 euid=0 tty=ssh ruser= rhost=43.255.190.148  user=root
Apr 11 20:42:53 ovzhost sshd[989]: message repeated 2 times: [ Failed password for root from 43.255.190.163 port 38472 ssh2]
Apr 11 20:42:53 ovzhost sshd[989]: Received disconnect from 43.255.190.163: 11:  [preauth]
Apr 11 20:42:53 ovzhost sshd[989]: PAM 2 more authentication failures; logname= uid=0 euid=0 tty=ssh ruser= rhost=43.255.190.163  user=root
Apr 11 20:42:53 ovzhost sshd[991]: Failed password for root from 43.255.190.148 port 36512 ssh2
Apr 11 20:42:53 ovzhost sshd[995]: pam_unix(sshd:auth): authentication failure; logname= uid=0 euid=0 tty=ssh ruser= rhost=43.255.190.163  user=root
Apr 11 20:42:55 ovzhost sshd[987]: message repeated 2 times: [ Failed password for root from 221.229.166.240 port 41119 ssh2]
Apr 11 20:42:55 ovzhost sshd[987]: Received disconnect from 221.229.166.240: 11:  [preauth]
Apr 11 20:42:55 ovzhost sshd[987]: PAM 2 more authentication failures; logname= uid=0 euid=0 tty=ssh ruser= rhost=221.229.166.240  user=root
Apr 11 20:42:55 ovzhost sshd[995]: Failed password for root from 43.255.190.163 port 56192 ssh2
Apr 11 20:42:57 ovzhost sshd[991]: message repeated 2 times: [ Failed password for root from 43.255.190.148 port 36512 ssh2]
Apr 11 20:42:57 ovzhost sshd[991]: Received disconnect from 43.255.190.148: 11:  [preauth]
Apr 11 20:42:57 ovzhost sshd[991]: PAM 2 more authentication failures; logname= uid=0 euid=0 tty=ssh ruser= rhost=43.255.190.148  user=root
Apr 11 20:42:57 ovzhost sshd[999]: pam_unix(sshd:auth): authentication failure; logname= uid=0 euid=0 tty=ssh ruser= rhost=43.255.190.148  user=root
Apr 11 20:42:59 ovzhost sshd[997]: pam_unix(sshd:auth): authentication failure; logname= uid=0 euid=0 tty=ssh ruser= rhost=221.229.166.240  user=root
Apr 11 20:43:00 ovzhost sshd[999]: Failed password for root from 43.255.190.148 port 52452 ssh2
Apr 11 20:43:00 ovzhost sshd[995]: message repeated 2 times: [ Failed password for root from 43.255.190.163 port 56192 ssh2]
Apr 11 20:43:00 ovzhost sshd[995]: Received disconnect from 43.255.190.163: 11:  [preauth]
Apr 11 20:43:00 ovzhost sshd[995]: PAM 2 more authentication failures; logname= uid=0 euid=0 tty=ssh ruser= rhost=43.255.190.163  user=root
Apr 11 20:43:00 ovzhost sshd[1001]: pam_unix(sshd:auth): authentication failure; logname= uid=0 euid=0 tty=ssh ruser= rhost=43.255.190.163  user=root
Apr 11 20:43:02 ovzhost sshd[997]: Failed password for root from 221.229.166.240 port 47349 ssh2
Apr 11 20:43:03 ovzhost sshd[1001]: Failed password for root from 43.255.190.163 port 47180 ssh2
Apr 11 20:43:04 ovzhost sshd[999]: message repeated 2 times: [ Failed password for root from 43.255.190.148 port 52452 ssh2]
Apr 11 20:43:04 ovzhost sshd[999]: Received disconnect from 43.255.190.148: 11:  [preauth]
Apr 11 20:43:04 ovzhost sshd[999]: PAM 2 more authentication failures; logname= uid=0 euid=0 tty=ssh ruser= rhost=43.255.190.148  user=root
Apr 11 20:43:05 ovzhost sshd[1003]: pam_unix(sshd:auth): authentication failure; logname= uid=0 euid=0 tty=ssh ruser= rhost=43.255.190.148  user=root
Apr 11 20:43:06 ovzhost sshd[997]: message repeated 2 times: [ Failed password for root from 221.229.166.240 port 47349 ssh2]
Apr 11 20:43:07 ovzhost sshd[997]: Received disconnect from 221.229.166.240: 11:  [preauth]
Apr 11 20:43:07 ovzhost sshd[997]: PAM 2 more authentication failures; logname= uid=0 euid=0 tty=ssh ruser= rhost=221.229.166.240  user=root
Apr 11 20:43:07 ovzhost sshd[1003]: Failed password for root from 43.255.190.148 port 41628 ssh2
Apr 11 20:43:07 ovzhost sshd[1001]: message repeated 2 times: [ Failed password for root from 43.255.190.163 port 47180 ssh2]
Apr 11 20:43:07 ovzhost sshd[1001]: Received disconnect from 43.255.190.163: 11:  [preauth]
Apr 11 20:43:07 ovzhost sshd[1001]: PAM 2 more authentication failures; logname= uid=0 euid=0 tty=ssh ruser= rhost=43.255.190.163  user=root
Apr 11 20:43:08 ovzhost sshd[1007]: pam_unix(sshd:auth): authentication failure; logname= uid=0 euid=0 tty=ssh ruser= rhost=43.255.190.163  user=root
Apr 11 20:43:08 ovzhost sshd[1005]: pam_unix(sshd:auth): authentication failure; logname= uid=0 euid=0 tty=ssh ruser= rhost=221.229.166.240  user=root
Apr 11 20:43:10 ovzhost sshd[1007]: Failed password for root from 43.255.190.163 port 37378 ssh2
Apr 11 20:43:11 ovzhost sshd[1003]: message repeated 2 times: [ Failed password for root from 43.255.190.148 port 41628 ssh2]
Apr 11 20:43:11 ovzhost sshd[1003]: Received disconnect from 43.255.190.148: 11:  [preauth]
Apr 11 20:43:11 ovzhost sshd[1003]: PAM 2 more authentication failures; logname= uid=0 euid=0 tty=ssh ruser= rhost=43.255.190.148  user=root
Apr 11 20:43:11 ovzhost sshd[1005]: Failed password for root from 221.229.166.240 port 54019 ssh2
Apr 11 20:43:11 ovzhost sshd[1010]: pam_unix(sshd:auth): authentication failure; logname= uid=0 euid=0 tty=ssh ruser= rhost=43.255.190.148  user=root
Apr 11 20:43:14 ovzhost sshd[1010]: Failed password for root from 43.255.190.148 port 57580 ssh2
Apr 11 20:43:14 ovzhost sshd[1007]: message repeated 2 times: [ Failed password for root from 43.255.190.163 port 37378 ssh2]
