Apr 11 20:48:17 ovzhost sshd[1191]: Received disconnect from 43.255.190.163: 11:  [preauth]
Apr 11 20:48:17 ovzhost sshd[1191]: PAM 2 more authentication failures; logname= uid=0 euid=0 tty=ssh ruser= rhost=43.255.190.163  user=root
Apr 11 20:50:24 ovzhost sshd[1205]: Connection closed by 127.0.0.1 [preauth]
Apr 11 20:50:34 ovzhost sshd[1208]: Invalid user OPERATOR from 80.242.123.130
Apr 11 20:50:34 ovzhost sshd[1208]: input_userauth_request: invalid user OPERATOR [preauth]
Apr 11 20:50:34 ovzhost sshd[1208]: pam_unix(sshd:auth): check pass; user unknown
Apr 11 20:50:34 ovzhost sshd[1208]: pam_unix(sshd:auth): authentication failure; logname= uid=0 euid=0 tty=ssh ruser= rhost=130-123-242-80.pppoe.dyn.broadband.blic.net 
Apr 11 20:50:36 ovzhost sshd[1208]: Failed password for invalid user OPERATOR from 80.242.123.130 port 58569 ssh2
Apr 11 20:50:36 ovzhost sshd[1208]: Received disconnect from 80.242.123.130: 11: Bye Bye [preauth]
Apr 11 20:50:43 ovzhost sshd[1211]: Connection closed by 128.8.37.120 [preauth]
Apr 11 20:55:24 ovzhost sshd[1229]: Connection closed by 127.0.0.1 [preauth]
Apr 11 21:00:01 ovzhost CRON[1250]: pam_env(cron:session): Unable to open env file: /etc/default/locale: No such file or directory
Apr 11 21:00:01 ovzhost CRON[1250]: pam_unix(cron:session): session opened for user smmsp by (uid=0)
Apr 11 21:00:01 ovzhost CRON[1250]: pam_unix(cron:session): session closed for user smmsp
Apr 11 21:00:24 ovzhost sshd[1277]: Connection closed by 127.0.0.1 [preauth]
Apr 11 21:00:43 ovzhost sshd[1281]: Connection closed by 128.8.37.120 [preauth]
Apr 11 21:04:29 ovzhost sshd[1297]: pam_unix(sshd:auth): authentication failure; logname= uid=0 euid=0 tty=ssh ruser= rhost=43.255.190.93  user=root
Apr 11 21:04:30 ovzhost sshd[1297]: Failed password for root from 43.255.190.93 port 49900 ssh2
Apr 11 21:04:34 ovzhost sshd[1297]: message repeated 2 times: [ Failed password for root from 43.255.190.93 port 49900 ssh2]
Apr 11 21:04:34 ovzhost sshd[1297]: Received disconnect from 43.255.190.93: 11:  [preauth]
Apr 11 21:04:34 ovzhost sshd[1297]: PAM 2 more authentication failures; logname= uid=0 euid=0 tty=ssh ruser= rhost=43.255.190.93  user=root
Apr 11 21:04:34 ovzhost sshd[1299]: pam_unix(sshd:auth): authentication failure; logname= uid=0 euid=0 tty=ssh ruser= rhost=43.255.190.93  user=root
Apr 11 21:04:36 ovzhost sshd[1299]: Failed password for root from 43.255.190.93 port 37243 ssh2
Apr 11 21:04:40 ovzhost sshd[1299]: message repeated 2 times: [ Failed password for root from 43.255.190.93 port 37243 ssh2]
Apr 11 21:04:40 ovzhost sshd[1299]: Received disconnect from 43.255.190.93: 11:  [preauth]
Apr 11 21:04:40 ovzhost sshd[1299]: PAM 2 more authentication failures; logname= uid=0 euid=0 tty=ssh ruser= rhost=43.255.190.93  user=root
Apr 11 21:04:40 ovzhost sshd[1301]: pam_unix(sshd:auth): authentication failure; logname= uid=0 euid=0 tty=ssh ruser= rhost=43.255.190.93  user=root
Apr 11 21:04:42 ovzhost sshd[1301]: Failed password for root from 43.255.190.93 port 53441 ssh2
Apr 11 21:04:46 ovzhost sshd[1301]: message repeated 2 times: [ Failed password for root from 43.255.190.93 port 53441 ssh2]
Apr 11 21:04:46 ovzhost sshd[1301]: Received disconnect from 43.255.190.93: 11:  [preauth]
Apr 11 21:04:46 ovzhost sshd[1301]: PAM 2 more authentication failures; logname= uid=0 euid=0 tty=ssh ruser= rhost=43.255.190.93  user=root
Apr 11 21:04:47 ovzhost sshd[1303]: pam_unix(sshd:auth): authentication failure; logname= uid=0 euid=0 tty=ssh ruser= rhost=43.255.190.93  user=root
Apr 11 21:04:49 ovzhost sshd[1303]: Failed password for root from 43.255.190.93 port 41802 ssh2
Apr 11 21:04:53 ovzhost sshd[1303]: message repeated 2 times: [ Failed password for root from 43.255.190.93 port 41802 ssh2]
Apr 11 21:04:53 ovzhost sshd[1303]: Received disconnect from 43.255.190.93: 11:  [preauth]
Apr 11 21:04:53 ovzhost sshd[1303]: PAM 2 more authentication failures; logname= uid=0 euid=0 tty=ssh ruser= rhost=43.255.190.93  user=root
Apr 11 21:04:54 ovzhost sshd[1305]: pam_unix(sshd:auth): authentication failure; logname= uid=0 euid=0 tty=ssh ruser= rhost=43.255.190.93  user=root
Apr 11 21:04:56 ovzhost sshd[1305]: Failed password for root from 43.255.190.93 port 59523 ssh2
Apr 11 21:05:00 ovzhost sshd[1305]: message repeated 2 times: [ Failed password for root from 43.255.190.93 port 59523 ssh2]
Apr 11 21:05:00 ovzhost sshd[1305]: Received disconnect from 43.255.190.93: 11:  [preauth]
Apr 11 21:05:00 ovzhost sshd[1305]: PAM 2 more authentication failures; logname= uid=0 euid=0 tty=ssh ruser= rhost=43.255.190.93  user=root
Apr 11 21:05:01 ovzhost sshd[1307]: pam_unix(sshd:auth): authentication failure; logname= uid=0 euid=0 tty=ssh ruser= rhost=43.255.190.93  user=root
Apr 11 21:05:02 ovzhost sshd[1307]: Failed password for root from 43.255.190.93 port 49345 ssh2
Apr 11 21:05:06 ovzhost sshd[1307]: message repeated 2 times: [ Failed password for root from 43.255.190.93 port 49345 ssh2]
Apr 11 21:05:06 ovzhost sshd[1307]: Received disconnect from 43.255.190.93: 11:  [preauth]
Apr 11 21:05:06 ovzhost sshd[1307]: PAM 2 more authentication failures; logname= uid=0 euid=0 tty=ssh ruser= rhost=43.255.190.93  user=root
Apr 11 21:05:06 ovzhost sshd[1309]: pam_unix(sshd:auth): authentication failure; logname= uid=0 euid=0 tty=ssh ruser= rhost=43.255.190.93  user=root
Apr 11 21:05:08 ovzhost sshd[1309]: Failed password for root from 43.255.190.93 port 36786 ssh2
Apr 11 21:05:12 ovzhost sshd[1309]: message repeated 2 times: [ Failed password for root from 43.255.190.93 port 36786 ssh2]
Apr 11 21:05:12 ovzhost sshd[1309]: Received disconnect from 43.255.190.93: 11:  [preauth]
Apr 11 21:05:12 ovzhost sshd[1309]: PAM 2 more authentication failures; logname= uid=0 euid=0 tty=ssh ruser= rhost=43.255.190.93  user=root
Apr 11 21:05:13 ovzhost sshd[1312]: pam_unix(sshd:auth): authentication failure; logname= uid=0 euid=0 tty=ssh ruser= rhost=43.255.190.93  user=root
Apr 11 21:05:15 ovzhost sshd[1312]: Failed password for root from 43.255.190.93 port 53140 ssh2
Apr 11 21:05:19 ovzhost sshd[1312]: message repeated 2 times: [ Failed password for root from 43.255.190.93 port 53140 ssh2]
Apr 11 21:05:19 ovzhost sshd[1312]: Received disconnect from 43.255.190.93: 11:  [preauth]
Apr 11 21:05:19 ovzhost sshd[1312]: PAM 2 more authentication failures; logname= uid=0 euid=0 tty=ssh ruser= rhost=43.255.190.93  user=root
Apr 11 21:05:19 ovzhost sshd[1314]: pam_unix(sshd:auth): authentication failure; logname= uid=0 euid=0 tty=ssh ruser= rhost=43.255.190.93  user=root
Apr 11 21:05:22 ovzhost sshd[1314]: Failed password for root from 43.255.190.93 port 41834 ssh2
Apr 11 21:05:24 ovzhost sshd[1317]: Connection closed by 127.0.0.1 [preauth]
Apr 11 21:05:26 ovzhost sshd[1314]: message repeated 2 times: [ Failed password for root from 43.255.190.93 port 41834 ssh2]
Apr 11 21:05:26 ovzhost sshd[1314]: Received disconnect from 43.255.190.93: 11:  [preauth]
Apr 11 21:05:26 ovzhost sshd[1314]: PAM 2 more authentication failures; logname= uid=0 euid=0 tty=ssh ruser= rhost=43.255.190.93  user=root
Apr 11 21:05:26 ovzhost sshd[1319]: pam_unix(sshd:auth): authentication failure; logname= uid=0 euid=0 tty=ssh ruser= rhost=43.255.190.93  user=root
Apr 11 21:05:28 ovzhost sshd[1319]: Failed password for root from 43.255.190.93 port 58741 ssh2
Apr 11 21:05:32 ovzhost sshd[1319]: message repeated 2 times: [ Failed password for root from 43.255.190.93 port 58741 ssh2]
Apr 11 21:05:32 ovzhost sshd[1319]: Received disconnect from 43.255.190.93: 11:  [preauth]
Apr 11 21:05:32 ovzhost sshd[1319]: PAM 2 more authentication failures; logname= uid=0 euid=0 tty=ssh ruser= rhost=43.255.190.93  user=root
Apr 11 21:05:32 ovzhost sshd[1322]: pam_unix(sshd:auth): authentication failure; logname= uid=0 euid=0 tty=ssh ruser= rhost=43.255.190.93  user=root
Apr 11 21:05:34 ovzhost sshd[1322]: Failed password for root from 43.255.190.93 port 46816 ssh2
Apr 11 21:05:38 ovzhost sshd[1322]: message repeated 2 times: [ Failed password for root from 43.255.190.93 port 46816 ssh2]
Apr 11 21:05:38 ovzhost sshd[1322]: Received disconnect from 43.255.190.93: 11:  [preauth]
Apr 11 21:05:38 ovzhost sshd[1322]: PAM 2 more authentication failures; logname= uid=0 euid=0 tty=ssh ruser= rhost=43.255.190.93  user=root
Apr 11 21:05:39 ovzhost sshd[1324]: pam_unix(sshd:auth): authentication failure; logname= uid=0 euid=0 tty=ssh ruser= rhost=43.255.190.93  user=root
Apr 11 21:05:41 ovzhost sshd[1324]: Failed password for root from 43.255.190.93 port 34720 ssh2
Apr 11 21:05:45 ovzhost sshd[1324]: message repeated 2 times: [ Failed password for root from 43.255.190.93 port 34720 ssh2]
Apr 11 21:05:45 ovzhost sshd[1324]: Received disconnect from 43.255.190.93: 11:  [preauth]
Apr 11 21:05:45 ovzhost sshd[1324]: PAM 2 more authentication failures; logname= uid=0 euid=0 tty=ssh ruser= rhost=43.255.190.93  user=root
Apr 11 21:05:46 ovzhost sshd[1326]: pam_unix(sshd:auth): authentication failure; logname= uid=0 euid=0 tty=ssh ruser= rhost=43.255.190.93  user=root
Apr 11 21:05:48 ovzhost sshd[1326]: Failed password for root from 43.255.190.93 port 51217 ssh2
Apr 11 21:05:52 ovzhost sshd[1326]: message repeated 2 times: [ Failed password for root from 43.255.190.93 port 51217 ssh2]
Apr 11 21:05:52 ovzhost sshd[1326]: Received disconnect from 43.255.190.93: 11:  [preauth]
Apr 11 21:05:52 ovzhost sshd[1326]: PAM 2 more authentication failures; logname= uid=0 euid=0 tty=ssh ruser= rhost=43.255.190.93  user=root
Apr 11 21:05:53 ovzhost sshd[1328]: pam_unix(sshd:auth): authentication failure; logname= uid=0 euid=0 tty=ssh ruser= rhost=43.255.190.93  user=root
Apr 11 21:05:55 ovzhost sshd[1328]: Failed password for root from 43.255.190.93 port 40393 ssh2
Apr 11 21:06:00 ovzhost sshd[1328]: message repeated 2 times: [ Failed password for root from 43.255.190.93 port 40393 ssh2]
Apr 11 21:06:00 ovzhost sshd[1328]: Received disconnect from 43.255.190.93: 11:  [preauth]
Apr 11 21:06:00 ovzhost sshd[1328]: PAM 2 more authentication failures; logname= uid=0 euid=0 tty=ssh ruser= rhost=43.255.190.93  user=root
Apr 11 21:06:00 ovzhost sshd[1330]: pam_unix(sshd:auth): authentication failure; logname= uid=0 euid=0 tty=ssh ruser= rhost=43.255.190.93  user=root
Apr 11 21:06:02 ovzhost sshd[1330]: Failed password for root from 43.255.190.93 port 58504 ssh2
Apr 11 21:06:07 ovzhost sshd[1330]: message repeated 2 times: [ Failed password for root from 43.255.190.93 port 58504 ssh2]
Apr 11 21:06:07 ovzhost sshd[1330]: Received disconnect from 43.255.190.93: 11:  [preauth]
Apr 11 21:06:07 ovzhost sshd[1330]: PAM 2 more authentication failures; logname= uid=0 euid=0 tty=ssh ruser= rhost=43.255.190.93  user=root
Apr 11 21:06:08 ovzhost sshd[1332]: pam_unix(sshd:auth): authentication failure; logname= uid=0 euid=0 tty=ssh ruser= rhost=43.255.190.93  user=root
Apr 11 21:06:10 ovzhost sshd[1332]: Failed password for root from 43.255.190.93 port 48447 ssh2
Apr 11 21:06:14 ovzhost sshd[1332]: message repeated 2 times: [ Failed password for root from 43.255.190.93 port 48447 ssh2]
Apr 11 21:06:14 ovzhost sshd[1332]: Received disconnect from 43.255.190.93: 11:  [preauth]
Apr 11 21:06:14 ovzhost sshd[1332]: PAM 2 more authentication failures; logname= uid=0 euid=0 tty=ssh ruser= rhost=43.255.190.93  user=root
Apr 11 21:06:15 ovzhost sshd[1334]: pam_unix(sshd:auth): authentication failure; logname= uid=0 euid=0 tty=ssh ruser= rhost=43.255.190.93  user=root
Apr 11 21:06:17 ovzhost sshd[1334]: Failed password for root from 43.255.190.93 port 36460 ssh2
Apr 11 21:06:21 ovzhost sshd[1334]: message repeated 2 times: [ Failed password for root from 43.255.190.93 port 36460 ssh2]
Apr 11 21:06:21 ovzhost sshd[1334]: Received disconnect from 43.255.190.93: 11:  [preauth]
Apr 11 21:06:21 ovzhost sshd[1334]: PAM 2 more authentication failures; logname= uid=0 euid=0 tty=ssh ruser= rhost=43.255.190.93  user=root
Apr 11 21:06:22 ovzhost sshd[1338]: pam_unix(sshd:auth): authentication failure; logname= uid=0 euid=0 tty=ssh ruser= rhost=43.255.190.93  user=root
Apr 11 21:06:24 ovzhost sshd[1338]: Failed password for root from 43.255.190.93 port 52357 ssh2
Apr 11 21:06:28 ovzhost sshd[1338]: message repeated 2 times: [ Failed password for root from 43.255.190.93 port 52357 ssh2]
Apr 11 21:06:28 ovzhost sshd[1338]: Received disconnect from 43.255.190.93: 11:  [preauth]
Apr 11 21:06:28 ovzhost sshd[1338]: PAM 2 more authentication failures; logname= uid=0 euid=0 tty=ssh ruser= rhost=43.255.190.93  user=root
Apr 11 21:06:29 ovzhost sshd[1340]: pam_unix(sshd:auth): authentication failure; logname= uid=0 euid=0 tty=ssh ruser= rhost=43.255.190.93  user=root
Apr 11 21:06:30 ovzhost sshd[1340]: Failed password for root from 43.255.190.93 port 40467 ssh2
Apr 11 21:06:35 ovzhost sshd[1340]: message repeated 2 times: [ Failed password for root from 43.255.190.93 port 40467 ssh2]
Apr 11 21:06:35 ovzhost sshd[1340]: Received disconnect from 43.255.190.93: 11:  [preauth]
Apr 11 21:06:35 ovzhost sshd[1340]: PAM 2 more authentication failures; logname= uid=0 euid=0 tty=ssh ruser= rhost=43.255.190.93  user=root
Apr 11 21:06:35 ovzhost sshd[1342]: pam_unix(sshd:auth): authentication failure; logname= uid=0 euid=0 tty=ssh ruser= rhost=43.255.190.93  user=root
Apr 11 21:06:37 ovzhost sshd[1342]: Failed password for root from 43.255.190.93 port 55339 ssh2
Apr 11 21:06:42 ovzhost sshd[1342]: message repeated 2 times: [ Failed password for root from 43.255.190.93 port 55339 ssh2]
Apr 11 21:06:42 ovzhost sshd[1342]: Received disconnect from 43.255.190.93: 11:  [preauth]
Apr 11 21:06:42 ovzhost sshd[1342]: PAM 2 more authentication failures; logname= uid=0 euid=0 tty=ssh ruser= rhost=43.255.190.93  user=root
Apr 11 21:06:43 ovzhost sshd[1346]: pam_unix(sshd:auth): authentication failure; logname= uid=0 euid=0 tty=ssh ruser= rhost=43.255.190.93  user=root
Apr 11 21:06:45 ovzhost sshd[1346]: Failed password for root from 43.255.190.93 port 44467 ssh2
Apr 11 21:06:49 ovzhost sshd[1346]: message repeated 2 times: [ Failed password for root from 43.255.190.93 port 44467 ssh2]
Apr 11 21:06:49 ovzhost sshd[1346]: Received disconnect from 43.255.190.93: 11:  [preauth]
Apr 11 21:06:49 ovzhost sshd[1346]: PAM 2 more authentication failures; logname= uid=0 euid=0 tty=ssh ruser= rhost=43.255.190.93  user=root
Apr 11 21:06:50 ovzhost sshd[1348]: pam_unix(sshd:auth): authentication failure; logname= uid=0 euid=0 tty=ssh ruser= rhost=43.255.190.93  user=root
Apr 11 21:06:52 ovzhost sshd[1348]: Failed password for root from 43.255.190.93 port 60329 ssh2
Apr 11 21:06:56 ovzhost sshd[1348]: message repeated 2 times: [ Failed password for root from 43.255.190.93 port 60329 ssh2]
Apr 11 21:06:56 ovzhost sshd[1348]: Received disconnect from 43.255.190.93: 11:  [preauth]
Apr 11 21:06:56 ovzhost sshd[1348]: PAM 2 more authentication failures; logname= uid=0 euid=0 tty=ssh ruser= rhost=43.255.190.93  user=root
Apr 11 21:06:57 ovzhost sshd[1350]: pam_unix(sshd:auth): authentication failure; logname= uid=0 euid=0 tty=ssh ruser= rhost=43.255.190.93  user=root
Apr 11 21:06:59 ovzhost sshd[1350]: Failed password for root from 43.255.190.93 port 48162 ssh2
Apr 11 21:07:03 ovzhost sshd[1350]: message repeated 2 times: [ Failed password for root from 43.255.190.93 port 48162 ssh2]
Apr 11 21:07:04 ovzhost sshd[1350]: Received disconnect from 43.255.190.93: 11:  [preauth]
Apr 11 21:07:04 ovzhost sshd[1350]: PAM 2 more authentication failures; logname= uid=0 euid=0 tty=ssh ruser= rhost=43.255.190.93  user=root
Apr 11 21:07:04 ovzhost sshd[1352]: pam_unix(sshd:auth): authentication failure; logname= uid=0 euid=0 tty=ssh ruser= rhost=43.255.190.93  user=root
Apr 11 21:07:06 ovzhost sshd[1352]: Failed password for root from 43.255.190.93 port 36255 ssh2
Apr 11 21:07:11 ovzhost sshd[1352]: message repeated 2 times: [ Failed password for root from 43.255.190.93 port 36255 ssh2]
Apr 11 21:07:11 ovzhost sshd[1352]: Received disconnect from 43.255.190.93: 11:  [preauth]
Apr 11 21:07:11 ovzhost sshd[1352]: PAM 2 more authentication failures; logname= uid=0 euid=0 tty=ssh ruser= rhost=43.255.190.93  user=root
Apr 11 21:07:11 ovzhost sshd[1355]: pam_unix(sshd:auth): authentication failure; logname= uid=0 euid=0 tty=ssh ruser= rhost=43.255.190.93  user=root
Apr 11 21:07:13 ovzhost sshd[1355]: Failed password for root from 43.255.190.93 port 52120 ssh2
Apr 11 21:07:18 ovzhost sshd[1355]: message repeated 2 times: [ Failed password for root from 43.255.190.93 port 52120 ssh2]
Apr 11 21:07:18 ovzhost sshd[1355]: Received disconnect from 43.255.190.93: 11:  [preauth]
Apr 11 21:07:18 ovzhost sshd[1355]: PAM 2 more authentication failures; logname= uid=0 euid=0 tty=ssh ruser= rhost=43.255.190.93  user=root
Apr 11 21:07:19 ovzhost sshd[1357]: pam_unix(sshd:auth): authentication failure; logname= uid=0 euid=0 tty=ssh ruser= rhost=43.255.190.93  user=root
Apr 11 21:07:21 ovzhost sshd[1357]: Failed password for root from 43.255.190.93 port 40036 ssh2
Apr 11 21:07:26 ovzhost sshd[1357]: message repeated 2 times: [ Failed password for root from 43.255.190.93 port 40036 ssh2]
Apr 11 21:07:26 ovzhost sshd[1357]: Received disconnect from 43.255.190.93: 11:  [preauth]
Apr 11 21:07:26 ovzhost sshd[1357]: PAM 2 more authentication failures; logname= uid=0 euid=0 tty=ssh ruser= rhost=43.255.190.93  user=root
Apr 11 21:07:26 ovzhost sshd[1359]: pam_unix(sshd:auth): authentication failure; logname= uid=0 euid=0 tty=ssh ruser= rhost=43.255.190.93  user=root
Apr 11 21:07:29 ovzhost sshd[1359]: Failed password for root from 43.255.190.93 port 57388 ssh2
Apr 11 21:07:33 ovzhost sshd[1359]: message repeated 2 times: [ Failed password for root from 43.255.190.93 port 57388 ssh2]
Apr 11 21:07:33 ovzhost sshd[1359]: Received disconnect from 43.255.190.93: 11:  [preauth]
Apr 11 21:07:33 ovzhost sshd[1359]: PAM 2 more authentication failures; logname= uid=0 euid=0 tty=ssh ruser= rhost=43.255.190.93  user=root
Apr 11 21:07:34 ovzhost sshd[1361]: pam_unix(sshd:auth): authentication failure; logname= uid=0 euid=0 tty=ssh ruser= rhost=43.255.190.93  user=root
Apr 11 21:07:36 ovzhost sshd[1361]: Failed password for root from 43.255.190.93 port 45983 ssh2
Apr 11 21:07:39 ovzhost sshd[1364]: pam_unix(sshd:auth): authentication failure; logname= uid=0 euid=0 tty=ssh ruser= rhost=43.255.190.160  user=root
Apr 11 21:07:41 ovzhost sshd[1361]: message repeated 2 times: [ Failed password for root from 43.255.190.93 port 45983 ssh2]
Apr 11 21:07:41 ovzhost sshd[1361]: Received disconnect from 43.255.190.93: 11:  [preauth]
Apr 11 21:07:41 ovzhost sshd[1361]: PAM 2 more authentication failures; logname= uid=0 euid=0 tty=ssh ruser= rhost=43.255.190.93  user=root
Apr 11 21:07:41 ovzhost sshd[1366]: pam_unix(sshd:auth): authentication failure; logname= uid=0 euid=0 tty=ssh ruser= rhost=43.255.190.93  user=root
Apr 11 21:07:41 ovzhost sshd[1364]: Failed password for root from 43.255.190.160 port 50727 ssh2
Apr 11 21:07:43 ovzhost sshd[1366]: Failed password for root from 43.255.190.93 port 34296 ssh2
Apr 11 21:07:46 ovzhost sshd[1364]: message repeated 2 times: [ Failed password for root from 43.255.190.160 port 50727 ssh2]
Apr 11 21:07:46 ovzhost sshd[1364]: Received disconnect from 43.255.190.160: 11:  [preauth]
Apr 11 21:07:46 ovzhost sshd[1364]: PAM 2 more authentication failures; logname= uid=0 euid=0 tty=ssh ruser= rhost=43.255.190.160  user=root
Apr 11 21:07:46 ovzhost sshd[1368]: pam_unix(sshd:auth): authentication failure; logname= uid=0 euid=0 tty=ssh ruser= rhost=43.255.190.160  user=root
Apr 11 21:07:48 ovzhost sshd[1366]: message repeated 2 times: [ Failed password for root from 43.255.190.93 port 34296 ssh2]
Apr 11 21:07:48 ovzhost sshd[1366]: Received disconnect from 43.255.190.93: 11:  [preauth]
Apr 11 21:07:48 ovzhost sshd[1366]: PAM 2 more authentication failures; logname= uid=0 euid=0 tty=ssh ruser= rhost=43.255.190.93  user=root
Apr 11 21:07:49 ovzhost sshd[1370]: pam_unix(sshd:auth): authentication failure; logname= uid=0 euid=0 tty=ssh ruser= rhost=43.255.190.93  user=root
Apr 11 21:07:49 ovzhost sshd[1368]: Failed password for root from 43.255.190.160 port 37857 ssh2
Apr 11 21:07:51 ovzhost sshd[1370]: Failed password for root from 43.255.190.93 port 50094 ssh2
Apr 11 21:07:53 ovzhost sshd[1368]: message repeated 2 times: [ Failed password for root from 43.255.190.160 port 37857 ssh2]
Apr 11 21:07:53 ovzhost sshd[1368]: Received disconnect from 43.255.190.160: 11:  [preauth]
Apr 11 21:07:53 ovzhost sshd[1368]: PAM 2 more authentication failures; logname= uid=0 euid=0 tty=ssh ruser= rhost=43.255.190.160  user=root
Apr 11 21:07:54 ovzhost sshd[1374]: pam_unix(sshd:auth): authentication failure; logname= uid=0 euid=0 tty=ssh ruser= rhost=43.255.190.160  user=root
Apr 11 21:07:54 ovzhost sshd[1370]: message repeated 2 times: [ Failed password for root from 43.255.190.93 port 50094 ssh2]
Apr 11 21:07:54 ovzhost sshd[1370]: Received disconnect from 43.255.190.93: 11:  [preauth]
Apr 11 21:07:54 ovzhost sshd[1370]: PAM 2 more authentication failures; logname= uid=0 euid=0 tty=ssh ruser= rhost=43.255.190.93  user=root
Apr 11 21:07:55 ovzhost sshd[1376]: pam_unix(sshd:auth): authentication failure; logname= uid=0 euid=0 tty=ssh ruser= rhost=43.255.190.93  user=root
Apr 11 21:07:56 ovzhost sshd[1374]: Failed password for root from 43.255.190.160 port 53572 ssh2
Apr 11 21:07:57 ovzhost sshd[1376]: Failed password for root from 43.255.190.93 port 36440 ssh2
Apr 11 21:08:00 ovzhost sshd[1374]: message repeated 2 times: [ Failed password for root from 43.255.190.160 port 53572 ssh2]
Apr 11 21:08:00 ovzhost sshd[1374]: Received disconnect from 43.255.190.160: 11:  [preauth]
Apr 11 21:08:00 ovzhost sshd[1374]: PAM 2 more authentication failures; logname= uid=0 euid=0 tty=ssh ruser= rhost=43.255.190.160  user=root
Apr 11 21:08:01 ovzhost sshd[1378]: pam_unix(sshd:auth): authentication failure; logname= uid=0 euid=0 tty=ssh ruser= rhost=43.255.190.160  user=root
Apr 11 21:08:02 ovzhost sshd[1376]: message repeated 2 times: [ Failed password for root from 43.255.190.93 port 36440 ssh2]
Apr 11 21:08:02 ovzhost sshd[1376]: Received disconnect from 43.255.190.93: 11:  [preauth]
Apr 11 21:08:02 ovzhost sshd[1376]: PAM 2 more authentication failures; logname= uid=0 euid=0 tty=ssh ruser= rhost=43.255.190.93  user=root
Apr 11 21:08:03 ovzhost sshd[1380]: pam_unix(sshd:auth): authentication failure; logname= uid=0 euid=0 tty=ssh ruser= rhost=43.255.190.93  user=root
Apr 11 21:08:03 ovzhost sshd[1378]: Failed password for root from 43.255.190.160 port 41846 ssh2
Apr 11 21:08:04 ovzhost sshd[1380]: Failed password for root from 43.255.190.93 port 54066 ssh2
Apr 11 21:08:06 ovzhost sshd[1378]: message repeated 2 times: [ Failed password for root from 43.255.190.160 port 41846 ssh2]
Apr 11 21:08:06 ovzhost sshd[1378]: Received disconnect from 43.255.190.160: 11:  [preauth]
Apr 11 21:08:06 ovzhost sshd[1378]: PAM 2 more authentication failures; logname= uid=0 euid=0 tty=ssh ruser= rhost=43.255.190.160  user=root
Apr 11 21:08:07 ovzhost sshd[1382]: pam_unix(sshd:auth): authentication failure; logname= uid=0 euid=0 tty=ssh ruser= rhost=43.255.190.160  user=root
Apr 11 21:08:09 ovzhost sshd[1380]: message repeated 2 times: [ Failed password for root from 43.255.190.93 port 54066 ssh2]
Apr 11 21:08:09 ovzhost sshd[1380]: Received disconnect from 43.255.190.93: 11:  [preauth]
Apr 11 21:08:09 ovzhost sshd[1380]: PAM 2 more authentication failures; logname= uid=0 euid=0 tty=ssh ruser= rhost=43.255.190.93  user=root
Apr 11 21:08:09 ovzhost sshd[1382]: Failed password for root from 43.255.190.160 port 54761 ssh2
Apr 11 21:08:09 ovzhost sshd[1384]: pam_unix(sshd:auth): authentication failure; logname= uid=0 euid=0 tty=ssh ruser= rhost=43.255.190.93  user=root
Apr 11 21:08:11 ovzhost sshd[1384]: Failed password for root from 43.255.190.93 port 42007 ssh2
Apr 11 21:08:13 ovzhost sshd[1382]: message repeated 2 times: [ Failed password for root from 43.255.190.160 port 54761 ssh2]
Apr 11 21:08:14 ovzhost sshd[1382]: Received disconnect from 43.255.190.160: 11:  [preauth]
Apr 11 21:08:14 ovzhost sshd[1382]: PAM 2 more authentication failures; logname= uid=0 euid=0 tty=ssh ruser= rhost=43.255.190.160  user=root
Apr 11 21:08:14 ovzhost sshd[1387]: pam_unix(sshd:auth): authentication failure; logname= uid=0 euid=0 tty=ssh ruser= rhost=43.255.190.160  user=root
Apr 11 21:08:15 ovzhost sshd[1384]: message repeated 2 times: [ Failed password for root from 43.255.190.93 port 42007 ssh2]
Apr 11 21:08:16 ovzhost sshd[1384]: Received disconnect from 43.255.190.93: 11:  [preauth]
Apr 11 21:08:16 ovzhost sshd[1384]: PAM 2 more authentication failures; logname= uid=0 euid=0 tty=ssh ruser= rhost=43.255.190.93  user=root
Apr 11 21:08:16 ovzhost sshd[1389]: pam_unix(sshd:auth): authentication failure; logname= uid=0 euid=0 tty=ssh ruser= rhost=43.255.190.93  user=root
Apr 11 21:08:16 ovzhost sshd[1387]: Failed password for root from 43.255.190.160 port 42413 ssh2
Apr 11 21:08:18 ovzhost sshd[1389]: Failed password for root from 43.255.190.93 port 58532 ssh2
Apr 11 21:08:21 ovzhost sshd[1387]: message repeated 2 times: [ Failed password for root from 43.255.190.160 port 42413 ssh2]
Apr 11 21:08:21 ovzhost sshd[1387]: Received disconnect from 43.255.190.160: 11:  [preauth]
Apr 11 21:08:21 ovzhost sshd[1387]: PAM 2 more authentication failures; logname= uid=0 euid=0 tty=ssh ruser= rhost=43.255.190.160  user=root
Apr 11 21:08:21 ovzhost sshd[1393]: pam_unix(sshd:auth): authentication failure; logname= uid=0 euid=0 tty=ssh ruser= rhost=43.255.190.160  user=root
Apr 11 21:08:23 ovzhost sshd[1389]: message repeated 2 times: [ Failed password for root from 43.255.190.93 port 58532 ssh2]
Apr 11 21:08:24 ovzhost sshd[1389]: Received disconnect from 43.255.190.93: 11:  [preauth]
Apr 11 21:08:24 ovzhost sshd[1389]: PAM 2 more authentication failures; logname= uid=0 euid=0 tty=ssh ruser= rhost=43.255.190.93  user=root
Apr 11 21:08:24 ovzhost sshd[1395]: pam_unix(sshd:auth): authentication failure; logname= uid=0 euid=0 tty=ssh ruser= rhost=43.255.190.93  user=root
Apr 11 21:08:24 ovzhost sshd[1393]: Failed password for root from 43.255.190.160 port 59509 ssh2
Apr 11 21:08:26 ovzhost sshd[1395]: Failed password for root from 43.255.190.93 port 49486 ssh2
Apr 11 21:08:28 ovzhost sshd[1393]: message repeated 2 times: [ Failed password for root from 43.255.190.160 port 59509 ssh2]
Apr 11 21:08:28 ovzhost sshd[1393]: Received disconnect from 43.255.190.160: 11:  [preauth]
Apr 11 21:08:28 ovzhost sshd[1393]: PAM 2 more authentication failures; logname= uid=0 euid=0 tty=ssh ruser= rhost=43.255.190.160  user=root
Apr 11 21:08:29 ovzhost sshd[1397]: pam_unix(sshd:auth): authentication failure; logname= uid=0 euid=0 tty=ssh ruser= rhost=43.255.190.160  user=root
Apr 11 21:08:30 ovzhost sshd[1395]: message repeated 2 times: [ Failed password for root from 43.255.190.93 port 49486 ssh2]
Apr 11 21:08:30 ovzhost sshd[1395]: Received disconnect from 43.255.190.93: 11:  [preauth]
Apr 11 21:08:30 ovzhost sshd[1395]: PAM 2 more authentication failures; logname= uid=0 euid=0 tty=ssh ruser= rhost=43.255.190.93  user=root
Apr 11 21:08:31 ovzhost sshd[1399]: pam_unix(sshd:auth): authentication failure; logname= uid=0 euid=0 tty=ssh ruser= rhost=43.255.190.93  user=root
Apr 11 21:08:31 ovzhost sshd[1397]: Failed password for root from 43.255.190.160 port 46930 ssh2
Apr 11 21:08:33 ovzhost sshd[1399]: Failed password for root from 43.255.190.93 port 38729 ssh2
Apr 11 21:08:36 ovzhost sshd[1397]: message repeated 2 times: [ Failed password for root from 43.255.190.160 port 46930 ssh2]
Apr 11 21:08:36 ovzhost sshd[1397]: Received disconnect from 43.255.190.160: 11:  [preauth]
Apr 11 21:08:36 ovzhost sshd[1397]: PAM 2 more authentication failures; logname= uid=0 euid=0 tty=ssh ruser= rhost=43.255.190.160  user=root
Apr 11 21:08:36 ovzhost sshd[1403]: pam_unix(sshd:auth): authentication failure; logname= uid=0 euid=0 tty=ssh ruser= rhost=43.255.190.160  user=root
Apr 11 21:08:37 ovzhost sshd[1399]: message repeated 2 times: [ Failed password for root from 43.255.190.93 port 38729 ssh2]
Apr 11 21:08:37 ovzhost sshd[1399]: Received disconnect from 43.255.190.93: 11:  [preauth]
Apr 11 21:08:37 ovzhost sshd[1399]: PAM 2 more authentication failures; logname= uid=0 euid=0 tty=ssh ruser= rhost=43.255.190.93  user=root
Apr 11 21:08:38 ovzhost sshd[1405]: pam_unix(sshd:auth): authentication failure; logname= uid=0 euid=0 tty=ssh ruser= rhost=43.255.190.93  user=root
Apr 11 21:08:38 ovzhost sshd[1403]: Failed password for root from 43.255.190.160 port 36016 ssh2
Apr 11 21:08:40 ovzhost sshd[1405]: Failed password for root from 43.255.190.93 port 57060 ssh2
Apr 11 21:08:42 ovzhost sshd[1403]: message repeated 2 times: [ Failed password for root from 43.255.190.160 port 36016 ssh2]
Apr 11 21:08:42 ovzhost sshd[1403]: Received disconnect from 43.255.190.160: 11:  [preauth]
Apr 11 21:08:42 ovzhost sshd[1403]: PAM 2 more authentication failures; logname= uid=0 euid=0 tty=ssh ruser= rhost=43.255.190.160  user=root
Apr 11 21:08:43 ovzhost sshd[1409]: pam_unix(sshd:auth): authentication failure; logname= uid=0 euid=0 tty=ssh ruser= rhost=43.255.190.160  user=root
Apr 11 21:08:44 ovzhost sshd[1405]: message repeated 2 times: [ Failed password for root from 43.255.190.93 port 57060 ssh2]
Apr 11 21:08:44 ovzhost sshd[1405]: Received disconnect from 43.255.190.93: 11:  [preauth]
Apr 11 21:08:44 ovzhost sshd[1405]: PAM 2 more authentication failures; logname= uid=0 euid=0 tty=ssh ruser= rhost=43.255.190.93  user=root
Apr 11 21:08:44 ovzhost sshd[1411]: pam_unix(sshd:auth): authentication failure; logname= uid=0 euid=0 tty=ssh ruser= rhost=43.255.190.93  user=root
Apr 11 21:08:45 ovzhost sshd[1409]: Failed password for root from 43.255.190.160 port 51872 ssh2
Apr 11 21:08:47 ovzhost sshd[1411]: Failed password for root from 43.255.190.93 port 47065 ssh2
Apr 11 21:08:49 ovzhost sshd[1409]: message repeated 2 times: [ Failed password for root from 43.255.190.160 port 51872 ssh2]
Apr 11 21:08:49 ovzhost sshd[1409]: Received disconnect from 43.255.190.160: 11:  [preauth]
Apr 11 21:08:49 ovzhost sshd[1409]: PAM 2 more authentication failures; logname= uid=0 euid=0 tty=ssh ruser= rhost=43.255.190.160  user=root
Apr 11 21:08:49 ovzhost sshd[1413]: pam_unix(sshd:auth): authentication failure; logname= uid=0 euid=0 tty=ssh ruser= rhost=43.255.190.160  user=root
Apr 11 21:08:50 ovzhost sshd[1411]: message repeated 2 times: [ Failed password for root from 43.255.190.93 port 47065 ssh2]
Apr 11 21:08:51 ovzhost sshd[1411]: Received disconnect from 43.255.190.93: 11:  [preauth]
Apr 11 21:08:51 ovzhost sshd[1411]: PAM 2 more authentication failures; logname= uid=0 euid=0 tty=ssh ruser= rhost=43.255.190.93  user=root
Apr 11 21:08:51 ovzhost sshd[1415]: pam_unix(sshd:auth): authentication failure; logname= uid=0 euid=0 tty=ssh ruser= rhost=43.255.190.93  user=root
Apr 11 21:08:51 ovzhost sshd[1413]: Failed password for root from 43.255.190.160 port 39921 ssh2
Apr 11 21:08:53 ovzhost sshd[1415]: Failed password for root from 43.255.190.93 port 36112 ssh2
Apr 11 21:08:56 ovzhost sshd[1413]: message repeated 2 times: [ Failed password for root from 43.255.190.160 port 39921 ssh2]
Apr 11 21:08:56 ovzhost sshd[1413]: Received disconnect from 43.255.190.160: 11:  [preauth]
Apr 11 21:08:56 ovzhost sshd[1413]: PAM 2 more authentication failures; logname= uid=0 euid=0 tty=ssh ruser= rhost=43.255.190.160  user=root
Apr 11 21:08:56 ovzhost sshd[1417]: pam_unix(sshd:auth): authentication failure; logname= uid=0 euid=0 tty=ssh ruser= rhost=43.255.190.160  user=root
Apr 11 21:08:57 ovzhost sshd[1415]: message repeated 2 times: [ Failed password for root from 43.255.190.93 port 36112 ssh2]
Apr 11 21:08:57 ovzhost sshd[1415]: Received disconnect from 43.255.190.93: 11:  [preauth]
Apr 11 21:08:57 ovzhost sshd[1415]: PAM 2 more authentication failures; logname= uid=0 euid=0 tty=ssh ruser= rhost=43.255.190.93  user=root
Apr 11 21:08:58 ovzhost sshd[1419]: pam_unix(sshd:auth): authentication failure; logname= uid=0 euid=0 tty=ssh ruser= rhost=43.255.190.93  user=root
Apr 11 21:08:59 ovzhost sshd[1417]: Failed password for root from 43.255.190.160 port 57836 ssh2
Apr 11 21:09:00 ovzhost sshd[1419]: Failed password for root from 43.255.190.93 port 53866 ssh2
Apr 11 21:09:01 ovzhost CRON[1422]: pam_env(cron:session): Unable to open env file: /etc/default/locale: No such file or directory
Apr 11 21:09:01 ovzhost CRON[1422]: pam_unix(cron:session): session opened for user root by (uid=0)
Apr 11 21:09:01 ovzhost CRON[1421]: pam_env(cron:session): Unable to open env file: /etc/default/locale: No such file or directory
Apr 11 21:09:01 ovzhost CRON[1421]: pam_unix(cron:session): session opened for user root by (uid=0)
Apr 11 21:09:01 ovzhost CRON[1421]: pam_unix(cron:session): session closed for user root
Apr 11 21:09:01 ovzhost CRON[1422]: pam_unix(cron:session): session closed for user root
Apr 11 21:09:02 ovzhost sshd[1417]: message repeated 2 times: [ Failed password for root from 43.255.190.160 port 57836 ssh2]
Apr 11 21:09:02 ovzhost sshd[1417]: Received disconnect from 43.255.190.160: 11:  [preauth]
Apr 11 21:09:02 ovzhost sshd[1417]: PAM 2 more authentication failures; logname= uid=0 euid=0 tty=ssh ruser= rhost=43.255.190.160  user=root
Apr 11 21:09:02 ovzhost sshd[1435]: pam_unix(sshd:auth): authentication failure; logname= uid=0 euid=0 tty=ssh ruser= rhost=43.255.190.160  user=root
Apr 11 21:09:03 ovzhost sshd[1419]: message repeated 2 times: [ Failed password for root from 43.255.190.93 port 53866 ssh2]
Apr 11 21:09:04 ovzhost sshd[1419]: Received disconnect from 43.255.190.93: 11:  [preauth]
Apr 11 21:09:04 ovzhost sshd[1419]: PAM 2 more authentication failures; logname= uid=0 euid=0 tty=ssh ruser= rhost=43.255.190.93  user=root
Apr 11 21:09:04 ovzhost sshd[1435]: Failed password for root from 43.255.190.160 port 44566 ssh2
Apr 11 21:09:04 ovzhost sshd[1437]: pam_unix(sshd:auth): authentication failure; logname= uid=0 euid=0 tty=ssh ruser= rhost=43.255.190.93  user=root
Apr 11 21:09:06 ovzhost sshd[1437]: Failed password for root from 43.255.190.93 port 43402 ssh2
Apr 11 21:09:09 ovzhost sshd[1435]: message repeated 2 times: [ Failed password for root from 43.255.190.160 port 44566 ssh2]
Apr 11 21:09:09 ovzhost sshd[1435]: Received disconnect from 43.255.190.160: 11:  [preauth]
Apr 11 21:09:09 ovzhost sshd[1435]: PAM 2 more authentication failures; logname= uid=0 euid=0 tty=ssh ruser= rhost=43.255.190.160  user=root
Apr 11 21:09:09 ovzhost sshd[1439]: pam_unix(sshd:auth): authentication failure; logname= uid=0 euid=0 tty=ssh ruser= rhost=43.255.190.160  user=root
Apr 11 21:09:11 ovzhost sshd[1437]: message repeated 2 times: [ Failed password for root from 43.255.190.93 port 43402 ssh2]
Apr 11 21:09:11 ovzhost sshd[1437]: Received disconnect from 43.255.190.93: 11:  [preauth]
Apr 11 21:09:11 ovzhost sshd[1437]: PAM 2 more authentication failures; logname= uid=0 euid=0 tty=ssh ruser= rhost=43.255.190.93  user=root
Apr 11 21:09:11 ovzhost sshd[1441]: pam_unix(sshd:auth): authentication failure; logname= uid=0 euid=0 tty=ssh ruser= rhost=61.160.222.76  user=root
Apr 11 21:09:11 ovzhost sshd[1439]: Failed password for root from 43.255.190.160 port 35328 ssh2
Apr 11 21:09:11 ovzhost sshd[1445]: pam_unix(sshd:auth): authentication failure; logname= uid=0 euid=0 tty=ssh ruser= rhost=43.255.190.93  user=root
Apr 11 21:09:12 ovzhost sshd[1441]: Failed password for root from 61.160.222.76 port 33639 ssh2
Apr 11 21:09:13 ovzhost sshd[1445]: Failed password for root from 43.255.190.93 port 33602 ssh2
Apr 11 21:09:15 ovzhost sshd[1439]: message repeated 2 times: [ Failed password for root from 43.255.190.160 port 35328 ssh2]
Apr 11 21:09:15 ovzhost sshd[1439]: Received disconnect from 43.255.190.160: 11:  [preauth]
Apr 11 21:09:15 ovzhost sshd[1439]: PAM 2 more authentication failures; logname= uid=0 euid=0 tty=ssh ruser= rhost=43.255.190.160  user=root
Apr 11 21:09:15 ovzhost sshd[1447]: pam_unix(sshd:auth): authentication failure; logname= uid=0 euid=0 tty=ssh ruser= rhost=43.255.190.160  user=root
Apr 11 21:09:17 ovzhost sshd[1445]: message repeated 2 times: [ Failed password for root from 43.255.190.93 port 33602 ssh2]
Apr 11 21:09:17 ovzhost sshd[1445]: Received disconnect from 43.255.190.93: 11:  [preauth]
Apr 11 21:09:17 ovzhost sshd[1445]: PAM 2 more authentication failures; logname= uid=0 euid=0 tty=ssh ruser= rhost=43.255.190.93  user=root
Apr 11 21:09:17 ovzhost sshd[1447]: Failed password for root from 43.255.190.160 port 51057 ssh2
Apr 11 21:09:17 ovzhost sshd[1441]: message repeated 2 times: [ Failed password for root from 61.160.222.76 port 33639 ssh2]
Apr 11 21:09:17 ovzhost sshd[1441]: Received disconnect from 61.160.222.76: 11:  [preauth]
Apr 11 21:09:17 ovzhost sshd[1441]: PAM 2 more authentication failures; logname= uid=0 euid=0 tty=ssh ruser= rhost=61.160.222.76  user=root
Apr 11 21:09:18 ovzhost sshd[1449]: pam_unix(sshd:auth): authentication failure; logname= uid=0 euid=0 tty=ssh ruser= rhost=43.255.190.93  user=root
Apr 11 21:09:19 ovzhost sshd[1449]: Failed password for root from 43.255.190.93 port 51137 ssh2
Apr 11 21:09:22 ovzhost sshd[1447]: message repeated 2 times: [ Failed password for root from 43.255.190.160 port 51057 ssh2]
Apr 11 21:09:22 ovzhost sshd[1447]: Received disconnect from 43.255.190.160: 11:  [preauth]
Apr 11 21:09:22 ovzhost sshd[1447]: PAM 2 more authentication failures; logname= uid=0 euid=0 tty=ssh ruser= rhost=43.255.190.160  user=root
Apr 11 21:09:22 ovzhost sshd[1451]: pam_unix(sshd:auth): authentication failure; logname= uid=0 euid=0 tty=ssh ruser= rhost=61.160.222.76  user=root
Apr 11 21:09:22 ovzhost sshd[1453]: pam_unix(sshd:auth): authentication failure; logname= uid=0 euid=0 tty=ssh ruser= rhost=43.255.190.160  user=root
Apr 11 21:09:24 ovzhost sshd[1449]: message repeated 2 times: [ Failed password for root from 43.255.190.93 port 51137 ssh2]
Apr 11 21:09:24 ovzhost sshd[1449]: Received disconnect from 43.255.190.93: 11:  [preauth]
Apr 11 21:09:24 ovzhost sshd[1449]: PAM 2 more authentication failures; logname= uid=0 euid=0 tty=ssh ruser= rhost=43.255.190.93  user=root
Apr 11 21:09:24 ovzhost sshd[1451]: Failed password for root from 61.160.222.76 port 44375 ssh2
Apr 11 21:09:24 ovzhost sshd[1455]: pam_unix(sshd:auth): authentication failure; logname= uid=0 euid=0 tty=ssh ruser= rhost=43.255.190.93  user=root
Apr 11 21:09:24 ovzhost sshd[1453]: Failed password for root from 43.255.190.160 port 41955 ssh2
Apr 11 21:09:26 ovzhost sshd[1455]: Failed password for root from 43.255.190.93 port 41540 ssh2
Apr 11 21:09:28 ovzhost sshd[1451]: message repeated 2 times: [ Failed password for root from 61.160.222.76 port 44375 ssh2]
Apr 11 21:09:28 ovzhost sshd[1451]: Received disconnect from 61.160.222.76: 11:  [preauth]
Apr 11 21:09:28 ovzhost sshd[1451]: PAM 2 more authentication failures; logname= uid=0 euid=0 tty=ssh ruser= rhost=61.160.222.76  user=root
Apr 11 21:09:28 ovzhost sshd[1453]: message repeated 2 times: [ Failed password for root from 43.255.190.160 port 41955 ssh2]
Apr 11 21:09:28 ovzhost sshd[1453]: Received disconnect from 43.255.190.160: 11:  [preauth]
Apr 11 21:09:28 ovzhost sshd[1453]: PAM 2 more authentication failures; logname= uid=0 euid=0 tty=ssh ruser= rhost=43.255.190.160  user=root
Apr 11 21:09:29 ovzhost sshd[1457]: pam_unix(sshd:auth): authentication failure; logname= uid=0 euid=0 tty=ssh ruser= rhost=43.255.190.160  user=root
Apr 11 21:09:30 ovzhost sshd[1455]: message repeated 2 times: [ Failed password for root from 43.255.190.93 port 41540 ssh2]
Apr 11 21:09:31 ovzhost sshd[1455]: Received disconnect from 43.255.190.93: 11:  [preauth]
Apr 11 21:09:31 ovzhost sshd[1455]: PAM 2 more authentication failures; logname= uid=0 euid=0 tty=ssh ruser= rhost=43.255.190.93  user=root
Apr 11 21:09:31 ovzhost sshd[1457]: Failed password for root from 43.255.190.160 port 57207 ssh2
Apr 11 21:09:31 ovzhost sshd[1461]: pam_unix(sshd:auth): authentication failure; logname= uid=0 euid=0 tty=ssh ruser= rhost=43.255.190.93  user=root
Apr 11 21:09:33 ovzhost sshd[1461]: Failed password for root from 43.255.190.93 port 60091 ssh2
Apr 11 21:09:35 ovzhost sshd[1457]: message repeated 2 times: [ Failed password for root from 43.255.190.160 port 57207 ssh2]
Apr 11 21:09:35 ovzhost sshd[1457]: Received disconnect from 43.255.190.160: 11:  [preauth]
Apr 11 21:09:35 ovzhost sshd[1457]: PAM 2 more authentication failures; logname= uid=0 euid=0 tty=ssh ruser= rhost=43.255.190.160  user=root
Apr 11 21:09:36 ovzhost sshd[1463]: pam_unix(sshd:auth): authentication failure; logname= uid=0 euid=0 tty=ssh ruser= rhost=43.255.190.160  user=root
Apr 11 21:09:37 ovzhost sshd[1461]: message repeated 2 times: [ Failed password for root from 43.255.190.93 port 60091 ssh2]
Apr 11 21:09:37 ovzhost sshd[1461]: Received disconnect from 43.255.190.93: 11:  [preauth]
Apr 11 21:09:37 ovzhost sshd[1461]: PAM 2 more authentication failures; logname= uid=0 euid=0 tty=ssh ruser= rhost=43.255.190.93  user=root
Apr 11 21:09:37 ovzhost sshd[1463]: Failed password for root from 43.255.190.160 port 49436 ssh2
Apr 11 21:09:37 ovzhost sshd[1465]: pam_unix(sshd:auth): authentication failure; logname= uid=0 euid=0 tty=ssh ruser= rhost=43.255.190.93  user=root
Apr 11 21:09:39 ovzhost sshd[1465]: Failed password for root from 43.255.190.93 port 49132 ssh2
Apr 11 21:09:41 ovzhost sshd[1463]: message repeated 2 times: [ Failed password for root from 43.255.190.160 port 49436 ssh2]
Apr 11 21:09:41 ovzhost sshd[1463]: Received disconnect from 43.255.190.160: 11:  [preauth]
Apr 11 21:09:41 ovzhost sshd[1463]: PAM 2 more authentication failures; logname= uid=0 euid=0 tty=ssh ruser= rhost=43.255.190.160  user=root
Apr 11 21:09:42 ovzhost sshd[1468]: pam_unix(sshd:auth): authentication failure; logname= uid=0 euid=0 tty=ssh ruser= rhost=43.255.190.160  user=root
Apr 11 21:09:42 ovzhost sshd[1459]: pam_unix(sshd:auth): authentication failure; logname= uid=0 euid=0 tty=ssh ruser= rhost=61.160.222.76  user=root
Apr 11 21:09:43 ovzhost sshd[1465]: message repeated 2 times: [ Failed password for root from 43.255.190.93 port 49132 ssh2]
Apr 11 21:09:43 ovzhost sshd[1465]: Received disconnect from 43.255.190.93: 11:  [preauth]
Apr 11 21:09:43 ovzhost sshd[1465]: PAM 2 more authentication failures; logname= uid=0 euid=0 tty=ssh ruser= rhost=43.255.190.93  user=root
Apr 11 21:09:43 ovzhost sshd[1468]: Failed password for root from 43.255.190.160 port 40334 ssh2
Apr 11 21:09:44 ovzhost sshd[1470]: pam_unix(sshd:auth): authentication failure; logname= uid=0 euid=0 tty=ssh ruser= rhost=43.255.190.93  user=root
Apr 11 21:09:44 ovzhost sshd[1459]: Failed password for root from 61.160.222.76 port 56722 ssh2
Apr 11 21:09:45 ovzhost sshd[1470]: Failed password for root from 43.255.190.93 port 38362 ssh2
Apr 11 21:09:47 ovzhost sshd[1468]: message repeated 2 times: [ Failed password for root from 43.255.190.160 port 40334 ssh2]
Apr 11 21:09:47 ovzhost sshd[1468]: Received disconnect from 43.255.190.160: 11:  [preauth]
Apr 11 21:09:47 ovzhost sshd[1468]: PAM 2 more authentication failures; logname= uid=0 euid=0 tty=ssh ruser= rhost=43.255.190.160  user=root
Apr 11 21:09:48 ovzhost sshd[1472]: pam_unix(sshd:auth): authentication failure; logname= uid=0 euid=0 tty=ssh ruser= rhost=43.255.190.160  user=root
Apr 11 21:09:48 ovzhost sshd[1459]: message repeated 2 times: [ Failed password for root from 61.160.222.76 port 56722 ssh2]
Apr 11 21:09:49 ovzhost sshd[1459]: Received disconnect from 61.160.222.76: 11:  [preauth]
Apr 11 21:09:49 ovzhost sshd[1459]: PAM 2 more authentication failures; logname= uid=0 euid=0 tty=ssh ruser= rhost=61.160.222.76  user=root
Apr 11 21:09:49 ovzhost sshd[1470]: message repeated 2 times: [ Failed password for root from 43.255.190.93 port 38362 ssh2]
Apr 11 21:09:49 ovzhost sshd[1470]: Received disconnect from 43.255.190.93: 11:  [preauth]
Apr 11 21:09:49 ovzhost sshd[1470]: PAM 2 more authentication failures; logname= uid=0 euid=0 tty=ssh ruser= rhost=43.255.190.93  user=root
Apr 11 21:09:50 ovzhost sshd[1476]: pam_unix(sshd:auth): authentication failure; logname= uid=0 euid=0 tty=ssh ruser= rhost=43.255.190.93  user=root
Apr 11 21:09:50 ovzhost sshd[1472]: Failed password for root from 43.255.190.160 port 58113 ssh2
Apr 11 21:09:51 ovzhost sshd[1474]: pam_unix(sshd:auth): authentication failure; logname= uid=0 euid=0 tty=ssh ruser= rhost=61.160.222.76  user=root
Apr 11 21:09:52 ovzhost sshd[1476]: Failed password for root from 43.255.190.93 port 56312 ssh2
Apr 11 21:09:54 ovzhost sshd[1474]: Failed password for root from 61.160.222.76 port 52752 ssh2
Apr 11 21:09:54 ovzhost sshd[1472]: message repeated 2 times: [ Failed password for root from 43.255.190.160 port 58113 ssh2]
Apr 11 21:09:55 ovzhost sshd[1472]: Received disconnect from 43.255.190.160: 11:  [preauth]
Apr 11 21:09:55 ovzhost sshd[1472]: PAM 2 more authentication failures; logname= uid=0 euid=0 tty=ssh ruser= rhost=43.255.190.160  user=root
Apr 11 21:09:55 ovzhost sshd[1478]: pam_unix(sshd:auth): authentication failure; logname= uid=0 euid=0 tty=ssh ruser= rhost=43.255.190.160  user=root
Apr 11 21:09:56 ovzhost sshd[1476]: message repeated 2 times: [ Failed password for root from 43.255.190.93 port 56312 ssh2]
Apr 11 21:09:56 ovzhost sshd[1476]: Received disconnect from 43.255.190.93: 11:  [preauth]
Apr 11 21:09:56 ovzhost sshd[1476]: PAM 2 more authentication failures; logname= uid=0 euid=0 tty=ssh ruser= rhost=43.255.190.93  user=root
Apr 11 21:09:57 ovzhost sshd[1480]: pam_unix(sshd:auth): authentication failure; logname= uid=0 euid=0 tty=ssh ruser= rhost=43.255.190.93  user=root
Apr 11 21:09:57 ovzhost sshd[1478]: Failed password for root from 43.255.190.160 port 49396 ssh2
Apr 11 21:09:58 ovzhost sshd[1474]: message repeated 2 times: [ Failed password for root from 61.160.222.76 port 52752 ssh2]
Apr 11 21:09:58 ovzhost sshd[1474]: Received disconnect from 61.160.222.76: 11:  [preauth]
Apr 11 21:09:58 ovzhost sshd[1474]: PAM 2 more authentication failures; logname= uid=0 euid=0 tty=ssh ruser= rhost=61.160.222.76  user=root
Apr 11 21:09:59 ovzhost sshd[1480]: Failed password for root from 43.255.190.93 port 46820 ssh2
Apr 11 21:10:01 ovzhost sshd[1478]: message repeated 2 times: [ Failed password for root from 43.255.190.160 port 49396 ssh2]
Apr 11 21:10:01 ovzhost sshd[1478]: Received disconnect from 43.255.190.160: 11:  [preauth]
Apr 11 21:10:01 ovzhost sshd[1478]: PAM 2 more authentication failures; logname= uid=0 euid=0 tty=ssh ruser= rhost=43.255.190.160  user=root
Apr 11 21:10:02 ovzhost sshd[1484]: pam_unix(sshd:auth): authentication failure; logname= uid=0 euid=0 tty=ssh ruser= rhost=43.255.190.160  user=root
Apr 11 21:10:02 ovzhost sshd[1480]: message repeated 2 times: [ Failed password for root from 43.255.190.93 port 46820 ssh2]
Apr 11 21:10:02 ovzhost sshd[1480]: Received disconnect from 43.255.190.93: 11:  [preauth]
Apr 11 21:10:02 ovzhost sshd[1480]: PAM 2 more authentication failures; logname= uid=0 euid=0 tty=ssh ruser= rhost=43.255.190.93  user=root
Apr 11 21:10:02 ovzhost sshd[1482]: pam_unix(sshd:auth): authentication failure; logname= uid=0 euid=0 tty=ssh ruser= rhost=61.160.222.76  user=root
Apr 11 21:10:02 ovzhost sshd[1486]: pam_unix(sshd:auth): authentication failure; logname= uid=0 euid=0 tty=ssh ruser= rhost=43.255.190.93  user=root
Apr 11 21:10:04 ovzhost sshd[1484]: Failed password for root from 43.255.190.160 port 39395 ssh2
Apr 11 21:10:04 ovzhost sshd[1482]: Failed password for root from 61.160.222.76 port 35614 ssh2
Apr 11 21:10:04 ovzhost sshd[1486]: Failed password for root from 43.255.190.93 port 34540 ssh2
Apr 11 21:10:08 ovzhost sshd[1484]: message repeated 2 times: [ Failed password for root from 43.255.190.160 port 39395 ssh2]
Apr 11 21:10:08 ovzhost sshd[1484]: Received disconnect from 43.255.190.160: 11:  [preauth]
Apr 11 21:10:08 ovzhost sshd[1484]: PAM 2 more authentication failures; logname= uid=0 euid=0 tty=ssh ruser= rhost=43.255.190.160  user=root
Apr 11 21:10:08 ovzhost sshd[1488]: pam_unix(sshd:auth): authentication failure; logname= uid=0 euid=0 tty=ssh ruser= rhost=43.255.190.160  user=root
Apr 11 21:10:08 ovzhost sshd[1482]: message repeated 2 times: [ Failed password for root from 61.160.222.76 port 35614 ssh2]
Apr 11 21:10:08 ovzhost sshd[1482]: Received disconnect from 61.160.222.76: 11:  [preauth]
Apr 11 21:10:08 ovzhost sshd[1482]: PAM 2 more authentication failures; logname= uid=0 euid=0 tty=ssh ruser= rhost=61.160.222.76  user=root
Apr 11 21:10:09 ovzhost sshd[1486]: message repeated 2 times: [ Failed password for root from 43.255.190.93 port 34540 ssh2]
Apr 11 21:10:09 ovzhost sshd[1486]: Received disconnect from 43.255.190.93: 11:  [preauth]
Apr 11 21:10:09 ovzhost sshd[1486]: PAM 2 more authentication failures; logname= uid=0 euid=0 tty=ssh ruser= rhost=43.255.190.93  user=root
Apr 11 21:10:09 ovzhost sshd[1490]: pam_unix(sshd:auth): authentication failure; logname= uid=0 euid=0 tty=ssh ruser= rhost=43.255.190.93  user=root
Apr 11 21:10:10 ovzhost sshd[1488]: Failed password for root from 43.255.190.160 port 59027 ssh2
Apr 11 21:10:12 ovzhost sshd[1490]: Failed password for root from 43.255.190.93 port 55249 ssh2
Apr 11 21:10:13 ovzhost sshd[1492]: pam_unix(sshd:auth): authentication failure; logname= uid=0 euid=0 tty=ssh ruser= rhost=61.160.222.76  user=root
Apr 11 21:10:14 ovzhost sshd[1488]: message repeated 2 times: [ Failed password for root from 43.255.190.160 port 59027 ssh2]
Apr 11 21:10:14 ovzhost sshd[1488]: Received disconnect from 43.255.190.160: 11:  [preauth]
Apr 11 21:10:14 ovzhost sshd[1488]: PAM 2 more authentication failures; logname= uid=0 euid=0 tty=ssh ruser= rhost=43.255.190.160  user=root
Apr 11 21:10:14 ovzhost sshd[1492]: Failed password for root from 61.160.222.76 port 48422 ssh2
Apr 11 21:10:14 ovzhost sshd[1490]: message repeated 2 times: [ Failed password for root from 43.255.190.93 port 55249 ssh2]
Apr 11 21:10:15 ovzhost sshd[1490]: Received disconnect from 43.255.190.93: 11:  [preauth]
