Apr 11 23:58:15 ovzhost sshd[1244]: Failed password for root from 43.255.190.135 port 54602 ssh2
Apr 11 23:58:18 ovzhost sshd[1242]: message repeated 2 times: [ Failed password for root from 43.255.190.90 port 56833 ssh2]
Apr 11 23:58:18 ovzhost sshd[1242]: Received disconnect from 43.255.190.90: 11:  [preauth]
Apr 11 23:58:18 ovzhost sshd[1242]: PAM 2 more authentication failures; logname= uid=0 euid=0 tty=ssh ruser= rhost=43.255.190.90  user=root
Apr 11 23:58:19 ovzhost sshd[1246]: pam_unix(sshd:auth): authentication failure; logname= uid=0 euid=0 tty=ssh ruser= rhost=43.255.190.90  user=root
Apr 11 23:58:19 ovzhost sshd[1244]: message repeated 2 times: [ Failed password for root from 43.255.190.135 port 54602 ssh2]
Apr 11 23:58:20 ovzhost sshd[1244]: Received disconnect from 43.255.190.135: 11:  [preauth]
Apr 11 23:58:20 ovzhost sshd[1244]: PAM 2 more authentication failures; logname= uid=0 euid=0 tty=ssh ruser= rhost=43.255.190.135  user=root
Apr 11 23:58:20 ovzhost sshd[1248]: pam_unix(sshd:auth): authentication failure; logname= uid=0 euid=0 tty=ssh ruser= rhost=43.255.190.135  user=root
Apr 11 23:58:21 ovzhost sshd[1246]: Failed password for root from 43.255.190.90 port 44885 ssh2
Apr 11 23:58:22 ovzhost sshd[1248]: Failed password for root from 43.255.190.135 port 42342 ssh2
Apr 11 23:58:25 ovzhost sshd[1246]: message repeated 2 times: [ Failed password for root from 43.255.190.90 port 44885 ssh2]
Apr 11 23:58:25 ovzhost sshd[1246]: Received disconnect from 43.255.190.90: 11:  [preauth]
Apr 11 23:58:25 ovzhost sshd[1246]: PAM 2 more authentication failures; logname= uid=0 euid=0 tty=ssh ruser= rhost=43.255.190.90  user=root
Apr 11 23:58:26 ovzhost sshd[1252]: pam_unix(sshd:auth): authentication failure; logname= uid=0 euid=0 tty=ssh ruser= rhost=43.255.190.90  user=root
Apr 11 23:58:27 ovzhost sshd[1248]: message repeated 2 times: [ Failed password for root from 43.255.190.135 port 42342 ssh2]
Apr 11 23:58:27 ovzhost sshd[1248]: Received disconnect from 43.255.190.135: 11:  [preauth]
Apr 11 23:58:27 ovzhost sshd[1248]: PAM 2 more authentication failures; logname= uid=0 euid=0 tty=ssh ruser= rhost=43.255.190.135  user=root
Apr 11 23:58:28 ovzhost sshd[1254]: pam_unix(sshd:auth): authentication failure; logname= uid=0 euid=0 tty=ssh ruser= rhost=43.255.190.135  user=root
Apr 11 23:58:28 ovzhost sshd[1252]: Failed password for root from 43.255.190.90 port 32902 ssh2
Apr 11 23:58:30 ovzhost sshd[1254]: Failed password for root from 43.255.190.135 port 58167 ssh2
Apr 11 23:58:32 ovzhost sshd[1252]: message repeated 2 times: [ Failed password for root from 43.255.190.90 port 32902 ssh2]
Apr 11 23:58:32 ovzhost sshd[1252]: Received disconnect from 43.255.190.90: 11:  [preauth]
Apr 11 23:58:32 ovzhost sshd[1252]: PAM 2 more authentication failures; logname= uid=0 euid=0 tty=ssh ruser= rhost=43.255.190.90  user=root
Apr 11 23:58:33 ovzhost sshd[1256]: pam_unix(sshd:auth): authentication failure; logname= uid=0 euid=0 tty=ssh ruser= rhost=43.255.190.90  user=root
Apr 11 23:58:34 ovzhost sshd[1254]: message repeated 2 times: [ Failed password for root from 43.255.190.135 port 58167 ssh2]
Apr 11 23:58:34 ovzhost sshd[1254]: Received disconnect from 43.255.190.135: 11:  [preauth]
Apr 11 23:58:34 ovzhost sshd[1254]: PAM 2 more authentication failures; logname= uid=0 euid=0 tty=ssh ruser= rhost=43.255.190.135  user=root
Apr 11 23:58:35 ovzhost sshd[1256]: Failed password for root from 43.255.190.90 port 48975 ssh2
Apr 11 23:58:35 ovzhost sshd[1258]: pam_unix(sshd:auth): authentication failure; logname= uid=0 euid=0 tty=ssh ruser= rhost=43.255.190.135  user=root
Apr 11 23:58:37 ovzhost sshd[1258]: Failed password for root from 43.255.190.135 port 45250 ssh2
Apr 11 23:58:39 ovzhost sshd[1256]: message repeated 2 times: [ Failed password for root from 43.255.190.90 port 48975 ssh2]
Apr 11 23:58:39 ovzhost sshd[1256]: Received disconnect from 43.255.190.90: 11:  [preauth]
Apr 11 23:58:39 ovzhost sshd[1256]: PAM 2 more authentication failures; logname= uid=0 euid=0 tty=ssh ruser= rhost=43.255.190.90  user=root
Apr 11 23:58:40 ovzhost sshd[1260]: pam_unix(sshd:auth): authentication failure; logname= uid=0 euid=0 tty=ssh ruser= rhost=43.255.190.90  user=root
Apr 11 23:58:42 ovzhost sshd[1258]: message repeated 2 times: [ Failed password for root from 43.255.190.135 port 45250 ssh2]
Apr 11 23:58:42 ovzhost sshd[1258]: Received disconnect from 43.255.190.135: 11:  [preauth]
Apr 11 23:58:42 ovzhost sshd[1258]: PAM 2 more authentication failures; logname= uid=0 euid=0 tty=ssh ruser= rhost=43.255.190.135  user=root
Apr 11 23:58:42 ovzhost sshd[1260]: Failed password for root from 43.255.190.90 port 36557 ssh2
Apr 11 23:58:42 ovzhost sshd[1262]: pam_unix(sshd:auth): authentication failure; logname= uid=0 euid=0 tty=ssh ruser= rhost=43.255.190.135  user=root
Apr 11 23:58:44 ovzhost sshd[1262]: Failed password for root from 43.255.190.135 port 33278 ssh2
Apr 11 23:58:45 ovzhost sshd[1260]: message repeated 2 times: [ Failed password for root from 43.255.190.90 port 36557 ssh2]
Apr 11 23:58:46 ovzhost sshd[1260]: Received disconnect from 43.255.190.90: 11:  [preauth]
Apr 11 23:58:46 ovzhost sshd[1260]: PAM 2 more authentication failures; logname= uid=0 euid=0 tty=ssh ruser= rhost=43.255.190.90  user=root
Apr 11 23:58:46 ovzhost sshd[1264]: pam_unix(sshd:auth): authentication failure; logname= uid=0 euid=0 tty=ssh ruser= rhost=43.255.190.90  user=root
Apr 11 23:58:48 ovzhost sshd[1262]: message repeated 2 times: [ Failed password for root from 43.255.190.135 port 33278 ssh2]
Apr 11 23:58:48 ovzhost sshd[1262]: Received disconnect from 43.255.190.135: 11:  [preauth]
Apr 11 23:58:48 ovzhost sshd[1262]: PAM 2 more authentication failures; logname= uid=0 euid=0 tty=ssh ruser= rhost=43.255.190.135  user=root
Apr 11 23:58:48 ovzhost sshd[1264]: Failed password for root from 43.255.190.90 port 51887 ssh2
Apr 11 23:58:49 ovzhost sshd[1266]: pam_unix(sshd:auth): authentication failure; logname= uid=0 euid=0 tty=ssh ruser= rhost=43.255.190.135  user=root
Apr 11 23:58:51 ovzhost sshd[1266]: Failed password for root from 43.255.190.135 port 46713 ssh2
Apr 11 23:58:53 ovzhost sshd[1264]: message repeated 2 times: [ Failed password for root from 43.255.190.90 port 51887 ssh2]
Apr 11 23:58:53 ovzhost sshd[1264]: Received disconnect from 43.255.190.90: 11:  [preauth]
Apr 11 23:58:53 ovzhost sshd[1264]: PAM 2 more authentication failures; logname= uid=0 euid=0 tty=ssh ruser= rhost=43.255.190.90  user=root
Apr 11 23:58:54 ovzhost sshd[1268]: pam_unix(sshd:auth): authentication failure; logname= uid=0 euid=0 tty=ssh ruser= rhost=43.255.190.90  user=root
Apr 11 23:58:55 ovzhost sshd[1268]: Failed password for root from 43.255.190.90 port 41056 ssh2
Apr 11 23:58:55 ovzhost sshd[1266]: message repeated 2 times: [ Failed password for root from 43.255.190.135 port 46713 ssh2]
Apr 11 23:58:55 ovzhost sshd[1266]: Received disconnect from 43.255.190.135: 11:  [preauth]
Apr 11 23:58:55 ovzhost sshd[1266]: PAM 2 more authentication failures; logname= uid=0 euid=0 tty=ssh ruser= rhost=43.255.190.135  user=root
Apr 11 23:58:56 ovzhost sshd[1272]: pam_unix(sshd:auth): authentication failure; logname= uid=0 euid=0 tty=ssh ruser= rhost=43.255.190.135  user=root
Apr 11 23:58:58 ovzhost sshd[1272]: Failed password for root from 43.255.190.135 port 34177 ssh2
Apr 11 23:59:00 ovzhost sshd[1268]: message repeated 2 times: [ Failed password for root from 43.255.190.90 port 41056 ssh2]
Apr 11 23:59:00 ovzhost sshd[1268]: Received disconnect from 43.255.190.90: 11:  [preauth]
Apr 11 23:59:00 ovzhost sshd[1268]: PAM 2 more authentication failures; logname= uid=0 euid=0 tty=ssh ruser= rhost=43.255.190.90  user=root
Apr 11 23:59:00 ovzhost sshd[1274]: pam_unix(sshd:auth): authentication failure; logname= uid=0 euid=0 tty=ssh ruser= rhost=43.255.190.90  user=root
Apr 11 23:59:02 ovzhost sshd[1274]: Failed password for root from 43.255.190.90 port 56825 ssh2
Apr 11 23:59:02 ovzhost sshd[1272]: message repeated 2 times: [ Failed password for root from 43.255.190.135 port 34177 ssh2]
Apr 11 23:59:03 ovzhost sshd[1272]: Received disconnect from 43.255.190.135: 11:  [preauth]
Apr 11 23:59:03 ovzhost sshd[1272]: PAM 2 more authentication failures; logname= uid=0 euid=0 tty=ssh ruser= rhost=43.255.190.135  user=root
Apr 11 23:59:03 ovzhost sshd[1276]: pam_unix(sshd:auth): authentication failure; logname= uid=0 euid=0 tty=ssh ruser= rhost=43.255.190.135  user=root
Apr 11 23:59:05 ovzhost sshd[1276]: Failed password for root from 43.255.190.135 port 48919 ssh2
Apr 11 23:59:07 ovzhost sshd[1274]: message repeated 2 times: [ Failed password for root from 43.255.190.90 port 56825 ssh2]
Apr 11 23:59:07 ovzhost sshd[1274]: Received disconnect from 43.255.190.90: 11:  [preauth]
Apr 11 23:59:07 ovzhost sshd[1274]: PAM 2 more authentication failures; logname= uid=0 euid=0 tty=ssh ruser= rhost=43.255.190.90  user=root
Apr 11 23:59:08 ovzhost sshd[1278]: pam_unix(sshd:auth): authentication failure; logname= uid=0 euid=0 tty=ssh ruser= rhost=43.255.190.90  user=root
Apr 11 23:59:10 ovzhost sshd[1278]: Failed password for root from 43.255.190.90 port 44229 ssh2
Apr 11 23:59:10 ovzhost sshd[1276]: message repeated 2 times: [ Failed password for root from 43.255.190.135 port 48919 ssh2]
Apr 11 23:59:10 ovzhost sshd[1276]: Received disconnect from 43.255.190.135: 11:  [preauth]
Apr 11 23:59:10 ovzhost sshd[1276]: PAM 2 more authentication failures; logname= uid=0 euid=0 tty=ssh ruser= rhost=43.255.190.135  user=root
Apr 11 23:59:10 ovzhost sshd[1280]: pam_unix(sshd:auth): authentication failure; logname= uid=0 euid=0 tty=ssh ruser= rhost=43.255.190.135  user=root
Apr 11 23:59:13 ovzhost sshd[1280]: Failed password for root from 43.255.190.135 port 35824 ssh2
Apr 11 23:59:15 ovzhost sshd[1278]: message repeated 2 times: [ Failed password for root from 43.255.190.90 port 44229 ssh2]
Apr 11 23:59:15 ovzhost sshd[1278]: Received disconnect from 43.255.190.90: 11:  [preauth]
Apr 11 23:59:15 ovzhost sshd[1278]: PAM 2 more authentication failures; logname= uid=0 euid=0 tty=ssh ruser= rhost=43.255.190.90  user=root
Apr 11 23:59:15 ovzhost sshd[1282]: pam_unix(sshd:auth): authentication failure; logname= uid=0 euid=0 tty=ssh ruser= rhost=43.255.190.90  user=root
Apr 11 23:59:17 ovzhost sshd[1282]: Failed password for root from 43.255.190.90 port 60868 ssh2
Apr 11 23:59:17 ovzhost sshd[1280]: message repeated 2 times: [ Failed password for root from 43.255.190.135 port 35824 ssh2]
Apr 11 23:59:17 ovzhost sshd[1280]: Received disconnect from 43.255.190.135: 11:  [preauth]
Apr 11 23:59:17 ovzhost sshd[1280]: PAM 2 more authentication failures; logname= uid=0 euid=0 tty=ssh ruser= rhost=43.255.190.135  user=root
Apr 11 23:59:18 ovzhost sshd[1284]: pam_unix(sshd:auth): authentication failure; logname= uid=0 euid=0 tty=ssh ruser= rhost=43.255.190.135  user=root
Apr 11 23:59:20 ovzhost sshd[1284]: Failed password for root from 43.255.190.135 port 51332 ssh2
Apr 11 23:59:22 ovzhost sshd[1282]: message repeated 2 times: [ Failed password for root from 43.255.190.90 port 60868 ssh2]
Apr 11 23:59:22 ovzhost sshd[1282]: Received disconnect from 43.255.190.90: 11:  [preauth]
Apr 11 23:59:22 ovzhost sshd[1282]: PAM 2 more authentication failures; logname= uid=0 euid=0 tty=ssh ruser= rhost=43.255.190.90  user=root
Apr 11 23:59:23 ovzhost sshd[1286]: pam_unix(sshd:auth): authentication failure; logname= uid=0 euid=0 tty=ssh ruser= rhost=43.255.190.90  user=root
Apr 11 23:59:24 ovzhost sshd[1284]: message repeated 2 times: [ Failed password for root from 43.255.190.135 port 51332 ssh2]
Apr 11 23:59:24 ovzhost sshd[1284]: Received disconnect from 43.255.190.135: 11:  [preauth]
Apr 11 23:59:24 ovzhost sshd[1284]: PAM 2 more authentication failures; logname= uid=0 euid=0 tty=ssh ruser= rhost=43.255.190.135  user=root
Apr 11 23:59:25 ovzhost sshd[1288]: pam_unix(sshd:auth): authentication failure; logname= uid=0 euid=0 tty=ssh ruser= rhost=43.255.190.135  user=root
Apr 11 23:59:25 ovzhost sshd[1286]: Failed password for root from 43.255.190.90 port 49446 ssh2
Apr 11 23:59:27 ovzhost sshd[1288]: Failed password for root from 43.255.190.135 port 36393 ssh2
Apr 11 23:59:29 ovzhost sshd[1286]: message repeated 2 times: [ Failed password for root from 43.255.190.90 port 49446 ssh2]
Apr 11 23:59:30 ovzhost sshd[1286]: Received disconnect from 43.255.190.90: 11:  [preauth]
Apr 11 23:59:30 ovzhost sshd[1286]: PAM 2 more authentication failures; logname= uid=0 euid=0 tty=ssh ruser= rhost=43.255.190.90  user=root
Apr 11 23:59:30 ovzhost sshd[1291]: pam_unix(sshd:auth): authentication failure; logname= uid=0 euid=0 tty=ssh ruser= rhost=43.255.190.90  user=root
Apr 11 23:59:31 ovzhost sshd[1288]: message repeated 2 times: [ Failed password for root from 43.255.190.135 port 36393 ssh2]
Apr 11 23:59:31 ovzhost sshd[1288]: Received disconnect from 43.255.190.135: 11:  [preauth]
Apr 11 23:59:31 ovzhost sshd[1288]: PAM 2 more authentication failures; logname= uid=0 euid=0 tty=ssh ruser= rhost=43.255.190.135  user=root
Apr 11 23:59:32 ovzhost sshd[1291]: Failed password for root from 43.255.190.90 port 38168 ssh2
Apr 11 23:59:32 ovzhost sshd[1293]: pam_unix(sshd:auth): authentication failure; logname= uid=0 euid=0 tty=ssh ruser= rhost=43.255.190.135  user=root
Apr 11 23:59:34 ovzhost sshd[1293]: Failed password for root from 43.255.190.135 port 50853 ssh2
Apr 11 23:59:36 ovzhost sshd[1291]: message repeated 2 times: [ Failed password for root from 43.255.190.90 port 38168 ssh2]
Apr 11 23:59:36 ovzhost sshd[1291]: Received disconnect from 43.255.190.90: 11:  [preauth]
Apr 11 23:59:36 ovzhost sshd[1291]: PAM 2 more authentication failures; logname= uid=0 euid=0 tty=ssh ruser= rhost=43.255.190.90  user=root
Apr 11 23:59:37 ovzhost sshd[1295]: pam_unix(sshd:auth): authentication failure; logname= uid=0 euid=0 tty=ssh ruser= rhost=43.255.190.90  user=root
Apr 11 23:59:38 ovzhost sshd[1293]: message repeated 2 times: [ Failed password for root from 43.255.190.135 port 50853 ssh2]
Apr 11 23:59:38 ovzhost sshd[1293]: Received disconnect from 43.255.190.135: 11:  [preauth]
Apr 11 23:59:38 ovzhost sshd[1293]: PAM 2 more authentication failures; logname= uid=0 euid=0 tty=ssh ruser= rhost=43.255.190.135  user=root
Apr 11 23:59:39 ovzhost sshd[1297]: pam_unix(sshd:auth): authentication failure; logname= uid=0 euid=0 tty=ssh ruser= rhost=43.255.190.135  user=root
Apr 11 23:59:39 ovzhost sshd[1295]: Failed password for root from 43.255.190.90 port 53864 ssh2
Apr 11 23:59:40 ovzhost sshd[1300]: Connection closed by 127.0.0.1 [preauth]
Apr 11 23:59:41 ovzhost sshd[1297]: Failed password for root from 43.255.190.135 port 36940 ssh2
Apr 11 23:59:43 ovzhost sshd[1295]: message repeated 2 times: [ Failed password for root from 43.255.190.90 port 53864 ssh2]
Apr 11 23:59:43 ovzhost sshd[1295]: Received disconnect from 43.255.190.90: 11:  [preauth]
Apr 11 23:59:43 ovzhost sshd[1295]: PAM 2 more authentication failures; logname= uid=0 euid=0 tty=ssh ruser= rhost=43.255.190.90  user=root
Apr 11 23:59:44 ovzhost sshd[1302]: pam_unix(sshd:auth): authentication failure; logname= uid=0 euid=0 tty=ssh ruser= rhost=43.255.190.90  user=root
Apr 11 23:59:45 ovzhost sshd[1297]: message repeated 2 times: [ Failed password for root from 43.255.190.135 port 36940 ssh2]
Apr 11 23:59:45 ovzhost sshd[1297]: Received disconnect from 43.255.190.135: 11:  [preauth]
Apr 11 23:59:45 ovzhost sshd[1297]: PAM 2 more authentication failures; logname= uid=0 euid=0 tty=ssh ruser= rhost=43.255.190.135  user=root
Apr 11 23:59:46 ovzhost sshd[1304]: pam_unix(sshd:auth): authentication failure; logname= uid=0 euid=0 tty=ssh ruser= rhost=43.255.190.135  user=root
Apr 11 23:59:46 ovzhost sshd[1302]: Failed password for root from 43.255.190.90 port 41729 ssh2
Apr 11 23:59:48 ovzhost sshd[1304]: Failed password for root from 43.255.190.135 port 51220 ssh2
Apr 11 23:59:51 ovzhost sshd[1302]: message repeated 2 times: [ Failed password for root from 43.255.190.90 port 41729 ssh2]
Apr 11 23:59:51 ovzhost sshd[1302]: Received disconnect from 43.255.190.90: 11:  [preauth]
Apr 11 23:59:51 ovzhost sshd[1302]: PAM 2 more authentication failures; logname= uid=0 euid=0 tty=ssh ruser= rhost=43.255.190.90  user=root
Apr 11 23:59:52 ovzhost sshd[1306]: pam_unix(sshd:auth): authentication failure; logname= uid=0 euid=0 tty=ssh ruser= rhost=43.255.190.90  user=root
Apr 11 23:59:52 ovzhost sshd[1304]: message repeated 2 times: [ Failed password for root from 43.255.190.135 port 51220 ssh2]
Apr 11 23:59:52 ovzhost sshd[1304]: Received disconnect from 43.255.190.135: 11:  [preauth]
Apr 11 23:59:52 ovzhost sshd[1304]: PAM 2 more authentication failures; logname= uid=0 euid=0 tty=ssh ruser= rhost=43.255.190.135  user=root
Apr 11 23:59:52 ovzhost sshd[1308]: pam_unix(sshd:auth): authentication failure; logname= uid=0 euid=0 tty=ssh ruser= rhost=43.255.190.135  user=root
Apr 11 23:59:54 ovzhost sshd[1306]: Failed password for root from 43.255.190.90 port 57678 ssh2
Apr 11 23:59:55 ovzhost sshd[1308]: Failed password for root from 43.255.190.135 port 36647 ssh2
Apr 11 23:59:59 ovzhost sshd[1306]: message repeated 2 times: [ Failed password for root from 43.255.190.90 port 57678 ssh2]
Apr 11 23:59:59 ovzhost sshd[1306]: Received disconnect from 43.255.190.90: 11:  [preauth]
Apr 11 23:59:59 ovzhost sshd[1306]: PAM 2 more authentication failures; logname= uid=0 euid=0 tty=ssh ruser= rhost=43.255.190.90  user=root
Apr 11 23:59:59 ovzhost sshd[1308]: message repeated 2 times: [ Failed password for root from 43.255.190.135 port 36647 ssh2]
Apr 11 23:59:59 ovzhost sshd[1308]: Received disconnect from 43.255.190.135: 11:  [preauth]
Apr 11 23:59:59 ovzhost sshd[1308]: PAM 2 more authentication failures; logname= uid=0 euid=0 tty=ssh ruser= rhost=43.255.190.135  user=root
Apr 11 23:59:59 ovzhost sshd[1311]: pam_unix(sshd:auth): authentication failure; logname= uid=0 euid=0 tty=ssh ruser= rhost=43.255.190.90  user=root
Apr 11 23:59:59 ovzhost sshd[1313]: pam_unix(sshd:auth): authentication failure; logname= uid=0 euid=0 tty=ssh ruser= rhost=43.255.190.135  user=root
Apr 12 00:00:01 ovzhost CRON[1315]: pam_env(cron:session): Unable to open env file: /etc/default/locale: No such file or directory
Apr 12 00:00:01 ovzhost CRON[1315]: pam_unix(cron:session): session opened for user smmsp by (uid=0)
Apr 12 00:00:01 ovzhost CRON[1315]: pam_unix(cron:session): session closed for user smmsp
Apr 12 00:00:01 ovzhost sshd[1311]: Failed password for root from 43.255.190.90 port 46320 ssh2
Apr 12 00:00:02 ovzhost sshd[1313]: Failed password for root from 43.255.190.135 port 50860 ssh2
Apr 12 00:00:05 ovzhost sshd[1313]: message repeated 2 times: [ Failed password for root from 43.255.190.135 port 50860 ssh2]
Apr 12 00:00:06 ovzhost sshd[1313]: Received disconnect from 43.255.190.135: 11:  [preauth]
Apr 12 00:00:06 ovzhost sshd[1313]: PAM 2 more authentication failures; logname= uid=0 euid=0 tty=ssh ruser= rhost=43.255.190.135  user=root
Apr 12 00:00:06 ovzhost sshd[1311]: message repeated 2 times: [ Failed password for root from 43.255.190.90 port 46320 ssh2]
Apr 12 00:00:06 ovzhost sshd[1311]: Received disconnect from 43.255.190.90: 11:  [preauth]
Apr 12 00:00:06 ovzhost sshd[1311]: PAM 2 more authentication failures; logname= uid=0 euid=0 tty=ssh ruser= rhost=43.255.190.90  user=root
Apr 12 00:00:06 ovzhost sshd[1341]: pam_unix(sshd:auth): authentication failure; logname= uid=0 euid=0 tty=ssh ruser= rhost=43.255.190.135  user=root
Apr 12 00:00:07 ovzhost sshd[1343]: pam_unix(sshd:auth): authentication failure; logname= uid=0 euid=0 tty=ssh ruser= rhost=43.255.190.90  user=root
Apr 12 00:00:08 ovzhost sshd[1341]: Failed password for root from 43.255.190.135 port 36400 ssh2
Apr 12 00:00:08 ovzhost sshd[1343]: Failed password for root from 43.255.190.90 port 34507 ssh2
Apr 12 00:00:13 ovzhost sshd[1341]: message repeated 2 times: [ Failed password for root from 43.255.190.135 port 36400 ssh2]
Apr 12 00:00:13 ovzhost sshd[1341]: Received disconnect from 43.255.190.135: 11:  [preauth]
Apr 12 00:00:13 ovzhost sshd[1341]: PAM 2 more authentication failures; logname= uid=0 euid=0 tty=ssh ruser= rhost=43.255.190.135  user=root
Apr 12 00:00:13 ovzhost sshd[1343]: message repeated 2 times: [ Failed password for root from 43.255.190.90 port 34507 ssh2]
Apr 12 00:00:13 ovzhost sshd[1343]: Received disconnect from 43.255.190.90: 11:  [preauth]
Apr 12 00:00:13 ovzhost sshd[1343]: PAM 2 more authentication failures; logname= uid=0 euid=0 tty=ssh ruser= rhost=43.255.190.90  user=root
Apr 12 00:00:13 ovzhost sshd[1345]: pam_unix(sshd:auth): authentication failure; logname= uid=0 euid=0 tty=ssh ruser= rhost=43.255.190.135  user=root
Apr 12 00:00:14 ovzhost sshd[1347]: pam_unix(sshd:auth): authentication failure; logname= uid=0 euid=0 tty=ssh ruser= rhost=43.255.190.90  user=root
Apr 12 00:00:15 ovzhost sshd[1347]: Failed password for root from 43.255.190.90 port 50209 ssh2
Apr 12 00:00:15 ovzhost sshd[1345]: Failed password for root from 43.255.190.135 port 51324 ssh2
Apr 12 00:00:19 ovzhost sshd[1347]: message repeated 2 times: [ Failed password for root from 43.255.190.90 port 50209 ssh2]
Apr 12 00:00:19 ovzhost sshd[1347]: Received disconnect from 43.255.190.90: 11:  [preauth]
Apr 12 00:00:19 ovzhost sshd[1347]: PAM 2 more authentication failures; logname= uid=0 euid=0 tty=ssh ruser= rhost=43.255.190.90  user=root
Apr 12 00:00:19 ovzhost sshd[1345]: message repeated 2 times: [ Failed password for root from 43.255.190.135 port 51324 ssh2]
Apr 12 00:00:19 ovzhost sshd[1345]: Received disconnect from 43.255.190.135: 11:  [preauth]
Apr 12 00:00:19 ovzhost sshd[1345]: PAM 2 more authentication failures; logname= uid=0 euid=0 tty=ssh ruser= rhost=43.255.190.135  user=root
Apr 12 00:00:20 ovzhost sshd[1349]: pam_unix(sshd:auth): authentication failure; logname= uid=0 euid=0 tty=ssh ruser= rhost=43.255.190.90  user=root
Apr 12 00:00:20 ovzhost sshd[1351]: pam_unix(sshd:auth): authentication failure; logname= uid=0 euid=0 tty=ssh ruser= rhost=43.255.190.135  user=root
Apr 12 00:00:22 ovzhost sshd[1349]: Failed password for root from 43.255.190.90 port 36353 ssh2
Apr 12 00:00:22 ovzhost sshd[1351]: Failed password for root from 43.255.190.135 port 36891 ssh2
Apr 12 00:00:26 ovzhost sshd[1354]: Connection closed by 128.8.37.104 [preauth]
Apr 12 00:00:27 ovzhost sshd[1349]: message repeated 2 times: [ Failed password for root from 43.255.190.90 port 36353 ssh2]
Apr 12 00:00:27 ovzhost sshd[1349]: Received disconnect from 43.255.190.90: 11:  [preauth]
Apr 12 00:00:27 ovzhost sshd[1349]: PAM 2 more authentication failures; logname= uid=0 euid=0 tty=ssh ruser= rhost=43.255.190.90  user=root
Apr 12 00:00:27 ovzhost sshd[1351]: message repeated 2 times: [ Failed password for root from 43.255.190.135 port 36891 ssh2]
Apr 12 00:00:27 ovzhost sshd[1351]: Received disconnect from 43.255.190.135: 11:  [preauth]
Apr 12 00:00:27 ovzhost sshd[1351]: PAM 2 more authentication failures; logname= uid=0 euid=0 tty=ssh ruser= rhost=43.255.190.135  user=root
Apr 12 00:00:27 ovzhost sshd[1356]: pam_unix(sshd:auth): authentication failure; logname= uid=0 euid=0 tty=ssh ruser= rhost=43.255.190.90  user=root
Apr 12 00:00:27 ovzhost sshd[1358]: pam_unix(sshd:auth): authentication failure; logname= uid=0 euid=0 tty=ssh ruser= rhost=43.255.190.135  user=root
Apr 12 00:00:29 ovzhost sshd[1356]: Failed password for root from 43.255.190.90 port 51340 ssh2
Apr 12 00:00:29 ovzhost sshd[1358]: Failed password for root from 43.255.190.135 port 50893 ssh2
Apr 12 00:00:34 ovzhost sshd[1356]: message repeated 2 times: [ Failed password for root from 43.255.190.90 port 51340 ssh2]
Apr 12 00:00:34 ovzhost sshd[1356]: Received disconnect from 43.255.190.90: 11:  [preauth]
Apr 12 00:00:34 ovzhost sshd[1356]: PAM 2 more authentication failures; logname= uid=0 euid=0 tty=ssh ruser= rhost=43.255.190.90  user=root
Apr 12 00:00:34 ovzhost sshd[1358]: message repeated 2 times: [ Failed password for root from 43.255.190.135 port 50893 ssh2]
Apr 12 00:00:34 ovzhost sshd[1358]: Received disconnect from 43.255.190.135: 11:  [preauth]
Apr 12 00:00:34 ovzhost sshd[1358]: PAM 2 more authentication failures; logname= uid=0 euid=0 tty=ssh ruser= rhost=43.255.190.135  user=root
Apr 12 00:00:35 ovzhost sshd[1360]: pam_unix(sshd:auth): authentication failure; logname= uid=0 euid=0 tty=ssh ruser= rhost=43.255.190.90  user=root
Apr 12 00:00:35 ovzhost sshd[1362]: pam_unix(sshd:auth): authentication failure; logname= uid=0 euid=0 tty=ssh ruser= rhost=43.255.190.135  user=root
Apr 12 00:00:37 ovzhost sshd[1360]: Failed password for root from 43.255.190.90 port 39749 ssh2
Apr 12 00:00:37 ovzhost sshd[1362]: Failed password for root from 43.255.190.135 port 38021 ssh2
Apr 12 00:00:41 ovzhost sshd[1360]: message repeated 2 times: [ Failed password for root from 43.255.190.90 port 39749 ssh2]
Apr 12 00:00:41 ovzhost sshd[1360]: Received disconnect from 43.255.190.90: 11:  [preauth]
Apr 12 00:00:41 ovzhost sshd[1360]: PAM 2 more authentication failures; logname= uid=0 euid=0 tty=ssh ruser= rhost=43.255.190.90  user=root
Apr 12 00:00:41 ovzhost sshd[1362]: message repeated 2 times: [ Failed password for root from 43.255.190.135 port 38021 ssh2]
Apr 12 00:00:41 ovzhost sshd[1362]: Received disconnect from 43.255.190.135: 11:  [preauth]
Apr 12 00:00:41 ovzhost sshd[1362]: PAM 2 more authentication failures; logname= uid=0 euid=0 tty=ssh ruser= rhost=43.255.190.135  user=root
Apr 12 00:00:41 ovzhost sshd[1365]: pam_unix(sshd:auth): authentication failure; logname= uid=0 euid=0 tty=ssh ruser= rhost=43.255.190.90  user=root
Apr 12 00:00:41 ovzhost sshd[1367]: pam_unix(sshd:auth): authentication failure; logname= uid=0 euid=0 tty=ssh ruser= rhost=43.255.190.135  user=root
Apr 12 00:00:44 ovzhost sshd[1365]: Failed password for root from 43.255.190.90 port 54712 ssh2
Apr 12 00:00:44 ovzhost sshd[1367]: Failed password for root from 43.255.190.135 port 51674 ssh2
Apr 12 00:00:49 ovzhost sshd[1365]: message repeated 2 times: [ Failed password for root from 43.255.190.90 port 54712 ssh2]
Apr 12 00:00:49 ovzhost sshd[1365]: Received disconnect from 43.255.190.90: 11:  [preauth]
Apr 12 00:00:49 ovzhost sshd[1365]: PAM 2 more authentication failures; logname= uid=0 euid=0 tty=ssh ruser= rhost=43.255.190.90  user=root
Apr 12 00:00:49 ovzhost sshd[1367]: message repeated 2 times: [ Failed password for root from 43.255.190.135 port 51674 ssh2]
Apr 12 00:00:49 ovzhost sshd[1367]: Received disconnect from 43.255.190.135: 11:  [preauth]
Apr 12 00:00:49 ovzhost sshd[1367]: PAM 2 more authentication failures; logname= uid=0 euid=0 tty=ssh ruser= rhost=43.255.190.135  user=root
Apr 12 00:00:50 ovzhost sshd[1369]: pam_unix(sshd:auth): authentication failure; logname= uid=0 euid=0 tty=ssh ruser= rhost=43.255.190.90  user=root
Apr 12 00:00:50 ovzhost sshd[1371]: pam_unix(sshd:auth): authentication failure; logname= uid=0 euid=0 tty=ssh ruser= rhost=43.255.190.135  user=root
Apr 12 00:00:51 ovzhost sshd[1369]: Failed password for root from 43.255.190.90 port 44248 ssh2
Apr 12 00:00:51 ovzhost sshd[1371]: Failed password for root from 43.255.190.135 port 39773 ssh2
Apr 12 00:00:56 ovzhost sshd[1369]: message repeated 2 times: [ Failed password for root from 43.255.190.90 port 44248 ssh2]
Apr 12 00:00:56 ovzhost sshd[1369]: Received disconnect from 43.255.190.90: 11:  [preauth]
Apr 12 00:00:56 ovzhost sshd[1369]: PAM 2 more authentication failures; logname= uid=0 euid=0 tty=ssh ruser= rhost=43.255.190.90  user=root
Apr 12 00:00:56 ovzhost sshd[1371]: message repeated 2 times: [ Failed password for root from 43.255.190.135 port 39773 ssh2]
Apr 12 00:00:56 ovzhost sshd[1371]: Received disconnect from 43.255.190.135: 11:  [preauth]
Apr 12 00:00:56 ovzhost sshd[1371]: PAM 2 more authentication failures; logname= uid=0 euid=0 tty=ssh ruser= rhost=43.255.190.135  user=root
Apr 12 00:00:57 ovzhost sshd[1375]: pam_unix(sshd:auth): authentication failure; logname= uid=0 euid=0 tty=ssh ruser= rhost=43.255.190.90  user=root
Apr 12 00:00:57 ovzhost sshd[1376]: pam_unix(sshd:auth): authentication failure; logname= uid=0 euid=0 tty=ssh ruser= rhost=43.255.190.135  user=root
Apr 12 00:00:59 ovzhost sshd[1375]: Failed password for root from 43.255.190.90 port 60281 ssh2
Apr 12 00:00:59 ovzhost sshd[1376]: Failed password for root from 43.255.190.135 port 54708 ssh2
Apr 12 00:01:03 ovzhost sshd[1375]: message repeated 2 times: [ Failed password for root from 43.255.190.90 port 60281 ssh2]
Apr 12 00:01:03 ovzhost sshd[1375]: Received disconnect from 43.255.190.90: 11:  [preauth]
Apr 12 00:01:03 ovzhost sshd[1375]: PAM 2 more authentication failures; logname= uid=0 euid=0 tty=ssh ruser= rhost=43.255.190.90  user=root
Apr 12 00:01:03 ovzhost sshd[1376]: message repeated 2 times: [ Failed password for root from 43.255.190.135 port 54708 ssh2]
Apr 12 00:01:03 ovzhost sshd[1376]: Received disconnect from 43.255.190.135: 11:  [preauth]
Apr 12 00:01:03 ovzhost sshd[1376]: PAM 2 more authentication failures; logname= uid=0 euid=0 tty=ssh ruser= rhost=43.255.190.135  user=root
Apr 12 00:01:04 ovzhost sshd[1379]: pam_unix(sshd:auth): authentication failure; logname= uid=0 euid=0 tty=ssh ruser= rhost=43.255.190.90  user=root
Apr 12 00:01:04 ovzhost sshd[1380]: pam_unix(sshd:auth): authentication failure; logname= uid=0 euid=0 tty=ssh ruser= rhost=43.255.190.135  user=root
Apr 12 00:01:06 ovzhost sshd[1379]: Failed password for root from 43.255.190.90 port 48263 ssh2
Apr 12 00:01:06 ovzhost sshd[1380]: Failed password for root from 43.255.190.135 port 41131 ssh2
Apr 12 00:01:11 ovzhost sshd[1379]: message repeated 2 times: [ Failed password for root from 43.255.190.90 port 48263 ssh2]
Apr 12 00:01:11 ovzhost sshd[1379]: Received disconnect from 43.255.190.90: 11:  [preauth]
Apr 12 00:01:11 ovzhost sshd[1379]: PAM 2 more authentication failures; logname= uid=0 euid=0 tty=ssh ruser= rhost=43.255.190.90  user=root
Apr 12 00:01:11 ovzhost sshd[1380]: message repeated 2 times: [ Failed password for root from 43.255.190.135 port 41131 ssh2]
Apr 12 00:01:11 ovzhost sshd[1380]: Received disconnect from 43.255.190.135: 11:  [preauth]
Apr 12 00:01:11 ovzhost sshd[1380]: PAM 2 more authentication failures; logname= uid=0 euid=0 tty=ssh ruser= rhost=43.255.190.135  user=root
Apr 12 00:01:12 ovzhost sshd[1383]: pam_unix(sshd:auth): authentication failure; logname= uid=0 euid=0 tty=ssh ruser= rhost=43.255.190.135  user=root
Apr 12 00:01:13 ovzhost sshd[1383]: Failed password for root from 43.255.190.135 port 55088 ssh2
Apr 12 00:01:16 ovzhost sshd[1383]: message repeated 2 times: [ Failed password for root from 43.255.190.135 port 55088 ssh2]
Apr 12 00:01:16 ovzhost sshd[1383]: Received disconnect from 43.255.190.135: 11:  [preauth]
Apr 12 00:01:16 ovzhost sshd[1383]: PAM 2 more authentication failures; logname= uid=0 euid=0 tty=ssh ruser= rhost=43.255.190.135  user=root
Apr 12 00:01:17 ovzhost sshd[1385]: pam_unix(sshd:auth): authentication failure; logname= uid=0 euid=0 tty=ssh ruser= rhost=43.255.190.135  user=root
Apr 12 00:01:20 ovzhost sshd[1385]: Failed password for root from 43.255.190.135 port 38481 ssh2
Apr 12 00:01:23 ovzhost sshd[1385]: message repeated 2 times: [ Failed password for root from 43.255.190.135 port 38481 ssh2]
Apr 12 00:01:24 ovzhost sshd[1385]: Received disconnect from 43.255.190.135: 11:  [preauth]
Apr 12 00:01:24 ovzhost sshd[1385]: PAM 2 more authentication failures; logname= uid=0 euid=0 tty=ssh ruser= rhost=43.255.190.135  user=root
Apr 12 00:01:24 ovzhost sshd[1387]: pam_unix(sshd:auth): authentication failure; logname= uid=0 euid=0 tty=ssh ruser= rhost=43.255.190.135  user=root
Apr 12 00:01:25 ovzhost sshd[1387]: Failed password for root from 43.255.190.135 port 52251 ssh2
Apr 12 00:01:29 ovzhost sshd[1387]: message repeated 2 times: [ Failed password for root from 43.255.190.135 port 52251 ssh2]
Apr 12 00:01:29 ovzhost sshd[1387]: Received disconnect from 43.255.190.135: 11:  [preauth]
Apr 12 00:01:29 ovzhost sshd[1387]: PAM 2 more authentication failures; logname= uid=0 euid=0 tty=ssh ruser= rhost=43.255.190.135  user=root
Apr 12 00:01:29 ovzhost sshd[1391]: pam_unix(sshd:auth): authentication failure; logname= uid=0 euid=0 tty=ssh ruser= rhost=43.255.190.135  user=root
Apr 12 00:01:32 ovzhost sshd[1391]: Failed password for root from 43.255.190.135 port 35510 ssh2
Apr 12 00:01:36 ovzhost sshd[1391]: message repeated 2 times: [ Failed password for root from 43.255.190.135 port 35510 ssh2]
Apr 12 00:01:36 ovzhost sshd[1391]: Received disconnect from 43.255.190.135: 11:  [preauth]
Apr 12 00:01:36 ovzhost sshd[1391]: PAM 2 more authentication failures; logname= uid=0 euid=0 tty=ssh ruser= rhost=43.255.190.135  user=root
Apr 12 00:01:36 ovzhost sshd[1393]: pam_unix(sshd:auth): authentication failure; logname= uid=0 euid=0 tty=ssh ruser= rhost=43.255.190.135  user=root
Apr 12 00:01:38 ovzhost sshd[1393]: Failed password for root from 43.255.190.135 port 49035 ssh2
Apr 12 00:01:43 ovzhost sshd[1393]: message repeated 2 times: [ Failed password for root from 43.255.190.135 port 49035 ssh2]
Apr 12 00:01:43 ovzhost sshd[1393]: Received disconnect from 43.255.190.135: 11:  [preauth]
Apr 12 00:01:43 ovzhost sshd[1393]: PAM 2 more authentication failures; logname= uid=0 euid=0 tty=ssh ruser= rhost=43.255.190.135  user=root
Apr 12 00:01:43 ovzhost sshd[1395]: pam_unix(sshd:auth): authentication failure; logname= uid=0 euid=0 tty=ssh ruser= rhost=43.255.190.135  user=root
Apr 12 00:01:45 ovzhost sshd[1395]: Failed password for root from 43.255.190.135 port 34339 ssh2
Apr 12 00:01:49 ovzhost sshd[1395]: message repeated 2 times: [ Failed password for root from 43.255.190.135 port 34339 ssh2]
Apr 12 00:01:49 ovzhost sshd[1395]: Received disconnect from 43.255.190.135: 11:  [preauth]
Apr 12 00:01:49 ovzhost sshd[1395]: PAM 2 more authentication failures; logname= uid=0 euid=0 tty=ssh ruser= rhost=43.255.190.135  user=root
Apr 12 00:01:50 ovzhost sshd[1397]: pam_unix(sshd:auth): authentication failure; logname= uid=0 euid=0 tty=ssh ruser= rhost=43.255.190.135  user=root
Apr 12 00:01:51 ovzhost sshd[1397]: Failed password for root from 43.255.190.135 port 47675 ssh2
Apr 12 00:01:56 ovzhost sshd[1397]: message repeated 2 times: [ Failed password for root from 43.255.190.135 port 47675 ssh2]
Apr 12 00:01:56 ovzhost sshd[1397]: Received disconnect from 43.255.190.135: 11:  [preauth]
Apr 12 00:01:56 ovzhost sshd[1397]: PAM 2 more authentication failures; logname= uid=0 euid=0 tty=ssh ruser= rhost=43.255.190.135  user=root
Apr 12 00:01:56 ovzhost sshd[1400]: pam_unix(sshd:auth): authentication failure; logname= uid=0 euid=0 tty=ssh ruser= rhost=43.255.190.135  user=root
Apr 12 00:01:58 ovzhost sshd[1400]: Failed password for root from 43.255.190.135 port 60869 ssh2
Apr 12 00:02:02 ovzhost sshd[1400]: message repeated 2 times: [ Failed password for root from 43.255.190.135 port 60869 ssh2]
Apr 12 00:02:02 ovzhost sshd[1400]: Received disconnect from 43.255.190.135: 11:  [preauth]
Apr 12 00:02:02 ovzhost sshd[1400]: PAM 2 more authentication failures; logname= uid=0 euid=0 tty=ssh ruser= rhost=43.255.190.135  user=root
Apr 12 00:02:02 ovzhost sshd[1402]: pam_unix(sshd:auth): authentication failure; logname= uid=0 euid=0 tty=ssh ruser= rhost=43.255.190.135  user=root
Apr 12 00:02:04 ovzhost sshd[1402]: Failed password for root from 43.255.190.135 port 45094 ssh2
Apr 12 00:02:08 ovzhost sshd[1402]: message repeated 2 times: [ Failed password for root from 43.255.190.135 port 45094 ssh2]
Apr 12 00:02:08 ovzhost sshd[1402]: Received disconnect from 43.255.190.135: 11:  [preauth]
Apr 12 00:02:08 ovzhost sshd[1402]: PAM 2 more authentication failures; logname= uid=0 euid=0 tty=ssh ruser= rhost=43.255.190.135  user=root
Apr 12 00:04:40 ovzhost sshd[1414]: Connection closed by 127.0.0.1 [preauth]
Apr 12 00:09:01 ovzhost CRON[1436]: pam_env(cron:session): Unable to open env file: /etc/default/locale: No such file or directory
Apr 12 00:09:01 ovzhost CRON[1435]: pam_env(cron:session): Unable to open env file: /etc/default/locale: No such file or directory
Apr 12 00:09:01 ovzhost CRON[1436]: pam_unix(cron:session): session opened for user root by (uid=0)
Apr 12 00:09:01 ovzhost CRON[1435]: pam_unix(cron:session): session opened for user root by (uid=0)
Apr 12 00:09:01 ovzhost CRON[1435]: pam_unix(cron:session): session closed for user root
Apr 12 00:09:01 ovzhost CRON[1436]: pam_unix(cron:session): session closed for user root
Apr 12 00:09:40 ovzhost sshd[1451]: Connection closed by 127.0.0.1 [preauth]
Apr 12 00:10:26 ovzhost sshd[1455]: Connection closed by 128.8.37.104 [preauth]
Apr 12 00:14:40 ovzhost sshd[1473]: Connection closed by 127.0.0.1 [preauth]
Apr 12 00:14:56 ovzhost sshd[1475]: pam_unix(sshd:auth): authentication failure; logname= uid=0 euid=0 tty=ssh ruser= rhost=43.255.190.159  user=root
Apr 12 00:14:58 ovzhost sshd[1475]: Failed password for root from 43.255.190.159 port 49031 ssh2
Apr 12 00:14:58 ovzhost sshd[1478]: pam_unix(sshd:auth): authentication failure; logname= uid=0 euid=0 tty=ssh ruser= rhost=43.255.190.159  user=root
Apr 12 00:15:00 ovzhost sshd[1478]: Failed password for root from 43.255.190.159 port 54980 ssh2
Apr 12 00:15:02 ovzhost sshd[1475]: message repeated 2 times: [ Failed password for root from 43.255.190.159 port 49031 ssh2]
Apr 12 00:15:02 ovzhost sshd[1475]: Received disconnect from 43.255.190.159: 11:  [preauth]
Apr 12 00:15:02 ovzhost sshd[1475]: PAM 2 more authentication failures; logname= uid=0 euid=0 tty=ssh ruser= rhost=43.255.190.159  user=root
Apr 12 00:15:02 ovzhost sshd[1480]: pam_unix(sshd:auth): authentication failure; logname= uid=0 euid=0 tty=ssh ruser= rhost=43.255.190.159  user=root
Apr 12 00:15:04 ovzhost sshd[1480]: Failed password for root from 43.255.190.159 port 35200 ssh2
Apr 12 00:15:04 ovzhost sshd[1478]: message repeated 2 times: [ Failed password for root from 43.255.190.159 port 54980 ssh2]
Apr 12 00:15:04 ovzhost sshd[1478]: Received disconnect from 43.255.190.159: 11:  [preauth]
Apr 12 00:15:04 ovzhost sshd[1478]: PAM 2 more authentication failures; logname= uid=0 euid=0 tty=ssh ruser= rhost=43.255.190.159  user=root
Apr 12 00:15:05 ovzhost sshd[1482]: pam_unix(sshd:auth): authentication failure; logname= uid=0 euid=0 tty=ssh ruser= rhost=43.255.190.159  user=root
Apr 12 00:15:06 ovzhost sshd[1482]: Failed password for root from 43.255.190.159 port 39833 ssh2
Apr 12 00:15:08 ovzhost sshd[1480]: message repeated 2 times: [ Failed password for root from 43.255.190.159 port 35200 ssh2]
Apr 12 00:15:08 ovzhost sshd[1480]: Received disconnect from 43.255.190.159: 11:  [preauth]
Apr 12 00:15:08 ovzhost sshd[1480]: PAM 2 more authentication failures; logname= uid=0 euid=0 tty=ssh ruser= rhost=43.255.190.159  user=root
Apr 12 00:15:08 ovzhost sshd[1484]: pam_unix(sshd:auth): authentication failure; logname= uid=0 euid=0 tty=ssh ruser= rhost=43.255.190.159  user=root
Apr 12 00:15:10 ovzhost sshd[1484]: Failed password for root from 43.255.190.159 port 47494 ssh2
Apr 12 00:15:10 ovzhost sshd[1482]: message repeated 2 times: [ Failed password for root from 43.255.190.159 port 39833 ssh2]
Apr 12 00:15:10 ovzhost sshd[1482]: Received disconnect from 43.255.190.159: 11:  [preauth]
Apr 12 00:15:10 ovzhost sshd[1482]: PAM 2 more authentication failures; logname= uid=0 euid=0 tty=ssh ruser= rhost=43.255.190.159  user=root
Apr 12 00:15:11 ovzhost sshd[1486]: pam_unix(sshd:auth): authentication failure; logname= uid=0 euid=0 tty=ssh ruser= rhost=43.255.190.159  user=root
Apr 12 00:15:13 ovzhost sshd[1486]: Failed password for root from 43.255.190.159 port 52886 ssh2
Apr 12 00:15:14 ovzhost sshd[1484]: message repeated 2 times: [ Failed password for root from 43.255.190.159 port 47494 ssh2]
Apr 12 00:15:14 ovzhost sshd[1484]: Received disconnect from 43.255.190.159: 11:  [preauth]
Apr 12 00:15:14 ovzhost sshd[1484]: PAM 2 more authentication failures; logname= uid=0 euid=0 tty=ssh ruser= rhost=43.255.190.159  user=root
Apr 12 00:15:14 ovzhost sshd[1488]: pam_unix(sshd:auth): authentication failure; logname= uid=0 euid=0 tty=ssh ruser= rhost=43.255.190.183  user=root
Apr 12 00:15:15 ovzhost sshd[1490]: pam_unix(sshd:auth): authentication failure; logname= uid=0 euid=0 tty=ssh ruser= rhost=43.255.190.159  user=root
Apr 12 00:15:16 ovzhost sshd[1488]: Failed password for root from 43.255.190.183 port 34223 ssh2
Apr 12 00:15:17 ovzhost sshd[1490]: Failed password for root from 43.255.190.159 port 60114 ssh2
Apr 12 00:15:17 ovzhost sshd[1486]: message repeated 2 times: [ Failed password for root from 43.255.190.159 port 52886 ssh2]
Apr 12 00:15:17 ovzhost sshd[1486]: Received disconnect from 43.255.190.159: 11:  [preauth]
Apr 12 00:15:17 ovzhost sshd[1486]: PAM 2 more authentication failures; logname= uid=0 euid=0 tty=ssh ruser= rhost=43.255.190.159  user=root
Apr 12 00:15:17 ovzhost sshd[1492]: pam_unix(sshd:auth): authentication failure; logname= uid=0 euid=0 tty=ssh ruser= rhost=43.255.190.159  user=root
Apr 12 00:15:19 ovzhost sshd[1492]: Failed password for root from 43.255.190.159 port 37633 ssh2
Apr 12 00:15:20 ovzhost sshd[1488]: message repeated 2 times: [ Failed password for root from 43.255.190.183 port 34223 ssh2]
Apr 12 00:15:20 ovzhost sshd[1488]: Received disconnect from 43.255.190.183: 11:  [preauth]
Apr 12 00:15:20 ovzhost sshd[1488]: PAM 2 more authentication failures; logname= uid=0 euid=0 tty=ssh ruser= rhost=43.255.190.183  user=root
Apr 12 00:15:20 ovzhost sshd[1494]: pam_unix(sshd:auth): authentication failure; logname= uid=0 euid=0 tty=ssh ruser= rhost=43.255.190.183  user=root
Apr 12 00:15:21 ovzhost sshd[1490]: message repeated 2 times: [ Failed password for root from 43.255.190.159 port 60114 ssh2]
Apr 12 00:15:21 ovzhost sshd[1490]: Received disconnect from 43.255.190.159: 11:  [preauth]
Apr 12 00:15:21 ovzhost sshd[1490]: PAM 2 more authentication failures; logname= uid=0 euid=0 tty=ssh ruser= rhost=43.255.190.159  user=root
Apr 12 00:15:21 ovzhost sshd[1496]: pam_unix(sshd:auth): authentication failure; logname= uid=0 euid=0 tty=ssh ruser= rhost=43.255.190.159  user=root
Apr 12 00:15:22 ovzhost sshd[1494]: Failed password for root from 43.255.190.183 port 50500 ssh2
Apr 12 00:15:23 ovzhost sshd[1496]: Failed password for root from 43.255.190.159 port 45495 ssh2
Apr 12 00:15:23 ovzhost sshd[1492]: message repeated 2 times: [ Failed password for root from 43.255.190.159 port 37633 ssh2]
Apr 12 00:15:23 ovzhost sshd[1492]: Received disconnect from 43.255.190.159: 11:  [preauth]
Apr 12 00:15:23 ovzhost sshd[1492]: PAM 2 more authentication failures; logname= uid=0 euid=0 tty=ssh ruser= rhost=43.255.190.159  user=root
Apr 12 00:15:24 ovzhost sshd[1498]: pam_unix(sshd:auth): authentication failure; logname= uid=0 euid=0 tty=ssh ruser= rhost=43.255.190.159  user=root
Apr 12 00:15:26 ovzhost sshd[1498]: Failed password for root from 43.255.190.159 port 50567 ssh2
Apr 12 00:15:26 ovzhost sshd[1494]: message repeated 2 times: [ Failed password for root from 43.255.190.183 port 50500 ssh2]
Apr 12 00:15:26 ovzhost sshd[1494]: Received disconnect from 43.255.190.183: 11:  [preauth]
Apr 12 00:15:26 ovzhost sshd[1494]: PAM 2 more authentication failures; logname= uid=0 euid=0 tty=ssh ruser= rhost=43.255.190.183  user=root
Apr 12 00:15:26 ovzhost sshd[1496]: message repeated 2 times: [ Failed password for root from 43.255.190.159 port 45495 ssh2]
Apr 12 00:15:27 ovzhost sshd[1496]: Received disconnect from 43.255.190.159: 11:  [preauth]
Apr 12 00:15:27 ovzhost sshd[1496]: PAM 2 more authentication failures; logname= uid=0 euid=0 tty=ssh ruser= rhost=43.255.190.159  user=root
Apr 12 00:15:27 ovzhost sshd[1500]: pam_unix(sshd:auth): authentication failure; logname= uid=0 euid=0 tty=ssh ruser= rhost=43.255.190.183  user=root
Apr 12 00:15:27 ovzhost sshd[1502]: pam_unix(sshd:auth): authentication failure; logname= uid=0 euid=0 tty=ssh ruser= rhost=43.255.190.159  user=root
Apr 12 00:15:29 ovzhost sshd[1500]: Failed password for root from 43.255.190.183 port 40256 ssh2
Apr 12 00:15:29 ovzhost sshd[1502]: Failed password for root from 43.255.190.159 port 57753 ssh2
Apr 12 00:15:29 ovzhost sshd[1498]: message repeated 2 times: [ Failed password for root from 43.255.190.159 port 50567 ssh2]
Apr 12 00:15:29 ovzhost sshd[1498]: Received disconnect from 43.255.190.159: 11:  [preauth]
Apr 12 00:15:29 ovzhost sshd[1498]: PAM 2 more authentication failures; logname= uid=0 euid=0 tty=ssh ruser= rhost=43.255.190.159  user=root
Apr 12 00:15:30 ovzhost sshd[1504]: pam_unix(sshd:auth): authentication failure; logname= uid=0 euid=0 tty=ssh ruser= rhost=43.255.190.159  user=root
Apr 12 00:15:32 ovzhost sshd[1504]: Failed password for root from 43.255.190.159 port 35312 ssh2
Apr 12 00:15:33 ovzhost sshd[1500]: message repeated 2 times: [ Failed password for root from 43.255.190.183 port 40256 ssh2]
Apr 12 00:15:33 ovzhost sshd[1500]: Received disconnect from 43.255.190.183: 11:  [preauth]
Apr 12 00:15:33 ovzhost sshd[1500]: PAM 2 more authentication failures; logname= uid=0 euid=0 tty=ssh ruser= rhost=43.255.190.183  user=root
Apr 12 00:15:33 ovzhost sshd[1502]: message repeated 2 times: [ Failed password for root from 43.255.190.159 port 57753 ssh2]
Apr 12 00:15:33 ovzhost sshd[1502]: Received disconnect from 43.255.190.159: 11:  [preauth]
Apr 12 00:15:33 ovzhost sshd[1502]: PAM 2 more authentication failures; logname= uid=0 euid=0 tty=ssh ruser= rhost=43.255.190.159  user=root
Apr 12 00:15:34 ovzhost sshd[1506]: pam_unix(sshd:auth): authentication failure; logname= uid=0 euid=0 tty=ssh ruser= rhost=43.255.190.183  user=root
Apr 12 00:15:34 ovzhost sshd[1508]: pam_unix(sshd:auth): authentication failure; logname= uid=0 euid=0 tty=ssh ruser= rhost=43.255.190.159  user=root
Apr 12 00:15:36 ovzhost sshd[1504]: message repeated 2 times: [ Failed password for root from 43.255.190.159 port 35312 ssh2]
Apr 12 00:15:36 ovzhost sshd[1504]: Received disconnect from 43.255.190.159: 11:  [preauth]
Apr 12 00:15:36 ovzhost sshd[1504]: PAM 2 more authentication failures; logname= uid=0 euid=0 tty=ssh ruser= rhost=43.255.190.159  user=root
Apr 12 00:15:36 ovzhost sshd[1506]: Failed password for root from 43.255.190.183 port 56735 ssh2
Apr 12 00:15:36 ovzhost sshd[1508]: Failed password for root from 43.255.190.159 port 42806 ssh2
Apr 12 00:15:36 ovzhost sshd[1510]: pam_unix(sshd:auth): authentication failure; logname= uid=0 euid=0 tty=ssh ruser= rhost=43.255.190.159  user=root
Apr 12 00:15:39 ovzhost sshd[1510]: Failed password for root from 43.255.190.159 port 48224 ssh2
Apr 12 00:15:40 ovzhost sshd[1506]: message repeated 2 times: [ Failed password for root from 43.255.190.183 port 56735 ssh2]
Apr 12 00:15:40 ovzhost sshd[1506]: Received disconnect from 43.255.190.183: 11:  [preauth]
Apr 12 00:15:40 ovzhost sshd[1506]: PAM 2 more authentication failures; logname= uid=0 euid=0 tty=ssh ruser= rhost=43.255.190.183  user=root
Apr 12 00:15:40 ovzhost sshd[1508]: message repeated 2 times: [ Failed password for root from 43.255.190.159 port 42806 ssh2]
Apr 12 00:15:40 ovzhost sshd[1508]: Received disconnect from 43.255.190.159: 11:  [preauth]
Apr 12 00:15:40 ovzhost sshd[1508]: PAM 2 more authentication failures; logname= uid=0 euid=0 tty=ssh ruser= rhost=43.255.190.159  user=root
Apr 12 00:15:41 ovzhost sshd[1513]: pam_unix(sshd:auth): authentication failure; logname= uid=0 euid=0 tty=ssh ruser= rhost=43.255.190.183  user=root
Apr 12 00:15:41 ovzhost sshd[1515]: pam_unix(sshd:auth): authentication failure; logname= uid=0 euid=0 tty=ssh ruser= rhost=43.255.190.159  user=root
Apr 12 00:15:42 ovzhost sshd[1510]: message repeated 2 times: [ Failed password for root from 43.255.190.159 port 48224 ssh2]
Apr 12 00:15:42 ovzhost sshd[1510]: Received disconnect from 43.255.190.159: 11:  [preauth]
Apr 12 00:15:42 ovzhost sshd[1510]: PAM 2 more authentication failures; logname= uid=0 euid=0 tty=ssh ruser= rhost=43.255.190.159  user=root
Apr 12 00:15:43 ovzhost sshd[1517]: pam_unix(sshd:auth): authentication failure; logname= uid=0 euid=0 tty=ssh ruser= rhost=43.255.190.159  user=root
Apr 12 00:15:43 ovzhost sshd[1513]: Failed password for root from 43.255.190.183 port 45580 ssh2
Apr 12 00:15:43 ovzhost sshd[1515]: Failed password for root from 43.255.190.159 port 56630 ssh2
Apr 12 00:15:45 ovzhost sshd[1517]: Failed password for root from 43.255.190.159 port 33391 ssh2
Apr 12 00:15:47 ovzhost sshd[1513]: message repeated 2 times: [ Failed password for root from 43.255.190.183 port 45580 ssh2]
Apr 12 00:15:47 ovzhost sshd[1513]: Received disconnect from 43.255.190.183: 11:  [preauth]
Apr 12 00:15:47 ovzhost sshd[1513]: PAM 2 more authentication failures; logname= uid=0 euid=0 tty=ssh ruser= rhost=43.255.190.183  user=root
Apr 12 00:15:47 ovzhost sshd[1515]: message repeated 2 times: [ Failed password for root from 43.255.190.159 port 56630 ssh2]
Apr 12 00:15:47 ovzhost sshd[1515]: Received disconnect from 43.255.190.159: 11:  [preauth]
Apr 12 00:15:47 ovzhost sshd[1515]: PAM 2 more authentication failures; logname= uid=0 euid=0 tty=ssh ruser= rhost=43.255.190.159  user=root
Apr 12 00:15:48 ovzhost sshd[1519]: pam_unix(sshd:auth): authentication failure; logname= uid=0 euid=0 tty=ssh ruser= rhost=43.255.190.183  user=root
Apr 12 00:15:48 ovzhost sshd[1521]: pam_unix(sshd:auth): authentication failure; logname= uid=0 euid=0 tty=ssh ruser= rhost=43.255.190.159  user=root
Apr 12 00:15:49 ovzhost sshd[1517]: message repeated 2 times: [ Failed password for root from 43.255.190.159 port 33391 ssh2]
Apr 12 00:15:49 ovzhost sshd[1517]: Received disconnect from 43.255.190.159: 11:  [preauth]
Apr 12 00:15:49 ovzhost sshd[1517]: PAM 2 more authentication failures; logname= uid=0 euid=0 tty=ssh ruser= rhost=43.255.190.159  user=root
Apr 12 00:15:49 ovzhost sshd[1519]: Failed password for root from 43.255.190.183 port 35237 ssh2
Apr 12 00:15:49 ovzhost sshd[1523]: pam_unix(sshd:auth): authentication failure; logname= uid=0 euid=0 tty=ssh ruser= rhost=43.255.190.159  user=root
