Mar 31 17:16:56 ovzhost sudo:     root : unable to resolve host ovzhost
Mar 31 17:16:56 ovzhost sudo:     root : TTY=pts/0 ; PWD=/ ; USER=root ; COMMAND=/usr/bin/less /root/.bash_history
Mar 31 17:16:56 ovzhost sudo: pam_unix(sudo:session): session opened for user root by (uid=0)
Mar 31 17:16:57 ovzhost sudo: pam_unix(sudo:session): session closed for user root
Apr  2 14:31:13 ovzhost sshd[419]: Server listening on 0.0.0.0 port 22.
Apr  2 14:31:13 ovzhost sshd[419]: Server listening on :: port 22.
Apr  2 14:31:13 ovzhost saslauthd[637]: detach_tty      : master pid is: 637
Apr  2 14:31:13 ovzhost saslauthd[637]: ipc_init        : listening on socket: /var/run/saslauthd/mux
Apr  2 14:33:26 ovzhost sshd[797]: Connection closed by 127.0.0.1 [preauth]
Apr 11 23:39:01 ovzhost CRON[795]: pam_env(cron:session): Unable to open env file: /etc/default/locale: No such file or directory
Apr 11 23:39:01 ovzhost CRON[795]: pam_unix(cron:session): session opened for user root by (uid=0)
Apr 11 23:39:01 ovzhost CRON[795]: pam_unix(cron:session): session closed for user root
Apr 11 23:39:42 ovzhost sshd[808]: Connection closed by 127.0.0.1 [preauth]
Apr 11 23:40:01 ovzhost CRON[811]: pam_env(cron:session): Unable to open env file: /etc/default/locale: No such file or directory
Apr 11 23:40:01 ovzhost CRON[811]: pam_unix(cron:session): session opened for user smmsp by (uid=0)
Apr 11 23:40:01 ovzhost CRON[811]: pam_unix(cron:session): session closed for user smmsp
Apr 11 23:40:26 ovzhost sshd[838]: Connection closed by 128.8.37.104 [preauth]
Apr 11 23:44:42 ovzhost sshd[856]: Connection closed by 127.0.0.1 [preauth]
Apr 11 23:49:25 ovzhost sshd[877]: pam_unix(sshd:auth): authentication failure; logname= uid=0 euid=0 tty=ssh ruser= rhost=43.255.190.135  user=root
Apr 11 23:49:27 ovzhost sshd[877]: Failed password for root from 43.255.190.135 port 55445 ssh2
Apr 11 23:49:31 ovzhost sshd[877]: message repeated 2 times: [ Failed password for root from 43.255.190.135 port 55445 ssh2]
Apr 11 23:49:31 ovzhost sshd[877]: Received disconnect from 43.255.190.135: 11:  [preauth]
Apr 11 23:49:31 ovzhost sshd[877]: PAM 2 more authentication failures; logname= uid=0 euid=0 tty=ssh ruser= rhost=43.255.190.135  user=root
Apr 11 23:49:32 ovzhost sshd[880]: pam_unix(sshd:auth): authentication failure; logname= uid=0 euid=0 tty=ssh ruser= rhost=43.255.190.135  user=root
Apr 11 23:49:34 ovzhost sshd[880]: Failed password for root from 43.255.190.135 port 41660 ssh2
Apr 11 23:49:38 ovzhost sshd[880]: message repeated 2 times: [ Failed password for root from 43.255.190.135 port 41660 ssh2]
Apr 11 23:49:38 ovzhost sshd[880]: Received disconnect from 43.255.190.135: 11:  [preauth]
Apr 11 23:49:38 ovzhost sshd[880]: PAM 2 more authentication failures; logname= uid=0 euid=0 tty=ssh ruser= rhost=43.255.190.135  user=root
Apr 11 23:49:38 ovzhost sshd[882]: pam_unix(sshd:auth): authentication failure; logname= uid=0 euid=0 tty=ssh ruser= rhost=43.255.190.135  user=root
Apr 11 23:49:40 ovzhost sshd[882]: Failed password for root from 43.255.190.135 port 55563 ssh2
Apr 11 23:49:42 ovzhost sshd[885]: Connection closed by 127.0.0.1 [preauth]
Apr 11 23:49:44 ovzhost sshd[882]: message repeated 2 times: [ Failed password for root from 43.255.190.135 port 55563 ssh2]
Apr 11 23:49:44 ovzhost sshd[882]: Received disconnect from 43.255.190.135: 11:  [preauth]
Apr 11 23:49:44 ovzhost sshd[882]: PAM 2 more authentication failures; logname= uid=0 euid=0 tty=ssh ruser= rhost=43.255.190.135  user=root
Apr 11 23:49:45 ovzhost sshd[887]: pam_unix(sshd:auth): authentication failure; logname= uid=0 euid=0 tty=ssh ruser= rhost=43.255.190.135  user=root
Apr 11 23:49:47 ovzhost sshd[887]: Failed password for root from 43.255.190.135 port 40538 ssh2
Apr 11 23:49:50 ovzhost sshd[887]: message repeated 2 times: [ Failed password for root from 43.255.190.135 port 40538 ssh2]
Apr 11 23:49:50 ovzhost sshd[887]: Received disconnect from 43.255.190.135: 11:  [preauth]
Apr 11 23:49:50 ovzhost sshd[887]: PAM 2 more authentication failures; logname= uid=0 euid=0 tty=ssh ruser= rhost=43.255.190.135  user=root
Apr 11 23:49:51 ovzhost sshd[889]: pam_unix(sshd:auth): authentication failure; logname= uid=0 euid=0 tty=ssh ruser= rhost=43.255.190.135  user=root
Apr 11 23:49:52 ovzhost sshd[889]: Failed password for root from 43.255.190.135 port 53059 ssh2
Apr 11 23:49:56 ovzhost sshd[889]: message repeated 2 times: [ Failed password for root from 43.255.190.135 port 53059 ssh2]
Apr 11 23:49:56 ovzhost sshd[889]: Received disconnect from 43.255.190.135: 11:  [preauth]
Apr 11 23:49:56 ovzhost sshd[889]: PAM 2 more authentication failures; logname= uid=0 euid=0 tty=ssh ruser= rhost=43.255.190.135  user=root
Apr 11 23:49:56 ovzhost sshd[892]: pam_unix(sshd:auth): authentication failure; logname= uid=0 euid=0 tty=ssh ruser= rhost=43.255.190.135  user=root
Apr 11 23:49:59 ovzhost sshd[892]: Failed password for root from 43.255.190.135 port 37167 ssh2
Apr 11 23:50:02 ovzhost sshd[892]: message repeated 2 times: [ Failed password for root from 43.255.190.135 port 37167 ssh2]
Apr 11 23:50:02 ovzhost sshd[892]: Received disconnect from 43.255.190.135: 11:  [preauth]
Apr 11 23:50:02 ovzhost sshd[892]: PAM 2 more authentication failures; logname= uid=0 euid=0 tty=ssh ruser= rhost=43.255.190.135  user=root
Apr 11 23:50:03 ovzhost sshd[894]: pam_unix(sshd:auth): authentication failure; logname= uid=0 euid=0 tty=ssh ruser= rhost=43.255.190.135  user=root
Apr 11 23:50:05 ovzhost sshd[894]: Failed password for root from 43.255.190.135 port 49940 ssh2
Apr 11 23:50:08 ovzhost sshd[894]: message repeated 2 times: [ Failed password for root from 43.255.190.135 port 49940 ssh2]
Apr 11 23:50:08 ovzhost sshd[894]: Received disconnect from 43.255.190.135: 11:  [preauth]
Apr 11 23:50:08 ovzhost sshd[894]: PAM 2 more authentication failures; logname= uid=0 euid=0 tty=ssh ruser= rhost=43.255.190.135  user=root
Apr 11 23:50:08 ovzhost sshd[896]: pam_unix(sshd:auth): authentication failure; logname= uid=0 euid=0 tty=ssh ruser= rhost=43.255.190.135  user=root
Apr 11 23:50:11 ovzhost sshd[896]: Failed password for root from 43.255.190.135 port 33903 ssh2
Apr 11 23:50:14 ovzhost sshd[896]: message repeated 2 times: [ Failed password for root from 43.255.190.135 port 33903 ssh2]
Apr 11 23:50:14 ovzhost sshd[896]: Received disconnect from 43.255.190.135: 11:  [preauth]
Apr 11 23:50:14 ovzhost sshd[896]: PAM 2 more authentication failures; logname= uid=0 euid=0 tty=ssh ruser= rhost=43.255.190.135  user=root
Apr 11 23:50:15 ovzhost sshd[898]: pam_unix(sshd:auth): authentication failure; logname= uid=0 euid=0 tty=ssh ruser= rhost=43.255.190.135  user=root
Apr 11 23:50:16 ovzhost sshd[898]: Failed password for root from 43.255.190.135 port 47065 ssh2
Apr 11 23:50:20 ovzhost sshd[898]: message repeated 2 times: [ Failed password for root from 43.255.190.135 port 47065 ssh2]
Apr 11 23:50:20 ovzhost sshd[898]: Received disconnect from 43.255.190.135: 11:  [preauth]
Apr 11 23:50:20 ovzhost sshd[898]: PAM 2 more authentication failures; logname= uid=0 euid=0 tty=ssh ruser= rhost=43.255.190.135  user=root
Apr 11 23:50:21 ovzhost sshd[900]: pam_unix(sshd:auth): authentication failure; logname= uid=0 euid=0 tty=ssh ruser= rhost=43.255.190.135  user=root
Apr 11 23:50:23 ovzhost sshd[900]: Failed password for root from 43.255.190.135 port 59097 ssh2
Apr 11 23:50:26 ovzhost sshd[900]: message repeated 2 times: [ Failed password for root from 43.255.190.135 port 59097 ssh2]
Apr 11 23:50:26 ovzhost sshd[900]: Received disconnect from 43.255.190.135: 11:  [preauth]
Apr 11 23:50:26 ovzhost sshd[900]: PAM 2 more authentication failures; logname= uid=0 euid=0 tty=ssh ruser= rhost=43.255.190.135  user=root
Apr 11 23:50:26 ovzhost sshd[905]: Connection closed by 128.8.37.104 [preauth]
Apr 11 23:50:27 ovzhost sshd[902]: pam_unix(sshd:auth): authentication failure; logname= uid=0 euid=0 tty=ssh ruser= rhost=43.255.190.135  user=root
Apr 11 23:50:29 ovzhost sshd[902]: Failed password for root from 43.255.190.135 port 44196 ssh2
Apr 11 23:50:33 ovzhost sshd[902]: message repeated 2 times: [ Failed password for root from 43.255.190.135 port 44196 ssh2]
Apr 11 23:50:33 ovzhost sshd[902]: Received disconnect from 43.255.190.135: 11:  [preauth]
Apr 11 23:50:33 ovzhost sshd[902]: PAM 2 more authentication failures; logname= uid=0 euid=0 tty=ssh ruser= rhost=43.255.190.135  user=root
Apr 11 23:50:34 ovzhost sshd[907]: pam_unix(sshd:auth): authentication failure; logname= uid=0 euid=0 tty=ssh ruser= rhost=43.255.190.135  user=root
Apr 11 23:50:36 ovzhost sshd[907]: Failed password for root from 43.255.190.135 port 58016 ssh2
Apr 11 23:50:40 ovzhost sshd[907]: message repeated 2 times: [ Failed password for root from 43.255.190.135 port 58016 ssh2]
Apr 11 23:50:40 ovzhost sshd[907]: Received disconnect from 43.255.190.135: 11:  [preauth]
Apr 11 23:50:40 ovzhost sshd[907]: PAM 2 more authentication failures; logname= uid=0 euid=0 tty=ssh ruser= rhost=43.255.190.135  user=root
Apr 11 23:50:40 ovzhost sshd[910]: pam_unix(sshd:auth): authentication failure; logname= uid=0 euid=0 tty=ssh ruser= rhost=43.255.190.135  user=root
Apr 11 23:50:43 ovzhost sshd[910]: Failed password for root from 43.255.190.135 port 43617 ssh2
Apr 11 23:50:48 ovzhost sshd[910]: message repeated 2 times: [ Failed password for root from 43.255.190.135 port 43617 ssh2]
Apr 11 23:50:48 ovzhost sshd[910]: Received disconnect from 43.255.190.135: 11:  [preauth]
Apr 11 23:50:48 ovzhost sshd[910]: PAM 2 more authentication failures; logname= uid=0 euid=0 tty=ssh ruser= rhost=43.255.190.135  user=root
Apr 11 23:50:48 ovzhost sshd[912]: pam_unix(sshd:auth): authentication failure; logname= uid=0 euid=0 tty=ssh ruser= rhost=43.255.190.135  user=root
Apr 11 23:50:50 ovzhost sshd[912]: Failed password for root from 43.255.190.135 port 59312 ssh2
Apr 11 23:50:54 ovzhost sshd[912]: message repeated 2 times: [ Failed password for root from 43.255.190.135 port 59312 ssh2]
Apr 11 23:50:54 ovzhost sshd[912]: Received disconnect from 43.255.190.135: 11:  [preauth]
Apr 11 23:50:54 ovzhost sshd[912]: PAM 2 more authentication failures; logname= uid=0 euid=0 tty=ssh ruser= rhost=43.255.190.135  user=root
Apr 11 23:50:55 ovzhost sshd[916]: pam_unix(sshd:auth): authentication failure; logname= uid=0 euid=0 tty=ssh ruser= rhost=43.255.190.135  user=root
Apr 11 23:50:57 ovzhost sshd[916]: Failed password for root from 43.255.190.135 port 45486 ssh2
Apr 11 23:51:01 ovzhost sshd[916]: message repeated 2 times: [ Failed password for root from 43.255.190.135 port 45486 ssh2]
Apr 11 23:51:01 ovzhost sshd[916]: Received disconnect from 43.255.190.135: 11:  [preauth]
Apr 11 23:51:01 ovzhost sshd[916]: PAM 2 more authentication failures; logname= uid=0 euid=0 tty=ssh ruser= rhost=43.255.190.135  user=root
Apr 11 23:51:02 ovzhost sshd[918]: pam_unix(sshd:auth): authentication failure; logname= uid=0 euid=0 tty=ssh ruser= rhost=43.255.190.135  user=root
Apr 11 23:51:05 ovzhost sshd[918]: Failed password for root from 43.255.190.135 port 59810 ssh2
Apr 11 23:51:08 ovzhost sshd[918]: message repeated 2 times: [ Failed password for root from 43.255.190.135 port 59810 ssh2]
Apr 11 23:51:08 ovzhost sshd[918]: Received disconnect from 43.255.190.135: 11:  [preauth]
Apr 11 23:51:08 ovzhost sshd[918]: PAM 2 more authentication failures; logname= uid=0 euid=0 tty=ssh ruser= rhost=43.255.190.135  user=root
Apr 11 23:51:09 ovzhost sshd[920]: pam_unix(sshd:auth): authentication failure; logname= uid=0 euid=0 tty=ssh ruser= rhost=43.255.190.135  user=root
Apr 11 23:51:11 ovzhost sshd[920]: Failed password for root from 43.255.190.135 port 45380 ssh2
Apr 11 23:51:15 ovzhost sshd[920]: message repeated 2 times: [ Failed password for root from 43.255.190.135 port 45380 ssh2]
Apr 11 23:51:15 ovzhost sshd[920]: Received disconnect from 43.255.190.135: 11:  [preauth]
Apr 11 23:51:15 ovzhost sshd[920]: PAM 2 more authentication failures; logname= uid=0 euid=0 tty=ssh ruser= rhost=43.255.190.135  user=root
Apr 11 23:51:16 ovzhost sshd[922]: pam_unix(sshd:auth): authentication failure; logname= uid=0 euid=0 tty=ssh ruser= rhost=43.255.190.135  user=root
Apr 11 23:51:18 ovzhost sshd[922]: Failed password for root from 43.255.190.135 port 59917 ssh2
Apr 11 23:51:22 ovzhost sshd[922]: message repeated 2 times: [ Failed password for root from 43.255.190.135 port 59917 ssh2]
Apr 11 23:51:22 ovzhost sshd[922]: Received disconnect from 43.255.190.135: 11:  [preauth]
Apr 11 23:51:22 ovzhost sshd[922]: PAM 2 more authentication failures; logname= uid=0 euid=0 tty=ssh ruser= rhost=43.255.190.135  user=root
Apr 11 23:51:23 ovzhost sshd[924]: pam_unix(sshd:auth): authentication failure; logname= uid=0 euid=0 tty=ssh ruser= rhost=43.255.190.135  user=root
Apr 11 23:51:24 ovzhost sshd[924]: Failed password for root from 43.255.190.135 port 45800 ssh2
Apr 11 23:51:28 ovzhost sshd[924]: message repeated 2 times: [ Failed password for root from 43.255.190.135 port 45800 ssh2]
Apr 11 23:51:28 ovzhost sshd[924]: Received disconnect from 43.255.190.135: 11:  [preauth]
Apr 11 23:51:28 ovzhost sshd[924]: PAM 2 more authentication failures; logname= uid=0 euid=0 tty=ssh ruser= rhost=43.255.190.135  user=root
Apr 11 23:51:29 ovzhost sshd[928]: pam_unix(sshd:auth): authentication failure; logname= uid=0 euid=0 tty=ssh ruser= rhost=43.255.190.135  user=root
Apr 11 23:51:31 ovzhost sshd[928]: Failed password for root from 43.255.190.135 port 58232 ssh2
Apr 11 23:51:35 ovzhost sshd[928]: message repeated 2 times: [ Failed password for root from 43.255.190.135 port 58232 ssh2]
Apr 11 23:51:35 ovzhost sshd[928]: Received disconnect from 43.255.190.135: 11:  [preauth]
Apr 11 23:51:35 ovzhost sshd[928]: PAM 2 more authentication failures; logname= uid=0 euid=0 tty=ssh ruser= rhost=43.255.190.135  user=root
Apr 11 23:51:36 ovzhost sshd[930]: pam_unix(sshd:auth): authentication failure; logname= uid=0 euid=0 tty=ssh ruser= rhost=43.255.190.135  user=root
Apr 11 23:51:37 ovzhost sshd[930]: Failed password for root from 43.255.190.135 port 43490 ssh2
Apr 11 23:51:42 ovzhost sshd[930]: message repeated 2 times: [ Failed password for root from 43.255.190.135 port 43490 ssh2]
Apr 11 23:51:42 ovzhost sshd[930]: Received disconnect from 43.255.190.135: 11:  [preauth]
Apr 11 23:51:42 ovzhost sshd[930]: PAM 2 more authentication failures; logname= uid=0 euid=0 tty=ssh ruser= rhost=43.255.190.135  user=root
Apr 11 23:51:42 ovzhost sshd[932]: pam_unix(sshd:auth): authentication failure; logname= uid=0 euid=0 tty=ssh ruser= rhost=43.255.190.135  user=root
Apr 11 23:51:44 ovzhost sshd[932]: Failed password for root from 43.255.190.135 port 57173 ssh2
Apr 11 23:51:49 ovzhost sshd[932]: message repeated 2 times: [ Failed password for root from 43.255.190.135 port 57173 ssh2]
Apr 11 23:51:49 ovzhost sshd[932]: Received disconnect from 43.255.190.135: 11:  [preauth]
Apr 11 23:51:49 ovzhost sshd[932]: PAM 2 more authentication failures; logname= uid=0 euid=0 tty=ssh ruser= rhost=43.255.190.135  user=root
Apr 11 23:51:49 ovzhost sshd[934]: pam_unix(sshd:auth): authentication failure; logname= uid=0 euid=0 tty=ssh ruser= rhost=43.255.190.135  user=root
Apr 11 23:51:52 ovzhost sshd[934]: Failed password for root from 43.255.190.135 port 43632 ssh2
Apr 11 23:51:56 ovzhost sshd[934]: message repeated 2 times: [ Failed password for root from 43.255.190.135 port 43632 ssh2]
Apr 11 23:51:56 ovzhost sshd[934]: Received disconnect from 43.255.190.135: 11:  [preauth]
Apr 11 23:51:56 ovzhost sshd[934]: PAM 2 more authentication failures; logname= uid=0 euid=0 tty=ssh ruser= rhost=43.255.190.135  user=root
Apr 11 23:51:57 ovzhost sshd[937]: pam_unix(sshd:auth): authentication failure; logname= uid=0 euid=0 tty=ssh ruser= rhost=43.255.190.135  user=root
Apr 11 23:51:59 ovzhost sshd[937]: Failed password for root from 43.255.190.135 port 57946 ssh2
Apr 11 23:52:03 ovzhost sshd[937]: message repeated 2 times: [ Failed password for root from 43.255.190.135 port 57946 ssh2]
Apr 11 23:52:03 ovzhost sshd[937]: Received disconnect from 43.255.190.135: 11:  [preauth]
Apr 11 23:52:03 ovzhost sshd[937]: PAM 2 more authentication failures; logname= uid=0 euid=0 tty=ssh ruser= rhost=43.255.190.135  user=root
Apr 11 23:52:03 ovzhost sshd[939]: pam_unix(sshd:auth): authentication failure; logname= uid=0 euid=0 tty=ssh ruser= rhost=43.255.190.135  user=root
Apr 11 23:52:06 ovzhost sshd[939]: Failed password for root from 43.255.190.135 port 42405 ssh2
Apr 11 23:52:09 ovzhost sshd[939]: message repeated 2 times: [ Failed password for root from 43.255.190.135 port 42405 ssh2]
Apr 11 23:52:09 ovzhost sshd[939]: Received disconnect from 43.255.190.135: 11:  [preauth]
Apr 11 23:52:09 ovzhost sshd[939]: PAM 2 more authentication failures; logname= uid=0 euid=0 tty=ssh ruser= rhost=43.255.190.135  user=root
Apr 11 23:52:10 ovzhost sshd[941]: pam_unix(sshd:auth): authentication failure; logname= uid=0 euid=0 tty=ssh ruser= rhost=43.255.190.135  user=root
Apr 11 23:52:13 ovzhost sshd[941]: Failed password for root from 43.255.190.135 port 56406 ssh2
Apr 11 23:52:17 ovzhost sshd[941]: message repeated 2 times: [ Failed password for root from 43.255.190.135 port 56406 ssh2]
Apr 11 23:52:17 ovzhost sshd[941]: Received disconnect from 43.255.190.135: 11:  [preauth]
Apr 11 23:52:17 ovzhost sshd[941]: PAM 2 more authentication failures; logname= uid=0 euid=0 tty=ssh ruser= rhost=43.255.190.135  user=root
Apr 11 23:52:18 ovzhost sshd[943]: pam_unix(sshd:auth): authentication failure; logname= uid=0 euid=0 tty=ssh ruser= rhost=43.255.190.135  user=root
Apr 11 23:52:19 ovzhost sshd[943]: Failed password for root from 43.255.190.135 port 43557 ssh2
Apr 11 23:52:24 ovzhost sshd[943]: message repeated 2 times: [ Failed password for root from 43.255.190.135 port 43557 ssh2]
Apr 11 23:52:25 ovzhost sshd[943]: Received disconnect from 43.255.190.135: 11:  [preauth]
Apr 11 23:52:25 ovzhost sshd[943]: PAM 2 more authentication failures; logname= uid=0 euid=0 tty=ssh ruser= rhost=43.255.190.135  user=root
Apr 11 23:52:25 ovzhost sshd[945]: pam_unix(sshd:auth): authentication failure; logname= uid=0 euid=0 tty=ssh ruser= rhost=43.255.190.135  user=root
Apr 11 23:52:27 ovzhost sshd[945]: Failed password for root from 43.255.190.135 port 57735 ssh2
Apr 11 23:52:31 ovzhost sshd[945]: message repeated 2 times: [ Failed password for root from 43.255.190.135 port 57735 ssh2]
Apr 11 23:52:31 ovzhost sshd[945]: Received disconnect from 43.255.190.135: 11:  [preauth]
Apr 11 23:52:31 ovzhost sshd[945]: PAM 2 more authentication failures; logname= uid=0 euid=0 tty=ssh ruser= rhost=43.255.190.135  user=root
Apr 11 23:52:32 ovzhost sshd[947]: pam_unix(sshd:auth): authentication failure; logname= uid=0 euid=0 tty=ssh ruser= rhost=43.255.190.135  user=root
Apr 11 23:52:34 ovzhost sshd[947]: Failed password for root from 43.255.190.135 port 43408 ssh2
Apr 11 23:52:39 ovzhost sshd[947]: message repeated 2 times: [ Failed password for root from 43.255.190.135 port 43408 ssh2]
Apr 11 23:52:39 ovzhost sshd[947]: Received disconnect from 43.255.190.135: 11:  [preauth]
Apr 11 23:52:39 ovzhost sshd[947]: PAM 2 more authentication failures; logname= uid=0 euid=0 tty=ssh ruser= rhost=43.255.190.135  user=root
Apr 11 23:52:39 ovzhost sshd[951]: pam_unix(sshd:auth): authentication failure; logname= uid=0 euid=0 tty=ssh ruser= rhost=43.255.190.135  user=root
Apr 11 23:52:42 ovzhost sshd[951]: Failed password for root from 43.255.190.135 port 57499 ssh2
Apr 11 23:52:46 ovzhost sshd[951]: message repeated 2 times: [ Failed password for root from 43.255.190.135 port 57499 ssh2]
Apr 11 23:52:46 ovzhost sshd[951]: Received disconnect from 43.255.190.135: 11:  [preauth]
Apr 11 23:52:46 ovzhost sshd[951]: PAM 2 more authentication failures; logname= uid=0 euid=0 tty=ssh ruser= rhost=43.255.190.135  user=root
Apr 11 23:52:47 ovzhost sshd[953]: pam_unix(sshd:auth): authentication failure; logname= uid=0 euid=0 tty=ssh ruser= rhost=43.255.190.90  user=root
Apr 11 23:52:47 ovzhost sshd[955]: pam_unix(sshd:auth): authentication failure; logname= uid=0 euid=0 tty=ssh ruser= rhost=43.255.190.135  user=root
Apr 11 23:52:48 ovzhost sshd[953]: Failed password for root from 43.255.190.90 port 48115 ssh2
Apr 11 23:52:48 ovzhost sshd[955]: Failed password for root from 43.255.190.135 port 43067 ssh2
Apr 11 23:52:53 ovzhost sshd[953]: message repeated 2 times: [ Failed password for root from 43.255.190.90 port 48115 ssh2]
Apr 11 23:52:53 ovzhost sshd[953]: Received disconnect from 43.255.190.90: 11:  [preauth]
Apr 11 23:52:53 ovzhost sshd[953]: PAM 2 more authentication failures; logname= uid=0 euid=0 tty=ssh ruser= rhost=43.255.190.90  user=root
Apr 11 23:52:53 ovzhost sshd[955]: message repeated 2 times: [ Failed password for root from 43.255.190.135 port 43067 ssh2]
Apr 11 23:52:53 ovzhost sshd[955]: Received disconnect from 43.255.190.135: 11:  [preauth]
Apr 11 23:52:53 ovzhost sshd[955]: PAM 2 more authentication failures; logname= uid=0 euid=0 tty=ssh ruser= rhost=43.255.190.135  user=root
Apr 11 23:52:53 ovzhost sshd[957]: pam_unix(sshd:auth): authentication failure; logname= uid=0 euid=0 tty=ssh ruser= rhost=43.255.190.90  user=root
Apr 11 23:52:53 ovzhost sshd[959]: pam_unix(sshd:auth): authentication failure; logname= uid=0 euid=0 tty=ssh ruser= rhost=43.255.190.135  user=root
Apr 11 23:52:55 ovzhost sshd[957]: Failed password for root from 43.255.190.90 port 34634 ssh2
Apr 11 23:52:55 ovzhost sshd[959]: Failed password for root from 43.255.190.135 port 56295 ssh2
Apr 11 23:53:00 ovzhost sshd[957]: message repeated 2 times: [ Failed password for root from 43.255.190.90 port 34634 ssh2]
Apr 11 23:53:00 ovzhost sshd[957]: Received disconnect from 43.255.190.90: 11:  [preauth]
Apr 11 23:53:00 ovzhost sshd[957]: PAM 2 more authentication failures; logname= uid=0 euid=0 tty=ssh ruser= rhost=43.255.190.90  user=root
Apr 11 23:53:00 ovzhost sshd[959]: message repeated 2 times: [ Failed password for root from 43.255.190.135 port 56295 ssh2]
Apr 11 23:53:00 ovzhost sshd[959]: Received disconnect from 43.255.190.135: 11:  [preauth]
Apr 11 23:53:00 ovzhost sshd[959]: PAM 2 more authentication failures; logname= uid=0 euid=0 tty=ssh ruser= rhost=43.255.190.135  user=root
Apr 11 23:53:00 ovzhost sshd[962]: pam_unix(sshd:auth): authentication failure; logname= uid=0 euid=0 tty=ssh ruser= rhost=43.255.190.90  user=root
Apr 11 23:53:00 ovzhost sshd[964]: pam_unix(sshd:auth): authentication failure; logname= uid=0 euid=0 tty=ssh ruser= rhost=43.255.190.135  user=root
Apr 11 23:53:02 ovzhost sshd[962]: Failed password for root from 43.255.190.90 port 49999 ssh2
Apr 11 23:53:02 ovzhost sshd[964]: Failed password for root from 43.255.190.135 port 41749 ssh2
Apr 11 23:53:06 ovzhost sshd[962]: message repeated 2 times: [ Failed password for root from 43.255.190.90 port 49999 ssh2]
Apr 11 23:53:07 ovzhost sshd[962]: Received disconnect from 43.255.190.90: 11:  [preauth]
Apr 11 23:53:07 ovzhost sshd[962]: PAM 2 more authentication failures; logname= uid=0 euid=0 tty=ssh ruser= rhost=43.255.190.90  user=root
Apr 11 23:53:06 ovzhost sshd[964]: message repeated 2 times: [ Failed password for root from 43.255.190.135 port 41749 ssh2]
Apr 11 23:53:07 ovzhost sshd[964]: Received disconnect from 43.255.190.135: 11:  [preauth]
Apr 11 23:53:07 ovzhost sshd[964]: PAM 2 more authentication failures; logname= uid=0 euid=0 tty=ssh ruser= rhost=43.255.190.135  user=root
Apr 11 23:53:07 ovzhost sshd[968]: pam_unix(sshd:auth): authentication failure; logname= uid=0 euid=0 tty=ssh ruser= rhost=43.255.190.90  user=root
Apr 11 23:53:07 ovzhost sshd[970]: pam_unix(sshd:auth): authentication failure; logname= uid=0 euid=0 tty=ssh ruser= rhost=43.255.190.135  user=root
Apr 11 23:53:09 ovzhost sshd[968]: Failed password for root from 43.255.190.90 port 36764 ssh2
Apr 11 23:53:09 ovzhost sshd[970]: Failed password for root from 43.255.190.135 port 55320 ssh2
Apr 11 23:53:13 ovzhost sshd[968]: message repeated 2 times: [ Failed password for root from 43.255.190.90 port 36764 ssh2]
Apr 11 23:53:13 ovzhost sshd[968]: Received disconnect from 43.255.190.90: 11:  [preauth]
Apr 11 23:53:13 ovzhost sshd[968]: PAM 2 more authentication failures; logname= uid=0 euid=0 tty=ssh ruser= rhost=43.255.190.90  user=root
Apr 11 23:53:13 ovzhost sshd[970]: message repeated 2 times: [ Failed password for root from 43.255.190.135 port 55320 ssh2]
Apr 11 23:53:13 ovzhost sshd[970]: Received disconnect from 43.255.190.135: 11:  [preauth]
Apr 11 23:53:13 ovzhost sshd[970]: PAM 2 more authentication failures; logname= uid=0 euid=0 tty=ssh ruser= rhost=43.255.190.135  user=root
Apr 11 23:53:14 ovzhost sshd[974]: pam_unix(sshd:auth): authentication failure; logname= uid=0 euid=0 tty=ssh ruser= rhost=43.255.190.90  user=root
Apr 11 23:53:14 ovzhost sshd[976]: pam_unix(sshd:auth): authentication failure; logname= uid=0 euid=0 tty=ssh ruser= rhost=43.255.190.135  user=root
Apr 11 23:53:16 ovzhost sshd[974]: Failed password for root from 43.255.190.90 port 51257 ssh2
Apr 11 23:53:16 ovzhost sshd[976]: Failed password for root from 43.255.190.135 port 40715 ssh2
Apr 11 23:53:20 ovzhost sshd[976]: message repeated 2 times: [ Failed password for root from 43.255.190.135 port 40715 ssh2]
Apr 11 23:53:20 ovzhost sshd[976]: Received disconnect from 43.255.190.135: 11:  [preauth]
Apr 11 23:53:20 ovzhost sshd[976]: PAM 2 more authentication failures; logname= uid=0 euid=0 tty=ssh ruser= rhost=43.255.190.135  user=root
Apr 11 23:53:21 ovzhost sshd[974]: message repeated 2 times: [ Failed password for root from 43.255.190.90 port 51257 ssh2]
Apr 11 23:53:21 ovzhost sshd[974]: Received disconnect from 43.255.190.90: 11:  [preauth]
Apr 11 23:53:21 ovzhost sshd[974]: PAM 2 more authentication failures; logname= uid=0 euid=0 tty=ssh ruser= rhost=43.255.190.90  user=root
Apr 11 23:53:21 ovzhost sshd[978]: pam_unix(sshd:auth): authentication failure; logname= uid=0 euid=0 tty=ssh ruser= rhost=43.255.190.135  user=root
Apr 11 23:53:21 ovzhost sshd[980]: pam_unix(sshd:auth): authentication failure; logname= uid=0 euid=0 tty=ssh ruser= rhost=43.255.190.90  user=root
Apr 11 23:53:24 ovzhost sshd[978]: Failed password for root from 43.255.190.135 port 54312 ssh2
Apr 11 23:53:24 ovzhost sshd[980]: Failed password for root from 43.255.190.90 port 38733 ssh2
Apr 11 23:53:27 ovzhost sshd[978]: message repeated 2 times: [ Failed password for root from 43.255.190.135 port 54312 ssh2]
Apr 11 23:53:27 ovzhost sshd[978]: Received disconnect from 43.255.190.135: 11:  [preauth]
Apr 11 23:53:27 ovzhost sshd[978]: PAM 2 more authentication failures; logname= uid=0 euid=0 tty=ssh ruser= rhost=43.255.190.135  user=root
Apr 11 23:53:28 ovzhost sshd[980]: message repeated 2 times: [ Failed password for root from 43.255.190.90 port 38733 ssh2]
Apr 11 23:53:28 ovzhost sshd[980]: Received disconnect from 43.255.190.90: 11:  [preauth]
Apr 11 23:53:28 ovzhost sshd[980]: PAM 2 more authentication failures; logname= uid=0 euid=0 tty=ssh ruser= rhost=43.255.190.90  user=root
Apr 11 23:53:28 ovzhost sshd[982]: pam_unix(sshd:auth): authentication failure; logname= uid=0 euid=0 tty=ssh ruser= rhost=43.255.190.135  user=root
Apr 11 23:53:28 ovzhost sshd[984]: pam_unix(sshd:auth): authentication failure; logname= uid=0 euid=0 tty=ssh ruser= rhost=43.255.190.90  user=root
Apr 11 23:53:31 ovzhost sshd[982]: Failed password for root from 43.255.190.135 port 40242 ssh2
Apr 11 23:53:31 ovzhost sshd[984]: Failed password for root from 43.255.190.90 port 54565 ssh2
Apr 11 23:53:35 ovzhost sshd[982]: message repeated 2 times: [ Failed password for root from 43.255.190.135 port 40242 ssh2]
Apr 11 23:53:35 ovzhost sshd[982]: Received disconnect from 43.255.190.135: 11:  [preauth]
Apr 11 23:53:35 ovzhost sshd[982]: PAM 2 more authentication failures; logname= uid=0 euid=0 tty=ssh ruser= rhost=43.255.190.135  user=root
Apr 11 23:53:35 ovzhost sshd[984]: message repeated 2 times: [ Failed password for root from 43.255.190.90 port 54565 ssh2]
Apr 11 23:53:35 ovzhost sshd[984]: Received disconnect from 43.255.190.90: 11:  [preauth]
Apr 11 23:53:35 ovzhost sshd[984]: PAM 2 more authentication failures; logname= uid=0 euid=0 tty=ssh ruser= rhost=43.255.190.90  user=root
Apr 11 23:53:36 ovzhost sshd[986]: pam_unix(sshd:auth): authentication failure; logname= uid=0 euid=0 tty=ssh ruser= rhost=43.255.190.135  user=root
Apr 11 23:53:36 ovzhost sshd[988]: pam_unix(sshd:auth): authentication failure; logname= uid=0 euid=0 tty=ssh ruser= rhost=43.255.190.90  user=root
Apr 11 23:53:38 ovzhost sshd[986]: Failed password for root from 43.255.190.135 port 54843 ssh2
Apr 11 23:53:38 ovzhost sshd[988]: Failed password for root from 43.255.190.90 port 42605 ssh2
Apr 11 23:53:41 ovzhost sshd[986]: message repeated 2 times: [ Failed password for root from 43.255.190.135 port 54843 ssh2]
Apr 11 23:53:41 ovzhost sshd[986]: Received disconnect from 43.255.190.135: 11:  [preauth]
Apr 11 23:53:41 ovzhost sshd[986]: PAM 2 more authentication failures; logname= uid=0 euid=0 tty=ssh ruser= rhost=43.255.190.135  user=root
Apr 11 23:53:41 ovzhost sshd[988]: message repeated 2 times: [ Failed password for root from 43.255.190.90 port 42605 ssh2]
Apr 11 23:53:41 ovzhost sshd[988]: Received disconnect from 43.255.190.90: 11:  [preauth]
Apr 11 23:53:41 ovzhost sshd[988]: PAM 2 more authentication failures; logname= uid=0 euid=0 tty=ssh ruser= rhost=43.255.190.90  user=root
Apr 11 23:53:42 ovzhost sshd[990]: pam_unix(sshd:auth): authentication failure; logname= uid=0 euid=0 tty=ssh ruser= rhost=43.255.190.135  user=root
Apr 11 23:53:42 ovzhost sshd[992]: pam_unix(sshd:auth): authentication failure; logname= uid=0 euid=0 tty=ssh ruser= rhost=43.255.190.90  user=root
Apr 11 23:53:44 ovzhost sshd[990]: Failed password for root from 43.255.190.135 port 39256 ssh2
Apr 11 23:53:44 ovzhost sshd[992]: Failed password for root from 43.255.190.90 port 56723 ssh2
Apr 11 23:53:48 ovzhost sshd[990]: message repeated 2 times: [ Failed password for root from 43.255.190.135 port 39256 ssh2]
Apr 11 23:53:48 ovzhost sshd[990]: Received disconnect from 43.255.190.135: 11:  [preauth]
Apr 11 23:53:48 ovzhost sshd[990]: PAM 2 more authentication failures; logname= uid=0 euid=0 tty=ssh ruser= rhost=43.255.190.135  user=root
Apr 11 23:53:49 ovzhost sshd[992]: message repeated 2 times: [ Failed password for root from 43.255.190.90 port 56723 ssh2]
Apr 11 23:53:49 ovzhost sshd[992]: Received disconnect from 43.255.190.90: 11:  [preauth]
Apr 11 23:53:49 ovzhost sshd[992]: PAM 2 more authentication failures; logname= uid=0 euid=0 tty=ssh ruser= rhost=43.255.190.90  user=root
Apr 11 23:53:49 ovzhost sshd[994]: pam_unix(sshd:auth): authentication failure; logname= uid=0 euid=0 tty=ssh ruser= rhost=43.255.190.135  user=root
Apr 11 23:53:49 ovzhost sshd[996]: pam_unix(sshd:auth): authentication failure; logname= uid=0 euid=0 tty=ssh ruser= rhost=43.255.190.90  user=root
Apr 11 23:53:49 ovzhost sshd[998]: pam_unix(sshd:auth): authentication failure; logname= uid=0 euid=0 tty=ssh ruser= rhost=43.255.190.135  user=root
Apr 11 23:53:50 ovzhost sshd[994]: Failed password for root from 43.255.190.135 port 53280 ssh2
Apr 11 23:53:51 ovzhost sshd[996]: Failed password for root from 43.255.190.90 port 44497 ssh2
Apr 11 23:53:51 ovzhost sshd[998]: Failed password for root from 43.255.190.135 port 53865 ssh2
Apr 11 23:53:54 ovzhost sshd[994]: message repeated 2 times: [ Failed password for root from 43.255.190.135 port 53280 ssh2]
Apr 11 23:53:55 ovzhost sshd[994]: Received disconnect from 43.255.190.135: 11:  [preauth]
Apr 11 23:53:55 ovzhost sshd[994]: PAM 2 more authentication failures; logname= uid=0 euid=0 tty=ssh ruser= rhost=43.255.190.135  user=root
Apr 11 23:53:55 ovzhost sshd[1002]: pam_unix(sshd:auth): authentication failure; logname= uid=0 euid=0 tty=ssh ruser= rhost=43.255.190.135  user=root
Apr 11 23:53:55 ovzhost sshd[996]: message repeated 2 times: [ Failed password for root from 43.255.190.90 port 44497 ssh2]
Apr 11 23:53:55 ovzhost sshd[996]: Received disconnect from 43.255.190.90: 11:  [preauth]
Apr 11 23:53:55 ovzhost sshd[996]: PAM 2 more authentication failures; logname= uid=0 euid=0 tty=ssh ruser= rhost=43.255.190.90  user=root
Apr 11 23:53:55 ovzhost sshd[998]: message repeated 2 times: [ Failed password for root from 43.255.190.135 port 53865 ssh2]
Apr 11 23:53:55 ovzhost sshd[998]: Received disconnect from 43.255.190.135: 11:  [preauth]
Apr 11 23:53:55 ovzhost sshd[998]: PAM 2 more authentication failures; logname= uid=0 euid=0 tty=ssh ruser= rhost=43.255.190.135  user=root
Apr 11 23:53:56 ovzhost sshd[1004]: pam_unix(sshd:auth): authentication failure; logname= uid=0 euid=0 tty=ssh ruser= rhost=43.255.190.90  user=root
Apr 11 23:53:56 ovzhost sshd[1006]: pam_unix(sshd:auth): authentication failure; logname= uid=0 euid=0 tty=ssh ruser= rhost=43.255.190.135  user=root
Apr 11 23:53:57 ovzhost sshd[1002]: Failed password for root from 43.255.190.135 port 38329 ssh2
Apr 11 23:53:58 ovzhost sshd[1004]: Failed password for root from 43.255.190.90 port 33484 ssh2
Apr 11 23:53:58 ovzhost sshd[1006]: Failed password for root from 43.255.190.135 port 39954 ssh2
Apr 11 23:54:01 ovzhost sshd[1002]: message repeated 2 times: [ Failed password for root from 43.255.190.135 port 38329 ssh2]
Apr 11 23:54:01 ovzhost sshd[1002]: Received disconnect from 43.255.190.135: 11:  [preauth]
Apr 11 23:54:01 ovzhost sshd[1002]: PAM 2 more authentication failures; logname= uid=0 euid=0 tty=ssh ruser= rhost=43.255.190.135  user=root
Apr 11 23:54:02 ovzhost sshd[1008]: pam_unix(sshd:auth): authentication failure; logname= uid=0 euid=0 tty=ssh ruser= rhost=43.255.190.135  user=root
Apr 11 23:54:02 ovzhost sshd[1004]: message repeated 2 times: [ Failed password for root from 43.255.190.90 port 33484 ssh2]
Apr 11 23:54:02 ovzhost sshd[1004]: Received disconnect from 43.255.190.90: 11:  [preauth]
Apr 11 23:54:02 ovzhost sshd[1004]: PAM 2 more authentication failures; logname= uid=0 euid=0 tty=ssh ruser= rhost=43.255.190.90  user=root
Apr 11 23:54:02 ovzhost sshd[1006]: message repeated 2 times: [ Failed password for root from 43.255.190.135 port 39954 ssh2]
Apr 11 23:54:02 ovzhost sshd[1006]: Received disconnect from 43.255.190.135: 11:  [preauth]
Apr 11 23:54:02 ovzhost sshd[1006]: PAM 2 more authentication failures; logname= uid=0 euid=0 tty=ssh ruser= rhost=43.255.190.135  user=root
Apr 11 23:54:03 ovzhost sshd[1010]: pam_unix(sshd:auth): authentication failure; logname= uid=0 euid=0 tty=ssh ruser= rhost=43.255.190.90  user=root
Apr 11 23:54:03 ovzhost sshd[1012]: pam_unix(sshd:auth): authentication failure; logname= uid=0 euid=0 tty=ssh ruser= rhost=43.255.190.135  user=root
Apr 11 23:54:03 ovzhost sshd[1008]: Failed password for root from 43.255.190.135 port 52555 ssh2
Apr 11 23:54:06 ovzhost sshd[1010]: Failed password for root from 43.255.190.90 port 55114 ssh2
Apr 11 23:54:06 ovzhost sshd[1012]: Failed password for root from 43.255.190.135 port 55469 ssh2
Apr 11 23:54:08 ovzhost sshd[1008]: message repeated 2 times: [ Failed password for root from 43.255.190.135 port 52555 ssh2]
Apr 11 23:54:08 ovzhost sshd[1008]: Received disconnect from 43.255.190.135: 11:  [preauth]
Apr 11 23:54:08 ovzhost sshd[1008]: PAM 2 more authentication failures; logname= uid=0 euid=0 tty=ssh ruser= rhost=43.255.190.135  user=root
Apr 11 23:54:08 ovzhost sshd[1014]: pam_unix(sshd:auth): authentication failure; logname= uid=0 euid=0 tty=ssh ruser= rhost=43.255.190.135  user=root
Apr 11 23:54:10 ovzhost sshd[1010]: message repeated 2 times: [ Failed password for root from 43.255.190.90 port 55114 ssh2]
Apr 11 23:54:10 ovzhost sshd[1010]: Received disconnect from 43.255.190.90: 11:  [preauth]
Apr 11 23:54:10 ovzhost sshd[1010]: PAM 2 more authentication failures; logname= uid=0 euid=0 tty=ssh ruser= rhost=43.255.190.90  user=root
Apr 11 23:54:10 ovzhost sshd[1012]: message repeated 2 times: [ Failed password for root from 43.255.190.135 port 55469 ssh2]
Apr 11 23:54:10 ovzhost sshd[1012]: Received disconnect from 43.255.190.135: 11:  [preauth]
Apr 11 23:54:10 ovzhost sshd[1012]: PAM 2 more authentication failures; logname= uid=0 euid=0 tty=ssh ruser= rhost=43.255.190.135  user=root
Apr 11 23:54:10 ovzhost sshd[1016]: pam_unix(sshd:auth): authentication failure; logname= uid=0 euid=0 tty=ssh ruser= rhost=43.255.190.90  user=root
Apr 11 23:54:10 ovzhost sshd[1018]: pam_unix(sshd:auth): authentication failure; logname= uid=0 euid=0 tty=ssh ruser= rhost=43.255.190.135  user=root
Apr 11 23:54:10 ovzhost sshd[1014]: Failed password for root from 43.255.190.135 port 40142 ssh2
Apr 11 23:54:12 ovzhost sshd[1016]: Failed password for root from 43.255.190.90 port 51774 ssh2
Apr 11 23:54:13 ovzhost sshd[1018]: Failed password for root from 43.255.190.135 port 44639 ssh2
Apr 11 23:54:14 ovzhost sshd[1014]: message repeated 2 times: [ Failed password for root from 43.255.190.135 port 40142 ssh2]
Apr 11 23:54:14 ovzhost sshd[1014]: Received disconnect from 43.255.190.135: 11:  [preauth]
Apr 11 23:54:14 ovzhost sshd[1014]: PAM 2 more authentication failures; logname= uid=0 euid=0 tty=ssh ruser= rhost=43.255.190.135  user=root
Apr 11 23:54:15 ovzhost sshd[1020]: pam_unix(sshd:auth): authentication failure; logname= uid=0 euid=0 tty=ssh ruser= rhost=43.255.190.135  user=root
Apr 11 23:54:16 ovzhost sshd[1016]: message repeated 2 times: [ Failed password for root from 43.255.190.90 port 51774 ssh2]
Apr 11 23:54:16 ovzhost sshd[1016]: Received disconnect from 43.255.190.90: 11:  [preauth]
Apr 11 23:54:16 ovzhost sshd[1016]: PAM 2 more authentication failures; logname= uid=0 euid=0 tty=ssh ruser= rhost=43.255.190.90  user=root
Apr 11 23:54:16 ovzhost sshd[1018]: message repeated 2 times: [ Failed password for root from 43.255.190.135 port 44639 ssh2]
Apr 11 23:54:16 ovzhost sshd[1018]: Received disconnect from 43.255.190.135: 11:  [preauth]
Apr 11 23:54:16 ovzhost sshd[1018]: PAM 2 more authentication failures; logname= uid=0 euid=0 tty=ssh ruser= rhost=43.255.190.135  user=root
Apr 11 23:54:16 ovzhost sshd[1022]: pam_unix(sshd:auth): authentication failure; logname= uid=0 euid=0 tty=ssh ruser= rhost=43.255.190.90  user=root
Apr 11 23:54:16 ovzhost sshd[1024]: pam_unix(sshd:auth): authentication failure; logname= uid=0 euid=0 tty=ssh ruser= rhost=43.255.190.135  user=root
Apr 11 23:54:17 ovzhost sshd[1020]: Failed password for root from 43.255.190.135 port 57641 ssh2
Apr 11 23:54:19 ovzhost sshd[1022]: Failed password for root from 43.255.190.90 port 47139 ssh2
Apr 11 23:54:19 ovzhost sshd[1024]: Failed password for root from 43.255.190.135 port 33791 ssh2
Apr 11 23:54:22 ovzhost sshd[1020]: message repeated 2 times: [ Failed password for root from 43.255.190.135 port 57641 ssh2]
Apr 11 23:54:22 ovzhost sshd[1020]: Received disconnect from 43.255.190.135: 11:  [preauth]
Apr 11 23:54:22 ovzhost sshd[1020]: PAM 2 more authentication failures; logname= uid=0 euid=0 tty=ssh ruser= rhost=43.255.190.135  user=root
Apr 11 23:54:22 ovzhost sshd[1026]: pam_unix(sshd:auth): authentication failure; logname= uid=0 euid=0 tty=ssh ruser= rhost=43.255.190.135  user=root
Apr 11 23:54:23 ovzhost sshd[1022]: message repeated 2 times: [ Failed password for root from 43.255.190.90 port 47139 ssh2]
Apr 11 23:54:23 ovzhost sshd[1022]: Received disconnect from 43.255.190.90: 11:  [preauth]
Apr 11 23:54:23 ovzhost sshd[1022]: PAM 2 more authentication failures; logname= uid=0 euid=0 tty=ssh ruser= rhost=43.255.190.90  user=root
Apr 11 23:54:23 ovzhost sshd[1024]: message repeated 2 times: [ Failed password for root from 43.255.190.135 port 33791 ssh2]
Apr 11 23:54:23 ovzhost sshd[1024]: Received disconnect from 43.255.190.135: 11:  [preauth]
Apr 11 23:54:23 ovzhost sshd[1024]: PAM 2 more authentication failures; logname= uid=0 euid=0 tty=ssh ruser= rhost=43.255.190.135  user=root
Apr 11 23:54:24 ovzhost sshd[1028]: pam_unix(sshd:auth): authentication failure; logname= uid=0 euid=0 tty=ssh ruser= rhost=43.255.190.90  user=root
Apr 11 23:54:24 ovzhost sshd[1030]: pam_unix(sshd:auth): authentication failure; logname= uid=0 euid=0 tty=ssh ruser= rhost=43.255.190.135  user=root
Apr 11 23:54:25 ovzhost sshd[1026]: Failed password for root from 43.255.190.135 port 50142 ssh2
Apr 11 23:54:25 ovzhost sshd[1028]: Failed password for root from 43.255.190.90 port 44924 ssh2
Apr 11 23:54:26 ovzhost sshd[1030]: Failed password for root from 43.255.190.135 port 53959 ssh2
Apr 11 23:54:28 ovzhost sshd[1026]: message repeated 2 times: [ Failed password for root from 43.255.190.135 port 50142 ssh2]
Apr 11 23:54:28 ovzhost sshd[1026]: Received disconnect from 43.255.190.135: 11:  [preauth]
Apr 11 23:54:28 ovzhost sshd[1026]: PAM 2 more authentication failures; logname= uid=0 euid=0 tty=ssh ruser= rhost=43.255.190.135  user=root
Apr 11 23:54:28 ovzhost sshd[1032]: pam_unix(sshd:auth): authentication failure; logname= uid=0 euid=0 tty=ssh ruser= rhost=43.255.190.135  user=root
Apr 11 23:54:30 ovzhost sshd[1028]: message repeated 2 times: [ Failed password for root from 43.255.190.90 port 44924 ssh2]
Apr 11 23:54:30 ovzhost sshd[1028]: Received disconnect from 43.255.190.90: 11:  [preauth]
Apr 11 23:54:30 ovzhost sshd[1028]: PAM 2 more authentication failures; logname= uid=0 euid=0 tty=ssh ruser= rhost=43.255.190.90  user=root
Apr 11 23:54:30 ovzhost sshd[1030]: message repeated 2 times: [ Failed password for root from 43.255.190.135 port 53959 ssh2]
Apr 11 23:54:30 ovzhost sshd[1030]: Received disconnect from 43.255.190.135: 11:  [preauth]
Apr 11 23:54:30 ovzhost sshd[1030]: PAM 2 more authentication failures; logname= uid=0 euid=0 tty=ssh ruser= rhost=43.255.190.135  user=root
Apr 11 23:54:30 ovzhost sshd[1034]: pam_unix(sshd:auth): authentication failure; logname= uid=0 euid=0 tty=ssh ruser= rhost=43.255.190.90  user=root
Apr 11 23:54:30 ovzhost sshd[1036]: pam_unix(sshd:auth): authentication failure; logname= uid=0 euid=0 tty=ssh ruser= rhost=43.255.190.135  user=root
Apr 11 23:54:31 ovzhost sshd[1032]: Failed password for root from 43.255.190.135 port 38907 ssh2
Apr 11 23:54:32 ovzhost sshd[1034]: Failed password for root from 43.255.190.90 port 41155 ssh2
Apr 11 23:54:32 ovzhost sshd[1036]: Failed password for root from 43.255.190.135 port 43647 ssh2
Apr 11 23:54:35 ovzhost sshd[1032]: message repeated 2 times: [ Failed password for root from 43.255.190.135 port 38907 ssh2]
Apr 11 23:54:35 ovzhost sshd[1032]: Received disconnect from 43.255.190.135: 11:  [preauth]
Apr 11 23:54:35 ovzhost sshd[1032]: PAM 2 more authentication failures; logname= uid=0 euid=0 tty=ssh ruser= rhost=43.255.190.135  user=root
Apr 11 23:54:36 ovzhost sshd[1038]: pam_unix(sshd:auth): authentication failure; logname= uid=0 euid=0 tty=ssh ruser= rhost=43.255.190.135  user=root
Apr 11 23:54:36 ovzhost sshd[1034]: message repeated 2 times: [ Failed password for root from 43.255.190.90 port 41155 ssh2]
Apr 11 23:54:36 ovzhost sshd[1034]: Received disconnect from 43.255.190.90: 11:  [preauth]
Apr 11 23:54:36 ovzhost sshd[1034]: PAM 2 more authentication failures; logname= uid=0 euid=0 tty=ssh ruser= rhost=43.255.190.90  user=root
Apr 11 23:54:36 ovzhost sshd[1036]: message repeated 2 times: [ Failed password for root from 43.255.190.135 port 43647 ssh2]
Apr 11 23:54:36 ovzhost sshd[1036]: Received disconnect from 43.255.190.135: 11:  [preauth]
Apr 11 23:54:36 ovzhost sshd[1036]: PAM 2 more authentication failures; logname= uid=0 euid=0 tty=ssh ruser= rhost=43.255.190.135  user=root
Apr 11 23:54:37 ovzhost sshd[1040]: pam_unix(sshd:auth): authentication failure; logname= uid=0 euid=0 tty=ssh ruser= rhost=43.255.190.90  user=root
Apr 11 23:54:37 ovzhost sshd[1042]: pam_unix(sshd:auth): authentication failure; logname= uid=0 euid=0 tty=ssh ruser= rhost=43.255.190.135  user=root
Apr 11 23:54:38 ovzhost sshd[1038]: Failed password for root from 43.255.190.135 port 58944 ssh2
Apr 11 23:54:38 ovzhost sshd[1040]: Failed password for root from 43.255.190.90 port 37826 ssh2
Apr 11 23:54:38 ovzhost sshd[1042]: Failed password for root from 43.255.190.135 port 33966 ssh2
Apr 11 23:54:42 ovzhost sshd[1045]: Connection closed by 127.0.0.1 [preauth]
Apr 11 23:54:43 ovzhost sshd[1038]: message repeated 2 times: [ Failed password for root from 43.255.190.135 port 58944 ssh2]
Apr 11 23:54:43 ovzhost sshd[1038]: Received disconnect from 43.255.190.135: 11:  [preauth]
Apr 11 23:54:43 ovzhost sshd[1038]: PAM 2 more authentication failures; logname= uid=0 euid=0 tty=ssh ruser= rhost=43.255.190.135  user=root
Apr 11 23:54:43 ovzhost sshd[1040]: message repeated 2 times: [ Failed password for root from 43.255.190.90 port 37826 ssh2]
Apr 11 23:54:43 ovzhost sshd[1040]: Received disconnect from 43.255.190.90: 11:  [preauth]
Apr 11 23:54:43 ovzhost sshd[1040]: PAM 2 more authentication failures; logname= uid=0 euid=0 tty=ssh ruser= rhost=43.255.190.90  user=root
Apr 11 23:54:43 ovzhost sshd[1042]: message repeated 2 times: [ Failed password for root from 43.255.190.135 port 33966 ssh2]
Apr 11 23:54:43 ovzhost sshd[1042]: Received disconnect from 43.255.190.135: 11:  [preauth]
Apr 11 23:54:43 ovzhost sshd[1042]: PAM 2 more authentication failures; logname= uid=0 euid=0 tty=ssh ruser= rhost=43.255.190.135  user=root
Apr 11 23:54:43 ovzhost sshd[1047]: pam_unix(sshd:auth): authentication failure; logname= uid=0 euid=0 tty=ssh ruser= rhost=43.255.190.135  user=root
Apr 11 23:54:44 ovzhost sshd[1049]: pam_unix(sshd:auth): authentication failure; logname= uid=0 euid=0 tty=ssh ruser= rhost=43.255.190.90  user=root
Apr 11 23:54:44 ovzhost sshd[1051]: pam_unix(sshd:auth): authentication failure; logname= uid=0 euid=0 tty=ssh ruser= rhost=43.255.190.135  user=root
Apr 11 23:54:45 ovzhost sshd[1047]: Failed password for root from 43.255.190.135 port 51060 ssh2
Apr 11 23:54:45 ovzhost sshd[1049]: Failed password for root from 43.255.190.90 port 33920 ssh2
Apr 11 23:54:45 ovzhost sshd[1051]: Failed password for root from 43.255.190.135 port 52220 ssh2
Apr 11 23:54:48 ovzhost sshd[1047]: message repeated 2 times: [ Failed password for root from 43.255.190.135 port 51060 ssh2]
Apr 11 23:54:48 ovzhost sshd[1047]: Received disconnect from 43.255.190.135: 11:  [preauth]
Apr 11 23:54:48 ovzhost sshd[1047]: PAM 2 more authentication failures; logname= uid=0 euid=0 tty=ssh ruser= rhost=43.255.190.135  user=root
Apr 11 23:54:49 ovzhost sshd[1049]: message repeated 2 times: [ Failed password for root from 43.255.190.90 port 33920 ssh2]
Apr 11 23:54:49 ovzhost sshd[1049]: Received disconnect from 43.255.190.90: 11:  [preauth]
Apr 11 23:54:49 ovzhost sshd[1049]: PAM 2 more authentication failures; logname= uid=0 euid=0 tty=ssh ruser= rhost=43.255.190.90  user=root
Apr 11 23:54:49 ovzhost sshd[1051]: message repeated 2 times: [ Failed password for root from 43.255.190.135 port 52220 ssh2]
Apr 11 23:54:49 ovzhost sshd[1051]: Received disconnect from 43.255.190.135: 11:  [preauth]
Apr 11 23:54:49 ovzhost sshd[1051]: PAM 2 more authentication failures; logname= uid=0 euid=0 tty=ssh ruser= rhost=43.255.190.135  user=root
Apr 11 23:54:49 ovzhost sshd[1053]: pam_unix(sshd:auth): authentication failure; logname= uid=0 euid=0 tty=ssh ruser= rhost=43.255.190.135  user=root
Apr 11 23:54:49 ovzhost sshd[1055]: pam_unix(sshd:auth): authentication failure; logname= uid=0 euid=0 tty=ssh ruser= rhost=43.255.190.90  user=root
Apr 11 23:54:49 ovzhost sshd[1057]: pam_unix(sshd:auth): authentication failure; logname= uid=0 euid=0 tty=ssh ruser= rhost=43.255.190.135  user=root
Apr 11 23:54:51 ovzhost sshd[1053]: Failed password for root from 43.255.190.135 port 38553 ssh2
Apr 11 23:54:51 ovzhost sshd[1055]: Failed password for root from 43.255.190.90 port 56055 ssh2
Apr 11 23:54:51 ovzhost sshd[1057]: Failed password for root from 43.255.190.135 port 40349 ssh2
Apr 11 23:54:55 ovzhost sshd[1053]: message repeated 2 times: [ Failed password for root from 43.255.190.135 port 38553 ssh2]
Apr 11 23:54:55 ovzhost sshd[1053]: Received disconnect from 43.255.190.135: 11:  [preauth]
Apr 11 23:54:55 ovzhost sshd[1053]: PAM 2 more authentication failures; logname= uid=0 euid=0 tty=ssh ruser= rhost=43.255.190.135  user=root
Apr 11 23:54:56 ovzhost sshd[1055]: message repeated 2 times: [ Failed password for root from 43.255.190.90 port 56055 ssh2]
Apr 11 23:54:56 ovzhost sshd[1055]: Received disconnect from 43.255.190.90: 11:  [preauth]
Apr 11 23:54:56 ovzhost sshd[1055]: PAM 2 more authentication failures; logname= uid=0 euid=0 tty=ssh ruser= rhost=43.255.190.90  user=root
Apr 11 23:54:56 ovzhost sshd[1057]: message repeated 2 times: [ Failed password for root from 43.255.190.135 port 40349 ssh2]
Apr 11 23:54:56 ovzhost sshd[1057]: Received disconnect from 43.255.190.135: 11:  [preauth]
Apr 11 23:54:56 ovzhost sshd[1057]: PAM 2 more authentication failures; logname= uid=0 euid=0 tty=ssh ruser= rhost=43.255.190.135  user=root
Apr 11 23:54:56 ovzhost sshd[1059]: pam_unix(sshd:auth): authentication failure; logname= uid=0 euid=0 tty=ssh ruser= rhost=43.255.190.135  user=root
Apr 11 23:54:56 ovzhost sshd[1062]: pam_unix(sshd:auth): authentication failure; logname= uid=0 euid=0 tty=ssh ruser= rhost=43.255.190.90  user=root
Apr 11 23:54:56 ovzhost sshd[1064]: pam_unix(sshd:auth): authentication failure; logname= uid=0 euid=0 tty=ssh ruser= rhost=43.255.190.135  user=root
Apr 11 23:54:57 ovzhost sshd[1059]: Failed password for root from 43.255.190.135 port 56512 ssh2
Apr 11 23:54:58 ovzhost sshd[1062]: Failed password for root from 43.255.190.90 port 51967 ssh2
Apr 11 23:54:58 ovzhost sshd[1064]: Failed password for root from 43.255.190.135 port 58027 ssh2
Apr 11 23:55:01 ovzhost sshd[1059]: message repeated 2 times: [ Failed password for root from 43.255.190.135 port 56512 ssh2]
Apr 11 23:55:01 ovzhost sshd[1059]: Received disconnect from 43.255.190.135: 11:  [preauth]
Apr 11 23:55:01 ovzhost sshd[1059]: PAM 2 more authentication failures; logname= uid=0 euid=0 tty=ssh ruser= rhost=43.255.190.135  user=root
Apr 11 23:55:02 ovzhost sshd[1062]: message repeated 2 times: [ Failed password for root from 43.255.190.90 port 51967 ssh2]
