Apr  6 13:23:27 ovzhost sshd[1178]: PAM 2 more authentication failures; logname= uid=0 euid=0 tty=ssh ruser= rhost=43.255.190.159  user=root
Apr  6 13:23:31 ovzhost sshd[1184]: pam_unix(sshd:auth): authentication failure; logname= uid=0 euid=0 tty=ssh ruser= rhost=43.255.190.159  user=root
Apr  6 13:23:32 ovzhost sshd[1184]: Failed password for root from 43.255.190.159 port 56347 ssh2
Apr  6 13:23:33 ovzhost sshd[1182]: pam_unix(sshd:auth): authentication failure; logname= uid=0 euid=0 tty=ssh ruser= rhost=43.255.190.148  user=root
Apr  6 13:23:36 ovzhost sshd[1182]: Failed password for root from 43.255.190.148 port 56876 ssh2
Apr  6 13:23:37 ovzhost sshd[1184]: message repeated 2 times: [ Failed password for root from 43.255.190.159 port 56347 ssh2]
Apr  6 13:23:37 ovzhost sshd[1184]: Received disconnect from 43.255.190.159: 11:  [preauth]
Apr  6 13:23:37 ovzhost sshd[1184]: PAM 2 more authentication failures; logname= uid=0 euid=0 tty=ssh ruser= rhost=43.255.190.159  user=root
Apr  6 13:23:39 ovzhost sshd[1182]: message repeated 2 times: [ Failed password for root from 43.255.190.148 port 56876 ssh2]
Apr  6 13:23:40 ovzhost sshd[1182]: Received disconnect from 43.255.190.148: 11:  [preauth]
Apr  6 13:23:40 ovzhost sshd[1182]: PAM 2 more authentication failures; logname= uid=0 euid=0 tty=ssh ruser= rhost=43.255.190.148  user=root
Apr  6 13:23:40 ovzhost sshd[1186]: pam_unix(sshd:auth): authentication failure; logname= uid=0 euid=0 tty=ssh ruser= rhost=43.255.190.159  user=root
Apr  6 13:23:42 ovzhost sshd[1186]: Failed password for root from 43.255.190.159 port 51824 ssh2
Apr  6 13:23:43 ovzhost sshd[1188]: pam_unix(sshd:auth): authentication failure; logname= uid=0 euid=0 tty=ssh ruser= rhost=43.255.190.148  user=root
Apr  6 13:23:45 ovzhost sshd[1188]: Failed password for root from 43.255.190.148 port 58046 ssh2
Apr  6 13:23:46 ovzhost sshd[1186]: message repeated 2 times: [ Failed password for root from 43.255.190.159 port 51824 ssh2]
Apr  6 13:23:46 ovzhost sshd[1186]: Received disconnect from 43.255.190.159: 11:  [preauth]
Apr  6 13:23:46 ovzhost sshd[1186]: PAM 2 more authentication failures; logname= uid=0 euid=0 tty=ssh ruser= rhost=43.255.190.159  user=root
Apr  6 13:23:47 ovzhost sshd[1192]: pam_unix(sshd:auth): authentication failure; logname= uid=0 euid=0 tty=ssh ruser= rhost=43.255.190.159  user=root
Apr  6 13:23:49 ovzhost sshd[1192]: Failed password for root from 43.255.190.159 port 42215 ssh2
Apr  6 13:23:49 ovzhost sshd[1188]: message repeated 2 times: [ Failed password for root from 43.255.190.148 port 58046 ssh2]
Apr  6 13:23:49 ovzhost sshd[1188]: Received disconnect from 43.255.190.148: 11:  [preauth]
Apr  6 13:23:49 ovzhost sshd[1188]: PAM 2 more authentication failures; logname= uid=0 euid=0 tty=ssh ruser= rhost=43.255.190.148  user=root
Apr  6 13:23:52 ovzhost sshd[1192]: message repeated 2 times: [ Failed password for root from 43.255.190.159 port 42215 ssh2]
Apr  6 13:23:52 ovzhost sshd[1192]: Received disconnect from 43.255.190.159: 11:  [preauth]
Apr  6 13:23:52 ovzhost sshd[1192]: PAM 2 more authentication failures; logname= uid=0 euid=0 tty=ssh ruser= rhost=43.255.190.159  user=root
Apr  6 13:23:53 ovzhost sshd[1196]: pam_unix(sshd:auth): authentication failure; logname= uid=0 euid=0 tty=ssh ruser= rhost=43.255.190.159  user=root
Apr  6 13:23:54 ovzhost sshd[1196]: Failed password for root from 43.255.190.159 port 56006 ssh2
Apr  6 13:23:58 ovzhost sshd[1194]: pam_unix(sshd:auth): authentication failure; logname= uid=0 euid=0 tty=ssh ruser= rhost=43.255.190.148  user=root
Apr  6 13:23:59 ovzhost sshd[1196]: message repeated 2 times: [ Failed password for root from 43.255.190.159 port 56006 ssh2]
Apr  6 13:23:59 ovzhost sshd[1196]: Received disconnect from 43.255.190.159: 11:  [preauth]
Apr  6 13:23:59 ovzhost sshd[1196]: PAM 2 more authentication failures; logname= uid=0 euid=0 tty=ssh ruser= rhost=43.255.190.159  user=root
Apr  6 13:24:00 ovzhost sshd[1194]: Failed password for root from 43.255.190.148 port 52130 ssh2
Apr  6 13:24:01 ovzhost sshd[1198]: pam_unix(sshd:auth): authentication failure; logname= uid=0 euid=0 tty=ssh ruser= rhost=43.255.190.159  user=root
Apr  6 13:24:02 ovzhost sshd[1198]: Failed password for root from 43.255.190.159 port 42471 ssh2
Apr  6 13:24:04 ovzhost sshd[1194]: message repeated 2 times: [ Failed password for root from 43.255.190.148 port 52130 ssh2]
Apr  6 13:24:04 ovzhost sshd[1194]: Received disconnect from 43.255.190.148: 11:  [preauth]
Apr  6 13:24:04 ovzhost sshd[1194]: PAM 2 more authentication failures; logname= uid=0 euid=0 tty=ssh ruser= rhost=43.255.190.148  user=root
Apr  6 13:24:06 ovzhost sshd[1200]: pam_unix(sshd:auth): authentication failure; logname= uid=0 euid=0 tty=ssh ruser= rhost=43.255.190.148  user=root
Apr  6 13:24:08 ovzhost sshd[1200]: Failed password for root from 43.255.190.148 port 57354 ssh2
Apr  6 13:24:08 ovzhost sshd[1198]: message repeated 2 times: [ Failed password for root from 43.255.190.159 port 42471 ssh2]
Apr  6 13:24:08 ovzhost sshd[1198]: Received disconnect from 43.255.190.159: 11:  [preauth]
Apr  6 13:24:08 ovzhost sshd[1198]: PAM 2 more authentication failures; logname= uid=0 euid=0 tty=ssh ruser= rhost=43.255.190.159  user=root
Apr  6 13:24:12 ovzhost sshd[1202]: pam_unix(sshd:auth): authentication failure; logname= uid=0 euid=0 tty=ssh ruser= rhost=43.255.190.159  user=root
Apr  6 13:24:12 ovzhost sshd[1200]: message repeated 2 times: [ Failed password for root from 43.255.190.148 port 57354 ssh2]
Apr  6 13:24:12 ovzhost sshd[1200]: Received disconnect from 43.255.190.148: 11:  [preauth]
Apr  6 13:24:12 ovzhost sshd[1200]: PAM 2 more authentication failures; logname= uid=0 euid=0 tty=ssh ruser= rhost=43.255.190.148  user=root
Apr  6 13:24:13 ovzhost sshd[1206]: Invalid user aditya from 221.146.74.146
Apr  6 13:24:13 ovzhost sshd[1206]: input_userauth_request: invalid user aditya [preauth]
Apr  6 13:24:13 ovzhost sshd[1206]: pam_unix(sshd:auth): check pass; user unknown
Apr  6 13:24:13 ovzhost sshd[1206]: pam_unix(sshd:auth): authentication failure; logname= uid=0 euid=0 tty=ssh ruser= rhost=221.146.74.146 
Apr  6 13:24:14 ovzhost sshd[1202]: Failed password for root from 43.255.190.159 port 34416 ssh2
Apr  6 13:24:15 ovzhost sshd[1206]: Failed password for invalid user aditya from 221.146.74.146 port 39311 ssh2
Apr  6 13:24:15 ovzhost sshd[1206]: Connection closed by 221.146.74.146 [preauth]
Apr  6 13:24:16 ovzhost sshd[1208]: pam_unix(sshd:auth): authentication failure; logname= uid=0 euid=0 tty=ssh ruser= rhost=43.255.190.148  user=root
Apr  6 13:24:18 ovzhost sshd[1208]: Failed password for root from 43.255.190.148 port 47052 ssh2
Apr  6 13:24:18 ovzhost sshd[1202]: message repeated 2 times: [ Failed password for root from 43.255.190.159 port 34416 ssh2]
Apr  6 13:24:19 ovzhost sshd[1202]: Received disconnect from 43.255.190.159: 11:  [preauth]
Apr  6 13:24:19 ovzhost sshd[1202]: PAM 2 more authentication failures; logname= uid=0 euid=0 tty=ssh ruser= rhost=43.255.190.159  user=root
Apr  6 13:24:22 ovzhost sshd[1210]: pam_unix(sshd:auth): authentication failure; logname= uid=0 euid=0 tty=ssh ruser= rhost=43.255.190.159  user=root
Apr  6 13:24:22 ovzhost sshd[1208]: message repeated 2 times: [ Failed password for root from 43.255.190.148 port 47052 ssh2]
Apr  6 13:24:24 ovzhost sshd[1208]: Received disconnect from 43.255.190.148: 11:  [preauth]
Apr  6 13:24:24 ovzhost sshd[1208]: PAM 2 more authentication failures; logname= uid=0 euid=0 tty=ssh ruser= rhost=43.255.190.148  user=root
Apr  6 13:24:24 ovzhost sshd[1210]: Failed password for root from 43.255.190.159 port 56720 ssh2
Apr  6 13:24:29 ovzhost sshd[1210]: message repeated 2 times: [ Failed password for root from 43.255.190.159 port 56720 ssh2]
Apr  6 13:24:29 ovzhost sshd[1210]: Received disconnect from 43.255.190.159: 11:  [preauth]
Apr  6 13:24:29 ovzhost sshd[1210]: PAM 2 more authentication failures; logname= uid=0 euid=0 tty=ssh ruser= rhost=43.255.190.159  user=root
Apr  6 13:24:30 ovzhost sshd[1212]: pam_unix(sshd:auth): authentication failure; logname= uid=0 euid=0 tty=ssh ruser= rhost=43.255.190.148  user=root
Apr  6 13:24:32 ovzhost sshd[1212]: Failed password for root from 43.255.190.148 port 40811 ssh2
Apr  6 13:24:32 ovzhost sshd[1214]: pam_unix(sshd:auth): authentication failure; logname= uid=0 euid=0 tty=ssh ruser= rhost=43.255.190.159  user=root
Apr  6 13:24:34 ovzhost sshd[1214]: Failed password for root from 43.255.190.159 port 50863 ssh2
Apr  6 13:24:36 ovzhost sshd[1212]: message repeated 2 times: [ Failed password for root from 43.255.190.148 port 40811 ssh2]
Apr  6 13:24:36 ovzhost sshd[1212]: Received disconnect from 43.255.190.148: 11:  [preauth]
Apr  6 13:24:36 ovzhost sshd[1212]: PAM 2 more authentication failures; logname= uid=0 euid=0 tty=ssh ruser= rhost=43.255.190.148  user=root
Apr  6 13:24:38 ovzhost sshd[1214]: message repeated 2 times: [ Failed password for root from 43.255.190.159 port 50863 ssh2]
Apr  6 13:24:38 ovzhost sshd[1214]: Received disconnect from 43.255.190.159: 11:  [preauth]
Apr  6 13:24:38 ovzhost sshd[1214]: PAM 2 more authentication failures; logname= uid=0 euid=0 tty=ssh ruser= rhost=43.255.190.159  user=root
Apr  6 13:24:39 ovzhost sshd[1216]: pam_unix(sshd:auth): authentication failure; logname= uid=0 euid=0 tty=ssh ruser= rhost=43.255.190.148  user=root
Apr  6 13:24:39 ovzhost sshd[1218]: pam_unix(sshd:auth): authentication failure; logname= uid=0 euid=0 tty=ssh ruser= rhost=43.255.190.159  user=root
Apr  6 13:24:42 ovzhost sshd[1216]: Failed password for root from 43.255.190.148 port 44712 ssh2
Apr  6 13:24:42 ovzhost sshd[1218]: Failed password for root from 43.255.190.159 port 42559 ssh2
Apr  6 13:24:46 ovzhost sshd[1216]: message repeated 2 times: [ Failed password for root from 43.255.190.148 port 44712 ssh2]
Apr  6 13:24:46 ovzhost sshd[1216]: Received disconnect from 43.255.190.148: 11:  [preauth]
Apr  6 13:24:46 ovzhost sshd[1216]: PAM 2 more authentication failures; logname= uid=0 euid=0 tty=ssh ruser= rhost=43.255.190.148  user=root
Apr  6 13:24:46 ovzhost sshd[1218]: message repeated 2 times: [ Failed password for root from 43.255.190.159 port 42559 ssh2]
Apr  6 13:24:46 ovzhost sshd[1218]: Received disconnect from 43.255.190.159: 11:  [preauth]
Apr  6 13:24:46 ovzhost sshd[1218]: PAM 2 more authentication failures; logname= uid=0 euid=0 tty=ssh ruser= rhost=43.255.190.159  user=root
Apr  6 13:24:47 ovzhost sshd[1223]: pam_unix(sshd:auth): authentication failure; logname= uid=0 euid=0 tty=ssh ruser= rhost=43.255.190.159  user=root
Apr  6 13:24:47 ovzhost sshd[1221]: pam_unix(sshd:auth): authentication failure; logname= uid=0 euid=0 tty=ssh ruser= rhost=43.255.190.148  user=root
Apr  6 13:24:48 ovzhost sshd[1223]: Failed password for root from 43.255.190.159 port 60521 ssh2
Apr  6 13:24:49 ovzhost sshd[1221]: Failed password for root from 43.255.190.148 port 37653 ssh2
Apr  6 13:24:52 ovzhost sshd[1223]: message repeated 2 times: [ Failed password for root from 43.255.190.159 port 60521 ssh2]
Apr  6 13:24:53 ovzhost sshd[1223]: Received disconnect from 43.255.190.159: 11:  [preauth]
Apr  6 13:24:53 ovzhost sshd[1223]: PAM 2 more authentication failures; logname= uid=0 euid=0 tty=ssh ruser= rhost=43.255.190.159  user=root
Apr  6 13:24:53 ovzhost sshd[1225]: pam_unix(sshd:auth): authentication failure; logname= uid=0 euid=0 tty=ssh ruser= rhost=43.255.190.159  user=root
Apr  6 13:24:55 ovzhost sshd[1221]: message repeated 2 times: [ Failed password for root from 43.255.190.148 port 37653 ssh2]
Apr  6 13:24:55 ovzhost sshd[1221]: Received disconnect from 43.255.190.148: 11:  [preauth]
Apr  6 13:24:55 ovzhost sshd[1221]: PAM 2 more authentication failures; logname= uid=0 euid=0 tty=ssh ruser= rhost=43.255.190.148  user=root
Apr  6 13:24:55 ovzhost sshd[1225]: Failed password for root from 43.255.190.159 port 46406 ssh2
Apr  6 13:24:56 ovzhost sshd[1227]: pam_unix(sshd:auth): authentication failure; logname= uid=0 euid=0 tty=ssh ruser= rhost=43.255.190.148  user=root
Apr  6 13:24:58 ovzhost sshd[1227]: Failed password for root from 43.255.190.148 port 57277 ssh2
Apr  6 13:24:59 ovzhost sshd[1225]: message repeated 2 times: [ Failed password for root from 43.255.190.159 port 46406 ssh2]
Apr  6 13:24:59 ovzhost sshd[1225]: Received disconnect from 43.255.190.159: 11:  [preauth]
Apr  6 13:24:59 ovzhost sshd[1225]: PAM 2 more authentication failures; logname= uid=0 euid=0 tty=ssh ruser= rhost=43.255.190.159  user=root
Apr  6 13:25:00 ovzhost sshd[1229]: pam_unix(sshd:auth): authentication failure; logname= uid=0 euid=0 tty=ssh ruser= rhost=43.255.190.159  user=root
Apr  6 13:25:02 ovzhost sshd[1229]: Failed password for root from 43.255.190.159 port 33932 ssh2
Apr  6 13:25:02 ovzhost sshd[1227]: message repeated 2 times: [ Failed password for root from 43.255.190.148 port 57277 ssh2]
Apr  6 13:25:03 ovzhost sshd[1227]: Received disconnect from 43.255.190.148: 11:  [preauth]
Apr  6 13:25:03 ovzhost sshd[1227]: PAM 2 more authentication failures; logname= uid=0 euid=0 tty=ssh ruser= rhost=43.255.190.148  user=root
Apr  6 13:25:07 ovzhost sshd[1229]: message repeated 2 times: [ Failed password for root from 43.255.190.159 port 33932 ssh2]
Apr  6 13:25:07 ovzhost sshd[1229]: Received disconnect from 43.255.190.159: 11:  [preauth]
Apr  6 13:25:07 ovzhost sshd[1229]: PAM 2 more authentication failures; logname= uid=0 euid=0 tty=ssh ruser= rhost=43.255.190.159  user=root
Apr  6 13:25:07 ovzhost sshd[1231]: pam_unix(sshd:auth): authentication failure; logname= uid=0 euid=0 tty=ssh ruser= rhost=43.255.190.148  user=root
Apr  6 13:25:09 ovzhost sshd[1231]: Failed password for root from 43.255.190.148 port 47612 ssh2
Apr  6 13:25:15 ovzhost sshd[1231]: Received disconnect from 43.255.190.148: 11:  [preauth]
Apr  6 13:25:17 ovzhost sshd[1233]: Connection closed by 43.255.190.159 [preauth]
Apr  6 13:25:21 ovzhost sshd[1236]: Connection closed by 127.0.0.1 [preauth]
Apr  6 13:30:12 ovzhost sshd[1259]: Connection closed by 128.8.37.120 [preauth]
