Apr  2 14:31:44 ovzhost sshd[780]: Connection closed by 127.0.0.1 [preauth]
Apr  2 14:35:40 ovzhost sshd[811]: Connection closed by 128.8.37.120 [preauth]
Apr  2 14:36:44 ovzhost sshd[820]: Connection closed by 127.0.0.1 [preauth]
Apr  6 12:45:21 ovzhost sshd[691]: Connection closed by 127.0.0.1 [preauth]
Apr  6 12:50:12 ovzhost sshd[798]: Connection closed by 128.8.37.120 [preauth]
Apr  6 12:50:21 ovzhost sshd[801]: Connection closed by 127.0.0.1 [preauth]
Apr  6 12:54:12 ovzhost sshd[816]: pam_unix(sshd:auth): authentication failure; logname= uid=0 euid=0 tty=ssh ruser= rhost=175.119.226.215  user=root
Apr  6 12:54:14 ovzhost sshd[816]: Failed password for root from 175.119.226.215 port 7176 ssh2
Apr  6 12:54:19 ovzhost sshd[816]: message repeated 2 times: [ Failed password for root from 175.119.226.215 port 7176 ssh2]
Apr  6 12:54:19 ovzhost sshd[816]: Connection closed by 175.119.226.215 [preauth]
Apr  6 12:54:19 ovzhost sshd[816]: PAM 2 more authentication failures; logname= uid=0 euid=0 tty=ssh ruser= rhost=175.119.226.215  user=root
Apr  6 12:55:21 ovzhost sshd[822]: Connection closed by 127.0.0.1 [preauth]
Apr  6 13:00:01 ovzhost CRON[844]: pam_env(cron:session): Unable to open env file: /etc/default/locale: No such file or directory
Apr  6 13:00:01 ovzhost CRON[844]: pam_unix(cron:session): session opened for user smmsp by (uid=0)
Apr  6 13:00:01 ovzhost CRON[844]: pam_unix(cron:session): session closed for user smmsp
Apr  6 13:00:12 ovzhost sshd[871]: Connection closed by 128.8.37.120 [preauth]
Apr  6 13:00:21 ovzhost sshd[874]: Connection closed by 127.0.0.1 [preauth]
Apr  6 13:02:25 ovzhost sshd[882]: Invalid user abhijitg from 221.146.74.146
Apr  6 13:02:25 ovzhost sshd[882]: input_userauth_request: invalid user abhijitg [preauth]
Apr  6 13:02:25 ovzhost sshd[882]: pam_unix(sshd:auth): check pass; user unknown
Apr  6 13:02:25 ovzhost sshd[882]: pam_unix(sshd:auth): authentication failure; logname= uid=0 euid=0 tty=ssh ruser= rhost=221.146.74.146 
Apr  6 13:02:27 ovzhost sshd[882]: Failed password for invalid user abhijitg from 221.146.74.146 port 17830 ssh2
Apr  6 13:02:27 ovzhost sshd[882]: Connection closed by 221.146.74.146 [preauth]
Apr  6 13:05:21 ovzhost sshd[895]: Connection closed by 127.0.0.1 [preauth]
Apr  6 13:08:48 ovzhost sshd[911]: fatal: Read from socket failed: Connection reset by peer [preauth]
Apr  6 13:09:01 ovzhost CRON[915]: pam_env(cron:session): Unable to open env file: /etc/default/locale: No such file or directory
Apr  6 13:09:01 ovzhost CRON[916]: pam_env(cron:session): Unable to open env file: /etc/default/locale: No such file or directory
Apr  6 13:09:01 ovzhost CRON[916]: pam_unix(cron:session): session opened for user root by (uid=0)
Apr  6 13:09:01 ovzhost CRON[915]: pam_unix(cron:session): session opened for user root by (uid=0)
Apr  6 13:09:01 ovzhost CRON[915]: pam_unix(cron:session): session closed for user root
Apr  6 13:09:01 ovzhost CRON[916]: pam_unix(cron:session): session closed for user root
Apr  6 13:10:12 ovzhost sshd[934]: Connection closed by 128.8.37.120 [preauth]
Apr  6 13:10:21 ovzhost sshd[937]: Connection closed by 127.0.0.1 [preauth]
Apr  6 13:15:21 ovzhost sshd[956]: Connection closed by 127.0.0.1 [preauth]
Apr  6 13:16:41 ovzhost sshd[964]: pam_unix(sshd:auth): authentication failure; logname= uid=0 euid=0 tty=ssh ruser= rhost=43.255.190.148  user=root
Apr  6 13:16:43 ovzhost sshd[964]: Failed password for root from 43.255.190.148 port 58146 ssh2
Apr  6 13:16:46 ovzhost sshd[964]: message repeated 2 times: [ Failed password for root from 43.255.190.148 port 58146 ssh2]
Apr  6 13:16:47 ovzhost sshd[964]: Received disconnect from 43.255.190.148: 11:  [preauth]
Apr  6 13:16:47 ovzhost sshd[964]: PAM 2 more authentication failures; logname= uid=0 euid=0 tty=ssh ruser= rhost=43.255.190.148  user=root
Apr  6 13:16:47 ovzhost sshd[966]: pam_unix(sshd:auth): authentication failure; logname= uid=0 euid=0 tty=ssh ruser= rhost=43.255.190.148  user=root
Apr  6 13:16:49 ovzhost sshd[966]: Failed password for root from 43.255.190.148 port 46005 ssh2
Apr  6 13:16:53 ovzhost sshd[966]: message repeated 2 times: [ Failed password for root from 43.255.190.148 port 46005 ssh2]
Apr  6 13:16:53 ovzhost sshd[966]: Received disconnect from 43.255.190.148: 11:  [preauth]
Apr  6 13:16:53 ovzhost sshd[966]: PAM 2 more authentication failures; logname= uid=0 euid=0 tty=ssh ruser= rhost=43.255.190.148  user=root
Apr  6 13:16:54 ovzhost sshd[968]: pam_unix(sshd:auth): authentication failure; logname= uid=0 euid=0 tty=ssh ruser= rhost=43.255.190.148  user=root
Apr  6 13:16:56 ovzhost sshd[968]: Failed password for root from 43.255.190.148 port 59316 ssh2
Apr  6 13:17:02 ovzhost sshd[970]: pam_unix(sshd:auth): authentication failure; logname= uid=0 euid=0 tty=ssh ruser= rhost=43.255.190.148  user=root
Apr  6 13:17:01 ovzhost sshd[968]: message repeated 2 times: [ Failed password for root from 43.255.190.148 port 59316 ssh2]
Apr  6 13:17:02 ovzhost sshd[968]: Received disconnect from 43.255.190.148: 11:  [preauth]
Apr  6 13:17:02 ovzhost sshd[968]: PAM 2 more authentication failures; logname= uid=0 euid=0 tty=ssh ruser= rhost=43.255.190.148  user=root
Apr  6 13:17:03 ovzhost sshd[970]: Failed password for root from 43.255.190.148 port 47601 ssh2
Apr  6 13:17:06 ovzhost sshd[970]: Failed password for root from 43.255.190.148 port 47601 ssh2
Apr  6 13:17:06 ovzhost sshd[970]: Received disconnect from 43.255.190.148: 11:  [preauth]
Apr  6 13:17:06 ovzhost sshd[970]: PAM 1 more authentication failure; logname= uid=0 euid=0 tty=ssh ruser= rhost=43.255.190.148  user=root
Apr  6 13:17:11 ovzhost sshd[973]: pam_unix(sshd:auth): authentication failure; logname= uid=0 euid=0 tty=ssh ruser= rhost=43.255.190.148  user=root
Apr  6 13:17:13 ovzhost sshd[973]: Failed password for root from 43.255.190.148 port 59844 ssh2
Apr  6 13:17:17 ovzhost sshd[973]: message repeated 2 times: [ Failed password for root from 43.255.190.148 port 59844 ssh2]
Apr  6 13:17:17 ovzhost sshd[973]: Received disconnect from 43.255.190.148: 11:  [preauth]
Apr  6 13:17:17 ovzhost sshd[973]: PAM 2 more authentication failures; logname= uid=0 euid=0 tty=ssh ruser= rhost=43.255.190.148  user=root
Apr  6 13:17:19 ovzhost sshd[975]: pam_unix(sshd:auth): authentication failure; logname= uid=0 euid=0 tty=ssh ruser= rhost=43.255.190.148  user=root
Apr  6 13:17:21 ovzhost sshd[975]: Failed password for root from 43.255.190.148 port 39682 ssh2
Apr  6 13:17:25 ovzhost sshd[975]: message repeated 2 times: [ Failed password for root from 43.255.190.148 port 39682 ssh2]
Apr  6 13:17:25 ovzhost sshd[975]: Received disconnect from 43.255.190.148: 11:  [preauth]
Apr  6 13:17:25 ovzhost sshd[975]: PAM 2 more authentication failures; logname= uid=0 euid=0 tty=ssh ruser= rhost=43.255.190.148  user=root
Apr  6 13:17:26 ovzhost sshd[977]: pam_unix(sshd:auth): authentication failure; logname= uid=0 euid=0 tty=ssh ruser= rhost=43.255.190.148  user=root
Apr  6 13:17:27 ovzhost sshd[977]: Failed password for root from 43.255.190.148 port 55821 ssh2
Apr  6 13:17:32 ovzhost sshd[977]: message repeated 2 times: [ Failed password for root from 43.255.190.148 port 55821 ssh2]
Apr  6 13:17:32 ovzhost sshd[977]: Received disconnect from 43.255.190.148: 11:  [preauth]
Apr  6 13:17:32 ovzhost sshd[977]: PAM 2 more authentication failures; logname= uid=0 euid=0 tty=ssh ruser= rhost=43.255.190.148  user=root
Apr  6 13:17:33 ovzhost sshd[981]: pam_unix(sshd:auth): authentication failure; logname= uid=0 euid=0 tty=ssh ruser= rhost=43.255.190.148  user=root
Apr  6 13:17:35 ovzhost sshd[981]: Failed password for root from 43.255.190.148 port 44622 ssh2
Apr  6 13:17:38 ovzhost sshd[981]: message repeated 2 times: [ Failed password for root from 43.255.190.148 port 44622 ssh2]
Apr  6 13:17:38 ovzhost sshd[981]: Received disconnect from 43.255.190.148: 11:  [preauth]
Apr  6 13:17:38 ovzhost sshd[981]: PAM 2 more authentication failures; logname= uid=0 euid=0 tty=ssh ruser= rhost=43.255.190.148  user=root
Apr  6 13:17:39 ovzhost sshd[983]: pam_unix(sshd:auth): authentication failure; logname= uid=0 euid=0 tty=ssh ruser= rhost=43.255.190.148  user=root
Apr  6 13:17:41 ovzhost sshd[983]: Failed password for root from 43.255.190.148 port 56948 ssh2
Apr  6 13:17:44 ovzhost sshd[986]: pam_unix(sshd:auth): authentication failure; logname= uid=0 euid=0 tty=ssh ruser= rhost=43.255.190.159  user=root
Apr  6 13:17:46 ovzhost sshd[986]: Failed password for root from 43.255.190.159 port 49533 ssh2
Apr  6 13:17:46 ovzhost sshd[983]: message repeated 2 times: [ Failed password for root from 43.255.190.148 port 56948 ssh2]
Apr  6 13:17:46 ovzhost sshd[983]: Received disconnect from 43.255.190.148: 11:  [preauth]
Apr  6 13:17:46 ovzhost sshd[983]: PAM 2 more authentication failures; logname= uid=0 euid=0 tty=ssh ruser= rhost=43.255.190.148  user=root
Apr  6 13:17:46 ovzhost sshd[988]: pam_unix(sshd:auth): authentication failure; logname= uid=0 euid=0 tty=ssh ruser= rhost=43.255.190.148  user=root
Apr  6 13:17:49 ovzhost sshd[988]: Failed password for root from 43.255.190.148 port 43039 ssh2
Apr  6 13:17:50 ovzhost sshd[986]: message repeated 2 times: [ Failed password for root from 43.255.190.159 port 49533 ssh2]
Apr  6 13:17:50 ovzhost sshd[986]: Received disconnect from 43.255.190.159: 11:  [preauth]
Apr  6 13:17:50 ovzhost sshd[986]: PAM 2 more authentication failures; logname= uid=0 euid=0 tty=ssh ruser= rhost=43.255.190.159  user=root
Apr  6 13:17:51 ovzhost sshd[990]: pam_unix(sshd:auth): authentication failure; logname= uid=0 euid=0 tty=ssh ruser= rhost=43.255.190.159  user=root
Apr  6 13:17:52 ovzhost sshd[988]: message repeated 2 times: [ Failed password for root from 43.255.190.148 port 43039 ssh2]
Apr  6 13:17:53 ovzhost sshd[988]: Received disconnect from 43.255.190.148: 11:  [preauth]
Apr  6 13:17:53 ovzhost sshd[988]: PAM 2 more authentication failures; logname= uid=0 euid=0 tty=ssh ruser= rhost=43.255.190.148  user=root
Apr  6 13:17:53 ovzhost sshd[990]: Failed password for root from 43.255.190.159 port 35189 ssh2
Apr  6 13:17:57 ovzhost sshd[992]: pam_unix(sshd:auth): authentication failure; logname= uid=0 euid=0 tty=ssh ruser= rhost=43.255.190.148  user=root
Apr  6 13:17:58 ovzhost sshd[990]: message repeated 2 times: [ Failed password for root from 43.255.190.159 port 35189 ssh2]
Apr  6 13:17:58 ovzhost sshd[990]: Received disconnect from 43.255.190.159: 11:  [preauth]
Apr  6 13:17:58 ovzhost sshd[990]: PAM 2 more authentication failures; logname= uid=0 euid=0 tty=ssh ruser= rhost=43.255.190.159  user=root
Apr  6 13:18:00 ovzhost sshd[992]: Failed password for root from 43.255.190.148 port 56487 ssh2
Apr  6 13:18:01 ovzhost sshd[994]: pam_unix(sshd:auth): authentication failure; logname= uid=0 euid=0 tty=ssh ruser= rhost=43.255.190.159  user=root
Apr  6 13:18:03 ovzhost sshd[994]: Failed password for root from 43.255.190.159 port 51178 ssh2
Apr  6 13:18:04 ovzhost sshd[992]: message repeated 2 times: [ Failed password for root from 43.255.190.148 port 56487 ssh2]
Apr  6 13:18:04 ovzhost sshd[992]: Received disconnect from 43.255.190.148: 11:  [preauth]
Apr  6 13:18:04 ovzhost sshd[992]: PAM 2 more authentication failures; logname= uid=0 euid=0 tty=ssh ruser= rhost=43.255.190.148  user=root
Apr  6 13:18:05 ovzhost sshd[998]: pam_unix(sshd:auth): authentication failure; logname= uid=0 euid=0 tty=ssh ruser= rhost=43.255.190.148  user=root
Apr  6 13:18:07 ovzhost sshd[998]: Failed password for root from 43.255.190.148 port 50692 ssh2
Apr  6 13:18:08 ovzhost sshd[994]: message repeated 2 times: [ Failed password for root from 43.255.190.159 port 51178 ssh2]
Apr  6 13:18:08 ovzhost sshd[994]: Received disconnect from 43.255.190.159: 11:  [preauth]
Apr  6 13:18:08 ovzhost sshd[994]: PAM 2 more authentication failures; logname= uid=0 euid=0 tty=ssh ruser= rhost=43.255.190.159  user=root
Apr  6 13:18:12 ovzhost sshd[998]: message repeated 2 times: [ Failed password for root from 43.255.190.148 port 50692 ssh2]
Apr  6 13:18:12 ovzhost sshd[998]: Received disconnect from 43.255.190.148: 11:  [preauth]
Apr  6 13:18:12 ovzhost sshd[998]: PAM 2 more authentication failures; logname= uid=0 euid=0 tty=ssh ruser= rhost=43.255.190.148  user=root
Apr  6 13:18:12 ovzhost sshd[1000]: pam_unix(sshd:auth): authentication failure; logname= uid=0 euid=0 tty=ssh ruser= rhost=43.255.190.159  user=root
Apr  6 13:18:14 ovzhost sshd[1000]: Failed password for root from 43.255.190.159 port 44551 ssh2
Apr  6 13:18:16 ovzhost sshd[1004]: pam_unix(sshd:auth): authentication failure; logname= uid=0 euid=0 tty=ssh ruser= rhost=43.255.190.148  user=root
Apr  6 13:18:18 ovzhost sshd[1004]: Failed password for root from 43.255.190.148 port 36418 ssh2
Apr  6 13:18:19 ovzhost sshd[1000]: message repeated 2 times: [ Failed password for root from 43.255.190.159 port 44551 ssh2]
Apr  6 13:18:19 ovzhost sshd[1000]: Received disconnect from 43.255.190.159: 11:  [preauth]
Apr  6 13:18:19 ovzhost sshd[1000]: PAM 2 more authentication failures; logname= uid=0 euid=0 tty=ssh ruser= rhost=43.255.190.159  user=root
Apr  6 13:18:22 ovzhost sshd[1006]: pam_unix(sshd:auth): authentication failure; logname= uid=0 euid=0 tty=ssh ruser= rhost=43.255.190.159  user=root
Apr  6 13:18:22 ovzhost sshd[1004]: message repeated 2 times: [ Failed password for root from 43.255.190.148 port 36418 ssh2]
Apr  6 13:18:22 ovzhost sshd[1004]: Received disconnect from 43.255.190.148: 11:  [preauth]
Apr  6 13:18:22 ovzhost sshd[1004]: PAM 2 more authentication failures; logname= uid=0 euid=0 tty=ssh ruser= rhost=43.255.190.148  user=root
Apr  6 13:18:23 ovzhost sshd[1008]: pam_unix(sshd:auth): authentication failure; logname= uid=0 euid=0 tty=ssh ruser= rhost=43.255.190.148  user=root
Apr  6 13:18:24 ovzhost sshd[1006]: Failed password for root from 43.255.190.159 port 39586 ssh2
Apr  6 13:18:24 ovzhost sshd[1008]: Failed password for root from 43.255.190.148 port 57710 ssh2
Apr  6 13:18:29 ovzhost sshd[1008]: message repeated 2 times: [ Failed password for root from 43.255.190.148 port 57710 ssh2]
Apr  6 13:18:29 ovzhost sshd[1008]: Received disconnect from 43.255.190.148: 11:  [preauth]
Apr  6 13:18:29 ovzhost sshd[1008]: PAM 2 more authentication failures; logname= uid=0 euid=0 tty=ssh ruser= rhost=43.255.190.148  user=root
Apr  6 13:18:30 ovzhost sshd[1010]: pam_unix(sshd:auth): authentication failure; logname= uid=0 euid=0 tty=ssh ruser= rhost=43.255.190.148  user=root
Apr  6 13:18:32 ovzhost sshd[1010]: Failed password for root from 43.255.190.148 port 43300 ssh2
Apr  6 13:18:38 ovzhost sshd[1012]: pam_unix(sshd:auth): authentication failure; logname= uid=0 euid=0 tty=ssh ruser= rhost=43.255.190.148  user=root
Apr  6 13:18:37 ovzhost sshd[1010]: message repeated 2 times: [ Failed password for root from 43.255.190.148 port 43300 ssh2]
Apr  6 13:18:39 ovzhost sshd[1010]: Received disconnect from 43.255.190.148: 11:  [preauth]
Apr  6 13:18:39 ovzhost sshd[1010]: PAM 2 more authentication failures; logname= uid=0 euid=0 tty=ssh ruser= rhost=43.255.190.148  user=root
Apr  6 13:18:33 ovzhost sshd[1006]: message repeated 2 times: [ Failed password for root from 43.255.190.159 port 39586 ssh2]
Apr  6 13:18:40 ovzhost sshd[1006]: Received disconnect from 43.255.190.159: 11:  [preauth]
Apr  6 13:18:40 ovzhost sshd[1006]: PAM 2 more authentication failures; logname= uid=0 euid=0 tty=ssh ruser= rhost=43.255.190.159  user=root
Apr  6 13:18:40 ovzhost sshd[1012]: Failed password for root from 43.255.190.148 port 59317 ssh2
Apr  6 13:18:44 ovzhost sshd[1016]: pam_unix(sshd:auth): authentication failure; logname= uid=0 euid=0 tty=ssh ruser= rhost=43.255.190.159  user=root
Apr  6 13:18:45 ovzhost sshd[1012]: message repeated 2 times: [ Failed password for root from 43.255.190.148 port 59317 ssh2]
Apr  6 13:18:45 ovzhost sshd[1012]: Received disconnect from 43.255.190.148: 11:  [preauth]
Apr  6 13:18:45 ovzhost sshd[1012]: PAM 2 more authentication failures; logname= uid=0 euid=0 tty=ssh ruser= rhost=43.255.190.148  user=root
Apr  6 13:18:46 ovzhost sshd[1016]: Failed password for root from 43.255.190.159 port 54640 ssh2
Apr  6 13:18:46 ovzhost sshd[1018]: pam_unix(sshd:auth): authentication failure; logname= uid=0 euid=0 tty=ssh ruser= rhost=43.255.190.148  user=root
Apr  6 13:18:48 ovzhost sshd[1018]: Failed password for root from 43.255.190.148 port 46349 ssh2
Apr  6 13:18:52 ovzhost sshd[1016]: message repeated 2 times: [ Failed password for root from 43.255.190.159 port 54640 ssh2]
Apr  6 13:18:52 ovzhost sshd[1016]: Received disconnect from 43.255.190.159: 11:  [preauth]
Apr  6 13:18:52 ovzhost sshd[1016]: PAM 2 more authentication failures; logname= uid=0 euid=0 tty=ssh ruser= rhost=43.255.190.159  user=root
Apr  6 13:18:53 ovzhost sshd[1018]: message repeated 2 times: [ Failed password for root from 43.255.190.148 port 46349 ssh2]
Apr  6 13:18:53 ovzhost sshd[1018]: Received disconnect from 43.255.190.148: 11:  [preauth]
Apr  6 13:18:53 ovzhost sshd[1018]: PAM 2 more authentication failures; logname= uid=0 euid=0 tty=ssh ruser= rhost=43.255.190.148  user=root
Apr  6 13:18:54 ovzhost sshd[1022]: pam_unix(sshd:auth): authentication failure; logname= uid=0 euid=0 tty=ssh ruser= rhost=43.255.190.148  user=root
Apr  6 13:18:54 ovzhost sshd[1020]: pam_unix(sshd:auth): authentication failure; logname= uid=0 euid=0 tty=ssh ruser= rhost=43.255.190.159  user=root
Apr  6 13:18:56 ovzhost sshd[1022]: Failed password for root from 43.255.190.148 port 32957 ssh2
Apr  6 13:18:56 ovzhost sshd[1020]: Failed password for root from 43.255.190.159 port 51437 ssh2
Apr  6 13:19:01 ovzhost sshd[1020]: message repeated 2 times: [ Failed password for root from 43.255.190.159 port 51437 ssh2]
Apr  6 13:19:01 ovzhost sshd[1020]: Received disconnect from 43.255.190.159: 11:  [preauth]
Apr  6 13:19:01 ovzhost sshd[1020]: PAM 2 more authentication failures; logname= uid=0 euid=0 tty=ssh ruser= rhost=43.255.190.159  user=root
Apr  6 13:19:01 ovzhost sshd[1022]: message repeated 2 times: [ Failed password for root from 43.255.190.148 port 32957 ssh2]
Apr  6 13:19:01 ovzhost sshd[1022]: Received disconnect from 43.255.190.148: 11:  [preauth]
Apr  6 13:19:01 ovzhost sshd[1022]: PAM 2 more authentication failures; logname= uid=0 euid=0 tty=ssh ruser= rhost=43.255.190.148  user=root
Apr  6 13:19:02 ovzhost sshd[1026]: pam_unix(sshd:auth): authentication failure; logname= uid=0 euid=0 tty=ssh ruser= rhost=43.255.190.148  user=root
Apr  6 13:19:03 ovzhost sshd[1024]: pam_unix(sshd:auth): authentication failure; logname= uid=0 euid=0 tty=ssh ruser= rhost=43.255.190.159  user=root
Apr  6 13:19:04 ovzhost sshd[1026]: Failed password for root from 43.255.190.148 port 50914 ssh2
Apr  6 13:19:06 ovzhost sshd[1024]: Failed password for root from 43.255.190.159 port 42542 ssh2
Apr  6 13:19:10 ovzhost sshd[1026]: message repeated 2 times: [ Failed password for root from 43.255.190.148 port 50914 ssh2]
Apr  6 13:19:10 ovzhost sshd[1026]: Received disconnect from 43.255.190.148: 11:  [preauth]
Apr  6 13:19:10 ovzhost sshd[1026]: PAM 2 more authentication failures; logname= uid=0 euid=0 tty=ssh ruser= rhost=43.255.190.148  user=root
Apr  6 13:19:11 ovzhost sshd[1024]: message repeated 2 times: [ Failed password for root from 43.255.190.159 port 42542 ssh2]
Apr  6 13:19:11 ovzhost sshd[1024]: Received disconnect from 43.255.190.159: 11:  [preauth]
Apr  6 13:19:11 ovzhost sshd[1024]: PAM 2 more authentication failures; logname= uid=0 euid=0 tty=ssh ruser= rhost=43.255.190.159  user=root
Apr  6 13:19:13 ovzhost sshd[1029]: pam_unix(sshd:auth): authentication failure; logname= uid=0 euid=0 tty=ssh ruser= rhost=43.255.190.148  user=root
Apr  6 13:19:14 ovzhost sshd[1033]: pam_unix(sshd:auth): authentication failure; logname= uid=0 euid=0 tty=ssh ruser= rhost=43.255.190.159  user=root
Apr  6 13:19:15 ovzhost sshd[1029]: Failed password for root from 43.255.190.148 port 42401 ssh2
Apr  6 13:19:16 ovzhost sshd[1033]: Failed password for root from 43.255.190.159 port 35964 ssh2
Apr  6 13:19:20 ovzhost sshd[1029]: message repeated 2 times: [ Failed password for root from 43.255.190.148 port 42401 ssh2]
Apr  6 13:19:20 ovzhost sshd[1029]: Received disconnect from 43.255.190.148: 11:  [preauth]
Apr  6 13:19:20 ovzhost sshd[1029]: PAM 2 more authentication failures; logname= uid=0 euid=0 tty=ssh ruser= rhost=43.255.190.148  user=root
Apr  6 13:19:20 ovzhost sshd[1033]: message repeated 2 times: [ Failed password for root from 43.255.190.159 port 35964 ssh2]
Apr  6 13:19:20 ovzhost sshd[1033]: Received disconnect from 43.255.190.159: 11:  [preauth]
Apr  6 13:19:20 ovzhost sshd[1033]: PAM 2 more authentication failures; logname= uid=0 euid=0 tty=ssh ruser= rhost=43.255.190.159  user=root
Apr  6 13:19:22 ovzhost sshd[1036]: pam_unix(sshd:auth): authentication failure; logname= uid=0 euid=0 tty=ssh ruser= rhost=43.255.190.159  user=root
Apr  6 13:19:25 ovzhost sshd[1036]: Failed password for root from 43.255.190.159 port 56584 ssh2
Apr  6 13:19:26 ovzhost sshd[1035]: pam_unix(sshd:auth): authentication failure; logname= uid=0 euid=0 tty=ssh ruser= rhost=43.255.190.148  user=root
Apr  6 13:19:28 ovzhost sshd[1035]: Failed password for root from 43.255.190.148 port 35336 ssh2
Apr  6 13:19:30 ovzhost sshd[1036]: message repeated 2 times: [ Failed password for root from 43.255.190.159 port 56584 ssh2]
Apr  6 13:19:30 ovzhost sshd[1036]: Received disconnect from 43.255.190.159: 11:  [preauth]
Apr  6 13:19:30 ovzhost sshd[1036]: PAM 2 more authentication failures; logname= uid=0 euid=0 tty=ssh ruser= rhost=43.255.190.159  user=root
Apr  6 13:19:34 ovzhost sshd[1039]: pam_unix(sshd:auth): authentication failure; logname= uid=0 euid=0 tty=ssh ruser= rhost=43.255.190.159  user=root
Apr  6 13:19:32 ovzhost sshd[1035]: message repeated 2 times: [ Failed password for root from 43.255.190.148 port 35336 ssh2]
Apr  6 13:19:35 ovzhost sshd[1035]: Received disconnect from 43.255.190.148: 11:  [preauth]
Apr  6 13:19:35 ovzhost sshd[1035]: PAM 2 more authentication failures; logname= uid=0 euid=0 tty=ssh ruser= rhost=43.255.190.148  user=root
Apr  6 13:19:37 ovzhost sshd[1039]: Failed password for root from 43.255.190.159 port 48970 ssh2
Apr  6 13:19:42 ovzhost sshd[1039]: message repeated 2 times: [ Failed password for root from 43.255.190.159 port 48970 ssh2]
Apr  6 13:19:42 ovzhost sshd[1039]: Received disconnect from 43.255.190.159: 11:  [preauth]
Apr  6 13:19:42 ovzhost sshd[1039]: PAM 2 more authentication failures; logname= uid=0 euid=0 tty=ssh ruser= rhost=43.255.190.159  user=root
Apr  6 13:19:43 ovzhost sshd[1044]: pam_unix(sshd:auth): authentication failure; logname= uid=0 euid=0 tty=ssh ruser= rhost=43.255.190.159  user=root
Apr  6 13:19:44 ovzhost sshd[1041]: pam_unix(sshd:auth): authentication failure; logname= uid=0 euid=0 tty=ssh ruser= rhost=43.255.190.148  user=root
Apr  6 13:19:45 ovzhost sshd[1044]: Failed password for root from 43.255.190.159 port 46838 ssh2
Apr  6 13:19:46 ovzhost sshd[1041]: Failed password for root from 43.255.190.148 port 41882 ssh2
Apr  6 13:19:51 ovzhost sshd[1044]: message repeated 2 times: [ Failed password for root from 43.255.190.159 port 46838 ssh2]
Apr  6 13:19:51 ovzhost sshd[1044]: Received disconnect from 43.255.190.159: 11:  [preauth]
Apr  6 13:19:51 ovzhost sshd[1044]: PAM 2 more authentication failures; logname= uid=0 euid=0 tty=ssh ruser= rhost=43.255.190.159  user=root
Apr  6 13:19:51 ovzhost sshd[1041]: message repeated 2 times: [ Failed password for root from 43.255.190.148 port 41882 ssh2]
Apr  6 13:19:51 ovzhost sshd[1041]: Received disconnect from 43.255.190.148: 11:  [preauth]
Apr  6 13:19:51 ovzhost sshd[1041]: PAM 2 more authentication failures; logname= uid=0 euid=0 tty=ssh ruser= rhost=43.255.190.148  user=root
Apr  6 13:19:51 ovzhost sshd[1046]: pam_unix(sshd:auth): authentication failure; logname= uid=0 euid=0 tty=ssh ruser= rhost=43.255.190.159  user=root
Apr  6 13:19:52 ovzhost sshd[1048]: pam_unix(sshd:auth): authentication failure; logname= uid=0 euid=0 tty=ssh ruser= rhost=43.255.190.148  user=root
Apr  6 13:19:53 ovzhost sshd[1046]: Failed password for root from 43.255.190.159 port 37967 ssh2
Apr  6 13:19:53 ovzhost sshd[1048]: Failed password for root from 43.255.190.148 port 48195 ssh2
Apr  6 13:19:57 ovzhost sshd[1046]: message repeated 2 times: [ Failed password for root from 43.255.190.159 port 37967 ssh2]
Apr  6 13:19:57 ovzhost sshd[1046]: Received disconnect from 43.255.190.159: 11:  [preauth]
Apr  6 13:19:57 ovzhost sshd[1046]: PAM 2 more authentication failures; logname= uid=0 euid=0 tty=ssh ruser= rhost=43.255.190.159  user=root
Apr  6 13:19:57 ovzhost sshd[1048]: message repeated 2 times: [ Failed password for root from 43.255.190.148 port 48195 ssh2]
Apr  6 13:19:57 ovzhost sshd[1048]: Received disconnect from 43.255.190.148: 11:  [preauth]
Apr  6 13:19:57 ovzhost sshd[1048]: PAM 2 more authentication failures; logname= uid=0 euid=0 tty=ssh ruser= rhost=43.255.190.148  user=root
Apr  6 13:19:58 ovzhost sshd[1050]: pam_unix(sshd:auth): authentication failure; logname= uid=0 euid=0 tty=ssh ruser= rhost=43.255.190.148  user=root
Apr  6 13:20:00 ovzhost sshd[1052]: pam_unix(sshd:auth): authentication failure; logname= uid=0 euid=0 tty=ssh ruser= rhost=43.255.190.159  user=root
Apr  6 13:20:01 ovzhost sshd[1050]: Failed password for root from 43.255.190.148 port 34707 ssh2
Apr  6 13:20:01 ovzhost CRON[1054]: pam_env(cron:session): Unable to open env file: /etc/default/locale: No such file or directory
Apr  6 13:20:01 ovzhost CRON[1054]: pam_unix(cron:session): session opened for user smmsp by (uid=0)
Apr  6 13:20:01 ovzhost CRON[1054]: pam_unix(cron:session): session closed for user smmsp
Apr  6 13:20:02 ovzhost sshd[1052]: Failed password for root from 43.255.190.159 port 53361 ssh2
Apr  6 13:20:05 ovzhost sshd[1050]: message repeated 2 times: [ Failed password for root from 43.255.190.148 port 34707 ssh2]
Apr  6 13:20:05 ovzhost sshd[1050]: Received disconnect from 43.255.190.148: 11:  [preauth]
Apr  6 13:20:05 ovzhost sshd[1050]: PAM 2 more authentication failures; logname= uid=0 euid=0 tty=ssh ruser= rhost=43.255.190.148  user=root
Apr  6 13:20:10 ovzhost sshd[1052]: message repeated 2 times: [ Failed password for root from 43.255.190.159 port 53361 ssh2]
Apr  6 13:20:11 ovzhost sshd[1052]: Received disconnect from 43.255.190.159: 11:  [preauth]
Apr  6 13:20:11 ovzhost sshd[1052]: PAM 2 more authentication failures; logname= uid=0 euid=0 tty=ssh ruser= rhost=43.255.190.159  user=root
Apr  6 13:20:12 ovzhost sshd[1083]: Connection closed by 128.8.37.120 [preauth]
Apr  6 13:20:15 ovzhost sshd[1085]: pam_unix(sshd:auth): authentication failure; logname= uid=0 euid=0 tty=ssh ruser= rhost=128.134.54.57  user=root
Apr  6 13:20:16 ovzhost sshd[1080]: Connection closed by 43.255.190.148 [preauth]
Apr  6 13:20:17 ovzhost sshd[1085]: Failed password for root from 128.134.54.57 port 43515 ssh2
Apr  6 13:20:21 ovzhost sshd[1092]: Connection closed by 127.0.0.1 [preauth]
Apr  6 13:20:21 ovzhost sshd[1085]: message repeated 2 times: [ Failed password for root from 128.134.54.57 port 43515 ssh2]
Apr  6 13:20:21 ovzhost sshd[1085]: Connection closed by 128.134.54.57 [preauth]
Apr  6 13:20:21 ovzhost sshd[1085]: PAM 2 more authentication failures; logname= uid=0 euid=0 tty=ssh ruser= rhost=128.134.54.57  user=root
Apr  6 13:20:28 ovzhost sshd[1089]: Received disconnect from 43.255.190.148: 11:  [preauth]
Apr  6 13:20:29 ovzhost sshd[1087]: Received disconnect from 43.255.190.159: 11:  [preauth]
Apr  6 13:20:34 ovzhost sshd[1096]: pam_unix(sshd:auth): authentication failure; logname= uid=0 euid=0 tty=ssh ruser= rhost=43.255.190.159  user=root
Apr  6 13:20:36 ovzhost sshd[1096]: Failed password for root from 43.255.190.159 port 59779 ssh2
Apr  6 13:20:41 ovzhost sshd[1096]: message repeated 2 times: [ Failed password for root from 43.255.190.159 port 59779 ssh2]
Apr  6 13:20:41 ovzhost sshd[1096]: Received disconnect from 43.255.190.159: 11:  [preauth]
Apr  6 13:20:41 ovzhost sshd[1096]: PAM 2 more authentication failures; logname= uid=0 euid=0 tty=ssh ruser= rhost=43.255.190.159  user=root
Apr  6 13:20:46 ovzhost sshd[1094]: Received disconnect from 43.255.190.148: 11:  [preauth]
Apr  6 13:20:48 ovzhost sshd[1098]: pam_unix(sshd:auth): authentication failure; logname= uid=0 euid=0 tty=ssh ruser= rhost=43.255.190.159  user=root
Apr  6 13:20:50 ovzhost sshd[1098]: Failed password for root from 43.255.190.159 port 55524 ssh2
Apr  6 13:20:54 ovzhost sshd[1104]: Did not receive identification string from 23.95.103.243
Apr  6 13:20:57 ovzhost sshd[1100]: pam_unix(sshd:auth): authentication failure; logname= uid=0 euid=0 tty=ssh ruser= rhost=43.255.190.148  user=root
Apr  6 13:20:59 ovzhost sshd[1100]: Failed password for root from 43.255.190.148 port 52384 ssh2
Apr  6 13:20:57 ovzhost sshd[1098]: message repeated 2 times: [ Failed password for root from 43.255.190.159 port 55524 ssh2]
Apr  6 13:21:00 ovzhost sshd[1098]: Received disconnect from 43.255.190.159: 11:  [preauth]
Apr  6 13:21:00 ovzhost sshd[1098]: PAM 2 more authentication failures; logname= uid=0 euid=0 tty=ssh ruser= rhost=43.255.190.159  user=root
Apr  6 13:21:05 ovzhost sshd[1105]: pam_unix(sshd:auth): authentication failure; logname= uid=0 euid=0 tty=ssh ruser= rhost=43.255.190.159  user=root
Apr  6 13:21:02 ovzhost sshd[1100]: message repeated 2 times: [ Failed password for root from 43.255.190.148 port 52384 ssh2]
Apr  6 13:21:06 ovzhost sshd[1100]: Received disconnect from 43.255.190.148: 11:  [preauth]
Apr  6 13:21:06 ovzhost sshd[1100]: PAM 2 more authentication failures; logname= uid=0 euid=0 tty=ssh ruser= rhost=43.255.190.148  user=root
Apr  6 13:21:07 ovzhost sshd[1105]: Failed password for root from 43.255.190.159 port 35998 ssh2
Apr  6 13:21:08 ovzhost sshd[1107]: pam_unix(sshd:auth): authentication failure; logname= uid=0 euid=0 tty=ssh ruser= rhost=43.255.190.148  user=root
Apr  6 13:21:10 ovzhost sshd[1107]: Failed password for root from 43.255.190.148 port 39674 ssh2
Apr  6 13:21:12 ovzhost sshd[1105]: message repeated 2 times: [ Failed password for root from 43.255.190.159 port 35998 ssh2]
Apr  6 13:21:12 ovzhost sshd[1105]: Received disconnect from 43.255.190.159: 11:  [preauth]
Apr  6 13:21:12 ovzhost sshd[1105]: PAM 2 more authentication failures; logname= uid=0 euid=0 tty=ssh ruser= rhost=43.255.190.159  user=root
Apr  6 13:21:12 ovzhost sshd[1109]: pam_unix(sshd:auth): authentication failure; logname= uid=0 euid=0 tty=ssh ruser= rhost=43.255.190.159  user=root
Apr  6 13:21:14 ovzhost sshd[1109]: Failed password for root from 43.255.190.159 port 60693 ssh2
Apr  6 13:21:14 ovzhost sshd[1107]: message repeated 2 times: [ Failed password for root from 43.255.190.148 port 39674 ssh2]
Apr  6 13:21:14 ovzhost sshd[1107]: Received disconnect from 43.255.190.148: 11:  [preauth]
Apr  6 13:21:14 ovzhost sshd[1107]: PAM 2 more authentication failures; logname= uid=0 euid=0 tty=ssh ruser= rhost=43.255.190.148  user=root
Apr  6 13:21:17 ovzhost sshd[1113]: pam_unix(sshd:auth): authentication failure; logname= uid=0 euid=0 tty=ssh ruser= rhost=43.255.190.148  user=root
Apr  6 13:21:18 ovzhost sshd[1109]: message repeated 2 times: [ Failed password for root from 43.255.190.159 port 60693 ssh2]
Apr  6 13:21:18 ovzhost sshd[1109]: Received disconnect from 43.255.190.159: 11:  [preauth]
Apr  6 13:21:18 ovzhost sshd[1109]: PAM 2 more authentication failures; logname= uid=0 euid=0 tty=ssh ruser= rhost=43.255.190.159  user=root
Apr  6 13:21:19 ovzhost sshd[1113]: Failed password for root from 43.255.190.148 port 58217 ssh2
Apr  6 13:21:20 ovzhost sshd[1115]: pam_unix(sshd:auth): authentication failure; logname= uid=0 euid=0 tty=ssh ruser= rhost=43.255.190.159  user=root
Apr  6 13:21:22 ovzhost sshd[1115]: Failed password for root from 43.255.190.159 port 46913 ssh2
Apr  6 13:21:24 ovzhost sshd[1113]: message repeated 2 times: [ Failed password for root from 43.255.190.148 port 58217 ssh2]
Apr  6 13:21:24 ovzhost sshd[1113]: Received disconnect from 43.255.190.148: 11:  [preauth]
Apr  6 13:21:24 ovzhost sshd[1113]: PAM 2 more authentication failures; logname= uid=0 euid=0 tty=ssh ruser= rhost=43.255.190.148  user=root
Apr  6 13:21:27 ovzhost sshd[1115]: message repeated 2 times: [ Failed password for root from 43.255.190.159 port 46913 ssh2]
Apr  6 13:21:27 ovzhost sshd[1115]: Received disconnect from 43.255.190.159: 11:  [preauth]
Apr  6 13:21:27 ovzhost sshd[1115]: PAM 2 more authentication failures; logname= uid=0 euid=0 tty=ssh ruser= rhost=43.255.190.159  user=root
Apr  6 13:21:27 ovzhost sshd[1119]: pam_unix(sshd:auth): authentication failure; logname= uid=0 euid=0 tty=ssh ruser= rhost=43.255.190.159  user=root
Apr  6 13:21:29 ovzhost sshd[1119]: Failed password for root from 43.255.190.159 port 39123 ssh2
Apr  6 13:21:33 ovzhost sshd[1119]: message repeated 2 times: [ Failed password for root from 43.255.190.159 port 39123 ssh2]
Apr  6 13:21:33 ovzhost sshd[1119]: Received disconnect from 43.255.190.159: 11:  [preauth]
Apr  6 13:21:33 ovzhost sshd[1119]: PAM 2 more authentication failures; logname= uid=0 euid=0 tty=ssh ruser= rhost=43.255.190.159  user=root
Apr  6 13:21:34 ovzhost sshd[1122]: pam_unix(sshd:auth): authentication failure; logname= uid=0 euid=0 tty=ssh ruser= rhost=43.255.190.159  user=root
Apr  6 13:21:34 ovzhost sshd[1117]: pam_unix(sshd:auth): authentication failure; logname= uid=0 euid=0 tty=ssh ruser= rhost=43.255.190.148  user=root
Apr  6 13:21:36 ovzhost sshd[1122]: Failed password for root from 43.255.190.159 port 53969 ssh2
Apr  6 13:21:36 ovzhost sshd[1117]: Failed password for root from 43.255.190.148 port 53101 ssh2
Apr  6 13:21:39 ovzhost sshd[1122]: message repeated 2 times: [ Failed password for root from 43.255.190.159 port 53969 ssh2]
Apr  6 13:21:40 ovzhost sshd[1122]: Received disconnect from 43.255.190.159: 11:  [preauth]
Apr  6 13:21:40 ovzhost sshd[1122]: PAM 2 more authentication failures; logname= uid=0 euid=0 tty=ssh ruser= rhost=43.255.190.159  user=root
Apr  6 13:21:40 ovzhost sshd[1125]: pam_unix(sshd:auth): authentication failure; logname= uid=0 euid=0 tty=ssh ruser= rhost=43.255.190.159  user=root
Apr  6 13:21:42 ovzhost sshd[1125]: Failed password for root from 43.255.190.159 port 40662 ssh2
Apr  6 13:21:42 ovzhost sshd[1117]: message repeated 2 times: [ Failed password for root from 43.255.190.148 port 53101 ssh2]
Apr  6 13:21:43 ovzhost sshd[1117]: Received disconnect from 43.255.190.148: 11:  [preauth]
Apr  6 13:21:43 ovzhost sshd[1117]: PAM 2 more authentication failures; logname= uid=0 euid=0 tty=ssh ruser= rhost=43.255.190.148  user=root
Apr  6 13:21:44 ovzhost sshd[1127]: pam_unix(sshd:auth): authentication failure; logname= uid=0 euid=0 tty=ssh ruser= rhost=43.255.190.148  user=root
Apr  6 13:21:46 ovzhost sshd[1125]: message repeated 2 times: [ Failed password for root from 43.255.190.159 port 40662 ssh2]
Apr  6 13:21:46 ovzhost sshd[1125]: Received disconnect from 43.255.190.159: 11:  [preauth]
Apr  6 13:21:46 ovzhost sshd[1125]: PAM 2 more authentication failures; logname= uid=0 euid=0 tty=ssh ruser= rhost=43.255.190.159  user=root
Apr  6 13:21:46 ovzhost sshd[1127]: Failed password for root from 43.255.190.148 port 40090 ssh2
Apr  6 13:21:47 ovzhost sshd[1129]: pam_unix(sshd:auth): authentication failure; logname= uid=0 euid=0 tty=ssh ruser= rhost=43.255.190.159  user=root
Apr  6 13:21:48 ovzhost sshd[1129]: Failed password for root from 43.255.190.159 port 56216 ssh2
Apr  6 13:21:51 ovzhost sshd[1127]: message repeated 2 times: [ Failed password for root from 43.255.190.148 port 40090 ssh2]
Apr  6 13:21:51 ovzhost sshd[1127]: Received disconnect from 43.255.190.148: 11:  [preauth]
Apr  6 13:21:51 ovzhost sshd[1127]: PAM 2 more authentication failures; logname= uid=0 euid=0 tty=ssh ruser= rhost=43.255.190.148  user=root
Apr  6 13:21:52 ovzhost sshd[1131]: pam_unix(sshd:auth): authentication failure; logname= uid=0 euid=0 tty=ssh ruser= rhost=43.255.190.148  user=root
Apr  6 13:21:52 ovzhost sshd[1129]: message repeated 2 times: [ Failed password for root from 43.255.190.159 port 56216 ssh2]
Apr  6 13:21:52 ovzhost sshd[1129]: Received disconnect from 43.255.190.159: 11:  [preauth]
Apr  6 13:21:52 ovzhost sshd[1129]: PAM 2 more authentication failures; logname= uid=0 euid=0 tty=ssh ruser= rhost=43.255.190.159  user=root
Apr  6 13:21:52 ovzhost sshd[1133]: pam_unix(sshd:auth): authentication failure; logname= uid=0 euid=0 tty=ssh ruser= rhost=43.255.190.159  user=root
Apr  6 13:21:54 ovzhost sshd[1131]: Failed password for root from 43.255.190.148 port 60059 ssh2
Apr  6 13:21:55 ovzhost sshd[1133]: Failed password for root from 43.255.190.159 port 41163 ssh2
Apr  6 13:21:58 ovzhost sshd[1131]: message repeated 2 times: [ Failed password for root from 43.255.190.148 port 60059 ssh2]
Apr  6 13:21:58 ovzhost sshd[1131]: Received disconnect from 43.255.190.148: 11:  [preauth]
Apr  6 13:21:58 ovzhost sshd[1131]: PAM 2 more authentication failures; logname= uid=0 euid=0 tty=ssh ruser= rhost=43.255.190.148  user=root
Apr  6 13:21:59 ovzhost sshd[1133]: message repeated 2 times: [ Failed password for root from 43.255.190.159 port 41163 ssh2]
Apr  6 13:21:59 ovzhost sshd[1133]: Received disconnect from 43.255.190.159: 11:  [preauth]
Apr  6 13:21:59 ovzhost sshd[1133]: PAM 2 more authentication failures; logname= uid=0 euid=0 tty=ssh ruser= rhost=43.255.190.159  user=root
Apr  6 13:21:59 ovzhost sshd[1135]: pam_unix(sshd:auth): authentication failure; logname= uid=0 euid=0 tty=ssh ruser= rhost=43.255.190.148  user=root
Apr  6 13:21:59 ovzhost sshd[1137]: pam_unix(sshd:auth): authentication failure; logname= uid=0 euid=0 tty=ssh ruser= rhost=43.255.190.159  user=root
Apr  6 13:22:01 ovzhost sshd[1135]: Failed password for root from 43.255.190.148 port 47244 ssh2
Apr  6 13:22:01 ovzhost sshd[1137]: Failed password for root from 43.255.190.159 port 56869 ssh2
Apr  6 13:22:04 ovzhost sshd[1137]: message repeated 2 times: [ Failed password for root from 43.255.190.159 port 56869 ssh2]
Apr  6 13:22:04 ovzhost sshd[1137]: Received disconnect from 43.255.190.159: 11:  [preauth]
Apr  6 13:22:04 ovzhost sshd[1137]: PAM 2 more authentication failures; logname= uid=0 euid=0 tty=ssh ruser= rhost=43.255.190.159  user=root
Apr  6 13:22:05 ovzhost sshd[1139]: pam_unix(sshd:auth): authentication failure; logname= uid=0 euid=0 tty=ssh ruser= rhost=43.255.190.159  user=root
Apr  6 13:22:04 ovzhost sshd[1135]: message repeated 2 times: [ Failed password for root from 43.255.190.148 port 47244 ssh2]
Apr  6 13:22:05 ovzhost sshd[1135]: Received disconnect from 43.255.190.148: 11:  [preauth]
Apr  6 13:22:05 ovzhost sshd[1135]: PAM 2 more authentication failures; logname= uid=0 euid=0 tty=ssh ruser= rhost=43.255.190.148  user=root
Apr  6 13:22:06 ovzhost sshd[1139]: Failed password for root from 43.255.190.159 port 41100 ssh2
Apr  6 13:22:08 ovzhost sshd[1141]: pam_unix(sshd:auth): authentication failure; logname= uid=0 euid=0 tty=ssh ruser= rhost=43.255.190.148  user=root
Apr  6 13:22:10 ovzhost sshd[1141]: Failed password for root from 43.255.190.148 port 36829 ssh2
Apr  6 13:22:10 ovzhost sshd[1139]: message repeated 2 times: [ Failed password for root from 43.255.190.159 port 41100 ssh2]
Apr  6 13:22:10 ovzhost sshd[1139]: Received disconnect from 43.255.190.159: 11:  [preauth]
Apr  6 13:22:10 ovzhost sshd[1139]: PAM 2 more authentication failures; logname= uid=0 euid=0 tty=ssh ruser= rhost=43.255.190.159  user=root
Apr  6 13:22:13 ovzhost sshd[1141]: message repeated 2 times: [ Failed password for root from 43.255.190.148 port 36829 ssh2]
Apr  6 13:22:13 ovzhost sshd[1141]: Received disconnect from 43.255.190.148: 11:  [preauth]
Apr  6 13:22:13 ovzhost sshd[1141]: PAM 2 more authentication failures; logname= uid=0 euid=0 tty=ssh ruser= rhost=43.255.190.148  user=root
Apr  6 13:22:15 ovzhost sshd[1143]: pam_unix(sshd:auth): authentication failure; logname= uid=0 euid=0 tty=ssh ruser= rhost=43.255.190.159  user=root
Apr  6 13:22:16 ovzhost sshd[1145]: pam_unix(sshd:auth): authentication failure; logname= uid=0 euid=0 tty=ssh ruser= rhost=43.255.190.148  user=root
Apr  6 13:22:17 ovzhost sshd[1143]: Failed password for root from 43.255.190.159 port 54483 ssh2
Apr  6 13:22:18 ovzhost sshd[1145]: Failed password for root from 43.255.190.148 port 57201 ssh2
Apr  6 13:22:21 ovzhost sshd[1143]: message repeated 2 times: [ Failed password for root from 43.255.190.159 port 54483 ssh2]
Apr  6 13:22:21 ovzhost sshd[1143]: Received disconnect from 43.255.190.159: 11:  [preauth]
Apr  6 13:22:21 ovzhost sshd[1143]: PAM 2 more authentication failures; logname= uid=0 euid=0 tty=ssh ruser= rhost=43.255.190.159  user=root
Apr  6 13:22:21 ovzhost sshd[1147]: pam_unix(sshd:auth): authentication failure; logname= uid=0 euid=0 tty=ssh ruser= rhost=43.255.190.159  user=root
Apr  6 13:22:22 ovzhost sshd[1145]: message repeated 2 times: [ Failed password for root from 43.255.190.148 port 57201 ssh2]
Apr  6 13:22:22 ovzhost sshd[1145]: Received disconnect from 43.255.190.148: 11:  [preauth]
Apr  6 13:22:22 ovzhost sshd[1145]: PAM 2 more authentication failures; logname= uid=0 euid=0 tty=ssh ruser= rhost=43.255.190.148  user=root
Apr  6 13:22:23 ovzhost sshd[1149]: pam_unix(sshd:auth): authentication failure; logname= uid=0 euid=0 tty=ssh ruser= rhost=43.255.190.148  user=root
Apr  6 13:22:23 ovzhost sshd[1147]: Failed password for root from 43.255.190.159 port 49865 ssh2
Apr  6 13:22:24 ovzhost sshd[1149]: Failed password for root from 43.255.190.148 port 49845 ssh2
Apr  6 13:22:26 ovzhost sshd[1147]: message repeated 2 times: [ Failed password for root from 43.255.190.159 port 49865 ssh2]
Apr  6 13:22:27 ovzhost sshd[1147]: Received disconnect from 43.255.190.159: 11:  [preauth]
Apr  6 13:22:27 ovzhost sshd[1147]: PAM 2 more authentication failures; logname= uid=0 euid=0 tty=ssh ruser= rhost=43.255.190.159  user=root
Apr  6 13:22:27 ovzhost sshd[1151]: pam_unix(sshd:auth): authentication failure; logname= uid=0 euid=0 tty=ssh ruser= rhost=43.255.190.159  user=root
Apr  6 13:22:28 ovzhost sshd[1149]: message repeated 2 times: [ Failed password for root from 43.255.190.148 port 49845 ssh2]
Apr  6 13:22:28 ovzhost sshd[1149]: Received disconnect from 43.255.190.148: 11:  [preauth]
Apr  6 13:22:28 ovzhost sshd[1149]: PAM 2 more authentication failures; logname= uid=0 euid=0 tty=ssh ruser= rhost=43.255.190.148  user=root
Apr  6 13:22:29 ovzhost sshd[1153]: pam_unix(sshd:auth): authentication failure; logname= uid=0 euid=0 tty=ssh ruser= rhost=43.255.190.148  user=root
Apr  6 13:22:29 ovzhost sshd[1151]: Failed password for root from 43.255.190.159 port 34899 ssh2
Apr  6 13:22:30 ovzhost sshd[1153]: Failed password for root from 43.255.190.148 port 35262 ssh2
Apr  6 13:22:33 ovzhost sshd[1151]: message repeated 2 times: [ Failed password for root from 43.255.190.159 port 34899 ssh2]
Apr  6 13:22:34 ovzhost sshd[1151]: Received disconnect from 43.255.190.159: 11:  [preauth]
Apr  6 13:22:34 ovzhost sshd[1151]: PAM 2 more authentication failures; logname= uid=0 euid=0 tty=ssh ruser= rhost=43.255.190.159  user=root
Apr  6 13:22:34 ovzhost sshd[1153]: message repeated 2 times: [ Failed password for root from 43.255.190.148 port 35262 ssh2]
Apr  6 13:22:34 ovzhost sshd[1153]: Received disconnect from 43.255.190.148: 11:  [preauth]
Apr  6 13:22:34 ovzhost sshd[1153]: PAM 2 more authentication failures; logname= uid=0 euid=0 tty=ssh ruser= rhost=43.255.190.148  user=root
Apr  6 13:22:37 ovzhost sshd[1159]: pam_unix(sshd:auth): authentication failure; logname= uid=0 euid=0 tty=ssh ruser= rhost=43.255.190.148  user=root
Apr  6 13:22:39 ovzhost sshd[1159]: Failed password for root from 43.255.190.148 port 48749 ssh2
Apr  6 13:22:40 ovzhost sshd[1157]: pam_unix(sshd:auth): authentication failure; logname= uid=0 euid=0 tty=ssh ruser= rhost=43.255.190.159  user=root
Apr  6 13:22:42 ovzhost sshd[1157]: Failed password for root from 43.255.190.159 port 50169 ssh2
Apr  6 13:22:42 ovzhost sshd[1159]: message repeated 2 times: [ Failed password for root from 43.255.190.148 port 48749 ssh2]
Apr  6 13:22:43 ovzhost sshd[1159]: Received disconnect from 43.255.190.148: 11:  [preauth]
Apr  6 13:22:43 ovzhost sshd[1159]: PAM 2 more authentication failures; logname= uid=0 euid=0 tty=ssh ruser= rhost=43.255.190.148  user=root
Apr  6 13:22:43 ovzhost sshd[1162]: pam_unix(sshd:auth): authentication failure; logname= uid=0 euid=0 tty=ssh ruser= rhost=43.255.190.148  user=root
Apr  6 13:22:45 ovzhost sshd[1162]: Failed password for root from 43.255.190.148 port 40442 ssh2
Apr  6 13:22:46 ovzhost sshd[1157]: message repeated 2 times: [ Failed password for root from 43.255.190.159 port 50169 ssh2]
Apr  6 13:22:46 ovzhost sshd[1157]: Received disconnect from 43.255.190.159: 11:  [preauth]
Apr  6 13:22:46 ovzhost sshd[1157]: PAM 2 more authentication failures; logname= uid=0 euid=0 tty=ssh ruser= rhost=43.255.190.159  user=root
Apr  6 13:22:48 ovzhost sshd[1164]: pam_unix(sshd:auth): authentication failure; logname= uid=0 euid=0 tty=ssh ruser= rhost=43.255.190.159  user=root
Apr  6 13:22:49 ovzhost sshd[1162]: message repeated 2 times: [ Failed password for root from 43.255.190.148 port 40442 ssh2]
Apr  6 13:22:49 ovzhost sshd[1162]: Received disconnect from 43.255.190.148: 11:  [preauth]
Apr  6 13:22:49 ovzhost sshd[1162]: PAM 2 more authentication failures; logname= uid=0 euid=0 tty=ssh ruser= rhost=43.255.190.148  user=root
Apr  6 13:22:50 ovzhost sshd[1164]: Failed password for root from 43.255.190.159 port 49835 ssh2
Apr  6 13:22:51 ovzhost sshd[1166]: pam_unix(sshd:auth): authentication failure; logname= uid=0 euid=0 tty=ssh ruser= rhost=43.255.190.148  user=root
Apr  6 13:22:53 ovzhost sshd[1166]: Failed password for root from 43.255.190.148 port 56114 ssh2
Apr  6 13:22:56 ovzhost sshd[1164]: message repeated 2 times: [ Failed password for root from 43.255.190.159 port 49835 ssh2]
Apr  6 13:22:56 ovzhost sshd[1164]: Received disconnect from 43.255.190.159: 11:  [preauth]
Apr  6 13:22:56 ovzhost sshd[1164]: PAM 2 more authentication failures; logname= uid=0 euid=0 tty=ssh ruser= rhost=43.255.190.159  user=root
Apr  6 13:22:57 ovzhost sshd[1168]: pam_unix(sshd:auth): authentication failure; logname= uid=0 euid=0 tty=ssh ruser= rhost=43.255.190.159  user=root
Apr  6 13:22:58 ovzhost sshd[1166]: message repeated 2 times: [ Failed password for root from 43.255.190.148 port 56114 ssh2]
Apr  6 13:22:58 ovzhost sshd[1166]: Received disconnect from 43.255.190.148: 11:  [preauth]
Apr  6 13:22:58 ovzhost sshd[1166]: PAM 2 more authentication failures; logname= uid=0 euid=0 tty=ssh ruser= rhost=43.255.190.148  user=root
Apr  6 13:22:59 ovzhost sshd[1168]: Failed password for root from 43.255.190.159 port 45383 ssh2
Apr  6 13:23:00 ovzhost sshd[1170]: pam_unix(sshd:auth): authentication failure; logname= uid=0 euid=0 tty=ssh ruser= rhost=43.255.190.148  user=root
Apr  6 13:23:01 ovzhost sshd[1170]: Failed password for root from 43.255.190.148 port 47195 ssh2
Apr  6 13:23:03 ovzhost sshd[1168]: message repeated 2 times: [ Failed password for root from 43.255.190.159 port 45383 ssh2]
Apr  6 13:23:03 ovzhost sshd[1168]: Received disconnect from 43.255.190.159: 11:  [preauth]
Apr  6 13:23:03 ovzhost sshd[1168]: PAM 2 more authentication failures; logname= uid=0 euid=0 tty=ssh ruser= rhost=43.255.190.159  user=root
Apr  6 13:23:08 ovzhost sshd[1170]: message repeated 2 times: [ Failed password for root from 43.255.190.148 port 47195 ssh2]
Apr  6 13:23:09 ovzhost sshd[1170]: Received disconnect from 43.255.190.148: 11:  [preauth]
Apr  6 13:23:09 ovzhost sshd[1170]: PAM 2 more authentication failures; logname= uid=0 euid=0 tty=ssh ruser= rhost=43.255.190.148  user=root
Apr  6 13:23:09 ovzhost sshd[1172]: pam_unix(sshd:auth): authentication failure; logname= uid=0 euid=0 tty=ssh ruser= rhost=43.255.190.159  user=root
Apr  6 13:23:12 ovzhost sshd[1172]: Failed password for root from 43.255.190.159 port 60477 ssh2
Apr  6 13:23:13 ovzhost sshd[1176]: pam_unix(sshd:auth): authentication failure; logname= uid=0 euid=0 tty=ssh ruser= rhost=43.255.190.148  user=root
Apr  6 13:23:15 ovzhost sshd[1176]: Failed password for root from 43.255.190.148 port 44000 ssh2
Apr  6 13:23:15 ovzhost sshd[1172]: message repeated 2 times: [ Failed password for root from 43.255.190.159 port 60477 ssh2]
Apr  6 13:23:17 ovzhost sshd[1172]: Received disconnect from 43.255.190.159: 11:  [preauth]
Apr  6 13:23:17 ovzhost sshd[1172]: PAM 2 more authentication failures; logname= uid=0 euid=0 tty=ssh ruser= rhost=43.255.190.159  user=root
Apr  6 13:23:20 ovzhost sshd[1176]: message repeated 2 times: [ Failed password for root from 43.255.190.148 port 44000 ssh2]
Apr  6 13:23:20 ovzhost sshd[1176]: Received disconnect from 43.255.190.148: 11:  [preauth]
Apr  6 13:23:20 ovzhost sshd[1176]: PAM 2 more authentication failures; logname= uid=0 euid=0 tty=ssh ruser= rhost=43.255.190.148  user=root
Apr  6 13:23:21 ovzhost sshd[1180]: pam_unix(sshd:auth): authentication failure; logname= uid=0 euid=0 tty=ssh ruser= rhost=43.255.190.148  user=root
Apr  6 13:23:21 ovzhost sshd[1178]: pam_unix(sshd:auth): authentication failure; logname= uid=0 euid=0 tty=ssh ruser= rhost=43.255.190.159  user=root
Apr  6 13:23:23 ovzhost sshd[1180]: Failed password for root from 43.255.190.148 port 41200 ssh2
Apr  6 13:23:23 ovzhost sshd[1178]: Failed password for root from 43.255.190.159 port 59142 ssh2
Apr  6 13:23:27 ovzhost sshd[1180]: message repeated 2 times: [ Failed password for root from 43.255.190.148 port 41200 ssh2]
Apr  6 13:23:27 ovzhost sshd[1180]: Received disconnect from 43.255.190.148: 11:  [preauth]
Apr  6 13:23:27 ovzhost sshd[1180]: PAM 2 more authentication failures; logname= uid=0 euid=0 tty=ssh ruser= rhost=43.255.190.148  user=root
Apr  6 13:23:27 ovzhost sshd[1178]: message repeated 2 times: [ Failed password for root from 43.255.190.159 port 59142 ssh2]
Apr  6 13:23:27 ovzhost sshd[1178]: Received disconnect from 43.255.190.159: 11:  [preauth]
