Mar 31 17:16:56 ovzhost sudo:     root : unable to resolve host ovzhost
Mar 31 17:16:56 ovzhost sudo:     root : TTY=pts/0 ; PWD=/ ; USER=root ; COMMAND=/usr/bin/less /root/.bash_history
Mar 31 17:16:56 ovzhost sudo: pam_unix(sudo:session): session opened for user root by (uid=0)
Mar 31 17:16:57 ovzhost sudo: pam_unix(sudo:session): session closed for user root
Apr  2 14:31:13 ovzhost sshd[419]: Server listening on 0.0.0.0 port 22.
Apr  2 14:31:13 ovzhost sshd[419]: Server listening on :: port 22.
Apr  2 14:31:13 ovzhost saslauthd[637]: detach_tty      : master pid is: 637
Apr  2 14:31:13 ovzhost saslauthd[637]: ipc_init        : listening on socket: /var/run/saslauthd/mux
Apr  2 14:33:26 ovzhost sshd[797]: Connection closed by 127.0.0.1 [preauth]
Apr  9 23:35:36 ovzhost sshd[442]: Server listening on 0.0.0.0 port 22.
Apr  9 23:35:36 ovzhost sshd[442]: Server listening on :: port 22.
Apr  9 23:35:36 ovzhost saslauthd[639]: detach_tty      : master pid is: 639
Apr  9 23:35:36 ovzhost saslauthd[639]: ipc_init        : listening on socket: /var/run/saslauthd/mux
Apr  9 23:39:01 ovzhost CRON[788]: pam_env(cron:session): Unable to open env file: /etc/default/locale: No such file or directory
Apr  9 23:39:01 ovzhost CRON[788]: pam_unix(cron:session): session opened for user root by (uid=0)
Apr  9 23:39:01 ovzhost CRON[788]: pam_unix(cron:session): session closed for user root
Apr  9 23:39:13 ovzhost sshd[803]: Connection closed by 127.0.0.1 [preauth]
Apr  9 23:40:01 ovzhost CRON[808]: pam_env(cron:session): Unable to open env file: /etc/default/locale: No such file or directory
Apr  9 23:40:01 ovzhost CRON[808]: pam_unix(cron:session): session opened for user smmsp by (uid=0)
Apr  9 23:40:01 ovzhost CRON[808]: pam_unix(cron:session): session closed for user smmsp
Apr  9 23:40:41 ovzhost sshd[836]: Connection closed by 128.8.37.104 [preauth]
Apr  9 23:43:23 ovzhost sshd[848]: pam_unix(sshd:auth): authentication failure; logname= uid=0 euid=0 tty=ssh ruser= rhost=43.255.190.184  user=root
Apr  9 23:43:25 ovzhost sshd[848]: Failed password for root from 43.255.190.184 port 37632 ssh2
Apr  9 23:43:29 ovzhost sshd[848]: message repeated 2 times: [ Failed password for root from 43.255.190.184 port 37632 ssh2]
Apr  9 23:43:29 ovzhost sshd[848]: Received disconnect from 43.255.190.184: 11:  [preauth]
Apr  9 23:43:29 ovzhost sshd[848]: PAM 2 more authentication failures; logname= uid=0 euid=0 tty=ssh ruser= rhost=43.255.190.184  user=root
Apr  9 23:43:30 ovzhost sshd[850]: pam_unix(sshd:auth): authentication failure; logname= uid=0 euid=0 tty=ssh ruser= rhost=43.255.190.184  user=root
Apr  9 23:43:32 ovzhost sshd[850]: Failed password for root from 43.255.190.184 port 44782 ssh2
Apr  9 23:43:37 ovzhost sshd[850]: message repeated 2 times: [ Failed password for root from 43.255.190.184 port 44782 ssh2]
Apr  9 23:43:37 ovzhost sshd[850]: Received disconnect from 43.255.190.184: 11:  [preauth]
Apr  9 23:43:37 ovzhost sshd[850]: PAM 2 more authentication failures; logname= uid=0 euid=0 tty=ssh ruser= rhost=43.255.190.184  user=root
Apr  9 23:43:41 ovzhost sshd[852]: pam_unix(sshd:auth): authentication failure; logname= uid=0 euid=0 tty=ssh ruser= rhost=43.255.190.184  user=root
Apr  9 23:43:43 ovzhost sshd[852]: Failed password for root from 43.255.190.184 port 52056 ssh2
Apr  9 23:43:47 ovzhost sshd[852]: message repeated 2 times: [ Failed password for root from 43.255.190.184 port 52056 ssh2]
Apr  9 23:43:47 ovzhost sshd[852]: Received disconnect from 43.255.190.184: 11:  [preauth]
Apr  9 23:43:47 ovzhost sshd[852]: PAM 2 more authentication failures; logname= uid=0 euid=0 tty=ssh ruser= rhost=43.255.190.184  user=root
Apr  9 23:43:49 ovzhost sshd[854]: pam_unix(sshd:auth): authentication failure; logname= uid=0 euid=0 tty=ssh ruser= rhost=43.255.190.184  user=root
Apr  9 23:43:52 ovzhost sshd[854]: Failed password for root from 43.255.190.184 port 33528 ssh2
Apr  9 23:43:56 ovzhost sshd[854]: message repeated 2 times: [ Failed password for root from 43.255.190.184 port 33528 ssh2]
Apr  9 23:43:56 ovzhost sshd[854]: Received disconnect from 43.255.190.184: 11:  [preauth]
Apr  9 23:43:56 ovzhost sshd[854]: PAM 2 more authentication failures; logname= uid=0 euid=0 tty=ssh ruser= rhost=43.255.190.184  user=root
Apr  9 23:43:57 ovzhost sshd[856]: pam_unix(sshd:auth): authentication failure; logname= uid=0 euid=0 tty=ssh ruser= rhost=43.255.190.184  user=root
Apr  9 23:43:59 ovzhost sshd[856]: Failed password for root from 43.255.190.184 port 41751 ssh2
Apr  9 23:44:04 ovzhost sshd[856]: message repeated 2 times: [ Failed password for root from 43.255.190.184 port 41751 ssh2]
Apr  9 23:44:04 ovzhost sshd[856]: Received disconnect from 43.255.190.184: 11:  [preauth]
Apr  9 23:44:04 ovzhost sshd[856]: PAM 2 more authentication failures; logname= uid=0 euid=0 tty=ssh ruser= rhost=43.255.190.184  user=root
Apr  9 23:44:13 ovzhost sshd[863]: Connection closed by 127.0.0.1 [preauth]
Apr  9 23:44:19 ovzhost sshd[859]: Connection closed by 43.255.190.184 [preauth]
Apr  9 23:44:20 ovzhost sshd[865]: pam_unix(sshd:auth): authentication failure; logname= uid=0 euid=0 tty=ssh ruser= rhost=43.255.190.184  user=root
Apr  9 23:44:22 ovzhost sshd[865]: Failed password for root from 43.255.190.184 port 33633 ssh2
Apr  9 23:44:28 ovzhost sshd[865]: message repeated 2 times: [ Failed password for root from 43.255.190.184 port 33633 ssh2]
Apr  9 23:44:28 ovzhost sshd[865]: Received disconnect from 43.255.190.184: 11:  [preauth]
Apr  9 23:44:28 ovzhost sshd[865]: PAM 2 more authentication failures; logname= uid=0 euid=0 tty=ssh ruser= rhost=43.255.190.184  user=root
Apr  9 23:44:34 ovzhost sshd[868]: pam_unix(sshd:auth): authentication failure; logname= uid=0 euid=0 tty=ssh ruser= rhost=43.255.190.184  user=root
Apr  9 23:44:36 ovzhost sshd[868]: Failed password for root from 43.255.190.184 port 43816 ssh2
Apr  9 23:44:41 ovzhost sshd[868]: message repeated 2 times: [ Failed password for root from 43.255.190.184 port 43816 ssh2]
Apr  9 23:44:43 ovzhost sshd[868]: Received disconnect from 43.255.190.184: 11:  [preauth]
Apr  9 23:44:43 ovzhost sshd[868]: PAM 2 more authentication failures; logname= uid=0 euid=0 tty=ssh ruser= rhost=43.255.190.184  user=root
Apr  9 23:44:54 ovzhost sshd[870]: pam_unix(sshd:auth): authentication failure; logname= uid=0 euid=0 tty=ssh ruser= rhost=43.255.190.184  user=root
Apr  9 23:44:55 ovzhost sshd[870]: Failed password for root from 43.255.190.184 port 58362 ssh2
Apr  9 23:45:04 ovzhost sshd[870]: Received disconnect from 43.255.190.184: 11:  [preauth]
Apr  9 23:45:09 ovzhost sshd[874]: pam_unix(sshd:auth): authentication failure; logname= uid=0 euid=0 tty=ssh ruser= rhost=43.255.190.184  user=root
Apr  9 23:45:11 ovzhost sshd[874]: Failed password for root from 43.255.190.184 port 48866 ssh2
Apr  9 23:45:17 ovzhost sshd[874]: message repeated 2 times: [ Failed password for root from 43.255.190.184 port 48866 ssh2]
Apr  9 23:45:18 ovzhost sshd[874]: Received disconnect from 43.255.190.184: 11:  [preauth]
Apr  9 23:45:18 ovzhost sshd[874]: PAM 2 more authentication failures; logname= uid=0 euid=0 tty=ssh ruser= rhost=43.255.190.184  user=root
Apr  9 23:45:35 ovzhost sshd[877]: pam_unix(sshd:auth): authentication failure; logname= uid=0 euid=0 tty=ssh ruser= rhost=43.255.190.184  user=root
Apr  9 23:45:38 ovzhost sshd[877]: Failed password for root from 43.255.190.184 port 33250 ssh2
Apr  9 23:45:40 ovzhost sshd[877]: Failed password for root from 43.255.190.184 port 33250 ssh2
Apr  9 23:45:48 ovzhost sshd[877]: Received disconnect from 43.255.190.184: 11:  [preauth]
Apr  9 23:45:48 ovzhost sshd[877]: PAM 1 more authentication failure; logname= uid=0 euid=0 tty=ssh ruser= rhost=43.255.190.184  user=root
Apr  9 23:46:07 ovzhost sshd[881]: pam_unix(sshd:auth): authentication failure; logname= uid=0 euid=0 tty=ssh ruser= rhost=43.255.190.184  user=root
Apr  9 23:46:09 ovzhost sshd[881]: Failed password for root from 43.255.190.184 port 44975 ssh2
Apr  9 23:46:16 ovzhost sshd[881]: message repeated 2 times: [ Failed password for root from 43.255.190.184 port 44975 ssh2]
Apr  9 23:46:25 ovzhost sshd[881]: Received disconnect from 43.255.190.184: 11:  [preauth]
Apr  9 23:46:25 ovzhost sshd[881]: PAM 2 more authentication failures; logname= uid=0 euid=0 tty=ssh ruser= rhost=43.255.190.184  user=root
Apr  9 23:46:37 ovzhost sshd[885]: Connection closed by 43.255.190.184 [preauth]
Apr  9 23:46:43 ovzhost sshd[889]: pam_unix(sshd:auth): authentication failure; logname= uid=0 euid=0 tty=ssh ruser= rhost=43.255.190.184  user=root
Apr  9 23:46:45 ovzhost sshd[889]: Failed password for root from 43.255.190.184 port 54032 ssh2
Apr  9 23:46:48 ovzhost sshd[889]: message repeated 2 times: [ Failed password for root from 43.255.190.184 port 54032 ssh2]
Apr  9 23:46:48 ovzhost sshd[889]: Received disconnect from 43.255.190.184: 11:  [preauth]
Apr  9 23:46:48 ovzhost sshd[889]: PAM 2 more authentication failures; logname= uid=0 euid=0 tty=ssh ruser= rhost=43.255.190.184  user=root
Apr  9 23:46:59 ovzhost sshd[891]: Connection closed by 43.255.190.184 [preauth]
Apr  9 23:47:33 ovzhost sshd[879]: Connection closed by 43.255.190.184 [preauth]
Apr  9 23:47:48 ovzhost sshd[898]: fatal: Read from socket failed: Connection reset by peer [preauth]
Apr  9 23:49:13 ovzhost sshd[912]: Connection closed by 127.0.0.1 [preauth]
Apr  9 23:50:41 ovzhost sshd[920]: Connection closed by 128.8.37.104 [preauth]
Apr  9 23:54:13 ovzhost sshd[936]: Connection closed by 127.0.0.1 [preauth]
Apr  9 23:54:58 ovzhost sshd[940]: Invalid user support from 221.146.74.146
Apr  9 23:54:58 ovzhost sshd[940]: input_userauth_request: invalid user support [preauth]
Apr  9 23:54:58 ovzhost sshd[940]: pam_unix(sshd:auth): check pass; user unknown
Apr  9 23:54:58 ovzhost sshd[940]: pam_unix(sshd:auth): authentication failure; logname= uid=0 euid=0 tty=ssh ruser= rhost=221.146.74.146 
Apr  9 23:55:00 ovzhost sshd[940]: Failed password for invalid user support from 221.146.74.146 port 13958 ssh2
Apr  9 23:55:00 ovzhost sshd[940]: pam_unix(sshd:auth): check pass; user unknown
Apr  9 23:55:03 ovzhost sshd[940]: Failed password for invalid user support from 221.146.74.146 port 13958 ssh2
Apr  9 23:55:03 ovzhost sshd[940]: Connection closed by 221.146.74.146 [preauth]
Apr  9 23:55:03 ovzhost sshd[940]: PAM 1 more authentication failure; logname= uid=0 euid=0 tty=ssh ruser= rhost=221.146.74.146 
Apr  9 23:59:13 ovzhost sshd[960]: Connection closed by 127.0.0.1 [preauth]
Apr 10 00:00:01 ovzhost CRON[965]: pam_env(cron:session): Unable to open env file: /etc/default/locale: No such file or directory
Apr 10 00:00:01 ovzhost CRON[965]: pam_unix(cron:session): session opened for user smmsp by (uid=0)
Apr 10 00:00:01 ovzhost CRON[965]: pam_unix(cron:session): session closed for user smmsp
Apr 10 00:00:21 ovzhost sshd[992]: pam_unix(sshd:auth): authentication failure; logname= uid=0 euid=0 tty=ssh ruser= rhost=43.255.190.146  user=root
Apr 10 00:00:23 ovzhost sshd[992]: Failed password for root from 43.255.190.146 port 58073 ssh2
Apr 10 00:00:27 ovzhost sshd[992]: message repeated 2 times: [ Failed password for root from 43.255.190.146 port 58073 ssh2]
Apr 10 00:00:27 ovzhost sshd[992]: Received disconnect from 43.255.190.146: 11:  [preauth]
Apr 10 00:00:27 ovzhost sshd[992]: PAM 2 more authentication failures; logname= uid=0 euid=0 tty=ssh ruser= rhost=43.255.190.146  user=root
Apr 10 00:00:28 ovzhost sshd[994]: pam_unix(sshd:auth): authentication failure; logname= uid=0 euid=0 tty=ssh ruser= rhost=43.255.190.146  user=root
Apr 10 00:00:30 ovzhost sshd[994]: Failed password for root from 43.255.190.146 port 44511 ssh2
Apr 10 00:00:34 ovzhost sshd[994]: message repeated 2 times: [ Failed password for root from 43.255.190.146 port 44511 ssh2]
Apr 10 00:00:34 ovzhost sshd[994]: Received disconnect from 43.255.190.146: 11:  [preauth]
Apr 10 00:00:34 ovzhost sshd[994]: PAM 2 more authentication failures; logname= uid=0 euid=0 tty=ssh ruser= rhost=43.255.190.146  user=root
Apr 10 00:00:35 ovzhost sshd[996]: pam_unix(sshd:auth): authentication failure; logname= uid=0 euid=0 tty=ssh ruser= rhost=43.255.190.146  user=root
Apr 10 00:00:37 ovzhost sshd[996]: Failed password for root from 43.255.190.146 port 58710 ssh2
Apr 10 00:00:41 ovzhost sshd[996]: message repeated 2 times: [ Failed password for root from 43.255.190.146 port 58710 ssh2]
Apr 10 00:00:41 ovzhost sshd[996]: Received disconnect from 43.255.190.146: 11:  [preauth]
Apr 10 00:00:41 ovzhost sshd[996]: PAM 2 more authentication failures; logname= uid=0 euid=0 tty=ssh ruser= rhost=43.255.190.146  user=root
Apr 10 00:00:41 ovzhost sshd[1001]: Connection closed by 128.8.37.104 [preauth]
Apr 10 00:00:42 ovzhost sshd[998]: pam_unix(sshd:auth): authentication failure; logname= uid=0 euid=0 tty=ssh ruser= rhost=43.255.190.146  user=root
Apr 10 00:00:44 ovzhost sshd[998]: Failed password for root from 43.255.190.146 port 44945 ssh2
Apr 10 00:00:48 ovzhost sshd[998]: message repeated 2 times: [ Failed password for root from 43.255.190.146 port 44945 ssh2]
Apr 10 00:00:48 ovzhost sshd[998]: Received disconnect from 43.255.190.146: 11:  [preauth]
Apr 10 00:00:48 ovzhost sshd[998]: PAM 2 more authentication failures; logname= uid=0 euid=0 tty=ssh ruser= rhost=43.255.190.146  user=root
Apr 10 00:00:48 ovzhost sshd[1003]: pam_unix(sshd:auth): authentication failure; logname= uid=0 euid=0 tty=ssh ruser= rhost=43.255.190.146  user=root
Apr 10 00:00:50 ovzhost sshd[1003]: Failed password for root from 43.255.190.146 port 58700 ssh2
Apr 10 00:00:54 ovzhost sshd[1003]: message repeated 2 times: [ Failed password for root from 43.255.190.146 port 58700 ssh2]
Apr 10 00:00:54 ovzhost sshd[1003]: Received disconnect from 43.255.190.146: 11:  [preauth]
Apr 10 00:00:54 ovzhost sshd[1003]: PAM 2 more authentication failures; logname= uid=0 euid=0 tty=ssh ruser= rhost=43.255.190.146  user=root
Apr 10 00:00:54 ovzhost sshd[1005]: pam_unix(sshd:auth): authentication failure; logname= uid=0 euid=0 tty=ssh ruser= rhost=43.255.190.146  user=root
Apr 10 00:00:56 ovzhost sshd[1005]: Failed password for root from 43.255.190.146 port 42331 ssh2
Apr 10 00:01:01 ovzhost sshd[1005]: message repeated 2 times: [ Failed password for root from 43.255.190.146 port 42331 ssh2]
Apr 10 00:01:01 ovzhost sshd[1005]: Received disconnect from 43.255.190.146: 11:  [preauth]
Apr 10 00:01:01 ovzhost sshd[1005]: PAM 2 more authentication failures; logname= uid=0 euid=0 tty=ssh ruser= rhost=43.255.190.146  user=root
Apr 10 00:01:01 ovzhost sshd[1007]: pam_unix(sshd:auth): authentication failure; logname= uid=0 euid=0 tty=ssh ruser= rhost=43.255.190.146  user=root
Apr 10 00:01:03 ovzhost sshd[1009]: pam_unix(sshd:auth): authentication failure; logname= uid=0 euid=0 tty=ssh ruser= rhost=43.255.190.133  user=root
Apr 10 00:01:03 ovzhost sshd[1007]: Failed password for root from 43.255.190.146 port 56117 ssh2
Apr 10 00:01:05 ovzhost sshd[1009]: Failed password for root from 43.255.190.133 port 46382 ssh2
Apr 10 00:01:07 ovzhost sshd[1007]: message repeated 2 times: [ Failed password for root from 43.255.190.146 port 56117 ssh2]
Apr 10 00:01:07 ovzhost sshd[1007]: Received disconnect from 43.255.190.146: 11:  [preauth]
Apr 10 00:01:07 ovzhost sshd[1007]: PAM 2 more authentication failures; logname= uid=0 euid=0 tty=ssh ruser= rhost=43.255.190.146  user=root
Apr 10 00:01:08 ovzhost sshd[1011]: pam_unix(sshd:auth): authentication failure; logname= uid=0 euid=0 tty=ssh ruser= rhost=43.255.190.146  user=root
Apr 10 00:01:09 ovzhost sshd[1009]: message repeated 2 times: [ Failed password for root from 43.255.190.133 port 46382 ssh2]
Apr 10 00:01:09 ovzhost sshd[1009]: Received disconnect from 43.255.190.133: 11:  [preauth]
Apr 10 00:01:09 ovzhost sshd[1009]: PAM 2 more authentication failures; logname= uid=0 euid=0 tty=ssh ruser= rhost=43.255.190.133  user=root
Apr 10 00:01:10 ovzhost sshd[1013]: pam_unix(sshd:auth): authentication failure; logname= uid=0 euid=0 tty=ssh ruser= rhost=43.255.190.133  user=root
Apr 10 00:01:10 ovzhost sshd[1011]: Failed password for root from 43.255.190.146 port 41277 ssh2
Apr 10 00:01:11 ovzhost sshd[1013]: Failed password for root from 43.255.190.133 port 59097 ssh2
Apr 10 00:01:13 ovzhost sshd[1011]: message repeated 2 times: [ Failed password for root from 43.255.190.146 port 41277 ssh2]
Apr 10 00:01:13 ovzhost sshd[1011]: Received disconnect from 43.255.190.146: 11:  [preauth]
Apr 10 00:01:13 ovzhost sshd[1011]: PAM 2 more authentication failures; logname= uid=0 euid=0 tty=ssh ruser= rhost=43.255.190.146  user=root
Apr 10 00:01:14 ovzhost sshd[1017]: pam_unix(sshd:auth): authentication failure; logname= uid=0 euid=0 tty=ssh ruser= rhost=43.255.190.146  user=root
Apr 10 00:01:15 ovzhost sshd[1013]: message repeated 2 times: [ Failed password for root from 43.255.190.133 port 59097 ssh2]
Apr 10 00:01:15 ovzhost sshd[1013]: Received disconnect from 43.255.190.133: 11:  [preauth]
Apr 10 00:01:15 ovzhost sshd[1013]: PAM 2 more authentication failures; logname= uid=0 euid=0 tty=ssh ruser= rhost=43.255.190.133  user=root
Apr 10 00:01:16 ovzhost sshd[1017]: Failed password for root from 43.255.190.146 port 53975 ssh2
Apr 10 00:01:16 ovzhost sshd[1019]: pam_unix(sshd:auth): authentication failure; logname= uid=0 euid=0 tty=ssh ruser= rhost=43.255.190.133  user=root
Apr 10 00:01:18 ovzhost sshd[1019]: Failed password for root from 43.255.190.133 port 43735 ssh2
Apr 10 00:01:20 ovzhost sshd[1017]: message repeated 2 times: [ Failed password for root from 43.255.190.146 port 53975 ssh2]
Apr 10 00:01:20 ovzhost sshd[1017]: Received disconnect from 43.255.190.146: 11:  [preauth]
Apr 10 00:01:20 ovzhost sshd[1017]: PAM 2 more authentication failures; logname= uid=0 euid=0 tty=ssh ruser= rhost=43.255.190.146  user=root
Apr 10 00:01:21 ovzhost sshd[1021]: pam_unix(sshd:auth): authentication failure; logname= uid=0 euid=0 tty=ssh ruser= rhost=43.255.190.146  user=root
Apr 10 00:01:22 ovzhost sshd[1019]: message repeated 2 times: [ Failed password for root from 43.255.190.133 port 43735 ssh2]
Apr 10 00:01:22 ovzhost sshd[1019]: Received disconnect from 43.255.190.133: 11:  [preauth]
Apr 10 00:01:22 ovzhost sshd[1019]: PAM 2 more authentication failures; logname= uid=0 euid=0 tty=ssh ruser= rhost=43.255.190.133  user=root
Apr 10 00:01:23 ovzhost sshd[1023]: pam_unix(sshd:auth): authentication failure; logname= uid=0 euid=0 tty=ssh ruser= rhost=43.255.190.133  user=root
Apr 10 00:01:23 ovzhost sshd[1021]: Failed password for root from 43.255.190.146 port 39238 ssh2
Apr 10 00:01:24 ovzhost sshd[1023]: Failed password for root from 43.255.190.133 port 55524 ssh2
Apr 10 00:01:26 ovzhost sshd[1021]: message repeated 2 times: [ Failed password for root from 43.255.190.146 port 39238 ssh2]
Apr 10 00:01:26 ovzhost sshd[1021]: Received disconnect from 43.255.190.146: 11:  [preauth]
Apr 10 00:01:26 ovzhost sshd[1021]: PAM 2 more authentication failures; logname= uid=0 euid=0 tty=ssh ruser= rhost=43.255.190.146  user=root
Apr 10 00:01:27 ovzhost sshd[1025]: pam_unix(sshd:auth): authentication failure; logname= uid=0 euid=0 tty=ssh ruser= rhost=43.255.190.146  user=root
Apr 10 00:01:28 ovzhost sshd[1023]: message repeated 2 times: [ Failed password for root from 43.255.190.133 port 55524 ssh2]
Apr 10 00:01:28 ovzhost sshd[1023]: Received disconnect from 43.255.190.133: 11:  [preauth]
Apr 10 00:01:28 ovzhost sshd[1023]: PAM 2 more authentication failures; logname= uid=0 euid=0 tty=ssh ruser= rhost=43.255.190.133  user=root
Apr 10 00:01:29 ovzhost sshd[1025]: Failed password for root from 43.255.190.146 port 52296 ssh2
Apr 10 00:01:29 ovzhost sshd[1027]: pam_unix(sshd:auth): authentication failure; logname= uid=0 euid=0 tty=ssh ruser= rhost=43.255.190.133  user=root
Apr 10 00:01:31 ovzhost sshd[1027]: Failed password for root from 43.255.190.133 port 39774 ssh2
Apr 10 00:01:33 ovzhost sshd[1025]: message repeated 2 times: [ Failed password for root from 43.255.190.146 port 52296 ssh2]
Apr 10 00:01:33 ovzhost sshd[1025]: Received disconnect from 43.255.190.146: 11:  [preauth]
Apr 10 00:01:33 ovzhost sshd[1025]: PAM 2 more authentication failures; logname= uid=0 euid=0 tty=ssh ruser= rhost=43.255.190.146  user=root
Apr 10 00:01:34 ovzhost sshd[1029]: pam_unix(sshd:auth): authentication failure; logname= uid=0 euid=0 tty=ssh ruser= rhost=43.255.190.146  user=root
Apr 10 00:01:36 ovzhost sshd[1029]: Failed password for root from 43.255.190.146 port 38203 ssh2
Apr 10 00:01:36 ovzhost sshd[1027]: message repeated 2 times: [ Failed password for root from 43.255.190.133 port 39774 ssh2]
Apr 10 00:01:36 ovzhost sshd[1027]: Received disconnect from 43.255.190.133: 11:  [preauth]
Apr 10 00:01:36 ovzhost sshd[1027]: PAM 2 more authentication failures; logname= uid=0 euid=0 tty=ssh ruser= rhost=43.255.190.133  user=root
Apr 10 00:01:36 ovzhost sshd[1031]: pam_unix(sshd:auth): authentication failure; logname= uid=0 euid=0 tty=ssh ruser= rhost=43.255.190.133  user=root
Apr 10 00:01:38 ovzhost sshd[1031]: Failed password for root from 43.255.190.133 port 52734 ssh2
Apr 10 00:01:40 ovzhost sshd[1029]: message repeated 2 times: [ Failed password for root from 43.255.190.146 port 38203 ssh2]
Apr 10 00:01:40 ovzhost sshd[1029]: Received disconnect from 43.255.190.146: 11:  [preauth]
Apr 10 00:01:40 ovzhost sshd[1029]: PAM 2 more authentication failures; logname= uid=0 euid=0 tty=ssh ruser= rhost=43.255.190.146  user=root
Apr 10 00:01:41 ovzhost sshd[1033]: pam_unix(sshd:auth): authentication failure; logname= uid=0 euid=0 tty=ssh ruser= rhost=43.255.190.146  user=root
Apr 10 00:01:43 ovzhost sshd[1033]: Failed password for root from 43.255.190.146 port 52027 ssh2
Apr 10 00:01:43 ovzhost sshd[1031]: message repeated 2 times: [ Failed password for root from 43.255.190.133 port 52734 ssh2]
Apr 10 00:01:43 ovzhost sshd[1031]: Received disconnect from 43.255.190.133: 11:  [preauth]
Apr 10 00:01:43 ovzhost sshd[1031]: PAM 2 more authentication failures; logname= uid=0 euid=0 tty=ssh ruser= rhost=43.255.190.133  user=root
Apr 10 00:01:44 ovzhost sshd[1037]: pam_unix(sshd:auth): authentication failure; logname= uid=0 euid=0 tty=ssh ruser= rhost=43.255.190.133  user=root
Apr 10 00:01:46 ovzhost sshd[1037]: Failed password for root from 43.255.190.133 port 38293 ssh2
Apr 10 00:01:48 ovzhost sshd[1033]: message repeated 2 times: [ Failed password for root from 43.255.190.146 port 52027 ssh2]
Apr 10 00:01:48 ovzhost sshd[1033]: Received disconnect from 43.255.190.146: 11:  [preauth]
Apr 10 00:01:48 ovzhost sshd[1033]: PAM 2 more authentication failures; logname= uid=0 euid=0 tty=ssh ruser= rhost=43.255.190.146  user=root
Apr 10 00:01:48 ovzhost sshd[1039]: pam_unix(sshd:auth): authentication failure; logname= uid=0 euid=0 tty=ssh ruser= rhost=43.255.190.146  user=root
Apr 10 00:01:49 ovzhost sshd[1037]: message repeated 2 times: [ Failed password for root from 43.255.190.133 port 38293 ssh2]
Apr 10 00:01:49 ovzhost sshd[1037]: Received disconnect from 43.255.190.133: 11:  [preauth]
Apr 10 00:01:49 ovzhost sshd[1037]: PAM 2 more authentication failures; logname= uid=0 euid=0 tty=ssh ruser= rhost=43.255.190.133  user=root
Apr 10 00:01:50 ovzhost sshd[1041]: pam_unix(sshd:auth): authentication failure; logname= uid=0 euid=0 tty=ssh ruser= rhost=43.255.190.133  user=root
Apr 10 00:01:51 ovzhost sshd[1039]: Failed password for root from 43.255.190.146 port 39063 ssh2
Apr 10 00:01:52 ovzhost sshd[1041]: Failed password for root from 43.255.190.133 port 49266 ssh2
Apr 10 00:01:55 ovzhost sshd[1039]: message repeated 2 times: [ Failed password for root from 43.255.190.146 port 39063 ssh2]
Apr 10 00:01:55 ovzhost sshd[1039]: Received disconnect from 43.255.190.146: 11:  [preauth]
Apr 10 00:01:55 ovzhost sshd[1039]: PAM 2 more authentication failures; logname= uid=0 euid=0 tty=ssh ruser= rhost=43.255.190.146  user=root
Apr 10 00:01:56 ovzhost sshd[1043]: pam_unix(sshd:auth): authentication failure; logname= uid=0 euid=0 tty=ssh ruser= rhost=43.255.190.146  user=root
Apr 10 00:01:56 ovzhost sshd[1041]: message repeated 2 times: [ Failed password for root from 43.255.190.133 port 49266 ssh2]
Apr 10 00:01:56 ovzhost sshd[1041]: Received disconnect from 43.255.190.133: 11:  [preauth]
Apr 10 00:01:56 ovzhost sshd[1041]: PAM 2 more authentication failures; logname= uid=0 euid=0 tty=ssh ruser= rhost=43.255.190.133  user=root
Apr 10 00:01:56 ovzhost sshd[1045]: pam_unix(sshd:auth): authentication failure; logname= uid=0 euid=0 tty=ssh ruser= rhost=43.255.190.133  user=root
Apr 10 00:01:58 ovzhost sshd[1043]: Failed password for root from 43.255.190.146 port 53925 ssh2
Apr 10 00:01:59 ovzhost sshd[1045]: Failed password for root from 43.255.190.133 port 33231 ssh2
Apr 10 00:02:02 ovzhost sshd[1043]: message repeated 2 times: [ Failed password for root from 43.255.190.146 port 53925 ssh2]
Apr 10 00:02:02 ovzhost sshd[1043]: Received disconnect from 43.255.190.146: 11:  [preauth]
Apr 10 00:02:02 ovzhost sshd[1043]: PAM 2 more authentication failures; logname= uid=0 euid=0 tty=ssh ruser= rhost=43.255.190.146  user=root
Apr 10 00:02:03 ovzhost sshd[1047]: pam_unix(sshd:auth): authentication failure; logname= uid=0 euid=0 tty=ssh ruser= rhost=43.255.190.146  user=root
Apr 10 00:02:03 ovzhost sshd[1045]: message repeated 2 times: [ Failed password for root from 43.255.190.133 port 33231 ssh2]
Apr 10 00:02:03 ovzhost sshd[1045]: Received disconnect from 43.255.190.133: 11:  [preauth]
Apr 10 00:02:03 ovzhost sshd[1045]: PAM 2 more authentication failures; logname= uid=0 euid=0 tty=ssh ruser= rhost=43.255.190.133  user=root
Apr 10 00:02:04 ovzhost sshd[1049]: pam_unix(sshd:auth): authentication failure; logname= uid=0 euid=0 tty=ssh ruser= rhost=43.255.190.133  user=root
Apr 10 00:02:05 ovzhost sshd[1047]: Failed password for root from 43.255.190.146 port 39851 ssh2
Apr 10 00:02:06 ovzhost sshd[1049]: Failed password for root from 43.255.190.133 port 46604 ssh2
Apr 10 00:02:09 ovzhost sshd[1047]: message repeated 2 times: [ Failed password for root from 43.255.190.146 port 39851 ssh2]
Apr 10 00:02:09 ovzhost sshd[1047]: Received disconnect from 43.255.190.146: 11:  [preauth]
Apr 10 00:02:09 ovzhost sshd[1047]: PAM 2 more authentication failures; logname= uid=0 euid=0 tty=ssh ruser= rhost=43.255.190.146  user=root
Apr 10 00:02:09 ovzhost sshd[1052]: pam_unix(sshd:auth): authentication failure; logname= uid=0 euid=0 tty=ssh ruser= rhost=43.255.190.146  user=root
Apr 10 00:02:10 ovzhost sshd[1049]: message repeated 2 times: [ Failed password for root from 43.255.190.133 port 46604 ssh2]
Apr 10 00:02:10 ovzhost sshd[1049]: Received disconnect from 43.255.190.133: 11:  [preauth]
Apr 10 00:02:10 ovzhost sshd[1049]: PAM 2 more authentication failures; logname= uid=0 euid=0 tty=ssh ruser= rhost=43.255.190.133  user=root
Apr 10 00:02:10 ovzhost sshd[1054]: pam_unix(sshd:auth): authentication failure; logname= uid=0 euid=0 tty=ssh ruser= rhost=43.255.190.133  user=root
Apr 10 00:02:12 ovzhost sshd[1052]: Failed password for root from 43.255.190.146 port 53547 ssh2
Apr 10 00:02:12 ovzhost sshd[1054]: Failed password for root from 43.255.190.133 port 58397 ssh2
Apr 10 00:02:17 ovzhost sshd[1054]: message repeated 2 times: [ Failed password for root from 43.255.190.133 port 58397 ssh2]
Apr 10 00:02:17 ovzhost sshd[1054]: Received disconnect from 43.255.190.133: 11:  [preauth]
Apr 10 00:02:17 ovzhost sshd[1054]: PAM 2 more authentication failures; logname= uid=0 euid=0 tty=ssh ruser= rhost=43.255.190.133  user=root
Apr 10 00:02:17 ovzhost sshd[1052]: message repeated 2 times: [ Failed password for root from 43.255.190.146 port 53547 ssh2]
Apr 10 00:02:17 ovzhost sshd[1052]: Received disconnect from 43.255.190.146: 11:  [preauth]
Apr 10 00:02:17 ovzhost sshd[1052]: PAM 2 more authentication failures; logname= uid=0 euid=0 tty=ssh ruser= rhost=43.255.190.146  user=root
Apr 10 00:02:17 ovzhost sshd[1056]: pam_unix(sshd:auth): authentication failure; logname= uid=0 euid=0 tty=ssh ruser= rhost=43.255.190.133  user=root
Apr 10 00:02:17 ovzhost sshd[1058]: pam_unix(sshd:auth): authentication failure; logname= uid=0 euid=0 tty=ssh ruser= rhost=43.255.190.146  user=root
Apr 10 00:02:19 ovzhost sshd[1056]: Failed password for root from 43.255.190.133 port 42423 ssh2
Apr 10 00:02:19 ovzhost sshd[1058]: Failed password for root from 43.255.190.146 port 41361 ssh2
Apr 10 00:02:23 ovzhost sshd[1058]: message repeated 2 times: [ Failed password for root from 43.255.190.146 port 41361 ssh2]
Apr 10 00:02:23 ovzhost sshd[1058]: Received disconnect from 43.255.190.146: 11:  [preauth]
Apr 10 00:02:23 ovzhost sshd[1058]: PAM 2 more authentication failures; logname= uid=0 euid=0 tty=ssh ruser= rhost=43.255.190.146  user=root
Apr 10 00:02:24 ovzhost sshd[1056]: message repeated 2 times: [ Failed password for root from 43.255.190.133 port 42423 ssh2]
Apr 10 00:02:24 ovzhost sshd[1056]: Received disconnect from 43.255.190.133: 11:  [preauth]
Apr 10 00:02:24 ovzhost sshd[1056]: PAM 2 more authentication failures; logname= uid=0 euid=0 tty=ssh ruser= rhost=43.255.190.133  user=root
Apr 10 00:02:24 ovzhost sshd[1060]: pam_unix(sshd:auth): authentication failure; logname= uid=0 euid=0 tty=ssh ruser= rhost=43.255.190.146  user=root
Apr 10 00:02:24 ovzhost sshd[1062]: pam_unix(sshd:auth): authentication failure; logname= uid=0 euid=0 tty=ssh ruser= rhost=43.255.190.133  user=root
Apr 10 00:02:26 ovzhost sshd[1060]: Failed password for root from 43.255.190.146 port 54235 ssh2
Apr 10 00:02:26 ovzhost sshd[1062]: Failed password for root from 43.255.190.133 port 56354 ssh2
Apr 10 00:02:30 ovzhost sshd[1060]: message repeated 2 times: [ Failed password for root from 43.255.190.146 port 54235 ssh2]
Apr 10 00:02:30 ovzhost sshd[1060]: Received disconnect from 43.255.190.146: 11:  [preauth]
Apr 10 00:02:30 ovzhost sshd[1060]: PAM 2 more authentication failures; logname= uid=0 euid=0 tty=ssh ruser= rhost=43.255.190.146  user=root
Apr 10 00:02:31 ovzhost sshd[1062]: message repeated 2 times: [ Failed password for root from 43.255.190.133 port 56354 ssh2]
Apr 10 00:02:31 ovzhost sshd[1062]: Received disconnect from 43.255.190.133: 11:  [preauth]
Apr 10 00:02:31 ovzhost sshd[1062]: PAM 2 more authentication failures; logname= uid=0 euid=0 tty=ssh ruser= rhost=43.255.190.133  user=root
Apr 10 00:02:31 ovzhost sshd[1064]: pam_unix(sshd:auth): authentication failure; logname= uid=0 euid=0 tty=ssh ruser= rhost=43.255.190.146  user=root
Apr 10 00:02:31 ovzhost sshd[1066]: pam_unix(sshd:auth): authentication failure; logname= uid=0 euid=0 tty=ssh ruser= rhost=43.255.190.133  user=root
Apr 10 00:02:33 ovzhost sshd[1064]: Failed password for root from 43.255.190.146 port 40155 ssh2
Apr 10 00:02:34 ovzhost sshd[1066]: Failed password for root from 43.255.190.133 port 40489 ssh2
Apr 10 00:02:38 ovzhost sshd[1064]: message repeated 2 times: [ Failed password for root from 43.255.190.146 port 40155 ssh2]
Apr 10 00:02:38 ovzhost sshd[1064]: Received disconnect from 43.255.190.146: 11:  [preauth]
Apr 10 00:02:38 ovzhost sshd[1064]: PAM 2 more authentication failures; logname= uid=0 euid=0 tty=ssh ruser= rhost=43.255.190.146  user=root
Apr 10 00:02:38 ovzhost sshd[1066]: message repeated 2 times: [ Failed password for root from 43.255.190.133 port 40489 ssh2]
Apr 10 00:02:38 ovzhost sshd[1066]: Received disconnect from 43.255.190.133: 11:  [preauth]
Apr 10 00:02:38 ovzhost sshd[1066]: PAM 2 more authentication failures; logname= uid=0 euid=0 tty=ssh ruser= rhost=43.255.190.133  user=root
Apr 10 00:02:38 ovzhost sshd[1068]: pam_unix(sshd:auth): authentication failure; logname= uid=0 euid=0 tty=ssh ruser= rhost=43.255.190.146  user=root
Apr 10 00:02:38 ovzhost sshd[1069]: pam_unix(sshd:auth): authentication failure; logname= uid=0 euid=0 tty=ssh ruser= rhost=43.255.190.133  user=root
Apr 10 00:02:41 ovzhost sshd[1068]: Failed password for root from 43.255.190.146 port 54398 ssh2
Apr 10 00:02:41 ovzhost sshd[1069]: Failed password for root from 43.255.190.133 port 52745 ssh2
Apr 10 00:02:44 ovzhost sshd[1068]: message repeated 2 times: [ Failed password for root from 43.255.190.146 port 54398 ssh2]
Apr 10 00:02:44 ovzhost sshd[1068]: Received disconnect from 43.255.190.146: 11:  [preauth]
Apr 10 00:02:44 ovzhost sshd[1068]: PAM 2 more authentication failures; logname= uid=0 euid=0 tty=ssh ruser= rhost=43.255.190.146  user=root
Apr 10 00:02:44 ovzhost sshd[1069]: message repeated 2 times: [ Failed password for root from 43.255.190.133 port 52745 ssh2]
Apr 10 00:02:44 ovzhost sshd[1069]: Received disconnect from 43.255.190.133: 11:  [preauth]
Apr 10 00:02:44 ovzhost sshd[1069]: PAM 2 more authentication failures; logname= uid=0 euid=0 tty=ssh ruser= rhost=43.255.190.133  user=root
Apr 10 00:02:45 ovzhost sshd[1072]: pam_unix(sshd:auth): authentication failure; logname= uid=0 euid=0 tty=ssh ruser= rhost=43.255.190.146  user=root
Apr 10 00:02:45 ovzhost sshd[1073]: pam_unix(sshd:auth): authentication failure; logname= uid=0 euid=0 tty=ssh ruser= rhost=43.255.190.133  user=root
Apr 10 00:02:48 ovzhost sshd[1072]: Failed password for root from 43.255.190.146 port 39495 ssh2
Apr 10 00:02:48 ovzhost sshd[1073]: Failed password for root from 43.255.190.133 port 37010 ssh2
Apr 10 00:02:52 ovzhost sshd[1072]: message repeated 2 times: [ Failed password for root from 43.255.190.146 port 39495 ssh2]
Apr 10 00:02:52 ovzhost sshd[1072]: Received disconnect from 43.255.190.146: 11:  [preauth]
Apr 10 00:02:52 ovzhost sshd[1072]: PAM 2 more authentication failures; logname= uid=0 euid=0 tty=ssh ruser= rhost=43.255.190.146  user=root
Apr 10 00:02:52 ovzhost sshd[1073]: message repeated 2 times: [ Failed password for root from 43.255.190.133 port 37010 ssh2]
Apr 10 00:02:52 ovzhost sshd[1073]: Received disconnect from 43.255.190.133: 11:  [preauth]
Apr 10 00:02:52 ovzhost sshd[1073]: PAM 2 more authentication failures; logname= uid=0 euid=0 tty=ssh ruser= rhost=43.255.190.133  user=root
Apr 10 00:02:53 ovzhost sshd[1076]: pam_unix(sshd:auth): authentication failure; logname= uid=0 euid=0 tty=ssh ruser= rhost=43.255.190.146  user=root
Apr 10 00:02:53 ovzhost sshd[1077]: pam_unix(sshd:auth): authentication failure; logname= uid=0 euid=0 tty=ssh ruser= rhost=43.255.190.133  user=root
Apr 10 00:02:55 ovzhost sshd[1076]: Failed password for root from 43.255.190.146 port 55058 ssh2
Apr 10 00:02:55 ovzhost sshd[1077]: Failed password for root from 43.255.190.133 port 51169 ssh2
Apr 10 00:03:00 ovzhost sshd[1076]: message repeated 2 times: [ Failed password for root from 43.255.190.146 port 55058 ssh2]
Apr 10 00:03:00 ovzhost sshd[1076]: Received disconnect from 43.255.190.146: 11:  [preauth]
Apr 10 00:03:00 ovzhost sshd[1076]: PAM 2 more authentication failures; logname= uid=0 euid=0 tty=ssh ruser= rhost=43.255.190.146  user=root
Apr 10 00:03:00 ovzhost sshd[1077]: message repeated 2 times: [ Failed password for root from 43.255.190.133 port 51169 ssh2]
Apr 10 00:03:00 ovzhost sshd[1077]: Received disconnect from 43.255.190.133: 11:  [preauth]
Apr 10 00:03:00 ovzhost sshd[1077]: PAM 2 more authentication failures; logname= uid=0 euid=0 tty=ssh ruser= rhost=43.255.190.133  user=root
Apr 10 00:03:00 ovzhost sshd[1080]: pam_unix(sshd:auth): authentication failure; logname= uid=0 euid=0 tty=ssh ruser= rhost=43.255.190.146  user=root
Apr 10 00:03:00 ovzhost sshd[1081]: pam_unix(sshd:auth): authentication failure; logname= uid=0 euid=0 tty=ssh ruser= rhost=43.255.190.133  user=root
Apr 10 00:03:02 ovzhost sshd[1080]: Failed password for root from 43.255.190.146 port 41817 ssh2
Apr 10 00:03:02 ovzhost sshd[1081]: Failed password for root from 43.255.190.133 port 36506 ssh2
Apr 10 00:03:07 ovzhost sshd[1080]: message repeated 2 times: [ Failed password for root from 43.255.190.146 port 41817 ssh2]
Apr 10 00:03:07 ovzhost sshd[1080]: Received disconnect from 43.255.190.146: 11:  [preauth]
Apr 10 00:03:07 ovzhost sshd[1080]: PAM 2 more authentication failures; logname= uid=0 euid=0 tty=ssh ruser= rhost=43.255.190.146  user=root
Apr 10 00:03:07 ovzhost sshd[1081]: message repeated 2 times: [ Failed password for root from 43.255.190.133 port 36506 ssh2]
Apr 10 00:03:07 ovzhost sshd[1081]: Received disconnect from 43.255.190.133: 11:  [preauth]
Apr 10 00:03:07 ovzhost sshd[1081]: PAM 2 more authentication failures; logname= uid=0 euid=0 tty=ssh ruser= rhost=43.255.190.133  user=root
Apr 10 00:03:07 ovzhost sshd[1084]: pam_unix(sshd:auth): authentication failure; logname= uid=0 euid=0 tty=ssh ruser= rhost=43.255.190.146  user=root
Apr 10 00:03:07 ovzhost sshd[1085]: pam_unix(sshd:auth): authentication failure; logname= uid=0 euid=0 tty=ssh ruser= rhost=43.255.190.133  user=root
Apr 10 00:03:10 ovzhost sshd[1084]: Failed password for root from 43.255.190.146 port 55478 ssh2
Apr 10 00:03:10 ovzhost sshd[1085]: Failed password for root from 43.255.190.133 port 49290 ssh2
Apr 10 00:03:14 ovzhost sshd[1085]: message repeated 2 times: [ Failed password for root from 43.255.190.133 port 49290 ssh2]
Apr 10 00:03:14 ovzhost sshd[1085]: Received disconnect from 43.255.190.133: 11:  [preauth]
Apr 10 00:03:14 ovzhost sshd[1085]: PAM 2 more authentication failures; logname= uid=0 euid=0 tty=ssh ruser= rhost=43.255.190.133  user=root
Apr 10 00:03:14 ovzhost sshd[1084]: message repeated 2 times: [ Failed password for root from 43.255.190.146 port 55478 ssh2]
Apr 10 00:03:14 ovzhost sshd[1084]: Received disconnect from 43.255.190.146: 11:  [preauth]
Apr 10 00:03:14 ovzhost sshd[1084]: PAM 2 more authentication failures; logname= uid=0 euid=0 tty=ssh ruser= rhost=43.255.190.146  user=root
Apr 10 00:03:14 ovzhost sshd[1091]: pam_unix(sshd:auth): authentication failure; logname= uid=0 euid=0 tty=ssh ruser= rhost=43.255.190.133  user=root
Apr 10 00:03:14 ovzhost sshd[1092]: pam_unix(sshd:auth): authentication failure; logname= uid=0 euid=0 tty=ssh ruser= rhost=43.255.190.146  user=root
Apr 10 00:03:16 ovzhost sshd[1091]: Failed password for root from 43.255.190.133 port 33358 ssh2
Apr 10 00:03:16 ovzhost sshd[1092]: Failed password for root from 43.255.190.146 port 40312 ssh2
Apr 10 00:03:19 ovzhost sshd[1091]: message repeated 2 times: [ Failed password for root from 43.255.190.133 port 33358 ssh2]
Apr 10 00:03:19 ovzhost sshd[1091]: Received disconnect from 43.255.190.133: 11:  [preauth]
Apr 10 00:03:19 ovzhost sshd[1091]: PAM 2 more authentication failures; logname= uid=0 euid=0 tty=ssh ruser= rhost=43.255.190.133  user=root
Apr 10 00:03:19 ovzhost sshd[1092]: message repeated 2 times: [ Failed password for root from 43.255.190.146 port 40312 ssh2]
Apr 10 00:03:19 ovzhost sshd[1092]: Received disconnect from 43.255.190.146: 11:  [preauth]
Apr 10 00:03:19 ovzhost sshd[1092]: PAM 2 more authentication failures; logname= uid=0 euid=0 tty=ssh ruser= rhost=43.255.190.146  user=root
Apr 10 00:03:20 ovzhost sshd[1095]: pam_unix(sshd:auth): authentication failure; logname= uid=0 euid=0 tty=ssh ruser= rhost=43.255.190.133  user=root
Apr 10 00:03:20 ovzhost sshd[1096]: pam_unix(sshd:auth): authentication failure; logname= uid=0 euid=0 tty=ssh ruser= rhost=43.255.190.146  user=root
Apr 10 00:03:23 ovzhost sshd[1095]: Failed password for root from 43.255.190.133 port 44962 ssh2
Apr 10 00:03:23 ovzhost sshd[1096]: Failed password for root from 43.255.190.146 port 52553 ssh2
Apr 10 00:03:27 ovzhost sshd[1096]: message repeated 2 times: [ Failed password for root from 43.255.190.146 port 52553 ssh2]
Apr 10 00:03:27 ovzhost sshd[1096]: Received disconnect from 43.255.190.146: 11:  [preauth]
Apr 10 00:03:27 ovzhost sshd[1096]: PAM 2 more authentication failures; logname= uid=0 euid=0 tty=ssh ruser= rhost=43.255.190.146  user=root
Apr 10 00:03:27 ovzhost sshd[1095]: message repeated 2 times: [ Failed password for root from 43.255.190.133 port 44962 ssh2]
Apr 10 00:03:27 ovzhost sshd[1095]: Received disconnect from 43.255.190.133: 11:  [preauth]
Apr 10 00:03:27 ovzhost sshd[1095]: PAM 2 more authentication failures; logname= uid=0 euid=0 tty=ssh ruser= rhost=43.255.190.133  user=root
Apr 10 00:03:28 ovzhost sshd[1101]: pam_unix(sshd:auth): authentication failure; logname= uid=0 euid=0 tty=ssh ruser= rhost=43.255.190.146  user=root
Apr 10 00:03:28 ovzhost sshd[1102]: pam_unix(sshd:auth): authentication failure; logname= uid=0 euid=0 tty=ssh ruser= rhost=43.255.190.133  user=root
Apr 10 00:03:29 ovzhost sshd[1101]: Failed password for root from 43.255.190.146 port 38643 ssh2
Apr 10 00:03:29 ovzhost sshd[1102]: Failed password for root from 43.255.190.133 port 58146 ssh2
Apr 10 00:03:32 ovzhost sshd[1101]: message repeated 2 times: [ Failed password for root from 43.255.190.146 port 38643 ssh2]
Apr 10 00:03:32 ovzhost sshd[1101]: Received disconnect from 43.255.190.146: 11:  [preauth]
Apr 10 00:03:32 ovzhost sshd[1101]: PAM 2 more authentication failures; logname= uid=0 euid=0 tty=ssh ruser= rhost=43.255.190.146  user=root
Apr 10 00:03:32 ovzhost sshd[1102]: message repeated 2 times: [ Failed password for root from 43.255.190.133 port 58146 ssh2]
Apr 10 00:03:32 ovzhost sshd[1102]: Received disconnect from 43.255.190.133: 11:  [preauth]
Apr 10 00:03:32 ovzhost sshd[1102]: PAM 2 more authentication failures; logname= uid=0 euid=0 tty=ssh ruser= rhost=43.255.190.133  user=root
Apr 10 00:03:33 ovzhost sshd[1105]: pam_unix(sshd:auth): authentication failure; logname= uid=0 euid=0 tty=ssh ruser= rhost=43.255.190.146  user=root
Apr 10 00:03:33 ovzhost sshd[1106]: pam_unix(sshd:auth): authentication failure; logname= uid=0 euid=0 tty=ssh ruser= rhost=43.255.190.133  user=root
Apr 10 00:03:35 ovzhost sshd[1105]: Failed password for root from 43.255.190.146 port 49788 ssh2
Apr 10 00:03:35 ovzhost sshd[1106]: Failed password for root from 43.255.190.133 port 40304 ssh2
Apr 10 00:03:40 ovzhost sshd[1105]: message repeated 2 times: [ Failed password for root from 43.255.190.146 port 49788 ssh2]
Apr 10 00:03:40 ovzhost sshd[1105]: Received disconnect from 43.255.190.146: 11:  [preauth]
Apr 10 00:03:40 ovzhost sshd[1106]: message repeated 2 times: [ Failed password for root from 43.255.190.133 port 40304 ssh2]
Apr 10 00:03:40 ovzhost sshd[1106]: Received disconnect from 43.255.190.133: 11:  [preauth]
Apr 10 00:03:40 ovzhost sshd[1106]: PAM 2 more authentication failures; logname= uid=0 euid=0 tty=ssh ruser= rhost=43.255.190.133  user=root
Apr 10 00:03:40 ovzhost sshd[1105]: PAM 2 more authentication failures; logname= uid=0 euid=0 tty=ssh ruser= rhost=43.255.190.146  user=root
Apr 10 00:03:41 ovzhost sshd[1109]: pam_unix(sshd:auth): authentication failure; logname= uid=0 euid=0 tty=ssh ruser= rhost=43.255.190.133  user=root
Apr 10 00:03:41 ovzhost sshd[1110]: pam_unix(sshd:auth): authentication failure; logname= uid=0 euid=0 tty=ssh ruser= rhost=43.255.190.146  user=root
Apr 10 00:03:42 ovzhost sshd[1109]: Failed password for root from 43.255.190.133 port 53653 ssh2
Apr 10 00:03:42 ovzhost sshd[1110]: Failed password for root from 43.255.190.146 port 35994 ssh2
Apr 10 00:03:47 ovzhost sshd[1109]: message repeated 2 times: [ Failed password for root from 43.255.190.133 port 53653 ssh2]
Apr 10 00:03:47 ovzhost sshd[1109]: Received disconnect from 43.255.190.133: 11:  [preauth]
Apr 10 00:03:47 ovzhost sshd[1110]: message repeated 2 times: [ Failed password for root from 43.255.190.146 port 35994 ssh2]
Apr 10 00:03:47 ovzhost sshd[1110]: Received disconnect from 43.255.190.146: 11:  [preauth]
Apr 10 00:03:47 ovzhost sshd[1110]: PAM 2 more authentication failures; logname= uid=0 euid=0 tty=ssh ruser= rhost=43.255.190.146  user=root
Apr 10 00:03:47 ovzhost sshd[1109]: PAM 2 more authentication failures; logname= uid=0 euid=0 tty=ssh ruser= rhost=43.255.190.133  user=root
Apr 10 00:03:48 ovzhost sshd[1113]: pam_unix(sshd:auth): authentication failure; logname= uid=0 euid=0 tty=ssh ruser= rhost=43.255.190.133  user=root
Apr 10 00:03:48 ovzhost sshd[1114]: pam_unix(sshd:auth): authentication failure; logname= uid=0 euid=0 tty=ssh ruser= rhost=43.255.190.146  user=root
Apr 10 00:03:50 ovzhost sshd[1113]: Failed password for root from 43.255.190.133 port 38156 ssh2
Apr 10 00:03:50 ovzhost sshd[1114]: Failed password for root from 43.255.190.146 port 49693 ssh2
Apr 10 00:03:53 ovzhost sshd[1113]: message repeated 2 times: [ Failed password for root from 43.255.190.133 port 38156 ssh2]
Apr 10 00:03:53 ovzhost sshd[1113]: Received disconnect from 43.255.190.133: 11:  [preauth]
Apr 10 00:03:53 ovzhost sshd[1113]: PAM 2 more authentication failures; logname= uid=0 euid=0 tty=ssh ruser= rhost=43.255.190.133  user=root
Apr 10 00:03:53 ovzhost sshd[1114]: message repeated 2 times: [ Failed password for root from 43.255.190.146 port 49693 ssh2]
Apr 10 00:03:53 ovzhost sshd[1114]: Received disconnect from 43.255.190.146: 11:  [preauth]
Apr 10 00:03:53 ovzhost sshd[1114]: PAM 2 more authentication failures; logname= uid=0 euid=0 tty=ssh ruser= rhost=43.255.190.146  user=root
Apr 10 00:03:54 ovzhost sshd[1117]: pam_unix(sshd:auth): authentication failure; logname= uid=0 euid=0 tty=ssh ruser= rhost=43.255.190.133  user=root
Apr 10 00:03:54 ovzhost sshd[1118]: pam_unix(sshd:auth): authentication failure; logname= uid=0 euid=0 tty=ssh ruser= rhost=43.255.190.146  user=root
Apr 10 00:03:56 ovzhost sshd[1117]: Failed password for root from 43.255.190.133 port 49688 ssh2
Apr 10 00:03:56 ovzhost sshd[1118]: Failed password for root from 43.255.190.146 port 33278 ssh2
Apr 10 00:04:00 ovzhost sshd[1117]: message repeated 2 times: [ Failed password for root from 43.255.190.133 port 49688 ssh2]
Apr 10 00:04:00 ovzhost sshd[1117]: Received disconnect from 43.255.190.133: 11:  [preauth]
Apr 10 00:04:00 ovzhost sshd[1117]: PAM 2 more authentication failures; logname= uid=0 euid=0 tty=ssh ruser= rhost=43.255.190.133  user=root
Apr 10 00:04:00 ovzhost sshd[1118]: message repeated 2 times: [ Failed password for root from 43.255.190.146 port 33278 ssh2]
Apr 10 00:04:00 ovzhost sshd[1118]: Received disconnect from 43.255.190.146: 11:  [preauth]
Apr 10 00:04:00 ovzhost sshd[1118]: PAM 2 more authentication failures; logname= uid=0 euid=0 tty=ssh ruser= rhost=43.255.190.146  user=root
Apr 10 00:04:01 ovzhost sshd[1121]: pam_unix(sshd:auth): authentication failure; logname= uid=0 euid=0 tty=ssh ruser= rhost=43.255.190.133  user=root
Apr 10 00:04:01 ovzhost sshd[1122]: pam_unix(sshd:auth): authentication failure; logname= uid=0 euid=0 tty=ssh ruser= rhost=43.255.190.146  user=root
Apr 10 00:04:03 ovzhost sshd[1121]: Failed password for root from 43.255.190.133 port 34506 ssh2
Apr 10 00:04:03 ovzhost sshd[1122]: Failed password for root from 43.255.190.146 port 47007 ssh2
Apr 10 00:04:07 ovzhost sshd[1121]: message repeated 2 times: [ Failed password for root from 43.255.190.133 port 34506 ssh2]
Apr 10 00:04:07 ovzhost sshd[1121]: Received disconnect from 43.255.190.133: 11:  [preauth]
Apr 10 00:04:07 ovzhost sshd[1121]: PAM 2 more authentication failures; logname= uid=0 euid=0 tty=ssh ruser= rhost=43.255.190.133  user=root
Apr 10 00:04:07 ovzhost sshd[1122]: message repeated 2 times: [ Failed password for root from 43.255.190.146 port 47007 ssh2]
Apr 10 00:04:07 ovzhost sshd[1122]: Received disconnect from 43.255.190.146: 11:  [preauth]
Apr 10 00:04:07 ovzhost sshd[1122]: PAM 2 more authentication failures; logname= uid=0 euid=0 tty=ssh ruser= rhost=43.255.190.146  user=root
Apr 10 00:04:07 ovzhost sshd[1126]: pam_unix(sshd:auth): authentication failure; logname= uid=0 euid=0 tty=ssh ruser= rhost=43.255.190.146  user=root
Apr 10 00:04:07 ovzhost sshd[1127]: pam_unix(sshd:auth): authentication failure; logname= uid=0 euid=0 tty=ssh ruser= rhost=43.255.190.133  user=root
Apr 10 00:04:10 ovzhost sshd[1126]: Failed password for root from 43.255.190.146 port 59705 ssh2
Apr 10 00:04:10 ovzhost sshd[1127]: Failed password for root from 43.255.190.133 port 47088 ssh2
Apr 10 00:04:13 ovzhost sshd[1133]: Connection closed by 127.0.0.1 [preauth]
Apr 10 00:04:14 ovzhost sshd[1126]: message repeated 2 times: [ Failed password for root from 43.255.190.146 port 59705 ssh2]
Apr 10 00:04:14 ovzhost sshd[1126]: Received disconnect from 43.255.190.146: 11:  [preauth]
Apr 10 00:04:14 ovzhost sshd[1127]: message repeated 2 times: [ Failed password for root from 43.255.190.133 port 47088 ssh2]
Apr 10 00:04:14 ovzhost sshd[1127]: Received disconnect from 43.255.190.133: 11:  [preauth]
Apr 10 00:04:14 ovzhost sshd[1127]: PAM 2 more authentication failures; logname= uid=0 euid=0 tty=ssh ruser= rhost=43.255.190.133  user=root
Apr 10 00:04:14 ovzhost sshd[1126]: PAM 2 more authentication failures; logname= uid=0 euid=0 tty=ssh ruser= rhost=43.255.190.146  user=root
Apr 10 00:04:14 ovzhost sshd[1135]: pam_unix(sshd:auth): authentication failure; logname= uid=0 euid=0 tty=ssh ruser= rhost=43.255.190.133  user=root
Apr 10 00:04:14 ovzhost sshd[1136]: pam_unix(sshd:auth): authentication failure; logname= uid=0 euid=0 tty=ssh ruser= rhost=43.255.190.146  user=root
Apr 10 00:04:16 ovzhost sshd[1135]: Failed password for root from 43.255.190.133 port 59942 ssh2
Apr 10 00:04:16 ovzhost sshd[1136]: Failed password for root from 43.255.190.146 port 44711 ssh2
Apr 10 00:04:21 ovzhost sshd[1135]: message repeated 2 times: [ Failed password for root from 43.255.190.133 port 59942 ssh2]
Apr 10 00:04:21 ovzhost sshd[1135]: Received disconnect from 43.255.190.133: 11:  [preauth]
Apr 10 00:04:21 ovzhost sshd[1135]: PAM 2 more authentication failures; logname= uid=0 euid=0 tty=ssh ruser= rhost=43.255.190.133  user=root
Apr 10 00:04:21 ovzhost sshd[1136]: message repeated 2 times: [ Failed password for root from 43.255.190.146 port 44711 ssh2]
Apr 10 00:04:21 ovzhost sshd[1136]: Received disconnect from 43.255.190.146: 11:  [preauth]
Apr 10 00:04:21 ovzhost sshd[1136]: PAM 2 more authentication failures; logname= uid=0 euid=0 tty=ssh ruser= rhost=43.255.190.146  user=root
Apr 10 00:04:21 ovzhost sshd[1139]: pam_unix(sshd:auth): authentication failure; logname= uid=0 euid=0 tty=ssh ruser= rhost=43.255.190.133  user=root
