Apr 11 13:53:02 ovzhost sshd[1026]: Failed password for root from 43.255.190.138 port 51079 ssh2
Apr 11 13:53:06 ovzhost sshd[1026]: message repeated 2 times: [ Failed password for root from 43.255.190.138 port 51079 ssh2]
Apr 11 13:53:06 ovzhost sshd[1026]: Received disconnect from 43.255.190.138: 11:  [preauth]
Apr 11 13:53:06 ovzhost sshd[1026]: PAM 2 more authentication failures; logname= uid=0 euid=0 tty=ssh ruser= rhost=43.255.190.138  user=root
Apr 11 13:53:06 ovzhost sshd[1024]: message repeated 2 times: [ Failed password for root from 43.255.190.126 port 36803 ssh2]
Apr 11 13:53:07 ovzhost sshd[1024]: Received disconnect from 43.255.190.126: 11:  [preauth]
Apr 11 13:53:07 ovzhost sshd[1024]: PAM 2 more authentication failures; logname= uid=0 euid=0 tty=ssh ruser= rhost=43.255.190.126  user=root
Apr 11 13:53:07 ovzhost sshd[1028]: pam_unix(sshd:auth): authentication failure; logname= uid=0 euid=0 tty=ssh ruser= rhost=43.255.190.138  user=root
Apr 11 13:53:07 ovzhost sshd[1030]: pam_unix(sshd:auth): authentication failure; logname= uid=0 euid=0 tty=ssh ruser= rhost=43.255.190.126  user=root
Apr 11 13:53:09 ovzhost sshd[1028]: Failed password for root from 43.255.190.138 port 36783 ssh2
Apr 11 13:53:09 ovzhost sshd[1030]: Failed password for root from 43.255.190.126 port 54212 ssh2
Apr 11 13:53:13 ovzhost sshd[1028]: message repeated 2 times: [ Failed password for root from 43.255.190.138 port 36783 ssh2]
Apr 11 13:53:13 ovzhost sshd[1028]: Received disconnect from 43.255.190.138: 11:  [preauth]
Apr 11 13:53:13 ovzhost sshd[1028]: PAM 2 more authentication failures; logname= uid=0 euid=0 tty=ssh ruser= rhost=43.255.190.138  user=root
Apr 11 13:53:13 ovzhost sshd[1030]: message repeated 2 times: [ Failed password for root from 43.255.190.126 port 54212 ssh2]
Apr 11 13:53:13 ovzhost sshd[1030]: Received disconnect from 43.255.190.126: 11:  [preauth]
Apr 11 13:53:13 ovzhost sshd[1030]: PAM 2 more authentication failures; logname= uid=0 euid=0 tty=ssh ruser= rhost=43.255.190.126  user=root
Apr 11 13:53:14 ovzhost sshd[1033]: pam_unix(sshd:auth): authentication failure; logname= uid=0 euid=0 tty=ssh ruser= rhost=43.255.190.138  user=root
Apr 11 13:53:14 ovzhost sshd[1035]: pam_unix(sshd:auth): authentication failure; logname= uid=0 euid=0 tty=ssh ruser= rhost=43.255.190.126  user=root
Apr 11 13:53:16 ovzhost sshd[1033]: Failed password for root from 43.255.190.138 port 50111 ssh2
Apr 11 13:53:16 ovzhost sshd[1035]: Failed password for root from 43.255.190.126 port 41893 ssh2
Apr 11 13:53:21 ovzhost sshd[1033]: message repeated 2 times: [ Failed password for root from 43.255.190.138 port 50111 ssh2]
Apr 11 13:53:21 ovzhost sshd[1033]: Received disconnect from 43.255.190.138: 11:  [preauth]
Apr 11 13:53:21 ovzhost sshd[1033]: PAM 2 more authentication failures; logname= uid=0 euid=0 tty=ssh ruser= rhost=43.255.190.138  user=root
Apr 11 13:53:21 ovzhost sshd[1035]: message repeated 2 times: [ Failed password for root from 43.255.190.126 port 41893 ssh2]
Apr 11 13:53:21 ovzhost sshd[1035]: Received disconnect from 43.255.190.126: 11:  [preauth]
Apr 11 13:53:21 ovzhost sshd[1035]: PAM 2 more authentication failures; logname= uid=0 euid=0 tty=ssh ruser= rhost=43.255.190.126  user=root
Apr 11 13:53:22 ovzhost sshd[1037]: pam_unix(sshd:auth): authentication failure; logname= uid=0 euid=0 tty=ssh ruser= rhost=43.255.190.138  user=root
Apr 11 13:53:22 ovzhost sshd[1039]: pam_unix(sshd:auth): authentication failure; logname= uid=0 euid=0 tty=ssh ruser= rhost=43.255.190.126  user=root
Apr 11 13:53:24 ovzhost sshd[1037]: Failed password for root from 43.255.190.138 port 39191 ssh2
Apr 11 13:53:24 ovzhost sshd[1039]: Failed password for root from 43.255.190.126 port 35348 ssh2
Apr 11 13:53:28 ovzhost sshd[1037]: message repeated 2 times: [ Failed password for root from 43.255.190.138 port 39191 ssh2]
Apr 11 13:53:28 ovzhost sshd[1037]: Received disconnect from 43.255.190.138: 11:  [preauth]
Apr 11 13:53:28 ovzhost sshd[1037]: PAM 2 more authentication failures; logname= uid=0 euid=0 tty=ssh ruser= rhost=43.255.190.138  user=root
Apr 11 13:53:28 ovzhost sshd[1039]: message repeated 2 times: [ Failed password for root from 43.255.190.126 port 35348 ssh2]
Apr 11 13:53:28 ovzhost sshd[1039]: Received disconnect from 43.255.190.126: 11:  [preauth]
Apr 11 13:53:28 ovzhost sshd[1039]: PAM 2 more authentication failures; logname= uid=0 euid=0 tty=ssh ruser= rhost=43.255.190.126  user=root
Apr 11 13:53:29 ovzhost sshd[1041]: pam_unix(sshd:auth): authentication failure; logname= uid=0 euid=0 tty=ssh ruser= rhost=43.255.190.138  user=root
Apr 11 13:53:29 ovzhost sshd[1043]: pam_unix(sshd:auth): authentication failure; logname= uid=0 euid=0 tty=ssh ruser= rhost=43.255.190.126  user=root
Apr 11 13:53:31 ovzhost sshd[1041]: Failed password for root from 43.255.190.138 port 55220 ssh2
Apr 11 13:53:31 ovzhost sshd[1043]: Failed password for root from 43.255.190.126 port 56192 ssh2
Apr 11 13:53:35 ovzhost sshd[1041]: message repeated 2 times: [ Failed password for root from 43.255.190.138 port 55220 ssh2]
Apr 11 13:53:35 ovzhost sshd[1041]: Received disconnect from 43.255.190.138: 11:  [preauth]
Apr 11 13:53:35 ovzhost sshd[1041]: PAM 2 more authentication failures; logname= uid=0 euid=0 tty=ssh ruser= rhost=43.255.190.138  user=root
Apr 11 13:53:35 ovzhost sshd[1043]: message repeated 2 times: [ Failed password for root from 43.255.190.126 port 56192 ssh2]
Apr 11 13:53:35 ovzhost sshd[1043]: Received disconnect from 43.255.190.126: 11:  [preauth]
Apr 11 13:53:35 ovzhost sshd[1043]: PAM 2 more authentication failures; logname= uid=0 euid=0 tty=ssh ruser= rhost=43.255.190.126  user=root
Apr 11 13:53:36 ovzhost sshd[1045]: pam_unix(sshd:auth): authentication failure; logname= uid=0 euid=0 tty=ssh ruser= rhost=43.255.190.138  user=root
Apr 11 13:53:36 ovzhost sshd[1047]: pam_unix(sshd:auth): authentication failure; logname= uid=0 euid=0 tty=ssh ruser= rhost=43.255.190.126  user=root
Apr 11 13:53:38 ovzhost sshd[1045]: Failed password for root from 43.255.190.138 port 42856 ssh2
Apr 11 13:53:38 ovzhost sshd[1047]: Failed password for root from 43.255.190.126 port 48623 ssh2
Apr 11 13:53:42 ovzhost sshd[1047]: message repeated 2 times: [ Failed password for root from 43.255.190.126 port 48623 ssh2]
Apr 11 13:53:42 ovzhost sshd[1047]: Received disconnect from 43.255.190.126: 11:  [preauth]
Apr 11 13:53:42 ovzhost sshd[1047]: PAM 2 more authentication failures; logname= uid=0 euid=0 tty=ssh ruser= rhost=43.255.190.126  user=root
Apr 11 13:53:42 ovzhost sshd[1045]: message repeated 2 times: [ Failed password for root from 43.255.190.138 port 42856 ssh2]
Apr 11 13:53:42 ovzhost sshd[1045]: Received disconnect from 43.255.190.138: 11:  [preauth]
Apr 11 13:53:42 ovzhost sshd[1045]: PAM 2 more authentication failures; logname= uid=0 euid=0 tty=ssh ruser= rhost=43.255.190.138  user=root
Apr 11 13:53:43 ovzhost sshd[1049]: pam_unix(sshd:auth): authentication failure; logname= uid=0 euid=0 tty=ssh ruser= rhost=43.255.190.126  user=root
Apr 11 13:53:44 ovzhost sshd[1052]: pam_unix(sshd:auth): authentication failure; logname= uid=0 euid=0 tty=ssh ruser= rhost=43.255.190.138  user=root
Apr 11 13:53:45 ovzhost sshd[1049]: Failed password for root from 43.255.190.126 port 37227 ssh2
Apr 11 13:53:46 ovzhost sshd[1052]: Failed password for root from 43.255.190.138 port 57186 ssh2
Apr 11 13:53:50 ovzhost sshd[1049]: message repeated 2 times: [ Failed password for root from 43.255.190.126 port 37227 ssh2]
Apr 11 13:53:50 ovzhost sshd[1049]: Received disconnect from 43.255.190.126: 11:  [preauth]
Apr 11 13:53:50 ovzhost sshd[1049]: PAM 2 more authentication failures; logname= uid=0 euid=0 tty=ssh ruser= rhost=43.255.190.126  user=root
Apr 11 13:53:50 ovzhost sshd[1054]: pam_unix(sshd:auth): authentication failure; logname= uid=0 euid=0 tty=ssh ruser= rhost=43.255.190.126  user=root
Apr 11 13:53:50 ovzhost sshd[1052]: message repeated 2 times: [ Failed password for root from 43.255.190.138 port 57186 ssh2]
Apr 11 13:53:51 ovzhost sshd[1052]: Received disconnect from 43.255.190.138: 11:  [preauth]
Apr 11 13:53:51 ovzhost sshd[1052]: PAM 2 more authentication failures; logname= uid=0 euid=0 tty=ssh ruser= rhost=43.255.190.138  user=root
Apr 11 13:53:51 ovzhost sshd[1056]: pam_unix(sshd:auth): authentication failure; logname= uid=0 euid=0 tty=ssh ruser= rhost=43.255.190.138  user=root
Apr 11 13:53:52 ovzhost sshd[1054]: Failed password for root from 43.255.190.126 port 54747 ssh2
Apr 11 13:53:53 ovzhost sshd[1056]: Failed password for root from 43.255.190.138 port 44520 ssh2
Apr 11 13:53:57 ovzhost sshd[1054]: message repeated 2 times: [ Failed password for root from 43.255.190.126 port 54747 ssh2]
Apr 11 13:53:57 ovzhost sshd[1054]: Received disconnect from 43.255.190.126: 11:  [preauth]
Apr 11 13:53:57 ovzhost sshd[1054]: PAM 2 more authentication failures; logname= uid=0 euid=0 tty=ssh ruser= rhost=43.255.190.126  user=root
Apr 11 13:53:57 ovzhost sshd[1058]: pam_unix(sshd:auth): authentication failure; logname= uid=0 euid=0 tty=ssh ruser= rhost=43.255.190.126  user=root
Apr 11 13:53:58 ovzhost sshd[1056]: message repeated 2 times: [ Failed password for root from 43.255.190.138 port 44520 ssh2]
Apr 11 13:53:58 ovzhost sshd[1056]: Received disconnect from 43.255.190.138: 11:  [preauth]
Apr 11 13:53:58 ovzhost sshd[1056]: PAM 2 more authentication failures; logname= uid=0 euid=0 tty=ssh ruser= rhost=43.255.190.138  user=root
Apr 11 13:53:59 ovzhost sshd[1060]: pam_unix(sshd:auth): authentication failure; logname= uid=0 euid=0 tty=ssh ruser= rhost=43.255.190.138  user=root
Apr 11 13:53:59 ovzhost sshd[1058]: Failed password for root from 43.255.190.126 port 43380 ssh2
Apr 11 13:54:01 ovzhost sshd[1060]: Failed password for root from 43.255.190.138 port 59557 ssh2
Apr 11 13:54:03 ovzhost sshd[1058]: message repeated 2 times: [ Failed password for root from 43.255.190.126 port 43380 ssh2]
Apr 11 13:54:03 ovzhost sshd[1058]: Received disconnect from 43.255.190.126: 11:  [preauth]
Apr 11 13:54:03 ovzhost sshd[1058]: PAM 2 more authentication failures; logname= uid=0 euid=0 tty=ssh ruser= rhost=43.255.190.126  user=root
Apr 11 13:54:04 ovzhost sshd[1062]: pam_unix(sshd:auth): authentication failure; logname= uid=0 euid=0 tty=ssh ruser= rhost=43.255.190.126  user=root
Apr 11 13:54:05 ovzhost sshd[1060]: message repeated 2 times: [ Failed password for root from 43.255.190.138 port 59557 ssh2]
Apr 11 13:54:05 ovzhost sshd[1060]: Received disconnect from 43.255.190.138: 11:  [preauth]
Apr 11 13:54:05 ovzhost sshd[1060]: PAM 2 more authentication failures; logname= uid=0 euid=0 tty=ssh ruser= rhost=43.255.190.138  user=root
Apr 11 13:54:06 ovzhost sshd[1062]: Failed password for root from 43.255.190.126 port 56988 ssh2
Apr 11 13:54:07 ovzhost sshd[1064]: pam_unix(sshd:auth): authentication failure; logname= uid=0 euid=0 tty=ssh ruser= rhost=43.255.190.138  user=root
Apr 11 13:54:09 ovzhost sshd[1064]: Failed password for root from 43.255.190.138 port 43695 ssh2
Apr 11 13:54:10 ovzhost sshd[1062]: message repeated 2 times: [ Failed password for root from 43.255.190.126 port 56988 ssh2]
Apr 11 13:54:10 ovzhost sshd[1062]: Received disconnect from 43.255.190.126: 11:  [preauth]
Apr 11 13:54:10 ovzhost sshd[1062]: PAM 2 more authentication failures; logname= uid=0 euid=0 tty=ssh ruser= rhost=43.255.190.126  user=root
Apr 11 13:54:11 ovzhost sshd[1066]: pam_unix(sshd:auth): authentication failure; logname= uid=0 euid=0 tty=ssh ruser= rhost=43.255.190.126  user=root
Apr 11 13:54:13 ovzhost sshd[1064]: message repeated 2 times: [ Failed password for root from 43.255.190.138 port 43695 ssh2]
Apr 11 13:54:13 ovzhost sshd[1064]: Received disconnect from 43.255.190.138: 11:  [preauth]
Apr 11 13:54:13 ovzhost sshd[1064]: PAM 2 more authentication failures; logname= uid=0 euid=0 tty=ssh ruser= rhost=43.255.190.138  user=root
Apr 11 13:54:13 ovzhost sshd[1066]: Failed password for root from 43.255.190.126 port 42929 ssh2
Apr 11 13:54:13 ovzhost sshd[1068]: pam_unix(sshd:auth): authentication failure; logname= uid=0 euid=0 tty=ssh ruser= rhost=43.255.190.138  user=root
Apr 11 13:54:13 ovzhost sshd[1071]: Connection closed by 128.8.37.104 [preauth]
Apr 11 13:54:16 ovzhost sshd[1068]: Failed password for root from 43.255.190.138 port 57325 ssh2
Apr 11 13:54:18 ovzhost sshd[1066]: message repeated 2 times: [ Failed password for root from 43.255.190.126 port 42929 ssh2]
Apr 11 13:54:18 ovzhost sshd[1066]: Received disconnect from 43.255.190.126: 11:  [preauth]
Apr 11 13:54:18 ovzhost sshd[1066]: PAM 2 more authentication failures; logname= uid=0 euid=0 tty=ssh ruser= rhost=43.255.190.126  user=root
Apr 11 13:54:19 ovzhost sshd[1073]: pam_unix(sshd:auth): authentication failure; logname= uid=0 euid=0 tty=ssh ruser= rhost=43.255.190.126  user=root
Apr 11 13:54:20 ovzhost sshd[1068]: message repeated 2 times: [ Failed password for root from 43.255.190.138 port 57325 ssh2]
Apr 11 13:54:20 ovzhost sshd[1068]: Received disconnect from 43.255.190.138: 11:  [preauth]
Apr 11 13:54:20 ovzhost sshd[1068]: PAM 2 more authentication failures; logname= uid=0 euid=0 tty=ssh ruser= rhost=43.255.190.138  user=root
Apr 11 13:54:21 ovzhost sshd[1073]: Failed password for root from 43.255.190.126 port 33570 ssh2
Apr 11 13:54:21 ovzhost sshd[1075]: pam_unix(sshd:auth): authentication failure; logname= uid=0 euid=0 tty=ssh ruser= rhost=43.255.190.138  user=root
Apr 11 13:54:23 ovzhost sshd[1075]: Failed password for root from 43.255.190.138 port 45966 ssh2
Apr 11 13:54:25 ovzhost sshd[1073]: message repeated 2 times: [ Failed password for root from 43.255.190.126 port 33570 ssh2]
Apr 11 13:54:25 ovzhost sshd[1073]: Received disconnect from 43.255.190.126: 11:  [preauth]
Apr 11 13:54:25 ovzhost sshd[1073]: PAM 2 more authentication failures; logname= uid=0 euid=0 tty=ssh ruser= rhost=43.255.190.126  user=root
Apr 11 13:54:25 ovzhost sshd[1079]: pam_unix(sshd:auth): authentication failure; logname= uid=0 euid=0 tty=ssh ruser= rhost=43.255.190.126  user=root
Apr 11 13:54:27 ovzhost sshd[1075]: message repeated 2 times: [ Failed password for root from 43.255.190.138 port 45966 ssh2]
Apr 11 13:54:27 ovzhost sshd[1075]: Received disconnect from 43.255.190.138: 11:  [preauth]
Apr 11 13:54:27 ovzhost sshd[1075]: PAM 2 more authentication failures; logname= uid=0 euid=0 tty=ssh ruser= rhost=43.255.190.138  user=root
Apr 11 13:54:27 ovzhost sshd[1079]: Failed password for root from 43.255.190.126 port 52161 ssh2
Apr 11 13:54:27 ovzhost sshd[1081]: pam_unix(sshd:auth): authentication failure; logname= uid=0 euid=0 tty=ssh ruser= rhost=43.255.190.138  user=root
Apr 11 13:54:30 ovzhost sshd[1081]: Failed password for root from 43.255.190.138 port 32876 ssh2
Apr 11 13:54:32 ovzhost sshd[1079]: message repeated 2 times: [ Failed password for root from 43.255.190.126 port 52161 ssh2]
Apr 11 13:54:32 ovzhost sshd[1079]: Received disconnect from 43.255.190.126: 11:  [preauth]
Apr 11 13:54:32 ovzhost sshd[1079]: PAM 2 more authentication failures; logname= uid=0 euid=0 tty=ssh ruser= rhost=43.255.190.126  user=root
Apr 11 13:54:33 ovzhost sshd[1083]: pam_unix(sshd:auth): authentication failure; logname= uid=0 euid=0 tty=ssh ruser= rhost=43.255.190.126  user=root
Apr 11 13:54:34 ovzhost sshd[1081]: message repeated 2 times: [ Failed password for root from 43.255.190.138 port 32876 ssh2]
Apr 11 13:54:35 ovzhost sshd[1081]: Received disconnect from 43.255.190.138: 11:  [preauth]
Apr 11 13:54:35 ovzhost sshd[1081]: PAM 2 more authentication failures; logname= uid=0 euid=0 tty=ssh ruser= rhost=43.255.190.138  user=root
Apr 11 13:54:35 ovzhost sshd[1083]: Failed password for root from 43.255.190.126 port 42444 ssh2
Apr 11 13:54:35 ovzhost sshd[1087]: pam_unix(sshd:auth): authentication failure; logname= uid=0 euid=0 tty=ssh ruser= rhost=43.255.190.138  user=root
Apr 11 13:54:37 ovzhost sshd[1087]: Failed password for root from 43.255.190.138 port 50531 ssh2
Apr 11 13:54:39 ovzhost sshd[1083]: message repeated 2 times: [ Failed password for root from 43.255.190.126 port 42444 ssh2]
Apr 11 13:54:39 ovzhost sshd[1083]: Received disconnect from 43.255.190.126: 11:  [preauth]
Apr 11 13:54:39 ovzhost sshd[1083]: PAM 2 more authentication failures; logname= uid=0 euid=0 tty=ssh ruser= rhost=43.255.190.126  user=root
Apr 11 13:54:40 ovzhost sshd[1089]: pam_unix(sshd:auth): authentication failure; logname= uid=0 euid=0 tty=ssh ruser= rhost=43.255.190.126  user=root
Apr 11 13:54:41 ovzhost sshd[1087]: message repeated 2 times: [ Failed password for root from 43.255.190.138 port 50531 ssh2]
Apr 11 13:54:41 ovzhost sshd[1087]: Received disconnect from 43.255.190.138: 11:  [preauth]
Apr 11 13:54:41 ovzhost sshd[1087]: PAM 2 more authentication failures; logname= uid=0 euid=0 tty=ssh ruser= rhost=43.255.190.138  user=root
Apr 11 13:54:42 ovzhost sshd[1089]: Failed password for root from 43.255.190.126 port 60311 ssh2
Apr 11 13:54:42 ovzhost sshd[1091]: pam_unix(sshd:auth): authentication failure; logname= uid=0 euid=0 tty=ssh ruser= rhost=43.255.190.138  user=root
Apr 11 13:54:44 ovzhost sshd[1091]: Failed password for root from 43.255.190.138 port 38181 ssh2
Apr 11 13:54:46 ovzhost sshd[1089]: message repeated 2 times: [ Failed password for root from 43.255.190.126 port 60311 ssh2]
Apr 11 13:54:46 ovzhost sshd[1089]: Received disconnect from 43.255.190.126: 11:  [preauth]
Apr 11 13:54:46 ovzhost sshd[1089]: PAM 2 more authentication failures; logname= uid=0 euid=0 tty=ssh ruser= rhost=43.255.190.126  user=root
Apr 11 13:54:47 ovzhost sshd[1093]: pam_unix(sshd:auth): authentication failure; logname= uid=0 euid=0 tty=ssh ruser= rhost=43.255.190.126  user=root
Apr 11 13:54:48 ovzhost sshd[1091]: message repeated 2 times: [ Failed password for root from 43.255.190.138 port 38181 ssh2]
Apr 11 13:54:48 ovzhost sshd[1091]: Received disconnect from 43.255.190.138: 11:  [preauth]
Apr 11 13:54:48 ovzhost sshd[1091]: PAM 2 more authentication failures; logname= uid=0 euid=0 tty=ssh ruser= rhost=43.255.190.138  user=root
Apr 11 13:54:49 ovzhost sshd[1095]: pam_unix(sshd:auth): authentication failure; logname= uid=0 euid=0 tty=ssh ruser= rhost=43.255.190.138  user=root
Apr 11 13:54:49 ovzhost sshd[1093]: Failed password for root from 43.255.190.126 port 50820 ssh2
Apr 11 13:54:51 ovzhost sshd[1095]: Failed password for root from 43.255.190.138 port 54805 ssh2
Apr 11 13:54:53 ovzhost sshd[1093]: message repeated 2 times: [ Failed password for root from 43.255.190.126 port 50820 ssh2]
Apr 11 13:54:54 ovzhost sshd[1093]: Received disconnect from 43.255.190.126: 11:  [preauth]
Apr 11 13:54:54 ovzhost sshd[1093]: PAM 2 more authentication failures; logname= uid=0 euid=0 tty=ssh ruser= rhost=43.255.190.126  user=root
Apr 11 13:54:54 ovzhost sshd[1097]: pam_unix(sshd:auth): authentication failure; logname= uid=0 euid=0 tty=ssh ruser= rhost=43.255.190.126  user=root
Apr 11 13:54:55 ovzhost sshd[1095]: message repeated 2 times: [ Failed password for root from 43.255.190.138 port 54805 ssh2]
Apr 11 13:54:55 ovzhost sshd[1095]: Received disconnect from 43.255.190.138: 11:  [preauth]
Apr 11 13:54:55 ovzhost sshd[1095]: PAM 2 more authentication failures; logname= uid=0 euid=0 tty=ssh ruser= rhost=43.255.190.138  user=root
Apr 11 13:54:57 ovzhost sshd[1097]: Failed password for root from 43.255.190.126 port 41150 ssh2
Apr 11 13:54:57 ovzhost sshd[1099]: pam_unix(sshd:auth): authentication failure; logname= uid=0 euid=0 tty=ssh ruser= rhost=43.255.190.138  user=root
Apr 11 13:54:59 ovzhost sshd[1099]: Failed password for root from 43.255.190.138 port 40937 ssh2
Apr 11 13:55:02 ovzhost sshd[1097]: message repeated 2 times: [ Failed password for root from 43.255.190.126 port 41150 ssh2]
Apr 11 13:55:02 ovzhost sshd[1097]: Received disconnect from 43.255.190.126: 11:  [preauth]
Apr 11 13:55:02 ovzhost sshd[1097]: PAM 2 more authentication failures; logname= uid=0 euid=0 tty=ssh ruser= rhost=43.255.190.126  user=root
Apr 11 13:55:02 ovzhost sshd[1101]: pam_unix(sshd:auth): authentication failure; logname= uid=0 euid=0 tty=ssh ruser= rhost=43.255.190.126  user=root
Apr 11 13:55:04 ovzhost sshd[1099]: message repeated 2 times: [ Failed password for root from 43.255.190.138 port 40937 ssh2]
Apr 11 13:55:04 ovzhost sshd[1099]: Received disconnect from 43.255.190.138: 11:  [preauth]
Apr 11 13:55:04 ovzhost sshd[1099]: PAM 2 more authentication failures; logname= uid=0 euid=0 tty=ssh ruser= rhost=43.255.190.138  user=root
Apr 11 13:55:04 ovzhost sshd[1103]: pam_unix(sshd:auth): authentication failure; logname= uid=0 euid=0 tty=ssh ruser= rhost=43.255.190.138  user=root
Apr 11 13:55:04 ovzhost sshd[1101]: Failed password for root from 43.255.190.126 port 58067 ssh2
Apr 11 13:55:07 ovzhost sshd[1103]: Failed password for root from 43.255.190.138 port 57009 ssh2
Apr 11 13:55:08 ovzhost sshd[1101]: message repeated 2 times: [ Failed password for root from 43.255.190.126 port 58067 ssh2]
Apr 11 13:55:09 ovzhost sshd[1101]: Received disconnect from 43.255.190.126: 11:  [preauth]
Apr 11 13:55:09 ovzhost sshd[1101]: PAM 2 more authentication failures; logname= uid=0 euid=0 tty=ssh ruser= rhost=43.255.190.126  user=root
Apr 11 13:55:09 ovzhost sshd[1105]: pam_unix(sshd:auth): authentication failure; logname= uid=0 euid=0 tty=ssh ruser= rhost=43.255.190.126  user=root
Apr 11 13:55:10 ovzhost sshd[1103]: message repeated 2 times: [ Failed password for root from 43.255.190.138 port 57009 ssh2]
Apr 11 13:55:11 ovzhost sshd[1103]: Received disconnect from 43.255.190.138: 11:  [preauth]
Apr 11 13:55:11 ovzhost sshd[1103]: PAM 2 more authentication failures; logname= uid=0 euid=0 tty=ssh ruser= rhost=43.255.190.138  user=root
Apr 11 13:55:11 ovzhost sshd[1105]: Failed password for root from 43.255.190.126 port 44279 ssh2
Apr 11 13:55:11 ovzhost sshd[1107]: pam_unix(sshd:auth): authentication failure; logname= uid=0 euid=0 tty=ssh ruser= rhost=43.255.190.138  user=root
Apr 11 13:55:14 ovzhost sshd[1107]: Failed password for root from 43.255.190.138 port 42058 ssh2
Apr 11 13:55:16 ovzhost sshd[1105]: message repeated 2 times: [ Failed password for root from 43.255.190.126 port 44279 ssh2]
Apr 11 13:55:16 ovzhost sshd[1105]: Received disconnect from 43.255.190.126: 11:  [preauth]
Apr 11 13:55:16 ovzhost sshd[1105]: PAM 2 more authentication failures; logname= uid=0 euid=0 tty=ssh ruser= rhost=43.255.190.126  user=root
Apr 11 13:55:17 ovzhost sshd[1111]: pam_unix(sshd:auth): authentication failure; logname= uid=0 euid=0 tty=ssh ruser= rhost=43.255.190.126  user=root
Apr 11 13:55:18 ovzhost sshd[1111]: Failed password for root from 43.255.190.126 port 60958 ssh2
Apr 11 13:55:18 ovzhost sshd[1107]: message repeated 2 times: [ Failed password for root from 43.255.190.138 port 42058 ssh2]
Apr 11 13:55:18 ovzhost sshd[1107]: Received disconnect from 43.255.190.138: 11:  [preauth]
Apr 11 13:55:18 ovzhost sshd[1107]: PAM 2 more authentication failures; logname= uid=0 euid=0 tty=ssh ruser= rhost=43.255.190.138  user=root
Apr 11 13:55:19 ovzhost sshd[1113]: pam_unix(sshd:auth): authentication failure; logname= uid=0 euid=0 tty=ssh ruser= rhost=43.255.190.138  user=root
Apr 11 13:55:21 ovzhost sshd[1113]: Failed password for root from 43.255.190.138 port 57442 ssh2
Apr 11 13:55:22 ovzhost sshd[1111]: message repeated 2 times: [ Failed password for root from 43.255.190.126 port 60958 ssh2]
Apr 11 13:55:23 ovzhost sshd[1111]: Received disconnect from 43.255.190.126: 11:  [preauth]
Apr 11 13:55:23 ovzhost sshd[1111]: PAM 2 more authentication failures; logname= uid=0 euid=0 tty=ssh ruser= rhost=43.255.190.126  user=root
Apr 11 13:55:24 ovzhost sshd[1115]: pam_unix(sshd:auth): authentication failure; logname= uid=0 euid=0 tty=ssh ruser= rhost=43.255.190.126  user=root
Apr 11 13:55:26 ovzhost sshd[1113]: message repeated 2 times: [ Failed password for root from 43.255.190.138 port 57442 ssh2]
Apr 11 13:55:26 ovzhost sshd[1113]: Received disconnect from 43.255.190.138: 11:  [preauth]
Apr 11 13:55:26 ovzhost sshd[1113]: PAM 2 more authentication failures; logname= uid=0 euid=0 tty=ssh ruser= rhost=43.255.190.138  user=root
Apr 11 13:55:26 ovzhost sshd[1115]: Failed password for root from 43.255.190.126 port 45828 ssh2
Apr 11 13:55:26 ovzhost sshd[1117]: pam_unix(sshd:auth): authentication failure; logname= uid=0 euid=0 tty=ssh ruser= rhost=43.255.190.138  user=root
Apr 11 13:55:29 ovzhost sshd[1117]: Failed password for root from 43.255.190.138 port 44229 ssh2
Apr 11 13:55:31 ovzhost sshd[1115]: message repeated 2 times: [ Failed password for root from 43.255.190.126 port 45828 ssh2]
Apr 11 13:55:31 ovzhost sshd[1115]: Received disconnect from 43.255.190.126: 11:  [preauth]
Apr 11 13:55:31 ovzhost sshd[1115]: PAM 2 more authentication failures; logname= uid=0 euid=0 tty=ssh ruser= rhost=43.255.190.126  user=root
Apr 11 13:55:32 ovzhost sshd[1119]: pam_unix(sshd:auth): authentication failure; logname= uid=0 euid=0 tty=ssh ruser= rhost=43.255.190.126  user=root
Apr 11 13:55:33 ovzhost sshd[1117]: message repeated 2 times: [ Failed password for root from 43.255.190.138 port 44229 ssh2]
Apr 11 13:55:33 ovzhost sshd[1117]: Received disconnect from 43.255.190.138: 11:  [preauth]
Apr 11 13:55:33 ovzhost sshd[1117]: PAM 2 more authentication failures; logname= uid=0 euid=0 tty=ssh ruser= rhost=43.255.190.138  user=root
Apr 11 13:55:33 ovzhost sshd[1119]: Failed password for root from 43.255.190.126 port 36149 ssh2
Apr 11 13:55:34 ovzhost sshd[1121]: pam_unix(sshd:auth): authentication failure; logname= uid=0 euid=0 tty=ssh ruser= rhost=43.255.190.138  user=root
Apr 11 13:55:36 ovzhost sshd[1121]: Failed password for root from 43.255.190.138 port 60247 ssh2
Apr 11 13:55:38 ovzhost sshd[1119]: message repeated 2 times: [ Failed password for root from 43.255.190.126 port 36149 ssh2]
Apr 11 13:55:38 ovzhost sshd[1119]: Received disconnect from 43.255.190.126: 11:  [preauth]
Apr 11 13:55:38 ovzhost sshd[1119]: PAM 2 more authentication failures; logname= uid=0 euid=0 tty=ssh ruser= rhost=43.255.190.126  user=root
Apr 11 13:55:39 ovzhost sshd[1123]: pam_unix(sshd:auth): authentication failure; logname= uid=0 euid=0 tty=ssh ruser= rhost=43.255.190.126  user=root
Apr 11 13:55:40 ovzhost sshd[1121]: message repeated 2 times: [ Failed password for root from 43.255.190.138 port 60247 ssh2]
Apr 11 13:55:40 ovzhost sshd[1121]: Received disconnect from 43.255.190.138: 11:  [preauth]
Apr 11 13:55:40 ovzhost sshd[1121]: PAM 2 more authentication failures; logname= uid=0 euid=0 tty=ssh ruser= rhost=43.255.190.138  user=root
Apr 11 13:55:41 ovzhost sshd[1123]: Failed password for root from 43.255.190.126 port 54662 ssh2
Apr 11 13:55:41 ovzhost sshd[1126]: pam_unix(sshd:auth): authentication failure; logname= uid=0 euid=0 tty=ssh ruser= rhost=43.255.190.138  user=root
Apr 11 13:55:43 ovzhost sshd[1126]: Failed password for root from 43.255.190.138 port 49005 ssh2
Apr 11 13:55:45 ovzhost sshd[1123]: message repeated 2 times: [ Failed password for root from 43.255.190.126 port 54662 ssh2]
Apr 11 13:55:45 ovzhost sshd[1123]: Received disconnect from 43.255.190.126: 11:  [preauth]
Apr 11 13:55:45 ovzhost sshd[1123]: PAM 2 more authentication failures; logname= uid=0 euid=0 tty=ssh ruser= rhost=43.255.190.126  user=root
Apr 11 13:55:47 ovzhost sshd[1126]: message repeated 2 times: [ Failed password for root from 43.255.190.138 port 49005 ssh2]
Apr 11 13:55:47 ovzhost sshd[1126]: Received disconnect from 43.255.190.138: 11:  [preauth]
Apr 11 13:55:47 ovzhost sshd[1126]: PAM 2 more authentication failures; logname= uid=0 euid=0 tty=ssh ruser= rhost=43.255.190.138  user=root
Apr 11 13:55:48 ovzhost sshd[1130]: pam_unix(sshd:auth): authentication failure; logname= uid=0 euid=0 tty=ssh ruser= rhost=43.255.190.138  user=root
Apr 11 13:55:48 ovzhost sshd[1128]: pam_unix(sshd:auth): authentication failure; logname= uid=0 euid=0 tty=ssh ruser= rhost=43.255.190.126  user=root
Apr 11 13:55:50 ovzhost sshd[1130]: Failed password for root from 43.255.190.138 port 37790 ssh2
Apr 11 13:55:51 ovzhost sshd[1128]: Failed password for root from 43.255.190.126 port 44416 ssh2
Apr 11 13:55:55 ovzhost sshd[1130]: message repeated 2 times: [ Failed password for root from 43.255.190.138 port 37790 ssh2]
Apr 11 13:55:55 ovzhost sshd[1130]: Received disconnect from 43.255.190.138: 11:  [preauth]
Apr 11 13:55:55 ovzhost sshd[1130]: PAM 2 more authentication failures; logname= uid=0 euid=0 tty=ssh ruser= rhost=43.255.190.138  user=root
Apr 11 13:55:55 ovzhost sshd[1128]: message repeated 2 times: [ Failed password for root from 43.255.190.126 port 44416 ssh2]
Apr 11 13:55:56 ovzhost sshd[1128]: Received disconnect from 43.255.190.126: 11:  [preauth]
Apr 11 13:55:56 ovzhost sshd[1128]: PAM 2 more authentication failures; logname= uid=0 euid=0 tty=ssh ruser= rhost=43.255.190.126  user=root
Apr 11 13:55:56 ovzhost sshd[1132]: pam_unix(sshd:auth): authentication failure; logname= uid=0 euid=0 tty=ssh ruser= rhost=43.255.190.138  user=root
Apr 11 13:55:57 ovzhost sshd[1134]: pam_unix(sshd:auth): authentication failure; logname= uid=0 euid=0 tty=ssh ruser= rhost=43.255.190.126  user=root
Apr 11 13:55:58 ovzhost sshd[1132]: Failed password for root from 43.255.190.138 port 50911 ssh2
Apr 11 13:55:59 ovzhost sshd[1134]: Failed password for root from 43.255.190.126 port 35064 ssh2
Apr 11 13:56:03 ovzhost sshd[1132]: message repeated 2 times: [ Failed password for root from 43.255.190.138 port 50911 ssh2]
Apr 11 13:56:03 ovzhost sshd[1132]: Received disconnect from 43.255.190.138: 11:  [preauth]
Apr 11 13:56:03 ovzhost sshd[1132]: PAM 2 more authentication failures; logname= uid=0 euid=0 tty=ssh ruser= rhost=43.255.190.138  user=root
Apr 11 13:56:03 ovzhost sshd[1134]: message repeated 2 times: [ Failed password for root from 43.255.190.126 port 35064 ssh2]
Apr 11 13:56:04 ovzhost sshd[1134]: Received disconnect from 43.255.190.126: 11:  [preauth]
Apr 11 13:56:04 ovzhost sshd[1134]: PAM 2 more authentication failures; logname= uid=0 euid=0 tty=ssh ruser= rhost=43.255.190.126  user=root
Apr 11 13:56:04 ovzhost sshd[1136]: pam_unix(sshd:auth): authentication failure; logname= uid=0 euid=0 tty=ssh ruser= rhost=43.255.190.138  user=root
Apr 11 13:56:04 ovzhost sshd[1138]: pam_unix(sshd:auth): authentication failure; logname= uid=0 euid=0 tty=ssh ruser= rhost=43.255.190.126  user=root
Apr 11 13:56:06 ovzhost sshd[1136]: Failed password for root from 43.255.190.138 port 35342 ssh2
Apr 11 13:56:06 ovzhost sshd[1138]: Failed password for root from 43.255.190.126 port 47274 ssh2
Apr 11 13:56:09 ovzhost sshd[1136]: message repeated 2 times: [ Failed password for root from 43.255.190.138 port 35342 ssh2]
Apr 11 13:56:09 ovzhost sshd[1136]: Received disconnect from 43.255.190.138: 11:  [preauth]
Apr 11 13:56:09 ovzhost sshd[1136]: PAM 2 more authentication failures; logname= uid=0 euid=0 tty=ssh ruser= rhost=43.255.190.138  user=root
Apr 11 13:56:10 ovzhost sshd[1138]: message repeated 2 times: [ Failed password for root from 43.255.190.126 port 47274 ssh2]
Apr 11 13:56:10 ovzhost sshd[1138]: Received disconnect from 43.255.190.126: 11:  [preauth]
Apr 11 13:56:10 ovzhost sshd[1138]: PAM 2 more authentication failures; logname= uid=0 euid=0 tty=ssh ruser= rhost=43.255.190.126  user=root
Apr 11 13:56:11 ovzhost sshd[1142]: pam_unix(sshd:auth): authentication failure; logname= uid=0 euid=0 tty=ssh ruser= rhost=43.255.190.126  user=root
Apr 11 13:56:13 ovzhost sshd[1142]: Failed password for root from 43.255.190.126 port 59321 ssh2
Apr 11 13:56:17 ovzhost sshd[1142]: message repeated 2 times: [ Failed password for root from 43.255.190.126 port 59321 ssh2]
Apr 11 13:56:18 ovzhost sshd[1142]: Received disconnect from 43.255.190.126: 11:  [preauth]
Apr 11 13:56:18 ovzhost sshd[1142]: PAM 2 more authentication failures; logname= uid=0 euid=0 tty=ssh ruser= rhost=43.255.190.126  user=root
Apr 11 13:56:18 ovzhost sshd[1144]: pam_unix(sshd:auth): authentication failure; logname= uid=0 euid=0 tty=ssh ruser= rhost=43.255.190.126  user=root
Apr 11 13:56:20 ovzhost sshd[1144]: Failed password for root from 43.255.190.126 port 46191 ssh2
Apr 11 13:56:24 ovzhost sshd[1144]: message repeated 2 times: [ Failed password for root from 43.255.190.126 port 46191 ssh2]
Apr 11 13:56:24 ovzhost sshd[1144]: Received disconnect from 43.255.190.126: 11:  [preauth]
Apr 11 13:56:24 ovzhost sshd[1144]: PAM 2 more authentication failures; logname= uid=0 euid=0 tty=ssh ruser= rhost=43.255.190.126  user=root
Apr 11 13:56:24 ovzhost sshd[1146]: pam_unix(sshd:auth): authentication failure; logname= uid=0 euid=0 tty=ssh ruser= rhost=43.255.190.126  user=root
Apr 11 13:56:27 ovzhost sshd[1146]: Failed password for root from 43.255.190.126 port 59230 ssh2
Apr 11 13:56:31 ovzhost sshd[1146]: message repeated 2 times: [ Failed password for root from 43.255.190.126 port 59230 ssh2]
Apr 11 13:56:31 ovzhost sshd[1146]: Received disconnect from 43.255.190.126: 11:  [preauth]
Apr 11 13:56:31 ovzhost sshd[1146]: PAM 2 more authentication failures; logname= uid=0 euid=0 tty=ssh ruser= rhost=43.255.190.126  user=root
Apr 11 13:56:32 ovzhost sshd[1148]: pam_unix(sshd:auth): authentication failure; logname= uid=0 euid=0 tty=ssh ruser= rhost=43.255.190.126  user=root
Apr 11 13:56:33 ovzhost sshd[1148]: Failed password for root from 43.255.190.126 port 49066 ssh2
Apr 11 13:56:38 ovzhost sshd[1148]: message repeated 2 times: [ Failed password for root from 43.255.190.126 port 49066 ssh2]
Apr 11 13:56:38 ovzhost sshd[1148]: Received disconnect from 43.255.190.126: 11:  [preauth]
Apr 11 13:56:38 ovzhost sshd[1148]: PAM 2 more authentication failures; logname= uid=0 euid=0 tty=ssh ruser= rhost=43.255.190.126  user=root
Apr 11 13:56:39 ovzhost sshd[1150]: pam_unix(sshd:auth): authentication failure; logname= uid=0 euid=0 tty=ssh ruser= rhost=43.255.190.126  user=root
Apr 11 13:56:41 ovzhost sshd[1150]: Failed password for root from 43.255.190.126 port 37101 ssh2
Apr 11 13:56:45 ovzhost sshd[1150]: message repeated 2 times: [ Failed password for root from 43.255.190.126 port 37101 ssh2]
Apr 11 13:56:45 ovzhost sshd[1150]: Received disconnect from 43.255.190.126: 11:  [preauth]
Apr 11 13:56:45 ovzhost sshd[1150]: PAM 2 more authentication failures; logname= uid=0 euid=0 tty=ssh ruser= rhost=43.255.190.126  user=root
Apr 11 13:56:46 ovzhost sshd[1153]: pam_unix(sshd:auth): authentication failure; logname= uid=0 euid=0 tty=ssh ruser= rhost=43.255.190.126  user=root
Apr 11 13:56:48 ovzhost sshd[1153]: Failed password for root from 43.255.190.126 port 53836 ssh2
Apr 11 13:56:52 ovzhost sshd[1153]: message repeated 2 times: [ Failed password for root from 43.255.190.126 port 53836 ssh2]
Apr 11 13:56:52 ovzhost sshd[1153]: Received disconnect from 43.255.190.126: 11:  [preauth]
Apr 11 13:56:52 ovzhost sshd[1153]: PAM 2 more authentication failures; logname= uid=0 euid=0 tty=ssh ruser= rhost=43.255.190.126  user=root
Apr 11 13:56:52 ovzhost sshd[1157]: pam_unix(sshd:auth): authentication failure; logname= uid=0 euid=0 tty=ssh ruser= rhost=43.255.190.126  user=root
Apr 11 13:56:54 ovzhost sshd[1157]: Failed password for root from 43.255.190.126 port 39765 ssh2
Apr 11 13:56:58 ovzhost sshd[1157]: message repeated 2 times: [ Failed password for root from 43.255.190.126 port 39765 ssh2]
Apr 11 13:56:58 ovzhost sshd[1157]: Received disconnect from 43.255.190.126: 11:  [preauth]
Apr 11 13:56:58 ovzhost sshd[1157]: PAM 2 more authentication failures; logname= uid=0 euid=0 tty=ssh ruser= rhost=43.255.190.126  user=root
Apr 11 13:56:59 ovzhost sshd[1159]: pam_unix(sshd:auth): authentication failure; logname= uid=0 euid=0 tty=ssh ruser= rhost=43.255.190.126  user=root
Apr 11 13:57:01 ovzhost sshd[1159]: Failed password for root from 43.255.190.126 port 51715 ssh2
Apr 11 13:57:05 ovzhost sshd[1159]: message repeated 2 times: [ Failed password for root from 43.255.190.126 port 51715 ssh2]
Apr 11 13:57:05 ovzhost sshd[1159]: Received disconnect from 43.255.190.126: 11:  [preauth]
Apr 11 13:57:05 ovzhost sshd[1159]: PAM 2 more authentication failures; logname= uid=0 euid=0 tty=ssh ruser= rhost=43.255.190.126  user=root
Apr 11 13:57:05 ovzhost sshd[1161]: pam_unix(sshd:auth): authentication failure; logname= uid=0 euid=0 tty=ssh ruser= rhost=43.255.190.126  user=root
Apr 11 13:57:07 ovzhost sshd[1161]: Failed password for root from 43.255.190.126 port 36030 ssh2
Apr 11 13:57:11 ovzhost sshd[1161]: message repeated 2 times: [ Failed password for root from 43.255.190.126 port 36030 ssh2]
Apr 11 13:57:12 ovzhost sshd[1161]: Received disconnect from 43.255.190.126: 11:  [preauth]
Apr 11 13:57:12 ovzhost sshd[1161]: PAM 2 more authentication failures; logname= uid=0 euid=0 tty=ssh ruser= rhost=43.255.190.126  user=root
Apr 11 13:57:12 ovzhost sshd[1164]: pam_unix(sshd:auth): authentication failure; logname= uid=0 euid=0 tty=ssh ruser= rhost=43.255.190.126  user=root
Apr 11 13:57:14 ovzhost sshd[1164]: Failed password for root from 43.255.190.126 port 49862 ssh2
Apr 11 13:57:18 ovzhost sshd[1164]: message repeated 2 times: [ Failed password for root from 43.255.190.126 port 49862 ssh2]
Apr 11 13:57:18 ovzhost sshd[1164]: Received disconnect from 43.255.190.126: 11:  [preauth]
Apr 11 13:57:18 ovzhost sshd[1164]: PAM 2 more authentication failures; logname= uid=0 euid=0 tty=ssh ruser= rhost=43.255.190.126  user=root
Apr 11 13:57:19 ovzhost sshd[1166]: pam_unix(sshd:auth): authentication failure; logname= uid=0 euid=0 tty=ssh ruser= rhost=43.255.190.126  user=root
Apr 11 13:57:21 ovzhost sshd[1166]: Failed password for root from 43.255.190.126 port 34425 ssh2
Apr 11 13:57:25 ovzhost sshd[1166]: message repeated 2 times: [ Failed password for root from 43.255.190.126 port 34425 ssh2]
Apr 11 13:57:26 ovzhost sshd[1166]: Received disconnect from 43.255.190.126: 11:  [preauth]
Apr 11 13:57:26 ovzhost sshd[1166]: PAM 2 more authentication failures; logname= uid=0 euid=0 tty=ssh ruser= rhost=43.255.190.126  user=root
Apr 11 13:57:30 ovzhost sshd[1169]: Connection closed by 127.0.0.1 [preauth]
Apr 11 14:00:01 ovzhost CRON[1178]: pam_env(cron:session): Unable to open env file: /etc/default/locale: No such file or directory
Apr 11 14:00:01 ovzhost CRON[1178]: pam_unix(cron:session): session opened for user smmsp by (uid=0)
Apr 11 14:00:01 ovzhost CRON[1178]: pam_unix(cron:session): session closed for user smmsp
Apr 11 14:02:30 ovzhost sshd[1217]: Connection closed by 127.0.0.1 [preauth]
Apr 11 14:04:13 ovzhost sshd[1224]: Connection closed by 128.8.37.104 [preauth]
Apr 11 14:07:30 ovzhost sshd[1240]: Connection closed by 127.0.0.1 [preauth]
Apr 11 14:09:01 ovzhost CRON[1246]: pam_env(cron:session): Unable to open env file: /etc/default/locale: No such file or directory
Apr 11 14:09:01 ovzhost CRON[1245]: pam_env(cron:session): Unable to open env file: /etc/default/locale: No such file or directory
Apr 11 14:09:01 ovzhost CRON[1246]: pam_unix(cron:session): session opened for user root by (uid=0)
Apr 11 14:09:01 ovzhost CRON[1245]: pam_unix(cron:session): session opened for user root by (uid=0)
Apr 11 14:09:01 ovzhost CRON[1245]: pam_unix(cron:session): session closed for user root
Apr 11 14:09:01 ovzhost CRON[1246]: pam_unix(cron:session): session closed for user root
Apr 11 14:10:57 ovzhost sshd[1266]: pam_unix(sshd:auth): authentication failure; logname= uid=0 euid=0 tty=ssh ruser= rhost=43.255.190.183  user=root
Apr 11 14:10:59 ovzhost sshd[1266]: Failed password for root from 43.255.190.183 port 60683 ssh2
Apr 11 14:11:03 ovzhost sshd[1266]: message repeated 2 times: [ Failed password for root from 43.255.190.183 port 60683 ssh2]
Apr 11 14:11:03 ovzhost sshd[1266]: Received disconnect from 43.255.190.183: 11:  [preauth]
Apr 11 14:11:03 ovzhost sshd[1266]: PAM 2 more authentication failures; logname= uid=0 euid=0 tty=ssh ruser= rhost=43.255.190.183  user=root
Apr 11 14:11:04 ovzhost sshd[1268]: pam_unix(sshd:auth): authentication failure; logname= uid=0 euid=0 tty=ssh ruser= rhost=43.255.190.183  user=root
Apr 11 14:11:06 ovzhost sshd[1268]: Failed password for root from 43.255.190.183 port 47179 ssh2
Apr 11 14:11:09 ovzhost sshd[1268]: message repeated 2 times: [ Failed password for root from 43.255.190.183 port 47179 ssh2]
Apr 11 14:11:09 ovzhost sshd[1268]: Received disconnect from 43.255.190.183: 11:  [preauth]
Apr 11 14:11:09 ovzhost sshd[1268]: PAM 2 more authentication failures; logname= uid=0 euid=0 tty=ssh ruser= rhost=43.255.190.183  user=root
Apr 11 14:11:10 ovzhost sshd[1272]: pam_unix(sshd:auth): authentication failure; logname= uid=0 euid=0 tty=ssh ruser= rhost=43.255.190.183  user=root
Apr 11 14:11:12 ovzhost sshd[1272]: Failed password for root from 43.255.190.183 port 59269 ssh2
Apr 11 14:11:17 ovzhost sshd[1272]: message repeated 2 times: [ Failed password for root from 43.255.190.183 port 59269 ssh2]
Apr 11 14:11:17 ovzhost sshd[1272]: Received disconnect from 43.255.190.183: 11:  [preauth]
Apr 11 14:11:17 ovzhost sshd[1272]: PAM 2 more authentication failures; logname= uid=0 euid=0 tty=ssh ruser= rhost=43.255.190.183  user=root
Apr 11 14:11:17 ovzhost sshd[1275]: pam_unix(sshd:auth): authentication failure; logname= uid=0 euid=0 tty=ssh ruser= rhost=43.255.190.183  user=root
Apr 11 14:11:19 ovzhost sshd[1275]: Failed password for root from 43.255.190.183 port 45447 ssh2
Apr 11 14:11:24 ovzhost sshd[1275]: message repeated 2 times: [ Failed password for root from 43.255.190.183 port 45447 ssh2]
Apr 11 14:11:24 ovzhost sshd[1275]: Received disconnect from 43.255.190.183: 11:  [preauth]
Apr 11 14:11:24 ovzhost sshd[1275]: PAM 2 more authentication failures; logname= uid=0 euid=0 tty=ssh ruser= rhost=43.255.190.183  user=root
Apr 11 14:11:25 ovzhost sshd[1277]: pam_unix(sshd:auth): authentication failure; logname= uid=0 euid=0 tty=ssh ruser= rhost=43.255.190.183  user=root
Apr 11 14:11:26 ovzhost sshd[1277]: Failed password for root from 43.255.190.183 port 34698 ssh2
Apr 11 14:11:30 ovzhost sshd[1277]: message repeated 2 times: [ Failed password for root from 43.255.190.183 port 34698 ssh2]
Apr 11 14:11:30 ovzhost sshd[1277]: Received disconnect from 43.255.190.183: 11:  [preauth]
Apr 11 14:11:30 ovzhost sshd[1277]: PAM 2 more authentication failures; logname= uid=0 euid=0 tty=ssh ruser= rhost=43.255.190.183  user=root
Apr 11 14:11:31 ovzhost sshd[1279]: pam_unix(sshd:auth): authentication failure; logname= uid=0 euid=0 tty=ssh ruser= rhost=43.255.190.183  user=root
Apr 11 14:11:33 ovzhost sshd[1279]: Failed password for root from 43.255.190.183 port 49784 ssh2
Apr 11 14:11:37 ovzhost sshd[1279]: message repeated 2 times: [ Failed password for root from 43.255.190.183 port 49784 ssh2]
Apr 11 14:11:37 ovzhost sshd[1279]: Received disconnect from 43.255.190.183: 11:  [preauth]
Apr 11 14:11:37 ovzhost sshd[1279]: PAM 2 more authentication failures; logname= uid=0 euid=0 tty=ssh ruser= rhost=43.255.190.183  user=root
Apr 11 14:11:38 ovzhost sshd[1281]: pam_unix(sshd:auth): authentication failure; logname= uid=0 euid=0 tty=ssh ruser= rhost=43.255.190.183  user=root
Apr 11 14:11:39 ovzhost sshd[1281]: Failed password for root from 43.255.190.183 port 38730 ssh2
Apr 11 14:11:43 ovzhost sshd[1281]: message repeated 2 times: [ Failed password for root from 43.255.190.183 port 38730 ssh2]
Apr 11 14:11:43 ovzhost sshd[1281]: Received disconnect from 43.255.190.183: 11:  [preauth]
Apr 11 14:11:43 ovzhost sshd[1281]: PAM 2 more authentication failures; logname= uid=0 euid=0 tty=ssh ruser= rhost=43.255.190.183  user=root
Apr 11 14:11:44 ovzhost sshd[1284]: pam_unix(sshd:auth): authentication failure; logname= uid=0 euid=0 tty=ssh ruser= rhost=43.255.190.183  user=root
Apr 11 14:11:46 ovzhost sshd[1284]: Failed password for root from 43.255.190.183 port 56020 ssh2
Apr 11 14:11:51 ovzhost sshd[1284]: message repeated 2 times: [ Failed password for root from 43.255.190.183 port 56020 ssh2]
Apr 11 14:11:51 ovzhost sshd[1284]: Received disconnect from 43.255.190.183: 11:  [preauth]
Apr 11 14:11:51 ovzhost sshd[1284]: PAM 2 more authentication failures; logname= uid=0 euid=0 tty=ssh ruser= rhost=43.255.190.183  user=root
Apr 11 14:11:51 ovzhost sshd[1286]: pam_unix(sshd:auth): authentication failure; logname= uid=0 euid=0 tty=ssh ruser= rhost=43.255.190.183  user=root
Apr 11 14:11:53 ovzhost sshd[1286]: Failed password for root from 43.255.190.183 port 47790 ssh2
Apr 11 14:11:57 ovzhost sshd[1286]: message repeated 2 times: [ Failed password for root from 43.255.190.183 port 47790 ssh2]
Apr 11 14:11:57 ovzhost sshd[1286]: Received disconnect from 43.255.190.183: 11:  [preauth]
Apr 11 14:11:57 ovzhost sshd[1286]: PAM 2 more authentication failures; logname= uid=0 euid=0 tty=ssh ruser= rhost=43.255.190.183  user=root
Apr 11 14:11:58 ovzhost sshd[1288]: pam_unix(sshd:auth): authentication failure; logname= uid=0 euid=0 tty=ssh ruser= rhost=43.255.190.183  user=root
Apr 11 14:11:59 ovzhost sshd[1288]: Failed password for root from 43.255.190.183 port 37149 ssh2
Apr 11 14:12:04 ovzhost sshd[1288]: message repeated 2 times: [ Failed password for root from 43.255.190.183 port 37149 ssh2]
Apr 11 14:12:04 ovzhost sshd[1288]: Received disconnect from 43.255.190.183: 11:  [preauth]
Apr 11 14:12:04 ovzhost sshd[1288]: PAM 2 more authentication failures; logname= uid=0 euid=0 tty=ssh ruser= rhost=43.255.190.183  user=root
Apr 11 14:12:05 ovzhost sshd[1292]: pam_unix(sshd:auth): authentication failure; logname= uid=0 euid=0 tty=ssh ruser= rhost=43.255.190.183  user=root
Apr 11 14:12:07 ovzhost sshd[1292]: Failed password for root from 43.255.190.183 port 52370 ssh2
Apr 11 14:12:11 ovzhost sshd[1292]: message repeated 2 times: [ Failed password for root from 43.255.190.183 port 52370 ssh2]
Apr 11 14:12:11 ovzhost sshd[1292]: Received disconnect from 43.255.190.183: 11:  [preauth]
Apr 11 14:12:11 ovzhost sshd[1292]: PAM 2 more authentication failures; logname= uid=0 euid=0 tty=ssh ruser= rhost=43.255.190.183  user=root
Apr 11 14:12:12 ovzhost sshd[1297]: pam_unix(sshd:auth): authentication failure; logname= uid=0 euid=0 tty=ssh ruser= rhost=43.255.190.183  user=root
Apr 11 14:12:14 ovzhost sshd[1297]: Failed password for root from 43.255.190.183 port 37914 ssh2
Apr 11 14:12:19 ovzhost sshd[1297]: message repeated 2 times: [ Failed password for root from 43.255.190.183 port 37914 ssh2]
Apr 11 14:12:19 ovzhost sshd[1297]: Received disconnect from 43.255.190.183: 11:  [preauth]
Apr 11 14:12:19 ovzhost sshd[1297]: PAM 2 more authentication failures; logname= uid=0 euid=0 tty=ssh ruser= rhost=43.255.190.183  user=root
Apr 11 14:12:19 ovzhost sshd[1299]: pam_unix(sshd:auth): authentication failure; logname= uid=0 euid=0 tty=ssh ruser= rhost=43.255.190.183  user=root
Apr 11 14:12:21 ovzhost sshd[1299]: Failed password for root from 43.255.190.183 port 54883 ssh2
Apr 11 14:12:25 ovzhost sshd[1299]: message repeated 2 times: [ Failed password for root from 43.255.190.183 port 54883 ssh2]
Apr 11 14:12:25 ovzhost sshd[1299]: Received disconnect from 43.255.190.183: 11:  [preauth]
Apr 11 14:12:25 ovzhost sshd[1299]: PAM 2 more authentication failures; logname= uid=0 euid=0 tty=ssh ruser= rhost=43.255.190.183  user=root
Apr 11 14:12:26 ovzhost sshd[1301]: pam_unix(sshd:auth): authentication failure; logname= uid=0 euid=0 tty=ssh ruser= rhost=43.255.190.183  user=root
Apr 11 14:12:28 ovzhost sshd[1301]: Failed password for root from 43.255.190.183 port 40811 ssh2
Apr 11 14:12:30 ovzhost sshd[1304]: Connection closed by 127.0.0.1 [preauth]
Apr 11 14:12:33 ovzhost sshd[1301]: message repeated 2 times: [ Failed password for root from 43.255.190.183 port 40811 ssh2]
Apr 11 14:12:33 ovzhost sshd[1301]: Received disconnect from 43.255.190.183: 11:  [preauth]
Apr 11 14:12:33 ovzhost sshd[1301]: PAM 2 more authentication failures; logname= uid=0 euid=0 tty=ssh ruser= rhost=43.255.190.183  user=root
Apr 11 14:12:34 ovzhost sshd[1306]: pam_unix(sshd:auth): authentication failure; logname= uid=0 euid=0 tty=ssh ruser= rhost=43.255.190.183  user=root
Apr 11 14:12:35 ovzhost sshd[1306]: Failed password for root from 43.255.190.183 port 57045 ssh2
Apr 11 14:12:40 ovzhost sshd[1306]: message repeated 2 times: [ Failed password for root from 43.255.190.183 port 57045 ssh2]
Apr 11 14:12:40 ovzhost sshd[1306]: Received disconnect from 43.255.190.183: 11:  [preauth]
Apr 11 14:12:40 ovzhost sshd[1306]: PAM 2 more authentication failures; logname= uid=0 euid=0 tty=ssh ruser= rhost=43.255.190.183  user=root
Apr 11 14:12:41 ovzhost sshd[1308]: pam_unix(sshd:auth): authentication failure; logname= uid=0 euid=0 tty=ssh ruser= rhost=43.255.190.183  user=root
Apr 11 14:12:42 ovzhost sshd[1308]: Failed password for root from 43.255.190.183 port 48285 ssh2
Apr 11 14:12:45 ovzhost sshd[1312]: pam_unix(sshd:auth): authentication failure; logname= uid=0 euid=0 tty=ssh ruser= rhost=43.255.190.161  user=root
Apr 11 14:12:46 ovzhost sshd[1312]: Failed password for root from 43.255.190.161 port 47446 ssh2
Apr 11 14:12:46 ovzhost sshd[1308]: message repeated 2 times: [ Failed password for root from 43.255.190.183 port 48285 ssh2]
Apr 11 14:12:46 ovzhost sshd[1308]: Received disconnect from 43.255.190.183: 11:  [preauth]
Apr 11 14:12:46 ovzhost sshd[1308]: PAM 2 more authentication failures; logname= uid=0 euid=0 tty=ssh ruser= rhost=43.255.190.183  user=root
Apr 11 14:12:47 ovzhost sshd[1314]: pam_unix(sshd:auth): authentication failure; logname= uid=0 euid=0 tty=ssh ruser= rhost=43.255.190.183  user=root
Apr 11 14:12:49 ovzhost sshd[1314]: Failed password for root from 43.255.190.183 port 37533 ssh2
Apr 11 14:12:51 ovzhost sshd[1312]: message repeated 2 times: [ Failed password for root from 43.255.190.161 port 47446 ssh2]
Apr 11 14:12:51 ovzhost sshd[1312]: Received disconnect from 43.255.190.161: 11:  [preauth]
Apr 11 14:12:51 ovzhost sshd[1312]: PAM 2 more authentication failures; logname= uid=0 euid=0 tty=ssh ruser= rhost=43.255.190.161  user=root
Apr 11 14:12:51 ovzhost sshd[1316]: pam_unix(sshd:auth): authentication failure; logname= uid=0 euid=0 tty=ssh ruser= rhost=43.255.190.161  user=root
