Apr 11 14:17:38 ovzhost sshd[1500]: message repeated 2 times: [ Failed password for root from 43.255.190.161 port 46594 ssh2]
Apr 11 14:17:38 ovzhost sshd[1500]: Received disconnect from 43.255.190.161: 11:  [preauth]
Apr 11 14:17:38 ovzhost sshd[1500]: PAM 2 more authentication failures; logname= uid=0 euid=0 tty=ssh ruser= rhost=43.255.190.161  user=root
Apr 11 14:17:40 ovzhost sshd[1504]: pam_unix(sshd:auth): authentication failure; logname= uid=0 euid=0 tty=ssh ruser= rhost=43.255.190.161  user=root
Apr 11 14:17:41 ovzhost sshd[1504]: Failed password for root from 43.255.190.161 port 33791 ssh2
Apr 11 14:17:42 ovzhost sshd[1502]: message repeated 2 times: [ Failed password for root from 43.255.190.183 port 54083 ssh2]
Apr 11 14:17:42 ovzhost sshd[1502]: Received disconnect from 43.255.190.183: 11:  [preauth]
Apr 11 14:17:42 ovzhost sshd[1502]: PAM 2 more authentication failures; logname= uid=0 euid=0 tty=ssh ruser= rhost=43.255.190.183  user=root
Apr 11 14:17:43 ovzhost sshd[1508]: pam_unix(sshd:auth): authentication failure; logname= uid=0 euid=0 tty=ssh ruser= rhost=43.255.190.183  user=root
Apr 11 14:17:45 ovzhost sshd[1508]: Failed password for root from 43.255.190.183 port 44302 ssh2
Apr 11 14:17:45 ovzhost sshd[1504]: message repeated 2 times: [ Failed password for root from 43.255.190.161 port 33791 ssh2]
Apr 11 14:17:45 ovzhost sshd[1504]: Received disconnect from 43.255.190.161: 11:  [preauth]
Apr 11 14:17:45 ovzhost sshd[1504]: PAM 2 more authentication failures; logname= uid=0 euid=0 tty=ssh ruser= rhost=43.255.190.161  user=root
Apr 11 14:17:46 ovzhost sshd[1510]: pam_unix(sshd:auth): authentication failure; logname= uid=0 euid=0 tty=ssh ruser= rhost=43.255.190.161  user=root
Apr 11 14:17:48 ovzhost sshd[1510]: Failed password for root from 43.255.190.161 port 49522 ssh2
Apr 11 14:17:49 ovzhost sshd[1508]: message repeated 2 times: [ Failed password for root from 43.255.190.183 port 44302 ssh2]
Apr 11 14:17:49 ovzhost sshd[1508]: Received disconnect from 43.255.190.183: 11:  [preauth]
Apr 11 14:17:49 ovzhost sshd[1508]: PAM 2 more authentication failures; logname= uid=0 euid=0 tty=ssh ruser= rhost=43.255.190.183  user=root
Apr 11 14:17:49 ovzhost sshd[1512]: pam_unix(sshd:auth): authentication failure; logname= uid=0 euid=0 tty=ssh ruser= rhost=43.255.190.183  user=root
Apr 11 14:17:51 ovzhost sshd[1512]: Failed password for root from 43.255.190.183 port 58056 ssh2
Apr 11 14:17:52 ovzhost sshd[1510]: message repeated 2 times: [ Failed password for root from 43.255.190.161 port 49522 ssh2]
Apr 11 14:17:52 ovzhost sshd[1510]: Received disconnect from 43.255.190.161: 11:  [preauth]
Apr 11 14:17:52 ovzhost sshd[1510]: PAM 2 more authentication failures; logname= uid=0 euid=0 tty=ssh ruser= rhost=43.255.190.161  user=root
Apr 11 14:17:53 ovzhost sshd[1514]: pam_unix(sshd:auth): authentication failure; logname= uid=0 euid=0 tty=ssh ruser= rhost=43.255.190.161  user=root
Apr 11 14:17:54 ovzhost sshd[1514]: Failed password for root from 43.255.190.161 port 35390 ssh2
Apr 11 14:17:54 ovzhost sshd[1512]: message repeated 2 times: [ Failed password for root from 43.255.190.183 port 58056 ssh2]
Apr 11 14:17:55 ovzhost sshd[1512]: Received disconnect from 43.255.190.183: 11:  [preauth]
Apr 11 14:17:55 ovzhost sshd[1512]: PAM 2 more authentication failures; logname= uid=0 euid=0 tty=ssh ruser= rhost=43.255.190.183  user=root
Apr 11 14:17:55 ovzhost sshd[1516]: pam_unix(sshd:auth): authentication failure; logname= uid=0 euid=0 tty=ssh ruser= rhost=43.255.190.183  user=root
Apr 11 14:17:57 ovzhost sshd[1516]: Failed password for root from 43.255.190.183 port 41844 ssh2
Apr 11 14:17:58 ovzhost sshd[1514]: message repeated 2 times: [ Failed password for root from 43.255.190.161 port 35390 ssh2]
Apr 11 14:17:58 ovzhost sshd[1514]: Received disconnect from 43.255.190.161: 11:  [preauth]
Apr 11 14:17:58 ovzhost sshd[1514]: PAM 2 more authentication failures; logname= uid=0 euid=0 tty=ssh ruser= rhost=43.255.190.161  user=root
Apr 11 14:17:59 ovzhost sshd[1518]: pam_unix(sshd:auth): authentication failure; logname= uid=0 euid=0 tty=ssh ruser= rhost=43.255.190.161  user=root
Apr 11 14:18:01 ovzhost sshd[1518]: Failed password for root from 43.255.190.161 port 49121 ssh2
Apr 11 14:18:01 ovzhost sshd[1516]: message repeated 2 times: [ Failed password for root from 43.255.190.183 port 41844 ssh2]
Apr 11 14:18:02 ovzhost sshd[1516]: Received disconnect from 43.255.190.183: 11:  [preauth]
Apr 11 14:18:02 ovzhost sshd[1516]: PAM 2 more authentication failures; logname= uid=0 euid=0 tty=ssh ruser= rhost=43.255.190.183  user=root
Apr 11 14:18:02 ovzhost sshd[1520]: pam_unix(sshd:auth): authentication failure; logname= uid=0 euid=0 tty=ssh ruser= rhost=43.255.190.183  user=root
Apr 11 14:18:04 ovzhost sshd[1518]: message repeated 2 times: [ Failed password for root from 43.255.190.161 port 49121 ssh2]
Apr 11 14:18:05 ovzhost sshd[1518]: Received disconnect from 43.255.190.161: 11:  [preauth]
Apr 11 14:18:05 ovzhost sshd[1518]: PAM 2 more authentication failures; logname= uid=0 euid=0 tty=ssh ruser= rhost=43.255.190.161  user=root
Apr 11 14:18:05 ovzhost sshd[1520]: Failed password for root from 43.255.190.183 port 58365 ssh2
Apr 11 14:18:06 ovzhost sshd[1522]: pam_unix(sshd:auth): authentication failure; logname= uid=0 euid=0 tty=ssh ruser= rhost=43.255.190.161  user=root
Apr 11 14:18:08 ovzhost sshd[1522]: Failed password for root from 43.255.190.161 port 37141 ssh2
Apr 11 14:18:09 ovzhost sshd[1520]: message repeated 2 times: [ Failed password for root from 43.255.190.183 port 58365 ssh2]
Apr 11 14:18:09 ovzhost sshd[1520]: Received disconnect from 43.255.190.183: 11:  [preauth]
Apr 11 14:18:09 ovzhost sshd[1520]: PAM 2 more authentication failures; logname= uid=0 euid=0 tty=ssh ruser= rhost=43.255.190.183  user=root
Apr 11 14:18:10 ovzhost sshd[1524]: pam_unix(sshd:auth): authentication failure; logname= uid=0 euid=0 tty=ssh ruser= rhost=43.255.190.183  user=root
Apr 11 14:18:12 ovzhost sshd[1524]: Failed password for root from 43.255.190.183 port 49293 ssh2
Apr 11 14:18:13 ovzhost sshd[1522]: message repeated 2 times: [ Failed password for root from 43.255.190.161 port 37141 ssh2]
Apr 11 14:18:13 ovzhost sshd[1522]: Received disconnect from 43.255.190.161: 11:  [preauth]
Apr 11 14:18:13 ovzhost sshd[1522]: PAM 2 more authentication failures; logname= uid=0 euid=0 tty=ssh ruser= rhost=43.255.190.161  user=root
Apr 11 14:18:13 ovzhost sshd[1526]: pam_unix(sshd:auth): authentication failure; logname= uid=0 euid=0 tty=ssh ruser= rhost=43.255.190.161  user=root
Apr 11 14:18:15 ovzhost sshd[1526]: Failed password for root from 43.255.190.161 port 58441 ssh2
Apr 11 14:18:16 ovzhost sshd[1524]: message repeated 2 times: [ Failed password for root from 43.255.190.183 port 49293 ssh2]
Apr 11 14:18:16 ovzhost sshd[1524]: Received disconnect from 43.255.190.183: 11:  [preauth]
Apr 11 14:18:16 ovzhost sshd[1524]: PAM 2 more authentication failures; logname= uid=0 euid=0 tty=ssh ruser= rhost=43.255.190.183  user=root
Apr 11 14:18:17 ovzhost sshd[1528]: pam_unix(sshd:auth): authentication failure; logname= uid=0 euid=0 tty=ssh ruser= rhost=43.255.190.183  user=root
Apr 11 14:18:19 ovzhost sshd[1526]: message repeated 2 times: [ Failed password for root from 43.255.190.161 port 58441 ssh2]
Apr 11 14:18:19 ovzhost sshd[1526]: Received disconnect from 43.255.190.161: 11:  [preauth]
Apr 11 14:18:19 ovzhost sshd[1526]: PAM 2 more authentication failures; logname= uid=0 euid=0 tty=ssh ruser= rhost=43.255.190.161  user=root
Apr 11 14:18:19 ovzhost sshd[1528]: Failed password for root from 43.255.190.183 port 39296 ssh2
Apr 11 14:18:20 ovzhost sshd[1530]: pam_unix(sshd:auth): authentication failure; logname= uid=0 euid=0 tty=ssh ruser= rhost=43.255.190.161  user=root
Apr 11 14:18:22 ovzhost sshd[1530]: Failed password for root from 43.255.190.161 port 48242 ssh2
Apr 11 14:18:23 ovzhost sshd[1528]: message repeated 2 times: [ Failed password for root from 43.255.190.183 port 39296 ssh2]
Apr 11 14:18:23 ovzhost sshd[1528]: Received disconnect from 43.255.190.183: 11:  [preauth]
Apr 11 14:18:23 ovzhost sshd[1528]: PAM 2 more authentication failures; logname= uid=0 euid=0 tty=ssh ruser= rhost=43.255.190.183  user=root
Apr 11 14:18:24 ovzhost sshd[1532]: pam_unix(sshd:auth): authentication failure; logname= uid=0 euid=0 tty=ssh ruser= rhost=43.255.190.183  user=root
Apr 11 14:18:25 ovzhost sshd[1530]: message repeated 2 times: [ Failed password for root from 43.255.190.161 port 48242 ssh2]
Apr 11 14:18:25 ovzhost sshd[1530]: Received disconnect from 43.255.190.161: 11:  [preauth]
Apr 11 14:18:25 ovzhost sshd[1530]: PAM 2 more authentication failures; logname= uid=0 euid=0 tty=ssh ruser= rhost=43.255.190.161  user=root
Apr 11 14:18:26 ovzhost sshd[1532]: Failed password for root from 43.255.190.183 port 55405 ssh2
Apr 11 14:18:26 ovzhost sshd[1534]: pam_unix(sshd:auth): authentication failure; logname= uid=0 euid=0 tty=ssh ruser= rhost=43.255.190.161  user=root
Apr 11 14:18:28 ovzhost sshd[1534]: Failed password for root from 43.255.190.161 port 33787 ssh2
Apr 11 14:18:30 ovzhost sshd[1532]: message repeated 2 times: [ Failed password for root from 43.255.190.183 port 55405 ssh2]
Apr 11 14:18:30 ovzhost sshd[1532]: Received disconnect from 43.255.190.183: 11:  [preauth]
Apr 11 14:18:30 ovzhost sshd[1532]: PAM 2 more authentication failures; logname= uid=0 euid=0 tty=ssh ruser= rhost=43.255.190.183  user=root
Apr 11 14:18:32 ovzhost sshd[1536]: pam_unix(sshd:auth): authentication failure; logname= uid=0 euid=0 tty=ssh ruser= rhost=43.255.190.183  user=root
Apr 11 14:18:33 ovzhost sshd[1534]: message repeated 2 times: [ Failed password for root from 43.255.190.161 port 33787 ssh2]
Apr 11 14:18:33 ovzhost sshd[1534]: Received disconnect from 43.255.190.161: 11:  [preauth]
Apr 11 14:18:33 ovzhost sshd[1534]: PAM 2 more authentication failures; logname= uid=0 euid=0 tty=ssh ruser= rhost=43.255.190.161  user=root
Apr 11 14:18:33 ovzhost sshd[1538]: pam_unix(sshd:auth): authentication failure; logname= uid=0 euid=0 tty=ssh ruser= rhost=43.255.190.161  user=root
Apr 11 14:18:34 ovzhost sshd[1536]: Failed password for root from 43.255.190.183 port 42528 ssh2
Apr 11 14:18:35 ovzhost sshd[1538]: Failed password for root from 43.255.190.161 port 49242 ssh2
Apr 11 14:18:38 ovzhost sshd[1536]: message repeated 2 times: [ Failed password for root from 43.255.190.183 port 42528 ssh2]
Apr 11 14:18:38 ovzhost sshd[1536]: Received disconnect from 43.255.190.183: 11:  [preauth]
Apr 11 14:18:38 ovzhost sshd[1536]: PAM 2 more authentication failures; logname= uid=0 euid=0 tty=ssh ruser= rhost=43.255.190.183  user=root
Apr 11 14:18:39 ovzhost sshd[1540]: pam_unix(sshd:auth): authentication failure; logname= uid=0 euid=0 tty=ssh ruser= rhost=43.255.190.183  user=root
Apr 11 14:18:40 ovzhost sshd[1538]: message repeated 2 times: [ Failed password for root from 43.255.190.161 port 49242 ssh2]
Apr 11 14:18:40 ovzhost sshd[1538]: Received disconnect from 43.255.190.161: 11:  [preauth]
Apr 11 14:18:40 ovzhost sshd[1538]: PAM 2 more authentication failures; logname= uid=0 euid=0 tty=ssh ruser= rhost=43.255.190.161  user=root
Apr 11 14:18:40 ovzhost sshd[1540]: Failed password for root from 43.255.190.183 port 58817 ssh2
Apr 11 14:18:40 ovzhost sshd[1542]: pam_unix(sshd:auth): authentication failure; logname= uid=0 euid=0 tty=ssh ruser= rhost=43.255.190.161  user=root
Apr 11 14:18:43 ovzhost sshd[1542]: Failed password for root from 43.255.190.161 port 38285 ssh2
Apr 11 14:18:44 ovzhost sshd[1540]: message repeated 2 times: [ Failed password for root from 43.255.190.183 port 58817 ssh2]
Apr 11 14:18:44 ovzhost sshd[1540]: Received disconnect from 43.255.190.183: 11:  [preauth]
Apr 11 14:18:44 ovzhost sshd[1540]: PAM 2 more authentication failures; logname= uid=0 euid=0 tty=ssh ruser= rhost=43.255.190.183  user=root
Apr 11 14:18:45 ovzhost sshd[1545]: pam_unix(sshd:auth): authentication failure; logname= uid=0 euid=0 tty=ssh ruser= rhost=43.255.190.183  user=root
Apr 11 14:18:47 ovzhost sshd[1542]: message repeated 2 times: [ Failed password for root from 43.255.190.161 port 38285 ssh2]
Apr 11 14:18:47 ovzhost sshd[1542]: Received disconnect from 43.255.190.161: 11:  [preauth]
Apr 11 14:18:47 ovzhost sshd[1542]: PAM 2 more authentication failures; logname= uid=0 euid=0 tty=ssh ruser= rhost=43.255.190.161  user=root
Apr 11 14:18:47 ovzhost sshd[1545]: Failed password for root from 43.255.190.183 port 44612 ssh2
Apr 11 14:18:47 ovzhost sshd[1547]: pam_unix(sshd:auth): authentication failure; logname= uid=0 euid=0 tty=ssh ruser= rhost=43.255.190.161  user=root
Apr 11 14:18:49 ovzhost sshd[1547]: Failed password for root from 43.255.190.161 port 52697 ssh2
Apr 11 14:18:51 ovzhost sshd[1545]: message repeated 2 times: [ Failed password for root from 43.255.190.183 port 44612 ssh2]
Apr 11 14:18:51 ovzhost sshd[1545]: Received disconnect from 43.255.190.183: 11:  [preauth]
Apr 11 14:18:51 ovzhost sshd[1545]: PAM 2 more authentication failures; logname= uid=0 euid=0 tty=ssh ruser= rhost=43.255.190.183  user=root
Apr 11 14:18:54 ovzhost sshd[1549]: pam_unix(sshd:auth): authentication failure; logname= uid=0 euid=0 tty=ssh ruser= rhost=43.255.190.183  user=root
Apr 11 14:18:54 ovzhost sshd[1547]: message repeated 2 times: [ Failed password for root from 43.255.190.161 port 52697 ssh2]
Apr 11 14:18:54 ovzhost sshd[1547]: Received disconnect from 43.255.190.161: 11:  [preauth]
Apr 11 14:18:54 ovzhost sshd[1547]: PAM 2 more authentication failures; logname= uid=0 euid=0 tty=ssh ruser= rhost=43.255.190.161  user=root
Apr 11 14:18:55 ovzhost sshd[1549]: Failed password for root from 43.255.190.183 port 59120 ssh2
Apr 11 14:18:56 ovzhost sshd[1551]: pam_unix(sshd:auth): authentication failure; logname= uid=0 euid=0 tty=ssh ruser= rhost=43.255.190.161  user=root
Apr 11 14:18:58 ovzhost sshd[1551]: Failed password for root from 43.255.190.161 port 40554 ssh2
Apr 11 14:19:00 ovzhost sshd[1549]: message repeated 2 times: [ Failed password for root from 43.255.190.183 port 59120 ssh2]
Apr 11 14:19:00 ovzhost sshd[1549]: Received disconnect from 43.255.190.183: 11:  [preauth]
Apr 11 14:19:00 ovzhost sshd[1549]: PAM 2 more authentication failures; logname= uid=0 euid=0 tty=ssh ruser= rhost=43.255.190.183  user=root
Apr 11 14:19:01 ovzhost sshd[1556]: pam_unix(sshd:auth): authentication failure; logname= uid=0 euid=0 tty=ssh ruser= rhost=43.255.190.183  user=root
Apr 11 14:19:02 ovzhost sshd[1554]: Invalid user zhangyan from 46.209.198.54
Apr 11 14:19:02 ovzhost sshd[1554]: input_userauth_request: invalid user zhangyan [preauth]
Apr 11 14:19:02 ovzhost sshd[1554]: pam_unix(sshd:auth): check pass; user unknown
Apr 11 14:19:02 ovzhost sshd[1554]: pam_unix(sshd:auth): authentication failure; logname= uid=0 euid=0 tty=ssh ruser= rhost=46.209.198.54 
Apr 11 14:19:02 ovzhost sshd[1551]: message repeated 2 times: [ Failed password for root from 43.255.190.161 port 40554 ssh2]
Apr 11 14:19:02 ovzhost sshd[1551]: Received disconnect from 43.255.190.161: 11:  [preauth]
Apr 11 14:19:02 ovzhost sshd[1551]: PAM 2 more authentication failures; logname= uid=0 euid=0 tty=ssh ruser= rhost=43.255.190.161  user=root
Apr 11 14:19:03 ovzhost sshd[1558]: pam_unix(sshd:auth): authentication failure; logname= uid=0 euid=0 tty=ssh ruser= rhost=43.255.190.161  user=root
Apr 11 14:19:03 ovzhost sshd[1556]: Failed password for root from 43.255.190.183 port 52147 ssh2
Apr 11 14:19:04 ovzhost sshd[1554]: Failed password for invalid user zhangyan from 46.209.198.54 port 36629 ssh2
Apr 11 14:19:04 ovzhost sshd[1554]: Received disconnect from 46.209.198.54: 11: Bye Bye [preauth]
Apr 11 14:19:05 ovzhost sshd[1558]: Failed password for root from 43.255.190.161 port 60909 ssh2
Apr 11 14:19:07 ovzhost sshd[1556]: message repeated 2 times: [ Failed password for root from 43.255.190.183 port 52147 ssh2]
Apr 11 14:19:07 ovzhost sshd[1556]: Received disconnect from 43.255.190.183: 11:  [preauth]
Apr 11 14:19:07 ovzhost sshd[1556]: PAM 2 more authentication failures; logname= uid=0 euid=0 tty=ssh ruser= rhost=43.255.190.183  user=root
Apr 11 14:19:07 ovzhost sshd[1560]: Invalid user dff from 46.209.198.54
Apr 11 14:19:07 ovzhost sshd[1560]: input_userauth_request: invalid user dff [preauth]
Apr 11 14:19:08 ovzhost sshd[1560]: pam_unix(sshd:auth): check pass; user unknown
Apr 11 14:19:08 ovzhost sshd[1560]: pam_unix(sshd:auth): authentication failure; logname= uid=0 euid=0 tty=ssh ruser= rhost=46.209.198.54 
Apr 11 14:19:09 ovzhost sshd[1558]: message repeated 2 times: [ Failed password for root from 43.255.190.161 port 60909 ssh2]
Apr 11 14:19:09 ovzhost sshd[1558]: Received disconnect from 43.255.190.161: 11:  [preauth]
Apr 11 14:19:09 ovzhost sshd[1558]: PAM 2 more authentication failures; logname= uid=0 euid=0 tty=ssh ruser= rhost=43.255.190.161  user=root
Apr 11 14:19:09 ovzhost sshd[1562]: pam_unix(sshd:auth): authentication failure; logname= uid=0 euid=0 tty=ssh ruser= rhost=43.255.190.183  user=root
Apr 11 14:19:10 ovzhost sshd[1564]: pam_unix(sshd:auth): authentication failure; logname= uid=0 euid=0 tty=ssh ruser= rhost=43.255.190.161  user=root
Apr 11 14:19:10 ovzhost sshd[1560]: Failed password for invalid user dff from 46.209.198.54 port 37256 ssh2
Apr 11 14:19:10 ovzhost sshd[1560]: Received disconnect from 46.209.198.54: 11: Bye Bye [preauth]
Apr 11 14:19:10 ovzhost sshd[1562]: Failed password for root from 43.255.190.183 port 40853 ssh2
Apr 11 14:19:11 ovzhost sshd[1564]: Failed password for root from 43.255.190.161 port 50585 ssh2
Apr 11 14:19:13 ovzhost sshd[1566]: pam_unix(sshd:auth): authentication failure; logname= uid=0 euid=0 tty=ssh ruser= rhost=46.209.198.54  user=root
Apr 11 14:19:15 ovzhost sshd[1566]: Failed password for root from 46.209.198.54 port 38017 ssh2
Apr 11 14:19:15 ovzhost sshd[1562]: message repeated 2 times: [ Failed password for root from 43.255.190.183 port 40853 ssh2]
Apr 11 14:19:15 ovzhost sshd[1562]: Received disconnect from 43.255.190.183: 11:  [preauth]
Apr 11 14:19:15 ovzhost sshd[1562]: PAM 2 more authentication failures; logname= uid=0 euid=0 tty=ssh ruser= rhost=43.255.190.183  user=root
Apr 11 14:19:15 ovzhost sshd[1566]: Received disconnect from 46.209.198.54: 11: Bye Bye [preauth]
Apr 11 14:19:16 ovzhost sshd[1568]: pam_unix(sshd:auth): authentication failure; logname= uid=0 euid=0 tty=ssh ruser= rhost=43.255.190.183  user=root
Apr 11 14:19:16 ovzhost sshd[1564]: message repeated 2 times: [ Failed password for root from 43.255.190.161 port 50585 ssh2]
Apr 11 14:19:16 ovzhost sshd[1564]: Received disconnect from 43.255.190.161: 11:  [preauth]
Apr 11 14:19:16 ovzhost sshd[1564]: PAM 2 more authentication failures; logname= uid=0 euid=0 tty=ssh ruser= rhost=43.255.190.161  user=root
Apr 11 14:19:17 ovzhost sshd[1572]: pam_unix(sshd:auth): authentication failure; logname= uid=0 euid=0 tty=ssh ruser= rhost=43.255.190.161  user=root
Apr 11 14:19:17 ovzhost sshd[1568]: Failed password for root from 43.255.190.183 port 59983 ssh2
Apr 11 14:19:18 ovzhost sshd[1570]: pam_unix(sshd:auth): authentication failure; logname= uid=0 euid=0 tty=ssh ruser= rhost=46.209.198.54  user=root
Apr 11 14:19:19 ovzhost sshd[1572]: Failed password for root from 43.255.190.161 port 40161 ssh2
Apr 11 14:19:20 ovzhost sshd[1570]: Failed password for root from 46.209.198.54 port 38620 ssh2
Apr 11 14:19:20 ovzhost sshd[1570]: Received disconnect from 46.209.198.54: 11: Bye Bye [preauth]
Apr 11 14:19:23 ovzhost sshd[1572]: message repeated 2 times: [ Failed password for root from 43.255.190.161 port 40161 ssh2]
Apr 11 14:19:23 ovzhost sshd[1572]: Received disconnect from 43.255.190.161: 11:  [preauth]
Apr 11 14:19:23 ovzhost sshd[1572]: PAM 2 more authentication failures; logname= uid=0 euid=0 tty=ssh ruser= rhost=43.255.190.161  user=root
Apr 11 14:19:23 ovzhost sshd[1574]: Accepted password for root from 46.209.198.54 port 39231 ssh2
Apr 11 14:19:23 ovzhost sshd[1574]: pam_unix(sshd:session): session opened for user root by (uid=0)
Apr 11 14:19:23 ovzhost sshd[1574]: pam_env(sshd:session): Unable to open env file: /etc/default/locale: No such file or directory
Apr 11 14:19:23 ovzhost sshd[1568]: message repeated 2 times: [ Failed password for root from 43.255.190.183 port 59983 ssh2]
Apr 11 14:19:23 ovzhost sshd[1568]: Received disconnect from 43.255.190.183: 11:  [preauth]
Apr 11 14:19:23 ovzhost sshd[1568]: PAM 2 more authentication failures; logname= uid=0 euid=0 tty=ssh ruser= rhost=43.255.190.183  user=root
Apr 11 14:19:23 ovzhost sshd[1576]: pam_unix(sshd:auth): authentication failure; logname= uid=0 euid=0 tty=ssh ruser= rhost=43.255.190.161  user=root
Apr 11 14:19:24 ovzhost sshd[1574]: pam_unix(sshd:session): session closed for user root
