Mar 31 17:16:56 ovzhost sudo:     root : unable to resolve host ovzhost
Mar 31 17:16:56 ovzhost sudo:     root : TTY=pts/0 ; PWD=/ ; USER=root ; COMMAND=/usr/bin/less /root/.bash_history
Mar 31 17:16:56 ovzhost sudo: pam_unix(sudo:session): session opened for user root by (uid=0)
Mar 31 17:16:57 ovzhost sudo: pam_unix(sudo:session): session closed for user root
Apr  2 14:31:13 ovzhost sshd[419]: Server listening on 0.0.0.0 port 22.
Apr  2 14:31:13 ovzhost sshd[419]: Server listening on :: port 22.
Apr  2 14:31:13 ovzhost saslauthd[637]: detach_tty      : master pid is: 637
Apr  2 14:31:13 ovzhost saslauthd[637]: ipc_init        : listening on socket: /var/run/saslauthd/mux
Apr  2 14:33:26 ovzhost sshd[797]: Connection closed by 127.0.0.1 [preauth]
Apr 11 13:40:01 ovzhost CRON[776]: pam_env(cron:session): Unable to open env file: /etc/default/locale: No such file or directory
Apr 11 13:40:01 ovzhost CRON[776]: pam_unix(cron:session): session opened for user smmsp by (uid=0)
Apr 11 13:40:01 ovzhost CRON[776]: pam_unix(cron:session): session closed for user smmsp
Apr 11 13:42:32 ovzhost sshd[815]: Connection closed by 127.0.0.1 [preauth]
Apr 11 13:44:13 ovzhost sshd[822]: Connection closed by 128.8.37.104 [preauth]
Apr 11 13:47:32 ovzhost sshd[838]: Connection closed by 127.0.0.1 [preauth]
Apr 11 13:47:50 ovzhost sshd[842]: pam_unix(sshd:auth): authentication failure; logname= uid=0 euid=0 tty=ssh ruser= rhost=43.255.190.138  user=root
Apr 11 13:47:52 ovzhost sshd[842]: Failed password for root from 43.255.190.138 port 58123 ssh2
Apr 11 13:47:56 ovzhost sshd[842]: message repeated 2 times: [ Failed password for root from 43.255.190.138 port 58123 ssh2]
Apr 11 13:47:56 ovzhost sshd[842]: Received disconnect from 43.255.190.138: 11:  [preauth]
Apr 11 13:47:56 ovzhost sshd[842]: PAM 2 more authentication failures; logname= uid=0 euid=0 tty=ssh ruser= rhost=43.255.190.138  user=root
Apr 11 13:47:57 ovzhost sshd[844]: pam_unix(sshd:auth): authentication failure; logname= uid=0 euid=0 tty=ssh ruser= rhost=43.255.190.138  user=root
Apr 11 13:47:59 ovzhost sshd[844]: Failed password for root from 43.255.190.138 port 45828 ssh2
Apr 11 13:48:03 ovzhost sshd[844]: message repeated 2 times: [ Failed password for root from 43.255.190.138 port 45828 ssh2]
Apr 11 13:48:03 ovzhost sshd[844]: Received disconnect from 43.255.190.138: 11:  [preauth]
Apr 11 13:48:03 ovzhost sshd[844]: PAM 2 more authentication failures; logname= uid=0 euid=0 tty=ssh ruser= rhost=43.255.190.138  user=root
Apr 11 13:48:05 ovzhost sshd[846]: pam_unix(sshd:auth): authentication failure; logname= uid=0 euid=0 tty=ssh ruser= rhost=43.255.190.138  user=root
Apr 11 13:48:07 ovzhost sshd[846]: Failed password for root from 43.255.190.138 port 59361 ssh2
Apr 11 13:48:11 ovzhost sshd[846]: message repeated 2 times: [ Failed password for root from 43.255.190.138 port 59361 ssh2]
Apr 11 13:48:11 ovzhost sshd[846]: Received disconnect from 43.255.190.138: 11:  [preauth]
Apr 11 13:48:11 ovzhost sshd[846]: PAM 2 more authentication failures; logname= uid=0 euid=0 tty=ssh ruser= rhost=43.255.190.138  user=root
Apr 11 13:48:11 ovzhost sshd[848]: pam_unix(sshd:auth): authentication failure; logname= uid=0 euid=0 tty=ssh ruser= rhost=43.255.190.138  user=root
Apr 11 13:48:14 ovzhost sshd[848]: Failed password for root from 43.255.190.138 port 47939 ssh2
Apr 11 13:48:18 ovzhost sshd[848]: message repeated 2 times: [ Failed password for root from 43.255.190.138 port 47939 ssh2]
Apr 11 13:48:18 ovzhost sshd[848]: Received disconnect from 43.255.190.138: 11:  [preauth]
Apr 11 13:48:18 ovzhost sshd[848]: PAM 2 more authentication failures; logname= uid=0 euid=0 tty=ssh ruser= rhost=43.255.190.138  user=root
Apr 11 13:48:19 ovzhost sshd[850]: pam_unix(sshd:auth): authentication failure; logname= uid=0 euid=0 tty=ssh ruser= rhost=43.255.190.138  user=root
Apr 11 13:48:21 ovzhost sshd[850]: Failed password for root from 43.255.190.138 port 36093 ssh2
Apr 11 13:48:25 ovzhost sshd[850]: message repeated 2 times: [ Failed password for root from 43.255.190.138 port 36093 ssh2]
Apr 11 13:48:26 ovzhost sshd[850]: Received disconnect from 43.255.190.138: 11:  [preauth]
Apr 11 13:48:26 ovzhost sshd[850]: PAM 2 more authentication failures; logname= uid=0 euid=0 tty=ssh ruser= rhost=43.255.190.138  user=root
Apr 11 13:48:27 ovzhost sshd[852]: pam_unix(sshd:auth): authentication failure; logname= uid=0 euid=0 tty=ssh ruser= rhost=43.255.190.138  user=root
Apr 11 13:48:29 ovzhost sshd[852]: Failed password for root from 43.255.190.138 port 50923 ssh2
Apr 11 13:48:33 ovzhost sshd[852]: message repeated 2 times: [ Failed password for root from 43.255.190.138 port 50923 ssh2]
Apr 11 13:48:33 ovzhost sshd[852]: Received disconnect from 43.255.190.138: 11:  [preauth]
Apr 11 13:48:33 ovzhost sshd[852]: PAM 2 more authentication failures; logname= uid=0 euid=0 tty=ssh ruser= rhost=43.255.190.138  user=root
Apr 11 13:48:34 ovzhost sshd[854]: pam_unix(sshd:auth): authentication failure; logname= uid=0 euid=0 tty=ssh ruser= rhost=43.255.190.138  user=root
Apr 11 13:48:37 ovzhost sshd[854]: Failed password for root from 43.255.190.138 port 39903 ssh2
Apr 11 13:48:40 ovzhost sshd[854]: message repeated 2 times: [ Failed password for root from 43.255.190.138 port 39903 ssh2]
Apr 11 13:48:41 ovzhost sshd[854]: Received disconnect from 43.255.190.138: 11:  [preauth]
Apr 11 13:48:41 ovzhost sshd[854]: PAM 2 more authentication failures; logname= uid=0 euid=0 tty=ssh ruser= rhost=43.255.190.138  user=root
Apr 11 13:48:41 ovzhost sshd[856]: pam_unix(sshd:auth): authentication failure; logname= uid=0 euid=0 tty=ssh ruser= rhost=43.255.190.138  user=root
Apr 11 13:48:44 ovzhost sshd[856]: Failed password for root from 43.255.190.138 port 57195 ssh2
Apr 11 13:48:48 ovzhost sshd[856]: message repeated 2 times: [ Failed password for root from 43.255.190.138 port 57195 ssh2]
Apr 11 13:48:48 ovzhost sshd[856]: Received disconnect from 43.255.190.138: 11:  [preauth]
Apr 11 13:48:48 ovzhost sshd[856]: PAM 2 more authentication failures; logname= uid=0 euid=0 tty=ssh ruser= rhost=43.255.190.138  user=root
Apr 11 13:48:48 ovzhost sshd[859]: pam_unix(sshd:auth): authentication failure; logname= uid=0 euid=0 tty=ssh ruser= rhost=43.255.190.138  user=root
Apr 11 13:48:51 ovzhost sshd[859]: Failed password for root from 43.255.190.138 port 47754 ssh2
Apr 11 13:48:55 ovzhost sshd[859]: message repeated 2 times: [ Failed password for root from 43.255.190.138 port 47754 ssh2]
Apr 11 13:48:55 ovzhost sshd[859]: Received disconnect from 43.255.190.138: 11:  [preauth]
Apr 11 13:48:55 ovzhost sshd[859]: PAM 2 more authentication failures; logname= uid=0 euid=0 tty=ssh ruser= rhost=43.255.190.138  user=root
Apr 11 13:48:56 ovzhost sshd[861]: pam_unix(sshd:auth): authentication failure; logname= uid=0 euid=0 tty=ssh ruser= rhost=43.255.190.138  user=root
Apr 11 13:48:58 ovzhost sshd[861]: Failed password for root from 43.255.190.138 port 36081 ssh2
Apr 11 13:49:03 ovzhost sshd[861]: message repeated 2 times: [ Failed password for root from 43.255.190.138 port 36081 ssh2]
Apr 11 13:49:03 ovzhost sshd[861]: Received disconnect from 43.255.190.138: 11:  [preauth]
Apr 11 13:49:03 ovzhost sshd[861]: PAM 2 more authentication failures; logname= uid=0 euid=0 tty=ssh ruser= rhost=43.255.190.138  user=root
Apr 11 13:49:03 ovzhost sshd[863]: pam_unix(sshd:auth): authentication failure; logname= uid=0 euid=0 tty=ssh ruser= rhost=43.255.190.138  user=root
Apr 11 13:49:05 ovzhost sshd[865]: pam_unix(sshd:auth): authentication failure; logname= uid=0 euid=0 tty=ssh ruser= rhost=43.255.190.126  user=root
Apr 11 13:49:05 ovzhost sshd[863]: Failed password for root from 43.255.190.138 port 50748 ssh2
Apr 11 13:49:06 ovzhost sshd[865]: Failed password for root from 43.255.190.126 port 42879 ssh2
Apr 11 13:49:08 ovzhost sshd[863]: message repeated 2 times: [ Failed password for root from 43.255.190.138 port 50748 ssh2]
Apr 11 13:49:08 ovzhost sshd[863]: Received disconnect from 43.255.190.138: 11:  [preauth]
Apr 11 13:49:08 ovzhost sshd[863]: PAM 2 more authentication failures; logname= uid=0 euid=0 tty=ssh ruser= rhost=43.255.190.138  user=root
Apr 11 13:49:09 ovzhost sshd[867]: pam_unix(sshd:auth): authentication failure; logname= uid=0 euid=0 tty=ssh ruser= rhost=43.255.190.138  user=root
Apr 11 13:49:10 ovzhost sshd[865]: message repeated 2 times: [ Failed password for root from 43.255.190.126 port 42879 ssh2]
Apr 11 13:49:10 ovzhost sshd[865]: Received disconnect from 43.255.190.126: 11:  [preauth]
Apr 11 13:49:10 ovzhost sshd[865]: PAM 2 more authentication failures; logname= uid=0 euid=0 tty=ssh ruser= rhost=43.255.190.126  user=root
Apr 11 13:49:11 ovzhost sshd[869]: pam_unix(sshd:auth): authentication failure; logname= uid=0 euid=0 tty=ssh ruser= rhost=43.255.190.126  user=root
Apr 11 13:49:11 ovzhost sshd[867]: Failed password for root from 43.255.190.138 port 35007 ssh2
Apr 11 13:49:13 ovzhost sshd[869]: Failed password for root from 43.255.190.126 port 56728 ssh2
Apr 11 13:49:16 ovzhost sshd[867]: message repeated 2 times: [ Failed password for root from 43.255.190.138 port 35007 ssh2]
Apr 11 13:49:16 ovzhost sshd[867]: Received disconnect from 43.255.190.138: 11:  [preauth]
Apr 11 13:49:16 ovzhost sshd[867]: PAM 2 more authentication failures; logname= uid=0 euid=0 tty=ssh ruser= rhost=43.255.190.138  user=root
Apr 11 13:49:17 ovzhost sshd[871]: pam_unix(sshd:auth): authentication failure; logname= uid=0 euid=0 tty=ssh ruser= rhost=43.255.190.138  user=root
Apr 11 13:49:17 ovzhost sshd[869]: message repeated 2 times: [ Failed password for root from 43.255.190.126 port 56728 ssh2]
Apr 11 13:49:18 ovzhost sshd[869]: Received disconnect from 43.255.190.126: 11:  [preauth]
Apr 11 13:49:18 ovzhost sshd[869]: PAM 2 more authentication failures; logname= uid=0 euid=0 tty=ssh ruser= rhost=43.255.190.126  user=root
Apr 11 13:49:19 ovzhost sshd[871]: Failed password for root from 43.255.190.138 port 51027 ssh2
Apr 11 13:49:20 ovzhost sshd[873]: pam_unix(sshd:auth): authentication failure; logname= uid=0 euid=0 tty=ssh ruser= rhost=43.255.190.126  user=root
Apr 11 13:49:22 ovzhost sshd[873]: Failed password for root from 43.255.190.126 port 44077 ssh2
Apr 11 13:49:22 ovzhost sshd[871]: message repeated 2 times: [ Failed password for root from 43.255.190.138 port 51027 ssh2]
Apr 11 13:49:22 ovzhost sshd[871]: Received disconnect from 43.255.190.138: 11:  [preauth]
Apr 11 13:49:22 ovzhost sshd[871]: PAM 2 more authentication failures; logname= uid=0 euid=0 tty=ssh ruser= rhost=43.255.190.138  user=root
Apr 11 13:49:23 ovzhost sshd[875]: pam_unix(sshd:auth): authentication failure; logname= uid=0 euid=0 tty=ssh ruser= rhost=43.255.190.138  user=root
Apr 11 13:49:26 ovzhost sshd[875]: Failed password for root from 43.255.190.138 port 34862 ssh2
Apr 11 13:49:27 ovzhost sshd[873]: message repeated 2 times: [ Failed password for root from 43.255.190.126 port 44077 ssh2]
Apr 11 13:49:27 ovzhost sshd[873]: Received disconnect from 43.255.190.126: 11:  [preauth]
Apr 11 13:49:27 ovzhost sshd[873]: PAM 2 more authentication failures; logname= uid=0 euid=0 tty=ssh ruser= rhost=43.255.190.126  user=root
Apr 11 13:49:28 ovzhost sshd[879]: pam_unix(sshd:auth): authentication failure; logname= uid=0 euid=0 tty=ssh ruser= rhost=43.255.190.126  user=root
Apr 11 13:49:30 ovzhost sshd[879]: Failed password for root from 43.255.190.126 port 34570 ssh2
Apr 11 13:49:30 ovzhost sshd[875]: message repeated 2 times: [ Failed password for root from 43.255.190.138 port 34862 ssh2]
Apr 11 13:49:30 ovzhost sshd[875]: Received disconnect from 43.255.190.138: 11:  [preauth]
Apr 11 13:49:30 ovzhost sshd[875]: PAM 2 more authentication failures; logname= uid=0 euid=0 tty=ssh ruser= rhost=43.255.190.138  user=root
Apr 11 13:49:30 ovzhost sshd[881]: pam_unix(sshd:auth): authentication failure; logname= uid=0 euid=0 tty=ssh ruser= rhost=43.255.190.138  user=root
Apr 11 13:49:32 ovzhost sshd[881]: Failed password for root from 43.255.190.138 port 50722 ssh2
Apr 11 13:49:33 ovzhost sshd[879]: message repeated 2 times: [ Failed password for root from 43.255.190.126 port 34570 ssh2]
Apr 11 13:49:33 ovzhost sshd[879]: Received disconnect from 43.255.190.126: 11:  [preauth]
Apr 11 13:49:33 ovzhost sshd[879]: PAM 2 more authentication failures; logname= uid=0 euid=0 tty=ssh ruser= rhost=43.255.190.126  user=root
Apr 11 13:49:34 ovzhost sshd[885]: pam_unix(sshd:auth): authentication failure; logname= uid=0 euid=0 tty=ssh ruser= rhost=43.255.190.126  user=root
Apr 11 13:49:36 ovzhost sshd[885]: Failed password for root from 43.255.190.126 port 50828 ssh2
Apr 11 13:49:36 ovzhost sshd[881]: message repeated 2 times: [ Failed password for root from 43.255.190.138 port 50722 ssh2]
Apr 11 13:49:37 ovzhost sshd[881]: Received disconnect from 43.255.190.138: 11:  [preauth]
Apr 11 13:49:37 ovzhost sshd[881]: PAM 2 more authentication failures; logname= uid=0 euid=0 tty=ssh ruser= rhost=43.255.190.138  user=root
Apr 11 13:49:37 ovzhost sshd[887]: pam_unix(sshd:auth): authentication failure; logname= uid=0 euid=0 tty=ssh ruser= rhost=43.255.190.138  user=root
Apr 11 13:49:39 ovzhost sshd[887]: Failed password for root from 43.255.190.138 port 40360 ssh2
Apr 11 13:49:40 ovzhost sshd[885]: message repeated 2 times: [ Failed password for root from 43.255.190.126 port 50828 ssh2]
Apr 11 13:49:41 ovzhost sshd[885]: Received disconnect from 43.255.190.126: 11:  [preauth]
Apr 11 13:49:41 ovzhost sshd[885]: PAM 2 more authentication failures; logname= uid=0 euid=0 tty=ssh ruser= rhost=43.255.190.126  user=root
Apr 11 13:49:41 ovzhost sshd[889]: pam_unix(sshd:auth): authentication failure; logname= uid=0 euid=0 tty=ssh ruser= rhost=43.255.190.126  user=root
Apr 11 13:49:43 ovzhost sshd[887]: message repeated 2 times: [ Failed password for root from 43.255.190.138 port 40360 ssh2]
Apr 11 13:49:43 ovzhost sshd[887]: Received disconnect from 43.255.190.138: 11:  [preauth]
Apr 11 13:49:43 ovzhost sshd[887]: PAM 2 more authentication failures; logname= uid=0 euid=0 tty=ssh ruser= rhost=43.255.190.138  user=root
Apr 11 13:49:43 ovzhost sshd[889]: Failed password for root from 43.255.190.126 port 39637 ssh2
Apr 11 13:49:43 ovzhost sshd[891]: pam_unix(sshd:auth): authentication failure; logname= uid=0 euid=0 tty=ssh ruser= rhost=43.255.190.138  user=root
Apr 11 13:49:45 ovzhost sshd[891]: Failed password for root from 43.255.190.138 port 56692 ssh2
Apr 11 13:49:47 ovzhost sshd[889]: message repeated 2 times: [ Failed password for root from 43.255.190.126 port 39637 ssh2]
Apr 11 13:49:47 ovzhost sshd[889]: Received disconnect from 43.255.190.126: 11:  [preauth]
Apr 11 13:49:47 ovzhost sshd[889]: PAM 2 more authentication failures; logname= uid=0 euid=0 tty=ssh ruser= rhost=43.255.190.126  user=root
Apr 11 13:49:48 ovzhost sshd[893]: pam_unix(sshd:auth): authentication failure; logname= uid=0 euid=0 tty=ssh ruser= rhost=43.255.190.126  user=root
Apr 11 13:49:50 ovzhost sshd[891]: message repeated 2 times: [ Failed password for root from 43.255.190.138 port 56692 ssh2]
Apr 11 13:49:50 ovzhost sshd[891]: Received disconnect from 43.255.190.138: 11:  [preauth]
Apr 11 13:49:50 ovzhost sshd[891]: PAM 2 more authentication failures; logname= uid=0 euid=0 tty=ssh ruser= rhost=43.255.190.138  user=root
Apr 11 13:49:50 ovzhost sshd[893]: Failed password for root from 43.255.190.126 port 55717 ssh2
Apr 11 13:49:51 ovzhost sshd[895]: pam_unix(sshd:auth): authentication failure; logname= uid=0 euid=0 tty=ssh ruser= rhost=43.255.190.138  user=root
Apr 11 13:49:53 ovzhost sshd[895]: Failed password for root from 43.255.190.138 port 47242 ssh2
Apr 11 13:49:53 ovzhost sshd[893]: message repeated 2 times: [ Failed password for root from 43.255.190.126 port 55717 ssh2]
Apr 11 13:49:54 ovzhost sshd[893]: Received disconnect from 43.255.190.126: 11:  [preauth]
Apr 11 13:49:54 ovzhost sshd[893]: PAM 2 more authentication failures; logname= uid=0 euid=0 tty=ssh ruser= rhost=43.255.190.126  user=root
Apr 11 13:49:54 ovzhost sshd[897]: pam_unix(sshd:auth): authentication failure; logname= uid=0 euid=0 tty=ssh ruser= rhost=43.255.190.126  user=root
Apr 11 13:49:56 ovzhost sshd[897]: Failed password for root from 43.255.190.126 port 43961 ssh2
Apr 11 13:49:57 ovzhost sshd[895]: message repeated 2 times: [ Failed password for root from 43.255.190.138 port 47242 ssh2]
Apr 11 13:49:57 ovzhost sshd[895]: Received disconnect from 43.255.190.138: 11:  [preauth]
Apr 11 13:49:57 ovzhost sshd[895]: PAM 2 more authentication failures; logname= uid=0 euid=0 tty=ssh ruser= rhost=43.255.190.138  user=root
Apr 11 13:49:58 ovzhost sshd[899]: pam_unix(sshd:auth): authentication failure; logname= uid=0 euid=0 tty=ssh ruser= rhost=43.255.190.138  user=root
Apr 11 13:50:00 ovzhost sshd[899]: Failed password for root from 43.255.190.138 port 36090 ssh2
Apr 11 13:50:01 ovzhost sshd[897]: message repeated 2 times: [ Failed password for root from 43.255.190.126 port 43961 ssh2]
Apr 11 13:50:01 ovzhost sshd[897]: Received disconnect from 43.255.190.126: 11:  [preauth]
Apr 11 13:50:01 ovzhost sshd[897]: PAM 2 more authentication failures; logname= uid=0 euid=0 tty=ssh ruser= rhost=43.255.190.126  user=root
Apr 11 13:50:02 ovzhost sshd[901]: pam_unix(sshd:auth): authentication failure; logname= uid=0 euid=0 tty=ssh ruser= rhost=43.255.190.126  user=root
Apr 11 13:50:03 ovzhost sshd[901]: Failed password for root from 43.255.190.126 port 32915 ssh2
Apr 11 13:50:04 ovzhost sshd[899]: message repeated 2 times: [ Failed password for root from 43.255.190.138 port 36090 ssh2]
Apr 11 13:50:04 ovzhost sshd[899]: Received disconnect from 43.255.190.138: 11:  [preauth]
Apr 11 13:50:04 ovzhost sshd[899]: PAM 2 more authentication failures; logname= uid=0 euid=0 tty=ssh ruser= rhost=43.255.190.138  user=root
Apr 11 13:50:05 ovzhost sshd[903]: pam_unix(sshd:auth): authentication failure; logname= uid=0 euid=0 tty=ssh ruser= rhost=43.255.190.138  user=root
Apr 11 13:50:07 ovzhost sshd[903]: Failed password for root from 43.255.190.138 port 54257 ssh2
Apr 11 13:50:07 ovzhost sshd[901]: message repeated 2 times: [ Failed password for root from 43.255.190.126 port 32915 ssh2]
Apr 11 13:50:07 ovzhost sshd[901]: Received disconnect from 43.255.190.126: 11:  [preauth]
Apr 11 13:50:07 ovzhost sshd[901]: PAM 2 more authentication failures; logname= uid=0 euid=0 tty=ssh ruser= rhost=43.255.190.126  user=root
Apr 11 13:50:08 ovzhost sshd[905]: pam_unix(sshd:auth): authentication failure; logname= uid=0 euid=0 tty=ssh ruser= rhost=43.255.190.126  user=root
Apr 11 13:50:10 ovzhost sshd[905]: Failed password for root from 43.255.190.126 port 48997 ssh2
Apr 11 13:50:11 ovzhost sshd[903]: message repeated 2 times: [ Failed password for root from 43.255.190.138 port 54257 ssh2]
Apr 11 13:50:11 ovzhost sshd[903]: Received disconnect from 43.255.190.138: 11:  [preauth]
Apr 11 13:50:11 ovzhost sshd[903]: PAM 2 more authentication failures; logname= uid=0 euid=0 tty=ssh ruser= rhost=43.255.190.138  user=root
Apr 11 13:50:12 ovzhost sshd[909]: pam_unix(sshd:auth): authentication failure; logname= uid=0 euid=0 tty=ssh ruser= rhost=43.255.190.138  user=root
Apr 11 13:50:14 ovzhost sshd[909]: Failed password for root from 43.255.190.138 port 40518 ssh2
Apr 11 13:50:15 ovzhost sshd[905]: message repeated 2 times: [ Failed password for root from 43.255.190.126 port 48997 ssh2]
Apr 11 13:50:15 ovzhost sshd[905]: Received disconnect from 43.255.190.126: 11:  [preauth]
Apr 11 13:50:15 ovzhost sshd[905]: PAM 2 more authentication failures; logname= uid=0 euid=0 tty=ssh ruser= rhost=43.255.190.126  user=root
Apr 11 13:50:15 ovzhost sshd[911]: pam_unix(sshd:auth): authentication failure; logname= uid=0 euid=0 tty=ssh ruser= rhost=43.255.190.126  user=root
Apr 11 13:50:17 ovzhost sshd[911]: Failed password for root from 43.255.190.126 port 35062 ssh2
Apr 11 13:50:17 ovzhost sshd[909]: message repeated 2 times: [ Failed password for root from 43.255.190.138 port 40518 ssh2]
Apr 11 13:50:17 ovzhost sshd[909]: Received disconnect from 43.255.190.138: 11:  [preauth]
Apr 11 13:50:17 ovzhost sshd[909]: PAM 2 more authentication failures; logname= uid=0 euid=0 tty=ssh ruser= rhost=43.255.190.138  user=root
Apr 11 13:50:18 ovzhost sshd[913]: pam_unix(sshd:auth): authentication failure; logname= uid=0 euid=0 tty=ssh ruser= rhost=43.255.190.138  user=root
Apr 11 13:50:20 ovzhost sshd[913]: Failed password for root from 43.255.190.138 port 52785 ssh2
Apr 11 13:50:21 ovzhost sshd[911]: message repeated 2 times: [ Failed password for root from 43.255.190.126 port 35062 ssh2]
Apr 11 13:50:21 ovzhost sshd[911]: Received disconnect from 43.255.190.126: 11:  [preauth]
Apr 11 13:50:21 ovzhost sshd[911]: PAM 2 more authentication failures; logname= uid=0 euid=0 tty=ssh ruser= rhost=43.255.190.126  user=root
Apr 11 13:50:22 ovzhost sshd[915]: pam_unix(sshd:auth): authentication failure; logname= uid=0 euid=0 tty=ssh ruser= rhost=43.255.190.126  user=root
Apr 11 13:50:24 ovzhost sshd[915]: Failed password for root from 43.255.190.126 port 48116 ssh2
Apr 11 13:50:25 ovzhost sshd[913]: message repeated 2 times: [ Failed password for root from 43.255.190.138 port 52785 ssh2]
Apr 11 13:50:25 ovzhost sshd[913]: Received disconnect from 43.255.190.138: 11:  [preauth]
Apr 11 13:50:25 ovzhost sshd[913]: PAM 2 more authentication failures; logname= uid=0 euid=0 tty=ssh ruser= rhost=43.255.190.138  user=root
Apr 11 13:50:25 ovzhost sshd[917]: pam_unix(sshd:auth): authentication failure; logname= uid=0 euid=0 tty=ssh ruser= rhost=43.255.190.138  user=root
Apr 11 13:50:27 ovzhost sshd[917]: Failed password for root from 43.255.190.138 port 38944 ssh2
Apr 11 13:50:28 ovzhost sshd[915]: message repeated 2 times: [ Failed password for root from 43.255.190.126 port 48116 ssh2]
Apr 11 13:50:28 ovzhost sshd[915]: Received disconnect from 43.255.190.126: 11:  [preauth]
Apr 11 13:50:28 ovzhost sshd[915]: PAM 2 more authentication failures; logname= uid=0 euid=0 tty=ssh ruser= rhost=43.255.190.126  user=root
Apr 11 13:50:29 ovzhost sshd[919]: pam_unix(sshd:auth): authentication failure; logname= uid=0 euid=0 tty=ssh ruser= rhost=43.255.190.126  user=root
Apr 11 13:50:30 ovzhost sshd[917]: message repeated 2 times: [ Failed password for root from 43.255.190.138 port 38944 ssh2]
Apr 11 13:50:30 ovzhost sshd[917]: Received disconnect from 43.255.190.138: 11:  [preauth]
Apr 11 13:50:30 ovzhost sshd[917]: PAM 2 more authentication failures; logname= uid=0 euid=0 tty=ssh ruser= rhost=43.255.190.138  user=root
Apr 11 13:50:31 ovzhost sshd[921]: pam_unix(sshd:auth): authentication failure; logname= uid=0 euid=0 tty=ssh ruser= rhost=43.255.190.138  user=root
Apr 11 13:50:31 ovzhost sshd[919]: Failed password for root from 43.255.190.126 port 35371 ssh2
Apr 11 13:50:33 ovzhost sshd[921]: Failed password for root from 43.255.190.138 port 50465 ssh2
Apr 11 13:50:35 ovzhost sshd[919]: message repeated 2 times: [ Failed password for root from 43.255.190.126 port 35371 ssh2]
Apr 11 13:50:35 ovzhost sshd[919]: Received disconnect from 43.255.190.126: 11:  [preauth]
Apr 11 13:50:35 ovzhost sshd[919]: PAM 2 more authentication failures; logname= uid=0 euid=0 tty=ssh ruser= rhost=43.255.190.126  user=root
Apr 11 13:50:36 ovzhost sshd[923]: pam_unix(sshd:auth): authentication failure; logname= uid=0 euid=0 tty=ssh ruser= rhost=43.255.190.126  user=root
Apr 11 13:50:37 ovzhost sshd[921]: message repeated 2 times: [ Failed password for root from 43.255.190.138 port 50465 ssh2]
Apr 11 13:50:37 ovzhost sshd[921]: Received disconnect from 43.255.190.138: 11:  [preauth]
Apr 11 13:50:37 ovzhost sshd[921]: PAM 2 more authentication failures; logname= uid=0 euid=0 tty=ssh ruser= rhost=43.255.190.138  user=root
Apr 11 13:50:38 ovzhost sshd[925]: pam_unix(sshd:auth): authentication failure; logname= uid=0 euid=0 tty=ssh ruser= rhost=43.255.190.138  user=root
Apr 11 13:50:38 ovzhost sshd[923]: Failed password for root from 43.255.190.126 port 48680 ssh2
Apr 11 13:50:39 ovzhost sshd[925]: Failed password for root from 43.255.190.138 port 35315 ssh2
Apr 11 13:50:42 ovzhost sshd[923]: message repeated 2 times: [ Failed password for root from 43.255.190.126 port 48680 ssh2]
Apr 11 13:50:42 ovzhost sshd[923]: Received disconnect from 43.255.190.126: 11:  [preauth]
Apr 11 13:50:42 ovzhost sshd[923]: PAM 2 more authentication failures; logname= uid=0 euid=0 tty=ssh ruser= rhost=43.255.190.126  user=root
Apr 11 13:50:43 ovzhost sshd[928]: pam_unix(sshd:auth): authentication failure; logname= uid=0 euid=0 tty=ssh ruser= rhost=43.255.190.126  user=root
Apr 11 13:50:44 ovzhost sshd[925]: message repeated 2 times: [ Failed password for root from 43.255.190.138 port 35315 ssh2]
Apr 11 13:50:44 ovzhost sshd[925]: Received disconnect from 43.255.190.138: 11:  [preauth]
Apr 11 13:50:44 ovzhost sshd[925]: PAM 2 more authentication failures; logname= uid=0 euid=0 tty=ssh ruser= rhost=43.255.190.138  user=root
Apr 11 13:50:44 ovzhost sshd[928]: Failed password for root from 43.255.190.126 port 34713 ssh2
Apr 11 13:50:46 ovzhost sshd[930]: pam_unix(sshd:auth): authentication failure; logname= uid=0 euid=0 tty=ssh ruser= rhost=43.255.190.138  user=root
Apr 11 13:50:48 ovzhost sshd[930]: Failed password for root from 43.255.190.138 port 49205 ssh2
Apr 11 13:50:49 ovzhost sshd[928]: message repeated 2 times: [ Failed password for root from 43.255.190.126 port 34713 ssh2]
Apr 11 13:50:49 ovzhost sshd[928]: Received disconnect from 43.255.190.126: 11:  [preauth]
Apr 11 13:50:49 ovzhost sshd[928]: PAM 2 more authentication failures; logname= uid=0 euid=0 tty=ssh ruser= rhost=43.255.190.126  user=root
Apr 11 13:50:49 ovzhost sshd[932]: pam_unix(sshd:auth): authentication failure; logname= uid=0 euid=0 tty=ssh ruser= rhost=43.255.190.126  user=root
Apr 11 13:50:51 ovzhost sshd[932]: Failed password for root from 43.255.190.126 port 50784 ssh2
Apr 11 13:50:52 ovzhost sshd[930]: message repeated 2 times: [ Failed password for root from 43.255.190.138 port 49205 ssh2]
Apr 11 13:50:52 ovzhost sshd[930]: Received disconnect from 43.255.190.138: 11:  [preauth]
Apr 11 13:50:52 ovzhost sshd[930]: PAM 2 more authentication failures; logname= uid=0 euid=0 tty=ssh ruser= rhost=43.255.190.138  user=root
Apr 11 13:50:53 ovzhost sshd[934]: pam_unix(sshd:auth): authentication failure; logname= uid=0 euid=0 tty=ssh ruser= rhost=43.255.190.138  user=root
Apr 11 13:50:54 ovzhost sshd[932]: message repeated 2 times: [ Failed password for root from 43.255.190.126 port 50784 ssh2]
Apr 11 13:50:54 ovzhost sshd[932]: Received disconnect from 43.255.190.126: 11:  [preauth]
Apr 11 13:50:54 ovzhost sshd[932]: PAM 2 more authentication failures; logname= uid=0 euid=0 tty=ssh ruser= rhost=43.255.190.126  user=root
Apr 11 13:50:55 ovzhost sshd[934]: Failed password for root from 43.255.190.138 port 40755 ssh2
Apr 11 13:50:55 ovzhost sshd[936]: pam_unix(sshd:auth): authentication failure; logname= uid=0 euid=0 tty=ssh ruser= rhost=43.255.190.126  user=root
Apr 11 13:50:57 ovzhost sshd[936]: Failed password for root from 43.255.190.126 port 36176 ssh2
Apr 11 13:50:59 ovzhost sshd[934]: message repeated 2 times: [ Failed password for root from 43.255.190.138 port 40755 ssh2]
Apr 11 13:50:59 ovzhost sshd[934]: Received disconnect from 43.255.190.138: 11:  [preauth]
Apr 11 13:50:59 ovzhost sshd[934]: PAM 2 more authentication failures; logname= uid=0 euid=0 tty=ssh ruser= rhost=43.255.190.138  user=root
Apr 11 13:51:00 ovzhost sshd[938]: pam_unix(sshd:auth): authentication failure; logname= uid=0 euid=0 tty=ssh ruser= rhost=43.255.190.138  user=root
Apr 11 13:51:01 ovzhost sshd[936]: message repeated 2 times: [ Failed password for root from 43.255.190.126 port 36176 ssh2]
Apr 11 13:51:01 ovzhost sshd[936]: Received disconnect from 43.255.190.126: 11:  [preauth]
Apr 11 13:51:01 ovzhost sshd[936]: PAM 2 more authentication failures; logname= uid=0 euid=0 tty=ssh ruser= rhost=43.255.190.126  user=root
Apr 11 13:51:02 ovzhost sshd[940]: pam_unix(sshd:auth): authentication failure; logname= uid=0 euid=0 tty=ssh ruser= rhost=43.255.190.126  user=root
Apr 11 13:51:02 ovzhost sshd[938]: Failed password for root from 43.255.190.138 port 57916 ssh2
Apr 11 13:51:03 ovzhost sshd[940]: Failed password for root from 43.255.190.126 port 52125 ssh2
Apr 11 13:51:05 ovzhost sshd[938]: message repeated 2 times: [ Failed password for root from 43.255.190.138 port 57916 ssh2]
Apr 11 13:51:05 ovzhost sshd[938]: Received disconnect from 43.255.190.138: 11:  [preauth]
Apr 11 13:51:05 ovzhost sshd[938]: PAM 2 more authentication failures; logname= uid=0 euid=0 tty=ssh ruser= rhost=43.255.190.138  user=root
Apr 11 13:51:05 ovzhost sshd[944]: pam_unix(sshd:auth): authentication failure; logname= uid=0 euid=0 tty=ssh ruser= rhost=43.255.190.138  user=root
Apr 11 13:51:07 ovzhost sshd[940]: message repeated 2 times: [ Failed password for root from 43.255.190.126 port 52125 ssh2]
Apr 11 13:51:07 ovzhost sshd[940]: Received disconnect from 43.255.190.126: 11:  [preauth]
Apr 11 13:51:07 ovzhost sshd[940]: PAM 2 more authentication failures; logname= uid=0 euid=0 tty=ssh ruser= rhost=43.255.190.126  user=root
Apr 11 13:51:08 ovzhost sshd[946]: pam_unix(sshd:auth): authentication failure; logname= uid=0 euid=0 tty=ssh ruser= rhost=43.255.190.126  user=root
Apr 11 13:51:08 ovzhost sshd[944]: Failed password for root from 43.255.190.138 port 44150 ssh2
Apr 11 13:51:09 ovzhost sshd[946]: Failed password for root from 43.255.190.126 port 37924 ssh2
Apr 11 13:51:12 ovzhost sshd[944]: message repeated 2 times: [ Failed password for root from 43.255.190.138 port 44150 ssh2]
Apr 11 13:51:12 ovzhost sshd[944]: Received disconnect from 43.255.190.138: 11:  [preauth]
Apr 11 13:51:12 ovzhost sshd[944]: PAM 2 more authentication failures; logname= uid=0 euid=0 tty=ssh ruser= rhost=43.255.190.138  user=root
Apr 11 13:51:13 ovzhost sshd[949]: pam_unix(sshd:auth): authentication failure; logname= uid=0 euid=0 tty=ssh ruser= rhost=43.255.190.138  user=root
Apr 11 13:51:14 ovzhost sshd[946]: message repeated 2 times: [ Failed password for root from 43.255.190.126 port 37924 ssh2]
Apr 11 13:51:14 ovzhost sshd[946]: Received disconnect from 43.255.190.126: 11:  [preauth]
Apr 11 13:51:14 ovzhost sshd[946]: PAM 2 more authentication failures; logname= uid=0 euid=0 tty=ssh ruser= rhost=43.255.190.126  user=root
Apr 11 13:51:14 ovzhost sshd[951]: pam_unix(sshd:auth): authentication failure; logname= uid=0 euid=0 tty=ssh ruser= rhost=43.255.190.126  user=root
Apr 11 13:51:15 ovzhost sshd[949]: Failed password for root from 43.255.190.138 port 57510 ssh2
Apr 11 13:51:15 ovzhost sshd[951]: Failed password for root from 43.255.190.126 port 50520 ssh2
Apr 11 13:51:19 ovzhost sshd[949]: message repeated 2 times: [ Failed password for root from 43.255.190.138 port 57510 ssh2]
Apr 11 13:51:19 ovzhost sshd[949]: Received disconnect from 43.255.190.138: 11:  [preauth]
Apr 11 13:51:19 ovzhost sshd[949]: PAM 2 more authentication failures; logname= uid=0 euid=0 tty=ssh ruser= rhost=43.255.190.138  user=root
Apr 11 13:51:19 ovzhost sshd[953]: pam_unix(sshd:auth): authentication failure; logname= uid=0 euid=0 tty=ssh ruser= rhost=43.255.190.138  user=root
Apr 11 13:51:19 ovzhost sshd[951]: message repeated 2 times: [ Failed password for root from 43.255.190.126 port 50520 ssh2]
Apr 11 13:51:20 ovzhost sshd[951]: Received disconnect from 43.255.190.126: 11:  [preauth]
Apr 11 13:51:20 ovzhost sshd[951]: PAM 2 more authentication failures; logname= uid=0 euid=0 tty=ssh ruser= rhost=43.255.190.126  user=root
Apr 11 13:51:20 ovzhost sshd[955]: pam_unix(sshd:auth): authentication failure; logname= uid=0 euid=0 tty=ssh ruser= rhost=43.255.190.126  user=root
Apr 11 13:51:21 ovzhost sshd[953]: Failed password for root from 43.255.190.138 port 43350 ssh2
Apr 11 13:51:22 ovzhost sshd[955]: Failed password for root from 43.255.190.126 port 35279 ssh2
Apr 11 13:51:25 ovzhost sshd[953]: message repeated 2 times: [ Failed password for root from 43.255.190.138 port 43350 ssh2]
Apr 11 13:51:25 ovzhost sshd[953]: Received disconnect from 43.255.190.138: 11:  [preauth]
Apr 11 13:51:25 ovzhost sshd[953]: PAM 2 more authentication failures; logname= uid=0 euid=0 tty=ssh ruser= rhost=43.255.190.138  user=root
Apr 11 13:51:26 ovzhost sshd[955]: message repeated 2 times: [ Failed password for root from 43.255.190.126 port 35279 ssh2]
Apr 11 13:51:26 ovzhost sshd[955]: Received disconnect from 43.255.190.126: 11:  [preauth]
Apr 11 13:51:26 ovzhost sshd[955]: PAM 2 more authentication failures; logname= uid=0 euid=0 tty=ssh ruser= rhost=43.255.190.126  user=root
Apr 11 13:51:26 ovzhost sshd[957]: pam_unix(sshd:auth): authentication failure; logname= uid=0 euid=0 tty=ssh ruser= rhost=43.255.190.138  user=root
Apr 11 13:51:26 ovzhost sshd[959]: pam_unix(sshd:auth): authentication failure; logname= uid=0 euid=0 tty=ssh ruser= rhost=43.255.190.126  user=root
Apr 11 13:51:27 ovzhost sshd[957]: Failed password for root from 43.255.190.138 port 57214 ssh2
Apr 11 13:51:27 ovzhost sshd[959]: Failed password for root from 43.255.190.126 port 49381 ssh2
Apr 11 13:51:31 ovzhost sshd[957]: message repeated 2 times: [ Failed password for root from 43.255.190.138 port 57214 ssh2]
Apr 11 13:51:31 ovzhost sshd[957]: Received disconnect from 43.255.190.138: 11:  [preauth]
Apr 11 13:51:31 ovzhost sshd[957]: PAM 2 more authentication failures; logname= uid=0 euid=0 tty=ssh ruser= rhost=43.255.190.138  user=root
Apr 11 13:51:31 ovzhost sshd[959]: message repeated 2 times: [ Failed password for root from 43.255.190.126 port 49381 ssh2]
Apr 11 13:51:31 ovzhost sshd[959]: Received disconnect from 43.255.190.126: 11:  [preauth]
Apr 11 13:51:31 ovzhost sshd[959]: PAM 2 more authentication failures; logname= uid=0 euid=0 tty=ssh ruser= rhost=43.255.190.126  user=root
Apr 11 13:51:32 ovzhost sshd[963]: pam_unix(sshd:auth): authentication failure; logname= uid=0 euid=0 tty=ssh ruser= rhost=43.255.190.126  user=root
Apr 11 13:51:32 ovzhost sshd[961]: pam_unix(sshd:auth): authentication failure; logname= uid=0 euid=0 tty=ssh ruser= rhost=43.255.190.138  user=root
Apr 11 13:51:34 ovzhost sshd[963]: Failed password for root from 43.255.190.126 port 34141 ssh2
Apr 11 13:51:34 ovzhost sshd[961]: Failed password for root from 43.255.190.138 port 41190 ssh2
Apr 11 13:51:38 ovzhost sshd[963]: message repeated 2 times: [ Failed password for root from 43.255.190.126 port 34141 ssh2]
Apr 11 13:51:38 ovzhost sshd[963]: Received disconnect from 43.255.190.126: 11:  [preauth]
Apr 11 13:51:38 ovzhost sshd[963]: PAM 2 more authentication failures; logname= uid=0 euid=0 tty=ssh ruser= rhost=43.255.190.126  user=root
Apr 11 13:51:38 ovzhost sshd[961]: message repeated 2 times: [ Failed password for root from 43.255.190.138 port 41190 ssh2]
Apr 11 13:51:38 ovzhost sshd[961]: Received disconnect from 43.255.190.138: 11:  [preauth]
Apr 11 13:51:38 ovzhost sshd[961]: PAM 2 more authentication failures; logname= uid=0 euid=0 tty=ssh ruser= rhost=43.255.190.138  user=root
Apr 11 13:51:39 ovzhost sshd[965]: pam_unix(sshd:auth): authentication failure; logname= uid=0 euid=0 tty=ssh ruser= rhost=43.255.190.126  user=root
Apr 11 13:51:39 ovzhost sshd[967]: pam_unix(sshd:auth): authentication failure; logname= uid=0 euid=0 tty=ssh ruser= rhost=43.255.190.138  user=root
Apr 11 13:51:41 ovzhost sshd[965]: Failed password for root from 43.255.190.126 port 47259 ssh2
Apr 11 13:51:41 ovzhost sshd[967]: Failed password for root from 43.255.190.138 port 54720 ssh2
Apr 11 13:51:44 ovzhost sshd[965]: message repeated 2 times: [ Failed password for root from 43.255.190.126 port 47259 ssh2]
Apr 11 13:51:44 ovzhost sshd[965]: Received disconnect from 43.255.190.126: 11:  [preauth]
Apr 11 13:51:44 ovzhost sshd[965]: PAM 2 more authentication failures; logname= uid=0 euid=0 tty=ssh ruser= rhost=43.255.190.126  user=root
Apr 11 13:51:44 ovzhost sshd[967]: message repeated 2 times: [ Failed password for root from 43.255.190.138 port 54720 ssh2]
Apr 11 13:51:45 ovzhost sshd[967]: Received disconnect from 43.255.190.138: 11:  [preauth]
Apr 11 13:51:45 ovzhost sshd[967]: PAM 2 more authentication failures; logname= uid=0 euid=0 tty=ssh ruser= rhost=43.255.190.138  user=root
Apr 11 13:51:45 ovzhost sshd[970]: pam_unix(sshd:auth): authentication failure; logname= uid=0 euid=0 tty=ssh ruser= rhost=43.255.190.126  user=root
Apr 11 13:51:45 ovzhost sshd[972]: pam_unix(sshd:auth): authentication failure; logname= uid=0 euid=0 tty=ssh ruser= rhost=43.255.190.138  user=root
Apr 11 13:51:46 ovzhost sshd[970]: Failed password for root from 43.255.190.126 port 34822 ssh2
Apr 11 13:51:47 ovzhost sshd[972]: Failed password for root from 43.255.190.138 port 41443 ssh2
Apr 11 13:51:50 ovzhost sshd[972]: message repeated 2 times: [ Failed password for root from 43.255.190.138 port 41443 ssh2]
Apr 11 13:51:50 ovzhost sshd[972]: Received disconnect from 43.255.190.138: 11:  [preauth]
Apr 11 13:51:50 ovzhost sshd[972]: PAM 2 more authentication failures; logname= uid=0 euid=0 tty=ssh ruser= rhost=43.255.190.138  user=root
Apr 11 13:51:50 ovzhost sshd[970]: message repeated 2 times: [ Failed password for root from 43.255.190.126 port 34822 ssh2]
Apr 11 13:51:50 ovzhost sshd[970]: Received disconnect from 43.255.190.126: 11:  [preauth]
Apr 11 13:51:50 ovzhost sshd[970]: PAM 2 more authentication failures; logname= uid=0 euid=0 tty=ssh ruser= rhost=43.255.190.126  user=root
Apr 11 13:51:51 ovzhost sshd[976]: pam_unix(sshd:auth): authentication failure; logname= uid=0 euid=0 tty=ssh ruser= rhost=43.255.190.138  user=root
Apr 11 13:51:51 ovzhost sshd[978]: pam_unix(sshd:auth): authentication failure; logname= uid=0 euid=0 tty=ssh ruser= rhost=43.255.190.126  user=root
Apr 11 13:51:53 ovzhost sshd[976]: Failed password for root from 43.255.190.138 port 55097 ssh2
Apr 11 13:51:53 ovzhost sshd[978]: Failed password for root from 43.255.190.126 port 51728 ssh2
Apr 11 13:51:57 ovzhost sshd[976]: message repeated 2 times: [ Failed password for root from 43.255.190.138 port 55097 ssh2]
Apr 11 13:51:57 ovzhost sshd[976]: Received disconnect from 43.255.190.138: 11:  [preauth]
Apr 11 13:51:57 ovzhost sshd[976]: PAM 2 more authentication failures; logname= uid=0 euid=0 tty=ssh ruser= rhost=43.255.190.138  user=root
Apr 11 13:51:57 ovzhost sshd[978]: message repeated 2 times: [ Failed password for root from 43.255.190.126 port 51728 ssh2]
Apr 11 13:51:57 ovzhost sshd[978]: Received disconnect from 43.255.190.126: 11:  [preauth]
Apr 11 13:51:57 ovzhost sshd[978]: PAM 2 more authentication failures; logname= uid=0 euid=0 tty=ssh ruser= rhost=43.255.190.126  user=root
Apr 11 13:51:58 ovzhost sshd[980]: pam_unix(sshd:auth): authentication failure; logname= uid=0 euid=0 tty=ssh ruser= rhost=43.255.190.138  user=root
Apr 11 13:51:58 ovzhost sshd[982]: pam_unix(sshd:auth): authentication failure; logname= uid=0 euid=0 tty=ssh ruser= rhost=43.255.190.126  user=root
Apr 11 13:52:00 ovzhost sshd[980]: Failed password for root from 43.255.190.138 port 44572 ssh2
Apr 11 13:52:00 ovzhost sshd[982]: Failed password for root from 43.255.190.126 port 41015 ssh2
Apr 11 13:52:04 ovzhost sshd[980]: message repeated 2 times: [ Failed password for root from 43.255.190.138 port 44572 ssh2]
Apr 11 13:52:04 ovzhost sshd[980]: Received disconnect from 43.255.190.138: 11:  [preauth]
Apr 11 13:52:04 ovzhost sshd[980]: PAM 2 more authentication failures; logname= uid=0 euid=0 tty=ssh ruser= rhost=43.255.190.138  user=root
Apr 11 13:52:04 ovzhost sshd[982]: message repeated 2 times: [ Failed password for root from 43.255.190.126 port 41015 ssh2]
Apr 11 13:52:04 ovzhost sshd[982]: Received disconnect from 43.255.190.126: 11:  [preauth]
Apr 11 13:52:04 ovzhost sshd[982]: PAM 2 more authentication failures; logname= uid=0 euid=0 tty=ssh ruser= rhost=43.255.190.126  user=root
Apr 11 13:52:04 ovzhost sshd[984]: pam_unix(sshd:auth): authentication failure; logname= uid=0 euid=0 tty=ssh ruser= rhost=43.255.190.138  user=root
Apr 11 13:52:04 ovzhost sshd[986]: pam_unix(sshd:auth): authentication failure; logname= uid=0 euid=0 tty=ssh ruser= rhost=43.255.190.126  user=root
Apr 11 13:52:06 ovzhost sshd[984]: Failed password for root from 43.255.190.138 port 32980 ssh2
Apr 11 13:52:06 ovzhost sshd[986]: Failed password for root from 43.255.190.126 port 58339 ssh2
Apr 11 13:52:10 ovzhost sshd[984]: message repeated 2 times: [ Failed password for root from 43.255.190.138 port 32980 ssh2]
Apr 11 13:52:10 ovzhost sshd[984]: Received disconnect from 43.255.190.138: 11:  [preauth]
Apr 11 13:52:10 ovzhost sshd[984]: PAM 2 more authentication failures; logname= uid=0 euid=0 tty=ssh ruser= rhost=43.255.190.138  user=root
Apr 11 13:52:10 ovzhost sshd[986]: message repeated 2 times: [ Failed password for root from 43.255.190.126 port 58339 ssh2]
Apr 11 13:52:10 ovzhost sshd[986]: Received disconnect from 43.255.190.126: 11:  [preauth]
Apr 11 13:52:10 ovzhost sshd[986]: PAM 2 more authentication failures; logname= uid=0 euid=0 tty=ssh ruser= rhost=43.255.190.126  user=root
Apr 11 13:52:11 ovzhost sshd[989]: pam_unix(sshd:auth): authentication failure; logname= uid=0 euid=0 tty=ssh ruser= rhost=43.255.190.138  user=root
Apr 11 13:52:11 ovzhost sshd[991]: pam_unix(sshd:auth): authentication failure; logname= uid=0 euid=0 tty=ssh ruser= rhost=43.255.190.126  user=root
Apr 11 13:52:13 ovzhost sshd[989]: Failed password for root from 43.255.190.138 port 49564 ssh2
Apr 11 13:52:13 ovzhost sshd[991]: Failed password for root from 43.255.190.126 port 47823 ssh2
Apr 11 13:52:16 ovzhost sshd[989]: message repeated 2 times: [ Failed password for root from 43.255.190.138 port 49564 ssh2]
Apr 11 13:52:16 ovzhost sshd[989]: Received disconnect from 43.255.190.138: 11:  [preauth]
Apr 11 13:52:16 ovzhost sshd[989]: PAM 2 more authentication failures; logname= uid=0 euid=0 tty=ssh ruser= rhost=43.255.190.138  user=root
Apr 11 13:52:16 ovzhost sshd[991]: message repeated 2 times: [ Failed password for root from 43.255.190.126 port 47823 ssh2]
Apr 11 13:52:17 ovzhost sshd[991]: Received disconnect from 43.255.190.126: 11:  [preauth]
Apr 11 13:52:17 ovzhost sshd[991]: PAM 2 more authentication failures; logname= uid=0 euid=0 tty=ssh ruser= rhost=43.255.190.126  user=root
Apr 11 13:52:17 ovzhost sshd[995]: pam_unix(sshd:auth): authentication failure; logname= uid=0 euid=0 tty=ssh ruser= rhost=43.255.190.138  user=root
Apr 11 13:52:17 ovzhost sshd[997]: pam_unix(sshd:auth): authentication failure; logname= uid=0 euid=0 tty=ssh ruser= rhost=43.255.190.126  user=root
Apr 11 13:52:19 ovzhost sshd[995]: Failed password for root from 43.255.190.138 port 35927 ssh2
Apr 11 13:52:19 ovzhost sshd[997]: Failed password for root from 43.255.190.126 port 36451 ssh2
Apr 11 13:52:23 ovzhost sshd[995]: message repeated 2 times: [ Failed password for root from 43.255.190.138 port 35927 ssh2]
Apr 11 13:52:23 ovzhost sshd[995]: Received disconnect from 43.255.190.138: 11:  [preauth]
Apr 11 13:52:23 ovzhost sshd[995]: PAM 2 more authentication failures; logname= uid=0 euid=0 tty=ssh ruser= rhost=43.255.190.138  user=root
Apr 11 13:52:23 ovzhost sshd[997]: message repeated 2 times: [ Failed password for root from 43.255.190.126 port 36451 ssh2]
Apr 11 13:52:23 ovzhost sshd[997]: Received disconnect from 43.255.190.126: 11:  [preauth]
Apr 11 13:52:23 ovzhost sshd[997]: PAM 2 more authentication failures; logname= uid=0 euid=0 tty=ssh ruser= rhost=43.255.190.126  user=root
Apr 11 13:52:24 ovzhost sshd[999]: pam_unix(sshd:auth): authentication failure; logname= uid=0 euid=0 tty=ssh ruser= rhost=43.255.190.138  user=root
Apr 11 13:52:24 ovzhost sshd[1001]: pam_unix(sshd:auth): authentication failure; logname= uid=0 euid=0 tty=ssh ruser= rhost=43.255.190.126  user=root
Apr 11 13:52:26 ovzhost sshd[999]: Failed password for root from 43.255.190.138 port 51901 ssh2
Apr 11 13:52:27 ovzhost sshd[1001]: Failed password for root from 43.255.190.126 port 55279 ssh2
Apr 11 13:52:30 ovzhost sshd[1004]: Connection closed by 127.0.0.1 [preauth]
Apr 11 13:52:31 ovzhost sshd[1001]: message repeated 2 times: [ Failed password for root from 43.255.190.126 port 55279 ssh2]
Apr 11 13:52:31 ovzhost sshd[1001]: Received disconnect from 43.255.190.126: 11:  [preauth]
Apr 11 13:52:31 ovzhost sshd[1001]: PAM 2 more authentication failures; logname= uid=0 euid=0 tty=ssh ruser= rhost=43.255.190.126  user=root
Apr 11 13:52:31 ovzhost sshd[999]: message repeated 2 times: [ Failed password for root from 43.255.190.138 port 51901 ssh2]
Apr 11 13:52:31 ovzhost sshd[999]: Received disconnect from 43.255.190.138: 11:  [preauth]
Apr 11 13:52:31 ovzhost sshd[999]: PAM 2 more authentication failures; logname= uid=0 euid=0 tty=ssh ruser= rhost=43.255.190.138  user=root
Apr 11 13:52:32 ovzhost sshd[1006]: pam_unix(sshd:auth): authentication failure; logname= uid=0 euid=0 tty=ssh ruser= rhost=43.255.190.126  user=root
Apr 11 13:52:32 ovzhost sshd[1008]: pam_unix(sshd:auth): authentication failure; logname= uid=0 euid=0 tty=ssh ruser= rhost=43.255.190.138  user=root
Apr 11 13:52:34 ovzhost sshd[1006]: Failed password for root from 43.255.190.126 port 48359 ssh2
Apr 11 13:52:34 ovzhost sshd[1008]: Failed password for root from 43.255.190.138 port 44102 ssh2
Apr 11 13:52:38 ovzhost sshd[1006]: message repeated 2 times: [ Failed password for root from 43.255.190.126 port 48359 ssh2]
Apr 11 13:52:38 ovzhost sshd[1006]: Received disconnect from 43.255.190.126: 11:  [preauth]
Apr 11 13:52:38 ovzhost sshd[1006]: PAM 2 more authentication failures; logname= uid=0 euid=0 tty=ssh ruser= rhost=43.255.190.126  user=root
Apr 11 13:52:39 ovzhost sshd[1008]: message repeated 2 times: [ Failed password for root from 43.255.190.138 port 44102 ssh2]
Apr 11 13:52:39 ovzhost sshd[1008]: Received disconnect from 43.255.190.138: 11:  [preauth]
Apr 11 13:52:39 ovzhost sshd[1008]: PAM 2 more authentication failures; logname= uid=0 euid=0 tty=ssh ruser= rhost=43.255.190.138  user=root
Apr 11 13:52:39 ovzhost sshd[1010]: pam_unix(sshd:auth): authentication failure; logname= uid=0 euid=0 tty=ssh ruser= rhost=43.255.190.126  user=root
Apr 11 13:52:39 ovzhost sshd[1012]: pam_unix(sshd:auth): authentication failure; logname= uid=0 euid=0 tty=ssh ruser= rhost=43.255.190.138  user=root
Apr 11 13:52:40 ovzhost sshd[1010]: Failed password for root from 43.255.190.126 port 41009 ssh2
Apr 11 13:52:41 ovzhost sshd[1012]: Failed password for root from 43.255.190.138 port 34086 ssh2
Apr 11 13:52:44 ovzhost sshd[1010]: message repeated 2 times: [ Failed password for root from 43.255.190.126 port 41009 ssh2]
Apr 11 13:52:45 ovzhost sshd[1010]: Received disconnect from 43.255.190.126: 11:  [preauth]
Apr 11 13:52:45 ovzhost sshd[1010]: PAM 2 more authentication failures; logname= uid=0 euid=0 tty=ssh ruser= rhost=43.255.190.126  user=root
Apr 11 13:52:45 ovzhost sshd[1012]: message repeated 2 times: [ Failed password for root from 43.255.190.138 port 34086 ssh2]
Apr 11 13:52:45 ovzhost sshd[1012]: Received disconnect from 43.255.190.138: 11:  [preauth]
Apr 11 13:52:45 ovzhost sshd[1012]: PAM 2 more authentication failures; logname= uid=0 euid=0 tty=ssh ruser= rhost=43.255.190.138  user=root
Apr 11 13:52:45 ovzhost sshd[1016]: pam_unix(sshd:auth): authentication failure; logname= uid=0 euid=0 tty=ssh ruser= rhost=43.255.190.126  user=root
Apr 11 13:52:46 ovzhost sshd[1018]: pam_unix(sshd:auth): authentication failure; logname= uid=0 euid=0 tty=ssh ruser= rhost=43.255.190.138  user=root
Apr 11 13:52:47 ovzhost sshd[1016]: Failed password for root from 43.255.190.126 port 56458 ssh2
Apr 11 13:52:47 ovzhost sshd[1018]: Failed password for root from 43.255.190.138 port 47864 ssh2
Apr 11 13:52:52 ovzhost sshd[1016]: message repeated 2 times: [ Failed password for root from 43.255.190.126 port 56458 ssh2]
Apr 11 13:52:52 ovzhost sshd[1016]: Received disconnect from 43.255.190.126: 11:  [preauth]
Apr 11 13:52:52 ovzhost sshd[1016]: PAM 2 more authentication failures; logname= uid=0 euid=0 tty=ssh ruser= rhost=43.255.190.126  user=root
Apr 11 13:52:52 ovzhost sshd[1018]: message repeated 2 times: [ Failed password for root from 43.255.190.138 port 47864 ssh2]
Apr 11 13:52:52 ovzhost sshd[1018]: Received disconnect from 43.255.190.138: 11:  [preauth]
Apr 11 13:52:52 ovzhost sshd[1018]: PAM 2 more authentication failures; logname= uid=0 euid=0 tty=ssh ruser= rhost=43.255.190.138  user=root
Apr 11 13:52:53 ovzhost sshd[1020]: pam_unix(sshd:auth): authentication failure; logname= uid=0 euid=0 tty=ssh ruser= rhost=43.255.190.126  user=root
Apr 11 13:52:53 ovzhost sshd[1022]: pam_unix(sshd:auth): authentication failure; logname= uid=0 euid=0 tty=ssh ruser= rhost=43.255.190.138  user=root
Apr 11 13:52:55 ovzhost sshd[1020]: Failed password for root from 43.255.190.126 port 46049 ssh2
Apr 11 13:52:55 ovzhost sshd[1022]: Failed password for root from 43.255.190.138 port 34668 ssh2
Apr 11 13:52:59 ovzhost sshd[1020]: message repeated 2 times: [ Failed password for root from 43.255.190.126 port 46049 ssh2]
Apr 11 13:52:59 ovzhost sshd[1020]: Received disconnect from 43.255.190.126: 11:  [preauth]
Apr 11 13:52:59 ovzhost sshd[1020]: PAM 2 more authentication failures; logname= uid=0 euid=0 tty=ssh ruser= rhost=43.255.190.126  user=root
Apr 11 13:52:59 ovzhost sshd[1022]: message repeated 2 times: [ Failed password for root from 43.255.190.138 port 34668 ssh2]
Apr 11 13:52:59 ovzhost sshd[1022]: Received disconnect from 43.255.190.138: 11:  [preauth]
Apr 11 13:52:59 ovzhost sshd[1022]: PAM 2 more authentication failures; logname= uid=0 euid=0 tty=ssh ruser= rhost=43.255.190.138  user=root
Apr 11 13:53:00 ovzhost sshd[1024]: pam_unix(sshd:auth): authentication failure; logname= uid=0 euid=0 tty=ssh ruser= rhost=43.255.190.126  user=root
Apr 11 13:53:00 ovzhost sshd[1026]: pam_unix(sshd:auth): authentication failure; logname= uid=0 euid=0 tty=ssh ruser= rhost=43.255.190.138  user=root
Apr 11 13:53:02 ovzhost sshd[1024]: Failed password for root from 43.255.190.126 port 36803 ssh2
