Apr 11 07:11:19 ovzhost sshd[1335]: pam_unix(sshd:auth): check pass; user unknown
Apr 11 07:11:19 ovzhost sshd[1335]: pam_unix(sshd:auth): authentication failure; logname= uid=0 euid=0 tty=ssh ruser= rhost=221.146.74.146 
Apr 11 07:11:21 ovzhost sshd[1335]: Failed password for invalid user zar from 221.146.74.146 port 37916 ssh2
Apr 11 07:11:22 ovzhost sshd[1335]: Connection closed by 221.146.74.146 [preauth]
Apr 11 07:15:08 ovzhost sshd[1351]: Connection closed by 127.0.0.1 [preauth]
Apr 11 07:20:01 ovzhost CRON[1373]: pam_env(cron:session): Unable to open env file: /etc/default/locale: No such file or directory
Apr 11 07:20:01 ovzhost CRON[1373]: pam_unix(cron:session): session opened for user smmsp by (uid=0)
Apr 11 07:20:01 ovzhost CRON[1373]: pam_unix(cron:session): session closed for user smmsp
Apr 11 07:20:08 ovzhost sshd[1400]: Connection closed by 127.0.0.1 [preauth]
Apr 11 07:20:44 ovzhost sshd[1404]: Connection closed by 128.8.37.120 [preauth]
Apr 11 07:24:34 ovzhost sshd[1421]: pam_unix(sshd:auth): authentication failure; logname= uid=0 euid=0 tty=ssh ruser= rhost=43.255.190.164  user=root
Apr 11 07:24:35 ovzhost sshd[1423]: pam_unix(sshd:auth): authentication failure; logname= uid=0 euid=0 tty=ssh ruser= rhost=43.255.190.168  user=root
Apr 11 07:24:37 ovzhost sshd[1421]: Failed password for root from 43.255.190.164 port 48053 ssh2
Apr 11 07:24:37 ovzhost sshd[1423]: Failed password for root from 43.255.190.168 port 44595 ssh2
Apr 11 07:24:41 ovzhost sshd[1421]: message repeated 2 times: [ Failed password for root from 43.255.190.164 port 48053 ssh2]
Apr 11 07:24:41 ovzhost sshd[1421]: Received disconnect from 43.255.190.164: 11:  [preauth]
Apr 11 07:24:41 ovzhost sshd[1421]: PAM 2 more authentication failures; logname= uid=0 euid=0 tty=ssh ruser= rhost=43.255.190.164  user=root
Apr 11 07:24:42 ovzhost sshd[1425]: pam_unix(sshd:auth): authentication failure; logname= uid=0 euid=0 tty=ssh ruser= rhost=43.255.190.164  user=root
Apr 11 07:24:42 ovzhost sshd[1423]: message repeated 2 times: [ Failed password for root from 43.255.190.168 port 44595 ssh2]
Apr 11 07:24:42 ovzhost sshd[1423]: Received disconnect from 43.255.190.168: 11:  [preauth]
Apr 11 07:24:42 ovzhost sshd[1423]: PAM 2 more authentication failures; logname= uid=0 euid=0 tty=ssh ruser= rhost=43.255.190.168  user=root
Apr 11 07:24:43 ovzhost sshd[1427]: pam_unix(sshd:auth): authentication failure; logname= uid=0 euid=0 tty=ssh ruser= rhost=43.255.190.168  user=root
Apr 11 07:24:44 ovzhost sshd[1425]: Failed password for root from 43.255.190.164 port 40449 ssh2
Apr 11 07:24:45 ovzhost sshd[1427]: Failed password for root from 43.255.190.168 port 34476 ssh2
Apr 11 07:24:48 ovzhost sshd[1425]: message repeated 2 times: [ Failed password for root from 43.255.190.164 port 40449 ssh2]
Apr 11 07:24:48 ovzhost sshd[1425]: Received disconnect from 43.255.190.164: 11:  [preauth]
Apr 11 07:24:48 ovzhost sshd[1425]: PAM 2 more authentication failures; logname= uid=0 euid=0 tty=ssh ruser= rhost=43.255.190.164  user=root
Apr 11 07:24:49 ovzhost sshd[1427]: message repeated 2 times: [ Failed password for root from 43.255.190.168 port 34476 ssh2]
Apr 11 07:24:49 ovzhost sshd[1427]: Received disconnect from 43.255.190.168: 11:  [preauth]
Apr 11 07:24:49 ovzhost sshd[1427]: PAM 2 more authentication failures; logname= uid=0 euid=0 tty=ssh ruser= rhost=43.255.190.168  user=root
Apr 11 07:24:49 ovzhost sshd[1429]: pam_unix(sshd:auth): authentication failure; logname= uid=0 euid=0 tty=ssh ruser= rhost=43.255.190.164  user=root
Apr 11 07:24:51 ovzhost sshd[1429]: Failed password for root from 43.255.190.164 port 57597 ssh2
Apr 11 07:24:53 ovzhost sshd[1431]: pam_unix(sshd:auth): authentication failure; logname= uid=0 euid=0 tty=ssh ruser= rhost=43.255.190.168  user=root
Apr 11 07:24:55 ovzhost sshd[1431]: Failed password for root from 43.255.190.168 port 49502 ssh2
Apr 11 07:24:56 ovzhost sshd[1429]: message repeated 2 times: [ Failed password for root from 43.255.190.164 port 57597 ssh2]
Apr 11 07:24:56 ovzhost sshd[1429]: Received disconnect from 43.255.190.164: 11:  [preauth]
Apr 11 07:24:56 ovzhost sshd[1429]: PAM 2 more authentication failures; logname= uid=0 euid=0 tty=ssh ruser= rhost=43.255.190.164  user=root
Apr 11 07:24:58 ovzhost sshd[1433]: pam_unix(sshd:auth): authentication failure; logname= uid=0 euid=0 tty=ssh ruser= rhost=43.255.190.164  user=root
Apr 11 07:25:00 ovzhost sshd[1431]: message repeated 2 times: [ Failed password for root from 43.255.190.168 port 49502 ssh2]
Apr 11 07:25:00 ovzhost sshd[1431]: Received disconnect from 43.255.190.168: 11:  [preauth]
Apr 11 07:25:00 ovzhost sshd[1431]: PAM 2 more authentication failures; logname= uid=0 euid=0 tty=ssh ruser= rhost=43.255.190.168  user=root
Apr 11 07:25:01 ovzhost sshd[1433]: Failed password for root from 43.255.190.164 port 49420 ssh2
Apr 11 07:25:02 ovzhost sshd[1435]: pam_unix(sshd:auth): authentication failure; logname= uid=0 euid=0 tty=ssh ruser= rhost=43.255.190.168  user=root
Apr 11 07:25:04 ovzhost sshd[1435]: Failed password for root from 43.255.190.168 port 44645 ssh2
Apr 11 07:25:06 ovzhost sshd[1433]: message repeated 2 times: [ Failed password for root from 43.255.190.164 port 49420 ssh2]
Apr 11 07:25:06 ovzhost sshd[1433]: Received disconnect from 43.255.190.164: 11:  [preauth]
Apr 11 07:25:06 ovzhost sshd[1433]: PAM 2 more authentication failures; logname= uid=0 euid=0 tty=ssh ruser= rhost=43.255.190.164  user=root
Apr 11 07:25:07 ovzhost sshd[1437]: pam_unix(sshd:auth): authentication failure; logname= uid=0 euid=0 tty=ssh ruser= rhost=43.255.190.164  user=root
Apr 11 07:25:08 ovzhost sshd[1440]: Connection closed by 127.0.0.1 [preauth]
Apr 11 07:25:09 ovzhost sshd[1437]: Failed password for root from 43.255.190.164 port 44982 ssh2
Apr 11 07:25:09 ovzhost sshd[1435]: message repeated 2 times: [ Failed password for root from 43.255.190.168 port 44645 ssh2]
Apr 11 07:25:09 ovzhost sshd[1435]: Received disconnect from 43.255.190.168: 11:  [preauth]
Apr 11 07:25:09 ovzhost sshd[1435]: PAM 2 more authentication failures; logname= uid=0 euid=0 tty=ssh ruser= rhost=43.255.190.168  user=root
Apr 11 07:25:12 ovzhost sshd[1442]: pam_unix(sshd:auth): authentication failure; logname= uid=0 euid=0 tty=ssh ruser= rhost=43.255.190.168  user=root
Apr 11 07:25:13 ovzhost sshd[1437]: message repeated 2 times: [ Failed password for root from 43.255.190.164 port 44982 ssh2]
Apr 11 07:25:14 ovzhost sshd[1437]: Received disconnect from 43.255.190.164: 11:  [preauth]
Apr 11 07:25:14 ovzhost sshd[1437]: PAM 2 more authentication failures; logname= uid=0 euid=0 tty=ssh ruser= rhost=43.255.190.164  user=root
Apr 11 07:25:14 ovzhost sshd[1442]: Failed password for root from 43.255.190.168 port 36034 ssh2
Apr 11 07:25:16 ovzhost sshd[1445]: pam_unix(sshd:auth): authentication failure; logname= uid=0 euid=0 tty=ssh ruser= rhost=43.255.190.164  user=root
Apr 11 07:25:19 ovzhost sshd[1445]: Failed password for root from 43.255.190.164 port 36988 ssh2
Apr 11 07:25:19 ovzhost sshd[1442]: message repeated 2 times: [ Failed password for root from 43.255.190.168 port 36034 ssh2]
Apr 11 07:25:19 ovzhost sshd[1442]: Received disconnect from 43.255.190.168: 11:  [preauth]
Apr 11 07:25:19 ovzhost sshd[1442]: PAM 2 more authentication failures; logname= uid=0 euid=0 tty=ssh ruser= rhost=43.255.190.168  user=root
Apr 11 07:25:20 ovzhost sshd[1447]: pam_unix(sshd:auth): authentication failure; logname= uid=0 euid=0 tty=ssh ruser= rhost=43.255.190.168  user=root
Apr 11 07:25:22 ovzhost sshd[1447]: Failed password for root from 43.255.190.168 port 58218 ssh2
Apr 11 07:25:23 ovzhost sshd[1445]: message repeated 2 times: [ Failed password for root from 43.255.190.164 port 36988 ssh2]
Apr 11 07:25:23 ovzhost sshd[1445]: Received disconnect from 43.255.190.164: 11:  [preauth]
Apr 11 07:25:23 ovzhost sshd[1445]: PAM 2 more authentication failures; logname= uid=0 euid=0 tty=ssh ruser= rhost=43.255.190.164  user=root
Apr 11 07:25:24 ovzhost sshd[1449]: pam_unix(sshd:auth): authentication failure; logname= uid=0 euid=0 tty=ssh ruser= rhost=43.255.190.164  user=root
Apr 11 07:25:26 ovzhost sshd[1449]: Failed password for root from 43.255.190.164 port 59651 ssh2
Apr 11 07:25:28 ovzhost sshd[1447]: message repeated 2 times: [ Failed password for root from 43.255.190.168 port 58218 ssh2]
Apr 11 07:25:28 ovzhost sshd[1447]: Received disconnect from 43.255.190.168: 11:  [preauth]
Apr 11 07:25:28 ovzhost sshd[1447]: PAM 2 more authentication failures; logname= uid=0 euid=0 tty=ssh ruser= rhost=43.255.190.168  user=root
Apr 11 07:25:30 ovzhost sshd[1451]: pam_unix(sshd:auth): authentication failure; logname= uid=0 euid=0 tty=ssh ruser= rhost=43.255.190.168  user=root
Apr 11 07:25:30 ovzhost sshd[1449]: message repeated 2 times: [ Failed password for root from 43.255.190.164 port 59651 ssh2]
Apr 11 07:25:30 ovzhost sshd[1449]: Received disconnect from 43.255.190.164: 11:  [preauth]
Apr 11 07:25:30 ovzhost sshd[1449]: PAM 2 more authentication failures; logname= uid=0 euid=0 tty=ssh ruser= rhost=43.255.190.164  user=root
Apr 11 07:25:32 ovzhost sshd[1453]: pam_unix(sshd:auth): authentication failure; logname= uid=0 euid=0 tty=ssh ruser= rhost=43.255.190.164  user=root
Apr 11 07:25:32 ovzhost sshd[1451]: Failed password for root from 43.255.190.168 port 48459 ssh2
Apr 11 07:25:34 ovzhost sshd[1453]: Failed password for root from 43.255.190.164 port 49375 ssh2
Apr 11 07:25:37 ovzhost sshd[1451]: message repeated 2 times: [ Failed password for root from 43.255.190.168 port 48459 ssh2]
Apr 11 07:25:37 ovzhost sshd[1451]: Received disconnect from 43.255.190.168: 11:  [preauth]
Apr 11 07:25:37 ovzhost sshd[1451]: PAM 2 more authentication failures; logname= uid=0 euid=0 tty=ssh ruser= rhost=43.255.190.168  user=root
Apr 11 07:25:40 ovzhost sshd[1455]: pam_unix(sshd:auth): authentication failure; logname= uid=0 euid=0 tty=ssh ruser= rhost=43.255.190.168  user=root
Apr 11 07:25:41 ovzhost sshd[1453]: message repeated 2 times: [ Failed password for root from 43.255.190.164 port 49375 ssh2]
Apr 11 07:25:41 ovzhost sshd[1453]: Received disconnect from 43.255.190.164: 11:  [preauth]
Apr 11 07:25:41 ovzhost sshd[1453]: PAM 2 more authentication failures; logname= uid=0 euid=0 tty=ssh ruser= rhost=43.255.190.164  user=root
Apr 11 07:25:42 ovzhost sshd[1455]: Failed password for root from 43.255.190.168 port 38519 ssh2
Apr 11 07:25:43 ovzhost sshd[1457]: pam_unix(sshd:auth): authentication failure; logname= uid=0 euid=0 tty=ssh ruser= rhost=43.255.190.164  user=root
Apr 11 07:25:45 ovzhost sshd[1457]: Failed password for root from 43.255.190.164 port 46434 ssh2
Apr 11 07:25:47 ovzhost sshd[1455]: message repeated 2 times: [ Failed password for root from 43.255.190.168 port 38519 ssh2]
Apr 11 07:25:48 ovzhost sshd[1455]: Received disconnect from 43.255.190.168: 11:  [preauth]
Apr 11 07:25:48 ovzhost sshd[1455]: PAM 2 more authentication failures; logname= uid=0 euid=0 tty=ssh ruser= rhost=43.255.190.168  user=root
Apr 11 07:25:49 ovzhost sshd[1459]: pam_unix(sshd:auth): authentication failure; logname= uid=0 euid=0 tty=ssh ruser= rhost=43.255.190.168  user=root
Apr 11 07:25:50 ovzhost sshd[1457]: message repeated 2 times: [ Failed password for root from 43.255.190.164 port 46434 ssh2]
Apr 11 07:25:50 ovzhost sshd[1457]: Received disconnect from 43.255.190.164: 11:  [preauth]
Apr 11 07:25:50 ovzhost sshd[1457]: PAM 2 more authentication failures; logname= uid=0 euid=0 tty=ssh ruser= rhost=43.255.190.164  user=root
Apr 11 07:25:50 ovzhost sshd[1459]: Failed password for root from 43.255.190.168 port 32806 ssh2
Apr 11 07:25:51 ovzhost sshd[1461]: pam_unix(sshd:auth): authentication failure; logname= uid=0 euid=0 tty=ssh ruser= rhost=43.255.190.164  user=root
Apr 11 07:25:54 ovzhost sshd[1461]: Failed password for root from 43.255.190.164 port 38545 ssh2
Apr 11 07:25:55 ovzhost sshd[1459]: message repeated 2 times: [ Failed password for root from 43.255.190.168 port 32806 ssh2]
Apr 11 07:25:55 ovzhost sshd[1459]: Received disconnect from 43.255.190.168: 11:  [preauth]
Apr 11 07:25:55 ovzhost sshd[1459]: PAM 2 more authentication failures; logname= uid=0 euid=0 tty=ssh ruser= rhost=43.255.190.168  user=root
Apr 11 07:25:57 ovzhost sshd[1465]: pam_unix(sshd:auth): authentication failure; logname= uid=0 euid=0 tty=ssh ruser= rhost=43.255.190.168  user=root
Apr 11 07:25:58 ovzhost sshd[1461]: message repeated 2 times: [ Failed password for root from 43.255.190.164 port 38545 ssh2]
Apr 11 07:25:58 ovzhost sshd[1461]: Received disconnect from 43.255.190.164: 11:  [preauth]
Apr 11 07:25:58 ovzhost sshd[1461]: PAM 2 more authentication failures; logname= uid=0 euid=0 tty=ssh ruser= rhost=43.255.190.164  user=root
Apr 11 07:26:00 ovzhost sshd[1467]: pam_unix(sshd:auth): authentication failure; logname= uid=0 euid=0 tty=ssh ruser= rhost=43.255.190.164  user=root
Apr 11 07:26:00 ovzhost sshd[1465]: Failed password for root from 43.255.190.168 port 48772 ssh2
Apr 11 07:26:01 ovzhost sshd[1467]: Failed password for root from 43.255.190.164 port 58159 ssh2
Apr 11 07:26:04 ovzhost sshd[1465]: message repeated 2 times: [ Failed password for root from 43.255.190.168 port 48772 ssh2]
Apr 11 07:26:05 ovzhost sshd[1465]: Received disconnect from 43.255.190.168: 11:  [preauth]
Apr 11 07:26:05 ovzhost sshd[1465]: PAM 2 more authentication failures; logname= uid=0 euid=0 tty=ssh ruser= rhost=43.255.190.168  user=root
Apr 11 07:26:06 ovzhost sshd[1469]: pam_unix(sshd:auth): authentication failure; logname= uid=0 euid=0 tty=ssh ruser= rhost=43.255.190.168  user=root
Apr 11 07:26:07 ovzhost sshd[1467]: message repeated 2 times: [ Failed password for root from 43.255.190.164 port 58159 ssh2]
Apr 11 07:26:07 ovzhost sshd[1467]: Received disconnect from 43.255.190.164: 11:  [preauth]
Apr 11 07:26:07 ovzhost sshd[1467]: PAM 2 more authentication failures; logname= uid=0 euid=0 tty=ssh ruser= rhost=43.255.190.164  user=root
Apr 11 07:26:08 ovzhost sshd[1469]: Failed password for root from 43.255.190.168 port 39695 ssh2
Apr 11 07:26:10 ovzhost sshd[1471]: pam_unix(sshd:auth): authentication failure; logname= uid=0 euid=0 tty=ssh ruser= rhost=43.255.190.164  user=root
Apr 11 07:26:12 ovzhost sshd[1471]: Failed password for root from 43.255.190.164 port 51873 ssh2
Apr 11 07:26:13 ovzhost sshd[1469]: message repeated 2 times: [ Failed password for root from 43.255.190.168 port 39695 ssh2]
Apr 11 07:26:13 ovzhost sshd[1469]: Received disconnect from 43.255.190.168: 11:  [preauth]
Apr 11 07:26:13 ovzhost sshd[1469]: PAM 2 more authentication failures; logname= uid=0 euid=0 tty=ssh ruser= rhost=43.255.190.168  user=root
Apr 11 07:26:14 ovzhost sshd[1473]: pam_unix(sshd:auth): authentication failure; logname= uid=0 euid=0 tty=ssh ruser= rhost=43.255.190.168  user=root
Apr 11 07:26:17 ovzhost sshd[1473]: Failed password for root from 43.255.190.168 port 55764 ssh2
Apr 11 07:26:17 ovzhost sshd[1471]: message repeated 2 times: [ Failed password for root from 43.255.190.164 port 51873 ssh2]
Apr 11 07:26:22 ovzhost sshd[1471]: Received disconnect from 43.255.190.164: 11:  [preauth]
Apr 11 07:26:22 ovzhost sshd[1471]: PAM 2 more authentication failures; logname= uid=0 euid=0 tty=ssh ruser= rhost=43.255.190.164  user=root
Apr 11 07:26:22 ovzhost sshd[1473]: message repeated 2 times: [ Failed password for root from 43.255.190.168 port 55764 ssh2]
Apr 11 07:26:22 ovzhost sshd[1473]: Received disconnect from 43.255.190.168: 11:  [preauth]
Apr 11 07:26:22 ovzhost sshd[1473]: PAM 2 more authentication failures; logname= uid=0 euid=0 tty=ssh ruser= rhost=43.255.190.168  user=root
Apr 11 07:26:23 ovzhost sshd[1475]: pam_unix(sshd:auth): authentication failure; logname= uid=0 euid=0 tty=ssh ruser= rhost=43.255.190.164  user=root
Apr 11 07:26:25 ovzhost sshd[1477]: pam_unix(sshd:auth): authentication failure; logname= uid=0 euid=0 tty=ssh ruser= rhost=43.255.190.168  user=root
Apr 11 07:26:25 ovzhost sshd[1475]: Failed password for root from 43.255.190.164 port 58416 ssh2
Apr 11 07:26:27 ovzhost sshd[1477]: Failed password for root from 43.255.190.168 port 45642 ssh2
Apr 11 07:26:30 ovzhost sshd[1475]: message repeated 2 times: [ Failed password for root from 43.255.190.164 port 58416 ssh2]
Apr 11 07:26:30 ovzhost sshd[1475]: Received disconnect from 43.255.190.164: 11:  [preauth]
Apr 11 07:26:30 ovzhost sshd[1475]: PAM 2 more authentication failures; logname= uid=0 euid=0 tty=ssh ruser= rhost=43.255.190.164  user=root
Apr 11 07:26:31 ovzhost sshd[1479]: pam_unix(sshd:auth): authentication failure; logname= uid=0 euid=0 tty=ssh ruser= rhost=43.255.190.164  user=root
Apr 11 07:26:32 ovzhost sshd[1477]: message repeated 2 times: [ Failed password for root from 43.255.190.168 port 45642 ssh2]
Apr 11 07:26:32 ovzhost sshd[1477]: Received disconnect from 43.255.190.168: 11:  [preauth]
Apr 11 07:26:32 ovzhost sshd[1477]: PAM 2 more authentication failures; logname= uid=0 euid=0 tty=ssh ruser= rhost=43.255.190.168  user=root
Apr 11 07:26:32 ovzhost sshd[1481]: pam_unix(sshd:auth): authentication failure; logname= uid=0 euid=0 tty=ssh ruser= rhost=43.255.190.168  user=root
Apr 11 07:26:33 ovzhost sshd[1479]: Failed password for root from 43.255.190.164 port 49629 ssh2
Apr 11 07:26:34 ovzhost sshd[1481]: Failed password for root from 43.255.190.168 port 35937 ssh2
Apr 11 07:26:38 ovzhost sshd[1479]: message repeated 2 times: [ Failed password for root from 43.255.190.164 port 49629 ssh2]
Apr 11 07:26:38 ovzhost sshd[1479]: Received disconnect from 43.255.190.164: 11:  [preauth]
Apr 11 07:26:38 ovzhost sshd[1479]: PAM 2 more authentication failures; logname= uid=0 euid=0 tty=ssh ruser= rhost=43.255.190.164  user=root
Apr 11 07:26:39 ovzhost sshd[1481]: message repeated 2 times: [ Failed password for root from 43.255.190.168 port 35937 ssh2]
Apr 11 07:26:39 ovzhost sshd[1481]: Received disconnect from 43.255.190.168: 11:  [preauth]
Apr 11 07:26:39 ovzhost sshd[1481]: PAM 2 more authentication failures; logname= uid=0 euid=0 tty=ssh ruser= rhost=43.255.190.168  user=root
Apr 11 07:26:39 ovzhost sshd[1485]: pam_unix(sshd:auth): authentication failure; logname= uid=0 euid=0 tty=ssh ruser= rhost=43.255.190.164  user=root
Apr 11 07:26:40 ovzhost sshd[1489]: pam_unix(sshd:auth): authentication failure; logname= uid=0 euid=0 tty=ssh ruser= rhost=43.255.190.168  user=root
Apr 11 07:26:41 ovzhost sshd[1485]: Failed password for root from 43.255.190.164 port 40499 ssh2
Apr 11 07:26:43 ovzhost sshd[1489]: Failed password for root from 43.255.190.168 port 51178 ssh2
Apr 11 07:26:45 ovzhost sshd[1485]: message repeated 2 times: [ Failed password for root from 43.255.190.164 port 40499 ssh2]
Apr 11 07:26:48 ovzhost sshd[1485]: Received disconnect from 43.255.190.164: 11:  [preauth]
Apr 11 07:26:48 ovzhost sshd[1485]: PAM 2 more authentication failures; logname= uid=0 euid=0 tty=ssh ruser= rhost=43.255.190.164  user=root
Apr 11 07:26:48 ovzhost sshd[1489]: message repeated 2 times: [ Failed password for root from 43.255.190.168 port 51178 ssh2]
Apr 11 07:26:48 ovzhost sshd[1489]: Received disconnect from 43.255.190.168: 11:  [preauth]
Apr 11 07:26:48 ovzhost sshd[1489]: PAM 2 more authentication failures; logname= uid=0 euid=0 tty=ssh ruser= rhost=43.255.190.168  user=root
Apr 11 07:26:48 ovzhost sshd[1491]: pam_unix(sshd:auth): authentication failure; logname= uid=0 euid=0 tty=ssh ruser= rhost=43.255.190.164  user=root
Apr 11 07:26:48 ovzhost sshd[1493]: pam_unix(sshd:auth): authentication failure; logname= uid=0 euid=0 tty=ssh ruser= rhost=43.255.190.168  user=root
Apr 11 07:26:51 ovzhost sshd[1491]: Failed password for root from 43.255.190.164 port 35395 ssh2
Apr 11 07:26:51 ovzhost sshd[1493]: Failed password for root from 43.255.190.168 port 39277 ssh2
Apr 11 07:26:54 ovzhost sshd[1491]: message repeated 2 times: [ Failed password for root from 43.255.190.164 port 35395 ssh2]
Apr 11 07:26:54 ovzhost sshd[1491]: Received disconnect from 43.255.190.164: 11:  [preauth]
Apr 11 07:26:54 ovzhost sshd[1491]: PAM 2 more authentication failures; logname= uid=0 euid=0 tty=ssh ruser= rhost=43.255.190.164  user=root
Apr 11 07:26:54 ovzhost sshd[1493]: message repeated 2 times: [ Failed password for root from 43.255.190.168 port 39277 ssh2]
Apr 11 07:26:54 ovzhost sshd[1493]: Received disconnect from 43.255.190.168: 11:  [preauth]
Apr 11 07:26:54 ovzhost sshd[1493]: PAM 2 more authentication failures; logname= uid=0 euid=0 tty=ssh ruser= rhost=43.255.190.168  user=root
Apr 11 07:26:55 ovzhost sshd[1497]: pam_unix(sshd:auth): authentication failure; logname= uid=0 euid=0 tty=ssh ruser= rhost=43.255.190.168  user=root
Apr 11 07:26:55 ovzhost sshd[1495]: pam_unix(sshd:auth): authentication failure; logname= uid=0 euid=0 tty=ssh ruser= rhost=43.255.190.164  user=root
Apr 11 07:26:57 ovzhost sshd[1497]: Failed password for root from 43.255.190.168 port 52879 ssh2
Apr 11 07:26:57 ovzhost sshd[1495]: Failed password for root from 43.255.190.164 port 52264 ssh2
Apr 11 07:27:02 ovzhost sshd[1497]: message repeated 2 times: [ Failed password for root from 43.255.190.168 port 52879 ssh2]
Apr 11 07:27:02 ovzhost sshd[1497]: Received disconnect from 43.255.190.168: 11:  [preauth]
Apr 11 07:27:02 ovzhost sshd[1497]: PAM 2 more authentication failures; logname= uid=0 euid=0 tty=ssh ruser= rhost=43.255.190.168  user=root
Apr 11 07:27:02 ovzhost sshd[1495]: message repeated 2 times: [ Failed password for root from 43.255.190.164 port 52264 ssh2]
Apr 11 07:27:02 ovzhost sshd[1495]: Received disconnect from 43.255.190.164: 11:  [preauth]
Apr 11 07:27:02 ovzhost sshd[1495]: PAM 2 more authentication failures; logname= uid=0 euid=0 tty=ssh ruser= rhost=43.255.190.164  user=root
Apr 11 07:27:02 ovzhost sshd[1499]: pam_unix(sshd:auth): authentication failure; logname= uid=0 euid=0 tty=ssh ruser= rhost=43.255.190.168  user=root
Apr 11 07:27:02 ovzhost sshd[1501]: pam_unix(sshd:auth): authentication failure; logname= uid=0 euid=0 tty=ssh ruser= rhost=43.255.190.164  user=root
Apr 11 07:27:04 ovzhost sshd[1499]: Failed password for root from 43.255.190.168 port 39242 ssh2
Apr 11 07:27:04 ovzhost sshd[1501]: Failed password for root from 43.255.190.164 port 42396 ssh2
Apr 11 07:27:09 ovzhost sshd[1499]: message repeated 2 times: [ Failed password for root from 43.255.190.168 port 39242 ssh2]
Apr 11 07:27:09 ovzhost sshd[1499]: Received disconnect from 43.255.190.168: 11:  [preauth]
Apr 11 07:27:09 ovzhost sshd[1499]: PAM 2 more authentication failures; logname= uid=0 euid=0 tty=ssh ruser= rhost=43.255.190.168  user=root
Apr 11 07:27:09 ovzhost sshd[1501]: message repeated 2 times: [ Failed password for root from 43.255.190.164 port 42396 ssh2]
Apr 11 07:27:09 ovzhost sshd[1501]: Received disconnect from 43.255.190.164: 11:  [preauth]
Apr 11 07:27:09 ovzhost sshd[1501]: PAM 2 more authentication failures; logname= uid=0 euid=0 tty=ssh ruser= rhost=43.255.190.164  user=root
Apr 11 07:27:11 ovzhost sshd[1506]: pam_unix(sshd:auth): authentication failure; logname= uid=0 euid=0 tty=ssh ruser= rhost=43.255.190.164  user=root
Apr 11 07:27:14 ovzhost sshd[1506]: Failed password for root from 43.255.190.164 port 33075 ssh2
Apr 11 07:27:15 ovzhost sshd[1503]: pam_unix(sshd:auth): authentication failure; logname= uid=0 euid=0 tty=ssh ruser= rhost=43.255.190.168  user=root
Apr 11 07:27:17 ovzhost sshd[1503]: Failed password for root from 43.255.190.168 port 54572 ssh2
Apr 11 07:27:18 ovzhost sshd[1506]: message repeated 2 times: [ Failed password for root from 43.255.190.164 port 33075 ssh2]
Apr 11 07:27:18 ovzhost sshd[1506]: Received disconnect from 43.255.190.164: 11:  [preauth]
Apr 11 07:27:18 ovzhost sshd[1506]: PAM 2 more authentication failures; logname= uid=0 euid=0 tty=ssh ruser= rhost=43.255.190.164  user=root
Apr 11 07:27:19 ovzhost sshd[1508]: pam_unix(sshd:auth): authentication failure; logname= uid=0 euid=0 tty=ssh ruser= rhost=43.255.190.164  user=root
Apr 11 07:27:21 ovzhost sshd[1503]: message repeated 2 times: [ Failed password for root from 43.255.190.168 port 54572 ssh2]
Apr 11 07:27:21 ovzhost sshd[1503]: Received disconnect from 43.255.190.168: 11:  [preauth]
Apr 11 07:27:21 ovzhost sshd[1503]: PAM 2 more authentication failures; logname= uid=0 euid=0 tty=ssh ruser= rhost=43.255.190.168  user=root
Apr 11 07:27:21 ovzhost sshd[1508]: Failed password for root from 43.255.190.164 port 53575 ssh2
Apr 11 07:27:23 ovzhost sshd[1510]: pam_unix(sshd:auth): authentication failure; logname= uid=0 euid=0 tty=ssh ruser= rhost=43.255.190.168  user=root
Apr 11 07:27:25 ovzhost sshd[1510]: Failed password for root from 43.255.190.168 port 49759 ssh2
Apr 11 07:27:26 ovzhost sshd[1508]: message repeated 2 times: [ Failed password for root from 43.255.190.164 port 53575 ssh2]
Apr 11 07:27:26 ovzhost sshd[1508]: Received disconnect from 43.255.190.164: 11:  [preauth]
Apr 11 07:27:26 ovzhost sshd[1508]: PAM 2 more authentication failures; logname= uid=0 euid=0 tty=ssh ruser= rhost=43.255.190.164  user=root
Apr 11 07:27:27 ovzhost sshd[1512]: pam_unix(sshd:auth): authentication failure; logname= uid=0 euid=0 tty=ssh ruser= rhost=43.255.190.164  user=root
Apr 11 07:27:29 ovzhost sshd[1512]: Failed password for root from 43.255.190.164 port 44232 ssh2
Apr 11 07:27:29 ovzhost sshd[1510]: message repeated 2 times: [ Failed password for root from 43.255.190.168 port 49759 ssh2]
Apr 11 07:27:29 ovzhost sshd[1510]: Received disconnect from 43.255.190.168: 11:  [preauth]
Apr 11 07:27:29 ovzhost sshd[1510]: PAM 2 more authentication failures; logname= uid=0 euid=0 tty=ssh ruser= rhost=43.255.190.168  user=root
Apr 11 07:27:30 ovzhost sshd[1515]: pam_unix(sshd:auth): authentication failure; logname= uid=0 euid=0 tty=ssh ruser= rhost=43.255.190.168  user=root
Apr 11 07:27:33 ovzhost sshd[1515]: Failed password for root from 43.255.190.168 port 37376 ssh2
Apr 11 07:27:33 ovzhost sshd[1512]: message repeated 2 times: [ Failed password for root from 43.255.190.164 port 44232 ssh2]
Apr 11 07:27:33 ovzhost sshd[1512]: Received disconnect from 43.255.190.164: 11:  [preauth]
Apr 11 07:27:33 ovzhost sshd[1512]: PAM 2 more authentication failures; logname= uid=0 euid=0 tty=ssh ruser= rhost=43.255.190.164  user=root
Apr 11 07:27:34 ovzhost sshd[1517]: pam_unix(sshd:auth): authentication failure; logname= uid=0 euid=0 tty=ssh ruser= rhost=43.255.190.164  user=root
Apr 11 07:27:37 ovzhost sshd[1517]: Failed password for root from 43.255.190.164 port 33713 ssh2
Apr 11 07:27:37 ovzhost sshd[1515]: message repeated 2 times: [ Failed password for root from 43.255.190.168 port 37376 ssh2]
Apr 11 07:27:37 ovzhost sshd[1515]: Received disconnect from 43.255.190.168: 11:  [preauth]
Apr 11 07:27:37 ovzhost sshd[1515]: PAM 2 more authentication failures; logname= uid=0 euid=0 tty=ssh ruser= rhost=43.255.190.168  user=root
Apr 11 07:27:38 ovzhost sshd[1519]: pam_unix(sshd:auth): authentication failure; logname= uid=0 euid=0 tty=ssh ruser= rhost=43.255.190.168  user=root
Apr 11 07:27:40 ovzhost sshd[1519]: Failed password for root from 43.255.190.168 port 52917 ssh2
Apr 11 07:27:41 ovzhost sshd[1517]: message repeated 2 times: [ Failed password for root from 43.255.190.164 port 33713 ssh2]
Apr 11 07:27:41 ovzhost sshd[1517]: Received disconnect from 43.255.190.164: 11:  [preauth]
Apr 11 07:27:41 ovzhost sshd[1517]: PAM 2 more authentication failures; logname= uid=0 euid=0 tty=ssh ruser= rhost=43.255.190.164  user=root
Apr 11 07:27:42 ovzhost sshd[1522]: pam_unix(sshd:auth): authentication failure; logname= uid=0 euid=0 tty=ssh ruser= rhost=43.255.190.164  user=root
Apr 11 07:27:44 ovzhost sshd[1519]: message repeated 2 times: [ Failed password for root from 43.255.190.168 port 52917 ssh2]
Apr 11 07:27:44 ovzhost sshd[1519]: Received disconnect from 43.255.190.168: 11:  [preauth]
Apr 11 07:27:44 ovzhost sshd[1519]: PAM 2 more authentication failures; logname= uid=0 euid=0 tty=ssh ruser= rhost=43.255.190.168  user=root
Apr 11 07:27:44 ovzhost sshd[1522]: Failed password for root from 43.255.190.164 port 53791 ssh2
Apr 11 07:27:46 ovzhost sshd[1526]: pam_unix(sshd:auth): authentication failure; logname= uid=0 euid=0 tty=ssh ruser= rhost=43.255.190.168  user=root
Apr 11 07:27:48 ovzhost sshd[1522]: message repeated 2 times: [ Failed password for root from 43.255.190.164 port 53791 ssh2]
Apr 11 07:27:49 ovzhost sshd[1522]: Received disconnect from 43.255.190.164: 11:  [preauth]
Apr 11 07:27:49 ovzhost sshd[1522]: PAM 2 more authentication failures; logname= uid=0 euid=0 tty=ssh ruser= rhost=43.255.190.164  user=root
Apr 11 07:27:49 ovzhost sshd[1526]: Failed password for root from 43.255.190.168 port 38757 ssh2
Apr 11 07:27:49 ovzhost sshd[1528]: pam_unix(sshd:auth): authentication failure; logname= uid=0 euid=0 tty=ssh ruser= rhost=43.255.190.164  user=root
Apr 11 07:27:51 ovzhost sshd[1528]: Failed password for root from 43.255.190.164 port 42819 ssh2
Apr 11 07:27:53 ovzhost sshd[1526]: message repeated 2 times: [ Failed password for root from 43.255.190.168 port 38757 ssh2]
Apr 11 07:27:53 ovzhost sshd[1526]: Received disconnect from 43.255.190.168: 11:  [preauth]
Apr 11 07:27:53 ovzhost sshd[1526]: PAM 2 more authentication failures; logname= uid=0 euid=0 tty=ssh ruser= rhost=43.255.190.168  user=root
Apr 11 07:27:54 ovzhost sshd[1530]: pam_unix(sshd:auth): authentication failure; logname= uid=0 euid=0 tty=ssh ruser= rhost=43.255.190.168  user=root
Apr 11 07:27:56 ovzhost sshd[1530]: Failed password for root from 43.255.190.168 port 56471 ssh2
Apr 11 07:27:56 ovzhost sshd[1528]: message repeated 2 times: [ Failed password for root from 43.255.190.164 port 42819 ssh2]
Apr 11 07:27:56 ovzhost sshd[1528]: Received disconnect from 43.255.190.164: 11:  [preauth]
Apr 11 07:27:56 ovzhost sshd[1528]: PAM 2 more authentication failures; logname= uid=0 euid=0 tty=ssh ruser= rhost=43.255.190.164  user=root
Apr 11 07:27:56 ovzhost sshd[1532]: pam_unix(sshd:auth): authentication failure; logname= uid=0 euid=0 tty=ssh ruser= rhost=43.255.190.164  user=root
Apr 11 07:27:58 ovzhost sshd[1532]: Failed password for root from 43.255.190.164 port 33774 ssh2
Apr 11 07:28:00 ovzhost sshd[1530]: message repeated 2 times: [ Failed password for root from 43.255.190.168 port 56471 ssh2]
Apr 11 07:28:01 ovzhost sshd[1530]: Received disconnect from 43.255.190.168: 11:  [preauth]
Apr 11 07:28:01 ovzhost sshd[1530]: PAM 2 more authentication failures; logname= uid=0 euid=0 tty=ssh ruser= rhost=43.255.190.168  user=root
Apr 11 07:28:01 ovzhost sshd[1534]: pam_unix(sshd:auth): authentication failure; logname= uid=0 euid=0 tty=ssh ruser= rhost=43.255.190.168  user=root
Apr 11 07:28:03 ovzhost sshd[1534]: Failed password for root from 43.255.190.168 port 43077 ssh2
Apr 11 07:28:03 ovzhost sshd[1532]: message repeated 2 times: [ Failed password for root from 43.255.190.164 port 33774 ssh2]
Apr 11 07:28:03 ovzhost sshd[1532]: Received disconnect from 43.255.190.164: 11:  [preauth]
Apr 11 07:28:03 ovzhost sshd[1532]: PAM 2 more authentication failures; logname= uid=0 euid=0 tty=ssh ruser= rhost=43.255.190.164  user=root
Apr 11 07:28:04 ovzhost sshd[1536]: pam_unix(sshd:auth): authentication failure; logname= uid=0 euid=0 tty=ssh ruser= rhost=43.255.190.164  user=root
Apr 11 07:28:06 ovzhost sshd[1536]: Failed password for root from 43.255.190.164 port 52281 ssh2
Apr 11 07:28:07 ovzhost sshd[1534]: message repeated 2 times: [ Failed password for root from 43.255.190.168 port 43077 ssh2]
Apr 11 07:28:07 ovzhost sshd[1534]: Received disconnect from 43.255.190.168: 11:  [preauth]
Apr 11 07:28:07 ovzhost sshd[1534]: PAM 2 more authentication failures; logname= uid=0 euid=0 tty=ssh ruser= rhost=43.255.190.168  user=root
Apr 11 07:28:08 ovzhost sshd[1538]: pam_unix(sshd:auth): authentication failure; logname= uid=0 euid=0 tty=ssh ruser= rhost=43.255.190.168  user=root
Apr 11 07:28:10 ovzhost sshd[1538]: Failed password for root from 43.255.190.168 port 56987 ssh2
Apr 11 07:28:10 ovzhost sshd[1536]: message repeated 2 times: [ Failed password for root from 43.255.190.164 port 52281 ssh2]
Apr 11 07:28:10 ovzhost sshd[1536]: Received disconnect from 43.255.190.164: 11:  [preauth]
Apr 11 07:28:10 ovzhost sshd[1536]: PAM 2 more authentication failures; logname= uid=0 euid=0 tty=ssh ruser= rhost=43.255.190.164  user=root
Apr 11 07:28:10 ovzhost sshd[1540]: pam_unix(sshd:auth): authentication failure; logname= uid=0 euid=0 tty=ssh ruser= rhost=43.255.190.164  user=root
Apr 11 07:28:12 ovzhost sshd[1540]: Failed password for root from 43.255.190.164 port 40256 ssh2
Apr 11 07:28:14 ovzhost sshd[1538]: message repeated 2 times: [ Failed password for root from 43.255.190.168 port 56987 ssh2]
Apr 11 07:28:14 ovzhost sshd[1538]: Received disconnect from 43.255.190.168: 11:  [preauth]
Apr 11 07:28:14 ovzhost sshd[1538]: PAM 2 more authentication failures; logname= uid=0 euid=0 tty=ssh ruser= rhost=43.255.190.168  user=root
Apr 11 07:28:14 ovzhost sshd[1543]: pam_unix(sshd:auth): authentication failure; logname= uid=0 euid=0 tty=ssh ruser= rhost=43.255.190.168  user=root
Apr 11 07:28:16 ovzhost sshd[1540]: message repeated 2 times: [ Failed password for root from 43.255.190.164 port 40256 ssh2]
Apr 11 07:28:16 ovzhost sshd[1540]: Received disconnect from 43.255.190.164: 11:  [preauth]
Apr 11 07:28:16 ovzhost sshd[1540]: PAM 2 more authentication failures; logname= uid=0 euid=0 tty=ssh ruser= rhost=43.255.190.164  user=root
Apr 11 07:28:16 ovzhost sshd[1543]: Failed password for root from 43.255.190.168 port 42620 ssh2
Apr 11 07:28:17 ovzhost sshd[1545]: pam_unix(sshd:auth): authentication failure; logname= uid=0 euid=0 tty=ssh ruser= rhost=43.255.190.164  user=root
Apr 11 07:28:19 ovzhost sshd[1545]: Failed password for root from 43.255.190.164 port 56696 ssh2
Apr 11 07:28:21 ovzhost sshd[1543]: message repeated 2 times: [ Failed password for root from 43.255.190.168 port 42620 ssh2]
Apr 11 07:28:21 ovzhost sshd[1543]: Received disconnect from 43.255.190.168: 11:  [preauth]
Apr 11 07:28:21 ovzhost sshd[1543]: PAM 2 more authentication failures; logname= uid=0 euid=0 tty=ssh ruser= rhost=43.255.190.168  user=root
Apr 11 07:28:22 ovzhost sshd[1547]: pam_unix(sshd:auth): authentication failure; logname= uid=0 euid=0 tty=ssh ruser= rhost=43.255.190.168  user=root
Apr 11 07:28:24 ovzhost sshd[1547]: Failed password for root from 43.255.190.168 port 58127 ssh2
Apr 11 07:28:24 ovzhost sshd[1545]: message repeated 2 times: [ Failed password for root from 43.255.190.164 port 56696 ssh2]
Apr 11 07:28:24 ovzhost sshd[1545]: Received disconnect from 43.255.190.164: 11:  [preauth]
Apr 11 07:28:24 ovzhost sshd[1545]: PAM 2 more authentication failures; logname= uid=0 euid=0 tty=ssh ruser= rhost=43.255.190.164  user=root
Apr 11 07:28:26 ovzhost sshd[1549]: pam_unix(sshd:auth): authentication failure; logname= uid=0 euid=0 tty=ssh ruser= rhost=43.255.190.164  user=root
Apr 11 07:28:27 ovzhost sshd[1547]: message repeated 2 times: [ Failed password for root from 43.255.190.168 port 58127 ssh2]
Apr 11 07:28:27 ovzhost sshd[1547]: Received disconnect from 43.255.190.168: 11:  [preauth]
Apr 11 07:28:27 ovzhost sshd[1547]: PAM 2 more authentication failures; logname= uid=0 euid=0 tty=ssh ruser= rhost=43.255.190.168  user=root
Apr 11 07:28:27 ovzhost sshd[1549]: Failed password for root from 43.255.190.164 port 46040 ssh2
Apr 11 07:28:29 ovzhost sshd[1551]: pam_unix(sshd:auth): authentication failure; logname= uid=0 euid=0 tty=ssh ruser= rhost=43.255.190.168  user=root
Apr 11 07:28:31 ovzhost sshd[1551]: Failed password for root from 43.255.190.168 port 43369 ssh2
Apr 11 07:28:32 ovzhost sshd[1549]: message repeated 2 times: [ Failed password for root from 43.255.190.164 port 46040 ssh2]
Apr 11 07:28:33 ovzhost sshd[1549]: Received disconnect from 43.255.190.164: 11:  [preauth]
Apr 11 07:28:33 ovzhost sshd[1549]: PAM 2 more authentication failures; logname= uid=0 euid=0 tty=ssh ruser= rhost=43.255.190.164  user=root
Apr 11 07:28:33 ovzhost sshd[1553]: pam_unix(sshd:auth): authentication failure; logname= uid=0 euid=0 tty=ssh ruser= rhost=43.255.190.164  user=root
Apr 11 07:28:35 ovzhost sshd[1553]: Failed password for root from 43.255.190.164 port 39207 ssh2
Apr 11 07:28:35 ovzhost sshd[1551]: message repeated 2 times: [ Failed password for root from 43.255.190.168 port 43369 ssh2]
Apr 11 07:28:36 ovzhost sshd[1551]: Received disconnect from 43.255.190.168: 11:  [preauth]
Apr 11 07:28:36 ovzhost sshd[1551]: PAM 2 more authentication failures; logname= uid=0 euid=0 tty=ssh ruser= rhost=43.255.190.168  user=root
Apr 11 07:28:36 ovzhost sshd[1555]: pam_unix(sshd:auth): authentication failure; logname= uid=0 euid=0 tty=ssh ruser= rhost=43.255.190.168  user=root
Apr 11 07:28:38 ovzhost sshd[1555]: Failed password for root from 43.255.190.168 port 60206 ssh2
Apr 11 07:28:39 ovzhost sshd[1553]: message repeated 2 times: [ Failed password for root from 43.255.190.164 port 39207 ssh2]
Apr 11 07:28:39 ovzhost sshd[1553]: Received disconnect from 43.255.190.164: 11:  [preauth]
Apr 11 07:28:39 ovzhost sshd[1553]: PAM 2 more authentication failures; logname= uid=0 euid=0 tty=ssh ruser= rhost=43.255.190.164  user=root
Apr 11 07:28:39 ovzhost sshd[1557]: pam_unix(sshd:auth): authentication failure; logname= uid=0 euid=0 tty=ssh ruser= rhost=43.255.190.164  user=root
Apr 11 07:28:41 ovzhost sshd[1557]: Failed password for root from 43.255.190.164 port 55642 ssh2
Apr 11 07:28:42 ovzhost sshd[1555]: message repeated 2 times: [ Failed password for root from 43.255.190.168 port 60206 ssh2]
Apr 11 07:28:42 ovzhost sshd[1555]: Received disconnect from 43.255.190.168: 11:  [preauth]
Apr 11 07:28:42 ovzhost sshd[1555]: PAM 2 more authentication failures; logname= uid=0 euid=0 tty=ssh ruser= rhost=43.255.190.168  user=root
Apr 11 07:28:43 ovzhost sshd[1561]: pam_unix(sshd:auth): authentication failure; logname= uid=0 euid=0 tty=ssh ruser= rhost=43.255.190.168  user=root
Apr 11 07:28:45 ovzhost sshd[1561]: Failed password for root from 43.255.190.168 port 47368 ssh2
Apr 11 07:28:45 ovzhost sshd[1557]: message repeated 2 times: [ Failed password for root from 43.255.190.164 port 55642 ssh2]
Apr 11 07:28:45 ovzhost sshd[1557]: Received disconnect from 43.255.190.164: 11:  [preauth]
Apr 11 07:28:45 ovzhost sshd[1557]: PAM 2 more authentication failures; logname= uid=0 euid=0 tty=ssh ruser= rhost=43.255.190.164  user=root
Apr 11 07:28:46 ovzhost sshd[1563]: pam_unix(sshd:auth): authentication failure; logname= uid=0 euid=0 tty=ssh ruser= rhost=43.255.190.164  user=root
Apr 11 07:28:48 ovzhost sshd[1563]: Failed password for root from 43.255.190.164 port 43071 ssh2
Apr 11 07:28:49 ovzhost sshd[1561]: message repeated 2 times: [ Failed password for root from 43.255.190.168 port 47368 ssh2]
Apr 11 07:28:49 ovzhost sshd[1561]: Received disconnect from 43.255.190.168: 11:  [preauth]
Apr 11 07:28:49 ovzhost sshd[1561]: PAM 2 more authentication failures; logname= uid=0 euid=0 tty=ssh ruser= rhost=43.255.190.168  user=root
Apr 11 07:28:50 ovzhost sshd[1567]: pam_unix(sshd:auth): authentication failure; logname= uid=0 euid=0 tty=ssh ruser= rhost=43.255.190.168  user=root
Apr 11 07:28:52 ovzhost sshd[1563]: message repeated 2 times: [ Failed password for root from 43.255.190.164 port 43071 ssh2]
Apr 11 07:28:52 ovzhost sshd[1563]: Received disconnect from 43.255.190.164: 11:  [preauth]
Apr 11 07:28:52 ovzhost sshd[1563]: PAM 2 more authentication failures; logname= uid=0 euid=0 tty=ssh ruser= rhost=43.255.190.164  user=root
Apr 11 07:28:52 ovzhost sshd[1567]: Failed password for root from 43.255.190.168 port 33984 ssh2
Apr 11 07:28:54 ovzhost sshd[1569]: pam_unix(sshd:auth): authentication failure; logname= uid=0 euid=0 tty=ssh ruser= rhost=43.255.190.164  user=root
Apr 11 07:28:56 ovzhost sshd[1569]: Failed password for root from 43.255.190.164 port 60266 ssh2
Apr 11 07:28:56 ovzhost sshd[1567]: message repeated 2 times: [ Failed password for root from 43.255.190.168 port 33984 ssh2]
Apr 11 07:28:57 ovzhost sshd[1567]: Received disconnect from 43.255.190.168: 11:  [preauth]
Apr 11 07:28:57 ovzhost sshd[1567]: PAM 2 more authentication failures; logname= uid=0 euid=0 tty=ssh ruser= rhost=43.255.190.168  user=root
Apr 11 07:28:57 ovzhost sshd[1571]: pam_unix(sshd:auth): authentication failure; logname= uid=0 euid=0 tty=ssh ruser= rhost=43.255.190.168  user=root
Apr 11 07:28:59 ovzhost sshd[1571]: Failed password for root from 43.255.190.168 port 50103 ssh2
Apr 11 07:29:00 ovzhost sshd[1569]: message repeated 2 times: [ Failed password for root from 43.255.190.164 port 60266 ssh2]
Apr 11 07:29:00 ovzhost sshd[1569]: Received disconnect from 43.255.190.164: 11:  [preauth]
Apr 11 07:29:00 ovzhost sshd[1569]: PAM 2 more authentication failures; logname= uid=0 euid=0 tty=ssh ruser= rhost=43.255.190.164  user=root
Apr 11 07:29:00 ovzhost sshd[1573]: pam_unix(sshd:auth): authentication failure; logname= uid=0 euid=0 tty=ssh ruser= rhost=43.255.190.164  user=root
Apr 11 07:29:02 ovzhost sshd[1573]: Failed password for root from 43.255.190.164 port 52377 ssh2
Apr 11 07:29:03 ovzhost sshd[1571]: message repeated 2 times: [ Failed password for root from 43.255.190.168 port 50103 ssh2]
Apr 11 07:29:03 ovzhost sshd[1571]: Received disconnect from 43.255.190.168: 11:  [preauth]
Apr 11 07:29:03 ovzhost sshd[1571]: PAM 2 more authentication failures; logname= uid=0 euid=0 tty=ssh ruser= rhost=43.255.190.168  user=root
Apr 11 07:29:04 ovzhost sshd[1575]: pam_unix(sshd:auth): authentication failure; logname= uid=0 euid=0 tty=ssh ruser= rhost=43.255.190.168  user=root
Apr 11 07:29:06 ovzhost sshd[1575]: Failed password for root from 43.255.190.168 port 36150 ssh2
Apr 11 07:29:07 ovzhost sshd[1573]: message repeated 2 times: [ Failed password for root from 43.255.190.164 port 52377 ssh2]
Apr 11 07:29:07 ovzhost sshd[1573]: Received disconnect from 43.255.190.164: 11:  [preauth]
Apr 11 07:29:07 ovzhost sshd[1573]: PAM 2 more authentication failures; logname= uid=0 euid=0 tty=ssh ruser= rhost=43.255.190.164  user=root
Apr 11 07:29:07 ovzhost sshd[1577]: pam_unix(sshd:auth): authentication failure; logname= uid=0 euid=0 tty=ssh ruser= rhost=43.255.190.164  user=root
Apr 11 07:29:09 ovzhost sshd[1577]: Failed password for root from 43.255.190.164 port 40714 ssh2
Apr 11 07:29:10 ovzhost sshd[1575]: message repeated 2 times: [ Failed password for root from 43.255.190.168 port 36150 ssh2]
Apr 11 07:29:10 ovzhost sshd[1575]: Received disconnect from 43.255.190.168: 11:  [preauth]
Apr 11 07:29:10 ovzhost sshd[1575]: PAM 2 more authentication failures; logname= uid=0 euid=0 tty=ssh ruser= rhost=43.255.190.168  user=root
Apr 11 07:29:11 ovzhost sshd[1579]: pam_unix(sshd:auth): authentication failure; logname= uid=0 euid=0 tty=ssh ruser= rhost=43.255.190.168  user=root
Apr 11 07:29:12 ovzhost sshd[1577]: message repeated 2 times: [ Failed password for root from 43.255.190.164 port 40714 ssh2]
Apr 11 07:29:13 ovzhost sshd[1577]: Received disconnect from 43.255.190.164: 11:  [preauth]
Apr 11 07:29:13 ovzhost sshd[1577]: PAM 2 more authentication failures; logname= uid=0 euid=0 tty=ssh ruser= rhost=43.255.190.164  user=root
Apr 11 07:29:13 ovzhost sshd[1579]: Failed password for root from 43.255.190.168 port 53096 ssh2
Apr 11 07:29:15 ovzhost sshd[1583]: pam_unix(sshd:auth): authentication failure; logname= uid=0 euid=0 tty=ssh ruser= rhost=43.255.190.164  user=root
Apr 11 07:29:17 ovzhost sshd[1583]: Failed password for root from 43.255.190.164 port 55003 ssh2
Apr 11 07:29:17 ovzhost sshd[1579]: message repeated 2 times: [ Failed password for root from 43.255.190.168 port 53096 ssh2]
Apr 11 07:29:18 ovzhost sshd[1579]: Received disconnect from 43.255.190.168: 11:  [preauth]
Apr 11 07:29:18 ovzhost sshd[1579]: PAM 2 more authentication failures; logname= uid=0 euid=0 tty=ssh ruser= rhost=43.255.190.168  user=root
Apr 11 07:29:19 ovzhost sshd[1585]: pam_unix(sshd:auth): authentication failure; logname= uid=0 euid=0 tty=ssh ruser= rhost=43.255.190.168  user=root
Apr 11 07:29:21 ovzhost sshd[1585]: Failed password for root from 43.255.190.168 port 39825 ssh2
Apr 11 07:29:21 ovzhost sshd[1583]: message repeated 2 times: [ Failed password for root from 43.255.190.164 port 55003 ssh2]
Apr 11 07:29:21 ovzhost sshd[1583]: Received disconnect from 43.255.190.164: 11:  [preauth]
Apr 11 07:29:21 ovzhost sshd[1583]: PAM 2 more authentication failures; logname= uid=0 euid=0 tty=ssh ruser= rhost=43.255.190.164  user=root
Apr 11 07:29:21 ovzhost sshd[1587]: pam_unix(sshd:auth): authentication failure; logname= uid=0 euid=0 tty=ssh ruser= rhost=43.255.190.164  user=root
Apr 11 07:29:23 ovzhost sshd[1587]: Failed password for root from 43.255.190.164 port 46924 ssh2
Apr 11 07:29:24 ovzhost sshd[1585]: message repeated 2 times: [ Failed password for root from 43.255.190.168 port 39825 ssh2]
Apr 11 07:29:24 ovzhost sshd[1585]: Received disconnect from 43.255.190.168: 11:  [preauth]
Apr 11 07:29:24 ovzhost sshd[1585]: PAM 2 more authentication failures; logname= uid=0 euid=0 tty=ssh ruser= rhost=43.255.190.168  user=root
Apr 11 07:29:25 ovzhost sshd[1589]: pam_unix(sshd:auth): authentication failure; logname= uid=0 euid=0 tty=ssh ruser= rhost=43.255.190.168  user=root
Apr 11 07:29:26 ovzhost sshd[1589]: Failed password for root from 43.255.190.168 port 53518 ssh2
Apr 11 07:29:26 ovzhost sshd[1587]: message repeated 2 times: [ Failed password for root from 43.255.190.164 port 46924 ssh2]
Apr 11 07:29:27 ovzhost sshd[1587]: Received disconnect from 43.255.190.164: 11:  [preauth]
Apr 11 07:29:27 ovzhost sshd[1587]: PAM 2 more authentication failures; logname= uid=0 euid=0 tty=ssh ruser= rhost=43.255.190.164  user=root
Apr 11 07:29:27 ovzhost sshd[1591]: pam_unix(sshd:auth): authentication failure; logname= uid=0 euid=0 tty=ssh ruser= rhost=43.255.190.164  user=root
Apr 11 07:29:29 ovzhost sshd[1591]: Failed password for root from 43.255.190.164 port 60871 ssh2
Apr 11 07:29:31 ovzhost sshd[1589]: message repeated 2 times: [ Failed password for root from 43.255.190.168 port 53518 ssh2]
Apr 11 07:29:31 ovzhost sshd[1589]: Received disconnect from 43.255.190.168: 11:  [preauth]
Apr 11 07:29:31 ovzhost sshd[1589]: PAM 2 more authentication failures; logname= uid=0 euid=0 tty=ssh ruser= rhost=43.255.190.168  user=root
Apr 11 07:29:31 ovzhost sshd[1593]: pam_unix(sshd:auth): authentication failure; logname= uid=0 euid=0 tty=ssh ruser= rhost=43.255.190.168  user=root
Apr 11 07:29:33 ovzhost sshd[1593]: Failed password for root from 43.255.190.168 port 39909 ssh2
Apr 11 07:29:33 ovzhost sshd[1591]: message repeated 2 times: [ Failed password for root from 43.255.190.164 port 60871 ssh2]
Apr 11 07:29:33 ovzhost sshd[1591]: Received disconnect from 43.255.190.164: 11:  [preauth]
Apr 11 07:29:33 ovzhost sshd[1591]: PAM 2 more authentication failures; logname= uid=0 euid=0 tty=ssh ruser= rhost=43.255.190.164  user=root
Apr 11 07:29:34 ovzhost sshd[1595]: pam_unix(sshd:auth): authentication failure; logname= uid=0 euid=0 tty=ssh ruser= rhost=43.255.190.164  user=root
Apr 11 07:29:36 ovzhost sshd[1595]: Failed password for root from 43.255.190.164 port 48376 ssh2
Apr 11 07:29:36 ovzhost sshd[1593]: message repeated 2 times: [ Failed password for root from 43.255.190.168 port 39909 ssh2]
Apr 11 07:29:36 ovzhost sshd[1593]: Received disconnect from 43.255.190.168: 11:  [preauth]
Apr 11 07:29:36 ovzhost sshd[1593]: PAM 2 more authentication failures; logname= uid=0 euid=0 tty=ssh ruser= rhost=43.255.190.168  user=root
Apr 11 07:29:37 ovzhost sshd[1597]: pam_unix(sshd:auth): authentication failure; logname= uid=0 euid=0 tty=ssh ruser= rhost=43.255.190.168  user=root
Apr 11 07:29:39 ovzhost sshd[1597]: Failed password for root from 43.255.190.168 port 52119 ssh2
Apr 11 07:29:39 ovzhost sshd[1595]: message repeated 2 times: [ Failed password for root from 43.255.190.164 port 48376 ssh2]
Apr 11 07:29:39 ovzhost sshd[1595]: Received disconnect from 43.255.190.164: 11:  [preauth]
Apr 11 07:29:39 ovzhost sshd[1595]: PAM 2 more authentication failures; logname= uid=0 euid=0 tty=ssh ruser= rhost=43.255.190.164  user=root
Apr 11 07:29:43 ovzhost sshd[1597]: message repeated 2 times: [ Failed password for root from 43.255.190.168 port 52119 ssh2]
Apr 11 07:29:43 ovzhost sshd[1597]: Received disconnect from 43.255.190.168: 11:  [preauth]
Apr 11 07:29:43 ovzhost sshd[1597]: PAM 2 more authentication failures; logname= uid=0 euid=0 tty=ssh ruser= rhost=43.255.190.168  user=root
Apr 11 07:29:45 ovzhost sshd[1602]: pam_unix(sshd:auth): authentication failure; logname= uid=0 euid=0 tty=ssh ruser= rhost=43.255.190.168  user=root
Apr 11 07:29:47 ovzhost sshd[1602]: Failed password for root from 43.255.190.168 port 37969 ssh2
Apr 11 07:29:48 ovzhost sshd[1600]: pam_unix(sshd:auth): authentication failure; logname= uid=0 euid=0 tty=ssh ruser= rhost=43.255.190.164  user=root
Apr 11 07:29:49 ovzhost sshd[1600]: Failed password for root from 43.255.190.164 port 36057 ssh2
Apr 11 07:29:52 ovzhost sshd[1602]: message repeated 2 times: [ Failed password for root from 43.255.190.168 port 37969 ssh2]
Apr 11 07:29:52 ovzhost sshd[1602]: Received disconnect from 43.255.190.168: 11:  [preauth]
Apr 11 07:29:52 ovzhost sshd[1602]: PAM 2 more authentication failures; logname= uid=0 euid=0 tty=ssh ruser= rhost=43.255.190.168  user=root
Apr 11 07:29:52 ovzhost sshd[1604]: pam_unix(sshd:auth): authentication failure; logname= uid=0 euid=0 tty=ssh ruser= rhost=43.255.190.168  user=root
Apr 11 07:29:54 ovzhost sshd[1600]: message repeated 2 times: [ Failed password for root from 43.255.190.164 port 36057 ssh2]
Apr 11 07:29:54 ovzhost sshd[1600]: Received disconnect from 43.255.190.164: 11:  [preauth]
Apr 11 07:29:54 ovzhost sshd[1600]: PAM 2 more authentication failures; logname= uid=0 euid=0 tty=ssh ruser= rhost=43.255.190.164  user=root
Apr 11 07:29:54 ovzhost sshd[1604]: Failed password for root from 43.255.190.168 port 57411 ssh2
Apr 11 07:29:54 ovzhost sshd[1606]: pam_unix(sshd:auth): authentication failure; logname= uid=0 euid=0 tty=ssh ruser= rhost=43.255.190.164  user=root
