Apr  2 14:31:44 ovzhost sshd[780]: Connection closed by 127.0.0.1 [preauth]
Apr  2 14:35:40 ovzhost sshd[811]: Connection closed by 128.8.37.120 [preauth]
Apr  2 14:36:44 ovzhost sshd[820]: Connection closed by 127.0.0.1 [preauth]
Apr 11 06:39:01 ovzhost CRON[792]: pam_env(cron:session): Unable to open env file: /etc/default/locale: No such file or directory
Apr 11 06:39:01 ovzhost CRON[792]: pam_unix(cron:session): session opened for user root by (uid=0)
Apr 11 06:39:02 ovzhost CRON[792]: pam_unix(cron:session): session closed for user root
Apr 11 06:39:14 ovzhost sshd[805]: reverse mapping checking getaddrinfo for 153-127-166-207-ptr.centennialpr.net [207.166.127.153] failed - POSSIBLE BREAK-IN ATTEMPT!
Apr 11 06:39:14 ovzhost sshd[805]: pam_unix(sshd:auth): authentication failure; logname= uid=0 euid=0 tty=ssh ruser= rhost=207.166.127.153  user=root
Apr 11 06:39:16 ovzhost sshd[805]: Failed password for root from 207.166.127.153 port 40866 ssh2
Apr 11 06:39:18 ovzhost sshd[805]: Failed password for root from 207.166.127.153 port 40866 ssh2
Apr 11 06:39:18 ovzhost sshd[805]: Connection closed by 207.166.127.153 [preauth]
Apr 11 06:39:18 ovzhost sshd[805]: PAM 1 more authentication failure; logname= uid=0 euid=0 tty=ssh ruser= rhost=207.166.127.153  user=root
Apr 11 06:40:01 ovzhost CRON[808]: pam_env(cron:session): Unable to open env file: /etc/default/locale: No such file or directory
Apr 11 06:40:01 ovzhost CRON[808]: pam_unix(cron:session): session opened for user smmsp by (uid=0)
Apr 11 06:40:01 ovzhost CRON[808]: pam_unix(cron:session): session closed for user smmsp
Apr 11 06:40:08 ovzhost sshd[835]: Connection closed by 127.0.0.1 [preauth]
Apr 11 06:40:44 ovzhost sshd[839]: Connection closed by 128.8.37.120 [preauth]
Apr 11 06:45:08 ovzhost sshd[857]: Connection closed by 127.0.0.1 [preauth]
Apr 11 06:49:48 ovzhost sshd[879]: Invalid user zabbix from 221.146.74.146
Apr 11 06:49:48 ovzhost sshd[879]: input_userauth_request: invalid user zabbix [preauth]
Apr 11 06:49:48 ovzhost sshd[879]: pam_unix(sshd:auth): check pass; user unknown
Apr 11 06:49:48 ovzhost sshd[879]: pam_unix(sshd:auth): authentication failure; logname= uid=0 euid=0 tty=ssh ruser= rhost=221.146.74.146 
Apr 11 06:49:49 ovzhost sshd[879]: Failed password for invalid user zabbix from 221.146.74.146 port 46476 ssh2
Apr 11 06:49:49 ovzhost sshd[879]: Connection closed by 221.146.74.146 [preauth]
Apr 11 06:50:08 ovzhost sshd[882]: Connection closed by 127.0.0.1 [preauth]
Apr 11 06:50:44 ovzhost sshd[886]: Connection closed by 128.8.37.120 [preauth]
Apr 11 06:55:08 ovzhost sshd[904]: Connection closed by 127.0.0.1 [preauth]
Apr 11 06:58:29 ovzhost sshd[921]: pam_unix(sshd:auth): authentication failure; logname= uid=0 euid=0 tty=ssh ruser= rhost=43.255.190.165  user=root
Apr 11 06:58:31 ovzhost sshd[921]: Failed password for root from 43.255.190.165 port 48825 ssh2
Apr 11 06:58:34 ovzhost sshd[923]: pam_unix(sshd:auth): authentication failure; logname= uid=0 euid=0 tty=ssh ruser= rhost=43.255.190.165  user=root
Apr 11 06:58:35 ovzhost sshd[921]: message repeated 2 times: [ Failed password for root from 43.255.190.165 port 48825 ssh2]
Apr 11 06:58:35 ovzhost sshd[921]: Received disconnect from 43.255.190.165: 11:  [preauth]
Apr 11 06:58:35 ovzhost sshd[921]: PAM 2 more authentication failures; logname= uid=0 euid=0 tty=ssh ruser= rhost=43.255.190.165  user=root
Apr 11 06:58:36 ovzhost sshd[925]: pam_unix(sshd:auth): authentication failure; logname= uid=0 euid=0 tty=ssh ruser= rhost=43.255.190.165  user=root
Apr 11 06:58:36 ovzhost sshd[923]: Failed password for root from 43.255.190.165 port 33980 ssh2
Apr 11 06:58:38 ovzhost sshd[925]: Failed password for root from 43.255.190.165 port 37044 ssh2
Apr 11 06:58:40 ovzhost sshd[923]: message repeated 2 times: [ Failed password for root from 43.255.190.165 port 33980 ssh2]
Apr 11 06:58:40 ovzhost sshd[923]: Received disconnect from 43.255.190.165: 11:  [preauth]
Apr 11 06:58:40 ovzhost sshd[923]: PAM 2 more authentication failures; logname= uid=0 euid=0 tty=ssh ruser= rhost=43.255.190.165  user=root
Apr 11 06:58:41 ovzhost sshd[927]: pam_unix(sshd:auth): authentication failure; logname= uid=0 euid=0 tty=ssh ruser= rhost=43.255.190.165  user=root
Apr 11 06:58:42 ovzhost sshd[925]: message repeated 2 times: [ Failed password for root from 43.255.190.165 port 37044 ssh2]
Apr 11 06:58:42 ovzhost sshd[925]: Received disconnect from 43.255.190.165: 11:  [preauth]
Apr 11 06:58:42 ovzhost sshd[925]: PAM 2 more authentication failures; logname= uid=0 euid=0 tty=ssh ruser= rhost=43.255.190.165  user=root
Apr 11 06:58:43 ovzhost sshd[931]: pam_unix(sshd:auth): authentication failure; logname= uid=0 euid=0 tty=ssh ruser= rhost=43.255.190.165  user=root
Apr 11 06:58:43 ovzhost sshd[927]: Failed password for root from 43.255.190.165 port 50116 ssh2
Apr 11 06:58:45 ovzhost sshd[931]: Failed password for root from 43.255.190.165 port 54660 ssh2
Apr 11 06:58:47 ovzhost sshd[927]: message repeated 2 times: [ Failed password for root from 43.255.190.165 port 50116 ssh2]
Apr 11 06:58:47 ovzhost sshd[927]: Received disconnect from 43.255.190.165: 11:  [preauth]
Apr 11 06:58:47 ovzhost sshd[927]: PAM 2 more authentication failures; logname= uid=0 euid=0 tty=ssh ruser= rhost=43.255.190.165  user=root
Apr 11 06:58:48 ovzhost sshd[933]: pam_unix(sshd:auth): authentication failure; logname= uid=0 euid=0 tty=ssh ruser= rhost=43.255.190.165  user=root
Apr 11 06:58:49 ovzhost sshd[931]: message repeated 2 times: [ Failed password for root from 43.255.190.165 port 54660 ssh2]
Apr 11 06:58:49 ovzhost sshd[931]: Received disconnect from 43.255.190.165: 11:  [preauth]
Apr 11 06:58:49 ovzhost sshd[931]: PAM 2 more authentication failures; logname= uid=0 euid=0 tty=ssh ruser= rhost=43.255.190.165  user=root
Apr 11 06:58:50 ovzhost sshd[935]: pam_unix(sshd:auth): authentication failure; logname= uid=0 euid=0 tty=ssh ruser= rhost=43.255.190.165  user=root
Apr 11 06:58:50 ovzhost sshd[933]: Failed password for root from 43.255.190.165 port 39984 ssh2
Apr 11 06:58:52 ovzhost sshd[935]: Failed password for root from 43.255.190.165 port 44076 ssh2
Apr 11 06:58:54 ovzhost sshd[933]: message repeated 2 times: [ Failed password for root from 43.255.190.165 port 39984 ssh2]
Apr 11 06:58:55 ovzhost sshd[933]: Received disconnect from 43.255.190.165: 11:  [preauth]
Apr 11 06:58:55 ovzhost sshd[933]: PAM 2 more authentication failures; logname= uid=0 euid=0 tty=ssh ruser= rhost=43.255.190.165  user=root
Apr 11 06:58:55 ovzhost sshd[937]: pam_unix(sshd:auth): authentication failure; logname= uid=0 euid=0 tty=ssh ruser= rhost=43.255.190.165  user=root
Apr 11 06:58:56 ovzhost sshd[935]: message repeated 2 times: [ Failed password for root from 43.255.190.165 port 44076 ssh2]
Apr 11 06:58:56 ovzhost sshd[935]: Received disconnect from 43.255.190.165: 11:  [preauth]
Apr 11 06:58:56 ovzhost sshd[935]: PAM 2 more authentication failures; logname= uid=0 euid=0 tty=ssh ruser= rhost=43.255.190.165  user=root
Apr 11 06:58:56 ovzhost sshd[939]: pam_unix(sshd:auth): authentication failure; logname= uid=0 euid=0 tty=ssh ruser= rhost=43.255.190.165  user=root
Apr 11 06:58:57 ovzhost sshd[937]: Failed password for root from 43.255.190.165 port 56699 ssh2
Apr 11 06:58:58 ovzhost sshd[939]: Failed password for root from 43.255.190.165 port 60504 ssh2
Apr 11 06:59:02 ovzhost sshd[937]: message repeated 2 times: [ Failed password for root from 43.255.190.165 port 56699 ssh2]
Apr 11 06:59:02 ovzhost sshd[937]: Received disconnect from 43.255.190.165: 11:  [preauth]
Apr 11 06:59:02 ovzhost sshd[937]: PAM 2 more authentication failures; logname= uid=0 euid=0 tty=ssh ruser= rhost=43.255.190.165  user=root
Apr 11 06:59:02 ovzhost sshd[939]: message repeated 2 times: [ Failed password for root from 43.255.190.165 port 60504 ssh2]
Apr 11 06:59:03 ovzhost sshd[939]: Received disconnect from 43.255.190.165: 11:  [preauth]
Apr 11 06:59:03 ovzhost sshd[939]: PAM 2 more authentication failures; logname= uid=0 euid=0 tty=ssh ruser= rhost=43.255.190.165  user=root
Apr 11 06:59:04 ovzhost sshd[941]: pam_unix(sshd:auth): authentication failure; logname= uid=0 euid=0 tty=ssh ruser= rhost=43.255.190.165  user=root
Apr 11 06:59:05 ovzhost sshd[943]: pam_unix(sshd:auth): authentication failure; logname= uid=0 euid=0 tty=ssh ruser= rhost=43.255.190.165  user=root
Apr 11 06:59:06 ovzhost sshd[941]: Failed password for root from 43.255.190.165 port 45115 ssh2
Apr 11 06:59:07 ovzhost sshd[943]: Failed password for root from 43.255.190.165 port 48782 ssh2
Apr 11 06:59:10 ovzhost sshd[941]: message repeated 2 times: [ Failed password for root from 43.255.190.165 port 45115 ssh2]
Apr 11 06:59:10 ovzhost sshd[941]: Received disconnect from 43.255.190.165: 11:  [preauth]
Apr 11 06:59:10 ovzhost sshd[941]: PAM 2 more authentication failures; logname= uid=0 euid=0 tty=ssh ruser= rhost=43.255.190.165  user=root
Apr 11 06:59:10 ovzhost sshd[945]: pam_unix(sshd:auth): authentication failure; logname= uid=0 euid=0 tty=ssh ruser= rhost=43.255.190.165  user=root
Apr 11 06:59:11 ovzhost sshd[943]: message repeated 2 times: [ Failed password for root from 43.255.190.165 port 48782 ssh2]
Apr 11 06:59:11 ovzhost sshd[943]: Received disconnect from 43.255.190.165: 11:  [preauth]
Apr 11 06:59:11 ovzhost sshd[943]: PAM 2 more authentication failures; logname= uid=0 euid=0 tty=ssh ruser= rhost=43.255.190.165  user=root
Apr 11 06:59:12 ovzhost sshd[947]: pam_unix(sshd:auth): authentication failure; logname= uid=0 euid=0 tty=ssh ruser= rhost=43.255.190.165  user=root
Apr 11 06:59:12 ovzhost sshd[945]: Failed password for root from 43.255.190.165 port 36239 ssh2
Apr 11 06:59:14 ovzhost sshd[947]: Failed password for root from 43.255.190.165 port 40287 ssh2
Apr 11 06:59:16 ovzhost sshd[945]: message repeated 2 times: [ Failed password for root from 43.255.190.165 port 36239 ssh2]
Apr 11 06:59:16 ovzhost sshd[945]: Received disconnect from 43.255.190.165: 11:  [preauth]
Apr 11 06:59:16 ovzhost sshd[945]: PAM 2 more authentication failures; logname= uid=0 euid=0 tty=ssh ruser= rhost=43.255.190.165  user=root
Apr 11 06:59:16 ovzhost sshd[951]: pam_unix(sshd:auth): authentication failure; logname= uid=0 euid=0 tty=ssh ruser= rhost=43.255.190.165  user=root
Apr 11 06:59:17 ovzhost sshd[947]: message repeated 2 times: [ Failed password for root from 43.255.190.165 port 40287 ssh2]
Apr 11 06:59:17 ovzhost sshd[947]: Received disconnect from 43.255.190.165: 11:  [preauth]
Apr 11 06:59:17 ovzhost sshd[947]: PAM 2 more authentication failures; logname= uid=0 euid=0 tty=ssh ruser= rhost=43.255.190.165  user=root
Apr 11 06:59:18 ovzhost sshd[953]: pam_unix(sshd:auth): authentication failure; logname= uid=0 euid=0 tty=ssh ruser= rhost=43.255.190.165  user=root
Apr 11 06:59:19 ovzhost sshd[951]: Failed password for root from 43.255.190.165 port 52216 ssh2
Apr 11 06:59:20 ovzhost sshd[953]: Failed password for root from 43.255.190.165 port 55439 ssh2
Apr 11 06:59:23 ovzhost sshd[951]: message repeated 2 times: [ Failed password for root from 43.255.190.165 port 52216 ssh2]
Apr 11 06:59:23 ovzhost sshd[951]: Received disconnect from 43.255.190.165: 11:  [preauth]
Apr 11 06:59:23 ovzhost sshd[951]: PAM 2 more authentication failures; logname= uid=0 euid=0 tty=ssh ruser= rhost=43.255.190.165  user=root
Apr 11 06:59:24 ovzhost sshd[955]: pam_unix(sshd:auth): authentication failure; logname= uid=0 euid=0 tty=ssh ruser= rhost=43.255.190.165  user=root
Apr 11 06:59:24 ovzhost sshd[953]: message repeated 2 times: [ Failed password for root from 43.255.190.165 port 55439 ssh2]
Apr 11 06:59:24 ovzhost sshd[953]: Received disconnect from 43.255.190.165: 11:  [preauth]
Apr 11 06:59:24 ovzhost sshd[953]: PAM 2 more authentication failures; logname= uid=0 euid=0 tty=ssh ruser= rhost=43.255.190.165  user=root
Apr 11 06:59:25 ovzhost sshd[955]: Failed password for root from 43.255.190.165 port 41173 ssh2
Apr 11 06:59:27 ovzhost sshd[957]: pam_unix(sshd:auth): authentication failure; logname= uid=0 euid=0 tty=ssh ruser= rhost=43.255.190.165  user=root
Apr 11 06:59:29 ovzhost sshd[957]: Failed password for root from 43.255.190.165 port 43853 ssh2
Apr 11 06:59:30 ovzhost sshd[955]: message repeated 2 times: [ Failed password for root from 43.255.190.165 port 41173 ssh2]
Apr 11 06:59:30 ovzhost sshd[955]: Received disconnect from 43.255.190.165: 11:  [preauth]
Apr 11 06:59:30 ovzhost sshd[955]: PAM 2 more authentication failures; logname= uid=0 euid=0 tty=ssh ruser= rhost=43.255.190.165  user=root
Apr 11 06:59:31 ovzhost sshd[959]: pam_unix(sshd:auth): authentication failure; logname= uid=0 euid=0 tty=ssh ruser= rhost=43.255.190.165  user=root
Apr 11 06:59:33 ovzhost sshd[959]: Failed password for root from 43.255.190.165 port 57066 ssh2
Apr 11 06:59:33 ovzhost sshd[957]: message repeated 2 times: [ Failed password for root from 43.255.190.165 port 43853 ssh2]
Apr 11 06:59:33 ovzhost sshd[957]: Received disconnect from 43.255.190.165: 11:  [preauth]
Apr 11 06:59:33 ovzhost sshd[957]: PAM 2 more authentication failures; logname= uid=0 euid=0 tty=ssh ruser= rhost=43.255.190.165  user=root
Apr 11 06:59:34 ovzhost sshd[961]: pam_unix(sshd:auth): authentication failure; logname= uid=0 euid=0 tty=ssh ruser= rhost=43.255.190.165  user=root
Apr 11 06:59:36 ovzhost sshd[961]: Failed password for root from 43.255.190.165 port 36506 ssh2
Apr 11 06:59:37 ovzhost sshd[959]: message repeated 2 times: [ Failed password for root from 43.255.190.165 port 57066 ssh2]
Apr 11 06:59:37 ovzhost sshd[959]: Received disconnect from 43.255.190.165: 11:  [preauth]
Apr 11 06:59:37 ovzhost sshd[959]: PAM 2 more authentication failures; logname= uid=0 euid=0 tty=ssh ruser= rhost=43.255.190.165  user=root
Apr 11 06:59:38 ovzhost sshd[963]: pam_unix(sshd:auth): authentication failure; logname= uid=0 euid=0 tty=ssh ruser= rhost=43.255.190.165  user=root
Apr 11 06:59:40 ovzhost sshd[963]: Failed password for root from 43.255.190.165 port 46143 ssh2
Apr 11 06:59:40 ovzhost sshd[961]: message repeated 2 times: [ Failed password for root from 43.255.190.165 port 36506 ssh2]
Apr 11 06:59:40 ovzhost sshd[961]: Received disconnect from 43.255.190.165: 11:  [preauth]
Apr 11 06:59:40 ovzhost sshd[961]: PAM 2 more authentication failures; logname= uid=0 euid=0 tty=ssh ruser= rhost=43.255.190.165  user=root
Apr 11 06:59:41 ovzhost sshd[965]: pam_unix(sshd:auth): authentication failure; logname= uid=0 euid=0 tty=ssh ruser= rhost=43.255.190.165  user=root
Apr 11 06:59:43 ovzhost sshd[965]: Failed password for root from 43.255.190.165 port 53200 ssh2
Apr 11 06:59:44 ovzhost sshd[963]: message repeated 2 times: [ Failed password for root from 43.255.190.165 port 46143 ssh2]
Apr 11 06:59:44 ovzhost sshd[963]: Received disconnect from 43.255.190.165: 11:  [preauth]
Apr 11 06:59:44 ovzhost sshd[963]: PAM 2 more authentication failures; logname= uid=0 euid=0 tty=ssh ruser= rhost=43.255.190.165  user=root
Apr 11 06:59:45 ovzhost sshd[968]: pam_unix(sshd:auth): authentication failure; logname= uid=0 euid=0 tty=ssh ruser= rhost=43.255.190.165  user=root
Apr 11 06:59:47 ovzhost sshd[968]: Failed password for root from 43.255.190.165 port 34989 ssh2
Apr 11 06:59:47 ovzhost sshd[965]: message repeated 2 times: [ Failed password for root from 43.255.190.165 port 53200 ssh2]
Apr 11 06:59:47 ovzhost sshd[965]: Received disconnect from 43.255.190.165: 11:  [preauth]
Apr 11 06:59:47 ovzhost sshd[965]: PAM 2 more authentication failures; logname= uid=0 euid=0 tty=ssh ruser= rhost=43.255.190.165  user=root
Apr 11 06:59:48 ovzhost sshd[970]: pam_unix(sshd:auth): authentication failure; logname= uid=0 euid=0 tty=ssh ruser= rhost=43.255.190.165  user=root
Apr 11 06:59:49 ovzhost sshd[970]: Failed password for root from 43.255.190.165 port 41803 ssh2
Apr 11 06:59:51 ovzhost sshd[968]: message repeated 2 times: [ Failed password for root from 43.255.190.165 port 34989 ssh2]
Apr 11 06:59:52 ovzhost sshd[968]: Received disconnect from 43.255.190.165: 11:  [preauth]
Apr 11 06:59:52 ovzhost sshd[968]: PAM 2 more authentication failures; logname= uid=0 euid=0 tty=ssh ruser= rhost=43.255.190.165  user=root
Apr 11 06:59:53 ovzhost sshd[972]: pam_unix(sshd:auth): authentication failure; logname= uid=0 euid=0 tty=ssh ruser= rhost=43.255.190.165  user=root
Apr 11 06:59:54 ovzhost sshd[970]: message repeated 2 times: [ Failed password for root from 43.255.190.165 port 41803 ssh2]
Apr 11 06:59:54 ovzhost sshd[970]: Received disconnect from 43.255.190.165: 11:  [preauth]
Apr 11 06:59:54 ovzhost sshd[970]: PAM 2 more authentication failures; logname= uid=0 euid=0 tty=ssh ruser= rhost=43.255.190.165  user=root
Apr 11 06:59:55 ovzhost sshd[974]: pam_unix(sshd:auth): authentication failure; logname= uid=0 euid=0 tty=ssh ruser= rhost=43.255.190.165  user=root
Apr 11 06:59:56 ovzhost sshd[972]: Failed password for root from 43.255.190.165 port 53065 ssh2
Apr 11 06:59:57 ovzhost sshd[974]: Failed password for root from 43.255.190.165 port 57803 ssh2
Apr 11 07:00:01 ovzhost CRON[976]: pam_env(cron:session): Unable to open env file: /etc/default/locale: No such file or directory
Apr 11 07:00:01 ovzhost CRON[976]: pam_unix(cron:session): session opened for user smmsp by (uid=0)
Apr 11 07:00:01 ovzhost sshd[972]: message repeated 2 times: [ Failed password for root from 43.255.190.165 port 53065 ssh2]
Apr 11 07:00:01 ovzhost sshd[972]: Received disconnect from 43.255.190.165: 11:  [preauth]
Apr 11 07:00:01 ovzhost sshd[972]: PAM 2 more authentication failures; logname= uid=0 euid=0 tty=ssh ruser= rhost=43.255.190.165  user=root
Apr 11 07:00:01 ovzhost CRON[976]: pam_unix(cron:session): session closed for user smmsp
Apr 11 07:00:01 ovzhost sshd[974]: message repeated 2 times: [ Failed password for root from 43.255.190.165 port 57803 ssh2]
Apr 11 07:00:01 ovzhost sshd[974]: Received disconnect from 43.255.190.165: 11:  [preauth]
Apr 11 07:00:01 ovzhost sshd[974]: PAM 2 more authentication failures; logname= uid=0 euid=0 tty=ssh ruser= rhost=43.255.190.165  user=root
Apr 11 07:00:01 ovzhost sshd[1001]: pam_unix(sshd:auth): authentication failure; logname= uid=0 euid=0 tty=ssh ruser= rhost=43.255.190.165  user=root
Apr 11 07:00:01 ovzhost sshd[1003]: pam_unix(sshd:auth): authentication failure; logname= uid=0 euid=0 tty=ssh ruser= rhost=43.255.190.165  user=root
Apr 11 07:00:03 ovzhost sshd[1001]: Failed password for root from 43.255.190.165 port 43444 ssh2
Apr 11 07:00:04 ovzhost sshd[1003]: Failed password for root from 43.255.190.165 port 44690 ssh2
Apr 11 07:00:07 ovzhost sshd[1001]: message repeated 2 times: [ Failed password for root from 43.255.190.165 port 43444 ssh2]
Apr 11 07:00:08 ovzhost sshd[1001]: Received disconnect from 43.255.190.165: 11:  [preauth]
Apr 11 07:00:08 ovzhost sshd[1001]: PAM 2 more authentication failures; logname= uid=0 euid=0 tty=ssh ruser= rhost=43.255.190.165  user=root
Apr 11 07:00:08 ovzhost sshd[1003]: message repeated 2 times: [ Failed password for root from 43.255.190.165 port 44690 ssh2]
Apr 11 07:00:08 ovzhost sshd[1003]: Received disconnect from 43.255.190.165: 11:  [preauth]
Apr 11 07:00:08 ovzhost sshd[1003]: PAM 2 more authentication failures; logname= uid=0 euid=0 tty=ssh ruser= rhost=43.255.190.165  user=root
Apr 11 07:00:08 ovzhost sshd[1005]: pam_unix(sshd:auth): authentication failure; logname= uid=0 euid=0 tty=ssh ruser= rhost=43.255.190.165  user=root
Apr 11 07:00:08 ovzhost sshd[1007]: pam_unix(sshd:auth): authentication failure; logname= uid=0 euid=0 tty=ssh ruser= rhost=43.255.190.165  user=root
Apr 11 07:00:08 ovzhost sshd[1010]: Connection closed by 127.0.0.1 [preauth]
Apr 11 07:00:10 ovzhost sshd[1005]: Failed password for root from 43.255.190.165 port 60577 ssh2
Apr 11 07:00:11 ovzhost sshd[1007]: Failed password for root from 43.255.190.165 port 60992 ssh2
Apr 11 07:00:15 ovzhost sshd[1005]: message repeated 2 times: [ Failed password for root from 43.255.190.165 port 60577 ssh2]
Apr 11 07:00:15 ovzhost sshd[1005]: Received disconnect from 43.255.190.165: 11:  [preauth]
Apr 11 07:00:15 ovzhost sshd[1005]: PAM 2 more authentication failures; logname= uid=0 euid=0 tty=ssh ruser= rhost=43.255.190.165  user=root
Apr 11 07:00:15 ovzhost sshd[1007]: message repeated 2 times: [ Failed password for root from 43.255.190.165 port 60992 ssh2]
Apr 11 07:00:15 ovzhost sshd[1007]: Received disconnect from 43.255.190.165: 11:  [preauth]
Apr 11 07:00:15 ovzhost sshd[1007]: PAM 2 more authentication failures; logname= uid=0 euid=0 tty=ssh ruser= rhost=43.255.190.165  user=root
Apr 11 07:00:18 ovzhost sshd[1015]: pam_unix(sshd:auth): authentication failure; logname= uid=0 euid=0 tty=ssh ruser= rhost=43.255.190.165  user=root
Apr 11 07:00:19 ovzhost sshd[1013]: pam_unix(sshd:auth): authentication failure; logname= uid=0 euid=0 tty=ssh ruser= rhost=43.255.190.165  user=root
Apr 11 07:00:19 ovzhost sshd[1015]: Failed password for root from 43.255.190.165 port 50249 ssh2
Apr 11 07:00:20 ovzhost sshd[1017]: pam_unix(sshd:auth): authentication failure; logname= uid=0 euid=0 tty=ssh ruser= rhost=221.229.166.98  user=root
Apr 11 07:00:21 ovzhost sshd[1013]: Failed password for root from 43.255.190.165 port 49935 ssh2
Apr 11 07:00:22 ovzhost sshd[1017]: Failed password for root from 221.229.166.98 port 52710 ssh2
Apr 11 07:00:23 ovzhost sshd[1015]: message repeated 2 times: [ Failed password for root from 43.255.190.165 port 50249 ssh2]
Apr 11 07:00:24 ovzhost sshd[1015]: Received disconnect from 43.255.190.165: 11:  [preauth]
Apr 11 07:00:24 ovzhost sshd[1015]: PAM 2 more authentication failures; logname= uid=0 euid=0 tty=ssh ruser= rhost=43.255.190.165  user=root
Apr 11 07:00:24 ovzhost sshd[1019]: pam_unix(sshd:auth): authentication failure; logname= uid=0 euid=0 tty=ssh ruser= rhost=43.255.190.165  user=root
Apr 11 07:00:25 ovzhost sshd[1013]: message repeated 2 times: [ Failed password for root from 43.255.190.165 port 49935 ssh2]
Apr 11 07:00:26 ovzhost sshd[1013]: Received disconnect from 43.255.190.165: 11:  [preauth]
Apr 11 07:00:26 ovzhost sshd[1013]: PAM 2 more authentication failures; logname= uid=0 euid=0 tty=ssh ruser= rhost=43.255.190.165  user=root
Apr 11 07:00:26 ovzhost sshd[1019]: Failed password for root from 43.255.190.165 port 40257 ssh2
Apr 11 07:00:26 ovzhost sshd[1021]: pam_unix(sshd:auth): authentication failure; logname= uid=0 euid=0 tty=ssh ruser= rhost=43.255.190.165  user=root
Apr 11 07:00:27 ovzhost sshd[1017]: message repeated 2 times: [ Failed password for root from 221.229.166.98 port 52710 ssh2]
Apr 11 07:00:27 ovzhost sshd[1017]: Received disconnect from 221.229.166.98: 11:  [preauth]
Apr 11 07:00:27 ovzhost sshd[1017]: PAM 2 more authentication failures; logname= uid=0 euid=0 tty=ssh ruser= rhost=221.229.166.98  user=root
Apr 11 07:00:28 ovzhost sshd[1021]: Failed password for root from 43.255.190.165 port 44977 ssh2
Apr 11 07:00:31 ovzhost sshd[1019]: message repeated 2 times: [ Failed password for root from 43.255.190.165 port 40257 ssh2]
Apr 11 07:00:31 ovzhost sshd[1019]: Received disconnect from 43.255.190.165: 11:  [preauth]
Apr 11 07:00:31 ovzhost sshd[1019]: PAM 2 more authentication failures; logname= uid=0 euid=0 tty=ssh ruser= rhost=43.255.190.165  user=root
Apr 11 07:00:31 ovzhost sshd[1025]: pam_unix(sshd:auth): authentication failure; logname= uid=0 euid=0 tty=ssh ruser= rhost=43.255.190.165  user=root
Apr 11 07:00:32 ovzhost sshd[1023]: pam_unix(sshd:auth): authentication failure; logname= uid=0 euid=0 tty=ssh ruser= rhost=221.229.166.98  user=root
Apr 11 07:00:33 ovzhost sshd[1021]: message repeated 2 times: [ Failed password for root from 43.255.190.165 port 44977 ssh2]
Apr 11 07:00:33 ovzhost sshd[1021]: Received disconnect from 43.255.190.165: 11:  [preauth]
Apr 11 07:00:33 ovzhost sshd[1021]: PAM 2 more authentication failures; logname= uid=0 euid=0 tty=ssh ruser= rhost=43.255.190.165  user=root
Apr 11 07:00:34 ovzhost sshd[1025]: Failed password for root from 43.255.190.165 port 57552 ssh2
Apr 11 07:00:34 ovzhost sshd[1027]: pam_unix(sshd:auth): authentication failure; logname= uid=0 euid=0 tty=ssh ruser= rhost=43.255.190.165  user=root
Apr 11 07:00:34 ovzhost sshd[1023]: Failed password for root from 221.229.166.98 port 44627 ssh2
Apr 11 07:00:36 ovzhost sshd[1027]: Failed password for root from 43.255.190.165 port 34560 ssh2
Apr 11 07:00:38 ovzhost sshd[1025]: message repeated 2 times: [ Failed password for root from 43.255.190.165 port 57552 ssh2]
Apr 11 07:00:38 ovzhost sshd[1025]: Received disconnect from 43.255.190.165: 11:  [preauth]
Apr 11 07:00:38 ovzhost sshd[1025]: PAM 2 more authentication failures; logname= uid=0 euid=0 tty=ssh ruser= rhost=43.255.190.165  user=root
Apr 11 07:00:39 ovzhost sshd[1029]: pam_unix(sshd:auth): authentication failure; logname= uid=0 euid=0 tty=ssh ruser= rhost=43.255.190.165  user=root
Apr 11 07:00:39 ovzhost sshd[1023]: message repeated 2 times: [ Failed password for root from 221.229.166.98 port 44627 ssh2]
Apr 11 07:00:39 ovzhost sshd[1023]: Received disconnect from 221.229.166.98: 11:  [preauth]
Apr 11 07:00:39 ovzhost sshd[1023]: PAM 2 more authentication failures; logname= uid=0 euid=0 tty=ssh ruser= rhost=221.229.166.98  user=root
Apr 11 07:00:40 ovzhost sshd[1027]: message repeated 2 times: [ Failed password for root from 43.255.190.165 port 34560 ssh2]
Apr 11 07:00:40 ovzhost sshd[1027]: Received disconnect from 43.255.190.165: 11:  [preauth]
Apr 11 07:00:40 ovzhost sshd[1027]: PAM 2 more authentication failures; logname= uid=0 euid=0 tty=ssh ruser= rhost=43.255.190.165  user=root
Apr 11 07:00:41 ovzhost sshd[1029]: Failed password for root from 43.255.190.165 port 46286 ssh2
Apr 11 07:00:41 ovzhost sshd[1033]: pam_unix(sshd:auth): authentication failure; logname= uid=0 euid=0 tty=ssh ruser= rhost=43.255.190.165  user=root
Apr 11 07:00:44 ovzhost sshd[1033]: Failed password for root from 43.255.190.165 port 51312 ssh2
Apr 11 07:00:44 ovzhost sshd[1036]: Connection closed by 128.8.37.120 [preauth]
Apr 11 07:00:46 ovzhost sshd[1029]: message repeated 2 times: [ Failed password for root from 43.255.190.165 port 46286 ssh2]
Apr 11 07:00:46 ovzhost sshd[1029]: Received disconnect from 43.255.190.165: 11:  [preauth]
Apr 11 07:00:46 ovzhost sshd[1029]: PAM 2 more authentication failures; logname= uid=0 euid=0 tty=ssh ruser= rhost=43.255.190.165  user=root
Apr 11 07:00:47 ovzhost sshd[1038]: pam_unix(sshd:auth): authentication failure; logname= uid=0 euid=0 tty=ssh ruser= rhost=43.255.190.165  user=root
Apr 11 07:00:47 ovzhost sshd[1031]: pam_unix(sshd:auth): authentication failure; logname= uid=0 euid=0 tty=ssh ruser= rhost=221.229.166.98  user=root
Apr 11 07:00:48 ovzhost sshd[1033]: message repeated 2 times: [ Failed password for root from 43.255.190.165 port 51312 ssh2]
Apr 11 07:00:48 ovzhost sshd[1033]: Received disconnect from 43.255.190.165: 11:  [preauth]
Apr 11 07:00:48 ovzhost sshd[1033]: PAM 2 more authentication failures; logname= uid=0 euid=0 tty=ssh ruser= rhost=43.255.190.165  user=root
Apr 11 07:00:49 ovzhost sshd[1040]: pam_unix(sshd:auth): authentication failure; logname= uid=0 euid=0 tty=ssh ruser= rhost=43.255.190.165  user=root
Apr 11 07:00:49 ovzhost sshd[1038]: Failed password for root from 43.255.190.165 port 36052 ssh2
Apr 11 07:00:50 ovzhost sshd[1031]: Failed password for root from 221.229.166.98 port 39013 ssh2
Apr 11 07:00:51 ovzhost sshd[1040]: Failed password for root from 43.255.190.165 port 41174 ssh2
Apr 11 07:00:54 ovzhost sshd[1038]: message repeated 2 times: [ Failed password for root from 43.255.190.165 port 36052 ssh2]
Apr 11 07:00:54 ovzhost sshd[1038]: Received disconnect from 43.255.190.165: 11:  [preauth]
Apr 11 07:00:54 ovzhost sshd[1038]: PAM 2 more authentication failures; logname= uid=0 euid=0 tty=ssh ruser= rhost=43.255.190.165  user=root
Apr 11 07:00:56 ovzhost sshd[1040]: message repeated 2 times: [ Failed password for root from 43.255.190.165 port 41174 ssh2]
Apr 11 07:00:56 ovzhost sshd[1040]: Received disconnect from 43.255.190.165: 11:  [preauth]
Apr 11 07:00:56 ovzhost sshd[1040]: PAM 2 more authentication failures; logname= uid=0 euid=0 tty=ssh ruser= rhost=43.255.190.165  user=root
Apr 11 07:00:56 ovzhost sshd[1042]: pam_unix(sshd:auth): authentication failure; logname= uid=0 euid=0 tty=ssh ruser= rhost=43.255.190.165  user=root
Apr 11 07:00:57 ovzhost sshd[1046]: pam_unix(sshd:auth): authentication failure; logname= uid=0 euid=0 tty=ssh ruser= rhost=43.255.190.165  user=root
Apr 11 07:00:57 ovzhost sshd[1031]: Received disconnect from 221.229.166.98: 11:  [preauth]
Apr 11 07:00:58 ovzhost sshd[1042]: Failed password for root from 43.255.190.165 port 53956 ssh2
Apr 11 07:00:59 ovzhost sshd[1046]: Failed password for root from 43.255.190.165 port 58255 ssh2
Apr 11 07:01:01 ovzhost sshd[1048]: pam_unix(sshd:auth): authentication failure; logname= uid=0 euid=0 tty=ssh ruser= rhost=221.229.166.98  user=root
Apr 11 07:01:01 ovzhost sshd[1042]: message repeated 2 times: [ Failed password for root from 43.255.190.165 port 53956 ssh2]
Apr 11 07:01:02 ovzhost sshd[1042]: Received disconnect from 43.255.190.165: 11:  [preauth]
Apr 11 07:01:02 ovzhost sshd[1042]: PAM 2 more authentication failures; logname= uid=0 euid=0 tty=ssh ruser= rhost=43.255.190.165  user=root
Apr 11 07:01:02 ovzhost sshd[1050]: pam_unix(sshd:auth): authentication failure; logname= uid=0 euid=0 tty=ssh ruser= rhost=43.255.190.165  user=root
Apr 11 07:01:03 ovzhost sshd[1048]: Failed password for root from 221.229.166.98 port 42905 ssh2
Apr 11 07:01:03 ovzhost sshd[1046]: message repeated 2 times: [ Failed password for root from 43.255.190.165 port 58255 ssh2]
Apr 11 07:01:04 ovzhost sshd[1046]: Received disconnect from 43.255.190.165: 11:  [preauth]
Apr 11 07:01:04 ovzhost sshd[1046]: PAM 2 more authentication failures; logname= uid=0 euid=0 tty=ssh ruser= rhost=43.255.190.165  user=root
Apr 11 07:01:05 ovzhost sshd[1050]: Failed password for root from 43.255.190.165 port 43333 ssh2
Apr 11 07:01:06 ovzhost sshd[1052]: pam_unix(sshd:auth): authentication failure; logname= uid=0 euid=0 tty=ssh ruser= rhost=43.255.190.165  user=root
Apr 11 07:01:08 ovzhost sshd[1052]: Failed password for root from 43.255.190.165 port 47869 ssh2
Apr 11 07:01:09 ovzhost sshd[1050]: message repeated 2 times: [ Failed password for root from 43.255.190.165 port 43333 ssh2]
Apr 11 07:01:09 ovzhost sshd[1050]: Received disconnect from 43.255.190.165: 11:  [preauth]
Apr 11 07:01:09 ovzhost sshd[1050]: PAM 2 more authentication failures; logname= uid=0 euid=0 tty=ssh ruser= rhost=43.255.190.165  user=root
Apr 11 07:01:10 ovzhost sshd[1054]: pam_unix(sshd:auth): authentication failure; logname= uid=0 euid=0 tty=ssh ruser= rhost=43.255.190.165  user=root
Apr 11 07:01:12 ovzhost sshd[1054]: Failed password for root from 43.255.190.165 port 60656 ssh2
Apr 11 07:01:13 ovzhost sshd[1052]: message repeated 2 times: [ Failed password for root from 43.255.190.165 port 47869 ssh2]
Apr 11 07:01:13 ovzhost sshd[1052]: Received disconnect from 43.255.190.165: 11:  [preauth]
Apr 11 07:01:13 ovzhost sshd[1052]: PAM 2 more authentication failures; logname= uid=0 euid=0 tty=ssh ruser= rhost=43.255.190.165  user=root
Apr 11 07:01:05 ovzhost sshd[1048]: Failed password for root from 221.229.166.98 port 42905 ssh2
Apr 11 07:01:13 ovzhost sshd[1048]: Received disconnect from 221.229.166.98: 11:  [preauth]
Apr 11 07:01:13 ovzhost sshd[1048]: PAM 1 more authentication failure; logname= uid=0 euid=0 tty=ssh ruser= rhost=221.229.166.98  user=root
Apr 11 07:01:13 ovzhost sshd[1056]: pam_unix(sshd:auth): authentication failure; logname= uid=0 euid=0 tty=ssh ruser= rhost=43.255.190.165  user=root
Apr 11 07:01:15 ovzhost sshd[1056]: Failed password for root from 43.255.190.165 port 39887 ssh2
Apr 11 07:01:17 ovzhost sshd[1054]: message repeated 2 times: [ Failed password for root from 43.255.190.165 port 60656 ssh2]
Apr 11 07:01:17 ovzhost sshd[1054]: Received disconnect from 43.255.190.165: 11:  [preauth]
Apr 11 07:01:17 ovzhost sshd[1054]: PAM 2 more authentication failures; logname= uid=0 euid=0 tty=ssh ruser= rhost=43.255.190.165  user=root
Apr 11 07:01:17 ovzhost sshd[1062]: pam_unix(sshd:auth): authentication failure; logname= uid=0 euid=0 tty=ssh ruser= rhost=43.255.190.165  user=root
Apr 11 07:01:19 ovzhost sshd[1062]: Failed password for root from 43.255.190.165 port 49038 ssh2
Apr 11 07:01:20 ovzhost sshd[1056]: message repeated 2 times: [ Failed password for root from 43.255.190.165 port 39887 ssh2]
Apr 11 07:01:20 ovzhost sshd[1056]: Received disconnect from 43.255.190.165: 11:  [preauth]
Apr 11 07:01:20 ovzhost sshd[1056]: PAM 2 more authentication failures; logname= uid=0 euid=0 tty=ssh ruser= rhost=43.255.190.165  user=root
Apr 11 07:01:20 ovzhost sshd[1064]: pam_unix(sshd:auth): authentication failure; logname= uid=0 euid=0 tty=ssh ruser= rhost=43.255.190.165  user=root
Apr 11 07:01:21 ovzhost sshd[1060]: pam_unix(sshd:auth): authentication failure; logname= uid=0 euid=0 tty=ssh ruser= rhost=221.229.166.98  user=root
Apr 11 07:01:22 ovzhost sshd[1064]: Failed password for root from 43.255.190.165 port 55979 ssh2
Apr 11 07:01:23 ovzhost sshd[1062]: message repeated 2 times: [ Failed password for root from 43.255.190.165 port 49038 ssh2]
Apr 11 07:01:23 ovzhost sshd[1062]: Received disconnect from 43.255.190.165: 11:  [preauth]
Apr 11 07:01:23 ovzhost sshd[1062]: PAM 2 more authentication failures; logname= uid=0 euid=0 tty=ssh ruser= rhost=43.255.190.165  user=root
Apr 11 07:01:23 ovzhost sshd[1060]: Failed password for root from 221.229.166.98 port 43514 ssh2
Apr 11 07:01:24 ovzhost sshd[1066]: pam_unix(sshd:auth): authentication failure; logname= uid=0 euid=0 tty=ssh ruser= rhost=43.255.190.165  user=root
Apr 11 07:01:26 ovzhost sshd[1066]: Failed password for root from 43.255.190.165 port 36405 ssh2
Apr 11 07:01:26 ovzhost sshd[1064]: message repeated 2 times: [ Failed password for root from 43.255.190.165 port 55979 ssh2]
Apr 11 07:01:26 ovzhost sshd[1064]: Received disconnect from 43.255.190.165: 11:  [preauth]
Apr 11 07:01:26 ovzhost sshd[1064]: PAM 2 more authentication failures; logname= uid=0 euid=0 tty=ssh ruser= rhost=43.255.190.165  user=root
Apr 11 07:01:27 ovzhost sshd[1068]: pam_unix(sshd:auth): authentication failure; logname= uid=0 euid=0 tty=ssh ruser= rhost=43.255.190.165  user=root
Apr 11 07:01:29 ovzhost sshd[1068]: Failed password for root from 43.255.190.165 port 43605 ssh2
Apr 11 07:01:30 ovzhost sshd[1066]: message repeated 2 times: [ Failed password for root from 43.255.190.165 port 36405 ssh2]
Apr 11 07:01:30 ovzhost sshd[1066]: Received disconnect from 43.255.190.165: 11:  [preauth]
Apr 11 07:01:30 ovzhost sshd[1066]: PAM 2 more authentication failures; logname= uid=0 euid=0 tty=ssh ruser= rhost=43.255.190.165  user=root
Apr 11 07:01:31 ovzhost sshd[1070]: pam_unix(sshd:auth): authentication failure; logname= uid=0 euid=0 tty=ssh ruser= rhost=43.255.190.165  user=root
Apr 11 07:01:32 ovzhost sshd[1070]: Failed password for root from 43.255.190.165 port 52094 ssh2
Apr 11 07:01:33 ovzhost sshd[1068]: message repeated 2 times: [ Failed password for root from 43.255.190.165 port 43605 ssh2]
Apr 11 07:01:33 ovzhost sshd[1068]: Received disconnect from 43.255.190.165: 11:  [preauth]
Apr 11 07:01:33 ovzhost sshd[1068]: PAM 2 more authentication failures; logname= uid=0 euid=0 tty=ssh ruser= rhost=43.255.190.165  user=root
Apr 11 07:01:33 ovzhost sshd[1072]: pam_unix(sshd:auth): authentication failure; logname= uid=0 euid=0 tty=ssh ruser= rhost=43.255.190.165  user=root
Apr 11 07:01:33 ovzhost sshd[1060]: message repeated 2 times: [ Failed password for root from 221.229.166.98 port 43514 ssh2]
Apr 11 07:01:34 ovzhost sshd[1060]: Received disconnect from 221.229.166.98: 11:  [preauth]
Apr 11 07:01:34 ovzhost sshd[1060]: PAM 2 more authentication failures; logname= uid=0 euid=0 tty=ssh ruser= rhost=221.229.166.98  user=root
Apr 11 07:01:35 ovzhost sshd[1072]: Failed password for root from 43.255.190.165 port 58907 ssh2
Apr 11 07:01:36 ovzhost sshd[1074]: pam_unix(sshd:auth): authentication failure; logname= uid=0 euid=0 tty=ssh ruser= rhost=221.229.166.98  user=root
Apr 11 07:01:37 ovzhost sshd[1070]: message repeated 2 times: [ Failed password for root from 43.255.190.165 port 52094 ssh2]
Apr 11 07:01:37 ovzhost sshd[1070]: Received disconnect from 43.255.190.165: 11:  [preauth]
Apr 11 07:01:37 ovzhost sshd[1070]: PAM 2 more authentication failures; logname= uid=0 euid=0 tty=ssh ruser= rhost=43.255.190.165  user=root
Apr 11 07:01:37 ovzhost sshd[1076]: pam_unix(sshd:auth): authentication failure; logname= uid=0 euid=0 tty=ssh ruser= rhost=43.255.190.165  user=root
Apr 11 07:01:38 ovzhost sshd[1074]: Failed password for root from 221.229.166.98 port 54670 ssh2
Apr 11 07:01:39 ovzhost sshd[1076]: Failed password for root from 43.255.190.165 port 38766 ssh2
Apr 11 07:01:40 ovzhost sshd[1072]: message repeated 2 times: [ Failed password for root from 43.255.190.165 port 58907 ssh2]
Apr 11 07:01:40 ovzhost sshd[1072]: Received disconnect from 43.255.190.165: 11:  [preauth]
Apr 11 07:01:40 ovzhost sshd[1072]: PAM 2 more authentication failures; logname= uid=0 euid=0 tty=ssh ruser= rhost=43.255.190.165  user=root
Apr 11 07:01:40 ovzhost sshd[1078]: pam_unix(sshd:auth): authentication failure; logname= uid=0 euid=0 tty=ssh ruser= rhost=43.255.190.165  user=root
Apr 11 07:01:42 ovzhost sshd[1078]: Failed password for root from 43.255.190.165 port 45528 ssh2
Apr 11 07:01:43 ovzhost sshd[1074]: message repeated 2 times: [ Failed password for root from 221.229.166.98 port 54670 ssh2]
Apr 11 07:01:43 ovzhost sshd[1074]: Received disconnect from 221.229.166.98: 11:  [preauth]
Apr 11 07:01:43 ovzhost sshd[1074]: PAM 2 more authentication failures; logname= uid=0 euid=0 tty=ssh ruser= rhost=221.229.166.98  user=root
Apr 11 07:01:43 ovzhost sshd[1076]: message repeated 2 times: [ Failed password for root from 43.255.190.165 port 38766 ssh2]
Apr 11 07:01:43 ovzhost sshd[1076]: Received disconnect from 43.255.190.165: 11:  [preauth]
Apr 11 07:01:43 ovzhost sshd[1076]: PAM 2 more authentication failures; logname= uid=0 euid=0 tty=ssh ruser= rhost=43.255.190.165  user=root
Apr 11 07:01:44 ovzhost sshd[1080]: pam_unix(sshd:auth): authentication failure; logname= uid=0 euid=0 tty=ssh ruser= rhost=43.255.190.165  user=root
Apr 11 07:01:46 ovzhost sshd[1080]: Failed password for root from 43.255.190.165 port 54762 ssh2
Apr 11 07:01:46 ovzhost sshd[1078]: message repeated 2 times: [ Failed password for root from 43.255.190.165 port 45528 ssh2]
Apr 11 07:01:46 ovzhost sshd[1078]: Received disconnect from 43.255.190.165: 11:  [preauth]
Apr 11 07:01:46 ovzhost sshd[1078]: PAM 2 more authentication failures; logname= uid=0 euid=0 tty=ssh ruser= rhost=43.255.190.165  user=root
Apr 11 07:01:47 ovzhost sshd[1086]: pam_unix(sshd:auth): authentication failure; logname= uid=0 euid=0 tty=ssh ruser= rhost=43.255.190.165  user=root
Apr 11 07:01:49 ovzhost sshd[1082]: pam_unix(sshd:auth): authentication failure; logname= uid=0 euid=0 tty=ssh ruser= rhost=221.229.166.98  user=root
Apr 11 07:01:49 ovzhost sshd[1086]: Failed password for root from 43.255.190.165 port 60476 ssh2
Apr 11 07:01:50 ovzhost sshd[1080]: message repeated 2 times: [ Failed password for root from 43.255.190.165 port 54762 ssh2]
Apr 11 07:01:50 ovzhost sshd[1080]: Received disconnect from 43.255.190.165: 11:  [preauth]
Apr 11 07:01:50 ovzhost sshd[1080]: PAM 2 more authentication failures; logname= uid=0 euid=0 tty=ssh ruser= rhost=43.255.190.165  user=root
Apr 11 07:01:51 ovzhost sshd[1088]: pam_unix(sshd:auth): authentication failure; logname= uid=0 euid=0 tty=ssh ruser= rhost=43.255.190.165  user=root
Apr 11 07:01:51 ovzhost sshd[1082]: Failed password for root from 221.229.166.98 port 45270 ssh2
Apr 11 07:01:53 ovzhost sshd[1088]: Failed password for root from 43.255.190.165 port 42045 ssh2
Apr 11 07:01:54 ovzhost sshd[1086]: message repeated 2 times: [ Failed password for root from 43.255.190.165 port 60476 ssh2]
Apr 11 07:01:54 ovzhost sshd[1086]: Received disconnect from 43.255.190.165: 11:  [preauth]
Apr 11 07:01:54 ovzhost sshd[1086]: PAM 2 more authentication failures; logname= uid=0 euid=0 tty=ssh ruser= rhost=43.255.190.165  user=root
Apr 11 07:01:54 ovzhost sshd[1090]: pam_unix(sshd:auth): authentication failure; logname= uid=0 euid=0 tty=ssh ruser= rhost=43.255.190.165  user=root
Apr 11 07:01:56 ovzhost sshd[1090]: Failed password for root from 43.255.190.165 port 49191 ssh2
Apr 11 07:01:56 ovzhost sshd[1082]: message repeated 2 times: [ Failed password for root from 221.229.166.98 port 45270 ssh2]
Apr 11 07:01:57 ovzhost sshd[1082]: Received disconnect from 221.229.166.98: 11:  [preauth]
Apr 11 07:01:57 ovzhost sshd[1082]: PAM 2 more authentication failures; logname= uid=0 euid=0 tty=ssh ruser= rhost=221.229.166.98  user=root
Apr 11 07:01:57 ovzhost sshd[1088]: message repeated 2 times: [ Failed password for root from 43.255.190.165 port 42045 ssh2]
Apr 11 07:01:58 ovzhost sshd[1088]: Received disconnect from 43.255.190.165: 11:  [preauth]
Apr 11 07:01:58 ovzhost sshd[1088]: PAM 2 more authentication failures; logname= uid=0 euid=0 tty=ssh ruser= rhost=43.255.190.165  user=root
Apr 11 07:02:00 ovzhost sshd[1094]: pam_unix(sshd:auth): authentication failure; logname= uid=0 euid=0 tty=ssh ruser= rhost=43.255.190.165  user=root
Apr 11 07:02:00 ovzhost sshd[1090]: message repeated 2 times: [ Failed password for root from 43.255.190.165 port 49191 ssh2]
Apr 11 07:02:00 ovzhost sshd[1090]: Received disconnect from 43.255.190.165: 11:  [preauth]
Apr 11 07:02:00 ovzhost sshd[1090]: PAM 2 more authentication failures; logname= uid=0 euid=0 tty=ssh ruser= rhost=43.255.190.165  user=root
Apr 11 07:02:01 ovzhost sshd[1096]: pam_unix(sshd:auth): authentication failure; logname= uid=0 euid=0 tty=ssh ruser= rhost=43.255.190.165  user=root
Apr 11 07:02:02 ovzhost sshd[1092]: pam_unix(sshd:auth): authentication failure; logname= uid=0 euid=0 tty=ssh ruser= rhost=221.229.166.98  user=root
Apr 11 07:02:02 ovzhost sshd[1094]: Failed password for root from 43.255.190.165 port 58461 ssh2
Apr 11 07:02:03 ovzhost sshd[1096]: Failed password for root from 43.255.190.165 port 35980 ssh2
Apr 11 07:02:04 ovzhost sshd[1092]: Failed password for root from 221.229.166.98 port 44009 ssh2
Apr 11 07:02:06 ovzhost sshd[1094]: message repeated 2 times: [ Failed password for root from 43.255.190.165 port 58461 ssh2]
Apr 11 07:02:06 ovzhost sshd[1094]: Received disconnect from 43.255.190.165: 11:  [preauth]
Apr 11 07:02:06 ovzhost sshd[1094]: PAM 2 more authentication failures; logname= uid=0 euid=0 tty=ssh ruser= rhost=43.255.190.165  user=root
Apr 11 07:02:07 ovzhost sshd[1098]: pam_unix(sshd:auth): authentication failure; logname= uid=0 euid=0 tty=ssh ruser= rhost=43.255.190.165  user=root
Apr 11 07:02:07 ovzhost sshd[1096]: message repeated 2 times: [ Failed password for root from 43.255.190.165 port 35980 ssh2]
Apr 11 07:02:07 ovzhost sshd[1096]: Received disconnect from 43.255.190.165: 11:  [preauth]
Apr 11 07:02:07 ovzhost sshd[1096]: PAM 2 more authentication failures; logname= uid=0 euid=0 tty=ssh ruser= rhost=43.255.190.165  user=root
Apr 11 07:02:08 ovzhost sshd[1100]: pam_unix(sshd:auth): authentication failure; logname= uid=0 euid=0 tty=ssh ruser= rhost=43.255.190.165  user=root
Apr 11 07:02:08 ovzhost sshd[1098]: Failed password for root from 43.255.190.165 port 49271 ssh2
Apr 11 07:02:08 ovzhost sshd[1092]: message repeated 2 times: [ Failed password for root from 221.229.166.98 port 44009 ssh2]
Apr 11 07:02:09 ovzhost sshd[1092]: Received disconnect from 221.229.166.98: 11:  [preauth]
Apr 11 07:02:09 ovzhost sshd[1092]: PAM 2 more authentication failures; logname= uid=0 euid=0 tty=ssh ruser= rhost=221.229.166.98  user=root
Apr 11 07:02:10 ovzhost sshd[1100]: Failed password for root from 43.255.190.165 port 51236 ssh2
Apr 11 07:02:11 ovzhost sshd[1102]: pam_unix(sshd:auth): authentication failure; logname= uid=0 euid=0 tty=ssh ruser= rhost=221.229.166.98  user=root
Apr 11 07:02:13 ovzhost sshd[1102]: Failed password for root from 221.229.166.98 port 42150 ssh2
Apr 11 07:02:13 ovzhost sshd[1098]: message repeated 2 times: [ Failed password for root from 43.255.190.165 port 49271 ssh2]
Apr 11 07:02:13 ovzhost sshd[1098]: Received disconnect from 43.255.190.165: 11:  [preauth]
Apr 11 07:02:13 ovzhost sshd[1098]: PAM 2 more authentication failures; logname= uid=0 euid=0 tty=ssh ruser= rhost=43.255.190.165  user=root
Apr 11 07:02:14 ovzhost sshd[1105]: pam_unix(sshd:auth): authentication failure; logname= uid=0 euid=0 tty=ssh ruser= rhost=43.255.190.165  user=root
Apr 11 07:02:14 ovzhost sshd[1100]: message repeated 2 times: [ Failed password for root from 43.255.190.165 port 51236 ssh2]
Apr 11 07:02:14 ovzhost sshd[1100]: Received disconnect from 43.255.190.165: 11:  [preauth]
Apr 11 07:02:14 ovzhost sshd[1100]: PAM 2 more authentication failures; logname= uid=0 euid=0 tty=ssh ruser= rhost=43.255.190.165  user=root
Apr 11 07:02:15 ovzhost sshd[1107]: pam_unix(sshd:auth): authentication failure; logname= uid=0 euid=0 tty=ssh ruser= rhost=43.255.190.165  user=root
Apr 11 07:02:16 ovzhost sshd[1105]: Failed password for root from 43.255.190.165 port 36915 ssh2
Apr 11 07:02:17 ovzhost sshd[1107]: Failed password for root from 43.255.190.165 port 39001 ssh2
Apr 11 07:02:18 ovzhost sshd[1102]: message repeated 2 times: [ Failed password for root from 221.229.166.98 port 42150 ssh2]
Apr 11 07:02:18 ovzhost sshd[1102]: Received disconnect from 221.229.166.98: 11:  [preauth]
Apr 11 07:02:18 ovzhost sshd[1102]: PAM 2 more authentication failures; logname= uid=0 euid=0 tty=ssh ruser= rhost=221.229.166.98  user=root
Apr 11 07:02:19 ovzhost sshd[1105]: message repeated 2 times: [ Failed password for root from 43.255.190.165 port 36915 ssh2]
Apr 11 07:02:19 ovzhost sshd[1105]: Received disconnect from 43.255.190.165: 11:  [preauth]
Apr 11 07:02:19 ovzhost sshd[1105]: PAM 2 more authentication failures; logname= uid=0 euid=0 tty=ssh ruser= rhost=43.255.190.165  user=root
Apr 11 07:02:20 ovzhost sshd[1109]: pam_unix(sshd:auth): authentication failure; logname= uid=0 euid=0 tty=ssh ruser= rhost=221.229.166.98  user=root
Apr 11 07:02:20 ovzhost sshd[1111]: pam_unix(sshd:auth): authentication failure; logname= uid=0 euid=0 tty=ssh ruser= rhost=43.255.190.165  user=root
Apr 11 07:02:21 ovzhost sshd[1107]: message repeated 2 times: [ Failed password for root from 43.255.190.165 port 39001 ssh2]
Apr 11 07:02:21 ovzhost sshd[1107]: Received disconnect from 43.255.190.165: 11:  [preauth]
Apr 11 07:02:21 ovzhost sshd[1107]: PAM 2 more authentication failures; logname= uid=0 euid=0 tty=ssh ruser= rhost=43.255.190.165  user=root
Apr 11 07:02:22 ovzhost sshd[1109]: Failed password for root from 221.229.166.98 port 33516 ssh2
Apr 11 07:02:22 ovzhost sshd[1111]: Failed password for root from 43.255.190.165 port 50992 ssh2
Apr 11 07:02:25 ovzhost sshd[1113]: pam_unix(sshd:auth): authentication failure; logname= uid=0 euid=0 tty=ssh ruser= rhost=43.255.190.165  user=root
Apr 11 07:02:26 ovzhost sshd[1113]: Failed password for root from 43.255.190.165 port 54874 ssh2
Apr 11 07:02:27 ovzhost sshd[1111]: message repeated 2 times: [ Failed password for root from 43.255.190.165 port 50992 ssh2]
Apr 11 07:02:27 ovzhost sshd[1111]: Received disconnect from 43.255.190.165: 11:  [preauth]
Apr 11 07:02:27 ovzhost sshd[1111]: PAM 2 more authentication failures; logname= uid=0 euid=0 tty=ssh ruser= rhost=43.255.190.165  user=root
Apr 11 07:02:28 ovzhost sshd[1115]: pam_unix(sshd:auth): authentication failure; logname= uid=0 euid=0 tty=ssh ruser= rhost=43.255.190.165  user=root
Apr 11 07:02:29 ovzhost sshd[1109]: message repeated 2 times: [ Failed password for root from 221.229.166.98 port 33516 ssh2]
Apr 11 07:02:30 ovzhost sshd[1109]: Received disconnect from 221.229.166.98: 11:  [preauth]
Apr 11 07:02:30 ovzhost sshd[1109]: PAM 2 more authentication failures; logname= uid=0 euid=0 tty=ssh ruser= rhost=221.229.166.98  user=root
Apr 11 07:02:30 ovzhost sshd[1115]: Failed password for root from 43.255.190.165 port 38997 ssh2
Apr 11 07:02:31 ovzhost sshd[1113]: message repeated 2 times: [ Failed password for root from 43.255.190.165 port 54874 ssh2]
Apr 11 07:02:31 ovzhost sshd[1113]: Received disconnect from 43.255.190.165: 11:  [preauth]
Apr 11 07:02:31 ovzhost sshd[1113]: PAM 2 more authentication failures; logname= uid=0 euid=0 tty=ssh ruser= rhost=43.255.190.165  user=root
Apr 11 07:02:31 ovzhost sshd[1118]: pam_unix(sshd:auth): authentication failure; logname= uid=0 euid=0 tty=ssh ruser= rhost=43.255.190.165  user=root
Apr 11 07:02:32 ovzhost sshd[1120]: pam_unix(sshd:auth): authentication failure; logname= uid=0 euid=0 tty=ssh ruser= rhost=221.229.166.98  user=root
Apr 11 07:02:33 ovzhost sshd[1115]: message repeated 2 times: [ Failed password for root from 43.255.190.165 port 38997 ssh2]
Apr 11 07:02:33 ovzhost sshd[1115]: Received disconnect from 43.255.190.165: 11:  [preauth]
Apr 11 07:02:33 ovzhost sshd[1115]: PAM 2 more authentication failures; logname= uid=0 euid=0 tty=ssh ruser= rhost=43.255.190.165  user=root
Apr 11 07:02:33 ovzhost sshd[1118]: Failed password for root from 43.255.190.165 port 46877 ssh2
Apr 11 07:02:33 ovzhost sshd[1122]: pam_unix(sshd:auth): authentication failure; logname= uid=0 euid=0 tty=ssh ruser= rhost=43.255.190.165  user=root
Apr 11 07:02:34 ovzhost sshd[1120]: Failed password for root from 221.229.166.98 port 57397 ssh2
Apr 11 07:02:36 ovzhost sshd[1122]: Failed password for root from 43.255.190.165 port 52203 ssh2
Apr 11 07:02:38 ovzhost sshd[1118]: message repeated 2 times: [ Failed password for root from 43.255.190.165 port 46877 ssh2]
Apr 11 07:02:38 ovzhost sshd[1118]: Received disconnect from 43.255.190.165: 11:  [preauth]
Apr 11 07:02:38 ovzhost sshd[1118]: PAM 2 more authentication failures; logname= uid=0 euid=0 tty=ssh ruser= rhost=43.255.190.165  user=root
Apr 11 07:02:38 ovzhost sshd[1124]: pam_unix(sshd:auth): authentication failure; logname= uid=0 euid=0 tty=ssh ruser= rhost=43.255.190.165  user=root
