Apr 11 07:29:56 ovzhost sshd[1606]: Failed password for root from 43.255.190.164 port 41663 ssh2
Apr 11 07:29:58 ovzhost sshd[1604]: message repeated 2 times: [ Failed password for root from 43.255.190.168 port 57411 ssh2]
Apr 11 07:29:58 ovzhost sshd[1604]: Received disconnect from 43.255.190.168: 11:  [preauth]
Apr 11 07:29:58 ovzhost sshd[1604]: PAM 2 more authentication failures; logname= uid=0 euid=0 tty=ssh ruser= rhost=43.255.190.168  user=root
Apr 11 07:29:59 ovzhost sshd[1608]: pam_unix(sshd:auth): authentication failure; logname= uid=0 euid=0 tty=ssh ruser= rhost=43.255.190.168  user=root
Apr 11 07:30:00 ovzhost sshd[1608]: Failed password for root from 43.255.190.168 port 43852 ssh2
Apr 11 07:30:00 ovzhost sshd[1606]: message repeated 2 times: [ Failed password for root from 43.255.190.164 port 41663 ssh2]
Apr 11 07:30:00 ovzhost sshd[1606]: Received disconnect from 43.255.190.164: 11:  [preauth]
Apr 11 07:30:00 ovzhost sshd[1606]: PAM 2 more authentication failures; logname= uid=0 euid=0 tty=ssh ruser= rhost=43.255.190.164  user=root
Apr 11 07:30:00 ovzhost sshd[1610]: pam_unix(sshd:auth): authentication failure; logname= uid=0 euid=0 tty=ssh ruser= rhost=43.255.190.164  user=root
Apr 11 07:30:03 ovzhost sshd[1610]: Failed password for root from 43.255.190.164 port 58068 ssh2
Apr 11 07:30:04 ovzhost sshd[1608]: message repeated 2 times: [ Failed password for root from 43.255.190.168 port 43852 ssh2]
Apr 11 07:30:04 ovzhost sshd[1608]: Received disconnect from 43.255.190.168: 11:  [preauth]
Apr 11 07:30:04 ovzhost sshd[1608]: PAM 2 more authentication failures; logname= uid=0 euid=0 tty=ssh ruser= rhost=43.255.190.168  user=root
Apr 11 07:30:06 ovzhost sshd[1612]: pam_unix(sshd:auth): authentication failure; logname= uid=0 euid=0 tty=ssh ruser= rhost=43.255.190.168  user=root
Apr 11 07:30:07 ovzhost sshd[1610]: message repeated 2 times: [ Failed password for root from 43.255.190.164 port 58068 ssh2]
Apr 11 07:30:08 ovzhost sshd[1610]: Received disconnect from 43.255.190.164: 11:  [preauth]
Apr 11 07:30:08 ovzhost sshd[1610]: PAM 2 more authentication failures; logname= uid=0 euid=0 tty=ssh ruser= rhost=43.255.190.164  user=root
Apr 11 07:30:08 ovzhost sshd[1612]: Failed password for root from 43.255.190.168 port 57993 ssh2
Apr 11 07:30:08 ovzhost sshd[1617]: Connection closed by 127.0.0.1 [preauth]
Apr 11 07:30:10 ovzhost sshd[1614]: pam_unix(sshd:auth): authentication failure; logname= uid=0 euid=0 tty=ssh ruser= rhost=43.255.190.164  user=root
Apr 11 07:30:12 ovzhost sshd[1614]: Failed password for root from 43.255.190.164 port 48786 ssh2
Apr 11 07:30:12 ovzhost sshd[1612]: message repeated 2 times: [ Failed password for root from 43.255.190.168 port 57993 ssh2]
Apr 11 07:30:12 ovzhost sshd[1612]: Received disconnect from 43.255.190.168: 11:  [preauth]
Apr 11 07:30:12 ovzhost sshd[1612]: PAM 2 more authentication failures; logname= uid=0 euid=0 tty=ssh ruser= rhost=43.255.190.168  user=root
Apr 11 07:30:13 ovzhost sshd[1619]: pam_unix(sshd:auth): authentication failure; logname= uid=0 euid=0 tty=ssh ruser= rhost=43.255.190.168  user=root
Apr 11 07:30:15 ovzhost sshd[1619]: Failed password for root from 43.255.190.168 port 47891 ssh2
Apr 11 07:30:16 ovzhost sshd[1614]: message repeated 2 times: [ Failed password for root from 43.255.190.164 port 48786 ssh2]
Apr 11 07:30:16 ovzhost sshd[1614]: Received disconnect from 43.255.190.164: 11:  [preauth]
Apr 11 07:30:16 ovzhost sshd[1614]: PAM 2 more authentication failures; logname= uid=0 euid=0 tty=ssh ruser= rhost=43.255.190.164  user=root
Apr 11 07:30:17 ovzhost sshd[1622]: pam_unix(sshd:auth): authentication failure; logname= uid=0 euid=0 tty=ssh ruser= rhost=43.255.190.164  user=root
Apr 11 07:30:18 ovzhost sshd[1622]: Failed password for root from 43.255.190.164 port 40257 ssh2
Apr 11 07:30:19 ovzhost sshd[1619]: message repeated 2 times: [ Failed password for root from 43.255.190.168 port 47891 ssh2]
Apr 11 07:30:19 ovzhost sshd[1619]: Received disconnect from 43.255.190.168: 11:  [preauth]
Apr 11 07:30:19 ovzhost sshd[1619]: PAM 2 more authentication failures; logname= uid=0 euid=0 tty=ssh ruser= rhost=43.255.190.168  user=root
Apr 11 07:30:19 ovzhost sshd[1624]: pam_unix(sshd:auth): authentication failure; logname= uid=0 euid=0 tty=ssh ruser= rhost=43.255.190.168  user=root
Apr 11 07:30:21 ovzhost sshd[1624]: Failed password for root from 43.255.190.168 port 34797 ssh2
Apr 11 07:30:22 ovzhost sshd[1622]: message repeated 2 times: [ Failed password for root from 43.255.190.164 port 40257 ssh2]
Apr 11 07:30:22 ovzhost sshd[1622]: Received disconnect from 43.255.190.164: 11:  [preauth]
Apr 11 07:30:22 ovzhost sshd[1622]: PAM 2 more authentication failures; logname= uid=0 euid=0 tty=ssh ruser= rhost=43.255.190.164  user=root
Apr 11 07:30:22 ovzhost sshd[1626]: pam_unix(sshd:auth): authentication failure; logname= uid=0 euid=0 tty=ssh ruser= rhost=43.255.190.164  user=root
Apr 11 07:30:24 ovzhost sshd[1626]: Failed password for root from 43.255.190.164 port 55321 ssh2
Apr 11 07:30:25 ovzhost sshd[1624]: message repeated 2 times: [ Failed password for root from 43.255.190.168 port 34797 ssh2]
Apr 11 07:30:25 ovzhost sshd[1624]: Received disconnect from 43.255.190.168: 11:  [preauth]
Apr 11 07:30:25 ovzhost sshd[1624]: PAM 2 more authentication failures; logname= uid=0 euid=0 tty=ssh ruser= rhost=43.255.190.168  user=root
Apr 11 07:30:26 ovzhost sshd[1628]: pam_unix(sshd:auth): authentication failure; logname= uid=0 euid=0 tty=ssh ruser= rhost=43.255.190.168  user=root
Apr 11 07:30:28 ovzhost sshd[1628]: Failed password for root from 43.255.190.168 port 49682 ssh2
Apr 11 07:30:29 ovzhost sshd[1626]: message repeated 2 times: [ Failed password for root from 43.255.190.164 port 55321 ssh2]
Apr 11 07:30:29 ovzhost sshd[1626]: Received disconnect from 43.255.190.164: 11:  [preauth]
Apr 11 07:30:29 ovzhost sshd[1626]: PAM 2 more authentication failures; logname= uid=0 euid=0 tty=ssh ruser= rhost=43.255.190.164  user=root
Apr 11 07:30:33 ovzhost sshd[1628]: message repeated 2 times: [ Failed password for root from 43.255.190.168 port 49682 ssh2]
Apr 11 07:30:33 ovzhost sshd[1628]: Received disconnect from 43.255.190.168: 11:  [preauth]
Apr 11 07:30:33 ovzhost sshd[1628]: PAM 2 more authentication failures; logname= uid=0 euid=0 tty=ssh ruser= rhost=43.255.190.168  user=root
Apr 11 07:30:34 ovzhost sshd[1630]: pam_unix(sshd:auth): authentication failure; logname= uid=0 euid=0 tty=ssh ruser= rhost=43.255.190.164  user=root
Apr 11 07:30:34 ovzhost sshd[1632]: pam_unix(sshd:auth): authentication failure; logname= uid=0 euid=0 tty=ssh ruser= rhost=43.255.190.168  user=root
Apr 11 07:30:36 ovzhost sshd[1630]: Failed password for root from 43.255.190.164 port 44880 ssh2
Apr 11 07:30:36 ovzhost sshd[1632]: Failed password for root from 43.255.190.168 port 40825 ssh2
Apr 11 07:30:40 ovzhost sshd[1630]: message repeated 2 times: [ Failed password for root from 43.255.190.164 port 44880 ssh2]
Apr 11 07:30:40 ovzhost sshd[1630]: Received disconnect from 43.255.190.164: 11:  [preauth]
Apr 11 07:30:40 ovzhost sshd[1630]: PAM 2 more authentication failures; logname= uid=0 euid=0 tty=ssh ruser= rhost=43.255.190.164  user=root
Apr 11 07:30:40 ovzhost sshd[1632]: message repeated 2 times: [ Failed password for root from 43.255.190.168 port 40825 ssh2]
Apr 11 07:30:40 ovzhost sshd[1632]: Received disconnect from 43.255.190.168: 11:  [preauth]
Apr 11 07:30:40 ovzhost sshd[1632]: PAM 2 more authentication failures; logname= uid=0 euid=0 tty=ssh ruser= rhost=43.255.190.168  user=root
Apr 11 07:30:41 ovzhost sshd[1634]: pam_unix(sshd:auth): authentication failure; logname= uid=0 euid=0 tty=ssh ruser= rhost=43.255.190.164  user=root
Apr 11 07:30:41 ovzhost sshd[1636]: pam_unix(sshd:auth): authentication failure; logname= uid=0 euid=0 tty=ssh ruser= rhost=43.255.190.168  user=root
Apr 11 07:30:42 ovzhost sshd[1634]: Failed password for root from 43.255.190.164 port 44834 ssh2
Apr 11 07:30:43 ovzhost sshd[1636]: Failed password for root from 43.255.190.168 port 56112 ssh2
Apr 11 07:30:44 ovzhost sshd[1639]: Connection closed by 128.8.37.120 [preauth]
Apr 11 07:30:47 ovzhost sshd[1634]: message repeated 2 times: [ Failed password for root from 43.255.190.164 port 44834 ssh2]
Apr 11 07:30:47 ovzhost sshd[1634]: Received disconnect from 43.255.190.164: 11:  [preauth]
Apr 11 07:30:47 ovzhost sshd[1634]: PAM 2 more authentication failures; logname= uid=0 euid=0 tty=ssh ruser= rhost=43.255.190.164  user=root
Apr 11 07:30:47 ovzhost sshd[1636]: message repeated 2 times: [ Failed password for root from 43.255.190.168 port 56112 ssh2]
Apr 11 07:30:47 ovzhost sshd[1636]: Received disconnect from 43.255.190.168: 11:  [preauth]
Apr 11 07:30:47 ovzhost sshd[1636]: PAM 2 more authentication failures; logname= uid=0 euid=0 tty=ssh ruser= rhost=43.255.190.168  user=root
Apr 11 07:30:50 ovzhost sshd[1643]: pam_unix(sshd:auth): authentication failure; logname= uid=0 euid=0 tty=ssh ruser= rhost=43.255.190.168  user=root
Apr 11 07:30:50 ovzhost sshd[1641]: pam_unix(sshd:auth): authentication failure; logname= uid=0 euid=0 tty=ssh ruser= rhost=43.255.190.164  user=root
Apr 11 07:30:52 ovzhost sshd[1643]: Failed password for root from 43.255.190.168 port 43673 ssh2
Apr 11 07:30:52 ovzhost sshd[1641]: Failed password for root from 43.255.190.164 port 35995 ssh2
Apr 11 07:30:56 ovzhost sshd[1643]: message repeated 2 times: [ Failed password for root from 43.255.190.168 port 43673 ssh2]
Apr 11 07:30:56 ovzhost sshd[1643]: Received disconnect from 43.255.190.168: 11:  [preauth]
Apr 11 07:30:56 ovzhost sshd[1643]: PAM 2 more authentication failures; logname= uid=0 euid=0 tty=ssh ruser= rhost=43.255.190.168  user=root
Apr 11 07:30:56 ovzhost sshd[1641]: message repeated 2 times: [ Failed password for root from 43.255.190.164 port 35995 ssh2]
Apr 11 07:30:56 ovzhost sshd[1641]: Received disconnect from 43.255.190.164: 11:  [preauth]
Apr 11 07:30:56 ovzhost sshd[1641]: PAM 2 more authentication failures; logname= uid=0 euid=0 tty=ssh ruser= rhost=43.255.190.164  user=root
Apr 11 07:30:57 ovzhost sshd[1649]: pam_unix(sshd:auth): authentication failure; logname= uid=0 euid=0 tty=ssh ruser= rhost=43.255.190.164  user=root
Apr 11 07:30:57 ovzhost sshd[1647]: pam_unix(sshd:auth): authentication failure; logname= uid=0 euid=0 tty=ssh ruser= rhost=43.255.190.168  user=root
Apr 11 07:30:59 ovzhost sshd[1649]: Failed password for root from 43.255.190.164 port 57163 ssh2
Apr 11 07:30:59 ovzhost sshd[1647]: Failed password for root from 43.255.190.168 port 34029 ssh2
Apr 11 07:31:03 ovzhost sshd[1647]: message repeated 2 times: [ Failed password for root from 43.255.190.168 port 34029 ssh2]
Apr 11 07:31:03 ovzhost sshd[1647]: Received disconnect from 43.255.190.168: 11:  [preauth]
Apr 11 07:31:03 ovzhost sshd[1647]: PAM 2 more authentication failures; logname= uid=0 euid=0 tty=ssh ruser= rhost=43.255.190.168  user=root
Apr 11 07:31:04 ovzhost sshd[1649]: message repeated 2 times: [ Failed password for root from 43.255.190.164 port 57163 ssh2]
Apr 11 07:31:04 ovzhost sshd[1649]: Received disconnect from 43.255.190.164: 11:  [preauth]
Apr 11 07:31:04 ovzhost sshd[1649]: PAM 2 more authentication failures; logname= uid=0 euid=0 tty=ssh ruser= rhost=43.255.190.164  user=root
Apr 11 07:31:04 ovzhost sshd[1653]: pam_unix(sshd:auth): authentication failure; logname= uid=0 euid=0 tty=ssh ruser= rhost=43.255.190.168  user=root
Apr 11 07:31:05 ovzhost sshd[1655]: pam_unix(sshd:auth): authentication failure; logname= uid=0 euid=0 tty=ssh ruser= rhost=43.255.190.164  user=root
Apr 11 07:31:06 ovzhost sshd[1655]: Failed password for root from 43.255.190.164 port 50255 ssh2
Apr 11 07:31:06 ovzhost sshd[1653]: Failed password for root from 43.255.190.168 port 51672 ssh2
Apr 11 07:31:09 ovzhost sshd[1651]: pam_unix(sshd:auth): authentication failure; logname= uid=0 euid=0 tty=ssh ruser= rhost=58.218.204.226  user=root
Apr 11 07:31:10 ovzhost sshd[1655]: message repeated 2 times: [ Failed password for root from 43.255.190.164 port 50255 ssh2]
Apr 11 07:31:10 ovzhost sshd[1655]: Received disconnect from 43.255.190.164: 11:  [preauth]
Apr 11 07:31:10 ovzhost sshd[1655]: PAM 2 more authentication failures; logname= uid=0 euid=0 tty=ssh ruser= rhost=43.255.190.164  user=root
Apr 11 07:31:10 ovzhost sshd[1653]: message repeated 2 times: [ Failed password for root from 43.255.190.168 port 51672 ssh2]
Apr 11 07:31:10 ovzhost sshd[1653]: Received disconnect from 43.255.190.168: 11:  [preauth]
Apr 11 07:31:10 ovzhost sshd[1653]: PAM 2 more authentication failures; logname= uid=0 euid=0 tty=ssh ruser= rhost=43.255.190.168  user=root
Apr 11 07:31:11 ovzhost sshd[1657]: pam_unix(sshd:auth): authentication failure; logname= uid=0 euid=0 tty=ssh ruser= rhost=43.255.190.164  user=root
Apr 11 07:31:11 ovzhost sshd[1659]: pam_unix(sshd:auth): authentication failure; logname= uid=0 euid=0 tty=ssh ruser= rhost=43.255.190.168  user=root
Apr 11 07:31:11 ovzhost sshd[1651]: Failed password for root from 58.218.204.226 port 39931 ssh2
Apr 11 07:31:12 ovzhost sshd[1657]: Failed password for root from 43.255.190.164 port 37375 ssh2
Apr 11 07:31:12 ovzhost sshd[1659]: Failed password for root from 43.255.190.168 port 39221 ssh2
Apr 11 07:31:15 ovzhost sshd[1651]: message repeated 2 times: [ Failed password for root from 58.218.204.226 port 39931 ssh2]
Apr 11 07:31:16 ovzhost sshd[1651]: Received disconnect from 58.218.204.226: 11:  [preauth]
Apr 11 07:31:16 ovzhost sshd[1651]: PAM 2 more authentication failures; logname= uid=0 euid=0 tty=ssh ruser= rhost=58.218.204.226  user=root
Apr 11 07:31:16 ovzhost sshd[1657]: message repeated 2 times: [ Failed password for root from 43.255.190.164 port 37375 ssh2]
Apr 11 07:31:16 ovzhost sshd[1657]: Received disconnect from 43.255.190.164: 11:  [preauth]
Apr 11 07:31:16 ovzhost sshd[1657]: PAM 2 more authentication failures; logname= uid=0 euid=0 tty=ssh ruser= rhost=43.255.190.164  user=root
Apr 11 07:31:16 ovzhost sshd[1659]: message repeated 2 times: [ Failed password for root from 43.255.190.168 port 39221 ssh2]
Apr 11 07:31:16 ovzhost sshd[1659]: Received disconnect from 43.255.190.168: 11:  [preauth]
Apr 11 07:31:16 ovzhost sshd[1659]: PAM 2 more authentication failures; logname= uid=0 euid=0 tty=ssh ruser= rhost=43.255.190.168  user=root
Apr 11 07:31:16 ovzhost sshd[1661]: pam_unix(sshd:auth): authentication failure; logname= uid=0 euid=0 tty=ssh ruser= rhost=43.255.190.164  user=root
Apr 11 07:31:17 ovzhost sshd[1665]: pam_unix(sshd:auth): authentication failure; logname= uid=0 euid=0 tty=ssh ruser= rhost=43.255.190.168  user=root
Apr 11 07:31:18 ovzhost sshd[1663]: pam_unix(sshd:auth): authentication failure; logname= uid=0 euid=0 tty=ssh ruser= rhost=58.218.204.226  user=root
Apr 11 07:31:18 ovzhost sshd[1665]: Failed password for root from 43.255.190.168 port 53124 ssh2
Apr 11 07:31:19 ovzhost sshd[1661]: Failed password for root from 43.255.190.164 port 52988 ssh2
Apr 11 07:31:20 ovzhost sshd[1663]: Failed password for root from 58.218.204.226 port 46753 ssh2
Apr 11 07:31:23 ovzhost sshd[1665]: message repeated 2 times: [ Failed password for root from 43.255.190.168 port 53124 ssh2]
Apr 11 07:31:23 ovzhost sshd[1665]: Received disconnect from 43.255.190.168: 11:  [preauth]
Apr 11 07:31:23 ovzhost sshd[1665]: PAM 2 more authentication failures; logname= uid=0 euid=0 tty=ssh ruser= rhost=43.255.190.168  user=root
Apr 11 07:31:24 ovzhost sshd[1661]: message repeated 2 times: [ Failed password for root from 43.255.190.164 port 52988 ssh2]
Apr 11 07:31:24 ovzhost sshd[1661]: Received disconnect from 43.255.190.164: 11:  [preauth]
Apr 11 07:31:24 ovzhost sshd[1661]: PAM 2 more authentication failures; logname= uid=0 euid=0 tty=ssh ruser= rhost=43.255.190.164  user=root
Apr 11 07:31:25 ovzhost sshd[1669]: pam_unix(sshd:auth): authentication failure; logname= uid=0 euid=0 tty=ssh ruser= rhost=43.255.190.164  user=root
Apr 11 07:31:25 ovzhost sshd[1667]: pam_unix(sshd:auth): authentication failure; logname= uid=0 euid=0 tty=ssh ruser= rhost=43.255.190.168  user=root
Apr 11 07:31:27 ovzhost sshd[1669]: Failed password for root from 43.255.190.164 port 44263 ssh2
Apr 11 07:31:27 ovzhost sshd[1663]: message repeated 2 times: [ Failed password for root from 58.218.204.226 port 46753 ssh2]
Apr 11 07:31:27 ovzhost sshd[1663]: Received disconnect from 58.218.204.226: 11:  [preauth]
Apr 11 07:31:27 ovzhost sshd[1663]: PAM 2 more authentication failures; logname= uid=0 euid=0 tty=ssh ruser= rhost=58.218.204.226  user=root
Apr 11 07:31:27 ovzhost sshd[1667]: Failed password for root from 43.255.190.168 port 39368 ssh2
Apr 11 07:31:29 ovzhost sshd[1671]: pam_unix(sshd:auth): authentication failure; logname= uid=0 euid=0 tty=ssh ruser= rhost=58.218.204.226  user=root
Apr 11 07:31:31 ovzhost sshd[1671]: Failed password for root from 58.218.204.226 port 42287 ssh2
Apr 11 07:31:31 ovzhost sshd[1667]: message repeated 2 times: [ Failed password for root from 43.255.190.168 port 39368 ssh2]
Apr 11 07:31:31 ovzhost sshd[1667]: Received disconnect from 43.255.190.168: 11:  [preauth]
Apr 11 07:31:31 ovzhost sshd[1667]: PAM 2 more authentication failures; logname= uid=0 euid=0 tty=ssh ruser= rhost=43.255.190.168  user=root
Apr 11 07:31:31 ovzhost sshd[1669]: message repeated 2 times: [ Failed password for root from 43.255.190.164 port 44263 ssh2]
Apr 11 07:31:32 ovzhost sshd[1669]: Received disconnect from 43.255.190.164: 11:  [preauth]
Apr 11 07:31:32 ovzhost sshd[1669]: PAM 2 more authentication failures; logname= uid=0 euid=0 tty=ssh ruser= rhost=43.255.190.164  user=root
Apr 11 07:31:33 ovzhost sshd[1673]: pam_unix(sshd:auth): authentication failure; logname= uid=0 euid=0 tty=ssh ruser= rhost=43.255.190.164  user=root
Apr 11 07:31:33 ovzhost sshd[1675]: pam_unix(sshd:auth): authentication failure; logname= uid=0 euid=0 tty=ssh ruser= rhost=43.255.190.168  user=root
Apr 11 07:31:35 ovzhost sshd[1673]: Failed password for root from 43.255.190.164 port 35039 ssh2
Apr 11 07:31:36 ovzhost sshd[1675]: Failed password for root from 43.255.190.168 port 57942 ssh2
Apr 11 07:31:37 ovzhost sshd[1671]: message repeated 2 times: [ Failed password for root from 58.218.204.226 port 42287 ssh2]
Apr 11 07:31:37 ovzhost sshd[1671]: Received disconnect from 58.218.204.226: 11:  [preauth]
Apr 11 07:31:37 ovzhost sshd[1671]: PAM 2 more authentication failures; logname= uid=0 euid=0 tty=ssh ruser= rhost=58.218.204.226  user=root
Apr 11 07:31:39 ovzhost sshd[1673]: message repeated 2 times: [ Failed password for root from 43.255.190.164 port 35039 ssh2]
Apr 11 07:31:39 ovzhost sshd[1673]: Received disconnect from 43.255.190.164: 11:  [preauth]
Apr 11 07:31:39 ovzhost sshd[1673]: PAM 2 more authentication failures; logname= uid=0 euid=0 tty=ssh ruser= rhost=43.255.190.164  user=root
Apr 11 07:31:41 ovzhost sshd[1681]: pam_unix(sshd:auth): authentication failure; logname= uid=0 euid=0 tty=ssh ruser= rhost=43.255.190.164  user=root
Apr 11 07:31:41 ovzhost sshd[1675]: message repeated 2 times: [ Failed password for root from 43.255.190.168 port 57942 ssh2]
Apr 11 07:31:41 ovzhost sshd[1675]: Received disconnect from 43.255.190.168: 11:  [preauth]
Apr 11 07:31:41 ovzhost sshd[1675]: PAM 2 more authentication failures; logname= uid=0 euid=0 tty=ssh ruser= rhost=43.255.190.168  user=root
Apr 11 07:31:43 ovzhost sshd[1681]: Failed password for root from 43.255.190.164 port 54048 ssh2
Apr 11 07:31:43 ovzhost sshd[1683]: pam_unix(sshd:auth): authentication failure; logname= uid=0 euid=0 tty=ssh ruser= rhost=43.255.190.168  user=root
Apr 11 07:31:45 ovzhost sshd[1683]: Failed password for root from 43.255.190.168 port 50527 ssh2
Apr 11 07:31:47 ovzhost sshd[1681]: message repeated 2 times: [ Failed password for root from 43.255.190.164 port 54048 ssh2]
Apr 11 07:31:47 ovzhost sshd[1681]: Received disconnect from 43.255.190.164: 11:  [preauth]
Apr 11 07:31:47 ovzhost sshd[1681]: PAM 2 more authentication failures; logname= uid=0 euid=0 tty=ssh ruser= rhost=43.255.190.164  user=root
Apr 11 07:31:48 ovzhost sshd[1687]: pam_unix(sshd:auth): authentication failure; logname= uid=0 euid=0 tty=ssh ruser= rhost=43.255.190.164  user=root
Apr 11 07:31:50 ovzhost sshd[1687]: Failed password for root from 43.255.190.164 port 42995 ssh2
Apr 11 07:31:49 ovzhost sshd[1683]: message repeated 2 times: [ Failed password for root from 43.255.190.168 port 50527 ssh2]
Apr 11 07:31:50 ovzhost sshd[1683]: Received disconnect from 43.255.190.168: 11:  [preauth]
Apr 11 07:31:50 ovzhost sshd[1683]: PAM 2 more authentication failures; logname= uid=0 euid=0 tty=ssh ruser= rhost=43.255.190.168  user=root
Apr 11 07:31:51 ovzhost sshd[1679]: pam_unix(sshd:auth): authentication failure; logname= uid=0 euid=0 tty=ssh ruser= rhost=58.218.204.226  user=root
Apr 11 07:31:53 ovzhost sshd[1679]: Failed password for root from 58.218.204.226 port 33397 ssh2
Apr 11 07:31:55 ovzhost sshd[1687]: message repeated 2 times: [ Failed password for root from 43.255.190.164 port 42995 ssh2]
Apr 11 07:31:55 ovzhost sshd[1687]: Received disconnect from 43.255.190.164: 11:  [preauth]
Apr 11 07:31:55 ovzhost sshd[1687]: PAM 2 more authentication failures; logname= uid=0 euid=0 tty=ssh ruser= rhost=43.255.190.164  user=root
Apr 11 07:31:57 ovzhost sshd[1691]: pam_unix(sshd:auth): authentication failure; logname= uid=0 euid=0 tty=ssh ruser= rhost=43.255.190.164  user=root
Apr 11 07:31:58 ovzhost sshd[1689]: pam_unix(sshd:auth): authentication failure; logname= uid=0 euid=0 tty=ssh ruser= rhost=43.255.190.168  user=root
Apr 11 07:31:59 ovzhost sshd[1691]: Failed password for root from 43.255.190.164 port 33461 ssh2
Apr 11 07:32:00 ovzhost sshd[1689]: Failed password for root from 43.255.190.168 port 40923 ssh2
Apr 11 07:32:01 ovzhost sshd[1679]: message repeated 2 times: [ Failed password for root from 58.218.204.226 port 33397 ssh2]
Apr 11 07:32:01 ovzhost sshd[1679]: Received disconnect from 58.218.204.226: 11:  [preauth]
Apr 11 07:32:01 ovzhost sshd[1679]: PAM 2 more authentication failures; logname= uid=0 euid=0 tty=ssh ruser= rhost=58.218.204.226  user=root
Apr 11 07:32:02 ovzhost sshd[1691]: message repeated 2 times: [ Failed password for root from 43.255.190.164 port 33461 ssh2]
Apr 11 07:32:02 ovzhost sshd[1691]: Received disconnect from 43.255.190.164: 11:  [preauth]
Apr 11 07:32:02 ovzhost sshd[1691]: PAM 2 more authentication failures; logname= uid=0 euid=0 tty=ssh ruser= rhost=43.255.190.164  user=root
Apr 11 07:32:03 ovzhost sshd[1693]: pam_unix(sshd:auth): authentication failure; logname= uid=0 euid=0 tty=ssh ruser= rhost=43.255.190.164  user=root
Apr 11 07:32:04 ovzhost sshd[1689]: message repeated 2 times: [ Failed password for root from 43.255.190.168 port 40923 ssh2]
Apr 11 07:32:05 ovzhost sshd[1689]: Received disconnect from 43.255.190.168: 11:  [preauth]
Apr 11 07:32:05 ovzhost sshd[1689]: PAM 2 more authentication failures; logname= uid=0 euid=0 tty=ssh ruser= rhost=43.255.190.168  user=root
Apr 11 07:32:06 ovzhost sshd[1693]: Failed password for root from 43.255.190.164 port 52979 ssh2
Apr 11 07:32:06 ovzhost sshd[1697]: pam_unix(sshd:auth): authentication failure; logname= uid=0 euid=0 tty=ssh ruser= rhost=43.255.190.168  user=root
Apr 11 07:32:07 ovzhost sshd[1695]: pam_unix(sshd:auth): authentication failure; logname= uid=0 euid=0 tty=ssh ruser= rhost=58.218.204.226  user=root
Apr 11 07:32:08 ovzhost sshd[1697]: Failed password for root from 43.255.190.168 port 43917 ssh2
Apr 11 07:32:09 ovzhost sshd[1695]: Failed password for root from 58.218.204.226 port 47634 ssh2
Apr 11 07:32:10 ovzhost sshd[1693]: message repeated 2 times: [ Failed password for root from 43.255.190.164 port 52979 ssh2]
Apr 11 07:32:10 ovzhost sshd[1693]: Received disconnect from 43.255.190.164: 11:  [preauth]
Apr 11 07:32:10 ovzhost sshd[1693]: PAM 2 more authentication failures; logname= uid=0 euid=0 tty=ssh ruser= rhost=43.255.190.164  user=root
Apr 11 07:32:12 ovzhost sshd[1697]: message repeated 2 times: [ Failed password for root from 43.255.190.168 port 43917 ssh2]
Apr 11 07:32:13 ovzhost sshd[1697]: Received disconnect from 43.255.190.168: 11:  [preauth]
Apr 11 07:32:13 ovzhost sshd[1697]: PAM 2 more authentication failures; logname= uid=0 euid=0 tty=ssh ruser= rhost=43.255.190.168  user=root
Apr 11 07:32:16 ovzhost sshd[1702]: pam_unix(sshd:auth): authentication failure; logname= uid=0 euid=0 tty=ssh ruser= rhost=43.255.190.168  user=root
Apr 11 07:32:17 ovzhost sshd[1700]: pam_unix(sshd:auth): authentication failure; logname= uid=0 euid=0 tty=ssh ruser= rhost=43.255.190.164  user=root
Apr 11 07:32:18 ovzhost sshd[1702]: Failed password for root from 43.255.190.168 port 60505 ssh2
Apr 11 07:32:18 ovzhost sshd[1695]: message repeated 2 times: [ Failed password for root from 58.218.204.226 port 47634 ssh2]
Apr 11 07:32:18 ovzhost sshd[1695]: Received disconnect from 58.218.204.226: 11:  [preauth]
Apr 11 07:32:18 ovzhost sshd[1695]: PAM 2 more authentication failures; logname= uid=0 euid=0 tty=ssh ruser= rhost=58.218.204.226  user=root
Apr 11 07:32:18 ovzhost sshd[1700]: Failed password for root from 43.255.190.164 port 43106 ssh2
Apr 11 07:32:22 ovzhost sshd[1704]: pam_unix(sshd:auth): authentication failure; logname= uid=0 euid=0 tty=ssh ruser= rhost=58.218.204.226  user=root
Apr 11 07:32:22 ovzhost sshd[1702]: message repeated 2 times: [ Failed password for root from 43.255.190.168 port 60505 ssh2]
Apr 11 07:32:22 ovzhost sshd[1702]: Received disconnect from 43.255.190.168: 11:  [preauth]
Apr 11 07:32:22 ovzhost sshd[1702]: PAM 2 more authentication failures; logname= uid=0 euid=0 tty=ssh ruser= rhost=43.255.190.168  user=root
Apr 11 07:32:23 ovzhost sshd[1700]: message repeated 2 times: [ Failed password for root from 43.255.190.164 port 43106 ssh2]
Apr 11 07:32:23 ovzhost sshd[1700]: Received disconnect from 43.255.190.164: 11:  [preauth]
Apr 11 07:32:23 ovzhost sshd[1700]: PAM 2 more authentication failures; logname= uid=0 euid=0 tty=ssh ruser= rhost=43.255.190.164  user=root
Apr 11 07:32:24 ovzhost sshd[1706]: pam_unix(sshd:auth): authentication failure; logname= uid=0 euid=0 tty=ssh ruser= rhost=43.255.190.168  user=root
Apr 11 07:32:25 ovzhost sshd[1704]: Failed password for root from 58.218.204.226 port 53357 ssh2
Apr 11 07:32:25 ovzhost sshd[1708]: pam_unix(sshd:auth): authentication failure; logname= uid=0 euid=0 tty=ssh ruser= rhost=43.255.190.164  user=root
Apr 11 07:32:26 ovzhost sshd[1706]: Failed password for root from 43.255.190.168 port 53083 ssh2
Apr 11 07:32:27 ovzhost sshd[1708]: Failed password for root from 43.255.190.164 port 46724 ssh2
Apr 11 07:32:31 ovzhost sshd[1704]: message repeated 2 times: [ Failed password for root from 58.218.204.226 port 53357 ssh2]
Apr 11 07:32:31 ovzhost sshd[1704]: Received disconnect from 58.218.204.226: 11:  [preauth]
Apr 11 07:32:31 ovzhost sshd[1704]: PAM 2 more authentication failures; logname= uid=0 euid=0 tty=ssh ruser= rhost=58.218.204.226  user=root
Apr 11 07:32:31 ovzhost sshd[1706]: message repeated 2 times: [ Failed password for root from 43.255.190.168 port 53083 ssh2]
Apr 11 07:32:31 ovzhost sshd[1706]: Received disconnect from 43.255.190.168: 11:  [preauth]
Apr 11 07:32:31 ovzhost sshd[1706]: PAM 2 more authentication failures; logname= uid=0 euid=0 tty=ssh ruser= rhost=43.255.190.168  user=root
Apr 11 07:32:32 ovzhost sshd[1711]: pam_unix(sshd:auth): authentication failure; logname= uid=0 euid=0 tty=ssh ruser= rhost=43.255.190.168  user=root
Apr 11 07:32:32 ovzhost sshd[1708]: message repeated 2 times: [ Failed password for root from 43.255.190.164 port 46724 ssh2]
Apr 11 07:32:32 ovzhost sshd[1708]: Received disconnect from 43.255.190.164: 11:  [preauth]
Apr 11 07:32:32 ovzhost sshd[1708]: PAM 2 more authentication failures; logname= uid=0 euid=0 tty=ssh ruser= rhost=43.255.190.164  user=root
Apr 11 07:32:33 ovzhost sshd[1715]: pam_unix(sshd:auth): authentication failure; logname= uid=0 euid=0 tty=ssh ruser= rhost=43.255.190.164  user=root
Apr 11 07:32:34 ovzhost sshd[1711]: Failed password for root from 43.255.190.168 port 42745 ssh2
Apr 11 07:32:36 ovzhost sshd[1715]: Failed password for root from 43.255.190.164 port 40102 ssh2
Apr 11 07:32:36 ovzhost sshd[1713]: pam_unix(sshd:auth): authentication failure; logname= uid=0 euid=0 tty=ssh ruser= rhost=58.218.204.226  user=root
Apr 11 07:32:37 ovzhost sshd[1713]: Failed password for root from 58.218.204.226 port 47475 ssh2
Apr 11 07:32:40 ovzhost sshd[1715]: message repeated 2 times: [ Failed password for root from 43.255.190.164 port 40102 ssh2]
Apr 11 07:32:40 ovzhost sshd[1715]: Received disconnect from 43.255.190.164: 11:  [preauth]
Apr 11 07:32:40 ovzhost sshd[1715]: PAM 2 more authentication failures; logname= uid=0 euid=0 tty=ssh ruser= rhost=43.255.190.164  user=root
Apr 11 07:32:39 ovzhost sshd[1711]: message repeated 2 times: [ Failed password for root from 43.255.190.168 port 42745 ssh2]
Apr 11 07:32:40 ovzhost sshd[1711]: Received disconnect from 43.255.190.168: 11:  [preauth]
Apr 11 07:32:40 ovzhost sshd[1711]: PAM 2 more authentication failures; logname= uid=0 euid=0 tty=ssh ruser= rhost=43.255.190.168  user=root
Apr 11 07:32:41 ovzhost sshd[1719]: pam_unix(sshd:auth): authentication failure; logname= uid=0 euid=0 tty=ssh ruser= rhost=43.255.190.168  user=root
Apr 11 07:32:41 ovzhost sshd[1717]: pam_unix(sshd:auth): authentication failure; logname= uid=0 euid=0 tty=ssh ruser= rhost=43.255.190.164  user=root
Apr 11 07:32:43 ovzhost sshd[1719]: Failed password for root from 43.255.190.168 port 32806 ssh2
Apr 11 07:32:43 ovzhost sshd[1717]: Failed password for root from 43.255.190.164 port 57901 ssh2
Apr 11 07:32:43 ovzhost sshd[1713]: message repeated 2 times: [ Failed password for root from 58.218.204.226 port 47475 ssh2]
Apr 11 07:32:46 ovzhost sshd[1713]: Received disconnect from 58.218.204.226: 11:  [preauth]
Apr 11 07:32:46 ovzhost sshd[1713]: PAM 2 more authentication failures; logname= uid=0 euid=0 tty=ssh ruser= rhost=58.218.204.226  user=root
Apr 11 07:32:46 ovzhost sshd[1725]: Invalid user zenoss from 221.146.74.146
Apr 11 07:32:46 ovzhost sshd[1725]: input_userauth_request: invalid user zenoss [preauth]
Apr 11 07:32:46 ovzhost sshd[1725]: pam_unix(sshd:auth): check pass; user unknown
Apr 11 07:32:46 ovzhost sshd[1725]: pam_unix(sshd:auth): authentication failure; logname= uid=0 euid=0 tty=ssh ruser= rhost=221.146.74.146 
Apr 11 07:32:48 ovzhost sshd[1719]: message repeated 2 times: [ Failed password for root from 43.255.190.168 port 32806 ssh2]
Apr 11 07:32:48 ovzhost sshd[1719]: Received disconnect from 43.255.190.168: 11:  [preauth]
Apr 11 07:32:48 ovzhost sshd[1719]: PAM 2 more authentication failures; logname= uid=0 euid=0 tty=ssh ruser= rhost=43.255.190.168  user=root
Apr 11 07:32:48 ovzhost sshd[1717]: message repeated 2 times: [ Failed password for root from 43.255.190.164 port 57901 ssh2]
Apr 11 07:32:48 ovzhost sshd[1717]: Received disconnect from 43.255.190.164: 11:  [preauth]
Apr 11 07:32:48 ovzhost sshd[1717]: PAM 2 more authentication failures; logname= uid=0 euid=0 tty=ssh ruser= rhost=43.255.190.164  user=root
Apr 11 07:32:48 ovzhost sshd[1725]: Failed password for invalid user zenoss from 221.146.74.146 port 54599 ssh2
Apr 11 07:32:49 ovzhost sshd[1725]: Connection closed by 221.146.74.146 [preauth]
Apr 11 07:32:49 ovzhost sshd[1729]: pam_unix(sshd:auth): authentication failure; logname= uid=0 euid=0 tty=ssh ruser= rhost=43.255.190.164  user=root
Apr 11 07:32:50 ovzhost sshd[1727]: pam_unix(sshd:auth): authentication failure; logname= uid=0 euid=0 tty=ssh ruser= rhost=43.255.190.168  user=root
Apr 11 07:32:52 ovzhost sshd[1729]: Failed password for root from 43.255.190.164 port 49176 ssh2
Apr 11 07:32:52 ovzhost sshd[1727]: Failed password for root from 43.255.190.168 port 49074 ssh2
Apr 11 07:32:57 ovzhost sshd[1727]: message repeated 2 times: [ Failed password for root from 43.255.190.168 port 49074 ssh2]
Apr 11 07:32:57 ovzhost sshd[1727]: Received disconnect from 43.255.190.168: 11:  [preauth]
Apr 11 07:32:57 ovzhost sshd[1727]: PAM 2 more authentication failures; logname= uid=0 euid=0 tty=ssh ruser= rhost=43.255.190.168  user=root
Apr 11 07:32:57 ovzhost sshd[1729]: message repeated 2 times: [ Failed password for root from 43.255.190.164 port 49176 ssh2]
Apr 11 07:32:57 ovzhost sshd[1729]: Received disconnect from 43.255.190.164: 11:  [preauth]
Apr 11 07:32:57 ovzhost sshd[1729]: PAM 2 more authentication failures; logname= uid=0 euid=0 tty=ssh ruser= rhost=43.255.190.164  user=root
Apr 11 07:32:59 ovzhost sshd[1723]: Connection closed by 58.218.204.226 [preauth]
Apr 11 07:33:11 ovzhost sshd[1731]: pam_unix(sshd:auth): authentication failure; logname= uid=0 euid=0 tty=ssh ruser= rhost=58.218.204.226  user=root
Apr 11 07:33:13 ovzhost sshd[1734]: Invalid user trouble from 80.242.123.130
Apr 11 07:33:13 ovzhost sshd[1734]: input_userauth_request: invalid user trouble [preauth]
Apr 11 07:33:13 ovzhost sshd[1734]: pam_unix(sshd:auth): check pass; user unknown
Apr 11 07:33:13 ovzhost sshd[1734]: pam_unix(sshd:auth): authentication failure; logname= uid=0 euid=0 tty=ssh ruser= rhost=130-123-242-80.pppoe.dyn.broadband.blic.net 
Apr 11 07:33:13 ovzhost sshd[1731]: Failed password for root from 58.218.204.226 port 44066 ssh2
Apr 11 07:33:15 ovzhost sshd[1734]: Failed password for invalid user trouble from 80.242.123.130 port 41571 ssh2
Apr 11 07:33:15 ovzhost sshd[1734]: Received disconnect from 80.242.123.130: 11: Bye Bye [preauth]
Apr 11 07:33:19 ovzhost sshd[1731]: message repeated 2 times: [ Failed password for root from 58.218.204.226 port 44066 ssh2]
Apr 11 07:33:19 ovzhost sshd[1731]: Received disconnect from 58.218.204.226: 11:  [preauth]
Apr 11 07:33:19 ovzhost sshd[1731]: PAM 2 more authentication failures; logname= uid=0 euid=0 tty=ssh ruser= rhost=58.218.204.226  user=root
Apr 11 07:33:22 ovzhost sshd[1736]: pam_unix(sshd:auth): authentication failure; logname= uid=0 euid=0 tty=ssh ruser= rhost=58.218.204.226  user=root
Apr 11 07:33:25 ovzhost sshd[1736]: Failed password for root from 58.218.204.226 port 56230 ssh2
Apr 11 07:33:35 ovzhost sshd[1736]: message repeated 2 times: [ Failed password for root from 58.218.204.226 port 56230 ssh2]
Apr 11 07:33:35 ovzhost sshd[1736]: Received disconnect from 58.218.204.226: 11:  [preauth]
Apr 11 07:33:35 ovzhost sshd[1736]: PAM 2 more authentication failures; logname= uid=0 euid=0 tty=ssh ruser= rhost=58.218.204.226  user=root
Apr 11 07:33:39 ovzhost sshd[1738]: pam_unix(sshd:auth): authentication failure; logname= uid=0 euid=0 tty=ssh ruser= rhost=58.218.204.226  user=root
Apr 11 07:33:42 ovzhost sshd[1738]: Failed password for root from 58.218.204.226 port 57797 ssh2
Apr 11 07:33:47 ovzhost sshd[1738]: message repeated 2 times: [ Failed password for root from 58.218.204.226 port 57797 ssh2]
Apr 11 07:33:47 ovzhost sshd[1738]: Received disconnect from 58.218.204.226: 11:  [preauth]
Apr 11 07:33:47 ovzhost sshd[1738]: PAM 2 more authentication failures; logname= uid=0 euid=0 tty=ssh ruser= rhost=58.218.204.226  user=root
Apr 11 07:33:51 ovzhost sshd[1740]: pam_unix(sshd:auth): authentication failure; logname= uid=0 euid=0 tty=ssh ruser= rhost=58.218.204.226  user=root
Apr 11 07:33:53 ovzhost sshd[1740]: Failed password for root from 58.218.204.226 port 50950 ssh2
Apr 11 07:33:56 ovzhost sshd[1740]: message repeated 2 times: [ Failed password for root from 58.218.204.226 port 50950 ssh2]
Apr 11 07:33:57 ovzhost sshd[1740]: Received disconnect from 58.218.204.226: 11:  [preauth]
Apr 11 07:33:57 ovzhost sshd[1740]: PAM 2 more authentication failures; logname= uid=0 euid=0 tty=ssh ruser= rhost=58.218.204.226  user=root
Apr 11 07:34:00 ovzhost sshd[1744]: pam_unix(sshd:auth): authentication failure; logname= uid=0 euid=0 tty=ssh ruser= rhost=58.218.204.226  user=root
Apr 11 07:34:02 ovzhost sshd[1744]: Failed password for root from 58.218.204.226 port 44120 ssh2
Apr 11 07:34:07 ovzhost sshd[1744]: message repeated 2 times: [ Failed password for root from 58.218.204.226 port 44120 ssh2]
Apr 11 07:34:07 ovzhost sshd[1744]: Received disconnect from 58.218.204.226: 11:  [preauth]
Apr 11 07:34:07 ovzhost sshd[1744]: PAM 2 more authentication failures; logname= uid=0 euid=0 tty=ssh ruser= rhost=58.218.204.226  user=root
Apr 11 07:34:10 ovzhost sshd[1746]: pam_unix(sshd:auth): authentication failure; logname= uid=0 euid=0 tty=ssh ruser= rhost=58.218.204.226  user=root
Apr 11 07:34:13 ovzhost sshd[1746]: Failed password for root from 58.218.204.226 port 37510 ssh2
Apr 11 07:34:17 ovzhost sshd[1746]: message repeated 2 times: [ Failed password for root from 58.218.204.226 port 37510 ssh2]
Apr 11 07:34:17 ovzhost sshd[1746]: Received disconnect from 58.218.204.226: 11:  [preauth]
Apr 11 07:34:17 ovzhost sshd[1746]: PAM 2 more authentication failures; logname= uid=0 euid=0 tty=ssh ruser= rhost=58.218.204.226  user=root
Apr 11 07:34:20 ovzhost sshd[1750]: pam_unix(sshd:auth): authentication failure; logname= uid=0 euid=0 tty=ssh ruser= rhost=58.218.204.226  user=root
Apr 11 07:34:22 ovzhost sshd[1750]: Failed password for root from 58.218.204.226 port 33285 ssh2
Apr 11 07:34:26 ovzhost sshd[1750]: message repeated 2 times: [ Failed password for root from 58.218.204.226 port 33285 ssh2]
Apr 11 07:34:27 ovzhost sshd[1750]: Received disconnect from 58.218.204.226: 11:  [preauth]
Apr 11 07:34:27 ovzhost sshd[1750]: PAM 2 more authentication failures; logname= uid=0 euid=0 tty=ssh ruser= rhost=58.218.204.226  user=root
Apr 11 07:35:08 ovzhost sshd[1753]: Connection closed by 127.0.0.1 [preauth]
