Apr  2 14:31:44 ovzhost sshd[780]: Connection closed by 127.0.0.1 [preauth]
Apr  2 14:35:40 ovzhost sshd[811]: Connection closed by 128.8.37.120 [preauth]
Apr  2 14:36:44 ovzhost sshd[820]: Connection closed by 127.0.0.1 [preauth]
Apr 11 03:38:15 ovzhost sshd[789]: pam_unix(sshd:auth): authentication failure; logname= uid=0 euid=0 tty=ssh ruser= rhost=ec2-52-28-29-24.eu-central-1.compute.amazonaws.com  user=root
Apr 11 03:38:17 ovzhost sshd[789]: Failed password for root from 52.28.29.24 port 40337 ssh2
Apr 11 03:38:17 ovzhost sshd[789]: Connection closed by 52.28.29.24 [preauth]
Apr 11 03:39:01 ovzhost CRON[796]: pam_env(cron:session): Unable to open env file: /etc/default/locale: No such file or directory
Apr 11 03:39:01 ovzhost CRON[796]: pam_unix(cron:session): session opened for user root by (uid=0)
Apr 11 03:39:01 ovzhost CRON[796]: pam_unix(cron:session): session closed for user root
Apr 11 03:39:19 ovzhost sshd[810]: Connection closed by 127.0.0.1 [preauth]
Apr 11 03:40:01 ovzhost CRON[813]: pam_env(cron:session): Unable to open env file: /etc/default/locale: No such file or directory
Apr 11 03:40:01 ovzhost CRON[813]: pam_unix(cron:session): session opened for user smmsp by (uid=0)
Apr 11 03:40:01 ovzhost CRON[813]: pam_unix(cron:session): session closed for user smmsp
Apr 11 03:40:12 ovzhost sshd[839]: pam_unix(sshd:auth): authentication failure; logname= uid=0 euid=0 tty=ssh ruser= rhost=58.218.204.245  user=root
Apr 11 03:40:14 ovzhost sshd[839]: Failed password for root from 58.218.204.245 port 41753 ssh2
Apr 11 03:40:21 ovzhost sshd[839]: message repeated 2 times: [ Failed password for root from 58.218.204.245 port 41753 ssh2]
Apr 11 03:40:22 ovzhost sshd[839]: Received disconnect from 58.218.204.245: 11:  [preauth]
Apr 11 03:40:22 ovzhost sshd[839]: PAM 2 more authentication failures; logname= uid=0 euid=0 tty=ssh ruser= rhost=58.218.204.245  user=root
Apr 11 03:40:26 ovzhost sshd[842]: pam_unix(sshd:auth): authentication failure; logname= uid=0 euid=0 tty=ssh ruser= rhost=58.218.204.245  user=root
Apr 11 03:40:27 ovzhost sshd[842]: Failed password for root from 58.218.204.245 port 42832 ssh2
Apr 11 03:40:40 ovzhost sshd[842]: message repeated 2 times: [ Failed password for root from 58.218.204.245 port 42832 ssh2]
Apr 11 03:40:40 ovzhost sshd[842]: Received disconnect from 58.218.204.245: 11:  [preauth]
Apr 11 03:40:40 ovzhost sshd[842]: PAM 2 more authentication failures; logname= uid=0 euid=0 tty=ssh ruser= rhost=58.218.204.245  user=root
Apr 11 03:40:43 ovzhost sshd[849]: Connection closed by 128.8.37.120 [preauth]
Apr 11 03:40:50 ovzhost sshd[846]: pam_unix(sshd:auth): authentication failure; logname= uid=0 euid=0 tty=ssh ruser= rhost=58.218.204.245  user=root
Apr 11 03:40:51 ovzhost sshd[846]: Failed password for root from 58.218.204.245 port 42753 ssh2
Apr 11 03:40:56 ovzhost sshd[846]: message repeated 2 times: [ Failed password for root from 58.218.204.245 port 42753 ssh2]
Apr 11 03:40:56 ovzhost sshd[846]: Received disconnect from 58.218.204.245: 11:  [preauth]
Apr 11 03:40:56 ovzhost sshd[846]: PAM 2 more authentication failures; logname= uid=0 euid=0 tty=ssh ruser= rhost=58.218.204.245  user=root
Apr 11 03:41:02 ovzhost sshd[853]: pam_unix(sshd:auth): authentication failure; logname= uid=0 euid=0 tty=ssh ruser= rhost=58.218.204.245  user=root
Apr 11 03:41:03 ovzhost sshd[853]: Failed password for root from 58.218.204.245 port 38783 ssh2
Apr 11 03:41:08 ovzhost sshd[853]: message repeated 2 times: [ Failed password for root from 58.218.204.245 port 38783 ssh2]
Apr 11 03:41:08 ovzhost sshd[853]: Received disconnect from 58.218.204.245: 11:  [preauth]
Apr 11 03:41:08 ovzhost sshd[853]: PAM 2 more authentication failures; logname= uid=0 euid=0 tty=ssh ruser= rhost=58.218.204.245  user=root
Apr 11 03:41:13 ovzhost sshd[855]: pam_unix(sshd:auth): authentication failure; logname= uid=0 euid=0 tty=ssh ruser= rhost=58.218.204.245  user=root
Apr 11 03:41:15 ovzhost sshd[855]: Failed password for root from 58.218.204.245 port 56368 ssh2
Apr 11 03:41:20 ovzhost sshd[855]: message repeated 2 times: [ Failed password for root from 58.218.204.245 port 56368 ssh2]
Apr 11 03:41:20 ovzhost sshd[855]: Received disconnect from 58.218.204.245: 11:  [preauth]
Apr 11 03:41:20 ovzhost sshd[855]: PAM 2 more authentication failures; logname= uid=0 euid=0 tty=ssh ruser= rhost=58.218.204.245  user=root
Apr 11 03:41:25 ovzhost sshd[857]: pam_unix(sshd:auth): authentication failure; logname= uid=0 euid=0 tty=ssh ruser= rhost=58.218.204.245  user=root
Apr 11 03:41:27 ovzhost sshd[857]: Failed password for root from 58.218.204.245 port 44533 ssh2
Apr 11 03:41:32 ovzhost sshd[857]: message repeated 2 times: [ Failed password for root from 58.218.204.245 port 44533 ssh2]
Apr 11 03:41:33 ovzhost sshd[857]: Received disconnect from 58.218.204.245: 11:  [preauth]
Apr 11 03:41:33 ovzhost sshd[857]: PAM 2 more authentication failures; logname= uid=0 euid=0 tty=ssh ruser= rhost=58.218.204.245  user=root
Apr 11 03:41:46 ovzhost sshd[859]: pam_unix(sshd:auth): authentication failure; logname= uid=0 euid=0 tty=ssh ruser= rhost=58.218.204.245  user=root
Apr 11 03:41:48 ovzhost sshd[859]: Failed password for root from 58.218.204.245 port 34957 ssh2
Apr 11 03:41:56 ovzhost sshd[859]: Received disconnect from 58.218.204.245: 11:  [preauth]
Apr 11 03:42:00 ovzhost sshd[863]: pam_unix(sshd:auth): authentication failure; logname= uid=0 euid=0 tty=ssh ruser= rhost=58.218.204.245  user=root
Apr 11 03:42:02 ovzhost sshd[863]: Failed password for root from 58.218.204.245 port 40023 ssh2
Apr 11 03:42:07 ovzhost sshd[863]: message repeated 2 times: [ Failed password for root from 58.218.204.245 port 40023 ssh2]
Apr 11 03:42:07 ovzhost sshd[863]: Received disconnect from 58.218.204.245: 11:  [preauth]
Apr 11 03:42:07 ovzhost sshd[863]: PAM 2 more authentication failures; logname= uid=0 euid=0 tty=ssh ruser= rhost=58.218.204.245  user=root
Apr 11 03:42:20 ovzhost sshd[865]: pam_unix(sshd:auth): authentication failure; logname= uid=0 euid=0 tty=ssh ruser= rhost=58.218.204.245  user=root
Apr 11 03:42:23 ovzhost sshd[865]: Failed password for root from 58.218.204.245 port 56342 ssh2
Apr 11 03:42:28 ovzhost sshd[865]: message repeated 2 times: [ Failed password for root from 58.218.204.245 port 56342 ssh2]
Apr 11 03:42:29 ovzhost sshd[865]: Received disconnect from 58.218.204.245: 11:  [preauth]
Apr 11 03:42:29 ovzhost sshd[865]: PAM 2 more authentication failures; logname= uid=0 euid=0 tty=ssh ruser= rhost=58.218.204.245  user=root
Apr 11 03:42:33 ovzhost sshd[869]: pam_unix(sshd:auth): authentication failure; logname= uid=0 euid=0 tty=ssh ruser= rhost=58.218.204.245  user=root
Apr 11 03:42:35 ovzhost sshd[869]: Failed password for root from 58.218.204.245 port 58913 ssh2
Apr 11 03:42:41 ovzhost sshd[869]: message repeated 2 times: [ Failed password for root from 58.218.204.245 port 58913 ssh2]
Apr 11 03:42:41 ovzhost sshd[869]: Received disconnect from 58.218.204.245: 11:  [preauth]
Apr 11 03:42:41 ovzhost sshd[869]: PAM 2 more authentication failures; logname= uid=0 euid=0 tty=ssh ruser= rhost=58.218.204.245  user=root
Apr 11 03:42:50 ovzhost sshd[873]: pam_unix(sshd:auth): authentication failure; logname= uid=0 euid=0 tty=ssh ruser= rhost=58.218.204.245  user=root
Apr 11 03:42:53 ovzhost sshd[873]: Failed password for root from 58.218.204.245 port 48510 ssh2
Apr 11 03:43:00 ovzhost sshd[873]: message repeated 2 times: [ Failed password for root from 58.218.204.245 port 48510 ssh2]
Apr 11 03:43:01 ovzhost sshd[873]: Received disconnect from 58.218.204.245: 11:  [preauth]
Apr 11 03:43:01 ovzhost sshd[873]: PAM 2 more authentication failures; logname= uid=0 euid=0 tty=ssh ruser= rhost=58.218.204.245  user=root
Apr 11 03:43:08 ovzhost sshd[875]: pam_unix(sshd:auth): authentication failure; logname= uid=0 euid=0 tty=ssh ruser= rhost=58.218.204.245  user=root
Apr 11 03:43:11 ovzhost sshd[875]: Failed password for root from 58.218.204.245 port 49824 ssh2
Apr 11 03:43:16 ovzhost sshd[875]: message repeated 2 times: [ Failed password for root from 58.218.204.245 port 49824 ssh2]
Apr 11 03:43:17 ovzhost sshd[875]: Received disconnect from 58.218.204.245: 11:  [preauth]
Apr 11 03:43:17 ovzhost sshd[875]: PAM 2 more authentication failures; logname= uid=0 euid=0 tty=ssh ruser= rhost=58.218.204.245  user=root
Apr 11 03:43:31 ovzhost sshd[880]: Received disconnect from 58.218.204.245: 11:  [preauth]
Apr 11 03:44:19 ovzhost sshd[885]: Connection closed by 127.0.0.1 [preauth]
Apr 11 03:45:36 ovzhost sshd[890]: Invalid user mountfsys from 80.242.123.130
Apr 11 03:45:36 ovzhost sshd[890]: input_userauth_request: invalid user mountfsys [preauth]
Apr 11 03:45:36 ovzhost sshd[890]: pam_unix(sshd:auth): check pass; user unknown
Apr 11 03:45:36 ovzhost sshd[890]: pam_unix(sshd:auth): authentication failure; logname= uid=0 euid=0 tty=ssh ruser= rhost=130-123-242-80.pppoe.dyn.broadband.blic.net 
Apr 11 03:45:38 ovzhost sshd[890]: Failed password for invalid user mountfsys from 80.242.123.130 port 36707 ssh2
Apr 11 03:45:38 ovzhost sshd[890]: Received disconnect from 80.242.123.130: 11: Bye Bye [preauth]
Apr 11 03:49:19 ovzhost sshd[909]: Connection closed by 127.0.0.1 [preauth]
Apr 11 03:49:33 ovzhost sshd[911]: pam_unix(sshd:auth): authentication failure; logname= uid=0 euid=0 tty=ssh ruser= rhost=43.255.190.139  user=root
Apr 11 03:49:35 ovzhost sshd[911]: Failed password for root from 43.255.190.139 port 50319 ssh2
Apr 11 03:49:37 ovzhost sshd[913]: pam_unix(sshd:auth): authentication failure; logname= uid=0 euid=0 tty=ssh ruser= rhost=43.255.190.118  user=root
Apr 11 03:49:39 ovzhost sshd[911]: message repeated 2 times: [ Failed password for root from 43.255.190.139 port 50319 ssh2]
Apr 11 03:49:39 ovzhost sshd[911]: Received disconnect from 43.255.190.139: 11:  [preauth]
Apr 11 03:49:39 ovzhost sshd[911]: PAM 2 more authentication failures; logname= uid=0 euid=0 tty=ssh ruser= rhost=43.255.190.139  user=root
Apr 11 03:49:39 ovzhost sshd[913]: Failed password for root from 43.255.190.118 port 45685 ssh2
Apr 11 03:49:42 ovzhost sshd[915]: pam_unix(sshd:auth): authentication failure; logname= uid=0 euid=0 tty=ssh ruser= rhost=43.255.190.139  user=root
Apr 11 03:49:44 ovzhost sshd[915]: Failed password for root from 43.255.190.139 port 41351 ssh2
Apr 11 03:49:46 ovzhost sshd[913]: message repeated 2 times: [ Failed password for root from 43.255.190.118 port 45685 ssh2]
Apr 11 03:49:46 ovzhost sshd[913]: Received disconnect from 43.255.190.118: 11:  [preauth]
Apr 11 03:49:46 ovzhost sshd[913]: PAM 2 more authentication failures; logname= uid=0 euid=0 tty=ssh ruser= rhost=43.255.190.118  user=root
Apr 11 03:49:47 ovzhost sshd[918]: pam_unix(sshd:auth): authentication failure; logname= uid=0 euid=0 tty=ssh ruser= rhost=43.255.190.118  user=root
Apr 11 03:49:49 ovzhost sshd[915]: message repeated 2 times: [ Failed password for root from 43.255.190.139 port 41351 ssh2]
Apr 11 03:49:49 ovzhost sshd[915]: Received disconnect from 43.255.190.139: 11:  [preauth]
Apr 11 03:49:49 ovzhost sshd[915]: PAM 2 more authentication failures; logname= uid=0 euid=0 tty=ssh ruser= rhost=43.255.190.139  user=root
Apr 11 03:49:49 ovzhost sshd[918]: Failed password for root from 43.255.190.118 port 37018 ssh2
Apr 11 03:49:50 ovzhost sshd[920]: pam_unix(sshd:auth): authentication failure; logname= uid=0 euid=0 tty=ssh ruser= rhost=43.255.190.139  user=root
Apr 11 03:49:52 ovzhost sshd[920]: Failed password for root from 43.255.190.139 port 36871 ssh2
Apr 11 03:49:53 ovzhost sshd[918]: message repeated 2 times: [ Failed password for root from 43.255.190.118 port 37018 ssh2]
Apr 11 03:49:54 ovzhost sshd[918]: Received disconnect from 43.255.190.118: 11:  [preauth]
Apr 11 03:49:54 ovzhost sshd[918]: PAM 2 more authentication failures; logname= uid=0 euid=0 tty=ssh ruser= rhost=43.255.190.118  user=root
Apr 11 03:49:57 ovzhost sshd[922]: pam_unix(sshd:auth): authentication failure; logname= uid=0 euid=0 tty=ssh ruser= rhost=43.255.190.118  user=root
Apr 11 03:49:57 ovzhost sshd[920]: message repeated 2 times: [ Failed password for root from 43.255.190.139 port 36871 ssh2]
Apr 11 03:49:57 ovzhost sshd[920]: Received disconnect from 43.255.190.139: 11:  [preauth]
Apr 11 03:49:57 ovzhost sshd[920]: PAM 2 more authentication failures; logname= uid=0 euid=0 tty=ssh ruser= rhost=43.255.190.139  user=root
Apr 11 03:49:59 ovzhost sshd[922]: Failed password for root from 43.255.190.118 port 54312 ssh2
Apr 11 03:49:59 ovzhost sshd[924]: pam_unix(sshd:auth): authentication failure; logname= uid=0 euid=0 tty=ssh ruser= rhost=43.255.190.139  user=root
Apr 11 03:50:01 ovzhost sshd[924]: Failed password for root from 43.255.190.139 port 57702 ssh2
Apr 11 03:50:03 ovzhost sshd[922]: message repeated 2 times: [ Failed password for root from 43.255.190.118 port 54312 ssh2]
Apr 11 03:50:03 ovzhost sshd[922]: Received disconnect from 43.255.190.118: 11:  [preauth]
Apr 11 03:50:03 ovzhost sshd[922]: PAM 2 more authentication failures; logname= uid=0 euid=0 tty=ssh ruser= rhost=43.255.190.118  user=root
Apr 11 03:50:05 ovzhost sshd[924]: message repeated 2 times: [ Failed password for root from 43.255.190.139 port 57702 ssh2]
Apr 11 03:50:05 ovzhost sshd[924]: Received disconnect from 43.255.190.139: 11:  [preauth]
Apr 11 03:50:05 ovzhost sshd[924]: PAM 2 more authentication failures; logname= uid=0 euid=0 tty=ssh ruser= rhost=43.255.190.139  user=root
Apr 11 03:50:05 ovzhost sshd[926]: pam_unix(sshd:auth): authentication failure; logname= uid=0 euid=0 tty=ssh ruser= rhost=43.255.190.118  user=root
Apr 11 03:50:06 ovzhost sshd[928]: pam_unix(sshd:auth): authentication failure; logname= uid=0 euid=0 tty=ssh ruser= rhost=43.255.190.139  user=root
Apr 11 03:50:08 ovzhost sshd[926]: Failed password for root from 43.255.190.118 port 44497 ssh2
Apr 11 03:50:08 ovzhost sshd[928]: Failed password for root from 43.255.190.139 port 49805 ssh2
Apr 11 03:50:13 ovzhost sshd[928]: message repeated 2 times: [ Failed password for root from 43.255.190.139 port 49805 ssh2]
Apr 11 03:50:13 ovzhost sshd[928]: Received disconnect from 43.255.190.139: 11:  [preauth]
Apr 11 03:50:13 ovzhost sshd[928]: PAM 2 more authentication failures; logname= uid=0 euid=0 tty=ssh ruser= rhost=43.255.190.139  user=root
Apr 11 03:50:13 ovzhost sshd[926]: message repeated 2 times: [ Failed password for root from 43.255.190.118 port 44497 ssh2]
Apr 11 03:50:13 ovzhost sshd[926]: Received disconnect from 43.255.190.118: 11:  [preauth]
Apr 11 03:50:13 ovzhost sshd[926]: PAM 2 more authentication failures; logname= uid=0 euid=0 tty=ssh ruser= rhost=43.255.190.118  user=root
Apr 11 03:50:14 ovzhost sshd[931]: pam_unix(sshd:auth): authentication failure; logname= uid=0 euid=0 tty=ssh ruser= rhost=43.255.190.118  user=root
Apr 11 03:50:14 ovzhost sshd[932]: pam_unix(sshd:auth): authentication failure; logname= uid=0 euid=0 tty=ssh ruser= rhost=43.255.190.139  user=root
Apr 11 03:50:16 ovzhost sshd[931]: Failed password for root from 43.255.190.118 port 36875 ssh2
Apr 11 03:50:16 ovzhost sshd[932]: Failed password for root from 43.255.190.139 port 40698 ssh2
Apr 11 03:50:20 ovzhost sshd[932]: message repeated 2 times: [ Failed password for root from 43.255.190.139 port 40698 ssh2]
Apr 11 03:50:20 ovzhost sshd[932]: Received disconnect from 43.255.190.139: 11:  [preauth]
Apr 11 03:50:20 ovzhost sshd[932]: PAM 2 more authentication failures; logname= uid=0 euid=0 tty=ssh ruser= rhost=43.255.190.139  user=root
Apr 11 03:50:20 ovzhost sshd[931]: message repeated 2 times: [ Failed password for root from 43.255.190.118 port 36875 ssh2]
Apr 11 03:50:20 ovzhost sshd[931]: Received disconnect from 43.255.190.118: 11:  [preauth]
Apr 11 03:50:20 ovzhost sshd[931]: PAM 2 more authentication failures; logname= uid=0 euid=0 tty=ssh ruser= rhost=43.255.190.118  user=root
Apr 11 03:50:22 ovzhost sshd[935]: pam_unix(sshd:auth): authentication failure; logname= uid=0 euid=0 tty=ssh ruser= rhost=43.255.190.139  user=root
Apr 11 03:50:23 ovzhost sshd[936]: pam_unix(sshd:auth): authentication failure; logname= uid=0 euid=0 tty=ssh ruser= rhost=43.255.190.118  user=root
Apr 11 03:50:24 ovzhost sshd[935]: Failed password for root from 43.255.190.139 port 58856 ssh2
Apr 11 03:50:24 ovzhost sshd[936]: Failed password for root from 43.255.190.118 port 52494 ssh2
Apr 11 03:50:29 ovzhost sshd[935]: message repeated 2 times: [ Failed password for root from 43.255.190.139 port 58856 ssh2]
Apr 11 03:50:29 ovzhost sshd[935]: Received disconnect from 43.255.190.139: 11:  [preauth]
Apr 11 03:50:29 ovzhost sshd[935]: PAM 2 more authentication failures; logname= uid=0 euid=0 tty=ssh ruser= rhost=43.255.190.139  user=root
Apr 11 03:50:29 ovzhost sshd[936]: message repeated 2 times: [ Failed password for root from 43.255.190.118 port 52494 ssh2]
Apr 11 03:50:29 ovzhost sshd[936]: Received disconnect from 43.255.190.118: 11:  [preauth]
Apr 11 03:50:29 ovzhost sshd[936]: PAM 2 more authentication failures; logname= uid=0 euid=0 tty=ssh ruser= rhost=43.255.190.118  user=root
Apr 11 03:50:30 ovzhost sshd[941]: pam_unix(sshd:auth): authentication failure; logname= uid=0 euid=0 tty=ssh ruser= rhost=43.255.190.118  user=root
Apr 11 03:50:30 ovzhost sshd[939]: pam_unix(sshd:auth): authentication failure; logname= uid=0 euid=0 tty=ssh ruser= rhost=43.255.190.139  user=root
Apr 11 03:50:32 ovzhost sshd[941]: Failed password for root from 43.255.190.118 port 41452 ssh2
Apr 11 03:50:32 ovzhost sshd[939]: Failed password for root from 43.255.190.139 port 51163 ssh2
Apr 11 03:50:37 ovzhost sshd[941]: message repeated 2 times: [ Failed password for root from 43.255.190.118 port 41452 ssh2]
Apr 11 03:50:37 ovzhost sshd[941]: Received disconnect from 43.255.190.118: 11:  [preauth]
Apr 11 03:50:37 ovzhost sshd[941]: PAM 2 more authentication failures; logname= uid=0 euid=0 tty=ssh ruser= rhost=43.255.190.118  user=root
Apr 11 03:50:37 ovzhost sshd[939]: message repeated 2 times: [ Failed password for root from 43.255.190.139 port 51163 ssh2]
Apr 11 03:50:37 ovzhost sshd[939]: Received disconnect from 43.255.190.139: 11:  [preauth]
Apr 11 03:50:37 ovzhost sshd[939]: PAM 2 more authentication failures; logname= uid=0 euid=0 tty=ssh ruser= rhost=43.255.190.139  user=root
Apr 11 03:50:38 ovzhost sshd[947]: pam_unix(sshd:auth): authentication failure; logname= uid=0 euid=0 tty=ssh ruser= rhost=43.255.190.139  user=root
Apr 11 03:50:38 ovzhost sshd[945]: pam_unix(sshd:auth): authentication failure; logname= uid=0 euid=0 tty=ssh ruser= rhost=43.255.190.118  user=root
Apr 11 03:50:40 ovzhost sshd[947]: Failed password for root from 43.255.190.139 port 42850 ssh2
Apr 11 03:50:41 ovzhost sshd[945]: Failed password for root from 43.255.190.118 port 57817 ssh2
Apr 11 03:50:41 ovzhost sshd[949]: reverse mapping checking getaddrinfo for 153-127-166-207-ptr.centennialpr.net [207.166.127.153] failed - POSSIBLE BREAK-IN ATTEMPT!
Apr 11 03:50:41 ovzhost sshd[949]: pam_unix(sshd:auth): authentication failure; logname= uid=0 euid=0 tty=ssh ruser= rhost=207.166.127.153  user=root
Apr 11 03:50:42 ovzhost sshd[949]: Failed password for root from 207.166.127.153 port 45270 ssh2
Apr 11 03:50:43 ovzhost sshd[952]: Connection closed by 128.8.37.120 [preauth]
Apr 11 03:50:45 ovzhost sshd[947]: message repeated 2 times: [ Failed password for root from 43.255.190.139 port 42850 ssh2]
Apr 11 03:50:45 ovzhost sshd[947]: Received disconnect from 43.255.190.139: 11:  [preauth]
Apr 11 03:50:45 ovzhost sshd[947]: PAM 2 more authentication failures; logname= uid=0 euid=0 tty=ssh ruser= rhost=43.255.190.139  user=root
Apr 11 03:50:45 ovzhost sshd[945]: message repeated 2 times: [ Failed password for root from 43.255.190.118 port 57817 ssh2]
Apr 11 03:50:46 ovzhost sshd[945]: Received disconnect from 43.255.190.118: 11:  [preauth]
Apr 11 03:50:46 ovzhost sshd[945]: PAM 2 more authentication failures; logname= uid=0 euid=0 tty=ssh ruser= rhost=43.255.190.118  user=root
Apr 11 03:50:46 ovzhost sshd[954]: pam_unix(sshd:auth): authentication failure; logname= uid=0 euid=0 tty=ssh ruser= rhost=43.255.190.139  user=root
Apr 11 03:50:47 ovzhost sshd[949]: message repeated 2 times: [ Failed password for root from 207.166.127.153 port 45270 ssh2]
Apr 11 03:50:47 ovzhost sshd[949]: Connection closed by 207.166.127.153 [preauth]
Apr 11 03:50:47 ovzhost sshd[949]: PAM 2 more authentication failures; logname= uid=0 euid=0 tty=ssh ruser= rhost=207.166.127.153  user=root
Apr 11 03:50:49 ovzhost sshd[956]: pam_unix(sshd:auth): authentication failure; logname= uid=0 euid=0 tty=ssh ruser= rhost=43.255.190.118  user=root
Apr 11 03:50:49 ovzhost sshd[954]: Failed password for root from 43.255.190.139 port 33489 ssh2
Apr 11 03:50:50 ovzhost sshd[956]: Failed password for root from 43.255.190.118 port 46647 ssh2
Apr 11 03:50:53 ovzhost sshd[954]: message repeated 2 times: [ Failed password for root from 43.255.190.139 port 33489 ssh2]
Apr 11 03:50:53 ovzhost sshd[954]: Received disconnect from 43.255.190.139: 11:  [preauth]
Apr 11 03:50:53 ovzhost sshd[954]: PAM 2 more authentication failures; logname= uid=0 euid=0 tty=ssh ruser= rhost=43.255.190.139  user=root
Apr 11 03:50:54 ovzhost sshd[958]: pam_unix(sshd:auth): authentication failure; logname= uid=0 euid=0 tty=ssh ruser= rhost=43.255.190.139  user=root
Apr 11 03:50:55 ovzhost sshd[956]: message repeated 2 times: [ Failed password for root from 43.255.190.118 port 46647 ssh2]
Apr 11 03:50:55 ovzhost sshd[956]: Received disconnect from 43.255.190.118: 11:  [preauth]
Apr 11 03:50:55 ovzhost sshd[956]: PAM 2 more authentication failures; logname= uid=0 euid=0 tty=ssh ruser= rhost=43.255.190.118  user=root
Apr 11 03:50:56 ovzhost sshd[958]: Failed password for root from 43.255.190.139 port 52089 ssh2
Apr 11 03:50:56 ovzhost sshd[960]: pam_unix(sshd:auth): authentication failure; logname= uid=0 euid=0 tty=ssh ruser= rhost=43.255.190.118  user=root
Apr 11 03:50:59 ovzhost sshd[960]: Failed password for root from 43.255.190.118 port 37882 ssh2
Apr 11 03:51:01 ovzhost sshd[958]: message repeated 2 times: [ Failed password for root from 43.255.190.139 port 52089 ssh2]
Apr 11 03:51:01 ovzhost sshd[958]: Received disconnect from 43.255.190.139: 11:  [preauth]
Apr 11 03:51:01 ovzhost sshd[958]: PAM 2 more authentication failures; logname= uid=0 euid=0 tty=ssh ruser= rhost=43.255.190.139  user=root
Apr 11 03:51:01 ovzhost sshd[962]: pam_unix(sshd:auth): authentication failure; logname= uid=0 euid=0 tty=ssh ruser= rhost=43.255.190.139  user=root
Apr 11 03:51:03 ovzhost sshd[960]: message repeated 2 times: [ Failed password for root from 43.255.190.118 port 37882 ssh2]
Apr 11 03:51:03 ovzhost sshd[960]: Received disconnect from 43.255.190.118: 11:  [preauth]
Apr 11 03:51:03 ovzhost sshd[960]: PAM 2 more authentication failures; logname= uid=0 euid=0 tty=ssh ruser= rhost=43.255.190.118  user=root
Apr 11 03:51:03 ovzhost sshd[964]: pam_unix(sshd:auth): authentication failure; logname= uid=0 euid=0 tty=ssh ruser= rhost=43.255.190.118  user=root
Apr 11 03:51:03 ovzhost sshd[962]: Failed password for root from 43.255.190.139 port 43550 ssh2
Apr 11 03:51:05 ovzhost sshd[964]: Failed password for root from 43.255.190.118 port 52388 ssh2
Apr 11 03:51:07 ovzhost sshd[962]: message repeated 2 times: [ Failed password for root from 43.255.190.139 port 43550 ssh2]
Apr 11 03:51:07 ovzhost sshd[962]: Received disconnect from 43.255.190.139: 11:  [preauth]
Apr 11 03:51:07 ovzhost sshd[962]: PAM 2 more authentication failures; logname= uid=0 euid=0 tty=ssh ruser= rhost=43.255.190.139  user=root
Apr 11 03:51:08 ovzhost sshd[968]: pam_unix(sshd:auth): authentication failure; logname= uid=0 euid=0 tty=ssh ruser= rhost=43.255.190.139  user=root
Apr 11 03:51:09 ovzhost sshd[964]: message repeated 2 times: [ Failed password for root from 43.255.190.118 port 52388 ssh2]
Apr 11 03:51:09 ovzhost sshd[964]: Received disconnect from 43.255.190.118: 11:  [preauth]
Apr 11 03:51:09 ovzhost sshd[964]: PAM 2 more authentication failures; logname= uid=0 euid=0 tty=ssh ruser= rhost=43.255.190.118  user=root
Apr 11 03:51:10 ovzhost sshd[968]: Failed password for root from 43.255.190.139 port 60240 ssh2
Apr 11 03:51:12 ovzhost sshd[970]: pam_unix(sshd:auth): authentication failure; logname= uid=0 euid=0 tty=ssh ruser= rhost=43.255.190.118  user=root
Apr 11 03:51:13 ovzhost sshd[970]: Failed password for root from 43.255.190.118 port 37822 ssh2
Apr 11 03:51:15 ovzhost sshd[968]: message repeated 2 times: [ Failed password for root from 43.255.190.139 port 60240 ssh2]
Apr 11 03:51:15 ovzhost sshd[968]: Received disconnect from 43.255.190.139: 11:  [preauth]
Apr 11 03:51:15 ovzhost sshd[968]: PAM 2 more authentication failures; logname= uid=0 euid=0 tty=ssh ruser= rhost=43.255.190.139  user=root
Apr 11 03:51:16 ovzhost sshd[972]: pam_unix(sshd:auth): authentication failure; logname= uid=0 euid=0 tty=ssh ruser= rhost=43.255.190.139  user=root
Apr 11 03:51:17 ovzhost sshd[970]: message repeated 2 times: [ Failed password for root from 43.255.190.118 port 37822 ssh2]
Apr 11 03:51:17 ovzhost sshd[970]: Received disconnect from 43.255.190.118: 11:  [preauth]
Apr 11 03:51:17 ovzhost sshd[970]: PAM 2 more authentication failures; logname= uid=0 euid=0 tty=ssh ruser= rhost=43.255.190.118  user=root
Apr 11 03:51:18 ovzhost sshd[972]: Failed password for root from 43.255.190.139 port 50817 ssh2
Apr 11 03:51:18 ovzhost sshd[974]: pam_unix(sshd:auth): authentication failure; logname= uid=0 euid=0 tty=ssh ruser= rhost=43.255.190.118  user=root
Apr 11 03:51:21 ovzhost sshd[974]: Failed password for root from 43.255.190.118 port 54000 ssh2
Apr 11 03:51:23 ovzhost sshd[972]: message repeated 2 times: [ Failed password for root from 43.255.190.139 port 50817 ssh2]
Apr 11 03:51:23 ovzhost sshd[972]: Received disconnect from 43.255.190.139: 11:  [preauth]
Apr 11 03:51:23 ovzhost sshd[972]: PAM 2 more authentication failures; logname= uid=0 euid=0 tty=ssh ruser= rhost=43.255.190.139  user=root
Apr 11 03:51:25 ovzhost sshd[974]: message repeated 2 times: [ Failed password for root from 43.255.190.118 port 54000 ssh2]
Apr 11 03:51:25 ovzhost sshd[974]: Received disconnect from 43.255.190.118: 11:  [preauth]
Apr 11 03:51:25 ovzhost sshd[974]: PAM 2 more authentication failures; logname= uid=0 euid=0 tty=ssh ruser= rhost=43.255.190.118  user=root
Apr 11 03:51:25 ovzhost sshd[976]: pam_unix(sshd:auth): authentication failure; logname= uid=0 euid=0 tty=ssh ruser= rhost=43.255.190.139  user=root
Apr 11 03:51:27 ovzhost sshd[976]: Failed password for root from 43.255.190.139 port 40685 ssh2
Apr 11 03:51:27 ovzhost sshd[978]: pam_unix(sshd:auth): authentication failure; logname= uid=0 euid=0 tty=ssh ruser= rhost=43.255.190.118  user=root
Apr 11 03:51:29 ovzhost sshd[978]: Failed password for root from 43.255.190.118 port 41112 ssh2
Apr 11 03:51:31 ovzhost sshd[976]: message repeated 2 times: [ Failed password for root from 43.255.190.139 port 40685 ssh2]
Apr 11 03:51:31 ovzhost sshd[976]: Received disconnect from 43.255.190.139: 11:  [preauth]
Apr 11 03:51:31 ovzhost sshd[976]: PAM 2 more authentication failures; logname= uid=0 euid=0 tty=ssh ruser= rhost=43.255.190.139  user=root
Apr 11 03:51:32 ovzhost sshd[980]: pam_unix(sshd:auth): authentication failure; logname= uid=0 euid=0 tty=ssh ruser= rhost=43.255.190.139  user=root
Apr 11 03:51:34 ovzhost sshd[980]: Failed password for root from 43.255.190.139 port 33704 ssh2
Apr 11 03:51:34 ovzhost sshd[978]: message repeated 2 times: [ Failed password for root from 43.255.190.118 port 41112 ssh2]
Apr 11 03:51:36 ovzhost sshd[978]: Received disconnect from 43.255.190.118: 11:  [preauth]
Apr 11 03:51:36 ovzhost sshd[978]: PAM 2 more authentication failures; logname= uid=0 euid=0 tty=ssh ruser= rhost=43.255.190.118  user=root
Apr 11 03:51:37 ovzhost sshd[982]: pam_unix(sshd:auth): authentication failure; logname= uid=0 euid=0 tty=ssh ruser= rhost=43.255.190.118  user=root
Apr 11 03:51:39 ovzhost sshd[980]: message repeated 2 times: [ Failed password for root from 43.255.190.139 port 33704 ssh2]
Apr 11 03:51:39 ovzhost sshd[980]: Received disconnect from 43.255.190.139: 11:  [preauth]
Apr 11 03:51:39 ovzhost sshd[980]: PAM 2 more authentication failures; logname= uid=0 euid=0 tty=ssh ruser= rhost=43.255.190.139  user=root
Apr 11 03:51:40 ovzhost sshd[982]: Failed password for root from 43.255.190.118 port 38511 ssh2
Apr 11 03:51:40 ovzhost sshd[984]: pam_unix(sshd:auth): authentication failure; logname= uid=0 euid=0 tty=ssh ruser= rhost=43.255.190.139  user=root
Apr 11 03:51:42 ovzhost sshd[984]: Failed password for root from 43.255.190.139 port 51829 ssh2
Apr 11 03:51:44 ovzhost sshd[982]: message repeated 2 times: [ Failed password for root from 43.255.190.118 port 38511 ssh2]
Apr 11 03:51:44 ovzhost sshd[982]: Received disconnect from 43.255.190.118: 11:  [preauth]
Apr 11 03:51:44 ovzhost sshd[982]: PAM 2 more authentication failures; logname= uid=0 euid=0 tty=ssh ruser= rhost=43.255.190.118  user=root
Apr 11 03:51:46 ovzhost sshd[988]: pam_unix(sshd:auth): authentication failure; logname= uid=0 euid=0 tty=ssh ruser= rhost=43.255.190.118  user=root
Apr 11 03:51:47 ovzhost sshd[984]: message repeated 2 times: [ Failed password for root from 43.255.190.139 port 51829 ssh2]
Apr 11 03:51:47 ovzhost sshd[984]: Received disconnect from 43.255.190.139: 11:  [preauth]
Apr 11 03:51:47 ovzhost sshd[984]: PAM 2 more authentication failures; logname= uid=0 euid=0 tty=ssh ruser= rhost=43.255.190.139  user=root
Apr 11 03:51:47 ovzhost sshd[988]: Failed password for root from 43.255.190.118 port 55849 ssh2
Apr 11 03:51:48 ovzhost sshd[990]: pam_unix(sshd:auth): authentication failure; logname= uid=0 euid=0 tty=ssh ruser= rhost=43.255.190.139  user=root
Apr 11 03:51:50 ovzhost sshd[990]: Failed password for root from 43.255.190.139 port 42638 ssh2
Apr 11 03:51:52 ovzhost sshd[988]: message repeated 2 times: [ Failed password for root from 43.255.190.118 port 55849 ssh2]
Apr 11 03:51:52 ovzhost sshd[988]: Received disconnect from 43.255.190.118: 11:  [preauth]
Apr 11 03:51:52 ovzhost sshd[988]: PAM 2 more authentication failures; logname= uid=0 euid=0 tty=ssh ruser= rhost=43.255.190.118  user=root
Apr 11 03:51:53 ovzhost sshd[992]: pam_unix(sshd:auth): authentication failure; logname= uid=0 euid=0 tty=ssh ruser= rhost=43.255.190.118  user=root
Apr 11 03:51:55 ovzhost sshd[990]: message repeated 2 times: [ Failed password for root from 43.255.190.139 port 42638 ssh2]
Apr 11 03:51:55 ovzhost sshd[990]: Received disconnect from 43.255.190.139: 11:  [preauth]
Apr 11 03:51:55 ovzhost sshd[990]: PAM 2 more authentication failures; logname= uid=0 euid=0 tty=ssh ruser= rhost=43.255.190.139  user=root
Apr 11 03:51:55 ovzhost sshd[994]: pam_unix(sshd:auth): authentication failure; logname= uid=0 euid=0 tty=ssh ruser= rhost=43.255.190.139  user=root
Apr 11 03:51:55 ovzhost sshd[992]: Failed password for root from 43.255.190.118 port 45146 ssh2
Apr 11 03:51:57 ovzhost sshd[994]: Failed password for root from 43.255.190.139 port 33027 ssh2
Apr 11 03:51:59 ovzhost sshd[992]: message repeated 2 times: [ Failed password for root from 43.255.190.118 port 45146 ssh2]
Apr 11 03:51:59 ovzhost sshd[992]: Received disconnect from 43.255.190.118: 11:  [preauth]
Apr 11 03:51:59 ovzhost sshd[992]: PAM 2 more authentication failures; logname= uid=0 euid=0 tty=ssh ruser= rhost=43.255.190.118  user=root
Apr 11 03:52:00 ovzhost sshd[996]: pam_unix(sshd:auth): authentication failure; logname= uid=0 euid=0 tty=ssh ruser= rhost=43.255.190.118  user=root
Apr 11 03:52:01 ovzhost sshd[994]: message repeated 2 times: [ Failed password for root from 43.255.190.139 port 33027 ssh2]
Apr 11 03:52:01 ovzhost sshd[994]: Received disconnect from 43.255.190.139: 11:  [preauth]
Apr 11 03:52:01 ovzhost sshd[994]: PAM 2 more authentication failures; logname= uid=0 euid=0 tty=ssh ruser= rhost=43.255.190.139  user=root
Apr 11 03:52:01 ovzhost sshd[996]: Failed password for root from 43.255.190.118 port 32874 ssh2
Apr 11 03:52:03 ovzhost sshd[998]: pam_unix(sshd:auth): authentication failure; logname= uid=0 euid=0 tty=ssh ruser= rhost=43.255.190.139  user=root
Apr 11 03:52:06 ovzhost sshd[998]: Failed password for root from 43.255.190.139 port 49321 ssh2
Apr 11 03:52:06 ovzhost sshd[996]: message repeated 2 times: [ Failed password for root from 43.255.190.118 port 32874 ssh2]
Apr 11 03:52:06 ovzhost sshd[996]: Received disconnect from 43.255.190.118: 11:  [preauth]
Apr 11 03:52:06 ovzhost sshd[996]: PAM 2 more authentication failures; logname= uid=0 euid=0 tty=ssh ruser= rhost=43.255.190.118  user=root
Apr 11 03:52:06 ovzhost sshd[1000]: pam_unix(sshd:auth): authentication failure; logname= uid=0 euid=0 tty=ssh ruser= rhost=43.255.190.118  user=root
Apr 11 03:52:08 ovzhost sshd[1000]: Failed password for root from 43.255.190.118 port 47954 ssh2
Apr 11 03:52:09 ovzhost sshd[998]: message repeated 2 times: [ Failed password for root from 43.255.190.139 port 49321 ssh2]
Apr 11 03:52:09 ovzhost sshd[998]: Received disconnect from 43.255.190.139: 11:  [preauth]
Apr 11 03:52:09 ovzhost sshd[998]: PAM 2 more authentication failures; logname= uid=0 euid=0 tty=ssh ruser= rhost=43.255.190.139  user=root
Apr 11 03:52:10 ovzhost sshd[1003]: pam_unix(sshd:auth): authentication failure; logname= uid=0 euid=0 tty=ssh ruser= rhost=43.255.190.139  user=root
Apr 11 03:52:12 ovzhost sshd[1003]: Failed password for root from 43.255.190.139 port 41135 ssh2
Apr 11 03:52:12 ovzhost sshd[1000]: message repeated 2 times: [ Failed password for root from 43.255.190.118 port 47954 ssh2]
Apr 11 03:52:12 ovzhost sshd[1000]: Received disconnect from 43.255.190.118: 11:  [preauth]
Apr 11 03:52:12 ovzhost sshd[1000]: PAM 2 more authentication failures; logname= uid=0 euid=0 tty=ssh ruser= rhost=43.255.190.118  user=root
Apr 11 03:52:13 ovzhost sshd[1005]: pam_unix(sshd:auth): authentication failure; logname= uid=0 euid=0 tty=ssh ruser= rhost=43.255.190.118  user=root
Apr 11 03:52:15 ovzhost sshd[1005]: Failed password for root from 43.255.190.118 port 34965 ssh2
Apr 11 03:52:17 ovzhost sshd[1003]: message repeated 2 times: [ Failed password for root from 43.255.190.139 port 41135 ssh2]
Apr 11 03:52:17 ovzhost sshd[1003]: Received disconnect from 43.255.190.139: 11:  [preauth]
Apr 11 03:52:17 ovzhost sshd[1003]: PAM 2 more authentication failures; logname= uid=0 euid=0 tty=ssh ruser= rhost=43.255.190.139  user=root
Apr 11 03:52:18 ovzhost sshd[1007]: pam_unix(sshd:auth): authentication failure; logname= uid=0 euid=0 tty=ssh ruser= rhost=43.255.190.139  user=root
Apr 11 03:52:19 ovzhost sshd[1005]: message repeated 2 times: [ Failed password for root from 43.255.190.118 port 34965 ssh2]
Apr 11 03:52:19 ovzhost sshd[1005]: Received disconnect from 43.255.190.118: 11:  [preauth]
Apr 11 03:52:19 ovzhost sshd[1005]: PAM 2 more authentication failures; logname= uid=0 euid=0 tty=ssh ruser= rhost=43.255.190.118  user=root
Apr 11 03:52:20 ovzhost sshd[1007]: Failed password for root from 43.255.190.139 port 59926 ssh2
Apr 11 03:52:20 ovzhost sshd[1009]: pam_unix(sshd:auth): authentication failure; logname= uid=0 euid=0 tty=ssh ruser= rhost=43.255.190.118  user=root
Apr 11 03:52:22 ovzhost sshd[1009]: Failed password for root from 43.255.190.118 port 50763 ssh2
Apr 11 03:52:24 ovzhost sshd[1007]: message repeated 2 times: [ Failed password for root from 43.255.190.139 port 59926 ssh2]
Apr 11 03:52:24 ovzhost sshd[1007]: Received disconnect from 43.255.190.139: 11:  [preauth]
Apr 11 03:52:24 ovzhost sshd[1007]: PAM 2 more authentication failures; logname= uid=0 euid=0 tty=ssh ruser= rhost=43.255.190.139  user=root
Apr 11 03:52:26 ovzhost sshd[1011]: pam_unix(sshd:auth): authentication failure; logname= uid=0 euid=0 tty=ssh ruser= rhost=43.255.190.139  user=root
Apr 11 03:52:27 ovzhost sshd[1009]: message repeated 2 times: [ Failed password for root from 43.255.190.118 port 50763 ssh2]
Apr 11 03:52:27 ovzhost sshd[1009]: Received disconnect from 43.255.190.118: 11:  [preauth]
Apr 11 03:52:27 ovzhost sshd[1009]: PAM 2 more authentication failures; logname= uid=0 euid=0 tty=ssh ruser= rhost=43.255.190.118  user=root
Apr 11 03:52:28 ovzhost sshd[1011]: Failed password for root from 43.255.190.139 port 48508 ssh2
Apr 11 03:52:29 ovzhost sshd[1014]: pam_unix(sshd:auth): authentication failure; logname= uid=0 euid=0 tty=ssh ruser= rhost=43.255.190.118  user=root
Apr 11 03:52:31 ovzhost sshd[1014]: Failed password for root from 43.255.190.118 port 38419 ssh2
Apr 11 03:52:32 ovzhost sshd[1011]: message repeated 2 times: [ Failed password for root from 43.255.190.139 port 48508 ssh2]
Apr 11 03:52:33 ovzhost sshd[1011]: Received disconnect from 43.255.190.139: 11:  [preauth]
Apr 11 03:52:33 ovzhost sshd[1011]: PAM 2 more authentication failures; logname= uid=0 euid=0 tty=ssh ruser= rhost=43.255.190.139  user=root
Apr 11 03:52:34 ovzhost sshd[1016]: pam_unix(sshd:auth): authentication failure; logname= uid=0 euid=0 tty=ssh ruser= rhost=43.255.190.139  user=root
Apr 11 03:52:35 ovzhost sshd[1014]: message repeated 2 times: [ Failed password for root from 43.255.190.118 port 38419 ssh2]
Apr 11 03:52:35 ovzhost sshd[1014]: Received disconnect from 43.255.190.118: 11:  [preauth]
Apr 11 03:52:35 ovzhost sshd[1014]: PAM 2 more authentication failures; logname= uid=0 euid=0 tty=ssh ruser= rhost=43.255.190.118  user=root
Apr 11 03:52:35 ovzhost sshd[1016]: Failed password for root from 43.255.190.139 port 40859 ssh2
Apr 11 03:52:35 ovzhost sshd[1018]: pam_unix(sshd:auth): authentication failure; logname= uid=0 euid=0 tty=ssh ruser= rhost=43.255.190.118  user=root
Apr 11 03:52:37 ovzhost sshd[1018]: Failed password for root from 43.255.190.118 port 56330 ssh2
Apr 11 03:52:39 ovzhost sshd[1016]: message repeated 2 times: [ Failed password for root from 43.255.190.139 port 40859 ssh2]
Apr 11 03:52:39 ovzhost sshd[1016]: Received disconnect from 43.255.190.139: 11:  [preauth]
Apr 11 03:52:39 ovzhost sshd[1016]: PAM 2 more authentication failures; logname= uid=0 euid=0 tty=ssh ruser= rhost=43.255.190.139  user=root
Apr 11 03:52:40 ovzhost sshd[1022]: pam_unix(sshd:auth): authentication failure; logname= uid=0 euid=0 tty=ssh ruser= rhost=43.255.190.139  user=root
Apr 11 03:52:41 ovzhost sshd[1018]: message repeated 2 times: [ Failed password for root from 43.255.190.118 port 56330 ssh2]
Apr 11 03:52:41 ovzhost sshd[1018]: Received disconnect from 43.255.190.118: 11:  [preauth]
Apr 11 03:52:41 ovzhost sshd[1018]: PAM 2 more authentication failures; logname= uid=0 euid=0 tty=ssh ruser= rhost=43.255.190.118  user=root
Apr 11 03:52:41 ovzhost sshd[1022]: Failed password for root from 43.255.190.139 port 57304 ssh2
Apr 11 03:52:42 ovzhost sshd[1024]: pam_unix(sshd:auth): authentication failure; logname= uid=0 euid=0 tty=ssh ruser= rhost=43.255.190.118  user=root
Apr 11 03:52:44 ovzhost sshd[1024]: Failed password for root from 43.255.190.118 port 41437 ssh2
Apr 11 03:52:45 ovzhost sshd[1022]: message repeated 2 times: [ Failed password for root from 43.255.190.139 port 57304 ssh2]
Apr 11 03:52:45 ovzhost sshd[1022]: Received disconnect from 43.255.190.139: 11:  [preauth]
Apr 11 03:52:45 ovzhost sshd[1022]: PAM 2 more authentication failures; logname= uid=0 euid=0 tty=ssh ruser= rhost=43.255.190.139  user=root
Apr 11 03:52:46 ovzhost sshd[1026]: pam_unix(sshd:auth): authentication failure; logname= uid=0 euid=0 tty=ssh ruser= rhost=43.255.190.139  user=root
Apr 11 03:52:47 ovzhost sshd[1024]: message repeated 2 times: [ Failed password for root from 43.255.190.118 port 41437 ssh2]
Apr 11 03:52:48 ovzhost sshd[1024]: Received disconnect from 43.255.190.118: 11:  [preauth]
Apr 11 03:52:48 ovzhost sshd[1024]: PAM 2 more authentication failures; logname= uid=0 euid=0 tty=ssh ruser= rhost=43.255.190.118  user=root
Apr 11 03:52:48 ovzhost sshd[1026]: Failed password for root from 43.255.190.139 port 44950 ssh2
Apr 11 03:52:48 ovzhost sshd[1028]: pam_unix(sshd:auth): authentication failure; logname= uid=0 euid=0 tty=ssh ruser= rhost=43.255.190.118  user=root
Apr 11 03:52:51 ovzhost sshd[1028]: Failed password for root from 43.255.190.118 port 56909 ssh2
Apr 11 03:52:52 ovzhost sshd[1026]: message repeated 2 times: [ Failed password for root from 43.255.190.139 port 44950 ssh2]
Apr 11 03:52:52 ovzhost sshd[1026]: Received disconnect from 43.255.190.139: 11:  [preauth]
Apr 11 03:52:52 ovzhost sshd[1026]: PAM 2 more authentication failures; logname= uid=0 euid=0 tty=ssh ruser= rhost=43.255.190.139  user=root
Apr 11 03:52:54 ovzhost sshd[1028]: message repeated 2 times: [ Failed password for root from 43.255.190.118 port 56909 ssh2]
Apr 11 03:52:55 ovzhost sshd[1028]: Received disconnect from 43.255.190.118: 11:  [preauth]
Apr 11 03:52:55 ovzhost sshd[1028]: PAM 2 more authentication failures; logname= uid=0 euid=0 tty=ssh ruser= rhost=43.255.190.118  user=root
Apr 11 03:52:55 ovzhost sshd[1030]: pam_unix(sshd:auth): authentication failure; logname= uid=0 euid=0 tty=ssh ruser= rhost=43.255.190.139  user=root
Apr 11 03:52:56 ovzhost sshd[1032]: pam_unix(sshd:auth): authentication failure; logname= uid=0 euid=0 tty=ssh ruser= rhost=43.255.190.118  user=root
Apr 11 03:52:57 ovzhost sshd[1030]: Failed password for root from 43.255.190.139 port 33430 ssh2
Apr 11 03:52:58 ovzhost sshd[1032]: Failed password for root from 43.255.190.118 port 43930 ssh2
Apr 11 03:53:00 ovzhost sshd[1030]: message repeated 2 times: [ Failed password for root from 43.255.190.139 port 33430 ssh2]
Apr 11 03:53:00 ovzhost sshd[1030]: Received disconnect from 43.255.190.139: 11:  [preauth]
Apr 11 03:53:00 ovzhost sshd[1030]: PAM 2 more authentication failures; logname= uid=0 euid=0 tty=ssh ruser= rhost=43.255.190.139  user=root
Apr 11 03:53:01 ovzhost sshd[1034]: pam_unix(sshd:auth): authentication failure; logname= uid=0 euid=0 tty=ssh ruser= rhost=43.255.190.139  user=root
Apr 11 03:53:02 ovzhost sshd[1032]: message repeated 2 times: [ Failed password for root from 43.255.190.118 port 43930 ssh2]
Apr 11 03:53:02 ovzhost sshd[1032]: Received disconnect from 43.255.190.118: 11:  [preauth]
Apr 11 03:53:02 ovzhost sshd[1032]: PAM 2 more authentication failures; logname= uid=0 euid=0 tty=ssh ruser= rhost=43.255.190.118  user=root
Apr 11 03:53:03 ovzhost sshd[1034]: Failed password for root from 43.255.190.139 port 51405 ssh2
Apr 11 03:53:03 ovzhost sshd[1036]: pam_unix(sshd:auth): authentication failure; logname= uid=0 euid=0 tty=ssh ruser= rhost=43.255.190.118  user=root
Apr 11 03:53:04 ovzhost sshd[1036]: Failed password for root from 43.255.190.118 port 59712 ssh2
Apr 11 03:53:06 ovzhost sshd[1034]: message repeated 2 times: [ Failed password for root from 43.255.190.139 port 51405 ssh2]
Apr 11 03:53:06 ovzhost sshd[1034]: Received disconnect from 43.255.190.139: 11:  [preauth]
Apr 11 03:53:06 ovzhost sshd[1034]: PAM 2 more authentication failures; logname= uid=0 euid=0 tty=ssh ruser= rhost=43.255.190.139  user=root
Apr 11 03:53:07 ovzhost sshd[1038]: pam_unix(sshd:auth): authentication failure; logname= uid=0 euid=0 tty=ssh ruser= rhost=43.255.190.139  user=root
Apr 11 03:53:08 ovzhost sshd[1036]: message repeated 2 times: [ Failed password for root from 43.255.190.118 port 59712 ssh2]
Apr 11 03:53:08 ovzhost sshd[1036]: Received disconnect from 43.255.190.118: 11:  [preauth]
Apr 11 03:53:08 ovzhost sshd[1036]: PAM 2 more authentication failures; logname= uid=0 euid=0 tty=ssh ruser= rhost=43.255.190.118  user=root
Apr 11 03:53:09 ovzhost sshd[1038]: Failed password for root from 43.255.190.139 port 38290 ssh2
Apr 11 03:53:10 ovzhost sshd[1040]: pam_unix(sshd:auth): authentication failure; logname= uid=0 euid=0 tty=ssh ruser= rhost=43.255.190.118  user=root
Apr 11 03:53:11 ovzhost sshd[1040]: Failed password for root from 43.255.190.118 port 45136 ssh2
Apr 11 03:53:13 ovzhost sshd[1038]: message repeated 2 times: [ Failed password for root from 43.255.190.139 port 38290 ssh2]
Apr 11 03:53:13 ovzhost sshd[1038]: Received disconnect from 43.255.190.139: 11:  [preauth]
Apr 11 03:53:13 ovzhost sshd[1038]: PAM 2 more authentication failures; logname= uid=0 euid=0 tty=ssh ruser= rhost=43.255.190.139  user=root
Apr 11 03:53:14 ovzhost sshd[1043]: pam_unix(sshd:auth): authentication failure; logname= uid=0 euid=0 tty=ssh ruser= rhost=43.255.190.139  user=root
Apr 11 03:53:15 ovzhost sshd[1040]: message repeated 2 times: [ Failed password for root from 43.255.190.118 port 45136 ssh2]
Apr 11 03:53:16 ovzhost sshd[1040]: Received disconnect from 43.255.190.118: 11:  [preauth]
Apr 11 03:53:16 ovzhost sshd[1040]: PAM 2 more authentication failures; logname= uid=0 euid=0 tty=ssh ruser= rhost=43.255.190.118  user=root
Apr 11 03:53:16 ovzhost sshd[1043]: Failed password for root from 43.255.190.139 port 54131 ssh2
Apr 11 03:53:16 ovzhost sshd[1045]: pam_unix(sshd:auth): authentication failure; logname= uid=0 euid=0 tty=ssh ruser= rhost=43.255.190.118  user=root
Apr 11 03:53:18 ovzhost sshd[1045]: Failed password for root from 43.255.190.118 port 60168 ssh2
Apr 11 03:53:20 ovzhost sshd[1043]: message repeated 2 times: [ Failed password for root from 43.255.190.139 port 54131 ssh2]
Apr 11 03:53:20 ovzhost sshd[1043]: Received disconnect from 43.255.190.139: 11:  [preauth]
Apr 11 03:53:20 ovzhost sshd[1043]: PAM 2 more authentication failures; logname= uid=0 euid=0 tty=ssh ruser= rhost=43.255.190.139  user=root
Apr 11 03:53:21 ovzhost sshd[1049]: pam_unix(sshd:auth): authentication failure; logname= uid=0 euid=0 tty=ssh ruser= rhost=43.255.190.139  user=root
Apr 11 03:53:22 ovzhost sshd[1049]: Failed password for root from 43.255.190.139 port 43922 ssh2
Apr 11 03:53:22 ovzhost sshd[1045]: message repeated 2 times: [ Failed password for root from 43.255.190.118 port 60168 ssh2]
Apr 11 03:53:22 ovzhost sshd[1045]: Received disconnect from 43.255.190.118: 11:  [preauth]
Apr 11 03:53:22 ovzhost sshd[1045]: PAM 2 more authentication failures; logname= uid=0 euid=0 tty=ssh ruser= rhost=43.255.190.118  user=root
Apr 11 03:53:23 ovzhost sshd[1051]: pam_unix(sshd:auth): authentication failure; logname= uid=0 euid=0 tty=ssh ruser= rhost=43.255.190.118  user=root
Apr 11 03:53:25 ovzhost sshd[1051]: Failed password for root from 43.255.190.118 port 48024 ssh2
Apr 11 03:53:26 ovzhost sshd[1049]: message repeated 2 times: [ Failed password for root from 43.255.190.139 port 43922 ssh2]
Apr 11 03:53:26 ovzhost sshd[1049]: Received disconnect from 43.255.190.139: 11:  [preauth]
Apr 11 03:53:26 ovzhost sshd[1049]: PAM 2 more authentication failures; logname= uid=0 euid=0 tty=ssh ruser= rhost=43.255.190.139  user=root
Apr 11 03:53:28 ovzhost sshd[1053]: pam_unix(sshd:auth): authentication failure; logname= uid=0 euid=0 tty=ssh ruser= rhost=43.255.190.139  user=root
Apr 11 03:53:29 ovzhost sshd[1053]: Failed password for root from 43.255.190.139 port 59234 ssh2
Apr 11 03:53:29 ovzhost sshd[1051]: message repeated 2 times: [ Failed password for root from 43.255.190.118 port 48024 ssh2]
Apr 11 03:53:29 ovzhost sshd[1051]: Received disconnect from 43.255.190.118: 11:  [preauth]
Apr 11 03:53:29 ovzhost sshd[1051]: PAM 2 more authentication failures; logname= uid=0 euid=0 tty=ssh ruser= rhost=43.255.190.118  user=root
Apr 11 03:53:31 ovzhost sshd[1055]: pam_unix(sshd:auth): authentication failure; logname= uid=0 euid=0 tty=ssh ruser= rhost=43.255.190.118  user=root
Apr 11 03:53:33 ovzhost sshd[1055]: Failed password for root from 43.255.190.118 port 35347 ssh2
Apr 11 03:53:34 ovzhost sshd[1053]: message repeated 2 times: [ Failed password for root from 43.255.190.139 port 59234 ssh2]
Apr 11 03:53:34 ovzhost sshd[1053]: Received disconnect from 43.255.190.139: 11:  [preauth]
Apr 11 03:53:34 ovzhost sshd[1053]: PAM 2 more authentication failures; logname= uid=0 euid=0 tty=ssh ruser= rhost=43.255.190.139  user=root
Apr 11 03:53:37 ovzhost sshd[1055]: message repeated 2 times: [ Failed password for root from 43.255.190.118 port 35347 ssh2]
Apr 11 03:53:37 ovzhost sshd[1055]: Received disconnect from 43.255.190.118: 11:  [preauth]
Apr 11 03:53:37 ovzhost sshd[1055]: PAM 2 more authentication failures; logname= uid=0 euid=0 tty=ssh ruser= rhost=43.255.190.118  user=root
Apr 11 03:53:40 ovzhost sshd[1057]: pam_unix(sshd:auth): authentication failure; logname= uid=0 euid=0 tty=ssh ruser= rhost=43.255.190.139  user=root
Apr 11 03:53:41 ovzhost sshd[1059]: pam_unix(sshd:auth): authentication failure; logname= uid=0 euid=0 tty=ssh ruser= rhost=43.255.190.118  user=root
Apr 11 03:53:42 ovzhost sshd[1057]: Failed password for root from 43.255.190.139 port 48682 ssh2
Apr 11 03:53:42 ovzhost sshd[1059]: Failed password for root from 43.255.190.118 port 51824 ssh2
Apr 11 03:53:46 ovzhost sshd[1057]: message repeated 2 times: [ Failed password for root from 43.255.190.139 port 48682 ssh2]
Apr 11 03:53:46 ovzhost sshd[1057]: Received disconnect from 43.255.190.139: 11:  [preauth]
Apr 11 03:53:46 ovzhost sshd[1057]: PAM 2 more authentication failures; logname= uid=0 euid=0 tty=ssh ruser= rhost=43.255.190.139  user=root
Apr 11 03:53:46 ovzhost sshd[1059]: message repeated 2 times: [ Failed password for root from 43.255.190.118 port 51824 ssh2]
Apr 11 03:53:47 ovzhost sshd[1059]: Received disconnect from 43.255.190.118: 11:  [preauth]
Apr 11 03:53:47 ovzhost sshd[1059]: PAM 2 more authentication failures; logname= uid=0 euid=0 tty=ssh ruser= rhost=43.255.190.118  user=root
Apr 11 03:53:48 ovzhost sshd[1061]: pam_unix(sshd:auth): authentication failure; logname= uid=0 euid=0 tty=ssh ruser= rhost=43.255.190.139  user=root
Apr 11 03:53:48 ovzhost sshd[1063]: pam_unix(sshd:auth): authentication failure; logname= uid=0 euid=0 tty=ssh ruser= rhost=43.255.190.118  user=root
Apr 11 03:53:50 ovzhost sshd[1061]: Failed password for root from 43.255.190.139 port 48867 ssh2
Apr 11 03:53:50 ovzhost sshd[1063]: Failed password for root from 43.255.190.118 port 44106 ssh2
Apr 11 03:53:53 ovzhost sshd[1061]: message repeated 2 times: [ Failed password for root from 43.255.190.139 port 48867 ssh2]
Apr 11 03:53:53 ovzhost sshd[1061]: Received disconnect from 43.255.190.139: 11:  [preauth]
