Apr 11 03:53:53 ovzhost sshd[1061]: PAM 2 more authentication failures; logname= uid=0 euid=0 tty=ssh ruser= rhost=43.255.190.139  user=root
Apr 11 03:53:54 ovzhost sshd[1065]: pam_unix(sshd:auth): authentication failure; logname= uid=0 euid=0 tty=ssh ruser= rhost=43.255.190.139  user=root
Apr 11 03:53:54 ovzhost sshd[1063]: message repeated 2 times: [ Failed password for root from 43.255.190.118 port 44106 ssh2]
Apr 11 03:53:54 ovzhost sshd[1063]: Received disconnect from 43.255.190.118: 11:  [preauth]
Apr 11 03:53:54 ovzhost sshd[1063]: PAM 2 more authentication failures; logname= uid=0 euid=0 tty=ssh ruser= rhost=43.255.190.118  user=root
Apr 11 03:53:54 ovzhost sshd[1067]: pam_unix(sshd:auth): authentication failure; logname= uid=0 euid=0 tty=ssh ruser= rhost=43.255.190.118  user=root
Apr 11 03:53:56 ovzhost sshd[1065]: Failed password for root from 43.255.190.139 port 36685 ssh2
Apr 11 03:53:56 ovzhost sshd[1067]: Failed password for root from 43.255.190.118 port 59328 ssh2
Apr 11 03:54:00 ovzhost sshd[1065]: message repeated 2 times: [ Failed password for root from 43.255.190.139 port 36685 ssh2]
Apr 11 03:54:00 ovzhost sshd[1065]: Received disconnect from 43.255.190.139: 11:  [preauth]
Apr 11 03:54:00 ovzhost sshd[1065]: PAM 2 more authentication failures; logname= uid=0 euid=0 tty=ssh ruser= rhost=43.255.190.139  user=root
Apr 11 03:54:01 ovzhost sshd[1069]: pam_unix(sshd:auth): authentication failure; logname= uid=0 euid=0 tty=ssh ruser= rhost=43.255.190.139  user=root
Apr 11 03:54:04 ovzhost sshd[1069]: Failed password for root from 43.255.190.139 port 53699 ssh2
Apr 11 03:54:07 ovzhost sshd[1069]: message repeated 2 times: [ Failed password for root from 43.255.190.139 port 53699 ssh2]
Apr 11 03:54:07 ovzhost sshd[1069]: Received disconnect from 43.255.190.139: 11:  [preauth]
Apr 11 03:54:07 ovzhost sshd[1069]: PAM 2 more authentication failures; logname= uid=0 euid=0 tty=ssh ruser= rhost=43.255.190.139  user=root
Apr 11 03:54:01 ovzhost sshd[1067]: message repeated 2 times: [ Failed password for root from 43.255.190.118 port 59328 ssh2]
Apr 11 03:54:09 ovzhost sshd[1067]: Received disconnect from 43.255.190.118: 11:  [preauth]
Apr 11 03:54:09 ovzhost sshd[1067]: PAM 2 more authentication failures; logname= uid=0 euid=0 tty=ssh ruser= rhost=43.255.190.118  user=root
Apr 11 03:54:11 ovzhost sshd[1073]: pam_unix(sshd:auth): authentication failure; logname= uid=0 euid=0 tty=ssh ruser= rhost=43.255.190.118  user=root
Apr 11 03:54:12 ovzhost sshd[1071]: pam_unix(sshd:auth): authentication failure; logname= uid=0 euid=0 tty=ssh ruser= rhost=43.255.190.139  user=root
Apr 11 03:54:12 ovzhost sshd[1073]: Failed password for root from 43.255.190.118 port 35707 ssh2
Apr 11 03:54:14 ovzhost sshd[1071]: Failed password for root from 43.255.190.139 port 41233 ssh2
Apr 11 03:54:17 ovzhost sshd[1073]: message repeated 2 times: [ Failed password for root from 43.255.190.118 port 35707 ssh2]
Apr 11 03:54:17 ovzhost sshd[1073]: Received disconnect from 43.255.190.118: 11:  [preauth]
Apr 11 03:54:17 ovzhost sshd[1073]: PAM 2 more authentication failures; logname= uid=0 euid=0 tty=ssh ruser= rhost=43.255.190.118  user=root
Apr 11 03:54:18 ovzhost sshd[1071]: message repeated 2 times: [ Failed password for root from 43.255.190.139 port 41233 ssh2]
Apr 11 03:54:18 ovzhost sshd[1071]: Received disconnect from 43.255.190.139: 11:  [preauth]
Apr 11 03:54:18 ovzhost sshd[1071]: PAM 2 more authentication failures; logname= uid=0 euid=0 tty=ssh ruser= rhost=43.255.190.139  user=root
Apr 11 03:54:18 ovzhost sshd[1077]: pam_unix(sshd:auth): authentication failure; logname= uid=0 euid=0 tty=ssh ruser= rhost=43.255.190.118  user=root
Apr 11 03:54:19 ovzhost sshd[1079]: pam_unix(sshd:auth): authentication failure; logname= uid=0 euid=0 tty=ssh ruser= rhost=43.255.190.139  user=root
Apr 11 03:54:19 ovzhost sshd[1082]: Connection closed by 127.0.0.1 [preauth]
Apr 11 03:54:21 ovzhost sshd[1077]: Failed password for root from 43.255.190.118 port 52400 ssh2
Apr 11 03:54:21 ovzhost sshd[1079]: Failed password for root from 43.255.190.139 port 36790 ssh2
Apr 11 03:54:24 ovzhost sshd[1079]: message repeated 2 times: [ Failed password for root from 43.255.190.139 port 36790 ssh2]
Apr 11 03:54:24 ovzhost sshd[1079]: Received disconnect from 43.255.190.139: 11:  [preauth]
Apr 11 03:54:24 ovzhost sshd[1079]: PAM 2 more authentication failures; logname= uid=0 euid=0 tty=ssh ruser= rhost=43.255.190.139  user=root
Apr 11 03:54:24 ovzhost sshd[1077]: message repeated 2 times: [ Failed password for root from 43.255.190.118 port 52400 ssh2]
Apr 11 03:54:25 ovzhost sshd[1077]: Received disconnect from 43.255.190.118: 11:  [preauth]
Apr 11 03:54:25 ovzhost sshd[1077]: PAM 2 more authentication failures; logname= uid=0 euid=0 tty=ssh ruser= rhost=43.255.190.118  user=root
Apr 11 03:54:26 ovzhost sshd[1086]: pam_unix(sshd:auth): authentication failure; logname= uid=0 euid=0 tty=ssh ruser= rhost=43.255.190.118  user=root
Apr 11 03:54:26 ovzhost sshd[1084]: pam_unix(sshd:auth): authentication failure; logname= uid=0 euid=0 tty=ssh ruser= rhost=43.255.190.139  user=root
Apr 11 03:54:28 ovzhost sshd[1086]: Failed password for root from 43.255.190.118 port 41086 ssh2
Apr 11 03:54:28 ovzhost sshd[1084]: Failed password for root from 43.255.190.139 port 52173 ssh2
Apr 11 03:54:32 ovzhost sshd[1084]: message repeated 2 times: [ Failed password for root from 43.255.190.139 port 52173 ssh2]
Apr 11 03:54:32 ovzhost sshd[1084]: Received disconnect from 43.255.190.139: 11:  [preauth]
Apr 11 03:54:32 ovzhost sshd[1084]: PAM 2 more authentication failures; logname= uid=0 euid=0 tty=ssh ruser= rhost=43.255.190.139  user=root
Apr 11 03:54:32 ovzhost sshd[1086]: message repeated 2 times: [ Failed password for root from 43.255.190.118 port 41086 ssh2]
Apr 11 03:54:32 ovzhost sshd[1086]: Received disconnect from 43.255.190.118: 11:  [preauth]
Apr 11 03:54:32 ovzhost sshd[1086]: PAM 2 more authentication failures; logname= uid=0 euid=0 tty=ssh ruser= rhost=43.255.190.118  user=root
Apr 11 03:54:32 ovzhost sshd[1088]: pam_unix(sshd:auth): authentication failure; logname= uid=0 euid=0 tty=ssh ruser= rhost=43.255.190.139  user=root
Apr 11 03:54:33 ovzhost sshd[1090]: pam_unix(sshd:auth): authentication failure; logname= uid=0 euid=0 tty=ssh ruser= rhost=43.255.190.118  user=root
Apr 11 03:54:34 ovzhost sshd[1090]: Failed password for root from 43.255.190.118 port 56503 ssh2
Apr 11 03:54:34 ovzhost sshd[1088]: Failed password for root from 43.255.190.139 port 40230 ssh2
Apr 11 03:54:39 ovzhost sshd[1090]: message repeated 2 times: [ Failed password for root from 43.255.190.118 port 56503 ssh2]
Apr 11 03:54:39 ovzhost sshd[1090]: Received disconnect from 43.255.190.118: 11:  [preauth]
Apr 11 03:54:39 ovzhost sshd[1090]: PAM 2 more authentication failures; logname= uid=0 euid=0 tty=ssh ruser= rhost=43.255.190.118  user=root
Apr 11 03:54:39 ovzhost sshd[1088]: message repeated 2 times: [ Failed password for root from 43.255.190.139 port 40230 ssh2]
Apr 11 03:54:39 ovzhost sshd[1088]: Received disconnect from 43.255.190.139: 11:  [preauth]
Apr 11 03:54:39 ovzhost sshd[1088]: PAM 2 more authentication failures; logname= uid=0 euid=0 tty=ssh ruser= rhost=43.255.190.139  user=root
Apr 11 03:54:40 ovzhost sshd[1092]: pam_unix(sshd:auth): authentication failure; logname= uid=0 euid=0 tty=ssh ruser= rhost=43.255.190.118  user=root
Apr 11 03:54:40 ovzhost sshd[1094]: pam_unix(sshd:auth): authentication failure; logname= uid=0 euid=0 tty=ssh ruser= rhost=43.255.190.139  user=root
Apr 11 03:54:41 ovzhost sshd[1092]: Failed password for root from 43.255.190.118 port 42854 ssh2
Apr 11 03:54:42 ovzhost sshd[1094]: Failed password for root from 43.255.190.139 port 56668 ssh2
Apr 11 03:54:46 ovzhost sshd[1092]: message repeated 2 times: [ Failed password for root from 43.255.190.118 port 42854 ssh2]
Apr 11 03:54:46 ovzhost sshd[1092]: Received disconnect from 43.255.190.118: 11:  [preauth]
Apr 11 03:54:46 ovzhost sshd[1092]: PAM 2 more authentication failures; logname= uid=0 euid=0 tty=ssh ruser= rhost=43.255.190.118  user=root
Apr 11 03:54:46 ovzhost sshd[1094]: message repeated 2 times: [ Failed password for root from 43.255.190.139 port 56668 ssh2]
Apr 11 03:54:46 ovzhost sshd[1094]: Received disconnect from 43.255.190.139: 11:  [preauth]
Apr 11 03:54:46 ovzhost sshd[1094]: PAM 2 more authentication failures; logname= uid=0 euid=0 tty=ssh ruser= rhost=43.255.190.139  user=root
Apr 11 03:54:48 ovzhost sshd[1098]: pam_unix(sshd:auth): authentication failure; logname= uid=0 euid=0 tty=ssh ruser= rhost=43.255.190.118  user=root
Apr 11 03:54:48 ovzhost sshd[1096]: pam_unix(sshd:auth): authentication failure; logname= uid=0 euid=0 tty=ssh ruser= rhost=43.255.190.139  user=root
Apr 11 03:54:50 ovzhost sshd[1098]: Failed password for root from 43.255.190.118 port 57791 ssh2
Apr 11 03:54:50 ovzhost sshd[1096]: Failed password for root from 43.255.190.139 port 44756 ssh2
Apr 11 03:54:55 ovzhost sshd[1098]: message repeated 2 times: [ Failed password for root from 43.255.190.118 port 57791 ssh2]
Apr 11 03:54:55 ovzhost sshd[1098]: Received disconnect from 43.255.190.118: 11:  [preauth]
Apr 11 03:54:55 ovzhost sshd[1098]: PAM 2 more authentication failures; logname= uid=0 euid=0 tty=ssh ruser= rhost=43.255.190.118  user=root
Apr 11 03:54:55 ovzhost sshd[1096]: message repeated 2 times: [ Failed password for root from 43.255.190.139 port 44756 ssh2]
Apr 11 03:54:55 ovzhost sshd[1096]: Received disconnect from 43.255.190.139: 11:  [preauth]
Apr 11 03:54:55 ovzhost sshd[1096]: PAM 2 more authentication failures; logname= uid=0 euid=0 tty=ssh ruser= rhost=43.255.190.139  user=root
Apr 11 03:54:56 ovzhost sshd[1100]: pam_unix(sshd:auth): authentication failure; logname= uid=0 euid=0 tty=ssh ruser= rhost=43.255.190.139  user=root
Apr 11 03:54:59 ovzhost sshd[1100]: Failed password for root from 43.255.190.139 port 36261 ssh2
Apr 11 03:54:59 ovzhost sshd[1102]: pam_unix(sshd:auth): authentication failure; logname= uid=0 euid=0 tty=ssh ruser= rhost=43.255.190.118  user=root
Apr 11 03:55:01 ovzhost sshd[1102]: Failed password for root from 43.255.190.118 port 48224 ssh2
Apr 11 03:55:03 ovzhost sshd[1100]: message repeated 2 times: [ Failed password for root from 43.255.190.139 port 36261 ssh2]
Apr 11 03:55:03 ovzhost sshd[1100]: Received disconnect from 43.255.190.139: 11:  [preauth]
Apr 11 03:55:03 ovzhost sshd[1100]: PAM 2 more authentication failures; logname= uid=0 euid=0 tty=ssh ruser= rhost=43.255.190.139  user=root
Apr 11 03:55:04 ovzhost sshd[1104]: pam_unix(sshd:auth): authentication failure; logname= uid=0 euid=0 tty=ssh ruser= rhost=43.255.190.139  user=root
Apr 11 03:55:05 ovzhost sshd[1102]: message repeated 2 times: [ Failed password for root from 43.255.190.118 port 48224 ssh2]
Apr 11 03:55:05 ovzhost sshd[1102]: Received disconnect from 43.255.190.118: 11:  [preauth]
Apr 11 03:55:05 ovzhost sshd[1102]: PAM 2 more authentication failures; logname= uid=0 euid=0 tty=ssh ruser= rhost=43.255.190.118  user=root
Apr 11 03:55:06 ovzhost sshd[1104]: Failed password for root from 43.255.190.139 port 53995 ssh2
Apr 11 03:55:06 ovzhost sshd[1106]: pam_unix(sshd:auth): authentication failure; logname= uid=0 euid=0 tty=ssh ruser= rhost=43.255.190.118  user=root
Apr 11 03:55:08 ovzhost sshd[1106]: Failed password for root from 43.255.190.118 port 41263 ssh2
Apr 11 03:55:10 ovzhost sshd[1104]: message repeated 2 times: [ Failed password for root from 43.255.190.139 port 53995 ssh2]
Apr 11 03:55:10 ovzhost sshd[1104]: Received disconnect from 43.255.190.139: 11:  [preauth]
Apr 11 03:55:10 ovzhost sshd[1104]: PAM 2 more authentication failures; logname= uid=0 euid=0 tty=ssh ruser= rhost=43.255.190.139  user=root
Apr 11 03:55:12 ovzhost sshd[1108]: pam_unix(sshd:auth): authentication failure; logname= uid=0 euid=0 tty=ssh ruser= rhost=43.255.190.139  user=root
Apr 11 03:55:12 ovzhost sshd[1106]: message repeated 2 times: [ Failed password for root from 43.255.190.118 port 41263 ssh2]
Apr 11 03:55:12 ovzhost sshd[1106]: Received disconnect from 43.255.190.118: 11:  [preauth]
Apr 11 03:55:12 ovzhost sshd[1106]: PAM 2 more authentication failures; logname= uid=0 euid=0 tty=ssh ruser= rhost=43.255.190.118  user=root
Apr 11 03:55:13 ovzhost sshd[1111]: pam_unix(sshd:auth): authentication failure; logname= uid=0 euid=0 tty=ssh ruser= rhost=43.255.190.118  user=root
Apr 11 03:55:14 ovzhost sshd[1108]: Failed password for root from 43.255.190.139 port 42314 ssh2
Apr 11 03:55:15 ovzhost sshd[1111]: Failed password for root from 43.255.190.118 port 55237 ssh2
Apr 11 03:55:19 ovzhost sshd[1108]: message repeated 2 times: [ Failed password for root from 43.255.190.139 port 42314 ssh2]
Apr 11 03:55:19 ovzhost sshd[1108]: Received disconnect from 43.255.190.139: 11:  [preauth]
Apr 11 03:55:19 ovzhost sshd[1108]: PAM 2 more authentication failures; logname= uid=0 euid=0 tty=ssh ruser= rhost=43.255.190.139  user=root
Apr 11 03:55:20 ovzhost sshd[1113]: pam_unix(sshd:auth): authentication failure; logname= uid=0 euid=0 tty=ssh ruser= rhost=43.255.190.139  user=root
Apr 11 03:55:19 ovzhost sshd[1111]: message repeated 2 times: [ Failed password for root from 43.255.190.118 port 55237 ssh2]
Apr 11 03:55:21 ovzhost sshd[1111]: Received disconnect from 43.255.190.118: 11:  [preauth]
Apr 11 03:55:21 ovzhost sshd[1111]: PAM 2 more authentication failures; logname= uid=0 euid=0 tty=ssh ruser= rhost=43.255.190.118  user=root
Apr 11 03:55:21 ovzhost sshd[1115]: pam_unix(sshd:auth): authentication failure; logname= uid=0 euid=0 tty=ssh ruser= rhost=43.255.190.118  user=root
Apr 11 03:55:23 ovzhost sshd[1113]: Failed password for root from 43.255.190.139 port 34510 ssh2
Apr 11 03:55:23 ovzhost sshd[1115]: Failed password for root from 43.255.190.118 port 43577 ssh2
Apr 11 03:55:29 ovzhost sshd[1115]: message repeated 2 times: [ Failed password for root from 43.255.190.118 port 43577 ssh2]
Apr 11 03:55:29 ovzhost sshd[1115]: Received disconnect from 43.255.190.118: 11:  [preauth]
Apr 11 03:55:29 ovzhost sshd[1115]: PAM 2 more authentication failures; logname= uid=0 euid=0 tty=ssh ruser= rhost=43.255.190.118  user=root
Apr 11 03:55:29 ovzhost sshd[1113]: message repeated 2 times: [ Failed password for root from 43.255.190.139 port 34510 ssh2]
Apr 11 03:55:29 ovzhost sshd[1113]: Received disconnect from 43.255.190.139: 11:  [preauth]
Apr 11 03:55:29 ovzhost sshd[1113]: PAM 2 more authentication failures; logname= uid=0 euid=0 tty=ssh ruser= rhost=43.255.190.139  user=root
Apr 11 03:55:30 ovzhost sshd[1117]: pam_unix(sshd:auth): authentication failure; logname= uid=0 euid=0 tty=ssh ruser= rhost=43.255.190.118  user=root
Apr 11 03:55:30 ovzhost sshd[1119]: pam_unix(sshd:auth): authentication failure; logname= uid=0 euid=0 tty=ssh ruser= rhost=43.255.190.139  user=root
Apr 11 03:55:32 ovzhost sshd[1117]: Failed password for root from 43.255.190.118 port 33410 ssh2
Apr 11 03:55:33 ovzhost sshd[1119]: Failed password for root from 43.255.190.139 port 56720 ssh2
Apr 11 03:55:37 ovzhost sshd[1117]: message repeated 2 times: [ Failed password for root from 43.255.190.118 port 33410 ssh2]
Apr 11 03:55:37 ovzhost sshd[1117]: Received disconnect from 43.255.190.118: 11:  [preauth]
Apr 11 03:55:37 ovzhost sshd[1117]: PAM 2 more authentication failures; logname= uid=0 euid=0 tty=ssh ruser= rhost=43.255.190.118  user=root
Apr 11 03:55:37 ovzhost sshd[1119]: message repeated 2 times: [ Failed password for root from 43.255.190.139 port 56720 ssh2]
Apr 11 03:55:37 ovzhost sshd[1119]: Received disconnect from 43.255.190.139: 11:  [preauth]
Apr 11 03:55:37 ovzhost sshd[1119]: PAM 2 more authentication failures; logname= uid=0 euid=0 tty=ssh ruser= rhost=43.255.190.139  user=root
Apr 11 03:55:38 ovzhost sshd[1123]: pam_unix(sshd:auth): authentication failure; logname= uid=0 euid=0 tty=ssh ruser= rhost=43.255.190.118  user=root
Apr 11 03:55:38 ovzhost sshd[1125]: pam_unix(sshd:auth): authentication failure; logname= uid=0 euid=0 tty=ssh ruser= rhost=43.255.190.139  user=root
Apr 11 03:55:41 ovzhost sshd[1123]: Failed password for root from 43.255.190.118 port 49610 ssh2
Apr 11 03:55:41 ovzhost sshd[1125]: Failed password for root from 43.255.190.139 port 48019 ssh2
Apr 11 03:55:45 ovzhost sshd[1123]: message repeated 2 times: [ Failed password for root from 43.255.190.118 port 49610 ssh2]
Apr 11 03:55:45 ovzhost sshd[1123]: Received disconnect from 43.255.190.118: 11:  [preauth]
Apr 11 03:55:45 ovzhost sshd[1123]: PAM 2 more authentication failures; logname= uid=0 euid=0 tty=ssh ruser= rhost=43.255.190.118  user=root
Apr 11 03:55:45 ovzhost sshd[1125]: message repeated 2 times: [ Failed password for root from 43.255.190.139 port 48019 ssh2]
Apr 11 03:55:45 ovzhost sshd[1125]: Received disconnect from 43.255.190.139: 11:  [preauth]
Apr 11 03:55:45 ovzhost sshd[1125]: PAM 2 more authentication failures; logname= uid=0 euid=0 tty=ssh ruser= rhost=43.255.190.139  user=root
Apr 11 03:55:46 ovzhost sshd[1127]: pam_unix(sshd:auth): authentication failure; logname= uid=0 euid=0 tty=ssh ruser= rhost=43.255.190.118  user=root
Apr 11 03:55:46 ovzhost sshd[1129]: pam_unix(sshd:auth): authentication failure; logname= uid=0 euid=0 tty=ssh ruser= rhost=43.255.190.139  user=root
Apr 11 03:55:48 ovzhost sshd[1127]: Failed password for root from 43.255.190.118 port 36685 ssh2
Apr 11 03:55:48 ovzhost sshd[1129]: Failed password for root from 43.255.190.139 port 38034 ssh2
Apr 11 03:55:53 ovzhost sshd[1127]: message repeated 2 times: [ Failed password for root from 43.255.190.118 port 36685 ssh2]
Apr 11 03:55:53 ovzhost sshd[1127]: Received disconnect from 43.255.190.118: 11:  [preauth]
Apr 11 03:55:53 ovzhost sshd[1127]: PAM 2 more authentication failures; logname= uid=0 euid=0 tty=ssh ruser= rhost=43.255.190.118  user=root
Apr 11 03:55:53 ovzhost sshd[1129]: message repeated 2 times: [ Failed password for root from 43.255.190.139 port 38034 ssh2]
Apr 11 03:55:53 ovzhost sshd[1129]: Received disconnect from 43.255.190.139: 11:  [preauth]
Apr 11 03:55:53 ovzhost sshd[1129]: PAM 2 more authentication failures; logname= uid=0 euid=0 tty=ssh ruser= rhost=43.255.190.139  user=root
Apr 11 03:55:54 ovzhost sshd[1131]: pam_unix(sshd:auth): authentication failure; logname= uid=0 euid=0 tty=ssh ruser= rhost=43.255.190.118  user=root
Apr 11 03:55:54 ovzhost sshd[1133]: pam_unix(sshd:auth): authentication failure; logname= uid=0 euid=0 tty=ssh ruser= rhost=43.255.190.139  user=root
Apr 11 03:55:56 ovzhost sshd[1131]: Failed password for root from 43.255.190.118 port 53021 ssh2
Apr 11 03:55:56 ovzhost sshd[1133]: Failed password for root from 43.255.190.139 port 56337 ssh2
Apr 11 03:56:01 ovzhost sshd[1131]: message repeated 2 times: [ Failed password for root from 43.255.190.118 port 53021 ssh2]
Apr 11 03:56:01 ovzhost sshd[1131]: Received disconnect from 43.255.190.118: 11:  [preauth]
Apr 11 03:56:01 ovzhost sshd[1131]: PAM 2 more authentication failures; logname= uid=0 euid=0 tty=ssh ruser= rhost=43.255.190.118  user=root
Apr 11 03:56:01 ovzhost sshd[1133]: message repeated 2 times: [ Failed password for root from 43.255.190.139 port 56337 ssh2]
Apr 11 03:56:01 ovzhost sshd[1133]: Received disconnect from 43.255.190.139: 11:  [preauth]
Apr 11 03:56:01 ovzhost sshd[1133]: PAM 2 more authentication failures; logname= uid=0 euid=0 tty=ssh ruser= rhost=43.255.190.139  user=root
Apr 11 03:56:02 ovzhost sshd[1135]: pam_unix(sshd:auth): authentication failure; logname= uid=0 euid=0 tty=ssh ruser= rhost=43.255.190.118  user=root
Apr 11 03:56:03 ovzhost sshd[1137]: pam_unix(sshd:auth): authentication failure; logname= uid=0 euid=0 tty=ssh ruser= rhost=43.255.190.139  user=root
Apr 11 03:56:04 ovzhost sshd[1135]: Failed password for root from 43.255.190.118 port 41674 ssh2
Apr 11 03:56:05 ovzhost sshd[1137]: Failed password for root from 43.255.190.139 port 47815 ssh2
Apr 11 03:56:09 ovzhost sshd[1135]: message repeated 2 times: [ Failed password for root from 43.255.190.118 port 41674 ssh2]
Apr 11 03:56:09 ovzhost sshd[1135]: Received disconnect from 43.255.190.118: 11:  [preauth]
Apr 11 03:56:09 ovzhost sshd[1135]: PAM 2 more authentication failures; logname= uid=0 euid=0 tty=ssh ruser= rhost=43.255.190.118  user=root
Apr 11 03:56:10 ovzhost sshd[1137]: message repeated 2 times: [ Failed password for root from 43.255.190.139 port 47815 ssh2]
Apr 11 03:56:10 ovzhost sshd[1137]: Received disconnect from 43.255.190.139: 11:  [preauth]
Apr 11 03:56:10 ovzhost sshd[1137]: PAM 2 more authentication failures; logname= uid=0 euid=0 tty=ssh ruser= rhost=43.255.190.139  user=root
Apr 11 03:56:11 ovzhost sshd[1141]: pam_unix(sshd:auth): authentication failure; logname= uid=0 euid=0 tty=ssh ruser= rhost=43.255.190.118  user=root
Apr 11 03:56:13 ovzhost sshd[1141]: Failed password for root from 43.255.190.118 port 56893 ssh2
Apr 11 03:56:13 ovzhost sshd[1143]: pam_unix(sshd:auth): authentication failure; logname= uid=0 euid=0 tty=ssh ruser= rhost=43.255.190.139  user=root
Apr 11 03:56:16 ovzhost sshd[1143]: Failed password for root from 43.255.190.139 port 39970 ssh2
Apr 11 03:56:17 ovzhost sshd[1141]: message repeated 2 times: [ Failed password for root from 43.255.190.118 port 56893 ssh2]
Apr 11 03:56:17 ovzhost sshd[1141]: Received disconnect from 43.255.190.118: 11:  [preauth]
Apr 11 03:56:17 ovzhost sshd[1141]: PAM 2 more authentication failures; logname= uid=0 euid=0 tty=ssh ruser= rhost=43.255.190.118  user=root
Apr 11 03:56:18 ovzhost sshd[1145]: pam_unix(sshd:auth): authentication failure; logname= uid=0 euid=0 tty=ssh ruser= rhost=43.255.190.118  user=root
Apr 11 03:56:19 ovzhost sshd[1143]: message repeated 2 times: [ Failed password for root from 43.255.190.139 port 39970 ssh2]
Apr 11 03:56:19 ovzhost sshd[1143]: Received disconnect from 43.255.190.139: 11:  [preauth]
Apr 11 03:56:19 ovzhost sshd[1143]: PAM 2 more authentication failures; logname= uid=0 euid=0 tty=ssh ruser= rhost=43.255.190.139  user=root
Apr 11 03:56:20 ovzhost sshd[1145]: Failed password for root from 43.255.190.118 port 44680 ssh2
Apr 11 03:56:21 ovzhost sshd[1147]: pam_unix(sshd:auth): authentication failure; logname= uid=0 euid=0 tty=ssh ruser= rhost=43.255.190.139  user=root
Apr 11 03:56:23 ovzhost sshd[1147]: Failed password for root from 43.255.190.139 port 60456 ssh2
Apr 11 03:56:25 ovzhost sshd[1145]: message repeated 2 times: [ Failed password for root from 43.255.190.118 port 44680 ssh2]
Apr 11 03:56:25 ovzhost sshd[1145]: Received disconnect from 43.255.190.118: 11:  [preauth]
Apr 11 03:56:25 ovzhost sshd[1145]: PAM 2 more authentication failures; logname= uid=0 euid=0 tty=ssh ruser= rhost=43.255.190.118  user=root
Apr 11 03:56:26 ovzhost sshd[1149]: pam_unix(sshd:auth): authentication failure; logname= uid=0 euid=0 tty=ssh ruser= rhost=43.255.190.118  user=root
Apr 11 03:56:28 ovzhost sshd[1149]: Failed password for root from 43.255.190.118 port 60112 ssh2
Apr 11 03:56:29 ovzhost sshd[1147]: message repeated 2 times: [ Failed password for root from 43.255.190.139 port 60456 ssh2]
Apr 11 03:56:29 ovzhost sshd[1147]: Received disconnect from 43.255.190.139: 11:  [preauth]
Apr 11 03:56:29 ovzhost sshd[1147]: PAM 2 more authentication failures; logname= uid=0 euid=0 tty=ssh ruser= rhost=43.255.190.139  user=root
Apr 11 03:56:30 ovzhost sshd[1151]: pam_unix(sshd:auth): authentication failure; logname= uid=0 euid=0 tty=ssh ruser= rhost=43.255.190.139  user=root
Apr 11 03:56:32 ovzhost sshd[1149]: message repeated 2 times: [ Failed password for root from 43.255.190.118 port 60112 ssh2]
Apr 11 03:56:32 ovzhost sshd[1149]: Received disconnect from 43.255.190.118: 11:  [preauth]
Apr 11 03:56:32 ovzhost sshd[1149]: PAM 2 more authentication failures; logname= uid=0 euid=0 tty=ssh ruser= rhost=43.255.190.118  user=root
Apr 11 03:56:33 ovzhost sshd[1151]: Failed password for root from 43.255.190.139 port 55473 ssh2
Apr 11 03:56:34 ovzhost sshd[1153]: pam_unix(sshd:auth): authentication failure; logname= uid=0 euid=0 tty=ssh ruser= rhost=43.255.190.118  user=root
Apr 11 03:56:36 ovzhost sshd[1153]: Failed password for root from 43.255.190.118 port 45880 ssh2
Apr 11 03:56:37 ovzhost sshd[1151]: message repeated 2 times: [ Failed password for root from 43.255.190.139 port 55473 ssh2]
Apr 11 03:56:37 ovzhost sshd[1151]: Received disconnect from 43.255.190.139: 11:  [preauth]
Apr 11 03:56:37 ovzhost sshd[1151]: PAM 2 more authentication failures; logname= uid=0 euid=0 tty=ssh ruser= rhost=43.255.190.139  user=root
Apr 11 03:56:38 ovzhost sshd[1155]: pam_unix(sshd:auth): authentication failure; logname= uid=0 euid=0 tty=ssh ruser= rhost=43.255.190.139  user=root
Apr 11 03:56:39 ovzhost sshd[1157]: Invalid user www from 221.146.74.146
Apr 11 03:56:39 ovzhost sshd[1157]: input_userauth_request: invalid user www [preauth]
Apr 11 03:56:39 ovzhost sshd[1157]: pam_unix(sshd:auth): check pass; user unknown
Apr 11 03:56:39 ovzhost sshd[1157]: pam_unix(sshd:auth): authentication failure; logname= uid=0 euid=0 tty=ssh ruser= rhost=221.146.74.146 
Apr 11 03:56:40 ovzhost sshd[1155]: Failed password for root from 43.255.190.139 port 44458 ssh2
Apr 11 03:56:41 ovzhost sshd[1153]: message repeated 2 times: [ Failed password for root from 43.255.190.118 port 45880 ssh2]
Apr 11 03:56:41 ovzhost sshd[1153]: Received disconnect from 43.255.190.118: 11:  [preauth]
Apr 11 03:56:41 ovzhost sshd[1153]: PAM 2 more authentication failures; logname= uid=0 euid=0 tty=ssh ruser= rhost=43.255.190.118  user=root
Apr 11 03:56:42 ovzhost sshd[1157]: Failed password for invalid user www from 221.146.74.146 port 35710 ssh2
Apr 11 03:56:42 ovzhost sshd[1157]: pam_unix(sshd:auth): check pass; user unknown
Apr 11 03:56:44 ovzhost sshd[1157]: Failed password for invalid user www from 221.146.74.146 port 35710 ssh2
Apr 11 03:56:44 ovzhost sshd[1157]: Connection closed by 221.146.74.146 [preauth]
Apr 11 03:56:44 ovzhost sshd[1157]: PAM 1 more authentication failure; logname= uid=0 euid=0 tty=ssh ruser= rhost=221.146.74.146 
Apr 11 03:56:44 ovzhost sshd[1155]: message repeated 2 times: [ Failed password for root from 43.255.190.139 port 44458 ssh2]
Apr 11 03:56:44 ovzhost sshd[1155]: Received disconnect from 43.255.190.139: 11:  [preauth]
Apr 11 03:56:44 ovzhost sshd[1155]: PAM 2 more authentication failures; logname= uid=0 euid=0 tty=ssh ruser= rhost=43.255.190.139  user=root
Apr 11 03:56:45 ovzhost sshd[1161]: pam_unix(sshd:auth): authentication failure; logname= uid=0 euid=0 tty=ssh ruser= rhost=43.255.190.118  user=root
Apr 11 03:56:45 ovzhost sshd[1163]: pam_unix(sshd:auth): authentication failure; logname= uid=0 euid=0 tty=ssh ruser= rhost=43.255.190.139  user=root
Apr 11 03:56:47 ovzhost sshd[1161]: Failed password for root from 43.255.190.118 port 34982 ssh2
Apr 11 03:56:48 ovzhost sshd[1163]: Failed password for root from 43.255.190.139 port 60345 ssh2
Apr 11 03:56:51 ovzhost sshd[1161]: message repeated 2 times: [ Failed password for root from 43.255.190.118 port 34982 ssh2]
Apr 11 03:56:51 ovzhost sshd[1161]: Received disconnect from 43.255.190.118: 11:  [preauth]
Apr 11 03:56:51 ovzhost sshd[1161]: PAM 2 more authentication failures; logname= uid=0 euid=0 tty=ssh ruser= rhost=43.255.190.118  user=root
Apr 11 03:56:52 ovzhost sshd[1165]: pam_unix(sshd:auth): authentication failure; logname= uid=0 euid=0 tty=ssh ruser= rhost=43.255.190.118  user=root
Apr 11 03:56:52 ovzhost sshd[1163]: message repeated 2 times: [ Failed password for root from 43.255.190.139 port 60345 ssh2]
Apr 11 03:56:53 ovzhost sshd[1163]: Received disconnect from 43.255.190.139: 11:  [preauth]
Apr 11 03:56:53 ovzhost sshd[1163]: PAM 2 more authentication failures; logname= uid=0 euid=0 tty=ssh ruser= rhost=43.255.190.139  user=root
Apr 11 03:56:53 ovzhost sshd[1167]: pam_unix(sshd:auth): authentication failure; logname= uid=0 euid=0 tty=ssh ruser= rhost=43.255.190.139  user=root
Apr 11 03:56:53 ovzhost sshd[1165]: Failed password for root from 43.255.190.118 port 54067 ssh2
Apr 11 03:56:55 ovzhost sshd[1167]: Failed password for root from 43.255.190.139 port 50642 ssh2
Apr 11 03:56:58 ovzhost sshd[1165]: message repeated 2 times: [ Failed password for root from 43.255.190.118 port 54067 ssh2]
Apr 11 03:56:58 ovzhost sshd[1165]: Received disconnect from 43.255.190.118: 11:  [preauth]
Apr 11 03:56:58 ovzhost sshd[1165]: PAM 2 more authentication failures; logname= uid=0 euid=0 tty=ssh ruser= rhost=43.255.190.118  user=root
Apr 11 03:57:00 ovzhost sshd[1169]: pam_unix(sshd:auth): authentication failure; logname= uid=0 euid=0 tty=ssh ruser= rhost=43.255.190.118  user=root
Apr 11 03:57:01 ovzhost sshd[1167]: message repeated 2 times: [ Failed password for root from 43.255.190.139 port 50642 ssh2]
Apr 11 03:57:01 ovzhost sshd[1167]: Received disconnect from 43.255.190.139: 11:  [preauth]
Apr 11 03:57:01 ovzhost sshd[1167]: PAM 2 more authentication failures; logname= uid=0 euid=0 tty=ssh ruser= rhost=43.255.190.139  user=root
Apr 11 03:57:02 ovzhost sshd[1169]: Failed password for root from 43.255.190.118 port 39097 ssh2
Apr 11 03:57:03 ovzhost sshd[1171]: pam_unix(sshd:auth): authentication failure; logname= uid=0 euid=0 tty=ssh ruser= rhost=43.255.190.139  user=root
Apr 11 03:57:05 ovzhost sshd[1171]: Failed password for root from 43.255.190.139 port 41380 ssh2
Apr 11 03:57:07 ovzhost sshd[1169]: message repeated 2 times: [ Failed password for root from 43.255.190.118 port 39097 ssh2]
Apr 11 03:57:07 ovzhost sshd[1169]: Received disconnect from 43.255.190.118: 11:  [preauth]
Apr 11 03:57:07 ovzhost sshd[1169]: PAM 2 more authentication failures; logname= uid=0 euid=0 tty=ssh ruser= rhost=43.255.190.118  user=root
Apr 11 03:57:10 ovzhost sshd[1171]: message repeated 2 times: [ Failed password for root from 43.255.190.139 port 41380 ssh2]
Apr 11 03:57:10 ovzhost sshd[1171]: Received disconnect from 43.255.190.139: 11:  [preauth]
Apr 11 03:57:10 ovzhost sshd[1171]: PAM 2 more authentication failures; logname= uid=0 euid=0 tty=ssh ruser= rhost=43.255.190.139  user=root
Apr 11 03:57:11 ovzhost sshd[1174]: pam_unix(sshd:auth): authentication failure; logname= uid=0 euid=0 tty=ssh ruser= rhost=43.255.190.118  user=root
Apr 11 03:57:12 ovzhost sshd[1176]: pam_unix(sshd:auth): authentication failure; logname= uid=0 euid=0 tty=ssh ruser= rhost=43.255.190.139  user=root
Apr 11 03:57:13 ovzhost sshd[1174]: Failed password for root from 43.255.190.118 port 55185 ssh2
Apr 11 03:57:13 ovzhost sshd[1176]: Failed password for root from 43.255.190.139 port 35818 ssh2
Apr 11 03:57:17 ovzhost sshd[1174]: message repeated 2 times: [ Failed password for root from 43.255.190.118 port 55185 ssh2]
Apr 11 03:57:17 ovzhost sshd[1174]: Received disconnect from 43.255.190.118: 11:  [preauth]
Apr 11 03:57:17 ovzhost sshd[1174]: PAM 2 more authentication failures; logname= uid=0 euid=0 tty=ssh ruser= rhost=43.255.190.118  user=root
Apr 11 03:57:18 ovzhost sshd[1176]: message repeated 2 times: [ Failed password for root from 43.255.190.139 port 35818 ssh2]
Apr 11 03:57:18 ovzhost sshd[1176]: Received disconnect from 43.255.190.139: 11:  [preauth]
Apr 11 03:57:18 ovzhost sshd[1176]: PAM 2 more authentication failures; logname= uid=0 euid=0 tty=ssh ruser= rhost=43.255.190.139  user=root
Apr 11 03:57:19 ovzhost sshd[1180]: pam_unix(sshd:auth): authentication failure; logname= uid=0 euid=0 tty=ssh ruser= rhost=43.255.190.139  user=root
Apr 11 03:57:19 ovzhost sshd[1178]: pam_unix(sshd:auth): authentication failure; logname= uid=0 euid=0 tty=ssh ruser= rhost=43.255.190.118  user=root
Apr 11 03:57:21 ovzhost sshd[1180]: Failed password for root from 43.255.190.139 port 57246 ssh2
Apr 11 03:57:22 ovzhost sshd[1178]: Failed password for root from 43.255.190.118 port 47504 ssh2
Apr 11 03:57:26 ovzhost sshd[1178]: message repeated 2 times: [ Failed password for root from 43.255.190.118 port 47504 ssh2]
Apr 11 03:57:26 ovzhost sshd[1178]: Received disconnect from 43.255.190.118: 11:  [preauth]
Apr 11 03:57:26 ovzhost sshd[1178]: PAM 2 more authentication failures; logname= uid=0 euid=0 tty=ssh ruser= rhost=43.255.190.118  user=root
Apr 11 03:57:26 ovzhost sshd[1180]: message repeated 2 times: [ Failed password for root from 43.255.190.139 port 57246 ssh2]
Apr 11 03:57:26 ovzhost sshd[1180]: Received disconnect from 43.255.190.139: 11:  [preauth]
Apr 11 03:57:26 ovzhost sshd[1180]: PAM 2 more authentication failures; logname= uid=0 euid=0 tty=ssh ruser= rhost=43.255.190.139  user=root
Apr 11 03:57:27 ovzhost sshd[1183]: pam_unix(sshd:auth): authentication failure; logname= uid=0 euid=0 tty=ssh ruser= rhost=43.255.190.118  user=root
Apr 11 03:57:27 ovzhost sshd[1185]: pam_unix(sshd:auth): authentication failure; logname= uid=0 euid=0 tty=ssh ruser= rhost=43.255.190.139  user=root
Apr 11 03:57:29 ovzhost sshd[1183]: Failed password for root from 43.255.190.118 port 36306 ssh2
Apr 11 03:57:29 ovzhost sshd[1185]: Failed password for root from 43.255.190.139 port 49996 ssh2
Apr 11 03:57:34 ovzhost sshd[1185]: message repeated 2 times: [ Failed password for root from 43.255.190.139 port 49996 ssh2]
Apr 11 03:57:34 ovzhost sshd[1185]: Received disconnect from 43.255.190.139: 11:  [preauth]
Apr 11 03:57:34 ovzhost sshd[1185]: PAM 2 more authentication failures; logname= uid=0 euid=0 tty=ssh ruser= rhost=43.255.190.139  user=root
Apr 11 03:57:34 ovzhost sshd[1183]: message repeated 2 times: [ Failed password for root from 43.255.190.118 port 36306 ssh2]
Apr 11 03:57:34 ovzhost sshd[1183]: Received disconnect from 43.255.190.118: 11:  [preauth]
Apr 11 03:57:34 ovzhost sshd[1183]: PAM 2 more authentication failures; logname= uid=0 euid=0 tty=ssh ruser= rhost=43.255.190.118  user=root
Apr 11 03:57:35 ovzhost sshd[1189]: pam_unix(sshd:auth): authentication failure; logname= uid=0 euid=0 tty=ssh ruser= rhost=43.255.190.118  user=root
Apr 11 03:57:37 ovzhost sshd[1189]: Failed password for root from 43.255.190.118 port 50283 ssh2
Apr 11 03:57:37 ovzhost sshd[1187]: pam_unix(sshd:auth): authentication failure; logname= uid=0 euid=0 tty=ssh ruser= rhost=43.255.190.139  user=root
Apr 11 03:57:39 ovzhost sshd[1187]: Failed password for root from 43.255.190.139 port 39957 ssh2
Apr 11 03:57:41 ovzhost sshd[1189]: message repeated 2 times: [ Failed password for root from 43.255.190.118 port 50283 ssh2]
Apr 11 03:57:41 ovzhost sshd[1189]: Received disconnect from 43.255.190.118: 11:  [preauth]
Apr 11 03:57:41 ovzhost sshd[1189]: PAM 2 more authentication failures; logname= uid=0 euid=0 tty=ssh ruser= rhost=43.255.190.118  user=root
Apr 11 03:57:44 ovzhost sshd[1194]: pam_unix(sshd:auth): authentication failure; logname= uid=0 euid=0 tty=ssh ruser= rhost=43.255.190.118  user=root
Apr 11 03:57:45 ovzhost sshd[1187]: message repeated 2 times: [ Failed password for root from 43.255.190.139 port 39957 ssh2]
Apr 11 03:57:45 ovzhost sshd[1187]: Received disconnect from 43.255.190.139: 11:  [preauth]
Apr 11 03:57:45 ovzhost sshd[1187]: PAM 2 more authentication failures; logname= uid=0 euid=0 tty=ssh ruser= rhost=43.255.190.139  user=root
Apr 11 03:57:46 ovzhost sshd[1196]: pam_unix(sshd:auth): authentication failure; logname= uid=0 euid=0 tty=ssh ruser= rhost=43.255.190.139  user=root
Apr 11 03:57:47 ovzhost sshd[1194]: Failed password for root from 43.255.190.118 port 35771 ssh2
Apr 11 03:57:48 ovzhost sshd[1196]: Failed password for root from 43.255.190.139 port 38827 ssh2
Apr 11 03:57:51 ovzhost sshd[1194]: message repeated 2 times: [ Failed password for root from 43.255.190.118 port 35771 ssh2]
Apr 11 03:57:51 ovzhost sshd[1194]: Received disconnect from 43.255.190.118: 11:  [preauth]
Apr 11 03:57:51 ovzhost sshd[1194]: PAM 2 more authentication failures; logname= uid=0 euid=0 tty=ssh ruser= rhost=43.255.190.118  user=root
Apr 11 03:57:51 ovzhost sshd[1196]: message repeated 2 times: [ Failed password for root from 43.255.190.139 port 38827 ssh2]
Apr 11 03:57:52 ovzhost sshd[1196]: Received disconnect from 43.255.190.139: 11:  [preauth]
Apr 11 03:57:52 ovzhost sshd[1196]: PAM 2 more authentication failures; logname= uid=0 euid=0 tty=ssh ruser= rhost=43.255.190.139  user=root
Apr 11 03:57:52 ovzhost sshd[1198]: pam_unix(sshd:auth): authentication failure; logname= uid=0 euid=0 tty=ssh ruser= rhost=43.255.190.118  user=root
Apr 11 03:57:53 ovzhost sshd[1200]: pam_unix(sshd:auth): authentication failure; logname= uid=0 euid=0 tty=ssh ruser= rhost=43.255.190.139  user=root
Apr 11 03:57:54 ovzhost sshd[1198]: Failed password for root from 43.255.190.118 port 53570 ssh2
Apr 11 03:57:55 ovzhost sshd[1200]: Failed password for root from 43.255.190.139 port 55946 ssh2
Apr 11 03:58:00 ovzhost sshd[1198]: message repeated 2 times: [ Failed password for root from 43.255.190.118 port 53570 ssh2]
Apr 11 03:58:00 ovzhost sshd[1198]: Received disconnect from 43.255.190.118: 11:  [preauth]
Apr 11 03:58:00 ovzhost sshd[1198]: PAM 2 more authentication failures; logname= uid=0 euid=0 tty=ssh ruser= rhost=43.255.190.118  user=root
Apr 11 03:58:00 ovzhost sshd[1200]: message repeated 2 times: [ Failed password for root from 43.255.190.139 port 55946 ssh2]
Apr 11 03:58:00 ovzhost sshd[1200]: Received disconnect from 43.255.190.139: 11:  [preauth]
Apr 11 03:58:00 ovzhost sshd[1200]: PAM 2 more authentication failures; logname= uid=0 euid=0 tty=ssh ruser= rhost=43.255.190.139  user=root
Apr 11 03:59:19 ovzhost sshd[1210]: Connection closed by 127.0.0.1 [preauth]
Apr 11 04:00:01 ovzhost CRON[1213]: pam_env(cron:session): Unable to open env file: /etc/default/locale: No such file or directory
Apr 11 04:00:01 ovzhost CRON[1213]: pam_unix(cron:session): session opened for user smmsp by (uid=0)
Apr 11 04:00:01 ovzhost CRON[1213]: pam_unix(cron:session): session closed for user smmsp
Apr 11 04:00:43 ovzhost sshd[1243]: Connection closed by 128.8.37.120 [preauth]
Apr 11 04:04:19 ovzhost sshd[1259]: Connection closed by 127.0.0.1 [preauth]
Apr 11 04:08:26 ovzhost sshd[1274]: pam_unix(sshd:auth): authentication failure; logname= uid=0 euid=0 tty=ssh ruser= rhost=221.229.166.30  user=root
Apr 11 04:08:28 ovzhost sshd[1274]: Failed password for root from 221.229.166.30 port 59491 ssh2
Apr 11 04:08:33 ovzhost sshd[1274]: message repeated 2 times: [ Failed password for root from 221.229.166.30 port 59491 ssh2]
Apr 11 04:08:34 ovzhost sshd[1274]: Received disconnect from 221.229.166.30: 11:  [preauth]
Apr 11 04:08:34 ovzhost sshd[1274]: PAM 2 more authentication failures; logname= uid=0 euid=0 tty=ssh ruser= rhost=221.229.166.30  user=root
Apr 11 04:08:35 ovzhost sshd[1278]: pam_unix(sshd:auth): authentication failure; logname= uid=0 euid=0 tty=ssh ruser= rhost=221.229.166.30  user=root
Apr 11 04:08:37 ovzhost sshd[1278]: Failed password for root from 221.229.166.30 port 54707 ssh2
Apr 11 04:08:42 ovzhost sshd[1278]: message repeated 2 times: [ Failed password for root from 221.229.166.30 port 54707 ssh2]
Apr 11 04:08:43 ovzhost sshd[1278]: Received disconnect from 221.229.166.30: 11:  [preauth]
Apr 11 04:08:43 ovzhost sshd[1278]: PAM 2 more authentication failures; logname= uid=0 euid=0 tty=ssh ruser= rhost=221.229.166.30  user=root
Apr 11 04:08:44 ovzhost sshd[1282]: pam_unix(sshd:auth): authentication failure; logname= uid=0 euid=0 tty=ssh ruser= rhost=221.229.166.30  user=root
Apr 11 04:08:46 ovzhost sshd[1282]: Failed password for root from 221.229.166.30 port 46693 ssh2
Apr 11 04:08:51 ovzhost sshd[1282]: message repeated 2 times: [ Failed password for root from 221.229.166.30 port 46693 ssh2]
Apr 11 04:08:52 ovzhost sshd[1282]: Received disconnect from 221.229.166.30: 11:  [preauth]
Apr 11 04:08:52 ovzhost sshd[1282]: PAM 2 more authentication failures; logname= uid=0 euid=0 tty=ssh ruser= rhost=221.229.166.30  user=root
Apr 11 04:08:54 ovzhost sshd[1284]: pam_unix(sshd:auth): authentication failure; logname= uid=0 euid=0 tty=ssh ruser= rhost=221.229.166.30  user=root
Apr 11 04:08:57 ovzhost sshd[1284]: Failed password for root from 221.229.166.30 port 38381 ssh2
Apr 11 04:09:01 ovzhost CRON[1287]: pam_env(cron:session): Unable to open env file: /etc/default/locale: No such file or directory
Apr 11 04:09:01 ovzhost CRON[1286]: pam_env(cron:session): Unable to open env file: /etc/default/locale: No such file or directory
Apr 11 04:09:01 ovzhost CRON[1286]: pam_unix(cron:session): session opened for user root by (uid=0)
Apr 11 04:09:01 ovzhost CRON[1287]: pam_unix(cron:session): session opened for user root by (uid=0)
Apr 11 04:09:01 ovzhost CRON[1286]: pam_unix(cron:session): session closed for user root
Apr 11 04:09:01 ovzhost CRON[1287]: pam_unix(cron:session): session closed for user root
Apr 11 04:09:01 ovzhost sshd[1284]: message repeated 2 times: [ Failed password for root from 221.229.166.30 port 38381 ssh2]
Apr 11 04:09:02 ovzhost sshd[1284]: Received disconnect from 221.229.166.30: 11:  [preauth]
Apr 11 04:09:02 ovzhost sshd[1284]: PAM 2 more authentication failures; logname= uid=0 euid=0 tty=ssh ruser= rhost=221.229.166.30  user=root
Apr 11 04:09:06 ovzhost sshd[1300]: pam_unix(sshd:auth): authentication failure; logname= uid=0 euid=0 tty=ssh ruser= rhost=221.229.166.30  user=root
Apr 11 04:09:09 ovzhost sshd[1300]: Failed password for root from 221.229.166.30 port 33521 ssh2
Apr 11 04:09:13 ovzhost sshd[1300]: message repeated 2 times: [ Failed password for root from 221.229.166.30 port 33521 ssh2]
Apr 11 04:09:13 ovzhost sshd[1300]: Received disconnect from 221.229.166.30: 11:  [preauth]
Apr 11 04:09:13 ovzhost sshd[1300]: PAM 2 more authentication failures; logname= uid=0 euid=0 tty=ssh ruser= rhost=221.229.166.30  user=root
Apr 11 04:09:15 ovzhost sshd[1304]: pam_unix(sshd:auth): authentication failure; logname= uid=0 euid=0 tty=ssh ruser= rhost=221.229.166.30  user=root
Apr 11 04:09:17 ovzhost sshd[1304]: Failed password for root from 221.229.166.30 port 57114 ssh2
Apr 11 04:09:19 ovzhost sshd[1307]: Connection closed by 127.0.0.1 [preauth]
Apr 11 04:09:21 ovzhost sshd[1304]: message repeated 2 times: [ Failed password for root from 221.229.166.30 port 57114 ssh2]
Apr 11 04:09:22 ovzhost sshd[1304]: Received disconnect from 221.229.166.30: 11:  [preauth]
Apr 11 04:09:22 ovzhost sshd[1304]: PAM 2 more authentication failures; logname= uid=0 euid=0 tty=ssh ruser= rhost=221.229.166.30  user=root
Apr 11 04:09:24 ovzhost sshd[1309]: pam_unix(sshd:auth): authentication failure; logname= uid=0 euid=0 tty=ssh ruser= rhost=221.229.166.30  user=root
Apr 11 04:09:26 ovzhost sshd[1309]: Failed password for root from 221.229.166.30 port 49167 ssh2
Apr 11 04:09:31 ovzhost sshd[1309]: message repeated 2 times: [ Failed password for root from 221.229.166.30 port 49167 ssh2]
Apr 11 04:09:31 ovzhost sshd[1309]: Received disconnect from 221.229.166.30: 11:  [preauth]
Apr 11 04:09:31 ovzhost sshd[1309]: PAM 2 more authentication failures; logname= uid=0 euid=0 tty=ssh ruser= rhost=221.229.166.30  user=root
Apr 11 04:09:33 ovzhost sshd[1311]: pam_unix(sshd:auth): authentication failure; logname= uid=0 euid=0 tty=ssh ruser= rhost=221.229.166.30  user=root
Apr 11 04:09:35 ovzhost sshd[1311]: Failed password for root from 221.229.166.30 port 42692 ssh2
Apr 11 04:09:40 ovzhost sshd[1311]: message repeated 2 times: [ Failed password for root from 221.229.166.30 port 42692 ssh2]
Apr 11 04:09:40 ovzhost sshd[1311]: Received disconnect from 221.229.166.30: 11:  [preauth]
Apr 11 04:09:40 ovzhost sshd[1311]: PAM 2 more authentication failures; logname= uid=0 euid=0 tty=ssh ruser= rhost=221.229.166.30  user=root
Apr 11 04:09:42 ovzhost sshd[1313]: pam_unix(sshd:auth): authentication failure; logname= uid=0 euid=0 tty=ssh ruser= rhost=221.229.166.30  user=root
Apr 11 04:09:44 ovzhost sshd[1313]: Failed password for root from 221.229.166.30 port 33159 ssh2
Apr 11 04:09:49 ovzhost sshd[1313]: message repeated 2 times: [ Failed password for root from 221.229.166.30 port 33159 ssh2]
Apr 11 04:09:50 ovzhost sshd[1313]: Received disconnect from 221.229.166.30: 11:  [preauth]
Apr 11 04:09:50 ovzhost sshd[1313]: PAM 2 more authentication failures; logname= uid=0 euid=0 tty=ssh ruser= rhost=221.229.166.30  user=root
Apr 11 04:09:54 ovzhost sshd[1316]: pam_unix(sshd:auth): authentication failure; logname= uid=0 euid=0 tty=ssh ruser= rhost=221.229.166.30  user=root
Apr 11 04:09:55 ovzhost sshd[1316]: Failed password for root from 221.229.166.30 port 53402 ssh2
Apr 11 04:10:00 ovzhost sshd[1316]: message repeated 2 times: [ Failed password for root from 221.229.166.30 port 53402 ssh2]
Apr 11 04:10:00 ovzhost sshd[1316]: Received disconnect from 221.229.166.30: 11:  [preauth]
Apr 11 04:10:00 ovzhost sshd[1316]: PAM 2 more authentication failures; logname= uid=0 euid=0 tty=ssh ruser= rhost=221.229.166.30  user=root
Apr 11 04:10:02 ovzhost sshd[1318]: pam_unix(sshd:auth): authentication failure; logname= uid=0 euid=0 tty=ssh ruser= rhost=221.229.166.30  user=root
Apr 11 04:10:05 ovzhost sshd[1318]: Failed password for root from 221.229.166.30 port 48452 ssh2
Apr 11 04:10:08 ovzhost sshd[1318]: message repeated 2 times: [ Failed password for root from 221.229.166.30 port 48452 ssh2]
Apr 11 04:10:08 ovzhost sshd[1318]: Received disconnect from 221.229.166.30: 11:  [preauth]
Apr 11 04:10:08 ovzhost sshd[1318]: PAM 2 more authentication failures; logname= uid=0 euid=0 tty=ssh ruser= rhost=221.229.166.30  user=root
Apr 11 04:10:10 ovzhost sshd[1320]: pam_unix(sshd:auth): authentication failure; logname= uid=0 euid=0 tty=ssh ruser= rhost=221.229.166.30  user=root
Apr 11 04:10:12 ovzhost sshd[1320]: Failed password for root from 221.229.166.30 port 38437 ssh2
Apr 11 04:10:17 ovzhost sshd[1320]: message repeated 2 times: [ Failed password for root from 221.229.166.30 port 38437 ssh2]
Apr 11 04:10:18 ovzhost sshd[1320]: Received disconnect from 221.229.166.30: 11:  [preauth]
Apr 11 04:10:18 ovzhost sshd[1320]: PAM 2 more authentication failures; logname= uid=0 euid=0 tty=ssh ruser= rhost=221.229.166.30  user=root
Apr 11 04:10:20 ovzhost sshd[1323]: pam_unix(sshd:auth): authentication failure; logname= uid=0 euid=0 tty=ssh ruser= rhost=221.229.166.30  user=root
Apr 11 04:10:21 ovzhost sshd[1323]: Failed password for root from 221.229.166.30 port 58025 ssh2
Apr 11 04:10:26 ovzhost sshd[1323]: message repeated 2 times: [ Failed password for root from 221.229.166.30 port 58025 ssh2]
Apr 11 04:10:26 ovzhost sshd[1323]: Received disconnect from 221.229.166.30: 11:  [preauth]
Apr 11 04:10:26 ovzhost sshd[1323]: PAM 2 more authentication failures; logname= uid=0 euid=0 tty=ssh ruser= rhost=221.229.166.30  user=root
Apr 11 04:10:29 ovzhost sshd[1325]: pam_unix(sshd:auth): authentication failure; logname= uid=0 euid=0 tty=ssh ruser= rhost=221.229.166.30  user=root
Apr 11 04:10:30 ovzhost sshd[1325]: Failed password for root from 221.229.166.30 port 48258 ssh2
Apr 11 04:10:35 ovzhost sshd[1325]: message repeated 2 times: [ Failed password for root from 221.229.166.30 port 48258 ssh2]
Apr 11 04:10:35 ovzhost sshd[1325]: Received disconnect from 221.229.166.30: 11:  [preauth]
Apr 11 04:10:35 ovzhost sshd[1325]: PAM 2 more authentication failures; logname= uid=0 euid=0 tty=ssh ruser= rhost=221.229.166.30  user=root
Apr 11 04:10:36 ovzhost sshd[1329]: pam_unix(sshd:auth): authentication failure; logname= uid=0 euid=0 tty=ssh ruser= rhost=221.229.166.30  user=root
Apr 11 04:10:38 ovzhost sshd[1329]: Failed password for root from 221.229.166.30 port 40406 ssh2
Apr 11 04:10:42 ovzhost sshd[1329]: message repeated 2 times: [ Failed password for root from 221.229.166.30 port 40406 ssh2]
Apr 11 04:10:42 ovzhost sshd[1329]: Received disconnect from 221.229.166.30: 11:  [preauth]
Apr 11 04:10:42 ovzhost sshd[1329]: PAM 2 more authentication failures; logname= uid=0 euid=0 tty=ssh ruser= rhost=221.229.166.30  user=root
Apr 11 04:10:43 ovzhost sshd[1334]: Connection closed by 128.8.37.120 [preauth]
Apr 11 04:10:45 ovzhost sshd[1331]: pam_unix(sshd:auth): authentication failure; logname= uid=0 euid=0 tty=ssh ruser= rhost=221.229.166.30  user=root
Apr 11 04:10:47 ovzhost sshd[1331]: Failed password for root from 221.229.166.30 port 58432 ssh2
Apr 11 04:10:52 ovzhost sshd[1331]: message repeated 2 times: [ Failed password for root from 221.229.166.30 port 58432 ssh2]
Apr 11 04:10:52 ovzhost sshd[1331]: Received disconnect from 221.229.166.30: 11:  [preauth]
Apr 11 04:10:52 ovzhost sshd[1331]: PAM 2 more authentication failures; logname= uid=0 euid=0 tty=ssh ruser= rhost=221.229.166.30  user=root
Apr 11 04:10:54 ovzhost sshd[1336]: pam_unix(sshd:auth): authentication failure; logname= uid=0 euid=0 tty=ssh ruser= rhost=221.229.166.30  user=root
Apr 11 04:10:56 ovzhost sshd[1336]: Failed password for root from 221.229.166.30 port 49803 ssh2
Apr 11 04:11:01 ovzhost sshd[1336]: message repeated 2 times: [ Failed password for root from 221.229.166.30 port 49803 ssh2]
Apr 11 04:11:01 ovzhost sshd[1336]: Received disconnect from 221.229.166.30: 11:  [preauth]
Apr 11 04:11:01 ovzhost sshd[1336]: PAM 2 more authentication failures; logname= uid=0 euid=0 tty=ssh ruser= rhost=221.229.166.30  user=root
Apr 11 04:11:03 ovzhost sshd[1338]: pam_unix(sshd:auth): authentication failure; logname= uid=0 euid=0 tty=ssh ruser= rhost=221.229.166.30  user=root
Apr 11 04:11:05 ovzhost sshd[1338]: Failed password for root from 221.229.166.30 port 42922 ssh2
Apr 11 04:11:09 ovzhost sshd[1338]: message repeated 2 times: [ Failed password for root from 221.229.166.30 port 42922 ssh2]
Apr 11 04:11:10 ovzhost sshd[1338]: Received disconnect from 221.229.166.30: 11:  [preauth]
Apr 11 04:11:10 ovzhost sshd[1338]: PAM 2 more authentication failures; logname= uid=0 euid=0 tty=ssh ruser= rhost=221.229.166.30  user=root
Apr 11 04:11:13 ovzhost sshd[1340]: pam_unix(sshd:auth): authentication failure; logname= uid=0 euid=0 tty=ssh ruser= rhost=221.229.166.30  user=root
Apr 11 04:11:15 ovzhost sshd[1340]: Failed password for root from 221.229.166.30 port 34350 ssh2
Apr 11 04:11:19 ovzhost sshd[1340]: message repeated 2 times: [ Failed password for root from 221.229.166.30 port 34350 ssh2]
Apr 11 04:11:19 ovzhost sshd[1340]: Received disconnect from 221.229.166.30: 11:  [preauth]
