Apr  2 14:31:44 ovzhost sshd[780]: Connection closed by 127.0.0.1 [preauth]
Apr  2 14:35:40 ovzhost sshd[811]: Connection closed by 128.8.37.120 [preauth]
Apr  2 14:36:44 ovzhost sshd[820]: Connection closed by 127.0.0.1 [preauth]
Apr 11 19:37:33 ovzhost sshd[782]: Connection closed by 127.0.0.1 [preauth]
Apr 11 19:39:01 ovzhost CRON[790]: pam_env(cron:session): Unable to open env file: /etc/default/locale: No such file or directory
Apr 11 19:39:01 ovzhost CRON[790]: pam_unix(cron:session): session opened for user root by (uid=0)
Apr 11 19:39:02 ovzhost CRON[790]: pam_unix(cron:session): session closed for user root
Apr 11 19:40:01 ovzhost CRON[808]: pam_env(cron:session): Unable to open env file: /etc/default/locale: No such file or directory
Apr 11 19:40:01 ovzhost CRON[808]: pam_unix(cron:session): session opened for user smmsp by (uid=0)
Apr 11 19:40:01 ovzhost CRON[808]: pam_unix(cron:session): session closed for user smmsp
Apr 11 19:40:38 ovzhost sshd[836]: Connection closed by 128.8.37.120 [preauth]
Apr 11 19:42:33 ovzhost sshd[845]: Connection closed by 127.0.0.1 [preauth]
Apr 11 19:44:45 ovzhost sshd[856]: pam_unix(sshd:auth): authentication failure; logname= uid=0 euid=0 tty=ssh ruser= rhost=43.255.190.153  user=root
Apr 11 19:44:47 ovzhost sshd[856]: Failed password for root from 43.255.190.153 port 53576 ssh2
Apr 11 19:44:52 ovzhost sshd[856]: message repeated 2 times: [ Failed password for root from 43.255.190.153 port 53576 ssh2]
Apr 11 19:44:52 ovzhost sshd[856]: Received disconnect from 43.255.190.153: 11:  [preauth]
Apr 11 19:44:52 ovzhost sshd[856]: PAM 2 more authentication failures; logname= uid=0 euid=0 tty=ssh ruser= rhost=43.255.190.153  user=root
Apr 11 19:44:53 ovzhost sshd[858]: pam_unix(sshd:auth): authentication failure; logname= uid=0 euid=0 tty=ssh ruser= rhost=43.255.190.153  user=root
Apr 11 19:44:55 ovzhost sshd[858]: Failed password for root from 43.255.190.153 port 41898 ssh2
Apr 11 19:44:59 ovzhost sshd[858]: message repeated 2 times: [ Failed password for root from 43.255.190.153 port 41898 ssh2]
Apr 11 19:44:59 ovzhost sshd[858]: Received disconnect from 43.255.190.153: 11:  [preauth]
Apr 11 19:44:59 ovzhost sshd[858]: PAM 2 more authentication failures; logname= uid=0 euid=0 tty=ssh ruser= rhost=43.255.190.153  user=root
Apr 11 19:45:00 ovzhost sshd[860]: pam_unix(sshd:auth): authentication failure; logname= uid=0 euid=0 tty=ssh ruser= rhost=43.255.190.153  user=root
Apr 11 19:45:02 ovzhost sshd[860]: Failed password for root from 43.255.190.153 port 58503 ssh2
Apr 11 19:45:06 ovzhost sshd[860]: message repeated 2 times: [ Failed password for root from 43.255.190.153 port 58503 ssh2]
Apr 11 19:45:06 ovzhost sshd[860]: Received disconnect from 43.255.190.153: 11:  [preauth]
Apr 11 19:45:06 ovzhost sshd[860]: PAM 2 more authentication failures; logname= uid=0 euid=0 tty=ssh ruser= rhost=43.255.190.153  user=root
Apr 11 19:45:07 ovzhost sshd[862]: pam_unix(sshd:auth): authentication failure; logname= uid=0 euid=0 tty=ssh ruser= rhost=43.255.190.153  user=root
Apr 11 19:45:09 ovzhost sshd[862]: Failed password for root from 43.255.190.153 port 45367 ssh2
Apr 11 19:45:13 ovzhost sshd[862]: message repeated 2 times: [ Failed password for root from 43.255.190.153 port 45367 ssh2]
Apr 11 19:45:14 ovzhost sshd[862]: Received disconnect from 43.255.190.153: 11:  [preauth]
Apr 11 19:45:14 ovzhost sshd[862]: PAM 2 more authentication failures; logname= uid=0 euid=0 tty=ssh ruser= rhost=43.255.190.153  user=root
Apr 11 19:45:14 ovzhost sshd[865]: pam_unix(sshd:auth): authentication failure; logname= uid=0 euid=0 tty=ssh ruser= rhost=43.255.190.153  user=root
Apr 11 19:45:17 ovzhost sshd[865]: Failed password for root from 43.255.190.153 port 32911 ssh2
Apr 11 19:45:21 ovzhost sshd[865]: message repeated 2 times: [ Failed password for root from 43.255.190.153 port 32911 ssh2]
Apr 11 19:45:21 ovzhost sshd[865]: Received disconnect from 43.255.190.153: 11:  [preauth]
Apr 11 19:45:21 ovzhost sshd[865]: PAM 2 more authentication failures; logname= uid=0 euid=0 tty=ssh ruser= rhost=43.255.190.153  user=root
Apr 11 19:45:22 ovzhost sshd[867]: pam_unix(sshd:auth): authentication failure; logname= uid=0 euid=0 tty=ssh ruser= rhost=43.255.190.153  user=root
Apr 11 19:45:23 ovzhost sshd[867]: Failed password for root from 43.255.190.153 port 50305 ssh2
Apr 11 19:45:27 ovzhost sshd[867]: message repeated 2 times: [ Failed password for root from 43.255.190.153 port 50305 ssh2]
Apr 11 19:45:27 ovzhost sshd[867]: Received disconnect from 43.255.190.153: 11:  [preauth]
Apr 11 19:45:27 ovzhost sshd[867]: PAM 2 more authentication failures; logname= uid=0 euid=0 tty=ssh ruser= rhost=43.255.190.153  user=root
Apr 11 19:45:28 ovzhost sshd[869]: pam_unix(sshd:auth): authentication failure; logname= uid=0 euid=0 tty=ssh ruser= rhost=43.255.190.153  user=root
Apr 11 19:45:30 ovzhost sshd[869]: Failed password for root from 43.255.190.153 port 36082 ssh2
Apr 11 19:45:34 ovzhost sshd[869]: message repeated 2 times: [ Failed password for root from 43.255.190.153 port 36082 ssh2]
Apr 11 19:45:34 ovzhost sshd[869]: Received disconnect from 43.255.190.153: 11:  [preauth]
Apr 11 19:45:34 ovzhost sshd[869]: PAM 2 more authentication failures; logname= uid=0 euid=0 tty=ssh ruser= rhost=43.255.190.153  user=root
Apr 11 19:45:34 ovzhost sshd[871]: pam_unix(sshd:auth): authentication failure; logname= uid=0 euid=0 tty=ssh ruser= rhost=43.255.190.153  user=root
Apr 11 19:45:36 ovzhost sshd[871]: Failed password for root from 43.255.190.153 port 51625 ssh2
Apr 11 19:45:40 ovzhost sshd[871]: message repeated 2 times: [ Failed password for root from 43.255.190.153 port 51625 ssh2]
Apr 11 19:45:40 ovzhost sshd[871]: Received disconnect from 43.255.190.153: 11:  [preauth]
Apr 11 19:45:40 ovzhost sshd[871]: PAM 2 more authentication failures; logname= uid=0 euid=0 tty=ssh ruser= rhost=43.255.190.153  user=root
Apr 11 19:45:40 ovzhost sshd[873]: pam_unix(sshd:auth): authentication failure; logname= uid=0 euid=0 tty=ssh ruser= rhost=43.255.190.153  user=root
Apr 11 19:45:42 ovzhost sshd[873]: Failed password for root from 43.255.190.153 port 37749 ssh2
Apr 11 19:45:46 ovzhost sshd[873]: message repeated 2 times: [ Failed password for root from 43.255.190.153 port 37749 ssh2]
Apr 11 19:45:46 ovzhost sshd[873]: Received disconnect from 43.255.190.153: 11:  [preauth]
Apr 11 19:45:46 ovzhost sshd[873]: PAM 2 more authentication failures; logname= uid=0 euid=0 tty=ssh ruser= rhost=43.255.190.153  user=root
Apr 11 19:45:47 ovzhost sshd[875]: pam_unix(sshd:auth): authentication failure; logname= uid=0 euid=0 tty=ssh ruser= rhost=43.255.190.153  user=root
Apr 11 19:45:49 ovzhost sshd[875]: Failed password for root from 43.255.190.153 port 53164 ssh2
Apr 11 19:45:53 ovzhost sshd[875]: message repeated 2 times: [ Failed password for root from 43.255.190.153 port 53164 ssh2]
Apr 11 19:45:53 ovzhost sshd[875]: Received disconnect from 43.255.190.153: 11:  [preauth]
Apr 11 19:45:53 ovzhost sshd[875]: PAM 2 more authentication failures; logname= uid=0 euid=0 tty=ssh ruser= rhost=43.255.190.153  user=root
Apr 11 19:45:54 ovzhost sshd[877]: pam_unix(sshd:auth): authentication failure; logname= uid=0 euid=0 tty=ssh ruser= rhost=43.255.190.153  user=root
Apr 11 19:45:56 ovzhost sshd[877]: Failed password for root from 43.255.190.153 port 40816 ssh2
Apr 11 19:45:59 ovzhost sshd[877]: message repeated 2 times: [ Failed password for root from 43.255.190.153 port 40816 ssh2]
Apr 11 19:45:59 ovzhost sshd[877]: Received disconnect from 43.255.190.153: 11:  [preauth]
Apr 11 19:45:59 ovzhost sshd[877]: PAM 2 more authentication failures; logname= uid=0 euid=0 tty=ssh ruser= rhost=43.255.190.153  user=root
Apr 11 19:46:00 ovzhost sshd[882]: pam_unix(sshd:auth): authentication failure; logname= uid=0 euid=0 tty=ssh ruser= rhost=43.255.190.153  user=root
Apr 11 19:46:02 ovzhost sshd[882]: Failed password for root from 43.255.190.153 port 55975 ssh2
Apr 11 19:46:07 ovzhost sshd[882]: message repeated 2 times: [ Failed password for root from 43.255.190.153 port 55975 ssh2]
Apr 11 19:46:07 ovzhost sshd[882]: Received disconnect from 43.255.190.153: 11:  [preauth]
Apr 11 19:46:07 ovzhost sshd[882]: PAM 2 more authentication failures; logname= uid=0 euid=0 tty=ssh ruser= rhost=43.255.190.153  user=root
Apr 11 19:46:07 ovzhost sshd[884]: pam_unix(sshd:auth): authentication failure; logname= uid=0 euid=0 tty=ssh ruser= rhost=43.255.190.153  user=root
Apr 11 19:46:09 ovzhost sshd[884]: Failed password for root from 43.255.190.153 port 44275 ssh2
Apr 11 19:46:12 ovzhost sshd[884]: message repeated 2 times: [ Failed password for root from 43.255.190.153 port 44275 ssh2]
Apr 11 19:46:12 ovzhost sshd[884]: Received disconnect from 43.255.190.153: 11:  [preauth]
Apr 11 19:46:12 ovzhost sshd[884]: PAM 2 more authentication failures; logname= uid=0 euid=0 tty=ssh ruser= rhost=43.255.190.153  user=root
Apr 11 19:46:13 ovzhost sshd[886]: pam_unix(sshd:auth): authentication failure; logname= uid=0 euid=0 tty=ssh ruser= rhost=43.255.190.153  user=root
Apr 11 19:46:16 ovzhost sshd[886]: Failed password for root from 43.255.190.153 port 58335 ssh2
Apr 11 19:46:19 ovzhost sshd[886]: message repeated 2 times: [ Failed password for root from 43.255.190.153 port 58335 ssh2]
Apr 11 19:46:19 ovzhost sshd[886]: Received disconnect from 43.255.190.153: 11:  [preauth]
Apr 11 19:46:19 ovzhost sshd[886]: PAM 2 more authentication failures; logname= uid=0 euid=0 tty=ssh ruser= rhost=43.255.190.153  user=root
Apr 11 19:46:19 ovzhost sshd[888]: pam_unix(sshd:auth): authentication failure; logname= uid=0 euid=0 tty=ssh ruser= rhost=43.255.190.153  user=root
Apr 11 19:46:21 ovzhost sshd[888]: Failed password for root from 43.255.190.153 port 45159 ssh2
Apr 11 19:46:25 ovzhost sshd[888]: message repeated 2 times: [ Failed password for root from 43.255.190.153 port 45159 ssh2]
Apr 11 19:46:25 ovzhost sshd[888]: Received disconnect from 43.255.190.153: 11:  [preauth]
Apr 11 19:46:25 ovzhost sshd[888]: PAM 2 more authentication failures; logname= uid=0 euid=0 tty=ssh ruser= rhost=43.255.190.153  user=root
Apr 11 19:46:26 ovzhost sshd[890]: pam_unix(sshd:auth): authentication failure; logname= uid=0 euid=0 tty=ssh ruser= rhost=43.255.190.153  user=root
Apr 11 19:46:29 ovzhost sshd[890]: Failed password for root from 43.255.190.153 port 60426 ssh2
Apr 11 19:46:32 ovzhost sshd[890]: message repeated 2 times: [ Failed password for root from 43.255.190.153 port 60426 ssh2]
Apr 11 19:46:32 ovzhost sshd[890]: Received disconnect from 43.255.190.153: 11:  [preauth]
Apr 11 19:46:32 ovzhost sshd[890]: PAM 2 more authentication failures; logname= uid=0 euid=0 tty=ssh ruser= rhost=43.255.190.153  user=root
Apr 11 19:46:33 ovzhost sshd[892]: pam_unix(sshd:auth): authentication failure; logname= uid=0 euid=0 tty=ssh ruser= rhost=43.255.190.153  user=root
Apr 11 19:46:34 ovzhost sshd[892]: Failed password for root from 43.255.190.153 port 47731 ssh2
Apr 11 19:46:38 ovzhost sshd[892]: message repeated 2 times: [ Failed password for root from 43.255.190.153 port 47731 ssh2]
Apr 11 19:46:38 ovzhost sshd[892]: Received disconnect from 43.255.190.153: 11:  [preauth]
Apr 11 19:46:38 ovzhost sshd[892]: PAM 2 more authentication failures; logname= uid=0 euid=0 tty=ssh ruser= rhost=43.255.190.153  user=root
Apr 11 19:46:39 ovzhost sshd[896]: pam_unix(sshd:auth): authentication failure; logname= uid=0 euid=0 tty=ssh ruser= rhost=43.255.190.153  user=root
Apr 11 19:46:41 ovzhost sshd[896]: Failed password for root from 43.255.190.153 port 33137 ssh2
Apr 11 19:46:44 ovzhost sshd[896]: message repeated 2 times: [ Failed password for root from 43.255.190.153 port 33137 ssh2]
Apr 11 19:46:44 ovzhost sshd[896]: Received disconnect from 43.255.190.153: 11:  [preauth]
Apr 11 19:46:44 ovzhost sshd[896]: PAM 2 more authentication failures; logname= uid=0 euid=0 tty=ssh ruser= rhost=43.255.190.153  user=root
Apr 11 19:46:45 ovzhost sshd[898]: pam_unix(sshd:auth): authentication failure; logname= uid=0 euid=0 tty=ssh ruser= rhost=43.255.190.153  user=root
Apr 11 19:46:47 ovzhost sshd[898]: Failed password for root from 43.255.190.153 port 48050 ssh2
Apr 11 19:46:51 ovzhost sshd[898]: message repeated 2 times: [ Failed password for root from 43.255.190.153 port 48050 ssh2]
Apr 11 19:46:51 ovzhost sshd[898]: Received disconnect from 43.255.190.153: 11:  [preauth]
Apr 11 19:46:51 ovzhost sshd[898]: PAM 2 more authentication failures; logname= uid=0 euid=0 tty=ssh ruser= rhost=43.255.190.153  user=root
Apr 11 19:46:52 ovzhost sshd[900]: pam_unix(sshd:auth): authentication failure; logname= uid=0 euid=0 tty=ssh ruser= rhost=43.255.190.153  user=root
Apr 11 19:46:53 ovzhost sshd[900]: Failed password for root from 43.255.190.153 port 34755 ssh2
Apr 11 19:46:56 ovzhost sshd[900]: message repeated 2 times: [ Failed password for root from 43.255.190.153 port 34755 ssh2]
Apr 11 19:46:57 ovzhost sshd[900]: Received disconnect from 43.255.190.153: 11:  [preauth]
Apr 11 19:46:57 ovzhost sshd[900]: PAM 2 more authentication failures; logname= uid=0 euid=0 tty=ssh ruser= rhost=43.255.190.153  user=root
Apr 11 19:46:57 ovzhost sshd[902]: pam_unix(sshd:auth): authentication failure; logname= uid=0 euid=0 tty=ssh ruser= rhost=43.255.190.153  user=root
Apr 11 19:46:59 ovzhost sshd[902]: Failed password for root from 43.255.190.153 port 47927 ssh2
Apr 11 19:47:03 ovzhost sshd[902]: message repeated 2 times: [ Failed password for root from 43.255.190.153 port 47927 ssh2]
Apr 11 19:47:03 ovzhost sshd[902]: Received disconnect from 43.255.190.153: 11:  [preauth]
Apr 11 19:47:03 ovzhost sshd[902]: PAM 2 more authentication failures; logname= uid=0 euid=0 tty=ssh ruser= rhost=43.255.190.153  user=root
Apr 11 19:47:04 ovzhost sshd[904]: pam_unix(sshd:auth): authentication failure; logname= uid=0 euid=0 tty=ssh ruser= rhost=43.255.190.153  user=root
Apr 11 19:47:05 ovzhost sshd[904]: Failed password for root from 43.255.190.153 port 34507 ssh2
Apr 11 19:47:09 ovzhost sshd[904]: message repeated 2 times: [ Failed password for root from 43.255.190.153 port 34507 ssh2]
Apr 11 19:47:09 ovzhost sshd[904]: Received disconnect from 43.255.190.153: 11:  [preauth]
Apr 11 19:47:09 ovzhost sshd[904]: PAM 2 more authentication failures; logname= uid=0 euid=0 tty=ssh ruser= rhost=43.255.190.153  user=root
Apr 11 19:47:09 ovzhost sshd[907]: pam_unix(sshd:auth): authentication failure; logname= uid=0 euid=0 tty=ssh ruser= rhost=43.255.190.153  user=root
Apr 11 19:47:11 ovzhost sshd[907]: Failed password for root from 43.255.190.153 port 47494 ssh2
Apr 11 19:47:15 ovzhost sshd[907]: message repeated 2 times: [ Failed password for root from 43.255.190.153 port 47494 ssh2]
Apr 11 19:47:15 ovzhost sshd[907]: Received disconnect from 43.255.190.153: 11:  [preauth]
Apr 11 19:47:15 ovzhost sshd[907]: PAM 2 more authentication failures; logname= uid=0 euid=0 tty=ssh ruser= rhost=43.255.190.153  user=root
Apr 11 19:47:16 ovzhost sshd[909]: pam_unix(sshd:auth): authentication failure; logname= uid=0 euid=0 tty=ssh ruser= rhost=43.255.190.153  user=root
Apr 11 19:47:18 ovzhost sshd[909]: Failed password for root from 43.255.190.153 port 33614 ssh2
Apr 11 19:47:22 ovzhost sshd[909]: message repeated 2 times: [ Failed password for root from 43.255.190.153 port 33614 ssh2]
Apr 11 19:47:22 ovzhost sshd[909]: Received disconnect from 43.255.190.153: 11:  [preauth]
Apr 11 19:47:22 ovzhost sshd[909]: PAM 2 more authentication failures; logname= uid=0 euid=0 tty=ssh ruser= rhost=43.255.190.153  user=root
Apr 11 19:47:22 ovzhost sshd[911]: pam_unix(sshd:auth): authentication failure; logname= uid=0 euid=0 tty=ssh ruser= rhost=43.255.190.153  user=root
Apr 11 19:47:25 ovzhost sshd[911]: Failed password for root from 43.255.190.153 port 49421 ssh2
Apr 11 19:47:29 ovzhost sshd[911]: message repeated 2 times: [ Failed password for root from 43.255.190.153 port 49421 ssh2]
Apr 11 19:47:29 ovzhost sshd[911]: Received disconnect from 43.255.190.153: 11:  [preauth]
Apr 11 19:47:29 ovzhost sshd[911]: PAM 2 more authentication failures; logname= uid=0 euid=0 tty=ssh ruser= rhost=43.255.190.153  user=root
Apr 11 19:47:30 ovzhost sshd[913]: pam_unix(sshd:auth): authentication failure; logname= uid=0 euid=0 tty=ssh ruser= rhost=43.255.190.153  user=root
Apr 11 19:47:31 ovzhost sshd[913]: Failed password for root from 43.255.190.153 port 36482 ssh2
Apr 11 19:47:33 ovzhost sshd[916]: Connection closed by 127.0.0.1 [preauth]
Apr 11 19:47:35 ovzhost sshd[913]: message repeated 2 times: [ Failed password for root from 43.255.190.153 port 36482 ssh2]
Apr 11 19:47:35 ovzhost sshd[913]: Received disconnect from 43.255.190.153: 11:  [preauth]
Apr 11 19:47:35 ovzhost sshd[913]: PAM 2 more authentication failures; logname= uid=0 euid=0 tty=ssh ruser= rhost=43.255.190.153  user=root
Apr 11 19:47:36 ovzhost sshd[919]: pam_unix(sshd:auth): authentication failure; logname= uid=0 euid=0 tty=ssh ruser= rhost=43.255.190.153  user=root
Apr 11 19:47:38 ovzhost sshd[919]: Failed password for root from 43.255.190.153 port 50254 ssh2
Apr 11 19:47:42 ovzhost sshd[919]: message repeated 2 times: [ Failed password for root from 43.255.190.153 port 50254 ssh2]
Apr 11 19:47:42 ovzhost sshd[919]: Received disconnect from 43.255.190.153: 11:  [preauth]
Apr 11 19:47:42 ovzhost sshd[919]: PAM 2 more authentication failures; logname= uid=0 euid=0 tty=ssh ruser= rhost=43.255.190.153  user=root
Apr 11 19:47:43 ovzhost sshd[921]: pam_unix(sshd:auth): authentication failure; logname= uid=0 euid=0 tty=ssh ruser= rhost=43.255.190.153  user=root
Apr 11 19:47:45 ovzhost sshd[921]: Failed password for root from 43.255.190.153 port 37151 ssh2
Apr 11 19:47:49 ovzhost sshd[921]: message repeated 2 times: [ Failed password for root from 43.255.190.153 port 37151 ssh2]
Apr 11 19:47:49 ovzhost sshd[921]: Received disconnect from 43.255.190.153: 11:  [preauth]
Apr 11 19:47:49 ovzhost sshd[921]: PAM 2 more authentication failures; logname= uid=0 euid=0 tty=ssh ruser= rhost=43.255.190.153  user=root
Apr 11 19:47:50 ovzhost sshd[923]: pam_unix(sshd:auth): authentication failure; logname= uid=0 euid=0 tty=ssh ruser= rhost=43.255.190.153  user=root
Apr 11 19:47:52 ovzhost sshd[923]: Failed password for root from 43.255.190.153 port 51703 ssh2
Apr 11 19:47:56 ovzhost sshd[923]: message repeated 2 times: [ Failed password for root from 43.255.190.153 port 51703 ssh2]
Apr 11 19:47:56 ovzhost sshd[923]: Received disconnect from 43.255.190.153: 11:  [preauth]
Apr 11 19:47:56 ovzhost sshd[923]: PAM 2 more authentication failures; logname= uid=0 euid=0 tty=ssh ruser= rhost=43.255.190.153  user=root
Apr 11 19:47:57 ovzhost sshd[925]: pam_unix(sshd:auth): authentication failure; logname= uid=0 euid=0 tty=ssh ruser= rhost=43.255.190.153  user=root
Apr 11 19:47:59 ovzhost sshd[925]: Failed password for root from 43.255.190.153 port 38406 ssh2
Apr 11 19:48:03 ovzhost sshd[925]: message repeated 2 times: [ Failed password for root from 43.255.190.153 port 38406 ssh2]
Apr 11 19:48:03 ovzhost sshd[925]: Received disconnect from 43.255.190.153: 11:  [preauth]
Apr 11 19:48:03 ovzhost sshd[925]: PAM 2 more authentication failures; logname= uid=0 euid=0 tty=ssh ruser= rhost=43.255.190.153  user=root
Apr 11 19:48:03 ovzhost sshd[927]: pam_unix(sshd:auth): authentication failure; logname= uid=0 euid=0 tty=ssh ruser= rhost=43.255.190.153  user=root
Apr 11 19:48:05 ovzhost sshd[927]: Failed password for root from 43.255.190.153 port 52440 ssh2
Apr 11 19:48:09 ovzhost sshd[927]: message repeated 2 times: [ Failed password for root from 43.255.190.153 port 52440 ssh2]
Apr 11 19:48:09 ovzhost sshd[927]: Received disconnect from 43.255.190.153: 11:  [preauth]
Apr 11 19:48:09 ovzhost sshd[927]: PAM 2 more authentication failures; logname= uid=0 euid=0 tty=ssh ruser= rhost=43.255.190.153  user=root
Apr 11 19:48:10 ovzhost sshd[930]: pam_unix(sshd:auth): authentication failure; logname= uid=0 euid=0 tty=ssh ruser= rhost=43.255.190.153  user=root
Apr 11 19:48:12 ovzhost sshd[930]: Failed password for root from 43.255.190.153 port 37657 ssh2
Apr 11 19:48:16 ovzhost sshd[930]: message repeated 2 times: [ Failed password for root from 43.255.190.153 port 37657 ssh2]
Apr 11 19:48:16 ovzhost sshd[930]: Received disconnect from 43.255.190.153: 11:  [preauth]
Apr 11 19:48:16 ovzhost sshd[930]: PAM 2 more authentication failures; logname= uid=0 euid=0 tty=ssh ruser= rhost=43.255.190.153  user=root
Apr 11 19:48:17 ovzhost sshd[934]: pam_unix(sshd:auth): authentication failure; logname= uid=0 euid=0 tty=ssh ruser= rhost=43.255.190.153  user=root
Apr 11 19:48:18 ovzhost sshd[934]: Failed password for root from 43.255.190.153 port 51264 ssh2
Apr 11 19:48:22 ovzhost sshd[934]: message repeated 2 times: [ Failed password for root from 43.255.190.153 port 51264 ssh2]
Apr 11 19:48:22 ovzhost sshd[934]: Received disconnect from 43.255.190.153: 11:  [preauth]
Apr 11 19:48:22 ovzhost sshd[934]: PAM 2 more authentication failures; logname= uid=0 euid=0 tty=ssh ruser= rhost=43.255.190.153  user=root
Apr 11 19:48:23 ovzhost sshd[938]: pam_unix(sshd:auth): authentication failure; logname= uid=0 euid=0 tty=ssh ruser= rhost=43.255.190.153  user=root
Apr 11 19:48:23 ovzhost sshd[936]: pam_unix(sshd:auth): authentication failure; logname= uid=0 euid=0 tty=ssh ruser= rhost=221.229.160.222  user=root
Apr 11 19:48:24 ovzhost sshd[938]: Failed password for root from 43.255.190.153 port 35266 ssh2
Apr 11 19:48:25 ovzhost sshd[936]: Failed password for root from 221.229.160.222 port 33643 ssh2
Apr 11 19:48:28 ovzhost sshd[938]: message repeated 2 times: [ Failed password for root from 43.255.190.153 port 35266 ssh2]
Apr 11 19:48:28 ovzhost sshd[938]: Received disconnect from 43.255.190.153: 11:  [preauth]
Apr 11 19:48:28 ovzhost sshd[938]: PAM 2 more authentication failures; logname= uid=0 euid=0 tty=ssh ruser= rhost=43.255.190.153  user=root
Apr 11 19:48:28 ovzhost sshd[940]: pam_unix(sshd:auth): authentication failure; logname= uid=0 euid=0 tty=ssh ruser= rhost=43.255.190.148  user=root
Apr 11 19:48:28 ovzhost sshd[942]: pam_unix(sshd:auth): authentication failure; logname= uid=0 euid=0 tty=ssh ruser= rhost=43.255.190.153  user=root
Apr 11 19:48:29 ovzhost sshd[936]: message repeated 2 times: [ Failed password for root from 221.229.160.222 port 33643 ssh2]
Apr 11 19:48:29 ovzhost sshd[936]: Received disconnect from 221.229.160.222: 11:  [preauth]
Apr 11 19:48:29 ovzhost sshd[936]: PAM 2 more authentication failures; logname= uid=0 euid=0 tty=ssh ruser= rhost=221.229.160.222  user=root
Apr 11 19:48:30 ovzhost sshd[940]: Failed password for root from 43.255.190.148 port 52759 ssh2
Apr 11 19:48:31 ovzhost sshd[942]: Failed password for root from 43.255.190.153 port 46927 ssh2
Apr 11 19:48:32 ovzhost sshd[944]: pam_unix(sshd:auth): authentication failure; logname= uid=0 euid=0 tty=ssh ruser= rhost=221.229.160.222  user=root
Apr 11 19:48:34 ovzhost sshd[944]: Failed password for root from 221.229.160.222 port 39945 ssh2
Apr 11 19:48:35 ovzhost sshd[940]: message repeated 2 times: [ Failed password for root from 43.255.190.148 port 52759 ssh2]
Apr 11 19:48:35 ovzhost sshd[940]: Received disconnect from 43.255.190.148: 11:  [preauth]
Apr 11 19:48:35 ovzhost sshd[940]: PAM 2 more authentication failures; logname= uid=0 euid=0 tty=ssh ruser= rhost=43.255.190.148  user=root
Apr 11 19:48:35 ovzhost sshd[942]: message repeated 2 times: [ Failed password for root from 43.255.190.153 port 46927 ssh2]
Apr 11 19:48:35 ovzhost sshd[942]: Received disconnect from 43.255.190.153: 11:  [preauth]
Apr 11 19:48:35 ovzhost sshd[942]: PAM 2 more authentication failures; logname= uid=0 euid=0 tty=ssh ruser= rhost=43.255.190.153  user=root
Apr 11 19:48:35 ovzhost sshd[946]: pam_unix(sshd:auth): authentication failure; logname= uid=0 euid=0 tty=ssh ruser= rhost=43.255.190.148  user=root
Apr 11 19:48:36 ovzhost sshd[948]: pam_unix(sshd:auth): authentication failure; logname= uid=0 euid=0 tty=ssh ruser= rhost=43.255.190.153  user=root
Apr 11 19:48:37 ovzhost sshd[946]: Failed password for root from 43.255.190.148 port 42307 ssh2
Apr 11 19:48:37 ovzhost sshd[948]: Failed password for root from 43.255.190.153 port 60968 ssh2
Apr 11 19:48:39 ovzhost sshd[944]: message repeated 2 times: [ Failed password for root from 221.229.160.222 port 39945 ssh2]
Apr 11 19:48:39 ovzhost sshd[944]: Received disconnect from 221.229.160.222: 11:  [preauth]
Apr 11 19:48:39 ovzhost sshd[944]: PAM 2 more authentication failures; logname= uid=0 euid=0 tty=ssh ruser= rhost=221.229.160.222  user=root
Apr 11 19:48:41 ovzhost sshd[946]: message repeated 2 times: [ Failed password for root from 43.255.190.148 port 42307 ssh2]
Apr 11 19:48:41 ovzhost sshd[946]: Received disconnect from 43.255.190.148: 11:  [preauth]
Apr 11 19:48:41 ovzhost sshd[946]: PAM 2 more authentication failures; logname= uid=0 euid=0 tty=ssh ruser= rhost=43.255.190.148  user=root
Apr 11 19:48:41 ovzhost sshd[952]: pam_unix(sshd:auth): authentication failure; logname= uid=0 euid=0 tty=ssh ruser= rhost=221.229.160.222  user=root
Apr 11 19:48:41 ovzhost sshd[954]: pam_unix(sshd:auth): authentication failure; logname= uid=0 euid=0 tty=ssh ruser= rhost=43.255.190.148  user=root
Apr 11 19:48:41 ovzhost sshd[948]: message repeated 2 times: [ Failed password for root from 43.255.190.153 port 60968 ssh2]
Apr 11 19:48:41 ovzhost sshd[948]: Received disconnect from 43.255.190.153: 11:  [preauth]
Apr 11 19:48:41 ovzhost sshd[948]: PAM 2 more authentication failures; logname= uid=0 euid=0 tty=ssh ruser= rhost=43.255.190.153  user=root
Apr 11 19:48:42 ovzhost sshd[956]: pam_unix(sshd:auth): authentication failure; logname= uid=0 euid=0 tty=ssh ruser= rhost=43.255.190.153  user=root
Apr 11 19:48:43 ovzhost sshd[952]: Failed password for root from 221.229.160.222 port 46652 ssh2
Apr 11 19:48:43 ovzhost sshd[954]: Failed password for root from 43.255.190.148 port 57453 ssh2
Apr 11 19:48:44 ovzhost sshd[956]: Failed password for root from 43.255.190.153 port 46063 ssh2
Apr 11 19:48:47 ovzhost sshd[954]: message repeated 2 times: [ Failed password for root from 43.255.190.148 port 57453 ssh2]
Apr 11 19:48:47 ovzhost sshd[954]: Received disconnect from 43.255.190.148: 11:  [preauth]
Apr 11 19:48:47 ovzhost sshd[954]: PAM 2 more authentication failures; logname= uid=0 euid=0 tty=ssh ruser= rhost=43.255.190.148  user=root
Apr 11 19:48:47 ovzhost sshd[952]: message repeated 2 times: [ Failed password for root from 221.229.160.222 port 46652 ssh2]
Apr 11 19:48:48 ovzhost sshd[952]: Received disconnect from 221.229.160.222: 11:  [preauth]
Apr 11 19:48:48 ovzhost sshd[952]: PAM 2 more authentication failures; logname= uid=0 euid=0 tty=ssh ruser= rhost=221.229.160.222  user=root
Apr 11 19:48:48 ovzhost sshd[958]: pam_unix(sshd:auth): authentication failure; logname= uid=0 euid=0 tty=ssh ruser= rhost=43.255.190.148  user=root
Apr 11 19:48:48 ovzhost sshd[956]: message repeated 2 times: [ Failed password for root from 43.255.190.153 port 46063 ssh2]
Apr 11 19:48:48 ovzhost sshd[956]: Received disconnect from 43.255.190.153: 11:  [preauth]
Apr 11 19:48:48 ovzhost sshd[956]: PAM 2 more authentication failures; logname= uid=0 euid=0 tty=ssh ruser= rhost=43.255.190.153  user=root
Apr 11 19:48:49 ovzhost sshd[962]: pam_unix(sshd:auth): authentication failure; logname= uid=0 euid=0 tty=ssh ruser= rhost=43.255.190.153  user=root
Apr 11 19:48:50 ovzhost sshd[958]: Failed password for root from 43.255.190.148 port 44943 ssh2
Apr 11 19:48:50 ovzhost sshd[960]: pam_unix(sshd:auth): authentication failure; logname= uid=0 euid=0 tty=ssh ruser= rhost=221.229.160.222  user=root
Apr 11 19:48:51 ovzhost sshd[962]: Failed password for root from 43.255.190.153 port 59730 ssh2
Apr 11 19:48:52 ovzhost sshd[960]: Failed password for root from 221.229.160.222 port 52612 ssh2
Apr 11 19:48:54 ovzhost sshd[958]: message repeated 2 times: [ Failed password for root from 43.255.190.148 port 44943 ssh2]
Apr 11 19:48:54 ovzhost sshd[958]: Received disconnect from 43.255.190.148: 11:  [preauth]
Apr 11 19:48:54 ovzhost sshd[958]: PAM 2 more authentication failures; logname= uid=0 euid=0 tty=ssh ruser= rhost=43.255.190.148  user=root
Apr 11 19:48:55 ovzhost sshd[964]: pam_unix(sshd:auth): authentication failure; logname= uid=0 euid=0 tty=ssh ruser= rhost=43.255.190.148  user=root
Apr 11 19:48:55 ovzhost sshd[962]: message repeated 2 times: [ Failed password for root from 43.255.190.153 port 59730 ssh2]
Apr 11 19:48:55 ovzhost sshd[962]: Received disconnect from 43.255.190.153: 11:  [preauth]
Apr 11 19:48:55 ovzhost sshd[962]: PAM 2 more authentication failures; logname= uid=0 euid=0 tty=ssh ruser= rhost=43.255.190.153  user=root
Apr 11 19:48:56 ovzhost sshd[966]: pam_unix(sshd:auth): authentication failure; logname= uid=0 euid=0 tty=ssh ruser= rhost=43.255.190.153  user=root
Apr 11 19:48:57 ovzhost sshd[964]: Failed password for root from 43.255.190.148 port 33505 ssh2
Apr 11 19:48:57 ovzhost sshd[960]: message repeated 2 times: [ Failed password for root from 221.229.160.222 port 52612 ssh2]
Apr 11 19:48:57 ovzhost sshd[960]: Received disconnect from 221.229.160.222: 11:  [preauth]
Apr 11 19:48:57 ovzhost sshd[960]: PAM 2 more authentication failures; logname= uid=0 euid=0 tty=ssh ruser= rhost=221.229.160.222  user=root
Apr 11 19:48:58 ovzhost sshd[966]: Failed password for root from 43.255.190.153 port 45151 ssh2
Apr 11 19:48:59 ovzhost sshd[968]: pam_unix(sshd:auth): authentication failure; logname= uid=0 euid=0 tty=ssh ruser= rhost=221.229.160.222  user=root
Apr 11 19:49:00 ovzhost sshd[968]: Failed password for root from 221.229.160.222 port 59269 ssh2
Apr 11 19:49:00 ovzhost sshd[964]: message repeated 2 times: [ Failed password for root from 43.255.190.148 port 33505 ssh2]
Apr 11 19:49:00 ovzhost sshd[964]: Received disconnect from 43.255.190.148: 11:  [preauth]
Apr 11 19:49:00 ovzhost sshd[964]: PAM 2 more authentication failures; logname= uid=0 euid=0 tty=ssh ruser= rhost=43.255.190.148  user=root
Apr 11 19:49:02 ovzhost sshd[970]: pam_unix(sshd:auth): authentication failure; logname= uid=0 euid=0 tty=ssh ruser= rhost=43.255.190.148  user=root
Apr 11 19:49:02 ovzhost sshd[966]: message repeated 2 times: [ Failed password for root from 43.255.190.153 port 45151 ssh2]
Apr 11 19:49:02 ovzhost sshd[966]: Received disconnect from 43.255.190.153: 11:  [preauth]
Apr 11 19:49:02 ovzhost sshd[966]: PAM 2 more authentication failures; logname= uid=0 euid=0 tty=ssh ruser= rhost=43.255.190.153  user=root
Apr 11 19:49:03 ovzhost sshd[972]: pam_unix(sshd:auth): authentication failure; logname= uid=0 euid=0 tty=ssh ruser= rhost=43.255.190.153  user=root
Apr 11 19:49:04 ovzhost sshd[970]: Failed password for root from 43.255.190.148 port 48279 ssh2
Apr 11 19:49:05 ovzhost sshd[968]: message repeated 2 times: [ Failed password for root from 221.229.160.222 port 59269 ssh2]
Apr 11 19:49:05 ovzhost sshd[968]: Received disconnect from 221.229.160.222: 11:  [preauth]
Apr 11 19:49:05 ovzhost sshd[968]: PAM 2 more authentication failures; logname= uid=0 euid=0 tty=ssh ruser= rhost=221.229.160.222  user=root
Apr 11 19:49:05 ovzhost sshd[972]: Failed password for root from 43.255.190.153 port 59504 ssh2
Apr 11 19:49:07 ovzhost sshd[974]: pam_unix(sshd:auth): authentication failure; logname= uid=0 euid=0 tty=ssh ruser= rhost=221.229.160.222  user=root
Apr 11 19:49:09 ovzhost sshd[974]: Failed password for root from 221.229.160.222 port 36561 ssh2
Apr 11 19:49:09 ovzhost sshd[970]: message repeated 2 times: [ Failed password for root from 43.255.190.148 port 48279 ssh2]
Apr 11 19:49:09 ovzhost sshd[970]: Received disconnect from 43.255.190.148: 11:  [preauth]
Apr 11 19:49:09 ovzhost sshd[970]: PAM 2 more authentication failures; logname= uid=0 euid=0 tty=ssh ruser= rhost=43.255.190.148  user=root
Apr 11 19:49:09 ovzhost sshd[972]: message repeated 2 times: [ Failed password for root from 43.255.190.153 port 59504 ssh2]
Apr 11 19:49:09 ovzhost sshd[972]: Received disconnect from 43.255.190.153: 11:  [preauth]
Apr 11 19:49:09 ovzhost sshd[972]: PAM 2 more authentication failures; logname= uid=0 euid=0 tty=ssh ruser= rhost=43.255.190.153  user=root
Apr 11 19:49:10 ovzhost sshd[978]: pam_unix(sshd:auth): authentication failure; logname= uid=0 euid=0 tty=ssh ruser= rhost=43.255.190.148  user=root
Apr 11 19:49:10 ovzhost sshd[980]: pam_unix(sshd:auth): authentication failure; logname= uid=0 euid=0 tty=ssh ruser= rhost=43.255.190.153  user=root
Apr 11 19:49:12 ovzhost sshd[978]: Failed password for root from 43.255.190.148 port 40201 ssh2
Apr 11 19:49:13 ovzhost sshd[980]: Failed password for root from 43.255.190.153 port 44750 ssh2
Apr 11 19:49:14 ovzhost sshd[974]: message repeated 2 times: [ Failed password for root from 221.229.160.222 port 36561 ssh2]
Apr 11 19:49:14 ovzhost sshd[974]: Received disconnect from 221.229.160.222: 11:  [preauth]
Apr 11 19:49:14 ovzhost sshd[974]: PAM 2 more authentication failures; logname= uid=0 euid=0 tty=ssh ruser= rhost=221.229.160.222  user=root
Apr 11 19:49:16 ovzhost sshd[984]: pam_unix(sshd:auth): authentication failure; logname= uid=0 euid=0 tty=ssh ruser= rhost=221.229.160.222  user=root
Apr 11 19:49:16 ovzhost sshd[978]: message repeated 2 times: [ Failed password for root from 43.255.190.148 port 40201 ssh2]
Apr 11 19:49:16 ovzhost sshd[978]: Received disconnect from 43.255.190.148: 11:  [preauth]
Apr 11 19:49:16 ovzhost sshd[978]: PAM 2 more authentication failures; logname= uid=0 euid=0 tty=ssh ruser= rhost=43.255.190.148  user=root
Apr 11 19:49:17 ovzhost sshd[986]: pam_unix(sshd:auth): authentication failure; logname= uid=0 euid=0 tty=ssh ruser= rhost=43.255.190.148  user=root
Apr 11 19:49:17 ovzhost sshd[980]: message repeated 2 times: [ Failed password for root from 43.255.190.153 port 44750 ssh2]
Apr 11 19:49:17 ovzhost sshd[980]: Received disconnect from 43.255.190.153: 11:  [preauth]
Apr 11 19:49:17 ovzhost sshd[980]: PAM 2 more authentication failures; logname= uid=0 euid=0 tty=ssh ruser= rhost=43.255.190.153  user=root
Apr 11 19:49:18 ovzhost sshd[988]: pam_unix(sshd:auth): authentication failure; logname= uid=0 euid=0 tty=ssh ruser= rhost=43.255.190.153  user=root
Apr 11 19:49:18 ovzhost sshd[984]: Failed password for root from 221.229.160.222 port 42319 ssh2
Apr 11 19:49:18 ovzhost sshd[986]: Failed password for root from 43.255.190.148 port 57323 ssh2
Apr 11 19:49:19 ovzhost sshd[988]: Failed password for root from 43.255.190.153 port 59405 ssh2
Apr 11 19:49:22 ovzhost sshd[986]: message repeated 2 times: [ Failed password for root from 43.255.190.148 port 57323 ssh2]
Apr 11 19:49:22 ovzhost sshd[986]: Received disconnect from 43.255.190.148: 11:  [preauth]
Apr 11 19:49:22 ovzhost sshd[986]: PAM 2 more authentication failures; logname= uid=0 euid=0 tty=ssh ruser= rhost=43.255.190.148  user=root
Apr 11 19:49:22 ovzhost sshd[984]: message repeated 2 times: [ Failed password for root from 221.229.160.222 port 42319 ssh2]
Apr 11 19:49:22 ovzhost sshd[984]: Received disconnect from 221.229.160.222: 11:  [preauth]
Apr 11 19:49:22 ovzhost sshd[984]: PAM 2 more authentication failures; logname= uid=0 euid=0 tty=ssh ruser= rhost=221.229.160.222  user=root
Apr 11 19:49:23 ovzhost sshd[990]: pam_unix(sshd:auth): authentication failure; logname= uid=0 euid=0 tty=ssh ruser= rhost=43.255.190.148  user=root
Apr 11 19:49:24 ovzhost sshd[988]: message repeated 2 times: [ Failed password for root from 43.255.190.153 port 59405 ssh2]
Apr 11 19:49:24 ovzhost sshd[988]: Received disconnect from 43.255.190.153: 11:  [preauth]
Apr 11 19:49:24 ovzhost sshd[988]: PAM 2 more authentication failures; logname= uid=0 euid=0 tty=ssh ruser= rhost=43.255.190.153  user=root
Apr 11 19:49:24 ovzhost sshd[992]: pam_unix(sshd:auth): authentication failure; logname= uid=0 euid=0 tty=ssh ruser= rhost=221.229.160.222  user=root
Apr 11 19:49:24 ovzhost sshd[994]: pam_unix(sshd:auth): authentication failure; logname= uid=0 euid=0 tty=ssh ruser= rhost=43.255.190.153  user=root
Apr 11 19:49:24 ovzhost sshd[990]: Failed password for root from 43.255.190.148 port 42965 ssh2
Apr 11 19:49:26 ovzhost sshd[992]: Failed password for root from 221.229.160.222 port 47997 ssh2
Apr 11 19:49:26 ovzhost sshd[994]: Failed password for root from 43.255.190.153 port 44104 ssh2
Apr 11 19:49:29 ovzhost sshd[990]: message repeated 2 times: [ Failed password for root from 43.255.190.148 port 42965 ssh2]
Apr 11 19:49:29 ovzhost sshd[990]: Received disconnect from 43.255.190.148: 11:  [preauth]
Apr 11 19:49:29 ovzhost sshd[990]: PAM 2 more authentication failures; logname= uid=0 euid=0 tty=ssh ruser= rhost=43.255.190.148  user=root
Apr 11 19:49:30 ovzhost sshd[996]: pam_unix(sshd:auth): authentication failure; logname= uid=0 euid=0 tty=ssh ruser= rhost=43.255.190.148  user=root
Apr 11 19:49:30 ovzhost sshd[994]: message repeated 2 times: [ Failed password for root from 43.255.190.153 port 44104 ssh2]
Apr 11 19:49:30 ovzhost sshd[994]: Received disconnect from 43.255.190.153: 11:  [preauth]
Apr 11 19:49:30 ovzhost sshd[994]: PAM 2 more authentication failures; logname= uid=0 euid=0 tty=ssh ruser= rhost=43.255.190.153  user=root
Apr 11 19:49:30 ovzhost sshd[992]: message repeated 2 times: [ Failed password for root from 221.229.160.222 port 47997 ssh2]
Apr 11 19:49:31 ovzhost sshd[992]: Received disconnect from 221.229.160.222: 11:  [preauth]
Apr 11 19:49:31 ovzhost sshd[992]: PAM 2 more authentication failures; logname= uid=0 euid=0 tty=ssh ruser= rhost=221.229.160.222  user=root
Apr 11 19:49:31 ovzhost sshd[1000]: pam_unix(sshd:auth): authentication failure; logname= uid=0 euid=0 tty=ssh ruser= rhost=43.255.190.153  user=root
Apr 11 19:49:31 ovzhost sshd[996]: Failed password for root from 43.255.190.148 port 58577 ssh2
Apr 11 19:49:33 ovzhost sshd[1000]: Failed password for root from 43.255.190.153 port 57110 ssh2
Apr 11 19:49:36 ovzhost sshd[1002]: pam_unix(sshd:auth): authentication failure; logname= uid=0 euid=0 tty=ssh ruser= rhost=221.229.160.222  user=root
Apr 11 19:49:36 ovzhost sshd[996]: message repeated 2 times: [ Failed password for root from 43.255.190.148 port 58577 ssh2]
Apr 11 19:49:36 ovzhost sshd[996]: Received disconnect from 43.255.190.148: 11:  [preauth]
Apr 11 19:49:36 ovzhost sshd[996]: PAM 2 more authentication failures; logname= uid=0 euid=0 tty=ssh ruser= rhost=43.255.190.148  user=root
Apr 11 19:49:37 ovzhost sshd[1004]: pam_unix(sshd:auth): authentication failure; logname= uid=0 euid=0 tty=ssh ruser= rhost=43.255.190.148  user=root
Apr 11 19:49:37 ovzhost sshd[1000]: message repeated 2 times: [ Failed password for root from 43.255.190.153 port 57110 ssh2]
Apr 11 19:49:37 ovzhost sshd[1000]: Received disconnect from 43.255.190.153: 11:  [preauth]
Apr 11 19:49:37 ovzhost sshd[1000]: PAM 2 more authentication failures; logname= uid=0 euid=0 tty=ssh ruser= rhost=43.255.190.153  user=root
Apr 11 19:49:38 ovzhost sshd[1007]: pam_unix(sshd:auth): authentication failure; logname= uid=0 euid=0 tty=ssh ruser= rhost=43.255.190.153  user=root
Apr 11 19:49:38 ovzhost sshd[1002]: Failed password for root from 221.229.160.222 port 53782 ssh2
Apr 11 19:49:39 ovzhost sshd[1004]: Failed password for root from 43.255.190.148 port 46675 ssh2
Apr 11 19:49:40 ovzhost sshd[1007]: Failed password for root from 43.255.190.153 port 41998 ssh2
Apr 11 19:49:43 ovzhost sshd[1002]: message repeated 2 times: [ Failed password for root from 221.229.160.222 port 53782 ssh2]
Apr 11 19:49:43 ovzhost sshd[1002]: Received disconnect from 221.229.160.222: 11:  [preauth]
Apr 11 19:49:43 ovzhost sshd[1002]: PAM 2 more authentication failures; logname= uid=0 euid=0 tty=ssh ruser= rhost=221.229.160.222  user=root
Apr 11 19:49:43 ovzhost sshd[1004]: message repeated 2 times: [ Failed password for root from 43.255.190.148 port 46675 ssh2]
Apr 11 19:49:43 ovzhost sshd[1004]: Received disconnect from 43.255.190.148: 11:  [preauth]
Apr 11 19:49:43 ovzhost sshd[1004]: PAM 2 more authentication failures; logname= uid=0 euid=0 tty=ssh ruser= rhost=43.255.190.148  user=root
Apr 11 19:49:44 ovzhost sshd[1009]: pam_unix(sshd:auth): authentication failure; logname= uid=0 euid=0 tty=ssh ruser= rhost=43.255.190.148  user=root
Apr 11 19:49:45 ovzhost sshd[1007]: message repeated 2 times: [ Failed password for root from 43.255.190.153 port 41998 ssh2]
Apr 11 19:49:45 ovzhost sshd[1007]: Received disconnect from 43.255.190.153: 11:  [preauth]
Apr 11 19:49:45 ovzhost sshd[1007]: PAM 2 more authentication failures; logname= uid=0 euid=0 tty=ssh ruser= rhost=43.255.190.153  user=root
Apr 11 19:49:45 ovzhost sshd[1013]: pam_unix(sshd:auth): authentication failure; logname= uid=0 euid=0 tty=ssh ruser= rhost=43.255.190.153  user=root
Apr 11 19:49:45 ovzhost sshd[1009]: Failed password for root from 43.255.190.148 port 34274 ssh2
Apr 11 19:49:48 ovzhost sshd[1013]: Failed password for root from 43.255.190.153 port 56257 ssh2
Apr 11 19:49:50 ovzhost sshd[1009]: message repeated 2 times: [ Failed password for root from 43.255.190.148 port 34274 ssh2]
Apr 11 19:49:50 ovzhost sshd[1009]: Received disconnect from 43.255.190.148: 11:  [preauth]
Apr 11 19:49:50 ovzhost sshd[1009]: PAM 2 more authentication failures; logname= uid=0 euid=0 tty=ssh ruser= rhost=43.255.190.148  user=root
Apr 11 19:49:50 ovzhost sshd[1015]: pam_unix(sshd:auth): authentication failure; logname= uid=0 euid=0 tty=ssh ruser= rhost=43.255.190.148  user=root
Apr 11 19:49:51 ovzhost sshd[1013]: message repeated 2 times: [ Failed password for root from 43.255.190.153 port 56257 ssh2]
Apr 11 19:49:51 ovzhost sshd[1013]: Received disconnect from 43.255.190.153: 11:  [preauth]
Apr 11 19:49:51 ovzhost sshd[1013]: PAM 2 more authentication failures; logname= uid=0 euid=0 tty=ssh ruser= rhost=43.255.190.153  user=root
Apr 11 19:49:52 ovzhost sshd[1017]: pam_unix(sshd:auth): authentication failure; logname= uid=0 euid=0 tty=ssh ruser= rhost=43.255.190.153  user=root
Apr 11 19:49:53 ovzhost sshd[1015]: Failed password for root from 43.255.190.148 port 49779 ssh2
Apr 11 19:49:54 ovzhost sshd[1011]: Connection closed by 221.229.160.222 [preauth]
Apr 11 19:49:54 ovzhost sshd[1017]: Failed password for root from 43.255.190.153 port 41181 ssh2
Apr 11 19:49:57 ovzhost sshd[1015]: message repeated 2 times: [ Failed password for root from 43.255.190.148 port 49779 ssh2]
Apr 11 19:49:57 ovzhost sshd[1015]: Received disconnect from 43.255.190.148: 11:  [preauth]
Apr 11 19:49:57 ovzhost sshd[1015]: PAM 2 more authentication failures; logname= uid=0 euid=0 tty=ssh ruser= rhost=43.255.190.148  user=root
Apr 11 19:49:57 ovzhost sshd[1021]: pam_unix(sshd:auth): authentication failure; logname= uid=0 euid=0 tty=ssh ruser= rhost=43.255.190.148  user=root
Apr 11 19:49:58 ovzhost sshd[1017]: message repeated 2 times: [ Failed password for root from 43.255.190.153 port 41181 ssh2]
Apr 11 19:49:58 ovzhost sshd[1017]: Received disconnect from 43.255.190.153: 11:  [preauth]
Apr 11 19:49:58 ovzhost sshd[1017]: PAM 2 more authentication failures; logname= uid=0 euid=0 tty=ssh ruser= rhost=43.255.190.153  user=root
Apr 11 19:49:59 ovzhost sshd[1023]: pam_unix(sshd:auth): authentication failure; logname= uid=0 euid=0 tty=ssh ruser= rhost=43.255.190.153  user=root
Apr 11 19:50:00 ovzhost sshd[1021]: Failed password for root from 43.255.190.148 port 36947 ssh2
Apr 11 19:50:01 ovzhost sshd[1023]: Failed password for root from 43.255.190.153 port 54294 ssh2
Apr 11 19:50:04 ovzhost sshd[1021]: message repeated 2 times: [ Failed password for root from 43.255.190.148 port 36947 ssh2]
Apr 11 19:50:04 ovzhost sshd[1021]: Received disconnect from 43.255.190.148: 11:  [preauth]
Apr 11 19:50:04 ovzhost sshd[1021]: PAM 2 more authentication failures; logname= uid=0 euid=0 tty=ssh ruser= rhost=43.255.190.148  user=root
Apr 11 19:50:05 ovzhost sshd[1025]: pam_unix(sshd:auth): authentication failure; logname= uid=0 euid=0 tty=ssh ruser= rhost=43.255.190.148  user=root
Apr 11 19:50:05 ovzhost sshd[1019]: Connection closed by 221.229.160.222 [preauth]
Apr 11 19:50:05 ovzhost sshd[1023]: message repeated 2 times: [ Failed password for root from 43.255.190.153 port 54294 ssh2]
Apr 11 19:50:05 ovzhost sshd[1023]: Received disconnect from 43.255.190.153: 11:  [preauth]
Apr 11 19:50:05 ovzhost sshd[1023]: PAM 2 more authentication failures; logname= uid=0 euid=0 tty=ssh ruser= rhost=43.255.190.153  user=root
Apr 11 19:50:06 ovzhost sshd[1029]: pam_unix(sshd:auth): authentication failure; logname= uid=0 euid=0 tty=ssh ruser= rhost=43.255.190.153  user=root
Apr 11 19:50:07 ovzhost sshd[1025]: Failed password for root from 43.255.190.148 port 52601 ssh2
Apr 11 19:50:08 ovzhost sshd[1029]: Failed password for root from 43.255.190.153 port 38761 ssh2
Apr 11 19:50:10 ovzhost sshd[1025]: message repeated 2 times: [ Failed password for root from 43.255.190.148 port 52601 ssh2]
Apr 11 19:50:10 ovzhost sshd[1025]: Received disconnect from 43.255.190.148: 11:  [preauth]
Apr 11 19:50:10 ovzhost sshd[1025]: PAM 2 more authentication failures; logname= uid=0 euid=0 tty=ssh ruser= rhost=43.255.190.148  user=root
Apr 11 19:50:11 ovzhost sshd[1032]: pam_unix(sshd:auth): authentication failure; logname= uid=0 euid=0 tty=ssh ruser= rhost=43.255.190.148  user=root
Apr 11 19:50:12 ovzhost sshd[1029]: message repeated 2 times: [ Failed password for root from 43.255.190.153 port 38761 ssh2]
Apr 11 19:50:12 ovzhost sshd[1029]: Received disconnect from 43.255.190.153: 11:  [preauth]
Apr 11 19:50:12 ovzhost sshd[1029]: PAM 2 more authentication failures; logname= uid=0 euid=0 tty=ssh ruser= rhost=43.255.190.153  user=root
Apr 11 19:50:13 ovzhost sshd[1034]: pam_unix(sshd:auth): authentication failure; logname= uid=0 euid=0 tty=ssh ruser= rhost=43.255.190.153  user=root
Apr 11 19:50:13 ovzhost sshd[1032]: Failed password for root from 43.255.190.148 port 38756 ssh2
Apr 11 19:50:15 ovzhost sshd[1034]: Failed password for root from 43.255.190.153 port 52041 ssh2
Apr 11 19:50:15 ovzhost sshd[1027]: Connection closed by 221.229.160.222 [preauth]
Apr 11 19:50:17 ovzhost sshd[1036]: pam_unix(sshd:auth): authentication failure; logname= uid=0 euid=0 tty=ssh ruser= rhost=221.229.160.222  user=root
Apr 11 19:50:17 ovzhost sshd[1032]: message repeated 2 times: [ Failed password for root from 43.255.190.148 port 38756 ssh2]
Apr 11 19:50:17 ovzhost sshd[1032]: Received disconnect from 43.255.190.148: 11:  [preauth]
Apr 11 19:50:17 ovzhost sshd[1032]: PAM 2 more authentication failures; logname= uid=0 euid=0 tty=ssh ruser= rhost=43.255.190.148  user=root
Apr 11 19:50:18 ovzhost sshd[1038]: pam_unix(sshd:auth): authentication failure; logname= uid=0 euid=0 tty=ssh ruser= rhost=43.255.190.148  user=root
Apr 11 19:50:19 ovzhost sshd[1036]: Failed password for root from 221.229.160.222 port 58083 ssh2
Apr 11 19:50:19 ovzhost sshd[1034]: message repeated 2 times: [ Failed password for root from 43.255.190.153 port 52041 ssh2]
Apr 11 19:50:19 ovzhost sshd[1034]: Received disconnect from 43.255.190.153: 11:  [preauth]
Apr 11 19:50:19 ovzhost sshd[1034]: PAM 2 more authentication failures; logname= uid=0 euid=0 tty=ssh ruser= rhost=43.255.190.153  user=root
Apr 11 19:50:19 ovzhost sshd[1040]: pam_unix(sshd:auth): authentication failure; logname= uid=0 euid=0 tty=ssh ruser= rhost=43.255.190.153  user=root
Apr 11 19:50:20 ovzhost sshd[1038]: Failed password for root from 43.255.190.148 port 53667 ssh2
Apr 11 19:50:21 ovzhost sshd[1040]: Failed password for root from 43.255.190.153 port 37046 ssh2
Apr 11 19:50:24 ovzhost sshd[1036]: message repeated 2 times: [ Failed password for root from 221.229.160.222 port 58083 ssh2]
Apr 11 19:50:24 ovzhost sshd[1036]: Received disconnect from 221.229.160.222: 11:  [preauth]
Apr 11 19:50:24 ovzhost sshd[1036]: PAM 2 more authentication failures; logname= uid=0 euid=0 tty=ssh ruser= rhost=221.229.160.222  user=root
Apr 11 19:50:25 ovzhost sshd[1038]: message repeated 2 times: [ Failed password for root from 43.255.190.148 port 53667 ssh2]
Apr 11 19:50:25 ovzhost sshd[1038]: Received disconnect from 43.255.190.148: 11:  [preauth]
Apr 11 19:50:25 ovzhost sshd[1038]: PAM 2 more authentication failures; logname= uid=0 euid=0 tty=ssh ruser= rhost=43.255.190.148  user=root
Apr 11 19:50:25 ovzhost sshd[1044]: pam_unix(sshd:auth): authentication failure; logname= uid=0 euid=0 tty=ssh ruser= rhost=43.255.190.148  user=root
Apr 11 19:50:26 ovzhost sshd[1040]: message repeated 2 times: [ Failed password for root from 43.255.190.153 port 37046 ssh2]
Apr 11 19:50:26 ovzhost sshd[1040]: Received disconnect from 43.255.190.153: 11:  [preauth]
Apr 11 19:50:26 ovzhost sshd[1040]: PAM 2 more authentication failures; logname= uid=0 euid=0 tty=ssh ruser= rhost=43.255.190.153  user=root
Apr 11 19:50:26 ovzhost sshd[1046]: pam_unix(sshd:auth): authentication failure; logname= uid=0 euid=0 tty=ssh ruser= rhost=43.255.190.153  user=root
Apr 11 19:50:28 ovzhost sshd[1044]: Failed password for root from 43.255.190.148 port 41561 ssh2
Apr 11 19:50:28 ovzhost sshd[1046]: Failed password for root from 43.255.190.153 port 49646 ssh2
Apr 11 19:50:32 ovzhost sshd[1044]: message repeated 2 times: [ Failed password for root from 43.255.190.148 port 41561 ssh2]
Apr 11 19:50:32 ovzhost sshd[1044]: Received disconnect from 43.255.190.148: 11:  [preauth]
Apr 11 19:50:32 ovzhost sshd[1044]: PAM 2 more authentication failures; logname= uid=0 euid=0 tty=ssh ruser= rhost=43.255.190.148  user=root
Apr 11 19:50:33 ovzhost sshd[1048]: pam_unix(sshd:auth): authentication failure; logname= uid=0 euid=0 tty=ssh ruser= rhost=43.255.190.148  user=root
Apr 11 19:50:33 ovzhost sshd[1046]: message repeated 2 times: [ Failed password for root from 43.255.190.153 port 49646 ssh2]
Apr 11 19:50:33 ovzhost sshd[1046]: Received disconnect from 43.255.190.153: 11:  [preauth]
Apr 11 19:50:33 ovzhost sshd[1046]: PAM 2 more authentication failures; logname= uid=0 euid=0 tty=ssh ruser= rhost=43.255.190.153  user=root
Apr 11 19:50:34 ovzhost sshd[1050]: pam_unix(sshd:auth): authentication failure; logname= uid=0 euid=0 tty=ssh ruser= rhost=43.255.190.153  user=root
