Apr 11 20:00:01 ovzhost CRON[1258]: pam_unix(cron:session): session opened for user smmsp by (uid=0)
Apr 11 20:00:01 ovzhost CRON[1258]: pam_unix(cron:session): session closed for user smmsp
Apr 11 20:00:38 ovzhost sshd[1285]: Connection closed by 128.8.37.120 [preauth]
Apr 11 20:02:33 ovzhost sshd[1294]: Connection closed by 127.0.0.1 [preauth]
Apr 11 20:07:33 ovzhost sshd[1313]: Connection closed by 127.0.0.1 [preauth]
Apr 11 20:09:01 ovzhost CRON[1321]: pam_env(cron:session): Unable to open env file: /etc/default/locale: No such file or directory
Apr 11 20:09:01 ovzhost CRON[1322]: pam_env(cron:session): Unable to open env file: /etc/default/locale: No such file or directory
Apr 11 20:09:01 ovzhost CRON[1321]: pam_unix(cron:session): session opened for user root by (uid=0)
Apr 11 20:09:01 ovzhost CRON[1322]: pam_unix(cron:session): session opened for user root by (uid=0)
Apr 11 20:09:01 ovzhost CRON[1321]: pam_unix(cron:session): session closed for user root
Apr 11 20:09:01 ovzhost CRON[1322]: pam_unix(cron:session): session closed for user root
Apr 11 20:10:38 ovzhost sshd[1344]: Connection closed by 128.8.37.120 [preauth]
Apr 11 20:10:42 ovzhost sshd[1346]: pam_unix(sshd:auth): authentication failure; logname= uid=0 euid=0 tty=ssh ruser= rhost=43.255.190.160  user=root
Apr 11 20:10:42 ovzhost sshd[1348]: pam_unix(sshd:auth): authentication failure; logname= uid=0 euid=0 tty=ssh ruser= rhost=43.255.190.134  user=root
Apr 11 20:10:44 ovzhost sshd[1346]: Failed password for root from 43.255.190.160 port 45648 ssh2
Apr 11 20:10:44 ovzhost sshd[1348]: Failed password for root from 43.255.190.134 port 45938 ssh2
Apr 11 20:10:48 ovzhost sshd[1346]: message repeated 2 times: [ Failed password for root from 43.255.190.160 port 45648 ssh2]
Apr 11 20:10:48 ovzhost sshd[1346]: Received disconnect from 43.255.190.160: 11:  [preauth]
Apr 11 20:10:48 ovzhost sshd[1346]: PAM 2 more authentication failures; logname= uid=0 euid=0 tty=ssh ruser= rhost=43.255.190.160  user=root
Apr 11 20:10:49 ovzhost sshd[1348]: message repeated 2 times: [ Failed password for root from 43.255.190.134 port 45938 ssh2]
Apr 11 20:10:49 ovzhost sshd[1348]: Received disconnect from 43.255.190.134: 11:  [preauth]
Apr 11 20:10:49 ovzhost sshd[1348]: PAM 2 more authentication failures; logname= uid=0 euid=0 tty=ssh ruser= rhost=43.255.190.134  user=root
Apr 11 20:10:49 ovzhost sshd[1350]: pam_unix(sshd:auth): authentication failure; logname= uid=0 euid=0 tty=ssh ruser= rhost=43.255.190.160  user=root
Apr 11 20:10:49 ovzhost sshd[1352]: pam_unix(sshd:auth): authentication failure; logname= uid=0 euid=0 tty=ssh ruser= rhost=43.255.190.134  user=root
Apr 11 20:10:51 ovzhost sshd[1350]: Failed password for root from 43.255.190.160 port 34916 ssh2
Apr 11 20:10:52 ovzhost sshd[1352]: Failed password for root from 43.255.190.134 port 35545 ssh2
Apr 11 20:10:55 ovzhost sshd[1350]: message repeated 2 times: [ Failed password for root from 43.255.190.160 port 34916 ssh2]
Apr 11 20:10:55 ovzhost sshd[1350]: Received disconnect from 43.255.190.160: 11:  [preauth]
Apr 11 20:10:55 ovzhost sshd[1350]: PAM 2 more authentication failures; logname= uid=0 euid=0 tty=ssh ruser= rhost=43.255.190.160  user=root
Apr 11 20:10:55 ovzhost sshd[1352]: message repeated 2 times: [ Failed password for root from 43.255.190.134 port 35545 ssh2]
Apr 11 20:10:56 ovzhost sshd[1352]: Received disconnect from 43.255.190.134: 11:  [preauth]
Apr 11 20:10:56 ovzhost sshd[1352]: PAM 2 more authentication failures; logname= uid=0 euid=0 tty=ssh ruser= rhost=43.255.190.134  user=root
Apr 11 20:10:56 ovzhost sshd[1354]: pam_unix(sshd:auth): authentication failure; logname= uid=0 euid=0 tty=ssh ruser= rhost=43.255.190.160  user=root
Apr 11 20:10:56 ovzhost sshd[1356]: pam_unix(sshd:auth): authentication failure; logname= uid=0 euid=0 tty=ssh ruser= rhost=43.255.190.134  user=root
Apr 11 20:10:57 ovzhost sshd[1354]: Failed password for root from 43.255.190.160 port 52460 ssh2
Apr 11 20:10:58 ovzhost sshd[1356]: Failed password for root from 43.255.190.134 port 53889 ssh2
Apr 11 20:11:02 ovzhost sshd[1354]: message repeated 2 times: [ Failed password for root from 43.255.190.160 port 52460 ssh2]
Apr 11 20:11:02 ovzhost sshd[1354]: Received disconnect from 43.255.190.160: 11:  [preauth]
Apr 11 20:11:02 ovzhost sshd[1354]: PAM 2 more authentication failures; logname= uid=0 euid=0 tty=ssh ruser= rhost=43.255.190.160  user=root
Apr 11 20:11:03 ovzhost sshd[1356]: message repeated 2 times: [ Failed password for root from 43.255.190.134 port 53889 ssh2]
Apr 11 20:11:03 ovzhost sshd[1356]: Received disconnect from 43.255.190.134: 11:  [preauth]
Apr 11 20:11:03 ovzhost sshd[1356]: PAM 2 more authentication failures; logname= uid=0 euid=0 tty=ssh ruser= rhost=43.255.190.134  user=root
Apr 11 20:11:03 ovzhost sshd[1359]: pam_unix(sshd:auth): authentication failure; logname= uid=0 euid=0 tty=ssh ruser= rhost=43.255.190.160  user=root
Apr 11 20:11:03 ovzhost sshd[1361]: pam_unix(sshd:auth): authentication failure; logname= uid=0 euid=0 tty=ssh ruser= rhost=43.255.190.134  user=root
Apr 11 20:11:05 ovzhost sshd[1359]: Failed password for root from 43.255.190.160 port 42618 ssh2
Apr 11 20:11:05 ovzhost sshd[1361]: Failed password for root from 43.255.190.134 port 44434 ssh2
Apr 11 20:11:08 ovzhost sshd[1359]: message repeated 2 times: [ Failed password for root from 43.255.190.160 port 42618 ssh2]
Apr 11 20:11:08 ovzhost sshd[1359]: Received disconnect from 43.255.190.160: 11:  [preauth]
Apr 11 20:11:08 ovzhost sshd[1359]: PAM 2 more authentication failures; logname= uid=0 euid=0 tty=ssh ruser= rhost=43.255.190.160  user=root
Apr 11 20:11:09 ovzhost sshd[1363]: pam_unix(sshd:auth): authentication failure; logname= uid=0 euid=0 tty=ssh ruser= rhost=43.255.190.160  user=root
Apr 11 20:11:09 ovzhost sshd[1361]: message repeated 2 times: [ Failed password for root from 43.255.190.134 port 44434 ssh2]
Apr 11 20:11:09 ovzhost sshd[1361]: Received disconnect from 43.255.190.134: 11:  [preauth]
Apr 11 20:11:09 ovzhost sshd[1361]: PAM 2 more authentication failures; logname= uid=0 euid=0 tty=ssh ruser= rhost=43.255.190.134  user=root
Apr 11 20:11:09 ovzhost sshd[1365]: pam_unix(sshd:auth): authentication failure; logname= uid=0 euid=0 tty=ssh ruser= rhost=43.255.190.134  user=root
Apr 11 20:11:11 ovzhost sshd[1363]: Failed password for root from 43.255.190.160 port 57510 ssh2
Apr 11 20:11:12 ovzhost sshd[1365]: Failed password for root from 43.255.190.134 port 32811 ssh2
Apr 11 20:11:16 ovzhost sshd[1363]: message repeated 2 times: [ Failed password for root from 43.255.190.160 port 57510 ssh2]
Apr 11 20:11:16 ovzhost sshd[1363]: Received disconnect from 43.255.190.160: 11:  [preauth]
Apr 11 20:11:16 ovzhost sshd[1363]: PAM 2 more authentication failures; logname= uid=0 euid=0 tty=ssh ruser= rhost=43.255.190.160  user=root
Apr 11 20:11:16 ovzhost sshd[1369]: pam_unix(sshd:auth): authentication failure; logname= uid=0 euid=0 tty=ssh ruser= rhost=43.255.190.160  user=root
Apr 11 20:11:16 ovzhost sshd[1365]: message repeated 2 times: [ Failed password for root from 43.255.190.134 port 32811 ssh2]
Apr 11 20:11:16 ovzhost sshd[1365]: Received disconnect from 43.255.190.134: 11:  [preauth]
Apr 11 20:11:16 ovzhost sshd[1365]: PAM 2 more authentication failures; logname= uid=0 euid=0 tty=ssh ruser= rhost=43.255.190.134  user=root
Apr 11 20:11:17 ovzhost sshd[1371]: pam_unix(sshd:auth): authentication failure; logname= uid=0 euid=0 tty=ssh ruser= rhost=43.255.190.134  user=root
Apr 11 20:11:18 ovzhost sshd[1369]: Failed password for root from 43.255.190.160 port 48236 ssh2
Apr 11 20:11:18 ovzhost sshd[1371]: Failed password for root from 43.255.190.134 port 52601 ssh2
Apr 11 20:11:22 ovzhost sshd[1369]: message repeated 2 times: [ Failed password for root from 43.255.190.160 port 48236 ssh2]
Apr 11 20:11:22 ovzhost sshd[1369]: Received disconnect from 43.255.190.160: 11:  [preauth]
Apr 11 20:11:22 ovzhost sshd[1369]: PAM 2 more authentication failures; logname= uid=0 euid=0 tty=ssh ruser= rhost=43.255.190.160  user=root
Apr 11 20:11:22 ovzhost sshd[1371]: message repeated 2 times: [ Failed password for root from 43.255.190.134 port 52601 ssh2]
Apr 11 20:11:22 ovzhost sshd[1371]: Received disconnect from 43.255.190.134: 11:  [preauth]
Apr 11 20:11:22 ovzhost sshd[1371]: PAM 2 more authentication failures; logname= uid=0 euid=0 tty=ssh ruser= rhost=43.255.190.134  user=root
Apr 11 20:11:23 ovzhost sshd[1373]: pam_unix(sshd:auth): authentication failure; logname= uid=0 euid=0 tty=ssh ruser= rhost=43.255.190.160  user=root
Apr 11 20:11:23 ovzhost sshd[1375]: pam_unix(sshd:auth): authentication failure; logname= uid=0 euid=0 tty=ssh ruser= rhost=43.255.190.134  user=root
Apr 11 20:11:25 ovzhost sshd[1373]: Failed password for root from 43.255.190.160 port 36397 ssh2
Apr 11 20:11:25 ovzhost sshd[1375]: Failed password for root from 43.255.190.134 port 41850 ssh2
Apr 11 20:11:29 ovzhost sshd[1373]: message repeated 2 times: [ Failed password for root from 43.255.190.160 port 36397 ssh2]
Apr 11 20:11:29 ovzhost sshd[1373]: Received disconnect from 43.255.190.160: 11:  [preauth]
Apr 11 20:11:29 ovzhost sshd[1373]: PAM 2 more authentication failures; logname= uid=0 euid=0 tty=ssh ruser= rhost=43.255.190.160  user=root
Apr 11 20:11:29 ovzhost sshd[1375]: message repeated 2 times: [ Failed password for root from 43.255.190.134 port 41850 ssh2]
Apr 11 20:11:29 ovzhost sshd[1375]: Received disconnect from 43.255.190.134: 11:  [preauth]
Apr 11 20:11:29 ovzhost sshd[1375]: PAM 2 more authentication failures; logname= uid=0 euid=0 tty=ssh ruser= rhost=43.255.190.134  user=root
Apr 11 20:11:30 ovzhost sshd[1377]: pam_unix(sshd:auth): authentication failure; logname= uid=0 euid=0 tty=ssh ruser= rhost=43.255.190.160  user=root
Apr 11 20:11:30 ovzhost sshd[1379]: pam_unix(sshd:auth): authentication failure; logname= uid=0 euid=0 tty=ssh ruser= rhost=43.255.190.134  user=root
Apr 11 20:11:31 ovzhost sshd[1377]: Failed password for root from 43.255.190.160 port 52904 ssh2
Apr 11 20:11:32 ovzhost sshd[1379]: Failed password for root from 43.255.190.134 port 33621 ssh2
Apr 11 20:11:35 ovzhost sshd[1377]: message repeated 2 times: [ Failed password for root from 43.255.190.160 port 52904 ssh2]
Apr 11 20:11:35 ovzhost sshd[1377]: Received disconnect from 43.255.190.160: 11:  [preauth]
Apr 11 20:11:35 ovzhost sshd[1377]: PAM 2 more authentication failures; logname= uid=0 euid=0 tty=ssh ruser= rhost=43.255.190.160  user=root
Apr 11 20:11:36 ovzhost sshd[1381]: pam_unix(sshd:auth): authentication failure; logname= uid=0 euid=0 tty=ssh ruser= rhost=43.255.190.160  user=root
Apr 11 20:11:36 ovzhost sshd[1379]: message repeated 2 times: [ Failed password for root from 43.255.190.134 port 33621 ssh2]
Apr 11 20:11:36 ovzhost sshd[1379]: Received disconnect from 43.255.190.134: 11:  [preauth]
Apr 11 20:11:36 ovzhost sshd[1379]: PAM 2 more authentication failures; logname= uid=0 euid=0 tty=ssh ruser= rhost=43.255.190.134  user=root
Apr 11 20:11:37 ovzhost sshd[1383]: pam_unix(sshd:auth): authentication failure; logname= uid=0 euid=0 tty=ssh ruser= rhost=43.255.190.134  user=root
Apr 11 20:11:38 ovzhost sshd[1381]: Failed password for root from 43.255.190.160 port 40333 ssh2
Apr 11 20:11:39 ovzhost sshd[1383]: Failed password for root from 43.255.190.134 port 51573 ssh2
Apr 11 20:11:42 ovzhost sshd[1381]: message repeated 2 times: [ Failed password for root from 43.255.190.160 port 40333 ssh2]
Apr 11 20:11:42 ovzhost sshd[1381]: Received disconnect from 43.255.190.160: 11:  [preauth]
Apr 11 20:11:42 ovzhost sshd[1381]: PAM 2 more authentication failures; logname= uid=0 euid=0 tty=ssh ruser= rhost=43.255.190.160  user=root
Apr 11 20:11:42 ovzhost sshd[1383]: message repeated 2 times: [ Failed password for root from 43.255.190.134 port 51573 ssh2]
Apr 11 20:11:42 ovzhost sshd[1383]: Received disconnect from 43.255.190.134: 11:  [preauth]
Apr 11 20:11:42 ovzhost sshd[1383]: PAM 2 more authentication failures; logname= uid=0 euid=0 tty=ssh ruser= rhost=43.255.190.134  user=root
Apr 11 20:11:42 ovzhost sshd[1387]: pam_unix(sshd:auth): authentication failure; logname= uid=0 euid=0 tty=ssh ruser= rhost=43.255.190.160  user=root
Apr 11 20:11:43 ovzhost sshd[1389]: pam_unix(sshd:auth): authentication failure; logname= uid=0 euid=0 tty=ssh ruser= rhost=43.255.190.134  user=root
Apr 11 20:11:44 ovzhost sshd[1387]: Failed password for root from 43.255.190.160 port 56192 ssh2
Apr 11 20:11:45 ovzhost sshd[1389]: Failed password for root from 43.255.190.134 port 41118 ssh2
Apr 11 20:11:49 ovzhost sshd[1389]: message repeated 2 times: [ Failed password for root from 43.255.190.134 port 41118 ssh2]
Apr 11 20:11:50 ovzhost sshd[1389]: Received disconnect from 43.255.190.134: 11:  [preauth]
Apr 11 20:11:50 ovzhost sshd[1389]: PAM 2 more authentication failures; logname= uid=0 euid=0 tty=ssh ruser= rhost=43.255.190.134  user=root
Apr 11 20:11:50 ovzhost sshd[1387]: message repeated 2 times: [ Failed password for root from 43.255.190.160 port 56192 ssh2]
Apr 11 20:11:50 ovzhost sshd[1387]: Received disconnect from 43.255.190.160: 11:  [preauth]
Apr 11 20:11:50 ovzhost sshd[1387]: PAM 2 more authentication failures; logname= uid=0 euid=0 tty=ssh ruser= rhost=43.255.190.160  user=root
Apr 11 20:11:50 ovzhost sshd[1391]: pam_unix(sshd:auth): authentication failure; logname= uid=0 euid=0 tty=ssh ruser= rhost=43.255.190.134  user=root
Apr 11 20:11:50 ovzhost sshd[1393]: pam_unix(sshd:auth): authentication failure; logname= uid=0 euid=0 tty=ssh ruser= rhost=43.255.190.160  user=root
Apr 11 20:11:52 ovzhost sshd[1391]: Failed password for root from 43.255.190.134 port 58888 ssh2
Apr 11 20:11:52 ovzhost sshd[1393]: Failed password for root from 43.255.190.160 port 46422 ssh2
Apr 11 20:11:55 ovzhost sshd[1391]: message repeated 2 times: [ Failed password for root from 43.255.190.134 port 58888 ssh2]
Apr 11 20:11:56 ovzhost sshd[1391]: Received disconnect from 43.255.190.134: 11:  [preauth]
Apr 11 20:11:56 ovzhost sshd[1391]: PAM 2 more authentication failures; logname= uid=0 euid=0 tty=ssh ruser= rhost=43.255.190.134  user=root
Apr 11 20:11:56 ovzhost sshd[1393]: message repeated 2 times: [ Failed password for root from 43.255.190.160 port 46422 ssh2]
Apr 11 20:11:56 ovzhost sshd[1393]: Received disconnect from 43.255.190.160: 11:  [preauth]
Apr 11 20:11:56 ovzhost sshd[1393]: PAM 2 more authentication failures; logname= uid=0 euid=0 tty=ssh ruser= rhost=43.255.190.160  user=root
Apr 11 20:11:56 ovzhost sshd[1395]: pam_unix(sshd:auth): authentication failure; logname= uid=0 euid=0 tty=ssh ruser= rhost=43.255.190.134  user=root
Apr 11 20:11:56 ovzhost sshd[1397]: pam_unix(sshd:auth): authentication failure; logname= uid=0 euid=0 tty=ssh ruser= rhost=43.255.190.160  user=root
Apr 11 20:11:59 ovzhost sshd[1395]: Failed password for root from 43.255.190.134 port 47539 ssh2
Apr 11 20:11:59 ovzhost sshd[1397]: Failed password for root from 43.255.190.160 port 33673 ssh2
Apr 11 20:12:03 ovzhost sshd[1395]: message repeated 2 times: [ Failed password for root from 43.255.190.134 port 47539 ssh2]
Apr 11 20:12:04 ovzhost sshd[1395]: Received disconnect from 43.255.190.134: 11:  [preauth]
Apr 11 20:12:04 ovzhost sshd[1395]: PAM 2 more authentication failures; logname= uid=0 euid=0 tty=ssh ruser= rhost=43.255.190.134  user=root
Apr 11 20:12:04 ovzhost sshd[1397]: message repeated 2 times: [ Failed password for root from 43.255.190.160 port 33673 ssh2]
Apr 11 20:12:04 ovzhost sshd[1397]: Received disconnect from 43.255.190.160: 11:  [preauth]
Apr 11 20:12:04 ovzhost sshd[1397]: PAM 2 more authentication failures; logname= uid=0 euid=0 tty=ssh ruser= rhost=43.255.190.160  user=root
Apr 11 20:12:04 ovzhost sshd[1400]: pam_unix(sshd:auth): authentication failure; logname= uid=0 euid=0 tty=ssh ruser= rhost=43.255.190.134  user=root
Apr 11 20:12:04 ovzhost sshd[1402]: pam_unix(sshd:auth): authentication failure; logname= uid=0 euid=0 tty=ssh ruser= rhost=43.255.190.160  user=root
Apr 11 20:12:06 ovzhost sshd[1400]: Failed password for root from 43.255.190.134 port 39462 ssh2
Apr 11 20:12:06 ovzhost sshd[1402]: Failed password for root from 43.255.190.160 port 51798 ssh2
Apr 11 20:12:09 ovzhost sshd[1400]: message repeated 2 times: [ Failed password for root from 43.255.190.134 port 39462 ssh2]
Apr 11 20:12:09 ovzhost sshd[1400]: Received disconnect from 43.255.190.134: 11:  [preauth]
Apr 11 20:12:09 ovzhost sshd[1400]: PAM 2 more authentication failures; logname= uid=0 euid=0 tty=ssh ruser= rhost=43.255.190.134  user=root
Apr 11 20:12:09 ovzhost sshd[1402]: message repeated 2 times: [ Failed password for root from 43.255.190.160 port 51798 ssh2]
Apr 11 20:12:09 ovzhost sshd[1402]: Received disconnect from 43.255.190.160: 11:  [preauth]
Apr 11 20:12:09 ovzhost sshd[1402]: PAM 2 more authentication failures; logname= uid=0 euid=0 tty=ssh ruser= rhost=43.255.190.160  user=root
Apr 11 20:12:10 ovzhost sshd[1404]: pam_unix(sshd:auth): authentication failure; logname= uid=0 euid=0 tty=ssh ruser= rhost=43.255.190.134  user=root
Apr 11 20:12:10 ovzhost sshd[1406]: pam_unix(sshd:auth): authentication failure; logname= uid=0 euid=0 tty=ssh ruser= rhost=43.255.190.160  user=root
Apr 11 20:12:12 ovzhost sshd[1404]: Failed password for root from 43.255.190.134 port 54762 ssh2
Apr 11 20:12:12 ovzhost sshd[1406]: Failed password for root from 43.255.190.160 port 37647 ssh2
Apr 11 20:12:16 ovzhost sshd[1404]: message repeated 2 times: [ Failed password for root from 43.255.190.134 port 54762 ssh2]
Apr 11 20:12:16 ovzhost sshd[1404]: Received disconnect from 43.255.190.134: 11:  [preauth]
Apr 11 20:12:16 ovzhost sshd[1404]: PAM 2 more authentication failures; logname= uid=0 euid=0 tty=ssh ruser= rhost=43.255.190.134  user=root
Apr 11 20:12:16 ovzhost sshd[1406]: message repeated 2 times: [ Failed password for root from 43.255.190.160 port 37647 ssh2]
Apr 11 20:12:16 ovzhost sshd[1406]: Received disconnect from 43.255.190.160: 11:  [preauth]
Apr 11 20:12:16 ovzhost sshd[1406]: PAM 2 more authentication failures; logname= uid=0 euid=0 tty=ssh ruser= rhost=43.255.190.160  user=root
Apr 11 20:12:17 ovzhost sshd[1408]: pam_unix(sshd:auth): authentication failure; logname= uid=0 euid=0 tty=ssh ruser= rhost=43.255.190.134  user=root
Apr 11 20:12:17 ovzhost sshd[1410]: pam_unix(sshd:auth): authentication failure; logname= uid=0 euid=0 tty=ssh ruser= rhost=43.255.190.160  user=root
Apr 11 20:12:18 ovzhost sshd[1408]: Failed password for root from 43.255.190.134 port 44138 ssh2
Apr 11 20:12:18 ovzhost sshd[1410]: Failed password for root from 43.255.190.160 port 53814 ssh2
Apr 11 20:12:23 ovzhost sshd[1408]: message repeated 2 times: [ Failed password for root from 43.255.190.134 port 44138 ssh2]
Apr 11 20:12:23 ovzhost sshd[1408]: Received disconnect from 43.255.190.134: 11:  [preauth]
Apr 11 20:12:23 ovzhost sshd[1408]: PAM 2 more authentication failures; logname= uid=0 euid=0 tty=ssh ruser= rhost=43.255.190.134  user=root
Apr 11 20:12:23 ovzhost sshd[1410]: message repeated 2 times: [ Failed password for root from 43.255.190.160 port 53814 ssh2]
Apr 11 20:12:23 ovzhost sshd[1410]: Received disconnect from 43.255.190.160: 11:  [preauth]
Apr 11 20:12:23 ovzhost sshd[1410]: PAM 2 more authentication failures; logname= uid=0 euid=0 tty=ssh ruser= rhost=43.255.190.160  user=root
Apr 11 20:12:23 ovzhost sshd[1412]: pam_unix(sshd:auth): authentication failure; logname= uid=0 euid=0 tty=ssh ruser= rhost=43.255.190.134  user=root
Apr 11 20:12:23 ovzhost sshd[1414]: pam_unix(sshd:auth): authentication failure; logname= uid=0 euid=0 tty=ssh ruser= rhost=43.255.190.160  user=root
Apr 11 20:12:25 ovzhost sshd[1412]: Failed password for root from 43.255.190.134 port 33405 ssh2
Apr 11 20:12:25 ovzhost sshd[1414]: Failed password for root from 43.255.190.160 port 42332 ssh2
Apr 11 20:12:28 ovzhost sshd[1412]: message repeated 2 times: [ Failed password for root from 43.255.190.134 port 33405 ssh2]
Apr 11 20:12:28 ovzhost sshd[1412]: Received disconnect from 43.255.190.134: 11:  [preauth]
Apr 11 20:12:28 ovzhost sshd[1412]: PAM 2 more authentication failures; logname= uid=0 euid=0 tty=ssh ruser= rhost=43.255.190.134  user=root
Apr 11 20:12:28 ovzhost sshd[1414]: message repeated 2 times: [ Failed password for root from 43.255.190.160 port 42332 ssh2]
Apr 11 20:12:29 ovzhost sshd[1414]: Received disconnect from 43.255.190.160: 11:  [preauth]
Apr 11 20:12:29 ovzhost sshd[1414]: PAM 2 more authentication failures; logname= uid=0 euid=0 tty=ssh ruser= rhost=43.255.190.160  user=root
Apr 11 20:12:29 ovzhost sshd[1416]: pam_unix(sshd:auth): authentication failure; logname= uid=0 euid=0 tty=ssh ruser= rhost=43.255.190.134  user=root
Apr 11 20:12:29 ovzhost sshd[1418]: pam_unix(sshd:auth): authentication failure; logname= uid=0 euid=0 tty=ssh ruser= rhost=43.255.190.160  user=root
Apr 11 20:12:31 ovzhost sshd[1416]: Failed password for root from 43.255.190.134 port 48897 ssh2
Apr 11 20:12:31 ovzhost sshd[1418]: Failed password for root from 43.255.190.160 port 57023 ssh2
Apr 11 20:12:33 ovzhost sshd[1421]: Connection closed by 127.0.0.1 [preauth]
Apr 11 20:12:36 ovzhost sshd[1416]: message repeated 2 times: [ Failed password for root from 43.255.190.134 port 48897 ssh2]
Apr 11 20:12:36 ovzhost sshd[1416]: Received disconnect from 43.255.190.134: 11:  [preauth]
Apr 11 20:12:36 ovzhost sshd[1416]: PAM 2 more authentication failures; logname= uid=0 euid=0 tty=ssh ruser= rhost=43.255.190.134  user=root
Apr 11 20:12:36 ovzhost sshd[1418]: message repeated 2 times: [ Failed password for root from 43.255.190.160 port 57023 ssh2]
Apr 11 20:12:36 ovzhost sshd[1418]: Received disconnect from 43.255.190.160: 11:  [preauth]
Apr 11 20:12:36 ovzhost sshd[1418]: PAM 2 more authentication failures; logname= uid=0 euid=0 tty=ssh ruser= rhost=43.255.190.160  user=root
Apr 11 20:12:36 ovzhost sshd[1423]: pam_unix(sshd:auth): authentication failure; logname= uid=0 euid=0 tty=ssh ruser= rhost=43.255.190.134  user=root
Apr 11 20:12:36 ovzhost sshd[1425]: pam_unix(sshd:auth): authentication failure; logname= uid=0 euid=0 tty=ssh ruser= rhost=43.255.190.160  user=root
Apr 11 20:12:38 ovzhost sshd[1423]: Failed password for root from 43.255.190.134 port 38477 ssh2
Apr 11 20:12:38 ovzhost sshd[1425]: Failed password for root from 43.255.190.160 port 45976 ssh2
Apr 11 20:12:42 ovzhost sshd[1423]: message repeated 2 times: [ Failed password for root from 43.255.190.134 port 38477 ssh2]
Apr 11 20:12:43 ovzhost sshd[1423]: Received disconnect from 43.255.190.134: 11:  [preauth]
Apr 11 20:12:43 ovzhost sshd[1423]: PAM 2 more authentication failures; logname= uid=0 euid=0 tty=ssh ruser= rhost=43.255.190.134  user=root
Apr 11 20:12:42 ovzhost sshd[1425]: message repeated 2 times: [ Failed password for root from 43.255.190.160 port 45976 ssh2]
Apr 11 20:12:43 ovzhost sshd[1425]: Received disconnect from 43.255.190.160: 11:  [preauth]
Apr 11 20:12:43 ovzhost sshd[1425]: PAM 2 more authentication failures; logname= uid=0 euid=0 tty=ssh ruser= rhost=43.255.190.160  user=root
Apr 11 20:12:43 ovzhost sshd[1427]: pam_unix(sshd:auth): authentication failure; logname= uid=0 euid=0 tty=ssh ruser= rhost=43.255.190.134  user=root
Apr 11 20:12:43 ovzhost sshd[1429]: pam_unix(sshd:auth): authentication failure; logname= uid=0 euid=0 tty=ssh ruser= rhost=43.255.190.160  user=root
Apr 11 20:12:46 ovzhost sshd[1427]: Failed password for root from 43.255.190.134 port 56670 ssh2
Apr 11 20:12:46 ovzhost sshd[1429]: Failed password for root from 43.255.190.160 port 35078 ssh2
Apr 11 20:12:49 ovzhost sshd[1427]: message repeated 2 times: [ Failed password for root from 43.255.190.134 port 56670 ssh2]
Apr 11 20:12:49 ovzhost sshd[1427]: Received disconnect from 43.255.190.134: 11:  [preauth]
Apr 11 20:12:49 ovzhost sshd[1427]: PAM 2 more authentication failures; logname= uid=0 euid=0 tty=ssh ruser= rhost=43.255.190.134  user=root
Apr 11 20:12:49 ovzhost sshd[1429]: message repeated 2 times: [ Failed password for root from 43.255.190.160 port 35078 ssh2]
Apr 11 20:12:49 ovzhost sshd[1429]: Received disconnect from 43.255.190.160: 11:  [preauth]
Apr 11 20:12:49 ovzhost sshd[1429]: PAM 2 more authentication failures; logname= uid=0 euid=0 tty=ssh ruser= rhost=43.255.190.160  user=root
Apr 11 20:12:50 ovzhost sshd[1431]: pam_unix(sshd:auth): authentication failure; logname= uid=0 euid=0 tty=ssh ruser= rhost=43.255.190.134  user=root
Apr 11 20:12:50 ovzhost sshd[1433]: pam_unix(sshd:auth): authentication failure; logname= uid=0 euid=0 tty=ssh ruser= rhost=43.255.190.160  user=root
Apr 11 20:12:52 ovzhost sshd[1431]: Failed password for root from 43.255.190.134 port 45861 ssh2
Apr 11 20:12:52 ovzhost sshd[1433]: Failed password for root from 43.255.190.160 port 52117 ssh2
Apr 11 20:12:55 ovzhost sshd[1431]: message repeated 2 times: [ Failed password for root from 43.255.190.134 port 45861 ssh2]
Apr 11 20:12:55 ovzhost sshd[1431]: Received disconnect from 43.255.190.134: 11:  [preauth]
Apr 11 20:12:55 ovzhost sshd[1431]: PAM 2 more authentication failures; logname= uid=0 euid=0 tty=ssh ruser= rhost=43.255.190.134  user=root
Apr 11 20:12:55 ovzhost sshd[1433]: message repeated 2 times: [ Failed password for root from 43.255.190.160 port 52117 ssh2]
Apr 11 20:12:55 ovzhost sshd[1433]: Received disconnect from 43.255.190.160: 11:  [preauth]
Apr 11 20:12:55 ovzhost sshd[1433]: PAM 2 more authentication failures; logname= uid=0 euid=0 tty=ssh ruser= rhost=43.255.190.160  user=root
Apr 11 20:12:56 ovzhost sshd[1435]: pam_unix(sshd:auth): authentication failure; logname= uid=0 euid=0 tty=ssh ruser= rhost=43.255.190.134  user=root
Apr 11 20:12:56 ovzhost sshd[1437]: pam_unix(sshd:auth): authentication failure; logname= uid=0 euid=0 tty=ssh ruser= rhost=43.255.190.160  user=root
Apr 11 20:12:58 ovzhost sshd[1435]: Failed password for root from 43.255.190.134 port 33775 ssh2
Apr 11 20:12:58 ovzhost sshd[1437]: Failed password for root from 43.255.190.160 port 39688 ssh2
Apr 11 20:13:02 ovzhost sshd[1435]: message repeated 2 times: [ Failed password for root from 43.255.190.134 port 33775 ssh2]
Apr 11 20:13:02 ovzhost sshd[1435]: Received disconnect from 43.255.190.134: 11:  [preauth]
Apr 11 20:13:02 ovzhost sshd[1435]: PAM 2 more authentication failures; logname= uid=0 euid=0 tty=ssh ruser= rhost=43.255.190.134  user=root
Apr 11 20:13:02 ovzhost sshd[1437]: message repeated 2 times: [ Failed password for root from 43.255.190.160 port 39688 ssh2]
Apr 11 20:13:02 ovzhost sshd[1437]: Received disconnect from 43.255.190.160: 11:  [preauth]
Apr 11 20:13:02 ovzhost sshd[1437]: PAM 2 more authentication failures; logname= uid=0 euid=0 tty=ssh ruser= rhost=43.255.190.160  user=root
Apr 11 20:13:03 ovzhost sshd[1439]: pam_unix(sshd:auth): authentication failure; logname= uid=0 euid=0 tty=ssh ruser= rhost=43.255.190.134  user=root
Apr 11 20:13:03 ovzhost sshd[1441]: pam_unix(sshd:auth): authentication failure; logname= uid=0 euid=0 tty=ssh ruser= rhost=43.255.190.160  user=root
Apr 11 20:13:04 ovzhost sshd[1439]: Failed password for root from 43.255.190.134 port 50974 ssh2
Apr 11 20:13:04 ovzhost sshd[1441]: Failed password for root from 43.255.190.160 port 56338 ssh2
Apr 11 20:13:08 ovzhost sshd[1439]: message repeated 2 times: [ Failed password for root from 43.255.190.134 port 50974 ssh2]
Apr 11 20:13:08 ovzhost sshd[1439]: Received disconnect from 43.255.190.134: 11:  [preauth]
Apr 11 20:13:08 ovzhost sshd[1439]: PAM 2 more authentication failures; logname= uid=0 euid=0 tty=ssh ruser= rhost=43.255.190.134  user=root
Apr 11 20:13:08 ovzhost sshd[1441]: message repeated 2 times: [ Failed password for root from 43.255.190.160 port 56338 ssh2]
Apr 11 20:13:08 ovzhost sshd[1441]: Received disconnect from 43.255.190.160: 11:  [preauth]
Apr 11 20:13:08 ovzhost sshd[1441]: PAM 2 more authentication failures; logname= uid=0 euid=0 tty=ssh ruser= rhost=43.255.190.160  user=root
Apr 11 20:13:09 ovzhost sshd[1444]: pam_unix(sshd:auth): authentication failure; logname= uid=0 euid=0 tty=ssh ruser= rhost=43.255.190.134  user=root
Apr 11 20:13:09 ovzhost sshd[1446]: pam_unix(sshd:auth): authentication failure; logname= uid=0 euid=0 tty=ssh ruser= rhost=43.255.190.160  user=root
Apr 11 20:13:11 ovzhost sshd[1444]: Failed password for root from 43.255.190.134 port 38561 ssh2
Apr 11 20:13:11 ovzhost sshd[1446]: Failed password for root from 43.255.190.160 port 43021 ssh2
Apr 11 20:13:15 ovzhost sshd[1444]: message repeated 2 times: [ Failed password for root from 43.255.190.134 port 38561 ssh2]
Apr 11 20:13:15 ovzhost sshd[1444]: Received disconnect from 43.255.190.134: 11:  [preauth]
Apr 11 20:13:15 ovzhost sshd[1444]: PAM 2 more authentication failures; logname= uid=0 euid=0 tty=ssh ruser= rhost=43.255.190.134  user=root
Apr 11 20:13:15 ovzhost sshd[1446]: message repeated 2 times: [ Failed password for root from 43.255.190.160 port 43021 ssh2]
Apr 11 20:13:15 ovzhost sshd[1446]: Received disconnect from 43.255.190.160: 11:  [preauth]
Apr 11 20:13:15 ovzhost sshd[1446]: PAM 2 more authentication failures; logname= uid=0 euid=0 tty=ssh ruser= rhost=43.255.190.160  user=root
Apr 11 20:13:15 ovzhost sshd[1448]: pam_unix(sshd:auth): authentication failure; logname= uid=0 euid=0 tty=ssh ruser= rhost=43.255.190.134  user=root
Apr 11 20:13:15 ovzhost sshd[1450]: pam_unix(sshd:auth): authentication failure; logname= uid=0 euid=0 tty=ssh ruser= rhost=43.255.190.160  user=root
Apr 11 20:13:16 ovzhost sshd[1448]: Failed password for root from 43.255.190.134 port 55634 ssh2
Apr 11 20:13:16 ovzhost sshd[1450]: Failed password for root from 43.255.190.160 port 59581 ssh2
Apr 11 20:13:20 ovzhost sshd[1448]: message repeated 2 times: [ Failed password for root from 43.255.190.134 port 55634 ssh2]
Apr 11 20:13:20 ovzhost sshd[1448]: Received disconnect from 43.255.190.134: 11:  [preauth]
Apr 11 20:13:20 ovzhost sshd[1448]: PAM 2 more authentication failures; logname= uid=0 euid=0 tty=ssh ruser= rhost=43.255.190.134  user=root
Apr 11 20:13:20 ovzhost sshd[1450]: message repeated 2 times: [ Failed password for root from 43.255.190.160 port 59581 ssh2]
Apr 11 20:13:21 ovzhost sshd[1450]: Received disconnect from 43.255.190.160: 11:  [preauth]
Apr 11 20:13:21 ovzhost sshd[1450]: PAM 2 more authentication failures; logname= uid=0 euid=0 tty=ssh ruser= rhost=43.255.190.160  user=root
Apr 11 20:13:21 ovzhost sshd[1452]: pam_unix(sshd:auth): authentication failure; logname= uid=0 euid=0 tty=ssh ruser= rhost=43.255.190.134  user=root
Apr 11 20:13:21 ovzhost sshd[1454]: pam_unix(sshd:auth): authentication failure; logname= uid=0 euid=0 tty=ssh ruser= rhost=43.255.190.160  user=root
Apr 11 20:13:23 ovzhost sshd[1452]: Failed password for root from 43.255.190.134 port 43147 ssh2
Apr 11 20:13:23 ovzhost sshd[1454]: Failed password for root from 43.255.190.160 port 46577 ssh2
Apr 11 20:13:27 ovzhost sshd[1452]: message repeated 2 times: [ Failed password for root from 43.255.190.134 port 43147 ssh2]
Apr 11 20:13:27 ovzhost sshd[1452]: Received disconnect from 43.255.190.134: 11:  [preauth]
Apr 11 20:13:27 ovzhost sshd[1452]: PAM 2 more authentication failures; logname= uid=0 euid=0 tty=ssh ruser= rhost=43.255.190.134  user=root
Apr 11 20:13:27 ovzhost sshd[1454]: message repeated 2 times: [ Failed password for root from 43.255.190.160 port 46577 ssh2]
Apr 11 20:13:27 ovzhost sshd[1454]: Received disconnect from 43.255.190.160: 11:  [preauth]
Apr 11 20:13:27 ovzhost sshd[1454]: PAM 2 more authentication failures; logname= uid=0 euid=0 tty=ssh ruser= rhost=43.255.190.160  user=root
Apr 11 20:13:27 ovzhost sshd[1456]: pam_unix(sshd:auth): authentication failure; logname= uid=0 euid=0 tty=ssh ruser= rhost=43.255.190.134  user=root
Apr 11 20:13:28 ovzhost sshd[1458]: pam_unix(sshd:auth): authentication failure; logname= uid=0 euid=0 tty=ssh ruser= rhost=43.255.190.160  user=root
Apr 11 20:13:29 ovzhost sshd[1456]: Failed password for root from 43.255.190.134 port 59091 ssh2
Apr 11 20:13:29 ovzhost sshd[1458]: Failed password for root from 43.255.190.160 port 33574 ssh2
Apr 11 20:13:32 ovzhost sshd[1456]: message repeated 2 times: [ Failed password for root from 43.255.190.134 port 59091 ssh2]
Apr 11 20:13:32 ovzhost sshd[1456]: Received disconnect from 43.255.190.134: 11:  [preauth]
Apr 11 20:13:32 ovzhost sshd[1456]: PAM 2 more authentication failures; logname= uid=0 euid=0 tty=ssh ruser= rhost=43.255.190.134  user=root
Apr 11 20:13:33 ovzhost sshd[1458]: message repeated 2 times: [ Failed password for root from 43.255.190.160 port 33574 ssh2]
Apr 11 20:13:33 ovzhost sshd[1458]: Received disconnect from 43.255.190.160: 11:  [preauth]
Apr 11 20:13:33 ovzhost sshd[1458]: PAM 2 more authentication failures; logname= uid=0 euid=0 tty=ssh ruser= rhost=43.255.190.160  user=root
Apr 11 20:13:33 ovzhost sshd[1462]: pam_unix(sshd:auth): authentication failure; logname= uid=0 euid=0 tty=ssh ruser= rhost=43.255.190.134  user=root
Apr 11 20:13:34 ovzhost sshd[1464]: pam_unix(sshd:auth): authentication failure; logname= uid=0 euid=0 tty=ssh ruser= rhost=43.255.190.160  user=root
Apr 11 20:13:35 ovzhost sshd[1464]: Failed password for root from 43.255.190.160 port 49152 ssh2
Apr 11 20:13:35 ovzhost sshd[1462]: Failed password for root from 43.255.190.134 port 45788 ssh2
Apr 11 20:13:39 ovzhost sshd[1464]: message repeated 2 times: [ Failed password for root from 43.255.190.160 port 49152 ssh2]
Apr 11 20:13:39 ovzhost sshd[1464]: Received disconnect from 43.255.190.160: 11:  [preauth]
Apr 11 20:13:39 ovzhost sshd[1464]: PAM 2 more authentication failures; logname= uid=0 euid=0 tty=ssh ruser= rhost=43.255.190.160  user=root
Apr 11 20:13:39 ovzhost sshd[1462]: message repeated 2 times: [ Failed password for root from 43.255.190.134 port 45788 ssh2]
Apr 11 20:13:39 ovzhost sshd[1462]: Received disconnect from 43.255.190.134: 11:  [preauth]
Apr 11 20:13:39 ovzhost sshd[1462]: PAM 2 more authentication failures; logname= uid=0 euid=0 tty=ssh ruser= rhost=43.255.190.134  user=root
Apr 11 20:13:40 ovzhost sshd[1466]: pam_unix(sshd:auth): authentication failure; logname= uid=0 euid=0 tty=ssh ruser= rhost=43.255.190.160  user=root
Apr 11 20:13:40 ovzhost sshd[1468]: pam_unix(sshd:auth): authentication failure; logname= uid=0 euid=0 tty=ssh ruser= rhost=43.255.190.134  user=root
Apr 11 20:13:42 ovzhost sshd[1466]: Failed password for root from 43.255.190.160 port 35101 ssh2
Apr 11 20:13:42 ovzhost sshd[1468]: Failed password for root from 43.255.190.134 port 34385 ssh2
Apr 11 20:13:46 ovzhost sshd[1466]: message repeated 2 times: [ Failed password for root from 43.255.190.160 port 35101 ssh2]
Apr 11 20:13:46 ovzhost sshd[1466]: Received disconnect from 43.255.190.160: 11:  [preauth]
Apr 11 20:13:46 ovzhost sshd[1466]: PAM 2 more authentication failures; logname= uid=0 euid=0 tty=ssh ruser= rhost=43.255.190.160  user=root
Apr 11 20:13:47 ovzhost sshd[1468]: message repeated 2 times: [ Failed password for root from 43.255.190.134 port 34385 ssh2]
Apr 11 20:13:47 ovzhost sshd[1468]: Received disconnect from 43.255.190.134: 11:  [preauth]
Apr 11 20:13:47 ovzhost sshd[1468]: PAM 2 more authentication failures; logname= uid=0 euid=0 tty=ssh ruser= rhost=43.255.190.134  user=root
Apr 11 20:13:47 ovzhost sshd[1470]: pam_unix(sshd:auth): authentication failure; logname= uid=0 euid=0 tty=ssh ruser= rhost=43.255.190.160  user=root
Apr 11 20:13:47 ovzhost sshd[1472]: pam_unix(sshd:auth): authentication failure; logname= uid=0 euid=0 tty=ssh ruser= rhost=43.255.190.134  user=root
Apr 11 20:13:49 ovzhost sshd[1470]: Failed password for root from 43.255.190.160 port 51852 ssh2
Apr 11 20:13:49 ovzhost sshd[1472]: Failed password for root from 43.255.190.134 port 51424 ssh2
Apr 11 20:13:54 ovzhost sshd[1470]: message repeated 2 times: [ Failed password for root from 43.255.190.160 port 51852 ssh2]
Apr 11 20:13:54 ovzhost sshd[1470]: Received disconnect from 43.255.190.160: 11:  [preauth]
Apr 11 20:13:54 ovzhost sshd[1470]: PAM 2 more authentication failures; logname= uid=0 euid=0 tty=ssh ruser= rhost=43.255.190.160  user=root
Apr 11 20:13:54 ovzhost sshd[1472]: message repeated 2 times: [ Failed password for root from 43.255.190.134 port 51424 ssh2]
Apr 11 20:13:54 ovzhost sshd[1472]: Received disconnect from 43.255.190.134: 11:  [preauth]
Apr 11 20:13:54 ovzhost sshd[1472]: PAM 2 more authentication failures; logname= uid=0 euid=0 tty=ssh ruser= rhost=43.255.190.134  user=root
Apr 11 20:13:54 ovzhost sshd[1474]: pam_unix(sshd:auth): authentication failure; logname= uid=0 euid=0 tty=ssh ruser= rhost=43.255.190.160  user=root
Apr 11 20:13:54 ovzhost sshd[1476]: pam_unix(sshd:auth): authentication failure; logname= uid=0 euid=0 tty=ssh ruser= rhost=43.255.190.134  user=root
Apr 11 20:13:56 ovzhost sshd[1474]: Failed password for root from 43.255.190.160 port 40306 ssh2
Apr 11 20:13:57 ovzhost sshd[1476]: Failed password for root from 43.255.190.134 port 40261 ssh2
Apr 11 20:13:59 ovzhost sshd[1478]: pam_unix(sshd:auth): authentication failure; logname= uid=0 euid=0 tty=ssh ruser= rhost=221.229.166.30  user=root
Apr 11 20:14:00 ovzhost sshd[1478]: Failed password for root from 221.229.166.30 port 43292 ssh2
Apr 11 20:14:01 ovzhost sshd[1474]: message repeated 2 times: [ Failed password for root from 43.255.190.160 port 40306 ssh2]
Apr 11 20:14:01 ovzhost sshd[1474]: Received disconnect from 43.255.190.160: 11:  [preauth]
Apr 11 20:14:01 ovzhost sshd[1474]: PAM 2 more authentication failures; logname= uid=0 euid=0 tty=ssh ruser= rhost=43.255.190.160  user=root
Apr 11 20:14:01 ovzhost sshd[1476]: message repeated 2 times: [ Failed password for root from 43.255.190.134 port 40261 ssh2]
Apr 11 20:14:01 ovzhost sshd[1476]: Received disconnect from 43.255.190.134: 11:  [preauth]
Apr 11 20:14:01 ovzhost sshd[1476]: PAM 2 more authentication failures; logname= uid=0 euid=0 tty=ssh ruser= rhost=43.255.190.134  user=root
Apr 11 20:14:01 ovzhost sshd[1480]: pam_unix(sshd:auth): authentication failure; logname= uid=0 euid=0 tty=ssh ruser= rhost=43.255.190.160  user=root
Apr 11 20:14:01 ovzhost sshd[1482]: pam_unix(sshd:auth): authentication failure; logname= uid=0 euid=0 tty=ssh ruser= rhost=43.255.190.134  user=root
Apr 11 20:14:03 ovzhost sshd[1480]: Failed password for root from 43.255.190.160 port 56928 ssh2
Apr 11 20:14:03 ovzhost sshd[1482]: Failed password for root from 43.255.190.134 port 57180 ssh2
Apr 11 20:14:05 ovzhost sshd[1478]: message repeated 2 times: [ Failed password for root from 221.229.166.30 port 43292 ssh2]
Apr 11 20:14:05 ovzhost sshd[1478]: Received disconnect from 221.229.166.30: 11:  [preauth]
Apr 11 20:14:05 ovzhost sshd[1478]: PAM 2 more authentication failures; logname= uid=0 euid=0 tty=ssh ruser= rhost=221.229.166.30  user=root
Apr 11 20:14:06 ovzhost sshd[1484]: pam_unix(sshd:auth): authentication failure; logname= uid=0 euid=0 tty=ssh ruser= rhost=221.229.166.30  user=root
Apr 11 20:14:07 ovzhost sshd[1480]: message repeated 2 times: [ Failed password for root from 43.255.190.160 port 56928 ssh2]
Apr 11 20:14:07 ovzhost sshd[1480]: Received disconnect from 43.255.190.160: 11:  [preauth]
Apr 11 20:14:07 ovzhost sshd[1480]: PAM 2 more authentication failures; logname= uid=0 euid=0 tty=ssh ruser= rhost=43.255.190.160  user=root
Apr 11 20:14:07 ovzhost sshd[1482]: message repeated 2 times: [ Failed password for root from 43.255.190.134 port 57180 ssh2]
Apr 11 20:14:07 ovzhost sshd[1482]: Received disconnect from 43.255.190.134: 11:  [preauth]
Apr 11 20:14:07 ovzhost sshd[1482]: PAM 2 more authentication failures; logname= uid=0 euid=0 tty=ssh ruser= rhost=43.255.190.134  user=root
Apr 11 20:14:08 ovzhost sshd[1488]: pam_unix(sshd:auth): authentication failure; logname= uid=0 euid=0 tty=ssh ruser= rhost=43.255.190.160  user=root
Apr 11 20:14:08 ovzhost sshd[1490]: pam_unix(sshd:auth): authentication failure; logname= uid=0 euid=0 tty=ssh ruser= rhost=43.255.190.134  user=root
Apr 11 20:14:08 ovzhost sshd[1484]: Failed password for root from 221.229.166.30 port 33451 ssh2
Apr 11 20:14:10 ovzhost sshd[1488]: Failed password for root from 43.255.190.160 port 44032 ssh2
Apr 11 20:14:10 ovzhost sshd[1490]: Failed password for root from 43.255.190.134 port 44844 ssh2
Apr 11 20:14:13 ovzhost sshd[1484]: message repeated 2 times: [ Failed password for root from 221.229.166.30 port 33451 ssh2]
Apr 11 20:14:13 ovzhost sshd[1484]: Received disconnect from 221.229.166.30: 11:  [preauth]
Apr 11 20:14:13 ovzhost sshd[1484]: PAM 2 more authentication failures; logname= uid=0 euid=0 tty=ssh ruser= rhost=221.229.166.30  user=root
Apr 11 20:14:14 ovzhost sshd[1488]: message repeated 2 times: [ Failed password for root from 43.255.190.160 port 44032 ssh2]
Apr 11 20:14:14 ovzhost sshd[1488]: Received disconnect from 43.255.190.160: 11:  [preauth]
Apr 11 20:14:14 ovzhost sshd[1488]: PAM 2 more authentication failures; logname= uid=0 euid=0 tty=ssh ruser= rhost=43.255.190.160  user=root
Apr 11 20:14:14 ovzhost sshd[1490]: message repeated 2 times: [ Failed password for root from 43.255.190.134 port 44844 ssh2]
Apr 11 20:14:14 ovzhost sshd[1490]: Received disconnect from 43.255.190.134: 11:  [preauth]
Apr 11 20:14:14 ovzhost sshd[1490]: PAM 2 more authentication failures; logname= uid=0 euid=0 tty=ssh ruser= rhost=43.255.190.134  user=root
Apr 11 20:14:14 ovzhost sshd[1496]: pam_unix(sshd:auth): authentication failure; logname= uid=0 euid=0 tty=ssh ruser= rhost=43.255.190.160  user=root
Apr 11 20:14:14 ovzhost sshd[1498]: pam_unix(sshd:auth): authentication failure; logname= uid=0 euid=0 tty=ssh ruser= rhost=43.255.190.134  user=root
Apr 11 20:14:15 ovzhost sshd[1492]: pam_unix(sshd:auth): authentication failure; logname= uid=0 euid=0 tty=ssh ruser= rhost=221.229.166.30  user=root
Apr 11 20:14:17 ovzhost sshd[1496]: Failed password for root from 43.255.190.160 port 59246 ssh2
Apr 11 20:14:17 ovzhost sshd[1498]: Failed password for root from 43.255.190.134 port 60435 ssh2
Apr 11 20:14:17 ovzhost sshd[1492]: Failed password for root from 221.229.166.30 port 52476 ssh2
Apr 11 20:14:21 ovzhost sshd[1496]: message repeated 2 times: [ Failed password for root from 43.255.190.160 port 59246 ssh2]
Apr 11 20:14:21 ovzhost sshd[1496]: Received disconnect from 43.255.190.160: 11:  [preauth]
Apr 11 20:14:21 ovzhost sshd[1496]: PAM 2 more authentication failures; logname= uid=0 euid=0 tty=ssh ruser= rhost=43.255.190.160  user=root
Apr 11 20:14:21 ovzhost sshd[1498]: message repeated 2 times: [ Failed password for root from 43.255.190.134 port 60435 ssh2]
Apr 11 20:14:21 ovzhost sshd[1498]: Received disconnect from 43.255.190.134: 11:  [preauth]
Apr 11 20:14:21 ovzhost sshd[1498]: PAM 2 more authentication failures; logname= uid=0 euid=0 tty=ssh ruser= rhost=43.255.190.134  user=root
Apr 11 20:14:21 ovzhost sshd[1500]: pam_unix(sshd:auth): authentication failure; logname= uid=0 euid=0 tty=ssh ruser= rhost=43.255.190.160  user=root
Apr 11 20:14:22 ovzhost sshd[1502]: pam_unix(sshd:auth): authentication failure; logname= uid=0 euid=0 tty=ssh ruser= rhost=43.255.190.134  user=root
Apr 11 20:14:21 ovzhost sshd[1492]: message repeated 2 times: [ Failed password for root from 221.229.166.30 port 52476 ssh2]
Apr 11 20:14:22 ovzhost sshd[1492]: Received disconnect from 221.229.166.30: 11:  [preauth]
Apr 11 20:14:22 ovzhost sshd[1492]: PAM 2 more authentication failures; logname= uid=0 euid=0 tty=ssh ruser= rhost=221.229.166.30  user=root
Apr 11 20:14:23 ovzhost sshd[1502]: Failed password for root from 43.255.190.134 port 48647 ssh2
Apr 11 20:14:23 ovzhost sshd[1500]: Failed password for root from 43.255.190.160 port 46896 ssh2
Apr 11 20:14:24 ovzhost sshd[1504]: pam_unix(sshd:auth): authentication failure; logname= uid=0 euid=0 tty=ssh ruser= rhost=221.229.166.30  user=root
Apr 11 20:14:26 ovzhost sshd[1504]: Failed password for root from 221.229.166.30 port 44834 ssh2
Apr 11 20:14:28 ovzhost sshd[1502]: message repeated 2 times: [ Failed password for root from 43.255.190.134 port 48647 ssh2]
Apr 11 20:14:28 ovzhost sshd[1502]: Received disconnect from 43.255.190.134: 11:  [preauth]
Apr 11 20:14:28 ovzhost sshd[1502]: PAM 2 more authentication failures; logname= uid=0 euid=0 tty=ssh ruser= rhost=43.255.190.134  user=root
Apr 11 20:14:28 ovzhost sshd[1500]: message repeated 2 times: [ Failed password for root from 43.255.190.160 port 46896 ssh2]
Apr 11 20:14:28 ovzhost sshd[1500]: Received disconnect from 43.255.190.160: 11:  [preauth]
Apr 11 20:14:28 ovzhost sshd[1500]: PAM 2 more authentication failures; logname= uid=0 euid=0 tty=ssh ruser= rhost=43.255.190.160  user=root
Apr 11 20:14:28 ovzhost sshd[1506]: pam_unix(sshd:auth): authentication failure; logname= uid=0 euid=0 tty=ssh ruser= rhost=43.255.190.134  user=root
Apr 11 20:14:28 ovzhost sshd[1508]: pam_unix(sshd:auth): authentication failure; logname= uid=0 euid=0 tty=ssh ruser= rhost=43.255.190.160  user=root
Apr 11 20:14:30 ovzhost sshd[1506]: Failed password for root from 43.255.190.134 port 36113 ssh2
Apr 11 20:14:30 ovzhost sshd[1508]: Failed password for root from 43.255.190.160 port 34292 ssh2
Apr 11 20:14:31 ovzhost sshd[1504]: message repeated 2 times: [ Failed password for root from 221.229.166.30 port 44834 ssh2]
Apr 11 20:14:31 ovzhost sshd[1504]: Received disconnect from 221.229.166.30: 11:  [preauth]
Apr 11 20:14:31 ovzhost sshd[1504]: PAM 2 more authentication failures; logname= uid=0 euid=0 tty=ssh ruser= rhost=221.229.166.30  user=root
Apr 11 20:14:33 ovzhost sshd[1512]: pam_unix(sshd:auth): authentication failure; logname= uid=0 euid=0 tty=ssh ruser= rhost=221.229.166.30  user=root
Apr 11 20:14:34 ovzhost sshd[1506]: message repeated 2 times: [ Failed password for root from 43.255.190.134 port 36113 ssh2]
Apr 11 20:14:34 ovzhost sshd[1506]: Received disconnect from 43.255.190.134: 11:  [preauth]
Apr 11 20:14:34 ovzhost sshd[1506]: PAM 2 more authentication failures; logname= uid=0 euid=0 tty=ssh ruser= rhost=43.255.190.134  user=root
Apr 11 20:14:34 ovzhost sshd[1508]: message repeated 2 times: [ Failed password for root from 43.255.190.160 port 34292 ssh2]
Apr 11 20:14:34 ovzhost sshd[1508]: Received disconnect from 43.255.190.160: 11:  [preauth]
Apr 11 20:14:34 ovzhost sshd[1508]: PAM 2 more authentication failures; logname= uid=0 euid=0 tty=ssh ruser= rhost=43.255.190.160  user=root
Apr 11 20:14:35 ovzhost sshd[1514]: pam_unix(sshd:auth): authentication failure; logname= uid=0 euid=0 tty=ssh ruser= rhost=43.255.190.134  user=root
Apr 11 20:14:35 ovzhost sshd[1516]: pam_unix(sshd:auth): authentication failure; logname= uid=0 euid=0 tty=ssh ruser= rhost=43.255.190.160  user=root
Apr 11 20:14:35 ovzhost sshd[1512]: Failed password for root from 221.229.166.30 port 39546 ssh2
Apr 11 20:14:36 ovzhost sshd[1514]: Failed password for root from 43.255.190.134 port 51510 ssh2
Apr 11 20:14:36 ovzhost sshd[1516]: Failed password for root from 43.255.190.160 port 49425 ssh2
Apr 11 20:14:41 ovzhost sshd[1512]: message repeated 2 times: [ Failed password for root from 221.229.166.30 port 39546 ssh2]
Apr 11 20:14:41 ovzhost sshd[1512]: Received disconnect from 221.229.166.30: 11:  [preauth]
Apr 11 20:14:41 ovzhost sshd[1512]: PAM 2 more authentication failures; logname= uid=0 euid=0 tty=ssh ruser= rhost=221.229.166.30  user=root
Apr 11 20:14:41 ovzhost sshd[1514]: message repeated 2 times: [ Failed password for root from 43.255.190.134 port 51510 ssh2]
Apr 11 20:14:41 ovzhost sshd[1514]: Received disconnect from 43.255.190.134: 11:  [preauth]
Apr 11 20:14:41 ovzhost sshd[1514]: PAM 2 more authentication failures; logname= uid=0 euid=0 tty=ssh ruser= rhost=43.255.190.134  user=root
Apr 11 20:14:41 ovzhost sshd[1516]: message repeated 2 times: [ Failed password for root from 43.255.190.160 port 49425 ssh2]
Apr 11 20:14:41 ovzhost sshd[1516]: Received disconnect from 43.255.190.160: 11:  [preauth]
Apr 11 20:14:41 ovzhost sshd[1516]: PAM 2 more authentication failures; logname= uid=0 euid=0 tty=ssh ruser= rhost=43.255.190.160  user=root
Apr 11 20:14:42 ovzhost sshd[1518]: pam_unix(sshd:auth): authentication failure; logname= uid=0 euid=0 tty=ssh ruser= rhost=43.255.190.134  user=root
Apr 11 20:14:42 ovzhost sshd[1522]: pam_unix(sshd:auth): authentication failure; logname= uid=0 euid=0 tty=ssh ruser= rhost=43.255.190.160  user=root
Apr 11 20:14:43 ovzhost sshd[1520]: pam_unix(sshd:auth): authentication failure; logname= uid=0 euid=0 tty=ssh ruser= rhost=221.229.166.30  user=root
Apr 11 20:14:43 ovzhost sshd[1518]: Failed password for root from 43.255.190.134 port 39499 ssh2
Apr 11 20:14:44 ovzhost sshd[1522]: Failed password for root from 43.255.190.160 port 37028 ssh2
Apr 11 20:14:45 ovzhost sshd[1520]: Failed password for root from 221.229.166.30 port 33035 ssh2
Apr 11 20:14:48 ovzhost sshd[1518]: message repeated 2 times: [ Failed password for root from 43.255.190.134 port 39499 ssh2]
Apr 11 20:14:48 ovzhost sshd[1518]: Received disconnect from 43.255.190.134: 11:  [preauth]
Apr 11 20:14:48 ovzhost sshd[1518]: PAM 2 more authentication failures; logname= uid=0 euid=0 tty=ssh ruser= rhost=43.255.190.134  user=root
Apr 11 20:14:48 ovzhost sshd[1522]: message repeated 2 times: [ Failed password for root from 43.255.190.160 port 37028 ssh2]
Apr 11 20:14:48 ovzhost sshd[1522]: Received disconnect from 43.255.190.160: 11:  [preauth]
Apr 11 20:14:48 ovzhost sshd[1522]: PAM 2 more authentication failures; logname= uid=0 euid=0 tty=ssh ruser= rhost=43.255.190.160  user=root
Apr 11 20:14:48 ovzhost sshd[1524]: pam_unix(sshd:auth): authentication failure; logname= uid=0 euid=0 tty=ssh ruser= rhost=43.255.190.134  user=root
Apr 11 20:14:48 ovzhost sshd[1526]: pam_unix(sshd:auth): authentication failure; logname= uid=0 euid=0 tty=ssh ruser= rhost=43.255.190.160  user=root
Apr 11 20:14:50 ovzhost sshd[1520]: message repeated 2 times: [ Failed password for root from 221.229.166.30 port 33035 ssh2]
Apr 11 20:14:51 ovzhost sshd[1520]: Received disconnect from 221.229.166.30: 11:  [preauth]
