Apr  2 14:31:44 ovzhost sshd[780]: Connection closed by 127.0.0.1 [preauth]
Apr  2 14:35:40 ovzhost sshd[811]: Connection closed by 128.8.37.120 [preauth]
Apr  2 14:36:44 ovzhost sshd[820]: Connection closed by 127.0.0.1 [preauth]
Apr 11 07:38:38 ovzhost sshd[786]: Connection closed by 127.0.0.1 [preauth]
Apr 11 07:39:01 ovzhost CRON[792]: pam_env(cron:session): Unable to open env file: /etc/default/locale: No such file or directory
Apr 11 07:39:01 ovzhost CRON[792]: pam_unix(cron:session): session opened for user root by (uid=0)
Apr 11 07:39:01 ovzhost CRON[792]: pam_unix(cron:session): session closed for user root
Apr 11 07:39:46 ovzhost sshd[806]: reverse mapping checking getaddrinfo for 153-127-166-207-ptr.centennialpr.net [207.166.127.153] failed - POSSIBLE BREAK-IN ATTEMPT!
Apr 11 07:39:46 ovzhost sshd[806]: Invalid user webmaster from 207.166.127.153
Apr 11 07:39:46 ovzhost sshd[806]: input_userauth_request: invalid user webmaster [preauth]
Apr 11 07:39:46 ovzhost sshd[806]: pam_unix(sshd:auth): check pass; user unknown
Apr 11 07:39:46 ovzhost sshd[806]: pam_unix(sshd:auth): authentication failure; logname= uid=0 euid=0 tty=ssh ruser= rhost=207.166.127.153 
Apr 11 07:39:48 ovzhost sshd[806]: Failed password for invalid user webmaster from 207.166.127.153 port 36977 ssh2
Apr 11 07:39:48 ovzhost sshd[806]: Connection closed by 207.166.127.153 [preauth]
Apr 11 07:40:01 ovzhost CRON[808]: pam_env(cron:session): Unable to open env file: /etc/default/locale: No such file or directory
Apr 11 07:40:01 ovzhost CRON[808]: pam_unix(cron:session): session opened for user smmsp by (uid=0)
Apr 11 07:40:01 ovzhost CRON[808]: pam_unix(cron:session): session closed for user smmsp
Apr 11 07:40:45 ovzhost sshd[838]: Connection closed by 128.8.37.120 [preauth]
Apr 11 07:43:38 ovzhost sshd[849]: Connection closed by 127.0.0.1 [preauth]
Apr 11 07:48:38 ovzhost sshd[869]: Connection closed by 127.0.0.1 [preauth]
Apr 11 07:50:35 ovzhost sshd[882]: pam_unix(sshd:auth): authentication failure; logname= uid=0 euid=0 tty=ssh ruser= rhost=43.255.190.92  user=root
Apr 11 07:50:37 ovzhost sshd[884]: pam_unix(sshd:auth): authentication failure; logname= uid=0 euid=0 tty=ssh ruser= rhost=43.255.190.140  user=root
Apr 11 07:50:37 ovzhost sshd[882]: Failed password for root from 43.255.190.92 port 60620 ssh2
Apr 11 07:50:39 ovzhost sshd[884]: Failed password for root from 43.255.190.140 port 53594 ssh2
Apr 11 07:50:41 ovzhost sshd[882]: message repeated 2 times: [ Failed password for root from 43.255.190.92 port 60620 ssh2]
Apr 11 07:50:42 ovzhost sshd[882]: Received disconnect from 43.255.190.92: 11:  [preauth]
Apr 11 07:50:42 ovzhost sshd[882]: PAM 2 more authentication failures; logname= uid=0 euid=0 tty=ssh ruser= rhost=43.255.190.92  user=root
Apr 11 07:50:44 ovzhost sshd[884]: message repeated 2 times: [ Failed password for root from 43.255.190.140 port 53594 ssh2]
Apr 11 07:50:44 ovzhost sshd[884]: Received disconnect from 43.255.190.140: 11:  [preauth]
Apr 11 07:50:44 ovzhost sshd[884]: PAM 2 more authentication failures; logname= uid=0 euid=0 tty=ssh ruser= rhost=43.255.190.140  user=root
Apr 11 07:50:44 ovzhost sshd[886]: pam_unix(sshd:auth): authentication failure; logname= uid=0 euid=0 tty=ssh ruser= rhost=43.255.190.92  user=root
Apr 11 07:50:45 ovzhost sshd[891]: Connection closed by 128.8.37.120 [preauth]
Apr 11 07:50:45 ovzhost sshd[888]: pam_unix(sshd:auth): authentication failure; logname= uid=0 euid=0 tty=ssh ruser= rhost=43.255.190.140  user=root
Apr 11 07:50:46 ovzhost sshd[886]: Failed password for root from 43.255.190.92 port 49601 ssh2
Apr 11 07:50:47 ovzhost sshd[888]: Failed password for root from 43.255.190.140 port 43028 ssh2
Apr 11 07:50:51 ovzhost sshd[886]: message repeated 2 times: [ Failed password for root from 43.255.190.92 port 49601 ssh2]
Apr 11 07:50:51 ovzhost sshd[886]: Received disconnect from 43.255.190.92: 11:  [preauth]
Apr 11 07:50:51 ovzhost sshd[886]: PAM 2 more authentication failures; logname= uid=0 euid=0 tty=ssh ruser= rhost=43.255.190.92  user=root
Apr 11 07:50:51 ovzhost sshd[888]: message repeated 2 times: [ Failed password for root from 43.255.190.140 port 43028 ssh2]
Apr 11 07:50:51 ovzhost sshd[888]: Received disconnect from 43.255.190.140: 11:  [preauth]
Apr 11 07:50:51 ovzhost sshd[888]: PAM 2 more authentication failures; logname= uid=0 euid=0 tty=ssh ruser= rhost=43.255.190.140  user=root
Apr 11 07:50:53 ovzhost sshd[893]: pam_unix(sshd:auth): authentication failure; logname= uid=0 euid=0 tty=ssh ruser= rhost=43.255.190.140  user=root
Apr 11 07:50:53 ovzhost sshd[895]: pam_unix(sshd:auth): authentication failure; logname= uid=0 euid=0 tty=ssh ruser= rhost=43.255.190.92  user=root
Apr 11 07:50:55 ovzhost sshd[893]: Failed password for root from 43.255.190.140 port 33240 ssh2
Apr 11 07:50:55 ovzhost sshd[895]: Failed password for root from 43.255.190.92 port 40433 ssh2
Apr 11 07:50:59 ovzhost sshd[893]: message repeated 2 times: [ Failed password for root from 43.255.190.140 port 33240 ssh2]
Apr 11 07:50:59 ovzhost sshd[893]: Received disconnect from 43.255.190.140: 11:  [preauth]
Apr 11 07:50:59 ovzhost sshd[893]: PAM 2 more authentication failures; logname= uid=0 euid=0 tty=ssh ruser= rhost=43.255.190.140  user=root
Apr 11 07:50:59 ovzhost sshd[895]: message repeated 2 times: [ Failed password for root from 43.255.190.92 port 40433 ssh2]
Apr 11 07:50:59 ovzhost sshd[895]: Received disconnect from 43.255.190.92: 11:  [preauth]
Apr 11 07:50:59 ovzhost sshd[895]: PAM 2 more authentication failures; logname= uid=0 euid=0 tty=ssh ruser= rhost=43.255.190.92  user=root
Apr 11 07:51:01 ovzhost sshd[897]: pam_unix(sshd:auth): authentication failure; logname= uid=0 euid=0 tty=ssh ruser= rhost=43.255.190.92  user=root
Apr 11 07:51:02 ovzhost sshd[899]: pam_unix(sshd:auth): authentication failure; logname= uid=0 euid=0 tty=ssh ruser= rhost=43.255.190.140  user=root
Apr 11 07:51:03 ovzhost sshd[897]: Failed password for root from 43.255.190.92 port 59371 ssh2
Apr 11 07:51:04 ovzhost sshd[899]: Failed password for root from 43.255.190.140 port 52511 ssh2
Apr 11 07:51:08 ovzhost sshd[899]: message repeated 2 times: [ Failed password for root from 43.255.190.140 port 52511 ssh2]
Apr 11 07:51:09 ovzhost sshd[899]: Received disconnect from 43.255.190.140: 11:  [preauth]
Apr 11 07:51:09 ovzhost sshd[899]: PAM 2 more authentication failures; logname= uid=0 euid=0 tty=ssh ruser= rhost=43.255.190.140  user=root
Apr 11 07:51:09 ovzhost sshd[897]: message repeated 2 times: [ Failed password for root from 43.255.190.92 port 59371 ssh2]
Apr 11 07:51:09 ovzhost sshd[897]: Received disconnect from 43.255.190.92: 11:  [preauth]
Apr 11 07:51:09 ovzhost sshd[897]: PAM 2 more authentication failures; logname= uid=0 euid=0 tty=ssh ruser= rhost=43.255.190.92  user=root
Apr 11 07:51:10 ovzhost sshd[903]: pam_unix(sshd:auth): authentication failure; logname= uid=0 euid=0 tty=ssh ruser= rhost=43.255.190.92  user=root
Apr 11 07:51:10 ovzhost sshd[905]: pam_unix(sshd:auth): authentication failure; logname= uid=0 euid=0 tty=ssh ruser= rhost=43.255.190.140  user=root
Apr 11 07:51:12 ovzhost sshd[903]: Failed password for root from 43.255.190.92 port 51614 ssh2
Apr 11 07:51:13 ovzhost sshd[905]: Failed password for root from 43.255.190.140 port 46332 ssh2
Apr 11 07:51:16 ovzhost sshd[905]: message repeated 2 times: [ Failed password for root from 43.255.190.140 port 46332 ssh2]
Apr 11 07:51:16 ovzhost sshd[905]: Received disconnect from 43.255.190.140: 11:  [preauth]
Apr 11 07:51:16 ovzhost sshd[905]: PAM 2 more authentication failures; logname= uid=0 euid=0 tty=ssh ruser= rhost=43.255.190.140  user=root
Apr 11 07:51:17 ovzhost sshd[903]: message repeated 2 times: [ Failed password for root from 43.255.190.92 port 51614 ssh2]
Apr 11 07:51:17 ovzhost sshd[903]: Received disconnect from 43.255.190.92: 11:  [preauth]
Apr 11 07:51:17 ovzhost sshd[903]: PAM 2 more authentication failures; logname= uid=0 euid=0 tty=ssh ruser= rhost=43.255.190.92  user=root
Apr 11 07:51:19 ovzhost sshd[907]: pam_unix(sshd:auth): authentication failure; logname= uid=0 euid=0 tty=ssh ruser= rhost=43.255.190.140  user=root
Apr 11 07:51:19 ovzhost sshd[909]: pam_unix(sshd:auth): authentication failure; logname= uid=0 euid=0 tty=ssh ruser= rhost=43.255.190.92  user=root
Apr 11 07:51:21 ovzhost sshd[907]: Failed password for root from 43.255.190.140 port 36567 ssh2
Apr 11 07:51:21 ovzhost sshd[909]: Failed password for root from 43.255.190.92 port 41722 ssh2
Apr 11 07:51:26 ovzhost sshd[907]: message repeated 2 times: [ Failed password for root from 43.255.190.140 port 36567 ssh2]
Apr 11 07:51:26 ovzhost sshd[907]: Received disconnect from 43.255.190.140: 11:  [preauth]
Apr 11 07:51:26 ovzhost sshd[907]: PAM 2 more authentication failures; logname= uid=0 euid=0 tty=ssh ruser= rhost=43.255.190.140  user=root
Apr 11 07:51:26 ovzhost sshd[909]: message repeated 2 times: [ Failed password for root from 43.255.190.92 port 41722 ssh2]
Apr 11 07:51:26 ovzhost sshd[909]: Received disconnect from 43.255.190.92: 11:  [preauth]
Apr 11 07:51:26 ovzhost sshd[909]: PAM 2 more authentication failures; logname= uid=0 euid=0 tty=ssh ruser= rhost=43.255.190.92  user=root
Apr 11 07:51:27 ovzhost sshd[911]: pam_unix(sshd:auth): authentication failure; logname= uid=0 euid=0 tty=ssh ruser= rhost=43.255.190.140  user=root
Apr 11 07:51:28 ovzhost sshd[913]: pam_unix(sshd:auth): authentication failure; logname= uid=0 euid=0 tty=ssh ruser= rhost=43.255.190.92  user=root
Apr 11 07:51:29 ovzhost sshd[911]: Failed password for root from 43.255.190.140 port 57660 ssh2
Apr 11 07:51:30 ovzhost sshd[913]: Failed password for root from 43.255.190.92 port 33517 ssh2
Apr 11 07:51:34 ovzhost sshd[911]: message repeated 2 times: [ Failed password for root from 43.255.190.140 port 57660 ssh2]
Apr 11 07:51:34 ovzhost sshd[911]: Received disconnect from 43.255.190.140: 11:  [preauth]
Apr 11 07:51:34 ovzhost sshd[911]: PAM 2 more authentication failures; logname= uid=0 euid=0 tty=ssh ruser= rhost=43.255.190.140  user=root
Apr 11 07:51:35 ovzhost sshd[915]: pam_unix(sshd:auth): authentication failure; logname= uid=0 euid=0 tty=ssh ruser= rhost=43.255.190.140  user=root
Apr 11 07:51:36 ovzhost sshd[913]: message repeated 2 times: [ Failed password for root from 43.255.190.92 port 33517 ssh2]
Apr 11 07:51:36 ovzhost sshd[913]: Received disconnect from 43.255.190.92: 11:  [preauth]
Apr 11 07:51:36 ovzhost sshd[913]: PAM 2 more authentication failures; logname= uid=0 euid=0 tty=ssh ruser= rhost=43.255.190.92  user=root
Apr 11 07:51:37 ovzhost sshd[917]: pam_unix(sshd:auth): authentication failure; logname= uid=0 euid=0 tty=ssh ruser= rhost=43.255.190.92  user=root
Apr 11 07:51:38 ovzhost sshd[915]: Failed password for root from 43.255.190.140 port 48119 ssh2
Apr 11 07:51:39 ovzhost sshd[917]: Failed password for root from 43.255.190.92 port 53552 ssh2
Apr 11 07:51:43 ovzhost sshd[915]: message repeated 2 times: [ Failed password for root from 43.255.190.140 port 48119 ssh2]
Apr 11 07:51:43 ovzhost sshd[915]: Received disconnect from 43.255.190.140: 11:  [preauth]
Apr 11 07:51:43 ovzhost sshd[915]: PAM 2 more authentication failures; logname= uid=0 euid=0 tty=ssh ruser= rhost=43.255.190.140  user=root
Apr 11 07:51:44 ovzhost sshd[917]: message repeated 2 times: [ Failed password for root from 43.255.190.92 port 53552 ssh2]
Apr 11 07:51:44 ovzhost sshd[917]: Received disconnect from 43.255.190.92: 11:  [preauth]
Apr 11 07:51:44 ovzhost sshd[917]: PAM 2 more authentication failures; logname= uid=0 euid=0 tty=ssh ruser= rhost=43.255.190.92  user=root
Apr 11 07:51:45 ovzhost sshd[919]: pam_unix(sshd:auth): authentication failure; logname= uid=0 euid=0 tty=ssh ruser= rhost=43.255.190.140  user=root
Apr 11 07:51:45 ovzhost sshd[921]: pam_unix(sshd:auth): authentication failure; logname= uid=0 euid=0 tty=ssh ruser= rhost=43.255.190.92  user=root
Apr 11 07:51:47 ovzhost sshd[919]: Failed password for root from 43.255.190.140 port 39461 ssh2
Apr 11 07:51:47 ovzhost sshd[921]: Failed password for root from 43.255.190.92 port 42816 ssh2
Apr 11 07:51:52 ovzhost sshd[919]: message repeated 2 times: [ Failed password for root from 43.255.190.140 port 39461 ssh2]
Apr 11 07:51:52 ovzhost sshd[919]: Received disconnect from 43.255.190.140: 11:  [preauth]
Apr 11 07:51:52 ovzhost sshd[919]: PAM 2 more authentication failures; logname= uid=0 euid=0 tty=ssh ruser= rhost=43.255.190.140  user=root
Apr 11 07:51:52 ovzhost sshd[921]: message repeated 2 times: [ Failed password for root from 43.255.190.92 port 42816 ssh2]
Apr 11 07:51:52 ovzhost sshd[921]: Received disconnect from 43.255.190.92: 11:  [preauth]
Apr 11 07:51:52 ovzhost sshd[921]: PAM 2 more authentication failures; logname= uid=0 euid=0 tty=ssh ruser= rhost=43.255.190.92  user=root
Apr 11 07:51:53 ovzhost sshd[925]: pam_unix(sshd:auth): authentication failure; logname= uid=0 euid=0 tty=ssh ruser= rhost=43.255.190.140  user=root
Apr 11 07:51:53 ovzhost sshd[927]: pam_unix(sshd:auth): authentication failure; logname= uid=0 euid=0 tty=ssh ruser= rhost=43.255.190.92  user=root
Apr 11 07:51:55 ovzhost sshd[925]: Failed password for root from 43.255.190.140 port 60908 ssh2
Apr 11 07:51:56 ovzhost sshd[927]: Failed password for root from 43.255.190.92 port 58725 ssh2
Apr 11 07:52:00 ovzhost sshd[925]: message repeated 2 times: [ Failed password for root from 43.255.190.140 port 60908 ssh2]
Apr 11 07:52:00 ovzhost sshd[925]: Received disconnect from 43.255.190.140: 11:  [preauth]
Apr 11 07:52:00 ovzhost sshd[925]: PAM 2 more authentication failures; logname= uid=0 euid=0 tty=ssh ruser= rhost=43.255.190.140  user=root
Apr 11 07:52:00 ovzhost sshd[927]: message repeated 2 times: [ Failed password for root from 43.255.190.92 port 58725 ssh2]
Apr 11 07:52:00 ovzhost sshd[927]: Received disconnect from 43.255.190.92: 11:  [preauth]
Apr 11 07:52:00 ovzhost sshd[927]: PAM 2 more authentication failures; logname= uid=0 euid=0 tty=ssh ruser= rhost=43.255.190.92  user=root
Apr 11 07:52:02 ovzhost sshd[931]: pam_unix(sshd:auth): authentication failure; logname= uid=0 euid=0 tty=ssh ruser= rhost=43.255.190.92  user=root
Apr 11 07:52:03 ovzhost sshd[929]: pam_unix(sshd:auth): authentication failure; logname= uid=0 euid=0 tty=ssh ruser= rhost=43.255.190.140  user=root
Apr 11 07:52:04 ovzhost sshd[931]: Failed password for root from 43.255.190.92 port 46890 ssh2
Apr 11 07:52:04 ovzhost sshd[929]: Failed password for root from 43.255.190.140 port 50956 ssh2
Apr 11 07:52:09 ovzhost sshd[931]: message repeated 2 times: [ Failed password for root from 43.255.190.92 port 46890 ssh2]
Apr 11 07:52:09 ovzhost sshd[931]: Received disconnect from 43.255.190.92: 11:  [preauth]
Apr 11 07:52:09 ovzhost sshd[931]: PAM 2 more authentication failures; logname= uid=0 euid=0 tty=ssh ruser= rhost=43.255.190.92  user=root
Apr 11 07:52:09 ovzhost sshd[929]: message repeated 2 times: [ Failed password for root from 43.255.190.140 port 50956 ssh2]
Apr 11 07:52:09 ovzhost sshd[929]: Received disconnect from 43.255.190.140: 11:  [preauth]
Apr 11 07:52:09 ovzhost sshd[929]: PAM 2 more authentication failures; logname= uid=0 euid=0 tty=ssh ruser= rhost=43.255.190.140  user=root
Apr 11 07:52:11 ovzhost sshd[933]: pam_unix(sshd:auth): authentication failure; logname= uid=0 euid=0 tty=ssh ruser= rhost=43.255.190.92  user=root
Apr 11 07:52:11 ovzhost sshd[935]: pam_unix(sshd:auth): authentication failure; logname= uid=0 euid=0 tty=ssh ruser= rhost=43.255.190.140  user=root
Apr 11 07:52:13 ovzhost sshd[933]: Failed password for root from 43.255.190.92 port 36601 ssh2
Apr 11 07:52:14 ovzhost sshd[935]: Failed password for root from 43.255.190.140 port 44739 ssh2
Apr 11 07:52:17 ovzhost sshd[933]: message repeated 2 times: [ Failed password for root from 43.255.190.92 port 36601 ssh2]
Apr 11 07:52:17 ovzhost sshd[933]: Received disconnect from 43.255.190.92: 11:  [preauth]
Apr 11 07:52:17 ovzhost sshd[933]: PAM 2 more authentication failures; logname= uid=0 euid=0 tty=ssh ruser= rhost=43.255.190.92  user=root
Apr 11 07:52:18 ovzhost sshd[935]: message repeated 2 times: [ Failed password for root from 43.255.190.140 port 44739 ssh2]
Apr 11 07:52:18 ovzhost sshd[935]: Received disconnect from 43.255.190.140: 11:  [preauth]
Apr 11 07:52:18 ovzhost sshd[935]: PAM 2 more authentication failures; logname= uid=0 euid=0 tty=ssh ruser= rhost=43.255.190.140  user=root
Apr 11 07:52:20 ovzhost sshd[938]: pam_unix(sshd:auth): authentication failure; logname= uid=0 euid=0 tty=ssh ruser= rhost=43.255.190.92  user=root
Apr 11 07:52:20 ovzhost sshd[940]: pam_unix(sshd:auth): authentication failure; logname= uid=0 euid=0 tty=ssh ruser= rhost=43.255.190.140  user=root
Apr 11 07:52:22 ovzhost sshd[938]: Failed password for root from 43.255.190.92 port 53272 ssh2
Apr 11 07:52:22 ovzhost sshd[940]: Failed password for root from 43.255.190.140 port 37850 ssh2
Apr 11 07:52:27 ovzhost sshd[940]: message repeated 2 times: [ Failed password for root from 43.255.190.140 port 37850 ssh2]
Apr 11 07:52:27 ovzhost sshd[940]: Received disconnect from 43.255.190.140: 11:  [preauth]
Apr 11 07:52:27 ovzhost sshd[940]: PAM 2 more authentication failures; logname= uid=0 euid=0 tty=ssh ruser= rhost=43.255.190.140  user=root
Apr 11 07:52:27 ovzhost sshd[938]: message repeated 2 times: [ Failed password for root from 43.255.190.92 port 53272 ssh2]
Apr 11 07:52:27 ovzhost sshd[938]: Received disconnect from 43.255.190.92: 11:  [preauth]
Apr 11 07:52:27 ovzhost sshd[938]: PAM 2 more authentication failures; logname= uid=0 euid=0 tty=ssh ruser= rhost=43.255.190.92  user=root
Apr 11 07:52:28 ovzhost sshd[942]: pam_unix(sshd:auth): authentication failure; logname= uid=0 euid=0 tty=ssh ruser= rhost=43.255.190.140  user=root
Apr 11 07:52:29 ovzhost sshd[944]: pam_unix(sshd:auth): authentication failure; logname= uid=0 euid=0 tty=ssh ruser= rhost=43.255.190.92  user=root
Apr 11 07:52:30 ovzhost sshd[942]: Failed password for root from 43.255.190.140 port 58855 ssh2
Apr 11 07:52:31 ovzhost sshd[944]: Failed password for root from 43.255.190.92 port 46047 ssh2
Apr 11 07:52:36 ovzhost sshd[942]: message repeated 2 times: [ Failed password for root from 43.255.190.140 port 58855 ssh2]
Apr 11 07:52:36 ovzhost sshd[942]: Received disconnect from 43.255.190.140: 11:  [preauth]
Apr 11 07:52:36 ovzhost sshd[942]: PAM 2 more authentication failures; logname= uid=0 euid=0 tty=ssh ruser= rhost=43.255.190.140  user=root
Apr 11 07:52:36 ovzhost sshd[944]: message repeated 2 times: [ Failed password for root from 43.255.190.92 port 46047 ssh2]
Apr 11 07:52:36 ovzhost sshd[944]: Received disconnect from 43.255.190.92: 11:  [preauth]
Apr 11 07:52:36 ovzhost sshd[944]: PAM 2 more authentication failures; logname= uid=0 euid=0 tty=ssh ruser= rhost=43.255.190.92  user=root
Apr 11 07:52:37 ovzhost sshd[948]: pam_unix(sshd:auth): authentication failure; logname= uid=0 euid=0 tty=ssh ruser= rhost=43.255.190.92  user=root
Apr 11 07:52:38 ovzhost sshd[946]: pam_unix(sshd:auth): authentication failure; logname= uid=0 euid=0 tty=ssh ruser= rhost=43.255.190.140  user=root
Apr 11 07:52:39 ovzhost sshd[948]: Failed password for root from 43.255.190.92 port 36807 ssh2
Apr 11 07:52:39 ovzhost sshd[946]: Failed password for root from 43.255.190.140 port 53112 ssh2
Apr 11 07:52:44 ovzhost sshd[948]: message repeated 2 times: [ Failed password for root from 43.255.190.92 port 36807 ssh2]
Apr 11 07:52:44 ovzhost sshd[948]: Received disconnect from 43.255.190.92: 11:  [preauth]
Apr 11 07:52:44 ovzhost sshd[948]: PAM 2 more authentication failures; logname= uid=0 euid=0 tty=ssh ruser= rhost=43.255.190.92  user=root
Apr 11 07:52:45 ovzhost sshd[946]: message repeated 2 times: [ Failed password for root from 43.255.190.140 port 53112 ssh2]
Apr 11 07:52:45 ovzhost sshd[946]: Received disconnect from 43.255.190.140: 11:  [preauth]
Apr 11 07:52:45 ovzhost sshd[946]: PAM 2 more authentication failures; logname= uid=0 euid=0 tty=ssh ruser= rhost=43.255.190.140  user=root
Apr 11 07:52:45 ovzhost sshd[950]: pam_unix(sshd:auth): authentication failure; logname= uid=0 euid=0 tty=ssh ruser= rhost=43.255.190.92  user=root
Apr 11 07:52:46 ovzhost sshd[952]: pam_unix(sshd:auth): authentication failure; logname= uid=0 euid=0 tty=ssh ruser= rhost=43.255.190.140  user=root
Apr 11 07:52:47 ovzhost sshd[950]: Failed password for root from 43.255.190.92 port 53555 ssh2
Apr 11 07:52:48 ovzhost sshd[952]: Failed password for root from 43.255.190.140 port 45843 ssh2
Apr 11 07:52:51 ovzhost sshd[950]: message repeated 2 times: [ Failed password for root from 43.255.190.92 port 53555 ssh2]
Apr 11 07:52:51 ovzhost sshd[950]: Received disconnect from 43.255.190.92: 11:  [preauth]
Apr 11 07:52:51 ovzhost sshd[950]: PAM 2 more authentication failures; logname= uid=0 euid=0 tty=ssh ruser= rhost=43.255.190.92  user=root
Apr 11 07:52:53 ovzhost sshd[954]: pam_unix(sshd:auth): authentication failure; logname= uid=0 euid=0 tty=ssh ruser= rhost=43.255.190.92  user=root
Apr 11 07:52:54 ovzhost sshd[952]: message repeated 2 times: [ Failed password for root from 43.255.190.140 port 45843 ssh2]
Apr 11 07:52:54 ovzhost sshd[952]: Received disconnect from 43.255.190.140: 11:  [preauth]
Apr 11 07:52:54 ovzhost sshd[952]: PAM 2 more authentication failures; logname= uid=0 euid=0 tty=ssh ruser= rhost=43.255.190.140  user=root
Apr 11 07:52:55 ovzhost sshd[956]: pam_unix(sshd:auth): authentication failure; logname= uid=0 euid=0 tty=ssh ruser= rhost=43.255.190.140  user=root
Apr 11 07:52:56 ovzhost sshd[954]: Failed password for root from 43.255.190.92 port 42101 ssh2
Apr 11 07:52:57 ovzhost sshd[956]: Failed password for root from 43.255.190.140 port 39053 ssh2
Apr 11 07:53:00 ovzhost sshd[954]: message repeated 2 times: [ Failed password for root from 43.255.190.92 port 42101 ssh2]
Apr 11 07:53:00 ovzhost sshd[954]: Received disconnect from 43.255.190.92: 11:  [preauth]
Apr 11 07:53:00 ovzhost sshd[954]: PAM 2 more authentication failures; logname= uid=0 euid=0 tty=ssh ruser= rhost=43.255.190.92  user=root
Apr 11 07:53:00 ovzhost sshd[956]: message repeated 2 times: [ Failed password for root from 43.255.190.140 port 39053 ssh2]
Apr 11 07:53:01 ovzhost sshd[956]: Received disconnect from 43.255.190.140: 11:  [preauth]
Apr 11 07:53:01 ovzhost sshd[956]: PAM 2 more authentication failures; logname= uid=0 euid=0 tty=ssh ruser= rhost=43.255.190.140  user=root
Apr 11 07:53:02 ovzhost sshd[958]: pam_unix(sshd:auth): authentication failure; logname= uid=0 euid=0 tty=ssh ruser= rhost=43.255.190.92  user=root
Apr 11 07:53:03 ovzhost sshd[960]: pam_unix(sshd:auth): authentication failure; logname= uid=0 euid=0 tty=ssh ruser= rhost=43.255.190.140  user=root
Apr 11 07:53:03 ovzhost sshd[958]: Failed password for root from 43.255.190.92 port 60211 ssh2
Apr 11 07:53:06 ovzhost sshd[960]: Failed password for root from 43.255.190.140 port 57825 ssh2
Apr 11 07:53:08 ovzhost sshd[958]: message repeated 2 times: [ Failed password for root from 43.255.190.92 port 60211 ssh2]
Apr 11 07:53:08 ovzhost sshd[958]: Received disconnect from 43.255.190.92: 11:  [preauth]
Apr 11 07:53:08 ovzhost sshd[958]: PAM 2 more authentication failures; logname= uid=0 euid=0 tty=ssh ruser= rhost=43.255.190.92  user=root
Apr 11 07:53:10 ovzhost sshd[962]: pam_unix(sshd:auth): authentication failure; logname= uid=0 euid=0 tty=ssh ruser= rhost=43.255.190.92  user=root
Apr 11 07:53:11 ovzhost sshd[962]: Failed password for root from 43.255.190.92 port 49345 ssh2
Apr 11 07:53:11 ovzhost sshd[960]: message repeated 2 times: [ Failed password for root from 43.255.190.140 port 57825 ssh2]
Apr 11 07:53:11 ovzhost sshd[960]: Received disconnect from 43.255.190.140: 11:  [preauth]
Apr 11 07:53:11 ovzhost sshd[960]: PAM 2 more authentication failures; logname= uid=0 euid=0 tty=ssh ruser= rhost=43.255.190.140  user=root
Apr 11 07:53:14 ovzhost sshd[962]: message repeated 2 times: [ Failed password for root from 43.255.190.92 port 49345 ssh2]
Apr 11 07:53:14 ovzhost sshd[962]: Received disconnect from 43.255.190.92: 11:  [preauth]
Apr 11 07:53:14 ovzhost sshd[962]: PAM 2 more authentication failures; logname= uid=0 euid=0 tty=ssh ruser= rhost=43.255.190.92  user=root
Apr 11 07:53:17 ovzhost sshd[967]: pam_unix(sshd:auth): authentication failure; logname= uid=0 euid=0 tty=ssh ruser= rhost=43.255.190.92  user=root
Apr 11 07:53:17 ovzhost sshd[965]: pam_unix(sshd:auth): authentication failure; logname= uid=0 euid=0 tty=ssh ruser= rhost=43.255.190.140  user=root
Apr 11 07:53:19 ovzhost sshd[967]: Failed password for root from 43.255.190.92 port 35087 ssh2
Apr 11 07:53:19 ovzhost sshd[965]: Failed password for root from 43.255.190.140 port 51554 ssh2
Apr 11 07:53:24 ovzhost sshd[967]: message repeated 2 times: [ Failed password for root from 43.255.190.92 port 35087 ssh2]
Apr 11 07:53:24 ovzhost sshd[967]: Received disconnect from 43.255.190.92: 11:  [preauth]
Apr 11 07:53:24 ovzhost sshd[967]: PAM 2 more authentication failures; logname= uid=0 euid=0 tty=ssh ruser= rhost=43.255.190.92  user=root
Apr 11 07:53:24 ovzhost sshd[965]: message repeated 2 times: [ Failed password for root from 43.255.190.140 port 51554 ssh2]
Apr 11 07:53:24 ovzhost sshd[965]: Received disconnect from 43.255.190.140: 11:  [preauth]
Apr 11 07:53:24 ovzhost sshd[965]: PAM 2 more authentication failures; logname= uid=0 euid=0 tty=ssh ruser= rhost=43.255.190.140  user=root
Apr 11 07:53:25 ovzhost sshd[971]: pam_unix(sshd:auth): authentication failure; logname= uid=0 euid=0 tty=ssh ruser= rhost=43.255.190.92  user=root
Apr 11 07:53:27 ovzhost sshd[971]: Failed password for root from 43.255.190.92 port 54363 ssh2
Apr 11 07:53:28 ovzhost sshd[973]: pam_unix(sshd:auth): authentication failure; logname= uid=0 euid=0 tty=ssh ruser= rhost=43.255.190.140  user=root
Apr 11 07:53:30 ovzhost sshd[973]: Failed password for root from 43.255.190.140 port 53897 ssh2
Apr 11 07:53:32 ovzhost sshd[971]: message repeated 2 times: [ Failed password for root from 43.255.190.92 port 54363 ssh2]
Apr 11 07:53:32 ovzhost sshd[971]: Received disconnect from 43.255.190.92: 11:  [preauth]
Apr 11 07:53:32 ovzhost sshd[971]: PAM 2 more authentication failures; logname= uid=0 euid=0 tty=ssh ruser= rhost=43.255.190.92  user=root
Apr 11 07:53:32 ovzhost sshd[975]: pam_unix(sshd:auth): authentication failure; logname= uid=0 euid=0 tty=ssh ruser= rhost=43.255.190.92  user=root
Apr 11 07:53:34 ovzhost sshd[973]: message repeated 2 times: [ Failed password for root from 43.255.190.140 port 53897 ssh2]
Apr 11 07:53:34 ovzhost sshd[973]: Received disconnect from 43.255.190.140: 11:  [preauth]
Apr 11 07:53:34 ovzhost sshd[973]: PAM 2 more authentication failures; logname= uid=0 euid=0 tty=ssh ruser= rhost=43.255.190.140  user=root
Apr 11 07:53:34 ovzhost sshd[977]: pam_unix(sshd:auth): authentication failure; logname= uid=0 euid=0 tty=ssh ruser= rhost=43.255.190.140  user=root
Apr 11 07:53:34 ovzhost sshd[975]: Failed password for root from 43.255.190.92 port 42227 ssh2
Apr 11 07:53:36 ovzhost sshd[977]: Failed password for root from 43.255.190.140 port 47696 ssh2
Apr 11 07:53:38 ovzhost sshd[980]: Connection closed by 127.0.0.1 [preauth]
Apr 11 07:53:38 ovzhost sshd[975]: message repeated 2 times: [ Failed password for root from 43.255.190.92 port 42227 ssh2]
Apr 11 07:53:38 ovzhost sshd[975]: Received disconnect from 43.255.190.92: 11:  [preauth]
Apr 11 07:53:38 ovzhost sshd[975]: PAM 2 more authentication failures; logname= uid=0 euid=0 tty=ssh ruser= rhost=43.255.190.92  user=root
Apr 11 07:53:40 ovzhost sshd[982]: pam_unix(sshd:auth): authentication failure; logname= uid=0 euid=0 tty=ssh ruser= rhost=43.255.190.92  user=root
Apr 11 07:53:41 ovzhost sshd[977]: message repeated 2 times: [ Failed password for root from 43.255.190.140 port 47696 ssh2]
Apr 11 07:53:41 ovzhost sshd[977]: Received disconnect from 43.255.190.140: 11:  [preauth]
Apr 11 07:53:41 ovzhost sshd[977]: PAM 2 more authentication failures; logname= uid=0 euid=0 tty=ssh ruser= rhost=43.255.190.140  user=root
Apr 11 07:53:42 ovzhost sshd[982]: Failed password for root from 43.255.190.92 port 56561 ssh2
Apr 11 07:53:46 ovzhost sshd[984]: pam_unix(sshd:auth): authentication failure; logname= uid=0 euid=0 tty=ssh ruser= rhost=43.255.190.140  user=root
Apr 11 07:53:46 ovzhost sshd[982]: message repeated 2 times: [ Failed password for root from 43.255.190.92 port 56561 ssh2]
Apr 11 07:53:46 ovzhost sshd[982]: Received disconnect from 43.255.190.92: 11:  [preauth]
Apr 11 07:53:46 ovzhost sshd[982]: PAM 2 more authentication failures; logname= uid=0 euid=0 tty=ssh ruser= rhost=43.255.190.92  user=root
Apr 11 07:53:48 ovzhost sshd[984]: Failed password for root from 43.255.190.140 port 37473 ssh2
Apr 11 07:53:49 ovzhost sshd[988]: pam_unix(sshd:auth): authentication failure; logname= uid=0 euid=0 tty=ssh ruser= rhost=43.255.190.92  user=root
Apr 11 07:53:51 ovzhost sshd[988]: Failed password for root from 43.255.190.92 port 44520 ssh2
Apr 11 07:53:52 ovzhost sshd[984]: message repeated 2 times: [ Failed password for root from 43.255.190.140 port 37473 ssh2]
Apr 11 07:53:52 ovzhost sshd[984]: Received disconnect from 43.255.190.140: 11:  [preauth]
Apr 11 07:53:52 ovzhost sshd[984]: PAM 2 more authentication failures; logname= uid=0 euid=0 tty=ssh ruser= rhost=43.255.190.140  user=root
Apr 11 07:53:53 ovzhost sshd[990]: pam_unix(sshd:auth): authentication failure; logname= uid=0 euid=0 tty=ssh ruser= rhost=43.255.190.140  user=root
Apr 11 07:53:55 ovzhost sshd[990]: Failed password for root from 43.255.190.140 port 34619 ssh2
Apr 11 07:53:56 ovzhost sshd[988]: message repeated 2 times: [ Failed password for root from 43.255.190.92 port 44520 ssh2]
Apr 11 07:53:56 ovzhost sshd[988]: Received disconnect from 43.255.190.92: 11:  [preauth]
Apr 11 07:53:56 ovzhost sshd[988]: PAM 2 more authentication failures; logname= uid=0 euid=0 tty=ssh ruser= rhost=43.255.190.92  user=root
Apr 11 07:53:57 ovzhost sshd[992]: pam_unix(sshd:auth): authentication failure; logname= uid=0 euid=0 tty=ssh ruser= rhost=43.255.190.92  user=root
Apr 11 07:53:59 ovzhost sshd[992]: Failed password for root from 43.255.190.92 port 36169 ssh2
Apr 11 07:53:59 ovzhost sshd[990]: message repeated 2 times: [ Failed password for root from 43.255.190.140 port 34619 ssh2]
Apr 11 07:53:59 ovzhost sshd[990]: Received disconnect from 43.255.190.140: 11:  [preauth]
Apr 11 07:53:59 ovzhost sshd[990]: PAM 2 more authentication failures; logname= uid=0 euid=0 tty=ssh ruser= rhost=43.255.190.140  user=root
Apr 11 07:54:01 ovzhost sshd[994]: pam_unix(sshd:auth): authentication failure; logname= uid=0 euid=0 tty=ssh ruser= rhost=43.255.190.140  user=root
Apr 11 07:54:03 ovzhost sshd[994]: Failed password for root from 43.255.190.140 port 51664 ssh2
Apr 11 07:54:03 ovzhost sshd[992]: message repeated 2 times: [ Failed password for root from 43.255.190.92 port 36169 ssh2]
Apr 11 07:54:03 ovzhost sshd[992]: Received disconnect from 43.255.190.92: 11:  [preauth]
Apr 11 07:54:03 ovzhost sshd[992]: PAM 2 more authentication failures; logname= uid=0 euid=0 tty=ssh ruser= rhost=43.255.190.92  user=root
Apr 11 07:54:04 ovzhost sshd[996]: pam_unix(sshd:auth): authentication failure; logname= uid=0 euid=0 tty=ssh ruser= rhost=43.255.190.92  user=root
Apr 11 07:54:07 ovzhost sshd[998]: Invalid user zzz from 221.146.74.146
Apr 11 07:54:07 ovzhost sshd[998]: input_userauth_request: invalid user zzz [preauth]
Apr 11 07:54:07 ovzhost sshd[996]: Failed password for root from 43.255.190.92 port 52567 ssh2
Apr 11 07:54:07 ovzhost sshd[998]: pam_unix(sshd:auth): check pass; user unknown
Apr 11 07:54:07 ovzhost sshd[998]: pam_unix(sshd:auth): authentication failure; logname= uid=0 euid=0 tty=ssh ruser= rhost=221.146.74.146 
Apr 11 07:54:08 ovzhost sshd[994]: message repeated 2 times: [ Failed password for root from 43.255.190.140 port 51664 ssh2]
Apr 11 07:54:08 ovzhost sshd[994]: Received disconnect from 43.255.190.140: 11:  [preauth]
Apr 11 07:54:08 ovzhost sshd[994]: PAM 2 more authentication failures; logname= uid=0 euid=0 tty=ssh ruser= rhost=43.255.190.140  user=root
Apr 11 07:54:08 ovzhost sshd[1000]: pam_unix(sshd:auth): authentication failure; logname= uid=0 euid=0 tty=ssh ruser= rhost=43.255.190.140  user=root
Apr 11 07:54:08 ovzhost sshd[998]: Failed password for invalid user zzz from 221.146.74.146 port 24162 ssh2
Apr 11 07:54:09 ovzhost sshd[998]: Connection closed by 221.146.74.146 [preauth]
Apr 11 07:54:10 ovzhost sshd[1000]: Failed password for root from 43.255.190.140 port 42492 ssh2
Apr 11 07:54:11 ovzhost sshd[996]: message repeated 2 times: [ Failed password for root from 43.255.190.92 port 52567 ssh2]
Apr 11 07:54:11 ovzhost sshd[996]: Received disconnect from 43.255.190.92: 11:  [preauth]
Apr 11 07:54:11 ovzhost sshd[996]: PAM 2 more authentication failures; logname= uid=0 euid=0 tty=ssh ruser= rhost=43.255.190.92  user=root
Apr 11 07:54:13 ovzhost sshd[1000]: message repeated 2 times: [ Failed password for root from 43.255.190.140 port 42492 ssh2]
Apr 11 07:54:13 ovzhost sshd[1000]: Received disconnect from 43.255.190.140: 11:  [preauth]
Apr 11 07:54:13 ovzhost sshd[1000]: PAM 2 more authentication failures; logname= uid=0 euid=0 tty=ssh ruser= rhost=43.255.190.140  user=root
Apr 11 07:54:14 ovzhost sshd[1002]: pam_unix(sshd:auth): authentication failure; logname= uid=0 euid=0 tty=ssh ruser= rhost=43.255.190.92  user=root
Apr 11 07:54:15 ovzhost sshd[1006]: pam_unix(sshd:auth): authentication failure; logname= uid=0 euid=0 tty=ssh ruser= rhost=43.255.190.140  user=root
Apr 11 07:54:16 ovzhost sshd[1002]: Failed password for root from 43.255.190.92 port 41320 ssh2
Apr 11 07:54:18 ovzhost sshd[1006]: Failed password for root from 43.255.190.140 port 57166 ssh2
Apr 11 07:54:20 ovzhost sshd[1002]: message repeated 2 times: [ Failed password for root from 43.255.190.92 port 41320 ssh2]
Apr 11 07:54:20 ovzhost sshd[1002]: Received disconnect from 43.255.190.92: 11:  [preauth]
Apr 11 07:54:20 ovzhost sshd[1002]: PAM 2 more authentication failures; logname= uid=0 euid=0 tty=ssh ruser= rhost=43.255.190.92  user=root
Apr 11 07:54:22 ovzhost sshd[1008]: pam_unix(sshd:auth): authentication failure; logname= uid=0 euid=0 tty=ssh ruser= rhost=43.255.190.92  user=root
Apr 11 07:54:22 ovzhost sshd[1006]: message repeated 2 times: [ Failed password for root from 43.255.190.140 port 57166 ssh2]
Apr 11 07:54:22 ovzhost sshd[1006]: Received disconnect from 43.255.190.140: 11:  [preauth]
Apr 11 07:54:22 ovzhost sshd[1006]: PAM 2 more authentication failures; logname= uid=0 euid=0 tty=ssh ruser= rhost=43.255.190.140  user=root
Apr 11 07:54:23 ovzhost sshd[1010]: pam_unix(sshd:auth): authentication failure; logname= uid=0 euid=0 tty=ssh ruser= rhost=43.255.190.140  user=root
Apr 11 07:54:23 ovzhost sshd[1008]: Failed password for root from 43.255.190.92 port 32848 ssh2
Apr 11 07:54:24 ovzhost sshd[1010]: Failed password for root from 43.255.190.140 port 48192 ssh2
Apr 11 07:54:28 ovzhost sshd[1008]: message repeated 2 times: [ Failed password for root from 43.255.190.92 port 32848 ssh2]
Apr 11 07:54:28 ovzhost sshd[1008]: Received disconnect from 43.255.190.92: 11:  [preauth]
Apr 11 07:54:28 ovzhost sshd[1008]: PAM 2 more authentication failures; logname= uid=0 euid=0 tty=ssh ruser= rhost=43.255.190.92  user=root
Apr 11 07:54:29 ovzhost sshd[1010]: message repeated 2 times: [ Failed password for root from 43.255.190.140 port 48192 ssh2]
Apr 11 07:54:31 ovzhost sshd[1010]: Received disconnect from 43.255.190.140: 11:  [preauth]
Apr 11 07:54:31 ovzhost sshd[1010]: PAM 2 more authentication failures; logname= uid=0 euid=0 tty=ssh ruser= rhost=43.255.190.140  user=root
Apr 11 07:54:32 ovzhost sshd[1014]: pam_unix(sshd:auth): authentication failure; logname= uid=0 euid=0 tty=ssh ruser= rhost=43.255.190.140  user=root
Apr 11 07:54:33 ovzhost sshd[1012]: pam_unix(sshd:auth): authentication failure; logname= uid=0 euid=0 tty=ssh ruser= rhost=43.255.190.92  user=root
Apr 11 07:54:35 ovzhost sshd[1014]: Failed password for root from 43.255.190.140 port 42133 ssh2
Apr 11 07:54:35 ovzhost sshd[1012]: Failed password for root from 43.255.190.92 port 48740 ssh2
Apr 11 07:54:39 ovzhost sshd[1014]: message repeated 2 times: [ Failed password for root from 43.255.190.140 port 42133 ssh2]
Apr 11 07:54:39 ovzhost sshd[1014]: Received disconnect from 43.255.190.140: 11:  [preauth]
Apr 11 07:54:39 ovzhost sshd[1014]: PAM 2 more authentication failures; logname= uid=0 euid=0 tty=ssh ruser= rhost=43.255.190.140  user=root
Apr 11 07:54:40 ovzhost sshd[1012]: message repeated 2 times: [ Failed password for root from 43.255.190.92 port 48740 ssh2]
Apr 11 07:54:40 ovzhost sshd[1012]: Received disconnect from 43.255.190.92: 11:  [preauth]
Apr 11 07:54:40 ovzhost sshd[1012]: PAM 2 more authentication failures; logname= uid=0 euid=0 tty=ssh ruser= rhost=43.255.190.92  user=root
Apr 11 07:54:40 ovzhost sshd[1016]: pam_unix(sshd:auth): authentication failure; logname= uid=0 euid=0 tty=ssh ruser= rhost=43.255.190.140  user=root
Apr 11 07:54:40 ovzhost sshd[1018]: pam_unix(sshd:auth): authentication failure; logname= uid=0 euid=0 tty=ssh ruser= rhost=43.255.190.92  user=root
Apr 11 07:54:42 ovzhost sshd[1016]: Failed password for root from 43.255.190.140 port 60193 ssh2
Apr 11 07:54:42 ovzhost sshd[1018]: Failed password for root from 43.255.190.92 port 44193 ssh2
Apr 11 07:54:45 ovzhost sshd[1016]: message repeated 2 times: [ Failed password for root from 43.255.190.140 port 60193 ssh2]
Apr 11 07:54:45 ovzhost sshd[1016]: Received disconnect from 43.255.190.140: 11:  [preauth]
Apr 11 07:54:45 ovzhost sshd[1016]: PAM 2 more authentication failures; logname= uid=0 euid=0 tty=ssh ruser= rhost=43.255.190.140  user=root
Apr 11 07:54:46 ovzhost sshd[1018]: message repeated 2 times: [ Failed password for root from 43.255.190.92 port 44193 ssh2]
Apr 11 07:54:46 ovzhost sshd[1018]: Received disconnect from 43.255.190.92: 11:  [preauth]
Apr 11 07:54:46 ovzhost sshd[1018]: PAM 2 more authentication failures; logname= uid=0 euid=0 tty=ssh ruser= rhost=43.255.190.92  user=root
Apr 11 07:54:47 ovzhost sshd[1020]: pam_unix(sshd:auth): authentication failure; logname= uid=0 euid=0 tty=ssh ruser= rhost=43.255.190.140  user=root
Apr 11 07:54:47 ovzhost sshd[1022]: pam_unix(sshd:auth): authentication failure; logname= uid=0 euid=0 tty=ssh ruser= rhost=43.255.190.92  user=root
Apr 11 07:54:48 ovzhost sshd[1020]: Failed password for root from 43.255.190.140 port 46923 ssh2
Apr 11 07:54:49 ovzhost sshd[1022]: Failed password for root from 43.255.190.92 port 58336 ssh2
Apr 11 07:54:53 ovzhost sshd[1020]: message repeated 2 times: [ Failed password for root from 43.255.190.140 port 46923 ssh2]
Apr 11 07:54:53 ovzhost sshd[1020]: Received disconnect from 43.255.190.140: 11:  [preauth]
Apr 11 07:54:53 ovzhost sshd[1020]: PAM 2 more authentication failures; logname= uid=0 euid=0 tty=ssh ruser= rhost=43.255.190.140  user=root
Apr 11 07:54:53 ovzhost sshd[1022]: message repeated 2 times: [ Failed password for root from 43.255.190.92 port 58336 ssh2]
Apr 11 07:54:55 ovzhost sshd[1022]: Received disconnect from 43.255.190.92: 11:  [preauth]
Apr 11 07:54:55 ovzhost sshd[1022]: PAM 2 more authentication failures; logname= uid=0 euid=0 tty=ssh ruser= rhost=43.255.190.92  user=root
Apr 11 07:54:57 ovzhost sshd[1026]: pam_unix(sshd:auth): authentication failure; logname= uid=0 euid=0 tty=ssh ruser= rhost=43.255.190.92  user=root
Apr 11 07:54:59 ovzhost sshd[1026]: Failed password for root from 43.255.190.92 port 48055 ssh2
Apr 11 07:55:00 ovzhost sshd[1024]: pam_unix(sshd:auth): authentication failure; logname= uid=0 euid=0 tty=ssh ruser= rhost=43.255.190.140  user=root
Apr 11 07:55:02 ovzhost sshd[1024]: Failed password for root from 43.255.190.140 port 37307 ssh2
Apr 11 07:55:03 ovzhost sshd[1026]: message repeated 2 times: [ Failed password for root from 43.255.190.92 port 48055 ssh2]
Apr 11 07:55:03 ovzhost sshd[1026]: Received disconnect from 43.255.190.92: 11:  [preauth]
Apr 11 07:55:03 ovzhost sshd[1026]: PAM 2 more authentication failures; logname= uid=0 euid=0 tty=ssh ruser= rhost=43.255.190.92  user=root
Apr 11 07:55:04 ovzhost sshd[1029]: pam_unix(sshd:auth): authentication failure; logname= uid=0 euid=0 tty=ssh ruser= rhost=43.255.190.92  user=root
Apr 11 07:55:05 ovzhost sshd[1024]: message repeated 2 times: [ Failed password for root from 43.255.190.140 port 37307 ssh2]
Apr 11 07:55:06 ovzhost sshd[1024]: Received disconnect from 43.255.190.140: 11:  [preauth]
Apr 11 07:55:06 ovzhost sshd[1024]: PAM 2 more authentication failures; logname= uid=0 euid=0 tty=ssh ruser= rhost=43.255.190.140  user=root
Apr 11 07:55:06 ovzhost sshd[1029]: Failed password for root from 43.255.190.92 port 38526 ssh2
Apr 11 07:55:09 ovzhost sshd[1031]: pam_unix(sshd:auth): authentication failure; logname= uid=0 euid=0 tty=ssh ruser= rhost=43.255.190.140  user=root
Apr 11 07:55:10 ovzhost sshd[1029]: message repeated 2 times: [ Failed password for root from 43.255.190.92 port 38526 ssh2]
Apr 11 07:55:10 ovzhost sshd[1029]: Received disconnect from 43.255.190.92: 11:  [preauth]
Apr 11 07:55:10 ovzhost sshd[1029]: PAM 2 more authentication failures; logname= uid=0 euid=0 tty=ssh ruser= rhost=43.255.190.92  user=root
Apr 11 07:55:11 ovzhost sshd[1031]: Failed password for root from 43.255.190.140 port 38261 ssh2
Apr 11 07:55:11 ovzhost sshd[1033]: pam_unix(sshd:auth): authentication failure; logname= uid=0 euid=0 tty=ssh ruser= rhost=43.255.190.92  user=root
Apr 11 07:55:14 ovzhost sshd[1033]: Failed password for root from 43.255.190.92 port 53435 ssh2
Apr 11 07:55:16 ovzhost sshd[1031]: message repeated 2 times: [ Failed password for root from 43.255.190.140 port 38261 ssh2]
Apr 11 07:55:16 ovzhost sshd[1031]: Received disconnect from 43.255.190.140: 11:  [preauth]
Apr 11 07:55:16 ovzhost sshd[1031]: PAM 2 more authentication failures; logname= uid=0 euid=0 tty=ssh ruser= rhost=43.255.190.140  user=root
Apr 11 07:55:16 ovzhost sshd[1036]: pam_unix(sshd:auth): authentication failure; logname= uid=0 euid=0 tty=ssh ruser= rhost=43.255.190.140  user=root
Apr 11 07:55:17 ovzhost sshd[1033]: message repeated 2 times: [ Failed password for root from 43.255.190.92 port 53435 ssh2]
Apr 11 07:55:18 ovzhost sshd[1033]: Received disconnect from 43.255.190.92: 11:  [preauth]
Apr 11 07:55:18 ovzhost sshd[1033]: PAM 2 more authentication failures; logname= uid=0 euid=0 tty=ssh ruser= rhost=43.255.190.92  user=root
Apr 11 07:55:18 ovzhost sshd[1036]: Failed password for root from 43.255.190.140 port 32812 ssh2
Apr 11 07:55:20 ovzhost sshd[1038]: pam_unix(sshd:auth): authentication failure; logname= uid=0 euid=0 tty=ssh ruser= rhost=43.255.190.92  user=root
Apr 11 07:55:22 ovzhost sshd[1038]: Failed password for root from 43.255.190.92 port 40585 ssh2
Apr 11 07:55:21 ovzhost sshd[1036]: message repeated 2 times: [ Failed password for root from 43.255.190.140 port 32812 ssh2]
Apr 11 07:55:22 ovzhost sshd[1036]: Received disconnect from 43.255.190.140: 11:  [preauth]
Apr 11 07:55:22 ovzhost sshd[1036]: PAM 2 more authentication failures; logname= uid=0 euid=0 tty=ssh ruser= rhost=43.255.190.140  user=root
Apr 11 07:55:23 ovzhost sshd[1040]: pam_unix(sshd:auth): authentication failure; logname= uid=0 euid=0 tty=ssh ruser= rhost=43.255.190.140  user=root
Apr 11 07:55:24 ovzhost sshd[1040]: Failed password for root from 43.255.190.140 port 47462 ssh2
Apr 11 07:55:26 ovzhost sshd[1038]: message repeated 2 times: [ Failed password for root from 43.255.190.92 port 40585 ssh2]
Apr 11 07:55:26 ovzhost sshd[1038]: Received disconnect from 43.255.190.92: 11:  [preauth]
Apr 11 07:55:26 ovzhost sshd[1038]: PAM 2 more authentication failures; logname= uid=0 euid=0 tty=ssh ruser= rhost=43.255.190.92  user=root
Apr 11 07:55:27 ovzhost sshd[1044]: pam_unix(sshd:auth): authentication failure; logname= uid=0 euid=0 tty=ssh ruser= rhost=43.255.190.92  user=root
Apr 11 07:55:29 ovzhost sshd[1044]: Failed password for root from 43.255.190.92 port 58276 ssh2
Apr 11 07:55:29 ovzhost sshd[1040]: message repeated 2 times: [ Failed password for root from 43.255.190.140 port 47462 ssh2]
Apr 11 07:55:29 ovzhost sshd[1040]: Received disconnect from 43.255.190.140: 11:  [preauth]
Apr 11 07:55:29 ovzhost sshd[1040]: PAM 2 more authentication failures; logname= uid=0 euid=0 tty=ssh ruser= rhost=43.255.190.140  user=root
Apr 11 07:55:33 ovzhost sshd[1046]: pam_unix(sshd:auth): authentication failure; logname= uid=0 euid=0 tty=ssh ruser= rhost=43.255.190.140  user=root
Apr 11 07:55:33 ovzhost sshd[1044]: message repeated 2 times: [ Failed password for root from 43.255.190.92 port 58276 ssh2]
Apr 11 07:55:33 ovzhost sshd[1044]: Received disconnect from 43.255.190.92: 11:  [preauth]
Apr 11 07:55:33 ovzhost sshd[1044]: PAM 2 more authentication failures; logname= uid=0 euid=0 tty=ssh ruser= rhost=43.255.190.92  user=root
Apr 11 07:55:34 ovzhost sshd[1048]: pam_unix(sshd:auth): authentication failure; logname= uid=0 euid=0 tty=ssh ruser= rhost=43.255.190.92  user=root
Apr 11 07:55:35 ovzhost sshd[1046]: Failed password for root from 43.255.190.140 port 35893 ssh2
Apr 11 07:55:36 ovzhost sshd[1048]: Failed password for root from 43.255.190.92 port 45690 ssh2
Apr 11 07:55:39 ovzhost sshd[1046]: message repeated 2 times: [ Failed password for root from 43.255.190.140 port 35893 ssh2]
Apr 11 07:55:39 ovzhost sshd[1046]: Received disconnect from 43.255.190.140: 11:  [preauth]
Apr 11 07:55:39 ovzhost sshd[1046]: PAM 2 more authentication failures; logname= uid=0 euid=0 tty=ssh ruser= rhost=43.255.190.140  user=root
Apr 11 07:55:40 ovzhost sshd[1050]: pam_unix(sshd:auth): authentication failure; logname= uid=0 euid=0 tty=ssh ruser= rhost=43.255.190.140  user=root
Apr 11 07:55:40 ovzhost sshd[1048]: message repeated 2 times: [ Failed password for root from 43.255.190.92 port 45690 ssh2]
Apr 11 07:55:40 ovzhost sshd[1048]: Received disconnect from 43.255.190.92: 11:  [preauth]
Apr 11 07:55:40 ovzhost sshd[1048]: PAM 2 more authentication failures; logname= uid=0 euid=0 tty=ssh ruser= rhost=43.255.190.92  user=root
Apr 11 07:55:42 ovzhost sshd[1050]: Failed password for root from 43.255.190.140 port 60594 ssh2
Apr 11 07:55:42 ovzhost sshd[1052]: pam_unix(sshd:auth): authentication failure; logname= uid=0 euid=0 tty=ssh ruser= rhost=43.255.190.92  user=root
Apr 11 07:55:44 ovzhost sshd[1052]: Failed password for root from 43.255.190.92 port 60331 ssh2
Apr 11 07:55:46 ovzhost sshd[1050]: message repeated 2 times: [ Failed password for root from 43.255.190.140 port 60594 ssh2]
Apr 11 07:55:46 ovzhost sshd[1050]: Received disconnect from 43.255.190.140: 11:  [preauth]
Apr 11 07:55:46 ovzhost sshd[1050]: PAM 2 more authentication failures; logname= uid=0 euid=0 tty=ssh ruser= rhost=43.255.190.140  user=root
Apr 11 07:55:47 ovzhost sshd[1054]: pam_unix(sshd:auth): authentication failure; logname= uid=0 euid=0 tty=ssh ruser= rhost=43.255.190.140  user=root
Apr 11 07:55:48 ovzhost sshd[1052]: message repeated 2 times: [ Failed password for root from 43.255.190.92 port 60331 ssh2]
Apr 11 07:55:48 ovzhost sshd[1052]: Received disconnect from 43.255.190.92: 11:  [preauth]
Apr 11 07:55:48 ovzhost sshd[1052]: PAM 2 more authentication failures; logname= uid=0 euid=0 tty=ssh ruser= rhost=43.255.190.92  user=root
Apr 11 07:55:48 ovzhost sshd[1054]: Failed password for root from 43.255.190.140 port 47488 ssh2
Apr 11 07:55:49 ovzhost sshd[1056]: pam_unix(sshd:auth): authentication failure; logname= uid=0 euid=0 tty=ssh ruser= rhost=43.255.190.92  user=root
Apr 11 07:55:51 ovzhost sshd[1056]: Failed password for root from 43.255.190.92 port 47999 ssh2
Apr 11 07:55:53 ovzhost sshd[1054]: message repeated 2 times: [ Failed password for root from 43.255.190.140 port 47488 ssh2]
Apr 11 07:55:53 ovzhost sshd[1054]: Received disconnect from 43.255.190.140: 11:  [preauth]
Apr 11 07:55:53 ovzhost sshd[1054]: PAM 2 more authentication failures; logname= uid=0 euid=0 tty=ssh ruser= rhost=43.255.190.140  user=root
Apr 11 07:55:53 ovzhost sshd[1058]: pam_unix(sshd:auth): authentication failure; logname= uid=0 euid=0 tty=ssh ruser= rhost=43.255.190.140  user=root
Apr 11 07:55:55 ovzhost sshd[1058]: Failed password for root from 43.255.190.140 port 35280 ssh2
Apr 11 07:55:55 ovzhost sshd[1056]: message repeated 2 times: [ Failed password for root from 43.255.190.92 port 47999 ssh2]
Apr 11 07:55:55 ovzhost sshd[1056]: Received disconnect from 43.255.190.92: 11:  [preauth]
Apr 11 07:55:55 ovzhost sshd[1056]: PAM 2 more authentication failures; logname= uid=0 euid=0 tty=ssh ruser= rhost=43.255.190.92  user=root
Apr 11 07:55:57 ovzhost sshd[1060]: pam_unix(sshd:auth): authentication failure; logname= uid=0 euid=0 tty=ssh ruser= rhost=43.255.190.92  user=root
Apr 11 07:56:00 ovzhost sshd[1060]: Failed password for root from 43.255.190.92 port 34832 ssh2
Apr 11 07:56:00 ovzhost sshd[1058]: message repeated 2 times: [ Failed password for root from 43.255.190.140 port 35280 ssh2]
Apr 11 07:56:00 ovzhost sshd[1058]: Received disconnect from 43.255.190.140: 11:  [preauth]
Apr 11 07:56:00 ovzhost sshd[1058]: PAM 2 more authentication failures; logname= uid=0 euid=0 tty=ssh ruser= rhost=43.255.190.140  user=root
Apr 11 07:56:01 ovzhost sshd[1062]: pam_unix(sshd:auth): authentication failure; logname= uid=0 euid=0 tty=ssh ruser= rhost=43.255.190.140  user=root
Apr 11 07:56:03 ovzhost sshd[1062]: Failed password for root from 43.255.190.140 port 52281 ssh2
Apr 11 07:56:04 ovzhost sshd[1060]: message repeated 2 times: [ Failed password for root from 43.255.190.92 port 34832 ssh2]
Apr 11 07:56:04 ovzhost sshd[1060]: Received disconnect from 43.255.190.92: 11:  [preauth]
Apr 11 07:56:04 ovzhost sshd[1060]: PAM 2 more authentication failures; logname= uid=0 euid=0 tty=ssh ruser= rhost=43.255.190.92  user=root
Apr 11 07:56:06 ovzhost sshd[1064]: pam_unix(sshd:auth): authentication failure; logname= uid=0 euid=0 tty=ssh ruser= rhost=43.255.190.92  user=root
Apr 11 07:56:07 ovzhost sshd[1062]: message repeated 2 times: [ Failed password for root from 43.255.190.140 port 52281 ssh2]
