Apr 11 08:21:38 ovzhost sshd[1577]: message repeated 2 times: [ Failed password for root from 43.255.190.168 port 45859 ssh2]
Apr 11 08:21:39 ovzhost sshd[1577]: Received disconnect from 43.255.190.168: 11:  [preauth]
Apr 11 08:21:39 ovzhost sshd[1577]: PAM 2 more authentication failures; logname= uid=0 euid=0 tty=ssh ruser= rhost=43.255.190.168  user=root
Apr 11 08:21:39 ovzhost sshd[1581]: pam_unix(sshd:auth): authentication failure; logname= uid=0 euid=0 tty=ssh ruser= rhost=43.255.190.168  user=root
Apr 11 08:21:40 ovzhost sshd[1579]: message repeated 2 times: [ Failed password for root from 43.255.190.89 port 56106 ssh2]
Apr 11 08:21:40 ovzhost sshd[1579]: Received disconnect from 43.255.190.89: 11:  [preauth]
Apr 11 08:21:40 ovzhost sshd[1579]: PAM 2 more authentication failures; logname= uid=0 euid=0 tty=ssh ruser= rhost=43.255.190.89  user=root
Apr 11 08:21:41 ovzhost sshd[1583]: pam_unix(sshd:auth): authentication failure; logname= uid=0 euid=0 tty=ssh ruser= rhost=43.255.190.89  user=root
Apr 11 08:21:41 ovzhost sshd[1581]: Failed password for root from 43.255.190.168 port 32870 ssh2
Apr 11 08:21:43 ovzhost sshd[1583]: Failed password for root from 43.255.190.89 port 44579 ssh2
Apr 11 08:21:45 ovzhost sshd[1581]: message repeated 2 times: [ Failed password for root from 43.255.190.168 port 32870 ssh2]
Apr 11 08:21:45 ovzhost sshd[1581]: Received disconnect from 43.255.190.168: 11:  [preauth]
Apr 11 08:21:45 ovzhost sshd[1581]: PAM 2 more authentication failures; logname= uid=0 euid=0 tty=ssh ruser= rhost=43.255.190.168  user=root
Apr 11 08:21:46 ovzhost sshd[1585]: pam_unix(sshd:auth): authentication failure; logname= uid=0 euid=0 tty=ssh ruser= rhost=43.255.190.168  user=root
Apr 11 08:21:46 ovzhost sshd[1583]: message repeated 2 times: [ Failed password for root from 43.255.190.89 port 44579 ssh2]
Apr 11 08:21:46 ovzhost sshd[1583]: Received disconnect from 43.255.190.89: 11:  [preauth]
Apr 11 08:21:46 ovzhost sshd[1583]: PAM 2 more authentication failures; logname= uid=0 euid=0 tty=ssh ruser= rhost=43.255.190.89  user=root
Apr 11 08:21:48 ovzhost sshd[1585]: Failed password for root from 43.255.190.168 port 49071 ssh2
Apr 11 08:21:48 ovzhost sshd[1589]: pam_unix(sshd:auth): authentication failure; logname= uid=0 euid=0 tty=ssh ruser= rhost=43.255.190.89  user=root
Apr 11 08:21:50 ovzhost sshd[1589]: Failed password for root from 43.255.190.89 port 58449 ssh2
Apr 11 08:21:53 ovzhost sshd[1585]: message repeated 2 times: [ Failed password for root from 43.255.190.168 port 49071 ssh2]
Apr 11 08:21:53 ovzhost sshd[1585]: Received disconnect from 43.255.190.168: 11:  [preauth]
Apr 11 08:21:53 ovzhost sshd[1585]: PAM 2 more authentication failures; logname= uid=0 euid=0 tty=ssh ruser= rhost=43.255.190.168  user=root
Apr 11 08:21:54 ovzhost sshd[1591]: pam_unix(sshd:auth): authentication failure; logname= uid=0 euid=0 tty=ssh ruser= rhost=43.255.190.168  user=root
Apr 11 08:21:55 ovzhost sshd[1589]: message repeated 2 times: [ Failed password for root from 43.255.190.89 port 58449 ssh2]
Apr 11 08:21:55 ovzhost sshd[1589]: Received disconnect from 43.255.190.89: 11:  [preauth]
Apr 11 08:21:55 ovzhost sshd[1589]: PAM 2 more authentication failures; logname= uid=0 euid=0 tty=ssh ruser= rhost=43.255.190.89  user=root
Apr 11 08:21:55 ovzhost sshd[1593]: pam_unix(sshd:auth): authentication failure; logname= uid=0 euid=0 tty=ssh ruser= rhost=43.255.190.89  user=root
Apr 11 08:21:55 ovzhost sshd[1591]: Failed password for root from 43.255.190.168 port 38049 ssh2
Apr 11 08:21:57 ovzhost sshd[1593]: Failed password for root from 43.255.190.89 port 51335 ssh2
Apr 11 08:22:00 ovzhost sshd[1591]: message repeated 2 times: [ Failed password for root from 43.255.190.168 port 38049 ssh2]
Apr 11 08:22:00 ovzhost sshd[1591]: Received disconnect from 43.255.190.168: 11:  [preauth]
Apr 11 08:22:00 ovzhost sshd[1591]: PAM 2 more authentication failures; logname= uid=0 euid=0 tty=ssh ruser= rhost=43.255.190.168  user=root
Apr 11 08:22:00 ovzhost sshd[1595]: pam_unix(sshd:auth): authentication failure; logname= uid=0 euid=0 tty=ssh ruser= rhost=43.255.190.168  user=root
Apr 11 08:22:01 ovzhost sshd[1593]: message repeated 2 times: [ Failed password for root from 43.255.190.89 port 51335 ssh2]
Apr 11 08:22:01 ovzhost sshd[1593]: Received disconnect from 43.255.190.89: 11:  [preauth]
Apr 11 08:22:01 ovzhost sshd[1593]: PAM 2 more authentication failures; logname= uid=0 euid=0 tty=ssh ruser= rhost=43.255.190.89  user=root
Apr 11 08:22:02 ovzhost sshd[1597]: pam_unix(sshd:auth): authentication failure; logname= uid=0 euid=0 tty=ssh ruser= rhost=43.255.190.89  user=root
Apr 11 08:22:02 ovzhost sshd[1595]: Failed password for root from 43.255.190.168 port 54043 ssh2
Apr 11 08:22:04 ovzhost sshd[1597]: Failed password for root from 43.255.190.89 port 38350 ssh2
Apr 11 08:22:06 ovzhost sshd[1595]: message repeated 2 times: [ Failed password for root from 43.255.190.168 port 54043 ssh2]
Apr 11 08:22:06 ovzhost sshd[1595]: Received disconnect from 43.255.190.168: 11:  [preauth]
Apr 11 08:22:06 ovzhost sshd[1595]: PAM 2 more authentication failures; logname= uid=0 euid=0 tty=ssh ruser= rhost=43.255.190.168  user=root
Apr 11 08:22:07 ovzhost sshd[1599]: pam_unix(sshd:auth): authentication failure; logname= uid=0 euid=0 tty=ssh ruser= rhost=43.255.190.168  user=root
Apr 11 08:22:08 ovzhost sshd[1597]: message repeated 2 times: [ Failed password for root from 43.255.190.89 port 38350 ssh2]
Apr 11 08:22:08 ovzhost sshd[1597]: Received disconnect from 43.255.190.89: 11:  [preauth]
Apr 11 08:22:08 ovzhost sshd[1597]: PAM 2 more authentication failures; logname= uid=0 euid=0 tty=ssh ruser= rhost=43.255.190.89  user=root
Apr 11 08:22:08 ovzhost sshd[1599]: Failed password for root from 43.255.190.168 port 40698 ssh2
Apr 11 08:22:09 ovzhost sshd[1601]: pam_unix(sshd:auth): authentication failure; logname= uid=0 euid=0 tty=ssh ruser= rhost=43.255.190.89  user=root
Apr 11 08:22:11 ovzhost sshd[1601]: Failed password for root from 43.255.190.89 port 53450 ssh2
Apr 11 08:22:13 ovzhost sshd[1599]: message repeated 2 times: [ Failed password for root from 43.255.190.168 port 40698 ssh2]
Apr 11 08:22:13 ovzhost sshd[1599]: Received disconnect from 43.255.190.168: 11:  [preauth]
Apr 11 08:22:13 ovzhost sshd[1599]: PAM 2 more authentication failures; logname= uid=0 euid=0 tty=ssh ruser= rhost=43.255.190.168  user=root
Apr 11 08:22:14 ovzhost sshd[1604]: pam_unix(sshd:auth): authentication failure; logname= uid=0 euid=0 tty=ssh ruser= rhost=43.255.190.168  user=root
Apr 11 08:22:16 ovzhost sshd[1601]: message repeated 2 times: [ Failed password for root from 43.255.190.89 port 53450 ssh2]
Apr 11 08:22:16 ovzhost sshd[1601]: Received disconnect from 43.255.190.89: 11:  [preauth]
Apr 11 08:22:16 ovzhost sshd[1601]: PAM 2 more authentication failures; logname= uid=0 euid=0 tty=ssh ruser= rhost=43.255.190.89  user=root
Apr 11 08:22:16 ovzhost sshd[1606]: pam_unix(sshd:auth): authentication failure; logname= uid=0 euid=0 tty=ssh ruser= rhost=43.255.190.89  user=root
Apr 11 08:22:16 ovzhost sshd[1604]: Failed password for root from 43.255.190.168 port 56137 ssh2
Apr 11 08:22:18 ovzhost sshd[1606]: Failed password for root from 43.255.190.89 port 42100 ssh2
Apr 11 08:22:20 ovzhost sshd[1604]: message repeated 2 times: [ Failed password for root from 43.255.190.168 port 56137 ssh2]
Apr 11 08:22:20 ovzhost sshd[1604]: Received disconnect from 43.255.190.168: 11:  [preauth]
Apr 11 08:22:20 ovzhost sshd[1604]: PAM 2 more authentication failures; logname= uid=0 euid=0 tty=ssh ruser= rhost=43.255.190.168  user=root
Apr 11 08:22:20 ovzhost sshd[1608]: pam_unix(sshd:auth): authentication failure; logname= uid=0 euid=0 tty=ssh ruser= rhost=43.255.190.168  user=root
Apr 11 08:22:22 ovzhost sshd[1606]: message repeated 2 times: [ Failed password for root from 43.255.190.89 port 42100 ssh2]
Apr 11 08:22:22 ovzhost sshd[1606]: Received disconnect from 43.255.190.89: 11:  [preauth]
Apr 11 08:22:22 ovzhost sshd[1606]: PAM 2 more authentication failures; logname= uid=0 euid=0 tty=ssh ruser= rhost=43.255.190.89  user=root
Apr 11 08:22:22 ovzhost sshd[1610]: pam_unix(sshd:auth): authentication failure; logname= uid=0 euid=0 tty=ssh ruser= rhost=43.255.190.89  user=root
Apr 11 08:22:22 ovzhost sshd[1608]: Failed password for root from 43.255.190.168 port 44147 ssh2
Apr 11 08:22:25 ovzhost sshd[1610]: Failed password for root from 43.255.190.89 port 55975 ssh2
Apr 11 08:22:27 ovzhost sshd[1608]: message repeated 2 times: [ Failed password for root from 43.255.190.168 port 44147 ssh2]
Apr 11 08:22:27 ovzhost sshd[1608]: Received disconnect from 43.255.190.168: 11:  [preauth]
Apr 11 08:22:27 ovzhost sshd[1608]: PAM 2 more authentication failures; logname= uid=0 euid=0 tty=ssh ruser= rhost=43.255.190.168  user=root
Apr 11 08:22:28 ovzhost sshd[1612]: pam_unix(sshd:auth): authentication failure; logname= uid=0 euid=0 tty=ssh ruser= rhost=43.255.190.168  user=root
Apr 11 08:22:29 ovzhost sshd[1612]: Failed password for root from 43.255.190.168 port 59822 ssh2
Apr 11 08:22:30 ovzhost sshd[1610]: message repeated 2 times: [ Failed password for root from 43.255.190.89 port 55975 ssh2]
Apr 11 08:22:30 ovzhost sshd[1610]: Received disconnect from 43.255.190.89: 11:  [preauth]
Apr 11 08:22:30 ovzhost sshd[1610]: PAM 2 more authentication failures; logname= uid=0 euid=0 tty=ssh ruser= rhost=43.255.190.89  user=root
Apr 11 08:22:30 ovzhost sshd[1614]: pam_unix(sshd:auth): authentication failure; logname= uid=0 euid=0 tty=ssh ruser= rhost=43.255.190.89  user=root
Apr 11 08:22:32 ovzhost sshd[1614]: Failed password for root from 43.255.190.89 port 44835 ssh2
Apr 11 08:22:33 ovzhost sshd[1612]: message repeated 2 times: [ Failed password for root from 43.255.190.168 port 59822 ssh2]
Apr 11 08:22:33 ovzhost sshd[1612]: Received disconnect from 43.255.190.168: 11:  [preauth]
Apr 11 08:22:33 ovzhost sshd[1612]: PAM 2 more authentication failures; logname= uid=0 euid=0 tty=ssh ruser= rhost=43.255.190.168  user=root
Apr 11 08:22:33 ovzhost sshd[1616]: pam_unix(sshd:auth): authentication failure; logname= uid=0 euid=0 tty=ssh ruser= rhost=43.255.190.168  user=root
Apr 11 08:22:36 ovzhost sshd[1616]: Failed password for root from 43.255.190.168 port 45566 ssh2
Apr 11 08:22:36 ovzhost sshd[1614]: message repeated 2 times: [ Failed password for root from 43.255.190.89 port 44835 ssh2]
Apr 11 08:22:37 ovzhost sshd[1614]: Received disconnect from 43.255.190.89: 11:  [preauth]
Apr 11 08:22:37 ovzhost sshd[1614]: PAM 2 more authentication failures; logname= uid=0 euid=0 tty=ssh ruser= rhost=43.255.190.89  user=root
Apr 11 08:22:38 ovzhost sshd[1618]: pam_unix(sshd:auth): authentication failure; logname= uid=0 euid=0 tty=ssh ruser= rhost=43.255.190.89  user=root
Apr 11 08:22:40 ovzhost sshd[1616]: message repeated 2 times: [ Failed password for root from 43.255.190.168 port 45566 ssh2]
Apr 11 08:22:40 ovzhost sshd[1616]: Received disconnect from 43.255.190.168: 11:  [preauth]
Apr 11 08:22:40 ovzhost sshd[1616]: PAM 2 more authentication failures; logname= uid=0 euid=0 tty=ssh ruser= rhost=43.255.190.168  user=root
Apr 11 08:22:40 ovzhost sshd[1618]: Failed password for root from 43.255.190.89 port 33756 ssh2
Apr 11 08:22:41 ovzhost sshd[1620]: pam_unix(sshd:auth): authentication failure; logname= uid=0 euid=0 tty=ssh ruser= rhost=43.255.190.168  user=root
Apr 11 08:22:43 ovzhost sshd[1620]: Failed password for root from 43.255.190.168 port 33614 ssh2
Apr 11 08:22:45 ovzhost sshd[1618]: message repeated 2 times: [ Failed password for root from 43.255.190.89 port 33756 ssh2]
Apr 11 08:22:45 ovzhost sshd[1618]: Received disconnect from 43.255.190.89: 11:  [preauth]
Apr 11 08:22:45 ovzhost sshd[1618]: PAM 2 more authentication failures; logname= uid=0 euid=0 tty=ssh ruser= rhost=43.255.190.89  user=root
Apr 11 08:22:45 ovzhost sshd[1622]: pam_unix(sshd:auth): authentication failure; logname= uid=0 euid=0 tty=ssh ruser= rhost=43.255.190.89  user=root
Apr 11 08:22:47 ovzhost sshd[1622]: Failed password for root from 43.255.190.89 port 52301 ssh2
Apr 11 08:22:47 ovzhost sshd[1620]: message repeated 2 times: [ Failed password for root from 43.255.190.168 port 33614 ssh2]
Apr 11 08:22:48 ovzhost sshd[1620]: Received disconnect from 43.255.190.168: 11:  [preauth]
Apr 11 08:22:48 ovzhost sshd[1620]: PAM 2 more authentication failures; logname= uid=0 euid=0 tty=ssh ruser= rhost=43.255.190.168  user=root
Apr 11 08:22:48 ovzhost sshd[1624]: pam_unix(sshd:auth): authentication failure; logname= uid=0 euid=0 tty=ssh ruser= rhost=43.255.190.168  user=root
Apr 11 08:22:50 ovzhost sshd[1624]: Failed password for root from 43.255.190.168 port 52624 ssh2
Apr 11 08:22:52 ovzhost sshd[1622]: message repeated 2 times: [ Failed password for root from 43.255.190.89 port 52301 ssh2]
Apr 11 08:22:52 ovzhost sshd[1622]: Received disconnect from 43.255.190.89: 11:  [preauth]
Apr 11 08:22:52 ovzhost sshd[1622]: PAM 2 more authentication failures; logname= uid=0 euid=0 tty=ssh ruser= rhost=43.255.190.89  user=root
Apr 11 08:22:52 ovzhost sshd[1626]: pam_unix(sshd:auth): authentication failure; logname= uid=0 euid=0 tty=ssh ruser= rhost=43.255.190.89  user=root
Apr 11 08:22:54 ovzhost sshd[1624]: message repeated 2 times: [ Failed password for root from 43.255.190.168 port 52624 ssh2]
Apr 11 08:22:54 ovzhost sshd[1624]: Received disconnect from 43.255.190.168: 11:  [preauth]
Apr 11 08:22:54 ovzhost sshd[1624]: PAM 2 more authentication failures; logname= uid=0 euid=0 tty=ssh ruser= rhost=43.255.190.168  user=root
Apr 11 08:22:54 ovzhost sshd[1626]: Failed password for root from 43.255.190.89 port 40907 ssh2
Apr 11 08:22:55 ovzhost sshd[1628]: pam_unix(sshd:auth): authentication failure; logname= uid=0 euid=0 tty=ssh ruser= rhost=43.255.190.168  user=root
Apr 11 08:22:57 ovzhost sshd[1628]: Failed password for root from 43.255.190.168 port 40667 ssh2
Apr 11 08:22:58 ovzhost sshd[1626]: message repeated 2 times: [ Failed password for root from 43.255.190.89 port 40907 ssh2]
Apr 11 08:22:58 ovzhost sshd[1626]: Received disconnect from 43.255.190.89: 11:  [preauth]
Apr 11 08:22:58 ovzhost sshd[1626]: PAM 2 more authentication failures; logname= uid=0 euid=0 tty=ssh ruser= rhost=43.255.190.89  user=root
Apr 11 08:22:59 ovzhost sshd[1630]: pam_unix(sshd:auth): authentication failure; logname= uid=0 euid=0 tty=ssh ruser= rhost=43.255.190.89  user=root
Apr 11 08:23:01 ovzhost sshd[1630]: Failed password for root from 43.255.190.89 port 56318 ssh2
Apr 11 08:23:02 ovzhost sshd[1628]: message repeated 2 times: [ Failed password for root from 43.255.190.168 port 40667 ssh2]
Apr 11 08:23:02 ovzhost sshd[1628]: Received disconnect from 43.255.190.168: 11:  [preauth]
Apr 11 08:23:02 ovzhost sshd[1628]: PAM 2 more authentication failures; logname= uid=0 euid=0 tty=ssh ruser= rhost=43.255.190.168  user=root
Apr 11 08:23:05 ovzhost sshd[1630]: message repeated 2 times: [ Failed password for root from 43.255.190.89 port 56318 ssh2]
Apr 11 08:23:06 ovzhost sshd[1630]: Received disconnect from 43.255.190.89: 11:  [preauth]
Apr 11 08:23:06 ovzhost sshd[1630]: PAM 2 more authentication failures; logname= uid=0 euid=0 tty=ssh ruser= rhost=43.255.190.89  user=root
Apr 11 08:23:06 ovzhost sshd[1632]: pam_unix(sshd:auth): authentication failure; logname= uid=0 euid=0 tty=ssh ruser= rhost=43.255.190.168  user=root
Apr 11 08:23:06 ovzhost sshd[1634]: pam_unix(sshd:auth): authentication failure; logname= uid=0 euid=0 tty=ssh ruser= rhost=43.255.190.89  user=root
Apr 11 08:23:08 ovzhost sshd[1632]: Failed password for root from 43.255.190.168 port 58133 ssh2
Apr 11 08:23:08 ovzhost sshd[1634]: Failed password for root from 43.255.190.89 port 44534 ssh2
Apr 11 08:23:12 ovzhost sshd[1632]: message repeated 2 times: [ Failed password for root from 43.255.190.168 port 58133 ssh2]
Apr 11 08:23:12 ovzhost sshd[1632]: Received disconnect from 43.255.190.168: 11:  [preauth]
Apr 11 08:23:12 ovzhost sshd[1632]: PAM 2 more authentication failures; logname= uid=0 euid=0 tty=ssh ruser= rhost=43.255.190.168  user=root
Apr 11 08:23:13 ovzhost sshd[1634]: message repeated 2 times: [ Failed password for root from 43.255.190.89 port 44534 ssh2]
Apr 11 08:23:13 ovzhost sshd[1634]: Received disconnect from 43.255.190.89: 11:  [preauth]
Apr 11 08:23:13 ovzhost sshd[1634]: PAM 2 more authentication failures; logname= uid=0 euid=0 tty=ssh ruser= rhost=43.255.190.89  user=root
Apr 11 08:23:13 ovzhost sshd[1637]: pam_unix(sshd:auth): authentication failure; logname= uid=0 euid=0 tty=ssh ruser= rhost=43.255.190.168  user=root
Apr 11 08:23:13 ovzhost sshd[1639]: pam_unix(sshd:auth): authentication failure; logname= uid=0 euid=0 tty=ssh ruser= rhost=43.255.190.89  user=root
Apr 11 08:23:15 ovzhost sshd[1637]: Failed password for root from 43.255.190.168 port 54282 ssh2
Apr 11 08:23:15 ovzhost sshd[1639]: Failed password for root from 43.255.190.89 port 60421 ssh2
Apr 11 08:23:19 ovzhost sshd[1637]: message repeated 2 times: [ Failed password for root from 43.255.190.168 port 54282 ssh2]
Apr 11 08:23:19 ovzhost sshd[1637]: Received disconnect from 43.255.190.168: 11:  [preauth]
Apr 11 08:23:19 ovzhost sshd[1637]: PAM 2 more authentication failures; logname= uid=0 euid=0 tty=ssh ruser= rhost=43.255.190.168  user=root
Apr 11 08:23:20 ovzhost sshd[1639]: message repeated 2 times: [ Failed password for root from 43.255.190.89 port 60421 ssh2]
Apr 11 08:23:20 ovzhost sshd[1639]: Received disconnect from 43.255.190.89: 11:  [preauth]
Apr 11 08:23:20 ovzhost sshd[1639]: PAM 2 more authentication failures; logname= uid=0 euid=0 tty=ssh ruser= rhost=43.255.190.89  user=root
Apr 11 08:23:20 ovzhost sshd[1641]: pam_unix(sshd:auth): authentication failure; logname= uid=0 euid=0 tty=ssh ruser= rhost=43.255.190.168  user=root
Apr 11 08:23:20 ovzhost sshd[1643]: pam_unix(sshd:auth): authentication failure; logname= uid=0 euid=0 tty=ssh ruser= rhost=43.255.190.89  user=root
Apr 11 08:23:22 ovzhost sshd[1641]: Failed password for root from 43.255.190.168 port 42426 ssh2
Apr 11 08:23:22 ovzhost sshd[1643]: Failed password for root from 43.255.190.89 port 49038 ssh2
Apr 11 08:23:26 ovzhost sshd[1641]: message repeated 2 times: [ Failed password for root from 43.255.190.168 port 42426 ssh2]
Apr 11 08:23:26 ovzhost sshd[1641]: Received disconnect from 43.255.190.168: 11:  [preauth]
Apr 11 08:23:26 ovzhost sshd[1641]: PAM 2 more authentication failures; logname= uid=0 euid=0 tty=ssh ruser= rhost=43.255.190.168  user=root
Apr 11 08:23:27 ovzhost sshd[1643]: message repeated 2 times: [ Failed password for root from 43.255.190.89 port 49038 ssh2]
Apr 11 08:23:27 ovzhost sshd[1643]: Received disconnect from 43.255.190.89: 11:  [preauth]
Apr 11 08:23:27 ovzhost sshd[1643]: PAM 2 more authentication failures; logname= uid=0 euid=0 tty=ssh ruser= rhost=43.255.190.89  user=root
Apr 11 08:23:27 ovzhost sshd[1645]: pam_unix(sshd:auth): authentication failure; logname= uid=0 euid=0 tty=ssh ruser= rhost=43.255.190.168  user=root
Apr 11 08:23:27 ovzhost sshd[1647]: pam_unix(sshd:auth): authentication failure; logname= uid=0 euid=0 tty=ssh ruser= rhost=43.255.190.89  user=root
Apr 11 08:23:29 ovzhost sshd[1645]: Failed password for root from 43.255.190.168 port 59035 ssh2
Apr 11 08:23:29 ovzhost sshd[1647]: Failed password for root from 43.255.190.89 port 37141 ssh2
Apr 11 08:23:33 ovzhost sshd[1645]: message repeated 2 times: [ Failed password for root from 43.255.190.168 port 59035 ssh2]
Apr 11 08:23:34 ovzhost sshd[1645]: Received disconnect from 43.255.190.168: 11:  [preauth]
Apr 11 08:23:34 ovzhost sshd[1645]: PAM 2 more authentication failures; logname= uid=0 euid=0 tty=ssh ruser= rhost=43.255.190.168  user=root
Apr 11 08:23:34 ovzhost sshd[1647]: message repeated 2 times: [ Failed password for root from 43.255.190.89 port 37141 ssh2]
Apr 11 08:23:34 ovzhost sshd[1647]: Received disconnect from 43.255.190.89: 11:  [preauth]
Apr 11 08:23:34 ovzhost sshd[1647]: PAM 2 more authentication failures; logname= uid=0 euid=0 tty=ssh ruser= rhost=43.255.190.89  user=root
Apr 11 08:23:34 ovzhost sshd[1649]: pam_unix(sshd:auth): authentication failure; logname= uid=0 euid=0 tty=ssh ruser= rhost=43.255.190.168  user=root
Apr 11 08:23:34 ovzhost sshd[1651]: pam_unix(sshd:auth): authentication failure; logname= uid=0 euid=0 tty=ssh ruser= rhost=43.255.190.89  user=root
Apr 11 08:23:36 ovzhost sshd[1649]: Failed password for root from 43.255.190.168 port 47322 ssh2
Apr 11 08:23:37 ovzhost sshd[1651]: Failed password for root from 43.255.190.89 port 53342 ssh2
Apr 11 08:23:38 ovzhost sshd[1654]: Connection closed by 127.0.0.1 [preauth]
Apr 11 08:23:40 ovzhost sshd[1649]: message repeated 2 times: [ Failed password for root from 43.255.190.168 port 47322 ssh2]
Apr 11 08:23:40 ovzhost sshd[1649]: Received disconnect from 43.255.190.168: 11:  [preauth]
Apr 11 08:23:40 ovzhost sshd[1649]: PAM 2 more authentication failures; logname= uid=0 euid=0 tty=ssh ruser= rhost=43.255.190.168  user=root
Apr 11 08:23:41 ovzhost sshd[1651]: message repeated 2 times: [ Failed password for root from 43.255.190.89 port 53342 ssh2]
Apr 11 08:23:41 ovzhost sshd[1651]: Received disconnect from 43.255.190.89: 11:  [preauth]
Apr 11 08:23:41 ovzhost sshd[1651]: PAM 2 more authentication failures; logname= uid=0 euid=0 tty=ssh ruser= rhost=43.255.190.89  user=root
Apr 11 08:23:41 ovzhost sshd[1656]: pam_unix(sshd:auth): authentication failure; logname= uid=0 euid=0 tty=ssh ruser= rhost=43.255.190.168  user=root
Apr 11 08:23:41 ovzhost sshd[1658]: pam_unix(sshd:auth): authentication failure; logname= uid=0 euid=0 tty=ssh ruser= rhost=43.255.190.89  user=root
Apr 11 08:23:43 ovzhost sshd[1656]: Failed password for root from 43.255.190.168 port 34997 ssh2
Apr 11 08:23:43 ovzhost sshd[1658]: Failed password for root from 43.255.190.89 port 42091 ssh2
Apr 11 08:23:47 ovzhost sshd[1656]: message repeated 2 times: [ Failed password for root from 43.255.190.168 port 34997 ssh2]
Apr 11 08:23:48 ovzhost sshd[1656]: Received disconnect from 43.255.190.168: 11:  [preauth]
Apr 11 08:23:48 ovzhost sshd[1656]: PAM 2 more authentication failures; logname= uid=0 euid=0 tty=ssh ruser= rhost=43.255.190.168  user=root
Apr 11 08:23:48 ovzhost sshd[1658]: message repeated 2 times: [ Failed password for root from 43.255.190.89 port 42091 ssh2]
Apr 11 08:23:48 ovzhost sshd[1658]: Received disconnect from 43.255.190.89: 11:  [preauth]
Apr 11 08:23:48 ovzhost sshd[1658]: PAM 2 more authentication failures; logname= uid=0 euid=0 tty=ssh ruser= rhost=43.255.190.89  user=root
Apr 11 08:23:48 ovzhost sshd[1664]: pam_unix(sshd:auth): authentication failure; logname= uid=0 euid=0 tty=ssh ruser= rhost=43.255.190.168  user=root
Apr 11 08:23:48 ovzhost sshd[1666]: pam_unix(sshd:auth): authentication failure; logname= uid=0 euid=0 tty=ssh ruser= rhost=43.255.190.89  user=root
Apr 11 08:23:50 ovzhost sshd[1664]: Failed password for root from 43.255.190.168 port 51348 ssh2
Apr 11 08:23:50 ovzhost sshd[1666]: Failed password for root from 43.255.190.89 port 58346 ssh2
Apr 11 08:23:54 ovzhost sshd[1664]: message repeated 2 times: [ Failed password for root from 43.255.190.168 port 51348 ssh2]
Apr 11 08:23:54 ovzhost sshd[1664]: Received disconnect from 43.255.190.168: 11:  [preauth]
Apr 11 08:23:54 ovzhost sshd[1664]: PAM 2 more authentication failures; logname= uid=0 euid=0 tty=ssh ruser= rhost=43.255.190.168  user=root
Apr 11 08:23:55 ovzhost sshd[1666]: message repeated 2 times: [ Failed password for root from 43.255.190.89 port 58346 ssh2]
Apr 11 08:23:55 ovzhost sshd[1666]: Received disconnect from 43.255.190.89: 11:  [preauth]
Apr 11 08:23:55 ovzhost sshd[1666]: PAM 2 more authentication failures; logname= uid=0 euid=0 tty=ssh ruser= rhost=43.255.190.89  user=root
Apr 11 08:23:57 ovzhost sshd[1670]: pam_unix(sshd:auth): authentication failure; logname= uid=0 euid=0 tty=ssh ruser= rhost=43.255.190.89  user=root
Apr 11 08:23:58 ovzhost sshd[1668]: pam_unix(sshd:auth): authentication failure; logname= uid=0 euid=0 tty=ssh ruser= rhost=43.255.190.168  user=root
Apr 11 08:23:59 ovzhost sshd[1670]: Failed password for root from 43.255.190.89 port 46132 ssh2
Apr 11 08:24:01 ovzhost sshd[1668]: Failed password for root from 43.255.190.168 port 38574 ssh2
Apr 11 08:24:03 ovzhost sshd[1670]: message repeated 2 times: [ Failed password for root from 43.255.190.89 port 46132 ssh2]
Apr 11 08:24:03 ovzhost sshd[1670]: Received disconnect from 43.255.190.89: 11:  [preauth]
Apr 11 08:24:03 ovzhost sshd[1670]: PAM 2 more authentication failures; logname= uid=0 euid=0 tty=ssh ruser= rhost=43.255.190.89  user=root
Apr 11 08:24:04 ovzhost sshd[1672]: pam_unix(sshd:auth): authentication failure; logname= uid=0 euid=0 tty=ssh ruser= rhost=43.255.190.89  user=root
Apr 11 08:24:05 ovzhost sshd[1668]: message repeated 2 times: [ Failed password for root from 43.255.190.168 port 38574 ssh2]
Apr 11 08:24:05 ovzhost sshd[1668]: Received disconnect from 43.255.190.168: 11:  [preauth]
Apr 11 08:24:05 ovzhost sshd[1668]: PAM 2 more authentication failures; logname= uid=0 euid=0 tty=ssh ruser= rhost=43.255.190.168  user=root
Apr 11 08:24:06 ovzhost sshd[1674]: pam_unix(sshd:auth): authentication failure; logname= uid=0 euid=0 tty=ssh ruser= rhost=43.255.190.168  user=root
Apr 11 08:24:07 ovzhost sshd[1672]: Failed password for root from 43.255.190.89 port 38202 ssh2
Apr 11 08:24:08 ovzhost sshd[1674]: Failed password for root from 43.255.190.168 port 33696 ssh2
Apr 11 08:24:11 ovzhost sshd[1672]: message repeated 2 times: [ Failed password for root from 43.255.190.89 port 38202 ssh2]
Apr 11 08:24:11 ovzhost sshd[1672]: Received disconnect from 43.255.190.89: 11:  [preauth]
Apr 11 08:24:11 ovzhost sshd[1672]: PAM 2 more authentication failures; logname= uid=0 euid=0 tty=ssh ruser= rhost=43.255.190.89  user=root
Apr 11 08:24:12 ovzhost sshd[1676]: pam_unix(sshd:auth): authentication failure; logname= uid=0 euid=0 tty=ssh ruser= rhost=43.255.190.89  user=root
Apr 11 08:24:12 ovzhost sshd[1674]: message repeated 2 times: [ Failed password for root from 43.255.190.168 port 33696 ssh2]
Apr 11 08:24:12 ovzhost sshd[1674]: Received disconnect from 43.255.190.168: 11:  [preauth]
Apr 11 08:24:12 ovzhost sshd[1674]: PAM 2 more authentication failures; logname= uid=0 euid=0 tty=ssh ruser= rhost=43.255.190.168  user=root
Apr 11 08:24:13 ovzhost sshd[1678]: pam_unix(sshd:auth): authentication failure; logname= uid=0 euid=0 tty=ssh ruser= rhost=43.255.190.168  user=root
Apr 11 08:24:13 ovzhost sshd[1676]: Failed password for root from 43.255.190.89 port 55272 ssh2
Apr 11 08:24:15 ovzhost sshd[1678]: Failed password for root from 43.255.190.168 port 48860 ssh2
Apr 11 08:24:18 ovzhost sshd[1676]: message repeated 2 times: [ Failed password for root from 43.255.190.89 port 55272 ssh2]
Apr 11 08:24:20 ovzhost sshd[1676]: Received disconnect from 43.255.190.89: 11:  [preauth]
Apr 11 08:24:20 ovzhost sshd[1676]: PAM 2 more authentication failures; logname= uid=0 euid=0 tty=ssh ruser= rhost=43.255.190.89  user=root
Apr 11 08:24:20 ovzhost sshd[1678]: message repeated 2 times: [ Failed password for root from 43.255.190.168 port 48860 ssh2]
Apr 11 08:24:20 ovzhost sshd[1678]: Received disconnect from 43.255.190.168: 11:  [preauth]
Apr 11 08:24:20 ovzhost sshd[1678]: PAM 2 more authentication failures; logname= uid=0 euid=0 tty=ssh ruser= rhost=43.255.190.168  user=root
Apr 11 08:24:22 ovzhost sshd[1684]: pam_unix(sshd:auth): authentication failure; logname= uid=0 euid=0 tty=ssh ruser= rhost=43.255.190.168  user=root
Apr 11 08:24:22 ovzhost sshd[1682]: pam_unix(sshd:auth): authentication failure; logname= uid=0 euid=0 tty=ssh ruser= rhost=43.255.190.89  user=root
Apr 11 08:24:24 ovzhost sshd[1684]: Failed password for root from 43.255.190.168 port 37475 ssh2
Apr 11 08:24:24 ovzhost sshd[1682]: Failed password for root from 43.255.190.89 port 48058 ssh2
Apr 11 08:24:27 ovzhost sshd[1684]: message repeated 2 times: [ Failed password for root from 43.255.190.168 port 37475 ssh2]
Apr 11 08:24:27 ovzhost sshd[1684]: Received disconnect from 43.255.190.168: 11:  [preauth]
Apr 11 08:24:27 ovzhost sshd[1684]: PAM 2 more authentication failures; logname= uid=0 euid=0 tty=ssh ruser= rhost=43.255.190.168  user=root
Apr 11 08:24:28 ovzhost sshd[1686]: pam_unix(sshd:auth): authentication failure; logname= uid=0 euid=0 tty=ssh ruser= rhost=43.255.190.168  user=root
Apr 11 08:24:28 ovzhost sshd[1682]: message repeated 2 times: [ Failed password for root from 43.255.190.89 port 48058 ssh2]
Apr 11 08:24:28 ovzhost sshd[1682]: Received disconnect from 43.255.190.89: 11:  [preauth]
Apr 11 08:24:28 ovzhost sshd[1682]: PAM 2 more authentication failures; logname= uid=0 euid=0 tty=ssh ruser= rhost=43.255.190.89  user=root
Apr 11 08:24:28 ovzhost sshd[1688]: pam_unix(sshd:auth): authentication failure; logname= uid=0 euid=0 tty=ssh ruser= rhost=43.255.190.89  user=root
Apr 11 08:24:30 ovzhost sshd[1686]: Failed password for root from 43.255.190.168 port 52384 ssh2
Apr 11 08:24:31 ovzhost sshd[1688]: Failed password for root from 43.255.190.89 port 37944 ssh2
Apr 11 08:24:34 ovzhost sshd[1686]: message repeated 2 times: [ Failed password for root from 43.255.190.168 port 52384 ssh2]
Apr 11 08:24:34 ovzhost sshd[1686]: Received disconnect from 43.255.190.168: 11:  [preauth]
Apr 11 08:24:34 ovzhost sshd[1686]: PAM 2 more authentication failures; logname= uid=0 euid=0 tty=ssh ruser= rhost=43.255.190.168  user=root
Apr 11 08:24:35 ovzhost sshd[1690]: pam_unix(sshd:auth): authentication failure; logname= uid=0 euid=0 tty=ssh ruser= rhost=43.255.190.168  user=root
Apr 11 08:24:35 ovzhost sshd[1688]: message repeated 2 times: [ Failed password for root from 43.255.190.89 port 37944 ssh2]
Apr 11 08:24:35 ovzhost sshd[1688]: Received disconnect from 43.255.190.89: 11:  [preauth]
Apr 11 08:24:35 ovzhost sshd[1688]: PAM 2 more authentication failures; logname= uid=0 euid=0 tty=ssh ruser= rhost=43.255.190.89  user=root
Apr 11 08:24:36 ovzhost sshd[1692]: pam_unix(sshd:auth): authentication failure; logname= uid=0 euid=0 tty=ssh ruser= rhost=43.255.190.89  user=root
Apr 11 08:24:37 ovzhost sshd[1690]: Failed password for root from 43.255.190.168 port 39383 ssh2
Apr 11 08:24:37 ovzhost sshd[1692]: Failed password for root from 43.255.190.89 port 55178 ssh2
Apr 11 08:24:40 ovzhost sshd[1690]: message repeated 2 times: [ Failed password for root from 43.255.190.168 port 39383 ssh2]
Apr 11 08:24:41 ovzhost sshd[1690]: Received disconnect from 43.255.190.168: 11:  [preauth]
Apr 11 08:24:41 ovzhost sshd[1690]: PAM 2 more authentication failures; logname= uid=0 euid=0 tty=ssh ruser= rhost=43.255.190.168  user=root
Apr 11 08:24:41 ovzhost sshd[1694]: pam_unix(sshd:auth): authentication failure; logname= uid=0 euid=0 tty=ssh ruser= rhost=43.255.190.168  user=root
Apr 11 08:24:41 ovzhost sshd[1692]: message repeated 2 times: [ Failed password for root from 43.255.190.89 port 55178 ssh2]
Apr 11 08:24:41 ovzhost sshd[1692]: Received disconnect from 43.255.190.89: 11:  [preauth]
Apr 11 08:24:41 ovzhost sshd[1692]: PAM 2 more authentication failures; logname= uid=0 euid=0 tty=ssh ruser= rhost=43.255.190.89  user=root
Apr 11 08:24:42 ovzhost sshd[1696]: pam_unix(sshd:auth): authentication failure; logname= uid=0 euid=0 tty=ssh ruser= rhost=43.255.190.89  user=root
Apr 11 08:24:43 ovzhost sshd[1696]: Failed password for root from 43.255.190.89 port 41151 ssh2
Apr 11 08:24:44 ovzhost sshd[1694]: Failed password for root from 43.255.190.168 port 53609 ssh2
Apr 11 08:24:45 ovzhost sshd[1698]: reverse mapping checking getaddrinfo for 153-127-166-207-ptr.centennialpr.net [207.166.127.153] failed - POSSIBLE BREAK-IN ATTEMPT!
Apr 11 08:24:45 ovzhost sshd[1698]: Invalid user username from 207.166.127.153
Apr 11 08:24:45 ovzhost sshd[1698]: input_userauth_request: invalid user username [preauth]
Apr 11 08:24:45 ovzhost sshd[1698]: pam_unix(sshd:auth): check pass; user unknown
Apr 11 08:24:45 ovzhost sshd[1698]: pam_unix(sshd:auth): authentication failure; logname= uid=0 euid=0 tty=ssh ruser= rhost=207.166.127.153 
Apr 11 08:24:47 ovzhost sshd[1698]: Failed password for invalid user username from 207.166.127.153 port 40731 ssh2
Apr 11 08:24:47 ovzhost sshd[1698]: pam_unix(sshd:auth): check pass; user unknown
Apr 11 08:24:48 ovzhost sshd[1696]: message repeated 2 times: [ Failed password for root from 43.255.190.89 port 41151 ssh2]
Apr 11 08:24:48 ovzhost sshd[1696]: Received disconnect from 43.255.190.89: 11:  [preauth]
Apr 11 08:24:48 ovzhost sshd[1696]: PAM 2 more authentication failures; logname= uid=0 euid=0 tty=ssh ruser= rhost=43.255.190.89  user=root
Apr 11 08:24:49 ovzhost sshd[1700]: pam_unix(sshd:auth): authentication failure; logname= uid=0 euid=0 tty=ssh ruser= rhost=43.255.190.89  user=root
Apr 11 08:24:49 ovzhost sshd[1698]: Failed password for invalid user username from 207.166.127.153 port 40731 ssh2
Apr 11 08:24:49 ovzhost sshd[1698]: Disconnecting: Change of username or service not allowed: (username,ssh-connection) -> (user,ssh-connection) [preauth]
Apr 11 08:24:49 ovzhost sshd[1698]: PAM 1 more authentication failure; logname= uid=0 euid=0 tty=ssh ruser= rhost=207.166.127.153 
Apr 11 08:24:49 ovzhost sshd[1694]: message repeated 2 times: [ Failed password for root from 43.255.190.168 port 53609 ssh2]
Apr 11 08:24:49 ovzhost sshd[1694]: Received disconnect from 43.255.190.168: 11:  [preauth]
Apr 11 08:24:49 ovzhost sshd[1694]: PAM 2 more authentication failures; logname= uid=0 euid=0 tty=ssh ruser= rhost=43.255.190.168  user=root
Apr 11 08:24:49 ovzhost sshd[1702]: pam_unix(sshd:auth): authentication failure; logname= uid=0 euid=0 tty=ssh ruser= rhost=43.255.190.168  user=root
Apr 11 08:24:50 ovzhost sshd[1700]: Failed password for root from 43.255.190.89 port 56405 ssh2
Apr 11 08:24:51 ovzhost sshd[1702]: Failed password for root from 43.255.190.168 port 42921 ssh2
Apr 11 08:24:55 ovzhost sshd[1700]: message repeated 2 times: [ Failed password for root from 43.255.190.89 port 56405 ssh2]
Apr 11 08:24:55 ovzhost sshd[1700]: Received disconnect from 43.255.190.89: 11:  [preauth]
Apr 11 08:24:55 ovzhost sshd[1700]: PAM 2 more authentication failures; logname= uid=0 euid=0 tty=ssh ruser= rhost=43.255.190.89  user=root
Apr 11 08:24:55 ovzhost sshd[1704]: pam_unix(sshd:auth): authentication failure; logname= uid=0 euid=0 tty=ssh ruser= rhost=43.255.190.89  user=root
Apr 11 08:24:56 ovzhost sshd[1702]: message repeated 2 times: [ Failed password for root from 43.255.190.168 port 42921 ssh2]
Apr 11 08:24:56 ovzhost sshd[1702]: Received disconnect from 43.255.190.168: 11:  [preauth]
Apr 11 08:24:56 ovzhost sshd[1702]: PAM 2 more authentication failures; logname= uid=0 euid=0 tty=ssh ruser= rhost=43.255.190.168  user=root
Apr 11 08:24:57 ovzhost sshd[1706]: pam_unix(sshd:auth): authentication failure; logname= uid=0 euid=0 tty=ssh ruser= rhost=43.255.190.168  user=root
Apr 11 08:24:57 ovzhost sshd[1704]: Failed password for root from 43.255.190.89 port 42841 ssh2
Apr 11 08:24:58 ovzhost sshd[1706]: Failed password for root from 43.255.190.168 port 57767 ssh2
Apr 11 08:25:01 ovzhost sshd[1704]: message repeated 2 times: [ Failed password for root from 43.255.190.89 port 42841 ssh2]
Apr 11 08:25:01 ovzhost sshd[1704]: Received disconnect from 43.255.190.89: 11:  [preauth]
Apr 11 08:25:01 ovzhost sshd[1704]: PAM 2 more authentication failures; logname= uid=0 euid=0 tty=ssh ruser= rhost=43.255.190.89  user=root
Apr 11 08:25:02 ovzhost sshd[1708]: pam_unix(sshd:auth): authentication failure; logname= uid=0 euid=0 tty=ssh ruser= rhost=43.255.190.89  user=root
Apr 11 08:25:02 ovzhost sshd[1706]: message repeated 2 times: [ Failed password for root from 43.255.190.168 port 57767 ssh2]
Apr 11 08:25:02 ovzhost sshd[1706]: Received disconnect from 43.255.190.168: 11:  [preauth]
Apr 11 08:25:02 ovzhost sshd[1706]: PAM 2 more authentication failures; logname= uid=0 euid=0 tty=ssh ruser= rhost=43.255.190.168  user=root
Apr 11 08:25:03 ovzhost sshd[1711]: pam_unix(sshd:auth): authentication failure; logname= uid=0 euid=0 tty=ssh ruser= rhost=43.255.190.168  user=root
Apr 11 08:25:04 ovzhost sshd[1708]: Failed password for root from 43.255.190.89 port 57954 ssh2
Apr 11 08:25:06 ovzhost sshd[1711]: Failed password for root from 43.255.190.168 port 42949 ssh2
Apr 11 08:25:09 ovzhost sshd[1708]: message repeated 2 times: [ Failed password for root from 43.255.190.89 port 57954 ssh2]
Apr 11 08:25:09 ovzhost sshd[1708]: Received disconnect from 43.255.190.89: 11:  [preauth]
Apr 11 08:25:09 ovzhost sshd[1708]: PAM 2 more authentication failures; logname= uid=0 euid=0 tty=ssh ruser= rhost=43.255.190.89  user=root
Apr 11 08:25:09 ovzhost sshd[1711]: message repeated 2 times: [ Failed password for root from 43.255.190.168 port 42949 ssh2]
Apr 11 08:25:10 ovzhost sshd[1711]: Received disconnect from 43.255.190.168: 11:  [preauth]
Apr 11 08:25:10 ovzhost sshd[1711]: PAM 2 more authentication failures; logname= uid=0 euid=0 tty=ssh ruser= rhost=43.255.190.168  user=root
Apr 11 08:25:11 ovzhost sshd[1715]: pam_unix(sshd:auth): authentication failure; logname= uid=0 euid=0 tty=ssh ruser= rhost=43.255.190.168  user=root
Apr 11 08:25:11 ovzhost sshd[1713]: pam_unix(sshd:auth): authentication failure; logname= uid=0 euid=0 tty=ssh ruser= rhost=43.255.190.89  user=root
Apr 11 08:25:13 ovzhost sshd[1715]: Failed password for root from 43.255.190.168 port 57335 ssh2
Apr 11 08:25:13 ovzhost sshd[1713]: Failed password for root from 43.255.190.89 port 45929 ssh2
Apr 11 08:25:17 ovzhost sshd[1715]: message repeated 2 times: [ Failed password for root from 43.255.190.168 port 57335 ssh2]
Apr 11 08:25:17 ovzhost sshd[1715]: Received disconnect from 43.255.190.168: 11:  [preauth]
Apr 11 08:25:17 ovzhost sshd[1715]: PAM 2 more authentication failures; logname= uid=0 euid=0 tty=ssh ruser= rhost=43.255.190.168  user=root
Apr 11 08:25:17 ovzhost sshd[1713]: message repeated 2 times: [ Failed password for root from 43.255.190.89 port 45929 ssh2]
Apr 11 08:25:17 ovzhost sshd[1713]: Received disconnect from 43.255.190.89: 11:  [preauth]
Apr 11 08:25:17 ovzhost sshd[1713]: PAM 2 more authentication failures; logname= uid=0 euid=0 tty=ssh ruser= rhost=43.255.190.89  user=root
Apr 11 08:25:18 ovzhost sshd[1718]: pam_unix(sshd:auth): authentication failure; logname= uid=0 euid=0 tty=ssh ruser= rhost=43.255.190.168  user=root
Apr 11 08:25:18 ovzhost sshd[1720]: pam_unix(sshd:auth): authentication failure; logname= uid=0 euid=0 tty=ssh ruser= rhost=43.255.190.89  user=root
Apr 11 08:25:19 ovzhost sshd[1718]: Failed password for root from 43.255.190.168 port 44549 ssh2
Apr 11 08:25:20 ovzhost sshd[1720]: Failed password for root from 43.255.190.89 port 37127 ssh2
Apr 11 08:25:23 ovzhost sshd[1718]: message repeated 2 times: [ Failed password for root from 43.255.190.168 port 44549 ssh2]
Apr 11 08:25:23 ovzhost sshd[1718]: Received disconnect from 43.255.190.168: 11:  [preauth]
Apr 11 08:25:23 ovzhost sshd[1718]: PAM 2 more authentication failures; logname= uid=0 euid=0 tty=ssh ruser= rhost=43.255.190.168  user=root
Apr 11 08:25:23 ovzhost sshd[1720]: message repeated 2 times: [ Failed password for root from 43.255.190.89 port 37127 ssh2]
Apr 11 08:25:23 ovzhost sshd[1720]: Received disconnect from 43.255.190.89: 11:  [preauth]
Apr 11 08:25:23 ovzhost sshd[1720]: PAM 2 more authentication failures; logname= uid=0 euid=0 tty=ssh ruser= rhost=43.255.190.89  user=root
Apr 11 08:25:24 ovzhost sshd[1724]: pam_unix(sshd:auth): authentication failure; logname= uid=0 euid=0 tty=ssh ruser= rhost=43.255.190.168  user=root
Apr 11 08:25:24 ovzhost sshd[1726]: pam_unix(sshd:auth): authentication failure; logname= uid=0 euid=0 tty=ssh ruser= rhost=43.255.190.89  user=root
Apr 11 08:25:26 ovzhost sshd[1724]: Failed password for root from 43.255.190.168 port 58091 ssh2
Apr 11 08:25:26 ovzhost sshd[1726]: Failed password for root from 43.255.190.89 port 51034 ssh2
Apr 11 08:25:31 ovzhost sshd[1724]: message repeated 2 times: [ Failed password for root from 43.255.190.168 port 58091 ssh2]
Apr 11 08:25:31 ovzhost sshd[1724]: Received disconnect from 43.255.190.168: 11:  [preauth]
Apr 11 08:25:31 ovzhost sshd[1724]: PAM 2 more authentication failures; logname= uid=0 euid=0 tty=ssh ruser= rhost=43.255.190.168  user=root
Apr 11 08:25:31 ovzhost sshd[1726]: message repeated 2 times: [ Failed password for root from 43.255.190.89 port 51034 ssh2]
Apr 11 08:25:31 ovzhost sshd[1726]: Received disconnect from 43.255.190.89: 11:  [preauth]
Apr 11 08:25:31 ovzhost sshd[1726]: PAM 2 more authentication failures; logname= uid=0 euid=0 tty=ssh ruser= rhost=43.255.190.89  user=root
Apr 11 08:25:32 ovzhost sshd[1728]: pam_unix(sshd:auth): authentication failure; logname= uid=0 euid=0 tty=ssh ruser= rhost=43.255.190.168  user=root
Apr 11 08:25:32 ovzhost sshd[1730]: pam_unix(sshd:auth): authentication failure; logname= uid=0 euid=0 tty=ssh ruser= rhost=43.255.190.89  user=root
Apr 11 08:25:33 ovzhost sshd[1728]: Failed password for root from 43.255.190.168 port 45279 ssh2
Apr 11 08:25:33 ovzhost sshd[1730]: Failed password for root from 43.255.190.89 port 39645 ssh2
Apr 11 08:25:37 ovzhost sshd[1730]: message repeated 2 times: [ Failed password for root from 43.255.190.89 port 39645 ssh2]
Apr 11 08:25:37 ovzhost sshd[1730]: Received disconnect from 43.255.190.89: 11:  [preauth]
Apr 11 08:25:37 ovzhost sshd[1730]: PAM 2 more authentication failures; logname= uid=0 euid=0 tty=ssh ruser= rhost=43.255.190.89  user=root
Apr 11 08:25:37 ovzhost sshd[1728]: message repeated 2 times: [ Failed password for root from 43.255.190.168 port 45279 ssh2]
Apr 11 08:25:37 ovzhost sshd[1728]: Received disconnect from 43.255.190.168: 11:  [preauth]
Apr 11 08:25:37 ovzhost sshd[1728]: PAM 2 more authentication failures; logname= uid=0 euid=0 tty=ssh ruser= rhost=43.255.190.168  user=root
Apr 11 08:25:38 ovzhost sshd[1732]: pam_unix(sshd:auth): authentication failure; logname= uid=0 euid=0 tty=ssh ruser= rhost=43.255.190.89  user=root
Apr 11 08:25:38 ovzhost sshd[1734]: pam_unix(sshd:auth): authentication failure; logname= uid=0 euid=0 tty=ssh ruser= rhost=43.255.190.168  user=root
Apr 11 08:25:40 ovzhost sshd[1732]: Failed password for root from 43.255.190.89 port 54345 ssh2
Apr 11 08:25:40 ovzhost sshd[1734]: Failed password for root from 43.255.190.168 port 58857 ssh2
Apr 11 08:25:44 ovzhost sshd[1732]: message repeated 2 times: [ Failed password for root from 43.255.190.89 port 54345 ssh2]
Apr 11 08:25:44 ovzhost sshd[1732]: Received disconnect from 43.255.190.89: 11:  [preauth]
Apr 11 08:25:44 ovzhost sshd[1732]: PAM 2 more authentication failures; logname= uid=0 euid=0 tty=ssh ruser= rhost=43.255.190.89  user=root
Apr 11 08:25:44 ovzhost sshd[1734]: message repeated 2 times: [ Failed password for root from 43.255.190.168 port 58857 ssh2]
Apr 11 08:25:44 ovzhost sshd[1734]: Received disconnect from 43.255.190.168: 11:  [preauth]
Apr 11 08:25:44 ovzhost sshd[1734]: PAM 2 more authentication failures; logname= uid=0 euid=0 tty=ssh ruser= rhost=43.255.190.168  user=root
Apr 11 08:25:45 ovzhost sshd[1736]: pam_unix(sshd:auth): authentication failure; logname= uid=0 euid=0 tty=ssh ruser= rhost=43.255.190.89  user=root
Apr 11 08:25:45 ovzhost sshd[1738]: pam_unix(sshd:auth): authentication failure; logname= uid=0 euid=0 tty=ssh ruser= rhost=43.255.190.168  user=root
Apr 11 08:25:47 ovzhost sshd[1736]: Failed password for root from 43.255.190.89 port 42026 ssh2
Apr 11 08:25:47 ovzhost sshd[1738]: Failed password for root from 43.255.190.168 port 45090 ssh2
Apr 11 08:25:51 ovzhost sshd[1736]: message repeated 2 times: [ Failed password for root from 43.255.190.89 port 42026 ssh2]
Apr 11 08:25:51 ovzhost sshd[1736]: Received disconnect from 43.255.190.89: 11:  [preauth]
Apr 11 08:25:51 ovzhost sshd[1736]: PAM 2 more authentication failures; logname= uid=0 euid=0 tty=ssh ruser= rhost=43.255.190.89  user=root
Apr 11 08:25:51 ovzhost sshd[1738]: message repeated 2 times: [ Failed password for root from 43.255.190.168 port 45090 ssh2]
Apr 11 08:25:51 ovzhost sshd[1738]: Received disconnect from 43.255.190.168: 11:  [preauth]
Apr 11 08:25:51 ovzhost sshd[1738]: PAM 2 more authentication failures; logname= uid=0 euid=0 tty=ssh ruser= rhost=43.255.190.168  user=root
Apr 11 08:25:52 ovzhost sshd[1740]: pam_unix(sshd:auth): authentication failure; logname= uid=0 euid=0 tty=ssh ruser= rhost=43.255.190.89  user=root
Apr 11 08:25:52 ovzhost sshd[1742]: pam_unix(sshd:auth): authentication failure; logname= uid=0 euid=0 tty=ssh ruser= rhost=43.255.190.168  user=root
Apr 11 08:25:54 ovzhost sshd[1740]: Failed password for root from 43.255.190.89 port 57278 ssh2
Apr 11 08:25:54 ovzhost sshd[1742]: Failed password for root from 43.255.190.168 port 59439 ssh2
Apr 11 08:25:57 ovzhost sshd[1740]: message repeated 2 times: [ Failed password for root from 43.255.190.89 port 57278 ssh2]
Apr 11 08:25:58 ovzhost sshd[1740]: Received disconnect from 43.255.190.89: 11:  [preauth]
Apr 11 08:25:58 ovzhost sshd[1740]: PAM 2 more authentication failures; logname= uid=0 euid=0 tty=ssh ruser= rhost=43.255.190.89  user=root
Apr 11 08:25:57 ovzhost sshd[1742]: message repeated 2 times: [ Failed password for root from 43.255.190.168 port 59439 ssh2]
Apr 11 08:25:58 ovzhost sshd[1742]: Received disconnect from 43.255.190.168: 11:  [preauth]
Apr 11 08:25:58 ovzhost sshd[1742]: PAM 2 more authentication failures; logname= uid=0 euid=0 tty=ssh ruser= rhost=43.255.190.168  user=root
Apr 11 08:25:59 ovzhost sshd[1744]: pam_unix(sshd:auth): authentication failure; logname= uid=0 euid=0 tty=ssh ruser= rhost=43.255.190.89  user=root
Apr 11 08:26:01 ovzhost sshd[1744]: Failed password for root from 43.255.190.89 port 43981 ssh2
Apr 11 08:26:04 ovzhost sshd[1746]: pam_unix(sshd:auth): authentication failure; logname= uid=0 euid=0 tty=ssh ruser= rhost=43.255.190.168  user=root
Apr 11 08:26:05 ovzhost sshd[1744]: message repeated 2 times: [ Failed password for root from 43.255.190.89 port 43981 ssh2]
Apr 11 08:26:05 ovzhost sshd[1744]: Received disconnect from 43.255.190.89: 11:  [preauth]
Apr 11 08:26:05 ovzhost sshd[1744]: PAM 2 more authentication failures; logname= uid=0 euid=0 tty=ssh ruser= rhost=43.255.190.89  user=root
Apr 11 08:26:06 ovzhost sshd[1746]: Failed password for root from 43.255.190.168 port 44878 ssh2
Apr 11 08:26:06 ovzhost sshd[1748]: pam_unix(sshd:auth): authentication failure; logname= uid=0 euid=0 tty=ssh ruser= rhost=43.255.190.89  user=root
Apr 11 08:26:08 ovzhost sshd[1748]: Failed password for root from 43.255.190.89 port 33247 ssh2
Apr 11 08:26:09 ovzhost sshd[1746]: message repeated 2 times: [ Failed password for root from 43.255.190.168 port 44878 ssh2]
Apr 11 08:26:09 ovzhost sshd[1746]: Received disconnect from 43.255.190.168: 11:  [preauth]
Apr 11 08:26:09 ovzhost sshd[1746]: PAM 2 more authentication failures; logname= uid=0 euid=0 tty=ssh ruser= rhost=43.255.190.168  user=root
Apr 11 08:26:10 ovzhost sshd[1750]: pam_unix(sshd:auth): authentication failure; logname= uid=0 euid=0 tty=ssh ruser= rhost=43.255.190.168  user=root
Apr 11 08:26:11 ovzhost sshd[1748]: message repeated 2 times: [ Failed password for root from 43.255.190.89 port 33247 ssh2]
Apr 11 08:26:11 ovzhost sshd[1748]: Received disconnect from 43.255.190.89: 11:  [preauth]
Apr 11 08:26:11 ovzhost sshd[1748]: PAM 2 more authentication failures; logname= uid=0 euid=0 tty=ssh ruser= rhost=43.255.190.89  user=root
Apr 11 08:26:12 ovzhost sshd[1750]: Failed password for root from 43.255.190.168 port 40961 ssh2
Apr 11 08:26:12 ovzhost sshd[1752]: pam_unix(sshd:auth): authentication failure; logname= uid=0 euid=0 tty=ssh ruser= rhost=43.255.190.89  user=root
Apr 11 08:26:14 ovzhost sshd[1752]: Failed password for root from 43.255.190.89 port 47004 ssh2
Apr 11 08:26:15 ovzhost sshd[1750]: message repeated 2 times: [ Failed password for root from 43.255.190.168 port 40961 ssh2]
Apr 11 08:26:15 ovzhost sshd[1750]: Received disconnect from 43.255.190.168: 11:  [preauth]
Apr 11 08:26:15 ovzhost sshd[1750]: PAM 2 more authentication failures; logname= uid=0 euid=0 tty=ssh ruser= rhost=43.255.190.168  user=root
Apr 11 08:26:16 ovzhost sshd[1754]: pam_unix(sshd:auth): authentication failure; logname= uid=0 euid=0 tty=ssh ruser= rhost=43.255.190.168  user=root
Apr 11 08:26:18 ovzhost sshd[1752]: message repeated 2 times: [ Failed password for root from 43.255.190.89 port 47004 ssh2]
Apr 11 08:26:18 ovzhost sshd[1752]: Received disconnect from 43.255.190.89: 11:  [preauth]
Apr 11 08:26:18 ovzhost sshd[1752]: PAM 2 more authentication failures; logname= uid=0 euid=0 tty=ssh ruser= rhost=43.255.190.89  user=root
Apr 11 08:26:18 ovzhost sshd[1754]: Failed password for root from 43.255.190.168 port 53883 ssh2
Apr 11 08:26:18 ovzhost sshd[1756]: pam_unix(sshd:auth): authentication failure; logname= uid=0 euid=0 tty=ssh ruser= rhost=43.255.190.89  user=root
Apr 11 08:26:20 ovzhost sshd[1756]: Failed password for root from 43.255.190.89 port 33705 ssh2
Apr 11 08:26:22 ovzhost sshd[1754]: message repeated 2 times: [ Failed password for root from 43.255.190.168 port 53883 ssh2]
Apr 11 08:26:22 ovzhost sshd[1754]: Received disconnect from 43.255.190.168: 11:  [preauth]
Apr 11 08:26:22 ovzhost sshd[1754]: PAM 2 more authentication failures; logname= uid=0 euid=0 tty=ssh ruser= rhost=43.255.190.168  user=root
Apr 11 08:26:23 ovzhost sshd[1758]: pam_unix(sshd:auth): authentication failure; logname= uid=0 euid=0 tty=ssh ruser= rhost=43.255.190.168  user=root
Apr 11 08:26:24 ovzhost sshd[1756]: message repeated 2 times: [ Failed password for root from 43.255.190.89 port 33705 ssh2]
Apr 11 08:26:24 ovzhost sshd[1756]: Received disconnect from 43.255.190.89: 11:  [preauth]
Apr 11 08:26:24 ovzhost sshd[1756]: PAM 2 more authentication failures; logname= uid=0 euid=0 tty=ssh ruser= rhost=43.255.190.89  user=root
Apr 11 08:26:24 ovzhost sshd[1758]: Failed password for root from 43.255.190.168 port 39311 ssh2
