Apr 11 07:56:08 ovzhost sshd[1062]: Received disconnect from 43.255.190.140: 11:  [preauth]
Apr 11 07:56:08 ovzhost sshd[1062]: PAM 2 more authentication failures; logname= uid=0 euid=0 tty=ssh ruser= rhost=43.255.190.140  user=root
Apr 11 07:56:08 ovzhost sshd[1064]: Failed password for root from 43.255.190.92 port 53654 ssh2
Apr 11 07:56:13 ovzhost sshd[1064]: message repeated 2 times: [ Failed password for root from 43.255.190.92 port 53654 ssh2]
Apr 11 07:56:13 ovzhost sshd[1064]: Received disconnect from 43.255.190.92: 11:  [preauth]
Apr 11 07:56:13 ovzhost sshd[1064]: PAM 2 more authentication failures; logname= uid=0 euid=0 tty=ssh ruser= rhost=43.255.190.92  user=root
Apr 11 07:56:15 ovzhost sshd[1070]: pam_unix(sshd:auth): authentication failure; logname= uid=0 euid=0 tty=ssh ruser= rhost=43.255.190.92  user=root
Apr 11 07:56:17 ovzhost sshd[1068]: pam_unix(sshd:auth): authentication failure; logname= uid=0 euid=0 tty=ssh ruser= rhost=43.255.190.140  user=root
Apr 11 07:56:17 ovzhost sshd[1070]: Failed password for root from 43.255.190.92 port 43144 ssh2
Apr 11 07:56:19 ovzhost sshd[1068]: Failed password for root from 43.255.190.140 port 41283 ssh2
Apr 11 07:56:22 ovzhost sshd[1070]: message repeated 2 times: [ Failed password for root from 43.255.190.92 port 43144 ssh2]
Apr 11 07:56:22 ovzhost sshd[1070]: Received disconnect from 43.255.190.92: 11:  [preauth]
Apr 11 07:56:22 ovzhost sshd[1070]: PAM 2 more authentication failures; logname= uid=0 euid=0 tty=ssh ruser= rhost=43.255.190.92  user=root
Apr 11 07:56:24 ovzhost sshd[1072]: pam_unix(sshd:auth): authentication failure; logname= uid=0 euid=0 tty=ssh ruser= rhost=43.255.190.92  user=root
Apr 11 07:56:24 ovzhost sshd[1068]: message repeated 2 times: [ Failed password for root from 43.255.190.140 port 41283 ssh2]
Apr 11 07:56:25 ovzhost sshd[1068]: Received disconnect from 43.255.190.140: 11:  [preauth]
Apr 11 07:56:25 ovzhost sshd[1068]: PAM 2 more authentication failures; logname= uid=0 euid=0 tty=ssh ruser= rhost=43.255.190.140  user=root
Apr 11 07:56:25 ovzhost sshd[1074]: pam_unix(sshd:auth): authentication failure; logname= uid=0 euid=0 tty=ssh ruser= rhost=43.255.190.140  user=root
Apr 11 07:56:27 ovzhost sshd[1072]: Failed password for root from 43.255.190.92 port 33452 ssh2
Apr 11 07:56:27 ovzhost sshd[1074]: Failed password for root from 43.255.190.140 port 51101 ssh2
Apr 11 07:56:31 ovzhost sshd[1072]: message repeated 2 times: [ Failed password for root from 43.255.190.92 port 33452 ssh2]
Apr 11 07:56:31 ovzhost sshd[1072]: Received disconnect from 43.255.190.92: 11:  [preauth]
Apr 11 07:56:31 ovzhost sshd[1072]: PAM 2 more authentication failures; logname= uid=0 euid=0 tty=ssh ruser= rhost=43.255.190.92  user=root
Apr 11 07:56:32 ovzhost sshd[1076]: pam_unix(sshd:auth): authentication failure; logname= uid=0 euid=0 tty=ssh ruser= rhost=43.255.190.92  user=root
Apr 11 07:56:32 ovzhost sshd[1074]: message repeated 2 times: [ Failed password for root from 43.255.190.140 port 51101 ssh2]
Apr 11 07:56:32 ovzhost sshd[1074]: Received disconnect from 43.255.190.140: 11:  [preauth]
Apr 11 07:56:32 ovzhost sshd[1074]: PAM 2 more authentication failures; logname= uid=0 euid=0 tty=ssh ruser= rhost=43.255.190.140  user=root
Apr 11 07:56:34 ovzhost sshd[1076]: Failed password for root from 43.255.190.92 port 52420 ssh2
Apr 11 07:56:36 ovzhost sshd[1078]: pam_unix(sshd:auth): authentication failure; logname= uid=0 euid=0 tty=ssh ruser= rhost=43.255.190.140  user=root
Apr 11 07:56:38 ovzhost sshd[1078]: Failed password for root from 43.255.190.140 port 42118 ssh2
Apr 11 07:56:39 ovzhost sshd[1076]: message repeated 2 times: [ Failed password for root from 43.255.190.92 port 52420 ssh2]
Apr 11 07:56:39 ovzhost sshd[1076]: Received disconnect from 43.255.190.92: 11:  [preauth]
Apr 11 07:56:39 ovzhost sshd[1076]: PAM 2 more authentication failures; logname= uid=0 euid=0 tty=ssh ruser= rhost=43.255.190.92  user=root
Apr 11 07:56:41 ovzhost sshd[1080]: pam_unix(sshd:auth): authentication failure; logname= uid=0 euid=0 tty=ssh ruser= rhost=43.255.190.92  user=root
Apr 11 07:56:42 ovzhost sshd[1078]: message repeated 2 times: [ Failed password for root from 43.255.190.140 port 42118 ssh2]
Apr 11 07:56:42 ovzhost sshd[1078]: Received disconnect from 43.255.190.140: 11:  [preauth]
Apr 11 07:56:42 ovzhost sshd[1078]: PAM 2 more authentication failures; logname= uid=0 euid=0 tty=ssh ruser= rhost=43.255.190.140  user=root
Apr 11 07:56:43 ovzhost sshd[1080]: Failed password for root from 43.255.190.92 port 42653 ssh2
Apr 11 07:56:44 ovzhost sshd[1084]: pam_unix(sshd:auth): authentication failure; logname= uid=0 euid=0 tty=ssh ruser= rhost=43.255.190.140  user=root
Apr 11 07:56:46 ovzhost sshd[1084]: Failed password for root from 43.255.190.140 port 37271 ssh2
Apr 11 07:56:47 ovzhost sshd[1080]: message repeated 2 times: [ Failed password for root from 43.255.190.92 port 42653 ssh2]
Apr 11 07:56:47 ovzhost sshd[1080]: Received disconnect from 43.255.190.92: 11:  [preauth]
Apr 11 07:56:47 ovzhost sshd[1080]: PAM 2 more authentication failures; logname= uid=0 euid=0 tty=ssh ruser= rhost=43.255.190.92  user=root
Apr 11 07:56:48 ovzhost sshd[1086]: pam_unix(sshd:auth): authentication failure; logname= uid=0 euid=0 tty=ssh ruser= rhost=43.255.190.92  user=root
Apr 11 07:56:50 ovzhost sshd[1084]: message repeated 2 times: [ Failed password for root from 43.255.190.140 port 37271 ssh2]
Apr 11 07:56:50 ovzhost sshd[1084]: Received disconnect from 43.255.190.140: 11:  [preauth]
Apr 11 07:56:50 ovzhost sshd[1084]: PAM 2 more authentication failures; logname= uid=0 euid=0 tty=ssh ruser= rhost=43.255.190.140  user=root
Apr 11 07:56:50 ovzhost sshd[1086]: Failed password for root from 43.255.190.92 port 59387 ssh2
Apr 11 07:56:54 ovzhost sshd[1086]: message repeated 2 times: [ Failed password for root from 43.255.190.92 port 59387 ssh2]
Apr 11 07:56:55 ovzhost sshd[1086]: Received disconnect from 43.255.190.92: 11:  [preauth]
Apr 11 07:56:55 ovzhost sshd[1086]: PAM 2 more authentication failures; logname= uid=0 euid=0 tty=ssh ruser= rhost=43.255.190.92  user=root
Apr 11 07:56:55 ovzhost sshd[1088]: pam_unix(sshd:auth): authentication failure; logname= uid=0 euid=0 tty=ssh ruser= rhost=43.255.190.140  user=root
Apr 11 07:56:57 ovzhost sshd[1088]: Failed password for root from 43.255.190.140 port 55788 ssh2
Apr 11 07:56:57 ovzhost sshd[1090]: pam_unix(sshd:auth): authentication failure; logname= uid=0 euid=0 tty=ssh ruser= rhost=43.255.190.92  user=root
Apr 11 07:57:00 ovzhost sshd[1090]: Failed password for root from 43.255.190.92 port 48022 ssh2
Apr 11 07:57:01 ovzhost sshd[1088]: message repeated 2 times: [ Failed password for root from 43.255.190.140 port 55788 ssh2]
Apr 11 07:57:01 ovzhost sshd[1088]: Received disconnect from 43.255.190.140: 11:  [preauth]
Apr 11 07:57:01 ovzhost sshd[1088]: PAM 2 more authentication failures; logname= uid=0 euid=0 tty=ssh ruser= rhost=43.255.190.140  user=root
Apr 11 07:57:02 ovzhost sshd[1092]: pam_unix(sshd:auth): authentication failure; logname= uid=0 euid=0 tty=ssh ruser= rhost=43.255.190.140  user=root
Apr 11 07:57:04 ovzhost sshd[1092]: Failed password for root from 43.255.190.140 port 54800 ssh2
Apr 11 07:57:04 ovzhost sshd[1090]: message repeated 2 times: [ Failed password for root from 43.255.190.92 port 48022 ssh2]
Apr 11 07:57:04 ovzhost sshd[1090]: Received disconnect from 43.255.190.92: 11:  [preauth]
Apr 11 07:57:04 ovzhost sshd[1090]: PAM 2 more authentication failures; logname= uid=0 euid=0 tty=ssh ruser= rhost=43.255.190.92  user=root
Apr 11 07:57:05 ovzhost sshd[1094]: pam_unix(sshd:auth): authentication failure; logname= uid=0 euid=0 tty=ssh ruser= rhost=43.255.190.92  user=root
Apr 11 07:57:07 ovzhost sshd[1094]: Failed password for root from 43.255.190.92 port 40925 ssh2
Apr 11 07:57:08 ovzhost sshd[1092]: message repeated 2 times: [ Failed password for root from 43.255.190.140 port 54800 ssh2]
Apr 11 07:57:08 ovzhost sshd[1092]: Received disconnect from 43.255.190.140: 11:  [preauth]
Apr 11 07:57:08 ovzhost sshd[1092]: PAM 2 more authentication failures; logname= uid=0 euid=0 tty=ssh ruser= rhost=43.255.190.140  user=root
Apr 11 07:57:11 ovzhost sshd[1094]: message repeated 2 times: [ Failed password for root from 43.255.190.92 port 40925 ssh2]
Apr 11 07:57:11 ovzhost sshd[1094]: Received disconnect from 43.255.190.92: 11:  [preauth]
Apr 11 07:57:11 ovzhost sshd[1094]: PAM 2 more authentication failures; logname= uid=0 euid=0 tty=ssh ruser= rhost=43.255.190.92  user=root
Apr 11 07:57:12 ovzhost sshd[1096]: pam_unix(sshd:auth): authentication failure; logname= uid=0 euid=0 tty=ssh ruser= rhost=43.255.190.140  user=root
Apr 11 07:57:13 ovzhost sshd[1099]: pam_unix(sshd:auth): authentication failure; logname= uid=0 euid=0 tty=ssh ruser= rhost=43.255.190.92  user=root
Apr 11 07:57:15 ovzhost sshd[1096]: Failed password for root from 43.255.190.140 port 42931 ssh2
Apr 11 07:57:15 ovzhost sshd[1099]: Failed password for root from 43.255.190.92 port 57650 ssh2
Apr 11 07:57:19 ovzhost sshd[1096]: message repeated 2 times: [ Failed password for root from 43.255.190.140 port 42931 ssh2]
Apr 11 07:57:20 ovzhost sshd[1096]: Received disconnect from 43.255.190.140: 11:  [preauth]
Apr 11 07:57:20 ovzhost sshd[1096]: PAM 2 more authentication failures; logname= uid=0 euid=0 tty=ssh ruser= rhost=43.255.190.140  user=root
Apr 11 07:57:20 ovzhost sshd[1099]: message repeated 2 times: [ Failed password for root from 43.255.190.92 port 57650 ssh2]
Apr 11 07:57:20 ovzhost sshd[1099]: Received disconnect from 43.255.190.92: 11:  [preauth]
Apr 11 07:57:20 ovzhost sshd[1099]: PAM 2 more authentication failures; logname= uid=0 euid=0 tty=ssh ruser= rhost=43.255.190.92  user=root
Apr 11 07:57:22 ovzhost sshd[1101]: pam_unix(sshd:auth): authentication failure; logname= uid=0 euid=0 tty=ssh ruser= rhost=43.255.190.140  user=root
Apr 11 07:57:24 ovzhost sshd[1101]: Failed password for root from 43.255.190.140 port 44510 ssh2
Apr 11 07:57:29 ovzhost sshd[1103]: pam_unix(sshd:auth): authentication failure; logname= uid=0 euid=0 tty=ssh ruser= rhost=43.255.190.92  user=root
Apr 11 07:57:30 ovzhost sshd[1101]: message repeated 2 times: [ Failed password for root from 43.255.190.140 port 44510 ssh2]
Apr 11 07:57:30 ovzhost sshd[1101]: Received disconnect from 43.255.190.140: 11:  [preauth]
Apr 11 07:57:30 ovzhost sshd[1101]: PAM 2 more authentication failures; logname= uid=0 euid=0 tty=ssh ruser= rhost=43.255.190.140  user=root
Apr 11 07:57:31 ovzhost sshd[1105]: pam_unix(sshd:auth): authentication failure; logname= uid=0 euid=0 tty=ssh ruser= rhost=43.255.190.140  user=root
Apr 11 07:57:31 ovzhost sshd[1103]: Failed password for root from 43.255.190.92 port 48535 ssh2
Apr 11 07:57:33 ovzhost sshd[1105]: Failed password for root from 43.255.190.140 port 42585 ssh2
Apr 11 07:57:35 ovzhost sshd[1103]: message repeated 2 times: [ Failed password for root from 43.255.190.92 port 48535 ssh2]
Apr 11 07:57:35 ovzhost sshd[1103]: Received disconnect from 43.255.190.92: 11:  [preauth]
Apr 11 07:57:35 ovzhost sshd[1103]: PAM 2 more authentication failures; logname= uid=0 euid=0 tty=ssh ruser= rhost=43.255.190.92  user=root
Apr 11 07:57:36 ovzhost sshd[1107]: pam_unix(sshd:auth): authentication failure; logname= uid=0 euid=0 tty=ssh ruser= rhost=43.255.190.92  user=root
Apr 11 07:57:37 ovzhost sshd[1105]: message repeated 2 times: [ Failed password for root from 43.255.190.140 port 42585 ssh2]
Apr 11 07:57:37 ovzhost sshd[1105]: Received disconnect from 43.255.190.140: 11:  [preauth]
Apr 11 07:57:37 ovzhost sshd[1105]: PAM 2 more authentication failures; logname= uid=0 euid=0 tty=ssh ruser= rhost=43.255.190.140  user=root
Apr 11 07:57:38 ovzhost sshd[1109]: pam_unix(sshd:auth): authentication failure; logname= uid=0 euid=0 tty=ssh ruser= rhost=43.255.190.140  user=root
Apr 11 07:57:38 ovzhost sshd[1107]: Failed password for root from 43.255.190.92 port 54415 ssh2
Apr 11 07:57:40 ovzhost sshd[1109]: Failed password for root from 43.255.190.140 port 33616 ssh2
Apr 11 07:57:43 ovzhost sshd[1107]: message repeated 2 times: [ Failed password for root from 43.255.190.92 port 54415 ssh2]
Apr 11 07:57:43 ovzhost sshd[1107]: Received disconnect from 43.255.190.92: 11:  [preauth]
Apr 11 07:57:43 ovzhost sshd[1107]: PAM 2 more authentication failures; logname= uid=0 euid=0 tty=ssh ruser= rhost=43.255.190.92  user=root
Apr 11 07:57:44 ovzhost sshd[1112]: pam_unix(sshd:auth): authentication failure; logname= uid=0 euid=0 tty=ssh ruser= rhost=43.255.190.92  user=root
Apr 11 07:57:44 ovzhost sshd[1109]: message repeated 2 times: [ Failed password for root from 43.255.190.140 port 33616 ssh2]
Apr 11 07:57:44 ovzhost sshd[1109]: Received disconnect from 43.255.190.140: 11:  [preauth]
Apr 11 07:57:44 ovzhost sshd[1109]: PAM 2 more authentication failures; logname= uid=0 euid=0 tty=ssh ruser= rhost=43.255.190.140  user=root
Apr 11 07:57:45 ovzhost sshd[1114]: pam_unix(sshd:auth): authentication failure; logname= uid=0 euid=0 tty=ssh ruser= rhost=43.255.190.140  user=root
Apr 11 07:57:45 ovzhost sshd[1112]: Failed password for root from 43.255.190.92 port 48638 ssh2
Apr 11 07:57:47 ovzhost sshd[1114]: Failed password for root from 43.255.190.140 port 52942 ssh2
Apr 11 07:57:51 ovzhost sshd[1112]: message repeated 2 times: [ Failed password for root from 43.255.190.92 port 48638 ssh2]
Apr 11 07:57:51 ovzhost sshd[1112]: Received disconnect from 43.255.190.92: 11:  [preauth]
Apr 11 07:57:51 ovzhost sshd[1112]: PAM 2 more authentication failures; logname= uid=0 euid=0 tty=ssh ruser= rhost=43.255.190.92  user=root
Apr 11 07:57:51 ovzhost sshd[1114]: message repeated 2 times: [ Failed password for root from 43.255.190.140 port 52942 ssh2]
Apr 11 07:57:52 ovzhost sshd[1114]: Received disconnect from 43.255.190.140: 11:  [preauth]
Apr 11 07:57:52 ovzhost sshd[1114]: PAM 2 more authentication failures; logname= uid=0 euid=0 tty=ssh ruser= rhost=43.255.190.140  user=root
Apr 11 07:57:53 ovzhost sshd[1116]: pam_unix(sshd:auth): authentication failure; logname= uid=0 euid=0 tty=ssh ruser= rhost=43.255.190.92  user=root
Apr 11 07:57:54 ovzhost sshd[1118]: pam_unix(sshd:auth): authentication failure; logname= uid=0 euid=0 tty=ssh ruser= rhost=43.255.190.140  user=root
Apr 11 07:57:55 ovzhost sshd[1116]: Failed password for root from 43.255.190.92 port 41889 ssh2
Apr 11 07:57:56 ovzhost sshd[1118]: Failed password for root from 43.255.190.140 port 45058 ssh2
Apr 11 07:57:59 ovzhost sshd[1116]: message repeated 2 times: [ Failed password for root from 43.255.190.92 port 41889 ssh2]
Apr 11 07:57:59 ovzhost sshd[1116]: Received disconnect from 43.255.190.92: 11:  [preauth]
Apr 11 07:57:59 ovzhost sshd[1116]: PAM 2 more authentication failures; logname= uid=0 euid=0 tty=ssh ruser= rhost=43.255.190.92  user=root
Apr 11 07:58:00 ovzhost sshd[1118]: message repeated 2 times: [ Failed password for root from 43.255.190.140 port 45058 ssh2]
Apr 11 07:58:00 ovzhost sshd[1118]: Received disconnect from 43.255.190.140: 11:  [preauth]
Apr 11 07:58:00 ovzhost sshd[1118]: PAM 2 more authentication failures; logname= uid=0 euid=0 tty=ssh ruser= rhost=43.255.190.140  user=root
Apr 11 07:58:00 ovzhost sshd[1120]: pam_unix(sshd:auth): authentication failure; logname= uid=0 euid=0 tty=ssh ruser= rhost=43.255.190.92  user=root
Apr 11 07:58:00 ovzhost sshd[1122]: pam_unix(sshd:auth): authentication failure; logname= uid=0 euid=0 tty=ssh ruser= rhost=43.255.190.140  user=root
Apr 11 07:58:02 ovzhost sshd[1120]: Failed password for root from 43.255.190.92 port 33611 ssh2
Apr 11 07:58:03 ovzhost sshd[1122]: Failed password for root from 43.255.190.140 port 39539 ssh2
Apr 11 07:58:06 ovzhost sshd[1120]: message repeated 2 times: [ Failed password for root from 43.255.190.92 port 33611 ssh2]
Apr 11 07:58:06 ovzhost sshd[1120]: Received disconnect from 43.255.190.92: 11:  [preauth]
Apr 11 07:58:06 ovzhost sshd[1120]: PAM 2 more authentication failures; logname= uid=0 euid=0 tty=ssh ruser= rhost=43.255.190.92  user=root
Apr 11 07:58:07 ovzhost sshd[1122]: message repeated 2 times: [ Failed password for root from 43.255.190.140 port 39539 ssh2]
Apr 11 07:58:07 ovzhost sshd[1122]: Received disconnect from 43.255.190.140: 11:  [preauth]
Apr 11 07:58:07 ovzhost sshd[1122]: PAM 2 more authentication failures; logname= uid=0 euid=0 tty=ssh ruser= rhost=43.255.190.140  user=root
Apr 11 07:58:07 ovzhost sshd[1124]: pam_unix(sshd:auth): authentication failure; logname= uid=0 euid=0 tty=ssh ruser= rhost=43.255.190.92  user=root
Apr 11 07:58:07 ovzhost sshd[1126]: pam_unix(sshd:auth): authentication failure; logname= uid=0 euid=0 tty=ssh ruser= rhost=43.255.190.140  user=root
Apr 11 07:58:10 ovzhost sshd[1124]: Failed password for root from 43.255.190.92 port 51590 ssh2
Apr 11 07:58:10 ovzhost sshd[1126]: Failed password for root from 43.255.190.140 port 59794 ssh2
Apr 11 07:58:14 ovzhost sshd[1124]: message repeated 2 times: [ Failed password for root from 43.255.190.92 port 51590 ssh2]
Apr 11 07:58:14 ovzhost sshd[1124]: Received disconnect from 43.255.190.92: 11:  [preauth]
Apr 11 07:58:14 ovzhost sshd[1124]: PAM 2 more authentication failures; logname= uid=0 euid=0 tty=ssh ruser= rhost=43.255.190.92  user=root
Apr 11 07:58:14 ovzhost sshd[1126]: message repeated 2 times: [ Failed password for root from 43.255.190.140 port 59794 ssh2]
Apr 11 07:58:16 ovzhost sshd[1126]: Received disconnect from 43.255.190.140: 11:  [preauth]
Apr 11 07:58:16 ovzhost sshd[1126]: PAM 2 more authentication failures; logname= uid=0 euid=0 tty=ssh ruser= rhost=43.255.190.140  user=root
Apr 11 07:58:16 ovzhost sshd[1129]: pam_unix(sshd:auth): authentication failure; logname= uid=0 euid=0 tty=ssh ruser= rhost=43.255.190.92  user=root
Apr 11 07:58:18 ovzhost sshd[1131]: pam_unix(sshd:auth): authentication failure; logname= uid=0 euid=0 tty=ssh ruser= rhost=43.255.190.140  user=root
Apr 11 07:58:18 ovzhost sshd[1129]: Failed password for root from 43.255.190.92 port 41517 ssh2
Apr 11 07:58:20 ovzhost sshd[1131]: Failed password for root from 43.255.190.140 port 58210 ssh2
Apr 11 07:58:24 ovzhost sshd[1129]: message repeated 2 times: [ Failed password for root from 43.255.190.92 port 41517 ssh2]
Apr 11 07:58:24 ovzhost sshd[1129]: Received disconnect from 43.255.190.92: 11:  [preauth]
Apr 11 07:58:24 ovzhost sshd[1129]: PAM 2 more authentication failures; logname= uid=0 euid=0 tty=ssh ruser= rhost=43.255.190.92  user=root
Apr 11 07:58:24 ovzhost sshd[1131]: message repeated 2 times: [ Failed password for root from 43.255.190.140 port 58210 ssh2]
Apr 11 07:58:24 ovzhost sshd[1131]: Received disconnect from 43.255.190.140: 11:  [preauth]
Apr 11 07:58:24 ovzhost sshd[1131]: PAM 2 more authentication failures; logname= uid=0 euid=0 tty=ssh ruser= rhost=43.255.190.140  user=root
Apr 11 07:58:24 ovzhost sshd[1133]: pam_unix(sshd:auth): authentication failure; logname= uid=0 euid=0 tty=ssh ruser= rhost=43.255.190.92  user=root
Apr 11 07:58:24 ovzhost sshd[1135]: pam_unix(sshd:auth): authentication failure; logname= uid=0 euid=0 tty=ssh ruser= rhost=43.255.190.140  user=root
Apr 11 07:58:26 ovzhost sshd[1133]: Failed password for root from 43.255.190.92 port 35276 ssh2
Apr 11 07:58:26 ovzhost sshd[1135]: Failed password for root from 43.255.190.140 port 52494 ssh2
Apr 11 07:58:30 ovzhost sshd[1133]: message repeated 2 times: [ Failed password for root from 43.255.190.92 port 35276 ssh2]
Apr 11 07:58:30 ovzhost sshd[1133]: Received disconnect from 43.255.190.92: 11:  [preauth]
Apr 11 07:58:30 ovzhost sshd[1133]: PAM 2 more authentication failures; logname= uid=0 euid=0 tty=ssh ruser= rhost=43.255.190.92  user=root
Apr 11 07:58:30 ovzhost sshd[1135]: message repeated 2 times: [ Failed password for root from 43.255.190.140 port 52494 ssh2]
Apr 11 07:58:30 ovzhost sshd[1135]: Received disconnect from 43.255.190.140: 11:  [preauth]
Apr 11 07:58:30 ovzhost sshd[1135]: PAM 2 more authentication failures; logname= uid=0 euid=0 tty=ssh ruser= rhost=43.255.190.140  user=root
Apr 11 07:58:31 ovzhost sshd[1139]: pam_unix(sshd:auth): authentication failure; logname= uid=0 euid=0 tty=ssh ruser= rhost=43.255.190.92  user=root
Apr 11 07:58:31 ovzhost sshd[1141]: pam_unix(sshd:auth): authentication failure; logname= uid=0 euid=0 tty=ssh ruser= rhost=43.255.190.140  user=root
Apr 11 07:58:34 ovzhost sshd[1139]: Failed password for root from 43.255.190.92 port 51595 ssh2
Apr 11 07:58:34 ovzhost sshd[1141]: Failed password for root from 43.255.190.140 port 43764 ssh2
Apr 11 07:58:38 ovzhost sshd[1139]: message repeated 2 times: [ Failed password for root from 43.255.190.92 port 51595 ssh2]
Apr 11 07:58:38 ovzhost sshd[1139]: Received disconnect from 43.255.190.92: 11:  [preauth]
Apr 11 07:58:38 ovzhost sshd[1139]: PAM 2 more authentication failures; logname= uid=0 euid=0 tty=ssh ruser= rhost=43.255.190.92  user=root
Apr 11 07:58:38 ovzhost sshd[1141]: message repeated 2 times: [ Failed password for root from 43.255.190.140 port 43764 ssh2]
Apr 11 07:58:38 ovzhost sshd[1141]: Received disconnect from 43.255.190.140: 11:  [preauth]
Apr 11 07:58:38 ovzhost sshd[1141]: PAM 2 more authentication failures; logname= uid=0 euid=0 tty=ssh ruser= rhost=43.255.190.140  user=root
Apr 11 07:58:38 ovzhost sshd[1146]: Connection closed by 127.0.0.1 [preauth]
Apr 11 07:58:38 ovzhost sshd[1143]: pam_unix(sshd:auth): authentication failure; logname= uid=0 euid=0 tty=ssh ruser= rhost=43.255.190.92  user=root
Apr 11 07:58:38 ovzhost sshd[1148]: pam_unix(sshd:auth): authentication failure; logname= uid=0 euid=0 tty=ssh ruser= rhost=43.255.190.140  user=root
Apr 11 07:58:41 ovzhost sshd[1143]: Failed password for root from 43.255.190.92 port 39175 ssh2
Apr 11 07:58:41 ovzhost sshd[1148]: Failed password for root from 43.255.190.140 port 36184 ssh2
Apr 11 07:58:45 ovzhost sshd[1148]: message repeated 2 times: [ Failed password for root from 43.255.190.140 port 36184 ssh2]
Apr 11 07:58:45 ovzhost sshd[1148]: Received disconnect from 43.255.190.140: 11:  [preauth]
Apr 11 07:58:45 ovzhost sshd[1148]: PAM 2 more authentication failures; logname= uid=0 euid=0 tty=ssh ruser= rhost=43.255.190.140  user=root
Apr 11 07:58:45 ovzhost sshd[1143]: message repeated 2 times: [ Failed password for root from 43.255.190.92 port 39175 ssh2]
Apr 11 07:58:45 ovzhost sshd[1143]: Received disconnect from 43.255.190.92: 11:  [preauth]
Apr 11 07:58:45 ovzhost sshd[1143]: PAM 2 more authentication failures; logname= uid=0 euid=0 tty=ssh ruser= rhost=43.255.190.92  user=root
Apr 11 07:58:46 ovzhost sshd[1154]: pam_unix(sshd:auth): authentication failure; logname= uid=0 euid=0 tty=ssh ruser= rhost=43.255.190.140  user=root
Apr 11 07:58:46 ovzhost sshd[1156]: pam_unix(sshd:auth): authentication failure; logname= uid=0 euid=0 tty=ssh ruser= rhost=43.255.190.92  user=root
Apr 11 07:58:48 ovzhost sshd[1154]: Failed password for root from 43.255.190.140 port 57712 ssh2
Apr 11 07:58:48 ovzhost sshd[1156]: Failed password for root from 43.255.190.92 port 56404 ssh2
Apr 11 07:58:52 ovzhost sshd[1154]: message repeated 2 times: [ Failed password for root from 43.255.190.140 port 57712 ssh2]
Apr 11 07:58:52 ovzhost sshd[1154]: Received disconnect from 43.255.190.140: 11:  [preauth]
Apr 11 07:58:52 ovzhost sshd[1154]: PAM 2 more authentication failures; logname= uid=0 euid=0 tty=ssh ruser= rhost=43.255.190.140  user=root
Apr 11 07:58:52 ovzhost sshd[1156]: message repeated 2 times: [ Failed password for root from 43.255.190.92 port 56404 ssh2]
Apr 11 07:58:53 ovzhost sshd[1156]: Received disconnect from 43.255.190.92: 11:  [preauth]
Apr 11 07:58:53 ovzhost sshd[1156]: PAM 2 more authentication failures; logname= uid=0 euid=0 tty=ssh ruser= rhost=43.255.190.92  user=root
Apr 11 07:58:53 ovzhost sshd[1158]: pam_unix(sshd:auth): authentication failure; logname= uid=0 euid=0 tty=ssh ruser= rhost=43.255.190.140  user=root
Apr 11 07:58:53 ovzhost sshd[1160]: pam_unix(sshd:auth): authentication failure; logname= uid=0 euid=0 tty=ssh ruser= rhost=43.255.190.92  user=root
Apr 11 07:58:54 ovzhost sshd[1158]: Failed password for root from 43.255.190.140 port 49831 ssh2
Apr 11 07:58:55 ovzhost sshd[1160]: Failed password for root from 43.255.190.92 port 44495 ssh2
Apr 11 07:58:59 ovzhost sshd[1160]: message repeated 2 times: [ Failed password for root from 43.255.190.92 port 44495 ssh2]
Apr 11 07:58:59 ovzhost sshd[1160]: Received disconnect from 43.255.190.92: 11:  [preauth]
Apr 11 07:58:59 ovzhost sshd[1160]: PAM 2 more authentication failures; logname= uid=0 euid=0 tty=ssh ruser= rhost=43.255.190.92  user=root
Apr 11 07:58:59 ovzhost sshd[1158]: message repeated 2 times: [ Failed password for root from 43.255.190.140 port 49831 ssh2]
Apr 11 07:58:59 ovzhost sshd[1158]: Received disconnect from 43.255.190.140: 11:  [preauth]
Apr 11 07:58:59 ovzhost sshd[1158]: PAM 2 more authentication failures; logname= uid=0 euid=0 tty=ssh ruser= rhost=43.255.190.140  user=root
Apr 11 07:59:54 ovzhost sshd[1165]: pam_unix(sshd:auth): authentication failure; logname= uid=0 euid=0 tty=ssh ruser= rhost=61.160.222.76  user=root
Apr 11 07:59:56 ovzhost sshd[1165]: Failed password for root from 61.160.222.76 port 40583 ssh2
Apr 11 08:00:01 ovzhost CRON[1167]: pam_env(cron:session): Unable to open env file: /etc/default/locale: No such file or directory
Apr 11 08:00:01 ovzhost CRON[1167]: pam_unix(cron:session): session opened for user smmsp by (uid=0)
Apr 11 08:00:01 ovzhost CRON[1167]: pam_unix(cron:session): session closed for user smmsp
Apr 11 08:00:01 ovzhost sshd[1165]: message repeated 2 times: [ Failed password for root from 61.160.222.76 port 40583 ssh2]
Apr 11 08:00:02 ovzhost sshd[1165]: Received disconnect from 61.160.222.76: 11:  [preauth]
Apr 11 08:00:02 ovzhost sshd[1165]: PAM 2 more authentication failures; logname= uid=0 euid=0 tty=ssh ruser= rhost=61.160.222.76  user=root
Apr 11 08:00:08 ovzhost sshd[1194]: pam_unix(sshd:auth): authentication failure; logname= uid=0 euid=0 tty=ssh ruser= rhost=61.160.222.76  user=root
Apr 11 08:00:10 ovzhost sshd[1194]: Failed password for root from 61.160.222.76 port 45775 ssh2
Apr 11 08:00:17 ovzhost sshd[1194]: message repeated 2 times: [ Failed password for root from 61.160.222.76 port 45775 ssh2]
Apr 11 08:00:17 ovzhost sshd[1194]: Received disconnect from 61.160.222.76: 11:  [preauth]
Apr 11 08:00:17 ovzhost sshd[1194]: PAM 2 more authentication failures; logname= uid=0 euid=0 tty=ssh ruser= rhost=61.160.222.76  user=root
Apr 11 08:00:22 ovzhost sshd[1197]: pam_unix(sshd:auth): authentication failure; logname= uid=0 euid=0 tty=ssh ruser= rhost=61.160.222.76  user=root
Apr 11 08:00:23 ovzhost sshd[1197]: Failed password for root from 61.160.222.76 port 54912 ssh2
Apr 11 08:00:36 ovzhost sshd[1197]: message repeated 2 times: [ Failed password for root from 61.160.222.76 port 54912 ssh2]
Apr 11 08:00:36 ovzhost sshd[1197]: Received disconnect from 61.160.222.76: 11:  [preauth]
Apr 11 08:00:36 ovzhost sshd[1197]: PAM 2 more authentication failures; logname= uid=0 euid=0 tty=ssh ruser= rhost=61.160.222.76  user=root
Apr 11 08:00:45 ovzhost sshd[1204]: Connection closed by 128.8.37.120 [preauth]
Apr 11 08:00:58 ovzhost sshd[1206]: pam_unix(sshd:auth): authentication failure; logname= uid=0 euid=0 tty=ssh ruser= rhost=61.160.222.76  user=root
Apr 11 08:00:59 ovzhost sshd[1201]: Received disconnect from 61.160.222.76: 11:  [preauth]
Apr 11 08:00:59 ovzhost sshd[1206]: Failed password for root from 61.160.222.76 port 51292 ssh2
Apr 11 08:01:04 ovzhost sshd[1206]: message repeated 2 times: [ Failed password for root from 61.160.222.76 port 51292 ssh2]
Apr 11 08:01:04 ovzhost sshd[1206]: Received disconnect from 61.160.222.76: 11:  [preauth]
Apr 11 08:01:04 ovzhost sshd[1206]: PAM 2 more authentication failures; logname= uid=0 euid=0 tty=ssh ruser= rhost=61.160.222.76  user=root
Apr 11 08:01:19 ovzhost sshd[1208]: Connection closed by 61.160.222.76 [preauth]
Apr 11 08:01:35 ovzhost sshd[1212]: Received disconnect from 61.160.222.76: 11:  [preauth]
Apr 11 08:02:14 ovzhost sshd[1217]: reverse mapping checking getaddrinfo for 153-127-166-207-ptr.centennialpr.net [207.166.127.153] failed - POSSIBLE BREAK-IN ATTEMPT!
Apr 11 08:02:14 ovzhost sshd[1217]: Invalid user user from 207.166.127.153
Apr 11 08:02:14 ovzhost sshd[1217]: input_userauth_request: invalid user user [preauth]
Apr 11 08:02:14 ovzhost sshd[1217]: pam_unix(sshd:auth): check pass; user unknown
Apr 11 08:02:14 ovzhost sshd[1217]: pam_unix(sshd:auth): authentication failure; logname= uid=0 euid=0 tty=ssh ruser= rhost=207.166.127.153 
Apr 11 08:02:16 ovzhost sshd[1217]: Failed password for invalid user user from 207.166.127.153 port 44017 ssh2
Apr 11 08:02:16 ovzhost sshd[1217]: Connection closed by 207.166.127.153 [preauth]
Apr 11 08:03:38 ovzhost sshd[1223]: Connection closed by 127.0.0.1 [preauth]
Apr 11 08:08:38 ovzhost sshd[1243]: Connection closed by 127.0.0.1 [preauth]
Apr 11 08:09:01 ovzhost CRON[1249]: pam_env(cron:session): Unable to open env file: /etc/default/locale: No such file or directory
Apr 11 08:09:01 ovzhost CRON[1250]: pam_env(cron:session): Unable to open env file: /etc/default/locale: No such file or directory
Apr 11 08:09:01 ovzhost CRON[1249]: pam_unix(cron:session): session opened for user root by (uid=0)
Apr 11 08:09:01 ovzhost CRON[1250]: pam_unix(cron:session): session opened for user root by (uid=0)
Apr 11 08:09:01 ovzhost CRON[1249]: pam_unix(cron:session): session closed for user root
Apr 11 08:09:01 ovzhost CRON[1250]: pam_unix(cron:session): session closed for user root
Apr 11 08:10:45 ovzhost sshd[1271]: Connection closed by 128.8.37.120 [preauth]
Apr 11 08:11:45 ovzhost sshd[1275]: pam_unix(sshd:auth): authentication failure; logname= uid=0 euid=0 tty=ssh ruser= rhost=43.255.190.89  user=root
Apr 11 08:11:46 ovzhost sshd[1275]: Failed password for root from 43.255.190.89 port 39357 ssh2
Apr 11 08:11:52 ovzhost sshd[1275]: message repeated 2 times: [ Failed password for root from 43.255.190.89 port 39357 ssh2]
Apr 11 08:11:52 ovzhost sshd[1275]: Received disconnect from 43.255.190.89: 11:  [preauth]
Apr 11 08:11:52 ovzhost sshd[1275]: PAM 2 more authentication failures; logname= uid=0 euid=0 tty=ssh ruser= rhost=43.255.190.89  user=root
Apr 11 08:11:54 ovzhost sshd[1279]: pam_unix(sshd:auth): authentication failure; logname= uid=0 euid=0 tty=ssh ruser= rhost=43.255.190.89  user=root
Apr 11 08:11:56 ovzhost sshd[1279]: Failed password for root from 43.255.190.89 port 60209 ssh2
Apr 11 08:12:00 ovzhost sshd[1279]: message repeated 2 times: [ Failed password for root from 43.255.190.89 port 60209 ssh2]
Apr 11 08:12:00 ovzhost sshd[1279]: Received disconnect from 43.255.190.89: 11:  [preauth]
Apr 11 08:12:00 ovzhost sshd[1279]: PAM 2 more authentication failures; logname= uid=0 euid=0 tty=ssh ruser= rhost=43.255.190.89  user=root
Apr 11 08:12:02 ovzhost sshd[1281]: pam_unix(sshd:auth): authentication failure; logname= uid=0 euid=0 tty=ssh ruser= rhost=43.255.190.89  user=root
Apr 11 08:12:04 ovzhost sshd[1281]: Failed password for root from 43.255.190.89 port 50564 ssh2
Apr 11 08:12:08 ovzhost sshd[1281]: message repeated 2 times: [ Failed password for root from 43.255.190.89 port 50564 ssh2]
Apr 11 08:12:08 ovzhost sshd[1281]: Received disconnect from 43.255.190.89: 11:  [preauth]
Apr 11 08:12:08 ovzhost sshd[1281]: PAM 2 more authentication failures; logname= uid=0 euid=0 tty=ssh ruser= rhost=43.255.190.89  user=root
Apr 11 08:12:10 ovzhost sshd[1283]: pam_unix(sshd:auth): authentication failure; logname= uid=0 euid=0 tty=ssh ruser= rhost=43.255.190.89  user=root
Apr 11 08:12:12 ovzhost sshd[1283]: Failed password for root from 43.255.190.89 port 39323 ssh2
Apr 11 08:12:18 ovzhost sshd[1283]: message repeated 2 times: [ Failed password for root from 43.255.190.89 port 39323 ssh2]
Apr 11 08:12:18 ovzhost sshd[1283]: Received disconnect from 43.255.190.89: 11:  [preauth]
Apr 11 08:12:18 ovzhost sshd[1283]: PAM 2 more authentication failures; logname= uid=0 euid=0 tty=ssh ruser= rhost=43.255.190.89  user=root
Apr 11 08:12:19 ovzhost sshd[1286]: pam_unix(sshd:auth): authentication failure; logname= uid=0 euid=0 tty=ssh ruser= rhost=43.255.190.89  user=root
Apr 11 08:12:21 ovzhost sshd[1286]: Failed password for root from 43.255.190.89 port 59090 ssh2
Apr 11 08:12:25 ovzhost sshd[1286]: message repeated 2 times: [ Failed password for root from 43.255.190.89 port 59090 ssh2]
Apr 11 08:12:26 ovzhost sshd[1286]: Received disconnect from 43.255.190.89: 11:  [preauth]
Apr 11 08:12:26 ovzhost sshd[1286]: PAM 2 more authentication failures; logname= uid=0 euid=0 tty=ssh ruser= rhost=43.255.190.89  user=root
Apr 11 08:12:27 ovzhost sshd[1288]: pam_unix(sshd:auth): authentication failure; logname= uid=0 euid=0 tty=ssh ruser= rhost=43.255.190.89  user=root
Apr 11 08:12:29 ovzhost sshd[1288]: Failed password for root from 43.255.190.89 port 48324 ssh2
Apr 11 08:12:33 ovzhost sshd[1288]: message repeated 2 times: [ Failed password for root from 43.255.190.89 port 48324 ssh2]
Apr 11 08:12:33 ovzhost sshd[1288]: Received disconnect from 43.255.190.89: 11:  [preauth]
Apr 11 08:12:33 ovzhost sshd[1288]: PAM 2 more authentication failures; logname= uid=0 euid=0 tty=ssh ruser= rhost=43.255.190.89  user=root
Apr 11 08:12:37 ovzhost sshd[1290]: pam_unix(sshd:auth): authentication failure; logname= uid=0 euid=0 tty=ssh ruser= rhost=43.255.190.89  user=root
Apr 11 08:12:39 ovzhost sshd[1290]: Failed password for root from 43.255.190.89 port 37410 ssh2
Apr 11 08:12:44 ovzhost sshd[1290]: message repeated 2 times: [ Failed password for root from 43.255.190.89 port 37410 ssh2]
Apr 11 08:12:44 ovzhost sshd[1290]: Received disconnect from 43.255.190.89: 11:  [preauth]
Apr 11 08:12:44 ovzhost sshd[1290]: PAM 2 more authentication failures; logname= uid=0 euid=0 tty=ssh ruser= rhost=43.255.190.89  user=root
Apr 11 08:12:44 ovzhost sshd[1292]: pam_unix(sshd:auth): authentication failure; logname= uid=0 euid=0 tty=ssh ruser= rhost=43.255.190.89  user=root
Apr 11 08:12:46 ovzhost sshd[1292]: Failed password for root from 43.255.190.89 port 60513 ssh2
Apr 11 08:12:51 ovzhost sshd[1292]: message repeated 2 times: [ Failed password for root from 43.255.190.89 port 60513 ssh2]
Apr 11 08:12:51 ovzhost sshd[1292]: Received disconnect from 43.255.190.89: 11:  [preauth]
Apr 11 08:12:51 ovzhost sshd[1292]: PAM 2 more authentication failures; logname= uid=0 euid=0 tty=ssh ruser= rhost=43.255.190.89  user=root
Apr 11 08:12:52 ovzhost sshd[1294]: pam_unix(sshd:auth): authentication failure; logname= uid=0 euid=0 tty=ssh ruser= rhost=43.255.190.89  user=root
Apr 11 08:12:54 ovzhost sshd[1294]: Failed password for root from 43.255.190.89 port 46584 ssh2
Apr 11 08:12:56 ovzhost sshd[1294]: Failed password for root from 43.255.190.89 port 46584 ssh2
Apr 11 08:13:04 ovzhost sshd[1294]: Received disconnect from 43.255.190.89: 11:  [preauth]
Apr 11 08:13:04 ovzhost sshd[1294]: PAM 1 more authentication failure; logname= uid=0 euid=0 tty=ssh ruser= rhost=43.255.190.89  user=root
Apr 11 08:13:06 ovzhost sshd[1296]: pam_unix(sshd:auth): authentication failure; logname= uid=0 euid=0 tty=ssh ruser= rhost=43.255.190.89  user=root
Apr 11 08:13:08 ovzhost sshd[1296]: Failed password for root from 43.255.190.89 port 48886 ssh2
Apr 11 08:13:12 ovzhost sshd[1296]: message repeated 2 times: [ Failed password for root from 43.255.190.89 port 48886 ssh2]
Apr 11 08:13:13 ovzhost sshd[1296]: Received disconnect from 43.255.190.89: 11:  [preauth]
Apr 11 08:13:13 ovzhost sshd[1296]: PAM 2 more authentication failures; logname= uid=0 euid=0 tty=ssh ruser= rhost=43.255.190.89  user=root
Apr 11 08:13:14 ovzhost sshd[1299]: pam_unix(sshd:auth): authentication failure; logname= uid=0 euid=0 tty=ssh ruser= rhost=43.255.190.89  user=root
Apr 11 08:13:16 ovzhost sshd[1299]: Failed password for root from 43.255.190.89 port 39222 ssh2
Apr 11 08:13:20 ovzhost sshd[1299]: message repeated 2 times: [ Failed password for root from 43.255.190.89 port 39222 ssh2]
Apr 11 08:13:20 ovzhost sshd[1299]: Received disconnect from 43.255.190.89: 11:  [preauth]
Apr 11 08:13:20 ovzhost sshd[1299]: PAM 2 more authentication failures; logname= uid=0 euid=0 tty=ssh ruser= rhost=43.255.190.89  user=root
Apr 11 08:13:20 ovzhost sshd[1301]: pam_unix(sshd:auth): authentication failure; logname= uid=0 euid=0 tty=ssh ruser= rhost=43.255.190.89  user=root
Apr 11 08:13:23 ovzhost sshd[1301]: Failed password for root from 43.255.190.89 port 54662 ssh2
Apr 11 08:13:27 ovzhost sshd[1301]: message repeated 2 times: [ Failed password for root from 43.255.190.89 port 54662 ssh2]
Apr 11 08:13:27 ovzhost sshd[1301]: Received disconnect from 43.255.190.89: 11:  [preauth]
Apr 11 08:13:27 ovzhost sshd[1301]: PAM 2 more authentication failures; logname= uid=0 euid=0 tty=ssh ruser= rhost=43.255.190.89  user=root
Apr 11 08:13:29 ovzhost sshd[1303]: pam_unix(sshd:auth): authentication failure; logname= uid=0 euid=0 tty=ssh ruser= rhost=43.255.190.89  user=root
Apr 11 08:13:30 ovzhost sshd[1303]: Failed password for root from 43.255.190.89 port 42232 ssh2
Apr 11 08:13:34 ovzhost sshd[1303]: message repeated 2 times: [ Failed password for root from 43.255.190.89 port 42232 ssh2]
Apr 11 08:13:35 ovzhost sshd[1303]: Received disconnect from 43.255.190.89: 11:  [preauth]
Apr 11 08:13:35 ovzhost sshd[1303]: PAM 2 more authentication failures; logname= uid=0 euid=0 tty=ssh ruser= rhost=43.255.190.89  user=root
Apr 11 08:13:35 ovzhost sshd[1305]: pam_unix(sshd:auth): authentication failure; logname= uid=0 euid=0 tty=ssh ruser= rhost=43.255.190.89  user=root
Apr 11 08:13:37 ovzhost sshd[1305]: Failed password for root from 43.255.190.89 port 58900 ssh2
Apr 11 08:13:38 ovzhost sshd[1310]: Connection closed by 127.0.0.1 [preauth]
Apr 11 08:13:41 ovzhost sshd[1305]: message repeated 2 times: [ Failed password for root from 43.255.190.89 port 58900 ssh2]
Apr 11 08:13:41 ovzhost sshd[1305]: Received disconnect from 43.255.190.89: 11:  [preauth]
Apr 11 08:13:41 ovzhost sshd[1305]: PAM 2 more authentication failures; logname= uid=0 euid=0 tty=ssh ruser= rhost=43.255.190.89  user=root
Apr 11 08:13:44 ovzhost sshd[1312]: pam_unix(sshd:auth): authentication failure; logname= uid=0 euid=0 tty=ssh ruser= rhost=43.255.190.89  user=root
Apr 11 08:13:46 ovzhost sshd[1312]: Failed password for root from 43.255.190.89 port 46101 ssh2
Apr 11 08:13:50 ovzhost sshd[1312]: message repeated 2 times: [ Failed password for root from 43.255.190.89 port 46101 ssh2]
Apr 11 08:13:50 ovzhost sshd[1312]: Received disconnect from 43.255.190.89: 11:  [preauth]
Apr 11 08:13:50 ovzhost sshd[1312]: PAM 2 more authentication failures; logname= uid=0 euid=0 tty=ssh ruser= rhost=43.255.190.89  user=root
Apr 11 08:13:51 ovzhost sshd[1316]: pam_unix(sshd:auth): authentication failure; logname= uid=0 euid=0 tty=ssh ruser= rhost=43.255.190.89  user=root
Apr 11 08:13:53 ovzhost sshd[1316]: Failed password for root from 43.255.190.89 port 37602 ssh2
Apr 11 08:13:56 ovzhost sshd[1316]: message repeated 2 times: [ Failed password for root from 43.255.190.89 port 37602 ssh2]
Apr 11 08:13:56 ovzhost sshd[1316]: Received disconnect from 43.255.190.89: 11:  [preauth]
Apr 11 08:13:56 ovzhost sshd[1316]: PAM 2 more authentication failures; logname= uid=0 euid=0 tty=ssh ruser= rhost=43.255.190.89  user=root
Apr 11 08:13:57 ovzhost sshd[1318]: pam_unix(sshd:auth): authentication failure; logname= uid=0 euid=0 tty=ssh ruser= rhost=43.255.190.89  user=root
Apr 11 08:13:59 ovzhost sshd[1318]: Failed password for root from 43.255.190.89 port 52904 ssh2
Apr 11 08:14:02 ovzhost sshd[1318]: message repeated 2 times: [ Failed password for root from 43.255.190.89 port 52904 ssh2]
Apr 11 08:14:02 ovzhost sshd[1318]: Received disconnect from 43.255.190.89: 11:  [preauth]
Apr 11 08:14:02 ovzhost sshd[1318]: PAM 2 more authentication failures; logname= uid=0 euid=0 tty=ssh ruser= rhost=43.255.190.89  user=root
Apr 11 08:14:04 ovzhost sshd[1320]: pam_unix(sshd:auth): authentication failure; logname= uid=0 euid=0 tty=ssh ruser= rhost=43.255.190.89  user=root
Apr 11 08:14:06 ovzhost sshd[1320]: Failed password for root from 43.255.190.89 port 38639 ssh2
Apr 11 08:14:10 ovzhost sshd[1320]: message repeated 2 times: [ Failed password for root from 43.255.190.89 port 38639 ssh2]
Apr 11 08:14:10 ovzhost sshd[1320]: Received disconnect from 43.255.190.89: 11:  [preauth]
Apr 11 08:14:10 ovzhost sshd[1320]: PAM 2 more authentication failures; logname= uid=0 euid=0 tty=ssh ruser= rhost=43.255.190.89  user=root
Apr 11 08:14:17 ovzhost sshd[1322]: pam_unix(sshd:auth): authentication failure; logname= uid=0 euid=0 tty=ssh ruser= rhost=43.255.190.89  user=root
Apr 11 08:14:18 ovzhost sshd[1322]: Failed password for root from 43.255.190.89 port 58497 ssh2
Apr 11 08:14:22 ovzhost sshd[1322]: message repeated 2 times: [ Failed password for root from 43.255.190.89 port 58497 ssh2]
Apr 11 08:14:22 ovzhost sshd[1322]: Received disconnect from 43.255.190.89: 11:  [preauth]
Apr 11 08:14:22 ovzhost sshd[1322]: PAM 2 more authentication failures; logname= uid=0 euid=0 tty=ssh ruser= rhost=43.255.190.89  user=root
Apr 11 08:14:24 ovzhost sshd[1326]: pam_unix(sshd:auth): authentication failure; logname= uid=0 euid=0 tty=ssh ruser= rhost=43.255.190.89  user=root
Apr 11 08:14:26 ovzhost sshd[1326]: Failed password for root from 43.255.190.89 port 59667 ssh2
Apr 11 08:14:30 ovzhost sshd[1326]: message repeated 2 times: [ Failed password for root from 43.255.190.89 port 59667 ssh2]
Apr 11 08:14:30 ovzhost sshd[1326]: Received disconnect from 43.255.190.89: 11:  [preauth]
Apr 11 08:14:30 ovzhost sshd[1326]: PAM 2 more authentication failures; logname= uid=0 euid=0 tty=ssh ruser= rhost=43.255.190.89  user=root
Apr 11 08:14:31 ovzhost sshd[1328]: pam_unix(sshd:auth): authentication failure; logname= uid=0 euid=0 tty=ssh ruser= rhost=43.255.190.89  user=root
Apr 11 08:14:33 ovzhost sshd[1328]: Failed password for root from 43.255.190.89 port 48387 ssh2
Apr 11 08:14:36 ovzhost sshd[1328]: message repeated 2 times: [ Failed password for root from 43.255.190.89 port 48387 ssh2]
Apr 11 08:14:36 ovzhost sshd[1328]: Received disconnect from 43.255.190.89: 11:  [preauth]
Apr 11 08:14:36 ovzhost sshd[1328]: PAM 2 more authentication failures; logname= uid=0 euid=0 tty=ssh ruser= rhost=43.255.190.89  user=root
Apr 11 08:14:38 ovzhost sshd[1330]: pam_unix(sshd:auth): authentication failure; logname= uid=0 euid=0 tty=ssh ruser= rhost=43.255.190.89  user=root
Apr 11 08:14:40 ovzhost sshd[1330]: Failed password for root from 43.255.190.89 port 35424 ssh2
Apr 11 08:14:44 ovzhost sshd[1330]: message repeated 2 times: [ Failed password for root from 43.255.190.89 port 35424 ssh2]
Apr 11 08:14:44 ovzhost sshd[1330]: Received disconnect from 43.255.190.89: 11:  [preauth]
Apr 11 08:14:44 ovzhost sshd[1330]: PAM 2 more authentication failures; logname= uid=0 euid=0 tty=ssh ruser= rhost=43.255.190.89  user=root
Apr 11 08:14:44 ovzhost sshd[1332]: pam_unix(sshd:auth): authentication failure; logname= uid=0 euid=0 tty=ssh ruser= rhost=43.255.190.89  user=root
Apr 11 08:14:46 ovzhost sshd[1332]: Failed password for root from 43.255.190.89 port 54297 ssh2
Apr 11 08:14:50 ovzhost sshd[1332]: message repeated 2 times: [ Failed password for root from 43.255.190.89 port 54297 ssh2]
Apr 11 08:14:50 ovzhost sshd[1332]: Received disconnect from 43.255.190.89: 11:  [preauth]
Apr 11 08:14:50 ovzhost sshd[1332]: PAM 2 more authentication failures; logname= uid=0 euid=0 tty=ssh ruser= rhost=43.255.190.89  user=root
Apr 11 08:14:50 ovzhost sshd[1334]: pam_unix(sshd:auth): authentication failure; logname= uid=0 euid=0 tty=ssh ruser= rhost=43.255.190.89  user=root
Apr 11 08:14:53 ovzhost sshd[1334]: Failed password for root from 43.255.190.89 port 41737 ssh2
Apr 11 08:14:56 ovzhost sshd[1334]: message repeated 2 times: [ Failed password for root from 43.255.190.89 port 41737 ssh2]
Apr 11 08:14:56 ovzhost sshd[1334]: Received disconnect from 43.255.190.89: 11:  [preauth]
Apr 11 08:14:56 ovzhost sshd[1334]: PAM 2 more authentication failures; logname= uid=0 euid=0 tty=ssh ruser= rhost=43.255.190.89  user=root
Apr 11 08:14:57 ovzhost sshd[1336]: pam_unix(sshd:auth): authentication failure; logname= uid=0 euid=0 tty=ssh ruser= rhost=43.255.190.89  user=root
Apr 11 08:14:59 ovzhost sshd[1336]: Failed password for root from 43.255.190.89 port 57069 ssh2
Apr 11 08:15:03 ovzhost sshd[1336]: message repeated 2 times: [ Failed password for root from 43.255.190.89 port 57069 ssh2]
Apr 11 08:15:03 ovzhost sshd[1336]: Received disconnect from 43.255.190.89: 11:  [preauth]
Apr 11 08:15:03 ovzhost sshd[1336]: PAM 2 more authentication failures; logname= uid=0 euid=0 tty=ssh ruser= rhost=43.255.190.89  user=root
Apr 11 08:15:04 ovzhost sshd[1339]: pam_unix(sshd:auth): authentication failure; logname= uid=0 euid=0 tty=ssh ruser= rhost=43.255.190.89  user=root
Apr 11 08:15:07 ovzhost sshd[1339]: Failed password for root from 43.255.190.89 port 43289 ssh2
Apr 11 08:15:11 ovzhost sshd[1339]: message repeated 2 times: [ Failed password for root from 43.255.190.89 port 43289 ssh2]
Apr 11 08:15:11 ovzhost sshd[1339]: Received disconnect from 43.255.190.89: 11:  [preauth]
Apr 11 08:15:11 ovzhost sshd[1339]: PAM 2 more authentication failures; logname= uid=0 euid=0 tty=ssh ruser= rhost=43.255.190.89  user=root
Apr 11 08:15:12 ovzhost sshd[1341]: pam_unix(sshd:auth): authentication failure; logname= uid=0 euid=0 tty=ssh ruser= rhost=43.255.190.89  user=root
Apr 11 08:15:13 ovzhost sshd[1341]: Failed password for root from 43.255.190.89 port 60673 ssh2
Apr 11 08:15:18 ovzhost sshd[1341]: message repeated 2 times: [ Failed password for root from 43.255.190.89 port 60673 ssh2]
Apr 11 08:15:18 ovzhost sshd[1341]: Received disconnect from 43.255.190.89: 11:  [preauth]
Apr 11 08:15:18 ovzhost sshd[1341]: PAM 2 more authentication failures; logname= uid=0 euid=0 tty=ssh ruser= rhost=43.255.190.89  user=root
Apr 11 08:15:18 ovzhost sshd[1344]: pam_unix(sshd:auth): authentication failure; logname= uid=0 euid=0 tty=ssh ruser= rhost=43.255.190.89  user=root
Apr 11 08:15:20 ovzhost sshd[1344]: Failed password for root from 43.255.190.89 port 50673 ssh2
Apr 11 08:15:24 ovzhost sshd[1344]: message repeated 2 times: [ Failed password for root from 43.255.190.89 port 50673 ssh2]
Apr 11 08:15:24 ovzhost sshd[1344]: Received disconnect from 43.255.190.89: 11:  [preauth]
Apr 11 08:15:24 ovzhost sshd[1344]: PAM 2 more authentication failures; logname= uid=0 euid=0 tty=ssh ruser= rhost=43.255.190.89  user=root
Apr 11 08:15:25 ovzhost sshd[1348]: pam_unix(sshd:auth): authentication failure; logname= uid=0 euid=0 tty=ssh ruser= rhost=43.255.190.89  user=root
Apr 11 08:15:27 ovzhost sshd[1348]: Failed password for root from 43.255.190.89 port 41316 ssh2
Apr 11 08:15:31 ovzhost sshd[1348]: message repeated 2 times: [ Failed password for root from 43.255.190.89 port 41316 ssh2]
Apr 11 08:15:32 ovzhost sshd[1348]: Received disconnect from 43.255.190.89: 11:  [preauth]
Apr 11 08:15:32 ovzhost sshd[1348]: PAM 2 more authentication failures; logname= uid=0 euid=0 tty=ssh ruser= rhost=43.255.190.89  user=root
Apr 11 08:15:33 ovzhost sshd[1350]: pam_unix(sshd:auth): authentication failure; logname= uid=0 euid=0 tty=ssh ruser= rhost=43.255.190.89  user=root
Apr 11 08:15:35 ovzhost sshd[1350]: Failed password for root from 43.255.190.89 port 57897 ssh2
Apr 11 08:15:39 ovzhost sshd[1350]: message repeated 2 times: [ Failed password for root from 43.255.190.89 port 57897 ssh2]
Apr 11 08:15:40 ovzhost sshd[1350]: Received disconnect from 43.255.190.89: 11:  [preauth]
Apr 11 08:15:40 ovzhost sshd[1350]: PAM 2 more authentication failures; logname= uid=0 euid=0 tty=ssh ruser= rhost=43.255.190.89  user=root
Apr 11 08:15:40 ovzhost sshd[1352]: pam_unix(sshd:auth): authentication failure; logname= uid=0 euid=0 tty=ssh ruser= rhost=43.255.190.89  user=root
Apr 11 08:15:43 ovzhost sshd[1352]: Failed password for root from 43.255.190.89 port 48269 ssh2
Apr 11 08:15:47 ovzhost sshd[1352]: message repeated 2 times: [ Failed password for root from 43.255.190.89 port 48269 ssh2]
Apr 11 08:15:47 ovzhost sshd[1352]: Received disconnect from 43.255.190.89: 11:  [preauth]
Apr 11 08:15:47 ovzhost sshd[1352]: PAM 2 more authentication failures; logname= uid=0 euid=0 tty=ssh ruser= rhost=43.255.190.89  user=root
Apr 11 08:15:48 ovzhost sshd[1354]: pam_unix(sshd:auth): authentication failure; logname= uid=0 euid=0 tty=ssh ruser= rhost=43.255.190.89  user=root
Apr 11 08:15:50 ovzhost sshd[1354]: Failed password for root from 43.255.190.89 port 36684 ssh2
Apr 11 08:15:54 ovzhost sshd[1354]: message repeated 2 times: [ Failed password for root from 43.255.190.89 port 36684 ssh2]
Apr 11 08:15:54 ovzhost sshd[1354]: Received disconnect from 43.255.190.89: 11:  [preauth]
Apr 11 08:15:54 ovzhost sshd[1354]: PAM 2 more authentication failures; logname= uid=0 euid=0 tty=ssh ruser= rhost=43.255.190.89  user=root
Apr 11 08:15:58 ovzhost sshd[1356]: pam_unix(sshd:auth): authentication failure; logname= uid=0 euid=0 tty=ssh ruser= rhost=43.255.190.89  user=root
Apr 11 08:16:00 ovzhost sshd[1356]: Failed password for root from 43.255.190.89 port 54388 ssh2
Apr 11 08:16:04 ovzhost sshd[1356]: message repeated 2 times: [ Failed password for root from 43.255.190.89 port 54388 ssh2]
Apr 11 08:16:04 ovzhost sshd[1356]: Received disconnect from 43.255.190.89: 11:  [preauth]
Apr 11 08:16:04 ovzhost sshd[1356]: PAM 2 more authentication failures; logname= uid=0 euid=0 tty=ssh ruser= rhost=43.255.190.89  user=root
Apr 11 08:16:05 ovzhost sshd[1358]: pam_unix(sshd:auth): authentication failure; logname= uid=0 euid=0 tty=ssh ruser= rhost=43.255.190.89  user=root
Apr 11 08:16:07 ovzhost sshd[1358]: Failed password for root from 43.255.190.89 port 49181 ssh2
Apr 11 08:16:11 ovzhost sshd[1358]: message repeated 2 times: [ Failed password for root from 43.255.190.89 port 49181 ssh2]
Apr 11 08:16:11 ovzhost sshd[1358]: Received disconnect from 43.255.190.89: 11:  [preauth]
