Apr 11 08:26:25 ovzhost sshd[1760]: pam_unix(sshd:auth): authentication failure; logname= uid=0 euid=0 tty=ssh ruser= rhost=43.255.190.89  user=root
Apr 11 08:26:26 ovzhost sshd[1760]: Failed password for root from 43.255.190.89 port 48475 ssh2
Apr 11 08:26:28 ovzhost sshd[1758]: message repeated 2 times: [ Failed password for root from 43.255.190.168 port 39311 ssh2]
Apr 11 08:26:28 ovzhost sshd[1758]: Received disconnect from 43.255.190.168: 11:  [preauth]
Apr 11 08:26:28 ovzhost sshd[1758]: PAM 2 more authentication failures; logname= uid=0 euid=0 tty=ssh ruser= rhost=43.255.190.168  user=root
Apr 11 08:26:28 ovzhost sshd[1762]: pam_unix(sshd:auth): authentication failure; logname= uid=0 euid=0 tty=ssh ruser= rhost=43.255.190.168  user=root
Apr 11 08:26:30 ovzhost sshd[1760]: message repeated 2 times: [ Failed password for root from 43.255.190.89 port 48475 ssh2]
Apr 11 08:26:30 ovzhost sshd[1760]: Received disconnect from 43.255.190.89: 11:  [preauth]
Apr 11 08:26:30 ovzhost sshd[1760]: PAM 2 more authentication failures; logname= uid=0 euid=0 tty=ssh ruser= rhost=43.255.190.89  user=root
Apr 11 08:26:30 ovzhost sshd[1762]: Failed password for root from 43.255.190.168 port 51005 ssh2
Apr 11 08:26:30 ovzhost sshd[1764]: pam_unix(sshd:auth): authentication failure; logname= uid=0 euid=0 tty=ssh ruser= rhost=43.255.190.89  user=root
Apr 11 08:26:32 ovzhost sshd[1764]: Failed password for root from 43.255.190.89 port 32913 ssh2
Apr 11 08:26:34 ovzhost sshd[1762]: message repeated 2 times: [ Failed password for root from 43.255.190.168 port 51005 ssh2]
Apr 11 08:26:34 ovzhost sshd[1762]: Received disconnect from 43.255.190.168: 11:  [preauth]
Apr 11 08:26:34 ovzhost sshd[1762]: PAM 2 more authentication failures; logname= uid=0 euid=0 tty=ssh ruser= rhost=43.255.190.168  user=root
Apr 11 08:26:34 ovzhost sshd[1766]: pam_unix(sshd:auth): authentication failure; logname= uid=0 euid=0 tty=ssh ruser= rhost=43.255.190.168  user=root
Apr 11 08:26:36 ovzhost sshd[1764]: message repeated 2 times: [ Failed password for root from 43.255.190.89 port 32913 ssh2]
Apr 11 08:26:36 ovzhost sshd[1764]: Received disconnect from 43.255.190.89: 11:  [preauth]
Apr 11 08:26:36 ovzhost sshd[1764]: PAM 2 more authentication failures; logname= uid=0 euid=0 tty=ssh ruser= rhost=43.255.190.89  user=root
Apr 11 08:26:36 ovzhost sshd[1766]: Failed password for root from 43.255.190.168 port 35682 ssh2
Apr 11 08:26:36 ovzhost sshd[1770]: pam_unix(sshd:auth): authentication failure; logname= uid=0 euid=0 tty=ssh ruser= rhost=43.255.190.89  user=root
Apr 11 08:26:38 ovzhost sshd[1770]: Failed password for root from 43.255.190.89 port 46638 ssh2
Apr 11 08:26:40 ovzhost sshd[1766]: message repeated 2 times: [ Failed password for root from 43.255.190.168 port 35682 ssh2]
Apr 11 08:26:40 ovzhost sshd[1766]: Received disconnect from 43.255.190.168: 11:  [preauth]
Apr 11 08:26:40 ovzhost sshd[1766]: PAM 2 more authentication failures; logname= uid=0 euid=0 tty=ssh ruser= rhost=43.255.190.168  user=root
Apr 11 08:26:41 ovzhost sshd[1774]: pam_unix(sshd:auth): authentication failure; logname= uid=0 euid=0 tty=ssh ruser= rhost=43.255.190.168  user=root
Apr 11 08:26:42 ovzhost sshd[1770]: message repeated 2 times: [ Failed password for root from 43.255.190.89 port 46638 ssh2]
Apr 11 08:26:42 ovzhost sshd[1770]: Received disconnect from 43.255.190.89: 11:  [preauth]
Apr 11 08:26:42 ovzhost sshd[1770]: PAM 2 more authentication failures; logname= uid=0 euid=0 tty=ssh ruser= rhost=43.255.190.89  user=root
Apr 11 08:26:43 ovzhost sshd[1776]: pam_unix(sshd:auth): authentication failure; logname= uid=0 euid=0 tty=ssh ruser= rhost=43.255.190.89  user=root
Apr 11 08:26:43 ovzhost sshd[1774]: Failed password for root from 43.255.190.168 port 48401 ssh2
Apr 11 08:26:44 ovzhost sshd[1776]: Failed password for root from 43.255.190.89 port 60048 ssh2
Apr 11 08:26:46 ovzhost sshd[1774]: message repeated 2 times: [ Failed password for root from 43.255.190.168 port 48401 ssh2]
Apr 11 08:26:46 ovzhost sshd[1774]: Received disconnect from 43.255.190.168: 11:  [preauth]
Apr 11 08:26:46 ovzhost sshd[1774]: PAM 2 more authentication failures; logname= uid=0 euid=0 tty=ssh ruser= rhost=43.255.190.168  user=root
Apr 11 08:26:46 ovzhost sshd[1778]: pam_unix(sshd:auth): authentication failure; logname= uid=0 euid=0 tty=ssh ruser= rhost=43.255.190.168  user=root
Apr 11 08:26:48 ovzhost sshd[1776]: message repeated 2 times: [ Failed password for root from 43.255.190.89 port 60048 ssh2]
Apr 11 08:26:48 ovzhost sshd[1776]: Received disconnect from 43.255.190.89: 11:  [preauth]
Apr 11 08:26:48 ovzhost sshd[1776]: PAM 2 more authentication failures; logname= uid=0 euid=0 tty=ssh ruser= rhost=43.255.190.89  user=root
Apr 11 08:26:48 ovzhost sshd[1780]: pam_unix(sshd:auth): authentication failure; logname= uid=0 euid=0 tty=ssh ruser= rhost=43.255.190.89  user=root
Apr 11 08:26:48 ovzhost sshd[1778]: Failed password for root from 43.255.190.168 port 33276 ssh2
Apr 11 08:26:50 ovzhost sshd[1780]: Failed password for root from 43.255.190.89 port 45030 ssh2
Apr 11 08:26:53 ovzhost sshd[1778]: message repeated 2 times: [ Failed password for root from 43.255.190.168 port 33276 ssh2]
Apr 11 08:26:53 ovzhost sshd[1778]: Received disconnect from 43.255.190.168: 11:  [preauth]
Apr 11 08:26:53 ovzhost sshd[1778]: PAM 2 more authentication failures; logname= uid=0 euid=0 tty=ssh ruser= rhost=43.255.190.168  user=root
Apr 11 08:26:54 ovzhost sshd[1780]: message repeated 2 times: [ Failed password for root from 43.255.190.89 port 45030 ssh2]
Apr 11 08:26:54 ovzhost sshd[1780]: Received disconnect from 43.255.190.89: 11:  [preauth]
Apr 11 08:26:54 ovzhost sshd[1780]: PAM 2 more authentication failures; logname= uid=0 euid=0 tty=ssh ruser= rhost=43.255.190.89  user=root
Apr 11 08:26:54 ovzhost sshd[1782]: pam_unix(sshd:auth): authentication failure; logname= uid=0 euid=0 tty=ssh ruser= rhost=43.255.190.168  user=root
Apr 11 08:26:54 ovzhost sshd[1784]: pam_unix(sshd:auth): authentication failure; logname= uid=0 euid=0 tty=ssh ruser= rhost=43.255.190.89  user=root
Apr 11 08:26:56 ovzhost sshd[1782]: Failed password for root from 43.255.190.168 port 47348 ssh2
Apr 11 08:26:56 ovzhost sshd[1784]: Failed password for root from 43.255.190.89 port 58722 ssh2
Apr 11 08:26:59 ovzhost sshd[1782]: message repeated 2 times: [ Failed password for root from 43.255.190.168 port 47348 ssh2]
Apr 11 08:26:59 ovzhost sshd[1782]: Received disconnect from 43.255.190.168: 11:  [preauth]
Apr 11 08:26:59 ovzhost sshd[1782]: PAM 2 more authentication failures; logname= uid=0 euid=0 tty=ssh ruser= rhost=43.255.190.168  user=root
Apr 11 08:26:59 ovzhost sshd[1784]: message repeated 2 times: [ Failed password for root from 43.255.190.89 port 58722 ssh2]
Apr 11 08:26:59 ovzhost sshd[1784]: Received disconnect from 43.255.190.89: 11:  [preauth]
Apr 11 08:26:59 ovzhost sshd[1784]: PAM 2 more authentication failures; logname= uid=0 euid=0 tty=ssh ruser= rhost=43.255.190.89  user=root
Apr 11 08:26:59 ovzhost sshd[1786]: pam_unix(sshd:auth): authentication failure; logname= uid=0 euid=0 tty=ssh ruser= rhost=43.255.190.168  user=root
Apr 11 08:27:00 ovzhost sshd[1788]: pam_unix(sshd:auth): authentication failure; logname= uid=0 euid=0 tty=ssh ruser= rhost=43.255.190.89  user=root
Apr 11 08:27:02 ovzhost sshd[1786]: Failed password for root from 43.255.190.168 port 59677 ssh2
Apr 11 08:27:02 ovzhost sshd[1788]: Failed password for root from 43.255.190.89 port 43118 ssh2
Apr 11 08:27:05 ovzhost sshd[1786]: message repeated 2 times: [ Failed password for root from 43.255.190.168 port 59677 ssh2]
Apr 11 08:27:05 ovzhost sshd[1786]: Received disconnect from 43.255.190.168: 11:  [preauth]
Apr 11 08:27:05 ovzhost sshd[1786]: PAM 2 more authentication failures; logname= uid=0 euid=0 tty=ssh ruser= rhost=43.255.190.168  user=root
Apr 11 08:27:05 ovzhost sshd[1788]: message repeated 2 times: [ Failed password for root from 43.255.190.89 port 43118 ssh2]
Apr 11 08:27:06 ovzhost sshd[1788]: Received disconnect from 43.255.190.89: 11:  [preauth]
Apr 11 08:27:06 ovzhost sshd[1788]: PAM 2 more authentication failures; logname= uid=0 euid=0 tty=ssh ruser= rhost=43.255.190.89  user=root
Apr 11 08:27:06 ovzhost sshd[1790]: pam_unix(sshd:auth): authentication failure; logname= uid=0 euid=0 tty=ssh ruser= rhost=43.255.190.168  user=root
Apr 11 08:27:06 ovzhost sshd[1792]: pam_unix(sshd:auth): authentication failure; logname= uid=0 euid=0 tty=ssh ruser= rhost=43.255.190.89  user=root
Apr 11 08:27:07 ovzhost sshd[1790]: Failed password for root from 43.255.190.168 port 44494 ssh2
Apr 11 08:27:07 ovzhost sshd[1792]: Failed password for root from 43.255.190.89 port 57063 ssh2
Apr 11 08:27:11 ovzhost sshd[1790]: message repeated 2 times: [ Failed password for root from 43.255.190.168 port 44494 ssh2]
Apr 11 08:27:11 ovzhost sshd[1790]: Received disconnect from 43.255.190.168: 11:  [preauth]
Apr 11 08:27:11 ovzhost sshd[1790]: PAM 2 more authentication failures; logname= uid=0 euid=0 tty=ssh ruser= rhost=43.255.190.168  user=root
Apr 11 08:27:11 ovzhost sshd[1792]: message repeated 2 times: [ Failed password for root from 43.255.190.89 port 57063 ssh2]
Apr 11 08:27:11 ovzhost sshd[1792]: Received disconnect from 43.255.190.89: 11:  [preauth]
Apr 11 08:27:11 ovzhost sshd[1792]: PAM 2 more authentication failures; logname= uid=0 euid=0 tty=ssh ruser= rhost=43.255.190.89  user=root
Apr 11 08:27:12 ovzhost sshd[1795]: pam_unix(sshd:auth): authentication failure; logname= uid=0 euid=0 tty=ssh ruser= rhost=43.255.190.168  user=root
Apr 11 08:27:12 ovzhost sshd[1797]: pam_unix(sshd:auth): authentication failure; logname= uid=0 euid=0 tty=ssh ruser= rhost=43.255.190.89  user=root
Apr 11 08:27:14 ovzhost sshd[1795]: Failed password for root from 43.255.190.168 port 56092 ssh2
Apr 11 08:27:14 ovzhost sshd[1797]: Failed password for root from 43.255.190.89 port 41529 ssh2
Apr 11 08:27:18 ovzhost sshd[1795]: message repeated 2 times: [ Failed password for root from 43.255.190.168 port 56092 ssh2]
Apr 11 08:27:18 ovzhost sshd[1795]: Received disconnect from 43.255.190.168: 11:  [preauth]
Apr 11 08:27:18 ovzhost sshd[1795]: PAM 2 more authentication failures; logname= uid=0 euid=0 tty=ssh ruser= rhost=43.255.190.168  user=root
Apr 11 08:27:18 ovzhost sshd[1797]: message repeated 2 times: [ Failed password for root from 43.255.190.89 port 41529 ssh2]
Apr 11 08:27:18 ovzhost sshd[1797]: Received disconnect from 43.255.190.89: 11:  [preauth]
Apr 11 08:27:18 ovzhost sshd[1797]: PAM 2 more authentication failures; logname= uid=0 euid=0 tty=ssh ruser= rhost=43.255.190.89  user=root
Apr 11 08:27:19 ovzhost sshd[1801]: pam_unix(sshd:auth): authentication failure; logname= uid=0 euid=0 tty=ssh ruser= rhost=43.255.190.89  user=root
Apr 11 08:27:19 ovzhost sshd[1799]: pam_unix(sshd:auth): authentication failure; logname= uid=0 euid=0 tty=ssh ruser= rhost=43.255.190.168  user=root
Apr 11 08:27:21 ovzhost sshd[1801]: Failed password for root from 43.255.190.89 port 56160 ssh2
Apr 11 08:27:21 ovzhost sshd[1799]: Failed password for root from 43.255.190.168 port 40855 ssh2
Apr 11 08:27:25 ovzhost sshd[1801]: message repeated 2 times: [ Failed password for root from 43.255.190.89 port 56160 ssh2]
Apr 11 08:27:26 ovzhost sshd[1801]: Received disconnect from 43.255.190.89: 11:  [preauth]
Apr 11 08:27:26 ovzhost sshd[1801]: PAM 2 more authentication failures; logname= uid=0 euid=0 tty=ssh ruser= rhost=43.255.190.89  user=root
Apr 11 08:27:25 ovzhost sshd[1799]: message repeated 2 times: [ Failed password for root from 43.255.190.168 port 40855 ssh2]
Apr 11 08:27:26 ovzhost sshd[1799]: Received disconnect from 43.255.190.168: 11:  [preauth]
Apr 11 08:27:26 ovzhost sshd[1799]: PAM 2 more authentication failures; logname= uid=0 euid=0 tty=ssh ruser= rhost=43.255.190.168  user=root
Apr 11 08:27:26 ovzhost sshd[1803]: pam_unix(sshd:auth): authentication failure; logname= uid=0 euid=0 tty=ssh ruser= rhost=43.255.190.89  user=root
Apr 11 08:27:26 ovzhost sshd[1805]: pam_unix(sshd:auth): authentication failure; logname= uid=0 euid=0 tty=ssh ruser= rhost=43.255.190.168  user=root
Apr 11 08:27:28 ovzhost sshd[1803]: Failed password for root from 43.255.190.89 port 45306 ssh2
Apr 11 08:27:28 ovzhost sshd[1805]: Failed password for root from 43.255.190.168 port 56816 ssh2
Apr 11 08:27:31 ovzhost sshd[1803]: message repeated 2 times: [ Failed password for root from 43.255.190.89 port 45306 ssh2]
Apr 11 08:27:31 ovzhost sshd[1803]: Received disconnect from 43.255.190.89: 11:  [preauth]
Apr 11 08:27:31 ovzhost sshd[1803]: PAM 2 more authentication failures; logname= uid=0 euid=0 tty=ssh ruser= rhost=43.255.190.89  user=root
Apr 11 08:27:31 ovzhost sshd[1805]: message repeated 2 times: [ Failed password for root from 43.255.190.168 port 56816 ssh2]
Apr 11 08:27:32 ovzhost sshd[1805]: Received disconnect from 43.255.190.168: 11:  [preauth]
Apr 11 08:27:32 ovzhost sshd[1805]: PAM 2 more authentication failures; logname= uid=0 euid=0 tty=ssh ruser= rhost=43.255.190.168  user=root
Apr 11 08:27:32 ovzhost sshd[1807]: pam_unix(sshd:auth): authentication failure; logname= uid=0 euid=0 tty=ssh ruser= rhost=43.255.190.89  user=root
Apr 11 08:27:32 ovzhost sshd[1809]: pam_unix(sshd:auth): authentication failure; logname= uid=0 euid=0 tty=ssh ruser= rhost=43.255.190.168  user=root
Apr 11 08:27:34 ovzhost sshd[1807]: Failed password for root from 43.255.190.89 port 59061 ssh2
Apr 11 08:27:34 ovzhost sshd[1809]: Failed password for root from 43.255.190.168 port 40951 ssh2
Apr 11 08:27:38 ovzhost sshd[1807]: message repeated 2 times: [ Failed password for root from 43.255.190.89 port 59061 ssh2]
Apr 11 08:27:38 ovzhost sshd[1807]: Received disconnect from 43.255.190.89: 11:  [preauth]
Apr 11 08:27:38 ovzhost sshd[1807]: PAM 2 more authentication failures; logname= uid=0 euid=0 tty=ssh ruser= rhost=43.255.190.89  user=root
Apr 11 08:27:38 ovzhost sshd[1809]: message repeated 2 times: [ Failed password for root from 43.255.190.168 port 40951 ssh2]
Apr 11 08:27:38 ovzhost sshd[1809]: Received disconnect from 43.255.190.168: 11:  [preauth]
Apr 11 08:27:38 ovzhost sshd[1809]: PAM 2 more authentication failures; logname= uid=0 euid=0 tty=ssh ruser= rhost=43.255.190.168  user=root
Apr 11 08:27:39 ovzhost sshd[1811]: pam_unix(sshd:auth): authentication failure; logname= uid=0 euid=0 tty=ssh ruser= rhost=43.255.190.89  user=root
Apr 11 08:27:39 ovzhost sshd[1813]: pam_unix(sshd:auth): authentication failure; logname= uid=0 euid=0 tty=ssh ruser= rhost=43.255.190.168  user=root
Apr 11 08:27:40 ovzhost sshd[1811]: Failed password for root from 43.255.190.89 port 44847 ssh2
Apr 11 08:27:40 ovzhost sshd[1813]: Failed password for root from 43.255.190.168 port 53242 ssh2
Apr 11 08:27:44 ovzhost sshd[1811]: message repeated 2 times: [ Failed password for root from 43.255.190.89 port 44847 ssh2]
Apr 11 08:27:44 ovzhost sshd[1811]: Received disconnect from 43.255.190.89: 11:  [preauth]
Apr 11 08:27:44 ovzhost sshd[1811]: PAM 2 more authentication failures; logname= uid=0 euid=0 tty=ssh ruser= rhost=43.255.190.89  user=root
Apr 11 08:27:45 ovzhost sshd[1813]: message repeated 2 times: [ Failed password for root from 43.255.190.168 port 53242 ssh2]
Apr 11 08:27:45 ovzhost sshd[1813]: Received disconnect from 43.255.190.168: 11:  [preauth]
Apr 11 08:27:45 ovzhost sshd[1813]: PAM 2 more authentication failures; logname= uid=0 euid=0 tty=ssh ruser= rhost=43.255.190.168  user=root
Apr 11 08:27:45 ovzhost sshd[1816]: pam_unix(sshd:auth): authentication failure; logname= uid=0 euid=0 tty=ssh ruser= rhost=43.255.190.89  user=root
Apr 11 08:27:45 ovzhost sshd[1818]: pam_unix(sshd:auth): authentication failure; logname= uid=0 euid=0 tty=ssh ruser= rhost=43.255.190.168  user=root
Apr 11 08:27:47 ovzhost sshd[1816]: Failed password for root from 43.255.190.89 port 59637 ssh2
Apr 11 08:27:47 ovzhost sshd[1818]: Failed password for root from 43.255.190.168 port 38797 ssh2
Apr 11 08:27:51 ovzhost sshd[1816]: message repeated 2 times: [ Failed password for root from 43.255.190.89 port 59637 ssh2]
Apr 11 08:27:51 ovzhost sshd[1816]: Received disconnect from 43.255.190.89: 11:  [preauth]
Apr 11 08:27:51 ovzhost sshd[1816]: PAM 2 more authentication failures; logname= uid=0 euid=0 tty=ssh ruser= rhost=43.255.190.89  user=root
Apr 11 08:27:52 ovzhost sshd[1820]: pam_unix(sshd:auth): authentication failure; logname= uid=0 euid=0 tty=ssh ruser= rhost=43.255.190.89  user=root
Apr 11 08:27:52 ovzhost sshd[1818]: message repeated 2 times: [ Failed password for root from 43.255.190.168 port 38797 ssh2]
Apr 11 08:27:52 ovzhost sshd[1818]: Received disconnect from 43.255.190.168: 11:  [preauth]
Apr 11 08:27:52 ovzhost sshd[1818]: PAM 2 more authentication failures; logname= uid=0 euid=0 tty=ssh ruser= rhost=43.255.190.168  user=root
Apr 11 08:27:53 ovzhost sshd[1822]: pam_unix(sshd:auth): authentication failure; logname= uid=0 euid=0 tty=ssh ruser= rhost=43.255.190.168  user=root
Apr 11 08:27:54 ovzhost sshd[1820]: Failed password for root from 43.255.190.89 port 46154 ssh2
Apr 11 08:27:55 ovzhost sshd[1822]: Failed password for root from 43.255.190.168 port 53043 ssh2
Apr 11 08:27:58 ovzhost sshd[1820]: message repeated 2 times: [ Failed password for root from 43.255.190.89 port 46154 ssh2]
Apr 11 08:27:58 ovzhost sshd[1820]: Received disconnect from 43.255.190.89: 11:  [preauth]
Apr 11 08:27:58 ovzhost sshd[1820]: PAM 2 more authentication failures; logname= uid=0 euid=0 tty=ssh ruser= rhost=43.255.190.89  user=root
Apr 11 08:27:58 ovzhost sshd[1824]: pam_unix(sshd:auth): authentication failure; logname= uid=0 euid=0 tty=ssh ruser= rhost=43.255.190.89  user=root
Apr 11 08:27:59 ovzhost sshd[1822]: message repeated 2 times: [ Failed password for root from 43.255.190.168 port 53043 ssh2]
Apr 11 08:27:59 ovzhost sshd[1822]: Received disconnect from 43.255.190.168: 11:  [preauth]
Apr 11 08:27:59 ovzhost sshd[1822]: PAM 2 more authentication failures; logname= uid=0 euid=0 tty=ssh ruser= rhost=43.255.190.168  user=root
Apr 11 08:27:59 ovzhost sshd[1826]: pam_unix(sshd:auth): authentication failure; logname= uid=0 euid=0 tty=ssh ruser= rhost=43.255.190.168  user=root
Apr 11 08:28:00 ovzhost sshd[1824]: Failed password for root from 43.255.190.89 port 60447 ssh2
Apr 11 08:28:02 ovzhost sshd[1826]: Failed password for root from 43.255.190.168 port 38114 ssh2
Apr 11 08:28:04 ovzhost sshd[1824]: message repeated 2 times: [ Failed password for root from 43.255.190.89 port 60447 ssh2]
Apr 11 08:28:04 ovzhost sshd[1824]: Received disconnect from 43.255.190.89: 11:  [preauth]
Apr 11 08:28:04 ovzhost sshd[1824]: PAM 2 more authentication failures; logname= uid=0 euid=0 tty=ssh ruser= rhost=43.255.190.89  user=root
Apr 11 08:28:06 ovzhost sshd[1828]: pam_unix(sshd:auth): authentication failure; logname= uid=0 euid=0 tty=ssh ruser= rhost=43.255.190.89  user=root
Apr 11 08:28:06 ovzhost sshd[1826]: message repeated 2 times: [ Failed password for root from 43.255.190.168 port 38114 ssh2]
Apr 11 08:28:06 ovzhost sshd[1826]: Received disconnect from 43.255.190.168: 11:  [preauth]
Apr 11 08:28:06 ovzhost sshd[1826]: PAM 2 more authentication failures; logname= uid=0 euid=0 tty=ssh ruser= rhost=43.255.190.168  user=root
Apr 11 08:28:08 ovzhost sshd[1828]: Failed password for root from 43.255.190.89 port 45837 ssh2
Apr 11 08:28:09 ovzhost sshd[1830]: pam_unix(sshd:auth): authentication failure; logname= uid=0 euid=0 tty=ssh ruser= rhost=43.255.190.168  user=root
Apr 11 08:28:10 ovzhost sshd[1830]: Failed password for root from 43.255.190.168 port 52802 ssh2
Apr 11 08:28:12 ovzhost sshd[1828]: message repeated 2 times: [ Failed password for root from 43.255.190.89 port 45837 ssh2]
Apr 11 08:28:12 ovzhost sshd[1828]: Received disconnect from 43.255.190.89: 11:  [preauth]
Apr 11 08:28:12 ovzhost sshd[1828]: PAM 2 more authentication failures; logname= uid=0 euid=0 tty=ssh ruser= rhost=43.255.190.89  user=root
Apr 11 08:28:13 ovzhost sshd[1833]: pam_unix(sshd:auth): authentication failure; logname= uid=0 euid=0 tty=ssh ruser= rhost=43.255.190.89  user=root
Apr 11 08:28:14 ovzhost sshd[1830]: message repeated 2 times: [ Failed password for root from 43.255.190.168 port 52802 ssh2]
Apr 11 08:28:14 ovzhost sshd[1830]: Received disconnect from 43.255.190.168: 11:  [preauth]
Apr 11 08:28:14 ovzhost sshd[1830]: PAM 2 more authentication failures; logname= uid=0 euid=0 tty=ssh ruser= rhost=43.255.190.168  user=root
Apr 11 08:28:15 ovzhost sshd[1833]: Failed password for root from 43.255.190.89 port 35881 ssh2
Apr 11 08:28:15 ovzhost sshd[1835]: pam_unix(sshd:auth): authentication failure; logname= uid=0 euid=0 tty=ssh ruser= rhost=43.255.190.168  user=root
Apr 11 08:28:17 ovzhost sshd[1835]: Failed password for root from 43.255.190.168 port 40445 ssh2
Apr 11 08:28:19 ovzhost sshd[1833]: message repeated 2 times: [ Failed password for root from 43.255.190.89 port 35881 ssh2]
Apr 11 08:28:19 ovzhost sshd[1833]: Received disconnect from 43.255.190.89: 11:  [preauth]
Apr 11 08:28:19 ovzhost sshd[1833]: PAM 2 more authentication failures; logname= uid=0 euid=0 tty=ssh ruser= rhost=43.255.190.89  user=root
Apr 11 08:28:20 ovzhost sshd[1837]: pam_unix(sshd:auth): authentication failure; logname= uid=0 euid=0 tty=ssh ruser= rhost=43.255.190.89  user=root
Apr 11 08:28:21 ovzhost sshd[1835]: message repeated 2 times: [ Failed password for root from 43.255.190.168 port 40445 ssh2]
Apr 11 08:28:21 ovzhost sshd[1835]: Received disconnect from 43.255.190.168: 11:  [preauth]
Apr 11 08:28:21 ovzhost sshd[1835]: PAM 2 more authentication failures; logname= uid=0 euid=0 tty=ssh ruser= rhost=43.255.190.168  user=root
Apr 11 08:28:22 ovzhost sshd[1837]: Failed password for root from 43.255.190.89 port 51033 ssh2
Apr 11 08:28:25 ovzhost sshd[1837]: message repeated 2 times: [ Failed password for root from 43.255.190.89 port 51033 ssh2]
Apr 11 08:28:26 ovzhost sshd[1837]: Received disconnect from 43.255.190.89: 11:  [preauth]
Apr 11 08:28:26 ovzhost sshd[1837]: PAM 2 more authentication failures; logname= uid=0 euid=0 tty=ssh ruser= rhost=43.255.190.89  user=root
Apr 11 08:28:28 ovzhost sshd[1840]: Invalid user zhangyan from 118.26.143.50
Apr 11 08:28:28 ovzhost sshd[1840]: input_userauth_request: invalid user zhangyan [preauth]
Apr 11 08:28:28 ovzhost sshd[1840]: pam_unix(sshd:auth): check pass; user unknown
Apr 11 08:28:28 ovzhost sshd[1840]: pam_unix(sshd:auth): authentication failure; logname= uid=0 euid=0 tty=ssh ruser= rhost=118.26.143.50 
Apr 11 08:28:30 ovzhost sshd[1840]: Failed password for invalid user zhangyan from 118.26.143.50 port 34773 ssh2
Apr 11 08:28:31 ovzhost sshd[1840]: Received disconnect from 118.26.143.50: 11: Bye Bye [preauth]
Apr 11 08:28:34 ovzhost sshd[1842]: Invalid user dff from 118.26.143.50
Apr 11 08:28:34 ovzhost sshd[1842]: input_userauth_request: invalid user dff [preauth]
Apr 11 08:28:34 ovzhost sshd[1842]: pam_unix(sshd:auth): check pass; user unknown
Apr 11 08:28:34 ovzhost sshd[1842]: pam_unix(sshd:auth): authentication failure; logname= uid=0 euid=0 tty=ssh ruser= rhost=118.26.143.50 
Apr 11 08:28:36 ovzhost sshd[1842]: Failed password for invalid user dff from 118.26.143.50 port 35286 ssh2
Apr 11 08:28:36 ovzhost sshd[1842]: Received disconnect from 118.26.143.50: 11: Bye Bye [preauth]
Apr 11 08:28:38 ovzhost sshd[1847]: Connection closed by 127.0.0.1 [preauth]
Apr 11 08:28:38 ovzhost sshd[1844]: pam_unix(sshd:auth): authentication failure; logname= uid=0 euid=0 tty=ssh ruser= rhost=118.26.143.50  user=root
Apr 11 08:28:40 ovzhost sshd[1844]: Failed password for root from 118.26.143.50 port 35999 ssh2
Apr 11 08:28:40 ovzhost sshd[1844]: Received disconnect from 118.26.143.50: 11: Bye Bye [preauth]
Apr 11 08:28:42 ovzhost sshd[1849]: pam_unix(sshd:auth): authentication failure; logname= uid=0 euid=0 tty=ssh ruser= rhost=118.26.143.50  user=root
Apr 11 08:28:44 ovzhost sshd[1849]: Failed password for root from 118.26.143.50 port 36491 ssh2
Apr 11 08:28:44 ovzhost sshd[1849]: Received disconnect from 118.26.143.50: 11: Bye Bye [preauth]
Apr 11 08:28:46 ovzhost sshd[1855]: Accepted password for root from 118.26.143.50 port 36998 ssh2
Apr 11 08:28:46 ovzhost sshd[1855]: pam_unix(sshd:session): session opened for user root by (uid=0)
Apr 11 08:28:46 ovzhost sshd[1855]: pam_env(sshd:session): Unable to open env file: /etc/default/locale: No such file or directory
Apr 11 08:28:47 ovzhost sshd[1855]: pam_unix(sshd:session): session closed for user root
