Apr 11 13:57:01 ovzhost sshd[1129]: PAM 2 more authentication failures; logname= uid=0 euid=0 tty=ssh ruser= rhost=43.255.190.126  user=root
Apr 11 13:57:04 ovzhost sshd[1131]: pam_unix(sshd:auth): authentication failure; logname= uid=0 euid=0 tty=ssh ruser= rhost=43.255.190.126  user=root
Apr 11 13:57:06 ovzhost sshd[1131]: Failed password for root from 43.255.190.126 port 34991 ssh2
Apr 11 13:57:10 ovzhost sshd[1131]: message repeated 2 times: [ Failed password for root from 43.255.190.126 port 34991 ssh2]
Apr 11 13:57:10 ovzhost sshd[1131]: Received disconnect from 43.255.190.126: 11:  [preauth]
Apr 11 13:57:10 ovzhost sshd[1131]: PAM 2 more authentication failures; logname= uid=0 euid=0 tty=ssh ruser= rhost=43.255.190.126  user=root
Apr 11 13:57:11 ovzhost sshd[1133]: pam_unix(sshd:auth): authentication failure; logname= uid=0 euid=0 tty=ssh ruser= rhost=43.255.190.126  user=root
Apr 11 13:57:13 ovzhost sshd[1133]: Failed password for root from 43.255.190.126 port 53677 ssh2
Apr 11 13:57:17 ovzhost sshd[1133]: message repeated 2 times: [ Failed password for root from 43.255.190.126 port 53677 ssh2]
Apr 11 13:57:17 ovzhost sshd[1133]: Received disconnect from 43.255.190.126: 11:  [preauth]
Apr 11 13:57:17 ovzhost sshd[1133]: PAM 2 more authentication failures; logname= uid=0 euid=0 tty=ssh ruser= rhost=43.255.190.126  user=root
Apr 11 13:57:17 ovzhost sshd[1135]: pam_unix(sshd:auth): authentication failure; logname= uid=0 euid=0 tty=ssh ruser= rhost=43.255.190.126  user=root
Apr 11 13:57:19 ovzhost sshd[1135]: Failed password for root from 43.255.190.126 port 37665 ssh2
Apr 11 13:57:24 ovzhost sshd[1135]: message repeated 2 times: [ Failed password for root from 43.255.190.126 port 37665 ssh2]
Apr 11 13:57:24 ovzhost sshd[1135]: Received disconnect from 43.255.190.126: 11:  [preauth]
Apr 11 13:57:24 ovzhost sshd[1135]: PAM 2 more authentication failures; logname= uid=0 euid=0 tty=ssh ruser= rhost=43.255.190.126  user=root
Apr 11 14:00:01 ovzhost CRON[1137]: pam_env(cron:session): Unable to open env file: /etc/default/locale: No such file or directory
Apr 11 14:00:01 ovzhost CRON[1137]: pam_unix(cron:session): session opened for user smmsp by (uid=0)
Apr 11 14:00:01 ovzhost CRON[1137]: pam_unix(cron:session): session closed for user smmsp
Apr 11 14:05:44 ovzhost sshd[1163]: reverse mapping checking getaddrinfo for 153-127-166-207-ptr.centennialpr.net [207.166.127.153] failed - POSSIBLE BREAK-IN ATTEMPT!
Apr 11 14:05:44 ovzhost sshd[1163]: Invalid user httpd from 207.166.127.153
Apr 11 14:05:44 ovzhost sshd[1163]: input_userauth_request: invalid user httpd [preauth]
Apr 11 14:05:44 ovzhost sshd[1163]: pam_unix(sshd:auth): check pass; user unknown
Apr 11 14:05:44 ovzhost sshd[1163]: pam_unix(sshd:auth): authentication failure; logname= uid=0 euid=0 tty=ssh ruser= rhost=207.166.127.153 
Apr 11 14:05:46 ovzhost sshd[1163]: Failed password for invalid user httpd from 207.166.127.153 port 41001 ssh2
Apr 11 14:05:46 ovzhost sshd[1163]: Connection closed by 207.166.127.153 [preauth]
Apr 11 14:09:01 ovzhost CRON[1166]: pam_env(cron:session): Unable to open env file: /etc/default/locale: No such file or directory
Apr 11 14:09:01 ovzhost CRON[1166]: pam_unix(cron:session): session opened for user root by (uid=0)
Apr 11 14:09:01 ovzhost CRON[1165]: pam_env(cron:session): Unable to open env file: /etc/default/locale: No such file or directory
Apr 11 14:09:01 ovzhost CRON[1165]: pam_unix(cron:session): session opened for user root by (uid=0)
Apr 11 14:09:01 ovzhost CRON[1165]: pam_unix(cron:session): session closed for user root
Apr 11 14:09:01 ovzhost CRON[1166]: pam_unix(cron:session): session closed for user root
Apr 11 14:10:57 ovzhost sshd[1179]: pam_unix(sshd:auth): authentication failure; logname= uid=0 euid=0 tty=ssh ruser= rhost=43.255.190.183  user=root
Apr 11 14:10:59 ovzhost sshd[1179]: Failed password for root from 43.255.190.183 port 50389 ssh2
Apr 11 14:11:03 ovzhost sshd[1179]: message repeated 2 times: [ Failed password for root from 43.255.190.183 port 50389 ssh2]
Apr 11 14:11:03 ovzhost sshd[1179]: Received disconnect from 43.255.190.183: 11:  [preauth]
Apr 11 14:11:03 ovzhost sshd[1179]: PAM 2 more authentication failures; logname= uid=0 euid=0 tty=ssh ruser= rhost=43.255.190.183  user=root
Apr 11 14:11:03 ovzhost sshd[1181]: pam_unix(sshd:auth): authentication failure; logname= uid=0 euid=0 tty=ssh ruser= rhost=43.255.190.183  user=root
Apr 11 14:11:05 ovzhost sshd[1181]: Failed password for root from 43.255.190.183 port 36614 ssh2
Apr 11 14:11:09 ovzhost sshd[1181]: message repeated 2 times: [ Failed password for root from 43.255.190.183 port 36614 ssh2]
Apr 11 14:11:09 ovzhost sshd[1181]: Received disconnect from 43.255.190.183: 11:  [preauth]
Apr 11 14:11:09 ovzhost sshd[1181]: PAM 2 more authentication failures; logname= uid=0 euid=0 tty=ssh ruser= rhost=43.255.190.183  user=root
Apr 11 14:11:10 ovzhost sshd[1183]: pam_unix(sshd:auth): authentication failure; logname= uid=0 euid=0 tty=ssh ruser= rhost=43.255.190.183  user=root
Apr 11 14:11:12 ovzhost sshd[1183]: Failed password for root from 43.255.190.183 port 49677 ssh2
Apr 11 14:11:16 ovzhost sshd[1183]: message repeated 2 times: [ Failed password for root from 43.255.190.183 port 49677 ssh2]
Apr 11 14:11:17 ovzhost sshd[1183]: Received disconnect from 43.255.190.183: 11:  [preauth]
Apr 11 14:11:17 ovzhost sshd[1183]: PAM 2 more authentication failures; logname= uid=0 euid=0 tty=ssh ruser= rhost=43.255.190.183  user=root
Apr 11 14:11:17 ovzhost sshd[1185]: pam_unix(sshd:auth): authentication failure; logname= uid=0 euid=0 tty=ssh ruser= rhost=43.255.190.183  user=root
Apr 11 14:11:19 ovzhost sshd[1185]: Failed password for root from 43.255.190.183 port 35832 ssh2
Apr 11 14:11:24 ovzhost sshd[1185]: message repeated 2 times: [ Failed password for root from 43.255.190.183 port 35832 ssh2]
Apr 11 14:11:24 ovzhost sshd[1185]: Received disconnect from 43.255.190.183: 11:  [preauth]
Apr 11 14:11:24 ovzhost sshd[1185]: PAM 2 more authentication failures; logname= uid=0 euid=0 tty=ssh ruser= rhost=43.255.190.183  user=root
Apr 11 14:11:25 ovzhost sshd[1187]: pam_unix(sshd:auth): authentication failure; logname= uid=0 euid=0 tty=ssh ruser= rhost=43.255.190.183  user=root
Apr 11 14:11:26 ovzhost sshd[1187]: Failed password for root from 43.255.190.183 port 53201 ssh2
Apr 11 14:11:31 ovzhost sshd[1187]: message repeated 2 times: [ Failed password for root from 43.255.190.183 port 53201 ssh2]
Apr 11 14:11:31 ovzhost sshd[1187]: Received disconnect from 43.255.190.183: 11:  [preauth]
Apr 11 14:11:31 ovzhost sshd[1187]: PAM 2 more authentication failures; logname= uid=0 euid=0 tty=ssh ruser= rhost=43.255.190.183  user=root
Apr 11 14:11:32 ovzhost sshd[1189]: pam_unix(sshd:auth): authentication failure; logname= uid=0 euid=0 tty=ssh ruser= rhost=43.255.190.183  user=root
Apr 11 14:11:34 ovzhost sshd[1189]: Failed password for root from 43.255.190.183 port 42947 ssh2
Apr 11 14:11:38 ovzhost sshd[1189]: message repeated 2 times: [ Failed password for root from 43.255.190.183 port 42947 ssh2]
Apr 11 14:11:38 ovzhost sshd[1189]: Received disconnect from 43.255.190.183: 11:  [preauth]
Apr 11 14:11:38 ovzhost sshd[1189]: PAM 2 more authentication failures; logname= uid=0 euid=0 tty=ssh ruser= rhost=43.255.190.183  user=root
Apr 11 14:11:38 ovzhost sshd[1191]: pam_unix(sshd:auth): authentication failure; logname= uid=0 euid=0 tty=ssh ruser= rhost=43.255.190.183  user=root
Apr 11 14:11:41 ovzhost sshd[1191]: Failed password for root from 43.255.190.183 port 59817 ssh2
Apr 11 14:11:45 ovzhost sshd[1191]: message repeated 2 times: [ Failed password for root from 43.255.190.183 port 59817 ssh2]
Apr 11 14:11:45 ovzhost sshd[1191]: Received disconnect from 43.255.190.183: 11:  [preauth]
Apr 11 14:11:45 ovzhost sshd[1191]: PAM 2 more authentication failures; logname= uid=0 euid=0 tty=ssh ruser= rhost=43.255.190.183  user=root
Apr 11 14:11:48 ovzhost sshd[1193]: pam_unix(sshd:auth): authentication failure; logname= uid=0 euid=0 tty=ssh ruser= rhost=43.255.190.183  user=root
Apr 11 14:11:51 ovzhost sshd[1193]: Failed password for root from 43.255.190.183 port 52249 ssh2
Apr 11 14:11:54 ovzhost sshd[1193]: message repeated 2 times: [ Failed password for root from 43.255.190.183 port 52249 ssh2]
Apr 11 14:11:54 ovzhost sshd[1193]: Received disconnect from 43.255.190.183: 11:  [preauth]
Apr 11 14:11:54 ovzhost sshd[1193]: PAM 2 more authentication failures; logname= uid=0 euid=0 tty=ssh ruser= rhost=43.255.190.183  user=root
Apr 11 14:11:55 ovzhost sshd[1195]: pam_unix(sshd:auth): authentication failure; logname= uid=0 euid=0 tty=ssh ruser= rhost=43.255.190.183  user=root
Apr 11 14:11:57 ovzhost sshd[1195]: Failed password for root from 43.255.190.183 port 48058 ssh2
Apr 11 14:12:01 ovzhost sshd[1195]: message repeated 2 times: [ Failed password for root from 43.255.190.183 port 48058 ssh2]
Apr 11 14:12:01 ovzhost sshd[1195]: Received disconnect from 43.255.190.183: 11:  [preauth]
Apr 11 14:12:01 ovzhost sshd[1195]: PAM 2 more authentication failures; logname= uid=0 euid=0 tty=ssh ruser= rhost=43.255.190.183  user=root
Apr 11 14:12:01 ovzhost sshd[1197]: pam_unix(sshd:auth): authentication failure; logname= uid=0 euid=0 tty=ssh ruser= rhost=43.255.190.183  user=root
Apr 11 14:12:04 ovzhost sshd[1197]: Failed password for root from 43.255.190.183 port 37067 ssh2
Apr 11 14:12:08 ovzhost sshd[1197]: message repeated 2 times: [ Failed password for root from 43.255.190.183 port 37067 ssh2]
Apr 11 14:12:08 ovzhost sshd[1197]: Received disconnect from 43.255.190.183: 11:  [preauth]
Apr 11 14:12:08 ovzhost sshd[1197]: PAM 2 more authentication failures; logname= uid=0 euid=0 tty=ssh ruser= rhost=43.255.190.183  user=root
Apr 11 14:12:09 ovzhost sshd[1199]: pam_unix(sshd:auth): authentication failure; logname= uid=0 euid=0 tty=ssh ruser= rhost=43.255.190.183  user=root
Apr 11 14:12:11 ovzhost sshd[1199]: Failed password for root from 43.255.190.183 port 50917 ssh2
Apr 11 14:12:15 ovzhost sshd[1199]: message repeated 2 times: [ Failed password for root from 43.255.190.183 port 50917 ssh2]
Apr 11 14:12:15 ovzhost sshd[1199]: Received disconnect from 43.255.190.183: 11:  [preauth]
Apr 11 14:12:15 ovzhost sshd[1199]: PAM 2 more authentication failures; logname= uid=0 euid=0 tty=ssh ruser= rhost=43.255.190.183  user=root
Apr 11 14:12:16 ovzhost sshd[1201]: pam_unix(sshd:auth): authentication failure; logname= uid=0 euid=0 tty=ssh ruser= rhost=43.255.190.183  user=root
Apr 11 14:12:18 ovzhost sshd[1201]: Failed password for root from 43.255.190.183 port 37359 ssh2
Apr 11 14:12:23 ovzhost sshd[1201]: message repeated 2 times: [ Failed password for root from 43.255.190.183 port 37359 ssh2]
Apr 11 14:12:23 ovzhost sshd[1201]: Received disconnect from 43.255.190.183: 11:  [preauth]
Apr 11 14:12:23 ovzhost sshd[1201]: PAM 2 more authentication failures; logname= uid=0 euid=0 tty=ssh ruser= rhost=43.255.190.183  user=root
Apr 11 14:12:23 ovzhost sshd[1203]: pam_unix(sshd:auth): authentication failure; logname= uid=0 euid=0 tty=ssh ruser= rhost=43.255.190.183  user=root
Apr 11 14:12:25 ovzhost sshd[1203]: Failed password for root from 43.255.190.183 port 54249 ssh2
Apr 11 14:12:30 ovzhost sshd[1203]: message repeated 2 times: [ Failed password for root from 43.255.190.183 port 54249 ssh2]
Apr 11 14:12:30 ovzhost sshd[1203]: Received disconnect from 43.255.190.183: 11:  [preauth]
Apr 11 14:12:30 ovzhost sshd[1203]: PAM 2 more authentication failures; logname= uid=0 euid=0 tty=ssh ruser= rhost=43.255.190.183  user=root
Apr 11 14:12:31 ovzhost sshd[1205]: pam_unix(sshd:auth): authentication failure; logname= uid=0 euid=0 tty=ssh ruser= rhost=43.255.190.183  user=root
Apr 11 14:12:32 ovzhost sshd[1205]: Failed password for root from 43.255.190.183 port 40610 ssh2
Apr 11 14:12:36 ovzhost sshd[1205]: message repeated 2 times: [ Failed password for root from 43.255.190.183 port 40610 ssh2]
Apr 11 14:12:36 ovzhost sshd[1205]: Received disconnect from 43.255.190.183: 11:  [preauth]
Apr 11 14:12:36 ovzhost sshd[1205]: PAM 2 more authentication failures; logname= uid=0 euid=0 tty=ssh ruser= rhost=43.255.190.183  user=root
Apr 11 14:12:39 ovzhost sshd[1207]: pam_unix(sshd:auth): authentication failure; logname= uid=0 euid=0 tty=ssh ruser= rhost=43.255.190.183  user=root
Apr 11 14:12:41 ovzhost sshd[1207]: Failed password for root from 43.255.190.183 port 54670 ssh2
Apr 11 14:12:45 ovzhost sshd[1207]: message repeated 2 times: [ Failed password for root from 43.255.190.183 port 54670 ssh2]
Apr 11 14:12:45 ovzhost sshd[1207]: Received disconnect from 43.255.190.183: 11:  [preauth]
Apr 11 14:12:45 ovzhost sshd[1207]: PAM 2 more authentication failures; logname= uid=0 euid=0 tty=ssh ruser= rhost=43.255.190.183  user=root
Apr 11 14:12:45 ovzhost sshd[1209]: pam_unix(sshd:auth): authentication failure; logname= uid=0 euid=0 tty=ssh ruser= rhost=43.255.190.183  user=root
Apr 11 14:12:47 ovzhost sshd[1209]: Failed password for root from 43.255.190.183 port 52053 ssh2
Apr 11 14:12:49 ovzhost sshd[1211]: pam_unix(sshd:auth): authentication failure; logname= uid=0 euid=0 tty=ssh ruser= rhost=43.255.190.161  user=root
Apr 11 14:12:51 ovzhost sshd[1211]: Failed password for root from 43.255.190.161 port 33859 ssh2
Apr 11 14:12:52 ovzhost sshd[1209]: message repeated 2 times: [ Failed password for root from 43.255.190.183 port 52053 ssh2]
Apr 11 14:12:52 ovzhost sshd[1209]: Received disconnect from 43.255.190.183: 11:  [preauth]
Apr 11 14:12:52 ovzhost sshd[1209]: PAM 2 more authentication failures; logname= uid=0 euid=0 tty=ssh ruser= rhost=43.255.190.183  user=root
Apr 11 14:12:52 ovzhost sshd[1213]: pam_unix(sshd:auth): authentication failure; logname= uid=0 euid=0 tty=ssh ruser= rhost=43.255.190.183  user=root
Apr 11 14:12:54 ovzhost sshd[1213]: Failed password for root from 43.255.190.183 port 43450 ssh2
Apr 11 14:12:55 ovzhost sshd[1211]: message repeated 2 times: [ Failed password for root from 43.255.190.161 port 33859 ssh2]
Apr 11 14:12:55 ovzhost sshd[1211]: Received disconnect from 43.255.190.161: 11:  [preauth]
Apr 11 14:12:55 ovzhost sshd[1211]: PAM 2 more authentication failures; logname= uid=0 euid=0 tty=ssh ruser= rhost=43.255.190.161  user=root
Apr 11 14:12:55 ovzhost sshd[1215]: pam_unix(sshd:auth): authentication failure; logname= uid=0 euid=0 tty=ssh ruser= rhost=43.255.190.161  user=root
Apr 11 14:12:57 ovzhost sshd[1215]: Failed password for root from 43.255.190.161 port 52469 ssh2
Apr 11 14:12:58 ovzhost sshd[1213]: message repeated 2 times: [ Failed password for root from 43.255.190.183 port 43450 ssh2]
Apr 11 14:12:58 ovzhost sshd[1213]: Received disconnect from 43.255.190.183: 11:  [preauth]
Apr 11 14:12:58 ovzhost sshd[1213]: PAM 2 more authentication failures; logname= uid=0 euid=0 tty=ssh ruser= rhost=43.255.190.183  user=root
Apr 11 14:12:59 ovzhost sshd[1217]: pam_unix(sshd:auth): authentication failure; logname= uid=0 euid=0 tty=ssh ruser= rhost=43.255.190.183  user=root
Apr 11 14:13:01 ovzhost sshd[1217]: Failed password for root from 43.255.190.183 port 60344 ssh2
Apr 11 14:13:01 ovzhost sshd[1215]: message repeated 2 times: [ Failed password for root from 43.255.190.161 port 52469 ssh2]
Apr 11 14:13:02 ovzhost sshd[1215]: Received disconnect from 43.255.190.161: 11:  [preauth]
Apr 11 14:13:02 ovzhost sshd[1215]: PAM 2 more authentication failures; logname= uid=0 euid=0 tty=ssh ruser= rhost=43.255.190.161  user=root
Apr 11 14:13:03 ovzhost sshd[1219]: pam_unix(sshd:auth): authentication failure; logname= uid=0 euid=0 tty=ssh ruser= rhost=43.255.190.161  user=root
Apr 11 14:13:05 ovzhost sshd[1219]: Failed password for root from 43.255.190.161 port 40131 ssh2
Apr 11 14:13:06 ovzhost sshd[1217]: message repeated 2 times: [ Failed password for root from 43.255.190.183 port 60344 ssh2]
Apr 11 14:13:06 ovzhost sshd[1217]: Received disconnect from 43.255.190.183: 11:  [preauth]
Apr 11 14:13:06 ovzhost sshd[1217]: PAM 2 more authentication failures; logname= uid=0 euid=0 tty=ssh ruser= rhost=43.255.190.183  user=root
Apr 11 14:13:06 ovzhost sshd[1221]: pam_unix(sshd:auth): authentication failure; logname= uid=0 euid=0 tty=ssh ruser= rhost=43.255.190.183  user=root
Apr 11 14:13:09 ovzhost sshd[1221]: Failed password for root from 43.255.190.183 port 48673 ssh2
Apr 11 14:13:09 ovzhost sshd[1219]: message repeated 2 times: [ Failed password for root from 43.255.190.161 port 40131 ssh2]
Apr 11 14:13:09 ovzhost sshd[1219]: Received disconnect from 43.255.190.161: 11:  [preauth]
Apr 11 14:13:09 ovzhost sshd[1219]: PAM 2 more authentication failures; logname= uid=0 euid=0 tty=ssh ruser= rhost=43.255.190.161  user=root
Apr 11 14:13:10 ovzhost sshd[1223]: pam_unix(sshd:auth): authentication failure; logname= uid=0 euid=0 tty=ssh ruser= rhost=43.255.190.161  user=root
Apr 11 14:13:12 ovzhost sshd[1223]: Failed password for root from 43.255.190.161 port 56644 ssh2
Apr 11 14:13:13 ovzhost sshd[1221]: message repeated 2 times: [ Failed password for root from 43.255.190.183 port 48673 ssh2]
Apr 11 14:13:13 ovzhost sshd[1221]: Received disconnect from 43.255.190.183: 11:  [preauth]
Apr 11 14:13:13 ovzhost sshd[1221]: PAM 2 more authentication failures; logname= uid=0 euid=0 tty=ssh ruser= rhost=43.255.190.183  user=root
Apr 11 14:13:13 ovzhost sshd[1225]: pam_unix(sshd:auth): authentication failure; logname= uid=0 euid=0 tty=ssh ruser= rhost=43.255.190.183  user=root
Apr 11 14:13:16 ovzhost sshd[1225]: Failed password for root from 43.255.190.183 port 36608 ssh2
Apr 11 14:13:17 ovzhost sshd[1223]: message repeated 2 times: [ Failed password for root from 43.255.190.161 port 56644 ssh2]
Apr 11 14:13:17 ovzhost sshd[1223]: Received disconnect from 43.255.190.161: 11:  [preauth]
Apr 11 14:13:17 ovzhost sshd[1223]: PAM 2 more authentication failures; logname= uid=0 euid=0 tty=ssh ruser= rhost=43.255.190.161  user=root
Apr 11 14:13:18 ovzhost sshd[1227]: pam_unix(sshd:auth): authentication failure; logname= uid=0 euid=0 tty=ssh ruser= rhost=43.255.190.161  user=root
Apr 11 14:13:20 ovzhost sshd[1227]: Failed password for root from 43.255.190.161 port 46731 ssh2
Apr 11 14:13:20 ovzhost sshd[1225]: message repeated 2 times: [ Failed password for root from 43.255.190.183 port 36608 ssh2]
Apr 11 14:13:20 ovzhost sshd[1225]: Received disconnect from 43.255.190.183: 11:  [preauth]
Apr 11 14:13:20 ovzhost sshd[1225]: PAM 2 more authentication failures; logname= uid=0 euid=0 tty=ssh ruser= rhost=43.255.190.183  user=root
Apr 11 14:13:21 ovzhost sshd[1229]: pam_unix(sshd:auth): authentication failure; logname= uid=0 euid=0 tty=ssh ruser= rhost=43.255.190.183  user=root
Apr 11 14:13:23 ovzhost sshd[1229]: Failed password for root from 43.255.190.183 port 54861 ssh2
Apr 11 14:13:25 ovzhost sshd[1227]: message repeated 2 times: [ Failed password for root from 43.255.190.161 port 46731 ssh2]
Apr 11 14:13:25 ovzhost sshd[1227]: Received disconnect from 43.255.190.161: 11:  [preauth]
Apr 11 14:13:25 ovzhost sshd[1227]: PAM 2 more authentication failures; logname= uid=0 euid=0 tty=ssh ruser= rhost=43.255.190.161  user=root
Apr 11 14:13:25 ovzhost sshd[1231]: pam_unix(sshd:auth): authentication failure; logname= uid=0 euid=0 tty=ssh ruser= rhost=43.255.190.161  user=root
Apr 11 14:13:28 ovzhost sshd[1231]: Failed password for root from 43.255.190.161 port 36111 ssh2
Apr 11 14:13:28 ovzhost sshd[1229]: message repeated 2 times: [ Failed password for root from 43.255.190.183 port 54861 ssh2]
Apr 11 14:13:28 ovzhost sshd[1229]: Received disconnect from 43.255.190.183: 11:  [preauth]
Apr 11 14:13:28 ovzhost sshd[1229]: PAM 2 more authentication failures; logname= uid=0 euid=0 tty=ssh ruser= rhost=43.255.190.183  user=root
Apr 11 14:13:29 ovzhost sshd[1233]: pam_unix(sshd:auth): authentication failure; logname= uid=0 euid=0 tty=ssh ruser= rhost=43.255.190.183  user=root
Apr 11 14:13:31 ovzhost sshd[1233]: Failed password for root from 43.255.190.183 port 44626 ssh2
Apr 11 14:13:32 ovzhost sshd[1231]: message repeated 2 times: [ Failed password for root from 43.255.190.161 port 36111 ssh2]
Apr 11 14:13:32 ovzhost sshd[1231]: Received disconnect from 43.255.190.161: 11:  [preauth]
Apr 11 14:13:32 ovzhost sshd[1231]: PAM 2 more authentication failures; logname= uid=0 euid=0 tty=ssh ruser= rhost=43.255.190.161  user=root
Apr 11 14:13:33 ovzhost sshd[1235]: pam_unix(sshd:auth): authentication failure; logname= uid=0 euid=0 tty=ssh ruser= rhost=43.255.190.161  user=root
Apr 11 14:13:35 ovzhost sshd[1235]: Failed password for root from 43.255.190.161 port 52168 ssh2
Apr 11 14:13:36 ovzhost sshd[1233]: message repeated 2 times: [ Failed password for root from 43.255.190.183 port 44626 ssh2]
Apr 11 14:13:36 ovzhost sshd[1233]: Received disconnect from 43.255.190.183: 11:  [preauth]
Apr 11 14:13:36 ovzhost sshd[1233]: PAM 2 more authentication failures; logname= uid=0 euid=0 tty=ssh ruser= rhost=43.255.190.183  user=root
Apr 11 14:13:37 ovzhost sshd[1237]: pam_unix(sshd:auth): authentication failure; logname= uid=0 euid=0 tty=ssh ruser= rhost=43.255.190.183  user=root
Apr 11 14:13:39 ovzhost sshd[1237]: Failed password for root from 43.255.190.183 port 37046 ssh2
Apr 11 14:13:39 ovzhost sshd[1235]: message repeated 2 times: [ Failed password for root from 43.255.190.161 port 52168 ssh2]
Apr 11 14:13:39 ovzhost sshd[1235]: Received disconnect from 43.255.190.161: 11:  [preauth]
Apr 11 14:13:39 ovzhost sshd[1235]: PAM 2 more authentication failures; logname= uid=0 euid=0 tty=ssh ruser= rhost=43.255.190.161  user=root
Apr 11 14:13:40 ovzhost sshd[1239]: pam_unix(sshd:auth): authentication failure; logname= uid=0 euid=0 tty=ssh ruser= rhost=43.255.190.161  user=root
Apr 11 14:13:42 ovzhost sshd[1239]: Failed password for root from 43.255.190.161 port 44310 ssh2
Apr 11 14:13:43 ovzhost sshd[1237]: message repeated 2 times: [ Failed password for root from 43.255.190.183 port 37046 ssh2]
Apr 11 14:13:43 ovzhost sshd[1237]: Received disconnect from 43.255.190.183: 11:  [preauth]
Apr 11 14:13:43 ovzhost sshd[1237]: PAM 2 more authentication failures; logname= uid=0 euid=0 tty=ssh ruser= rhost=43.255.190.183  user=root
Apr 11 14:13:44 ovzhost sshd[1241]: pam_unix(sshd:auth): authentication failure; logname= uid=0 euid=0 tty=ssh ruser= rhost=43.255.190.183  user=root
Apr 11 14:13:46 ovzhost sshd[1241]: Failed password for root from 43.255.190.183 port 57168 ssh2
Apr 11 14:13:47 ovzhost sshd[1239]: message repeated 2 times: [ Failed password for root from 43.255.190.161 port 44310 ssh2]
Apr 11 14:13:47 ovzhost sshd[1239]: Received disconnect from 43.255.190.161: 11:  [preauth]
Apr 11 14:13:47 ovzhost sshd[1239]: PAM 2 more authentication failures; logname= uid=0 euid=0 tty=ssh ruser= rhost=43.255.190.161  user=root
Apr 11 14:13:47 ovzhost sshd[1243]: pam_unix(sshd:auth): authentication failure; logname= uid=0 euid=0 tty=ssh ruser= rhost=43.255.190.161  user=root
Apr 11 14:13:49 ovzhost sshd[1243]: Failed password for root from 43.255.190.161 port 36512 ssh2
Apr 11 14:13:51 ovzhost sshd[1241]: message repeated 2 times: [ Failed password for root from 43.255.190.183 port 57168 ssh2]
Apr 11 14:13:51 ovzhost sshd[1241]: Received disconnect from 43.255.190.183: 11:  [preauth]
Apr 11 14:13:51 ovzhost sshd[1241]: PAM 2 more authentication failures; logname= uid=0 euid=0 tty=ssh ruser= rhost=43.255.190.183  user=root
Apr 11 14:13:52 ovzhost sshd[1245]: pam_unix(sshd:auth): authentication failure; logname= uid=0 euid=0 tty=ssh ruser= rhost=43.255.190.183  user=root
Apr 11 14:13:54 ovzhost sshd[1243]: message repeated 2 times: [ Failed password for root from 43.255.190.161 port 36512 ssh2]
Apr 11 14:13:54 ovzhost sshd[1243]: Received disconnect from 43.255.190.161: 11:  [preauth]
Apr 11 14:13:54 ovzhost sshd[1243]: PAM 2 more authentication failures; logname= uid=0 euid=0 tty=ssh ruser= rhost=43.255.190.161  user=root
Apr 11 14:13:54 ovzhost sshd[1245]: Failed password for root from 43.255.190.183 port 50178 ssh2
Apr 11 14:13:55 ovzhost sshd[1247]: pam_unix(sshd:auth): authentication failure; logname= uid=0 euid=0 tty=ssh ruser= rhost=43.255.190.161  user=root
Apr 11 14:13:57 ovzhost sshd[1247]: Failed password for root from 43.255.190.161 port 54602 ssh2
Apr 11 14:13:59 ovzhost sshd[1245]: message repeated 2 times: [ Failed password for root from 43.255.190.183 port 50178 ssh2]
Apr 11 14:13:59 ovzhost sshd[1245]: Received disconnect from 43.255.190.183: 11:  [preauth]
Apr 11 14:13:59 ovzhost sshd[1245]: PAM 2 more authentication failures; logname= uid=0 euid=0 tty=ssh ruser= rhost=43.255.190.183  user=root
Apr 11 14:13:59 ovzhost sshd[1249]: pam_unix(sshd:auth): authentication failure; logname= uid=0 euid=0 tty=ssh ruser= rhost=43.255.190.183  user=root
Apr 11 14:14:02 ovzhost sshd[1249]: Failed password for root from 43.255.190.183 port 43672 ssh2
Apr 11 14:14:02 ovzhost sshd[1247]: message repeated 2 times: [ Failed password for root from 43.255.190.161 port 54602 ssh2]
Apr 11 14:14:02 ovzhost sshd[1247]: Received disconnect from 43.255.190.161: 11:  [preauth]
Apr 11 14:14:02 ovzhost sshd[1247]: PAM 2 more authentication failures; logname= uid=0 euid=0 tty=ssh ruser= rhost=43.255.190.161  user=root
Apr 11 14:14:03 ovzhost sshd[1251]: pam_unix(sshd:auth): authentication failure; logname= uid=0 euid=0 tty=ssh ruser= rhost=43.255.190.161  user=root
Apr 11 14:14:04 ovzhost sshd[1251]: Failed password for root from 43.255.190.161 port 47713 ssh2
Apr 11 14:14:05 ovzhost sshd[1249]: message repeated 2 times: [ Failed password for root from 43.255.190.183 port 43672 ssh2]
Apr 11 14:14:06 ovzhost sshd[1249]: Received disconnect from 43.255.190.183: 11:  [preauth]
Apr 11 14:14:06 ovzhost sshd[1249]: PAM 2 more authentication failures; logname= uid=0 euid=0 tty=ssh ruser= rhost=43.255.190.183  user=root
Apr 11 14:14:06 ovzhost sshd[1253]: pam_unix(sshd:auth): authentication failure; logname= uid=0 euid=0 tty=ssh ruser= rhost=43.255.190.183  user=root
Apr 11 14:14:08 ovzhost sshd[1251]: message repeated 2 times: [ Failed password for root from 43.255.190.161 port 47713 ssh2]
Apr 11 14:14:08 ovzhost sshd[1251]: Received disconnect from 43.255.190.161: 11:  [preauth]
Apr 11 14:14:08 ovzhost sshd[1251]: PAM 2 more authentication failures; logname= uid=0 euid=0 tty=ssh ruser= rhost=43.255.190.161  user=root
Apr 11 14:14:08 ovzhost sshd[1253]: Failed password for root from 43.255.190.183 port 35013 ssh2
Apr 11 14:14:09 ovzhost sshd[1255]: pam_unix(sshd:auth): authentication failure; logname= uid=0 euid=0 tty=ssh ruser= rhost=43.255.190.161  user=root
Apr 11 14:14:11 ovzhost sshd[1255]: Failed password for root from 43.255.190.161 port 36569 ssh2
Apr 11 14:14:13 ovzhost sshd[1253]: message repeated 2 times: [ Failed password for root from 43.255.190.183 port 35013 ssh2]
Apr 11 14:14:13 ovzhost sshd[1253]: Received disconnect from 43.255.190.183: 11:  [preauth]
Apr 11 14:14:13 ovzhost sshd[1253]: PAM 2 more authentication failures; logname= uid=0 euid=0 tty=ssh ruser= rhost=43.255.190.183  user=root
Apr 11 14:14:14 ovzhost sshd[1257]: pam_unix(sshd:auth): authentication failure; logname= uid=0 euid=0 tty=ssh ruser= rhost=43.255.190.183  user=root
Apr 11 14:14:16 ovzhost sshd[1255]: message repeated 2 times: [ Failed password for root from 43.255.190.161 port 36569 ssh2]
Apr 11 14:14:16 ovzhost sshd[1255]: Received disconnect from 43.255.190.161: 11:  [preauth]
Apr 11 14:14:16 ovzhost sshd[1255]: PAM 2 more authentication failures; logname= uid=0 euid=0 tty=ssh ruser= rhost=43.255.190.161  user=root
Apr 11 14:14:17 ovzhost sshd[1257]: Failed password for root from 43.255.190.183 port 55997 ssh2
Apr 11 14:14:17 ovzhost sshd[1259]: pam_unix(sshd:auth): authentication failure; logname= uid=0 euid=0 tty=ssh ruser= rhost=43.255.190.161  user=root
Apr 11 14:14:19 ovzhost sshd[1259]: Failed password for root from 43.255.190.161 port 53675 ssh2
Apr 11 14:14:22 ovzhost sshd[1257]: message repeated 2 times: [ Failed password for root from 43.255.190.183 port 55997 ssh2]
Apr 11 14:14:22 ovzhost sshd[1257]: Received disconnect from 43.255.190.183: 11:  [preauth]
Apr 11 14:14:22 ovzhost sshd[1257]: PAM 2 more authentication failures; logname= uid=0 euid=0 tty=ssh ruser= rhost=43.255.190.183  user=root
Apr 11 14:14:22 ovzhost sshd[1261]: pam_unix(sshd:auth): authentication failure; logname= uid=0 euid=0 tty=ssh ruser= rhost=43.255.190.183  user=root
Apr 11 14:14:24 ovzhost sshd[1259]: message repeated 2 times: [ Failed password for root from 43.255.190.161 port 53675 ssh2]
Apr 11 14:14:24 ovzhost sshd[1259]: Received disconnect from 43.255.190.161: 11:  [preauth]
Apr 11 14:14:24 ovzhost sshd[1259]: PAM 2 more authentication failures; logname= uid=0 euid=0 tty=ssh ruser= rhost=43.255.190.161  user=root
Apr 11 14:14:24 ovzhost sshd[1261]: Failed password for root from 43.255.190.183 port 46898 ssh2
Apr 11 14:14:24 ovzhost sshd[1263]: pam_unix(sshd:auth): authentication failure; logname= uid=0 euid=0 tty=ssh ruser= rhost=43.255.190.161  user=root
Apr 11 14:14:26 ovzhost sshd[1263]: Failed password for root from 43.255.190.161 port 41183 ssh2
Apr 11 14:14:29 ovzhost sshd[1261]: message repeated 2 times: [ Failed password for root from 43.255.190.183 port 46898 ssh2]
Apr 11 14:14:29 ovzhost sshd[1261]: Received disconnect from 43.255.190.183: 11:  [preauth]
Apr 11 14:14:29 ovzhost sshd[1261]: PAM 2 more authentication failures; logname= uid=0 euid=0 tty=ssh ruser= rhost=43.255.190.183  user=root
Apr 11 14:14:29 ovzhost sshd[1265]: pam_unix(sshd:auth): authentication failure; logname= uid=0 euid=0 tty=ssh ruser= rhost=43.255.190.183  user=root
Apr 11 14:14:31 ovzhost sshd[1263]: message repeated 2 times: [ Failed password for root from 43.255.190.161 port 41183 ssh2]
Apr 11 14:14:31 ovzhost sshd[1263]: Received disconnect from 43.255.190.161: 11:  [preauth]
Apr 11 14:14:31 ovzhost sshd[1263]: PAM 2 more authentication failures; logname= uid=0 euid=0 tty=ssh ruser= rhost=43.255.190.161  user=root
Apr 11 14:14:31 ovzhost sshd[1265]: Failed password for root from 43.255.190.183 port 35025 ssh2
Apr 11 14:14:32 ovzhost sshd[1267]: pam_unix(sshd:auth): authentication failure; logname= uid=0 euid=0 tty=ssh ruser= rhost=43.255.190.161  user=root
Apr 11 14:14:34 ovzhost sshd[1267]: Failed password for root from 43.255.190.161 port 57593 ssh2
Apr 11 14:14:36 ovzhost sshd[1265]: message repeated 2 times: [ Failed password for root from 43.255.190.183 port 35025 ssh2]
Apr 11 14:14:36 ovzhost sshd[1265]: Received disconnect from 43.255.190.183: 11:  [preauth]
Apr 11 14:14:36 ovzhost sshd[1265]: PAM 2 more authentication failures; logname= uid=0 euid=0 tty=ssh ruser= rhost=43.255.190.183  user=root
Apr 11 14:14:37 ovzhost sshd[1269]: pam_unix(sshd:auth): authentication failure; logname= uid=0 euid=0 tty=ssh ruser= rhost=43.255.190.183  user=root
Apr 11 14:14:38 ovzhost sshd[1267]: message repeated 2 times: [ Failed password for root from 43.255.190.161 port 57593 ssh2]
Apr 11 14:14:38 ovzhost sshd[1267]: Received disconnect from 43.255.190.161: 11:  [preauth]
Apr 11 14:14:38 ovzhost sshd[1267]: PAM 2 more authentication failures; logname= uid=0 euid=0 tty=ssh ruser= rhost=43.255.190.161  user=root
Apr 11 14:14:39 ovzhost sshd[1269]: Failed password for root from 43.255.190.183 port 52894 ssh2
Apr 11 14:14:39 ovzhost sshd[1271]: pam_unix(sshd:auth): authentication failure; logname= uid=0 euid=0 tty=ssh ruser= rhost=43.255.190.161  user=root
Apr 11 14:14:41 ovzhost sshd[1271]: Failed password for root from 43.255.190.161 port 44823 ssh2
Apr 11 14:14:43 ovzhost sshd[1269]: message repeated 2 times: [ Failed password for root from 43.255.190.183 port 52894 ssh2]
Apr 11 14:14:43 ovzhost sshd[1269]: Received disconnect from 43.255.190.183: 11:  [preauth]
Apr 11 14:14:43 ovzhost sshd[1269]: PAM 2 more authentication failures; logname= uid=0 euid=0 tty=ssh ruser= rhost=43.255.190.183  user=root
Apr 11 14:14:44 ovzhost sshd[1273]: pam_unix(sshd:auth): authentication failure; logname= uid=0 euid=0 tty=ssh ruser= rhost=43.255.190.183  user=root
Apr 11 14:14:45 ovzhost sshd[1271]: message repeated 2 times: [ Failed password for root from 43.255.190.161 port 44823 ssh2]
Apr 11 14:14:46 ovzhost sshd[1271]: Received disconnect from 43.255.190.161: 11:  [preauth]
Apr 11 14:14:46 ovzhost sshd[1271]: PAM 2 more authentication failures; logname= uid=0 euid=0 tty=ssh ruser= rhost=43.255.190.161  user=root
Apr 11 14:14:46 ovzhost sshd[1275]: pam_unix(sshd:auth): authentication failure; logname= uid=0 euid=0 tty=ssh ruser= rhost=43.255.190.161  user=root
Apr 11 14:14:47 ovzhost sshd[1273]: Failed password for root from 43.255.190.183 port 39607 ssh2
Apr 11 14:14:48 ovzhost sshd[1275]: Failed password for root from 43.255.190.161 port 59083 ssh2
Apr 11 14:14:51 ovzhost sshd[1273]: message repeated 2 times: [ Failed password for root from 43.255.190.183 port 39607 ssh2]
Apr 11 14:14:51 ovzhost sshd[1273]: Received disconnect from 43.255.190.183: 11:  [preauth]
Apr 11 14:14:51 ovzhost sshd[1273]: PAM 2 more authentication failures; logname= uid=0 euid=0 tty=ssh ruser= rhost=43.255.190.183  user=root
Apr 11 14:14:52 ovzhost sshd[1277]: pam_unix(sshd:auth): authentication failure; logname= uid=0 euid=0 tty=ssh ruser= rhost=43.255.190.183  user=root
Apr 11 14:14:52 ovzhost sshd[1275]: message repeated 2 times: [ Failed password for root from 43.255.190.161 port 59083 ssh2]
Apr 11 14:14:52 ovzhost sshd[1275]: Received disconnect from 43.255.190.161: 11:  [preauth]
Apr 11 14:14:52 ovzhost sshd[1275]: PAM 2 more authentication failures; logname= uid=0 euid=0 tty=ssh ruser= rhost=43.255.190.161  user=root
Apr 11 14:14:53 ovzhost sshd[1279]: pam_unix(sshd:auth): authentication failure; logname= uid=0 euid=0 tty=ssh ruser= rhost=43.255.190.161  user=root
Apr 11 14:14:54 ovzhost sshd[1277]: Failed password for root from 43.255.190.183 port 59250 ssh2
Apr 11 14:14:55 ovzhost sshd[1279]: Failed password for root from 43.255.190.161 port 48159 ssh2
Apr 11 14:14:59 ovzhost sshd[1277]: message repeated 2 times: [ Failed password for root from 43.255.190.183 port 59250 ssh2]
Apr 11 14:14:59 ovzhost sshd[1277]: Received disconnect from 43.255.190.183: 11:  [preauth]
Apr 11 14:14:59 ovzhost sshd[1277]: PAM 2 more authentication failures; logname= uid=0 euid=0 tty=ssh ruser= rhost=43.255.190.183  user=root
Apr 11 14:15:00 ovzhost sshd[1281]: pam_unix(sshd:auth): authentication failure; logname= uid=0 euid=0 tty=ssh ruser= rhost=43.255.190.183  user=root
Apr 11 14:15:00 ovzhost sshd[1279]: message repeated 2 times: [ Failed password for root from 43.255.190.161 port 48159 ssh2]
Apr 11 14:15:01 ovzhost sshd[1279]: Received disconnect from 43.255.190.161: 11:  [preauth]
Apr 11 14:15:01 ovzhost sshd[1279]: PAM 2 more authentication failures; logname= uid=0 euid=0 tty=ssh ruser= rhost=43.255.190.161  user=root
Apr 11 14:15:01 ovzhost sshd[1283]: pam_unix(sshd:auth): authentication failure; logname= uid=0 euid=0 tty=ssh ruser= rhost=43.255.190.161  user=root
Apr 11 14:15:01 ovzhost sshd[1281]: Failed password for root from 43.255.190.183 port 53042 ssh2
Apr 11 14:15:03 ovzhost sshd[1283]: Failed password for root from 43.255.190.161 port 39879 ssh2
Apr 11 14:15:05 ovzhost sshd[1281]: message repeated 2 times: [ Failed password for root from 43.255.190.183 port 53042 ssh2]
Apr 11 14:15:06 ovzhost sshd[1281]: Received disconnect from 43.255.190.183: 11:  [preauth]
Apr 11 14:15:06 ovzhost sshd[1281]: PAM 2 more authentication failures; logname= uid=0 euid=0 tty=ssh ruser= rhost=43.255.190.183  user=root
Apr 11 14:15:06 ovzhost sshd[1285]: pam_unix(sshd:auth): authentication failure; logname= uid=0 euid=0 tty=ssh ruser= rhost=43.255.190.183  user=root
Apr 11 14:15:07 ovzhost sshd[1283]: message repeated 2 times: [ Failed password for root from 43.255.190.161 port 39879 ssh2]
Apr 11 14:15:08 ovzhost sshd[1283]: Received disconnect from 43.255.190.161: 11:  [preauth]
Apr 11 14:15:08 ovzhost sshd[1283]: PAM 2 more authentication failures; logname= uid=0 euid=0 tty=ssh ruser= rhost=43.255.190.161  user=root
Apr 11 14:15:09 ovzhost sshd[1287]: pam_unix(sshd:auth): authentication failure; logname= uid=0 euid=0 tty=ssh ruser= rhost=43.255.190.161  user=root
Apr 11 14:15:09 ovzhost sshd[1285]: Failed password for root from 43.255.190.183 port 42591 ssh2
Apr 11 14:15:10 ovzhost sshd[1287]: Failed password for root from 43.255.190.161 port 57313 ssh2
Apr 11 14:15:12 ovzhost sshd[1285]: message repeated 2 times: [ Failed password for root from 43.255.190.183 port 42591 ssh2]
Apr 11 14:15:12 ovzhost sshd[1285]: Received disconnect from 43.255.190.183: 11:  [preauth]
Apr 11 14:15:12 ovzhost sshd[1285]: PAM 2 more authentication failures; logname= uid=0 euid=0 tty=ssh ruser= rhost=43.255.190.183  user=root
Apr 11 14:15:13 ovzhost sshd[1289]: pam_unix(sshd:auth): authentication failure; logname= uid=0 euid=0 tty=ssh ruser= rhost=43.255.190.183  user=root
Apr 11 14:15:14 ovzhost sshd[1287]: message repeated 2 times: [ Failed password for root from 43.255.190.161 port 57313 ssh2]
Apr 11 14:15:14 ovzhost sshd[1287]: Received disconnect from 43.255.190.161: 11:  [preauth]
Apr 11 14:15:14 ovzhost sshd[1287]: PAM 2 more authentication failures; logname= uid=0 euid=0 tty=ssh ruser= rhost=43.255.190.161  user=root
Apr 11 14:15:15 ovzhost sshd[1291]: pam_unix(sshd:auth): authentication failure; logname= uid=0 euid=0 tty=ssh ruser= rhost=43.255.190.161  user=root
Apr 11 14:15:15 ovzhost sshd[1289]: Failed password for root from 43.255.190.183 port 32821 ssh2
Apr 11 14:15:16 ovzhost sshd[1291]: Failed password for root from 43.255.190.161 port 45417 ssh2
Apr 11 14:15:18 ovzhost sshd[1289]: message repeated 2 times: [ Failed password for root from 43.255.190.183 port 32821 ssh2]
Apr 11 14:15:18 ovzhost sshd[1289]: Received disconnect from 43.255.190.183: 11:  [preauth]
Apr 11 14:15:18 ovzhost sshd[1289]: PAM 2 more authentication failures; logname= uid=0 euid=0 tty=ssh ruser= rhost=43.255.190.183  user=root
Apr 11 14:15:19 ovzhost sshd[1293]: pam_unix(sshd:auth): authentication failure; logname= uid=0 euid=0 tty=ssh ruser= rhost=43.255.190.183  user=root
Apr 11 14:15:20 ovzhost sshd[1291]: message repeated 2 times: [ Failed password for root from 43.255.190.161 port 45417 ssh2]
Apr 11 14:15:20 ovzhost sshd[1291]: Received disconnect from 43.255.190.161: 11:  [preauth]
Apr 11 14:15:20 ovzhost sshd[1291]: PAM 2 more authentication failures; logname= uid=0 euid=0 tty=ssh ruser= rhost=43.255.190.161  user=root
Apr 11 14:15:21 ovzhost sshd[1295]: pam_unix(sshd:auth): authentication failure; logname= uid=0 euid=0 tty=ssh ruser= rhost=43.255.190.161  user=root
Apr 11 14:15:21 ovzhost sshd[1293]: Failed password for root from 43.255.190.183 port 49543 ssh2
Apr 11 14:15:22 ovzhost sshd[1295]: Failed password for root from 43.255.190.161 port 60949 ssh2
Apr 11 14:15:24 ovzhost sshd[1293]: message repeated 2 times: [ Failed password for root from 43.255.190.183 port 49543 ssh2]
Apr 11 14:15:24 ovzhost sshd[1293]: Received disconnect from 43.255.190.183: 11:  [preauth]
Apr 11 14:15:24 ovzhost sshd[1293]: PAM 2 more authentication failures; logname= uid=0 euid=0 tty=ssh ruser= rhost=43.255.190.183  user=root
Apr 11 14:15:25 ovzhost sshd[1297]: pam_unix(sshd:auth): authentication failure; logname= uid=0 euid=0 tty=ssh ruser= rhost=43.255.190.183  user=root
Apr 11 14:15:26 ovzhost sshd[1295]: message repeated 2 times: [ Failed password for root from 43.255.190.161 port 60949 ssh2]
Apr 11 14:15:26 ovzhost sshd[1295]: Received disconnect from 43.255.190.161: 11:  [preauth]
Apr 11 14:15:26 ovzhost sshd[1295]: PAM 2 more authentication failures; logname= uid=0 euid=0 tty=ssh ruser= rhost=43.255.190.161  user=root
Apr 11 14:15:27 ovzhost sshd[1299]: pam_unix(sshd:auth): authentication failure; logname= uid=0 euid=0 tty=ssh ruser= rhost=43.255.190.161  user=root
Apr 11 14:15:27 ovzhost sshd[1297]: Failed password for root from 43.255.190.183 port 38498 ssh2
Apr 11 14:15:29 ovzhost sshd[1299]: Failed password for root from 43.255.190.161 port 48379 ssh2
Apr 11 14:15:32 ovzhost sshd[1297]: message repeated 2 times: [ Failed password for root from 43.255.190.183 port 38498 ssh2]
Apr 11 14:15:32 ovzhost sshd[1297]: Received disconnect from 43.255.190.183: 11:  [preauth]
Apr 11 14:15:32 ovzhost sshd[1297]: PAM 2 more authentication failures; logname= uid=0 euid=0 tty=ssh ruser= rhost=43.255.190.183  user=root
Apr 11 14:15:34 ovzhost sshd[1301]: pam_unix(sshd:auth): authentication failure; logname= uid=0 euid=0 tty=ssh ruser= rhost=43.255.190.183  user=root
Apr 11 14:15:34 ovzhost sshd[1299]: message repeated 2 times: [ Failed password for root from 43.255.190.161 port 48379 ssh2]
Apr 11 14:15:34 ovzhost sshd[1299]: Received disconnect from 43.255.190.161: 11:  [preauth]
Apr 11 14:15:34 ovzhost sshd[1299]: PAM 2 more authentication failures; logname= uid=0 euid=0 tty=ssh ruser= rhost=43.255.190.161  user=root
Apr 11 14:15:35 ovzhost sshd[1303]: pam_unix(sshd:auth): authentication failure; logname= uid=0 euid=0 tty=ssh ruser= rhost=43.255.190.161  user=root
Apr 11 14:15:35 ovzhost sshd[1301]: Failed password for root from 43.255.190.183 port 57982 ssh2
Apr 11 14:15:36 ovzhost sshd[1303]: Failed password for root from 43.255.190.161 port 35716 ssh2
Apr 11 14:15:38 ovzhost sshd[1301]: message repeated 2 times: [ Failed password for root from 43.255.190.183 port 57982 ssh2]
Apr 11 14:15:38 ovzhost sshd[1301]: Received disconnect from 43.255.190.183: 11:  [preauth]
Apr 11 14:15:38 ovzhost sshd[1301]: PAM 2 more authentication failures; logname= uid=0 euid=0 tty=ssh ruser= rhost=43.255.190.183  user=root
Apr 11 14:15:39 ovzhost sshd[1305]: pam_unix(sshd:auth): authentication failure; logname= uid=0 euid=0 tty=ssh ruser= rhost=43.255.190.183  user=root
Apr 11 14:15:40 ovzhost sshd[1303]: message repeated 2 times: [ Failed password for root from 43.255.190.161 port 35716 ssh2]
Apr 11 14:15:40 ovzhost sshd[1303]: Received disconnect from 43.255.190.161: 11:  [preauth]
Apr 11 14:15:40 ovzhost sshd[1303]: PAM 2 more authentication failures; logname= uid=0 euid=0 tty=ssh ruser= rhost=43.255.190.161  user=root
Apr 11 14:15:41 ovzhost sshd[1307]: pam_unix(sshd:auth): authentication failure; logname= uid=0 euid=0 tty=ssh ruser= rhost=43.255.190.161  user=root
Apr 11 14:15:41 ovzhost sshd[1305]: Failed password for root from 43.255.190.183 port 43647 ssh2
Apr 11 14:15:43 ovzhost sshd[1307]: Failed password for root from 43.255.190.161 port 48522 ssh2
Apr 11 14:15:46 ovzhost sshd[1305]: message repeated 2 times: [ Failed password for root from 43.255.190.183 port 43647 ssh2]
Apr 11 14:15:46 ovzhost sshd[1305]: Received disconnect from 43.255.190.183: 11:  [preauth]
Apr 11 14:15:46 ovzhost sshd[1305]: PAM 2 more authentication failures; logname= uid=0 euid=0 tty=ssh ruser= rhost=43.255.190.183  user=root
Apr 11 14:15:47 ovzhost sshd[1309]: pam_unix(sshd:auth): authentication failure; logname= uid=0 euid=0 tty=ssh ruser= rhost=43.255.190.183  user=root
Apr 11 14:15:47 ovzhost sshd[1307]: message repeated 2 times: [ Failed password for root from 43.255.190.161 port 48522 ssh2]
Apr 11 14:15:47 ovzhost sshd[1307]: Received disconnect from 43.255.190.161: 11:  [preauth]
Apr 11 14:15:47 ovzhost sshd[1307]: PAM 2 more authentication failures; logname= uid=0 euid=0 tty=ssh ruser= rhost=43.255.190.161  user=root
Apr 11 14:15:48 ovzhost sshd[1311]: pam_unix(sshd:auth): authentication failure; logname= uid=0 euid=0 tty=ssh ruser= rhost=43.255.190.161  user=root
Apr 11 14:15:48 ovzhost sshd[1309]: Failed password for root from 43.255.190.183 port 60825 ssh2
Apr 11 14:15:50 ovzhost sshd[1311]: Failed password for root from 43.255.190.161 port 34422 ssh2
Apr 11 14:15:53 ovzhost sshd[1309]: message repeated 2 times: [ Failed password for root from 43.255.190.183 port 60825 ssh2]
Apr 11 14:15:53 ovzhost sshd[1309]: Received disconnect from 43.255.190.183: 11:  [preauth]
Apr 11 14:15:53 ovzhost sshd[1309]: PAM 2 more authentication failures; logname= uid=0 euid=0 tty=ssh ruser= rhost=43.255.190.183  user=root
Apr 11 14:15:53 ovzhost sshd[1313]: pam_unix(sshd:auth): authentication failure; logname= uid=0 euid=0 tty=ssh ruser= rhost=43.255.190.183  user=root
Apr 11 14:15:54 ovzhost sshd[1311]: message repeated 2 times: [ Failed password for root from 43.255.190.161 port 34422 ssh2]
Apr 11 14:15:54 ovzhost sshd[1311]: Received disconnect from 43.255.190.161: 11:  [preauth]
Apr 11 14:15:54 ovzhost sshd[1311]: PAM 2 more authentication failures; logname= uid=0 euid=0 tty=ssh ruser= rhost=43.255.190.161  user=root
Apr 11 14:15:55 ovzhost sshd[1315]: pam_unix(sshd:auth): authentication failure; logname= uid=0 euid=0 tty=ssh ruser= rhost=43.255.190.161  user=root
Apr 11 14:15:55 ovzhost sshd[1313]: Failed password for root from 43.255.190.183 port 49023 ssh2
Apr 11 14:15:57 ovzhost sshd[1315]: Failed password for root from 43.255.190.161 port 48663 ssh2
Apr 11 14:15:59 ovzhost sshd[1313]: message repeated 2 times: [ Failed password for root from 43.255.190.183 port 49023 ssh2]
Apr 11 14:15:59 ovzhost sshd[1313]: Received disconnect from 43.255.190.183: 11:  [preauth]
Apr 11 14:15:59 ovzhost sshd[1313]: PAM 2 more authentication failures; logname= uid=0 euid=0 tty=ssh ruser= rhost=43.255.190.183  user=root
Apr 11 14:16:00 ovzhost sshd[1318]: pam_unix(sshd:auth): authentication failure; logname= uid=0 euid=0 tty=ssh ruser= rhost=43.255.190.183  user=root
Apr 11 14:16:01 ovzhost sshd[1315]: message repeated 2 times: [ Failed password for root from 43.255.190.161 port 48663 ssh2]
Apr 11 14:16:01 ovzhost sshd[1315]: Received disconnect from 43.255.190.161: 11:  [preauth]
Apr 11 14:16:01 ovzhost sshd[1315]: PAM 2 more authentication failures; logname= uid=0 euid=0 tty=ssh ruser= rhost=43.255.190.161  user=root
Apr 11 14:16:02 ovzhost sshd[1318]: Failed password for root from 43.255.190.183 port 35026 ssh2
Apr 11 14:16:03 ovzhost sshd[1320]: pam_unix(sshd:auth): authentication failure; logname= uid=0 euid=0 tty=ssh ruser= rhost=43.255.190.161  user=root
Apr 11 14:16:06 ovzhost sshd[1320]: Failed password for root from 43.255.190.161 port 33840 ssh2
Apr 11 14:16:06 ovzhost sshd[1318]: message repeated 2 times: [ Failed password for root from 43.255.190.183 port 35026 ssh2]
Apr 11 14:16:06 ovzhost sshd[1318]: Received disconnect from 43.255.190.183: 11:  [preauth]
Apr 11 14:16:06 ovzhost sshd[1318]: PAM 2 more authentication failures; logname= uid=0 euid=0 tty=ssh ruser= rhost=43.255.190.183  user=root
Apr 11 14:16:07 ovzhost sshd[1322]: pam_unix(sshd:auth): authentication failure; logname= uid=0 euid=0 tty=ssh ruser= rhost=43.255.190.183  user=root
Apr 11 14:16:09 ovzhost sshd[1322]: Failed password for root from 43.255.190.183 port 50443 ssh2
Apr 11 14:16:11 ovzhost sshd[1320]: message repeated 2 times: [ Failed password for root from 43.255.190.161 port 33840 ssh2]
Apr 11 14:16:11 ovzhost sshd[1320]: Received disconnect from 43.255.190.161: 11:  [preauth]
Apr 11 14:16:11 ovzhost sshd[1320]: PAM 2 more authentication failures; logname= uid=0 euid=0 tty=ssh ruser= rhost=43.255.190.161  user=root
Apr 11 14:16:11 ovzhost sshd[1324]: pam_unix(sshd:auth): authentication failure; logname= uid=0 euid=0 tty=ssh ruser= rhost=43.255.190.161  user=root
Apr 11 14:16:13 ovzhost sshd[1322]: message repeated 2 times: [ Failed password for root from 43.255.190.183 port 50443 ssh2]
Apr 11 14:16:13 ovzhost sshd[1322]: Received disconnect from 43.255.190.183: 11:  [preauth]
Apr 11 14:16:13 ovzhost sshd[1322]: PAM 2 more authentication failures; logname= uid=0 euid=0 tty=ssh ruser= rhost=43.255.190.183  user=root
Apr 11 14:16:13 ovzhost sshd[1324]: Failed password for root from 43.255.190.161 port 55076 ssh2
Apr 11 14:16:13 ovzhost sshd[1326]: pam_unix(sshd:auth): authentication failure; logname= uid=0 euid=0 tty=ssh ruser= rhost=43.255.190.183  user=root
Apr 11 14:16:15 ovzhost sshd[1326]: Failed password for root from 43.255.190.183 port 40466 ssh2
Apr 11 14:16:17 ovzhost sshd[1324]: message repeated 2 times: [ Failed password for root from 43.255.190.161 port 55076 ssh2]
Apr 11 14:16:17 ovzhost sshd[1324]: Received disconnect from 43.255.190.161: 11:  [preauth]
Apr 11 14:16:17 ovzhost sshd[1324]: PAM 2 more authentication failures; logname= uid=0 euid=0 tty=ssh ruser= rhost=43.255.190.161  user=root
Apr 11 14:16:18 ovzhost sshd[1328]: pam_unix(sshd:auth): authentication failure; logname= uid=0 euid=0 tty=ssh ruser= rhost=43.255.190.161  user=root
Apr 11 14:16:19 ovzhost sshd[1326]: message repeated 2 times: [ Failed password for root from 43.255.190.183 port 40466 ssh2]
Apr 11 14:16:19 ovzhost sshd[1326]: Received disconnect from 43.255.190.183: 11:  [preauth]
Apr 11 14:16:19 ovzhost sshd[1326]: PAM 2 more authentication failures; logname= uid=0 euid=0 tty=ssh ruser= rhost=43.255.190.183  user=root
Apr 11 14:16:20 ovzhost sshd[1330]: pam_unix(sshd:auth): authentication failure; logname= uid=0 euid=0 tty=ssh ruser= rhost=43.255.190.183  user=root
Apr 11 14:16:20 ovzhost sshd[1328]: Failed password for root from 43.255.190.161 port 43149 ssh2
Apr 11 14:16:22 ovzhost sshd[1330]: Failed password for root from 43.255.190.183 port 58727 ssh2
Apr 11 14:16:23 ovzhost sshd[1328]: message repeated 2 times: [ Failed password for root from 43.255.190.161 port 43149 ssh2]
Apr 11 14:16:23 ovzhost sshd[1328]: Received disconnect from 43.255.190.161: 11:  [preauth]
Apr 11 14:16:23 ovzhost sshd[1328]: PAM 2 more authentication failures; logname= uid=0 euid=0 tty=ssh ruser= rhost=43.255.190.161  user=root
Apr 11 14:16:24 ovzhost sshd[1332]: pam_unix(sshd:auth): authentication failure; logname= uid=0 euid=0 tty=ssh ruser= rhost=43.255.190.161  user=root
Apr 11 14:16:25 ovzhost sshd[1330]: message repeated 2 times: [ Failed password for root from 43.255.190.183 port 58727 ssh2]
Apr 11 14:16:25 ovzhost sshd[1330]: Received disconnect from 43.255.190.183: 11:  [preauth]
Apr 11 14:16:25 ovzhost sshd[1330]: PAM 2 more authentication failures; logname= uid=0 euid=0 tty=ssh ruser= rhost=43.255.190.183  user=root
