Apr  2 14:31:44 ovzhost sshd[780]: Connection closed by 127.0.0.1 [preauth]
Apr  2 14:35:40 ovzhost sshd[811]: Connection closed by 128.8.37.120 [preauth]
Apr  2 14:36:44 ovzhost sshd[820]: Connection closed by 127.0.0.1 [preauth]
Apr 11 13:39:01 ovzhost CRON[766]: pam_env(cron:session): Unable to open env file: /etc/default/locale: No such file or directory
Apr 11 13:39:01 ovzhost CRON[766]: pam_unix(cron:session): session opened for user root by (uid=0)
Apr 11 13:39:02 ovzhost CRON[766]: pam_unix(cron:session): session closed for user root
Apr 11 13:40:01 ovzhost CRON[777]: pam_env(cron:session): Unable to open env file: /etc/default/locale: No such file or directory
Apr 11 13:40:01 ovzhost CRON[777]: pam_unix(cron:session): session opened for user smmsp by (uid=0)
Apr 11 13:40:01 ovzhost CRON[777]: pam_unix(cron:session): session closed for user smmsp
Apr 11 13:43:19 ovzhost sshd[803]: reverse mapping checking getaddrinfo for 153-127-166-207-ptr.centennialpr.net [207.166.127.153] failed - POSSIBLE BREAK-IN ATTEMPT!
Apr 11 13:43:19 ovzhost sshd[803]: Invalid user http from 207.166.127.153
Apr 11 13:43:19 ovzhost sshd[803]: input_userauth_request: invalid user http [preauth]
Apr 11 13:43:19 ovzhost sshd[803]: pam_unix(sshd:auth): check pass; user unknown
Apr 11 13:43:19 ovzhost sshd[803]: pam_unix(sshd:auth): authentication failure; logname= uid=0 euid=0 tty=ssh ruser= rhost=207.166.127.153 
Apr 11 13:43:21 ovzhost sshd[803]: Failed password for invalid user http from 207.166.127.153 port 39226 ssh2
Apr 11 13:43:22 ovzhost sshd[803]: Connection closed by 207.166.127.153 [preauth]
Apr 11 13:47:10 ovzhost sshd[805]: pam_unix(sshd:auth): authentication failure; logname= uid=0 euid=0 tty=ssh ruser= rhost=43.255.190.138  user=root
Apr 11 13:47:12 ovzhost sshd[805]: Failed password for root from 43.255.190.138 port 39524 ssh2
Apr 11 13:47:17 ovzhost sshd[805]: message repeated 2 times: [ Failed password for root from 43.255.190.138 port 39524 ssh2]
Apr 11 13:47:17 ovzhost sshd[805]: Received disconnect from 43.255.190.138: 11:  [preauth]
Apr 11 13:47:17 ovzhost sshd[805]: PAM 2 more authentication failures; logname= uid=0 euid=0 tty=ssh ruser= rhost=43.255.190.138  user=root
Apr 11 13:47:17 ovzhost sshd[807]: pam_unix(sshd:auth): authentication failure; logname= uid=0 euid=0 tty=ssh ruser= rhost=43.255.190.138  user=root
Apr 11 13:47:20 ovzhost sshd[807]: Failed password for root from 43.255.190.138 port 54151 ssh2
Apr 11 13:47:24 ovzhost sshd[807]: message repeated 2 times: [ Failed password for root from 43.255.190.138 port 54151 ssh2]
Apr 11 13:47:24 ovzhost sshd[807]: Received disconnect from 43.255.190.138: 11:  [preauth]
Apr 11 13:47:24 ovzhost sshd[807]: PAM 2 more authentication failures; logname= uid=0 euid=0 tty=ssh ruser= rhost=43.255.190.138  user=root
Apr 11 13:47:25 ovzhost sshd[809]: pam_unix(sshd:auth): authentication failure; logname= uid=0 euid=0 tty=ssh ruser= rhost=43.255.190.138  user=root
Apr 11 13:47:27 ovzhost sshd[809]: Failed password for root from 43.255.190.138 port 41312 ssh2
Apr 11 13:47:31 ovzhost sshd[809]: message repeated 2 times: [ Failed password for root from 43.255.190.138 port 41312 ssh2]
Apr 11 13:47:31 ovzhost sshd[809]: Received disconnect from 43.255.190.138: 11:  [preauth]
Apr 11 13:47:31 ovzhost sshd[809]: PAM 2 more authentication failures; logname= uid=0 euid=0 tty=ssh ruser= rhost=43.255.190.138  user=root
Apr 11 13:47:32 ovzhost sshd[811]: pam_unix(sshd:auth): authentication failure; logname= uid=0 euid=0 tty=ssh ruser= rhost=43.255.190.138  user=root
Apr 11 13:47:34 ovzhost sshd[811]: Failed password for root from 43.255.190.138 port 56451 ssh2
Apr 11 13:47:39 ovzhost sshd[811]: message repeated 2 times: [ Failed password for root from 43.255.190.138 port 56451 ssh2]
Apr 11 13:47:39 ovzhost sshd[811]: Received disconnect from 43.255.190.138: 11:  [preauth]
Apr 11 13:47:39 ovzhost sshd[811]: PAM 2 more authentication failures; logname= uid=0 euid=0 tty=ssh ruser= rhost=43.255.190.138  user=root
Apr 11 13:47:41 ovzhost sshd[813]: pam_unix(sshd:auth): authentication failure; logname= uid=0 euid=0 tty=ssh ruser= rhost=43.255.190.138  user=root
Apr 11 13:47:43 ovzhost sshd[813]: Failed password for root from 43.255.190.138 port 47332 ssh2
Apr 11 13:47:47 ovzhost sshd[813]: message repeated 2 times: [ Failed password for root from 43.255.190.138 port 47332 ssh2]
Apr 11 13:47:47 ovzhost sshd[813]: Received disconnect from 43.255.190.138: 11:  [preauth]
Apr 11 13:47:47 ovzhost sshd[813]: PAM 2 more authentication failures; logname= uid=0 euid=0 tty=ssh ruser= rhost=43.255.190.138  user=root
Apr 11 13:47:47 ovzhost sshd[815]: pam_unix(sshd:auth): authentication failure; logname= uid=0 euid=0 tty=ssh ruser= rhost=43.255.190.138  user=root
Apr 11 13:47:50 ovzhost sshd[815]: Failed password for root from 43.255.190.138 port 37035 ssh2
Apr 11 13:47:54 ovzhost sshd[815]: message repeated 2 times: [ Failed password for root from 43.255.190.138 port 37035 ssh2]
Apr 11 13:47:54 ovzhost sshd[815]: Received disconnect from 43.255.190.138: 11:  [preauth]
Apr 11 13:47:54 ovzhost sshd[815]: PAM 2 more authentication failures; logname= uid=0 euid=0 tty=ssh ruser= rhost=43.255.190.138  user=root
Apr 11 13:47:54 ovzhost sshd[817]: pam_unix(sshd:auth): authentication failure; logname= uid=0 euid=0 tty=ssh ruser= rhost=43.255.190.138  user=root
Apr 11 13:47:57 ovzhost sshd[817]: Failed password for root from 43.255.190.138 port 54287 ssh2
Apr 11 13:48:01 ovzhost sshd[817]: message repeated 2 times: [ Failed password for root from 43.255.190.138 port 54287 ssh2]
Apr 11 13:48:01 ovzhost sshd[817]: Received disconnect from 43.255.190.138: 11:  [preauth]
Apr 11 13:48:01 ovzhost sshd[817]: PAM 2 more authentication failures; logname= uid=0 euid=0 tty=ssh ruser= rhost=43.255.190.138  user=root
Apr 11 13:48:02 ovzhost sshd[819]: pam_unix(sshd:auth): authentication failure; logname= uid=0 euid=0 tty=ssh ruser= rhost=43.255.190.138  user=root
Apr 11 13:48:04 ovzhost sshd[819]: Failed password for root from 43.255.190.138 port 40592 ssh2
Apr 11 13:48:08 ovzhost sshd[819]: message repeated 2 times: [ Failed password for root from 43.255.190.138 port 40592 ssh2]
Apr 11 13:48:08 ovzhost sshd[819]: Received disconnect from 43.255.190.138: 11:  [preauth]
Apr 11 13:48:08 ovzhost sshd[819]: PAM 2 more authentication failures; logname= uid=0 euid=0 tty=ssh ruser= rhost=43.255.190.138  user=root
Apr 11 13:48:09 ovzhost sshd[821]: pam_unix(sshd:auth): authentication failure; logname= uid=0 euid=0 tty=ssh ruser= rhost=43.255.190.138  user=root
Apr 11 13:48:11 ovzhost sshd[821]: Failed password for root from 43.255.190.138 port 55253 ssh2
Apr 11 13:48:15 ovzhost sshd[821]: message repeated 2 times: [ Failed password for root from 43.255.190.138 port 55253 ssh2]
Apr 11 13:48:15 ovzhost sshd[821]: Received disconnect from 43.255.190.138: 11:  [preauth]
Apr 11 13:48:15 ovzhost sshd[821]: PAM 2 more authentication failures; logname= uid=0 euid=0 tty=ssh ruser= rhost=43.255.190.138  user=root
Apr 11 13:48:16 ovzhost sshd[823]: pam_unix(sshd:auth): authentication failure; logname= uid=0 euid=0 tty=ssh ruser= rhost=43.255.190.138  user=root
Apr 11 13:48:18 ovzhost sshd[823]: Failed password for root from 43.255.190.138 port 42012 ssh2
Apr 11 13:48:22 ovzhost sshd[823]: message repeated 2 times: [ Failed password for root from 43.255.190.138 port 42012 ssh2]
Apr 11 13:48:22 ovzhost sshd[823]: Received disconnect from 43.255.190.138: 11:  [preauth]
Apr 11 13:48:22 ovzhost sshd[823]: PAM 2 more authentication failures; logname= uid=0 euid=0 tty=ssh ruser= rhost=43.255.190.138  user=root
Apr 11 13:48:22 ovzhost sshd[825]: pam_unix(sshd:auth): authentication failure; logname= uid=0 euid=0 tty=ssh ruser= rhost=43.255.190.138  user=root
Apr 11 13:48:25 ovzhost sshd[825]: Failed password for root from 43.255.190.138 port 56252 ssh2
Apr 11 13:48:29 ovzhost sshd[825]: message repeated 2 times: [ Failed password for root from 43.255.190.138 port 56252 ssh2]
Apr 11 13:48:29 ovzhost sshd[825]: Received disconnect from 43.255.190.138: 11:  [preauth]
Apr 11 13:48:29 ovzhost sshd[825]: PAM 2 more authentication failures; logname= uid=0 euid=0 tty=ssh ruser= rhost=43.255.190.138  user=root
Apr 11 13:48:30 ovzhost sshd[827]: pam_unix(sshd:auth): authentication failure; logname= uid=0 euid=0 tty=ssh ruser= rhost=43.255.190.138  user=root
Apr 11 13:48:33 ovzhost sshd[827]: Failed password for root from 43.255.190.138 port 42302 ssh2
Apr 11 13:48:38 ovzhost sshd[827]: message repeated 2 times: [ Failed password for root from 43.255.190.138 port 42302 ssh2]
Apr 11 13:48:38 ovzhost sshd[827]: Received disconnect from 43.255.190.138: 11:  [preauth]
Apr 11 13:48:38 ovzhost sshd[827]: PAM 2 more authentication failures; logname= uid=0 euid=0 tty=ssh ruser= rhost=43.255.190.138  user=root
Apr 11 13:48:38 ovzhost sshd[829]: pam_unix(sshd:auth): authentication failure; logname= uid=0 euid=0 tty=ssh ruser= rhost=43.255.190.138  user=root
Apr 11 13:48:41 ovzhost sshd[829]: Failed password for root from 43.255.190.138 port 35706 ssh2
Apr 11 13:48:45 ovzhost sshd[829]: message repeated 2 times: [ Failed password for root from 43.255.190.138 port 35706 ssh2]
Apr 11 13:48:45 ovzhost sshd[829]: Received disconnect from 43.255.190.138: 11:  [preauth]
Apr 11 13:48:45 ovzhost sshd[829]: PAM 2 more authentication failures; logname= uid=0 euid=0 tty=ssh ruser= rhost=43.255.190.138  user=root
Apr 11 13:48:45 ovzhost sshd[831]: pam_unix(sshd:auth): authentication failure; logname= uid=0 euid=0 tty=ssh ruser= rhost=43.255.190.138  user=root
Apr 11 13:48:48 ovzhost sshd[831]: Failed password for root from 43.255.190.138 port 53376 ssh2
Apr 11 13:48:52 ovzhost sshd[831]: message repeated 2 times: [ Failed password for root from 43.255.190.138 port 53376 ssh2]
Apr 11 13:48:53 ovzhost sshd[831]: Received disconnect from 43.255.190.138: 11:  [preauth]
Apr 11 13:48:53 ovzhost sshd[831]: PAM 2 more authentication failures; logname= uid=0 euid=0 tty=ssh ruser= rhost=43.255.190.138  user=root
Apr 11 13:48:54 ovzhost sshd[833]: pam_unix(sshd:auth): authentication failure; logname= uid=0 euid=0 tty=ssh ruser= rhost=43.255.190.138  user=root
Apr 11 13:48:56 ovzhost sshd[833]: Failed password for root from 43.255.190.138 port 43256 ssh2
Apr 11 13:49:00 ovzhost sshd[833]: message repeated 2 times: [ Failed password for root from 43.255.190.138 port 43256 ssh2]
Apr 11 13:49:00 ovzhost sshd[833]: Received disconnect from 43.255.190.138: 11:  [preauth]
Apr 11 13:49:00 ovzhost sshd[833]: PAM 2 more authentication failures; logname= uid=0 euid=0 tty=ssh ruser= rhost=43.255.190.138  user=root
Apr 11 13:49:01 ovzhost sshd[835]: pam_unix(sshd:auth): authentication failure; logname= uid=0 euid=0 tty=ssh ruser= rhost=43.255.190.138  user=root
Apr 11 13:49:03 ovzhost sshd[835]: Failed password for root from 43.255.190.138 port 58271 ssh2
Apr 11 13:49:05 ovzhost sshd[837]: pam_unix(sshd:auth): authentication failure; logname= uid=0 euid=0 tty=ssh ruser= rhost=43.255.190.126  user=root
Apr 11 13:49:06 ovzhost sshd[835]: message repeated 2 times: [ Failed password for root from 43.255.190.138 port 58271 ssh2]
Apr 11 13:49:07 ovzhost sshd[835]: Received disconnect from 43.255.190.138: 11:  [preauth]
Apr 11 13:49:07 ovzhost sshd[835]: PAM 2 more authentication failures; logname= uid=0 euid=0 tty=ssh ruser= rhost=43.255.190.138  user=root
Apr 11 13:49:07 ovzhost sshd[837]: Failed password for root from 43.255.190.126 port 48826 ssh2
Apr 11 13:49:07 ovzhost sshd[839]: pam_unix(sshd:auth): authentication failure; logname= uid=0 euid=0 tty=ssh ruser= rhost=43.255.190.138  user=root
Apr 11 13:49:08 ovzhost sshd[839]: Failed password for root from 43.255.190.138 port 43625 ssh2
Apr 11 13:49:10 ovzhost sshd[837]: message repeated 2 times: [ Failed password for root from 43.255.190.126 port 48826 ssh2]
Apr 11 13:49:10 ovzhost sshd[837]: Received disconnect from 43.255.190.126: 11:  [preauth]
Apr 11 13:49:10 ovzhost sshd[837]: PAM 2 more authentication failures; logname= uid=0 euid=0 tty=ssh ruser= rhost=43.255.190.126  user=root
Apr 11 13:49:11 ovzhost sshd[841]: pam_unix(sshd:auth): authentication failure; logname= uid=0 euid=0 tty=ssh ruser= rhost=43.255.190.126  user=root
Apr 11 13:49:13 ovzhost sshd[839]: message repeated 2 times: [ Failed password for root from 43.255.190.138 port 43625 ssh2]
Apr 11 13:49:13 ovzhost sshd[839]: Received disconnect from 43.255.190.138: 11:  [preauth]
Apr 11 13:49:13 ovzhost sshd[839]: PAM 2 more authentication failures; logname= uid=0 euid=0 tty=ssh ruser= rhost=43.255.190.138  user=root
Apr 11 13:49:13 ovzhost sshd[841]: Failed password for root from 43.255.190.126 port 34478 ssh2
Apr 11 13:49:14 ovzhost sshd[843]: pam_unix(sshd:auth): authentication failure; logname= uid=0 euid=0 tty=ssh ruser= rhost=43.255.190.138  user=root
Apr 11 13:49:16 ovzhost sshd[843]: Failed password for root from 43.255.190.138 port 58457 ssh2
Apr 11 13:49:17 ovzhost sshd[841]: message repeated 2 times: [ Failed password for root from 43.255.190.126 port 34478 ssh2]
Apr 11 13:49:17 ovzhost sshd[841]: Received disconnect from 43.255.190.126: 11:  [preauth]
Apr 11 13:49:17 ovzhost sshd[841]: PAM 2 more authentication failures; logname= uid=0 euid=0 tty=ssh ruser= rhost=43.255.190.126  user=root
Apr 11 13:49:19 ovzhost sshd[845]: pam_unix(sshd:auth): authentication failure; logname= uid=0 euid=0 tty=ssh ruser= rhost=43.255.190.126  user=root
Apr 11 13:49:20 ovzhost sshd[845]: Failed password for root from 43.255.190.126 port 49724 ssh2
Apr 11 13:49:20 ovzhost sshd[843]: message repeated 2 times: [ Failed password for root from 43.255.190.138 port 58457 ssh2]
Apr 11 13:49:20 ovzhost sshd[843]: Received disconnect from 43.255.190.138: 11:  [preauth]
Apr 11 13:49:20 ovzhost sshd[843]: PAM 2 more authentication failures; logname= uid=0 euid=0 tty=ssh ruser= rhost=43.255.190.138  user=root
Apr 11 13:49:21 ovzhost sshd[847]: pam_unix(sshd:auth): authentication failure; logname= uid=0 euid=0 tty=ssh ruser= rhost=43.255.190.138  user=root
Apr 11 13:49:23 ovzhost sshd[847]: Failed password for root from 43.255.190.138 port 43825 ssh2
Apr 11 13:49:24 ovzhost sshd[845]: message repeated 2 times: [ Failed password for root from 43.255.190.126 port 49724 ssh2]
Apr 11 13:49:25 ovzhost sshd[845]: Received disconnect from 43.255.190.126: 11:  [preauth]
Apr 11 13:49:25 ovzhost sshd[845]: PAM 2 more authentication failures; logname= uid=0 euid=0 tty=ssh ruser= rhost=43.255.190.126  user=root
Apr 11 13:49:25 ovzhost sshd[849]: pam_unix(sshd:auth): authentication failure; logname= uid=0 euid=0 tty=ssh ruser= rhost=43.255.190.126  user=root
Apr 11 13:49:27 ovzhost sshd[849]: Failed password for root from 43.255.190.126 port 35665 ssh2
Apr 11 13:49:27 ovzhost sshd[847]: message repeated 2 times: [ Failed password for root from 43.255.190.138 port 43825 ssh2]
Apr 11 13:49:28 ovzhost sshd[847]: Received disconnect from 43.255.190.138: 11:  [preauth]
Apr 11 13:49:28 ovzhost sshd[847]: PAM 2 more authentication failures; logname= uid=0 euid=0 tty=ssh ruser= rhost=43.255.190.138  user=root
Apr 11 13:49:28 ovzhost sshd[851]: pam_unix(sshd:auth): authentication failure; logname= uid=0 euid=0 tty=ssh ruser= rhost=43.255.190.138  user=root
Apr 11 13:49:30 ovzhost sshd[851]: Failed password for root from 43.255.190.138 port 59015 ssh2
Apr 11 13:49:31 ovzhost sshd[849]: message repeated 2 times: [ Failed password for root from 43.255.190.126 port 35665 ssh2]
Apr 11 13:49:31 ovzhost sshd[849]: Received disconnect from 43.255.190.126: 11:  [preauth]
Apr 11 13:49:31 ovzhost sshd[849]: PAM 2 more authentication failures; logname= uid=0 euid=0 tty=ssh ruser= rhost=43.255.190.126  user=root
Apr 11 13:49:32 ovzhost sshd[853]: pam_unix(sshd:auth): authentication failure; logname= uid=0 euid=0 tty=ssh ruser= rhost=43.255.190.126  user=root
Apr 11 13:49:34 ovzhost sshd[853]: Failed password for root from 43.255.190.126 port 50968 ssh2
Apr 11 13:49:34 ovzhost sshd[851]: message repeated 2 times: [ Failed password for root from 43.255.190.138 port 59015 ssh2]
Apr 11 13:49:34 ovzhost sshd[851]: Received disconnect from 43.255.190.138: 11:  [preauth]
Apr 11 13:49:34 ovzhost sshd[851]: PAM 2 more authentication failures; logname= uid=0 euid=0 tty=ssh ruser= rhost=43.255.190.138  user=root
Apr 11 13:49:35 ovzhost sshd[855]: pam_unix(sshd:auth): authentication failure; logname= uid=0 euid=0 tty=ssh ruser= rhost=43.255.190.138  user=root
Apr 11 13:49:37 ovzhost sshd[855]: Failed password for root from 43.255.190.138 port 48355 ssh2
Apr 11 13:49:39 ovzhost sshd[853]: message repeated 2 times: [ Failed password for root from 43.255.190.126 port 50968 ssh2]
Apr 11 13:49:39 ovzhost sshd[853]: Received disconnect from 43.255.190.126: 11:  [preauth]
Apr 11 13:49:39 ovzhost sshd[853]: PAM 2 more authentication failures; logname= uid=0 euid=0 tty=ssh ruser= rhost=43.255.190.126  user=root
Apr 11 13:49:39 ovzhost sshd[857]: pam_unix(sshd:auth): authentication failure; logname= uid=0 euid=0 tty=ssh ruser= rhost=43.255.190.126  user=root
Apr 11 13:49:41 ovzhost sshd[855]: message repeated 2 times: [ Failed password for root from 43.255.190.138 port 48355 ssh2]
Apr 11 13:49:41 ovzhost sshd[855]: Received disconnect from 43.255.190.138: 11:  [preauth]
Apr 11 13:49:41 ovzhost sshd[855]: PAM 2 more authentication failures; logname= uid=0 euid=0 tty=ssh ruser= rhost=43.255.190.138  user=root
Apr 11 13:49:41 ovzhost sshd[857]: Failed password for root from 43.255.190.126 port 41051 ssh2
Apr 11 13:49:42 ovzhost sshd[859]: pam_unix(sshd:auth): authentication failure; logname= uid=0 euid=0 tty=ssh ruser= rhost=43.255.190.138  user=root
Apr 11 13:49:44 ovzhost sshd[859]: Failed password for root from 43.255.190.138 port 37426 ssh2
Apr 11 13:49:45 ovzhost sshd[857]: message repeated 2 times: [ Failed password for root from 43.255.190.126 port 41051 ssh2]
Apr 11 13:49:45 ovzhost sshd[857]: Received disconnect from 43.255.190.126: 11:  [preauth]
Apr 11 13:49:45 ovzhost sshd[857]: PAM 2 more authentication failures; logname= uid=0 euid=0 tty=ssh ruser= rhost=43.255.190.126  user=root
Apr 11 13:49:46 ovzhost sshd[861]: pam_unix(sshd:auth): authentication failure; logname= uid=0 euid=0 tty=ssh ruser= rhost=43.255.190.126  user=root
Apr 11 13:49:48 ovzhost sshd[861]: Failed password for root from 43.255.190.126 port 57937 ssh2
Apr 11 13:49:49 ovzhost sshd[859]: message repeated 2 times: [ Failed password for root from 43.255.190.138 port 37426 ssh2]
Apr 11 13:49:49 ovzhost sshd[859]: Received disconnect from 43.255.190.138: 11:  [preauth]
Apr 11 13:49:49 ovzhost sshd[859]: PAM 2 more authentication failures; logname= uid=0 euid=0 tty=ssh ruser= rhost=43.255.190.138  user=root
Apr 11 13:49:49 ovzhost sshd[863]: pam_unix(sshd:auth): authentication failure; logname= uid=0 euid=0 tty=ssh ruser= rhost=43.255.190.138  user=root
Apr 11 13:49:51 ovzhost sshd[863]: Failed password for root from 43.255.190.138 port 56180 ssh2
Apr 11 13:49:51 ovzhost sshd[861]: message repeated 2 times: [ Failed password for root from 43.255.190.126 port 57937 ssh2]
Apr 11 13:49:51 ovzhost sshd[861]: Received disconnect from 43.255.190.126: 11:  [preauth]
Apr 11 13:49:51 ovzhost sshd[861]: PAM 2 more authentication failures; logname= uid=0 euid=0 tty=ssh ruser= rhost=43.255.190.126  user=root
Apr 11 13:49:52 ovzhost sshd[865]: pam_unix(sshd:auth): authentication failure; logname= uid=0 euid=0 tty=ssh ruser= rhost=43.255.190.126  user=root
Apr 11 13:49:54 ovzhost sshd[865]: Failed password for root from 43.255.190.126 port 44599 ssh2
Apr 11 13:49:54 ovzhost sshd[863]: message repeated 2 times: [ Failed password for root from 43.255.190.138 port 56180 ssh2]
Apr 11 13:49:55 ovzhost sshd[863]: Received disconnect from 43.255.190.138: 11:  [preauth]
Apr 11 13:49:55 ovzhost sshd[863]: PAM 2 more authentication failures; logname= uid=0 euid=0 tty=ssh ruser= rhost=43.255.190.138  user=root
Apr 11 13:49:55 ovzhost sshd[867]: pam_unix(sshd:auth): authentication failure; logname= uid=0 euid=0 tty=ssh ruser= rhost=43.255.190.138  user=root
Apr 11 13:49:57 ovzhost sshd[867]: Failed password for root from 43.255.190.138 port 43206 ssh2
Apr 11 13:49:58 ovzhost sshd[865]: message repeated 2 times: [ Failed password for root from 43.255.190.126 port 44599 ssh2]
Apr 11 13:49:58 ovzhost sshd[865]: Received disconnect from 43.255.190.126: 11:  [preauth]
Apr 11 13:49:58 ovzhost sshd[865]: PAM 2 more authentication failures; logname= uid=0 euid=0 tty=ssh ruser= rhost=43.255.190.126  user=root
Apr 11 13:49:59 ovzhost sshd[869]: pam_unix(sshd:auth): authentication failure; logname= uid=0 euid=0 tty=ssh ruser= rhost=43.255.190.126  user=root
Apr 11 13:50:01 ovzhost sshd[869]: Failed password for root from 43.255.190.126 port 60437 ssh2
Apr 11 13:50:02 ovzhost sshd[867]: message repeated 2 times: [ Failed password for root from 43.255.190.138 port 43206 ssh2]
Apr 11 13:50:02 ovzhost sshd[867]: Received disconnect from 43.255.190.138: 11:  [preauth]
Apr 11 13:50:02 ovzhost sshd[867]: PAM 2 more authentication failures; logname= uid=0 euid=0 tty=ssh ruser= rhost=43.255.190.138  user=root
Apr 11 13:50:02 ovzhost sshd[871]: pam_unix(sshd:auth): authentication failure; logname= uid=0 euid=0 tty=ssh ruser= rhost=43.255.190.138  user=root
Apr 11 13:50:04 ovzhost sshd[869]: message repeated 2 times: [ Failed password for root from 43.255.190.126 port 60437 ssh2]
Apr 11 13:50:04 ovzhost sshd[869]: Received disconnect from 43.255.190.126: 11:  [preauth]
Apr 11 13:50:04 ovzhost sshd[869]: PAM 2 more authentication failures; logname= uid=0 euid=0 tty=ssh ruser= rhost=43.255.190.126  user=root
Apr 11 13:50:04 ovzhost sshd[871]: Failed password for root from 43.255.190.138 port 60795 ssh2
Apr 11 13:50:05 ovzhost sshd[873]: pam_unix(sshd:auth): authentication failure; logname= uid=0 euid=0 tty=ssh ruser= rhost=43.255.190.126  user=root
Apr 11 13:50:07 ovzhost sshd[873]: Failed password for root from 43.255.190.126 port 47551 ssh2
Apr 11 13:50:09 ovzhost sshd[871]: message repeated 2 times: [ Failed password for root from 43.255.190.138 port 60795 ssh2]
Apr 11 13:50:09 ovzhost sshd[871]: Received disconnect from 43.255.190.138: 11:  [preauth]
Apr 11 13:50:09 ovzhost sshd[871]: PAM 2 more authentication failures; logname= uid=0 euid=0 tty=ssh ruser= rhost=43.255.190.138  user=root
Apr 11 13:50:09 ovzhost sshd[875]: pam_unix(sshd:auth): authentication failure; logname= uid=0 euid=0 tty=ssh ruser= rhost=43.255.190.138  user=root
Apr 11 13:50:11 ovzhost sshd[873]: message repeated 2 times: [ Failed password for root from 43.255.190.126 port 47551 ssh2]
Apr 11 13:50:11 ovzhost sshd[873]: Received disconnect from 43.255.190.126: 11:  [preauth]
Apr 11 13:50:11 ovzhost sshd[873]: PAM 2 more authentication failures; logname= uid=0 euid=0 tty=ssh ruser= rhost=43.255.190.126  user=root
Apr 11 13:50:11 ovzhost sshd[875]: Failed password for root from 43.255.190.138 port 48993 ssh2
Apr 11 13:50:12 ovzhost sshd[877]: pam_unix(sshd:auth): authentication failure; logname= uid=0 euid=0 tty=ssh ruser= rhost=43.255.190.126  user=root
Apr 11 13:50:14 ovzhost sshd[877]: Failed password for root from 43.255.190.126 port 33583 ssh2
Apr 11 13:50:15 ovzhost sshd[875]: message repeated 2 times: [ Failed password for root from 43.255.190.138 port 48993 ssh2]
Apr 11 13:50:15 ovzhost sshd[875]: Received disconnect from 43.255.190.138: 11:  [preauth]
Apr 11 13:50:15 ovzhost sshd[875]: PAM 2 more authentication failures; logname= uid=0 euid=0 tty=ssh ruser= rhost=43.255.190.138  user=root
Apr 11 13:50:15 ovzhost sshd[879]: pam_unix(sshd:auth): authentication failure; logname= uid=0 euid=0 tty=ssh ruser= rhost=43.255.190.138  user=root
Apr 11 13:50:17 ovzhost sshd[879]: Failed password for root from 43.255.190.138 port 60776 ssh2
Apr 11 13:50:17 ovzhost sshd[877]: message repeated 2 times: [ Failed password for root from 43.255.190.126 port 33583 ssh2]
Apr 11 13:50:17 ovzhost sshd[877]: Received disconnect from 43.255.190.126: 11:  [preauth]
Apr 11 13:50:17 ovzhost sshd[877]: PAM 2 more authentication failures; logname= uid=0 euid=0 tty=ssh ruser= rhost=43.255.190.126  user=root
Apr 11 13:50:18 ovzhost sshd[881]: pam_unix(sshd:auth): authentication failure; logname= uid=0 euid=0 tty=ssh ruser= rhost=43.255.190.126  user=root
Apr 11 13:50:20 ovzhost sshd[881]: Failed password for root from 43.255.190.126 port 46341 ssh2
Apr 11 13:50:21 ovzhost sshd[879]: message repeated 2 times: [ Failed password for root from 43.255.190.138 port 60776 ssh2]
Apr 11 13:50:21 ovzhost sshd[879]: Received disconnect from 43.255.190.138: 11:  [preauth]
Apr 11 13:50:21 ovzhost sshd[879]: PAM 2 more authentication failures; logname= uid=0 euid=0 tty=ssh ruser= rhost=43.255.190.138  user=root
Apr 11 13:50:23 ovzhost sshd[883]: pam_unix(sshd:auth): authentication failure; logname= uid=0 euid=0 tty=ssh ruser= rhost=43.255.190.138  user=root
Apr 11 13:50:25 ovzhost sshd[881]: message repeated 2 times: [ Failed password for root from 43.255.190.126 port 46341 ssh2]
Apr 11 13:50:25 ovzhost sshd[881]: Received disconnect from 43.255.190.126: 11:  [preauth]
Apr 11 13:50:25 ovzhost sshd[881]: PAM 2 more authentication failures; logname= uid=0 euid=0 tty=ssh ruser= rhost=43.255.190.126  user=root
Apr 11 13:50:25 ovzhost sshd[883]: Failed password for root from 43.255.190.138 port 44931 ssh2
Apr 11 13:50:25 ovzhost sshd[885]: pam_unix(sshd:auth): authentication failure; logname= uid=0 euid=0 tty=ssh ruser= rhost=43.255.190.126  user=root
Apr 11 13:50:26 ovzhost sshd[885]: Failed password for root from 43.255.190.126 port 32780 ssh2
Apr 11 13:50:28 ovzhost sshd[883]: message repeated 2 times: [ Failed password for root from 43.255.190.138 port 44931 ssh2]
Apr 11 13:50:28 ovzhost sshd[883]: Received disconnect from 43.255.190.138: 11:  [preauth]
Apr 11 13:50:28 ovzhost sshd[883]: PAM 2 more authentication failures; logname= uid=0 euid=0 tty=ssh ruser= rhost=43.255.190.138  user=root
Apr 11 13:50:28 ovzhost sshd[887]: pam_unix(sshd:auth): authentication failure; logname= uid=0 euid=0 tty=ssh ruser= rhost=43.255.190.138  user=root
Apr 11 13:50:30 ovzhost sshd[885]: message repeated 2 times: [ Failed password for root from 43.255.190.126 port 32780 ssh2]
Apr 11 13:50:30 ovzhost sshd[885]: Received disconnect from 43.255.190.126: 11:  [preauth]
Apr 11 13:50:30 ovzhost sshd[885]: PAM 2 more authentication failures; logname= uid=0 euid=0 tty=ssh ruser= rhost=43.255.190.126  user=root
Apr 11 13:50:30 ovzhost sshd[887]: Failed password for root from 43.255.190.138 port 58566 ssh2
Apr 11 13:50:30 ovzhost sshd[889]: pam_unix(sshd:auth): authentication failure; logname= uid=0 euid=0 tty=ssh ruser= rhost=43.255.190.126  user=root
Apr 11 13:50:33 ovzhost sshd[889]: Failed password for root from 43.255.190.126 port 44621 ssh2
Apr 11 13:50:35 ovzhost sshd[887]: message repeated 2 times: [ Failed password for root from 43.255.190.138 port 58566 ssh2]
Apr 11 13:50:35 ovzhost sshd[887]: Received disconnect from 43.255.190.138: 11:  [preauth]
Apr 11 13:50:35 ovzhost sshd[887]: PAM 2 more authentication failures; logname= uid=0 euid=0 tty=ssh ruser= rhost=43.255.190.138  user=root
Apr 11 13:50:35 ovzhost sshd[891]: pam_unix(sshd:auth): authentication failure; logname= uid=0 euid=0 tty=ssh ruser= rhost=43.255.190.138  user=root
Apr 11 13:50:37 ovzhost sshd[889]: message repeated 2 times: [ Failed password for root from 43.255.190.126 port 44621 ssh2]
Apr 11 13:50:37 ovzhost sshd[889]: Received disconnect from 43.255.190.126: 11:  [preauth]
Apr 11 13:50:37 ovzhost sshd[889]: PAM 2 more authentication failures; logname= uid=0 euid=0 tty=ssh ruser= rhost=43.255.190.126  user=root
Apr 11 13:50:37 ovzhost sshd[891]: Failed password for root from 43.255.190.138 port 43799 ssh2
Apr 11 13:50:38 ovzhost sshd[893]: pam_unix(sshd:auth): authentication failure; logname= uid=0 euid=0 tty=ssh ruser= rhost=43.255.190.126  user=root
Apr 11 13:50:39 ovzhost sshd[893]: Failed password for root from 43.255.190.126 port 58603 ssh2
Apr 11 13:50:40 ovzhost sshd[891]: message repeated 2 times: [ Failed password for root from 43.255.190.138 port 43799 ssh2]
Apr 11 13:50:40 ovzhost sshd[891]: Received disconnect from 43.255.190.138: 11:  [preauth]
Apr 11 13:50:40 ovzhost sshd[891]: PAM 2 more authentication failures; logname= uid=0 euid=0 tty=ssh ruser= rhost=43.255.190.138  user=root
Apr 11 13:50:41 ovzhost sshd[895]: pam_unix(sshd:auth): authentication failure; logname= uid=0 euid=0 tty=ssh ruser= rhost=43.255.190.138  user=root
Apr 11 13:50:44 ovzhost sshd[893]: message repeated 2 times: [ Failed password for root from 43.255.190.126 port 58603 ssh2]
Apr 11 13:50:44 ovzhost sshd[893]: Received disconnect from 43.255.190.126: 11:  [preauth]
Apr 11 13:50:44 ovzhost sshd[893]: PAM 2 more authentication failures; logname= uid=0 euid=0 tty=ssh ruser= rhost=43.255.190.126  user=root
Apr 11 13:50:44 ovzhost sshd[895]: Failed password for root from 43.255.190.138 port 55547 ssh2
Apr 11 13:50:45 ovzhost sshd[897]: pam_unix(sshd:auth): authentication failure; logname= uid=0 euid=0 tty=ssh ruser= rhost=43.255.190.126  user=root
Apr 11 13:50:47 ovzhost sshd[897]: Failed password for root from 43.255.190.126 port 43430 ssh2
Apr 11 13:50:47 ovzhost sshd[895]: message repeated 2 times: [ Failed password for root from 43.255.190.138 port 55547 ssh2]
Apr 11 13:50:48 ovzhost sshd[895]: Received disconnect from 43.255.190.138: 11:  [preauth]
Apr 11 13:50:48 ovzhost sshd[895]: PAM 2 more authentication failures; logname= uid=0 euid=0 tty=ssh ruser= rhost=43.255.190.138  user=root
Apr 11 13:50:49 ovzhost sshd[899]: pam_unix(sshd:auth): authentication failure; logname= uid=0 euid=0 tty=ssh ruser= rhost=43.255.190.138  user=root
Apr 11 13:50:50 ovzhost sshd[899]: Failed password for root from 43.255.190.138 port 44130 ssh2
Apr 11 13:50:50 ovzhost sshd[897]: message repeated 2 times: [ Failed password for root from 43.255.190.126 port 43430 ssh2]
Apr 11 13:50:50 ovzhost sshd[897]: Received disconnect from 43.255.190.126: 11:  [preauth]
Apr 11 13:50:50 ovzhost sshd[897]: PAM 2 more authentication failures; logname= uid=0 euid=0 tty=ssh ruser= rhost=43.255.190.126  user=root
Apr 11 13:50:51 ovzhost sshd[901]: pam_unix(sshd:auth): authentication failure; logname= uid=0 euid=0 tty=ssh ruser= rhost=43.255.190.126  user=root
Apr 11 13:50:52 ovzhost sshd[901]: Failed password for root from 43.255.190.126 port 60793 ssh2
Apr 11 13:50:54 ovzhost sshd[899]: message repeated 2 times: [ Failed password for root from 43.255.190.138 port 44130 ssh2]
Apr 11 13:50:54 ovzhost sshd[899]: Received disconnect from 43.255.190.138: 11:  [preauth]
Apr 11 13:50:54 ovzhost sshd[899]: PAM 2 more authentication failures; logname= uid=0 euid=0 tty=ssh ruser= rhost=43.255.190.138  user=root
Apr 11 13:50:55 ovzhost sshd[903]: pam_unix(sshd:auth): authentication failure; logname= uid=0 euid=0 tty=ssh ruser= rhost=43.255.190.138  user=root
Apr 11 13:50:57 ovzhost sshd[903]: Failed password for root from 43.255.190.138 port 58785 ssh2
Apr 11 13:50:57 ovzhost sshd[901]: message repeated 2 times: [ Failed password for root from 43.255.190.126 port 60793 ssh2]
Apr 11 13:50:57 ovzhost sshd[901]: Received disconnect from 43.255.190.126: 11:  [preauth]
Apr 11 13:50:57 ovzhost sshd[901]: PAM 2 more authentication failures; logname= uid=0 euid=0 tty=ssh ruser= rhost=43.255.190.126  user=root
Apr 11 13:50:58 ovzhost sshd[905]: pam_unix(sshd:auth): authentication failure; logname= uid=0 euid=0 tty=ssh ruser= rhost=43.255.190.126  user=root
Apr 11 13:50:59 ovzhost sshd[905]: Failed password for root from 43.255.190.126 port 48382 ssh2
Apr 11 13:51:01 ovzhost sshd[903]: message repeated 2 times: [ Failed password for root from 43.255.190.138 port 58785 ssh2]
Apr 11 13:51:01 ovzhost sshd[903]: Received disconnect from 43.255.190.138: 11:  [preauth]
Apr 11 13:51:01 ovzhost sshd[903]: PAM 2 more authentication failures; logname= uid=0 euid=0 tty=ssh ruser= rhost=43.255.190.138  user=root
Apr 11 13:51:01 ovzhost sshd[907]: pam_unix(sshd:auth): authentication failure; logname= uid=0 euid=0 tty=ssh ruser= rhost=43.255.190.138  user=root
Apr 11 13:51:03 ovzhost sshd[907]: Failed password for root from 43.255.190.138 port 47277 ssh2
Apr 11 13:51:03 ovzhost sshd[905]: message repeated 2 times: [ Failed password for root from 43.255.190.126 port 48382 ssh2]
Apr 11 13:51:03 ovzhost sshd[905]: Received disconnect from 43.255.190.126: 11:  [preauth]
Apr 11 13:51:03 ovzhost sshd[905]: PAM 2 more authentication failures; logname= uid=0 euid=0 tty=ssh ruser= rhost=43.255.190.126  user=root
Apr 11 13:51:04 ovzhost sshd[911]: pam_unix(sshd:auth): authentication failure; logname= uid=0 euid=0 tty=ssh ruser= rhost=43.255.190.126  user=root
Apr 11 13:51:04 ovzhost sshd[909]: pam_unix(sshd:auth): authentication failure; logname= uid=0 euid=0 tty=ssh ruser= rhost=221.229.160.230  user=root
Apr 11 13:51:06 ovzhost sshd[911]: Failed password for root from 43.255.190.126 port 34645 ssh2
Apr 11 13:51:06 ovzhost sshd[909]: Failed password for root from 221.229.160.230 port 47789 ssh2
Apr 11 13:51:06 ovzhost sshd[907]: message repeated 2 times: [ Failed password for root from 43.255.190.138 port 47277 ssh2]
Apr 11 13:51:06 ovzhost sshd[907]: Received disconnect from 43.255.190.138: 11:  [preauth]
Apr 11 13:51:06 ovzhost sshd[907]: PAM 2 more authentication failures; logname= uid=0 euid=0 tty=ssh ruser= rhost=43.255.190.138  user=root
Apr 11 13:51:07 ovzhost sshd[913]: pam_unix(sshd:auth): authentication failure; logname= uid=0 euid=0 tty=ssh ruser= rhost=43.255.190.138  user=root
Apr 11 13:51:09 ovzhost sshd[913]: Failed password for root from 43.255.190.138 port 60671 ssh2
Apr 11 13:51:10 ovzhost sshd[911]: message repeated 2 times: [ Failed password for root from 43.255.190.126 port 34645 ssh2]
Apr 11 13:51:10 ovzhost sshd[911]: Received disconnect from 43.255.190.126: 11:  [preauth]
Apr 11 13:51:10 ovzhost sshd[911]: PAM 2 more authentication failures; logname= uid=0 euid=0 tty=ssh ruser= rhost=43.255.190.126  user=root
Apr 11 13:51:12 ovzhost sshd[915]: pam_unix(sshd:auth): authentication failure; logname= uid=0 euid=0 tty=ssh ruser= rhost=43.255.190.126  user=root
Apr 11 13:51:13 ovzhost sshd[913]: message repeated 2 times: [ Failed password for root from 43.255.190.138 port 60671 ssh2]
Apr 11 13:51:13 ovzhost sshd[913]: Received disconnect from 43.255.190.138: 11:  [preauth]
Apr 11 13:51:13 ovzhost sshd[913]: PAM 2 more authentication failures; logname= uid=0 euid=0 tty=ssh ruser= rhost=43.255.190.138  user=root
Apr 11 13:51:14 ovzhost sshd[915]: Failed password for root from 43.255.190.126 port 49365 ssh2
Apr 11 13:51:14 ovzhost sshd[917]: pam_unix(sshd:auth): authentication failure; logname= uid=0 euid=0 tty=ssh ruser= rhost=43.255.190.138  user=root
Apr 11 13:51:14 ovzhost sshd[909]: message repeated 2 times: [ Failed password for root from 221.229.160.230 port 47789 ssh2]
Apr 11 13:51:15 ovzhost sshd[909]: Received disconnect from 221.229.160.230: 11:  [preauth]
Apr 11 13:51:15 ovzhost sshd[909]: PAM 2 more authentication failures; logname= uid=0 euid=0 tty=ssh ruser= rhost=221.229.160.230  user=root
Apr 11 13:51:15 ovzhost sshd[917]: Failed password for root from 43.255.190.138 port 45056 ssh2
Apr 11 13:51:17 ovzhost sshd[915]: message repeated 2 times: [ Failed password for root from 43.255.190.126 port 49365 ssh2]
Apr 11 13:51:17 ovzhost sshd[915]: Received disconnect from 43.255.190.126: 11:  [preauth]
Apr 11 13:51:17 ovzhost sshd[915]: PAM 2 more authentication failures; logname= uid=0 euid=0 tty=ssh ruser= rhost=43.255.190.126  user=root
Apr 11 13:51:17 ovzhost sshd[919]: pam_unix(sshd:auth): authentication failure; logname= uid=0 euid=0 tty=ssh ruser= rhost=221.229.160.230  user=root
Apr 11 13:51:17 ovzhost sshd[921]: pam_unix(sshd:auth): authentication failure; logname= uid=0 euid=0 tty=ssh ruser= rhost=43.255.190.126  user=root
Apr 11 13:51:19 ovzhost sshd[919]: Failed password for root from 221.229.160.230 port 55215 ssh2
Apr 11 13:51:19 ovzhost sshd[917]: message repeated 2 times: [ Failed password for root from 43.255.190.138 port 45056 ssh2]
Apr 11 13:51:19 ovzhost sshd[917]: Received disconnect from 43.255.190.138: 11:  [preauth]
Apr 11 13:51:19 ovzhost sshd[917]: PAM 2 more authentication failures; logname= uid=0 euid=0 tty=ssh ruser= rhost=43.255.190.138  user=root
Apr 11 13:51:19 ovzhost sshd[921]: Failed password for root from 43.255.190.126 port 35268 ssh2
Apr 11 13:51:20 ovzhost sshd[923]: pam_unix(sshd:auth): authentication failure; logname= uid=0 euid=0 tty=ssh ruser= rhost=43.255.190.138  user=root
Apr 11 13:51:21 ovzhost sshd[923]: Failed password for root from 43.255.190.138 port 56842 ssh2
Apr 11 13:51:23 ovzhost sshd[919]: message repeated 2 times: [ Failed password for root from 221.229.160.230 port 55215 ssh2]
Apr 11 13:51:23 ovzhost sshd[919]: Received disconnect from 221.229.160.230: 11:  [preauth]
Apr 11 13:51:23 ovzhost sshd[919]: PAM 2 more authentication failures; logname= uid=0 euid=0 tty=ssh ruser= rhost=221.229.160.230  user=root
Apr 11 13:51:23 ovzhost sshd[921]: message repeated 2 times: [ Failed password for root from 43.255.190.126 port 35268 ssh2]
Apr 11 13:51:23 ovzhost sshd[921]: Received disconnect from 43.255.190.126: 11:  [preauth]
Apr 11 13:51:23 ovzhost sshd[921]: PAM 2 more authentication failures; logname= uid=0 euid=0 tty=ssh ruser= rhost=43.255.190.126  user=root
Apr 11 13:51:24 ovzhost sshd[925]: pam_unix(sshd:auth): authentication failure; logname= uid=0 euid=0 tty=ssh ruser= rhost=43.255.190.126  user=root
Apr 11 13:51:25 ovzhost sshd[923]: message repeated 2 times: [ Failed password for root from 43.255.190.138 port 56842 ssh2]
Apr 11 13:51:25 ovzhost sshd[923]: Received disconnect from 43.255.190.138: 11:  [preauth]
Apr 11 13:51:25 ovzhost sshd[923]: PAM 2 more authentication failures; logname= uid=0 euid=0 tty=ssh ruser= rhost=43.255.190.138  user=root
Apr 11 13:51:25 ovzhost sshd[927]: pam_unix(sshd:auth): authentication failure; logname= uid=0 euid=0 tty=ssh ruser= rhost=221.229.160.230  user=root
Apr 11 13:51:26 ovzhost sshd[925]: Failed password for root from 43.255.190.126 port 49574 ssh2
Apr 11 13:51:26 ovzhost sshd[929]: pam_unix(sshd:auth): authentication failure; logname= uid=0 euid=0 tty=ssh ruser= rhost=43.255.190.138  user=root
Apr 11 13:51:27 ovzhost sshd[927]: Failed password for root from 221.229.160.230 port 60199 ssh2
Apr 11 13:51:27 ovzhost sshd[929]: Failed password for root from 43.255.190.138 port 42028 ssh2
Apr 11 13:51:29 ovzhost sshd[925]: message repeated 2 times: [ Failed password for root from 43.255.190.126 port 49574 ssh2]
Apr 11 13:51:29 ovzhost sshd[925]: Received disconnect from 43.255.190.126: 11:  [preauth]
Apr 11 13:51:29 ovzhost sshd[925]: PAM 2 more authentication failures; logname= uid=0 euid=0 tty=ssh ruser= rhost=43.255.190.126  user=root
Apr 11 13:51:29 ovzhost sshd[931]: pam_unix(sshd:auth): authentication failure; logname= uid=0 euid=0 tty=ssh ruser= rhost=43.255.190.126  user=root
Apr 11 13:51:31 ovzhost sshd[929]: message repeated 2 times: [ Failed password for root from 43.255.190.138 port 42028 ssh2]
Apr 11 13:51:31 ovzhost sshd[929]: Received disconnect from 43.255.190.138: 11:  [preauth]
Apr 11 13:51:31 ovzhost sshd[929]: PAM 2 more authentication failures; logname= uid=0 euid=0 tty=ssh ruser= rhost=43.255.190.138  user=root
Apr 11 13:51:31 ovzhost sshd[927]: message repeated 2 times: [ Failed password for root from 221.229.160.230 port 60199 ssh2]
Apr 11 13:51:31 ovzhost sshd[927]: Received disconnect from 221.229.160.230: 11:  [preauth]
Apr 11 13:51:31 ovzhost sshd[927]: PAM 2 more authentication failures; logname= uid=0 euid=0 tty=ssh ruser= rhost=221.229.160.230  user=root
Apr 11 13:51:31 ovzhost sshd[931]: Failed password for root from 43.255.190.126 port 34314 ssh2
Apr 11 13:51:32 ovzhost sshd[933]: pam_unix(sshd:auth): authentication failure; logname= uid=0 euid=0 tty=ssh ruser= rhost=43.255.190.138  user=root
Apr 11 13:51:34 ovzhost sshd[933]: Failed password for root from 43.255.190.138 port 53614 ssh2
Apr 11 13:51:34 ovzhost sshd[935]: pam_unix(sshd:auth): authentication failure; logname= uid=0 euid=0 tty=ssh ruser= rhost=221.229.160.230  user=root
Apr 11 13:51:35 ovzhost sshd[931]: message repeated 2 times: [ Failed password for root from 43.255.190.126 port 34314 ssh2]
Apr 11 13:51:35 ovzhost sshd[931]: Received disconnect from 43.255.190.126: 11:  [preauth]
Apr 11 13:51:35 ovzhost sshd[931]: PAM 2 more authentication failures; logname= uid=0 euid=0 tty=ssh ruser= rhost=43.255.190.126  user=root
Apr 11 13:51:36 ovzhost sshd[935]: Failed password for root from 221.229.160.230 port 37037 ssh2
Apr 11 13:51:37 ovzhost sshd[937]: pam_unix(sshd:auth): authentication failure; logname= uid=0 euid=0 tty=ssh ruser= rhost=43.255.190.126  user=root
Apr 11 13:51:38 ovzhost sshd[933]: message repeated 2 times: [ Failed password for root from 43.255.190.138 port 53614 ssh2]
Apr 11 13:51:38 ovzhost sshd[933]: Received disconnect from 43.255.190.138: 11:  [preauth]
Apr 11 13:51:38 ovzhost sshd[933]: PAM 2 more authentication failures; logname= uid=0 euid=0 tty=ssh ruser= rhost=43.255.190.138  user=root
Apr 11 13:51:38 ovzhost sshd[939]: pam_unix(sshd:auth): authentication failure; logname= uid=0 euid=0 tty=ssh ruser= rhost=43.255.190.138  user=root
Apr 11 13:51:39 ovzhost sshd[937]: Failed password for root from 43.255.190.126 port 47108 ssh2
Apr 11 13:51:39 ovzhost sshd[935]: message repeated 2 times: [ Failed password for root from 221.229.160.230 port 37037 ssh2]
Apr 11 13:51:40 ovzhost sshd[935]: Received disconnect from 221.229.160.230: 11:  [preauth]
Apr 11 13:51:40 ovzhost sshd[935]: PAM 2 more authentication failures; logname= uid=0 euid=0 tty=ssh ruser= rhost=221.229.160.230  user=root
Apr 11 13:51:40 ovzhost sshd[939]: Failed password for root from 43.255.190.138 port 38958 ssh2
Apr 11 13:51:41 ovzhost sshd[941]: pam_unix(sshd:auth): authentication failure; logname= uid=0 euid=0 tty=ssh ruser= rhost=221.229.160.230  user=root
Apr 11 13:51:43 ovzhost sshd[937]: message repeated 2 times: [ Failed password for root from 43.255.190.126 port 47108 ssh2]
Apr 11 13:51:43 ovzhost sshd[937]: Received disconnect from 43.255.190.126: 11:  [preauth]
Apr 11 13:51:43 ovzhost sshd[937]: PAM 2 more authentication failures; logname= uid=0 euid=0 tty=ssh ruser= rhost=43.255.190.126  user=root
Apr 11 13:51:43 ovzhost sshd[941]: Failed password for root from 221.229.160.230 port 42470 ssh2
Apr 11 13:51:44 ovzhost sshd[943]: pam_unix(sshd:auth): authentication failure; logname= uid=0 euid=0 tty=ssh ruser= rhost=43.255.190.126  user=root
Apr 11 13:51:44 ovzhost sshd[939]: message repeated 2 times: [ Failed password for root from 43.255.190.138 port 38958 ssh2]
Apr 11 13:51:44 ovzhost sshd[939]: Received disconnect from 43.255.190.138: 11:  [preauth]
Apr 11 13:51:44 ovzhost sshd[939]: PAM 2 more authentication failures; logname= uid=0 euid=0 tty=ssh ruser= rhost=43.255.190.138  user=root
Apr 11 13:51:45 ovzhost sshd[945]: pam_unix(sshd:auth): authentication failure; logname= uid=0 euid=0 tty=ssh ruser= rhost=43.255.190.138  user=root
Apr 11 13:51:45 ovzhost sshd[943]: Failed password for root from 43.255.190.126 port 37535 ssh2
Apr 11 13:51:46 ovzhost sshd[945]: Failed password for root from 43.255.190.138 port 53352 ssh2
Apr 11 13:51:47 ovzhost sshd[941]: message repeated 2 times: [ Failed password for root from 221.229.160.230 port 42470 ssh2]
Apr 11 13:51:47 ovzhost sshd[941]: Received disconnect from 221.229.160.230: 11:  [preauth]
Apr 11 13:51:47 ovzhost sshd[941]: PAM 2 more authentication failures; logname= uid=0 euid=0 tty=ssh ruser= rhost=221.229.160.230  user=root
Apr 11 13:51:49 ovzhost sshd[947]: pam_unix(sshd:auth): authentication failure; logname= uid=0 euid=0 tty=ssh ruser= rhost=221.229.160.230  user=root
Apr 11 13:51:49 ovzhost sshd[943]: message repeated 2 times: [ Failed password for root from 43.255.190.126 port 37535 ssh2]
Apr 11 13:51:50 ovzhost sshd[943]: Received disconnect from 43.255.190.126: 11:  [preauth]
Apr 11 13:51:50 ovzhost sshd[943]: PAM 2 more authentication failures; logname= uid=0 euid=0 tty=ssh ruser= rhost=43.255.190.126  user=root
Apr 11 13:51:50 ovzhost sshd[949]: pam_unix(sshd:auth): authentication failure; logname= uid=0 euid=0 tty=ssh ruser= rhost=43.255.190.126  user=root
Apr 11 13:51:50 ovzhost sshd[945]: message repeated 2 times: [ Failed password for root from 43.255.190.138 port 53352 ssh2]
Apr 11 13:51:50 ovzhost sshd[945]: Received disconnect from 43.255.190.138: 11:  [preauth]
Apr 11 13:51:50 ovzhost sshd[945]: PAM 2 more authentication failures; logname= uid=0 euid=0 tty=ssh ruser= rhost=43.255.190.138  user=root
Apr 11 13:51:51 ovzhost sshd[947]: Failed password for root from 221.229.160.230 port 47426 ssh2
Apr 11 13:51:51 ovzhost sshd[951]: pam_unix(sshd:auth): authentication failure; logname= uid=0 euid=0 tty=ssh ruser= rhost=43.255.190.138  user=root
Apr 11 13:51:52 ovzhost sshd[949]: Failed password for root from 43.255.190.126 port 54901 ssh2
Apr 11 13:51:53 ovzhost sshd[951]: Failed password for root from 43.255.190.138 port 39823 ssh2
Apr 11 13:51:56 ovzhost sshd[947]: message repeated 2 times: [ Failed password for root from 221.229.160.230 port 47426 ssh2]
Apr 11 13:51:56 ovzhost sshd[947]: Received disconnect from 221.229.160.230: 11:  [preauth]
Apr 11 13:51:56 ovzhost sshd[947]: PAM 2 more authentication failures; logname= uid=0 euid=0 tty=ssh ruser= rhost=221.229.160.230  user=root
Apr 11 13:51:56 ovzhost sshd[949]: message repeated 2 times: [ Failed password for root from 43.255.190.126 port 54901 ssh2]
Apr 11 13:51:56 ovzhost sshd[949]: Received disconnect from 43.255.190.126: 11:  [preauth]
Apr 11 13:51:56 ovzhost sshd[949]: PAM 2 more authentication failures; logname= uid=0 euid=0 tty=ssh ruser= rhost=43.255.190.126  user=root
Apr 11 13:51:57 ovzhost sshd[951]: message repeated 2 times: [ Failed password for root from 43.255.190.138 port 39823 ssh2]
Apr 11 13:51:57 ovzhost sshd[951]: Received disconnect from 43.255.190.138: 11:  [preauth]
Apr 11 13:51:57 ovzhost sshd[951]: PAM 2 more authentication failures; logname= uid=0 euid=0 tty=ssh ruser= rhost=43.255.190.138  user=root
Apr 11 13:51:57 ovzhost sshd[955]: pam_unix(sshd:auth): authentication failure; logname= uid=0 euid=0 tty=ssh ruser= rhost=43.255.190.126  user=root
Apr 11 13:51:58 ovzhost sshd[957]: pam_unix(sshd:auth): authentication failure; logname= uid=0 euid=0 tty=ssh ruser= rhost=43.255.190.138  user=root
Apr 11 13:51:58 ovzhost sshd[953]: pam_unix(sshd:auth): authentication failure; logname= uid=0 euid=0 tty=ssh ruser= rhost=221.229.160.230  user=root
Apr 11 13:51:58 ovzhost sshd[955]: Failed password for root from 43.255.190.126 port 44369 ssh2
Apr 11 13:52:00 ovzhost sshd[957]: Failed password for root from 43.255.190.138 port 57584 ssh2
Apr 11 13:52:00 ovzhost sshd[953]: Failed password for root from 221.229.160.230 port 52814 ssh2
Apr 11 13:52:02 ovzhost sshd[955]: message repeated 2 times: [ Failed password for root from 43.255.190.126 port 44369 ssh2]
Apr 11 13:52:02 ovzhost sshd[955]: Received disconnect from 43.255.190.126: 11:  [preauth]
Apr 11 13:52:02 ovzhost sshd[955]: PAM 2 more authentication failures; logname= uid=0 euid=0 tty=ssh ruser= rhost=43.255.190.126  user=root
Apr 11 13:52:03 ovzhost sshd[959]: pam_unix(sshd:auth): authentication failure; logname= uid=0 euid=0 tty=ssh ruser= rhost=43.255.190.126  user=root
Apr 11 13:52:04 ovzhost sshd[957]: message repeated 2 times: [ Failed password for root from 43.255.190.138 port 57584 ssh2]
Apr 11 13:52:04 ovzhost sshd[957]: Received disconnect from 43.255.190.138: 11:  [preauth]
Apr 11 13:52:04 ovzhost sshd[957]: PAM 2 more authentication failures; logname= uid=0 euid=0 tty=ssh ruser= rhost=43.255.190.138  user=root
Apr 11 13:52:04 ovzhost sshd[961]: pam_unix(sshd:auth): authentication failure; logname= uid=0 euid=0 tty=ssh ruser= rhost=43.255.190.138  user=root
Apr 11 13:52:05 ovzhost sshd[953]: message repeated 2 times: [ Failed password for root from 221.229.160.230 port 52814 ssh2]
Apr 11 13:52:05 ovzhost sshd[953]: Received disconnect from 221.229.160.230: 11:  [preauth]
Apr 11 13:52:05 ovzhost sshd[953]: PAM 2 more authentication failures; logname= uid=0 euid=0 tty=ssh ruser= rhost=221.229.160.230  user=root
Apr 11 13:52:05 ovzhost sshd[959]: Failed password for root from 43.255.190.126 port 32798 ssh2
Apr 11 13:52:06 ovzhost sshd[961]: Failed password for root from 43.255.190.138 port 46004 ssh2
Apr 11 13:52:07 ovzhost sshd[963]: pam_unix(sshd:auth): authentication failure; logname= uid=0 euid=0 tty=ssh ruser= rhost=221.229.160.230  user=root
Apr 11 13:52:09 ovzhost sshd[963]: Failed password for root from 221.229.160.230 port 59373 ssh2
Apr 11 13:52:10 ovzhost sshd[959]: message repeated 2 times: [ Failed password for root from 43.255.190.126 port 32798 ssh2]
Apr 11 13:52:10 ovzhost sshd[959]: Received disconnect from 43.255.190.126: 11:  [preauth]
Apr 11 13:52:10 ovzhost sshd[959]: PAM 2 more authentication failures; logname= uid=0 euid=0 tty=ssh ruser= rhost=43.255.190.126  user=root
Apr 11 13:52:10 ovzhost sshd[961]: message repeated 2 times: [ Failed password for root from 43.255.190.138 port 46004 ssh2]
Apr 11 13:52:10 ovzhost sshd[961]: Received disconnect from 43.255.190.138: 11:  [preauth]
Apr 11 13:52:10 ovzhost sshd[961]: PAM 2 more authentication failures; logname= uid=0 euid=0 tty=ssh ruser= rhost=43.255.190.138  user=root
Apr 11 13:52:10 ovzhost sshd[965]: pam_unix(sshd:auth): authentication failure; logname= uid=0 euid=0 tty=ssh ruser= rhost=43.255.190.126  user=root
Apr 11 13:52:11 ovzhost sshd[967]: pam_unix(sshd:auth): authentication failure; logname= uid=0 euid=0 tty=ssh ruser= rhost=43.255.190.138  user=root
Apr 11 13:52:12 ovzhost sshd[965]: Failed password for root from 43.255.190.126 port 51538 ssh2
Apr 11 13:52:13 ovzhost sshd[967]: Failed password for root from 43.255.190.138 port 34334 ssh2
Apr 11 13:52:13 ovzhost sshd[963]: message repeated 2 times: [ Failed password for root from 221.229.160.230 port 59373 ssh2]
