Apr 11 18:19:06 ovzhost sshd[2583]: Failed password for invalid user netdump from 182.18.172.66 port 2690 ssh2
Apr 11 18:19:06 ovzhost sshd[1665]: pam_unix(sshd:session): session closed for user root
Apr 11 18:19:06 ovzhost sshd[1129]: pam_unix(sshd:session): session closed for user root
Apr 11 18:19:06 ovzhost sshd[2583]: Received disconnect from 182.18.172.66: 11: Bye Bye [preauth]
Apr 11 18:19:39 ovzhost sshd[2587]: Connection closed by 127.0.0.1 [preauth]
Apr 11 18:20:01 ovzhost CRON[2590]: pam_env(cron:session): Unable to open env file: /etc/default/locale: No such file or directory
Apr 11 18:20:01 ovzhost CRON[2590]: pam_unix(cron:session): session opened for user smmsp by (uid=0)
Apr 11 18:20:01 ovzhost CRON[2590]: pam_unix(cron:session): session closed for user smmsp
Apr 11 18:20:26 ovzhost sshd[2617]: Connection closed by 128.8.37.104 [preauth]
Apr 11 18:24:39 ovzhost sshd[2635]: Connection closed by 127.0.0.1 [preauth]
Apr 11 18:26:11 ovzhost sshd[2640]: Did not receive identification string from 91.236.75.124
Apr 11 18:26:14 ovzhost sshd[2641]: Invalid user ubnt from 91.236.75.124
Apr 11 18:26:14 ovzhost sshd[2641]: input_userauth_request: invalid user ubnt [preauth]
Apr 11 18:26:14 ovzhost sshd[2641]: pam_unix(sshd:auth): check pass; user unknown
Apr 11 18:26:14 ovzhost sshd[2641]: pam_unix(sshd:auth): authentication failure; logname= uid=0 euid=0 tty=ssh ruser= rhost=91.236.75.124 
Apr 11 18:26:16 ovzhost sshd[2641]: Failed password for invalid user ubnt from 91.236.75.124 port 63055 ssh2
Apr 11 18:26:16 ovzhost sshd[2641]: error: Received disconnect from 91.236.75.124: 3: com.jcraft.jsch.JSchException: Auth fail [preauth]
Apr 11 18:26:17 ovzhost sshd[2643]: Invalid user admin from 91.236.75.124
Apr 11 18:26:17 ovzhost sshd[2643]: input_userauth_request: invalid user admin [preauth]
Apr 11 18:26:17 ovzhost sshd[2643]: pam_unix(sshd:auth): check pass; user unknown
Apr 11 18:26:17 ovzhost sshd[2643]: pam_unix(sshd:auth): authentication failure; logname= uid=0 euid=0 tty=ssh ruser= rhost=91.236.75.124 
Apr 11 18:26:19 ovzhost sshd[2643]: Failed password for invalid user admin from 91.236.75.124 port 63355 ssh2
Apr 11 18:26:19 ovzhost sshd[2643]: error: Received disconnect from 91.236.75.124: 3: com.jcraft.jsch.JSchException: Auth fail [preauth]
Apr 11 18:26:21 ovzhost sshd[2647]: pam_unix(sshd:auth): authentication failure; logname= uid=0 euid=0 tty=ssh ruser= rhost=91.236.75.124  user=root
Apr 11 18:26:23 ovzhost sshd[2647]: Failed password for root from 91.236.75.124 port 63522 ssh2
Apr 11 18:26:24 ovzhost sshd[2647]: error: Received disconnect from 91.236.75.124: 3: com.jcraft.jsch.JSchException: Auth fail [preauth]
Apr 11 18:26:25 ovzhost sshd[2651]: Invalid user guest from 91.236.75.124
Apr 11 18:26:25 ovzhost sshd[2651]: input_userauth_request: invalid user guest [preauth]
Apr 11 18:26:25 ovzhost sshd[2651]: pam_unix(sshd:auth): check pass; user unknown
Apr 11 18:26:25 ovzhost sshd[2651]: pam_unix(sshd:auth): authentication failure; logname= uid=0 euid=0 tty=ssh ruser= rhost=91.236.75.124 
Apr 11 18:26:27 ovzhost sshd[2651]: Failed password for invalid user guest from 91.236.75.124 port 63726 ssh2
Apr 11 18:26:27 ovzhost sshd[2651]: error: Received disconnect from 91.236.75.124: 3: com.jcraft.jsch.JSchException: Auth fail [preauth]
Apr 11 18:26:28 ovzhost sshd[2653]: Invalid user admin from 91.236.75.124
Apr 11 18:26:28 ovzhost sshd[2653]: input_userauth_request: invalid user admin [preauth]
Apr 11 18:26:28 ovzhost sshd[2653]: pam_unix(sshd:auth): check pass; user unknown
Apr 11 18:26:28 ovzhost sshd[2653]: pam_unix(sshd:auth): authentication failure; logname= uid=0 euid=0 tty=ssh ruser= rhost=91.236.75.124 
Apr 11 18:26:29 ovzhost sshd[2653]: Failed password for invalid user admin from 91.236.75.124 port 63978 ssh2
Apr 11 18:26:29 ovzhost sshd[2653]: error: Received disconnect from 91.236.75.124: 3: com.jcraft.jsch.JSchException: Auth fail [preauth]
Apr 11 18:26:30 ovzhost sshd[2655]: Invalid user support from 91.236.75.124
Apr 11 18:26:30 ovzhost sshd[2655]: input_userauth_request: invalid user support [preauth]
Apr 11 18:26:30 ovzhost sshd[2655]: pam_unix(sshd:auth): check pass; user unknown
Apr 11 18:26:30 ovzhost sshd[2655]: pam_unix(sshd:auth): authentication failure; logname= uid=0 euid=0 tty=ssh ruser= rhost=91.236.75.124 
Apr 11 18:26:32 ovzhost sshd[2655]: Failed password for invalid user support from 91.236.75.124 port 64207 ssh2
Apr 11 18:26:32 ovzhost sshd[2655]: error: Received disconnect from 91.236.75.124: 3: com.jcraft.jsch.JSchException: Auth fail [preauth]
Apr 11 18:26:33 ovzhost sshd[2657]: Invalid user test from 91.236.75.124
Apr 11 18:26:33 ovzhost sshd[2657]: input_userauth_request: invalid user test [preauth]
Apr 11 18:26:33 ovzhost sshd[2657]: pam_unix(sshd:auth): check pass; user unknown
Apr 11 18:26:33 ovzhost sshd[2657]: pam_unix(sshd:auth): authentication failure; logname= uid=0 euid=0 tty=ssh ruser= rhost=91.236.75.124 
Apr 11 18:26:35 ovzhost sshd[2657]: Failed password for invalid user test from 91.236.75.124 port 64437 ssh2
Apr 11 18:26:35 ovzhost sshd[2657]: error: Received disconnect from 91.236.75.124: 3: com.jcraft.jsch.JSchException: Auth fail [preauth]
Apr 11 18:26:36 ovzhost sshd[2659]: Invalid user user from 91.236.75.124
Apr 11 18:26:36 ovzhost sshd[2659]: input_userauth_request: invalid user user [preauth]
Apr 11 18:26:36 ovzhost sshd[2659]: pam_unix(sshd:auth): check pass; user unknown
Apr 11 18:26:36 ovzhost sshd[2659]: pam_unix(sshd:auth): authentication failure; logname= uid=0 euid=0 tty=ssh ruser= rhost=91.236.75.124 
Apr 11 18:26:38 ovzhost sshd[2659]: Failed password for invalid user user from 91.236.75.124 port 65031 ssh2
Apr 11 18:26:39 ovzhost sshd[2659]: error: Received disconnect from 91.236.75.124: 3: com.jcraft.jsch.JSchException: Auth fail [preauth]
Apr 11 18:29:39 ovzhost sshd[2675]: Connection closed by 127.0.0.1 [preauth]
Apr 11 18:30:26 ovzhost sshd[2679]: Connection closed by 128.8.37.104 [preauth]
Apr 11 18:31:45 ovzhost sshd[2687]: pam_unix(sshd:auth): authentication failure; logname= uid=0 euid=0 tty=ssh ruser= rhost=43.255.190.177  user=root
Apr 11 18:31:47 ovzhost sshd[2687]: Failed password for root from 43.255.190.177 port 52528 ssh2
Apr 11 18:31:51 ovzhost sshd[2687]: message repeated 2 times: [ Failed password for root from 43.255.190.177 port 52528 ssh2]
Apr 11 18:31:51 ovzhost sshd[2687]: Received disconnect from 43.255.190.177: 11:  [preauth]
Apr 11 18:31:51 ovzhost sshd[2687]: PAM 2 more authentication failures; logname= uid=0 euid=0 tty=ssh ruser= rhost=43.255.190.177  user=root
Apr 11 18:31:51 ovzhost sshd[2689]: pam_unix(sshd:auth): authentication failure; logname= uid=0 euid=0 tty=ssh ruser= rhost=43.255.190.177  user=root
Apr 11 18:31:53 ovzhost sshd[2689]: Failed password for root from 43.255.190.177 port 40289 ssh2
Apr 11 18:31:57 ovzhost sshd[2689]: message repeated 2 times: [ Failed password for root from 43.255.190.177 port 40289 ssh2]
Apr 11 18:31:57 ovzhost sshd[2689]: Received disconnect from 43.255.190.177: 11:  [preauth]
Apr 11 18:31:57 ovzhost sshd[2689]: PAM 2 more authentication failures; logname= uid=0 euid=0 tty=ssh ruser= rhost=43.255.190.177  user=root
Apr 11 18:31:57 ovzhost sshd[2692]: pam_unix(sshd:auth): authentication failure; logname= uid=0 euid=0 tty=ssh ruser= rhost=43.255.190.177  user=root
Apr 11 18:32:00 ovzhost sshd[2692]: Failed password for root from 43.255.190.177 port 54676 ssh2
Apr 11 18:32:03 ovzhost sshd[2692]: message repeated 2 times: [ Failed password for root from 43.255.190.177 port 54676 ssh2]
Apr 11 18:32:03 ovzhost sshd[2692]: Received disconnect from 43.255.190.177: 11:  [preauth]
Apr 11 18:32:03 ovzhost sshd[2692]: PAM 2 more authentication failures; logname= uid=0 euid=0 tty=ssh ruser= rhost=43.255.190.177  user=root
Apr 11 18:32:04 ovzhost sshd[2696]: pam_unix(sshd:auth): authentication failure; logname= uid=0 euid=0 tty=ssh ruser= rhost=43.255.190.177  user=root
Apr 11 18:32:06 ovzhost sshd[2696]: Failed password for root from 43.255.190.177 port 42118 ssh2
Apr 11 18:32:10 ovzhost sshd[2696]: message repeated 2 times: [ Failed password for root from 43.255.190.177 port 42118 ssh2]
Apr 11 18:32:10 ovzhost sshd[2696]: Received disconnect from 43.255.190.177: 11:  [preauth]
Apr 11 18:32:10 ovzhost sshd[2696]: PAM 2 more authentication failures; logname= uid=0 euid=0 tty=ssh ruser= rhost=43.255.190.177  user=root
Apr 11 18:32:11 ovzhost sshd[2698]: pam_unix(sshd:auth): authentication failure; logname= uid=0 euid=0 tty=ssh ruser= rhost=43.255.190.177  user=root
Apr 11 18:32:13 ovzhost sshd[2698]: Failed password for root from 43.255.190.177 port 58750 ssh2
Apr 11 18:32:17 ovzhost sshd[2698]: message repeated 2 times: [ Failed password for root from 43.255.190.177 port 58750 ssh2]
Apr 11 18:32:17 ovzhost sshd[2698]: Received disconnect from 43.255.190.177: 11:  [preauth]
Apr 11 18:32:17 ovzhost sshd[2698]: PAM 2 more authentication failures; logname= uid=0 euid=0 tty=ssh ruser= rhost=43.255.190.177  user=root
Apr 11 18:32:17 ovzhost sshd[2700]: pam_unix(sshd:auth): authentication failure; logname= uid=0 euid=0 tty=ssh ruser= rhost=43.255.190.177  user=root
Apr 11 18:32:19 ovzhost sshd[2700]: Failed password for root from 43.255.190.177 port 46151 ssh2
Apr 11 18:32:23 ovzhost sshd[2700]: message repeated 2 times: [ Failed password for root from 43.255.190.177 port 46151 ssh2]
Apr 11 18:32:23 ovzhost sshd[2700]: Received disconnect from 43.255.190.177: 11:  [preauth]
Apr 11 18:32:23 ovzhost sshd[2700]: PAM 2 more authentication failures; logname= uid=0 euid=0 tty=ssh ruser= rhost=43.255.190.177  user=root
Apr 11 18:32:23 ovzhost sshd[2702]: pam_unix(sshd:auth): authentication failure; logname= uid=0 euid=0 tty=ssh ruser= rhost=43.255.190.177  user=root
Apr 11 18:32:25 ovzhost sshd[2702]: Failed password for root from 43.255.190.177 port 34048 ssh2
Apr 11 18:32:28 ovzhost sshd[2704]: pam_unix(sshd:auth): authentication failure; logname= uid=0 euid=0 tty=ssh ruser= rhost=43.255.190.152  user=root
Apr 11 18:32:30 ovzhost sshd[2704]: Failed password for root from 43.255.190.152 port 45551 ssh2
Apr 11 18:32:30 ovzhost sshd[2702]: message repeated 2 times: [ Failed password for root from 43.255.190.177 port 34048 ssh2]
Apr 11 18:32:30 ovzhost sshd[2702]: Received disconnect from 43.255.190.177: 11:  [preauth]
Apr 11 18:32:30 ovzhost sshd[2702]: PAM 2 more authentication failures; logname= uid=0 euid=0 tty=ssh ruser= rhost=43.255.190.177  user=root
Apr 11 18:32:30 ovzhost sshd[2706]: pam_unix(sshd:auth): authentication failure; logname= uid=0 euid=0 tty=ssh ruser= rhost=43.255.190.177  user=root
Apr 11 18:32:32 ovzhost sshd[2706]: Failed password for root from 43.255.190.177 port 49682 ssh2
Apr 11 18:32:34 ovzhost sshd[2704]: message repeated 2 times: [ Failed password for root from 43.255.190.152 port 45551 ssh2]
Apr 11 18:32:34 ovzhost sshd[2704]: Received disconnect from 43.255.190.152: 11:  [preauth]
Apr 11 18:32:34 ovzhost sshd[2704]: PAM 2 more authentication failures; logname= uid=0 euid=0 tty=ssh ruser= rhost=43.255.190.152  user=root
Apr 11 18:32:35 ovzhost sshd[2708]: pam_unix(sshd:auth): authentication failure; logname= uid=0 euid=0 tty=ssh ruser= rhost=43.255.190.152  user=root
Apr 11 18:32:36 ovzhost sshd[2708]: Failed password for root from 43.255.190.152 port 60164 ssh2
Apr 11 18:32:36 ovzhost sshd[2706]: message repeated 2 times: [ Failed password for root from 43.255.190.177 port 49682 ssh2]
Apr 11 18:32:36 ovzhost sshd[2706]: Received disconnect from 43.255.190.177: 11:  [preauth]
Apr 11 18:32:36 ovzhost sshd[2706]: PAM 2 more authentication failures; logname= uid=0 euid=0 tty=ssh ruser= rhost=43.255.190.177  user=root
Apr 11 18:32:37 ovzhost sshd[2710]: pam_unix(sshd:auth): authentication failure; logname= uid=0 euid=0 tty=ssh ruser= rhost=43.255.190.177  user=root
Apr 11 18:32:39 ovzhost sshd[2710]: Failed password for root from 43.255.190.177 port 38219 ssh2
Apr 11 18:32:40 ovzhost sshd[2708]: message repeated 2 times: [ Failed password for root from 43.255.190.152 port 60164 ssh2]
Apr 11 18:32:40 ovzhost sshd[2708]: Received disconnect from 43.255.190.152: 11:  [preauth]
Apr 11 18:32:40 ovzhost sshd[2708]: PAM 2 more authentication failures; logname= uid=0 euid=0 tty=ssh ruser= rhost=43.255.190.152  user=root
Apr 11 18:32:41 ovzhost sshd[2712]: pam_unix(sshd:auth): authentication failure; logname= uid=0 euid=0 tty=ssh ruser= rhost=43.255.190.152  user=root
Apr 11 18:32:43 ovzhost sshd[2712]: Failed password for root from 43.255.190.152 port 45971 ssh2
Apr 11 18:32:44 ovzhost sshd[2710]: message repeated 2 times: [ Failed password for root from 43.255.190.177 port 38219 ssh2]
Apr 11 18:32:44 ovzhost sshd[2710]: Received disconnect from 43.255.190.177: 11:  [preauth]
Apr 11 18:32:44 ovzhost sshd[2710]: PAM 2 more authentication failures; logname= uid=0 euid=0 tty=ssh ruser= rhost=43.255.190.177  user=root
Apr 11 18:32:44 ovzhost sshd[2714]: pam_unix(sshd:auth): authentication failure; logname= uid=0 euid=0 tty=ssh ruser= rhost=43.255.190.177  user=root
Apr 11 18:32:47 ovzhost sshd[2714]: Failed password for root from 43.255.190.177 port 56309 ssh2
Apr 11 18:32:47 ovzhost sshd[2712]: message repeated 2 times: [ Failed password for root from 43.255.190.152 port 45971 ssh2]
Apr 11 18:32:47 ovzhost sshd[2712]: Received disconnect from 43.255.190.152: 11:  [preauth]
Apr 11 18:32:47 ovzhost sshd[2712]: PAM 2 more authentication failures; logname= uid=0 euid=0 tty=ssh ruser= rhost=43.255.190.152  user=root
Apr 11 18:32:47 ovzhost sshd[2716]: pam_unix(sshd:auth): authentication failure; logname= uid=0 euid=0 tty=ssh ruser= rhost=43.255.190.152  user=root
Apr 11 18:32:49 ovzhost sshd[2716]: Failed password for root from 43.255.190.152 port 32872 ssh2
Apr 11 18:32:50 ovzhost sshd[2714]: message repeated 2 times: [ Failed password for root from 43.255.190.177 port 56309 ssh2]
Apr 11 18:32:50 ovzhost sshd[2714]: Received disconnect from 43.255.190.177: 11:  [preauth]
Apr 11 18:32:50 ovzhost sshd[2714]: PAM 2 more authentication failures; logname= uid=0 euid=0 tty=ssh ruser= rhost=43.255.190.177  user=root
Apr 11 18:32:51 ovzhost sshd[2718]: pam_unix(sshd:auth): authentication failure; logname= uid=0 euid=0 tty=ssh ruser= rhost=43.255.190.177  user=root
Apr 11 18:32:53 ovzhost sshd[2718]: Failed password for root from 43.255.190.177 port 44320 ssh2
Apr 11 18:32:54 ovzhost sshd[2716]: message repeated 2 times: [ Failed password for root from 43.255.190.152 port 32872 ssh2]
Apr 11 18:32:54 ovzhost sshd[2716]: Received disconnect from 43.255.190.152: 11:  [preauth]
Apr 11 18:32:54 ovzhost sshd[2716]: PAM 2 more authentication failures; logname= uid=0 euid=0 tty=ssh ruser= rhost=43.255.190.152  user=root
Apr 11 18:32:54 ovzhost sshd[2721]: pam_unix(sshd:auth): authentication failure; logname= uid=0 euid=0 tty=ssh ruser= rhost=43.255.190.152  user=root
Apr 11 18:32:56 ovzhost sshd[2721]: Failed password for root from 43.255.190.152 port 51030 ssh2
Apr 11 18:32:57 ovzhost sshd[2718]: message repeated 2 times: [ Failed password for root from 43.255.190.177 port 44320 ssh2]
Apr 11 18:32:57 ovzhost sshd[2718]: Received disconnect from 43.255.190.177: 11:  [preauth]
Apr 11 18:32:57 ovzhost sshd[2718]: PAM 2 more authentication failures; logname= uid=0 euid=0 tty=ssh ruser= rhost=43.255.190.177  user=root
Apr 11 18:32:58 ovzhost sshd[2723]: pam_unix(sshd:auth): authentication failure; logname= uid=0 euid=0 tty=ssh ruser= rhost=43.255.190.177  user=root
Apr 11 18:33:00 ovzhost sshd[2723]: Failed password for root from 43.255.190.177 port 59921 ssh2
Apr 11 18:33:00 ovzhost sshd[2721]: message repeated 2 times: [ Failed password for root from 43.255.190.152 port 51030 ssh2]
Apr 11 18:33:00 ovzhost sshd[2721]: Received disconnect from 43.255.190.152: 11:  [preauth]
Apr 11 18:33:00 ovzhost sshd[2721]: PAM 2 more authentication failures; logname= uid=0 euid=0 tty=ssh ruser= rhost=43.255.190.152  user=root
Apr 11 18:33:01 ovzhost sshd[2725]: pam_unix(sshd:auth): authentication failure; logname= uid=0 euid=0 tty=ssh ruser= rhost=43.255.190.152  user=root
Apr 11 18:33:03 ovzhost sshd[2725]: Failed password for root from 43.255.190.152 port 39709 ssh2
Apr 11 18:33:05 ovzhost sshd[2723]: message repeated 2 times: [ Failed password for root from 43.255.190.177 port 59921 ssh2]
Apr 11 18:33:05 ovzhost sshd[2723]: Received disconnect from 43.255.190.177: 11:  [preauth]
Apr 11 18:33:05 ovzhost sshd[2723]: PAM 2 more authentication failures; logname= uid=0 euid=0 tty=ssh ruser= rhost=43.255.190.177  user=root
Apr 11 18:33:05 ovzhost sshd[2727]: pam_unix(sshd:auth): authentication failure; logname= uid=0 euid=0 tty=ssh ruser= rhost=43.255.190.177  user=root
Apr 11 18:33:07 ovzhost sshd[2727]: Failed password for root from 43.255.190.177 port 50033 ssh2
Apr 11 18:33:07 ovzhost sshd[2725]: message repeated 2 times: [ Failed password for root from 43.255.190.152 port 39709 ssh2]
Apr 11 18:33:07 ovzhost sshd[2725]: Received disconnect from 43.255.190.152: 11:  [preauth]
Apr 11 18:33:07 ovzhost sshd[2725]: PAM 2 more authentication failures; logname= uid=0 euid=0 tty=ssh ruser= rhost=43.255.190.152  user=root
Apr 11 18:33:08 ovzhost sshd[2729]: pam_unix(sshd:auth): authentication failure; logname= uid=0 euid=0 tty=ssh ruser= rhost=43.255.190.152  user=root
Apr 11 18:33:10 ovzhost sshd[2729]: Failed password for root from 43.255.190.152 port 57776 ssh2
Apr 11 18:33:11 ovzhost sshd[2727]: message repeated 2 times: [ Failed password for root from 43.255.190.177 port 50033 ssh2]
Apr 11 18:33:11 ovzhost sshd[2727]: Received disconnect from 43.255.190.177: 11:  [preauth]
Apr 11 18:33:11 ovzhost sshd[2727]: PAM 2 more authentication failures; logname= uid=0 euid=0 tty=ssh ruser= rhost=43.255.190.177  user=root
Apr 11 18:33:12 ovzhost sshd[2731]: pam_unix(sshd:auth): authentication failure; logname= uid=0 euid=0 tty=ssh ruser= rhost=43.255.190.177  user=root
Apr 11 18:33:14 ovzhost sshd[2731]: Failed password for root from 43.255.190.177 port 39126 ssh2
Apr 11 18:33:15 ovzhost sshd[2729]: message repeated 2 times: [ Failed password for root from 43.255.190.152 port 57776 ssh2]
Apr 11 18:33:15 ovzhost sshd[2729]: Received disconnect from 43.255.190.152: 11:  [preauth]
Apr 11 18:33:15 ovzhost sshd[2729]: PAM 2 more authentication failures; logname= uid=0 euid=0 tty=ssh ruser= rhost=43.255.190.152  user=root
Apr 11 18:33:16 ovzhost sshd[2733]: pam_unix(sshd:auth): authentication failure; logname= uid=0 euid=0 tty=ssh ruser= rhost=43.255.190.152  user=root
Apr 11 18:33:18 ovzhost sshd[2733]: Failed password for root from 43.255.190.152 port 50682 ssh2
Apr 11 18:33:19 ovzhost sshd[2731]: message repeated 2 times: [ Failed password for root from 43.255.190.177 port 39126 ssh2]
Apr 11 18:33:19 ovzhost sshd[2731]: Received disconnect from 43.255.190.177: 11:  [preauth]
Apr 11 18:33:19 ovzhost sshd[2731]: PAM 2 more authentication failures; logname= uid=0 euid=0 tty=ssh ruser= rhost=43.255.190.177  user=root
Apr 11 18:33:19 ovzhost sshd[2735]: pam_unix(sshd:auth): authentication failure; logname= uid=0 euid=0 tty=ssh ruser= rhost=43.255.190.177  user=root
Apr 11 18:33:21 ovzhost sshd[2735]: Failed password for root from 43.255.190.177 port 57853 ssh2
Apr 11 18:33:22 ovzhost sshd[2733]: message repeated 2 times: [ Failed password for root from 43.255.190.152 port 50682 ssh2]
Apr 11 18:33:22 ovzhost sshd[2733]: Received disconnect from 43.255.190.152: 11:  [preauth]
Apr 11 18:33:22 ovzhost sshd[2733]: PAM 2 more authentication failures; logname= uid=0 euid=0 tty=ssh ruser= rhost=43.255.190.152  user=root
Apr 11 18:33:23 ovzhost sshd[2737]: pam_unix(sshd:auth): authentication failure; logname= uid=0 euid=0 tty=ssh ruser= rhost=43.255.190.152  user=root
Apr 11 18:33:24 ovzhost sshd[2737]: Failed password for root from 43.255.190.152 port 43345 ssh2
Apr 11 18:33:26 ovzhost sshd[2735]: message repeated 2 times: [ Failed password for root from 43.255.190.177 port 57853 ssh2]
Apr 11 18:33:26 ovzhost sshd[2735]: Received disconnect from 43.255.190.177: 11:  [preauth]
Apr 11 18:33:26 ovzhost sshd[2735]: PAM 2 more authentication failures; logname= uid=0 euid=0 tty=ssh ruser= rhost=43.255.190.177  user=root
Apr 11 18:33:27 ovzhost sshd[2739]: pam_unix(sshd:auth): authentication failure; logname= uid=0 euid=0 tty=ssh ruser= rhost=43.255.190.177  user=root
Apr 11 18:33:29 ovzhost sshd[2739]: Failed password for root from 43.255.190.177 port 49915 ssh2
Apr 11 18:33:29 ovzhost sshd[2737]: message repeated 2 times: [ Failed password for root from 43.255.190.152 port 43345 ssh2]
Apr 11 18:33:29 ovzhost sshd[2737]: Received disconnect from 43.255.190.152: 11:  [preauth]
Apr 11 18:33:29 ovzhost sshd[2737]: PAM 2 more authentication failures; logname= uid=0 euid=0 tty=ssh ruser= rhost=43.255.190.152  user=root
Apr 11 18:33:30 ovzhost sshd[2741]: pam_unix(sshd:auth): authentication failure; logname= uid=0 euid=0 tty=ssh ruser= rhost=43.255.190.152  user=root
Apr 11 18:33:31 ovzhost sshd[2741]: Failed password for root from 43.255.190.152 port 34974 ssh2
Apr 11 18:33:33 ovzhost sshd[2739]: message repeated 2 times: [ Failed password for root from 43.255.190.177 port 49915 ssh2]
Apr 11 18:33:34 ovzhost sshd[2739]: Received disconnect from 43.255.190.177: 11:  [preauth]
Apr 11 18:33:34 ovzhost sshd[2739]: PAM 2 more authentication failures; logname= uid=0 euid=0 tty=ssh ruser= rhost=43.255.190.177  user=root
Apr 11 18:33:34 ovzhost sshd[2743]: pam_unix(sshd:auth): authentication failure; logname= uid=0 euid=0 tty=ssh ruser= rhost=43.255.190.177  user=root
Apr 11 18:33:36 ovzhost sshd[2741]: message repeated 2 times: [ Failed password for root from 43.255.190.152 port 34974 ssh2]
Apr 11 18:33:36 ovzhost sshd[2741]: Received disconnect from 43.255.190.152: 11:  [preauth]
Apr 11 18:33:36 ovzhost sshd[2741]: PAM 2 more authentication failures; logname= uid=0 euid=0 tty=ssh ruser= rhost=43.255.190.152  user=root
Apr 11 18:33:36 ovzhost sshd[2743]: Failed password for root from 43.255.190.177 port 42277 ssh2
Apr 11 18:33:37 ovzhost sshd[2747]: pam_unix(sshd:auth): authentication failure; logname= uid=0 euid=0 tty=ssh ruser= rhost=43.255.190.152  user=root
Apr 11 18:33:38 ovzhost sshd[2747]: Failed password for root from 43.255.190.152 port 55136 ssh2
Apr 11 18:33:41 ovzhost sshd[2743]: message repeated 2 times: [ Failed password for root from 43.255.190.177 port 42277 ssh2]
Apr 11 18:33:41 ovzhost sshd[2743]: Received disconnect from 43.255.190.177: 11:  [preauth]
Apr 11 18:33:41 ovzhost sshd[2743]: PAM 2 more authentication failures; logname= uid=0 euid=0 tty=ssh ruser= rhost=43.255.190.177  user=root
Apr 11 18:33:41 ovzhost sshd[2750]: pam_unix(sshd:auth): authentication failure; logname= uid=0 euid=0 tty=ssh ruser= rhost=43.255.190.177  user=root
Apr 11 18:33:43 ovzhost sshd[2747]: message repeated 2 times: [ Failed password for root from 43.255.190.152 port 55136 ssh2]
Apr 11 18:33:43 ovzhost sshd[2747]: Received disconnect from 43.255.190.152: 11:  [preauth]
Apr 11 18:33:43 ovzhost sshd[2747]: PAM 2 more authentication failures; logname= uid=0 euid=0 tty=ssh ruser= rhost=43.255.190.152  user=root
Apr 11 18:33:43 ovzhost sshd[2750]: Failed password for root from 43.255.190.177 port 33841 ssh2
Apr 11 18:33:43 ovzhost sshd[2752]: pam_unix(sshd:auth): authentication failure; logname= uid=0 euid=0 tty=ssh ruser= rhost=43.255.190.152  user=root
Apr 11 18:33:46 ovzhost sshd[2752]: Failed password for root from 43.255.190.152 port 47195 ssh2
Apr 11 18:33:48 ovzhost sshd[2750]: message repeated 2 times: [ Failed password for root from 43.255.190.177 port 33841 ssh2]
Apr 11 18:33:48 ovzhost sshd[2750]: Received disconnect from 43.255.190.177: 11:  [preauth]
Apr 11 18:33:48 ovzhost sshd[2750]: PAM 2 more authentication failures; logname= uid=0 euid=0 tty=ssh ruser= rhost=43.255.190.177  user=root
Apr 11 18:33:48 ovzhost sshd[2754]: pam_unix(sshd:auth): authentication failure; logname= uid=0 euid=0 tty=ssh ruser= rhost=43.255.190.177  user=root
Apr 11 18:33:50 ovzhost sshd[2752]: message repeated 2 times: [ Failed password for root from 43.255.190.152 port 47195 ssh2]
Apr 11 18:33:50 ovzhost sshd[2752]: Received disconnect from 43.255.190.152: 11:  [preauth]
Apr 11 18:33:50 ovzhost sshd[2752]: PAM 2 more authentication failures; logname= uid=0 euid=0 tty=ssh ruser= rhost=43.255.190.152  user=root
Apr 11 18:33:50 ovzhost sshd[2754]: Failed password for root from 43.255.190.177 port 54701 ssh2
Apr 11 18:33:51 ovzhost sshd[2756]: pam_unix(sshd:auth): authentication failure; logname= uid=0 euid=0 tty=ssh ruser= rhost=43.255.190.152  user=root
Apr 11 18:33:53 ovzhost sshd[2756]: Failed password for root from 43.255.190.152 port 41252 ssh2
Apr 11 18:33:55 ovzhost sshd[2754]: message repeated 2 times: [ Failed password for root from 43.255.190.177 port 54701 ssh2]
Apr 11 18:33:55 ovzhost sshd[2754]: Received disconnect from 43.255.190.177: 11:  [preauth]
Apr 11 18:33:55 ovzhost sshd[2754]: PAM 2 more authentication failures; logname= uid=0 euid=0 tty=ssh ruser= rhost=43.255.190.177  user=root
Apr 11 18:33:55 ovzhost sshd[2760]: pam_unix(sshd:auth): authentication failure; logname= uid=0 euid=0 tty=ssh ruser= rhost=43.255.190.177  user=root
Apr 11 18:33:57 ovzhost sshd[2756]: message repeated 2 times: [ Failed password for root from 43.255.190.152 port 41252 ssh2]
Apr 11 18:33:57 ovzhost sshd[2756]: Received disconnect from 43.255.190.152: 11:  [preauth]
Apr 11 18:33:57 ovzhost sshd[2756]: PAM 2 more authentication failures; logname= uid=0 euid=0 tty=ssh ruser= rhost=43.255.190.152  user=root
Apr 11 18:33:58 ovzhost sshd[2762]: pam_unix(sshd:auth): authentication failure; logname= uid=0 euid=0 tty=ssh ruser= rhost=43.255.190.152  user=root
Apr 11 18:33:58 ovzhost sshd[2760]: Failed password for root from 43.255.190.177 port 45460 ssh2
Apr 11 18:34:00 ovzhost sshd[2762]: Failed password for root from 43.255.190.152 port 36255 ssh2
Apr 11 18:34:02 ovzhost sshd[2760]: message repeated 2 times: [ Failed password for root from 43.255.190.177 port 45460 ssh2]
Apr 11 18:34:02 ovzhost sshd[2760]: Received disconnect from 43.255.190.177: 11:  [preauth]
Apr 11 18:34:02 ovzhost sshd[2760]: PAM 2 more authentication failures; logname= uid=0 euid=0 tty=ssh ruser= rhost=43.255.190.177  user=root
Apr 11 18:34:02 ovzhost sshd[2764]: pam_unix(sshd:auth): authentication failure; logname= uid=0 euid=0 tty=ssh ruser= rhost=43.255.190.177  user=root
Apr 11 18:34:04 ovzhost sshd[2762]: message repeated 2 times: [ Failed password for root from 43.255.190.152 port 36255 ssh2]
Apr 11 18:34:04 ovzhost sshd[2762]: Received disconnect from 43.255.190.152: 11:  [preauth]
Apr 11 18:34:04 ovzhost sshd[2762]: PAM 2 more authentication failures; logname= uid=0 euid=0 tty=ssh ruser= rhost=43.255.190.152  user=root
Apr 11 18:34:05 ovzhost sshd[2766]: pam_unix(sshd:auth): authentication failure; logname= uid=0 euid=0 tty=ssh ruser= rhost=43.255.190.152  user=root
Apr 11 18:34:05 ovzhost sshd[2764]: Failed password for root from 43.255.190.177 port 36452 ssh2
Apr 11 18:34:06 ovzhost sshd[2766]: Failed password for root from 43.255.190.152 port 60175 ssh2
Apr 11 18:34:09 ovzhost sshd[2764]: message repeated 2 times: [ Failed password for root from 43.255.190.177 port 36452 ssh2]
Apr 11 18:34:09 ovzhost sshd[2764]: Received disconnect from 43.255.190.177: 11:  [preauth]
Apr 11 18:34:09 ovzhost sshd[2764]: PAM 2 more authentication failures; logname= uid=0 euid=0 tty=ssh ruser= rhost=43.255.190.177  user=root
Apr 11 18:34:09 ovzhost sshd[2768]: pam_unix(sshd:auth): authentication failure; logname= uid=0 euid=0 tty=ssh ruser= rhost=43.255.190.177  user=root
Apr 11 18:34:11 ovzhost sshd[2766]: message repeated 2 times: [ Failed password for root from 43.255.190.152 port 60175 ssh2]
Apr 11 18:34:11 ovzhost sshd[2766]: Received disconnect from 43.255.190.152: 11:  [preauth]
Apr 11 18:34:11 ovzhost sshd[2766]: PAM 2 more authentication failures; logname= uid=0 euid=0 tty=ssh ruser= rhost=43.255.190.152  user=root
Apr 11 18:34:12 ovzhost sshd[2770]: pam_unix(sshd:auth): authentication failure; logname= uid=0 euid=0 tty=ssh ruser= rhost=43.255.190.152  user=root
Apr 11 18:34:12 ovzhost sshd[2768]: Failed password for root from 43.255.190.177 port 54680 ssh2
Apr 11 18:34:14 ovzhost sshd[2770]: Failed password for root from 43.255.190.152 port 58828 ssh2
Apr 11 18:34:16 ovzhost sshd[2768]: message repeated 2 times: [ Failed password for root from 43.255.190.177 port 54680 ssh2]
Apr 11 18:34:16 ovzhost sshd[2768]: Received disconnect from 43.255.190.177: 11:  [preauth]
Apr 11 18:34:16 ovzhost sshd[2768]: PAM 2 more authentication failures; logname= uid=0 euid=0 tty=ssh ruser= rhost=43.255.190.177  user=root
Apr 11 18:34:17 ovzhost sshd[2772]: pam_unix(sshd:auth): authentication failure; logname= uid=0 euid=0 tty=ssh ruser= rhost=43.255.190.177  user=root
Apr 11 18:34:18 ovzhost sshd[2770]: message repeated 2 times: [ Failed password for root from 43.255.190.152 port 58828 ssh2]
Apr 11 18:34:18 ovzhost sshd[2770]: Received disconnect from 43.255.190.152: 11:  [preauth]
Apr 11 18:34:18 ovzhost sshd[2770]: PAM 2 more authentication failures; logname= uid=0 euid=0 tty=ssh ruser= rhost=43.255.190.152  user=root
Apr 11 18:34:18 ovzhost sshd[2772]: Failed password for root from 43.255.190.177 port 46934 ssh2
Apr 11 18:34:19 ovzhost sshd[2774]: pam_unix(sshd:auth): authentication failure; logname= uid=0 euid=0 tty=ssh ruser= rhost=43.255.190.152  user=root
Apr 11 18:34:21 ovzhost sshd[2774]: Failed password for root from 43.255.190.152 port 55615 ssh2
Apr 11 18:34:23 ovzhost sshd[2772]: message repeated 2 times: [ Failed password for root from 43.255.190.177 port 46934 ssh2]
Apr 11 18:34:23 ovzhost sshd[2772]: Received disconnect from 43.255.190.177: 11:  [preauth]
Apr 11 18:34:23 ovzhost sshd[2772]: PAM 2 more authentication failures; logname= uid=0 euid=0 tty=ssh ruser= rhost=43.255.190.177  user=root
Apr 11 18:34:24 ovzhost sshd[2776]: pam_unix(sshd:auth): authentication failure; logname= uid=0 euid=0 tty=ssh ruser= rhost=43.255.190.177  user=root
Apr 11 18:34:25 ovzhost sshd[2774]: message repeated 2 times: [ Failed password for root from 43.255.190.152 port 55615 ssh2]
Apr 11 18:34:25 ovzhost sshd[2774]: Received disconnect from 43.255.190.152: 11:  [preauth]
Apr 11 18:34:25 ovzhost sshd[2774]: PAM 2 more authentication failures; logname= uid=0 euid=0 tty=ssh ruser= rhost=43.255.190.152  user=root
Apr 11 18:34:26 ovzhost sshd[2776]: Failed password for root from 43.255.190.177 port 38237 ssh2
Apr 11 18:34:26 ovzhost sshd[2778]: pam_unix(sshd:auth): authentication failure; logname= uid=0 euid=0 tty=ssh ruser= rhost=43.255.190.152  user=root
Apr 11 18:34:29 ovzhost sshd[2778]: Failed password for root from 43.255.190.152 port 51163 ssh2
Apr 11 18:34:31 ovzhost sshd[2776]: message repeated 2 times: [ Failed password for root from 43.255.190.177 port 38237 ssh2]
Apr 11 18:34:31 ovzhost sshd[2776]: Received disconnect from 43.255.190.177: 11:  [preauth]
Apr 11 18:34:31 ovzhost sshd[2776]: PAM 2 more authentication failures; logname= uid=0 euid=0 tty=ssh ruser= rhost=43.255.190.177  user=root
Apr 11 18:34:31 ovzhost sshd[2780]: pam_unix(sshd:auth): authentication failure; logname= uid=0 euid=0 tty=ssh ruser= rhost=43.255.190.177  user=root
Apr 11 18:34:33 ovzhost sshd[2778]: message repeated 2 times: [ Failed password for root from 43.255.190.152 port 51163 ssh2]
Apr 11 18:34:33 ovzhost sshd[2778]: Received disconnect from 43.255.190.152: 11:  [preauth]
Apr 11 18:34:33 ovzhost sshd[2778]: PAM 2 more authentication failures; logname= uid=0 euid=0 tty=ssh ruser= rhost=43.255.190.152  user=root
Apr 11 18:34:33 ovzhost sshd[2780]: Failed password for root from 43.255.190.177 port 58222 ssh2
Apr 11 18:34:33 ovzhost sshd[2782]: pam_unix(sshd:auth): authentication failure; logname= uid=0 euid=0 tty=ssh ruser= rhost=43.255.190.152  user=root
Apr 11 18:34:36 ovzhost sshd[2782]: Failed password for root from 43.255.190.152 port 47979 ssh2
Apr 11 18:34:38 ovzhost sshd[2780]: message repeated 2 times: [ Failed password for root from 43.255.190.177 port 58222 ssh2]
Apr 11 18:34:38 ovzhost sshd[2780]: Received disconnect from 43.255.190.177: 11:  [preauth]
Apr 11 18:34:38 ovzhost sshd[2780]: PAM 2 more authentication failures; logname= uid=0 euid=0 tty=ssh ruser= rhost=43.255.190.177  user=root
Apr 11 18:34:38 ovzhost sshd[2784]: pam_unix(sshd:auth): authentication failure; logname= uid=0 euid=0 tty=ssh ruser= rhost=43.255.190.177  user=root
Apr 11 18:34:39 ovzhost sshd[2787]: Connection closed by 127.0.0.1 [preauth]
Apr 11 18:34:40 ovzhost sshd[2782]: message repeated 2 times: [ Failed password for root from 43.255.190.152 port 47979 ssh2]
Apr 11 18:34:40 ovzhost sshd[2782]: Received disconnect from 43.255.190.152: 11:  [preauth]
Apr 11 18:34:40 ovzhost sshd[2782]: PAM 2 more authentication failures; logname= uid=0 euid=0 tty=ssh ruser= rhost=43.255.190.152  user=root
Apr 11 18:34:41 ovzhost sshd[2784]: Failed password for root from 43.255.190.177 port 48500 ssh2
Apr 11 18:34:41 ovzhost sshd[2789]: pam_unix(sshd:auth): authentication failure; logname= uid=0 euid=0 tty=ssh ruser= rhost=43.255.190.152  user=root
Apr 11 18:34:43 ovzhost sshd[2789]: Failed password for root from 43.255.190.152 port 44580 ssh2
Apr 11 18:34:45 ovzhost sshd[2784]: message repeated 2 times: [ Failed password for root from 43.255.190.177 port 48500 ssh2]
Apr 11 18:34:45 ovzhost sshd[2784]: Received disconnect from 43.255.190.177: 11:  [preauth]
Apr 11 18:34:45 ovzhost sshd[2784]: PAM 2 more authentication failures; logname= uid=0 euid=0 tty=ssh ruser= rhost=43.255.190.177  user=root
Apr 11 18:34:45 ovzhost sshd[2791]: pam_unix(sshd:auth): authentication failure; logname= uid=0 euid=0 tty=ssh ruser= rhost=43.255.190.177  user=root
Apr 11 18:34:47 ovzhost sshd[2789]: message repeated 2 times: [ Failed password for root from 43.255.190.152 port 44580 ssh2]
Apr 11 18:34:47 ovzhost sshd[2789]: Received disconnect from 43.255.190.152: 11:  [preauth]
Apr 11 18:34:47 ovzhost sshd[2789]: PAM 2 more authentication failures; logname= uid=0 euid=0 tty=ssh ruser= rhost=43.255.190.152  user=root
Apr 11 18:34:48 ovzhost sshd[2791]: Failed password for root from 43.255.190.177 port 38203 ssh2
Apr 11 18:34:48 ovzhost sshd[2793]: pam_unix(sshd:auth): authentication failure; logname= uid=0 euid=0 tty=ssh ruser= rhost=43.255.190.152  user=root
Apr 11 18:34:50 ovzhost sshd[2793]: Failed password for root from 43.255.190.152 port 39478 ssh2
Apr 11 18:34:52 ovzhost sshd[2791]: message repeated 2 times: [ Failed password for root from 43.255.190.177 port 38203 ssh2]
Apr 11 18:34:52 ovzhost sshd[2791]: Received disconnect from 43.255.190.177: 11:  [preauth]
Apr 11 18:34:52 ovzhost sshd[2791]: PAM 2 more authentication failures; logname= uid=0 euid=0 tty=ssh ruser= rhost=43.255.190.177  user=root
Apr 11 18:34:53 ovzhost sshd[2795]: pam_unix(sshd:auth): authentication failure; logname= uid=0 euid=0 tty=ssh ruser= rhost=43.255.190.177  user=root
Apr 11 18:34:55 ovzhost sshd[2795]: Failed password for root from 43.255.190.177 port 57051 ssh2
Apr 11 18:34:55 ovzhost sshd[2793]: message repeated 2 times: [ Failed password for root from 43.255.190.152 port 39478 ssh2]
Apr 11 18:34:55 ovzhost sshd[2793]: Received disconnect from 43.255.190.152: 11:  [preauth]
Apr 11 18:34:55 ovzhost sshd[2793]: PAM 2 more authentication failures; logname= uid=0 euid=0 tty=ssh ruser= rhost=43.255.190.152  user=root
Apr 11 18:34:55 ovzhost sshd[2797]: pam_unix(sshd:auth): authentication failure; logname= uid=0 euid=0 tty=ssh ruser= rhost=43.255.190.152  user=root
Apr 11 18:34:57 ovzhost sshd[2797]: Failed password for root from 43.255.190.152 port 34964 ssh2
Apr 11 18:34:59 ovzhost sshd[2795]: message repeated 2 times: [ Failed password for root from 43.255.190.177 port 57051 ssh2]
Apr 11 18:34:59 ovzhost sshd[2795]: Received disconnect from 43.255.190.177: 11:  [preauth]
Apr 11 18:34:59 ovzhost sshd[2795]: PAM 2 more authentication failures; logname= uid=0 euid=0 tty=ssh ruser= rhost=43.255.190.177  user=root
Apr 11 18:35:00 ovzhost sshd[2800]: pam_unix(sshd:auth): authentication failure; logname= uid=0 euid=0 tty=ssh ruser= rhost=43.255.190.177  user=root
Apr 11 18:35:01 ovzhost sshd[2800]: Failed password for root from 43.255.190.177 port 46328 ssh2
