Apr 11 23:02:17 ovzhost sshd[1286]: Failed password for root from 221.229.166.29 port 47299 ssh2
Apr 11 23:02:22 ovzhost sshd[1286]: message repeated 2 times: [ Failed password for root from 221.229.166.29 port 47299 ssh2]
Apr 11 23:02:22 ovzhost sshd[1286]: Received disconnect from 221.229.166.29: 11:  [preauth]
Apr 11 23:02:22 ovzhost sshd[1286]: PAM 2 more authentication failures; logname= uid=0 euid=0 tty=ssh ruser= rhost=221.229.166.29  user=root
Apr 11 23:02:25 ovzhost sshd[1288]: pam_unix(sshd:auth): authentication failure; logname= uid=0 euid=0 tty=ssh ruser= rhost=221.229.166.29  user=root
Apr 11 23:02:28 ovzhost sshd[1288]: Failed password for root from 221.229.166.29 port 42121 ssh2
Apr 11 23:02:32 ovzhost sshd[1288]: message repeated 2 times: [ Failed password for root from 221.229.166.29 port 42121 ssh2]
Apr 11 23:02:33 ovzhost sshd[1288]: Received disconnect from 221.229.166.29: 11:  [preauth]
Apr 11 23:02:33 ovzhost sshd[1288]: PAM 2 more authentication failures; logname= uid=0 euid=0 tty=ssh ruser= rhost=221.229.166.29  user=root
Apr 11 23:02:35 ovzhost sshd[1290]: pam_unix(sshd:auth): authentication failure; logname= uid=0 euid=0 tty=ssh ruser= rhost=221.229.166.29  user=root
Apr 11 23:02:38 ovzhost sshd[1290]: Failed password for root from 221.229.166.29 port 38659 ssh2
Apr 11 23:02:38 ovzhost sshd[1293]: Connection closed by 127.0.0.1 [preauth]
Apr 11 23:02:42 ovzhost sshd[1290]: message repeated 2 times: [ Failed password for root from 221.229.166.29 port 38659 ssh2]
Apr 11 23:02:43 ovzhost sshd[1290]: Received disconnect from 221.229.166.29: 11:  [preauth]
Apr 11 23:02:43 ovzhost sshd[1290]: PAM 2 more authentication failures; logname= uid=0 euid=0 tty=ssh ruser= rhost=221.229.166.29  user=root
Apr 11 23:02:45 ovzhost sshd[1295]: pam_unix(sshd:auth): authentication failure; logname= uid=0 euid=0 tty=ssh ruser= rhost=221.229.166.29  user=root
Apr 11 23:02:47 ovzhost sshd[1295]: Failed password for root from 221.229.166.29 port 60533 ssh2
Apr 11 23:02:52 ovzhost sshd[1295]: message repeated 2 times: [ Failed password for root from 221.229.166.29 port 60533 ssh2]
Apr 11 23:02:52 ovzhost sshd[1295]: Received disconnect from 221.229.166.29: 11:  [preauth]
Apr 11 23:02:52 ovzhost sshd[1295]: PAM 2 more authentication failures; logname= uid=0 euid=0 tty=ssh ruser= rhost=221.229.166.29  user=root
Apr 11 23:02:54 ovzhost sshd[1297]: pam_unix(sshd:auth): authentication failure; logname= uid=0 euid=0 tty=ssh ruser= rhost=221.229.166.29  user=root
Apr 11 23:02:56 ovzhost sshd[1297]: Failed password for root from 221.229.166.29 port 53504 ssh2
Apr 11 23:02:57 ovzhost sshd[1299]: Invalid user guest from 45.55.147.43
Apr 11 23:02:57 ovzhost sshd[1299]: input_userauth_request: invalid user guest [preauth]
Apr 11 23:02:57 ovzhost sshd[1299]: pam_unix(sshd:auth): check pass; user unknown
Apr 11 23:02:57 ovzhost sshd[1299]: pam_unix(sshd:auth): authentication failure; logname= uid=0 euid=0 tty=ssh ruser= rhost=45.55.147.43 
Apr 11 23:02:58 ovzhost sshd[1299]: Failed password for invalid user guest from 45.55.147.43 port 42048 ssh2
Apr 11 23:02:58 ovzhost sshd[1299]: Connection closed by 45.55.147.43 [preauth]
Apr 11 23:03:01 ovzhost sshd[1297]: message repeated 2 times: [ Failed password for root from 221.229.166.29 port 53504 ssh2]
Apr 11 23:03:01 ovzhost sshd[1297]: Received disconnect from 221.229.166.29: 11:  [preauth]
Apr 11 23:03:01 ovzhost sshd[1297]: PAM 2 more authentication failures; logname= uid=0 euid=0 tty=ssh ruser= rhost=221.229.166.29  user=root
Apr 11 23:03:04 ovzhost sshd[1301]: pam_unix(sshd:auth): authentication failure; logname= uid=0 euid=0 tty=ssh ruser= rhost=221.229.166.29  user=root
Apr 11 23:03:05 ovzhost sshd[1301]: Failed password for root from 221.229.166.29 port 44632 ssh2
Apr 11 23:03:10 ovzhost sshd[1301]: message repeated 2 times: [ Failed password for root from 221.229.166.29 port 44632 ssh2]
Apr 11 23:03:10 ovzhost sshd[1301]: Received disconnect from 221.229.166.29: 11:  [preauth]
Apr 11 23:03:10 ovzhost sshd[1301]: PAM 2 more authentication failures; logname= uid=0 euid=0 tty=ssh ruser= rhost=221.229.166.29  user=root
Apr 11 23:03:12 ovzhost sshd[1304]: pam_unix(sshd:auth): authentication failure; logname= uid=0 euid=0 tty=ssh ruser= rhost=221.229.166.29  user=root
Apr 11 23:03:14 ovzhost sshd[1304]: Failed password for root from 221.229.166.29 port 35424 ssh2
Apr 11 23:03:19 ovzhost sshd[1304]: message repeated 2 times: [ Failed password for root from 221.229.166.29 port 35424 ssh2]
Apr 11 23:03:19 ovzhost sshd[1304]: Received disconnect from 221.229.166.29: 11:  [preauth]
Apr 11 23:03:19 ovzhost sshd[1304]: PAM 2 more authentication failures; logname= uid=0 euid=0 tty=ssh ruser= rhost=221.229.166.29  user=root
Apr 11 23:03:21 ovzhost sshd[1306]: pam_unix(sshd:auth): authentication failure; logname= uid=0 euid=0 tty=ssh ruser= rhost=221.229.166.29  user=root
Apr 11 23:03:23 ovzhost sshd[1306]: Failed password for root from 221.229.166.29 port 54378 ssh2
Apr 11 23:03:27 ovzhost sshd[1306]: message repeated 2 times: [ Failed password for root from 221.229.166.29 port 54378 ssh2]
Apr 11 23:03:27 ovzhost sshd[1306]: Received disconnect from 221.229.166.29: 11:  [preauth]
Apr 11 23:03:27 ovzhost sshd[1306]: PAM 2 more authentication failures; logname= uid=0 euid=0 tty=ssh ruser= rhost=221.229.166.29  user=root
Apr 11 23:03:29 ovzhost sshd[1310]: pam_unix(sshd:auth): authentication failure; logname= uid=0 euid=0 tty=ssh ruser= rhost=221.229.166.29  user=root
Apr 11 23:03:31 ovzhost sshd[1310]: Failed password for root from 221.229.166.29 port 45305 ssh2
Apr 11 23:03:36 ovzhost sshd[1310]: message repeated 2 times: [ Failed password for root from 221.229.166.29 port 45305 ssh2]
Apr 11 23:03:36 ovzhost sshd[1310]: Received disconnect from 221.229.166.29: 11:  [preauth]
Apr 11 23:03:36 ovzhost sshd[1310]: PAM 2 more authentication failures; logname= uid=0 euid=0 tty=ssh ruser= rhost=221.229.166.29  user=root
Apr 11 23:03:39 ovzhost sshd[1312]: pam_unix(sshd:auth): authentication failure; logname= uid=0 euid=0 tty=ssh ruser= rhost=221.229.166.29  user=root
Apr 11 23:03:41 ovzhost sshd[1312]: Failed password for root from 221.229.166.29 port 35677 ssh2
Apr 11 23:03:46 ovzhost sshd[1312]: message repeated 2 times: [ Failed password for root from 221.229.166.29 port 35677 ssh2]
Apr 11 23:03:46 ovzhost sshd[1312]: Received disconnect from 221.229.166.29: 11:  [preauth]
Apr 11 23:03:46 ovzhost sshd[1312]: PAM 2 more authentication failures; logname= uid=0 euid=0 tty=ssh ruser= rhost=221.229.166.29  user=root
Apr 11 23:07:38 ovzhost sshd[1328]: Connection closed by 127.0.0.1 [preauth]
Apr 11 23:09:01 ovzhost CRON[1339]: pam_env(cron:session): Unable to open env file: /etc/default/locale: No such file or directory
Apr 11 23:09:01 ovzhost CRON[1338]: pam_env(cron:session): Unable to open env file: /etc/default/locale: No such file or directory
Apr 11 23:09:01 ovzhost CRON[1339]: pam_unix(cron:session): session opened for user root by (uid=0)
Apr 11 23:09:01 ovzhost CRON[1338]: pam_unix(cron:session): session opened for user root by (uid=0)
Apr 11 23:09:01 ovzhost CRON[1338]: pam_unix(cron:session): session closed for user root
Apr 11 23:09:01 ovzhost CRON[1339]: pam_unix(cron:session): session closed for user root
Apr 11 23:10:43 ovzhost sshd[1360]: Connection closed by 128.8.37.120 [preauth]
Apr 11 23:12:24 ovzhost sshd[1367]: pam_unix(sshd:auth): authentication failure; logname= uid=0 euid=0 tty=ssh ruser= rhost=43.255.190.163  user=root
Apr 11 23:12:26 ovzhost sshd[1367]: Failed password for root from 43.255.190.163 port 38343 ssh2
Apr 11 23:12:30 ovzhost sshd[1367]: message repeated 2 times: [ Failed password for root from 43.255.190.163 port 38343 ssh2]
Apr 11 23:12:30 ovzhost sshd[1367]: Received disconnect from 43.255.190.163: 11:  [preauth]
Apr 11 23:12:30 ovzhost sshd[1367]: PAM 2 more authentication failures; logname= uid=0 euid=0 tty=ssh ruser= rhost=43.255.190.163  user=root
Apr 11 23:12:31 ovzhost sshd[1369]: pam_unix(sshd:auth): authentication failure; logname= uid=0 euid=0 tty=ssh ruser= rhost=43.255.190.163  user=root
Apr 11 23:12:33 ovzhost sshd[1369]: Failed password for root from 43.255.190.163 port 55596 ssh2
Apr 11 23:12:37 ovzhost sshd[1369]: message repeated 2 times: [ Failed password for root from 43.255.190.163 port 55596 ssh2]
Apr 11 23:12:37 ovzhost sshd[1369]: Received disconnect from 43.255.190.163: 11:  [preauth]
Apr 11 23:12:37 ovzhost sshd[1369]: PAM 2 more authentication failures; logname= uid=0 euid=0 tty=ssh ruser= rhost=43.255.190.163  user=root
Apr 11 23:12:38 ovzhost sshd[1371]: pam_unix(sshd:auth): authentication failure; logname= uid=0 euid=0 tty=ssh ruser= rhost=43.255.190.163  user=root
Apr 11 23:12:38 ovzhost sshd[1374]: Connection closed by 127.0.0.1 [preauth]
Apr 11 23:12:40 ovzhost sshd[1371]: Failed password for root from 43.255.190.163 port 44140 ssh2
Apr 11 23:12:45 ovzhost sshd[1371]: message repeated 2 times: [ Failed password for root from 43.255.190.163 port 44140 ssh2]
Apr 11 23:12:45 ovzhost sshd[1371]: Received disconnect from 43.255.190.163: 11:  [preauth]
Apr 11 23:12:45 ovzhost sshd[1371]: PAM 2 more authentication failures; logname= uid=0 euid=0 tty=ssh ruser= rhost=43.255.190.163  user=root
Apr 11 23:12:45 ovzhost sshd[1376]: pam_unix(sshd:auth): authentication failure; logname= uid=0 euid=0 tty=ssh ruser= rhost=43.255.190.163  user=root
Apr 11 23:12:47 ovzhost sshd[1378]: pam_unix(sshd:auth): authentication failure; logname= uid=0 euid=0 tty=ssh ruser= rhost=43.255.190.120  user=root
Apr 11 23:12:47 ovzhost sshd[1376]: Failed password for root from 43.255.190.163 port 35290 ssh2
Apr 11 23:12:49 ovzhost sshd[1378]: Failed password for root from 43.255.190.120 port 59204 ssh2
Apr 11 23:12:51 ovzhost sshd[1376]: message repeated 2 times: [ Failed password for root from 43.255.190.163 port 35290 ssh2]
Apr 11 23:12:51 ovzhost sshd[1376]: Received disconnect from 43.255.190.163: 11:  [preauth]
Apr 11 23:12:51 ovzhost sshd[1376]: PAM 2 more authentication failures; logname= uid=0 euid=0 tty=ssh ruser= rhost=43.255.190.163  user=root
Apr 11 23:12:52 ovzhost sshd[1380]: pam_unix(sshd:auth): authentication failure; logname= uid=0 euid=0 tty=ssh ruser= rhost=43.255.190.163  user=root
Apr 11 23:12:53 ovzhost sshd[1378]: message repeated 2 times: [ Failed password for root from 43.255.190.120 port 59204 ssh2]
Apr 11 23:12:53 ovzhost sshd[1378]: Received disconnect from 43.255.190.120: 11:  [preauth]
Apr 11 23:12:53 ovzhost sshd[1378]: PAM 2 more authentication failures; logname= uid=0 euid=0 tty=ssh ruser= rhost=43.255.190.120  user=root
Apr 11 23:12:54 ovzhost sshd[1382]: pam_unix(sshd:auth): authentication failure; logname= uid=0 euid=0 tty=ssh ruser= rhost=43.255.190.120  user=root
Apr 11 23:12:54 ovzhost sshd[1380]: Failed password for root from 43.255.190.163 port 52072 ssh2
Apr 11 23:12:56 ovzhost sshd[1382]: Failed password for root from 43.255.190.120 port 48094 ssh2
Apr 11 23:12:58 ovzhost sshd[1380]: message repeated 2 times: [ Failed password for root from 43.255.190.163 port 52072 ssh2]
Apr 11 23:12:59 ovzhost sshd[1380]: Received disconnect from 43.255.190.163: 11:  [preauth]
Apr 11 23:12:59 ovzhost sshd[1380]: PAM 2 more authentication failures; logname= uid=0 euid=0 tty=ssh ruser= rhost=43.255.190.163  user=root
Apr 11 23:12:59 ovzhost sshd[1384]: pam_unix(sshd:auth): authentication failure; logname= uid=0 euid=0 tty=ssh ruser= rhost=43.255.190.163  user=root
Apr 11 23:13:00 ovzhost sshd[1382]: message repeated 2 times: [ Failed password for root from 43.255.190.120 port 48094 ssh2]
Apr 11 23:13:00 ovzhost sshd[1382]: Received disconnect from 43.255.190.120: 11:  [preauth]
Apr 11 23:13:00 ovzhost sshd[1382]: PAM 2 more authentication failures; logname= uid=0 euid=0 tty=ssh ruser= rhost=43.255.190.120  user=root
Apr 11 23:13:00 ovzhost sshd[1386]: pam_unix(sshd:auth): authentication failure; logname= uid=0 euid=0 tty=ssh ruser= rhost=43.255.190.120  user=root
Apr 11 23:13:01 ovzhost sshd[1384]: Failed password for root from 43.255.190.163 port 40579 ssh2
Apr 11 23:13:02 ovzhost sshd[1386]: Failed password for root from 43.255.190.120 port 36994 ssh2
Apr 11 23:13:05 ovzhost sshd[1384]: message repeated 2 times: [ Failed password for root from 43.255.190.163 port 40579 ssh2]
Apr 11 23:13:05 ovzhost sshd[1384]: Received disconnect from 43.255.190.163: 11:  [preauth]
Apr 11 23:13:05 ovzhost sshd[1384]: PAM 2 more authentication failures; logname= uid=0 euid=0 tty=ssh ruser= rhost=43.255.190.163  user=root
Apr 11 23:13:06 ovzhost sshd[1388]: pam_unix(sshd:auth): authentication failure; logname= uid=0 euid=0 tty=ssh ruser= rhost=43.255.190.163  user=root
Apr 11 23:13:06 ovzhost sshd[1386]: message repeated 2 times: [ Failed password for root from 43.255.190.120 port 36994 ssh2]
Apr 11 23:13:06 ovzhost sshd[1386]: Received disconnect from 43.255.190.120: 11:  [preauth]
Apr 11 23:13:06 ovzhost sshd[1386]: PAM 2 more authentication failures; logname= uid=0 euid=0 tty=ssh ruser= rhost=43.255.190.120  user=root
Apr 11 23:13:07 ovzhost sshd[1390]: pam_unix(sshd:auth): authentication failure; logname= uid=0 euid=0 tty=ssh ruser= rhost=43.255.190.120  user=root
Apr 11 23:13:08 ovzhost sshd[1388]: Failed password for root from 43.255.190.163 port 56152 ssh2
Apr 11 23:13:09 ovzhost sshd[1390]: Failed password for root from 43.255.190.120 port 53473 ssh2
Apr 11 23:13:12 ovzhost sshd[1388]: message repeated 2 times: [ Failed password for root from 43.255.190.163 port 56152 ssh2]
Apr 11 23:13:12 ovzhost sshd[1388]: Received disconnect from 43.255.190.163: 11:  [preauth]
Apr 11 23:13:12 ovzhost sshd[1388]: PAM 2 more authentication failures; logname= uid=0 euid=0 tty=ssh ruser= rhost=43.255.190.163  user=root
Apr 11 23:13:13 ovzhost sshd[1393]: pam_unix(sshd:auth): authentication failure; logname= uid=0 euid=0 tty=ssh ruser= rhost=43.255.190.163  user=root
Apr 11 23:13:13 ovzhost sshd[1390]: message repeated 2 times: [ Failed password for root from 43.255.190.120 port 53473 ssh2]
Apr 11 23:13:13 ovzhost sshd[1390]: Received disconnect from 43.255.190.120: 11:  [preauth]
Apr 11 23:13:13 ovzhost sshd[1390]: PAM 2 more authentication failures; logname= uid=0 euid=0 tty=ssh ruser= rhost=43.255.190.120  user=root
Apr 11 23:13:14 ovzhost sshd[1395]: pam_unix(sshd:auth): authentication failure; logname= uid=0 euid=0 tty=ssh ruser= rhost=43.255.190.120  user=root
Apr 11 23:13:15 ovzhost sshd[1393]: Failed password for root from 43.255.190.163 port 44845 ssh2
Apr 11 23:13:16 ovzhost sshd[1395]: Failed password for root from 43.255.190.120 port 42560 ssh2
Apr 11 23:13:19 ovzhost sshd[1393]: message repeated 2 times: [ Failed password for root from 43.255.190.163 port 44845 ssh2]
Apr 11 23:13:19 ovzhost sshd[1393]: Received disconnect from 43.255.190.163: 11:  [preauth]
Apr 11 23:13:19 ovzhost sshd[1393]: PAM 2 more authentication failures; logname= uid=0 euid=0 tty=ssh ruser= rhost=43.255.190.163  user=root
Apr 11 23:13:19 ovzhost sshd[1397]: pam_unix(sshd:auth): authentication failure; logname= uid=0 euid=0 tty=ssh ruser= rhost=43.255.190.163  user=root
Apr 11 23:13:20 ovzhost sshd[1395]: message repeated 2 times: [ Failed password for root from 43.255.190.120 port 42560 ssh2]
Apr 11 23:13:20 ovzhost sshd[1395]: Received disconnect from 43.255.190.120: 11:  [preauth]
Apr 11 23:13:20 ovzhost sshd[1395]: PAM 2 more authentication failures; logname= uid=0 euid=0 tty=ssh ruser= rhost=43.255.190.120  user=root
Apr 11 23:13:21 ovzhost sshd[1399]: pam_unix(sshd:auth): authentication failure; logname= uid=0 euid=0 tty=ssh ruser= rhost=43.255.190.120  user=root
Apr 11 23:13:21 ovzhost sshd[1397]: Failed password for root from 43.255.190.163 port 60685 ssh2
Apr 11 23:13:22 ovzhost sshd[1399]: Failed password for root from 43.255.190.120 port 60597 ssh2
Apr 11 23:13:25 ovzhost sshd[1397]: message repeated 2 times: [ Failed password for root from 43.255.190.163 port 60685 ssh2]
Apr 11 23:13:25 ovzhost sshd[1397]: Received disconnect from 43.255.190.163: 11:  [preauth]
Apr 11 23:13:25 ovzhost sshd[1397]: PAM 2 more authentication failures; logname= uid=0 euid=0 tty=ssh ruser= rhost=43.255.190.163  user=root
Apr 11 23:13:26 ovzhost sshd[1401]: pam_unix(sshd:auth): authentication failure; logname= uid=0 euid=0 tty=ssh ruser= rhost=43.255.190.163  user=root
Apr 11 23:13:27 ovzhost sshd[1399]: message repeated 2 times: [ Failed password for root from 43.255.190.120 port 60597 ssh2]
Apr 11 23:13:27 ovzhost sshd[1399]: Received disconnect from 43.255.190.120: 11:  [preauth]
Apr 11 23:13:27 ovzhost sshd[1399]: PAM 2 more authentication failures; logname= uid=0 euid=0 tty=ssh ruser= rhost=43.255.190.120  user=root
Apr 11 23:13:28 ovzhost sshd[1403]: pam_unix(sshd:auth): authentication failure; logname= uid=0 euid=0 tty=ssh ruser= rhost=43.255.190.120  user=root
Apr 11 23:13:28 ovzhost sshd[1401]: Failed password for root from 43.255.190.163 port 46967 ssh2
Apr 11 23:13:30 ovzhost sshd[1403]: Failed password for root from 43.255.190.120 port 48621 ssh2
Apr 11 23:13:32 ovzhost sshd[1401]: message repeated 2 times: [ Failed password for root from 43.255.190.163 port 46967 ssh2]
Apr 11 23:13:32 ovzhost sshd[1401]: Received disconnect from 43.255.190.163: 11:  [preauth]
Apr 11 23:13:32 ovzhost sshd[1401]: PAM 2 more authentication failures; logname= uid=0 euid=0 tty=ssh ruser= rhost=43.255.190.163  user=root
Apr 11 23:13:33 ovzhost sshd[1405]: pam_unix(sshd:auth): authentication failure; logname= uid=0 euid=0 tty=ssh ruser= rhost=43.255.190.163  user=root
Apr 11 23:13:34 ovzhost sshd[1403]: message repeated 2 times: [ Failed password for root from 43.255.190.120 port 48621 ssh2]
Apr 11 23:13:34 ovzhost sshd[1403]: Received disconnect from 43.255.190.120: 11:  [preauth]
Apr 11 23:13:34 ovzhost sshd[1403]: PAM 2 more authentication failures; logname= uid=0 euid=0 tty=ssh ruser= rhost=43.255.190.120  user=root
Apr 11 23:13:34 ovzhost sshd[1407]: pam_unix(sshd:auth): authentication failure; logname= uid=0 euid=0 tty=ssh ruser= rhost=43.255.190.120  user=root
Apr 11 23:13:35 ovzhost sshd[1405]: Failed password for root from 43.255.190.163 port 35323 ssh2
Apr 11 23:13:37 ovzhost sshd[1407]: Failed password for root from 43.255.190.120 port 38331 ssh2
Apr 11 23:13:39 ovzhost sshd[1405]: message repeated 2 times: [ Failed password for root from 43.255.190.163 port 35323 ssh2]
Apr 11 23:13:39 ovzhost sshd[1405]: Received disconnect from 43.255.190.163: 11:  [preauth]
Apr 11 23:13:39 ovzhost sshd[1405]: PAM 2 more authentication failures; logname= uid=0 euid=0 tty=ssh ruser= rhost=43.255.190.163  user=root
Apr 11 23:13:39 ovzhost sshd[1411]: pam_unix(sshd:auth): authentication failure; logname= uid=0 euid=0 tty=ssh ruser= rhost=43.255.190.163  user=root
Apr 11 23:13:42 ovzhost sshd[1407]: message repeated 2 times: [ Failed password for root from 43.255.190.120 port 38331 ssh2]
Apr 11 23:13:42 ovzhost sshd[1407]: Received disconnect from 43.255.190.120: 11:  [preauth]
Apr 11 23:13:42 ovzhost sshd[1407]: PAM 2 more authentication failures; logname= uid=0 euid=0 tty=ssh ruser= rhost=43.255.190.120  user=root
Apr 11 23:13:42 ovzhost sshd[1411]: Failed password for root from 43.255.190.163 port 50114 ssh2
Apr 11 23:13:42 ovzhost sshd[1413]: pam_unix(sshd:auth): authentication failure; logname= uid=0 euid=0 tty=ssh ruser= rhost=43.255.190.120  user=root
Apr 11 23:13:44 ovzhost sshd[1413]: Failed password for root from 43.255.190.120 port 57584 ssh2
Apr 11 23:13:46 ovzhost sshd[1411]: message repeated 2 times: [ Failed password for root from 43.255.190.163 port 50114 ssh2]
Apr 11 23:13:46 ovzhost sshd[1411]: Received disconnect from 43.255.190.163: 11:  [preauth]
Apr 11 23:13:46 ovzhost sshd[1411]: PAM 2 more authentication failures; logname= uid=0 euid=0 tty=ssh ruser= rhost=43.255.190.163  user=root
Apr 11 23:13:47 ovzhost sshd[1415]: pam_unix(sshd:auth): authentication failure; logname= uid=0 euid=0 tty=ssh ruser= rhost=43.255.190.163  user=root
Apr 11 23:13:48 ovzhost sshd[1413]: message repeated 2 times: [ Failed password for root from 43.255.190.120 port 57584 ssh2]
Apr 11 23:13:48 ovzhost sshd[1413]: Received disconnect from 43.255.190.120: 11:  [preauth]
Apr 11 23:13:48 ovzhost sshd[1413]: PAM 2 more authentication failures; logname= uid=0 euid=0 tty=ssh ruser= rhost=43.255.190.120  user=root
Apr 11 23:13:48 ovzhost sshd[1415]: Failed password for root from 43.255.190.163 port 39154 ssh2
Apr 11 23:13:49 ovzhost sshd[1419]: pam_unix(sshd:auth): authentication failure; logname= uid=0 euid=0 tty=ssh ruser= rhost=43.255.190.120  user=root
Apr 11 23:13:51 ovzhost sshd[1419]: Failed password for root from 43.255.190.120 port 46362 ssh2
Apr 11 23:13:53 ovzhost sshd[1415]: message repeated 2 times: [ Failed password for root from 43.255.190.163 port 39154 ssh2]
Apr 11 23:13:53 ovzhost sshd[1415]: Received disconnect from 43.255.190.163: 11:  [preauth]
Apr 11 23:13:53 ovzhost sshd[1415]: PAM 2 more authentication failures; logname= uid=0 euid=0 tty=ssh ruser= rhost=43.255.190.163  user=root
Apr 11 23:13:54 ovzhost sshd[1421]: pam_unix(sshd:auth): authentication failure; logname= uid=0 euid=0 tty=ssh ruser= rhost=43.255.190.163  user=root
Apr 11 23:13:55 ovzhost sshd[1419]: message repeated 2 times: [ Failed password for root from 43.255.190.120 port 46362 ssh2]
Apr 11 23:13:56 ovzhost sshd[1419]: Received disconnect from 43.255.190.120: 11:  [preauth]
Apr 11 23:13:56 ovzhost sshd[1419]: PAM 2 more authentication failures; logname= uid=0 euid=0 tty=ssh ruser= rhost=43.255.190.120  user=root
Apr 11 23:13:56 ovzhost sshd[1421]: Failed password for root from 43.255.190.163 port 55297 ssh2
Apr 11 23:13:56 ovzhost sshd[1423]: pam_unix(sshd:auth): authentication failure; logname= uid=0 euid=0 tty=ssh ruser= rhost=43.255.190.120  user=root
Apr 11 23:13:59 ovzhost sshd[1423]: Failed password for root from 43.255.190.120 port 35756 ssh2
Apr 11 23:14:01 ovzhost sshd[1421]: message repeated 2 times: [ Failed password for root from 43.255.190.163 port 55297 ssh2]
Apr 11 23:14:01 ovzhost sshd[1421]: Received disconnect from 43.255.190.163: 11:  [preauth]
Apr 11 23:14:01 ovzhost sshd[1421]: PAM 2 more authentication failures; logname= uid=0 euid=0 tty=ssh ruser= rhost=43.255.190.163  user=root
Apr 11 23:14:01 ovzhost sshd[1425]: pam_unix(sshd:auth): authentication failure; logname= uid=0 euid=0 tty=ssh ruser= rhost=43.255.190.163  user=root
Apr 11 23:14:02 ovzhost sshd[1423]: message repeated 2 times: [ Failed password for root from 43.255.190.120 port 35756 ssh2]
Apr 11 23:14:02 ovzhost sshd[1423]: Received disconnect from 43.255.190.120: 11:  [preauth]
Apr 11 23:14:02 ovzhost sshd[1423]: PAM 2 more authentication failures; logname= uid=0 euid=0 tty=ssh ruser= rhost=43.255.190.120  user=root
Apr 11 23:14:03 ovzhost sshd[1427]: pam_unix(sshd:auth): authentication failure; logname= uid=0 euid=0 tty=ssh ruser= rhost=43.255.190.120  user=root
Apr 11 23:14:04 ovzhost sshd[1425]: Failed password for root from 43.255.190.163 port 44362 ssh2
Apr 11 23:14:06 ovzhost sshd[1427]: Failed password for root from 43.255.190.120 port 52565 ssh2
Apr 11 23:14:08 ovzhost sshd[1425]: message repeated 2 times: [ Failed password for root from 43.255.190.163 port 44362 ssh2]
Apr 11 23:14:08 ovzhost sshd[1425]: Received disconnect from 43.255.190.163: 11:  [preauth]
Apr 11 23:14:08 ovzhost sshd[1425]: PAM 2 more authentication failures; logname= uid=0 euid=0 tty=ssh ruser= rhost=43.255.190.163  user=root
Apr 11 23:14:08 ovzhost sshd[1429]: pam_unix(sshd:auth): authentication failure; logname= uid=0 euid=0 tty=ssh ruser= rhost=43.255.190.163  user=root
Apr 11 23:14:10 ovzhost sshd[1427]: message repeated 2 times: [ Failed password for root from 43.255.190.120 port 52565 ssh2]
Apr 11 23:14:10 ovzhost sshd[1427]: Received disconnect from 43.255.190.120: 11:  [preauth]
Apr 11 23:14:10 ovzhost sshd[1427]: PAM 2 more authentication failures; logname= uid=0 euid=0 tty=ssh ruser= rhost=43.255.190.120  user=root
Apr 11 23:14:11 ovzhost sshd[1431]: pam_unix(sshd:auth): authentication failure; logname= uid=0 euid=0 tty=ssh ruser= rhost=43.255.190.120  user=root
Apr 11 23:14:11 ovzhost sshd[1429]: Failed password for root from 43.255.190.163 port 60336 ssh2
Apr 11 23:14:12 ovzhost sshd[1431]: Failed password for root from 43.255.190.120 port 43111 ssh2
Apr 11 23:14:15 ovzhost sshd[1429]: message repeated 2 times: [ Failed password for root from 43.255.190.163 port 60336 ssh2]
Apr 11 23:14:15 ovzhost sshd[1429]: Received disconnect from 43.255.190.163: 11:  [preauth]
Apr 11 23:14:15 ovzhost sshd[1429]: PAM 2 more authentication failures; logname= uid=0 euid=0 tty=ssh ruser= rhost=43.255.190.163  user=root
Apr 11 23:14:15 ovzhost sshd[1436]: pam_unix(sshd:auth): authentication failure; logname= uid=0 euid=0 tty=ssh ruser= rhost=43.255.190.163  user=root
Apr 11 23:14:16 ovzhost sshd[1431]: message repeated 2 times: [ Failed password for root from 43.255.190.120 port 43111 ssh2]
Apr 11 23:14:16 ovzhost sshd[1431]: Received disconnect from 43.255.190.120: 11:  [preauth]
Apr 11 23:14:16 ovzhost sshd[1431]: PAM 2 more authentication failures; logname= uid=0 euid=0 tty=ssh ruser= rhost=43.255.190.120  user=root
Apr 11 23:14:17 ovzhost sshd[1438]: pam_unix(sshd:auth): authentication failure; logname= uid=0 euid=0 tty=ssh ruser= rhost=43.255.190.120  user=root
Apr 11 23:14:18 ovzhost sshd[1436]: Failed password for root from 43.255.190.163 port 47241 ssh2
Apr 11 23:14:19 ovzhost sshd[1438]: Failed password for root from 43.255.190.120 port 59379 ssh2
Apr 11 23:14:22 ovzhost sshd[1436]: message repeated 2 times: [ Failed password for root from 43.255.190.163 port 47241 ssh2]
Apr 11 23:14:22 ovzhost sshd[1436]: Received disconnect from 43.255.190.163: 11:  [preauth]
Apr 11 23:14:22 ovzhost sshd[1436]: PAM 2 more authentication failures; logname= uid=0 euid=0 tty=ssh ruser= rhost=43.255.190.163  user=root
Apr 11 23:14:23 ovzhost sshd[1440]: pam_unix(sshd:auth): authentication failure; logname= uid=0 euid=0 tty=ssh ruser= rhost=43.255.190.163  user=root
Apr 11 23:14:24 ovzhost sshd[1438]: message repeated 2 times: [ Failed password for root from 43.255.190.120 port 59379 ssh2]
Apr 11 23:14:24 ovzhost sshd[1438]: Received disconnect from 43.255.190.120: 11:  [preauth]
Apr 11 23:14:24 ovzhost sshd[1438]: PAM 2 more authentication failures; logname= uid=0 euid=0 tty=ssh ruser= rhost=43.255.190.120  user=root
Apr 11 23:14:24 ovzhost sshd[1442]: pam_unix(sshd:auth): authentication failure; logname= uid=0 euid=0 tty=ssh ruser= rhost=43.255.190.120  user=root
Apr 11 23:14:25 ovzhost sshd[1440]: Failed password for root from 43.255.190.163 port 36110 ssh2
Apr 11 23:14:26 ovzhost sshd[1442]: Failed password for root from 43.255.190.120 port 48306 ssh2
Apr 11 23:14:29 ovzhost sshd[1440]: message repeated 2 times: [ Failed password for root from 43.255.190.163 port 36110 ssh2]
Apr 11 23:14:29 ovzhost sshd[1440]: Received disconnect from 43.255.190.163: 11:  [preauth]
Apr 11 23:14:29 ovzhost sshd[1440]: PAM 2 more authentication failures; logname= uid=0 euid=0 tty=ssh ruser= rhost=43.255.190.163  user=root
Apr 11 23:14:30 ovzhost sshd[1444]: pam_unix(sshd:auth): authentication failure; logname= uid=0 euid=0 tty=ssh ruser= rhost=43.255.190.163  user=root
Apr 11 23:14:31 ovzhost sshd[1442]: message repeated 2 times: [ Failed password for root from 43.255.190.120 port 48306 ssh2]
Apr 11 23:14:31 ovzhost sshd[1442]: Received disconnect from 43.255.190.120: 11:  [preauth]
Apr 11 23:14:31 ovzhost sshd[1442]: PAM 2 more authentication failures; logname= uid=0 euid=0 tty=ssh ruser= rhost=43.255.190.120  user=root
Apr 11 23:14:31 ovzhost sshd[1446]: pam_unix(sshd:auth): authentication failure; logname= uid=0 euid=0 tty=ssh ruser= rhost=43.255.190.120  user=root
Apr 11 23:14:32 ovzhost sshd[1444]: Failed password for root from 43.255.190.163 port 52061 ssh2
Apr 11 23:14:33 ovzhost sshd[1446]: Failed password for root from 43.255.190.120 port 36610 ssh2
Apr 11 23:14:36 ovzhost sshd[1444]: message repeated 2 times: [ Failed password for root from 43.255.190.163 port 52061 ssh2]
Apr 11 23:14:36 ovzhost sshd[1444]: Received disconnect from 43.255.190.163: 11:  [preauth]
Apr 11 23:14:36 ovzhost sshd[1444]: PAM 2 more authentication failures; logname= uid=0 euid=0 tty=ssh ruser= rhost=43.255.190.163  user=root
Apr 11 23:14:37 ovzhost sshd[1448]: pam_unix(sshd:auth): authentication failure; logname= uid=0 euid=0 tty=ssh ruser= rhost=43.255.190.163  user=root
Apr 11 23:14:38 ovzhost sshd[1446]: message repeated 2 times: [ Failed password for root from 43.255.190.120 port 36610 ssh2]
Apr 11 23:14:38 ovzhost sshd[1446]: Received disconnect from 43.255.190.120: 11:  [preauth]
Apr 11 23:14:38 ovzhost sshd[1446]: PAM 2 more authentication failures; logname= uid=0 euid=0 tty=ssh ruser= rhost=43.255.190.120  user=root
Apr 11 23:14:38 ovzhost sshd[1450]: pam_unix(sshd:auth): authentication failure; logname= uid=0 euid=0 tty=ssh ruser= rhost=43.255.190.120  user=root
Apr 11 23:14:38 ovzhost sshd[1448]: Failed password for root from 43.255.190.163 port 39433 ssh2
Apr 11 23:14:41 ovzhost sshd[1450]: Failed password for root from 43.255.190.120 port 54088 ssh2
Apr 11 23:14:42 ovzhost sshd[1448]: message repeated 2 times: [ Failed password for root from 43.255.190.163 port 39433 ssh2]
Apr 11 23:14:43 ovzhost sshd[1448]: Received disconnect from 43.255.190.163: 11:  [preauth]
Apr 11 23:14:43 ovzhost sshd[1448]: PAM 2 more authentication failures; logname= uid=0 euid=0 tty=ssh ruser= rhost=43.255.190.163  user=root
Apr 11 23:14:43 ovzhost sshd[1452]: pam_unix(sshd:auth): authentication failure; logname= uid=0 euid=0 tty=ssh ruser= rhost=43.255.190.163  user=root
Apr 11 23:14:45 ovzhost sshd[1450]: message repeated 2 times: [ Failed password for root from 43.255.190.120 port 54088 ssh2]
Apr 11 23:14:45 ovzhost sshd[1450]: Received disconnect from 43.255.190.120: 11:  [preauth]
Apr 11 23:14:45 ovzhost sshd[1450]: PAM 2 more authentication failures; logname= uid=0 euid=0 tty=ssh ruser= rhost=43.255.190.120  user=root
Apr 11 23:14:45 ovzhost sshd[1454]: pam_unix(sshd:auth): authentication failure; logname= uid=0 euid=0 tty=ssh ruser= rhost=43.255.190.120  user=root
Apr 11 23:14:45 ovzhost sshd[1452]: Failed password for root from 43.255.190.163 port 53645 ssh2
Apr 11 23:14:48 ovzhost sshd[1454]: Failed password for root from 43.255.190.120 port 42307 ssh2
Apr 11 23:14:50 ovzhost sshd[1452]: message repeated 2 times: [ Failed password for root from 43.255.190.163 port 53645 ssh2]
Apr 11 23:14:50 ovzhost sshd[1452]: Received disconnect from 43.255.190.163: 11:  [preauth]
Apr 11 23:14:50 ovzhost sshd[1452]: PAM 2 more authentication failures; logname= uid=0 euid=0 tty=ssh ruser= rhost=43.255.190.163  user=root
Apr 11 23:14:50 ovzhost sshd[1456]: pam_unix(sshd:auth): authentication failure; logname= uid=0 euid=0 tty=ssh ruser= rhost=43.255.190.163  user=root
Apr 11 23:14:52 ovzhost sshd[1454]: message repeated 2 times: [ Failed password for root from 43.255.190.120 port 42307 ssh2]
Apr 11 23:14:52 ovzhost sshd[1454]: Received disconnect from 43.255.190.120: 11:  [preauth]
Apr 11 23:14:52 ovzhost sshd[1454]: PAM 2 more authentication failures; logname= uid=0 euid=0 tty=ssh ruser= rhost=43.255.190.120  user=root
Apr 11 23:14:52 ovzhost sshd[1458]: pam_unix(sshd:auth): authentication failure; logname= uid=0 euid=0 tty=ssh ruser= rhost=43.255.190.120  user=root
Apr 11 23:14:52 ovzhost sshd[1456]: Failed password for root from 43.255.190.163 port 41811 ssh2
Apr 11 23:14:55 ovzhost sshd[1458]: Failed password for root from 43.255.190.120 port 59258 ssh2
Apr 11 23:14:57 ovzhost sshd[1456]: message repeated 2 times: [ Failed password for root from 43.255.190.163 port 41811 ssh2]
Apr 11 23:14:57 ovzhost sshd[1456]: Received disconnect from 43.255.190.163: 11:  [preauth]
Apr 11 23:14:57 ovzhost sshd[1456]: PAM 2 more authentication failures; logname= uid=0 euid=0 tty=ssh ruser= rhost=43.255.190.163  user=root
Apr 11 23:14:58 ovzhost sshd[1460]: pam_unix(sshd:auth): authentication failure; logname= uid=0 euid=0 tty=ssh ruser= rhost=43.255.190.163  user=root
Apr 11 23:15:00 ovzhost sshd[1458]: message repeated 2 times: [ Failed password for root from 43.255.190.120 port 59258 ssh2]
Apr 11 23:15:00 ovzhost sshd[1458]: Received disconnect from 43.255.190.120: 11:  [preauth]
Apr 11 23:15:00 ovzhost sshd[1458]: PAM 2 more authentication failures; logname= uid=0 euid=0 tty=ssh ruser= rhost=43.255.190.120  user=root
Apr 11 23:15:00 ovzhost sshd[1464]: pam_unix(sshd:auth): authentication failure; logname= uid=0 euid=0 tty=ssh ruser= rhost=43.255.190.120  user=root
Apr 11 23:15:01 ovzhost sshd[1460]: Failed password for root from 43.255.190.163 port 58473 ssh2
Apr 11 23:15:02 ovzhost sshd[1464]: Failed password for root from 43.255.190.120 port 50141 ssh2
Apr 11 23:15:05 ovzhost sshd[1460]: message repeated 2 times: [ Failed password for root from 43.255.190.163 port 58473 ssh2]
Apr 11 23:15:05 ovzhost sshd[1460]: Received disconnect from 43.255.190.163: 11:  [preauth]
Apr 11 23:15:05 ovzhost sshd[1460]: PAM 2 more authentication failures; logname= uid=0 euid=0 tty=ssh ruser= rhost=43.255.190.163  user=root
Apr 11 23:15:06 ovzhost sshd[1466]: pam_unix(sshd:auth): authentication failure; logname= uid=0 euid=0 tty=ssh ruser= rhost=43.255.190.163  user=root
Apr 11 23:15:07 ovzhost sshd[1464]: message repeated 2 times: [ Failed password for root from 43.255.190.120 port 50141 ssh2]
Apr 11 23:15:07 ovzhost sshd[1464]: Received disconnect from 43.255.190.120: 11:  [preauth]
Apr 11 23:15:07 ovzhost sshd[1464]: PAM 2 more authentication failures; logname= uid=0 euid=0 tty=ssh ruser= rhost=43.255.190.120  user=root
Apr 11 23:15:07 ovzhost sshd[1468]: pam_unix(sshd:auth): authentication failure; logname= uid=0 euid=0 tty=ssh ruser= rhost=43.255.190.120  user=root
Apr 11 23:15:08 ovzhost sshd[1466]: Failed password for root from 43.255.190.163 port 46916 ssh2
Apr 11 23:15:09 ovzhost sshd[1468]: Failed password for root from 43.255.190.120 port 39405 ssh2
Apr 11 23:15:12 ovzhost sshd[1466]: message repeated 2 times: [ Failed password for root from 43.255.190.163 port 46916 ssh2]
Apr 11 23:15:12 ovzhost sshd[1466]: Received disconnect from 43.255.190.163: 11:  [preauth]
Apr 11 23:15:12 ovzhost sshd[1466]: PAM 2 more authentication failures; logname= uid=0 euid=0 tty=ssh ruser= rhost=43.255.190.163  user=root
Apr 11 23:15:13 ovzhost sshd[1471]: pam_unix(sshd:auth): authentication failure; logname= uid=0 euid=0 tty=ssh ruser= rhost=43.255.190.163  user=root
Apr 11 23:15:13 ovzhost sshd[1468]: message repeated 2 times: [ Failed password for root from 43.255.190.120 port 39405 ssh2]
Apr 11 23:15:13 ovzhost sshd[1468]: Received disconnect from 43.255.190.120: 11:  [preauth]
Apr 11 23:15:13 ovzhost sshd[1468]: PAM 2 more authentication failures; logname= uid=0 euid=0 tty=ssh ruser= rhost=43.255.190.120  user=root
Apr 11 23:15:14 ovzhost sshd[1473]: pam_unix(sshd:auth): authentication failure; logname= uid=0 euid=0 tty=ssh ruser= rhost=43.255.190.120  user=root
Apr 11 23:15:15 ovzhost sshd[1471]: Failed password for root from 43.255.190.163 port 35129 ssh2
Apr 11 23:15:16 ovzhost sshd[1473]: Failed password for root from 43.255.190.120 port 55432 ssh2
Apr 11 23:15:19 ovzhost sshd[1471]: message repeated 2 times: [ Failed password for root from 43.255.190.163 port 35129 ssh2]
Apr 11 23:15:19 ovzhost sshd[1471]: Received disconnect from 43.255.190.163: 11:  [preauth]
Apr 11 23:15:19 ovzhost sshd[1471]: PAM 2 more authentication failures; logname= uid=0 euid=0 tty=ssh ruser= rhost=43.255.190.163  user=root
Apr 11 23:15:19 ovzhost sshd[1475]: pam_unix(sshd:auth): authentication failure; logname= uid=0 euid=0 tty=ssh ruser= rhost=43.255.190.163  user=root
Apr 11 23:15:21 ovzhost sshd[1473]: message repeated 2 times: [ Failed password for root from 43.255.190.120 port 55432 ssh2]
Apr 11 23:15:21 ovzhost sshd[1473]: Received disconnect from 43.255.190.120: 11:  [preauth]
Apr 11 23:15:21 ovzhost sshd[1473]: PAM 2 more authentication failures; logname= uid=0 euid=0 tty=ssh ruser= rhost=43.255.190.120  user=root
Apr 11 23:15:21 ovzhost sshd[1475]: Failed password for root from 43.255.190.163 port 49612 ssh2
Apr 11 23:15:21 ovzhost sshd[1477]: pam_unix(sshd:auth): authentication failure; logname= uid=0 euid=0 tty=ssh ruser= rhost=43.255.190.120  user=root
Apr 11 23:15:24 ovzhost sshd[1477]: Failed password for root from 43.255.190.120 port 44080 ssh2
Apr 11 23:15:25 ovzhost sshd[1475]: message repeated 2 times: [ Failed password for root from 43.255.190.163 port 49612 ssh2]
Apr 11 23:15:25 ovzhost sshd[1475]: Received disconnect from 43.255.190.163: 11:  [preauth]
Apr 11 23:15:25 ovzhost sshd[1475]: PAM 2 more authentication failures; logname= uid=0 euid=0 tty=ssh ruser= rhost=43.255.190.163  user=root
Apr 11 23:15:26 ovzhost sshd[1479]: pam_unix(sshd:auth): authentication failure; logname= uid=0 euid=0 tty=ssh ruser= rhost=43.255.190.163  user=root
Apr 11 23:15:27 ovzhost sshd[1477]: message repeated 2 times: [ Failed password for root from 43.255.190.120 port 44080 ssh2]
Apr 11 23:15:27 ovzhost sshd[1477]: Received disconnect from 43.255.190.120: 11:  [preauth]
Apr 11 23:15:27 ovzhost sshd[1477]: PAM 2 more authentication failures; logname= uid=0 euid=0 tty=ssh ruser= rhost=43.255.190.120  user=root
Apr 11 23:15:28 ovzhost sshd[1481]: pam_unix(sshd:auth): authentication failure; logname= uid=0 euid=0 tty=ssh ruser= rhost=43.255.190.120  user=root
Apr 11 23:15:28 ovzhost sshd[1479]: Failed password for root from 43.255.190.163 port 35877 ssh2
Apr 11 23:15:31 ovzhost sshd[1481]: Failed password for root from 43.255.190.120 port 59909 ssh2
Apr 11 23:15:33 ovzhost sshd[1479]: message repeated 2 times: [ Failed password for root from 43.255.190.163 port 35877 ssh2]
Apr 11 23:15:33 ovzhost sshd[1479]: Received disconnect from 43.255.190.163: 11:  [preauth]
Apr 11 23:15:33 ovzhost sshd[1479]: PAM 2 more authentication failures; logname= uid=0 euid=0 tty=ssh ruser= rhost=43.255.190.163  user=root
Apr 11 23:15:33 ovzhost sshd[1483]: pam_unix(sshd:auth): authentication failure; logname= uid=0 euid=0 tty=ssh ruser= rhost=43.255.190.163  user=root
Apr 11 23:15:35 ovzhost sshd[1481]: message repeated 2 times: [ Failed password for root from 43.255.190.120 port 59909 ssh2]
Apr 11 23:15:35 ovzhost sshd[1481]: Received disconnect from 43.255.190.120: 11:  [preauth]
Apr 11 23:15:35 ovzhost sshd[1481]: PAM 2 more authentication failures; logname= uid=0 euid=0 tty=ssh ruser= rhost=43.255.190.120  user=root
Apr 11 23:15:36 ovzhost sshd[1485]: pam_unix(sshd:auth): authentication failure; logname= uid=0 euid=0 tty=ssh ruser= rhost=43.255.190.120  user=root
Apr 11 23:15:36 ovzhost sshd[1483]: Failed password for root from 43.255.190.163 port 52402 ssh2
Apr 11 23:15:37 ovzhost sshd[1485]: Failed password for root from 43.255.190.120 port 49542 ssh2
Apr 11 23:15:40 ovzhost sshd[1483]: message repeated 2 times: [ Failed password for root from 43.255.190.163 port 52402 ssh2]
Apr 11 23:15:40 ovzhost sshd[1483]: Received disconnect from 43.255.190.163: 11:  [preauth]
Apr 11 23:15:40 ovzhost sshd[1483]: PAM 2 more authentication failures; logname= uid=0 euid=0 tty=ssh ruser= rhost=43.255.190.163  user=root
Apr 11 23:15:41 ovzhost sshd[1487]: pam_unix(sshd:auth): authentication failure; logname= uid=0 euid=0 tty=ssh ruser= rhost=43.255.190.163  user=root
Apr 11 23:15:42 ovzhost sshd[1485]: message repeated 2 times: [ Failed password for root from 43.255.190.120 port 49542 ssh2]
Apr 11 23:15:42 ovzhost sshd[1485]: Received disconnect from 43.255.190.120: 11:  [preauth]
Apr 11 23:15:42 ovzhost sshd[1485]: PAM 2 more authentication failures; logname= uid=0 euid=0 tty=ssh ruser= rhost=43.255.190.120  user=root
Apr 11 23:15:42 ovzhost sshd[1489]: pam_unix(sshd:auth): authentication failure; logname= uid=0 euid=0 tty=ssh ruser= rhost=43.255.190.120  user=root
Apr 11 23:15:42 ovzhost sshd[1487]: Failed password for root from 43.255.190.163 port 40426 ssh2
Apr 11 23:15:44 ovzhost sshd[1489]: Failed password for root from 43.255.190.120 port 37721 ssh2
Apr 11 23:15:47 ovzhost sshd[1487]: message repeated 2 times: [ Failed password for root from 43.255.190.163 port 40426 ssh2]
Apr 11 23:15:47 ovzhost sshd[1487]: Received disconnect from 43.255.190.163: 11:  [preauth]
Apr 11 23:15:47 ovzhost sshd[1487]: PAM 2 more authentication failures; logname= uid=0 euid=0 tty=ssh ruser= rhost=43.255.190.163  user=root
Apr 11 23:15:47 ovzhost sshd[1491]: pam_unix(sshd:auth): authentication failure; logname= uid=0 euid=0 tty=ssh ruser= rhost=43.255.190.163  user=root
Apr 11 23:15:48 ovzhost sshd[1489]: message repeated 2 times: [ Failed password for root from 43.255.190.120 port 37721 ssh2]
Apr 11 23:15:48 ovzhost sshd[1489]: Received disconnect from 43.255.190.120: 11:  [preauth]
Apr 11 23:15:48 ovzhost sshd[1489]: PAM 2 more authentication failures; logname= uid=0 euid=0 tty=ssh ruser= rhost=43.255.190.120  user=root
Apr 11 23:15:48 ovzhost sshd[1493]: pam_unix(sshd:auth): authentication failure; logname= uid=0 euid=0 tty=ssh ruser= rhost=43.255.190.120  user=root
Apr 11 23:15:49 ovzhost sshd[1491]: Failed password for root from 43.255.190.163 port 55828 ssh2
Apr 11 23:15:50 ovzhost sshd[1493]: Failed password for root from 43.255.190.120 port 52211 ssh2
Apr 11 23:15:53 ovzhost sshd[1491]: message repeated 2 times: [ Failed password for root from 43.255.190.163 port 55828 ssh2]
Apr 11 23:15:53 ovzhost sshd[1491]: Received disconnect from 43.255.190.163: 11:  [preauth]
Apr 11 23:15:53 ovzhost sshd[1491]: PAM 2 more authentication failures; logname= uid=0 euid=0 tty=ssh ruser= rhost=43.255.190.163  user=root
Apr 11 23:15:53 ovzhost sshd[1495]: pam_unix(sshd:auth): authentication failure; logname= uid=0 euid=0 tty=ssh ruser= rhost=43.255.190.163  user=root
Apr 11 23:15:55 ovzhost sshd[1493]: message repeated 2 times: [ Failed password for root from 43.255.190.120 port 52211 ssh2]
Apr 11 23:15:55 ovzhost sshd[1493]: Received disconnect from 43.255.190.120: 11:  [preauth]
Apr 11 23:15:55 ovzhost sshd[1493]: PAM 2 more authentication failures; logname= uid=0 euid=0 tty=ssh ruser= rhost=43.255.190.120  user=root
Apr 11 23:15:55 ovzhost sshd[1495]: Failed password for root from 43.255.190.163 port 40856 ssh2
Apr 11 23:15:56 ovzhost sshd[1497]: pam_unix(sshd:auth): authentication failure; logname= uid=0 euid=0 tty=ssh ruser= rhost=43.255.190.120  user=root
Apr 11 23:15:58 ovzhost sshd[1497]: Failed password for root from 43.255.190.120 port 40572 ssh2
Apr 11 23:15:59 ovzhost sshd[1495]: message repeated 2 times: [ Failed password for root from 43.255.190.163 port 40856 ssh2]
Apr 11 23:15:59 ovzhost sshd[1495]: Received disconnect from 43.255.190.163: 11:  [preauth]
Apr 11 23:15:59 ovzhost sshd[1495]: PAM 2 more authentication failures; logname= uid=0 euid=0 tty=ssh ruser= rhost=43.255.190.163  user=root
Apr 11 23:16:00 ovzhost sshd[1499]: pam_unix(sshd:auth): authentication failure; logname= uid=0 euid=0 tty=ssh ruser= rhost=43.255.190.163  user=root
Apr 11 23:16:01 ovzhost sshd[1499]: Failed password for root from 43.255.190.163 port 55356 ssh2
Apr 11 23:16:02 ovzhost sshd[1497]: message repeated 2 times: [ Failed password for root from 43.255.190.120 port 40572 ssh2]
Apr 11 23:16:02 ovzhost sshd[1497]: Received disconnect from 43.255.190.120: 11:  [preauth]
Apr 11 23:16:02 ovzhost sshd[1497]: PAM 2 more authentication failures; logname= uid=0 euid=0 tty=ssh ruser= rhost=43.255.190.120  user=root
Apr 11 23:16:02 ovzhost sshd[1501]: pam_unix(sshd:auth): authentication failure; logname= uid=0 euid=0 tty=ssh ruser= rhost=43.255.190.120  user=root
Apr 11 23:16:04 ovzhost sshd[1501]: Failed password for root from 43.255.190.120 port 56833 ssh2
Apr 11 23:16:05 ovzhost sshd[1499]: message repeated 2 times: [ Failed password for root from 43.255.190.163 port 55356 ssh2]
Apr 11 23:16:06 ovzhost sshd[1499]: Received disconnect from 43.255.190.163: 11:  [preauth]
Apr 11 23:16:06 ovzhost sshd[1499]: PAM 2 more authentication failures; logname= uid=0 euid=0 tty=ssh ruser= rhost=43.255.190.163  user=root
Apr 11 23:16:06 ovzhost sshd[1503]: pam_unix(sshd:auth): authentication failure; logname= uid=0 euid=0 tty=ssh ruser= rhost=43.255.190.163  user=root
Apr 11 23:16:08 ovzhost sshd[1503]: Failed password for root from 43.255.190.163 port 41671 ssh2
Apr 11 23:16:09 ovzhost sshd[1501]: message repeated 2 times: [ Failed password for root from 43.255.190.120 port 56833 ssh2]
Apr 11 23:16:09 ovzhost sshd[1501]: Received disconnect from 43.255.190.120: 11:  [preauth]
Apr 11 23:16:09 ovzhost sshd[1501]: PAM 2 more authentication failures; logname= uid=0 euid=0 tty=ssh ruser= rhost=43.255.190.120  user=root
Apr 11 23:16:09 ovzhost sshd[1505]: pam_unix(sshd:auth): authentication failure; logname= uid=0 euid=0 tty=ssh ruser= rhost=43.255.190.120  user=root
Apr 11 23:16:11 ovzhost sshd[1505]: Failed password for root from 43.255.190.120 port 44952 ssh2
Apr 11 23:16:12 ovzhost sshd[1503]: message repeated 2 times: [ Failed password for root from 43.255.190.163 port 41671 ssh2]
Apr 11 23:16:12 ovzhost sshd[1503]: Received disconnect from 43.255.190.163: 11:  [preauth]
Apr 11 23:16:12 ovzhost sshd[1503]: PAM 2 more authentication failures; logname= uid=0 euid=0 tty=ssh ruser= rhost=43.255.190.163  user=root
Apr 11 23:16:13 ovzhost sshd[1507]: pam_unix(sshd:auth): authentication failure; logname= uid=0 euid=0 tty=ssh ruser= rhost=43.255.190.163  user=root
Apr 11 23:16:15 ovzhost sshd[1507]: Failed password for root from 43.255.190.163 port 56450 ssh2
Apr 11 23:16:16 ovzhost sshd[1505]: message repeated 2 times: [ Failed password for root from 43.255.190.120 port 44952 ssh2]
Apr 11 23:16:16 ovzhost sshd[1505]: Received disconnect from 43.255.190.120: 11:  [preauth]
Apr 11 23:16:16 ovzhost sshd[1505]: PAM 2 more authentication failures; logname= uid=0 euid=0 tty=ssh ruser= rhost=43.255.190.120  user=root
Apr 11 23:16:17 ovzhost sshd[1509]: pam_unix(sshd:auth): authentication failure; logname= uid=0 euid=0 tty=ssh ruser= rhost=43.255.190.120  user=root
Apr 11 23:16:20 ovzhost sshd[1509]: Failed password for root from 43.255.190.120 port 33735 ssh2
Apr 11 23:16:20 ovzhost sshd[1507]: message repeated 2 times: [ Failed password for root from 43.255.190.163 port 56450 ssh2]
Apr 11 23:16:20 ovzhost sshd[1507]: Received disconnect from 43.255.190.163: 11:  [preauth]
Apr 11 23:16:20 ovzhost sshd[1507]: PAM 2 more authentication failures; logname= uid=0 euid=0 tty=ssh ruser= rhost=43.255.190.163  user=root
Apr 11 23:16:21 ovzhost sshd[1511]: pam_unix(sshd:auth): authentication failure; logname= uid=0 euid=0 tty=ssh ruser= rhost=43.255.190.163  user=root
Apr 11 23:16:23 ovzhost sshd[1511]: Failed password for root from 43.255.190.163 port 46206 ssh2
Apr 11 23:16:23 ovzhost sshd[1509]: message repeated 2 times: [ Failed password for root from 43.255.190.120 port 33735 ssh2]
Apr 11 23:16:23 ovzhost sshd[1509]: Received disconnect from 43.255.190.120: 11:  [preauth]
Apr 11 23:16:23 ovzhost sshd[1509]: PAM 2 more authentication failures; logname= uid=0 euid=0 tty=ssh ruser= rhost=43.255.190.120  user=root
Apr 11 23:16:24 ovzhost sshd[1513]: pam_unix(sshd:auth): authentication failure; logname= uid=0 euid=0 tty=ssh ruser= rhost=43.255.190.120  user=root
Apr 11 23:16:25 ovzhost sshd[1513]: Failed password for root from 43.255.190.120 port 50508 ssh2
Apr 11 23:16:27 ovzhost sshd[1511]: message repeated 2 times: [ Failed password for root from 43.255.190.163 port 46206 ssh2]
Apr 11 23:16:27 ovzhost sshd[1511]: Received disconnect from 43.255.190.163: 11:  [preauth]
Apr 11 23:16:27 ovzhost sshd[1511]: PAM 2 more authentication failures; logname= uid=0 euid=0 tty=ssh ruser= rhost=43.255.190.163  user=root
Apr 11 23:16:28 ovzhost sshd[1517]: pam_unix(sshd:auth): authentication failure; logname= uid=0 euid=0 tty=ssh ruser= rhost=43.255.190.163  user=root
Apr 11 23:16:30 ovzhost sshd[1517]: Failed password for root from 43.255.190.163 port 60005 ssh2
Apr 11 23:16:30 ovzhost sshd[1513]: message repeated 2 times: [ Failed password for root from 43.255.190.120 port 50508 ssh2]
Apr 11 23:16:30 ovzhost sshd[1513]: Received disconnect from 43.255.190.120: 11:  [preauth]
Apr 11 23:16:30 ovzhost sshd[1513]: PAM 2 more authentication failures; logname= uid=0 euid=0 tty=ssh ruser= rhost=43.255.190.120  user=root
Apr 11 23:16:31 ovzhost sshd[1519]: pam_unix(sshd:auth): authentication failure; logname= uid=0 euid=0 tty=ssh ruser= rhost=43.255.190.120  user=root
Apr 11 23:16:32 ovzhost sshd[1519]: Failed password for root from 43.255.190.120 port 37409 ssh2
Apr 11 23:16:33 ovzhost sshd[1517]: message repeated 2 times: [ Failed password for root from 43.255.190.163 port 60005 ssh2]
Apr 11 23:16:33 ovzhost sshd[1517]: Received disconnect from 43.255.190.163: 11:  [preauth]
Apr 11 23:16:33 ovzhost sshd[1517]: PAM 2 more authentication failures; logname= uid=0 euid=0 tty=ssh ruser= rhost=43.255.190.163  user=root
Apr 11 23:16:34 ovzhost sshd[1521]: pam_unix(sshd:auth): authentication failure; logname= uid=0 euid=0 tty=ssh ruser= rhost=43.255.190.163  user=root
Apr 11 23:16:36 ovzhost sshd[1521]: Failed password for root from 43.255.190.163 port 45506 ssh2
Apr 11 23:16:36 ovzhost sshd[1519]: message repeated 2 times: [ Failed password for root from 43.255.190.120 port 37409 ssh2]
Apr 11 23:16:36 ovzhost sshd[1519]: Received disconnect from 43.255.190.120: 11:  [preauth]
Apr 11 23:16:36 ovzhost sshd[1519]: PAM 2 more authentication failures; logname= uid=0 euid=0 tty=ssh ruser= rhost=43.255.190.120  user=root
Apr 11 23:16:37 ovzhost sshd[1523]: pam_unix(sshd:auth): authentication failure; logname= uid=0 euid=0 tty=ssh ruser= rhost=43.255.190.120  user=root
Apr 11 23:16:39 ovzhost sshd[1523]: Failed password for root from 43.255.190.120 port 52415 ssh2
Apr 11 23:16:39 ovzhost sshd[1521]: message repeated 2 times: [ Failed password for root from 43.255.190.163 port 45506 ssh2]
Apr 11 23:16:39 ovzhost sshd[1521]: Received disconnect from 43.255.190.163: 11:  [preauth]
