Apr 11 22:50:41 ovzhost sshd[1044]: pam_unix(sshd:auth): authentication failure; logname= uid=0 euid=0 tty=ssh ruser= rhost=43.255.190.122  user=root
Apr 11 22:50:41 ovzhost sshd[1046]: pam_unix(sshd:auth): authentication failure; logname= uid=0 euid=0 tty=ssh ruser= rhost=43.255.190.124  user=root
Apr 11 22:50:43 ovzhost sshd[1049]: Connection closed by 128.8.37.120 [preauth]
Apr 11 22:50:43 ovzhost sshd[1044]: Failed password for root from 43.255.190.122 port 35828 ssh2
Apr 11 22:50:44 ovzhost sshd[1046]: Failed password for root from 43.255.190.124 port 57746 ssh2
Apr 11 22:50:48 ovzhost sshd[1044]: message repeated 2 times: [ Failed password for root from 43.255.190.122 port 35828 ssh2]
Apr 11 22:50:48 ovzhost sshd[1044]: Received disconnect from 43.255.190.122: 11:  [preauth]
Apr 11 22:50:48 ovzhost sshd[1044]: PAM 2 more authentication failures; logname= uid=0 euid=0 tty=ssh ruser= rhost=43.255.190.122  user=root
Apr 11 22:50:48 ovzhost sshd[1046]: message repeated 2 times: [ Failed password for root from 43.255.190.124 port 57746 ssh2]
Apr 11 22:50:48 ovzhost sshd[1046]: Received disconnect from 43.255.190.124: 11:  [preauth]
Apr 11 22:50:48 ovzhost sshd[1046]: PAM 2 more authentication failures; logname= uid=0 euid=0 tty=ssh ruser= rhost=43.255.190.124  user=root
Apr 11 22:50:48 ovzhost sshd[1051]: pam_unix(sshd:auth): authentication failure; logname= uid=0 euid=0 tty=ssh ruser= rhost=43.255.190.122  user=root
Apr 11 22:50:49 ovzhost sshd[1053]: pam_unix(sshd:auth): authentication failure; logname= uid=0 euid=0 tty=ssh ruser= rhost=43.255.190.124  user=root
Apr 11 22:50:51 ovzhost sshd[1053]: Failed password for root from 43.255.190.124 port 46057 ssh2
Apr 11 22:50:51 ovzhost sshd[1051]: Failed password for root from 43.255.190.122 port 51812 ssh2
Apr 11 22:50:54 ovzhost sshd[1053]: message repeated 2 times: [ Failed password for root from 43.255.190.124 port 46057 ssh2]
Apr 11 22:50:54 ovzhost sshd[1053]: Received disconnect from 43.255.190.124: 11:  [preauth]
Apr 11 22:50:54 ovzhost sshd[1053]: PAM 2 more authentication failures; logname= uid=0 euid=0 tty=ssh ruser= rhost=43.255.190.124  user=root
Apr 11 22:50:54 ovzhost sshd[1051]: message repeated 2 times: [ Failed password for root from 43.255.190.122 port 51812 ssh2]
Apr 11 22:50:54 ovzhost sshd[1051]: Received disconnect from 43.255.190.122: 11:  [preauth]
Apr 11 22:50:54 ovzhost sshd[1051]: PAM 2 more authentication failures; logname= uid=0 euid=0 tty=ssh ruser= rhost=43.255.190.122  user=root
Apr 11 22:50:55 ovzhost sshd[1055]: pam_unix(sshd:auth): authentication failure; logname= uid=0 euid=0 tty=ssh ruser= rhost=43.255.190.124  user=root
Apr 11 22:50:55 ovzhost sshd[1057]: pam_unix(sshd:auth): authentication failure; logname= uid=0 euid=0 tty=ssh ruser= rhost=43.255.190.122  user=root
Apr 11 22:50:57 ovzhost sshd[1055]: Failed password for root from 43.255.190.124 port 60073 ssh2
Apr 11 22:50:57 ovzhost sshd[1057]: Failed password for root from 43.255.190.122 port 38759 ssh2
Apr 11 22:51:01 ovzhost sshd[1055]: message repeated 2 times: [ Failed password for root from 43.255.190.124 port 60073 ssh2]
Apr 11 22:51:01 ovzhost sshd[1055]: Received disconnect from 43.255.190.124: 11:  [preauth]
Apr 11 22:51:01 ovzhost sshd[1055]: PAM 2 more authentication failures; logname= uid=0 euid=0 tty=ssh ruser= rhost=43.255.190.124  user=root
Apr 11 22:51:01 ovzhost sshd[1057]: message repeated 2 times: [ Failed password for root from 43.255.190.122 port 38759 ssh2]
Apr 11 22:51:01 ovzhost sshd[1057]: Received disconnect from 43.255.190.122: 11:  [preauth]
Apr 11 22:51:01 ovzhost sshd[1057]: PAM 2 more authentication failures; logname= uid=0 euid=0 tty=ssh ruser= rhost=43.255.190.122  user=root
Apr 11 22:51:01 ovzhost sshd[1059]: pam_unix(sshd:auth): authentication failure; logname= uid=0 euid=0 tty=ssh ruser= rhost=43.255.190.124  user=root
Apr 11 22:51:01 ovzhost sshd[1061]: pam_unix(sshd:auth): authentication failure; logname= uid=0 euid=0 tty=ssh ruser= rhost=43.255.190.122  user=root
Apr 11 22:51:03 ovzhost sshd[1059]: Failed password for root from 43.255.190.124 port 45972 ssh2
Apr 11 22:51:03 ovzhost sshd[1061]: Failed password for root from 43.255.190.122 port 53125 ssh2
Apr 11 22:51:07 ovzhost sshd[1059]: message repeated 2 times: [ Failed password for root from 43.255.190.124 port 45972 ssh2]
Apr 11 22:51:07 ovzhost sshd[1059]: Received disconnect from 43.255.190.124: 11:  [preauth]
Apr 11 22:51:07 ovzhost sshd[1059]: PAM 2 more authentication failures; logname= uid=0 euid=0 tty=ssh ruser= rhost=43.255.190.124  user=root
Apr 11 22:51:07 ovzhost sshd[1061]: message repeated 2 times: [ Failed password for root from 43.255.190.122 port 53125 ssh2]
Apr 11 22:51:07 ovzhost sshd[1061]: Received disconnect from 43.255.190.122: 11:  [preauth]
Apr 11 22:51:07 ovzhost sshd[1061]: PAM 2 more authentication failures; logname= uid=0 euid=0 tty=ssh ruser= rhost=43.255.190.122  user=root
Apr 11 22:51:07 ovzhost sshd[1065]: pam_unix(sshd:auth): authentication failure; logname= uid=0 euid=0 tty=ssh ruser= rhost=43.255.190.124  user=root
Apr 11 22:51:07 ovzhost sshd[1067]: pam_unix(sshd:auth): authentication failure; logname= uid=0 euid=0 tty=ssh ruser= rhost=43.255.190.122  user=root
Apr 11 22:51:10 ovzhost sshd[1065]: Failed password for root from 43.255.190.124 port 59470 ssh2
Apr 11 22:51:10 ovzhost sshd[1067]: Failed password for root from 43.255.190.122 port 38362 ssh2
Apr 11 22:51:13 ovzhost sshd[1065]: message repeated 2 times: [ Failed password for root from 43.255.190.124 port 59470 ssh2]
Apr 11 22:51:13 ovzhost sshd[1065]: Received disconnect from 43.255.190.124: 11:  [preauth]
Apr 11 22:51:13 ovzhost sshd[1065]: PAM 2 more authentication failures; logname= uid=0 euid=0 tty=ssh ruser= rhost=43.255.190.124  user=root
Apr 11 22:51:13 ovzhost sshd[1067]: message repeated 2 times: [ Failed password for root from 43.255.190.122 port 38362 ssh2]
Apr 11 22:51:13 ovzhost sshd[1067]: Received disconnect from 43.255.190.122: 11:  [preauth]
Apr 11 22:51:13 ovzhost sshd[1067]: PAM 2 more authentication failures; logname= uid=0 euid=0 tty=ssh ruser= rhost=43.255.190.122  user=root
Apr 11 22:51:14 ovzhost sshd[1069]: pam_unix(sshd:auth): authentication failure; logname= uid=0 euid=0 tty=ssh ruser= rhost=43.255.190.124  user=root
Apr 11 22:51:14 ovzhost sshd[1071]: pam_unix(sshd:auth): authentication failure; logname= uid=0 euid=0 tty=ssh ruser= rhost=43.255.190.122  user=root
Apr 11 22:51:15 ovzhost sshd[1069]: Failed password for root from 43.255.190.124 port 45914 ssh2
Apr 11 22:51:15 ovzhost sshd[1071]: Failed password for root from 43.255.190.122 port 53459 ssh2
Apr 11 22:51:19 ovzhost sshd[1069]: message repeated 2 times: [ Failed password for root from 43.255.190.124 port 45914 ssh2]
Apr 11 22:51:19 ovzhost sshd[1069]: Received disconnect from 43.255.190.124: 11:  [preauth]
Apr 11 22:51:19 ovzhost sshd[1069]: PAM 2 more authentication failures; logname= uid=0 euid=0 tty=ssh ruser= rhost=43.255.190.124  user=root
Apr 11 22:51:19 ovzhost sshd[1071]: message repeated 2 times: [ Failed password for root from 43.255.190.122 port 53459 ssh2]
Apr 11 22:51:19 ovzhost sshd[1071]: Received disconnect from 43.255.190.122: 11:  [preauth]
Apr 11 22:51:19 ovzhost sshd[1071]: PAM 2 more authentication failures; logname= uid=0 euid=0 tty=ssh ruser= rhost=43.255.190.122  user=root
Apr 11 22:51:20 ovzhost sshd[1073]: pam_unix(sshd:auth): authentication failure; logname= uid=0 euid=0 tty=ssh ruser= rhost=43.255.190.124  user=root
Apr 11 22:51:20 ovzhost sshd[1075]: pam_unix(sshd:auth): authentication failure; logname= uid=0 euid=0 tty=ssh ruser= rhost=43.255.190.122  user=root
Apr 11 22:51:21 ovzhost sshd[1073]: Failed password for root from 43.255.190.124 port 59491 ssh2
Apr 11 22:51:21 ovzhost sshd[1075]: Failed password for root from 43.255.190.122 port 38974 ssh2
Apr 11 22:51:25 ovzhost sshd[1075]: message repeated 2 times: [ Failed password for root from 43.255.190.122 port 38974 ssh2]
Apr 11 22:51:25 ovzhost sshd[1075]: Received disconnect from 43.255.190.122: 11:  [preauth]
Apr 11 22:51:25 ovzhost sshd[1075]: PAM 2 more authentication failures; logname= uid=0 euid=0 tty=ssh ruser= rhost=43.255.190.122  user=root
Apr 11 22:51:25 ovzhost sshd[1073]: message repeated 2 times: [ Failed password for root from 43.255.190.124 port 59491 ssh2]
Apr 11 22:51:26 ovzhost sshd[1073]: Received disconnect from 43.255.190.124: 11:  [preauth]
Apr 11 22:51:26 ovzhost sshd[1073]: PAM 2 more authentication failures; logname= uid=0 euid=0 tty=ssh ruser= rhost=43.255.190.124  user=root
Apr 11 22:51:26 ovzhost sshd[1077]: pam_unix(sshd:auth): authentication failure; logname= uid=0 euid=0 tty=ssh ruser= rhost=43.255.190.122  user=root
Apr 11 22:51:26 ovzhost sshd[1079]: pam_unix(sshd:auth): authentication failure; logname= uid=0 euid=0 tty=ssh ruser= rhost=43.255.190.124  user=root
Apr 11 22:51:28 ovzhost sshd[1077]: Failed password for root from 43.255.190.122 port 52862 ssh2
Apr 11 22:51:28 ovzhost sshd[1079]: Failed password for root from 43.255.190.124 port 45683 ssh2
Apr 11 22:51:32 ovzhost sshd[1079]: message repeated 2 times: [ Failed password for root from 43.255.190.124 port 45683 ssh2]
Apr 11 22:51:32 ovzhost sshd[1079]: Received disconnect from 43.255.190.124: 11:  [preauth]
Apr 11 22:51:32 ovzhost sshd[1079]: PAM 2 more authentication failures; logname= uid=0 euid=0 tty=ssh ruser= rhost=43.255.190.124  user=root
Apr 11 22:51:33 ovzhost sshd[1077]: message repeated 2 times: [ Failed password for root from 43.255.190.122 port 52862 ssh2]
Apr 11 22:51:33 ovzhost sshd[1077]: Received disconnect from 43.255.190.122: 11:  [preauth]
Apr 11 22:51:33 ovzhost sshd[1077]: PAM 2 more authentication failures; logname= uid=0 euid=0 tty=ssh ruser= rhost=43.255.190.122  user=root
Apr 11 22:51:33 ovzhost sshd[1081]: pam_unix(sshd:auth): authentication failure; logname= uid=0 euid=0 tty=ssh ruser= rhost=43.255.190.124  user=root
Apr 11 22:51:33 ovzhost sshd[1083]: pam_unix(sshd:auth): authentication failure; logname= uid=0 euid=0 tty=ssh ruser= rhost=43.255.190.122  user=root
Apr 11 22:51:35 ovzhost sshd[1081]: Failed password for root from 43.255.190.124 port 60694 ssh2
Apr 11 22:51:35 ovzhost sshd[1083]: Failed password for root from 43.255.190.122 port 40530 ssh2
Apr 11 22:51:38 ovzhost sshd[1081]: message repeated 2 times: [ Failed password for root from 43.255.190.124 port 60694 ssh2]
Apr 11 22:51:39 ovzhost sshd[1081]: Received disconnect from 43.255.190.124: 11:  [preauth]
Apr 11 22:51:39 ovzhost sshd[1081]: PAM 2 more authentication failures; logname= uid=0 euid=0 tty=ssh ruser= rhost=43.255.190.124  user=root
Apr 11 22:51:39 ovzhost sshd[1083]: message repeated 2 times: [ Failed password for root from 43.255.190.122 port 40530 ssh2]
Apr 11 22:51:39 ovzhost sshd[1083]: Received disconnect from 43.255.190.122: 11:  [preauth]
Apr 11 22:51:39 ovzhost sshd[1083]: PAM 2 more authentication failures; logname= uid=0 euid=0 tty=ssh ruser= rhost=43.255.190.122  user=root
Apr 11 22:51:39 ovzhost sshd[1085]: pam_unix(sshd:auth): authentication failure; logname= uid=0 euid=0 tty=ssh ruser= rhost=43.255.190.124  user=root
Apr 11 22:51:39 ovzhost sshd[1087]: pam_unix(sshd:auth): authentication failure; logname= uid=0 euid=0 tty=ssh ruser= rhost=43.255.190.122  user=root
Apr 11 22:51:41 ovzhost sshd[1085]: Failed password for root from 43.255.190.124 port 46344 ssh2
Apr 11 22:51:42 ovzhost sshd[1087]: Failed password for root from 43.255.190.122 port 54360 ssh2
Apr 11 22:51:45 ovzhost sshd[1085]: message repeated 2 times: [ Failed password for root from 43.255.190.124 port 46344 ssh2]
Apr 11 22:51:45 ovzhost sshd[1085]: Received disconnect from 43.255.190.124: 11:  [preauth]
Apr 11 22:51:45 ovzhost sshd[1085]: PAM 2 more authentication failures; logname= uid=0 euid=0 tty=ssh ruser= rhost=43.255.190.124  user=root
Apr 11 22:51:46 ovzhost sshd[1087]: message repeated 2 times: [ Failed password for root from 43.255.190.122 port 54360 ssh2]
Apr 11 22:51:46 ovzhost sshd[1087]: Received disconnect from 43.255.190.122: 11:  [preauth]
Apr 11 22:51:46 ovzhost sshd[1087]: PAM 2 more authentication failures; logname= uid=0 euid=0 tty=ssh ruser= rhost=43.255.190.122  user=root
Apr 11 22:51:46 ovzhost sshd[1091]: pam_unix(sshd:auth): authentication failure; logname= uid=0 euid=0 tty=ssh ruser= rhost=43.255.190.124  user=root
Apr 11 22:51:46 ovzhost sshd[1093]: pam_unix(sshd:auth): authentication failure; logname= uid=0 euid=0 tty=ssh ruser= rhost=43.255.190.122  user=root
Apr 11 22:51:48 ovzhost sshd[1091]: Failed password for root from 43.255.190.124 port 32892 ssh2
Apr 11 22:51:48 ovzhost sshd[1093]: Failed password for root from 43.255.190.122 port 41476 ssh2
Apr 11 22:51:51 ovzhost sshd[1091]: message repeated 2 times: [ Failed password for root from 43.255.190.124 port 32892 ssh2]
Apr 11 22:51:51 ovzhost sshd[1091]: Received disconnect from 43.255.190.124: 11:  [preauth]
Apr 11 22:51:51 ovzhost sshd[1091]: PAM 2 more authentication failures; logname= uid=0 euid=0 tty=ssh ruser= rhost=43.255.190.124  user=root
Apr 11 22:51:52 ovzhost sshd[1093]: message repeated 2 times: [ Failed password for root from 43.255.190.122 port 41476 ssh2]
Apr 11 22:51:52 ovzhost sshd[1093]: Received disconnect from 43.255.190.122: 11:  [preauth]
Apr 11 22:51:52 ovzhost sshd[1093]: PAM 2 more authentication failures; logname= uid=0 euid=0 tty=ssh ruser= rhost=43.255.190.122  user=root
Apr 11 22:51:52 ovzhost sshd[1095]: pam_unix(sshd:auth): authentication failure; logname= uid=0 euid=0 tty=ssh ruser= rhost=43.255.190.124  user=root
Apr 11 22:51:52 ovzhost sshd[1097]: pam_unix(sshd:auth): authentication failure; logname= uid=0 euid=0 tty=ssh ruser= rhost=43.255.190.122  user=root
Apr 11 22:51:54 ovzhost sshd[1095]: Failed password for root from 43.255.190.124 port 46804 ssh2
Apr 11 22:51:54 ovzhost sshd[1097]: Failed password for root from 43.255.190.122 port 55988 ssh2
Apr 11 22:51:58 ovzhost sshd[1097]: message repeated 2 times: [ Failed password for root from 43.255.190.122 port 55988 ssh2]
Apr 11 22:51:58 ovzhost sshd[1097]: Received disconnect from 43.255.190.122: 11:  [preauth]
Apr 11 22:51:58 ovzhost sshd[1097]: PAM 2 more authentication failures; logname= uid=0 euid=0 tty=ssh ruser= rhost=43.255.190.122  user=root
Apr 11 22:51:58 ovzhost sshd[1099]: pam_unix(sshd:auth): authentication failure; logname= uid=0 euid=0 tty=ssh ruser= rhost=43.255.190.122  user=root
Apr 11 22:51:59 ovzhost sshd[1095]: message repeated 2 times: [ Failed password for root from 43.255.190.124 port 46804 ssh2]
Apr 11 22:51:59 ovzhost sshd[1095]: Received disconnect from 43.255.190.124: 11:  [preauth]
Apr 11 22:51:59 ovzhost sshd[1095]: PAM 2 more authentication failures; logname= uid=0 euid=0 tty=ssh ruser= rhost=43.255.190.124  user=root
Apr 11 22:51:59 ovzhost sshd[1101]: pam_unix(sshd:auth): authentication failure; logname= uid=0 euid=0 tty=ssh ruser= rhost=43.255.190.124  user=root
Apr 11 22:52:00 ovzhost sshd[1099]: Failed password for root from 43.255.190.122 port 40771 ssh2
Apr 11 22:52:01 ovzhost sshd[1101]: Failed password for root from 43.255.190.124 port 35603 ssh2
Apr 11 22:52:05 ovzhost sshd[1099]: message repeated 2 times: [ Failed password for root from 43.255.190.122 port 40771 ssh2]
Apr 11 22:52:05 ovzhost sshd[1099]: Received disconnect from 43.255.190.122: 11:  [preauth]
Apr 11 22:52:05 ovzhost sshd[1099]: PAM 2 more authentication failures; logname= uid=0 euid=0 tty=ssh ruser= rhost=43.255.190.122  user=root
Apr 11 22:52:05 ovzhost sshd[1101]: message repeated 2 times: [ Failed password for root from 43.255.190.124 port 35603 ssh2]
Apr 11 22:52:05 ovzhost sshd[1101]: Received disconnect from 43.255.190.124: 11:  [preauth]
Apr 11 22:52:05 ovzhost sshd[1101]: PAM 2 more authentication failures; logname= uid=0 euid=0 tty=ssh ruser= rhost=43.255.190.124  user=root
Apr 11 22:52:05 ovzhost sshd[1103]: pam_unix(sshd:auth): authentication failure; logname= uid=0 euid=0 tty=ssh ruser= rhost=43.255.190.122  user=root
Apr 11 22:52:06 ovzhost sshd[1105]: pam_unix(sshd:auth): authentication failure; logname= uid=0 euid=0 tty=ssh ruser= rhost=43.255.190.124  user=root
Apr 11 22:52:07 ovzhost sshd[1103]: Failed password for root from 43.255.190.122 port 57484 ssh2
Apr 11 22:52:08 ovzhost sshd[1105]: Failed password for root from 43.255.190.124 port 52027 ssh2
Apr 11 22:52:11 ovzhost sshd[1103]: message repeated 2 times: [ Failed password for root from 43.255.190.122 port 57484 ssh2]
Apr 11 22:52:11 ovzhost sshd[1103]: Received disconnect from 43.255.190.122: 11:  [preauth]
Apr 11 22:52:11 ovzhost sshd[1103]: PAM 2 more authentication failures; logname= uid=0 euid=0 tty=ssh ruser= rhost=43.255.190.122  user=root
Apr 11 22:52:12 ovzhost sshd[1108]: pam_unix(sshd:auth): authentication failure; logname= uid=0 euid=0 tty=ssh ruser= rhost=43.255.190.122  user=root
Apr 11 22:52:12 ovzhost sshd[1105]: message repeated 2 times: [ Failed password for root from 43.255.190.124 port 52027 ssh2]
Apr 11 22:52:12 ovzhost sshd[1105]: Received disconnect from 43.255.190.124: 11:  [preauth]
Apr 11 22:52:12 ovzhost sshd[1105]: PAM 2 more authentication failures; logname= uid=0 euid=0 tty=ssh ruser= rhost=43.255.190.124  user=root
Apr 11 22:52:12 ovzhost sshd[1110]: pam_unix(sshd:auth): authentication failure; logname= uid=0 euid=0 tty=ssh ruser= rhost=43.255.190.124  user=root
Apr 11 22:52:13 ovzhost sshd[1108]: Failed password for root from 43.255.190.122 port 44106 ssh2
Apr 11 22:52:14 ovzhost sshd[1110]: Failed password for root from 43.255.190.124 port 40354 ssh2
Apr 11 22:52:17 ovzhost sshd[1108]: message repeated 2 times: [ Failed password for root from 43.255.190.122 port 44106 ssh2]
Apr 11 22:52:17 ovzhost sshd[1108]: Received disconnect from 43.255.190.122: 11:  [preauth]
Apr 11 22:52:17 ovzhost sshd[1108]: PAM 2 more authentication failures; logname= uid=0 euid=0 tty=ssh ruser= rhost=43.255.190.122  user=root
Apr 11 22:52:18 ovzhost sshd[1112]: pam_unix(sshd:auth): authentication failure; logname= uid=0 euid=0 tty=ssh ruser= rhost=43.255.190.122  user=root
Apr 11 22:52:18 ovzhost sshd[1110]: message repeated 2 times: [ Failed password for root from 43.255.190.124 port 40354 ssh2]
Apr 11 22:52:18 ovzhost sshd[1110]: Received disconnect from 43.255.190.124: 11:  [preauth]
Apr 11 22:52:18 ovzhost sshd[1110]: PAM 2 more authentication failures; logname= uid=0 euid=0 tty=ssh ruser= rhost=43.255.190.124  user=root
Apr 11 22:52:18 ovzhost sshd[1114]: pam_unix(sshd:auth): authentication failure; logname= uid=0 euid=0 tty=ssh ruser= rhost=43.255.190.124  user=root
Apr 11 22:52:20 ovzhost sshd[1112]: Failed password for root from 43.255.190.122 port 58539 ssh2
Apr 11 22:52:21 ovzhost sshd[1114]: Failed password for root from 43.255.190.124 port 56110 ssh2
Apr 11 22:52:24 ovzhost sshd[1112]: message repeated 2 times: [ Failed password for root from 43.255.190.122 port 58539 ssh2]
Apr 11 22:52:24 ovzhost sshd[1112]: Received disconnect from 43.255.190.122: 11:  [preauth]
Apr 11 22:52:24 ovzhost sshd[1112]: PAM 2 more authentication failures; logname= uid=0 euid=0 tty=ssh ruser= rhost=43.255.190.122  user=root
Apr 11 22:52:25 ovzhost sshd[1116]: pam_unix(sshd:auth): authentication failure; logname= uid=0 euid=0 tty=ssh ruser= rhost=43.255.190.122  user=root
Apr 11 22:52:25 ovzhost sshd[1114]: message repeated 2 times: [ Failed password for root from 43.255.190.124 port 56110 ssh2]
Apr 11 22:52:25 ovzhost sshd[1114]: Received disconnect from 43.255.190.124: 11:  [preauth]
Apr 11 22:52:25 ovzhost sshd[1114]: PAM 2 more authentication failures; logname= uid=0 euid=0 tty=ssh ruser= rhost=43.255.190.124  user=root
Apr 11 22:52:25 ovzhost sshd[1118]: pam_unix(sshd:auth): authentication failure; logname= uid=0 euid=0 tty=ssh ruser= rhost=43.255.190.124  user=root
Apr 11 22:52:27 ovzhost sshd[1116]: Failed password for root from 43.255.190.122 port 45773 ssh2
Apr 11 22:52:27 ovzhost sshd[1118]: Failed password for root from 43.255.190.124 port 44379 ssh2
Apr 11 22:52:31 ovzhost sshd[1116]: message repeated 2 times: [ Failed password for root from 43.255.190.122 port 45773 ssh2]
Apr 11 22:52:31 ovzhost sshd[1116]: Received disconnect from 43.255.190.122: 11:  [preauth]
Apr 11 22:52:31 ovzhost sshd[1116]: PAM 2 more authentication failures; logname= uid=0 euid=0 tty=ssh ruser= rhost=43.255.190.122  user=root
Apr 11 22:52:31 ovzhost sshd[1120]: pam_unix(sshd:auth): authentication failure; logname= uid=0 euid=0 tty=ssh ruser= rhost=43.255.190.122  user=root
Apr 11 22:52:31 ovzhost sshd[1118]: message repeated 2 times: [ Failed password for root from 43.255.190.124 port 44379 ssh2]
Apr 11 22:52:32 ovzhost sshd[1118]: Received disconnect from 43.255.190.124: 11:  [preauth]
Apr 11 22:52:32 ovzhost sshd[1118]: PAM 2 more authentication failures; logname= uid=0 euid=0 tty=ssh ruser= rhost=43.255.190.124  user=root
Apr 11 22:52:32 ovzhost sshd[1122]: pam_unix(sshd:auth): authentication failure; logname= uid=0 euid=0 tty=ssh ruser= rhost=43.255.190.124  user=root
Apr 11 22:52:33 ovzhost sshd[1120]: Failed password for root from 43.255.190.122 port 33508 ssh2
Apr 11 22:52:34 ovzhost sshd[1122]: Failed password for root from 43.255.190.124 port 33070 ssh2
Apr 11 22:52:36 ovzhost sshd[1120]: message repeated 2 times: [ Failed password for root from 43.255.190.122 port 33508 ssh2]
Apr 11 22:52:36 ovzhost sshd[1120]: Received disconnect from 43.255.190.122: 11:  [preauth]
Apr 11 22:52:36 ovzhost sshd[1120]: PAM 2 more authentication failures; logname= uid=0 euid=0 tty=ssh ruser= rhost=43.255.190.122  user=root
Apr 11 22:52:37 ovzhost sshd[1124]: pam_unix(sshd:auth): authentication failure; logname= uid=0 euid=0 tty=ssh ruser= rhost=43.255.190.122  user=root
Apr 11 22:52:38 ovzhost sshd[1127]: Connection closed by 127.0.0.1 [preauth]
Apr 11 22:52:39 ovzhost sshd[1122]: message repeated 2 times: [ Failed password for root from 43.255.190.124 port 33070 ssh2]
Apr 11 22:52:39 ovzhost sshd[1122]: Received disconnect from 43.255.190.124: 11:  [preauth]
Apr 11 22:52:39 ovzhost sshd[1122]: PAM 2 more authentication failures; logname= uid=0 euid=0 tty=ssh ruser= rhost=43.255.190.124  user=root
Apr 11 22:52:39 ovzhost sshd[1124]: Failed password for root from 43.255.190.122 port 47724 ssh2
Apr 11 22:52:39 ovzhost sshd[1129]: pam_unix(sshd:auth): authentication failure; logname= uid=0 euid=0 tty=ssh ruser= rhost=43.255.190.124  user=root
Apr 11 22:52:41 ovzhost sshd[1129]: Failed password for root from 43.255.190.124 port 50384 ssh2
Apr 11 22:52:43 ovzhost sshd[1124]: message repeated 2 times: [ Failed password for root from 43.255.190.122 port 47724 ssh2]
Apr 11 22:52:44 ovzhost sshd[1124]: Received disconnect from 43.255.190.122: 11:  [preauth]
Apr 11 22:52:44 ovzhost sshd[1124]: PAM 2 more authentication failures; logname= uid=0 euid=0 tty=ssh ruser= rhost=43.255.190.122  user=root
Apr 11 22:52:44 ovzhost sshd[1131]: pam_unix(sshd:auth): authentication failure; logname= uid=0 euid=0 tty=ssh ruser= rhost=43.255.190.122  user=root
Apr 11 22:52:45 ovzhost sshd[1129]: message repeated 2 times: [ Failed password for root from 43.255.190.124 port 50384 ssh2]
Apr 11 22:52:46 ovzhost sshd[1129]: Received disconnect from 43.255.190.124: 11:  [preauth]
Apr 11 22:52:46 ovzhost sshd[1129]: PAM 2 more authentication failures; logname= uid=0 euid=0 tty=ssh ruser= rhost=43.255.190.124  user=root
Apr 11 22:52:46 ovzhost sshd[1131]: Failed password for root from 43.255.190.122 port 35400 ssh2
Apr 11 22:52:46 ovzhost sshd[1133]: pam_unix(sshd:auth): authentication failure; logname= uid=0 euid=0 tty=ssh ruser= rhost=43.255.190.124  user=root
Apr 11 22:52:48 ovzhost sshd[1133]: Failed password for root from 43.255.190.124 port 39629 ssh2
Apr 11 22:52:50 ovzhost sshd[1131]: message repeated 2 times: [ Failed password for root from 43.255.190.122 port 35400 ssh2]
Apr 11 22:52:51 ovzhost sshd[1131]: Received disconnect from 43.255.190.122: 11:  [preauth]
Apr 11 22:52:51 ovzhost sshd[1131]: PAM 2 more authentication failures; logname= uid=0 euid=0 tty=ssh ruser= rhost=43.255.190.122  user=root
Apr 11 22:52:51 ovzhost sshd[1135]: pam_unix(sshd:auth): authentication failure; logname= uid=0 euid=0 tty=ssh ruser= rhost=43.255.190.122  user=root
Apr 11 22:52:53 ovzhost sshd[1133]: message repeated 2 times: [ Failed password for root from 43.255.190.124 port 39629 ssh2]
Apr 11 22:52:53 ovzhost sshd[1133]: Received disconnect from 43.255.190.124: 11:  [preauth]
Apr 11 22:52:53 ovzhost sshd[1133]: PAM 2 more authentication failures; logname= uid=0 euid=0 tty=ssh ruser= rhost=43.255.190.124  user=root
Apr 11 22:52:53 ovzhost sshd[1137]: pam_unix(sshd:auth): authentication failure; logname= uid=0 euid=0 tty=ssh ruser= rhost=43.255.190.124  user=root
Apr 11 22:52:53 ovzhost sshd[1135]: Failed password for root from 43.255.190.122 port 52104 ssh2
Apr 11 22:52:55 ovzhost sshd[1137]: Failed password for root from 43.255.190.124 port 57012 ssh2
Apr 11 22:52:58 ovzhost sshd[1135]: message repeated 2 times: [ Failed password for root from 43.255.190.122 port 52104 ssh2]
Apr 11 22:52:58 ovzhost sshd[1135]: Received disconnect from 43.255.190.122: 11:  [preauth]
Apr 11 22:52:58 ovzhost sshd[1135]: PAM 2 more authentication failures; logname= uid=0 euid=0 tty=ssh ruser= rhost=43.255.190.122  user=root
Apr 11 22:52:58 ovzhost sshd[1139]: pam_unix(sshd:auth): authentication failure; logname= uid=0 euid=0 tty=ssh ruser= rhost=43.255.190.122  user=root
Apr 11 22:52:59 ovzhost sshd[1137]: message repeated 2 times: [ Failed password for root from 43.255.190.124 port 57012 ssh2]
Apr 11 22:52:59 ovzhost sshd[1137]: Received disconnect from 43.255.190.124: 11:  [preauth]
Apr 11 22:52:59 ovzhost sshd[1137]: PAM 2 more authentication failures; logname= uid=0 euid=0 tty=ssh ruser= rhost=43.255.190.124  user=root
Apr 11 22:53:00 ovzhost sshd[1141]: pam_unix(sshd:auth): authentication failure; logname= uid=0 euid=0 tty=ssh ruser= rhost=43.255.190.124  user=root
Apr 11 22:53:01 ovzhost sshd[1139]: Failed password for root from 43.255.190.122 port 41006 ssh2
Apr 11 22:53:02 ovzhost sshd[1141]: Failed password for root from 43.255.190.124 port 45503 ssh2
Apr 11 22:53:04 ovzhost sshd[1139]: message repeated 2 times: [ Failed password for root from 43.255.190.122 port 41006 ssh2]
Apr 11 22:53:04 ovzhost sshd[1139]: Received disconnect from 43.255.190.122: 11:  [preauth]
Apr 11 22:53:04 ovzhost sshd[1139]: PAM 2 more authentication failures; logname= uid=0 euid=0 tty=ssh ruser= rhost=43.255.190.122  user=root
Apr 11 22:53:05 ovzhost sshd[1143]: pam_unix(sshd:auth): authentication failure; logname= uid=0 euid=0 tty=ssh ruser= rhost=43.255.190.122  user=root
Apr 11 22:53:06 ovzhost sshd[1141]: message repeated 2 times: [ Failed password for root from 43.255.190.124 port 45503 ssh2]
Apr 11 22:53:06 ovzhost sshd[1141]: Received disconnect from 43.255.190.124: 11:  [preauth]
Apr 11 22:53:06 ovzhost sshd[1141]: PAM 2 more authentication failures; logname= uid=0 euid=0 tty=ssh ruser= rhost=43.255.190.124  user=root
Apr 11 22:53:07 ovzhost sshd[1145]: pam_unix(sshd:auth): authentication failure; logname= uid=0 euid=0 tty=ssh ruser= rhost=43.255.190.124  user=root
Apr 11 22:53:07 ovzhost sshd[1143]: Failed password for root from 43.255.190.122 port 56261 ssh2
Apr 11 22:53:08 ovzhost sshd[1145]: Failed password for root from 43.255.190.124 port 34744 ssh2
Apr 11 22:53:11 ovzhost sshd[1143]: message repeated 2 times: [ Failed password for root from 43.255.190.122 port 56261 ssh2]
Apr 11 22:53:11 ovzhost sshd[1143]: Received disconnect from 43.255.190.122: 11:  [preauth]
Apr 11 22:53:11 ovzhost sshd[1143]: PAM 2 more authentication failures; logname= uid=0 euid=0 tty=ssh ruser= rhost=43.255.190.122  user=root
Apr 11 22:53:11 ovzhost sshd[1148]: pam_unix(sshd:auth): authentication failure; logname= uid=0 euid=0 tty=ssh ruser= rhost=43.255.190.122  user=root
Apr 11 22:53:12 ovzhost sshd[1145]: message repeated 2 times: [ Failed password for root from 43.255.190.124 port 34744 ssh2]
Apr 11 22:53:13 ovzhost sshd[1145]: Received disconnect from 43.255.190.124: 11:  [preauth]
Apr 11 22:53:13 ovzhost sshd[1145]: PAM 2 more authentication failures; logname= uid=0 euid=0 tty=ssh ruser= rhost=43.255.190.124  user=root
Apr 11 22:53:13 ovzhost sshd[1150]: pam_unix(sshd:auth): authentication failure; logname= uid=0 euid=0 tty=ssh ruser= rhost=43.255.190.124  user=root
Apr 11 22:53:14 ovzhost sshd[1148]: Failed password for root from 43.255.190.122 port 43266 ssh2
Apr 11 22:53:15 ovzhost sshd[1150]: Failed password for root from 43.255.190.124 port 51716 ssh2
Apr 11 22:53:18 ovzhost sshd[1148]: message repeated 2 times: [ Failed password for root from 43.255.190.122 port 43266 ssh2]
Apr 11 22:53:18 ovzhost sshd[1148]: Received disconnect from 43.255.190.122: 11:  [preauth]
Apr 11 22:53:18 ovzhost sshd[1148]: PAM 2 more authentication failures; logname= uid=0 euid=0 tty=ssh ruser= rhost=43.255.190.122  user=root
Apr 11 22:53:18 ovzhost sshd[1152]: pam_unix(sshd:auth): authentication failure; logname= uid=0 euid=0 tty=ssh ruser= rhost=43.255.190.122  user=root
Apr 11 22:53:19 ovzhost sshd[1150]: message repeated 2 times: [ Failed password for root from 43.255.190.124 port 51716 ssh2]
Apr 11 22:53:19 ovzhost sshd[1150]: Received disconnect from 43.255.190.124: 11:  [preauth]
Apr 11 22:53:19 ovzhost sshd[1150]: PAM 2 more authentication failures; logname= uid=0 euid=0 tty=ssh ruser= rhost=43.255.190.124  user=root
Apr 11 22:53:20 ovzhost sshd[1156]: pam_unix(sshd:auth): authentication failure; logname= uid=0 euid=0 tty=ssh ruser= rhost=43.255.190.124  user=root
Apr 11 22:53:20 ovzhost sshd[1152]: Failed password for root from 43.255.190.122 port 60682 ssh2
Apr 11 22:53:21 ovzhost sshd[1156]: Failed password for root from 43.255.190.124 port 40158 ssh2
Apr 11 22:53:25 ovzhost sshd[1152]: message repeated 2 times: [ Failed password for root from 43.255.190.122 port 60682 ssh2]
Apr 11 22:53:25 ovzhost sshd[1152]: Received disconnect from 43.255.190.122: 11:  [preauth]
Apr 11 22:53:25 ovzhost sshd[1152]: PAM 2 more authentication failures; logname= uid=0 euid=0 tty=ssh ruser= rhost=43.255.190.122  user=root
Apr 11 22:53:25 ovzhost sshd[1158]: pam_unix(sshd:auth): authentication failure; logname= uid=0 euid=0 tty=ssh ruser= rhost=43.255.190.122  user=root
Apr 11 22:53:26 ovzhost sshd[1156]: message repeated 2 times: [ Failed password for root from 43.255.190.124 port 40158 ssh2]
Apr 11 22:53:26 ovzhost sshd[1156]: Received disconnect from 43.255.190.124: 11:  [preauth]
Apr 11 22:53:26 ovzhost sshd[1156]: PAM 2 more authentication failures; logname= uid=0 euid=0 tty=ssh ruser= rhost=43.255.190.124  user=root
Apr 11 22:53:26 ovzhost sshd[1160]: pam_unix(sshd:auth): authentication failure; logname= uid=0 euid=0 tty=ssh ruser= rhost=43.255.190.124  user=root
Apr 11 22:53:27 ovzhost sshd[1158]: Failed password for root from 43.255.190.122 port 49549 ssh2
Apr 11 22:53:28 ovzhost sshd[1160]: Failed password for root from 43.255.190.124 port 58013 ssh2
Apr 11 22:53:31 ovzhost sshd[1158]: message repeated 2 times: [ Failed password for root from 43.255.190.122 port 49549 ssh2]
Apr 11 22:53:31 ovzhost sshd[1158]: Received disconnect from 43.255.190.122: 11:  [preauth]
Apr 11 22:53:31 ovzhost sshd[1158]: PAM 2 more authentication failures; logname= uid=0 euid=0 tty=ssh ruser= rhost=43.255.190.122  user=root
Apr 11 22:53:31 ovzhost sshd[1162]: pam_unix(sshd:auth): authentication failure; logname= uid=0 euid=0 tty=ssh ruser= rhost=43.255.190.122  user=root
Apr 11 22:53:32 ovzhost sshd[1160]: message repeated 2 times: [ Failed password for root from 43.255.190.124 port 58013 ssh2]
Apr 11 22:53:33 ovzhost sshd[1160]: Received disconnect from 43.255.190.124: 11:  [preauth]
Apr 11 22:53:33 ovzhost sshd[1160]: PAM 2 more authentication failures; logname= uid=0 euid=0 tty=ssh ruser= rhost=43.255.190.124  user=root
Apr 11 22:53:33 ovzhost sshd[1164]: pam_unix(sshd:auth): authentication failure; logname= uid=0 euid=0 tty=ssh ruser= rhost=43.255.190.124  user=root
Apr 11 22:53:33 ovzhost sshd[1162]: Failed password for root from 43.255.190.122 port 38414 ssh2
Apr 11 22:53:35 ovzhost sshd[1164]: Failed password for root from 43.255.190.124 port 48322 ssh2
Apr 11 22:53:38 ovzhost sshd[1162]: message repeated 2 times: [ Failed password for root from 43.255.190.122 port 38414 ssh2]
Apr 11 22:53:38 ovzhost sshd[1162]: Received disconnect from 43.255.190.122: 11:  [preauth]
Apr 11 22:53:38 ovzhost sshd[1162]: PAM 2 more authentication failures; logname= uid=0 euid=0 tty=ssh ruser= rhost=43.255.190.122  user=root
Apr 11 22:53:39 ovzhost sshd[1166]: pam_unix(sshd:auth): authentication failure; logname= uid=0 euid=0 tty=ssh ruser= rhost=43.255.190.122  user=root
Apr 11 22:53:40 ovzhost sshd[1164]: message repeated 2 times: [ Failed password for root from 43.255.190.124 port 48322 ssh2]
Apr 11 22:53:40 ovzhost sshd[1164]: Received disconnect from 43.255.190.124: 11:  [preauth]
Apr 11 22:53:40 ovzhost sshd[1164]: PAM 2 more authentication failures; logname= uid=0 euid=0 tty=ssh ruser= rhost=43.255.190.124  user=root
Apr 11 22:53:40 ovzhost sshd[1168]: pam_unix(sshd:auth): authentication failure; logname= uid=0 euid=0 tty=ssh ruser= rhost=43.255.190.124  user=root
Apr 11 22:53:40 ovzhost sshd[1166]: Failed password for root from 43.255.190.122 port 56628 ssh2
Apr 11 22:53:42 ovzhost sshd[1168]: Failed password for root from 43.255.190.124 port 39677 ssh2
Apr 11 22:53:45 ovzhost sshd[1166]: message repeated 2 times: [ Failed password for root from 43.255.190.122 port 56628 ssh2]
Apr 11 22:53:45 ovzhost sshd[1166]: Received disconnect from 43.255.190.122: 11:  [preauth]
Apr 11 22:53:45 ovzhost sshd[1166]: PAM 2 more authentication failures; logname= uid=0 euid=0 tty=ssh ruser= rhost=43.255.190.122  user=root
Apr 11 22:53:46 ovzhost sshd[1170]: pam_unix(sshd:auth): authentication failure; logname= uid=0 euid=0 tty=ssh ruser= rhost=43.255.190.122  user=root
Apr 11 22:53:47 ovzhost sshd[1168]: message repeated 2 times: [ Failed password for root from 43.255.190.124 port 39677 ssh2]
Apr 11 22:53:47 ovzhost sshd[1168]: Received disconnect from 43.255.190.124: 11:  [preauth]
Apr 11 22:53:47 ovzhost sshd[1168]: PAM 2 more authentication failures; logname= uid=0 euid=0 tty=ssh ruser= rhost=43.255.190.124  user=root
Apr 11 22:53:48 ovzhost sshd[1170]: Failed password for root from 43.255.190.122 port 45972 ssh2
Apr 11 22:53:48 ovzhost sshd[1174]: pam_unix(sshd:auth): authentication failure; logname= uid=0 euid=0 tty=ssh ruser= rhost=43.255.190.124  user=root
Apr 11 22:53:50 ovzhost sshd[1174]: Failed password for root from 43.255.190.124 port 59437 ssh2
Apr 11 22:53:52 ovzhost sshd[1170]: message repeated 2 times: [ Failed password for root from 43.255.190.122 port 45972 ssh2]
Apr 11 22:53:52 ovzhost sshd[1170]: Received disconnect from 43.255.190.122: 11:  [preauth]
Apr 11 22:53:52 ovzhost sshd[1170]: PAM 2 more authentication failures; logname= uid=0 euid=0 tty=ssh ruser= rhost=43.255.190.122  user=root
Apr 11 22:53:52 ovzhost sshd[1176]: pam_unix(sshd:auth): authentication failure; logname= uid=0 euid=0 tty=ssh ruser= rhost=43.255.190.122  user=root
Apr 11 22:53:54 ovzhost sshd[1174]: message repeated 2 times: [ Failed password for root from 43.255.190.124 port 59437 ssh2]
Apr 11 22:53:54 ovzhost sshd[1174]: Received disconnect from 43.255.190.124: 11:  [preauth]
Apr 11 22:53:54 ovzhost sshd[1174]: PAM 2 more authentication failures; logname= uid=0 euid=0 tty=ssh ruser= rhost=43.255.190.124  user=root
Apr 11 22:53:55 ovzhost sshd[1176]: Failed password for root from 43.255.190.122 port 35492 ssh2
Apr 11 22:53:55 ovzhost sshd[1178]: pam_unix(sshd:auth): authentication failure; logname= uid=0 euid=0 tty=ssh ruser= rhost=43.255.190.124  user=root
Apr 11 22:53:57 ovzhost sshd[1178]: Failed password for root from 43.255.190.124 port 49196 ssh2
Apr 11 22:53:58 ovzhost sshd[1176]: message repeated 2 times: [ Failed password for root from 43.255.190.122 port 35492 ssh2]
Apr 11 22:53:58 ovzhost sshd[1176]: Received disconnect from 43.255.190.122: 11:  [preauth]
Apr 11 22:53:58 ovzhost sshd[1176]: PAM 2 more authentication failures; logname= uid=0 euid=0 tty=ssh ruser= rhost=43.255.190.122  user=root
Apr 11 22:53:59 ovzhost sshd[1180]: pam_unix(sshd:auth): authentication failure; logname= uid=0 euid=0 tty=ssh ruser= rhost=43.255.190.122  user=root
Apr 11 22:54:01 ovzhost sshd[1180]: Failed password for root from 43.255.190.122 port 52149 ssh2
Apr 11 22:54:01 ovzhost sshd[1178]: message repeated 2 times: [ Failed password for root from 43.255.190.124 port 49196 ssh2]
Apr 11 22:54:01 ovzhost sshd[1178]: Received disconnect from 43.255.190.124: 11:  [preauth]
Apr 11 22:54:01 ovzhost sshd[1178]: PAM 2 more authentication failures; logname= uid=0 euid=0 tty=ssh ruser= rhost=43.255.190.124  user=root
Apr 11 22:54:02 ovzhost sshd[1182]: pam_unix(sshd:auth): authentication failure; logname= uid=0 euid=0 tty=ssh ruser= rhost=43.255.190.124  user=root
Apr 11 22:54:04 ovzhost sshd[1182]: Failed password for root from 43.255.190.124 port 38835 ssh2
Apr 11 22:54:05 ovzhost sshd[1180]: message repeated 2 times: [ Failed password for root from 43.255.190.122 port 52149 ssh2]
Apr 11 22:54:05 ovzhost sshd[1180]: Received disconnect from 43.255.190.122: 11:  [preauth]
Apr 11 22:54:05 ovzhost sshd[1180]: PAM 2 more authentication failures; logname= uid=0 euid=0 tty=ssh ruser= rhost=43.255.190.122  user=root
Apr 11 22:54:05 ovzhost sshd[1184]: pam_unix(sshd:auth): authentication failure; logname= uid=0 euid=0 tty=ssh ruser= rhost=43.255.190.122  user=root
Apr 11 22:54:08 ovzhost sshd[1184]: Failed password for root from 43.255.190.122 port 40810 ssh2
Apr 11 22:54:08 ovzhost sshd[1182]: message repeated 2 times: [ Failed password for root from 43.255.190.124 port 38835 ssh2]
Apr 11 22:54:08 ovzhost sshd[1182]: Received disconnect from 43.255.190.124: 11:  [preauth]
Apr 11 22:54:08 ovzhost sshd[1182]: PAM 2 more authentication failures; logname= uid=0 euid=0 tty=ssh ruser= rhost=43.255.190.124  user=root
Apr 11 22:54:09 ovzhost sshd[1186]: pam_unix(sshd:auth): authentication failure; logname= uid=0 euid=0 tty=ssh ruser= rhost=43.255.190.124  user=root
Apr 11 22:54:11 ovzhost sshd[1186]: Failed password for root from 43.255.190.124 port 56480 ssh2
Apr 11 22:54:12 ovzhost sshd[1184]: message repeated 2 times: [ Failed password for root from 43.255.190.122 port 40810 ssh2]
Apr 11 22:54:12 ovzhost sshd[1184]: Received disconnect from 43.255.190.122: 11:  [preauth]
Apr 11 22:54:12 ovzhost sshd[1184]: PAM 2 more authentication failures; logname= uid=0 euid=0 tty=ssh ruser= rhost=43.255.190.122  user=root
Apr 11 22:54:13 ovzhost sshd[1190]: pam_unix(sshd:auth): authentication failure; logname= uid=0 euid=0 tty=ssh ruser= rhost=43.255.190.122  user=root
Apr 11 22:54:15 ovzhost sshd[1190]: Failed password for root from 43.255.190.122 port 59882 ssh2
Apr 11 22:54:16 ovzhost sshd[1186]: message repeated 2 times: [ Failed password for root from 43.255.190.124 port 56480 ssh2]
Apr 11 22:54:16 ovzhost sshd[1186]: Received disconnect from 43.255.190.124: 11:  [preauth]
Apr 11 22:54:16 ovzhost sshd[1186]: PAM 2 more authentication failures; logname= uid=0 euid=0 tty=ssh ruser= rhost=43.255.190.124  user=root
Apr 11 22:54:16 ovzhost sshd[1193]: pam_unix(sshd:auth): authentication failure; logname= uid=0 euid=0 tty=ssh ruser= rhost=43.255.190.124  user=root
Apr 11 22:54:19 ovzhost sshd[1193]: Failed password for root from 43.255.190.124 port 46453 ssh2
Apr 11 22:54:19 ovzhost sshd[1190]: message repeated 2 times: [ Failed password for root from 43.255.190.122 port 59882 ssh2]
Apr 11 22:54:19 ovzhost sshd[1190]: Received disconnect from 43.255.190.122: 11:  [preauth]
Apr 11 22:54:19 ovzhost sshd[1190]: PAM 2 more authentication failures; logname= uid=0 euid=0 tty=ssh ruser= rhost=43.255.190.122  user=root
Apr 11 22:54:20 ovzhost sshd[1195]: pam_unix(sshd:auth): authentication failure; logname= uid=0 euid=0 tty=ssh ruser= rhost=43.255.190.122  user=root
Apr 11 22:54:22 ovzhost sshd[1195]: Failed password for root from 43.255.190.122 port 50012 ssh2
Apr 11 22:54:23 ovzhost sshd[1193]: message repeated 2 times: [ Failed password for root from 43.255.190.124 port 46453 ssh2]
Apr 11 22:54:23 ovzhost sshd[1193]: Received disconnect from 43.255.190.124: 11:  [preauth]
Apr 11 22:54:23 ovzhost sshd[1193]: PAM 2 more authentication failures; logname= uid=0 euid=0 tty=ssh ruser= rhost=43.255.190.124  user=root
Apr 11 22:54:24 ovzhost sshd[1197]: pam_unix(sshd:auth): authentication failure; logname= uid=0 euid=0 tty=ssh ruser= rhost=43.255.190.124  user=root
Apr 11 22:54:26 ovzhost sshd[1197]: Failed password for root from 43.255.190.124 port 34903 ssh2
Apr 11 22:54:26 ovzhost sshd[1195]: message repeated 2 times: [ Failed password for root from 43.255.190.122 port 50012 ssh2]
Apr 11 22:54:26 ovzhost sshd[1195]: Received disconnect from 43.255.190.122: 11:  [preauth]
Apr 11 22:54:26 ovzhost sshd[1195]: PAM 2 more authentication failures; logname= uid=0 euid=0 tty=ssh ruser= rhost=43.255.190.122  user=root
Apr 11 22:54:27 ovzhost sshd[1199]: pam_unix(sshd:auth): authentication failure; logname= uid=0 euid=0 tty=ssh ruser= rhost=43.255.190.122  user=root
Apr 11 22:54:29 ovzhost sshd[1199]: Failed password for root from 43.255.190.122 port 41161 ssh2
Apr 11 22:54:30 ovzhost sshd[1197]: message repeated 2 times: [ Failed password for root from 43.255.190.124 port 34903 ssh2]
Apr 11 22:54:30 ovzhost sshd[1197]: Received disconnect from 43.255.190.124: 11:  [preauth]
Apr 11 22:54:30 ovzhost sshd[1197]: PAM 2 more authentication failures; logname= uid=0 euid=0 tty=ssh ruser= rhost=43.255.190.124  user=root
Apr 11 22:54:34 ovzhost sshd[1199]: message repeated 2 times: [ Failed password for root from 43.255.190.122 port 41161 ssh2]
Apr 11 22:54:34 ovzhost sshd[1199]: Received disconnect from 43.255.190.122: 11:  [preauth]
Apr 11 22:54:34 ovzhost sshd[1199]: PAM 2 more authentication failures; logname= uid=0 euid=0 tty=ssh ruser= rhost=43.255.190.122  user=root
Apr 11 22:57:38 ovzhost sshd[1210]: Connection closed by 127.0.0.1 [preauth]
Apr 11 22:58:53 ovzhost sshd[1220]: Did not receive identification string from 146.0.77.238
Apr 11 23:00:01 ovzhost CRON[1227]: pam_env(cron:session): Unable to open env file: /etc/default/locale: No such file or directory
Apr 11 23:00:01 ovzhost CRON[1227]: pam_unix(cron:session): session opened for user smmsp by (uid=0)
Apr 11 23:00:01 ovzhost CRON[1227]: pam_unix(cron:session): session closed for user smmsp
Apr 11 23:00:22 ovzhost sshd[1254]: pam_unix(sshd:auth): authentication failure; logname= uid=0 euid=0 tty=ssh ruser= rhost=221.229.166.29  user=root
Apr 11 23:00:24 ovzhost sshd[1254]: Failed password for root from 221.229.166.29 port 41983 ssh2
Apr 11 23:00:29 ovzhost sshd[1254]: message repeated 2 times: [ Failed password for root from 221.229.166.29 port 41983 ssh2]
Apr 11 23:00:29 ovzhost sshd[1254]: Received disconnect from 221.229.166.29: 11:  [preauth]
Apr 11 23:00:29 ovzhost sshd[1254]: PAM 2 more authentication failures; logname= uid=0 euid=0 tty=ssh ruser= rhost=221.229.166.29  user=root
Apr 11 23:00:31 ovzhost sshd[1256]: pam_unix(sshd:auth): authentication failure; logname= uid=0 euid=0 tty=ssh ruser= rhost=221.229.166.29  user=root
Apr 11 23:00:33 ovzhost sshd[1256]: Failed password for root from 221.229.166.29 port 34308 ssh2
Apr 11 23:00:38 ovzhost sshd[1256]: message repeated 2 times: [ Failed password for root from 221.229.166.29 port 34308 ssh2]
Apr 11 23:00:38 ovzhost sshd[1256]: Received disconnect from 221.229.166.29: 11:  [preauth]
Apr 11 23:00:38 ovzhost sshd[1256]: PAM 2 more authentication failures; logname= uid=0 euid=0 tty=ssh ruser= rhost=221.229.166.29  user=root
Apr 11 23:00:40 ovzhost sshd[1258]: pam_unix(sshd:auth): authentication failure; logname= uid=0 euid=0 tty=ssh ruser= rhost=221.229.166.29  user=root
Apr 11 23:00:42 ovzhost sshd[1258]: Failed password for root from 221.229.166.29 port 56801 ssh2
Apr 11 23:00:43 ovzhost sshd[1261]: Connection closed by 128.8.37.120 [preauth]
Apr 11 23:00:47 ovzhost sshd[1258]: message repeated 2 times: [ Failed password for root from 221.229.166.29 port 56801 ssh2]
Apr 11 23:00:47 ovzhost sshd[1258]: Received disconnect from 221.229.166.29: 11:  [preauth]
Apr 11 23:00:47 ovzhost sshd[1258]: PAM 2 more authentication failures; logname= uid=0 euid=0 tty=ssh ruser= rhost=221.229.166.29  user=root
Apr 11 23:00:49 ovzhost sshd[1263]: pam_unix(sshd:auth): authentication failure; logname= uid=0 euid=0 tty=ssh ruser= rhost=221.229.166.29  user=root
Apr 11 23:00:51 ovzhost sshd[1263]: Failed password for root from 221.229.166.29 port 49080 ssh2
Apr 11 23:00:56 ovzhost sshd[1263]: message repeated 2 times: [ Failed password for root from 221.229.166.29 port 49080 ssh2]
Apr 11 23:00:56 ovzhost sshd[1263]: Received disconnect from 221.229.166.29: 11:  [preauth]
Apr 11 23:00:56 ovzhost sshd[1263]: PAM 2 more authentication failures; logname= uid=0 euid=0 tty=ssh ruser= rhost=221.229.166.29  user=root
Apr 11 23:00:59 ovzhost sshd[1265]: pam_unix(sshd:auth): authentication failure; logname= uid=0 euid=0 tty=ssh ruser= rhost=221.229.166.29  user=root
Apr 11 23:01:00 ovzhost sshd[1265]: Failed password for root from 221.229.166.29 port 40991 ssh2
Apr 11 23:01:06 ovzhost sshd[1265]: message repeated 2 times: [ Failed password for root from 221.229.166.29 port 40991 ssh2]
Apr 11 23:01:06 ovzhost sshd[1265]: Received disconnect from 221.229.166.29: 11:  [preauth]
Apr 11 23:01:06 ovzhost sshd[1265]: PAM 2 more authentication failures; logname= uid=0 euid=0 tty=ssh ruser= rhost=221.229.166.29  user=root
Apr 11 23:01:08 ovzhost sshd[1267]: pam_unix(sshd:auth): authentication failure; logname= uid=0 euid=0 tty=ssh ruser= rhost=221.229.166.29  user=root
Apr 11 23:01:10 ovzhost sshd[1267]: Failed password for root from 221.229.166.29 port 35838 ssh2
Apr 11 23:01:15 ovzhost sshd[1267]: message repeated 2 times: [ Failed password for root from 221.229.166.29 port 35838 ssh2]
Apr 11 23:01:15 ovzhost sshd[1267]: Received disconnect from 221.229.166.29: 11:  [preauth]
Apr 11 23:01:15 ovzhost sshd[1267]: PAM 2 more authentication failures; logname= uid=0 euid=0 tty=ssh ruser= rhost=221.229.166.29  user=root
Apr 11 23:01:17 ovzhost sshd[1271]: pam_unix(sshd:auth): authentication failure; logname= uid=0 euid=0 tty=ssh ruser= rhost=221.229.166.29  user=root
Apr 11 23:01:18 ovzhost sshd[1271]: Failed password for root from 221.229.166.29 port 56947 ssh2
Apr 11 23:01:23 ovzhost sshd[1271]: message repeated 2 times: [ Failed password for root from 221.229.166.29 port 56947 ssh2]
Apr 11 23:01:24 ovzhost sshd[1271]: Received disconnect from 221.229.166.29: 11:  [preauth]
Apr 11 23:01:24 ovzhost sshd[1271]: PAM 2 more authentication failures; logname= uid=0 euid=0 tty=ssh ruser= rhost=221.229.166.29  user=root
Apr 11 23:01:27 ovzhost sshd[1273]: pam_unix(sshd:auth): authentication failure; logname= uid=0 euid=0 tty=ssh ruser= rhost=221.229.166.29  user=root
Apr 11 23:01:30 ovzhost sshd[1273]: Failed password for root from 221.229.166.29 port 49091 ssh2
Apr 11 23:01:34 ovzhost sshd[1273]: message repeated 2 times: [ Failed password for root from 221.229.166.29 port 49091 ssh2]
Apr 11 23:01:34 ovzhost sshd[1273]: Received disconnect from 221.229.166.29: 11:  [preauth]
Apr 11 23:01:34 ovzhost sshd[1273]: PAM 2 more authentication failures; logname= uid=0 euid=0 tty=ssh ruser= rhost=221.229.166.29  user=root
Apr 11 23:01:36 ovzhost sshd[1275]: pam_unix(sshd:auth): authentication failure; logname= uid=0 euid=0 tty=ssh ruser= rhost=221.229.166.29  user=root
Apr 11 23:01:38 ovzhost sshd[1275]: Failed password for root from 221.229.166.29 port 45314 ssh2
Apr 11 23:01:44 ovzhost sshd[1275]: message repeated 2 times: [ Failed password for root from 221.229.166.29 port 45314 ssh2]
Apr 11 23:01:44 ovzhost sshd[1275]: Received disconnect from 221.229.166.29: 11:  [preauth]
Apr 11 23:01:44 ovzhost sshd[1275]: PAM 2 more authentication failures; logname= uid=0 euid=0 tty=ssh ruser= rhost=221.229.166.29  user=root
Apr 11 23:01:46 ovzhost sshd[1279]: pam_unix(sshd:auth): authentication failure; logname= uid=0 euid=0 tty=ssh ruser= rhost=221.229.166.29  user=root
Apr 11 23:01:47 ovzhost sshd[1279]: Failed password for root from 221.229.166.29 port 38393 ssh2
Apr 11 23:01:52 ovzhost sshd[1279]: message repeated 2 times: [ Failed password for root from 221.229.166.29 port 38393 ssh2]
Apr 11 23:01:53 ovzhost sshd[1279]: Received disconnect from 221.229.166.29: 11:  [preauth]
Apr 11 23:01:53 ovzhost sshd[1279]: PAM 2 more authentication failures; logname= uid=0 euid=0 tty=ssh ruser= rhost=221.229.166.29  user=root
Apr 11 23:01:55 ovzhost sshd[1281]: pam_unix(sshd:auth): authentication failure; logname= uid=0 euid=0 tty=ssh ruser= rhost=221.229.166.29  user=root
Apr 11 23:01:57 ovzhost sshd[1281]: Failed password for root from 221.229.166.29 port 60023 ssh2
Apr 11 23:02:02 ovzhost sshd[1281]: message repeated 2 times: [ Failed password for root from 221.229.166.29 port 60023 ssh2]
Apr 11 23:02:02 ovzhost sshd[1281]: Received disconnect from 221.229.166.29: 11:  [preauth]
Apr 11 23:02:02 ovzhost sshd[1281]: PAM 2 more authentication failures; logname= uid=0 euid=0 tty=ssh ruser= rhost=221.229.166.29  user=root
Apr 11 23:02:06 ovzhost sshd[1283]: pam_unix(sshd:auth): authentication failure; logname= uid=0 euid=0 tty=ssh ruser= rhost=221.229.166.29  user=root
Apr 11 23:02:08 ovzhost sshd[1283]: Failed password for root from 221.229.166.29 port 52454 ssh2
Apr 11 23:02:12 ovzhost sshd[1283]: message repeated 2 times: [ Failed password for root from 221.229.166.29 port 52454 ssh2]
Apr 11 23:02:12 ovzhost sshd[1283]: Received disconnect from 221.229.166.29: 11:  [preauth]
Apr 11 23:02:12 ovzhost sshd[1283]: PAM 2 more authentication failures; logname= uid=0 euid=0 tty=ssh ruser= rhost=221.229.166.29  user=root
Apr 11 23:02:15 ovzhost sshd[1286]: pam_unix(sshd:auth): authentication failure; logname= uid=0 euid=0 tty=ssh ruser= rhost=221.229.166.29  user=root
