Apr  2 14:31:44 ovzhost sshd[780]: Connection closed by 127.0.0.1 [preauth]
Apr  2 14:35:40 ovzhost sshd[811]: Connection closed by 128.8.37.120 [preauth]
Apr  2 14:36:44 ovzhost sshd[820]: Connection closed by 127.0.0.1 [preauth]
Apr 11 22:37:38 ovzhost sshd[783]: Connection closed by 127.0.0.1 [preauth]
Apr 11 22:39:01 ovzhost CRON[793]: pam_env(cron:session): Unable to open env file: /etc/default/locale: No such file or directory
Apr 11 22:39:01 ovzhost CRON[793]: pam_unix(cron:session): session opened for user root by (uid=0)
Apr 11 22:39:01 ovzhost CRON[793]: pam_unix(cron:session): session closed for user root
Apr 11 22:40:01 ovzhost CRON[810]: pam_env(cron:session): Unable to open env file: /etc/default/locale: No such file or directory
Apr 11 22:40:01 ovzhost CRON[810]: pam_unix(cron:session): session opened for user smmsp by (uid=0)
Apr 11 22:40:01 ovzhost CRON[810]: pam_unix(cron:session): session closed for user smmsp
Apr 11 22:40:43 ovzhost sshd[838]: Connection closed by 128.8.37.120 [preauth]
Apr 11 22:42:38 ovzhost sshd[846]: Connection closed by 127.0.0.1 [preauth]
Apr 11 22:44:37 ovzhost sshd[856]: Invalid user OPERATOR from 80.242.123.130
Apr 11 22:44:37 ovzhost sshd[856]: input_userauth_request: invalid user OPERATOR [preauth]
Apr 11 22:44:37 ovzhost sshd[856]: pam_unix(sshd:auth): check pass; user unknown
Apr 11 22:44:37 ovzhost sshd[856]: pam_unix(sshd:auth): authentication failure; logname= uid=0 euid=0 tty=ssh ruser= rhost=130-123-242-80.pppoe.dyn.broadband.blic.net 
Apr 11 22:44:38 ovzhost sshd[856]: Failed password for invalid user OPERATOR from 80.242.123.130 port 32772 ssh2
Apr 11 22:44:38 ovzhost sshd[856]: Received disconnect from 80.242.123.130: 11: Bye Bye [preauth]
Apr 11 22:46:09 ovzhost sshd[863]: pam_unix(sshd:auth): authentication failure; logname= uid=0 euid=0 tty=ssh ruser= rhost=43.255.190.124  user=root
Apr 11 22:46:10 ovzhost sshd[865]: pam_unix(sshd:auth): authentication failure; logname= uid=0 euid=0 tty=ssh ruser= rhost=43.255.190.122  user=root
Apr 11 22:46:11 ovzhost sshd[863]: Failed password for root from 43.255.190.124 port 35507 ssh2
Apr 11 22:46:12 ovzhost sshd[865]: Failed password for root from 43.255.190.122 port 45362 ssh2
Apr 11 22:46:15 ovzhost sshd[863]: message repeated 2 times: [ Failed password for root from 43.255.190.124 port 35507 ssh2]
Apr 11 22:46:15 ovzhost sshd[863]: Received disconnect from 43.255.190.124: 11:  [preauth]
Apr 11 22:46:15 ovzhost sshd[863]: PAM 2 more authentication failures; logname= uid=0 euid=0 tty=ssh ruser= rhost=43.255.190.124  user=root
Apr 11 22:46:15 ovzhost sshd[865]: message repeated 2 times: [ Failed password for root from 43.255.190.122 port 45362 ssh2]
Apr 11 22:46:16 ovzhost sshd[865]: Received disconnect from 43.255.190.122: 11:  [preauth]
Apr 11 22:46:16 ovzhost sshd[865]: PAM 2 more authentication failures; logname= uid=0 euid=0 tty=ssh ruser= rhost=43.255.190.122  user=root
Apr 11 22:46:16 ovzhost sshd[867]: pam_unix(sshd:auth): authentication failure; logname= uid=0 euid=0 tty=ssh ruser= rhost=43.255.190.124  user=root
Apr 11 22:46:16 ovzhost sshd[869]: pam_unix(sshd:auth): authentication failure; logname= uid=0 euid=0 tty=ssh ruser= rhost=43.255.190.122  user=root
Apr 11 22:46:18 ovzhost sshd[867]: Failed password for root from 43.255.190.124 port 51516 ssh2
Apr 11 22:46:18 ovzhost sshd[869]: Failed password for root from 43.255.190.122 port 60150 ssh2
Apr 11 22:46:21 ovzhost sshd[867]: message repeated 2 times: [ Failed password for root from 43.255.190.124 port 51516 ssh2]
Apr 11 22:46:21 ovzhost sshd[867]: Received disconnect from 43.255.190.124: 11:  [preauth]
Apr 11 22:46:21 ovzhost sshd[867]: PAM 2 more authentication failures; logname= uid=0 euid=0 tty=ssh ruser= rhost=43.255.190.124  user=root
Apr 11 22:46:21 ovzhost sshd[871]: pam_unix(sshd:auth): authentication failure; logname= uid=0 euid=0 tty=ssh ruser= rhost=43.255.190.124  user=root
Apr 11 22:46:22 ovzhost sshd[869]: message repeated 2 times: [ Failed password for root from 43.255.190.122 port 60150 ssh2]
Apr 11 22:46:22 ovzhost sshd[869]: Received disconnect from 43.255.190.122: 11:  [preauth]
Apr 11 22:46:22 ovzhost sshd[869]: PAM 2 more authentication failures; logname= uid=0 euid=0 tty=ssh ruser= rhost=43.255.190.122  user=root
Apr 11 22:46:22 ovzhost sshd[873]: pam_unix(sshd:auth): authentication failure; logname= uid=0 euid=0 tty=ssh ruser= rhost=43.255.190.122  user=root
Apr 11 22:46:23 ovzhost sshd[871]: Failed password for root from 43.255.190.124 port 38253 ssh2
Apr 11 22:46:25 ovzhost sshd[873]: Failed password for root from 43.255.190.122 port 46732 ssh2
Apr 11 22:46:27 ovzhost sshd[871]: message repeated 2 times: [ Failed password for root from 43.255.190.124 port 38253 ssh2]
Apr 11 22:46:27 ovzhost sshd[871]: Received disconnect from 43.255.190.124: 11:  [preauth]
Apr 11 22:46:27 ovzhost sshd[871]: PAM 2 more authentication failures; logname= uid=0 euid=0 tty=ssh ruser= rhost=43.255.190.124  user=root
Apr 11 22:46:28 ovzhost sshd[875]: pam_unix(sshd:auth): authentication failure; logname= uid=0 euid=0 tty=ssh ruser= rhost=43.255.190.124  user=root
Apr 11 22:46:28 ovzhost sshd[873]: message repeated 2 times: [ Failed password for root from 43.255.190.122 port 46732 ssh2]
Apr 11 22:46:28 ovzhost sshd[873]: Received disconnect from 43.255.190.122: 11:  [preauth]
Apr 11 22:46:28 ovzhost sshd[873]: PAM 2 more authentication failures; logname= uid=0 euid=0 tty=ssh ruser= rhost=43.255.190.122  user=root
Apr 11 22:46:29 ovzhost sshd[877]: pam_unix(sshd:auth): authentication failure; logname= uid=0 euid=0 tty=ssh ruser= rhost=43.255.190.122  user=root
Apr 11 22:46:29 ovzhost sshd[875]: Failed password for root from 43.255.190.124 port 54370 ssh2
Apr 11 22:46:31 ovzhost sshd[877]: Failed password for root from 43.255.190.122 port 34732 ssh2
Apr 11 22:46:32 ovzhost sshd[875]: message repeated 2 times: [ Failed password for root from 43.255.190.124 port 54370 ssh2]
Apr 11 22:46:33 ovzhost sshd[875]: Received disconnect from 43.255.190.124: 11:  [preauth]
Apr 11 22:46:33 ovzhost sshd[875]: PAM 2 more authentication failures; logname= uid=0 euid=0 tty=ssh ruser= rhost=43.255.190.124  user=root
Apr 11 22:46:33 ovzhost sshd[879]: pam_unix(sshd:auth): authentication failure; logname= uid=0 euid=0 tty=ssh ruser= rhost=43.255.190.124  user=root
Apr 11 22:46:35 ovzhost sshd[877]: message repeated 2 times: [ Failed password for root from 43.255.190.122 port 34732 ssh2]
Apr 11 22:46:35 ovzhost sshd[877]: Received disconnect from 43.255.190.122: 11:  [preauth]
Apr 11 22:46:35 ovzhost sshd[877]: PAM 2 more authentication failures; logname= uid=0 euid=0 tty=ssh ruser= rhost=43.255.190.122  user=root
Apr 11 22:46:35 ovzhost sshd[879]: Failed password for root from 43.255.190.124 port 40119 ssh2
Apr 11 22:46:35 ovzhost sshd[881]: pam_unix(sshd:auth): authentication failure; logname= uid=0 euid=0 tty=ssh ruser= rhost=43.255.190.122  user=root
Apr 11 22:46:38 ovzhost sshd[881]: Failed password for root from 43.255.190.122 port 51067 ssh2
Apr 11 22:46:39 ovzhost sshd[879]: message repeated 2 times: [ Failed password for root from 43.255.190.124 port 40119 ssh2]
Apr 11 22:46:39 ovzhost sshd[879]: Received disconnect from 43.255.190.124: 11:  [preauth]
Apr 11 22:46:39 ovzhost sshd[879]: PAM 2 more authentication failures; logname= uid=0 euid=0 tty=ssh ruser= rhost=43.255.190.124  user=root
Apr 11 22:46:40 ovzhost sshd[885]: pam_unix(sshd:auth): authentication failure; logname= uid=0 euid=0 tty=ssh ruser= rhost=43.255.190.124  user=root
Apr 11 22:46:41 ovzhost sshd[881]: message repeated 2 times: [ Failed password for root from 43.255.190.122 port 51067 ssh2]
Apr 11 22:46:41 ovzhost sshd[881]: Received disconnect from 43.255.190.122: 11:  [preauth]
Apr 11 22:46:41 ovzhost sshd[881]: PAM 2 more authentication failures; logname= uid=0 euid=0 tty=ssh ruser= rhost=43.255.190.122  user=root
Apr 11 22:46:42 ovzhost sshd[885]: Failed password for root from 43.255.190.124 port 57728 ssh2
Apr 11 22:46:42 ovzhost sshd[887]: pam_unix(sshd:auth): authentication failure; logname= uid=0 euid=0 tty=ssh ruser= rhost=43.255.190.122  user=root
Apr 11 22:46:43 ovzhost sshd[887]: Failed password for root from 43.255.190.122 port 39752 ssh2
Apr 11 22:46:45 ovzhost sshd[885]: message repeated 2 times: [ Failed password for root from 43.255.190.124 port 57728 ssh2]
Apr 11 22:46:45 ovzhost sshd[885]: Received disconnect from 43.255.190.124: 11:  [preauth]
Apr 11 22:46:45 ovzhost sshd[885]: PAM 2 more authentication failures; logname= uid=0 euid=0 tty=ssh ruser= rhost=43.255.190.124  user=root
Apr 11 22:46:46 ovzhost sshd[889]: pam_unix(sshd:auth): authentication failure; logname= uid=0 euid=0 tty=ssh ruser= rhost=43.255.190.124  user=root
Apr 11 22:46:47 ovzhost sshd[887]: message repeated 2 times: [ Failed password for root from 43.255.190.122 port 39752 ssh2]
Apr 11 22:46:47 ovzhost sshd[887]: Received disconnect from 43.255.190.122: 11:  [preauth]
Apr 11 22:46:47 ovzhost sshd[887]: PAM 2 more authentication failures; logname= uid=0 euid=0 tty=ssh ruser= rhost=43.255.190.122  user=root
Apr 11 22:46:48 ovzhost sshd[891]: pam_unix(sshd:auth): authentication failure; logname= uid=0 euid=0 tty=ssh ruser= rhost=43.255.190.122  user=root
Apr 11 22:46:48 ovzhost sshd[889]: Failed password for root from 43.255.190.124 port 44328 ssh2
Apr 11 22:46:50 ovzhost sshd[891]: Failed password for root from 43.255.190.122 port 54088 ssh2
Apr 11 22:46:52 ovzhost sshd[889]: message repeated 2 times: [ Failed password for root from 43.255.190.124 port 44328 ssh2]
Apr 11 22:46:52 ovzhost sshd[889]: Received disconnect from 43.255.190.124: 11:  [preauth]
Apr 11 22:46:52 ovzhost sshd[889]: PAM 2 more authentication failures; logname= uid=0 euid=0 tty=ssh ruser= rhost=43.255.190.124  user=root
Apr 11 22:46:53 ovzhost sshd[893]: pam_unix(sshd:auth): authentication failure; logname= uid=0 euid=0 tty=ssh ruser= rhost=43.255.190.124  user=root
Apr 11 22:46:54 ovzhost sshd[891]: message repeated 2 times: [ Failed password for root from 43.255.190.122 port 54088 ssh2]
Apr 11 22:46:54 ovzhost sshd[891]: Received disconnect from 43.255.190.122: 11:  [preauth]
Apr 11 22:46:54 ovzhost sshd[891]: PAM 2 more authentication failures; logname= uid=0 euid=0 tty=ssh ruser= rhost=43.255.190.122  user=root
Apr 11 22:46:54 ovzhost sshd[895]: pam_unix(sshd:auth): authentication failure; logname= uid=0 euid=0 tty=ssh ruser= rhost=43.255.190.122  user=root
Apr 11 22:46:55 ovzhost sshd[893]: Failed password for root from 43.255.190.124 port 33568 ssh2
Apr 11 22:46:55 ovzhost sshd[895]: Failed password for root from 43.255.190.122 port 41517 ssh2
Apr 11 22:46:59 ovzhost sshd[893]: message repeated 2 times: [ Failed password for root from 43.255.190.124 port 33568 ssh2]
Apr 11 22:46:59 ovzhost sshd[893]: Received disconnect from 43.255.190.124: 11:  [preauth]
Apr 11 22:46:59 ovzhost sshd[893]: PAM 2 more authentication failures; logname= uid=0 euid=0 tty=ssh ruser= rhost=43.255.190.124  user=root
Apr 11 22:46:59 ovzhost sshd[895]: message repeated 2 times: [ Failed password for root from 43.255.190.122 port 41517 ssh2]
Apr 11 22:46:59 ovzhost sshd[895]: Received disconnect from 43.255.190.122: 11:  [preauth]
Apr 11 22:46:59 ovzhost sshd[895]: PAM 2 more authentication failures; logname= uid=0 euid=0 tty=ssh ruser= rhost=43.255.190.122  user=root
Apr 11 22:47:00 ovzhost sshd[897]: pam_unix(sshd:auth): authentication failure; logname= uid=0 euid=0 tty=ssh ruser= rhost=43.255.190.124  user=root
Apr 11 22:47:00 ovzhost sshd[899]: pam_unix(sshd:auth): authentication failure; logname= uid=0 euid=0 tty=ssh ruser= rhost=43.255.190.122  user=root
Apr 11 22:47:01 ovzhost sshd[897]: Failed password for root from 43.255.190.124 port 51437 ssh2
Apr 11 22:47:01 ovzhost sshd[899]: Failed password for root from 43.255.190.122 port 56606 ssh2
Apr 11 22:47:05 ovzhost sshd[897]: message repeated 2 times: [ Failed password for root from 43.255.190.124 port 51437 ssh2]
Apr 11 22:47:05 ovzhost sshd[897]: Received disconnect from 43.255.190.124: 11:  [preauth]
Apr 11 22:47:05 ovzhost sshd[897]: PAM 2 more authentication failures; logname= uid=0 euid=0 tty=ssh ruser= rhost=43.255.190.124  user=root
Apr 11 22:47:05 ovzhost sshd[899]: message repeated 2 times: [ Failed password for root from 43.255.190.122 port 56606 ssh2]
Apr 11 22:47:05 ovzhost sshd[899]: Received disconnect from 43.255.190.122: 11:  [preauth]
Apr 11 22:47:05 ovzhost sshd[899]: PAM 2 more authentication failures; logname= uid=0 euid=0 tty=ssh ruser= rhost=43.255.190.122  user=root
Apr 11 22:47:05 ovzhost sshd[901]: pam_unix(sshd:auth): authentication failure; logname= uid=0 euid=0 tty=ssh ruser= rhost=43.255.190.124  user=root
Apr 11 22:47:05 ovzhost sshd[903]: pam_unix(sshd:auth): authentication failure; logname= uid=0 euid=0 tty=ssh ruser= rhost=43.255.190.122  user=root
Apr 11 22:47:08 ovzhost sshd[901]: Failed password for root from 43.255.190.124 port 37038 ssh2
Apr 11 22:47:08 ovzhost sshd[903]: Failed password for root from 43.255.190.122 port 42597 ssh2
Apr 11 22:47:12 ovzhost sshd[901]: message repeated 2 times: [ Failed password for root from 43.255.190.124 port 37038 ssh2]
Apr 11 22:47:12 ovzhost sshd[901]: Received disconnect from 43.255.190.124: 11:  [preauth]
Apr 11 22:47:12 ovzhost sshd[901]: PAM 2 more authentication failures; logname= uid=0 euid=0 tty=ssh ruser= rhost=43.255.190.124  user=root
Apr 11 22:47:12 ovzhost sshd[903]: message repeated 2 times: [ Failed password for root from 43.255.190.122 port 42597 ssh2]
Apr 11 22:47:12 ovzhost sshd[903]: Received disconnect from 43.255.190.122: 11:  [preauth]
Apr 11 22:47:12 ovzhost sshd[903]: PAM 2 more authentication failures; logname= uid=0 euid=0 tty=ssh ruser= rhost=43.255.190.122  user=root
Apr 11 22:47:12 ovzhost sshd[906]: pam_unix(sshd:auth): authentication failure; logname= uid=0 euid=0 tty=ssh ruser= rhost=43.255.190.124  user=root
Apr 11 22:47:13 ovzhost sshd[908]: pam_unix(sshd:auth): authentication failure; logname= uid=0 euid=0 tty=ssh ruser= rhost=43.255.190.122  user=root
Apr 11 22:47:14 ovzhost sshd[906]: Failed password for root from 43.255.190.124 port 54148 ssh2
Apr 11 22:47:14 ovzhost sshd[908]: Failed password for root from 43.255.190.122 port 60400 ssh2
Apr 11 22:47:18 ovzhost sshd[906]: message repeated 2 times: [ Failed password for root from 43.255.190.124 port 54148 ssh2]
Apr 11 22:47:18 ovzhost sshd[906]: Received disconnect from 43.255.190.124: 11:  [preauth]
Apr 11 22:47:18 ovzhost sshd[906]: PAM 2 more authentication failures; logname= uid=0 euid=0 tty=ssh ruser= rhost=43.255.190.124  user=root
Apr 11 22:47:18 ovzhost sshd[908]: message repeated 2 times: [ Failed password for root from 43.255.190.122 port 60400 ssh2]
Apr 11 22:47:18 ovzhost sshd[908]: Received disconnect from 43.255.190.122: 11:  [preauth]
Apr 11 22:47:18 ovzhost sshd[908]: PAM 2 more authentication failures; logname= uid=0 euid=0 tty=ssh ruser= rhost=43.255.190.122  user=root
Apr 11 22:47:19 ovzhost sshd[910]: pam_unix(sshd:auth): authentication failure; logname= uid=0 euid=0 tty=ssh ruser= rhost=43.255.190.124  user=root
Apr 11 22:47:19 ovzhost sshd[912]: pam_unix(sshd:auth): authentication failure; logname= uid=0 euid=0 tty=ssh ruser= rhost=43.255.190.122  user=root
Apr 11 22:47:20 ovzhost sshd[910]: Failed password for root from 43.255.190.124 port 41671 ssh2
Apr 11 22:47:20 ovzhost sshd[912]: Failed password for root from 43.255.190.122 port 48557 ssh2
Apr 11 22:47:24 ovzhost sshd[910]: message repeated 2 times: [ Failed password for root from 43.255.190.124 port 41671 ssh2]
Apr 11 22:47:24 ovzhost sshd[910]: Received disconnect from 43.255.190.124: 11:  [preauth]
Apr 11 22:47:24 ovzhost sshd[910]: PAM 2 more authentication failures; logname= uid=0 euid=0 tty=ssh ruser= rhost=43.255.190.124  user=root
Apr 11 22:47:25 ovzhost sshd[914]: pam_unix(sshd:auth): authentication failure; logname= uid=0 euid=0 tty=ssh ruser= rhost=43.255.190.124  user=root
Apr 11 22:47:25 ovzhost sshd[912]: message repeated 2 times: [ Failed password for root from 43.255.190.122 port 48557 ssh2]
Apr 11 22:47:25 ovzhost sshd[912]: Received disconnect from 43.255.190.122: 11:  [preauth]
Apr 11 22:47:25 ovzhost sshd[912]: PAM 2 more authentication failures; logname= uid=0 euid=0 tty=ssh ruser= rhost=43.255.190.122  user=root
Apr 11 22:47:26 ovzhost sshd[916]: pam_unix(sshd:auth): authentication failure; logname= uid=0 euid=0 tty=ssh ruser= rhost=43.255.190.122  user=root
Apr 11 22:47:26 ovzhost sshd[914]: Failed password for root from 43.255.190.124 port 57058 ssh2
Apr 11 22:47:28 ovzhost sshd[916]: Failed password for root from 43.255.190.122 port 37566 ssh2
Apr 11 22:47:31 ovzhost sshd[914]: message repeated 2 times: [ Failed password for root from 43.255.190.124 port 57058 ssh2]
Apr 11 22:47:31 ovzhost sshd[914]: Received disconnect from 43.255.190.124: 11:  [preauth]
Apr 11 22:47:31 ovzhost sshd[914]: PAM 2 more authentication failures; logname= uid=0 euid=0 tty=ssh ruser= rhost=43.255.190.124  user=root
Apr 11 22:47:31 ovzhost sshd[918]: pam_unix(sshd:auth): authentication failure; logname= uid=0 euid=0 tty=ssh ruser= rhost=43.255.190.124  user=root
Apr 11 22:47:32 ovzhost sshd[916]: message repeated 2 times: [ Failed password for root from 43.255.190.122 port 37566 ssh2]
Apr 11 22:47:32 ovzhost sshd[916]: Received disconnect from 43.255.190.122: 11:  [preauth]
Apr 11 22:47:32 ovzhost sshd[916]: PAM 2 more authentication failures; logname= uid=0 euid=0 tty=ssh ruser= rhost=43.255.190.122  user=root
Apr 11 22:47:33 ovzhost sshd[920]: pam_unix(sshd:auth): authentication failure; logname= uid=0 euid=0 tty=ssh ruser= rhost=43.255.190.122  user=root
Apr 11 22:47:33 ovzhost sshd[918]: Failed password for root from 43.255.190.124 port 45268 ssh2
Apr 11 22:47:35 ovzhost sshd[920]: Failed password for root from 43.255.190.122 port 54815 ssh2
Apr 11 22:47:38 ovzhost sshd[923]: Connection closed by 127.0.0.1 [preauth]
Apr 11 22:47:38 ovzhost sshd[918]: message repeated 2 times: [ Failed password for root from 43.255.190.124 port 45268 ssh2]
Apr 11 22:47:38 ovzhost sshd[918]: Received disconnect from 43.255.190.124: 11:  [preauth]
Apr 11 22:47:38 ovzhost sshd[918]: PAM 2 more authentication failures; logname= uid=0 euid=0 tty=ssh ruser= rhost=43.255.190.124  user=root
Apr 11 22:47:38 ovzhost sshd[925]: pam_unix(sshd:auth): authentication failure; logname= uid=0 euid=0 tty=ssh ruser= rhost=43.255.190.124  user=root
Apr 11 22:47:39 ovzhost sshd[920]: message repeated 2 times: [ Failed password for root from 43.255.190.122 port 54815 ssh2]
Apr 11 22:47:39 ovzhost sshd[920]: Received disconnect from 43.255.190.122: 11:  [preauth]
Apr 11 22:47:39 ovzhost sshd[920]: PAM 2 more authentication failures; logname= uid=0 euid=0 tty=ssh ruser= rhost=43.255.190.122  user=root
Apr 11 22:47:40 ovzhost sshd[928]: pam_unix(sshd:auth): authentication failure; logname= uid=0 euid=0 tty=ssh ruser= rhost=43.255.190.122  user=root
Apr 11 22:47:40 ovzhost sshd[925]: Failed password for root from 43.255.190.124 port 34627 ssh2
Apr 11 22:47:42 ovzhost sshd[928]: Failed password for root from 43.255.190.122 port 44863 ssh2
Apr 11 22:47:44 ovzhost sshd[925]: message repeated 2 times: [ Failed password for root from 43.255.190.124 port 34627 ssh2]
Apr 11 22:47:44 ovzhost sshd[925]: Received disconnect from 43.255.190.124: 11:  [preauth]
Apr 11 22:47:44 ovzhost sshd[925]: PAM 2 more authentication failures; logname= uid=0 euid=0 tty=ssh ruser= rhost=43.255.190.124  user=root
Apr 11 22:47:45 ovzhost sshd[930]: pam_unix(sshd:auth): authentication failure; logname= uid=0 euid=0 tty=ssh ruser= rhost=43.255.190.124  user=root
Apr 11 22:47:46 ovzhost sshd[928]: message repeated 2 times: [ Failed password for root from 43.255.190.122 port 44863 ssh2]
Apr 11 22:47:46 ovzhost sshd[928]: Received disconnect from 43.255.190.122: 11:  [preauth]
Apr 11 22:47:46 ovzhost sshd[928]: PAM 2 more authentication failures; logname= uid=0 euid=0 tty=ssh ruser= rhost=43.255.190.122  user=root
Apr 11 22:47:47 ovzhost sshd[932]: pam_unix(sshd:auth): authentication failure; logname= uid=0 euid=0 tty=ssh ruser= rhost=43.255.190.122  user=root
Apr 11 22:47:47 ovzhost sshd[930]: Failed password for root from 43.255.190.124 port 50221 ssh2
Apr 11 22:47:49 ovzhost sshd[932]: Failed password for root from 43.255.190.122 port 33724 ssh2
Apr 11 22:47:51 ovzhost sshd[930]: message repeated 2 times: [ Failed password for root from 43.255.190.124 port 50221 ssh2]
Apr 11 22:47:52 ovzhost sshd[930]: Received disconnect from 43.255.190.124: 11:  [preauth]
Apr 11 22:47:52 ovzhost sshd[930]: PAM 2 more authentication failures; logname= uid=0 euid=0 tty=ssh ruser= rhost=43.255.190.124  user=root
Apr 11 22:47:52 ovzhost sshd[934]: pam_unix(sshd:auth): authentication failure; logname= uid=0 euid=0 tty=ssh ruser= rhost=43.255.190.124  user=root
Apr 11 22:47:53 ovzhost sshd[932]: message repeated 2 times: [ Failed password for root from 43.255.190.122 port 33724 ssh2]
Apr 11 22:47:53 ovzhost sshd[932]: Received disconnect from 43.255.190.122: 11:  [preauth]
Apr 11 22:47:53 ovzhost sshd[932]: PAM 2 more authentication failures; logname= uid=0 euid=0 tty=ssh ruser= rhost=43.255.190.122  user=root
Apr 11 22:47:54 ovzhost sshd[936]: pam_unix(sshd:auth): authentication failure; logname= uid=0 euid=0 tty=ssh ruser= rhost=43.255.190.122  user=root
Apr 11 22:47:55 ovzhost sshd[934]: Failed password for root from 43.255.190.124 port 39003 ssh2
Apr 11 22:47:56 ovzhost sshd[936]: Failed password for root from 43.255.190.122 port 51033 ssh2
Apr 11 22:47:58 ovzhost sshd[934]: message repeated 2 times: [ Failed password for root from 43.255.190.124 port 39003 ssh2]
Apr 11 22:47:58 ovzhost sshd[934]: Received disconnect from 43.255.190.124: 11:  [preauth]
Apr 11 22:47:58 ovzhost sshd[934]: PAM 2 more authentication failures; logname= uid=0 euid=0 tty=ssh ruser= rhost=43.255.190.124  user=root
Apr 11 22:47:59 ovzhost sshd[938]: pam_unix(sshd:auth): authentication failure; logname= uid=0 euid=0 tty=ssh ruser= rhost=43.255.190.124  user=root
Apr 11 22:48:00 ovzhost sshd[936]: message repeated 2 times: [ Failed password for root from 43.255.190.122 port 51033 ssh2]
Apr 11 22:48:00 ovzhost sshd[936]: Received disconnect from 43.255.190.122: 11:  [preauth]
Apr 11 22:48:00 ovzhost sshd[936]: PAM 2 more authentication failures; logname= uid=0 euid=0 tty=ssh ruser= rhost=43.255.190.122  user=root
Apr 11 22:48:01 ovzhost sshd[940]: pam_unix(sshd:auth): authentication failure; logname= uid=0 euid=0 tty=ssh ruser= rhost=43.255.190.122  user=root
Apr 11 22:48:01 ovzhost sshd[938]: Failed password for root from 43.255.190.124 port 55437 ssh2
Apr 11 22:48:03 ovzhost sshd[940]: Failed password for root from 43.255.190.122 port 39251 ssh2
Apr 11 22:48:06 ovzhost sshd[938]: message repeated 2 times: [ Failed password for root from 43.255.190.124 port 55437 ssh2]
Apr 11 22:48:06 ovzhost sshd[938]: Received disconnect from 43.255.190.124: 11:  [preauth]
Apr 11 22:48:06 ovzhost sshd[938]: PAM 2 more authentication failures; logname= uid=0 euid=0 tty=ssh ruser= rhost=43.255.190.124  user=root
Apr 11 22:48:07 ovzhost sshd[942]: pam_unix(sshd:auth): authentication failure; logname= uid=0 euid=0 tty=ssh ruser= rhost=43.255.190.124  user=root
Apr 11 22:48:07 ovzhost sshd[940]: message repeated 2 times: [ Failed password for root from 43.255.190.122 port 39251 ssh2]
Apr 11 22:48:07 ovzhost sshd[940]: Received disconnect from 43.255.190.122: 11:  [preauth]
Apr 11 22:48:07 ovzhost sshd[940]: PAM 2 more authentication failures; logname= uid=0 euid=0 tty=ssh ruser= rhost=43.255.190.122  user=root
Apr 11 22:48:08 ovzhost sshd[944]: pam_unix(sshd:auth): authentication failure; logname= uid=0 euid=0 tty=ssh ruser= rhost=43.255.190.122  user=root
Apr 11 22:48:08 ovzhost sshd[942]: Failed password for root from 43.255.190.124 port 45189 ssh2
Apr 11 22:48:10 ovzhost sshd[944]: Failed password for root from 43.255.190.122 port 56884 ssh2
Apr 11 22:48:12 ovzhost sshd[942]: message repeated 2 times: [ Failed password for root from 43.255.190.124 port 45189 ssh2]
Apr 11 22:48:12 ovzhost sshd[942]: Received disconnect from 43.255.190.124: 11:  [preauth]
Apr 11 22:48:12 ovzhost sshd[942]: PAM 2 more authentication failures; logname= uid=0 euid=0 tty=ssh ruser= rhost=43.255.190.124  user=root
Apr 11 22:48:13 ovzhost sshd[947]: pam_unix(sshd:auth): authentication failure; logname= uid=0 euid=0 tty=ssh ruser= rhost=43.255.190.124  user=root
Apr 11 22:48:14 ovzhost sshd[944]: message repeated 2 times: [ Failed password for root from 43.255.190.122 port 56884 ssh2]
Apr 11 22:48:14 ovzhost sshd[944]: Received disconnect from 43.255.190.122: 11:  [preauth]
Apr 11 22:48:14 ovzhost sshd[944]: PAM 2 more authentication failures; logname= uid=0 euid=0 tty=ssh ruser= rhost=43.255.190.122  user=root
Apr 11 22:48:15 ovzhost sshd[947]: Failed password for root from 43.255.190.124 port 60504 ssh2
Apr 11 22:48:15 ovzhost sshd[949]: pam_unix(sshd:auth): authentication failure; logname= uid=0 euid=0 tty=ssh ruser= rhost=43.255.190.122  user=root
Apr 11 22:48:17 ovzhost sshd[949]: Failed password for root from 43.255.190.122 port 44893 ssh2
Apr 11 22:48:19 ovzhost sshd[947]: message repeated 2 times: [ Failed password for root from 43.255.190.124 port 60504 ssh2]
Apr 11 22:48:19 ovzhost sshd[947]: Received disconnect from 43.255.190.124: 11:  [preauth]
Apr 11 22:48:19 ovzhost sshd[947]: PAM 2 more authentication failures; logname= uid=0 euid=0 tty=ssh ruser= rhost=43.255.190.124  user=root
Apr 11 22:48:20 ovzhost sshd[953]: pam_unix(sshd:auth): authentication failure; logname= uid=0 euid=0 tty=ssh ruser= rhost=43.255.190.124  user=root
Apr 11 22:48:21 ovzhost sshd[949]: message repeated 2 times: [ Failed password for root from 43.255.190.122 port 44893 ssh2]
Apr 11 22:48:21 ovzhost sshd[949]: Received disconnect from 43.255.190.122: 11:  [preauth]
Apr 11 22:48:21 ovzhost sshd[949]: PAM 2 more authentication failures; logname= uid=0 euid=0 tty=ssh ruser= rhost=43.255.190.122  user=root
Apr 11 22:48:22 ovzhost sshd[955]: pam_unix(sshd:auth): authentication failure; logname= uid=0 euid=0 tty=ssh ruser= rhost=43.255.190.122  user=root
Apr 11 22:48:22 ovzhost sshd[953]: Failed password for root from 43.255.190.124 port 48986 ssh2
Apr 11 22:48:24 ovzhost sshd[955]: Failed password for root from 43.255.190.122 port 33398 ssh2
Apr 11 22:48:26 ovzhost sshd[953]: message repeated 2 times: [ Failed password for root from 43.255.190.124 port 48986 ssh2]
Apr 11 22:48:26 ovzhost sshd[953]: Received disconnect from 43.255.190.124: 11:  [preauth]
Apr 11 22:48:26 ovzhost sshd[953]: PAM 2 more authentication failures; logname= uid=0 euid=0 tty=ssh ruser= rhost=43.255.190.124  user=root
Apr 11 22:48:27 ovzhost sshd[957]: pam_unix(sshd:auth): authentication failure; logname= uid=0 euid=0 tty=ssh ruser= rhost=43.255.190.124  user=root
Apr 11 22:48:28 ovzhost sshd[955]: message repeated 2 times: [ Failed password for root from 43.255.190.122 port 33398 ssh2]
Apr 11 22:48:28 ovzhost sshd[955]: Received disconnect from 43.255.190.122: 11:  [preauth]
Apr 11 22:48:28 ovzhost sshd[955]: PAM 2 more authentication failures; logname= uid=0 euid=0 tty=ssh ruser= rhost=43.255.190.122  user=root
Apr 11 22:48:28 ovzhost sshd[959]: pam_unix(sshd:auth): authentication failure; logname= uid=0 euid=0 tty=ssh ruser= rhost=43.255.190.122  user=root
Apr 11 22:48:29 ovzhost sshd[957]: Failed password for root from 43.255.190.124 port 37165 ssh2
Apr 11 22:48:31 ovzhost sshd[959]: Failed password for root from 43.255.190.122 port 49025 ssh2
Apr 11 22:48:33 ovzhost sshd[957]: message repeated 2 times: [ Failed password for root from 43.255.190.124 port 37165 ssh2]
Apr 11 22:48:33 ovzhost sshd[957]: Received disconnect from 43.255.190.124: 11:  [preauth]
Apr 11 22:48:33 ovzhost sshd[957]: PAM 2 more authentication failures; logname= uid=0 euid=0 tty=ssh ruser= rhost=43.255.190.124  user=root
Apr 11 22:48:34 ovzhost sshd[961]: pam_unix(sshd:auth): authentication failure; logname= uid=0 euid=0 tty=ssh ruser= rhost=43.255.190.124  user=root
Apr 11 22:48:34 ovzhost sshd[959]: message repeated 2 times: [ Failed password for root from 43.255.190.122 port 49025 ssh2]
Apr 11 22:48:34 ovzhost sshd[959]: Received disconnect from 43.255.190.122: 11:  [preauth]
Apr 11 22:48:34 ovzhost sshd[959]: PAM 2 more authentication failures; logname= uid=0 euid=0 tty=ssh ruser= rhost=43.255.190.122  user=root
Apr 11 22:48:35 ovzhost sshd[963]: pam_unix(sshd:auth): authentication failure; logname= uid=0 euid=0 tty=ssh ruser= rhost=43.255.190.122  user=root
Apr 11 22:48:36 ovzhost sshd[961]: Failed password for root from 43.255.190.124 port 53930 ssh2
Apr 11 22:48:37 ovzhost sshd[963]: Failed password for root from 43.255.190.122 port 36451 ssh2
Apr 11 22:48:41 ovzhost sshd[961]: message repeated 2 times: [ Failed password for root from 43.255.190.124 port 53930 ssh2]
Apr 11 22:48:41 ovzhost sshd[961]: Received disconnect from 43.255.190.124: 11:  [preauth]
Apr 11 22:48:41 ovzhost sshd[961]: PAM 2 more authentication failures; logname= uid=0 euid=0 tty=ssh ruser= rhost=43.255.190.124  user=root
Apr 11 22:48:41 ovzhost sshd[967]: pam_unix(sshd:auth): authentication failure; logname= uid=0 euid=0 tty=ssh ruser= rhost=43.255.190.124  user=root
Apr 11 22:48:41 ovzhost sshd[963]: message repeated 2 times: [ Failed password for root from 43.255.190.122 port 36451 ssh2]
Apr 11 22:48:41 ovzhost sshd[963]: Received disconnect from 43.255.190.122: 11:  [preauth]
Apr 11 22:48:41 ovzhost sshd[963]: PAM 2 more authentication failures; logname= uid=0 euid=0 tty=ssh ruser= rhost=43.255.190.122  user=root
Apr 11 22:48:42 ovzhost sshd[969]: pam_unix(sshd:auth): authentication failure; logname= uid=0 euid=0 tty=ssh ruser= rhost=43.255.190.122  user=root
Apr 11 22:48:44 ovzhost sshd[967]: Failed password for root from 43.255.190.124 port 42741 ssh2
Apr 11 22:48:44 ovzhost sshd[969]: Failed password for root from 43.255.190.122 port 52007 ssh2
Apr 11 22:48:48 ovzhost sshd[967]: message repeated 2 times: [ Failed password for root from 43.255.190.124 port 42741 ssh2]
Apr 11 22:48:48 ovzhost sshd[967]: Received disconnect from 43.255.190.124: 11:  [preauth]
Apr 11 22:48:48 ovzhost sshd[967]: PAM 2 more authentication failures; logname= uid=0 euid=0 tty=ssh ruser= rhost=43.255.190.124  user=root
Apr 11 22:48:48 ovzhost sshd[973]: pam_unix(sshd:auth): authentication failure; logname= uid=0 euid=0 tty=ssh ruser= rhost=43.255.190.124  user=root
Apr 11 22:48:48 ovzhost sshd[969]: message repeated 2 times: [ Failed password for root from 43.255.190.122 port 52007 ssh2]
Apr 11 22:48:48 ovzhost sshd[969]: Received disconnect from 43.255.190.122: 11:  [preauth]
Apr 11 22:48:48 ovzhost sshd[969]: PAM 2 more authentication failures; logname= uid=0 euid=0 tty=ssh ruser= rhost=43.255.190.122  user=root
Apr 11 22:48:49 ovzhost sshd[975]: pam_unix(sshd:auth): authentication failure; logname= uid=0 euid=0 tty=ssh ruser= rhost=43.255.190.122  user=root
Apr 11 22:48:50 ovzhost sshd[973]: Failed password for root from 43.255.190.124 port 59254 ssh2
Apr 11 22:48:51 ovzhost sshd[975]: Failed password for root from 43.255.190.122 port 39247 ssh2
Apr 11 22:48:54 ovzhost sshd[973]: message repeated 2 times: [ Failed password for root from 43.255.190.124 port 59254 ssh2]
Apr 11 22:48:54 ovzhost sshd[973]: Received disconnect from 43.255.190.124: 11:  [preauth]
Apr 11 22:48:54 ovzhost sshd[973]: PAM 2 more authentication failures; logname= uid=0 euid=0 tty=ssh ruser= rhost=43.255.190.124  user=root
Apr 11 22:48:55 ovzhost sshd[977]: pam_unix(sshd:auth): authentication failure; logname= uid=0 euid=0 tty=ssh ruser= rhost=43.255.190.124  user=root
Apr 11 22:48:55 ovzhost sshd[975]: message repeated 2 times: [ Failed password for root from 43.255.190.122 port 39247 ssh2]
Apr 11 22:48:55 ovzhost sshd[975]: Received disconnect from 43.255.190.122: 11:  [preauth]
Apr 11 22:48:55 ovzhost sshd[975]: PAM 2 more authentication failures; logname= uid=0 euid=0 tty=ssh ruser= rhost=43.255.190.122  user=root
Apr 11 22:48:56 ovzhost sshd[979]: pam_unix(sshd:auth): authentication failure; logname= uid=0 euid=0 tty=ssh ruser= rhost=43.255.190.122  user=root
Apr 11 22:48:57 ovzhost sshd[977]: Failed password for root from 43.255.190.124 port 46785 ssh2
Apr 11 22:48:58 ovzhost sshd[979]: Failed password for root from 43.255.190.122 port 54779 ssh2
Apr 11 22:49:02 ovzhost sshd[977]: message repeated 2 times: [ Failed password for root from 43.255.190.124 port 46785 ssh2]
Apr 11 22:49:02 ovzhost sshd[977]: Received disconnect from 43.255.190.124: 11:  [preauth]
Apr 11 22:49:02 ovzhost sshd[977]: PAM 2 more authentication failures; logname= uid=0 euid=0 tty=ssh ruser= rhost=43.255.190.124  user=root
Apr 11 22:49:02 ovzhost sshd[981]: pam_unix(sshd:auth): authentication failure; logname= uid=0 euid=0 tty=ssh ruser= rhost=43.255.190.124  user=root
Apr 11 22:49:02 ovzhost sshd[979]: message repeated 2 times: [ Failed password for root from 43.255.190.122 port 54779 ssh2]
Apr 11 22:49:03 ovzhost sshd[979]: Received disconnect from 43.255.190.122: 11:  [preauth]
Apr 11 22:49:03 ovzhost sshd[979]: PAM 2 more authentication failures; logname= uid=0 euid=0 tty=ssh ruser= rhost=43.255.190.122  user=root
Apr 11 22:49:03 ovzhost sshd[983]: pam_unix(sshd:auth): authentication failure; logname= uid=0 euid=0 tty=ssh ruser= rhost=43.255.190.122  user=root
Apr 11 22:49:04 ovzhost sshd[981]: Failed password for root from 43.255.190.124 port 34948 ssh2
Apr 11 22:49:05 ovzhost sshd[983]: Failed password for root from 43.255.190.122 port 42861 ssh2
Apr 11 22:49:08 ovzhost sshd[981]: message repeated 2 times: [ Failed password for root from 43.255.190.124 port 34948 ssh2]
Apr 11 22:49:08 ovzhost sshd[981]: Received disconnect from 43.255.190.124: 11:  [preauth]
Apr 11 22:49:08 ovzhost sshd[981]: PAM 2 more authentication failures; logname= uid=0 euid=0 tty=ssh ruser= rhost=43.255.190.124  user=root
Apr 11 22:49:09 ovzhost sshd[985]: pam_unix(sshd:auth): authentication failure; logname= uid=0 euid=0 tty=ssh ruser= rhost=43.255.190.124  user=root
Apr 11 22:49:10 ovzhost sshd[983]: message repeated 2 times: [ Failed password for root from 43.255.190.122 port 42861 ssh2]
Apr 11 22:49:10 ovzhost sshd[983]: Received disconnect from 43.255.190.122: 11:  [preauth]
Apr 11 22:49:10 ovzhost sshd[983]: PAM 2 more authentication failures; logname= uid=0 euid=0 tty=ssh ruser= rhost=43.255.190.122  user=root
Apr 11 22:49:10 ovzhost sshd[987]: pam_unix(sshd:auth): authentication failure; logname= uid=0 euid=0 tty=ssh ruser= rhost=43.255.190.122  user=root
Apr 11 22:49:11 ovzhost sshd[985]: Failed password for root from 43.255.190.124 port 50184 ssh2
Apr 11 22:49:12 ovzhost sshd[987]: Failed password for root from 43.255.190.122 port 58607 ssh2
Apr 11 22:49:16 ovzhost sshd[985]: message repeated 2 times: [ Failed password for root from 43.255.190.124 port 50184 ssh2]
Apr 11 22:49:16 ovzhost sshd[985]: Received disconnect from 43.255.190.124: 11:  [preauth]
Apr 11 22:49:16 ovzhost sshd[985]: PAM 2 more authentication failures; logname= uid=0 euid=0 tty=ssh ruser= rhost=43.255.190.124  user=root
Apr 11 22:49:16 ovzhost sshd[992]: pam_unix(sshd:auth): authentication failure; logname= uid=0 euid=0 tty=ssh ruser= rhost=43.255.190.124  user=root
Apr 11 22:49:16 ovzhost sshd[987]: message repeated 2 times: [ Failed password for root from 43.255.190.122 port 58607 ssh2]
Apr 11 22:49:17 ovzhost sshd[987]: Received disconnect from 43.255.190.122: 11:  [preauth]
Apr 11 22:49:17 ovzhost sshd[987]: PAM 2 more authentication failures; logname= uid=0 euid=0 tty=ssh ruser= rhost=43.255.190.122  user=root
Apr 11 22:49:17 ovzhost sshd[994]: pam_unix(sshd:auth): authentication failure; logname= uid=0 euid=0 tty=ssh ruser= rhost=43.255.190.122  user=root
Apr 11 22:49:19 ovzhost sshd[992]: Failed password for root from 43.255.190.124 port 38576 ssh2
Apr 11 22:49:20 ovzhost sshd[994]: Failed password for root from 43.255.190.122 port 46163 ssh2
Apr 11 22:49:23 ovzhost sshd[992]: message repeated 2 times: [ Failed password for root from 43.255.190.124 port 38576 ssh2]
Apr 11 22:49:24 ovzhost sshd[992]: Received disconnect from 43.255.190.124: 11:  [preauth]
Apr 11 22:49:24 ovzhost sshd[992]: PAM 2 more authentication failures; logname= uid=0 euid=0 tty=ssh ruser= rhost=43.255.190.124  user=root
Apr 11 22:49:24 ovzhost sshd[994]: message repeated 2 times: [ Failed password for root from 43.255.190.122 port 46163 ssh2]
Apr 11 22:49:24 ovzhost sshd[994]: Received disconnect from 43.255.190.122: 11:  [preauth]
Apr 11 22:49:24 ovzhost sshd[994]: PAM 2 more authentication failures; logname= uid=0 euid=0 tty=ssh ruser= rhost=43.255.190.122  user=root
Apr 11 22:49:24 ovzhost sshd[996]: pam_unix(sshd:auth): authentication failure; logname= uid=0 euid=0 tty=ssh ruser= rhost=43.255.190.124  user=root
Apr 11 22:49:24 ovzhost sshd[998]: pam_unix(sshd:auth): authentication failure; logname= uid=0 euid=0 tty=ssh ruser= rhost=43.255.190.122  user=root
Apr 11 22:49:26 ovzhost sshd[996]: Failed password for root from 43.255.190.124 port 55466 ssh2
Apr 11 22:49:26 ovzhost sshd[998]: Failed password for root from 43.255.190.122 port 33434 ssh2
Apr 11 22:49:30 ovzhost sshd[996]: message repeated 2 times: [ Failed password for root from 43.255.190.124 port 55466 ssh2]
Apr 11 22:49:30 ovzhost sshd[996]: Received disconnect from 43.255.190.124: 11:  [preauth]
Apr 11 22:49:30 ovzhost sshd[996]: PAM 2 more authentication failures; logname= uid=0 euid=0 tty=ssh ruser= rhost=43.255.190.124  user=root
Apr 11 22:49:31 ovzhost sshd[998]: message repeated 2 times: [ Failed password for root from 43.255.190.122 port 33434 ssh2]
Apr 11 22:49:31 ovzhost sshd[998]: Received disconnect from 43.255.190.122: 11:  [preauth]
Apr 11 22:49:31 ovzhost sshd[998]: PAM 2 more authentication failures; logname= uid=0 euid=0 tty=ssh ruser= rhost=43.255.190.122  user=root
Apr 11 22:49:31 ovzhost sshd[1000]: pam_unix(sshd:auth): authentication failure; logname= uid=0 euid=0 tty=ssh ruser= rhost=43.255.190.124  user=root
Apr 11 22:49:31 ovzhost sshd[1002]: pam_unix(sshd:auth): authentication failure; logname= uid=0 euid=0 tty=ssh ruser= rhost=43.255.190.122  user=root
Apr 11 22:49:33 ovzhost sshd[1000]: Failed password for root from 43.255.190.124 port 43017 ssh2
Apr 11 22:49:34 ovzhost sshd[1002]: Failed password for root from 43.255.190.122 port 50503 ssh2
Apr 11 22:49:38 ovzhost sshd[1000]: message repeated 2 times: [ Failed password for root from 43.255.190.124 port 43017 ssh2]
Apr 11 22:49:38 ovzhost sshd[1000]: Received disconnect from 43.255.190.124: 11:  [preauth]
Apr 11 22:49:38 ovzhost sshd[1000]: PAM 2 more authentication failures; logname= uid=0 euid=0 tty=ssh ruser= rhost=43.255.190.124  user=root
Apr 11 22:49:38 ovzhost sshd[1002]: message repeated 2 times: [ Failed password for root from 43.255.190.122 port 50503 ssh2]
Apr 11 22:49:38 ovzhost sshd[1002]: Received disconnect from 43.255.190.122: 11:  [preauth]
Apr 11 22:49:38 ovzhost sshd[1002]: PAM 2 more authentication failures; logname= uid=0 euid=0 tty=ssh ruser= rhost=43.255.190.122  user=root
Apr 11 22:49:39 ovzhost sshd[1004]: pam_unix(sshd:auth): authentication failure; logname= uid=0 euid=0 tty=ssh ruser= rhost=43.255.190.124  user=root
Apr 11 22:49:39 ovzhost sshd[1006]: pam_unix(sshd:auth): authentication failure; logname= uid=0 euid=0 tty=ssh ruser= rhost=43.255.190.122  user=root
Apr 11 22:49:40 ovzhost sshd[1004]: Failed password for root from 43.255.190.124 port 59555 ssh2
Apr 11 22:49:41 ovzhost sshd[1006]: Failed password for root from 43.255.190.122 port 38162 ssh2
Apr 11 22:49:44 ovzhost sshd[1004]: message repeated 2 times: [ Failed password for root from 43.255.190.124 port 59555 ssh2]
Apr 11 22:49:44 ovzhost sshd[1004]: Received disconnect from 43.255.190.124: 11:  [preauth]
Apr 11 22:49:44 ovzhost sshd[1004]: PAM 2 more authentication failures; logname= uid=0 euid=0 tty=ssh ruser= rhost=43.255.190.124  user=root
Apr 11 22:49:45 ovzhost sshd[1006]: message repeated 2 times: [ Failed password for root from 43.255.190.122 port 38162 ssh2]
Apr 11 22:49:45 ovzhost sshd[1006]: Received disconnect from 43.255.190.122: 11:  [preauth]
Apr 11 22:49:45 ovzhost sshd[1006]: PAM 2 more authentication failures; logname= uid=0 euid=0 tty=ssh ruser= rhost=43.255.190.122  user=root
Apr 11 22:49:45 ovzhost sshd[1009]: pam_unix(sshd:auth): authentication failure; logname= uid=0 euid=0 tty=ssh ruser= rhost=43.255.190.124  user=root
Apr 11 22:49:46 ovzhost sshd[1011]: pam_unix(sshd:auth): authentication failure; logname= uid=0 euid=0 tty=ssh ruser= rhost=43.255.190.122  user=root
Apr 11 22:49:47 ovzhost sshd[1009]: Failed password for root from 43.255.190.124 port 46366 ssh2
Apr 11 22:49:48 ovzhost sshd[1011]: Failed password for root from 43.255.190.122 port 53577 ssh2
Apr 11 22:49:51 ovzhost sshd[1011]: message repeated 2 times: [ Failed password for root from 43.255.190.122 port 53577 ssh2]
Apr 11 22:49:51 ovzhost sshd[1011]: Received disconnect from 43.255.190.122: 11:  [preauth]
Apr 11 22:49:51 ovzhost sshd[1011]: PAM 2 more authentication failures; logname= uid=0 euid=0 tty=ssh ruser= rhost=43.255.190.122  user=root
Apr 11 22:49:51 ovzhost sshd[1009]: message repeated 2 times: [ Failed password for root from 43.255.190.124 port 46366 ssh2]
Apr 11 22:49:51 ovzhost sshd[1009]: Received disconnect from 43.255.190.124: 11:  [preauth]
Apr 11 22:49:51 ovzhost sshd[1009]: PAM 2 more authentication failures; logname= uid=0 euid=0 tty=ssh ruser= rhost=43.255.190.124  user=root
Apr 11 22:49:52 ovzhost sshd[1013]: pam_unix(sshd:auth): authentication failure; logname= uid=0 euid=0 tty=ssh ruser= rhost=43.255.190.122  user=root
Apr 11 22:49:52 ovzhost sshd[1015]: pam_unix(sshd:auth): authentication failure; logname= uid=0 euid=0 tty=ssh ruser= rhost=43.255.190.124  user=root
Apr 11 22:49:54 ovzhost sshd[1013]: Failed password for root from 43.255.190.122 port 39353 ssh2
Apr 11 22:49:54 ovzhost sshd[1015]: Failed password for root from 43.255.190.124 port 33717 ssh2
Apr 11 22:49:58 ovzhost sshd[1013]: message repeated 2 times: [ Failed password for root from 43.255.190.122 port 39353 ssh2]
Apr 11 22:49:58 ovzhost sshd[1013]: Received disconnect from 43.255.190.122: 11:  [preauth]
Apr 11 22:49:58 ovzhost sshd[1013]: PAM 2 more authentication failures; logname= uid=0 euid=0 tty=ssh ruser= rhost=43.255.190.122  user=root
Apr 11 22:49:59 ovzhost sshd[1015]: message repeated 2 times: [ Failed password for root from 43.255.190.124 port 33717 ssh2]
Apr 11 22:49:59 ovzhost sshd[1015]: Received disconnect from 43.255.190.124: 11:  [preauth]
Apr 11 22:49:59 ovzhost sshd[1015]: PAM 2 more authentication failures; logname= uid=0 euid=0 tty=ssh ruser= rhost=43.255.190.124  user=root
Apr 11 22:49:59 ovzhost sshd[1019]: pam_unix(sshd:auth): authentication failure; logname= uid=0 euid=0 tty=ssh ruser= rhost=43.255.190.122  user=root
Apr 11 22:49:59 ovzhost sshd[1021]: pam_unix(sshd:auth): authentication failure; logname= uid=0 euid=0 tty=ssh ruser= rhost=43.255.190.124  user=root
Apr 11 22:50:02 ovzhost sshd[1019]: Failed password for root from 43.255.190.122 port 55443 ssh2
Apr 11 22:50:02 ovzhost sshd[1021]: Failed password for root from 43.255.190.124 port 49511 ssh2
Apr 11 22:50:05 ovzhost sshd[1019]: message repeated 2 times: [ Failed password for root from 43.255.190.122 port 55443 ssh2]
Apr 11 22:50:05 ovzhost sshd[1019]: Received disconnect from 43.255.190.122: 11:  [preauth]
Apr 11 22:50:05 ovzhost sshd[1019]: PAM 2 more authentication failures; logname= uid=0 euid=0 tty=ssh ruser= rhost=43.255.190.122  user=root
Apr 11 22:50:05 ovzhost sshd[1021]: message repeated 2 times: [ Failed password for root from 43.255.190.124 port 49511 ssh2]
Apr 11 22:50:05 ovzhost sshd[1021]: Received disconnect from 43.255.190.124: 11:  [preauth]
Apr 11 22:50:05 ovzhost sshd[1021]: PAM 2 more authentication failures; logname= uid=0 euid=0 tty=ssh ruser= rhost=43.255.190.124  user=root
Apr 11 22:50:05 ovzhost sshd[1023]: pam_unix(sshd:auth): authentication failure; logname= uid=0 euid=0 tty=ssh ruser= rhost=43.255.190.122  user=root
Apr 11 22:50:06 ovzhost sshd[1025]: pam_unix(sshd:auth): authentication failure; logname= uid=0 euid=0 tty=ssh ruser= rhost=43.255.190.124  user=root
Apr 11 22:50:08 ovzhost sshd[1023]: Failed password for root from 43.255.190.122 port 42122 ssh2
Apr 11 22:50:09 ovzhost sshd[1025]: Failed password for root from 43.255.190.124 port 35949 ssh2
Apr 11 22:50:13 ovzhost sshd[1023]: message repeated 2 times: [ Failed password for root from 43.255.190.122 port 42122 ssh2]
Apr 11 22:50:13 ovzhost sshd[1023]: Received disconnect from 43.255.190.122: 11:  [preauth]
Apr 11 22:50:13 ovzhost sshd[1023]: PAM 2 more authentication failures; logname= uid=0 euid=0 tty=ssh ruser= rhost=43.255.190.122  user=root
Apr 11 22:50:13 ovzhost sshd[1028]: pam_unix(sshd:auth): authentication failure; logname= uid=0 euid=0 tty=ssh ruser= rhost=43.255.190.122  user=root
Apr 11 22:50:13 ovzhost sshd[1025]: message repeated 2 times: [ Failed password for root from 43.255.190.124 port 35949 ssh2]
Apr 11 22:50:13 ovzhost sshd[1025]: Received disconnect from 43.255.190.124: 11:  [preauth]
Apr 11 22:50:13 ovzhost sshd[1025]: PAM 2 more authentication failures; logname= uid=0 euid=0 tty=ssh ruser= rhost=43.255.190.124  user=root
Apr 11 22:50:14 ovzhost sshd[1030]: pam_unix(sshd:auth): authentication failure; logname= uid=0 euid=0 tty=ssh ruser= rhost=43.255.190.124  user=root
Apr 11 22:50:15 ovzhost sshd[1028]: Failed password for root from 43.255.190.122 port 58814 ssh2
Apr 11 22:50:16 ovzhost sshd[1030]: Failed password for root from 43.255.190.124 port 53068 ssh2
Apr 11 22:50:19 ovzhost sshd[1028]: message repeated 2 times: [ Failed password for root from 43.255.190.122 port 58814 ssh2]
Apr 11 22:50:19 ovzhost sshd[1028]: Received disconnect from 43.255.190.122: 11:  [preauth]
Apr 11 22:50:19 ovzhost sshd[1028]: PAM 2 more authentication failures; logname= uid=0 euid=0 tty=ssh ruser= rhost=43.255.190.122  user=root
Apr 11 22:50:20 ovzhost sshd[1030]: message repeated 2 times: [ Failed password for root from 43.255.190.124 port 53068 ssh2]
Apr 11 22:50:20 ovzhost sshd[1030]: Received disconnect from 43.255.190.124: 11:  [preauth]
Apr 11 22:50:20 ovzhost sshd[1030]: PAM 2 more authentication failures; logname= uid=0 euid=0 tty=ssh ruser= rhost=43.255.190.124  user=root
Apr 11 22:50:20 ovzhost sshd[1032]: pam_unix(sshd:auth): authentication failure; logname= uid=0 euid=0 tty=ssh ruser= rhost=43.255.190.122  user=root
Apr 11 22:50:20 ovzhost sshd[1034]: pam_unix(sshd:auth): authentication failure; logname= uid=0 euid=0 tty=ssh ruser= rhost=43.255.190.124  user=root
Apr 11 22:50:22 ovzhost sshd[1032]: Failed password for root from 43.255.190.122 port 45756 ssh2
Apr 11 22:50:23 ovzhost sshd[1034]: Failed password for root from 43.255.190.124 port 40027 ssh2
Apr 11 22:50:26 ovzhost sshd[1032]: message repeated 2 times: [ Failed password for root from 43.255.190.122 port 45756 ssh2]
Apr 11 22:50:26 ovzhost sshd[1032]: Received disconnect from 43.255.190.122: 11:  [preauth]
Apr 11 22:50:26 ovzhost sshd[1032]: PAM 2 more authentication failures; logname= uid=0 euid=0 tty=ssh ruser= rhost=43.255.190.122  user=root
Apr 11 22:50:27 ovzhost sshd[1034]: message repeated 2 times: [ Failed password for root from 43.255.190.124 port 40027 ssh2]
Apr 11 22:50:27 ovzhost sshd[1034]: Received disconnect from 43.255.190.124: 11:  [preauth]
Apr 11 22:50:27 ovzhost sshd[1034]: PAM 2 more authentication failures; logname= uid=0 euid=0 tty=ssh ruser= rhost=43.255.190.124  user=root
Apr 11 22:50:27 ovzhost sshd[1036]: pam_unix(sshd:auth): authentication failure; logname= uid=0 euid=0 tty=ssh ruser= rhost=43.255.190.122  user=root
Apr 11 22:50:27 ovzhost sshd[1038]: pam_unix(sshd:auth): authentication failure; logname= uid=0 euid=0 tty=ssh ruser= rhost=43.255.190.124  user=root
Apr 11 22:50:29 ovzhost sshd[1036]: Failed password for root from 43.255.190.122 port 33483 ssh2
Apr 11 22:50:29 ovzhost sshd[1038]: Failed password for root from 43.255.190.124 port 55492 ssh2
Apr 11 22:50:34 ovzhost sshd[1036]: message repeated 2 times: [ Failed password for root from 43.255.190.122 port 33483 ssh2]
Apr 11 22:50:34 ovzhost sshd[1036]: Received disconnect from 43.255.190.122: 11:  [preauth]
Apr 11 22:50:34 ovzhost sshd[1036]: PAM 2 more authentication failures; logname= uid=0 euid=0 tty=ssh ruser= rhost=43.255.190.122  user=root
Apr 11 22:50:34 ovzhost sshd[1038]: message repeated 2 times: [ Failed password for root from 43.255.190.124 port 55492 ssh2]
Apr 11 22:50:34 ovzhost sshd[1038]: Received disconnect from 43.255.190.124: 11:  [preauth]
Apr 11 22:50:34 ovzhost sshd[1038]: PAM 2 more authentication failures; logname= uid=0 euid=0 tty=ssh ruser= rhost=43.255.190.124  user=root
Apr 11 22:50:35 ovzhost sshd[1040]: pam_unix(sshd:auth): authentication failure; logname= uid=0 euid=0 tty=ssh ruser= rhost=43.255.190.122  user=root
Apr 11 22:50:35 ovzhost sshd[1042]: pam_unix(sshd:auth): authentication failure; logname= uid=0 euid=0 tty=ssh ruser= rhost=43.255.190.124  user=root
Apr 11 22:50:37 ovzhost sshd[1040]: Failed password for root from 43.255.190.122 port 49563 ssh2
Apr 11 22:50:37 ovzhost sshd[1042]: Failed password for root from 43.255.190.124 port 43717 ssh2
Apr 11 22:50:40 ovzhost sshd[1040]: message repeated 2 times: [ Failed password for root from 43.255.190.122 port 49563 ssh2]
Apr 11 22:50:40 ovzhost sshd[1040]: Received disconnect from 43.255.190.122: 11:  [preauth]
Apr 11 22:50:40 ovzhost sshd[1040]: PAM 2 more authentication failures; logname= uid=0 euid=0 tty=ssh ruser= rhost=43.255.190.122  user=root
Apr 11 22:50:40 ovzhost sshd[1042]: message repeated 2 times: [ Failed password for root from 43.255.190.124 port 43717 ssh2]
Apr 11 22:50:40 ovzhost sshd[1042]: Received disconnect from 43.255.190.124: 11:  [preauth]
Apr 11 22:50:40 ovzhost sshd[1042]: PAM 2 more authentication failures; logname= uid=0 euid=0 tty=ssh ruser= rhost=43.255.190.124  user=root
