Apr 12 18:05:09 ovzhost sshd[1292]: message repeated 2 times: [ Failed password for root from 43.255.190.189 port 54606 ssh2]
Apr 12 18:05:09 ovzhost sshd[1292]: Received disconnect from 43.255.190.189: 11:  [preauth]
Apr 12 18:05:09 ovzhost sshd[1292]: PAM 2 more authentication failures; logname= uid=0 euid=0 tty=ssh ruser= rhost=43.255.190.189  user=root
Apr 12 18:05:09 ovzhost sshd[1294]: message repeated 2 times: [ Failed password for root from 43.255.190.174 port 57974 ssh2]
Apr 12 18:05:09 ovzhost sshd[1294]: Received disconnect from 43.255.190.174: 11:  [preauth]
Apr 12 18:05:09 ovzhost sshd[1294]: PAM 2 more authentication failures; logname= uid=0 euid=0 tty=ssh ruser= rhost=43.255.190.174  user=root
Apr 12 18:05:09 ovzhost sshd[1295]: message repeated 2 times: [ Failed password for root from 43.255.190.174 port 57999 ssh2]
Apr 12 18:05:09 ovzhost sshd[1295]: Received disconnect from 43.255.190.174: 11:  [preauth]
Apr 12 18:05:09 ovzhost sshd[1295]: PAM 2 more authentication failures; logname= uid=0 euid=0 tty=ssh ruser= rhost=43.255.190.174  user=root
Apr 12 18:05:09 ovzhost sshd[1298]: pam_unix(sshd:auth): authentication failure; logname= uid=0 euid=0 tty=ssh ruser= rhost=43.255.190.189  user=root
Apr 12 18:05:10 ovzhost sshd[1301]: pam_unix(sshd:auth): authentication failure; logname= uid=0 euid=0 tty=ssh ruser= rhost=43.255.190.174  user=root
Apr 12 18:05:10 ovzhost sshd[1300]: pam_unix(sshd:auth): authentication failure; logname= uid=0 euid=0 tty=ssh ruser= rhost=43.255.190.174  user=root
Apr 12 18:05:11 ovzhost sshd[1298]: Failed password for root from 43.255.190.189 port 39275 ssh2
Apr 12 18:05:12 ovzhost sshd[1301]: Failed password for root from 43.255.190.174 port 41976 ssh2
Apr 12 18:05:12 ovzhost sshd[1300]: Failed password for root from 43.255.190.174 port 41971 ssh2
Apr 12 18:05:15 ovzhost sshd[1298]: message repeated 2 times: [ Failed password for root from 43.255.190.189 port 39275 ssh2]
Apr 12 18:05:15 ovzhost sshd[1298]: Received disconnect from 43.255.190.189: 11:  [preauth]
Apr 12 18:05:15 ovzhost sshd[1298]: PAM 2 more authentication failures; logname= uid=0 euid=0 tty=ssh ruser= rhost=43.255.190.189  user=root
Apr 12 18:05:16 ovzhost sshd[1304]: pam_unix(sshd:auth): authentication failure; logname= uid=0 euid=0 tty=ssh ruser= rhost=43.255.190.189  user=root
Apr 12 18:05:16 ovzhost sshd[1301]: message repeated 2 times: [ Failed password for root from 43.255.190.174 port 41976 ssh2]
Apr 12 18:05:16 ovzhost sshd[1301]: Received disconnect from 43.255.190.174: 11:  [preauth]
Apr 12 18:05:16 ovzhost sshd[1301]: PAM 2 more authentication failures; logname= uid=0 euid=0 tty=ssh ruser= rhost=43.255.190.174  user=root
Apr 12 18:05:16 ovzhost sshd[1300]: message repeated 2 times: [ Failed password for root from 43.255.190.174 port 41971 ssh2]
Apr 12 18:05:16 ovzhost sshd[1300]: Received disconnect from 43.255.190.174: 11:  [preauth]
Apr 12 18:05:16 ovzhost sshd[1300]: PAM 2 more authentication failures; logname= uid=0 euid=0 tty=ssh ruser= rhost=43.255.190.174  user=root
Apr 12 18:05:16 ovzhost sshd[1307]: pam_unix(sshd:auth): authentication failure; logname= uid=0 euid=0 tty=ssh ruser= rhost=43.255.190.174  user=root
Apr 12 18:05:16 ovzhost sshd[1306]: pam_unix(sshd:auth): authentication failure; logname= uid=0 euid=0 tty=ssh ruser= rhost=43.255.190.174  user=root
Apr 12 18:05:18 ovzhost sshd[1304]: Failed password for root from 43.255.190.189 port 52088 ssh2
Apr 12 18:05:18 ovzhost sshd[1307]: Failed password for root from 43.255.190.174 port 55629 ssh2
Apr 12 18:05:18 ovzhost sshd[1306]: Failed password for root from 43.255.190.174 port 55615 ssh2
Apr 12 18:05:22 ovzhost sshd[1304]: message repeated 2 times: [ Failed password for root from 43.255.190.189 port 52088 ssh2]
Apr 12 18:05:22 ovzhost sshd[1304]: Received disconnect from 43.255.190.189: 11:  [preauth]
Apr 12 18:05:22 ovzhost sshd[1304]: PAM 2 more authentication failures; logname= uid=0 euid=0 tty=ssh ruser= rhost=43.255.190.189  user=root
Apr 12 18:05:23 ovzhost sshd[1307]: message repeated 2 times: [ Failed password for root from 43.255.190.174 port 55629 ssh2]
Apr 12 18:05:23 ovzhost sshd[1307]: Received disconnect from 43.255.190.174: 11:  [preauth]
Apr 12 18:05:23 ovzhost sshd[1307]: PAM 2 more authentication failures; logname= uid=0 euid=0 tty=ssh ruser= rhost=43.255.190.174  user=root
Apr 12 18:05:23 ovzhost sshd[1306]: message repeated 2 times: [ Failed password for root from 43.255.190.174 port 55615 ssh2]
Apr 12 18:05:23 ovzhost sshd[1306]: Received disconnect from 43.255.190.174: 11:  [preauth]
Apr 12 18:05:23 ovzhost sshd[1306]: PAM 2 more authentication failures; logname= uid=0 euid=0 tty=ssh ruser= rhost=43.255.190.174  user=root
Apr 12 18:05:23 ovzhost sshd[1310]: pam_unix(sshd:auth): authentication failure; logname= uid=0 euid=0 tty=ssh ruser= rhost=43.255.190.189  user=root
Apr 12 18:05:23 ovzhost sshd[1313]: pam_unix(sshd:auth): authentication failure; logname= uid=0 euid=0 tty=ssh ruser= rhost=43.255.190.174  user=root
Apr 12 18:05:23 ovzhost sshd[1312]: pam_unix(sshd:auth): authentication failure; logname= uid=0 euid=0 tty=ssh ruser= rhost=43.255.190.174  user=root
Apr 12 18:05:25 ovzhost sshd[1310]: Failed password for root from 43.255.190.189 port 37007 ssh2
Apr 12 18:05:25 ovzhost sshd[1313]: Failed password for root from 43.255.190.174 port 39820 ssh2
Apr 12 18:05:25 ovzhost sshd[1312]: Failed password for root from 43.255.190.174 port 39819 ssh2
Apr 12 18:05:29 ovzhost sshd[1313]: message repeated 2 times: [ Failed password for root from 43.255.190.174 port 39820 ssh2]
Apr 12 18:05:29 ovzhost sshd[1313]: Received disconnect from 43.255.190.174: 11:  [preauth]
Apr 12 18:05:29 ovzhost sshd[1313]: PAM 2 more authentication failures; logname= uid=0 euid=0 tty=ssh ruser= rhost=43.255.190.174  user=root
Apr 12 18:05:29 ovzhost sshd[1312]: message repeated 2 times: [ Failed password for root from 43.255.190.174 port 39819 ssh2]
Apr 12 18:05:29 ovzhost sshd[1312]: Received disconnect from 43.255.190.174: 11:  [preauth]
Apr 12 18:05:29 ovzhost sshd[1312]: PAM 2 more authentication failures; logname= uid=0 euid=0 tty=ssh ruser= rhost=43.255.190.174  user=root
Apr 12 18:05:29 ovzhost sshd[1310]: message repeated 2 times: [ Failed password for root from 43.255.190.189 port 37007 ssh2]
Apr 12 18:05:29 ovzhost sshd[1310]: Received disconnect from 43.255.190.189: 11:  [preauth]
Apr 12 18:05:29 ovzhost sshd[1310]: PAM 2 more authentication failures; logname= uid=0 euid=0 tty=ssh ruser= rhost=43.255.190.189  user=root
Apr 12 18:05:30 ovzhost sshd[1316]: pam_unix(sshd:auth): authentication failure; logname= uid=0 euid=0 tty=ssh ruser= rhost=43.255.190.174  user=root
Apr 12 18:05:30 ovzhost sshd[1317]: pam_unix(sshd:auth): authentication failure; logname= uid=0 euid=0 tty=ssh ruser= rhost=43.255.190.174  user=root
Apr 12 18:05:30 ovzhost sshd[1320]: pam_unix(sshd:auth): authentication failure; logname= uid=0 euid=0 tty=ssh ruser= rhost=43.255.190.189  user=root
Apr 12 18:05:32 ovzhost sshd[1316]: Failed password for root from 43.255.190.174 port 52172 ssh2
Apr 12 18:05:32 ovzhost sshd[1317]: Failed password for root from 43.255.190.174 port 52176 ssh2
Apr 12 18:05:32 ovzhost sshd[1320]: Failed password for root from 43.255.190.189 port 50874 ssh2
Apr 12 18:05:36 ovzhost sshd[1316]: message repeated 2 times: [ Failed password for root from 43.255.190.174 port 52172 ssh2]
Apr 12 18:05:36 ovzhost sshd[1316]: Received disconnect from 43.255.190.174: 11:  [preauth]
Apr 12 18:05:36 ovzhost sshd[1316]: PAM 2 more authentication failures; logname= uid=0 euid=0 tty=ssh ruser= rhost=43.255.190.174  user=root
Apr 12 18:05:36 ovzhost sshd[1317]: message repeated 2 times: [ Failed password for root from 43.255.190.174 port 52176 ssh2]
Apr 12 18:05:36 ovzhost sshd[1317]: Received disconnect from 43.255.190.174: 11:  [preauth]
Apr 12 18:05:36 ovzhost sshd[1317]: PAM 2 more authentication failures; logname= uid=0 euid=0 tty=ssh ruser= rhost=43.255.190.174  user=root
Apr 12 18:05:36 ovzhost sshd[1320]: message repeated 2 times: [ Failed password for root from 43.255.190.189 port 50874 ssh2]
Apr 12 18:05:36 ovzhost sshd[1320]: Received disconnect from 43.255.190.189: 11:  [preauth]
Apr 12 18:05:36 ovzhost sshd[1320]: PAM 2 more authentication failures; logname= uid=0 euid=0 tty=ssh ruser= rhost=43.255.190.189  user=root
Apr 12 18:05:36 ovzhost sshd[1322]: pam_unix(sshd:auth): authentication failure; logname= uid=0 euid=0 tty=ssh ruser= rhost=43.255.190.174  user=root
Apr 12 18:05:36 ovzhost sshd[1323]: pam_unix(sshd:auth): authentication failure; logname= uid=0 euid=0 tty=ssh ruser= rhost=43.255.190.174  user=root
Apr 12 18:05:37 ovzhost sshd[1326]: pam_unix(sshd:auth): authentication failure; logname= uid=0 euid=0 tty=ssh ruser= rhost=43.255.190.189  user=root
Apr 12 18:05:38 ovzhost sshd[1322]: Failed password for root from 43.255.190.174 port 38418 ssh2
Apr 12 18:05:38 ovzhost sshd[1323]: Failed password for root from 43.255.190.174 port 38443 ssh2
Apr 12 18:05:39 ovzhost sshd[1326]: Failed password for root from 43.255.190.189 port 36240 ssh2
Apr 12 18:05:43 ovzhost sshd[1322]: message repeated 2 times: [ Failed password for root from 43.255.190.174 port 38418 ssh2]
Apr 12 18:05:43 ovzhost sshd[1322]: Received disconnect from 43.255.190.174: 11:  [preauth]
Apr 12 18:05:43 ovzhost sshd[1322]: PAM 2 more authentication failures; logname= uid=0 euid=0 tty=ssh ruser= rhost=43.255.190.174  user=root
Apr 12 18:05:43 ovzhost sshd[1323]: message repeated 2 times: [ Failed password for root from 43.255.190.174 port 38443 ssh2]
Apr 12 18:05:43 ovzhost sshd[1323]: Received disconnect from 43.255.190.174: 11:  [preauth]
Apr 12 18:05:43 ovzhost sshd[1323]: PAM 2 more authentication failures; logname= uid=0 euid=0 tty=ssh ruser= rhost=43.255.190.174  user=root
Apr 12 18:05:43 ovzhost sshd[1326]: message repeated 2 times: [ Failed password for root from 43.255.190.189 port 36240 ssh2]
Apr 12 18:05:43 ovzhost sshd[1326]: Received disconnect from 43.255.190.189: 11:  [preauth]
Apr 12 18:05:43 ovzhost sshd[1326]: PAM 2 more authentication failures; logname= uid=0 euid=0 tty=ssh ruser= rhost=43.255.190.189  user=root
Apr 12 18:05:43 ovzhost sshd[1328]: pam_unix(sshd:auth): authentication failure; logname= uid=0 euid=0 tty=ssh ruser= rhost=43.255.190.174  user=root
Apr 12 18:05:43 ovzhost sshd[1330]: pam_unix(sshd:auth): authentication failure; logname= uid=0 euid=0 tty=ssh ruser= rhost=43.255.190.174  user=root
Apr 12 18:05:44 ovzhost sshd[1332]: pam_unix(sshd:auth): authentication failure; logname= uid=0 euid=0 tty=ssh ruser= rhost=43.255.190.189  user=root
Apr 12 18:05:45 ovzhost sshd[1332]: Failed password for root from 43.255.190.189 port 49174 ssh2
Apr 12 18:05:46 ovzhost sshd[1328]: Failed password for root from 43.255.190.174 port 51152 ssh2
Apr 12 18:05:46 ovzhost sshd[1330]: Failed password for root from 43.255.190.174 port 51182 ssh2
Apr 12 18:05:49 ovzhost sshd[1332]: message repeated 2 times: [ Failed password for root from 43.255.190.189 port 49174 ssh2]
Apr 12 18:05:49 ovzhost sshd[1332]: Received disconnect from 43.255.190.189: 11:  [preauth]
Apr 12 18:05:49 ovzhost sshd[1332]: PAM 2 more authentication failures; logname= uid=0 euid=0 tty=ssh ruser= rhost=43.255.190.189  user=root
Apr 12 18:05:50 ovzhost sshd[1334]: pam_unix(sshd:auth): authentication failure; logname= uid=0 euid=0 tty=ssh ruser= rhost=43.255.190.189  user=root
Apr 12 18:05:50 ovzhost sshd[1328]: message repeated 2 times: [ Failed password for root from 43.255.190.174 port 51152 ssh2]
Apr 12 18:05:50 ovzhost sshd[1328]: Received disconnect from 43.255.190.174: 11:  [preauth]
Apr 12 18:05:50 ovzhost sshd[1328]: PAM 2 more authentication failures; logname= uid=0 euid=0 tty=ssh ruser= rhost=43.255.190.174  user=root
Apr 12 18:05:50 ovzhost sshd[1330]: message repeated 2 times: [ Failed password for root from 43.255.190.174 port 51182 ssh2]
Apr 12 18:05:50 ovzhost sshd[1330]: Received disconnect from 43.255.190.174: 11:  [preauth]
Apr 12 18:05:50 ovzhost sshd[1330]: PAM 2 more authentication failures; logname= uid=0 euid=0 tty=ssh ruser= rhost=43.255.190.174  user=root
Apr 12 18:05:50 ovzhost sshd[1336]: pam_unix(sshd:auth): authentication failure; logname= uid=0 euid=0 tty=ssh ruser= rhost=43.255.190.174  user=root
Apr 12 18:05:50 ovzhost sshd[1338]: pam_unix(sshd:auth): authentication failure; logname= uid=0 euid=0 tty=ssh ruser= rhost=43.255.190.174  user=root
Apr 12 18:05:51 ovzhost sshd[1334]: Failed password for root from 43.255.190.189 port 33233 ssh2
Apr 12 18:05:52 ovzhost sshd[1336]: Failed password for root from 43.255.190.174 port 37110 ssh2
Apr 12 18:05:52 ovzhost sshd[1338]: Failed password for root from 43.255.190.174 port 37165 ssh2
Apr 12 18:05:55 ovzhost sshd[1334]: message repeated 2 times: [ Failed password for root from 43.255.190.189 port 33233 ssh2]
Apr 12 18:05:56 ovzhost sshd[1334]: Received disconnect from 43.255.190.189: 11:  [preauth]
Apr 12 18:05:56 ovzhost sshd[1334]: PAM 2 more authentication failures; logname= uid=0 euid=0 tty=ssh ruser= rhost=43.255.190.189  user=root
Apr 12 18:05:56 ovzhost sshd[1340]: pam_unix(sshd:auth): authentication failure; logname= uid=0 euid=0 tty=ssh ruser= rhost=43.255.190.189  user=root
Apr 12 18:05:57 ovzhost sshd[1336]: message repeated 2 times: [ Failed password for root from 43.255.190.174 port 37110 ssh2]
Apr 12 18:05:57 ovzhost sshd[1336]: Received disconnect from 43.255.190.174: 11:  [preauth]
Apr 12 18:05:57 ovzhost sshd[1336]: PAM 2 more authentication failures; logname= uid=0 euid=0 tty=ssh ruser= rhost=43.255.190.174  user=root
Apr 12 18:05:57 ovzhost sshd[1338]: message repeated 2 times: [ Failed password for root from 43.255.190.174 port 37165 ssh2]
Apr 12 18:05:57 ovzhost sshd[1338]: Received disconnect from 43.255.190.174: 11:  [preauth]
Apr 12 18:05:57 ovzhost sshd[1338]: PAM 2 more authentication failures; logname= uid=0 euid=0 tty=ssh ruser= rhost=43.255.190.174  user=root
Apr 12 18:05:57 ovzhost sshd[1342]: pam_unix(sshd:auth): authentication failure; logname= uid=0 euid=0 tty=ssh ruser= rhost=43.255.190.174  user=root
Apr 12 18:05:57 ovzhost sshd[1344]: pam_unix(sshd:auth): authentication failure; logname= uid=0 euid=0 tty=ssh ruser= rhost=43.255.190.174  user=root
Apr 12 18:05:58 ovzhost sshd[1340]: Failed password for root from 43.255.190.189 port 46433 ssh2
Apr 12 18:05:59 ovzhost sshd[1342]: Failed password for root from 43.255.190.174 port 50433 ssh2
Apr 12 18:05:59 ovzhost sshd[1344]: Failed password for root from 43.255.190.174 port 50453 ssh2
Apr 12 18:06:02 ovzhost sshd[1340]: message repeated 2 times: [ Failed password for root from 43.255.190.189 port 46433 ssh2]
Apr 12 18:06:02 ovzhost sshd[1340]: Received disconnect from 43.255.190.189: 11:  [preauth]
Apr 12 18:06:02 ovzhost sshd[1340]: PAM 2 more authentication failures; logname= uid=0 euid=0 tty=ssh ruser= rhost=43.255.190.189  user=root
Apr 12 18:06:03 ovzhost sshd[1347]: pam_unix(sshd:auth): authentication failure; logname= uid=0 euid=0 tty=ssh ruser= rhost=43.255.190.189  user=root
Apr 12 18:06:03 ovzhost sshd[1342]: message repeated 2 times: [ Failed password for root from 43.255.190.174 port 50433 ssh2]
Apr 12 18:06:03 ovzhost sshd[1342]: Received disconnect from 43.255.190.174: 11:  [preauth]
Apr 12 18:06:03 ovzhost sshd[1342]: PAM 2 more authentication failures; logname= uid=0 euid=0 tty=ssh ruser= rhost=43.255.190.174  user=root
Apr 12 18:06:03 ovzhost sshd[1344]: message repeated 2 times: [ Failed password for root from 43.255.190.174 port 50453 ssh2]
Apr 12 18:06:03 ovzhost sshd[1344]: Received disconnect from 43.255.190.174: 11:  [preauth]
Apr 12 18:06:03 ovzhost sshd[1344]: PAM 2 more authentication failures; logname= uid=0 euid=0 tty=ssh ruser= rhost=43.255.190.174  user=root
Apr 12 18:06:04 ovzhost sshd[1349]: pam_unix(sshd:auth): authentication failure; logname= uid=0 euid=0 tty=ssh ruser= rhost=43.255.190.174  user=root
Apr 12 18:06:04 ovzhost sshd[1351]: pam_unix(sshd:auth): authentication failure; logname= uid=0 euid=0 tty=ssh ruser= rhost=43.255.190.174  user=root
Apr 12 18:06:05 ovzhost sshd[1347]: Failed password for root from 43.255.190.189 port 58834 ssh2
Apr 12 18:06:06 ovzhost sshd[1349]: Failed password for root from 43.255.190.174 port 34696 ssh2
Apr 12 18:06:06 ovzhost sshd[1351]: Failed password for root from 43.255.190.174 port 34705 ssh2
Apr 12 18:06:10 ovzhost sshd[1349]: message repeated 2 times: [ Failed password for root from 43.255.190.174 port 34696 ssh2]
Apr 12 18:06:10 ovzhost sshd[1349]: Received disconnect from 43.255.190.174: 11:  [preauth]
Apr 12 18:06:10 ovzhost sshd[1349]: PAM 2 more authentication failures; logname= uid=0 euid=0 tty=ssh ruser= rhost=43.255.190.174  user=root
Apr 12 18:06:10 ovzhost sshd[1351]: message repeated 2 times: [ Failed password for root from 43.255.190.174 port 34705 ssh2]
Apr 12 18:06:10 ovzhost sshd[1351]: Received disconnect from 43.255.190.174: 11:  [preauth]
Apr 12 18:06:10 ovzhost sshd[1351]: PAM 2 more authentication failures; logname= uid=0 euid=0 tty=ssh ruser= rhost=43.255.190.174  user=root
Apr 12 18:06:10 ovzhost sshd[1347]: message repeated 2 times: [ Failed password for root from 43.255.190.189 port 58834 ssh2]
Apr 12 18:06:10 ovzhost sshd[1347]: Received disconnect from 43.255.190.189: 11:  [preauth]
Apr 12 18:06:10 ovzhost sshd[1347]: PAM 2 more authentication failures; logname= uid=0 euid=0 tty=ssh ruser= rhost=43.255.190.189  user=root
Apr 12 18:06:10 ovzhost sshd[1355]: pam_unix(sshd:auth): authentication failure; logname= uid=0 euid=0 tty=ssh ruser= rhost=43.255.190.174  user=root
Apr 12 18:06:10 ovzhost sshd[1356]: pam_unix(sshd:auth): authentication failure; logname= uid=0 euid=0 tty=ssh ruser= rhost=43.255.190.174  user=root
Apr 12 18:06:10 ovzhost sshd[1359]: pam_unix(sshd:auth): authentication failure; logname= uid=0 euid=0 tty=ssh ruser= rhost=43.255.190.189  user=root
Apr 12 18:06:12 ovzhost sshd[1355]: Failed password for root from 43.255.190.174 port 49208 ssh2
Apr 12 18:06:12 ovzhost sshd[1356]: Failed password for root from 43.255.190.174 port 49219 ssh2
Apr 12 18:06:12 ovzhost sshd[1359]: Failed password for root from 43.255.190.189 port 47486 ssh2
Apr 12 18:06:17 ovzhost sshd[1355]: message repeated 2 times: [ Failed password for root from 43.255.190.174 port 49208 ssh2]
Apr 12 18:06:17 ovzhost sshd[1355]: Received disconnect from 43.255.190.174: 11:  [preauth]
Apr 12 18:06:17 ovzhost sshd[1355]: PAM 2 more authentication failures; logname= uid=0 euid=0 tty=ssh ruser= rhost=43.255.190.174  user=root
Apr 12 18:06:17 ovzhost sshd[1356]: message repeated 2 times: [ Failed password for root from 43.255.190.174 port 49219 ssh2]
Apr 12 18:06:17 ovzhost sshd[1356]: Received disconnect from 43.255.190.174: 11:  [preauth]
Apr 12 18:06:17 ovzhost sshd[1356]: PAM 2 more authentication failures; logname= uid=0 euid=0 tty=ssh ruser= rhost=43.255.190.174  user=root
Apr 12 18:06:17 ovzhost sshd[1359]: message repeated 2 times: [ Failed password for root from 43.255.190.189 port 47486 ssh2]
Apr 12 18:06:17 ovzhost sshd[1359]: Received disconnect from 43.255.190.189: 11:  [preauth]
Apr 12 18:06:17 ovzhost sshd[1359]: PAM 2 more authentication failures; logname= uid=0 euid=0 tty=ssh ruser= rhost=43.255.190.189  user=root
Apr 12 18:06:17 ovzhost sshd[1364]: pam_unix(sshd:auth): authentication failure; logname= uid=0 euid=0 tty=ssh ruser= rhost=43.255.190.174  user=root
Apr 12 18:06:17 ovzhost sshd[1363]: pam_unix(sshd:auth): authentication failure; logname= uid=0 euid=0 tty=ssh ruser= rhost=43.255.190.174  user=root
Apr 12 18:06:17 ovzhost sshd[1367]: pam_unix(sshd:auth): authentication failure; logname= uid=0 euid=0 tty=ssh ruser= rhost=43.255.190.189  user=root
Apr 12 18:06:19 ovzhost sshd[1361]: Invalid user test from 195.154.71.129
Apr 12 18:06:19 ovzhost sshd[1361]: input_userauth_request: invalid user test [preauth]
Apr 12 18:06:19 ovzhost sshd[1361]: pam_unix(sshd:auth): check pass; user unknown
Apr 12 18:06:19 ovzhost sshd[1361]: pam_unix(sshd:auth): authentication failure; logname= uid=0 euid=0 tty=ssh ruser= rhost=195-154-71-129.rev.poneytelecom.eu 
Apr 12 18:06:20 ovzhost sshd[1364]: Failed password for root from 43.255.190.174 port 36387 ssh2
Apr 12 18:06:20 ovzhost sshd[1363]: Failed password for root from 43.255.190.174 port 36381 ssh2
Apr 12 18:06:20 ovzhost sshd[1367]: Failed password for root from 43.255.190.189 port 33322 ssh2
Apr 12 18:06:21 ovzhost sshd[1361]: Failed password for invalid user test from 195.154.71.129 port 48058 ssh2
Apr 12 18:06:21 ovzhost sshd[1361]: Connection closed by 195.154.71.129 [preauth]
Apr 12 18:06:23 ovzhost sshd[1364]: message repeated 2 times: [ Failed password for root from 43.255.190.174 port 36387 ssh2]
Apr 12 18:06:23 ovzhost sshd[1364]: Received disconnect from 43.255.190.174: 11:  [preauth]
Apr 12 18:06:23 ovzhost sshd[1364]: PAM 2 more authentication failures; logname= uid=0 euid=0 tty=ssh ruser= rhost=43.255.190.174  user=root
Apr 12 18:06:23 ovzhost sshd[1363]: message repeated 2 times: [ Failed password for root from 43.255.190.174 port 36381 ssh2]
Apr 12 18:06:23 ovzhost sshd[1363]: Received disconnect from 43.255.190.174: 11:  [preauth]
Apr 12 18:06:23 ovzhost sshd[1363]: PAM 2 more authentication failures; logname= uid=0 euid=0 tty=ssh ruser= rhost=43.255.190.174  user=root
Apr 12 18:06:23 ovzhost sshd[1367]: message repeated 2 times: [ Failed password for root from 43.255.190.189 port 33322 ssh2]
Apr 12 18:06:23 ovzhost sshd[1367]: Received disconnect from 43.255.190.189: 11:  [preauth]
Apr 12 18:06:23 ovzhost sshd[1367]: PAM 2 more authentication failures; logname= uid=0 euid=0 tty=ssh ruser= rhost=43.255.190.189  user=root
Apr 12 18:06:24 ovzhost sshd[1370]: pam_unix(sshd:auth): authentication failure; logname= uid=0 euid=0 tty=ssh ruser= rhost=43.255.190.174  user=root
Apr 12 18:06:24 ovzhost sshd[1369]: pam_unix(sshd:auth): authentication failure; logname= uid=0 euid=0 tty=ssh ruser= rhost=43.255.190.174  user=root
Apr 12 18:06:24 ovzhost sshd[1373]: pam_unix(sshd:auth): authentication failure; logname= uid=0 euid=0 tty=ssh ruser= rhost=43.255.190.189  user=root
Apr 12 18:06:26 ovzhost sshd[1370]: Failed password for root from 43.255.190.174 port 49799 ssh2
Apr 12 18:06:26 ovzhost sshd[1369]: Failed password for root from 43.255.190.174 port 49773 ssh2
Apr 12 18:06:26 ovzhost sshd[1373]: Failed password for root from 43.255.190.189 port 45394 ssh2
Apr 12 18:06:30 ovzhost sshd[1370]: message repeated 2 times: [ Failed password for root from 43.255.190.174 port 49799 ssh2]
Apr 12 18:06:30 ovzhost sshd[1370]: Received disconnect from 43.255.190.174: 11:  [preauth]
Apr 12 18:06:30 ovzhost sshd[1370]: PAM 2 more authentication failures; logname= uid=0 euid=0 tty=ssh ruser= rhost=43.255.190.174  user=root
Apr 12 18:06:30 ovzhost sshd[1369]: message repeated 2 times: [ Failed password for root from 43.255.190.174 port 49773 ssh2]
Apr 12 18:06:30 ovzhost sshd[1369]: Received disconnect from 43.255.190.174: 11:  [preauth]
Apr 12 18:06:30 ovzhost sshd[1369]: PAM 2 more authentication failures; logname= uid=0 euid=0 tty=ssh ruser= rhost=43.255.190.174  user=root
Apr 12 18:06:30 ovzhost sshd[1373]: message repeated 2 times: [ Failed password for root from 43.255.190.189 port 45394 ssh2]
Apr 12 18:06:30 ovzhost sshd[1373]: Received disconnect from 43.255.190.189: 11:  [preauth]
Apr 12 18:06:30 ovzhost sshd[1373]: PAM 2 more authentication failures; logname= uid=0 euid=0 tty=ssh ruser= rhost=43.255.190.189  user=root
Apr 12 18:06:31 ovzhost sshd[1377]: pam_unix(sshd:auth): authentication failure; logname= uid=0 euid=0 tty=ssh ruser= rhost=43.255.190.174  user=root
Apr 12 18:06:31 ovzhost sshd[1378]: pam_unix(sshd:auth): authentication failure; logname= uid=0 euid=0 tty=ssh ruser= rhost=43.255.190.174  user=root
Apr 12 18:06:31 ovzhost sshd[1381]: pam_unix(sshd:auth): authentication failure; logname= uid=0 euid=0 tty=ssh ruser= rhost=43.255.190.189  user=root
Apr 12 18:06:33 ovzhost sshd[1377]: Failed password for root from 43.255.190.174 port 37856 ssh2
Apr 12 18:06:33 ovzhost sshd[1378]: Failed password for root from 43.255.190.174 port 37871 ssh2
Apr 12 18:06:33 ovzhost sshd[1381]: Failed password for root from 43.255.190.189 port 59750 ssh2
Apr 12 18:06:37 ovzhost sshd[1378]: message repeated 2 times: [ Failed password for root from 43.255.190.174 port 37871 ssh2]
Apr 12 18:06:37 ovzhost sshd[1378]: Received disconnect from 43.255.190.174: 11:  [preauth]
Apr 12 18:06:37 ovzhost sshd[1378]: PAM 2 more authentication failures; logname= uid=0 euid=0 tty=ssh ruser= rhost=43.255.190.174  user=root
Apr 12 18:06:37 ovzhost sshd[1377]: message repeated 2 times: [ Failed password for root from 43.255.190.174 port 37856 ssh2]
Apr 12 18:06:37 ovzhost sshd[1377]: Received disconnect from 43.255.190.174: 11:  [preauth]
Apr 12 18:06:37 ovzhost sshd[1377]: PAM 2 more authentication failures; logname= uid=0 euid=0 tty=ssh ruser= rhost=43.255.190.174  user=root
Apr 12 18:06:37 ovzhost sshd[1381]: message repeated 2 times: [ Failed password for root from 43.255.190.189 port 59750 ssh2]
Apr 12 18:06:37 ovzhost sshd[1381]: Received disconnect from 43.255.190.189: 11:  [preauth]
Apr 12 18:06:37 ovzhost sshd[1381]: PAM 2 more authentication failures; logname= uid=0 euid=0 tty=ssh ruser= rhost=43.255.190.189  user=root
Apr 12 18:06:38 ovzhost sshd[1384]: pam_unix(sshd:auth): authentication failure; logname= uid=0 euid=0 tty=ssh ruser= rhost=43.255.190.174  user=root
Apr 12 18:06:38 ovzhost sshd[1383]: pam_unix(sshd:auth): authentication failure; logname= uid=0 euid=0 tty=ssh ruser= rhost=43.255.190.174  user=root
Apr 12 18:06:38 ovzhost sshd[1387]: pam_unix(sshd:auth): authentication failure; logname= uid=0 euid=0 tty=ssh ruser= rhost=43.255.190.189  user=root
Apr 12 18:06:40 ovzhost sshd[1384]: Failed password for root from 43.255.190.174 port 53034 ssh2
Apr 12 18:06:40 ovzhost sshd[1383]: Failed password for root from 43.255.190.174 port 53023 ssh2
Apr 12 18:06:40 ovzhost sshd[1387]: Failed password for root from 43.255.190.189 port 44788 ssh2
Apr 12 18:06:44 ovzhost sshd[1384]: message repeated 2 times: [ Failed password for root from 43.255.190.174 port 53034 ssh2]
Apr 12 18:06:44 ovzhost sshd[1384]: Received disconnect from 43.255.190.174: 11:  [preauth]
Apr 12 18:06:44 ovzhost sshd[1384]: PAM 2 more authentication failures; logname= uid=0 euid=0 tty=ssh ruser= rhost=43.255.190.174  user=root
Apr 12 18:06:44 ovzhost sshd[1383]: message repeated 2 times: [ Failed password for root from 43.255.190.174 port 53023 ssh2]
Apr 12 18:06:44 ovzhost sshd[1383]: Received disconnect from 43.255.190.174: 11:  [preauth]
Apr 12 18:06:44 ovzhost sshd[1383]: PAM 2 more authentication failures; logname= uid=0 euid=0 tty=ssh ruser= rhost=43.255.190.174  user=root
Apr 12 18:06:44 ovzhost sshd[1387]: message repeated 2 times: [ Failed password for root from 43.255.190.189 port 44788 ssh2]
Apr 12 18:06:44 ovzhost sshd[1387]: Received disconnect from 43.255.190.189: 11:  [preauth]
Apr 12 18:06:44 ovzhost sshd[1387]: PAM 2 more authentication failures; logname= uid=0 euid=0 tty=ssh ruser= rhost=43.255.190.189  user=root
Apr 12 18:06:45 ovzhost sshd[1392]: pam_unix(sshd:auth): authentication failure; logname= uid=0 euid=0 tty=ssh ruser= rhost=43.255.190.174  user=root
Apr 12 18:06:45 ovzhost sshd[1391]: pam_unix(sshd:auth): authentication failure; logname= uid=0 euid=0 tty=ssh ruser= rhost=43.255.190.174  user=root
Apr 12 18:06:45 ovzhost sshd[1395]: pam_unix(sshd:auth): authentication failure; logname= uid=0 euid=0 tty=ssh ruser= rhost=43.255.190.189  user=root
Apr 12 18:06:47 ovzhost sshd[1392]: Failed password for root from 43.255.190.174 port 38931 ssh2
Apr 12 18:06:47 ovzhost sshd[1391]: Failed password for root from 43.255.190.174 port 38914 ssh2
Apr 12 18:06:47 ovzhost sshd[1395]: Failed password for root from 43.255.190.189 port 57351 ssh2
Apr 12 18:06:51 ovzhost sshd[1392]: message repeated 2 times: [ Failed password for root from 43.255.190.174 port 38931 ssh2]
Apr 12 18:06:52 ovzhost sshd[1392]: Received disconnect from 43.255.190.174: 11:  [preauth]
Apr 12 18:06:52 ovzhost sshd[1392]: PAM 2 more authentication failures; logname= uid=0 euid=0 tty=ssh ruser= rhost=43.255.190.174  user=root
Apr 12 18:06:51 ovzhost sshd[1391]: message repeated 2 times: [ Failed password for root from 43.255.190.174 port 38914 ssh2]
Apr 12 18:06:52 ovzhost sshd[1391]: Received disconnect from 43.255.190.174: 11:  [preauth]
Apr 12 18:06:52 ovzhost sshd[1391]: PAM 2 more authentication failures; logname= uid=0 euid=0 tty=ssh ruser= rhost=43.255.190.174  user=root
Apr 12 18:06:52 ovzhost sshd[1395]: message repeated 2 times: [ Failed password for root from 43.255.190.189 port 57351 ssh2]
Apr 12 18:06:52 ovzhost sshd[1395]: Received disconnect from 43.255.190.189: 11:  [preauth]
Apr 12 18:06:52 ovzhost sshd[1395]: PAM 2 more authentication failures; logname= uid=0 euid=0 tty=ssh ruser= rhost=43.255.190.189  user=root
Apr 12 18:06:52 ovzhost sshd[1397]: pam_unix(sshd:auth): authentication failure; logname= uid=0 euid=0 tty=ssh ruser= rhost=43.255.190.174  user=root
Apr 12 18:06:52 ovzhost sshd[1398]: pam_unix(sshd:auth): authentication failure; logname= uid=0 euid=0 tty=ssh ruser= rhost=43.255.190.174  user=root
Apr 12 18:06:52 ovzhost sshd[1401]: pam_unix(sshd:auth): authentication failure; logname= uid=0 euid=0 tty=ssh ruser= rhost=43.255.190.189  user=root
Apr 12 18:06:54 ovzhost sshd[1397]: Failed password for root from 43.255.190.174 port 55192 ssh2
Apr 12 18:06:54 ovzhost sshd[1398]: Failed password for root from 43.255.190.174 port 55188 ssh2
Apr 12 18:06:54 ovzhost sshd[1401]: Failed password for root from 43.255.190.189 port 43372 ssh2
Apr 12 18:06:58 ovzhost sshd[1398]: message repeated 2 times: [ Failed password for root from 43.255.190.174 port 55188 ssh2]
Apr 12 18:06:58 ovzhost sshd[1398]: Received disconnect from 43.255.190.174: 11:  [preauth]
Apr 12 18:06:58 ovzhost sshd[1398]: PAM 2 more authentication failures; logname= uid=0 euid=0 tty=ssh ruser= rhost=43.255.190.174  user=root
Apr 12 18:06:58 ovzhost sshd[1397]: message repeated 2 times: [ Failed password for root from 43.255.190.174 port 55192 ssh2]
Apr 12 18:06:58 ovzhost sshd[1397]: Received disconnect from 43.255.190.174: 11:  [preauth]
Apr 12 18:06:58 ovzhost sshd[1397]: PAM 2 more authentication failures; logname= uid=0 euid=0 tty=ssh ruser= rhost=43.255.190.174  user=root
Apr 12 18:06:58 ovzhost sshd[1401]: message repeated 2 times: [ Failed password for root from 43.255.190.189 port 43372 ssh2]
Apr 12 18:06:59 ovzhost sshd[1401]: Received disconnect from 43.255.190.189: 11:  [preauth]
Apr 12 18:06:59 ovzhost sshd[1401]: PAM 2 more authentication failures; logname= uid=0 euid=0 tty=ssh ruser= rhost=43.255.190.189  user=root
Apr 12 18:06:59 ovzhost sshd[1405]: pam_unix(sshd:auth): authentication failure; logname= uid=0 euid=0 tty=ssh ruser= rhost=43.255.190.174  user=root
Apr 12 18:06:59 ovzhost sshd[1404]: pam_unix(sshd:auth): authentication failure; logname= uid=0 euid=0 tty=ssh ruser= rhost=43.255.190.174  user=root
Apr 12 18:06:59 ovzhost sshd[1408]: pam_unix(sshd:auth): authentication failure; logname= uid=0 euid=0 tty=ssh ruser= rhost=43.255.190.189  user=root
Apr 12 18:07:01 ovzhost sshd[1405]: Failed password for root from 43.255.190.174 port 40642 ssh2
Apr 12 18:07:01 ovzhost sshd[1404]: Failed password for root from 43.255.190.174 port 40641 ssh2
Apr 12 18:07:02 ovzhost sshd[1408]: Failed password for root from 43.255.190.189 port 55440 ssh2
Apr 12 18:07:05 ovzhost sshd[1404]: message repeated 2 times: [ Failed password for root from 43.255.190.174 port 40641 ssh2]
Apr 12 18:07:05 ovzhost sshd[1404]: Received disconnect from 43.255.190.174: 11:  [preauth]
Apr 12 18:07:05 ovzhost sshd[1404]: PAM 2 more authentication failures; logname= uid=0 euid=0 tty=ssh ruser= rhost=43.255.190.174  user=root
Apr 12 18:07:05 ovzhost sshd[1408]: message repeated 2 times: [ Failed password for root from 43.255.190.189 port 55440 ssh2]
Apr 12 18:07:05 ovzhost sshd[1408]: Received disconnect from 43.255.190.189: 11:  [preauth]
Apr 12 18:07:05 ovzhost sshd[1408]: PAM 2 more authentication failures; logname= uid=0 euid=0 tty=ssh ruser= rhost=43.255.190.189  user=root
Apr 12 18:07:05 ovzhost sshd[1410]: pam_unix(sshd:auth): authentication failure; logname= uid=0 euid=0 tty=ssh ruser= rhost=43.255.190.174  user=root
Apr 12 18:07:05 ovzhost sshd[1412]: pam_unix(sshd:auth): authentication failure; logname= uid=0 euid=0 tty=ssh ruser= rhost=43.255.190.189  user=root
Apr 12 18:07:06 ovzhost sshd[1405]: message repeated 2 times: [ Failed password for root from 43.255.190.174 port 40642 ssh2]
Apr 12 18:07:06 ovzhost sshd[1405]: Received disconnect from 43.255.190.174: 11:  [preauth]
Apr 12 18:07:06 ovzhost sshd[1405]: PAM 2 more authentication failures; logname= uid=0 euid=0 tty=ssh ruser= rhost=43.255.190.174  user=root
Apr 12 18:07:07 ovzhost sshd[1414]: pam_unix(sshd:auth): authentication failure; logname= uid=0 euid=0 tty=ssh ruser= rhost=43.255.190.174  user=root
Apr 12 18:07:07 ovzhost sshd[1410]: Failed password for root from 43.255.190.174 port 53499 ssh2
Apr 12 18:07:07 ovzhost sshd[1412]: Failed password for root from 43.255.190.189 port 38317 ssh2
Apr 12 18:07:09 ovzhost sshd[1414]: Failed password for root from 43.255.190.174 port 56276 ssh2
Apr 12 18:07:12 ovzhost sshd[1410]: message repeated 2 times: [ Failed password for root from 43.255.190.174 port 53499 ssh2]
Apr 12 18:07:12 ovzhost sshd[1410]: Received disconnect from 43.255.190.174: 11:  [preauth]
Apr 12 18:07:12 ovzhost sshd[1410]: PAM 2 more authentication failures; logname= uid=0 euid=0 tty=ssh ruser= rhost=43.255.190.174  user=root
Apr 12 18:07:12 ovzhost sshd[1412]: message repeated 2 times: [ Failed password for root from 43.255.190.189 port 38317 ssh2]
Apr 12 18:07:12 ovzhost sshd[1412]: Received disconnect from 43.255.190.189: 11:  [preauth]
Apr 12 18:07:12 ovzhost sshd[1412]: PAM 2 more authentication failures; logname= uid=0 euid=0 tty=ssh ruser= rhost=43.255.190.189  user=root
Apr 12 18:07:13 ovzhost sshd[1416]: pam_unix(sshd:auth): authentication failure; logname= uid=0 euid=0 tty=ssh ruser= rhost=43.255.190.174  user=root
Apr 12 18:07:13 ovzhost sshd[1418]: pam_unix(sshd:auth): authentication failure; logname= uid=0 euid=0 tty=ssh ruser= rhost=43.255.190.189  user=root
Apr 12 18:07:14 ovzhost sshd[1414]: message repeated 2 times: [ Failed password for root from 43.255.190.174 port 56276 ssh2]
Apr 12 18:07:14 ovzhost sshd[1414]: Received disconnect from 43.255.190.174: 11:  [preauth]
Apr 12 18:07:14 ovzhost sshd[1414]: PAM 2 more authentication failures; logname= uid=0 euid=0 tty=ssh ruser= rhost=43.255.190.174  user=root
Apr 12 18:07:15 ovzhost sshd[1420]: pam_unix(sshd:auth): authentication failure; logname= uid=0 euid=0 tty=ssh ruser= rhost=43.255.190.174  user=root
Apr 12 18:07:15 ovzhost sshd[1416]: Failed password for root from 43.255.190.174 port 41381 ssh2
Apr 12 18:07:15 ovzhost sshd[1418]: Failed password for root from 43.255.190.189 port 51951 ssh2
Apr 12 18:07:17 ovzhost sshd[1420]: Failed password for root from 43.255.190.174 port 44743 ssh2
Apr 12 18:07:19 ovzhost sshd[1416]: message repeated 2 times: [ Failed password for root from 43.255.190.174 port 41381 ssh2]
Apr 12 18:07:19 ovzhost sshd[1416]: Received disconnect from 43.255.190.174: 11:  [preauth]
Apr 12 18:07:19 ovzhost sshd[1416]: PAM 2 more authentication failures; logname= uid=0 euid=0 tty=ssh ruser= rhost=43.255.190.174  user=root
Apr 12 18:07:19 ovzhost sshd[1418]: message repeated 2 times: [ Failed password for root from 43.255.190.189 port 51951 ssh2]
Apr 12 18:07:19 ovzhost sshd[1418]: Received disconnect from 43.255.190.189: 11:  [preauth]
Apr 12 18:07:19 ovzhost sshd[1418]: PAM 2 more authentication failures; logname= uid=0 euid=0 tty=ssh ruser= rhost=43.255.190.189  user=root
Apr 12 18:07:20 ovzhost sshd[1422]: pam_unix(sshd:auth): authentication failure; logname= uid=0 euid=0 tty=ssh ruser= rhost=43.255.190.174  user=root
Apr 12 18:07:20 ovzhost sshd[1424]: pam_unix(sshd:auth): authentication failure; logname= uid=0 euid=0 tty=ssh ruser= rhost=43.255.190.189  user=root
Apr 12 18:07:22 ovzhost sshd[1420]: message repeated 2 times: [ Failed password for root from 43.255.190.174 port 44743 ssh2]
Apr 12 18:07:22 ovzhost sshd[1420]: Received disconnect from 43.255.190.174: 11:  [preauth]
Apr 12 18:07:22 ovzhost sshd[1420]: PAM 2 more authentication failures; logname= uid=0 euid=0 tty=ssh ruser= rhost=43.255.190.174  user=root
Apr 12 18:07:22 ovzhost sshd[1422]: Failed password for root from 43.255.190.174 port 55278 ssh2
Apr 12 18:07:22 ovzhost sshd[1424]: Failed password for root from 43.255.190.189 port 36072 ssh2
Apr 12 18:07:22 ovzhost sshd[1426]: pam_unix(sshd:auth): authentication failure; logname= uid=0 euid=0 tty=ssh ruser= rhost=43.255.190.174  user=root
Apr 12 18:07:24 ovzhost sshd[1426]: Failed password for root from 43.255.190.174 port 60254 ssh2
Apr 12 18:07:26 ovzhost sshd[1422]: message repeated 2 times: [ Failed password for root from 43.255.190.174 port 55278 ssh2]
Apr 12 18:07:26 ovzhost sshd[1422]: Received disconnect from 43.255.190.174: 11:  [preauth]
Apr 12 18:07:26 ovzhost sshd[1422]: PAM 2 more authentication failures; logname= uid=0 euid=0 tty=ssh ruser= rhost=43.255.190.174  user=root
Apr 12 18:07:26 ovzhost sshd[1424]: message repeated 2 times: [ Failed password for root from 43.255.190.189 port 36072 ssh2]
Apr 12 18:07:26 ovzhost sshd[1424]: Received disconnect from 43.255.190.189: 11:  [preauth]
Apr 12 18:07:26 ovzhost sshd[1424]: PAM 2 more authentication failures; logname= uid=0 euid=0 tty=ssh ruser= rhost=43.255.190.189  user=root
Apr 12 18:07:27 ovzhost sshd[1429]: pam_unix(sshd:auth): authentication failure; logname= uid=0 euid=0 tty=ssh ruser= rhost=43.255.190.189  user=root
Apr 12 18:07:29 ovzhost sshd[1426]: message repeated 2 times: [ Failed password for root from 43.255.190.174 port 60254 ssh2]
Apr 12 18:07:29 ovzhost sshd[1426]: Received disconnect from 43.255.190.174: 11:  [preauth]
Apr 12 18:07:29 ovzhost sshd[1426]: PAM 2 more authentication failures; logname= uid=0 euid=0 tty=ssh ruser= rhost=43.255.190.174  user=root
Apr 12 18:07:29 ovzhost sshd[1429]: Failed password for root from 43.255.190.189 port 49338 ssh2
Apr 12 18:07:29 ovzhost sshd[1431]: pam_unix(sshd:auth): authentication failure; logname= uid=0 euid=0 tty=ssh ruser= rhost=43.255.190.174  user=root
Apr 12 18:07:31 ovzhost sshd[1431]: Failed password for root from 43.255.190.174 port 46685 ssh2
Apr 12 18:07:34 ovzhost sshd[1429]: message repeated 2 times: [ Failed password for root from 43.255.190.189 port 49338 ssh2]
Apr 12 18:07:34 ovzhost sshd[1429]: Received disconnect from 43.255.190.189: 11:  [preauth]
Apr 12 18:07:34 ovzhost sshd[1429]: PAM 2 more authentication failures; logname= uid=0 euid=0 tty=ssh ruser= rhost=43.255.190.189  user=root
Apr 12 18:07:35 ovzhost sshd[1433]: pam_unix(sshd:auth): authentication failure; logname= uid=0 euid=0 tty=ssh ruser= rhost=43.255.190.189  user=root
Apr 12 18:07:36 ovzhost sshd[1431]: message repeated 2 times: [ Failed password for root from 43.255.190.174 port 46685 ssh2]
Apr 12 18:07:37 ovzhost sshd[1431]: Received disconnect from 43.255.190.174: 11:  [preauth]
Apr 12 18:07:37 ovzhost sshd[1431]: PAM 2 more authentication failures; logname= uid=0 euid=0 tty=ssh ruser= rhost=43.255.190.174  user=root
Apr 12 18:07:37 ovzhost sshd[1433]: Failed password for root from 43.255.190.189 port 34350 ssh2
Apr 12 18:07:42 ovzhost sshd[1433]: message repeated 2 times: [ Failed password for root from 43.255.190.189 port 34350 ssh2]
Apr 12 18:07:42 ovzhost sshd[1433]: Received disconnect from 43.255.190.189: 11:  [preauth]
Apr 12 18:07:42 ovzhost sshd[1433]: PAM 2 more authentication failures; logname= uid=0 euid=0 tty=ssh ruser= rhost=43.255.190.189  user=root
Apr 12 18:07:45 ovzhost sshd[1435]: Invalid user guest from 195.154.71.129
Apr 12 18:07:45 ovzhost sshd[1435]: input_userauth_request: invalid user guest [preauth]
Apr 12 18:07:45 ovzhost sshd[1435]: pam_unix(sshd:auth): check pass; user unknown
Apr 12 18:07:45 ovzhost sshd[1435]: pam_unix(sshd:auth): authentication failure; logname= uid=0 euid=0 tty=ssh ruser= rhost=195-154-71-129.rev.poneytelecom.eu 
Apr 12 18:07:47 ovzhost sshd[1435]: Failed password for invalid user guest from 195.154.71.129 port 49373 ssh2
Apr 12 18:07:47 ovzhost sshd[1435]: Connection closed by 195.154.71.129 [preauth]
Apr 12 18:08:21 ovzhost sshd[1441]: Connection closed by 127.0.0.1 [preauth]
Apr 12 18:09:01 ovzhost CRON[1448]: pam_env(cron:session): Unable to open env file: /etc/default/locale: No such file or directory
Apr 12 18:09:01 ovzhost CRON[1447]: pam_env(cron:session): Unable to open env file: /etc/default/locale: No such file or directory
Apr 12 18:09:01 ovzhost CRON[1448]: pam_unix(cron:session): session opened for user root by (uid=0)
Apr 12 18:09:01 ovzhost CRON[1447]: pam_unix(cron:session): session opened for user root by (uid=0)
Apr 12 18:09:01 ovzhost CRON[1447]: pam_unix(cron:session): session closed for user root
Apr 12 18:09:01 ovzhost CRON[1448]: pam_unix(cron:session): session closed for user root
Apr 12 18:09:11 ovzhost sshd[1461]: Invalid user webmaster from 195.154.71.129
Apr 12 18:09:11 ovzhost sshd[1461]: input_userauth_request: invalid user webmaster [preauth]
Apr 12 18:09:11 ovzhost sshd[1461]: pam_unix(sshd:auth): check pass; user unknown
Apr 12 18:09:11 ovzhost sshd[1461]: pam_unix(sshd:auth): authentication failure; logname= uid=0 euid=0 tty=ssh ruser= rhost=195-154-71-129.rev.poneytelecom.eu 
Apr 12 18:09:13 ovzhost sshd[1461]: Failed password for invalid user webmaster from 195.154.71.129 port 55297 ssh2
Apr 12 18:09:13 ovzhost sshd[1461]: Connection closed by 195.154.71.129 [preauth]
Apr 12 18:10:00 ovzhost sshd[1467]: pam_unix(sshd:auth): authentication failure; logname= uid=0 euid=0 tty=ssh ruser= rhost=222.171.225.170  user=root
Apr 12 18:10:03 ovzhost sshd[1467]: Failed password for root from 222.171.225.170 port 57745 ssh2
Apr 12 18:10:08 ovzhost sshd[1467]: message repeated 2 times: [ Failed password for root from 222.171.225.170 port 57745 ssh2]
Apr 12 18:10:08 ovzhost sshd[1467]: Connection closed by 222.171.225.170 [preauth]
Apr 12 18:10:08 ovzhost sshd[1467]: PAM 2 more authentication failures; logname= uid=0 euid=0 tty=ssh ruser= rhost=222.171.225.170  user=root
Apr 12 18:10:30 ovzhost sshd[1470]: Connection closed by 128.8.37.104 [preauth]
Apr 12 18:10:41 ovzhost sshd[1472]: Invalid user mysql from 195.154.71.129
Apr 12 18:10:41 ovzhost sshd[1472]: input_userauth_request: invalid user mysql [preauth]
Apr 12 18:10:41 ovzhost sshd[1472]: pam_unix(sshd:auth): check pass; user unknown
Apr 12 18:10:41 ovzhost sshd[1472]: pam_unix(sshd:auth): authentication failure; logname= uid=0 euid=0 tty=ssh ruser= rhost=195-154-71-129.rev.poneytelecom.eu 
Apr 12 18:10:42 ovzhost sshd[1472]: Failed password for invalid user mysql from 195.154.71.129 port 46304 ssh2
Apr 12 18:10:42 ovzhost sshd[1472]: Connection closed by 195.154.71.129 [preauth]
Apr 12 18:12:12 ovzhost sshd[1482]: Invalid user oracle from 195.154.71.129
Apr 12 18:12:12 ovzhost sshd[1482]: input_userauth_request: invalid user oracle [preauth]
Apr 12 18:12:12 ovzhost sshd[1482]: pam_unix(sshd:auth): check pass; user unknown
Apr 12 18:12:12 ovzhost sshd[1482]: pam_unix(sshd:auth): authentication failure; logname= uid=0 euid=0 tty=ssh ruser= rhost=195-154-71-129.rev.poneytelecom.eu 
Apr 12 18:12:14 ovzhost sshd[1482]: Failed password for invalid user oracle from 195.154.71.129 port 54243 ssh2
Apr 12 18:12:14 ovzhost sshd[1482]: Connection closed by 195.154.71.129 [preauth]
Apr 12 18:13:21 ovzhost sshd[1486]: Connection closed by 127.0.0.1 [preauth]
Apr 12 18:13:44 ovzhost sshd[1490]: Invalid user library from 195.154.71.129
Apr 12 18:13:44 ovzhost sshd[1490]: input_userauth_request: invalid user library [preauth]
Apr 12 18:13:44 ovzhost sshd[1490]: pam_unix(sshd:auth): check pass; user unknown
Apr 12 18:13:44 ovzhost sshd[1490]: pam_unix(sshd:auth): authentication failure; logname= uid=0 euid=0 tty=ssh ruser= rhost=195-154-71-129.rev.poneytelecom.eu 
Apr 12 18:13:46 ovzhost sshd[1490]: Failed password for invalid user library from 195.154.71.129 port 52005 ssh2
Apr 12 18:13:46 ovzhost sshd[1490]: Connection closed by 195.154.71.129 [preauth]
Apr 12 18:15:18 ovzhost sshd[1497]: Invalid user info from 195.154.71.129
Apr 12 18:15:18 ovzhost sshd[1497]: input_userauth_request: invalid user info [preauth]
Apr 12 18:15:18 ovzhost sshd[1497]: pam_unix(sshd:auth): check pass; user unknown
Apr 12 18:15:18 ovzhost sshd[1497]: pam_unix(sshd:auth): authentication failure; logname= uid=0 euid=0 tty=ssh ruser= rhost=195-154-71-129.rev.poneytelecom.eu 
Apr 12 18:15:20 ovzhost sshd[1497]: Failed password for invalid user info from 195.154.71.129 port 53192 ssh2
Apr 12 18:15:20 ovzhost sshd[1497]: Connection closed by 195.154.71.129 [preauth]
Apr 12 18:16:52 ovzhost sshd[1504]: Invalid user shell from 195.154.71.129
Apr 12 18:16:52 ovzhost sshd[1504]: input_userauth_request: invalid user shell [preauth]
Apr 12 18:16:52 ovzhost sshd[1504]: pam_unix(sshd:auth): check pass; user unknown
Apr 12 18:16:52 ovzhost sshd[1504]: pam_unix(sshd:auth): authentication failure; logname= uid=0 euid=0 tty=ssh ruser= rhost=195-154-71-129.rev.poneytelecom.eu 
Apr 12 18:16:54 ovzhost sshd[1504]: Failed password for invalid user shell from 195.154.71.129 port 37385 ssh2
Apr 12 18:16:54 ovzhost sshd[1504]: Connection closed by 195.154.71.129 [preauth]
Apr 12 18:17:56 ovzhost sshd[1510]: pam_unix(sshd:auth): authentication failure; logname= uid=0 euid=0 tty=ssh ruser= rhost=128.134.54.57  user=root
Apr 12 18:17:58 ovzhost sshd[1510]: Failed password for root from 128.134.54.57 port 37374 ssh2
Apr 12 18:18:03 ovzhost sshd[1510]: message repeated 2 times: [ Failed password for root from 128.134.54.57 port 37374 ssh2]
Apr 12 18:18:03 ovzhost sshd[1510]: Connection closed by 128.134.54.57 [preauth]
Apr 12 18:18:03 ovzhost sshd[1510]: PAM 2 more authentication failures; logname= uid=0 euid=0 tty=ssh ruser= rhost=128.134.54.57  user=root
Apr 12 18:18:21 ovzhost sshd[1516]: Connection closed by 127.0.0.1 [preauth]
Apr 12 18:18:26 ovzhost sshd[1513]: Invalid user linux from 195.154.71.129
Apr 12 18:18:26 ovzhost sshd[1513]: input_userauth_request: invalid user linux [preauth]
Apr 12 18:18:26 ovzhost sshd[1513]: pam_unix(sshd:auth): check pass; user unknown
Apr 12 18:18:26 ovzhost sshd[1513]: pam_unix(sshd:auth): authentication failure; logname= uid=0 euid=0 tty=ssh ruser= rhost=195-154-71-129.rev.poneytelecom.eu 
Apr 12 18:18:28 ovzhost sshd[1513]: Failed password for invalid user linux from 195.154.71.129 port 44997 ssh2
Apr 12 18:18:28 ovzhost sshd[1513]: Connection closed by 195.154.71.129 [preauth]
Apr 12 18:20:01 ovzhost CRON[1530]: pam_env(cron:session): Unable to open env file: /etc/default/locale: No such file or directory
Apr 12 18:20:01 ovzhost CRON[1530]: pam_unix(cron:session): session opened for user smmsp by (uid=0)
Apr 12 18:20:01 ovzhost CRON[1530]: pam_unix(cron:session): session closed for user smmsp
Apr 12 18:20:02 ovzhost sshd[1527]: Invalid user unix from 195.154.71.129
Apr 12 18:20:02 ovzhost sshd[1527]: input_userauth_request: invalid user unix [preauth]
Apr 12 18:20:02 ovzhost sshd[1527]: pam_unix(sshd:auth): check pass; user unknown
Apr 12 18:20:02 ovzhost sshd[1527]: pam_unix(sshd:auth): authentication failure; logname= uid=0 euid=0 tty=ssh ruser= rhost=195-154-71-129.rev.poneytelecom.eu 
Apr 12 18:20:04 ovzhost sshd[1527]: Failed password for invalid user unix from 195.154.71.129 port 43613 ssh2
Apr 12 18:20:04 ovzhost sshd[1527]: Connection closed by 195.154.71.129 [preauth]
Apr 12 18:20:30 ovzhost sshd[1557]: Connection closed by 128.8.37.104 [preauth]
Apr 12 18:21:35 ovzhost sshd[1562]: Invalid user webadmin from 195.154.71.129
Apr 12 18:21:35 ovzhost sshd[1562]: input_userauth_request: invalid user webadmin [preauth]
Apr 12 18:21:35 ovzhost sshd[1562]: pam_unix(sshd:auth): check pass; user unknown
Apr 12 18:21:35 ovzhost sshd[1562]: pam_unix(sshd:auth): authentication failure; logname= uid=0 euid=0 tty=ssh ruser= rhost=195-154-71-129.rev.poneytelecom.eu 
Apr 12 18:21:38 ovzhost sshd[1562]: Failed password for invalid user webadmin from 195.154.71.129 port 43132 ssh2
Apr 12 18:21:38 ovzhost sshd[1562]: Connection closed by 195.154.71.129 [preauth]
Apr 12 18:23:07 ovzhost sshd[1570]: Invalid user ftp from 195.154.71.129
Apr 12 18:23:07 ovzhost sshd[1570]: input_userauth_request: invalid user ftp [preauth]
Apr 12 18:23:07 ovzhost sshd[1570]: pam_unix(sshd:auth): check pass; user unknown
Apr 12 18:23:07 ovzhost sshd[1570]: pam_unix(sshd:auth): authentication failure; logname= uid=0 euid=0 tty=ssh ruser= rhost=195-154-71-129.rev.poneytelecom.eu 
Apr 12 18:23:08 ovzhost sshd[1570]: Failed password for invalid user ftp from 195.154.71.129 port 49247 ssh2
Apr 12 18:23:08 ovzhost sshd[1570]: Connection closed by 195.154.71.129 [preauth]
Apr 12 18:23:21 ovzhost sshd[1573]: Connection closed by 127.0.0.1 [preauth]
Apr 12 18:23:22 ovzhost sshd[1575]: pam_unix(sshd:auth): authentication failure; logname= uid=0 euid=0 tty=ssh ruser= rhost=43.255.190.121  user=root
Apr 12 18:23:24 ovzhost sshd[1575]: Failed password for root from 43.255.190.121 port 50721 ssh2
Apr 12 18:23:27 ovzhost sshd[1577]: pam_unix(sshd:auth): authentication failure; logname= uid=0 euid=0 tty=ssh ruser= rhost=43.255.190.132  user=root
Apr 12 18:23:27 ovzhost sshd[1575]: message repeated 2 times: [ Failed password for root from 43.255.190.121 port 50721 ssh2]
Apr 12 18:23:27 ovzhost sshd[1575]: Received disconnect from 43.255.190.121: 11:  [preauth]
Apr 12 18:23:27 ovzhost sshd[1575]: PAM 2 more authentication failures; logname= uid=0 euid=0 tty=ssh ruser= rhost=43.255.190.121  user=root
Apr 12 18:23:28 ovzhost sshd[1579]: pam_unix(sshd:auth): authentication failure; logname= uid=0 euid=0 tty=ssh ruser= rhost=43.255.190.121  user=root
