Apr 12 18:02:12 ovzhost sshd[1117]: Received disconnect from 43.255.190.174: 11:  [preauth]
Apr 12 18:02:12 ovzhost sshd[1117]: PAM 2 more authentication failures; logname= uid=0 euid=0 tty=ssh ruser= rhost=43.255.190.174  user=root
Apr 12 18:02:12 ovzhost sshd[1121]: pam_unix(sshd:auth): authentication failure; logname= uid=0 euid=0 tty=ssh ruser= rhost=43.255.190.189  user=root
Apr 12 18:02:12 ovzhost sshd[1123]: pam_unix(sshd:auth): authentication failure; logname= uid=0 euid=0 tty=ssh ruser= rhost=43.255.190.174  user=root
Apr 12 18:02:13 ovzhost sshd[1119]: message repeated 2 times: [ Failed password for root from 43.255.190.174 port 52637 ssh2]
Apr 12 18:02:13 ovzhost sshd[1119]: Received disconnect from 43.255.190.174: 11:  [preauth]
Apr 12 18:02:13 ovzhost sshd[1119]: PAM 2 more authentication failures; logname= uid=0 euid=0 tty=ssh ruser= rhost=43.255.190.174  user=root
Apr 12 18:02:14 ovzhost sshd[1125]: pam_unix(sshd:auth): authentication failure; logname= uid=0 euid=0 tty=ssh ruser= rhost=43.255.190.174  user=root
Apr 12 18:02:15 ovzhost sshd[1121]: Failed password for root from 43.255.190.189 port 33624 ssh2
Apr 12 18:02:15 ovzhost sshd[1123]: Failed password for root from 43.255.190.174 port 34844 ssh2
Apr 12 18:02:16 ovzhost sshd[1125]: Failed password for root from 43.255.190.174 port 37704 ssh2
Apr 12 18:02:20 ovzhost sshd[1121]: message repeated 2 times: [ Failed password for root from 43.255.190.189 port 33624 ssh2]
Apr 12 18:02:20 ovzhost sshd[1121]: Received disconnect from 43.255.190.189: 11:  [preauth]
Apr 12 18:02:20 ovzhost sshd[1121]: PAM 2 more authentication failures; logname= uid=0 euid=0 tty=ssh ruser= rhost=43.255.190.189  user=root
Apr 12 18:02:20 ovzhost sshd[1123]: message repeated 2 times: [ Failed password for root from 43.255.190.174 port 34844 ssh2]
Apr 12 18:02:20 ovzhost sshd[1123]: Received disconnect from 43.255.190.174: 11:  [preauth]
Apr 12 18:02:20 ovzhost sshd[1123]: PAM 2 more authentication failures; logname= uid=0 euid=0 tty=ssh ruser= rhost=43.255.190.174  user=root
Apr 12 18:02:20 ovzhost sshd[1127]: pam_unix(sshd:auth): authentication failure; logname= uid=0 euid=0 tty=ssh ruser= rhost=43.255.190.189  user=root
Apr 12 18:02:20 ovzhost sshd[1129]: pam_unix(sshd:auth): authentication failure; logname= uid=0 euid=0 tty=ssh ruser= rhost=43.255.190.174  user=root
Apr 12 18:02:20 ovzhost sshd[1125]: message repeated 2 times: [ Failed password for root from 43.255.190.174 port 37704 ssh2]
Apr 12 18:02:21 ovzhost sshd[1125]: Received disconnect from 43.255.190.174: 11:  [preauth]
Apr 12 18:02:21 ovzhost sshd[1125]: PAM 2 more authentication failures; logname= uid=0 euid=0 tty=ssh ruser= rhost=43.255.190.174  user=root
Apr 12 18:02:21 ovzhost sshd[1131]: pam_unix(sshd:auth): authentication failure; logname= uid=0 euid=0 tty=ssh ruser= rhost=43.255.190.174  user=root
Apr 12 18:02:22 ovzhost sshd[1127]: Failed password for root from 43.255.190.189 port 49396 ssh2
Apr 12 18:02:22 ovzhost sshd[1129]: Failed password for root from 43.255.190.174 port 50776 ssh2
Apr 12 18:02:23 ovzhost sshd[1131]: Failed password for root from 43.255.190.174 port 52618 ssh2
Apr 12 18:02:25 ovzhost sshd[1127]: message repeated 2 times: [ Failed password for root from 43.255.190.189 port 49396 ssh2]
Apr 12 18:02:25 ovzhost sshd[1127]: Received disconnect from 43.255.190.189: 11:  [preauth]
Apr 12 18:02:25 ovzhost sshd[1127]: PAM 2 more authentication failures; logname= uid=0 euid=0 tty=ssh ruser= rhost=43.255.190.189  user=root
Apr 12 18:02:25 ovzhost sshd[1129]: message repeated 2 times: [ Failed password for root from 43.255.190.174 port 50776 ssh2]
Apr 12 18:02:25 ovzhost sshd[1129]: Received disconnect from 43.255.190.174: 11:  [preauth]
Apr 12 18:02:25 ovzhost sshd[1129]: PAM 2 more authentication failures; logname= uid=0 euid=0 tty=ssh ruser= rhost=43.255.190.174  user=root
Apr 12 18:02:26 ovzhost sshd[1133]: pam_unix(sshd:auth): authentication failure; logname= uid=0 euid=0 tty=ssh ruser= rhost=43.255.190.189  user=root
Apr 12 18:02:26 ovzhost sshd[1135]: pam_unix(sshd:auth): authentication failure; logname= uid=0 euid=0 tty=ssh ruser= rhost=43.255.190.174  user=root
Apr 12 18:02:27 ovzhost sshd[1131]: message repeated 2 times: [ Failed password for root from 43.255.190.174 port 52618 ssh2]
Apr 12 18:02:27 ovzhost sshd[1131]: Received disconnect from 43.255.190.174: 11:  [preauth]
Apr 12 18:02:27 ovzhost sshd[1131]: PAM 2 more authentication failures; logname= uid=0 euid=0 tty=ssh ruser= rhost=43.255.190.174  user=root
Apr 12 18:02:28 ovzhost sshd[1137]: pam_unix(sshd:auth): authentication failure; logname= uid=0 euid=0 tty=ssh ruser= rhost=43.255.190.174  user=root
Apr 12 18:02:28 ovzhost sshd[1133]: Failed password for root from 43.255.190.189 port 34170 ssh2
Apr 12 18:02:28 ovzhost sshd[1135]: Failed password for root from 43.255.190.174 port 35314 ssh2
Apr 12 18:02:30 ovzhost sshd[1137]: Failed password for root from 43.255.190.174 port 38681 ssh2
Apr 12 18:02:32 ovzhost sshd[1133]: message repeated 2 times: [ Failed password for root from 43.255.190.189 port 34170 ssh2]
Apr 12 18:02:32 ovzhost sshd[1133]: Received disconnect from 43.255.190.189: 11:  [preauth]
Apr 12 18:02:32 ovzhost sshd[1133]: PAM 2 more authentication failures; logname= uid=0 euid=0 tty=ssh ruser= rhost=43.255.190.189  user=root
Apr 12 18:02:32 ovzhost sshd[1135]: message repeated 2 times: [ Failed password for root from 43.255.190.174 port 35314 ssh2]
Apr 12 18:02:32 ovzhost sshd[1135]: Received disconnect from 43.255.190.174: 11:  [preauth]
Apr 12 18:02:32 ovzhost sshd[1135]: PAM 2 more authentication failures; logname= uid=0 euid=0 tty=ssh ruser= rhost=43.255.190.174  user=root
Apr 12 18:02:33 ovzhost sshd[1139]: pam_unix(sshd:auth): authentication failure; logname= uid=0 euid=0 tty=ssh ruser= rhost=43.255.190.189  user=root
Apr 12 18:02:33 ovzhost sshd[1141]: pam_unix(sshd:auth): authentication failure; logname= uid=0 euid=0 tty=ssh ruser= rhost=43.255.190.174  user=root
Apr 12 18:02:33 ovzhost sshd[1137]: message repeated 2 times: [ Failed password for root from 43.255.190.174 port 38681 ssh2]
Apr 12 18:02:33 ovzhost sshd[1137]: Received disconnect from 43.255.190.174: 11:  [preauth]
Apr 12 18:02:33 ovzhost sshd[1137]: PAM 2 more authentication failures; logname= uid=0 euid=0 tty=ssh ruser= rhost=43.255.190.174  user=root
Apr 12 18:02:34 ovzhost sshd[1143]: pam_unix(sshd:auth): authentication failure; logname= uid=0 euid=0 tty=ssh ruser= rhost=43.255.190.174  user=root
Apr 12 18:02:34 ovzhost sshd[1139]: Failed password for root from 43.255.190.189 port 47010 ssh2
Apr 12 18:02:34 ovzhost sshd[1141]: Failed password for root from 43.255.190.174 port 48649 ssh2
Apr 12 18:02:35 ovzhost sshd[1143]: Failed password for root from 43.255.190.174 port 50914 ssh2
Apr 12 18:02:39 ovzhost sshd[1139]: message repeated 2 times: [ Failed password for root from 43.255.190.189 port 47010 ssh2]
Apr 12 18:02:39 ovzhost sshd[1139]: Received disconnect from 43.255.190.189: 11:  [preauth]
Apr 12 18:02:39 ovzhost sshd[1139]: PAM 2 more authentication failures; logname= uid=0 euid=0 tty=ssh ruser= rhost=43.255.190.189  user=root
Apr 12 18:02:39 ovzhost sshd[1141]: message repeated 2 times: [ Failed password for root from 43.255.190.174 port 48649 ssh2]
Apr 12 18:02:39 ovzhost sshd[1141]: Received disconnect from 43.255.190.174: 11:  [preauth]
Apr 12 18:02:39 ovzhost sshd[1141]: PAM 2 more authentication failures; logname= uid=0 euid=0 tty=ssh ruser= rhost=43.255.190.174  user=root
Apr 12 18:02:39 ovzhost sshd[1145]: pam_unix(sshd:auth): authentication failure; logname= uid=0 euid=0 tty=ssh ruser= rhost=43.255.190.189  user=root
Apr 12 18:02:39 ovzhost sshd[1147]: pam_unix(sshd:auth): authentication failure; logname= uid=0 euid=0 tty=ssh ruser= rhost=43.255.190.174  user=root
Apr 12 18:02:40 ovzhost sshd[1143]: message repeated 2 times: [ Failed password for root from 43.255.190.174 port 50914 ssh2]
Apr 12 18:02:40 ovzhost sshd[1143]: Received disconnect from 43.255.190.174: 11:  [preauth]
Apr 12 18:02:40 ovzhost sshd[1143]: PAM 2 more authentication failures; logname= uid=0 euid=0 tty=ssh ruser= rhost=43.255.190.174  user=root
Apr 12 18:02:40 ovzhost sshd[1149]: pam_unix(sshd:auth): authentication failure; logname= uid=0 euid=0 tty=ssh ruser= rhost=43.255.190.174  user=root
Apr 12 18:02:41 ovzhost sshd[1145]: Failed password for root from 43.255.190.189 port 59435 ssh2
Apr 12 18:02:41 ovzhost sshd[1147]: Failed password for root from 43.255.190.174 port 33130 ssh2
Apr 12 18:02:43 ovzhost sshd[1149]: Failed password for root from 43.255.190.174 port 35448 ssh2
Apr 12 18:02:45 ovzhost sshd[1145]: message repeated 2 times: [ Failed password for root from 43.255.190.189 port 59435 ssh2]
Apr 12 18:02:45 ovzhost sshd[1145]: Received disconnect from 43.255.190.189: 11:  [preauth]
Apr 12 18:02:45 ovzhost sshd[1147]: message repeated 2 times: [ Failed password for root from 43.255.190.174 port 33130 ssh2]
Apr 12 18:02:45 ovzhost sshd[1147]: Received disconnect from 43.255.190.174: 11:  [preauth]
Apr 12 18:02:45 ovzhost sshd[1147]: PAM 2 more authentication failures; logname= uid=0 euid=0 tty=ssh ruser= rhost=43.255.190.174  user=root
Apr 12 18:02:45 ovzhost sshd[1145]: PAM 2 more authentication failures; logname= uid=0 euid=0 tty=ssh ruser= rhost=43.255.190.189  user=root
Apr 12 18:02:46 ovzhost sshd[1151]: pam_unix(sshd:auth): authentication failure; logname= uid=0 euid=0 tty=ssh ruser= rhost=43.255.190.174  user=root
Apr 12 18:02:46 ovzhost sshd[1152]: pam_unix(sshd:auth): authentication failure; logname= uid=0 euid=0 tty=ssh ruser= rhost=43.255.190.189  user=root
Apr 12 18:02:47 ovzhost sshd[1149]: message repeated 2 times: [ Failed password for root from 43.255.190.174 port 35448 ssh2]
Apr 12 18:02:47 ovzhost sshd[1149]: Received disconnect from 43.255.190.174: 11:  [preauth]
Apr 12 18:02:47 ovzhost sshd[1149]: PAM 2 more authentication failures; logname= uid=0 euid=0 tty=ssh ruser= rhost=43.255.190.174  user=root
Apr 12 18:02:47 ovzhost sshd[1155]: pam_unix(sshd:auth): authentication failure; logname= uid=0 euid=0 tty=ssh ruser= rhost=43.255.190.174  user=root
Apr 12 18:02:48 ovzhost sshd[1151]: Failed password for root from 43.255.190.174 port 47190 ssh2
Apr 12 18:02:48 ovzhost sshd[1152]: Failed password for root from 43.255.190.189 port 45101 ssh2
Apr 12 18:02:49 ovzhost sshd[1155]: Failed password for root from 43.255.190.174 port 49800 ssh2
Apr 12 18:02:53 ovzhost sshd[1151]: message repeated 2 times: [ Failed password for root from 43.255.190.174 port 47190 ssh2]
Apr 12 18:02:53 ovzhost sshd[1151]: Received disconnect from 43.255.190.174: 11:  [preauth]
Apr 12 18:02:53 ovzhost sshd[1151]: PAM 2 more authentication failures; logname= uid=0 euid=0 tty=ssh ruser= rhost=43.255.190.174  user=root
Apr 12 18:02:53 ovzhost sshd[1152]: message repeated 2 times: [ Failed password for root from 43.255.190.189 port 45101 ssh2]
Apr 12 18:02:53 ovzhost sshd[1152]: Received disconnect from 43.255.190.189: 11:  [preauth]
Apr 12 18:02:53 ovzhost sshd[1152]: PAM 2 more authentication failures; logname= uid=0 euid=0 tty=ssh ruser= rhost=43.255.190.189  user=root
Apr 12 18:02:53 ovzhost sshd[1157]: pam_unix(sshd:auth): authentication failure; logname= uid=0 euid=0 tty=ssh ruser= rhost=43.255.190.174  user=root
Apr 12 18:02:53 ovzhost sshd[1158]: pam_unix(sshd:auth): authentication failure; logname= uid=0 euid=0 tty=ssh ruser= rhost=43.255.190.189  user=root
Apr 12 18:02:54 ovzhost sshd[1155]: message repeated 2 times: [ Failed password for root from 43.255.190.174 port 49800 ssh2]
Apr 12 18:02:54 ovzhost sshd[1155]: Received disconnect from 43.255.190.174: 11:  [preauth]
Apr 12 18:02:54 ovzhost sshd[1155]: PAM 2 more authentication failures; logname= uid=0 euid=0 tty=ssh ruser= rhost=43.255.190.174  user=root
Apr 12 18:02:54 ovzhost sshd[1161]: pam_unix(sshd:auth): authentication failure; logname= uid=0 euid=0 tty=ssh ruser= rhost=43.255.190.174  user=root
Apr 12 18:02:55 ovzhost sshd[1157]: Failed password for root from 43.255.190.174 port 60576 ssh2
Apr 12 18:02:55 ovzhost sshd[1158]: Failed password for root from 43.255.190.189 port 57977 ssh2
Apr 12 18:02:56 ovzhost sshd[1161]: Failed password for root from 43.255.190.174 port 34316 ssh2
Apr 12 18:02:59 ovzhost sshd[1157]: message repeated 2 times: [ Failed password for root from 43.255.190.174 port 60576 ssh2]
Apr 12 18:02:59 ovzhost sshd[1157]: Received disconnect from 43.255.190.174: 11:  [preauth]
Apr 12 18:02:59 ovzhost sshd[1157]: PAM 2 more authentication failures; logname= uid=0 euid=0 tty=ssh ruser= rhost=43.255.190.174  user=root
Apr 12 18:02:59 ovzhost sshd[1158]: message repeated 2 times: [ Failed password for root from 43.255.190.189 port 57977 ssh2]
Apr 12 18:02:59 ovzhost sshd[1158]: Received disconnect from 43.255.190.189: 11:  [preauth]
Apr 12 18:02:59 ovzhost sshd[1158]: PAM 2 more authentication failures; logname= uid=0 euid=0 tty=ssh ruser= rhost=43.255.190.189  user=root
Apr 12 18:02:59 ovzhost sshd[1161]: message repeated 2 times: [ Failed password for root from 43.255.190.174 port 34316 ssh2]
Apr 12 18:03:00 ovzhost sshd[1161]: Received disconnect from 43.255.190.174: 11:  [preauth]
Apr 12 18:03:00 ovzhost sshd[1161]: PAM 2 more authentication failures; logname= uid=0 euid=0 tty=ssh ruser= rhost=43.255.190.174  user=root
Apr 12 18:03:00 ovzhost sshd[1164]: pam_unix(sshd:auth): authentication failure; logname= uid=0 euid=0 tty=ssh ruser= rhost=43.255.190.174  user=root
Apr 12 18:03:00 ovzhost sshd[1165]: pam_unix(sshd:auth): authentication failure; logname= uid=0 euid=0 tty=ssh ruser= rhost=43.255.190.189  user=root
Apr 12 18:03:00 ovzhost sshd[1168]: pam_unix(sshd:auth): authentication failure; logname= uid=0 euid=0 tty=ssh ruser= rhost=43.255.190.174  user=root
Apr 12 18:03:02 ovzhost sshd[1164]: Failed password for root from 43.255.190.174 port 45769 ssh2
Apr 12 18:03:02 ovzhost sshd[1165]: Failed password for root from 43.255.190.189 port 42918 ssh2
Apr 12 18:03:02 ovzhost sshd[1168]: Failed password for root from 43.255.190.174 port 47071 ssh2
Apr 12 18:03:06 ovzhost sshd[1168]: message repeated 2 times: [ Failed password for root from 43.255.190.174 port 47071 ssh2]
Apr 12 18:03:06 ovzhost sshd[1168]: Received disconnect from 43.255.190.174: 11:  [preauth]
Apr 12 18:03:06 ovzhost sshd[1168]: PAM 2 more authentication failures; logname= uid=0 euid=0 tty=ssh ruser= rhost=43.255.190.174  user=root
Apr 12 18:03:06 ovzhost sshd[1165]: message repeated 2 times: [ Failed password for root from 43.255.190.189 port 42918 ssh2]
Apr 12 18:03:06 ovzhost sshd[1165]: Received disconnect from 43.255.190.189: 11:  [preauth]
Apr 12 18:03:06 ovzhost sshd[1165]: PAM 2 more authentication failures; logname= uid=0 euid=0 tty=ssh ruser= rhost=43.255.190.189  user=root
Apr 12 18:03:06 ovzhost sshd[1164]: message repeated 2 times: [ Failed password for root from 43.255.190.174 port 45769 ssh2]
Apr 12 18:03:06 ovzhost sshd[1164]: Received disconnect from 43.255.190.174: 11:  [preauth]
Apr 12 18:03:06 ovzhost sshd[1164]: PAM 2 more authentication failures; logname= uid=0 euid=0 tty=ssh ruser= rhost=43.255.190.174  user=root
Apr 12 18:03:07 ovzhost sshd[1170]: pam_unix(sshd:auth): authentication failure; logname= uid=0 euid=0 tty=ssh ruser= rhost=43.255.190.174  user=root
Apr 12 18:03:07 ovzhost sshd[1172]: pam_unix(sshd:auth): authentication failure; logname= uid=0 euid=0 tty=ssh ruser= rhost=43.255.190.189  user=root
Apr 12 18:03:07 ovzhost sshd[1173]: pam_unix(sshd:auth): authentication failure; logname= uid=0 euid=0 tty=ssh ruser= rhost=43.255.190.174  user=root
Apr 12 18:03:09 ovzhost sshd[1170]: Failed password for root from 43.255.190.174 port 60088 ssh2
Apr 12 18:03:09 ovzhost sshd[1172]: Failed password for root from 43.255.190.189 port 56977 ssh2
Apr 12 18:03:09 ovzhost sshd[1173]: Failed password for root from 43.255.190.174 port 60344 ssh2
Apr 12 18:03:13 ovzhost sshd[1170]: message repeated 2 times: [ Failed password for root from 43.255.190.174 port 60088 ssh2]
Apr 12 18:03:13 ovzhost sshd[1170]: Received disconnect from 43.255.190.174: 11:  [preauth]
Apr 12 18:03:13 ovzhost sshd[1170]: PAM 2 more authentication failures; logname= uid=0 euid=0 tty=ssh ruser= rhost=43.255.190.174  user=root
Apr 12 18:03:13 ovzhost sshd[1172]: message repeated 2 times: [ Failed password for root from 43.255.190.189 port 56977 ssh2]
Apr 12 18:03:13 ovzhost sshd[1172]: Received disconnect from 43.255.190.189: 11:  [preauth]
Apr 12 18:03:13 ovzhost sshd[1172]: PAM 2 more authentication failures; logname= uid=0 euid=0 tty=ssh ruser= rhost=43.255.190.189  user=root
Apr 12 18:03:13 ovzhost sshd[1173]: message repeated 2 times: [ Failed password for root from 43.255.190.174 port 60344 ssh2]
Apr 12 18:03:13 ovzhost sshd[1173]: Received disconnect from 43.255.190.174: 11:  [preauth]
Apr 12 18:03:13 ovzhost sshd[1173]: PAM 2 more authentication failures; logname= uid=0 euid=0 tty=ssh ruser= rhost=43.255.190.174  user=root
Apr 12 18:03:14 ovzhost sshd[1176]: pam_unix(sshd:auth): authentication failure; logname= uid=0 euid=0 tty=ssh ruser= rhost=43.255.190.174  user=root
Apr 12 18:03:14 ovzhost sshd[1179]: pam_unix(sshd:auth): authentication failure; logname= uid=0 euid=0 tty=ssh ruser= rhost=43.255.190.174  user=root
Apr 12 18:03:14 ovzhost sshd[1178]: pam_unix(sshd:auth): authentication failure; logname= uid=0 euid=0 tty=ssh ruser= rhost=43.255.190.189  user=root
Apr 12 18:03:15 ovzhost sshd[1176]: Failed password for root from 43.255.190.174 port 44931 ssh2
Apr 12 18:03:15 ovzhost sshd[1179]: Failed password for root from 43.255.190.174 port 45107 ssh2
Apr 12 18:03:15 ovzhost sshd[1178]: Failed password for root from 43.255.190.189 port 41590 ssh2
Apr 12 18:03:19 ovzhost sshd[1176]: message repeated 2 times: [ Failed password for root from 43.255.190.174 port 44931 ssh2]
Apr 12 18:03:19 ovzhost sshd[1176]: Received disconnect from 43.255.190.174: 11:  [preauth]
Apr 12 18:03:19 ovzhost sshd[1176]: PAM 2 more authentication failures; logname= uid=0 euid=0 tty=ssh ruser= rhost=43.255.190.174  user=root
Apr 12 18:03:19 ovzhost sshd[1179]: message repeated 2 times: [ Failed password for root from 43.255.190.174 port 45107 ssh2]
Apr 12 18:03:19 ovzhost sshd[1179]: Received disconnect from 43.255.190.174: 11:  [preauth]
Apr 12 18:03:19 ovzhost sshd[1179]: PAM 2 more authentication failures; logname= uid=0 euid=0 tty=ssh ruser= rhost=43.255.190.174  user=root
Apr 12 18:03:19 ovzhost sshd[1178]: message repeated 2 times: [ Failed password for root from 43.255.190.189 port 41590 ssh2]
Apr 12 18:03:19 ovzhost sshd[1178]: Received disconnect from 43.255.190.189: 11:  [preauth]
Apr 12 18:03:19 ovzhost sshd[1178]: PAM 2 more authentication failures; logname= uid=0 euid=0 tty=ssh ruser= rhost=43.255.190.189  user=root
Apr 12 18:03:20 ovzhost sshd[1186]: pam_unix(sshd:auth): authentication failure; logname= uid=0 euid=0 tty=ssh ruser= rhost=43.255.190.174  user=root
Apr 12 18:03:20 ovzhost sshd[1188]: pam_unix(sshd:auth): authentication failure; logname= uid=0 euid=0 tty=ssh ruser= rhost=43.255.190.174  user=root
Apr 12 18:03:20 ovzhost sshd[1190]: pam_unix(sshd:auth): authentication failure; logname= uid=0 euid=0 tty=ssh ruser= rhost=43.255.190.189  user=root
Apr 12 18:03:21 ovzhost sshd[1193]: Connection closed by 127.0.0.1 [preauth]
Apr 12 18:03:21 ovzhost sshd[1186]: Failed password for root from 43.255.190.174 port 56721 ssh2
Apr 12 18:03:21 ovzhost sshd[1188]: Failed password for root from 43.255.190.174 port 56876 ssh2
Apr 12 18:03:21 ovzhost sshd[1190]: Failed password for root from 43.255.190.189 port 53311 ssh2
Apr 12 18:03:25 ovzhost sshd[1186]: message repeated 2 times: [ Failed password for root from 43.255.190.174 port 56721 ssh2]
Apr 12 18:03:25 ovzhost sshd[1186]: Received disconnect from 43.255.190.174: 11:  [preauth]
Apr 12 18:03:25 ovzhost sshd[1186]: PAM 2 more authentication failures; logname= uid=0 euid=0 tty=ssh ruser= rhost=43.255.190.174  user=root
Apr 12 18:03:25 ovzhost sshd[1188]: message repeated 2 times: [ Failed password for root from 43.255.190.174 port 56876 ssh2]
Apr 12 18:03:25 ovzhost sshd[1188]: Received disconnect from 43.255.190.174: 11:  [preauth]
Apr 12 18:03:25 ovzhost sshd[1188]: PAM 2 more authentication failures; logname= uid=0 euid=0 tty=ssh ruser= rhost=43.255.190.174  user=root
Apr 12 18:03:25 ovzhost sshd[1190]: message repeated 2 times: [ Failed password for root from 43.255.190.189 port 53311 ssh2]
Apr 12 18:03:25 ovzhost sshd[1190]: Received disconnect from 43.255.190.189: 11:  [preauth]
Apr 12 18:03:25 ovzhost sshd[1190]: PAM 2 more authentication failures; logname= uid=0 euid=0 tty=ssh ruser= rhost=43.255.190.189  user=root
Apr 12 18:03:26 ovzhost sshd[1184]: Invalid user fluffy from 195.154.71.129
Apr 12 18:03:26 ovzhost sshd[1184]: input_userauth_request: invalid user fluffy [preauth]
Apr 12 18:03:26 ovzhost sshd[1184]: pam_unix(sshd:auth): check pass; user unknown
Apr 12 18:03:26 ovzhost sshd[1184]: pam_unix(sshd:auth): authentication failure; logname= uid=0 euid=0 tty=ssh ruser= rhost=195-154-71-129.rev.poneytelecom.eu 
Apr 12 18:03:26 ovzhost sshd[1195]: pam_unix(sshd:auth): authentication failure; logname= uid=0 euid=0 tty=ssh ruser= rhost=43.255.190.174  user=root
Apr 12 18:03:26 ovzhost sshd[1197]: pam_unix(sshd:auth): authentication failure; logname= uid=0 euid=0 tty=ssh ruser= rhost=43.255.190.174  user=root
Apr 12 18:03:26 ovzhost sshd[1199]: pam_unix(sshd:auth): authentication failure; logname= uid=0 euid=0 tty=ssh ruser= rhost=43.255.190.189  user=root
Apr 12 18:03:27 ovzhost sshd[1184]: Failed password for invalid user fluffy from 195.154.71.129 port 59154 ssh2
Apr 12 18:03:27 ovzhost sshd[1184]: Connection closed by 195.154.71.129 [preauth]
Apr 12 18:03:27 ovzhost sshd[1195]: Failed password for root from 43.255.190.174 port 41373 ssh2
Apr 12 18:03:28 ovzhost sshd[1197]: Failed password for root from 43.255.190.174 port 41475 ssh2
Apr 12 18:03:28 ovzhost sshd[1199]: Failed password for root from 43.255.190.189 port 37251 ssh2
Apr 12 18:03:32 ovzhost sshd[1195]: message repeated 2 times: [ Failed password for root from 43.255.190.174 port 41373 ssh2]
Apr 12 18:03:32 ovzhost sshd[1195]: Received disconnect from 43.255.190.174: 11:  [preauth]
Apr 12 18:03:32 ovzhost sshd[1195]: PAM 2 more authentication failures; logname= uid=0 euid=0 tty=ssh ruser= rhost=43.255.190.174  user=root
Apr 12 18:03:32 ovzhost sshd[1197]: message repeated 2 times: [ Failed password for root from 43.255.190.174 port 41475 ssh2]
Apr 12 18:03:32 ovzhost sshd[1197]: Received disconnect from 43.255.190.174: 11:  [preauth]
Apr 12 18:03:32 ovzhost sshd[1197]: PAM 2 more authentication failures; logname= uid=0 euid=0 tty=ssh ruser= rhost=43.255.190.174  user=root
Apr 12 18:03:32 ovzhost sshd[1199]: message repeated 2 times: [ Failed password for root from 43.255.190.189 port 37251 ssh2]
Apr 12 18:03:32 ovzhost sshd[1199]: Received disconnect from 43.255.190.189: 11:  [preauth]
Apr 12 18:03:32 ovzhost sshd[1199]: PAM 2 more authentication failures; logname= uid=0 euid=0 tty=ssh ruser= rhost=43.255.190.189  user=root
Apr 12 18:03:32 ovzhost sshd[1201]: pam_unix(sshd:auth): authentication failure; logname= uid=0 euid=0 tty=ssh ruser= rhost=43.255.190.174  user=root
Apr 12 18:03:32 ovzhost sshd[1203]: pam_unix(sshd:auth): authentication failure; logname= uid=0 euid=0 tty=ssh ruser= rhost=43.255.190.174  user=root
Apr 12 18:03:32 ovzhost sshd[1205]: pam_unix(sshd:auth): authentication failure; logname= uid=0 euid=0 tty=ssh ruser= rhost=43.255.190.189  user=root
Apr 12 18:03:34 ovzhost sshd[1201]: Failed password for root from 43.255.190.174 port 53211 ssh2
Apr 12 18:03:34 ovzhost sshd[1203]: Failed password for root from 43.255.190.174 port 53275 ssh2
Apr 12 18:03:34 ovzhost sshd[1205]: Failed password for root from 43.255.190.189 port 48917 ssh2
Apr 12 18:03:39 ovzhost sshd[1201]: message repeated 2 times: [ Failed password for root from 43.255.190.174 port 53211 ssh2]
Apr 12 18:03:39 ovzhost sshd[1201]: Received disconnect from 43.255.190.174: 11:  [preauth]
Apr 12 18:03:39 ovzhost sshd[1201]: PAM 2 more authentication failures; logname= uid=0 euid=0 tty=ssh ruser= rhost=43.255.190.174  user=root
Apr 12 18:03:39 ovzhost sshd[1203]: message repeated 2 times: [ Failed password for root from 43.255.190.174 port 53275 ssh2]
Apr 12 18:03:39 ovzhost sshd[1203]: Received disconnect from 43.255.190.174: 11:  [preauth]
Apr 12 18:03:39 ovzhost sshd[1203]: PAM 2 more authentication failures; logname= uid=0 euid=0 tty=ssh ruser= rhost=43.255.190.174  user=root
Apr 12 18:03:39 ovzhost sshd[1205]: message repeated 2 times: [ Failed password for root from 43.255.190.189 port 48917 ssh2]
Apr 12 18:03:39 ovzhost sshd[1205]: Received disconnect from 43.255.190.189: 11:  [preauth]
Apr 12 18:03:39 ovzhost sshd[1205]: PAM 2 more authentication failures; logname= uid=0 euid=0 tty=ssh ruser= rhost=43.255.190.189  user=root
Apr 12 18:03:39 ovzhost sshd[1207]: pam_unix(sshd:auth): authentication failure; logname= uid=0 euid=0 tty=ssh ruser= rhost=43.255.190.174  user=root
Apr 12 18:03:39 ovzhost sshd[1209]: pam_unix(sshd:auth): authentication failure; logname= uid=0 euid=0 tty=ssh ruser= rhost=43.255.190.174  user=root
Apr 12 18:03:39 ovzhost sshd[1211]: pam_unix(sshd:auth): authentication failure; logname= uid=0 euid=0 tty=ssh ruser= rhost=43.255.190.189  user=root
Apr 12 18:03:41 ovzhost sshd[1207]: Failed password for root from 43.255.190.174 port 38168 ssh2
Apr 12 18:03:41 ovzhost sshd[1209]: Failed password for root from 43.255.190.174 port 38225 ssh2
Apr 12 18:03:41 ovzhost sshd[1211]: Failed password for root from 43.255.190.189 port 33941 ssh2
Apr 12 18:03:45 ovzhost sshd[1207]: message repeated 2 times: [ Failed password for root from 43.255.190.174 port 38168 ssh2]
Apr 12 18:03:45 ovzhost sshd[1207]: Received disconnect from 43.255.190.174: 11:  [preauth]
Apr 12 18:03:45 ovzhost sshd[1207]: PAM 2 more authentication failures; logname= uid=0 euid=0 tty=ssh ruser= rhost=43.255.190.174  user=root
Apr 12 18:03:45 ovzhost sshd[1209]: message repeated 2 times: [ Failed password for root from 43.255.190.174 port 38225 ssh2]
Apr 12 18:03:45 ovzhost sshd[1209]: Received disconnect from 43.255.190.174: 11:  [preauth]
Apr 12 18:03:45 ovzhost sshd[1209]: PAM 2 more authentication failures; logname= uid=0 euid=0 tty=ssh ruser= rhost=43.255.190.174  user=root
Apr 12 18:03:45 ovzhost sshd[1211]: message repeated 2 times: [ Failed password for root from 43.255.190.189 port 33941 ssh2]
Apr 12 18:03:45 ovzhost sshd[1211]: Received disconnect from 43.255.190.189: 11:  [preauth]
Apr 12 18:03:45 ovzhost sshd[1211]: PAM 2 more authentication failures; logname= uid=0 euid=0 tty=ssh ruser= rhost=43.255.190.189  user=root
Apr 12 18:03:46 ovzhost sshd[1213]: pam_unix(sshd:auth): authentication failure; logname= uid=0 euid=0 tty=ssh ruser= rhost=43.255.190.174  user=root
Apr 12 18:03:46 ovzhost sshd[1215]: pam_unix(sshd:auth): authentication failure; logname= uid=0 euid=0 tty=ssh ruser= rhost=43.255.190.174  user=root
Apr 12 18:03:46 ovzhost sshd[1217]: pam_unix(sshd:auth): authentication failure; logname= uid=0 euid=0 tty=ssh ruser= rhost=43.255.190.189  user=root
Apr 12 18:03:48 ovzhost sshd[1213]: Failed password for root from 43.255.190.174 port 50817 ssh2
Apr 12 18:03:48 ovzhost sshd[1215]: Failed password for root from 43.255.190.174 port 50893 ssh2
Apr 12 18:03:48 ovzhost sshd[1217]: Failed password for root from 43.255.190.189 port 46601 ssh2
Apr 12 18:03:52 ovzhost sshd[1213]: message repeated 2 times: [ Failed password for root from 43.255.190.174 port 50817 ssh2]
Apr 12 18:03:52 ovzhost sshd[1213]: Received disconnect from 43.255.190.174: 11:  [preauth]
Apr 12 18:03:52 ovzhost sshd[1213]: PAM 2 more authentication failures; logname= uid=0 euid=0 tty=ssh ruser= rhost=43.255.190.174  user=root
Apr 12 18:03:52 ovzhost sshd[1215]: message repeated 2 times: [ Failed password for root from 43.255.190.174 port 50893 ssh2]
Apr 12 18:03:52 ovzhost sshd[1215]: Received disconnect from 43.255.190.174: 11:  [preauth]
Apr 12 18:03:52 ovzhost sshd[1215]: PAM 2 more authentication failures; logname= uid=0 euid=0 tty=ssh ruser= rhost=43.255.190.174  user=root
Apr 12 18:03:52 ovzhost sshd[1217]: message repeated 2 times: [ Failed password for root from 43.255.190.189 port 46601 ssh2]
Apr 12 18:03:52 ovzhost sshd[1217]: Received disconnect from 43.255.190.189: 11:  [preauth]
Apr 12 18:03:52 ovzhost sshd[1217]: PAM 2 more authentication failures; logname= uid=0 euid=0 tty=ssh ruser= rhost=43.255.190.189  user=root
Apr 12 18:03:52 ovzhost sshd[1219]: pam_unix(sshd:auth): authentication failure; logname= uid=0 euid=0 tty=ssh ruser= rhost=43.255.190.174  user=root
Apr 12 18:03:52 ovzhost sshd[1221]: pam_unix(sshd:auth): authentication failure; logname= uid=0 euid=0 tty=ssh ruser= rhost=43.255.190.174  user=root
Apr 12 18:03:52 ovzhost sshd[1223]: pam_unix(sshd:auth): authentication failure; logname= uid=0 euid=0 tty=ssh ruser= rhost=43.255.190.189  user=root
Apr 12 18:03:54 ovzhost sshd[1219]: Failed password for root from 43.255.190.174 port 34905 ssh2
Apr 12 18:03:54 ovzhost sshd[1221]: Failed password for root from 43.255.190.174 port 34962 ssh2
Apr 12 18:03:54 ovzhost sshd[1223]: Failed password for root from 43.255.190.189 port 58722 ssh2
Apr 12 18:03:57 ovzhost sshd[1219]: message repeated 2 times: [ Failed password for root from 43.255.190.174 port 34905 ssh2]
Apr 12 18:03:58 ovzhost sshd[1219]: Received disconnect from 43.255.190.174: 11:  [preauth]
Apr 12 18:03:58 ovzhost sshd[1219]: PAM 2 more authentication failures; logname= uid=0 euid=0 tty=ssh ruser= rhost=43.255.190.174  user=root
Apr 12 18:03:57 ovzhost sshd[1221]: message repeated 2 times: [ Failed password for root from 43.255.190.174 port 34962 ssh2]
Apr 12 18:03:58 ovzhost sshd[1221]: Received disconnect from 43.255.190.174: 11:  [preauth]
Apr 12 18:03:58 ovzhost sshd[1221]: PAM 2 more authentication failures; logname= uid=0 euid=0 tty=ssh ruser= rhost=43.255.190.174  user=root
Apr 12 18:03:57 ovzhost sshd[1223]: message repeated 2 times: [ Failed password for root from 43.255.190.189 port 58722 ssh2]
Apr 12 18:03:58 ovzhost sshd[1223]: Received disconnect from 43.255.190.189: 11:  [preauth]
Apr 12 18:03:58 ovzhost sshd[1223]: PAM 2 more authentication failures; logname= uid=0 euid=0 tty=ssh ruser= rhost=43.255.190.189  user=root
Apr 12 18:03:58 ovzhost sshd[1227]: pam_unix(sshd:auth): authentication failure; logname= uid=0 euid=0 tty=ssh ruser= rhost=43.255.190.174  user=root
Apr 12 18:03:58 ovzhost sshd[1229]: pam_unix(sshd:auth): authentication failure; logname= uid=0 euid=0 tty=ssh ruser= rhost=43.255.190.174  user=root
Apr 12 18:03:58 ovzhost sshd[1231]: pam_unix(sshd:auth): authentication failure; logname= uid=0 euid=0 tty=ssh ruser= rhost=43.255.190.189  user=root
Apr 12 18:04:00 ovzhost sshd[1227]: Failed password for root from 43.255.190.174 port 46343 ssh2
Apr 12 18:04:00 ovzhost sshd[1229]: Failed password for root from 43.255.190.174 port 46492 ssh2
Apr 12 18:04:00 ovzhost sshd[1231]: Failed password for root from 43.255.190.189 port 42499 ssh2
Apr 12 18:04:05 ovzhost sshd[1227]: message repeated 2 times: [ Failed password for root from 43.255.190.174 port 46343 ssh2]
Apr 12 18:04:05 ovzhost sshd[1227]: Received disconnect from 43.255.190.174: 11:  [preauth]
Apr 12 18:04:05 ovzhost sshd[1227]: PAM 2 more authentication failures; logname= uid=0 euid=0 tty=ssh ruser= rhost=43.255.190.174  user=root
Apr 12 18:04:05 ovzhost sshd[1229]: message repeated 2 times: [ Failed password for root from 43.255.190.174 port 46492 ssh2]
Apr 12 18:04:05 ovzhost sshd[1229]: Received disconnect from 43.255.190.174: 11:  [preauth]
Apr 12 18:04:05 ovzhost sshd[1229]: PAM 2 more authentication failures; logname= uid=0 euid=0 tty=ssh ruser= rhost=43.255.190.174  user=root
Apr 12 18:04:05 ovzhost sshd[1231]: message repeated 2 times: [ Failed password for root from 43.255.190.189 port 42499 ssh2]
Apr 12 18:04:05 ovzhost sshd[1231]: Received disconnect from 43.255.190.189: 11:  [preauth]
Apr 12 18:04:05 ovzhost sshd[1231]: PAM 2 more authentication failures; logname= uid=0 euid=0 tty=ssh ruser= rhost=43.255.190.189  user=root
Apr 12 18:04:05 ovzhost sshd[1233]: pam_unix(sshd:auth): authentication failure; logname= uid=0 euid=0 tty=ssh ruser= rhost=43.255.190.174  user=root
Apr 12 18:04:05 ovzhost sshd[1235]: pam_unix(sshd:auth): authentication failure; logname= uid=0 euid=0 tty=ssh ruser= rhost=43.255.190.174  user=root
Apr 12 18:04:05 ovzhost sshd[1237]: pam_unix(sshd:auth): authentication failure; logname= uid=0 euid=0 tty=ssh ruser= rhost=43.255.190.189  user=root
Apr 12 18:04:07 ovzhost sshd[1233]: Failed password for root from 43.255.190.174 port 59573 ssh2
Apr 12 18:04:07 ovzhost sshd[1235]: Failed password for root from 43.255.190.174 port 59704 ssh2
Apr 12 18:04:07 ovzhost sshd[1237]: Failed password for root from 43.255.190.189 port 56278 ssh2
Apr 12 18:04:11 ovzhost sshd[1233]: message repeated 2 times: [ Failed password for root from 43.255.190.174 port 59573 ssh2]
Apr 12 18:04:11 ovzhost sshd[1233]: Received disconnect from 43.255.190.174: 11:  [preauth]
Apr 12 18:04:11 ovzhost sshd[1233]: PAM 2 more authentication failures; logname= uid=0 euid=0 tty=ssh ruser= rhost=43.255.190.174  user=root
Apr 12 18:04:11 ovzhost sshd[1235]: message repeated 2 times: [ Failed password for root from 43.255.190.174 port 59704 ssh2]
Apr 12 18:04:11 ovzhost sshd[1235]: Received disconnect from 43.255.190.174: 11:  [preauth]
Apr 12 18:04:11 ovzhost sshd[1235]: PAM 2 more authentication failures; logname= uid=0 euid=0 tty=ssh ruser= rhost=43.255.190.174  user=root
Apr 12 18:04:11 ovzhost sshd[1237]: message repeated 2 times: [ Failed password for root from 43.255.190.189 port 56278 ssh2]
Apr 12 18:04:11 ovzhost sshd[1237]: Received disconnect from 43.255.190.189: 11:  [preauth]
Apr 12 18:04:11 ovzhost sshd[1237]: PAM 2 more authentication failures; logname= uid=0 euid=0 tty=ssh ruser= rhost=43.255.190.189  user=root
Apr 12 18:04:12 ovzhost sshd[1239]: pam_unix(sshd:auth): authentication failure; logname= uid=0 euid=0 tty=ssh ruser= rhost=43.255.190.174  user=root
Apr 12 18:04:12 ovzhost sshd[1241]: pam_unix(sshd:auth): authentication failure; logname= uid=0 euid=0 tty=ssh ruser= rhost=43.255.190.174  user=root
Apr 12 18:04:12 ovzhost sshd[1243]: pam_unix(sshd:auth): authentication failure; logname= uid=0 euid=0 tty=ssh ruser= rhost=43.255.190.189  user=root
Apr 12 18:04:14 ovzhost sshd[1239]: Failed password for root from 43.255.190.174 port 42921 ssh2
Apr 12 18:04:14 ovzhost sshd[1241]: Failed password for root from 43.255.190.174 port 42971 ssh2
Apr 12 18:04:14 ovzhost sshd[1243]: Failed password for root from 43.255.190.189 port 40190 ssh2
Apr 12 18:04:17 ovzhost sshd[1239]: message repeated 2 times: [ Failed password for root from 43.255.190.174 port 42921 ssh2]
Apr 12 18:04:17 ovzhost sshd[1239]: Received disconnect from 43.255.190.174: 11:  [preauth]
Apr 12 18:04:17 ovzhost sshd[1239]: PAM 2 more authentication failures; logname= uid=0 euid=0 tty=ssh ruser= rhost=43.255.190.174  user=root
Apr 12 18:04:17 ovzhost sshd[1241]: message repeated 2 times: [ Failed password for root from 43.255.190.174 port 42971 ssh2]
Apr 12 18:04:17 ovzhost sshd[1241]: Received disconnect from 43.255.190.174: 11:  [preauth]
Apr 12 18:04:17 ovzhost sshd[1241]: PAM 2 more authentication failures; logname= uid=0 euid=0 tty=ssh ruser= rhost=43.255.190.174  user=root
Apr 12 18:04:17 ovzhost sshd[1243]: message repeated 2 times: [ Failed password for root from 43.255.190.189 port 40190 ssh2]
Apr 12 18:04:17 ovzhost sshd[1243]: Received disconnect from 43.255.190.189: 11:  [preauth]
Apr 12 18:04:17 ovzhost sshd[1243]: PAM 2 more authentication failures; logname= uid=0 euid=0 tty=ssh ruser= rhost=43.255.190.189  user=root
Apr 12 18:04:18 ovzhost sshd[1246]: pam_unix(sshd:auth): authentication failure; logname= uid=0 euid=0 tty=ssh ruser= rhost=43.255.190.174  user=root
Apr 12 18:04:18 ovzhost sshd[1245]: pam_unix(sshd:auth): authentication failure; logname= uid=0 euid=0 tty=ssh ruser= rhost=43.255.190.174  user=root
Apr 12 18:04:18 ovzhost sshd[1249]: pam_unix(sshd:auth): authentication failure; logname= uid=0 euid=0 tty=ssh ruser= rhost=43.255.190.189  user=root
Apr 12 18:04:20 ovzhost sshd[1245]: Failed password for root from 43.255.190.174 port 55422 ssh2
Apr 12 18:04:20 ovzhost sshd[1246]: Failed password for root from 43.255.190.174 port 55442 ssh2
Apr 12 18:04:20 ovzhost sshd[1249]: Failed password for root from 43.255.190.189 port 52753 ssh2
Apr 12 18:04:23 ovzhost sshd[1246]: message repeated 2 times: [ Failed password for root from 43.255.190.174 port 55442 ssh2]
Apr 12 18:04:23 ovzhost sshd[1246]: Received disconnect from 43.255.190.174: 11:  [preauth]
Apr 12 18:04:23 ovzhost sshd[1246]: PAM 2 more authentication failures; logname= uid=0 euid=0 tty=ssh ruser= rhost=43.255.190.174  user=root
Apr 12 18:04:23 ovzhost sshd[1245]: message repeated 2 times: [ Failed password for root from 43.255.190.174 port 55422 ssh2]
Apr 12 18:04:23 ovzhost sshd[1245]: Received disconnect from 43.255.190.174: 11:  [preauth]
Apr 12 18:04:23 ovzhost sshd[1245]: PAM 2 more authentication failures; logname= uid=0 euid=0 tty=ssh ruser= rhost=43.255.190.174  user=root
Apr 12 18:04:23 ovzhost sshd[1249]: message repeated 2 times: [ Failed password for root from 43.255.190.189 port 52753 ssh2]
Apr 12 18:04:23 ovzhost sshd[1249]: Received disconnect from 43.255.190.189: 11:  [preauth]
Apr 12 18:04:23 ovzhost sshd[1249]: PAM 2 more authentication failures; logname= uid=0 euid=0 tty=ssh ruser= rhost=43.255.190.189  user=root
Apr 12 18:04:24 ovzhost sshd[1251]: pam_unix(sshd:auth): authentication failure; logname= uid=0 euid=0 tty=ssh ruser= rhost=43.255.190.174  user=root
Apr 12 18:04:24 ovzhost sshd[1252]: pam_unix(sshd:auth): authentication failure; logname= uid=0 euid=0 tty=ssh ruser= rhost=43.255.190.174  user=root
Apr 12 18:04:24 ovzhost sshd[1255]: pam_unix(sshd:auth): authentication failure; logname= uid=0 euid=0 tty=ssh ruser= rhost=43.255.190.189  user=root
Apr 12 18:04:26 ovzhost sshd[1251]: Failed password for root from 43.255.190.174 port 37868 ssh2
Apr 12 18:04:26 ovzhost sshd[1252]: Failed password for root from 43.255.190.174 port 37869 ssh2
Apr 12 18:04:26 ovzhost sshd[1255]: Failed password for root from 43.255.190.189 port 35229 ssh2
Apr 12 18:04:29 ovzhost sshd[1252]: message repeated 2 times: [ Failed password for root from 43.255.190.174 port 37869 ssh2]
Apr 12 18:04:29 ovzhost sshd[1252]: Received disconnect from 43.255.190.174: 11:  [preauth]
Apr 12 18:04:29 ovzhost sshd[1252]: PAM 2 more authentication failures; logname= uid=0 euid=0 tty=ssh ruser= rhost=43.255.190.174  user=root
Apr 12 18:04:29 ovzhost sshd[1251]: message repeated 2 times: [ Failed password for root from 43.255.190.174 port 37868 ssh2]
Apr 12 18:04:29 ovzhost sshd[1251]: Received disconnect from 43.255.190.174: 11:  [preauth]
Apr 12 18:04:29 ovzhost sshd[1251]: PAM 2 more authentication failures; logname= uid=0 euid=0 tty=ssh ruser= rhost=43.255.190.174  user=root
Apr 12 18:04:29 ovzhost sshd[1255]: message repeated 2 times: [ Failed password for root from 43.255.190.189 port 35229 ssh2]
Apr 12 18:04:29 ovzhost sshd[1255]: Received disconnect from 43.255.190.189: 11:  [preauth]
Apr 12 18:04:29 ovzhost sshd[1255]: PAM 2 more authentication failures; logname= uid=0 euid=0 tty=ssh ruser= rhost=43.255.190.189  user=root
Apr 12 18:04:30 ovzhost sshd[1261]: pam_unix(sshd:auth): authentication failure; logname= uid=0 euid=0 tty=ssh ruser= rhost=43.255.190.189  user=root
Apr 12 18:04:30 ovzhost sshd[1258]: pam_unix(sshd:auth): authentication failure; logname= uid=0 euid=0 tty=ssh ruser= rhost=43.255.190.174  user=root
Apr 12 18:04:30 ovzhost sshd[1257]: pam_unix(sshd:auth): authentication failure; logname= uid=0 euid=0 tty=ssh ruser= rhost=43.255.190.174  user=root
Apr 12 18:04:32 ovzhost sshd[1261]: Failed password for root from 43.255.190.189 port 47016 ssh2
Apr 12 18:04:32 ovzhost sshd[1258]: Failed password for root from 43.255.190.174 port 49639 ssh2
Apr 12 18:04:32 ovzhost sshd[1257]: Failed password for root from 43.255.190.174 port 49622 ssh2
Apr 12 18:04:36 ovzhost sshd[1261]: message repeated 2 times: [ Failed password for root from 43.255.190.189 port 47016 ssh2]
Apr 12 18:04:36 ovzhost sshd[1261]: Received disconnect from 43.255.190.189: 11:  [preauth]
Apr 12 18:04:36 ovzhost sshd[1261]: PAM 2 more authentication failures; logname= uid=0 euid=0 tty=ssh ruser= rhost=43.255.190.189  user=root
Apr 12 18:04:36 ovzhost sshd[1258]: message repeated 2 times: [ Failed password for root from 43.255.190.174 port 49639 ssh2]
Apr 12 18:04:36 ovzhost sshd[1258]: Received disconnect from 43.255.190.174: 11:  [preauth]
Apr 12 18:04:36 ovzhost sshd[1258]: PAM 2 more authentication failures; logname= uid=0 euid=0 tty=ssh ruser= rhost=43.255.190.174  user=root
Apr 12 18:04:36 ovzhost sshd[1257]: message repeated 2 times: [ Failed password for root from 43.255.190.174 port 49622 ssh2]
Apr 12 18:04:36 ovzhost sshd[1257]: Received disconnect from 43.255.190.174: 11:  [preauth]
Apr 12 18:04:36 ovzhost sshd[1257]: PAM 2 more authentication failures; logname= uid=0 euid=0 tty=ssh ruser= rhost=43.255.190.174  user=root
Apr 12 18:04:36 ovzhost sshd[1263]: pam_unix(sshd:auth): authentication failure; logname= uid=0 euid=0 tty=ssh ruser= rhost=43.255.190.189  user=root
Apr 12 18:04:36 ovzhost sshd[1265]: pam_unix(sshd:auth): authentication failure; logname= uid=0 euid=0 tty=ssh ruser= rhost=43.255.190.174  user=root
Apr 12 18:04:36 ovzhost sshd[1267]: pam_unix(sshd:auth): authentication failure; logname= uid=0 euid=0 tty=ssh ruser= rhost=43.255.190.174  user=root
Apr 12 18:04:38 ovzhost sshd[1263]: Failed password for root from 43.255.190.189 port 59517 ssh2
Apr 12 18:04:38 ovzhost sshd[1265]: Failed password for root from 43.255.190.174 port 33566 ssh2
Apr 12 18:04:38 ovzhost sshd[1267]: Failed password for root from 43.255.190.174 port 33625 ssh2
Apr 12 18:04:42 ovzhost sshd[1263]: message repeated 2 times: [ Failed password for root from 43.255.190.189 port 59517 ssh2]
Apr 12 18:04:42 ovzhost sshd[1263]: Received disconnect from 43.255.190.189: 11:  [preauth]
Apr 12 18:04:42 ovzhost sshd[1263]: PAM 2 more authentication failures; logname= uid=0 euid=0 tty=ssh ruser= rhost=43.255.190.189  user=root
Apr 12 18:04:42 ovzhost sshd[1265]: message repeated 2 times: [ Failed password for root from 43.255.190.174 port 33566 ssh2]
Apr 12 18:04:42 ovzhost sshd[1265]: Received disconnect from 43.255.190.174: 11:  [preauth]
Apr 12 18:04:42 ovzhost sshd[1265]: PAM 2 more authentication failures; logname= uid=0 euid=0 tty=ssh ruser= rhost=43.255.190.174  user=root
Apr 12 18:04:42 ovzhost sshd[1267]: message repeated 2 times: [ Failed password for root from 43.255.190.174 port 33625 ssh2]
Apr 12 18:04:42 ovzhost sshd[1267]: Received disconnect from 43.255.190.174: 11:  [preauth]
Apr 12 18:04:42 ovzhost sshd[1267]: PAM 2 more authentication failures; logname= uid=0 euid=0 tty=ssh ruser= rhost=43.255.190.174  user=root
Apr 12 18:04:42 ovzhost sshd[1271]: pam_unix(sshd:auth): authentication failure; logname= uid=0 euid=0 tty=ssh ruser= rhost=43.255.190.189  user=root
Apr 12 18:04:42 ovzhost sshd[1273]: pam_unix(sshd:auth): authentication failure; logname= uid=0 euid=0 tty=ssh ruser= rhost=43.255.190.174  user=root
Apr 12 18:04:42 ovzhost sshd[1275]: pam_unix(sshd:auth): authentication failure; logname= uid=0 euid=0 tty=ssh ruser= rhost=43.255.190.174  user=root
Apr 12 18:04:45 ovzhost sshd[1271]: Failed password for root from 43.255.190.189 port 43161 ssh2
Apr 12 18:04:45 ovzhost sshd[1273]: Failed password for root from 43.255.190.174 port 45973 ssh2
Apr 12 18:04:45 ovzhost sshd[1275]: Failed password for root from 43.255.190.174 port 46024 ssh2
Apr 12 18:04:48 ovzhost sshd[1269]: Invalid user admin from 195.154.71.129
Apr 12 18:04:48 ovzhost sshd[1269]: input_userauth_request: invalid user admin [preauth]
Apr 12 18:04:48 ovzhost sshd[1269]: pam_unix(sshd:auth): check pass; user unknown
Apr 12 18:04:48 ovzhost sshd[1269]: pam_unix(sshd:auth): authentication failure; logname= uid=0 euid=0 tty=ssh ruser= rhost=195-154-71-129.rev.poneytelecom.eu 
Apr 12 18:04:49 ovzhost sshd[1271]: message repeated 2 times: [ Failed password for root from 43.255.190.189 port 43161 ssh2]
Apr 12 18:04:49 ovzhost sshd[1271]: Received disconnect from 43.255.190.189: 11:  [preauth]
Apr 12 18:04:49 ovzhost sshd[1271]: PAM 2 more authentication failures; logname= uid=0 euid=0 tty=ssh ruser= rhost=43.255.190.189  user=root
Apr 12 18:04:49 ovzhost sshd[1273]: message repeated 2 times: [ Failed password for root from 43.255.190.174 port 45973 ssh2]
Apr 12 18:04:49 ovzhost sshd[1273]: Received disconnect from 43.255.190.174: 11:  [preauth]
Apr 12 18:04:49 ovzhost sshd[1273]: PAM 2 more authentication failures; logname= uid=0 euid=0 tty=ssh ruser= rhost=43.255.190.174  user=root
Apr 12 18:04:49 ovzhost sshd[1275]: message repeated 2 times: [ Failed password for root from 43.255.190.174 port 46024 ssh2]
Apr 12 18:04:49 ovzhost sshd[1275]: Received disconnect from 43.255.190.174: 11:  [preauth]
Apr 12 18:04:49 ovzhost sshd[1275]: PAM 2 more authentication failures; logname= uid=0 euid=0 tty=ssh ruser= rhost=43.255.190.174  user=root
Apr 12 18:04:49 ovzhost sshd[1269]: Failed password for invalid user admin from 195.154.71.129 port 47199 ssh2
Apr 12 18:04:49 ovzhost sshd[1279]: pam_unix(sshd:auth): authentication failure; logname= uid=0 euid=0 tty=ssh ruser= rhost=43.255.190.189  user=root
Apr 12 18:04:49 ovzhost sshd[1269]: Connection closed by 195.154.71.129 [preauth]
Apr 12 18:04:49 ovzhost sshd[1281]: pam_unix(sshd:auth): authentication failure; logname= uid=0 euid=0 tty=ssh ruser= rhost=43.255.190.174  user=root
Apr 12 18:04:49 ovzhost sshd[1282]: pam_unix(sshd:auth): authentication failure; logname= uid=0 euid=0 tty=ssh ruser= rhost=43.255.190.174  user=root
Apr 12 18:04:51 ovzhost sshd[1279]: Failed password for root from 43.255.190.189 port 55854 ssh2
Apr 12 18:04:52 ovzhost sshd[1281]: Failed password for root from 43.255.190.174 port 58383 ssh2
Apr 12 18:04:52 ovzhost sshd[1282]: Failed password for root from 43.255.190.174 port 58406 ssh2
Apr 12 18:04:56 ovzhost sshd[1279]: message repeated 2 times: [ Failed password for root from 43.255.190.189 port 55854 ssh2]
Apr 12 18:04:56 ovzhost sshd[1279]: Received disconnect from 43.255.190.189: 11:  [preauth]
Apr 12 18:04:56 ovzhost sshd[1279]: PAM 2 more authentication failures; logname= uid=0 euid=0 tty=ssh ruser= rhost=43.255.190.189  user=root
Apr 12 18:04:56 ovzhost sshd[1281]: message repeated 2 times: [ Failed password for root from 43.255.190.174 port 58383 ssh2]
Apr 12 18:04:56 ovzhost sshd[1281]: Received disconnect from 43.255.190.174: 11:  [preauth]
Apr 12 18:04:56 ovzhost sshd[1281]: PAM 2 more authentication failures; logname= uid=0 euid=0 tty=ssh ruser= rhost=43.255.190.174  user=root
Apr 12 18:04:56 ovzhost sshd[1282]: message repeated 2 times: [ Failed password for root from 43.255.190.174 port 58406 ssh2]
Apr 12 18:04:56 ovzhost sshd[1282]: Received disconnect from 43.255.190.174: 11:  [preauth]
Apr 12 18:04:56 ovzhost sshd[1282]: PAM 2 more authentication failures; logname= uid=0 euid=0 tty=ssh ruser= rhost=43.255.190.174  user=root
Apr 12 18:04:56 ovzhost sshd[1285]: pam_unix(sshd:auth): authentication failure; logname= uid=0 euid=0 tty=ssh ruser= rhost=43.255.190.189  user=root
Apr 12 18:04:57 ovzhost sshd[1287]: pam_unix(sshd:auth): authentication failure; logname= uid=0 euid=0 tty=ssh ruser= rhost=43.255.190.174  user=root
Apr 12 18:04:57 ovzhost sshd[1288]: pam_unix(sshd:auth): authentication failure; logname= uid=0 euid=0 tty=ssh ruser= rhost=43.255.190.174  user=root
Apr 12 18:04:58 ovzhost sshd[1285]: Failed password for root from 43.255.190.189 port 42955 ssh2
Apr 12 18:04:59 ovzhost sshd[1287]: Failed password for root from 43.255.190.174 port 45126 ssh2
Apr 12 18:04:59 ovzhost sshd[1288]: Failed password for root from 43.255.190.174 port 45137 ssh2
Apr 12 18:05:02 ovzhost sshd[1285]: message repeated 2 times: [ Failed password for root from 43.255.190.189 port 42955 ssh2]
Apr 12 18:05:02 ovzhost sshd[1285]: Received disconnect from 43.255.190.189: 11:  [preauth]
Apr 12 18:05:02 ovzhost sshd[1285]: PAM 2 more authentication failures; logname= uid=0 euid=0 tty=ssh ruser= rhost=43.255.190.189  user=root
Apr 12 18:05:02 ovzhost sshd[1292]: pam_unix(sshd:auth): authentication failure; logname= uid=0 euid=0 tty=ssh ruser= rhost=43.255.190.189  user=root
Apr 12 18:05:03 ovzhost sshd[1287]: message repeated 2 times: [ Failed password for root from 43.255.190.174 port 45126 ssh2]
Apr 12 18:05:03 ovzhost sshd[1287]: Received disconnect from 43.255.190.174: 11:  [preauth]
Apr 12 18:05:03 ovzhost sshd[1287]: PAM 2 more authentication failures; logname= uid=0 euid=0 tty=ssh ruser= rhost=43.255.190.174  user=root
Apr 12 18:05:03 ovzhost sshd[1288]: message repeated 2 times: [ Failed password for root from 43.255.190.174 port 45137 ssh2]
Apr 12 18:05:03 ovzhost sshd[1288]: Received disconnect from 43.255.190.174: 11:  [preauth]
Apr 12 18:05:03 ovzhost sshd[1288]: PAM 2 more authentication failures; logname= uid=0 euid=0 tty=ssh ruser= rhost=43.255.190.174  user=root
Apr 12 18:05:03 ovzhost sshd[1294]: pam_unix(sshd:auth): authentication failure; logname= uid=0 euid=0 tty=ssh ruser= rhost=43.255.190.174  user=root
Apr 12 18:05:03 ovzhost sshd[1295]: pam_unix(sshd:auth): authentication failure; logname= uid=0 euid=0 tty=ssh ruser= rhost=43.255.190.174  user=root
Apr 12 18:05:04 ovzhost sshd[1292]: Failed password for root from 43.255.190.189 port 54606 ssh2
Apr 12 18:05:05 ovzhost sshd[1294]: Failed password for root from 43.255.190.174 port 57974 ssh2
Apr 12 18:05:05 ovzhost sshd[1295]: Failed password for root from 43.255.190.174 port 57999 ssh2
