Mar 31 17:16:56 ovzhost sudo:     root : unable to resolve host ovzhost
Mar 31 17:16:56 ovzhost sudo:     root : TTY=pts/0 ; PWD=/ ; USER=root ; COMMAND=/usr/bin/less /root/.bash_history
Mar 31 17:16:56 ovzhost sudo: pam_unix(sudo:session): session opened for user root by (uid=0)
Mar 31 17:16:57 ovzhost sudo: pam_unix(sudo:session): session closed for user root
Apr  2 14:31:13 ovzhost sshd[419]: Server listening on 0.0.0.0 port 22.
Apr  2 14:31:13 ovzhost sshd[419]: Server listening on :: port 22.
Apr  2 14:31:13 ovzhost saslauthd[637]: detach_tty      : master pid is: 637
Apr  2 14:31:13 ovzhost saslauthd[637]: ipc_init        : listening on socket: /var/run/saslauthd/mux
Apr  2 14:33:26 ovzhost sshd[797]: Connection closed by 127.0.0.1 [preauth]
Apr 12 17:38:05 ovzhost sshd[785]: pam_unix(sshd:auth): authentication failure; logname= uid=0 euid=0 tty=ssh ruser= rhost=128.134.54.57  user=root
Apr 12 17:38:07 ovzhost sshd[785]: Failed password for root from 128.134.54.57 port 44278 ssh2
Apr 12 17:38:11 ovzhost sshd[785]: message repeated 2 times: [ Failed password for root from 128.134.54.57 port 44278 ssh2]
Apr 12 17:38:11 ovzhost sshd[785]: Connection closed by 128.134.54.57 [preauth]
Apr 12 17:38:11 ovzhost sshd[785]: PAM 2 more authentication failures; logname= uid=0 euid=0 tty=ssh ruser= rhost=128.134.54.57  user=root
Apr 12 17:38:21 ovzhost sshd[788]: Connection closed by 127.0.0.1 [preauth]
Apr 12 17:39:01 ovzhost CRON[794]: pam_env(cron:session): Unable to open env file: /etc/default/locale: No such file or directory
Apr 12 17:39:01 ovzhost CRON[794]: pam_unix(cron:session): session opened for user root by (uid=0)
Apr 12 17:39:01 ovzhost CRON[794]: pam_unix(cron:session): session closed for user root
Apr 12 17:40:01 ovzhost CRON[809]: pam_env(cron:session): Unable to open env file: /etc/default/locale: No such file or directory
Apr 12 17:40:01 ovzhost CRON[809]: pam_unix(cron:session): session opened for user smmsp by (uid=0)
Apr 12 17:40:01 ovzhost CRON[809]: pam_unix(cron:session): session closed for user smmsp
Apr 12 17:40:30 ovzhost sshd[836]: Connection closed by 128.8.37.104 [preauth]
Apr 12 17:43:21 ovzhost sshd[850]: Connection closed by 127.0.0.1 [preauth]
Apr 12 17:48:21 ovzhost sshd[870]: Connection closed by 127.0.0.1 [preauth]
Apr 12 17:50:30 ovzhost sshd[881]: Connection closed by 128.8.37.104 [preauth]
Apr 12 17:52:04 ovzhost sshd[891]: Invalid user enable from 80.242.123.130
Apr 12 17:52:04 ovzhost sshd[891]: input_userauth_request: invalid user enable [preauth]
Apr 12 17:52:04 ovzhost sshd[891]: pam_unix(sshd:auth): check pass; user unknown
Apr 12 17:52:04 ovzhost sshd[891]: pam_unix(sshd:auth): authentication failure; logname= uid=0 euid=0 tty=ssh ruser= rhost=130-123-242-80.pppoe.dyn.broadband.blic.net 
Apr 12 17:52:06 ovzhost sshd[891]: Failed password for invalid user enable from 80.242.123.130 port 44185 ssh2
Apr 12 17:52:06 ovzhost sshd[891]: Received disconnect from 80.242.123.130: 11: Bye Bye [preauth]
Apr 12 17:53:21 ovzhost sshd[897]: Connection closed by 127.0.0.1 [preauth]
Apr 12 17:58:21 ovzhost sshd[917]: Connection closed by 127.0.0.1 [preauth]
Apr 12 17:59:05 ovzhost sshd[923]: pam_unix(sshd:auth): authentication failure; logname= uid=0 euid=0 tty=ssh ruser= rhost=43.255.190.174  user=root
Apr 12 17:59:07 ovzhost sshd[923]: Failed password for root from 43.255.190.174 port 33798 ssh2
Apr 12 17:59:10 ovzhost sshd[925]: pam_unix(sshd:auth): authentication failure; logname= uid=0 euid=0 tty=ssh ruser= rhost=43.255.190.174  user=root
Apr 12 17:59:12 ovzhost sshd[925]: Failed password for root from 43.255.190.174 port 44895 ssh2
Apr 12 17:59:12 ovzhost sshd[923]: message repeated 2 times: [ Failed password for root from 43.255.190.174 port 33798 ssh2]
Apr 12 17:59:12 ovzhost sshd[923]: Received disconnect from 43.255.190.174: 11:  [preauth]
Apr 12 17:59:12 ovzhost sshd[923]: PAM 2 more authentication failures; logname= uid=0 euid=0 tty=ssh ruser= rhost=43.255.190.174  user=root
Apr 12 17:59:12 ovzhost sshd[927]: pam_unix(sshd:auth): authentication failure; logname= uid=0 euid=0 tty=ssh ruser= rhost=43.255.190.174  user=root
Apr 12 17:59:15 ovzhost sshd[927]: Failed password for root from 43.255.190.174 port 50437 ssh2
Apr 12 17:59:16 ovzhost sshd[925]: message repeated 2 times: [ Failed password for root from 43.255.190.174 port 44895 ssh2]
Apr 12 17:59:16 ovzhost sshd[925]: Received disconnect from 43.255.190.174: 11:  [preauth]
Apr 12 17:59:16 ovzhost sshd[925]: PAM 2 more authentication failures; logname= uid=0 euid=0 tty=ssh ruser= rhost=43.255.190.174  user=root
Apr 12 17:59:16 ovzhost sshd[929]: pam_unix(sshd:auth): authentication failure; logname= uid=0 euid=0 tty=ssh ruser= rhost=43.255.190.174  user=root
Apr 12 17:59:18 ovzhost sshd[929]: Failed password for root from 43.255.190.174 port 60404 ssh2
Apr 12 17:59:19 ovzhost sshd[927]: message repeated 2 times: [ Failed password for root from 43.255.190.174 port 50437 ssh2]
Apr 12 17:59:19 ovzhost sshd[927]: Received disconnect from 43.255.190.174: 11:  [preauth]
Apr 12 17:59:19 ovzhost sshd[927]: PAM 2 more authentication failures; logname= uid=0 euid=0 tty=ssh ruser= rhost=43.255.190.174  user=root
Apr 12 17:59:20 ovzhost sshd[931]: pam_unix(sshd:auth): authentication failure; logname= uid=0 euid=0 tty=ssh ruser= rhost=43.255.190.174  user=root
Apr 12 17:59:21 ovzhost sshd[931]: Failed password for root from 43.255.190.174 port 39200 ssh2
Apr 12 17:59:22 ovzhost sshd[933]: pam_unix(sshd:auth): authentication failure; logname= uid=0 euid=0 tty=ssh ruser= rhost=43.255.190.189  user=root
Apr 12 17:59:22 ovzhost sshd[929]: message repeated 2 times: [ Failed password for root from 43.255.190.174 port 60404 ssh2]
Apr 12 17:59:22 ovzhost sshd[929]: Received disconnect from 43.255.190.174: 11:  [preauth]
Apr 12 17:59:22 ovzhost sshd[929]: PAM 2 more authentication failures; logname= uid=0 euid=0 tty=ssh ruser= rhost=43.255.190.174  user=root
Apr 12 17:59:23 ovzhost sshd[935]: pam_unix(sshd:auth): authentication failure; logname= uid=0 euid=0 tty=ssh ruser= rhost=43.255.190.174  user=root
Apr 12 17:59:24 ovzhost sshd[933]: Failed password for root from 43.255.190.189 port 34319 ssh2
Apr 12 17:59:25 ovzhost sshd[931]: message repeated 2 times: [ Failed password for root from 43.255.190.174 port 39200 ssh2]
Apr 12 17:59:25 ovzhost sshd[931]: Received disconnect from 43.255.190.174: 11:  [preauth]
Apr 12 17:59:25 ovzhost sshd[931]: PAM 2 more authentication failures; logname= uid=0 euid=0 tty=ssh ruser= rhost=43.255.190.174  user=root
Apr 12 17:59:25 ovzhost sshd[935]: Failed password for root from 43.255.190.174 port 47460 ssh2
Apr 12 17:59:26 ovzhost sshd[937]: pam_unix(sshd:auth): authentication failure; logname= uid=0 euid=0 tty=ssh ruser= rhost=43.255.190.174  user=root
Apr 12 17:59:28 ovzhost sshd[937]: Failed password for root from 43.255.190.174 port 53643 ssh2
Apr 12 17:59:28 ovzhost sshd[933]: message repeated 2 times: [ Failed password for root from 43.255.190.189 port 34319 ssh2]
Apr 12 17:59:28 ovzhost sshd[933]: Received disconnect from 43.255.190.189: 11:  [preauth]
Apr 12 17:59:28 ovzhost sshd[933]: PAM 2 more authentication failures; logname= uid=0 euid=0 tty=ssh ruser= rhost=43.255.190.189  user=root
Apr 12 17:59:28 ovzhost sshd[940]: pam_unix(sshd:auth): authentication failure; logname= uid=0 euid=0 tty=ssh ruser= rhost=43.255.190.189  user=root
Apr 12 17:59:29 ovzhost sshd[935]: message repeated 2 times: [ Failed password for root from 43.255.190.174 port 47460 ssh2]
Apr 12 17:59:29 ovzhost sshd[935]: Received disconnect from 43.255.190.174: 11:  [preauth]
Apr 12 17:59:29 ovzhost sshd[935]: PAM 2 more authentication failures; logname= uid=0 euid=0 tty=ssh ruser= rhost=43.255.190.174  user=root
Apr 12 17:59:30 ovzhost sshd[942]: pam_unix(sshd:auth): authentication failure; logname= uid=0 euid=0 tty=ssh ruser= rhost=43.255.190.174  user=root
Apr 12 17:59:30 ovzhost sshd[940]: Failed password for root from 43.255.190.189 port 48839 ssh2
Apr 12 17:59:31 ovzhost sshd[937]: message repeated 2 times: [ Failed password for root from 43.255.190.174 port 53643 ssh2]
Apr 12 17:59:32 ovzhost sshd[937]: Received disconnect from 43.255.190.174: 11:  [preauth]
Apr 12 17:59:32 ovzhost sshd[937]: PAM 2 more authentication failures; logname= uid=0 euid=0 tty=ssh ruser= rhost=43.255.190.174  user=root
Apr 12 17:59:32 ovzhost sshd[944]: pam_unix(sshd:auth): authentication failure; logname= uid=0 euid=0 tty=ssh ruser= rhost=43.255.190.174  user=root
Apr 12 17:59:32 ovzhost sshd[942]: Failed password for root from 43.255.190.174 port 34452 ssh2
Apr 12 17:59:34 ovzhost sshd[944]: Failed password for root from 43.255.190.174 port 39139 ssh2
Apr 12 17:59:34 ovzhost sshd[940]: message repeated 2 times: [ Failed password for root from 43.255.190.189 port 48839 ssh2]
Apr 12 17:59:34 ovzhost sshd[940]: Received disconnect from 43.255.190.189: 11:  [preauth]
Apr 12 17:59:34 ovzhost sshd[940]: PAM 2 more authentication failures; logname= uid=0 euid=0 tty=ssh ruser= rhost=43.255.190.189  user=root
Apr 12 17:59:35 ovzhost sshd[946]: pam_unix(sshd:auth): authentication failure; logname= uid=0 euid=0 tty=ssh ruser= rhost=43.255.190.189  user=root
Apr 12 17:59:36 ovzhost sshd[942]: message repeated 2 times: [ Failed password for root from 43.255.190.174 port 34452 ssh2]
Apr 12 17:59:36 ovzhost sshd[942]: Received disconnect from 43.255.190.174: 11:  [preauth]
Apr 12 17:59:36 ovzhost sshd[942]: PAM 2 more authentication failures; logname= uid=0 euid=0 tty=ssh ruser= rhost=43.255.190.174  user=root
Apr 12 17:59:37 ovzhost sshd[948]: pam_unix(sshd:auth): authentication failure; logname= uid=0 euid=0 tty=ssh ruser= rhost=43.255.190.174  user=root
Apr 12 17:59:37 ovzhost sshd[946]: Failed password for root from 43.255.190.189 port 35397 ssh2
Apr 12 17:59:38 ovzhost sshd[944]: message repeated 2 times: [ Failed password for root from 43.255.190.174 port 39139 ssh2]
Apr 12 17:59:39 ovzhost sshd[944]: Received disconnect from 43.255.190.174: 11:  [preauth]
Apr 12 17:59:39 ovzhost sshd[944]: PAM 2 more authentication failures; logname= uid=0 euid=0 tty=ssh ruser= rhost=43.255.190.174  user=root
Apr 12 17:59:39 ovzhost sshd[950]: pam_unix(sshd:auth): authentication failure; logname= uid=0 euid=0 tty=ssh ruser= rhost=43.255.190.174  user=root
Apr 12 17:59:40 ovzhost sshd[948]: Failed password for root from 43.255.190.174 port 50329 ssh2
Apr 12 17:59:41 ovzhost sshd[950]: Failed password for root from 43.255.190.174 port 54025 ssh2
Apr 12 17:59:42 ovzhost sshd[946]: message repeated 2 times: [ Failed password for root from 43.255.190.189 port 35397 ssh2]
Apr 12 17:59:42 ovzhost sshd[946]: Received disconnect from 43.255.190.189: 11:  [preauth]
Apr 12 17:59:42 ovzhost sshd[946]: PAM 2 more authentication failures; logname= uid=0 euid=0 tty=ssh ruser= rhost=43.255.190.189  user=root
Apr 12 17:59:42 ovzhost sshd[952]: pam_unix(sshd:auth): authentication failure; logname= uid=0 euid=0 tty=ssh ruser= rhost=43.255.190.189  user=root
Apr 12 17:59:44 ovzhost sshd[948]: message repeated 2 times: [ Failed password for root from 43.255.190.174 port 50329 ssh2]
Apr 12 17:59:44 ovzhost sshd[948]: Received disconnect from 43.255.190.174: 11:  [preauth]
Apr 12 17:59:44 ovzhost sshd[948]: PAM 2 more authentication failures; logname= uid=0 euid=0 tty=ssh ruser= rhost=43.255.190.174  user=root
Apr 12 17:59:45 ovzhost sshd[956]: pam_unix(sshd:auth): authentication failure; logname= uid=0 euid=0 tty=ssh ruser= rhost=43.255.190.174  user=root
Apr 12 17:59:45 ovzhost sshd[952]: Failed password for root from 43.255.190.189 port 50348 ssh2
Apr 12 17:59:45 ovzhost sshd[950]: message repeated 2 times: [ Failed password for root from 43.255.190.174 port 54025 ssh2]
Apr 12 17:59:45 ovzhost sshd[950]: Received disconnect from 43.255.190.174: 11:  [preauth]
Apr 12 17:59:45 ovzhost sshd[950]: PAM 2 more authentication failures; logname= uid=0 euid=0 tty=ssh ruser= rhost=43.255.190.174  user=root
Apr 12 17:59:45 ovzhost sshd[958]: pam_unix(sshd:auth): authentication failure; logname= uid=0 euid=0 tty=ssh ruser= rhost=43.255.190.174  user=root
Apr 12 17:59:47 ovzhost sshd[956]: Failed password for root from 43.255.190.174 port 37022 ssh2
Apr 12 17:59:47 ovzhost sshd[958]: Failed password for root from 43.255.190.174 port 38679 ssh2
Apr 12 17:59:49 ovzhost sshd[952]: message repeated 2 times: [ Failed password for root from 43.255.190.189 port 50348 ssh2]
Apr 12 17:59:49 ovzhost sshd[952]: Received disconnect from 43.255.190.189: 11:  [preauth]
Apr 12 17:59:49 ovzhost sshd[952]: PAM 2 more authentication failures; logname= uid=0 euid=0 tty=ssh ruser= rhost=43.255.190.189  user=root
Apr 12 17:59:49 ovzhost sshd[960]: pam_unix(sshd:auth): authentication failure; logname= uid=0 euid=0 tty=ssh ruser= rhost=43.255.190.189  user=root
Apr 12 17:59:51 ovzhost sshd[958]: message repeated 2 times: [ Failed password for root from 43.255.190.174 port 38679 ssh2]
Apr 12 17:59:51 ovzhost sshd[958]: Received disconnect from 43.255.190.174: 11:  [preauth]
Apr 12 17:59:51 ovzhost sshd[958]: PAM 2 more authentication failures; logname= uid=0 euid=0 tty=ssh ruser= rhost=43.255.190.174  user=root
Apr 12 17:59:51 ovzhost sshd[956]: message repeated 2 times: [ Failed password for root from 43.255.190.174 port 37022 ssh2]
Apr 12 17:59:52 ovzhost sshd[956]: Received disconnect from 43.255.190.174: 11:  [preauth]
Apr 12 17:59:52 ovzhost sshd[956]: PAM 2 more authentication failures; logname= uid=0 euid=0 tty=ssh ruser= rhost=43.255.190.174  user=root
Apr 12 17:59:52 ovzhost sshd[962]: pam_unix(sshd:auth): authentication failure; logname= uid=0 euid=0 tty=ssh ruser= rhost=43.255.190.174  user=root
Apr 12 17:59:52 ovzhost sshd[964]: pam_unix(sshd:auth): authentication failure; logname= uid=0 euid=0 tty=ssh ruser= rhost=43.255.190.174  user=root
Apr 12 17:59:52 ovzhost sshd[960]: Failed password for root from 43.255.190.189 port 38081 ssh2
Apr 12 17:59:54 ovzhost sshd[962]: Failed password for root from 43.255.190.174 port 51781 ssh2
Apr 12 17:59:54 ovzhost sshd[964]: Failed password for root from 43.255.190.174 port 52044 ssh2
Apr 12 17:59:56 ovzhost sshd[960]: message repeated 2 times: [ Failed password for root from 43.255.190.189 port 38081 ssh2]
Apr 12 17:59:56 ovzhost sshd[960]: Received disconnect from 43.255.190.189: 11:  [preauth]
Apr 12 17:59:56 ovzhost sshd[960]: PAM 2 more authentication failures; logname= uid=0 euid=0 tty=ssh ruser= rhost=43.255.190.189  user=root
Apr 12 17:59:57 ovzhost sshd[966]: pam_unix(sshd:auth): authentication failure; logname= uid=0 euid=0 tty=ssh ruser= rhost=43.255.190.189  user=root
Apr 12 17:59:58 ovzhost sshd[962]: message repeated 2 times: [ Failed password for root from 43.255.190.174 port 51781 ssh2]
Apr 12 17:59:58 ovzhost sshd[962]: Received disconnect from 43.255.190.174: 11:  [preauth]
Apr 12 17:59:58 ovzhost sshd[962]: PAM 2 more authentication failures; logname= uid=0 euid=0 tty=ssh ruser= rhost=43.255.190.174  user=root
Apr 12 17:59:58 ovzhost sshd[964]: message repeated 2 times: [ Failed password for root from 43.255.190.174 port 52044 ssh2]
Apr 12 17:59:58 ovzhost sshd[964]: Received disconnect from 43.255.190.174: 11:  [preauth]
Apr 12 17:59:58 ovzhost sshd[964]: PAM 2 more authentication failures; logname= uid=0 euid=0 tty=ssh ruser= rhost=43.255.190.174  user=root
Apr 12 17:59:58 ovzhost sshd[968]: pam_unix(sshd:auth): authentication failure; logname= uid=0 euid=0 tty=ssh ruser= rhost=43.255.190.174  user=root
Apr 12 17:59:58 ovzhost sshd[970]: pam_unix(sshd:auth): authentication failure; logname= uid=0 euid=0 tty=ssh ruser= rhost=43.255.190.174  user=root
Apr 12 17:59:59 ovzhost sshd[966]: Failed password for root from 43.255.190.189 port 54512 ssh2
Apr 12 18:00:01 ovzhost sshd[968]: Failed password for root from 43.255.190.174 port 36404 ssh2
Apr 12 18:00:01 ovzhost sshd[970]: Failed password for root from 43.255.190.174 port 36673 ssh2
Apr 12 18:00:01 ovzhost CRON[973]: pam_env(cron:session): Unable to open env file: /etc/default/locale: No such file or directory
Apr 12 18:00:01 ovzhost CRON[973]: pam_unix(cron:session): session opened for user smmsp by (uid=0)
Apr 12 18:00:01 ovzhost CRON[973]: pam_unix(cron:session): session closed for user smmsp
Apr 12 18:00:04 ovzhost sshd[966]: message repeated 2 times: [ Failed password for root from 43.255.190.189 port 54512 ssh2]
Apr 12 18:00:04 ovzhost sshd[966]: Received disconnect from 43.255.190.189: 11:  [preauth]
Apr 12 18:00:04 ovzhost sshd[966]: PAM 2 more authentication failures; logname= uid=0 euid=0 tty=ssh ruser= rhost=43.255.190.189  user=root
Apr 12 18:00:04 ovzhost sshd[999]: pam_unix(sshd:auth): authentication failure; logname= uid=0 euid=0 tty=ssh ruser= rhost=43.255.190.189  user=root
Apr 12 18:00:05 ovzhost sshd[968]: message repeated 2 times: [ Failed password for root from 43.255.190.174 port 36404 ssh2]
Apr 12 18:00:05 ovzhost sshd[968]: Received disconnect from 43.255.190.174: 11:  [preauth]
Apr 12 18:00:05 ovzhost sshd[968]: PAM 2 more authentication failures; logname= uid=0 euid=0 tty=ssh ruser= rhost=43.255.190.174  user=root
Apr 12 18:00:05 ovzhost sshd[970]: message repeated 2 times: [ Failed password for root from 43.255.190.174 port 36673 ssh2]
Apr 12 18:00:05 ovzhost sshd[970]: Received disconnect from 43.255.190.174: 11:  [preauth]
Apr 12 18:00:05 ovzhost sshd[970]: PAM 2 more authentication failures; logname= uid=0 euid=0 tty=ssh ruser= rhost=43.255.190.174  user=root
Apr 12 18:00:06 ovzhost sshd[1001]: pam_unix(sshd:auth): authentication failure; logname= uid=0 euid=0 tty=ssh ruser= rhost=43.255.190.174  user=root
Apr 12 18:00:06 ovzhost sshd[1003]: pam_unix(sshd:auth): authentication failure; logname= uid=0 euid=0 tty=ssh ruser= rhost=43.255.190.174  user=root
Apr 12 18:00:06 ovzhost sshd[999]: Failed password for root from 43.255.190.189 port 41757 ssh2
Apr 12 18:00:08 ovzhost sshd[1001]: Failed password for root from 43.255.190.174 port 50921 ssh2
Apr 12 18:00:08 ovzhost sshd[1003]: Failed password for root from 43.255.190.174 port 51079 ssh2
Apr 12 18:00:10 ovzhost sshd[999]: message repeated 2 times: [ Failed password for root from 43.255.190.189 port 41757 ssh2]
Apr 12 18:00:10 ovzhost sshd[999]: Received disconnect from 43.255.190.189: 11:  [preauth]
Apr 12 18:00:10 ovzhost sshd[999]: PAM 2 more authentication failures; logname= uid=0 euid=0 tty=ssh ruser= rhost=43.255.190.189  user=root
Apr 12 18:00:11 ovzhost sshd[1005]: pam_unix(sshd:auth): authentication failure; logname= uid=0 euid=0 tty=ssh ruser= rhost=43.255.190.189  user=root
Apr 12 18:00:11 ovzhost sshd[1003]: message repeated 2 times: [ Failed password for root from 43.255.190.174 port 51079 ssh2]
Apr 12 18:00:12 ovzhost sshd[1003]: Received disconnect from 43.255.190.174: 11:  [preauth]
Apr 12 18:00:12 ovzhost sshd[1003]: PAM 2 more authentication failures; logname= uid=0 euid=0 tty=ssh ruser= rhost=43.255.190.174  user=root
Apr 12 18:00:12 ovzhost sshd[1001]: message repeated 2 times: [ Failed password for root from 43.255.190.174 port 50921 ssh2]
Apr 12 18:00:12 ovzhost sshd[1001]: Received disconnect from 43.255.190.174: 11:  [preauth]
Apr 12 18:00:12 ovzhost sshd[1001]: PAM 2 more authentication failures; logname= uid=0 euid=0 tty=ssh ruser= rhost=43.255.190.174  user=root
Apr 12 18:00:12 ovzhost sshd[1007]: pam_unix(sshd:auth): authentication failure; logname= uid=0 euid=0 tty=ssh ruser= rhost=43.255.190.174  user=root
Apr 12 18:00:12 ovzhost sshd[1009]: pam_unix(sshd:auth): authentication failure; logname= uid=0 euid=0 tty=ssh ruser= rhost=43.255.190.174  user=root
Apr 12 18:00:13 ovzhost sshd[1005]: Failed password for root from 43.255.190.189 port 56233 ssh2
Apr 12 18:00:15 ovzhost sshd[1007]: Failed password for root from 43.255.190.174 port 36408 ssh2
Apr 12 18:00:15 ovzhost sshd[1009]: Failed password for root from 43.255.190.174 port 36711 ssh2
Apr 12 18:00:17 ovzhost sshd[1005]: message repeated 2 times: [ Failed password for root from 43.255.190.189 port 56233 ssh2]
Apr 12 18:00:17 ovzhost sshd[1005]: Received disconnect from 43.255.190.189: 11:  [preauth]
Apr 12 18:00:17 ovzhost sshd[1005]: PAM 2 more authentication failures; logname= uid=0 euid=0 tty=ssh ruser= rhost=43.255.190.189  user=root
Apr 12 18:00:17 ovzhost sshd[1011]: pam_unix(sshd:auth): authentication failure; logname= uid=0 euid=0 tty=ssh ruser= rhost=43.255.190.189  user=root
Apr 12 18:00:18 ovzhost sshd[1007]: message repeated 2 times: [ Failed password for root from 43.255.190.174 port 36408 ssh2]
Apr 12 18:00:19 ovzhost sshd[1007]: Received disconnect from 43.255.190.174: 11:  [preauth]
Apr 12 18:00:19 ovzhost sshd[1007]: PAM 2 more authentication failures; logname= uid=0 euid=0 tty=ssh ruser= rhost=43.255.190.174  user=root
Apr 12 18:00:19 ovzhost sshd[1009]: message repeated 2 times: [ Failed password for root from 43.255.190.174 port 36711 ssh2]
Apr 12 18:00:19 ovzhost sshd[1009]: Received disconnect from 43.255.190.174: 11:  [preauth]
Apr 12 18:00:19 ovzhost sshd[1009]: PAM 2 more authentication failures; logname= uid=0 euid=0 tty=ssh ruser= rhost=43.255.190.174  user=root
Apr 12 18:00:19 ovzhost sshd[1013]: pam_unix(sshd:auth): authentication failure; logname= uid=0 euid=0 tty=ssh ruser= rhost=43.255.190.174  user=root
Apr 12 18:00:19 ovzhost sshd[1015]: pam_unix(sshd:auth): authentication failure; logname= uid=0 euid=0 tty=ssh ruser= rhost=43.255.190.174  user=root
Apr 12 18:00:20 ovzhost sshd[1011]: Failed password for root from 43.255.190.189 port 42329 ssh2
Apr 12 18:00:22 ovzhost sshd[1013]: Failed password for root from 43.255.190.174 port 50648 ssh2
Apr 12 18:00:22 ovzhost sshd[1015]: Failed password for root from 43.255.190.174 port 50791 ssh2
Apr 12 18:00:24 ovzhost sshd[1011]: message repeated 2 times: [ Failed password for root from 43.255.190.189 port 42329 ssh2]
Apr 12 18:00:24 ovzhost sshd[1011]: Received disconnect from 43.255.190.189: 11:  [preauth]
Apr 12 18:00:24 ovzhost sshd[1011]: PAM 2 more authentication failures; logname= uid=0 euid=0 tty=ssh ruser= rhost=43.255.190.189  user=root
Apr 12 18:00:25 ovzhost sshd[1017]: pam_unix(sshd:auth): authentication failure; logname= uid=0 euid=0 tty=ssh ruser= rhost=43.255.190.189  user=root
Apr 12 18:00:26 ovzhost sshd[1019]: Did not receive identification string from 195.154.71.129
Apr 12 18:00:27 ovzhost sshd[1013]: message repeated 2 times: [ Failed password for root from 43.255.190.174 port 50648 ssh2]
Apr 12 18:00:27 ovzhost sshd[1013]: Received disconnect from 43.255.190.174: 11:  [preauth]
Apr 12 18:00:27 ovzhost sshd[1013]: PAM 2 more authentication failures; logname= uid=0 euid=0 tty=ssh ruser= rhost=43.255.190.174  user=root
Apr 12 18:00:27 ovzhost sshd[1015]: message repeated 2 times: [ Failed password for root from 43.255.190.174 port 50791 ssh2]
Apr 12 18:00:27 ovzhost sshd[1015]: Received disconnect from 43.255.190.174: 11:  [preauth]
Apr 12 18:00:27 ovzhost sshd[1015]: PAM 2 more authentication failures; logname= uid=0 euid=0 tty=ssh ruser= rhost=43.255.190.174  user=root
Apr 12 18:00:27 ovzhost sshd[1017]: Failed password for root from 43.255.190.189 port 57032 ssh2
Apr 12 18:00:27 ovzhost sshd[1020]: pam_unix(sshd:auth): authentication failure; logname= uid=0 euid=0 tty=ssh ruser= rhost=43.255.190.174  user=root
Apr 12 18:00:27 ovzhost sshd[1022]: pam_unix(sshd:auth): authentication failure; logname= uid=0 euid=0 tty=ssh ruser= rhost=43.255.190.174  user=root
Apr 12 18:00:29 ovzhost sshd[1020]: Failed password for root from 43.255.190.174 port 38304 ssh2
Apr 12 18:00:29 ovzhost sshd[1022]: Failed password for root from 43.255.190.174 port 38590 ssh2
Apr 12 18:00:30 ovzhost sshd[1025]: Connection closed by 128.8.37.104 [preauth]
Apr 12 18:00:31 ovzhost sshd[1017]: message repeated 2 times: [ Failed password for root from 43.255.190.189 port 57032 ssh2]
Apr 12 18:00:31 ovzhost sshd[1017]: Received disconnect from 43.255.190.189: 11:  [preauth]
Apr 12 18:00:31 ovzhost sshd[1017]: PAM 2 more authentication failures; logname= uid=0 euid=0 tty=ssh ruser= rhost=43.255.190.189  user=root
Apr 12 18:00:32 ovzhost sshd[1027]: pam_unix(sshd:auth): authentication failure; logname= uid=0 euid=0 tty=ssh ruser= rhost=43.255.190.189  user=root
Apr 12 18:00:34 ovzhost sshd[1027]: Failed password for root from 43.255.190.189 port 44570 ssh2
Apr 12 18:00:34 ovzhost sshd[1020]: message repeated 2 times: [ Failed password for root from 43.255.190.174 port 38304 ssh2]
Apr 12 18:00:34 ovzhost sshd[1020]: Received disconnect from 43.255.190.174: 11:  [preauth]
Apr 12 18:00:34 ovzhost sshd[1020]: PAM 2 more authentication failures; logname= uid=0 euid=0 tty=ssh ruser= rhost=43.255.190.174  user=root
Apr 12 18:00:34 ovzhost sshd[1022]: message repeated 2 times: [ Failed password for root from 43.255.190.174 port 38590 ssh2]
Apr 12 18:00:34 ovzhost sshd[1022]: Received disconnect from 43.255.190.174: 11:  [preauth]
Apr 12 18:00:34 ovzhost sshd[1022]: PAM 2 more authentication failures; logname= uid=0 euid=0 tty=ssh ruser= rhost=43.255.190.174  user=root
Apr 12 18:00:35 ovzhost sshd[1029]: pam_unix(sshd:auth): authentication failure; logname= uid=0 euid=0 tty=ssh ruser= rhost=43.255.190.174  user=root
Apr 12 18:00:35 ovzhost sshd[1031]: pam_unix(sshd:auth): authentication failure; logname= uid=0 euid=0 tty=ssh ruser= rhost=43.255.190.174  user=root
Apr 12 18:00:37 ovzhost sshd[1029]: Failed password for root from 43.255.190.174 port 54173 ssh2
Apr 12 18:00:37 ovzhost sshd[1031]: Failed password for root from 43.255.190.174 port 54570 ssh2
Apr 12 18:00:38 ovzhost sshd[1027]: message repeated 2 times: [ Failed password for root from 43.255.190.189 port 44570 ssh2]
Apr 12 18:00:38 ovzhost sshd[1027]: Received disconnect from 43.255.190.189: 11:  [preauth]
Apr 12 18:00:38 ovzhost sshd[1027]: PAM 2 more authentication failures; logname= uid=0 euid=0 tty=ssh ruser= rhost=43.255.190.189  user=root
Apr 12 18:00:39 ovzhost sshd[1033]: pam_unix(sshd:auth): authentication failure; logname= uid=0 euid=0 tty=ssh ruser= rhost=43.255.190.189  user=root
Apr 12 18:00:40 ovzhost sshd[1033]: Failed password for root from 43.255.190.189 port 58828 ssh2
Apr 12 18:00:41 ovzhost sshd[1029]: message repeated 2 times: [ Failed password for root from 43.255.190.174 port 54173 ssh2]
Apr 12 18:00:41 ovzhost sshd[1029]: Received disconnect from 43.255.190.174: 11:  [preauth]
Apr 12 18:00:41 ovzhost sshd[1029]: PAM 2 more authentication failures; logname= uid=0 euid=0 tty=ssh ruser= rhost=43.255.190.174  user=root
Apr 12 18:00:41 ovzhost sshd[1031]: message repeated 2 times: [ Failed password for root from 43.255.190.174 port 54570 ssh2]
Apr 12 18:00:41 ovzhost sshd[1031]: Received disconnect from 43.255.190.174: 11:  [preauth]
Apr 12 18:00:41 ovzhost sshd[1031]: PAM 2 more authentication failures; logname= uid=0 euid=0 tty=ssh ruser= rhost=43.255.190.174  user=root
Apr 12 18:00:42 ovzhost sshd[1035]: pam_unix(sshd:auth): authentication failure; logname= uid=0 euid=0 tty=ssh ruser= rhost=43.255.190.174  user=root
Apr 12 18:00:42 ovzhost sshd[1037]: pam_unix(sshd:auth): authentication failure; logname= uid=0 euid=0 tty=ssh ruser= rhost=43.255.190.174  user=root
Apr 12 18:00:44 ovzhost sshd[1035]: Failed password for root from 43.255.190.174 port 40145 ssh2
Apr 12 18:00:44 ovzhost sshd[1037]: Failed password for root from 43.255.190.174 port 40429 ssh2
Apr 12 18:00:45 ovzhost sshd[1033]: message repeated 2 times: [ Failed password for root from 43.255.190.189 port 58828 ssh2]
Apr 12 18:00:46 ovzhost sshd[1033]: Received disconnect from 43.255.190.189: 11:  [preauth]
Apr 12 18:00:46 ovzhost sshd[1033]: PAM 2 more authentication failures; logname= uid=0 euid=0 tty=ssh ruser= rhost=43.255.190.189  user=root
Apr 12 18:00:46 ovzhost sshd[1039]: pam_unix(sshd:auth): authentication failure; logname= uid=0 euid=0 tty=ssh ruser= rhost=43.255.190.189  user=root
Apr 12 18:00:48 ovzhost sshd[1035]: message repeated 2 times: [ Failed password for root from 43.255.190.174 port 40145 ssh2]
Apr 12 18:00:48 ovzhost sshd[1035]: Received disconnect from 43.255.190.174: 11:  [preauth]
Apr 12 18:00:48 ovzhost sshd[1035]: PAM 2 more authentication failures; logname= uid=0 euid=0 tty=ssh ruser= rhost=43.255.190.174  user=root
Apr 12 18:00:48 ovzhost sshd[1037]: message repeated 2 times: [ Failed password for root from 43.255.190.174 port 40429 ssh2]
Apr 12 18:00:48 ovzhost sshd[1037]: Received disconnect from 43.255.190.174: 11:  [preauth]
Apr 12 18:00:48 ovzhost sshd[1037]: PAM 2 more authentication failures; logname= uid=0 euid=0 tty=ssh ruser= rhost=43.255.190.174  user=root
Apr 12 18:00:48 ovzhost sshd[1039]: Failed password for root from 43.255.190.189 port 46576 ssh2
Apr 12 18:00:48 ovzhost sshd[1041]: pam_unix(sshd:auth): authentication failure; logname= uid=0 euid=0 tty=ssh ruser= rhost=43.255.190.174  user=root
Apr 12 18:00:49 ovzhost sshd[1043]: pam_unix(sshd:auth): authentication failure; logname= uid=0 euid=0 tty=ssh ruser= rhost=43.255.190.174  user=root
Apr 12 18:00:51 ovzhost sshd[1041]: Failed password for root from 43.255.190.174 port 55458 ssh2
Apr 12 18:00:51 ovzhost sshd[1043]: Failed password for root from 43.255.190.174 port 55691 ssh2
Apr 12 18:00:52 ovzhost sshd[1039]: message repeated 2 times: [ Failed password for root from 43.255.190.189 port 46576 ssh2]
Apr 12 18:00:52 ovzhost sshd[1039]: Received disconnect from 43.255.190.189: 11:  [preauth]
Apr 12 18:00:52 ovzhost sshd[1039]: PAM 2 more authentication failures; logname= uid=0 euid=0 tty=ssh ruser= rhost=43.255.190.189  user=root
Apr 12 18:00:53 ovzhost sshd[1045]: pam_unix(sshd:auth): authentication failure; logname= uid=0 euid=0 tty=ssh ruser= rhost=43.255.190.189  user=root
Apr 12 18:00:55 ovzhost sshd[1041]: message repeated 2 times: [ Failed password for root from 43.255.190.174 port 55458 ssh2]
Apr 12 18:00:55 ovzhost sshd[1041]: Received disconnect from 43.255.190.174: 11:  [preauth]
Apr 12 18:00:55 ovzhost sshd[1041]: PAM 2 more authentication failures; logname= uid=0 euid=0 tty=ssh ruser= rhost=43.255.190.174  user=root
Apr 12 18:00:55 ovzhost sshd[1045]: Failed password for root from 43.255.190.189 port 33887 ssh2
Apr 12 18:00:55 ovzhost sshd[1043]: message repeated 2 times: [ Failed password for root from 43.255.190.174 port 55691 ssh2]
Apr 12 18:00:55 ovzhost sshd[1043]: Received disconnect from 43.255.190.174: 11:  [preauth]
Apr 12 18:00:55 ovzhost sshd[1043]: PAM 2 more authentication failures; logname= uid=0 euid=0 tty=ssh ruser= rhost=43.255.190.174  user=root
Apr 12 18:00:56 ovzhost sshd[1047]: pam_unix(sshd:auth): authentication failure; logname= uid=0 euid=0 tty=ssh ruser= rhost=43.255.190.174  user=root
Apr 12 18:00:56 ovzhost sshd[1049]: pam_unix(sshd:auth): authentication failure; logname= uid=0 euid=0 tty=ssh ruser= rhost=43.255.190.174  user=root
Apr 12 18:00:58 ovzhost sshd[1047]: Failed password for root from 43.255.190.174 port 42857 ssh2
Apr 12 18:00:58 ovzhost sshd[1049]: Failed password for root from 43.255.190.174 port 43002 ssh2
Apr 12 18:01:00 ovzhost sshd[1045]: message repeated 2 times: [ Failed password for root from 43.255.190.189 port 33887 ssh2]
Apr 12 18:01:00 ovzhost sshd[1045]: Received disconnect from 43.255.190.189: 11:  [preauth]
Apr 12 18:01:00 ovzhost sshd[1045]: PAM 2 more authentication failures; logname= uid=0 euid=0 tty=ssh ruser= rhost=43.255.190.189  user=root
Apr 12 18:01:01 ovzhost sshd[1052]: pam_unix(sshd:auth): authentication failure; logname= uid=0 euid=0 tty=ssh ruser= rhost=43.255.190.189  user=root
Apr 12 18:01:02 ovzhost sshd[1047]: message repeated 2 times: [ Failed password for root from 43.255.190.174 port 42857 ssh2]
Apr 12 18:01:02 ovzhost sshd[1047]: Received disconnect from 43.255.190.174: 11:  [preauth]
Apr 12 18:01:02 ovzhost sshd[1047]: PAM 2 more authentication failures; logname= uid=0 euid=0 tty=ssh ruser= rhost=43.255.190.174  user=root
Apr 12 18:01:02 ovzhost sshd[1049]: message repeated 2 times: [ Failed password for root from 43.255.190.174 port 43002 ssh2]
Apr 12 18:01:02 ovzhost sshd[1049]: Received disconnect from 43.255.190.174: 11:  [preauth]
Apr 12 18:01:02 ovzhost sshd[1049]: PAM 2 more authentication failures; logname= uid=0 euid=0 tty=ssh ruser= rhost=43.255.190.174  user=root
Apr 12 18:01:02 ovzhost sshd[1056]: pam_unix(sshd:auth): authentication failure; logname= uid=0 euid=0 tty=ssh ruser= rhost=43.255.190.174  user=root
Apr 12 18:01:02 ovzhost sshd[1058]: pam_unix(sshd:auth): authentication failure; logname= uid=0 euid=0 tty=ssh ruser= rhost=43.255.190.174  user=root
Apr 12 18:01:03 ovzhost sshd[1052]: Failed password for root from 43.255.190.189 port 49117 ssh2
Apr 12 18:01:05 ovzhost sshd[1056]: Failed password for root from 43.255.190.174 port 56946 ssh2
Apr 12 18:01:05 ovzhost sshd[1058]: Failed password for root from 43.255.190.174 port 57318 ssh2
Apr 12 18:01:07 ovzhost sshd[1052]: message repeated 2 times: [ Failed password for root from 43.255.190.189 port 49117 ssh2]
Apr 12 18:01:07 ovzhost sshd[1052]: Received disconnect from 43.255.190.189: 11:  [preauth]
Apr 12 18:01:07 ovzhost sshd[1052]: PAM 2 more authentication failures; logname= uid=0 euid=0 tty=ssh ruser= rhost=43.255.190.189  user=root
Apr 12 18:01:08 ovzhost sshd[1060]: pam_unix(sshd:auth): authentication failure; logname= uid=0 euid=0 tty=ssh ruser= rhost=43.255.190.189  user=root
Apr 12 18:01:09 ovzhost sshd[1056]: message repeated 2 times: [ Failed password for root from 43.255.190.174 port 56946 ssh2]
Apr 12 18:01:09 ovzhost sshd[1056]: Received disconnect from 43.255.190.174: 11:  [preauth]
Apr 12 18:01:09 ovzhost sshd[1056]: PAM 2 more authentication failures; logname= uid=0 euid=0 tty=ssh ruser= rhost=43.255.190.174  user=root
Apr 12 18:01:09 ovzhost sshd[1058]: message repeated 2 times: [ Failed password for root from 43.255.190.174 port 57318 ssh2]
Apr 12 18:01:10 ovzhost sshd[1058]: Received disconnect from 43.255.190.174: 11:  [preauth]
Apr 12 18:01:10 ovzhost sshd[1058]: PAM 2 more authentication failures; logname= uid=0 euid=0 tty=ssh ruser= rhost=43.255.190.174  user=root
Apr 12 18:01:10 ovzhost sshd[1060]: Failed password for root from 43.255.190.189 port 37105 ssh2
Apr 12 18:01:10 ovzhost sshd[1062]: pam_unix(sshd:auth): authentication failure; logname= uid=0 euid=0 tty=ssh ruser= rhost=43.255.190.174  user=root
Apr 12 18:01:10 ovzhost sshd[1064]: pam_unix(sshd:auth): authentication failure; logname= uid=0 euid=0 tty=ssh ruser= rhost=43.255.190.174  user=root
Apr 12 18:01:12 ovzhost sshd[1062]: Failed password for root from 43.255.190.174 port 45420 ssh2
Apr 12 18:01:12 ovzhost sshd[1064]: Failed password for root from 43.255.190.174 port 45794 ssh2
Apr 12 18:01:14 ovzhost sshd[1060]: message repeated 2 times: [ Failed password for root from 43.255.190.189 port 37105 ssh2]
Apr 12 18:01:14 ovzhost sshd[1060]: Received disconnect from 43.255.190.189: 11:  [preauth]
Apr 12 18:01:14 ovzhost sshd[1060]: PAM 2 more authentication failures; logname= uid=0 euid=0 tty=ssh ruser= rhost=43.255.190.189  user=root
Apr 12 18:01:15 ovzhost sshd[1066]: pam_unix(sshd:auth): authentication failure; logname= uid=0 euid=0 tty=ssh ruser= rhost=43.255.190.189  user=root
Apr 12 18:01:17 ovzhost sshd[1062]: message repeated 2 times: [ Failed password for root from 43.255.190.174 port 45420 ssh2]
Apr 12 18:01:17 ovzhost sshd[1062]: Received disconnect from 43.255.190.174: 11:  [preauth]
Apr 12 18:01:17 ovzhost sshd[1062]: PAM 2 more authentication failures; logname= uid=0 euid=0 tty=ssh ruser= rhost=43.255.190.174  user=root
Apr 12 18:01:17 ovzhost sshd[1064]: message repeated 2 times: [ Failed password for root from 43.255.190.174 port 45794 ssh2]
Apr 12 18:01:17 ovzhost sshd[1064]: Received disconnect from 43.255.190.174: 11:  [preauth]
Apr 12 18:01:17 ovzhost sshd[1064]: PAM 2 more authentication failures; logname= uid=0 euid=0 tty=ssh ruser= rhost=43.255.190.174  user=root
Apr 12 18:01:17 ovzhost sshd[1066]: Failed password for root from 43.255.190.189 port 51741 ssh2
Apr 12 18:01:17 ovzhost sshd[1068]: pam_unix(sshd:auth): authentication failure; logname= uid=0 euid=0 tty=ssh ruser= rhost=43.255.190.174  user=root
Apr 12 18:01:18 ovzhost sshd[1070]: pam_unix(sshd:auth): authentication failure; logname= uid=0 euid=0 tty=ssh ruser= rhost=43.255.190.174  user=root
Apr 12 18:01:20 ovzhost sshd[1068]: Failed password for root from 43.255.190.174 port 60731 ssh2
Apr 12 18:01:20 ovzhost sshd[1070]: Failed password for root from 43.255.190.174 port 60968 ssh2
Apr 12 18:01:22 ovzhost sshd[1066]: message repeated 2 times: [ Failed password for root from 43.255.190.189 port 51741 ssh2]
Apr 12 18:01:22 ovzhost sshd[1066]: Received disconnect from 43.255.190.189: 11:  [preauth]
Apr 12 18:01:22 ovzhost sshd[1066]: PAM 2 more authentication failures; logname= uid=0 euid=0 tty=ssh ruser= rhost=43.255.190.189  user=root
Apr 12 18:01:22 ovzhost sshd[1072]: pam_unix(sshd:auth): authentication failure; logname= uid=0 euid=0 tty=ssh ruser= rhost=43.255.190.189  user=root
Apr 12 18:01:24 ovzhost sshd[1068]: message repeated 2 times: [ Failed password for root from 43.255.190.174 port 60731 ssh2]
Apr 12 18:01:24 ovzhost sshd[1068]: Received disconnect from 43.255.190.174: 11:  [preauth]
Apr 12 18:01:24 ovzhost sshd[1068]: PAM 2 more authentication failures; logname= uid=0 euid=0 tty=ssh ruser= rhost=43.255.190.174  user=root
Apr 12 18:01:24 ovzhost sshd[1074]: pam_unix(sshd:auth): authentication failure; logname= uid=0 euid=0 tty=ssh ruser= rhost=43.255.190.174  user=root
Apr 12 18:01:24 ovzhost sshd[1070]: message repeated 2 times: [ Failed password for root from 43.255.190.174 port 60968 ssh2]
Apr 12 18:01:24 ovzhost sshd[1070]: Received disconnect from 43.255.190.174: 11:  [preauth]
Apr 12 18:01:24 ovzhost sshd[1070]: PAM 2 more authentication failures; logname= uid=0 euid=0 tty=ssh ruser= rhost=43.255.190.174  user=root
Apr 12 18:01:24 ovzhost sshd[1072]: Failed password for root from 43.255.190.189 port 39455 ssh2
Apr 12 18:01:25 ovzhost sshd[1076]: pam_unix(sshd:auth): authentication failure; logname= uid=0 euid=0 tty=ssh ruser= rhost=43.255.190.174  user=root
Apr 12 18:01:26 ovzhost sshd[1074]: Failed password for root from 43.255.190.174 port 46733 ssh2
Apr 12 18:01:27 ovzhost sshd[1076]: Failed password for root from 43.255.190.174 port 48174 ssh2
Apr 12 18:01:28 ovzhost sshd[1072]: message repeated 2 times: [ Failed password for root from 43.255.190.189 port 39455 ssh2]
Apr 12 18:01:28 ovzhost sshd[1072]: Received disconnect from 43.255.190.189: 11:  [preauth]
Apr 12 18:01:28 ovzhost sshd[1072]: PAM 2 more authentication failures; logname= uid=0 euid=0 tty=ssh ruser= rhost=43.255.190.189  user=root
Apr 12 18:01:29 ovzhost sshd[1078]: pam_unix(sshd:auth): authentication failure; logname= uid=0 euid=0 tty=ssh ruser= rhost=43.255.190.189  user=root
Apr 12 18:01:30 ovzhost sshd[1074]: message repeated 2 times: [ Failed password for root from 43.255.190.174 port 46733 ssh2]
Apr 12 18:01:30 ovzhost sshd[1074]: Received disconnect from 43.255.190.174: 11:  [preauth]
Apr 12 18:01:30 ovzhost sshd[1074]: PAM 2 more authentication failures; logname= uid=0 euid=0 tty=ssh ruser= rhost=43.255.190.174  user=root
Apr 12 18:01:31 ovzhost sshd[1080]: pam_unix(sshd:auth): authentication failure; logname= uid=0 euid=0 tty=ssh ruser= rhost=43.255.190.174  user=root
Apr 12 18:01:31 ovzhost sshd[1078]: Failed password for root from 43.255.190.189 port 55138 ssh2
Apr 12 18:01:32 ovzhost sshd[1076]: message repeated 2 times: [ Failed password for root from 43.255.190.174 port 48174 ssh2]
Apr 12 18:01:32 ovzhost sshd[1076]: Received disconnect from 43.255.190.174: 11:  [preauth]
Apr 12 18:01:32 ovzhost sshd[1076]: PAM 2 more authentication failures; logname= uid=0 euid=0 tty=ssh ruser= rhost=43.255.190.174  user=root
Apr 12 18:01:32 ovzhost sshd[1084]: pam_unix(sshd:auth): authentication failure; logname= uid=0 euid=0 tty=ssh ruser= rhost=43.255.190.174  user=root
Apr 12 18:01:33 ovzhost sshd[1080]: Failed password for root from 43.255.190.174 port 33439 ssh2
Apr 12 18:01:35 ovzhost sshd[1084]: Failed password for root from 43.255.190.174 port 36115 ssh2
Apr 12 18:01:36 ovzhost sshd[1078]: message repeated 2 times: [ Failed password for root from 43.255.190.189 port 55138 ssh2]
Apr 12 18:01:36 ovzhost sshd[1078]: Received disconnect from 43.255.190.189: 11:  [preauth]
Apr 12 18:01:36 ovzhost sshd[1078]: PAM 2 more authentication failures; logname= uid=0 euid=0 tty=ssh ruser= rhost=43.255.190.189  user=root
Apr 12 18:01:37 ovzhost sshd[1086]: pam_unix(sshd:auth): authentication failure; logname= uid=0 euid=0 tty=ssh ruser= rhost=43.255.190.189  user=root
Apr 12 18:01:37 ovzhost sshd[1080]: message repeated 2 times: [ Failed password for root from 43.255.190.174 port 33439 ssh2]
Apr 12 18:01:37 ovzhost sshd[1080]: Received disconnect from 43.255.190.174: 11:  [preauth]
Apr 12 18:01:37 ovzhost sshd[1080]: PAM 2 more authentication failures; logname= uid=0 euid=0 tty=ssh ruser= rhost=43.255.190.174  user=root
Apr 12 18:01:38 ovzhost sshd[1088]: pam_unix(sshd:auth): authentication failure; logname= uid=0 euid=0 tty=ssh ruser= rhost=43.255.190.174  user=root
Apr 12 18:01:38 ovzhost sshd[1084]: message repeated 2 times: [ Failed password for root from 43.255.190.174 port 36115 ssh2]
Apr 12 18:01:38 ovzhost sshd[1084]: Received disconnect from 43.255.190.174: 11:  [preauth]
Apr 12 18:01:38 ovzhost sshd[1084]: PAM 2 more authentication failures; logname= uid=0 euid=0 tty=ssh ruser= rhost=43.255.190.174  user=root
Apr 12 18:01:39 ovzhost sshd[1090]: pam_unix(sshd:auth): authentication failure; logname= uid=0 euid=0 tty=ssh ruser= rhost=43.255.190.174  user=root
Apr 12 18:01:39 ovzhost sshd[1086]: Failed password for root from 43.255.190.189 port 42082 ssh2
Apr 12 18:01:40 ovzhost sshd[1088]: Failed password for root from 43.255.190.174 port 47738 ssh2
Apr 12 18:01:41 ovzhost sshd[1090]: Failed password for root from 43.255.190.174 port 49465 ssh2
Apr 12 18:01:44 ovzhost sshd[1086]: message repeated 2 times: [ Failed password for root from 43.255.190.189 port 42082 ssh2]
Apr 12 18:01:44 ovzhost sshd[1086]: Received disconnect from 43.255.190.189: 11:  [preauth]
Apr 12 18:01:44 ovzhost sshd[1086]: PAM 2 more authentication failures; logname= uid=0 euid=0 tty=ssh ruser= rhost=43.255.190.189  user=root
Apr 12 18:01:44 ovzhost sshd[1088]: message repeated 2 times: [ Failed password for root from 43.255.190.174 port 47738 ssh2]
Apr 12 18:01:44 ovzhost sshd[1088]: Received disconnect from 43.255.190.174: 11:  [preauth]
Apr 12 18:01:44 ovzhost sshd[1088]: PAM 2 more authentication failures; logname= uid=0 euid=0 tty=ssh ruser= rhost=43.255.190.174  user=root
Apr 12 18:01:44 ovzhost sshd[1096]: pam_unix(sshd:auth): authentication failure; logname= uid=0 euid=0 tty=ssh ruser= rhost=43.255.190.189  user=root
Apr 12 18:01:45 ovzhost sshd[1098]: pam_unix(sshd:auth): authentication failure; logname= uid=0 euid=0 tty=ssh ruser= rhost=43.255.190.174  user=root
Apr 12 18:01:46 ovzhost sshd[1090]: message repeated 2 times: [ Failed password for root from 43.255.190.174 port 49465 ssh2]
Apr 12 18:01:46 ovzhost sshd[1090]: Received disconnect from 43.255.190.174: 11:  [preauth]
Apr 12 18:01:46 ovzhost sshd[1090]: PAM 2 more authentication failures; logname= uid=0 euid=0 tty=ssh ruser= rhost=43.255.190.174  user=root
Apr 12 18:01:46 ovzhost sshd[1100]: pam_unix(sshd:auth): authentication failure; logname= uid=0 euid=0 tty=ssh ruser= rhost=43.255.190.174  user=root
Apr 12 18:01:47 ovzhost sshd[1096]: Failed password for root from 43.255.190.189 port 58984 ssh2
Apr 12 18:01:47 ovzhost sshd[1098]: Failed password for root from 43.255.190.174 port 34374 ssh2
Apr 12 18:01:48 ovzhost sshd[1100]: Failed password for root from 43.255.190.174 port 37284 ssh2
Apr 12 18:01:50 ovzhost sshd[1096]: message repeated 2 times: [ Failed password for root from 43.255.190.189 port 58984 ssh2]
Apr 12 18:01:50 ovzhost sshd[1096]: Received disconnect from 43.255.190.189: 11:  [preauth]
Apr 12 18:01:50 ovzhost sshd[1096]: PAM 2 more authentication failures; logname= uid=0 euid=0 tty=ssh ruser= rhost=43.255.190.189  user=root
Apr 12 18:01:50 ovzhost sshd[1092]: pam_unix(sshd:auth): authentication failure; logname= uid=0 euid=0 tty=ssh ruser= rhost=195-154-71-129.rev.poneytelecom.eu  user=root
Apr 12 18:01:51 ovzhost sshd[1102]: pam_unix(sshd:auth): authentication failure; logname= uid=0 euid=0 tty=ssh ruser= rhost=43.255.190.189  user=root
Apr 12 18:01:51 ovzhost sshd[1098]: message repeated 2 times: [ Failed password for root from 43.255.190.174 port 34374 ssh2]
Apr 12 18:01:51 ovzhost sshd[1098]: Received disconnect from 43.255.190.174: 11:  [preauth]
Apr 12 18:01:51 ovzhost sshd[1098]: PAM 2 more authentication failures; logname= uid=0 euid=0 tty=ssh ruser= rhost=43.255.190.174  user=root
Apr 12 18:01:52 ovzhost sshd[1104]: pam_unix(sshd:auth): authentication failure; logname= uid=0 euid=0 tty=ssh ruser= rhost=43.255.190.174  user=root
Apr 12 18:01:52 ovzhost sshd[1100]: message repeated 2 times: [ Failed password for root from 43.255.190.174 port 37284 ssh2]
Apr 12 18:01:52 ovzhost sshd[1100]: Received disconnect from 43.255.190.174: 11:  [preauth]
Apr 12 18:01:52 ovzhost sshd[1100]: PAM 2 more authentication failures; logname= uid=0 euid=0 tty=ssh ruser= rhost=43.255.190.174  user=root
Apr 12 18:01:52 ovzhost sshd[1092]: Failed password for root from 195.154.71.129 port 7176 ssh2
Apr 12 18:01:52 ovzhost sshd[1092]: Connection closed by 195.154.71.129 [preauth]
Apr 12 18:01:53 ovzhost sshd[1106]: pam_unix(sshd:auth): authentication failure; logname= uid=0 euid=0 tty=ssh ruser= rhost=43.255.190.174  user=root
Apr 12 18:01:53 ovzhost sshd[1102]: Failed password for root from 43.255.190.189 port 45543 ssh2
Apr 12 18:01:54 ovzhost sshd[1104]: Failed password for root from 43.255.190.174 port 49277 ssh2
Apr 12 18:01:55 ovzhost sshd[1106]: Failed password for root from 43.255.190.174 port 51227 ssh2
Apr 12 18:01:58 ovzhost sshd[1102]: message repeated 2 times: [ Failed password for root from 43.255.190.189 port 45543 ssh2]
Apr 12 18:01:58 ovzhost sshd[1102]: Received disconnect from 43.255.190.189: 11:  [preauth]
Apr 12 18:01:58 ovzhost sshd[1102]: PAM 2 more authentication failures; logname= uid=0 euid=0 tty=ssh ruser= rhost=43.255.190.189  user=root
Apr 12 18:01:58 ovzhost sshd[1104]: message repeated 2 times: [ Failed password for root from 43.255.190.174 port 49277 ssh2]
Apr 12 18:01:58 ovzhost sshd[1104]: Received disconnect from 43.255.190.174: 11:  [preauth]
Apr 12 18:01:58 ovzhost sshd[1104]: PAM 2 more authentication failures; logname= uid=0 euid=0 tty=ssh ruser= rhost=43.255.190.174  user=root
Apr 12 18:01:59 ovzhost sshd[1109]: pam_unix(sshd:auth): authentication failure; logname= uid=0 euid=0 tty=ssh ruser= rhost=43.255.190.189  user=root
Apr 12 18:01:59 ovzhost sshd[1111]: pam_unix(sshd:auth): authentication failure; logname= uid=0 euid=0 tty=ssh ruser= rhost=43.255.190.174  user=root
Apr 12 18:02:00 ovzhost sshd[1106]: message repeated 2 times: [ Failed password for root from 43.255.190.174 port 51227 ssh2]
Apr 12 18:02:00 ovzhost sshd[1106]: Received disconnect from 43.255.190.174: 11:  [preauth]
Apr 12 18:02:00 ovzhost sshd[1106]: PAM 2 more authentication failures; logname= uid=0 euid=0 tty=ssh ruser= rhost=43.255.190.174  user=root
Apr 12 18:02:00 ovzhost sshd[1113]: pam_unix(sshd:auth): authentication failure; logname= uid=0 euid=0 tty=ssh ruser= rhost=43.255.190.174  user=root
Apr 12 18:02:00 ovzhost sshd[1109]: Failed password for root from 43.255.190.189 port 60943 ssh2
Apr 12 18:02:01 ovzhost sshd[1111]: Failed password for root from 43.255.190.174 port 35624 ssh2
Apr 12 18:02:02 ovzhost sshd[1113]: Failed password for root from 43.255.190.174 port 37896 ssh2
Apr 12 18:02:04 ovzhost sshd[1109]: message repeated 2 times: [ Failed password for root from 43.255.190.189 port 60943 ssh2]
Apr 12 18:02:04 ovzhost sshd[1109]: Received disconnect from 43.255.190.189: 11:  [preauth]
Apr 12 18:02:04 ovzhost sshd[1109]: PAM 2 more authentication failures; logname= uid=0 euid=0 tty=ssh ruser= rhost=43.255.190.189  user=root
Apr 12 18:02:05 ovzhost sshd[1115]: pam_unix(sshd:auth): authentication failure; logname= uid=0 euid=0 tty=ssh ruser= rhost=43.255.190.189  user=root
Apr 12 18:02:06 ovzhost sshd[1111]: message repeated 2 times: [ Failed password for root from 43.255.190.174 port 35624 ssh2]
Apr 12 18:02:06 ovzhost sshd[1111]: Received disconnect from 43.255.190.174: 11:  [preauth]
Apr 12 18:02:06 ovzhost sshd[1111]: PAM 2 more authentication failures; logname= uid=0 euid=0 tty=ssh ruser= rhost=43.255.190.174  user=root
Apr 12 18:02:06 ovzhost sshd[1117]: pam_unix(sshd:auth): authentication failure; logname= uid=0 euid=0 tty=ssh ruser= rhost=43.255.190.174  user=root
Apr 12 18:02:07 ovzhost sshd[1113]: message repeated 2 times: [ Failed password for root from 43.255.190.174 port 37896 ssh2]
Apr 12 18:02:07 ovzhost sshd[1113]: Received disconnect from 43.255.190.174: 11:  [preauth]
Apr 12 18:02:07 ovzhost sshd[1113]: PAM 2 more authentication failures; logname= uid=0 euid=0 tty=ssh ruser= rhost=43.255.190.174  user=root
Apr 12 18:02:07 ovzhost sshd[1119]: pam_unix(sshd:auth): authentication failure; logname= uid=0 euid=0 tty=ssh ruser= rhost=43.255.190.174  user=root
Apr 12 18:02:07 ovzhost sshd[1115]: Failed password for root from 43.255.190.189 port 47212 ssh2
Apr 12 18:02:08 ovzhost sshd[1117]: Failed password for root from 43.255.190.174 port 50655 ssh2
Apr 12 18:02:10 ovzhost sshd[1119]: Failed password for root from 43.255.190.174 port 52637 ssh2
Apr 12 18:02:12 ovzhost sshd[1115]: message repeated 2 times: [ Failed password for root from 43.255.190.189 port 47212 ssh2]
Apr 12 18:02:12 ovzhost sshd[1115]: Received disconnect from 43.255.190.189: 11:  [preauth]
Apr 12 18:02:12 ovzhost sshd[1115]: PAM 2 more authentication failures; logname= uid=0 euid=0 tty=ssh ruser= rhost=43.255.190.189  user=root
Apr 12 18:02:12 ovzhost sshd[1117]: message repeated 2 times: [ Failed password for root from 43.255.190.174 port 50655 ssh2]
