Mar 31 17:16:56 ovzhost sudo:     root : unable to resolve host ovzhost
Mar 31 17:16:56 ovzhost sudo:     root : TTY=pts/0 ; PWD=/ ; USER=root ; COMMAND=/usr/bin/less /root/.bash_history
Mar 31 17:16:56 ovzhost sudo: pam_unix(sudo:session): session opened for user root by (uid=0)
Mar 31 17:16:57 ovzhost sudo: pam_unix(sudo:session): session closed for user root
Apr  2 14:31:13 ovzhost sshd[419]: Server listening on 0.0.0.0 port 22.
Apr  2 14:31:13 ovzhost sshd[419]: Server listening on :: port 22.
Apr  2 14:31:13 ovzhost saslauthd[637]: detach_tty      : master pid is: 637
Apr  2 14:31:13 ovzhost saslauthd[637]: ipc_init        : listening on socket: /var/run/saslauthd/mux
Apr  2 14:33:26 ovzhost sshd[797]: Connection closed by 127.0.0.1 [preauth]
Apr 12 05:38:38 ovzhost sshd[795]: Connection closed by 127.0.0.1 [preauth]
Apr 12 05:39:01 ovzhost CRON[799]: pam_env(cron:session): Unable to open env file: /etc/default/locale: No such file or directory
Apr 12 05:39:01 ovzhost CRON[799]: pam_unix(cron:session): session opened for user root by (uid=0)
Apr 12 05:39:01 ovzhost CRON[799]: pam_unix(cron:session): session closed for user root
Apr 12 05:40:01 ovzhost CRON[812]: pam_env(cron:session): Unable to open env file: /etc/default/locale: No such file or directory
Apr 12 05:40:01 ovzhost CRON[812]: pam_unix(cron:session): session opened for user smmsp by (uid=0)
Apr 12 05:40:01 ovzhost CRON[812]: pam_unix(cron:session): session closed for user smmsp
Apr 12 05:40:26 ovzhost sshd[840]: Connection closed by 128.8.37.104 [preauth]
Apr 12 05:43:38 ovzhost sshd[854]: Connection closed by 127.0.0.1 [preauth]
Apr 12 05:48:38 ovzhost sshd[876]: Connection closed by 127.0.0.1 [preauth]
Apr 12 05:50:26 ovzhost sshd[885]: Connection closed by 128.8.37.104 [preauth]
Apr 12 05:51:58 ovzhost sshd[892]: pam_unix(sshd:auth): authentication failure; logname= uid=0 euid=0 tty=ssh ruser= rhost=43.255.190.176  user=root
Apr 12 05:51:58 ovzhost sshd[894]: pam_unix(sshd:auth): authentication failure; logname= uid=0 euid=0 tty=ssh ruser= rhost=43.255.190.167  user=root
Apr 12 05:51:59 ovzhost sshd[892]: Failed password for root from 43.255.190.176 port 35220 ssh2
Apr 12 05:51:59 ovzhost sshd[894]: Failed password for root from 43.255.190.167 port 48325 ssh2
Apr 12 05:52:03 ovzhost sshd[892]: message repeated 2 times: [ Failed password for root from 43.255.190.176 port 35220 ssh2]
Apr 12 05:52:03 ovzhost sshd[892]: Received disconnect from 43.255.190.176: 11:  [preauth]
Apr 12 05:52:03 ovzhost sshd[892]: PAM 2 more authentication failures; logname= uid=0 euid=0 tty=ssh ruser= rhost=43.255.190.176  user=root
Apr 12 05:52:03 ovzhost sshd[894]: message repeated 2 times: [ Failed password for root from 43.255.190.167 port 48325 ssh2]
Apr 12 05:52:03 ovzhost sshd[894]: Received disconnect from 43.255.190.167: 11:  [preauth]
Apr 12 05:52:03 ovzhost sshd[894]: PAM 2 more authentication failures; logname= uid=0 euid=0 tty=ssh ruser= rhost=43.255.190.167  user=root
Apr 12 05:52:04 ovzhost sshd[900]: pam_unix(sshd:auth): authentication failure; logname= uid=0 euid=0 tty=ssh ruser= rhost=43.255.190.167  user=root
Apr 12 05:52:04 ovzhost sshd[898]: pam_unix(sshd:auth): authentication failure; logname= uid=0 euid=0 tty=ssh ruser= rhost=43.255.190.176  user=root
Apr 12 05:52:05 ovzhost sshd[900]: Failed password for root from 43.255.190.167 port 34843 ssh2
Apr 12 05:52:05 ovzhost sshd[898]: Failed password for root from 43.255.190.176 port 51003 ssh2
Apr 12 05:52:10 ovzhost sshd[898]: message repeated 2 times: [ Failed password for root from 43.255.190.176 port 51003 ssh2]
Apr 12 05:52:10 ovzhost sshd[898]: Received disconnect from 43.255.190.176: 11:  [preauth]
Apr 12 05:52:10 ovzhost sshd[900]: message repeated 2 times: [ Failed password for root from 43.255.190.167 port 34843 ssh2]
Apr 12 05:52:10 ovzhost sshd[900]: Received disconnect from 43.255.190.167: 11:  [preauth]
Apr 12 05:52:10 ovzhost sshd[898]: PAM 2 more authentication failures; logname= uid=0 euid=0 tty=ssh ruser= rhost=43.255.190.176  user=root
Apr 12 05:52:10 ovzhost sshd[900]: PAM 2 more authentication failures; logname= uid=0 euid=0 tty=ssh ruser= rhost=43.255.190.167  user=root
Apr 12 05:52:10 ovzhost sshd[903]: pam_unix(sshd:auth): authentication failure; logname= uid=0 euid=0 tty=ssh ruser= rhost=43.255.190.167  user=root
Apr 12 05:52:10 ovzhost sshd[902]: pam_unix(sshd:auth): authentication failure; logname= uid=0 euid=0 tty=ssh ruser= rhost=43.255.190.176  user=root
Apr 12 05:52:12 ovzhost sshd[903]: Failed password for root from 43.255.190.167 port 51192 ssh2
Apr 12 05:52:12 ovzhost sshd[902]: Failed password for root from 43.255.190.176 port 42153 ssh2
Apr 12 05:52:16 ovzhost sshd[903]: message repeated 2 times: [ Failed password for root from 43.255.190.167 port 51192 ssh2]
Apr 12 05:52:16 ovzhost sshd[903]: Received disconnect from 43.255.190.167: 11:  [preauth]
Apr 12 05:52:16 ovzhost sshd[903]: PAM 2 more authentication failures; logname= uid=0 euid=0 tty=ssh ruser= rhost=43.255.190.167  user=root
Apr 12 05:52:16 ovzhost sshd[902]: message repeated 2 times: [ Failed password for root from 43.255.190.176 port 42153 ssh2]
Apr 12 05:52:16 ovzhost sshd[902]: Received disconnect from 43.255.190.176: 11:  [preauth]
Apr 12 05:52:16 ovzhost sshd[902]: PAM 2 more authentication failures; logname= uid=0 euid=0 tty=ssh ruser= rhost=43.255.190.176  user=root
Apr 12 05:52:17 ovzhost sshd[906]: pam_unix(sshd:auth): authentication failure; logname= uid=0 euid=0 tty=ssh ruser= rhost=43.255.190.167  user=root
Apr 12 05:52:17 ovzhost sshd[908]: pam_unix(sshd:auth): authentication failure; logname= uid=0 euid=0 tty=ssh ruser= rhost=43.255.190.176  user=root
Apr 12 05:52:18 ovzhost sshd[906]: Failed password for root from 43.255.190.167 port 39258 ssh2
Apr 12 05:52:18 ovzhost sshd[908]: Failed password for root from 43.255.190.176 port 60692 ssh2
Apr 12 05:52:23 ovzhost sshd[906]: message repeated 2 times: [ Failed password for root from 43.255.190.167 port 39258 ssh2]
Apr 12 05:52:23 ovzhost sshd[906]: Received disconnect from 43.255.190.167: 11:  [preauth]
Apr 12 05:52:23 ovzhost sshd[906]: PAM 2 more authentication failures; logname= uid=0 euid=0 tty=ssh ruser= rhost=43.255.190.167  user=root
Apr 12 05:52:23 ovzhost sshd[908]: message repeated 2 times: [ Failed password for root from 43.255.190.176 port 60692 ssh2]
Apr 12 05:52:23 ovzhost sshd[908]: Received disconnect from 43.255.190.176: 11:  [preauth]
Apr 12 05:52:23 ovzhost sshd[908]: PAM 2 more authentication failures; logname= uid=0 euid=0 tty=ssh ruser= rhost=43.255.190.176  user=root
Apr 12 05:52:23 ovzhost sshd[910]: pam_unix(sshd:auth): authentication failure; logname= uid=0 euid=0 tty=ssh ruser= rhost=43.255.190.167  user=root
Apr 12 05:52:23 ovzhost sshd[912]: pam_unix(sshd:auth): authentication failure; logname= uid=0 euid=0 tty=ssh ruser= rhost=43.255.190.176  user=root
Apr 12 05:52:25 ovzhost sshd[910]: Failed password for root from 43.255.190.167 port 56707 ssh2
Apr 12 05:52:25 ovzhost sshd[912]: Failed password for root from 43.255.190.176 port 51058 ssh2
Apr 12 05:52:29 ovzhost sshd[910]: message repeated 2 times: [ Failed password for root from 43.255.190.167 port 56707 ssh2]
Apr 12 05:52:29 ovzhost sshd[910]: Received disconnect from 43.255.190.167: 11:  [preauth]
Apr 12 05:52:29 ovzhost sshd[910]: PAM 2 more authentication failures; logname= uid=0 euid=0 tty=ssh ruser= rhost=43.255.190.167  user=root
Apr 12 05:52:29 ovzhost sshd[912]: message repeated 2 times: [ Failed password for root from 43.255.190.176 port 51058 ssh2]
Apr 12 05:52:29 ovzhost sshd[912]: Received disconnect from 43.255.190.176: 11:  [preauth]
Apr 12 05:52:29 ovzhost sshd[912]: PAM 2 more authentication failures; logname= uid=0 euid=0 tty=ssh ruser= rhost=43.255.190.176  user=root
Apr 12 05:52:29 ovzhost sshd[914]: pam_unix(sshd:auth): authentication failure; logname= uid=0 euid=0 tty=ssh ruser= rhost=43.255.190.167  user=root
Apr 12 05:52:29 ovzhost sshd[915]: pam_unix(sshd:auth): authentication failure; logname= uid=0 euid=0 tty=ssh ruser= rhost=43.255.190.176  user=root
Apr 12 05:52:31 ovzhost sshd[914]: Failed password for root from 43.255.190.167 port 44265 ssh2
Apr 12 05:52:31 ovzhost sshd[915]: Failed password for root from 43.255.190.176 port 40419 ssh2
Apr 12 05:52:35 ovzhost sshd[914]: message repeated 2 times: [ Failed password for root from 43.255.190.167 port 44265 ssh2]
Apr 12 05:52:35 ovzhost sshd[914]: Received disconnect from 43.255.190.167: 11:  [preauth]
Apr 12 05:52:35 ovzhost sshd[914]: PAM 2 more authentication failures; logname= uid=0 euid=0 tty=ssh ruser= rhost=43.255.190.167  user=root
Apr 12 05:52:35 ovzhost sshd[915]: message repeated 2 times: [ Failed password for root from 43.255.190.176 port 40419 ssh2]
Apr 12 05:52:35 ovzhost sshd[915]: Received disconnect from 43.255.190.176: 11:  [preauth]
Apr 12 05:52:35 ovzhost sshd[915]: PAM 2 more authentication failures; logname= uid=0 euid=0 tty=ssh ruser= rhost=43.255.190.176  user=root
Apr 12 05:52:36 ovzhost sshd[918]: pam_unix(sshd:auth): authentication failure; logname= uid=0 euid=0 tty=ssh ruser= rhost=43.255.190.167  user=root
Apr 12 05:52:36 ovzhost sshd[919]: pam_unix(sshd:auth): authentication failure; logname= uid=0 euid=0 tty=ssh ruser= rhost=43.255.190.176  user=root
Apr 12 05:52:37 ovzhost sshd[918]: Failed password for root from 43.255.190.167 port 60124 ssh2
Apr 12 05:52:37 ovzhost sshd[919]: Failed password for root from 43.255.190.176 port 57411 ssh2
Apr 12 05:52:41 ovzhost sshd[919]: message repeated 2 times: [ Failed password for root from 43.255.190.176 port 57411 ssh2]
Apr 12 05:52:41 ovzhost sshd[919]: Received disconnect from 43.255.190.176: 11:  [preauth]
Apr 12 05:52:41 ovzhost sshd[919]: PAM 2 more authentication failures; logname= uid=0 euid=0 tty=ssh ruser= rhost=43.255.190.176  user=root
Apr 12 05:52:41 ovzhost sshd[918]: message repeated 2 times: [ Failed password for root from 43.255.190.167 port 60124 ssh2]
Apr 12 05:52:41 ovzhost sshd[918]: Received disconnect from 43.255.190.167: 11:  [preauth]
Apr 12 05:52:41 ovzhost sshd[918]: PAM 2 more authentication failures; logname= uid=0 euid=0 tty=ssh ruser= rhost=43.255.190.167  user=root
Apr 12 05:52:42 ovzhost sshd[922]: pam_unix(sshd:auth): authentication failure; logname= uid=0 euid=0 tty=ssh ruser= rhost=43.255.190.176  user=root
Apr 12 05:52:42 ovzhost sshd[923]: pam_unix(sshd:auth): authentication failure; logname= uid=0 euid=0 tty=ssh ruser= rhost=43.255.190.167  user=root
Apr 12 05:52:44 ovzhost sshd[922]: Failed password for root from 43.255.190.176 port 46188 ssh2
Apr 12 05:52:44 ovzhost sshd[923]: Failed password for root from 43.255.190.167 port 47569 ssh2
Apr 12 05:52:48 ovzhost sshd[922]: message repeated 2 times: [ Failed password for root from 43.255.190.176 port 46188 ssh2]
Apr 12 05:52:48 ovzhost sshd[922]: Received disconnect from 43.255.190.176: 11:  [preauth]
Apr 12 05:52:48 ovzhost sshd[922]: PAM 2 more authentication failures; logname= uid=0 euid=0 tty=ssh ruser= rhost=43.255.190.176  user=root
Apr 12 05:52:48 ovzhost sshd[923]: message repeated 2 times: [ Failed password for root from 43.255.190.167 port 47569 ssh2]
Apr 12 05:52:48 ovzhost sshd[923]: Received disconnect from 43.255.190.167: 11:  [preauth]
Apr 12 05:52:48 ovzhost sshd[923]: PAM 2 more authentication failures; logname= uid=0 euid=0 tty=ssh ruser= rhost=43.255.190.167  user=root
Apr 12 05:52:49 ovzhost sshd[926]: pam_unix(sshd:auth): authentication failure; logname= uid=0 euid=0 tty=ssh ruser= rhost=43.255.190.176  user=root
Apr 12 05:52:49 ovzhost sshd[927]: pam_unix(sshd:auth): authentication failure; logname= uid=0 euid=0 tty=ssh ruser= rhost=43.255.190.167  user=root
Apr 12 05:52:51 ovzhost sshd[926]: Failed password for root from 43.255.190.176 port 36762 ssh2
Apr 12 05:52:51 ovzhost sshd[927]: Failed password for root from 43.255.190.167 port 36527 ssh2
Apr 12 05:52:55 ovzhost sshd[926]: message repeated 2 times: [ Failed password for root from 43.255.190.176 port 36762 ssh2]
Apr 12 05:52:55 ovzhost sshd[926]: Received disconnect from 43.255.190.176: 11:  [preauth]
Apr 12 05:52:55 ovzhost sshd[927]: message repeated 2 times: [ Failed password for root from 43.255.190.167 port 36527 ssh2]
Apr 12 05:52:55 ovzhost sshd[927]: Received disconnect from 43.255.190.167: 11:  [preauth]
Apr 12 05:52:55 ovzhost sshd[927]: PAM 2 more authentication failures; logname= uid=0 euid=0 tty=ssh ruser= rhost=43.255.190.167  user=root
Apr 12 05:52:55 ovzhost sshd[926]: PAM 2 more authentication failures; logname= uid=0 euid=0 tty=ssh ruser= rhost=43.255.190.176  user=root
Apr 12 05:52:56 ovzhost sshd[931]: pam_unix(sshd:auth): authentication failure; logname= uid=0 euid=0 tty=ssh ruser= rhost=43.255.190.176  user=root
Apr 12 05:52:56 ovzhost sshd[932]: pam_unix(sshd:auth): authentication failure; logname= uid=0 euid=0 tty=ssh ruser= rhost=43.255.190.167  user=root
Apr 12 05:52:58 ovzhost sshd[931]: Failed password for root from 43.255.190.176 port 55613 ssh2
Apr 12 05:52:58 ovzhost sshd[932]: Failed password for root from 43.255.190.167 port 53342 ssh2
Apr 12 05:53:02 ovzhost sshd[931]: message repeated 2 times: [ Failed password for root from 43.255.190.176 port 55613 ssh2]
Apr 12 05:53:02 ovzhost sshd[931]: Received disconnect from 43.255.190.176: 11:  [preauth]
Apr 12 05:53:02 ovzhost sshd[932]: message repeated 2 times: [ Failed password for root from 43.255.190.167 port 53342 ssh2]
Apr 12 05:53:02 ovzhost sshd[932]: Received disconnect from 43.255.190.167: 11:  [preauth]
Apr 12 05:53:02 ovzhost sshd[931]: PAM 2 more authentication failures; logname= uid=0 euid=0 tty=ssh ruser= rhost=43.255.190.176  user=root
Apr 12 05:53:02 ovzhost sshd[932]: PAM 2 more authentication failures; logname= uid=0 euid=0 tty=ssh ruser= rhost=43.255.190.167  user=root
Apr 12 05:53:02 ovzhost sshd[937]: pam_unix(sshd:auth): authentication failure; logname= uid=0 euid=0 tty=ssh ruser= rhost=43.255.190.176  user=root
Apr 12 05:53:02 ovzhost sshd[938]: pam_unix(sshd:auth): authentication failure; logname= uid=0 euid=0 tty=ssh ruser= rhost=43.255.190.167  user=root
Apr 12 05:53:05 ovzhost sshd[937]: Failed password for root from 43.255.190.176 port 46606 ssh2
Apr 12 05:53:05 ovzhost sshd[938]: Failed password for root from 43.255.190.167 port 42021 ssh2
Apr 12 05:53:09 ovzhost sshd[937]: message repeated 2 times: [ Failed password for root from 43.255.190.176 port 46606 ssh2]
Apr 12 05:53:09 ovzhost sshd[937]: Received disconnect from 43.255.190.176: 11:  [preauth]
Apr 12 05:53:09 ovzhost sshd[938]: message repeated 2 times: [ Failed password for root from 43.255.190.167 port 42021 ssh2]
Apr 12 05:53:09 ovzhost sshd[938]: Received disconnect from 43.255.190.167: 11:  [preauth]
Apr 12 05:53:09 ovzhost sshd[937]: PAM 2 more authentication failures; logname= uid=0 euid=0 tty=ssh ruser= rhost=43.255.190.176  user=root
Apr 12 05:53:09 ovzhost sshd[938]: PAM 2 more authentication failures; logname= uid=0 euid=0 tty=ssh ruser= rhost=43.255.190.167  user=root
Apr 12 05:53:09 ovzhost sshd[943]: pam_unix(sshd:auth): authentication failure; logname= uid=0 euid=0 tty=ssh ruser= rhost=43.255.190.176  user=root
Apr 12 05:53:09 ovzhost sshd[942]: pam_unix(sshd:auth): authentication failure; logname= uid=0 euid=0 tty=ssh ruser= rhost=43.255.190.167  user=root
Apr 12 05:53:11 ovzhost sshd[943]: Failed password for root from 43.255.190.176 port 37242 ssh2
Apr 12 05:53:11 ovzhost sshd[942]: Failed password for root from 43.255.190.167 port 58405 ssh2
Apr 12 05:53:15 ovzhost sshd[943]: message repeated 2 times: [ Failed password for root from 43.255.190.176 port 37242 ssh2]
Apr 12 05:53:15 ovzhost sshd[943]: Received disconnect from 43.255.190.176: 11:  [preauth]
Apr 12 05:53:15 ovzhost sshd[943]: PAM 2 more authentication failures; logname= uid=0 euid=0 tty=ssh ruser= rhost=43.255.190.176  user=root
Apr 12 05:53:15 ovzhost sshd[942]: message repeated 2 times: [ Failed password for root from 43.255.190.167 port 58405 ssh2]
Apr 12 05:53:15 ovzhost sshd[942]: Received disconnect from 43.255.190.167: 11:  [preauth]
Apr 12 05:53:15 ovzhost sshd[942]: PAM 2 more authentication failures; logname= uid=0 euid=0 tty=ssh ruser= rhost=43.255.190.167  user=root
Apr 12 05:53:15 ovzhost sshd[946]: pam_unix(sshd:auth): authentication failure; logname= uid=0 euid=0 tty=ssh ruser= rhost=43.255.190.176  user=root
Apr 12 05:53:15 ovzhost sshd[947]: pam_unix(sshd:auth): authentication failure; logname= uid=0 euid=0 tty=ssh ruser= rhost=43.255.190.167  user=root
Apr 12 05:53:17 ovzhost sshd[946]: Failed password for root from 43.255.190.176 port 53958 ssh2
Apr 12 05:53:17 ovzhost sshd[947]: Failed password for root from 43.255.190.167 port 45243 ssh2
Apr 12 05:53:22 ovzhost sshd[946]: message repeated 2 times: [ Failed password for root from 43.255.190.176 port 53958 ssh2]
Apr 12 05:53:22 ovzhost sshd[946]: Received disconnect from 43.255.190.176: 11:  [preauth]
Apr 12 05:53:22 ovzhost sshd[946]: PAM 2 more authentication failures; logname= uid=0 euid=0 tty=ssh ruser= rhost=43.255.190.176  user=root
Apr 12 05:53:22 ovzhost sshd[947]: message repeated 2 times: [ Failed password for root from 43.255.190.167 port 45243 ssh2]
Apr 12 05:53:22 ovzhost sshd[947]: Received disconnect from 43.255.190.167: 11:  [preauth]
Apr 12 05:53:22 ovzhost sshd[947]: PAM 2 more authentication failures; logname= uid=0 euid=0 tty=ssh ruser= rhost=43.255.190.167  user=root
Apr 12 05:53:22 ovzhost sshd[951]: pam_unix(sshd:auth): authentication failure; logname= uid=0 euid=0 tty=ssh ruser= rhost=43.255.190.167  user=root
Apr 12 05:53:22 ovzhost sshd[950]: pam_unix(sshd:auth): authentication failure; logname= uid=0 euid=0 tty=ssh ruser= rhost=43.255.190.176  user=root
Apr 12 05:53:24 ovzhost sshd[951]: Failed password for root from 43.255.190.167 port 33967 ssh2
Apr 12 05:53:24 ovzhost sshd[950]: Failed password for root from 43.255.190.176 port 44777 ssh2
Apr 12 05:53:29 ovzhost sshd[951]: message repeated 2 times: [ Failed password for root from 43.255.190.167 port 33967 ssh2]
Apr 12 05:53:29 ovzhost sshd[951]: Received disconnect from 43.255.190.167: 11:  [preauth]
Apr 12 05:53:29 ovzhost sshd[950]: message repeated 2 times: [ Failed password for root from 43.255.190.176 port 44777 ssh2]
Apr 12 05:53:29 ovzhost sshd[950]: Received disconnect from 43.255.190.176: 11:  [preauth]
Apr 12 05:53:29 ovzhost sshd[950]: PAM 2 more authentication failures; logname= uid=0 euid=0 tty=ssh ruser= rhost=43.255.190.176  user=root
Apr 12 05:53:29 ovzhost sshd[951]: PAM 2 more authentication failures; logname= uid=0 euid=0 tty=ssh ruser= rhost=43.255.190.167  user=root
Apr 12 05:53:29 ovzhost sshd[954]: pam_unix(sshd:auth): authentication failure; logname= uid=0 euid=0 tty=ssh ruser= rhost=43.255.190.176  user=root
Apr 12 05:53:29 ovzhost sshd[955]: pam_unix(sshd:auth): authentication failure; logname= uid=0 euid=0 tty=ssh ruser= rhost=43.255.190.167  user=root
Apr 12 05:53:31 ovzhost sshd[954]: Failed password for root from 43.255.190.176 port 34871 ssh2
Apr 12 05:53:31 ovzhost sshd[955]: Failed password for root from 43.255.190.167 port 50496 ssh2
Apr 12 05:53:35 ovzhost sshd[954]: message repeated 2 times: [ Failed password for root from 43.255.190.176 port 34871 ssh2]
Apr 12 05:53:35 ovzhost sshd[954]: Received disconnect from 43.255.190.176: 11:  [preauth]
Apr 12 05:53:35 ovzhost sshd[954]: PAM 2 more authentication failures; logname= uid=0 euid=0 tty=ssh ruser= rhost=43.255.190.176  user=root
Apr 12 05:53:35 ovzhost sshd[955]: message repeated 2 times: [ Failed password for root from 43.255.190.167 port 50496 ssh2]
Apr 12 05:53:35 ovzhost sshd[955]: Received disconnect from 43.255.190.167: 11:  [preauth]
Apr 12 05:53:35 ovzhost sshd[955]: PAM 2 more authentication failures; logname= uid=0 euid=0 tty=ssh ruser= rhost=43.255.190.167  user=root
Apr 12 05:53:35 ovzhost sshd[959]: pam_unix(sshd:auth): authentication failure; logname= uid=0 euid=0 tty=ssh ruser= rhost=43.255.190.167  user=root
Apr 12 05:53:35 ovzhost sshd[958]: pam_unix(sshd:auth): authentication failure; logname= uid=0 euid=0 tty=ssh ruser= rhost=43.255.190.176  user=root
Apr 12 05:53:37 ovzhost sshd[959]: Failed password for root from 43.255.190.167 port 37610 ssh2
Apr 12 05:53:37 ovzhost sshd[958]: Failed password for root from 43.255.190.176 port 51335 ssh2
Apr 12 05:53:38 ovzhost sshd[963]: Connection closed by 127.0.0.1 [preauth]
Apr 12 05:53:41 ovzhost sshd[959]: message repeated 2 times: [ Failed password for root from 43.255.190.167 port 37610 ssh2]
Apr 12 05:53:41 ovzhost sshd[959]: Received disconnect from 43.255.190.167: 11:  [preauth]
Apr 12 05:53:41 ovzhost sshd[958]: message repeated 2 times: [ Failed password for root from 43.255.190.176 port 51335 ssh2]
Apr 12 05:53:41 ovzhost sshd[958]: Received disconnect from 43.255.190.176: 11:  [preauth]
Apr 12 05:53:41 ovzhost sshd[959]: PAM 2 more authentication failures; logname= uid=0 euid=0 tty=ssh ruser= rhost=43.255.190.167  user=root
Apr 12 05:53:41 ovzhost sshd[958]: PAM 2 more authentication failures; logname= uid=0 euid=0 tty=ssh ruser= rhost=43.255.190.176  user=root
Apr 12 05:53:42 ovzhost sshd[966]: pam_unix(sshd:auth): authentication failure; logname= uid=0 euid=0 tty=ssh ruser= rhost=43.255.190.167  user=root
Apr 12 05:53:42 ovzhost sshd[965]: pam_unix(sshd:auth): authentication failure; logname= uid=0 euid=0 tty=ssh ruser= rhost=43.255.190.176  user=root
Apr 12 05:53:44 ovzhost sshd[966]: Failed password for root from 43.255.190.167 port 53552 ssh2
Apr 12 05:53:44 ovzhost sshd[965]: Failed password for root from 43.255.190.176 port 40572 ssh2
Apr 12 05:53:48 ovzhost sshd[965]: message repeated 2 times: [ Failed password for root from 43.255.190.176 port 40572 ssh2]
Apr 12 05:53:48 ovzhost sshd[965]: Received disconnect from 43.255.190.176: 11:  [preauth]
Apr 12 05:53:48 ovzhost sshd[965]: PAM 2 more authentication failures; logname= uid=0 euid=0 tty=ssh ruser= rhost=43.255.190.176  user=root
Apr 12 05:53:48 ovzhost sshd[966]: message repeated 2 times: [ Failed password for root from 43.255.190.167 port 53552 ssh2]
Apr 12 05:53:48 ovzhost sshd[966]: Received disconnect from 43.255.190.167: 11:  [preauth]
Apr 12 05:53:48 ovzhost sshd[966]: PAM 2 more authentication failures; logname= uid=0 euid=0 tty=ssh ruser= rhost=43.255.190.167  user=root
Apr 12 05:53:49 ovzhost sshd[969]: pam_unix(sshd:auth): authentication failure; logname= uid=0 euid=0 tty=ssh ruser= rhost=43.255.190.176  user=root
Apr 12 05:53:49 ovzhost sshd[970]: pam_unix(sshd:auth): authentication failure; logname= uid=0 euid=0 tty=ssh ruser= rhost=43.255.190.167  user=root
Apr 12 05:53:51 ovzhost sshd[969]: Failed password for root from 43.255.190.176 port 58240 ssh2
Apr 12 05:53:51 ovzhost sshd[970]: Failed password for root from 43.255.190.167 port 41346 ssh2
Apr 12 05:53:54 ovzhost sshd[970]: message repeated 2 times: [ Failed password for root from 43.255.190.167 port 41346 ssh2]
Apr 12 05:53:54 ovzhost sshd[970]: Received disconnect from 43.255.190.167: 11:  [preauth]
Apr 12 05:53:54 ovzhost sshd[970]: PAM 2 more authentication failures; logname= uid=0 euid=0 tty=ssh ruser= rhost=43.255.190.167  user=root
Apr 12 05:53:54 ovzhost sshd[969]: message repeated 2 times: [ Failed password for root from 43.255.190.176 port 58240 ssh2]
Apr 12 05:53:54 ovzhost sshd[969]: Received disconnect from 43.255.190.176: 11:  [preauth]
Apr 12 05:53:54 ovzhost sshd[969]: PAM 2 more authentication failures; logname= uid=0 euid=0 tty=ssh ruser= rhost=43.255.190.176  user=root
Apr 12 05:53:55 ovzhost sshd[976]: pam_unix(sshd:auth): authentication failure; logname= uid=0 euid=0 tty=ssh ruser= rhost=43.255.190.167  user=root
Apr 12 05:53:55 ovzhost sshd[975]: pam_unix(sshd:auth): authentication failure; logname= uid=0 euid=0 tty=ssh ruser= rhost=43.255.190.176  user=root
Apr 12 05:53:57 ovzhost sshd[976]: Failed password for root from 43.255.190.167 port 56562 ssh2
Apr 12 05:53:57 ovzhost sshd[975]: Failed password for root from 43.255.190.176 port 46436 ssh2
Apr 12 05:54:01 ovzhost sshd[976]: message repeated 2 times: [ Failed password for root from 43.255.190.167 port 56562 ssh2]
Apr 12 05:54:01 ovzhost sshd[976]: Received disconnect from 43.255.190.167: 11:  [preauth]
Apr 12 05:54:01 ovzhost sshd[976]: PAM 2 more authentication failures; logname= uid=0 euid=0 tty=ssh ruser= rhost=43.255.190.167  user=root
Apr 12 05:54:01 ovzhost sshd[975]: message repeated 2 times: [ Failed password for root from 43.255.190.176 port 46436 ssh2]
Apr 12 05:54:01 ovzhost sshd[975]: Received disconnect from 43.255.190.176: 11:  [preauth]
Apr 12 05:54:01 ovzhost sshd[975]: PAM 2 more authentication failures; logname= uid=0 euid=0 tty=ssh ruser= rhost=43.255.190.176  user=root
Apr 12 05:54:02 ovzhost sshd[979]: pam_unix(sshd:auth): authentication failure; logname= uid=0 euid=0 tty=ssh ruser= rhost=43.255.190.167  user=root
Apr 12 05:54:02 ovzhost sshd[981]: pam_unix(sshd:auth): authentication failure; logname= uid=0 euid=0 tty=ssh ruser= rhost=43.255.190.176  user=root
Apr 12 05:54:04 ovzhost sshd[979]: Failed password for root from 43.255.190.167 port 45088 ssh2
Apr 12 05:54:04 ovzhost sshd[981]: Failed password for root from 43.255.190.176 port 36488 ssh2
Apr 12 05:54:09 ovzhost sshd[979]: message repeated 2 times: [ Failed password for root from 43.255.190.167 port 45088 ssh2]
Apr 12 05:54:09 ovzhost sshd[979]: Received disconnect from 43.255.190.167: 11:  [preauth]
Apr 12 05:54:09 ovzhost sshd[979]: PAM 2 more authentication failures; logname= uid=0 euid=0 tty=ssh ruser= rhost=43.255.190.167  user=root
Apr 12 05:54:09 ovzhost sshd[981]: message repeated 2 times: [ Failed password for root from 43.255.190.176 port 36488 ssh2]
Apr 12 05:54:09 ovzhost sshd[981]: Received disconnect from 43.255.190.176: 11:  [preauth]
Apr 12 05:54:09 ovzhost sshd[981]: PAM 2 more authentication failures; logname= uid=0 euid=0 tty=ssh ruser= rhost=43.255.190.176  user=root
Apr 12 05:54:09 ovzhost sshd[983]: pam_unix(sshd:auth): authentication failure; logname= uid=0 euid=0 tty=ssh ruser= rhost=43.255.190.167  user=root
Apr 12 05:54:09 ovzhost sshd[984]: pam_unix(sshd:auth): authentication failure; logname= uid=0 euid=0 tty=ssh ruser= rhost=43.255.190.176  user=root
Apr 12 05:54:11 ovzhost sshd[983]: Failed password for root from 43.255.190.167 port 35027 ssh2
Apr 12 05:54:11 ovzhost sshd[984]: Failed password for root from 43.255.190.176 port 55360 ssh2
Apr 12 05:54:16 ovzhost sshd[983]: message repeated 2 times: [ Failed password for root from 43.255.190.167 port 35027 ssh2]
Apr 12 05:54:16 ovzhost sshd[983]: Received disconnect from 43.255.190.167: 11:  [preauth]
Apr 12 05:54:16 ovzhost sshd[983]: PAM 2 more authentication failures; logname= uid=0 euid=0 tty=ssh ruser= rhost=43.255.190.167  user=root
Apr 12 05:54:16 ovzhost sshd[984]: message repeated 2 times: [ Failed password for root from 43.255.190.176 port 55360 ssh2]
Apr 12 05:54:16 ovzhost sshd[984]: Received disconnect from 43.255.190.176: 11:  [preauth]
Apr 12 05:54:16 ovzhost sshd[984]: PAM 2 more authentication failures; logname= uid=0 euid=0 tty=ssh ruser= rhost=43.255.190.176  user=root
Apr 12 05:54:16 ovzhost sshd[988]: pam_unix(sshd:auth): authentication failure; logname= uid=0 euid=0 tty=ssh ruser= rhost=43.255.190.176  user=root
Apr 12 05:54:16 ovzhost sshd[987]: pam_unix(sshd:auth): authentication failure; logname= uid=0 euid=0 tty=ssh ruser= rhost=43.255.190.167  user=root
Apr 12 05:54:18 ovzhost sshd[988]: Failed password for root from 43.255.190.176 port 44642 ssh2
Apr 12 05:54:18 ovzhost sshd[987]: Failed password for root from 43.255.190.167 port 51366 ssh2
Apr 12 05:54:23 ovzhost sshd[988]: message repeated 2 times: [ Failed password for root from 43.255.190.176 port 44642 ssh2]
Apr 12 05:54:23 ovzhost sshd[988]: Received disconnect from 43.255.190.176: 11:  [preauth]
Apr 12 05:54:23 ovzhost sshd[988]: PAM 2 more authentication failures; logname= uid=0 euid=0 tty=ssh ruser= rhost=43.255.190.176  user=root
Apr 12 05:54:23 ovzhost sshd[987]: message repeated 2 times: [ Failed password for root from 43.255.190.167 port 51366 ssh2]
Apr 12 05:54:23 ovzhost sshd[987]: Received disconnect from 43.255.190.167: 11:  [preauth]
Apr 12 05:54:23 ovzhost sshd[987]: PAM 2 more authentication failures; logname= uid=0 euid=0 tty=ssh ruser= rhost=43.255.190.167  user=root
Apr 12 05:54:24 ovzhost sshd[991]: pam_unix(sshd:auth): authentication failure; logname= uid=0 euid=0 tty=ssh ruser= rhost=43.255.190.176  user=root
Apr 12 05:54:24 ovzhost sshd[992]: pam_unix(sshd:auth): authentication failure; logname= uid=0 euid=0 tty=ssh ruser= rhost=43.255.190.167  user=root
Apr 12 05:54:25 ovzhost sshd[991]: Failed password for root from 43.255.190.176 port 34538 ssh2
Apr 12 05:54:25 ovzhost sshd[992]: Failed password for root from 43.255.190.167 port 39936 ssh2
Apr 12 05:54:30 ovzhost sshd[991]: message repeated 2 times: [ Failed password for root from 43.255.190.176 port 34538 ssh2]
Apr 12 05:54:30 ovzhost sshd[991]: Received disconnect from 43.255.190.176: 11:  [preauth]
Apr 12 05:54:30 ovzhost sshd[991]: PAM 2 more authentication failures; logname= uid=0 euid=0 tty=ssh ruser= rhost=43.255.190.176  user=root
Apr 12 05:54:30 ovzhost sshd[992]: message repeated 2 times: [ Failed password for root from 43.255.190.167 port 39936 ssh2]
Apr 12 05:54:30 ovzhost sshd[992]: Received disconnect from 43.255.190.167: 11:  [preauth]
Apr 12 05:54:30 ovzhost sshd[992]: PAM 2 more authentication failures; logname= uid=0 euid=0 tty=ssh ruser= rhost=43.255.190.167  user=root
Apr 12 05:54:30 ovzhost sshd[995]: pam_unix(sshd:auth): authentication failure; logname= uid=0 euid=0 tty=ssh ruser= rhost=43.255.190.176  user=root
Apr 12 05:54:30 ovzhost sshd[997]: pam_unix(sshd:auth): authentication failure; logname= uid=0 euid=0 tty=ssh ruser= rhost=43.255.190.167  user=root
Apr 12 05:54:33 ovzhost sshd[995]: Failed password for root from 43.255.190.176 port 51817 ssh2
Apr 12 05:54:33 ovzhost sshd[997]: Failed password for root from 43.255.190.167 port 56307 ssh2
Apr 12 05:54:37 ovzhost sshd[995]: message repeated 2 times: [ Failed password for root from 43.255.190.176 port 51817 ssh2]
Apr 12 05:54:37 ovzhost sshd[995]: Received disconnect from 43.255.190.176: 11:  [preauth]
Apr 12 05:54:37 ovzhost sshd[995]: PAM 2 more authentication failures; logname= uid=0 euid=0 tty=ssh ruser= rhost=43.255.190.176  user=root
Apr 12 05:54:37 ovzhost sshd[997]: message repeated 2 times: [ Failed password for root from 43.255.190.167 port 56307 ssh2]
Apr 12 05:54:37 ovzhost sshd[997]: Received disconnect from 43.255.190.167: 11:  [preauth]
Apr 12 05:54:37 ovzhost sshd[997]: PAM 2 more authentication failures; logname= uid=0 euid=0 tty=ssh ruser= rhost=43.255.190.167  user=root
Apr 12 05:54:38 ovzhost sshd[999]: pam_unix(sshd:auth): authentication failure; logname= uid=0 euid=0 tty=ssh ruser= rhost=43.255.190.176  user=root
Apr 12 05:54:38 ovzhost sshd[1001]: pam_unix(sshd:auth): authentication failure; logname= uid=0 euid=0 tty=ssh ruser= rhost=43.255.190.167  user=root
Apr 12 05:54:40 ovzhost sshd[999]: Failed password for root from 43.255.190.176 port 41894 ssh2
Apr 12 05:54:40 ovzhost sshd[1001]: Failed password for root from 43.255.190.167 port 45213 ssh2
Apr 12 05:54:44 ovzhost sshd[999]: message repeated 2 times: [ Failed password for root from 43.255.190.176 port 41894 ssh2]
Apr 12 05:54:44 ovzhost sshd[999]: Received disconnect from 43.255.190.176: 11:  [preauth]
Apr 12 05:54:44 ovzhost sshd[999]: PAM 2 more authentication failures; logname= uid=0 euid=0 tty=ssh ruser= rhost=43.255.190.176  user=root
Apr 12 05:54:44 ovzhost sshd[1001]: message repeated 2 times: [ Failed password for root from 43.255.190.167 port 45213 ssh2]
Apr 12 05:54:44 ovzhost sshd[1001]: Received disconnect from 43.255.190.167: 11:  [preauth]
Apr 12 05:54:44 ovzhost sshd[1001]: PAM 2 more authentication failures; logname= uid=0 euid=0 tty=ssh ruser= rhost=43.255.190.167  user=root
Apr 12 05:54:45 ovzhost sshd[1003]: pam_unix(sshd:auth): authentication failure; logname= uid=0 euid=0 tty=ssh ruser= rhost=43.255.190.176  user=root
Apr 12 05:54:45 ovzhost sshd[1005]: pam_unix(sshd:auth): authentication failure; logname= uid=0 euid=0 tty=ssh ruser= rhost=43.255.190.167  user=root
Apr 12 05:54:47 ovzhost sshd[1003]: Failed password for root from 43.255.190.176 port 59465 ssh2
Apr 12 05:54:47 ovzhost sshd[1005]: Failed password for root from 43.255.190.167 port 34011 ssh2
Apr 12 05:54:51 ovzhost sshd[1003]: message repeated 2 times: [ Failed password for root from 43.255.190.176 port 59465 ssh2]
Apr 12 05:54:51 ovzhost sshd[1003]: Received disconnect from 43.255.190.176: 11:  [preauth]
Apr 12 05:54:51 ovzhost sshd[1003]: PAM 2 more authentication failures; logname= uid=0 euid=0 tty=ssh ruser= rhost=43.255.190.176  user=root
Apr 12 05:54:51 ovzhost sshd[1005]: message repeated 2 times: [ Failed password for root from 43.255.190.167 port 34011 ssh2]
Apr 12 05:54:51 ovzhost sshd[1005]: Received disconnect from 43.255.190.167: 11:  [preauth]
Apr 12 05:54:51 ovzhost sshd[1005]: PAM 2 more authentication failures; logname= uid=0 euid=0 tty=ssh ruser= rhost=43.255.190.167  user=root
Apr 12 05:54:52 ovzhost sshd[1007]: pam_unix(sshd:auth): authentication failure; logname= uid=0 euid=0 tty=ssh ruser= rhost=43.255.190.176  user=root
Apr 12 05:54:52 ovzhost sshd[1009]: pam_unix(sshd:auth): authentication failure; logname= uid=0 euid=0 tty=ssh ruser= rhost=43.255.190.167  user=root
Apr 12 05:54:54 ovzhost sshd[1007]: Failed password for root from 43.255.190.176 port 47930 ssh2
Apr 12 05:54:54 ovzhost sshd[1009]: Failed password for root from 43.255.190.167 port 49932 ssh2
Apr 12 05:54:59 ovzhost sshd[1007]: message repeated 2 times: [ Failed password for root from 43.255.190.176 port 47930 ssh2]
Apr 12 05:54:59 ovzhost sshd[1007]: Received disconnect from 43.255.190.176: 11:  [preauth]
Apr 12 05:54:59 ovzhost sshd[1007]: PAM 2 more authentication failures; logname= uid=0 euid=0 tty=ssh ruser= rhost=43.255.190.176  user=root
Apr 12 05:54:59 ovzhost sshd[1009]: message repeated 2 times: [ Failed password for root from 43.255.190.167 port 49932 ssh2]
Apr 12 05:54:59 ovzhost sshd[1009]: Received disconnect from 43.255.190.167: 11:  [preauth]
Apr 12 05:54:59 ovzhost sshd[1009]: PAM 2 more authentication failures; logname= uid=0 euid=0 tty=ssh ruser= rhost=43.255.190.167  user=root
Apr 12 05:54:59 ovzhost sshd[1012]: pam_unix(sshd:auth): authentication failure; logname= uid=0 euid=0 tty=ssh ruser= rhost=43.255.190.176  user=root
Apr 12 05:55:00 ovzhost sshd[1014]: pam_unix(sshd:auth): authentication failure; logname= uid=0 euid=0 tty=ssh ruser= rhost=43.255.190.167  user=root
Apr 12 05:55:02 ovzhost sshd[1014]: Failed password for root from 43.255.190.167 port 39737 ssh2
Apr 12 05:55:02 ovzhost sshd[1012]: Failed password for root from 43.255.190.176 port 38180 ssh2
Apr 12 05:55:06 ovzhost sshd[1014]: message repeated 2 times: [ Failed password for root from 43.255.190.167 port 39737 ssh2]
Apr 12 05:55:06 ovzhost sshd[1014]: Received disconnect from 43.255.190.167: 11:  [preauth]
Apr 12 05:55:06 ovzhost sshd[1014]: PAM 2 more authentication failures; logname= uid=0 euid=0 tty=ssh ruser= rhost=43.255.190.167  user=root
Apr 12 05:55:06 ovzhost sshd[1012]: message repeated 2 times: [ Failed password for root from 43.255.190.176 port 38180 ssh2]
Apr 12 05:55:06 ovzhost sshd[1012]: Received disconnect from 43.255.190.176: 11:  [preauth]
Apr 12 05:55:06 ovzhost sshd[1012]: PAM 2 more authentication failures; logname= uid=0 euid=0 tty=ssh ruser= rhost=43.255.190.176  user=root
Apr 12 05:55:06 ovzhost sshd[1016]: pam_unix(sshd:auth): authentication failure; logname= uid=0 euid=0 tty=ssh ruser= rhost=43.255.190.167  user=root
Apr 12 05:55:07 ovzhost sshd[1018]: pam_unix(sshd:auth): authentication failure; logname= uid=0 euid=0 tty=ssh ruser= rhost=43.255.190.176  user=root
Apr 12 05:55:08 ovzhost sshd[1016]: Failed password for root from 43.255.190.167 port 55536 ssh2
Apr 12 05:55:09 ovzhost sshd[1018]: Failed password for root from 43.255.190.176 port 55096 ssh2
Apr 12 05:55:13 ovzhost sshd[1018]: message repeated 2 times: [ Failed password for root from 43.255.190.176 port 55096 ssh2]
Apr 12 05:55:13 ovzhost sshd[1018]: Received disconnect from 43.255.190.176: 11:  [preauth]
Apr 12 05:55:13 ovzhost sshd[1018]: PAM 2 more authentication failures; logname= uid=0 euid=0 tty=ssh ruser= rhost=43.255.190.176  user=root
Apr 12 05:55:13 ovzhost sshd[1016]: message repeated 2 times: [ Failed password for root from 43.255.190.167 port 55536 ssh2]
Apr 12 05:55:13 ovzhost sshd[1016]: Received disconnect from 43.255.190.167: 11:  [preauth]
Apr 12 05:55:13 ovzhost sshd[1016]: PAM 2 more authentication failures; logname= uid=0 euid=0 tty=ssh ruser= rhost=43.255.190.167  user=root
Apr 12 05:55:14 ovzhost sshd[1022]: pam_unix(sshd:auth): authentication failure; logname= uid=0 euid=0 tty=ssh ruser= rhost=43.255.190.176  user=root
Apr 12 05:55:14 ovzhost sshd[1024]: pam_unix(sshd:auth): authentication failure; logname= uid=0 euid=0 tty=ssh ruser= rhost=43.255.190.167  user=root
Apr 12 05:55:16 ovzhost sshd[1022]: Failed password for root from 43.255.190.176 port 43321 ssh2
Apr 12 05:55:16 ovzhost sshd[1024]: Failed password for root from 43.255.190.167 port 44287 ssh2
Apr 12 05:55:20 ovzhost sshd[1022]: message repeated 2 times: [ Failed password for root from 43.255.190.176 port 43321 ssh2]
Apr 12 05:55:20 ovzhost sshd[1022]: Received disconnect from 43.255.190.176: 11:  [preauth]
Apr 12 05:55:20 ovzhost sshd[1022]: PAM 2 more authentication failures; logname= uid=0 euid=0 tty=ssh ruser= rhost=43.255.190.176  user=root
Apr 12 05:55:20 ovzhost sshd[1024]: message repeated 2 times: [ Failed password for root from 43.255.190.167 port 44287 ssh2]
Apr 12 05:55:20 ovzhost sshd[1024]: Received disconnect from 43.255.190.167: 11:  [preauth]
Apr 12 05:55:20 ovzhost sshd[1024]: PAM 2 more authentication failures; logname= uid=0 euid=0 tty=ssh ruser= rhost=43.255.190.167  user=root
Apr 12 05:55:21 ovzhost sshd[1026]: pam_unix(sshd:auth): authentication failure; logname= uid=0 euid=0 tty=ssh ruser= rhost=43.255.190.176  user=root
Apr 12 05:55:21 ovzhost sshd[1028]: pam_unix(sshd:auth): authentication failure; logname= uid=0 euid=0 tty=ssh ruser= rhost=43.255.190.167  user=root
Apr 12 05:55:22 ovzhost sshd[1026]: Failed password for root from 43.255.190.176 port 60257 ssh2
Apr 12 05:55:22 ovzhost sshd[1028]: Failed password for root from 43.255.190.167 port 60360 ssh2
Apr 12 05:55:26 ovzhost sshd[1026]: message repeated 2 times: [ Failed password for root from 43.255.190.176 port 60257 ssh2]
Apr 12 05:55:27 ovzhost sshd[1026]: Received disconnect from 43.255.190.176: 11:  [preauth]
Apr 12 05:55:27 ovzhost sshd[1026]: PAM 2 more authentication failures; logname= uid=0 euid=0 tty=ssh ruser= rhost=43.255.190.176  user=root
Apr 12 05:55:27 ovzhost sshd[1028]: message repeated 2 times: [ Failed password for root from 43.255.190.167 port 60360 ssh2]
Apr 12 05:55:27 ovzhost sshd[1028]: Received disconnect from 43.255.190.167: 11:  [preauth]
Apr 12 05:55:27 ovzhost sshd[1028]: PAM 2 more authentication failures; logname= uid=0 euid=0 tty=ssh ruser= rhost=43.255.190.167  user=root
Apr 12 05:55:27 ovzhost sshd[1030]: pam_unix(sshd:auth): authentication failure; logname= uid=0 euid=0 tty=ssh ruser= rhost=43.255.190.176  user=root
Apr 12 05:55:27 ovzhost sshd[1032]: pam_unix(sshd:auth): authentication failure; logname= uid=0 euid=0 tty=ssh ruser= rhost=43.255.190.167  user=root
Apr 12 05:55:29 ovzhost sshd[1030]: Failed password for root from 43.255.190.176 port 47330 ssh2
Apr 12 05:55:30 ovzhost sshd[1032]: Failed password for root from 43.255.190.167 port 47326 ssh2
Apr 12 05:55:34 ovzhost sshd[1030]: message repeated 2 times: [ Failed password for root from 43.255.190.176 port 47330 ssh2]
Apr 12 05:55:34 ovzhost sshd[1030]: Received disconnect from 43.255.190.176: 11:  [preauth]
Apr 12 05:55:34 ovzhost sshd[1030]: PAM 2 more authentication failures; logname= uid=0 euid=0 tty=ssh ruser= rhost=43.255.190.176  user=root
Apr 12 05:55:34 ovzhost sshd[1032]: message repeated 2 times: [ Failed password for root from 43.255.190.167 port 47326 ssh2]
Apr 12 05:55:34 ovzhost sshd[1032]: Received disconnect from 43.255.190.167: 11:  [preauth]
Apr 12 05:55:34 ovzhost sshd[1032]: PAM 2 more authentication failures; logname= uid=0 euid=0 tty=ssh ruser= rhost=43.255.190.167  user=root
Apr 12 05:55:35 ovzhost sshd[1034]: pam_unix(sshd:auth): authentication failure; logname= uid=0 euid=0 tty=ssh ruser= rhost=43.255.190.176  user=root
Apr 12 05:55:35 ovzhost sshd[1036]: pam_unix(sshd:auth): authentication failure; logname= uid=0 euid=0 tty=ssh ruser= rhost=43.255.190.167  user=root
Apr 12 05:55:36 ovzhost sshd[1034]: Failed password for root from 43.255.190.176 port 36017 ssh2
Apr 12 05:55:37 ovzhost sshd[1036]: Failed password for root from 43.255.190.167 port 36108 ssh2
Apr 12 05:55:41 ovzhost sshd[1036]: message repeated 2 times: [ Failed password for root from 43.255.190.167 port 36108 ssh2]
Apr 12 05:55:41 ovzhost sshd[1036]: Received disconnect from 43.255.190.167: 11:  [preauth]
Apr 12 05:55:41 ovzhost sshd[1036]: PAM 2 more authentication failures; logname= uid=0 euid=0 tty=ssh ruser= rhost=43.255.190.167  user=root
Apr 12 05:55:41 ovzhost sshd[1034]: message repeated 2 times: [ Failed password for root from 43.255.190.176 port 36017 ssh2]
Apr 12 05:55:41 ovzhost sshd[1034]: Received disconnect from 43.255.190.176: 11:  [preauth]
Apr 12 05:55:41 ovzhost sshd[1034]: PAM 2 more authentication failures; logname= uid=0 euid=0 tty=ssh ruser= rhost=43.255.190.176  user=root
Apr 12 05:55:42 ovzhost sshd[1038]: pam_unix(sshd:auth): authentication failure; logname= uid=0 euid=0 tty=ssh ruser= rhost=43.255.190.167  user=root
Apr 12 05:55:42 ovzhost sshd[1040]: pam_unix(sshd:auth): authentication failure; logname= uid=0 euid=0 tty=ssh ruser= rhost=43.255.190.176  user=root
Apr 12 05:55:44 ovzhost sshd[1038]: Failed password for root from 43.255.190.167 port 51183 ssh2
Apr 12 05:55:44 ovzhost sshd[1040]: Failed password for root from 43.255.190.176 port 53122 ssh2
Apr 12 05:55:48 ovzhost sshd[1038]: message repeated 2 times: [ Failed password for root from 43.255.190.167 port 51183 ssh2]
Apr 12 05:55:48 ovzhost sshd[1038]: Received disconnect from 43.255.190.167: 11:  [preauth]
Apr 12 05:55:48 ovzhost sshd[1038]: PAM 2 more authentication failures; logname= uid=0 euid=0 tty=ssh ruser= rhost=43.255.190.167  user=root
Apr 12 05:55:48 ovzhost sshd[1040]: message repeated 2 times: [ Failed password for root from 43.255.190.176 port 53122 ssh2]
Apr 12 05:55:48 ovzhost sshd[1040]: Received disconnect from 43.255.190.176: 11:  [preauth]
Apr 12 05:55:48 ovzhost sshd[1040]: PAM 2 more authentication failures; logname= uid=0 euid=0 tty=ssh ruser= rhost=43.255.190.176  user=root
Apr 12 05:55:49 ovzhost sshd[1042]: pam_unix(sshd:auth): authentication failure; logname= uid=0 euid=0 tty=ssh ruser= rhost=43.255.190.167  user=root
Apr 12 05:55:49 ovzhost sshd[1044]: pam_unix(sshd:auth): authentication failure; logname= uid=0 euid=0 tty=ssh ruser= rhost=43.255.190.176  user=root
Apr 12 05:55:51 ovzhost sshd[1042]: Failed password for root from 43.255.190.167 port 38890 ssh2
Apr 12 05:55:51 ovzhost sshd[1044]: Failed password for root from 43.255.190.176 port 41430 ssh2
Apr 12 05:55:55 ovzhost sshd[1042]: message repeated 2 times: [ Failed password for root from 43.255.190.167 port 38890 ssh2]
Apr 12 05:55:55 ovzhost sshd[1042]: Received disconnect from 43.255.190.167: 11:  [preauth]
Apr 12 05:55:55 ovzhost sshd[1042]: PAM 2 more authentication failures; logname= uid=0 euid=0 tty=ssh ruser= rhost=43.255.190.167  user=root
Apr 12 05:55:55 ovzhost sshd[1044]: message repeated 2 times: [ Failed password for root from 43.255.190.176 port 41430 ssh2]
Apr 12 05:55:55 ovzhost sshd[1044]: Received disconnect from 43.255.190.176: 11:  [preauth]
Apr 12 05:55:55 ovzhost sshd[1044]: PAM 2 more authentication failures; logname= uid=0 euid=0 tty=ssh ruser= rhost=43.255.190.176  user=root
Apr 12 05:55:56 ovzhost sshd[1048]: pam_unix(sshd:auth): authentication failure; logname= uid=0 euid=0 tty=ssh ruser= rhost=43.255.190.167  user=root
Apr 12 05:55:56 ovzhost sshd[1050]: pam_unix(sshd:auth): authentication failure; logname= uid=0 euid=0 tty=ssh ruser= rhost=43.255.190.176  user=root
Apr 12 05:55:58 ovzhost sshd[1048]: Failed password for root from 43.255.190.167 port 54593 ssh2
Apr 12 05:55:58 ovzhost sshd[1050]: Failed password for root from 43.255.190.176 port 56961 ssh2
Apr 12 05:56:02 ovzhost sshd[1048]: message repeated 2 times: [ Failed password for root from 43.255.190.167 port 54593 ssh2]
Apr 12 05:56:02 ovzhost sshd[1048]: Received disconnect from 43.255.190.167: 11:  [preauth]
Apr 12 05:56:02 ovzhost sshd[1048]: PAM 2 more authentication failures; logname= uid=0 euid=0 tty=ssh ruser= rhost=43.255.190.167  user=root
Apr 12 05:56:02 ovzhost sshd[1050]: message repeated 2 times: [ Failed password for root from 43.255.190.176 port 56961 ssh2]
Apr 12 05:56:02 ovzhost sshd[1050]: Received disconnect from 43.255.190.176: 11:  [preauth]
Apr 12 05:56:02 ovzhost sshd[1050]: PAM 2 more authentication failures; logname= uid=0 euid=0 tty=ssh ruser= rhost=43.255.190.176  user=root
Apr 12 05:56:02 ovzhost sshd[1052]: pam_unix(sshd:auth): authentication failure; logname= uid=0 euid=0 tty=ssh ruser= rhost=43.255.190.167  user=root
Apr 12 05:56:02 ovzhost sshd[1054]: pam_unix(sshd:auth): authentication failure; logname= uid=0 euid=0 tty=ssh ruser= rhost=43.255.190.176  user=root
Apr 12 05:56:05 ovzhost sshd[1052]: Failed password for root from 43.255.190.167 port 41968 ssh2
Apr 12 05:56:05 ovzhost sshd[1054]: Failed password for root from 43.255.190.176 port 44159 ssh2
Apr 12 05:56:09 ovzhost sshd[1052]: message repeated 2 times: [ Failed password for root from 43.255.190.167 port 41968 ssh2]
Apr 12 05:56:09 ovzhost sshd[1052]: Received disconnect from 43.255.190.167: 11:  [preauth]
Apr 12 05:56:09 ovzhost sshd[1052]: PAM 2 more authentication failures; logname= uid=0 euid=0 tty=ssh ruser= rhost=43.255.190.167  user=root
Apr 12 05:56:09 ovzhost sshd[1054]: message repeated 2 times: [ Failed password for root from 43.255.190.176 port 44159 ssh2]
Apr 12 05:56:09 ovzhost sshd[1054]: Received disconnect from 43.255.190.176: 11:  [preauth]
Apr 12 05:56:09 ovzhost sshd[1054]: PAM 2 more authentication failures; logname= uid=0 euid=0 tty=ssh ruser= rhost=43.255.190.176  user=root
Apr 12 05:56:10 ovzhost sshd[1056]: pam_unix(sshd:auth): authentication failure; logname= uid=0 euid=0 tty=ssh ruser= rhost=43.255.190.167  user=root
Apr 12 05:56:10 ovzhost sshd[1058]: pam_unix(sshd:auth): authentication failure; logname= uid=0 euid=0 tty=ssh ruser= rhost=43.255.190.176  user=root
Apr 12 05:56:11 ovzhost sshd[1056]: Failed password for root from 43.255.190.167 port 59487 ssh2
Apr 12 05:56:11 ovzhost sshd[1058]: Failed password for root from 43.255.190.176 port 33260 ssh2
Apr 12 05:56:16 ovzhost sshd[1058]: message repeated 2 times: [ Failed password for root from 43.255.190.176 port 33260 ssh2]
Apr 12 05:56:16 ovzhost sshd[1058]: Received disconnect from 43.255.190.176: 11:  [preauth]
Apr 12 05:56:16 ovzhost sshd[1058]: PAM 2 more authentication failures; logname= uid=0 euid=0 tty=ssh ruser= rhost=43.255.190.176  user=root
Apr 12 05:56:16 ovzhost sshd[1056]: message repeated 2 times: [ Failed password for root from 43.255.190.167 port 59487 ssh2]
Apr 12 05:56:16 ovzhost sshd[1056]: Received disconnect from 43.255.190.167: 11:  [preauth]
Apr 12 05:56:16 ovzhost sshd[1056]: PAM 2 more authentication failures; logname= uid=0 euid=0 tty=ssh ruser= rhost=43.255.190.167  user=root
Apr 12 05:56:16 ovzhost sshd[1060]: pam_unix(sshd:auth): authentication failure; logname= uid=0 euid=0 tty=ssh ruser= rhost=43.255.190.176  user=root
Apr 12 05:56:17 ovzhost sshd[1062]: pam_unix(sshd:auth): authentication failure; logname= uid=0 euid=0 tty=ssh ruser= rhost=43.255.190.167  user=root
Apr 12 05:56:19 ovzhost sshd[1062]: Failed password for root from 43.255.190.167 port 47434 ssh2
Apr 12 05:56:19 ovzhost sshd[1060]: Failed password for root from 43.255.190.176 port 48712 ssh2
Apr 12 05:56:22 ovzhost sshd[1062]: message repeated 2 times: [ Failed password for root from 43.255.190.167 port 47434 ssh2]
Apr 12 05:56:22 ovzhost sshd[1062]: Received disconnect from 43.255.190.167: 11:  [preauth]
Apr 12 05:56:22 ovzhost sshd[1062]: PAM 2 more authentication failures; logname= uid=0 euid=0 tty=ssh ruser= rhost=43.255.190.167  user=root
Apr 12 05:56:22 ovzhost sshd[1060]: message repeated 2 times: [ Failed password for root from 43.255.190.176 port 48712 ssh2]
Apr 12 05:56:22 ovzhost sshd[1060]: Received disconnect from 43.255.190.176: 11:  [preauth]
Apr 12 05:56:22 ovzhost sshd[1060]: PAM 2 more authentication failures; logname= uid=0 euid=0 tty=ssh ruser= rhost=43.255.190.176  user=root
Apr 12 05:56:23 ovzhost sshd[1066]: pam_unix(sshd:auth): authentication failure; logname= uid=0 euid=0 tty=ssh ruser= rhost=43.255.190.167  user=root
Apr 12 05:56:23 ovzhost sshd[1068]: pam_unix(sshd:auth): authentication failure; logname= uid=0 euid=0 tty=ssh ruser= rhost=43.255.190.176  user=root
Apr 12 05:56:25 ovzhost sshd[1066]: Failed password for root from 43.255.190.167 port 34568 ssh2
Apr 12 05:56:25 ovzhost sshd[1068]: Failed password for root from 43.255.190.176 port 36174 ssh2
Apr 12 05:56:30 ovzhost sshd[1066]: message repeated 2 times: [ Failed password for root from 43.255.190.167 port 34568 ssh2]
Apr 12 05:56:30 ovzhost sshd[1066]: Received disconnect from 43.255.190.167: 11:  [preauth]
Apr 12 05:56:30 ovzhost sshd[1066]: PAM 2 more authentication failures; logname= uid=0 euid=0 tty=ssh ruser= rhost=43.255.190.167  user=root
Apr 12 05:56:30 ovzhost sshd[1068]: message repeated 2 times: [ Failed password for root from 43.255.190.176 port 36174 ssh2]
Apr 12 05:56:30 ovzhost sshd[1068]: Received disconnect from 43.255.190.176: 11:  [preauth]
