Apr 12 05:59:34 ovzhost sshd[1248]: Received disconnect from 43.255.190.167: 11:  [preauth]
Apr 12 05:59:34 ovzhost sshd[1248]: PAM 2 more authentication failures; logname= uid=0 euid=0 tty=ssh ruser= rhost=43.255.190.167  user=root
Apr 12 05:59:35 ovzhost sshd[1254]: pam_unix(sshd:auth): authentication failure; logname= uid=0 euid=0 tty=ssh ruser= rhost=43.255.190.167  user=root
Apr 12 05:59:36 ovzhost sshd[1250]: Failed password for root from 43.255.190.167 port 48953 ssh2
Apr 12 05:59:36 ovzhost sshd[1252]: Failed password for root from 43.255.190.176 port 39955 ssh2
Apr 12 05:59:36 ovzhost sshd[1254]: Failed password for root from 43.255.190.167 port 51077 ssh2
Apr 12 05:59:40 ovzhost sshd[1252]: message repeated 2 times: [ Failed password for root from 43.255.190.176 port 39955 ssh2]
Apr 12 05:59:40 ovzhost sshd[1252]: Received disconnect from 43.255.190.176: 11:  [preauth]
Apr 12 05:59:40 ovzhost sshd[1252]: PAM 2 more authentication failures; logname= uid=0 euid=0 tty=ssh ruser= rhost=43.255.190.176  user=root
Apr 12 05:59:40 ovzhost sshd[1250]: message repeated 2 times: [ Failed password for root from 43.255.190.167 port 48953 ssh2]
Apr 12 05:59:40 ovzhost sshd[1250]: Received disconnect from 43.255.190.167: 11:  [preauth]
Apr 12 05:59:40 ovzhost sshd[1250]: PAM 2 more authentication failures; logname= uid=0 euid=0 tty=ssh ruser= rhost=43.255.190.167  user=root
Apr 12 05:59:41 ovzhost sshd[1254]: message repeated 2 times: [ Failed password for root from 43.255.190.167 port 51077 ssh2]
Apr 12 05:59:41 ovzhost sshd[1254]: Received disconnect from 43.255.190.167: 11:  [preauth]
Apr 12 05:59:41 ovzhost sshd[1254]: PAM 2 more authentication failures; logname= uid=0 euid=0 tty=ssh ruser= rhost=43.255.190.167  user=root
Apr 12 05:59:41 ovzhost sshd[1256]: pam_unix(sshd:auth): authentication failure; logname= uid=0 euid=0 tty=ssh ruser= rhost=43.255.190.176  user=root
Apr 12 05:59:41 ovzhost sshd[1257]: pam_unix(sshd:auth): authentication failure; logname= uid=0 euid=0 tty=ssh ruser= rhost=43.255.190.167  user=root
Apr 12 05:59:41 ovzhost sshd[1260]: pam_unix(sshd:auth): authentication failure; logname= uid=0 euid=0 tty=ssh ruser= rhost=43.255.190.167  user=root
Apr 12 05:59:43 ovzhost sshd[1256]: Failed password for root from 43.255.190.176 port 58716 ssh2
Apr 12 05:59:43 ovzhost sshd[1257]: Failed password for root from 43.255.190.167 port 38448 ssh2
Apr 12 05:59:43 ovzhost sshd[1260]: Failed password for root from 43.255.190.167 port 40137 ssh2
Apr 12 05:59:47 ovzhost sshd[1256]: message repeated 2 times: [ Failed password for root from 43.255.190.176 port 58716 ssh2]
Apr 12 05:59:47 ovzhost sshd[1256]: Received disconnect from 43.255.190.176: 11:  [preauth]
Apr 12 05:59:47 ovzhost sshd[1256]: PAM 2 more authentication failures; logname= uid=0 euid=0 tty=ssh ruser= rhost=43.255.190.176  user=root
Apr 12 05:59:47 ovzhost sshd[1257]: message repeated 2 times: [ Failed password for root from 43.255.190.167 port 38448 ssh2]
Apr 12 05:59:47 ovzhost sshd[1257]: Received disconnect from 43.255.190.167: 11:  [preauth]
Apr 12 05:59:47 ovzhost sshd[1257]: PAM 2 more authentication failures; logname= uid=0 euid=0 tty=ssh ruser= rhost=43.255.190.167  user=root
Apr 12 05:59:47 ovzhost sshd[1260]: message repeated 2 times: [ Failed password for root from 43.255.190.167 port 40137 ssh2]
Apr 12 05:59:47 ovzhost sshd[1260]: Received disconnect from 43.255.190.167: 11:  [preauth]
Apr 12 05:59:47 ovzhost sshd[1260]: PAM 2 more authentication failures; logname= uid=0 euid=0 tty=ssh ruser= rhost=43.255.190.167  user=root
Apr 12 05:59:47 ovzhost sshd[1264]: pam_unix(sshd:auth): authentication failure; logname= uid=0 euid=0 tty=ssh ruser= rhost=43.255.190.167  user=root
Apr 12 05:59:48 ovzhost sshd[1262]: pam_unix(sshd:auth): authentication failure; logname= uid=0 euid=0 tty=ssh ruser= rhost=43.255.190.176  user=root
Apr 12 05:59:48 ovzhost sshd[1266]: pam_unix(sshd:auth): authentication failure; logname= uid=0 euid=0 tty=ssh ruser= rhost=43.255.190.167  user=root
Apr 12 05:59:49 ovzhost sshd[1264]: Failed password for root from 43.255.190.167 port 57896 ssh2
Apr 12 05:59:50 ovzhost sshd[1262]: Failed password for root from 43.255.190.176 port 48246 ssh2
Apr 12 05:59:50 ovzhost sshd[1266]: Failed password for root from 43.255.190.167 port 59405 ssh2
Apr 12 05:59:53 ovzhost sshd[1264]: message repeated 2 times: [ Failed password for root from 43.255.190.167 port 57896 ssh2]
Apr 12 05:59:53 ovzhost sshd[1264]: Received disconnect from 43.255.190.167: 11:  [preauth]
Apr 12 05:59:53 ovzhost sshd[1264]: PAM 2 more authentication failures; logname= uid=0 euid=0 tty=ssh ruser= rhost=43.255.190.167  user=root
Apr 12 05:59:54 ovzhost sshd[1268]: pam_unix(sshd:auth): authentication failure; logname= uid=0 euid=0 tty=ssh ruser= rhost=43.255.190.167  user=root
Apr 12 05:59:54 ovzhost sshd[1262]: message repeated 2 times: [ Failed password for root from 43.255.190.176 port 48246 ssh2]
Apr 12 05:59:54 ovzhost sshd[1262]: Received disconnect from 43.255.190.176: 11:  [preauth]
Apr 12 05:59:54 ovzhost sshd[1262]: PAM 2 more authentication failures; logname= uid=0 euid=0 tty=ssh ruser= rhost=43.255.190.176  user=root
Apr 12 05:59:54 ovzhost sshd[1266]: message repeated 2 times: [ Failed password for root from 43.255.190.167 port 59405 ssh2]
Apr 12 05:59:54 ovzhost sshd[1266]: Received disconnect from 43.255.190.167: 11:  [preauth]
Apr 12 05:59:54 ovzhost sshd[1266]: PAM 2 more authentication failures; logname= uid=0 euid=0 tty=ssh ruser= rhost=43.255.190.167  user=root
Apr 12 05:59:54 ovzhost sshd[1270]: pam_unix(sshd:auth): authentication failure; logname= uid=0 euid=0 tty=ssh ruser= rhost=43.255.190.176  user=root
Apr 12 05:59:55 ovzhost sshd[1272]: pam_unix(sshd:auth): authentication failure; logname= uid=0 euid=0 tty=ssh ruser= rhost=43.255.190.167  user=root
Apr 12 05:59:56 ovzhost sshd[1268]: Failed password for root from 43.255.190.167 port 51752 ssh2
Apr 12 05:59:56 ovzhost sshd[1270]: Failed password for root from 43.255.190.176 port 38613 ssh2
Apr 12 05:59:57 ovzhost sshd[1272]: Failed password for root from 43.255.190.167 port 54664 ssh2
Apr 12 05:59:59 ovzhost sshd[1268]: message repeated 2 times: [ Failed password for root from 43.255.190.167 port 51752 ssh2]
Apr 12 05:59:59 ovzhost sshd[1268]: Received disconnect from 43.255.190.167: 11:  [preauth]
Apr 12 05:59:59 ovzhost sshd[1268]: PAM 2 more authentication failures; logname= uid=0 euid=0 tty=ssh ruser= rhost=43.255.190.167  user=root
Apr 12 06:00:00 ovzhost sshd[1270]: message repeated 2 times: [ Failed password for root from 43.255.190.176 port 38613 ssh2]
Apr 12 06:00:00 ovzhost sshd[1270]: Received disconnect from 43.255.190.176: 11:  [preauth]
Apr 12 06:00:00 ovzhost sshd[1270]: PAM 2 more authentication failures; logname= uid=0 euid=0 tty=ssh ruser= rhost=43.255.190.176  user=root
Apr 12 06:00:00 ovzhost sshd[1275]: pam_unix(sshd:auth): authentication failure; logname= uid=0 euid=0 tty=ssh ruser= rhost=43.255.190.167  user=root
Apr 12 06:00:00 ovzhost sshd[1272]: message repeated 2 times: [ Failed password for root from 43.255.190.167 port 54664 ssh2]
Apr 12 06:00:00 ovzhost sshd[1272]: Received disconnect from 43.255.190.167: 11:  [preauth]
Apr 12 06:00:00 ovzhost sshd[1272]: PAM 2 more authentication failures; logname= uid=0 euid=0 tty=ssh ruser= rhost=43.255.190.167  user=root
Apr 12 06:00:00 ovzhost sshd[1277]: pam_unix(sshd:auth): authentication failure; logname= uid=0 euid=0 tty=ssh ruser= rhost=43.255.190.176  user=root
Apr 12 06:00:01 ovzhost sshd[1279]: pam_unix(sshd:auth): authentication failure; logname= uid=0 euid=0 tty=ssh ruser= rhost=43.255.190.167  user=root
Apr 12 06:00:01 ovzhost CRON[1281]: pam_env(cron:session): Unable to open env file: /etc/default/locale: No such file or directory
Apr 12 06:00:01 ovzhost CRON[1281]: pam_unix(cron:session): session opened for user smmsp by (uid=0)
Apr 12 06:00:01 ovzhost CRON[1281]: pam_unix(cron:session): session closed for user smmsp
Apr 12 06:00:02 ovzhost sshd[1275]: Failed password for root from 43.255.190.167 port 44370 ssh2
Apr 12 06:00:03 ovzhost sshd[1277]: Failed password for root from 43.255.190.176 port 55178 ssh2
Apr 12 06:00:03 ovzhost sshd[1279]: Failed password for root from 43.255.190.167 port 48268 ssh2
Apr 12 06:00:06 ovzhost sshd[1277]: message repeated 2 times: [ Failed password for root from 43.255.190.176 port 55178 ssh2]
Apr 12 06:00:07 ovzhost sshd[1277]: Received disconnect from 43.255.190.176: 11:  [preauth]
Apr 12 06:00:07 ovzhost sshd[1277]: PAM 2 more authentication failures; logname= uid=0 euid=0 tty=ssh ruser= rhost=43.255.190.176  user=root
Apr 12 06:00:06 ovzhost sshd[1275]: message repeated 2 times: [ Failed password for root from 43.255.190.167 port 44370 ssh2]
Apr 12 06:00:07 ovzhost sshd[1275]: Received disconnect from 43.255.190.167: 11:  [preauth]
Apr 12 06:00:07 ovzhost sshd[1275]: PAM 2 more authentication failures; logname= uid=0 euid=0 tty=ssh ruser= rhost=43.255.190.167  user=root
Apr 12 06:00:07 ovzhost sshd[1279]: message repeated 2 times: [ Failed password for root from 43.255.190.167 port 48268 ssh2]
Apr 12 06:00:07 ovzhost sshd[1279]: Received disconnect from 43.255.190.167: 11:  [preauth]
Apr 12 06:00:07 ovzhost sshd[1279]: PAM 2 more authentication failures; logname= uid=0 euid=0 tty=ssh ruser= rhost=43.255.190.167  user=root
Apr 12 06:00:07 ovzhost sshd[1307]: pam_unix(sshd:auth): authentication failure; logname= uid=0 euid=0 tty=ssh ruser= rhost=43.255.190.176  user=root
Apr 12 06:00:07 ovzhost sshd[1308]: pam_unix(sshd:auth): authentication failure; logname= uid=0 euid=0 tty=ssh ruser= rhost=43.255.190.167  user=root
Apr 12 06:00:08 ovzhost sshd[1313]: pam_unix(sshd:auth): authentication failure; logname= uid=0 euid=0 tty=ssh ruser= rhost=43.255.190.167  user=root
Apr 12 06:00:09 ovzhost sshd[1307]: Failed password for root from 43.255.190.176 port 43532 ssh2
Apr 12 06:00:09 ovzhost sshd[1308]: Failed password for root from 43.255.190.167 port 41359 ssh2
Apr 12 06:00:10 ovzhost sshd[1313]: Failed password for root from 43.255.190.167 port 42803 ssh2
Apr 12 06:00:13 ovzhost sshd[1308]: message repeated 2 times: [ Failed password for root from 43.255.190.167 port 41359 ssh2]
Apr 12 06:00:13 ovzhost sshd[1308]: Received disconnect from 43.255.190.167: 11:  [preauth]
Apr 12 06:00:13 ovzhost sshd[1308]: PAM 2 more authentication failures; logname= uid=0 euid=0 tty=ssh ruser= rhost=43.255.190.167  user=root
Apr 12 06:00:13 ovzhost sshd[1307]: message repeated 2 times: [ Failed password for root from 43.255.190.176 port 43532 ssh2]
Apr 12 06:00:13 ovzhost sshd[1307]: Received disconnect from 43.255.190.176: 11:  [preauth]
Apr 12 06:00:13 ovzhost sshd[1307]: PAM 2 more authentication failures; logname= uid=0 euid=0 tty=ssh ruser= rhost=43.255.190.176  user=root
Apr 12 06:00:13 ovzhost sshd[1313]: message repeated 2 times: [ Failed password for root from 43.255.190.167 port 42803 ssh2]
Apr 12 06:00:13 ovzhost sshd[1313]: Received disconnect from 43.255.190.167: 11:  [preauth]
Apr 12 06:00:13 ovzhost sshd[1313]: PAM 2 more authentication failures; logname= uid=0 euid=0 tty=ssh ruser= rhost=43.255.190.167  user=root
Apr 12 06:00:14 ovzhost sshd[1316]: pam_unix(sshd:auth): authentication failure; logname= uid=0 euid=0 tty=ssh ruser= rhost=43.255.190.176  user=root
Apr 12 06:00:14 ovzhost sshd[1315]: pam_unix(sshd:auth): authentication failure; logname= uid=0 euid=0 tty=ssh ruser= rhost=43.255.190.167  user=root
Apr 12 06:00:14 ovzhost sshd[1319]: pam_unix(sshd:auth): authentication failure; logname= uid=0 euid=0 tty=ssh ruser= rhost=43.255.190.167  user=root
Apr 12 06:00:16 ovzhost sshd[1316]: Failed password for root from 43.255.190.176 port 61000 ssh2
Apr 12 06:00:16 ovzhost sshd[1315]: Failed password for root from 43.255.190.167 port 60662 ssh2
Apr 12 06:00:16 ovzhost sshd[1319]: Failed password for root from 43.255.190.167 port 33290 ssh2
Apr 12 06:00:20 ovzhost sshd[1315]: message repeated 2 times: [ Failed password for root from 43.255.190.167 port 60662 ssh2]
Apr 12 06:00:20 ovzhost sshd[1315]: Received disconnect from 43.255.190.167: 11:  [preauth]
Apr 12 06:00:20 ovzhost sshd[1315]: PAM 2 more authentication failures; logname= uid=0 euid=0 tty=ssh ruser= rhost=43.255.190.167  user=root
Apr 12 06:00:20 ovzhost sshd[1316]: message repeated 2 times: [ Failed password for root from 43.255.190.176 port 61000 ssh2]
Apr 12 06:00:20 ovzhost sshd[1316]: Received disconnect from 43.255.190.176: 11:  [preauth]
Apr 12 06:00:20 ovzhost sshd[1316]: PAM 2 more authentication failures; logname= uid=0 euid=0 tty=ssh ruser= rhost=43.255.190.176  user=root
Apr 12 06:00:20 ovzhost sshd[1319]: message repeated 2 times: [ Failed password for root from 43.255.190.167 port 33290 ssh2]
Apr 12 06:00:20 ovzhost sshd[1319]: Received disconnect from 43.255.190.167: 11:  [preauth]
Apr 12 06:00:20 ovzhost sshd[1319]: PAM 2 more authentication failures; logname= uid=0 euid=0 tty=ssh ruser= rhost=43.255.190.167  user=root
Apr 12 06:00:21 ovzhost sshd[1321]: pam_unix(sshd:auth): authentication failure; logname= uid=0 euid=0 tty=ssh ruser= rhost=43.255.190.167  user=root
Apr 12 06:00:23 ovzhost sshd[1321]: Failed password for root from 43.255.190.167 port 53835 ssh2
Apr 12 06:00:26 ovzhost sshd[1324]: Connection closed by 128.8.37.104 [preauth]
Apr 12 06:00:27 ovzhost sshd[1321]: message repeated 2 times: [ Failed password for root from 43.255.190.167 port 53835 ssh2]
Apr 12 06:00:27 ovzhost sshd[1321]: Received disconnect from 43.255.190.167: 11:  [preauth]
Apr 12 06:00:27 ovzhost sshd[1321]: PAM 2 more authentication failures; logname= uid=0 euid=0 tty=ssh ruser= rhost=43.255.190.167  user=root
Apr 12 06:00:28 ovzhost sshd[1326]: pam_unix(sshd:auth): authentication failure; logname= uid=0 euid=0 tty=ssh ruser= rhost=43.255.190.167  user=root
Apr 12 06:00:30 ovzhost sshd[1326]: Failed password for root from 43.255.190.167 port 44235 ssh2
Apr 12 06:00:34 ovzhost sshd[1326]: message repeated 2 times: [ Failed password for root from 43.255.190.167 port 44235 ssh2]
Apr 12 06:00:34 ovzhost sshd[1326]: Received disconnect from 43.255.190.167: 11:  [preauth]
Apr 12 06:00:34 ovzhost sshd[1326]: PAM 2 more authentication failures; logname= uid=0 euid=0 tty=ssh ruser= rhost=43.255.190.167  user=root
Apr 12 06:00:35 ovzhost sshd[1328]: pam_unix(sshd:auth): authentication failure; logname= uid=0 euid=0 tty=ssh ruser= rhost=43.255.190.167  user=root
Apr 12 06:00:37 ovzhost sshd[1328]: Failed password for root from 43.255.190.167 port 34469 ssh2
Apr 12 06:00:42 ovzhost sshd[1328]: message repeated 2 times: [ Failed password for root from 43.255.190.167 port 34469 ssh2]
Apr 12 06:00:42 ovzhost sshd[1328]: Received disconnect from 43.255.190.167: 11:  [preauth]
Apr 12 06:00:42 ovzhost sshd[1328]: PAM 2 more authentication failures; logname= uid=0 euid=0 tty=ssh ruser= rhost=43.255.190.167  user=root
Apr 12 06:00:42 ovzhost sshd[1330]: pam_unix(sshd:auth): authentication failure; logname= uid=0 euid=0 tty=ssh ruser= rhost=43.255.190.167  user=root
Apr 12 06:00:44 ovzhost sshd[1330]: Failed password for root from 43.255.190.167 port 54188 ssh2
Apr 12 06:00:49 ovzhost sshd[1330]: message repeated 2 times: [ Failed password for root from 43.255.190.167 port 54188 ssh2]
Apr 12 06:00:49 ovzhost sshd[1330]: Received disconnect from 43.255.190.167: 11:  [preauth]
Apr 12 06:00:49 ovzhost sshd[1330]: PAM 2 more authentication failures; logname= uid=0 euid=0 tty=ssh ruser= rhost=43.255.190.167  user=root
Apr 12 06:00:49 ovzhost sshd[1332]: pam_unix(sshd:auth): authentication failure; logname= uid=0 euid=0 tty=ssh ruser= rhost=43.255.190.167  user=root
Apr 12 06:00:52 ovzhost sshd[1332]: Failed password for root from 43.255.190.167 port 44765 ssh2
Apr 12 06:00:56 ovzhost sshd[1332]: message repeated 2 times: [ Failed password for root from 43.255.190.167 port 44765 ssh2]
Apr 12 06:00:56 ovzhost sshd[1332]: Received disconnect from 43.255.190.167: 11:  [preauth]
Apr 12 06:00:56 ovzhost sshd[1332]: PAM 2 more authentication failures; logname= uid=0 euid=0 tty=ssh ruser= rhost=43.255.190.167  user=root
Apr 12 06:00:57 ovzhost sshd[1336]: pam_unix(sshd:auth): authentication failure; logname= uid=0 euid=0 tty=ssh ruser= rhost=43.255.190.167  user=root
Apr 12 06:00:59 ovzhost sshd[1336]: Failed password for root from 43.255.190.167 port 34951 ssh2
Apr 12 06:01:03 ovzhost sshd[1336]: message repeated 2 times: [ Failed password for root from 43.255.190.167 port 34951 ssh2]
Apr 12 06:01:04 ovzhost sshd[1336]: Received disconnect from 43.255.190.167: 11:  [preauth]
Apr 12 06:01:04 ovzhost sshd[1336]: PAM 2 more authentication failures; logname= uid=0 euid=0 tty=ssh ruser= rhost=43.255.190.167  user=root
Apr 12 06:01:04 ovzhost sshd[1338]: pam_unix(sshd:auth): authentication failure; logname= uid=0 euid=0 tty=ssh ruser= rhost=43.255.190.167  user=root
Apr 12 06:01:06 ovzhost sshd[1338]: Failed password for root from 43.255.190.167 port 54317 ssh2
Apr 12 06:01:11 ovzhost sshd[1338]: message repeated 2 times: [ Failed password for root from 43.255.190.167 port 54317 ssh2]
Apr 12 06:01:11 ovzhost sshd[1338]: Received disconnect from 43.255.190.167: 11:  [preauth]
Apr 12 06:01:11 ovzhost sshd[1338]: PAM 2 more authentication failures; logname= uid=0 euid=0 tty=ssh ruser= rhost=43.255.190.167  user=root
Apr 12 06:01:12 ovzhost sshd[1340]: pam_unix(sshd:auth): authentication failure; logname= uid=0 euid=0 tty=ssh ruser= rhost=43.255.190.167  user=root
Apr 12 06:01:14 ovzhost sshd[1340]: Failed password for root from 43.255.190.167 port 44332 ssh2
Apr 12 06:01:18 ovzhost sshd[1340]: message repeated 2 times: [ Failed password for root from 43.255.190.167 port 44332 ssh2]
Apr 12 06:01:18 ovzhost sshd[1340]: Received disconnect from 43.255.190.167: 11:  [preauth]
Apr 12 06:01:18 ovzhost sshd[1340]: PAM 2 more authentication failures; logname= uid=0 euid=0 tty=ssh ruser= rhost=43.255.190.167  user=root
Apr 12 06:01:19 ovzhost sshd[1342]: pam_unix(sshd:auth): authentication failure; logname= uid=0 euid=0 tty=ssh ruser= rhost=43.255.190.167  user=root
Apr 12 06:01:21 ovzhost sshd[1342]: Failed password for root from 43.255.190.167 port 34658 ssh2
Apr 12 06:01:25 ovzhost sshd[1342]: message repeated 2 times: [ Failed password for root from 43.255.190.167 port 34658 ssh2]
Apr 12 06:01:25 ovzhost sshd[1342]: Received disconnect from 43.255.190.167: 11:  [preauth]
Apr 12 06:01:25 ovzhost sshd[1342]: PAM 2 more authentication failures; logname= uid=0 euid=0 tty=ssh ruser= rhost=43.255.190.167  user=root
Apr 12 06:01:26 ovzhost sshd[1344]: pam_unix(sshd:auth): authentication failure; logname= uid=0 euid=0 tty=ssh ruser= rhost=43.255.190.167  user=root
Apr 12 06:01:28 ovzhost sshd[1344]: Failed password for root from 43.255.190.167 port 52325 ssh2
Apr 12 06:01:32 ovzhost sshd[1344]: message repeated 2 times: [ Failed password for root from 43.255.190.167 port 52325 ssh2]
Apr 12 06:01:32 ovzhost sshd[1344]: Received disconnect from 43.255.190.167: 11:  [preauth]
Apr 12 06:01:32 ovzhost sshd[1344]: PAM 2 more authentication failures; logname= uid=0 euid=0 tty=ssh ruser= rhost=43.255.190.167  user=root
Apr 12 06:01:33 ovzhost sshd[1348]: pam_unix(sshd:auth): authentication failure; logname= uid=0 euid=0 tty=ssh ruser= rhost=43.255.190.167  user=root
Apr 12 06:01:35 ovzhost sshd[1348]: Failed password for root from 43.255.190.167 port 41274 ssh2
Apr 12 06:01:39 ovzhost sshd[1348]: message repeated 2 times: [ Failed password for root from 43.255.190.167 port 41274 ssh2]
Apr 12 06:01:39 ovzhost sshd[1348]: Received disconnect from 43.255.190.167: 11:  [preauth]
Apr 12 06:01:39 ovzhost sshd[1348]: PAM 2 more authentication failures; logname= uid=0 euid=0 tty=ssh ruser= rhost=43.255.190.167  user=root
Apr 12 06:01:40 ovzhost sshd[1350]: pam_unix(sshd:auth): authentication failure; logname= uid=0 euid=0 tty=ssh ruser= rhost=43.255.190.167  user=root
Apr 12 06:01:42 ovzhost sshd[1350]: Failed password for root from 43.255.190.167 port 59800 ssh2
Apr 12 06:01:47 ovzhost sshd[1350]: message repeated 2 times: [ Failed password for root from 43.255.190.167 port 59800 ssh2]
Apr 12 06:01:47 ovzhost sshd[1350]: Received disconnect from 43.255.190.167: 11:  [preauth]
Apr 12 06:01:47 ovzhost sshd[1350]: PAM 2 more authentication failures; logname= uid=0 euid=0 tty=ssh ruser= rhost=43.255.190.167  user=root
Apr 12 06:01:47 ovzhost sshd[1352]: pam_unix(sshd:auth): authentication failure; logname= uid=0 euid=0 tty=ssh ruser= rhost=43.255.190.167  user=root
Apr 12 06:01:49 ovzhost sshd[1352]: Failed password for root from 43.255.190.167 port 49065 ssh2
Apr 12 06:01:54 ovzhost sshd[1352]: message repeated 2 times: [ Failed password for root from 43.255.190.167 port 49065 ssh2]
Apr 12 06:01:54 ovzhost sshd[1352]: Received disconnect from 43.255.190.167: 11:  [preauth]
Apr 12 06:01:54 ovzhost sshd[1352]: PAM 2 more authentication failures; logname= uid=0 euid=0 tty=ssh ruser= rhost=43.255.190.167  user=root
Apr 12 06:01:55 ovzhost sshd[1355]: pam_unix(sshd:auth): authentication failure; logname= uid=0 euid=0 tty=ssh ruser= rhost=43.255.190.167  user=root
Apr 12 06:01:57 ovzhost sshd[1355]: Failed password for root from 43.255.190.167 port 39535 ssh2
Apr 12 06:02:01 ovzhost sshd[1355]: message repeated 2 times: [ Failed password for root from 43.255.190.167 port 39535 ssh2]
Apr 12 06:02:02 ovzhost sshd[1355]: Received disconnect from 43.255.190.167: 11:  [preauth]
Apr 12 06:02:02 ovzhost sshd[1355]: PAM 2 more authentication failures; logname= uid=0 euid=0 tty=ssh ruser= rhost=43.255.190.167  user=root
Apr 12 06:02:02 ovzhost sshd[1357]: pam_unix(sshd:auth): authentication failure; logname= uid=0 euid=0 tty=ssh ruser= rhost=43.255.190.167  user=root
Apr 12 06:02:05 ovzhost sshd[1357]: Failed password for root from 43.255.190.167 port 57584 ssh2
Apr 12 06:02:10 ovzhost sshd[1357]: message repeated 2 times: [ Failed password for root from 43.255.190.167 port 57584 ssh2]
Apr 12 06:02:10 ovzhost sshd[1357]: Received disconnect from 43.255.190.167: 11:  [preauth]
Apr 12 06:02:10 ovzhost sshd[1357]: PAM 2 more authentication failures; logname= uid=0 euid=0 tty=ssh ruser= rhost=43.255.190.167  user=root
Apr 12 06:02:10 ovzhost sshd[1361]: pam_unix(sshd:auth): authentication failure; logname= uid=0 euid=0 tty=ssh ruser= rhost=43.255.190.167  user=root
Apr 12 06:02:12 ovzhost sshd[1361]: Failed password for root from 43.255.190.167 port 48967 ssh2
Apr 12 06:02:17 ovzhost sshd[1361]: message repeated 2 times: [ Failed password for root from 43.255.190.167 port 48967 ssh2]
Apr 12 06:02:17 ovzhost sshd[1361]: Received disconnect from 43.255.190.167: 11:  [preauth]
Apr 12 06:02:17 ovzhost sshd[1361]: PAM 2 more authentication failures; logname= uid=0 euid=0 tty=ssh ruser= rhost=43.255.190.167  user=root
Apr 12 06:02:17 ovzhost sshd[1363]: pam_unix(sshd:auth): authentication failure; logname= uid=0 euid=0 tty=ssh ruser= rhost=43.255.190.167  user=root
Apr 12 06:02:20 ovzhost sshd[1363]: Failed password for root from 43.255.190.167 port 38890 ssh2
Apr 12 06:02:24 ovzhost sshd[1363]: message repeated 2 times: [ Failed password for root from 43.255.190.167 port 38890 ssh2]
Apr 12 06:02:24 ovzhost sshd[1363]: Received disconnect from 43.255.190.167: 11:  [preauth]
Apr 12 06:02:24 ovzhost sshd[1363]: PAM 2 more authentication failures; logname= uid=0 euid=0 tty=ssh ruser= rhost=43.255.190.167  user=root
Apr 12 06:02:25 ovzhost sshd[1365]: pam_unix(sshd:auth): authentication failure; logname= uid=0 euid=0 tty=ssh ruser= rhost=43.255.190.167  user=root
Apr 12 06:02:27 ovzhost sshd[1365]: Failed password for root from 43.255.190.167 port 57445 ssh2
Apr 12 06:02:32 ovzhost sshd[1365]: message repeated 2 times: [ Failed password for root from 43.255.190.167 port 57445 ssh2]
Apr 12 06:02:32 ovzhost sshd[1365]: Received disconnect from 43.255.190.167: 11:  [preauth]
Apr 12 06:02:32 ovzhost sshd[1365]: PAM 2 more authentication failures; logname= uid=0 euid=0 tty=ssh ruser= rhost=43.255.190.167  user=root
Apr 12 06:02:32 ovzhost sshd[1367]: pam_unix(sshd:auth): authentication failure; logname= uid=0 euid=0 tty=ssh ruser= rhost=43.255.190.167  user=root
Apr 12 06:02:34 ovzhost sshd[1367]: Failed password for root from 43.255.190.167 port 47629 ssh2
Apr 12 06:02:38 ovzhost sshd[1367]: message repeated 2 times: [ Failed password for root from 43.255.190.167 port 47629 ssh2]
Apr 12 06:02:38 ovzhost sshd[1367]: Received disconnect from 43.255.190.167: 11:  [preauth]
Apr 12 06:02:38 ovzhost sshd[1367]: PAM 2 more authentication failures; logname= uid=0 euid=0 tty=ssh ruser= rhost=43.255.190.167  user=root
Apr 12 06:02:38 ovzhost sshd[1369]: pam_unix(sshd:auth): authentication failure; logname= uid=0 euid=0 tty=ssh ruser= rhost=43.255.190.167  user=root
Apr 12 06:02:41 ovzhost sshd[1369]: Failed password for root from 43.255.190.167 port 35919 ssh2
Apr 12 06:02:45 ovzhost sshd[1369]: message repeated 2 times: [ Failed password for root from 43.255.190.167 port 35919 ssh2]
Apr 12 06:02:45 ovzhost sshd[1369]: Received disconnect from 43.255.190.167: 11:  [preauth]
Apr 12 06:02:45 ovzhost sshd[1369]: PAM 2 more authentication failures; logname= uid=0 euid=0 tty=ssh ruser= rhost=43.255.190.167  user=root
Apr 12 06:02:46 ovzhost sshd[1371]: pam_unix(sshd:auth): authentication failure; logname= uid=0 euid=0 tty=ssh ruser= rhost=43.255.190.167  user=root
Apr 12 06:02:47 ovzhost sshd[1371]: Failed password for root from 43.255.190.167 port 53632 ssh2
Apr 12 06:02:52 ovzhost sshd[1371]: message repeated 2 times: [ Failed password for root from 43.255.190.167 port 53632 ssh2]
Apr 12 06:02:52 ovzhost sshd[1371]: Received disconnect from 43.255.190.167: 11:  [preauth]
Apr 12 06:02:52 ovzhost sshd[1371]: PAM 2 more authentication failures; logname= uid=0 euid=0 tty=ssh ruser= rhost=43.255.190.167  user=root
Apr 12 06:02:52 ovzhost sshd[1373]: pam_unix(sshd:auth): authentication failure; logname= uid=0 euid=0 tty=ssh ruser= rhost=43.255.190.167  user=root
Apr 12 06:02:54 ovzhost sshd[1373]: Failed password for root from 43.255.190.167 port 40933 ssh2
Apr 12 06:02:59 ovzhost sshd[1373]: message repeated 2 times: [ Failed password for root from 43.255.190.167 port 40933 ssh2]
Apr 12 06:02:59 ovzhost sshd[1373]: Received disconnect from 43.255.190.167: 11:  [preauth]
Apr 12 06:02:59 ovzhost sshd[1373]: PAM 2 more authentication failures; logname= uid=0 euid=0 tty=ssh ruser= rhost=43.255.190.167  user=root
Apr 12 06:03:00 ovzhost sshd[1376]: pam_unix(sshd:auth): authentication failure; logname= uid=0 euid=0 tty=ssh ruser= rhost=43.255.190.167  user=root
Apr 12 06:03:01 ovzhost sshd[1376]: Failed password for root from 43.255.190.167 port 59002 ssh2
Apr 12 06:03:06 ovzhost sshd[1376]: message repeated 2 times: [ Failed password for root from 43.255.190.167 port 59002 ssh2]
Apr 12 06:03:06 ovzhost sshd[1376]: Received disconnect from 43.255.190.167: 11:  [preauth]
Apr 12 06:03:06 ovzhost sshd[1376]: PAM 2 more authentication failures; logname= uid=0 euid=0 tty=ssh ruser= rhost=43.255.190.167  user=root
Apr 12 06:03:07 ovzhost sshd[1379]: pam_unix(sshd:auth): authentication failure; logname= uid=0 euid=0 tty=ssh ruser= rhost=43.255.190.167  user=root
Apr 12 06:03:09 ovzhost sshd[1379]: Failed password for root from 43.255.190.167 port 48434 ssh2
Apr 12 06:03:12 ovzhost sshd[1379]: message repeated 2 times: [ Failed password for root from 43.255.190.167 port 48434 ssh2]
Apr 12 06:03:12 ovzhost sshd[1379]: Received disconnect from 43.255.190.167: 11:  [preauth]
Apr 12 06:03:12 ovzhost sshd[1379]: PAM 2 more authentication failures; logname= uid=0 euid=0 tty=ssh ruser= rhost=43.255.190.167  user=root
Apr 12 06:03:13 ovzhost sshd[1383]: pam_unix(sshd:auth): authentication failure; logname= uid=0 euid=0 tty=ssh ruser= rhost=43.255.190.167  user=root
Apr 12 06:03:15 ovzhost sshd[1383]: Failed password for root from 43.255.190.167 port 36209 ssh2
Apr 12 06:03:21 ovzhost sshd[1383]: message repeated 2 times: [ Failed password for root from 43.255.190.167 port 36209 ssh2]
Apr 12 06:03:21 ovzhost sshd[1383]: Received disconnect from 43.255.190.167: 11:  [preauth]
Apr 12 06:03:21 ovzhost sshd[1383]: PAM 2 more authentication failures; logname= uid=0 euid=0 tty=ssh ruser= rhost=43.255.190.167  user=root
Apr 12 06:03:22 ovzhost sshd[1385]: pam_unix(sshd:auth): authentication failure; logname= uid=0 euid=0 tty=ssh ruser= rhost=43.255.190.167  user=root
Apr 12 06:03:23 ovzhost sshd[1385]: Failed password for root from 43.255.190.167 port 56157 ssh2
Apr 12 06:03:27 ovzhost sshd[1385]: message repeated 2 times: [ Failed password for root from 43.255.190.167 port 56157 ssh2]
Apr 12 06:03:27 ovzhost sshd[1385]: Received disconnect from 43.255.190.167: 11:  [preauth]
Apr 12 06:03:27 ovzhost sshd[1385]: PAM 2 more authentication failures; logname= uid=0 euid=0 tty=ssh ruser= rhost=43.255.190.167  user=root
Apr 12 06:03:28 ovzhost sshd[1387]: pam_unix(sshd:auth): authentication failure; logname= uid=0 euid=0 tty=ssh ruser= rhost=43.255.190.167  user=root
Apr 12 06:03:30 ovzhost sshd[1387]: Failed password for root from 43.255.190.167 port 44491 ssh2
Apr 12 06:03:34 ovzhost sshd[1387]: message repeated 2 times: [ Failed password for root from 43.255.190.167 port 44491 ssh2]
Apr 12 06:03:34 ovzhost sshd[1387]: Received disconnect from 43.255.190.167: 11:  [preauth]
Apr 12 06:03:34 ovzhost sshd[1387]: PAM 2 more authentication failures; logname= uid=0 euid=0 tty=ssh ruser= rhost=43.255.190.167  user=root
Apr 12 06:03:35 ovzhost sshd[1389]: pam_unix(sshd:auth): authentication failure; logname= uid=0 euid=0 tty=ssh ruser= rhost=43.255.190.167  user=root
Apr 12 06:03:36 ovzhost sshd[1389]: Failed password for root from 43.255.190.167 port 60657 ssh2
Apr 12 06:03:38 ovzhost sshd[1392]: Connection closed by 127.0.0.1 [preauth]
Apr 12 06:03:41 ovzhost sshd[1389]: message repeated 2 times: [ Failed password for root from 43.255.190.167 port 60657 ssh2]
Apr 12 06:03:42 ovzhost sshd[1389]: Received disconnect from 43.255.190.167: 11:  [preauth]
Apr 12 06:03:42 ovzhost sshd[1389]: PAM 2 more authentication failures; logname= uid=0 euid=0 tty=ssh ruser= rhost=43.255.190.167  user=root
Apr 12 06:03:42 ovzhost sshd[1394]: pam_unix(sshd:auth): authentication failure; logname= uid=0 euid=0 tty=ssh ruser= rhost=43.255.190.167  user=root
Apr 12 06:03:44 ovzhost sshd[1394]: Failed password for root from 43.255.190.167 port 50782 ssh2
Apr 12 06:03:48 ovzhost sshd[1394]: message repeated 2 times: [ Failed password for root from 43.255.190.167 port 50782 ssh2]
Apr 12 06:03:48 ovzhost sshd[1394]: Received disconnect from 43.255.190.167: 11:  [preauth]
Apr 12 06:03:48 ovzhost sshd[1394]: PAM 2 more authentication failures; logname= uid=0 euid=0 tty=ssh ruser= rhost=43.255.190.167  user=root
Apr 12 06:03:48 ovzhost sshd[1396]: pam_unix(sshd:auth): authentication failure; logname= uid=0 euid=0 tty=ssh ruser= rhost=43.255.190.167  user=root
Apr 12 06:03:50 ovzhost sshd[1396]: Failed password for root from 43.255.190.167 port 39279 ssh2
Apr 12 06:03:55 ovzhost sshd[1396]: message repeated 2 times: [ Failed password for root from 43.255.190.167 port 39279 ssh2]
Apr 12 06:03:55 ovzhost sshd[1396]: Received disconnect from 43.255.190.167: 11:  [preauth]
Apr 12 06:03:55 ovzhost sshd[1396]: PAM 2 more authentication failures; logname= uid=0 euid=0 tty=ssh ruser= rhost=43.255.190.167  user=root
Apr 12 06:03:56 ovzhost sshd[1400]: pam_unix(sshd:auth): authentication failure; logname= uid=0 euid=0 tty=ssh ruser= rhost=43.255.190.167  user=root
Apr 12 06:03:57 ovzhost sshd[1400]: Failed password for root from 43.255.190.167 port 57473 ssh2
Apr 12 06:04:01 ovzhost sshd[1400]: message repeated 2 times: [ Failed password for root from 43.255.190.167 port 57473 ssh2]
Apr 12 06:04:01 ovzhost sshd[1400]: Received disconnect from 43.255.190.167: 11:  [preauth]
Apr 12 06:04:01 ovzhost sshd[1400]: PAM 2 more authentication failures; logname= uid=0 euid=0 tty=ssh ruser= rhost=43.255.190.167  user=root
Apr 12 06:04:02 ovzhost sshd[1402]: pam_unix(sshd:auth): authentication failure; logname= uid=0 euid=0 tty=ssh ruser= rhost=43.255.190.167  user=root
Apr 12 06:04:04 ovzhost sshd[1402]: Failed password for root from 43.255.190.167 port 45069 ssh2
Apr 12 06:04:08 ovzhost sshd[1402]: message repeated 2 times: [ Failed password for root from 43.255.190.167 port 45069 ssh2]
Apr 12 06:04:08 ovzhost sshd[1402]: Received disconnect from 43.255.190.167: 11:  [preauth]
Apr 12 06:04:08 ovzhost sshd[1402]: PAM 2 more authentication failures; logname= uid=0 euid=0 tty=ssh ruser= rhost=43.255.190.167  user=root
Apr 12 06:04:09 ovzhost sshd[1404]: pam_unix(sshd:auth): authentication failure; logname= uid=0 euid=0 tty=ssh ruser= rhost=43.255.190.167  user=root
Apr 12 06:04:11 ovzhost sshd[1404]: Failed password for root from 43.255.190.167 port 34800 ssh2
Apr 12 06:04:15 ovzhost sshd[1404]: message repeated 2 times: [ Failed password for root from 43.255.190.167 port 34800 ssh2]
Apr 12 06:04:16 ovzhost sshd[1404]: Received disconnect from 43.255.190.167: 11:  [preauth]
Apr 12 06:04:16 ovzhost sshd[1404]: PAM 2 more authentication failures; logname= uid=0 euid=0 tty=ssh ruser= rhost=43.255.190.167  user=root
Apr 12 06:04:16 ovzhost sshd[1406]: pam_unix(sshd:auth): authentication failure; logname= uid=0 euid=0 tty=ssh ruser= rhost=43.255.190.167  user=root
Apr 12 06:04:18 ovzhost sshd[1406]: Failed password for root from 43.255.190.167 port 52328 ssh2
Apr 12 06:04:21 ovzhost sshd[1406]: message repeated 2 times: [ Failed password for root from 43.255.190.167 port 52328 ssh2]
Apr 12 06:04:21 ovzhost sshd[1406]: Received disconnect from 43.255.190.167: 11:  [preauth]
Apr 12 06:04:21 ovzhost sshd[1406]: PAM 2 more authentication failures; logname= uid=0 euid=0 tty=ssh ruser= rhost=43.255.190.167  user=root
Apr 12 06:04:22 ovzhost sshd[1408]: pam_unix(sshd:auth): authentication failure; logname= uid=0 euid=0 tty=ssh ruser= rhost=43.255.190.167  user=root
Apr 12 06:04:23 ovzhost sshd[1408]: Failed password for root from 43.255.190.167 port 39719 ssh2
Apr 12 06:04:27 ovzhost sshd[1408]: message repeated 2 times: [ Failed password for root from 43.255.190.167 port 39719 ssh2]
Apr 12 06:04:27 ovzhost sshd[1408]: Received disconnect from 43.255.190.167: 11:  [preauth]
Apr 12 06:04:27 ovzhost sshd[1408]: PAM 2 more authentication failures; logname= uid=0 euid=0 tty=ssh ruser= rhost=43.255.190.167  user=root
Apr 12 06:04:28 ovzhost sshd[1410]: pam_unix(sshd:auth): authentication failure; logname= uid=0 euid=0 tty=ssh ruser= rhost=43.255.190.167  user=root
Apr 12 06:04:30 ovzhost sshd[1410]: Failed password for root from 43.255.190.167 port 55798 ssh2
Apr 12 06:04:34 ovzhost sshd[1410]: message repeated 2 times: [ Failed password for root from 43.255.190.167 port 55798 ssh2]
Apr 12 06:04:34 ovzhost sshd[1410]: Received disconnect from 43.255.190.167: 11:  [preauth]
Apr 12 06:04:34 ovzhost sshd[1410]: PAM 2 more authentication failures; logname= uid=0 euid=0 tty=ssh ruser= rhost=43.255.190.167  user=root
Apr 12 06:04:34 ovzhost sshd[1412]: pam_unix(sshd:auth): authentication failure; logname= uid=0 euid=0 tty=ssh ruser= rhost=43.255.190.167  user=root
Apr 12 06:04:36 ovzhost sshd[1412]: Failed password for root from 43.255.190.167 port 43046 ssh2
Apr 12 06:04:40 ovzhost sshd[1412]: message repeated 2 times: [ Failed password for root from 43.255.190.167 port 43046 ssh2]
Apr 12 06:04:40 ovzhost sshd[1412]: Received disconnect from 43.255.190.167: 11:  [preauth]
Apr 12 06:04:40 ovzhost sshd[1412]: PAM 2 more authentication failures; logname= uid=0 euid=0 tty=ssh ruser= rhost=43.255.190.167  user=root
Apr 12 06:04:41 ovzhost sshd[1414]: pam_unix(sshd:auth): authentication failure; logname= uid=0 euid=0 tty=ssh ruser= rhost=43.255.190.167  user=root
Apr 12 06:04:42 ovzhost sshd[1414]: Failed password for root from 43.255.190.167 port 59416 ssh2
Apr 12 06:04:46 ovzhost sshd[1414]: message repeated 2 times: [ Failed password for root from 43.255.190.167 port 59416 ssh2]
Apr 12 06:04:46 ovzhost sshd[1414]: Received disconnect from 43.255.190.167: 11:  [preauth]
Apr 12 06:04:46 ovzhost sshd[1414]: PAM 2 more authentication failures; logname= uid=0 euid=0 tty=ssh ruser= rhost=43.255.190.167  user=root
Apr 12 06:04:47 ovzhost sshd[1416]: pam_unix(sshd:auth): authentication failure; logname= uid=0 euid=0 tty=ssh ruser= rhost=43.255.190.167  user=root
Apr 12 06:04:49 ovzhost sshd[1416]: Failed password for root from 43.255.190.167 port 46409 ssh2
Apr 12 06:04:53 ovzhost sshd[1416]: message repeated 2 times: [ Failed password for root from 43.255.190.167 port 46409 ssh2]
Apr 12 06:04:53 ovzhost sshd[1416]: Received disconnect from 43.255.190.167: 11:  [preauth]
Apr 12 06:04:53 ovzhost sshd[1416]: PAM 2 more authentication failures; logname= uid=0 euid=0 tty=ssh ruser= rhost=43.255.190.167  user=root
Apr 12 06:04:54 ovzhost sshd[1418]: pam_unix(sshd:auth): authentication failure; logname= uid=0 euid=0 tty=ssh ruser= rhost=43.255.190.167  user=root
Apr 12 06:04:56 ovzhost sshd[1418]: Failed password for root from 43.255.190.167 port 35634 ssh2
Apr 12 06:04:59 ovzhost sshd[1418]: message repeated 2 times: [ Failed password for root from 43.255.190.167 port 35634 ssh2]
Apr 12 06:04:59 ovzhost sshd[1418]: Received disconnect from 43.255.190.167: 11:  [preauth]
Apr 12 06:04:59 ovzhost sshd[1418]: PAM 2 more authentication failures; logname= uid=0 euid=0 tty=ssh ruser= rhost=43.255.190.167  user=root
Apr 12 06:05:00 ovzhost sshd[1421]: pam_unix(sshd:auth): authentication failure; logname= uid=0 euid=0 tty=ssh ruser= rhost=43.255.190.167  user=root
Apr 12 06:05:02 ovzhost sshd[1421]: Failed password for root from 43.255.190.167 port 51722 ssh2
Apr 12 06:05:06 ovzhost sshd[1421]: message repeated 2 times: [ Failed password for root from 43.255.190.167 port 51722 ssh2]
Apr 12 06:05:06 ovzhost sshd[1421]: Received disconnect from 43.255.190.167: 11:  [preauth]
Apr 12 06:05:06 ovzhost sshd[1421]: PAM 2 more authentication failures; logname= uid=0 euid=0 tty=ssh ruser= rhost=43.255.190.167  user=root
Apr 12 06:05:06 ovzhost sshd[1423]: pam_unix(sshd:auth): authentication failure; logname= uid=0 euid=0 tty=ssh ruser= rhost=43.255.190.167  user=root
Apr 12 06:05:08 ovzhost sshd[1423]: Failed password for root from 43.255.190.167 port 40252 ssh2
Apr 12 06:05:12 ovzhost sshd[1423]: message repeated 2 times: [ Failed password for root from 43.255.190.167 port 40252 ssh2]
Apr 12 06:05:12 ovzhost sshd[1423]: Received disconnect from 43.255.190.167: 11:  [preauth]
Apr 12 06:05:12 ovzhost sshd[1423]: PAM 2 more authentication failures; logname= uid=0 euid=0 tty=ssh ruser= rhost=43.255.190.167  user=root
Apr 12 06:05:13 ovzhost sshd[1427]: pam_unix(sshd:auth): authentication failure; logname= uid=0 euid=0 tty=ssh ruser= rhost=43.255.190.167  user=root
Apr 12 06:05:15 ovzhost sshd[1427]: Failed password for root from 43.255.190.167 port 56640 ssh2
Apr 12 06:05:19 ovzhost sshd[1427]: message repeated 2 times: [ Failed password for root from 43.255.190.167 port 56640 ssh2]
Apr 12 06:05:19 ovzhost sshd[1427]: Received disconnect from 43.255.190.167: 11:  [preauth]
Apr 12 06:05:19 ovzhost sshd[1427]: PAM 2 more authentication failures; logname= uid=0 euid=0 tty=ssh ruser= rhost=43.255.190.167  user=root
Apr 12 06:05:19 ovzhost sshd[1429]: pam_unix(sshd:auth): authentication failure; logname= uid=0 euid=0 tty=ssh ruser= rhost=43.255.190.167  user=root
Apr 12 06:05:21 ovzhost sshd[1429]: Failed password for root from 43.255.190.167 port 44892 ssh2
Apr 12 06:05:25 ovzhost sshd[1429]: message repeated 2 times: [ Failed password for root from 43.255.190.167 port 44892 ssh2]
Apr 12 06:05:25 ovzhost sshd[1429]: Received disconnect from 43.255.190.167: 11:  [preauth]
Apr 12 06:05:25 ovzhost sshd[1429]: PAM 2 more authentication failures; logname= uid=0 euid=0 tty=ssh ruser= rhost=43.255.190.167  user=root
Apr 12 06:08:38 ovzhost sshd[1446]: Connection closed by 127.0.0.1 [preauth]
Apr 12 06:09:01 ovzhost CRON[1450]: pam_env(cron:session): Unable to open env file: /etc/default/locale: No such file or directory
Apr 12 06:09:01 ovzhost CRON[1451]: pam_env(cron:session): Unable to open env file: /etc/default/locale: No such file or directory
Apr 12 06:09:01 ovzhost CRON[1450]: pam_unix(cron:session): session opened for user root by (uid=0)
Apr 12 06:09:01 ovzhost CRON[1451]: pam_unix(cron:session): session opened for user root by (uid=0)
Apr 12 06:09:01 ovzhost CRON[1450]: pam_unix(cron:session): session closed for user root
Apr 12 06:09:01 ovzhost CRON[1451]: pam_unix(cron:session): session closed for user root
Apr 12 06:09:24 ovzhost sshd[1464]: pam_unix(sshd:auth): authentication failure; logname= uid=0 euid=0 tty=ssh ruser= rhost=s217.silver.servdiscount-customer.com  user=root
Apr 12 06:09:26 ovzhost sshd[1464]: Failed password for root from 85.114.141.217 port 34580 ssh2
Apr 12 06:09:26 ovzhost sshd[1464]: Received disconnect from 85.114.141.217: 11: Bye Bye [preauth]
Apr 12 06:09:27 ovzhost sshd[1467]: pam_unix(sshd:auth): authentication failure; logname= uid=0 euid=0 tty=ssh ruser= rhost=s217.silver.servdiscount-customer.com  user=root
Apr 12 06:09:29 ovzhost sshd[1467]: Failed password for root from 85.114.141.217 port 36164 ssh2
Apr 12 06:09:29 ovzhost sshd[1467]: Received disconnect from 85.114.141.217: 11: Bye Bye [preauth]
Apr 12 06:09:29 ovzhost sshd[1469]: pam_unix(sshd:auth): authentication failure; logname= uid=0 euid=0 tty=ssh ruser= rhost=s217.silver.servdiscount-customer.com  user=root
Apr 12 06:09:32 ovzhost sshd[1469]: Failed password for root from 85.114.141.217 port 37773 ssh2
Apr 12 06:09:32 ovzhost sshd[1469]: Received disconnect from 85.114.141.217: 11: Bye Bye [preauth]
Apr 12 06:09:33 ovzhost sshd[1471]: pam_unix(sshd:auth): authentication failure; logname= uid=0 euid=0 tty=ssh ruser= rhost=s217.silver.servdiscount-customer.com  user=root
Apr 12 06:09:34 ovzhost sshd[1471]: Failed password for root from 85.114.141.217 port 39754 ssh2
Apr 12 06:09:34 ovzhost sshd[1471]: Received disconnect from 85.114.141.217: 11: Bye Bye [preauth]
Apr 12 06:09:35 ovzhost sshd[1473]: pam_unix(sshd:auth): authentication failure; logname= uid=0 euid=0 tty=ssh ruser= rhost=s217.silver.servdiscount-customer.com  user=root
Apr 12 06:09:37 ovzhost sshd[1473]: Failed password for root from 85.114.141.217 port 41363 ssh2
Apr 12 06:09:37 ovzhost sshd[1473]: Received disconnect from 85.114.141.217: 11: Bye Bye [preauth]
Apr 12 06:09:38 ovzhost sshd[1475]: pam_unix(sshd:auth): authentication failure; logname= uid=0 euid=0 tty=ssh ruser= rhost=s217.silver.servdiscount-customer.com  user=root
Apr 12 06:09:40 ovzhost sshd[1475]: Failed password for root from 85.114.141.217 port 43542 ssh2
Apr 12 06:09:40 ovzhost sshd[1475]: Received disconnect from 85.114.141.217: 11: Bye Bye [preauth]
Apr 12 06:09:41 ovzhost sshd[1477]: pam_unix(sshd:auth): authentication failure; logname= uid=0 euid=0 tty=ssh ruser= rhost=s217.silver.servdiscount-customer.com  user=root
Apr 12 06:09:43 ovzhost sshd[1477]: Failed password for root from 85.114.141.217 port 45624 ssh2
Apr 12 06:09:44 ovzhost sshd[1477]: Received disconnect from 85.114.141.217: 11: Bye Bye [preauth]
Apr 12 06:10:26 ovzhost sshd[1483]: Connection closed by 128.8.37.104 [preauth]
Apr 12 06:13:38 ovzhost sshd[1497]: Connection closed by 127.0.0.1 [preauth]
Apr 12 06:17:54 ovzhost sshd[1513]: pam_unix(sshd:auth): authentication failure; logname= uid=0 euid=0 tty=ssh ruser= rhost=43.255.190.168  user=root
Apr 12 06:17:54 ovzhost sshd[1515]: pam_unix(sshd:auth): authentication failure; logname= uid=0 euid=0 tty=ssh ruser= rhost=43.255.190.186  user=root
Apr 12 06:17:54 ovzhost sshd[1517]: pam_unix(sshd:auth): authentication failure; logname= uid=0 euid=0 tty=ssh ruser= rhost=43.255.190.168  user=root
Apr 12 06:17:56 ovzhost sshd[1513]: Failed password for root from 43.255.190.168 port 35674 ssh2
Apr 12 06:17:57 ovzhost sshd[1515]: Failed password for root from 43.255.190.186 port 59792 ssh2
Apr 12 06:17:57 ovzhost sshd[1517]: Failed password for root from 43.255.190.168 port 38535 ssh2
Apr 12 06:17:59 ovzhost sshd[1513]: message repeated 2 times: [ Failed password for root from 43.255.190.168 port 35674 ssh2]
Apr 12 06:17:59 ovzhost sshd[1513]: Received disconnect from 43.255.190.168: 11:  [preauth]
Apr 12 06:17:59 ovzhost sshd[1513]: PAM 2 more authentication failures; logname= uid=0 euid=0 tty=ssh ruser= rhost=43.255.190.168  user=root
Apr 12 06:18:00 ovzhost sshd[1519]: pam_unix(sshd:auth): authentication failure; logname= uid=0 euid=0 tty=ssh ruser= rhost=43.255.190.168  user=root
Apr 12 06:18:00 ovzhost sshd[1515]: message repeated 2 times: [ Failed password for root from 43.255.190.186 port 59792 ssh2]
Apr 12 06:18:00 ovzhost sshd[1515]: Received disconnect from 43.255.190.186: 11:  [preauth]
Apr 12 06:18:00 ovzhost sshd[1515]: PAM 2 more authentication failures; logname= uid=0 euid=0 tty=ssh ruser= rhost=43.255.190.186  user=root
Apr 12 06:18:00 ovzhost sshd[1517]: message repeated 2 times: [ Failed password for root from 43.255.190.168 port 38535 ssh2]
Apr 12 06:18:00 ovzhost sshd[1517]: Received disconnect from 43.255.190.168: 11:  [preauth]
Apr 12 06:18:00 ovzhost sshd[1517]: PAM 2 more authentication failures; logname= uid=0 euid=0 tty=ssh ruser= rhost=43.255.190.168  user=root
Apr 12 06:18:01 ovzhost sshd[1521]: pam_unix(sshd:auth): authentication failure; logname= uid=0 euid=0 tty=ssh ruser= rhost=43.255.190.186  user=root
Apr 12 06:18:01 ovzhost sshd[1523]: pam_unix(sshd:auth): authentication failure; logname= uid=0 euid=0 tty=ssh ruser= rhost=43.255.190.168  user=root
Apr 12 06:18:02 ovzhost sshd[1519]: Failed password for root from 43.255.190.168 port 50943 ssh2
Apr 12 06:18:03 ovzhost sshd[1521]: Failed password for root from 43.255.190.186 port 49196 ssh2
Apr 12 06:18:03 ovzhost sshd[1523]: Failed password for root from 43.255.190.168 port 53180 ssh2
Apr 12 06:18:05 ovzhost sshd[1519]: message repeated 2 times: [ Failed password for root from 43.255.190.168 port 50943 ssh2]
Apr 12 06:18:05 ovzhost sshd[1519]: Received disconnect from 43.255.190.168: 11:  [preauth]
Apr 12 06:18:05 ovzhost sshd[1519]: PAM 2 more authentication failures; logname= uid=0 euid=0 tty=ssh ruser= rhost=43.255.190.168  user=root
Apr 12 06:18:06 ovzhost sshd[1526]: pam_unix(sshd:auth): authentication failure; logname= uid=0 euid=0 tty=ssh ruser= rhost=43.255.190.168  user=root
Apr 12 06:18:07 ovzhost sshd[1521]: message repeated 2 times: [ Failed password for root from 43.255.190.186 port 49196 ssh2]
Apr 12 06:18:07 ovzhost sshd[1521]: Received disconnect from 43.255.190.186: 11:  [preauth]
Apr 12 06:18:07 ovzhost sshd[1521]: PAM 2 more authentication failures; logname= uid=0 euid=0 tty=ssh ruser= rhost=43.255.190.186  user=root
Apr 12 06:18:07 ovzhost sshd[1523]: message repeated 2 times: [ Failed password for root from 43.255.190.168 port 53180 ssh2]
Apr 12 06:18:07 ovzhost sshd[1523]: Received disconnect from 43.255.190.168: 11:  [preauth]
Apr 12 06:18:07 ovzhost sshd[1523]: PAM 2 more authentication failures; logname= uid=0 euid=0 tty=ssh ruser= rhost=43.255.190.168  user=root
Apr 12 06:18:08 ovzhost sshd[1528]: pam_unix(sshd:auth): authentication failure; logname= uid=0 euid=0 tty=ssh ruser= rhost=43.255.190.186  user=root
Apr 12 06:18:08 ovzhost sshd[1530]: pam_unix(sshd:auth): authentication failure; logname= uid=0 euid=0 tty=ssh ruser= rhost=43.255.190.168  user=root
Apr 12 06:18:08 ovzhost sshd[1526]: Failed password for root from 43.255.190.168 port 36029 ssh2
Apr 12 06:18:09 ovzhost sshd[1528]: Failed password for root from 43.255.190.186 port 39738 ssh2
Apr 12 06:18:09 ovzhost sshd[1530]: Failed password for root from 43.255.190.168 port 40287 ssh2
Apr 12 06:18:12 ovzhost sshd[1526]: message repeated 2 times: [ Failed password for root from 43.255.190.168 port 36029 ssh2]
Apr 12 06:18:12 ovzhost sshd[1526]: Received disconnect from 43.255.190.168: 11:  [preauth]
Apr 12 06:18:12 ovzhost sshd[1526]: PAM 2 more authentication failures; logname= uid=0 euid=0 tty=ssh ruser= rhost=43.255.190.168  user=root
Apr 12 06:18:13 ovzhost sshd[1532]: pam_unix(sshd:auth): authentication failure; logname= uid=0 euid=0 tty=ssh ruser= rhost=43.255.190.168  user=root
Apr 12 06:18:13 ovzhost sshd[1528]: message repeated 2 times: [ Failed password for root from 43.255.190.186 port 39738 ssh2]
Apr 12 06:18:13 ovzhost sshd[1528]: Received disconnect from 43.255.190.186: 11:  [preauth]
Apr 12 06:18:13 ovzhost sshd[1528]: PAM 2 more authentication failures; logname= uid=0 euid=0 tty=ssh ruser= rhost=43.255.190.186  user=root
Apr 12 06:18:13 ovzhost sshd[1530]: message repeated 2 times: [ Failed password for root from 43.255.190.168 port 40287 ssh2]
Apr 12 06:18:13 ovzhost sshd[1530]: Received disconnect from 43.255.190.168: 11:  [preauth]
Apr 12 06:18:13 ovzhost sshd[1530]: PAM 2 more authentication failures; logname= uid=0 euid=0 tty=ssh ruser= rhost=43.255.190.168  user=root
Apr 12 06:18:13 ovzhost sshd[1534]: pam_unix(sshd:auth): authentication failure; logname= uid=0 euid=0 tty=ssh ruser= rhost=43.255.190.186  user=root
Apr 12 06:18:14 ovzhost sshd[1536]: pam_unix(sshd:auth): authentication failure; logname= uid=0 euid=0 tty=ssh ruser= rhost=43.255.190.168  user=root
Apr 12 06:18:15 ovzhost sshd[1532]: Failed password for root from 43.255.190.168 port 50669 ssh2
Apr 12 06:18:15 ovzhost sshd[1536]: Failed password for root from 43.255.190.168 port 53093 ssh2
Apr 12 06:18:15 ovzhost sshd[1534]: Failed password for root from 43.255.190.186 port 56496 ssh2
Apr 12 06:18:19 ovzhost sshd[1532]: message repeated 2 times: [ Failed password for root from 43.255.190.168 port 50669 ssh2]
Apr 12 06:18:19 ovzhost sshd[1532]: Received disconnect from 43.255.190.168: 11:  [preauth]
Apr 12 06:18:19 ovzhost sshd[1532]: PAM 2 more authentication failures; logname= uid=0 euid=0 tty=ssh ruser= rhost=43.255.190.168  user=root
Apr 12 06:18:19 ovzhost sshd[1536]: message repeated 2 times: [ Failed password for root from 43.255.190.168 port 53093 ssh2]
