Apr 12 06:18:19 ovzhost sshd[1536]: Received disconnect from 43.255.190.168: 11:  [preauth]
Apr 12 06:18:19 ovzhost sshd[1536]: PAM 2 more authentication failures; logname= uid=0 euid=0 tty=ssh ruser= rhost=43.255.190.168  user=root
Apr 12 06:18:19 ovzhost sshd[1538]: pam_unix(sshd:auth): authentication failure; logname= uid=0 euid=0 tty=ssh ruser= rhost=43.255.190.168  user=root
Apr 12 06:18:19 ovzhost sshd[1534]: message repeated 2 times: [ Failed password for root from 43.255.190.186 port 56496 ssh2]
Apr 12 06:18:19 ovzhost sshd[1534]: Received disconnect from 43.255.190.186: 11:  [preauth]
Apr 12 06:18:19 ovzhost sshd[1534]: PAM 2 more authentication failures; logname= uid=0 euid=0 tty=ssh ruser= rhost=43.255.190.186  user=root
Apr 12 06:18:20 ovzhost sshd[1540]: pam_unix(sshd:auth): authentication failure; logname= uid=0 euid=0 tty=ssh ruser= rhost=43.255.190.168  user=root
Apr 12 06:18:20 ovzhost sshd[1542]: pam_unix(sshd:auth): authentication failure; logname= uid=0 euid=0 tty=ssh ruser= rhost=43.255.190.186  user=root
Apr 12 06:18:21 ovzhost sshd[1540]: Failed password for root from 43.255.190.168 port 38348 ssh2
Apr 12 06:18:21 ovzhost sshd[1538]: Failed password for root from 43.255.190.168 port 37217 ssh2
Apr 12 06:18:22 ovzhost sshd[1542]: Failed password for root from 43.255.190.186 port 47742 ssh2
Apr 12 06:18:25 ovzhost sshd[1540]: message repeated 2 times: [ Failed password for root from 43.255.190.168 port 38348 ssh2]
Apr 12 06:18:25 ovzhost sshd[1540]: Received disconnect from 43.255.190.168: 11:  [preauth]
Apr 12 06:18:25 ovzhost sshd[1540]: PAM 2 more authentication failures; logname= uid=0 euid=0 tty=ssh ruser= rhost=43.255.190.168  user=root
Apr 12 06:18:25 ovzhost sshd[1538]: message repeated 2 times: [ Failed password for root from 43.255.190.168 port 37217 ssh2]
Apr 12 06:18:25 ovzhost sshd[1538]: Received disconnect from 43.255.190.168: 11:  [preauth]
Apr 12 06:18:25 ovzhost sshd[1538]: PAM 2 more authentication failures; logname= uid=0 euid=0 tty=ssh ruser= rhost=43.255.190.168  user=root
Apr 12 06:18:25 ovzhost sshd[1548]: pam_unix(sshd:auth): authentication failure; logname= uid=0 euid=0 tty=ssh ruser= rhost=43.255.190.168  user=root
Apr 12 06:18:26 ovzhost sshd[1550]: pam_unix(sshd:auth): authentication failure; logname= uid=0 euid=0 tty=ssh ruser= rhost=43.255.190.168  user=root
Apr 12 06:18:26 ovzhost sshd[1542]: message repeated 2 times: [ Failed password for root from 43.255.190.186 port 47742 ssh2]
Apr 12 06:18:26 ovzhost sshd[1542]: Received disconnect from 43.255.190.186: 11:  [preauth]
Apr 12 06:18:26 ovzhost sshd[1542]: PAM 2 more authentication failures; logname= uid=0 euid=0 tty=ssh ruser= rhost=43.255.190.186  user=root
Apr 12 06:18:26 ovzhost sshd[1552]: pam_unix(sshd:auth): authentication failure; logname= uid=0 euid=0 tty=ssh ruser= rhost=43.255.190.186  user=root
Apr 12 06:18:27 ovzhost sshd[1550]: Failed password for root from 43.255.190.168 port 52431 ssh2
Apr 12 06:18:27 ovzhost sshd[1548]: Failed password for root from 43.255.190.168 port 51737 ssh2
Apr 12 06:18:28 ovzhost sshd[1552]: Failed password for root from 43.255.190.186 port 38190 ssh2
Apr 12 06:18:32 ovzhost sshd[1548]: message repeated 2 times: [ Failed password for root from 43.255.190.168 port 51737 ssh2]
Apr 12 06:18:32 ovzhost sshd[1548]: Received disconnect from 43.255.190.168: 11:  [preauth]
Apr 12 06:18:32 ovzhost sshd[1548]: PAM 2 more authentication failures; logname= uid=0 euid=0 tty=ssh ruser= rhost=43.255.190.168  user=root
Apr 12 06:18:32 ovzhost sshd[1550]: message repeated 2 times: [ Failed password for root from 43.255.190.168 port 52431 ssh2]
Apr 12 06:18:32 ovzhost sshd[1550]: Received disconnect from 43.255.190.168: 11:  [preauth]
Apr 12 06:18:32 ovzhost sshd[1550]: PAM 2 more authentication failures; logname= uid=0 euid=0 tty=ssh ruser= rhost=43.255.190.168  user=root
Apr 12 06:18:32 ovzhost sshd[1554]: pam_unix(sshd:auth): authentication failure; logname= uid=0 euid=0 tty=ssh ruser= rhost=43.255.190.168  user=root
Apr 12 06:18:32 ovzhost sshd[1555]: pam_unix(sshd:auth): authentication failure; logname= uid=0 euid=0 tty=ssh ruser= rhost=43.255.190.168  user=root
Apr 12 06:18:32 ovzhost sshd[1552]: message repeated 2 times: [ Failed password for root from 43.255.190.186 port 38190 ssh2]
Apr 12 06:18:32 ovzhost sshd[1552]: Received disconnect from 43.255.190.186: 11:  [preauth]
Apr 12 06:18:32 ovzhost sshd[1552]: PAM 2 more authentication failures; logname= uid=0 euid=0 tty=ssh ruser= rhost=43.255.190.186  user=root
Apr 12 06:18:33 ovzhost sshd[1558]: pam_unix(sshd:auth): authentication failure; logname= uid=0 euid=0 tty=ssh ruser= rhost=43.255.190.186  user=root
Apr 12 06:18:33 ovzhost sshd[1554]: Failed password for root from 43.255.190.168 port 39697 ssh2
Apr 12 06:18:33 ovzhost sshd[1555]: Failed password for root from 43.255.190.168 port 39709 ssh2
Apr 12 06:18:34 ovzhost sshd[1558]: Failed password for root from 43.255.190.186 port 57104 ssh2
Apr 12 06:18:38 ovzhost sshd[1561]: Connection closed by 127.0.0.1 [preauth]
Apr 12 06:18:38 ovzhost sshd[1555]: message repeated 2 times: [ Failed password for root from 43.255.190.168 port 39709 ssh2]
Apr 12 06:18:38 ovzhost sshd[1555]: Received disconnect from 43.255.190.168: 11:  [preauth]
Apr 12 06:18:38 ovzhost sshd[1555]: PAM 2 more authentication failures; logname= uid=0 euid=0 tty=ssh ruser= rhost=43.255.190.168  user=root
Apr 12 06:18:38 ovzhost sshd[1554]: message repeated 2 times: [ Failed password for root from 43.255.190.168 port 39697 ssh2]
Apr 12 06:18:38 ovzhost sshd[1554]: Received disconnect from 43.255.190.168: 11:  [preauth]
Apr 12 06:18:38 ovzhost sshd[1554]: PAM 2 more authentication failures; logname= uid=0 euid=0 tty=ssh ruser= rhost=43.255.190.168  user=root
Apr 12 06:18:39 ovzhost sshd[1563]: pam_unix(sshd:auth): authentication failure; logname= uid=0 euid=0 tty=ssh ruser= rhost=43.255.190.168  user=root
Apr 12 06:18:39 ovzhost sshd[1564]: pam_unix(sshd:auth): authentication failure; logname= uid=0 euid=0 tty=ssh ruser= rhost=43.255.190.168  user=root
Apr 12 06:18:39 ovzhost sshd[1558]: message repeated 2 times: [ Failed password for root from 43.255.190.186 port 57104 ssh2]
Apr 12 06:18:39 ovzhost sshd[1558]: Received disconnect from 43.255.190.186: 11:  [preauth]
Apr 12 06:18:39 ovzhost sshd[1558]: PAM 2 more authentication failures; logname= uid=0 euid=0 tty=ssh ruser= rhost=43.255.190.186  user=root
Apr 12 06:18:39 ovzhost sshd[1567]: pam_unix(sshd:auth): authentication failure; logname= uid=0 euid=0 tty=ssh ruser= rhost=43.255.190.186  user=root
Apr 12 06:18:40 ovzhost sshd[1563]: Failed password for root from 43.255.190.168 port 53792 ssh2
Apr 12 06:18:40 ovzhost sshd[1564]: Failed password for root from 43.255.190.168 port 53798 ssh2
Apr 12 06:18:41 ovzhost sshd[1567]: Failed password for root from 43.255.190.186 port 47323 ssh2
Apr 12 06:18:45 ovzhost sshd[1564]: message repeated 2 times: [ Failed password for root from 43.255.190.168 port 53798 ssh2]
Apr 12 06:18:45 ovzhost sshd[1564]: Received disconnect from 43.255.190.168: 11:  [preauth]
Apr 12 06:18:45 ovzhost sshd[1564]: PAM 2 more authentication failures; logname= uid=0 euid=0 tty=ssh ruser= rhost=43.255.190.168  user=root
Apr 12 06:18:45 ovzhost sshd[1563]: message repeated 2 times: [ Failed password for root from 43.255.190.168 port 53792 ssh2]
Apr 12 06:18:45 ovzhost sshd[1563]: Received disconnect from 43.255.190.168: 11:  [preauth]
Apr 12 06:18:45 ovzhost sshd[1563]: PAM 2 more authentication failures; logname= uid=0 euid=0 tty=ssh ruser= rhost=43.255.190.168  user=root
Apr 12 06:18:46 ovzhost sshd[1569]: pam_unix(sshd:auth): authentication failure; logname= uid=0 euid=0 tty=ssh ruser= rhost=43.255.190.168  user=root
Apr 12 06:18:46 ovzhost sshd[1570]: pam_unix(sshd:auth): authentication failure; logname= uid=0 euid=0 tty=ssh ruser= rhost=43.255.190.168  user=root
Apr 12 06:18:46 ovzhost sshd[1567]: message repeated 2 times: [ Failed password for root from 43.255.190.186 port 47323 ssh2]
Apr 12 06:18:46 ovzhost sshd[1567]: Received disconnect from 43.255.190.186: 11:  [preauth]
Apr 12 06:18:46 ovzhost sshd[1567]: PAM 2 more authentication failures; logname= uid=0 euid=0 tty=ssh ruser= rhost=43.255.190.186  user=root
Apr 12 06:18:46 ovzhost sshd[1573]: pam_unix(sshd:auth): authentication failure; logname= uid=0 euid=0 tty=ssh ruser= rhost=43.255.190.186  user=root
Apr 12 06:18:48 ovzhost sshd[1569]: Failed password for root from 43.255.190.168 port 40511 ssh2
Apr 12 06:18:48 ovzhost sshd[1570]: Failed password for root from 43.255.190.168 port 40514 ssh2
Apr 12 06:18:48 ovzhost sshd[1573]: Failed password for root from 43.255.190.186 port 39623 ssh2
Apr 12 06:18:52 ovzhost sshd[1569]: message repeated 2 times: [ Failed password for root from 43.255.190.168 port 40511 ssh2]
Apr 12 06:18:52 ovzhost sshd[1569]: Received disconnect from 43.255.190.168: 11:  [preauth]
Apr 12 06:18:52 ovzhost sshd[1569]: PAM 2 more authentication failures; logname= uid=0 euid=0 tty=ssh ruser= rhost=43.255.190.168  user=root
Apr 12 06:18:52 ovzhost sshd[1570]: message repeated 2 times: [ Failed password for root from 43.255.190.168 port 40514 ssh2]
Apr 12 06:18:52 ovzhost sshd[1570]: Received disconnect from 43.255.190.168: 11:  [preauth]
Apr 12 06:18:52 ovzhost sshd[1570]: PAM 2 more authentication failures; logname= uid=0 euid=0 tty=ssh ruser= rhost=43.255.190.168  user=root
Apr 12 06:18:53 ovzhost sshd[1573]: message repeated 2 times: [ Failed password for root from 43.255.190.186 port 39623 ssh2]
Apr 12 06:18:53 ovzhost sshd[1573]: Received disconnect from 43.255.190.186: 11:  [preauth]
Apr 12 06:18:53 ovzhost sshd[1573]: PAM 2 more authentication failures; logname= uid=0 euid=0 tty=ssh ruser= rhost=43.255.190.186  user=root
Apr 12 06:18:53 ovzhost sshd[1576]: pam_unix(sshd:auth): authentication failure; logname= uid=0 euid=0 tty=ssh ruser= rhost=43.255.190.168  user=root
Apr 12 06:18:53 ovzhost sshd[1575]: pam_unix(sshd:auth): authentication failure; logname= uid=0 euid=0 tty=ssh ruser= rhost=43.255.190.168  user=root
Apr 12 06:18:53 ovzhost sshd[1579]: pam_unix(sshd:auth): authentication failure; logname= uid=0 euid=0 tty=ssh ruser= rhost=43.255.190.186  user=root
Apr 12 06:18:55 ovzhost sshd[1576]: Failed password for root from 43.255.190.168 port 55427 ssh2
Apr 12 06:18:55 ovzhost sshd[1575]: Failed password for root from 43.255.190.168 port 55412 ssh2
Apr 12 06:18:55 ovzhost sshd[1579]: Failed password for root from 43.255.190.186 port 58530 ssh2
Apr 12 06:18:59 ovzhost sshd[1576]: message repeated 2 times: [ Failed password for root from 43.255.190.168 port 55427 ssh2]
Apr 12 06:18:59 ovzhost sshd[1576]: Received disconnect from 43.255.190.168: 11:  [preauth]
Apr 12 06:18:59 ovzhost sshd[1576]: PAM 2 more authentication failures; logname= uid=0 euid=0 tty=ssh ruser= rhost=43.255.190.168  user=root
Apr 12 06:18:59 ovzhost sshd[1575]: message repeated 2 times: [ Failed password for root from 43.255.190.168 port 55412 ssh2]
Apr 12 06:18:59 ovzhost sshd[1575]: Received disconnect from 43.255.190.168: 11:  [preauth]
Apr 12 06:18:59 ovzhost sshd[1575]: PAM 2 more authentication failures; logname= uid=0 euid=0 tty=ssh ruser= rhost=43.255.190.168  user=root
Apr 12 06:19:00 ovzhost sshd[1583]: pam_unix(sshd:auth): authentication failure; logname= uid=0 euid=0 tty=ssh ruser= rhost=43.255.190.168  user=root
Apr 12 06:19:00 ovzhost sshd[1584]: pam_unix(sshd:auth): authentication failure; logname= uid=0 euid=0 tty=ssh ruser= rhost=43.255.190.168  user=root
Apr 12 06:19:00 ovzhost sshd[1579]: message repeated 2 times: [ Failed password for root from 43.255.190.186 port 58530 ssh2]
Apr 12 06:19:00 ovzhost sshd[1579]: Received disconnect from 43.255.190.186: 11:  [preauth]
Apr 12 06:19:00 ovzhost sshd[1579]: PAM 2 more authentication failures; logname= uid=0 euid=0 tty=ssh ruser= rhost=43.255.190.186  user=root
Apr 12 06:19:00 ovzhost sshd[1587]: pam_unix(sshd:auth): authentication failure; logname= uid=0 euid=0 tty=ssh ruser= rhost=43.255.190.186  user=root
Apr 12 06:19:02 ovzhost sshd[1583]: Failed password for root from 43.255.190.168 port 41825 ssh2
Apr 12 06:19:02 ovzhost sshd[1584]: Failed password for root from 43.255.190.168 port 41832 ssh2
Apr 12 06:19:03 ovzhost sshd[1587]: Failed password for root from 43.255.190.186 port 50145 ssh2
Apr 12 06:19:06 ovzhost sshd[1583]: message repeated 2 times: [ Failed password for root from 43.255.190.168 port 41825 ssh2]
Apr 12 06:19:06 ovzhost sshd[1583]: Received disconnect from 43.255.190.168: 11:  [preauth]
Apr 12 06:19:06 ovzhost sshd[1584]: message repeated 2 times: [ Failed password for root from 43.255.190.168 port 41832 ssh2]
Apr 12 06:19:06 ovzhost sshd[1584]: Received disconnect from 43.255.190.168: 11:  [preauth]
Apr 12 06:19:06 ovzhost sshd[1584]: PAM 2 more authentication failures; logname= uid=0 euid=0 tty=ssh ruser= rhost=43.255.190.168  user=root
Apr 12 06:19:06 ovzhost sshd[1583]: PAM 2 more authentication failures; logname= uid=0 euid=0 tty=ssh ruser= rhost=43.255.190.168  user=root
Apr 12 06:19:06 ovzhost sshd[1587]: message repeated 2 times: [ Failed password for root from 43.255.190.186 port 50145 ssh2]
Apr 12 06:19:06 ovzhost sshd[1587]: Received disconnect from 43.255.190.186: 11:  [preauth]
Apr 12 06:19:06 ovzhost sshd[1587]: PAM 2 more authentication failures; logname= uid=0 euid=0 tty=ssh ruser= rhost=43.255.190.186  user=root
Apr 12 06:19:07 ovzhost sshd[1590]: pam_unix(sshd:auth): authentication failure; logname= uid=0 euid=0 tty=ssh ruser= rhost=43.255.190.168  user=root
Apr 12 06:19:07 ovzhost sshd[1589]: pam_unix(sshd:auth): authentication failure; logname= uid=0 euid=0 tty=ssh ruser= rhost=43.255.190.168  user=root
Apr 12 06:19:07 ovzhost sshd[1593]: pam_unix(sshd:auth): authentication failure; logname= uid=0 euid=0 tty=ssh ruser= rhost=43.255.190.186  user=root
Apr 12 06:19:09 ovzhost sshd[1590]: Failed password for root from 43.255.190.168 port 56638 ssh2
Apr 12 06:19:09 ovzhost sshd[1589]: Failed password for root from 43.255.190.168 port 56636 ssh2
Apr 12 06:19:10 ovzhost sshd[1593]: Failed password for root from 43.255.190.186 port 41187 ssh2
Apr 12 06:19:13 ovzhost sshd[1590]: message repeated 2 times: [ Failed password for root from 43.255.190.168 port 56638 ssh2]
Apr 12 06:19:13 ovzhost sshd[1590]: Received disconnect from 43.255.190.168: 11:  [preauth]
Apr 12 06:19:13 ovzhost sshd[1590]: PAM 2 more authentication failures; logname= uid=0 euid=0 tty=ssh ruser= rhost=43.255.190.168  user=root
Apr 12 06:19:13 ovzhost sshd[1589]: message repeated 2 times: [ Failed password for root from 43.255.190.168 port 56636 ssh2]
Apr 12 06:19:13 ovzhost sshd[1589]: Received disconnect from 43.255.190.168: 11:  [preauth]
Apr 12 06:19:13 ovzhost sshd[1589]: PAM 2 more authentication failures; logname= uid=0 euid=0 tty=ssh ruser= rhost=43.255.190.168  user=root
Apr 12 06:19:14 ovzhost sshd[1595]: pam_unix(sshd:auth): authentication failure; logname= uid=0 euid=0 tty=ssh ruser= rhost=43.255.190.168  user=root
Apr 12 06:19:14 ovzhost sshd[1597]: pam_unix(sshd:auth): authentication failure; logname= uid=0 euid=0 tty=ssh ruser= rhost=43.255.190.168  user=root
Apr 12 06:19:14 ovzhost sshd[1593]: message repeated 2 times: [ Failed password for root from 43.255.190.186 port 41187 ssh2]
Apr 12 06:19:14 ovzhost sshd[1593]: Received disconnect from 43.255.190.186: 11:  [preauth]
Apr 12 06:19:14 ovzhost sshd[1593]: PAM 2 more authentication failures; logname= uid=0 euid=0 tty=ssh ruser= rhost=43.255.190.186  user=root
Apr 12 06:19:15 ovzhost sshd[1599]: pam_unix(sshd:auth): authentication failure; logname= uid=0 euid=0 tty=ssh ruser= rhost=43.255.190.186  user=root
Apr 12 06:19:16 ovzhost sshd[1595]: Failed password for root from 43.255.190.168 port 43920 ssh2
Apr 12 06:19:16 ovzhost sshd[1597]: Failed password for root from 43.255.190.168 port 43933 ssh2
Apr 12 06:19:16 ovzhost sshd[1599]: Failed password for root from 43.255.190.186 port 34219 ssh2
Apr 12 06:19:20 ovzhost sshd[1595]: message repeated 2 times: [ Failed password for root from 43.255.190.168 port 43920 ssh2]
Apr 12 06:19:20 ovzhost sshd[1595]: Received disconnect from 43.255.190.168: 11:  [preauth]
Apr 12 06:19:20 ovzhost sshd[1595]: PAM 2 more authentication failures; logname= uid=0 euid=0 tty=ssh ruser= rhost=43.255.190.168  user=root
Apr 12 06:19:20 ovzhost sshd[1597]: message repeated 2 times: [ Failed password for root from 43.255.190.168 port 43933 ssh2]
Apr 12 06:19:20 ovzhost sshd[1597]: Received disconnect from 43.255.190.168: 11:  [preauth]
Apr 12 06:19:20 ovzhost sshd[1597]: PAM 2 more authentication failures; logname= uid=0 euid=0 tty=ssh ruser= rhost=43.255.190.168  user=root
Apr 12 06:19:21 ovzhost sshd[1599]: message repeated 2 times: [ Failed password for root from 43.255.190.186 port 34219 ssh2]
Apr 12 06:19:21 ovzhost sshd[1599]: Received disconnect from 43.255.190.186: 11:  [preauth]
Apr 12 06:19:21 ovzhost sshd[1599]: PAM 2 more authentication failures; logname= uid=0 euid=0 tty=ssh ruser= rhost=43.255.190.186  user=root
Apr 12 06:19:21 ovzhost sshd[1601]: pam_unix(sshd:auth): authentication failure; logname= uid=0 euid=0 tty=ssh ruser= rhost=43.255.190.168  user=root
Apr 12 06:19:21 ovzhost sshd[1602]: pam_unix(sshd:auth): authentication failure; logname= uid=0 euid=0 tty=ssh ruser= rhost=43.255.190.168  user=root
Apr 12 06:19:21 ovzhost sshd[1605]: pam_unix(sshd:auth): authentication failure; logname= uid=0 euid=0 tty=ssh ruser= rhost=43.255.190.186  user=root
Apr 12 06:19:23 ovzhost sshd[1601]: Failed password for root from 43.255.190.168 port 57502 ssh2
Apr 12 06:19:23 ovzhost sshd[1602]: Failed password for root from 43.255.190.168 port 57520 ssh2
Apr 12 06:19:23 ovzhost sshd[1605]: Failed password for root from 43.255.190.186 port 52269 ssh2
Apr 12 06:19:27 ovzhost sshd[1605]: message repeated 2 times: [ Failed password for root from 43.255.190.186 port 52269 ssh2]
Apr 12 06:19:27 ovzhost sshd[1605]: Received disconnect from 43.255.190.186: 11:  [preauth]
Apr 12 06:19:27 ovzhost sshd[1605]: PAM 2 more authentication failures; logname= uid=0 euid=0 tty=ssh ruser= rhost=43.255.190.186  user=root
Apr 12 06:19:27 ovzhost sshd[1601]: message repeated 2 times: [ Failed password for root from 43.255.190.168 port 57502 ssh2]
Apr 12 06:19:27 ovzhost sshd[1601]: Received disconnect from 43.255.190.168: 11:  [preauth]
Apr 12 06:19:27 ovzhost sshd[1601]: PAM 2 more authentication failures; logname= uid=0 euid=0 tty=ssh ruser= rhost=43.255.190.168  user=root
Apr 12 06:19:27 ovzhost sshd[1602]: message repeated 2 times: [ Failed password for root from 43.255.190.168 port 57520 ssh2]
Apr 12 06:19:27 ovzhost sshd[1602]: Received disconnect from 43.255.190.168: 11:  [preauth]
Apr 12 06:19:27 ovzhost sshd[1602]: PAM 2 more authentication failures; logname= uid=0 euid=0 tty=ssh ruser= rhost=43.255.190.168  user=root
Apr 12 06:19:28 ovzhost sshd[1608]: pam_unix(sshd:auth): authentication failure; logname= uid=0 euid=0 tty=ssh ruser= rhost=43.255.190.186  user=root
Apr 12 06:19:28 ovzhost sshd[1610]: pam_unix(sshd:auth): authentication failure; logname= uid=0 euid=0 tty=ssh ruser= rhost=43.255.190.168  user=root
Apr 12 06:19:28 ovzhost sshd[1612]: pam_unix(sshd:auth): authentication failure; logname= uid=0 euid=0 tty=ssh ruser= rhost=43.255.190.168  user=root
Apr 12 06:19:30 ovzhost sshd[1608]: Failed password for root from 43.255.190.186 port 40614 ssh2
Apr 12 06:19:30 ovzhost sshd[1610]: Failed password for root from 43.255.190.168 port 44627 ssh2
Apr 12 06:19:30 ovzhost sshd[1612]: Failed password for root from 43.255.190.168 port 44677 ssh2
Apr 12 06:19:34 ovzhost sshd[1608]: message repeated 2 times: [ Failed password for root from 43.255.190.186 port 40614 ssh2]
Apr 12 06:19:34 ovzhost sshd[1608]: Received disconnect from 43.255.190.186: 11:  [preauth]
Apr 12 06:19:34 ovzhost sshd[1608]: PAM 2 more authentication failures; logname= uid=0 euid=0 tty=ssh ruser= rhost=43.255.190.186  user=root
Apr 12 06:19:34 ovzhost sshd[1610]: message repeated 2 times: [ Failed password for root from 43.255.190.168 port 44627 ssh2]
Apr 12 06:19:34 ovzhost sshd[1610]: Received disconnect from 43.255.190.168: 11:  [preauth]
Apr 12 06:19:34 ovzhost sshd[1610]: PAM 2 more authentication failures; logname= uid=0 euid=0 tty=ssh ruser= rhost=43.255.190.168  user=root
Apr 12 06:19:34 ovzhost sshd[1612]: message repeated 2 times: [ Failed password for root from 43.255.190.168 port 44677 ssh2]
Apr 12 06:19:34 ovzhost sshd[1612]: Received disconnect from 43.255.190.168: 11:  [preauth]
Apr 12 06:19:34 ovzhost sshd[1612]: PAM 2 more authentication failures; logname= uid=0 euid=0 tty=ssh ruser= rhost=43.255.190.168  user=root
Apr 12 06:19:34 ovzhost sshd[1614]: pam_unix(sshd:auth): authentication failure; logname= uid=0 euid=0 tty=ssh ruser= rhost=43.255.190.186  user=root
Apr 12 06:19:35 ovzhost sshd[1616]: pam_unix(sshd:auth): authentication failure; logname= uid=0 euid=0 tty=ssh ruser= rhost=43.255.190.168  user=root
Apr 12 06:19:35 ovzhost sshd[1618]: pam_unix(sshd:auth): authentication failure; logname= uid=0 euid=0 tty=ssh ruser= rhost=43.255.190.168  user=root
Apr 12 06:19:36 ovzhost sshd[1614]: Failed password for root from 43.255.190.186 port 58867 ssh2
Apr 12 06:19:37 ovzhost sshd[1616]: Failed password for root from 43.255.190.168 port 58395 ssh2
Apr 12 06:19:37 ovzhost sshd[1618]: Failed password for root from 43.255.190.168 port 58433 ssh2
Apr 12 06:19:41 ovzhost sshd[1614]: message repeated 2 times: [ Failed password for root from 43.255.190.186 port 58867 ssh2]
Apr 12 06:19:41 ovzhost sshd[1614]: Received disconnect from 43.255.190.186: 11:  [preauth]
Apr 12 06:19:41 ovzhost sshd[1614]: PAM 2 more authentication failures; logname= uid=0 euid=0 tty=ssh ruser= rhost=43.255.190.186  user=root
Apr 12 06:19:41 ovzhost sshd[1616]: message repeated 2 times: [ Failed password for root from 43.255.190.168 port 58395 ssh2]
Apr 12 06:19:41 ovzhost sshd[1616]: Received disconnect from 43.255.190.168: 11:  [preauth]
Apr 12 06:19:41 ovzhost sshd[1616]: PAM 2 more authentication failures; logname= uid=0 euid=0 tty=ssh ruser= rhost=43.255.190.168  user=root
Apr 12 06:19:41 ovzhost sshd[1618]: message repeated 2 times: [ Failed password for root from 43.255.190.168 port 58433 ssh2]
Apr 12 06:19:41 ovzhost sshd[1618]: Received disconnect from 43.255.190.168: 11:  [preauth]
Apr 12 06:19:41 ovzhost sshd[1618]: PAM 2 more authentication failures; logname= uid=0 euid=0 tty=ssh ruser= rhost=43.255.190.168  user=root
Apr 12 06:19:41 ovzhost sshd[1620]: pam_unix(sshd:auth): authentication failure; logname= uid=0 euid=0 tty=ssh ruser= rhost=43.255.190.186  user=root
Apr 12 06:19:42 ovzhost sshd[1622]: pam_unix(sshd:auth): authentication failure; logname= uid=0 euid=0 tty=ssh ruser= rhost=43.255.190.168  user=root
Apr 12 06:19:42 ovzhost sshd[1624]: pam_unix(sshd:auth): authentication failure; logname= uid=0 euid=0 tty=ssh ruser= rhost=43.255.190.168  user=root
Apr 12 06:19:43 ovzhost sshd[1620]: Failed password for root from 43.255.190.186 port 48080 ssh2
Apr 12 06:19:44 ovzhost sshd[1622]: Failed password for root from 43.255.190.168 port 44872 ssh2
Apr 12 06:19:44 ovzhost sshd[1624]: Failed password for root from 43.255.190.168 port 44929 ssh2
Apr 12 06:19:48 ovzhost sshd[1620]: message repeated 2 times: [ Failed password for root from 43.255.190.186 port 48080 ssh2]
Apr 12 06:19:48 ovzhost sshd[1620]: Received disconnect from 43.255.190.186: 11:  [preauth]
Apr 12 06:19:48 ovzhost sshd[1620]: PAM 2 more authentication failures; logname= uid=0 euid=0 tty=ssh ruser= rhost=43.255.190.186  user=root
Apr 12 06:19:48 ovzhost sshd[1622]: message repeated 2 times: [ Failed password for root from 43.255.190.168 port 44872 ssh2]
Apr 12 06:19:48 ovzhost sshd[1622]: Received disconnect from 43.255.190.168: 11:  [preauth]
Apr 12 06:19:48 ovzhost sshd[1622]: PAM 2 more authentication failures; logname= uid=0 euid=0 tty=ssh ruser= rhost=43.255.190.168  user=root
Apr 12 06:19:48 ovzhost sshd[1624]: message repeated 2 times: [ Failed password for root from 43.255.190.168 port 44929 ssh2]
Apr 12 06:19:48 ovzhost sshd[1624]: Received disconnect from 43.255.190.168: 11:  [preauth]
Apr 12 06:19:48 ovzhost sshd[1624]: PAM 2 more authentication failures; logname= uid=0 euid=0 tty=ssh ruser= rhost=43.255.190.168  user=root
Apr 12 06:19:48 ovzhost sshd[1626]: pam_unix(sshd:auth): authentication failure; logname= uid=0 euid=0 tty=ssh ruser= rhost=43.255.190.186  user=root
Apr 12 06:19:49 ovzhost sshd[1628]: pam_unix(sshd:auth): authentication failure; logname= uid=0 euid=0 tty=ssh ruser= rhost=43.255.190.168  user=root
Apr 12 06:19:49 ovzhost sshd[1630]: pam_unix(sshd:auth): authentication failure; logname= uid=0 euid=0 tty=ssh ruser= rhost=43.255.190.168  user=root
Apr 12 06:19:51 ovzhost sshd[1626]: Failed password for root from 43.255.190.186 port 37789 ssh2
Apr 12 06:19:51 ovzhost sshd[1628]: Failed password for root from 43.255.190.168 port 58935 ssh2
Apr 12 06:19:51 ovzhost sshd[1630]: Failed password for root from 43.255.190.168 port 58998 ssh2
Apr 12 06:19:54 ovzhost sshd[1632]: Invalid user Fake from 91.194.84.124
Apr 12 06:19:54 ovzhost sshd[1632]: input_userauth_request: invalid user Fake [preauth]
Apr 12 06:19:54 ovzhost sshd[1632]: pam_unix(sshd:auth): check pass; user unknown
Apr 12 06:19:54 ovzhost sshd[1632]: pam_unix(sshd:auth): authentication failure; logname= uid=0 euid=0 tty=ssh ruser= rhost=f499.fuchsia.fastwebserver.de 
Apr 12 06:19:55 ovzhost sshd[1626]: message repeated 2 times: [ Failed password for root from 43.255.190.186 port 37789 ssh2]
Apr 12 06:19:55 ovzhost sshd[1626]: Received disconnect from 43.255.190.186: 11:  [preauth]
Apr 12 06:19:55 ovzhost sshd[1626]: PAM 2 more authentication failures; logname= uid=0 euid=0 tty=ssh ruser= rhost=43.255.190.186  user=root
Apr 12 06:19:55 ovzhost sshd[1628]: message repeated 2 times: [ Failed password for root from 43.255.190.168 port 58935 ssh2]
Apr 12 06:19:55 ovzhost sshd[1628]: Received disconnect from 43.255.190.168: 11:  [preauth]
Apr 12 06:19:55 ovzhost sshd[1628]: PAM 2 more authentication failures; logname= uid=0 euid=0 tty=ssh ruser= rhost=43.255.190.168  user=root
Apr 12 06:19:55 ovzhost sshd[1630]: message repeated 2 times: [ Failed password for root from 43.255.190.168 port 58998 ssh2]
Apr 12 06:19:55 ovzhost sshd[1630]: Received disconnect from 43.255.190.168: 11:  [preauth]
Apr 12 06:19:55 ovzhost sshd[1630]: PAM 2 more authentication failures; logname= uid=0 euid=0 tty=ssh ruser= rhost=43.255.190.168  user=root
Apr 12 06:19:55 ovzhost sshd[1635]: pam_unix(sshd:auth): authentication failure; logname= uid=0 euid=0 tty=ssh ruser= rhost=43.255.190.186  user=root
Apr 12 06:19:56 ovzhost sshd[1637]: pam_unix(sshd:auth): authentication failure; logname= uid=0 euid=0 tty=ssh ruser= rhost=43.255.190.168  user=root
Apr 12 06:19:56 ovzhost sshd[1639]: pam_unix(sshd:auth): authentication failure; logname= uid=0 euid=0 tty=ssh ruser= rhost=43.255.190.168  user=root
Apr 12 06:19:56 ovzhost sshd[1632]: Failed password for invalid user Fake from 91.194.84.124 port 39246 ssh2
Apr 12 06:19:56 ovzhost sshd[1632]: Received disconnect from 91.194.84.124: 11: Bye Bye [preauth]
Apr 12 06:19:57 ovzhost sshd[1641]: Invalid user somesecguy from 91.194.84.124
Apr 12 06:19:57 ovzhost sshd[1641]: input_userauth_request: invalid user somesecguy [preauth]
Apr 12 06:19:57 ovzhost sshd[1641]: pam_unix(sshd:auth): check pass; user unknown
Apr 12 06:19:57 ovzhost sshd[1641]: pam_unix(sshd:auth): authentication failure; logname= uid=0 euid=0 tty=ssh ruser= rhost=f499.fuchsia.fastwebserver.de 
Apr 12 06:19:57 ovzhost sshd[1637]: Failed password for root from 43.255.190.168 port 44926 ssh2
Apr 12 06:19:57 ovzhost sshd[1639]: Failed password for root from 43.255.190.168 port 44955 ssh2
Apr 12 06:19:58 ovzhost sshd[1635]: Failed password for root from 43.255.190.186 port 54801 ssh2
Apr 12 06:19:59 ovzhost sshd[1641]: Failed password for invalid user somesecguy from 91.194.84.124 port 50806 ssh2
Apr 12 06:19:59 ovzhost sshd[1641]: Received disconnect from 91.194.84.124: 11: Bye Bye [preauth]
Apr 12 06:20:00 ovzhost sshd[1643]: pam_unix(sshd:auth): authentication failure; logname= uid=0 euid=0 tty=ssh ruser= rhost=f499.fuchsia.fastwebserver.de  user=root
Apr 12 06:20:01 ovzhost CRON[1645]: pam_env(cron:session): Unable to open env file: /etc/default/locale: No such file or directory
Apr 12 06:20:01 ovzhost CRON[1645]: pam_unix(cron:session): session opened for user smmsp by (uid=0)
Apr 12 06:20:01 ovzhost CRON[1645]: pam_unix(cron:session): session closed for user smmsp
Apr 12 06:20:02 ovzhost sshd[1643]: Failed password for root from 91.194.84.124 port 59530 ssh2
Apr 12 06:20:02 ovzhost sshd[1637]: message repeated 2 times: [ Failed password for root from 43.255.190.168 port 44926 ssh2]
Apr 12 06:20:02 ovzhost sshd[1637]: Received disconnect from 43.255.190.168: 11:  [preauth]
Apr 12 06:20:02 ovzhost sshd[1637]: PAM 2 more authentication failures; logname= uid=0 euid=0 tty=ssh ruser= rhost=43.255.190.168  user=root
Apr 12 06:20:02 ovzhost sshd[1639]: message repeated 2 times: [ Failed password for root from 43.255.190.168 port 44955 ssh2]
Apr 12 06:20:02 ovzhost sshd[1639]: Received disconnect from 43.255.190.168: 11:  [preauth]
Apr 12 06:20:02 ovzhost sshd[1639]: PAM 2 more authentication failures; logname= uid=0 euid=0 tty=ssh ruser= rhost=43.255.190.168  user=root
Apr 12 06:20:02 ovzhost sshd[1643]: Received disconnect from 91.194.84.124: 11: Bye Bye [preauth]
Apr 12 06:20:02 ovzhost sshd[1671]: pam_unix(sshd:auth): authentication failure; logname= uid=0 euid=0 tty=ssh ruser= rhost=43.255.190.168  user=root
Apr 12 06:20:02 ovzhost sshd[1670]: pam_unix(sshd:auth): authentication failure; logname= uid=0 euid=0 tty=ssh ruser= rhost=43.255.190.168  user=root
Apr 12 06:20:02 ovzhost sshd[1635]: message repeated 2 times: [ Failed password for root from 43.255.190.186 port 54801 ssh2]
Apr 12 06:20:02 ovzhost sshd[1635]: Received disconnect from 43.255.190.186: 11:  [preauth]
Apr 12 06:20:02 ovzhost sshd[1635]: PAM 2 more authentication failures; logname= uid=0 euid=0 tty=ssh ruser= rhost=43.255.190.186  user=root
Apr 12 06:20:03 ovzhost sshd[1674]: pam_unix(sshd:auth): authentication failure; logname= uid=0 euid=0 tty=ssh ruser= rhost=f499.fuchsia.fastwebserver.de  user=root
Apr 12 06:20:03 ovzhost sshd[1676]: pam_unix(sshd:auth): authentication failure; logname= uid=0 euid=0 tty=ssh ruser= rhost=43.255.190.186  user=root
Apr 12 06:20:05 ovzhost sshd[1671]: Failed password for root from 43.255.190.168 port 58397 ssh2
Apr 12 06:20:05 ovzhost sshd[1670]: Failed password for root from 43.255.190.168 port 58391 ssh2
Apr 12 06:20:05 ovzhost sshd[1674]: Failed password for root from 91.194.84.124 port 41414 ssh2
Apr 12 06:20:05 ovzhost sshd[1674]: Received disconnect from 91.194.84.124: 11: Bye Bye [preauth]
Apr 12 06:20:05 ovzhost sshd[1676]: Failed password for root from 43.255.190.186 port 45294 ssh2
Apr 12 06:20:06 ovzhost sshd[1678]: pam_unix(sshd:auth): authentication failure; logname= uid=0 euid=0 tty=ssh ruser= rhost=f499.fuchsia.fastwebserver.de  user=root
Apr 12 06:20:08 ovzhost sshd[1678]: Failed password for root from 91.194.84.124 port 51819 ssh2
Apr 12 06:20:08 ovzhost sshd[1678]: Received disconnect from 91.194.84.124: 11: Bye Bye [preauth]
Apr 12 06:20:09 ovzhost sshd[1682]: pam_unix(sshd:auth): authentication failure; logname= uid=0 euid=0 tty=ssh ruser= rhost=f499.fuchsia.fastwebserver.de  user=root
Apr 12 06:20:09 ovzhost sshd[1671]: message repeated 2 times: [ Failed password for root from 43.255.190.168 port 58397 ssh2]
Apr 12 06:20:09 ovzhost sshd[1671]: Received disconnect from 43.255.190.168: 11:  [preauth]
Apr 12 06:20:09 ovzhost sshd[1671]: PAM 2 more authentication failures; logname= uid=0 euid=0 tty=ssh ruser= rhost=43.255.190.168  user=root
Apr 12 06:20:09 ovzhost sshd[1670]: message repeated 2 times: [ Failed password for root from 43.255.190.168 port 58391 ssh2]
Apr 12 06:20:09 ovzhost sshd[1670]: Received disconnect from 43.255.190.168: 11:  [preauth]
Apr 12 06:20:09 ovzhost sshd[1670]: PAM 2 more authentication failures; logname= uid=0 euid=0 tty=ssh ruser= rhost=43.255.190.168  user=root
Apr 12 06:20:09 ovzhost sshd[1676]: message repeated 2 times: [ Failed password for root from 43.255.190.186 port 45294 ssh2]
Apr 12 06:20:10 ovzhost sshd[1676]: Received disconnect from 43.255.190.186: 11:  [preauth]
Apr 12 06:20:10 ovzhost sshd[1676]: PAM 2 more authentication failures; logname= uid=0 euid=0 tty=ssh ruser= rhost=43.255.190.186  user=root
Apr 12 06:20:10 ovzhost sshd[1684]: pam_unix(sshd:auth): authentication failure; logname= uid=0 euid=0 tty=ssh ruser= rhost=43.255.190.168  user=root
Apr 12 06:20:10 ovzhost sshd[1685]: pam_unix(sshd:auth): authentication failure; logname= uid=0 euid=0 tty=ssh ruser= rhost=43.255.190.168  user=root
Apr 12 06:20:10 ovzhost sshd[1688]: pam_unix(sshd:auth): authentication failure; logname= uid=0 euid=0 tty=ssh ruser= rhost=43.255.190.186  user=root
Apr 12 06:20:11 ovzhost sshd[1682]: Failed password for root from 91.194.84.124 port 35748 ssh2
Apr 12 06:20:11 ovzhost sshd[1682]: Received disconnect from 91.194.84.124: 11: Bye Bye [preauth]
Apr 12 06:20:11 ovzhost sshd[1690]: pam_unix(sshd:auth): authentication failure; logname= uid=0 euid=0 tty=ssh ruser= rhost=f499.fuchsia.fastwebserver.de  user=root
Apr 12 06:20:12 ovzhost sshd[1684]: Failed password for root from 43.255.190.168 port 44773 ssh2
Apr 12 06:20:12 ovzhost sshd[1685]: Failed password for root from 43.255.190.168 port 44785 ssh2
Apr 12 06:20:12 ovzhost sshd[1688]: Failed password for root from 43.255.190.186 port 34105 ssh2
Apr 12 06:20:14 ovzhost sshd[1690]: Failed password for root from 91.194.84.124 port 44229 ssh2
Apr 12 06:20:14 ovzhost sshd[1690]: Received disconnect from 91.194.84.124: 11: Bye Bye [preauth]
Apr 12 06:20:14 ovzhost sshd[1692]: pam_unix(sshd:auth): authentication failure; logname= uid=0 euid=0 tty=ssh ruser= rhost=f499.fuchsia.fastwebserver.de  user=root
Apr 12 06:20:16 ovzhost sshd[1684]: message repeated 2 times: [ Failed password for root from 43.255.190.168 port 44773 ssh2]
Apr 12 06:20:16 ovzhost sshd[1684]: Received disconnect from 43.255.190.168: 11:  [preauth]
Apr 12 06:20:16 ovzhost sshd[1685]: message repeated 2 times: [ Failed password for root from 43.255.190.168 port 44785 ssh2]
Apr 12 06:20:16 ovzhost sshd[1685]: Received disconnect from 43.255.190.168: 11:  [preauth]
Apr 12 06:20:16 ovzhost sshd[1685]: PAM 2 more authentication failures; logname= uid=0 euid=0 tty=ssh ruser= rhost=43.255.190.168  user=root
Apr 12 06:20:16 ovzhost sshd[1684]: PAM 2 more authentication failures; logname= uid=0 euid=0 tty=ssh ruser= rhost=43.255.190.168  user=root
Apr 12 06:20:16 ovzhost sshd[1688]: message repeated 2 times: [ Failed password for root from 43.255.190.186 port 34105 ssh2]
Apr 12 06:20:16 ovzhost sshd[1688]: Received disconnect from 43.255.190.186: 11:  [preauth]
Apr 12 06:20:16 ovzhost sshd[1688]: PAM 2 more authentication failures; logname= uid=0 euid=0 tty=ssh ruser= rhost=43.255.190.186  user=root
Apr 12 06:20:16 ovzhost sshd[1692]: Failed password for root from 91.194.84.124 port 54874 ssh2
Apr 12 06:20:16 ovzhost sshd[1692]: Received disconnect from 91.194.84.124: 11: Bye Bye [preauth]
Apr 12 06:20:16 ovzhost sshd[1694]: pam_unix(sshd:auth): authentication failure; logname= uid=0 euid=0 tty=ssh ruser= rhost=43.255.190.168  user=root
Apr 12 06:20:16 ovzhost sshd[1695]: pam_unix(sshd:auth): authentication failure; logname= uid=0 euid=0 tty=ssh ruser= rhost=43.255.190.168  user=root
Apr 12 06:20:17 ovzhost sshd[1698]: pam_unix(sshd:auth): authentication failure; logname= uid=0 euid=0 tty=ssh ruser= rhost=43.255.190.186  user=root
Apr 12 06:20:17 ovzhost sshd[1700]: pam_unix(sshd:auth): authentication failure; logname= uid=0 euid=0 tty=ssh ruser= rhost=f499.fuchsia.fastwebserver.de  user=root
Apr 12 06:20:18 ovzhost sshd[1694]: Failed password for root from 43.255.190.168 port 58109 ssh2
Apr 12 06:20:18 ovzhost sshd[1695]: Failed password for root from 43.255.190.168 port 58111 ssh2
Apr 12 06:20:19 ovzhost sshd[1698]: Failed password for root from 43.255.190.186 port 50071 ssh2
Apr 12 06:20:20 ovzhost sshd[1700]: Failed password for root from 91.194.84.124 port 36441 ssh2
Apr 12 06:20:20 ovzhost sshd[1700]: Received disconnect from 91.194.84.124: 11: Bye Bye [preauth]
Apr 12 06:20:21 ovzhost sshd[1702]: pam_unix(sshd:auth): authentication failure; logname= uid=0 euid=0 tty=ssh ruser= rhost=f499.fuchsia.fastwebserver.de  user=root
Apr 12 06:20:22 ovzhost sshd[1702]: Failed password for root from 91.194.84.124 port 48047 ssh2
Apr 12 06:20:22 ovzhost sshd[1702]: Received disconnect from 91.194.84.124: 11: Bye Bye [preauth]
Apr 12 06:20:23 ovzhost sshd[1695]: message repeated 2 times: [ Failed password for root from 43.255.190.168 port 58111 ssh2]
Apr 12 06:20:23 ovzhost sshd[1695]: Received disconnect from 43.255.190.168: 11:  [preauth]
Apr 12 06:20:23 ovzhost sshd[1695]: PAM 2 more authentication failures; logname= uid=0 euid=0 tty=ssh ruser= rhost=43.255.190.168  user=root
Apr 12 06:20:23 ovzhost sshd[1694]: message repeated 2 times: [ Failed password for root from 43.255.190.168 port 58109 ssh2]
Apr 12 06:20:23 ovzhost sshd[1694]: Received disconnect from 43.255.190.168: 11:  [preauth]
Apr 12 06:20:23 ovzhost sshd[1694]: PAM 2 more authentication failures; logname= uid=0 euid=0 tty=ssh ruser= rhost=43.255.190.168  user=root
Apr 12 06:20:23 ovzhost sshd[1704]: pam_unix(sshd:auth): authentication failure; logname= uid=0 euid=0 tty=ssh ruser= rhost=f499.fuchsia.fastwebserver.de  user=root
Apr 12 06:20:23 ovzhost sshd[1706]: pam_unix(sshd:auth): authentication failure; logname= uid=0 euid=0 tty=ssh ruser= rhost=43.255.190.168  user=root
Apr 12 06:20:23 ovzhost sshd[1707]: pam_unix(sshd:auth): authentication failure; logname= uid=0 euid=0 tty=ssh ruser= rhost=43.255.190.168  user=root
Apr 12 06:20:24 ovzhost sshd[1698]: message repeated 2 times: [ Failed password for root from 43.255.190.186 port 50071 ssh2]
Apr 12 06:20:24 ovzhost sshd[1698]: Received disconnect from 43.255.190.186: 11:  [preauth]
Apr 12 06:20:24 ovzhost sshd[1698]: PAM 2 more authentication failures; logname= uid=0 euid=0 tty=ssh ruser= rhost=43.255.190.186  user=root
Apr 12 06:20:24 ovzhost sshd[1710]: pam_unix(sshd:auth): authentication failure; logname= uid=0 euid=0 tty=ssh ruser= rhost=43.255.190.186  user=root
Apr 12 06:20:25 ovzhost sshd[1704]: Failed password for root from 91.194.84.124 port 56507 ssh2
Apr 12 06:20:25 ovzhost sshd[1704]: Received disconnect from 91.194.84.124: 11: Bye Bye [preauth]
Apr 12 06:20:25 ovzhost sshd[1706]: Failed password for root from 43.255.190.168 port 43191 ssh2
Apr 12 06:20:25 ovzhost sshd[1707]: Failed password for root from 43.255.190.168 port 43195 ssh2
Apr 12 06:20:26 ovzhost sshd[1712]: pam_unix(sshd:auth): authentication failure; logname= uid=0 euid=0 tty=ssh ruser= rhost=f499.fuchsia.fastwebserver.de  user=root
Apr 12 06:20:26 ovzhost sshd[1715]: Connection closed by 128.8.37.104 [preauth]
Apr 12 06:20:27 ovzhost sshd[1710]: Failed password for root from 43.255.190.186 port 38729 ssh2
Apr 12 06:20:28 ovzhost sshd[1712]: Failed password for root from 91.194.84.124 port 37532 ssh2
Apr 12 06:20:28 ovzhost sshd[1712]: Received disconnect from 91.194.84.124: 11: Bye Bye [preauth]
Apr 12 06:20:29 ovzhost sshd[1717]: pam_unix(sshd:auth): authentication failure; logname= uid=0 euid=0 tty=ssh ruser= rhost=f499.fuchsia.fastwebserver.de  user=root
Apr 12 06:20:30 ovzhost sshd[1707]: message repeated 2 times: [ Failed password for root from 43.255.190.168 port 43195 ssh2]
Apr 12 06:20:30 ovzhost sshd[1707]: Received disconnect from 43.255.190.168: 11:  [preauth]
Apr 12 06:20:30 ovzhost sshd[1707]: PAM 2 more authentication failures; logname= uid=0 euid=0 tty=ssh ruser= rhost=43.255.190.168  user=root
Apr 12 06:20:30 ovzhost sshd[1706]: message repeated 2 times: [ Failed password for root from 43.255.190.168 port 43191 ssh2]
Apr 12 06:20:30 ovzhost sshd[1706]: Received disconnect from 43.255.190.168: 11:  [preauth]
Apr 12 06:20:30 ovzhost sshd[1706]: PAM 2 more authentication failures; logname= uid=0 euid=0 tty=ssh ruser= rhost=43.255.190.168  user=root
Apr 12 06:20:30 ovzhost sshd[1717]: Failed password for root from 91.194.84.124 port 47074 ssh2
Apr 12 06:20:30 ovzhost sshd[1719]: pam_unix(sshd:auth): authentication failure; logname= uid=0 euid=0 tty=ssh ruser= rhost=43.255.190.168  user=root
Apr 12 06:20:30 ovzhost sshd[1720]: pam_unix(sshd:auth): authentication failure; logname= uid=0 euid=0 tty=ssh ruser= rhost=43.255.190.168  user=root
Apr 12 06:20:30 ovzhost sshd[1717]: Received disconnect from 91.194.84.124: 11: Bye Bye [preauth]
Apr 12 06:20:31 ovzhost sshd[1710]: message repeated 2 times: [ Failed password for root from 43.255.190.186 port 38729 ssh2]
Apr 12 06:20:31 ovzhost sshd[1710]: Received disconnect from 43.255.190.186: 11:  [preauth]
Apr 12 06:20:31 ovzhost sshd[1710]: PAM 2 more authentication failures; logname= uid=0 euid=0 tty=ssh ruser= rhost=43.255.190.186  user=root
Apr 12 06:20:31 ovzhost sshd[1723]: pam_unix(sshd:auth): authentication failure; logname= uid=0 euid=0 tty=ssh ruser= rhost=f499.fuchsia.fastwebserver.de  user=root
Apr 12 06:20:32 ovzhost sshd[1725]: pam_unix(sshd:auth): authentication failure; logname= uid=0 euid=0 tty=ssh ruser= rhost=43.255.190.186  user=root
Apr 12 06:20:33 ovzhost sshd[1719]: Failed password for root from 43.255.190.168 port 57132 ssh2
Apr 12 06:20:33 ovzhost sshd[1720]: Failed password for root from 43.255.190.168 port 57135 ssh2
Apr 12 06:20:34 ovzhost sshd[1723]: Failed password for root from 91.194.84.124 port 56432 ssh2
Apr 12 06:20:34 ovzhost sshd[1723]: Received disconnect from 91.194.84.124: 11: Bye Bye [preauth]
Apr 12 06:20:34 ovzhost sshd[1725]: Failed password for root from 43.255.190.186 port 55754 ssh2
Apr 12 06:20:35 ovzhost sshd[1727]: Accepted password for root from 91.194.84.124 port 39689 ssh2
Apr 12 06:20:35 ovzhost sshd[1727]: pam_unix(sshd:session): session opened for user root by (uid=0)
Apr 12 06:20:35 ovzhost sshd[1727]: pam_env(sshd:session): Unable to open env file: /etc/default/locale: No such file or directory
Apr 12 06:20:37 ovzhost sshd[1720]: message repeated 2 times: [ Failed password for root from 43.255.190.168 port 57135 ssh2]
Apr 12 06:20:37 ovzhost sshd[1720]: Received disconnect from 43.255.190.168: 11:  [preauth]
Apr 12 06:20:37 ovzhost sshd[1720]: PAM 2 more authentication failures; logname= uid=0 euid=0 tty=ssh ruser= rhost=43.255.190.168  user=root
Apr 12 06:20:37 ovzhost sshd[1719]: message repeated 2 times: [ Failed password for root from 43.255.190.168 port 57132 ssh2]
Apr 12 06:20:37 ovzhost sshd[1719]: Received disconnect from 43.255.190.168: 11:  [preauth]
Apr 12 06:20:37 ovzhost sshd[1719]: PAM 2 more authentication failures; logname= uid=0 euid=0 tty=ssh ruser= rhost=43.255.190.168  user=root
Apr 12 06:20:38 ovzhost sshd[1747]: pam_unix(sshd:auth): authentication failure; logname= uid=0 euid=0 tty=ssh ruser= rhost=43.255.190.168  user=root
Apr 12 06:20:38 ovzhost sshd[1748]: pam_unix(sshd:auth): authentication failure; logname= uid=0 euid=0 tty=ssh ruser= rhost=43.255.190.168  user=root
Apr 12 06:20:39 ovzhost sshd[1725]: message repeated 2 times: [ Failed password for root from 43.255.190.186 port 55754 ssh2]
Apr 12 06:20:39 ovzhost sshd[1725]: Received disconnect from 43.255.190.186: 11:  [preauth]
Apr 12 06:20:39 ovzhost sshd[1725]: PAM 2 more authentication failures; logname= uid=0 euid=0 tty=ssh ruser= rhost=43.255.190.186  user=root
Apr 12 06:20:39 ovzhost sshd[1751]: pam_unix(sshd:auth): authentication failure; logname= uid=0 euid=0 tty=ssh ruser= rhost=43.255.190.186  user=root
Apr 12 06:20:40 ovzhost sshd[1747]: Failed password for root from 43.255.190.168 port 43084 ssh2
Apr 12 06:20:40 ovzhost sshd[1748]: Failed password for root from 43.255.190.168 port 43116 ssh2
Apr 12 06:20:41 ovzhost sshd[1751]: Failed password for root from 43.255.190.186 port 44328 ssh2
Apr 12 06:20:42 ovzhost sshd[1753]: pam_unix(sshd:auth): authentication failure; logname= uid=0 euid=0 tty=ssh ruser= rhost=f499.fuchsia.fastwebserver.de  user=root
Apr 12 06:20:44 ovzhost sshd[1753]: Failed password for root from 91.194.84.124 port 35965 ssh2
Apr 12 06:20:44 ovzhost sshd[1753]: Received disconnect from 91.194.84.124: 11: Bye Bye [preauth]
Apr 12 06:20:44 ovzhost sshd[1747]: message repeated 2 times: [ Failed password for root from 43.255.190.168 port 43084 ssh2]
Apr 12 06:20:44 ovzhost sshd[1747]: Received disconnect from 43.255.190.168: 11:  [preauth]
Apr 12 06:20:44 ovzhost sshd[1747]: PAM 2 more authentication failures; logname= uid=0 euid=0 tty=ssh ruser= rhost=43.255.190.168  user=root
Apr 12 06:20:44 ovzhost sshd[1748]: message repeated 2 times: [ Failed password for root from 43.255.190.168 port 43116 ssh2]
Apr 12 06:20:44 ovzhost sshd[1748]: Received disconnect from 43.255.190.168: 11:  [preauth]
Apr 12 06:20:44 ovzhost sshd[1748]: PAM 2 more authentication failures; logname= uid=0 euid=0 tty=ssh ruser= rhost=43.255.190.168  user=root
Apr 12 06:20:44 ovzhost sshd[1756]: pam_unix(sshd:auth): authentication failure; logname= uid=0 euid=0 tty=ssh ruser= rhost=43.255.190.168  user=root
Apr 12 06:20:44 ovzhost sshd[1757]: pam_unix(sshd:auth): authentication failure; logname= uid=0 euid=0 tty=ssh ruser= rhost=43.255.190.168  user=root
Apr 12 06:20:45 ovzhost sshd[1755]: pam_unix(sshd:auth): authentication failure; logname= uid=0 euid=0 tty=ssh ruser= rhost=f499.fuchsia.fastwebserver.de  user=root
Apr 12 06:20:46 ovzhost sshd[1751]: message repeated 2 times: [ Failed password for root from 43.255.190.186 port 44328 ssh2]
Apr 12 06:20:46 ovzhost sshd[1751]: Received disconnect from 43.255.190.186: 11:  [preauth]
Apr 12 06:20:46 ovzhost sshd[1751]: PAM 2 more authentication failures; logname= uid=0 euid=0 tty=ssh ruser= rhost=43.255.190.186  user=root
Apr 12 06:20:46 ovzhost sshd[1761]: pam_unix(sshd:auth): authentication failure; logname= uid=0 euid=0 tty=ssh ruser= rhost=43.255.190.186  user=root
Apr 12 06:20:46 ovzhost sshd[1756]: Failed password for root from 43.255.190.168 port 56420 ssh2
Apr 12 06:20:46 ovzhost sshd[1757]: Failed password for root from 43.255.190.168 port 56435 ssh2
Apr 12 06:20:46 ovzhost sshd[1755]: Failed password for root from 91.194.84.124 port 46480 ssh2
Apr 12 06:20:47 ovzhost sshd[1755]: Received disconnect from 91.194.84.124: 11: Bye Bye [preauth]
Apr 12 06:20:47 ovzhost sshd[1763]: Invalid user admin from 91.194.84.124
Apr 12 06:20:47 ovzhost sshd[1763]: input_userauth_request: invalid user admin [preauth]
Apr 12 06:20:47 ovzhost sshd[1763]: pam_unix(sshd:auth): check pass; user unknown
Apr 12 06:20:47 ovzhost sshd[1763]: pam_unix(sshd:auth): authentication failure; logname= uid=0 euid=0 tty=ssh ruser= rhost=f499.fuchsia.fastwebserver.de 
Apr 12 06:20:49 ovzhost sshd[1761]: Failed password for root from 43.255.190.186 port 60730 ssh2
Apr 12 06:20:49 ovzhost sshd[1763]: Failed password for invalid user admin from 91.194.84.124 port 56079 ssh2
Apr 12 06:20:50 ovzhost sshd[1763]: Received disconnect from 91.194.84.124: 11: Bye Bye [preauth]
Apr 12 06:20:50 ovzhost sshd[1765]: Invalid user admin from 91.194.84.124
Apr 12 06:20:50 ovzhost sshd[1765]: input_userauth_request: invalid user admin [preauth]
Apr 12 06:20:50 ovzhost sshd[1765]: pam_unix(sshd:auth): check pass; user unknown
Apr 12 06:20:50 ovzhost sshd[1765]: pam_unix(sshd:auth): authentication failure; logname= uid=0 euid=0 tty=ssh ruser= rhost=f499.fuchsia.fastwebserver.de 
Apr 12 06:20:51 ovzhost sshd[1757]: message repeated 2 times: [ Failed password for root from 43.255.190.168 port 56435 ssh2]
Apr 12 06:20:52 ovzhost sshd[1757]: Received disconnect from 43.255.190.168: 11:  [preauth]
Apr 12 06:20:51 ovzhost sshd[1756]: message repeated 2 times: [ Failed password for root from 43.255.190.168 port 56420 ssh2]
Apr 12 06:20:52 ovzhost sshd[1756]: Received disconnect from 43.255.190.168: 11:  [preauth]
Apr 12 06:20:52 ovzhost sshd[1756]: PAM 2 more authentication failures; logname= uid=0 euid=0 tty=ssh ruser= rhost=43.255.190.168  user=root
Apr 12 06:20:52 ovzhost sshd[1757]: PAM 2 more authentication failures; logname= uid=0 euid=0 tty=ssh ruser= rhost=43.255.190.168  user=root
Apr 12 06:20:52 ovzhost sshd[1767]: pam_unix(sshd:auth): authentication failure; logname= uid=0 euid=0 tty=ssh ruser= rhost=43.255.190.168  user=root
Apr 12 06:20:52 ovzhost sshd[1768]: pam_unix(sshd:auth): authentication failure; logname= uid=0 euid=0 tty=ssh ruser= rhost=43.255.190.168  user=root
Apr 12 06:20:52 ovzhost sshd[1765]: Failed password for invalid user admin from 91.194.84.124 port 38180 ssh2
Apr 12 06:20:52 ovzhost sshd[1765]: Received disconnect from 91.194.84.124: 11: Bye Bye [preauth]
Apr 12 06:20:53 ovzhost sshd[1771]: Invalid user guest from 91.194.84.124
Apr 12 06:20:53 ovzhost sshd[1771]: input_userauth_request: invalid user guest [preauth]
Apr 12 06:20:53 ovzhost sshd[1771]: pam_unix(sshd:auth): check pass; user unknown
Apr 12 06:20:53 ovzhost sshd[1771]: pam_unix(sshd:auth): authentication failure; logname= uid=0 euid=0 tty=ssh ruser= rhost=f499.fuchsia.fastwebserver.de 
Apr 12 06:20:53 ovzhost sshd[1761]: message repeated 2 times: [ Failed password for root from 43.255.190.186 port 60730 ssh2]
Apr 12 06:20:53 ovzhost sshd[1761]: Received disconnect from 43.255.190.186: 11:  [preauth]
Apr 12 06:20:53 ovzhost sshd[1761]: PAM 2 more authentication failures; logname= uid=0 euid=0 tty=ssh ruser= rhost=43.255.190.186  user=root
Apr 12 06:20:54 ovzhost sshd[1773]: pam_unix(sshd:auth): authentication failure; logname= uid=0 euid=0 tty=ssh ruser= rhost=43.255.190.186  user=root
Apr 12 06:20:54 ovzhost sshd[1767]: Failed password for root from 43.255.190.168 port 42605 ssh2
Apr 12 06:20:54 ovzhost sshd[1768]: Failed password for root from 43.255.190.168 port 42606 ssh2
