Apr 13 16:13:32 ovzhost sshd[1337]: Received disconnect from 61.147.107.109: 11: Normal Shutdown, Thank you for playing [preauth]
Apr 13 16:13:35 ovzhost sshd[1339]: Invalid user art from 61.147.107.109
Apr 13 16:13:35 ovzhost sshd[1339]: input_userauth_request: invalid user art [preauth]
Apr 13 16:13:35 ovzhost sshd[1339]: pam_unix(sshd:auth): check pass; user unknown
Apr 13 16:13:35 ovzhost sshd[1339]: pam_unix(sshd:auth): authentication failure; logname= uid=0 euid=0 tty=ssh ruser= rhost=61.147.107.109 
Apr 13 16:13:35 ovzhost sshd[1335]: message repeated 2 times: [ Failed password for root from 43.255.190.188 port 33697 ssh2]
Apr 13 16:13:35 ovzhost sshd[1335]: Received disconnect from 43.255.190.188: 11:  [preauth]
Apr 13 16:13:35 ovzhost sshd[1335]: PAM 2 more authentication failures; logname= uid=0 euid=0 tty=ssh ruser= rhost=43.255.190.188  user=root
Apr 13 16:13:36 ovzhost sshd[1341]: pam_unix(sshd:auth): authentication failure; logname= uid=0 euid=0 tty=ssh ruser= rhost=43.255.190.188  user=root
Apr 13 16:13:36 ovzhost sshd[1339]: Failed password for invalid user art from 61.147.107.109 port 10167 ssh2
Apr 13 16:13:37 ovzhost sshd[1339]: Received disconnect from 61.147.107.109: 11: Normal Shutdown, Thank you for playing [preauth]
Apr 13 16:13:38 ovzhost sshd[1341]: Failed password for root from 43.255.190.188 port 53093 ssh2
Apr 13 16:13:39 ovzhost sshd[1343]: Invalid user aru from 61.147.107.109
Apr 13 16:13:39 ovzhost sshd[1343]: input_userauth_request: invalid user aru [preauth]
Apr 13 16:13:39 ovzhost sshd[1343]: pam_unix(sshd:auth): check pass; user unknown
Apr 13 16:13:39 ovzhost sshd[1343]: pam_unix(sshd:auth): authentication failure; logname= uid=0 euid=0 tty=ssh ruser= rhost=61.147.107.109 
Apr 13 16:13:41 ovzhost sshd[1343]: Failed password for invalid user aru from 61.147.107.109 port 11206 ssh2
Apr 13 16:13:41 ovzhost sshd[1343]: Received disconnect from 61.147.107.109: 11: Normal Shutdown, Thank you for playing [preauth]
Apr 13 16:13:42 ovzhost sshd[1341]: message repeated 2 times: [ Failed password for root from 43.255.190.188 port 53093 ssh2]
Apr 13 16:13:42 ovzhost sshd[1341]: Received disconnect from 43.255.190.188: 11:  [preauth]
Apr 13 16:13:42 ovzhost sshd[1341]: PAM 2 more authentication failures; logname= uid=0 euid=0 tty=ssh ruser= rhost=43.255.190.188  user=root
Apr 13 16:13:43 ovzhost sshd[1347]: pam_unix(sshd:auth): authentication failure; logname= uid=0 euid=0 tty=ssh ruser= rhost=43.255.190.188  user=root
Apr 13 16:13:44 ovzhost sshd[1345]: Invalid user arvind from 61.147.107.109
Apr 13 16:13:44 ovzhost sshd[1345]: input_userauth_request: invalid user arvind [preauth]
Apr 13 16:13:44 ovzhost sshd[1345]: pam_unix(sshd:auth): check pass; user unknown
Apr 13 16:13:44 ovzhost sshd[1345]: pam_unix(sshd:auth): authentication failure; logname= uid=0 euid=0 tty=ssh ruser= rhost=61.147.107.109 
Apr 13 16:13:45 ovzhost sshd[1347]: Failed password for root from 43.255.190.188 port 42294 ssh2
Apr 13 16:13:46 ovzhost sshd[1345]: Failed password for invalid user arvind from 61.147.107.109 port 12060 ssh2
Apr 13 16:13:46 ovzhost sshd[1345]: Received disconnect from 61.147.107.109: 11: Normal Shutdown, Thank you for playing [preauth]
Apr 13 16:13:49 ovzhost sshd[1351]: Invalid user ashutosh from 61.147.107.109
Apr 13 16:13:49 ovzhost sshd[1351]: input_userauth_request: invalid user ashutosh [preauth]
Apr 13 16:13:49 ovzhost sshd[1351]: pam_unix(sshd:auth): check pass; user unknown
Apr 13 16:13:49 ovzhost sshd[1351]: pam_unix(sshd:auth): authentication failure; logname= uid=0 euid=0 tty=ssh ruser= rhost=61.147.107.109 
Apr 13 16:13:49 ovzhost sshd[1347]: message repeated 2 times: [ Failed password for root from 43.255.190.188 port 42294 ssh2]
Apr 13 16:13:49 ovzhost sshd[1347]: Received disconnect from 43.255.190.188: 11:  [preauth]
Apr 13 16:13:49 ovzhost sshd[1347]: PAM 2 more authentication failures; logname= uid=0 euid=0 tty=ssh ruser= rhost=43.255.190.188  user=root
Apr 13 16:13:50 ovzhost sshd[1353]: pam_unix(sshd:auth): authentication failure; logname= uid=0 euid=0 tty=ssh ruser= rhost=43.255.190.188  user=root
Apr 13 16:13:51 ovzhost sshd[1351]: Failed password for invalid user ashutosh from 61.147.107.109 port 13143 ssh2
Apr 13 16:13:51 ovzhost sshd[1351]: Received disconnect from 61.147.107.109: 11: Normal Shutdown, Thank you for playing [preauth]
Apr 13 16:13:51 ovzhost sshd[1353]: Failed password for root from 43.255.190.188 port 60160 ssh2
Apr 13 16:13:53 ovzhost sshd[1355]: Invalid user b0 from 61.147.107.109
Apr 13 16:13:53 ovzhost sshd[1355]: input_userauth_request: invalid user b0 [preauth]
Apr 13 16:13:53 ovzhost sshd[1355]: pam_unix(sshd:auth): check pass; user unknown
Apr 13 16:13:53 ovzhost sshd[1355]: pam_unix(sshd:auth): authentication failure; logname= uid=0 euid=0 tty=ssh ruser= rhost=61.147.107.109 
Apr 13 16:13:55 ovzhost sshd[1355]: Failed password for invalid user b0 from 61.147.107.109 port 14160 ssh2
Apr 13 16:13:55 ovzhost sshd[1355]: Received disconnect from 61.147.107.109: 11: Normal Shutdown, Thank you for playing [preauth]
Apr 13 16:13:55 ovzhost sshd[1353]: message repeated 2 times: [ Failed password for root from 43.255.190.188 port 60160 ssh2]
Apr 13 16:13:56 ovzhost sshd[1353]: Received disconnect from 43.255.190.188: 11:  [preauth]
Apr 13 16:13:56 ovzhost sshd[1353]: PAM 2 more authentication failures; logname= uid=0 euid=0 tty=ssh ruser= rhost=43.255.190.188  user=root
Apr 13 16:13:56 ovzhost sshd[1359]: pam_unix(sshd:auth): authentication failure; logname= uid=0 euid=0 tty=ssh ruser= rhost=43.255.190.188  user=root
Apr 13 16:13:57 ovzhost sshd[1361]: pam_unix(sshd:auth): authentication failure; logname= uid=0 euid=0 tty=ssh ruser= rhost=61.147.107.109  user=backup
Apr 13 16:13:58 ovzhost sshd[1359]: Failed password for root from 43.255.190.188 port 47424 ssh2
Apr 13 16:13:59 ovzhost sshd[1361]: Failed password for backup from 61.147.107.109 port 15105 ssh2
Apr 13 16:13:59 ovzhost sshd[1361]: Received disconnect from 61.147.107.109: 11: Normal Shutdown, Thank you for playing [preauth]
Apr 13 16:14:02 ovzhost sshd[1363]: Invalid user barry from 61.147.107.109
Apr 13 16:14:02 ovzhost sshd[1363]: input_userauth_request: invalid user barry [preauth]
Apr 13 16:14:02 ovzhost sshd[1363]: pam_unix(sshd:auth): check pass; user unknown
Apr 13 16:14:02 ovzhost sshd[1363]: pam_unix(sshd:auth): authentication failure; logname= uid=0 euid=0 tty=ssh ruser= rhost=61.147.107.109 
Apr 13 16:14:02 ovzhost sshd[1359]: message repeated 2 times: [ Failed password for root from 43.255.190.188 port 47424 ssh2]
Apr 13 16:14:02 ovzhost sshd[1359]: Received disconnect from 43.255.190.188: 11:  [preauth]
Apr 13 16:14:02 ovzhost sshd[1359]: PAM 2 more authentication failures; logname= uid=0 euid=0 tty=ssh ruser= rhost=43.255.190.188  user=root
Apr 13 16:14:03 ovzhost sshd[1367]: pam_unix(sshd:auth): authentication failure; logname= uid=0 euid=0 tty=ssh ruser= rhost=43.255.190.188  user=root
Apr 13 16:14:03 ovzhost sshd[1363]: Failed password for invalid user barry from 61.147.107.109 port 16036 ssh2
Apr 13 16:14:04 ovzhost sshd[1363]: Received disconnect from 61.147.107.109: 11: Normal Shutdown, Thank you for playing [preauth]
Apr 13 16:14:05 ovzhost sshd[1367]: Failed password for root from 43.255.190.188 port 35948 ssh2
Apr 13 16:14:06 ovzhost sshd[1369]: Invalid user bash from 61.147.107.109
Apr 13 16:14:06 ovzhost sshd[1369]: input_userauth_request: invalid user bash [preauth]
Apr 13 16:14:06 ovzhost sshd[1369]: pam_unix(sshd:auth): check pass; user unknown
Apr 13 16:14:06 ovzhost sshd[1369]: pam_unix(sshd:auth): authentication failure; logname= uid=0 euid=0 tty=ssh ruser= rhost=61.147.107.109 
Apr 13 16:14:08 ovzhost sshd[1369]: Failed password for invalid user bash from 61.147.107.109 port 17028 ssh2
Apr 13 16:14:08 ovzhost sshd[1369]: Received disconnect from 61.147.107.109: 11: Normal Shutdown, Thank you for playing [preauth]
Apr 13 16:14:08 ovzhost sshd[1367]: message repeated 2 times: [ Failed password for root from 43.255.190.188 port 35948 ssh2]
Apr 13 16:14:08 ovzhost sshd[1367]: Received disconnect from 43.255.190.188: 11:  [preauth]
Apr 13 16:14:08 ovzhost sshd[1367]: PAM 2 more authentication failures; logname= uid=0 euid=0 tty=ssh ruser= rhost=43.255.190.188  user=root
Apr 13 16:14:09 ovzhost sshd[1371]: pam_unix(sshd:auth): authentication failure; logname= uid=0 euid=0 tty=ssh ruser= rhost=43.255.190.188  user=root
Apr 13 16:14:11 ovzhost sshd[1373]: Invalid user bash from 61.147.107.109
Apr 13 16:14:11 ovzhost sshd[1373]: input_userauth_request: invalid user bash [preauth]
Apr 13 16:14:11 ovzhost sshd[1373]: pam_unix(sshd:auth): check pass; user unknown
Apr 13 16:14:11 ovzhost sshd[1373]: pam_unix(sshd:auth): authentication failure; logname= uid=0 euid=0 tty=ssh ruser= rhost=61.147.107.109 
Apr 13 16:14:11 ovzhost sshd[1371]: Failed password for root from 43.255.190.188 port 51772 ssh2
Apr 13 16:14:12 ovzhost sshd[1373]: Failed password for invalid user bash from 61.147.107.109 port 17982 ssh2
Apr 13 16:14:13 ovzhost sshd[1373]: Received disconnect from 61.147.107.109: 11: Normal Shutdown, Thank you for playing [preauth]
Apr 13 16:14:15 ovzhost sshd[1371]: message repeated 2 times: [ Failed password for root from 43.255.190.188 port 51772 ssh2]
Apr 13 16:14:15 ovzhost sshd[1371]: Received disconnect from 43.255.190.188: 11:  [preauth]
Apr 13 16:14:15 ovzhost sshd[1371]: PAM 2 more authentication failures; logname= uid=0 euid=0 tty=ssh ruser= rhost=43.255.190.188  user=root
Apr 13 16:14:15 ovzhost sshd[1375]: Invalid user bass from 61.147.107.109
Apr 13 16:14:15 ovzhost sshd[1375]: input_userauth_request: invalid user bass [preauth]
Apr 13 16:14:15 ovzhost sshd[1375]: pam_unix(sshd:auth): check pass; user unknown
Apr 13 16:14:15 ovzhost sshd[1375]: pam_unix(sshd:auth): authentication failure; logname= uid=0 euid=0 tty=ssh ruser= rhost=61.147.107.109 
Apr 13 16:14:15 ovzhost sshd[1377]: pam_unix(sshd:auth): authentication failure; logname= uid=0 euid=0 tty=ssh ruser= rhost=43.255.190.188  user=root
Apr 13 16:14:17 ovzhost sshd[1375]: Failed password for invalid user bass from 61.147.107.109 port 18952 ssh2
Apr 13 16:14:17 ovzhost sshd[1377]: Failed password for root from 43.255.190.188 port 39278 ssh2
Apr 13 16:14:17 ovzhost sshd[1375]: Received disconnect from 61.147.107.109: 11: Normal Shutdown, Thank you for playing [preauth]
Apr 13 16:14:20 ovzhost sshd[1379]: Invalid user bass from 61.147.107.109
Apr 13 16:14:20 ovzhost sshd[1379]: input_userauth_request: invalid user bass [preauth]
Apr 13 16:14:20 ovzhost sshd[1379]: pam_unix(sshd:auth): check pass; user unknown
Apr 13 16:14:20 ovzhost sshd[1379]: pam_unix(sshd:auth): authentication failure; logname= uid=0 euid=0 tty=ssh ruser= rhost=61.147.107.109 
Apr 13 16:14:21 ovzhost sshd[1377]: message repeated 2 times: [ Failed password for root from 43.255.190.188 port 39278 ssh2]
Apr 13 16:14:21 ovzhost sshd[1377]: Received disconnect from 43.255.190.188: 11:  [preauth]
Apr 13 16:14:21 ovzhost sshd[1377]: PAM 2 more authentication failures; logname= uid=0 euid=0 tty=ssh ruser= rhost=43.255.190.188  user=root
Apr 13 16:14:21 ovzhost sshd[1381]: pam_unix(sshd:auth): authentication failure; logname= uid=0 euid=0 tty=ssh ruser= rhost=43.255.190.188  user=root
Apr 13 16:14:22 ovzhost sshd[1379]: Failed password for invalid user bass from 61.147.107.109 port 20018 ssh2
Apr 13 16:14:22 ovzhost sshd[1379]: Received disconnect from 61.147.107.109: 11: Normal Shutdown, Thank you for playing [preauth]
Apr 13 16:14:23 ovzhost sshd[1381]: Failed password for root from 43.255.190.188 port 55433 ssh2
Apr 13 16:14:24 ovzhost sshd[1383]: Invalid user bernhard from 61.147.107.109
Apr 13 16:14:24 ovzhost sshd[1383]: input_userauth_request: invalid user bernhard [preauth]
Apr 13 16:14:24 ovzhost sshd[1383]: pam_unix(sshd:auth): check pass; user unknown
Apr 13 16:14:24 ovzhost sshd[1383]: pam_unix(sshd:auth): authentication failure; logname= uid=0 euid=0 tty=ssh ruser= rhost=61.147.107.109 
Apr 13 16:14:26 ovzhost sshd[1383]: Failed password for invalid user bernhard from 61.147.107.109 port 20981 ssh2
Apr 13 16:14:26 ovzhost sshd[1383]: Received disconnect from 61.147.107.109: 11: Normal Shutdown, Thank you for playing [preauth]
Apr 13 16:14:27 ovzhost sshd[1381]: message repeated 2 times: [ Failed password for root from 43.255.190.188 port 55433 ssh2]
Apr 13 16:14:27 ovzhost sshd[1381]: Received disconnect from 43.255.190.188: 11:  [preauth]
Apr 13 16:14:27 ovzhost sshd[1381]: PAM 2 more authentication failures; logname= uid=0 euid=0 tty=ssh ruser= rhost=43.255.190.188  user=root
Apr 13 16:14:28 ovzhost sshd[1387]: pam_unix(sshd:auth): authentication failure; logname= uid=0 euid=0 tty=ssh ruser= rhost=43.255.190.188  user=root
Apr 13 16:14:28 ovzhost sshd[1385]: Invalid user bgxie from 61.147.107.109
Apr 13 16:14:28 ovzhost sshd[1385]: input_userauth_request: invalid user bgxie [preauth]
Apr 13 16:14:28 ovzhost sshd[1385]: pam_unix(sshd:auth): check pass; user unknown
Apr 13 16:14:28 ovzhost sshd[1385]: pam_unix(sshd:auth): authentication failure; logname= uid=0 euid=0 tty=ssh ruser= rhost=61.147.107.109 
Apr 13 16:14:30 ovzhost sshd[1387]: Failed password for root from 43.255.190.188 port 43913 ssh2
Apr 13 16:14:30 ovzhost sshd[1385]: Failed password for invalid user bgxie from 61.147.107.109 port 21911 ssh2
Apr 13 16:14:30 ovzhost sshd[1385]: Received disconnect from 61.147.107.109: 11: Normal Shutdown, Thank you for playing [preauth]
Apr 13 16:14:32 ovzhost sshd[1389]: Invalid user bhlee from 61.147.107.109
Apr 13 16:14:32 ovzhost sshd[1389]: input_userauth_request: invalid user bhlee [preauth]
Apr 13 16:14:32 ovzhost sshd[1389]: pam_unix(sshd:auth): check pass; user unknown
Apr 13 16:14:32 ovzhost sshd[1389]: pam_unix(sshd:auth): authentication failure; logname= uid=0 euid=0 tty=ssh ruser= rhost=61.147.107.109 
Apr 13 16:14:34 ovzhost sshd[1387]: message repeated 2 times: [ Failed password for root from 43.255.190.188 port 43913 ssh2]
Apr 13 16:14:34 ovzhost sshd[1387]: Received disconnect from 43.255.190.188: 11:  [preauth]
Apr 13 16:14:34 ovzhost sshd[1387]: PAM 2 more authentication failures; logname= uid=0 euid=0 tty=ssh ruser= rhost=43.255.190.188  user=root
Apr 13 16:14:34 ovzhost sshd[1389]: Failed password for invalid user bhlee from 61.147.107.109 port 22845 ssh2
Apr 13 16:14:34 ovzhost sshd[1391]: pam_unix(sshd:auth): authentication failure; logname= uid=0 euid=0 tty=ssh ruser= rhost=43.255.190.188  user=root
Apr 13 16:14:34 ovzhost sshd[1389]: Received disconnect from 61.147.107.109: 11: Normal Shutdown, Thank you for playing [preauth]
Apr 13 16:14:36 ovzhost sshd[1393]: Invalid user bi from 61.147.107.109
Apr 13 16:14:36 ovzhost sshd[1393]: input_userauth_request: invalid user bi [preauth]
Apr 13 16:14:36 ovzhost sshd[1393]: pam_unix(sshd:auth): check pass; user unknown
Apr 13 16:14:36 ovzhost sshd[1393]: pam_unix(sshd:auth): authentication failure; logname= uid=0 euid=0 tty=ssh ruser= rhost=61.147.107.109 
Apr 13 16:14:37 ovzhost sshd[1391]: Failed password for root from 43.255.190.188 port 60052 ssh2
Apr 13 16:14:38 ovzhost sshd[1393]: Failed password for invalid user bi from 61.147.107.109 port 23730 ssh2
Apr 13 16:14:38 ovzhost sshd[1393]: Received disconnect from 61.147.107.109: 11: Normal Shutdown, Thank you for playing [preauth]
Apr 13 16:14:40 ovzhost sshd[1395]: Invalid user bilindsay from 61.147.107.109
Apr 13 16:14:40 ovzhost sshd[1395]: input_userauth_request: invalid user bilindsay [preauth]
Apr 13 16:14:40 ovzhost sshd[1395]: pam_unix(sshd:auth): check pass; user unknown
Apr 13 16:14:40 ovzhost sshd[1395]: pam_unix(sshd:auth): authentication failure; logname= uid=0 euid=0 tty=ssh ruser= rhost=61.147.107.109 
Apr 13 16:14:41 ovzhost sshd[1391]: message repeated 2 times: [ Failed password for root from 43.255.190.188 port 60052 ssh2]
Apr 13 16:14:41 ovzhost sshd[1391]: Received disconnect from 43.255.190.188: 11:  [preauth]
Apr 13 16:14:41 ovzhost sshd[1391]: PAM 2 more authentication failures; logname= uid=0 euid=0 tty=ssh ruser= rhost=43.255.190.188  user=root
Apr 13 16:14:41 ovzhost sshd[1397]: pam_unix(sshd:auth): authentication failure; logname= uid=0 euid=0 tty=ssh ruser= rhost=43.255.190.188  user=root
Apr 13 16:14:42 ovzhost sshd[1395]: Failed password for invalid user bilindsay from 61.147.107.109 port 24560 ssh2
Apr 13 16:14:42 ovzhost sshd[1395]: Received disconnect from 61.147.107.109: 11: Normal Shutdown, Thank you for playing [preauth]
Apr 13 16:14:43 ovzhost sshd[1397]: Failed password for root from 43.255.190.188 port 49483 ssh2
Apr 13 16:14:45 ovzhost sshd[1399]: Invalid user billing from 61.147.107.109
Apr 13 16:14:45 ovzhost sshd[1399]: input_userauth_request: invalid user billing [preauth]
Apr 13 16:14:45 ovzhost sshd[1399]: pam_unix(sshd:auth): check pass; user unknown
Apr 13 16:14:45 ovzhost sshd[1399]: pam_unix(sshd:auth): authentication failure; logname= uid=0 euid=0 tty=ssh ruser= rhost=61.147.107.109 
Apr 13 16:14:47 ovzhost sshd[1399]: Failed password for invalid user billing from 61.147.107.109 port 25474 ssh2
Apr 13 16:14:47 ovzhost sshd[1399]: Received disconnect from 61.147.107.109: 11: Normal Shutdown, Thank you for playing [preauth]
Apr 13 16:14:47 ovzhost sshd[1397]: message repeated 2 times: [ Failed password for root from 43.255.190.188 port 49483 ssh2]
Apr 13 16:14:47 ovzhost sshd[1397]: Received disconnect from 43.255.190.188: 11:  [preauth]
Apr 13 16:14:47 ovzhost sshd[1397]: PAM 2 more authentication failures; logname= uid=0 euid=0 tty=ssh ruser= rhost=43.255.190.188  user=root
Apr 13 16:14:48 ovzhost sshd[1401]: pam_unix(sshd:auth): authentication failure; logname= uid=0 euid=0 tty=ssh ruser= rhost=43.255.190.188  user=root
Apr 13 16:14:49 ovzhost sshd[1403]: Invalid user billw from 61.147.107.109
Apr 13 16:14:49 ovzhost sshd[1403]: input_userauth_request: invalid user billw [preauth]
Apr 13 16:14:49 ovzhost sshd[1403]: pam_unix(sshd:auth): check pass; user unknown
Apr 13 16:14:49 ovzhost sshd[1403]: pam_unix(sshd:auth): authentication failure; logname= uid=0 euid=0 tty=ssh ruser= rhost=61.147.107.109 
Apr 13 16:14:50 ovzhost sshd[1401]: Failed password for root from 43.255.190.188 port 38203 ssh2
Apr 13 16:14:51 ovzhost sshd[1403]: Failed password for invalid user billw from 61.147.107.109 port 26449 ssh2
Apr 13 16:14:51 ovzhost sshd[1403]: Received disconnect from 61.147.107.109: 11: Normal Shutdown, Thank you for playing [preauth]
Apr 13 16:14:54 ovzhost sshd[1405]: pam_unix(sshd:auth): authentication failure; logname= uid=0 euid=0 tty=ssh ruser= rhost=61.147.107.109  user=bin
Apr 13 16:14:54 ovzhost sshd[1401]: message repeated 2 times: [ Failed password for root from 43.255.190.188 port 38203 ssh2]
Apr 13 16:14:54 ovzhost sshd[1401]: Received disconnect from 43.255.190.188: 11:  [preauth]
Apr 13 16:14:54 ovzhost sshd[1401]: PAM 2 more authentication failures; logname= uid=0 euid=0 tty=ssh ruser= rhost=43.255.190.188  user=root
Apr 13 16:14:55 ovzhost sshd[1407]: pam_unix(sshd:auth): authentication failure; logname= uid=0 euid=0 tty=ssh ruser= rhost=43.255.190.188  user=root
Apr 13 16:14:55 ovzhost sshd[1405]: Failed password for bin from 61.147.107.109 port 27379 ssh2
Apr 13 16:14:55 ovzhost sshd[1405]: Received disconnect from 61.147.107.109: 11: Normal Shutdown, Thank you for playing [preauth]
Apr 13 16:14:57 ovzhost sshd[1407]: Failed password for root from 43.255.190.188 port 54653 ssh2
Apr 13 16:14:58 ovzhost sshd[1410]: pam_unix(sshd:auth): authentication failure; logname= uid=0 euid=0 tty=ssh ruser= rhost=61.147.107.109  user=bin
Apr 13 16:15:00 ovzhost sshd[1410]: Failed password for bin from 61.147.107.109 port 28236 ssh2
Apr 13 16:15:00 ovzhost sshd[1407]: message repeated 2 times: [ Failed password for root from 43.255.190.188 port 54653 ssh2]
Apr 13 16:15:00 ovzhost sshd[1407]: Received disconnect from 43.255.190.188: 11:  [preauth]
Apr 13 16:15:00 ovzhost sshd[1407]: PAM 2 more authentication failures; logname= uid=0 euid=0 tty=ssh ruser= rhost=43.255.190.188  user=root
Apr 13 16:15:00 ovzhost sshd[1410]: Received disconnect from 61.147.107.109: 11: Normal Shutdown, Thank you for playing [preauth]
Apr 13 16:15:01 ovzhost sshd[1412]: pam_unix(sshd:auth): authentication failure; logname= uid=0 euid=0 tty=ssh ruser= rhost=43.255.190.188  user=root
Apr 13 16:15:03 ovzhost sshd[1414]: pam_unix(sshd:auth): authentication failure; logname= uid=0 euid=0 tty=ssh ruser= rhost=61.147.107.109  user=bin
Apr 13 16:15:03 ovzhost sshd[1412]: Failed password for root from 43.255.190.188 port 42324 ssh2
Apr 13 16:15:05 ovzhost sshd[1414]: Failed password for bin from 61.147.107.109 port 29295 ssh2
Apr 13 16:15:05 ovzhost sshd[1414]: Received disconnect from 61.147.107.109: 11: Normal Shutdown, Thank you for playing [preauth]
Apr 13 16:15:07 ovzhost sshd[1416]: pam_unix(sshd:auth): authentication failure; logname= uid=0 euid=0 tty=ssh ruser= rhost=61.147.107.109  user=bin
Apr 13 16:15:07 ovzhost sshd[1412]: message repeated 2 times: [ Failed password for root from 43.255.190.188 port 42324 ssh2]
Apr 13 16:15:07 ovzhost sshd[1412]: Received disconnect from 43.255.190.188: 11:  [preauth]
Apr 13 16:15:07 ovzhost sshd[1412]: PAM 2 more authentication failures; logname= uid=0 euid=0 tty=ssh ruser= rhost=43.255.190.188  user=root
Apr 13 16:15:08 ovzhost sshd[1418]: pam_unix(sshd:auth): authentication failure; logname= uid=0 euid=0 tty=ssh ruser= rhost=43.255.190.188  user=root
Apr 13 16:15:09 ovzhost sshd[1416]: Failed password for bin from 61.147.107.109 port 30193 ssh2
Apr 13 16:15:09 ovzhost sshd[1416]: Received disconnect from 61.147.107.109: 11: Normal Shutdown, Thank you for playing [preauth]
Apr 13 16:15:10 ovzhost sshd[1418]: Failed password for root from 43.255.190.188 port 59586 ssh2
Apr 13 16:15:11 ovzhost sshd[1420]: pam_unix(sshd:auth): authentication failure; logname= uid=0 euid=0 tty=ssh ruser= rhost=61.147.107.109  user=bin
Apr 13 16:15:13 ovzhost sshd[1420]: Failed password for bin from 61.147.107.109 port 31070 ssh2
Apr 13 16:15:13 ovzhost sshd[1420]: Received disconnect from 61.147.107.109: 11: Normal Shutdown, Thank you for playing [preauth]
Apr 13 16:15:14 ovzhost sshd[1418]: message repeated 2 times: [ Failed password for root from 43.255.190.188 port 59586 ssh2]
Apr 13 16:15:14 ovzhost sshd[1418]: Received disconnect from 43.255.190.188: 11:  [preauth]
Apr 13 16:15:14 ovzhost sshd[1418]: PAM 2 more authentication failures; logname= uid=0 euid=0 tty=ssh ruser= rhost=43.255.190.188  user=root
Apr 13 16:15:14 ovzhost sshd[1422]: pam_unix(sshd:auth): authentication failure; logname= uid=0 euid=0 tty=ssh ruser= rhost=43.255.190.188  user=root
Apr 13 16:15:15 ovzhost sshd[1424]: pam_unix(sshd:auth): authentication failure; logname= uid=0 euid=0 tty=ssh ruser= rhost=61.147.107.109  user=bin
Apr 13 16:15:17 ovzhost sshd[1422]: Failed password for root from 43.255.190.188 port 49223 ssh2
Apr 13 16:15:17 ovzhost sshd[1424]: Failed password for bin from 61.147.107.109 port 31867 ssh2
Apr 13 16:15:18 ovzhost sshd[1424]: Received disconnect from 61.147.107.109: 11: Normal Shutdown, Thank you for playing [preauth]
Apr 13 16:15:20 ovzhost sshd[1426]: pam_unix(sshd:auth): authentication failure; logname= uid=0 euid=0 tty=ssh ruser= rhost=61.147.107.109  user=bin
Apr 13 16:15:21 ovzhost sshd[1422]: message repeated 2 times: [ Failed password for root from 43.255.190.188 port 49223 ssh2]
Apr 13 16:15:21 ovzhost sshd[1422]: Received disconnect from 43.255.190.188: 11:  [preauth]
Apr 13 16:15:21 ovzhost sshd[1422]: PAM 2 more authentication failures; logname= uid=0 euid=0 tty=ssh ruser= rhost=43.255.190.188  user=root
Apr 13 16:15:21 ovzhost sshd[1428]: pam_unix(sshd:auth): authentication failure; logname= uid=0 euid=0 tty=ssh ruser= rhost=43.255.190.188  user=root
Apr 13 16:15:22 ovzhost sshd[1426]: Failed password for bin from 61.147.107.109 port 32817 ssh2
Apr 13 16:15:23 ovzhost sshd[1426]: Received disconnect from 61.147.107.109: 11: Normal Shutdown, Thank you for playing [preauth]
Apr 13 16:15:23 ovzhost sshd[1428]: Failed password for root from 43.255.190.188 port 38409 ssh2
Apr 13 16:15:25 ovzhost sshd[1430]: pam_unix(sshd:auth): authentication failure; logname= uid=0 euid=0 tty=ssh ruser= rhost=61.147.107.109  user=bin
Apr 13 16:15:27 ovzhost sshd[1430]: Failed password for bin from 61.147.107.109 port 33840 ssh2
Apr 13 16:15:27 ovzhost sshd[1430]: Received disconnect from 61.147.107.109: 11: Normal Shutdown, Thank you for playing [preauth]
Apr 13 16:15:27 ovzhost sshd[1428]: message repeated 2 times: [ Failed password for root from 43.255.190.188 port 38409 ssh2]
Apr 13 16:15:28 ovzhost sshd[1428]: Received disconnect from 43.255.190.188: 11:  [preauth]
Apr 13 16:15:28 ovzhost sshd[1428]: PAM 2 more authentication failures; logname= uid=0 euid=0 tty=ssh ruser= rhost=43.255.190.188  user=root
Apr 13 16:15:28 ovzhost sshd[1432]: pam_unix(sshd:auth): authentication failure; logname= uid=0 euid=0 tty=ssh ruser= rhost=43.255.190.188  user=root
Apr 13 16:15:29 ovzhost sshd[1434]: Invalid user bins from 61.147.107.109
Apr 13 16:15:29 ovzhost sshd[1434]: input_userauth_request: invalid user bins [preauth]
Apr 13 16:15:29 ovzhost sshd[1434]: pam_unix(sshd:auth): check pass; user unknown
Apr 13 16:15:29 ovzhost sshd[1434]: pam_unix(sshd:auth): authentication failure; logname= uid=0 euid=0 tty=ssh ruser= rhost=61.147.107.109 
Apr 13 16:15:30 ovzhost sshd[1432]: Failed password for root from 43.255.190.188 port 57300 ssh2
Apr 13 16:15:31 ovzhost sshd[1434]: Failed password for invalid user bins from 61.147.107.109 port 34836 ssh2
Apr 13 16:15:31 ovzhost sshd[1434]: Received disconnect from 61.147.107.109: 11: Normal Shutdown, Thank you for playing [preauth]
Apr 13 16:15:33 ovzhost sshd[1436]: Invalid user bins from 61.147.107.109
Apr 13 16:15:33 ovzhost sshd[1436]: input_userauth_request: invalid user bins [preauth]
Apr 13 16:15:33 ovzhost sshd[1436]: pam_unix(sshd:auth): check pass; user unknown
Apr 13 16:15:33 ovzhost sshd[1436]: pam_unix(sshd:auth): authentication failure; logname= uid=0 euid=0 tty=ssh ruser= rhost=61.147.107.109 
Apr 13 16:15:35 ovzhost sshd[1432]: message repeated 2 times: [ Failed password for root from 43.255.190.188 port 57300 ssh2]
Apr 13 16:15:35 ovzhost sshd[1432]: Received disconnect from 43.255.190.188: 11:  [preauth]
Apr 13 16:15:35 ovzhost sshd[1432]: PAM 2 more authentication failures; logname= uid=0 euid=0 tty=ssh ruser= rhost=43.255.190.188  user=root
Apr 13 16:15:35 ovzhost sshd[1442]: Connection closed by 127.0.0.1 [preauth]
Apr 13 16:15:35 ovzhost sshd[1438]: pam_unix(sshd:auth): authentication failure; logname= uid=0 euid=0 tty=ssh ruser= rhost=43.255.190.188  user=root
Apr 13 16:15:35 ovzhost sshd[1436]: Failed password for invalid user bins from 61.147.107.109 port 35685 ssh2
Apr 13 16:15:36 ovzhost sshd[1436]: Received disconnect from 61.147.107.109: 11: Normal Shutdown, Thank you for playing [preauth]
Apr 13 16:15:37 ovzhost sshd[1438]: Failed password for root from 43.255.190.188 port 48166 ssh2
Apr 13 16:15:38 ovzhost sshd[1444]: Invalid user bjpark from 61.147.107.109
Apr 13 16:15:38 ovzhost sshd[1444]: input_userauth_request: invalid user bjpark [preauth]
Apr 13 16:15:38 ovzhost sshd[1444]: pam_unix(sshd:auth): check pass; user unknown
Apr 13 16:15:38 ovzhost sshd[1444]: pam_unix(sshd:auth): authentication failure; logname= uid=0 euid=0 tty=ssh ruser= rhost=61.147.107.109 
Apr 13 16:15:40 ovzhost sshd[1444]: Failed password for invalid user bjpark from 61.147.107.109 port 36619 ssh2
Apr 13 16:15:41 ovzhost sshd[1444]: Received disconnect from 61.147.107.109: 11: Normal Shutdown, Thank you for playing [preauth]
Apr 13 16:15:41 ovzhost sshd[1438]: message repeated 2 times: [ Failed password for root from 43.255.190.188 port 48166 ssh2]
Apr 13 16:15:42 ovzhost sshd[1438]: Received disconnect from 43.255.190.188: 11:  [preauth]
Apr 13 16:15:42 ovzhost sshd[1438]: PAM 2 more authentication failures; logname= uid=0 euid=0 tty=ssh ruser= rhost=43.255.190.188  user=root
Apr 13 16:15:42 ovzhost sshd[1447]: pam_unix(sshd:auth): authentication failure; logname= uid=0 euid=0 tty=ssh ruser= rhost=43.255.190.188  user=root
Apr 13 16:15:43 ovzhost sshd[1446]: Invalid user bmp from 61.147.107.109
Apr 13 16:15:43 ovzhost sshd[1446]: input_userauth_request: invalid user bmp [preauth]
Apr 13 16:15:43 ovzhost sshd[1446]: pam_unix(sshd:auth): check pass; user unknown
Apr 13 16:15:43 ovzhost sshd[1446]: pam_unix(sshd:auth): authentication failure; logname= uid=0 euid=0 tty=ssh ruser= rhost=61.147.107.109 
Apr 13 16:15:44 ovzhost sshd[1447]: Failed password for root from 43.255.190.188 port 37563 ssh2
Apr 13 16:15:45 ovzhost sshd[1446]: Failed password for invalid user bmp from 61.147.107.109 port 37667 ssh2
Apr 13 16:15:45 ovzhost sshd[1446]: Received disconnect from 61.147.107.109: 11: Normal Shutdown, Thank you for playing [preauth]
Apr 13 16:15:47 ovzhost sshd[1450]: Invalid user bmp from 61.147.107.109
Apr 13 16:15:47 ovzhost sshd[1450]: input_userauth_request: invalid user bmp [preauth]
Apr 13 16:15:47 ovzhost sshd[1450]: pam_unix(sshd:auth): check pass; user unknown
Apr 13 16:15:47 ovzhost sshd[1450]: pam_unix(sshd:auth): authentication failure; logname= uid=0 euid=0 tty=ssh ruser= rhost=61.147.107.109 
Apr 13 16:15:48 ovzhost sshd[1447]: message repeated 2 times: [ Failed password for root from 43.255.190.188 port 37563 ssh2]
Apr 13 16:15:48 ovzhost sshd[1447]: Received disconnect from 43.255.190.188: 11:  [preauth]
Apr 13 16:15:48 ovzhost sshd[1447]: PAM 2 more authentication failures; logname= uid=0 euid=0 tty=ssh ruser= rhost=43.255.190.188  user=root
Apr 13 16:15:49 ovzhost sshd[1452]: pam_unix(sshd:auth): authentication failure; logname= uid=0 euid=0 tty=ssh ruser= rhost=43.255.190.188  user=root
Apr 13 16:15:49 ovzhost sshd[1450]: Failed password for invalid user bmp from 61.147.107.109 port 38654 ssh2
Apr 13 16:15:50 ovzhost sshd[1450]: Received disconnect from 61.147.107.109: 11: Normal Shutdown, Thank you for playing [preauth]
Apr 13 16:15:51 ovzhost sshd[1452]: Failed password for root from 43.255.190.188 port 54733 ssh2
Apr 13 16:15:52 ovzhost sshd[1454]: Invalid user bowman from 61.147.107.109
Apr 13 16:15:52 ovzhost sshd[1454]: input_userauth_request: invalid user bowman [preauth]
Apr 13 16:15:52 ovzhost sshd[1454]: pam_unix(sshd:auth): check pass; user unknown
Apr 13 16:15:52 ovzhost sshd[1454]: pam_unix(sshd:auth): authentication failure; logname= uid=0 euid=0 tty=ssh ruser= rhost=61.147.107.109 
Apr 13 16:15:54 ovzhost sshd[1452]: message repeated 2 times: [ Failed password for root from 43.255.190.188 port 54733 ssh2]
Apr 13 16:15:55 ovzhost sshd[1452]: Received disconnect from 43.255.190.188: 11:  [preauth]
Apr 13 16:15:55 ovzhost sshd[1452]: PAM 2 more authentication failures; logname= uid=0 euid=0 tty=ssh ruser= rhost=43.255.190.188  user=root
Apr 13 16:15:55 ovzhost sshd[1454]: Failed password for invalid user bowman from 61.147.107.109 port 39595 ssh2
Apr 13 16:15:55 ovzhost sshd[1454]: Received disconnect from 61.147.107.109: 11: Normal Shutdown, Thank you for playing [preauth]
Apr 13 16:15:55 ovzhost sshd[1456]: pam_unix(sshd:auth): authentication failure; logname= uid=0 euid=0 tty=ssh ruser= rhost=43.255.190.188  user=root
Apr 13 16:15:57 ovzhost sshd[1458]: Invalid user bowman from 61.147.107.109
Apr 13 16:15:57 ovzhost sshd[1458]: input_userauth_request: invalid user bowman [preauth]
Apr 13 16:15:57 ovzhost sshd[1458]: pam_unix(sshd:auth): check pass; user unknown
Apr 13 16:15:57 ovzhost sshd[1458]: pam_unix(sshd:auth): authentication failure; logname= uid=0 euid=0 tty=ssh ruser= rhost=61.147.107.109 
Apr 13 16:15:57 ovzhost sshd[1456]: Failed password for root from 43.255.190.188 port 42738 ssh2
Apr 13 16:15:59 ovzhost sshd[1458]: Failed password for invalid user bowman from 61.147.107.109 port 40754 ssh2
Apr 13 16:16:00 ovzhost sshd[1458]: Received disconnect from 61.147.107.109: 11: Normal Shutdown, Thank you for playing [preauth]
Apr 13 16:16:01 ovzhost sshd[1456]: message repeated 2 times: [ Failed password for root from 43.255.190.188 port 42738 ssh2]
Apr 13 16:16:02 ovzhost sshd[1456]: Received disconnect from 43.255.190.188: 11:  [preauth]
Apr 13 16:16:02 ovzhost sshd[1456]: PAM 2 more authentication failures; logname= uid=0 euid=0 tty=ssh ruser= rhost=43.255.190.188  user=root
Apr 13 16:16:02 ovzhost sshd[1460]: Invalid user buildbot from 61.147.107.109
Apr 13 16:16:02 ovzhost sshd[1460]: input_userauth_request: invalid user buildbot [preauth]
Apr 13 16:16:02 ovzhost sshd[1460]: pam_unix(sshd:auth): check pass; user unknown
Apr 13 16:16:02 ovzhost sshd[1460]: pam_unix(sshd:auth): authentication failure; logname= uid=0 euid=0 tty=ssh ruser= rhost=61.147.107.109 
Apr 13 16:16:02 ovzhost sshd[1462]: pam_unix(sshd:auth): authentication failure; logname= uid=0 euid=0 tty=ssh ruser= rhost=43.255.190.188  user=root
Apr 13 16:16:04 ovzhost sshd[1460]: Failed password for invalid user buildbot from 61.147.107.109 port 42415 ssh2
Apr 13 16:16:04 ovzhost sshd[1460]: Received disconnect from 61.147.107.109: 11: Normal Shutdown, Thank you for playing [preauth]
Apr 13 16:16:05 ovzhost sshd[1462]: Failed password for root from 43.255.190.188 port 32778 ssh2
Apr 13 16:16:07 ovzhost sshd[1464]: Invalid user cacti from 61.147.107.109
Apr 13 16:16:07 ovzhost sshd[1464]: input_userauth_request: invalid user cacti [preauth]
Apr 13 16:16:07 ovzhost sshd[1464]: pam_unix(sshd:auth): check pass; user unknown
Apr 13 16:16:07 ovzhost sshd[1464]: pam_unix(sshd:auth): authentication failure; logname= uid=0 euid=0 tty=ssh ruser= rhost=61.147.107.109 
Apr 13 16:16:08 ovzhost sshd[1462]: message repeated 2 times: [ Failed password for root from 43.255.190.188 port 32778 ssh2]
Apr 13 16:16:08 ovzhost sshd[1462]: Received disconnect from 43.255.190.188: 11:  [preauth]
Apr 13 16:16:08 ovzhost sshd[1462]: PAM 2 more authentication failures; logname= uid=0 euid=0 tty=ssh ruser= rhost=43.255.190.188  user=root
Apr 13 16:16:09 ovzhost sshd[1464]: Failed password for invalid user cacti from 61.147.107.109 port 1808 ssh2
Apr 13 16:16:09 ovzhost sshd[1468]: pam_unix(sshd:auth): authentication failure; logname= uid=0 euid=0 tty=ssh ruser= rhost=43.255.190.188  user=root
Apr 13 16:16:09 ovzhost sshd[1464]: Received disconnect from 61.147.107.109: 11: Normal Shutdown, Thank you for playing [preauth]
Apr 13 16:16:11 ovzhost sshd[1470]: Invalid user cacti from 61.147.107.109
Apr 13 16:16:11 ovzhost sshd[1470]: input_userauth_request: invalid user cacti [preauth]
Apr 13 16:16:11 ovzhost sshd[1470]: pam_unix(sshd:auth): check pass; user unknown
Apr 13 16:16:11 ovzhost sshd[1470]: pam_unix(sshd:auth): authentication failure; logname= uid=0 euid=0 tty=ssh ruser= rhost=61.147.107.109 
Apr 13 16:16:11 ovzhost sshd[1468]: Failed password for root from 43.255.190.188 port 49472 ssh2
Apr 13 16:16:13 ovzhost sshd[1470]: Failed password for invalid user cacti from 61.147.107.109 port 2758 ssh2
Apr 13 16:16:13 ovzhost sshd[1470]: Received disconnect from 61.147.107.109: 11: Normal Shutdown, Thank you for playing [preauth]
Apr 13 16:16:15 ovzhost sshd[1472]: Invalid user cch from 61.147.107.109
Apr 13 16:16:15 ovzhost sshd[1472]: input_userauth_request: invalid user cch [preauth]
Apr 13 16:16:15 ovzhost sshd[1472]: pam_unix(sshd:auth): check pass; user unknown
Apr 13 16:16:15 ovzhost sshd[1472]: pam_unix(sshd:auth): authentication failure; logname= uid=0 euid=0 tty=ssh ruser= rhost=61.147.107.109 
Apr 13 16:16:16 ovzhost sshd[1468]: message repeated 2 times: [ Failed password for root from 43.255.190.188 port 49472 ssh2]
Apr 13 16:16:16 ovzhost sshd[1468]: Received disconnect from 43.255.190.188: 11:  [preauth]
Apr 13 16:16:16 ovzhost sshd[1468]: PAM 2 more authentication failures; logname= uid=0 euid=0 tty=ssh ruser= rhost=43.255.190.188  user=root
Apr 13 16:16:17 ovzhost sshd[1474]: pam_unix(sshd:auth): authentication failure; logname= uid=0 euid=0 tty=ssh ruser= rhost=43.255.190.188  user=root
Apr 13 16:16:17 ovzhost sshd[1472]: Failed password for invalid user cch from 61.147.107.109 port 3616 ssh2
Apr 13 16:16:18 ovzhost sshd[1472]: Received disconnect from 61.147.107.109: 11: Normal Shutdown, Thank you for playing [preauth]
Apr 13 16:16:18 ovzhost sshd[1474]: Failed password for root from 43.255.190.188 port 40794 ssh2
Apr 13 16:16:20 ovzhost sshd[1476]: Invalid user celine from 61.147.107.109
Apr 13 16:16:20 ovzhost sshd[1476]: input_userauth_request: invalid user celine [preauth]
Apr 13 16:16:20 ovzhost sshd[1476]: pam_unix(sshd:auth): check pass; user unknown
Apr 13 16:16:20 ovzhost sshd[1476]: pam_unix(sshd:auth): authentication failure; logname= uid=0 euid=0 tty=ssh ruser= rhost=61.147.107.109 
Apr 13 16:16:22 ovzhost sshd[1476]: Failed password for invalid user celine from 61.147.107.109 port 4571 ssh2
Apr 13 16:16:23 ovzhost sshd[1476]: Received disconnect from 61.147.107.109: 11: Normal Shutdown, Thank you for playing [preauth]
Apr 13 16:16:23 ovzhost sshd[1474]: message repeated 2 times: [ Failed password for root from 43.255.190.188 port 40794 ssh2]
Apr 13 16:16:23 ovzhost sshd[1474]: Received disconnect from 43.255.190.188: 11:  [preauth]
Apr 13 16:16:23 ovzhost sshd[1474]: PAM 2 more authentication failures; logname= uid=0 euid=0 tty=ssh ruser= rhost=43.255.190.188  user=root
Apr 13 16:16:24 ovzhost sshd[1480]: pam_unix(sshd:auth): authentication failure; logname= uid=0 euid=0 tty=ssh ruser= rhost=43.255.190.188  user=root
Apr 13 16:16:25 ovzhost sshd[1482]: Invalid user celine from 61.147.107.109
Apr 13 16:16:25 ovzhost sshd[1482]: input_userauth_request: invalid user celine [preauth]
Apr 13 16:16:25 ovzhost sshd[1482]: pam_unix(sshd:auth): check pass; user unknown
Apr 13 16:16:25 ovzhost sshd[1482]: pam_unix(sshd:auth): authentication failure; logname= uid=0 euid=0 tty=ssh ruser= rhost=61.147.107.109 
Apr 13 16:16:25 ovzhost sshd[1480]: Failed password for root from 43.255.190.188 port 58543 ssh2
Apr 13 16:16:27 ovzhost sshd[1482]: Failed password for invalid user celine from 61.147.107.109 port 5583 ssh2
Apr 13 16:16:27 ovzhost sshd[1482]: Received disconnect from 61.147.107.109: 11: Normal Shutdown, Thank you for playing [preauth]
Apr 13 16:16:30 ovzhost sshd[1480]: message repeated 2 times: [ Failed password for root from 43.255.190.188 port 58543 ssh2]
Apr 13 16:16:30 ovzhost sshd[1480]: Received disconnect from 43.255.190.188: 11:  [preauth]
Apr 13 16:16:30 ovzhost sshd[1480]: PAM 2 more authentication failures; logname= uid=0 euid=0 tty=ssh ruser= rhost=43.255.190.188  user=root
Apr 13 16:16:30 ovzhost sshd[1484]: Invalid user centos from 61.147.107.109
Apr 13 16:16:30 ovzhost sshd[1484]: input_userauth_request: invalid user centos [preauth]
Apr 13 16:16:30 ovzhost sshd[1484]: pam_unix(sshd:auth): check pass; user unknown
Apr 13 16:16:30 ovzhost sshd[1484]: pam_unix(sshd:auth): authentication failure; logname= uid=0 euid=0 tty=ssh ruser= rhost=61.147.107.109 
Apr 13 16:16:30 ovzhost sshd[1486]: pam_unix(sshd:auth): authentication failure; logname= uid=0 euid=0 tty=ssh ruser= rhost=43.255.190.188  user=root
Apr 13 16:16:32 ovzhost sshd[1484]: Failed password for invalid user centos from 61.147.107.109 port 6557 ssh2
Apr 13 16:16:32 ovzhost sshd[1484]: Received disconnect from 61.147.107.109: 11: Normal Shutdown, Thank you for playing [preauth]
Apr 13 16:16:32 ovzhost sshd[1486]: Failed password for root from 43.255.190.188 port 48487 ssh2
Apr 13 16:16:34 ovzhost sshd[1488]: Invalid user centos from 61.147.107.109
Apr 13 16:16:34 ovzhost sshd[1488]: input_userauth_request: invalid user centos [preauth]
Apr 13 16:16:34 ovzhost sshd[1488]: pam_unix(sshd:auth): check pass; user unknown
Apr 13 16:16:34 ovzhost sshd[1488]: pam_unix(sshd:auth): authentication failure; logname= uid=0 euid=0 tty=ssh ruser= rhost=61.147.107.109 
Apr 13 16:16:37 ovzhost sshd[1488]: Failed password for invalid user centos from 61.147.107.109 port 7530 ssh2
Apr 13 16:16:36 ovzhost sshd[1486]: message repeated 2 times: [ Failed password for root from 43.255.190.188 port 48487 ssh2]
Apr 13 16:16:37 ovzhost sshd[1486]: Received disconnect from 43.255.190.188: 11:  [preauth]
Apr 13 16:16:37 ovzhost sshd[1486]: PAM 2 more authentication failures; logname= uid=0 euid=0 tty=ssh ruser= rhost=43.255.190.188  user=root
Apr 13 16:16:37 ovzhost sshd[1488]: Received disconnect from 61.147.107.109: 11: Normal Shutdown, Thank you for playing [preauth]
Apr 13 16:16:37 ovzhost sshd[1490]: pam_unix(sshd:auth): authentication failure; logname= uid=0 euid=0 tty=ssh ruser= rhost=43.255.190.188  user=root
Apr 13 16:16:39 ovzhost sshd[1492]: Invalid user cgi from 61.147.107.109
Apr 13 16:16:39 ovzhost sshd[1492]: input_userauth_request: invalid user cgi [preauth]
Apr 13 16:16:39 ovzhost sshd[1492]: pam_unix(sshd:auth): check pass; user unknown
Apr 13 16:16:39 ovzhost sshd[1492]: pam_unix(sshd:auth): authentication failure; logname= uid=0 euid=0 tty=ssh ruser= rhost=61.147.107.109 
Apr 13 16:16:39 ovzhost sshd[1490]: Failed password for root from 43.255.190.188 port 38095 ssh2
Apr 13 16:16:41 ovzhost sshd[1492]: Failed password for invalid user cgi from 61.147.107.109 port 8509 ssh2
Apr 13 16:16:42 ovzhost sshd[1492]: Received disconnect from 61.147.107.109: 11: Normal Shutdown, Thank you for playing [preauth]
Apr 13 16:16:44 ovzhost sshd[1494]: Invalid user chenj from 61.147.107.109
Apr 13 16:16:44 ovzhost sshd[1494]: input_userauth_request: invalid user chenj [preauth]
Apr 13 16:16:44 ovzhost sshd[1494]: pam_unix(sshd:auth): check pass; user unknown
Apr 13 16:16:44 ovzhost sshd[1494]: pam_unix(sshd:auth): authentication failure; logname= uid=0 euid=0 tty=ssh ruser= rhost=61.147.107.109 
Apr 13 16:16:44 ovzhost sshd[1490]: message repeated 2 times: [ Failed password for root from 43.255.190.188 port 38095 ssh2]
Apr 13 16:16:44 ovzhost sshd[1490]: Received disconnect from 43.255.190.188: 11:  [preauth]
Apr 13 16:16:44 ovzhost sshd[1490]: PAM 2 more authentication failures; logname= uid=0 euid=0 tty=ssh ruser= rhost=43.255.190.188  user=root
Apr 13 16:16:44 ovzhost sshd[1496]: pam_unix(sshd:auth): authentication failure; logname= uid=0 euid=0 tty=ssh ruser= rhost=43.255.190.188  user=root
Apr 13 16:16:46 ovzhost sshd[1494]: Failed password for invalid user chenj from 61.147.107.109 port 9456 ssh2
Apr 13 16:16:46 ovzhost sshd[1494]: Received disconnect from 61.147.107.109: 11: Normal Shutdown, Thank you for playing [preauth]
Apr 13 16:16:47 ovzhost sshd[1496]: Failed password for root from 43.255.190.188 port 58838 ssh2
Apr 13 16:16:49 ovzhost sshd[1498]: Invalid user chirag from 61.147.107.109
Apr 13 16:16:49 ovzhost sshd[1498]: input_userauth_request: invalid user chirag [preauth]
Apr 13 16:16:49 ovzhost sshd[1498]: pam_unix(sshd:auth): check pass; user unknown
Apr 13 16:16:49 ovzhost sshd[1498]: pam_unix(sshd:auth): authentication failure; logname= uid=0 euid=0 tty=ssh ruser= rhost=61.147.107.109 
Apr 13 16:16:51 ovzhost sshd[1498]: Failed password for invalid user chirag from 61.147.107.109 port 10456 ssh2
Apr 13 16:16:51 ovzhost sshd[1496]: message repeated 2 times: [ Failed password for root from 43.255.190.188 port 58838 ssh2]
Apr 13 16:16:51 ovzhost sshd[1496]: Received disconnect from 43.255.190.188: 11:  [preauth]
Apr 13 16:16:51 ovzhost sshd[1496]: PAM 2 more authentication failures; logname= uid=0 euid=0 tty=ssh ruser= rhost=43.255.190.188  user=root
Apr 13 16:16:51 ovzhost sshd[1498]: Received disconnect from 61.147.107.109: 11: Normal Shutdown, Thank you for playing [preauth]
Apr 13 16:16:52 ovzhost sshd[1501]: pam_unix(sshd:auth): authentication failure; logname= uid=0 euid=0 tty=ssh ruser= rhost=43.255.190.188  user=root
Apr 13 16:16:53 ovzhost sshd[1503]: Invalid user chris from 61.147.107.109
Apr 13 16:16:53 ovzhost sshd[1503]: input_userauth_request: invalid user chris [preauth]
Apr 13 16:16:53 ovzhost sshd[1503]: pam_unix(sshd:auth): check pass; user unknown
Apr 13 16:16:53 ovzhost sshd[1503]: pam_unix(sshd:auth): authentication failure; logname= uid=0 euid=0 tty=ssh ruser= rhost=61.147.107.109 
Apr 13 16:16:53 ovzhost sshd[1501]: Failed password for root from 43.255.190.188 port 49677 ssh2
Apr 13 16:16:55 ovzhost sshd[1503]: Failed password for invalid user chris from 61.147.107.109 port 11400 ssh2
Apr 13 16:16:56 ovzhost sshd[1503]: Received disconnect from 61.147.107.109: 11: Normal Shutdown, Thank you for playing [preauth]
Apr 13 16:16:58 ovzhost sshd[1505]: Invalid user chuan from 61.147.107.109
Apr 13 16:16:58 ovzhost sshd[1505]: input_userauth_request: invalid user chuan [preauth]
Apr 13 16:16:58 ovzhost sshd[1505]: pam_unix(sshd:auth): check pass; user unknown
Apr 13 16:16:58 ovzhost sshd[1505]: pam_unix(sshd:auth): authentication failure; logname= uid=0 euid=0 tty=ssh ruser= rhost=61.147.107.109 
Apr 13 16:16:58 ovzhost sshd[1501]: message repeated 2 times: [ Failed password for root from 43.255.190.188 port 49677 ssh2]
Apr 13 16:16:58 ovzhost sshd[1501]: Received disconnect from 43.255.190.188: 11:  [preauth]
Apr 13 16:16:58 ovzhost sshd[1501]: PAM 2 more authentication failures; logname= uid=0 euid=0 tty=ssh ruser= rhost=43.255.190.188  user=root
Apr 13 16:16:59 ovzhost sshd[1507]: pam_unix(sshd:auth): authentication failure; logname= uid=0 euid=0 tty=ssh ruser= rhost=43.255.190.188  user=root
Apr 13 16:17:00 ovzhost sshd[1505]: Failed password for invalid user chuan from 61.147.107.109 port 12259 ssh2
Apr 13 16:17:00 ovzhost sshd[1505]: Received disconnect from 61.147.107.109: 11: Normal Shutdown, Thank you for playing [preauth]
Apr 13 16:17:00 ovzhost sshd[1507]: Failed password for root from 43.255.190.188 port 40477 ssh2
Apr 13 16:17:02 ovzhost sshd[1509]: Invalid user cindy from 61.147.107.109
Apr 13 16:17:02 ovzhost sshd[1509]: input_userauth_request: invalid user cindy [preauth]
Apr 13 16:17:02 ovzhost sshd[1509]: pam_unix(sshd:auth): check pass; user unknown
Apr 13 16:17:02 ovzhost sshd[1509]: pam_unix(sshd:auth): authentication failure; logname= uid=0 euid=0 tty=ssh ruser= rhost=61.147.107.109 
Apr 13 16:17:04 ovzhost sshd[1509]: Failed password for invalid user cindy from 61.147.107.109 port 13212 ssh2
Apr 13 16:17:04 ovzhost sshd[1507]: message repeated 2 times: [ Failed password for root from 43.255.190.188 port 40477 ssh2]
Apr 13 16:17:04 ovzhost sshd[1507]: Received disconnect from 43.255.190.188: 11:  [preauth]
Apr 13 16:17:04 ovzhost sshd[1507]: PAM 2 more authentication failures; logname= uid=0 euid=0 tty=ssh ruser= rhost=43.255.190.188  user=root
Apr 13 16:17:05 ovzhost sshd[1509]: Received disconnect from 61.147.107.109: 11: Normal Shutdown, Thank you for playing [preauth]
Apr 13 16:17:05 ovzhost sshd[1511]: pam_unix(sshd:auth): authentication failure; logname= uid=0 euid=0 tty=ssh ruser= rhost=43.255.190.188  user=root
Apr 13 16:17:07 ovzhost sshd[1513]: Invalid user cloud from 61.147.107.109
Apr 13 16:17:07 ovzhost sshd[1513]: input_userauth_request: invalid user cloud [preauth]
Apr 13 16:17:07 ovzhost sshd[1513]: pam_unix(sshd:auth): check pass; user unknown
Apr 13 16:17:07 ovzhost sshd[1513]: pam_unix(sshd:auth): authentication failure; logname= uid=0 euid=0 tty=ssh ruser= rhost=61.147.107.109 
Apr 13 16:17:07 ovzhost sshd[1511]: Failed password for root from 43.255.190.188 port 58918 ssh2
Apr 13 16:17:09 ovzhost sshd[1513]: Failed password for invalid user cloud from 61.147.107.109 port 14068 ssh2
Apr 13 16:17:09 ovzhost sshd[1513]: Received disconnect from 61.147.107.109: 11: Normal Shutdown, Thank you for playing [preauth]
Apr 13 16:17:11 ovzhost sshd[1515]: Invalid user cnap from 61.147.107.109
Apr 13 16:17:11 ovzhost sshd[1515]: input_userauth_request: invalid user cnap [preauth]
Apr 13 16:17:11 ovzhost sshd[1515]: pam_unix(sshd:auth): check pass; user unknown
Apr 13 16:17:11 ovzhost sshd[1515]: pam_unix(sshd:auth): authentication failure; logname= uid=0 euid=0 tty=ssh ruser= rhost=61.147.107.109 
Apr 13 16:17:12 ovzhost sshd[1511]: message repeated 2 times: [ Failed password for root from 43.255.190.188 port 58918 ssh2]
Apr 13 16:17:12 ovzhost sshd[1511]: Received disconnect from 43.255.190.188: 11:  [preauth]
Apr 13 16:17:12 ovzhost sshd[1511]: PAM 2 more authentication failures; logname= uid=0 euid=0 tty=ssh ruser= rhost=43.255.190.188  user=root
Apr 13 16:17:12 ovzhost sshd[1517]: pam_unix(sshd:auth): authentication failure; logname= uid=0 euid=0 tty=ssh ruser= rhost=43.255.190.188  user=root
Apr 13 16:17:13 ovzhost sshd[1515]: Failed password for invalid user cnap from 61.147.107.109 port 15012 ssh2
Apr 13 16:17:13 ovzhost sshd[1515]: Received disconnect from 61.147.107.109: 11: Normal Shutdown, Thank you for playing [preauth]
Apr 13 16:17:14 ovzhost sshd[1517]: Failed password for root from 43.255.190.188 port 48736 ssh2
Apr 13 16:17:15 ovzhost sshd[1519]: Invalid user cnc from 61.147.107.109
Apr 13 16:17:15 ovzhost sshd[1519]: input_userauth_request: invalid user cnc [preauth]
Apr 13 16:17:15 ovzhost sshd[1519]: pam_unix(sshd:auth): check pass; user unknown
Apr 13 16:17:15 ovzhost sshd[1519]: pam_unix(sshd:auth): authentication failure; logname= uid=0 euid=0 tty=ssh ruser= rhost=61.147.107.109 
Apr 13 16:17:18 ovzhost sshd[1519]: Failed password for invalid user cnc from 61.147.107.109 port 15851 ssh2
Apr 13 16:17:18 ovzhost sshd[1519]: Received disconnect from 61.147.107.109: 11: Normal Shutdown, Thank you for playing [preauth]
Apr 13 16:17:18 ovzhost sshd[1517]: message repeated 2 times: [ Failed password for root from 43.255.190.188 port 48736 ssh2]
Apr 13 16:17:18 ovzhost sshd[1517]: Received disconnect from 43.255.190.188: 11:  [preauth]
Apr 13 16:17:18 ovzhost sshd[1517]: PAM 2 more authentication failures; logname= uid=0 euid=0 tty=ssh ruser= rhost=43.255.190.188  user=root
Apr 13 16:17:19 ovzhost sshd[1521]: pam_unix(sshd:auth): authentication failure; logname= uid=0 euid=0 tty=ssh ruser= rhost=43.255.190.188  user=root
Apr 13 16:17:21 ovzhost sshd[1523]: Invalid user cnc from 61.147.107.109
Apr 13 16:17:21 ovzhost sshd[1523]: input_userauth_request: invalid user cnc [preauth]
