Apr 13 16:09:44 ovzhost sshd[1159]: PAM 2 more authentication failures; logname= uid=0 euid=0 tty=ssh ruser= rhost=43.255.190.188  user=root
Apr 13 16:09:44 ovzhost sshd[1161]: pam_unix(sshd:auth): authentication failure; logname= uid=0 euid=0 tty=ssh ruser= rhost=43.255.190.188  user=root
Apr 13 16:09:46 ovzhost sshd[1161]: Failed password for root from 43.255.190.188 port 51399 ssh2
Apr 13 16:09:51 ovzhost sshd[1161]: message repeated 2 times: [ Failed password for root from 43.255.190.188 port 51399 ssh2]
Apr 13 16:09:51 ovzhost sshd[1161]: Received disconnect from 43.255.190.188: 11:  [preauth]
Apr 13 16:09:51 ovzhost sshd[1161]: PAM 2 more authentication failures; logname= uid=0 euid=0 tty=ssh ruser= rhost=43.255.190.188  user=root
Apr 13 16:09:51 ovzhost sshd[1165]: pam_unix(sshd:auth): authentication failure; logname= uid=0 euid=0 tty=ssh ruser= rhost=43.255.190.188  user=root
Apr 13 16:09:52 ovzhost sshd[1163]: Invalid user Bobo from 61.147.107.109
Apr 13 16:09:52 ovzhost sshd[1163]: input_userauth_request: invalid user Bobo [preauth]
Apr 13 16:09:52 ovzhost sshd[1163]: pam_unix(sshd:auth): check pass; user unknown
Apr 13 16:09:52 ovzhost sshd[1163]: pam_unix(sshd:auth): authentication failure; logname= uid=0 euid=0 tty=ssh ruser= rhost=61.147.107.109 
Apr 13 16:09:53 ovzhost sshd[1165]: Failed password for root from 43.255.190.188 port 39357 ssh2
Apr 13 16:09:55 ovzhost sshd[1163]: Failed password for invalid user Bobo from 61.147.107.109 port 2435 ssh2
Apr 13 16:09:55 ovzhost sshd[1163]: Received disconnect from 61.147.107.109: 11: Normal Shutdown, Thank you for playing [preauth]
Apr 13 16:09:57 ovzhost sshd[1168]: Invalid user NpC from 61.147.107.109
Apr 13 16:09:57 ovzhost sshd[1168]: input_userauth_request: invalid user NpC [preauth]
Apr 13 16:09:57 ovzhost sshd[1168]: pam_unix(sshd:auth): check pass; user unknown
Apr 13 16:09:57 ovzhost sshd[1168]: pam_unix(sshd:auth): authentication failure; logname= uid=0 euid=0 tty=ssh ruser= rhost=61.147.107.109 
Apr 13 16:09:58 ovzhost sshd[1165]: message repeated 2 times: [ Failed password for root from 43.255.190.188 port 39357 ssh2]
Apr 13 16:09:58 ovzhost sshd[1165]: Received disconnect from 43.255.190.188: 11:  [preauth]
Apr 13 16:09:58 ovzhost sshd[1165]: PAM 2 more authentication failures; logname= uid=0 euid=0 tty=ssh ruser= rhost=43.255.190.188  user=root
Apr 13 16:09:59 ovzhost sshd[1170]: pam_unix(sshd:auth): authentication failure; logname= uid=0 euid=0 tty=ssh ruser= rhost=43.255.190.188  user=root
Apr 13 16:10:00 ovzhost sshd[1168]: Failed password for invalid user NpC from 61.147.107.109 port 3555 ssh2
Apr 13 16:10:00 ovzhost sshd[1168]: Received disconnect from 61.147.107.109: 11: Normal Shutdown, Thank you for playing [preauth]
Apr 13 16:10:01 ovzhost sshd[1170]: Failed password for root from 43.255.190.188 port 58614 ssh2
Apr 13 16:10:02 ovzhost sshd[1172]: Invalid user PlcmSpIp from 61.147.107.109
Apr 13 16:10:02 ovzhost sshd[1172]: input_userauth_request: invalid user PlcmSpIp [preauth]
Apr 13 16:10:02 ovzhost sshd[1172]: pam_unix(sshd:auth): check pass; user unknown
Apr 13 16:10:02 ovzhost sshd[1172]: pam_unix(sshd:auth): authentication failure; logname= uid=0 euid=0 tty=ssh ruser= rhost=61.147.107.109 
Apr 13 16:10:04 ovzhost sshd[1172]: Failed password for invalid user PlcmSpIp from 61.147.107.109 port 4630 ssh2
Apr 13 16:10:04 ovzhost sshd[1172]: Received disconnect from 61.147.107.109: 11: Normal Shutdown, Thank you for playing [preauth]
Apr 13 16:10:05 ovzhost sshd[1170]: message repeated 2 times: [ Failed password for root from 43.255.190.188 port 58614 ssh2]
Apr 13 16:10:05 ovzhost sshd[1170]: Received disconnect from 43.255.190.188: 11:  [preauth]
Apr 13 16:10:05 ovzhost sshd[1170]: PAM 2 more authentication failures; logname= uid=0 euid=0 tty=ssh ruser= rhost=43.255.190.188  user=root
Apr 13 16:10:06 ovzhost sshd[1174]: pam_unix(sshd:auth): authentication failure; logname= uid=0 euid=0 tty=ssh ruser= rhost=43.255.190.188  user=root
Apr 13 16:10:06 ovzhost sshd[1176]: Invalid user Sorin from 61.147.107.109
Apr 13 16:10:06 ovzhost sshd[1176]: input_userauth_request: invalid user Sorin [preauth]
Apr 13 16:10:06 ovzhost sshd[1176]: pam_unix(sshd:auth): check pass; user unknown
Apr 13 16:10:06 ovzhost sshd[1176]: pam_unix(sshd:auth): authentication failure; logname= uid=0 euid=0 tty=ssh ruser= rhost=61.147.107.109 
Apr 13 16:10:08 ovzhost sshd[1174]: Failed password for root from 43.255.190.188 port 46578 ssh2
Apr 13 16:10:09 ovzhost sshd[1176]: Failed password for invalid user Sorin from 61.147.107.109 port 5566 ssh2
Apr 13 16:10:09 ovzhost sshd[1176]: Received disconnect from 61.147.107.109: 11: Normal Shutdown, Thank you for playing [preauth]
Apr 13 16:10:11 ovzhost sshd[1178]: Invalid user a2270304 from 61.147.107.109
Apr 13 16:10:11 ovzhost sshd[1178]: input_userauth_request: invalid user a2270304 [preauth]
Apr 13 16:10:11 ovzhost sshd[1178]: pam_unix(sshd:auth): check pass; user unknown
Apr 13 16:10:11 ovzhost sshd[1178]: pam_unix(sshd:auth): authentication failure; logname= uid=0 euid=0 tty=ssh ruser= rhost=61.147.107.109 
Apr 13 16:10:12 ovzhost sshd[1178]: Failed password for invalid user a2270304 from 61.147.107.109 port 6523 ssh2
Apr 13 16:10:13 ovzhost sshd[1178]: Received disconnect from 61.147.107.109: 11: Normal Shutdown, Thank you for playing [preauth]
Apr 13 16:10:13 ovzhost sshd[1174]: message repeated 2 times: [ Failed password for root from 43.255.190.188 port 46578 ssh2]
Apr 13 16:10:13 ovzhost sshd[1174]: Received disconnect from 43.255.190.188: 11:  [preauth]
Apr 13 16:10:13 ovzhost sshd[1174]: PAM 2 more authentication failures; logname= uid=0 euid=0 tty=ssh ruser= rhost=43.255.190.188  user=root
Apr 13 16:10:13 ovzhost sshd[1180]: pam_unix(sshd:auth): authentication failure; logname= uid=0 euid=0 tty=ssh ruser= rhost=43.255.190.188  user=root
Apr 13 16:10:15 ovzhost sshd[1182]: Invalid user abhay from 61.147.107.109
Apr 13 16:10:15 ovzhost sshd[1182]: input_userauth_request: invalid user abhay [preauth]
Apr 13 16:10:15 ovzhost sshd[1182]: pam_unix(sshd:auth): check pass; user unknown
Apr 13 16:10:15 ovzhost sshd[1182]: pam_unix(sshd:auth): authentication failure; logname= uid=0 euid=0 tty=ssh ruser= rhost=61.147.107.109 
Apr 13 16:10:16 ovzhost sshd[1180]: Failed password for root from 43.255.190.188 port 37226 ssh2
Apr 13 16:10:18 ovzhost sshd[1182]: Failed password for invalid user abhay from 61.147.107.109 port 7401 ssh2
Apr 13 16:10:18 ovzhost sshd[1182]: Received disconnect from 61.147.107.109: 11: Normal Shutdown, Thank you for playing [preauth]
Apr 13 16:10:20 ovzhost sshd[1184]: Invalid user abhay from 61.147.107.109
Apr 13 16:10:20 ovzhost sshd[1184]: input_userauth_request: invalid user abhay [preauth]
Apr 13 16:10:20 ovzhost sshd[1184]: pam_unix(sshd:auth): check pass; user unknown
Apr 13 16:10:20 ovzhost sshd[1184]: pam_unix(sshd:auth): authentication failure; logname= uid=0 euid=0 tty=ssh ruser= rhost=61.147.107.109 
Apr 13 16:10:21 ovzhost sshd[1180]: message repeated 2 times: [ Failed password for root from 43.255.190.188 port 37226 ssh2]
Apr 13 16:10:21 ovzhost sshd[1180]: Received disconnect from 43.255.190.188: 11:  [preauth]
Apr 13 16:10:21 ovzhost sshd[1180]: PAM 2 more authentication failures; logname= uid=0 euid=0 tty=ssh ruser= rhost=43.255.190.188  user=root
Apr 13 16:10:21 ovzhost sshd[1186]: pam_unix(sshd:auth): authentication failure; logname= uid=0 euid=0 tty=ssh ruser= rhost=43.255.190.188  user=root
Apr 13 16:10:23 ovzhost sshd[1184]: Failed password for invalid user abhay from 61.147.107.109 port 8490 ssh2
Apr 13 16:10:23 ovzhost sshd[1184]: Received disconnect from 61.147.107.109: 11: Normal Shutdown, Thank you for playing [preauth]
Apr 13 16:10:23 ovzhost sshd[1186]: Failed password for root from 43.255.190.188 port 55048 ssh2
Apr 13 16:10:25 ovzhost sshd[1188]: Invalid user academic from 61.147.107.109
Apr 13 16:10:25 ovzhost sshd[1188]: input_userauth_request: invalid user academic [preauth]
Apr 13 16:10:25 ovzhost sshd[1188]: pam_unix(sshd:auth): check pass; user unknown
Apr 13 16:10:25 ovzhost sshd[1188]: pam_unix(sshd:auth): authentication failure; logname= uid=0 euid=0 tty=ssh ruser= rhost=61.147.107.109 
Apr 13 16:10:26 ovzhost sshd[1191]: Connection closed by 128.8.37.104 [preauth]
Apr 13 16:10:27 ovzhost sshd[1186]: message repeated 2 times: [ Failed password for root from 43.255.190.188 port 55048 ssh2]
Apr 13 16:10:27 ovzhost sshd[1186]: Received disconnect from 43.255.190.188: 11:  [preauth]
Apr 13 16:10:27 ovzhost sshd[1186]: PAM 2 more authentication failures; logname= uid=0 euid=0 tty=ssh ruser= rhost=43.255.190.188  user=root
Apr 13 16:10:27 ovzhost sshd[1188]: Failed password for invalid user academic from 61.147.107.109 port 9629 ssh2
Apr 13 16:10:27 ovzhost sshd[1188]: Received disconnect from 61.147.107.109: 11: Normal Shutdown, Thank you for playing [preauth]
Apr 13 16:10:27 ovzhost sshd[1193]: pam_unix(sshd:auth): authentication failure; logname= uid=0 euid=0 tty=ssh ruser= rhost=43.255.190.188  user=root
Apr 13 16:10:30 ovzhost sshd[1195]: Invalid user accounts from 61.147.107.109
Apr 13 16:10:30 ovzhost sshd[1195]: input_userauth_request: invalid user accounts [preauth]
Apr 13 16:10:30 ovzhost sshd[1195]: pam_unix(sshd:auth): check pass; user unknown
Apr 13 16:10:30 ovzhost sshd[1195]: pam_unix(sshd:auth): authentication failure; logname= uid=0 euid=0 tty=ssh ruser= rhost=61.147.107.109 
Apr 13 16:10:30 ovzhost sshd[1193]: Failed password for root from 43.255.190.188 port 42585 ssh2
Apr 13 16:10:32 ovzhost sshd[1195]: Failed password for invalid user accounts from 61.147.107.109 port 10620 ssh2
Apr 13 16:10:32 ovzhost sshd[1195]: Received disconnect from 61.147.107.109: 11: Normal Shutdown, Thank you for playing [preauth]
Apr 13 16:10:35 ovzhost sshd[1193]: message repeated 2 times: [ Failed password for root from 43.255.190.188 port 42585 ssh2]
Apr 13 16:10:35 ovzhost sshd[1193]: Received disconnect from 43.255.190.188: 11:  [preauth]
Apr 13 16:10:35 ovzhost sshd[1193]: PAM 2 more authentication failures; logname= uid=0 euid=0 tty=ssh ruser= rhost=43.255.190.188  user=root
Apr 13 16:10:35 ovzhost sshd[1197]: Invalid user acelife from 61.147.107.109
Apr 13 16:10:35 ovzhost sshd[1197]: input_userauth_request: invalid user acelife [preauth]
Apr 13 16:10:35 ovzhost sshd[1197]: pam_unix(sshd:auth): check pass; user unknown
Apr 13 16:10:35 ovzhost sshd[1197]: pam_unix(sshd:auth): authentication failure; logname= uid=0 euid=0 tty=ssh ruser= rhost=61.147.107.109 
Apr 13 16:10:35 ovzhost sshd[1199]: pam_unix(sshd:auth): authentication failure; logname= uid=0 euid=0 tty=ssh ruser= rhost=43.255.190.188  user=root
Apr 13 16:10:35 ovzhost sshd[1203]: Connection closed by 127.0.0.1 [preauth]
Apr 13 16:10:36 ovzhost sshd[1197]: Failed password for invalid user acelife from 61.147.107.109 port 11644 ssh2
Apr 13 16:10:36 ovzhost sshd[1197]: Received disconnect from 61.147.107.109: 11: Normal Shutdown, Thank you for playing [preauth]
Apr 13 16:10:37 ovzhost sshd[1199]: Failed password for root from 43.255.190.188 port 60069 ssh2
Apr 13 16:10:39 ovzhost sshd[1205]: Invalid user adam from 61.147.107.109
Apr 13 16:10:39 ovzhost sshd[1205]: input_userauth_request: invalid user adam [preauth]
Apr 13 16:10:39 ovzhost sshd[1205]: pam_unix(sshd:auth): check pass; user unknown
Apr 13 16:10:39 ovzhost sshd[1205]: pam_unix(sshd:auth): authentication failure; logname= uid=0 euid=0 tty=ssh ruser= rhost=61.147.107.109 
Apr 13 16:10:41 ovzhost sshd[1199]: message repeated 2 times: [ Failed password for root from 43.255.190.188 port 60069 ssh2]
Apr 13 16:10:41 ovzhost sshd[1199]: Received disconnect from 43.255.190.188: 11:  [preauth]
Apr 13 16:10:41 ovzhost sshd[1199]: PAM 2 more authentication failures; logname= uid=0 euid=0 tty=ssh ruser= rhost=43.255.190.188  user=root
Apr 13 16:10:42 ovzhost sshd[1205]: Failed password for invalid user adam from 61.147.107.109 port 12552 ssh2
Apr 13 16:10:42 ovzhost sshd[1207]: pam_unix(sshd:auth): authentication failure; logname= uid=0 euid=0 tty=ssh ruser= rhost=43.255.190.188  user=root
Apr 13 16:10:42 ovzhost sshd[1205]: Received disconnect from 61.147.107.109: 11: Normal Shutdown, Thank you for playing [preauth]
Apr 13 16:10:44 ovzhost sshd[1207]: Failed password for root from 43.255.190.188 port 47411 ssh2
Apr 13 16:10:44 ovzhost sshd[1209]: Invalid user adele from 61.147.107.109
Apr 13 16:10:44 ovzhost sshd[1209]: input_userauth_request: invalid user adele [preauth]
Apr 13 16:10:44 ovzhost sshd[1209]: pam_unix(sshd:auth): check pass; user unknown
Apr 13 16:10:44 ovzhost sshd[1209]: pam_unix(sshd:auth): authentication failure; logname= uid=0 euid=0 tty=ssh ruser= rhost=61.147.107.109 
Apr 13 16:10:46 ovzhost sshd[1209]: Failed password for invalid user adele from 61.147.107.109 port 13769 ssh2
Apr 13 16:10:46 ovzhost sshd[1209]: Received disconnect from 61.147.107.109: 11: Normal Shutdown, Thank you for playing [preauth]
Apr 13 16:10:49 ovzhost sshd[1207]: message repeated 2 times: [ Failed password for root from 43.255.190.188 port 47411 ssh2]
Apr 13 16:10:49 ovzhost sshd[1207]: Received disconnect from 43.255.190.188: 11:  [preauth]
Apr 13 16:10:49 ovzhost sshd[1207]: PAM 2 more authentication failures; logname= uid=0 euid=0 tty=ssh ruser= rhost=43.255.190.188  user=root
Apr 13 16:10:49 ovzhost sshd[1211]: Invalid user afairfax from 61.147.107.109
Apr 13 16:10:49 ovzhost sshd[1211]: input_userauth_request: invalid user afairfax [preauth]
Apr 13 16:10:49 ovzhost sshd[1211]: pam_unix(sshd:auth): check pass; user unknown
Apr 13 16:10:49 ovzhost sshd[1211]: pam_unix(sshd:auth): authentication failure; logname= uid=0 euid=0 tty=ssh ruser= rhost=61.147.107.109 
Apr 13 16:10:49 ovzhost sshd[1213]: pam_unix(sshd:auth): authentication failure; logname= uid=0 euid=0 tty=ssh ruser= rhost=43.255.190.188  user=root
Apr 13 16:10:51 ovzhost sshd[1211]: Failed password for invalid user afairfax from 61.147.107.109 port 14773 ssh2
Apr 13 16:10:51 ovzhost sshd[1213]: Failed password for root from 43.255.190.188 port 36620 ssh2
Apr 13 16:10:51 ovzhost sshd[1211]: Received disconnect from 61.147.107.109: 11: Normal Shutdown, Thank you for playing [preauth]
Apr 13 16:10:54 ovzhost sshd[1215]: Invalid user agoetz from 61.147.107.109
Apr 13 16:10:54 ovzhost sshd[1215]: input_userauth_request: invalid user agoetz [preauth]
Apr 13 16:10:54 ovzhost sshd[1215]: pam_unix(sshd:auth): check pass; user unknown
Apr 13 16:10:54 ovzhost sshd[1215]: pam_unix(sshd:auth): authentication failure; logname= uid=0 euid=0 tty=ssh ruser= rhost=61.147.107.109 
Apr 13 16:10:56 ovzhost sshd[1215]: Failed password for invalid user agoetz from 61.147.107.109 port 15804 ssh2
Apr 13 16:10:56 ovzhost sshd[1215]: Received disconnect from 61.147.107.109: 11: Normal Shutdown, Thank you for playing [preauth]
Apr 13 16:10:56 ovzhost sshd[1213]: message repeated 2 times: [ Failed password for root from 43.255.190.188 port 36620 ssh2]
Apr 13 16:10:56 ovzhost sshd[1213]: Received disconnect from 43.255.190.188: 11:  [preauth]
Apr 13 16:10:56 ovzhost sshd[1213]: PAM 2 more authentication failures; logname= uid=0 euid=0 tty=ssh ruser= rhost=43.255.190.188  user=root
Apr 13 16:10:57 ovzhost sshd[1217]: pam_unix(sshd:auth): authentication failure; logname= uid=0 euid=0 tty=ssh ruser= rhost=43.255.190.188  user=root
Apr 13 16:10:58 ovzhost sshd[1219]: Invalid user ahmed from 61.147.107.109
Apr 13 16:10:58 ovzhost sshd[1219]: input_userauth_request: invalid user ahmed [preauth]
Apr 13 16:10:58 ovzhost sshd[1219]: pam_unix(sshd:auth): check pass; user unknown
Apr 13 16:10:58 ovzhost sshd[1219]: pam_unix(sshd:auth): authentication failure; logname= uid=0 euid=0 tty=ssh ruser= rhost=61.147.107.109 
Apr 13 16:10:59 ovzhost sshd[1217]: Failed password for root from 43.255.190.188 port 53789 ssh2
Apr 13 16:11:01 ovzhost sshd[1219]: Failed password for invalid user ahmed from 61.147.107.109 port 16752 ssh2
Apr 13 16:11:01 ovzhost sshd[1219]: Received disconnect from 61.147.107.109: 11: Normal Shutdown, Thank you for playing [preauth]
Apr 13 16:11:03 ovzhost sshd[1217]: message repeated 2 times: [ Failed password for root from 43.255.190.188 port 53789 ssh2]
Apr 13 16:11:03 ovzhost sshd[1217]: Received disconnect from 43.255.190.188: 11:  [preauth]
Apr 13 16:11:03 ovzhost sshd[1217]: PAM 2 more authentication failures; logname= uid=0 euid=0 tty=ssh ruser= rhost=43.255.190.188  user=root
Apr 13 16:11:03 ovzhost sshd[1221]: Invalid user ahmed from 61.147.107.109
Apr 13 16:11:03 ovzhost sshd[1221]: input_userauth_request: invalid user ahmed [preauth]
Apr 13 16:11:03 ovzhost sshd[1221]: pam_unix(sshd:auth): check pass; user unknown
Apr 13 16:11:03 ovzhost sshd[1221]: pam_unix(sshd:auth): authentication failure; logname= uid=0 euid=0 tty=ssh ruser= rhost=61.147.107.109 
Apr 13 16:11:03 ovzhost sshd[1223]: pam_unix(sshd:auth): authentication failure; logname= uid=0 euid=0 tty=ssh ruser= rhost=43.255.190.188  user=root
Apr 13 16:11:06 ovzhost sshd[1221]: Failed password for invalid user ahmed from 61.147.107.109 port 17934 ssh2
Apr 13 16:11:06 ovzhost sshd[1223]: Failed password for root from 43.255.190.188 port 40926 ssh2
Apr 13 16:11:06 ovzhost sshd[1221]: Received disconnect from 61.147.107.109: 11: Normal Shutdown, Thank you for playing [preauth]
Apr 13 16:11:09 ovzhost sshd[1227]: Invalid user aine from 61.147.107.109
Apr 13 16:11:09 ovzhost sshd[1227]: input_userauth_request: invalid user aine [preauth]
Apr 13 16:11:09 ovzhost sshd[1227]: pam_unix(sshd:auth): check pass; user unknown
Apr 13 16:11:09 ovzhost sshd[1227]: pam_unix(sshd:auth): authentication failure; logname= uid=0 euid=0 tty=ssh ruser= rhost=61.147.107.109 
Apr 13 16:11:10 ovzhost sshd[1223]: message repeated 2 times: [ Failed password for root from 43.255.190.188 port 40926 ssh2]
Apr 13 16:11:10 ovzhost sshd[1223]: Received disconnect from 43.255.190.188: 11:  [preauth]
Apr 13 16:11:10 ovzhost sshd[1223]: PAM 2 more authentication failures; logname= uid=0 euid=0 tty=ssh ruser= rhost=43.255.190.188  user=root
Apr 13 16:11:11 ovzhost sshd[1229]: pam_unix(sshd:auth): authentication failure; logname= uid=0 euid=0 tty=ssh ruser= rhost=43.255.190.188  user=root
Apr 13 16:11:11 ovzhost sshd[1227]: Failed password for invalid user aine from 61.147.107.109 port 18944 ssh2
Apr 13 16:11:11 ovzhost sshd[1227]: Received disconnect from 61.147.107.109: 11: Normal Shutdown, Thank you for playing [preauth]
Apr 13 16:11:12 ovzhost sshd[1229]: Failed password for root from 43.255.190.188 port 57646 ssh2
Apr 13 16:11:14 ovzhost sshd[1231]: Invalid user ajackson from 61.147.107.109
Apr 13 16:11:14 ovzhost sshd[1231]: input_userauth_request: invalid user ajackson [preauth]
Apr 13 16:11:14 ovzhost sshd[1231]: pam_unix(sshd:auth): check pass; user unknown
Apr 13 16:11:14 ovzhost sshd[1231]: pam_unix(sshd:auth): authentication failure; logname= uid=0 euid=0 tty=ssh ruser= rhost=61.147.107.109 
Apr 13 16:11:16 ovzhost sshd[1231]: Failed password for invalid user ajackson from 61.147.107.109 port 20078 ssh2
Apr 13 16:11:16 ovzhost sshd[1231]: Received disconnect from 61.147.107.109: 11: Normal Shutdown, Thank you for playing [preauth]
Apr 13 16:11:17 ovzhost sshd[1229]: message repeated 2 times: [ Failed password for root from 43.255.190.188 port 57646 ssh2]
Apr 13 16:11:17 ovzhost sshd[1229]: Received disconnect from 43.255.190.188: 11:  [preauth]
Apr 13 16:11:17 ovzhost sshd[1229]: PAM 2 more authentication failures; logname= uid=0 euid=0 tty=ssh ruser= rhost=43.255.190.188  user=root
Apr 13 16:11:17 ovzhost sshd[1233]: pam_unix(sshd:auth): authentication failure; logname= uid=0 euid=0 tty=ssh ruser= rhost=43.255.190.188  user=root
Apr 13 16:11:18 ovzhost sshd[1235]: Invalid user ak from 61.147.107.109
Apr 13 16:11:18 ovzhost sshd[1235]: input_userauth_request: invalid user ak [preauth]
Apr 13 16:11:18 ovzhost sshd[1235]: pam_unix(sshd:auth): check pass; user unknown
Apr 13 16:11:18 ovzhost sshd[1235]: pam_unix(sshd:auth): authentication failure; logname= uid=0 euid=0 tty=ssh ruser= rhost=61.147.107.109 
Apr 13 16:11:20 ovzhost sshd[1233]: Failed password for root from 43.255.190.188 port 43852 ssh2
Apr 13 16:11:21 ovzhost sshd[1235]: Failed password for invalid user ak from 61.147.107.109 port 21048 ssh2
Apr 13 16:11:21 ovzhost sshd[1235]: Received disconnect from 61.147.107.109: 11: Normal Shutdown, Thank you for playing [preauth]
Apr 13 16:11:23 ovzhost sshd[1237]: Invalid user ak from 61.147.107.109
Apr 13 16:11:23 ovzhost sshd[1237]: input_userauth_request: invalid user ak [preauth]
Apr 13 16:11:23 ovzhost sshd[1237]: pam_unix(sshd:auth): check pass; user unknown
Apr 13 16:11:23 ovzhost sshd[1237]: pam_unix(sshd:auth): authentication failure; logname= uid=0 euid=0 tty=ssh ruser= rhost=61.147.107.109 
Apr 13 16:11:24 ovzhost sshd[1233]: message repeated 2 times: [ Failed password for root from 43.255.190.188 port 43852 ssh2]
Apr 13 16:11:24 ovzhost sshd[1233]: Received disconnect from 43.255.190.188: 11:  [preauth]
Apr 13 16:11:24 ovzhost sshd[1233]: PAM 2 more authentication failures; logname= uid=0 euid=0 tty=ssh ruser= rhost=43.255.190.188  user=root
Apr 13 16:11:24 ovzhost sshd[1239]: pam_unix(sshd:auth): authentication failure; logname= uid=0 euid=0 tty=ssh ruser= rhost=43.255.190.188  user=root
Apr 13 16:11:25 ovzhost sshd[1237]: Failed password for invalid user ak from 61.147.107.109 port 22025 ssh2
Apr 13 16:11:25 ovzhost sshd[1237]: Received disconnect from 61.147.107.109: 11: Normal Shutdown, Thank you for playing [preauth]
Apr 13 16:11:26 ovzhost sshd[1239]: Failed password for root from 43.255.190.188 port 35028 ssh2
Apr 13 16:11:27 ovzhost sshd[1241]: Invalid user akuo from 61.147.107.109
Apr 13 16:11:27 ovzhost sshd[1241]: input_userauth_request: invalid user akuo [preauth]
Apr 13 16:11:27 ovzhost sshd[1241]: pam_unix(sshd:auth): check pass; user unknown
Apr 13 16:11:27 ovzhost sshd[1241]: pam_unix(sshd:auth): authentication failure; logname= uid=0 euid=0 tty=ssh ruser= rhost=61.147.107.109 
Apr 13 16:11:30 ovzhost sshd[1241]: Failed password for invalid user akuo from 61.147.107.109 port 22990 ssh2
Apr 13 16:11:30 ovzhost sshd[1241]: Received disconnect from 61.147.107.109: 11: Normal Shutdown, Thank you for playing [preauth]
Apr 13 16:11:31 ovzhost sshd[1239]: message repeated 2 times: [ Failed password for root from 43.255.190.188 port 35028 ssh2]
Apr 13 16:11:31 ovzhost sshd[1239]: Received disconnect from 43.255.190.188: 11:  [preauth]
Apr 13 16:11:31 ovzhost sshd[1239]: PAM 2 more authentication failures; logname= uid=0 euid=0 tty=ssh ruser= rhost=43.255.190.188  user=root
Apr 13 16:11:32 ovzhost sshd[1247]: pam_unix(sshd:auth): authentication failure; logname= uid=0 euid=0 tty=ssh ruser= rhost=43.255.190.188  user=root
Apr 13 16:11:32 ovzhost sshd[1245]: Invalid user image from 61.147.107.109
Apr 13 16:11:32 ovzhost sshd[1245]: input_userauth_request: invalid user image [preauth]
Apr 13 16:11:32 ovzhost sshd[1245]: pam_unix(sshd:auth): check pass; user unknown
Apr 13 16:11:32 ovzhost sshd[1245]: pam_unix(sshd:auth): authentication failure; logname= uid=0 euid=0 tty=ssh ruser= rhost=61.147.107.109 
Apr 13 16:11:34 ovzhost sshd[1247]: Failed password for root from 43.255.190.188 port 56077 ssh2
Apr 13 16:11:34 ovzhost sshd[1245]: Failed password for invalid user image from 61.147.107.109 port 23999 ssh2
Apr 13 16:11:34 ovzhost sshd[1245]: Received disconnect from 61.147.107.109: 11: Normal Shutdown, Thank you for playing [preauth]
Apr 13 16:11:37 ovzhost sshd[1249]: Invalid user all from 61.147.107.109
Apr 13 16:11:37 ovzhost sshd[1249]: input_userauth_request: invalid user all [preauth]
Apr 13 16:11:37 ovzhost sshd[1249]: pam_unix(sshd:auth): check pass; user unknown
Apr 13 16:11:37 ovzhost sshd[1249]: pam_unix(sshd:auth): authentication failure; logname= uid=0 euid=0 tty=ssh ruser= rhost=61.147.107.109 
Apr 13 16:11:38 ovzhost sshd[1247]: message repeated 2 times: [ Failed password for root from 43.255.190.188 port 56077 ssh2]
Apr 13 16:11:38 ovzhost sshd[1247]: Received disconnect from 43.255.190.188: 11:  [preauth]
Apr 13 16:11:38 ovzhost sshd[1247]: PAM 2 more authentication failures; logname= uid=0 euid=0 tty=ssh ruser= rhost=43.255.190.188  user=root
Apr 13 16:11:38 ovzhost sshd[1251]: pam_unix(sshd:auth): authentication failure; logname= uid=0 euid=0 tty=ssh ruser= rhost=43.255.190.188  user=root
Apr 13 16:11:39 ovzhost sshd[1249]: Failed password for invalid user all from 61.147.107.109 port 24969 ssh2
Apr 13 16:11:39 ovzhost sshd[1249]: Received disconnect from 61.147.107.109: 11: Normal Shutdown, Thank you for playing [preauth]
Apr 13 16:11:41 ovzhost sshd[1251]: Failed password for root from 43.255.190.188 port 47645 ssh2
Apr 13 16:11:42 ovzhost sshd[1253]: Invalid user all from 61.147.107.109
Apr 13 16:11:42 ovzhost sshd[1253]: input_userauth_request: invalid user all [preauth]
Apr 13 16:11:42 ovzhost sshd[1253]: pam_unix(sshd:auth): check pass; user unknown
Apr 13 16:11:42 ovzhost sshd[1253]: pam_unix(sshd:auth): authentication failure; logname= uid=0 euid=0 tty=ssh ruser= rhost=61.147.107.109 
Apr 13 16:11:44 ovzhost sshd[1253]: Failed password for invalid user all from 61.147.107.109 port 26108 ssh2
Apr 13 16:11:44 ovzhost sshd[1253]: Received disconnect from 61.147.107.109: 11: Normal Shutdown, Thank you for playing [preauth]
Apr 13 16:11:45 ovzhost sshd[1251]: message repeated 2 times: [ Failed password for root from 43.255.190.188 port 47645 ssh2]
Apr 13 16:11:45 ovzhost sshd[1251]: Received disconnect from 43.255.190.188: 11:  [preauth]
Apr 13 16:11:45 ovzhost sshd[1251]: PAM 2 more authentication failures; logname= uid=0 euid=0 tty=ssh ruser= rhost=43.255.190.188  user=root
Apr 13 16:11:45 ovzhost sshd[1255]: pam_unix(sshd:auth): authentication failure; logname= uid=0 euid=0 tty=ssh ruser= rhost=43.255.190.188  user=root
Apr 13 16:11:47 ovzhost sshd[1257]: Invalid user all from 61.147.107.109
Apr 13 16:11:47 ovzhost sshd[1257]: input_userauth_request: invalid user all [preauth]
Apr 13 16:11:47 ovzhost sshd[1257]: pam_unix(sshd:auth): check pass; user unknown
Apr 13 16:11:47 ovzhost sshd[1257]: pam_unix(sshd:auth): authentication failure; logname= uid=0 euid=0 tty=ssh ruser= rhost=61.147.107.109 
Apr 13 16:11:47 ovzhost sshd[1255]: Failed password for root from 43.255.190.188 port 39377 ssh2
Apr 13 16:11:49 ovzhost sshd[1257]: Failed password for invalid user all from 61.147.107.109 port 27086 ssh2
Apr 13 16:11:49 ovzhost sshd[1257]: Received disconnect from 61.147.107.109: 11: Normal Shutdown, Thank you for playing [preauth]
Apr 13 16:11:51 ovzhost sshd[1259]: Invalid user altibase from 61.147.107.109
Apr 13 16:11:51 ovzhost sshd[1259]: input_userauth_request: invalid user altibase [preauth]
Apr 13 16:11:51 ovzhost sshd[1259]: pam_unix(sshd:auth): check pass; user unknown
Apr 13 16:11:51 ovzhost sshd[1259]: pam_unix(sshd:auth): authentication failure; logname= uid=0 euid=0 tty=ssh ruser= rhost=61.147.107.109 
Apr 13 16:11:52 ovzhost sshd[1255]: message repeated 2 times: [ Failed password for root from 43.255.190.188 port 39377 ssh2]
Apr 13 16:11:52 ovzhost sshd[1255]: Received disconnect from 43.255.190.188: 11:  [preauth]
Apr 13 16:11:52 ovzhost sshd[1255]: PAM 2 more authentication failures; logname= uid=0 euid=0 tty=ssh ruser= rhost=43.255.190.188  user=root
Apr 13 16:11:52 ovzhost sshd[1262]: pam_unix(sshd:auth): authentication failure; logname= uid=0 euid=0 tty=ssh ruser= rhost=43.255.190.188  user=root
Apr 13 16:11:54 ovzhost sshd[1259]: Failed password for invalid user altibase from 61.147.107.109 port 28248 ssh2
Apr 13 16:11:54 ovzhost sshd[1259]: Received disconnect from 61.147.107.109: 11: Normal Shutdown, Thank you for playing [preauth]
Apr 13 16:11:55 ovzhost sshd[1262]: Failed password for root from 43.255.190.188 port 59891 ssh2
Apr 13 16:11:56 ovzhost sshd[1264]: Invalid user altibase from 61.147.107.109
Apr 13 16:11:56 ovzhost sshd[1264]: input_userauth_request: invalid user altibase [preauth]
Apr 13 16:11:56 ovzhost sshd[1264]: pam_unix(sshd:auth): check pass; user unknown
Apr 13 16:11:56 ovzhost sshd[1264]: pam_unix(sshd:auth): authentication failure; logname= uid=0 euid=0 tty=ssh ruser= rhost=61.147.107.109 
Apr 13 16:11:58 ovzhost sshd[1264]: Failed password for invalid user altibase from 61.147.107.109 port 29229 ssh2
Apr 13 16:11:58 ovzhost sshd[1264]: Received disconnect from 61.147.107.109: 11: Normal Shutdown, Thank you for playing [preauth]
Apr 13 16:11:59 ovzhost sshd[1262]: message repeated 2 times: [ Failed password for root from 43.255.190.188 port 59891 ssh2]
Apr 13 16:11:59 ovzhost sshd[1262]: Received disconnect from 43.255.190.188: 11:  [preauth]
Apr 13 16:11:59 ovzhost sshd[1262]: PAM 2 more authentication failures; logname= uid=0 euid=0 tty=ssh ruser= rhost=43.255.190.188  user=root
Apr 13 16:11:59 ovzhost sshd[1266]: pam_unix(sshd:auth): authentication failure; logname= uid=0 euid=0 tty=ssh ruser= rhost=43.255.190.188  user=root
Apr 13 16:12:01 ovzhost sshd[1268]: Invalid user altibase from 61.147.107.109
Apr 13 16:12:01 ovzhost sshd[1268]: input_userauth_request: invalid user altibase [preauth]
Apr 13 16:12:01 ovzhost sshd[1268]: pam_unix(sshd:auth): check pass; user unknown
Apr 13 16:12:01 ovzhost sshd[1268]: pam_unix(sshd:auth): authentication failure; logname= uid=0 euid=0 tty=ssh ruser= rhost=61.147.107.109 
Apr 13 16:12:02 ovzhost sshd[1266]: Failed password for root from 43.255.190.188 port 52994 ssh2
Apr 13 16:12:03 ovzhost sshd[1268]: Failed password for invalid user altibase from 61.147.107.109 port 30129 ssh2
Apr 13 16:12:03 ovzhost sshd[1268]: Received disconnect from 61.147.107.109: 11: Normal Shutdown, Thank you for playing [preauth]
Apr 13 16:12:06 ovzhost sshd[1270]: Invalid user amit from 61.147.107.109
Apr 13 16:12:06 ovzhost sshd[1270]: input_userauth_request: invalid user amit [preauth]
Apr 13 16:12:06 ovzhost sshd[1270]: pam_unix(sshd:auth): check pass; user unknown
Apr 13 16:12:06 ovzhost sshd[1270]: pam_unix(sshd:auth): authentication failure; logname= uid=0 euid=0 tty=ssh ruser= rhost=61.147.107.109 
Apr 13 16:12:07 ovzhost sshd[1266]: message repeated 2 times: [ Failed password for root from 43.255.190.188 port 52994 ssh2]
Apr 13 16:12:07 ovzhost sshd[1266]: Received disconnect from 43.255.190.188: 11:  [preauth]
Apr 13 16:12:07 ovzhost sshd[1266]: PAM 2 more authentication failures; logname= uid=0 euid=0 tty=ssh ruser= rhost=43.255.190.188  user=root
Apr 13 16:12:07 ovzhost sshd[1270]: Failed password for invalid user amit from 61.147.107.109 port 31210 ssh2
Apr 13 16:12:07 ovzhost sshd[1270]: Received disconnect from 61.147.107.109: 11: Normal Shutdown, Thank you for playing [preauth]
Apr 13 16:12:07 ovzhost sshd[1272]: pam_unix(sshd:auth): authentication failure; logname= uid=0 euid=0 tty=ssh ruser= rhost=43.255.190.188  user=root
Apr 13 16:12:09 ovzhost sshd[1272]: Failed password for root from 43.255.190.188 port 47185 ssh2
Apr 13 16:12:10 ovzhost sshd[1274]: Invalid user amix from 61.147.107.109
Apr 13 16:12:10 ovzhost sshd[1274]: input_userauth_request: invalid user amix [preauth]
Apr 13 16:12:10 ovzhost sshd[1274]: pam_unix(sshd:auth): check pass; user unknown
Apr 13 16:12:10 ovzhost sshd[1274]: pam_unix(sshd:auth): authentication failure; logname= uid=0 euid=0 tty=ssh ruser= rhost=61.147.107.109 
Apr 13 16:12:11 ovzhost sshd[1274]: Failed password for invalid user amix from 61.147.107.109 port 32099 ssh2
Apr 13 16:12:12 ovzhost sshd[1274]: Received disconnect from 61.147.107.109: 11: Normal Shutdown, Thank you for playing [preauth]
Apr 13 16:12:13 ovzhost sshd[1272]: message repeated 2 times: [ Failed password for root from 43.255.190.188 port 47185 ssh2]
Apr 13 16:12:13 ovzhost sshd[1272]: Received disconnect from 43.255.190.188: 11:  [preauth]
Apr 13 16:12:13 ovzhost sshd[1272]: PAM 2 more authentication failures; logname= uid=0 euid=0 tty=ssh ruser= rhost=43.255.190.188  user=root
Apr 13 16:12:14 ovzhost sshd[1276]: Invalid user amol from 61.147.107.109
Apr 13 16:12:14 ovzhost sshd[1276]: input_userauth_request: invalid user amol [preauth]
Apr 13 16:12:14 ovzhost sshd[1276]: pam_unix(sshd:auth): check pass; user unknown
Apr 13 16:12:14 ovzhost sshd[1276]: pam_unix(sshd:auth): authentication failure; logname= uid=0 euid=0 tty=ssh ruser= rhost=61.147.107.109 
Apr 13 16:12:14 ovzhost sshd[1278]: pam_unix(sshd:auth): authentication failure; logname= uid=0 euid=0 tty=ssh ruser= rhost=43.255.190.188  user=root
Apr 13 16:12:16 ovzhost sshd[1276]: Failed password for invalid user amol from 61.147.107.109 port 33066 ssh2
Apr 13 16:12:16 ovzhost sshd[1278]: Failed password for root from 43.255.190.188 port 38122 ssh2
Apr 13 16:12:16 ovzhost sshd[1276]: Received disconnect from 61.147.107.109: 11: Normal Shutdown, Thank you for playing [preauth]
Apr 13 16:12:19 ovzhost sshd[1280]: Invalid user amol from 61.147.107.109
Apr 13 16:12:19 ovzhost sshd[1280]: input_userauth_request: invalid user amol [preauth]
Apr 13 16:12:19 ovzhost sshd[1280]: pam_unix(sshd:auth): check pass; user unknown
Apr 13 16:12:19 ovzhost sshd[1280]: pam_unix(sshd:auth): authentication failure; logname= uid=0 euid=0 tty=ssh ruser= rhost=61.147.107.109 
Apr 13 16:12:20 ovzhost sshd[1278]: message repeated 2 times: [ Failed password for root from 43.255.190.188 port 38122 ssh2]
Apr 13 16:12:20 ovzhost sshd[1278]: Received disconnect from 43.255.190.188: 11:  [preauth]
Apr 13 16:12:20 ovzhost sshd[1278]: PAM 2 more authentication failures; logname= uid=0 euid=0 tty=ssh ruser= rhost=43.255.190.188  user=root
Apr 13 16:12:20 ovzhost sshd[1280]: Failed password for invalid user amol from 61.147.107.109 port 34062 ssh2
Apr 13 16:12:21 ovzhost sshd[1280]: Received disconnect from 61.147.107.109: 11: Normal Shutdown, Thank you for playing [preauth]
Apr 13 16:12:21 ovzhost sshd[1282]: pam_unix(sshd:auth): authentication failure; logname= uid=0 euid=0 tty=ssh ruser= rhost=43.255.190.188  user=root
Apr 13 16:12:23 ovzhost sshd[1282]: Failed password for root from 43.255.190.188 port 59178 ssh2
Apr 13 16:12:23 ovzhost sshd[1284]: Invalid user amrita from 61.147.107.109
Apr 13 16:12:23 ovzhost sshd[1284]: input_userauth_request: invalid user amrita [preauth]
Apr 13 16:12:23 ovzhost sshd[1284]: pam_unix(sshd:auth): check pass; user unknown
Apr 13 16:12:23 ovzhost sshd[1284]: pam_unix(sshd:auth): authentication failure; logname= uid=0 euid=0 tty=ssh ruser= rhost=61.147.107.109 
Apr 13 16:12:26 ovzhost sshd[1284]: Failed password for invalid user amrita from 61.147.107.109 port 35062 ssh2
Apr 13 16:12:26 ovzhost sshd[1284]: Received disconnect from 61.147.107.109: 11: Normal Shutdown, Thank you for playing [preauth]
Apr 13 16:12:27 ovzhost sshd[1282]: message repeated 2 times: [ Failed password for root from 43.255.190.188 port 59178 ssh2]
Apr 13 16:12:27 ovzhost sshd[1282]: Received disconnect from 43.255.190.188: 11:  [preauth]
Apr 13 16:12:27 ovzhost sshd[1282]: PAM 2 more authentication failures; logname= uid=0 euid=0 tty=ssh ruser= rhost=43.255.190.188  user=root
Apr 13 16:12:28 ovzhost sshd[1288]: pam_unix(sshd:auth): authentication failure; logname= uid=0 euid=0 tty=ssh ruser= rhost=43.255.190.188  user=root
Apr 13 16:12:28 ovzhost sshd[1286]: Invalid user andy from 61.147.107.109
Apr 13 16:12:28 ovzhost sshd[1286]: input_userauth_request: invalid user andy [preauth]
Apr 13 16:12:28 ovzhost sshd[1286]: pam_unix(sshd:auth): check pass; user unknown
Apr 13 16:12:28 ovzhost sshd[1286]: pam_unix(sshd:auth): authentication failure; logname= uid=0 euid=0 tty=ssh ruser= rhost=61.147.107.109 
Apr 13 16:12:30 ovzhost sshd[1288]: Failed password for root from 43.255.190.188 port 50388 ssh2
Apr 13 16:12:30 ovzhost sshd[1286]: Failed password for invalid user andy from 61.147.107.109 port 36214 ssh2
Apr 13 16:12:30 ovzhost sshd[1286]: Received disconnect from 61.147.107.109: 11: Normal Shutdown, Thank you for playing [preauth]
Apr 13 16:12:33 ovzhost sshd[1290]: Invalid user andy from 61.147.107.109
Apr 13 16:12:33 ovzhost sshd[1290]: input_userauth_request: invalid user andy [preauth]
Apr 13 16:12:33 ovzhost sshd[1290]: pam_unix(sshd:auth): check pass; user unknown
Apr 13 16:12:33 ovzhost sshd[1290]: pam_unix(sshd:auth): authentication failure; logname= uid=0 euid=0 tty=ssh ruser= rhost=61.147.107.109 
Apr 13 16:12:34 ovzhost sshd[1288]: message repeated 2 times: [ Failed password for root from 43.255.190.188 port 50388 ssh2]
Apr 13 16:12:34 ovzhost sshd[1288]: Received disconnect from 43.255.190.188: 11:  [preauth]
Apr 13 16:12:34 ovzhost sshd[1288]: PAM 2 more authentication failures; logname= uid=0 euid=0 tty=ssh ruser= rhost=43.255.190.188  user=root
Apr 13 16:12:34 ovzhost sshd[1290]: Failed password for invalid user andy from 61.147.107.109 port 37198 ssh2
Apr 13 16:12:34 ovzhost sshd[1292]: pam_unix(sshd:auth): authentication failure; logname= uid=0 euid=0 tty=ssh ruser= rhost=43.255.190.188  user=root
Apr 13 16:12:34 ovzhost sshd[1290]: Received disconnect from 61.147.107.109: 11: Normal Shutdown, Thank you for playing [preauth]
Apr 13 16:12:37 ovzhost sshd[1294]: Invalid user angellinetong from 61.147.107.109
Apr 13 16:12:37 ovzhost sshd[1294]: input_userauth_request: invalid user angellinetong [preauth]
Apr 13 16:12:37 ovzhost sshd[1294]: pam_unix(sshd:auth): check pass; user unknown
Apr 13 16:12:37 ovzhost sshd[1294]: pam_unix(sshd:auth): authentication failure; logname= uid=0 euid=0 tty=ssh ruser= rhost=61.147.107.109 
Apr 13 16:12:37 ovzhost sshd[1292]: Failed password for root from 43.255.190.188 port 41618 ssh2
Apr 13 16:12:39 ovzhost sshd[1294]: Failed password for invalid user angellinetong from 61.147.107.109 port 38156 ssh2
Apr 13 16:12:39 ovzhost sshd[1294]: Received disconnect from 61.147.107.109: 11: Normal Shutdown, Thank you for playing [preauth]
Apr 13 16:12:41 ovzhost sshd[1296]: Invalid user anil from 61.147.107.109
Apr 13 16:12:41 ovzhost sshd[1296]: input_userauth_request: invalid user anil [preauth]
Apr 13 16:12:41 ovzhost sshd[1296]: pam_unix(sshd:auth): check pass; user unknown
Apr 13 16:12:41 ovzhost sshd[1296]: pam_unix(sshd:auth): authentication failure; logname= uid=0 euid=0 tty=ssh ruser= rhost=61.147.107.109 
Apr 13 16:12:42 ovzhost sshd[1292]: message repeated 2 times: [ Failed password for root from 43.255.190.188 port 41618 ssh2]
Apr 13 16:12:42 ovzhost sshd[1292]: Received disconnect from 43.255.190.188: 11:  [preauth]
Apr 13 16:12:42 ovzhost sshd[1292]: PAM 2 more authentication failures; logname= uid=0 euid=0 tty=ssh ruser= rhost=43.255.190.188  user=root
Apr 13 16:12:42 ovzhost sshd[1298]: pam_unix(sshd:auth): authentication failure; logname= uid=0 euid=0 tty=ssh ruser= rhost=43.255.190.188  user=root
Apr 13 16:12:43 ovzhost sshd[1296]: Failed password for invalid user anil from 61.147.107.109 port 39224 ssh2
Apr 13 16:12:43 ovzhost sshd[1296]: Received disconnect from 61.147.107.109: 11: Normal Shutdown, Thank you for playing [preauth]
Apr 13 16:12:44 ovzhost sshd[1298]: Failed password for root from 43.255.190.188 port 36246 ssh2
Apr 13 16:12:46 ovzhost sshd[1300]: Invalid user anil from 61.147.107.109
Apr 13 16:12:46 ovzhost sshd[1300]: input_userauth_request: invalid user anil [preauth]
Apr 13 16:12:46 ovzhost sshd[1300]: pam_unix(sshd:auth): check pass; user unknown
Apr 13 16:12:46 ovzhost sshd[1300]: pam_unix(sshd:auth): authentication failure; logname= uid=0 euid=0 tty=ssh ruser= rhost=61.147.107.109 
Apr 13 16:12:48 ovzhost sshd[1300]: Failed password for invalid user anil from 61.147.107.109 port 40228 ssh2
Apr 13 16:12:49 ovzhost sshd[1300]: Received disconnect from 61.147.107.109: 11: Normal Shutdown, Thank you for playing [preauth]
Apr 13 16:12:49 ovzhost sshd[1298]: message repeated 2 times: [ Failed password for root from 43.255.190.188 port 36246 ssh2]
Apr 13 16:12:49 ovzhost sshd[1298]: Received disconnect from 43.255.190.188: 11:  [preauth]
Apr 13 16:12:49 ovzhost sshd[1298]: PAM 2 more authentication failures; logname= uid=0 euid=0 tty=ssh ruser= rhost=43.255.190.188  user=root
Apr 13 16:12:49 ovzhost sshd[1302]: pam_unix(sshd:auth): authentication failure; logname= uid=0 euid=0 tty=ssh ruser= rhost=43.255.190.188  user=root
Apr 13 16:12:51 ovzhost sshd[1304]: Invalid user ans from 61.147.107.109
Apr 13 16:12:51 ovzhost sshd[1304]: input_userauth_request: invalid user ans [preauth]
Apr 13 16:12:51 ovzhost sshd[1304]: pam_unix(sshd:auth): check pass; user unknown
Apr 13 16:12:51 ovzhost sshd[1304]: pam_unix(sshd:auth): authentication failure; logname= uid=0 euid=0 tty=ssh ruser= rhost=61.147.107.109 
Apr 13 16:12:51 ovzhost sshd[1302]: Failed password for root from 43.255.190.188 port 56892 ssh2
Apr 13 16:12:53 ovzhost sshd[1304]: Failed password for invalid user ans from 61.147.107.109 port 41851 ssh2
Apr 13 16:12:53 ovzhost sshd[1304]: Received disconnect from 61.147.107.109: 11: Normal Shutdown, Thank you for playing [preauth]
Apr 13 16:12:55 ovzhost sshd[1302]: message repeated 2 times: [ Failed password for root from 43.255.190.188 port 56892 ssh2]
Apr 13 16:12:55 ovzhost sshd[1302]: Received disconnect from 43.255.190.188: 11:  [preauth]
Apr 13 16:12:55 ovzhost sshd[1302]: PAM 2 more authentication failures; logname= uid=0 euid=0 tty=ssh ruser= rhost=43.255.190.188  user=root
Apr 13 16:12:55 ovzhost sshd[1307]: Invalid user ans from 61.147.107.109
Apr 13 16:12:55 ovzhost sshd[1307]: input_userauth_request: invalid user ans [preauth]
Apr 13 16:12:55 ovzhost sshd[1307]: pam_unix(sshd:auth): check pass; user unknown
Apr 13 16:12:55 ovzhost sshd[1307]: pam_unix(sshd:auth): authentication failure; logname= uid=0 euid=0 tty=ssh ruser= rhost=61.147.107.109 
Apr 13 16:12:56 ovzhost sshd[1309]: pam_unix(sshd:auth): authentication failure; logname= uid=0 euid=0 tty=ssh ruser= rhost=43.255.190.188  user=root
Apr 13 16:12:57 ovzhost sshd[1307]: Failed password for invalid user ans from 61.147.107.109 port 1597 ssh2
Apr 13 16:12:57 ovzhost sshd[1307]: Received disconnect from 61.147.107.109: 11: Normal Shutdown, Thank you for playing [preauth]
Apr 13 16:12:57 ovzhost sshd[1309]: Failed password for root from 43.255.190.188 port 48819 ssh2
Apr 13 16:12:59 ovzhost sshd[1311]: Invalid user anton from 61.147.107.109
Apr 13 16:12:59 ovzhost sshd[1311]: input_userauth_request: invalid user anton [preauth]
Apr 13 16:12:59 ovzhost sshd[1311]: pam_unix(sshd:auth): check pass; user unknown
Apr 13 16:12:59 ovzhost sshd[1311]: pam_unix(sshd:auth): authentication failure; logname= uid=0 euid=0 tty=ssh ruser= rhost=61.147.107.109 
Apr 13 16:13:01 ovzhost sshd[1311]: Failed password for invalid user anton from 61.147.107.109 port 2560 ssh2
Apr 13 16:13:02 ovzhost sshd[1311]: Received disconnect from 61.147.107.109: 11: Normal Shutdown, Thank you for playing [preauth]
Apr 13 16:13:03 ovzhost sshd[1309]: message repeated 2 times: [ Failed password for root from 43.255.190.188 port 48819 ssh2]
Apr 13 16:13:03 ovzhost sshd[1309]: Received disconnect from 43.255.190.188: 11:  [preauth]
Apr 13 16:13:03 ovzhost sshd[1309]: PAM 2 more authentication failures; logname= uid=0 euid=0 tty=ssh ruser= rhost=43.255.190.188  user=root
Apr 13 16:13:03 ovzhost sshd[1315]: pam_unix(sshd:auth): authentication failure; logname= uid=0 euid=0 tty=ssh ruser= rhost=43.255.190.188  user=root
Apr 13 16:13:04 ovzhost sshd[1313]: Invalid user anton from 61.147.107.109
Apr 13 16:13:04 ovzhost sshd[1313]: input_userauth_request: invalid user anton [preauth]
Apr 13 16:13:04 ovzhost sshd[1313]: pam_unix(sshd:auth): check pass; user unknown
Apr 13 16:13:04 ovzhost sshd[1313]: pam_unix(sshd:auth): authentication failure; logname= uid=0 euid=0 tty=ssh ruser= rhost=61.147.107.109 
Apr 13 16:13:05 ovzhost sshd[1315]: Failed password for root from 43.255.190.188 port 41840 ssh2
Apr 13 16:13:06 ovzhost sshd[1313]: Failed password for invalid user anton from 61.147.107.109 port 3442 ssh2
Apr 13 16:13:06 ovzhost sshd[1313]: Received disconnect from 61.147.107.109: 11: Normal Shutdown, Thank you for playing [preauth]
Apr 13 16:13:08 ovzhost sshd[1317]: Invalid user anup from 61.147.107.109
Apr 13 16:13:08 ovzhost sshd[1317]: input_userauth_request: invalid user anup [preauth]
Apr 13 16:13:08 ovzhost sshd[1317]: pam_unix(sshd:auth): check pass; user unknown
Apr 13 16:13:08 ovzhost sshd[1317]: pam_unix(sshd:auth): authentication failure; logname= uid=0 euid=0 tty=ssh ruser= rhost=61.147.107.109 
Apr 13 16:13:09 ovzhost sshd[1315]: message repeated 2 times: [ Failed password for root from 43.255.190.188 port 41840 ssh2]
Apr 13 16:13:09 ovzhost sshd[1315]: Received disconnect from 43.255.190.188: 11:  [preauth]
Apr 13 16:13:09 ovzhost sshd[1315]: PAM 2 more authentication failures; logname= uid=0 euid=0 tty=ssh ruser= rhost=43.255.190.188  user=root
Apr 13 16:13:09 ovzhost sshd[1319]: pam_unix(sshd:auth): authentication failure; logname= uid=0 euid=0 tty=ssh ruser= rhost=43.255.190.188  user=root
Apr 13 16:13:10 ovzhost sshd[1317]: Failed password for invalid user anup from 61.147.107.109 port 4386 ssh2
Apr 13 16:13:10 ovzhost sshd[1317]: Received disconnect from 61.147.107.109: 11: Normal Shutdown, Thank you for playing [preauth]
Apr 13 16:13:12 ovzhost sshd[1319]: Failed password for root from 43.255.190.188 port 60305 ssh2
Apr 13 16:13:12 ovzhost sshd[1321]: Invalid user app from 61.147.107.109
Apr 13 16:13:12 ovzhost sshd[1321]: input_userauth_request: invalid user app [preauth]
Apr 13 16:13:12 ovzhost sshd[1321]: pam_unix(sshd:auth): check pass; user unknown
Apr 13 16:13:12 ovzhost sshd[1321]: pam_unix(sshd:auth): authentication failure; logname= uid=0 euid=0 tty=ssh ruser= rhost=61.147.107.109 
Apr 13 16:13:14 ovzhost sshd[1321]: Failed password for invalid user app from 61.147.107.109 port 5263 ssh2
Apr 13 16:13:15 ovzhost sshd[1321]: Received disconnect from 61.147.107.109: 11: Normal Shutdown, Thank you for playing [preauth]
Apr 13 16:13:16 ovzhost sshd[1319]: message repeated 2 times: [ Failed password for root from 43.255.190.188 port 60305 ssh2]
Apr 13 16:13:16 ovzhost sshd[1319]: Received disconnect from 43.255.190.188: 11:  [preauth]
Apr 13 16:13:16 ovzhost sshd[1319]: PAM 2 more authentication failures; logname= uid=0 euid=0 tty=ssh ruser= rhost=43.255.190.188  user=root
Apr 13 16:13:17 ovzhost sshd[1323]: Invalid user app from 61.147.107.109
Apr 13 16:13:17 ovzhost sshd[1323]: input_userauth_request: invalid user app [preauth]
Apr 13 16:13:17 ovzhost sshd[1323]: pam_unix(sshd:auth): check pass; user unknown
Apr 13 16:13:17 ovzhost sshd[1323]: pam_unix(sshd:auth): authentication failure; logname= uid=0 euid=0 tty=ssh ruser= rhost=61.147.107.109 
Apr 13 16:13:17 ovzhost sshd[1325]: pam_unix(sshd:auth): authentication failure; logname= uid=0 euid=0 tty=ssh ruser= rhost=43.255.190.188  user=root
Apr 13 16:13:18 ovzhost sshd[1323]: Failed password for invalid user app from 61.147.107.109 port 6326 ssh2
Apr 13 16:13:18 ovzhost sshd[1325]: Failed password for root from 43.255.190.188 port 53457 ssh2
Apr 13 16:13:19 ovzhost sshd[1323]: Received disconnect from 61.147.107.109: 11: Normal Shutdown, Thank you for playing [preauth]
Apr 13 16:13:21 ovzhost sshd[1329]: Invalid user appldev from 61.147.107.109
Apr 13 16:13:21 ovzhost sshd[1329]: input_userauth_request: invalid user appldev [preauth]
Apr 13 16:13:21 ovzhost sshd[1329]: pam_unix(sshd:auth): check pass; user unknown
Apr 13 16:13:21 ovzhost sshd[1329]: pam_unix(sshd:auth): authentication failure; logname= uid=0 euid=0 tty=ssh ruser= rhost=61.147.107.109 
Apr 13 16:13:21 ovzhost sshd[1325]: message repeated 2 times: [ Failed password for root from 43.255.190.188 port 53457 ssh2]
Apr 13 16:13:22 ovzhost sshd[1325]: Received disconnect from 43.255.190.188: 11:  [preauth]
Apr 13 16:13:22 ovzhost sshd[1325]: PAM 2 more authentication failures; logname= uid=0 euid=0 tty=ssh ruser= rhost=43.255.190.188  user=root
Apr 13 16:13:22 ovzhost sshd[1331]: pam_unix(sshd:auth): authentication failure; logname= uid=0 euid=0 tty=ssh ruser= rhost=43.255.190.188  user=root
Apr 13 16:13:23 ovzhost sshd[1329]: Failed password for invalid user appldev from 61.147.107.109 port 7234 ssh2
Apr 13 16:13:24 ovzhost sshd[1329]: Received disconnect from 61.147.107.109: 11: Normal Shutdown, Thank you for playing [preauth]
Apr 13 16:13:25 ovzhost sshd[1331]: Failed password for root from 43.255.190.188 port 42081 ssh2
Apr 13 16:13:26 ovzhost sshd[1333]: Invalid user appltest from 61.147.107.109
Apr 13 16:13:26 ovzhost sshd[1333]: input_userauth_request: invalid user appltest [preauth]
Apr 13 16:13:26 ovzhost sshd[1333]: pam_unix(sshd:auth): check pass; user unknown
Apr 13 16:13:26 ovzhost sshd[1333]: pam_unix(sshd:auth): authentication failure; logname= uid=0 euid=0 tty=ssh ruser= rhost=61.147.107.109 
Apr 13 16:13:28 ovzhost sshd[1333]: Failed password for invalid user appltest from 61.147.107.109 port 8304 ssh2
Apr 13 16:13:28 ovzhost sshd[1333]: Received disconnect from 61.147.107.109: 11: Normal Shutdown, Thank you for playing [preauth]
Apr 13 16:13:28 ovzhost sshd[1331]: message repeated 2 times: [ Failed password for root from 43.255.190.188 port 42081 ssh2]
Apr 13 16:13:28 ovzhost sshd[1331]: Received disconnect from 43.255.190.188: 11:  [preauth]
Apr 13 16:13:28 ovzhost sshd[1331]: PAM 2 more authentication failures; logname= uid=0 euid=0 tty=ssh ruser= rhost=43.255.190.188  user=root
Apr 13 16:13:29 ovzhost sshd[1335]: pam_unix(sshd:auth): authentication failure; logname= uid=0 euid=0 tty=ssh ruser= rhost=43.255.190.188  user=root
Apr 13 16:13:30 ovzhost sshd[1337]: Invalid user applvis from 61.147.107.109
Apr 13 16:13:30 ovzhost sshd[1337]: input_userauth_request: invalid user applvis [preauth]
Apr 13 16:13:30 ovzhost sshd[1337]: pam_unix(sshd:auth): check pass; user unknown
Apr 13 16:13:30 ovzhost sshd[1337]: pam_unix(sshd:auth): authentication failure; logname= uid=0 euid=0 tty=ssh ruser= rhost=61.147.107.109 
Apr 13 16:13:31 ovzhost sshd[1335]: Failed password for root from 43.255.190.188 port 33697 ssh2
Apr 13 16:13:32 ovzhost sshd[1337]: Failed password for invalid user applvis from 61.147.107.109 port 9268 ssh2
