Mar 31 17:16:56 ovzhost sudo:     root : unable to resolve host ovzhost
Mar 31 17:16:56 ovzhost sudo:     root : TTY=pts/0 ; PWD=/ ; USER=root ; COMMAND=/usr/bin/less /root/.bash_history
Mar 31 17:16:56 ovzhost sudo: pam_unix(sudo:session): session opened for user root by (uid=0)
Mar 31 17:16:57 ovzhost sudo: pam_unix(sudo:session): session closed for user root
Apr  2 14:31:13 ovzhost sshd[419]: Server listening on 0.0.0.0 port 22.
Apr  2 14:31:13 ovzhost sshd[419]: Server listening on :: port 22.
Apr  2 14:31:13 ovzhost saslauthd[637]: detach_tty      : master pid is: 637
Apr  2 14:31:13 ovzhost saslauthd[637]: ipc_init        : listening on socket: /var/run/saslauthd/mux
Apr  2 14:33:26 ovzhost sshd[797]: Connection closed by 127.0.0.1 [preauth]
Apr 11 07:36:22 ovzhost sshd[788]: Connection closed by 127.0.0.1 [preauth]
Apr 11 07:39:01 ovzhost CRON[800]: pam_env(cron:session): Unable to open env file: /etc/default/locale: No such file or directory
Apr 11 07:39:01 ovzhost CRON[800]: pam_unix(cron:session): session opened for user root by (uid=0)
Apr 11 07:39:02 ovzhost CRON[800]: pam_unix(cron:session): session closed for user root
Apr 11 07:40:01 ovzhost CRON[813]: pam_env(cron:session): Unable to open env file: /etc/default/locale: No such file or directory
Apr 11 07:40:01 ovzhost CRON[813]: pam_unix(cron:session): session opened for user smmsp by (uid=0)
Apr 11 07:40:01 ovzhost CRON[813]: pam_unix(cron:session): session closed for user smmsp
Apr 11 07:40:27 ovzhost sshd[839]: Connection closed by 128.8.37.104 [preauth]
Apr 11 07:41:22 ovzhost sshd[848]: Connection closed by 127.0.0.1 [preauth]
Apr 11 07:46:22 ovzhost sshd[869]: Connection closed by 127.0.0.1 [preauth]
Apr 11 07:50:27 ovzhost sshd[884]: Connection closed by 128.8.37.104 [preauth]
Apr 11 07:50:35 ovzhost sshd[886]: pam_unix(sshd:auth): authentication failure; logname= uid=0 euid=0 tty=ssh ruser= rhost=43.255.190.92  user=root
Apr 11 07:50:37 ovzhost sshd[886]: Failed password for root from 43.255.190.92 port 35548 ssh2
Apr 11 07:50:41 ovzhost sshd[890]: pam_unix(sshd:auth): authentication failure; logname= uid=0 euid=0 tty=ssh ruser= rhost=43.255.190.140  user=root
Apr 11 07:50:41 ovzhost sshd[886]: message repeated 2 times: [ Failed password for root from 43.255.190.92 port 35548 ssh2]
Apr 11 07:50:42 ovzhost sshd[886]: Received disconnect from 43.255.190.92: 11:  [preauth]
Apr 11 07:50:42 ovzhost sshd[886]: PAM 2 more authentication failures; logname= uid=0 euid=0 tty=ssh ruser= rhost=43.255.190.92  user=root
Apr 11 07:50:42 ovzhost sshd[892]: pam_unix(sshd:auth): authentication failure; logname= uid=0 euid=0 tty=ssh ruser= rhost=43.255.190.92  user=root
Apr 11 07:50:44 ovzhost sshd[890]: Failed password for root from 43.255.190.140 port 59554 ssh2
Apr 11 07:50:45 ovzhost sshd[892]: Failed password for root from 43.255.190.92 port 51936 ssh2
Apr 11 07:50:48 ovzhost sshd[890]: message repeated 2 times: [ Failed password for root from 43.255.190.140 port 59554 ssh2]
Apr 11 07:50:48 ovzhost sshd[890]: Received disconnect from 43.255.190.140: 11:  [preauth]
Apr 11 07:50:48 ovzhost sshd[890]: PAM 2 more authentication failures; logname= uid=0 euid=0 tty=ssh ruser= rhost=43.255.190.140  user=root
Apr 11 07:50:49 ovzhost sshd[892]: message repeated 2 times: [ Failed password for root from 43.255.190.92 port 51936 ssh2]
Apr 11 07:50:49 ovzhost sshd[892]: Received disconnect from 43.255.190.92: 11:  [preauth]
Apr 11 07:50:49 ovzhost sshd[892]: PAM 2 more authentication failures; logname= uid=0 euid=0 tty=ssh ruser= rhost=43.255.190.92  user=root
Apr 11 07:50:49 ovzhost sshd[894]: pam_unix(sshd:auth): authentication failure; logname= uid=0 euid=0 tty=ssh ruser= rhost=43.255.190.140  user=root
Apr 11 07:50:50 ovzhost sshd[896]: pam_unix(sshd:auth): authentication failure; logname= uid=0 euid=0 tty=ssh ruser= rhost=43.255.190.92  user=root
Apr 11 07:50:52 ovzhost sshd[894]: Failed password for root from 43.255.190.140 port 51429 ssh2
Apr 11 07:50:52 ovzhost sshd[896]: Failed password for root from 43.255.190.92 port 40821 ssh2
Apr 11 07:50:56 ovzhost sshd[894]: message repeated 2 times: [ Failed password for root from 43.255.190.140 port 51429 ssh2]
Apr 11 07:50:56 ovzhost sshd[894]: Received disconnect from 43.255.190.140: 11:  [preauth]
Apr 11 07:50:56 ovzhost sshd[894]: PAM 2 more authentication failures; logname= uid=0 euid=0 tty=ssh ruser= rhost=43.255.190.140  user=root
Apr 11 07:50:57 ovzhost sshd[896]: message repeated 2 times: [ Failed password for root from 43.255.190.92 port 40821 ssh2]
Apr 11 07:50:57 ovzhost sshd[896]: Received disconnect from 43.255.190.92: 11:  [preauth]
Apr 11 07:50:57 ovzhost sshd[896]: PAM 2 more authentication failures; logname= uid=0 euid=0 tty=ssh ruser= rhost=43.255.190.92  user=root
Apr 11 07:50:57 ovzhost sshd[900]: pam_unix(sshd:auth): authentication failure; logname= uid=0 euid=0 tty=ssh ruser= rhost=43.255.190.140  user=root
Apr 11 07:50:59 ovzhost sshd[902]: pam_unix(sshd:auth): authentication failure; logname= uid=0 euid=0 tty=ssh ruser= rhost=43.255.190.92  user=root
Apr 11 07:50:59 ovzhost sshd[900]: Failed password for root from 43.255.190.140 port 42452 ssh2
Apr 11 07:51:01 ovzhost sshd[902]: Failed password for root from 43.255.190.92 port 57214 ssh2
Apr 11 07:51:04 ovzhost sshd[900]: message repeated 2 times: [ Failed password for root from 43.255.190.140 port 42452 ssh2]
Apr 11 07:51:04 ovzhost sshd[900]: Received disconnect from 43.255.190.140: 11:  [preauth]
Apr 11 07:51:04 ovzhost sshd[900]: PAM 2 more authentication failures; logname= uid=0 euid=0 tty=ssh ruser= rhost=43.255.190.140  user=root
Apr 11 07:51:05 ovzhost sshd[906]: pam_unix(sshd:auth): authentication failure; logname= uid=0 euid=0 tty=ssh ruser= rhost=43.255.190.140  user=root
Apr 11 07:51:06 ovzhost sshd[902]: message repeated 2 times: [ Failed password for root from 43.255.190.92 port 57214 ssh2]
Apr 11 07:51:06 ovzhost sshd[902]: Received disconnect from 43.255.190.92: 11:  [preauth]
Apr 11 07:51:06 ovzhost sshd[902]: PAM 2 more authentication failures; logname= uid=0 euid=0 tty=ssh ruser= rhost=43.255.190.92  user=root
Apr 11 07:51:08 ovzhost sshd[906]: Failed password for root from 43.255.190.140 port 33877 ssh2
Apr 11 07:51:08 ovzhost sshd[908]: pam_unix(sshd:auth): authentication failure; logname= uid=0 euid=0 tty=ssh ruser= rhost=43.255.190.92  user=root
Apr 11 07:51:10 ovzhost sshd[908]: Failed password for root from 43.255.190.92 port 49471 ssh2
Apr 11 07:51:13 ovzhost sshd[906]: message repeated 2 times: [ Failed password for root from 43.255.190.140 port 33877 ssh2]
Apr 11 07:51:13 ovzhost sshd[906]: Received disconnect from 43.255.190.140: 11:  [preauth]
Apr 11 07:51:13 ovzhost sshd[906]: PAM 2 more authentication failures; logname= uid=0 euid=0 tty=ssh ruser= rhost=43.255.190.140  user=root
Apr 11 07:51:13 ovzhost sshd[910]: pam_unix(sshd:auth): authentication failure; logname= uid=0 euid=0 tty=ssh ruser= rhost=43.255.190.140  user=root
Apr 11 07:51:15 ovzhost sshd[908]: message repeated 2 times: [ Failed password for root from 43.255.190.92 port 49471 ssh2]
Apr 11 07:51:15 ovzhost sshd[908]: Received disconnect from 43.255.190.92: 11:  [preauth]
Apr 11 07:51:15 ovzhost sshd[908]: PAM 2 more authentication failures; logname= uid=0 euid=0 tty=ssh ruser= rhost=43.255.190.92  user=root
Apr 11 07:51:15 ovzhost sshd[910]: Failed password for root from 43.255.190.140 port 53199 ssh2
Apr 11 07:51:15 ovzhost sshd[912]: pam_unix(sshd:auth): authentication failure; logname= uid=0 euid=0 tty=ssh ruser= rhost=43.255.190.92  user=root
Apr 11 07:51:17 ovzhost sshd[912]: Failed password for root from 43.255.190.92 port 40054 ssh2
Apr 11 07:51:20 ovzhost sshd[910]: message repeated 2 times: [ Failed password for root from 43.255.190.140 port 53199 ssh2]
Apr 11 07:51:20 ovzhost sshd[910]: Received disconnect from 43.255.190.140: 11:  [preauth]
Apr 11 07:51:20 ovzhost sshd[910]: PAM 2 more authentication failures; logname= uid=0 euid=0 tty=ssh ruser= rhost=43.255.190.140  user=root
Apr 11 07:51:21 ovzhost sshd[914]: pam_unix(sshd:auth): authentication failure; logname= uid=0 euid=0 tty=ssh ruser= rhost=43.255.190.140  user=root
Apr 11 07:51:22 ovzhost sshd[917]: Connection closed by 127.0.0.1 [preauth]
Apr 11 07:51:22 ovzhost sshd[912]: message repeated 2 times: [ Failed password for root from 43.255.190.92 port 40054 ssh2]
Apr 11 07:51:22 ovzhost sshd[912]: Received disconnect from 43.255.190.92: 11:  [preauth]
Apr 11 07:51:22 ovzhost sshd[912]: PAM 2 more authentication failures; logname= uid=0 euid=0 tty=ssh ruser= rhost=43.255.190.92  user=root
Apr 11 07:51:23 ovzhost sshd[914]: Failed password for root from 43.255.190.140 port 42136 ssh2
Apr 11 07:51:26 ovzhost sshd[919]: pam_unix(sshd:auth): authentication failure; logname= uid=0 euid=0 tty=ssh ruser= rhost=43.255.190.92  user=root
Apr 11 07:51:27 ovzhost sshd[914]: message repeated 2 times: [ Failed password for root from 43.255.190.140 port 42136 ssh2]
Apr 11 07:51:27 ovzhost sshd[914]: Received disconnect from 43.255.190.140: 11:  [preauth]
Apr 11 07:51:27 ovzhost sshd[914]: PAM 2 more authentication failures; logname= uid=0 euid=0 tty=ssh ruser= rhost=43.255.190.140  user=root
Apr 11 07:51:28 ovzhost sshd[919]: Failed password for root from 43.255.190.92 port 56991 ssh2
Apr 11 07:51:30 ovzhost sshd[923]: pam_unix(sshd:auth): authentication failure; logname= uid=0 euid=0 tty=ssh ruser= rhost=43.255.190.140  user=root
Apr 11 07:51:32 ovzhost sshd[923]: Failed password for root from 43.255.190.140 port 58970 ssh2
Apr 11 07:51:35 ovzhost sshd[919]: message repeated 2 times: [ Failed password for root from 43.255.190.92 port 56991 ssh2]
Apr 11 07:51:36 ovzhost sshd[919]: Received disconnect from 43.255.190.92: 11:  [preauth]
Apr 11 07:51:36 ovzhost sshd[919]: PAM 2 more authentication failures; logname= uid=0 euid=0 tty=ssh ruser= rhost=43.255.190.92  user=root
Apr 11 07:51:37 ovzhost sshd[925]: pam_unix(sshd:auth): authentication failure; logname= uid=0 euid=0 tty=ssh ruser= rhost=43.255.190.92  user=root
Apr 11 07:51:38 ovzhost sshd[923]: message repeated 2 times: [ Failed password for root from 43.255.190.140 port 58970 ssh2]
Apr 11 07:51:38 ovzhost sshd[923]: Received disconnect from 43.255.190.140: 11:  [preauth]
Apr 11 07:51:38 ovzhost sshd[923]: PAM 2 more authentication failures; logname= uid=0 euid=0 tty=ssh ruser= rhost=43.255.190.140  user=root
Apr 11 07:51:39 ovzhost sshd[925]: Failed password for root from 43.255.190.92 port 56310 ssh2
Apr 11 07:51:42 ovzhost sshd[927]: pam_unix(sshd:auth): authentication failure; logname= uid=0 euid=0 tty=ssh ruser= rhost=43.255.190.140  user=root
Apr 11 07:51:43 ovzhost sshd[925]: message repeated 2 times: [ Failed password for root from 43.255.190.92 port 56310 ssh2]
Apr 11 07:51:43 ovzhost sshd[925]: Received disconnect from 43.255.190.92: 11:  [preauth]
Apr 11 07:51:43 ovzhost sshd[925]: PAM 2 more authentication failures; logname= uid=0 euid=0 tty=ssh ruser= rhost=43.255.190.92  user=root
Apr 11 07:51:44 ovzhost sshd[927]: Failed password for root from 43.255.190.140 port 53867 ssh2
Apr 11 07:51:44 ovzhost sshd[929]: pam_unix(sshd:auth): authentication failure; logname= uid=0 euid=0 tty=ssh ruser= rhost=43.255.190.92  user=root
Apr 11 07:51:46 ovzhost sshd[929]: Failed password for root from 43.255.190.92 port 43288 ssh2
Apr 11 07:51:48 ovzhost sshd[927]: message repeated 2 times: [ Failed password for root from 43.255.190.140 port 53867 ssh2]
Apr 11 07:51:48 ovzhost sshd[927]: Received disconnect from 43.255.190.140: 11:  [preauth]
Apr 11 07:51:48 ovzhost sshd[927]: PAM 2 more authentication failures; logname= uid=0 euid=0 tty=ssh ruser= rhost=43.255.190.140  user=root
Apr 11 07:51:49 ovzhost sshd[931]: pam_unix(sshd:auth): authentication failure; logname= uid=0 euid=0 tty=ssh ruser= rhost=43.255.190.140  user=root
Apr 11 07:51:50 ovzhost sshd[929]: message repeated 2 times: [ Failed password for root from 43.255.190.92 port 43288 ssh2]
Apr 11 07:51:50 ovzhost sshd[929]: Received disconnect from 43.255.190.92: 11:  [preauth]
Apr 11 07:51:50 ovzhost sshd[929]: PAM 2 more authentication failures; logname= uid=0 euid=0 tty=ssh ruser= rhost=43.255.190.92  user=root
Apr 11 07:51:51 ovzhost sshd[931]: Failed password for root from 43.255.190.140 port 49664 ssh2
Apr 11 07:51:54 ovzhost sshd[933]: pam_unix(sshd:auth): authentication failure; logname= uid=0 euid=0 tty=ssh ruser= rhost=43.255.190.92  user=root
Apr 11 07:51:55 ovzhost sshd[931]: message repeated 2 times: [ Failed password for root from 43.255.190.140 port 49664 ssh2]
Apr 11 07:51:55 ovzhost sshd[931]: Received disconnect from 43.255.190.140: 11:  [preauth]
Apr 11 07:51:55 ovzhost sshd[931]: PAM 2 more authentication failures; logname= uid=0 euid=0 tty=ssh ruser= rhost=43.255.190.140  user=root
Apr 11 07:51:57 ovzhost sshd[933]: Failed password for root from 43.255.190.92 port 58392 ssh2
Apr 11 07:51:58 ovzhost sshd[936]: pam_unix(sshd:auth): authentication failure; logname= uid=0 euid=0 tty=ssh ruser= rhost=43.255.190.140  user=root
Apr 11 07:52:00 ovzhost sshd[936]: Failed password for root from 43.255.190.140 port 38054 ssh2
Apr 11 07:52:03 ovzhost sshd[933]: message repeated 2 times: [ Failed password for root from 43.255.190.92 port 58392 ssh2]
Apr 11 07:52:03 ovzhost sshd[933]: Received disconnect from 43.255.190.92: 11:  [preauth]
Apr 11 07:52:03 ovzhost sshd[933]: PAM 2 more authentication failures; logname= uid=0 euid=0 tty=ssh ruser= rhost=43.255.190.92  user=root
Apr 11 07:52:04 ovzhost sshd[938]: pam_unix(sshd:auth): authentication failure; logname= uid=0 euid=0 tty=ssh ruser= rhost=43.255.190.92  user=root
Apr 11 07:52:04 ovzhost sshd[936]: message repeated 2 times: [ Failed password for root from 43.255.190.140 port 38054 ssh2]
Apr 11 07:52:04 ovzhost sshd[936]: Received disconnect from 43.255.190.140: 11:  [preauth]
Apr 11 07:52:04 ovzhost sshd[936]: PAM 2 more authentication failures; logname= uid=0 euid=0 tty=ssh ruser= rhost=43.255.190.140  user=root
Apr 11 07:52:06 ovzhost sshd[940]: pam_unix(sshd:auth): authentication failure; logname= uid=0 euid=0 tty=ssh ruser= rhost=43.255.190.140  user=root
Apr 11 07:52:07 ovzhost sshd[938]: Failed password for root from 43.255.190.92 port 56492 ssh2
Apr 11 07:52:08 ovzhost sshd[940]: Failed password for root from 43.255.190.140 port 58780 ssh2
Apr 11 07:52:11 ovzhost sshd[938]: message repeated 2 times: [ Failed password for root from 43.255.190.92 port 56492 ssh2]
Apr 11 07:52:12 ovzhost sshd[938]: Received disconnect from 43.255.190.92: 11:  [preauth]
Apr 11 07:52:12 ovzhost sshd[938]: PAM 2 more authentication failures; logname= uid=0 euid=0 tty=ssh ruser= rhost=43.255.190.92  user=root
Apr 11 07:52:14 ovzhost sshd[940]: message repeated 2 times: [ Failed password for root from 43.255.190.140 port 58780 ssh2]
Apr 11 07:52:14 ovzhost sshd[940]: Received disconnect from 43.255.190.140: 11:  [preauth]
Apr 11 07:52:14 ovzhost sshd[940]: PAM 2 more authentication failures; logname= uid=0 euid=0 tty=ssh ruser= rhost=43.255.190.140  user=root
Apr 11 07:52:14 ovzhost sshd[942]: pam_unix(sshd:auth): authentication failure; logname= uid=0 euid=0 tty=ssh ruser= rhost=43.255.190.92  user=root
Apr 11 07:52:16 ovzhost sshd[944]: pam_unix(sshd:auth): authentication failure; logname= uid=0 euid=0 tty=ssh ruser= rhost=43.255.190.140  user=root
Apr 11 07:52:16 ovzhost sshd[942]: Failed password for root from 43.255.190.92 port 46680 ssh2
Apr 11 07:52:18 ovzhost sshd[944]: Failed password for root from 43.255.190.140 port 51944 ssh2
Apr 11 07:52:21 ovzhost sshd[942]: message repeated 2 times: [ Failed password for root from 43.255.190.92 port 46680 ssh2]
Apr 11 07:52:21 ovzhost sshd[942]: Received disconnect from 43.255.190.92: 11:  [preauth]
Apr 11 07:52:21 ovzhost sshd[942]: PAM 2 more authentication failures; logname= uid=0 euid=0 tty=ssh ruser= rhost=43.255.190.92  user=root
Apr 11 07:52:22 ovzhost sshd[946]: pam_unix(sshd:auth): authentication failure; logname= uid=0 euid=0 tty=ssh ruser= rhost=43.255.190.92  user=root
Apr 11 07:52:24 ovzhost sshd[946]: Failed password for root from 43.255.190.92 port 35423 ssh2
Apr 11 07:52:23 ovzhost sshd[944]: message repeated 2 times: [ Failed password for root from 43.255.190.140 port 51944 ssh2]
Apr 11 07:52:24 ovzhost sshd[944]: Received disconnect from 43.255.190.140: 11:  [preauth]
Apr 11 07:52:24 ovzhost sshd[944]: PAM 2 more authentication failures; logname= uid=0 euid=0 tty=ssh ruser= rhost=43.255.190.140  user=root
Apr 11 07:52:26 ovzhost sshd[948]: pam_unix(sshd:auth): authentication failure; logname= uid=0 euid=0 tty=ssh ruser= rhost=43.255.190.140  user=root
Apr 11 07:52:28 ovzhost sshd[948]: Failed password for root from 43.255.190.140 port 49331 ssh2
Apr 11 07:52:28 ovzhost sshd[946]: message repeated 2 times: [ Failed password for root from 43.255.190.92 port 35423 ssh2]
Apr 11 07:52:28 ovzhost sshd[946]: Received disconnect from 43.255.190.92: 11:  [preauth]
Apr 11 07:52:28 ovzhost sshd[946]: PAM 2 more authentication failures; logname= uid=0 euid=0 tty=ssh ruser= rhost=43.255.190.92  user=root
Apr 11 07:52:30 ovzhost sshd[950]: pam_unix(sshd:auth): authentication failure; logname= uid=0 euid=0 tty=ssh ruser= rhost=43.255.190.92  user=root
Apr 11 07:52:33 ovzhost sshd[950]: Failed password for root from 43.255.190.92 port 51269 ssh2
Apr 11 07:52:33 ovzhost sshd[948]: message repeated 2 times: [ Failed password for root from 43.255.190.140 port 49331 ssh2]
Apr 11 07:52:33 ovzhost sshd[948]: Received disconnect from 43.255.190.140: 11:  [preauth]
Apr 11 07:52:33 ovzhost sshd[948]: PAM 2 more authentication failures; logname= uid=0 euid=0 tty=ssh ruser= rhost=43.255.190.140  user=root
Apr 11 07:52:34 ovzhost sshd[952]: pam_unix(sshd:auth): authentication failure; logname= uid=0 euid=0 tty=ssh ruser= rhost=43.255.190.140  user=root
Apr 11 07:52:36 ovzhost sshd[952]: Failed password for root from 43.255.190.140 port 42800 ssh2
Apr 11 07:52:38 ovzhost sshd[950]: message repeated 2 times: [ Failed password for root from 43.255.190.92 port 51269 ssh2]
Apr 11 07:52:38 ovzhost sshd[950]: Received disconnect from 43.255.190.92: 11:  [preauth]
Apr 11 07:52:38 ovzhost sshd[950]: PAM 2 more authentication failures; logname= uid=0 euid=0 tty=ssh ruser= rhost=43.255.190.92  user=root
Apr 11 07:52:39 ovzhost sshd[954]: pam_unix(sshd:auth): authentication failure; logname= uid=0 euid=0 tty=ssh ruser= rhost=43.255.190.92  user=root
Apr 11 07:52:40 ovzhost sshd[952]: message repeated 2 times: [ Failed password for root from 43.255.190.140 port 42800 ssh2]
Apr 11 07:52:40 ovzhost sshd[952]: Received disconnect from 43.255.190.140: 11:  [preauth]
Apr 11 07:52:40 ovzhost sshd[952]: PAM 2 more authentication failures; logname= uid=0 euid=0 tty=ssh ruser= rhost=43.255.190.140  user=root
Apr 11 07:52:41 ovzhost sshd[956]: pam_unix(sshd:auth): authentication failure; logname= uid=0 euid=0 tty=ssh ruser= rhost=43.255.190.140  user=root
Apr 11 07:52:41 ovzhost sshd[954]: Failed password for root from 43.255.190.92 port 43340 ssh2
Apr 11 07:52:44 ovzhost sshd[956]: Failed password for root from 43.255.190.140 port 60726 ssh2
Apr 11 07:52:47 ovzhost sshd[954]: message repeated 2 times: [ Failed password for root from 43.255.190.92 port 43340 ssh2]
Apr 11 07:52:47 ovzhost sshd[954]: Received disconnect from 43.255.190.92: 11:  [preauth]
Apr 11 07:52:47 ovzhost sshd[954]: PAM 2 more authentication failures; logname= uid=0 euid=0 tty=ssh ruser= rhost=43.255.190.92  user=root
Apr 11 07:52:48 ovzhost sshd[956]: message repeated 2 times: [ Failed password for root from 43.255.190.140 port 60726 ssh2]
Apr 11 07:52:48 ovzhost sshd[956]: Received disconnect from 43.255.190.140: 11:  [preauth]
Apr 11 07:52:48 ovzhost sshd[956]: PAM 2 more authentication failures; logname= uid=0 euid=0 tty=ssh ruser= rhost=43.255.190.140  user=root
Apr 11 07:52:49 ovzhost sshd[958]: pam_unix(sshd:auth): authentication failure; logname= uid=0 euid=0 tty=ssh ruser= rhost=43.255.190.92  user=root
Apr 11 07:52:51 ovzhost sshd[958]: Failed password for root from 43.255.190.92 port 34607 ssh2
Apr 11 07:52:54 ovzhost sshd[960]: pam_unix(sshd:auth): authentication failure; logname= uid=0 euid=0 tty=ssh ruser= rhost=43.255.190.140  user=root
Apr 11 07:52:56 ovzhost sshd[958]: message repeated 2 times: [ Failed password for root from 43.255.190.92 port 34607 ssh2]
Apr 11 07:52:56 ovzhost sshd[958]: Received disconnect from 43.255.190.92: 11:  [preauth]
Apr 11 07:52:56 ovzhost sshd[958]: PAM 2 more authentication failures; logname= uid=0 euid=0 tty=ssh ruser= rhost=43.255.190.92  user=root
Apr 11 07:52:56 ovzhost sshd[960]: Failed password for root from 43.255.190.140 port 51509 ssh2
Apr 11 07:52:57 ovzhost sshd[963]: pam_unix(sshd:auth): authentication failure; logname= uid=0 euid=0 tty=ssh ruser= rhost=43.255.190.92  user=root
Apr 11 07:52:59 ovzhost sshd[963]: Failed password for root from 43.255.190.92 port 53834 ssh2
Apr 11 07:53:00 ovzhost sshd[960]: message repeated 2 times: [ Failed password for root from 43.255.190.140 port 51509 ssh2]
Apr 11 07:53:01 ovzhost sshd[960]: Received disconnect from 43.255.190.140: 11:  [preauth]
Apr 11 07:53:01 ovzhost sshd[960]: PAM 2 more authentication failures; logname= uid=0 euid=0 tty=ssh ruser= rhost=43.255.190.140  user=root
Apr 11 07:53:01 ovzhost sshd[965]: pam_unix(sshd:auth): authentication failure; logname= uid=0 euid=0 tty=ssh ruser= rhost=43.255.190.140  user=root
Apr 11 07:53:03 ovzhost sshd[963]: message repeated 2 times: [ Failed password for root from 43.255.190.92 port 53834 ssh2]
Apr 11 07:53:03 ovzhost sshd[963]: Received disconnect from 43.255.190.92: 11:  [preauth]
Apr 11 07:53:03 ovzhost sshd[963]: PAM 2 more authentication failures; logname= uid=0 euid=0 tty=ssh ruser= rhost=43.255.190.92  user=root
Apr 11 07:53:03 ovzhost sshd[965]: Failed password for root from 43.255.190.140 port 53045 ssh2
Apr 11 07:53:04 ovzhost sshd[967]: pam_unix(sshd:auth): authentication failure; logname= uid=0 euid=0 tty=ssh ruser= rhost=43.255.190.92  user=root
Apr 11 07:53:06 ovzhost sshd[967]: Failed password for root from 43.255.190.92 port 41676 ssh2
Apr 11 07:53:08 ovzhost sshd[965]: message repeated 2 times: [ Failed password for root from 43.255.190.140 port 53045 ssh2]
Apr 11 07:53:08 ovzhost sshd[965]: Received disconnect from 43.255.190.140: 11:  [preauth]
Apr 11 07:53:08 ovzhost sshd[965]: PAM 2 more authentication failures; logname= uid=0 euid=0 tty=ssh ruser= rhost=43.255.190.140  user=root
Apr 11 07:53:09 ovzhost sshd[971]: pam_unix(sshd:auth): authentication failure; logname= uid=0 euid=0 tty=ssh ruser= rhost=43.255.190.140  user=root
Apr 11 07:53:11 ovzhost sshd[971]: Failed password for root from 43.255.190.140 port 42647 ssh2
Apr 11 07:53:11 ovzhost sshd[967]: message repeated 2 times: [ Failed password for root from 43.255.190.92 port 41676 ssh2]
Apr 11 07:53:11 ovzhost sshd[967]: Received disconnect from 43.255.190.92: 11:  [preauth]
Apr 11 07:53:11 ovzhost sshd[967]: PAM 2 more authentication failures; logname= uid=0 euid=0 tty=ssh ruser= rhost=43.255.190.92  user=root
Apr 11 07:53:13 ovzhost sshd[973]: pam_unix(sshd:auth): authentication failure; logname= uid=0 euid=0 tty=ssh ruser= rhost=43.255.190.92  user=root
Apr 11 07:53:15 ovzhost sshd[973]: Failed password for root from 43.255.190.92 port 59570 ssh2
Apr 11 07:53:16 ovzhost sshd[971]: message repeated 2 times: [ Failed password for root from 43.255.190.140 port 42647 ssh2]
Apr 11 07:53:16 ovzhost sshd[971]: Received disconnect from 43.255.190.140: 11:  [preauth]
Apr 11 07:53:16 ovzhost sshd[971]: PAM 2 more authentication failures; logname= uid=0 euid=0 tty=ssh ruser= rhost=43.255.190.140  user=root
Apr 11 07:53:17 ovzhost sshd[976]: pam_unix(sshd:auth): authentication failure; logname= uid=0 euid=0 tty=ssh ruser= rhost=43.255.190.140  user=root
Apr 11 07:53:20 ovzhost sshd[976]: Failed password for root from 43.255.190.140 port 33340 ssh2
Apr 11 07:53:20 ovzhost sshd[973]: message repeated 2 times: [ Failed password for root from 43.255.190.92 port 59570 ssh2]
Apr 11 07:53:20 ovzhost sshd[973]: Received disconnect from 43.255.190.92: 11:  [preauth]
Apr 11 07:53:20 ovzhost sshd[973]: PAM 2 more authentication failures; logname= uid=0 euid=0 tty=ssh ruser= rhost=43.255.190.92  user=root
Apr 11 07:53:22 ovzhost sshd[978]: pam_unix(sshd:auth): authentication failure; logname= uid=0 euid=0 tty=ssh ruser= rhost=43.255.190.92  user=root
Apr 11 07:53:24 ovzhost sshd[978]: Failed password for root from 43.255.190.92 port 49593 ssh2
Apr 11 07:53:24 ovzhost sshd[976]: message repeated 2 times: [ Failed password for root from 43.255.190.140 port 33340 ssh2]
Apr 11 07:53:24 ovzhost sshd[976]: Received disconnect from 43.255.190.140: 11:  [preauth]
Apr 11 07:53:24 ovzhost sshd[976]: PAM 2 more authentication failures; logname= uid=0 euid=0 tty=ssh ruser= rhost=43.255.190.140  user=root
Apr 11 07:53:25 ovzhost sshd[980]: pam_unix(sshd:auth): authentication failure; logname= uid=0 euid=0 tty=ssh ruser= rhost=43.255.190.140  user=root
Apr 11 07:53:27 ovzhost sshd[980]: Failed password for root from 43.255.190.140 port 52453 ssh2
Apr 11 07:53:29 ovzhost sshd[978]: message repeated 2 times: [ Failed password for root from 43.255.190.92 port 49593 ssh2]
Apr 11 07:53:29 ovzhost sshd[978]: Received disconnect from 43.255.190.92: 11:  [preauth]
Apr 11 07:53:29 ovzhost sshd[978]: PAM 2 more authentication failures; logname= uid=0 euid=0 tty=ssh ruser= rhost=43.255.190.92  user=root
Apr 11 07:53:30 ovzhost sshd[982]: pam_unix(sshd:auth): authentication failure; logname= uid=0 euid=0 tty=ssh ruser= rhost=43.255.190.92  user=root
Apr 11 07:53:32 ovzhost sshd[982]: Failed password for root from 43.255.190.92 port 39078 ssh2
Apr 11 07:53:32 ovzhost sshd[980]: message repeated 2 times: [ Failed password for root from 43.255.190.140 port 52453 ssh2]
Apr 11 07:53:32 ovzhost sshd[980]: Received disconnect from 43.255.190.140: 11:  [preauth]
Apr 11 07:53:32 ovzhost sshd[980]: PAM 2 more authentication failures; logname= uid=0 euid=0 tty=ssh ruser= rhost=43.255.190.140  user=root
Apr 11 07:53:33 ovzhost sshd[984]: pam_unix(sshd:auth): authentication failure; logname= uid=0 euid=0 tty=ssh ruser= rhost=43.255.190.140  user=root
Apr 11 07:53:35 ovzhost sshd[984]: Failed password for root from 43.255.190.140 port 41208 ssh2
Apr 11 07:53:36 ovzhost sshd[982]: message repeated 2 times: [ Failed password for root from 43.255.190.92 port 39078 ssh2]
Apr 11 07:53:36 ovzhost sshd[982]: Received disconnect from 43.255.190.92: 11:  [preauth]
Apr 11 07:53:36 ovzhost sshd[982]: PAM 2 more authentication failures; logname= uid=0 euid=0 tty=ssh ruser= rhost=43.255.190.92  user=root
Apr 11 07:53:37 ovzhost sshd[986]: pam_unix(sshd:auth): authentication failure; logname= uid=0 euid=0 tty=ssh ruser= rhost=43.255.190.92  user=root
Apr 11 07:53:38 ovzhost sshd[984]: message repeated 2 times: [ Failed password for root from 43.255.190.140 port 41208 ssh2]
Apr 11 07:53:38 ovzhost sshd[984]: Received disconnect from 43.255.190.140: 11:  [preauth]
Apr 11 07:53:38 ovzhost sshd[984]: PAM 2 more authentication failures; logname= uid=0 euid=0 tty=ssh ruser= rhost=43.255.190.140  user=root
Apr 11 07:53:39 ovzhost sshd[986]: Failed password for root from 43.255.190.92 port 54466 ssh2
Apr 11 07:53:42 ovzhost sshd[988]: pam_unix(sshd:auth): authentication failure; logname= uid=0 euid=0 tty=ssh ruser= rhost=43.255.190.140  user=root
Apr 11 07:53:44 ovzhost sshd[988]: Failed password for root from 43.255.190.140 port 56831 ssh2
Apr 11 07:53:44 ovzhost sshd[986]: message repeated 2 times: [ Failed password for root from 43.255.190.92 port 54466 ssh2]
Apr 11 07:53:44 ovzhost sshd[986]: Received disconnect from 43.255.190.92: 11:  [preauth]
Apr 11 07:53:44 ovzhost sshd[986]: PAM 2 more authentication failures; logname= uid=0 euid=0 tty=ssh ruser= rhost=43.255.190.92  user=root
Apr 11 07:53:46 ovzhost sshd[990]: pam_unix(sshd:auth): authentication failure; logname= uid=0 euid=0 tty=ssh ruser= rhost=43.255.190.92  user=root
Apr 11 07:53:48 ovzhost sshd[990]: Failed password for root from 43.255.190.92 port 43346 ssh2
Apr 11 07:53:48 ovzhost sshd[988]: message repeated 2 times: [ Failed password for root from 43.255.190.140 port 56831 ssh2]
Apr 11 07:53:48 ovzhost sshd[988]: Received disconnect from 43.255.190.140: 11:  [preauth]
Apr 11 07:53:48 ovzhost sshd[988]: PAM 2 more authentication failures; logname= uid=0 euid=0 tty=ssh ruser= rhost=43.255.190.140  user=root
Apr 11 07:53:50 ovzhost sshd[992]: pam_unix(sshd:auth): authentication failure; logname= uid=0 euid=0 tty=ssh ruser= rhost=43.255.190.140  user=root
Apr 11 07:53:53 ovzhost sshd[990]: message repeated 2 times: [ Failed password for root from 43.255.190.92 port 43346 ssh2]
Apr 11 07:53:53 ovzhost sshd[990]: Received disconnect from 43.255.190.92: 11:  [preauth]
Apr 11 07:53:53 ovzhost sshd[990]: PAM 2 more authentication failures; logname= uid=0 euid=0 tty=ssh ruser= rhost=43.255.190.92  user=root
Apr 11 07:53:53 ovzhost sshd[992]: Failed password for root from 43.255.190.140 port 51169 ssh2
Apr 11 07:53:54 ovzhost sshd[994]: pam_unix(sshd:auth): authentication failure; logname= uid=0 euid=0 tty=ssh ruser= rhost=43.255.190.92  user=root
Apr 11 07:53:55 ovzhost sshd[994]: Failed password for root from 43.255.190.92 port 33132 ssh2
Apr 11 07:53:57 ovzhost sshd[992]: message repeated 2 times: [ Failed password for root from 43.255.190.140 port 51169 ssh2]
Apr 11 07:53:57 ovzhost sshd[992]: Received disconnect from 43.255.190.140: 11:  [preauth]
Apr 11 07:53:57 ovzhost sshd[992]: PAM 2 more authentication failures; logname= uid=0 euid=0 tty=ssh ruser= rhost=43.255.190.140  user=root
Apr 11 07:53:58 ovzhost sshd[998]: pam_unix(sshd:auth): authentication failure; logname= uid=0 euid=0 tty=ssh ruser= rhost=43.255.190.140  user=root
Apr 11 07:53:59 ovzhost sshd[994]: message repeated 2 times: [ Failed password for root from 43.255.190.92 port 33132 ssh2]
Apr 11 07:53:59 ovzhost sshd[994]: Received disconnect from 43.255.190.92: 11:  [preauth]
Apr 11 07:53:59 ovzhost sshd[994]: PAM 2 more authentication failures; logname= uid=0 euid=0 tty=ssh ruser= rhost=43.255.190.92  user=root
Apr 11 07:54:00 ovzhost sshd[998]: Failed password for root from 43.255.190.140 port 43472 ssh2
Apr 11 07:54:00 ovzhost sshd[1000]: pam_unix(sshd:auth): authentication failure; logname= uid=0 euid=0 tty=ssh ruser= rhost=43.255.190.92  user=root
Apr 11 07:54:02 ovzhost sshd[1000]: Failed password for root from 43.255.190.92 port 46993 ssh2
Apr 11 07:54:04 ovzhost sshd[998]: message repeated 2 times: [ Failed password for root from 43.255.190.140 port 43472 ssh2]
Apr 11 07:54:04 ovzhost sshd[998]: Received disconnect from 43.255.190.140: 11:  [preauth]
Apr 11 07:54:04 ovzhost sshd[998]: PAM 2 more authentication failures; logname= uid=0 euid=0 tty=ssh ruser= rhost=43.255.190.140  user=root
Apr 11 07:54:05 ovzhost sshd[1002]: pam_unix(sshd:auth): authentication failure; logname= uid=0 euid=0 tty=ssh ruser= rhost=43.255.190.140  user=root
Apr 11 07:54:06 ovzhost sshd[1000]: message repeated 2 times: [ Failed password for root from 43.255.190.92 port 46993 ssh2]
Apr 11 07:54:06 ovzhost sshd[1000]: Received disconnect from 43.255.190.92: 11:  [preauth]
Apr 11 07:54:06 ovzhost sshd[1000]: PAM 2 more authentication failures; logname= uid=0 euid=0 tty=ssh ruser= rhost=43.255.190.92  user=root
Apr 11 07:54:06 ovzhost sshd[1002]: Failed password for root from 43.255.190.140 port 60512 ssh2
Apr 11 07:54:07 ovzhost sshd[1006]: pam_unix(sshd:auth): authentication failure; logname= uid=0 euid=0 tty=ssh ruser= rhost=43.255.190.92  user=root
Apr 11 07:54:07 ovzhost sshd[1004]: Invalid user zzz from 221.146.74.146
Apr 11 07:54:07 ovzhost sshd[1004]: input_userauth_request: invalid user zzz [preauth]
Apr 11 07:54:07 ovzhost sshd[1004]: pam_unix(sshd:auth): check pass; user unknown
Apr 11 07:54:07 ovzhost sshd[1004]: pam_unix(sshd:auth): authentication failure; logname= uid=0 euid=0 tty=ssh ruser= rhost=221.146.74.146 
Apr 11 07:54:08 ovzhost sshd[1006]: Failed password for root from 43.255.190.92 port 33171 ssh2
Apr 11 07:54:08 ovzhost sshd[1004]: Failed password for invalid user zzz from 221.146.74.146 port 34311 ssh2
Apr 11 07:54:09 ovzhost sshd[1004]: Connection closed by 221.146.74.146 [preauth]
Apr 11 07:54:10 ovzhost sshd[1002]: message repeated 2 times: [ Failed password for root from 43.255.190.140 port 60512 ssh2]
Apr 11 07:54:10 ovzhost sshd[1002]: Received disconnect from 43.255.190.140: 11:  [preauth]
Apr 11 07:54:10 ovzhost sshd[1002]: PAM 2 more authentication failures; logname= uid=0 euid=0 tty=ssh ruser= rhost=43.255.190.140  user=root
Apr 11 07:54:11 ovzhost sshd[1008]: pam_unix(sshd:auth): authentication failure; logname= uid=0 euid=0 tty=ssh ruser= rhost=43.255.190.140  user=root
Apr 11 07:54:12 ovzhost sshd[1006]: message repeated 2 times: [ Failed password for root from 43.255.190.92 port 33171 ssh2]
Apr 11 07:54:12 ovzhost sshd[1006]: Received disconnect from 43.255.190.92: 11:  [preauth]
Apr 11 07:54:12 ovzhost sshd[1006]: PAM 2 more authentication failures; logname= uid=0 euid=0 tty=ssh ruser= rhost=43.255.190.92  user=root
Apr 11 07:54:13 ovzhost sshd[1008]: Failed password for root from 43.255.190.140 port 47020 ssh2
Apr 11 07:54:13 ovzhost sshd[1010]: pam_unix(sshd:auth): authentication failure; logname= uid=0 euid=0 tty=ssh ruser= rhost=43.255.190.92  user=root
Apr 11 07:54:16 ovzhost sshd[1010]: Failed password for root from 43.255.190.92 port 46950 ssh2
Apr 11 07:54:18 ovzhost sshd[1008]: message repeated 2 times: [ Failed password for root from 43.255.190.140 port 47020 ssh2]
Apr 11 07:54:18 ovzhost sshd[1008]: Received disconnect from 43.255.190.140: 11:  [preauth]
Apr 11 07:54:18 ovzhost sshd[1008]: PAM 2 more authentication failures; logname= uid=0 euid=0 tty=ssh ruser= rhost=43.255.190.140  user=root
Apr 11 07:54:20 ovzhost sshd[1012]: pam_unix(sshd:auth): authentication failure; logname= uid=0 euid=0 tty=ssh ruser= rhost=43.255.190.140  user=root
Apr 11 07:54:20 ovzhost sshd[1010]: message repeated 2 times: [ Failed password for root from 43.255.190.92 port 46950 ssh2]
Apr 11 07:54:21 ovzhost sshd[1010]: Received disconnect from 43.255.190.92: 11:  [preauth]
Apr 11 07:54:21 ovzhost sshd[1010]: PAM 2 more authentication failures; logname= uid=0 euid=0 tty=ssh ruser= rhost=43.255.190.92  user=root
Apr 11 07:54:21 ovzhost sshd[1014]: pam_unix(sshd:auth): authentication failure; logname= uid=0 euid=0 tty=ssh ruser= rhost=43.255.190.92  user=root
Apr 11 07:54:22 ovzhost sshd[1012]: Failed password for root from 43.255.190.140 port 36848 ssh2
Apr 11 07:54:24 ovzhost sshd[1014]: Failed password for root from 43.255.190.92 port 36361 ssh2
Apr 11 07:54:25 ovzhost sshd[1012]: message repeated 2 times: [ Failed password for root from 43.255.190.140 port 36848 ssh2]
Apr 11 07:54:25 ovzhost sshd[1012]: Received disconnect from 43.255.190.140: 11:  [preauth]
Apr 11 07:54:25 ovzhost sshd[1012]: PAM 2 more authentication failures; logname= uid=0 euid=0 tty=ssh ruser= rhost=43.255.190.140  user=root
Apr 11 07:54:26 ovzhost sshd[1016]: pam_unix(sshd:auth): authentication failure; logname= uid=0 euid=0 tty=ssh ruser= rhost=43.255.190.140  user=root
Apr 11 07:54:28 ovzhost sshd[1016]: Failed password for root from 43.255.190.140 port 53505 ssh2
Apr 11 07:54:28 ovzhost sshd[1014]: message repeated 2 times: [ Failed password for root from 43.255.190.92 port 36361 ssh2]
Apr 11 07:54:28 ovzhost sshd[1014]: Received disconnect from 43.255.190.92: 11:  [preauth]
Apr 11 07:54:28 ovzhost sshd[1014]: PAM 2 more authentication failures; logname= uid=0 euid=0 tty=ssh ruser= rhost=43.255.190.92  user=root
Apr 11 07:54:30 ovzhost sshd[1018]: pam_unix(sshd:auth): authentication failure; logname= uid=0 euid=0 tty=ssh ruser= rhost=43.255.190.92  user=root
Apr 11 07:54:32 ovzhost sshd[1018]: Failed password for root from 43.255.190.92 port 52637 ssh2
Apr 11 07:54:32 ovzhost sshd[1016]: message repeated 2 times: [ Failed password for root from 43.255.190.140 port 53505 ssh2]
Apr 11 07:54:32 ovzhost sshd[1016]: Received disconnect from 43.255.190.140: 11:  [preauth]
Apr 11 07:54:32 ovzhost sshd[1016]: PAM 2 more authentication failures; logname= uid=0 euid=0 tty=ssh ruser= rhost=43.255.190.140  user=root
Apr 11 07:54:33 ovzhost sshd[1020]: pam_unix(sshd:auth): authentication failure; logname= uid=0 euid=0 tty=ssh ruser= rhost=43.255.190.140  user=root
Apr 11 07:54:35 ovzhost sshd[1020]: Failed password for root from 43.255.190.140 port 41445 ssh2
Apr 11 07:54:36 ovzhost sshd[1018]: message repeated 2 times: [ Failed password for root from 43.255.190.92 port 52637 ssh2]
Apr 11 07:54:36 ovzhost sshd[1018]: Received disconnect from 43.255.190.92: 11:  [preauth]
Apr 11 07:54:36 ovzhost sshd[1018]: PAM 2 more authentication failures; logname= uid=0 euid=0 tty=ssh ruser= rhost=43.255.190.92  user=root
Apr 11 07:54:37 ovzhost sshd[1022]: pam_unix(sshd:auth): authentication failure; logname= uid=0 euid=0 tty=ssh ruser= rhost=43.255.190.92  user=root
Apr 11 07:54:40 ovzhost sshd[1022]: Failed password for root from 43.255.190.92 port 40729 ssh2
Apr 11 07:54:40 ovzhost sshd[1020]: message repeated 2 times: [ Failed password for root from 43.255.190.140 port 41445 ssh2]
Apr 11 07:54:40 ovzhost sshd[1020]: Received disconnect from 43.255.190.140: 11:  [preauth]
Apr 11 07:54:40 ovzhost sshd[1020]: PAM 2 more authentication failures; logname= uid=0 euid=0 tty=ssh ruser= rhost=43.255.190.140  user=root
Apr 11 07:54:41 ovzhost sshd[1024]: pam_unix(sshd:auth): authentication failure; logname= uid=0 euid=0 tty=ssh ruser= rhost=43.255.190.140  user=root
Apr 11 07:54:42 ovzhost sshd[1024]: Failed password for root from 43.255.190.140 port 59653 ssh2
Apr 11 07:54:43 ovzhost sshd[1022]: message repeated 2 times: [ Failed password for root from 43.255.190.92 port 40729 ssh2]
Apr 11 07:54:43 ovzhost sshd[1022]: Received disconnect from 43.255.190.92: 11:  [preauth]
Apr 11 07:54:43 ovzhost sshd[1022]: PAM 2 more authentication failures; logname= uid=0 euid=0 tty=ssh ruser= rhost=43.255.190.92  user=root
Apr 11 07:54:44 ovzhost sshd[1026]: pam_unix(sshd:auth): authentication failure; logname= uid=0 euid=0 tty=ssh ruser= rhost=43.255.190.92  user=root
Apr 11 07:54:46 ovzhost sshd[1026]: Failed password for root from 43.255.190.92 port 55748 ssh2
Apr 11 07:54:46 ovzhost sshd[1024]: message repeated 2 times: [ Failed password for root from 43.255.190.140 port 59653 ssh2]
Apr 11 07:54:47 ovzhost sshd[1024]: Received disconnect from 43.255.190.140: 11:  [preauth]
Apr 11 07:54:47 ovzhost sshd[1024]: PAM 2 more authentication failures; logname= uid=0 euid=0 tty=ssh ruser= rhost=43.255.190.140  user=root
Apr 11 07:54:48 ovzhost sshd[1028]: pam_unix(sshd:auth): authentication failure; logname= uid=0 euid=0 tty=ssh ruser= rhost=43.255.190.140  user=root
Apr 11 07:54:50 ovzhost sshd[1028]: Failed password for root from 43.255.190.140 port 47167 ssh2
Apr 11 07:54:50 ovzhost sshd[1026]: message repeated 2 times: [ Failed password for root from 43.255.190.92 port 55748 ssh2]
Apr 11 07:54:50 ovzhost sshd[1026]: Received disconnect from 43.255.190.92: 11:  [preauth]
Apr 11 07:54:50 ovzhost sshd[1026]: PAM 2 more authentication failures; logname= uid=0 euid=0 tty=ssh ruser= rhost=43.255.190.92  user=root
Apr 11 07:54:55 ovzhost sshd[1030]: pam_unix(sshd:auth): authentication failure; logname= uid=0 euid=0 tty=ssh ruser= rhost=43.255.190.92  user=root
Apr 11 07:54:57 ovzhost sshd[1030]: Failed password for root from 43.255.190.92 port 42818 ssh2
Apr 11 07:54:54 ovzhost sshd[1028]: message repeated 2 times: [ Failed password for root from 43.255.190.140 port 47167 ssh2]
Apr 11 07:54:59 ovzhost sshd[1028]: Received disconnect from 43.255.190.140: 11:  [preauth]
Apr 11 07:54:59 ovzhost sshd[1028]: PAM 2 more authentication failures; logname= uid=0 euid=0 tty=ssh ruser= rhost=43.255.190.140  user=root
Apr 11 07:55:00 ovzhost sshd[1033]: pam_unix(sshd:auth): authentication failure; logname= uid=0 euid=0 tty=ssh ruser= rhost=43.255.190.140  user=root
Apr 11 07:55:01 ovzhost sshd[1030]: message repeated 2 times: [ Failed password for root from 43.255.190.92 port 42818 ssh2]
Apr 11 07:55:01 ovzhost sshd[1030]: Received disconnect from 43.255.190.92: 11:  [preauth]
Apr 11 07:55:01 ovzhost sshd[1030]: PAM 2 more authentication failures; logname= uid=0 euid=0 tty=ssh ruser= rhost=43.255.190.92  user=root
Apr 11 07:55:02 ovzhost sshd[1035]: pam_unix(sshd:auth): authentication failure; logname= uid=0 euid=0 tty=ssh ruser= rhost=43.255.190.92  user=root
Apr 11 07:55:02 ovzhost sshd[1033]: Failed password for root from 43.255.190.140 port 48658 ssh2
Apr 11 07:55:04 ovzhost sshd[1035]: Failed password for root from 43.255.190.92 port 36413 ssh2
Apr 11 07:55:06 ovzhost sshd[1033]: message repeated 2 times: [ Failed password for root from 43.255.190.140 port 48658 ssh2]
Apr 11 07:55:06 ovzhost sshd[1033]: Received disconnect from 43.255.190.140: 11:  [preauth]
Apr 11 07:55:06 ovzhost sshd[1033]: PAM 2 more authentication failures; logname= uid=0 euid=0 tty=ssh ruser= rhost=43.255.190.140  user=root
Apr 11 07:55:07 ovzhost sshd[1035]: message repeated 2 times: [ Failed password for root from 43.255.190.92 port 36413 ssh2]
Apr 11 07:55:07 ovzhost sshd[1035]: Received disconnect from 43.255.190.92: 11:  [preauth]
Apr 11 07:55:07 ovzhost sshd[1035]: PAM 2 more authentication failures; logname= uid=0 euid=0 tty=ssh ruser= rhost=43.255.190.92  user=root
Apr 11 07:55:09 ovzhost sshd[1039]: pam_unix(sshd:auth): authentication failure; logname= uid=0 euid=0 tty=ssh ruser= rhost=43.255.190.92  user=root
Apr 11 07:55:09 ovzhost sshd[1037]: pam_unix(sshd:auth): authentication failure; logname= uid=0 euid=0 tty=ssh ruser= rhost=43.255.190.140  user=root
Apr 11 07:55:11 ovzhost sshd[1039]: Failed password for root from 43.255.190.92 port 49874 ssh2
Apr 11 07:55:11 ovzhost sshd[1037]: Failed password for root from 43.255.190.140 port 37066 ssh2
Apr 11 07:55:15 ovzhost sshd[1039]: message repeated 2 times: [ Failed password for root from 43.255.190.92 port 49874 ssh2]
Apr 11 07:55:15 ovzhost sshd[1039]: Received disconnect from 43.255.190.92: 11:  [preauth]
Apr 11 07:55:15 ovzhost sshd[1039]: PAM 2 more authentication failures; logname= uid=0 euid=0 tty=ssh ruser= rhost=43.255.190.92  user=root
Apr 11 07:55:15 ovzhost sshd[1037]: message repeated 2 times: [ Failed password for root from 43.255.190.140 port 37066 ssh2]
Apr 11 07:55:15 ovzhost sshd[1037]: Received disconnect from 43.255.190.140: 11:  [preauth]
Apr 11 07:55:15 ovzhost sshd[1037]: PAM 2 more authentication failures; logname= uid=0 euid=0 tty=ssh ruser= rhost=43.255.190.140  user=root
Apr 11 07:55:16 ovzhost sshd[1041]: pam_unix(sshd:auth): authentication failure; logname= uid=0 euid=0 tty=ssh ruser= rhost=43.255.190.92  user=root
Apr 11 07:55:16 ovzhost sshd[1043]: pam_unix(sshd:auth): authentication failure; logname= uid=0 euid=0 tty=ssh ruser= rhost=43.255.190.140  user=root
Apr 11 07:55:17 ovzhost sshd[1041]: Failed password for root from 43.255.190.92 port 37798 ssh2
Apr 11 07:55:17 ovzhost sshd[1043]: Failed password for root from 43.255.190.140 port 56735 ssh2
Apr 11 07:55:21 ovzhost sshd[1041]: message repeated 2 times: [ Failed password for root from 43.255.190.92 port 37798 ssh2]
Apr 11 07:55:21 ovzhost sshd[1041]: Received disconnect from 43.255.190.92: 11:  [preauth]
Apr 11 07:55:21 ovzhost sshd[1041]: PAM 2 more authentication failures; logname= uid=0 euid=0 tty=ssh ruser= rhost=43.255.190.92  user=root
Apr 11 07:55:21 ovzhost sshd[1043]: message repeated 2 times: [ Failed password for root from 43.255.190.140 port 56735 ssh2]
Apr 11 07:55:21 ovzhost sshd[1043]: Received disconnect from 43.255.190.140: 11:  [preauth]
Apr 11 07:55:21 ovzhost sshd[1043]: PAM 2 more authentication failures; logname= uid=0 euid=0 tty=ssh ruser= rhost=43.255.190.140  user=root
Apr 11 07:55:22 ovzhost sshd[1045]: pam_unix(sshd:auth): authentication failure; logname= uid=0 euid=0 tty=ssh ruser= rhost=43.255.190.92  user=root
Apr 11 07:55:24 ovzhost sshd[1047]: pam_unix(sshd:auth): authentication failure; logname= uid=0 euid=0 tty=ssh ruser= rhost=43.255.190.140  user=root
Apr 11 07:55:24 ovzhost sshd[1045]: Failed password for root from 43.255.190.92 port 51239 ssh2
Apr 11 07:55:26 ovzhost sshd[1047]: Failed password for root from 43.255.190.140 port 43889 ssh2
Apr 11 07:55:29 ovzhost sshd[1045]: message repeated 2 times: [ Failed password for root from 43.255.190.92 port 51239 ssh2]
Apr 11 07:55:29 ovzhost sshd[1045]: Received disconnect from 43.255.190.92: 11:  [preauth]
Apr 11 07:55:29 ovzhost sshd[1045]: PAM 2 more authentication failures; logname= uid=0 euid=0 tty=ssh ruser= rhost=43.255.190.92  user=root
Apr 11 07:55:30 ovzhost sshd[1049]: pam_unix(sshd:auth): authentication failure; logname= uid=0 euid=0 tty=ssh ruser= rhost=43.255.190.92  user=root
Apr 11 07:55:31 ovzhost sshd[1047]: message repeated 2 times: [ Failed password for root from 43.255.190.140 port 43889 ssh2]
Apr 11 07:55:31 ovzhost sshd[1047]: Received disconnect from 43.255.190.140: 11:  [preauth]
Apr 11 07:55:31 ovzhost sshd[1047]: PAM 2 more authentication failures; logname= uid=0 euid=0 tty=ssh ruser= rhost=43.255.190.140  user=root
Apr 11 07:55:32 ovzhost sshd[1051]: pam_unix(sshd:auth): authentication failure; logname= uid=0 euid=0 tty=ssh ruser= rhost=43.255.190.140  user=root
Apr 11 07:55:32 ovzhost sshd[1049]: Failed password for root from 43.255.190.92 port 39773 ssh2
Apr 11 07:55:33 ovzhost sshd[1051]: Failed password for root from 43.255.190.140 port 37700 ssh2
Apr 11 07:55:36 ovzhost sshd[1049]: message repeated 2 times: [ Failed password for root from 43.255.190.92 port 39773 ssh2]
Apr 11 07:55:36 ovzhost sshd[1049]: Received disconnect from 43.255.190.92: 11:  [preauth]
Apr 11 07:55:36 ovzhost sshd[1049]: PAM 2 more authentication failures; logname= uid=0 euid=0 tty=ssh ruser= rhost=43.255.190.92  user=root
Apr 11 07:55:38 ovzhost sshd[1053]: pam_unix(sshd:auth): authentication failure; logname= uid=0 euid=0 tty=ssh ruser= rhost=43.255.190.92  user=root
Apr 11 07:55:38 ovzhost sshd[1051]: message repeated 2 times: [ Failed password for root from 43.255.190.140 port 37700 ssh2]
Apr 11 07:55:38 ovzhost sshd[1051]: Received disconnect from 43.255.190.140: 11:  [preauth]
Apr 11 07:55:38 ovzhost sshd[1051]: PAM 2 more authentication failures; logname= uid=0 euid=0 tty=ssh ruser= rhost=43.255.190.140  user=root
Apr 11 07:55:40 ovzhost sshd[1057]: pam_unix(sshd:auth): authentication failure; logname= uid=0 euid=0 tty=ssh ruser= rhost=43.255.190.140  user=root
Apr 11 07:55:40 ovzhost sshd[1053]: Failed password for root from 43.255.190.92 port 55066 ssh2
Apr 11 07:55:41 ovzhost sshd[1057]: Failed password for root from 43.255.190.140 port 54711 ssh2
Apr 11 07:55:43 ovzhost sshd[1053]: message repeated 2 times: [ Failed password for root from 43.255.190.92 port 55066 ssh2]
Apr 11 07:55:44 ovzhost sshd[1053]: Received disconnect from 43.255.190.92: 11:  [preauth]
Apr 11 07:55:44 ovzhost sshd[1053]: PAM 2 more authentication failures; logname= uid=0 euid=0 tty=ssh ruser= rhost=43.255.190.92  user=root
Apr 11 07:55:45 ovzhost sshd[1057]: message repeated 2 times: [ Failed password for root from 43.255.190.140 port 54711 ssh2]
Apr 11 07:55:45 ovzhost sshd[1057]: Received disconnect from 43.255.190.140: 11:  [preauth]
Apr 11 07:55:45 ovzhost sshd[1057]: PAM 2 more authentication failures; logname= uid=0 euid=0 tty=ssh ruser= rhost=43.255.190.140  user=root
Apr 11 07:55:47 ovzhost sshd[1061]: pam_unix(sshd:auth): authentication failure; logname= uid=0 euid=0 tty=ssh ruser= rhost=43.255.190.140  user=root
Apr 11 07:55:49 ovzhost sshd[1061]: Failed password for root from 43.255.190.140 port 43773 ssh2
Apr 11 07:55:50 ovzhost sshd[1059]: pam_unix(sshd:auth): authentication failure; logname= uid=0 euid=0 tty=ssh ruser= rhost=43.255.190.92  user=root
Apr 11 07:55:52 ovzhost sshd[1059]: Failed password for root from 43.255.190.92 port 42774 ssh2
Apr 11 07:55:53 ovzhost sshd[1061]: message repeated 2 times: [ Failed password for root from 43.255.190.140 port 43773 ssh2]
Apr 11 07:55:53 ovzhost sshd[1061]: Received disconnect from 43.255.190.140: 11:  [preauth]
Apr 11 07:55:53 ovzhost sshd[1061]: PAM 2 more authentication failures; logname= uid=0 euid=0 tty=ssh ruser= rhost=43.255.190.140  user=root
Apr 11 07:55:53 ovzhost sshd[1063]: pam_unix(sshd:auth): authentication failure; logname= uid=0 euid=0 tty=ssh ruser= rhost=43.255.190.140  user=root
Apr 11 07:55:55 ovzhost sshd[1063]: Failed password for root from 43.255.190.140 port 60955 ssh2
Apr 11 07:55:56 ovzhost sshd[1059]: message repeated 2 times: [ Failed password for root from 43.255.190.92 port 42774 ssh2]
Apr 11 07:55:56 ovzhost sshd[1059]: Received disconnect from 43.255.190.92: 11:  [preauth]
Apr 11 07:55:56 ovzhost sshd[1059]: PAM 2 more authentication failures; logname= uid=0 euid=0 tty=ssh ruser= rhost=43.255.190.92  user=root
Apr 11 07:55:57 ovzhost sshd[1067]: pam_unix(sshd:auth): authentication failure; logname= uid=0 euid=0 tty=ssh ruser= rhost=43.255.190.92  user=root
Apr 11 07:55:59 ovzhost sshd[1067]: Failed password for root from 43.255.190.92 port 39149 ssh2
Apr 11 07:56:00 ovzhost sshd[1063]: message repeated 2 times: [ Failed password for root from 43.255.190.140 port 60955 ssh2]
Apr 11 07:56:00 ovzhost sshd[1063]: Received disconnect from 43.255.190.140: 11:  [preauth]
Apr 11 07:56:00 ovzhost sshd[1063]: PAM 2 more authentication failures; logname= uid=0 euid=0 tty=ssh ruser= rhost=43.255.190.140  user=root
Apr 11 07:56:04 ovzhost sshd[1067]: message repeated 2 times: [ Failed password for root from 43.255.190.92 port 39149 ssh2]
Apr 11 07:56:05 ovzhost sshd[1067]: Received disconnect from 43.255.190.92: 11:  [preauth]
Apr 11 07:56:05 ovzhost sshd[1067]: PAM 2 more authentication failures; logname= uid=0 euid=0 tty=ssh ruser= rhost=43.255.190.92  user=root
