Apr 11 07:56:05 ovzhost sshd[1071]: pam_unix(sshd:auth): authentication failure; logname= uid=0 euid=0 tty=ssh ruser= rhost=43.255.190.140  user=root
Apr 11 07:56:05 ovzhost sshd[1073]: pam_unix(sshd:auth): authentication failure; logname= uid=0 euid=0 tty=ssh ruser= rhost=43.255.190.92  user=root
Apr 11 07:56:06 ovzhost sshd[1071]: Failed password for root from 43.255.190.140 port 49689 ssh2
Apr 11 07:56:07 ovzhost sshd[1073]: Failed password for root from 43.255.190.92 port 57285 ssh2
Apr 11 07:56:11 ovzhost sshd[1071]: message repeated 2 times: [ Failed password for root from 43.255.190.140 port 49689 ssh2]
Apr 11 07:56:11 ovzhost sshd[1071]: Received disconnect from 43.255.190.140: 11:  [preauth]
Apr 11 07:56:11 ovzhost sshd[1071]: PAM 2 more authentication failures; logname= uid=0 euid=0 tty=ssh ruser= rhost=43.255.190.140  user=root
Apr 11 07:56:11 ovzhost sshd[1073]: message repeated 2 times: [ Failed password for root from 43.255.190.92 port 57285 ssh2]
Apr 11 07:56:12 ovzhost sshd[1073]: Received disconnect from 43.255.190.92: 11:  [preauth]
Apr 11 07:56:12 ovzhost sshd[1073]: PAM 2 more authentication failures; logname= uid=0 euid=0 tty=ssh ruser= rhost=43.255.190.92  user=root
Apr 11 07:56:13 ovzhost sshd[1075]: pam_unix(sshd:auth): authentication failure; logname= uid=0 euid=0 tty=ssh ruser= rhost=43.255.190.140  user=root
Apr 11 07:56:14 ovzhost sshd[1077]: pam_unix(sshd:auth): authentication failure; logname= uid=0 euid=0 tty=ssh ruser= rhost=43.255.190.92  user=root
Apr 11 07:56:15 ovzhost sshd[1075]: Failed password for root from 43.255.190.140 port 45245 ssh2
Apr 11 07:56:16 ovzhost sshd[1077]: Failed password for root from 43.255.190.92 port 43638 ssh2
Apr 11 07:56:19 ovzhost sshd[1075]: message repeated 2 times: [ Failed password for root from 43.255.190.140 port 45245 ssh2]
Apr 11 07:56:19 ovzhost sshd[1075]: Received disconnect from 43.255.190.140: 11:  [preauth]
Apr 11 07:56:19 ovzhost sshd[1075]: PAM 2 more authentication failures; logname= uid=0 euid=0 tty=ssh ruser= rhost=43.255.190.140  user=root
Apr 11 07:56:20 ovzhost sshd[1077]: message repeated 2 times: [ Failed password for root from 43.255.190.92 port 43638 ssh2]
Apr 11 07:56:20 ovzhost sshd[1077]: Received disconnect from 43.255.190.92: 11:  [preauth]
Apr 11 07:56:20 ovzhost sshd[1077]: PAM 2 more authentication failures; logname= uid=0 euid=0 tty=ssh ruser= rhost=43.255.190.92  user=root
Apr 11 07:56:21 ovzhost sshd[1079]: pam_unix(sshd:auth): authentication failure; logname= uid=0 euid=0 tty=ssh ruser= rhost=43.255.190.140  user=root
Apr 11 07:56:22 ovzhost sshd[1081]: pam_unix(sshd:auth): authentication failure; logname= uid=0 euid=0 tty=ssh ruser= rhost=43.255.190.92  user=root
Apr 11 07:56:22 ovzhost sshd[1084]: Connection closed by 127.0.0.1 [preauth]
Apr 11 07:56:23 ovzhost sshd[1079]: Failed password for root from 43.255.190.140 port 36756 ssh2
Apr 11 07:56:24 ovzhost sshd[1081]: Failed password for root from 43.255.190.92 port 33021 ssh2
Apr 11 07:56:27 ovzhost sshd[1079]: message repeated 2 times: [ Failed password for root from 43.255.190.140 port 36756 ssh2]
Apr 11 07:56:27 ovzhost sshd[1079]: Received disconnect from 43.255.190.140: 11:  [preauth]
Apr 11 07:56:27 ovzhost sshd[1079]: PAM 2 more authentication failures; logname= uid=0 euid=0 tty=ssh ruser= rhost=43.255.190.140  user=root
Apr 11 07:56:28 ovzhost sshd[1081]: message repeated 2 times: [ Failed password for root from 43.255.190.92 port 33021 ssh2]
Apr 11 07:56:28 ovzhost sshd[1081]: Received disconnect from 43.255.190.92: 11:  [preauth]
Apr 11 07:56:28 ovzhost sshd[1081]: PAM 2 more authentication failures; logname= uid=0 euid=0 tty=ssh ruser= rhost=43.255.190.92  user=root
Apr 11 07:56:28 ovzhost sshd[1088]: pam_unix(sshd:auth): authentication failure; logname= uid=0 euid=0 tty=ssh ruser= rhost=43.255.190.140  user=root
Apr 11 07:56:28 ovzhost sshd[1090]: pam_unix(sshd:auth): authentication failure; logname= uid=0 euid=0 tty=ssh ruser= rhost=43.255.190.92  user=root
Apr 11 07:56:30 ovzhost sshd[1088]: Failed password for root from 43.255.190.140 port 54698 ssh2
Apr 11 07:56:30 ovzhost sshd[1090]: Failed password for root from 43.255.190.92 port 49497 ssh2
Apr 11 07:56:35 ovzhost sshd[1090]: message repeated 2 times: [ Failed password for root from 43.255.190.92 port 49497 ssh2]
Apr 11 07:56:35 ovzhost sshd[1090]: Received disconnect from 43.255.190.92: 11:  [preauth]
Apr 11 07:56:35 ovzhost sshd[1090]: PAM 2 more authentication failures; logname= uid=0 euid=0 tty=ssh ruser= rhost=43.255.190.92  user=root
Apr 11 07:56:35 ovzhost sshd[1088]: message repeated 2 times: [ Failed password for root from 43.255.190.140 port 54698 ssh2]
Apr 11 07:56:35 ovzhost sshd[1088]: Received disconnect from 43.255.190.140: 11:  [preauth]
Apr 11 07:56:35 ovzhost sshd[1088]: PAM 2 more authentication failures; logname= uid=0 euid=0 tty=ssh ruser= rhost=43.255.190.140  user=root
Apr 11 07:56:36 ovzhost sshd[1094]: pam_unix(sshd:auth): authentication failure; logname= uid=0 euid=0 tty=ssh ruser= rhost=43.255.190.140  user=root
Apr 11 07:56:37 ovzhost sshd[1092]: pam_unix(sshd:auth): authentication failure; logname= uid=0 euid=0 tty=ssh ruser= rhost=43.255.190.92  user=root
Apr 11 07:56:38 ovzhost sshd[1094]: Failed password for root from 43.255.190.140 port 44783 ssh2
Apr 11 07:56:39 ovzhost sshd[1092]: Failed password for root from 43.255.190.92 port 36162 ssh2
Apr 11 07:56:42 ovzhost sshd[1094]: message repeated 2 times: [ Failed password for root from 43.255.190.140 port 44783 ssh2]
Apr 11 07:56:43 ovzhost sshd[1094]: Received disconnect from 43.255.190.140: 11:  [preauth]
Apr 11 07:56:43 ovzhost sshd[1094]: PAM 2 more authentication failures; logname= uid=0 euid=0 tty=ssh ruser= rhost=43.255.190.140  user=root
Apr 11 07:56:44 ovzhost sshd[1096]: pam_unix(sshd:auth): authentication failure; logname= uid=0 euid=0 tty=ssh ruser= rhost=43.255.190.140  user=root
Apr 11 07:56:44 ovzhost sshd[1092]: message repeated 2 times: [ Failed password for root from 43.255.190.92 port 36162 ssh2]
Apr 11 07:56:44 ovzhost sshd[1092]: Received disconnect from 43.255.190.92: 11:  [preauth]
Apr 11 07:56:44 ovzhost sshd[1092]: PAM 2 more authentication failures; logname= uid=0 euid=0 tty=ssh ruser= rhost=43.255.190.92  user=root
Apr 11 07:56:46 ovzhost sshd[1098]: pam_unix(sshd:auth): authentication failure; logname= uid=0 euid=0 tty=ssh ruser= rhost=43.255.190.92  user=root
Apr 11 07:56:46 ovzhost sshd[1096]: Failed password for root from 43.255.190.140 port 34894 ssh2
Apr 11 07:56:48 ovzhost sshd[1098]: Failed password for root from 43.255.190.92 port 55426 ssh2
Apr 11 07:56:50 ovzhost sshd[1096]: message repeated 2 times: [ Failed password for root from 43.255.190.140 port 34894 ssh2]
Apr 11 07:56:50 ovzhost sshd[1096]: Received disconnect from 43.255.190.140: 11:  [preauth]
Apr 11 07:56:50 ovzhost sshd[1096]: PAM 2 more authentication failures; logname= uid=0 euid=0 tty=ssh ruser= rhost=43.255.190.140  user=root
Apr 11 07:56:52 ovzhost sshd[1100]: pam_unix(sshd:auth): authentication failure; logname= uid=0 euid=0 tty=ssh ruser= rhost=43.255.190.140  user=root
Apr 11 07:56:52 ovzhost sshd[1098]: message repeated 2 times: [ Failed password for root from 43.255.190.92 port 55426 ssh2]
Apr 11 07:56:52 ovzhost sshd[1098]: Received disconnect from 43.255.190.92: 11:  [preauth]
Apr 11 07:56:52 ovzhost sshd[1098]: PAM 2 more authentication failures; logname= uid=0 euid=0 tty=ssh ruser= rhost=43.255.190.92  user=root
Apr 11 07:56:53 ovzhost sshd[1100]: Failed password for root from 43.255.190.140 port 52777 ssh2
Apr 11 07:56:54 ovzhost sshd[1102]: pam_unix(sshd:auth): authentication failure; logname= uid=0 euid=0 tty=ssh ruser= rhost=43.255.190.92  user=root
Apr 11 07:56:56 ovzhost sshd[1102]: Failed password for root from 43.255.190.92 port 45528 ssh2
Apr 11 07:56:58 ovzhost sshd[1100]: message repeated 2 times: [ Failed password for root from 43.255.190.140 port 52777 ssh2]
Apr 11 07:56:59 ovzhost sshd[1100]: Received disconnect from 43.255.190.140: 11:  [preauth]
Apr 11 07:56:59 ovzhost sshd[1100]: PAM 2 more authentication failures; logname= uid=0 euid=0 tty=ssh ruser= rhost=43.255.190.140  user=root
Apr 11 07:57:00 ovzhost sshd[1105]: pam_unix(sshd:auth): authentication failure; logname= uid=0 euid=0 tty=ssh ruser= rhost=43.255.190.140  user=root
Apr 11 07:57:00 ovzhost sshd[1102]: message repeated 2 times: [ Failed password for root from 43.255.190.92 port 45528 ssh2]
Apr 11 07:57:00 ovzhost sshd[1102]: Received disconnect from 43.255.190.92: 11:  [preauth]
Apr 11 07:57:00 ovzhost sshd[1102]: PAM 2 more authentication failures; logname= uid=0 euid=0 tty=ssh ruser= rhost=43.255.190.92  user=root
Apr 11 07:57:01 ovzhost sshd[1107]: pam_unix(sshd:auth): authentication failure; logname= uid=0 euid=0 tty=ssh ruser= rhost=43.255.190.92  user=root
Apr 11 07:57:01 ovzhost sshd[1105]: Failed password for root from 43.255.190.140 port 44786 ssh2
Apr 11 07:57:03 ovzhost sshd[1107]: Failed password for root from 43.255.190.92 port 34728 ssh2
Apr 11 07:57:06 ovzhost sshd[1105]: message repeated 2 times: [ Failed password for root from 43.255.190.140 port 44786 ssh2]
Apr 11 07:57:06 ovzhost sshd[1105]: Received disconnect from 43.255.190.140: 11:  [preauth]
Apr 11 07:57:06 ovzhost sshd[1105]: PAM 2 more authentication failures; logname= uid=0 euid=0 tty=ssh ruser= rhost=43.255.190.140  user=root
Apr 11 07:57:08 ovzhost sshd[1107]: message repeated 2 times: [ Failed password for root from 43.255.190.92 port 34728 ssh2]
Apr 11 07:57:08 ovzhost sshd[1107]: Received disconnect from 43.255.190.92: 11:  [preauth]
Apr 11 07:57:08 ovzhost sshd[1107]: PAM 2 more authentication failures; logname= uid=0 euid=0 tty=ssh ruser= rhost=43.255.190.92  user=root
Apr 11 07:57:09 ovzhost sshd[1109]: pam_unix(sshd:auth): authentication failure; logname= uid=0 euid=0 tty=ssh ruser= rhost=43.255.190.140  user=root
Apr 11 07:57:10 ovzhost sshd[1111]: pam_unix(sshd:auth): authentication failure; logname= uid=0 euid=0 tty=ssh ruser= rhost=43.255.190.92  user=root
Apr 11 07:57:11 ovzhost sshd[1109]: Failed password for root from 43.255.190.140 port 35247 ssh2
Apr 11 07:57:12 ovzhost sshd[1111]: Failed password for root from 43.255.190.92 port 53808 ssh2
Apr 11 07:57:16 ovzhost sshd[1109]: message repeated 2 times: [ Failed password for root from 43.255.190.140 port 35247 ssh2]
Apr 11 07:57:16 ovzhost sshd[1109]: Received disconnect from 43.255.190.140: 11:  [preauth]
Apr 11 07:57:16 ovzhost sshd[1109]: PAM 2 more authentication failures; logname= uid=0 euid=0 tty=ssh ruser= rhost=43.255.190.140  user=root
Apr 11 07:57:17 ovzhost sshd[1111]: message repeated 2 times: [ Failed password for root from 43.255.190.92 port 53808 ssh2]
Apr 11 07:57:17 ovzhost sshd[1111]: Received disconnect from 43.255.190.92: 11:  [preauth]
Apr 11 07:57:17 ovzhost sshd[1111]: PAM 2 more authentication failures; logname= uid=0 euid=0 tty=ssh ruser= rhost=43.255.190.92  user=root
Apr 11 07:57:17 ovzhost sshd[1113]: pam_unix(sshd:auth): authentication failure; logname= uid=0 euid=0 tty=ssh ruser= rhost=43.255.190.140  user=root
Apr 11 07:57:18 ovzhost sshd[1115]: pam_unix(sshd:auth): authentication failure; logname= uid=0 euid=0 tty=ssh ruser= rhost=43.255.190.92  user=root
Apr 11 07:57:20 ovzhost sshd[1113]: Failed password for root from 43.255.190.140 port 59994 ssh2
Apr 11 07:57:20 ovzhost sshd[1115]: Failed password for root from 43.255.190.92 port 43835 ssh2
Apr 11 07:57:23 ovzhost sshd[1113]: message repeated 2 times: [ Failed password for root from 43.255.190.140 port 59994 ssh2]
Apr 11 07:57:24 ovzhost sshd[1113]: Received disconnect from 43.255.190.140: 11:  [preauth]
Apr 11 07:57:24 ovzhost sshd[1113]: PAM 2 more authentication failures; logname= uid=0 euid=0 tty=ssh ruser= rhost=43.255.190.140  user=root
Apr 11 07:57:27 ovzhost sshd[1118]: pam_unix(sshd:auth): authentication failure; logname= uid=0 euid=0 tty=ssh ruser= rhost=43.255.190.140  user=root
Apr 11 07:57:29 ovzhost sshd[1118]: Failed password for root from 43.255.190.140 port 52940 ssh2
Apr 11 07:57:24 ovzhost sshd[1115]: message repeated 2 times: [ Failed password for root from 43.255.190.92 port 43835 ssh2]
Apr 11 07:57:29 ovzhost sshd[1115]: Received disconnect from 43.255.190.92: 11:  [preauth]
Apr 11 07:57:29 ovzhost sshd[1115]: PAM 2 more authentication failures; logname= uid=0 euid=0 tty=ssh ruser= rhost=43.255.190.92  user=root
Apr 11 07:57:30 ovzhost sshd[1120]: pam_unix(sshd:auth): authentication failure; logname= uid=0 euid=0 tty=ssh ruser= rhost=43.255.190.92  user=root
Apr 11 07:57:32 ovzhost sshd[1120]: Failed password for root from 43.255.190.92 port 42850 ssh2
Apr 11 07:57:33 ovzhost sshd[1118]: message repeated 2 times: [ Failed password for root from 43.255.190.140 port 52940 ssh2]
Apr 11 07:57:33 ovzhost sshd[1118]: Received disconnect from 43.255.190.140: 11:  [preauth]
Apr 11 07:57:33 ovzhost sshd[1118]: PAM 2 more authentication failures; logname= uid=0 euid=0 tty=ssh ruser= rhost=43.255.190.140  user=root
Apr 11 07:57:34 ovzhost sshd[1122]: pam_unix(sshd:auth): authentication failure; logname= uid=0 euid=0 tty=ssh ruser= rhost=43.255.190.140  user=root
Apr 11 07:57:36 ovzhost sshd[1122]: Failed password for root from 43.255.190.140 port 49011 ssh2
Apr 11 07:57:36 ovzhost sshd[1120]: message repeated 2 times: [ Failed password for root from 43.255.190.92 port 42850 ssh2]
Apr 11 07:57:36 ovzhost sshd[1120]: Received disconnect from 43.255.190.92: 11:  [preauth]
Apr 11 07:57:36 ovzhost sshd[1120]: PAM 2 more authentication failures; logname= uid=0 euid=0 tty=ssh ruser= rhost=43.255.190.92  user=root
Apr 11 07:57:37 ovzhost sshd[1124]: pam_unix(sshd:auth): authentication failure; logname= uid=0 euid=0 tty=ssh ruser= rhost=43.255.190.92  user=root
Apr 11 07:57:39 ovzhost sshd[1124]: Failed password for root from 43.255.190.92 port 60532 ssh2
Apr 11 07:57:41 ovzhost sshd[1122]: message repeated 2 times: [ Failed password for root from 43.255.190.140 port 49011 ssh2]
Apr 11 07:57:41 ovzhost sshd[1122]: Received disconnect from 43.255.190.140: 11:  [preauth]
Apr 11 07:57:41 ovzhost sshd[1122]: PAM 2 more authentication failures; logname= uid=0 euid=0 tty=ssh ruser= rhost=43.255.190.140  user=root
Apr 11 07:57:41 ovzhost sshd[1126]: pam_unix(sshd:auth): authentication failure; logname= uid=0 euid=0 tty=ssh ruser= rhost=43.255.190.140  user=root
Apr 11 07:57:43 ovzhost sshd[1126]: Failed password for root from 43.255.190.140 port 40650 ssh2
Apr 11 07:57:43 ovzhost sshd[1124]: message repeated 2 times: [ Failed password for root from 43.255.190.92 port 60532 ssh2]
Apr 11 07:57:44 ovzhost sshd[1124]: Received disconnect from 43.255.190.92: 11:  [preauth]
Apr 11 07:57:44 ovzhost sshd[1124]: PAM 2 more authentication failures; logname= uid=0 euid=0 tty=ssh ruser= rhost=43.255.190.92  user=root
Apr 11 07:57:44 ovzhost sshd[1128]: pam_unix(sshd:auth): authentication failure; logname= uid=0 euid=0 tty=ssh ruser= rhost=43.255.190.92  user=root
Apr 11 07:57:46 ovzhost sshd[1128]: Failed password for root from 43.255.190.92 port 53552 ssh2
Apr 11 07:57:48 ovzhost sshd[1126]: message repeated 2 times: [ Failed password for root from 43.255.190.140 port 40650 ssh2]
Apr 11 07:57:48 ovzhost sshd[1126]: Received disconnect from 43.255.190.140: 11:  [preauth]
Apr 11 07:57:48 ovzhost sshd[1126]: PAM 2 more authentication failures; logname= uid=0 euid=0 tty=ssh ruser= rhost=43.255.190.140  user=root
Apr 11 07:57:48 ovzhost sshd[1130]: pam_unix(sshd:auth): authentication failure; logname= uid=0 euid=0 tty=ssh ruser= rhost=43.255.190.140  user=root
Apr 11 07:57:51 ovzhost sshd[1130]: Failed password for root from 43.255.190.140 port 59882 ssh2
Apr 11 07:57:50 ovzhost sshd[1128]: message repeated 2 times: [ Failed password for root from 43.255.190.92 port 53552 ssh2]
Apr 11 07:57:51 ovzhost sshd[1128]: Received disconnect from 43.255.190.92: 11:  [preauth]
Apr 11 07:57:51 ovzhost sshd[1128]: PAM 2 more authentication failures; logname= uid=0 euid=0 tty=ssh ruser= rhost=43.255.190.92  user=root
Apr 11 07:57:53 ovzhost sshd[1132]: pam_unix(sshd:auth): authentication failure; logname= uid=0 euid=0 tty=ssh ruser= rhost=43.255.190.92  user=root
Apr 11 07:57:55 ovzhost sshd[1132]: Failed password for root from 43.255.190.92 port 45566 ssh2
Apr 11 07:57:55 ovzhost sshd[1130]: message repeated 2 times: [ Failed password for root from 43.255.190.140 port 59882 ssh2]
Apr 11 07:57:55 ovzhost sshd[1130]: Received disconnect from 43.255.190.140: 11:  [preauth]
Apr 11 07:57:55 ovzhost sshd[1130]: PAM 2 more authentication failures; logname= uid=0 euid=0 tty=ssh ruser= rhost=43.255.190.140  user=root
Apr 11 07:57:56 ovzhost sshd[1135]: pam_unix(sshd:auth): authentication failure; logname= uid=0 euid=0 tty=ssh ruser= rhost=43.255.190.140  user=root
Apr 11 07:57:58 ovzhost sshd[1135]: Failed password for root from 43.255.190.140 port 52156 ssh2
Apr 11 07:58:00 ovzhost sshd[1132]: message repeated 2 times: [ Failed password for root from 43.255.190.92 port 45566 ssh2]
Apr 11 07:58:00 ovzhost sshd[1132]: Received disconnect from 43.255.190.92: 11:  [preauth]
Apr 11 07:58:00 ovzhost sshd[1132]: PAM 2 more authentication failures; logname= uid=0 euid=0 tty=ssh ruser= rhost=43.255.190.92  user=root
Apr 11 07:58:01 ovzhost sshd[1137]: pam_unix(sshd:auth): authentication failure; logname= uid=0 euid=0 tty=ssh ruser= rhost=43.255.190.92  user=root
Apr 11 07:58:02 ovzhost sshd[1135]: message repeated 2 times: [ Failed password for root from 43.255.190.140 port 52156 ssh2]
Apr 11 07:58:02 ovzhost sshd[1135]: Received disconnect from 43.255.190.140: 11:  [preauth]
Apr 11 07:58:02 ovzhost sshd[1135]: PAM 2 more authentication failures; logname= uid=0 euid=0 tty=ssh ruser= rhost=43.255.190.140  user=root
Apr 11 07:58:03 ovzhost sshd[1139]: pam_unix(sshd:auth): authentication failure; logname= uid=0 euid=0 tty=ssh ruser= rhost=43.255.190.140  user=root
Apr 11 07:58:03 ovzhost sshd[1137]: Failed password for root from 43.255.190.92 port 39068 ssh2
Apr 11 07:58:05 ovzhost sshd[1139]: Failed password for root from 43.255.190.140 port 43215 ssh2
Apr 11 07:58:07 ovzhost sshd[1137]: message repeated 2 times: [ Failed password for root from 43.255.190.92 port 39068 ssh2]
Apr 11 07:58:07 ovzhost sshd[1137]: Received disconnect from 43.255.190.92: 11:  [preauth]
Apr 11 07:58:07 ovzhost sshd[1137]: PAM 2 more authentication failures; logname= uid=0 euid=0 tty=ssh ruser= rhost=43.255.190.92  user=root
Apr 11 07:58:07 ovzhost sshd[1141]: pam_unix(sshd:auth): authentication failure; logname= uid=0 euid=0 tty=ssh ruser= rhost=43.255.190.92  user=root
Apr 11 07:58:09 ovzhost sshd[1139]: message repeated 2 times: [ Failed password for root from 43.255.190.140 port 43215 ssh2]
Apr 11 07:58:09 ovzhost sshd[1139]: Received disconnect from 43.255.190.140: 11:  [preauth]
Apr 11 07:58:09 ovzhost sshd[1139]: PAM 2 more authentication failures; logname= uid=0 euid=0 tty=ssh ruser= rhost=43.255.190.140  user=root
Apr 11 07:58:10 ovzhost sshd[1145]: pam_unix(sshd:auth): authentication failure; logname= uid=0 euid=0 tty=ssh ruser= rhost=43.255.190.140  user=root
Apr 11 07:58:10 ovzhost sshd[1141]: Failed password for root from 43.255.190.92 port 56162 ssh2
Apr 11 07:58:12 ovzhost sshd[1145]: Failed password for root from 43.255.190.140 port 36410 ssh2
Apr 11 07:58:14 ovzhost sshd[1141]: message repeated 2 times: [ Failed password for root from 43.255.190.92 port 56162 ssh2]
Apr 11 07:58:14 ovzhost sshd[1141]: Received disconnect from 43.255.190.92: 11:  [preauth]
Apr 11 07:58:14 ovzhost sshd[1141]: PAM 2 more authentication failures; logname= uid=0 euid=0 tty=ssh ruser= rhost=43.255.190.92  user=root
Apr 11 07:58:16 ovzhost sshd[1147]: pam_unix(sshd:auth): authentication failure; logname= uid=0 euid=0 tty=ssh ruser= rhost=43.255.190.92  user=root
Apr 11 07:58:17 ovzhost sshd[1145]: message repeated 2 times: [ Failed password for root from 43.255.190.140 port 36410 ssh2]
Apr 11 07:58:17 ovzhost sshd[1145]: Received disconnect from 43.255.190.140: 11:  [preauth]
Apr 11 07:58:17 ovzhost sshd[1145]: PAM 2 more authentication failures; logname= uid=0 euid=0 tty=ssh ruser= rhost=43.255.190.140  user=root
Apr 11 07:58:18 ovzhost sshd[1147]: Failed password for root from 43.255.190.92 port 45644 ssh2
Apr 11 07:58:19 ovzhost sshd[1150]: pam_unix(sshd:auth): authentication failure; logname= uid=0 euid=0 tty=ssh ruser= rhost=43.255.190.140  user=root
Apr 11 07:58:22 ovzhost sshd[1150]: Failed password for root from 43.255.190.140 port 57649 ssh2
Apr 11 07:58:22 ovzhost sshd[1147]: message repeated 2 times: [ Failed password for root from 43.255.190.92 port 45644 ssh2]
Apr 11 07:58:22 ovzhost sshd[1147]: Received disconnect from 43.255.190.92: 11:  [preauth]
Apr 11 07:58:22 ovzhost sshd[1147]: PAM 2 more authentication failures; logname= uid=0 euid=0 tty=ssh ruser= rhost=43.255.190.92  user=root
Apr 11 07:58:23 ovzhost sshd[1152]: pam_unix(sshd:auth): authentication failure; logname= uid=0 euid=0 tty=ssh ruser= rhost=43.255.190.92  user=root
Apr 11 07:58:25 ovzhost sshd[1152]: Failed password for root from 43.255.190.92 port 34751 ssh2
Apr 11 07:58:26 ovzhost sshd[1150]: message repeated 2 times: [ Failed password for root from 43.255.190.140 port 57649 ssh2]
Apr 11 07:58:26 ovzhost sshd[1150]: Received disconnect from 43.255.190.140: 11:  [preauth]
Apr 11 07:58:26 ovzhost sshd[1150]: PAM 2 more authentication failures; logname= uid=0 euid=0 tty=ssh ruser= rhost=43.255.190.140  user=root
Apr 11 07:58:26 ovzhost sshd[1156]: pam_unix(sshd:auth): authentication failure; logname= uid=0 euid=0 tty=ssh ruser= rhost=43.255.190.140  user=root
Apr 11 07:58:29 ovzhost sshd[1156]: Failed password for root from 43.255.190.140 port 54499 ssh2
Apr 11 07:58:29 ovzhost sshd[1152]: message repeated 2 times: [ Failed password for root from 43.255.190.92 port 34751 ssh2]
Apr 11 07:58:29 ovzhost sshd[1152]: Received disconnect from 43.255.190.92: 11:  [preauth]
Apr 11 07:58:29 ovzhost sshd[1152]: PAM 2 more authentication failures; logname= uid=0 euid=0 tty=ssh ruser= rhost=43.255.190.92  user=root
Apr 11 07:58:30 ovzhost sshd[1158]: pam_unix(sshd:auth): authentication failure; logname= uid=0 euid=0 tty=ssh ruser= rhost=43.255.190.92  user=root
Apr 11 07:58:33 ovzhost sshd[1158]: Failed password for root from 43.255.190.92 port 52112 ssh2
Apr 11 07:58:33 ovzhost sshd[1156]: message repeated 2 times: [ Failed password for root from 43.255.190.140 port 54499 ssh2]
Apr 11 07:58:33 ovzhost sshd[1156]: Received disconnect from 43.255.190.140: 11:  [preauth]
Apr 11 07:58:33 ovzhost sshd[1156]: PAM 2 more authentication failures; logname= uid=0 euid=0 tty=ssh ruser= rhost=43.255.190.140  user=root
Apr 11 07:58:33 ovzhost sshd[1160]: pam_unix(sshd:auth): authentication failure; logname= uid=0 euid=0 tty=ssh ruser= rhost=43.255.190.140  user=root
Apr 11 07:58:36 ovzhost sshd[1160]: Failed password for root from 43.255.190.140 port 47323 ssh2
Apr 11 07:58:37 ovzhost sshd[1158]: message repeated 2 times: [ Failed password for root from 43.255.190.92 port 52112 ssh2]
Apr 11 07:58:37 ovzhost sshd[1158]: Received disconnect from 43.255.190.92: 11:  [preauth]
Apr 11 07:58:37 ovzhost sshd[1158]: PAM 2 more authentication failures; logname= uid=0 euid=0 tty=ssh ruser= rhost=43.255.190.92  user=root
Apr 11 07:58:38 ovzhost sshd[1162]: pam_unix(sshd:auth): authentication failure; logname= uid=0 euid=0 tty=ssh ruser= rhost=43.255.190.92  user=root
Apr 11 07:58:40 ovzhost sshd[1162]: Failed password for root from 43.255.190.92 port 40840 ssh2
Apr 11 07:58:40 ovzhost sshd[1160]: message repeated 2 times: [ Failed password for root from 43.255.190.140 port 47323 ssh2]
Apr 11 07:58:40 ovzhost sshd[1160]: Received disconnect from 43.255.190.140: 11:  [preauth]
Apr 11 07:58:40 ovzhost sshd[1160]: PAM 2 more authentication failures; logname= uid=0 euid=0 tty=ssh ruser= rhost=43.255.190.140  user=root
Apr 11 07:58:43 ovzhost sshd[1164]: pam_unix(sshd:auth): authentication failure; logname= uid=0 euid=0 tty=ssh ruser= rhost=43.255.190.140  user=root
Apr 11 07:58:44 ovzhost sshd[1162]: message repeated 2 times: [ Failed password for root from 43.255.190.92 port 40840 ssh2]
Apr 11 07:58:45 ovzhost sshd[1162]: Received disconnect from 43.255.190.92: 11:  [preauth]
Apr 11 07:58:45 ovzhost sshd[1162]: PAM 2 more authentication failures; logname= uid=0 euid=0 tty=ssh ruser= rhost=43.255.190.92  user=root
Apr 11 07:58:45 ovzhost sshd[1166]: pam_unix(sshd:auth): authentication failure; logname= uid=0 euid=0 tty=ssh ruser= rhost=43.255.190.92  user=root
Apr 11 07:58:45 ovzhost sshd[1164]: Failed password for root from 43.255.190.140 port 40560 ssh2
Apr 11 07:58:47 ovzhost sshd[1166]: Failed password for root from 43.255.190.92 port 57590 ssh2
Apr 11 07:58:50 ovzhost sshd[1164]: message repeated 2 times: [ Failed password for root from 43.255.190.140 port 40560 ssh2]
Apr 11 07:58:50 ovzhost sshd[1164]: Received disconnect from 43.255.190.140: 11:  [preauth]
Apr 11 07:58:50 ovzhost sshd[1164]: PAM 2 more authentication failures; logname= uid=0 euid=0 tty=ssh ruser= rhost=43.255.190.140  user=root
Apr 11 07:58:50 ovzhost sshd[1168]: pam_unix(sshd:auth): authentication failure; logname= uid=0 euid=0 tty=ssh ruser= rhost=43.255.190.140  user=root
Apr 11 07:58:52 ovzhost sshd[1166]: message repeated 2 times: [ Failed password for root from 43.255.190.92 port 57590 ssh2]
Apr 11 07:58:52 ovzhost sshd[1166]: Received disconnect from 43.255.190.92: 11:  [preauth]
Apr 11 07:58:52 ovzhost sshd[1166]: PAM 2 more authentication failures; logname= uid=0 euid=0 tty=ssh ruser= rhost=43.255.190.92  user=root
Apr 11 07:58:53 ovzhost sshd[1168]: Failed password for root from 43.255.190.140 port 39066 ssh2
Apr 11 07:58:53 ovzhost sshd[1170]: pam_unix(sshd:auth): authentication failure; logname= uid=0 euid=0 tty=ssh ruser= rhost=43.255.190.92  user=root
Apr 11 07:58:54 ovzhost sshd[1170]: Failed password for root from 43.255.190.92 port 46846 ssh2
Apr 11 07:58:57 ovzhost sshd[1168]: message repeated 2 times: [ Failed password for root from 43.255.190.140 port 39066 ssh2]
Apr 11 07:58:57 ovzhost sshd[1168]: Received disconnect from 43.255.190.140: 11:  [preauth]
Apr 11 07:58:57 ovzhost sshd[1168]: PAM 2 more authentication failures; logname= uid=0 euid=0 tty=ssh ruser= rhost=43.255.190.140  user=root
Apr 11 07:58:57 ovzhost sshd[1174]: pam_unix(sshd:auth): authentication failure; logname= uid=0 euid=0 tty=ssh ruser= rhost=43.255.190.140  user=root
Apr 11 07:58:59 ovzhost sshd[1170]: message repeated 2 times: [ Failed password for root from 43.255.190.92 port 46846 ssh2]
Apr 11 07:58:59 ovzhost sshd[1170]: Received disconnect from 43.255.190.92: 11:  [preauth]
Apr 11 07:58:59 ovzhost sshd[1170]: PAM 2 more authentication failures; logname= uid=0 euid=0 tty=ssh ruser= rhost=43.255.190.92  user=root
Apr 11 07:59:00 ovzhost sshd[1174]: Failed password for root from 43.255.190.140 port 59262 ssh2
Apr 11 07:59:03 ovzhost sshd[1174]: message repeated 2 times: [ Failed password for root from 43.255.190.140 port 59262 ssh2]
Apr 11 07:59:04 ovzhost sshd[1174]: Received disconnect from 43.255.190.140: 11:  [preauth]
Apr 11 07:59:04 ovzhost sshd[1174]: PAM 2 more authentication failures; logname= uid=0 euid=0 tty=ssh ruser= rhost=43.255.190.140  user=root
Apr 11 07:59:59 ovzhost sshd[1177]: pam_unix(sshd:auth): authentication failure; logname= uid=0 euid=0 tty=ssh ruser= rhost=61.160.222.76  user=root
Apr 11 08:00:01 ovzhost CRON[1180]: pam_env(cron:session): Unable to open env file: /etc/default/locale: No such file or directory
Apr 11 08:00:01 ovzhost CRON[1180]: pam_unix(cron:session): session opened for user smmsp by (uid=0)
Apr 11 08:00:01 ovzhost CRON[1180]: pam_unix(cron:session): session closed for user smmsp
Apr 11 08:00:01 ovzhost sshd[1177]: Failed password for root from 61.160.222.76 port 57945 ssh2
Apr 11 08:00:07 ovzhost sshd[1177]: message repeated 2 times: [ Failed password for root from 61.160.222.76 port 57945 ssh2]
Apr 11 08:00:07 ovzhost sshd[1177]: Received disconnect from 61.160.222.76: 11:  [preauth]
Apr 11 08:00:07 ovzhost sshd[1177]: PAM 2 more authentication failures; logname= uid=0 euid=0 tty=ssh ruser= rhost=61.160.222.76  user=root
Apr 11 08:00:21 ovzhost sshd[1206]: Connection closed by 61.160.222.76 [preauth]
Apr 11 08:00:22 ovzhost sshd[1207]: pam_unix(sshd:auth): authentication failure; logname= uid=0 euid=0 tty=ssh ruser= rhost=61.160.222.76  user=root
Apr 11 08:00:23 ovzhost sshd[1207]: Failed password for root from 61.160.222.76 port 45731 ssh2
Apr 11 08:00:26 ovzhost sshd[1207]: message repeated 2 times: [ Failed password for root from 61.160.222.76 port 45731 ssh2]
Apr 11 08:00:27 ovzhost sshd[1207]: Received disconnect from 61.160.222.76: 11:  [preauth]
Apr 11 08:00:27 ovzhost sshd[1207]: PAM 2 more authentication failures; logname= uid=0 euid=0 tty=ssh ruser= rhost=61.160.222.76  user=root
Apr 11 08:00:27 ovzhost sshd[1213]: Connection closed by 128.8.37.104 [preauth]
Apr 11 08:00:30 ovzhost sshd[1210]: pam_unix(sshd:auth): authentication failure; logname= uid=0 euid=0 tty=ssh ruser= rhost=61.160.222.76  user=root
Apr 11 08:00:32 ovzhost sshd[1210]: Failed password for root from 61.160.222.76 port 50940 ssh2
Apr 11 08:00:36 ovzhost sshd[1210]: message repeated 2 times: [ Failed password for root from 61.160.222.76 port 50940 ssh2]
Apr 11 08:00:36 ovzhost sshd[1210]: Received disconnect from 61.160.222.76: 11:  [preauth]
Apr 11 08:00:36 ovzhost sshd[1210]: PAM 2 more authentication failures; logname= uid=0 euid=0 tty=ssh ruser= rhost=61.160.222.76  user=root
Apr 11 08:00:42 ovzhost sshd[1215]: pam_unix(sshd:auth): authentication failure; logname= uid=0 euid=0 tty=ssh ruser= rhost=61.160.222.76  user=root
Apr 11 08:00:43 ovzhost sshd[1215]: Failed password for root from 61.160.222.76 port 56712 ssh2
Apr 11 08:00:50 ovzhost sshd[1215]: message repeated 2 times: [ Failed password for root from 61.160.222.76 port 56712 ssh2]
Apr 11 08:00:52 ovzhost sshd[1215]: Received disconnect from 61.160.222.76: 11:  [preauth]
Apr 11 08:00:52 ovzhost sshd[1215]: PAM 2 more authentication failures; logname= uid=0 euid=0 tty=ssh ruser= rhost=61.160.222.76  user=root
Apr 11 08:00:57 ovzhost sshd[1219]: pam_unix(sshd:auth): authentication failure; logname= uid=0 euid=0 tty=ssh ruser= rhost=61.160.222.76  user=root
Apr 11 08:00:59 ovzhost sshd[1219]: Failed password for root from 61.160.222.76 port 37190 ssh2
Apr 11 08:01:03 ovzhost sshd[1219]: message repeated 2 times: [ Failed password for root from 61.160.222.76 port 37190 ssh2]
Apr 11 08:01:03 ovzhost sshd[1219]: Received disconnect from 61.160.222.76: 11:  [preauth]
Apr 11 08:01:03 ovzhost sshd[1219]: PAM 2 more authentication failures; logname= uid=0 euid=0 tty=ssh ruser= rhost=61.160.222.76  user=root
Apr 11 08:01:08 ovzhost sshd[1225]: pam_unix(sshd:auth): authentication failure; logname= uid=0 euid=0 tty=ssh ruser= rhost=61.160.222.76  user=root
Apr 11 08:01:10 ovzhost sshd[1225]: Failed password for root from 61.160.222.76 port 45587 ssh2
Apr 11 08:01:14 ovzhost sshd[1225]: message repeated 2 times: [ Failed password for root from 61.160.222.76 port 45587 ssh2]
Apr 11 08:01:17 ovzhost sshd[1225]: Received disconnect from 61.160.222.76: 11:  [preauth]
Apr 11 08:01:17 ovzhost sshd[1225]: PAM 2 more authentication failures; logname= uid=0 euid=0 tty=ssh ruser= rhost=61.160.222.76  user=root
Apr 11 08:01:22 ovzhost sshd[1229]: Connection closed by 127.0.0.1 [preauth]
Apr 11 08:01:38 ovzhost sshd[1233]: pam_unix(sshd:auth): authentication failure; logname= uid=0 euid=0 tty=ssh ruser= rhost=61.160.222.76  user=root
Apr 11 08:01:39 ovzhost sshd[1227]: Connection closed by 61.160.222.76 [preauth]
Apr 11 08:01:40 ovzhost sshd[1233]: Failed password for root from 61.160.222.76 port 33626 ssh2
Apr 11 08:01:58 ovzhost sshd[1233]: Received disconnect from 61.160.222.76: 11:  [preauth]
Apr 11 08:02:05 ovzhost sshd[1237]: Connection closed by 61.160.222.76 [preauth]
Apr 11 08:02:12 ovzhost sshd[1239]: pam_unix(sshd:auth): authentication failure; logname= uid=0 euid=0 tty=ssh ruser= rhost=61.160.222.76  user=root
Apr 11 08:02:13 ovzhost sshd[1239]: Failed password for root from 61.160.222.76 port 54612 ssh2
Apr 11 08:02:17 ovzhost sshd[1239]: message repeated 2 times: [ Failed password for root from 61.160.222.76 port 54612 ssh2]
Apr 11 08:02:18 ovzhost sshd[1239]: Received disconnect from 61.160.222.76: 11:  [preauth]
Apr 11 08:02:18 ovzhost sshd[1239]: PAM 2 more authentication failures; logname= uid=0 euid=0 tty=ssh ruser= rhost=61.160.222.76  user=root
Apr 11 08:02:43 ovzhost sshd[1241]: pam_unix(sshd:auth): authentication failure; logname= uid=0 euid=0 tty=ssh ruser= rhost=61.160.222.76  user=root
Apr 11 08:02:45 ovzhost sshd[1241]: Failed password for root from 61.160.222.76 port 34067 ssh2
Apr 11 08:02:49 ovzhost sshd[1241]: message repeated 2 times: [ Failed password for root from 61.160.222.76 port 34067 ssh2]
Apr 11 08:02:50 ovzhost sshd[1241]: Received disconnect from 61.160.222.76: 11:  [preauth]
Apr 11 08:02:50 ovzhost sshd[1241]: PAM 2 more authentication failures; logname= uid=0 euid=0 tty=ssh ruser= rhost=61.160.222.76  user=root
Apr 11 08:02:52 ovzhost sshd[1243]: pam_unix(sshd:auth): authentication failure; logname= uid=0 euid=0 tty=ssh ruser= rhost=61.160.222.76  user=root
Apr 11 08:02:53 ovzhost sshd[1243]: Failed password for root from 61.160.222.76 port 53482 ssh2
Apr 11 08:03:01 ovzhost sshd[1243]: message repeated 2 times: [ Failed password for root from 61.160.222.76 port 53482 ssh2]
Apr 11 08:03:01 ovzhost sshd[1243]: Received disconnect from 61.160.222.76: 11:  [preauth]
Apr 11 08:03:01 ovzhost sshd[1243]: PAM 2 more authentication failures; logname= uid=0 euid=0 tty=ssh ruser= rhost=61.160.222.76  user=root
Apr 11 08:03:05 ovzhost sshd[1246]: pam_unix(sshd:auth): authentication failure; logname= uid=0 euid=0 tty=ssh ruser= rhost=61.160.222.76  user=root
Apr 11 08:03:07 ovzhost sshd[1246]: Failed password for root from 61.160.222.76 port 60645 ssh2
Apr 11 08:03:12 ovzhost sshd[1246]: message repeated 2 times: [ Failed password for root from 61.160.222.76 port 60645 ssh2]
Apr 11 08:03:12 ovzhost sshd[1246]: Received disconnect from 61.160.222.76: 11:  [preauth]
Apr 11 08:03:12 ovzhost sshd[1246]: PAM 2 more authentication failures; logname= uid=0 euid=0 tty=ssh ruser= rhost=61.160.222.76  user=root
Apr 11 08:06:22 ovzhost sshd[1261]: Connection closed by 127.0.0.1 [preauth]
Apr 11 08:09:01 ovzhost CRON[1275]: pam_env(cron:session): Unable to open env file: /etc/default/locale: No such file or directory
Apr 11 08:09:01 ovzhost CRON[1276]: pam_env(cron:session): Unable to open env file: /etc/default/locale: No such file or directory
Apr 11 08:09:01 ovzhost CRON[1275]: pam_unix(cron:session): session opened for user root by (uid=0)
Apr 11 08:09:01 ovzhost CRON[1276]: pam_unix(cron:session): session opened for user root by (uid=0)
Apr 11 08:09:01 ovzhost CRON[1275]: pam_unix(cron:session): session closed for user root
Apr 11 08:09:01 ovzhost CRON[1276]: pam_unix(cron:session): session closed for user root
Apr 11 08:10:27 ovzhost sshd[1292]: Connection closed by 128.8.37.104 [preauth]
Apr 11 08:11:16 ovzhost sshd[1299]: Invalid user zhangyan from 118.26.143.50
Apr 11 08:11:16 ovzhost sshd[1299]: input_userauth_request: invalid user zhangyan [preauth]
Apr 11 08:11:17 ovzhost sshd[1299]: pam_unix(sshd:auth): check pass; user unknown
Apr 11 08:11:17 ovzhost sshd[1299]: pam_unix(sshd:auth): authentication failure; logname= uid=0 euid=0 tty=ssh ruser= rhost=118.26.143.50 
Apr 11 08:11:18 ovzhost sshd[1299]: Failed password for invalid user zhangyan from 118.26.143.50 port 33219 ssh2
Apr 11 08:11:20 ovzhost sshd[1299]: Received disconnect from 118.26.143.50: 11: Bye Bye [preauth]
Apr 11 08:11:22 ovzhost sshd[1305]: Connection closed by 127.0.0.1 [preauth]
Apr 11 08:11:27 ovzhost sshd[1303]: Did not receive identification string from 118.26.143.50
Apr 11 08:16:22 ovzhost sshd[1324]: Connection closed by 127.0.0.1 [preauth]
Apr 11 08:16:49 ovzhost sshd[1328]: pam_unix(sshd:auth): authentication failure; logname= uid=0 euid=0 tty=ssh ruser= rhost=43.255.190.168  user=root
Apr 11 08:16:51 ovzhost sshd[1328]: Failed password for root from 43.255.190.168 port 54227 ssh2
Apr 11 08:16:56 ovzhost sshd[1328]: message repeated 2 times: [ Failed password for root from 43.255.190.168 port 54227 ssh2]
Apr 11 08:16:56 ovzhost sshd[1328]: Received disconnect from 43.255.190.168: 11:  [preauth]
Apr 11 08:16:56 ovzhost sshd[1328]: PAM 2 more authentication failures; logname= uid=0 euid=0 tty=ssh ruser= rhost=43.255.190.168  user=root
Apr 11 08:16:56 ovzhost sshd[1331]: pam_unix(sshd:auth): authentication failure; logname= uid=0 euid=0 tty=ssh ruser= rhost=43.255.190.168  user=root
Apr 11 08:16:58 ovzhost sshd[1331]: Failed password for root from 43.255.190.168 port 43802 ssh2
Apr 11 08:17:03 ovzhost sshd[1331]: message repeated 2 times: [ Failed password for root from 43.255.190.168 port 43802 ssh2]
Apr 11 08:17:03 ovzhost sshd[1331]: Received disconnect from 43.255.190.168: 11:  [preauth]
Apr 11 08:17:03 ovzhost sshd[1331]: PAM 2 more authentication failures; logname= uid=0 euid=0 tty=ssh ruser= rhost=43.255.190.168  user=root
Apr 11 08:17:03 ovzhost sshd[1333]: pam_unix(sshd:auth): authentication failure; logname= uid=0 euid=0 tty=ssh ruser= rhost=43.255.190.168  user=root
Apr 11 08:17:05 ovzhost sshd[1333]: Failed password for root from 43.255.190.168 port 58078 ssh2
Apr 11 08:17:10 ovzhost sshd[1333]: message repeated 2 times: [ Failed password for root from 43.255.190.168 port 58078 ssh2]
Apr 11 08:17:10 ovzhost sshd[1333]: Received disconnect from 43.255.190.168: 11:  [preauth]
Apr 11 08:17:10 ovzhost sshd[1333]: PAM 2 more authentication failures; logname= uid=0 euid=0 tty=ssh ruser= rhost=43.255.190.168  user=root
Apr 11 08:17:11 ovzhost sshd[1335]: pam_unix(sshd:auth): authentication failure; logname= uid=0 euid=0 tty=ssh ruser= rhost=43.255.190.168  user=root
Apr 11 08:17:13 ovzhost sshd[1335]: Failed password for root from 43.255.190.168 port 46778 ssh2
Apr 11 08:17:18 ovzhost sshd[1335]: message repeated 2 times: [ Failed password for root from 43.255.190.168 port 46778 ssh2]
Apr 11 08:17:18 ovzhost sshd[1335]: Received disconnect from 43.255.190.168: 11:  [preauth]
Apr 11 08:17:18 ovzhost sshd[1335]: PAM 2 more authentication failures; logname= uid=0 euid=0 tty=ssh ruser= rhost=43.255.190.168  user=root
Apr 11 08:17:18 ovzhost sshd[1337]: pam_unix(sshd:auth): authentication failure; logname= uid=0 euid=0 tty=ssh ruser= rhost=43.255.190.168  user=root
Apr 11 08:17:20 ovzhost sshd[1337]: Failed password for root from 43.255.190.168 port 38185 ssh2
Apr 11 08:17:25 ovzhost sshd[1337]: message repeated 2 times: [ Failed password for root from 43.255.190.168 port 38185 ssh2]
Apr 11 08:17:25 ovzhost sshd[1337]: Received disconnect from 43.255.190.168: 11:  [preauth]
Apr 11 08:17:25 ovzhost sshd[1337]: PAM 2 more authentication failures; logname= uid=0 euid=0 tty=ssh ruser= rhost=43.255.190.168  user=root
Apr 11 08:17:26 ovzhost sshd[1340]: pam_unix(sshd:auth): authentication failure; logname= uid=0 euid=0 tty=ssh ruser= rhost=43.255.190.168  user=root
Apr 11 08:17:28 ovzhost sshd[1340]: Failed password for root from 43.255.190.168 port 54869 ssh2
Apr 11 08:17:33 ovzhost sshd[1340]: message repeated 2 times: [ Failed password for root from 43.255.190.168 port 54869 ssh2]
Apr 11 08:17:33 ovzhost sshd[1340]: Received disconnect from 43.255.190.168: 11:  [preauth]
Apr 11 08:17:33 ovzhost sshd[1340]: PAM 2 more authentication failures; logname= uid=0 euid=0 tty=ssh ruser= rhost=43.255.190.168  user=root
Apr 11 08:17:34 ovzhost sshd[1342]: pam_unix(sshd:auth): authentication failure; logname= uid=0 euid=0 tty=ssh ruser= rhost=43.255.190.168  user=root
Apr 11 08:17:36 ovzhost sshd[1342]: Failed password for root from 43.255.190.168 port 46341 ssh2
Apr 11 08:17:39 ovzhost sshd[1342]: message repeated 2 times: [ Failed password for root from 43.255.190.168 port 46341 ssh2]
Apr 11 08:17:39 ovzhost sshd[1342]: Received disconnect from 43.255.190.168: 11:  [preauth]
Apr 11 08:17:39 ovzhost sshd[1342]: PAM 2 more authentication failures; logname= uid=0 euid=0 tty=ssh ruser= rhost=43.255.190.168  user=root
Apr 11 08:17:40 ovzhost sshd[1344]: pam_unix(sshd:auth): authentication failure; logname= uid=0 euid=0 tty=ssh ruser= rhost=43.255.190.168  user=root
Apr 11 08:17:43 ovzhost sshd[1344]: Failed password for root from 43.255.190.168 port 33974 ssh2
Apr 11 08:17:47 ovzhost sshd[1344]: message repeated 2 times: [ Failed password for root from 43.255.190.168 port 33974 ssh2]
Apr 11 08:17:47 ovzhost sshd[1344]: Received disconnect from 43.255.190.168: 11:  [preauth]
Apr 11 08:17:47 ovzhost sshd[1344]: PAM 2 more authentication failures; logname= uid=0 euid=0 tty=ssh ruser= rhost=43.255.190.168  user=root
Apr 11 08:17:47 ovzhost sshd[1346]: pam_unix(sshd:auth): authentication failure; logname= uid=0 euid=0 tty=ssh ruser= rhost=43.255.190.168  user=root
Apr 11 08:17:50 ovzhost sshd[1346]: Failed password for root from 43.255.190.168 port 52953 ssh2
Apr 11 08:17:54 ovzhost sshd[1346]: message repeated 2 times: [ Failed password for root from 43.255.190.168 port 52953 ssh2]
Apr 11 08:17:55 ovzhost sshd[1346]: Received disconnect from 43.255.190.168: 11:  [preauth]
Apr 11 08:17:55 ovzhost sshd[1346]: PAM 2 more authentication failures; logname= uid=0 euid=0 tty=ssh ruser= rhost=43.255.190.168  user=root
Apr 11 08:17:55 ovzhost sshd[1349]: pam_unix(sshd:auth): authentication failure; logname= uid=0 euid=0 tty=ssh ruser= rhost=43.255.190.168  user=root
Apr 11 08:17:57 ovzhost sshd[1349]: Failed password for root from 43.255.190.168 port 44817 ssh2
Apr 11 08:18:02 ovzhost sshd[1349]: message repeated 2 times: [ Failed password for root from 43.255.190.168 port 44817 ssh2]
Apr 11 08:18:02 ovzhost sshd[1349]: Received disconnect from 43.255.190.168: 11:  [preauth]
Apr 11 08:18:02 ovzhost sshd[1349]: PAM 2 more authentication failures; logname= uid=0 euid=0 tty=ssh ruser= rhost=43.255.190.168  user=root
Apr 11 08:18:04 ovzhost sshd[1351]: pam_unix(sshd:auth): authentication failure; logname= uid=0 euid=0 tty=ssh ruser= rhost=43.255.190.168  user=root
Apr 11 08:18:06 ovzhost sshd[1351]: Failed password for root from 43.255.190.168 port 35168 ssh2
Apr 11 08:18:11 ovzhost sshd[1351]: message repeated 2 times: [ Failed password for root from 43.255.190.168 port 35168 ssh2]
Apr 11 08:18:11 ovzhost sshd[1351]: Received disconnect from 43.255.190.168: 11:  [preauth]
Apr 11 08:18:11 ovzhost sshd[1351]: PAM 2 more authentication failures; logname= uid=0 euid=0 tty=ssh ruser= rhost=43.255.190.168  user=root
Apr 11 08:18:11 ovzhost sshd[1353]: pam_unix(sshd:auth): authentication failure; logname= uid=0 euid=0 tty=ssh ruser= rhost=43.255.190.168  user=root
Apr 11 08:18:14 ovzhost sshd[1353]: Failed password for root from 43.255.190.168 port 54861 ssh2
Apr 11 08:18:18 ovzhost sshd[1353]: message repeated 2 times: [ Failed password for root from 43.255.190.168 port 54861 ssh2]
Apr 11 08:18:18 ovzhost sshd[1353]: Received disconnect from 43.255.190.168: 11:  [preauth]
Apr 11 08:18:18 ovzhost sshd[1353]: PAM 2 more authentication failures; logname= uid=0 euid=0 tty=ssh ruser= rhost=43.255.190.168  user=root
Apr 11 08:18:19 ovzhost sshd[1356]: pam_unix(sshd:auth): authentication failure; logname= uid=0 euid=0 tty=ssh ruser= rhost=43.255.190.168  user=root
Apr 11 08:18:21 ovzhost sshd[1356]: Failed password for root from 43.255.190.168 port 43328 ssh2
Apr 11 08:18:25 ovzhost sshd[1356]: message repeated 2 times: [ Failed password for root from 43.255.190.168 port 43328 ssh2]
Apr 11 08:18:25 ovzhost sshd[1356]: Received disconnect from 43.255.190.168: 11:  [preauth]
Apr 11 08:18:25 ovzhost sshd[1356]: PAM 2 more authentication failures; logname= uid=0 euid=0 tty=ssh ruser= rhost=43.255.190.168  user=root
Apr 11 08:18:26 ovzhost sshd[1362]: pam_unix(sshd:auth): authentication failure; logname= uid=0 euid=0 tty=ssh ruser= rhost=43.255.190.168  user=root
Apr 11 08:18:28 ovzhost sshd[1362]: Failed password for root from 43.255.190.168 port 59232 ssh2
Apr 11 08:18:32 ovzhost sshd[1362]: message repeated 2 times: [ Failed password for root from 43.255.190.168 port 59232 ssh2]
Apr 11 08:18:32 ovzhost sshd[1362]: Received disconnect from 43.255.190.168: 11:  [preauth]
Apr 11 08:18:32 ovzhost sshd[1362]: PAM 2 more authentication failures; logname= uid=0 euid=0 tty=ssh ruser= rhost=43.255.190.168  user=root
Apr 11 08:18:33 ovzhost sshd[1364]: pam_unix(sshd:auth): authentication failure; logname= uid=0 euid=0 tty=ssh ruser= rhost=43.255.190.168  user=root
Apr 11 08:18:34 ovzhost sshd[1364]: Failed password for root from 43.255.190.168 port 47497 ssh2
Apr 11 08:18:39 ovzhost sshd[1364]: message repeated 2 times: [ Failed password for root from 43.255.190.168 port 47497 ssh2]
Apr 11 08:18:39 ovzhost sshd[1364]: Received disconnect from 43.255.190.168: 11:  [preauth]
Apr 11 08:18:39 ovzhost sshd[1364]: PAM 2 more authentication failures; logname= uid=0 euid=0 tty=ssh ruser= rhost=43.255.190.168  user=root
Apr 11 08:18:40 ovzhost sshd[1366]: pam_unix(sshd:auth): authentication failure; logname= uid=0 euid=0 tty=ssh ruser= rhost=43.255.190.168  user=root
Apr 11 08:18:42 ovzhost sshd[1366]: Failed password for root from 43.255.190.168 port 34152 ssh2
Apr 11 08:18:45 ovzhost sshd[1366]: message repeated 2 times: [ Failed password for root from 43.255.190.168 port 34152 ssh2]
Apr 11 08:18:45 ovzhost sshd[1366]: Received disconnect from 43.255.190.168: 11:  [preauth]
Apr 11 08:18:45 ovzhost sshd[1366]: PAM 2 more authentication failures; logname= uid=0 euid=0 tty=ssh ruser= rhost=43.255.190.168  user=root
Apr 11 08:18:46 ovzhost sshd[1368]: pam_unix(sshd:auth): authentication failure; logname= uid=0 euid=0 tty=ssh ruser= rhost=43.255.190.168  user=root
Apr 11 08:18:48 ovzhost sshd[1368]: Failed password for root from 43.255.190.168 port 47518 ssh2
Apr 11 08:18:53 ovzhost sshd[1368]: message repeated 2 times: [ Failed password for root from 43.255.190.168 port 47518 ssh2]
Apr 11 08:18:53 ovzhost sshd[1368]: Received disconnect from 43.255.190.168: 11:  [preauth]
Apr 11 08:18:53 ovzhost sshd[1368]: PAM 2 more authentication failures; logname= uid=0 euid=0 tty=ssh ruser= rhost=43.255.190.168  user=root
Apr 11 08:18:54 ovzhost sshd[1370]: pam_unix(sshd:auth): authentication failure; logname= uid=0 euid=0 tty=ssh ruser= rhost=43.255.190.168  user=root
Apr 11 08:18:56 ovzhost sshd[1370]: Failed password for root from 43.255.190.168 port 35003 ssh2
Apr 11 08:18:59 ovzhost sshd[1370]: message repeated 2 times: [ Failed password for root from 43.255.190.168 port 35003 ssh2]
Apr 11 08:18:59 ovzhost sshd[1370]: Received disconnect from 43.255.190.168: 11:  [preauth]
Apr 11 08:18:59 ovzhost sshd[1370]: PAM 2 more authentication failures; logname= uid=0 euid=0 tty=ssh ruser= rhost=43.255.190.168  user=root
Apr 11 08:19:00 ovzhost sshd[1374]: pam_unix(sshd:auth): authentication failure; logname= uid=0 euid=0 tty=ssh ruser= rhost=43.255.190.168  user=root
Apr 11 08:19:02 ovzhost sshd[1374]: Failed password for root from 43.255.190.168 port 48944 ssh2
Apr 11 08:19:07 ovzhost sshd[1374]: message repeated 2 times: [ Failed password for root from 43.255.190.168 port 48944 ssh2]
Apr 11 08:19:07 ovzhost sshd[1374]: Received disconnect from 43.255.190.168: 11:  [preauth]
Apr 11 08:19:07 ovzhost sshd[1374]: PAM 2 more authentication failures; logname= uid=0 euid=0 tty=ssh ruser= rhost=43.255.190.168  user=root
Apr 11 08:19:07 ovzhost sshd[1376]: pam_unix(sshd:auth): authentication failure; logname= uid=0 euid=0 tty=ssh ruser= rhost=43.255.190.168  user=root
Apr 11 08:19:09 ovzhost sshd[1376]: Failed password for root from 43.255.190.168 port 37756 ssh2
Apr 11 08:19:14 ovzhost sshd[1376]: message repeated 2 times: [ Failed password for root from 43.255.190.168 port 37756 ssh2]
Apr 11 08:19:14 ovzhost sshd[1376]: Received disconnect from 43.255.190.168: 11:  [preauth]
Apr 11 08:19:14 ovzhost sshd[1376]: PAM 2 more authentication failures; logname= uid=0 euid=0 tty=ssh ruser= rhost=43.255.190.168  user=root
Apr 11 08:19:17 ovzhost sshd[1378]: pam_unix(sshd:auth): authentication failure; logname= uid=0 euid=0 tty=ssh ruser= rhost=43.255.190.168  user=root
Apr 11 08:19:19 ovzhost sshd[1378]: Failed password for root from 43.255.190.168 port 54360 ssh2
Apr 11 08:19:23 ovzhost sshd[1378]: message repeated 2 times: [ Failed password for root from 43.255.190.168 port 54360 ssh2]
Apr 11 08:19:23 ovzhost sshd[1378]: Received disconnect from 43.255.190.168: 11:  [preauth]
Apr 11 08:19:23 ovzhost sshd[1378]: PAM 2 more authentication failures; logname= uid=0 euid=0 tty=ssh ruser= rhost=43.255.190.168  user=root
Apr 11 08:19:23 ovzhost sshd[1380]: pam_unix(sshd:auth): authentication failure; logname= uid=0 euid=0 tty=ssh ruser= rhost=43.255.190.168  user=root
Apr 11 08:19:26 ovzhost sshd[1380]: Failed password for root from 43.255.190.168 port 44236 ssh2
Apr 11 08:19:30 ovzhost sshd[1380]: message repeated 2 times: [ Failed password for root from 43.255.190.168 port 44236 ssh2]
Apr 11 08:19:30 ovzhost sshd[1380]: Received disconnect from 43.255.190.168: 11:  [preauth]
Apr 11 08:19:30 ovzhost sshd[1380]: PAM 2 more authentication failures; logname= uid=0 euid=0 tty=ssh ruser= rhost=43.255.190.168  user=root
Apr 11 08:19:30 ovzhost sshd[1383]: pam_unix(sshd:auth): authentication failure; logname= uid=0 euid=0 tty=ssh ruser= rhost=43.255.190.168  user=root
Apr 11 08:19:32 ovzhost sshd[1383]: Failed password for root from 43.255.190.168 port 60489 ssh2
Apr 11 08:19:36 ovzhost sshd[1383]: message repeated 2 times: [ Failed password for root from 43.255.190.168 port 60489 ssh2]
Apr 11 08:19:36 ovzhost sshd[1383]: Received disconnect from 43.255.190.168: 11:  [preauth]
Apr 11 08:19:36 ovzhost sshd[1383]: PAM 2 more authentication failures; logname= uid=0 euid=0 tty=ssh ruser= rhost=43.255.190.168  user=root
