Apr  7 07:54:46 ovzhost sshd[1088]: pam_unix(sshd:auth): authentication failure; logname= uid=0 euid=0 tty=ssh ruser= rhost=43.255.190.143  user=root
Apr  7 07:54:47 ovzhost sshd[1088]: Failed password for root from 43.255.190.143 port 58296 ssh2
Apr  7 07:54:48 ovzhost sshd[1086]: message repeated 2 times: [ Failed password for root from 43.255.190.187 port 35271 ssh2]
Apr  7 07:54:48 ovzhost sshd[1086]: Received disconnect from 43.255.190.187: 11:  [preauth]
Apr  7 07:54:48 ovzhost sshd[1086]: PAM 2 more authentication failures; logname= uid=0 euid=0 tty=ssh ruser= rhost=43.255.190.187  user=root
Apr  7 07:54:48 ovzhost sshd[1090]: pam_unix(sshd:auth): authentication failure; logname= uid=0 euid=0 tty=ssh ruser= rhost=43.255.190.187  user=root
Apr  7 07:54:51 ovzhost sshd[1090]: Failed password for root from 43.255.190.187 port 50189 ssh2
Apr  7 07:54:52 ovzhost sshd[1088]: message repeated 2 times: [ Failed password for root from 43.255.190.143 port 58296 ssh2]
Apr  7 07:54:52 ovzhost sshd[1088]: Received disconnect from 43.255.190.143: 11:  [preauth]
Apr  7 07:54:52 ovzhost sshd[1088]: PAM 2 more authentication failures; logname= uid=0 euid=0 tty=ssh ruser= rhost=43.255.190.143  user=root
Apr  7 07:54:53 ovzhost sshd[1092]: pam_unix(sshd:auth): authentication failure; logname= uid=0 euid=0 tty=ssh ruser= rhost=43.255.190.143  user=root
Apr  7 07:54:55 ovzhost sshd[1092]: Failed password for root from 43.255.190.143 port 48974 ssh2
Apr  7 07:54:55 ovzhost sshd[1090]: message repeated 2 times: [ Failed password for root from 43.255.190.187 port 50189 ssh2]
Apr  7 07:54:55 ovzhost sshd[1090]: Received disconnect from 43.255.190.187: 11:  [preauth]
Apr  7 07:54:55 ovzhost sshd[1090]: PAM 2 more authentication failures; logname= uid=0 euid=0 tty=ssh ruser= rhost=43.255.190.187  user=root
Apr  7 07:54:56 ovzhost sshd[1094]: pam_unix(sshd:auth): authentication failure; logname= uid=0 euid=0 tty=ssh ruser= rhost=43.255.190.187  user=root
Apr  7 07:54:58 ovzhost sshd[1094]: Failed password for root from 43.255.190.187 port 39542 ssh2
Apr  7 07:54:58 ovzhost sshd[1092]: message repeated 2 times: [ Failed password for root from 43.255.190.143 port 48974 ssh2]
Apr  7 07:54:58 ovzhost sshd[1092]: Received disconnect from 43.255.190.143: 11:  [preauth]
Apr  7 07:54:58 ovzhost sshd[1092]: PAM 2 more authentication failures; logname= uid=0 euid=0 tty=ssh ruser= rhost=43.255.190.143  user=root
Apr  7 07:54:59 ovzhost sshd[1096]: pam_unix(sshd:auth): authentication failure; logname= uid=0 euid=0 tty=ssh ruser= rhost=43.255.190.143  user=root
Apr  7 07:55:01 ovzhost sshd[1096]: Failed password for root from 43.255.190.143 port 38099 ssh2
Apr  7 07:55:02 ovzhost sshd[1094]: message repeated 2 times: [ Failed password for root from 43.255.190.187 port 39542 ssh2]
Apr  7 07:55:02 ovzhost sshd[1094]: Received disconnect from 43.255.190.187: 11:  [preauth]
Apr  7 07:55:02 ovzhost sshd[1094]: PAM 2 more authentication failures; logname= uid=0 euid=0 tty=ssh ruser= rhost=43.255.190.187  user=root
Apr  7 07:55:02 ovzhost sshd[1098]: pam_unix(sshd:auth): authentication failure; logname= uid=0 euid=0 tty=ssh ruser= rhost=43.255.190.187  user=root
Apr  7 07:55:04 ovzhost sshd[1098]: Failed password for root from 43.255.190.187 port 55449 ssh2
Apr  7 07:55:06 ovzhost sshd[1096]: message repeated 2 times: [ Failed password for root from 43.255.190.143 port 38099 ssh2]
Apr  7 07:55:06 ovzhost sshd[1096]: Received disconnect from 43.255.190.143: 11:  [preauth]
Apr  7 07:55:06 ovzhost sshd[1096]: PAM 2 more authentication failures; logname= uid=0 euid=0 tty=ssh ruser= rhost=43.255.190.143  user=root
Apr  7 07:55:06 ovzhost sshd[1101]: pam_unix(sshd:auth): authentication failure; logname= uid=0 euid=0 tty=ssh ruser= rhost=43.255.190.143  user=root
Apr  7 07:55:07 ovzhost sshd[1098]: message repeated 2 times: [ Failed password for root from 43.255.190.187 port 55449 ssh2]
Apr  7 07:55:08 ovzhost sshd[1098]: Received disconnect from 43.255.190.187: 11:  [preauth]
Apr  7 07:55:08 ovzhost sshd[1098]: PAM 2 more authentication failures; logname= uid=0 euid=0 tty=ssh ruser= rhost=43.255.190.187  user=root
Apr  7 07:55:08 ovzhost sshd[1101]: Failed password for root from 43.255.190.143 port 58376 ssh2
Apr  7 07:55:08 ovzhost sshd[1103]: pam_unix(sshd:auth): authentication failure; logname= uid=0 euid=0 tty=ssh ruser= rhost=43.255.190.187  user=root
Apr  7 07:55:10 ovzhost sshd[1103]: Failed password for root from 43.255.190.187 port 41857 ssh2
Apr  7 07:55:11 ovzhost sshd[1101]: message repeated 2 times: [ Failed password for root from 43.255.190.143 port 58376 ssh2]
Apr  7 07:55:11 ovzhost sshd[1101]: Received disconnect from 43.255.190.143: 11:  [preauth]
Apr  7 07:55:11 ovzhost sshd[1101]: PAM 2 more authentication failures; logname= uid=0 euid=0 tty=ssh ruser= rhost=43.255.190.143  user=root
Apr  7 07:55:12 ovzhost sshd[1105]: pam_unix(sshd:auth): authentication failure; logname= uid=0 euid=0 tty=ssh ruser= rhost=43.255.190.143  user=root
Apr  7 07:55:14 ovzhost sshd[1103]: message repeated 2 times: [ Failed password for root from 43.255.190.187 port 41857 ssh2]
Apr  7 07:55:14 ovzhost sshd[1103]: Received disconnect from 43.255.190.187: 11:  [preauth]
Apr  7 07:55:14 ovzhost sshd[1103]: PAM 2 more authentication failures; logname= uid=0 euid=0 tty=ssh ruser= rhost=43.255.190.187  user=root
Apr  7 07:55:14 ovzhost sshd[1105]: Failed password for root from 43.255.190.143 port 45170 ssh2
Apr  7 07:55:14 ovzhost sshd[1107]: pam_unix(sshd:auth): authentication failure; logname= uid=0 euid=0 tty=ssh ruser= rhost=43.255.190.187  user=root
Apr  7 07:55:16 ovzhost sshd[1107]: Failed password for root from 43.255.190.187 port 56324 ssh2
Apr  7 07:55:18 ovzhost sshd[1105]: message repeated 2 times: [ Failed password for root from 43.255.190.143 port 45170 ssh2]
Apr  7 07:55:18 ovzhost sshd[1105]: Received disconnect from 43.255.190.143: 11:  [preauth]
Apr  7 07:55:18 ovzhost sshd[1105]: PAM 2 more authentication failures; logname= uid=0 euid=0 tty=ssh ruser= rhost=43.255.190.143  user=root
Apr  7 07:55:18 ovzhost sshd[1109]: pam_unix(sshd:auth): authentication failure; logname= uid=0 euid=0 tty=ssh ruser= rhost=43.255.190.143  user=root
Apr  7 07:55:19 ovzhost sshd[1107]: message repeated 2 times: [ Failed password for root from 43.255.190.187 port 56324 ssh2]
Apr  7 07:55:19 ovzhost sshd[1107]: Received disconnect from 43.255.190.187: 11:  [preauth]
Apr  7 07:55:19 ovzhost sshd[1107]: PAM 2 more authentication failures; logname= uid=0 euid=0 tty=ssh ruser= rhost=43.255.190.187  user=root
Apr  7 07:55:20 ovzhost sshd[1109]: Failed password for root from 43.255.190.143 port 33922 ssh2
Apr  7 07:55:20 ovzhost sshd[1111]: pam_unix(sshd:auth): authentication failure; logname= uid=0 euid=0 tty=ssh ruser= rhost=43.255.190.187  user=root
Apr  7 07:55:22 ovzhost sshd[1111]: Failed password for root from 43.255.190.187 port 42385 ssh2
Apr  7 07:55:24 ovzhost sshd[1109]: message repeated 2 times: [ Failed password for root from 43.255.190.143 port 33922 ssh2]
Apr  7 07:55:24 ovzhost sshd[1109]: Received disconnect from 43.255.190.143: 11:  [preauth]
Apr  7 07:55:24 ovzhost sshd[1109]: PAM 2 more authentication failures; logname= uid=0 euid=0 tty=ssh ruser= rhost=43.255.190.143  user=root
Apr  7 07:55:24 ovzhost sshd[1115]: pam_unix(sshd:auth): authentication failure; logname= uid=0 euid=0 tty=ssh ruser= rhost=43.255.190.143  user=root
Apr  7 07:55:26 ovzhost sshd[1111]: message repeated 2 times: [ Failed password for root from 43.255.190.187 port 42385 ssh2]
Apr  7 07:55:26 ovzhost sshd[1111]: Received disconnect from 43.255.190.187: 11:  [preauth]
Apr  7 07:55:26 ovzhost sshd[1111]: PAM 2 more authentication failures; logname= uid=0 euid=0 tty=ssh ruser= rhost=43.255.190.187  user=root
Apr  7 07:55:26 ovzhost sshd[1115]: Failed password for root from 43.255.190.143 port 50278 ssh2
Apr  7 07:55:27 ovzhost sshd[1117]: pam_unix(sshd:auth): authentication failure; logname= uid=0 euid=0 tty=ssh ruser= rhost=43.255.190.187  user=root
Apr  7 07:55:29 ovzhost sshd[1117]: Failed password for root from 43.255.190.187 port 57958 ssh2
Apr  7 07:55:30 ovzhost sshd[1115]: message repeated 2 times: [ Failed password for root from 43.255.190.143 port 50278 ssh2]
Apr  7 07:55:30 ovzhost sshd[1115]: Received disconnect from 43.255.190.143: 11:  [preauth]
Apr  7 07:55:30 ovzhost sshd[1115]: PAM 2 more authentication failures; logname= uid=0 euid=0 tty=ssh ruser= rhost=43.255.190.143  user=root
Apr  7 07:55:31 ovzhost sshd[1119]: pam_unix(sshd:auth): authentication failure; logname= uid=0 euid=0 tty=ssh ruser= rhost=43.255.190.143  user=root
Apr  7 07:55:32 ovzhost sshd[1117]: message repeated 2 times: [ Failed password for root from 43.255.190.187 port 57958 ssh2]
Apr  7 07:55:32 ovzhost sshd[1117]: Received disconnect from 43.255.190.187: 11:  [preauth]
Apr  7 07:55:32 ovzhost sshd[1117]: PAM 2 more authentication failures; logname= uid=0 euid=0 tty=ssh ruser= rhost=43.255.190.187  user=root
Apr  7 07:55:33 ovzhost sshd[1119]: Failed password for root from 43.255.190.143 port 38685 ssh2
Apr  7 07:55:33 ovzhost sshd[1121]: pam_unix(sshd:auth): authentication failure; logname= uid=0 euid=0 tty=ssh ruser= rhost=43.255.190.187  user=root
Apr  7 07:55:35 ovzhost sshd[1121]: Failed password for root from 43.255.190.187 port 45381 ssh2
Apr  7 07:55:37 ovzhost sshd[1119]: message repeated 2 times: [ Failed password for root from 43.255.190.143 port 38685 ssh2]
Apr  7 07:55:37 ovzhost sshd[1119]: Received disconnect from 43.255.190.143: 11:  [preauth]
Apr  7 07:55:37 ovzhost sshd[1119]: PAM 2 more authentication failures; logname= uid=0 euid=0 tty=ssh ruser= rhost=43.255.190.143  user=root
Apr  7 07:55:38 ovzhost sshd[1124]: pam_unix(sshd:auth): authentication failure; logname= uid=0 euid=0 tty=ssh ruser= rhost=43.255.190.143  user=root
Apr  7 07:55:39 ovzhost sshd[1121]: message repeated 2 times: [ Failed password for root from 43.255.190.187 port 45381 ssh2]
Apr  7 07:55:39 ovzhost sshd[1121]: Received disconnect from 43.255.190.187: 11:  [preauth]
Apr  7 07:55:39 ovzhost sshd[1121]: PAM 2 more authentication failures; logname= uid=0 euid=0 tty=ssh ruser= rhost=43.255.190.187  user=root
Apr  7 07:55:39 ovzhost sshd[1126]: pam_unix(sshd:auth): authentication failure; logname= uid=0 euid=0 tty=ssh ruser= rhost=43.255.190.187  user=root
Apr  7 07:55:40 ovzhost sshd[1124]: Failed password for root from 43.255.190.143 port 56298 ssh2
Apr  7 07:55:42 ovzhost sshd[1126]: Failed password for root from 43.255.190.187 port 60274 ssh2
Apr  7 07:55:43 ovzhost sshd[1124]: message repeated 2 times: [ Failed password for root from 43.255.190.143 port 56298 ssh2]
Apr  7 07:55:44 ovzhost sshd[1124]: Received disconnect from 43.255.190.143: 11:  [preauth]
Apr  7 07:55:44 ovzhost sshd[1124]: PAM 2 more authentication failures; logname= uid=0 euid=0 tty=ssh ruser= rhost=43.255.190.143  user=root
Apr  7 07:55:44 ovzhost sshd[1128]: pam_unix(sshd:auth): authentication failure; logname= uid=0 euid=0 tty=ssh ruser= rhost=43.255.190.143  user=root
Apr  7 07:55:45 ovzhost sshd[1126]: message repeated 2 times: [ Failed password for root from 43.255.190.187 port 60274 ssh2]
Apr  7 07:55:45 ovzhost sshd[1126]: Received disconnect from 43.255.190.187: 11:  [preauth]
Apr  7 07:55:45 ovzhost sshd[1126]: PAM 2 more authentication failures; logname= uid=0 euid=0 tty=ssh ruser= rhost=43.255.190.187  user=root
Apr  7 07:55:46 ovzhost sshd[1130]: pam_unix(sshd:auth): authentication failure; logname= uid=0 euid=0 tty=ssh ruser= rhost=43.255.190.187  user=root
Apr  7 07:55:46 ovzhost sshd[1128]: Failed password for root from 43.255.190.143 port 44273 ssh2
Apr  7 07:55:48 ovzhost sshd[1130]: Failed password for root from 43.255.190.187 port 47445 ssh2
Apr  7 07:55:50 ovzhost sshd[1128]: message repeated 2 times: [ Failed password for root from 43.255.190.143 port 44273 ssh2]
Apr  7 07:55:50 ovzhost sshd[1128]: Received disconnect from 43.255.190.143: 11:  [preauth]
Apr  7 07:55:50 ovzhost sshd[1128]: PAM 2 more authentication failures; logname= uid=0 euid=0 tty=ssh ruser= rhost=43.255.190.143  user=root
Apr  7 07:55:50 ovzhost sshd[1132]: pam_unix(sshd:auth): authentication failure; logname= uid=0 euid=0 tty=ssh ruser= rhost=43.255.190.143  user=root
Apr  7 07:55:51 ovzhost sshd[1130]: message repeated 2 times: [ Failed password for root from 43.255.190.187 port 47445 ssh2]
Apr  7 07:55:52 ovzhost sshd[1130]: Received disconnect from 43.255.190.187: 11:  [preauth]
Apr  7 07:55:52 ovzhost sshd[1130]: PAM 2 more authentication failures; logname= uid=0 euid=0 tty=ssh ruser= rhost=43.255.190.187  user=root
Apr  7 07:55:52 ovzhost sshd[1134]: pam_unix(sshd:auth): authentication failure; logname= uid=0 euid=0 tty=ssh ruser= rhost=43.255.190.187  user=root
Apr  7 07:55:52 ovzhost sshd[1132]: Failed password for root from 43.255.190.143 port 59460 ssh2
Apr  7 07:55:54 ovzhost sshd[1134]: Failed password for root from 43.255.190.187 port 34690 ssh2
Apr  7 07:55:56 ovzhost sshd[1132]: message repeated 2 times: [ Failed password for root from 43.255.190.143 port 59460 ssh2]
Apr  7 07:55:56 ovzhost sshd[1132]: Received disconnect from 43.255.190.143: 11:  [preauth]
Apr  7 07:55:56 ovzhost sshd[1132]: PAM 2 more authentication failures; logname= uid=0 euid=0 tty=ssh ruser= rhost=43.255.190.143  user=root
Apr  7 07:55:56 ovzhost sshd[1136]: pam_unix(sshd:auth): authentication failure; logname= uid=0 euid=0 tty=ssh ruser= rhost=43.255.190.143  user=root
Apr  7 07:55:57 ovzhost sshd[1134]: message repeated 2 times: [ Failed password for root from 43.255.190.187 port 34690 ssh2]
Apr  7 07:55:57 ovzhost sshd[1134]: Received disconnect from 43.255.190.187: 11:  [preauth]
Apr  7 07:55:57 ovzhost sshd[1134]: PAM 2 more authentication failures; logname= uid=0 euid=0 tty=ssh ruser= rhost=43.255.190.187  user=root
Apr  7 07:55:58 ovzhost sshd[1138]: pam_unix(sshd:auth): authentication failure; logname= uid=0 euid=0 tty=ssh ruser= rhost=43.255.190.187  user=root
Apr  7 07:55:58 ovzhost sshd[1136]: Failed password for root from 43.255.190.143 port 46809 ssh2
Apr  7 07:56:00 ovzhost sshd[1138]: Failed password for root from 43.255.190.187 port 48842 ssh2
Apr  7 07:56:02 ovzhost sshd[1136]: message repeated 2 times: [ Failed password for root from 43.255.190.143 port 46809 ssh2]
Apr  7 07:56:02 ovzhost sshd[1136]: Received disconnect from 43.255.190.143: 11:  [preauth]
Apr  7 07:56:02 ovzhost sshd[1136]: PAM 2 more authentication failures; logname= uid=0 euid=0 tty=ssh ruser= rhost=43.255.190.143  user=root
Apr  7 07:56:03 ovzhost sshd[1140]: pam_unix(sshd:auth): authentication failure; logname= uid=0 euid=0 tty=ssh ruser= rhost=43.255.190.143  user=root
Apr  7 07:56:04 ovzhost sshd[1138]: message repeated 2 times: [ Failed password for root from 43.255.190.187 port 48842 ssh2]
Apr  7 07:56:04 ovzhost sshd[1138]: Received disconnect from 43.255.190.187: 11:  [preauth]
Apr  7 07:56:04 ovzhost sshd[1138]: PAM 2 more authentication failures; logname= uid=0 euid=0 tty=ssh ruser= rhost=43.255.190.187  user=root
Apr  7 07:56:05 ovzhost sshd[1140]: Failed password for root from 43.255.190.143 port 35076 ssh2
Apr  7 07:56:05 ovzhost sshd[1142]: pam_unix(sshd:auth): authentication failure; logname= uid=0 euid=0 tty=ssh ruser= rhost=43.255.190.187  user=root
Apr  7 07:56:07 ovzhost sshd[1142]: Failed password for root from 43.255.190.187 port 36997 ssh2
Apr  7 07:56:07 ovzhost sshd[1145]: Connection closed by 128.8.37.120 [preauth]
Apr  7 07:56:08 ovzhost sshd[1140]: message repeated 2 times: [ Failed password for root from 43.255.190.143 port 35076 ssh2]
Apr  7 07:56:08 ovzhost sshd[1140]: Received disconnect from 43.255.190.143: 11:  [preauth]
Apr  7 07:56:08 ovzhost sshd[1140]: PAM 2 more authentication failures; logname= uid=0 euid=0 tty=ssh ruser= rhost=43.255.190.143  user=root
Apr  7 07:56:09 ovzhost sshd[1147]: pam_unix(sshd:auth): authentication failure; logname= uid=0 euid=0 tty=ssh ruser= rhost=43.255.190.143  user=root
Apr  7 07:56:10 ovzhost sshd[1142]: message repeated 2 times: [ Failed password for root from 43.255.190.187 port 36997 ssh2]
Apr  7 07:56:10 ovzhost sshd[1142]: Received disconnect from 43.255.190.187: 11:  [preauth]
Apr  7 07:56:10 ovzhost sshd[1142]: PAM 2 more authentication failures; logname= uid=0 euid=0 tty=ssh ruser= rhost=43.255.190.187  user=root
Apr  7 07:56:11 ovzhost sshd[1149]: pam_unix(sshd:auth): authentication failure; logname= uid=0 euid=0 tty=ssh ruser= rhost=43.255.190.187  user=root
Apr  7 07:56:11 ovzhost sshd[1147]: Failed password for root from 43.255.190.143 port 48977 ssh2
Apr  7 07:56:13 ovzhost sshd[1149]: Failed password for root from 43.255.190.187 port 49777 ssh2
Apr  7 07:56:15 ovzhost sshd[1147]: message repeated 2 times: [ Failed password for root from 43.255.190.143 port 48977 ssh2]
Apr  7 07:56:15 ovzhost sshd[1147]: Received disconnect from 43.255.190.143: 11:  [preauth]
Apr  7 07:56:15 ovzhost sshd[1147]: PAM 2 more authentication failures; logname= uid=0 euid=0 tty=ssh ruser= rhost=43.255.190.143  user=root
Apr  7 07:56:16 ovzhost sshd[1151]: pam_unix(sshd:auth): authentication failure; logname= uid=0 euid=0 tty=ssh ruser= rhost=43.255.190.143  user=root
Apr  7 07:56:16 ovzhost sshd[1149]: message repeated 2 times: [ Failed password for root from 43.255.190.187 port 49777 ssh2]
Apr  7 07:56:17 ovzhost sshd[1149]: Received disconnect from 43.255.190.187: 11:  [preauth]
Apr  7 07:56:17 ovzhost sshd[1149]: PAM 2 more authentication failures; logname= uid=0 euid=0 tty=ssh ruser= rhost=43.255.190.187  user=root
Apr  7 07:56:17 ovzhost sshd[1155]: pam_unix(sshd:auth): authentication failure; logname= uid=0 euid=0 tty=ssh ruser= rhost=43.255.190.187  user=root
Apr  7 07:56:18 ovzhost sshd[1151]: Failed password for root from 43.255.190.143 port 37945 ssh2
Apr  7 07:56:19 ovzhost sshd[1155]: Failed password for root from 43.255.190.187 port 37392 ssh2
Apr  7 07:56:22 ovzhost sshd[1151]: message repeated 2 times: [ Failed password for root from 43.255.190.143 port 37945 ssh2]
Apr  7 07:56:22 ovzhost sshd[1151]: Received disconnect from 43.255.190.143: 11:  [preauth]
Apr  7 07:56:22 ovzhost sshd[1151]: PAM 2 more authentication failures; logname= uid=0 euid=0 tty=ssh ruser= rhost=43.255.190.143  user=root
Apr  7 07:56:23 ovzhost sshd[1157]: pam_unix(sshd:auth): authentication failure; logname= uid=0 euid=0 tty=ssh ruser= rhost=43.255.190.143  user=root
Apr  7 07:56:23 ovzhost sshd[1155]: message repeated 2 times: [ Failed password for root from 43.255.190.187 port 37392 ssh2]
Apr  7 07:56:23 ovzhost sshd[1155]: Received disconnect from 43.255.190.187: 11:  [preauth]
Apr  7 07:56:23 ovzhost sshd[1155]: PAM 2 more authentication failures; logname= uid=0 euid=0 tty=ssh ruser= rhost=43.255.190.187  user=root
Apr  7 07:56:24 ovzhost sshd[1159]: pam_unix(sshd:auth): authentication failure; logname= uid=0 euid=0 tty=ssh ruser= rhost=43.255.190.187  user=root
Apr  7 07:56:25 ovzhost sshd[1157]: Failed password for root from 43.255.190.143 port 55032 ssh2
Apr  7 07:56:26 ovzhost sshd[1159]: Failed password for root from 43.255.190.187 port 52380 ssh2
Apr  7 07:56:28 ovzhost sshd[1157]: message repeated 2 times: [ Failed password for root from 43.255.190.143 port 55032 ssh2]
Apr  7 07:56:28 ovzhost sshd[1157]: Received disconnect from 43.255.190.143: 11:  [preauth]
Apr  7 07:56:28 ovzhost sshd[1157]: PAM 2 more authentication failures; logname= uid=0 euid=0 tty=ssh ruser= rhost=43.255.190.143  user=root
Apr  7 07:56:29 ovzhost sshd[1161]: pam_unix(sshd:auth): authentication failure; logname= uid=0 euid=0 tty=ssh ruser= rhost=43.255.190.143  user=root
Apr  7 07:56:29 ovzhost sshd[1159]: message repeated 2 times: [ Failed password for root from 43.255.190.187 port 52380 ssh2]
Apr  7 07:56:29 ovzhost sshd[1159]: Received disconnect from 43.255.190.187: 11:  [preauth]
Apr  7 07:56:29 ovzhost sshd[1159]: PAM 2 more authentication failures; logname= uid=0 euid=0 tty=ssh ruser= rhost=43.255.190.187  user=root
Apr  7 07:56:30 ovzhost sshd[1163]: pam_unix(sshd:auth): authentication failure; logname= uid=0 euid=0 tty=ssh ruser= rhost=43.255.190.187  user=root
Apr  7 07:56:31 ovzhost sshd[1161]: Failed password for root from 43.255.190.143 port 41919 ssh2
Apr  7 07:56:32 ovzhost sshd[1163]: Failed password for root from 43.255.190.187 port 38730 ssh2
Apr  7 07:56:35 ovzhost sshd[1161]: message repeated 2 times: [ Failed password for root from 43.255.190.143 port 41919 ssh2]
Apr  7 07:56:35 ovzhost sshd[1161]: Received disconnect from 43.255.190.143: 11:  [preauth]
Apr  7 07:56:35 ovzhost sshd[1161]: PAM 2 more authentication failures; logname= uid=0 euid=0 tty=ssh ruser= rhost=43.255.190.143  user=root
Apr  7 07:56:36 ovzhost sshd[1165]: pam_unix(sshd:auth): authentication failure; logname= uid=0 euid=0 tty=ssh ruser= rhost=43.255.190.143  user=root
Apr  7 07:56:36 ovzhost sshd[1163]: message repeated 2 times: [ Failed password for root from 43.255.190.187 port 38730 ssh2]
Apr  7 07:56:37 ovzhost sshd[1163]: Received disconnect from 43.255.190.187: 11:  [preauth]
Apr  7 07:56:37 ovzhost sshd[1163]: PAM 2 more authentication failures; logname= uid=0 euid=0 tty=ssh ruser= rhost=43.255.190.187  user=root
Apr  7 07:56:37 ovzhost sshd[1169]: pam_unix(sshd:auth): authentication failure; logname= uid=0 euid=0 tty=ssh ruser= rhost=43.255.190.187  user=root
Apr  7 07:56:38 ovzhost sshd[1165]: Failed password for root from 43.255.190.143 port 56491 ssh2
Apr  7 07:56:39 ovzhost sshd[1169]: Failed password for root from 43.255.190.187 port 54524 ssh2
Apr  7 07:56:42 ovzhost sshd[1165]: message repeated 2 times: [ Failed password for root from 43.255.190.143 port 56491 ssh2]
Apr  7 07:56:42 ovzhost sshd[1165]: Received disconnect from 43.255.190.143: 11:  [preauth]
Apr  7 07:56:42 ovzhost sshd[1165]: PAM 2 more authentication failures; logname= uid=0 euid=0 tty=ssh ruser= rhost=43.255.190.143  user=root
Apr  7 07:56:42 ovzhost sshd[1171]: pam_unix(sshd:auth): authentication failure; logname= uid=0 euid=0 tty=ssh ruser= rhost=43.255.190.143  user=root
Apr  7 07:56:43 ovzhost sshd[1169]: message repeated 2 times: [ Failed password for root from 43.255.190.187 port 54524 ssh2]
Apr  7 07:56:43 ovzhost sshd[1169]: Received disconnect from 43.255.190.187: 11:  [preauth]
Apr  7 07:56:43 ovzhost sshd[1169]: PAM 2 more authentication failures; logname= uid=0 euid=0 tty=ssh ruser= rhost=43.255.190.187  user=root
Apr  7 07:56:44 ovzhost sshd[1173]: pam_unix(sshd:auth): authentication failure; logname= uid=0 euid=0 tty=ssh ruser= rhost=43.255.190.187  user=root
Apr  7 07:56:44 ovzhost sshd[1171]: Failed password for root from 43.255.190.143 port 44416 ssh2
Apr  7 07:56:46 ovzhost sshd[1173]: Failed password for root from 43.255.190.187 port 41268 ssh2
Apr  7 07:56:48 ovzhost sshd[1171]: message repeated 2 times: [ Failed password for root from 43.255.190.143 port 44416 ssh2]
Apr  7 07:56:49 ovzhost sshd[1171]: Received disconnect from 43.255.190.143: 11:  [preauth]
Apr  7 07:56:49 ovzhost sshd[1171]: PAM 2 more authentication failures; logname= uid=0 euid=0 tty=ssh ruser= rhost=43.255.190.143  user=root
Apr  7 07:56:49 ovzhost sshd[1175]: pam_unix(sshd:auth): authentication failure; logname= uid=0 euid=0 tty=ssh ruser= rhost=43.255.190.143  user=root
Apr  7 07:56:50 ovzhost sshd[1173]: message repeated 2 times: [ Failed password for root from 43.255.190.187 port 41268 ssh2]
Apr  7 07:56:51 ovzhost sshd[1173]: Received disconnect from 43.255.190.187: 11:  [preauth]
Apr  7 07:56:51 ovzhost sshd[1173]: PAM 2 more authentication failures; logname= uid=0 euid=0 tty=ssh ruser= rhost=43.255.190.187  user=root
Apr  7 07:56:51 ovzhost sshd[1175]: Failed password for root from 43.255.190.143 port 60066 ssh2
Apr  7 07:56:51 ovzhost sshd[1177]: pam_unix(sshd:auth): authentication failure; logname= uid=0 euid=0 tty=ssh ruser= rhost=43.255.190.187  user=root
Apr  7 07:56:53 ovzhost sshd[1177]: Failed password for root from 43.255.190.187 port 57296 ssh2
Apr  7 07:56:55 ovzhost sshd[1175]: message repeated 2 times: [ Failed password for root from 43.255.190.143 port 60066 ssh2]
Apr  7 07:56:55 ovzhost sshd[1175]: Received disconnect from 43.255.190.143: 11:  [preauth]
Apr  7 07:56:55 ovzhost sshd[1175]: PAM 2 more authentication failures; logname= uid=0 euid=0 tty=ssh ruser= rhost=43.255.190.143  user=root
Apr  7 07:56:56 ovzhost sshd[1179]: pam_unix(sshd:auth): authentication failure; logname= uid=0 euid=0 tty=ssh ruser= rhost=43.255.190.143  user=root
Apr  7 07:56:58 ovzhost sshd[1177]: message repeated 2 times: [ Failed password for root from 43.255.190.187 port 57296 ssh2]
Apr  7 07:56:58 ovzhost sshd[1177]: Received disconnect from 43.255.190.187: 11:  [preauth]
Apr  7 07:56:58 ovzhost sshd[1177]: PAM 2 more authentication failures; logname= uid=0 euid=0 tty=ssh ruser= rhost=43.255.190.187  user=root
Apr  7 07:56:58 ovzhost sshd[1179]: Failed password for root from 43.255.190.143 port 47224 ssh2
Apr  7 07:56:58 ovzhost sshd[1181]: pam_unix(sshd:auth): authentication failure; logname= uid=0 euid=0 tty=ssh ruser= rhost=43.255.190.187  user=root
Apr  7 07:57:01 ovzhost sshd[1181]: Failed password for root from 43.255.190.187 port 44512 ssh2
Apr  7 07:57:03 ovzhost sshd[1179]: message repeated 2 times: [ Failed password for root from 43.255.190.143 port 47224 ssh2]
Apr  7 07:57:03 ovzhost sshd[1179]: Received disconnect from 43.255.190.143: 11:  [preauth]
Apr  7 07:57:03 ovzhost sshd[1179]: PAM 2 more authentication failures; logname= uid=0 euid=0 tty=ssh ruser= rhost=43.255.190.143  user=root
Apr  7 07:57:03 ovzhost sshd[1183]: pam_unix(sshd:auth): authentication failure; logname= uid=0 euid=0 tty=ssh ruser= rhost=43.255.190.143  user=root
Apr  7 07:57:04 ovzhost sshd[1181]: message repeated 2 times: [ Failed password for root from 43.255.190.187 port 44512 ssh2]
Apr  7 07:57:04 ovzhost sshd[1181]: Received disconnect from 43.255.190.187: 11:  [preauth]
Apr  7 07:57:04 ovzhost sshd[1181]: PAM 2 more authentication failures; logname= uid=0 euid=0 tty=ssh ruser= rhost=43.255.190.187  user=root
Apr  7 07:57:04 ovzhost sshd[1185]: pam_unix(sshd:auth): authentication failure; logname= uid=0 euid=0 tty=ssh ruser= rhost=43.255.190.187  user=root
Apr  7 07:57:06 ovzhost sshd[1183]: Failed password for root from 43.255.190.143 port 35884 ssh2
Apr  7 07:57:06 ovzhost sshd[1185]: Failed password for root from 43.255.190.187 port 57728 ssh2
Apr  7 07:57:10 ovzhost sshd[1183]: message repeated 2 times: [ Failed password for root from 43.255.190.143 port 35884 ssh2]
Apr  7 07:57:10 ovzhost sshd[1183]: Received disconnect from 43.255.190.143: 11:  [preauth]
Apr  7 07:57:10 ovzhost sshd[1183]: PAM 2 more authentication failures; logname= uid=0 euid=0 tty=ssh ruser= rhost=43.255.190.143  user=root
Apr  7 07:57:10 ovzhost sshd[1185]: message repeated 2 times: [ Failed password for root from 43.255.190.187 port 57728 ssh2]
Apr  7 07:57:10 ovzhost sshd[1185]: Received disconnect from 43.255.190.187: 11:  [preauth]
Apr  7 07:57:10 ovzhost sshd[1185]: PAM 2 more authentication failures; logname= uid=0 euid=0 tty=ssh ruser= rhost=43.255.190.187  user=root
Apr  7 07:57:11 ovzhost sshd[1189]: pam_unix(sshd:auth): authentication failure; logname= uid=0 euid=0 tty=ssh ruser= rhost=43.255.190.143  user=root
Apr  7 07:57:11 ovzhost sshd[1191]: pam_unix(sshd:auth): authentication failure; logname= uid=0 euid=0 tty=ssh ruser= rhost=43.255.190.187  user=root
Apr  7 07:57:13 ovzhost sshd[1189]: Failed password for root from 43.255.190.143 port 51563 ssh2
Apr  7 07:57:13 ovzhost sshd[1191]: Failed password for root from 43.255.190.187 port 44012 ssh2
Apr  7 07:57:17 ovzhost sshd[1189]: message repeated 2 times: [ Failed password for root from 43.255.190.143 port 51563 ssh2]
Apr  7 07:57:17 ovzhost sshd[1189]: Received disconnect from 43.255.190.143: 11:  [preauth]
Apr  7 07:57:17 ovzhost sshd[1189]: PAM 2 more authentication failures; logname= uid=0 euid=0 tty=ssh ruser= rhost=43.255.190.143  user=root
Apr  7 07:57:17 ovzhost sshd[1193]: pam_unix(sshd:auth): authentication failure; logname= uid=0 euid=0 tty=ssh ruser= rhost=43.255.190.143  user=root
Apr  7 07:57:18 ovzhost sshd[1191]: message repeated 2 times: [ Failed password for root from 43.255.190.187 port 44012 ssh2]
Apr  7 07:57:18 ovzhost sshd[1191]: Received disconnect from 43.255.190.187: 11:  [preauth]
Apr  7 07:57:18 ovzhost sshd[1191]: PAM 2 more authentication failures; logname= uid=0 euid=0 tty=ssh ruser= rhost=43.255.190.187  user=root
Apr  7 07:57:19 ovzhost sshd[1195]: pam_unix(sshd:auth): authentication failure; logname= uid=0 euid=0 tty=ssh ruser= rhost=43.255.190.187  user=root
Apr  7 07:57:20 ovzhost sshd[1193]: Failed password for root from 43.255.190.143 port 38352 ssh2
Apr  7 07:57:21 ovzhost sshd[1195]: Failed password for root from 43.255.190.187 port 59986 ssh2
Apr  7 07:57:24 ovzhost sshd[1193]: message repeated 2 times: [ Failed password for root from 43.255.190.143 port 38352 ssh2]
Apr  7 07:57:24 ovzhost sshd[1193]: Received disconnect from 43.255.190.143: 11:  [preauth]
Apr  7 07:57:24 ovzhost sshd[1193]: PAM 2 more authentication failures; logname= uid=0 euid=0 tty=ssh ruser= rhost=43.255.190.143  user=root
Apr  7 07:57:25 ovzhost sshd[1197]: pam_unix(sshd:auth): authentication failure; logname= uid=0 euid=0 tty=ssh ruser= rhost=43.255.190.143  user=root
Apr  7 07:57:25 ovzhost sshd[1195]: message repeated 2 times: [ Failed password for root from 43.255.190.187 port 59986 ssh2]
Apr  7 07:57:25 ovzhost sshd[1195]: Received disconnect from 43.255.190.187: 11:  [preauth]
Apr  7 07:57:25 ovzhost sshd[1195]: PAM 2 more authentication failures; logname= uid=0 euid=0 tty=ssh ruser= rhost=43.255.190.187  user=root
Apr  7 07:57:25 ovzhost sshd[1199]: pam_unix(sshd:auth): authentication failure; logname= uid=0 euid=0 tty=ssh ruser= rhost=43.255.190.187  user=root
Apr  7 07:57:26 ovzhost sshd[1197]: Failed password for root from 43.255.190.143 port 54375 ssh2
Apr  7 07:57:27 ovzhost sshd[1199]: Failed password for root from 43.255.190.187 port 46865 ssh2
Apr  7 07:57:31 ovzhost sshd[1197]: message repeated 2 times: [ Failed password for root from 43.255.190.143 port 54375 ssh2]
Apr  7 07:57:31 ovzhost sshd[1197]: Received disconnect from 43.255.190.143: 11:  [preauth]
Apr  7 07:57:31 ovzhost sshd[1197]: PAM 2 more authentication failures; logname= uid=0 euid=0 tty=ssh ruser= rhost=43.255.190.143  user=root
Apr  7 07:57:32 ovzhost sshd[1199]: message repeated 2 times: [ Failed password for root from 43.255.190.187 port 46865 ssh2]
Apr  7 07:57:32 ovzhost sshd[1199]: Received disconnect from 43.255.190.187: 11:  [preauth]
Apr  7 07:57:32 ovzhost sshd[1199]: PAM 2 more authentication failures; logname= uid=0 euid=0 tty=ssh ruser= rhost=43.255.190.187  user=root
Apr  7 07:57:32 ovzhost sshd[1201]: pam_unix(sshd:auth): authentication failure; logname= uid=0 euid=0 tty=ssh ruser= rhost=43.255.190.143  user=root
Apr  7 07:57:32 ovzhost sshd[1203]: pam_unix(sshd:auth): authentication failure; logname= uid=0 euid=0 tty=ssh ruser= rhost=43.255.190.187  user=root
Apr  7 07:57:33 ovzhost sshd[1201]: Failed password for root from 43.255.190.143 port 41350 ssh2
Apr  7 07:57:34 ovzhost sshd[1203]: Failed password for root from 43.255.190.187 port 60686 ssh2
Apr  7 07:57:38 ovzhost sshd[1201]: message repeated 2 times: [ Failed password for root from 43.255.190.143 port 41350 ssh2]
Apr  7 07:57:38 ovzhost sshd[1201]: Received disconnect from 43.255.190.143: 11:  [preauth]
Apr  7 07:57:38 ovzhost sshd[1201]: PAM 2 more authentication failures; logname= uid=0 euid=0 tty=ssh ruser= rhost=43.255.190.143  user=root
Apr  7 07:57:38 ovzhost sshd[1206]: pam_unix(sshd:auth): authentication failure; logname= uid=0 euid=0 tty=ssh ruser= rhost=43.255.190.143  user=root
Apr  7 07:57:38 ovzhost sshd[1203]: message repeated 2 times: [ Failed password for root from 43.255.190.187 port 60686 ssh2]
Apr  7 07:57:39 ovzhost sshd[1203]: Received disconnect from 43.255.190.187: 11:  [preauth]
Apr  7 07:57:39 ovzhost sshd[1203]: PAM 2 more authentication failures; logname= uid=0 euid=0 tty=ssh ruser= rhost=43.255.190.187  user=root
Apr  7 07:57:39 ovzhost sshd[1208]: pam_unix(sshd:auth): authentication failure; logname= uid=0 euid=0 tty=ssh ruser= rhost=43.255.190.187  user=root
Apr  7 07:57:41 ovzhost sshd[1206]: Failed password for root from 43.255.190.143 port 56365 ssh2
Apr  7 07:57:41 ovzhost sshd[1208]: Failed password for root from 43.255.190.187 port 47579 ssh2
Apr  7 07:57:45 ovzhost sshd[1206]: message repeated 2 times: [ Failed password for root from 43.255.190.143 port 56365 ssh2]
Apr  7 07:57:45 ovzhost sshd[1206]: Received disconnect from 43.255.190.143: 11:  [preauth]
Apr  7 07:57:45 ovzhost sshd[1206]: PAM 2 more authentication failures; logname= uid=0 euid=0 tty=ssh ruser= rhost=43.255.190.143  user=root
Apr  7 07:57:45 ovzhost sshd[1208]: message repeated 2 times: [ Failed password for root from 43.255.190.187 port 47579 ssh2]
Apr  7 07:57:45 ovzhost sshd[1208]: Received disconnect from 43.255.190.187: 11:  [preauth]
Apr  7 07:57:45 ovzhost sshd[1208]: PAM 2 more authentication failures; logname= uid=0 euid=0 tty=ssh ruser= rhost=43.255.190.187  user=root
Apr  7 07:57:46 ovzhost sshd[1210]: pam_unix(sshd:auth): authentication failure; logname= uid=0 euid=0 tty=ssh ruser= rhost=43.255.190.143  user=root
Apr  7 07:57:46 ovzhost sshd[1212]: pam_unix(sshd:auth): authentication failure; logname= uid=0 euid=0 tty=ssh ruser= rhost=43.255.190.187  user=root
Apr  7 07:57:48 ovzhost sshd[1210]: Failed password for root from 43.255.190.143 port 43822 ssh2
Apr  7 07:57:48 ovzhost sshd[1212]: Failed password for root from 43.255.190.187 port 34059 ssh2
Apr  7 07:57:52 ovzhost sshd[1212]: message repeated 2 times: [ Failed password for root from 43.255.190.187 port 34059 ssh2]
Apr  7 07:57:53 ovzhost sshd[1212]: Received disconnect from 43.255.190.187: 11:  [preauth]
Apr  7 07:57:53 ovzhost sshd[1212]: PAM 2 more authentication failures; logname= uid=0 euid=0 tty=ssh ruser= rhost=43.255.190.187  user=root
Apr  7 07:57:52 ovzhost sshd[1210]: message repeated 2 times: [ Failed password for root from 43.255.190.143 port 43822 ssh2]
Apr  7 07:57:53 ovzhost sshd[1210]: Received disconnect from 43.255.190.143: 11:  [preauth]
Apr  7 07:57:53 ovzhost sshd[1210]: PAM 2 more authentication failures; logname= uid=0 euid=0 tty=ssh ruser= rhost=43.255.190.143  user=root
Apr  7 07:57:53 ovzhost sshd[1214]: pam_unix(sshd:auth): authentication failure; logname= uid=0 euid=0 tty=ssh ruser= rhost=43.255.190.187  user=root
Apr  7 07:57:53 ovzhost sshd[1215]: pam_unix(sshd:auth): authentication failure; logname= uid=0 euid=0 tty=ssh ruser= rhost=43.255.190.143  user=root
Apr  7 07:57:56 ovzhost sshd[1214]: Failed password for root from 43.255.190.187 port 48648 ssh2
Apr  7 07:57:56 ovzhost sshd[1215]: Failed password for root from 43.255.190.143 port 59630 ssh2
Apr  7 07:57:59 ovzhost sshd[1214]: message repeated 2 times: [ Failed password for root from 43.255.190.187 port 48648 ssh2]
Apr  7 07:58:00 ovzhost sshd[1214]: Received disconnect from 43.255.190.187: 11:  [preauth]
Apr  7 07:58:00 ovzhost sshd[1214]: PAM 2 more authentication failures; logname= uid=0 euid=0 tty=ssh ruser= rhost=43.255.190.187  user=root
Apr  7 07:57:59 ovzhost sshd[1215]: message repeated 2 times: [ Failed password for root from 43.255.190.143 port 59630 ssh2]
Apr  7 07:58:00 ovzhost sshd[1215]: Received disconnect from 43.255.190.143: 11:  [preauth]
Apr  7 07:58:00 ovzhost sshd[1215]: PAM 2 more authentication failures; logname= uid=0 euid=0 tty=ssh ruser= rhost=43.255.190.143  user=root
Apr  7 07:58:00 ovzhost sshd[1218]: pam_unix(sshd:auth): authentication failure; logname= uid=0 euid=0 tty=ssh ruser= rhost=43.255.190.187  user=root
Apr  7 07:58:00 ovzhost sshd[1219]: pam_unix(sshd:auth): authentication failure; logname= uid=0 euid=0 tty=ssh ruser= rhost=43.255.190.143  user=root
Apr  7 07:58:02 ovzhost sshd[1218]: Failed password for root from 43.255.190.187 port 35542 ssh2
Apr  7 07:58:02 ovzhost sshd[1219]: Failed password for root from 43.255.190.143 port 46792 ssh2
Apr  7 07:58:07 ovzhost sshd[1218]: message repeated 2 times: [ Failed password for root from 43.255.190.187 port 35542 ssh2]
Apr  7 07:58:07 ovzhost sshd[1218]: Received disconnect from 43.255.190.187: 11:  [preauth]
Apr  7 07:58:07 ovzhost sshd[1218]: PAM 2 more authentication failures; logname= uid=0 euid=0 tty=ssh ruser= rhost=43.255.190.187  user=root
Apr  7 07:58:07 ovzhost sshd[1219]: message repeated 2 times: [ Failed password for root from 43.255.190.143 port 46792 ssh2]
Apr  7 07:58:07 ovzhost sshd[1219]: Received disconnect from 43.255.190.143: 11:  [preauth]
Apr  7 07:58:07 ovzhost sshd[1219]: PAM 2 more authentication failures; logname= uid=0 euid=0 tty=ssh ruser= rhost=43.255.190.143  user=root
Apr  7 07:58:07 ovzhost sshd[1222]: pam_unix(sshd:auth): authentication failure; logname= uid=0 euid=0 tty=ssh ruser= rhost=43.255.190.187  user=root
Apr  7 07:58:07 ovzhost sshd[1223]: pam_unix(sshd:auth): authentication failure; logname= uid=0 euid=0 tty=ssh ruser= rhost=43.255.190.143  user=root
Apr  7 07:58:09 ovzhost sshd[1222]: Failed password for root from 43.255.190.187 port 51302 ssh2
Apr  7 07:58:09 ovzhost sshd[1223]: Failed password for root from 43.255.190.143 port 34585 ssh2
Apr  7 07:58:14 ovzhost sshd[1222]: message repeated 2 times: [ Failed password for root from 43.255.190.187 port 51302 ssh2]
Apr  7 07:58:14 ovzhost sshd[1222]: Received disconnect from 43.255.190.187: 11:  [preauth]
Apr  7 07:58:14 ovzhost sshd[1222]: PAM 2 more authentication failures; logname= uid=0 euid=0 tty=ssh ruser= rhost=43.255.190.187  user=root
Apr  7 07:58:14 ovzhost sshd[1223]: message repeated 2 times: [ Failed password for root from 43.255.190.143 port 34585 ssh2]
Apr  7 07:58:14 ovzhost sshd[1223]: Received disconnect from 43.255.190.143: 11:  [preauth]
Apr  7 07:58:14 ovzhost sshd[1223]: PAM 2 more authentication failures; logname= uid=0 euid=0 tty=ssh ruser= rhost=43.255.190.143  user=root
Apr  7 07:58:14 ovzhost sshd[1226]: pam_unix(sshd:auth): authentication failure; logname= uid=0 euid=0 tty=ssh ruser= rhost=43.255.190.187  user=root
Apr  7 07:58:14 ovzhost sshd[1227]: pam_unix(sshd:auth): authentication failure; logname= uid=0 euid=0 tty=ssh ruser= rhost=43.255.190.143  user=root
Apr  7 07:58:16 ovzhost sshd[1226]: Failed password for root from 43.255.190.187 port 40982 ssh2
Apr  7 07:58:16 ovzhost sshd[1227]: Failed password for root from 43.255.190.143 port 50195 ssh2
Apr  7 07:58:20 ovzhost sshd[1226]: message repeated 2 times: [ Failed password for root from 43.255.190.187 port 40982 ssh2]
Apr  7 07:58:20 ovzhost sshd[1226]: Received disconnect from 43.255.190.187: 11:  [preauth]
Apr  7 07:58:20 ovzhost sshd[1226]: PAM 2 more authentication failures; logname= uid=0 euid=0 tty=ssh ruser= rhost=43.255.190.187  user=root
Apr  7 07:58:20 ovzhost sshd[1227]: message repeated 2 times: [ Failed password for root from 43.255.190.143 port 50195 ssh2]
Apr  7 07:58:20 ovzhost sshd[1227]: Received disconnect from 43.255.190.143: 11:  [preauth]
Apr  7 07:58:20 ovzhost sshd[1227]: PAM 2 more authentication failures; logname= uid=0 euid=0 tty=ssh ruser= rhost=43.255.190.143  user=root
Apr  7 07:58:21 ovzhost sshd[1230]: pam_unix(sshd:auth): authentication failure; logname= uid=0 euid=0 tty=ssh ruser= rhost=43.255.190.187  user=root
Apr  7 07:58:21 ovzhost sshd[1231]: pam_unix(sshd:auth): authentication failure; logname= uid=0 euid=0 tty=ssh ruser= rhost=43.255.190.143  user=root
Apr  7 07:58:23 ovzhost sshd[1230]: Failed password for root from 43.255.190.187 port 59476 ssh2
Apr  7 07:58:23 ovzhost sshd[1231]: Failed password for root from 43.255.190.143 port 35788 ssh2
Apr  7 07:58:28 ovzhost sshd[1230]: message repeated 2 times: [ Failed password for root from 43.255.190.187 port 59476 ssh2]
Apr  7 07:58:28 ovzhost sshd[1230]: Received disconnect from 43.255.190.187: 11:  [preauth]
Apr  7 07:58:28 ovzhost sshd[1230]: PAM 2 more authentication failures; logname= uid=0 euid=0 tty=ssh ruser= rhost=43.255.190.187  user=root
Apr  7 07:58:28 ovzhost sshd[1231]: message repeated 2 times: [ Failed password for root from 43.255.190.143 port 35788 ssh2]
Apr  7 07:58:28 ovzhost sshd[1231]: Received disconnect from 43.255.190.143: 11:  [preauth]
Apr  7 07:58:28 ovzhost sshd[1231]: PAM 2 more authentication failures; logname= uid=0 euid=0 tty=ssh ruser= rhost=43.255.190.143  user=root
Apr  7 07:58:28 ovzhost sshd[1234]: pam_unix(sshd:auth): authentication failure; logname= uid=0 euid=0 tty=ssh ruser= rhost=43.255.190.187  user=root
Apr  7 07:58:28 ovzhost sshd[1235]: pam_unix(sshd:auth): authentication failure; logname= uid=0 euid=0 tty=ssh ruser= rhost=43.255.190.143  user=root
Apr  7 07:58:31 ovzhost sshd[1234]: Failed password for root from 43.255.190.187 port 53274 ssh2
Apr  7 07:58:31 ovzhost sshd[1235]: Failed password for root from 43.255.190.143 port 52777 ssh2
Apr  7 07:58:34 ovzhost sshd[1234]: message repeated 2 times: [ Failed password for root from 43.255.190.187 port 53274 ssh2]
Apr  7 07:58:34 ovzhost sshd[1234]: Received disconnect from 43.255.190.187: 11:  [preauth]
Apr  7 07:58:34 ovzhost sshd[1234]: PAM 2 more authentication failures; logname= uid=0 euid=0 tty=ssh ruser= rhost=43.255.190.187  user=root
Apr  7 07:58:34 ovzhost sshd[1235]: message repeated 2 times: [ Failed password for root from 43.255.190.143 port 52777 ssh2]
Apr  7 07:58:34 ovzhost sshd[1235]: Received disconnect from 43.255.190.143: 11:  [preauth]
Apr  7 07:58:34 ovzhost sshd[1235]: PAM 2 more authentication failures; logname= uid=0 euid=0 tty=ssh ruser= rhost=43.255.190.143  user=root
Apr  7 07:59:33 ovzhost sshd[1243]: Connection closed by 127.0.0.1 [preauth]
Apr  7 08:00:01 ovzhost CRON[1247]: pam_env(cron:session): Unable to open env file: /etc/default/locale: No such file or directory
Apr  7 08:00:01 ovzhost CRON[1247]: pam_unix(cron:session): session opened for user smmsp by (uid=0)
Apr  7 08:00:01 ovzhost CRON[1247]: pam_unix(cron:session): session closed for user smmsp
Apr  7 08:04:25 ovzhost sshd[1289]: Invalid user oracle from 80.242.123.130
Apr  7 08:04:25 ovzhost sshd[1289]: input_userauth_request: invalid user oracle [preauth]
Apr  7 08:04:25 ovzhost sshd[1289]: pam_unix(sshd:auth): check pass; user unknown
Apr  7 08:04:25 ovzhost sshd[1289]: pam_unix(sshd:auth): authentication failure; logname= uid=0 euid=0 tty=ssh ruser= rhost=130-123-242-80.pppoe.dyn.broadband.blic.net 
Apr  7 08:04:27 ovzhost sshd[1289]: Failed password for invalid user oracle from 80.242.123.130 port 48012 ssh2
Apr  7 08:04:28 ovzhost sshd[1289]: Received disconnect from 80.242.123.130: 11: Bye Bye [preauth]
Apr  7 08:04:33 ovzhost sshd[1292]: Connection closed by 127.0.0.1 [preauth]
Apr  7 08:06:07 ovzhost sshd[1301]: Connection closed by 128.8.37.120 [preauth]
Apr  7 08:09:01 ovzhost CRON[1314]: pam_env(cron:session): Unable to open env file: /etc/default/locale: No such file or directory
Apr  7 08:09:01 ovzhost CRON[1315]: pam_env(cron:session): Unable to open env file: /etc/default/locale: No such file or directory
Apr  7 08:09:01 ovzhost CRON[1314]: pam_unix(cron:session): session opened for user root by (uid=0)
Apr  7 08:09:01 ovzhost CRON[1315]: pam_unix(cron:session): session opened for user root by (uid=0)
Apr  7 08:09:01 ovzhost CRON[1314]: pam_unix(cron:session): session closed for user root
Apr  7 08:09:01 ovzhost CRON[1315]: pam_unix(cron:session): session closed for user root
Apr  7 08:09:33 ovzhost sshd[1329]: Connection closed by 127.0.0.1 [preauth]
Apr  7 08:14:03 ovzhost sshd[1346]: Invalid user db2fenc1 from 221.146.74.146
Apr  7 08:14:03 ovzhost sshd[1346]: input_userauth_request: invalid user db2fenc1 [preauth]
Apr  7 08:14:03 ovzhost sshd[1346]: pam_unix(sshd:auth): check pass; user unknown
Apr  7 08:14:03 ovzhost sshd[1346]: pam_unix(sshd:auth): authentication failure; logname= uid=0 euid=0 tty=ssh ruser= rhost=221.146.74.146 
Apr  7 08:14:05 ovzhost sshd[1346]: Failed password for invalid user db2fenc1 from 221.146.74.146 port 13752 ssh2
Apr  7 08:14:05 ovzhost sshd[1346]: Connection closed by 221.146.74.146 [preauth]
Apr  7 08:14:33 ovzhost sshd[1353]: Connection closed by 127.0.0.1 [preauth]
Apr  7 08:16:07 ovzhost sshd[1362]: Connection closed by 128.8.37.120 [preauth]
Apr  7 08:19:33 ovzhost sshd[1376]: Connection closed by 127.0.0.1 [preauth]
Apr  7 08:20:01 ovzhost CRON[1380]: pam_env(cron:session): Unable to open env file: /etc/default/locale: No such file or directory
Apr  7 08:20:01 ovzhost CRON[1380]: pam_unix(cron:session): session opened for user smmsp by (uid=0)
Apr  7 08:20:01 ovzhost CRON[1380]: pam_unix(cron:session): session closed for user smmsp
Apr  7 08:21:46 ovzhost sshd[1411]: pam_unix(sshd:auth): authentication failure; logname= uid=0 euid=0 tty=ssh ruser= rhost=43.255.190.149  user=root
Apr  7 08:21:47 ovzhost sshd[1411]: Failed password for root from 43.255.190.149 port 33352 ssh2
Apr  7 08:21:51 ovzhost sshd[1411]: message repeated 2 times: [ Failed password for root from 43.255.190.149 port 33352 ssh2]
Apr  7 08:21:51 ovzhost sshd[1411]: Received disconnect from 43.255.190.149: 11:  [preauth]
Apr  7 08:21:51 ovzhost sshd[1411]: PAM 2 more authentication failures; logname= uid=0 euid=0 tty=ssh ruser= rhost=43.255.190.149  user=root
Apr  7 08:21:52 ovzhost sshd[1413]: pam_unix(sshd:auth): authentication failure; logname= uid=0 euid=0 tty=ssh ruser= rhost=43.255.190.149  user=root
Apr  7 08:21:54 ovzhost sshd[1413]: Failed password for root from 43.255.190.149 port 50107 ssh2
Apr  7 08:21:59 ovzhost sshd[1413]: message repeated 2 times: [ Failed password for root from 43.255.190.149 port 50107 ssh2]
Apr  7 08:21:59 ovzhost sshd[1413]: Received disconnect from 43.255.190.149: 11:  [preauth]
Apr  7 08:21:59 ovzhost sshd[1413]: PAM 2 more authentication failures; logname= uid=0 euid=0 tty=ssh ruser= rhost=43.255.190.149  user=root
Apr  7 08:21:59 ovzhost sshd[1417]: pam_unix(sshd:auth): authentication failure; logname= uid=0 euid=0 tty=ssh ruser= rhost=43.255.190.149  user=root
Apr  7 08:22:01 ovzhost sshd[1417]: Failed password for root from 43.255.190.149 port 39029 ssh2
Apr  7 08:22:05 ovzhost sshd[1417]: message repeated 2 times: [ Failed password for root from 43.255.190.149 port 39029 ssh2]
Apr  7 08:22:06 ovzhost sshd[1417]: Received disconnect from 43.255.190.149: 11:  [preauth]
Apr  7 08:22:06 ovzhost sshd[1417]: PAM 2 more authentication failures; logname= uid=0 euid=0 tty=ssh ruser= rhost=43.255.190.149  user=root
Apr  7 08:22:06 ovzhost sshd[1421]: pam_unix(sshd:auth): authentication failure; logname= uid=0 euid=0 tty=ssh ruser= rhost=43.255.190.149  user=root
Apr  7 08:22:08 ovzhost sshd[1421]: Failed password for root from 43.255.190.149 port 55531 ssh2
Apr  7 08:22:12 ovzhost sshd[1421]: message repeated 2 times: [ Failed password for root from 43.255.190.149 port 55531 ssh2]
Apr  7 08:22:13 ovzhost sshd[1421]: Received disconnect from 43.255.190.149: 11:  [preauth]
Apr  7 08:22:13 ovzhost sshd[1421]: PAM 2 more authentication failures; logname= uid=0 euid=0 tty=ssh ruser= rhost=43.255.190.149  user=root
Apr  7 08:22:13 ovzhost sshd[1423]: pam_unix(sshd:auth): authentication failure; logname= uid=0 euid=0 tty=ssh ruser= rhost=43.255.190.149  user=root
Apr  7 08:22:15 ovzhost sshd[1423]: Failed password for root from 43.255.190.149 port 44752 ssh2
Apr  7 08:22:20 ovzhost sshd[1423]: message repeated 2 times: [ Failed password for root from 43.255.190.149 port 44752 ssh2]
Apr  7 08:22:20 ovzhost sshd[1423]: Received disconnect from 43.255.190.149: 11:  [preauth]
Apr  7 08:22:20 ovzhost sshd[1423]: PAM 2 more authentication failures; logname= uid=0 euid=0 tty=ssh ruser= rhost=43.255.190.149  user=root
Apr  7 08:22:20 ovzhost sshd[1425]: pam_unix(sshd:auth): authentication failure; logname= uid=0 euid=0 tty=ssh ruser= rhost=43.255.190.149  user=root
Apr  7 08:22:22 ovzhost sshd[1425]: Failed password for root from 43.255.190.149 port 33149 ssh2
Apr  7 08:22:26 ovzhost sshd[1425]: message repeated 2 times: [ Failed password for root from 43.255.190.149 port 33149 ssh2]
Apr  7 08:22:26 ovzhost sshd[1425]: Received disconnect from 43.255.190.149: 11:  [preauth]
Apr  7 08:22:26 ovzhost sshd[1425]: PAM 2 more authentication failures; logname= uid=0 euid=0 tty=ssh ruser= rhost=43.255.190.149  user=root
Apr  7 08:22:27 ovzhost sshd[1427]: pam_unix(sshd:auth): authentication failure; logname= uid=0 euid=0 tty=ssh ruser= rhost=43.255.190.149  user=root
Apr  7 08:22:28 ovzhost sshd[1427]: Failed password for root from 43.255.190.149 port 48847 ssh2
Apr  7 08:22:33 ovzhost sshd[1427]: message repeated 2 times: [ Failed password for root from 43.255.190.149 port 48847 ssh2]
Apr  7 08:22:33 ovzhost sshd[1427]: Received disconnect from 43.255.190.149: 11:  [preauth]
Apr  7 08:22:33 ovzhost sshd[1427]: PAM 2 more authentication failures; logname= uid=0 euid=0 tty=ssh ruser= rhost=43.255.190.149  user=root
Apr  7 08:22:34 ovzhost sshd[1430]: pam_unix(sshd:auth): authentication failure; logname= uid=0 euid=0 tty=ssh ruser= rhost=43.255.190.149  user=root
Apr  7 08:22:35 ovzhost sshd[1430]: Failed password for root from 43.255.190.149 port 36717 ssh2
Apr  7 08:22:40 ovzhost sshd[1430]: message repeated 2 times: [ Failed password for root from 43.255.190.149 port 36717 ssh2]
Apr  7 08:22:40 ovzhost sshd[1430]: Received disconnect from 43.255.190.149: 11:  [preauth]
Apr  7 08:22:40 ovzhost sshd[1430]: PAM 2 more authentication failures; logname= uid=0 euid=0 tty=ssh ruser= rhost=43.255.190.149  user=root
Apr  7 08:22:40 ovzhost sshd[1432]: pam_unix(sshd:auth): authentication failure; logname= uid=0 euid=0 tty=ssh ruser= rhost=43.255.190.149  user=root
Apr  7 08:22:42 ovzhost sshd[1432]: Failed password for root from 43.255.190.149 port 53411 ssh2
Apr  7 08:22:47 ovzhost sshd[1432]: message repeated 2 times: [ Failed password for root from 43.255.190.149 port 53411 ssh2]
