Apr  2 14:31:44 ovzhost sshd[780]: Connection closed by 127.0.0.1 [preauth]
Apr  2 14:35:40 ovzhost sshd[811]: Connection closed by 128.8.37.120 [preauth]
Apr  2 14:36:44 ovzhost sshd[820]: Connection closed by 127.0.0.1 [preauth]
Apr  7 07:34:33 ovzhost sshd[794]: Connection closed by 127.0.0.1 [preauth]
Apr  7 07:36:07 ovzhost sshd[803]: Connection closed by 128.8.37.120 [preauth]
Apr  7 07:39:01 ovzhost CRON[816]: pam_env(cron:session): Unable to open env file: /etc/default/locale: No such file or directory
Apr  7 07:39:01 ovzhost CRON[816]: pam_unix(cron:session): session opened for user root by (uid=0)
Apr  7 07:39:01 ovzhost CRON[816]: pam_unix(cron:session): session closed for user root
Apr  7 07:39:33 ovzhost sshd[828]: Connection closed by 127.0.0.1 [preauth]
Apr  7 07:40:01 ovzhost CRON[832]: pam_env(cron:session): Unable to open env file: /etc/default/locale: No such file or directory
Apr  7 07:40:01 ovzhost CRON[832]: pam_unix(cron:session): session opened for user smmsp by (uid=0)
Apr  7 07:40:02 ovzhost CRON[832]: pam_unix(cron:session): session closed for user smmsp
Apr  7 07:43:29 ovzhost sshd[869]: Did not receive identification string from 180.96.19.163
Apr  7 07:44:33 ovzhost sshd[877]: Connection closed by 127.0.0.1 [preauth]
Apr  7 07:46:07 ovzhost sshd[886]: Connection closed by 128.8.37.120 [preauth]
Apr  7 07:49:33 ovzhost sshd[900]: Connection closed by 127.0.0.1 [preauth]
Apr  7 07:50:12 ovzhost sshd[904]: pam_unix(sshd:auth): authentication failure; logname= uid=0 euid=0 tty=ssh ruser= rhost=43.255.190.143  user=root
Apr  7 07:50:12 ovzhost sshd[906]: pam_unix(sshd:auth): authentication failure; logname= uid=0 euid=0 tty=ssh ruser= rhost=43.255.190.187  user=root
Apr  7 07:50:14 ovzhost sshd[904]: Failed password for root from 43.255.190.143 port 36066 ssh2
Apr  7 07:50:14 ovzhost sshd[906]: Failed password for root from 43.255.190.187 port 46597 ssh2
Apr  7 07:50:18 ovzhost sshd[904]: message repeated 2 times: [ Failed password for root from 43.255.190.143 port 36066 ssh2]
Apr  7 07:50:18 ovzhost sshd[904]: Received disconnect from 43.255.190.143: 11:  [preauth]
Apr  7 07:50:18 ovzhost sshd[904]: PAM 2 more authentication failures; logname= uid=0 euid=0 tty=ssh ruser= rhost=43.255.190.143  user=root
Apr  7 07:50:18 ovzhost sshd[906]: message repeated 2 times: [ Failed password for root from 43.255.190.187 port 46597 ssh2]
Apr  7 07:50:18 ovzhost sshd[906]: Received disconnect from 43.255.190.187: 11:  [preauth]
Apr  7 07:50:18 ovzhost sshd[906]: PAM 2 more authentication failures; logname= uid=0 euid=0 tty=ssh ruser= rhost=43.255.190.187  user=root
Apr  7 07:50:19 ovzhost sshd[908]: pam_unix(sshd:auth): authentication failure; logname= uid=0 euid=0 tty=ssh ruser= rhost=43.255.190.143  user=root
Apr  7 07:50:19 ovzhost sshd[910]: pam_unix(sshd:auth): authentication failure; logname= uid=0 euid=0 tty=ssh ruser= rhost=43.255.190.187  user=root
Apr  7 07:50:21 ovzhost sshd[908]: Failed password for root from 43.255.190.143 port 58094 ssh2
Apr  7 07:50:21 ovzhost sshd[910]: Failed password for root from 43.255.190.187 port 39070 ssh2
Apr  7 07:50:24 ovzhost sshd[908]: message repeated 2 times: [ Failed password for root from 43.255.190.143 port 58094 ssh2]
Apr  7 07:50:24 ovzhost sshd[908]: Received disconnect from 43.255.190.143: 11:  [preauth]
Apr  7 07:50:24 ovzhost sshd[908]: PAM 2 more authentication failures; logname= uid=0 euid=0 tty=ssh ruser= rhost=43.255.190.143  user=root
Apr  7 07:50:25 ovzhost sshd[914]: pam_unix(sshd:auth): authentication failure; logname= uid=0 euid=0 tty=ssh ruser= rhost=43.255.190.143  user=root
Apr  7 07:50:25 ovzhost sshd[910]: message repeated 2 times: [ Failed password for root from 43.255.190.187 port 39070 ssh2]
Apr  7 07:50:25 ovzhost sshd[910]: Received disconnect from 43.255.190.187: 11:  [preauth]
Apr  7 07:50:25 ovzhost sshd[910]: PAM 2 more authentication failures; logname= uid=0 euid=0 tty=ssh ruser= rhost=43.255.190.187  user=root
Apr  7 07:50:25 ovzhost sshd[916]: pam_unix(sshd:auth): authentication failure; logname= uid=0 euid=0 tty=ssh ruser= rhost=43.255.190.187  user=root
Apr  7 07:50:26 ovzhost sshd[914]: Failed password for root from 43.255.190.143 port 47811 ssh2
Apr  7 07:50:27 ovzhost sshd[916]: Failed password for root from 43.255.190.187 port 59057 ssh2
Apr  7 07:50:30 ovzhost sshd[914]: message repeated 2 times: [ Failed password for root from 43.255.190.143 port 47811 ssh2]
Apr  7 07:50:30 ovzhost sshd[914]: Received disconnect from 43.255.190.143: 11:  [preauth]
Apr  7 07:50:30 ovzhost sshd[914]: PAM 2 more authentication failures; logname= uid=0 euid=0 tty=ssh ruser= rhost=43.255.190.143  user=root
Apr  7 07:50:31 ovzhost sshd[918]: pam_unix(sshd:auth): authentication failure; logname= uid=0 euid=0 tty=ssh ruser= rhost=43.255.190.143  user=root
Apr  7 07:50:32 ovzhost sshd[916]: message repeated 2 times: [ Failed password for root from 43.255.190.187 port 59057 ssh2]
Apr  7 07:50:32 ovzhost sshd[916]: Received disconnect from 43.255.190.187: 11:  [preauth]
Apr  7 07:50:32 ovzhost sshd[916]: PAM 2 more authentication failures; logname= uid=0 euid=0 tty=ssh ruser= rhost=43.255.190.187  user=root
Apr  7 07:50:32 ovzhost sshd[920]: pam_unix(sshd:auth): authentication failure; logname= uid=0 euid=0 tty=ssh ruser= rhost=43.255.190.187  user=root
Apr  7 07:50:33 ovzhost sshd[918]: Failed password for root from 43.255.190.143 port 39949 ssh2
Apr  7 07:50:34 ovzhost sshd[920]: Failed password for root from 43.255.190.187 port 55514 ssh2
Apr  7 07:50:37 ovzhost sshd[918]: message repeated 2 times: [ Failed password for root from 43.255.190.143 port 39949 ssh2]
Apr  7 07:50:37 ovzhost sshd[918]: Received disconnect from 43.255.190.143: 11:  [preauth]
Apr  7 07:50:37 ovzhost sshd[918]: PAM 2 more authentication failures; logname= uid=0 euid=0 tty=ssh ruser= rhost=43.255.190.143  user=root
Apr  7 07:50:38 ovzhost sshd[923]: pam_unix(sshd:auth): authentication failure; logname= uid=0 euid=0 tty=ssh ruser= rhost=43.255.190.143  user=root
Apr  7 07:50:38 ovzhost sshd[920]: message repeated 2 times: [ Failed password for root from 43.255.190.187 port 55514 ssh2]
Apr  7 07:50:38 ovzhost sshd[920]: Received disconnect from 43.255.190.187: 11:  [preauth]
Apr  7 07:50:38 ovzhost sshd[920]: PAM 2 more authentication failures; logname= uid=0 euid=0 tty=ssh ruser= rhost=43.255.190.187  user=root
Apr  7 07:50:39 ovzhost sshd[925]: pam_unix(sshd:auth): authentication failure; logname= uid=0 euid=0 tty=ssh ruser= rhost=43.255.190.187  user=root
Apr  7 07:50:40 ovzhost sshd[923]: Failed password for root from 43.255.190.143 port 33884 ssh2
Apr  7 07:50:41 ovzhost sshd[925]: Failed password for root from 43.255.190.187 port 49826 ssh2
Apr  7 07:50:44 ovzhost sshd[923]: message repeated 2 times: [ Failed password for root from 43.255.190.143 port 33884 ssh2]
Apr  7 07:50:44 ovzhost sshd[923]: Received disconnect from 43.255.190.143: 11:  [preauth]
Apr  7 07:50:44 ovzhost sshd[923]: PAM 2 more authentication failures; logname= uid=0 euid=0 tty=ssh ruser= rhost=43.255.190.143  user=root
Apr  7 07:50:44 ovzhost sshd[927]: pam_unix(sshd:auth): authentication failure; logname= uid=0 euid=0 tty=ssh ruser= rhost=43.255.190.143  user=root
Apr  7 07:50:46 ovzhost sshd[925]: message repeated 2 times: [ Failed password for root from 43.255.190.187 port 49826 ssh2]
Apr  7 07:50:46 ovzhost sshd[925]: Received disconnect from 43.255.190.187: 11:  [preauth]
Apr  7 07:50:46 ovzhost sshd[925]: PAM 2 more authentication failures; logname= uid=0 euid=0 tty=ssh ruser= rhost=43.255.190.187  user=root
Apr  7 07:50:46 ovzhost sshd[929]: pam_unix(sshd:auth): authentication failure; logname= uid=0 euid=0 tty=ssh ruser= rhost=43.255.190.187  user=root
Apr  7 07:50:46 ovzhost sshd[927]: Failed password for root from 43.255.190.143 port 55331 ssh2
Apr  7 07:50:48 ovzhost sshd[929]: Failed password for root from 43.255.190.187 port 43253 ssh2
Apr  7 07:50:50 ovzhost sshd[927]: message repeated 2 times: [ Failed password for root from 43.255.190.143 port 55331 ssh2]
Apr  7 07:50:50 ovzhost sshd[927]: Received disconnect from 43.255.190.143: 11:  [preauth]
Apr  7 07:50:50 ovzhost sshd[927]: PAM 2 more authentication failures; logname= uid=0 euid=0 tty=ssh ruser= rhost=43.255.190.143  user=root
Apr  7 07:50:51 ovzhost sshd[931]: pam_unix(sshd:auth): authentication failure; logname= uid=0 euid=0 tty=ssh ruser= rhost=43.255.190.143  user=root
Apr  7 07:50:52 ovzhost sshd[929]: message repeated 2 times: [ Failed password for root from 43.255.190.187 port 43253 ssh2]
Apr  7 07:50:52 ovzhost sshd[929]: Received disconnect from 43.255.190.187: 11:  [preauth]
Apr  7 07:50:52 ovzhost sshd[929]: PAM 2 more authentication failures; logname= uid=0 euid=0 tty=ssh ruser= rhost=43.255.190.187  user=root
Apr  7 07:50:53 ovzhost sshd[933]: pam_unix(sshd:auth): authentication failure; logname= uid=0 euid=0 tty=ssh ruser= rhost=43.255.190.187  user=root
Apr  7 07:50:53 ovzhost sshd[931]: Failed password for root from 43.255.190.143 port 48528 ssh2
Apr  7 07:50:56 ovzhost sshd[933]: Failed password for root from 43.255.190.187 port 35652 ssh2
Apr  7 07:50:58 ovzhost sshd[931]: message repeated 2 times: [ Failed password for root from 43.255.190.143 port 48528 ssh2]
Apr  7 07:50:58 ovzhost sshd[931]: Received disconnect from 43.255.190.143: 11:  [preauth]
Apr  7 07:50:58 ovzhost sshd[931]: PAM 2 more authentication failures; logname= uid=0 euid=0 tty=ssh ruser= rhost=43.255.190.143  user=root
Apr  7 07:50:58 ovzhost sshd[935]: pam_unix(sshd:auth): authentication failure; logname= uid=0 euid=0 tty=ssh ruser= rhost=43.255.190.143  user=root
Apr  7 07:50:59 ovzhost sshd[933]: message repeated 2 times: [ Failed password for root from 43.255.190.187 port 35652 ssh2]
Apr  7 07:50:59 ovzhost sshd[933]: Received disconnect from 43.255.190.187: 11:  [preauth]
Apr  7 07:50:59 ovzhost sshd[933]: PAM 2 more authentication failures; logname= uid=0 euid=0 tty=ssh ruser= rhost=43.255.190.187  user=root
Apr  7 07:51:00 ovzhost sshd[937]: pam_unix(sshd:auth): authentication failure; logname= uid=0 euid=0 tty=ssh ruser= rhost=43.255.190.187  user=root
Apr  7 07:51:00 ovzhost sshd[935]: Failed password for root from 43.255.190.143 port 43421 ssh2
Apr  7 07:51:02 ovzhost sshd[937]: Failed password for root from 43.255.190.187 port 56108 ssh2
Apr  7 07:51:04 ovzhost sshd[935]: message repeated 2 times: [ Failed password for root from 43.255.190.143 port 43421 ssh2]
Apr  7 07:51:05 ovzhost sshd[935]: Received disconnect from 43.255.190.143: 11:  [preauth]
Apr  7 07:51:05 ovzhost sshd[935]: PAM 2 more authentication failures; logname= uid=0 euid=0 tty=ssh ruser= rhost=43.255.190.143  user=root
Apr  7 07:51:05 ovzhost sshd[939]: pam_unix(sshd:auth): authentication failure; logname= uid=0 euid=0 tty=ssh ruser= rhost=43.255.190.143  user=root
Apr  7 07:51:06 ovzhost sshd[937]: message repeated 2 times: [ Failed password for root from 43.255.190.187 port 56108 ssh2]
Apr  7 07:51:06 ovzhost sshd[937]: Received disconnect from 43.255.190.187: 11:  [preauth]
Apr  7 07:51:06 ovzhost sshd[937]: PAM 2 more authentication failures; logname= uid=0 euid=0 tty=ssh ruser= rhost=43.255.190.187  user=root
Apr  7 07:51:07 ovzhost sshd[941]: pam_unix(sshd:auth): authentication failure; logname= uid=0 euid=0 tty=ssh ruser= rhost=43.255.190.187  user=root
Apr  7 07:51:08 ovzhost sshd[939]: Failed password for root from 43.255.190.143 port 36856 ssh2
Apr  7 07:51:08 ovzhost sshd[941]: Failed password for root from 43.255.190.187 port 50375 ssh2
Apr  7 07:51:11 ovzhost sshd[939]: message repeated 2 times: [ Failed password for root from 43.255.190.143 port 36856 ssh2]
Apr  7 07:51:11 ovzhost sshd[939]: Received disconnect from 43.255.190.143: 11:  [preauth]
Apr  7 07:51:11 ovzhost sshd[939]: PAM 2 more authentication failures; logname= uid=0 euid=0 tty=ssh ruser= rhost=43.255.190.143  user=root
Apr  7 07:51:12 ovzhost sshd[943]: pam_unix(sshd:auth): authentication failure; logname= uid=0 euid=0 tty=ssh ruser= rhost=43.255.190.143  user=root
Apr  7 07:51:12 ovzhost sshd[941]: message repeated 2 times: [ Failed password for root from 43.255.190.187 port 50375 ssh2]
Apr  7 07:51:12 ovzhost sshd[941]: Received disconnect from 43.255.190.187: 11:  [preauth]
Apr  7 07:51:12 ovzhost sshd[941]: PAM 2 more authentication failures; logname= uid=0 euid=0 tty=ssh ruser= rhost=43.255.190.187  user=root
Apr  7 07:51:13 ovzhost sshd[945]: pam_unix(sshd:auth): authentication failure; logname= uid=0 euid=0 tty=ssh ruser= rhost=43.255.190.187  user=root
Apr  7 07:51:14 ovzhost sshd[943]: Failed password for root from 43.255.190.143 port 57452 ssh2
Apr  7 07:51:14 ovzhost sshd[945]: Failed password for root from 43.255.190.187 port 41911 ssh2
Apr  7 07:51:18 ovzhost sshd[943]: message repeated 2 times: [ Failed password for root from 43.255.190.143 port 57452 ssh2]
Apr  7 07:51:19 ovzhost sshd[943]: Received disconnect from 43.255.190.143: 11:  [preauth]
Apr  7 07:51:19 ovzhost sshd[943]: PAM 2 more authentication failures; logname= uid=0 euid=0 tty=ssh ruser= rhost=43.255.190.143  user=root
Apr  7 07:51:19 ovzhost sshd[949]: pam_unix(sshd:auth): authentication failure; logname= uid=0 euid=0 tty=ssh ruser= rhost=43.255.190.143  user=root
Apr  7 07:51:19 ovzhost sshd[945]: message repeated 2 times: [ Failed password for root from 43.255.190.187 port 41911 ssh2]
Apr  7 07:51:19 ovzhost sshd[945]: Received disconnect from 43.255.190.187: 11:  [preauth]
Apr  7 07:51:19 ovzhost sshd[945]: PAM 2 more authentication failures; logname= uid=0 euid=0 tty=ssh ruser= rhost=43.255.190.187  user=root
Apr  7 07:51:20 ovzhost sshd[951]: pam_unix(sshd:auth): authentication failure; logname= uid=0 euid=0 tty=ssh ruser= rhost=43.255.190.187  user=root
Apr  7 07:51:21 ovzhost sshd[949]: Failed password for root from 43.255.190.143 port 50509 ssh2
Apr  7 07:51:21 ovzhost sshd[951]: Failed password for root from 43.255.190.187 port 35036 ssh2
Apr  7 07:51:25 ovzhost sshd[949]: message repeated 2 times: [ Failed password for root from 43.255.190.143 port 50509 ssh2]
Apr  7 07:51:25 ovzhost sshd[949]: Received disconnect from 43.255.190.143: 11:  [preauth]
Apr  7 07:51:25 ovzhost sshd[949]: PAM 2 more authentication failures; logname= uid=0 euid=0 tty=ssh ruser= rhost=43.255.190.143  user=root
Apr  7 07:51:26 ovzhost sshd[951]: message repeated 2 times: [ Failed password for root from 43.255.190.187 port 35036 ssh2]
Apr  7 07:51:26 ovzhost sshd[951]: Received disconnect from 43.255.190.187: 11:  [preauth]
Apr  7 07:51:26 ovzhost sshd[951]: PAM 2 more authentication failures; logname= uid=0 euid=0 tty=ssh ruser= rhost=43.255.190.187  user=root
Apr  7 07:51:26 ovzhost sshd[953]: pam_unix(sshd:auth): authentication failure; logname= uid=0 euid=0 tty=ssh ruser= rhost=43.255.190.143  user=root
Apr  7 07:51:26 ovzhost sshd[955]: pam_unix(sshd:auth): authentication failure; logname= uid=0 euid=0 tty=ssh ruser= rhost=43.255.190.187  user=root
Apr  7 07:51:28 ovzhost sshd[953]: Failed password for root from 43.255.190.143 port 43505 ssh2
Apr  7 07:51:29 ovzhost sshd[955]: Failed password for root from 43.255.190.187 port 55680 ssh2
Apr  7 07:51:32 ovzhost sshd[953]: message repeated 2 times: [ Failed password for root from 43.255.190.143 port 43505 ssh2]
Apr  7 07:51:32 ovzhost sshd[953]: Received disconnect from 43.255.190.143: 11:  [preauth]
Apr  7 07:51:32 ovzhost sshd[953]: PAM 2 more authentication failures; logname= uid=0 euid=0 tty=ssh ruser= rhost=43.255.190.143  user=root
Apr  7 07:51:33 ovzhost sshd[955]: message repeated 2 times: [ Failed password for root from 43.255.190.187 port 55680 ssh2]
Apr  7 07:51:33 ovzhost sshd[955]: Received disconnect from 43.255.190.187: 11:  [preauth]
Apr  7 07:51:33 ovzhost sshd[955]: PAM 2 more authentication failures; logname= uid=0 euid=0 tty=ssh ruser= rhost=43.255.190.187  user=root
Apr  7 07:51:33 ovzhost sshd[957]: pam_unix(sshd:auth): authentication failure; logname= uid=0 euid=0 tty=ssh ruser= rhost=43.255.190.143  user=root
Apr  7 07:51:33 ovzhost sshd[961]: pam_unix(sshd:auth): authentication failure; logname= uid=0 euid=0 tty=ssh ruser= rhost=43.255.190.187  user=root
Apr  7 07:51:35 ovzhost sshd[957]: Failed password for root from 43.255.190.143 port 35294 ssh2
Apr  7 07:51:36 ovzhost sshd[961]: Failed password for root from 43.255.190.187 port 48561 ssh2
Apr  7 07:51:39 ovzhost sshd[957]: message repeated 2 times: [ Failed password for root from 43.255.190.143 port 35294 ssh2]
Apr  7 07:51:39 ovzhost sshd[957]: Received disconnect from 43.255.190.143: 11:  [preauth]
Apr  7 07:51:39 ovzhost sshd[957]: PAM 2 more authentication failures; logname= uid=0 euid=0 tty=ssh ruser= rhost=43.255.190.143  user=root
Apr  7 07:51:40 ovzhost sshd[961]: message repeated 2 times: [ Failed password for root from 43.255.190.187 port 48561 ssh2]
Apr  7 07:51:40 ovzhost sshd[961]: Received disconnect from 43.255.190.187: 11:  [preauth]
Apr  7 07:51:40 ovzhost sshd[961]: PAM 2 more authentication failures; logname= uid=0 euid=0 tty=ssh ruser= rhost=43.255.190.187  user=root
Apr  7 07:51:40 ovzhost sshd[963]: pam_unix(sshd:auth): authentication failure; logname= uid=0 euid=0 tty=ssh ruser= rhost=43.255.190.143  user=root
Apr  7 07:51:40 ovzhost sshd[965]: pam_unix(sshd:auth): authentication failure; logname= uid=0 euid=0 tty=ssh ruser= rhost=43.255.190.187  user=root
Apr  7 07:51:42 ovzhost sshd[963]: Failed password for root from 43.255.190.143 port 57304 ssh2
Apr  7 07:51:43 ovzhost sshd[965]: Failed password for root from 43.255.190.187 port 41429 ssh2
Apr  7 07:51:46 ovzhost sshd[963]: message repeated 2 times: [ Failed password for root from 43.255.190.143 port 57304 ssh2]
Apr  7 07:51:46 ovzhost sshd[963]: Received disconnect from 43.255.190.143: 11:  [preauth]
Apr  7 07:51:46 ovzhost sshd[963]: PAM 2 more authentication failures; logname= uid=0 euid=0 tty=ssh ruser= rhost=43.255.190.143  user=root
Apr  7 07:51:47 ovzhost sshd[965]: message repeated 2 times: [ Failed password for root from 43.255.190.187 port 41429 ssh2]
Apr  7 07:51:47 ovzhost sshd[965]: Received disconnect from 43.255.190.187: 11:  [preauth]
Apr  7 07:51:47 ovzhost sshd[965]: PAM 2 more authentication failures; logname= uid=0 euid=0 tty=ssh ruser= rhost=43.255.190.187  user=root
Apr  7 07:51:47 ovzhost sshd[967]: pam_unix(sshd:auth): authentication failure; logname= uid=0 euid=0 tty=ssh ruser= rhost=43.255.190.143  user=root
Apr  7 07:51:47 ovzhost sshd[969]: pam_unix(sshd:auth): authentication failure; logname= uid=0 euid=0 tty=ssh ruser= rhost=43.255.190.187  user=root
Apr  7 07:51:50 ovzhost sshd[967]: Failed password for root from 43.255.190.143 port 50201 ssh2
Apr  7 07:51:50 ovzhost sshd[969]: Failed password for root from 43.255.190.187 port 33652 ssh2
Apr  7 07:51:53 ovzhost sshd[967]: message repeated 2 times: [ Failed password for root from 43.255.190.143 port 50201 ssh2]
Apr  7 07:51:53 ovzhost sshd[967]: Received disconnect from 43.255.190.143: 11:  [preauth]
Apr  7 07:51:53 ovzhost sshd[967]: PAM 2 more authentication failures; logname= uid=0 euid=0 tty=ssh ruser= rhost=43.255.190.143  user=root
Apr  7 07:51:54 ovzhost sshd[971]: pam_unix(sshd:auth): authentication failure; logname= uid=0 euid=0 tty=ssh ruser= rhost=43.255.190.143  user=root
Apr  7 07:51:54 ovzhost sshd[969]: message repeated 2 times: [ Failed password for root from 43.255.190.187 port 33652 ssh2]
Apr  7 07:51:54 ovzhost sshd[969]: Received disconnect from 43.255.190.187: 11:  [preauth]
Apr  7 07:51:54 ovzhost sshd[969]: PAM 2 more authentication failures; logname= uid=0 euid=0 tty=ssh ruser= rhost=43.255.190.187  user=root
Apr  7 07:51:55 ovzhost sshd[973]: pam_unix(sshd:auth): authentication failure; logname= uid=0 euid=0 tty=ssh ruser= rhost=43.255.190.187  user=root
Apr  7 07:51:55 ovzhost sshd[971]: Failed password for root from 43.255.190.143 port 42937 ssh2
Apr  7 07:51:57 ovzhost sshd[973]: Failed password for root from 43.255.190.187 port 56133 ssh2
Apr  7 07:52:00 ovzhost sshd[971]: message repeated 2 times: [ Failed password for root from 43.255.190.143 port 42937 ssh2]
Apr  7 07:52:00 ovzhost sshd[971]: Received disconnect from 43.255.190.143: 11:  [preauth]
Apr  7 07:52:00 ovzhost sshd[971]: PAM 2 more authentication failures; logname= uid=0 euid=0 tty=ssh ruser= rhost=43.255.190.143  user=root
Apr  7 07:52:01 ovzhost sshd[975]: pam_unix(sshd:auth): authentication failure; logname= uid=0 euid=0 tty=ssh ruser= rhost=43.255.190.143  user=root
Apr  7 07:52:02 ovzhost sshd[973]: message repeated 2 times: [ Failed password for root from 43.255.190.187 port 56133 ssh2]
Apr  7 07:52:02 ovzhost sshd[973]: Received disconnect from 43.255.190.187: 11:  [preauth]
Apr  7 07:52:02 ovzhost sshd[973]: PAM 2 more authentication failures; logname= uid=0 euid=0 tty=ssh ruser= rhost=43.255.190.187  user=root
Apr  7 07:52:03 ovzhost sshd[975]: Failed password for root from 43.255.190.143 port 34826 ssh2
Apr  7 07:52:03 ovzhost sshd[977]: pam_unix(sshd:auth): authentication failure; logname= uid=0 euid=0 tty=ssh ruser= rhost=43.255.190.187  user=root
Apr  7 07:52:05 ovzhost sshd[977]: Failed password for root from 43.255.190.187 port 51912 ssh2
Apr  7 07:52:07 ovzhost sshd[975]: message repeated 2 times: [ Failed password for root from 43.255.190.143 port 34826 ssh2]
Apr  7 07:52:07 ovzhost sshd[975]: Received disconnect from 43.255.190.143: 11:  [preauth]
Apr  7 07:52:07 ovzhost sshd[975]: PAM 2 more authentication failures; logname= uid=0 euid=0 tty=ssh ruser= rhost=43.255.190.143  user=root
Apr  7 07:52:08 ovzhost sshd[981]: pam_unix(sshd:auth): authentication failure; logname= uid=0 euid=0 tty=ssh ruser= rhost=43.255.190.143  user=root
Apr  7 07:52:09 ovzhost sshd[977]: message repeated 2 times: [ Failed password for root from 43.255.190.187 port 51912 ssh2]
Apr  7 07:52:09 ovzhost sshd[977]: Received disconnect from 43.255.190.187: 11:  [preauth]
Apr  7 07:52:09 ovzhost sshd[977]: PAM 2 more authentication failures; logname= uid=0 euid=0 tty=ssh ruser= rhost=43.255.190.187  user=root
Apr  7 07:52:10 ovzhost sshd[981]: Failed password for root from 43.255.190.143 port 55576 ssh2
Apr  7 07:52:10 ovzhost sshd[983]: pam_unix(sshd:auth): authentication failure; logname= uid=0 euid=0 tty=ssh ruser= rhost=43.255.190.187  user=root
Apr  7 07:52:12 ovzhost sshd[983]: Failed password for root from 43.255.190.187 port 45193 ssh2
Apr  7 07:52:14 ovzhost sshd[981]: message repeated 2 times: [ Failed password for root from 43.255.190.143 port 55576 ssh2]
Apr  7 07:52:14 ovzhost sshd[981]: Received disconnect from 43.255.190.143: 11:  [preauth]
Apr  7 07:52:14 ovzhost sshd[981]: PAM 2 more authentication failures; logname= uid=0 euid=0 tty=ssh ruser= rhost=43.255.190.143  user=root
Apr  7 07:52:14 ovzhost sshd[985]: pam_unix(sshd:auth): authentication failure; logname= uid=0 euid=0 tty=ssh ruser= rhost=43.255.190.143  user=root
Apr  7 07:52:16 ovzhost sshd[983]: message repeated 2 times: [ Failed password for root from 43.255.190.187 port 45193 ssh2]
Apr  7 07:52:16 ovzhost sshd[983]: Received disconnect from 43.255.190.187: 11:  [preauth]
Apr  7 07:52:16 ovzhost sshd[983]: PAM 2 more authentication failures; logname= uid=0 euid=0 tty=ssh ruser= rhost=43.255.190.187  user=root
Apr  7 07:52:16 ovzhost sshd[985]: Failed password for root from 43.255.190.143 port 47516 ssh2
Apr  7 07:52:16 ovzhost sshd[987]: pam_unix(sshd:auth): authentication failure; logname= uid=0 euid=0 tty=ssh ruser= rhost=43.255.190.187  user=root
Apr  7 07:52:19 ovzhost sshd[987]: Failed password for root from 43.255.190.187 port 35041 ssh2
Apr  7 07:52:21 ovzhost sshd[985]: message repeated 2 times: [ Failed password for root from 43.255.190.143 port 47516 ssh2]
Apr  7 07:52:21 ovzhost sshd[985]: Received disconnect from 43.255.190.143: 11:  [preauth]
Apr  7 07:52:21 ovzhost sshd[985]: PAM 2 more authentication failures; logname= uid=0 euid=0 tty=ssh ruser= rhost=43.255.190.143  user=root
Apr  7 07:52:21 ovzhost sshd[989]: pam_unix(sshd:auth): authentication failure; logname= uid=0 euid=0 tty=ssh ruser= rhost=43.255.190.143  user=root
Apr  7 07:52:23 ovzhost sshd[987]: message repeated 2 times: [ Failed password for root from 43.255.190.187 port 35041 ssh2]
Apr  7 07:52:23 ovzhost sshd[987]: Received disconnect from 43.255.190.187: 11:  [preauth]
Apr  7 07:52:23 ovzhost sshd[987]: PAM 2 more authentication failures; logname= uid=0 euid=0 tty=ssh ruser= rhost=43.255.190.187  user=root
Apr  7 07:52:23 ovzhost sshd[989]: Failed password for root from 43.255.190.143 port 39999 ssh2
Apr  7 07:52:23 ovzhost sshd[991]: Invalid user dave from 221.146.74.146
Apr  7 07:52:23 ovzhost sshd[991]: input_userauth_request: invalid user dave [preauth]
Apr  7 07:52:23 ovzhost sshd[991]: pam_unix(sshd:auth): check pass; user unknown
Apr  7 07:52:23 ovzhost sshd[991]: pam_unix(sshd:auth): authentication failure; logname= uid=0 euid=0 tty=ssh ruser= rhost=221.146.74.146 
Apr  7 07:52:23 ovzhost sshd[993]: pam_unix(sshd:auth): authentication failure; logname= uid=0 euid=0 tty=ssh ruser= rhost=43.255.190.187  user=root
Apr  7 07:52:26 ovzhost sshd[991]: Failed password for invalid user dave from 221.146.74.146 port 44491 ssh2
Apr  7 07:52:26 ovzhost sshd[993]: Failed password for root from 43.255.190.187 port 54429 ssh2
Apr  7 07:52:26 ovzhost sshd[991]: Connection closed by 221.146.74.146 [preauth]
Apr  7 07:52:28 ovzhost sshd[989]: message repeated 2 times: [ Failed password for root from 43.255.190.143 port 39999 ssh2]
Apr  7 07:52:28 ovzhost sshd[989]: Received disconnect from 43.255.190.143: 11:  [preauth]
Apr  7 07:52:28 ovzhost sshd[989]: PAM 2 more authentication failures; logname= uid=0 euid=0 tty=ssh ruser= rhost=43.255.190.143  user=root
Apr  7 07:52:28 ovzhost sshd[995]: pam_unix(sshd:auth): authentication failure; logname= uid=0 euid=0 tty=ssh ruser= rhost=43.255.190.143  user=root
Apr  7 07:52:30 ovzhost sshd[993]: message repeated 2 times: [ Failed password for root from 43.255.190.187 port 54429 ssh2]
Apr  7 07:52:30 ovzhost sshd[993]: Received disconnect from 43.255.190.187: 11:  [preauth]
Apr  7 07:52:30 ovzhost sshd[993]: PAM 2 more authentication failures; logname= uid=0 euid=0 tty=ssh ruser= rhost=43.255.190.187  user=root
Apr  7 07:52:30 ovzhost sshd[995]: Failed password for root from 43.255.190.143 port 60710 ssh2
Apr  7 07:52:31 ovzhost sshd[997]: pam_unix(sshd:auth): authentication failure; logname= uid=0 euid=0 tty=ssh ruser= rhost=43.255.190.187  user=root
Apr  7 07:52:33 ovzhost sshd[997]: Failed password for root from 43.255.190.187 port 46483 ssh2
Apr  7 07:52:35 ovzhost sshd[995]: message repeated 2 times: [ Failed password for root from 43.255.190.143 port 60710 ssh2]
Apr  7 07:52:35 ovzhost sshd[995]: Received disconnect from 43.255.190.143: 11:  [preauth]
Apr  7 07:52:35 ovzhost sshd[995]: PAM 2 more authentication failures; logname= uid=0 euid=0 tty=ssh ruser= rhost=43.255.190.143  user=root
Apr  7 07:52:35 ovzhost sshd[1000]: pam_unix(sshd:auth): authentication failure; logname= uid=0 euid=0 tty=ssh ruser= rhost=43.255.190.143  user=root
Apr  7 07:52:37 ovzhost sshd[997]: message repeated 2 times: [ Failed password for root from 43.255.190.187 port 46483 ssh2]
Apr  7 07:52:37 ovzhost sshd[997]: Received disconnect from 43.255.190.187: 11:  [preauth]
Apr  7 07:52:37 ovzhost sshd[997]: PAM 2 more authentication failures; logname= uid=0 euid=0 tty=ssh ruser= rhost=43.255.190.187  user=root
Apr  7 07:52:37 ovzhost sshd[1000]: Failed password for root from 43.255.190.143 port 53002 ssh2
Apr  7 07:52:37 ovzhost sshd[1002]: pam_unix(sshd:auth): authentication failure; logname= uid=0 euid=0 tty=ssh ruser= rhost=43.255.190.187  user=root
Apr  7 07:52:40 ovzhost sshd[1002]: Failed password for root from 43.255.190.187 port 37316 ssh2
Apr  7 07:52:42 ovzhost sshd[1000]: message repeated 2 times: [ Failed password for root from 43.255.190.143 port 53002 ssh2]
Apr  7 07:52:42 ovzhost sshd[1000]: Received disconnect from 43.255.190.143: 11:  [preauth]
Apr  7 07:52:42 ovzhost sshd[1000]: PAM 2 more authentication failures; logname= uid=0 euid=0 tty=ssh ruser= rhost=43.255.190.143  user=root
Apr  7 07:52:43 ovzhost sshd[1004]: pam_unix(sshd:auth): authentication failure; logname= uid=0 euid=0 tty=ssh ruser= rhost=43.255.190.143  user=root
Apr  7 07:52:44 ovzhost sshd[1002]: message repeated 2 times: [ Failed password for root from 43.255.190.187 port 37316 ssh2]
Apr  7 07:52:44 ovzhost sshd[1002]: Received disconnect from 43.255.190.187: 11:  [preauth]
Apr  7 07:52:44 ovzhost sshd[1002]: PAM 2 more authentication failures; logname= uid=0 euid=0 tty=ssh ruser= rhost=43.255.190.187  user=root
Apr  7 07:52:44 ovzhost sshd[1004]: Failed password for root from 43.255.190.143 port 46776 ssh2
Apr  7 07:52:45 ovzhost sshd[1006]: pam_unix(sshd:auth): authentication failure; logname= uid=0 euid=0 tty=ssh ruser= rhost=43.255.190.187  user=root
Apr  7 07:52:47 ovzhost sshd[1006]: Failed password for root from 43.255.190.187 port 58081 ssh2
Apr  7 07:52:49 ovzhost sshd[1004]: message repeated 2 times: [ Failed password for root from 43.255.190.143 port 46776 ssh2]
Apr  7 07:52:49 ovzhost sshd[1004]: Received disconnect from 43.255.190.143: 11:  [preauth]
Apr  7 07:52:49 ovzhost sshd[1004]: PAM 2 more authentication failures; logname= uid=0 euid=0 tty=ssh ruser= rhost=43.255.190.143  user=root
Apr  7 07:52:49 ovzhost sshd[1008]: pam_unix(sshd:auth): authentication failure; logname= uid=0 euid=0 tty=ssh ruser= rhost=43.255.190.143  user=root
Apr  7 07:52:51 ovzhost sshd[1006]: message repeated 2 times: [ Failed password for root from 43.255.190.187 port 58081 ssh2]
Apr  7 07:52:51 ovzhost sshd[1006]: Received disconnect from 43.255.190.187: 11:  [preauth]
Apr  7 07:52:51 ovzhost sshd[1006]: PAM 2 more authentication failures; logname= uid=0 euid=0 tty=ssh ruser= rhost=43.255.190.187  user=root
Apr  7 07:52:51 ovzhost sshd[1008]: Failed password for root from 43.255.190.143 port 38444 ssh2
Apr  7 07:52:52 ovzhost sshd[1010]: pam_unix(sshd:auth): authentication failure; logname= uid=0 euid=0 tty=ssh ruser= rhost=43.255.190.187  user=root
Apr  7 07:52:54 ovzhost sshd[1010]: Failed password for root from 43.255.190.187 port 48980 ssh2
Apr  7 07:52:56 ovzhost sshd[1008]: message repeated 2 times: [ Failed password for root from 43.255.190.143 port 38444 ssh2]
Apr  7 07:52:56 ovzhost sshd[1008]: Received disconnect from 43.255.190.143: 11:  [preauth]
Apr  7 07:52:56 ovzhost sshd[1008]: PAM 2 more authentication failures; logname= uid=0 euid=0 tty=ssh ruser= rhost=43.255.190.143  user=root
Apr  7 07:52:56 ovzhost sshd[1012]: pam_unix(sshd:auth): authentication failure; logname= uid=0 euid=0 tty=ssh ruser= rhost=43.255.190.143  user=root
Apr  7 07:52:58 ovzhost sshd[1010]: message repeated 2 times: [ Failed password for root from 43.255.190.187 port 48980 ssh2]
Apr  7 07:52:58 ovzhost sshd[1010]: Received disconnect from 43.255.190.187: 11:  [preauth]
Apr  7 07:52:58 ovzhost sshd[1010]: PAM 2 more authentication failures; logname= uid=0 euid=0 tty=ssh ruser= rhost=43.255.190.187  user=root
Apr  7 07:52:58 ovzhost sshd[1012]: Failed password for root from 43.255.190.143 port 58361 ssh2
Apr  7 07:52:59 ovzhost sshd[1014]: pam_unix(sshd:auth): authentication failure; logname= uid=0 euid=0 tty=ssh ruser= rhost=43.255.190.187  user=root
Apr  7 07:53:01 ovzhost sshd[1014]: Failed password for root from 43.255.190.187 port 38158 ssh2
Apr  7 07:53:02 ovzhost sshd[1012]: message repeated 2 times: [ Failed password for root from 43.255.190.143 port 58361 ssh2]
Apr  7 07:53:02 ovzhost sshd[1012]: Received disconnect from 43.255.190.143: 11:  [preauth]
Apr  7 07:53:02 ovzhost sshd[1012]: PAM 2 more authentication failures; logname= uid=0 euid=0 tty=ssh ruser= rhost=43.255.190.143  user=root
Apr  7 07:53:03 ovzhost sshd[1016]: pam_unix(sshd:auth): authentication failure; logname= uid=0 euid=0 tty=ssh ruser= rhost=43.255.190.143  user=root
Apr  7 07:53:05 ovzhost sshd[1014]: message repeated 2 times: [ Failed password for root from 43.255.190.187 port 38158 ssh2]
Apr  7 07:53:05 ovzhost sshd[1014]: Received disconnect from 43.255.190.187: 11:  [preauth]
Apr  7 07:53:05 ovzhost sshd[1014]: PAM 2 more authentication failures; logname= uid=0 euid=0 tty=ssh ruser= rhost=43.255.190.187  user=root
Apr  7 07:53:05 ovzhost sshd[1016]: Failed password for root from 43.255.190.143 port 50038 ssh2
Apr  7 07:53:05 ovzhost sshd[1019]: pam_unix(sshd:auth): authentication failure; logname= uid=0 euid=0 tty=ssh ruser= rhost=43.255.190.187  user=root
Apr  7 07:53:08 ovzhost sshd[1019]: Failed password for root from 43.255.190.187 port 55513 ssh2
Apr  7 07:53:10 ovzhost sshd[1016]: message repeated 2 times: [ Failed password for root from 43.255.190.143 port 50038 ssh2]
Apr  7 07:53:10 ovzhost sshd[1016]: Received disconnect from 43.255.190.143: 11:  [preauth]
Apr  7 07:53:10 ovzhost sshd[1016]: PAM 2 more authentication failures; logname= uid=0 euid=0 tty=ssh ruser= rhost=43.255.190.143  user=root
Apr  7 07:53:11 ovzhost sshd[1021]: pam_unix(sshd:auth): authentication failure; logname= uid=0 euid=0 tty=ssh ruser= rhost=43.255.190.143  user=root
Apr  7 07:53:13 ovzhost sshd[1019]: message repeated 2 times: [ Failed password for root from 43.255.190.187 port 55513 ssh2]
Apr  7 07:53:13 ovzhost sshd[1019]: Received disconnect from 43.255.190.187: 11:  [preauth]
Apr  7 07:53:13 ovzhost sshd[1019]: PAM 2 more authentication failures; logname= uid=0 euid=0 tty=ssh ruser= rhost=43.255.190.187  user=root
Apr  7 07:53:13 ovzhost sshd[1021]: Failed password for root from 43.255.190.143 port 44266 ssh2
Apr  7 07:53:13 ovzhost sshd[1023]: pam_unix(sshd:auth): authentication failure; logname= uid=0 euid=0 tty=ssh ruser= rhost=43.255.190.187  user=root
Apr  7 07:53:15 ovzhost sshd[1023]: Failed password for root from 43.255.190.187 port 47007 ssh2
Apr  7 07:53:17 ovzhost sshd[1021]: message repeated 2 times: [ Failed password for root from 43.255.190.143 port 44266 ssh2]
Apr  7 07:53:17 ovzhost sshd[1021]: Received disconnect from 43.255.190.143: 11:  [preauth]
Apr  7 07:53:17 ovzhost sshd[1021]: PAM 2 more authentication failures; logname= uid=0 euid=0 tty=ssh ruser= rhost=43.255.190.143  user=root
Apr  7 07:53:17 ovzhost sshd[1025]: pam_unix(sshd:auth): authentication failure; logname= uid=0 euid=0 tty=ssh ruser= rhost=43.255.190.143  user=root
Apr  7 07:53:20 ovzhost sshd[1023]: message repeated 2 times: [ Failed password for root from 43.255.190.187 port 47007 ssh2]
Apr  7 07:53:20 ovzhost sshd[1023]: Received disconnect from 43.255.190.187: 11:  [preauth]
Apr  7 07:53:20 ovzhost sshd[1023]: PAM 2 more authentication failures; logname= uid=0 euid=0 tty=ssh ruser= rhost=43.255.190.187  user=root
Apr  7 07:53:20 ovzhost sshd[1025]: Failed password for root from 43.255.190.143 port 34907 ssh2
Apr  7 07:53:20 ovzhost sshd[1027]: pam_unix(sshd:auth): authentication failure; logname= uid=0 euid=0 tty=ssh ruser= rhost=43.255.190.187  user=root
Apr  7 07:53:23 ovzhost sshd[1027]: Failed password for root from 43.255.190.187 port 36254 ssh2
Apr  7 07:53:24 ovzhost sshd[1025]: message repeated 2 times: [ Failed password for root from 43.255.190.143 port 34907 ssh2]
Apr  7 07:53:24 ovzhost sshd[1025]: Received disconnect from 43.255.190.143: 11:  [preauth]
Apr  7 07:53:24 ovzhost sshd[1025]: PAM 2 more authentication failures; logname= uid=0 euid=0 tty=ssh ruser= rhost=43.255.190.143  user=root
Apr  7 07:53:25 ovzhost sshd[1029]: pam_unix(sshd:auth): authentication failure; logname= uid=0 euid=0 tty=ssh ruser= rhost=43.255.190.143  user=root
Apr  7 07:53:27 ovzhost sshd[1027]: message repeated 2 times: [ Failed password for root from 43.255.190.187 port 36254 ssh2]
Apr  7 07:53:27 ovzhost sshd[1027]: Received disconnect from 43.255.190.187: 11:  [preauth]
Apr  7 07:53:27 ovzhost sshd[1027]: PAM 2 more authentication failures; logname= uid=0 euid=0 tty=ssh ruser= rhost=43.255.190.187  user=root
Apr  7 07:53:27 ovzhost sshd[1029]: Failed password for root from 43.255.190.143 port 57134 ssh2
Apr  7 07:53:27 ovzhost sshd[1031]: pam_unix(sshd:auth): authentication failure; logname= uid=0 euid=0 tty=ssh ruser= rhost=43.255.190.187  user=root
Apr  7 07:53:29 ovzhost sshd[1031]: Failed password for root from 43.255.190.187 port 54535 ssh2
Apr  7 07:53:32 ovzhost sshd[1029]: message repeated 2 times: [ Failed password for root from 43.255.190.143 port 57134 ssh2]
Apr  7 07:53:32 ovzhost sshd[1029]: Received disconnect from 43.255.190.143: 11:  [preauth]
Apr  7 07:53:32 ovzhost sshd[1029]: PAM 2 more authentication failures; logname= uid=0 euid=0 tty=ssh ruser= rhost=43.255.190.143  user=root
Apr  7 07:53:32 ovzhost sshd[1033]: pam_unix(sshd:auth): authentication failure; logname= uid=0 euid=0 tty=ssh ruser= rhost=43.255.190.143  user=root
Apr  7 07:53:34 ovzhost sshd[1031]: message repeated 2 times: [ Failed password for root from 43.255.190.187 port 54535 ssh2]
Apr  7 07:53:34 ovzhost sshd[1031]: Received disconnect from 43.255.190.187: 11:  [preauth]
Apr  7 07:53:34 ovzhost sshd[1031]: PAM 2 more authentication failures; logname= uid=0 euid=0 tty=ssh ruser= rhost=43.255.190.187  user=root
Apr  7 07:53:34 ovzhost sshd[1035]: pam_unix(sshd:auth): authentication failure; logname= uid=0 euid=0 tty=ssh ruser= rhost=43.255.190.187  user=root
Apr  7 07:53:35 ovzhost sshd[1033]: Failed password for root from 43.255.190.143 port 49768 ssh2
Apr  7 07:53:36 ovzhost sshd[1035]: Failed password for root from 43.255.190.187 port 41973 ssh2
Apr  7 07:53:39 ovzhost sshd[1033]: message repeated 2 times: [ Failed password for root from 43.255.190.143 port 49768 ssh2]
Apr  7 07:53:39 ovzhost sshd[1033]: Received disconnect from 43.255.190.143: 11:  [preauth]
Apr  7 07:53:39 ovzhost sshd[1033]: PAM 2 more authentication failures; logname= uid=0 euid=0 tty=ssh ruser= rhost=43.255.190.143  user=root
Apr  7 07:53:39 ovzhost sshd[1039]: pam_unix(sshd:auth): authentication failure; logname= uid=0 euid=0 tty=ssh ruser= rhost=43.255.190.143  user=root
Apr  7 07:53:40 ovzhost sshd[1035]: message repeated 2 times: [ Failed password for root from 43.255.190.187 port 41973 ssh2]
Apr  7 07:53:40 ovzhost sshd[1035]: Received disconnect from 43.255.190.187: 11:  [preauth]
Apr  7 07:53:40 ovzhost sshd[1035]: PAM 2 more authentication failures; logname= uid=0 euid=0 tty=ssh ruser= rhost=43.255.190.187  user=root
Apr  7 07:53:41 ovzhost sshd[1041]: pam_unix(sshd:auth): authentication failure; logname= uid=0 euid=0 tty=ssh ruser= rhost=43.255.190.187  user=root
Apr  7 07:53:41 ovzhost sshd[1039]: Failed password for root from 43.255.190.143 port 41414 ssh2
Apr  7 07:53:43 ovzhost sshd[1041]: Failed password for root from 43.255.190.187 port 57370 ssh2
Apr  7 07:53:46 ovzhost sshd[1039]: message repeated 2 times: [ Failed password for root from 43.255.190.143 port 41414 ssh2]
Apr  7 07:53:46 ovzhost sshd[1039]: Received disconnect from 43.255.190.143: 11:  [preauth]
Apr  7 07:53:46 ovzhost sshd[1039]: PAM 2 more authentication failures; logname= uid=0 euid=0 tty=ssh ruser= rhost=43.255.190.143  user=root
Apr  7 07:53:47 ovzhost sshd[1043]: pam_unix(sshd:auth): authentication failure; logname= uid=0 euid=0 tty=ssh ruser= rhost=43.255.190.143  user=root
Apr  7 07:53:47 ovzhost sshd[1041]: message repeated 2 times: [ Failed password for root from 43.255.190.187 port 57370 ssh2]
Apr  7 07:53:47 ovzhost sshd[1041]: Received disconnect from 43.255.190.187: 11:  [preauth]
Apr  7 07:53:47 ovzhost sshd[1041]: PAM 2 more authentication failures; logname= uid=0 euid=0 tty=ssh ruser= rhost=43.255.190.187  user=root
Apr  7 07:53:48 ovzhost sshd[1047]: pam_unix(sshd:auth): authentication failure; logname= uid=0 euid=0 tty=ssh ruser= rhost=43.255.190.187  user=root
Apr  7 07:53:48 ovzhost sshd[1043]: Failed password for root from 43.255.190.143 port 32785 ssh2
Apr  7 07:53:49 ovzhost sshd[1047]: Failed password for root from 43.255.190.187 port 46654 ssh2
Apr  7 07:53:52 ovzhost sshd[1043]: message repeated 2 times: [ Failed password for root from 43.255.190.143 port 32785 ssh2]
Apr  7 07:53:52 ovzhost sshd[1043]: Received disconnect from 43.255.190.143: 11:  [preauth]
Apr  7 07:53:52 ovzhost sshd[1043]: PAM 2 more authentication failures; logname= uid=0 euid=0 tty=ssh ruser= rhost=43.255.190.143  user=root
Apr  7 07:53:53 ovzhost sshd[1049]: pam_unix(sshd:auth): authentication failure; logname= uid=0 euid=0 tty=ssh ruser= rhost=43.255.190.143  user=root
Apr  7 07:53:55 ovzhost sshd[1047]: message repeated 2 times: [ Failed password for root from 43.255.190.187 port 46654 ssh2]
Apr  7 07:53:55 ovzhost sshd[1047]: Received disconnect from 43.255.190.187: 11:  [preauth]
Apr  7 07:53:55 ovzhost sshd[1047]: PAM 2 more authentication failures; logname= uid=0 euid=0 tty=ssh ruser= rhost=43.255.190.187  user=root
Apr  7 07:53:55 ovzhost sshd[1049]: Failed password for root from 43.255.190.143 port 51127 ssh2
Apr  7 07:53:55 ovzhost sshd[1051]: pam_unix(sshd:auth): authentication failure; logname= uid=0 euid=0 tty=ssh ruser= rhost=43.255.190.187  user=root
Apr  7 07:53:58 ovzhost sshd[1051]: Failed password for root from 43.255.190.187 port 35400 ssh2
Apr  7 07:53:59 ovzhost sshd[1049]: message repeated 2 times: [ Failed password for root from 43.255.190.143 port 51127 ssh2]
Apr  7 07:53:59 ovzhost sshd[1049]: Received disconnect from 43.255.190.143: 11:  [preauth]
Apr  7 07:53:59 ovzhost sshd[1049]: PAM 2 more authentication failures; logname= uid=0 euid=0 tty=ssh ruser= rhost=43.255.190.143  user=root
Apr  7 07:53:59 ovzhost sshd[1053]: pam_unix(sshd:auth): authentication failure; logname= uid=0 euid=0 tty=ssh ruser= rhost=43.255.190.143  user=root
Apr  7 07:54:01 ovzhost sshd[1053]: Failed password for root from 43.255.190.143 port 41339 ssh2
Apr  7 07:54:01 ovzhost sshd[1051]: message repeated 2 times: [ Failed password for root from 43.255.190.187 port 35400 ssh2]
Apr  7 07:54:02 ovzhost sshd[1051]: Received disconnect from 43.255.190.187: 11:  [preauth]
Apr  7 07:54:02 ovzhost sshd[1051]: PAM 2 more authentication failures; logname= uid=0 euid=0 tty=ssh ruser= rhost=43.255.190.187  user=root
Apr  7 07:54:02 ovzhost sshd[1055]: pam_unix(sshd:auth): authentication failure; logname= uid=0 euid=0 tty=ssh ruser= rhost=43.255.190.187  user=root
Apr  7 07:54:05 ovzhost sshd[1055]: Failed password for root from 43.255.190.187 port 52699 ssh2
Apr  7 07:54:07 ovzhost sshd[1053]: message repeated 2 times: [ Failed password for root from 43.255.190.143 port 41339 ssh2]
Apr  7 07:54:07 ovzhost sshd[1053]: Received disconnect from 43.255.190.143: 11:  [preauth]
Apr  7 07:54:07 ovzhost sshd[1053]: PAM 2 more authentication failures; logname= uid=0 euid=0 tty=ssh ruser= rhost=43.255.190.143  user=root
Apr  7 07:54:07 ovzhost sshd[1059]: pam_unix(sshd:auth): authentication failure; logname= uid=0 euid=0 tty=ssh ruser= rhost=43.255.190.143  user=root
Apr  7 07:54:09 ovzhost sshd[1055]: message repeated 2 times: [ Failed password for root from 43.255.190.187 port 52699 ssh2]
Apr  7 07:54:09 ovzhost sshd[1055]: Received disconnect from 43.255.190.187: 11:  [preauth]
Apr  7 07:54:09 ovzhost sshd[1055]: PAM 2 more authentication failures; logname= uid=0 euid=0 tty=ssh ruser= rhost=43.255.190.187  user=root
Apr  7 07:54:09 ovzhost sshd[1059]: Failed password for root from 43.255.190.143 port 34529 ssh2
Apr  7 07:54:09 ovzhost sshd[1061]: pam_unix(sshd:auth): authentication failure; logname= uid=0 euid=0 tty=ssh ruser= rhost=43.255.190.187  user=root
Apr  7 07:54:11 ovzhost sshd[1061]: Failed password for root from 43.255.190.187 port 40780 ssh2
Apr  7 07:54:13 ovzhost sshd[1059]: message repeated 2 times: [ Failed password for root from 43.255.190.143 port 34529 ssh2]
Apr  7 07:54:13 ovzhost sshd[1059]: Received disconnect from 43.255.190.143: 11:  [preauth]
Apr  7 07:54:13 ovzhost sshd[1059]: PAM 2 more authentication failures; logname= uid=0 euid=0 tty=ssh ruser= rhost=43.255.190.143  user=root
Apr  7 07:54:13 ovzhost sshd[1063]: pam_unix(sshd:auth): authentication failure; logname= uid=0 euid=0 tty=ssh ruser= rhost=43.255.190.143  user=root
Apr  7 07:54:15 ovzhost sshd[1061]: message repeated 2 times: [ Failed password for root from 43.255.190.187 port 40780 ssh2]
Apr  7 07:54:15 ovzhost sshd[1061]: Received disconnect from 43.255.190.187: 11:  [preauth]
Apr  7 07:54:15 ovzhost sshd[1061]: PAM 2 more authentication failures; logname= uid=0 euid=0 tty=ssh ruser= rhost=43.255.190.187  user=root
Apr  7 07:54:16 ovzhost sshd[1063]: Failed password for root from 43.255.190.143 port 52238 ssh2
Apr  7 07:54:16 ovzhost sshd[1065]: pam_unix(sshd:auth): authentication failure; logname= uid=0 euid=0 tty=ssh ruser= rhost=43.255.190.187  user=root
Apr  7 07:54:18 ovzhost sshd[1065]: Failed password for root from 43.255.190.187 port 56837 ssh2
Apr  7 07:54:19 ovzhost sshd[1063]: message repeated 2 times: [ Failed password for root from 43.255.190.143 port 52238 ssh2]
Apr  7 07:54:20 ovzhost sshd[1063]: Received disconnect from 43.255.190.143: 11:  [preauth]
Apr  7 07:54:20 ovzhost sshd[1063]: PAM 2 more authentication failures; logname= uid=0 euid=0 tty=ssh ruser= rhost=43.255.190.143  user=root
Apr  7 07:54:20 ovzhost sshd[1067]: pam_unix(sshd:auth): authentication failure; logname= uid=0 euid=0 tty=ssh ruser= rhost=43.255.190.143  user=root
Apr  7 07:54:22 ovzhost sshd[1065]: message repeated 2 times: [ Failed password for root from 43.255.190.187 port 56837 ssh2]
Apr  7 07:54:22 ovzhost sshd[1065]: Received disconnect from 43.255.190.187: 11:  [preauth]
Apr  7 07:54:22 ovzhost sshd[1065]: PAM 2 more authentication failures; logname= uid=0 euid=0 tty=ssh ruser= rhost=43.255.190.187  user=root
Apr  7 07:54:22 ovzhost sshd[1067]: Failed password for root from 43.255.190.143 port 42842 ssh2
Apr  7 07:54:22 ovzhost sshd[1069]: pam_unix(sshd:auth): authentication failure; logname= uid=0 euid=0 tty=ssh ruser= rhost=43.255.190.187  user=root
Apr  7 07:54:24 ovzhost sshd[1069]: Failed password for root from 43.255.190.187 port 43984 ssh2
Apr  7 07:54:26 ovzhost sshd[1067]: message repeated 2 times: [ Failed password for root from 43.255.190.143 port 42842 ssh2]
Apr  7 07:54:26 ovzhost sshd[1067]: Received disconnect from 43.255.190.143: 11:  [preauth]
Apr  7 07:54:26 ovzhost sshd[1067]: PAM 2 more authentication failures; logname= uid=0 euid=0 tty=ssh ruser= rhost=43.255.190.143  user=root
Apr  7 07:54:26 ovzhost sshd[1071]: pam_unix(sshd:auth): authentication failure; logname= uid=0 euid=0 tty=ssh ruser= rhost=43.255.190.143  user=root
Apr  7 07:54:28 ovzhost sshd[1069]: message repeated 2 times: [ Failed password for root from 43.255.190.187 port 43984 ssh2]
Apr  7 07:54:28 ovzhost sshd[1069]: Received disconnect from 43.255.190.187: 11:  [preauth]
Apr  7 07:54:28 ovzhost sshd[1069]: PAM 2 more authentication failures; logname= uid=0 euid=0 tty=ssh ruser= rhost=43.255.190.187  user=root
Apr  7 07:54:28 ovzhost sshd[1071]: Failed password for root from 43.255.190.143 port 60264 ssh2
Apr  7 07:54:29 ovzhost sshd[1073]: pam_unix(sshd:auth): authentication failure; logname= uid=0 euid=0 tty=ssh ruser= rhost=43.255.190.187  user=root
Apr  7 07:54:31 ovzhost sshd[1073]: Failed password for root from 43.255.190.187 port 59272 ssh2
Apr  7 07:54:32 ovzhost sshd[1071]: message repeated 2 times: [ Failed password for root from 43.255.190.143 port 60264 ssh2]
Apr  7 07:54:32 ovzhost sshd[1071]: Received disconnect from 43.255.190.143: 11:  [preauth]
Apr  7 07:54:32 ovzhost sshd[1071]: PAM 2 more authentication failures; logname= uid=0 euid=0 tty=ssh ruser= rhost=43.255.190.143  user=root
Apr  7 07:54:33 ovzhost sshd[1075]: pam_unix(sshd:auth): authentication failure; logname= uid=0 euid=0 tty=ssh ruser= rhost=43.255.190.143  user=root
Apr  7 07:54:33 ovzhost sshd[1078]: Connection closed by 127.0.0.1 [preauth]
Apr  7 07:54:35 ovzhost sshd[1075]: Failed password for root from 43.255.190.143 port 50324 ssh2
Apr  7 07:54:35 ovzhost sshd[1073]: message repeated 2 times: [ Failed password for root from 43.255.190.187 port 59272 ssh2]
Apr  7 07:54:35 ovzhost sshd[1073]: Received disconnect from 43.255.190.187: 11:  [preauth]
Apr  7 07:54:35 ovzhost sshd[1073]: PAM 2 more authentication failures; logname= uid=0 euid=0 tty=ssh ruser= rhost=43.255.190.187  user=root
Apr  7 07:54:35 ovzhost sshd[1080]: pam_unix(sshd:auth): authentication failure; logname= uid=0 euid=0 tty=ssh ruser= rhost=43.255.190.187  user=root
Apr  7 07:54:37 ovzhost sshd[1080]: Failed password for root from 43.255.190.187 port 46662 ssh2
Apr  7 07:54:39 ovzhost sshd[1075]: message repeated 2 times: [ Failed password for root from 43.255.190.143 port 50324 ssh2]
Apr  7 07:54:39 ovzhost sshd[1075]: Received disconnect from 43.255.190.143: 11:  [preauth]
Apr  7 07:54:39 ovzhost sshd[1075]: PAM 2 more authentication failures; logname= uid=0 euid=0 tty=ssh ruser= rhost=43.255.190.143  user=root
Apr  7 07:54:39 ovzhost sshd[1084]: pam_unix(sshd:auth): authentication failure; logname= uid=0 euid=0 tty=ssh ruser= rhost=43.255.190.143  user=root
Apr  7 07:54:42 ovzhost sshd[1080]: message repeated 2 times: [ Failed password for root from 43.255.190.187 port 46662 ssh2]
Apr  7 07:54:42 ovzhost sshd[1080]: Received disconnect from 43.255.190.187: 11:  [preauth]
Apr  7 07:54:42 ovzhost sshd[1080]: PAM 2 more authentication failures; logname= uid=0 euid=0 tty=ssh ruser= rhost=43.255.190.187  user=root
Apr  7 07:54:42 ovzhost sshd[1084]: Failed password for root from 43.255.190.143 port 40843 ssh2
Apr  7 07:54:42 ovzhost sshd[1086]: pam_unix(sshd:auth): authentication failure; logname= uid=0 euid=0 tty=ssh ruser= rhost=43.255.190.187  user=root
Apr  7 07:54:44 ovzhost sshd[1086]: Failed password for root from 43.255.190.187 port 35271 ssh2
Apr  7 07:54:45 ovzhost sshd[1084]: message repeated 2 times: [ Failed password for root from 43.255.190.143 port 40843 ssh2]
Apr  7 07:54:45 ovzhost sshd[1084]: Received disconnect from 43.255.190.143: 11:  [preauth]
Apr  7 07:54:45 ovzhost sshd[1084]: PAM 2 more authentication failures; logname= uid=0 euid=0 tty=ssh ruser= rhost=43.255.190.143  user=root
