Mar 31 17:16:56 ovzhost sudo:     root : unable to resolve host ovzhost
Mar 31 17:16:56 ovzhost sudo:     root : TTY=pts/0 ; PWD=/ ; USER=root ; COMMAND=/usr/bin/less /root/.bash_history
Mar 31 17:16:56 ovzhost sudo: pam_unix(sudo:session): session opened for user root by (uid=0)
Mar 31 17:16:57 ovzhost sudo: pam_unix(sudo:session): session closed for user root
Apr  2 14:31:13 ovzhost sshd[419]: Server listening on 0.0.0.0 port 22.
Apr  2 14:31:13 ovzhost sshd[419]: Server listening on :: port 22.
Apr  2 14:31:13 ovzhost saslauthd[637]: detach_tty      : master pid is: 637
Apr  2 14:31:13 ovzhost saslauthd[637]: ipc_init        : listening on socket: /var/run/saslauthd/mux
Apr  2 14:33:26 ovzhost sshd[797]: Connection closed by 127.0.0.1 [preauth]
Apr 12 19:36:18 ovzhost sshd[780]: pam_unix(sshd:auth): authentication failure; logname= uid=0 euid=0 tty=ssh ruser= rhost=43.255.190.173  user=root
Apr 12 19:36:20 ovzhost sshd[780]: Failed password for root from 43.255.190.173 port 59446 ssh2
Apr 12 19:36:23 ovzhost sshd[782]: pam_unix(sshd:auth): authentication failure; logname= uid=0 euid=0 tty=ssh ruser= rhost=43.255.190.145  user=root
Apr 12 19:36:25 ovzhost sshd[780]: message repeated 2 times: [ Failed password for root from 43.255.190.173 port 59446 ssh2]
Apr 12 19:36:25 ovzhost sshd[780]: Received disconnect from 43.255.190.173: 11:  [preauth]
Apr 12 19:36:25 ovzhost sshd[780]: PAM 2 more authentication failures; logname= uid=0 euid=0 tty=ssh ruser= rhost=43.255.190.173  user=root
Apr 12 19:36:25 ovzhost sshd[782]: Failed password for root from 43.255.190.145 port 55933 ssh2
Apr 12 19:36:25 ovzhost sshd[786]: pam_unix(sshd:auth): authentication failure; logname= uid=0 euid=0 tty=ssh ruser= rhost=43.255.190.173  user=root
Apr 12 19:36:26 ovzhost sshd[788]: pam_unix(sshd:auth): authentication failure; logname= uid=0 euid=0 tty=ssh ruser= rhost=43.255.190.173  user=root
Apr 12 19:36:28 ovzhost sshd[786]: Failed password for root from 43.255.190.173 port 48286 ssh2
Apr 12 19:36:28 ovzhost sshd[788]: Failed password for root from 43.255.190.173 port 48697 ssh2
Apr 12 19:36:30 ovzhost sshd[782]: message repeated 2 times: [ Failed password for root from 43.255.190.145 port 55933 ssh2]
Apr 12 19:36:30 ovzhost sshd[782]: Received disconnect from 43.255.190.145: 11:  [preauth]
Apr 12 19:36:30 ovzhost sshd[782]: PAM 2 more authentication failures; logname= uid=0 euid=0 tty=ssh ruser= rhost=43.255.190.145  user=root
Apr 12 19:36:30 ovzhost sshd[790]: pam_unix(sshd:auth): authentication failure; logname= uid=0 euid=0 tty=ssh ruser= rhost=43.255.190.145  user=root
Apr 12 19:36:32 ovzhost sshd[786]: message repeated 2 times: [ Failed password for root from 43.255.190.173 port 48286 ssh2]
Apr 12 19:36:32 ovzhost sshd[786]: Received disconnect from 43.255.190.173: 11:  [preauth]
Apr 12 19:36:32 ovzhost sshd[786]: PAM 2 more authentication failures; logname= uid=0 euid=0 tty=ssh ruser= rhost=43.255.190.173  user=root
Apr 12 19:36:33 ovzhost sshd[790]: Failed password for root from 43.255.190.145 port 42717 ssh2
Apr 12 19:36:33 ovzhost sshd[788]: message repeated 2 times: [ Failed password for root from 43.255.190.173 port 48697 ssh2]
Apr 12 19:36:33 ovzhost sshd[788]: Received disconnect from 43.255.190.173: 11:  [preauth]
Apr 12 19:36:33 ovzhost sshd[788]: PAM 2 more authentication failures; logname= uid=0 euid=0 tty=ssh ruser= rhost=43.255.190.173  user=root
Apr 12 19:36:33 ovzhost sshd[792]: pam_unix(sshd:auth): authentication failure; logname= uid=0 euid=0 tty=ssh ruser= rhost=43.255.190.173  user=root
Apr 12 19:36:33 ovzhost sshd[794]: pam_unix(sshd:auth): authentication failure; logname= uid=0 euid=0 tty=ssh ruser= rhost=43.255.190.173  user=root
Apr 12 19:36:35 ovzhost sshd[792]: Failed password for root from 43.255.190.173 port 37392 ssh2
Apr 12 19:36:35 ovzhost sshd[794]: Failed password for root from 43.255.190.173 port 38042 ssh2
Apr 12 19:36:36 ovzhost sshd[790]: message repeated 2 times: [ Failed password for root from 43.255.190.145 port 42717 ssh2]
Apr 12 19:36:36 ovzhost sshd[790]: Received disconnect from 43.255.190.145: 11:  [preauth]
Apr 12 19:36:36 ovzhost sshd[790]: PAM 2 more authentication failures; logname= uid=0 euid=0 tty=ssh ruser= rhost=43.255.190.145  user=root
Apr 12 19:36:37 ovzhost sshd[796]: pam_unix(sshd:auth): authentication failure; logname= uid=0 euid=0 tty=ssh ruser= rhost=43.255.190.145  user=root
Apr 12 19:36:38 ovzhost sshd[792]: message repeated 2 times: [ Failed password for root from 43.255.190.173 port 37392 ssh2]
Apr 12 19:36:38 ovzhost sshd[792]: Received disconnect from 43.255.190.173: 11:  [preauth]
Apr 12 19:36:38 ovzhost sshd[792]: PAM 2 more authentication failures; logname= uid=0 euid=0 tty=ssh ruser= rhost=43.255.190.173  user=root
Apr 12 19:36:39 ovzhost sshd[794]: message repeated 2 times: [ Failed password for root from 43.255.190.173 port 38042 ssh2]
Apr 12 19:36:39 ovzhost sshd[794]: Received disconnect from 43.255.190.173: 11:  [preauth]
Apr 12 19:36:39 ovzhost sshd[794]: PAM 2 more authentication failures; logname= uid=0 euid=0 tty=ssh ruser= rhost=43.255.190.173  user=root
Apr 12 19:36:39 ovzhost sshd[798]: pam_unix(sshd:auth): authentication failure; logname= uid=0 euid=0 tty=ssh ruser= rhost=43.255.190.173  user=root
Apr 12 19:36:39 ovzhost sshd[800]: pam_unix(sshd:auth): authentication failure; logname= uid=0 euid=0 tty=ssh ruser= rhost=43.255.190.173  user=root
Apr 12 19:36:40 ovzhost sshd[796]: Failed password for root from 43.255.190.145 port 55249 ssh2
Apr 12 19:36:41 ovzhost sshd[798]: Failed password for root from 43.255.190.173 port 50350 ssh2
Apr 12 19:36:41 ovzhost sshd[800]: Failed password for root from 43.255.190.173 port 51252 ssh2
Apr 12 19:36:44 ovzhost sshd[796]: message repeated 2 times: [ Failed password for root from 43.255.190.145 port 55249 ssh2]
Apr 12 19:36:44 ovzhost sshd[796]: Received disconnect from 43.255.190.145: 11:  [preauth]
Apr 12 19:36:44 ovzhost sshd[796]: PAM 2 more authentication failures; logname= uid=0 euid=0 tty=ssh ruser= rhost=43.255.190.145  user=root
Apr 12 19:36:45 ovzhost sshd[802]: pam_unix(sshd:auth): authentication failure; logname= uid=0 euid=0 tty=ssh ruser= rhost=43.255.190.145  user=root
Apr 12 19:36:46 ovzhost sshd[798]: message repeated 2 times: [ Failed password for root from 43.255.190.173 port 50350 ssh2]
Apr 12 19:36:46 ovzhost sshd[798]: Received disconnect from 43.255.190.173: 11:  [preauth]
Apr 12 19:36:46 ovzhost sshd[798]: PAM 2 more authentication failures; logname= uid=0 euid=0 tty=ssh ruser= rhost=43.255.190.173  user=root
Apr 12 19:36:46 ovzhost sshd[802]: Failed password for root from 43.255.190.145 port 42608 ssh2
Apr 12 19:36:46 ovzhost sshd[804]: pam_unix(sshd:auth): authentication failure; logname= uid=0 euid=0 tty=ssh ruser= rhost=43.255.190.173  user=root
Apr 12 19:36:46 ovzhost sshd[800]: message repeated 2 times: [ Failed password for root from 43.255.190.173 port 51252 ssh2]
Apr 12 19:36:46 ovzhost sshd[800]: Received disconnect from 43.255.190.173: 11:  [preauth]
Apr 12 19:36:46 ovzhost sshd[800]: PAM 2 more authentication failures; logname= uid=0 euid=0 tty=ssh ruser= rhost=43.255.190.173  user=root
Apr 12 19:36:47 ovzhost sshd[806]: pam_unix(sshd:auth): authentication failure; logname= uid=0 euid=0 tty=ssh ruser= rhost=43.255.190.173  user=root
Apr 12 19:36:48 ovzhost sshd[804]: Failed password for root from 43.255.190.173 port 37707 ssh2
Apr 12 19:36:49 ovzhost sshd[806]: Failed password for root from 43.255.190.173 port 39772 ssh2
Apr 12 19:36:50 ovzhost sshd[802]: message repeated 2 times: [ Failed password for root from 43.255.190.145 port 42608 ssh2]
Apr 12 19:36:50 ovzhost sshd[802]: Received disconnect from 43.255.190.145: 11:  [preauth]
Apr 12 19:36:50 ovzhost sshd[802]: PAM 2 more authentication failures; logname= uid=0 euid=0 tty=ssh ruser= rhost=43.255.190.145  user=root
Apr 12 19:36:51 ovzhost sshd[808]: pam_unix(sshd:auth): authentication failure; logname= uid=0 euid=0 tty=ssh ruser= rhost=43.255.190.145  user=root
Apr 12 19:36:52 ovzhost sshd[808]: Failed password for root from 43.255.190.145 port 55763 ssh2
Apr 12 19:36:53 ovzhost sshd[804]: message repeated 2 times: [ Failed password for root from 43.255.190.173 port 37707 ssh2]
Apr 12 19:36:53 ovzhost sshd[804]: Received disconnect from 43.255.190.173: 11:  [preauth]
Apr 12 19:36:53 ovzhost sshd[804]: PAM 2 more authentication failures; logname= uid=0 euid=0 tty=ssh ruser= rhost=43.255.190.173  user=root
Apr 12 19:36:53 ovzhost sshd[810]: pam_unix(sshd:auth): authentication failure; logname= uid=0 euid=0 tty=ssh ruser= rhost=43.255.190.173  user=root
Apr 12 19:36:54 ovzhost sshd[806]: message repeated 2 times: [ Failed password for root from 43.255.190.173 port 39772 ssh2]
Apr 12 19:36:54 ovzhost sshd[806]: Received disconnect from 43.255.190.173: 11:  [preauth]
Apr 12 19:36:54 ovzhost sshd[806]: PAM 2 more authentication failures; logname= uid=0 euid=0 tty=ssh ruser= rhost=43.255.190.173  user=root
Apr 12 19:36:54 ovzhost sshd[812]: pam_unix(sshd:auth): authentication failure; logname= uid=0 euid=0 tty=ssh ruser= rhost=43.255.190.173  user=root
Apr 12 19:36:56 ovzhost sshd[810]: Failed password for root from 43.255.190.173 port 53162 ssh2
Apr 12 19:36:56 ovzhost sshd[812]: Failed password for root from 43.255.190.173 port 55155 ssh2
Apr 12 19:36:56 ovzhost sshd[808]: message repeated 2 times: [ Failed password for root from 43.255.190.145 port 55763 ssh2]
Apr 12 19:36:56 ovzhost sshd[808]: Received disconnect from 43.255.190.145: 11:  [preauth]
Apr 12 19:36:56 ovzhost sshd[808]: PAM 2 more authentication failures; logname= uid=0 euid=0 tty=ssh ruser= rhost=43.255.190.145  user=root
Apr 12 19:36:57 ovzhost sshd[815]: pam_unix(sshd:auth): authentication failure; logname= uid=0 euid=0 tty=ssh ruser= rhost=43.255.190.145  user=root
Apr 12 19:36:58 ovzhost sshd[815]: Failed password for root from 43.255.190.145 port 39913 ssh2
Apr 12 19:37:00 ovzhost sshd[810]: message repeated 2 times: [ Failed password for root from 43.255.190.173 port 53162 ssh2]
Apr 12 19:37:00 ovzhost sshd[810]: Received disconnect from 43.255.190.173: 11:  [preauth]
Apr 12 19:37:00 ovzhost sshd[810]: PAM 2 more authentication failures; logname= uid=0 euid=0 tty=ssh ruser= rhost=43.255.190.173  user=root
Apr 12 19:37:01 ovzhost sshd[817]: pam_unix(sshd:auth): authentication failure; logname= uid=0 euid=0 tty=ssh ruser= rhost=43.255.190.173  user=root
Apr 12 19:37:01 ovzhost sshd[812]: message repeated 2 times: [ Failed password for root from 43.255.190.173 port 55155 ssh2]
Apr 12 19:37:01 ovzhost sshd[812]: Received disconnect from 43.255.190.173: 11:  [preauth]
Apr 12 19:37:01 ovzhost sshd[812]: PAM 2 more authentication failures; logname= uid=0 euid=0 tty=ssh ruser= rhost=43.255.190.173  user=root
Apr 12 19:37:02 ovzhost sshd[819]: pam_unix(sshd:auth): authentication failure; logname= uid=0 euid=0 tty=ssh ruser= rhost=43.255.190.173  user=root
Apr 12 19:37:03 ovzhost sshd[817]: Failed password for root from 43.255.190.173 port 39924 ssh2
Apr 12 19:37:03 ovzhost sshd[815]: message repeated 2 times: [ Failed password for root from 43.255.190.145 port 39913 ssh2]
Apr 12 19:37:03 ovzhost sshd[815]: Received disconnect from 43.255.190.145: 11:  [preauth]
Apr 12 19:37:03 ovzhost sshd[815]: PAM 2 more authentication failures; logname= uid=0 euid=0 tty=ssh ruser= rhost=43.255.190.145  user=root
Apr 12 19:37:04 ovzhost sshd[821]: pam_unix(sshd:auth): authentication failure; logname= uid=0 euid=0 tty=ssh ruser= rhost=43.255.190.145  user=root
Apr 12 19:37:04 ovzhost sshd[819]: Failed password for root from 43.255.190.173 port 42800 ssh2
Apr 12 19:37:06 ovzhost sshd[821]: Failed password for root from 43.255.190.145 port 54661 ssh2
Apr 12 19:37:07 ovzhost sshd[817]: message repeated 2 times: [ Failed password for root from 43.255.190.173 port 39924 ssh2]
Apr 12 19:37:07 ovzhost sshd[817]: Received disconnect from 43.255.190.173: 11:  [preauth]
Apr 12 19:37:07 ovzhost sshd[817]: PAM 2 more authentication failures; logname= uid=0 euid=0 tty=ssh ruser= rhost=43.255.190.173  user=root
Apr 12 19:37:08 ovzhost sshd[823]: pam_unix(sshd:auth): authentication failure; logname= uid=0 euid=0 tty=ssh ruser= rhost=43.255.190.173  user=root
Apr 12 19:37:08 ovzhost sshd[819]: message repeated 2 times: [ Failed password for root from 43.255.190.173 port 42800 ssh2]
Apr 12 19:37:08 ovzhost sshd[819]: Received disconnect from 43.255.190.173: 11:  [preauth]
Apr 12 19:37:08 ovzhost sshd[819]: PAM 2 more authentication failures; logname= uid=0 euid=0 tty=ssh ruser= rhost=43.255.190.173  user=root
Apr 12 19:37:09 ovzhost sshd[825]: pam_unix(sshd:auth): authentication failure; logname= uid=0 euid=0 tty=ssh ruser= rhost=43.255.190.173  user=root
Apr 12 19:37:10 ovzhost sshd[823]: Failed password for root from 43.255.190.173 port 56484 ssh2
Apr 12 19:37:10 ovzhost sshd[821]: message repeated 2 times: [ Failed password for root from 43.255.190.145 port 54661 ssh2]
Apr 12 19:37:10 ovzhost sshd[821]: Received disconnect from 43.255.190.145: 11:  [preauth]
Apr 12 19:37:10 ovzhost sshd[821]: PAM 2 more authentication failures; logname= uid=0 euid=0 tty=ssh ruser= rhost=43.255.190.145  user=root
Apr 12 19:37:10 ovzhost sshd[825]: Failed password for root from 43.255.190.173 port 58731 ssh2
Apr 12 19:37:11 ovzhost sshd[827]: pam_unix(sshd:auth): authentication failure; logname= uid=0 euid=0 tty=ssh ruser= rhost=43.255.190.145  user=root
Apr 12 19:37:13 ovzhost sshd[827]: Failed password for root from 43.255.190.145 port 41456 ssh2
Apr 12 19:37:13 ovzhost sshd[823]: message repeated 2 times: [ Failed password for root from 43.255.190.173 port 56484 ssh2]
Apr 12 19:37:14 ovzhost sshd[823]: Received disconnect from 43.255.190.173: 11:  [preauth]
Apr 12 19:37:14 ovzhost sshd[823]: PAM 2 more authentication failures; logname= uid=0 euid=0 tty=ssh ruser= rhost=43.255.190.173  user=root
Apr 12 19:37:14 ovzhost sshd[829]: pam_unix(sshd:auth): authentication failure; logname= uid=0 euid=0 tty=ssh ruser= rhost=43.255.190.173  user=root
Apr 12 19:37:14 ovzhost sshd[825]: message repeated 2 times: [ Failed password for root from 43.255.190.173 port 58731 ssh2]
Apr 12 19:37:14 ovzhost sshd[825]: Received disconnect from 43.255.190.173: 11:  [preauth]
Apr 12 19:37:14 ovzhost sshd[825]: PAM 2 more authentication failures; logname= uid=0 euid=0 tty=ssh ruser= rhost=43.255.190.173  user=root
Apr 12 19:37:15 ovzhost sshd[831]: pam_unix(sshd:auth): authentication failure; logname= uid=0 euid=0 tty=ssh ruser= rhost=43.255.190.173  user=root
Apr 12 19:37:16 ovzhost sshd[831]: Failed password for root from 43.255.190.173 port 43125 ssh2
Apr 12 19:37:17 ovzhost sshd[829]: Failed password for root from 43.255.190.173 port 41714 ssh2
Apr 12 19:37:17 ovzhost sshd[827]: message repeated 2 times: [ Failed password for root from 43.255.190.145 port 41456 ssh2]
Apr 12 19:37:17 ovzhost sshd[827]: Received disconnect from 43.255.190.145: 11:  [preauth]
Apr 12 19:37:17 ovzhost sshd[827]: PAM 2 more authentication failures; logname= uid=0 euid=0 tty=ssh ruser= rhost=43.255.190.145  user=root
Apr 12 19:37:17 ovzhost sshd[833]: pam_unix(sshd:auth): authentication failure; logname= uid=0 euid=0 tty=ssh ruser= rhost=43.255.190.145  user=root
Apr 12 19:37:20 ovzhost sshd[833]: Failed password for root from 43.255.190.145 port 55268 ssh2
Apr 12 19:37:21 ovzhost sshd[831]: message repeated 2 times: [ Failed password for root from 43.255.190.173 port 43125 ssh2]
Apr 12 19:37:21 ovzhost sshd[831]: Received disconnect from 43.255.190.173: 11:  [preauth]
Apr 12 19:37:21 ovzhost sshd[831]: PAM 2 more authentication failures; logname= uid=0 euid=0 tty=ssh ruser= rhost=43.255.190.173  user=root
Apr 12 19:37:21 ovzhost sshd[829]: message repeated 2 times: [ Failed password for root from 43.255.190.173 port 41714 ssh2]
Apr 12 19:37:21 ovzhost sshd[829]: Received disconnect from 43.255.190.173: 11:  [preauth]
Apr 12 19:37:21 ovzhost sshd[829]: PAM 2 more authentication failures; logname= uid=0 euid=0 tty=ssh ruser= rhost=43.255.190.173  user=root
Apr 12 19:37:21 ovzhost sshd[835]: pam_unix(sshd:auth): authentication failure; logname= uid=0 euid=0 tty=ssh ruser= rhost=43.255.190.173  user=root
Apr 12 19:37:22 ovzhost sshd[837]: pam_unix(sshd:auth): authentication failure; logname= uid=0 euid=0 tty=ssh ruser= rhost=43.255.190.173  user=root
Apr 12 19:37:23 ovzhost sshd[835]: Failed password for root from 43.255.190.173 port 57213 ssh2
Apr 12 19:37:24 ovzhost sshd[837]: Failed password for root from 43.255.190.173 port 58024 ssh2
Apr 12 19:37:24 ovzhost sshd[833]: message repeated 2 times: [ Failed password for root from 43.255.190.145 port 55268 ssh2]
Apr 12 19:37:24 ovzhost sshd[833]: Received disconnect from 43.255.190.145: 11:  [preauth]
Apr 12 19:37:24 ovzhost sshd[833]: PAM 2 more authentication failures; logname= uid=0 euid=0 tty=ssh ruser= rhost=43.255.190.145  user=root
Apr 12 19:37:25 ovzhost sshd[839]: pam_unix(sshd:auth): authentication failure; logname= uid=0 euid=0 tty=ssh ruser= rhost=43.255.190.145  user=root
Apr 12 19:37:27 ovzhost sshd[839]: Failed password for root from 43.255.190.145 port 42800 ssh2
Apr 12 19:37:27 ovzhost sshd[835]: message repeated 2 times: [ Failed password for root from 43.255.190.173 port 57213 ssh2]
Apr 12 19:37:27 ovzhost sshd[835]: Received disconnect from 43.255.190.173: 11:  [preauth]
Apr 12 19:37:27 ovzhost sshd[835]: PAM 2 more authentication failures; logname= uid=0 euid=0 tty=ssh ruser= rhost=43.255.190.173  user=root
Apr 12 19:37:28 ovzhost sshd[842]: pam_unix(sshd:auth): authentication failure; logname= uid=0 euid=0 tty=ssh ruser= rhost=43.255.190.173  user=root
Apr 12 19:37:29 ovzhost sshd[837]: message repeated 2 times: [ Failed password for root from 43.255.190.173 port 58024 ssh2]
Apr 12 19:37:29 ovzhost sshd[837]: Received disconnect from 43.255.190.173: 11:  [preauth]
Apr 12 19:37:29 ovzhost sshd[837]: PAM 2 more authentication failures; logname= uid=0 euid=0 tty=ssh ruser= rhost=43.255.190.173  user=root
Apr 12 19:37:29 ovzhost sshd[844]: pam_unix(sshd:auth): authentication failure; logname= uid=0 euid=0 tty=ssh ruser= rhost=43.255.190.173  user=root
Apr 12 19:37:30 ovzhost sshd[842]: Failed password for root from 43.255.190.173 port 43843 ssh2
Apr 12 19:37:31 ovzhost sshd[844]: Failed password for root from 43.255.190.173 port 46548 ssh2
Apr 12 19:37:31 ovzhost sshd[839]: message repeated 2 times: [ Failed password for root from 43.255.190.145 port 42800 ssh2]
Apr 12 19:37:31 ovzhost sshd[839]: Received disconnect from 43.255.190.145: 11:  [preauth]
Apr 12 19:37:31 ovzhost sshd[839]: PAM 2 more authentication failures; logname= uid=0 euid=0 tty=ssh ruser= rhost=43.255.190.145  user=root
Apr 12 19:37:32 ovzhost sshd[846]: pam_unix(sshd:auth): authentication failure; logname= uid=0 euid=0 tty=ssh ruser= rhost=43.255.190.145  user=root
Apr 12 19:37:34 ovzhost sshd[846]: Failed password for root from 43.255.190.145 port 58044 ssh2
Apr 12 19:37:34 ovzhost sshd[842]: message repeated 2 times: [ Failed password for root from 43.255.190.173 port 43843 ssh2]
Apr 12 19:37:34 ovzhost sshd[842]: Received disconnect from 43.255.190.173: 11:  [preauth]
Apr 12 19:37:34 ovzhost sshd[842]: PAM 2 more authentication failures; logname= uid=0 euid=0 tty=ssh ruser= rhost=43.255.190.173  user=root
Apr 12 19:37:34 ovzhost sshd[848]: pam_unix(sshd:auth): authentication failure; logname= uid=0 euid=0 tty=ssh ruser= rhost=43.255.190.173  user=root
Apr 12 19:37:35 ovzhost sshd[844]: message repeated 2 times: [ Failed password for root from 43.255.190.173 port 46548 ssh2]
Apr 12 19:37:35 ovzhost sshd[844]: Received disconnect from 43.255.190.173: 11:  [preauth]
Apr 12 19:37:35 ovzhost sshd[844]: PAM 2 more authentication failures; logname= uid=0 euid=0 tty=ssh ruser= rhost=43.255.190.173  user=root
Apr 12 19:37:35 ovzhost sshd[850]: pam_unix(sshd:auth): authentication failure; logname= uid=0 euid=0 tty=ssh ruser= rhost=43.255.190.173  user=root
Apr 12 19:37:36 ovzhost sshd[848]: Failed password for root from 43.255.190.173 port 56980 ssh2
Apr 12 19:37:38 ovzhost sshd[850]: Failed password for root from 43.255.190.173 port 59279 ssh2
Apr 12 19:37:38 ovzhost sshd[846]: message repeated 2 times: [ Failed password for root from 43.255.190.145 port 58044 ssh2]
Apr 12 19:37:38 ovzhost sshd[846]: Received disconnect from 43.255.190.145: 11:  [preauth]
Apr 12 19:37:38 ovzhost sshd[846]: PAM 2 more authentication failures; logname= uid=0 euid=0 tty=ssh ruser= rhost=43.255.190.145  user=root
Apr 12 19:37:39 ovzhost sshd[852]: pam_unix(sshd:auth): authentication failure; logname= uid=0 euid=0 tty=ssh ruser= rhost=43.255.190.145  user=root
Apr 12 19:37:41 ovzhost sshd[852]: Failed password for root from 43.255.190.145 port 44689 ssh2
Apr 12 19:37:41 ovzhost sshd[848]: message repeated 2 times: [ Failed password for root from 43.255.190.173 port 56980 ssh2]
Apr 12 19:37:41 ovzhost sshd[848]: Received disconnect from 43.255.190.173: 11:  [preauth]
Apr 12 19:37:41 ovzhost sshd[848]: PAM 2 more authentication failures; logname= uid=0 euid=0 tty=ssh ruser= rhost=43.255.190.173  user=root
Apr 12 19:37:42 ovzhost sshd[854]: pam_unix(sshd:auth): authentication failure; logname= uid=0 euid=0 tty=ssh ruser= rhost=43.255.190.173  user=root
Apr 12 19:37:42 ovzhost sshd[850]: message repeated 2 times: [ Failed password for root from 43.255.190.173 port 59279 ssh2]
Apr 12 19:37:42 ovzhost sshd[850]: Received disconnect from 43.255.190.173: 11:  [preauth]
Apr 12 19:37:42 ovzhost sshd[850]: PAM 2 more authentication failures; logname= uid=0 euid=0 tty=ssh ruser= rhost=43.255.190.173  user=root
Apr 12 19:37:43 ovzhost sshd[856]: pam_unix(sshd:auth): authentication failure; logname= uid=0 euid=0 tty=ssh ruser= rhost=43.255.190.173  user=root
Apr 12 19:37:43 ovzhost sshd[854]: Failed password for root from 43.255.190.173 port 44218 ssh2
Apr 12 19:37:45 ovzhost sshd[852]: message repeated 2 times: [ Failed password for root from 43.255.190.145 port 44689 ssh2]
Apr 12 19:37:45 ovzhost sshd[852]: Received disconnect from 43.255.190.145: 11:  [preauth]
Apr 12 19:37:45 ovzhost sshd[852]: PAM 2 more authentication failures; logname= uid=0 euid=0 tty=ssh ruser= rhost=43.255.190.145  user=root
Apr 12 19:37:45 ovzhost sshd[856]: Failed password for root from 43.255.190.173 port 46884 ssh2
Apr 12 19:37:45 ovzhost sshd[858]: pam_unix(sshd:auth): authentication failure; logname= uid=0 euid=0 tty=ssh ruser= rhost=43.255.190.145  user=root
Apr 12 19:37:47 ovzhost sshd[858]: Failed password for root from 43.255.190.145 port 60833 ssh2
Apr 12 19:37:47 ovzhost sshd[854]: message repeated 2 times: [ Failed password for root from 43.255.190.173 port 44218 ssh2]
Apr 12 19:37:47 ovzhost sshd[854]: Received disconnect from 43.255.190.173: 11:  [preauth]
Apr 12 19:37:47 ovzhost sshd[854]: PAM 2 more authentication failures; logname= uid=0 euid=0 tty=ssh ruser= rhost=43.255.190.173  user=root
Apr 12 19:37:47 ovzhost sshd[860]: pam_unix(sshd:auth): authentication failure; logname= uid=0 euid=0 tty=ssh ruser= rhost=43.255.190.173  user=root
Apr 12 19:37:48 ovzhost sshd[856]: message repeated 2 times: [ Failed password for root from 43.255.190.173 port 46884 ssh2]
Apr 12 19:37:48 ovzhost sshd[856]: Received disconnect from 43.255.190.173: 11:  [preauth]
Apr 12 19:37:48 ovzhost sshd[856]: PAM 2 more authentication failures; logname= uid=0 euid=0 tty=ssh ruser= rhost=43.255.190.173  user=root
Apr 12 19:37:49 ovzhost sshd[862]: pam_unix(sshd:auth): authentication failure; logname= uid=0 euid=0 tty=ssh ruser= rhost=43.255.190.173  user=root
Apr 12 19:37:50 ovzhost sshd[860]: Failed password for root from 43.255.190.173 port 58100 ssh2
Apr 12 19:37:51 ovzhost sshd[862]: Failed password for root from 43.255.190.173 port 60930 ssh2
Apr 12 19:37:51 ovzhost sshd[858]: message repeated 2 times: [ Failed password for root from 43.255.190.145 port 60833 ssh2]
Apr 12 19:37:51 ovzhost sshd[858]: Received disconnect from 43.255.190.145: 11:  [preauth]
Apr 12 19:37:51 ovzhost sshd[858]: PAM 2 more authentication failures; logname= uid=0 euid=0 tty=ssh ruser= rhost=43.255.190.145  user=root
Apr 12 19:37:52 ovzhost sshd[864]: pam_unix(sshd:auth): authentication failure; logname= uid=0 euid=0 tty=ssh ruser= rhost=43.255.190.145  user=root
Apr 12 19:37:54 ovzhost sshd[864]: Failed password for root from 43.255.190.145 port 46851 ssh2
Apr 12 19:37:54 ovzhost sshd[860]: message repeated 2 times: [ Failed password for root from 43.255.190.173 port 58100 ssh2]
Apr 12 19:37:54 ovzhost sshd[860]: Received disconnect from 43.255.190.173: 11:  [preauth]
Apr 12 19:37:54 ovzhost sshd[860]: PAM 2 more authentication failures; logname= uid=0 euid=0 tty=ssh ruser= rhost=43.255.190.173  user=root
Apr 12 19:37:55 ovzhost sshd[862]: message repeated 2 times: [ Failed password for root from 43.255.190.173 port 60930 ssh2]
Apr 12 19:37:55 ovzhost sshd[862]: Received disconnect from 43.255.190.173: 11:  [preauth]
Apr 12 19:37:55 ovzhost sshd[862]: PAM 2 more authentication failures; logname= uid=0 euid=0 tty=ssh ruser= rhost=43.255.190.173  user=root
Apr 12 19:37:55 ovzhost sshd[870]: pam_unix(sshd:auth): authentication failure; logname= uid=0 euid=0 tty=ssh ruser= rhost=43.255.190.173  user=root
Apr 12 19:37:55 ovzhost sshd[872]: pam_unix(sshd:auth): authentication failure; logname= uid=0 euid=0 tty=ssh ruser= rhost=43.255.190.173  user=root
Apr 12 19:37:57 ovzhost sshd[870]: Failed password for root from 43.255.190.173 port 44129 ssh2
Apr 12 19:37:57 ovzhost sshd[872]: Failed password for root from 43.255.190.173 port 45340 ssh2
Apr 12 19:37:58 ovzhost sshd[864]: message repeated 2 times: [ Failed password for root from 43.255.190.145 port 46851 ssh2]
Apr 12 19:37:58 ovzhost sshd[864]: Received disconnect from 43.255.190.145: 11:  [preauth]
Apr 12 19:37:58 ovzhost sshd[864]: PAM 2 more authentication failures; logname= uid=0 euid=0 tty=ssh ruser= rhost=43.255.190.145  user=root
Apr 12 19:37:58 ovzhost sshd[875]: pam_unix(sshd:auth): authentication failure; logname= uid=0 euid=0 tty=ssh ruser= rhost=43.255.190.145  user=root
Apr 12 19:38:00 ovzhost sshd[875]: Failed password for root from 43.255.190.145 port 33158 ssh2
Apr 12 19:38:02 ovzhost sshd[870]: message repeated 2 times: [ Failed password for root from 43.255.190.173 port 44129 ssh2]
Apr 12 19:38:02 ovzhost sshd[870]: Received disconnect from 43.255.190.173: 11:  [preauth]
Apr 12 19:38:02 ovzhost sshd[870]: PAM 2 more authentication failures; logname= uid=0 euid=0 tty=ssh ruser= rhost=43.255.190.173  user=root
Apr 12 19:38:02 ovzhost sshd[872]: message repeated 2 times: [ Failed password for root from 43.255.190.173 port 45340 ssh2]
Apr 12 19:38:02 ovzhost sshd[872]: Received disconnect from 43.255.190.173: 11:  [preauth]
Apr 12 19:38:02 ovzhost sshd[872]: PAM 2 more authentication failures; logname= uid=0 euid=0 tty=ssh ruser= rhost=43.255.190.173  user=root
Apr 12 19:38:02 ovzhost sshd[877]: pam_unix(sshd:auth): authentication failure; logname= uid=0 euid=0 tty=ssh ruser= rhost=43.255.190.173  user=root
Apr 12 19:38:03 ovzhost sshd[879]: pam_unix(sshd:auth): authentication failure; logname= uid=0 euid=0 tty=ssh ruser= rhost=43.255.190.173  user=root
Apr 12 19:38:04 ovzhost sshd[879]: Failed password for root from 43.255.190.173 port 34149 ssh2
Apr 12 19:38:05 ovzhost sshd[877]: Failed password for root from 43.255.190.173 port 33199 ssh2
Apr 12 19:38:05 ovzhost sshd[875]: message repeated 2 times: [ Failed password for root from 43.255.190.145 port 33158 ssh2]
Apr 12 19:38:05 ovzhost sshd[875]: Received disconnect from 43.255.190.145: 11:  [preauth]
Apr 12 19:38:05 ovzhost sshd[875]: PAM 2 more authentication failures; logname= uid=0 euid=0 tty=ssh ruser= rhost=43.255.190.145  user=root
Apr 12 19:38:06 ovzhost sshd[881]: pam_unix(sshd:auth): authentication failure; logname= uid=0 euid=0 tty=ssh ruser= rhost=43.255.190.145  user=root
Apr 12 19:38:08 ovzhost sshd[881]: Failed password for root from 43.255.190.145 port 50185 ssh2
Apr 12 19:38:08 ovzhost sshd[879]: message repeated 2 times: [ Failed password for root from 43.255.190.173 port 34149 ssh2]
Apr 12 19:38:08 ovzhost sshd[879]: Received disconnect from 43.255.190.173: 11:  [preauth]
Apr 12 19:38:08 ovzhost sshd[879]: PAM 2 more authentication failures; logname= uid=0 euid=0 tty=ssh ruser= rhost=43.255.190.173  user=root
Apr 12 19:38:08 ovzhost sshd[877]: message repeated 2 times: [ Failed password for root from 43.255.190.173 port 33199 ssh2]
Apr 12 19:38:08 ovzhost sshd[877]: Received disconnect from 43.255.190.173: 11:  [preauth]
Apr 12 19:38:08 ovzhost sshd[877]: PAM 2 more authentication failures; logname= uid=0 euid=0 tty=ssh ruser= rhost=43.255.190.173  user=root
Apr 12 19:38:08 ovzhost sshd[883]: pam_unix(sshd:auth): authentication failure; logname= uid=0 euid=0 tty=ssh ruser= rhost=43.255.190.173  user=root
Apr 12 19:38:09 ovzhost sshd[885]: pam_unix(sshd:auth): authentication failure; logname= uid=0 euid=0 tty=ssh ruser= rhost=43.255.190.173  user=root
Apr 12 19:38:10 ovzhost sshd[883]: Failed password for root from 43.255.190.173 port 47030 ssh2
Apr 12 19:38:11 ovzhost sshd[885]: Failed password for root from 43.255.190.173 port 48251 ssh2
Apr 12 19:38:12 ovzhost sshd[881]: message repeated 2 times: [ Failed password for root from 43.255.190.145 port 50185 ssh2]
Apr 12 19:38:12 ovzhost sshd[881]: Received disconnect from 43.255.190.145: 11:  [preauth]
Apr 12 19:38:12 ovzhost sshd[881]: PAM 2 more authentication failures; logname= uid=0 euid=0 tty=ssh ruser= rhost=43.255.190.145  user=root
Apr 12 19:38:12 ovzhost sshd[887]: pam_unix(sshd:auth): authentication failure; logname= uid=0 euid=0 tty=ssh ruser= rhost=43.255.190.145  user=root
Apr 12 19:38:15 ovzhost sshd[887]: Failed password for root from 43.255.190.145 port 36100 ssh2
Apr 12 19:38:15 ovzhost sshd[883]: message repeated 2 times: [ Failed password for root from 43.255.190.173 port 47030 ssh2]
Apr 12 19:38:15 ovzhost sshd[883]: Received disconnect from 43.255.190.173: 11:  [preauth]
Apr 12 19:38:15 ovzhost sshd[883]: PAM 2 more authentication failures; logname= uid=0 euid=0 tty=ssh ruser= rhost=43.255.190.173  user=root
Apr 12 19:38:16 ovzhost sshd[889]: pam_unix(sshd:auth): authentication failure; logname= uid=0 euid=0 tty=ssh ruser= rhost=43.255.190.173  user=root
Apr 12 19:38:16 ovzhost sshd[885]: message repeated 2 times: [ Failed password for root from 43.255.190.173 port 48251 ssh2]
Apr 12 19:38:16 ovzhost sshd[885]: Received disconnect from 43.255.190.173: 11:  [preauth]
Apr 12 19:38:16 ovzhost sshd[885]: PAM 2 more authentication failures; logname= uid=0 euid=0 tty=ssh ruser= rhost=43.255.190.173  user=root
Apr 12 19:38:17 ovzhost sshd[891]: pam_unix(sshd:auth): authentication failure; logname= uid=0 euid=0 tty=ssh ruser= rhost=43.255.190.173  user=root
Apr 12 19:38:17 ovzhost sshd[889]: Failed password for root from 43.255.190.173 port 34172 ssh2
Apr 12 19:38:17 ovzhost sshd[887]: message repeated 2 times: [ Failed password for root from 43.255.190.145 port 36100 ssh2]
Apr 12 19:38:18 ovzhost sshd[887]: Received disconnect from 43.255.190.145: 11:  [preauth]
Apr 12 19:38:18 ovzhost sshd[887]: PAM 2 more authentication failures; logname= uid=0 euid=0 tty=ssh ruser= rhost=43.255.190.145  user=root
Apr 12 19:38:18 ovzhost sshd[893]: pam_unix(sshd:auth): authentication failure; logname= uid=0 euid=0 tty=ssh ruser= rhost=43.255.190.145  user=root
Apr 12 19:38:18 ovzhost sshd[891]: Failed password for root from 43.255.190.173 port 36239 ssh2
Apr 12 19:38:20 ovzhost sshd[893]: Failed password for root from 43.255.190.145 port 48992 ssh2
Apr 12 19:38:20 ovzhost sshd[889]: message repeated 2 times: [ Failed password for root from 43.255.190.173 port 34172 ssh2]
Apr 12 19:38:20 ovzhost sshd[889]: Received disconnect from 43.255.190.173: 11:  [preauth]
Apr 12 19:38:20 ovzhost sshd[889]: PAM 2 more authentication failures; logname= uid=0 euid=0 tty=ssh ruser= rhost=43.255.190.173  user=root
Apr 12 19:38:21 ovzhost sshd[895]: pam_unix(sshd:auth): authentication failure; logname= uid=0 euid=0 tty=ssh ruser= rhost=43.255.190.173  user=root
Apr 12 19:38:22 ovzhost sshd[891]: message repeated 2 times: [ Failed password for root from 43.255.190.173 port 36239 ssh2]
Apr 12 19:38:22 ovzhost sshd[891]: Received disconnect from 43.255.190.173: 11:  [preauth]
Apr 12 19:38:22 ovzhost sshd[891]: PAM 2 more authentication failures; logname= uid=0 euid=0 tty=ssh ruser= rhost=43.255.190.173  user=root
Apr 12 19:38:23 ovzhost sshd[897]: pam_unix(sshd:auth): authentication failure; logname= uid=0 euid=0 tty=ssh ruser= rhost=43.255.190.173  user=root
Apr 12 19:38:23 ovzhost sshd[895]: Failed password for root from 43.255.190.173 port 47383 ssh2
Apr 12 19:38:24 ovzhost sshd[893]: message repeated 2 times: [ Failed password for root from 43.255.190.145 port 48992 ssh2]
Apr 12 19:38:24 ovzhost sshd[893]: Received disconnect from 43.255.190.145: 11:  [preauth]
Apr 12 19:38:24 ovzhost sshd[893]: PAM 2 more authentication failures; logname= uid=0 euid=0 tty=ssh ruser= rhost=43.255.190.145  user=root
Apr 12 19:38:25 ovzhost sshd[897]: Failed password for root from 43.255.190.173 port 51502 ssh2
Apr 12 19:38:25 ovzhost sshd[902]: Connection closed by 127.0.0.1 [preauth]
Apr 12 19:38:25 ovzhost sshd[899]: pam_unix(sshd:auth): authentication failure; logname= uid=0 euid=0 tty=ssh ruser= rhost=43.255.190.145  user=root
Apr 12 19:38:27 ovzhost sshd[899]: Failed password for root from 43.255.190.145 port 36572 ssh2
Apr 12 19:38:28 ovzhost sshd[895]: message repeated 2 times: [ Failed password for root from 43.255.190.173 port 47383 ssh2]
Apr 12 19:38:28 ovzhost sshd[895]: Received disconnect from 43.255.190.173: 11:  [preauth]
Apr 12 19:38:28 ovzhost sshd[895]: PAM 2 more authentication failures; logname= uid=0 euid=0 tty=ssh ruser= rhost=43.255.190.173  user=root
Apr 12 19:38:28 ovzhost sshd[906]: pam_unix(sshd:auth): authentication failure; logname= uid=0 euid=0 tty=ssh ruser= rhost=43.255.190.173  user=root
Apr 12 19:38:28 ovzhost sshd[897]: message repeated 2 times: [ Failed password for root from 43.255.190.173 port 51502 ssh2]
Apr 12 19:38:28 ovzhost sshd[897]: Received disconnect from 43.255.190.173: 11:  [preauth]
Apr 12 19:38:28 ovzhost sshd[897]: PAM 2 more authentication failures; logname= uid=0 euid=0 tty=ssh ruser= rhost=43.255.190.173  user=root
Apr 12 19:38:29 ovzhost sshd[908]: pam_unix(sshd:auth): authentication failure; logname= uid=0 euid=0 tty=ssh ruser= rhost=43.255.190.173  user=root
Apr 12 19:38:30 ovzhost sshd[906]: Failed password for root from 43.255.190.173 port 34604 ssh2
Apr 12 19:38:30 ovzhost sshd[899]: message repeated 2 times: [ Failed password for root from 43.255.190.145 port 36572 ssh2]
Apr 12 19:38:30 ovzhost sshd[899]: Received disconnect from 43.255.190.145: 11:  [preauth]
Apr 12 19:38:30 ovzhost sshd[899]: PAM 2 more authentication failures; logname= uid=0 euid=0 tty=ssh ruser= rhost=43.255.190.145  user=root
Apr 12 19:38:31 ovzhost sshd[908]: Failed password for root from 43.255.190.173 port 36594 ssh2
Apr 12 19:38:31 ovzhost sshd[912]: pam_unix(sshd:auth): authentication failure; logname= uid=0 euid=0 tty=ssh ruser= rhost=43.255.190.145  user=root
Apr 12 19:38:31 ovzhost sshd[910]: pam_unix(sshd:auth): authentication failure; logname= uid=0 euid=0 tty=ssh ruser= rhost=128.134.54.57  user=root
Apr 12 19:38:33 ovzhost sshd[912]: Failed password for root from 43.255.190.145 port 49872 ssh2
Apr 12 19:38:33 ovzhost sshd[910]: Failed password for root from 128.134.54.57 port 58189 ssh2
Apr 12 19:38:34 ovzhost sshd[906]: message repeated 2 times: [ Failed password for root from 43.255.190.173 port 34604 ssh2]
Apr 12 19:38:34 ovzhost sshd[906]: Received disconnect from 43.255.190.173: 11:  [preauth]
Apr 12 19:38:34 ovzhost sshd[906]: PAM 2 more authentication failures; logname= uid=0 euid=0 tty=ssh ruser= rhost=43.255.190.173  user=root
Apr 12 19:38:34 ovzhost sshd[914]: pam_unix(sshd:auth): authentication failure; logname= uid=0 euid=0 tty=ssh ruser= rhost=43.255.190.173  user=root
Apr 12 19:38:35 ovzhost sshd[908]: message repeated 2 times: [ Failed password for root from 43.255.190.173 port 36594 ssh2]
Apr 12 19:38:35 ovzhost sshd[908]: Received disconnect from 43.255.190.173: 11:  [preauth]
Apr 12 19:38:35 ovzhost sshd[908]: PAM 2 more authentication failures; logname= uid=0 euid=0 tty=ssh ruser= rhost=43.255.190.173  user=root
Apr 12 19:38:36 ovzhost sshd[916]: pam_unix(sshd:auth): authentication failure; logname= uid=0 euid=0 tty=ssh ruser= rhost=43.255.190.173  user=root
Apr 12 19:38:36 ovzhost sshd[914]: Failed password for root from 43.255.190.173 port 47858 ssh2
Apr 12 19:38:37 ovzhost sshd[912]: message repeated 2 times: [ Failed password for root from 43.255.190.145 port 49872 ssh2]
Apr 12 19:38:37 ovzhost sshd[912]: Received disconnect from 43.255.190.145: 11:  [preauth]
Apr 12 19:38:37 ovzhost sshd[912]: PAM 2 more authentication failures; logname= uid=0 euid=0 tty=ssh ruser= rhost=43.255.190.145  user=root
Apr 12 19:38:37 ovzhost sshd[916]: Failed password for root from 43.255.190.173 port 50651 ssh2
Apr 12 19:38:37 ovzhost sshd[910]: message repeated 2 times: [ Failed password for root from 128.134.54.57 port 58189 ssh2]
Apr 12 19:38:38 ovzhost sshd[910]: Connection closed by 128.134.54.57 [preauth]
Apr 12 19:38:38 ovzhost sshd[910]: PAM 2 more authentication failures; logname= uid=0 euid=0 tty=ssh ruser= rhost=128.134.54.57  user=root
Apr 12 19:38:38 ovzhost sshd[918]: pam_unix(sshd:auth): authentication failure; logname= uid=0 euid=0 tty=ssh ruser= rhost=43.255.190.145  user=root
Apr 12 19:38:40 ovzhost sshd[918]: Failed password for root from 43.255.190.145 port 36321 ssh2
Apr 12 19:38:40 ovzhost sshd[914]: message repeated 2 times: [ Failed password for root from 43.255.190.173 port 47858 ssh2]
Apr 12 19:38:40 ovzhost sshd[914]: Received disconnect from 43.255.190.173: 11:  [preauth]
Apr 12 19:38:40 ovzhost sshd[914]: PAM 2 more authentication failures; logname= uid=0 euid=0 tty=ssh ruser= rhost=43.255.190.173  user=root
Apr 12 19:38:41 ovzhost sshd[920]: pam_unix(sshd:auth): authentication failure; logname= uid=0 euid=0 tty=ssh ruser= rhost=43.255.190.173  user=root
Apr 12 19:38:41 ovzhost sshd[916]: message repeated 2 times: [ Failed password for root from 43.255.190.173 port 50651 ssh2]
Apr 12 19:38:42 ovzhost sshd[916]: Received disconnect from 43.255.190.173: 11:  [preauth]
Apr 12 19:38:42 ovzhost sshd[916]: PAM 2 more authentication failures; logname= uid=0 euid=0 tty=ssh ruser= rhost=43.255.190.173  user=root
Apr 12 19:38:42 ovzhost sshd[922]: pam_unix(sshd:auth): authentication failure; logname= uid=0 euid=0 tty=ssh ruser= rhost=43.255.190.173  user=root
Apr 12 19:38:43 ovzhost sshd[920]: Failed password for root from 43.255.190.173 port 35476 ssh2
Apr 12 19:38:43 ovzhost sshd[918]: message repeated 2 times: [ Failed password for root from 43.255.190.145 port 36321 ssh2]
Apr 12 19:38:43 ovzhost sshd[918]: Received disconnect from 43.255.190.145: 11:  [preauth]
Apr 12 19:38:43 ovzhost sshd[918]: PAM 2 more authentication failures; logname= uid=0 euid=0 tty=ssh ruser= rhost=43.255.190.145  user=root
Apr 12 19:38:44 ovzhost sshd[922]: Failed password for root from 43.255.190.173 port 38447 ssh2
Apr 12 19:38:44 ovzhost sshd[924]: pam_unix(sshd:auth): authentication failure; logname= uid=0 euid=0 tty=ssh ruser= rhost=43.255.190.145  user=root
Apr 12 19:38:47 ovzhost sshd[924]: Failed password for root from 43.255.190.145 port 51095 ssh2
Apr 12 19:38:47 ovzhost sshd[920]: message repeated 2 times: [ Failed password for root from 43.255.190.173 port 35476 ssh2]
Apr 12 19:38:47 ovzhost sshd[920]: Received disconnect from 43.255.190.173: 11:  [preauth]
Apr 12 19:38:47 ovzhost sshd[920]: PAM 2 more authentication failures; logname= uid=0 euid=0 tty=ssh ruser= rhost=43.255.190.173  user=root
Apr 12 19:38:48 ovzhost sshd[926]: pam_unix(sshd:auth): authentication failure; logname= uid=0 euid=0 tty=ssh ruser= rhost=43.255.190.173  user=root
Apr 12 19:38:48 ovzhost sshd[922]: message repeated 2 times: [ Failed password for root from 43.255.190.173 port 38447 ssh2]
Apr 12 19:38:48 ovzhost sshd[922]: Received disconnect from 43.255.190.173: 11:  [preauth]
Apr 12 19:38:48 ovzhost sshd[922]: PAM 2 more authentication failures; logname= uid=0 euid=0 tty=ssh ruser= rhost=43.255.190.173  user=root
Apr 12 19:38:49 ovzhost sshd[928]: pam_unix(sshd:auth): authentication failure; logname= uid=0 euid=0 tty=ssh ruser= rhost=43.255.190.173  user=root
Apr 12 19:38:50 ovzhost sshd[926]: Failed password for root from 43.255.190.173 port 50377 ssh2
Apr 12 19:38:50 ovzhost sshd[924]: message repeated 2 times: [ Failed password for root from 43.255.190.145 port 51095 ssh2]
Apr 12 19:38:50 ovzhost sshd[924]: Received disconnect from 43.255.190.145: 11:  [preauth]
Apr 12 19:38:50 ovzhost sshd[924]: PAM 2 more authentication failures; logname= uid=0 euid=0 tty=ssh ruser= rhost=43.255.190.145  user=root
Apr 12 19:38:51 ovzhost sshd[928]: Failed password for root from 43.255.190.173 port 52260 ssh2
Apr 12 19:38:51 ovzhost sshd[930]: pam_unix(sshd:auth): authentication failure; logname= uid=0 euid=0 tty=ssh ruser= rhost=43.255.190.145  user=root
Apr 12 19:38:53 ovzhost sshd[930]: Failed password for root from 43.255.190.145 port 37712 ssh2
Apr 12 19:38:54 ovzhost sshd[926]: message repeated 2 times: [ Failed password for root from 43.255.190.173 port 50377 ssh2]
Apr 12 19:38:54 ovzhost sshd[926]: Received disconnect from 43.255.190.173: 11:  [preauth]
Apr 12 19:38:54 ovzhost sshd[926]: PAM 2 more authentication failures; logname= uid=0 euid=0 tty=ssh ruser= rhost=43.255.190.173  user=root
Apr 12 19:38:55 ovzhost sshd[932]: pam_unix(sshd:auth): authentication failure; logname= uid=0 euid=0 tty=ssh ruser= rhost=43.255.190.173  user=root
Apr 12 19:38:55 ovzhost sshd[928]: message repeated 2 times: [ Failed password for root from 43.255.190.173 port 52260 ssh2]
Apr 12 19:38:55 ovzhost sshd[928]: Received disconnect from 43.255.190.173: 11:  [preauth]
Apr 12 19:38:55 ovzhost sshd[928]: PAM 2 more authentication failures; logname= uid=0 euid=0 tty=ssh ruser= rhost=43.255.190.173  user=root
Apr 12 19:38:55 ovzhost sshd[934]: pam_unix(sshd:auth): authentication failure; logname= uid=0 euid=0 tty=ssh ruser= rhost=43.255.190.173  user=root
Apr 12 19:38:56 ovzhost sshd[932]: Failed password for root from 43.255.190.173 port 36698 ssh2
Apr 12 19:38:56 ovzhost sshd[930]: message repeated 2 times: [ Failed password for root from 43.255.190.145 port 37712 ssh2]
Apr 12 19:38:56 ovzhost sshd[930]: Received disconnect from 43.255.190.145: 11:  [preauth]
Apr 12 19:38:56 ovzhost sshd[930]: PAM 2 more authentication failures; logname= uid=0 euid=0 tty=ssh ruser= rhost=43.255.190.145  user=root
Apr 12 19:38:57 ovzhost sshd[934]: Failed password for root from 43.255.190.173 port 38244 ssh2
Apr 12 19:38:57 ovzhost sshd[936]: pam_unix(sshd:auth): authentication failure; logname= uid=0 euid=0 tty=ssh ruser= rhost=43.255.190.145  user=root
Apr 12 19:38:59 ovzhost sshd[936]: Failed password for root from 43.255.190.145 port 51351 ssh2
Apr 12 19:39:00 ovzhost sshd[934]: message repeated 2 times: [ Failed password for root from 43.255.190.173 port 38244 ssh2]
Apr 12 19:39:00 ovzhost sshd[934]: Received disconnect from 43.255.190.173: 11:  [preauth]
Apr 12 19:39:00 ovzhost sshd[934]: PAM 2 more authentication failures; logname= uid=0 euid=0 tty=ssh ruser= rhost=43.255.190.173  user=root
Apr 12 19:39:01 ovzhost sshd[932]: message repeated 2 times: [ Failed password for root from 43.255.190.173 port 36698 ssh2]
Apr 12 19:39:01 ovzhost sshd[932]: Received disconnect from 43.255.190.173: 11:  [preauth]
Apr 12 19:39:01 ovzhost sshd[932]: PAM 2 more authentication failures; logname= uid=0 euid=0 tty=ssh ruser= rhost=43.255.190.173  user=root
Apr 12 19:39:01 ovzhost CRON[943]: pam_env(cron:session): Unable to open env file: /etc/default/locale: No such file or directory
Apr 12 19:39:01 ovzhost CRON[943]: pam_unix(cron:session): session opened for user root by (uid=0)
Apr 12 19:39:01 ovzhost CRON[943]: pam_unix(cron:session): session closed for user root
Apr 12 19:39:01 ovzhost sshd[940]: pam_unix(sshd:auth): authentication failure; logname= uid=0 euid=0 tty=ssh ruser= rhost=43.255.190.173  user=root
Apr 12 19:39:01 ovzhost sshd[942]: pam_unix(sshd:auth): authentication failure; logname= uid=0 euid=0 tty=ssh ruser= rhost=43.255.190.173  user=root
Apr 12 19:39:02 ovzhost sshd[936]: message repeated 2 times: [ Failed password for root from 43.255.190.145 port 51351 ssh2]
Apr 12 19:39:02 ovzhost sshd[936]: Received disconnect from 43.255.190.145: 11:  [preauth]
Apr 12 19:39:02 ovzhost sshd[936]: PAM 2 more authentication failures; logname= uid=0 euid=0 tty=ssh ruser= rhost=43.255.190.145  user=root
Apr 12 19:39:03 ovzhost sshd[940]: Failed password for root from 43.255.190.173 port 52700 ssh2
Apr 12 19:39:03 ovzhost sshd[942]: Failed password for root from 43.255.190.173 port 53281 ssh2
Apr 12 19:39:03 ovzhost sshd[955]: pam_unix(sshd:auth): authentication failure; logname= uid=0 euid=0 tty=ssh ruser= rhost=43.255.190.145  user=root
Apr 12 19:39:05 ovzhost sshd[955]: Failed password for root from 43.255.190.145 port 37639 ssh2
Apr 12 19:39:06 ovzhost sshd[940]: message repeated 2 times: [ Failed password for root from 43.255.190.173 port 52700 ssh2]
Apr 12 19:39:06 ovzhost sshd[940]: Received disconnect from 43.255.190.173: 11:  [preauth]
Apr 12 19:39:06 ovzhost sshd[940]: PAM 2 more authentication failures; logname= uid=0 euid=0 tty=ssh ruser= rhost=43.255.190.173  user=root
Apr 12 19:39:07 ovzhost sshd[942]: message repeated 2 times: [ Failed password for root from 43.255.190.173 port 53281 ssh2]
Apr 12 19:39:07 ovzhost sshd[942]: Received disconnect from 43.255.190.173: 11:  [preauth]
Apr 12 19:39:07 ovzhost sshd[942]: PAM 2 more authentication failures; logname= uid=0 euid=0 tty=ssh ruser= rhost=43.255.190.173  user=root
Apr 12 19:39:07 ovzhost sshd[957]: pam_unix(sshd:auth): authentication failure; logname= uid=0 euid=0 tty=ssh ruser= rhost=43.255.190.173  user=root
Apr 12 19:39:07 ovzhost sshd[959]: pam_unix(sshd:auth): authentication failure; logname= uid=0 euid=0 tty=ssh ruser= rhost=43.255.190.173  user=root
Apr 12 19:39:09 ovzhost sshd[955]: message repeated 2 times: [ Failed password for root from 43.255.190.145 port 37639 ssh2]
Apr 12 19:39:09 ovzhost sshd[955]: Received disconnect from 43.255.190.145: 11:  [preauth]
Apr 12 19:39:09 ovzhost sshd[955]: PAM 2 more authentication failures; logname= uid=0 euid=0 tty=ssh ruser= rhost=43.255.190.145  user=root
Apr 12 19:39:09 ovzhost sshd[957]: Failed password for root from 43.255.190.173 port 37084 ssh2
Apr 12 19:39:09 ovzhost sshd[959]: Failed password for root from 43.255.190.173 port 37554 ssh2
Apr 12 19:39:09 ovzhost sshd[961]: pam_unix(sshd:auth): authentication failure; logname= uid=0 euid=0 tty=ssh ruser= rhost=43.255.190.145  user=root
Apr 12 19:39:11 ovzhost sshd[961]: Failed password for root from 43.255.190.145 port 50592 ssh2
Apr 12 19:39:12 ovzhost sshd[957]: message repeated 2 times: [ Failed password for root from 43.255.190.173 port 37084 ssh2]
Apr 12 19:39:12 ovzhost sshd[957]: Received disconnect from 43.255.190.173: 11:  [preauth]
Apr 12 19:39:12 ovzhost sshd[957]: PAM 2 more authentication failures; logname= uid=0 euid=0 tty=ssh ruser= rhost=43.255.190.173  user=root
Apr 12 19:39:12 ovzhost sshd[959]: message repeated 2 times: [ Failed password for root from 43.255.190.173 port 37554 ssh2]
Apr 12 19:39:13 ovzhost sshd[959]: Received disconnect from 43.255.190.173: 11:  [preauth]
Apr 12 19:39:13 ovzhost sshd[959]: PAM 2 more authentication failures; logname= uid=0 euid=0 tty=ssh ruser= rhost=43.255.190.173  user=root
Apr 12 19:39:13 ovzhost sshd[963]: pam_unix(sshd:auth): authentication failure; logname= uid=0 euid=0 tty=ssh ruser= rhost=43.255.190.173  user=root
Apr 12 19:39:13 ovzhost sshd[965]: pam_unix(sshd:auth): authentication failure; logname= uid=0 euid=0 tty=ssh ruser= rhost=43.255.190.173  user=root
Apr 12 19:39:14 ovzhost sshd[961]: message repeated 2 times: [ Failed password for root from 43.255.190.145 port 50592 ssh2]
Apr 12 19:39:15 ovzhost sshd[961]: Received disconnect from 43.255.190.145: 11:  [preauth]
Apr 12 19:39:15 ovzhost sshd[961]: PAM 2 more authentication failures; logname= uid=0 euid=0 tty=ssh ruser= rhost=43.255.190.145  user=root
Apr 12 19:39:15 ovzhost sshd[963]: Failed password for root from 43.255.190.173 port 49288 ssh2
Apr 12 19:39:15 ovzhost sshd[965]: Failed password for root from 43.255.190.173 port 49864 ssh2
Apr 12 19:39:15 ovzhost sshd[967]: pam_unix(sshd:auth): authentication failure; logname= uid=0 euid=0 tty=ssh ruser= rhost=43.255.190.145  user=root
Apr 12 19:39:17 ovzhost sshd[967]: Failed password for root from 43.255.190.145 port 35356 ssh2
Apr 12 19:39:18 ovzhost sshd[963]: message repeated 2 times: [ Failed password for root from 43.255.190.173 port 49288 ssh2]
Apr 12 19:39:18 ovzhost sshd[963]: Received disconnect from 43.255.190.173: 11:  [preauth]
Apr 12 19:39:18 ovzhost sshd[963]: PAM 2 more authentication failures; logname= uid=0 euid=0 tty=ssh ruser= rhost=43.255.190.173  user=root
Apr 12 19:39:18 ovzhost sshd[965]: message repeated 2 times: [ Failed password for root from 43.255.190.173 port 49864 ssh2]
Apr 12 19:39:19 ovzhost sshd[965]: Received disconnect from 43.255.190.173: 11:  [preauth]
Apr 12 19:39:19 ovzhost sshd[965]: PAM 2 more authentication failures; logname= uid=0 euid=0 tty=ssh ruser= rhost=43.255.190.173  user=root
Apr 12 19:39:19 ovzhost sshd[969]: pam_unix(sshd:auth): authentication failure; logname= uid=0 euid=0 tty=ssh ruser= rhost=43.255.190.173  user=root
Apr 12 19:39:19 ovzhost sshd[971]: pam_unix(sshd:auth): authentication failure; logname= uid=0 euid=0 tty=ssh ruser= rhost=43.255.190.173  user=root
Apr 12 19:39:21 ovzhost sshd[967]: message repeated 2 times: [ Failed password for root from 43.255.190.145 port 35356 ssh2]
Apr 12 19:39:21 ovzhost sshd[967]: Received disconnect from 43.255.190.145: 11:  [preauth]
