Apr 12 19:42:23 ovzhost sshd[1170]: message repeated 2 times: [ Failed password for root from 43.255.190.173 port 47853 ssh2]
Apr 12 19:42:23 ovzhost sshd[1170]: Received disconnect from 43.255.190.173: 11:  [preauth]
Apr 12 19:42:23 ovzhost sshd[1170]: PAM 2 more authentication failures; logname= uid=0 euid=0 tty=ssh ruser= rhost=43.255.190.173  user=root
Apr 12 19:42:23 ovzhost sshd[1171]: message repeated 2 times: [ Failed password for root from 43.255.190.173 port 47861 ssh2]
Apr 12 19:42:23 ovzhost sshd[1171]: Received disconnect from 43.255.190.173: 11:  [preauth]
Apr 12 19:42:23 ovzhost sshd[1171]: PAM 2 more authentication failures; logname= uid=0 euid=0 tty=ssh ruser= rhost=43.255.190.173  user=root
Apr 12 19:42:23 ovzhost sshd[1176]: pam_unix(sshd:auth): authentication failure; logname= uid=0 euid=0 tty=ssh ruser= rhost=43.255.190.173  user=root
Apr 12 19:42:23 ovzhost sshd[1177]: pam_unix(sshd:auth): authentication failure; logname= uid=0 euid=0 tty=ssh ruser= rhost=43.255.190.173  user=root
Apr 12 19:42:25 ovzhost sshd[1174]: message repeated 2 times: [ Failed password for root from 43.255.190.145 port 51338 ssh2]
Apr 12 19:42:25 ovzhost sshd[1174]: Received disconnect from 43.255.190.145: 11:  [preauth]
Apr 12 19:42:25 ovzhost sshd[1174]: PAM 2 more authentication failures; logname= uid=0 euid=0 tty=ssh ruser= rhost=43.255.190.145  user=root
Apr 12 19:42:26 ovzhost sshd[1176]: Failed password for root from 43.255.190.173 port 34026 ssh2
Apr 12 19:42:26 ovzhost sshd[1177]: Failed password for root from 43.255.190.173 port 34056 ssh2
Apr 12 19:42:26 ovzhost sshd[1180]: pam_unix(sshd:auth): authentication failure; logname= uid=0 euid=0 tty=ssh ruser= rhost=43.255.190.145  user=root
Apr 12 19:42:28 ovzhost sshd[1180]: Failed password for root from 43.255.190.145 port 38735 ssh2
Apr 12 19:42:30 ovzhost sshd[1176]: message repeated 2 times: [ Failed password for root from 43.255.190.173 port 34026 ssh2]
Apr 12 19:42:30 ovzhost sshd[1176]: Received disconnect from 43.255.190.173: 11:  [preauth]
Apr 12 19:42:30 ovzhost sshd[1176]: PAM 2 more authentication failures; logname= uid=0 euid=0 tty=ssh ruser= rhost=43.255.190.173  user=root
Apr 12 19:42:30 ovzhost sshd[1177]: message repeated 2 times: [ Failed password for root from 43.255.190.173 port 34056 ssh2]
Apr 12 19:42:30 ovzhost sshd[1177]: Received disconnect from 43.255.190.173: 11:  [preauth]
Apr 12 19:42:30 ovzhost sshd[1177]: PAM 2 more authentication failures; logname= uid=0 euid=0 tty=ssh ruser= rhost=43.255.190.173  user=root
Apr 12 19:42:31 ovzhost sshd[1182]: pam_unix(sshd:auth): authentication failure; logname= uid=0 euid=0 tty=ssh ruser= rhost=43.255.190.173  user=root
Apr 12 19:42:31 ovzhost sshd[1183]: pam_unix(sshd:auth): authentication failure; logname= uid=0 euid=0 tty=ssh ruser= rhost=43.255.190.173  user=root
Apr 12 19:42:33 ovzhost sshd[1180]: message repeated 2 times: [ Failed password for root from 43.255.190.145 port 38735 ssh2]
Apr 12 19:42:33 ovzhost sshd[1180]: Received disconnect from 43.255.190.145: 11:  [preauth]
Apr 12 19:42:33 ovzhost sshd[1180]: PAM 2 more authentication failures; logname= uid=0 euid=0 tty=ssh ruser= rhost=43.255.190.145  user=root
Apr 12 19:42:33 ovzhost sshd[1186]: pam_unix(sshd:auth): authentication failure; logname= uid=0 euid=0 tty=ssh ruser= rhost=43.255.190.145  user=root
Apr 12 19:42:33 ovzhost sshd[1182]: Failed password for root from 43.255.190.173 port 49329 ssh2
Apr 12 19:42:33 ovzhost sshd[1183]: Failed password for root from 43.255.190.173 port 49350 ssh2
Apr 12 19:42:35 ovzhost sshd[1186]: Failed password for root from 43.255.190.145 port 53223 ssh2
Apr 12 19:42:38 ovzhost sshd[1182]: message repeated 2 times: [ Failed password for root from 43.255.190.173 port 49329 ssh2]
Apr 12 19:42:38 ovzhost sshd[1182]: Received disconnect from 43.255.190.173: 11:  [preauth]
Apr 12 19:42:38 ovzhost sshd[1182]: PAM 2 more authentication failures; logname= uid=0 euid=0 tty=ssh ruser= rhost=43.255.190.173  user=root
Apr 12 19:42:38 ovzhost sshd[1183]: message repeated 2 times: [ Failed password for root from 43.255.190.173 port 49350 ssh2]
Apr 12 19:42:38 ovzhost sshd[1183]: Received disconnect from 43.255.190.173: 11:  [preauth]
Apr 12 19:42:38 ovzhost sshd[1183]: PAM 2 more authentication failures; logname= uid=0 euid=0 tty=ssh ruser= rhost=43.255.190.173  user=root
Apr 12 19:42:38 ovzhost sshd[1188]: pam_unix(sshd:auth): authentication failure; logname= uid=0 euid=0 tty=ssh ruser= rhost=43.255.190.173  user=root
Apr 12 19:42:38 ovzhost sshd[1189]: pam_unix(sshd:auth): authentication failure; logname= uid=0 euid=0 tty=ssh ruser= rhost=43.255.190.173  user=root
Apr 12 19:42:40 ovzhost sshd[1186]: message repeated 2 times: [ Failed password for root from 43.255.190.145 port 53223 ssh2]
Apr 12 19:42:40 ovzhost sshd[1186]: Received disconnect from 43.255.190.145: 11:  [preauth]
Apr 12 19:42:40 ovzhost sshd[1186]: PAM 2 more authentication failures; logname= uid=0 euid=0 tty=ssh ruser= rhost=43.255.190.145  user=root
Apr 12 19:42:40 ovzhost sshd[1188]: Failed password for root from 43.255.190.173 port 35728 ssh2
Apr 12 19:42:40 ovzhost sshd[1189]: Failed password for root from 43.255.190.173 port 35741 ssh2
Apr 12 19:42:40 ovzhost sshd[1192]: pam_unix(sshd:auth): authentication failure; logname= uid=0 euid=0 tty=ssh ruser= rhost=43.255.190.145  user=root
Apr 12 19:42:43 ovzhost sshd[1192]: Failed password for root from 43.255.190.145 port 38225 ssh2
Apr 12 19:42:45 ovzhost sshd[1189]: message repeated 2 times: [ Failed password for root from 43.255.190.173 port 35741 ssh2]
Apr 12 19:42:45 ovzhost sshd[1189]: Received disconnect from 43.255.190.173: 11:  [preauth]
Apr 12 19:42:45 ovzhost sshd[1189]: PAM 2 more authentication failures; logname= uid=0 euid=0 tty=ssh ruser= rhost=43.255.190.173  user=root
Apr 12 19:42:45 ovzhost sshd[1188]: message repeated 2 times: [ Failed password for root from 43.255.190.173 port 35728 ssh2]
Apr 12 19:42:45 ovzhost sshd[1188]: Received disconnect from 43.255.190.173: 11:  [preauth]
Apr 12 19:42:45 ovzhost sshd[1188]: PAM 2 more authentication failures; logname= uid=0 euid=0 tty=ssh ruser= rhost=43.255.190.173  user=root
Apr 12 19:42:46 ovzhost sshd[1194]: pam_unix(sshd:auth): authentication failure; logname= uid=0 euid=0 tty=ssh ruser= rhost=43.255.190.173  user=root
Apr 12 19:42:46 ovzhost sshd[1195]: pam_unix(sshd:auth): authentication failure; logname= uid=0 euid=0 tty=ssh ruser= rhost=43.255.190.173  user=root
Apr 12 19:42:47 ovzhost sshd[1192]: message repeated 2 times: [ Failed password for root from 43.255.190.145 port 38225 ssh2]
Apr 12 19:42:47 ovzhost sshd[1192]: Received disconnect from 43.255.190.145: 11:  [preauth]
Apr 12 19:42:47 ovzhost sshd[1192]: PAM 2 more authentication failures; logname= uid=0 euid=0 tty=ssh ruser= rhost=43.255.190.145  user=root
Apr 12 19:42:48 ovzhost sshd[1194]: Failed password for root from 43.255.190.173 port 49716 ssh2
Apr 12 19:42:48 ovzhost sshd[1195]: Failed password for root from 43.255.190.173 port 49719 ssh2
Apr 12 19:42:48 ovzhost sshd[1198]: pam_unix(sshd:auth): authentication failure; logname= uid=0 euid=0 tty=ssh ruser= rhost=43.255.190.145  user=root
Apr 12 19:42:50 ovzhost sshd[1198]: Failed password for root from 43.255.190.145 port 53229 ssh2
Apr 12 19:42:52 ovzhost sshd[1194]: message repeated 2 times: [ Failed password for root from 43.255.190.173 port 49716 ssh2]
Apr 12 19:42:52 ovzhost sshd[1194]: Received disconnect from 43.255.190.173: 11:  [preauth]
Apr 12 19:42:52 ovzhost sshd[1194]: PAM 2 more authentication failures; logname= uid=0 euid=0 tty=ssh ruser= rhost=43.255.190.173  user=root
Apr 12 19:42:52 ovzhost sshd[1195]: message repeated 2 times: [ Failed password for root from 43.255.190.173 port 49719 ssh2]
Apr 12 19:42:52 ovzhost sshd[1195]: Received disconnect from 43.255.190.173: 11:  [preauth]
Apr 12 19:42:52 ovzhost sshd[1195]: PAM 2 more authentication failures; logname= uid=0 euid=0 tty=ssh ruser= rhost=43.255.190.173  user=root
Apr 12 19:42:53 ovzhost sshd[1202]: pam_unix(sshd:auth): authentication failure; logname= uid=0 euid=0 tty=ssh ruser= rhost=43.255.190.173  user=root
Apr 12 19:42:53 ovzhost sshd[1203]: pam_unix(sshd:auth): authentication failure; logname= uid=0 euid=0 tty=ssh ruser= rhost=43.255.190.173  user=root
Apr 12 19:42:54 ovzhost sshd[1198]: message repeated 2 times: [ Failed password for root from 43.255.190.145 port 53229 ssh2]
Apr 12 19:42:54 ovzhost sshd[1198]: Received disconnect from 43.255.190.145: 11:  [preauth]
Apr 12 19:42:54 ovzhost sshd[1198]: PAM 2 more authentication failures; logname= uid=0 euid=0 tty=ssh ruser= rhost=43.255.190.145  user=root
Apr 12 19:42:55 ovzhost sshd[1202]: Failed password for root from 43.255.190.173 port 35749 ssh2
Apr 12 19:42:55 ovzhost sshd[1203]: Failed password for root from 43.255.190.173 port 35753 ssh2
Apr 12 19:42:55 ovzhost sshd[1206]: pam_unix(sshd:auth): authentication failure; logname= uid=0 euid=0 tty=ssh ruser= rhost=43.255.190.145  user=root
Apr 12 19:42:57 ovzhost sshd[1206]: Failed password for root from 43.255.190.145 port 38351 ssh2
Apr 12 19:42:59 ovzhost sshd[1202]: message repeated 2 times: [ Failed password for root from 43.255.190.173 port 35749 ssh2]
Apr 12 19:42:59 ovzhost sshd[1202]: Received disconnect from 43.255.190.173: 11:  [preauth]
Apr 12 19:42:59 ovzhost sshd[1202]: PAM 2 more authentication failures; logname= uid=0 euid=0 tty=ssh ruser= rhost=43.255.190.173  user=root
Apr 12 19:42:59 ovzhost sshd[1203]: message repeated 2 times: [ Failed password for root from 43.255.190.173 port 35753 ssh2]
Apr 12 19:42:59 ovzhost sshd[1203]: Received disconnect from 43.255.190.173: 11:  [preauth]
Apr 12 19:42:59 ovzhost sshd[1203]: PAM 2 more authentication failures; logname= uid=0 euid=0 tty=ssh ruser= rhost=43.255.190.173  user=root
Apr 12 19:43:00 ovzhost sshd[1211]: pam_unix(sshd:auth): authentication failure; logname= uid=0 euid=0 tty=ssh ruser= rhost=43.255.190.173  user=root
Apr 12 19:43:00 ovzhost sshd[1212]: pam_unix(sshd:auth): authentication failure; logname= uid=0 euid=0 tty=ssh ruser= rhost=43.255.190.173  user=root
Apr 12 19:43:01 ovzhost sshd[1206]: message repeated 2 times: [ Failed password for root from 43.255.190.145 port 38351 ssh2]
Apr 12 19:43:02 ovzhost sshd[1206]: Received disconnect from 43.255.190.145: 11:  [preauth]
Apr 12 19:43:02 ovzhost sshd[1206]: PAM 2 more authentication failures; logname= uid=0 euid=0 tty=ssh ruser= rhost=43.255.190.145  user=root
Apr 12 19:43:02 ovzhost sshd[1211]: Failed password for root from 43.255.190.173 port 50264 ssh2
Apr 12 19:43:02 ovzhost sshd[1212]: Failed password for root from 43.255.190.173 port 50267 ssh2
Apr 12 19:43:02 ovzhost sshd[1215]: pam_unix(sshd:auth): authentication failure; logname= uid=0 euid=0 tty=ssh ruser= rhost=43.255.190.145  user=root
Apr 12 19:43:05 ovzhost sshd[1215]: Failed password for root from 43.255.190.145 port 52871 ssh2
Apr 12 19:43:07 ovzhost sshd[1211]: message repeated 2 times: [ Failed password for root from 43.255.190.173 port 50264 ssh2]
Apr 12 19:43:07 ovzhost sshd[1211]: Received disconnect from 43.255.190.173: 11:  [preauth]
Apr 12 19:43:07 ovzhost sshd[1211]: PAM 2 more authentication failures; logname= uid=0 euid=0 tty=ssh ruser= rhost=43.255.190.173  user=root
Apr 12 19:43:07 ovzhost sshd[1212]: message repeated 2 times: [ Failed password for root from 43.255.190.173 port 50267 ssh2]
Apr 12 19:43:07 ovzhost sshd[1212]: Received disconnect from 43.255.190.173: 11:  [preauth]
Apr 12 19:43:07 ovzhost sshd[1212]: PAM 2 more authentication failures; logname= uid=0 euid=0 tty=ssh ruser= rhost=43.255.190.173  user=root
Apr 12 19:43:08 ovzhost sshd[1217]: pam_unix(sshd:auth): authentication failure; logname= uid=0 euid=0 tty=ssh ruser= rhost=43.255.190.173  user=root
Apr 12 19:43:08 ovzhost sshd[1219]: pam_unix(sshd:auth): authentication failure; logname= uid=0 euid=0 tty=ssh ruser= rhost=43.255.190.173  user=root
Apr 12 19:43:09 ovzhost sshd[1215]: message repeated 2 times: [ Failed password for root from 43.255.190.145 port 52871 ssh2]
Apr 12 19:43:09 ovzhost sshd[1215]: Received disconnect from 43.255.190.145: 11:  [preauth]
Apr 12 19:43:09 ovzhost sshd[1215]: PAM 2 more authentication failures; logname= uid=0 euid=0 tty=ssh ruser= rhost=43.255.190.145  user=root
Apr 12 19:43:10 ovzhost sshd[1217]: Failed password for root from 43.255.190.173 port 38723 ssh2
Apr 12 19:43:10 ovzhost sshd[1219]: Failed password for root from 43.255.190.173 port 38742 ssh2
Apr 12 19:43:10 ovzhost sshd[1221]: pam_unix(sshd:auth): authentication failure; logname= uid=0 euid=0 tty=ssh ruser= rhost=43.255.190.145  user=root
Apr 12 19:43:12 ovzhost sshd[1221]: Failed password for root from 43.255.190.145 port 40238 ssh2
Apr 12 19:43:13 ovzhost sshd[1217]: message repeated 2 times: [ Failed password for root from 43.255.190.173 port 38723 ssh2]
Apr 12 19:43:13 ovzhost sshd[1217]: Received disconnect from 43.255.190.173: 11:  [preauth]
Apr 12 19:43:13 ovzhost sshd[1217]: PAM 2 more authentication failures; logname= uid=0 euid=0 tty=ssh ruser= rhost=43.255.190.173  user=root
Apr 12 19:43:13 ovzhost sshd[1219]: message repeated 2 times: [ Failed password for root from 43.255.190.173 port 38742 ssh2]
Apr 12 19:43:13 ovzhost sshd[1219]: Received disconnect from 43.255.190.173: 11:  [preauth]
Apr 12 19:43:13 ovzhost sshd[1219]: PAM 2 more authentication failures; logname= uid=0 euid=0 tty=ssh ruser= rhost=43.255.190.173  user=root
Apr 12 19:43:14 ovzhost sshd[1223]: pam_unix(sshd:auth): authentication failure; logname= uid=0 euid=0 tty=ssh ruser= rhost=43.255.190.173  user=root
Apr 12 19:43:14 ovzhost sshd[1224]: pam_unix(sshd:auth): authentication failure; logname= uid=0 euid=0 tty=ssh ruser= rhost=43.255.190.173  user=root
Apr 12 19:43:16 ovzhost sshd[1221]: message repeated 2 times: [ Failed password for root from 43.255.190.145 port 40238 ssh2]
Apr 12 19:43:16 ovzhost sshd[1221]: Received disconnect from 43.255.190.145: 11:  [preauth]
Apr 12 19:43:16 ovzhost sshd[1221]: PAM 2 more authentication failures; logname= uid=0 euid=0 tty=ssh ruser= rhost=43.255.190.145  user=root
Apr 12 19:43:16 ovzhost sshd[1224]: Failed password for root from 43.255.190.173 port 52622 ssh2
Apr 12 19:43:16 ovzhost sshd[1223]: Failed password for root from 43.255.190.173 port 52587 ssh2
Apr 12 19:43:17 ovzhost sshd[1227]: pam_unix(sshd:auth): authentication failure; logname= uid=0 euid=0 tty=ssh ruser= rhost=43.255.190.145  user=root
Apr 12 19:43:19 ovzhost sshd[1227]: Failed password for root from 43.255.190.145 port 53456 ssh2
Apr 12 19:43:21 ovzhost sshd[1223]: message repeated 2 times: [ Failed password for root from 43.255.190.173 port 52587 ssh2]
Apr 12 19:43:21 ovzhost sshd[1223]: Received disconnect from 43.255.190.173: 11:  [preauth]
Apr 12 19:43:21 ovzhost sshd[1224]: message repeated 2 times: [ Failed password for root from 43.255.190.173 port 52622 ssh2]
Apr 12 19:43:21 ovzhost sshd[1224]: Received disconnect from 43.255.190.173: 11:  [preauth]
Apr 12 19:43:21 ovzhost sshd[1224]: PAM 2 more authentication failures; logname= uid=0 euid=0 tty=ssh ruser= rhost=43.255.190.173  user=root
Apr 12 19:43:21 ovzhost sshd[1223]: PAM 2 more authentication failures; logname= uid=0 euid=0 tty=ssh ruser= rhost=43.255.190.173  user=root
Apr 12 19:43:21 ovzhost sshd[1230]: pam_unix(sshd:auth): authentication failure; logname= uid=0 euid=0 tty=ssh ruser= rhost=43.255.190.173  user=root
Apr 12 19:43:21 ovzhost sshd[1229]: pam_unix(sshd:auth): authentication failure; logname= uid=0 euid=0 tty=ssh ruser= rhost=43.255.190.173  user=root
Apr 12 19:43:23 ovzhost sshd[1227]: message repeated 2 times: [ Failed password for root from 43.255.190.145 port 53456 ssh2]
Apr 12 19:43:23 ovzhost sshd[1227]: Received disconnect from 43.255.190.145: 11:  [preauth]
Apr 12 19:43:23 ovzhost sshd[1227]: PAM 2 more authentication failures; logname= uid=0 euid=0 tty=ssh ruser= rhost=43.255.190.145  user=root
Apr 12 19:43:24 ovzhost sshd[1230]: Failed password for root from 43.255.190.173 port 39602 ssh2
Apr 12 19:43:24 ovzhost sshd[1229]: Failed password for root from 43.255.190.173 port 39599 ssh2
Apr 12 19:43:24 ovzhost sshd[1233]: pam_unix(sshd:auth): authentication failure; logname= uid=0 euid=0 tty=ssh ruser= rhost=43.255.190.145  user=root
Apr 12 19:43:25 ovzhost sshd[1236]: Connection closed by 127.0.0.1 [preauth]
Apr 12 19:43:26 ovzhost sshd[1233]: Failed password for root from 43.255.190.145 port 39139 ssh2
Apr 12 19:43:28 ovzhost sshd[1229]: message repeated 2 times: [ Failed password for root from 43.255.190.173 port 39599 ssh2]
Apr 12 19:43:28 ovzhost sshd[1229]: Received disconnect from 43.255.190.173: 11:  [preauth]
Apr 12 19:43:28 ovzhost sshd[1230]: message repeated 2 times: [ Failed password for root from 43.255.190.173 port 39602 ssh2]
Apr 12 19:43:28 ovzhost sshd[1230]: Received disconnect from 43.255.190.173: 11:  [preauth]
Apr 12 19:43:28 ovzhost sshd[1230]: PAM 2 more authentication failures; logname= uid=0 euid=0 tty=ssh ruser= rhost=43.255.190.173  user=root
Apr 12 19:43:28 ovzhost sshd[1229]: PAM 2 more authentication failures; logname= uid=0 euid=0 tty=ssh ruser= rhost=43.255.190.173  user=root
Apr 12 19:43:29 ovzhost sshd[1238]: pam_unix(sshd:auth): authentication failure; logname= uid=0 euid=0 tty=ssh ruser= rhost=43.255.190.173  user=root
Apr 12 19:43:29 ovzhost sshd[1239]: pam_unix(sshd:auth): authentication failure; logname= uid=0 euid=0 tty=ssh ruser= rhost=43.255.190.173  user=root
Apr 12 19:43:31 ovzhost sshd[1233]: message repeated 2 times: [ Failed password for root from 43.255.190.145 port 39139 ssh2]
Apr 12 19:43:31 ovzhost sshd[1233]: Received disconnect from 43.255.190.145: 11:  [preauth]
Apr 12 19:43:31 ovzhost sshd[1233]: PAM 2 more authentication failures; logname= uid=0 euid=0 tty=ssh ruser= rhost=43.255.190.145  user=root
Apr 12 19:43:31 ovzhost sshd[1238]: Failed password for root from 43.255.190.173 port 55601 ssh2
Apr 12 19:43:31 ovzhost sshd[1239]: Failed password for root from 43.255.190.173 port 55603 ssh2
Apr 12 19:43:32 ovzhost sshd[1242]: pam_unix(sshd:auth): authentication failure; logname= uid=0 euid=0 tty=ssh ruser= rhost=43.255.190.145  user=root
Apr 12 19:43:34 ovzhost sshd[1242]: Failed password for root from 43.255.190.145 port 54768 ssh2
Apr 12 19:43:36 ovzhost sshd[1238]: message repeated 2 times: [ Failed password for root from 43.255.190.173 port 55601 ssh2]
Apr 12 19:43:36 ovzhost sshd[1238]: Received disconnect from 43.255.190.173: 11:  [preauth]
Apr 12 19:43:36 ovzhost sshd[1238]: PAM 2 more authentication failures; logname= uid=0 euid=0 tty=ssh ruser= rhost=43.255.190.173  user=root
Apr 12 19:43:36 ovzhost sshd[1239]: message repeated 2 times: [ Failed password for root from 43.255.190.173 port 55603 ssh2]
Apr 12 19:43:36 ovzhost sshd[1239]: Received disconnect from 43.255.190.173: 11:  [preauth]
Apr 12 19:43:36 ovzhost sshd[1239]: PAM 2 more authentication failures; logname= uid=0 euid=0 tty=ssh ruser= rhost=43.255.190.173  user=root
Apr 12 19:43:36 ovzhost sshd[1244]: pam_unix(sshd:auth): authentication failure; logname= uid=0 euid=0 tty=ssh ruser= rhost=43.255.190.173  user=root
Apr 12 19:43:36 ovzhost sshd[1245]: pam_unix(sshd:auth): authentication failure; logname= uid=0 euid=0 tty=ssh ruser= rhost=43.255.190.173  user=root
Apr 12 19:43:38 ovzhost sshd[1244]: Failed password for root from 43.255.190.173 port 41951 ssh2
Apr 12 19:43:38 ovzhost sshd[1245]: Failed password for root from 43.255.190.173 port 41964 ssh2
Apr 12 19:43:38 ovzhost sshd[1242]: message repeated 2 times: [ Failed password for root from 43.255.190.145 port 54768 ssh2]
Apr 12 19:43:39 ovzhost sshd[1242]: Received disconnect from 43.255.190.145: 11:  [preauth]
Apr 12 19:43:39 ovzhost sshd[1242]: PAM 2 more authentication failures; logname= uid=0 euid=0 tty=ssh ruser= rhost=43.255.190.145  user=root
Apr 12 19:43:39 ovzhost sshd[1248]: pam_unix(sshd:auth): authentication failure; logname= uid=0 euid=0 tty=ssh ruser= rhost=43.255.190.145  user=root
Apr 12 19:43:41 ovzhost sshd[1248]: Failed password for root from 43.255.190.145 port 40373 ssh2
Apr 12 19:43:43 ovzhost sshd[1244]: message repeated 2 times: [ Failed password for root from 43.255.190.173 port 41951 ssh2]
Apr 12 19:43:43 ovzhost sshd[1244]: Received disconnect from 43.255.190.173: 11:  [preauth]
Apr 12 19:43:43 ovzhost sshd[1244]: PAM 2 more authentication failures; logname= uid=0 euid=0 tty=ssh ruser= rhost=43.255.190.173  user=root
Apr 12 19:43:43 ovzhost sshd[1245]: message repeated 2 times: [ Failed password for root from 43.255.190.173 port 41964 ssh2]
Apr 12 19:43:43 ovzhost sshd[1245]: Received disconnect from 43.255.190.173: 11:  [preauth]
Apr 12 19:43:43 ovzhost sshd[1245]: PAM 2 more authentication failures; logname= uid=0 euid=0 tty=ssh ruser= rhost=43.255.190.173  user=root
Apr 12 19:43:44 ovzhost sshd[1250]: pam_unix(sshd:auth): authentication failure; logname= uid=0 euid=0 tty=ssh ruser= rhost=43.255.190.173  user=root
Apr 12 19:43:44 ovzhost sshd[1252]: pam_unix(sshd:auth): authentication failure; logname= uid=0 euid=0 tty=ssh ruser= rhost=43.255.190.173  user=root
Apr 12 19:43:46 ovzhost sshd[1248]: message repeated 2 times: [ Failed password for root from 43.255.190.145 port 40373 ssh2]
Apr 12 19:43:46 ovzhost sshd[1248]: Received disconnect from 43.255.190.145: 11:  [preauth]
Apr 12 19:43:46 ovzhost sshd[1248]: PAM 2 more authentication failures; logname= uid=0 euid=0 tty=ssh ruser= rhost=43.255.190.145  user=root
Apr 12 19:43:46 ovzhost sshd[1250]: Failed password for root from 43.255.190.173 port 57982 ssh2
Apr 12 19:43:46 ovzhost sshd[1252]: Failed password for root from 43.255.190.173 port 57998 ssh2
Apr 12 19:43:47 ovzhost sshd[1254]: pam_unix(sshd:auth): authentication failure; logname= uid=0 euid=0 tty=ssh ruser= rhost=43.255.190.145  user=root
Apr 12 19:43:48 ovzhost sshd[1254]: Failed password for root from 43.255.190.145 port 55232 ssh2
Apr 12 19:43:51 ovzhost sshd[1250]: message repeated 2 times: [ Failed password for root from 43.255.190.173 port 57982 ssh2]
Apr 12 19:43:51 ovzhost sshd[1250]: Received disconnect from 43.255.190.173: 11:  [preauth]
Apr 12 19:43:51 ovzhost sshd[1250]: PAM 2 more authentication failures; logname= uid=0 euid=0 tty=ssh ruser= rhost=43.255.190.173  user=root
Apr 12 19:43:51 ovzhost sshd[1252]: message repeated 2 times: [ Failed password for root from 43.255.190.173 port 57998 ssh2]
Apr 12 19:43:51 ovzhost sshd[1252]: Received disconnect from 43.255.190.173: 11:  [preauth]
Apr 12 19:43:51 ovzhost sshd[1252]: PAM 2 more authentication failures; logname= uid=0 euid=0 tty=ssh ruser= rhost=43.255.190.173  user=root
Apr 12 19:43:52 ovzhost sshd[1257]: pam_unix(sshd:auth): authentication failure; logname= uid=0 euid=0 tty=ssh ruser= rhost=43.255.190.173  user=root
Apr 12 19:43:52 ovzhost sshd[1256]: pam_unix(sshd:auth): authentication failure; logname= uid=0 euid=0 tty=ssh ruser= rhost=43.255.190.173  user=root
Apr 12 19:43:53 ovzhost sshd[1254]: message repeated 2 times: [ Failed password for root from 43.255.190.145 port 55232 ssh2]
Apr 12 19:43:53 ovzhost sshd[1254]: Received disconnect from 43.255.190.145: 11:  [preauth]
Apr 12 19:43:53 ovzhost sshd[1254]: PAM 2 more authentication failures; logname= uid=0 euid=0 tty=ssh ruser= rhost=43.255.190.145  user=root
Apr 12 19:43:53 ovzhost sshd[1260]: pam_unix(sshd:auth): authentication failure; logname= uid=0 euid=0 tty=ssh ruser= rhost=43.255.190.145  user=root
Apr 12 19:43:53 ovzhost sshd[1256]: Failed password for root from 43.255.190.173 port 45961 ssh2
Apr 12 19:43:53 ovzhost sshd[1257]: Failed password for root from 43.255.190.173 port 45983 ssh2
Apr 12 19:43:56 ovzhost sshd[1260]: Failed password for root from 43.255.190.145 port 39584 ssh2
Apr 12 19:43:58 ovzhost sshd[1256]: message repeated 2 times: [ Failed password for root from 43.255.190.173 port 45961 ssh2]
Apr 12 19:43:58 ovzhost sshd[1256]: Received disconnect from 43.255.190.173: 11:  [preauth]
Apr 12 19:43:58 ovzhost sshd[1256]: PAM 2 more authentication failures; logname= uid=0 euid=0 tty=ssh ruser= rhost=43.255.190.173  user=root
Apr 12 19:43:58 ovzhost sshd[1257]: message repeated 2 times: [ Failed password for root from 43.255.190.173 port 45983 ssh2]
Apr 12 19:43:58 ovzhost sshd[1257]: Received disconnect from 43.255.190.173: 11:  [preauth]
Apr 12 19:43:58 ovzhost sshd[1257]: PAM 2 more authentication failures; logname= uid=0 euid=0 tty=ssh ruser= rhost=43.255.190.173  user=root
Apr 12 19:43:58 ovzhost sshd[1264]: pam_unix(sshd:auth): authentication failure; logname= uid=0 euid=0 tty=ssh ruser= rhost=43.255.190.173  user=root
Apr 12 19:43:58 ovzhost sshd[1266]: pam_unix(sshd:auth): authentication failure; logname= uid=0 euid=0 tty=ssh ruser= rhost=43.255.190.173  user=root
Apr 12 19:43:59 ovzhost sshd[1260]: message repeated 2 times: [ Failed password for root from 43.255.190.145 port 39584 ssh2]
Apr 12 19:43:59 ovzhost sshd[1260]: Received disconnect from 43.255.190.145: 11:  [preauth]
Apr 12 19:43:59 ovzhost sshd[1260]: PAM 2 more authentication failures; logname= uid=0 euid=0 tty=ssh ruser= rhost=43.255.190.145  user=root
Apr 12 19:44:00 ovzhost sshd[1268]: pam_unix(sshd:auth): authentication failure; logname= uid=0 euid=0 tty=ssh ruser= rhost=43.255.190.145  user=root
Apr 12 19:44:00 ovzhost sshd[1264]: Failed password for root from 43.255.190.173 port 59953 ssh2
Apr 12 19:44:00 ovzhost sshd[1266]: Failed password for root from 43.255.190.173 port 59973 ssh2
Apr 12 19:44:03 ovzhost sshd[1268]: Failed password for root from 43.255.190.145 port 53518 ssh2
Apr 12 19:44:05 ovzhost sshd[1264]: message repeated 2 times: [ Failed password for root from 43.255.190.173 port 59953 ssh2]
Apr 12 19:44:05 ovzhost sshd[1264]: Received disconnect from 43.255.190.173: 11:  [preauth]
Apr 12 19:44:05 ovzhost sshd[1264]: PAM 2 more authentication failures; logname= uid=0 euid=0 tty=ssh ruser= rhost=43.255.190.173  user=root
Apr 12 19:44:05 ovzhost sshd[1266]: message repeated 2 times: [ Failed password for root from 43.255.190.173 port 59973 ssh2]
Apr 12 19:44:05 ovzhost sshd[1266]: Received disconnect from 43.255.190.173: 11:  [preauth]
Apr 12 19:44:05 ovzhost sshd[1266]: PAM 2 more authentication failures; logname= uid=0 euid=0 tty=ssh ruser= rhost=43.255.190.173  user=root
Apr 12 19:44:05 ovzhost sshd[1270]: pam_unix(sshd:auth): authentication failure; logname= uid=0 euid=0 tty=ssh ruser= rhost=43.255.190.173  user=root
Apr 12 19:44:05 ovzhost sshd[1271]: pam_unix(sshd:auth): authentication failure; logname= uid=0 euid=0 tty=ssh ruser= rhost=43.255.190.173  user=root
Apr 12 19:44:07 ovzhost sshd[1268]: message repeated 2 times: [ Failed password for root from 43.255.190.145 port 53518 ssh2]
Apr 12 19:44:07 ovzhost sshd[1268]: Received disconnect from 43.255.190.145: 11:  [preauth]
Apr 12 19:44:07 ovzhost sshd[1268]: PAM 2 more authentication failures; logname= uid=0 euid=0 tty=ssh ruser= rhost=43.255.190.145  user=root
Apr 12 19:44:08 ovzhost sshd[1274]: pam_unix(sshd:auth): authentication failure; logname= uid=0 euid=0 tty=ssh ruser= rhost=43.255.190.145  user=root
Apr 12 19:44:08 ovzhost sshd[1270]: Failed password for root from 43.255.190.173 port 47235 ssh2
Apr 12 19:44:08 ovzhost sshd[1271]: Failed password for root from 43.255.190.173 port 47251 ssh2
Apr 12 19:44:09 ovzhost sshd[1274]: Failed password for root from 43.255.190.145 port 41584 ssh2
Apr 12 19:44:11 ovzhost sshd[1270]: message repeated 2 times: [ Failed password for root from 43.255.190.173 port 47235 ssh2]
Apr 12 19:44:11 ovzhost sshd[1270]: Received disconnect from 43.255.190.173: 11:  [preauth]
Apr 12 19:44:11 ovzhost sshd[1270]: PAM 2 more authentication failures; logname= uid=0 euid=0 tty=ssh ruser= rhost=43.255.190.173  user=root
Apr 12 19:44:11 ovzhost sshd[1271]: message repeated 2 times: [ Failed password for root from 43.255.190.173 port 47251 ssh2]
Apr 12 19:44:11 ovzhost sshd[1271]: Received disconnect from 43.255.190.173: 11:  [preauth]
Apr 12 19:44:11 ovzhost sshd[1271]: PAM 2 more authentication failures; logname= uid=0 euid=0 tty=ssh ruser= rhost=43.255.190.173  user=root
Apr 12 19:44:12 ovzhost sshd[1276]: pam_unix(sshd:auth): authentication failure; logname= uid=0 euid=0 tty=ssh ruser= rhost=43.255.190.173  user=root
Apr 12 19:44:12 ovzhost sshd[1278]: pam_unix(sshd:auth): authentication failure; logname= uid=0 euid=0 tty=ssh ruser= rhost=43.255.190.173  user=root
Apr 12 19:44:13 ovzhost sshd[1274]: message repeated 2 times: [ Failed password for root from 43.255.190.145 port 41584 ssh2]
Apr 12 19:44:13 ovzhost sshd[1274]: Received disconnect from 43.255.190.145: 11:  [preauth]
Apr 12 19:44:13 ovzhost sshd[1274]: PAM 2 more authentication failures; logname= uid=0 euid=0 tty=ssh ruser= rhost=43.255.190.145  user=root
Apr 12 19:44:14 ovzhost sshd[1280]: pam_unix(sshd:auth): authentication failure; logname= uid=0 euid=0 tty=ssh ruser= rhost=43.255.190.145  user=root
Apr 12 19:44:15 ovzhost sshd[1276]: Failed password for root from 43.255.190.173 port 60902 ssh2
Apr 12 19:44:15 ovzhost sshd[1278]: Failed password for root from 43.255.190.173 port 60927 ssh2
Apr 12 19:44:16 ovzhost sshd[1280]: Failed password for root from 43.255.190.145 port 54956 ssh2
Apr 12 19:44:19 ovzhost sshd[1276]: message repeated 2 times: [ Failed password for root from 43.255.190.173 port 60902 ssh2]
Apr 12 19:44:19 ovzhost sshd[1276]: Received disconnect from 43.255.190.173: 11:  [preauth]
Apr 12 19:44:19 ovzhost sshd[1276]: PAM 2 more authentication failures; logname= uid=0 euid=0 tty=ssh ruser= rhost=43.255.190.173  user=root
Apr 12 19:44:19 ovzhost sshd[1278]: message repeated 2 times: [ Failed password for root from 43.255.190.173 port 60927 ssh2]
Apr 12 19:44:19 ovzhost sshd[1278]: Received disconnect from 43.255.190.173: 11:  [preauth]
Apr 12 19:44:19 ovzhost sshd[1278]: PAM 2 more authentication failures; logname= uid=0 euid=0 tty=ssh ruser= rhost=43.255.190.173  user=root
Apr 12 19:44:20 ovzhost sshd[1282]: pam_unix(sshd:auth): authentication failure; logname= uid=0 euid=0 tty=ssh ruser= rhost=43.255.190.173  user=root
Apr 12 19:44:20 ovzhost sshd[1283]: pam_unix(sshd:auth): authentication failure; logname= uid=0 euid=0 tty=ssh ruser= rhost=43.255.190.173  user=root
Apr 12 19:44:21 ovzhost sshd[1280]: message repeated 2 times: [ Failed password for root from 43.255.190.145 port 54956 ssh2]
Apr 12 19:44:21 ovzhost sshd[1280]: Received disconnect from 43.255.190.145: 11:  [preauth]
Apr 12 19:44:21 ovzhost sshd[1280]: PAM 2 more authentication failures; logname= uid=0 euid=0 tty=ssh ruser= rhost=43.255.190.145  user=root
Apr 12 19:44:21 ovzhost sshd[1286]: pam_unix(sshd:auth): authentication failure; logname= uid=0 euid=0 tty=ssh ruser= rhost=43.255.190.145  user=root
Apr 12 19:44:21 ovzhost sshd[1282]: Failed password for root from 43.255.190.173 port 49380 ssh2
Apr 12 19:44:21 ovzhost sshd[1283]: Failed password for root from 43.255.190.173 port 49390 ssh2
Apr 12 19:44:23 ovzhost sshd[1286]: Failed password for root from 43.255.190.145 port 42838 ssh2
Apr 12 19:44:25 ovzhost sshd[1282]: message repeated 2 times: [ Failed password for root from 43.255.190.173 port 49380 ssh2]
Apr 12 19:44:25 ovzhost sshd[1282]: Received disconnect from 43.255.190.173: 11:  [preauth]
Apr 12 19:44:25 ovzhost sshd[1282]: PAM 2 more authentication failures; logname= uid=0 euid=0 tty=ssh ruser= rhost=43.255.190.173  user=root
Apr 12 19:44:25 ovzhost sshd[1283]: message repeated 2 times: [ Failed password for root from 43.255.190.173 port 49390 ssh2]
Apr 12 19:44:25 ovzhost sshd[1283]: Received disconnect from 43.255.190.173: 11:  [preauth]
Apr 12 19:44:25 ovzhost sshd[1283]: PAM 2 more authentication failures; logname= uid=0 euid=0 tty=ssh ruser= rhost=43.255.190.173  user=root
Apr 12 19:44:26 ovzhost sshd[1288]: pam_unix(sshd:auth): authentication failure; logname= uid=0 euid=0 tty=ssh ruser= rhost=43.255.190.173  user=root
Apr 12 19:44:26 ovzhost sshd[1290]: pam_unix(sshd:auth): authentication failure; logname= uid=0 euid=0 tty=ssh ruser= rhost=43.255.190.173  user=root
Apr 12 19:44:27 ovzhost sshd[1286]: message repeated 2 times: [ Failed password for root from 43.255.190.145 port 42838 ssh2]
Apr 12 19:44:27 ovzhost sshd[1286]: Received disconnect from 43.255.190.145: 11:  [preauth]
Apr 12 19:44:27 ovzhost sshd[1286]: PAM 2 more authentication failures; logname= uid=0 euid=0 tty=ssh ruser= rhost=43.255.190.145  user=root
Apr 12 19:44:27 ovzhost sshd[1292]: pam_unix(sshd:auth): authentication failure; logname= uid=0 euid=0 tty=ssh ruser= rhost=43.255.190.145  user=root
Apr 12 19:44:28 ovzhost sshd[1288]: Failed password for root from 43.255.190.173 port 35235 ssh2
Apr 12 19:44:28 ovzhost sshd[1290]: Failed password for root from 43.255.190.173 port 35572 ssh2
Apr 12 19:44:30 ovzhost sshd[1292]: Failed password for root from 43.255.190.145 port 57235 ssh2
Apr 12 19:44:32 ovzhost sshd[1288]: message repeated 2 times: [ Failed password for root from 43.255.190.173 port 35235 ssh2]
Apr 12 19:44:32 ovzhost sshd[1288]: Received disconnect from 43.255.190.173: 11:  [preauth]
Apr 12 19:44:32 ovzhost sshd[1288]: PAM 2 more authentication failures; logname= uid=0 euid=0 tty=ssh ruser= rhost=43.255.190.173  user=root
Apr 12 19:44:32 ovzhost sshd[1290]: message repeated 2 times: [ Failed password for root from 43.255.190.173 port 35572 ssh2]
Apr 12 19:44:33 ovzhost sshd[1290]: Received disconnect from 43.255.190.173: 11:  [preauth]
Apr 12 19:44:33 ovzhost sshd[1290]: PAM 2 more authentication failures; logname= uid=0 euid=0 tty=ssh ruser= rhost=43.255.190.173  user=root
Apr 12 19:44:33 ovzhost sshd[1294]: pam_unix(sshd:auth): authentication failure; logname= uid=0 euid=0 tty=ssh ruser= rhost=43.255.190.173  user=root
Apr 12 19:44:33 ovzhost sshd[1296]: pam_unix(sshd:auth): authentication failure; logname= uid=0 euid=0 tty=ssh ruser= rhost=43.255.190.173  user=root
Apr 12 19:44:34 ovzhost sshd[1292]: message repeated 2 times: [ Failed password for root from 43.255.190.145 port 57235 ssh2]
Apr 12 19:44:34 ovzhost sshd[1292]: Received disconnect from 43.255.190.145: 11:  [preauth]
Apr 12 19:44:34 ovzhost sshd[1292]: PAM 2 more authentication failures; logname= uid=0 euid=0 tty=ssh ruser= rhost=43.255.190.145  user=root
Apr 12 19:44:34 ovzhost sshd[1294]: Failed password for root from 43.255.190.173 port 50373 ssh2
Apr 12 19:44:34 ovzhost sshd[1298]: pam_unix(sshd:auth): authentication failure; logname= uid=0 euid=0 tty=ssh ruser= rhost=43.255.190.145  user=root
Apr 12 19:44:35 ovzhost sshd[1296]: Failed password for root from 43.255.190.173 port 50749 ssh2
Apr 12 19:44:36 ovzhost sshd[1298]: Failed password for root from 43.255.190.145 port 44353 ssh2
Apr 12 19:44:39 ovzhost sshd[1294]: message repeated 2 times: [ Failed password for root from 43.255.190.173 port 50373 ssh2]
Apr 12 19:44:39 ovzhost sshd[1294]: Received disconnect from 43.255.190.173: 11:  [preauth]
Apr 12 19:44:39 ovzhost sshd[1294]: PAM 2 more authentication failures; logname= uid=0 euid=0 tty=ssh ruser= rhost=43.255.190.173  user=root
Apr 12 19:44:40 ovzhost sshd[1300]: pam_unix(sshd:auth): authentication failure; logname= uid=0 euid=0 tty=ssh ruser= rhost=43.255.190.173  user=root
Apr 12 19:44:40 ovzhost sshd[1296]: message repeated 2 times: [ Failed password for root from 43.255.190.173 port 50749 ssh2]
Apr 12 19:44:40 ovzhost sshd[1296]: Received disconnect from 43.255.190.173: 11:  [preauth]
Apr 12 19:44:40 ovzhost sshd[1296]: PAM 2 more authentication failures; logname= uid=0 euid=0 tty=ssh ruser= rhost=43.255.190.173  user=root
Apr 12 19:44:41 ovzhost sshd[1300]: Failed password for root from 43.255.190.173 port 36284 ssh2
Apr 12 19:44:41 ovzhost sshd[1298]: message repeated 2 times: [ Failed password for root from 43.255.190.145 port 44353 ssh2]
Apr 12 19:44:41 ovzhost sshd[1298]: Received disconnect from 43.255.190.145: 11:  [preauth]
Apr 12 19:44:41 ovzhost sshd[1298]: PAM 2 more authentication failures; logname= uid=0 euid=0 tty=ssh ruser= rhost=43.255.190.145  user=root
Apr 12 19:44:42 ovzhost sshd[1302]: pam_unix(sshd:auth): authentication failure; logname= uid=0 euid=0 tty=ssh ruser= rhost=43.255.190.145  user=root
Apr 12 19:44:44 ovzhost sshd[1302]: Failed password for root from 43.255.190.145 port 33517 ssh2
Apr 12 19:44:45 ovzhost sshd[1300]: message repeated 2 times: [ Failed password for root from 43.255.190.173 port 36284 ssh2]
Apr 12 19:44:45 ovzhost sshd[1300]: Received disconnect from 43.255.190.173: 11:  [preauth]
Apr 12 19:44:45 ovzhost sshd[1300]: PAM 2 more authentication failures; logname= uid=0 euid=0 tty=ssh ruser= rhost=43.255.190.173  user=root
Apr 12 19:44:48 ovzhost sshd[1302]: message repeated 2 times: [ Failed password for root from 43.255.190.145 port 33517 ssh2]
Apr 12 19:44:48 ovzhost sshd[1302]: Received disconnect from 43.255.190.145: 11:  [preauth]
Apr 12 19:44:48 ovzhost sshd[1302]: PAM 2 more authentication failures; logname= uid=0 euid=0 tty=ssh ruser= rhost=43.255.190.145  user=root
Apr 12 19:47:21 ovzhost sshd[1313]: Invalid user accounting from 80.242.123.130
Apr 12 19:47:21 ovzhost sshd[1313]: input_userauth_request: invalid user accounting [preauth]
Apr 12 19:47:21 ovzhost sshd[1313]: pam_unix(sshd:auth): check pass; user unknown
Apr 12 19:47:21 ovzhost sshd[1313]: pam_unix(sshd:auth): authentication failure; logname= uid=0 euid=0 tty=ssh ruser= rhost=130-123-242-80.pppoe.dyn.broadband.blic.net 
Apr 12 19:47:23 ovzhost sshd[1313]: Failed password for invalid user accounting from 80.242.123.130 port 46552 ssh2
Apr 12 19:47:23 ovzhost sshd[1313]: Received disconnect from 80.242.123.130: 11: Bye Bye [preauth]
Apr 12 19:48:25 ovzhost sshd[1322]: Connection closed by 127.0.0.1 [preauth]
Apr 12 19:50:30 ovzhost sshd[1331]: Connection closed by 128.8.37.104 [preauth]
Apr 12 19:53:25 ovzhost sshd[1347]: Connection closed by 127.0.0.1 [preauth]
Apr 12 19:58:25 ovzhost sshd[1367]: Connection closed by 127.0.0.1 [preauth]
Apr 12 20:00:01 ovzhost CRON[1375]: pam_env(cron:session): Unable to open env file: /etc/default/locale: No such file or directory
Apr 12 20:00:01 ovzhost CRON[1375]: pam_unix(cron:session): session opened for user smmsp by (uid=0)
Apr 12 20:00:01 ovzhost CRON[1375]: pam_unix(cron:session): session closed for user smmsp
Apr 12 20:00:30 ovzhost sshd[1402]: Connection closed by 128.8.37.104 [preauth]
Apr 12 20:00:50 ovzhost sshd[1405]: pam_unix(sshd:auth): authentication failure; logname= uid=0 euid=0 tty=ssh ruser= rhost=43.255.190.176  user=root
Apr 12 20:00:50 ovzhost sshd[1407]: pam_unix(sshd:auth): authentication failure; logname= uid=0 euid=0 tty=ssh ruser= rhost=43.255.190.117  user=root
Apr 12 20:00:50 ovzhost sshd[1409]: pam_unix(sshd:auth): authentication failure; logname= uid=0 euid=0 tty=ssh ruser= rhost=43.255.190.170  user=root
Apr 12 20:00:52 ovzhost sshd[1405]: Failed password for root from 43.255.190.176 port 35042 ssh2
Apr 12 20:00:52 ovzhost sshd[1407]: Failed password for root from 43.255.190.117 port 43946 ssh2
Apr 12 20:00:53 ovzhost sshd[1409]: Failed password for root from 43.255.190.170 port 41116 ssh2
Apr 12 20:00:56 ovzhost sshd[1413]: pam_unix(sshd:auth): authentication failure; logname= uid=0 euid=0 tty=ssh ruser= rhost=43.255.190.121  user=root
Apr 12 20:00:57 ovzhost sshd[1405]: message repeated 2 times: [ Failed password for root from 43.255.190.176 port 35042 ssh2]
Apr 12 20:00:57 ovzhost sshd[1405]: Received disconnect from 43.255.190.176: 11:  [preauth]
Apr 12 20:00:57 ovzhost sshd[1405]: PAM 2 more authentication failures; logname= uid=0 euid=0 tty=ssh ruser= rhost=43.255.190.176  user=root
Apr 12 20:00:57 ovzhost sshd[1413]: Failed password for root from 43.255.190.121 port 33903 ssh2
Apr 12 20:00:57 ovzhost sshd[1407]: message repeated 2 times: [ Failed password for root from 43.255.190.117 port 43946 ssh2]
Apr 12 20:00:57 ovzhost sshd[1407]: Received disconnect from 43.255.190.117: 11:  [preauth]
Apr 12 20:00:57 ovzhost sshd[1407]: PAM 2 more authentication failures; logname= uid=0 euid=0 tty=ssh ruser= rhost=43.255.190.117  user=root
Apr 12 20:00:57 ovzhost sshd[1409]: message repeated 2 times: [ Failed password for root from 43.255.190.170 port 41116 ssh2]
Apr 12 20:00:57 ovzhost sshd[1409]: Received disconnect from 43.255.190.170: 11:  [preauth]
Apr 12 20:00:57 ovzhost sshd[1409]: PAM 2 more authentication failures; logname= uid=0 euid=0 tty=ssh ruser= rhost=43.255.190.170  user=root
Apr 12 20:00:57 ovzhost sshd[1415]: pam_unix(sshd:auth): authentication failure; logname= uid=0 euid=0 tty=ssh ruser= rhost=43.255.190.176  user=root
Apr 12 20:00:58 ovzhost sshd[1418]: pam_unix(sshd:auth): authentication failure; logname= uid=0 euid=0 tty=ssh ruser= rhost=43.255.190.170  user=root
Apr 12 20:00:58 ovzhost sshd[1417]: pam_unix(sshd:auth): authentication failure; logname= uid=0 euid=0 tty=ssh ruser= rhost=43.255.190.117  user=root
Apr 12 20:01:00 ovzhost sshd[1415]: Failed password for root from 43.255.190.176 port 53864 ssh2
Apr 12 20:01:00 ovzhost sshd[1418]: Failed password for root from 43.255.190.170 port 56436 ssh2
Apr 12 20:01:00 ovzhost sshd[1417]: Failed password for root from 43.255.190.117 port 59762 ssh2
Apr 12 20:01:01 ovzhost sshd[1413]: message repeated 2 times: [ Failed password for root from 43.255.190.121 port 33903 ssh2]
Apr 12 20:01:02 ovzhost sshd[1413]: Received disconnect from 43.255.190.121: 11:  [preauth]
Apr 12 20:01:02 ovzhost sshd[1413]: PAM 2 more authentication failures; logname= uid=0 euid=0 tty=ssh ruser= rhost=43.255.190.121  user=root
Apr 12 20:01:02 ovzhost sshd[1423]: pam_unix(sshd:auth): authentication failure; logname= uid=0 euid=0 tty=ssh ruser= rhost=43.255.190.121  user=root
Apr 12 20:01:02 ovzhost sshd[1425]: pam_unix(sshd:auth): authentication failure; logname= uid=0 euid=0 tty=ssh ruser= rhost=43.255.190.176  user=root
Apr 12 20:01:04 ovzhost sshd[1415]: message repeated 2 times: [ Failed password for root from 43.255.190.176 port 53864 ssh2]
Apr 12 20:01:04 ovzhost sshd[1415]: Received disconnect from 43.255.190.176: 11:  [preauth]
Apr 12 20:01:04 ovzhost sshd[1415]: PAM 2 more authentication failures; logname= uid=0 euid=0 tty=ssh ruser= rhost=43.255.190.176  user=root
Apr 12 20:01:04 ovzhost sshd[1423]: Failed password for root from 43.255.190.121 port 47151 ssh2
Apr 12 20:01:04 ovzhost sshd[1425]: Failed password for root from 43.255.190.176 port 37472 ssh2
Apr 12 20:01:04 ovzhost sshd[1427]: pam_unix(sshd:auth): authentication failure; logname= uid=0 euid=0 tty=ssh ruser= rhost=43.255.190.176  user=root
Apr 12 20:01:04 ovzhost sshd[1418]: message repeated 2 times: [ Failed password for root from 43.255.190.170 port 56436 ssh2]
Apr 12 20:01:04 ovzhost sshd[1418]: Received disconnect from 43.255.190.170: 11:  [preauth]
Apr 12 20:01:04 ovzhost sshd[1418]: PAM 2 more authentication failures; logname= uid=0 euid=0 tty=ssh ruser= rhost=43.255.190.170  user=root
Apr 12 20:01:04 ovzhost sshd[1417]: message repeated 2 times: [ Failed password for root from 43.255.190.117 port 59762 ssh2]
Apr 12 20:01:04 ovzhost sshd[1417]: Received disconnect from 43.255.190.117: 11:  [preauth]
Apr 12 20:01:04 ovzhost sshd[1417]: PAM 2 more authentication failures; logname= uid=0 euid=0 tty=ssh ruser= rhost=43.255.190.117  user=root
Apr 12 20:01:05 ovzhost sshd[1429]: pam_unix(sshd:auth): authentication failure; logname= uid=0 euid=0 tty=ssh ruser= rhost=43.255.190.170  user=root
Apr 12 20:01:05 ovzhost sshd[1431]: pam_unix(sshd:auth): authentication failure; logname= uid=0 euid=0 tty=ssh ruser= rhost=43.255.190.117  user=root
Apr 12 20:01:06 ovzhost sshd[1427]: Failed password for root from 43.255.190.176 port 43383 ssh2
Apr 12 20:01:07 ovzhost sshd[1429]: Failed password for root from 43.255.190.170 port 44554 ssh2
Apr 12 20:01:07 ovzhost sshd[1431]: Failed password for root from 43.255.190.117 port 46332 ssh2
Apr 12 20:01:09 ovzhost sshd[1423]: message repeated 2 times: [ Failed password for root from 43.255.190.121 port 47151 ssh2]
Apr 12 20:01:09 ovzhost sshd[1423]: Received disconnect from 43.255.190.121: 11:  [preauth]
Apr 12 20:01:09 ovzhost sshd[1423]: PAM 2 more authentication failures; logname= uid=0 euid=0 tty=ssh ruser= rhost=43.255.190.121  user=root
Apr 12 20:01:09 ovzhost sshd[1425]: message repeated 2 times: [ Failed password for root from 43.255.190.176 port 37472 ssh2]
Apr 12 20:01:09 ovzhost sshd[1425]: Received disconnect from 43.255.190.176: 11:  [preauth]
Apr 12 20:01:09 ovzhost sshd[1425]: PAM 2 more authentication failures; logname= uid=0 euid=0 tty=ssh ruser= rhost=43.255.190.176  user=root
Apr 12 20:01:10 ovzhost sshd[1433]: pam_unix(sshd:auth): authentication failure; logname= uid=0 euid=0 tty=ssh ruser= rhost=43.255.190.121  user=root
Apr 12 20:01:10 ovzhost sshd[1435]: pam_unix(sshd:auth): authentication failure; logname= uid=0 euid=0 tty=ssh ruser= rhost=43.255.190.176  user=root
Apr 12 20:01:11 ovzhost sshd[1427]: message repeated 2 times: [ Failed password for root from 43.255.190.176 port 43383 ssh2]
Apr 12 20:01:11 ovzhost sshd[1427]: Received disconnect from 43.255.190.176: 11:  [preauth]
Apr 12 20:01:11 ovzhost sshd[1427]: PAM 2 more authentication failures; logname= uid=0 euid=0 tty=ssh ruser= rhost=43.255.190.176  user=root
Apr 12 20:01:12 ovzhost sshd[1433]: Failed password for root from 43.255.190.121 port 34165 ssh2
Apr 12 20:01:12 ovzhost sshd[1429]: message repeated 2 times: [ Failed password for root from 43.255.190.170 port 44554 ssh2]
Apr 12 20:01:12 ovzhost sshd[1429]: Received disconnect from 43.255.190.170: 11:  [preauth]
Apr 12 20:01:12 ovzhost sshd[1429]: PAM 2 more authentication failures; logname= uid=0 euid=0 tty=ssh ruser= rhost=43.255.190.170  user=root
Apr 12 20:01:12 ovzhost sshd[1431]: message repeated 2 times: [ Failed password for root from 43.255.190.117 port 46332 ssh2]
Apr 12 20:01:12 ovzhost sshd[1431]: Received disconnect from 43.255.190.117: 11:  [preauth]
Apr 12 20:01:12 ovzhost sshd[1431]: PAM 2 more authentication failures; logname= uid=0 euid=0 tty=ssh ruser= rhost=43.255.190.117  user=root
Apr 12 20:01:12 ovzhost sshd[1435]: Failed password for root from 43.255.190.176 port 56997 ssh2
Apr 12 20:01:12 ovzhost sshd[1437]: pam_unix(sshd:auth): authentication failure; logname= uid=0 euid=0 tty=ssh ruser= rhost=43.255.190.176  user=root
Apr 12 20:01:12 ovzhost sshd[1439]: pam_unix(sshd:auth): authentication failure; logname= uid=0 euid=0 tty=ssh ruser= rhost=43.255.190.170  user=root
Apr 12 20:01:12 ovzhost sshd[1440]: pam_unix(sshd:auth): authentication failure; logname= uid=0 euid=0 tty=ssh ruser= rhost=43.255.190.117  user=root
Apr 12 20:01:14 ovzhost sshd[1437]: Failed password for root from 43.255.190.176 port 34325 ssh2
Apr 12 20:01:15 ovzhost sshd[1439]: Failed password for root from 43.255.190.170 port 35188 ssh2
Apr 12 20:01:15 ovzhost sshd[1440]: Failed password for root from 43.255.190.117 port 33564 ssh2
Apr 12 20:01:16 ovzhost sshd[1433]: message repeated 2 times: [ Failed password for root from 43.255.190.121 port 34165 ssh2]
Apr 12 20:01:16 ovzhost sshd[1433]: Received disconnect from 43.255.190.121: 11:  [preauth]
Apr 12 20:01:16 ovzhost sshd[1433]: PAM 2 more authentication failures; logname= uid=0 euid=0 tty=ssh ruser= rhost=43.255.190.121  user=root
Apr 12 20:01:16 ovzhost sshd[1435]: message repeated 2 times: [ Failed password for root from 43.255.190.176 port 56997 ssh2]
Apr 12 20:01:16 ovzhost sshd[1435]: Received disconnect from 43.255.190.176: 11:  [preauth]
Apr 12 20:01:16 ovzhost sshd[1435]: PAM 2 more authentication failures; logname= uid=0 euid=0 tty=ssh ruser= rhost=43.255.190.176  user=root
Apr 12 20:01:17 ovzhost sshd[1443]: pam_unix(sshd:auth): authentication failure; logname= uid=0 euid=0 tty=ssh ruser= rhost=43.255.190.121  user=root
Apr 12 20:01:17 ovzhost sshd[1445]: pam_unix(sshd:auth): authentication failure; logname= uid=0 euid=0 tty=ssh ruser= rhost=43.255.190.176  user=root
Apr 12 20:01:19 ovzhost sshd[1439]: message repeated 2 times: [ Failed password for root from 43.255.190.170 port 35188 ssh2]
Apr 12 20:01:19 ovzhost sshd[1439]: Received disconnect from 43.255.190.170: 11:  [preauth]
Apr 12 20:01:19 ovzhost sshd[1439]: PAM 2 more authentication failures; logname= uid=0 euid=0 tty=ssh ruser= rhost=43.255.190.170  user=root
Apr 12 20:01:19 ovzhost sshd[1440]: message repeated 2 times: [ Failed password for root from 43.255.190.117 port 33564 ssh2]
Apr 12 20:01:19 ovzhost sshd[1440]: Received disconnect from 43.255.190.117: 11:  [preauth]
Apr 12 20:01:19 ovzhost sshd[1440]: PAM 2 more authentication failures; logname= uid=0 euid=0 tty=ssh ruser= rhost=43.255.190.117  user=root
Apr 12 20:01:19 ovzhost sshd[1443]: Failed password for root from 43.255.190.121 port 49361 ssh2
Apr 12 20:01:19 ovzhost sshd[1437]: message repeated 2 times: [ Failed password for root from 43.255.190.176 port 34325 ssh2]
Apr 12 20:01:19 ovzhost sshd[1437]: Received disconnect from 43.255.190.176: 11:  [preauth]
Apr 12 20:01:19 ovzhost sshd[1437]: PAM 2 more authentication failures; logname= uid=0 euid=0 tty=ssh ruser= rhost=43.255.190.176  user=root
Apr 12 20:01:19 ovzhost sshd[1445]: Failed password for root from 43.255.190.176 port 47014 ssh2
Apr 12 20:01:19 ovzhost sshd[1447]: pam_unix(sshd:auth): authentication failure; logname= uid=0 euid=0 tty=ssh ruser= rhost=43.255.190.170  user=root
Apr 12 20:01:19 ovzhost sshd[1449]: pam_unix(sshd:auth): authentication failure; logname= uid=0 euid=0 tty=ssh ruser= rhost=43.255.190.117  user=root
Apr 12 20:01:19 ovzhost sshd[1451]: pam_unix(sshd:auth): authentication failure; logname= uid=0 euid=0 tty=ssh ruser= rhost=43.255.190.176  user=root
Apr 12 20:01:21 ovzhost sshd[1447]: Failed password for root from 43.255.190.170 port 52034 ssh2
Apr 12 20:01:21 ovzhost sshd[1449]: Failed password for root from 43.255.190.117 port 46861 ssh2
Apr 12 20:01:22 ovzhost sshd[1451]: Failed password for root from 43.255.190.176 port 53013 ssh2
Apr 12 20:01:23 ovzhost sshd[1443]: message repeated 2 times: [ Failed password for root from 43.255.190.121 port 49361 ssh2]
