Mar 31 17:16:56 ovzhost sudo:     root : unable to resolve host ovzhost
Mar 31 17:16:56 ovzhost sudo:     root : TTY=pts/0 ; PWD=/ ; USER=root ; COMMAND=/usr/bin/less /root/.bash_history
Mar 31 17:16:56 ovzhost sudo: pam_unix(sudo:session): session opened for user root by (uid=0)
Mar 31 17:16:57 ovzhost sudo: pam_unix(sudo:session): session closed for user root
Apr  2 14:31:13 ovzhost sshd[419]: Server listening on 0.0.0.0 port 22.
Apr  2 14:31:13 ovzhost sshd[419]: Server listening on :: port 22.
Apr  2 14:31:13 ovzhost saslauthd[637]: detach_tty      : master pid is: 637
Apr  2 14:31:13 ovzhost saslauthd[637]: ipc_init        : listening on socket: /var/run/saslauthd/mux
Apr  2 14:33:26 ovzhost sshd[797]: Connection closed by 127.0.0.1 [preauth]
Apr 11 00:37:03 ovzhost sshd[780]: Connection closed by 127.0.0.1 [preauth]
Apr 11 00:39:01 ovzhost CRON[793]: pam_env(cron:session): Unable to open env file: /etc/default/locale: No such file or directory
Apr 11 00:39:01 ovzhost CRON[793]: pam_unix(cron:session): session opened for user root by (uid=0)
Apr 11 00:39:02 ovzhost CRON[793]: pam_unix(cron:session): session closed for user root
Apr 11 00:40:01 ovzhost CRON[808]: pam_env(cron:session): Unable to open env file: /etc/default/locale: No such file or directory
Apr 11 00:40:01 ovzhost CRON[808]: pam_unix(cron:session): session opened for user smmsp by (uid=0)
Apr 11 00:40:01 ovzhost CRON[808]: pam_unix(cron:session): session closed for user smmsp
Apr 11 00:40:26 ovzhost sshd[835]: Connection closed by 128.8.37.104 [preauth]
Apr 11 00:41:42 ovzhost sshd[841]: Invalid user webmaster from 221.146.74.146
Apr 11 00:41:42 ovzhost sshd[841]: input_userauth_request: invalid user webmaster [preauth]
Apr 11 00:41:42 ovzhost sshd[841]: pam_unix(sshd:auth): check pass; user unknown
Apr 11 00:41:42 ovzhost sshd[841]: pam_unix(sshd:auth): authentication failure; logname= uid=0 euid=0 tty=ssh ruser= rhost=221.146.74.146 
Apr 11 00:41:45 ovzhost sshd[841]: Failed password for invalid user webmaster from 221.146.74.146 port 17281 ssh2
Apr 11 00:41:45 ovzhost sshd[841]: Connection closed by 221.146.74.146 [preauth]
Apr 11 00:42:03 ovzhost sshd[845]: Connection closed by 127.0.0.1 [preauth]
Apr 11 00:47:03 ovzhost sshd[864]: Connection closed by 127.0.0.1 [preauth]
Apr 11 00:48:24 ovzhost sshd[873]: pam_unix(sshd:auth): authentication failure; logname= uid=0 euid=0 tty=ssh ruser= rhost=43.255.190.91  user=root
Apr 11 00:48:26 ovzhost sshd[873]: Failed password for root from 43.255.190.91 port 39178 ssh2
Apr 11 00:48:30 ovzhost sshd[873]: message repeated 2 times: [ Failed password for root from 43.255.190.91 port 39178 ssh2]
Apr 11 00:48:30 ovzhost sshd[873]: Received disconnect from 43.255.190.91: 11:  [preauth]
Apr 11 00:48:30 ovzhost sshd[873]: PAM 2 more authentication failures; logname= uid=0 euid=0 tty=ssh ruser= rhost=43.255.190.91  user=root
Apr 11 00:48:32 ovzhost sshd[877]: pam_unix(sshd:auth): authentication failure; logname= uid=0 euid=0 tty=ssh ruser= rhost=43.255.190.91  user=root
Apr 11 00:48:33 ovzhost sshd[877]: Failed password for root from 43.255.190.91 port 52218 ssh2
Apr 11 00:48:37 ovzhost sshd[877]: message repeated 2 times: [ Failed password for root from 43.255.190.91 port 52218 ssh2]
Apr 11 00:48:37 ovzhost sshd[877]: Received disconnect from 43.255.190.91: 11:  [preauth]
Apr 11 00:48:37 ovzhost sshd[877]: PAM 2 more authentication failures; logname= uid=0 euid=0 tty=ssh ruser= rhost=43.255.190.91  user=root
Apr 11 00:48:37 ovzhost sshd[879]: pam_unix(sshd:auth): authentication failure; logname= uid=0 euid=0 tty=ssh ruser= rhost=43.255.190.91  user=root
Apr 11 00:48:39 ovzhost sshd[879]: Failed password for root from 43.255.190.91 port 33261 ssh2
Apr 11 00:48:43 ovzhost sshd[879]: message repeated 2 times: [ Failed password for root from 43.255.190.91 port 33261 ssh2]
Apr 11 00:48:43 ovzhost sshd[879]: Received disconnect from 43.255.190.91: 11:  [preauth]
Apr 11 00:48:43 ovzhost sshd[879]: PAM 2 more authentication failures; logname= uid=0 euid=0 tty=ssh ruser= rhost=43.255.190.91  user=root
Apr 11 00:48:44 ovzhost sshd[881]: pam_unix(sshd:auth): authentication failure; logname= uid=0 euid=0 tty=ssh ruser= rhost=43.255.190.91  user=root
Apr 11 00:48:45 ovzhost sshd[881]: Failed password for root from 43.255.190.91 port 41622 ssh2
Apr 11 00:48:50 ovzhost sshd[881]: message repeated 2 times: [ Failed password for root from 43.255.190.91 port 41622 ssh2]
Apr 11 00:48:50 ovzhost sshd[881]: Received disconnect from 43.255.190.91: 11:  [preauth]
Apr 11 00:48:50 ovzhost sshd[881]: PAM 2 more authentication failures; logname= uid=0 euid=0 tty=ssh ruser= rhost=43.255.190.91  user=root
Apr 11 00:48:51 ovzhost sshd[883]: pam_unix(sshd:auth): authentication failure; logname= uid=0 euid=0 tty=ssh ruser= rhost=43.255.190.91  user=root
Apr 11 00:48:53 ovzhost sshd[883]: Failed password for root from 43.255.190.91 port 51944 ssh2
Apr 11 00:48:57 ovzhost sshd[883]: message repeated 2 times: [ Failed password for root from 43.255.190.91 port 51944 ssh2]
Apr 11 00:48:57 ovzhost sshd[883]: Received disconnect from 43.255.190.91: 11:  [preauth]
Apr 11 00:48:57 ovzhost sshd[883]: PAM 2 more authentication failures; logname= uid=0 euid=0 tty=ssh ruser= rhost=43.255.190.91  user=root
Apr 11 00:48:58 ovzhost sshd[887]: pam_unix(sshd:auth): authentication failure; logname= uid=0 euid=0 tty=ssh ruser= rhost=43.255.190.91  user=root
Apr 11 00:49:00 ovzhost sshd[887]: Failed password for root from 43.255.190.91 port 34704 ssh2
Apr 11 00:49:04 ovzhost sshd[887]: message repeated 2 times: [ Failed password for root from 43.255.190.91 port 34704 ssh2]
Apr 11 00:49:04 ovzhost sshd[887]: Received disconnect from 43.255.190.91: 11:  [preauth]
Apr 11 00:49:04 ovzhost sshd[887]: PAM 2 more authentication failures; logname= uid=0 euid=0 tty=ssh ruser= rhost=43.255.190.91  user=root
Apr 11 00:49:06 ovzhost sshd[889]: pam_unix(sshd:auth): authentication failure; logname= uid=0 euid=0 tty=ssh ruser= rhost=43.255.190.91  user=root
Apr 11 00:49:09 ovzhost sshd[889]: Failed password for root from 43.255.190.91 port 44598 ssh2
Apr 11 00:49:13 ovzhost sshd[891]: pam_unix(sshd:auth): authentication failure; logname= uid=0 euid=0 tty=ssh ruser= rhost=43.255.190.91  user=root
Apr 11 00:49:15 ovzhost sshd[891]: Failed password for root from 43.255.190.91 port 56658 ssh2
Apr 11 00:49:13 ovzhost sshd[889]: message repeated 2 times: [ Failed password for root from 43.255.190.91 port 44598 ssh2]
Apr 11 00:49:15 ovzhost sshd[889]: Received disconnect from 43.255.190.91: 11:  [preauth]
Apr 11 00:49:15 ovzhost sshd[889]: PAM 2 more authentication failures; logname= uid=0 euid=0 tty=ssh ruser= rhost=43.255.190.91  user=root
Apr 11 00:49:19 ovzhost sshd[891]: message repeated 2 times: [ Failed password for root from 43.255.190.91 port 56658 ssh2]
Apr 11 00:49:19 ovzhost sshd[891]: Received disconnect from 43.255.190.91: 11:  [preauth]
Apr 11 00:49:19 ovzhost sshd[891]: PAM 2 more authentication failures; logname= uid=0 euid=0 tty=ssh ruser= rhost=43.255.190.91  user=root
Apr 11 00:49:20 ovzhost sshd[893]: pam_unix(sshd:auth): authentication failure; logname= uid=0 euid=0 tty=ssh ruser= rhost=43.255.190.91  user=root
Apr 11 00:49:22 ovzhost sshd[893]: Failed password for root from 43.255.190.91 port 37458 ssh2
Apr 11 00:49:27 ovzhost sshd[893]: message repeated 2 times: [ Failed password for root from 43.255.190.91 port 37458 ssh2]
Apr 11 00:49:27 ovzhost sshd[893]: Received disconnect from 43.255.190.91: 11:  [preauth]
Apr 11 00:49:27 ovzhost sshd[893]: PAM 2 more authentication failures; logname= uid=0 euid=0 tty=ssh ruser= rhost=43.255.190.91  user=root
Apr 11 00:49:47 ovzhost sshd[900]: pam_unix(sshd:auth): authentication failure; logname= uid=0 euid=0 tty=ssh ruser= rhost=43.255.190.91  user=root
Apr 11 00:49:50 ovzhost sshd[900]: Failed password for root from 43.255.190.91 port 36276 ssh2
Apr 11 00:49:53 ovzhost sshd[900]: message repeated 2 times: [ Failed password for root from 43.255.190.91 port 36276 ssh2]
Apr 11 00:49:53 ovzhost sshd[900]: Received disconnect from 43.255.190.91: 11:  [preauth]
Apr 11 00:49:53 ovzhost sshd[900]: PAM 2 more authentication failures; logname= uid=0 euid=0 tty=ssh ruser= rhost=43.255.190.91  user=root
Apr 11 00:49:54 ovzhost sshd[902]: pam_unix(sshd:auth): authentication failure; logname= uid=0 euid=0 tty=ssh ruser= rhost=43.255.190.91  user=root
Apr 11 00:49:57 ovzhost sshd[902]: Failed password for root from 43.255.190.91 port 57717 ssh2
Apr 11 00:49:58 ovzhost sshd[905]: Accepted password for root from 58.218.204.226 port 41864 ssh2
Apr 11 00:49:58 ovzhost sshd[905]: pam_unix(sshd:session): session opened for user root by (uid=0)
Apr 11 00:49:58 ovzhost sshd[905]: pam_env(sshd:session): Unable to open env file: /etc/default/locale: No such file or directory
Apr 11 00:49:58 ovzhost sshd[905]: Received disconnect from 58.218.204.226: 11: 
Apr 11 00:49:58 ovzhost sshd[905]: pam_unix(sshd:session): session closed for user root
Apr 11 00:50:01 ovzhost sshd[902]: message repeated 2 times: [ Failed password for root from 43.255.190.91 port 57717 ssh2]
Apr 11 00:50:01 ovzhost sshd[902]: Received disconnect from 43.255.190.91: 11:  [preauth]
Apr 11 00:50:01 ovzhost sshd[902]: PAM 2 more authentication failures; logname= uid=0 euid=0 tty=ssh ruser= rhost=43.255.190.91  user=root
Apr 11 00:50:05 ovzhost sshd[916]: pam_unix(sshd:auth): authentication failure; logname= uid=0 euid=0 tty=ssh ruser= rhost=43.255.190.91  user=root
Apr 11 00:50:07 ovzhost sshd[916]: Failed password for root from 43.255.190.91 port 40356 ssh2
Apr 11 00:50:10 ovzhost sshd[916]: message repeated 2 times: [ Failed password for root from 43.255.190.91 port 40356 ssh2]
Apr 11 00:50:10 ovzhost sshd[916]: Received disconnect from 43.255.190.91: 11:  [preauth]
Apr 11 00:50:10 ovzhost sshd[916]: PAM 2 more authentication failures; logname= uid=0 euid=0 tty=ssh ruser= rhost=43.255.190.91  user=root
Apr 11 00:50:11 ovzhost sshd[918]: pam_unix(sshd:auth): authentication failure; logname= uid=0 euid=0 tty=ssh ruser= rhost=43.255.190.91  user=root
Apr 11 00:50:13 ovzhost sshd[918]: Failed password for root from 43.255.190.91 port 53496 ssh2
Apr 11 00:50:17 ovzhost sshd[918]: message repeated 2 times: [ Failed password for root from 43.255.190.91 port 53496 ssh2]
Apr 11 00:50:17 ovzhost sshd[918]: Received disconnect from 43.255.190.91: 11:  [preauth]
Apr 11 00:50:17 ovzhost sshd[918]: PAM 2 more authentication failures; logname= uid=0 euid=0 tty=ssh ruser= rhost=43.255.190.91  user=root
Apr 11 00:50:19 ovzhost sshd[920]: pam_unix(sshd:auth): authentication failure; logname= uid=0 euid=0 tty=ssh ruser= rhost=43.255.190.91  user=root
Apr 11 00:50:20 ovzhost sshd[920]: Failed password for root from 43.255.190.91 port 35252 ssh2
Apr 11 00:50:24 ovzhost sshd[920]: message repeated 2 times: [ Failed password for root from 43.255.190.91 port 35252 ssh2]
Apr 11 00:50:24 ovzhost sshd[920]: Received disconnect from 43.255.190.91: 11:  [preauth]
Apr 11 00:50:24 ovzhost sshd[920]: PAM 2 more authentication failures; logname= uid=0 euid=0 tty=ssh ruser= rhost=43.255.190.91  user=root
Apr 11 00:50:26 ovzhost sshd[922]: pam_unix(sshd:auth): authentication failure; logname= uid=0 euid=0 tty=ssh ruser= rhost=43.255.190.91  user=root
Apr 11 00:50:26 ovzhost sshd[925]: Connection closed by 128.8.37.104 [preauth]
Apr 11 00:50:27 ovzhost sshd[922]: Failed password for root from 43.255.190.91 port 44598 ssh2
Apr 11 00:50:32 ovzhost sshd[922]: message repeated 2 times: [ Failed password for root from 43.255.190.91 port 44598 ssh2]
Apr 11 00:50:32 ovzhost sshd[922]: Received disconnect from 43.255.190.91: 11:  [preauth]
Apr 11 00:50:32 ovzhost sshd[922]: PAM 2 more authentication failures; logname= uid=0 euid=0 tty=ssh ruser= rhost=43.255.190.91  user=root
Apr 11 00:50:36 ovzhost sshd[927]: pam_unix(sshd:auth): authentication failure; logname= uid=0 euid=0 tty=ssh ruser= rhost=43.255.190.91  user=root
Apr 11 00:50:38 ovzhost sshd[927]: Failed password for root from 43.255.190.91 port 55511 ssh2
Apr 11 00:50:39 ovzhost sshd[896]: Connection closed by 43.255.190.91 [preauth]
Apr 11 00:50:42 ovzhost sshd[927]: message repeated 2 times: [ Failed password for root from 43.255.190.91 port 55511 ssh2]
Apr 11 00:50:42 ovzhost sshd[927]: Received disconnect from 43.255.190.91: 11:  [preauth]
Apr 11 00:50:42 ovzhost sshd[927]: PAM 2 more authentication failures; logname= uid=0 euid=0 tty=ssh ruser= rhost=43.255.190.91  user=root
Apr 11 00:50:44 ovzhost sshd[929]: pam_unix(sshd:auth): authentication failure; logname= uid=0 euid=0 tty=ssh ruser= rhost=43.255.190.91  user=root
Apr 11 00:50:46 ovzhost sshd[929]: Failed password for root from 43.255.190.91 port 41606 ssh2
Apr 11 00:50:51 ovzhost sshd[929]: message repeated 2 times: [ Failed password for root from 43.255.190.91 port 41606 ssh2]
Apr 11 00:50:51 ovzhost sshd[929]: Received disconnect from 43.255.190.91: 11:  [preauth]
Apr 11 00:50:51 ovzhost sshd[929]: PAM 2 more authentication failures; logname= uid=0 euid=0 tty=ssh ruser= rhost=43.255.190.91  user=root
Apr 11 00:50:54 ovzhost sshd[933]: pam_unix(sshd:auth): authentication failure; logname= uid=0 euid=0 tty=ssh ruser= rhost=43.255.190.91  user=root
Apr 11 00:50:56 ovzhost sshd[933]: Failed password for root from 43.255.190.91 port 54028 ssh2
Apr 11 00:51:00 ovzhost sshd[933]: message repeated 2 times: [ Failed password for root from 43.255.190.91 port 54028 ssh2]
Apr 11 00:51:00 ovzhost sshd[933]: Received disconnect from 43.255.190.91: 11:  [preauth]
Apr 11 00:51:00 ovzhost sshd[933]: PAM 2 more authentication failures; logname= uid=0 euid=0 tty=ssh ruser= rhost=43.255.190.91  user=root
Apr 11 00:51:01 ovzhost sshd[935]: pam_unix(sshd:auth): authentication failure; logname= uid=0 euid=0 tty=ssh ruser= rhost=43.255.190.91  user=root
Apr 11 00:51:03 ovzhost sshd[935]: Failed password for root from 43.255.190.91 port 38155 ssh2
Apr 11 00:51:07 ovzhost sshd[935]: message repeated 2 times: [ Failed password for root from 43.255.190.91 port 38155 ssh2]
Apr 11 00:51:08 ovzhost sshd[935]: Received disconnect from 43.255.190.91: 11:  [preauth]
Apr 11 00:51:08 ovzhost sshd[935]: PAM 2 more authentication failures; logname= uid=0 euid=0 tty=ssh ruser= rhost=43.255.190.91  user=root
Apr 11 00:51:09 ovzhost sshd[937]: pam_unix(sshd:auth): authentication failure; logname= uid=0 euid=0 tty=ssh ruser= rhost=43.255.190.91  user=root
Apr 11 00:51:11 ovzhost sshd[937]: Failed password for root from 43.255.190.91 port 48285 ssh2
Apr 11 00:51:15 ovzhost sshd[937]: message repeated 2 times: [ Failed password for root from 43.255.190.91 port 48285 ssh2]
Apr 11 00:51:15 ovzhost sshd[937]: Received disconnect from 43.255.190.91: 11:  [preauth]
Apr 11 00:51:15 ovzhost sshd[937]: PAM 2 more authentication failures; logname= uid=0 euid=0 tty=ssh ruser= rhost=43.255.190.91  user=root
Apr 11 00:51:19 ovzhost sshd[939]: pam_unix(sshd:auth): authentication failure; logname= uid=0 euid=0 tty=ssh ruser= rhost=43.255.190.91  user=root
Apr 11 00:51:22 ovzhost sshd[939]: Failed password for root from 43.255.190.91 port 58298 ssh2
Apr 11 00:51:26 ovzhost sshd[939]: message repeated 2 times: [ Failed password for root from 43.255.190.91 port 58298 ssh2]
Apr 11 00:51:26 ovzhost sshd[939]: Received disconnect from 43.255.190.91: 11:  [preauth]
Apr 11 00:51:26 ovzhost sshd[939]: PAM 2 more authentication failures; logname= uid=0 euid=0 tty=ssh ruser= rhost=43.255.190.91  user=root
Apr 11 00:51:29 ovzhost sshd[941]: pam_unix(sshd:auth): authentication failure; logname= uid=0 euid=0 tty=ssh ruser= rhost=43.255.190.91  user=root
Apr 11 00:51:31 ovzhost sshd[941]: Failed password for root from 43.255.190.91 port 45607 ssh2
Apr 11 00:51:36 ovzhost sshd[941]: message repeated 2 times: [ Failed password for root from 43.255.190.91 port 45607 ssh2]
Apr 11 00:51:36 ovzhost sshd[941]: Received disconnect from 43.255.190.91: 11:  [preauth]
Apr 11 00:51:36 ovzhost sshd[941]: PAM 2 more authentication failures; logname= uid=0 euid=0 tty=ssh ruser= rhost=43.255.190.91  user=root
Apr 11 00:51:36 ovzhost sshd[945]: pam_unix(sshd:auth): authentication failure; logname= uid=0 euid=0 tty=ssh ruser= rhost=43.255.190.91  user=root
Apr 11 00:51:39 ovzhost sshd[945]: Failed password for root from 43.255.190.91 port 59362 ssh2
Apr 11 00:51:45 ovzhost sshd[947]: pam_unix(sshd:auth): authentication failure; logname= uid=0 euid=0 tty=ssh ruser= rhost=43.255.190.91  user=root
Apr 11 00:51:43 ovzhost sshd[945]: message repeated 2 times: [ Failed password for root from 43.255.190.91 port 59362 ssh2]
Apr 11 00:51:46 ovzhost sshd[945]: Received disconnect from 43.255.190.91: 11:  [preauth]
Apr 11 00:51:46 ovzhost sshd[945]: PAM 2 more authentication failures; logname= uid=0 euid=0 tty=ssh ruser= rhost=43.255.190.91  user=root
Apr 11 00:51:47 ovzhost sshd[947]: Failed password for root from 43.255.190.91 port 41534 ssh2
Apr 11 00:51:52 ovzhost sshd[947]: message repeated 2 times: [ Failed password for root from 43.255.190.91 port 41534 ssh2]
Apr 11 00:51:52 ovzhost sshd[947]: Received disconnect from 43.255.190.91: 11:  [preauth]
Apr 11 00:51:52 ovzhost sshd[947]: PAM 2 more authentication failures; logname= uid=0 euid=0 tty=ssh ruser= rhost=43.255.190.91  user=root
Apr 11 00:51:53 ovzhost sshd[950]: pam_unix(sshd:auth): authentication failure; logname= uid=0 euid=0 tty=ssh ruser= rhost=43.255.190.91  user=root
Apr 11 00:51:55 ovzhost sshd[950]: Failed password for root from 43.255.190.91 port 53036 ssh2
Apr 11 00:52:02 ovzhost sshd[950]: message repeated 2 times: [ Failed password for root from 43.255.190.91 port 53036 ssh2]
Apr 11 00:52:02 ovzhost sshd[950]: Received disconnect from 43.255.190.91: 11:  [preauth]
Apr 11 00:52:02 ovzhost sshd[950]: PAM 2 more authentication failures; logname= uid=0 euid=0 tty=ssh ruser= rhost=43.255.190.91  user=root
Apr 11 00:52:03 ovzhost sshd[955]: Connection closed by 127.0.0.1 [preauth]
Apr 11 00:52:04 ovzhost sshd[952]: pam_unix(sshd:auth): authentication failure; logname= uid=0 euid=0 tty=ssh ruser= rhost=43.255.190.91  user=root
Apr 11 00:52:06 ovzhost sshd[952]: Failed password for root from 43.255.190.91 port 38523 ssh2
Apr 11 00:52:11 ovzhost sshd[952]: message repeated 2 times: [ Failed password for root from 43.255.190.91 port 38523 ssh2]
Apr 11 00:52:11 ovzhost sshd[952]: Received disconnect from 43.255.190.91: 11:  [preauth]
Apr 11 00:52:11 ovzhost sshd[952]: PAM 2 more authentication failures; logname= uid=0 euid=0 tty=ssh ruser= rhost=43.255.190.91  user=root
Apr 11 00:52:13 ovzhost sshd[957]: pam_unix(sshd:auth): authentication failure; logname= uid=0 euid=0 tty=ssh ruser= rhost=43.255.190.91  user=root
Apr 11 00:52:15 ovzhost sshd[957]: Failed password for root from 43.255.190.91 port 51755 ssh2
Apr 11 00:52:15 ovzhost sshd[959]: pam_unix(sshd:auth): authentication failure; logname= uid=0 euid=0 tty=ssh ruser= rhost=43.255.190.155  user=root
Apr 11 00:52:17 ovzhost sshd[959]: Failed password for root from 43.255.190.155 port 44431 ssh2
Apr 11 00:52:19 ovzhost sshd[957]: message repeated 2 times: [ Failed password for root from 43.255.190.91 port 51755 ssh2]
Apr 11 00:52:19 ovzhost sshd[957]: Received disconnect from 43.255.190.91: 11:  [preauth]
Apr 11 00:52:19 ovzhost sshd[957]: PAM 2 more authentication failures; logname= uid=0 euid=0 tty=ssh ruser= rhost=43.255.190.91  user=root
Apr 11 00:52:21 ovzhost sshd[961]: pam_unix(sshd:auth): authentication failure; logname= uid=0 euid=0 tty=ssh ruser= rhost=43.255.190.91  user=root
Apr 11 00:52:22 ovzhost sshd[959]: message repeated 2 times: [ Failed password for root from 43.255.190.155 port 44431 ssh2]
Apr 11 00:52:22 ovzhost sshd[959]: Received disconnect from 43.255.190.155: 11:  [preauth]
Apr 11 00:52:22 ovzhost sshd[959]: PAM 2 more authentication failures; logname= uid=0 euid=0 tty=ssh ruser= rhost=43.255.190.155  user=root
Apr 11 00:52:23 ovzhost sshd[963]: pam_unix(sshd:auth): authentication failure; logname= uid=0 euid=0 tty=ssh ruser= rhost=43.255.190.155  user=root
Apr 11 00:52:23 ovzhost sshd[961]: Failed password for root from 43.255.190.91 port 34309 ssh2
Apr 11 00:52:24 ovzhost sshd[963]: Failed password for root from 43.255.190.155 port 60392 ssh2
Apr 11 00:52:28 ovzhost sshd[961]: message repeated 2 times: [ Failed password for root from 43.255.190.91 port 34309 ssh2]
Apr 11 00:52:29 ovzhost sshd[961]: Received disconnect from 43.255.190.91: 11:  [preauth]
Apr 11 00:52:29 ovzhost sshd[961]: PAM 2 more authentication failures; logname= uid=0 euid=0 tty=ssh ruser= rhost=43.255.190.91  user=root
Apr 11 00:52:29 ovzhost sshd[963]: message repeated 2 times: [ Failed password for root from 43.255.190.155 port 60392 ssh2]
Apr 11 00:52:29 ovzhost sshd[963]: Received disconnect from 43.255.190.155: 11:  [preauth]
Apr 11 00:52:29 ovzhost sshd[963]: PAM 2 more authentication failures; logname= uid=0 euid=0 tty=ssh ruser= rhost=43.255.190.155  user=root
Apr 11 00:52:30 ovzhost sshd[967]: pam_unix(sshd:auth): authentication failure; logname= uid=0 euid=0 tty=ssh ruser= rhost=43.255.190.155  user=root
Apr 11 00:52:30 ovzhost sshd[965]: pam_unix(sshd:auth): authentication failure; logname= uid=0 euid=0 tty=ssh ruser= rhost=43.255.190.91  user=root
Apr 11 00:52:32 ovzhost sshd[967]: Failed password for root from 43.255.190.155 port 47332 ssh2
Apr 11 00:52:32 ovzhost sshd[965]: Failed password for root from 43.255.190.91 port 46039 ssh2
Apr 11 00:52:36 ovzhost sshd[967]: message repeated 2 times: [ Failed password for root from 43.255.190.155 port 47332 ssh2]
Apr 11 00:52:36 ovzhost sshd[967]: Received disconnect from 43.255.190.155: 11:  [preauth]
Apr 11 00:52:36 ovzhost sshd[967]: PAM 2 more authentication failures; logname= uid=0 euid=0 tty=ssh ruser= rhost=43.255.190.155  user=root
Apr 11 00:52:36 ovzhost sshd[965]: message repeated 2 times: [ Failed password for root from 43.255.190.91 port 46039 ssh2]
Apr 11 00:52:36 ovzhost sshd[965]: Received disconnect from 43.255.190.91: 11:  [preauth]
Apr 11 00:52:36 ovzhost sshd[965]: PAM 2 more authentication failures; logname= uid=0 euid=0 tty=ssh ruser= rhost=43.255.190.91  user=root
Apr 11 00:52:37 ovzhost sshd[969]: pam_unix(sshd:auth): authentication failure; logname= uid=0 euid=0 tty=ssh ruser= rhost=43.255.190.155  user=root
Apr 11 00:52:38 ovzhost sshd[971]: pam_unix(sshd:auth): authentication failure; logname= uid=0 euid=0 tty=ssh ruser= rhost=43.255.190.91  user=root
Apr 11 00:52:39 ovzhost sshd[969]: Failed password for root from 43.255.190.155 port 34554 ssh2
Apr 11 00:52:40 ovzhost sshd[971]: Failed password for root from 43.255.190.91 port 57385 ssh2
Apr 11 00:52:44 ovzhost sshd[969]: message repeated 2 times: [ Failed password for root from 43.255.190.155 port 34554 ssh2]
Apr 11 00:52:44 ovzhost sshd[969]: Received disconnect from 43.255.190.155: 11:  [preauth]
Apr 11 00:52:44 ovzhost sshd[969]: PAM 2 more authentication failures; logname= uid=0 euid=0 tty=ssh ruser= rhost=43.255.190.155  user=root
Apr 11 00:52:45 ovzhost sshd[971]: message repeated 2 times: [ Failed password for root from 43.255.190.91 port 57385 ssh2]
Apr 11 00:52:45 ovzhost sshd[971]: Received disconnect from 43.255.190.91: 11:  [preauth]
Apr 11 00:52:45 ovzhost sshd[971]: PAM 2 more authentication failures; logname= uid=0 euid=0 tty=ssh ruser= rhost=43.255.190.91  user=root
Apr 11 00:52:45 ovzhost sshd[973]: pam_unix(sshd:auth): authentication failure; logname= uid=0 euid=0 tty=ssh ruser= rhost=43.255.190.155  user=root
Apr 11 00:52:46 ovzhost sshd[973]: Failed password for root from 43.255.190.155 port 51798 ssh2
Apr 11 00:52:48 ovzhost sshd[975]: pam_unix(sshd:auth): authentication failure; logname= uid=0 euid=0 tty=ssh ruser= rhost=43.255.190.91  user=root
Apr 11 00:52:50 ovzhost sshd[975]: Failed password for root from 43.255.190.91 port 40124 ssh2
Apr 11 00:52:51 ovzhost sshd[973]: message repeated 2 times: [ Failed password for root from 43.255.190.155 port 51798 ssh2]
Apr 11 00:52:51 ovzhost sshd[973]: Received disconnect from 43.255.190.155: 11:  [preauth]
Apr 11 00:52:51 ovzhost sshd[973]: PAM 2 more authentication failures; logname= uid=0 euid=0 tty=ssh ruser= rhost=43.255.190.155  user=root
Apr 11 00:52:51 ovzhost sshd[978]: pam_unix(sshd:auth): authentication failure; logname= uid=0 euid=0 tty=ssh ruser= rhost=43.255.190.155  user=root
Apr 11 00:52:54 ovzhost sshd[978]: Failed password for root from 43.255.190.155 port 38213 ssh2
Apr 11 00:52:55 ovzhost sshd[975]: message repeated 2 times: [ Failed password for root from 43.255.190.91 port 40124 ssh2]
Apr 11 00:52:55 ovzhost sshd[975]: Received disconnect from 43.255.190.91: 11:  [preauth]
Apr 11 00:52:55 ovzhost sshd[975]: PAM 2 more authentication failures; logname= uid=0 euid=0 tty=ssh ruser= rhost=43.255.190.91  user=root
Apr 11 00:52:56 ovzhost sshd[981]: pam_unix(sshd:auth): authentication failure; logname= uid=0 euid=0 tty=ssh ruser= rhost=43.255.190.91  user=root
Apr 11 00:52:58 ovzhost sshd[981]: Failed password for root from 43.255.190.91 port 53785 ssh2
Apr 11 00:52:58 ovzhost sshd[978]: message repeated 2 times: [ Failed password for root from 43.255.190.155 port 38213 ssh2]
Apr 11 00:52:58 ovzhost sshd[978]: Received disconnect from 43.255.190.155: 11:  [preauth]
Apr 11 00:52:58 ovzhost sshd[978]: PAM 2 more authentication failures; logname= uid=0 euid=0 tty=ssh ruser= rhost=43.255.190.155  user=root
Apr 11 00:52:58 ovzhost sshd[983]: pam_unix(sshd:auth): authentication failure; logname= uid=0 euid=0 tty=ssh ruser= rhost=43.255.190.155  user=root
Apr 11 00:53:00 ovzhost sshd[983]: Failed password for root from 43.255.190.155 port 53613 ssh2
Apr 11 00:53:01 ovzhost sshd[981]: message repeated 2 times: [ Failed password for root from 43.255.190.91 port 53785 ssh2]
Apr 11 00:53:01 ovzhost sshd[981]: Received disconnect from 43.255.190.91: 11:  [preauth]
Apr 11 00:53:01 ovzhost sshd[981]: PAM 2 more authentication failures; logname= uid=0 euid=0 tty=ssh ruser= rhost=43.255.190.91  user=root
Apr 11 00:53:03 ovzhost sshd[985]: pam_unix(sshd:auth): authentication failure; logname= uid=0 euid=0 tty=ssh ruser= rhost=43.255.190.91  user=root
Apr 11 00:53:05 ovzhost sshd[983]: message repeated 2 times: [ Failed password for root from 43.255.190.155 port 53613 ssh2]
Apr 11 00:53:05 ovzhost sshd[983]: Received disconnect from 43.255.190.155: 11:  [preauth]
Apr 11 00:53:05 ovzhost sshd[983]: PAM 2 more authentication failures; logname= uid=0 euid=0 tty=ssh ruser= rhost=43.255.190.155  user=root
Apr 11 00:53:05 ovzhost sshd[985]: Failed password for root from 43.255.190.91 port 35064 ssh2
Apr 11 00:53:05 ovzhost sshd[989]: pam_unix(sshd:auth): authentication failure; logname= uid=0 euid=0 tty=ssh ruser= rhost=43.255.190.155  user=root
Apr 11 00:53:07 ovzhost sshd[989]: Failed password for root from 43.255.190.155 port 40106 ssh2
Apr 11 00:53:09 ovzhost sshd[985]: message repeated 2 times: [ Failed password for root from 43.255.190.91 port 35064 ssh2]
Apr 11 00:53:09 ovzhost sshd[985]: Received disconnect from 43.255.190.91: 11:  [preauth]
Apr 11 00:53:09 ovzhost sshd[985]: PAM 2 more authentication failures; logname= uid=0 euid=0 tty=ssh ruser= rhost=43.255.190.91  user=root
Apr 11 00:53:11 ovzhost sshd[991]: pam_unix(sshd:auth): authentication failure; logname= uid=0 euid=0 tty=ssh ruser= rhost=43.255.190.91  user=root
Apr 11 00:53:12 ovzhost sshd[989]: message repeated 2 times: [ Failed password for root from 43.255.190.155 port 40106 ssh2]
Apr 11 00:53:12 ovzhost sshd[989]: Received disconnect from 43.255.190.155: 11:  [preauth]
Apr 11 00:53:12 ovzhost sshd[989]: PAM 2 more authentication failures; logname= uid=0 euid=0 tty=ssh ruser= rhost=43.255.190.155  user=root
Apr 11 00:53:12 ovzhost sshd[993]: pam_unix(sshd:auth): authentication failure; logname= uid=0 euid=0 tty=ssh ruser= rhost=43.255.190.155  user=root
Apr 11 00:53:14 ovzhost sshd[991]: Failed password for root from 43.255.190.91 port 46178 ssh2
Apr 11 00:53:15 ovzhost sshd[993]: Failed password for root from 43.255.190.155 port 56324 ssh2
Apr 11 00:53:18 ovzhost sshd[991]: message repeated 2 times: [ Failed password for root from 43.255.190.91 port 46178 ssh2]
Apr 11 00:53:19 ovzhost sshd[991]: Received disconnect from 43.255.190.91: 11:  [preauth]
Apr 11 00:53:19 ovzhost sshd[991]: PAM 2 more authentication failures; logname= uid=0 euid=0 tty=ssh ruser= rhost=43.255.190.91  user=root
Apr 11 00:53:19 ovzhost sshd[993]: message repeated 2 times: [ Failed password for root from 43.255.190.155 port 56324 ssh2]
Apr 11 00:53:19 ovzhost sshd[993]: Received disconnect from 43.255.190.155: 11:  [preauth]
Apr 11 00:53:19 ovzhost sshd[993]: PAM 2 more authentication failures; logname= uid=0 euid=0 tty=ssh ruser= rhost=43.255.190.155  user=root
Apr 11 00:53:20 ovzhost sshd[999]: pam_unix(sshd:auth): authentication failure; logname= uid=0 euid=0 tty=ssh ruser= rhost=43.255.190.155  user=root
Apr 11 00:53:21 ovzhost sshd[999]: Failed password for root from 43.255.190.155 port 43378 ssh2
Apr 11 00:53:21 ovzhost sshd[997]: pam_unix(sshd:auth): authentication failure; logname= uid=0 euid=0 tty=ssh ruser= rhost=43.255.190.91  user=root
Apr 11 00:53:23 ovzhost sshd[997]: Failed password for root from 43.255.190.91 port 57836 ssh2
Apr 11 00:53:26 ovzhost sshd[999]: message repeated 2 times: [ Failed password for root from 43.255.190.155 port 43378 ssh2]
Apr 11 00:53:26 ovzhost sshd[999]: Received disconnect from 43.255.190.155: 11:  [preauth]
Apr 11 00:53:26 ovzhost sshd[999]: PAM 2 more authentication failures; logname= uid=0 euid=0 tty=ssh ruser= rhost=43.255.190.155  user=root
Apr 11 00:53:26 ovzhost sshd[1001]: pam_unix(sshd:auth): authentication failure; logname= uid=0 euid=0 tty=ssh ruser= rhost=43.255.190.155  user=root
Apr 11 00:53:28 ovzhost sshd[997]: message repeated 2 times: [ Failed password for root from 43.255.190.91 port 57836 ssh2]
Apr 11 00:53:28 ovzhost sshd[997]: Received disconnect from 43.255.190.91: 11:  [preauth]
Apr 11 00:53:28 ovzhost sshd[997]: PAM 2 more authentication failures; logname= uid=0 euid=0 tty=ssh ruser= rhost=43.255.190.91  user=root
Apr 11 00:53:28 ovzhost sshd[1001]: Failed password for root from 43.255.190.155 port 57319 ssh2
Apr 11 00:53:29 ovzhost sshd[1003]: pam_unix(sshd:auth): authentication failure; logname= uid=0 euid=0 tty=ssh ruser= rhost=43.255.190.91  user=root
Apr 11 00:53:31 ovzhost sshd[1003]: Failed password for root from 43.255.190.91 port 42473 ssh2
Apr 11 00:53:32 ovzhost sshd[1001]: message repeated 2 times: [ Failed password for root from 43.255.190.155 port 57319 ssh2]
Apr 11 00:53:32 ovzhost sshd[1001]: Received disconnect from 43.255.190.155: 11:  [preauth]
Apr 11 00:53:32 ovzhost sshd[1001]: PAM 2 more authentication failures; logname= uid=0 euid=0 tty=ssh ruser= rhost=43.255.190.155  user=root
Apr 11 00:53:33 ovzhost sshd[1005]: pam_unix(sshd:auth): authentication failure; logname= uid=0 euid=0 tty=ssh ruser= rhost=43.255.190.155  user=root
Apr 11 00:53:35 ovzhost sshd[1005]: Failed password for root from 43.255.190.155 port 43693 ssh2
Apr 11 00:53:35 ovzhost sshd[1003]: message repeated 2 times: [ Failed password for root from 43.255.190.91 port 42473 ssh2]
Apr 11 00:53:35 ovzhost sshd[1003]: Received disconnect from 43.255.190.91: 11:  [preauth]
Apr 11 00:53:35 ovzhost sshd[1003]: PAM 2 more authentication failures; logname= uid=0 euid=0 tty=ssh ruser= rhost=43.255.190.91  user=root
Apr 11 00:53:36 ovzhost sshd[1007]: pam_unix(sshd:auth): authentication failure; logname= uid=0 euid=0 tty=ssh ruser= rhost=43.255.190.91  user=root
Apr 11 00:53:38 ovzhost sshd[1007]: Failed password for root from 43.255.190.91 port 52253 ssh2
Apr 11 00:53:40 ovzhost sshd[1005]: message repeated 2 times: [ Failed password for root from 43.255.190.155 port 43693 ssh2]
Apr 11 00:53:40 ovzhost sshd[1005]: Received disconnect from 43.255.190.155: 11:  [preauth]
Apr 11 00:53:40 ovzhost sshd[1005]: PAM 2 more authentication failures; logname= uid=0 euid=0 tty=ssh ruser= rhost=43.255.190.155  user=root
Apr 11 00:53:40 ovzhost sshd[1009]: pam_unix(sshd:auth): authentication failure; logname= uid=0 euid=0 tty=ssh ruser= rhost=43.255.190.155  user=root
Apr 11 00:53:42 ovzhost sshd[1007]: message repeated 2 times: [ Failed password for root from 43.255.190.91 port 52253 ssh2]
Apr 11 00:53:42 ovzhost sshd[1007]: Received disconnect from 43.255.190.91: 11:  [preauth]
Apr 11 00:53:42 ovzhost sshd[1007]: PAM 2 more authentication failures; logname= uid=0 euid=0 tty=ssh ruser= rhost=43.255.190.91  user=root
Apr 11 00:53:43 ovzhost sshd[1009]: Failed password for root from 43.255.190.155 port 59784 ssh2
Apr 11 00:53:44 ovzhost sshd[1011]: pam_unix(sshd:auth): authentication failure; logname= uid=0 euid=0 tty=ssh ruser= rhost=43.255.190.91  user=root
Apr 11 00:53:45 ovzhost sshd[1011]: Failed password for root from 43.255.190.91 port 34444 ssh2
Apr 11 00:53:46 ovzhost sshd[1009]: message repeated 2 times: [ Failed password for root from 43.255.190.155 port 59784 ssh2]
Apr 11 00:53:46 ovzhost sshd[1009]: Received disconnect from 43.255.190.155: 11:  [preauth]
Apr 11 00:53:46 ovzhost sshd[1009]: PAM 2 more authentication failures; logname= uid=0 euid=0 tty=ssh ruser= rhost=43.255.190.155  user=root
Apr 11 00:53:47 ovzhost sshd[1013]: pam_unix(sshd:auth): authentication failure; logname= uid=0 euid=0 tty=ssh ruser= rhost=43.255.190.155  user=root
Apr 11 00:53:49 ovzhost sshd[1013]: Failed password for root from 43.255.190.155 port 47487 ssh2
Apr 11 00:53:50 ovzhost sshd[1011]: message repeated 2 times: [ Failed password for root from 43.255.190.91 port 34444 ssh2]
Apr 11 00:53:50 ovzhost sshd[1011]: Received disconnect from 43.255.190.91: 11:  [preauth]
Apr 11 00:53:50 ovzhost sshd[1011]: PAM 2 more authentication failures; logname= uid=0 euid=0 tty=ssh ruser= rhost=43.255.190.91  user=root
Apr 11 00:53:54 ovzhost sshd[1015]: pam_unix(sshd:auth): authentication failure; logname= uid=0 euid=0 tty=ssh ruser= rhost=43.255.190.91  user=root
Apr 11 00:53:54 ovzhost sshd[1013]: message repeated 2 times: [ Failed password for root from 43.255.190.155 port 47487 ssh2]
Apr 11 00:53:54 ovzhost sshd[1013]: Received disconnect from 43.255.190.155: 11:  [preauth]
Apr 11 00:53:54 ovzhost sshd[1013]: PAM 2 more authentication failures; logname= uid=0 euid=0 tty=ssh ruser= rhost=43.255.190.155  user=root
Apr 11 00:53:55 ovzhost sshd[1019]: pam_unix(sshd:auth): authentication failure; logname= uid=0 euid=0 tty=ssh ruser= rhost=43.255.190.155  user=root
Apr 11 00:53:56 ovzhost sshd[1015]: Failed password for root from 43.255.190.91 port 45453 ssh2
Apr 11 00:53:57 ovzhost sshd[1019]: Failed password for root from 43.255.190.155 port 37231 ssh2
Apr 11 00:54:01 ovzhost sshd[1015]: message repeated 2 times: [ Failed password for root from 43.255.190.91 port 45453 ssh2]
Apr 11 00:54:01 ovzhost sshd[1015]: Received disconnect from 43.255.190.91: 11:  [preauth]
Apr 11 00:54:01 ovzhost sshd[1015]: PAM 2 more authentication failures; logname= uid=0 euid=0 tty=ssh ruser= rhost=43.255.190.91  user=root
Apr 11 00:54:01 ovzhost sshd[1019]: message repeated 2 times: [ Failed password for root from 43.255.190.155 port 37231 ssh2]
Apr 11 00:54:01 ovzhost sshd[1019]: Received disconnect from 43.255.190.155: 11:  [preauth]
Apr 11 00:54:01 ovzhost sshd[1019]: PAM 2 more authentication failures; logname= uid=0 euid=0 tty=ssh ruser= rhost=43.255.190.155  user=root
Apr 11 00:54:02 ovzhost sshd[1021]: pam_unix(sshd:auth): authentication failure; logname= uid=0 euid=0 tty=ssh ruser= rhost=43.255.190.155  user=root
Apr 11 00:54:02 ovzhost sshd[1023]: pam_unix(sshd:auth): authentication failure; logname= uid=0 euid=0 tty=ssh ruser= rhost=43.255.190.91  user=root
Apr 11 00:54:03 ovzhost sshd[1021]: Failed password for root from 43.255.190.155 port 53122 ssh2
Apr 11 00:54:04 ovzhost sshd[1023]: Failed password for root from 43.255.190.91 port 60082 ssh2
Apr 11 00:54:07 ovzhost sshd[1021]: message repeated 2 times: [ Failed password for root from 43.255.190.155 port 53122 ssh2]
Apr 11 00:54:07 ovzhost sshd[1021]: Received disconnect from 43.255.190.155: 11:  [preauth]
Apr 11 00:54:07 ovzhost sshd[1021]: PAM 2 more authentication failures; logname= uid=0 euid=0 tty=ssh ruser= rhost=43.255.190.155  user=root
Apr 11 00:54:07 ovzhost sshd[1025]: pam_unix(sshd:auth): authentication failure; logname= uid=0 euid=0 tty=ssh ruser= rhost=43.255.190.155  user=root
Apr 11 00:54:08 ovzhost sshd[1023]: message repeated 2 times: [ Failed password for root from 43.255.190.91 port 60082 ssh2]
Apr 11 00:54:08 ovzhost sshd[1023]: Received disconnect from 43.255.190.91: 11:  [preauth]
Apr 11 00:54:08 ovzhost sshd[1023]: PAM 2 more authentication failures; logname= uid=0 euid=0 tty=ssh ruser= rhost=43.255.190.91  user=root
Apr 11 00:54:09 ovzhost sshd[1025]: Failed password for root from 43.255.190.155 port 38942 ssh2
Apr 11 00:54:13 ovzhost sshd[1025]: message repeated 2 times: [ Failed password for root from 43.255.190.155 port 38942 ssh2]
Apr 11 00:54:13 ovzhost sshd[1025]: Received disconnect from 43.255.190.155: 11:  [preauth]
Apr 11 00:54:13 ovzhost sshd[1025]: PAM 2 more authentication failures; logname= uid=0 euid=0 tty=ssh ruser= rhost=43.255.190.155  user=root
Apr 11 00:54:14 ovzhost sshd[1029]: pam_unix(sshd:auth): authentication failure; logname= uid=0 euid=0 tty=ssh ruser= rhost=43.255.190.155  user=root
Apr 11 00:54:15 ovzhost sshd[1029]: Failed password for root from 43.255.190.155 port 54551 ssh2
Apr 11 00:54:19 ovzhost sshd[1029]: message repeated 2 times: [ Failed password for root from 43.255.190.155 port 54551 ssh2]
Apr 11 00:54:19 ovzhost sshd[1029]: Received disconnect from 43.255.190.155: 11:  [preauth]
Apr 11 00:54:19 ovzhost sshd[1029]: PAM 2 more authentication failures; logname= uid=0 euid=0 tty=ssh ruser= rhost=43.255.190.155  user=root
Apr 11 00:54:20 ovzhost sshd[1031]: pam_unix(sshd:auth): authentication failure; logname= uid=0 euid=0 tty=ssh ruser= rhost=43.255.190.91  user=root
Apr 11 00:54:20 ovzhost sshd[1033]: pam_unix(sshd:auth): authentication failure; logname= uid=0 euid=0 tty=ssh ruser= rhost=43.255.190.155  user=root
Apr 11 00:54:21 ovzhost sshd[1031]: Failed password for root from 43.255.190.91 port 57069 ssh2
Apr 11 00:54:21 ovzhost sshd[1033]: Failed password for root from 43.255.190.155 port 40158 ssh2
Apr 11 00:54:26 ovzhost sshd[1027]: Connection closed by 43.255.190.91 [preauth]
Apr 11 00:54:26 ovzhost sshd[1033]: message repeated 2 times: [ Failed password for root from 43.255.190.155 port 40158 ssh2]
Apr 11 00:54:26 ovzhost sshd[1033]: Received disconnect from 43.255.190.155: 11:  [preauth]
Apr 11 00:54:26 ovzhost sshd[1033]: PAM 2 more authentication failures; logname= uid=0 euid=0 tty=ssh ruser= rhost=43.255.190.155  user=root
Apr 11 00:54:26 ovzhost sshd[1031]: message repeated 2 times: [ Failed password for root from 43.255.190.91 port 57069 ssh2]
Apr 11 00:54:26 ovzhost sshd[1031]: Received disconnect from 43.255.190.91: 11:  [preauth]
Apr 11 00:54:26 ovzhost sshd[1031]: PAM 2 more authentication failures; logname= uid=0 euid=0 tty=ssh ruser= rhost=43.255.190.91  user=root
Apr 11 00:54:27 ovzhost sshd[1035]: pam_unix(sshd:auth): authentication failure; logname= uid=0 euid=0 tty=ssh ruser= rhost=43.255.190.155  user=root
Apr 11 00:54:27 ovzhost sshd[1037]: pam_unix(sshd:auth): authentication failure; logname= uid=0 euid=0 tty=ssh ruser= rhost=43.255.190.91  user=root
Apr 11 00:54:29 ovzhost sshd[1035]: Failed password for root from 43.255.190.155 port 55068 ssh2
Apr 11 00:54:29 ovzhost sshd[1037]: Failed password for root from 43.255.190.91 port 40143 ssh2
Apr 11 00:54:32 ovzhost sshd[1035]: message repeated 2 times: [ Failed password for root from 43.255.190.155 port 55068 ssh2]
Apr 11 00:54:32 ovzhost sshd[1035]: Received disconnect from 43.255.190.155: 11:  [preauth]
Apr 11 00:54:32 ovzhost sshd[1035]: PAM 2 more authentication failures; logname= uid=0 euid=0 tty=ssh ruser= rhost=43.255.190.155  user=root
Apr 11 00:54:33 ovzhost sshd[1037]: message repeated 2 times: [ Failed password for root from 43.255.190.91 port 40143 ssh2]
Apr 11 00:54:33 ovzhost sshd[1037]: Received disconnect from 43.255.190.91: 11:  [preauth]
Apr 11 00:54:33 ovzhost sshd[1037]: PAM 2 more authentication failures; logname= uid=0 euid=0 tty=ssh ruser= rhost=43.255.190.91  user=root
Apr 11 00:54:33 ovzhost sshd[1041]: pam_unix(sshd:auth): authentication failure; logname= uid=0 euid=0 tty=ssh ruser= rhost=43.255.190.155  user=root
Apr 11 00:54:35 ovzhost sshd[1041]: Failed password for root from 43.255.190.155 port 42763 ssh2
Apr 11 00:54:35 ovzhost sshd[1043]: pam_unix(sshd:auth): authentication failure; logname= uid=0 euid=0 tty=ssh ruser= rhost=43.255.190.91  user=root
Apr 11 00:54:38 ovzhost sshd[1043]: Failed password for root from 43.255.190.91 port 50333 ssh2
Apr 11 00:54:39 ovzhost sshd[1041]: message repeated 2 times: [ Failed password for root from 43.255.190.155 port 42763 ssh2]
Apr 11 00:54:39 ovzhost sshd[1041]: Received disconnect from 43.255.190.155: 11:  [preauth]
Apr 11 00:54:39 ovzhost sshd[1041]: PAM 2 more authentication failures; logname= uid=0 euid=0 tty=ssh ruser= rhost=43.255.190.155  user=root
Apr 11 00:54:40 ovzhost sshd[1045]: pam_unix(sshd:auth): authentication failure; logname= uid=0 euid=0 tty=ssh ruser= rhost=43.255.190.155  user=root
Apr 11 00:54:41 ovzhost sshd[1045]: Failed password for root from 43.255.190.155 port 57940 ssh2
Apr 11 00:54:41 ovzhost sshd[1043]: message repeated 2 times: [ Failed password for root from 43.255.190.91 port 50333 ssh2]
Apr 11 00:54:42 ovzhost sshd[1043]: Received disconnect from 43.255.190.91: 11:  [preauth]
Apr 11 00:54:42 ovzhost sshd[1043]: PAM 2 more authentication failures; logname= uid=0 euid=0 tty=ssh ruser= rhost=43.255.190.91  user=root
Apr 11 00:54:44 ovzhost sshd[1047]: pam_unix(sshd:auth): authentication failure; logname= uid=0 euid=0 tty=ssh ruser= rhost=43.255.190.91  user=root
Apr 11 00:54:45 ovzhost sshd[1047]: Failed password for root from 43.255.190.91 port 35133 ssh2
Apr 11 00:54:45 ovzhost sshd[1045]: message repeated 2 times: [ Failed password for root from 43.255.190.155 port 57940 ssh2]
Apr 11 00:54:45 ovzhost sshd[1045]: Received disconnect from 43.255.190.155: 11:  [preauth]
Apr 11 00:54:45 ovzhost sshd[1045]: PAM 2 more authentication failures; logname= uid=0 euid=0 tty=ssh ruser= rhost=43.255.190.155  user=root
Apr 11 00:54:46 ovzhost sshd[1049]: pam_unix(sshd:auth): authentication failure; logname= uid=0 euid=0 tty=ssh ruser= rhost=43.255.190.155  user=root
Apr 11 00:54:48 ovzhost sshd[1049]: Failed password for root from 43.255.190.155 port 46075 ssh2
Apr 11 00:54:50 ovzhost sshd[1047]: message repeated 2 times: [ Failed password for root from 43.255.190.91 port 35133 ssh2]
Apr 11 00:54:50 ovzhost sshd[1047]: Received disconnect from 43.255.190.91: 11:  [preauth]
Apr 11 00:54:50 ovzhost sshd[1047]: PAM 2 more authentication failures; logname= uid=0 euid=0 tty=ssh ruser= rhost=43.255.190.91  user=root
Apr 11 00:54:51 ovzhost sshd[1051]: pam_unix(sshd:auth): authentication failure; logname= uid=0 euid=0 tty=ssh ruser= rhost=43.255.190.91  user=root
Apr 11 00:54:52 ovzhost sshd[1051]: Failed password for root from 43.255.190.91 port 48135 ssh2
Apr 11 00:54:52 ovzhost sshd[1049]: message repeated 2 times: [ Failed password for root from 43.255.190.155 port 46075 ssh2]
Apr 11 00:54:52 ovzhost sshd[1049]: Received disconnect from 43.255.190.155: 11:  [preauth]
Apr 11 00:54:52 ovzhost sshd[1049]: PAM 2 more authentication failures; logname= uid=0 euid=0 tty=ssh ruser= rhost=43.255.190.155  user=root
Apr 11 00:54:53 ovzhost sshd[1053]: pam_unix(sshd:auth): authentication failure; logname= uid=0 euid=0 tty=ssh ruser= rhost=43.255.190.155  user=root
Apr 11 00:54:55 ovzhost sshd[1053]: Failed password for root from 43.255.190.155 port 34349 ssh2
Apr 11 00:54:57 ovzhost sshd[1051]: message repeated 2 times: [ Failed password for root from 43.255.190.91 port 48135 ssh2]
Apr 11 00:54:57 ovzhost sshd[1051]: Received disconnect from 43.255.190.91: 11:  [preauth]
Apr 11 00:54:57 ovzhost sshd[1051]: PAM 2 more authentication failures; logname= uid=0 euid=0 tty=ssh ruser= rhost=43.255.190.91  user=root
Apr 11 00:54:59 ovzhost sshd[1053]: message repeated 2 times: [ Failed password for root from 43.255.190.155 port 34349 ssh2]
Apr 11 00:54:59 ovzhost sshd[1053]: Received disconnect from 43.255.190.155: 11:  [preauth]
Apr 11 00:54:59 ovzhost sshd[1053]: PAM 2 more authentication failures; logname= uid=0 euid=0 tty=ssh ruser= rhost=43.255.190.155  user=root
Apr 11 00:55:00 ovzhost sshd[1056]: pam_unix(sshd:auth): authentication failure; logname= uid=0 euid=0 tty=ssh ruser= rhost=43.255.190.155  user=root
Apr 11 00:55:01 ovzhost sshd[1058]: pam_unix(sshd:auth): authentication failure; logname= uid=0 euid=0 tty=ssh ruser= rhost=43.255.190.91  user=root
Apr 11 00:55:02 ovzhost sshd[1056]: Failed password for root from 43.255.190.155 port 51495 ssh2
Apr 11 00:55:03 ovzhost sshd[1058]: Failed password for root from 43.255.190.91 port 58373 ssh2
Apr 11 00:55:05 ovzhost sshd[1056]: message repeated 2 times: [ Failed password for root from 43.255.190.155 port 51495 ssh2]
Apr 11 00:55:05 ovzhost sshd[1056]: Received disconnect from 43.255.190.155: 11:  [preauth]
Apr 11 00:55:05 ovzhost sshd[1056]: PAM 2 more authentication failures; logname= uid=0 euid=0 tty=ssh ruser= rhost=43.255.190.155  user=root
Apr 11 00:55:06 ovzhost sshd[1060]: pam_unix(sshd:auth): authentication failure; logname= uid=0 euid=0 tty=ssh ruser= rhost=43.255.190.155  user=root
Apr 11 00:55:07 ovzhost sshd[1058]: message repeated 2 times: [ Failed password for root from 43.255.190.91 port 58373 ssh2]
Apr 11 00:55:07 ovzhost sshd[1058]: Received disconnect from 43.255.190.91: 11:  [preauth]
Apr 11 00:55:07 ovzhost sshd[1058]: PAM 2 more authentication failures; logname= uid=0 euid=0 tty=ssh ruser= rhost=43.255.190.91  user=root
Apr 11 00:55:08 ovzhost sshd[1060]: Failed password for root from 43.255.190.155 port 38939 ssh2
Apr 11 00:55:08 ovzhost sshd[1062]: pam_unix(sshd:auth): authentication failure; logname= uid=0 euid=0 tty=ssh ruser= rhost=43.255.190.91  user=root
Apr 11 00:55:10 ovzhost sshd[1062]: Failed password for root from 43.255.190.91 port 44679 ssh2
Apr 11 00:55:11 ovzhost sshd[1060]: message repeated 2 times: [ Failed password for root from 43.255.190.155 port 38939 ssh2]
Apr 11 00:55:11 ovzhost sshd[1060]: Received disconnect from 43.255.190.155: 11:  [preauth]
Apr 11 00:55:11 ovzhost sshd[1060]: PAM 2 more authentication failures; logname= uid=0 euid=0 tty=ssh ruser= rhost=43.255.190.155  user=root
Apr 11 00:55:12 ovzhost sshd[1064]: pam_unix(sshd:auth): authentication failure; logname= uid=0 euid=0 tty=ssh ruser= rhost=43.255.190.155  user=root
Apr 11 00:55:13 ovzhost sshd[1064]: Failed password for root from 43.255.190.155 port 52603 ssh2
Apr 11 00:55:14 ovzhost sshd[1062]: message repeated 2 times: [ Failed password for root from 43.255.190.91 port 44679 ssh2]
Apr 11 00:55:14 ovzhost sshd[1062]: Received disconnect from 43.255.190.91: 11:  [preauth]
Apr 11 00:55:14 ovzhost sshd[1062]: PAM 2 more authentication failures; logname= uid=0 euid=0 tty=ssh ruser= rhost=43.255.190.91  user=root
Apr 11 00:55:15 ovzhost sshd[1066]: pam_unix(sshd:auth): authentication failure; logname= uid=0 euid=0 tty=ssh ruser= rhost=43.255.190.91  user=root
Apr 11 00:55:16 ovzhost sshd[1066]: Failed password for root from 43.255.190.91 port 55575 ssh2
Apr 11 00:55:17 ovzhost sshd[1064]: message repeated 2 times: [ Failed password for root from 43.255.190.155 port 52603 ssh2]
Apr 11 00:55:17 ovzhost sshd[1064]: Received disconnect from 43.255.190.155: 11:  [preauth]
Apr 11 00:55:17 ovzhost sshd[1064]: PAM 2 more authentication failures; logname= uid=0 euid=0 tty=ssh ruser= rhost=43.255.190.155  user=root
Apr 11 00:55:18 ovzhost sshd[1068]: pam_unix(sshd:auth): authentication failure; logname= uid=0 euid=0 tty=ssh ruser= rhost=43.255.190.155  user=root
Apr 11 00:55:20 ovzhost sshd[1068]: Failed password for root from 43.255.190.155 port 39257 ssh2
Apr 11 00:55:20 ovzhost sshd[1066]: message repeated 2 times: [ Failed password for root from 43.255.190.91 port 55575 ssh2]
Apr 11 00:55:20 ovzhost sshd[1066]: Received disconnect from 43.255.190.91: 11:  [preauth]
Apr 11 00:55:20 ovzhost sshd[1066]: PAM 2 more authentication failures; logname= uid=0 euid=0 tty=ssh ruser= rhost=43.255.190.91  user=root
Apr 11 00:55:21 ovzhost sshd[1070]: pam_unix(sshd:auth): authentication failure; logname= uid=0 euid=0 tty=ssh ruser= rhost=43.255.190.91  user=root
Apr 11 00:55:23 ovzhost sshd[1070]: Failed password for root from 43.255.190.91 port 36471 ssh2
Apr 11 00:55:23 ovzhost sshd[1068]: message repeated 2 times: [ Failed password for root from 43.255.190.155 port 39257 ssh2]
Apr 11 00:55:23 ovzhost sshd[1068]: Received disconnect from 43.255.190.155: 11:  [preauth]
Apr 11 00:55:23 ovzhost sshd[1068]: PAM 2 more authentication failures; logname= uid=0 euid=0 tty=ssh ruser= rhost=43.255.190.155  user=root
Apr 11 00:55:24 ovzhost sshd[1072]: pam_unix(sshd:auth): authentication failure; logname= uid=0 euid=0 tty=ssh ruser= rhost=43.255.190.155  user=root
Apr 11 00:55:26 ovzhost sshd[1072]: Failed password for root from 43.255.190.155 port 53616 ssh2
Apr 11 00:55:27 ovzhost sshd[1070]: message repeated 2 times: [ Failed password for root from 43.255.190.91 port 36471 ssh2]
Apr 11 00:55:28 ovzhost sshd[1070]: Received disconnect from 43.255.190.91: 11:  [preauth]
Apr 11 00:55:28 ovzhost sshd[1070]: PAM 2 more authentication failures; logname= uid=0 euid=0 tty=ssh ruser= rhost=43.255.190.91  user=root
Apr 11 00:55:28 ovzhost sshd[1074]: pam_unix(sshd:auth): authentication failure; logname= uid=0 euid=0 tty=ssh ruser= rhost=43.255.190.91  user=root
Apr 11 00:55:29 ovzhost sshd[1072]: message repeated 2 times: [ Failed password for root from 43.255.190.155 port 53616 ssh2]
Apr 11 00:55:29 ovzhost sshd[1072]: Received disconnect from 43.255.190.155: 11:  [preauth]
