Mar 31 17:16:56 ovzhost sudo:     root : unable to resolve host ovzhost
Mar 31 17:16:56 ovzhost sudo:     root : TTY=pts/0 ; PWD=/ ; USER=root ; COMMAND=/usr/bin/less /root/.bash_history
Mar 31 17:16:56 ovzhost sudo: pam_unix(sudo:session): session opened for user root by (uid=0)
Mar 31 17:16:57 ovzhost sudo: pam_unix(sudo:session): session closed for user root
Apr  2 14:31:13 ovzhost sshd[419]: Server listening on 0.0.0.0 port 22.
Apr  2 14:31:13 ovzhost sshd[419]: Server listening on :: port 22.
Apr  2 14:31:13 ovzhost saslauthd[637]: detach_tty      : master pid is: 637
Apr  2 14:31:13 ovzhost saslauthd[637]: ipc_init        : listening on socket: /var/run/saslauthd/mux
Apr  2 14:33:26 ovzhost sshd[797]: Connection closed by 127.0.0.1 [preauth]
Apr 10 21:37:16 ovzhost sshd[778]: Connection closed by 127.0.0.1 [preauth]
Apr 10 21:39:01 ovzhost CRON[790]: pam_env(cron:session): Unable to open env file: /etc/default/locale: No such file or directory
Apr 10 21:39:01 ovzhost CRON[790]: pam_unix(cron:session): session opened for user root by (uid=0)
Apr 10 21:39:01 ovzhost CRON[790]: pam_unix(cron:session): session closed for user root
Apr 10 21:40:01 ovzhost CRON[808]: pam_env(cron:session): Unable to open env file: /etc/default/locale: No such file or directory
Apr 10 21:40:01 ovzhost CRON[808]: pam_unix(cron:session): session opened for user smmsp by (uid=0)
Apr 10 21:40:01 ovzhost CRON[808]: pam_unix(cron:session): session closed for user smmsp
Apr 10 21:40:06 ovzhost sshd[806]: pam_unix(sshd:auth): authentication failure; logname= uid=0 euid=0 tty=ssh ruser= rhost=58.218.213.254  user=root
Apr 10 21:40:08 ovzhost sshd[806]: Failed password for root from 58.218.213.254 port 38101 ssh2
Apr 10 21:40:13 ovzhost sshd[806]: message repeated 2 times: [ Failed password for root from 58.218.213.254 port 38101 ssh2]
Apr 10 21:40:13 ovzhost sshd[806]: Received disconnect from 58.218.213.254: 11:  [preauth]
Apr 10 21:40:13 ovzhost sshd[806]: PAM 2 more authentication failures; logname= uid=0 euid=0 tty=ssh ruser= rhost=58.218.213.254  user=root
Apr 10 21:40:16 ovzhost sshd[834]: pam_unix(sshd:auth): authentication failure; logname= uid=0 euid=0 tty=ssh ruser= rhost=58.218.213.254  user=root
Apr 10 21:40:17 ovzhost sshd[834]: Failed password for root from 58.218.213.254 port 50093 ssh2
Apr 10 21:40:22 ovzhost sshd[834]: message repeated 2 times: [ Failed password for root from 58.218.213.254 port 50093 ssh2]
Apr 10 21:40:22 ovzhost sshd[834]: Received disconnect from 58.218.213.254: 11:  [preauth]
Apr 10 21:40:22 ovzhost sshd[834]: PAM 2 more authentication failures; logname= uid=0 euid=0 tty=ssh ruser= rhost=58.218.213.254  user=root
Apr 10 21:40:26 ovzhost sshd[839]: Connection closed by 128.8.37.104 [preauth]
Apr 10 21:40:34 ovzhost sshd[836]: Connection closed by 58.218.213.254 [preauth]
Apr 10 21:40:47 ovzhost sshd[841]: Connection closed by 58.218.213.254 [preauth]
Apr 10 21:40:49 ovzhost sshd[845]: pam_unix(sshd:auth): authentication failure; logname= uid=0 euid=0 tty=ssh ruser= rhost=58.218.213.254  user=root
Apr 10 21:40:51 ovzhost sshd[845]: Failed password for root from 58.218.213.254 port 44615 ssh2
Apr 10 21:40:56 ovzhost sshd[845]: message repeated 2 times: [ Failed password for root from 58.218.213.254 port 44615 ssh2]
Apr 10 21:40:57 ovzhost sshd[845]: Received disconnect from 58.218.213.254: 11:  [preauth]
Apr 10 21:40:57 ovzhost sshd[845]: PAM 2 more authentication failures; logname= uid=0 euid=0 tty=ssh ruser= rhost=58.218.213.254  user=root
Apr 10 21:41:07 ovzhost sshd[847]: Connection closed by 58.218.213.254 [preauth]
Apr 10 21:41:09 ovzhost sshd[849]: pam_unix(sshd:auth): authentication failure; logname= uid=0 euid=0 tty=ssh ruser= rhost=58.218.213.254  user=root
Apr 10 21:41:11 ovzhost sshd[849]: Failed password for root from 58.218.213.254 port 56451 ssh2
Apr 10 21:41:16 ovzhost sshd[849]: message repeated 2 times: [ Failed password for root from 58.218.213.254 port 56451 ssh2]
Apr 10 21:41:16 ovzhost sshd[849]: Received disconnect from 58.218.213.254: 11:  [preauth]
Apr 10 21:41:16 ovzhost sshd[849]: PAM 2 more authentication failures; logname= uid=0 euid=0 tty=ssh ruser= rhost=58.218.213.254  user=root
Apr 10 21:41:20 ovzhost sshd[851]: pam_unix(sshd:auth): authentication failure; logname= uid=0 euid=0 tty=ssh ruser= rhost=58.218.213.254  user=root
Apr 10 21:41:22 ovzhost sshd[851]: Failed password for root from 58.218.213.254 port 49983 ssh2
Apr 10 21:41:27 ovzhost sshd[851]: message repeated 2 times: [ Failed password for root from 58.218.213.254 port 49983 ssh2]
Apr 10 21:41:28 ovzhost sshd[851]: Received disconnect from 58.218.213.254: 11:  [preauth]
Apr 10 21:41:28 ovzhost sshd[851]: PAM 2 more authentication failures; logname= uid=0 euid=0 tty=ssh ruser= rhost=58.218.213.254  user=root
Apr 10 21:41:31 ovzhost sshd[855]: pam_unix(sshd:auth): authentication failure; logname= uid=0 euid=0 tty=ssh ruser= rhost=58.218.213.254  user=root
Apr 10 21:41:34 ovzhost sshd[855]: Failed password for root from 58.218.213.254 port 39687 ssh2
Apr 10 21:41:38 ovzhost sshd[855]: message repeated 2 times: [ Failed password for root from 58.218.213.254 port 39687 ssh2]
Apr 10 21:41:39 ovzhost sshd[855]: Received disconnect from 58.218.213.254: 11:  [preauth]
Apr 10 21:41:39 ovzhost sshd[855]: PAM 2 more authentication failures; logname= uid=0 euid=0 tty=ssh ruser= rhost=58.218.213.254  user=root
Apr 10 21:41:49 ovzhost sshd[857]: Connection closed by 58.218.213.254 [preauth]
Apr 10 21:42:02 ovzhost sshd[859]: Connection closed by 58.218.213.254 [preauth]
Apr 10 21:42:07 ovzhost sshd[862]: pam_unix(sshd:auth): authentication failure; logname= uid=0 euid=0 tty=ssh ruser= rhost=58.218.213.254  user=root
Apr 10 21:42:09 ovzhost sshd[862]: Failed password for root from 58.218.213.254 port 44490 ssh2
Apr 10 21:42:14 ovzhost sshd[862]: message repeated 2 times: [ Failed password for root from 58.218.213.254 port 44490 ssh2]
Apr 10 21:42:14 ovzhost sshd[862]: Received disconnect from 58.218.213.254: 11:  [preauth]
Apr 10 21:42:14 ovzhost sshd[862]: PAM 2 more authentication failures; logname= uid=0 euid=0 tty=ssh ruser= rhost=58.218.213.254  user=root
Apr 10 21:42:16 ovzhost sshd[867]: Connection closed by 127.0.0.1 [preauth]
Apr 10 21:42:20 ovzhost sshd[864]: pam_unix(sshd:auth): authentication failure; logname= uid=0 euid=0 tty=ssh ruser= rhost=58.218.213.254  user=root
Apr 10 21:42:22 ovzhost sshd[864]: Failed password for root from 58.218.213.254 port 35945 ssh2
Apr 10 21:42:26 ovzhost sshd[864]: message repeated 2 times: [ Failed password for root from 58.218.213.254 port 35945 ssh2]
Apr 10 21:42:27 ovzhost sshd[864]: Received disconnect from 58.218.213.254: 11:  [preauth]
Apr 10 21:42:27 ovzhost sshd[864]: PAM 2 more authentication failures; logname= uid=0 euid=0 tty=ssh ruser= rhost=58.218.213.254  user=root
Apr 10 21:42:35 ovzhost sshd[869]: pam_unix(sshd:auth): authentication failure; logname= uid=0 euid=0 tty=ssh ruser= rhost=58.218.213.254  user=root
Apr 10 21:42:37 ovzhost sshd[869]: Failed password for root from 58.218.213.254 port 56518 ssh2
Apr 10 21:42:43 ovzhost sshd[869]: message repeated 2 times: [ Failed password for root from 58.218.213.254 port 56518 ssh2]
Apr 10 21:42:43 ovzhost sshd[869]: Received disconnect from 58.218.213.254: 11:  [preauth]
Apr 10 21:42:43 ovzhost sshd[869]: PAM 2 more authentication failures; logname= uid=0 euid=0 tty=ssh ruser= rhost=58.218.213.254  user=root
Apr 10 21:42:49 ovzhost sshd[873]: pam_unix(sshd:auth): authentication failure; logname= uid=0 euid=0 tty=ssh ruser= rhost=58.218.213.254  user=root
Apr 10 21:42:51 ovzhost sshd[873]: Failed password for root from 58.218.213.254 port 55647 ssh2
Apr 10 21:42:56 ovzhost sshd[873]: message repeated 2 times: [ Failed password for root from 58.218.213.254 port 55647 ssh2]
Apr 10 21:42:56 ovzhost sshd[873]: Received disconnect from 58.218.213.254: 11:  [preauth]
Apr 10 21:42:56 ovzhost sshd[873]: PAM 2 more authentication failures; logname= uid=0 euid=0 tty=ssh ruser= rhost=58.218.213.254  user=root
Apr 10 21:43:03 ovzhost sshd[878]: pam_unix(sshd:auth): authentication failure; logname= uid=0 euid=0 tty=ssh ruser= rhost=58.218.213.254  user=root
Apr 10 21:43:05 ovzhost sshd[878]: Failed password for root from 58.218.213.254 port 48809 ssh2
Apr 10 21:43:10 ovzhost sshd[878]: message repeated 2 times: [ Failed password for root from 58.218.213.254 port 48809 ssh2]
Apr 10 21:43:10 ovzhost sshd[878]: Received disconnect from 58.218.213.254: 11:  [preauth]
Apr 10 21:43:10 ovzhost sshd[878]: PAM 2 more authentication failures; logname= uid=0 euid=0 tty=ssh ruser= rhost=58.218.213.254  user=root
Apr 10 21:43:12 ovzhost sshd[880]: pam_unix(sshd:auth): authentication failure; logname= uid=0 euid=0 tty=ssh ruser= rhost=58.218.213.254  user=root
Apr 10 21:43:13 ovzhost sshd[880]: Failed password for root from 58.218.213.254 port 42184 ssh2
Apr 10 21:43:18 ovzhost sshd[880]: message repeated 2 times: [ Failed password for root from 58.218.213.254 port 42184 ssh2]
Apr 10 21:43:18 ovzhost sshd[880]: Received disconnect from 58.218.213.254: 11:  [preauth]
Apr 10 21:43:18 ovzhost sshd[880]: PAM 2 more authentication failures; logname= uid=0 euid=0 tty=ssh ruser= rhost=58.218.213.254  user=root
Apr 10 21:47:16 ovzhost sshd[894]: Connection closed by 127.0.0.1 [preauth]
Apr 10 21:50:26 ovzhost sshd[912]: Connection closed by 128.8.37.104 [preauth]
Apr 10 21:52:16 ovzhost sshd[920]: Connection closed by 127.0.0.1 [preauth]
Apr 10 21:52:42 ovzhost sshd[922]: pam_unix(sshd:auth): authentication failure; logname= uid=0 euid=0 tty=ssh ruser= rhost=58.215.179.202  user=root
Apr 10 21:52:44 ovzhost sshd[922]: Failed password for root from 58.215.179.202 port 41318 ssh2
Apr 10 21:52:49 ovzhost sshd[922]: message repeated 2 times: [ Failed password for root from 58.215.179.202 port 41318 ssh2]
Apr 10 21:52:49 ovzhost sshd[922]: Connection closed by 58.215.179.202 [preauth]
Apr 10 21:52:49 ovzhost sshd[922]: PAM 2 more authentication failures; logname= uid=0 euid=0 tty=ssh ruser= rhost=58.215.179.202  user=root
Apr 10 21:56:10 ovzhost sshd[937]: Invalid user vmail from 221.146.74.146
Apr 10 21:56:10 ovzhost sshd[937]: input_userauth_request: invalid user vmail [preauth]
Apr 10 21:56:10 ovzhost sshd[937]: pam_unix(sshd:auth): check pass; user unknown
Apr 10 21:56:10 ovzhost sshd[937]: pam_unix(sshd:auth): authentication failure; logname= uid=0 euid=0 tty=ssh ruser= rhost=221.146.74.146 
Apr 10 21:56:12 ovzhost sshd[937]: Failed password for invalid user vmail from 221.146.74.146 port 50972 ssh2
Apr 10 21:56:12 ovzhost sshd[937]: Connection closed by 221.146.74.146 [preauth]
Apr 10 21:57:15 ovzhost sshd[943]: Connection closed by 127.0.0.1 [preauth]
Apr 10 22:00:01 ovzhost CRON[960]: pam_env(cron:session): Unable to open env file: /etc/default/locale: No such file or directory
Apr 10 22:00:01 ovzhost CRON[960]: pam_unix(cron:session): session opened for user smmsp by (uid=0)
Apr 10 22:00:01 ovzhost CRON[960]: pam_unix(cron:session): session closed for user smmsp
Apr 10 22:00:25 ovzhost sshd[987]: Connection closed by 128.8.37.104 [preauth]
Apr 10 22:02:15 ovzhost sshd[995]: Connection closed by 127.0.0.1 [preauth]
Apr 10 22:04:22 ovzhost sshd[1006]: Invalid user lynx from 80.242.123.130
Apr 10 22:04:22 ovzhost sshd[1006]: input_userauth_request: invalid user lynx [preauth]
Apr 10 22:04:22 ovzhost sshd[1006]: pam_unix(sshd:auth): check pass; user unknown
Apr 10 22:04:22 ovzhost sshd[1006]: pam_unix(sshd:auth): authentication failure; logname= uid=0 euid=0 tty=ssh ruser= rhost=130-123-242-80.pppoe.dyn.broadband.blic.net 
Apr 10 22:04:25 ovzhost sshd[1006]: Failed password for invalid user lynx from 80.242.123.130 port 41450 ssh2
Apr 10 22:04:25 ovzhost sshd[1006]: Received disconnect from 80.242.123.130: 11: Bye Bye [preauth]
Apr 10 22:05:03 ovzhost sshd[1010]: pam_unix(sshd:auth): authentication failure; logname= uid=0 euid=0 tty=ssh ruser= rhost=43.255.190.191  user=root
Apr 10 22:05:05 ovzhost sshd[1010]: Failed password for root from 43.255.190.191 port 36731 ssh2
Apr 10 22:05:10 ovzhost sshd[1010]: message repeated 2 times: [ Failed password for root from 43.255.190.191 port 36731 ssh2]
Apr 10 22:05:10 ovzhost sshd[1010]: Received disconnect from 43.255.190.191: 11:  [preauth]
Apr 10 22:05:10 ovzhost sshd[1010]: PAM 2 more authentication failures; logname= uid=0 euid=0 tty=ssh ruser= rhost=43.255.190.191  user=root
Apr 10 22:05:10 ovzhost sshd[1012]: pam_unix(sshd:auth): authentication failure; logname= uid=0 euid=0 tty=ssh ruser= rhost=43.255.190.191  user=root
Apr 10 22:05:12 ovzhost sshd[1012]: Failed password for root from 43.255.190.191 port 52986 ssh2
Apr 10 22:05:17 ovzhost sshd[1012]: message repeated 2 times: [ Failed password for root from 43.255.190.191 port 52986 ssh2]
Apr 10 22:05:17 ovzhost sshd[1012]: Received disconnect from 43.255.190.191: 11:  [preauth]
Apr 10 22:05:17 ovzhost sshd[1012]: PAM 2 more authentication failures; logname= uid=0 euid=0 tty=ssh ruser= rhost=43.255.190.191  user=root
Apr 10 22:05:18 ovzhost sshd[1014]: pam_unix(sshd:auth): authentication failure; logname= uid=0 euid=0 tty=ssh ruser= rhost=43.255.190.191  user=root
Apr 10 22:05:20 ovzhost sshd[1014]: Failed password for root from 43.255.190.191 port 42919 ssh2
Apr 10 22:05:24 ovzhost sshd[1014]: message repeated 2 times: [ Failed password for root from 43.255.190.191 port 42919 ssh2]
Apr 10 22:05:24 ovzhost sshd[1014]: Received disconnect from 43.255.190.191: 11:  [preauth]
Apr 10 22:05:24 ovzhost sshd[1014]: PAM 2 more authentication failures; logname= uid=0 euid=0 tty=ssh ruser= rhost=43.255.190.191  user=root
Apr 10 22:05:25 ovzhost sshd[1016]: pam_unix(sshd:auth): authentication failure; logname= uid=0 euid=0 tty=ssh ruser= rhost=43.255.190.191  user=root
Apr 10 22:05:27 ovzhost sshd[1016]: Failed password for root from 43.255.190.191 port 59626 ssh2
Apr 10 22:05:31 ovzhost sshd[1016]: message repeated 2 times: [ Failed password for root from 43.255.190.191 port 59626 ssh2]
Apr 10 22:05:31 ovzhost sshd[1016]: Received disconnect from 43.255.190.191: 11:  [preauth]
Apr 10 22:05:31 ovzhost sshd[1016]: PAM 2 more authentication failures; logname= uid=0 euid=0 tty=ssh ruser= rhost=43.255.190.191  user=root
Apr 10 22:05:32 ovzhost sshd[1018]: pam_unix(sshd:auth): authentication failure; logname= uid=0 euid=0 tty=ssh ruser= rhost=43.255.190.191  user=root
Apr 10 22:05:34 ovzhost sshd[1018]: Failed password for root from 43.255.190.191 port 48110 ssh2
Apr 10 22:05:38 ovzhost sshd[1018]: message repeated 2 times: [ Failed password for root from 43.255.190.191 port 48110 ssh2]
Apr 10 22:05:38 ovzhost sshd[1018]: Received disconnect from 43.255.190.191: 11:  [preauth]
Apr 10 22:05:38 ovzhost sshd[1018]: PAM 2 more authentication failures; logname= uid=0 euid=0 tty=ssh ruser= rhost=43.255.190.191  user=root
Apr 10 22:05:39 ovzhost sshd[1020]: pam_unix(sshd:auth): authentication failure; logname= uid=0 euid=0 tty=ssh ruser= rhost=43.255.190.191  user=root
Apr 10 22:05:41 ovzhost sshd[1020]: Failed password for root from 43.255.190.191 port 37569 ssh2
Apr 10 22:05:45 ovzhost sshd[1020]: message repeated 2 times: [ Failed password for root from 43.255.190.191 port 37569 ssh2]
Apr 10 22:05:45 ovzhost sshd[1020]: Received disconnect from 43.255.190.191: 11:  [preauth]
Apr 10 22:05:45 ovzhost sshd[1020]: PAM 2 more authentication failures; logname= uid=0 euid=0 tty=ssh ruser= rhost=43.255.190.191  user=root
Apr 10 22:05:46 ovzhost sshd[1022]: pam_unix(sshd:auth): authentication failure; logname= uid=0 euid=0 tty=ssh ruser= rhost=43.255.190.191  user=root
Apr 10 22:05:48 ovzhost sshd[1022]: Failed password for root from 43.255.190.191 port 55092 ssh2
Apr 10 22:05:52 ovzhost sshd[1022]: message repeated 2 times: [ Failed password for root from 43.255.190.191 port 55092 ssh2]
Apr 10 22:05:52 ovzhost sshd[1022]: Received disconnect from 43.255.190.191: 11:  [preauth]
Apr 10 22:05:52 ovzhost sshd[1022]: PAM 2 more authentication failures; logname= uid=0 euid=0 tty=ssh ruser= rhost=43.255.190.191  user=root
Apr 10 22:05:53 ovzhost sshd[1024]: pam_unix(sshd:auth): authentication failure; logname= uid=0 euid=0 tty=ssh ruser= rhost=43.255.190.191  user=root
Apr 10 22:05:55 ovzhost sshd[1024]: Failed password for root from 43.255.190.191 port 43975 ssh2
Apr 10 22:05:59 ovzhost sshd[1024]: message repeated 2 times: [ Failed password for root from 43.255.190.191 port 43975 ssh2]
Apr 10 22:06:00 ovzhost sshd[1024]: Received disconnect from 43.255.190.191: 11:  [preauth]
Apr 10 22:06:00 ovzhost sshd[1024]: PAM 2 more authentication failures; logname= uid=0 euid=0 tty=ssh ruser= rhost=43.255.190.191  user=root
Apr 10 22:06:00 ovzhost sshd[1028]: pam_unix(sshd:auth): authentication failure; logname= uid=0 euid=0 tty=ssh ruser= rhost=43.255.190.191  user=root
Apr 10 22:06:03 ovzhost sshd[1028]: Failed password for root from 43.255.190.191 port 33616 ssh2
Apr 10 22:06:08 ovzhost sshd[1028]: message repeated 2 times: [ Failed password for root from 43.255.190.191 port 33616 ssh2]
Apr 10 22:06:08 ovzhost sshd[1028]: Received disconnect from 43.255.190.191: 11:  [preauth]
Apr 10 22:06:08 ovzhost sshd[1028]: PAM 2 more authentication failures; logname= uid=0 euid=0 tty=ssh ruser= rhost=43.255.190.191  user=root
Apr 10 22:06:08 ovzhost sshd[1030]: pam_unix(sshd:auth): authentication failure; logname= uid=0 euid=0 tty=ssh ruser= rhost=43.255.190.191  user=root
Apr 10 22:06:10 ovzhost sshd[1030]: Failed password for root from 43.255.190.191 port 53964 ssh2
Apr 10 22:06:14 ovzhost sshd[1030]: message repeated 2 times: [ Failed password for root from 43.255.190.191 port 53964 ssh2]
Apr 10 22:06:14 ovzhost sshd[1030]: Received disconnect from 43.255.190.191: 11:  [preauth]
Apr 10 22:06:14 ovzhost sshd[1030]: PAM 2 more authentication failures; logname= uid=0 euid=0 tty=ssh ruser= rhost=43.255.190.191  user=root
Apr 10 22:06:15 ovzhost sshd[1032]: pam_unix(sshd:auth): authentication failure; logname= uid=0 euid=0 tty=ssh ruser= rhost=43.255.190.191  user=root
Apr 10 22:06:17 ovzhost sshd[1032]: Failed password for root from 43.255.190.191 port 41242 ssh2
Apr 10 22:06:21 ovzhost sshd[1032]: message repeated 2 times: [ Failed password for root from 43.255.190.191 port 41242 ssh2]
Apr 10 22:06:22 ovzhost sshd[1032]: Received disconnect from 43.255.190.191: 11:  [preauth]
Apr 10 22:06:22 ovzhost sshd[1032]: PAM 2 more authentication failures; logname= uid=0 euid=0 tty=ssh ruser= rhost=43.255.190.191  user=root
Apr 10 22:06:22 ovzhost sshd[1036]: pam_unix(sshd:auth): authentication failure; logname= uid=0 euid=0 tty=ssh ruser= rhost=43.255.190.191  user=root
Apr 10 22:06:25 ovzhost sshd[1036]: Failed password for root from 43.255.190.191 port 60916 ssh2
Apr 10 22:06:28 ovzhost sshd[1036]: message repeated 2 times: [ Failed password for root from 43.255.190.191 port 60916 ssh2]
Apr 10 22:06:28 ovzhost sshd[1036]: Received disconnect from 43.255.190.191: 11:  [preauth]
Apr 10 22:06:28 ovzhost sshd[1036]: PAM 2 more authentication failures; logname= uid=0 euid=0 tty=ssh ruser= rhost=43.255.190.191  user=root
Apr 10 22:06:29 ovzhost sshd[1038]: pam_unix(sshd:auth): authentication failure; logname= uid=0 euid=0 tty=ssh ruser= rhost=43.255.190.191  user=root
Apr 10 22:06:31 ovzhost sshd[1038]: Failed password for root from 43.255.190.191 port 49000 ssh2
Apr 10 22:06:36 ovzhost sshd[1038]: message repeated 2 times: [ Failed password for root from 43.255.190.191 port 49000 ssh2]
Apr 10 22:06:36 ovzhost sshd[1038]: Received disconnect from 43.255.190.191: 11:  [preauth]
Apr 10 22:06:36 ovzhost sshd[1038]: PAM 2 more authentication failures; logname= uid=0 euid=0 tty=ssh ruser= rhost=43.255.190.191  user=root
Apr 10 22:06:36 ovzhost sshd[1040]: pam_unix(sshd:auth): authentication failure; logname= uid=0 euid=0 tty=ssh ruser= rhost=43.255.190.191  user=root
Apr 10 22:06:39 ovzhost sshd[1040]: Failed password for root from 43.255.190.191 port 41043 ssh2
Apr 10 22:06:44 ovzhost sshd[1040]: message repeated 2 times: [ Failed password for root from 43.255.190.191 port 41043 ssh2]
Apr 10 22:06:44 ovzhost sshd[1040]: Received disconnect from 43.255.190.191: 11:  [preauth]
Apr 10 22:06:44 ovzhost sshd[1040]: PAM 2 more authentication failures; logname= uid=0 euid=0 tty=ssh ruser= rhost=43.255.190.191  user=root
Apr 10 22:06:45 ovzhost sshd[1044]: pam_unix(sshd:auth): authentication failure; logname= uid=0 euid=0 tty=ssh ruser= rhost=43.255.190.191  user=root
Apr 10 22:06:45 ovzhost sshd[1042]: pam_unix(sshd:auth): authentication failure; logname= uid=0 euid=0 tty=ssh ruser= rhost=58.218.204.248  user=root
Apr 10 22:06:47 ovzhost sshd[1044]: Failed password for root from 43.255.190.191 port 34516 ssh2
Apr 10 22:06:47 ovzhost sshd[1042]: Failed password for root from 58.218.204.248 port 37296 ssh2
Apr 10 22:06:51 ovzhost sshd[1044]: message repeated 2 times: [ Failed password for root from 43.255.190.191 port 34516 ssh2]
Apr 10 22:06:51 ovzhost sshd[1044]: Received disconnect from 43.255.190.191: 11:  [preauth]
Apr 10 22:06:51 ovzhost sshd[1044]: PAM 2 more authentication failures; logname= uid=0 euid=0 tty=ssh ruser= rhost=43.255.190.191  user=root
Apr 10 22:06:52 ovzhost sshd[1047]: pam_unix(sshd:auth): authentication failure; logname= uid=0 euid=0 tty=ssh ruser= rhost=43.255.190.191  user=root
Apr 10 22:06:52 ovzhost sshd[1042]: message repeated 2 times: [ Failed password for root from 58.218.204.248 port 37296 ssh2]
Apr 10 22:06:52 ovzhost sshd[1042]: Received disconnect from 58.218.204.248: 11:  [preauth]
Apr 10 22:06:52 ovzhost sshd[1042]: PAM 2 more authentication failures; logname= uid=0 euid=0 tty=ssh ruser= rhost=58.218.204.248  user=root
Apr 10 22:06:54 ovzhost sshd[1047]: Failed password for root from 43.255.190.191 port 54348 ssh2
Apr 10 22:06:56 ovzhost sshd[1049]: pam_unix(sshd:auth): authentication failure; logname= uid=0 euid=0 tty=ssh ruser= rhost=58.218.204.248  user=root
Apr 10 22:06:58 ovzhost sshd[1049]: Failed password for root from 58.218.204.248 port 56191 ssh2
Apr 10 22:06:59 ovzhost sshd[1047]: message repeated 2 times: [ Failed password for root from 43.255.190.191 port 54348 ssh2]
Apr 10 22:06:59 ovzhost sshd[1047]: Received disconnect from 43.255.190.191: 11:  [preauth]
Apr 10 22:06:59 ovzhost sshd[1047]: PAM 2 more authentication failures; logname= uid=0 euid=0 tty=ssh ruser= rhost=43.255.190.191  user=root
Apr 10 22:07:00 ovzhost sshd[1051]: pam_unix(sshd:auth): authentication failure; logname= uid=0 euid=0 tty=ssh ruser= rhost=43.255.190.191  user=root
Apr 10 22:07:02 ovzhost sshd[1051]: Failed password for root from 43.255.190.191 port 47158 ssh2
Apr 10 22:07:04 ovzhost sshd[1049]: message repeated 2 times: [ Failed password for root from 58.218.204.248 port 56191 ssh2]
Apr 10 22:07:04 ovzhost sshd[1049]: Received disconnect from 58.218.204.248: 11:  [preauth]
Apr 10 22:07:04 ovzhost sshd[1049]: PAM 2 more authentication failures; logname= uid=0 euid=0 tty=ssh ruser= rhost=58.218.204.248  user=root
Apr 10 22:07:06 ovzhost sshd[1053]: pam_unix(sshd:auth): authentication failure; logname= uid=0 euid=0 tty=ssh ruser= rhost=58.218.204.248  user=root
Apr 10 22:07:07 ovzhost sshd[1051]: message repeated 2 times: [ Failed password for root from 43.255.190.191 port 47158 ssh2]
Apr 10 22:07:07 ovzhost sshd[1051]: Received disconnect from 43.255.190.191: 11:  [preauth]
Apr 10 22:07:07 ovzhost sshd[1051]: PAM 2 more authentication failures; logname= uid=0 euid=0 tty=ssh ruser= rhost=43.255.190.191  user=root
Apr 10 22:07:07 ovzhost sshd[1055]: pam_unix(sshd:auth): authentication failure; logname= uid=0 euid=0 tty=ssh ruser= rhost=43.255.190.191  user=root
Apr 10 22:07:09 ovzhost sshd[1055]: Failed password for root from 43.255.190.191 port 38464 ssh2
Apr 10 22:07:09 ovzhost sshd[1053]: Failed password for root from 58.218.204.248 port 54870 ssh2
Apr 10 22:07:13 ovzhost sshd[1055]: message repeated 2 times: [ Failed password for root from 43.255.190.191 port 38464 ssh2]
Apr 10 22:07:13 ovzhost sshd[1055]: Received disconnect from 43.255.190.191: 11:  [preauth]
Apr 10 22:07:13 ovzhost sshd[1055]: PAM 2 more authentication failures; logname= uid=0 euid=0 tty=ssh ruser= rhost=43.255.190.191  user=root
Apr 10 22:07:14 ovzhost sshd[1057]: pam_unix(sshd:auth): authentication failure; logname= uid=0 euid=0 tty=ssh ruser= rhost=43.255.190.191  user=root
Apr 10 22:07:13 ovzhost sshd[1053]: message repeated 2 times: [ Failed password for root from 58.218.204.248 port 54870 ssh2]
Apr 10 22:07:14 ovzhost sshd[1053]: Received disconnect from 58.218.204.248: 11:  [preauth]
Apr 10 22:07:14 ovzhost sshd[1053]: PAM 2 more authentication failures; logname= uid=0 euid=0 tty=ssh ruser= rhost=58.218.204.248  user=root
Apr 10 22:07:15 ovzhost sshd[1057]: Failed password for root from 43.255.190.191 port 55985 ssh2
Apr 10 22:07:15 ovzhost sshd[1062]: Connection closed by 127.0.0.1 [preauth]
Apr 10 22:07:16 ovzhost sshd[1059]: pam_unix(sshd:auth): authentication failure; logname= uid=0 euid=0 tty=ssh ruser= rhost=58.218.204.248  user=root
Apr 10 22:07:19 ovzhost sshd[1059]: Failed password for root from 58.218.204.248 port 48882 ssh2
Apr 10 22:07:21 ovzhost sshd[1057]: message repeated 2 times: [ Failed password for root from 43.255.190.191 port 55985 ssh2]
Apr 10 22:07:21 ovzhost sshd[1057]: Received disconnect from 43.255.190.191: 11:  [preauth]
Apr 10 22:07:21 ovzhost sshd[1057]: PAM 2 more authentication failures; logname= uid=0 euid=0 tty=ssh ruser= rhost=43.255.190.191  user=root
Apr 10 22:07:21 ovzhost sshd[1064]: pam_unix(sshd:auth): authentication failure; logname= uid=0 euid=0 tty=ssh ruser= rhost=43.255.190.191  user=root
Apr 10 22:07:23 ovzhost sshd[1064]: Failed password for root from 43.255.190.191 port 48870 ssh2
Apr 10 22:07:24 ovzhost sshd[1059]: message repeated 2 times: [ Failed password for root from 58.218.204.248 port 48882 ssh2]
Apr 10 22:07:24 ovzhost sshd[1059]: Received disconnect from 58.218.204.248: 11:  [preauth]
Apr 10 22:07:24 ovzhost sshd[1059]: PAM 2 more authentication failures; logname= uid=0 euid=0 tty=ssh ruser= rhost=58.218.204.248  user=root
Apr 10 22:07:27 ovzhost sshd[1067]: pam_unix(sshd:auth): authentication failure; logname= uid=0 euid=0 tty=ssh ruser= rhost=58.218.204.248  user=root
Apr 10 22:07:28 ovzhost sshd[1064]: message repeated 2 times: [ Failed password for root from 43.255.190.191 port 48870 ssh2]
Apr 10 22:07:28 ovzhost sshd[1064]: Received disconnect from 43.255.190.191: 11:  [preauth]
Apr 10 22:07:28 ovzhost sshd[1064]: PAM 2 more authentication failures; logname= uid=0 euid=0 tty=ssh ruser= rhost=43.255.190.191  user=root
Apr 10 22:07:28 ovzhost sshd[1069]: pam_unix(sshd:auth): authentication failure; logname= uid=0 euid=0 tty=ssh ruser= rhost=43.255.190.191  user=root
Apr 10 22:07:29 ovzhost sshd[1067]: Failed password for root from 58.218.204.248 port 43583 ssh2
Apr 10 22:07:30 ovzhost sshd[1069]: Failed password for root from 43.255.190.191 port 39847 ssh2
Apr 10 22:07:34 ovzhost sshd[1067]: message repeated 2 times: [ Failed password for root from 58.218.204.248 port 43583 ssh2]
Apr 10 22:07:35 ovzhost sshd[1067]: Received disconnect from 58.218.204.248: 11:  [preauth]
Apr 10 22:07:35 ovzhost sshd[1067]: PAM 2 more authentication failures; logname= uid=0 euid=0 tty=ssh ruser= rhost=58.218.204.248  user=root
Apr 10 22:07:35 ovzhost sshd[1069]: message repeated 2 times: [ Failed password for root from 43.255.190.191 port 39847 ssh2]
Apr 10 22:07:35 ovzhost sshd[1069]: Received disconnect from 43.255.190.191: 11:  [preauth]
Apr 10 22:07:35 ovzhost sshd[1069]: PAM 2 more authentication failures; logname= uid=0 euid=0 tty=ssh ruser= rhost=43.255.190.191  user=root
Apr 10 22:07:36 ovzhost sshd[1071]: pam_unix(sshd:auth): authentication failure; logname= uid=0 euid=0 tty=ssh ruser= rhost=43.255.190.191  user=root
Apr 10 22:07:37 ovzhost sshd[1071]: Failed password for root from 43.255.190.191 port 59865 ssh2
Apr 10 22:07:39 ovzhost sshd[1073]: pam_unix(sshd:auth): authentication failure; logname= uid=0 euid=0 tty=ssh ruser= rhost=58.218.204.248  user=root
Apr 10 22:07:42 ovzhost sshd[1073]: Failed password for root from 58.218.204.248 port 41455 ssh2
Apr 10 22:07:42 ovzhost sshd[1071]: message repeated 2 times: [ Failed password for root from 43.255.190.191 port 59865 ssh2]
Apr 10 22:07:42 ovzhost sshd[1071]: Received disconnect from 43.255.190.191: 11:  [preauth]
Apr 10 22:07:42 ovzhost sshd[1071]: PAM 2 more authentication failures; logname= uid=0 euid=0 tty=ssh ruser= rhost=43.255.190.191  user=root
Apr 10 22:07:43 ovzhost sshd[1077]: pam_unix(sshd:auth): authentication failure; logname= uid=0 euid=0 tty=ssh ruser= rhost=43.255.190.191  user=root
Apr 10 22:07:45 ovzhost sshd[1077]: Failed password for root from 43.255.190.191 port 51262 ssh2
Apr 10 22:07:46 ovzhost sshd[1073]: message repeated 2 times: [ Failed password for root from 58.218.204.248 port 41455 ssh2]
Apr 10 22:07:46 ovzhost sshd[1073]: Received disconnect from 58.218.204.248: 11:  [preauth]
Apr 10 22:07:46 ovzhost sshd[1073]: PAM 2 more authentication failures; logname= uid=0 euid=0 tty=ssh ruser= rhost=58.218.204.248  user=root
Apr 10 22:07:48 ovzhost sshd[1077]: message repeated 2 times: [ Failed password for root from 43.255.190.191 port 51262 ssh2]
Apr 10 22:07:48 ovzhost sshd[1077]: Received disconnect from 43.255.190.191: 11:  [preauth]
Apr 10 22:07:48 ovzhost sshd[1077]: PAM 2 more authentication failures; logname= uid=0 euid=0 tty=ssh ruser= rhost=43.255.190.191  user=root
Apr 10 22:07:49 ovzhost sshd[1081]: pam_unix(sshd:auth): authentication failure; logname= uid=0 euid=0 tty=ssh ruser= rhost=43.255.190.191  user=root
Apr 10 22:07:49 ovzhost sshd[1079]: pam_unix(sshd:auth): authentication failure; logname= uid=0 euid=0 tty=ssh ruser= rhost=58.218.204.248  user=root
Apr 10 22:07:51 ovzhost sshd[1081]: Failed password for root from 43.255.190.191 port 39929 ssh2
Apr 10 22:07:51 ovzhost sshd[1079]: Failed password for root from 58.218.204.248 port 36670 ssh2
Apr 10 22:07:57 ovzhost sshd[1081]: message repeated 2 times: [ Failed password for root from 43.255.190.191 port 39929 ssh2]
Apr 10 22:07:57 ovzhost sshd[1081]: Received disconnect from 43.255.190.191: 11:  [preauth]
Apr 10 22:07:57 ovzhost sshd[1081]: PAM 2 more authentication failures; logname= uid=0 euid=0 tty=ssh ruser= rhost=43.255.190.191  user=root
Apr 10 22:07:57 ovzhost sshd[1079]: message repeated 2 times: [ Failed password for root from 58.218.204.248 port 36670 ssh2]
Apr 10 22:07:57 ovzhost sshd[1079]: Received disconnect from 58.218.204.248: 11:  [preauth]
Apr 10 22:07:57 ovzhost sshd[1079]: PAM 2 more authentication failures; logname= uid=0 euid=0 tty=ssh ruser= rhost=58.218.204.248  user=root
Apr 10 22:07:57 ovzhost sshd[1084]: pam_unix(sshd:auth): authentication failure; logname= uid=0 euid=0 tty=ssh ruser= rhost=43.255.190.191  user=root
Apr 10 22:07:59 ovzhost sshd[1084]: Failed password for root from 43.255.190.191 port 34396 ssh2
Apr 10 22:08:00 ovzhost sshd[1086]: pam_unix(sshd:auth): authentication failure; logname= uid=0 euid=0 tty=ssh ruser= rhost=58.218.204.248  user=root
Apr 10 22:08:03 ovzhost sshd[1086]: Failed password for root from 58.218.204.248 port 57075 ssh2
Apr 10 22:08:03 ovzhost sshd[1084]: message repeated 2 times: [ Failed password for root from 43.255.190.191 port 34396 ssh2]
Apr 10 22:08:03 ovzhost sshd[1084]: Received disconnect from 43.255.190.191: 11:  [preauth]
Apr 10 22:08:03 ovzhost sshd[1084]: PAM 2 more authentication failures; logname= uid=0 euid=0 tty=ssh ruser= rhost=43.255.190.191  user=root
Apr 10 22:08:04 ovzhost sshd[1088]: pam_unix(sshd:auth): authentication failure; logname= uid=0 euid=0 tty=ssh ruser= rhost=43.255.190.191  user=root
Apr 10 22:08:06 ovzhost sshd[1088]: Failed password for root from 43.255.190.191 port 53338 ssh2
Apr 10 22:08:08 ovzhost sshd[1086]: message repeated 2 times: [ Failed password for root from 58.218.204.248 port 57075 ssh2]
Apr 10 22:08:08 ovzhost sshd[1086]: Received disconnect from 58.218.204.248: 11:  [preauth]
Apr 10 22:08:08 ovzhost sshd[1086]: PAM 2 more authentication failures; logname= uid=0 euid=0 tty=ssh ruser= rhost=58.218.204.248  user=root
Apr 10 22:08:09 ovzhost sshd[1088]: message repeated 2 times: [ Failed password for root from 43.255.190.191 port 53338 ssh2]
Apr 10 22:08:09 ovzhost sshd[1088]: Received disconnect from 43.255.190.191: 11:  [preauth]
Apr 10 22:08:09 ovzhost sshd[1088]: PAM 2 more authentication failures; logname= uid=0 euid=0 tty=ssh ruser= rhost=43.255.190.191  user=root
Apr 10 22:08:10 ovzhost sshd[1092]: pam_unix(sshd:auth): authentication failure; logname= uid=0 euid=0 tty=ssh ruser= rhost=43.255.190.191  user=root
Apr 10 22:08:11 ovzhost sshd[1090]: pam_unix(sshd:auth): authentication failure; logname= uid=0 euid=0 tty=ssh ruser= rhost=58.218.204.248  user=root
Apr 10 22:08:12 ovzhost sshd[1092]: Failed password for root from 43.255.190.191 port 43486 ssh2
Apr 10 22:08:12 ovzhost sshd[1090]: Failed password for root from 58.218.204.248 port 53524 ssh2
Apr 10 22:08:17 ovzhost sshd[1092]: message repeated 2 times: [ Failed password for root from 43.255.190.191 port 43486 ssh2]
Apr 10 22:08:17 ovzhost sshd[1092]: Received disconnect from 43.255.190.191: 11:  [preauth]
Apr 10 22:08:17 ovzhost sshd[1092]: PAM 2 more authentication failures; logname= uid=0 euid=0 tty=ssh ruser= rhost=43.255.190.191  user=root
Apr 10 22:08:17 ovzhost sshd[1090]: message repeated 2 times: [ Failed password for root from 58.218.204.248 port 53524 ssh2]
Apr 10 22:08:17 ovzhost sshd[1090]: Received disconnect from 58.218.204.248: 11:  [preauth]
Apr 10 22:08:17 ovzhost sshd[1090]: PAM 2 more authentication failures; logname= uid=0 euid=0 tty=ssh ruser= rhost=58.218.204.248  user=root
Apr 10 22:08:18 ovzhost sshd[1096]: pam_unix(sshd:auth): authentication failure; logname= uid=0 euid=0 tty=ssh ruser= rhost=43.255.190.191  user=root
Apr 10 22:08:20 ovzhost sshd[1096]: Failed password for root from 43.255.190.191 port 36905 ssh2
Apr 10 22:08:20 ovzhost sshd[1098]: pam_unix(sshd:auth): authentication failure; logname= uid=0 euid=0 tty=ssh ruser= rhost=58.218.204.248  user=root
Apr 10 22:08:21 ovzhost sshd[1098]: Failed password for root from 58.218.204.248 port 45756 ssh2
Apr 10 22:08:23 ovzhost sshd[1096]: message repeated 2 times: [ Failed password for root from 43.255.190.191 port 36905 ssh2]
Apr 10 22:08:23 ovzhost sshd[1096]: Received disconnect from 43.255.190.191: 11:  [preauth]
Apr 10 22:08:23 ovzhost sshd[1096]: PAM 2 more authentication failures; logname= uid=0 euid=0 tty=ssh ruser= rhost=43.255.190.191  user=root
Apr 10 22:08:24 ovzhost sshd[1102]: pam_unix(sshd:auth): authentication failure; logname= uid=0 euid=0 tty=ssh ruser= rhost=43.255.190.191  user=root
Apr 10 22:08:25 ovzhost sshd[1098]: message repeated 2 times: [ Failed password for root from 58.218.204.248 port 45756 ssh2]
Apr 10 22:08:25 ovzhost sshd[1098]: Received disconnect from 58.218.204.248: 11:  [preauth]
Apr 10 22:08:25 ovzhost sshd[1098]: PAM 2 more authentication failures; logname= uid=0 euid=0 tty=ssh ruser= rhost=58.218.204.248  user=root
Apr 10 22:08:27 ovzhost sshd[1102]: Failed password for root from 43.255.190.191 port 55749 ssh2
Apr 10 22:08:28 ovzhost sshd[1104]: pam_unix(sshd:auth): authentication failure; logname= uid=0 euid=0 tty=ssh ruser= rhost=58.218.204.248  user=root
Apr 10 22:08:30 ovzhost sshd[1104]: Failed password for root from 58.218.204.248 port 35046 ssh2
Apr 10 22:08:31 ovzhost sshd[1102]: message repeated 2 times: [ Failed password for root from 43.255.190.191 port 55749 ssh2]
Apr 10 22:08:31 ovzhost sshd[1102]: Received disconnect from 43.255.190.191: 11:  [preauth]
Apr 10 22:08:31 ovzhost sshd[1102]: PAM 2 more authentication failures; logname= uid=0 euid=0 tty=ssh ruser= rhost=43.255.190.191  user=root
Apr 10 22:08:31 ovzhost sshd[1106]: pam_unix(sshd:auth): authentication failure; logname= uid=0 euid=0 tty=ssh ruser= rhost=43.255.190.191  user=root
Apr 10 22:08:33 ovzhost sshd[1106]: Failed password for root from 43.255.190.191 port 50466 ssh2
Apr 10 22:08:34 ovzhost sshd[1104]: message repeated 2 times: [ Failed password for root from 58.218.204.248 port 35046 ssh2]
Apr 10 22:08:35 ovzhost sshd[1104]: Received disconnect from 58.218.204.248: 11:  [preauth]
Apr 10 22:08:35 ovzhost sshd[1104]: PAM 2 more authentication failures; logname= uid=0 euid=0 tty=ssh ruser= rhost=58.218.204.248  user=root
Apr 10 22:08:37 ovzhost sshd[1106]: message repeated 2 times: [ Failed password for root from 43.255.190.191 port 50466 ssh2]
Apr 10 22:08:37 ovzhost sshd[1106]: Received disconnect from 43.255.190.191: 11:  [preauth]
Apr 10 22:08:37 ovzhost sshd[1106]: PAM 2 more authentication failures; logname= uid=0 euid=0 tty=ssh ruser= rhost=43.255.190.191  user=root
Apr 10 22:08:37 ovzhost sshd[1108]: pam_unix(sshd:auth): authentication failure; logname= uid=0 euid=0 tty=ssh ruser= rhost=58.218.204.248  user=root
Apr 10 22:08:38 ovzhost sshd[1110]: pam_unix(sshd:auth): authentication failure; logname= uid=0 euid=0 tty=ssh ruser= rhost=43.255.190.191  user=root
Apr 10 22:08:39 ovzhost sshd[1108]: Failed password for root from 58.218.204.248 port 54821 ssh2
Apr 10 22:08:40 ovzhost sshd[1110]: Failed password for root from 43.255.190.191 port 41846 ssh2
Apr 10 22:08:44 ovzhost sshd[1108]: message repeated 2 times: [ Failed password for root from 58.218.204.248 port 54821 ssh2]
Apr 10 22:08:44 ovzhost sshd[1108]: Received disconnect from 58.218.204.248: 11:  [preauth]
Apr 10 22:08:44 ovzhost sshd[1108]: PAM 2 more authentication failures; logname= uid=0 euid=0 tty=ssh ruser= rhost=58.218.204.248  user=root
Apr 10 22:08:44 ovzhost sshd[1110]: message repeated 2 times: [ Failed password for root from 43.255.190.191 port 41846 ssh2]
Apr 10 22:08:44 ovzhost sshd[1110]: Received disconnect from 43.255.190.191: 11:  [preauth]
Apr 10 22:08:44 ovzhost sshd[1110]: PAM 2 more authentication failures; logname= uid=0 euid=0 tty=ssh ruser= rhost=43.255.190.191  user=root
Apr 10 22:08:45 ovzhost sshd[1114]: pam_unix(sshd:auth): authentication failure; logname= uid=0 euid=0 tty=ssh ruser= rhost=43.255.190.191  user=root
Apr 10 22:08:46 ovzhost sshd[1112]: pam_unix(sshd:auth): authentication failure; logname= uid=0 euid=0 tty=ssh ruser= rhost=58.218.204.248  user=root
Apr 10 22:08:47 ovzhost sshd[1114]: Failed password for root from 43.255.190.191 port 35752 ssh2
Apr 10 22:08:47 ovzhost sshd[1112]: Failed password for root from 58.218.204.248 port 48529 ssh2
Apr 10 22:08:51 ovzhost sshd[1114]: message repeated 2 times: [ Failed password for root from 43.255.190.191 port 35752 ssh2]
Apr 10 22:08:51 ovzhost sshd[1114]: Received disconnect from 43.255.190.191: 11:  [preauth]
Apr 10 22:08:51 ovzhost sshd[1114]: PAM 2 more authentication failures; logname= uid=0 euid=0 tty=ssh ruser= rhost=43.255.190.191  user=root
Apr 10 22:08:52 ovzhost sshd[1116]: pam_unix(sshd:auth): authentication failure; logname= uid=0 euid=0 tty=ssh ruser= rhost=43.255.190.191  user=root
Apr 10 22:08:52 ovzhost sshd[1112]: message repeated 2 times: [ Failed password for root from 58.218.204.248 port 48529 ssh2]
Apr 10 22:08:52 ovzhost sshd[1112]: Received disconnect from 58.218.204.248: 11:  [preauth]
Apr 10 22:08:52 ovzhost sshd[1112]: PAM 2 more authentication failures; logname= uid=0 euid=0 tty=ssh ruser= rhost=58.218.204.248  user=root
Apr 10 22:08:54 ovzhost sshd[1116]: Failed password for root from 43.255.190.191 port 54878 ssh2
Apr 10 22:08:55 ovzhost sshd[1120]: pam_unix(sshd:auth): authentication failure; logname= uid=0 euid=0 tty=ssh ruser= rhost=58.218.204.248  user=root
Apr 10 22:08:57 ovzhost sshd[1120]: Failed password for root from 58.218.204.248 port 38753 ssh2
Apr 10 22:08:58 ovzhost sshd[1116]: message repeated 2 times: [ Failed password for root from 43.255.190.191 port 54878 ssh2]
Apr 10 22:08:58 ovzhost sshd[1116]: Received disconnect from 43.255.190.191: 11:  [preauth]
Apr 10 22:08:58 ovzhost sshd[1116]: PAM 2 more authentication failures; logname= uid=0 euid=0 tty=ssh ruser= rhost=43.255.190.191  user=root
Apr 10 22:08:58 ovzhost sshd[1122]: pam_unix(sshd:auth): authentication failure; logname= uid=0 euid=0 tty=ssh ruser= rhost=43.255.190.191  user=root
Apr 10 22:09:00 ovzhost sshd[1122]: Failed password for root from 43.255.190.191 port 46658 ssh2
Apr 10 22:09:01 ovzhost CRON[1127]: pam_env(cron:session): Unable to open env file: /etc/default/locale: No such file or directory
Apr 10 22:09:01 ovzhost CRON[1126]: pam_env(cron:session): Unable to open env file: /etc/default/locale: No such file or directory
Apr 10 22:09:01 ovzhost CRON[1127]: pam_unix(cron:session): session opened for user root by (uid=0)
Apr 10 22:09:01 ovzhost CRON[1126]: pam_unix(cron:session): session opened for user root by (uid=0)
Apr 10 22:09:01 ovzhost CRON[1126]: pam_unix(cron:session): session closed for user root
Apr 10 22:09:01 ovzhost CRON[1127]: pam_unix(cron:session): session closed for user root
Apr 10 22:09:01 ovzhost sshd[1120]: message repeated 2 times: [ Failed password for root from 58.218.204.248 port 38753 ssh2]
Apr 10 22:09:01 ovzhost sshd[1120]: Received disconnect from 58.218.204.248: 11:  [preauth]
Apr 10 22:09:01 ovzhost sshd[1120]: PAM 2 more authentication failures; logname= uid=0 euid=0 tty=ssh ruser= rhost=58.218.204.248  user=root
Apr 10 22:09:04 ovzhost sshd[1140]: pam_unix(sshd:auth): authentication failure; logname= uid=0 euid=0 tty=ssh ruser= rhost=58.218.204.248  user=root
Apr 10 22:09:04 ovzhost sshd[1122]: message repeated 2 times: [ Failed password for root from 43.255.190.191 port 46658 ssh2]
Apr 10 22:09:04 ovzhost sshd[1122]: Received disconnect from 43.255.190.191: 11:  [preauth]
Apr 10 22:09:04 ovzhost sshd[1122]: PAM 2 more authentication failures; logname= uid=0 euid=0 tty=ssh ruser= rhost=43.255.190.191  user=root
Apr 10 22:09:05 ovzhost sshd[1142]: pam_unix(sshd:auth): authentication failure; logname= uid=0 euid=0 tty=ssh ruser= rhost=43.255.190.191  user=root
Apr 10 22:09:06 ovzhost sshd[1140]: Failed password for root from 58.218.204.248 port 58992 ssh2
Apr 10 22:09:07 ovzhost sshd[1142]: Failed password for root from 43.255.190.191 port 38112 ssh2
Apr 10 22:09:10 ovzhost sshd[1142]: message repeated 2 times: [ Failed password for root from 43.255.190.191 port 38112 ssh2]
Apr 10 22:09:10 ovzhost sshd[1142]: Received disconnect from 43.255.190.191: 11:  [preauth]
Apr 10 22:09:10 ovzhost sshd[1142]: PAM 2 more authentication failures; logname= uid=0 euid=0 tty=ssh ruser= rhost=43.255.190.191  user=root
Apr 10 22:09:10 ovzhost sshd[1140]: message repeated 2 times: [ Failed password for root from 58.218.204.248 port 58992 ssh2]
Apr 10 22:09:10 ovzhost sshd[1140]: Received disconnect from 58.218.204.248: 11:  [preauth]
Apr 10 22:09:10 ovzhost sshd[1140]: PAM 2 more authentication failures; logname= uid=0 euid=0 tty=ssh ruser= rhost=58.218.204.248  user=root
Apr 10 22:09:12 ovzhost sshd[1146]: pam_unix(sshd:auth): authentication failure; logname= uid=0 euid=0 tty=ssh ruser= rhost=43.255.190.191  user=root
Apr 10 22:09:12 ovzhost sshd[1144]: pam_unix(sshd:auth): authentication failure; logname= uid=0 euid=0 tty=ssh ruser= rhost=58.218.204.248  user=root
Apr 10 22:09:14 ovzhost sshd[1146]: Failed password for root from 43.255.190.191 port 55787 ssh2
Apr 10 22:09:14 ovzhost sshd[1144]: Failed password for root from 58.218.204.248 port 50222 ssh2
Apr 10 22:09:18 ovzhost sshd[1146]: message repeated 2 times: [ Failed password for root from 43.255.190.191 port 55787 ssh2]
Apr 10 22:09:18 ovzhost sshd[1146]: Received disconnect from 43.255.190.191: 11:  [preauth]
Apr 10 22:09:18 ovzhost sshd[1146]: PAM 2 more authentication failures; logname= uid=0 euid=0 tty=ssh ruser= rhost=43.255.190.191  user=root
Apr 10 22:09:19 ovzhost sshd[1148]: pam_unix(sshd:auth): authentication failure; logname= uid=0 euid=0 tty=ssh ruser= rhost=43.255.190.191  user=root
Apr 10 22:09:20 ovzhost sshd[1148]: Failed password for root from 43.255.190.191 port 49770 ssh2
Apr 10 22:09:20 ovzhost sshd[1144]: message repeated 2 times: [ Failed password for root from 58.218.204.248 port 50222 ssh2]
Apr 10 22:09:20 ovzhost sshd[1144]: Received disconnect from 58.218.204.248: 11:  [preauth]
Apr 10 22:09:20 ovzhost sshd[1144]: PAM 2 more authentication failures; logname= uid=0 euid=0 tty=ssh ruser= rhost=58.218.204.248  user=root
Apr 10 22:09:23 ovzhost sshd[1150]: pam_unix(sshd:auth): authentication failure; logname= uid=0 euid=0 tty=ssh ruser= rhost=58.218.204.248  user=root
Apr 10 22:09:23 ovzhost sshd[1148]: message repeated 2 times: [ Failed password for root from 43.255.190.191 port 49770 ssh2]
Apr 10 22:09:24 ovzhost sshd[1148]: Received disconnect from 43.255.190.191: 11:  [preauth]
Apr 10 22:09:24 ovzhost sshd[1148]: PAM 2 more authentication failures; logname= uid=0 euid=0 tty=ssh ruser= rhost=43.255.190.191  user=root
Apr 10 22:09:24 ovzhost sshd[1153]: pam_unix(sshd:auth): authentication failure; logname= uid=0 euid=0 tty=ssh ruser= rhost=43.255.190.191  user=root
Apr 10 22:09:25 ovzhost sshd[1150]: Failed password for root from 58.218.204.248 port 44445 ssh2
Apr 10 22:09:26 ovzhost sshd[1153]: Failed password for root from 43.255.190.191 port 38464 ssh2
Apr 10 22:09:30 ovzhost sshd[1150]: message repeated 2 times: [ Failed password for root from 58.218.204.248 port 44445 ssh2]
Apr 10 22:09:30 ovzhost sshd[1150]: Received disconnect from 58.218.204.248: 11:  [preauth]
Apr 10 22:09:30 ovzhost sshd[1150]: PAM 2 more authentication failures; logname= uid=0 euid=0 tty=ssh ruser= rhost=58.218.204.248  user=root
Apr 10 22:09:30 ovzhost sshd[1153]: message repeated 2 times: [ Failed password for root from 43.255.190.191 port 38464 ssh2]
Apr 10 22:09:30 ovzhost sshd[1153]: Received disconnect from 43.255.190.191: 11:  [preauth]
Apr 10 22:09:30 ovzhost sshd[1153]: PAM 2 more authentication failures; logname= uid=0 euid=0 tty=ssh ruser= rhost=43.255.190.191  user=root
Apr 10 22:09:31 ovzhost sshd[1155]: pam_unix(sshd:auth): authentication failure; logname= uid=0 euid=0 tty=ssh ruser= rhost=43.255.190.191  user=root
Apr 10 22:09:32 ovzhost sshd[1155]: Failed password for root from 43.255.190.191 port 58083 ssh2
Apr 10 22:09:33 ovzhost sshd[1157]: pam_unix(sshd:auth): authentication failure; logname= uid=0 euid=0 tty=ssh ruser= rhost=58.218.204.248  user=root
Apr 10 22:09:35 ovzhost sshd[1157]: Failed password for root from 58.218.204.248 port 37397 ssh2
Apr 10 22:09:36 ovzhost sshd[1155]: message repeated 2 times: [ Failed password for root from 43.255.190.191 port 58083 ssh2]
Apr 10 22:09:36 ovzhost sshd[1155]: Received disconnect from 43.255.190.191: 11:  [preauth]
Apr 10 22:09:36 ovzhost sshd[1155]: PAM 2 more authentication failures; logname= uid=0 euid=0 tty=ssh ruser= rhost=43.255.190.191  user=root
Apr 10 22:09:37 ovzhost sshd[1159]: pam_unix(sshd:auth): authentication failure; logname= uid=0 euid=0 tty=ssh ruser= rhost=43.255.190.191  user=root
Apr 10 22:09:39 ovzhost sshd[1159]: Failed password for root from 43.255.190.191 port 48414 ssh2
Apr 10 22:09:39 ovzhost sshd[1157]: message repeated 2 times: [ Failed password for root from 58.218.204.248 port 37397 ssh2]
Apr 10 22:09:39 ovzhost sshd[1157]: Received disconnect from 58.218.204.248: 11:  [preauth]
Apr 10 22:09:39 ovzhost sshd[1157]: PAM 2 more authentication failures; logname= uid=0 euid=0 tty=ssh ruser= rhost=58.218.204.248  user=root
Apr 10 22:09:41 ovzhost sshd[1161]: pam_unix(sshd:auth): authentication failure; logname= uid=0 euid=0 tty=ssh ruser= rhost=58.218.204.248  user=root
Apr 10 22:09:43 ovzhost sshd[1161]: Failed password for root from 58.218.204.248 port 58338 ssh2
Apr 10 22:09:43 ovzhost sshd[1159]: message repeated 2 times: [ Failed password for root from 43.255.190.191 port 48414 ssh2]
Apr 10 22:09:43 ovzhost sshd[1159]: Received disconnect from 43.255.190.191: 11:  [preauth]
Apr 10 22:09:43 ovzhost sshd[1159]: PAM 2 more authentication failures; logname= uid=0 euid=0 tty=ssh ruser= rhost=43.255.190.191  user=root
Apr 10 22:09:44 ovzhost sshd[1163]: pam_unix(sshd:auth): authentication failure; logname= uid=0 euid=0 tty=ssh ruser= rhost=43.255.190.191  user=root
Apr 10 22:09:46 ovzhost sshd[1163]: Failed password for root from 43.255.190.191 port 40069 ssh2
Apr 10 22:09:47 ovzhost sshd[1161]: message repeated 2 times: [ Failed password for root from 58.218.204.248 port 58338 ssh2]
Apr 10 22:09:47 ovzhost sshd[1161]: Received disconnect from 58.218.204.248: 11:  [preauth]
Apr 10 22:09:47 ovzhost sshd[1161]: PAM 2 more authentication failures; logname= uid=0 euid=0 tty=ssh ruser= rhost=58.218.204.248  user=root
Apr 10 22:09:49 ovzhost sshd[1165]: pam_unix(sshd:auth): authentication failure; logname= uid=0 euid=0 tty=ssh ruser= rhost=58.218.204.248  user=root
Apr 10 22:09:50 ovzhost sshd[1163]: message repeated 2 times: [ Failed password for root from 43.255.190.191 port 40069 ssh2]
Apr 10 22:09:50 ovzhost sshd[1163]: Received disconnect from 43.255.190.191: 11:  [preauth]
Apr 10 22:09:50 ovzhost sshd[1163]: PAM 2 more authentication failures; logname= uid=0 euid=0 tty=ssh ruser= rhost=43.255.190.191  user=root
Apr 10 22:09:51 ovzhost sshd[1167]: pam_unix(sshd:auth): authentication failure; logname= uid=0 euid=0 tty=ssh ruser= rhost=43.255.190.191  user=root
Apr 10 22:09:51 ovzhost sshd[1165]: Failed password for root from 58.218.204.248 port 48764 ssh2
Apr 10 22:09:53 ovzhost sshd[1167]: Failed password for root from 43.255.190.191 port 59891 ssh2
Apr 10 22:09:56 ovzhost sshd[1165]: message repeated 2 times: [ Failed password for root from 58.218.204.248 port 48764 ssh2]
Apr 10 22:09:56 ovzhost sshd[1165]: Received disconnect from 58.218.204.248: 11:  [preauth]
Apr 10 22:09:56 ovzhost sshd[1165]: PAM 2 more authentication failures; logname= uid=0 euid=0 tty=ssh ruser= rhost=58.218.204.248  user=root
Apr 10 22:09:56 ovzhost sshd[1167]: message repeated 2 times: [ Failed password for root from 43.255.190.191 port 59891 ssh2]
Apr 10 22:09:56 ovzhost sshd[1167]: Received disconnect from 43.255.190.191: 11:  [preauth]
