Apr  6 13:22:45 ovzhost sshd[1343]: pam_unix(sshd:auth): authentication failure; logname= uid=0 euid=0 tty=ssh ruser= rhost=43.255.190.159  user=root
Apr  6 13:22:45 ovzhost sshd[1345]: Failed password for root from 43.255.190.152 port 49112 ssh2
Apr  6 13:22:47 ovzhost sshd[1349]: pam_unix(sshd:auth): authentication failure; logname= uid=0 euid=0 tty=ssh ruser= rhost=43.255.190.173  user=root
Apr  6 13:22:47 ovzhost sshd[1343]: Failed password for root from 43.255.190.159 port 55241 ssh2
Apr  6 13:22:48 ovzhost sshd[1349]: Failed password for root from 43.255.190.173 port 60090 ssh2
Apr  6 13:22:51 ovzhost sshd[1343]: message repeated 2 times: [ Failed password for root from 43.255.190.159 port 55241 ssh2]
Apr  6 13:22:51 ovzhost sshd[1343]: Received disconnect from 43.255.190.159: 11:  [preauth]
Apr  6 13:22:51 ovzhost sshd[1343]: PAM 2 more authentication failures; logname= uid=0 euid=0 tty=ssh ruser= rhost=43.255.190.159  user=root
Apr  6 13:22:53 ovzhost sshd[1349]: message repeated 2 times: [ Failed password for root from 43.255.190.173 port 60090 ssh2]
Apr  6 13:22:53 ovzhost sshd[1349]: Received disconnect from 43.255.190.173: 11:  [preauth]
Apr  6 13:22:53 ovzhost sshd[1349]: PAM 2 more authentication failures; logname= uid=0 euid=0 tty=ssh ruser= rhost=43.255.190.173  user=root
Apr  6 13:22:53 ovzhost sshd[1353]: pam_unix(sshd:auth): authentication failure; logname= uid=0 euid=0 tty=ssh ruser= rhost=43.255.190.152  user=root
Apr  6 13:22:54 ovzhost sshd[1351]: pam_unix(sshd:auth): authentication failure; logname= uid=0 euid=0 tty=ssh ruser= rhost=43.255.190.159  user=root
Apr  6 13:22:52 ovzhost sshd[1345]: message repeated 2 times: [ Failed password for root from 43.255.190.152 port 49112 ssh2]
Apr  6 13:22:55 ovzhost sshd[1345]: Received disconnect from 43.255.190.152: 11:  [preauth]
Apr  6 13:22:55 ovzhost sshd[1345]: PAM 2 more authentication failures; logname= uid=0 euid=0 tty=ssh ruser= rhost=43.255.190.152  user=root
Apr  6 13:22:55 ovzhost sshd[1353]: Failed password for root from 43.255.190.152 port 52217 ssh2
Apr  6 13:22:55 ovzhost sshd[1351]: Failed password for root from 43.255.190.159 port 51125 ssh2
Apr  6 13:22:56 ovzhost sshd[1347]: Connection closed by 43.255.190.148 [preauth]
Apr  6 13:22:57 ovzhost sshd[1357]: pam_unix(sshd:auth): authentication failure; logname= uid=0 euid=0 tty=ssh ruser= rhost=43.255.190.148  user=root
Apr  6 13:22:59 ovzhost sshd[1353]: message repeated 2 times: [ Failed password for root from 43.255.190.152 port 52217 ssh2]
Apr  6 13:22:59 ovzhost sshd[1353]: Received disconnect from 43.255.190.152: 11:  [preauth]
Apr  6 13:22:59 ovzhost sshd[1353]: PAM 2 more authentication failures; logname= uid=0 euid=0 tty=ssh ruser= rhost=43.255.190.152  user=root
Apr  6 13:22:59 ovzhost sshd[1355]: pam_unix(sshd:auth): authentication failure; logname= uid=0 euid=0 tty=ssh ruser= rhost=43.255.190.173  user=root
Apr  6 13:22:59 ovzhost sshd[1357]: Failed password for root from 43.255.190.148 port 36933 ssh2
Apr  6 13:23:00 ovzhost sshd[1351]: message repeated 2 times: [ Failed password for root from 43.255.190.159 port 51125 ssh2]
Apr  6 13:23:00 ovzhost sshd[1351]: Received disconnect from 43.255.190.159: 11:  [preauth]
Apr  6 13:23:00 ovzhost sshd[1351]: PAM 2 more authentication failures; logname= uid=0 euid=0 tty=ssh ruser= rhost=43.255.190.159  user=root
Apr  6 13:23:01 ovzhost sshd[1355]: Failed password for root from 43.255.190.173 port 52518 ssh2
Apr  6 13:23:02 ovzhost sshd[1359]: pam_unix(sshd:auth): authentication failure; logname= uid=0 euid=0 tty=ssh ruser= rhost=43.255.190.152  user=root
Apr  6 13:23:05 ovzhost sshd[1359]: Failed password for root from 43.255.190.152 port 42663 ssh2
Apr  6 13:23:05 ovzhost sshd[1355]: message repeated 2 times: [ Failed password for root from 43.255.190.173 port 52518 ssh2]
Apr  6 13:23:05 ovzhost sshd[1355]: Received disconnect from 43.255.190.173: 11:  [preauth]
Apr  6 13:23:05 ovzhost sshd[1355]: PAM 2 more authentication failures; logname= uid=0 euid=0 tty=ssh ruser= rhost=43.255.190.173  user=root
Apr  6 13:23:06 ovzhost sshd[1365]: pam_unix(sshd:auth): authentication failure; logname= uid=0 euid=0 tty=ssh ruser= rhost=43.255.190.173  user=root
Apr  6 13:23:06 ovzhost sshd[1357]: message repeated 2 times: [ Failed password for root from 43.255.190.148 port 36933 ssh2]
Apr  6 13:23:06 ovzhost sshd[1357]: Received disconnect from 43.255.190.148: 11:  [preauth]
Apr  6 13:23:06 ovzhost sshd[1357]: PAM 2 more authentication failures; logname= uid=0 euid=0 tty=ssh ruser= rhost=43.255.190.148  user=root
Apr  6 13:23:07 ovzhost sshd[1360]: pam_unix(sshd:auth): authentication failure; logname= uid=0 euid=0 tty=ssh ruser= rhost=43.255.190.159  user=root
Apr  6 13:23:07 ovzhost sshd[1365]: Failed password for root from 43.255.190.173 port 55671 ssh2
Apr  6 13:23:08 ovzhost sshd[1367]: pam_unix(sshd:auth): authentication failure; logname= uid=0 euid=0 tty=ssh ruser= rhost=43.255.190.148  user=root
Apr  6 13:23:08 ovzhost sshd[1359]: message repeated 2 times: [ Failed password for root from 43.255.190.152 port 42663 ssh2]
Apr  6 13:23:08 ovzhost sshd[1359]: Received disconnect from 43.255.190.152: 11:  [preauth]
Apr  6 13:23:08 ovzhost sshd[1359]: PAM 2 more authentication failures; logname= uid=0 euid=0 tty=ssh ruser= rhost=43.255.190.152  user=root
Apr  6 13:23:09 ovzhost sshd[1360]: Failed password for root from 43.255.190.159 port 41642 ssh2
Apr  6 13:23:10 ovzhost sshd[1367]: Failed password for root from 43.255.190.148 port 38953 ssh2
Apr  6 13:23:11 ovzhost sshd[1365]: message repeated 2 times: [ Failed password for root from 43.255.190.173 port 55671 ssh2]
Apr  6 13:23:11 ovzhost sshd[1365]: Received disconnect from 43.255.190.173: 11:  [preauth]
Apr  6 13:23:11 ovzhost sshd[1365]: PAM 2 more authentication failures; logname= uid=0 euid=0 tty=ssh ruser= rhost=43.255.190.173  user=root
Apr  6 13:23:12 ovzhost sshd[1370]: pam_unix(sshd:auth): authentication failure; logname= uid=0 euid=0 tty=ssh ruser= rhost=43.255.190.152  user=root
Apr  6 13:23:14 ovzhost sshd[1360]: message repeated 2 times: [ Failed password for root from 43.255.190.159 port 41642 ssh2]
Apr  6 13:23:14 ovzhost sshd[1360]: Received disconnect from 43.255.190.159: 11:  [preauth]
Apr  6 13:23:14 ovzhost sshd[1360]: PAM 2 more authentication failures; logname= uid=0 euid=0 tty=ssh ruser= rhost=43.255.190.159  user=root
Apr  6 13:23:14 ovzhost sshd[1370]: Failed password for root from 43.255.190.152 port 38256 ssh2
Apr  6 13:23:15 ovzhost sshd[1372]: pam_unix(sshd:auth): authentication failure; logname= uid=0 euid=0 tty=ssh ruser= rhost=43.255.190.173  user=root
Apr  6 13:23:17 ovzhost sshd[1372]: Failed password for root from 43.255.190.173 port 43774 ssh2
Apr  6 13:23:17 ovzhost sshd[1374]: pam_unix(sshd:auth): authentication failure; logname= uid=0 euid=0 tty=ssh ruser= rhost=43.255.190.159  user=root
Apr  6 13:23:17 ovzhost sshd[1367]: message repeated 2 times: [ Failed password for root from 43.255.190.148 port 38953 ssh2]
Apr  6 13:23:18 ovzhost sshd[1367]: Received disconnect from 43.255.190.148: 11:  [preauth]
Apr  6 13:23:18 ovzhost sshd[1367]: PAM 2 more authentication failures; logname= uid=0 euid=0 tty=ssh ruser= rhost=43.255.190.148  user=root
Apr  6 13:23:19 ovzhost sshd[1370]: message repeated 2 times: [ Failed password for root from 43.255.190.152 port 38256 ssh2]
Apr  6 13:23:19 ovzhost sshd[1370]: Received disconnect from 43.255.190.152: 11:  [preauth]
Apr  6 13:23:19 ovzhost sshd[1370]: PAM 2 more authentication failures; logname= uid=0 euid=0 tty=ssh ruser= rhost=43.255.190.152  user=root
Apr  6 13:23:19 ovzhost sshd[1374]: Failed password for root from 43.255.190.159 port 44197 ssh2
Apr  6 13:23:20 ovzhost sshd[1372]: message repeated 2 times: [ Failed password for root from 43.255.190.173 port 43774 ssh2]
Apr  6 13:23:20 ovzhost sshd[1372]: Received disconnect from 43.255.190.173: 11:  [preauth]
Apr  6 13:23:20 ovzhost sshd[1372]: PAM 2 more authentication failures; logname= uid=0 euid=0 tty=ssh ruser= rhost=43.255.190.173  user=root
Apr  6 13:23:22 ovzhost sshd[1378]: pam_unix(sshd:auth): authentication failure; logname= uid=0 euid=0 tty=ssh ruser= rhost=43.255.190.152  user=root
Apr  6 13:23:22 ovzhost sshd[1376]: pam_unix(sshd:auth): authentication failure; logname= uid=0 euid=0 tty=ssh ruser= rhost=43.255.190.148  user=root
Apr  6 13:23:23 ovzhost sshd[1380]: pam_unix(sshd:auth): authentication failure; logname= uid=0 euid=0 tty=ssh ruser= rhost=43.255.190.173  user=root
Apr  6 13:23:23 ovzhost sshd[1374]: message repeated 2 times: [ Failed password for root from 43.255.190.159 port 44197 ssh2]
Apr  6 13:23:23 ovzhost sshd[1374]: Received disconnect from 43.255.190.159: 11:  [preauth]
Apr  6 13:23:23 ovzhost sshd[1374]: PAM 2 more authentication failures; logname= uid=0 euid=0 tty=ssh ruser= rhost=43.255.190.159  user=root
Apr  6 13:23:24 ovzhost sshd[1378]: Failed password for root from 43.255.190.152 port 38480 ssh2
Apr  6 13:23:24 ovzhost sshd[1376]: Failed password for root from 43.255.190.148 port 35983 ssh2
Apr  6 13:23:24 ovzhost sshd[1380]: Failed password for root from 43.255.190.173 port 39378 ssh2
Apr  6 13:23:28 ovzhost sshd[1376]: message repeated 2 times: [ Failed password for root from 43.255.190.148 port 35983 ssh2]
Apr  6 13:23:28 ovzhost sshd[1376]: Received disconnect from 43.255.190.148: 11:  [preauth]
Apr  6 13:23:28 ovzhost sshd[1376]: PAM 2 more authentication failures; logname= uid=0 euid=0 tty=ssh ruser= rhost=43.255.190.148  user=root
Apr  6 13:23:28 ovzhost sshd[1378]: message repeated 2 times: [ Failed password for root from 43.255.190.152 port 38480 ssh2]
Apr  6 13:23:28 ovzhost sshd[1378]: Received disconnect from 43.255.190.152: 11:  [preauth]
Apr  6 13:23:28 ovzhost sshd[1378]: PAM 2 more authentication failures; logname= uid=0 euid=0 tty=ssh ruser= rhost=43.255.190.152  user=root
Apr  6 13:23:28 ovzhost sshd[1382]: pam_unix(sshd:auth): authentication failure; logname= uid=0 euid=0 tty=ssh ruser= rhost=43.255.190.159  user=root
Apr  6 13:23:28 ovzhost sshd[1384]: pam_unix(sshd:auth): authentication failure; logname= uid=0 euid=0 tty=ssh ruser= rhost=43.255.190.148  user=root
Apr  6 13:23:29 ovzhost sshd[1386]: pam_unix(sshd:auth): authentication failure; logname= uid=0 euid=0 tty=ssh ruser= rhost=43.255.190.152  user=root
Apr  6 13:23:29 ovzhost sshd[1380]: message repeated 2 times: [ Failed password for root from 43.255.190.173 port 39378 ssh2]
Apr  6 13:23:29 ovzhost sshd[1380]: Received disconnect from 43.255.190.173: 11:  [preauth]
Apr  6 13:23:29 ovzhost sshd[1380]: PAM 2 more authentication failures; logname= uid=0 euid=0 tty=ssh ruser= rhost=43.255.190.173  user=root
Apr  6 13:23:30 ovzhost sshd[1386]: Failed password for root from 43.255.190.152 port 35446 ssh2
Apr  6 13:23:31 ovzhost sshd[1388]: pam_unix(sshd:auth): authentication failure; logname= uid=0 euid=0 tty=ssh ruser= rhost=43.255.190.173  user=root
Apr  6 13:23:31 ovzhost sshd[1382]: Failed password for root from 43.255.190.159 port 37466 ssh2
Apr  6 13:23:31 ovzhost sshd[1384]: Failed password for root from 43.255.190.148 port 60395 ssh2
Apr  6 13:23:32 ovzhost sshd[1388]: Failed password for root from 43.255.190.173 port 33066 ssh2
Apr  6 13:23:34 ovzhost sshd[1386]: message repeated 2 times: [ Failed password for root from 43.255.190.152 port 35446 ssh2]
Apr  6 13:23:34 ovzhost sshd[1386]: Received disconnect from 43.255.190.152: 11:  [preauth]
Apr  6 13:23:34 ovzhost sshd[1386]: PAM 2 more authentication failures; logname= uid=0 euid=0 tty=ssh ruser= rhost=43.255.190.152  user=root
Apr  6 13:23:35 ovzhost sshd[1384]: message repeated 2 times: [ Failed password for root from 43.255.190.148 port 60395 ssh2]
Apr  6 13:23:35 ovzhost sshd[1384]: Received disconnect from 43.255.190.148: 11:  [preauth]
Apr  6 13:23:35 ovzhost sshd[1384]: PAM 2 more authentication failures; logname= uid=0 euid=0 tty=ssh ruser= rhost=43.255.190.148  user=root
Apr  6 13:23:35 ovzhost sshd[1391]: pam_unix(sshd:auth): authentication failure; logname= uid=0 euid=0 tty=ssh ruser= rhost=43.255.190.148  user=root
Apr  6 13:23:36 ovzhost sshd[1390]: pam_unix(sshd:auth): authentication failure; logname= uid=0 euid=0 tty=ssh ruser= rhost=43.255.190.152  user=root
Apr  6 13:23:37 ovzhost sshd[1382]: message repeated 2 times: [ Failed password for root from 43.255.190.159 port 37466 ssh2]
Apr  6 13:23:37 ovzhost sshd[1382]: Received disconnect from 43.255.190.159: 11:  [preauth]
Apr  6 13:23:37 ovzhost sshd[1382]: PAM 2 more authentication failures; logname= uid=0 euid=0 tty=ssh ruser= rhost=43.255.190.159  user=root
Apr  6 13:23:37 ovzhost sshd[1388]: message repeated 2 times: [ Failed password for root from 43.255.190.173 port 33066 ssh2]
Apr  6 13:23:37 ovzhost sshd[1388]: Received disconnect from 43.255.190.173: 11:  [preauth]
Apr  6 13:23:37 ovzhost sshd[1388]: PAM 2 more authentication failures; logname= uid=0 euid=0 tty=ssh ruser= rhost=43.255.190.173  user=root
Apr  6 13:23:37 ovzhost sshd[1394]: pam_unix(sshd:auth): authentication failure; logname= uid=0 euid=0 tty=ssh ruser= rhost=43.255.190.173  user=root
Apr  6 13:23:37 ovzhost sshd[1391]: Failed password for root from 43.255.190.148 port 48059 ssh2
Apr  6 13:23:38 ovzhost sshd[1390]: Failed password for root from 43.255.190.152 port 51504 ssh2
Apr  6 13:23:38 ovzhost sshd[1396]: pam_unix(sshd:auth): authentication failure; logname= uid=0 euid=0 tty=ssh ruser= rhost=43.255.190.159  user=root
Apr  6 13:23:39 ovzhost sshd[1394]: Failed password for root from 43.255.190.173 port 53353 ssh2
Apr  6 13:23:40 ovzhost sshd[1396]: Failed password for root from 43.255.190.159 port 39337 ssh2
Apr  6 13:23:42 ovzhost sshd[1391]: message repeated 2 times: [ Failed password for root from 43.255.190.148 port 48059 ssh2]
Apr  6 13:23:42 ovzhost sshd[1391]: Received disconnect from 43.255.190.148: 11:  [preauth]
Apr  6 13:23:42 ovzhost sshd[1391]: PAM 2 more authentication failures; logname= uid=0 euid=0 tty=ssh ruser= rhost=43.255.190.148  user=root
Apr  6 13:23:43 ovzhost sshd[1390]: message repeated 2 times: [ Failed password for root from 43.255.190.152 port 51504 ssh2]
Apr  6 13:23:43 ovzhost sshd[1390]: Received disconnect from 43.255.190.152: 11:  [preauth]
Apr  6 13:23:43 ovzhost sshd[1390]: PAM 2 more authentication failures; logname= uid=0 euid=0 tty=ssh ruser= rhost=43.255.190.152  user=root
Apr  6 13:23:43 ovzhost sshd[1394]: message repeated 2 times: [ Failed password for root from 43.255.190.173 port 53353 ssh2]
Apr  6 13:23:43 ovzhost sshd[1394]: Received disconnect from 43.255.190.173: 11:  [preauth]
Apr  6 13:23:43 ovzhost sshd[1394]: PAM 2 more authentication failures; logname= uid=0 euid=0 tty=ssh ruser= rhost=43.255.190.173  user=root
Apr  6 13:23:44 ovzhost sshd[1401]: pam_unix(sshd:auth): authentication failure; logname= uid=0 euid=0 tty=ssh ruser= rhost=43.255.190.152  user=root
Apr  6 13:23:44 ovzhost sshd[1396]: message repeated 2 times: [ Failed password for root from 43.255.190.159 port 39337 ssh2]
Apr  6 13:23:44 ovzhost sshd[1396]: Received disconnect from 43.255.190.159: 11:  [preauth]
Apr  6 13:23:44 ovzhost sshd[1396]: PAM 2 more authentication failures; logname= uid=0 euid=0 tty=ssh ruser= rhost=43.255.190.159  user=root
Apr  6 13:23:44 ovzhost sshd[1405]: pam_unix(sshd:auth): authentication failure; logname= uid=0 euid=0 tty=ssh ruser= rhost=43.255.190.159  user=root
Apr  6 13:23:45 ovzhost sshd[1400]: pam_unix(sshd:auth): authentication failure; logname= uid=0 euid=0 tty=ssh ruser= rhost=43.255.190.148  user=root
Apr  6 13:23:46 ovzhost sshd[1401]: Failed password for root from 43.255.190.152 port 46961 ssh2
Apr  6 13:23:47 ovzhost sshd[1400]: Failed password for root from 43.255.190.148 port 36323 ssh2
Apr  6 13:23:47 ovzhost sshd[1405]: Failed password for root from 43.255.190.159 port 55018 ssh2
Apr  6 13:23:48 ovzhost sshd[1403]: pam_unix(sshd:auth): authentication failure; logname= uid=0 euid=0 tty=ssh ruser= rhost=43.255.190.173  user=root
Apr  6 13:23:50 ovzhost sshd[1403]: Failed password for root from 43.255.190.173 port 42457 ssh2
Apr  6 13:23:50 ovzhost sshd[1401]: message repeated 2 times: [ Failed password for root from 43.255.190.152 port 46961 ssh2]
Apr  6 13:23:50 ovzhost sshd[1401]: Received disconnect from 43.255.190.152: 11:  [preauth]
Apr  6 13:23:50 ovzhost sshd[1401]: PAM 2 more authentication failures; logname= uid=0 euid=0 tty=ssh ruser= rhost=43.255.190.152  user=root
Apr  6 13:23:51 ovzhost sshd[1405]: message repeated 2 times: [ Failed password for root from 43.255.190.159 port 55018 ssh2]
Apr  6 13:23:51 ovzhost sshd[1405]: Received disconnect from 43.255.190.159: 11:  [preauth]
Apr  6 13:23:51 ovzhost sshd[1405]: PAM 2 more authentication failures; logname= uid=0 euid=0 tty=ssh ruser= rhost=43.255.190.159  user=root
Apr  6 13:23:51 ovzhost sshd[1410]: pam_unix(sshd:auth): authentication failure; logname= uid=0 euid=0 tty=ssh ruser= rhost=43.255.190.148  user=root
Apr  6 13:23:52 ovzhost sshd[1408]: pam_unix(sshd:auth): authentication failure; logname= uid=0 euid=0 tty=ssh ruser= rhost=43.255.190.152  user=root
Apr  6 13:23:51 ovzhost sshd[1400]: message repeated 2 times: [ Failed password for root from 43.255.190.148 port 36323 ssh2]
Apr  6 13:23:53 ovzhost sshd[1400]: Received disconnect from 43.255.190.148: 11:  [preauth]
Apr  6 13:23:53 ovzhost sshd[1400]: PAM 2 more authentication failures; logname= uid=0 euid=0 tty=ssh ruser= rhost=43.255.190.148  user=root
Apr  6 13:23:54 ovzhost sshd[1410]: Failed password for root from 43.255.190.148 port 56252 ssh2
Apr  6 13:23:54 ovzhost sshd[1408]: Failed password for root from 43.255.190.152 port 37849 ssh2
Apr  6 13:23:54 ovzhost sshd[1403]: message repeated 2 times: [ Failed password for root from 43.255.190.173 port 42457 ssh2]
Apr  6 13:23:54 ovzhost sshd[1403]: Received disconnect from 43.255.190.173: 11:  [preauth]
Apr  6 13:23:54 ovzhost sshd[1403]: PAM 2 more authentication failures; logname= uid=0 euid=0 tty=ssh ruser= rhost=43.255.190.173  user=root
Apr  6 13:23:56 ovzhost sshd[1414]: pam_unix(sshd:auth): authentication failure; logname= uid=0 euid=0 tty=ssh ruser= rhost=43.255.190.173  user=root
Apr  6 13:23:57 ovzhost sshd[1412]: pam_unix(sshd:auth): authentication failure; logname= uid=0 euid=0 tty=ssh ruser= rhost=43.255.190.159  user=root
Apr  6 13:23:57 ovzhost sshd[1410]: message repeated 2 times: [ Failed password for root from 43.255.190.148 port 56252 ssh2]
Apr  6 13:23:57 ovzhost sshd[1410]: Received disconnect from 43.255.190.148: 11:  [preauth]
Apr  6 13:23:57 ovzhost sshd[1410]: PAM 2 more authentication failures; logname= uid=0 euid=0 tty=ssh ruser= rhost=43.255.190.148  user=root
Apr  6 13:23:58 ovzhost sshd[1408]: message repeated 2 times: [ Failed password for root from 43.255.190.152 port 37849 ssh2]
Apr  6 13:23:58 ovzhost sshd[1408]: Received disconnect from 43.255.190.152: 11:  [preauth]
Apr  6 13:23:58 ovzhost sshd[1408]: PAM 2 more authentication failures; logname= uid=0 euid=0 tty=ssh ruser= rhost=43.255.190.152  user=root
Apr  6 13:23:58 ovzhost sshd[1414]: Failed password for root from 43.255.190.173 port 41728 ssh2
Apr  6 13:23:59 ovzhost sshd[1412]: Failed password for root from 43.255.190.159 port 41696 ssh2
Apr  6 13:23:59 ovzhost sshd[1416]: pam_unix(sshd:auth): authentication failure; logname= uid=0 euid=0 tty=ssh ruser= rhost=43.255.190.148  user=root
Apr  6 13:24:01 ovzhost sshd[1416]: Failed password for root from 43.255.190.148 port 42869 ssh2
Apr  6 13:24:02 ovzhost sshd[1414]: message repeated 2 times: [ Failed password for root from 43.255.190.173 port 41728 ssh2]
Apr  6 13:24:02 ovzhost sshd[1414]: Received disconnect from 43.255.190.173: 11:  [preauth]
Apr  6 13:24:02 ovzhost sshd[1414]: PAM 2 more authentication failures; logname= uid=0 euid=0 tty=ssh ruser= rhost=43.255.190.173  user=root
Apr  6 13:24:03 ovzhost sshd[1412]: message repeated 2 times: [ Failed password for root from 43.255.190.159 port 41696 ssh2]
Apr  6 13:24:03 ovzhost sshd[1412]: Received disconnect from 43.255.190.159: 11:  [preauth]
Apr  6 13:24:03 ovzhost sshd[1412]: PAM 2 more authentication failures; logname= uid=0 euid=0 tty=ssh ruser= rhost=43.255.190.159  user=root
Apr  6 13:24:05 ovzhost sshd[1420]: pam_unix(sshd:auth): authentication failure; logname= uid=0 euid=0 tty=ssh ruser= rhost=43.255.190.173  user=root
Apr  6 13:24:05 ovzhost sshd[1418]: pam_unix(sshd:auth): authentication failure; logname= uid=0 euid=0 tty=ssh ruser= rhost=43.255.190.152  user=root
Apr  6 13:24:05 ovzhost sshd[1416]: message repeated 2 times: [ Failed password for root from 43.255.190.148 port 42869 ssh2]
Apr  6 13:24:05 ovzhost sshd[1416]: Received disconnect from 43.255.190.148: 11:  [preauth]
Apr  6 13:24:05 ovzhost sshd[1416]: PAM 2 more authentication failures; logname= uid=0 euid=0 tty=ssh ruser= rhost=43.255.190.148  user=root
Apr  6 13:24:05 ovzhost sshd[1422]: pam_unix(sshd:auth): authentication failure; logname= uid=0 euid=0 tty=ssh ruser= rhost=43.255.190.159  user=root
Apr  6 13:24:07 ovzhost sshd[1420]: Failed password for root from 43.255.190.173 port 34332 ssh2
Apr  6 13:24:07 ovzhost sshd[1424]: pam_unix(sshd:auth): authentication failure; logname= uid=0 euid=0 tty=ssh ruser= rhost=43.255.190.148  user=root
Apr  6 13:24:07 ovzhost sshd[1418]: Failed password for root from 43.255.190.152 port 57353 ssh2
Apr  6 13:24:07 ovzhost sshd[1422]: Failed password for root from 43.255.190.159 port 40367 ssh2
Apr  6 13:24:09 ovzhost sshd[1424]: Failed password for root from 43.255.190.148 port 60062 ssh2
Apr  6 13:24:11 ovzhost sshd[1420]: message repeated 2 times: [ Failed password for root from 43.255.190.173 port 34332 ssh2]
Apr  6 13:24:11 ovzhost sshd[1420]: Received disconnect from 43.255.190.173: 11:  [preauth]
Apr  6 13:24:11 ovzhost sshd[1420]: PAM 2 more authentication failures; logname= uid=0 euid=0 tty=ssh ruser= rhost=43.255.190.173  user=root
Apr  6 13:24:11 ovzhost sshd[1418]: message repeated 2 times: [ Failed password for root from 43.255.190.152 port 57353 ssh2]
Apr  6 13:24:11 ovzhost sshd[1418]: Received disconnect from 43.255.190.152: 11:  [preauth]
Apr  6 13:24:11 ovzhost sshd[1418]: PAM 2 more authentication failures; logname= uid=0 euid=0 tty=ssh ruser= rhost=43.255.190.152  user=root
Apr  6 13:24:12 ovzhost sshd[1428]: pam_unix(sshd:auth): authentication failure; logname= uid=0 euid=0 tty=ssh ruser= rhost=43.255.190.152  user=root
Apr  6 13:24:12 ovzhost sshd[1426]: pam_unix(sshd:auth): authentication failure; logname= uid=0 euid=0 tty=ssh ruser= rhost=43.255.190.173  user=root
Apr  6 13:24:12 ovzhost sshd[1422]: message repeated 2 times: [ Failed password for root from 43.255.190.159 port 40367 ssh2]
Apr  6 13:24:12 ovzhost sshd[1422]: Received disconnect from 43.255.190.159: 11:  [preauth]
Apr  6 13:24:12 ovzhost sshd[1422]: PAM 2 more authentication failures; logname= uid=0 euid=0 tty=ssh ruser= rhost=43.255.190.159  user=root
Apr  6 13:24:13 ovzhost sshd[1424]: message repeated 2 times: [ Failed password for root from 43.255.190.148 port 60062 ssh2]
Apr  6 13:24:13 ovzhost sshd[1424]: Received disconnect from 43.255.190.148: 11:  [preauth]
Apr  6 13:24:13 ovzhost sshd[1424]: PAM 2 more authentication failures; logname= uid=0 euid=0 tty=ssh ruser= rhost=43.255.190.148  user=root
Apr  6 13:24:13 ovzhost sshd[1432]: pam_unix(sshd:auth): authentication failure; logname= uid=0 euid=0 tty=ssh ruser= rhost=43.255.190.159  user=root
Apr  6 13:24:13 ovzhost sshd[1430]: Invalid user aditya from 221.146.74.146
Apr  6 13:24:13 ovzhost sshd[1430]: input_userauth_request: invalid user aditya [preauth]
Apr  6 13:24:13 ovzhost sshd[1430]: pam_unix(sshd:auth): check pass; user unknown
Apr  6 13:24:13 ovzhost sshd[1430]: pam_unix(sshd:auth): authentication failure; logname= uid=0 euid=0 tty=ssh ruser= rhost=221.146.74.146 
Apr  6 13:24:14 ovzhost sshd[1428]: Failed password for root from 43.255.190.152 port 36482 ssh2
Apr  6 13:24:14 ovzhost sshd[1426]: Failed password for root from 43.255.190.173 port 56297 ssh2
Apr  6 13:24:15 ovzhost sshd[1432]: Failed password for root from 43.255.190.159 port 60390 ssh2
Apr  6 13:24:15 ovzhost sshd[1430]: Failed password for invalid user aditya from 221.146.74.146 port 25346 ssh2
Apr  6 13:24:15 ovzhost sshd[1430]: Connection closed by 221.146.74.146 [preauth]
Apr  6 13:24:15 ovzhost sshd[1434]: pam_unix(sshd:auth): authentication failure; logname= uid=0 euid=0 tty=ssh ruser= rhost=43.255.190.148  user=root
Apr  6 13:24:18 ovzhost sshd[1434]: Failed password for root from 43.255.190.148 port 48746 ssh2
Apr  6 13:24:18 ovzhost sshd[1428]: message repeated 2 times: [ Failed password for root from 43.255.190.152 port 36482 ssh2]
Apr  6 13:24:18 ovzhost sshd[1428]: Received disconnect from 43.255.190.152: 11:  [preauth]
Apr  6 13:24:18 ovzhost sshd[1428]: PAM 2 more authentication failures; logname= uid=0 euid=0 tty=ssh ruser= rhost=43.255.190.152  user=root
Apr  6 13:24:18 ovzhost sshd[1426]: message repeated 2 times: [ Failed password for root from 43.255.190.173 port 56297 ssh2]
Apr  6 13:24:18 ovzhost sshd[1426]: Received disconnect from 43.255.190.173: 11:  [preauth]
Apr  6 13:24:18 ovzhost sshd[1426]: PAM 2 more authentication failures; logname= uid=0 euid=0 tty=ssh ruser= rhost=43.255.190.173  user=root
Apr  6 13:24:19 ovzhost sshd[1438]: pam_unix(sshd:auth): authentication failure; logname= uid=0 euid=0 tty=ssh ruser= rhost=43.255.190.173  user=root
Apr  6 13:24:20 ovzhost sshd[1432]: message repeated 2 times: [ Failed password for root from 43.255.190.159 port 60390 ssh2]
Apr  6 13:24:20 ovzhost sshd[1432]: Received disconnect from 43.255.190.159: 11:  [preauth]
Apr  6 13:24:20 ovzhost sshd[1432]: PAM 2 more authentication failures; logname= uid=0 euid=0 tty=ssh ruser= rhost=43.255.190.159  user=root
Apr  6 13:24:21 ovzhost sshd[1436]: pam_unix(sshd:auth): authentication failure; logname= uid=0 euid=0 tty=ssh ruser= rhost=43.255.190.152  user=root
Apr  6 13:24:21 ovzhost sshd[1438]: Failed password for root from 43.255.190.173 port 46607 ssh2
Apr  6 13:24:21 ovzhost sshd[1434]: message repeated 2 times: [ Failed password for root from 43.255.190.148 port 48746 ssh2]
Apr  6 13:24:22 ovzhost sshd[1434]: Received disconnect from 43.255.190.148: 11:  [preauth]
Apr  6 13:24:22 ovzhost sshd[1434]: PAM 2 more authentication failures; logname= uid=0 euid=0 tty=ssh ruser= rhost=43.255.190.148  user=root
Apr  6 13:24:22 ovzhost sshd[1440]: pam_unix(sshd:auth): authentication failure; logname= uid=0 euid=0 tty=ssh ruser= rhost=43.255.190.159  user=root
Apr  6 13:24:23 ovzhost sshd[1436]: Failed password for root from 43.255.190.152 port 54300 ssh2
Apr  6 13:24:24 ovzhost sshd[1440]: Failed password for root from 43.255.190.159 port 48236 ssh2
Apr  6 13:24:25 ovzhost sshd[1438]: message repeated 2 times: [ Failed password for root from 43.255.190.173 port 46607 ssh2]
Apr  6 13:24:25 ovzhost sshd[1438]: Received disconnect from 43.255.190.173: 11:  [preauth]
Apr  6 13:24:25 ovzhost sshd[1438]: PAM 2 more authentication failures; logname= uid=0 euid=0 tty=ssh ruser= rhost=43.255.190.173  user=root
Apr  6 13:24:26 ovzhost sshd[1444]: pam_unix(sshd:auth): authentication failure; logname= uid=0 euid=0 tty=ssh ruser= rhost=43.255.190.173  user=root
Apr  6 13:24:27 ovzhost sshd[1436]: message repeated 2 times: [ Failed password for root from 43.255.190.152 port 54300 ssh2]
Apr  6 13:24:27 ovzhost sshd[1436]: Received disconnect from 43.255.190.152: 11:  [preauth]
Apr  6 13:24:27 ovzhost sshd[1436]: PAM 2 more authentication failures; logname= uid=0 euid=0 tty=ssh ruser= rhost=43.255.190.152  user=root
Apr  6 13:24:28 ovzhost sshd[1440]: message repeated 2 times: [ Failed password for root from 43.255.190.159 port 48236 ssh2]
Apr  6 13:24:28 ovzhost sshd[1440]: Received disconnect from 43.255.190.159: 11:  [preauth]
Apr  6 13:24:28 ovzhost sshd[1440]: PAM 2 more authentication failures; logname= uid=0 euid=0 tty=ssh ruser= rhost=43.255.190.159  user=root
Apr  6 13:24:28 ovzhost sshd[1444]: Failed password for root from 43.255.190.173 port 35935 ssh2
Apr  6 13:24:28 ovzhost sshd[1442]: pam_unix(sshd:auth): authentication failure; logname= uid=0 euid=0 tty=ssh ruser= rhost=43.255.190.148  user=root
Apr  6 13:24:29 ovzhost sshd[1448]: pam_unix(sshd:auth): authentication failure; logname= uid=0 euid=0 tty=ssh ruser= rhost=43.255.190.159  user=root
Apr  6 13:24:31 ovzhost sshd[1442]: Failed password for root from 43.255.190.148 port 40168 ssh2
Apr  6 13:24:31 ovzhost sshd[1448]: Failed password for root from 43.255.190.159 port 38186 ssh2
Apr  6 13:24:33 ovzhost sshd[1446]: pam_unix(sshd:auth): authentication failure; logname= uid=0 euid=0 tty=ssh ruser= rhost=43.255.190.152  user=root
Apr  6 13:24:33 ovzhost sshd[1444]: message repeated 2 times: [ Failed password for root from 43.255.190.173 port 35935 ssh2]
Apr  6 13:24:33 ovzhost sshd[1444]: Received disconnect from 43.255.190.173: 11:  [preauth]
Apr  6 13:24:33 ovzhost sshd[1444]: PAM 2 more authentication failures; logname= uid=0 euid=0 tty=ssh ruser= rhost=43.255.190.173  user=root
Apr  6 13:24:34 ovzhost sshd[1450]: pam_unix(sshd:auth): authentication failure; logname= uid=0 euid=0 tty=ssh ruser= rhost=43.255.190.173  user=root
Apr  6 13:24:35 ovzhost sshd[1446]: Failed password for root from 43.255.190.152 port 49720 ssh2
Apr  6 13:24:36 ovzhost sshd[1442]: message repeated 2 times: [ Failed password for root from 43.255.190.148 port 40168 ssh2]
Apr  6 13:24:36 ovzhost sshd[1442]: Received disconnect from 43.255.190.148: 11:  [preauth]
Apr  6 13:24:36 ovzhost sshd[1442]: PAM 2 more authentication failures; logname= uid=0 euid=0 tty=ssh ruser= rhost=43.255.190.148  user=root
Apr  6 13:24:36 ovzhost sshd[1448]: message repeated 2 times: [ Failed password for root from 43.255.190.159 port 38186 ssh2]
Apr  6 13:24:36 ovzhost sshd[1448]: Received disconnect from 43.255.190.159: 11:  [preauth]
Apr  6 13:24:36 ovzhost sshd[1448]: PAM 2 more authentication failures; logname= uid=0 euid=0 tty=ssh ruser= rhost=43.255.190.159  user=root
Apr  6 13:24:36 ovzhost sshd[1450]: Failed password for root from 43.255.190.173 port 56309 ssh2
Apr  6 13:24:37 ovzhost sshd[1452]: pam_unix(sshd:auth): authentication failure; logname= uid=0 euid=0 tty=ssh ruser= rhost=43.255.190.148  user=root
Apr  6 13:24:37 ovzhost sshd[1454]: pam_unix(sshd:auth): authentication failure; logname= uid=0 euid=0 tty=ssh ruser= rhost=43.255.190.159  user=root
Apr  6 13:24:38 ovzhost sshd[1452]: Failed password for root from 43.255.190.148 port 44493 ssh2
Apr  6 13:24:38 ovzhost sshd[1454]: Failed password for root from 43.255.190.159 port 55562 ssh2
Apr  6 13:24:39 ovzhost sshd[1446]: message repeated 2 times: [ Failed password for root from 43.255.190.152 port 49720 ssh2]
Apr  6 13:24:39 ovzhost sshd[1446]: Received disconnect from 43.255.190.152: 11:  [preauth]
Apr  6 13:24:39 ovzhost sshd[1446]: PAM 2 more authentication failures; logname= uid=0 euid=0 tty=ssh ruser= rhost=43.255.190.152  user=root
Apr  6 13:24:39 ovzhost sshd[1456]: pam_unix(sshd:auth): authentication failure; logname= uid=0 euid=0 tty=ssh ruser= rhost=43.255.190.152  user=root
Apr  6 13:24:40 ovzhost sshd[1450]: message repeated 2 times: [ Failed password for root from 43.255.190.173 port 56309 ssh2]
Apr  6 13:24:40 ovzhost sshd[1450]: Received disconnect from 43.255.190.173: 11:  [preauth]
Apr  6 13:24:40 ovzhost sshd[1450]: PAM 2 more authentication failures; logname= uid=0 euid=0 tty=ssh ruser= rhost=43.255.190.173  user=root
Apr  6 13:24:41 ovzhost sshd[1456]: Failed password for root from 43.255.190.152 port 53677 ssh2
Apr  6 13:24:43 ovzhost sshd[1452]: message repeated 2 times: [ Failed password for root from 43.255.190.148 port 44493 ssh2]
Apr  6 13:24:43 ovzhost sshd[1452]: Received disconnect from 43.255.190.148: 11:  [preauth]
Apr  6 13:24:43 ovzhost sshd[1452]: PAM 2 more authentication failures; logname= uid=0 euid=0 tty=ssh ruser= rhost=43.255.190.148  user=root
Apr  6 13:24:43 ovzhost sshd[1454]: message repeated 2 times: [ Failed password for root from 43.255.190.159 port 55562 ssh2]
Apr  6 13:24:43 ovzhost sshd[1454]: Received disconnect from 43.255.190.159: 11:  [preauth]
Apr  6 13:24:43 ovzhost sshd[1454]: PAM 2 more authentication failures; logname= uid=0 euid=0 tty=ssh ruser= rhost=43.255.190.159  user=root
Apr  6 13:24:43 ovzhost sshd[1458]: pam_unix(sshd:auth): authentication failure; logname= uid=0 euid=0 tty=ssh ruser= rhost=43.255.190.173  user=root
Apr  6 13:24:45 ovzhost sshd[1458]: Failed password for root from 43.255.190.173 port 45913 ssh2
Apr  6 13:24:45 ovzhost sshd[1456]: message repeated 2 times: [ Failed password for root from 43.255.190.152 port 53677 ssh2]
Apr  6 13:24:46 ovzhost sshd[1456]: Received disconnect from 43.255.190.152: 11:  [preauth]
Apr  6 13:24:46 ovzhost sshd[1456]: PAM 2 more authentication failures; logname= uid=0 euid=0 tty=ssh ruser= rhost=43.255.190.152  user=root
Apr  6 13:24:46 ovzhost sshd[1461]: pam_unix(sshd:auth): authentication failure; logname= uid=0 euid=0 tty=ssh ruser= rhost=43.255.190.148  user=root
Apr  6 13:24:46 ovzhost sshd[1465]: pam_unix(sshd:auth): authentication failure; logname= uid=0 euid=0 tty=ssh ruser= rhost=43.255.190.152  user=root
Apr  6 13:24:46 ovzhost sshd[1462]: pam_unix(sshd:auth): authentication failure; logname= uid=0 euid=0 tty=ssh ruser= rhost=43.255.190.159  user=root
Apr  6 13:24:48 ovzhost sshd[1461]: Failed password for root from 43.255.190.148 port 60747 ssh2
Apr  6 13:24:48 ovzhost sshd[1465]: Failed password for root from 43.255.190.152 port 43542 ssh2
Apr  6 13:24:48 ovzhost sshd[1462]: Failed password for root from 43.255.190.159 port 43111 ssh2
Apr  6 13:24:49 ovzhost sshd[1458]: message repeated 2 times: [ Failed password for root from 43.255.190.173 port 45913 ssh2]
Apr  6 13:24:49 ovzhost sshd[1458]: Received disconnect from 43.255.190.173: 11:  [preauth]
Apr  6 13:24:49 ovzhost sshd[1458]: PAM 2 more authentication failures; logname= uid=0 euid=0 tty=ssh ruser= rhost=43.255.190.173  user=root
Apr  6 13:24:50 ovzhost sshd[1467]: pam_unix(sshd:auth): authentication failure; logname= uid=0 euid=0 tty=ssh ruser= rhost=43.255.190.173  user=root
Apr  6 13:24:52 ovzhost sshd[1461]: message repeated 2 times: [ Failed password for root from 43.255.190.148 port 60747 ssh2]
Apr  6 13:24:52 ovzhost sshd[1461]: Received disconnect from 43.255.190.148: 11:  [preauth]
Apr  6 13:24:52 ovzhost sshd[1461]: PAM 2 more authentication failures; logname= uid=0 euid=0 tty=ssh ruser= rhost=43.255.190.148  user=root
Apr  6 13:24:52 ovzhost sshd[1465]: message repeated 2 times: [ Failed password for root from 43.255.190.152 port 43542 ssh2]
Apr  6 13:24:52 ovzhost sshd[1465]: Received disconnect from 43.255.190.152: 11:  [preauth]
Apr  6 13:24:52 ovzhost sshd[1465]: PAM 2 more authentication failures; logname= uid=0 euid=0 tty=ssh ruser= rhost=43.255.190.152  user=root
Apr  6 13:24:53 ovzhost sshd[1467]: Failed password for root from 43.255.190.173 port 41512 ssh2
Apr  6 13:24:53 ovzhost sshd[1462]: message repeated 2 times: [ Failed password for root from 43.255.190.159 port 43111 ssh2]
Apr  6 13:24:53 ovzhost sshd[1462]: Received disconnect from 43.255.190.159: 11:  [preauth]
Apr  6 13:24:53 ovzhost sshd[1462]: PAM 2 more authentication failures; logname= uid=0 euid=0 tty=ssh ruser= rhost=43.255.190.159  user=root
Apr  6 13:24:54 ovzhost sshd[1472]: pam_unix(sshd:auth): authentication failure; logname= uid=0 euid=0 tty=ssh ruser= rhost=43.255.190.159  user=root
Apr  6 13:24:54 ovzhost sshd[1471]: pam_unix(sshd:auth): authentication failure; logname= uid=0 euid=0 tty=ssh ruser= rhost=43.255.190.152  user=root
Apr  6 13:24:54 ovzhost sshd[1469]: pam_unix(sshd:auth): authentication failure; logname= uid=0 euid=0 tty=ssh ruser= rhost=43.255.190.148  user=root
Apr  6 13:24:56 ovzhost sshd[1472]: Failed password for root from 43.255.190.159 port 36964 ssh2
Apr  6 13:24:56 ovzhost sshd[1471]: Failed password for root from 43.255.190.152 port 33531 ssh2
Apr  6 13:24:56 ovzhost sshd[1469]: Failed password for root from 43.255.190.148 port 52422 ssh2
Apr  6 13:24:57 ovzhost sshd[1467]: message repeated 2 times: [ Failed password for root from 43.255.190.173 port 41512 ssh2]
Apr  6 13:24:57 ovzhost sshd[1467]: Received disconnect from 43.255.190.173: 11:  [preauth]
Apr  6 13:24:57 ovzhost sshd[1467]: PAM 2 more authentication failures; logname= uid=0 euid=0 tty=ssh ruser= rhost=43.255.190.173  user=root
Apr  6 13:24:57 ovzhost sshd[1477]: pam_unix(sshd:auth): authentication failure; logname= uid=0 euid=0 tty=ssh ruser= rhost=43.255.190.173  user=root
Apr  6 13:25:00 ovzhost sshd[1477]: Failed password for root from 43.255.190.173 port 32790 ssh2
Apr  6 13:25:00 ovzhost sshd[1472]: message repeated 2 times: [ Failed password for root from 43.255.190.159 port 36964 ssh2]
Apr  6 13:25:00 ovzhost sshd[1472]: Received disconnect from 43.255.190.159: 11:  [preauth]
Apr  6 13:25:00 ovzhost sshd[1472]: PAM 2 more authentication failures; logname= uid=0 euid=0 tty=ssh ruser= rhost=43.255.190.159  user=root
Apr  6 13:25:00 ovzhost sshd[1469]: message repeated 2 times: [ Failed password for root from 43.255.190.148 port 52422 ssh2]
Apr  6 13:25:00 ovzhost sshd[1469]: Received disconnect from 43.255.190.148: 11:  [preauth]
Apr  6 13:25:00 ovzhost sshd[1469]: PAM 2 more authentication failures; logname= uid=0 euid=0 tty=ssh ruser= rhost=43.255.190.148  user=root
Apr  6 13:25:00 ovzhost sshd[1471]: message repeated 2 times: [ Failed password for root from 43.255.190.152 port 33531 ssh2]
Apr  6 13:25:01 ovzhost sshd[1471]: Received disconnect from 43.255.190.152: 11:  [preauth]
Apr  6 13:25:01 ovzhost sshd[1471]: PAM 2 more authentication failures; logname= uid=0 euid=0 tty=ssh ruser= rhost=43.255.190.152  user=root
Apr  6 13:25:01 ovzhost sshd[1479]: pam_unix(sshd:auth): authentication failure; logname= uid=0 euid=0 tty=ssh ruser= rhost=43.255.190.159  user=root
Apr  6 13:25:03 ovzhost sshd[1482]: pam_unix(sshd:auth): authentication failure; logname= uid=0 euid=0 tty=ssh ruser= rhost=43.255.190.152  user=root
Apr  6 13:25:04 ovzhost sshd[1479]: Failed password for root from 43.255.190.159 port 52142 ssh2
Apr  6 13:25:04 ovzhost sshd[1477]: message repeated 2 times: [ Failed password for root from 43.255.190.173 port 32790 ssh2]
Apr  6 13:25:04 ovzhost sshd[1477]: Received disconnect from 43.255.190.173: 11:  [preauth]
Apr  6 13:25:04 ovzhost sshd[1477]: PAM 2 more authentication failures; logname= uid=0 euid=0 tty=ssh ruser= rhost=43.255.190.173  user=root
Apr  6 13:25:05 ovzhost sshd[1484]: pam_unix(sshd:auth): authentication failure; logname= uid=0 euid=0 tty=ssh ruser= rhost=43.255.190.173  user=root
Apr  6 13:25:05 ovzhost sshd[1482]: Failed password for root from 43.255.190.152 port 57430 ssh2
Apr  6 13:25:06 ovzhost sshd[1484]: Failed password for root from 43.255.190.173 port 51174 ssh2
Apr  6 13:25:15 ovzhost sshd[1481]: Received disconnect from 43.255.190.148: 11:  [preauth]
Apr  6 13:25:07 ovzhost sshd[1482]: Failed password for root from 43.255.190.152 port 57430 ssh2
Apr  6 13:25:15 ovzhost sshd[1482]: Received disconnect from 43.255.190.152: 11:  [preauth]
Apr  6 13:25:15 ovzhost sshd[1482]: PAM 1 more authentication failure; logname= uid=0 euid=0 tty=ssh ruser= rhost=43.255.190.152  user=root
Apr  6 13:25:08 ovzhost sshd[1479]: message repeated 2 times: [ Failed password for root from 43.255.190.159 port 52142 ssh2]
Apr  6 13:25:16 ovzhost sshd[1479]: Received disconnect from 43.255.190.159: 11:  [preauth]
Apr  6 13:25:16 ovzhost sshd[1479]: PAM 2 more authentication failures; logname= uid=0 euid=0 tty=ssh ruser= rhost=43.255.190.159  user=root
Apr  6 13:25:08 ovzhost sshd[1484]: Failed password for root from 43.255.190.173 port 51174 ssh2
Apr  6 13:25:16 ovzhost sshd[1484]: Received disconnect from 43.255.190.173: 11:  [preauth]
Apr  6 13:25:16 ovzhost sshd[1484]: PAM 1 more authentication failure; logname= uid=0 euid=0 tty=ssh ruser= rhost=43.255.190.173  user=root
Apr  6 13:27:05 ovzhost sshd[1495]: Connection closed by 127.0.0.1 [preauth]
