Apr  6 13:19:15 ovzhost sshd[1124]: Received disconnect from 43.255.190.173: 11:  [preauth]
Apr  6 13:19:15 ovzhost sshd[1124]: PAM 2 more authentication failures; logname= uid=0 euid=0 tty=ssh ruser= rhost=43.255.190.173  user=root
Apr  6 13:19:16 ovzhost sshd[1133]: pam_unix(sshd:auth): authentication failure; logname= uid=0 euid=0 tty=ssh ruser= rhost=43.255.190.173  user=root
Apr  6 13:19:18 ovzhost sshd[1126]: message repeated 2 times: [ Failed password for root from 43.255.190.152 port 50564 ssh2]
Apr  6 13:19:18 ovzhost sshd[1126]: Received disconnect from 43.255.190.152: 11:  [preauth]
Apr  6 13:19:18 ovzhost sshd[1126]: PAM 2 more authentication failures; logname= uid=0 euid=0 tty=ssh ruser= rhost=43.255.190.152  user=root
Apr  6 13:19:18 ovzhost sshd[1133]: Failed password for root from 43.255.190.173 port 60756 ssh2
Apr  6 13:19:18 ovzhost sshd[1131]: message repeated 2 times: [ Failed password for root from 43.255.190.159 port 53847 ssh2]
Apr  6 13:19:19 ovzhost sshd[1131]: Received disconnect from 43.255.190.159: 11:  [preauth]
Apr  6 13:19:19 ovzhost sshd[1131]: PAM 2 more authentication failures; logname= uid=0 euid=0 tty=ssh ruser= rhost=43.255.190.159  user=root
Apr  6 13:19:19 ovzhost sshd[1135]: pam_unix(sshd:auth): authentication failure; logname= uid=0 euid=0 tty=ssh ruser= rhost=43.255.190.152  user=root
Apr  6 13:19:19 ovzhost sshd[1129]: message repeated 2 times: [ Failed password for root from 43.255.190.148 port 44841 ssh2]
Apr  6 13:19:19 ovzhost sshd[1129]: Received disconnect from 43.255.190.148: 11:  [preauth]
Apr  6 13:19:19 ovzhost sshd[1129]: PAM 2 more authentication failures; logname= uid=0 euid=0 tty=ssh ruser= rhost=43.255.190.148  user=root
Apr  6 13:19:20 ovzhost sshd[1137]: pam_unix(sshd:auth): authentication failure; logname= uid=0 euid=0 tty=ssh ruser= rhost=43.255.190.159  user=root
Apr  6 13:19:20 ovzhost sshd[1135]: Failed password for root from 43.255.190.152 port 43206 ssh2
Apr  6 13:19:22 ovzhost sshd[1137]: Failed password for root from 43.255.190.159 port 41930 ssh2
Apr  6 13:19:23 ovzhost sshd[1133]: message repeated 2 times: [ Failed password for root from 43.255.190.173 port 60756 ssh2]
Apr  6 13:19:23 ovzhost sshd[1133]: Received disconnect from 43.255.190.173: 11:  [preauth]
Apr  6 13:19:23 ovzhost sshd[1133]: PAM 2 more authentication failures; logname= uid=0 euid=0 tty=ssh ruser= rhost=43.255.190.173  user=root
Apr  6 13:19:24 ovzhost sshd[1141]: pam_unix(sshd:auth): authentication failure; logname= uid=0 euid=0 tty=ssh ruser= rhost=43.255.190.173  user=root
Apr  6 13:19:24 ovzhost sshd[1139]: pam_unix(sshd:auth): authentication failure; logname= uid=0 euid=0 tty=ssh ruser= rhost=43.255.190.148  user=root
Apr  6 13:19:26 ovzhost sshd[1141]: Failed password for root from 43.255.190.173 port 52298 ssh2
Apr  6 13:19:26 ovzhost sshd[1135]: message repeated 2 times: [ Failed password for root from 43.255.190.152 port 43206 ssh2]
Apr  6 13:19:26 ovzhost sshd[1135]: Received disconnect from 43.255.190.152: 11:  [preauth]
Apr  6 13:19:26 ovzhost sshd[1135]: PAM 2 more authentication failures; logname= uid=0 euid=0 tty=ssh ruser= rhost=43.255.190.152  user=root
Apr  6 13:19:26 ovzhost sshd[1139]: Failed password for root from 43.255.190.148 port 34988 ssh2
Apr  6 13:19:27 ovzhost sshd[1143]: pam_unix(sshd:auth): authentication failure; logname= uid=0 euid=0 tty=ssh ruser= rhost=43.255.190.152  user=root
Apr  6 13:19:27 ovzhost sshd[1137]: message repeated 2 times: [ Failed password for root from 43.255.190.159 port 41930 ssh2]
Apr  6 13:19:28 ovzhost sshd[1137]: Received disconnect from 43.255.190.159: 11:  [preauth]
Apr  6 13:19:28 ovzhost sshd[1137]: PAM 2 more authentication failures; logname= uid=0 euid=0 tty=ssh ruser= rhost=43.255.190.159  user=root
Apr  6 13:19:30 ovzhost sshd[1143]: Failed password for root from 43.255.190.152 port 32879 ssh2
Apr  6 13:19:30 ovzhost sshd[1145]: pam_unix(sshd:auth): authentication failure; logname= uid=0 euid=0 tty=ssh ruser= rhost=43.255.190.159  user=root
Apr  6 13:19:30 ovzhost sshd[1141]: message repeated 2 times: [ Failed password for root from 43.255.190.173 port 52298 ssh2]
Apr  6 13:19:30 ovzhost sshd[1141]: Received disconnect from 43.255.190.173: 11:  [preauth]
Apr  6 13:19:30 ovzhost sshd[1141]: PAM 2 more authentication failures; logname= uid=0 euid=0 tty=ssh ruser= rhost=43.255.190.173  user=root
Apr  6 13:19:31 ovzhost sshd[1149]: pam_unix(sshd:auth): authentication failure; logname= uid=0 euid=0 tty=ssh ruser= rhost=43.255.190.148  user=root
Apr  6 13:19:32 ovzhost sshd[1147]: pam_unix(sshd:auth): authentication failure; logname= uid=0 euid=0 tty=ssh ruser= rhost=43.255.190.173  user=root
Apr  6 13:19:32 ovzhost sshd[1145]: Failed password for root from 43.255.190.159 port 60850 ssh2
Apr  6 13:19:33 ovzhost sshd[1149]: Failed password for root from 43.255.190.148 port 60053 ssh2
Apr  6 13:19:30 ovzhost sshd[1139]: message repeated 2 times: [ Failed password for root from 43.255.190.148 port 34988 ssh2]
Apr  6 13:19:33 ovzhost sshd[1139]: Received disconnect from 43.255.190.148: 11:  [preauth]
Apr  6 13:19:33 ovzhost sshd[1139]: PAM 2 more authentication failures; logname= uid=0 euid=0 tty=ssh ruser= rhost=43.255.190.148  user=root
Apr  6 13:19:34 ovzhost sshd[1147]: Failed password for root from 43.255.190.173 port 41972 ssh2
Apr  6 13:19:34 ovzhost sshd[1143]: message repeated 2 times: [ Failed password for root from 43.255.190.152 port 32879 ssh2]
Apr  6 13:19:34 ovzhost sshd[1143]: Received disconnect from 43.255.190.152: 11:  [preauth]
Apr  6 13:19:34 ovzhost sshd[1143]: PAM 2 more authentication failures; logname= uid=0 euid=0 tty=ssh ruser= rhost=43.255.190.152  user=root
Apr  6 13:19:35 ovzhost sshd[1151]: pam_unix(sshd:auth): authentication failure; logname= uid=0 euid=0 tty=ssh ruser= rhost=43.255.190.152  user=root
Apr  6 13:19:37 ovzhost sshd[1149]: message repeated 2 times: [ Failed password for root from 43.255.190.148 port 60053 ssh2]
Apr  6 13:19:37 ovzhost sshd[1149]: Received disconnect from 43.255.190.148: 11:  [preauth]
Apr  6 13:19:37 ovzhost sshd[1149]: PAM 2 more authentication failures; logname= uid=0 euid=0 tty=ssh ruser= rhost=43.255.190.148  user=root
Apr  6 13:19:37 ovzhost sshd[1151]: Failed password for root from 43.255.190.152 port 53366 ssh2
Apr  6 13:19:37 ovzhost sshd[1145]: message repeated 2 times: [ Failed password for root from 43.255.190.159 port 60850 ssh2]
Apr  6 13:19:38 ovzhost sshd[1145]: Received disconnect from 43.255.190.159: 11:  [preauth]
Apr  6 13:19:38 ovzhost sshd[1145]: PAM 2 more authentication failures; logname= uid=0 euid=0 tty=ssh ruser= rhost=43.255.190.159  user=root
Apr  6 13:19:38 ovzhost sshd[1153]: pam_unix(sshd:auth): authentication failure; logname= uid=0 euid=0 tty=ssh ruser= rhost=43.255.190.148  user=root
Apr  6 13:19:38 ovzhost sshd[1155]: pam_unix(sshd:auth): authentication failure; logname= uid=0 euid=0 tty=ssh ruser= rhost=43.255.190.159  user=root
Apr  6 13:19:39 ovzhost sshd[1147]: message repeated 2 times: [ Failed password for root from 43.255.190.173 port 41972 ssh2]
Apr  6 13:19:39 ovzhost sshd[1147]: Received disconnect from 43.255.190.173: 11:  [preauth]
Apr  6 13:19:39 ovzhost sshd[1147]: PAM 2 more authentication failures; logname= uid=0 euid=0 tty=ssh ruser= rhost=43.255.190.173  user=root
Apr  6 13:19:40 ovzhost sshd[1157]: pam_unix(sshd:auth): authentication failure; logname= uid=0 euid=0 tty=ssh ruser= rhost=43.255.190.173  user=root
Apr  6 13:19:40 ovzhost sshd[1153]: Failed password for root from 43.255.190.148 port 46423 ssh2
Apr  6 13:19:40 ovzhost sshd[1155]: Failed password for root from 43.255.190.159 port 55273 ssh2
Apr  6 13:19:42 ovzhost sshd[1151]: message repeated 2 times: [ Failed password for root from 43.255.190.152 port 53366 ssh2]
Apr  6 13:19:42 ovzhost sshd[1151]: Received disconnect from 43.255.190.152: 11:  [preauth]
Apr  6 13:19:42 ovzhost sshd[1151]: PAM 2 more authentication failures; logname= uid=0 euid=0 tty=ssh ruser= rhost=43.255.190.152  user=root
Apr  6 13:19:42 ovzhost sshd[1157]: Failed password for root from 43.255.190.173 port 36486 ssh2
Apr  6 13:19:42 ovzhost sshd[1160]: pam_unix(sshd:auth): authentication failure; logname= uid=0 euid=0 tty=ssh ruser= rhost=43.255.190.152  user=root
Apr  6 13:19:44 ovzhost sshd[1160]: Failed password for root from 43.255.190.152 port 42947 ssh2
Apr  6 13:19:45 ovzhost sshd[1153]: message repeated 2 times: [ Failed password for root from 43.255.190.148 port 46423 ssh2]
Apr  6 13:19:45 ovzhost sshd[1153]: Received disconnect from 43.255.190.148: 11:  [preauth]
Apr  6 13:19:45 ovzhost sshd[1153]: PAM 2 more authentication failures; logname= uid=0 euid=0 tty=ssh ruser= rhost=43.255.190.148  user=root
Apr  6 13:19:45 ovzhost sshd[1155]: message repeated 2 times: [ Failed password for root from 43.255.190.159 port 55273 ssh2]
Apr  6 13:19:45 ovzhost sshd[1155]: Received disconnect from 43.255.190.159: 11:  [preauth]
Apr  6 13:19:45 ovzhost sshd[1155]: PAM 2 more authentication failures; logname= uid=0 euid=0 tty=ssh ruser= rhost=43.255.190.159  user=root
Apr  6 13:19:46 ovzhost sshd[1162]: pam_unix(sshd:auth): authentication failure; logname= uid=0 euid=0 tty=ssh ruser= rhost=43.255.190.148  user=root
Apr  6 13:19:47 ovzhost sshd[1166]: pam_unix(sshd:auth): authentication failure; logname= uid=0 euid=0 tty=ssh ruser= rhost=43.255.190.173  user=root
Apr  6 13:19:47 ovzhost sshd[1164]: pam_unix(sshd:auth): authentication failure; logname= uid=0 euid=0 tty=ssh ruser= rhost=43.255.190.159  user=root
Apr  6 13:19:46 ovzhost sshd[1157]: message repeated 2 times: [ Failed password for root from 43.255.190.173 port 36486 ssh2]
Apr  6 13:19:48 ovzhost sshd[1157]: Received disconnect from 43.255.190.173: 11:  [preauth]
Apr  6 13:19:48 ovzhost sshd[1157]: PAM 2 more authentication failures; logname= uid=0 euid=0 tty=ssh ruser= rhost=43.255.190.173  user=root
Apr  6 13:19:48 ovzhost sshd[1162]: Failed password for root from 43.255.190.148 port 35826 ssh2
Apr  6 13:19:49 ovzhost sshd[1166]: Failed password for root from 43.255.190.173 port 55892 ssh2
Apr  6 13:19:49 ovzhost sshd[1160]: message repeated 2 times: [ Failed password for root from 43.255.190.152 port 42947 ssh2]
Apr  6 13:19:49 ovzhost sshd[1160]: Received disconnect from 43.255.190.152: 11:  [preauth]
Apr  6 13:19:49 ovzhost sshd[1160]: PAM 2 more authentication failures; logname= uid=0 euid=0 tty=ssh ruser= rhost=43.255.190.152  user=root
Apr  6 13:19:49 ovzhost sshd[1164]: Failed password for root from 43.255.190.159 port 43268 ssh2
Apr  6 13:19:50 ovzhost sshd[1168]: pam_unix(sshd:auth): authentication failure; logname= uid=0 euid=0 tty=ssh ruser= rhost=43.255.190.152  user=root
Apr  6 13:19:53 ovzhost sshd[1168]: Failed password for root from 43.255.190.152 port 60063 ssh2
Apr  6 13:19:53 ovzhost sshd[1166]: message repeated 2 times: [ Failed password for root from 43.255.190.173 port 55892 ssh2]
Apr  6 13:19:53 ovzhost sshd[1166]: Received disconnect from 43.255.190.173: 11:  [preauth]
Apr  6 13:19:53 ovzhost sshd[1166]: PAM 2 more authentication failures; logname= uid=0 euid=0 tty=ssh ruser= rhost=43.255.190.173  user=root
Apr  6 13:19:54 ovzhost sshd[1162]: message repeated 2 times: [ Failed password for root from 43.255.190.148 port 35826 ssh2]
Apr  6 13:19:54 ovzhost sshd[1162]: Received disconnect from 43.255.190.148: 11:  [preauth]
Apr  6 13:19:54 ovzhost sshd[1162]: PAM 2 more authentication failures; logname= uid=0 euid=0 tty=ssh ruser= rhost=43.255.190.148  user=root
Apr  6 13:19:54 ovzhost sshd[1170]: pam_unix(sshd:auth): authentication failure; logname= uid=0 euid=0 tty=ssh ruser= rhost=43.255.190.173  user=root
Apr  6 13:19:54 ovzhost sshd[1164]: message repeated 2 times: [ Failed password for root from 43.255.190.159 port 43268 ssh2]
Apr  6 13:19:54 ovzhost sshd[1164]: Received disconnect from 43.255.190.159: 11:  [preauth]
Apr  6 13:19:54 ovzhost sshd[1164]: PAM 2 more authentication failures; logname= uid=0 euid=0 tty=ssh ruser= rhost=43.255.190.159  user=root
Apr  6 13:19:55 ovzhost sshd[1174]: pam_unix(sshd:auth): authentication failure; logname= uid=0 euid=0 tty=ssh ruser= rhost=43.255.190.159  user=root
Apr  6 13:19:55 ovzhost sshd[1170]: Failed password for root from 43.255.190.173 port 45480 ssh2
Apr  6 13:19:56 ovzhost sshd[1172]: pam_unix(sshd:auth): authentication failure; logname= uid=0 euid=0 tty=ssh ruser= rhost=43.255.190.148  user=root
Apr  6 13:19:57 ovzhost sshd[1174]: Failed password for root from 43.255.190.159 port 35769 ssh2
Apr  6 13:19:57 ovzhost sshd[1168]: message repeated 2 times: [ Failed password for root from 43.255.190.152 port 60063 ssh2]
Apr  6 13:19:57 ovzhost sshd[1168]: Received disconnect from 43.255.190.152: 11:  [preauth]
Apr  6 13:19:57 ovzhost sshd[1168]: PAM 2 more authentication failures; logname= uid=0 euid=0 tty=ssh ruser= rhost=43.255.190.152  user=root
Apr  6 13:19:58 ovzhost sshd[1178]: pam_unix(sshd:auth): authentication failure; logname= uid=0 euid=0 tty=ssh ruser= rhost=43.255.190.152  user=root
Apr  6 13:19:59 ovzhost sshd[1172]: Failed password for root from 43.255.190.148 port 55091 ssh2
Apr  6 13:20:00 ovzhost sshd[1170]: message repeated 2 times: [ Failed password for root from 43.255.190.173 port 45480 ssh2]
Apr  6 13:20:00 ovzhost sshd[1170]: Received disconnect from 43.255.190.173: 11:  [preauth]
Apr  6 13:20:00 ovzhost sshd[1170]: PAM 2 more authentication failures; logname= uid=0 euid=0 tty=ssh ruser= rhost=43.255.190.173  user=root
Apr  6 13:20:01 ovzhost CRON[1182]: pam_env(cron:session): Unable to open env file: /etc/default/locale: No such file or directory
Apr  6 13:20:01 ovzhost CRON[1182]: pam_unix(cron:session): session opened for user smmsp by (uid=0)
Apr  6 13:20:01 ovzhost CRON[1182]: pam_unix(cron:session): session closed for user smmsp
Apr  6 13:20:01 ovzhost sshd[1178]: Failed password for root from 43.255.190.152 port 52636 ssh2
Apr  6 13:20:02 ovzhost sshd[1180]: pam_unix(sshd:auth): authentication failure; logname= uid=0 euid=0 tty=ssh ruser= rhost=43.255.190.173  user=root
Apr  6 13:20:02 ovzhost sshd[1174]: message repeated 2 times: [ Failed password for root from 43.255.190.159 port 35769 ssh2]
Apr  6 13:20:03 ovzhost sshd[1174]: Received disconnect from 43.255.190.159: 11:  [preauth]
Apr  6 13:20:03 ovzhost sshd[1174]: PAM 2 more authentication failures; logname= uid=0 euid=0 tty=ssh ruser= rhost=43.255.190.159  user=root
Apr  6 13:20:04 ovzhost sshd[1180]: Failed password for root from 43.255.190.173 port 35097 ssh2
Apr  6 13:20:04 ovzhost sshd[1172]: message repeated 2 times: [ Failed password for root from 43.255.190.148 port 55091 ssh2]
Apr  6 13:20:04 ovzhost sshd[1172]: Received disconnect from 43.255.190.148: 11:  [preauth]
Apr  6 13:20:04 ovzhost sshd[1172]: PAM 2 more authentication failures; logname= uid=0 euid=0 tty=ssh ruser= rhost=43.255.190.148  user=root
Apr  6 13:20:09 ovzhost sshd[1208]: pam_unix(sshd:auth): authentication failure; logname= uid=0 euid=0 tty=ssh ruser= rhost=43.255.190.159  user=root
Apr  6 13:20:10 ovzhost sshd[1180]: message repeated 2 times: [ Failed password for root from 43.255.190.173 port 35097 ssh2]
Apr  6 13:20:10 ovzhost sshd[1180]: Received disconnect from 43.255.190.173: 11:  [preauth]
Apr  6 13:20:10 ovzhost sshd[1180]: PAM 2 more authentication failures; logname= uid=0 euid=0 tty=ssh ruser= rhost=43.255.190.173  user=root
Apr  6 13:20:10 ovzhost sshd[1210]: pam_unix(sshd:auth): authentication failure; logname= uid=0 euid=0 tty=ssh ruser= rhost=43.255.190.148  user=root
Apr  6 13:20:04 ovzhost sshd[1178]: Failed password for root from 43.255.190.152 port 52636 ssh2
Apr  6 13:20:11 ovzhost sshd[1178]: Received disconnect from 43.255.190.152: 11:  [preauth]
Apr  6 13:20:11 ovzhost sshd[1178]: PAM 1 more authentication failure; logname= uid=0 euid=0 tty=ssh ruser= rhost=43.255.190.152  user=root
Apr  6 13:20:11 ovzhost sshd[1208]: Failed password for root from 43.255.190.159 port 53520 ssh2
Apr  6 13:20:12 ovzhost sshd[1210]: Failed password for root from 43.255.190.148 port 50223 ssh2
Apr  6 13:20:12 ovzhost sshd[1217]: Connection closed by 128.8.37.104 [preauth]
Apr  6 13:20:14 ovzhost sshd[1212]: pam_unix(sshd:auth): authentication failure; logname= uid=0 euid=0 tty=ssh ruser= rhost=43.255.190.173  user=root
Apr  6 13:20:15 ovzhost sshd[1219]: pam_unix(sshd:auth): authentication failure; logname= uid=0 euid=0 tty=ssh ruser= rhost=128.134.54.57  user=root
Apr  6 13:20:16 ovzhost sshd[1212]: Failed password for root from 43.255.190.173 port 58676 ssh2
Apr  6 13:20:16 ovzhost sshd[1214]: pam_unix(sshd:auth): authentication failure; logname= uid=0 euid=0 tty=ssh ruser= rhost=43.255.190.152  user=root
Apr  6 13:20:16 ovzhost sshd[1208]: message repeated 2 times: [ Failed password for root from 43.255.190.159 port 53520 ssh2]
Apr  6 13:20:16 ovzhost sshd[1208]: Received disconnect from 43.255.190.159: 11:  [preauth]
Apr  6 13:20:16 ovzhost sshd[1208]: PAM 2 more authentication failures; logname= uid=0 euid=0 tty=ssh ruser= rhost=43.255.190.159  user=root
Apr  6 13:20:16 ovzhost sshd[1219]: Failed password for root from 128.134.54.57 port 45059 ssh2
Apr  6 13:20:16 ovzhost sshd[1210]: message repeated 2 times: [ Failed password for root from 43.255.190.148 port 50223 ssh2]
Apr  6 13:20:17 ovzhost sshd[1210]: Received disconnect from 43.255.190.148: 11:  [preauth]
Apr  6 13:20:17 ovzhost sshd[1210]: PAM 2 more authentication failures; logname= uid=0 euid=0 tty=ssh ruser= rhost=43.255.190.148  user=root
Apr  6 13:20:18 ovzhost sshd[1214]: Failed password for root from 43.255.190.152 port 56274 ssh2
Apr  6 13:20:19 ovzhost sshd[1223]: pam_unix(sshd:auth): authentication failure; logname= uid=0 euid=0 tty=ssh ruser= rhost=43.255.190.148  user=root
Apr  6 13:20:20 ovzhost sshd[1221]: pam_unix(sshd:auth): authentication failure; logname= uid=0 euid=0 tty=ssh ruser= rhost=43.255.190.159  user=root
Apr  6 13:20:20 ovzhost sshd[1219]: message repeated 2 times: [ Failed password for root from 128.134.54.57 port 45059 ssh2]
Apr  6 13:20:21 ovzhost sshd[1219]: Connection closed by 128.134.54.57 [preauth]
Apr  6 13:20:21 ovzhost sshd[1219]: PAM 2 more authentication failures; logname= uid=0 euid=0 tty=ssh ruser= rhost=128.134.54.57  user=root
Apr  6 13:20:21 ovzhost sshd[1212]: message repeated 2 times: [ Failed password for root from 43.255.190.173 port 58676 ssh2]
Apr  6 13:20:21 ovzhost sshd[1212]: Received disconnect from 43.255.190.173: 11:  [preauth]
Apr  6 13:20:21 ovzhost sshd[1212]: PAM 2 more authentication failures; logname= uid=0 euid=0 tty=ssh ruser= rhost=43.255.190.173  user=root
Apr  6 13:20:22 ovzhost sshd[1223]: Failed password for root from 43.255.190.148 port 47675 ssh2
Apr  6 13:20:23 ovzhost sshd[1221]: Failed password for root from 43.255.190.159 port 52501 ssh2
Apr  6 13:20:26 ovzhost sshd[1225]: pam_unix(sshd:auth): authentication failure; logname= uid=0 euid=0 tty=ssh ruser= rhost=43.255.190.173  user=root
Apr  6 13:20:26 ovzhost sshd[1214]: Received disconnect from 43.255.190.152: 11:  [preauth]
Apr  6 13:20:27 ovzhost sshd[1221]: message repeated 2 times: [ Failed password for root from 43.255.190.159 port 52501 ssh2]
Apr  6 13:20:27 ovzhost sshd[1221]: Received disconnect from 43.255.190.159: 11:  [preauth]
Apr  6 13:20:27 ovzhost sshd[1221]: PAM 2 more authentication failures; logname= uid=0 euid=0 tty=ssh ruser= rhost=43.255.190.159  user=root
Apr  6 13:20:28 ovzhost sshd[1225]: Failed password for root from 43.255.190.173 port 58090 ssh2
Apr  6 13:20:29 ovzhost sshd[1229]: pam_unix(sshd:auth): authentication failure; logname= uid=0 euid=0 tty=ssh ruser= rhost=43.255.190.159  user=root
Apr  6 13:20:30 ovzhost sshd[1229]: Failed password for root from 43.255.190.159 port 44857 ssh2
Apr  6 13:20:32 ovzhost sshd[1227]: pam_unix(sshd:auth): authentication failure; logname= uid=0 euid=0 tty=ssh ruser= rhost=43.255.190.152  user=root
Apr  6 13:20:35 ovzhost sshd[1227]: Failed password for root from 43.255.190.152 port 35411 ssh2
Apr  6 13:20:35 ovzhost sshd[1225]: message repeated 2 times: [ Failed password for root from 43.255.190.173 port 58090 ssh2]
Apr  6 13:20:35 ovzhost sshd[1225]: Received disconnect from 43.255.190.173: 11:  [preauth]
Apr  6 13:20:35 ovzhost sshd[1225]: PAM 2 more authentication failures; logname= uid=0 euid=0 tty=ssh ruser= rhost=43.255.190.173  user=root
Apr  6 13:20:30 ovzhost sshd[1223]: message repeated 2 times: [ Failed password for root from 43.255.190.148 port 47675 ssh2]
Apr  6 13:20:39 ovzhost sshd[1223]: Received disconnect from 43.255.190.148: 11:  [preauth]
Apr  6 13:20:39 ovzhost sshd[1223]: PAM 2 more authentication failures; logname= uid=0 euid=0 tty=ssh ruser= rhost=43.255.190.148  user=root
Apr  6 13:20:39 ovzhost sshd[1229]: message repeated 2 times: [ Failed password for root from 43.255.190.159 port 44857 ssh2]
Apr  6 13:20:39 ovzhost sshd[1229]: Received disconnect from 43.255.190.159: 11:  [preauth]
Apr  6 13:20:39 ovzhost sshd[1229]: PAM 2 more authentication failures; logname= uid=0 euid=0 tty=ssh ruser= rhost=43.255.190.159  user=root
Apr  6 13:20:40 ovzhost sshd[1227]: message repeated 2 times: [ Failed password for root from 43.255.190.152 port 35411 ssh2]
Apr  6 13:20:41 ovzhost sshd[1227]: Received disconnect from 43.255.190.152: 11:  [preauth]
Apr  6 13:20:41 ovzhost sshd[1227]: PAM 2 more authentication failures; logname= uid=0 euid=0 tty=ssh ruser= rhost=43.255.190.152  user=root
Apr  6 13:20:44 ovzhost sshd[1237]: pam_unix(sshd:auth): authentication failure; logname= uid=0 euid=0 tty=ssh ruser= rhost=43.255.190.152  user=root
Apr  6 13:20:46 ovzhost sshd[1237]: Failed password for root from 43.255.190.152 port 43325 ssh2
Apr  6 13:20:49 ovzhost sshd[1235]: pam_unix(sshd:auth): authentication failure; logname= uid=0 euid=0 tty=ssh ruser= rhost=43.255.190.148  user=root
Apr  6 13:20:49 ovzhost sshd[1231]: pam_unix(sshd:auth): authentication failure; logname= uid=0 euid=0 tty=ssh ruser= rhost=43.255.190.173  user=root
Apr  6 13:20:50 ovzhost sshd[1235]: Failed password for root from 43.255.190.148 port 37886 ssh2
Apr  6 13:20:51 ovzhost sshd[1231]: Failed password for root from 43.255.190.173 port 37023 ssh2
Apr  6 13:20:51 ovzhost sshd[1237]: message repeated 2 times: [ Failed password for root from 43.255.190.152 port 43325 ssh2]
Apr  6 13:20:51 ovzhost sshd[1237]: Received disconnect from 43.255.190.152: 11:  [preauth]
Apr  6 13:20:51 ovzhost sshd[1237]: PAM 2 more authentication failures; logname= uid=0 euid=0 tty=ssh ruser= rhost=43.255.190.152  user=root
Apr  6 13:20:52 ovzhost sshd[1233]: Received disconnect from 43.255.190.159: 11:  [preauth]
Apr  6 13:20:54 ovzhost sshd[1235]: message repeated 2 times: [ Failed password for root from 43.255.190.148 port 37886 ssh2]
Apr  6 13:20:54 ovzhost sshd[1235]: Received disconnect from 43.255.190.148: 11:  [preauth]
Apr  6 13:20:54 ovzhost sshd[1235]: PAM 2 more authentication failures; logname= uid=0 euid=0 tty=ssh ruser= rhost=43.255.190.148  user=root
Apr  6 13:20:54 ovzhost sshd[1231]: message repeated 2 times: [ Failed password for root from 43.255.190.173 port 37023 ssh2]
Apr  6 13:20:54 ovzhost sshd[1231]: Received disconnect from 43.255.190.173: 11:  [preauth]
Apr  6 13:20:54 ovzhost sshd[1231]: PAM 2 more authentication failures; logname= uid=0 euid=0 tty=ssh ruser= rhost=43.255.190.173  user=root
Apr  6 13:20:54 ovzhost sshd[1247]: Did not receive identification string from 23.95.103.243
Apr  6 13:20:57 ovzhost sshd[1241]: pam_unix(sshd:auth): authentication failure; logname= uid=0 euid=0 tty=ssh ruser= rhost=43.255.190.152  user=root
Apr  6 13:20:58 ovzhost sshd[1244]: pam_unix(sshd:auth): authentication failure; logname= uid=0 euid=0 tty=ssh ruser= rhost=43.255.190.173  user=root
Apr  6 13:20:59 ovzhost sshd[1241]: Failed password for root from 43.255.190.152 port 41041 ssh2
Apr  6 13:21:00 ovzhost sshd[1244]: Failed password for root from 43.255.190.173 port 57141 ssh2
Apr  6 13:21:04 ovzhost sshd[1244]: message repeated 2 times: [ Failed password for root from 43.255.190.173 port 57141 ssh2]
Apr  6 13:21:05 ovzhost sshd[1244]: Received disconnect from 43.255.190.173: 11:  [preauth]
Apr  6 13:21:05 ovzhost sshd[1244]: PAM 2 more authentication failures; logname= uid=0 euid=0 tty=ssh ruser= rhost=43.255.190.173  user=root
Apr  6 13:21:06 ovzhost sshd[1241]: message repeated 2 times: [ Failed password for root from 43.255.190.152 port 41041 ssh2]
Apr  6 13:21:07 ovzhost sshd[1241]: Received disconnect from 43.255.190.152: 11:  [preauth]
Apr  6 13:21:07 ovzhost sshd[1241]: PAM 2 more authentication failures; logname= uid=0 euid=0 tty=ssh ruser= rhost=43.255.190.152  user=root
Apr  6 13:21:07 ovzhost sshd[1248]: pam_unix(sshd:auth): authentication failure; logname= uid=0 euid=0 tty=ssh ruser= rhost=43.255.190.159  user=root
Apr  6 13:21:08 ovzhost sshd[1243]: pam_unix(sshd:auth): authentication failure; logname= uid=0 euid=0 tty=ssh ruser= rhost=43.255.190.148  user=root
Apr  6 13:21:08 ovzhost sshd[1251]: pam_unix(sshd:auth): authentication failure; logname= uid=0 euid=0 tty=ssh ruser= rhost=43.255.190.152  user=root
Apr  6 13:21:09 ovzhost sshd[1250]: pam_unix(sshd:auth): authentication failure; logname= uid=0 euid=0 tty=ssh ruser= rhost=43.255.190.173  user=root
Apr  6 13:21:09 ovzhost sshd[1248]: Failed password for root from 43.255.190.159 port 37999 ssh2
Apr  6 13:21:10 ovzhost sshd[1243]: Failed password for root from 43.255.190.148 port 43679 ssh2
Apr  6 13:21:11 ovzhost sshd[1251]: Failed password for root from 43.255.190.152 port 51415 ssh2
Apr  6 13:21:11 ovzhost sshd[1250]: Failed password for root from 43.255.190.173 port 56860 ssh2
Apr  6 13:21:13 ovzhost sshd[1248]: message repeated 2 times: [ Failed password for root from 43.255.190.159 port 37999 ssh2]
Apr  6 13:21:13 ovzhost sshd[1248]: Received disconnect from 43.255.190.159: 11:  [preauth]
Apr  6 13:21:13 ovzhost sshd[1248]: PAM 2 more authentication failures; logname= uid=0 euid=0 tty=ssh ruser= rhost=43.255.190.159  user=root
Apr  6 13:21:14 ovzhost sshd[1243]: message repeated 2 times: [ Failed password for root from 43.255.190.148 port 43679 ssh2]
Apr  6 13:21:14 ovzhost sshd[1243]: Received disconnect from 43.255.190.148: 11:  [preauth]
Apr  6 13:21:14 ovzhost sshd[1243]: PAM 2 more authentication failures; logname= uid=0 euid=0 tty=ssh ruser= rhost=43.255.190.148  user=root
Apr  6 13:21:14 ovzhost sshd[1258]: pam_unix(sshd:auth): authentication failure; logname= uid=0 euid=0 tty=ssh ruser= rhost=43.255.190.159  user=root
Apr  6 13:21:14 ovzhost sshd[1260]: pam_unix(sshd:auth): authentication failure; logname= uid=0 euid=0 tty=ssh ruser= rhost=43.255.190.148  user=root
Apr  6 13:21:16 ovzhost sshd[1258]: Failed password for root from 43.255.190.159 port 53998 ssh2
Apr  6 13:21:16 ovzhost sshd[1250]: message repeated 2 times: [ Failed password for root from 43.255.190.173 port 56860 ssh2]
Apr  6 13:21:16 ovzhost sshd[1250]: Received disconnect from 43.255.190.173: 11:  [preauth]
Apr  6 13:21:16 ovzhost sshd[1250]: PAM 2 more authentication failures; logname= uid=0 euid=0 tty=ssh ruser= rhost=43.255.190.173  user=root
Apr  6 13:21:16 ovzhost sshd[1260]: Failed password for root from 43.255.190.148 port 58781 ssh2
Apr  6 13:21:17 ovzhost sshd[1262]: pam_unix(sshd:auth): authentication failure; logname= uid=0 euid=0 tty=ssh ruser= rhost=43.255.190.173  user=root
Apr  6 13:21:19 ovzhost sshd[1262]: Failed password for root from 43.255.190.173 port 58706 ssh2
Apr  6 13:21:19 ovzhost sshd[1251]: message repeated 2 times: [ Failed password for root from 43.255.190.152 port 51415 ssh2]
Apr  6 13:21:19 ovzhost sshd[1251]: Received disconnect from 43.255.190.152: 11:  [preauth]
Apr  6 13:21:19 ovzhost sshd[1251]: PAM 2 more authentication failures; logname= uid=0 euid=0 tty=ssh ruser= rhost=43.255.190.152  user=root
Apr  6 13:21:20 ovzhost sshd[1264]: pam_unix(sshd:auth): authentication failure; logname= uid=0 euid=0 tty=ssh ruser= rhost=43.255.190.152  user=root
Apr  6 13:21:20 ovzhost sshd[1258]: message repeated 2 times: [ Failed password for root from 43.255.190.159 port 53998 ssh2]
Apr  6 13:21:20 ovzhost sshd[1258]: Received disconnect from 43.255.190.159: 11:  [preauth]
Apr  6 13:21:20 ovzhost sshd[1258]: PAM 2 more authentication failures; logname= uid=0 euid=0 tty=ssh ruser= rhost=43.255.190.159  user=root
Apr  6 13:21:21 ovzhost sshd[1260]: message repeated 2 times: [ Failed password for root from 43.255.190.148 port 58781 ssh2]
Apr  6 13:21:21 ovzhost sshd[1260]: Received disconnect from 43.255.190.148: 11:  [preauth]
Apr  6 13:21:21 ovzhost sshd[1260]: PAM 2 more authentication failures; logname= uid=0 euid=0 tty=ssh ruser= rhost=43.255.190.148  user=root
Apr  6 13:21:22 ovzhost sshd[1264]: Failed password for root from 43.255.190.152 port 57531 ssh2
Apr  6 13:21:22 ovzhost sshd[1268]: pam_unix(sshd:auth): authentication failure; logname= uid=0 euid=0 tty=ssh ruser= rhost=43.255.190.148  user=root
Apr  6 13:21:24 ovzhost sshd[1262]: message repeated 2 times: [ Failed password for root from 43.255.190.173 port 58706 ssh2]
Apr  6 13:21:24 ovzhost sshd[1262]: Received disconnect from 43.255.190.173: 11:  [preauth]
Apr  6 13:21:24 ovzhost sshd[1262]: PAM 2 more authentication failures; logname= uid=0 euid=0 tty=ssh ruser= rhost=43.255.190.173  user=root
Apr  6 13:21:25 ovzhost sshd[1268]: Failed password for root from 43.255.190.148 port 46684 ssh2
Apr  6 13:21:26 ovzhost sshd[1264]: message repeated 2 times: [ Failed password for root from 43.255.190.152 port 57531 ssh2]
Apr  6 13:21:26 ovzhost sshd[1264]: Received disconnect from 43.255.190.152: 11:  [preauth]
Apr  6 13:21:26 ovzhost sshd[1264]: PAM 2 more authentication failures; logname= uid=0 euid=0 tty=ssh ruser= rhost=43.255.190.152  user=root
Apr  6 13:21:29 ovzhost sshd[1272]: pam_unix(sshd:auth): authentication failure; logname= uid=0 euid=0 tty=ssh ruser= rhost=43.255.190.152  user=root
Apr  6 13:21:28 ovzhost sshd[1268]: message repeated 2 times: [ Failed password for root from 43.255.190.148 port 46684 ssh2]
Apr  6 13:21:30 ovzhost sshd[1268]: Received disconnect from 43.255.190.148: 11:  [preauth]
Apr  6 13:21:30 ovzhost sshd[1268]: PAM 2 more authentication failures; logname= uid=0 euid=0 tty=ssh ruser= rhost=43.255.190.148  user=root
Apr  6 13:21:30 ovzhost sshd[1274]: pam_unix(sshd:auth): authentication failure; logname= uid=0 euid=0 tty=ssh ruser= rhost=43.255.190.148  user=root
Apr  6 13:21:31 ovzhost sshd[1276]: pam_unix(sshd:auth): authentication failure; logname= uid=0 euid=0 tty=ssh ruser= rhost=43.255.190.159  user=root
Apr  6 13:21:31 ovzhost sshd[1272]: Failed password for root from 43.255.190.152 port 47534 ssh2
Apr  6 13:21:32 ovzhost sshd[1274]: Failed password for root from 43.255.190.148 port 39382 ssh2
Apr  6 13:21:33 ovzhost sshd[1276]: Failed password for root from 43.255.190.159 port 36955 ssh2
Apr  6 13:21:34 ovzhost sshd[1270]: Received disconnect from 43.255.190.173: 11:  [preauth]
Apr  6 13:21:36 ovzhost sshd[1266]: Received disconnect from 43.255.190.159: 11:  [preauth]
Apr  6 13:21:36 ovzhost sshd[1274]: message repeated 2 times: [ Failed password for root from 43.255.190.148 port 39382 ssh2]
Apr  6 13:21:36 ovzhost sshd[1274]: Received disconnect from 43.255.190.148: 11:  [preauth]
Apr  6 13:21:36 ovzhost sshd[1274]: PAM 2 more authentication failures; logname= uid=0 euid=0 tty=ssh ruser= rhost=43.255.190.148  user=root
Apr  6 13:21:36 ovzhost sshd[1272]: message repeated 2 times: [ Failed password for root from 43.255.190.152 port 47534 ssh2]
Apr  6 13:21:36 ovzhost sshd[1272]: Received disconnect from 43.255.190.152: 11:  [preauth]
Apr  6 13:21:36 ovzhost sshd[1272]: PAM 2 more authentication failures; logname= uid=0 euid=0 tty=ssh ruser= rhost=43.255.190.152  user=root
Apr  6 13:21:36 ovzhost sshd[1278]: pam_unix(sshd:auth): authentication failure; logname= uid=0 euid=0 tty=ssh ruser= rhost=43.255.190.173  user=root
Apr  6 13:21:37 ovzhost sshd[1276]: message repeated 2 times: [ Failed password for root from 43.255.190.159 port 36955 ssh2]
Apr  6 13:21:37 ovzhost sshd[1276]: Received disconnect from 43.255.190.159: 11:  [preauth]
Apr  6 13:21:37 ovzhost sshd[1276]: PAM 2 more authentication failures; logname= uid=0 euid=0 tty=ssh ruser= rhost=43.255.190.159  user=root
Apr  6 13:21:38 ovzhost sshd[1278]: Failed password for root from 43.255.190.173 port 49766 ssh2
Apr  6 13:21:38 ovzhost sshd[1281]: pam_unix(sshd:auth): authentication failure; logname= uid=0 euid=0 tty=ssh ruser= rhost=43.255.190.159  user=root
Apr  6 13:21:40 ovzhost sshd[1283]: pam_unix(sshd:auth): authentication failure; logname= uid=0 euid=0 tty=ssh ruser= rhost=43.255.190.148  user=root
Apr  6 13:21:40 ovzhost sshd[1281]: Failed password for root from 43.255.190.159 port 51414 ssh2
Apr  6 13:21:41 ovzhost sshd[1285]: pam_unix(sshd:auth): authentication failure; logname= uid=0 euid=0 tty=ssh ruser= rhost=43.255.190.152  user=root
Apr  6 13:21:42 ovzhost sshd[1283]: Failed password for root from 43.255.190.148 port 54207 ssh2
Apr  6 13:21:42 ovzhost sshd[1278]: message repeated 2 times: [ Failed password for root from 43.255.190.173 port 49766 ssh2]
Apr  6 13:21:42 ovzhost sshd[1278]: Received disconnect from 43.255.190.173: 11:  [preauth]
Apr  6 13:21:42 ovzhost sshd[1278]: PAM 2 more authentication failures; logname= uid=0 euid=0 tty=ssh ruser= rhost=43.255.190.173  user=root
Apr  6 13:21:43 ovzhost sshd[1285]: Failed password for root from 43.255.190.152 port 46758 ssh2
Apr  6 13:21:44 ovzhost sshd[1281]: message repeated 2 times: [ Failed password for root from 43.255.190.159 port 51414 ssh2]
Apr  6 13:21:44 ovzhost sshd[1281]: Received disconnect from 43.255.190.159: 11:  [preauth]
Apr  6 13:21:44 ovzhost sshd[1281]: PAM 2 more authentication failures; logname= uid=0 euid=0 tty=ssh ruser= rhost=43.255.190.159  user=root
Apr  6 13:21:45 ovzhost sshd[1289]: pam_unix(sshd:auth): authentication failure; logname= uid=0 euid=0 tty=ssh ruser= rhost=43.255.190.159  user=root
Apr  6 13:21:46 ovzhost sshd[1283]: message repeated 2 times: [ Failed password for root from 43.255.190.148 port 54207 ssh2]
Apr  6 13:21:46 ovzhost sshd[1283]: Received disconnect from 43.255.190.148: 11:  [preauth]
Apr  6 13:21:46 ovzhost sshd[1283]: PAM 2 more authentication failures; logname= uid=0 euid=0 tty=ssh ruser= rhost=43.255.190.148  user=root
Apr  6 13:21:47 ovzhost sshd[1289]: Failed password for root from 43.255.190.159 port 39627 ssh2
Apr  6 13:21:46 ovzhost sshd[1285]: message repeated 2 times: [ Failed password for root from 43.255.190.152 port 46758 ssh2]
Apr  6 13:21:47 ovzhost sshd[1285]: Received disconnect from 43.255.190.152: 11:  [preauth]
Apr  6 13:21:47 ovzhost sshd[1285]: PAM 2 more authentication failures; logname= uid=0 euid=0 tty=ssh ruser= rhost=43.255.190.152  user=root
Apr  6 13:21:48 ovzhost sshd[1291]: pam_unix(sshd:auth): authentication failure; logname= uid=0 euid=0 tty=ssh ruser= rhost=43.255.190.152  user=root
Apr  6 13:21:50 ovzhost sshd[1291]: Failed password for root from 43.255.190.152 port 47273 ssh2
Apr  6 13:21:51 ovzhost sshd[1293]: pam_unix(sshd:auth): authentication failure; logname= uid=0 euid=0 tty=ssh ruser= rhost=43.255.190.148  user=root
Apr  6 13:21:51 ovzhost sshd[1289]: message repeated 2 times: [ Failed password for root from 43.255.190.159 port 39627 ssh2]
Apr  6 13:21:51 ovzhost sshd[1289]: Received disconnect from 43.255.190.159: 11:  [preauth]
Apr  6 13:21:51 ovzhost sshd[1289]: PAM 2 more authentication failures; logname= uid=0 euid=0 tty=ssh ruser= rhost=43.255.190.159  user=root
Apr  6 13:21:53 ovzhost sshd[1295]: pam_unix(sshd:auth): authentication failure; logname= uid=0 euid=0 tty=ssh ruser= rhost=43.255.190.159  user=root
Apr  6 13:21:53 ovzhost sshd[1293]: Failed password for root from 43.255.190.148 port 48191 ssh2
Apr  6 13:21:54 ovzhost sshd[1291]: message repeated 2 times: [ Failed password for root from 43.255.190.152 port 47273 ssh2]
Apr  6 13:21:54 ovzhost sshd[1291]: Received disconnect from 43.255.190.152: 11:  [preauth]
Apr  6 13:21:54 ovzhost sshd[1291]: PAM 2 more authentication failures; logname= uid=0 euid=0 tty=ssh ruser= rhost=43.255.190.152  user=root
Apr  6 13:21:54 ovzhost sshd[1287]: pam_unix(sshd:auth): authentication failure; logname= uid=0 euid=0 tty=ssh ruser= rhost=43.255.190.173  user=root
Apr  6 13:21:55 ovzhost sshd[1297]: pam_unix(sshd:auth): authentication failure; logname= uid=0 euid=0 tty=ssh ruser= rhost=43.255.190.152  user=root
Apr  6 13:21:55 ovzhost sshd[1295]: Failed password for root from 43.255.190.159 port 57175 ssh2
Apr  6 13:21:56 ovzhost sshd[1287]: Failed password for root from 43.255.190.173 port 42657 ssh2
Apr  6 13:21:56 ovzhost sshd[1297]: Failed password for root from 43.255.190.152 port 39210 ssh2
Apr  6 13:22:00 ovzhost sshd[1293]: message repeated 2 times: [ Failed password for root from 43.255.190.148 port 48191 ssh2]
Apr  6 13:22:00 ovzhost sshd[1293]: Received disconnect from 43.255.190.148: 11:  [preauth]
Apr  6 13:22:00 ovzhost sshd[1293]: PAM 2 more authentication failures; logname= uid=0 euid=0 tty=ssh ruser= rhost=43.255.190.148  user=root
Apr  6 13:22:00 ovzhost sshd[1297]: message repeated 2 times: [ Failed password for root from 43.255.190.152 port 39210 ssh2]
Apr  6 13:22:00 ovzhost sshd[1297]: Received disconnect from 43.255.190.152: 11:  [preauth]
Apr  6 13:22:00 ovzhost sshd[1297]: PAM 2 more authentication failures; logname= uid=0 euid=0 tty=ssh ruser= rhost=43.255.190.152  user=root
Apr  6 13:22:00 ovzhost sshd[1287]: message repeated 2 times: [ Failed password for root from 43.255.190.173 port 42657 ssh2]
Apr  6 13:22:01 ovzhost sshd[1287]: Received disconnect from 43.255.190.173: 11:  [preauth]
Apr  6 13:22:01 ovzhost sshd[1287]: PAM 2 more authentication failures; logname= uid=0 euid=0 tty=ssh ruser= rhost=43.255.190.173  user=root
Apr  6 13:22:01 ovzhost sshd[1299]: pam_unix(sshd:auth): authentication failure; logname= uid=0 euid=0 tty=ssh ruser= rhost=43.255.190.148  user=root
Apr  6 13:22:01 ovzhost sshd[1301]: pam_unix(sshd:auth): authentication failure; logname= uid=0 euid=0 tty=ssh ruser= rhost=43.255.190.152  user=root
Apr  6 13:22:02 ovzhost sshd[1299]: Failed password for root from 43.255.190.148 port 54276 ssh2
Apr  6 13:22:02 ovzhost sshd[1301]: Failed password for root from 43.255.190.152 port 56582 ssh2
Apr  6 13:22:03 ovzhost sshd[1303]: pam_unix(sshd:auth): authentication failure; logname= uid=0 euid=0 tty=ssh ruser= rhost=43.255.190.173  user=root
Apr  6 13:22:05 ovzhost sshd[1295]: Failed password for root from 43.255.190.159 port 57175 ssh2
Apr  6 13:22:05 ovzhost sshd[1295]: Received disconnect from 43.255.190.159: 11:  [preauth]
Apr  6 13:22:05 ovzhost sshd[1295]: PAM 1 more authentication failure; logname= uid=0 euid=0 tty=ssh ruser= rhost=43.255.190.159  user=root
Apr  6 13:22:05 ovzhost sshd[1308]: Connection closed by 127.0.0.1 [preauth]
Apr  6 13:22:05 ovzhost sshd[1303]: Failed password for root from 43.255.190.173 port 34050 ssh2
Apr  6 13:22:06 ovzhost sshd[1299]: message repeated 2 times: [ Failed password for root from 43.255.190.148 port 54276 ssh2]
Apr  6 13:22:06 ovzhost sshd[1299]: Received disconnect from 43.255.190.148: 11:  [preauth]
Apr  6 13:22:06 ovzhost sshd[1299]: PAM 2 more authentication failures; logname= uid=0 euid=0 tty=ssh ruser= rhost=43.255.190.148  user=root
Apr  6 13:22:06 ovzhost sshd[1301]: message repeated 2 times: [ Failed password for root from 43.255.190.152 port 56582 ssh2]
Apr  6 13:22:06 ovzhost sshd[1301]: Received disconnect from 43.255.190.152: 11:  [preauth]
Apr  6 13:22:06 ovzhost sshd[1301]: PAM 2 more authentication failures; logname= uid=0 euid=0 tty=ssh ruser= rhost=43.255.190.152  user=root
Apr  6 13:22:06 ovzhost sshd[1305]: pam_unix(sshd:auth): authentication failure; logname= uid=0 euid=0 tty=ssh ruser= rhost=43.255.190.159  user=root
Apr  6 13:22:07 ovzhost sshd[1310]: pam_unix(sshd:auth): authentication failure; logname= uid=0 euid=0 tty=ssh ruser= rhost=43.255.190.148  user=root
Apr  6 13:22:07 ovzhost sshd[1312]: pam_unix(sshd:auth): authentication failure; logname= uid=0 euid=0 tty=ssh ruser= rhost=43.255.190.152  user=root
Apr  6 13:22:08 ovzhost sshd[1305]: Failed password for root from 43.255.190.159 port 59825 ssh2
Apr  6 13:22:09 ovzhost sshd[1310]: Failed password for root from 43.255.190.148 port 40582 ssh2
Apr  6 13:22:09 ovzhost sshd[1312]: Failed password for root from 43.255.190.152 port 44980 ssh2
Apr  6 13:22:09 ovzhost sshd[1303]: message repeated 2 times: [ Failed password for root from 43.255.190.173 port 34050 ssh2]
Apr  6 13:22:10 ovzhost sshd[1303]: Received disconnect from 43.255.190.173: 11:  [preauth]
Apr  6 13:22:10 ovzhost sshd[1303]: PAM 2 more authentication failures; logname= uid=0 euid=0 tty=ssh ruser= rhost=43.255.190.173  user=root
Apr  6 13:22:12 ovzhost sshd[1305]: message repeated 2 times: [ Failed password for root from 43.255.190.159 port 59825 ssh2]
Apr  6 13:22:12 ovzhost sshd[1305]: Received disconnect from 43.255.190.159: 11:  [preauth]
Apr  6 13:22:12 ovzhost sshd[1305]: PAM 2 more authentication failures; logname= uid=0 euid=0 tty=ssh ruser= rhost=43.255.190.159  user=root
Apr  6 13:22:12 ovzhost sshd[1310]: message repeated 2 times: [ Failed password for root from 43.255.190.148 port 40582 ssh2]
Apr  6 13:22:12 ovzhost sshd[1310]: Received disconnect from 43.255.190.148: 11:  [preauth]
Apr  6 13:22:12 ovzhost sshd[1310]: PAM 2 more authentication failures; logname= uid=0 euid=0 tty=ssh ruser= rhost=43.255.190.148  user=root
Apr  6 13:22:12 ovzhost sshd[1312]: message repeated 2 times: [ Failed password for root from 43.255.190.152 port 44980 ssh2]
Apr  6 13:22:12 ovzhost sshd[1312]: Received disconnect from 43.255.190.152: 11:  [preauth]
Apr  6 13:22:12 ovzhost sshd[1312]: PAM 2 more authentication failures; logname= uid=0 euid=0 tty=ssh ruser= rhost=43.255.190.152  user=root
Apr  6 13:22:13 ovzhost sshd[1318]: pam_unix(sshd:auth): authentication failure; logname= uid=0 euid=0 tty=ssh ruser= rhost=43.255.190.148  user=root
Apr  6 13:22:13 ovzhost sshd[1320]: pam_unix(sshd:auth): authentication failure; logname= uid=0 euid=0 tty=ssh ruser= rhost=43.255.190.152  user=root
Apr  6 13:22:14 ovzhost sshd[1318]: Failed password for root from 43.255.190.148 port 55001 ssh2
Apr  6 13:22:14 ovzhost sshd[1320]: Failed password for root from 43.255.190.152 port 32883 ssh2
Apr  6 13:22:16 ovzhost sshd[1314]: pam_unix(sshd:auth): authentication failure; logname= uid=0 euid=0 tty=ssh ruser= rhost=43.255.190.173  user=root
Apr  6 13:22:18 ovzhost sshd[1316]: pam_unix(sshd:auth): authentication failure; logname= uid=0 euid=0 tty=ssh ruser= rhost=43.255.190.159  user=root
Apr  6 13:22:18 ovzhost sshd[1320]: message repeated 2 times: [ Failed password for root from 43.255.190.152 port 32883 ssh2]
Apr  6 13:22:18 ovzhost sshd[1320]: Received disconnect from 43.255.190.152: 11:  [preauth]
Apr  6 13:22:18 ovzhost sshd[1320]: PAM 2 more authentication failures; logname= uid=0 euid=0 tty=ssh ruser= rhost=43.255.190.152  user=root
Apr  6 13:22:19 ovzhost sshd[1314]: Failed password for root from 43.255.190.173 port 57402 ssh2
Apr  6 13:22:19 ovzhost sshd[1318]: message repeated 2 times: [ Failed password for root from 43.255.190.148 port 55001 ssh2]
Apr  6 13:22:19 ovzhost sshd[1318]: Received disconnect from 43.255.190.148: 11:  [preauth]
Apr  6 13:22:19 ovzhost sshd[1318]: PAM 2 more authentication failures; logname= uid=0 euid=0 tty=ssh ruser= rhost=43.255.190.148  user=root
Apr  6 13:22:19 ovzhost sshd[1316]: Failed password for root from 43.255.190.159 port 48053 ssh2
Apr  6 13:22:20 ovzhost sshd[1324]: pam_unix(sshd:auth): authentication failure; logname= uid=0 euid=0 tty=ssh ruser= rhost=43.255.190.148  user=root
Apr  6 13:22:20 ovzhost sshd[1322]: pam_unix(sshd:auth): authentication failure; logname= uid=0 euid=0 tty=ssh ruser= rhost=43.255.190.152  user=root
Apr  6 13:22:22 ovzhost sshd[1324]: Failed password for root from 43.255.190.148 port 42053 ssh2
Apr  6 13:22:22 ovzhost sshd[1322]: Failed password for root from 43.255.190.152 port 48847 ssh2
Apr  6 13:22:23 ovzhost sshd[1314]: message repeated 2 times: [ Failed password for root from 43.255.190.173 port 57402 ssh2]
Apr  6 13:22:23 ovzhost sshd[1314]: Received disconnect from 43.255.190.173: 11:  [preauth]
Apr  6 13:22:23 ovzhost sshd[1314]: PAM 2 more authentication failures; logname= uid=0 euid=0 tty=ssh ruser= rhost=43.255.190.173  user=root
Apr  6 13:22:23 ovzhost sshd[1316]: message repeated 2 times: [ Failed password for root from 43.255.190.159 port 48053 ssh2]
Apr  6 13:22:23 ovzhost sshd[1316]: Received disconnect from 43.255.190.159: 11:  [preauth]
Apr  6 13:22:23 ovzhost sshd[1316]: PAM 2 more authentication failures; logname= uid=0 euid=0 tty=ssh ruser= rhost=43.255.190.159  user=root
Apr  6 13:22:24 ovzhost sshd[1326]: pam_unix(sshd:auth): authentication failure; logname= uid=0 euid=0 tty=ssh ruser= rhost=43.255.190.173  user=root
Apr  6 13:22:26 ovzhost sshd[1326]: Failed password for root from 43.255.190.173 port 33908 ssh2
Apr  6 13:22:26 ovzhost sshd[1324]: message repeated 2 times: [ Failed password for root from 43.255.190.148 port 42053 ssh2]
Apr  6 13:22:26 ovzhost sshd[1324]: Received disconnect from 43.255.190.148: 11:  [preauth]
Apr  6 13:22:26 ovzhost sshd[1324]: PAM 2 more authentication failures; logname= uid=0 euid=0 tty=ssh ruser= rhost=43.255.190.148  user=root
Apr  6 13:22:26 ovzhost sshd[1322]: message repeated 2 times: [ Failed password for root from 43.255.190.152 port 48847 ssh2]
Apr  6 13:22:26 ovzhost sshd[1322]: Received disconnect from 43.255.190.152: 11:  [preauth]
Apr  6 13:22:26 ovzhost sshd[1322]: PAM 2 more authentication failures; logname= uid=0 euid=0 tty=ssh ruser= rhost=43.255.190.152  user=root
Apr  6 13:22:28 ovzhost sshd[1332]: pam_unix(sshd:auth): authentication failure; logname= uid=0 euid=0 tty=ssh ruser= rhost=43.255.190.152  user=root
Apr  6 13:22:30 ovzhost sshd[1332]: Failed password for root from 43.255.190.152 port 41039 ssh2
Apr  6 13:22:30 ovzhost sshd[1326]: message repeated 2 times: [ Failed password for root from 43.255.190.173 port 33908 ssh2]
Apr  6 13:22:30 ovzhost sshd[1326]: Received disconnect from 43.255.190.173: 11:  [preauth]
Apr  6 13:22:30 ovzhost sshd[1326]: PAM 2 more authentication failures; logname= uid=0 euid=0 tty=ssh ruser= rhost=43.255.190.173  user=root
Apr  6 13:22:31 ovzhost sshd[1334]: pam_unix(sshd:auth): authentication failure; logname= uid=0 euid=0 tty=ssh ruser= rhost=43.255.190.173  user=root
Apr  6 13:22:33 ovzhost sshd[1334]: Failed password for root from 43.255.190.173 port 53085 ssh2
Apr  6 13:22:34 ovzhost sshd[1328]: Received disconnect from 43.255.190.159: 11:  [preauth]
Apr  6 13:22:34 ovzhost sshd[1332]: message repeated 2 times: [ Failed password for root from 43.255.190.152 port 41039 ssh2]
Apr  6 13:22:34 ovzhost sshd[1332]: Received disconnect from 43.255.190.152: 11:  [preauth]
Apr  6 13:22:34 ovzhost sshd[1332]: PAM 2 more authentication failures; logname= uid=0 euid=0 tty=ssh ruser= rhost=43.255.190.152  user=root
Apr  6 13:22:34 ovzhost sshd[1336]: pam_unix(sshd:auth): authentication failure; logname= uid=0 euid=0 tty=ssh ruser= rhost=43.255.190.159  user=root
Apr  6 13:22:35 ovzhost sshd[1338]: pam_unix(sshd:auth): authentication failure; logname= uid=0 euid=0 tty=ssh ruser= rhost=43.255.190.152  user=root
Apr  6 13:22:36 ovzhost sshd[1330]: pam_unix(sshd:auth): authentication failure; logname= uid=0 euid=0 tty=ssh ruser= rhost=43.255.190.148  user=root
Apr  6 13:22:36 ovzhost sshd[1338]: Failed password for root from 43.255.190.152 port 33551 ssh2
Apr  6 13:22:37 ovzhost sshd[1336]: Failed password for root from 43.255.190.159 port 39569 ssh2
Apr  6 13:22:37 ovzhost sshd[1334]: message repeated 2 times: [ Failed password for root from 43.255.190.173 port 53085 ssh2]
Apr  6 13:22:37 ovzhost sshd[1334]: Received disconnect from 43.255.190.173: 11:  [preauth]
Apr  6 13:22:37 ovzhost sshd[1334]: PAM 2 more authentication failures; logname= uid=0 euid=0 tty=ssh ruser= rhost=43.255.190.173  user=root
Apr  6 13:22:37 ovzhost sshd[1330]: Failed password for root from 43.255.190.148 port 59345 ssh2
Apr  6 13:22:38 ovzhost sshd[1340]: pam_unix(sshd:auth): authentication failure; logname= uid=0 euid=0 tty=ssh ruser= rhost=43.255.190.173  user=root
Apr  6 13:22:40 ovzhost sshd[1340]: Failed password for root from 43.255.190.173 port 40933 ssh2
Apr  6 13:22:40 ovzhost sshd[1338]: message repeated 2 times: [ Failed password for root from 43.255.190.152 port 33551 ssh2]
Apr  6 13:22:40 ovzhost sshd[1338]: Received disconnect from 43.255.190.152: 11:  [preauth]
Apr  6 13:22:40 ovzhost sshd[1338]: PAM 2 more authentication failures; logname= uid=0 euid=0 tty=ssh ruser= rhost=43.255.190.152  user=root
Apr  6 13:22:41 ovzhost sshd[1336]: message repeated 2 times: [ Failed password for root from 43.255.190.159 port 39569 ssh2]
Apr  6 13:22:41 ovzhost sshd[1336]: Received disconnect from 43.255.190.159: 11:  [preauth]
Apr  6 13:22:41 ovzhost sshd[1336]: PAM 2 more authentication failures; logname= uid=0 euid=0 tty=ssh ruser= rhost=43.255.190.159  user=root
Apr  6 13:22:43 ovzhost sshd[1330]: message repeated 2 times: [ Failed password for root from 43.255.190.148 port 59345 ssh2]
Apr  6 13:22:43 ovzhost sshd[1330]: Received disconnect from 43.255.190.148: 11:  [preauth]
Apr  6 13:22:43 ovzhost sshd[1330]: PAM 2 more authentication failures; logname= uid=0 euid=0 tty=ssh ruser= rhost=43.255.190.148  user=root
Apr  6 13:22:43 ovzhost sshd[1345]: pam_unix(sshd:auth): authentication failure; logname= uid=0 euid=0 tty=ssh ruser= rhost=43.255.190.152  user=root
Apr  6 13:22:44 ovzhost sshd[1340]: message repeated 2 times: [ Failed password for root from 43.255.190.173 port 40933 ssh2]
Apr  6 13:22:44 ovzhost sshd[1340]: Received disconnect from 43.255.190.173: 11:  [preauth]
Apr  6 13:22:44 ovzhost sshd[1340]: PAM 2 more authentication failures; logname= uid=0 euid=0 tty=ssh ruser= rhost=43.255.190.173  user=root
