Mar 31 17:16:56 ovzhost sudo:     root : unable to resolve host ovzhost
Mar 31 17:16:56 ovzhost sudo:     root : TTY=pts/0 ; PWD=/ ; USER=root ; COMMAND=/usr/bin/less /root/.bash_history
Mar 31 17:16:56 ovzhost sudo: pam_unix(sudo:session): session opened for user root by (uid=0)
Mar 31 17:16:57 ovzhost sudo: pam_unix(sudo:session): session closed for user root
Apr  2 14:31:13 ovzhost sshd[419]: Server listening on 0.0.0.0 port 22.
Apr  2 14:31:13 ovzhost sshd[419]: Server listening on :: port 22.
Apr  2 14:31:13 ovzhost saslauthd[637]: detach_tty      : master pid is: 637
Apr  2 14:31:13 ovzhost saslauthd[637]: ipc_init        : listening on socket: /var/run/saslauthd/mux
Apr  2 14:33:26 ovzhost sshd[797]: Connection closed by 127.0.0.1 [preauth]
Apr  6 12:47:06 ovzhost sshd[782]: Connection closed by 127.0.0.1 [preauth]
Apr  6 12:50:13 ovzhost sshd[798]: Connection closed by 128.8.37.104 [preauth]
Apr  6 12:52:06 ovzhost sshd[808]: Connection closed by 127.0.0.1 [preauth]
Apr  6 12:54:11 ovzhost sshd[816]: pam_unix(sshd:auth): authentication failure; logname= uid=0 euid=0 tty=ssh ruser= rhost=175.119.226.215  user=root
Apr  6 12:54:14 ovzhost sshd[816]: Failed password for root from 175.119.226.215 port 7176 ssh2
Apr  6 12:54:16 ovzhost sshd[816]: Failed password for root from 175.119.226.215 port 7176 ssh2
Apr  6 12:54:16 ovzhost sshd[816]: Connection closed by 175.119.226.215 [preauth]
Apr  6 12:54:16 ovzhost sshd[816]: PAM 1 more authentication failure; logname= uid=0 euid=0 tty=ssh ruser= rhost=175.119.226.215  user=root
Apr  6 12:57:05 ovzhost sshd[829]: Connection closed by 127.0.0.1 [preauth]
Apr  6 13:00:01 ovzhost CRON[844]: pam_env(cron:session): Unable to open env file: /etc/default/locale: No such file or directory
Apr  6 13:00:01 ovzhost CRON[844]: pam_unix(cron:session): session opened for user smmsp by (uid=0)
Apr  6 13:00:01 ovzhost CRON[844]: pam_unix(cron:session): session closed for user smmsp
Apr  6 13:00:13 ovzhost sshd[871]: Connection closed by 128.8.37.104 [preauth]
Apr  6 13:02:05 ovzhost sshd[881]: Connection closed by 127.0.0.1 [preauth]
Apr  6 13:02:25 ovzhost sshd[883]: Invalid user abhijitg from 221.146.74.146
Apr  6 13:02:25 ovzhost sshd[883]: input_userauth_request: invalid user abhijitg [preauth]
Apr  6 13:02:25 ovzhost sshd[883]: pam_unix(sshd:auth): check pass; user unknown
Apr  6 13:02:25 ovzhost sshd[883]: pam_unix(sshd:auth): authentication failure; logname= uid=0 euid=0 tty=ssh ruser= rhost=221.146.74.146 
Apr  6 13:02:27 ovzhost sshd[883]: Failed password for invalid user abhijitg from 221.146.74.146 port 50141 ssh2
Apr  6 13:02:27 ovzhost sshd[883]: Connection closed by 221.146.74.146 [preauth]
Apr  6 13:07:05 ovzhost sshd[902]: Connection closed by 127.0.0.1 [preauth]
Apr  6 13:08:48 ovzhost sshd[911]: fatal: Read from socket failed: Connection reset by peer [preauth]
Apr  6 13:09:01 ovzhost CRON[916]: pam_env(cron:session): Unable to open env file: /etc/default/locale: No such file or directory
Apr  6 13:09:01 ovzhost CRON[915]: pam_env(cron:session): Unable to open env file: /etc/default/locale: No such file or directory
Apr  6 13:09:01 ovzhost CRON[915]: pam_unix(cron:session): session opened for user root by (uid=0)
Apr  6 13:09:01 ovzhost CRON[916]: pam_unix(cron:session): session opened for user root by (uid=0)
Apr  6 13:09:01 ovzhost CRON[915]: pam_unix(cron:session): session closed for user root
Apr  6 13:09:01 ovzhost CRON[916]: pam_unix(cron:session): session closed for user root
Apr  6 13:10:12 ovzhost sshd[934]: Connection closed by 128.8.37.104 [preauth]
Apr  6 13:12:05 ovzhost sshd[944]: Connection closed by 127.0.0.1 [preauth]
Apr  6 13:16:07 ovzhost sshd[957]: pam_unix(sshd:auth): authentication failure; logname= uid=0 euid=0 tty=ssh ruser= rhost=43.255.190.173  user=root
Apr  6 13:16:09 ovzhost sshd[957]: Failed password for root from 43.255.190.173 port 37440 ssh2
Apr  6 13:16:11 ovzhost sshd[961]: pam_unix(sshd:auth): authentication failure; logname= uid=0 euid=0 tty=ssh ruser= rhost=43.255.190.152  user=root
Apr  6 13:16:13 ovzhost sshd[961]: Failed password for root from 43.255.190.152 port 44096 ssh2
Apr  6 13:16:14 ovzhost sshd[957]: message repeated 2 times: [ Failed password for root from 43.255.190.173 port 37440 ssh2]
Apr  6 13:16:14 ovzhost sshd[957]: Received disconnect from 43.255.190.173: 11:  [preauth]
Apr  6 13:16:14 ovzhost sshd[957]: PAM 2 more authentication failures; logname= uid=0 euid=0 tty=ssh ruser= rhost=43.255.190.173  user=root
Apr  6 13:16:14 ovzhost sshd[965]: pam_unix(sshd:auth): authentication failure; logname= uid=0 euid=0 tty=ssh ruser= rhost=43.255.190.173  user=root
Apr  6 13:16:16 ovzhost sshd[965]: Failed password for root from 43.255.190.173 port 55054 ssh2
Apr  6 13:16:17 ovzhost sshd[961]: message repeated 2 times: [ Failed password for root from 43.255.190.152 port 44096 ssh2]
Apr  6 13:16:17 ovzhost sshd[961]: Received disconnect from 43.255.190.152: 11:  [preauth]
Apr  6 13:16:17 ovzhost sshd[961]: PAM 2 more authentication failures; logname= uid=0 euid=0 tty=ssh ruser= rhost=43.255.190.152  user=root
Apr  6 13:16:18 ovzhost sshd[967]: pam_unix(sshd:auth): authentication failure; logname= uid=0 euid=0 tty=ssh ruser= rhost=43.255.190.152  user=root
Apr  6 13:16:20 ovzhost sshd[967]: Failed password for root from 43.255.190.152 port 57846 ssh2
Apr  6 13:16:21 ovzhost sshd[965]: message repeated 2 times: [ Failed password for root from 43.255.190.173 port 55054 ssh2]
Apr  6 13:16:21 ovzhost sshd[965]: Received disconnect from 43.255.190.173: 11:  [preauth]
Apr  6 13:16:21 ovzhost sshd[965]: PAM 2 more authentication failures; logname= uid=0 euid=0 tty=ssh ruser= rhost=43.255.190.173  user=root
Apr  6 13:16:21 ovzhost sshd[969]: pam_unix(sshd:auth): authentication failure; logname= uid=0 euid=0 tty=ssh ruser= rhost=43.255.190.173  user=root
Apr  6 13:16:23 ovzhost sshd[969]: Failed password for root from 43.255.190.173 port 44888 ssh2
Apr  6 13:16:24 ovzhost sshd[967]: message repeated 2 times: [ Failed password for root from 43.255.190.152 port 57846 ssh2]
Apr  6 13:16:24 ovzhost sshd[967]: Received disconnect from 43.255.190.152: 11:  [preauth]
Apr  6 13:16:24 ovzhost sshd[967]: PAM 2 more authentication failures; logname= uid=0 euid=0 tty=ssh ruser= rhost=43.255.190.152  user=root
Apr  6 13:16:25 ovzhost sshd[971]: pam_unix(sshd:auth): authentication failure; logname= uid=0 euid=0 tty=ssh ruser= rhost=43.255.190.152  user=root
Apr  6 13:16:27 ovzhost sshd[971]: Failed password for root from 43.255.190.152 port 44581 ssh2
Apr  6 13:16:27 ovzhost sshd[969]: message repeated 2 times: [ Failed password for root from 43.255.190.173 port 44888 ssh2]
Apr  6 13:16:27 ovzhost sshd[969]: Received disconnect from 43.255.190.173: 11:  [preauth]
Apr  6 13:16:27 ovzhost sshd[969]: PAM 2 more authentication failures; logname= uid=0 euid=0 tty=ssh ruser= rhost=43.255.190.173  user=root
Apr  6 13:16:28 ovzhost sshd[973]: pam_unix(sshd:auth): authentication failure; logname= uid=0 euid=0 tty=ssh ruser= rhost=43.255.190.173  user=root
Apr  6 13:16:30 ovzhost sshd[973]: Failed password for root from 43.255.190.173 port 36315 ssh2
Apr  6 13:16:31 ovzhost sshd[971]: message repeated 2 times: [ Failed password for root from 43.255.190.152 port 44581 ssh2]
Apr  6 13:16:31 ovzhost sshd[971]: Received disconnect from 43.255.190.152: 11:  [preauth]
Apr  6 13:16:31 ovzhost sshd[971]: PAM 2 more authentication failures; logname= uid=0 euid=0 tty=ssh ruser= rhost=43.255.190.152  user=root
Apr  6 13:16:34 ovzhost sshd[973]: message repeated 2 times: [ Failed password for root from 43.255.190.173 port 36315 ssh2]
Apr  6 13:16:34 ovzhost sshd[973]: Received disconnect from 43.255.190.173: 11:  [preauth]
Apr  6 13:16:34 ovzhost sshd[973]: PAM 2 more authentication failures; logname= uid=0 euid=0 tty=ssh ruser= rhost=43.255.190.173  user=root
Apr  6 13:16:35 ovzhost sshd[977]: pam_unix(sshd:auth): authentication failure; logname= uid=0 euid=0 tty=ssh ruser= rhost=43.255.190.152  user=root
Apr  6 13:16:35 ovzhost sshd[975]: pam_unix(sshd:auth): authentication failure; logname= uid=0 euid=0 tty=ssh ruser= rhost=43.255.190.173  user=root
Apr  6 13:16:36 ovzhost sshd[977]: Failed password for root from 43.255.190.152 port 57989 ssh2
Apr  6 13:16:37 ovzhost sshd[975]: Failed password for root from 43.255.190.173 port 54535 ssh2
Apr  6 13:16:40 ovzhost sshd[980]: pam_unix(sshd:auth): authentication failure; logname= uid=0 euid=0 tty=ssh ruser= rhost=43.255.190.148  user=root
Apr  6 13:16:40 ovzhost sshd[977]: message repeated 2 times: [ Failed password for root from 43.255.190.152 port 57989 ssh2]
Apr  6 13:16:40 ovzhost sshd[977]: Received disconnect from 43.255.190.152: 11:  [preauth]
Apr  6 13:16:40 ovzhost sshd[977]: PAM 2 more authentication failures; logname= uid=0 euid=0 tty=ssh ruser= rhost=43.255.190.152  user=root
Apr  6 13:16:41 ovzhost sshd[982]: pam_unix(sshd:auth): authentication failure; logname= uid=0 euid=0 tty=ssh ruser= rhost=43.255.190.152  user=root
Apr  6 13:16:41 ovzhost sshd[975]: message repeated 2 times: [ Failed password for root from 43.255.190.173 port 54535 ssh2]
Apr  6 13:16:42 ovzhost sshd[975]: Received disconnect from 43.255.190.173: 11:  [preauth]
Apr  6 13:16:42 ovzhost sshd[975]: PAM 2 more authentication failures; logname= uid=0 euid=0 tty=ssh ruser= rhost=43.255.190.173  user=root
Apr  6 13:16:42 ovzhost sshd[982]: Failed password for root from 43.255.190.152 port 48295 ssh2
Apr  6 13:16:43 ovzhost sshd[980]: Failed password for root from 43.255.190.148 port 58738 ssh2
Apr  6 13:16:46 ovzhost sshd[982]: message repeated 2 times: [ Failed password for root from 43.255.190.152 port 48295 ssh2]
Apr  6 13:16:46 ovzhost sshd[982]: Received disconnect from 43.255.190.152: 11:  [preauth]
Apr  6 13:16:46 ovzhost sshd[982]: PAM 2 more authentication failures; logname= uid=0 euid=0 tty=ssh ruser= rhost=43.255.190.152  user=root
Apr  6 13:16:46 ovzhost sshd[980]: message repeated 2 times: [ Failed password for root from 43.255.190.148 port 58738 ssh2]
Apr  6 13:16:46 ovzhost sshd[980]: Received disconnect from 43.255.190.148: 11:  [preauth]
Apr  6 13:16:46 ovzhost sshd[980]: PAM 2 more authentication failures; logname= uid=0 euid=0 tty=ssh ruser= rhost=43.255.190.148  user=root
Apr  6 13:16:47 ovzhost sshd[986]: pam_unix(sshd:auth): authentication failure; logname= uid=0 euid=0 tty=ssh ruser= rhost=43.255.190.152  user=root
Apr  6 13:16:47 ovzhost sshd[984]: pam_unix(sshd:auth): authentication failure; logname= uid=0 euid=0 tty=ssh ruser= rhost=43.255.190.173  user=root
Apr  6 13:16:47 ovzhost sshd[988]: pam_unix(sshd:auth): authentication failure; logname= uid=0 euid=0 tty=ssh ruser= rhost=43.255.190.148  user=root
Apr  6 13:16:49 ovzhost sshd[986]: Failed password for root from 43.255.190.152 port 33410 ssh2
Apr  6 13:16:49 ovzhost sshd[984]: Failed password for root from 43.255.190.173 port 47641 ssh2
Apr  6 13:16:49 ovzhost sshd[988]: Failed password for root from 43.255.190.148 port 46137 ssh2
Apr  6 13:16:53 ovzhost sshd[984]: message repeated 2 times: [ Failed password for root from 43.255.190.173 port 47641 ssh2]
Apr  6 13:16:53 ovzhost sshd[984]: Received disconnect from 43.255.190.173: 11:  [preauth]
Apr  6 13:16:53 ovzhost sshd[984]: PAM 2 more authentication failures; logname= uid=0 euid=0 tty=ssh ruser= rhost=43.255.190.173  user=root
Apr  6 13:16:53 ovzhost sshd[988]: message repeated 2 times: [ Failed password for root from 43.255.190.148 port 46137 ssh2]
Apr  6 13:16:53 ovzhost sshd[988]: Received disconnect from 43.255.190.148: 11:  [preauth]
Apr  6 13:16:53 ovzhost sshd[988]: PAM 2 more authentication failures; logname= uid=0 euid=0 tty=ssh ruser= rhost=43.255.190.148  user=root
Apr  6 13:16:53 ovzhost sshd[986]: message repeated 2 times: [ Failed password for root from 43.255.190.152 port 33410 ssh2]
Apr  6 13:16:54 ovzhost sshd[986]: Received disconnect from 43.255.190.152: 11:  [preauth]
Apr  6 13:16:54 ovzhost sshd[986]: PAM 2 more authentication failures; logname= uid=0 euid=0 tty=ssh ruser= rhost=43.255.190.152  user=root
Apr  6 13:16:54 ovzhost sshd[990]: pam_unix(sshd:auth): authentication failure; logname= uid=0 euid=0 tty=ssh ruser= rhost=43.255.190.152  user=root
Apr  6 13:16:55 ovzhost sshd[994]: pam_unix(sshd:auth): authentication failure; logname= uid=0 euid=0 tty=ssh ruser= rhost=43.255.190.148  user=root
Apr  6 13:16:55 ovzhost sshd[992]: pam_unix(sshd:auth): authentication failure; logname= uid=0 euid=0 tty=ssh ruser= rhost=43.255.190.173  user=root
Apr  6 13:16:55 ovzhost sshd[990]: Failed password for root from 43.255.190.152 port 47486 ssh2
Apr  6 13:16:57 ovzhost sshd[994]: Failed password for root from 43.255.190.148 port 59738 ssh2
Apr  6 13:16:57 ovzhost sshd[992]: Failed password for root from 43.255.190.173 port 48283 ssh2
Apr  6 13:17:00 ovzhost sshd[990]: message repeated 2 times: [ Failed password for root from 43.255.190.152 port 47486 ssh2]
Apr  6 13:17:00 ovzhost sshd[990]: Received disconnect from 43.255.190.152: 11:  [preauth]
Apr  6 13:17:00 ovzhost sshd[990]: PAM 2 more authentication failures; logname= uid=0 euid=0 tty=ssh ruser= rhost=43.255.190.152  user=root
Apr  6 13:17:01 ovzhost sshd[994]: message repeated 2 times: [ Failed password for root from 43.255.190.148 port 59738 ssh2]
Apr  6 13:17:01 ovzhost sshd[994]: Received disconnect from 43.255.190.148: 11:  [preauth]
Apr  6 13:17:01 ovzhost sshd[994]: PAM 2 more authentication failures; logname= uid=0 euid=0 tty=ssh ruser= rhost=43.255.190.148  user=root
Apr  6 13:17:01 ovzhost sshd[992]: message repeated 2 times: [ Failed password for root from 43.255.190.173 port 48283 ssh2]
Apr  6 13:17:02 ovzhost sshd[992]: Received disconnect from 43.255.190.173: 11:  [preauth]
Apr  6 13:17:02 ovzhost sshd[992]: PAM 2 more authentication failures; logname= uid=0 euid=0 tty=ssh ruser= rhost=43.255.190.173  user=root
Apr  6 13:17:02 ovzhost sshd[996]: pam_unix(sshd:auth): authentication failure; logname= uid=0 euid=0 tty=ssh ruser= rhost=43.255.190.152  user=root
Apr  6 13:17:02 ovzhost sshd[1000]: pam_unix(sshd:auth): authentication failure; logname= uid=0 euid=0 tty=ssh ruser= rhost=43.255.190.173  user=root
Apr  6 13:17:03 ovzhost sshd[998]: pam_unix(sshd:auth): authentication failure; logname= uid=0 euid=0 tty=ssh ruser= rhost=43.255.190.148  user=root
Apr  6 13:17:03 ovzhost sshd[996]: Failed password for root from 43.255.190.152 port 32832 ssh2
Apr  6 13:17:04 ovzhost sshd[1000]: Failed password for root from 43.255.190.173 port 40632 ssh2
Apr  6 13:17:05 ovzhost sshd[998]: Failed password for root from 43.255.190.148 port 48950 ssh2
Apr  6 13:17:05 ovzhost sshd[998]: Received disconnect from 43.255.190.148: 11:  [preauth]
Apr  6 13:17:05 ovzhost sshd[1003]: Connection closed by 127.0.0.1 [preauth]
Apr  6 13:17:07 ovzhost sshd[996]: message repeated 2 times: [ Failed password for root from 43.255.190.152 port 32832 ssh2]
Apr  6 13:17:07 ovzhost sshd[996]: Received disconnect from 43.255.190.152: 11:  [preauth]
Apr  6 13:17:07 ovzhost sshd[996]: PAM 2 more authentication failures; logname= uid=0 euid=0 tty=ssh ruser= rhost=43.255.190.152  user=root
Apr  6 13:17:08 ovzhost sshd[1005]: pam_unix(sshd:auth): authentication failure; logname= uid=0 euid=0 tty=ssh ruser= rhost=43.255.190.152  user=root
Apr  6 13:17:08 ovzhost sshd[1000]: message repeated 2 times: [ Failed password for root from 43.255.190.173 port 40632 ssh2]
Apr  6 13:17:08 ovzhost sshd[1000]: Received disconnect from 43.255.190.173: 11:  [preauth]
Apr  6 13:17:08 ovzhost sshd[1000]: PAM 2 more authentication failures; logname= uid=0 euid=0 tty=ssh ruser= rhost=43.255.190.173  user=root
Apr  6 13:17:08 ovzhost sshd[1007]: pam_unix(sshd:auth): authentication failure; logname= uid=0 euid=0 tty=ssh ruser= rhost=43.255.190.173  user=root
Apr  6 13:17:10 ovzhost sshd[1010]: pam_unix(sshd:auth): authentication failure; logname= uid=0 euid=0 tty=ssh ruser= rhost=43.255.190.148  user=root
Apr  6 13:17:10 ovzhost sshd[1005]: Failed password for root from 43.255.190.152 port 47212 ssh2
Apr  6 13:17:11 ovzhost sshd[1007]: Failed password for root from 43.255.190.173 port 56069 ssh2
Apr  6 13:17:12 ovzhost sshd[1010]: Failed password for root from 43.255.190.148 port 57754 ssh2
Apr  6 13:17:14 ovzhost sshd[1005]: message repeated 2 times: [ Failed password for root from 43.255.190.152 port 47212 ssh2]
Apr  6 13:17:14 ovzhost sshd[1005]: Received disconnect from 43.255.190.152: 11:  [preauth]
Apr  6 13:17:14 ovzhost sshd[1005]: PAM 2 more authentication failures; logname= uid=0 euid=0 tty=ssh ruser= rhost=43.255.190.152  user=root
Apr  6 13:17:15 ovzhost sshd[1007]: message repeated 2 times: [ Failed password for root from 43.255.190.173 port 56069 ssh2]
Apr  6 13:17:15 ovzhost sshd[1007]: Received disconnect from 43.255.190.173: 11:  [preauth]
Apr  6 13:17:15 ovzhost sshd[1007]: PAM 2 more authentication failures; logname= uid=0 euid=0 tty=ssh ruser= rhost=43.255.190.173  user=root
Apr  6 13:17:15 ovzhost sshd[1012]: pam_unix(sshd:auth): authentication failure; logname= uid=0 euid=0 tty=ssh ruser= rhost=43.255.190.152  user=root
Apr  6 13:17:16 ovzhost sshd[1010]: message repeated 2 times: [ Failed password for root from 43.255.190.148 port 57754 ssh2]
Apr  6 13:17:16 ovzhost sshd[1010]: Received disconnect from 43.255.190.148: 11:  [preauth]
Apr  6 13:17:16 ovzhost sshd[1010]: PAM 2 more authentication failures; logname= uid=0 euid=0 tty=ssh ruser= rhost=43.255.190.148  user=root
Apr  6 13:17:17 ovzhost sshd[1014]: pam_unix(sshd:auth): authentication failure; logname= uid=0 euid=0 tty=ssh ruser= rhost=43.255.190.173  user=root
Apr  6 13:17:17 ovzhost sshd[1012]: Failed password for root from 43.255.190.152 port 32975 ssh2
Apr  6 13:17:19 ovzhost sshd[1016]: pam_unix(sshd:auth): authentication failure; logname= uid=0 euid=0 tty=ssh ruser= rhost=43.255.190.148  user=root
Apr  6 13:17:19 ovzhost sshd[1014]: Failed password for root from 43.255.190.173 port 45935 ssh2
Apr  6 13:17:21 ovzhost sshd[1016]: Failed password for root from 43.255.190.148 port 38164 ssh2
Apr  6 13:17:21 ovzhost sshd[1012]: message repeated 2 times: [ Failed password for root from 43.255.190.152 port 32975 ssh2]
Apr  6 13:17:21 ovzhost sshd[1012]: Received disconnect from 43.255.190.152: 11:  [preauth]
Apr  6 13:17:21 ovzhost sshd[1012]: PAM 2 more authentication failures; logname= uid=0 euid=0 tty=ssh ruser= rhost=43.255.190.152  user=root
Apr  6 13:17:23 ovzhost sshd[1018]: pam_unix(sshd:auth): authentication failure; logname= uid=0 euid=0 tty=ssh ruser= rhost=43.255.190.152  user=root
Apr  6 13:17:23 ovzhost sshd[1014]: message repeated 2 times: [ Failed password for root from 43.255.190.173 port 45935 ssh2]
Apr  6 13:17:23 ovzhost sshd[1014]: Received disconnect from 43.255.190.173: 11:  [preauth]
Apr  6 13:17:23 ovzhost sshd[1014]: PAM 2 more authentication failures; logname= uid=0 euid=0 tty=ssh ruser= rhost=43.255.190.173  user=root
Apr  6 13:17:24 ovzhost sshd[1020]: pam_unix(sshd:auth): authentication failure; logname= uid=0 euid=0 tty=ssh ruser= rhost=43.255.190.173  user=root
Apr  6 13:17:25 ovzhost sshd[1018]: Failed password for root from 43.255.190.152 port 47931 ssh2
Apr  6 13:17:25 ovzhost sshd[1016]: message repeated 2 times: [ Failed password for root from 43.255.190.148 port 38164 ssh2]
Apr  6 13:17:25 ovzhost sshd[1016]: Received disconnect from 43.255.190.148: 11:  [preauth]
Apr  6 13:17:25 ovzhost sshd[1016]: PAM 2 more authentication failures; logname= uid=0 euid=0 tty=ssh ruser= rhost=43.255.190.148  user=root
Apr  6 13:17:25 ovzhost sshd[1020]: Failed password for root from 43.255.190.173 port 39277 ssh2
Apr  6 13:17:27 ovzhost sshd[1022]: pam_unix(sshd:auth): authentication failure; logname= uid=0 euid=0 tty=ssh ruser= rhost=43.255.190.148  user=root
Apr  6 13:17:29 ovzhost sshd[1022]: Failed password for root from 43.255.190.148 port 57156 ssh2
Apr  6 13:17:29 ovzhost sshd[1018]: message repeated 2 times: [ Failed password for root from 43.255.190.152 port 47931 ssh2]
Apr  6 13:17:29 ovzhost sshd[1018]: Received disconnect from 43.255.190.152: 11:  [preauth]
Apr  6 13:17:29 ovzhost sshd[1018]: PAM 2 more authentication failures; logname= uid=0 euid=0 tty=ssh ruser= rhost=43.255.190.152  user=root
Apr  6 13:17:30 ovzhost sshd[1020]: message repeated 2 times: [ Failed password for root from 43.255.190.173 port 39277 ssh2]
Apr  6 13:17:30 ovzhost sshd[1020]: Received disconnect from 43.255.190.173: 11:  [preauth]
Apr  6 13:17:30 ovzhost sshd[1020]: PAM 2 more authentication failures; logname= uid=0 euid=0 tty=ssh ruser= rhost=43.255.190.173  user=root
Apr  6 13:17:31 ovzhost sshd[1024]: pam_unix(sshd:auth): authentication failure; logname= uid=0 euid=0 tty=ssh ruser= rhost=43.255.190.152  user=root
Apr  6 13:17:32 ovzhost sshd[1026]: pam_unix(sshd:auth): authentication failure; logname= uid=0 euid=0 tty=ssh ruser= rhost=43.255.190.173  user=root
Apr  6 13:17:33 ovzhost sshd[1024]: Failed password for root from 43.255.190.152 port 35506 ssh2
Apr  6 13:17:33 ovzhost sshd[1022]: message repeated 2 times: [ Failed password for root from 43.255.190.148 port 57156 ssh2]
Apr  6 13:17:33 ovzhost sshd[1022]: Received disconnect from 43.255.190.148: 11:  [preauth]
Apr  6 13:17:33 ovzhost sshd[1022]: PAM 2 more authentication failures; logname= uid=0 euid=0 tty=ssh ruser= rhost=43.255.190.148  user=root
Apr  6 13:17:34 ovzhost sshd[1028]: pam_unix(sshd:auth): authentication failure; logname= uid=0 euid=0 tty=ssh ruser= rhost=43.255.190.148  user=root
Apr  6 13:17:34 ovzhost sshd[1026]: Failed password for root from 43.255.190.173 port 56815 ssh2
Apr  6 13:17:36 ovzhost sshd[1028]: Failed password for root from 43.255.190.148 port 47343 ssh2
Apr  6 13:17:37 ovzhost sshd[1024]: message repeated 2 times: [ Failed password for root from 43.255.190.152 port 35506 ssh2]
Apr  6 13:17:37 ovzhost sshd[1024]: Received disconnect from 43.255.190.152: 11:  [preauth]
Apr  6 13:17:37 ovzhost sshd[1024]: PAM 2 more authentication failures; logname= uid=0 euid=0 tty=ssh ruser= rhost=43.255.190.152  user=root
Apr  6 13:17:37 ovzhost sshd[1030]: pam_unix(sshd:auth): authentication failure; logname= uid=0 euid=0 tty=ssh ruser= rhost=43.255.190.152  user=root
Apr  6 13:17:39 ovzhost sshd[1030]: Failed password for root from 43.255.190.152 port 50442 ssh2
Apr  6 13:17:40 ovzhost sshd[1026]: message repeated 2 times: [ Failed password for root from 43.255.190.173 port 56815 ssh2]
Apr  6 13:17:40 ovzhost sshd[1026]: Received disconnect from 43.255.190.173: 11:  [preauth]
Apr  6 13:17:40 ovzhost sshd[1026]: PAM 2 more authentication failures; logname= uid=0 euid=0 tty=ssh ruser= rhost=43.255.190.173  user=root
Apr  6 13:17:40 ovzhost sshd[1028]: message repeated 2 times: [ Failed password for root from 43.255.190.148 port 47343 ssh2]
Apr  6 13:17:40 ovzhost sshd[1028]: Received disconnect from 43.255.190.148: 11:  [preauth]
Apr  6 13:17:40 ovzhost sshd[1028]: PAM 2 more authentication failures; logname= uid=0 euid=0 tty=ssh ruser= rhost=43.255.190.148  user=root
Apr  6 13:17:40 ovzhost sshd[1033]: pam_unix(sshd:auth): authentication failure; logname= uid=0 euid=0 tty=ssh ruser= rhost=43.255.190.173  user=root
Apr  6 13:17:41 ovzhost sshd[1037]: pam_unix(sshd:auth): authentication failure; logname= uid=0 euid=0 tty=ssh ruser= rhost=43.255.190.159  user=root
Apr  6 13:17:43 ovzhost sshd[1033]: Failed password for root from 43.255.190.173 port 53626 ssh2
Apr  6 13:17:43 ovzhost sshd[1037]: Failed password for root from 43.255.190.159 port 33713 ssh2
Apr  6 13:17:44 ovzhost sshd[1030]: message repeated 2 times: [ Failed password for root from 43.255.190.152 port 50442 ssh2]
Apr  6 13:17:44 ovzhost sshd[1030]: Received disconnect from 43.255.190.152: 11:  [preauth]
Apr  6 13:17:44 ovzhost sshd[1030]: PAM 2 more authentication failures; logname= uid=0 euid=0 tty=ssh ruser= rhost=43.255.190.152  user=root
Apr  6 13:17:45 ovzhost sshd[1035]: pam_unix(sshd:auth): authentication failure; logname= uid=0 euid=0 tty=ssh ruser= rhost=43.255.190.148  user=root
Apr  6 13:17:47 ovzhost sshd[1035]: Failed password for root from 43.255.190.148 port 33638 ssh2
Apr  6 13:17:47 ovzhost sshd[1033]: message repeated 2 times: [ Failed password for root from 43.255.190.173 port 53626 ssh2]
Apr  6 13:17:48 ovzhost sshd[1033]: Received disconnect from 43.255.190.173: 11:  [preauth]
Apr  6 13:17:48 ovzhost sshd[1033]: PAM 2 more authentication failures; logname= uid=0 euid=0 tty=ssh ruser= rhost=43.255.190.173  user=root
Apr  6 13:17:48 ovzhost sshd[1037]: message repeated 2 times: [ Failed password for root from 43.255.190.159 port 33713 ssh2]
Apr  6 13:17:48 ovzhost sshd[1037]: Received disconnect from 43.255.190.159: 11:  [preauth]
Apr  6 13:17:48 ovzhost sshd[1037]: PAM 2 more authentication failures; logname= uid=0 euid=0 tty=ssh ruser= rhost=43.255.190.159  user=root
Apr  6 13:17:49 ovzhost sshd[1041]: pam_unix(sshd:auth): authentication failure; logname= uid=0 euid=0 tty=ssh ruser= rhost=43.255.190.173  user=root
Apr  6 13:17:50 ovzhost sshd[1043]: pam_unix(sshd:auth): authentication failure; logname= uid=0 euid=0 tty=ssh ruser= rhost=43.255.190.159  user=root
Apr  6 13:17:50 ovzhost sshd[1039]: pam_unix(sshd:auth): authentication failure; logname= uid=0 euid=0 tty=ssh ruser= rhost=43.255.190.152  user=root
Apr  6 13:17:50 ovzhost sshd[1041]: Failed password for root from 43.255.190.173 port 45247 ssh2
Apr  6 13:17:52 ovzhost sshd[1043]: Failed password for root from 43.255.190.159 port 48407 ssh2
Apr  6 13:17:52 ovzhost sshd[1039]: Failed password for root from 43.255.190.152 port 36311 ssh2
Apr  6 13:17:52 ovzhost sshd[1035]: message repeated 2 times: [ Failed password for root from 43.255.190.148 port 33638 ssh2]
Apr  6 13:17:52 ovzhost sshd[1035]: Received disconnect from 43.255.190.148: 11:  [preauth]
Apr  6 13:17:52 ovzhost sshd[1035]: PAM 2 more authentication failures; logname= uid=0 euid=0 tty=ssh ruser= rhost=43.255.190.148  user=root
Apr  6 13:17:53 ovzhost sshd[1045]: pam_unix(sshd:auth): authentication failure; logname= uid=0 euid=0 tty=ssh ruser= rhost=43.255.190.148  user=root
Apr  6 13:17:55 ovzhost sshd[1045]: Failed password for root from 43.255.190.148 port 56720 ssh2
Apr  6 13:17:56 ovzhost sshd[1041]: message repeated 2 times: [ Failed password for root from 43.255.190.173 port 45247 ssh2]
Apr  6 13:17:56 ovzhost sshd[1041]: Received disconnect from 43.255.190.173: 11:  [preauth]
Apr  6 13:17:56 ovzhost sshd[1041]: PAM 2 more authentication failures; logname= uid=0 euid=0 tty=ssh ruser= rhost=43.255.190.173  user=root
Apr  6 13:17:56 ovzhost sshd[1043]: message repeated 2 times: [ Failed password for root from 43.255.190.159 port 48407 ssh2]
Apr  6 13:17:56 ovzhost sshd[1043]: Received disconnect from 43.255.190.159: 11:  [preauth]
Apr  6 13:17:56 ovzhost sshd[1043]: PAM 2 more authentication failures; logname= uid=0 euid=0 tty=ssh ruser= rhost=43.255.190.159  user=root
Apr  6 13:17:57 ovzhost sshd[1039]: message repeated 2 times: [ Failed password for root from 43.255.190.152 port 36311 ssh2]
Apr  6 13:17:57 ovzhost sshd[1039]: Received disconnect from 43.255.190.152: 11:  [preauth]
Apr  6 13:17:57 ovzhost sshd[1039]: PAM 2 more authentication failures; logname= uid=0 euid=0 tty=ssh ruser= rhost=43.255.190.152  user=root
Apr  6 13:17:57 ovzhost sshd[1049]: pam_unix(sshd:auth): authentication failure; logname= uid=0 euid=0 tty=ssh ruser= rhost=43.255.190.159  user=root
Apr  6 13:17:57 ovzhost sshd[1047]: pam_unix(sshd:auth): authentication failure; logname= uid=0 euid=0 tty=ssh ruser= rhost=43.255.190.173  user=root
Apr  6 13:17:58 ovzhost sshd[1051]: pam_unix(sshd:auth): authentication failure; logname= uid=0 euid=0 tty=ssh ruser= rhost=43.255.190.152  user=root
Apr  6 13:17:59 ovzhost sshd[1049]: Failed password for root from 43.255.190.159 port 37465 ssh2
Apr  6 13:17:59 ovzhost sshd[1047]: Failed password for root from 43.255.190.173 port 35142 ssh2
Apr  6 13:18:00 ovzhost sshd[1045]: message repeated 2 times: [ Failed password for root from 43.255.190.148 port 56720 ssh2]
Apr  6 13:18:00 ovzhost sshd[1045]: Received disconnect from 43.255.190.148: 11:  [preauth]
Apr  6 13:18:00 ovzhost sshd[1045]: PAM 2 more authentication failures; logname= uid=0 euid=0 tty=ssh ruser= rhost=43.255.190.148  user=root
Apr  6 13:18:01 ovzhost sshd[1053]: pam_unix(sshd:auth): authentication failure; logname= uid=0 euid=0 tty=ssh ruser= rhost=43.255.190.148  user=root
Apr  6 13:18:01 ovzhost sshd[1051]: Failed password for root from 43.255.190.152 port 34797 ssh2
Apr  6 13:18:03 ovzhost sshd[1053]: Failed password for root from 43.255.190.148 port 41959 ssh2
Apr  6 13:18:03 ovzhost sshd[1049]: message repeated 2 times: [ Failed password for root from 43.255.190.159 port 37465 ssh2]
Apr  6 13:18:03 ovzhost sshd[1049]: Received disconnect from 43.255.190.159: 11:  [preauth]
Apr  6 13:18:03 ovzhost sshd[1049]: PAM 2 more authentication failures; logname= uid=0 euid=0 tty=ssh ruser= rhost=43.255.190.159  user=root
Apr  6 13:18:03 ovzhost sshd[1047]: message repeated 2 times: [ Failed password for root from 43.255.190.173 port 35142 ssh2]
Apr  6 13:18:03 ovzhost sshd[1047]: Received disconnect from 43.255.190.173: 11:  [preauth]
Apr  6 13:18:03 ovzhost sshd[1047]: PAM 2 more authentication failures; logname= uid=0 euid=0 tty=ssh ruser= rhost=43.255.190.173  user=root
Apr  6 13:18:04 ovzhost sshd[1058]: pam_unix(sshd:auth): authentication failure; logname= uid=0 euid=0 tty=ssh ruser= rhost=43.255.190.173  user=root
Apr  6 13:18:05 ovzhost sshd[1051]: message repeated 2 times: [ Failed password for root from 43.255.190.152 port 34797 ssh2]
Apr  6 13:18:05 ovzhost sshd[1051]: Received disconnect from 43.255.190.152: 11:  [preauth]
Apr  6 13:18:05 ovzhost sshd[1051]: PAM 2 more authentication failures; logname= uid=0 euid=0 tty=ssh ruser= rhost=43.255.190.152  user=root
Apr  6 13:18:05 ovzhost sshd[1057]: pam_unix(sshd:auth): authentication failure; logname= uid=0 euid=0 tty=ssh ruser= rhost=43.255.190.159  user=root
Apr  6 13:18:06 ovzhost sshd[1058]: Failed password for root from 43.255.190.173 port 52790 ssh2
Apr  6 13:18:07 ovzhost sshd[1057]: Failed password for root from 43.255.190.159 port 51368 ssh2
Apr  6 13:18:08 ovzhost sshd[1053]: message repeated 2 times: [ Failed password for root from 43.255.190.148 port 41959 ssh2]
Apr  6 13:18:08 ovzhost sshd[1053]: Received disconnect from 43.255.190.148: 11:  [preauth]
Apr  6 13:18:08 ovzhost sshd[1053]: PAM 2 more authentication failures; logname= uid=0 euid=0 tty=ssh ruser= rhost=43.255.190.148  user=root
Apr  6 13:18:08 ovzhost sshd[1061]: pam_unix(sshd:auth): authentication failure; logname= uid=0 euid=0 tty=ssh ruser= rhost=43.255.190.152  user=root
Apr  6 13:18:08 ovzhost sshd[1064]: pam_unix(sshd:auth): authentication failure; logname= uid=0 euid=0 tty=ssh ruser= rhost=43.255.190.148  user=root
Apr  6 13:18:10 ovzhost sshd[1058]: message repeated 2 times: [ Failed password for root from 43.255.190.173 port 52790 ssh2]
Apr  6 13:18:10 ovzhost sshd[1058]: Received disconnect from 43.255.190.173: 11:  [preauth]
Apr  6 13:18:10 ovzhost sshd[1058]: PAM 2 more authentication failures; logname= uid=0 euid=0 tty=ssh ruser= rhost=43.255.190.173  user=root
Apr  6 13:18:10 ovzhost sshd[1061]: Failed password for root from 43.255.190.152 port 52712 ssh2
Apr  6 13:18:10 ovzhost sshd[1064]: Failed password for root from 43.255.190.148 port 57827 ssh2
Apr  6 13:18:10 ovzhost sshd[1068]: pam_unix(sshd:auth): authentication failure; logname= uid=0 euid=0 tty=ssh ruser= rhost=43.255.190.173  user=root
Apr  6 13:18:12 ovzhost sshd[1057]: message repeated 2 times: [ Failed password for root from 43.255.190.159 port 51368 ssh2]
Apr  6 13:18:12 ovzhost sshd[1057]: Received disconnect from 43.255.190.159: 11:  [preauth]
Apr  6 13:18:12 ovzhost sshd[1057]: PAM 2 more authentication failures; logname= uid=0 euid=0 tty=ssh ruser= rhost=43.255.190.159  user=root
Apr  6 13:18:12 ovzhost sshd[1070]: pam_unix(sshd:auth): authentication failure; logname= uid=0 euid=0 tty=ssh ruser= rhost=43.255.190.159  user=root
Apr  6 13:18:13 ovzhost sshd[1068]: Failed password for root from 43.255.190.173 port 41588 ssh2
Apr  6 13:18:15 ovzhost sshd[1070]: Failed password for root from 43.255.190.159 port 41577 ssh2
Apr  6 13:18:15 ovzhost sshd[1061]: message repeated 2 times: [ Failed password for root from 43.255.190.152 port 52712 ssh2]
Apr  6 13:18:15 ovzhost sshd[1061]: Received disconnect from 43.255.190.152: 11:  [preauth]
Apr  6 13:18:15 ovzhost sshd[1061]: PAM 2 more authentication failures; logname= uid=0 euid=0 tty=ssh ruser= rhost=43.255.190.152  user=root
Apr  6 13:18:16 ovzhost sshd[1064]: message repeated 2 times: [ Failed password for root from 43.255.190.148 port 57827 ssh2]
Apr  6 13:18:16 ovzhost sshd[1064]: Received disconnect from 43.255.190.148: 11:  [preauth]
Apr  6 13:18:16 ovzhost sshd[1064]: PAM 2 more authentication failures; logname= uid=0 euid=0 tty=ssh ruser= rhost=43.255.190.148  user=root
Apr  6 13:18:17 ovzhost sshd[1074]: pam_unix(sshd:auth): authentication failure; logname= uid=0 euid=0 tty=ssh ruser= rhost=43.255.190.148  user=root
Apr  6 13:18:17 ovzhost sshd[1072]: pam_unix(sshd:auth): authentication failure; logname= uid=0 euid=0 tty=ssh ruser= rhost=43.255.190.152  user=root
Apr  6 13:18:17 ovzhost sshd[1068]: message repeated 2 times: [ Failed password for root from 43.255.190.173 port 41588 ssh2]
Apr  6 13:18:17 ovzhost sshd[1068]: Received disconnect from 43.255.190.173: 11:  [preauth]
Apr  6 13:18:17 ovzhost sshd[1068]: PAM 2 more authentication failures; logname= uid=0 euid=0 tty=ssh ruser= rhost=43.255.190.173  user=root
Apr  6 13:18:18 ovzhost sshd[1076]: pam_unix(sshd:auth): authentication failure; logname= uid=0 euid=0 tty=ssh ruser= rhost=43.255.190.173  user=root
Apr  6 13:18:19 ovzhost sshd[1070]: message repeated 2 times: [ Failed password for root from 43.255.190.159 port 41577 ssh2]
Apr  6 13:18:19 ovzhost sshd[1070]: Received disconnect from 43.255.190.159: 11:  [preauth]
Apr  6 13:18:19 ovzhost sshd[1070]: PAM 2 more authentication failures; logname= uid=0 euid=0 tty=ssh ruser= rhost=43.255.190.159  user=root
Apr  6 13:18:19 ovzhost sshd[1074]: Failed password for root from 43.255.190.148 port 45375 ssh2
Apr  6 13:18:19 ovzhost sshd[1072]: Failed password for root from 43.255.190.152 port 45925 ssh2
Apr  6 13:18:20 ovzhost sshd[1078]: pam_unix(sshd:auth): authentication failure; logname= uid=0 euid=0 tty=ssh ruser= rhost=43.255.190.159  user=root
Apr  6 13:18:20 ovzhost sshd[1076]: Failed password for root from 43.255.190.173 port 59874 ssh2
Apr  6 13:18:21 ovzhost sshd[1078]: Failed password for root from 43.255.190.159 port 56646 ssh2
Apr  6 13:18:23 ovzhost sshd[1072]: message repeated 2 times: [ Failed password for root from 43.255.190.152 port 45925 ssh2]
Apr  6 13:18:24 ovzhost sshd[1072]: Received disconnect from 43.255.190.152: 11:  [preauth]
Apr  6 13:18:24 ovzhost sshd[1072]: PAM 2 more authentication failures; logname= uid=0 euid=0 tty=ssh ruser= rhost=43.255.190.152  user=root
Apr  6 13:18:24 ovzhost sshd[1074]: message repeated 2 times: [ Failed password for root from 43.255.190.148 port 45375 ssh2]
Apr  6 13:18:24 ovzhost sshd[1074]: Received disconnect from 43.255.190.148: 11:  [preauth]
Apr  6 13:18:24 ovzhost sshd[1074]: PAM 2 more authentication failures; logname= uid=0 euid=0 tty=ssh ruser= rhost=43.255.190.148  user=root
Apr  6 13:18:24 ovzhost sshd[1082]: pam_unix(sshd:auth): authentication failure; logname= uid=0 euid=0 tty=ssh ruser= rhost=43.255.190.148  user=root
Apr  6 13:18:24 ovzhost sshd[1076]: message repeated 2 times: [ Failed password for root from 43.255.190.173 port 59874 ssh2]
Apr  6 13:18:24 ovzhost sshd[1076]: Received disconnect from 43.255.190.173: 11:  [preauth]
Apr  6 13:18:24 ovzhost sshd[1076]: PAM 2 more authentication failures; logname= uid=0 euid=0 tty=ssh ruser= rhost=43.255.190.173  user=root
Apr  6 13:18:26 ovzhost sshd[1080]: pam_unix(sshd:auth): authentication failure; logname= uid=0 euid=0 tty=ssh ruser= rhost=43.255.190.152  user=root
Apr  6 13:18:26 ovzhost sshd[1078]: message repeated 2 times: [ Failed password for root from 43.255.190.159 port 56646 ssh2]
Apr  6 13:18:26 ovzhost sshd[1078]: Received disconnect from 43.255.190.159: 11:  [preauth]
Apr  6 13:18:26 ovzhost sshd[1078]: PAM 2 more authentication failures; logname= uid=0 euid=0 tty=ssh ruser= rhost=43.255.190.159  user=root
Apr  6 13:18:26 ovzhost sshd[1084]: pam_unix(sshd:auth): authentication failure; logname= uid=0 euid=0 tty=ssh ruser= rhost=43.255.190.173  user=root
Apr  6 13:18:27 ovzhost sshd[1082]: Failed password for root from 43.255.190.148 port 32888 ssh2
Apr  6 13:18:28 ovzhost sshd[1080]: Failed password for root from 43.255.190.152 port 35551 ssh2
Apr  6 13:18:29 ovzhost sshd[1084]: Failed password for root from 43.255.190.173 port 48785 ssh2
Apr  6 13:18:29 ovzhost sshd[1086]: pam_unix(sshd:auth): authentication failure; logname= uid=0 euid=0 tty=ssh ruser= rhost=43.255.190.159  user=root
Apr  6 13:18:31 ovzhost sshd[1082]: message repeated 2 times: [ Failed password for root from 43.255.190.148 port 32888 ssh2]
Apr  6 13:18:31 ovzhost sshd[1082]: Received disconnect from 43.255.190.148: 11:  [preauth]
Apr  6 13:18:31 ovzhost sshd[1082]: PAM 2 more authentication failures; logname= uid=0 euid=0 tty=ssh ruser= rhost=43.255.190.148  user=root
Apr  6 13:18:31 ovzhost sshd[1086]: Failed password for root from 43.255.190.159 port 43874 ssh2
Apr  6 13:18:32 ovzhost sshd[1088]: pam_unix(sshd:auth): authentication failure; logname= uid=0 euid=0 tty=ssh ruser= rhost=43.255.190.148  user=root
Apr  6 13:18:33 ovzhost sshd[1080]: message repeated 2 times: [ Failed password for root from 43.255.190.152 port 35551 ssh2]
Apr  6 13:18:33 ovzhost sshd[1080]: Received disconnect from 43.255.190.152: 11:  [preauth]
Apr  6 13:18:33 ovzhost sshd[1080]: PAM 2 more authentication failures; logname= uid=0 euid=0 tty=ssh ruser= rhost=43.255.190.152  user=root
Apr  6 13:18:33 ovzhost sshd[1084]: message repeated 2 times: [ Failed password for root from 43.255.190.173 port 48785 ssh2]
Apr  6 13:18:33 ovzhost sshd[1084]: Received disconnect from 43.255.190.173: 11:  [preauth]
Apr  6 13:18:33 ovzhost sshd[1084]: PAM 2 more authentication failures; logname= uid=0 euid=0 tty=ssh ruser= rhost=43.255.190.173  user=root
Apr  6 13:18:33 ovzhost sshd[1090]: pam_unix(sshd:auth): authentication failure; logname= uid=0 euid=0 tty=ssh ruser= rhost=43.255.190.152  user=root
Apr  6 13:18:34 ovzhost sshd[1088]: Failed password for root from 43.255.190.148 port 47351 ssh2
Apr  6 13:18:34 ovzhost sshd[1092]: pam_unix(sshd:auth): authentication failure; logname= uid=0 euid=0 tty=ssh ruser= rhost=43.255.190.173  user=root
Apr  6 13:18:35 ovzhost sshd[1090]: Failed password for root from 43.255.190.152 port 55267 ssh2
Apr  6 13:18:36 ovzhost sshd[1092]: Failed password for root from 43.255.190.173 port 41832 ssh2
Apr  6 13:18:38 ovzhost sshd[1088]: message repeated 2 times: [ Failed password for root from 43.255.190.148 port 47351 ssh2]
Apr  6 13:18:38 ovzhost sshd[1088]: Received disconnect from 43.255.190.148: 11:  [preauth]
Apr  6 13:18:38 ovzhost sshd[1088]: PAM 2 more authentication failures; logname= uid=0 euid=0 tty=ssh ruser= rhost=43.255.190.148  user=root
Apr  6 13:18:39 ovzhost sshd[1086]: message repeated 2 times: [ Failed password for root from 43.255.190.159 port 43874 ssh2]
Apr  6 13:18:39 ovzhost sshd[1086]: Received disconnect from 43.255.190.159: 11:  [preauth]
Apr  6 13:18:39 ovzhost sshd[1086]: PAM 2 more authentication failures; logname= uid=0 euid=0 tty=ssh ruser= rhost=43.255.190.159  user=root
Apr  6 13:18:39 ovzhost sshd[1094]: pam_unix(sshd:auth): authentication failure; logname= uid=0 euid=0 tty=ssh ruser= rhost=43.255.190.148  user=root
Apr  6 13:18:40 ovzhost sshd[1090]: message repeated 2 times: [ Failed password for root from 43.255.190.152 port 55267 ssh2]
Apr  6 13:18:40 ovzhost sshd[1090]: Received disconnect from 43.255.190.152: 11:  [preauth]
Apr  6 13:18:40 ovzhost sshd[1090]: PAM 2 more authentication failures; logname= uid=0 euid=0 tty=ssh ruser= rhost=43.255.190.152  user=root
Apr  6 13:18:40 ovzhost sshd[1096]: pam_unix(sshd:auth): authentication failure; logname= uid=0 euid=0 tty=ssh ruser= rhost=43.255.190.159  user=root
Apr  6 13:18:41 ovzhost sshd[1094]: Failed password for root from 43.255.190.148 port 33333 ssh2
Apr  6 13:18:41 ovzhost sshd[1092]: message repeated 2 times: [ Failed password for root from 43.255.190.173 port 41832 ssh2]
Apr  6 13:18:41 ovzhost sshd[1092]: Received disconnect from 43.255.190.173: 11:  [preauth]
Apr  6 13:18:41 ovzhost sshd[1092]: PAM 2 more authentication failures; logname= uid=0 euid=0 tty=ssh ruser= rhost=43.255.190.173  user=root
Apr  6 13:18:42 ovzhost sshd[1102]: pam_unix(sshd:auth): authentication failure; logname= uid=0 euid=0 tty=ssh ruser= rhost=43.255.190.173  user=root
Apr  6 13:18:43 ovzhost sshd[1096]: Failed password for root from 43.255.190.159 port 40809 ssh2
Apr  6 13:18:44 ovzhost sshd[1102]: Failed password for root from 43.255.190.173 port 33531 ssh2
Apr  6 13:18:44 ovzhost sshd[1098]: pam_unix(sshd:auth): authentication failure; logname= uid=0 euid=0 tty=ssh ruser= rhost=43.255.190.152  user=root
Apr  6 13:18:45 ovzhost sshd[1094]: message repeated 2 times: [ Failed password for root from 43.255.190.148 port 33333 ssh2]
Apr  6 13:18:46 ovzhost sshd[1094]: Received disconnect from 43.255.190.148: 11:  [preauth]
Apr  6 13:18:46 ovzhost sshd[1094]: PAM 2 more authentication failures; logname= uid=0 euid=0 tty=ssh ruser= rhost=43.255.190.148  user=root
Apr  6 13:18:47 ovzhost sshd[1098]: Failed password for root from 43.255.190.152 port 42895 ssh2
Apr  6 13:18:47 ovzhost sshd[1104]: pam_unix(sshd:auth): authentication failure; logname= uid=0 euid=0 tty=ssh ruser= rhost=43.255.190.148  user=root
Apr  6 13:18:48 ovzhost sshd[1096]: message repeated 2 times: [ Failed password for root from 43.255.190.159 port 40809 ssh2]
Apr  6 13:18:48 ovzhost sshd[1096]: Received disconnect from 43.255.190.159: 11:  [preauth]
Apr  6 13:18:48 ovzhost sshd[1096]: PAM 2 more authentication failures; logname= uid=0 euid=0 tty=ssh ruser= rhost=43.255.190.159  user=root
Apr  6 13:18:48 ovzhost sshd[1106]: pam_unix(sshd:auth): authentication failure; logname= uid=0 euid=0 tty=ssh ruser= rhost=43.255.190.159  user=root
Apr  6 13:18:48 ovzhost sshd[1102]: message repeated 2 times: [ Failed password for root from 43.255.190.173 port 33531 ssh2]
Apr  6 13:18:48 ovzhost sshd[1102]: Received disconnect from 43.255.190.173: 11:  [preauth]
Apr  6 13:18:48 ovzhost sshd[1102]: PAM 2 more authentication failures; logname= uid=0 euid=0 tty=ssh ruser= rhost=43.255.190.173  user=root
Apr  6 13:18:49 ovzhost sshd[1104]: Failed password for root from 43.255.190.148 port 47123 ssh2
Apr  6 13:18:49 ovzhost sshd[1108]: pam_unix(sshd:auth): authentication failure; logname= uid=0 euid=0 tty=ssh ruser= rhost=43.255.190.173  user=root
Apr  6 13:18:50 ovzhost sshd[1106]: Failed password for root from 43.255.190.159 port 60022 ssh2
Apr  6 13:18:51 ovzhost sshd[1108]: Failed password for root from 43.255.190.173 port 50804 ssh2
Apr  6 13:18:51 ovzhost sshd[1098]: message repeated 2 times: [ Failed password for root from 43.255.190.152 port 42895 ssh2]
Apr  6 13:18:52 ovzhost sshd[1098]: Received disconnect from 43.255.190.152: 11:  [preauth]
Apr  6 13:18:52 ovzhost sshd[1098]: PAM 2 more authentication failures; logname= uid=0 euid=0 tty=ssh ruser= rhost=43.255.190.152  user=root
Apr  6 13:18:53 ovzhost sshd[1110]: pam_unix(sshd:auth): authentication failure; logname= uid=0 euid=0 tty=ssh ruser= rhost=43.255.190.152  user=root
Apr  6 13:18:54 ovzhost sshd[1104]: message repeated 2 times: [ Failed password for root from 43.255.190.148 port 47123 ssh2]
Apr  6 13:18:54 ovzhost sshd[1104]: Received disconnect from 43.255.190.148: 11:  [preauth]
Apr  6 13:18:54 ovzhost sshd[1104]: PAM 2 more authentication failures; logname= uid=0 euid=0 tty=ssh ruser= rhost=43.255.190.148  user=root
Apr  6 13:18:55 ovzhost sshd[1110]: Failed password for root from 43.255.190.152 port 39865 ssh2
Apr  6 13:18:55 ovzhost sshd[1106]: message repeated 2 times: [ Failed password for root from 43.255.190.159 port 60022 ssh2]
Apr  6 13:18:55 ovzhost sshd[1106]: Received disconnect from 43.255.190.159: 11:  [preauth]
Apr  6 13:18:55 ovzhost sshd[1106]: PAM 2 more authentication failures; logname= uid=0 euid=0 tty=ssh ruser= rhost=43.255.190.159  user=root
Apr  6 13:18:56 ovzhost sshd[1108]: message repeated 2 times: [ Failed password for root from 43.255.190.173 port 50804 ssh2]
Apr  6 13:18:56 ovzhost sshd[1108]: Received disconnect from 43.255.190.173: 11:  [preauth]
Apr  6 13:18:56 ovzhost sshd[1108]: PAM 2 more authentication failures; logname= uid=0 euid=0 tty=ssh ruser= rhost=43.255.190.173  user=root
Apr  6 13:18:57 ovzhost sshd[1114]: pam_unix(sshd:auth): authentication failure; logname= uid=0 euid=0 tty=ssh ruser= rhost=43.255.190.159  user=root
Apr  6 13:18:57 ovzhost sshd[1112]: pam_unix(sshd:auth): authentication failure; logname= uid=0 euid=0 tty=ssh ruser= rhost=43.255.190.148  user=root
Apr  6 13:18:59 ovzhost sshd[1114]: Failed password for root from 43.255.190.159 port 47495 ssh2
Apr  6 13:18:59 ovzhost sshd[1112]: Failed password for root from 43.255.190.148 port 36786 ssh2
Apr  6 13:19:00 ovzhost sshd[1116]: pam_unix(sshd:auth): authentication failure; logname= uid=0 euid=0 tty=ssh ruser= rhost=43.255.190.173  user=root
Apr  6 13:19:00 ovzhost sshd[1110]: message repeated 2 times: [ Failed password for root from 43.255.190.152 port 39865 ssh2]
Apr  6 13:19:01 ovzhost sshd[1110]: Received disconnect from 43.255.190.152: 11:  [preauth]
Apr  6 13:19:01 ovzhost sshd[1110]: PAM 2 more authentication failures; logname= uid=0 euid=0 tty=ssh ruser= rhost=43.255.190.152  user=root
Apr  6 13:19:01 ovzhost sshd[1118]: pam_unix(sshd:auth): authentication failure; logname= uid=0 euid=0 tty=ssh ruser= rhost=43.255.190.152  user=root
Apr  6 13:19:02 ovzhost sshd[1116]: Failed password for root from 43.255.190.173 port 42062 ssh2
Apr  6 13:19:04 ovzhost sshd[1118]: Failed password for root from 43.255.190.152 port 60836 ssh2
Apr  6 13:19:03 ovzhost sshd[1114]: message repeated 2 times: [ Failed password for root from 43.255.190.159 port 47495 ssh2]
Apr  6 13:19:04 ovzhost sshd[1114]: Received disconnect from 43.255.190.159: 11:  [preauth]
Apr  6 13:19:04 ovzhost sshd[1114]: PAM 2 more authentication failures; logname= uid=0 euid=0 tty=ssh ruser= rhost=43.255.190.159  user=root
Apr  6 13:19:04 ovzhost sshd[1112]: message repeated 2 times: [ Failed password for root from 43.255.190.148 port 36786 ssh2]
Apr  6 13:19:04 ovzhost sshd[1112]: Received disconnect from 43.255.190.148: 11:  [preauth]
Apr  6 13:19:04 ovzhost sshd[1112]: PAM 2 more authentication failures; logname= uid=0 euid=0 tty=ssh ruser= rhost=43.255.190.148  user=root
Apr  6 13:19:05 ovzhost sshd[1122]: pam_unix(sshd:auth): authentication failure; logname= uid=0 euid=0 tty=ssh ruser= rhost=43.255.190.148  user=root
Apr  6 13:19:05 ovzhost sshd[1120]: pam_unix(sshd:auth): authentication failure; logname= uid=0 euid=0 tty=ssh ruser= rhost=43.255.190.159  user=root
Apr  6 13:19:06 ovzhost sshd[1122]: Failed password for root from 43.255.190.148 port 57994 ssh2
Apr  6 13:19:07 ovzhost sshd[1120]: Failed password for root from 43.255.190.159 port 37897 ssh2
Apr  6 13:19:07 ovzhost sshd[1116]: message repeated 2 times: [ Failed password for root from 43.255.190.173 port 42062 ssh2]
Apr  6 13:19:07 ovzhost sshd[1116]: Received disconnect from 43.255.190.173: 11:  [preauth]
Apr  6 13:19:07 ovzhost sshd[1116]: PAM 2 more authentication failures; logname= uid=0 euid=0 tty=ssh ruser= rhost=43.255.190.173  user=root
Apr  6 13:19:08 ovzhost sshd[1124]: pam_unix(sshd:auth): authentication failure; logname= uid=0 euid=0 tty=ssh ruser= rhost=43.255.190.173  user=root
Apr  6 13:19:08 ovzhost sshd[1118]: message repeated 2 times: [ Failed password for root from 43.255.190.152 port 60836 ssh2]
Apr  6 13:19:09 ovzhost sshd[1118]: Received disconnect from 43.255.190.152: 11:  [preauth]
Apr  6 13:19:09 ovzhost sshd[1118]: PAM 2 more authentication failures; logname= uid=0 euid=0 tty=ssh ruser= rhost=43.255.190.152  user=root
Apr  6 13:19:10 ovzhost sshd[1124]: Failed password for root from 43.255.190.173 port 39877 ssh2
Apr  6 13:19:10 ovzhost sshd[1126]: pam_unix(sshd:auth): authentication failure; logname= uid=0 euid=0 tty=ssh ruser= rhost=43.255.190.152  user=root
Apr  6 13:19:11 ovzhost sshd[1122]: message repeated 2 times: [ Failed password for root from 43.255.190.148 port 57994 ssh2]
Apr  6 13:19:11 ovzhost sshd[1122]: Received disconnect from 43.255.190.148: 11:  [preauth]
Apr  6 13:19:11 ovzhost sshd[1122]: PAM 2 more authentication failures; logname= uid=0 euid=0 tty=ssh ruser= rhost=43.255.190.148  user=root
Apr  6 13:19:11 ovzhost sshd[1120]: message repeated 2 times: [ Failed password for root from 43.255.190.159 port 37897 ssh2]
Apr  6 13:19:11 ovzhost sshd[1120]: Received disconnect from 43.255.190.159: 11:  [preauth]
Apr  6 13:19:11 ovzhost sshd[1120]: PAM 2 more authentication failures; logname= uid=0 euid=0 tty=ssh ruser= rhost=43.255.190.159  user=root
Apr  6 13:19:12 ovzhost sshd[1131]: pam_unix(sshd:auth): authentication failure; logname= uid=0 euid=0 tty=ssh ruser= rhost=43.255.190.159  user=root
Apr  6 13:19:12 ovzhost sshd[1129]: pam_unix(sshd:auth): authentication failure; logname= uid=0 euid=0 tty=ssh ruser= rhost=43.255.190.148  user=root
Apr  6 13:19:13 ovzhost sshd[1126]: Failed password for root from 43.255.190.152 port 50564 ssh2
Apr  6 13:19:14 ovzhost sshd[1131]: Failed password for root from 43.255.190.159 port 53847 ssh2
Apr  6 13:19:14 ovzhost sshd[1129]: Failed password for root from 43.255.190.148 port 44841 ssh2
Apr  6 13:19:15 ovzhost sshd[1124]: message repeated 2 times: [ Failed password for root from 43.255.190.173 port 39877 ssh2]
