Apr 12 16:52:51 ovzhost sshd[1209]: pam_unix(sshd:auth): authentication failure; logname= uid=0 euid=0 tty=ssh ruser= rhost=43.255.190.166  user=root
Apr 12 16:52:51 ovzhost sshd[1211]: pam_unix(sshd:auth): authentication failure; logname= uid=0 euid=0 tty=ssh ruser= rhost=43.255.190.166  user=root
Apr 12 16:52:53 ovzhost sshd[1207]: Failed password for root from 43.255.190.143 port 53394 ssh2
Apr 12 16:52:54 ovzhost sshd[1209]: Failed password for root from 43.255.190.166 port 37176 ssh2
Apr 12 16:52:54 ovzhost sshd[1211]: Failed password for root from 43.255.190.166 port 37213 ssh2
Apr 12 16:52:57 ovzhost sshd[1207]: message repeated 2 times: [ Failed password for root from 43.255.190.143 port 53394 ssh2]
Apr 12 16:52:57 ovzhost sshd[1207]: Received disconnect from 43.255.190.143: 11:  [preauth]
Apr 12 16:52:57 ovzhost sshd[1207]: PAM 2 more authentication failures; logname= uid=0 euid=0 tty=ssh ruser= rhost=43.255.190.143  user=root
Apr 12 16:52:57 ovzhost sshd[1209]: message repeated 2 times: [ Failed password for root from 43.255.190.166 port 37176 ssh2]
Apr 12 16:52:57 ovzhost sshd[1209]: Received disconnect from 43.255.190.166: 11:  [preauth]
Apr 12 16:52:57 ovzhost sshd[1209]: PAM 2 more authentication failures; logname= uid=0 euid=0 tty=ssh ruser= rhost=43.255.190.166  user=root
Apr 12 16:52:57 ovzhost sshd[1211]: message repeated 2 times: [ Failed password for root from 43.255.190.166 port 37213 ssh2]
Apr 12 16:52:57 ovzhost sshd[1211]: Received disconnect from 43.255.190.166: 11:  [preauth]
Apr 12 16:52:57 ovzhost sshd[1211]: PAM 2 more authentication failures; logname= uid=0 euid=0 tty=ssh ruser= rhost=43.255.190.166  user=root
Apr 12 16:52:58 ovzhost sshd[1214]: pam_unix(sshd:auth): authentication failure; logname= uid=0 euid=0 tty=ssh ruser= rhost=43.255.190.143  user=root
Apr 12 16:52:58 ovzhost sshd[1216]: pam_unix(sshd:auth): authentication failure; logname= uid=0 euid=0 tty=ssh ruser= rhost=43.255.190.166  user=root
Apr 12 16:52:58 ovzhost sshd[1218]: pam_unix(sshd:auth): authentication failure; logname= uid=0 euid=0 tty=ssh ruser= rhost=43.255.190.166  user=root
Apr 12 16:53:00 ovzhost sshd[1214]: Failed password for root from 43.255.190.143 port 39908 ssh2
Apr 12 16:53:00 ovzhost sshd[1216]: Failed password for root from 43.255.190.166 port 50049 ssh2
Apr 12 16:53:00 ovzhost sshd[1218]: Failed password for root from 43.255.190.166 port 50150 ssh2
Apr 12 16:53:04 ovzhost sshd[1214]: message repeated 2 times: [ Failed password for root from 43.255.190.143 port 39908 ssh2]
Apr 12 16:53:04 ovzhost sshd[1214]: Received disconnect from 43.255.190.143: 11:  [preauth]
Apr 12 16:53:04 ovzhost sshd[1214]: PAM 2 more authentication failures; logname= uid=0 euid=0 tty=ssh ruser= rhost=43.255.190.143  user=root
Apr 12 16:53:04 ovzhost sshd[1216]: message repeated 2 times: [ Failed password for root from 43.255.190.166 port 50049 ssh2]
Apr 12 16:53:04 ovzhost sshd[1216]: Received disconnect from 43.255.190.166: 11:  [preauth]
Apr 12 16:53:04 ovzhost sshd[1216]: PAM 2 more authentication failures; logname= uid=0 euid=0 tty=ssh ruser= rhost=43.255.190.166  user=root
Apr 12 16:53:04 ovzhost sshd[1218]: message repeated 2 times: [ Failed password for root from 43.255.190.166 port 50150 ssh2]
Apr 12 16:53:04 ovzhost sshd[1218]: Received disconnect from 43.255.190.166: 11:  [preauth]
Apr 12 16:53:04 ovzhost sshd[1218]: PAM 2 more authentication failures; logname= uid=0 euid=0 tty=ssh ruser= rhost=43.255.190.166  user=root
Apr 12 16:53:05 ovzhost sshd[1222]: pam_unix(sshd:auth): authentication failure; logname= uid=0 euid=0 tty=ssh ruser= rhost=43.255.190.143  user=root
Apr 12 16:53:05 ovzhost sshd[1224]: pam_unix(sshd:auth): authentication failure; logname= uid=0 euid=0 tty=ssh ruser= rhost=43.255.190.166  user=root
Apr 12 16:53:05 ovzhost sshd[1226]: pam_unix(sshd:auth): authentication failure; logname= uid=0 euid=0 tty=ssh ruser= rhost=43.255.190.166  user=root
Apr 12 16:53:06 ovzhost sshd[1222]: Failed password for root from 43.255.190.143 port 55680 ssh2
Apr 12 16:53:06 ovzhost sshd[1224]: Failed password for root from 43.255.190.166 port 36482 ssh2
Apr 12 16:53:06 ovzhost sshd[1226]: Failed password for root from 43.255.190.166 port 36540 ssh2
Apr 12 16:53:09 ovzhost sshd[1222]: message repeated 2 times: [ Failed password for root from 43.255.190.143 port 55680 ssh2]
Apr 12 16:53:09 ovzhost sshd[1222]: Received disconnect from 43.255.190.143: 11:  [preauth]
Apr 12 16:53:09 ovzhost sshd[1222]: PAM 2 more authentication failures; logname= uid=0 euid=0 tty=ssh ruser= rhost=43.255.190.143  user=root
Apr 12 16:53:09 ovzhost sshd[1224]: message repeated 2 times: [ Failed password for root from 43.255.190.166 port 36482 ssh2]
Apr 12 16:53:09 ovzhost sshd[1224]: Received disconnect from 43.255.190.166: 11:  [preauth]
Apr 12 16:53:09 ovzhost sshd[1224]: PAM 2 more authentication failures; logname= uid=0 euid=0 tty=ssh ruser= rhost=43.255.190.166  user=root
Apr 12 16:53:09 ovzhost sshd[1226]: message repeated 2 times: [ Failed password for root from 43.255.190.166 port 36540 ssh2]
Apr 12 16:53:09 ovzhost sshd[1226]: Received disconnect from 43.255.190.166: 11:  [preauth]
Apr 12 16:53:09 ovzhost sshd[1226]: PAM 2 more authentication failures; logname= uid=0 euid=0 tty=ssh ruser= rhost=43.255.190.166  user=root
Apr 12 16:53:10 ovzhost sshd[1228]: pam_unix(sshd:auth): authentication failure; logname= uid=0 euid=0 tty=ssh ruser= rhost=43.255.190.143  user=root
Apr 12 16:53:10 ovzhost sshd[1230]: pam_unix(sshd:auth): authentication failure; logname= uid=0 euid=0 tty=ssh ruser= rhost=43.255.190.166  user=root
Apr 12 16:53:10 ovzhost sshd[1232]: pam_unix(sshd:auth): authentication failure; logname= uid=0 euid=0 tty=ssh ruser= rhost=43.255.190.166  user=root
Apr 12 16:53:12 ovzhost sshd[1228]: Failed password for root from 43.255.190.143 port 39529 ssh2
Apr 12 16:53:12 ovzhost sshd[1230]: Failed password for root from 43.255.190.166 port 46937 ssh2
Apr 12 16:53:12 ovzhost sshd[1232]: Failed password for root from 43.255.190.166 port 47056 ssh2
Apr 12 16:53:16 ovzhost sshd[1232]: message repeated 2 times: [ Failed password for root from 43.255.190.166 port 47056 ssh2]
Apr 12 16:53:16 ovzhost sshd[1232]: Received disconnect from 43.255.190.166: 11:  [preauth]
Apr 12 16:53:16 ovzhost sshd[1232]: PAM 2 more authentication failures; logname= uid=0 euid=0 tty=ssh ruser= rhost=43.255.190.166  user=root
Apr 12 16:53:17 ovzhost sshd[1228]: message repeated 2 times: [ Failed password for root from 43.255.190.143 port 39529 ssh2]
Apr 12 16:53:17 ovzhost sshd[1228]: Received disconnect from 43.255.190.143: 11:  [preauth]
Apr 12 16:53:17 ovzhost sshd[1228]: PAM 2 more authentication failures; logname= uid=0 euid=0 tty=ssh ruser= rhost=43.255.190.143  user=root
Apr 12 16:53:17 ovzhost sshd[1230]: message repeated 2 times: [ Failed password for root from 43.255.190.166 port 46937 ssh2]
Apr 12 16:53:17 ovzhost sshd[1230]: Received disconnect from 43.255.190.166: 11:  [preauth]
Apr 12 16:53:17 ovzhost sshd[1230]: PAM 2 more authentication failures; logname= uid=0 euid=0 tty=ssh ruser= rhost=43.255.190.166  user=root
Apr 12 16:53:17 ovzhost sshd[1234]: pam_unix(sshd:auth): authentication failure; logname= uid=0 euid=0 tty=ssh ruser= rhost=43.255.190.166  user=root
Apr 12 16:53:17 ovzhost sshd[1236]: pam_unix(sshd:auth): authentication failure; logname= uid=0 euid=0 tty=ssh ruser= rhost=43.255.190.143  user=root
Apr 12 16:53:17 ovzhost sshd[1238]: pam_unix(sshd:auth): authentication failure; logname= uid=0 euid=0 tty=ssh ruser= rhost=43.255.190.166  user=root
Apr 12 16:53:19 ovzhost sshd[1234]: Failed password for root from 43.255.190.166 port 60405 ssh2
Apr 12 16:53:19 ovzhost sshd[1236]: Failed password for root from 43.255.190.143 port 55425 ssh2
Apr 12 16:53:19 ovzhost sshd[1238]: Failed password for root from 43.255.190.166 port 60798 ssh2
Apr 12 16:53:23 ovzhost sshd[1234]: message repeated 2 times: [ Failed password for root from 43.255.190.166 port 60405 ssh2]
Apr 12 16:53:23 ovzhost sshd[1234]: Received disconnect from 43.255.190.166: 11:  [preauth]
Apr 12 16:53:23 ovzhost sshd[1234]: PAM 2 more authentication failures; logname= uid=0 euid=0 tty=ssh ruser= rhost=43.255.190.166  user=root
Apr 12 16:53:23 ovzhost sshd[1236]: message repeated 2 times: [ Failed password for root from 43.255.190.143 port 55425 ssh2]
Apr 12 16:53:23 ovzhost sshd[1236]: Received disconnect from 43.255.190.143: 11:  [preauth]
Apr 12 16:53:23 ovzhost sshd[1236]: PAM 2 more authentication failures; logname= uid=0 euid=0 tty=ssh ruser= rhost=43.255.190.143  user=root
Apr 12 16:53:23 ovzhost sshd[1238]: message repeated 2 times: [ Failed password for root from 43.255.190.166 port 60798 ssh2]
Apr 12 16:53:23 ovzhost sshd[1238]: Received disconnect from 43.255.190.166: 11:  [preauth]
Apr 12 16:53:23 ovzhost sshd[1238]: PAM 2 more authentication failures; logname= uid=0 euid=0 tty=ssh ruser= rhost=43.255.190.166  user=root
Apr 12 16:53:23 ovzhost sshd[1240]: pam_unix(sshd:auth): authentication failure; logname= uid=0 euid=0 tty=ssh ruser= rhost=43.255.190.166  user=root
Apr 12 16:53:23 ovzhost sshd[1242]: pam_unix(sshd:auth): authentication failure; logname= uid=0 euid=0 tty=ssh ruser= rhost=43.255.190.143  user=root
Apr 12 16:53:23 ovzhost sshd[1244]: pam_unix(sshd:auth): authentication failure; logname= uid=0 euid=0 tty=ssh ruser= rhost=43.255.190.166  user=root
Apr 12 16:53:26 ovzhost sshd[1240]: Failed password for root from 43.255.190.166 port 46627 ssh2
Apr 12 16:53:26 ovzhost sshd[1242]: Failed password for root from 43.255.190.143 port 42810 ssh2
Apr 12 16:53:26 ovzhost sshd[1244]: Failed password for root from 43.255.190.166 port 47082 ssh2
Apr 12 16:53:30 ovzhost sshd[1240]: message repeated 2 times: [ Failed password for root from 43.255.190.166 port 46627 ssh2]
Apr 12 16:53:30 ovzhost sshd[1240]: Received disconnect from 43.255.190.166: 11:  [preauth]
Apr 12 16:53:30 ovzhost sshd[1240]: PAM 2 more authentication failures; logname= uid=0 euid=0 tty=ssh ruser= rhost=43.255.190.166  user=root
Apr 12 16:53:30 ovzhost sshd[1242]: message repeated 2 times: [ Failed password for root from 43.255.190.143 port 42810 ssh2]
Apr 12 16:53:30 ovzhost sshd[1242]: Received disconnect from 43.255.190.143: 11:  [preauth]
Apr 12 16:53:30 ovzhost sshd[1242]: PAM 2 more authentication failures; logname= uid=0 euid=0 tty=ssh ruser= rhost=43.255.190.143  user=root
Apr 12 16:53:30 ovzhost sshd[1244]: message repeated 2 times: [ Failed password for root from 43.255.190.166 port 47082 ssh2]
Apr 12 16:53:30 ovzhost sshd[1244]: Received disconnect from 43.255.190.166: 11:  [preauth]
Apr 12 16:53:30 ovzhost sshd[1244]: PAM 2 more authentication failures; logname= uid=0 euid=0 tty=ssh ruser= rhost=43.255.190.166  user=root
Apr 12 16:53:31 ovzhost sshd[1246]: pam_unix(sshd:auth): authentication failure; logname= uid=0 euid=0 tty=ssh ruser= rhost=43.255.190.166  user=root
Apr 12 16:53:31 ovzhost sshd[1248]: pam_unix(sshd:auth): authentication failure; logname= uid=0 euid=0 tty=ssh ruser= rhost=43.255.190.143  user=root
Apr 12 16:53:31 ovzhost sshd[1250]: pam_unix(sshd:auth): authentication failure; logname= uid=0 euid=0 tty=ssh ruser= rhost=43.255.190.166  user=root
Apr 12 16:53:33 ovzhost sshd[1246]: Failed password for root from 43.255.190.166 port 60482 ssh2
Apr 12 16:53:33 ovzhost sshd[1248]: Failed password for root from 43.255.190.143 port 57352 ssh2
Apr 12 16:53:33 ovzhost sshd[1250]: Failed password for root from 43.255.190.166 port 60905 ssh2
Apr 12 16:53:37 ovzhost sshd[1246]: message repeated 2 times: [ Failed password for root from 43.255.190.166 port 60482 ssh2]
Apr 12 16:53:37 ovzhost sshd[1246]: Received disconnect from 43.255.190.166: 11:  [preauth]
Apr 12 16:53:37 ovzhost sshd[1246]: PAM 2 more authentication failures; logname= uid=0 euid=0 tty=ssh ruser= rhost=43.255.190.166  user=root
Apr 12 16:53:37 ovzhost sshd[1248]: message repeated 2 times: [ Failed password for root from 43.255.190.143 port 57352 ssh2]
Apr 12 16:53:37 ovzhost sshd[1248]: Received disconnect from 43.255.190.143: 11:  [preauth]
Apr 12 16:53:37 ovzhost sshd[1248]: PAM 2 more authentication failures; logname= uid=0 euid=0 tty=ssh ruser= rhost=43.255.190.143  user=root
Apr 12 16:53:37 ovzhost sshd[1250]: message repeated 2 times: [ Failed password for root from 43.255.190.166 port 60905 ssh2]
Apr 12 16:53:37 ovzhost sshd[1250]: Received disconnect from 43.255.190.166: 11:  [preauth]
Apr 12 16:53:37 ovzhost sshd[1250]: PAM 2 more authentication failures; logname= uid=0 euid=0 tty=ssh ruser= rhost=43.255.190.166  user=root
Apr 12 16:53:37 ovzhost sshd[1252]: pam_unix(sshd:auth): authentication failure; logname= uid=0 euid=0 tty=ssh ruser= rhost=43.255.190.166  user=root
Apr 12 16:53:37 ovzhost sshd[1254]: pam_unix(sshd:auth): authentication failure; logname= uid=0 euid=0 tty=ssh ruser= rhost=43.255.190.143  user=root
Apr 12 16:53:37 ovzhost sshd[1256]: pam_unix(sshd:auth): authentication failure; logname= uid=0 euid=0 tty=ssh ruser= rhost=43.255.190.166  user=root
Apr 12 16:53:39 ovzhost sshd[1252]: Failed password for root from 43.255.190.166 port 45724 ssh2
Apr 12 16:53:39 ovzhost sshd[1254]: Failed password for root from 43.255.190.143 port 43265 ssh2
Apr 12 16:53:39 ovzhost sshd[1256]: Failed password for root from 43.255.190.166 port 46182 ssh2
Apr 12 16:53:42 ovzhost sshd[1259]: Connection closed by 127.0.0.1 [preauth]
Apr 12 16:53:43 ovzhost sshd[1252]: message repeated 2 times: [ Failed password for root from 43.255.190.166 port 45724 ssh2]
Apr 12 16:53:43 ovzhost sshd[1252]: Received disconnect from 43.255.190.166: 11:  [preauth]
Apr 12 16:53:43 ovzhost sshd[1252]: PAM 2 more authentication failures; logname= uid=0 euid=0 tty=ssh ruser= rhost=43.255.190.166  user=root
Apr 12 16:53:43 ovzhost sshd[1254]: message repeated 2 times: [ Failed password for root from 43.255.190.143 port 43265 ssh2]
Apr 12 16:53:43 ovzhost sshd[1254]: Received disconnect from 43.255.190.143: 11:  [preauth]
Apr 12 16:53:43 ovzhost sshd[1254]: PAM 2 more authentication failures; logname= uid=0 euid=0 tty=ssh ruser= rhost=43.255.190.143  user=root
Apr 12 16:53:43 ovzhost sshd[1256]: message repeated 2 times: [ Failed password for root from 43.255.190.166 port 46182 ssh2]
Apr 12 16:53:43 ovzhost sshd[1256]: Received disconnect from 43.255.190.166: 11:  [preauth]
Apr 12 16:53:43 ovzhost sshd[1256]: PAM 2 more authentication failures; logname= uid=0 euid=0 tty=ssh ruser= rhost=43.255.190.166  user=root
Apr 12 16:53:44 ovzhost sshd[1261]: pam_unix(sshd:auth): authentication failure; logname= uid=0 euid=0 tty=ssh ruser= rhost=43.255.190.166  user=root
Apr 12 16:53:44 ovzhost sshd[1263]: pam_unix(sshd:auth): authentication failure; logname= uid=0 euid=0 tty=ssh ruser= rhost=43.255.190.143  user=root
Apr 12 16:53:44 ovzhost sshd[1265]: pam_unix(sshd:auth): authentication failure; logname= uid=0 euid=0 tty=ssh ruser= rhost=43.255.190.166  user=root
Apr 12 16:53:45 ovzhost sshd[1261]: Failed password for root from 43.255.190.166 port 60331 ssh2
Apr 12 16:53:46 ovzhost sshd[1263]: Failed password for root from 43.255.190.143 port 58159 ssh2
Apr 12 16:53:46 ovzhost sshd[1265]: Failed password for root from 43.255.190.166 port 60790 ssh2
Apr 12 16:53:50 ovzhost sshd[1261]: message repeated 2 times: [ Failed password for root from 43.255.190.166 port 60331 ssh2]
Apr 12 16:53:50 ovzhost sshd[1261]: Received disconnect from 43.255.190.166: 11:  [preauth]
Apr 12 16:53:50 ovzhost sshd[1261]: PAM 2 more authentication failures; logname= uid=0 euid=0 tty=ssh ruser= rhost=43.255.190.166  user=root
Apr 12 16:53:50 ovzhost sshd[1263]: message repeated 2 times: [ Failed password for root from 43.255.190.143 port 58159 ssh2]
Apr 12 16:53:50 ovzhost sshd[1263]: Received disconnect from 43.255.190.143: 11:  [preauth]
Apr 12 16:53:50 ovzhost sshd[1263]: PAM 2 more authentication failures; logname= uid=0 euid=0 tty=ssh ruser= rhost=43.255.190.143  user=root
Apr 12 16:53:50 ovzhost sshd[1265]: message repeated 2 times: [ Failed password for root from 43.255.190.166 port 60790 ssh2]
Apr 12 16:53:50 ovzhost sshd[1265]: Received disconnect from 43.255.190.166: 11:  [preauth]
Apr 12 16:53:50 ovzhost sshd[1265]: PAM 2 more authentication failures; logname= uid=0 euid=0 tty=ssh ruser= rhost=43.255.190.166  user=root
Apr 12 16:53:51 ovzhost sshd[1267]: pam_unix(sshd:auth): authentication failure; logname= uid=0 euid=0 tty=ssh ruser= rhost=43.255.190.166  user=root
Apr 12 16:53:51 ovzhost sshd[1269]: pam_unix(sshd:auth): authentication failure; logname= uid=0 euid=0 tty=ssh ruser= rhost=43.255.190.143  user=root
Apr 12 16:53:51 ovzhost sshd[1271]: pam_unix(sshd:auth): authentication failure; logname= uid=0 euid=0 tty=ssh ruser= rhost=43.255.190.166  user=root
Apr 12 16:53:53 ovzhost sshd[1267]: Failed password for root from 43.255.190.166 port 45443 ssh2
Apr 12 16:53:53 ovzhost sshd[1269]: Failed password for root from 43.255.190.143 port 43416 ssh2
Apr 12 16:53:53 ovzhost sshd[1271]: Failed password for root from 43.255.190.166 port 45787 ssh2
Apr 12 16:53:56 ovzhost sshd[1267]: message repeated 2 times: [ Failed password for root from 43.255.190.166 port 45443 ssh2]
Apr 12 16:53:56 ovzhost sshd[1267]: Received disconnect from 43.255.190.166: 11:  [preauth]
Apr 12 16:53:56 ovzhost sshd[1267]: PAM 2 more authentication failures; logname= uid=0 euid=0 tty=ssh ruser= rhost=43.255.190.166  user=root
Apr 12 16:53:56 ovzhost sshd[1269]: message repeated 2 times: [ Failed password for root from 43.255.190.143 port 43416 ssh2]
Apr 12 16:53:56 ovzhost sshd[1269]: Received disconnect from 43.255.190.143: 11:  [preauth]
Apr 12 16:53:56 ovzhost sshd[1269]: PAM 2 more authentication failures; logname= uid=0 euid=0 tty=ssh ruser= rhost=43.255.190.143  user=root
Apr 12 16:53:56 ovzhost sshd[1271]: message repeated 2 times: [ Failed password for root from 43.255.190.166 port 45787 ssh2]
Apr 12 16:53:56 ovzhost sshd[1271]: Received disconnect from 43.255.190.166: 11:  [preauth]
Apr 12 16:53:56 ovzhost sshd[1271]: PAM 2 more authentication failures; logname= uid=0 euid=0 tty=ssh ruser= rhost=43.255.190.166  user=root
Apr 12 16:53:57 ovzhost sshd[1275]: pam_unix(sshd:auth): authentication failure; logname= uid=0 euid=0 tty=ssh ruser= rhost=43.255.190.166  user=root
Apr 12 16:53:57 ovzhost sshd[1277]: pam_unix(sshd:auth): authentication failure; logname= uid=0 euid=0 tty=ssh ruser= rhost=43.255.190.143  user=root
Apr 12 16:53:57 ovzhost sshd[1279]: pam_unix(sshd:auth): authentication failure; logname= uid=0 euid=0 tty=ssh ruser= rhost=43.255.190.166  user=root
Apr 12 16:53:59 ovzhost sshd[1275]: Failed password for root from 43.255.190.166 port 58648 ssh2
Apr 12 16:53:59 ovzhost sshd[1277]: Failed password for root from 43.255.190.143 port 57388 ssh2
Apr 12 16:53:59 ovzhost sshd[1279]: Failed password for root from 43.255.190.166 port 58934 ssh2
Apr 12 16:54:03 ovzhost sshd[1275]: message repeated 2 times: [ Failed password for root from 43.255.190.166 port 58648 ssh2]
Apr 12 16:54:03 ovzhost sshd[1275]: Received disconnect from 43.255.190.166: 11:  [preauth]
Apr 12 16:54:03 ovzhost sshd[1275]: PAM 2 more authentication failures; logname= uid=0 euid=0 tty=ssh ruser= rhost=43.255.190.166  user=root
Apr 12 16:54:03 ovzhost sshd[1277]: message repeated 2 times: [ Failed password for root from 43.255.190.143 port 57388 ssh2]
Apr 12 16:54:03 ovzhost sshd[1277]: Received disconnect from 43.255.190.143: 11:  [preauth]
Apr 12 16:54:03 ovzhost sshd[1277]: PAM 2 more authentication failures; logname= uid=0 euid=0 tty=ssh ruser= rhost=43.255.190.143  user=root
Apr 12 16:54:03 ovzhost sshd[1279]: message repeated 2 times: [ Failed password for root from 43.255.190.166 port 58934 ssh2]
Apr 12 16:54:04 ovzhost sshd[1279]: Received disconnect from 43.255.190.166: 11:  [preauth]
Apr 12 16:54:04 ovzhost sshd[1279]: PAM 2 more authentication failures; logname= uid=0 euid=0 tty=ssh ruser= rhost=43.255.190.166  user=root
Apr 12 16:54:04 ovzhost sshd[1281]: pam_unix(sshd:auth): authentication failure; logname= uid=0 euid=0 tty=ssh ruser= rhost=43.255.190.166  user=root
Apr 12 16:54:04 ovzhost sshd[1283]: pam_unix(sshd:auth): authentication failure; logname= uid=0 euid=0 tty=ssh ruser= rhost=43.255.190.143  user=root
Apr 12 16:54:04 ovzhost sshd[1285]: pam_unix(sshd:auth): authentication failure; logname= uid=0 euid=0 tty=ssh ruser= rhost=43.255.190.166  user=root
Apr 12 16:54:06 ovzhost sshd[1281]: Failed password for root from 43.255.190.166 port 45418 ssh2
Apr 12 16:54:06 ovzhost sshd[1283]: Failed password for root from 43.255.190.143 port 45060 ssh2
Apr 12 16:54:06 ovzhost sshd[1285]: Failed password for root from 43.255.190.166 port 45853 ssh2
Apr 12 16:54:10 ovzhost sshd[1281]: message repeated 2 times: [ Failed password for root from 43.255.190.166 port 45418 ssh2]
Apr 12 16:54:10 ovzhost sshd[1281]: Received disconnect from 43.255.190.166: 11:  [preauth]
Apr 12 16:54:10 ovzhost sshd[1281]: PAM 2 more authentication failures; logname= uid=0 euid=0 tty=ssh ruser= rhost=43.255.190.166  user=root
Apr 12 16:54:10 ovzhost sshd[1283]: message repeated 2 times: [ Failed password for root from 43.255.190.143 port 45060 ssh2]
Apr 12 16:54:10 ovzhost sshd[1283]: Received disconnect from 43.255.190.143: 11:  [preauth]
Apr 12 16:54:10 ovzhost sshd[1283]: PAM 2 more authentication failures; logname= uid=0 euid=0 tty=ssh ruser= rhost=43.255.190.143  user=root
Apr 12 16:54:10 ovzhost sshd[1285]: message repeated 2 times: [ Failed password for root from 43.255.190.166 port 45853 ssh2]
Apr 12 16:54:10 ovzhost sshd[1285]: Received disconnect from 43.255.190.166: 11:  [preauth]
Apr 12 16:54:10 ovzhost sshd[1285]: PAM 2 more authentication failures; logname= uid=0 euid=0 tty=ssh ruser= rhost=43.255.190.166  user=root
Apr 12 16:54:10 ovzhost sshd[1287]: pam_unix(sshd:auth): authentication failure; logname= uid=0 euid=0 tty=ssh ruser= rhost=43.255.190.166  user=root
Apr 12 16:54:10 ovzhost sshd[1289]: pam_unix(sshd:auth): authentication failure; logname= uid=0 euid=0 tty=ssh ruser= rhost=43.255.190.143  user=root
Apr 12 16:54:10 ovzhost sshd[1291]: pam_unix(sshd:auth): authentication failure; logname= uid=0 euid=0 tty=ssh ruser= rhost=43.255.190.166  user=root
Apr 12 16:54:13 ovzhost sshd[1287]: Failed password for root from 43.255.190.166 port 57946 ssh2
Apr 12 16:54:13 ovzhost sshd[1289]: Failed password for root from 43.255.190.143 port 57696 ssh2
Apr 12 16:54:13 ovzhost sshd[1291]: Failed password for root from 43.255.190.166 port 58296 ssh2
Apr 12 16:54:17 ovzhost sshd[1287]: message repeated 2 times: [ Failed password for root from 43.255.190.166 port 57946 ssh2]
Apr 12 16:54:17 ovzhost sshd[1287]: Received disconnect from 43.255.190.166: 11:  [preauth]
Apr 12 16:54:17 ovzhost sshd[1287]: PAM 2 more authentication failures; logname= uid=0 euid=0 tty=ssh ruser= rhost=43.255.190.166  user=root
Apr 12 16:54:17 ovzhost sshd[1289]: message repeated 2 times: [ Failed password for root from 43.255.190.143 port 57696 ssh2]
Apr 12 16:54:17 ovzhost sshd[1289]: Received disconnect from 43.255.190.143: 11:  [preauth]
Apr 12 16:54:17 ovzhost sshd[1289]: PAM 2 more authentication failures; logname= uid=0 euid=0 tty=ssh ruser= rhost=43.255.190.143  user=root
Apr 12 16:54:17 ovzhost sshd[1291]: message repeated 2 times: [ Failed password for root from 43.255.190.166 port 58296 ssh2]
Apr 12 16:54:17 ovzhost sshd[1291]: Received disconnect from 43.255.190.166: 11:  [preauth]
Apr 12 16:54:17 ovzhost sshd[1291]: PAM 2 more authentication failures; logname= uid=0 euid=0 tty=ssh ruser= rhost=43.255.190.166  user=root
Apr 12 16:54:17 ovzhost sshd[1293]: pam_unix(sshd:auth): authentication failure; logname= uid=0 euid=0 tty=ssh ruser= rhost=43.255.190.166  user=root
Apr 12 16:54:17 ovzhost sshd[1295]: pam_unix(sshd:auth): authentication failure; logname= uid=0 euid=0 tty=ssh ruser= rhost=43.255.190.143  user=root
Apr 12 16:54:17 ovzhost sshd[1297]: pam_unix(sshd:auth): authentication failure; logname= uid=0 euid=0 tty=ssh ruser= rhost=43.255.190.166  user=root
Apr 12 16:54:20 ovzhost sshd[1293]: Failed password for root from 43.255.190.166 port 44615 ssh2
Apr 12 16:54:20 ovzhost sshd[1295]: Failed password for root from 43.255.190.143 port 45030 ssh2
Apr 12 16:54:20 ovzhost sshd[1297]: Failed password for root from 43.255.190.166 port 45050 ssh2
Apr 12 16:54:24 ovzhost sshd[1293]: message repeated 2 times: [ Failed password for root from 43.255.190.166 port 44615 ssh2]
Apr 12 16:54:24 ovzhost sshd[1293]: Received disconnect from 43.255.190.166: 11:  [preauth]
Apr 12 16:54:24 ovzhost sshd[1293]: PAM 2 more authentication failures; logname= uid=0 euid=0 tty=ssh ruser= rhost=43.255.190.166  user=root
Apr 12 16:54:24 ovzhost sshd[1295]: message repeated 2 times: [ Failed password for root from 43.255.190.143 port 45030 ssh2]
Apr 12 16:54:24 ovzhost sshd[1295]: Received disconnect from 43.255.190.143: 11:  [preauth]
Apr 12 16:54:24 ovzhost sshd[1295]: PAM 2 more authentication failures; logname= uid=0 euid=0 tty=ssh ruser= rhost=43.255.190.143  user=root
Apr 12 16:54:24 ovzhost sshd[1297]: message repeated 2 times: [ Failed password for root from 43.255.190.166 port 45050 ssh2]
Apr 12 16:54:24 ovzhost sshd[1297]: Received disconnect from 43.255.190.166: 11:  [preauth]
Apr 12 16:54:24 ovzhost sshd[1297]: PAM 2 more authentication failures; logname= uid=0 euid=0 tty=ssh ruser= rhost=43.255.190.166  user=root
Apr 12 16:54:25 ovzhost sshd[1299]: pam_unix(sshd:auth): authentication failure; logname= uid=0 euid=0 tty=ssh ruser= rhost=43.255.190.166  user=root
Apr 12 16:54:25 ovzhost sshd[1301]: pam_unix(sshd:auth): authentication failure; logname= uid=0 euid=0 tty=ssh ruser= rhost=43.255.190.143  user=root
Apr 12 16:54:25 ovzhost sshd[1303]: pam_unix(sshd:auth): authentication failure; logname= uid=0 euid=0 tty=ssh ruser= rhost=43.255.190.166  user=root
Apr 12 16:54:27 ovzhost sshd[1299]: Failed password for root from 43.255.190.166 port 60742 ssh2
Apr 12 16:54:27 ovzhost sshd[1301]: Failed password for root from 43.255.190.143 port 33468 ssh2
Apr 12 16:54:27 ovzhost sshd[1303]: Failed password for root from 43.255.190.166 port 32788 ssh2
Apr 12 16:54:31 ovzhost sshd[1299]: message repeated 2 times: [ Failed password for root from 43.255.190.166 port 60742 ssh2]
Apr 12 16:54:31 ovzhost sshd[1299]: Received disconnect from 43.255.190.166: 11:  [preauth]
Apr 12 16:54:31 ovzhost sshd[1299]: PAM 2 more authentication failures; logname= uid=0 euid=0 tty=ssh ruser= rhost=43.255.190.166  user=root
Apr 12 16:54:31 ovzhost sshd[1301]: message repeated 2 times: [ Failed password for root from 43.255.190.143 port 33468 ssh2]
Apr 12 16:54:31 ovzhost sshd[1301]: Received disconnect from 43.255.190.143: 11:  [preauth]
Apr 12 16:54:31 ovzhost sshd[1301]: PAM 2 more authentication failures; logname= uid=0 euid=0 tty=ssh ruser= rhost=43.255.190.143  user=root
Apr 12 16:54:31 ovzhost sshd[1303]: message repeated 2 times: [ Failed password for root from 43.255.190.166 port 32788 ssh2]
Apr 12 16:54:31 ovzhost sshd[1303]: Received disconnect from 43.255.190.166: 11:  [preauth]
Apr 12 16:54:31 ovzhost sshd[1303]: PAM 2 more authentication failures; logname= uid=0 euid=0 tty=ssh ruser= rhost=43.255.190.166  user=root
Apr 12 16:54:32 ovzhost sshd[1305]: pam_unix(sshd:auth): authentication failure; logname= uid=0 euid=0 tty=ssh ruser= rhost=43.255.190.166  user=root
Apr 12 16:54:32 ovzhost sshd[1307]: pam_unix(sshd:auth): authentication failure; logname= uid=0 euid=0 tty=ssh ruser= rhost=43.255.190.143  user=root
Apr 12 16:54:32 ovzhost sshd[1309]: pam_unix(sshd:auth): authentication failure; logname= uid=0 euid=0 tty=ssh ruser= rhost=43.255.190.166  user=root
Apr 12 16:54:34 ovzhost sshd[1305]: Failed password for root from 43.255.190.166 port 46514 ssh2
Apr 12 16:54:34 ovzhost sshd[1307]: Failed password for root from 43.255.190.143 port 47270 ssh2
Apr 12 16:54:34 ovzhost sshd[1309]: Failed password for root from 43.255.190.166 port 46892 ssh2
Apr 12 16:54:38 ovzhost sshd[1305]: message repeated 2 times: [ Failed password for root from 43.255.190.166 port 46514 ssh2]
Apr 12 16:54:38 ovzhost sshd[1305]: Received disconnect from 43.255.190.166: 11:  [preauth]
Apr 12 16:54:38 ovzhost sshd[1305]: PAM 2 more authentication failures; logname= uid=0 euid=0 tty=ssh ruser= rhost=43.255.190.166  user=root
Apr 12 16:54:38 ovzhost sshd[1307]: message repeated 2 times: [ Failed password for root from 43.255.190.143 port 47270 ssh2]
Apr 12 16:54:38 ovzhost sshd[1307]: Received disconnect from 43.255.190.143: 11:  [preauth]
Apr 12 16:54:38 ovzhost sshd[1307]: PAM 2 more authentication failures; logname= uid=0 euid=0 tty=ssh ruser= rhost=43.255.190.143  user=root
Apr 12 16:54:38 ovzhost sshd[1309]: message repeated 2 times: [ Failed password for root from 43.255.190.166 port 46892 ssh2]
Apr 12 16:54:38 ovzhost sshd[1309]: Received disconnect from 43.255.190.166: 11:  [preauth]
Apr 12 16:54:38 ovzhost sshd[1309]: PAM 2 more authentication failures; logname= uid=0 euid=0 tty=ssh ruser= rhost=43.255.190.166  user=root
Apr 12 16:54:38 ovzhost sshd[1311]: pam_unix(sshd:auth): authentication failure; logname= uid=0 euid=0 tty=ssh ruser= rhost=43.255.190.166  user=root
Apr 12 16:54:39 ovzhost sshd[1313]: pam_unix(sshd:auth): authentication failure; logname= uid=0 euid=0 tty=ssh ruser= rhost=43.255.190.143  user=root
Apr 12 16:54:39 ovzhost sshd[1315]: pam_unix(sshd:auth): authentication failure; logname= uid=0 euid=0 tty=ssh ruser= rhost=43.255.190.166  user=root
Apr 12 16:54:40 ovzhost sshd[1313]: Failed password for root from 43.255.190.143 port 35187 ssh2
Apr 12 16:54:40 ovzhost sshd[1315]: Failed password for root from 43.255.190.166 port 34841 ssh2
Apr 12 16:54:40 ovzhost sshd[1311]: Failed password for root from 43.255.190.166 port 34486 ssh2
Apr 12 16:54:44 ovzhost sshd[1313]: message repeated 2 times: [ Failed password for root from 43.255.190.143 port 35187 ssh2]
Apr 12 16:54:44 ovzhost sshd[1313]: Received disconnect from 43.255.190.143: 11:  [preauth]
Apr 12 16:54:44 ovzhost sshd[1313]: PAM 2 more authentication failures; logname= uid=0 euid=0 tty=ssh ruser= rhost=43.255.190.143  user=root
Apr 12 16:54:44 ovzhost sshd[1315]: message repeated 2 times: [ Failed password for root from 43.255.190.166 port 34841 ssh2]
Apr 12 16:54:44 ovzhost sshd[1315]: Received disconnect from 43.255.190.166: 11:  [preauth]
Apr 12 16:54:44 ovzhost sshd[1315]: PAM 2 more authentication failures; logname= uid=0 euid=0 tty=ssh ruser= rhost=43.255.190.166  user=root
Apr 12 16:54:44 ovzhost sshd[1311]: message repeated 2 times: [ Failed password for root from 43.255.190.166 port 34486 ssh2]
Apr 12 16:54:44 ovzhost sshd[1311]: Received disconnect from 43.255.190.166: 11:  [preauth]
Apr 12 16:54:44 ovzhost sshd[1311]: PAM 2 more authentication failures; logname= uid=0 euid=0 tty=ssh ruser= rhost=43.255.190.166  user=root
Apr 12 16:54:45 ovzhost sshd[1317]: pam_unix(sshd:auth): authentication failure; logname= uid=0 euid=0 tty=ssh ruser= rhost=43.255.190.143  user=root
Apr 12 16:54:45 ovzhost sshd[1319]: pam_unix(sshd:auth): authentication failure; logname= uid=0 euid=0 tty=ssh ruser= rhost=43.255.190.166  user=root
Apr 12 16:54:45 ovzhost sshd[1321]: pam_unix(sshd:auth): authentication failure; logname= uid=0 euid=0 tty=ssh ruser= rhost=43.255.190.166  user=root
Apr 12 16:54:47 ovzhost sshd[1317]: Failed password for root from 43.255.190.143 port 47712 ssh2
Apr 12 16:54:47 ovzhost sshd[1319]: Failed password for root from 43.255.190.166 port 47598 ssh2
Apr 12 16:54:47 ovzhost sshd[1321]: Failed password for root from 43.255.190.166 port 47701 ssh2
Apr 12 16:54:51 ovzhost sshd[1317]: message repeated 2 times: [ Failed password for root from 43.255.190.143 port 47712 ssh2]
Apr 12 16:54:51 ovzhost sshd[1317]: Received disconnect from 43.255.190.143: 11:  [preauth]
Apr 12 16:54:51 ovzhost sshd[1317]: PAM 2 more authentication failures; logname= uid=0 euid=0 tty=ssh ruser= rhost=43.255.190.143  user=root
Apr 12 16:54:51 ovzhost sshd[1319]: message repeated 2 times: [ Failed password for root from 43.255.190.166 port 47598 ssh2]
Apr 12 16:54:51 ovzhost sshd[1319]: Received disconnect from 43.255.190.166: 11:  [preauth]
Apr 12 16:54:51 ovzhost sshd[1319]: PAM 2 more authentication failures; logname= uid=0 euid=0 tty=ssh ruser= rhost=43.255.190.166  user=root
Apr 12 16:54:51 ovzhost sshd[1321]: message repeated 2 times: [ Failed password for root from 43.255.190.166 port 47701 ssh2]
Apr 12 16:54:51 ovzhost sshd[1321]: Received disconnect from 43.255.190.166: 11:  [preauth]
Apr 12 16:54:51 ovzhost sshd[1321]: PAM 2 more authentication failures; logname= uid=0 euid=0 tty=ssh ruser= rhost=43.255.190.166  user=root
Apr 12 16:54:51 ovzhost sshd[1323]: pam_unix(sshd:auth): authentication failure; logname= uid=0 euid=0 tty=ssh ruser= rhost=43.255.190.143  user=root
Apr 12 16:54:51 ovzhost sshd[1325]: pam_unix(sshd:auth): authentication failure; logname= uid=0 euid=0 tty=ssh ruser= rhost=43.255.190.166  user=root
Apr 12 16:54:51 ovzhost sshd[1327]: pam_unix(sshd:auth): authentication failure; logname= uid=0 euid=0 tty=ssh ruser= rhost=43.255.190.166  user=root
Apr 12 16:54:53 ovzhost sshd[1323]: Failed password for root from 43.255.190.143 port 33864 ssh2
Apr 12 16:54:53 ovzhost sshd[1325]: Failed password for root from 43.255.190.166 port 33413 ssh2
Apr 12 16:54:53 ovzhost sshd[1327]: Failed password for root from 43.255.190.166 port 33535 ssh2
Apr 12 16:54:57 ovzhost sshd[1323]: message repeated 2 times: [ Failed password for root from 43.255.190.143 port 33864 ssh2]
Apr 12 16:54:57 ovzhost sshd[1323]: Received disconnect from 43.255.190.143: 11:  [preauth]
Apr 12 16:54:57 ovzhost sshd[1323]: PAM 2 more authentication failures; logname= uid=0 euid=0 tty=ssh ruser= rhost=43.255.190.143  user=root
Apr 12 16:54:57 ovzhost sshd[1325]: message repeated 2 times: [ Failed password for root from 43.255.190.166 port 33413 ssh2]
Apr 12 16:54:57 ovzhost sshd[1325]: Received disconnect from 43.255.190.166: 11:  [preauth]
Apr 12 16:54:57 ovzhost sshd[1325]: PAM 2 more authentication failures; logname= uid=0 euid=0 tty=ssh ruser= rhost=43.255.190.166  user=root
Apr 12 16:54:57 ovzhost sshd[1327]: message repeated 2 times: [ Failed password for root from 43.255.190.166 port 33535 ssh2]
Apr 12 16:54:57 ovzhost sshd[1327]: Received disconnect from 43.255.190.166: 11:  [preauth]
Apr 12 16:54:57 ovzhost sshd[1327]: PAM 2 more authentication failures; logname= uid=0 euid=0 tty=ssh ruser= rhost=43.255.190.166  user=root
Apr 12 16:54:58 ovzhost sshd[1330]: pam_unix(sshd:auth): authentication failure; logname= uid=0 euid=0 tty=ssh ruser= rhost=43.255.190.143  user=root
Apr 12 16:54:58 ovzhost sshd[1332]: pam_unix(sshd:auth): authentication failure; logname= uid=0 euid=0 tty=ssh ruser= rhost=43.255.190.166  user=root
Apr 12 16:54:58 ovzhost sshd[1334]: pam_unix(sshd:auth): authentication failure; logname= uid=0 euid=0 tty=ssh ruser= rhost=43.255.190.166  user=root
Apr 12 16:55:00 ovzhost sshd[1330]: Failed password for root from 43.255.190.143 port 49770 ssh2
Apr 12 16:55:00 ovzhost sshd[1332]: Failed password for root from 43.255.190.166 port 49622 ssh2
Apr 12 16:55:00 ovzhost sshd[1334]: Failed password for root from 43.255.190.166 port 49791 ssh2
Apr 12 16:55:04 ovzhost sshd[1330]: message repeated 2 times: [ Failed password for root from 43.255.190.143 port 49770 ssh2]
Apr 12 16:55:04 ovzhost sshd[1330]: Received disconnect from 43.255.190.143: 11:  [preauth]
Apr 12 16:55:04 ovzhost sshd[1330]: PAM 2 more authentication failures; logname= uid=0 euid=0 tty=ssh ruser= rhost=43.255.190.143  user=root
Apr 12 16:55:04 ovzhost sshd[1332]: message repeated 2 times: [ Failed password for root from 43.255.190.166 port 49622 ssh2]
Apr 12 16:55:04 ovzhost sshd[1332]: Received disconnect from 43.255.190.166: 11:  [preauth]
Apr 12 16:55:04 ovzhost sshd[1332]: PAM 2 more authentication failures; logname= uid=0 euid=0 tty=ssh ruser= rhost=43.255.190.166  user=root
Apr 12 16:55:04 ovzhost sshd[1334]: message repeated 2 times: [ Failed password for root from 43.255.190.166 port 49791 ssh2]
Apr 12 16:55:04 ovzhost sshd[1334]: Received disconnect from 43.255.190.166: 11:  [preauth]
Apr 12 16:55:04 ovzhost sshd[1334]: PAM 2 more authentication failures; logname= uid=0 euid=0 tty=ssh ruser= rhost=43.255.190.166  user=root
Apr 12 16:55:04 ovzhost sshd[1336]: pam_unix(sshd:auth): authentication failure; logname= uid=0 euid=0 tty=ssh ruser= rhost=43.255.190.143  user=root
Apr 12 16:55:05 ovzhost sshd[1338]: pam_unix(sshd:auth): authentication failure; logname= uid=0 euid=0 tty=ssh ruser= rhost=43.255.190.166  user=root
Apr 12 16:55:07 ovzhost sshd[1338]: Failed password for root from 43.255.190.166 port 35217 ssh2
Apr 12 16:55:07 ovzhost sshd[1336]: Failed password for root from 43.255.190.143 port 35205 ssh2
Apr 12 16:55:10 ovzhost sshd[1340]: pam_unix(sshd:auth): authentication failure; logname= uid=0 euid=0 tty=ssh ruser= rhost=222.171.225.170  user=root
Apr 12 16:55:11 ovzhost sshd[1338]: message repeated 2 times: [ Failed password for root from 43.255.190.166 port 35217 ssh2]
Apr 12 16:55:11 ovzhost sshd[1338]: Received disconnect from 43.255.190.166: 11:  [preauth]
Apr 12 16:55:11 ovzhost sshd[1338]: PAM 2 more authentication failures; logname= uid=0 euid=0 tty=ssh ruser= rhost=43.255.190.166  user=root
Apr 12 16:55:11 ovzhost sshd[1336]: message repeated 2 times: [ Failed password for root from 43.255.190.143 port 35205 ssh2]
Apr 12 16:55:11 ovzhost sshd[1336]: Received disconnect from 43.255.190.143: 11:  [preauth]
Apr 12 16:55:11 ovzhost sshd[1336]: PAM 2 more authentication failures; logname= uid=0 euid=0 tty=ssh ruser= rhost=43.255.190.143  user=root
Apr 12 16:55:12 ovzhost sshd[1344]: pam_unix(sshd:auth): authentication failure; logname= uid=0 euid=0 tty=ssh ruser= rhost=43.255.190.166  user=root
Apr 12 16:55:12 ovzhost sshd[1340]: Failed password for root from 222.171.225.170 port 36579 ssh2
Apr 12 16:55:13 ovzhost sshd[1344]: Failed password for root from 43.255.190.166 port 50277 ssh2
Apr 12 16:55:16 ovzhost sshd[1340]: message repeated 2 times: [ Failed password for root from 222.171.225.170 port 36579 ssh2]
Apr 12 16:55:16 ovzhost sshd[1340]: Connection closed by 222.171.225.170 [preauth]
Apr 12 16:55:16 ovzhost sshd[1340]: PAM 2 more authentication failures; logname= uid=0 euid=0 tty=ssh ruser= rhost=222.171.225.170  user=root
Apr 12 16:55:17 ovzhost sshd[1344]: message repeated 2 times: [ Failed password for root from 43.255.190.166 port 50277 ssh2]
Apr 12 16:55:17 ovzhost sshd[1344]: Received disconnect from 43.255.190.166: 11:  [preauth]
Apr 12 16:55:17 ovzhost sshd[1344]: PAM 2 more authentication failures; logname= uid=0 euid=0 tty=ssh ruser= rhost=43.255.190.166  user=root
Apr 12 16:58:22 ovzhost sshd[1358]: pam_unix(sshd:auth): authentication failure; logname= uid=0 euid=0 tty=ssh ruser= rhost=128.134.54.57  user=root
Apr 12 16:58:25 ovzhost sshd[1358]: Failed password for root from 128.134.54.57 port 35250 ssh2
Apr 12 16:58:28 ovzhost sshd[1358]: message repeated 2 times: [ Failed password for root from 128.134.54.57 port 35250 ssh2]
Apr 12 16:58:29 ovzhost sshd[1358]: Connection closed by 128.134.54.57 [preauth]
Apr 12 16:58:29 ovzhost sshd[1358]: PAM 2 more authentication failures; logname= uid=0 euid=0 tty=ssh ruser= rhost=128.134.54.57  user=root
Apr 12 16:58:42 ovzhost sshd[1363]: Connection closed by 127.0.0.1 [preauth]
Apr 12 17:00:01 ovzhost CRON[1369]: pam_env(cron:session): Unable to open env file: /etc/default/locale: No such file or directory
Apr 12 17:00:01 ovzhost CRON[1369]: pam_unix(cron:session): session opened for user smmsp by (uid=0)
Apr 12 17:00:01 ovzhost CRON[1369]: pam_unix(cron:session): session closed for user smmsp
Apr 12 17:00:27 ovzhost sshd[1398]: Connection closed by 128.8.37.104 [preauth]
Apr 12 17:03:42 ovzhost sshd[1412]: Connection closed by 127.0.0.1 [preauth]
Apr 12 17:08:42 ovzhost sshd[1434]: Connection closed by 127.0.0.1 [preauth]
Apr 12 17:09:01 ovzhost CRON[1439]: pam_env(cron:session): Unable to open env file: /etc/default/locale: No such file or directory
Apr 12 17:09:01 ovzhost CRON[1438]: pam_env(cron:session): Unable to open env file: /etc/default/locale: No such file or directory
Apr 12 17:09:01 ovzhost CRON[1439]: pam_unix(cron:session): session opened for user root by (uid=0)
Apr 12 17:09:01 ovzhost CRON[1438]: pam_unix(cron:session): session opened for user root by (uid=0)
Apr 12 17:09:01 ovzhost CRON[1438]: pam_unix(cron:session): session closed for user root
Apr 12 17:09:01 ovzhost CRON[1439]: pam_unix(cron:session): session closed for user root
Apr 12 17:10:27 ovzhost sshd[1457]: Connection closed by 128.8.37.104 [preauth]
Apr 12 17:10:44 ovzhost sshd[1459]: pam_unix(sshd:auth): authentication failure; logname= uid=0 euid=0 tty=ssh ruser= rhost=43.255.190.150  user=root
Apr 12 17:10:45 ovzhost sshd[1461]: pam_unix(sshd:auth): authentication failure; logname= uid=0 euid=0 tty=ssh ruser= rhost=43.255.190.135  user=root
Apr 12 17:10:47 ovzhost sshd[1459]: Failed password for root from 43.255.190.150 port 33843 ssh2
Apr 12 17:10:47 ovzhost sshd[1461]: Failed password for root from 43.255.190.135 port 54860 ssh2
Apr 12 17:10:48 ovzhost sshd[1463]: pam_unix(sshd:auth): authentication failure; logname= uid=0 euid=0 tty=ssh ruser= rhost=43.255.190.150  user=root
Apr 12 17:10:50 ovzhost sshd[1463]: Failed password for root from 43.255.190.150 port 42190 ssh2
Apr 12 17:10:51 ovzhost sshd[1459]: message repeated 2 times: [ Failed password for root from 43.255.190.150 port 33843 ssh2]
Apr 12 17:10:51 ovzhost sshd[1459]: Received disconnect from 43.255.190.150: 11:  [preauth]
Apr 12 17:10:51 ovzhost sshd[1459]: PAM 2 more authentication failures; logname= uid=0 euid=0 tty=ssh ruser= rhost=43.255.190.150  user=root
Apr 12 17:10:51 ovzhost sshd[1461]: message repeated 2 times: [ Failed password for root from 43.255.190.135 port 54860 ssh2]
Apr 12 17:10:52 ovzhost sshd[1461]: Received disconnect from 43.255.190.135: 11:  [preauth]
Apr 12 17:10:52 ovzhost sshd[1461]: PAM 2 more authentication failures; logname= uid=0 euid=0 tty=ssh ruser= rhost=43.255.190.135  user=root
Apr 12 17:10:52 ovzhost sshd[1465]: pam_unix(sshd:auth): authentication failure; logname= uid=0 euid=0 tty=ssh ruser= rhost=43.255.190.150  user=root
Apr 12 17:10:52 ovzhost sshd[1467]: pam_unix(sshd:auth): authentication failure; logname= uid=0 euid=0 tty=ssh ruser= rhost=43.255.190.135  user=root
Apr 12 17:10:53 ovzhost sshd[1465]: Failed password for root from 43.255.190.150 port 48653 ssh2
Apr 12 17:10:54 ovzhost sshd[1467]: Failed password for root from 43.255.190.135 port 40979 ssh2
Apr 12 17:10:55 ovzhost sshd[1463]: message repeated 2 times: [ Failed password for root from 43.255.190.150 port 42190 ssh2]
Apr 12 17:10:55 ovzhost sshd[1463]: Received disconnect from 43.255.190.150: 11:  [preauth]
Apr 12 17:10:55 ovzhost sshd[1463]: PAM 2 more authentication failures; logname= uid=0 euid=0 tty=ssh ruser= rhost=43.255.190.150  user=root
Apr 12 17:10:55 ovzhost sshd[1469]: pam_unix(sshd:auth): authentication failure; logname= uid=0 euid=0 tty=ssh ruser= rhost=43.255.190.150  user=root
Apr 12 17:10:57 ovzhost sshd[1469]: Failed password for root from 43.255.190.150 port 55345 ssh2
Apr 12 17:10:57 ovzhost sshd[1465]: message repeated 2 times: [ Failed password for root from 43.255.190.150 port 48653 ssh2]
Apr 12 17:10:57 ovzhost sshd[1465]: Received disconnect from 43.255.190.150: 11:  [preauth]
Apr 12 17:10:57 ovzhost sshd[1465]: PAM 2 more authentication failures; logname= uid=0 euid=0 tty=ssh ruser= rhost=43.255.190.150  user=root
Apr 12 17:10:57 ovzhost sshd[1467]: message repeated 2 times: [ Failed password for root from 43.255.190.135 port 40979 ssh2]
Apr 12 17:10:57 ovzhost sshd[1467]: Received disconnect from 43.255.190.135: 11:  [preauth]
Apr 12 17:10:57 ovzhost sshd[1467]: PAM 2 more authentication failures; logname= uid=0 euid=0 tty=ssh ruser= rhost=43.255.190.135  user=root
Apr 12 17:10:58 ovzhost sshd[1471]: pam_unix(sshd:auth): authentication failure; logname= uid=0 euid=0 tty=ssh ruser= rhost=43.255.190.150  user=root
Apr 12 17:10:58 ovzhost sshd[1473]: pam_unix(sshd:auth): authentication failure; logname= uid=0 euid=0 tty=ssh ruser= rhost=43.255.190.135  user=root
Apr 12 17:11:00 ovzhost sshd[1471]: Failed password for root from 43.255.190.150 port 60283 ssh2
Apr 12 17:11:00 ovzhost sshd[1473]: Failed password for root from 43.255.190.135 port 52921 ssh2
Apr 12 17:11:02 ovzhost sshd[1469]: message repeated 2 times: [ Failed password for root from 43.255.190.150 port 55345 ssh2]
Apr 12 17:11:02 ovzhost sshd[1469]: Received disconnect from 43.255.190.150: 11:  [preauth]
Apr 12 17:11:02 ovzhost sshd[1469]: PAM 2 more authentication failures; logname= uid=0 euid=0 tty=ssh ruser= rhost=43.255.190.150  user=root
Apr 12 17:11:03 ovzhost sshd[1475]: pam_unix(sshd:auth): authentication failure; logname= uid=0 euid=0 tty=ssh ruser= rhost=43.255.190.150  user=root
Apr 12 17:11:05 ovzhost sshd[1475]: Failed password for root from 43.255.190.150 port 42760 ssh2
Apr 12 17:11:05 ovzhost sshd[1471]: message repeated 2 times: [ Failed password for root from 43.255.190.150 port 60283 ssh2]
Apr 12 17:11:05 ovzhost sshd[1471]: Received disconnect from 43.255.190.150: 11:  [preauth]
Apr 12 17:11:05 ovzhost sshd[1471]: PAM 2 more authentication failures; logname= uid=0 euid=0 tty=ssh ruser= rhost=43.255.190.150  user=root
Apr 12 17:11:05 ovzhost sshd[1473]: message repeated 2 times: [ Failed password for root from 43.255.190.135 port 52921 ssh2]
Apr 12 17:11:05 ovzhost sshd[1473]: Received disconnect from 43.255.190.135: 11:  [preauth]
Apr 12 17:11:05 ovzhost sshd[1473]: PAM 2 more authentication failures; logname= uid=0 euid=0 tty=ssh ruser= rhost=43.255.190.135  user=root
Apr 12 17:11:06 ovzhost sshd[1479]: pam_unix(sshd:auth): authentication failure; logname= uid=0 euid=0 tty=ssh ruser= rhost=43.255.190.150  user=root
Apr 12 17:11:06 ovzhost sshd[1481]: pam_unix(sshd:auth): authentication failure; logname= uid=0 euid=0 tty=ssh ruser= rhost=43.255.190.135  user=root
Apr 12 17:11:07 ovzhost sshd[1479]: Failed password for root from 43.255.190.150 port 48719 ssh2
Apr 12 17:11:08 ovzhost sshd[1481]: Failed password for root from 43.255.190.135 port 40624 ssh2
Apr 12 17:11:09 ovzhost sshd[1475]: message repeated 2 times: [ Failed password for root from 43.255.190.150 port 42760 ssh2]
Apr 12 17:11:09 ovzhost sshd[1475]: Received disconnect from 43.255.190.150: 11:  [preauth]
Apr 12 17:11:09 ovzhost sshd[1475]: PAM 2 more authentication failures; logname= uid=0 euid=0 tty=ssh ruser= rhost=43.255.190.150  user=root
Apr 12 17:11:09 ovzhost sshd[1483]: pam_unix(sshd:auth): authentication failure; logname= uid=0 euid=0 tty=ssh ruser= rhost=43.255.190.150  user=root
Apr 12 17:11:12 ovzhost sshd[1483]: Failed password for root from 43.255.190.150 port 56874 ssh2
Apr 12 17:11:12 ovzhost sshd[1479]: message repeated 2 times: [ Failed password for root from 43.255.190.150 port 48719 ssh2]
Apr 12 17:11:12 ovzhost sshd[1479]: Received disconnect from 43.255.190.150: 11:  [preauth]
Apr 12 17:11:12 ovzhost sshd[1479]: PAM 2 more authentication failures; logname= uid=0 euid=0 tty=ssh ruser= rhost=43.255.190.150  user=root
Apr 12 17:11:12 ovzhost sshd[1485]: pam_unix(sshd:auth): authentication failure; logname= uid=0 euid=0 tty=ssh ruser= rhost=43.255.190.150  user=root
Apr 12 17:11:12 ovzhost sshd[1481]: message repeated 2 times: [ Failed password for root from 43.255.190.135 port 40624 ssh2]
Apr 12 17:11:12 ovzhost sshd[1481]: Received disconnect from 43.255.190.135: 11:  [preauth]
Apr 12 17:11:12 ovzhost sshd[1481]: PAM 2 more authentication failures; logname= uid=0 euid=0 tty=ssh ruser= rhost=43.255.190.135  user=root
Apr 12 17:11:13 ovzhost sshd[1487]: pam_unix(sshd:auth): authentication failure; logname= uid=0 euid=0 tty=ssh ruser= rhost=43.255.190.135  user=root
Apr 12 17:11:15 ovzhost sshd[1487]: Failed password for root from 43.255.190.135 port 55505 ssh2
Apr 12 17:11:15 ovzhost sshd[1485]: Failed password for root from 43.255.190.150 port 33858 ssh2
Apr 12 17:11:16 ovzhost sshd[1483]: message repeated 2 times: [ Failed password for root from 43.255.190.150 port 56874 ssh2]
Apr 12 17:11:16 ovzhost sshd[1483]: Received disconnect from 43.255.190.150: 11:  [preauth]
Apr 12 17:11:16 ovzhost sshd[1483]: PAM 2 more authentication failures; logname= uid=0 euid=0 tty=ssh ruser= rhost=43.255.190.150  user=root
Apr 12 17:11:16 ovzhost sshd[1489]: pam_unix(sshd:auth): authentication failure; logname= uid=0 euid=0 tty=ssh ruser= rhost=43.255.190.150  user=root
Apr 12 17:11:18 ovzhost sshd[1489]: Failed password for root from 43.255.190.150 port 41939 ssh2
Apr 12 17:11:19 ovzhost sshd[1487]: message repeated 2 times: [ Failed password for root from 43.255.190.135 port 55505 ssh2]
Apr 12 17:11:19 ovzhost sshd[1487]: Received disconnect from 43.255.190.135: 11:  [preauth]
Apr 12 17:11:19 ovzhost sshd[1487]: PAM 2 more authentication failures; logname= uid=0 euid=0 tty=ssh ruser= rhost=43.255.190.135  user=root
Apr 12 17:11:19 ovzhost sshd[1485]: message repeated 2 times: [ Failed password for root from 43.255.190.150 port 33858 ssh2]
Apr 12 17:11:19 ovzhost sshd[1485]: Received disconnect from 43.255.190.150: 11:  [preauth]
Apr 12 17:11:19 ovzhost sshd[1485]: PAM 2 more authentication failures; logname= uid=0 euid=0 tty=ssh ruser= rhost=43.255.190.150  user=root
Apr 12 17:11:19 ovzhost sshd[1491]: pam_unix(sshd:auth): authentication failure; logname= uid=0 euid=0 tty=ssh ruser= rhost=43.255.190.135  user=root
Apr 12 17:11:20 ovzhost sshd[1493]: pam_unix(sshd:auth): authentication failure; logname= uid=0 euid=0 tty=ssh ruser= rhost=43.255.190.150  user=root
Apr 12 17:11:22 ovzhost sshd[1491]: Failed password for root from 43.255.190.135 port 40419 ssh2
Apr 12 17:11:22 ovzhost sshd[1493]: Failed password for root from 43.255.190.150 port 48626 ssh2
