Mar 31 17:16:56 ovzhost sudo:     root : unable to resolve host ovzhost
Mar 31 17:16:56 ovzhost sudo:     root : TTY=pts/0 ; PWD=/ ; USER=root ; COMMAND=/usr/bin/less /root/.bash_history
Mar 31 17:16:56 ovzhost sudo: pam_unix(sudo:session): session opened for user root by (uid=0)
Mar 31 17:16:57 ovzhost sudo: pam_unix(sudo:session): session closed for user root
Apr  2 14:31:13 ovzhost sshd[419]: Server listening on 0.0.0.0 port 22.
Apr  2 14:31:13 ovzhost sshd[419]: Server listening on :: port 22.
Apr  2 14:31:13 ovzhost saslauthd[637]: detach_tty      : master pid is: 637
Apr  2 14:31:13 ovzhost saslauthd[637]: ipc_init        : listening on socket: /var/run/saslauthd/mux
Apr  2 14:33:26 ovzhost sshd[797]: Connection closed by 127.0.0.1 [preauth]
Apr 12 16:38:42 ovzhost sshd[782]: Connection closed by 127.0.0.1 [preauth]
Apr 12 16:39:01 ovzhost CRON[786]: pam_env(cron:session): Unable to open env file: /etc/default/locale: No such file or directory
Apr 12 16:39:01 ovzhost CRON[786]: pam_unix(cron:session): session opened for user root by (uid=0)
Apr 12 16:39:01 ovzhost CRON[786]: pam_unix(cron:session): session closed for user root
Apr 12 16:40:01 ovzhost CRON[799]: pam_env(cron:session): Unable to open env file: /etc/default/locale: No such file or directory
Apr 12 16:40:01 ovzhost CRON[799]: pam_unix(cron:session): session opened for user smmsp by (uid=0)
Apr 12 16:40:01 ovzhost CRON[799]: pam_unix(cron:session): session closed for user smmsp
Apr 12 16:40:27 ovzhost sshd[828]: Connection closed by 128.8.37.104 [preauth]
Apr 12 16:43:42 ovzhost sshd[842]: Connection closed by 127.0.0.1 [preauth]
Apr 12 16:46:41 ovzhost sshd[853]: pam_unix(sshd:auth): authentication failure; logname= uid=0 euid=0 tty=ssh ruser= rhost=43.255.190.166  user=root
Apr 12 16:46:42 ovzhost sshd[853]: Failed password for root from 43.255.190.166 port 43224 ssh2
Apr 12 16:46:46 ovzhost sshd[855]: pam_unix(sshd:auth): authentication failure; logname= uid=0 euid=0 tty=ssh ruser= rhost=43.255.190.143  user=root
Apr 12 16:46:46 ovzhost sshd[853]: message repeated 2 times: [ Failed password for root from 43.255.190.166 port 43224 ssh2]
Apr 12 16:46:46 ovzhost sshd[853]: Received disconnect from 43.255.190.166: 11:  [preauth]
Apr 12 16:46:46 ovzhost sshd[853]: PAM 2 more authentication failures; logname= uid=0 euid=0 tty=ssh ruser= rhost=43.255.190.166  user=root
Apr 12 16:46:47 ovzhost sshd[857]: pam_unix(sshd:auth): authentication failure; logname= uid=0 euid=0 tty=ssh ruser= rhost=43.255.190.166  user=root
Apr 12 16:46:48 ovzhost sshd[855]: Failed password for root from 43.255.190.143 port 35625 ssh2
Apr 12 16:46:49 ovzhost sshd[857]: Failed password for root from 43.255.190.166 port 56707 ssh2
Apr 12 16:46:52 ovzhost sshd[855]: message repeated 2 times: [ Failed password for root from 43.255.190.143 port 35625 ssh2]
Apr 12 16:46:52 ovzhost sshd[855]: Received disconnect from 43.255.190.143: 11:  [preauth]
Apr 12 16:46:52 ovzhost sshd[855]: PAM 2 more authentication failures; logname= uid=0 euid=0 tty=ssh ruser= rhost=43.255.190.143  user=root
Apr 12 16:46:53 ovzhost sshd[860]: pam_unix(sshd:auth): authentication failure; logname= uid=0 euid=0 tty=ssh ruser= rhost=43.255.190.143  user=root
Apr 12 16:46:53 ovzhost sshd[862]: pam_unix(sshd:auth): authentication failure; logname= uid=0 euid=0 tty=ssh ruser= rhost=43.255.190.166  user=root
Apr 12 16:46:53 ovzhost sshd[857]: message repeated 2 times: [ Failed password for root from 43.255.190.166 port 56707 ssh2]
Apr 12 16:46:53 ovzhost sshd[857]: Received disconnect from 43.255.190.166: 11:  [preauth]
Apr 12 16:46:53 ovzhost sshd[857]: PAM 2 more authentication failures; logname= uid=0 euid=0 tty=ssh ruser= rhost=43.255.190.166  user=root
Apr 12 16:46:54 ovzhost sshd[864]: pam_unix(sshd:auth): authentication failure; logname= uid=0 euid=0 tty=ssh ruser= rhost=43.255.190.166  user=root
Apr 12 16:46:54 ovzhost sshd[860]: Failed password for root from 43.255.190.143 port 52984 ssh2
Apr 12 16:46:55 ovzhost sshd[862]: Failed password for root from 43.255.190.166 port 41136 ssh2
Apr 12 16:46:56 ovzhost sshd[864]: Failed password for root from 43.255.190.166 port 43587 ssh2
Apr 12 16:46:58 ovzhost sshd[860]: message repeated 2 times: [ Failed password for root from 43.255.190.143 port 52984 ssh2]
Apr 12 16:46:58 ovzhost sshd[860]: Received disconnect from 43.255.190.143: 11:  [preauth]
Apr 12 16:46:58 ovzhost sshd[860]: PAM 2 more authentication failures; logname= uid=0 euid=0 tty=ssh ruser= rhost=43.255.190.143  user=root
Apr 12 16:46:59 ovzhost sshd[862]: message repeated 2 times: [ Failed password for root from 43.255.190.166 port 41136 ssh2]
Apr 12 16:46:59 ovzhost sshd[862]: Received disconnect from 43.255.190.166: 11:  [preauth]
Apr 12 16:46:59 ovzhost sshd[862]: PAM 2 more authentication failures; logname= uid=0 euid=0 tty=ssh ruser= rhost=43.255.190.166  user=root
Apr 12 16:46:59 ovzhost sshd[866]: pam_unix(sshd:auth): authentication failure; logname= uid=0 euid=0 tty=ssh ruser= rhost=43.255.190.143  user=root
Apr 12 16:46:59 ovzhost sshd[870]: pam_unix(sshd:auth): authentication failure; logname= uid=0 euid=0 tty=ssh ruser= rhost=43.255.190.166  user=root
Apr 12 16:47:00 ovzhost sshd[864]: message repeated 2 times: [ Failed password for root from 43.255.190.166 port 43587 ssh2]
Apr 12 16:47:00 ovzhost sshd[864]: Received disconnect from 43.255.190.166: 11:  [preauth]
Apr 12 16:47:00 ovzhost sshd[864]: PAM 2 more authentication failures; logname= uid=0 euid=0 tty=ssh ruser= rhost=43.255.190.166  user=root
Apr 12 16:47:01 ovzhost sshd[872]: pam_unix(sshd:auth): authentication failure; logname= uid=0 euid=0 tty=ssh ruser= rhost=43.255.190.166  user=root
Apr 12 16:47:01 ovzhost sshd[866]: Failed password for root from 43.255.190.143 port 41654 ssh2
Apr 12 16:47:02 ovzhost sshd[870]: Failed password for root from 43.255.190.166 port 55729 ssh2
Apr 12 16:47:03 ovzhost sshd[872]: Failed password for root from 43.255.190.166 port 59231 ssh2
Apr 12 16:47:05 ovzhost sshd[866]: message repeated 2 times: [ Failed password for root from 43.255.190.143 port 41654 ssh2]
Apr 12 16:47:05 ovzhost sshd[866]: Received disconnect from 43.255.190.143: 11:  [preauth]
Apr 12 16:47:05 ovzhost sshd[866]: PAM 2 more authentication failures; logname= uid=0 euid=0 tty=ssh ruser= rhost=43.255.190.143  user=root
Apr 12 16:47:05 ovzhost sshd[870]: message repeated 2 times: [ Failed password for root from 43.255.190.166 port 55729 ssh2]
Apr 12 16:47:05 ovzhost sshd[870]: Received disconnect from 43.255.190.166: 11:  [preauth]
Apr 12 16:47:05 ovzhost sshd[870]: PAM 2 more authentication failures; logname= uid=0 euid=0 tty=ssh ruser= rhost=43.255.190.166  user=root
Apr 12 16:47:06 ovzhost sshd[874]: pam_unix(sshd:auth): authentication failure; logname= uid=0 euid=0 tty=ssh ruser= rhost=43.255.190.143  user=root
Apr 12 16:47:06 ovzhost sshd[876]: pam_unix(sshd:auth): authentication failure; logname= uid=0 euid=0 tty=ssh ruser= rhost=43.255.190.166  user=root
Apr 12 16:47:06 ovzhost sshd[872]: message repeated 2 times: [ Failed password for root from 43.255.190.166 port 59231 ssh2]
Apr 12 16:47:06 ovzhost sshd[872]: Received disconnect from 43.255.190.166: 11:  [preauth]
Apr 12 16:47:06 ovzhost sshd[872]: PAM 2 more authentication failures; logname= uid=0 euid=0 tty=ssh ruser= rhost=43.255.190.166  user=root
Apr 12 16:47:07 ovzhost sshd[878]: pam_unix(sshd:auth): authentication failure; logname= uid=0 euid=0 tty=ssh ruser= rhost=43.255.190.166  user=root
Apr 12 16:47:08 ovzhost sshd[874]: Failed password for root from 43.255.190.143 port 57545 ssh2
Apr 12 16:47:08 ovzhost sshd[876]: Failed password for root from 43.255.190.166 port 43117 ssh2
Apr 12 16:47:09 ovzhost sshd[878]: Failed password for root from 43.255.190.166 port 45088 ssh2
Apr 12 16:47:11 ovzhost sshd[874]: message repeated 2 times: [ Failed password for root from 43.255.190.143 port 57545 ssh2]
Apr 12 16:47:12 ovzhost sshd[874]: Received disconnect from 43.255.190.143: 11:  [preauth]
Apr 12 16:47:12 ovzhost sshd[874]: PAM 2 more authentication failures; logname= uid=0 euid=0 tty=ssh ruser= rhost=43.255.190.143  user=root
Apr 12 16:47:12 ovzhost sshd[876]: message repeated 2 times: [ Failed password for root from 43.255.190.166 port 43117 ssh2]
Apr 12 16:47:12 ovzhost sshd[876]: Received disconnect from 43.255.190.166: 11:  [preauth]
Apr 12 16:47:12 ovzhost sshd[876]: PAM 2 more authentication failures; logname= uid=0 euid=0 tty=ssh ruser= rhost=43.255.190.166  user=root
Apr 12 16:47:12 ovzhost sshd[880]: pam_unix(sshd:auth): authentication failure; logname= uid=0 euid=0 tty=ssh ruser= rhost=43.255.190.143  user=root
Apr 12 16:47:12 ovzhost sshd[882]: pam_unix(sshd:auth): authentication failure; logname= uid=0 euid=0 tty=ssh ruser= rhost=43.255.190.166  user=root
Apr 12 16:47:13 ovzhost sshd[878]: message repeated 2 times: [ Failed password for root from 43.255.190.166 port 45088 ssh2]
Apr 12 16:47:13 ovzhost sshd[878]: Received disconnect from 43.255.190.166: 11:  [preauth]
Apr 12 16:47:13 ovzhost sshd[878]: PAM 2 more authentication failures; logname= uid=0 euid=0 tty=ssh ruser= rhost=43.255.190.166  user=root
Apr 12 16:47:14 ovzhost sshd[884]: pam_unix(sshd:auth): authentication failure; logname= uid=0 euid=0 tty=ssh ruser= rhost=43.255.190.166  user=root
Apr 12 16:47:14 ovzhost sshd[880]: Failed password for root from 43.255.190.143 port 43925 ssh2
Apr 12 16:47:14 ovzhost sshd[882]: Failed password for root from 43.255.190.166 port 56983 ssh2
Apr 12 16:47:16 ovzhost sshd[884]: Failed password for root from 43.255.190.166 port 60119 ssh2
Apr 12 16:47:17 ovzhost sshd[880]: message repeated 2 times: [ Failed password for root from 43.255.190.143 port 43925 ssh2]
Apr 12 16:47:18 ovzhost sshd[880]: Received disconnect from 43.255.190.143: 11:  [preauth]
Apr 12 16:47:18 ovzhost sshd[880]: PAM 2 more authentication failures; logname= uid=0 euid=0 tty=ssh ruser= rhost=43.255.190.143  user=root
Apr 12 16:47:18 ovzhost sshd[882]: message repeated 2 times: [ Failed password for root from 43.255.190.166 port 56983 ssh2]
Apr 12 16:47:18 ovzhost sshd[882]: Received disconnect from 43.255.190.166: 11:  [preauth]
Apr 12 16:47:18 ovzhost sshd[882]: PAM 2 more authentication failures; logname= uid=0 euid=0 tty=ssh ruser= rhost=43.255.190.166  user=root
Apr 12 16:47:18 ovzhost sshd[886]: pam_unix(sshd:auth): authentication failure; logname= uid=0 euid=0 tty=ssh ruser= rhost=43.255.190.143  user=root
Apr 12 16:47:18 ovzhost sshd[888]: pam_unix(sshd:auth): authentication failure; logname= uid=0 euid=0 tty=ssh ruser= rhost=43.255.190.166  user=root
Apr 12 16:47:19 ovzhost sshd[884]: message repeated 2 times: [ Failed password for root from 43.255.190.166 port 60119 ssh2]
Apr 12 16:47:19 ovzhost sshd[884]: Received disconnect from 43.255.190.166: 11:  [preauth]
Apr 12 16:47:19 ovzhost sshd[884]: PAM 2 more authentication failures; logname= uid=0 euid=0 tty=ssh ruser= rhost=43.255.190.166  user=root
Apr 12 16:47:20 ovzhost sshd[890]: pam_unix(sshd:auth): authentication failure; logname= uid=0 euid=0 tty=ssh ruser= rhost=43.255.190.166  user=root
Apr 12 16:47:20 ovzhost sshd[886]: Failed password for root from 43.255.190.143 port 58177 ssh2
Apr 12 16:47:20 ovzhost sshd[888]: Failed password for root from 43.255.190.166 port 42652 ssh2
Apr 12 16:47:22 ovzhost sshd[890]: Failed password for root from 43.255.190.166 port 45954 ssh2
Apr 12 16:47:24 ovzhost sshd[888]: message repeated 2 times: [ Failed password for root from 43.255.190.166 port 42652 ssh2]
Apr 12 16:47:24 ovzhost sshd[888]: Received disconnect from 43.255.190.166: 11:  [preauth]
Apr 12 16:47:24 ovzhost sshd[888]: PAM 2 more authentication failures; logname= uid=0 euid=0 tty=ssh ruser= rhost=43.255.190.166  user=root
Apr 12 16:47:24 ovzhost sshd[886]: message repeated 2 times: [ Failed password for root from 43.255.190.143 port 58177 ssh2]
Apr 12 16:47:24 ovzhost sshd[886]: Received disconnect from 43.255.190.143: 11:  [preauth]
Apr 12 16:47:24 ovzhost sshd[886]: PAM 2 more authentication failures; logname= uid=0 euid=0 tty=ssh ruser= rhost=43.255.190.143  user=root
Apr 12 16:47:25 ovzhost sshd[893]: pam_unix(sshd:auth): authentication failure; logname= uid=0 euid=0 tty=ssh ruser= rhost=43.255.190.166  user=root
Apr 12 16:47:25 ovzhost sshd[895]: pam_unix(sshd:auth): authentication failure; logname= uid=0 euid=0 tty=ssh ruser= rhost=43.255.190.143  user=root
Apr 12 16:47:25 ovzhost sshd[890]: message repeated 2 times: [ Failed password for root from 43.255.190.166 port 45954 ssh2]
Apr 12 16:47:26 ovzhost sshd[890]: Received disconnect from 43.255.190.166: 11:  [preauth]
Apr 12 16:47:26 ovzhost sshd[890]: PAM 2 more authentication failures; logname= uid=0 euid=0 tty=ssh ruser= rhost=43.255.190.166  user=root
Apr 12 16:47:26 ovzhost sshd[897]: pam_unix(sshd:auth): authentication failure; logname= uid=0 euid=0 tty=ssh ruser= rhost=43.255.190.166  user=root
Apr 12 16:47:27 ovzhost sshd[893]: Failed password for root from 43.255.190.166 port 56917 ssh2
Apr 12 16:47:27 ovzhost sshd[895]: Failed password for root from 43.255.190.143 port 45804 ssh2
Apr 12 16:47:28 ovzhost sshd[897]: Failed password for root from 43.255.190.166 port 59599 ssh2
Apr 12 16:47:31 ovzhost sshd[893]: message repeated 2 times: [ Failed password for root from 43.255.190.166 port 56917 ssh2]
Apr 12 16:47:31 ovzhost sshd[893]: Received disconnect from 43.255.190.166: 11:  [preauth]
Apr 12 16:47:31 ovzhost sshd[893]: PAM 2 more authentication failures; logname= uid=0 euid=0 tty=ssh ruser= rhost=43.255.190.166  user=root
Apr 12 16:47:31 ovzhost sshd[895]: message repeated 2 times: [ Failed password for root from 43.255.190.143 port 45804 ssh2]
Apr 12 16:47:31 ovzhost sshd[895]: Received disconnect from 43.255.190.143: 11:  [preauth]
Apr 12 16:47:31 ovzhost sshd[895]: PAM 2 more authentication failures; logname= uid=0 euid=0 tty=ssh ruser= rhost=43.255.190.143  user=root
Apr 12 16:47:31 ovzhost sshd[900]: pam_unix(sshd:auth): authentication failure; logname= uid=0 euid=0 tty=ssh ruser= rhost=43.255.190.166  user=root
Apr 12 16:47:31 ovzhost sshd[897]: message repeated 2 times: [ Failed password for root from 43.255.190.166 port 59599 ssh2]
Apr 12 16:47:31 ovzhost sshd[897]: Received disconnect from 43.255.190.166: 11:  [preauth]
Apr 12 16:47:31 ovzhost sshd[897]: PAM 2 more authentication failures; logname= uid=0 euid=0 tty=ssh ruser= rhost=43.255.190.166  user=root
Apr 12 16:47:32 ovzhost sshd[902]: pam_unix(sshd:auth): authentication failure; logname= uid=0 euid=0 tty=ssh ruser= rhost=43.255.190.143  user=root
Apr 12 16:47:32 ovzhost sshd[904]: pam_unix(sshd:auth): authentication failure; logname= uid=0 euid=0 tty=ssh ruser= rhost=43.255.190.166  user=root
Apr 12 16:47:34 ovzhost sshd[902]: Failed password for root from 43.255.190.143 port 60054 ssh2
Apr 12 16:47:34 ovzhost sshd[900]: Failed password for root from 43.255.190.166 port 42109 ssh2
Apr 12 16:47:34 ovzhost sshd[904]: Failed password for root from 43.255.190.166 port 43715 ssh2
Apr 12 16:47:37 ovzhost sshd[902]: message repeated 2 times: [ Failed password for root from 43.255.190.143 port 60054 ssh2]
Apr 12 16:47:38 ovzhost sshd[902]: Received disconnect from 43.255.190.143: 11:  [preauth]
Apr 12 16:47:38 ovzhost sshd[902]: PAM 2 more authentication failures; logname= uid=0 euid=0 tty=ssh ruser= rhost=43.255.190.143  user=root
Apr 12 16:47:38 ovzhost sshd[900]: message repeated 2 times: [ Failed password for root from 43.255.190.166 port 42109 ssh2]
Apr 12 16:47:38 ovzhost sshd[900]: Received disconnect from 43.255.190.166: 11:  [preauth]
Apr 12 16:47:38 ovzhost sshd[900]: PAM 2 more authentication failures; logname= uid=0 euid=0 tty=ssh ruser= rhost=43.255.190.166  user=root
Apr 12 16:47:38 ovzhost sshd[904]: message repeated 2 times: [ Failed password for root from 43.255.190.166 port 43715 ssh2]
Apr 12 16:47:38 ovzhost sshd[904]: Received disconnect from 43.255.190.166: 11:  [preauth]
Apr 12 16:47:38 ovzhost sshd[904]: PAM 2 more authentication failures; logname= uid=0 euid=0 tty=ssh ruser= rhost=43.255.190.166  user=root
Apr 12 16:47:38 ovzhost sshd[906]: pam_unix(sshd:auth): authentication failure; logname= uid=0 euid=0 tty=ssh ruser= rhost=43.255.190.143  user=root
Apr 12 16:47:38 ovzhost sshd[908]: pam_unix(sshd:auth): authentication failure; logname= uid=0 euid=0 tty=ssh ruser= rhost=43.255.190.166  user=root
Apr 12 16:47:39 ovzhost sshd[910]: pam_unix(sshd:auth): authentication failure; logname= uid=0 euid=0 tty=ssh ruser= rhost=43.255.190.166  user=root
Apr 12 16:47:40 ovzhost sshd[906]: Failed password for root from 43.255.190.143 port 46304 ssh2
Apr 12 16:47:40 ovzhost sshd[908]: Failed password for root from 43.255.190.166 port 57968 ssh2
Apr 12 16:47:40 ovzhost sshd[910]: Failed password for root from 43.255.190.166 port 58500 ssh2
Apr 12 16:47:43 ovzhost sshd[906]: message repeated 2 times: [ Failed password for root from 43.255.190.143 port 46304 ssh2]
Apr 12 16:47:43 ovzhost sshd[906]: Received disconnect from 43.255.190.143: 11:  [preauth]
Apr 12 16:47:43 ovzhost sshd[906]: PAM 2 more authentication failures; logname= uid=0 euid=0 tty=ssh ruser= rhost=43.255.190.143  user=root
Apr 12 16:47:43 ovzhost sshd[908]: message repeated 2 times: [ Failed password for root from 43.255.190.166 port 57968 ssh2]
Apr 12 16:47:43 ovzhost sshd[908]: Received disconnect from 43.255.190.166: 11:  [preauth]
Apr 12 16:47:43 ovzhost sshd[908]: PAM 2 more authentication failures; logname= uid=0 euid=0 tty=ssh ruser= rhost=43.255.190.166  user=root
Apr 12 16:47:44 ovzhost sshd[912]: pam_unix(sshd:auth): authentication failure; logname= uid=0 euid=0 tty=ssh ruser= rhost=43.255.190.143  user=root
Apr 12 16:47:44 ovzhost sshd[910]: message repeated 2 times: [ Failed password for root from 43.255.190.166 port 58500 ssh2]
Apr 12 16:47:44 ovzhost sshd[910]: Received disconnect from 43.255.190.166: 11:  [preauth]
Apr 12 16:47:44 ovzhost sshd[910]: PAM 2 more authentication failures; logname= uid=0 euid=0 tty=ssh ruser= rhost=43.255.190.166  user=root
Apr 12 16:47:44 ovzhost sshd[914]: pam_unix(sshd:auth): authentication failure; logname= uid=0 euid=0 tty=ssh ruser= rhost=43.255.190.166  user=root
Apr 12 16:47:44 ovzhost sshd[916]: pam_unix(sshd:auth): authentication failure; logname= uid=0 euid=0 tty=ssh ruser= rhost=43.255.190.166  user=root
Apr 12 16:47:46 ovzhost sshd[912]: Failed password for root from 43.255.190.143 port 59641 ssh2
Apr 12 16:47:46 ovzhost sshd[914]: Failed password for root from 43.255.190.166 port 44313 ssh2
Apr 12 16:47:46 ovzhost sshd[916]: Failed password for root from 43.255.190.166 port 45372 ssh2
Apr 12 16:47:50 ovzhost sshd[912]: message repeated 2 times: [ Failed password for root from 43.255.190.143 port 59641 ssh2]
Apr 12 16:47:50 ovzhost sshd[912]: Received disconnect from 43.255.190.143: 11:  [preauth]
Apr 12 16:47:50 ovzhost sshd[912]: PAM 2 more authentication failures; logname= uid=0 euid=0 tty=ssh ruser= rhost=43.255.190.143  user=root
Apr 12 16:47:50 ovzhost sshd[914]: message repeated 2 times: [ Failed password for root from 43.255.190.166 port 44313 ssh2]
Apr 12 16:47:50 ovzhost sshd[914]: Received disconnect from 43.255.190.166: 11:  [preauth]
Apr 12 16:47:50 ovzhost sshd[914]: PAM 2 more authentication failures; logname= uid=0 euid=0 tty=ssh ruser= rhost=43.255.190.166  user=root
Apr 12 16:47:50 ovzhost sshd[918]: pam_unix(sshd:auth): authentication failure; logname= uid=0 euid=0 tty=ssh ruser= rhost=43.255.190.143  user=root
Apr 12 16:47:51 ovzhost sshd[916]: message repeated 2 times: [ Failed password for root from 43.255.190.166 port 45372 ssh2]
Apr 12 16:47:51 ovzhost sshd[916]: Received disconnect from 43.255.190.166: 11:  [preauth]
Apr 12 16:47:51 ovzhost sshd[916]: PAM 2 more authentication failures; logname= uid=0 euid=0 tty=ssh ruser= rhost=43.255.190.166  user=root
Apr 12 16:47:51 ovzhost sshd[920]: pam_unix(sshd:auth): authentication failure; logname= uid=0 euid=0 tty=ssh ruser= rhost=43.255.190.166  user=root
Apr 12 16:47:51 ovzhost sshd[922]: pam_unix(sshd:auth): authentication failure; logname= uid=0 euid=0 tty=ssh ruser= rhost=43.255.190.166  user=root
Apr 12 16:47:52 ovzhost sshd[918]: Failed password for root from 43.255.190.143 port 45524 ssh2
Apr 12 16:47:52 ovzhost sshd[920]: Failed password for root from 43.255.190.166 port 60322 ssh2
Apr 12 16:47:53 ovzhost sshd[922]: Failed password for root from 43.255.190.166 port 33509 ssh2
Apr 12 16:47:55 ovzhost sshd[918]: message repeated 2 times: [ Failed password for root from 43.255.190.143 port 45524 ssh2]
Apr 12 16:47:55 ovzhost sshd[918]: Received disconnect from 43.255.190.143: 11:  [preauth]
Apr 12 16:47:55 ovzhost sshd[918]: PAM 2 more authentication failures; logname= uid=0 euid=0 tty=ssh ruser= rhost=43.255.190.143  user=root
Apr 12 16:47:56 ovzhost sshd[920]: message repeated 2 times: [ Failed password for root from 43.255.190.166 port 60322 ssh2]
Apr 12 16:47:56 ovzhost sshd[920]: Received disconnect from 43.255.190.166: 11:  [preauth]
Apr 12 16:47:56 ovzhost sshd[920]: PAM 2 more authentication failures; logname= uid=0 euid=0 tty=ssh ruser= rhost=43.255.190.166  user=root
Apr 12 16:47:56 ovzhost sshd[925]: pam_unix(sshd:auth): authentication failure; logname= uid=0 euid=0 tty=ssh ruser= rhost=43.255.190.143  user=root
Apr 12 16:47:56 ovzhost sshd[927]: pam_unix(sshd:auth): authentication failure; logname= uid=0 euid=0 tty=ssh ruser= rhost=43.255.190.166  user=root
Apr 12 16:47:57 ovzhost sshd[922]: message repeated 2 times: [ Failed password for root from 43.255.190.166 port 33509 ssh2]
Apr 12 16:47:57 ovzhost sshd[922]: Received disconnect from 43.255.190.166: 11:  [preauth]
Apr 12 16:47:57 ovzhost sshd[922]: PAM 2 more authentication failures; logname= uid=0 euid=0 tty=ssh ruser= rhost=43.255.190.166  user=root
Apr 12 16:47:57 ovzhost sshd[929]: pam_unix(sshd:auth): authentication failure; logname= uid=0 euid=0 tty=ssh ruser= rhost=43.255.190.166  user=root
Apr 12 16:47:58 ovzhost sshd[925]: Failed password for root from 43.255.190.143 port 58804 ssh2
Apr 12 16:47:58 ovzhost sshd[927]: Failed password for root from 43.255.190.166 port 47873 ssh2
Apr 12 16:47:59 ovzhost sshd[929]: Failed password for root from 43.255.190.166 port 51271 ssh2
Apr 12 16:48:02 ovzhost sshd[925]: message repeated 2 times: [ Failed password for root from 43.255.190.143 port 58804 ssh2]
Apr 12 16:48:02 ovzhost sshd[925]: Received disconnect from 43.255.190.143: 11:  [preauth]
Apr 12 16:48:02 ovzhost sshd[925]: PAM 2 more authentication failures; logname= uid=0 euid=0 tty=ssh ruser= rhost=43.255.190.143  user=root
Apr 12 16:48:02 ovzhost sshd[927]: message repeated 2 times: [ Failed password for root from 43.255.190.166 port 47873 ssh2]
Apr 12 16:48:02 ovzhost sshd[927]: Received disconnect from 43.255.190.166: 11:  [preauth]
Apr 12 16:48:02 ovzhost sshd[927]: PAM 2 more authentication failures; logname= uid=0 euid=0 tty=ssh ruser= rhost=43.255.190.166  user=root
Apr 12 16:48:03 ovzhost sshd[933]: pam_unix(sshd:auth): authentication failure; logname= uid=0 euid=0 tty=ssh ruser= rhost=43.255.190.143  user=root
Apr 12 16:48:03 ovzhost sshd[935]: pam_unix(sshd:auth): authentication failure; logname= uid=0 euid=0 tty=ssh ruser= rhost=43.255.190.166  user=root
Apr 12 16:48:03 ovzhost sshd[929]: message repeated 2 times: [ Failed password for root from 43.255.190.166 port 51271 ssh2]
Apr 12 16:48:03 ovzhost sshd[929]: Received disconnect from 43.255.190.166: 11:  [preauth]
Apr 12 16:48:03 ovzhost sshd[929]: PAM 2 more authentication failures; logname= uid=0 euid=0 tty=ssh ruser= rhost=43.255.190.166  user=root
Apr 12 16:48:04 ovzhost sshd[937]: pam_unix(sshd:auth): authentication failure; logname= uid=0 euid=0 tty=ssh ruser= rhost=43.255.190.166  user=root
Apr 12 16:48:05 ovzhost sshd[933]: Failed password for root from 43.255.190.143 port 45357 ssh2
Apr 12 16:48:05 ovzhost sshd[935]: Failed password for root from 43.255.190.166 port 37624 ssh2
Apr 12 16:48:05 ovzhost sshd[937]: Failed password for root from 43.255.190.166 port 40042 ssh2
Apr 12 16:48:09 ovzhost sshd[933]: message repeated 2 times: [ Failed password for root from 43.255.190.143 port 45357 ssh2]
Apr 12 16:48:09 ovzhost sshd[933]: Received disconnect from 43.255.190.143: 11:  [preauth]
Apr 12 16:48:09 ovzhost sshd[933]: PAM 2 more authentication failures; logname= uid=0 euid=0 tty=ssh ruser= rhost=43.255.190.143  user=root
Apr 12 16:48:10 ovzhost sshd[935]: message repeated 2 times: [ Failed password for root from 43.255.190.166 port 37624 ssh2]
Apr 12 16:48:10 ovzhost sshd[935]: Received disconnect from 43.255.190.166: 11:  [preauth]
Apr 12 16:48:10 ovzhost sshd[935]: PAM 2 more authentication failures; logname= uid=0 euid=0 tty=ssh ruser= rhost=43.255.190.166  user=root
Apr 12 16:48:10 ovzhost sshd[937]: message repeated 2 times: [ Failed password for root from 43.255.190.166 port 40042 ssh2]
Apr 12 16:48:10 ovzhost sshd[937]: Received disconnect from 43.255.190.166: 11:  [preauth]
Apr 12 16:48:10 ovzhost sshd[937]: PAM 2 more authentication failures; logname= uid=0 euid=0 tty=ssh ruser= rhost=43.255.190.166  user=root
Apr 12 16:48:10 ovzhost sshd[939]: pam_unix(sshd:auth): authentication failure; logname= uid=0 euid=0 tty=ssh ruser= rhost=43.255.190.143  user=root
Apr 12 16:48:10 ovzhost sshd[941]: pam_unix(sshd:auth): authentication failure; logname= uid=0 euid=0 tty=ssh ruser= rhost=43.255.190.166  user=root
Apr 12 16:48:11 ovzhost sshd[943]: pam_unix(sshd:auth): authentication failure; logname= uid=0 euid=0 tty=ssh ruser= rhost=43.255.190.166  user=root
Apr 12 16:48:12 ovzhost sshd[939]: Failed password for root from 43.255.190.143 port 60269 ssh2
Apr 12 16:48:12 ovzhost sshd[941]: Failed password for root from 43.255.190.166 port 56377 ssh2
Apr 12 16:48:12 ovzhost sshd[943]: Failed password for root from 43.255.190.166 port 57534 ssh2
Apr 12 16:48:15 ovzhost sshd[939]: message repeated 2 times: [ Failed password for root from 43.255.190.143 port 60269 ssh2]
Apr 12 16:48:15 ovzhost sshd[939]: Received disconnect from 43.255.190.143: 11:  [preauth]
Apr 12 16:48:15 ovzhost sshd[939]: PAM 2 more authentication failures; logname= uid=0 euid=0 tty=ssh ruser= rhost=43.255.190.143  user=root
Apr 12 16:48:16 ovzhost sshd[941]: message repeated 2 times: [ Failed password for root from 43.255.190.166 port 56377 ssh2]
Apr 12 16:48:16 ovzhost sshd[941]: Received disconnect from 43.255.190.166: 11:  [preauth]
Apr 12 16:48:16 ovzhost sshd[941]: PAM 2 more authentication failures; logname= uid=0 euid=0 tty=ssh ruser= rhost=43.255.190.166  user=root
Apr 12 16:48:16 ovzhost sshd[945]: pam_unix(sshd:auth): authentication failure; logname= uid=0 euid=0 tty=ssh ruser= rhost=43.255.190.143  user=root
Apr 12 16:48:16 ovzhost sshd[947]: pam_unix(sshd:auth): authentication failure; logname= uid=0 euid=0 tty=ssh ruser= rhost=43.255.190.166  user=root
Apr 12 16:48:16 ovzhost sshd[943]: message repeated 2 times: [ Failed password for root from 43.255.190.166 port 57534 ssh2]
Apr 12 16:48:17 ovzhost sshd[943]: Received disconnect from 43.255.190.166: 11:  [preauth]
Apr 12 16:48:17 ovzhost sshd[943]: PAM 2 more authentication failures; logname= uid=0 euid=0 tty=ssh ruser= rhost=43.255.190.166  user=root
Apr 12 16:48:17 ovzhost sshd[949]: pam_unix(sshd:auth): authentication failure; logname= uid=0 euid=0 tty=ssh ruser= rhost=43.255.190.166  user=root
Apr 12 16:48:18 ovzhost sshd[945]: Failed password for root from 43.255.190.143 port 46593 ssh2
Apr 12 16:48:18 ovzhost sshd[947]: Failed password for root from 43.255.190.166 port 46042 ssh2
Apr 12 16:48:19 ovzhost sshd[949]: Failed password for root from 43.255.190.166 port 48399 ssh2
Apr 12 16:48:22 ovzhost sshd[945]: message repeated 2 times: [ Failed password for root from 43.255.190.143 port 46593 ssh2]
Apr 12 16:48:22 ovzhost sshd[945]: Received disconnect from 43.255.190.143: 11:  [preauth]
Apr 12 16:48:22 ovzhost sshd[945]: PAM 2 more authentication failures; logname= uid=0 euid=0 tty=ssh ruser= rhost=43.255.190.143  user=root
Apr 12 16:48:22 ovzhost sshd[947]: message repeated 2 times: [ Failed password for root from 43.255.190.166 port 46042 ssh2]
Apr 12 16:48:22 ovzhost sshd[947]: Received disconnect from 43.255.190.166: 11:  [preauth]
Apr 12 16:48:22 ovzhost sshd[947]: PAM 2 more authentication failures; logname= uid=0 euid=0 tty=ssh ruser= rhost=43.255.190.166  user=root
Apr 12 16:48:23 ovzhost sshd[951]: pam_unix(sshd:auth): authentication failure; logname= uid=0 euid=0 tty=ssh ruser= rhost=43.255.190.143  user=root
Apr 12 16:48:23 ovzhost sshd[953]: pam_unix(sshd:auth): authentication failure; logname= uid=0 euid=0 tty=ssh ruser= rhost=43.255.190.166  user=root
Apr 12 16:48:23 ovzhost sshd[949]: message repeated 2 times: [ Failed password for root from 43.255.190.166 port 48399 ssh2]
Apr 12 16:48:23 ovzhost sshd[949]: Received disconnect from 43.255.190.166: 11:  [preauth]
Apr 12 16:48:23 ovzhost sshd[949]: PAM 2 more authentication failures; logname= uid=0 euid=0 tty=ssh ruser= rhost=43.255.190.166  user=root
Apr 12 16:48:24 ovzhost sshd[955]: pam_unix(sshd:auth): authentication failure; logname= uid=0 euid=0 tty=ssh ruser= rhost=43.255.190.166  user=root
Apr 12 16:48:24 ovzhost sshd[951]: Failed password for root from 43.255.190.143 port 60809 ssh2
Apr 12 16:48:24 ovzhost sshd[953]: Failed password for root from 43.255.190.166 port 35127 ssh2
Apr 12 16:48:26 ovzhost sshd[955]: Failed password for root from 43.255.190.166 port 38023 ssh2
Apr 12 16:48:28 ovzhost sshd[951]: message repeated 2 times: [ Failed password for root from 43.255.190.143 port 60809 ssh2]
Apr 12 16:48:28 ovzhost sshd[951]: Received disconnect from 43.255.190.143: 11:  [preauth]
Apr 12 16:48:28 ovzhost sshd[951]: PAM 2 more authentication failures; logname= uid=0 euid=0 tty=ssh ruser= rhost=43.255.190.143  user=root
Apr 12 16:48:29 ovzhost sshd[959]: pam_unix(sshd:auth): authentication failure; logname= uid=0 euid=0 tty=ssh ruser= rhost=43.255.190.143  user=root
Apr 12 16:48:29 ovzhost sshd[953]: message repeated 2 times: [ Failed password for root from 43.255.190.166 port 35127 ssh2]
Apr 12 16:48:29 ovzhost sshd[953]: Received disconnect from 43.255.190.166: 11:  [preauth]
Apr 12 16:48:29 ovzhost sshd[953]: PAM 2 more authentication failures; logname= uid=0 euid=0 tty=ssh ruser= rhost=43.255.190.166  user=root
Apr 12 16:48:29 ovzhost sshd[961]: pam_unix(sshd:auth): authentication failure; logname= uid=0 euid=0 tty=ssh ruser= rhost=43.255.190.166  user=root
Apr 12 16:48:30 ovzhost sshd[955]: message repeated 2 times: [ Failed password for root from 43.255.190.166 port 38023 ssh2]
Apr 12 16:48:30 ovzhost sshd[955]: Received disconnect from 43.255.190.166: 11:  [preauth]
Apr 12 16:48:30 ovzhost sshd[955]: PAM 2 more authentication failures; logname= uid=0 euid=0 tty=ssh ruser= rhost=43.255.190.166  user=root
Apr 12 16:48:31 ovzhost sshd[963]: pam_unix(sshd:auth): authentication failure; logname= uid=0 euid=0 tty=ssh ruser= rhost=43.255.190.166  user=root
Apr 12 16:48:31 ovzhost sshd[959]: Failed password for root from 43.255.190.143 port 46222 ssh2
Apr 12 16:48:31 ovzhost sshd[961]: Failed password for root from 43.255.190.166 port 51697 ssh2
Apr 12 16:48:33 ovzhost sshd[963]: Failed password for root from 43.255.190.166 port 54805 ssh2
Apr 12 16:48:35 ovzhost sshd[959]: message repeated 2 times: [ Failed password for root from 43.255.190.143 port 46222 ssh2]
Apr 12 16:48:35 ovzhost sshd[959]: Received disconnect from 43.255.190.143: 11:  [preauth]
Apr 12 16:48:35 ovzhost sshd[959]: PAM 2 more authentication failures; logname= uid=0 euid=0 tty=ssh ruser= rhost=43.255.190.143  user=root
Apr 12 16:48:35 ovzhost sshd[961]: message repeated 2 times: [ Failed password for root from 43.255.190.166 port 51697 ssh2]
Apr 12 16:48:35 ovzhost sshd[961]: Received disconnect from 43.255.190.166: 11:  [preauth]
Apr 12 16:48:35 ovzhost sshd[961]: PAM 2 more authentication failures; logname= uid=0 euid=0 tty=ssh ruser= rhost=43.255.190.166  user=root
Apr 12 16:48:35 ovzhost sshd[965]: pam_unix(sshd:auth): authentication failure; logname= uid=0 euid=0 tty=ssh ruser= rhost=43.255.190.143  user=root
Apr 12 16:48:36 ovzhost sshd[967]: pam_unix(sshd:auth): authentication failure; logname= uid=0 euid=0 tty=ssh ruser= rhost=43.255.190.166  user=root
Apr 12 16:48:37 ovzhost sshd[963]: message repeated 2 times: [ Failed password for root from 43.255.190.166 port 54805 ssh2]
Apr 12 16:48:37 ovzhost sshd[963]: Received disconnect from 43.255.190.166: 11:  [preauth]
Apr 12 16:48:37 ovzhost sshd[963]: PAM 2 more authentication failures; logname= uid=0 euid=0 tty=ssh ruser= rhost=43.255.190.166  user=root
Apr 12 16:48:37 ovzhost sshd[965]: Failed password for root from 43.255.190.143 port 60785 ssh2
Apr 12 16:48:37 ovzhost sshd[969]: pam_unix(sshd:auth): authentication failure; logname= uid=0 euid=0 tty=ssh ruser= rhost=43.255.190.166  user=root
Apr 12 16:48:38 ovzhost sshd[967]: Failed password for root from 43.255.190.166 port 41422 ssh2
Apr 12 16:48:39 ovzhost sshd[969]: Failed password for root from 43.255.190.166 port 45419 ssh2
Apr 12 16:48:42 ovzhost sshd[965]: message repeated 2 times: [ Failed password for root from 43.255.190.143 port 60785 ssh2]
Apr 12 16:48:42 ovzhost sshd[965]: Received disconnect from 43.255.190.143: 11:  [preauth]
Apr 12 16:48:42 ovzhost sshd[965]: PAM 2 more authentication failures; logname= uid=0 euid=0 tty=ssh ruser= rhost=43.255.190.143  user=root
Apr 12 16:48:42 ovzhost sshd[972]: Connection closed by 127.0.0.1 [preauth]
Apr 12 16:48:42 ovzhost sshd[967]: message repeated 2 times: [ Failed password for root from 43.255.190.166 port 41422 ssh2]
Apr 12 16:48:42 ovzhost sshd[967]: Received disconnect from 43.255.190.166: 11:  [preauth]
Apr 12 16:48:42 ovzhost sshd[967]: PAM 2 more authentication failures; logname= uid=0 euid=0 tty=ssh ruser= rhost=43.255.190.166  user=root
Apr 12 16:48:42 ovzhost sshd[974]: pam_unix(sshd:auth): authentication failure; logname= uid=0 euid=0 tty=ssh ruser= rhost=43.255.190.143  user=root
Apr 12 16:48:43 ovzhost sshd[976]: pam_unix(sshd:auth): authentication failure; logname= uid=0 euid=0 tty=ssh ruser= rhost=43.255.190.166  user=root
Apr 12 16:48:43 ovzhost sshd[969]: message repeated 2 times: [ Failed password for root from 43.255.190.166 port 45419 ssh2]
Apr 12 16:48:44 ovzhost sshd[969]: Received disconnect from 43.255.190.166: 11:  [preauth]
Apr 12 16:48:44 ovzhost sshd[969]: PAM 2 more authentication failures; logname= uid=0 euid=0 tty=ssh ruser= rhost=43.255.190.166  user=root
Apr 12 16:48:44 ovzhost sshd[974]: Failed password for root from 43.255.190.143 port 47303 ssh2
Apr 12 16:48:44 ovzhost sshd[978]: pam_unix(sshd:auth): authentication failure; logname= uid=0 euid=0 tty=ssh ruser= rhost=43.255.190.166  user=root
Apr 12 16:48:45 ovzhost sshd[976]: Failed password for root from 43.255.190.166 port 57975 ssh2
Apr 12 16:48:46 ovzhost sshd[978]: Failed password for root from 43.255.190.166 port 60989 ssh2
Apr 12 16:48:47 ovzhost sshd[974]: message repeated 2 times: [ Failed password for root from 43.255.190.143 port 47303 ssh2]
Apr 12 16:48:47 ovzhost sshd[974]: Received disconnect from 43.255.190.143: 11:  [preauth]
Apr 12 16:48:47 ovzhost sshd[974]: PAM 2 more authentication failures; logname= uid=0 euid=0 tty=ssh ruser= rhost=43.255.190.143  user=root
Apr 12 16:48:48 ovzhost sshd[980]: pam_unix(sshd:auth): authentication failure; logname= uid=0 euid=0 tty=ssh ruser= rhost=43.255.190.143  user=root
Apr 12 16:48:49 ovzhost sshd[976]: message repeated 2 times: [ Failed password for root from 43.255.190.166 port 57975 ssh2]
Apr 12 16:48:49 ovzhost sshd[976]: Received disconnect from 43.255.190.166: 11:  [preauth]
Apr 12 16:48:49 ovzhost sshd[976]: PAM 2 more authentication failures; logname= uid=0 euid=0 tty=ssh ruser= rhost=43.255.190.166  user=root
Apr 12 16:48:49 ovzhost sshd[978]: message repeated 2 times: [ Failed password for root from 43.255.190.166 port 60989 ssh2]
Apr 12 16:48:49 ovzhost sshd[978]: Received disconnect from 43.255.190.166: 11:  [preauth]
Apr 12 16:48:49 ovzhost sshd[978]: PAM 2 more authentication failures; logname= uid=0 euid=0 tty=ssh ruser= rhost=43.255.190.166  user=root
Apr 12 16:48:50 ovzhost sshd[980]: Failed password for root from 43.255.190.143 port 58802 ssh2
Apr 12 16:48:50 ovzhost sshd[982]: pam_unix(sshd:auth): authentication failure; logname= uid=0 euid=0 tty=ssh ruser= rhost=43.255.190.166  user=root
Apr 12 16:48:50 ovzhost sshd[984]: pam_unix(sshd:auth): authentication failure; logname= uid=0 euid=0 tty=ssh ruser= rhost=43.255.190.166  user=root
Apr 12 16:48:52 ovzhost sshd[982]: Failed password for root from 43.255.190.166 port 46106 ssh2
Apr 12 16:48:52 ovzhost sshd[984]: Failed password for root from 43.255.190.166 port 46243 ssh2
Apr 12 16:48:54 ovzhost sshd[980]: message repeated 2 times: [ Failed password for root from 43.255.190.143 port 58802 ssh2]
Apr 12 16:48:54 ovzhost sshd[980]: Received disconnect from 43.255.190.143: 11:  [preauth]
Apr 12 16:48:54 ovzhost sshd[980]: PAM 2 more authentication failures; logname= uid=0 euid=0 tty=ssh ruser= rhost=43.255.190.143  user=root
Apr 12 16:48:54 ovzhost sshd[986]: pam_unix(sshd:auth): authentication failure; logname= uid=0 euid=0 tty=ssh ruser= rhost=43.255.190.143  user=root
Apr 12 16:48:56 ovzhost sshd[982]: message repeated 2 times: [ Failed password for root from 43.255.190.166 port 46106 ssh2]
Apr 12 16:48:56 ovzhost sshd[982]: Received disconnect from 43.255.190.166: 11:  [preauth]
Apr 12 16:48:56 ovzhost sshd[982]: PAM 2 more authentication failures; logname= uid=0 euid=0 tty=ssh ruser= rhost=43.255.190.166  user=root
Apr 12 16:48:56 ovzhost sshd[984]: message repeated 2 times: [ Failed password for root from 43.255.190.166 port 46243 ssh2]
Apr 12 16:48:56 ovzhost sshd[984]: Received disconnect from 43.255.190.166: 11:  [preauth]
Apr 12 16:48:56 ovzhost sshd[984]: PAM 2 more authentication failures; logname= uid=0 euid=0 tty=ssh ruser= rhost=43.255.190.166  user=root
Apr 12 16:48:57 ovzhost sshd[986]: Failed password for root from 43.255.190.143 port 44996 ssh2
Apr 12 16:48:57 ovzhost sshd[990]: pam_unix(sshd:auth): authentication failure; logname= uid=0 euid=0 tty=ssh ruser= rhost=43.255.190.166  user=root
Apr 12 16:48:57 ovzhost sshd[992]: pam_unix(sshd:auth): authentication failure; logname= uid=0 euid=0 tty=ssh ruser= rhost=43.255.190.166  user=root
Apr 12 16:48:59 ovzhost sshd[990]: Failed password for root from 43.255.190.166 port 35176 ssh2
Apr 12 16:48:59 ovzhost sshd[992]: Failed password for root from 43.255.190.166 port 35263 ssh2
Apr 12 16:49:01 ovzhost sshd[986]: message repeated 2 times: [ Failed password for root from 43.255.190.143 port 44996 ssh2]
Apr 12 16:49:01 ovzhost sshd[986]: Received disconnect from 43.255.190.143: 11:  [preauth]
Apr 12 16:49:01 ovzhost sshd[986]: PAM 2 more authentication failures; logname= uid=0 euid=0 tty=ssh ruser= rhost=43.255.190.143  user=root
Apr 12 16:49:01 ovzhost sshd[994]: pam_unix(sshd:auth): authentication failure; logname= uid=0 euid=0 tty=ssh ruser= rhost=43.255.190.143  user=root
Apr 12 16:49:03 ovzhost sshd[990]: message repeated 2 times: [ Failed password for root from 43.255.190.166 port 35176 ssh2]
Apr 12 16:49:03 ovzhost sshd[990]: Received disconnect from 43.255.190.166: 11:  [preauth]
Apr 12 16:49:03 ovzhost sshd[990]: PAM 2 more authentication failures; logname= uid=0 euid=0 tty=ssh ruser= rhost=43.255.190.166  user=root
Apr 12 16:49:03 ovzhost sshd[992]: message repeated 2 times: [ Failed password for root from 43.255.190.166 port 35263 ssh2]
Apr 12 16:49:03 ovzhost sshd[992]: Received disconnect from 43.255.190.166: 11:  [preauth]
Apr 12 16:49:03 ovzhost sshd[992]: PAM 2 more authentication failures; logname= uid=0 euid=0 tty=ssh ruser= rhost=43.255.190.166  user=root
Apr 12 16:49:04 ovzhost sshd[994]: Failed password for root from 43.255.190.143 port 58907 ssh2
Apr 12 16:49:04 ovzhost sshd[996]: pam_unix(sshd:auth): authentication failure; logname= uid=0 euid=0 tty=ssh ruser= rhost=43.255.190.166  user=root
Apr 12 16:49:04 ovzhost sshd[998]: pam_unix(sshd:auth): authentication failure; logname= uid=0 euid=0 tty=ssh ruser= rhost=43.255.190.166  user=root
Apr 12 16:49:05 ovzhost sshd[996]: Failed password for root from 43.255.190.166 port 50687 ssh2
Apr 12 16:49:05 ovzhost sshd[998]: Failed password for root from 43.255.190.166 port 50762 ssh2
Apr 12 16:49:07 ovzhost sshd[994]: message repeated 2 times: [ Failed password for root from 43.255.190.143 port 58907 ssh2]
Apr 12 16:49:07 ovzhost sshd[994]: Received disconnect from 43.255.190.143: 11:  [preauth]
Apr 12 16:49:07 ovzhost sshd[994]: PAM 2 more authentication failures; logname= uid=0 euid=0 tty=ssh ruser= rhost=43.255.190.143  user=root
Apr 12 16:49:08 ovzhost sshd[1000]: pam_unix(sshd:auth): authentication failure; logname= uid=0 euid=0 tty=ssh ruser= rhost=43.255.190.143  user=root
Apr 12 16:49:09 ovzhost sshd[1000]: Failed password for root from 43.255.190.143 port 43701 ssh2
Apr 12 16:49:09 ovzhost sshd[996]: message repeated 2 times: [ Failed password for root from 43.255.190.166 port 50687 ssh2]
Apr 12 16:49:09 ovzhost sshd[996]: Received disconnect from 43.255.190.166: 11:  [preauth]
Apr 12 16:49:09 ovzhost sshd[996]: PAM 2 more authentication failures; logname= uid=0 euid=0 tty=ssh ruser= rhost=43.255.190.166  user=root
Apr 12 16:49:09 ovzhost sshd[998]: message repeated 2 times: [ Failed password for root from 43.255.190.166 port 50762 ssh2]
Apr 12 16:49:09 ovzhost sshd[998]: Received disconnect from 43.255.190.166: 11:  [preauth]
Apr 12 16:49:09 ovzhost sshd[998]: PAM 2 more authentication failures; logname= uid=0 euid=0 tty=ssh ruser= rhost=43.255.190.166  user=root
Apr 12 16:49:10 ovzhost sshd[1002]: pam_unix(sshd:auth): authentication failure; logname= uid=0 euid=0 tty=ssh ruser= rhost=43.255.190.166  user=root
Apr 12 16:49:10 ovzhost sshd[1004]: pam_unix(sshd:auth): authentication failure; logname= uid=0 euid=0 tty=ssh ruser= rhost=43.255.190.166  user=root
Apr 12 16:49:12 ovzhost sshd[1002]: Failed password for root from 43.255.190.166 port 36716 ssh2
Apr 12 16:49:12 ovzhost sshd[1004]: Failed password for root from 43.255.190.166 port 36829 ssh2
Apr 12 16:49:14 ovzhost sshd[1000]: message repeated 2 times: [ Failed password for root from 43.255.190.143 port 43701 ssh2]
Apr 12 16:49:14 ovzhost sshd[1000]: Received disconnect from 43.255.190.143: 11:  [preauth]
Apr 12 16:49:14 ovzhost sshd[1000]: PAM 2 more authentication failures; logname= uid=0 euid=0 tty=ssh ruser= rhost=43.255.190.143  user=root
Apr 12 16:49:14 ovzhost sshd[1006]: pam_unix(sshd:auth): authentication failure; logname= uid=0 euid=0 tty=ssh ruser= rhost=43.255.190.143  user=root
Apr 12 16:49:16 ovzhost sshd[1002]: message repeated 2 times: [ Failed password for root from 43.255.190.166 port 36716 ssh2]
Apr 12 16:49:16 ovzhost sshd[1002]: Received disconnect from 43.255.190.166: 11:  [preauth]
Apr 12 16:49:16 ovzhost sshd[1002]: PAM 2 more authentication failures; logname= uid=0 euid=0 tty=ssh ruser= rhost=43.255.190.166  user=root
Apr 12 16:49:16 ovzhost sshd[1004]: message repeated 2 times: [ Failed password for root from 43.255.190.166 port 36829 ssh2]
Apr 12 16:49:16 ovzhost sshd[1004]: Received disconnect from 43.255.190.166: 11:  [preauth]
Apr 12 16:49:16 ovzhost sshd[1004]: PAM 2 more authentication failures; logname= uid=0 euid=0 tty=ssh ruser= rhost=43.255.190.166  user=root
Apr 12 16:49:16 ovzhost sshd[1006]: Failed password for root from 43.255.190.143 port 57940 ssh2
Apr 12 16:49:16 ovzhost sshd[1008]: pam_unix(sshd:auth): authentication failure; logname= uid=0 euid=0 tty=ssh ruser= rhost=43.255.190.166  user=root
Apr 12 16:49:16 ovzhost sshd[1010]: pam_unix(sshd:auth): authentication failure; logname= uid=0 euid=0 tty=ssh ruser= rhost=43.255.190.166  user=root
Apr 12 16:49:19 ovzhost sshd[1008]: Failed password for root from 43.255.190.166 port 52420 ssh2
Apr 12 16:49:19 ovzhost sshd[1010]: Failed password for root from 43.255.190.166 port 52505 ssh2
Apr 12 16:49:21 ovzhost sshd[1006]: message repeated 2 times: [ Failed password for root from 43.255.190.143 port 57940 ssh2]
Apr 12 16:49:21 ovzhost sshd[1006]: Received disconnect from 43.255.190.143: 11:  [preauth]
Apr 12 16:49:21 ovzhost sshd[1006]: PAM 2 more authentication failures; logname= uid=0 euid=0 tty=ssh ruser= rhost=43.255.190.143  user=root
Apr 12 16:49:21 ovzhost sshd[1012]: pam_unix(sshd:auth): authentication failure; logname= uid=0 euid=0 tty=ssh ruser= rhost=43.255.190.143  user=root
Apr 12 16:49:23 ovzhost sshd[1008]: message repeated 2 times: [ Failed password for root from 43.255.190.166 port 52420 ssh2]
Apr 12 16:49:23 ovzhost sshd[1008]: Received disconnect from 43.255.190.166: 11:  [preauth]
Apr 12 16:49:23 ovzhost sshd[1008]: PAM 2 more authentication failures; logname= uid=0 euid=0 tty=ssh ruser= rhost=43.255.190.166  user=root
Apr 12 16:49:23 ovzhost sshd[1010]: message repeated 2 times: [ Failed password for root from 43.255.190.166 port 52505 ssh2]
Apr 12 16:49:23 ovzhost sshd[1010]: Received disconnect from 43.255.190.166: 11:  [preauth]
Apr 12 16:49:23 ovzhost sshd[1010]: PAM 2 more authentication failures; logname= uid=0 euid=0 tty=ssh ruser= rhost=43.255.190.166  user=root
Apr 12 16:49:23 ovzhost sshd[1012]: Failed password for root from 43.255.190.143 port 44101 ssh2
Apr 12 16:49:23 ovzhost sshd[1014]: pam_unix(sshd:auth): authentication failure; logname= uid=0 euid=0 tty=ssh ruser= rhost=43.255.190.166  user=root
Apr 12 16:49:23 ovzhost sshd[1016]: pam_unix(sshd:auth): authentication failure; logname= uid=0 euid=0 tty=ssh ruser= rhost=43.255.190.166  user=root
Apr 12 16:49:25 ovzhost sshd[1014]: Failed password for root from 43.255.190.166 port 38643 ssh2
Apr 12 16:49:25 ovzhost sshd[1016]: Failed password for root from 43.255.190.166 port 38679 ssh2
Apr 12 16:49:28 ovzhost sshd[1012]: message repeated 2 times: [ Failed password for root from 43.255.190.143 port 44101 ssh2]
Apr 12 16:49:28 ovzhost sshd[1012]: Received disconnect from 43.255.190.143: 11:  [preauth]
Apr 12 16:49:28 ovzhost sshd[1012]: PAM 2 more authentication failures; logname= uid=0 euid=0 tty=ssh ruser= rhost=43.255.190.143  user=root
Apr 12 16:49:28 ovzhost sshd[1019]: pam_unix(sshd:auth): authentication failure; logname= uid=0 euid=0 tty=ssh ruser= rhost=43.255.190.143  user=root
Apr 12 16:49:30 ovzhost sshd[1014]: message repeated 2 times: [ Failed password for root from 43.255.190.166 port 38643 ssh2]
Apr 12 16:49:30 ovzhost sshd[1014]: Received disconnect from 43.255.190.166: 11:  [preauth]
Apr 12 16:49:30 ovzhost sshd[1014]: PAM 2 more authentication failures; logname= uid=0 euid=0 tty=ssh ruser= rhost=43.255.190.166  user=root
Apr 12 16:49:30 ovzhost sshd[1016]: message repeated 2 times: [ Failed password for root from 43.255.190.166 port 38679 ssh2]
Apr 12 16:49:30 ovzhost sshd[1016]: Received disconnect from 43.255.190.166: 11:  [preauth]
Apr 12 16:49:30 ovzhost sshd[1016]: PAM 2 more authentication failures; logname= uid=0 euid=0 tty=ssh ruser= rhost=43.255.190.166  user=root
Apr 12 16:49:30 ovzhost sshd[1019]: Failed password for root from 43.255.190.143 port 58422 ssh2
Apr 12 16:49:31 ovzhost sshd[1021]: pam_unix(sshd:auth): authentication failure; logname= uid=0 euid=0 tty=ssh ruser= rhost=43.255.190.166  user=root
Apr 12 16:49:31 ovzhost sshd[1022]: pam_unix(sshd:auth): authentication failure; logname= uid=0 euid=0 tty=ssh ruser= rhost=43.255.190.166  user=root
Apr 12 16:49:33 ovzhost sshd[1021]: Failed password for root from 43.255.190.166 port 54704 ssh2
Apr 12 16:49:33 ovzhost sshd[1022]: Failed password for root from 43.255.190.166 port 54709 ssh2
Apr 12 16:49:35 ovzhost sshd[1019]: message repeated 2 times: [ Failed password for root from 43.255.190.143 port 58422 ssh2]
Apr 12 16:49:35 ovzhost sshd[1019]: Received disconnect from 43.255.190.143: 11:  [preauth]
Apr 12 16:49:35 ovzhost sshd[1019]: PAM 2 more authentication failures; logname= uid=0 euid=0 tty=ssh ruser= rhost=43.255.190.143  user=root
Apr 12 16:49:35 ovzhost sshd[1025]: pam_unix(sshd:auth): authentication failure; logname= uid=0 euid=0 tty=ssh ruser= rhost=43.255.190.143  user=root
Apr 12 16:49:37 ovzhost sshd[1021]: message repeated 2 times: [ Failed password for root from 43.255.190.166 port 54704 ssh2]
Apr 12 16:49:37 ovzhost sshd[1021]: Received disconnect from 43.255.190.166: 11:  [preauth]
Apr 12 16:49:37 ovzhost sshd[1021]: PAM 2 more authentication failures; logname= uid=0 euid=0 tty=ssh ruser= rhost=43.255.190.166  user=root
Apr 12 16:49:37 ovzhost sshd[1022]: message repeated 2 times: [ Failed password for root from 43.255.190.166 port 54709 ssh2]
Apr 12 16:49:37 ovzhost sshd[1022]: Received disconnect from 43.255.190.166: 11:  [preauth]
Apr 12 16:49:37 ovzhost sshd[1022]: PAM 2 more authentication failures; logname= uid=0 euid=0 tty=ssh ruser= rhost=43.255.190.166  user=root
Apr 12 16:49:37 ovzhost sshd[1025]: Failed password for root from 43.255.190.143 port 45580 ssh2
Apr 12 16:49:38 ovzhost sshd[1027]: pam_unix(sshd:auth): authentication failure; logname= uid=0 euid=0 tty=ssh ruser= rhost=43.255.190.166  user=root
Apr 12 16:49:38 ovzhost sshd[1028]: pam_unix(sshd:auth): authentication failure; logname= uid=0 euid=0 tty=ssh ruser= rhost=43.255.190.166  user=root
Apr 12 16:49:39 ovzhost sshd[1027]: Failed password for root from 43.255.190.166 port 41715 ssh2
Apr 12 16:49:39 ovzhost sshd[1028]: Failed password for root from 43.255.190.166 port 41728 ssh2
Apr 12 16:49:42 ovzhost sshd[1025]: message repeated 2 times: [ Failed password for root from 43.255.190.143 port 45580 ssh2]
Apr 12 16:49:42 ovzhost sshd[1025]: Received disconnect from 43.255.190.143: 11:  [preauth]
Apr 12 16:49:42 ovzhost sshd[1025]: PAM 2 more authentication failures; logname= uid=0 euid=0 tty=ssh ruser= rhost=43.255.190.143  user=root
Apr 12 16:49:43 ovzhost sshd[1031]: pam_unix(sshd:auth): authentication failure; logname= uid=0 euid=0 tty=ssh ruser= rhost=43.255.190.143  user=root
