Mar 31 17:16:56 ovzhost sudo:     root : unable to resolve host ovzhost
Mar 31 17:16:56 ovzhost sudo:     root : TTY=pts/0 ; PWD=/ ; USER=root ; COMMAND=/usr/bin/less /root/.bash_history
Mar 31 17:16:56 ovzhost sudo: pam_unix(sudo:session): session opened for user root by (uid=0)
Mar 31 17:16:57 ovzhost sudo: pam_unix(sudo:session): session closed for user root
Apr  2 14:31:13 ovzhost sshd[419]: Server listening on 0.0.0.0 port 22.
Apr  2 14:31:13 ovzhost sshd[419]: Server listening on :: port 22.
Apr  2 14:31:13 ovzhost saslauthd[637]: detach_tty      : master pid is: 637
Apr  2 14:31:13 ovzhost saslauthd[637]: ipc_init        : listening on socket: /var/run/saslauthd/mux
Apr  2 14:33:26 ovzhost sshd[797]: Connection closed by 127.0.0.1 [preauth]
Apr 14 07:35:24 ovzhost sshd[425]: Server listening on 0.0.0.0 port 22.
Apr 14 07:35:24 ovzhost sshd[425]: Server listening on :: port 22.
Apr 14 07:35:24 ovzhost saslauthd[638]: detach_tty      : master pid is: 638
Apr 14 07:35:24 ovzhost saslauthd[638]: ipc_init        : listening on socket: /var/run/saslauthd/mux
Apr 14 07:36:59 ovzhost sshd[780]: Connection closed by 127.0.0.1 [preauth]
Apr 14 07:39:01 ovzhost CRON[795]: pam_env(cron:session): Unable to open env file: /etc/default/locale: No such file or directory
Apr 14 07:39:01 ovzhost CRON[795]: pam_unix(cron:session): session opened for user root by (uid=0)
Apr 14 07:39:01 ovzhost CRON[795]: pam_unix(cron:session): session closed for user root
Apr 14 07:40:01 ovzhost CRON[808]: pam_env(cron:session): Unable to open env file: /etc/default/locale: No such file or directory
Apr 14 07:40:01 ovzhost CRON[808]: pam_unix(cron:session): session opened for user smmsp by (uid=0)
Apr 14 07:40:01 ovzhost CRON[808]: pam_unix(cron:session): session closed for user smmsp
Apr 14 07:40:29 ovzhost sshd[835]: Connection closed by 128.8.37.104 [preauth]
Apr 14 07:41:59 ovzhost sshd[843]: Connection closed by 127.0.0.1 [preauth]
Apr 14 07:46:59 ovzhost sshd[862]: Connection closed by 127.0.0.1 [preauth]
Apr 14 07:50:29 ovzhost sshd[880]: Connection closed by 128.8.37.104 [preauth]
Apr 14 07:51:58 ovzhost sshd[888]: Connection closed by 127.0.0.1 [preauth]
Apr 14 07:54:41 ovzhost sshd[900]: pam_unix(sshd:auth): authentication failure; logname= uid=0 euid=0 tty=ssh ruser= rhost=43.255.190.131  user=root
Apr 14 07:54:43 ovzhost sshd[900]: Failed password for root from 43.255.190.131 port 58000 ssh2
Apr 14 07:54:48 ovzhost sshd[900]: message repeated 2 times: [ Failed password for root from 43.255.190.131 port 58000 ssh2]
Apr 14 07:54:48 ovzhost sshd[900]: Received disconnect from 43.255.190.131: 11:  [preauth]
Apr 14 07:54:48 ovzhost sshd[900]: PAM 2 more authentication failures; logname= uid=0 euid=0 tty=ssh ruser= rhost=43.255.190.131  user=root
Apr 14 07:54:49 ovzhost sshd[902]: pam_unix(sshd:auth): authentication failure; logname= uid=0 euid=0 tty=ssh ruser= rhost=43.255.190.131  user=root
Apr 14 07:54:50 ovzhost sshd[902]: Failed password for root from 43.255.190.131 port 44345 ssh2
Apr 14 07:54:54 ovzhost sshd[902]: message repeated 2 times: [ Failed password for root from 43.255.190.131 port 44345 ssh2]
Apr 14 07:54:55 ovzhost sshd[902]: Received disconnect from 43.255.190.131: 11:  [preauth]
Apr 14 07:54:55 ovzhost sshd[902]: PAM 2 more authentication failures; logname= uid=0 euid=0 tty=ssh ruser= rhost=43.255.190.131  user=root
Apr 14 07:54:55 ovzhost sshd[904]: pam_unix(sshd:auth): authentication failure; logname= uid=0 euid=0 tty=ssh ruser= rhost=43.255.190.131  user=root
Apr 14 07:54:57 ovzhost sshd[904]: Failed password for root from 43.255.190.131 port 55819 ssh2
Apr 14 07:55:00 ovzhost sshd[904]: message repeated 2 times: [ Failed password for root from 43.255.190.131 port 55819 ssh2]
Apr 14 07:55:01 ovzhost sshd[904]: Received disconnect from 43.255.190.131: 11:  [preauth]
Apr 14 07:55:01 ovzhost sshd[904]: PAM 2 more authentication failures; logname= uid=0 euid=0 tty=ssh ruser= rhost=43.255.190.131  user=root
Apr 14 07:55:03 ovzhost sshd[907]: pam_unix(sshd:auth): authentication failure; logname= uid=0 euid=0 tty=ssh ruser= rhost=43.255.190.131  user=root
Apr 14 07:55:06 ovzhost sshd[907]: Failed password for root from 43.255.190.131 port 38912 ssh2
Apr 14 07:55:09 ovzhost sshd[907]: message repeated 2 times: [ Failed password for root from 43.255.190.131 port 38912 ssh2]
Apr 14 07:55:09 ovzhost sshd[907]: Received disconnect from 43.255.190.131: 11:  [preauth]
Apr 14 07:55:09 ovzhost sshd[907]: PAM 2 more authentication failures; logname= uid=0 euid=0 tty=ssh ruser= rhost=43.255.190.131  user=root
Apr 14 07:55:10 ovzhost sshd[909]: pam_unix(sshd:auth): authentication failure; logname= uid=0 euid=0 tty=ssh ruser= rhost=43.255.190.131  user=root
Apr 14 07:55:13 ovzhost sshd[909]: Failed password for root from 43.255.190.131 port 53947 ssh2
Apr 14 07:55:16 ovzhost sshd[909]: message repeated 2 times: [ Failed password for root from 43.255.190.131 port 53947 ssh2]
Apr 14 07:55:16 ovzhost sshd[909]: Received disconnect from 43.255.190.131: 11:  [preauth]
Apr 14 07:55:16 ovzhost sshd[909]: PAM 2 more authentication failures; logname= uid=0 euid=0 tty=ssh ruser= rhost=43.255.190.131  user=root
Apr 14 07:55:18 ovzhost sshd[911]: pam_unix(sshd:auth): authentication failure; logname= uid=0 euid=0 tty=ssh ruser= rhost=43.255.190.131  user=root
Apr 14 07:55:19 ovzhost sshd[911]: Failed password for root from 43.255.190.131 port 37456 ssh2
Apr 14 07:55:23 ovzhost sshd[911]: message repeated 2 times: [ Failed password for root from 43.255.190.131 port 37456 ssh2]
Apr 14 07:55:24 ovzhost sshd[911]: Received disconnect from 43.255.190.131: 11:  [preauth]
Apr 14 07:55:24 ovzhost sshd[911]: PAM 2 more authentication failures; logname= uid=0 euid=0 tty=ssh ruser= rhost=43.255.190.131  user=root
Apr 14 07:55:25 ovzhost sshd[913]: pam_unix(sshd:auth): authentication failure; logname= uid=0 euid=0 tty=ssh ruser= rhost=43.255.190.131  user=root
Apr 14 07:55:27 ovzhost sshd[913]: Failed password for root from 43.255.190.131 port 49740 ssh2
Apr 14 07:55:31 ovzhost sshd[913]: message repeated 2 times: [ Failed password for root from 43.255.190.131 port 49740 ssh2]
Apr 14 07:55:31 ovzhost sshd[913]: Received disconnect from 43.255.190.131: 11:  [preauth]
Apr 14 07:55:31 ovzhost sshd[913]: PAM 2 more authentication failures; logname= uid=0 euid=0 tty=ssh ruser= rhost=43.255.190.131  user=root
Apr 14 07:55:32 ovzhost sshd[915]: pam_unix(sshd:auth): authentication failure; logname= uid=0 euid=0 tty=ssh ruser= rhost=43.255.190.131  user=root
Apr 14 07:55:34 ovzhost sshd[915]: Failed password for root from 43.255.190.131 port 33544 ssh2
Apr 14 07:55:37 ovzhost sshd[915]: message repeated 2 times: [ Failed password for root from 43.255.190.131 port 33544 ssh2]
Apr 14 07:55:37 ovzhost sshd[915]: Received disconnect from 43.255.190.131: 11:  [preauth]
Apr 14 07:55:37 ovzhost sshd[915]: PAM 2 more authentication failures; logname= uid=0 euid=0 tty=ssh ruser= rhost=43.255.190.131  user=root
Apr 14 07:55:38 ovzhost sshd[917]: pam_unix(sshd:auth): authentication failure; logname= uid=0 euid=0 tty=ssh ruser= rhost=43.255.190.131  user=root
Apr 14 07:55:40 ovzhost sshd[917]: Failed password for root from 43.255.190.131 port 44300 ssh2
Apr 14 07:55:44 ovzhost sshd[917]: message repeated 2 times: [ Failed password for root from 43.255.190.131 port 44300 ssh2]
Apr 14 07:55:44 ovzhost sshd[917]: Received disconnect from 43.255.190.131: 11:  [preauth]
Apr 14 07:55:44 ovzhost sshd[917]: PAM 2 more authentication failures; logname= uid=0 euid=0 tty=ssh ruser= rhost=43.255.190.131  user=root
Apr 14 07:55:50 ovzhost sshd[919]: pam_unix(sshd:auth): authentication failure; logname= uid=0 euid=0 tty=ssh ruser= rhost=43.255.190.131  user=root
Apr 14 07:55:51 ovzhost sshd[919]: Failed password for root from 43.255.190.131 port 56414 ssh2
Apr 14 07:55:56 ovzhost sshd[919]: message repeated 2 times: [ Failed password for root from 43.255.190.131 port 56414 ssh2]
Apr 14 07:55:56 ovzhost sshd[919]: Received disconnect from 43.255.190.131: 11:  [preauth]
Apr 14 07:55:56 ovzhost sshd[919]: PAM 2 more authentication failures; logname= uid=0 euid=0 tty=ssh ruser= rhost=43.255.190.131  user=root
Apr 14 07:55:56 ovzhost sshd[921]: pam_unix(sshd:auth): authentication failure; logname= uid=0 euid=0 tty=ssh ruser= rhost=43.255.190.131  user=root
Apr 14 07:55:58 ovzhost sshd[921]: Failed password for root from 43.255.190.131 port 47434 ssh2
Apr 14 07:56:02 ovzhost sshd[921]: message repeated 2 times: [ Failed password for root from 43.255.190.131 port 47434 ssh2]
Apr 14 07:56:02 ovzhost sshd[921]: Received disconnect from 43.255.190.131: 11:  [preauth]
Apr 14 07:56:02 ovzhost sshd[921]: PAM 2 more authentication failures; logname= uid=0 euid=0 tty=ssh ruser= rhost=43.255.190.131  user=root
Apr 14 07:56:04 ovzhost sshd[925]: pam_unix(sshd:auth): authentication failure; logname= uid=0 euid=0 tty=ssh ruser= rhost=43.255.190.131  user=root
Apr 14 07:56:06 ovzhost sshd[925]: Failed password for root from 43.255.190.131 port 58527 ssh2
Apr 14 07:56:10 ovzhost sshd[925]: message repeated 2 times: [ Failed password for root from 43.255.190.131 port 58527 ssh2]
Apr 14 07:56:10 ovzhost sshd[925]: Received disconnect from 43.255.190.131: 11:  [preauth]
Apr 14 07:56:10 ovzhost sshd[925]: PAM 2 more authentication failures; logname= uid=0 euid=0 tty=ssh ruser= rhost=43.255.190.131  user=root
Apr 14 07:56:11 ovzhost sshd[927]: pam_unix(sshd:auth): authentication failure; logname= uid=0 euid=0 tty=ssh ruser= rhost=43.255.190.131  user=root
Apr 14 07:56:12 ovzhost sshd[927]: Failed password for root from 43.255.190.131 port 42846 ssh2
Apr 14 07:56:17 ovzhost sshd[927]: message repeated 2 times: [ Failed password for root from 43.255.190.131 port 42846 ssh2]
Apr 14 07:56:17 ovzhost sshd[927]: Received disconnect from 43.255.190.131: 11:  [preauth]
Apr 14 07:56:17 ovzhost sshd[927]: PAM 2 more authentication failures; logname= uid=0 euid=0 tty=ssh ruser= rhost=43.255.190.131  user=root
Apr 14 07:56:18 ovzhost sshd[929]: pam_unix(sshd:auth): authentication failure; logname= uid=0 euid=0 tty=ssh ruser= rhost=43.255.190.131  user=root
Apr 14 07:56:19 ovzhost sshd[929]: Failed password for root from 43.255.190.131 port 53564 ssh2
Apr 14 07:56:22 ovzhost sshd[929]: message repeated 2 times: [ Failed password for root from 43.255.190.131 port 53564 ssh2]
Apr 14 07:56:22 ovzhost sshd[929]: Received disconnect from 43.255.190.131: 11:  [preauth]
Apr 14 07:56:22 ovzhost sshd[929]: PAM 2 more authentication failures; logname= uid=0 euid=0 tty=ssh ruser= rhost=43.255.190.131  user=root
Apr 14 07:56:23 ovzhost sshd[931]: pam_unix(sshd:auth): authentication failure; logname= uid=0 euid=0 tty=ssh ruser= rhost=43.255.190.131  user=root
Apr 14 07:56:25 ovzhost sshd[931]: Failed password for root from 43.255.190.131 port 34813 ssh2
Apr 14 07:56:29 ovzhost sshd[931]: message repeated 2 times: [ Failed password for root from 43.255.190.131 port 34813 ssh2]
Apr 14 07:56:29 ovzhost sshd[931]: Received disconnect from 43.255.190.131: 11:  [preauth]
Apr 14 07:56:29 ovzhost sshd[931]: PAM 2 more authentication failures; logname= uid=0 euid=0 tty=ssh ruser= rhost=43.255.190.131  user=root
Apr 14 07:56:30 ovzhost sshd[935]: pam_unix(sshd:auth): authentication failure; logname= uid=0 euid=0 tty=ssh ruser= rhost=43.255.190.131  user=root
Apr 14 07:56:32 ovzhost sshd[935]: Failed password for root from 43.255.190.131 port 45731 ssh2
Apr 14 07:56:37 ovzhost sshd[935]: message repeated 2 times: [ Failed password for root from 43.255.190.131 port 45731 ssh2]
Apr 14 07:56:37 ovzhost sshd[935]: Received disconnect from 43.255.190.131: 11:  [preauth]
Apr 14 07:56:37 ovzhost sshd[935]: PAM 2 more authentication failures; logname= uid=0 euid=0 tty=ssh ruser= rhost=43.255.190.131  user=root
Apr 14 07:56:38 ovzhost sshd[937]: pam_unix(sshd:auth): authentication failure; logname= uid=0 euid=0 tty=ssh ruser= rhost=43.255.190.131  user=root
Apr 14 07:56:40 ovzhost sshd[937]: Failed password for root from 43.255.190.131 port 58154 ssh2
Apr 14 07:56:44 ovzhost sshd[937]: message repeated 2 times: [ Failed password for root from 43.255.190.131 port 58154 ssh2]
Apr 14 07:56:44 ovzhost sshd[937]: Received disconnect from 43.255.190.131: 11:  [preauth]
Apr 14 07:56:44 ovzhost sshd[937]: PAM 2 more authentication failures; logname= uid=0 euid=0 tty=ssh ruser= rhost=43.255.190.131  user=root
Apr 14 07:56:47 ovzhost sshd[939]: pam_unix(sshd:auth): authentication failure; logname= uid=0 euid=0 tty=ssh ruser= rhost=43.255.190.131  user=root
Apr 14 07:56:48 ovzhost sshd[939]: Failed password for root from 43.255.190.131 port 41484 ssh2
Apr 14 07:56:52 ovzhost sshd[939]: message repeated 2 times: [ Failed password for root from 43.255.190.131 port 41484 ssh2]
Apr 14 07:56:52 ovzhost sshd[939]: Received disconnect from 43.255.190.131: 11:  [preauth]
Apr 14 07:56:52 ovzhost sshd[939]: PAM 2 more authentication failures; logname= uid=0 euid=0 tty=ssh ruser= rhost=43.255.190.131  user=root
Apr 14 07:56:54 ovzhost sshd[941]: pam_unix(sshd:auth): authentication failure; logname= uid=0 euid=0 tty=ssh ruser= rhost=43.255.190.131  user=root
Apr 14 07:56:56 ovzhost sshd[941]: Failed password for root from 43.255.190.131 port 54802 ssh2
Apr 14 07:56:58 ovzhost sshd[945]: Connection closed by 127.0.0.1 [preauth]
Apr 14 07:57:00 ovzhost sshd[941]: message repeated 2 times: [ Failed password for root from 43.255.190.131 port 54802 ssh2]
Apr 14 07:57:01 ovzhost sshd[941]: Received disconnect from 43.255.190.131: 11:  [preauth]
Apr 14 07:57:01 ovzhost sshd[941]: PAM 2 more authentication failures; logname= uid=0 euid=0 tty=ssh ruser= rhost=43.255.190.131  user=root
Apr 14 07:57:01 ovzhost sshd[947]: pam_unix(sshd:auth): authentication failure; logname= uid=0 euid=0 tty=ssh ruser= rhost=43.255.190.131  user=root
Apr 14 07:57:03 ovzhost sshd[947]: Failed password for root from 43.255.190.131 port 39390 ssh2
Apr 14 07:57:07 ovzhost sshd[947]: message repeated 2 times: [ Failed password for root from 43.255.190.131 port 39390 ssh2]
Apr 14 07:57:07 ovzhost sshd[947]: Received disconnect from 43.255.190.131: 11:  [preauth]
Apr 14 07:57:07 ovzhost sshd[947]: PAM 2 more authentication failures; logname= uid=0 euid=0 tty=ssh ruser= rhost=43.255.190.131  user=root
Apr 14 07:57:08 ovzhost sshd[949]: pam_unix(sshd:auth): authentication failure; logname= uid=0 euid=0 tty=ssh ruser= rhost=43.255.190.131  user=root
Apr 14 07:57:10 ovzhost sshd[949]: Failed password for root from 43.255.190.131 port 49706 ssh2
Apr 14 07:57:15 ovzhost sshd[949]: message repeated 2 times: [ Failed password for root from 43.255.190.131 port 49706 ssh2]
Apr 14 07:57:15 ovzhost sshd[949]: Received disconnect from 43.255.190.131: 11:  [preauth]
Apr 14 07:57:15 ovzhost sshd[949]: PAM 2 more authentication failures; logname= uid=0 euid=0 tty=ssh ruser= rhost=43.255.190.131  user=root
Apr 14 07:57:16 ovzhost sshd[952]: pam_unix(sshd:auth): authentication failure; logname= uid=0 euid=0 tty=ssh ruser= rhost=43.255.190.131  user=root
Apr 14 07:57:18 ovzhost sshd[952]: Failed password for root from 43.255.190.131 port 33795 ssh2
Apr 14 07:57:22 ovzhost sshd[952]: message repeated 2 times: [ Failed password for root from 43.255.190.131 port 33795 ssh2]
Apr 14 07:57:22 ovzhost sshd[952]: Received disconnect from 43.255.190.131: 11:  [preauth]
Apr 14 07:57:22 ovzhost sshd[952]: PAM 2 more authentication failures; logname= uid=0 euid=0 tty=ssh ruser= rhost=43.255.190.131  user=root
Apr 14 07:57:23 ovzhost sshd[956]: pam_unix(sshd:auth): authentication failure; logname= uid=0 euid=0 tty=ssh ruser= rhost=43.255.190.131  user=root
Apr 14 07:57:24 ovzhost sshd[956]: Failed password for root from 43.255.190.131 port 44307 ssh2
Apr 14 07:57:28 ovzhost sshd[956]: message repeated 2 times: [ Failed password for root from 43.255.190.131 port 44307 ssh2]
Apr 14 07:57:28 ovzhost sshd[956]: Received disconnect from 43.255.190.131: 11:  [preauth]
Apr 14 07:57:28 ovzhost sshd[956]: PAM 2 more authentication failures; logname= uid=0 euid=0 tty=ssh ruser= rhost=43.255.190.131  user=root
Apr 14 07:57:29 ovzhost sshd[959]: pam_unix(sshd:auth): authentication failure; logname= uid=0 euid=0 tty=ssh ruser= rhost=43.255.190.131  user=root
Apr 14 07:57:31 ovzhost sshd[959]: Failed password for root from 43.255.190.131 port 54160 ssh2
Apr 14 07:57:36 ovzhost sshd[959]: message repeated 2 times: [ Failed password for root from 43.255.190.131 port 54160 ssh2]
Apr 14 07:57:36 ovzhost sshd[959]: Received disconnect from 43.255.190.131: 11:  [preauth]
Apr 14 07:57:36 ovzhost sshd[959]: PAM 2 more authentication failures; logname= uid=0 euid=0 tty=ssh ruser= rhost=43.255.190.131  user=root
Apr 14 07:57:36 ovzhost sshd[961]: pam_unix(sshd:auth): authentication failure; logname= uid=0 euid=0 tty=ssh ruser= rhost=43.255.190.131  user=root
Apr 14 07:57:38 ovzhost sshd[961]: Failed password for root from 43.255.190.131 port 36614 ssh2
Apr 14 07:57:43 ovzhost sshd[961]: message repeated 2 times: [ Failed password for root from 43.255.190.131 port 36614 ssh2]
Apr 14 07:57:43 ovzhost sshd[961]: Received disconnect from 43.255.190.131: 11:  [preauth]
Apr 14 07:57:43 ovzhost sshd[961]: PAM 2 more authentication failures; logname= uid=0 euid=0 tty=ssh ruser= rhost=43.255.190.131  user=root
Apr 14 07:57:44 ovzhost sshd[963]: pam_unix(sshd:auth): authentication failure; logname= uid=0 euid=0 tty=ssh ruser= rhost=43.255.190.131  user=root
Apr 14 07:57:46 ovzhost sshd[963]: Failed password for root from 43.255.190.131 port 48929 ssh2
Apr 14 07:57:50 ovzhost sshd[963]: message repeated 2 times: [ Failed password for root from 43.255.190.131 port 48929 ssh2]
Apr 14 07:57:50 ovzhost sshd[963]: Received disconnect from 43.255.190.131: 11:  [preauth]
Apr 14 07:57:50 ovzhost sshd[963]: PAM 2 more authentication failures; logname= uid=0 euid=0 tty=ssh ruser= rhost=43.255.190.131  user=root
Apr 14 07:57:53 ovzhost sshd[965]: pam_unix(sshd:auth): authentication failure; logname= uid=0 euid=0 tty=ssh ruser= rhost=43.255.190.131  user=root
Apr 14 07:57:55 ovzhost sshd[965]: Failed password for root from 43.255.190.131 port 60760 ssh2
Apr 14 07:57:59 ovzhost sshd[965]: message repeated 2 times: [ Failed password for root from 43.255.190.131 port 60760 ssh2]
Apr 14 07:57:59 ovzhost sshd[965]: Received disconnect from 43.255.190.131: 11:  [preauth]
Apr 14 07:57:59 ovzhost sshd[965]: PAM 2 more authentication failures; logname= uid=0 euid=0 tty=ssh ruser= rhost=43.255.190.131  user=root
Apr 14 07:58:01 ovzhost sshd[970]: pam_unix(sshd:auth): authentication failure; logname= uid=0 euid=0 tty=ssh ruser= rhost=43.255.190.131  user=root
Apr 14 07:58:03 ovzhost sshd[970]: Failed password for root from 43.255.190.131 port 47306 ssh2
Apr 14 07:58:07 ovzhost sshd[970]: message repeated 2 times: [ Failed password for root from 43.255.190.131 port 47306 ssh2]
Apr 14 07:58:07 ovzhost sshd[970]: Received disconnect from 43.255.190.131: 11:  [preauth]
Apr 14 07:58:07 ovzhost sshd[970]: PAM 2 more authentication failures; logname= uid=0 euid=0 tty=ssh ruser= rhost=43.255.190.131  user=root
Apr 14 07:58:18 ovzhost sshd[976]: pam_unix(sshd:auth): authentication failure; logname= uid=0 euid=0 tty=ssh ruser= rhost=43.255.190.131  user=root
Apr 14 07:58:20 ovzhost sshd[976]: Failed password for root from 43.255.190.131 port 48069 ssh2
Apr 14 07:58:25 ovzhost sshd[976]: message repeated 2 times: [ Failed password for root from 43.255.190.131 port 48069 ssh2]
Apr 14 07:58:25 ovzhost sshd[976]: Received disconnect from 43.255.190.131: 11:  [preauth]
Apr 14 07:58:25 ovzhost sshd[976]: PAM 2 more authentication failures; logname= uid=0 euid=0 tty=ssh ruser= rhost=43.255.190.131  user=root
Apr 14 07:58:25 ovzhost sshd[972]: Connection closed by 43.255.190.131 [preauth]
Apr 14 07:58:28 ovzhost sshd[978]: pam_unix(sshd:auth): authentication failure; logname= uid=0 euid=0 tty=ssh ruser= rhost=43.255.190.131  user=root
Apr 14 07:58:30 ovzhost sshd[978]: Failed password for root from 43.255.190.131 port 60643 ssh2
Apr 14 07:58:34 ovzhost sshd[978]: message repeated 2 times: [ Failed password for root from 43.255.190.131 port 60643 ssh2]
Apr 14 07:58:34 ovzhost sshd[978]: Received disconnect from 43.255.190.131: 11:  [preauth]
Apr 14 07:58:34 ovzhost sshd[978]: PAM 2 more authentication failures; logname= uid=0 euid=0 tty=ssh ruser= rhost=43.255.190.131  user=root
Apr 14 07:58:35 ovzhost sshd[982]: pam_unix(sshd:auth): authentication failure; logname= uid=0 euid=0 tty=ssh ruser= rhost=222.186.21.198  user=root
Apr 14 07:58:37 ovzhost sshd[982]: Failed password for root from 222.186.21.198 port 40929 ssh2
Apr 14 07:58:39 ovzhost sshd[984]: pam_unix(sshd:auth): authentication failure; logname= uid=0 euid=0 tty=ssh ruser= rhost=43.255.190.131  user=root
Apr 14 07:58:42 ovzhost sshd[984]: Failed password for root from 43.255.190.131 port 47282 ssh2
Apr 14 07:58:42 ovzhost sshd[982]: message repeated 2 times: [ Failed password for root from 222.186.21.198 port 40929 ssh2]
Apr 14 07:58:42 ovzhost sshd[982]: Received disconnect from 222.186.21.198: 11:  [preauth]
Apr 14 07:58:42 ovzhost sshd[982]: PAM 2 more authentication failures; logname= uid=0 euid=0 tty=ssh ruser= rhost=222.186.21.198  user=root
Apr 14 07:58:44 ovzhost sshd[986]: pam_unix(sshd:auth): authentication failure; logname= uid=0 euid=0 tty=ssh ruser= rhost=222.186.21.198  user=root
Apr 14 07:58:46 ovzhost sshd[986]: Failed password for root from 222.186.21.198 port 52908 ssh2
Apr 14 07:58:46 ovzhost sshd[984]: message repeated 2 times: [ Failed password for root from 43.255.190.131 port 47282 ssh2]
Apr 14 07:58:46 ovzhost sshd[984]: Received disconnect from 43.255.190.131: 11:  [preauth]
Apr 14 07:58:46 ovzhost sshd[984]: PAM 2 more authentication failures; logname= uid=0 euid=0 tty=ssh ruser= rhost=43.255.190.131  user=root
Apr 14 07:58:49 ovzhost sshd[988]: pam_unix(sshd:auth): authentication failure; logname= uid=0 euid=0 tty=ssh ruser= rhost=43.255.190.131  user=root
Apr 14 07:58:51 ovzhost sshd[986]: message repeated 2 times: [ Failed password for root from 222.186.21.198 port 52908 ssh2]
Apr 14 07:58:52 ovzhost sshd[986]: Received disconnect from 222.186.21.198: 11:  [preauth]
Apr 14 07:58:52 ovzhost sshd[986]: PAM 2 more authentication failures; logname= uid=0 euid=0 tty=ssh ruser= rhost=222.186.21.198  user=root
Apr 14 07:58:52 ovzhost sshd[988]: Failed password for root from 43.255.190.131 port 38334 ssh2
Apr 14 07:58:53 ovzhost sshd[990]: pam_unix(sshd:auth): authentication failure; logname= uid=0 euid=0 tty=ssh ruser= rhost=222.186.21.198  user=root
Apr 14 07:58:55 ovzhost sshd[990]: Failed password for root from 222.186.21.198 port 35796 ssh2
Apr 14 07:58:56 ovzhost sshd[988]: message repeated 2 times: [ Failed password for root from 43.255.190.131 port 38334 ssh2]
Apr 14 07:58:56 ovzhost sshd[988]: Received disconnect from 43.255.190.131: 11:  [preauth]
Apr 14 07:58:56 ovzhost sshd[988]: PAM 2 more authentication failures; logname= uid=0 euid=0 tty=ssh ruser= rhost=43.255.190.131  user=root
Apr 14 07:58:57 ovzhost sshd[992]: pam_unix(sshd:auth): authentication failure; logname= uid=0 euid=0 tty=ssh ruser= rhost=43.255.190.131  user=root
Apr 14 07:58:59 ovzhost sshd[992]: Failed password for root from 43.255.190.131 port 53502 ssh2
Apr 14 07:59:03 ovzhost sshd[990]: message repeated 2 times: [ Failed password for root from 222.186.21.198 port 35796 ssh2]
Apr 14 07:59:03 ovzhost sshd[990]: Received disconnect from 222.186.21.198: 11:  [preauth]
Apr 14 07:59:03 ovzhost sshd[990]: PAM 2 more authentication failures; logname= uid=0 euid=0 tty=ssh ruser= rhost=222.186.21.198  user=root
Apr 14 07:59:03 ovzhost sshd[992]: message repeated 2 times: [ Failed password for root from 43.255.190.131 port 53502 ssh2]
Apr 14 07:59:03 ovzhost sshd[992]: Received disconnect from 43.255.190.131: 11:  [preauth]
Apr 14 07:59:03 ovzhost sshd[992]: PAM 2 more authentication failures; logname= uid=0 euid=0 tty=ssh ruser= rhost=43.255.190.131  user=root
Apr 14 07:59:05 ovzhost sshd[998]: pam_unix(sshd:auth): authentication failure; logname= uid=0 euid=0 tty=ssh ruser= rhost=43.255.190.131  user=root
Apr 14 07:59:06 ovzhost sshd[996]: pam_unix(sshd:auth): authentication failure; logname= uid=0 euid=0 tty=ssh ruser= rhost=222.186.21.198  user=root
Apr 14 07:59:07 ovzhost sshd[998]: Failed password for root from 43.255.190.131 port 35727 ssh2
Apr 14 07:59:08 ovzhost sshd[996]: Failed password for root from 222.186.21.198 port 50766 ssh2
Apr 14 07:59:12 ovzhost sshd[998]: message repeated 2 times: [ Failed password for root from 43.255.190.131 port 35727 ssh2]
Apr 14 07:59:12 ovzhost sshd[998]: Received disconnect from 43.255.190.131: 11:  [preauth]
Apr 14 07:59:12 ovzhost sshd[998]: PAM 2 more authentication failures; logname= uid=0 euid=0 tty=ssh ruser= rhost=43.255.190.131  user=root
Apr 14 07:59:12 ovzhost sshd[1000]: pam_unix(sshd:auth): authentication failure; logname= uid=0 euid=0 tty=ssh ruser= rhost=43.255.190.131  user=root
Apr 14 07:59:12 ovzhost sshd[996]: message repeated 2 times: [ Failed password for root from 222.186.21.198 port 50766 ssh2]
Apr 14 07:59:13 ovzhost sshd[996]: Received disconnect from 222.186.21.198: 11:  [preauth]
Apr 14 07:59:13 ovzhost sshd[996]: PAM 2 more authentication failures; logname= uid=0 euid=0 tty=ssh ruser= rhost=222.186.21.198  user=root
Apr 14 07:59:15 ovzhost sshd[1000]: Failed password for root from 43.255.190.131 port 49404 ssh2
Apr 14 07:59:15 ovzhost sshd[1002]: pam_unix(sshd:auth): authentication failure; logname= uid=0 euid=0 tty=ssh ruser= rhost=222.186.21.198  user=root
Apr 14 07:59:17 ovzhost sshd[1002]: Failed password for root from 222.186.21.198 port 34127 ssh2
Apr 14 07:59:19 ovzhost sshd[1000]: message repeated 2 times: [ Failed password for root from 43.255.190.131 port 49404 ssh2]
Apr 14 07:59:19 ovzhost sshd[1000]: Received disconnect from 43.255.190.131: 11:  [preauth]
Apr 14 07:59:19 ovzhost sshd[1000]: PAM 2 more authentication failures; logname= uid=0 euid=0 tty=ssh ruser= rhost=43.255.190.131  user=root
Apr 14 07:59:20 ovzhost sshd[1004]: pam_unix(sshd:auth): authentication failure; logname= uid=0 euid=0 tty=ssh ruser= rhost=43.255.190.131  user=root
Apr 14 07:59:23 ovzhost sshd[1004]: Failed password for root from 43.255.190.131 port 60268 ssh2
Apr 14 07:59:23 ovzhost sshd[1002]: message repeated 2 times: [ Failed password for root from 222.186.21.198 port 34127 ssh2]
Apr 14 07:59:23 ovzhost sshd[1002]: Received disconnect from 222.186.21.198: 11:  [preauth]
Apr 14 07:59:23 ovzhost sshd[1002]: PAM 2 more authentication failures; logname= uid=0 euid=0 tty=ssh ruser= rhost=222.186.21.198  user=root
Apr 14 07:59:26 ovzhost sshd[1006]: pam_unix(sshd:auth): authentication failure; logname= uid=0 euid=0 tty=ssh ruser= rhost=222.186.21.198  user=root
Apr 14 07:59:27 ovzhost sshd[1004]: message repeated 2 times: [ Failed password for root from 43.255.190.131 port 60268 ssh2]
Apr 14 07:59:27 ovzhost sshd[1004]: Received disconnect from 43.255.190.131: 11:  [preauth]
Apr 14 07:59:27 ovzhost sshd[1004]: PAM 2 more authentication failures; logname= uid=0 euid=0 tty=ssh ruser= rhost=43.255.190.131  user=root
Apr 14 07:59:28 ovzhost sshd[1008]: pam_unix(sshd:auth): authentication failure; logname= uid=0 euid=0 tty=ssh ruser= rhost=43.255.190.131  user=root
Apr 14 07:59:28 ovzhost sshd[1006]: Failed password for root from 222.186.21.198 port 46673 ssh2
Apr 14 07:59:30 ovzhost sshd[1008]: Failed password for root from 43.255.190.131 port 45029 ssh2
Apr 14 07:59:33 ovzhost sshd[1006]: message repeated 2 times: [ Failed password for root from 222.186.21.198 port 46673 ssh2]
Apr 14 07:59:33 ovzhost sshd[1006]: Received disconnect from 222.186.21.198: 11:  [preauth]
Apr 14 07:59:33 ovzhost sshd[1006]: PAM 2 more authentication failures; logname= uid=0 euid=0 tty=ssh ruser= rhost=222.186.21.198  user=root
Apr 14 07:59:34 ovzhost sshd[1008]: message repeated 2 times: [ Failed password for root from 43.255.190.131 port 45029 ssh2]
Apr 14 07:59:34 ovzhost sshd[1008]: Received disconnect from 43.255.190.131: 11:  [preauth]
Apr 14 07:59:34 ovzhost sshd[1008]: PAM 2 more authentication failures; logname= uid=0 euid=0 tty=ssh ruser= rhost=43.255.190.131  user=root
Apr 14 07:59:35 ovzhost sshd[1011]: pam_unix(sshd:auth): authentication failure; logname= uid=0 euid=0 tty=ssh ruser= rhost=222.186.21.198  user=root
Apr 14 07:59:35 ovzhost sshd[1013]: pam_unix(sshd:auth): authentication failure; logname= uid=0 euid=0 tty=ssh ruser= rhost=43.255.190.131  user=root
Apr 14 07:59:37 ovzhost sshd[1011]: Failed password for root from 222.186.21.198 port 58762 ssh2
Apr 14 07:59:37 ovzhost sshd[1013]: Failed password for root from 43.255.190.131 port 56493 ssh2
Apr 14 07:59:42 ovzhost sshd[1011]: message repeated 2 times: [ Failed password for root from 222.186.21.198 port 58762 ssh2]
Apr 14 07:59:42 ovzhost sshd[1011]: Received disconnect from 222.186.21.198: 11:  [preauth]
Apr 14 07:59:42 ovzhost sshd[1011]: PAM 2 more authentication failures; logname= uid=0 euid=0 tty=ssh ruser= rhost=222.186.21.198  user=root
Apr 14 07:59:42 ovzhost sshd[1013]: message repeated 2 times: [ Failed password for root from 43.255.190.131 port 56493 ssh2]
Apr 14 07:59:42 ovzhost sshd[1013]: Received disconnect from 43.255.190.131: 11:  [preauth]
Apr 14 07:59:42 ovzhost sshd[1013]: PAM 2 more authentication failures; logname= uid=0 euid=0 tty=ssh ruser= rhost=43.255.190.131  user=root
Apr 14 07:59:44 ovzhost sshd[1017]: pam_unix(sshd:auth): authentication failure; logname= uid=0 euid=0 tty=ssh ruser= rhost=43.255.190.131  user=root
Apr 14 07:59:44 ovzhost sshd[1015]: pam_unix(sshd:auth): authentication failure; logname= uid=0 euid=0 tty=ssh ruser= rhost=222.186.21.198  user=root
Apr 14 07:59:46 ovzhost sshd[1017]: Failed password for root from 43.255.190.131 port 40287 ssh2
Apr 14 07:59:46 ovzhost sshd[1015]: Failed password for root from 222.186.21.198 port 41481 ssh2
Apr 14 07:59:50 ovzhost sshd[1017]: message repeated 2 times: [ Failed password for root from 43.255.190.131 port 40287 ssh2]
Apr 14 07:59:50 ovzhost sshd[1017]: Received disconnect from 43.255.190.131: 11:  [preauth]
Apr 14 07:59:50 ovzhost sshd[1017]: PAM 2 more authentication failures; logname= uid=0 euid=0 tty=ssh ruser= rhost=43.255.190.131  user=root
Apr 14 07:59:51 ovzhost sshd[1015]: message repeated 2 times: [ Failed password for root from 222.186.21.198 port 41481 ssh2]
Apr 14 07:59:51 ovzhost sshd[1015]: Received disconnect from 222.186.21.198: 11:  [preauth]
Apr 14 07:59:51 ovzhost sshd[1015]: PAM 2 more authentication failures; logname= uid=0 euid=0 tty=ssh ruser= rhost=222.186.21.198  user=root
Apr 14 07:59:52 ovzhost sshd[1019]: pam_unix(sshd:auth): authentication failure; logname= uid=0 euid=0 tty=ssh ruser= rhost=43.255.190.131  user=root
Apr 14 07:59:53 ovzhost sshd[1021]: pam_unix(sshd:auth): authentication failure; logname= uid=0 euid=0 tty=ssh ruser= rhost=222.186.21.198  user=root
Apr 14 07:59:54 ovzhost sshd[1021]: Failed password for root from 222.186.21.198 port 53371 ssh2
Apr 14 07:59:54 ovzhost sshd[1019]: Failed password for root from 43.255.190.131 port 53357 ssh2
Apr 14 07:59:58 ovzhost sshd[1019]: message repeated 2 times: [ Failed password for root from 43.255.190.131 port 53357 ssh2]
Apr 14 07:59:58 ovzhost sshd[1019]: Received disconnect from 43.255.190.131: 11:  [preauth]
Apr 14 07:59:58 ovzhost sshd[1019]: PAM 2 more authentication failures; logname= uid=0 euid=0 tty=ssh ruser= rhost=43.255.190.131  user=root
Apr 14 07:59:58 ovzhost sshd[1021]: message repeated 2 times: [ Failed password for root from 222.186.21.198 port 53371 ssh2]
Apr 14 07:59:59 ovzhost sshd[1021]: Received disconnect from 222.186.21.198: 11:  [preauth]
Apr 14 07:59:59 ovzhost sshd[1021]: PAM 2 more authentication failures; logname= uid=0 euid=0 tty=ssh ruser= rhost=222.186.21.198  user=root
Apr 14 07:59:59 ovzhost sshd[1024]: pam_unix(sshd:auth): authentication failure; logname= uid=0 euid=0 tty=ssh ruser= rhost=43.255.190.131  user=root
Apr 14 08:00:01 ovzhost CRON[1028]: pam_env(cron:session): Unable to open env file: /etc/default/locale: No such file or directory
Apr 14 08:00:01 ovzhost CRON[1028]: pam_unix(cron:session): session opened for user smmsp by (uid=0)
Apr 14 08:00:01 ovzhost CRON[1028]: pam_unix(cron:session): session closed for user smmsp
Apr 14 08:00:01 ovzhost sshd[1024]: Failed password for root from 43.255.190.131 port 38538 ssh2
Apr 14 08:00:01 ovzhost sshd[1026]: pam_unix(sshd:auth): authentication failure; logname= uid=0 euid=0 tty=ssh ruser= rhost=222.186.21.198  user=root
Apr 14 08:00:03 ovzhost sshd[1026]: Failed password for root from 222.186.21.198 port 35381 ssh2
Apr 14 08:00:05 ovzhost sshd[1024]: message repeated 2 times: [ Failed password for root from 43.255.190.131 port 38538 ssh2]
Apr 14 08:00:05 ovzhost sshd[1024]: Received disconnect from 43.255.190.131: 11:  [preauth]
Apr 14 08:00:05 ovzhost sshd[1024]: PAM 2 more authentication failures; logname= uid=0 euid=0 tty=ssh ruser= rhost=43.255.190.131  user=root
Apr 14 08:00:07 ovzhost sshd[1053]: pam_unix(sshd:auth): authentication failure; logname= uid=0 euid=0 tty=ssh ruser= rhost=43.255.190.131  user=root
Apr 14 08:00:07 ovzhost sshd[1026]: message repeated 2 times: [ Failed password for root from 222.186.21.198 port 35381 ssh2]
Apr 14 08:00:08 ovzhost sshd[1026]: Received disconnect from 222.186.21.198: 11:  [preauth]
Apr 14 08:00:08 ovzhost sshd[1026]: PAM 2 more authentication failures; logname= uid=0 euid=0 tty=ssh ruser= rhost=222.186.21.198  user=root
Apr 14 08:00:09 ovzhost sshd[1053]: Failed password for root from 43.255.190.131 port 49881 ssh2
Apr 14 08:00:10 ovzhost sshd[1055]: pam_unix(sshd:auth): authentication failure; logname= uid=0 euid=0 tty=ssh ruser= rhost=222.186.21.198  user=root
Apr 14 08:00:12 ovzhost sshd[1055]: Failed password for root from 222.186.21.198 port 47249 ssh2
Apr 14 08:00:13 ovzhost sshd[1053]: message repeated 2 times: [ Failed password for root from 43.255.190.131 port 49881 ssh2]
Apr 14 08:00:13 ovzhost sshd[1053]: Received disconnect from 43.255.190.131: 11:  [preauth]
Apr 14 08:00:13 ovzhost sshd[1053]: PAM 2 more authentication failures; logname= uid=0 euid=0 tty=ssh ruser= rhost=43.255.190.131  user=root
Apr 14 08:00:15 ovzhost sshd[1057]: pam_unix(sshd:auth): authentication failure; logname= uid=0 euid=0 tty=ssh ruser= rhost=43.255.190.131  user=root
Apr 14 08:00:17 ovzhost sshd[1057]: Failed password for root from 43.255.190.131 port 34219 ssh2
Apr 14 08:00:17 ovzhost sshd[1055]: message repeated 2 times: [ Failed password for root from 222.186.21.198 port 47249 ssh2]
Apr 14 08:00:18 ovzhost sshd[1055]: Received disconnect from 222.186.21.198: 11:  [preauth]
Apr 14 08:00:18 ovzhost sshd[1055]: PAM 2 more authentication failures; logname= uid=0 euid=0 tty=ssh ruser= rhost=222.186.21.198  user=root
Apr 14 08:00:20 ovzhost sshd[1057]: message repeated 2 times: [ Failed password for root from 43.255.190.131 port 34219 ssh2]
Apr 14 08:00:20 ovzhost sshd[1057]: Received disconnect from 43.255.190.131: 11:  [preauth]
Apr 14 08:00:20 ovzhost sshd[1057]: PAM 2 more authentication failures; logname= uid=0 euid=0 tty=ssh ruser= rhost=43.255.190.131  user=root
Apr 14 08:00:21 ovzhost sshd[1061]: pam_unix(sshd:auth): authentication failure; logname= uid=0 euid=0 tty=ssh ruser= rhost=43.255.190.131  user=root
Apr 14 08:00:22 ovzhost sshd[1059]: pam_unix(sshd:auth): authentication failure; logname= uid=0 euid=0 tty=ssh ruser= rhost=222.186.21.198  user=root
Apr 14 08:00:23 ovzhost sshd[1061]: Failed password for root from 43.255.190.131 port 45599 ssh2
Apr 14 08:00:25 ovzhost sshd[1059]: Failed password for root from 222.186.21.198 port 60200 ssh2
Apr 14 08:00:28 ovzhost sshd[1061]: message repeated 2 times: [ Failed password for root from 43.255.190.131 port 45599 ssh2]
Apr 14 08:00:28 ovzhost sshd[1061]: Received disconnect from 43.255.190.131: 11:  [preauth]
Apr 14 08:00:28 ovzhost sshd[1061]: PAM 2 more authentication failures; logname= uid=0 euid=0 tty=ssh ruser= rhost=43.255.190.131  user=root
Apr 14 08:00:29 ovzhost sshd[1066]: Connection closed by 128.8.37.104 [preauth]
Apr 14 08:00:30 ovzhost sshd[1063]: pam_unix(sshd:auth): authentication failure; logname= uid=0 euid=0 tty=ssh ruser= rhost=43.255.190.131  user=root
Apr 14 08:00:29 ovzhost sshd[1059]: message repeated 2 times: [ Failed password for root from 222.186.21.198 port 60200 ssh2]
Apr 14 08:00:30 ovzhost sshd[1059]: Received disconnect from 222.186.21.198: 11:  [preauth]
Apr 14 08:00:30 ovzhost sshd[1059]: PAM 2 more authentication failures; logname= uid=0 euid=0 tty=ssh ruser= rhost=222.186.21.198  user=root
Apr 14 08:00:31 ovzhost sshd[1063]: Failed password for root from 43.255.190.131 port 57937 ssh2
Apr 14 08:00:32 ovzhost sshd[1068]: pam_unix(sshd:auth): authentication failure; logname= uid=0 euid=0 tty=ssh ruser= rhost=222.186.21.198  user=root
Apr 14 08:00:34 ovzhost sshd[1068]: Failed password for root from 222.186.21.198 port 48247 ssh2
Apr 14 08:00:36 ovzhost sshd[1063]: message repeated 2 times: [ Failed password for root from 43.255.190.131 port 57937 ssh2]
Apr 14 08:00:36 ovzhost sshd[1063]: Received disconnect from 43.255.190.131: 11:  [preauth]
Apr 14 08:00:36 ovzhost sshd[1063]: PAM 2 more authentication failures; logname= uid=0 euid=0 tty=ssh ruser= rhost=43.255.190.131  user=root
Apr 14 08:00:37 ovzhost sshd[1070]: pam_unix(sshd:auth): authentication failure; logname= uid=0 euid=0 tty=ssh ruser= rhost=43.255.190.131  user=root
Apr 14 08:00:38 ovzhost sshd[1068]: message repeated 2 times: [ Failed password for root from 222.186.21.198 port 48247 ssh2]
Apr 14 08:00:39 ovzhost sshd[1068]: Received disconnect from 222.186.21.198: 11:  [preauth]
Apr 14 08:00:39 ovzhost sshd[1068]: PAM 2 more authentication failures; logname= uid=0 euid=0 tty=ssh ruser= rhost=222.186.21.198  user=root
Apr 14 08:00:39 ovzhost sshd[1070]: Failed password for root from 43.255.190.131 port 43381 ssh2
Apr 14 08:00:42 ovzhost sshd[1072]: pam_unix(sshd:auth): authentication failure; logname= uid=0 euid=0 tty=ssh ruser= rhost=222.186.21.198  user=root
Apr 14 08:00:43 ovzhost sshd[1070]: message repeated 2 times: [ Failed password for root from 43.255.190.131 port 43381 ssh2]
Apr 14 08:00:43 ovzhost sshd[1070]: Received disconnect from 43.255.190.131: 11:  [preauth]
Apr 14 08:00:43 ovzhost sshd[1070]: PAM 2 more authentication failures; logname= uid=0 euid=0 tty=ssh ruser= rhost=43.255.190.131  user=root
Apr 14 08:00:44 ovzhost sshd[1074]: pam_unix(sshd:auth): authentication failure; logname= uid=0 euid=0 tty=ssh ruser= rhost=43.255.190.131  user=root
Apr 14 08:00:44 ovzhost sshd[1072]: Failed password for root from 222.186.21.198 port 60216 ssh2
Apr 14 08:00:46 ovzhost sshd[1074]: Failed password for root from 43.255.190.131 port 54758 ssh2
Apr 14 08:00:49 ovzhost sshd[1072]: message repeated 2 times: [ Failed password for root from 222.186.21.198 port 60216 ssh2]
Apr 14 08:00:49 ovzhost sshd[1072]: Received disconnect from 222.186.21.198: 11:  [preauth]
Apr 14 08:00:49 ovzhost sshd[1072]: PAM 2 more authentication failures; logname= uid=0 euid=0 tty=ssh ruser= rhost=222.186.21.198  user=root
Apr 14 08:00:50 ovzhost sshd[1074]: message repeated 2 times: [ Failed password for root from 43.255.190.131 port 54758 ssh2]
Apr 14 08:00:51 ovzhost sshd[1074]: Received disconnect from 43.255.190.131: 11:  [preauth]
Apr 14 08:00:51 ovzhost sshd[1074]: PAM 2 more authentication failures; logname= uid=0 euid=0 tty=ssh ruser= rhost=43.255.190.131  user=root
Apr 14 08:00:52 ovzhost sshd[1078]: pam_unix(sshd:auth): authentication failure; logname= uid=0 euid=0 tty=ssh ruser= rhost=43.255.190.131  user=root
Apr 14 08:00:53 ovzhost sshd[1076]: pam_unix(sshd:auth): authentication failure; logname= uid=0 euid=0 tty=ssh ruser= rhost=222.186.21.198  user=root
Apr 14 08:00:54 ovzhost sshd[1076]: Failed password for root from 222.186.21.198 port 45351 ssh2
Apr 14 08:00:54 ovzhost sshd[1078]: Failed password for root from 43.255.190.131 port 38827 ssh2
Apr 14 08:00:59 ovzhost sshd[1078]: message repeated 2 times: [ Failed password for root from 43.255.190.131 port 38827 ssh2]
Apr 14 08:00:59 ovzhost sshd[1078]: Received disconnect from 43.255.190.131: 11:  [preauth]
Apr 14 08:00:59 ovzhost sshd[1078]: PAM 2 more authentication failures; logname= uid=0 euid=0 tty=ssh ruser= rhost=43.255.190.131  user=root
Apr 14 08:00:59 ovzhost sshd[1076]: message repeated 2 times: [ Failed password for root from 222.186.21.198 port 45351 ssh2]
Apr 14 08:00:59 ovzhost sshd[1076]: Received disconnect from 222.186.21.198: 11:  [preauth]
Apr 14 08:00:59 ovzhost sshd[1076]: PAM 2 more authentication failures; logname= uid=0 euid=0 tty=ssh ruser= rhost=222.186.21.198  user=root
Apr 14 08:01:00 ovzhost sshd[1080]: pam_unix(sshd:auth): authentication failure; logname= uid=0 euid=0 tty=ssh ruser= rhost=43.255.190.131  user=root
Apr 14 08:01:02 ovzhost sshd[1080]: Failed password for root from 43.255.190.131 port 52567 ssh2
Apr 14 08:01:02 ovzhost sshd[1082]: pam_unix(sshd:auth): authentication failure; logname= uid=0 euid=0 tty=ssh ruser= rhost=222.186.21.198  user=root
Apr 14 08:01:04 ovzhost sshd[1082]: Failed password for root from 222.186.21.198 port 58835 ssh2
Apr 14 08:01:05 ovzhost sshd[1080]: message repeated 2 times: [ Failed password for root from 43.255.190.131 port 52567 ssh2]
Apr 14 08:01:06 ovzhost sshd[1080]: Received disconnect from 43.255.190.131: 11:  [preauth]
Apr 14 08:01:06 ovzhost sshd[1080]: PAM 2 more authentication failures; logname= uid=0 euid=0 tty=ssh ruser= rhost=43.255.190.131  user=root
Apr 14 08:01:08 ovzhost sshd[1086]: pam_unix(sshd:auth): authentication failure; logname= uid=0 euid=0 tty=ssh ruser= rhost=43.255.190.131  user=root
Apr 14 08:01:08 ovzhost sshd[1082]: message repeated 2 times: [ Failed password for root from 222.186.21.198 port 58835 ssh2]
Apr 14 08:01:08 ovzhost sshd[1082]: Received disconnect from 222.186.21.198: 11:  [preauth]
Apr 14 08:01:08 ovzhost sshd[1082]: PAM 2 more authentication failures; logname= uid=0 euid=0 tty=ssh ruser= rhost=222.186.21.198  user=root
Apr 14 08:01:11 ovzhost sshd[1086]: Failed password for root from 43.255.190.131 port 35389 ssh2
Apr 14 08:01:11 ovzhost sshd[1088]: pam_unix(sshd:auth): authentication failure; logname= uid=0 euid=0 tty=ssh ruser= rhost=222.186.21.198  user=root
Apr 14 08:01:12 ovzhost sshd[1088]: Failed password for root from 222.186.21.198 port 42659 ssh2
Apr 14 08:01:14 ovzhost sshd[1086]: message repeated 2 times: [ Failed password for root from 43.255.190.131 port 35389 ssh2]
Apr 14 08:01:14 ovzhost sshd[1086]: Received disconnect from 43.255.190.131: 11:  [preauth]
Apr 14 08:01:14 ovzhost sshd[1086]: PAM 2 more authentication failures; logname= uid=0 euid=0 tty=ssh ruser= rhost=43.255.190.131  user=root
Apr 14 08:01:15 ovzhost sshd[1090]: pam_unix(sshd:auth): authentication failure; logname= uid=0 euid=0 tty=ssh ruser= rhost=43.255.190.131  user=root
Apr 14 08:01:16 ovzhost sshd[1088]: message repeated 2 times: [ Failed password for root from 222.186.21.198 port 42659 ssh2]
Apr 14 08:01:16 ovzhost sshd[1088]: Received disconnect from 222.186.21.198: 11:  [preauth]
Apr 14 08:01:16 ovzhost sshd[1088]: PAM 2 more authentication failures; logname= uid=0 euid=0 tty=ssh ruser= rhost=222.186.21.198  user=root
Apr 14 08:01:17 ovzhost sshd[1090]: Failed password for root from 43.255.190.131 port 48325 ssh2
Apr 14 08:01:22 ovzhost sshd[1090]: message repeated 2 times: [ Failed password for root from 43.255.190.131 port 48325 ssh2]
Apr 14 08:01:22 ovzhost sshd[1090]: Received disconnect from 43.255.190.131: 11:  [preauth]
Apr 14 08:01:22 ovzhost sshd[1090]: PAM 2 more authentication failures; logname= uid=0 euid=0 tty=ssh ruser= rhost=43.255.190.131  user=root
Apr 14 08:01:22 ovzhost sshd[1092]: pam_unix(sshd:auth): authentication failure; logname= uid=0 euid=0 tty=ssh ruser= rhost=222.186.21.198  user=root
Apr 14 08:01:23 ovzhost sshd[1094]: pam_unix(sshd:auth): authentication failure; logname= uid=0 euid=0 tty=ssh ruser= rhost=43.255.190.131  user=root
Apr 14 08:01:24 ovzhost sshd[1092]: Failed password for root from 222.186.21.198 port 53625 ssh2
Apr 14 08:01:25 ovzhost sshd[1094]: Failed password for root from 43.255.190.131 port 60688 ssh2
Apr 14 08:01:28 ovzhost sshd[1094]: message repeated 2 times: [ Failed password for root from 43.255.190.131 port 60688 ssh2]
Apr 14 08:01:28 ovzhost sshd[1094]: Received disconnect from 43.255.190.131: 11:  [preauth]
Apr 14 08:01:28 ovzhost sshd[1094]: PAM 2 more authentication failures; logname= uid=0 euid=0 tty=ssh ruser= rhost=43.255.190.131  user=root
Apr 14 08:01:28 ovzhost sshd[1092]: message repeated 2 times: [ Failed password for root from 222.186.21.198 port 53625 ssh2]
Apr 14 08:01:28 ovzhost sshd[1092]: Received disconnect from 222.186.21.198: 11:  [preauth]
Apr 14 08:01:28 ovzhost sshd[1092]: PAM 2 more authentication failures; logname= uid=0 euid=0 tty=ssh ruser= rhost=222.186.21.198  user=root
Apr 14 08:01:29 ovzhost sshd[1096]: pam_unix(sshd:auth): authentication failure; logname= uid=0 euid=0 tty=ssh ruser= rhost=43.255.190.131  user=root
Apr 14 08:01:31 ovzhost sshd[1096]: Failed password for root from 43.255.190.131 port 44005 ssh2
Apr 14 08:01:32 ovzhost sshd[1098]: pam_unix(sshd:auth): authentication failure; logname= uid=0 euid=0 tty=ssh ruser= rhost=222.186.21.198  user=root
Apr 14 08:01:34 ovzhost sshd[1098]: Failed password for root from 222.186.21.198 port 41431 ssh2
Apr 14 08:01:35 ovzhost sshd[1096]: message repeated 2 times: [ Failed password for root from 43.255.190.131 port 44005 ssh2]
Apr 14 08:01:35 ovzhost sshd[1096]: Received disconnect from 43.255.190.131: 11:  [preauth]
Apr 14 08:01:35 ovzhost sshd[1096]: PAM 2 more authentication failures; logname= uid=0 euid=0 tty=ssh ruser= rhost=43.255.190.131  user=root
Apr 14 08:01:36 ovzhost sshd[1102]: pam_unix(sshd:auth): authentication failure; logname= uid=0 euid=0 tty=ssh ruser= rhost=43.255.190.131  user=root
Apr 14 08:01:38 ovzhost sshd[1102]: Failed password for root from 43.255.190.131 port 55075 ssh2
Apr 14 08:01:38 ovzhost sshd[1098]: message repeated 2 times: [ Failed password for root from 222.186.21.198 port 41431 ssh2]
Apr 14 08:01:38 ovzhost sshd[1098]: Received disconnect from 222.186.21.198: 11:  [preauth]
Apr 14 08:01:38 ovzhost sshd[1098]: PAM 2 more authentication failures; logname= uid=0 euid=0 tty=ssh ruser= rhost=222.186.21.198  user=root
Apr 14 08:01:40 ovzhost sshd[1104]: pam_unix(sshd:auth): authentication failure; logname= uid=0 euid=0 tty=ssh ruser= rhost=222.186.21.198  user=root
Apr 14 08:01:42 ovzhost sshd[1102]: message repeated 2 times: [ Failed password for root from 43.255.190.131 port 55075 ssh2]
Apr 14 08:01:42 ovzhost sshd[1102]: Received disconnect from 43.255.190.131: 11:  [preauth]
Apr 14 08:01:42 ovzhost sshd[1102]: PAM 2 more authentication failures; logname= uid=0 euid=0 tty=ssh ruser= rhost=43.255.190.131  user=root
Apr 14 08:01:42 ovzhost sshd[1104]: Failed password for root from 222.186.21.198 port 53715 ssh2
Apr 14 08:01:42 ovzhost sshd[1106]: pam_unix(sshd:auth): authentication failure; logname= uid=0 euid=0 tty=ssh ruser= rhost=43.255.190.131  user=root
Apr 14 08:01:45 ovzhost sshd[1106]: Failed password for root from 43.255.190.131 port 38032 ssh2
Apr 14 08:01:46 ovzhost sshd[1104]: message repeated 2 times: [ Failed password for root from 222.186.21.198 port 53715 ssh2]
Apr 14 08:01:46 ovzhost sshd[1104]: Received disconnect from 222.186.21.198: 11:  [preauth]
Apr 14 08:01:46 ovzhost sshd[1104]: PAM 2 more authentication failures; logname= uid=0 euid=0 tty=ssh ruser= rhost=222.186.21.198  user=root
Apr 14 08:01:48 ovzhost sshd[1108]: pam_unix(sshd:auth): authentication failure; logname= uid=0 euid=0 tty=ssh ruser= rhost=222.186.21.198  user=root
Apr 14 08:01:49 ovzhost sshd[1108]: Failed password for root from 222.186.21.198 port 36907 ssh2
Apr 14 08:01:49 ovzhost sshd[1106]: message repeated 2 times: [ Failed password for root from 43.255.190.131 port 38032 ssh2]
Apr 14 08:01:50 ovzhost sshd[1106]: Received disconnect from 43.255.190.131: 11:  [preauth]
Apr 14 08:01:50 ovzhost sshd[1106]: PAM 2 more authentication failures; logname= uid=0 euid=0 tty=ssh ruser= rhost=43.255.190.131  user=root
Apr 14 08:01:54 ovzhost sshd[1108]: message repeated 2 times: [ Failed password for root from 222.186.21.198 port 36907 ssh2]
Apr 14 08:01:54 ovzhost sshd[1108]: Received disconnect from 222.186.21.198: 11:  [preauth]
Apr 14 08:01:54 ovzhost sshd[1108]: PAM 2 more authentication failures; logname= uid=0 euid=0 tty=ssh ruser= rhost=222.186.21.198  user=root
Apr 14 08:01:58 ovzhost sshd[1114]: Connection closed by 127.0.0.1 [preauth]
Apr 14 08:02:01 ovzhost sshd[1116]: pam_unix(sshd:auth): authentication failure; logname= uid=0 euid=0 tty=ssh ruser= rhost=43.255.190.131  user=root
Apr 14 08:02:03 ovzhost sshd[1116]: Failed password for root from 43.255.190.131 port 39134 ssh2
Apr 14 08:02:08 ovzhost sshd[1116]: message repeated 2 times: [ Failed password for root from 43.255.190.131 port 39134 ssh2]
Apr 14 08:02:08 ovzhost sshd[1116]: Received disconnect from 43.255.190.131: 11:  [preauth]
Apr 14 08:02:08 ovzhost sshd[1116]: PAM 2 more authentication failures; logname= uid=0 euid=0 tty=ssh ruser= rhost=43.255.190.131  user=root
Apr 14 08:02:10 ovzhost sshd[1118]: pam_unix(sshd:auth): authentication failure; logname= uid=0 euid=0 tty=ssh ruser= rhost=43.255.190.131  user=root
Apr 14 08:02:12 ovzhost sshd[1118]: Failed password for root from 43.255.190.131 port 52329 ssh2
Apr 14 08:02:16 ovzhost sshd[1118]: message repeated 2 times: [ Failed password for root from 43.255.190.131 port 52329 ssh2]
Apr 14 08:02:16 ovzhost sshd[1118]: Received disconnect from 43.255.190.131: 11:  [preauth]
Apr 14 08:02:16 ovzhost sshd[1118]: PAM 2 more authentication failures; logname= uid=0 euid=0 tty=ssh ruser= rhost=43.255.190.131  user=root
