Mar 31 17:16:56 ovzhost sudo:     root : unable to resolve host ovzhost
Mar 31 17:16:56 ovzhost sudo:     root : TTY=pts/0 ; PWD=/ ; USER=root ; COMMAND=/usr/bin/less /root/.bash_history
Mar 31 17:16:56 ovzhost sudo: pam_unix(sudo:session): session opened for user root by (uid=0)
Mar 31 17:16:57 ovzhost sudo: pam_unix(sudo:session): session closed for user root
Apr  2 14:31:13 ovzhost sshd[419]: Server listening on 0.0.0.0 port 22.
Apr  2 14:31:13 ovzhost sshd[419]: Server listening on :: port 22.
Apr  2 14:31:13 ovzhost saslauthd[637]: detach_tty      : master pid is: 637
Apr  2 14:31:13 ovzhost saslauthd[637]: ipc_init        : listening on socket: /var/run/saslauthd/mux
Apr  2 14:33:26 ovzhost sshd[797]: Connection closed by 127.0.0.1 [preauth]
Apr 12 00:38:46 ovzhost sshd[792]: Invalid user OPERATOR from 80.242.123.130
Apr 12 00:38:46 ovzhost sshd[792]: input_userauth_request: invalid user OPERATOR [preauth]
Apr 12 00:38:46 ovzhost sshd[792]: pam_unix(sshd:auth): check pass; user unknown
Apr 12 00:38:46 ovzhost sshd[792]: pam_unix(sshd:auth): authentication failure; logname= uid=0 euid=0 tty=ssh ruser= rhost=130-123-242-80.pppoe.dyn.broadband.blic.net 
Apr 12 00:38:49 ovzhost sshd[792]: Failed password for invalid user OPERATOR from 80.242.123.130 port 47183 ssh2
Apr 12 00:38:49 ovzhost sshd[792]: Received disconnect from 80.242.123.130: 11: Bye Bye [preauth]
Apr 12 00:39:01 ovzhost CRON[798]: pam_env(cron:session): Unable to open env file: /etc/default/locale: No such file or directory
Apr 12 00:39:01 ovzhost CRON[798]: pam_unix(cron:session): session opened for user root by (uid=0)
Apr 12 00:39:01 ovzhost CRON[798]: pam_unix(cron:session): session closed for user root
Apr 12 00:39:47 ovzhost sshd[811]: Connection closed by 127.0.0.1 [preauth]
Apr 12 00:40:01 ovzhost CRON[814]: pam_env(cron:session): Unable to open env file: /etc/default/locale: No such file or directory
Apr 12 00:40:01 ovzhost CRON[814]: pam_unix(cron:session): session opened for user smmsp by (uid=0)
Apr 12 00:40:01 ovzhost CRON[814]: pam_unix(cron:session): session closed for user smmsp
Apr 12 00:40:26 ovzhost sshd[841]: Connection closed by 128.8.37.104 [preauth]
Apr 12 00:41:00 ovzhost sshd[845]: pam_unix(sshd:auth): authentication failure; logname= uid=0 euid=0 tty=ssh ruser= rhost=43.255.190.186  user=root
Apr 12 00:41:02 ovzhost sshd[845]: Failed password for root from 43.255.190.186 port 36988 ssh2
Apr 12 00:41:06 ovzhost sshd[845]: message repeated 2 times: [ Failed password for root from 43.255.190.186 port 36988 ssh2]
Apr 12 00:41:06 ovzhost sshd[845]: Received disconnect from 43.255.190.186: 11:  [preauth]
Apr 12 00:41:06 ovzhost sshd[845]: PAM 2 more authentication failures; logname= uid=0 euid=0 tty=ssh ruser= rhost=43.255.190.186  user=root
Apr 12 00:41:07 ovzhost sshd[847]: pam_unix(sshd:auth): authentication failure; logname= uid=0 euid=0 tty=ssh ruser= rhost=43.255.190.186  user=root
Apr 12 00:41:09 ovzhost sshd[847]: Failed password for root from 43.255.190.186 port 52715 ssh2
Apr 12 00:41:13 ovzhost sshd[847]: message repeated 2 times: [ Failed password for root from 43.255.190.186 port 52715 ssh2]
Apr 12 00:41:13 ovzhost sshd[847]: Received disconnect from 43.255.190.186: 11:  [preauth]
Apr 12 00:41:13 ovzhost sshd[847]: PAM 2 more authentication failures; logname= uid=0 euid=0 tty=ssh ruser= rhost=43.255.190.186  user=root
Apr 12 00:41:13 ovzhost sshd[849]: pam_unix(sshd:auth): authentication failure; logname= uid=0 euid=0 tty=ssh ruser= rhost=43.255.190.186  user=root
Apr 12 00:41:15 ovzhost sshd[849]: Failed password for root from 43.255.190.186 port 42276 ssh2
Apr 12 00:41:16 ovzhost sshd[851]: pam_unix(sshd:auth): authentication failure; logname= uid=0 euid=0 tty=ssh ruser= rhost=43.255.190.169  user=root
Apr 12 00:41:19 ovzhost sshd[851]: Failed password for root from 43.255.190.169 port 50492 ssh2
Apr 12 00:41:19 ovzhost sshd[849]: message repeated 2 times: [ Failed password for root from 43.255.190.186 port 42276 ssh2]
Apr 12 00:41:19 ovzhost sshd[849]: Received disconnect from 43.255.190.186: 11:  [preauth]
Apr 12 00:41:19 ovzhost sshd[849]: PAM 2 more authentication failures; logname= uid=0 euid=0 tty=ssh ruser= rhost=43.255.190.186  user=root
Apr 12 00:41:20 ovzhost sshd[853]: pam_unix(sshd:auth): authentication failure; logname= uid=0 euid=0 tty=ssh ruser= rhost=43.255.190.186  user=root
Apr 12 00:41:22 ovzhost sshd[853]: Failed password for root from 43.255.190.186 port 59111 ssh2
Apr 12 00:41:23 ovzhost sshd[851]: message repeated 2 times: [ Failed password for root from 43.255.190.169 port 50492 ssh2]
Apr 12 00:41:23 ovzhost sshd[851]: Received disconnect from 43.255.190.169: 11:  [preauth]
Apr 12 00:41:23 ovzhost sshd[851]: PAM 2 more authentication failures; logname= uid=0 euid=0 tty=ssh ruser= rhost=43.255.190.169  user=root
Apr 12 00:41:23 ovzhost sshd[855]: pam_unix(sshd:auth): authentication failure; logname= uid=0 euid=0 tty=ssh ruser= rhost=43.255.190.169  user=root
Apr 12 00:41:26 ovzhost sshd[855]: Failed password for root from 43.255.190.169 port 40822 ssh2
Apr 12 00:41:26 ovzhost sshd[853]: message repeated 2 times: [ Failed password for root from 43.255.190.186 port 59111 ssh2]
Apr 12 00:41:26 ovzhost sshd[853]: Received disconnect from 43.255.190.186: 11:  [preauth]
Apr 12 00:41:26 ovzhost sshd[853]: PAM 2 more authentication failures; logname= uid=0 euid=0 tty=ssh ruser= rhost=43.255.190.186  user=root
Apr 12 00:41:27 ovzhost sshd[857]: pam_unix(sshd:auth): authentication failure; logname= uid=0 euid=0 tty=ssh ruser= rhost=43.255.190.186  user=root
Apr 12 00:41:28 ovzhost sshd[857]: Failed password for root from 43.255.190.186 port 49294 ssh2
Apr 12 00:41:30 ovzhost sshd[855]: message repeated 2 times: [ Failed password for root from 43.255.190.169 port 40822 ssh2]
Apr 12 00:41:30 ovzhost sshd[855]: Received disconnect from 43.255.190.169: 11:  [preauth]
Apr 12 00:41:30 ovzhost sshd[855]: PAM 2 more authentication failures; logname= uid=0 euid=0 tty=ssh ruser= rhost=43.255.190.169  user=root
Apr 12 00:41:31 ovzhost sshd[861]: pam_unix(sshd:auth): authentication failure; logname= uid=0 euid=0 tty=ssh ruser= rhost=43.255.190.169  user=root
Apr 12 00:41:33 ovzhost sshd[857]: message repeated 2 times: [ Failed password for root from 43.255.190.186 port 49294 ssh2]
Apr 12 00:41:33 ovzhost sshd[857]: Received disconnect from 43.255.190.186: 11:  [preauth]
Apr 12 00:41:33 ovzhost sshd[857]: PAM 2 more authentication failures; logname= uid=0 euid=0 tty=ssh ruser= rhost=43.255.190.186  user=root
Apr 12 00:41:33 ovzhost sshd[861]: Failed password for root from 43.255.190.169 port 33404 ssh2
Apr 12 00:41:33 ovzhost sshd[863]: pam_unix(sshd:auth): authentication failure; logname= uid=0 euid=0 tty=ssh ruser= rhost=43.255.190.186  user=root
Apr 12 00:41:35 ovzhost sshd[863]: Failed password for root from 43.255.190.186 port 38658 ssh2
Apr 12 00:41:37 ovzhost sshd[861]: message repeated 2 times: [ Failed password for root from 43.255.190.169 port 33404 ssh2]
Apr 12 00:41:37 ovzhost sshd[861]: Received disconnect from 43.255.190.169: 11:  [preauth]
Apr 12 00:41:37 ovzhost sshd[861]: PAM 2 more authentication failures; logname= uid=0 euid=0 tty=ssh ruser= rhost=43.255.190.169  user=root
Apr 12 00:41:38 ovzhost sshd[865]: pam_unix(sshd:auth): authentication failure; logname= uid=0 euid=0 tty=ssh ruser= rhost=43.255.190.169  user=root
Apr 12 00:41:39 ovzhost sshd[863]: message repeated 2 times: [ Failed password for root from 43.255.190.186 port 38658 ssh2]
Apr 12 00:41:39 ovzhost sshd[863]: Received disconnect from 43.255.190.186: 11:  [preauth]
Apr 12 00:41:39 ovzhost sshd[863]: PAM 2 more authentication failures; logname= uid=0 euid=0 tty=ssh ruser= rhost=43.255.190.186  user=root
Apr 12 00:41:40 ovzhost sshd[867]: pam_unix(sshd:auth): authentication failure; logname= uid=0 euid=0 tty=ssh ruser= rhost=43.255.190.186  user=root
Apr 12 00:41:40 ovzhost sshd[865]: Failed password for root from 43.255.190.169 port 52267 ssh2
Apr 12 00:41:42 ovzhost sshd[867]: Failed password for root from 43.255.190.186 port 55687 ssh2
Apr 12 00:41:44 ovzhost sshd[865]: message repeated 2 times: [ Failed password for root from 43.255.190.169 port 52267 ssh2]
Apr 12 00:41:44 ovzhost sshd[865]: Received disconnect from 43.255.190.169: 11:  [preauth]
Apr 12 00:41:44 ovzhost sshd[865]: PAM 2 more authentication failures; logname= uid=0 euid=0 tty=ssh ruser= rhost=43.255.190.169  user=root
Apr 12 00:41:45 ovzhost sshd[869]: pam_unix(sshd:auth): authentication failure; logname= uid=0 euid=0 tty=ssh ruser= rhost=43.255.190.169  user=root
Apr 12 00:41:46 ovzhost sshd[867]: message repeated 2 times: [ Failed password for root from 43.255.190.186 port 55687 ssh2]
Apr 12 00:41:46 ovzhost sshd[867]: Received disconnect from 43.255.190.186: 11:  [preauth]
Apr 12 00:41:46 ovzhost sshd[867]: PAM 2 more authentication failures; logname= uid=0 euid=0 tty=ssh ruser= rhost=43.255.190.186  user=root
Apr 12 00:41:46 ovzhost sshd[871]: pam_unix(sshd:auth): authentication failure; logname= uid=0 euid=0 tty=ssh ruser= rhost=43.255.190.186  user=root
Apr 12 00:41:46 ovzhost sshd[869]: Failed password for root from 43.255.190.169 port 43867 ssh2
Apr 12 00:41:48 ovzhost sshd[871]: Failed password for root from 43.255.190.186 port 44549 ssh2
Apr 12 00:41:51 ovzhost sshd[869]: message repeated 2 times: [ Failed password for root from 43.255.190.169 port 43867 ssh2]
Apr 12 00:41:51 ovzhost sshd[869]: Received disconnect from 43.255.190.169: 11:  [preauth]
Apr 12 00:41:51 ovzhost sshd[869]: PAM 2 more authentication failures; logname= uid=0 euid=0 tty=ssh ruser= rhost=43.255.190.169  user=root
Apr 12 00:41:52 ovzhost sshd[874]: pam_unix(sshd:auth): authentication failure; logname= uid=0 euid=0 tty=ssh ruser= rhost=43.255.190.169  user=root
Apr 12 00:41:52 ovzhost sshd[871]: message repeated 2 times: [ Failed password for root from 43.255.190.186 port 44549 ssh2]
Apr 12 00:41:52 ovzhost sshd[871]: Received disconnect from 43.255.190.186: 11:  [preauth]
Apr 12 00:41:52 ovzhost sshd[871]: PAM 2 more authentication failures; logname= uid=0 euid=0 tty=ssh ruser= rhost=43.255.190.186  user=root
Apr 12 00:41:53 ovzhost sshd[876]: pam_unix(sshd:auth): authentication failure; logname= uid=0 euid=0 tty=ssh ruser= rhost=43.255.190.186  user=root
Apr 12 00:41:54 ovzhost sshd[874]: Failed password for root from 43.255.190.169 port 34475 ssh2
Apr 12 00:41:55 ovzhost sshd[876]: Failed password for root from 43.255.190.186 port 33984 ssh2
Apr 12 00:41:57 ovzhost sshd[874]: message repeated 2 times: [ Failed password for root from 43.255.190.169 port 34475 ssh2]
Apr 12 00:41:57 ovzhost sshd[874]: Received disconnect from 43.255.190.169: 11:  [preauth]
Apr 12 00:41:57 ovzhost sshd[874]: PAM 2 more authentication failures; logname= uid=0 euid=0 tty=ssh ruser= rhost=43.255.190.169  user=root
Apr 12 00:41:58 ovzhost sshd[878]: pam_unix(sshd:auth): authentication failure; logname= uid=0 euid=0 tty=ssh ruser= rhost=43.255.190.169  user=root
Apr 12 00:41:58 ovzhost sshd[876]: message repeated 2 times: [ Failed password for root from 43.255.190.186 port 33984 ssh2]
Apr 12 00:41:59 ovzhost sshd[876]: Received disconnect from 43.255.190.186: 11:  [preauth]
Apr 12 00:41:59 ovzhost sshd[876]: PAM 2 more authentication failures; logname= uid=0 euid=0 tty=ssh ruser= rhost=43.255.190.186  user=root
Apr 12 00:41:59 ovzhost sshd[880]: pam_unix(sshd:auth): authentication failure; logname= uid=0 euid=0 tty=ssh ruser= rhost=43.255.190.186  user=root
Apr 12 00:42:00 ovzhost sshd[878]: Failed password for root from 43.255.190.169 port 51846 ssh2
Apr 12 00:42:02 ovzhost sshd[880]: Failed password for root from 43.255.190.186 port 50562 ssh2
Apr 12 00:42:04 ovzhost sshd[878]: message repeated 2 times: [ Failed password for root from 43.255.190.169 port 51846 ssh2]
Apr 12 00:42:04 ovzhost sshd[878]: Received disconnect from 43.255.190.169: 11:  [preauth]
Apr 12 00:42:04 ovzhost sshd[878]: PAM 2 more authentication failures; logname= uid=0 euid=0 tty=ssh ruser= rhost=43.255.190.169  user=root
Apr 12 00:42:05 ovzhost sshd[882]: pam_unix(sshd:auth): authentication failure; logname= uid=0 euid=0 tty=ssh ruser= rhost=43.255.190.169  user=root
Apr 12 00:42:06 ovzhost sshd[880]: message repeated 2 times: [ Failed password for root from 43.255.190.186 port 50562 ssh2]
Apr 12 00:42:06 ovzhost sshd[880]: Received disconnect from 43.255.190.186: 11:  [preauth]
Apr 12 00:42:06 ovzhost sshd[880]: PAM 2 more authentication failures; logname= uid=0 euid=0 tty=ssh ruser= rhost=43.255.190.186  user=root
Apr 12 00:42:06 ovzhost sshd[884]: pam_unix(sshd:auth): authentication failure; logname= uid=0 euid=0 tty=ssh ruser= rhost=43.255.190.186  user=root
Apr 12 00:42:06 ovzhost sshd[882]: Failed password for root from 43.255.190.169 port 41420 ssh2
Apr 12 00:42:08 ovzhost sshd[884]: Failed password for root from 43.255.190.186 port 40034 ssh2
Apr 12 00:42:11 ovzhost sshd[882]: message repeated 2 times: [ Failed password for root from 43.255.190.169 port 41420 ssh2]
Apr 12 00:42:11 ovzhost sshd[882]: Received disconnect from 43.255.190.169: 11:  [preauth]
Apr 12 00:42:11 ovzhost sshd[882]: PAM 2 more authentication failures; logname= uid=0 euid=0 tty=ssh ruser= rhost=43.255.190.169  user=root
Apr 12 00:42:11 ovzhost sshd[886]: pam_unix(sshd:auth): authentication failure; logname= uid=0 euid=0 tty=ssh ruser= rhost=43.255.190.169  user=root
Apr 12 00:42:13 ovzhost sshd[884]: message repeated 2 times: [ Failed password for root from 43.255.190.186 port 40034 ssh2]
Apr 12 00:42:13 ovzhost sshd[884]: Received disconnect from 43.255.190.186: 11:  [preauth]
Apr 12 00:42:13 ovzhost sshd[884]: PAM 2 more authentication failures; logname= uid=0 euid=0 tty=ssh ruser= rhost=43.255.190.186  user=root
Apr 12 00:42:13 ovzhost sshd[888]: pam_unix(sshd:auth): authentication failure; logname= uid=0 euid=0 tty=ssh ruser= rhost=43.255.190.186  user=root
Apr 12 00:42:14 ovzhost sshd[886]: Failed password for root from 43.255.190.169 port 60178 ssh2
Apr 12 00:42:15 ovzhost sshd[888]: Failed password for root from 43.255.190.186 port 56684 ssh2
Apr 12 00:42:17 ovzhost sshd[886]: message repeated 2 times: [ Failed password for root from 43.255.190.169 port 60178 ssh2]
Apr 12 00:42:17 ovzhost sshd[886]: Received disconnect from 43.255.190.169: 11:  [preauth]
Apr 12 00:42:17 ovzhost sshd[886]: PAM 2 more authentication failures; logname= uid=0 euid=0 tty=ssh ruser= rhost=43.255.190.169  user=root
Apr 12 00:42:18 ovzhost sshd[890]: pam_unix(sshd:auth): authentication failure; logname= uid=0 euid=0 tty=ssh ruser= rhost=43.255.190.169  user=root
Apr 12 00:42:20 ovzhost sshd[888]: message repeated 2 times: [ Failed password for root from 43.255.190.186 port 56684 ssh2]
Apr 12 00:42:20 ovzhost sshd[888]: Received disconnect from 43.255.190.186: 11:  [preauth]
Apr 12 00:42:20 ovzhost sshd[888]: PAM 2 more authentication failures; logname= uid=0 euid=0 tty=ssh ruser= rhost=43.255.190.186  user=root
Apr 12 00:42:20 ovzhost sshd[890]: Failed password for root from 43.255.190.169 port 50107 ssh2
Apr 12 00:42:20 ovzhost sshd[892]: pam_unix(sshd:auth): authentication failure; logname= uid=0 euid=0 tty=ssh ruser= rhost=43.255.190.186  user=root
Apr 12 00:42:23 ovzhost sshd[892]: Failed password for root from 43.255.190.186 port 45830 ssh2
Apr 12 00:42:25 ovzhost sshd[890]: message repeated 2 times: [ Failed password for root from 43.255.190.169 port 50107 ssh2]
Apr 12 00:42:25 ovzhost sshd[890]: Received disconnect from 43.255.190.169: 11:  [preauth]
Apr 12 00:42:25 ovzhost sshd[890]: PAM 2 more authentication failures; logname= uid=0 euid=0 tty=ssh ruser= rhost=43.255.190.169  user=root
Apr 12 00:42:25 ovzhost sshd[894]: pam_unix(sshd:auth): authentication failure; logname= uid=0 euid=0 tty=ssh ruser= rhost=43.255.190.169  user=root
Apr 12 00:42:27 ovzhost sshd[892]: message repeated 2 times: [ Failed password for root from 43.255.190.186 port 45830 ssh2]
Apr 12 00:42:27 ovzhost sshd[892]: Received disconnect from 43.255.190.186: 11:  [preauth]
Apr 12 00:42:27 ovzhost sshd[892]: PAM 2 more authentication failures; logname= uid=0 euid=0 tty=ssh ruser= rhost=43.255.190.186  user=root
Apr 12 00:42:27 ovzhost sshd[894]: Failed password for root from 43.255.190.169 port 41146 ssh2
Apr 12 00:42:27 ovzhost sshd[897]: pam_unix(sshd:auth): authentication failure; logname= uid=0 euid=0 tty=ssh ruser= rhost=43.255.190.186  user=root
Apr 12 00:42:30 ovzhost sshd[897]: Failed password for root from 43.255.190.186 port 34672 ssh2
Apr 12 00:42:32 ovzhost sshd[894]: message repeated 2 times: [ Failed password for root from 43.255.190.169 port 41146 ssh2]
Apr 12 00:42:32 ovzhost sshd[894]: Received disconnect from 43.255.190.169: 11:  [preauth]
Apr 12 00:42:32 ovzhost sshd[894]: PAM 2 more authentication failures; logname= uid=0 euid=0 tty=ssh ruser= rhost=43.255.190.169  user=root
Apr 12 00:42:32 ovzhost sshd[899]: pam_unix(sshd:auth): authentication failure; logname= uid=0 euid=0 tty=ssh ruser= rhost=43.255.190.169  user=root
Apr 12 00:42:34 ovzhost sshd[897]: message repeated 2 times: [ Failed password for root from 43.255.190.186 port 34672 ssh2]
Apr 12 00:42:34 ovzhost sshd[897]: Received disconnect from 43.255.190.186: 11:  [preauth]
Apr 12 00:42:34 ovzhost sshd[897]: PAM 2 more authentication failures; logname= uid=0 euid=0 tty=ssh ruser= rhost=43.255.190.186  user=root
Apr 12 00:42:34 ovzhost sshd[899]: Failed password for root from 43.255.190.169 port 58574 ssh2
Apr 12 00:42:35 ovzhost sshd[901]: pam_unix(sshd:auth): authentication failure; logname= uid=0 euid=0 tty=ssh ruser= rhost=43.255.190.186  user=root
Apr 12 00:42:37 ovzhost sshd[901]: Failed password for root from 43.255.190.186 port 51007 ssh2
Apr 12 00:42:39 ovzhost sshd[899]: message repeated 2 times: [ Failed password for root from 43.255.190.169 port 58574 ssh2]
Apr 12 00:42:39 ovzhost sshd[899]: Received disconnect from 43.255.190.169: 11:  [preauth]
Apr 12 00:42:39 ovzhost sshd[899]: PAM 2 more authentication failures; logname= uid=0 euid=0 tty=ssh ruser= rhost=43.255.190.169  user=root
Apr 12 00:42:39 ovzhost sshd[903]: pam_unix(sshd:auth): authentication failure; logname= uid=0 euid=0 tty=ssh ruser= rhost=43.255.190.169  user=root
Apr 12 00:42:41 ovzhost sshd[901]: message repeated 2 times: [ Failed password for root from 43.255.190.186 port 51007 ssh2]
Apr 12 00:42:41 ovzhost sshd[901]: Received disconnect from 43.255.190.186: 11:  [preauth]
Apr 12 00:42:41 ovzhost sshd[901]: PAM 2 more authentication failures; logname= uid=0 euid=0 tty=ssh ruser= rhost=43.255.190.186  user=root
Apr 12 00:42:42 ovzhost sshd[903]: Failed password for root from 43.255.190.169 port 48264 ssh2
Apr 12 00:42:42 ovzhost sshd[905]: pam_unix(sshd:auth): authentication failure; logname= uid=0 euid=0 tty=ssh ruser= rhost=43.255.190.186  user=root
Apr 12 00:42:43 ovzhost sshd[905]: Failed password for root from 43.255.190.186 port 39915 ssh2
Apr 12 00:42:45 ovzhost sshd[903]: message repeated 2 times: [ Failed password for root from 43.255.190.169 port 48264 ssh2]
Apr 12 00:42:45 ovzhost sshd[903]: Received disconnect from 43.255.190.169: 11:  [preauth]
Apr 12 00:42:45 ovzhost sshd[903]: PAM 2 more authentication failures; logname= uid=0 euid=0 tty=ssh ruser= rhost=43.255.190.169  user=root
Apr 12 00:42:46 ovzhost sshd[907]: pam_unix(sshd:auth): authentication failure; logname= uid=0 euid=0 tty=ssh ruser= rhost=43.255.190.169  user=root
Apr 12 00:42:47 ovzhost sshd[905]: message repeated 2 times: [ Failed password for root from 43.255.190.186 port 39915 ssh2]
Apr 12 00:42:47 ovzhost sshd[905]: Received disconnect from 43.255.190.186: 11:  [preauth]
Apr 12 00:42:47 ovzhost sshd[905]: PAM 2 more authentication failures; logname= uid=0 euid=0 tty=ssh ruser= rhost=43.255.190.186  user=root
Apr 12 00:42:48 ovzhost sshd[907]: Failed password for root from 43.255.190.169 port 36535 ssh2
Apr 12 00:42:48 ovzhost sshd[909]: pam_unix(sshd:auth): authentication failure; logname= uid=0 euid=0 tty=ssh ruser= rhost=43.255.190.186  user=root
Apr 12 00:42:50 ovzhost sshd[909]: Failed password for root from 43.255.190.186 port 54671 ssh2
Apr 12 00:42:52 ovzhost sshd[907]: message repeated 2 times: [ Failed password for root from 43.255.190.169 port 36535 ssh2]
Apr 12 00:42:52 ovzhost sshd[907]: Received disconnect from 43.255.190.169: 11:  [preauth]
Apr 12 00:42:52 ovzhost sshd[907]: PAM 2 more authentication failures; logname= uid=0 euid=0 tty=ssh ruser= rhost=43.255.190.169  user=root
Apr 12 00:42:52 ovzhost sshd[911]: pam_unix(sshd:auth): authentication failure; logname= uid=0 euid=0 tty=ssh ruser= rhost=43.255.190.169  user=root
Apr 12 00:42:54 ovzhost sshd[909]: message repeated 2 times: [ Failed password for root from 43.255.190.186 port 54671 ssh2]
Apr 12 00:42:54 ovzhost sshd[909]: Received disconnect from 43.255.190.186: 11:  [preauth]
Apr 12 00:42:54 ovzhost sshd[909]: PAM 2 more authentication failures; logname= uid=0 euid=0 tty=ssh ruser= rhost=43.255.190.186  user=root
Apr 12 00:42:55 ovzhost sshd[911]: Failed password for root from 43.255.190.169 port 52746 ssh2
Apr 12 00:42:55 ovzhost sshd[916]: pam_unix(sshd:auth): authentication failure; logname= uid=0 euid=0 tty=ssh ruser= rhost=43.255.190.186  user=root
Apr 12 00:42:57 ovzhost sshd[918]: pam_unix(sshd:auth): authentication failure; logname= uid=0 euid=0 tty=ssh ruser= rhost=43.255.190.186  user=root
Apr 12 00:42:57 ovzhost sshd[916]: Failed password for root from 43.255.190.186 port 42384 ssh2
Apr 12 00:42:59 ovzhost sshd[918]: Failed password for root from 43.255.190.186 port 47248 ssh2
Apr 12 00:42:59 ovzhost sshd[911]: message repeated 2 times: [ Failed password for root from 43.255.190.169 port 52746 ssh2]
Apr 12 00:42:59 ovzhost sshd[911]: Received disconnect from 43.255.190.169: 11:  [preauth]
Apr 12 00:42:59 ovzhost sshd[911]: PAM 2 more authentication failures; logname= uid=0 euid=0 tty=ssh ruser= rhost=43.255.190.169  user=root
Apr 12 00:43:00 ovzhost sshd[920]: pam_unix(sshd:auth): authentication failure; logname= uid=0 euid=0 tty=ssh ruser= rhost=43.255.190.169  user=root
Apr 12 00:43:01 ovzhost sshd[916]: message repeated 2 times: [ Failed password for root from 43.255.190.186 port 42384 ssh2]
Apr 12 00:43:01 ovzhost sshd[916]: Received disconnect from 43.255.190.186: 11:  [preauth]
Apr 12 00:43:01 ovzhost sshd[916]: PAM 2 more authentication failures; logname= uid=0 euid=0 tty=ssh ruser= rhost=43.255.190.186  user=root
Apr 12 00:43:01 ovzhost sshd[920]: Failed password for root from 43.255.190.169 port 42159 ssh2
Apr 12 00:43:02 ovzhost sshd[922]: pam_unix(sshd:auth): authentication failure; logname= uid=0 euid=0 tty=ssh ruser= rhost=43.255.190.186  user=root
Apr 12 00:43:03 ovzhost sshd[918]: message repeated 2 times: [ Failed password for root from 43.255.190.186 port 47248 ssh2]
Apr 12 00:43:03 ovzhost sshd[918]: Received disconnect from 43.255.190.186: 11:  [preauth]
Apr 12 00:43:03 ovzhost sshd[918]: PAM 2 more authentication failures; logname= uid=0 euid=0 tty=ssh ruser= rhost=43.255.190.186  user=root
Apr 12 00:43:03 ovzhost sshd[924]: pam_unix(sshd:auth): authentication failure; logname= uid=0 euid=0 tty=ssh ruser= rhost=43.255.190.186  user=root
Apr 12 00:43:04 ovzhost sshd[922]: Failed password for root from 43.255.190.186 port 59227 ssh2
Apr 12 00:43:06 ovzhost sshd[920]: message repeated 2 times: [ Failed password for root from 43.255.190.169 port 42159 ssh2]
Apr 12 00:43:06 ovzhost sshd[920]: Received disconnect from 43.255.190.169: 11:  [preauth]
Apr 12 00:43:06 ovzhost sshd[920]: PAM 2 more authentication failures; logname= uid=0 euid=0 tty=ssh ruser= rhost=43.255.190.169  user=root
Apr 12 00:43:06 ovzhost sshd[924]: Failed password for root from 43.255.190.186 port 34476 ssh2
Apr 12 00:43:06 ovzhost sshd[926]: pam_unix(sshd:auth): authentication failure; logname= uid=0 euid=0 tty=ssh ruser= rhost=43.255.190.169  user=root
Apr 12 00:43:08 ovzhost sshd[926]: Failed password for root from 43.255.190.169 port 58661 ssh2
Apr 12 00:43:08 ovzhost sshd[922]: message repeated 2 times: [ Failed password for root from 43.255.190.186 port 59227 ssh2]
Apr 12 00:43:08 ovzhost sshd[922]: Received disconnect from 43.255.190.186: 11:  [preauth]
Apr 12 00:43:08 ovzhost sshd[922]: PAM 2 more authentication failures; logname= uid=0 euid=0 tty=ssh ruser= rhost=43.255.190.186  user=root
Apr 12 00:43:09 ovzhost sshd[928]: pam_unix(sshd:auth): authentication failure; logname= uid=0 euid=0 tty=ssh ruser= rhost=43.255.190.186  user=root
Apr 12 00:43:10 ovzhost sshd[924]: message repeated 2 times: [ Failed password for root from 43.255.190.186 port 34476 ssh2]
Apr 12 00:43:10 ovzhost sshd[924]: Received disconnect from 43.255.190.186: 11:  [preauth]
Apr 12 00:43:10 ovzhost sshd[924]: PAM 2 more authentication failures; logname= uid=0 euid=0 tty=ssh ruser= rhost=43.255.190.186  user=root
Apr 12 00:43:10 ovzhost sshd[930]: pam_unix(sshd:auth): authentication failure; logname= uid=0 euid=0 tty=ssh ruser= rhost=43.255.190.186  user=root
Apr 12 00:43:11 ovzhost sshd[928]: Failed password for root from 43.255.190.186 port 47149 ssh2
Apr 12 00:43:12 ovzhost sshd[926]: message repeated 2 times: [ Failed password for root from 43.255.190.169 port 58661 ssh2]
Apr 12 00:43:12 ovzhost sshd[926]: Received disconnect from 43.255.190.169: 11:  [preauth]
Apr 12 00:43:12 ovzhost sshd[926]: PAM 2 more authentication failures; logname= uid=0 euid=0 tty=ssh ruser= rhost=43.255.190.169  user=root
Apr 12 00:43:12 ovzhost sshd[930]: Failed password for root from 43.255.190.186 port 50424 ssh2
Apr 12 00:43:12 ovzhost sshd[932]: pam_unix(sshd:auth): authentication failure; logname= uid=0 euid=0 tty=ssh ruser= rhost=43.255.190.169  user=root
Apr 12 00:43:14 ovzhost sshd[932]: Failed password for root from 43.255.190.169 port 46282 ssh2
Apr 12 00:43:15 ovzhost sshd[928]: message repeated 2 times: [ Failed password for root from 43.255.190.186 port 47149 ssh2]
Apr 12 00:43:15 ovzhost sshd[928]: Received disconnect from 43.255.190.186: 11:  [preauth]
Apr 12 00:43:15 ovzhost sshd[928]: PAM 2 more authentication failures; logname= uid=0 euid=0 tty=ssh ruser= rhost=43.255.190.186  user=root
Apr 12 00:43:16 ovzhost sshd[934]: pam_unix(sshd:auth): authentication failure; logname= uid=0 euid=0 tty=ssh ruser= rhost=43.255.190.186  user=root
Apr 12 00:43:16 ovzhost sshd[930]: message repeated 2 times: [ Failed password for root from 43.255.190.186 port 50424 ssh2]
Apr 12 00:43:16 ovzhost sshd[930]: Received disconnect from 43.255.190.186: 11:  [preauth]
Apr 12 00:43:16 ovzhost sshd[930]: PAM 2 more authentication failures; logname= uid=0 euid=0 tty=ssh ruser= rhost=43.255.190.186  user=root
Apr 12 00:43:17 ovzhost sshd[936]: pam_unix(sshd:auth): authentication failure; logname= uid=0 euid=0 tty=ssh ruser= rhost=43.255.190.186  user=root
Apr 12 00:43:18 ovzhost sshd[934]: Failed password for root from 43.255.190.186 port 35095 ssh2
Apr 12 00:43:19 ovzhost sshd[932]: message repeated 2 times: [ Failed password for root from 43.255.190.169 port 46282 ssh2]
Apr 12 00:43:19 ovzhost sshd[932]: Received disconnect from 43.255.190.169: 11:  [preauth]
Apr 12 00:43:19 ovzhost sshd[932]: PAM 2 more authentication failures; logname= uid=0 euid=0 tty=ssh ruser= rhost=43.255.190.169  user=root
Apr 12 00:43:19 ovzhost sshd[936]: Failed password for root from 43.255.190.186 port 38153 ssh2
Apr 12 00:43:20 ovzhost sshd[938]: pam_unix(sshd:auth): authentication failure; logname= uid=0 euid=0 tty=ssh ruser= rhost=43.255.190.169  user=root
Apr 12 00:43:22 ovzhost sshd[938]: Failed password for root from 43.255.190.169 port 34927 ssh2
Apr 12 00:43:22 ovzhost sshd[934]: message repeated 2 times: [ Failed password for root from 43.255.190.186 port 35095 ssh2]
Apr 12 00:43:22 ovzhost sshd[934]: Received disconnect from 43.255.190.186: 11:  [preauth]
Apr 12 00:43:22 ovzhost sshd[934]: PAM 2 more authentication failures; logname= uid=0 euid=0 tty=ssh ruser= rhost=43.255.190.186  user=root
Apr 12 00:43:22 ovzhost sshd[940]: pam_unix(sshd:auth): authentication failure; logname= uid=0 euid=0 tty=ssh ruser= rhost=43.255.190.186  user=root
Apr 12 00:43:23 ovzhost sshd[936]: message repeated 2 times: [ Failed password for root from 43.255.190.186 port 38153 ssh2]
Apr 12 00:43:24 ovzhost sshd[936]: Received disconnect from 43.255.190.186: 11:  [preauth]
Apr 12 00:43:24 ovzhost sshd[936]: PAM 2 more authentication failures; logname= uid=0 euid=0 tty=ssh ruser= rhost=43.255.190.186  user=root
Apr 12 00:43:24 ovzhost sshd[942]: pam_unix(sshd:auth): authentication failure; logname= uid=0 euid=0 tty=ssh ruser= rhost=43.255.190.186  user=root
Apr 12 00:43:25 ovzhost sshd[940]: Failed password for root from 43.255.190.186 port 50780 ssh2
Apr 12 00:43:26 ovzhost sshd[942]: Failed password for root from 43.255.190.186 port 54376 ssh2
Apr 12 00:43:26 ovzhost sshd[938]: message repeated 2 times: [ Failed password for root from 43.255.190.169 port 34927 ssh2]
Apr 12 00:43:26 ovzhost sshd[938]: Received disconnect from 43.255.190.169: 11:  [preauth]
Apr 12 00:43:26 ovzhost sshd[938]: PAM 2 more authentication failures; logname= uid=0 euid=0 tty=ssh ruser= rhost=43.255.190.169  user=root
Apr 12 00:43:27 ovzhost sshd[944]: pam_unix(sshd:auth): authentication failure; logname= uid=0 euid=0 tty=ssh ruser= rhost=43.255.190.169  user=root
Apr 12 00:43:29 ovzhost sshd[944]: Failed password for root from 43.255.190.169 port 51703 ssh2
Apr 12 00:43:29 ovzhost sshd[940]: message repeated 2 times: [ Failed password for root from 43.255.190.186 port 50780 ssh2]
Apr 12 00:43:29 ovzhost sshd[940]: Received disconnect from 43.255.190.186: 11:  [preauth]
Apr 12 00:43:29 ovzhost sshd[940]: PAM 2 more authentication failures; logname= uid=0 euid=0 tty=ssh ruser= rhost=43.255.190.186  user=root
Apr 12 00:43:30 ovzhost sshd[946]: pam_unix(sshd:auth): authentication failure; logname= uid=0 euid=0 tty=ssh ruser= rhost=43.255.190.186  user=root
Apr 12 00:43:31 ovzhost sshd[942]: message repeated 2 times: [ Failed password for root from 43.255.190.186 port 54376 ssh2]
Apr 12 00:43:31 ovzhost sshd[942]: Received disconnect from 43.255.190.186: 11:  [preauth]
Apr 12 00:43:31 ovzhost sshd[942]: PAM 2 more authentication failures; logname= uid=0 euid=0 tty=ssh ruser= rhost=43.255.190.186  user=root
Apr 12 00:43:31 ovzhost sshd[950]: pam_unix(sshd:auth): authentication failure; logname= uid=0 euid=0 tty=ssh ruser= rhost=43.255.190.186  user=root
Apr 12 00:43:32 ovzhost sshd[946]: Failed password for root from 43.255.190.186 port 38935 ssh2
Apr 12 00:43:33 ovzhost sshd[944]: message repeated 2 times: [ Failed password for root from 43.255.190.169 port 51703 ssh2]
Apr 12 00:43:33 ovzhost sshd[944]: Received disconnect from 43.255.190.169: 11:  [preauth]
Apr 12 00:43:33 ovzhost sshd[944]: PAM 2 more authentication failures; logname= uid=0 euid=0 tty=ssh ruser= rhost=43.255.190.169  user=root
Apr 12 00:43:33 ovzhost sshd[950]: Failed password for root from 43.255.190.186 port 42354 ssh2
Apr 12 00:43:34 ovzhost sshd[952]: pam_unix(sshd:auth): authentication failure; logname= uid=0 euid=0 tty=ssh ruser= rhost=43.255.190.169  user=root
Apr 12 00:43:36 ovzhost sshd[952]: Failed password for root from 43.255.190.169 port 40499 ssh2
Apr 12 00:43:36 ovzhost sshd[946]: message repeated 2 times: [ Failed password for root from 43.255.190.186 port 38935 ssh2]
Apr 12 00:43:36 ovzhost sshd[946]: Received disconnect from 43.255.190.186: 11:  [preauth]
Apr 12 00:43:36 ovzhost sshd[946]: PAM 2 more authentication failures; logname= uid=0 euid=0 tty=ssh ruser= rhost=43.255.190.186  user=root
Apr 12 00:43:37 ovzhost sshd[954]: pam_unix(sshd:auth): authentication failure; logname= uid=0 euid=0 tty=ssh ruser= rhost=43.255.190.186  user=root
Apr 12 00:43:38 ovzhost sshd[950]: message repeated 2 times: [ Failed password for root from 43.255.190.186 port 42354 ssh2]
Apr 12 00:43:38 ovzhost sshd[950]: Received disconnect from 43.255.190.186: 11:  [preauth]
Apr 12 00:43:38 ovzhost sshd[950]: PAM 2 more authentication failures; logname= uid=0 euid=0 tty=ssh ruser= rhost=43.255.190.186  user=root
Apr 12 00:43:38 ovzhost sshd[956]: pam_unix(sshd:auth): authentication failure; logname= uid=0 euid=0 tty=ssh ruser= rhost=43.255.190.186  user=root
Apr 12 00:43:39 ovzhost sshd[954]: Failed password for root from 43.255.190.186 port 54789 ssh2
Apr 12 00:43:41 ovzhost sshd[952]: message repeated 2 times: [ Failed password for root from 43.255.190.169 port 40499 ssh2]
Apr 12 00:43:41 ovzhost sshd[952]: Received disconnect from 43.255.190.169: 11:  [preauth]
Apr 12 00:43:41 ovzhost sshd[952]: PAM 2 more authentication failures; logname= uid=0 euid=0 tty=ssh ruser= rhost=43.255.190.169  user=root
Apr 12 00:43:41 ovzhost sshd[956]: Failed password for root from 43.255.190.186 port 58407 ssh2
Apr 12 00:43:41 ovzhost sshd[958]: pam_unix(sshd:auth): authentication failure; logname= uid=0 euid=0 tty=ssh ruser= rhost=43.255.190.169  user=root
Apr 12 00:43:43 ovzhost sshd[954]: message repeated 2 times: [ Failed password for root from 43.255.190.186 port 54789 ssh2]
Apr 12 00:43:43 ovzhost sshd[954]: Received disconnect from 43.255.190.186: 11:  [preauth]
Apr 12 00:43:43 ovzhost sshd[954]: PAM 2 more authentication failures; logname= uid=0 euid=0 tty=ssh ruser= rhost=43.255.190.186  user=root
Apr 12 00:43:43 ovzhost sshd[958]: Failed password for root from 43.255.190.169 port 58021 ssh2
Apr 12 00:43:44 ovzhost sshd[960]: pam_unix(sshd:auth): authentication failure; logname= uid=0 euid=0 tty=ssh ruser= rhost=43.255.190.186  user=root
Apr 12 00:43:45 ovzhost sshd[956]: message repeated 2 times: [ Failed password for root from 43.255.190.186 port 58407 ssh2]
Apr 12 00:43:45 ovzhost sshd[956]: Received disconnect from 43.255.190.186: 11:  [preauth]
Apr 12 00:43:45 ovzhost sshd[956]: PAM 2 more authentication failures; logname= uid=0 euid=0 tty=ssh ruser= rhost=43.255.190.186  user=root
Apr 12 00:43:45 ovzhost sshd[962]: pam_unix(sshd:auth): authentication failure; logname= uid=0 euid=0 tty=ssh ruser= rhost=43.255.190.186  user=root
Apr 12 00:43:46 ovzhost sshd[960]: Failed password for root from 43.255.190.186 port 42366 ssh2
Apr 12 00:43:47 ovzhost sshd[958]: message repeated 2 times: [ Failed password for root from 43.255.190.169 port 58021 ssh2]
Apr 12 00:43:48 ovzhost sshd[958]: Received disconnect from 43.255.190.169: 11:  [preauth]
Apr 12 00:43:48 ovzhost sshd[958]: PAM 2 more authentication failures; logname= uid=0 euid=0 tty=ssh ruser= rhost=43.255.190.169  user=root
Apr 12 00:43:48 ovzhost sshd[962]: Failed password for root from 43.255.190.186 port 46020 ssh2
Apr 12 00:43:48 ovzhost sshd[964]: pam_unix(sshd:auth): authentication failure; logname= uid=0 euid=0 tty=ssh ruser= rhost=43.255.190.169  user=root
Apr 12 00:43:49 ovzhost sshd[960]: message repeated 2 times: [ Failed password for root from 43.255.190.186 port 42366 ssh2]
Apr 12 00:43:49 ovzhost sshd[960]: Received disconnect from 43.255.190.186: 11:  [preauth]
Apr 12 00:43:49 ovzhost sshd[960]: PAM 2 more authentication failures; logname= uid=0 euid=0 tty=ssh ruser= rhost=43.255.190.186  user=root
Apr 12 00:43:50 ovzhost sshd[964]: Failed password for root from 43.255.190.169 port 46795 ssh2
Apr 12 00:43:50 ovzhost sshd[968]: pam_unix(sshd:auth): authentication failure; logname= uid=0 euid=0 tty=ssh ruser= rhost=43.255.190.186  user=root
Apr 12 00:43:52 ovzhost sshd[962]: message repeated 2 times: [ Failed password for root from 43.255.190.186 port 46020 ssh2]
Apr 12 00:43:52 ovzhost sshd[962]: Received disconnect from 43.255.190.186: 11:  [preauth]
Apr 12 00:43:52 ovzhost sshd[962]: PAM 2 more authentication failures; logname= uid=0 euid=0 tty=ssh ruser= rhost=43.255.190.186  user=root
Apr 12 00:43:52 ovzhost sshd[968]: Failed password for root from 43.255.190.186 port 55909 ssh2
Apr 12 00:43:53 ovzhost sshd[970]: pam_unix(sshd:auth): authentication failure; logname= uid=0 euid=0 tty=ssh ruser= rhost=43.255.190.186  user=root
Apr 12 00:43:55 ovzhost sshd[970]: Failed password for root from 43.255.190.186 port 33642 ssh2
Apr 12 00:43:55 ovzhost sshd[964]: message repeated 2 times: [ Failed password for root from 43.255.190.169 port 46795 ssh2]
Apr 12 00:43:55 ovzhost sshd[964]: Received disconnect from 43.255.190.169: 11:  [preauth]
Apr 12 00:43:55 ovzhost sshd[964]: PAM 2 more authentication failures; logname= uid=0 euid=0 tty=ssh ruser= rhost=43.255.190.169  user=root
Apr 12 00:43:56 ovzhost sshd[974]: pam_unix(sshd:auth): authentication failure; logname= uid=0 euid=0 tty=ssh ruser= rhost=43.255.190.169  user=root
Apr 12 00:43:57 ovzhost sshd[968]: message repeated 2 times: [ Failed password for root from 43.255.190.186 port 55909 ssh2]
Apr 12 00:43:57 ovzhost sshd[968]: Received disconnect from 43.255.190.186: 11:  [preauth]
Apr 12 00:43:57 ovzhost sshd[968]: PAM 2 more authentication failures; logname= uid=0 euid=0 tty=ssh ruser= rhost=43.255.190.186  user=root
Apr 12 00:43:57 ovzhost sshd[974]: Failed password for root from 43.255.190.169 port 35859 ssh2
Apr 12 00:43:57 ovzhost sshd[976]: pam_unix(sshd:auth): authentication failure; logname= uid=0 euid=0 tty=ssh ruser= rhost=43.255.190.186  user=root
Apr 12 00:43:59 ovzhost sshd[970]: message repeated 2 times: [ Failed password for root from 43.255.190.186 port 33642 ssh2]
Apr 12 00:43:59 ovzhost sshd[970]: Received disconnect from 43.255.190.186: 11:  [preauth]
Apr 12 00:43:59 ovzhost sshd[970]: PAM 2 more authentication failures; logname= uid=0 euid=0 tty=ssh ruser= rhost=43.255.190.186  user=root
Apr 12 00:43:59 ovzhost sshd[978]: pam_unix(sshd:auth): authentication failure; logname= uid=0 euid=0 tty=ssh ruser= rhost=43.255.190.186  user=root
Apr 12 00:43:59 ovzhost sshd[976]: Failed password for root from 43.255.190.186 port 45068 ssh2
Apr 12 00:44:01 ovzhost sshd[978]: Failed password for root from 43.255.190.186 port 48767 ssh2
Apr 12 00:44:02 ovzhost sshd[974]: message repeated 2 times: [ Failed password for root from 43.255.190.169 port 35859 ssh2]
Apr 12 00:44:02 ovzhost sshd[974]: Received disconnect from 43.255.190.169: 11:  [preauth]
Apr 12 00:44:02 ovzhost sshd[974]: PAM 2 more authentication failures; logname= uid=0 euid=0 tty=ssh ruser= rhost=43.255.190.169  user=root
Apr 12 00:44:02 ovzhost sshd[980]: pam_unix(sshd:auth): authentication failure; logname= uid=0 euid=0 tty=ssh ruser= rhost=43.255.190.169  user=root
Apr 12 00:44:04 ovzhost sshd[976]: message repeated 2 times: [ Failed password for root from 43.255.190.186 port 45068 ssh2]
Apr 12 00:44:04 ovzhost sshd[976]: Received disconnect from 43.255.190.186: 11:  [preauth]
Apr 12 00:44:04 ovzhost sshd[976]: PAM 2 more authentication failures; logname= uid=0 euid=0 tty=ssh ruser= rhost=43.255.190.186  user=root
Apr 12 00:44:04 ovzhost sshd[980]: Failed password for root from 43.255.190.169 port 52449 ssh2
Apr 12 00:44:04 ovzhost sshd[982]: pam_unix(sshd:auth): authentication failure; logname= uid=0 euid=0 tty=ssh ruser= rhost=43.255.190.186  user=root
Apr 12 00:44:06 ovzhost sshd[978]: message repeated 2 times: [ Failed password for root from 43.255.190.186 port 48767 ssh2]
Apr 12 00:44:06 ovzhost sshd[978]: Received disconnect from 43.255.190.186: 11:  [preauth]
Apr 12 00:44:06 ovzhost sshd[978]: PAM 2 more authentication failures; logname= uid=0 euid=0 tty=ssh ruser= rhost=43.255.190.186  user=root
Apr 12 00:44:07 ovzhost sshd[984]: pam_unix(sshd:auth): authentication failure; logname= uid=0 euid=0 tty=ssh ruser= rhost=43.255.190.186  user=root
Apr 12 00:44:07 ovzhost sshd[982]: Failed password for root from 43.255.190.186 port 32947 ssh2
Apr 12 00:44:09 ovzhost sshd[984]: Failed password for root from 43.255.190.186 port 36973 ssh2
Apr 12 00:44:09 ovzhost sshd[980]: message repeated 2 times: [ Failed password for root from 43.255.190.169 port 52449 ssh2]
Apr 12 00:44:09 ovzhost sshd[980]: Received disconnect from 43.255.190.169: 11:  [preauth]
Apr 12 00:44:09 ovzhost sshd[980]: PAM 2 more authentication failures; logname= uid=0 euid=0 tty=ssh ruser= rhost=43.255.190.169  user=root
Apr 12 00:44:09 ovzhost sshd[986]: pam_unix(sshd:auth): authentication failure; logname= uid=0 euid=0 tty=ssh ruser= rhost=43.255.190.169  user=root
Apr 12 00:44:11 ovzhost sshd[982]: message repeated 2 times: [ Failed password for root from 43.255.190.186 port 32947 ssh2]
Apr 12 00:44:11 ovzhost sshd[982]: Received disconnect from 43.255.190.186: 11:  [preauth]
Apr 12 00:44:11 ovzhost sshd[982]: PAM 2 more authentication failures; logname= uid=0 euid=0 tty=ssh ruser= rhost=43.255.190.186  user=root
Apr 12 00:44:11 ovzhost sshd[986]: Failed password for root from 43.255.190.169 port 40812 ssh2
Apr 12 00:44:11 ovzhost sshd[988]: pam_unix(sshd:auth): authentication failure; logname= uid=0 euid=0 tty=ssh ruser= rhost=43.255.190.186  user=root
Apr 12 00:44:13 ovzhost sshd[984]: message repeated 2 times: [ Failed password for root from 43.255.190.186 port 36973 ssh2]
Apr 12 00:44:13 ovzhost sshd[984]: Received disconnect from 43.255.190.186: 11:  [preauth]
Apr 12 00:44:13 ovzhost sshd[984]: PAM 2 more authentication failures; logname= uid=0 euid=0 tty=ssh ruser= rhost=43.255.190.186  user=root
Apr 12 00:44:13 ovzhost sshd[990]: pam_unix(sshd:auth): authentication failure; logname= uid=0 euid=0 tty=ssh ruser= rhost=43.255.190.186  user=root
Apr 12 00:44:14 ovzhost sshd[988]: Failed password for root from 43.255.190.186 port 48820 ssh2
Apr 12 00:44:16 ovzhost sshd[990]: Failed password for root from 43.255.190.186 port 52726 ssh2
Apr 12 00:44:16 ovzhost sshd[986]: message repeated 2 times: [ Failed password for root from 43.255.190.169 port 40812 ssh2]
Apr 12 00:44:16 ovzhost sshd[986]: Received disconnect from 43.255.190.169: 11:  [preauth]
Apr 12 00:44:16 ovzhost sshd[986]: PAM 2 more authentication failures; logname= uid=0 euid=0 tty=ssh ruser= rhost=43.255.190.169  user=root
Apr 12 00:44:16 ovzhost sshd[992]: pam_unix(sshd:auth): authentication failure; logname= uid=0 euid=0 tty=ssh ruser= rhost=43.255.190.169  user=root
Apr 12 00:44:18 ovzhost sshd[988]: message repeated 2 times: [ Failed password for root from 43.255.190.186 port 48820 ssh2]
Apr 12 00:44:18 ovzhost sshd[988]: Received disconnect from 43.255.190.186: 11:  [preauth]
Apr 12 00:44:18 ovzhost sshd[988]: PAM 2 more authentication failures; logname= uid=0 euid=0 tty=ssh ruser= rhost=43.255.190.186  user=root
Apr 12 00:44:19 ovzhost sshd[992]: Failed password for root from 43.255.190.169 port 56617 ssh2
Apr 12 00:44:19 ovzhost sshd[994]: pam_unix(sshd:auth): authentication failure; logname= uid=0 euid=0 tty=ssh ruser= rhost=43.255.190.186  user=root
Apr 12 00:44:20 ovzhost sshd[990]: message repeated 2 times: [ Failed password for root from 43.255.190.186 port 52726 ssh2]
Apr 12 00:44:20 ovzhost sshd[990]: Received disconnect from 43.255.190.186: 11:  [preauth]
Apr 12 00:44:20 ovzhost sshd[990]: PAM 2 more authentication failures; logname= uid=0 euid=0 tty=ssh ruser= rhost=43.255.190.186  user=root
Apr 12 00:44:20 ovzhost sshd[994]: Failed password for root from 43.255.190.186 port 36989 ssh2
Apr 12 00:44:21 ovzhost sshd[996]: pam_unix(sshd:auth): authentication failure; logname= uid=0 euid=0 tty=ssh ruser= rhost=43.255.190.186  user=root
Apr 12 00:44:22 ovzhost sshd[996]: Failed password for root from 43.255.190.186 port 40369 ssh2
Apr 12 00:44:22 ovzhost sshd[992]: message repeated 2 times: [ Failed password for root from 43.255.190.169 port 56617 ssh2]
Apr 12 00:44:22 ovzhost sshd[992]: Received disconnect from 43.255.190.169: 11:  [preauth]
Apr 12 00:44:22 ovzhost sshd[992]: PAM 2 more authentication failures; logname= uid=0 euid=0 tty=ssh ruser= rhost=43.255.190.169  user=root
Apr 12 00:44:23 ovzhost sshd[998]: pam_unix(sshd:auth): authentication failure; logname= uid=0 euid=0 tty=ssh ruser= rhost=43.255.190.169  user=root
Apr 12 00:44:25 ovzhost sshd[994]: message repeated 2 times: [ Failed password for root from 43.255.190.186 port 36989 ssh2]
Apr 12 00:44:25 ovzhost sshd[994]: Received disconnect from 43.255.190.186: 11:  [preauth]
Apr 12 00:44:25 ovzhost sshd[994]: PAM 2 more authentication failures; logname= uid=0 euid=0 tty=ssh ruser= rhost=43.255.190.186  user=root
Apr 12 00:44:25 ovzhost sshd[998]: Failed password for root from 43.255.190.169 port 44176 ssh2
Apr 12 00:44:25 ovzhost sshd[1000]: pam_unix(sshd:auth): authentication failure; logname= uid=0 euid=0 tty=ssh ruser= rhost=43.255.190.186  user=root
Apr 12 00:44:27 ovzhost sshd[996]: message repeated 2 times: [ Failed password for root from 43.255.190.186 port 40369 ssh2]
Apr 12 00:44:27 ovzhost sshd[996]: Received disconnect from 43.255.190.186: 11:  [preauth]
Apr 12 00:44:27 ovzhost sshd[996]: PAM 2 more authentication failures; logname= uid=0 euid=0 tty=ssh ruser= rhost=43.255.190.186  user=root
Apr 12 00:44:27 ovzhost sshd[1002]: pam_unix(sshd:auth): authentication failure; logname= uid=0 euid=0 tty=ssh ruser= rhost=43.255.190.186  user=root
Apr 12 00:44:28 ovzhost sshd[1000]: Failed password for root from 43.255.190.186 port 51741 ssh2
Apr 12 00:44:30 ovzhost sshd[998]: message repeated 2 times: [ Failed password for root from 43.255.190.169 port 44176 ssh2]
Apr 12 00:44:30 ovzhost sshd[998]: Received disconnect from 43.255.190.169: 11:  [preauth]
Apr 12 00:44:30 ovzhost sshd[998]: PAM 2 more authentication failures; logname= uid=0 euid=0 tty=ssh ruser= rhost=43.255.190.169  user=root
Apr 12 00:44:30 ovzhost sshd[1002]: Failed password for root from 43.255.190.186 port 55552 ssh2
Apr 12 00:44:30 ovzhost sshd[1004]: pam_unix(sshd:auth): authentication failure; logname= uid=0 euid=0 tty=ssh ruser= rhost=43.255.190.169  user=root
Apr 12 00:44:31 ovzhost sshd[1004]: Failed password for root from 43.255.190.169 port 32955 ssh2
Apr 12 00:44:31 ovzhost sshd[1000]: message repeated 2 times: [ Failed password for root from 43.255.190.186 port 51741 ssh2]
Apr 12 00:44:32 ovzhost sshd[1000]: Received disconnect from 43.255.190.186: 11:  [preauth]
Apr 12 00:44:32 ovzhost sshd[1000]: PAM 2 more authentication failures; logname= uid=0 euid=0 tty=ssh ruser= rhost=43.255.190.186  user=root
Apr 12 00:44:32 ovzhost sshd[1006]: pam_unix(sshd:auth): authentication failure; logname= uid=0 euid=0 tty=ssh ruser= rhost=43.255.190.186  user=root
Apr 12 00:44:33 ovzhost sshd[1002]: message repeated 2 times: [ Failed password for root from 43.255.190.186 port 55552 ssh2]
Apr 12 00:44:33 ovzhost sshd[1002]: Received disconnect from 43.255.190.186: 11:  [preauth]
Apr 12 00:44:33 ovzhost sshd[1002]: PAM 2 more authentication failures; logname= uid=0 euid=0 tty=ssh ruser= rhost=43.255.190.186  user=root
Apr 12 00:44:33 ovzhost sshd[1008]: pam_unix(sshd:auth): authentication failure; logname= uid=0 euid=0 tty=ssh ruser= rhost=43.255.190.186  user=root
Apr 12 00:44:34 ovzhost sshd[1006]: Failed password for root from 43.255.190.186 port 38108 ssh2
Apr 12 00:44:35 ovzhost sshd[1008]: Failed password for root from 43.255.190.186 port 40776 ssh2
Apr 12 00:44:35 ovzhost sshd[1004]: message repeated 2 times: [ Failed password for root from 43.255.190.169 port 32955 ssh2]
Apr 12 00:44:35 ovzhost sshd[1004]: Received disconnect from 43.255.190.169: 11:  [preauth]
Apr 12 00:44:35 ovzhost sshd[1004]: PAM 2 more authentication failures; logname= uid=0 euid=0 tty=ssh ruser= rhost=43.255.190.169  user=root
Apr 12 00:44:36 ovzhost sshd[1010]: pam_unix(sshd:auth): authentication failure; logname= uid=0 euid=0 tty=ssh ruser= rhost=43.255.190.169  user=root
Apr 12 00:44:38 ovzhost sshd[1010]: Failed password for root from 43.255.190.169 port 46669 ssh2
Apr 12 00:44:38 ovzhost sshd[1006]: message repeated 2 times: [ Failed password for root from 43.255.190.186 port 38108 ssh2]
Apr 12 00:44:38 ovzhost sshd[1006]: Received disconnect from 43.255.190.186: 11:  [preauth]
Apr 12 00:44:38 ovzhost sshd[1006]: PAM 2 more authentication failures; logname= uid=0 euid=0 tty=ssh ruser= rhost=43.255.190.186  user=root
Apr 12 00:44:39 ovzhost sshd[1012]: pam_unix(sshd:auth): authentication failure; logname= uid=0 euid=0 tty=ssh ruser= rhost=43.255.190.186  user=root
Apr 12 00:44:40 ovzhost sshd[1008]: message repeated 2 times: [ Failed password for root from 43.255.190.186 port 40776 ssh2]
Apr 12 00:44:40 ovzhost sshd[1008]: Received disconnect from 43.255.190.186: 11:  [preauth]
Apr 12 00:44:40 ovzhost sshd[1008]: PAM 2 more authentication failures; logname= uid=0 euid=0 tty=ssh ruser= rhost=43.255.190.186  user=root
Apr 12 00:44:40 ovzhost sshd[1014]: pam_unix(sshd:auth): authentication failure; logname= uid=0 euid=0 tty=ssh ruser= rhost=43.255.190.186  user=root
Apr 12 00:44:41 ovzhost sshd[1012]: Failed password for root from 43.255.190.186 port 53528 ssh2
Apr 12 00:44:42 ovzhost sshd[1010]: message repeated 2 times: [ Failed password for root from 43.255.190.169 port 46669 ssh2]
Apr 12 00:44:42 ovzhost sshd[1010]: Received disconnect from 43.255.190.169: 11:  [preauth]
Apr 12 00:44:42 ovzhost sshd[1010]: PAM 2 more authentication failures; logname= uid=0 euid=0 tty=ssh ruser= rhost=43.255.190.169  user=root
Apr 12 00:44:43 ovzhost sshd[1014]: Failed password for root from 43.255.190.186 port 56121 ssh2
Apr 12 00:44:43 ovzhost sshd[1016]: pam_unix(sshd:auth): authentication failure; logname= uid=0 euid=0 tty=ssh ruser= rhost=43.255.190.169  user=root
Apr 12 00:44:44 ovzhost sshd[1016]: Failed password for root from 43.255.190.169 port 33547 ssh2
Apr 12 00:44:44 ovzhost sshd[1012]: message repeated 2 times: [ Failed password for root from 43.255.190.186 port 53528 ssh2]
Apr 12 00:44:44 ovzhost sshd[1012]: Received disconnect from 43.255.190.186: 11:  [preauth]
Apr 12 00:44:44 ovzhost sshd[1012]: PAM 2 more authentication failures; logname= uid=0 euid=0 tty=ssh ruser= rhost=43.255.190.186  user=root
Apr 12 00:44:45 ovzhost sshd[1018]: pam_unix(sshd:auth): authentication failure; logname= uid=0 euid=0 tty=ssh ruser= rhost=43.255.190.186  user=root
Apr 12 00:44:46 ovzhost sshd[1014]: message repeated 2 times: [ Failed password for root from 43.255.190.186 port 56121 ssh2]
Apr 12 00:44:46 ovzhost sshd[1014]: Received disconnect from 43.255.190.186: 11:  [preauth]
