Mar 31 17:16:56 ovzhost sudo:     root : unable to resolve host ovzhost
Mar 31 17:16:56 ovzhost sudo:     root : TTY=pts/0 ; PWD=/ ; USER=root ; COMMAND=/usr/bin/less /root/.bash_history
Mar 31 17:16:56 ovzhost sudo: pam_unix(sudo:session): session opened for user root by (uid=0)
Mar 31 17:16:57 ovzhost sudo: pam_unix(sudo:session): session closed for user root
Apr  2 14:31:13 ovzhost sshd[419]: Server listening on 0.0.0.0 port 22.
Apr  2 14:31:13 ovzhost sshd[419]: Server listening on :: port 22.
Apr  2 14:31:13 ovzhost saslauthd[637]: detach_tty      : master pid is: 637
Apr  2 14:31:13 ovzhost saslauthd[637]: ipc_init        : listening on socket: /var/run/saslauthd/mux
Apr  2 14:33:26 ovzhost sshd[797]: Connection closed by 127.0.0.1 [preauth]
Apr  5 23:30:41 ovzhost sshd[710]: pam_unix(sshd:auth): authentication failure; logname= uid=0 euid=0 tty=ssh ruser= rhost=221.229.160.241  user=root
Apr  5 23:30:44 ovzhost sshd[710]: Failed password for root from 221.229.160.241 port 58308 ssh2
Apr  5 23:30:48 ovzhost sshd[710]: message repeated 2 times: [ Failed password for root from 221.229.160.241 port 58308 ssh2]
Apr  5 23:30:48 ovzhost sshd[710]: Received disconnect from 221.229.160.241: 11:  [preauth]
Apr  5 23:30:48 ovzhost sshd[710]: PAM 2 more authentication failures; logname= uid=0 euid=0 tty=ssh ruser= rhost=221.229.160.241  user=root
Apr  5 23:30:51 ovzhost sshd[781]: pam_unix(sshd:auth): authentication failure; logname= uid=0 euid=0 tty=ssh ruser= rhost=221.229.160.241  user=root
Apr  5 23:30:53 ovzhost sshd[781]: Failed password for root from 221.229.160.241 port 39955 ssh2
Apr  5 23:30:57 ovzhost sshd[781]: message repeated 2 times: [ Failed password for root from 221.229.160.241 port 39955 ssh2]
Apr  5 23:30:57 ovzhost sshd[781]: Received disconnect from 221.229.160.241: 11:  [preauth]
Apr  5 23:30:57 ovzhost sshd[781]: PAM 2 more authentication failures; logname= uid=0 euid=0 tty=ssh ruser= rhost=221.229.160.241  user=root
Apr  5 23:31:02 ovzhost sshd[783]: pam_unix(sshd:auth): authentication failure; logname= uid=0 euid=0 tty=ssh ruser= rhost=221.229.160.241  user=root
Apr  5 23:31:04 ovzhost sshd[783]: Failed password for root from 221.229.160.241 port 48266 ssh2
Apr  5 23:31:07 ovzhost sshd[786]: Connection closed by 127.0.0.1 [preauth]
Apr  5 23:31:08 ovzhost sshd[783]: message repeated 2 times: [ Failed password for root from 221.229.160.241 port 48266 ssh2]
Apr  5 23:31:09 ovzhost sshd[783]: Received disconnect from 221.229.160.241: 11:  [preauth]
Apr  5 23:31:09 ovzhost sshd[783]: PAM 2 more authentication failures; logname= uid=0 euid=0 tty=ssh ruser= rhost=221.229.160.241  user=root
Apr  5 23:31:12 ovzhost sshd[788]: pam_unix(sshd:auth): authentication failure; logname= uid=0 euid=0 tty=ssh ruser= rhost=221.229.160.241  user=root
Apr  5 23:31:14 ovzhost sshd[788]: Failed password for root from 221.229.160.241 port 57717 ssh2
Apr  5 23:31:19 ovzhost sshd[788]: message repeated 2 times: [ Failed password for root from 221.229.160.241 port 57717 ssh2]
Apr  5 23:31:20 ovzhost sshd[788]: Received disconnect from 221.229.160.241: 11:  [preauth]
Apr  5 23:31:20 ovzhost sshd[788]: PAM 2 more authentication failures; logname= uid=0 euid=0 tty=ssh ruser= rhost=221.229.160.241  user=root
Apr  5 23:31:21 ovzhost sshd[790]: pam_unix(sshd:auth): authentication failure; logname= uid=0 euid=0 tty=ssh ruser= rhost=221.229.160.241  user=root
Apr  5 23:31:23 ovzhost sshd[790]: Failed password for root from 221.229.160.241 port 38515 ssh2
Apr  5 23:31:29 ovzhost sshd[790]: message repeated 2 times: [ Failed password for root from 221.229.160.241 port 38515 ssh2]
Apr  5 23:31:29 ovzhost sshd[790]: Received disconnect from 221.229.160.241: 11:  [preauth]
Apr  5 23:31:29 ovzhost sshd[790]: PAM 2 more authentication failures; logname= uid=0 euid=0 tty=ssh ruser= rhost=221.229.160.241  user=root
Apr  5 23:31:32 ovzhost sshd[794]: pam_unix(sshd:auth): authentication failure; logname= uid=0 euid=0 tty=ssh ruser= rhost=221.229.160.241  user=root
Apr  5 23:31:34 ovzhost sshd[794]: Failed password for root from 221.229.160.241 port 46962 ssh2
Apr  5 23:31:38 ovzhost sshd[794]: message repeated 2 times: [ Failed password for root from 221.229.160.241 port 46962 ssh2]
Apr  5 23:31:39 ovzhost sshd[794]: Received disconnect from 221.229.160.241: 11:  [preauth]
Apr  5 23:31:39 ovzhost sshd[794]: PAM 2 more authentication failures; logname= uid=0 euid=0 tty=ssh ruser= rhost=221.229.160.241  user=root
Apr  5 23:31:43 ovzhost sshd[796]: pam_unix(sshd:auth): authentication failure; logname= uid=0 euid=0 tty=ssh ruser= rhost=221.229.160.241  user=root
Apr  5 23:31:46 ovzhost sshd[796]: Failed password for root from 221.229.160.241 port 55056 ssh2
Apr  5 23:31:51 ovzhost sshd[796]: message repeated 2 times: [ Failed password for root from 221.229.160.241 port 55056 ssh2]
Apr  5 23:31:51 ovzhost sshd[796]: Received disconnect from 221.229.160.241: 11:  [preauth]
Apr  5 23:31:51 ovzhost sshd[796]: PAM 2 more authentication failures; logname= uid=0 euid=0 tty=ssh ruser= rhost=221.229.160.241  user=root
Apr  5 23:31:53 ovzhost sshd[800]: pam_unix(sshd:auth): authentication failure; logname= uid=0 euid=0 tty=ssh ruser= rhost=221.229.160.241  user=root
Apr  5 23:31:55 ovzhost sshd[800]: Failed password for root from 221.229.160.241 port 37077 ssh2
Apr  5 23:32:01 ovzhost sshd[800]: message repeated 2 times: [ Failed password for root from 221.229.160.241 port 37077 ssh2]
Apr  5 23:32:01 ovzhost sshd[800]: Received disconnect from 221.229.160.241: 11:  [preauth]
Apr  5 23:32:01 ovzhost sshd[800]: PAM 2 more authentication failures; logname= uid=0 euid=0 tty=ssh ruser= rhost=221.229.160.241  user=root
Apr  5 23:32:02 ovzhost sshd[803]: pam_unix(sshd:auth): authentication failure; logname= uid=0 euid=0 tty=ssh ruser= rhost=221.229.160.241  user=root
Apr  5 23:32:04 ovzhost sshd[803]: Failed password for root from 221.229.160.241 port 45399 ssh2
Apr  5 23:32:09 ovzhost sshd[803]: message repeated 2 times: [ Failed password for root from 221.229.160.241 port 45399 ssh2]
Apr  5 23:32:10 ovzhost sshd[803]: Received disconnect from 221.229.160.241: 11:  [preauth]
Apr  5 23:32:10 ovzhost sshd[803]: PAM 2 more authentication failures; logname= uid=0 euid=0 tty=ssh ruser= rhost=221.229.160.241  user=root
Apr  5 23:32:12 ovzhost sshd[805]: pam_unix(sshd:auth): authentication failure; logname= uid=0 euid=0 tty=ssh ruser= rhost=221.229.160.241  user=root
Apr  5 23:32:15 ovzhost sshd[805]: Failed password for root from 221.229.160.241 port 53028 ssh2
Apr  5 23:32:19 ovzhost sshd[805]: message repeated 2 times: [ Failed password for root from 221.229.160.241 port 53028 ssh2]
Apr  5 23:32:19 ovzhost sshd[805]: Received disconnect from 221.229.160.241: 11:  [preauth]
Apr  5 23:32:19 ovzhost sshd[805]: PAM 2 more authentication failures; logname= uid=0 euid=0 tty=ssh ruser= rhost=221.229.160.241  user=root
Apr  5 23:32:22 ovzhost sshd[807]: pam_unix(sshd:auth): authentication failure; logname= uid=0 euid=0 tty=ssh ruser= rhost=221.229.160.241  user=root
Apr  5 23:32:24 ovzhost sshd[807]: Failed password for root from 221.229.160.241 port 33151 ssh2
Apr  5 23:32:28 ovzhost sshd[807]: message repeated 2 times: [ Failed password for root from 221.229.160.241 port 33151 ssh2]
Apr  5 23:32:29 ovzhost sshd[807]: Received disconnect from 221.229.160.241: 11:  [preauth]
Apr  5 23:32:29 ovzhost sshd[807]: PAM 2 more authentication failures; logname= uid=0 euid=0 tty=ssh ruser= rhost=221.229.160.241  user=root
Apr  5 23:32:30 ovzhost sshd[810]: pam_unix(sshd:auth): authentication failure; logname= uid=0 euid=0 tty=ssh ruser= rhost=221.229.160.241  user=root
Apr  5 23:32:33 ovzhost sshd[810]: Failed password for root from 221.229.160.241 port 41178 ssh2
Apr  5 23:32:38 ovzhost sshd[810]: message repeated 2 times: [ Failed password for root from 221.229.160.241 port 41178 ssh2]
Apr  5 23:32:38 ovzhost sshd[810]: Received disconnect from 221.229.160.241: 11:  [preauth]
Apr  5 23:32:38 ovzhost sshd[810]: PAM 2 more authentication failures; logname= uid=0 euid=0 tty=ssh ruser= rhost=221.229.160.241  user=root
Apr  5 23:32:41 ovzhost sshd[812]: pam_unix(sshd:auth): authentication failure; logname= uid=0 euid=0 tty=ssh ruser= rhost=221.229.160.241  user=root
Apr  5 23:32:43 ovzhost sshd[812]: Failed password for root from 221.229.160.241 port 49494 ssh2
Apr  5 23:32:48 ovzhost sshd[812]: message repeated 2 times: [ Failed password for root from 221.229.160.241 port 49494 ssh2]
Apr  5 23:32:49 ovzhost sshd[812]: Received disconnect from 221.229.160.241: 11:  [preauth]
Apr  5 23:32:49 ovzhost sshd[812]: PAM 2 more authentication failures; logname= uid=0 euid=0 tty=ssh ruser= rhost=221.229.160.241  user=root
Apr  5 23:32:51 ovzhost sshd[814]: pam_unix(sshd:auth): authentication failure; logname= uid=0 euid=0 tty=ssh ruser= rhost=221.229.160.241  user=root
Apr  5 23:32:52 ovzhost sshd[814]: Failed password for root from 221.229.160.241 port 58381 ssh2
Apr  5 23:32:57 ovzhost sshd[814]: message repeated 2 times: [ Failed password for root from 221.229.160.241 port 58381 ssh2]
Apr  5 23:32:57 ovzhost sshd[814]: Received disconnect from 221.229.160.241: 11:  [preauth]
Apr  5 23:32:57 ovzhost sshd[814]: PAM 2 more authentication failures; logname= uid=0 euid=0 tty=ssh ruser= rhost=221.229.160.241  user=root
Apr  5 23:33:01 ovzhost sshd[819]: pam_unix(sshd:auth): authentication failure; logname= uid=0 euid=0 tty=ssh ruser= rhost=221.229.160.241  user=root
Apr  5 23:33:03 ovzhost sshd[819]: Failed password for root from 221.229.160.241 port 37755 ssh2
Apr  5 23:33:08 ovzhost sshd[819]: message repeated 2 times: [ Failed password for root from 221.229.160.241 port 37755 ssh2]
Apr  5 23:33:09 ovzhost sshd[819]: Received disconnect from 221.229.160.241: 11:  [preauth]
Apr  5 23:33:09 ovzhost sshd[819]: PAM 2 more authentication failures; logname= uid=0 euid=0 tty=ssh ruser= rhost=221.229.160.241  user=root
Apr  5 23:33:11 ovzhost sshd[821]: pam_unix(sshd:auth): authentication failure; logname= uid=0 euid=0 tty=ssh ruser= rhost=221.229.160.241  user=root
Apr  5 23:33:14 ovzhost sshd[821]: Failed password for root from 221.229.160.241 port 47442 ssh2
Apr  5 23:33:17 ovzhost sshd[821]: message repeated 2 times: [ Failed password for root from 221.229.160.241 port 47442 ssh2]
Apr  5 23:33:17 ovzhost sshd[821]: Received disconnect from 221.229.160.241: 11:  [preauth]
Apr  5 23:33:17 ovzhost sshd[821]: PAM 2 more authentication failures; logname= uid=0 euid=0 tty=ssh ruser= rhost=221.229.160.241  user=root
Apr  5 23:33:19 ovzhost sshd[823]: pam_unix(sshd:auth): authentication failure; logname= uid=0 euid=0 tty=ssh ruser= rhost=221.229.160.241  user=root
Apr  5 23:33:21 ovzhost sshd[823]: Failed password for root from 221.229.160.241 port 54729 ssh2
Apr  5 23:33:26 ovzhost sshd[823]: message repeated 2 times: [ Failed password for root from 221.229.160.241 port 54729 ssh2]
Apr  5 23:33:26 ovzhost sshd[823]: Received disconnect from 221.229.160.241: 11:  [preauth]
Apr  5 23:33:26 ovzhost sshd[823]: PAM 2 more authentication failures; logname= uid=0 euid=0 tty=ssh ruser= rhost=221.229.160.241  user=root
Apr  5 23:33:28 ovzhost sshd[827]: pam_unix(sshd:auth): authentication failure; logname= uid=0 euid=0 tty=ssh ruser= rhost=221.229.160.241  user=root
Apr  5 23:33:30 ovzhost sshd[827]: Failed password for root from 221.229.160.241 port 33752 ssh2
Apr  5 23:33:36 ovzhost sshd[827]: message repeated 2 times: [ Failed password for root from 221.229.160.241 port 33752 ssh2]
Apr  5 23:33:36 ovzhost sshd[827]: Received disconnect from 221.229.160.241: 11:  [preauth]
Apr  5 23:33:36 ovzhost sshd[827]: PAM 2 more authentication failures; logname= uid=0 euid=0 tty=ssh ruser= rhost=221.229.160.241  user=root
Apr  5 23:33:38 ovzhost sshd[829]: pam_unix(sshd:auth): authentication failure; logname= uid=0 euid=0 tty=ssh ruser= rhost=221.229.160.241  user=root
Apr  5 23:33:39 ovzhost sshd[829]: Failed password for root from 221.229.160.241 port 41957 ssh2
Apr  5 23:33:44 ovzhost sshd[829]: message repeated 2 times: [ Failed password for root from 221.229.160.241 port 41957 ssh2]
Apr  5 23:33:44 ovzhost sshd[829]: Received disconnect from 221.229.160.241: 11:  [preauth]
Apr  5 23:33:44 ovzhost sshd[829]: PAM 2 more authentication failures; logname= uid=0 euid=0 tty=ssh ruser= rhost=221.229.160.241  user=root
Apr  5 23:33:48 ovzhost sshd[831]: pam_unix(sshd:auth): authentication failure; logname= uid=0 euid=0 tty=ssh ruser= rhost=221.229.160.241  user=root
Apr  5 23:33:50 ovzhost sshd[831]: Failed password for root from 221.229.160.241 port 48968 ssh2
Apr  5 23:33:54 ovzhost sshd[831]: message repeated 2 times: [ Failed password for root from 221.229.160.241 port 48968 ssh2]
Apr  5 23:33:54 ovzhost sshd[831]: Received disconnect from 221.229.160.241: 11:  [preauth]
Apr  5 23:33:54 ovzhost sshd[831]: PAM 2 more authentication failures; logname= uid=0 euid=0 tty=ssh ruser= rhost=221.229.160.241  user=root
Apr  5 23:34:01 ovzhost sshd[835]: pam_unix(sshd:auth): authentication failure; logname= uid=0 euid=0 tty=ssh ruser= rhost=221.229.160.241  user=root
Apr  5 23:34:03 ovzhost sshd[835]: Failed password for root from 221.229.160.241 port 58338 ssh2
Apr  5 23:34:08 ovzhost sshd[835]: message repeated 2 times: [ Failed password for root from 221.229.160.241 port 58338 ssh2]
Apr  5 23:34:08 ovzhost sshd[835]: Received disconnect from 221.229.160.241: 11:  [preauth]
Apr  5 23:34:08 ovzhost sshd[835]: PAM 2 more authentication failures; logname= uid=0 euid=0 tty=ssh ruser= rhost=221.229.160.241  user=root
Apr  5 23:35:27 ovzhost sshd[843]: Connection closed by 128.8.37.104 [preauth]
Apr  5 23:36:07 ovzhost sshd[848]: Connection closed by 127.0.0.1 [preauth]
Apr  5 23:39:01 ovzhost CRON[860]: pam_env(cron:session): Unable to open env file: /etc/default/locale: No such file or directory
Apr  5 23:39:01 ovzhost CRON[860]: pam_unix(cron:session): session opened for user root by (uid=0)
Apr  5 23:39:01 ovzhost CRON[860]: pam_unix(cron:session): session closed for user root
Apr  5 23:40:01 ovzhost CRON[873]: pam_env(cron:session): Unable to open env file: /etc/default/locale: No such file or directory
Apr  5 23:40:01 ovzhost CRON[873]: pam_unix(cron:session): session opened for user smmsp by (uid=0)
Apr  5 23:40:01 ovzhost CRON[873]: pam_unix(cron:session): session closed for user smmsp
Apr  5 23:41:07 ovzhost sshd[904]: Connection closed by 127.0.0.1 [preauth]
Apr  5 23:45:27 ovzhost sshd[925]: Connection closed by 128.8.37.104 [preauth]
Apr  5 23:46:07 ovzhost sshd[930]: Connection closed by 127.0.0.1 [preauth]
Apr  5 23:51:07 ovzhost sshd[949]: Connection closed by 127.0.0.1 [preauth]
Apr  5 23:55:27 ovzhost sshd[970]: Connection closed by 128.8.37.104 [preauth]
Apr  5 23:56:07 ovzhost sshd[975]: Connection closed by 127.0.0.1 [preauth]
Apr  6 00:00:01 ovzhost CRON[989]: pam_env(cron:session): Unable to open env file: /etc/default/locale: No such file or directory
Apr  6 00:00:01 ovzhost CRON[989]: pam_unix(cron:session): session opened for user smmsp by (uid=0)
Apr  6 00:00:01 ovzhost CRON[989]: pam_unix(cron:session): session closed for user smmsp
Apr  6 00:01:07 ovzhost sshd[1019]: Connection closed by 127.0.0.1 [preauth]
Apr  6 00:05:27 ovzhost sshd[1040]: Connection closed by 128.8.37.104 [preauth]
Apr  6 00:06:07 ovzhost sshd[1045]: Connection closed by 127.0.0.1 [preauth]
Apr  6 00:06:17 ovzhost sshd[1047]: pam_unix(sshd:auth): authentication failure; logname= uid=0 euid=0 tty=ssh ruser= rhost=221.229.166.30  user=root
Apr  6 00:06:19 ovzhost sshd[1047]: Failed password for root from 221.229.166.30 port 51998 ssh2
Apr  6 00:06:23 ovzhost sshd[1047]: message repeated 2 times: [ Failed password for root from 221.229.166.30 port 51998 ssh2]
Apr  6 00:06:23 ovzhost sshd[1047]: Received disconnect from 221.229.166.30: 11:  [preauth]
Apr  6 00:06:23 ovzhost sshd[1047]: PAM 2 more authentication failures; logname= uid=0 euid=0 tty=ssh ruser= rhost=221.229.166.30  user=root
Apr  6 00:06:26 ovzhost sshd[1049]: pam_unix(sshd:auth): authentication failure; logname= uid=0 euid=0 tty=ssh ruser= rhost=221.229.166.30  user=root
Apr  6 00:06:28 ovzhost sshd[1049]: Failed password for root from 221.229.166.30 port 55769 ssh2
Apr  6 00:06:32 ovzhost sshd[1049]: message repeated 2 times: [ Failed password for root from 221.229.166.30 port 55769 ssh2]
Apr  6 00:06:33 ovzhost sshd[1049]: Received disconnect from 221.229.166.30: 11:  [preauth]
Apr  6 00:06:33 ovzhost sshd[1049]: PAM 2 more authentication failures; logname= uid=0 euid=0 tty=ssh ruser= rhost=221.229.166.30  user=root
Apr  6 00:06:34 ovzhost sshd[1053]: pam_unix(sshd:auth): authentication failure; logname= uid=0 euid=0 tty=ssh ruser= rhost=221.229.166.30  user=root
Apr  6 00:06:36 ovzhost sshd[1053]: Failed password for root from 221.229.166.30 port 42812 ssh2
Apr  6 00:06:40 ovzhost sshd[1053]: message repeated 2 times: [ Failed password for root from 221.229.166.30 port 42812 ssh2]
Apr  6 00:06:40 ovzhost sshd[1053]: Received disconnect from 221.229.166.30: 11:  [preauth]
Apr  6 00:06:40 ovzhost sshd[1053]: PAM 2 more authentication failures; logname= uid=0 euid=0 tty=ssh ruser= rhost=221.229.166.30  user=root
Apr  6 00:06:43 ovzhost sshd[1055]: pam_unix(sshd:auth): authentication failure; logname= uid=0 euid=0 tty=ssh ruser= rhost=221.229.166.30  user=root
Apr  6 00:06:45 ovzhost sshd[1055]: Failed password for root from 221.229.166.30 port 57371 ssh2
Apr  6 00:06:50 ovzhost sshd[1055]: message repeated 2 times: [ Failed password for root from 221.229.166.30 port 57371 ssh2]
Apr  6 00:06:52 ovzhost sshd[1055]: Received disconnect from 221.229.166.30: 11:  [preauth]
Apr  6 00:06:52 ovzhost sshd[1055]: PAM 2 more authentication failures; logname= uid=0 euid=0 tty=ssh ruser= rhost=221.229.166.30  user=root
Apr  6 00:06:55 ovzhost sshd[1060]: pam_unix(sshd:auth): authentication failure; logname= uid=0 euid=0 tty=ssh ruser= rhost=221.229.166.30  user=root
Apr  6 00:06:56 ovzhost sshd[1060]: Failed password for root from 221.229.166.30 port 53491 ssh2
Apr  6 00:07:00 ovzhost sshd[1060]: message repeated 2 times: [ Failed password for root from 221.229.166.30 port 53491 ssh2]
Apr  6 00:07:01 ovzhost sshd[1060]: Received disconnect from 221.229.166.30: 11:  [preauth]
Apr  6 00:07:01 ovzhost sshd[1060]: PAM 2 more authentication failures; logname= uid=0 euid=0 tty=ssh ruser= rhost=221.229.166.30  user=root
Apr  6 00:07:02 ovzhost sshd[1062]: pam_unix(sshd:auth): authentication failure; logname= uid=0 euid=0 tty=ssh ruser= rhost=221.229.166.30  user=root
Apr  6 00:07:04 ovzhost sshd[1062]: Failed password for root from 221.229.166.30 port 43295 ssh2
Apr  6 00:07:08 ovzhost sshd[1062]: message repeated 2 times: [ Failed password for root from 221.229.166.30 port 43295 ssh2]
Apr  6 00:07:09 ovzhost sshd[1062]: Received disconnect from 221.229.166.30: 11:  [preauth]
Apr  6 00:07:09 ovzhost sshd[1062]: PAM 2 more authentication failures; logname= uid=0 euid=0 tty=ssh ruser= rhost=221.229.166.30  user=root
Apr  6 00:07:10 ovzhost sshd[1064]: pam_unix(sshd:auth): authentication failure; logname= uid=0 euid=0 tty=ssh ruser= rhost=221.229.166.30  user=root
Apr  6 00:07:12 ovzhost sshd[1064]: Failed password for root from 221.229.166.30 port 59854 ssh2
Apr  6 00:07:17 ovzhost sshd[1064]: message repeated 2 times: [ Failed password for root from 221.229.166.30 port 59854 ssh2]
Apr  6 00:07:17 ovzhost sshd[1064]: Received disconnect from 221.229.166.30: 11:  [preauth]
Apr  6 00:07:17 ovzhost sshd[1064]: PAM 2 more authentication failures; logname= uid=0 euid=0 tty=ssh ruser= rhost=221.229.166.30  user=root
Apr  6 00:07:19 ovzhost sshd[1066]: pam_unix(sshd:auth): authentication failure; logname= uid=0 euid=0 tty=ssh ruser= rhost=221.229.166.30  user=root
Apr  6 00:07:20 ovzhost sshd[1066]: Failed password for root from 221.229.166.30 port 49036 ssh2
Apr  6 00:07:24 ovzhost sshd[1066]: message repeated 2 times: [ Failed password for root from 221.229.166.30 port 49036 ssh2]
Apr  6 00:07:24 ovzhost sshd[1066]: Received disconnect from 221.229.166.30: 11:  [preauth]
Apr  6 00:07:24 ovzhost sshd[1066]: PAM 2 more authentication failures; logname= uid=0 euid=0 tty=ssh ruser= rhost=221.229.166.30  user=root
Apr  6 00:07:28 ovzhost sshd[1068]: pam_unix(sshd:auth): authentication failure; logname= uid=0 euid=0 tty=ssh ruser= rhost=221.229.166.30  user=root
Apr  6 00:07:30 ovzhost sshd[1068]: Failed password for root from 221.229.166.30 port 36919 ssh2
Apr  6 00:07:34 ovzhost sshd[1068]: message repeated 2 times: [ Failed password for root from 221.229.166.30 port 36919 ssh2]
Apr  6 00:07:34 ovzhost sshd[1068]: Received disconnect from 221.229.166.30: 11:  [preauth]
Apr  6 00:07:34 ovzhost sshd[1068]: PAM 2 more authentication failures; logname= uid=0 euid=0 tty=ssh ruser= rhost=221.229.166.30  user=root
Apr  6 00:07:36 ovzhost sshd[1070]: pam_unix(sshd:auth): authentication failure; logname= uid=0 euid=0 tty=ssh ruser= rhost=221.229.166.30  user=root
Apr  6 00:07:38 ovzhost sshd[1070]: Failed password for root from 221.229.166.30 port 56442 ssh2
Apr  6 00:07:42 ovzhost sshd[1070]: message repeated 2 times: [ Failed password for root from 221.229.166.30 port 56442 ssh2]
Apr  6 00:07:42 ovzhost sshd[1070]: Received disconnect from 221.229.166.30: 11:  [preauth]
Apr  6 00:07:42 ovzhost sshd[1070]: PAM 2 more authentication failures; logname= uid=0 euid=0 tty=ssh ruser= rhost=221.229.166.30  user=root
Apr  6 00:07:44 ovzhost sshd[1072]: pam_unix(sshd:auth): authentication failure; logname= uid=0 euid=0 tty=ssh ruser= rhost=221.229.166.30  user=root
Apr  6 00:07:46 ovzhost sshd[1072]: Failed password for root from 221.229.166.30 port 43965 ssh2
Apr  6 00:07:50 ovzhost sshd[1072]: message repeated 2 times: [ Failed password for root from 221.229.166.30 port 43965 ssh2]
Apr  6 00:07:51 ovzhost sshd[1072]: Received disconnect from 221.229.166.30: 11:  [preauth]
Apr  6 00:07:51 ovzhost sshd[1072]: PAM 2 more authentication failures; logname= uid=0 euid=0 tty=ssh ruser= rhost=221.229.166.30  user=root
Apr  6 00:07:52 ovzhost sshd[1074]: pam_unix(sshd:auth): authentication failure; logname= uid=0 euid=0 tty=ssh ruser= rhost=221.229.166.30  user=root
Apr  6 00:07:54 ovzhost sshd[1074]: Failed password for root from 221.229.166.30 port 59823 ssh2
Apr  6 00:07:58 ovzhost sshd[1074]: message repeated 2 times: [ Failed password for root from 221.229.166.30 port 59823 ssh2]
Apr  6 00:07:58 ovzhost sshd[1074]: Received disconnect from 221.229.166.30: 11:  [preauth]
Apr  6 00:07:58 ovzhost sshd[1074]: PAM 2 more authentication failures; logname= uid=0 euid=0 tty=ssh ruser= rhost=221.229.166.30  user=root
Apr  6 00:08:01 ovzhost sshd[1077]: pam_unix(sshd:auth): authentication failure; logname= uid=0 euid=0 tty=ssh ruser= rhost=221.229.166.30  user=root
Apr  6 00:08:02 ovzhost sshd[1077]: Failed password for root from 221.229.166.30 port 47828 ssh2
Apr  6 00:08:06 ovzhost sshd[1077]: message repeated 2 times: [ Failed password for root from 221.229.166.30 port 47828 ssh2]
Apr  6 00:08:06 ovzhost sshd[1077]: Received disconnect from 221.229.166.30: 11:  [preauth]
Apr  6 00:08:06 ovzhost sshd[1077]: PAM 2 more authentication failures; logname= uid=0 euid=0 tty=ssh ruser= rhost=221.229.166.30  user=root
Apr  6 00:08:11 ovzhost sshd[1079]: pam_unix(sshd:auth): authentication failure; logname= uid=0 euid=0 tty=ssh ruser= rhost=221.229.166.30  user=root
Apr  6 00:08:14 ovzhost sshd[1079]: Failed password for root from 221.229.166.30 port 36885 ssh2
Apr  6 00:08:19 ovzhost sshd[1079]: message repeated 2 times: [ Failed password for root from 221.229.166.30 port 36885 ssh2]
Apr  6 00:08:20 ovzhost sshd[1079]: Received disconnect from 221.229.166.30: 11:  [preauth]
Apr  6 00:08:20 ovzhost sshd[1079]: PAM 2 more authentication failures; logname= uid=0 euid=0 tty=ssh ruser= rhost=221.229.166.30  user=root
Apr  6 00:08:22 ovzhost sshd[1083]: pam_unix(sshd:auth): authentication failure; logname= uid=0 euid=0 tty=ssh ruser= rhost=221.229.166.30  user=root
Apr  6 00:08:24 ovzhost sshd[1083]: Failed password for root from 221.229.166.30 port 34275 ssh2
Apr  6 00:08:28 ovzhost sshd[1083]: message repeated 2 times: [ Failed password for root from 221.229.166.30 port 34275 ssh2]
Apr  6 00:08:28 ovzhost sshd[1083]: Received disconnect from 221.229.166.30: 11:  [preauth]
Apr  6 00:08:28 ovzhost sshd[1083]: PAM 2 more authentication failures; logname= uid=0 euid=0 tty=ssh ruser= rhost=221.229.166.30  user=root
Apr  6 00:08:31 ovzhost sshd[1085]: pam_unix(sshd:auth): authentication failure; logname= uid=0 euid=0 tty=ssh ruser= rhost=221.229.166.30  user=root
Apr  6 00:08:32 ovzhost sshd[1085]: Failed password for root from 221.229.166.30 port 51068 ssh2
Apr  6 00:08:37 ovzhost sshd[1085]: message repeated 2 times: [ Failed password for root from 221.229.166.30 port 51068 ssh2]
Apr  6 00:08:37 ovzhost sshd[1085]: Received disconnect from 221.229.166.30: 11:  [preauth]
Apr  6 00:08:37 ovzhost sshd[1085]: PAM 2 more authentication failures; logname= uid=0 euid=0 tty=ssh ruser= rhost=221.229.166.30  user=root
Apr  6 00:08:40 ovzhost sshd[1087]: pam_unix(sshd:auth): authentication failure; logname= uid=0 euid=0 tty=ssh ruser= rhost=221.229.166.30  user=root
Apr  6 00:08:42 ovzhost sshd[1087]: Failed password for root from 221.229.166.30 port 43932 ssh2
Apr  6 00:08:47 ovzhost sshd[1087]: message repeated 2 times: [ Failed password for root from 221.229.166.30 port 43932 ssh2]
Apr  6 00:08:47 ovzhost sshd[1087]: Received disconnect from 221.229.166.30: 11:  [preauth]
Apr  6 00:08:47 ovzhost sshd[1087]: PAM 2 more authentication failures; logname= uid=0 euid=0 tty=ssh ruser= rhost=221.229.166.30  user=root
Apr  6 00:08:49 ovzhost sshd[1089]: pam_unix(sshd:auth): authentication failure; logname= uid=0 euid=0 tty=ssh ruser= rhost=221.229.166.30  user=root
Apr  6 00:08:51 ovzhost sshd[1089]: Failed password for root from 221.229.166.30 port 36066 ssh2
Apr  6 00:08:56 ovzhost sshd[1089]: message repeated 2 times: [ Failed password for root from 221.229.166.30 port 36066 ssh2]
Apr  6 00:08:56 ovzhost sshd[1089]: Received disconnect from 221.229.166.30: 11:  [preauth]
Apr  6 00:08:56 ovzhost sshd[1089]: PAM 2 more authentication failures; logname= uid=0 euid=0 tty=ssh ruser= rhost=221.229.166.30  user=root
Apr  6 00:08:58 ovzhost sshd[1093]: pam_unix(sshd:auth): authentication failure; logname= uid=0 euid=0 tty=ssh ruser= rhost=221.229.166.30  user=root
Apr  6 00:08:59 ovzhost sshd[1093]: Failed password for root from 221.229.166.30 port 54438 ssh2
Apr  6 00:09:01 ovzhost CRON[1096]: pam_env(cron:session): Unable to open env file: /etc/default/locale: No such file or directory
Apr  6 00:09:01 ovzhost CRON[1095]: pam_env(cron:session): Unable to open env file: /etc/default/locale: No such file or directory
Apr  6 00:09:01 ovzhost CRON[1096]: pam_unix(cron:session): session opened for user root by (uid=0)
Apr  6 00:09:01 ovzhost CRON[1095]: pam_unix(cron:session): session opened for user root by (uid=0)
Apr  6 00:09:01 ovzhost CRON[1095]: pam_unix(cron:session): session closed for user root
Apr  6 00:09:01 ovzhost CRON[1096]: pam_unix(cron:session): session closed for user root
Apr  6 00:09:04 ovzhost sshd[1093]: message repeated 2 times: [ Failed password for root from 221.229.166.30 port 54438 ssh2]
Apr  6 00:09:04 ovzhost sshd[1093]: Received disconnect from 221.229.166.30: 11:  [preauth]
Apr  6 00:09:04 ovzhost sshd[1093]: PAM 2 more authentication failures; logname= uid=0 euid=0 tty=ssh ruser= rhost=221.229.166.30  user=root
Apr  6 00:09:06 ovzhost sshd[1109]: pam_unix(sshd:auth): authentication failure; logname= uid=0 euid=0 tty=ssh ruser= rhost=221.229.166.30  user=root
Apr  6 00:09:09 ovzhost sshd[1109]: Failed password for root from 221.229.166.30 port 42925 ssh2
Apr  6 00:09:13 ovzhost sshd[1109]: message repeated 2 times: [ Failed password for root from 221.229.166.30 port 42925 ssh2]
Apr  6 00:09:13 ovzhost sshd[1109]: Received disconnect from 221.229.166.30: 11:  [preauth]
Apr  6 00:09:13 ovzhost sshd[1109]: PAM 2 more authentication failures; logname= uid=0 euid=0 tty=ssh ruser= rhost=221.229.166.30  user=root
Apr  6 00:09:16 ovzhost sshd[1112]: pam_unix(sshd:auth): authentication failure; logname= uid=0 euid=0 tty=ssh ruser= rhost=221.229.166.30  user=root
Apr  6 00:09:18 ovzhost sshd[1112]: Failed password for root from 221.229.166.30 port 35978 ssh2
Apr  6 00:09:22 ovzhost sshd[1112]: message repeated 2 times: [ Failed password for root from 221.229.166.30 port 35978 ssh2]
Apr  6 00:09:23 ovzhost sshd[1112]: Received disconnect from 221.229.166.30: 11:  [preauth]
Apr  6 00:09:23 ovzhost sshd[1112]: PAM 2 more authentication failures; logname= uid=0 euid=0 tty=ssh ruser= rhost=221.229.166.30  user=root
Apr  6 00:09:25 ovzhost sshd[1114]: pam_unix(sshd:auth): authentication failure; logname= uid=0 euid=0 tty=ssh ruser= rhost=221.229.166.30  user=root
Apr  6 00:09:26 ovzhost sshd[1114]: Failed password for root from 221.229.166.30 port 54864 ssh2
Apr  6 00:09:31 ovzhost sshd[1114]: message repeated 2 times: [ Failed password for root from 221.229.166.30 port 54864 ssh2]
Apr  6 00:09:31 ovzhost sshd[1114]: Received disconnect from 221.229.166.30: 11:  [preauth]
Apr  6 00:09:31 ovzhost sshd[1114]: PAM 2 more authentication failures; logname= uid=0 euid=0 tty=ssh ruser= rhost=221.229.166.30  user=root
Apr  6 00:11:07 ovzhost sshd[1120]: Connection closed by 127.0.0.1 [preauth]
Apr  6 00:15:27 ovzhost sshd[1143]: Connection closed by 128.8.37.104 [preauth]
Apr  6 00:16:07 ovzhost sshd[1146]: Connection closed by 127.0.0.1 [preauth]
Apr  6 00:20:01 ovzhost CRON[1162]: pam_env(cron:session): Unable to open env file: /etc/default/locale: No such file or directory
Apr  6 00:20:01 ovzhost CRON[1162]: pam_unix(cron:session): session opened for user smmsp by (uid=0)
Apr  6 00:20:01 ovzhost CRON[1162]: pam_unix(cron:session): session closed for user smmsp
Apr  6 00:21:07 ovzhost sshd[1191]: Connection closed by 127.0.0.1 [preauth]
Apr  6 00:25:27 ovzhost sshd[1214]: Connection closed by 128.8.37.104 [preauth]
Apr  6 00:26:07 ovzhost sshd[1217]: Connection closed by 127.0.0.1 [preauth]
Apr  6 00:26:33 ovzhost sshd[1223]: pam_unix(sshd:auth): authentication failure; logname= uid=0 euid=0 tty=ssh ruser= rhost=43.255.190.155  user=root
Apr  6 00:26:35 ovzhost sshd[1223]: Failed password for root from 43.255.190.155 port 46050 ssh2
Apr  6 00:26:39 ovzhost sshd[1223]: message repeated 2 times: [ Failed password for root from 43.255.190.155 port 46050 ssh2]
Apr  6 00:26:39 ovzhost sshd[1223]: Received disconnect from 43.255.190.155: 11:  [preauth]
Apr  6 00:26:39 ovzhost sshd[1223]: PAM 2 more authentication failures; logname= uid=0 euid=0 tty=ssh ruser= rhost=43.255.190.155  user=root
Apr  6 00:26:39 ovzhost sshd[1225]: pam_unix(sshd:auth): authentication failure; logname= uid=0 euid=0 tty=ssh ruser= rhost=43.255.190.155  user=root
Apr  6 00:26:41 ovzhost sshd[1225]: Failed password for root from 43.255.190.155 port 35388 ssh2
Apr  6 00:26:46 ovzhost sshd[1225]: message repeated 2 times: [ Failed password for root from 43.255.190.155 port 35388 ssh2]
Apr  6 00:26:46 ovzhost sshd[1225]: Received disconnect from 43.255.190.155: 11:  [preauth]
Apr  6 00:26:46 ovzhost sshd[1225]: PAM 2 more authentication failures; logname= uid=0 euid=0 tty=ssh ruser= rhost=43.255.190.155  user=root
Apr  6 00:26:47 ovzhost sshd[1229]: pam_unix(sshd:auth): authentication failure; logname= uid=0 euid=0 tty=ssh ruser= rhost=43.255.190.155  user=root
Apr  6 00:26:49 ovzhost sshd[1229]: Failed password for root from 43.255.190.155 port 53396 ssh2
Apr  6 00:26:51 ovzhost sshd[1231]: pam_unix(sshd:auth): authentication failure; logname= uid=0 euid=0 tty=ssh ruser= rhost=43.255.190.150  user=root
Apr  6 00:26:53 ovzhost sshd[1229]: message repeated 2 times: [ Failed password for root from 43.255.190.155 port 53396 ssh2]
Apr  6 00:26:53 ovzhost sshd[1229]: Received disconnect from 43.255.190.155: 11:  [preauth]
Apr  6 00:26:53 ovzhost sshd[1229]: PAM 2 more authentication failures; logname= uid=0 euid=0 tty=ssh ruser= rhost=43.255.190.155  user=root
Apr  6 00:26:53 ovzhost sshd[1231]: Failed password for root from 43.255.190.150 port 45854 ssh2
Apr  6 00:26:53 ovzhost sshd[1234]: pam_unix(sshd:auth): authentication failure; logname= uid=0 euid=0 tty=ssh ruser= rhost=43.255.190.155  user=root
Apr  6 00:26:56 ovzhost sshd[1234]: Failed password for root from 43.255.190.155 port 41514 ssh2
Apr  6 00:26:58 ovzhost sshd[1231]: message repeated 2 times: [ Failed password for root from 43.255.190.150 port 45854 ssh2]
Apr  6 00:26:58 ovzhost sshd[1231]: Received disconnect from 43.255.190.150: 11:  [preauth]
Apr  6 00:26:58 ovzhost sshd[1231]: PAM 2 more authentication failures; logname= uid=0 euid=0 tty=ssh ruser= rhost=43.255.190.150  user=root
Apr  6 00:26:59 ovzhost sshd[1236]: pam_unix(sshd:auth): authentication failure; logname= uid=0 euid=0 tty=ssh ruser= rhost=43.255.190.150  user=root
Apr  6 00:27:00 ovzhost sshd[1234]: message repeated 2 times: [ Failed password for root from 43.255.190.155 port 41514 ssh2]
Apr  6 00:27:00 ovzhost sshd[1234]: Received disconnect from 43.255.190.155: 11:  [preauth]
Apr  6 00:27:00 ovzhost sshd[1234]: PAM 2 more authentication failures; logname= uid=0 euid=0 tty=ssh ruser= rhost=43.255.190.155  user=root
Apr  6 00:27:00 ovzhost sshd[1238]: pam_unix(sshd:auth): authentication failure; logname= uid=0 euid=0 tty=ssh ruser= rhost=43.255.190.155  user=root
Apr  6 00:27:01 ovzhost sshd[1236]: Failed password for root from 43.255.190.150 port 33667 ssh2
Apr  6 00:27:02 ovzhost sshd[1238]: Failed password for root from 43.255.190.155 port 58890 ssh2
Apr  6 00:27:05 ovzhost sshd[1236]: message repeated 2 times: [ Failed password for root from 43.255.190.150 port 33667 ssh2]
Apr  6 00:27:05 ovzhost sshd[1236]: Received disconnect from 43.255.190.150: 11:  [preauth]
Apr  6 00:27:05 ovzhost sshd[1236]: PAM 2 more authentication failures; logname= uid=0 euid=0 tty=ssh ruser= rhost=43.255.190.150  user=root
Apr  6 00:27:07 ovzhost sshd[1238]: message repeated 2 times: [ Failed password for root from 43.255.190.155 port 58890 ssh2]
Apr  6 00:27:07 ovzhost sshd[1238]: Received disconnect from 43.255.190.155: 11:  [preauth]
Apr  6 00:27:07 ovzhost sshd[1238]: PAM 2 more authentication failures; logname= uid=0 euid=0 tty=ssh ruser= rhost=43.255.190.155  user=root
Apr  6 00:27:07 ovzhost sshd[1240]: pam_unix(sshd:auth): authentication failure; logname= uid=0 euid=0 tty=ssh ruser= rhost=43.255.190.155  user=root
Apr  6 00:27:09 ovzhost sshd[1242]: pam_unix(sshd:auth): authentication failure; logname= uid=0 euid=0 tty=ssh ruser= rhost=43.255.190.150  user=root
Apr  6 00:27:09 ovzhost sshd[1240]: Failed password for root from 43.255.190.155 port 46627 ssh2
Apr  6 00:27:11 ovzhost sshd[1242]: Failed password for root from 43.255.190.150 port 49046 ssh2
Apr  6 00:27:14 ovzhost sshd[1240]: message repeated 2 times: [ Failed password for root from 43.255.190.155 port 46627 ssh2]
Apr  6 00:27:14 ovzhost sshd[1240]: Received disconnect from 43.255.190.155: 11:  [preauth]
Apr  6 00:27:14 ovzhost sshd[1240]: PAM 2 more authentication failures; logname= uid=0 euid=0 tty=ssh ruser= rhost=43.255.190.155  user=root
Apr  6 00:27:14 ovzhost sshd[1244]: pam_unix(sshd:auth): authentication failure; logname= uid=0 euid=0 tty=ssh ruser= rhost=43.255.190.155  user=root
Apr  6 00:27:15 ovzhost sshd[1242]: message repeated 2 times: [ Failed password for root from 43.255.190.150 port 49046 ssh2]
Apr  6 00:27:15 ovzhost sshd[1242]: Received disconnect from 43.255.190.150: 11:  [preauth]
Apr  6 00:27:15 ovzhost sshd[1242]: PAM 2 more authentication failures; logname= uid=0 euid=0 tty=ssh ruser= rhost=43.255.190.150  user=root
Apr  6 00:27:16 ovzhost sshd[1246]: pam_unix(sshd:auth): authentication failure; logname= uid=0 euid=0 tty=ssh ruser= rhost=43.255.190.150  user=root
Apr  6 00:27:17 ovzhost sshd[1244]: Failed password for root from 43.255.190.155 port 35415 ssh2
Apr  6 00:27:18 ovzhost sshd[1246]: Failed password for root from 43.255.190.150 port 43763 ssh2
Apr  6 00:27:21 ovzhost sshd[1244]: message repeated 2 times: [ Failed password for root from 43.255.190.155 port 35415 ssh2]
Apr  6 00:27:21 ovzhost sshd[1244]: Received disconnect from 43.255.190.155: 11:  [preauth]
Apr  6 00:27:21 ovzhost sshd[1244]: PAM 2 more authentication failures; logname= uid=0 euid=0 tty=ssh ruser= rhost=43.255.190.155  user=root
Apr  6 00:27:22 ovzhost sshd[1246]: message repeated 2 times: [ Failed password for root from 43.255.190.150 port 43763 ssh2]
Apr  6 00:27:22 ovzhost sshd[1246]: Received disconnect from 43.255.190.150: 11:  [preauth]
Apr  6 00:27:22 ovzhost sshd[1246]: PAM 2 more authentication failures; logname= uid=0 euid=0 tty=ssh ruser= rhost=43.255.190.150  user=root
Apr  6 00:27:22 ovzhost sshd[1250]: pam_unix(sshd:auth): authentication failure; logname= uid=0 euid=0 tty=ssh ruser= rhost=43.255.190.155  user=root
Apr  6 00:27:23 ovzhost sshd[1248]: pam_unix(sshd:auth): authentication failure; logname= uid=0 euid=0 tty=ssh ruser= rhost=43.255.190.150  user=root
Apr  6 00:27:24 ovzhost sshd[1250]: Failed password for root from 43.255.190.155 port 52025 ssh2
Apr  6 00:27:24 ovzhost sshd[1248]: Failed password for root from 43.255.190.150 port 59350 ssh2
Apr  6 00:27:29 ovzhost sshd[1248]: message repeated 2 times: [ Failed password for root from 43.255.190.150 port 59350 ssh2]
Apr  6 00:27:29 ovzhost sshd[1248]: Received disconnect from 43.255.190.150: 11:  [preauth]
Apr  6 00:27:29 ovzhost sshd[1248]: PAM 2 more authentication failures; logname= uid=0 euid=0 tty=ssh ruser= rhost=43.255.190.150  user=root
Apr  6 00:27:29 ovzhost sshd[1250]: message repeated 2 times: [ Failed password for root from 43.255.190.155 port 52025 ssh2]
Apr  6 00:27:29 ovzhost sshd[1250]: Received disconnect from 43.255.190.155: 11:  [preauth]
Apr  6 00:27:29 ovzhost sshd[1250]: PAM 2 more authentication failures; logname= uid=0 euid=0 tty=ssh ruser= rhost=43.255.190.155  user=root
Apr  6 00:27:29 ovzhost sshd[1252]: pam_unix(sshd:auth): authentication failure; logname= uid=0 euid=0 tty=ssh ruser= rhost=43.255.190.155  user=root
Apr  6 00:27:30 ovzhost sshd[1254]: pam_unix(sshd:auth): authentication failure; logname= uid=0 euid=0 tty=ssh ruser= rhost=43.255.190.150  user=root
Apr  6 00:27:31 ovzhost sshd[1252]: Failed password for root from 43.255.190.155 port 42172 ssh2
Apr  6 00:27:31 ovzhost sshd[1254]: Failed password for root from 43.255.190.150 port 46530 ssh2
Apr  6 00:27:36 ovzhost sshd[1252]: message repeated 2 times: [ Failed password for root from 43.255.190.155 port 42172 ssh2]
Apr  6 00:27:36 ovzhost sshd[1252]: Received disconnect from 43.255.190.155: 11:  [preauth]
Apr  6 00:27:36 ovzhost sshd[1252]: PAM 2 more authentication failures; logname= uid=0 euid=0 tty=ssh ruser= rhost=43.255.190.155  user=root
Apr  6 00:27:36 ovzhost sshd[1254]: message repeated 2 times: [ Failed password for root from 43.255.190.150 port 46530 ssh2]
Apr  6 00:27:36 ovzhost sshd[1254]: Received disconnect from 43.255.190.150: 11:  [preauth]
Apr  6 00:27:36 ovzhost sshd[1254]: PAM 2 more authentication failures; logname= uid=0 euid=0 tty=ssh ruser= rhost=43.255.190.150  user=root
Apr  6 00:27:36 ovzhost sshd[1256]: pam_unix(sshd:auth): authentication failure; logname= uid=0 euid=0 tty=ssh ruser= rhost=43.255.190.150  user=root
Apr  6 00:27:36 ovzhost sshd[1258]: pam_unix(sshd:auth): authentication failure; logname= uid=0 euid=0 tty=ssh ruser= rhost=43.255.190.155  user=root
Apr  6 00:27:38 ovzhost sshd[1256]: Failed password for root from 43.255.190.150 port 34095 ssh2
Apr  6 00:27:38 ovzhost sshd[1258]: Failed password for root from 43.255.190.155 port 59225 ssh2
Apr  6 00:27:43 ovzhost sshd[1256]: message repeated 2 times: [ Failed password for root from 43.255.190.150 port 34095 ssh2]
Apr  6 00:27:43 ovzhost sshd[1256]: Received disconnect from 43.255.190.150: 11:  [preauth]
Apr  6 00:27:43 ovzhost sshd[1256]: PAM 2 more authentication failures; logname= uid=0 euid=0 tty=ssh ruser= rhost=43.255.190.150  user=root
Apr  6 00:27:43 ovzhost sshd[1258]: message repeated 2 times: [ Failed password for root from 43.255.190.155 port 59225 ssh2]
Apr  6 00:27:43 ovzhost sshd[1258]: Received disconnect from 43.255.190.155: 11:  [preauth]
Apr  6 00:27:43 ovzhost sshd[1258]: PAM 2 more authentication failures; logname= uid=0 euid=0 tty=ssh ruser= rhost=43.255.190.155  user=root
Apr  6 00:27:43 ovzhost sshd[1260]: pam_unix(sshd:auth): authentication failure; logname= uid=0 euid=0 tty=ssh ruser= rhost=43.255.190.150  user=root
Apr  6 00:27:43 ovzhost sshd[1262]: pam_unix(sshd:auth): authentication failure; logname= uid=0 euid=0 tty=ssh ruser= rhost=43.255.190.155  user=root
Apr  6 00:27:45 ovzhost sshd[1260]: Failed password for root from 43.255.190.150 port 49556 ssh2
Apr  6 00:27:45 ovzhost sshd[1262]: Failed password for root from 43.255.190.155 port 47634 ssh2
Apr  6 00:27:50 ovzhost sshd[1260]: message repeated 2 times: [ Failed password for root from 43.255.190.150 port 49556 ssh2]
Apr  6 00:27:50 ovzhost sshd[1260]: Received disconnect from 43.255.190.150: 11:  [preauth]
Apr  6 00:27:50 ovzhost sshd[1260]: PAM 2 more authentication failures; logname= uid=0 euid=0 tty=ssh ruser= rhost=43.255.190.150  user=root
Apr  6 00:27:50 ovzhost sshd[1262]: message repeated 2 times: [ Failed password for root from 43.255.190.155 port 47634 ssh2]
Apr  6 00:27:50 ovzhost sshd[1262]: Received disconnect from 43.255.190.155: 11:  [preauth]
Apr  6 00:27:50 ovzhost sshd[1262]: PAM 2 more authentication failures; logname= uid=0 euid=0 tty=ssh ruser= rhost=43.255.190.155  user=root
Apr  6 00:27:51 ovzhost sshd[1264]: pam_unix(sshd:auth): authentication failure; logname= uid=0 euid=0 tty=ssh ruser= rhost=43.255.190.150  user=root
Apr  6 00:27:51 ovzhost sshd[1265]: pam_unix(sshd:auth): authentication failure; logname= uid=0 euid=0 tty=ssh ruser= rhost=43.255.190.155  user=root
Apr  6 00:27:53 ovzhost sshd[1264]: Failed password for root from 43.255.190.150 port 36768 ssh2
Apr  6 00:27:53 ovzhost sshd[1265]: Failed password for root from 43.255.190.155 port 36128 ssh2
Apr  6 00:27:57 ovzhost sshd[1265]: message repeated 2 times: [ Failed password for root from 43.255.190.155 port 36128 ssh2]
Apr  6 00:27:57 ovzhost sshd[1265]: Received disconnect from 43.255.190.155: 11:  [preauth]
Apr  6 00:27:57 ovzhost sshd[1265]: PAM 2 more authentication failures; logname= uid=0 euid=0 tty=ssh ruser= rhost=43.255.190.155  user=root
Apr  6 00:27:57 ovzhost sshd[1264]: message repeated 2 times: [ Failed password for root from 43.255.190.150 port 36768 ssh2]
Apr  6 00:27:57 ovzhost sshd[1264]: Received disconnect from 43.255.190.150: 11:  [preauth]
Apr  6 00:27:57 ovzhost sshd[1264]: PAM 2 more authentication failures; logname= uid=0 euid=0 tty=ssh ruser= rhost=43.255.190.150  user=root
Apr  6 00:27:57 ovzhost sshd[1269]: pam_unix(sshd:auth): authentication failure; logname= uid=0 euid=0 tty=ssh ruser= rhost=43.255.190.155  user=root
Apr  6 00:27:58 ovzhost sshd[1271]: pam_unix(sshd:auth): authentication failure; logname= uid=0 euid=0 tty=ssh ruser= rhost=43.255.190.150  user=root
Apr  6 00:28:00 ovzhost sshd[1269]: Failed password for root from 43.255.190.155 port 52200 ssh2
Apr  6 00:28:00 ovzhost sshd[1271]: Failed password for root from 43.255.190.150 port 52938 ssh2
Apr  6 00:28:04 ovzhost sshd[1269]: message repeated 2 times: [ Failed password for root from 43.255.190.155 port 52200 ssh2]
Apr  6 00:28:04 ovzhost sshd[1269]: Received disconnect from 43.255.190.155: 11:  [preauth]
Apr  6 00:28:04 ovzhost sshd[1269]: PAM 2 more authentication failures; logname= uid=0 euid=0 tty=ssh ruser= rhost=43.255.190.155  user=root
Apr  6 00:28:04 ovzhost sshd[1271]: message repeated 2 times: [ Failed password for root from 43.255.190.150 port 52938 ssh2]
Apr  6 00:28:04 ovzhost sshd[1271]: Received disconnect from 43.255.190.150: 11:  [preauth]
Apr  6 00:28:04 ovzhost sshd[1271]: PAM 2 more authentication failures; logname= uid=0 euid=0 tty=ssh ruser= rhost=43.255.190.150  user=root
Apr  6 00:28:05 ovzhost sshd[1273]: pam_unix(sshd:auth): authentication failure; logname= uid=0 euid=0 tty=ssh ruser= rhost=43.255.190.150  user=root
Apr  6 00:28:05 ovzhost sshd[1275]: pam_unix(sshd:auth): authentication failure; logname= uid=0 euid=0 tty=ssh ruser= rhost=43.255.190.155  user=root
Apr  6 00:28:07 ovzhost sshd[1273]: Failed password for root from 43.255.190.150 port 40577 ssh2
Apr  6 00:28:08 ovzhost sshd[1275]: Failed password for root from 43.255.190.155 port 40192 ssh2
Apr  6 00:28:12 ovzhost sshd[1273]: message repeated 2 times: [ Failed password for root from 43.255.190.150 port 40577 ssh2]
Apr  6 00:28:12 ovzhost sshd[1273]: Received disconnect from 43.255.190.150: 11:  [preauth]
Apr  6 00:28:12 ovzhost sshd[1273]: PAM 2 more authentication failures; logname= uid=0 euid=0 tty=ssh ruser= rhost=43.255.190.150  user=root
Apr  6 00:28:12 ovzhost sshd[1277]: pam_unix(sshd:auth): authentication failure; logname= uid=0 euid=0 tty=ssh ruser= rhost=43.255.190.150  user=root
Apr  6 00:28:13 ovzhost sshd[1275]: message repeated 2 times: [ Failed password for root from 43.255.190.155 port 40192 ssh2]
Apr  6 00:28:13 ovzhost sshd[1275]: Received disconnect from 43.255.190.155: 11:  [preauth]
Apr  6 00:28:13 ovzhost sshd[1275]: PAM 2 more authentication failures; logname= uid=0 euid=0 tty=ssh ruser= rhost=43.255.190.155  user=root
Apr  6 00:28:13 ovzhost sshd[1279]: pam_unix(sshd:auth): authentication failure; logname= uid=0 euid=0 tty=ssh ruser= rhost=43.255.190.155  user=root
Apr  6 00:28:14 ovzhost sshd[1277]: Failed password for root from 43.255.190.150 port 57358 ssh2
Apr  6 00:28:15 ovzhost sshd[1279]: Failed password for root from 43.255.190.155 port 32807 ssh2
Apr  6 00:28:19 ovzhost sshd[1277]: message repeated 2 times: [ Failed password for root from 43.255.190.150 port 57358 ssh2]
Apr  6 00:28:19 ovzhost sshd[1277]: Received disconnect from 43.255.190.150: 11:  [preauth]
Apr  6 00:28:19 ovzhost sshd[1277]: PAM 2 more authentication failures; logname= uid=0 euid=0 tty=ssh ruser= rhost=43.255.190.150  user=root
Apr  6 00:28:20 ovzhost sshd[1279]: message repeated 2 times: [ Failed password for root from 43.255.190.155 port 32807 ssh2]
Apr  6 00:28:20 ovzhost sshd[1279]: Received disconnect from 43.255.190.155: 11:  [preauth]
Apr  6 00:28:20 ovzhost sshd[1279]: PAM 2 more authentication failures; logname= uid=0 euid=0 tty=ssh ruser= rhost=43.255.190.155  user=root
Apr  6 00:28:20 ovzhost sshd[1281]: pam_unix(sshd:auth): authentication failure; logname= uid=0 euid=0 tty=ssh ruser= rhost=43.255.190.150  user=root
Apr  6 00:28:21 ovzhost sshd[1283]: pam_unix(sshd:auth): authentication failure; logname= uid=0 euid=0 tty=ssh ruser= rhost=43.255.190.155  user=root
Apr  6 00:28:23 ovzhost sshd[1281]: Failed password for root from 43.255.190.150 port 45551 ssh2
Apr  6 00:28:23 ovzhost sshd[1283]: Failed password for root from 43.255.190.155 port 49300 ssh2
Apr  6 00:28:27 ovzhost sshd[1281]: message repeated 2 times: [ Failed password for root from 43.255.190.150 port 45551 ssh2]
Apr  6 00:28:27 ovzhost sshd[1281]: Received disconnect from 43.255.190.150: 11:  [preauth]
Apr  6 00:28:27 ovzhost sshd[1281]: PAM 2 more authentication failures; logname= uid=0 euid=0 tty=ssh ruser= rhost=43.255.190.150  user=root
Apr  6 00:28:28 ovzhost sshd[1283]: message repeated 2 times: [ Failed password for root from 43.255.190.155 port 49300 ssh2]
Apr  6 00:28:28 ovzhost sshd[1283]: Received disconnect from 43.255.190.155: 11:  [preauth]
Apr  6 00:28:28 ovzhost sshd[1283]: PAM 2 more authentication failures; logname= uid=0 euid=0 tty=ssh ruser= rhost=43.255.190.155  user=root
Apr  6 00:28:28 ovzhost sshd[1285]: pam_unix(sshd:auth): authentication failure; logname= uid=0 euid=0 tty=ssh ruser= rhost=43.255.190.150  user=root
Apr  6 00:28:28 ovzhost sshd[1287]: pam_unix(sshd:auth): authentication failure; logname= uid=0 euid=0 tty=ssh ruser= rhost=43.255.190.155  user=root
Apr  6 00:28:30 ovzhost sshd[1285]: Failed password for root from 43.255.190.150 port 36854 ssh2
Apr  6 00:28:31 ovzhost sshd[1287]: Failed password for root from 43.255.190.155 port 39847 ssh2
Apr  6 00:28:35 ovzhost sshd[1285]: message repeated 2 times: [ Failed password for root from 43.255.190.150 port 36854 ssh2]
Apr  6 00:28:35 ovzhost sshd[1285]: Received disconnect from 43.255.190.150: 11:  [preauth]
Apr  6 00:28:35 ovzhost sshd[1285]: PAM 2 more authentication failures; logname= uid=0 euid=0 tty=ssh ruser= rhost=43.255.190.150  user=root
Apr  6 00:28:35 ovzhost sshd[1287]: message repeated 2 times: [ Failed password for root from 43.255.190.155 port 39847 ssh2]
Apr  6 00:28:35 ovzhost sshd[1287]: Received disconnect from 43.255.190.155: 11:  [preauth]
Apr  6 00:28:35 ovzhost sshd[1287]: PAM 2 more authentication failures; logname= uid=0 euid=0 tty=ssh ruser= rhost=43.255.190.155  user=root
Apr  6 00:28:35 ovzhost sshd[1291]: pam_unix(sshd:auth): authentication failure; logname= uid=0 euid=0 tty=ssh ruser= rhost=43.255.190.150  user=root
Apr  6 00:28:36 ovzhost sshd[1293]: pam_unix(sshd:auth): authentication failure; logname= uid=0 euid=0 tty=ssh ruser= rhost=43.255.190.155  user=root
Apr  6 00:28:37 ovzhost sshd[1291]: Failed password for root from 43.255.190.150 port 53164 ssh2
Apr  6 00:28:38 ovzhost sshd[1293]: Failed password for root from 43.255.190.155 port 57180 ssh2
Apr  6 00:28:42 ovzhost sshd[1291]: message repeated 2 times: [ Failed password for root from 43.255.190.150 port 53164 ssh2]
Apr  6 00:28:42 ovzhost sshd[1291]: Received disconnect from 43.255.190.150: 11:  [preauth]
Apr  6 00:28:42 ovzhost sshd[1291]: PAM 2 more authentication failures; logname= uid=0 euid=0 tty=ssh ruser= rhost=43.255.190.150  user=root
Apr  6 00:28:42 ovzhost sshd[1293]: message repeated 2 times: [ Failed password for root from 43.255.190.155 port 57180 ssh2]
Apr  6 00:28:42 ovzhost sshd[1293]: Received disconnect from 43.255.190.155: 11:  [preauth]
