Mar 31 17:16:56 ovzhost sudo:     root : unable to resolve host ovzhost
Mar 31 17:16:56 ovzhost sudo:     root : TTY=pts/0 ; PWD=/ ; USER=root ; COMMAND=/usr/bin/less /root/.bash_history
Mar 31 17:16:56 ovzhost sudo: pam_unix(sudo:session): session opened for user root by (uid=0)
Mar 31 17:16:57 ovzhost sudo: pam_unix(sudo:session): session closed for user root
Apr  2 14:31:13 ovzhost sshd[419]: Server listening on 0.0.0.0 port 22.
Apr  2 14:31:13 ovzhost sshd[419]: Server listening on :: port 22.
Apr  2 14:31:13 ovzhost saslauthd[637]: detach_tty      : master pid is: 637
Apr  2 14:31:13 ovzhost saslauthd[637]: ipc_init        : listening on socket: /var/run/saslauthd/mux
Apr  2 14:33:26 ovzhost sshd[797]: Connection closed by 127.0.0.1 [preauth]
Apr 12 07:36:59 ovzhost sshd[788]: Connection closed by 127.0.0.1 [preauth]
Apr 12 07:39:01 ovzhost CRON[799]: pam_env(cron:session): Unable to open env file: /etc/default/locale: No such file or directory
Apr 12 07:39:01 ovzhost CRON[799]: pam_unix(cron:session): session opened for user root by (uid=0)
Apr 12 07:39:01 ovzhost CRON[799]: pam_unix(cron:session): session closed for user root
Apr 12 07:40:01 ovzhost CRON[812]: pam_env(cron:session): Unable to open env file: /etc/default/locale: No such file or directory
Apr 12 07:40:01 ovzhost CRON[812]: pam_unix(cron:session): session opened for user smmsp by (uid=0)
Apr 12 07:40:01 ovzhost CRON[812]: pam_unix(cron:session): session closed for user smmsp
Apr 12 07:40:25 ovzhost sshd[839]: Connection closed by 128.8.37.104 [preauth]
Apr 12 07:41:59 ovzhost sshd[851]: Connection closed by 127.0.0.1 [preauth]
Apr 12 07:46:59 ovzhost sshd[870]: Connection closed by 127.0.0.1 [preauth]
Apr 12 07:50:25 ovzhost sshd[884]: Connection closed by 128.8.37.104 [preauth]
Apr 12 07:51:59 ovzhost sshd[896]: Connection closed by 127.0.0.1 [preauth]
Apr 12 07:56:59 ovzhost sshd[915]: Connection closed by 127.0.0.1 [preauth]
Apr 12 07:59:02 ovzhost sshd[926]: pam_unix(sshd:auth): authentication failure; logname= uid=0 euid=0 tty=ssh ruser= rhost=43.255.190.154  user=root
Apr 12 07:59:03 ovzhost sshd[928]: pam_unix(sshd:auth): authentication failure; logname= uid=0 euid=0 tty=ssh ruser= rhost=43.255.190.138  user=root
Apr 12 07:59:05 ovzhost sshd[930]: pam_unix(sshd:auth): authentication failure; logname= uid=0 euid=0 tty=ssh ruser= rhost=43.255.190.154  user=root
Apr 12 07:59:05 ovzhost sshd[926]: Failed password for root from 43.255.190.154 port 52099 ssh2
Apr 12 07:59:06 ovzhost sshd[928]: Failed password for root from 43.255.190.138 port 56551 ssh2
Apr 12 07:59:06 ovzhost sshd[930]: Failed password for root from 43.255.190.154 port 58069 ssh2
Apr 12 07:59:09 ovzhost sshd[926]: message repeated 2 times: [ Failed password for root from 43.255.190.154 port 52099 ssh2]
Apr 12 07:59:09 ovzhost sshd[926]: Received disconnect from 43.255.190.154: 11:  [preauth]
Apr 12 07:59:09 ovzhost sshd[926]: PAM 2 more authentication failures; logname= uid=0 euid=0 tty=ssh ruser= rhost=43.255.190.154  user=root
Apr 12 07:59:09 ovzhost sshd[932]: pam_unix(sshd:auth): authentication failure; logname= uid=0 euid=0 tty=ssh ruser= rhost=43.255.190.154  user=root
Apr 12 07:59:10 ovzhost sshd[928]: message repeated 2 times: [ Failed password for root from 43.255.190.138 port 56551 ssh2]
Apr 12 07:59:10 ovzhost sshd[928]: Received disconnect from 43.255.190.138: 11:  [preauth]
Apr 12 07:59:10 ovzhost sshd[928]: PAM 2 more authentication failures; logname= uid=0 euid=0 tty=ssh ruser= rhost=43.255.190.138  user=root
Apr 12 07:59:11 ovzhost sshd[934]: pam_unix(sshd:auth): authentication failure; logname= uid=0 euid=0 tty=ssh ruser= rhost=43.255.190.138  user=root
Apr 12 07:59:11 ovzhost sshd[930]: message repeated 2 times: [ Failed password for root from 43.255.190.154 port 58069 ssh2]
Apr 12 07:59:11 ovzhost sshd[930]: Received disconnect from 43.255.190.154: 11:  [preauth]
Apr 12 07:59:11 ovzhost sshd[930]: PAM 2 more authentication failures; logname= uid=0 euid=0 tty=ssh ruser= rhost=43.255.190.154  user=root
Apr 12 07:59:11 ovzhost sshd[936]: pam_unix(sshd:auth): authentication failure; logname= uid=0 euid=0 tty=ssh ruser= rhost=43.255.190.154  user=root
Apr 12 07:59:12 ovzhost sshd[932]: Failed password for root from 43.255.190.154 port 41134 ssh2
Apr 12 07:59:12 ovzhost sshd[934]: Failed password for root from 43.255.190.138 port 47312 ssh2
Apr 12 07:59:13 ovzhost sshd[936]: Failed password for root from 43.255.190.154 port 46233 ssh2
Apr 12 07:59:15 ovzhost sshd[932]: message repeated 2 times: [ Failed password for root from 43.255.190.154 port 41134 ssh2]
Apr 12 07:59:15 ovzhost sshd[932]: Received disconnect from 43.255.190.154: 11:  [preauth]
Apr 12 07:59:15 ovzhost sshd[932]: PAM 2 more authentication failures; logname= uid=0 euid=0 tty=ssh ruser= rhost=43.255.190.154  user=root
Apr 12 07:59:15 ovzhost sshd[934]: message repeated 2 times: [ Failed password for root from 43.255.190.138 port 47312 ssh2]
Apr 12 07:59:15 ovzhost sshd[934]: Received disconnect from 43.255.190.138: 11:  [preauth]
Apr 12 07:59:15 ovzhost sshd[934]: PAM 2 more authentication failures; logname= uid=0 euid=0 tty=ssh ruser= rhost=43.255.190.138  user=root
Apr 12 07:59:16 ovzhost sshd[938]: pam_unix(sshd:auth): authentication failure; logname= uid=0 euid=0 tty=ssh ruser= rhost=43.255.190.154  user=root
Apr 12 07:59:16 ovzhost sshd[940]: pam_unix(sshd:auth): authentication failure; logname= uid=0 euid=0 tty=ssh ruser= rhost=43.255.190.138  user=root
Apr 12 07:59:17 ovzhost sshd[936]: message repeated 2 times: [ Failed password for root from 43.255.190.154 port 46233 ssh2]
Apr 12 07:59:17 ovzhost sshd[936]: Received disconnect from 43.255.190.154: 11:  [preauth]
Apr 12 07:59:17 ovzhost sshd[936]: PAM 2 more authentication failures; logname= uid=0 euid=0 tty=ssh ruser= rhost=43.255.190.154  user=root
Apr 12 07:59:18 ovzhost sshd[942]: pam_unix(sshd:auth): authentication failure; logname= uid=0 euid=0 tty=ssh ruser= rhost=43.255.190.154  user=root
Apr 12 07:59:18 ovzhost sshd[938]: Failed password for root from 43.255.190.154 port 57073 ssh2
Apr 12 07:59:18 ovzhost sshd[940]: Failed password for root from 43.255.190.138 port 34692 ssh2
Apr 12 07:59:19 ovzhost sshd[942]: Failed password for root from 43.255.190.154 port 33333 ssh2
Apr 12 07:59:22 ovzhost sshd[938]: message repeated 2 times: [ Failed password for root from 43.255.190.154 port 57073 ssh2]
Apr 12 07:59:22 ovzhost sshd[938]: Received disconnect from 43.255.190.154: 11:  [preauth]
Apr 12 07:59:22 ovzhost sshd[938]: PAM 2 more authentication failures; logname= uid=0 euid=0 tty=ssh ruser= rhost=43.255.190.154  user=root
Apr 12 07:59:22 ovzhost sshd[940]: message repeated 2 times: [ Failed password for root from 43.255.190.138 port 34692 ssh2]
Apr 12 07:59:22 ovzhost sshd[940]: Received disconnect from 43.255.190.138: 11:  [preauth]
Apr 12 07:59:22 ovzhost sshd[940]: PAM 2 more authentication failures; logname= uid=0 euid=0 tty=ssh ruser= rhost=43.255.190.138  user=root
Apr 12 07:59:23 ovzhost sshd[944]: pam_unix(sshd:auth): authentication failure; logname= uid=0 euid=0 tty=ssh ruser= rhost=43.255.190.154  user=root
Apr 12 07:59:23 ovzhost sshd[946]: pam_unix(sshd:auth): authentication failure; logname= uid=0 euid=0 tty=ssh ruser= rhost=43.255.190.138  user=root
Apr 12 07:59:23 ovzhost sshd[942]: message repeated 2 times: [ Failed password for root from 43.255.190.154 port 33333 ssh2]
Apr 12 07:59:23 ovzhost sshd[942]: Received disconnect from 43.255.190.154: 11:  [preauth]
Apr 12 07:59:23 ovzhost sshd[942]: PAM 2 more authentication failures; logname= uid=0 euid=0 tty=ssh ruser= rhost=43.255.190.154  user=root
Apr 12 07:59:24 ovzhost sshd[949]: pam_unix(sshd:auth): authentication failure; logname= uid=0 euid=0 tty=ssh ruser= rhost=43.255.190.154  user=root
Apr 12 07:59:24 ovzhost sshd[944]: Failed password for root from 43.255.190.154 port 46297 ssh2
Apr 12 07:59:24 ovzhost sshd[946]: Failed password for root from 43.255.190.138 port 52799 ssh2
Apr 12 07:59:26 ovzhost sshd[949]: Failed password for root from 43.255.190.154 port 49862 ssh2
Apr 12 07:59:28 ovzhost sshd[944]: message repeated 2 times: [ Failed password for root from 43.255.190.154 port 46297 ssh2]
Apr 12 07:59:28 ovzhost sshd[944]: Received disconnect from 43.255.190.154: 11:  [preauth]
Apr 12 07:59:28 ovzhost sshd[944]: PAM 2 more authentication failures; logname= uid=0 euid=0 tty=ssh ruser= rhost=43.255.190.154  user=root
Apr 12 07:59:28 ovzhost sshd[946]: message repeated 2 times: [ Failed password for root from 43.255.190.138 port 52799 ssh2]
Apr 12 07:59:28 ovzhost sshd[946]: Received disconnect from 43.255.190.138: 11:  [preauth]
Apr 12 07:59:28 ovzhost sshd[946]: PAM 2 more authentication failures; logname= uid=0 euid=0 tty=ssh ruser= rhost=43.255.190.138  user=root
Apr 12 07:59:29 ovzhost sshd[951]: pam_unix(sshd:auth): authentication failure; logname= uid=0 euid=0 tty=ssh ruser= rhost=43.255.190.154  user=root
Apr 12 07:59:29 ovzhost sshd[953]: pam_unix(sshd:auth): authentication failure; logname= uid=0 euid=0 tty=ssh ruser= rhost=43.255.190.138  user=root
Apr 12 07:59:30 ovzhost sshd[949]: message repeated 2 times: [ Failed password for root from 43.255.190.154 port 49862 ssh2]
Apr 12 07:59:30 ovzhost sshd[949]: Received disconnect from 43.255.190.154: 11:  [preauth]
Apr 12 07:59:30 ovzhost sshd[949]: PAM 2 more authentication failures; logname= uid=0 euid=0 tty=ssh ruser= rhost=43.255.190.154  user=root
Apr 12 07:59:30 ovzhost sshd[951]: Failed password for root from 43.255.190.154 port 34222 ssh2
Apr 12 07:59:30 ovzhost sshd[955]: pam_unix(sshd:auth): authentication failure; logname= uid=0 euid=0 tty=ssh ruser= rhost=43.255.190.154  user=root
Apr 12 07:59:30 ovzhost sshd[953]: Failed password for root from 43.255.190.138 port 41969 ssh2
Apr 12 07:59:32 ovzhost sshd[955]: Failed password for root from 43.255.190.154 port 39057 ssh2
Apr 12 07:59:34 ovzhost sshd[951]: message repeated 2 times: [ Failed password for root from 43.255.190.154 port 34222 ssh2]
Apr 12 07:59:34 ovzhost sshd[951]: Received disconnect from 43.255.190.154: 11:  [preauth]
Apr 12 07:59:34 ovzhost sshd[951]: PAM 2 more authentication failures; logname= uid=0 euid=0 tty=ssh ruser= rhost=43.255.190.154  user=root
Apr 12 07:59:35 ovzhost sshd[953]: message repeated 2 times: [ Failed password for root from 43.255.190.138 port 41969 ssh2]
Apr 12 07:59:35 ovzhost sshd[953]: Received disconnect from 43.255.190.138: 11:  [preauth]
Apr 12 07:59:35 ovzhost sshd[953]: PAM 2 more authentication failures; logname= uid=0 euid=0 tty=ssh ruser= rhost=43.255.190.138  user=root
Apr 12 07:59:35 ovzhost sshd[957]: pam_unix(sshd:auth): authentication failure; logname= uid=0 euid=0 tty=ssh ruser= rhost=43.255.190.154  user=root
Apr 12 07:59:35 ovzhost sshd[959]: pam_unix(sshd:auth): authentication failure; logname= uid=0 euid=0 tty=ssh ruser= rhost=43.255.190.138  user=root
Apr 12 07:59:36 ovzhost sshd[955]: message repeated 2 times: [ Failed password for root from 43.255.190.154 port 39057 ssh2]
Apr 12 07:59:36 ovzhost sshd[955]: Received disconnect from 43.255.190.154: 11:  [preauth]
Apr 12 07:59:36 ovzhost sshd[955]: PAM 2 more authentication failures; logname= uid=0 euid=0 tty=ssh ruser= rhost=43.255.190.154  user=root
Apr 12 07:59:37 ovzhost sshd[961]: pam_unix(sshd:auth): authentication failure; logname= uid=0 euid=0 tty=ssh ruser= rhost=43.255.190.154  user=root
Apr 12 07:59:37 ovzhost sshd[957]: Failed password for root from 43.255.190.154 port 51383 ssh2
Apr 12 07:59:37 ovzhost sshd[959]: Failed password for root from 43.255.190.138 port 60134 ssh2
Apr 12 07:59:39 ovzhost sshd[961]: Failed password for root from 43.255.190.154 port 55875 ssh2
Apr 12 07:59:42 ovzhost sshd[957]: message repeated 2 times: [ Failed password for root from 43.255.190.154 port 51383 ssh2]
Apr 12 07:59:42 ovzhost sshd[957]: Received disconnect from 43.255.190.154: 11:  [preauth]
Apr 12 07:59:42 ovzhost sshd[957]: PAM 2 more authentication failures; logname= uid=0 euid=0 tty=ssh ruser= rhost=43.255.190.154  user=root
Apr 12 07:59:42 ovzhost sshd[959]: message repeated 2 times: [ Failed password for root from 43.255.190.138 port 60134 ssh2]
Apr 12 07:59:42 ovzhost sshd[959]: Received disconnect from 43.255.190.138: 11:  [preauth]
Apr 12 07:59:42 ovzhost sshd[959]: PAM 2 more authentication failures; logname= uid=0 euid=0 tty=ssh ruser= rhost=43.255.190.138  user=root
Apr 12 07:59:42 ovzhost sshd[963]: pam_unix(sshd:auth): authentication failure; logname= uid=0 euid=0 tty=ssh ruser= rhost=43.255.190.154  user=root
Apr 12 07:59:43 ovzhost sshd[965]: pam_unix(sshd:auth): authentication failure; logname= uid=0 euid=0 tty=ssh ruser= rhost=43.255.190.138  user=root
Apr 12 07:59:43 ovzhost sshd[961]: message repeated 2 times: [ Failed password for root from 43.255.190.154 port 55875 ssh2]
Apr 12 07:59:43 ovzhost sshd[961]: Received disconnect from 43.255.190.154: 11:  [preauth]
Apr 12 07:59:43 ovzhost sshd[961]: PAM 2 more authentication failures; logname= uid=0 euid=0 tty=ssh ruser= rhost=43.255.190.154  user=root
Apr 12 07:59:44 ovzhost sshd[967]: pam_unix(sshd:auth): authentication failure; logname= uid=0 euid=0 tty=ssh ruser= rhost=43.255.190.154  user=root
Apr 12 07:59:44 ovzhost sshd[963]: Failed password for root from 43.255.190.154 port 40784 ssh2
Apr 12 07:59:45 ovzhost sshd[965]: Failed password for root from 43.255.190.138 port 51407 ssh2
Apr 12 07:59:46 ovzhost sshd[967]: Failed password for root from 43.255.190.154 port 43570 ssh2
Apr 12 07:59:48 ovzhost sshd[963]: message repeated 2 times: [ Failed password for root from 43.255.190.154 port 40784 ssh2]
Apr 12 07:59:48 ovzhost sshd[963]: Received disconnect from 43.255.190.154: 11:  [preauth]
Apr 12 07:59:48 ovzhost sshd[963]: PAM 2 more authentication failures; logname= uid=0 euid=0 tty=ssh ruser= rhost=43.255.190.154  user=root
Apr 12 07:59:49 ovzhost sshd[969]: pam_unix(sshd:auth): authentication failure; logname= uid=0 euid=0 tty=ssh ruser= rhost=43.255.190.154  user=root
Apr 12 07:59:49 ovzhost sshd[965]: message repeated 2 times: [ Failed password for root from 43.255.190.138 port 51407 ssh2]
Apr 12 07:59:49 ovzhost sshd[965]: Received disconnect from 43.255.190.138: 11:  [preauth]
Apr 12 07:59:49 ovzhost sshd[965]: PAM 2 more authentication failures; logname= uid=0 euid=0 tty=ssh ruser= rhost=43.255.190.138  user=root
Apr 12 07:59:49 ovzhost sshd[971]: pam_unix(sshd:auth): authentication failure; logname= uid=0 euid=0 tty=ssh ruser= rhost=43.255.190.138  user=root
Apr 12 07:59:50 ovzhost sshd[967]: message repeated 2 times: [ Failed password for root from 43.255.190.154 port 43570 ssh2]
Apr 12 07:59:50 ovzhost sshd[967]: Received disconnect from 43.255.190.154: 11:  [preauth]
Apr 12 07:59:50 ovzhost sshd[967]: PAM 2 more authentication failures; logname= uid=0 euid=0 tty=ssh ruser= rhost=43.255.190.154  user=root
Apr 12 07:59:50 ovzhost sshd[969]: Failed password for root from 43.255.190.154 port 53610 ssh2
Apr 12 07:59:51 ovzhost sshd[973]: pam_unix(sshd:auth): authentication failure; logname= uid=0 euid=0 tty=ssh ruser= rhost=43.255.190.154  user=root
Apr 12 07:59:51 ovzhost sshd[971]: Failed password for root from 43.255.190.138 port 38108 ssh2
Apr 12 07:59:53 ovzhost sshd[973]: Failed password for root from 43.255.190.154 port 57201 ssh2
Apr 12 07:59:55 ovzhost sshd[969]: message repeated 2 times: [ Failed password for root from 43.255.190.154 port 53610 ssh2]
Apr 12 07:59:55 ovzhost sshd[969]: Received disconnect from 43.255.190.154: 11:  [preauth]
Apr 12 07:59:55 ovzhost sshd[969]: PAM 2 more authentication failures; logname= uid=0 euid=0 tty=ssh ruser= rhost=43.255.190.154  user=root
Apr 12 07:59:55 ovzhost sshd[971]: message repeated 2 times: [ Failed password for root from 43.255.190.138 port 38108 ssh2]
Apr 12 07:59:55 ovzhost sshd[971]: Received disconnect from 43.255.190.138: 11:  [preauth]
Apr 12 07:59:55 ovzhost sshd[971]: PAM 2 more authentication failures; logname= uid=0 euid=0 tty=ssh ruser= rhost=43.255.190.138  user=root
Apr 12 07:59:55 ovzhost sshd[976]: pam_unix(sshd:auth): authentication failure; logname= uid=0 euid=0 tty=ssh ruser= rhost=43.255.190.154  user=root
Apr 12 07:59:56 ovzhost sshd[978]: pam_unix(sshd:auth): authentication failure; logname= uid=0 euid=0 tty=ssh ruser= rhost=43.255.190.138  user=root
Apr 12 07:59:57 ovzhost sshd[973]: message repeated 2 times: [ Failed password for root from 43.255.190.154 port 57201 ssh2]
Apr 12 07:59:57 ovzhost sshd[973]: Received disconnect from 43.255.190.154: 11:  [preauth]
Apr 12 07:59:57 ovzhost sshd[973]: PAM 2 more authentication failures; logname= uid=0 euid=0 tty=ssh ruser= rhost=43.255.190.154  user=root
Apr 12 07:59:57 ovzhost sshd[976]: Failed password for root from 43.255.190.154 port 38705 ssh2
Apr 12 07:59:58 ovzhost sshd[980]: pam_unix(sshd:auth): authentication failure; logname= uid=0 euid=0 tty=ssh ruser= rhost=43.255.190.154  user=root
Apr 12 07:59:58 ovzhost sshd[978]: Failed password for root from 43.255.190.138 port 53729 ssh2
Apr 12 07:59:59 ovzhost sshd[980]: Failed password for root from 43.255.190.154 port 43543 ssh2
Apr 12 08:00:01 ovzhost CRON[982]: pam_env(cron:session): Unable to open env file: /etc/default/locale: No such file or directory
Apr 12 08:00:01 ovzhost CRON[982]: pam_unix(cron:session): session opened for user smmsp by (uid=0)
Apr 12 08:00:01 ovzhost CRON[982]: pam_unix(cron:session): session closed for user smmsp
Apr 12 08:00:02 ovzhost sshd[976]: message repeated 2 times: [ Failed password for root from 43.255.190.154 port 38705 ssh2]
Apr 12 08:00:02 ovzhost sshd[976]: Received disconnect from 43.255.190.154: 11:  [preauth]
Apr 12 08:00:02 ovzhost sshd[976]: PAM 2 more authentication failures; logname= uid=0 euid=0 tty=ssh ruser= rhost=43.255.190.154  user=root
Apr 12 08:00:02 ovzhost sshd[978]: message repeated 2 times: [ Failed password for root from 43.255.190.138 port 53729 ssh2]
Apr 12 08:00:02 ovzhost sshd[978]: Received disconnect from 43.255.190.138: 11:  [preauth]
Apr 12 08:00:02 ovzhost sshd[978]: PAM 2 more authentication failures; logname= uid=0 euid=0 tty=ssh ruser= rhost=43.255.190.138  user=root
Apr 12 08:00:02 ovzhost sshd[1007]: pam_unix(sshd:auth): authentication failure; logname= uid=0 euid=0 tty=ssh ruser= rhost=43.255.190.154  user=root
Apr 12 08:00:03 ovzhost sshd[1009]: pam_unix(sshd:auth): authentication failure; logname= uid=0 euid=0 tty=ssh ruser= rhost=43.255.190.138  user=root
Apr 12 08:00:04 ovzhost sshd[980]: message repeated 2 times: [ Failed password for root from 43.255.190.154 port 43543 ssh2]
Apr 12 08:00:04 ovzhost sshd[980]: Received disconnect from 43.255.190.154: 11:  [preauth]
Apr 12 08:00:04 ovzhost sshd[980]: PAM 2 more authentication failures; logname= uid=0 euid=0 tty=ssh ruser= rhost=43.255.190.154  user=root
Apr 12 08:00:05 ovzhost sshd[1007]: Failed password for root from 43.255.190.154 port 55046 ssh2
Apr 12 08:00:05 ovzhost sshd[1011]: pam_unix(sshd:auth): authentication failure; logname= uid=0 euid=0 tty=ssh ruser= rhost=43.255.190.154  user=root
Apr 12 08:00:05 ovzhost sshd[1009]: Failed password for root from 43.255.190.138 port 44107 ssh2
Apr 12 08:00:07 ovzhost sshd[1011]: Failed password for root from 43.255.190.154 port 60854 ssh2
Apr 12 08:00:09 ovzhost sshd[1007]: message repeated 2 times: [ Failed password for root from 43.255.190.154 port 55046 ssh2]
Apr 12 08:00:09 ovzhost sshd[1007]: Received disconnect from 43.255.190.154: 11:  [preauth]
Apr 12 08:00:09 ovzhost sshd[1007]: PAM 2 more authentication failures; logname= uid=0 euid=0 tty=ssh ruser= rhost=43.255.190.154  user=root
Apr 12 08:00:09 ovzhost sshd[1013]: pam_unix(sshd:auth): authentication failure; logname= uid=0 euid=0 tty=ssh ruser= rhost=43.255.190.154  user=root
Apr 12 08:00:09 ovzhost sshd[1009]: message repeated 2 times: [ Failed password for root from 43.255.190.138 port 44107 ssh2]
Apr 12 08:00:09 ovzhost sshd[1009]: Received disconnect from 43.255.190.138: 11:  [preauth]
Apr 12 08:00:09 ovzhost sshd[1009]: PAM 2 more authentication failures; logname= uid=0 euid=0 tty=ssh ruser= rhost=43.255.190.138  user=root
Apr 12 08:00:10 ovzhost sshd[1015]: pam_unix(sshd:auth): authentication failure; logname= uid=0 euid=0 tty=ssh ruser= rhost=43.255.190.138  user=root
Apr 12 08:00:11 ovzhost sshd[1011]: message repeated 2 times: [ Failed password for root from 43.255.190.154 port 60854 ssh2]
Apr 12 08:00:11 ovzhost sshd[1011]: Received disconnect from 43.255.190.154: 11:  [preauth]
Apr 12 08:00:11 ovzhost sshd[1011]: PAM 2 more authentication failures; logname= uid=0 euid=0 tty=ssh ruser= rhost=43.255.190.154  user=root
Apr 12 08:00:11 ovzhost sshd[1013]: Failed password for root from 43.255.190.154 port 44998 ssh2
Apr 12 08:00:11 ovzhost sshd[1017]: pam_unix(sshd:auth): authentication failure; logname= uid=0 euid=0 tty=ssh ruser= rhost=43.255.190.154  user=root
Apr 12 08:00:12 ovzhost sshd[1015]: Failed password for root from 43.255.190.138 port 34668 ssh2
Apr 12 08:00:13 ovzhost sshd[1017]: Failed password for root from 43.255.190.154 port 49724 ssh2
Apr 12 08:00:15 ovzhost sshd[1013]: message repeated 2 times: [ Failed password for root from 43.255.190.154 port 44998 ssh2]
Apr 12 08:00:15 ovzhost sshd[1013]: Received disconnect from 43.255.190.154: 11:  [preauth]
Apr 12 08:00:15 ovzhost sshd[1013]: PAM 2 more authentication failures; logname= uid=0 euid=0 tty=ssh ruser= rhost=43.255.190.154  user=root
Apr 12 08:00:16 ovzhost sshd[1019]: pam_unix(sshd:auth): authentication failure; logname= uid=0 euid=0 tty=ssh ruser= rhost=43.255.190.154  user=root
Apr 12 08:00:17 ovzhost sshd[1015]: message repeated 2 times: [ Failed password for root from 43.255.190.138 port 34668 ssh2]
Apr 12 08:00:17 ovzhost sshd[1015]: Received disconnect from 43.255.190.138: 11:  [preauth]
Apr 12 08:00:17 ovzhost sshd[1015]: PAM 2 more authentication failures; logname= uid=0 euid=0 tty=ssh ruser= rhost=43.255.190.138  user=root
Apr 12 08:00:17 ovzhost sshd[1021]: pam_unix(sshd:auth): authentication failure; logname= uid=0 euid=0 tty=ssh ruser= rhost=43.255.190.138  user=root
Apr 12 08:00:17 ovzhost sshd[1019]: Failed password for root from 43.255.190.154 port 59632 ssh2
Apr 12 08:00:18 ovzhost sshd[1017]: message repeated 2 times: [ Failed password for root from 43.255.190.154 port 49724 ssh2]
Apr 12 08:00:18 ovzhost sshd[1017]: Received disconnect from 43.255.190.154: 11:  [preauth]
Apr 12 08:00:18 ovzhost sshd[1017]: PAM 2 more authentication failures; logname= uid=0 euid=0 tty=ssh ruser= rhost=43.255.190.154  user=root
Apr 12 08:00:18 ovzhost sshd[1023]: pam_unix(sshd:auth): authentication failure; logname= uid=0 euid=0 tty=ssh ruser= rhost=43.255.190.154  user=root
Apr 12 08:00:19 ovzhost sshd[1021]: Failed password for root from 43.255.190.138 port 52892 ssh2
Apr 12 08:00:20 ovzhost sshd[1023]: Failed password for root from 43.255.190.154 port 37293 ssh2
Apr 12 08:00:21 ovzhost sshd[1019]: message repeated 2 times: [ Failed password for root from 43.255.190.154 port 59632 ssh2]
Apr 12 08:00:21 ovzhost sshd[1019]: Received disconnect from 43.255.190.154: 11:  [preauth]
Apr 12 08:00:21 ovzhost sshd[1019]: PAM 2 more authentication failures; logname= uid=0 euid=0 tty=ssh ruser= rhost=43.255.190.154  user=root
Apr 12 08:00:22 ovzhost sshd[1025]: pam_unix(sshd:auth): authentication failure; logname= uid=0 euid=0 tty=ssh ruser= rhost=43.255.190.154  user=root
Apr 12 08:00:24 ovzhost sshd[1021]: message repeated 2 times: [ Failed password for root from 43.255.190.138 port 52892 ssh2]
Apr 12 08:00:24 ovzhost sshd[1021]: Received disconnect from 43.255.190.138: 11:  [preauth]
Apr 12 08:00:24 ovzhost sshd[1021]: PAM 2 more authentication failures; logname= uid=0 euid=0 tty=ssh ruser= rhost=43.255.190.138  user=root
Apr 12 08:00:24 ovzhost sshd[1023]: message repeated 2 times: [ Failed password for root from 43.255.190.154 port 37293 ssh2]
Apr 12 08:00:24 ovzhost sshd[1023]: Received disconnect from 43.255.190.154: 11:  [preauth]
Apr 12 08:00:24 ovzhost sshd[1023]: PAM 2 more authentication failures; logname= uid=0 euid=0 tty=ssh ruser= rhost=43.255.190.154  user=root
Apr 12 08:00:24 ovzhost sshd[1025]: Failed password for root from 43.255.190.154 port 44309 ssh2
Apr 12 08:00:24 ovzhost sshd[1027]: pam_unix(sshd:auth): authentication failure; logname= uid=0 euid=0 tty=ssh ruser= rhost=43.255.190.138  user=root
Apr 12 08:00:24 ovzhost sshd[1029]: pam_unix(sshd:auth): authentication failure; logname= uid=0 euid=0 tty=ssh ruser= rhost=43.255.190.154  user=root
Apr 12 08:00:25 ovzhost sshd[1032]: Connection closed by 128.8.37.104 [preauth]
Apr 12 08:00:26 ovzhost sshd[1027]: Failed password for root from 43.255.190.138 port 40251 ssh2
Apr 12 08:00:26 ovzhost sshd[1029]: Failed password for root from 43.255.190.154 port 49157 ssh2
Apr 12 08:00:28 ovzhost sshd[1025]: message repeated 2 times: [ Failed password for root from 43.255.190.154 port 44309 ssh2]
Apr 12 08:00:28 ovzhost sshd[1025]: Received disconnect from 43.255.190.154: 11:  [preauth]
Apr 12 08:00:28 ovzhost sshd[1025]: PAM 2 more authentication failures; logname= uid=0 euid=0 tty=ssh ruser= rhost=43.255.190.154  user=root
Apr 12 08:00:29 ovzhost sshd[1034]: pam_unix(sshd:auth): authentication failure; logname= uid=0 euid=0 tty=ssh ruser= rhost=43.255.190.154  user=root
Apr 12 08:00:30 ovzhost sshd[1027]: message repeated 2 times: [ Failed password for root from 43.255.190.138 port 40251 ssh2]
Apr 12 08:00:30 ovzhost sshd[1027]: Received disconnect from 43.255.190.138: 11:  [preauth]
Apr 12 08:00:30 ovzhost sshd[1027]: PAM 2 more authentication failures; logname= uid=0 euid=0 tty=ssh ruser= rhost=43.255.190.138  user=root
Apr 12 08:00:30 ovzhost sshd[1029]: message repeated 2 times: [ Failed password for root from 43.255.190.154 port 49157 ssh2]
Apr 12 08:00:30 ovzhost sshd[1029]: Received disconnect from 43.255.190.154: 11:  [preauth]
Apr 12 08:00:30 ovzhost sshd[1029]: PAM 2 more authentication failures; logname= uid=0 euid=0 tty=ssh ruser= rhost=43.255.190.154  user=root
Apr 12 08:00:31 ovzhost sshd[1036]: pam_unix(sshd:auth): authentication failure; logname= uid=0 euid=0 tty=ssh ruser= rhost=43.255.190.138  user=root
Apr 12 08:00:31 ovzhost sshd[1034]: Failed password for root from 43.255.190.154 port 57393 ssh2
Apr 12 08:00:31 ovzhost sshd[1038]: pam_unix(sshd:auth): authentication failure; logname= uid=0 euid=0 tty=ssh ruser= rhost=43.255.190.154  user=root
Apr 12 08:00:32 ovzhost sshd[1036]: Failed password for root from 43.255.190.138 port 54065 ssh2
Apr 12 08:00:33 ovzhost sshd[1038]: Failed password for root from 43.255.190.154 port 33488 ssh2
Apr 12 08:00:35 ovzhost sshd[1034]: message repeated 2 times: [ Failed password for root from 43.255.190.154 port 57393 ssh2]
Apr 12 08:00:35 ovzhost sshd[1034]: Received disconnect from 43.255.190.154: 11:  [preauth]
Apr 12 08:00:35 ovzhost sshd[1034]: PAM 2 more authentication failures; logname= uid=0 euid=0 tty=ssh ruser= rhost=43.255.190.154  user=root
Apr 12 08:00:36 ovzhost sshd[1040]: pam_unix(sshd:auth): authentication failure; logname= uid=0 euid=0 tty=ssh ruser= rhost=43.255.190.154  user=root
Apr 12 08:00:37 ovzhost sshd[1036]: message repeated 2 times: [ Failed password for root from 43.255.190.138 port 54065 ssh2]
Apr 12 08:00:37 ovzhost sshd[1036]: Received disconnect from 43.255.190.138: 11:  [preauth]
Apr 12 08:00:37 ovzhost sshd[1036]: PAM 2 more authentication failures; logname= uid=0 euid=0 tty=ssh ruser= rhost=43.255.190.138  user=root
Apr 12 08:00:37 ovzhost sshd[1038]: message repeated 2 times: [ Failed password for root from 43.255.190.154 port 33488 ssh2]
Apr 12 08:00:37 ovzhost sshd[1038]: Received disconnect from 43.255.190.154: 11:  [preauth]
Apr 12 08:00:37 ovzhost sshd[1038]: PAM 2 more authentication failures; logname= uid=0 euid=0 tty=ssh ruser= rhost=43.255.190.154  user=root
Apr 12 08:00:38 ovzhost sshd[1040]: Failed password for root from 43.255.190.154 port 43226 ssh2
Apr 12 08:00:38 ovzhost sshd[1042]: pam_unix(sshd:auth): authentication failure; logname= uid=0 euid=0 tty=ssh ruser= rhost=43.255.190.138  user=root
Apr 12 08:00:38 ovzhost sshd[1044]: pam_unix(sshd:auth): authentication failure; logname= uid=0 euid=0 tty=ssh ruser= rhost=43.255.190.154  user=root
Apr 12 08:00:40 ovzhost sshd[1042]: Failed password for root from 43.255.190.138 port 41946 ssh2
Apr 12 08:00:40 ovzhost sshd[1044]: Failed password for root from 43.255.190.154 port 48116 ssh2
Apr 12 08:00:42 ovzhost sshd[1040]: message repeated 2 times: [ Failed password for root from 43.255.190.154 port 43226 ssh2]
Apr 12 08:00:42 ovzhost sshd[1040]: Received disconnect from 43.255.190.154: 11:  [preauth]
Apr 12 08:00:42 ovzhost sshd[1040]: PAM 2 more authentication failures; logname= uid=0 euid=0 tty=ssh ruser= rhost=43.255.190.154  user=root
Apr 12 08:00:43 ovzhost sshd[1046]: pam_unix(sshd:auth): authentication failure; logname= uid=0 euid=0 tty=ssh ruser= rhost=43.255.190.154  user=root
Apr 12 08:00:44 ovzhost sshd[1042]: message repeated 2 times: [ Failed password for root from 43.255.190.138 port 41946 ssh2]
Apr 12 08:00:44 ovzhost sshd[1042]: Received disconnect from 43.255.190.138: 11:  [preauth]
Apr 12 08:00:44 ovzhost sshd[1042]: PAM 2 more authentication failures; logname= uid=0 euid=0 tty=ssh ruser= rhost=43.255.190.138  user=root
Apr 12 08:00:44 ovzhost sshd[1044]: message repeated 2 times: [ Failed password for root from 43.255.190.154 port 48116 ssh2]
Apr 12 08:00:44 ovzhost sshd[1044]: Received disconnect from 43.255.190.154: 11:  [preauth]
Apr 12 08:00:44 ovzhost sshd[1044]: PAM 2 more authentication failures; logname= uid=0 euid=0 tty=ssh ruser= rhost=43.255.190.154  user=root
Apr 12 08:00:44 ovzhost sshd[1046]: Failed password for root from 43.255.190.154 port 60022 ssh2
Apr 12 08:00:44 ovzhost sshd[1048]: pam_unix(sshd:auth): authentication failure; logname= uid=0 euid=0 tty=ssh ruser= rhost=43.255.190.138  user=root
Apr 12 08:00:45 ovzhost sshd[1050]: pam_unix(sshd:auth): authentication failure; logname= uid=0 euid=0 tty=ssh ruser= rhost=43.255.190.154  user=root
Apr 12 08:00:46 ovzhost sshd[1048]: Failed password for root from 43.255.190.138 port 59150 ssh2
Apr 12 08:00:47 ovzhost sshd[1050]: Failed password for root from 43.255.190.154 port 36367 ssh2
Apr 12 08:00:48 ovzhost sshd[1046]: message repeated 2 times: [ Failed password for root from 43.255.190.154 port 60022 ssh2]
Apr 12 08:00:48 ovzhost sshd[1046]: Received disconnect from 43.255.190.154: 11:  [preauth]
Apr 12 08:00:48 ovzhost sshd[1046]: PAM 2 more authentication failures; logname= uid=0 euid=0 tty=ssh ruser= rhost=43.255.190.154  user=root
Apr 12 08:00:49 ovzhost sshd[1052]: pam_unix(sshd:auth): authentication failure; logname= uid=0 euid=0 tty=ssh ruser= rhost=43.255.190.154  user=root
Apr 12 08:00:51 ovzhost sshd[1048]: message repeated 2 times: [ Failed password for root from 43.255.190.138 port 59150 ssh2]
Apr 12 08:00:51 ovzhost sshd[1048]: Received disconnect from 43.255.190.138: 11:  [preauth]
Apr 12 08:00:51 ovzhost sshd[1048]: PAM 2 more authentication failures; logname= uid=0 euid=0 tty=ssh ruser= rhost=43.255.190.138  user=root
Apr 12 08:00:51 ovzhost sshd[1052]: Failed password for root from 43.255.190.154 port 47784 ssh2
Apr 12 08:00:51 ovzhost sshd[1050]: message repeated 2 times: [ Failed password for root from 43.255.190.154 port 36367 ssh2]
Apr 12 08:00:51 ovzhost sshd[1050]: Received disconnect from 43.255.190.154: 11:  [preauth]
Apr 12 08:00:51 ovzhost sshd[1050]: PAM 2 more authentication failures; logname= uid=0 euid=0 tty=ssh ruser= rhost=43.255.190.154  user=root
Apr 12 08:00:51 ovzhost sshd[1054]: pam_unix(sshd:auth): authentication failure; logname= uid=0 euid=0 tty=ssh ruser= rhost=43.255.190.138  user=root
Apr 12 08:00:52 ovzhost sshd[1056]: pam_unix(sshd:auth): authentication failure; logname= uid=0 euid=0 tty=ssh ruser= rhost=43.255.190.154  user=root
Apr 12 08:00:53 ovzhost sshd[1054]: Failed password for root from 43.255.190.138 port 48432 ssh2
Apr 12 08:00:54 ovzhost sshd[1056]: Failed password for root from 43.255.190.154 port 54485 ssh2
Apr 12 08:00:55 ovzhost sshd[1052]: message repeated 2 times: [ Failed password for root from 43.255.190.154 port 47784 ssh2]
Apr 12 08:00:55 ovzhost sshd[1052]: Received disconnect from 43.255.190.154: 11:  [preauth]
Apr 12 08:00:55 ovzhost sshd[1052]: PAM 2 more authentication failures; logname= uid=0 euid=0 tty=ssh ruser= rhost=43.255.190.154  user=root
Apr 12 08:00:56 ovzhost sshd[1060]: pam_unix(sshd:auth): authentication failure; logname= uid=0 euid=0 tty=ssh ruser= rhost=43.255.190.154  user=root
Apr 12 08:00:57 ovzhost sshd[1054]: message repeated 2 times: [ Failed password for root from 43.255.190.138 port 48432 ssh2]
Apr 12 08:00:57 ovzhost sshd[1054]: Received disconnect from 43.255.190.138: 11:  [preauth]
Apr 12 08:00:57 ovzhost sshd[1054]: PAM 2 more authentication failures; logname= uid=0 euid=0 tty=ssh ruser= rhost=43.255.190.138  user=root
Apr 12 08:00:58 ovzhost sshd[1060]: Failed password for root from 43.255.190.154 port 35415 ssh2
Apr 12 08:00:58 ovzhost sshd[1056]: message repeated 2 times: [ Failed password for root from 43.255.190.154 port 54485 ssh2]
Apr 12 08:00:58 ovzhost sshd[1056]: Received disconnect from 43.255.190.154: 11:  [preauth]
Apr 12 08:00:58 ovzhost sshd[1056]: PAM 2 more authentication failures; logname= uid=0 euid=0 tty=ssh ruser= rhost=43.255.190.154  user=root
Apr 12 08:00:58 ovzhost sshd[1062]: pam_unix(sshd:auth): authentication failure; logname= uid=0 euid=0 tty=ssh ruser= rhost=43.255.190.138  user=root
Apr 12 08:00:59 ovzhost sshd[1064]: pam_unix(sshd:auth): authentication failure; logname= uid=0 euid=0 tty=ssh ruser= rhost=43.255.190.154  user=root
Apr 12 08:01:00 ovzhost sshd[1062]: Failed password for root from 43.255.190.138 port 37368 ssh2
Apr 12 08:01:01 ovzhost sshd[1064]: Failed password for root from 43.255.190.154 port 42812 ssh2
Apr 12 08:01:02 ovzhost sshd[1060]: message repeated 2 times: [ Failed password for root from 43.255.190.154 port 35415 ssh2]
Apr 12 08:01:02 ovzhost sshd[1060]: Received disconnect from 43.255.190.154: 11:  [preauth]
Apr 12 08:01:02 ovzhost sshd[1060]: PAM 2 more authentication failures; logname= uid=0 euid=0 tty=ssh ruser= rhost=43.255.190.154  user=root
Apr 12 08:01:03 ovzhost sshd[1066]: pam_unix(sshd:auth): authentication failure; logname= uid=0 euid=0 tty=ssh ruser= rhost=43.255.190.154  user=root
Apr 12 08:01:04 ovzhost sshd[1062]: message repeated 2 times: [ Failed password for root from 43.255.190.138 port 37368 ssh2]
Apr 12 08:01:04 ovzhost sshd[1062]: Received disconnect from 43.255.190.138: 11:  [preauth]
Apr 12 08:01:04 ovzhost sshd[1062]: PAM 2 more authentication failures; logname= uid=0 euid=0 tty=ssh ruser= rhost=43.255.190.138  user=root
Apr 12 08:01:05 ovzhost sshd[1068]: pam_unix(sshd:auth): authentication failure; logname= uid=0 euid=0 tty=ssh ruser= rhost=43.255.190.138  user=root
Apr 12 08:01:05 ovzhost sshd[1066]: Failed password for root from 43.255.190.154 port 51767 ssh2
Apr 12 08:01:05 ovzhost sshd[1064]: message repeated 2 times: [ Failed password for root from 43.255.190.154 port 42812 ssh2]
Apr 12 08:01:05 ovzhost sshd[1064]: Received disconnect from 43.255.190.154: 11:  [preauth]
Apr 12 08:01:05 ovzhost sshd[1064]: PAM 2 more authentication failures; logname= uid=0 euid=0 tty=ssh ruser= rhost=43.255.190.154  user=root
Apr 12 08:01:06 ovzhost sshd[1070]: pam_unix(sshd:auth): authentication failure; logname= uid=0 euid=0 tty=ssh ruser= rhost=43.255.190.154  user=root
Apr 12 08:01:06 ovzhost sshd[1068]: Failed password for root from 43.255.190.138 port 53029 ssh2
Apr 12 08:01:08 ovzhost sshd[1070]: Failed password for root from 43.255.190.154 port 59543 ssh2
Apr 12 08:01:09 ovzhost sshd[1066]: message repeated 2 times: [ Failed password for root from 43.255.190.154 port 51767 ssh2]
Apr 12 08:01:09 ovzhost sshd[1066]: Received disconnect from 43.255.190.154: 11:  [preauth]
Apr 12 08:01:09 ovzhost sshd[1066]: PAM 2 more authentication failures; logname= uid=0 euid=0 tty=ssh ruser= rhost=43.255.190.154  user=root
Apr 12 08:01:09 ovzhost sshd[1072]: pam_unix(sshd:auth): authentication failure; logname= uid=0 euid=0 tty=ssh ruser= rhost=43.255.190.154  user=root
Apr 12 08:01:11 ovzhost sshd[1068]: message repeated 2 times: [ Failed password for root from 43.255.190.138 port 53029 ssh2]
Apr 12 08:01:11 ovzhost sshd[1068]: Received disconnect from 43.255.190.138: 11:  [preauth]
Apr 12 08:01:11 ovzhost sshd[1068]: PAM 2 more authentication failures; logname= uid=0 euid=0 tty=ssh ruser= rhost=43.255.190.138  user=root
Apr 12 08:01:11 ovzhost sshd[1076]: pam_unix(sshd:auth): authentication failure; logname= uid=0 euid=0 tty=ssh ruser= rhost=43.255.190.138  user=root
Apr 12 08:01:12 ovzhost sshd[1072]: Failed password for root from 43.255.190.154 port 39802 ssh2
Apr 12 08:01:12 ovzhost sshd[1070]: message repeated 2 times: [ Failed password for root from 43.255.190.154 port 59543 ssh2]
Apr 12 08:01:12 ovzhost sshd[1070]: Received disconnect from 43.255.190.154: 11:  [preauth]
Apr 12 08:01:12 ovzhost sshd[1070]: PAM 2 more authentication failures; logname= uid=0 euid=0 tty=ssh ruser= rhost=43.255.190.154  user=root
Apr 12 08:01:12 ovzhost sshd[1078]: pam_unix(sshd:auth): authentication failure; logname= uid=0 euid=0 tty=ssh ruser= rhost=43.255.190.154  user=root
Apr 12 08:01:14 ovzhost sshd[1076]: Failed password for root from 43.255.190.138 port 41620 ssh2
Apr 12 08:01:15 ovzhost sshd[1078]: Failed password for root from 43.255.190.154 port 46840 ssh2
Apr 12 08:01:16 ovzhost sshd[1072]: message repeated 2 times: [ Failed password for root from 43.255.190.154 port 39802 ssh2]
Apr 12 08:01:16 ovzhost sshd[1072]: Received disconnect from 43.255.190.154: 11:  [preauth]
Apr 12 08:01:16 ovzhost sshd[1072]: PAM 2 more authentication failures; logname= uid=0 euid=0 tty=ssh ruser= rhost=43.255.190.154  user=root
Apr 12 08:01:17 ovzhost sshd[1080]: pam_unix(sshd:auth): authentication failure; logname= uid=0 euid=0 tty=ssh ruser= rhost=43.255.190.154  user=root
Apr 12 08:01:17 ovzhost sshd[1076]: message repeated 2 times: [ Failed password for root from 43.255.190.138 port 41620 ssh2]
Apr 12 08:01:17 ovzhost sshd[1076]: Received disconnect from 43.255.190.138: 11:  [preauth]
Apr 12 08:01:17 ovzhost sshd[1076]: PAM 2 more authentication failures; logname= uid=0 euid=0 tty=ssh ruser= rhost=43.255.190.138  user=root
Apr 12 08:01:18 ovzhost sshd[1082]: pam_unix(sshd:auth): authentication failure; logname= uid=0 euid=0 tty=ssh ruser= rhost=43.255.190.138  user=root
Apr 12 08:01:19 ovzhost sshd[1080]: Failed password for root from 43.255.190.154 port 56898 ssh2
Apr 12 08:01:19 ovzhost sshd[1078]: message repeated 2 times: [ Failed password for root from 43.255.190.154 port 46840 ssh2]
Apr 12 08:01:19 ovzhost sshd[1078]: Received disconnect from 43.255.190.154: 11:  [preauth]
Apr 12 08:01:19 ovzhost sshd[1078]: PAM 2 more authentication failures; logname= uid=0 euid=0 tty=ssh ruser= rhost=43.255.190.154  user=root
Apr 12 08:01:20 ovzhost sshd[1086]: pam_unix(sshd:auth): authentication failure; logname= uid=0 euid=0 tty=ssh ruser= rhost=43.255.190.154  user=root
Apr 12 08:01:20 ovzhost sshd[1082]: Failed password for root from 43.255.190.138 port 57822 ssh2
Apr 12 08:01:22 ovzhost sshd[1086]: Failed password for root from 43.255.190.154 port 35303 ssh2
Apr 12 08:01:23 ovzhost sshd[1080]: message repeated 2 times: [ Failed password for root from 43.255.190.154 port 56898 ssh2]
Apr 12 08:01:23 ovzhost sshd[1080]: Received disconnect from 43.255.190.154: 11:  [preauth]
Apr 12 08:01:23 ovzhost sshd[1080]: PAM 2 more authentication failures; logname= uid=0 euid=0 tty=ssh ruser= rhost=43.255.190.154  user=root
Apr 12 08:01:23 ovzhost sshd[1088]: pam_unix(sshd:auth): authentication failure; logname= uid=0 euid=0 tty=ssh ruser= rhost=43.255.190.154  user=root
Apr 12 08:01:25 ovzhost sshd[1082]: message repeated 2 times: [ Failed password for root from 43.255.190.138 port 57822 ssh2]
Apr 12 08:01:25 ovzhost sshd[1082]: Received disconnect from 43.255.190.138: 11:  [preauth]
Apr 12 08:01:25 ovzhost sshd[1082]: PAM 2 more authentication failures; logname= uid=0 euid=0 tty=ssh ruser= rhost=43.255.190.138  user=root
Apr 12 08:01:25 ovzhost sshd[1088]: Failed password for root from 43.255.190.154 port 43226 ssh2
Apr 12 08:01:26 ovzhost sshd[1090]: pam_unix(sshd:auth): authentication failure; logname= uid=0 euid=0 tty=ssh ruser= rhost=43.255.190.138  user=root
Apr 12 08:01:26 ovzhost sshd[1086]: message repeated 2 times: [ Failed password for root from 43.255.190.154 port 35303 ssh2]
Apr 12 08:01:26 ovzhost sshd[1086]: Received disconnect from 43.255.190.154: 11:  [preauth]
Apr 12 08:01:26 ovzhost sshd[1086]: PAM 2 more authentication failures; logname= uid=0 euid=0 tty=ssh ruser= rhost=43.255.190.154  user=root
Apr 12 08:01:26 ovzhost sshd[1092]: pam_unix(sshd:auth): authentication failure; logname= uid=0 euid=0 tty=ssh ruser= rhost=43.255.190.154  user=root
Apr 12 08:01:28 ovzhost sshd[1090]: Failed password for root from 43.255.190.138 port 47231 ssh2
Apr 12 08:01:28 ovzhost sshd[1092]: Failed password for root from 43.255.190.154 port 51225 ssh2
Apr 12 08:01:30 ovzhost sshd[1088]: message repeated 2 times: [ Failed password for root from 43.255.190.154 port 43226 ssh2]
Apr 12 08:01:30 ovzhost sshd[1088]: Received disconnect from 43.255.190.154: 11:  [preauth]
Apr 12 08:01:30 ovzhost sshd[1088]: PAM 2 more authentication failures; logname= uid=0 euid=0 tty=ssh ruser= rhost=43.255.190.154  user=root
Apr 12 08:01:30 ovzhost sshd[1096]: pam_unix(sshd:auth): authentication failure; logname= uid=0 euid=0 tty=ssh ruser= rhost=43.255.190.154  user=root
Apr 12 08:01:32 ovzhost sshd[1090]: message repeated 2 times: [ Failed password for root from 43.255.190.138 port 47231 ssh2]
Apr 12 08:01:32 ovzhost sshd[1090]: Received disconnect from 43.255.190.138: 11:  [preauth]
Apr 12 08:01:32 ovzhost sshd[1090]: PAM 2 more authentication failures; logname= uid=0 euid=0 tty=ssh ruser= rhost=43.255.190.138  user=root
Apr 12 08:01:33 ovzhost sshd[1096]: Failed password for root from 43.255.190.154 port 59915 ssh2
Apr 12 08:01:33 ovzhost sshd[1098]: pam_unix(sshd:auth): authentication failure; logname= uid=0 euid=0 tty=ssh ruser= rhost=43.255.190.138  user=root
Apr 12 08:01:33 ovzhost sshd[1092]: message repeated 2 times: [ Failed password for root from 43.255.190.154 port 51225 ssh2]
Apr 12 08:01:33 ovzhost sshd[1092]: Received disconnect from 43.255.190.154: 11:  [preauth]
Apr 12 08:01:33 ovzhost sshd[1092]: PAM 2 more authentication failures; logname= uid=0 euid=0 tty=ssh ruser= rhost=43.255.190.154  user=root
Apr 12 08:01:34 ovzhost sshd[1100]: pam_unix(sshd:auth): authentication failure; logname= uid=0 euid=0 tty=ssh ruser= rhost=43.255.190.154  user=root
Apr 12 08:01:35 ovzhost sshd[1098]: Failed password for root from 43.255.190.138 port 36607 ssh2
Apr 12 08:01:36 ovzhost sshd[1100]: Failed password for root from 43.255.190.154 port 39271 ssh2
Apr 12 08:01:37 ovzhost sshd[1096]: message repeated 2 times: [ Failed password for root from 43.255.190.154 port 59915 ssh2]
Apr 12 08:01:37 ovzhost sshd[1096]: Received disconnect from 43.255.190.154: 11:  [preauth]
Apr 12 08:01:37 ovzhost sshd[1096]: PAM 2 more authentication failures; logname= uid=0 euid=0 tty=ssh ruser= rhost=43.255.190.154  user=root
Apr 12 08:01:38 ovzhost sshd[1102]: pam_unix(sshd:auth): authentication failure; logname= uid=0 euid=0 tty=ssh ruser= rhost=43.255.190.154  user=root
Apr 12 08:01:39 ovzhost sshd[1098]: message repeated 2 times: [ Failed password for root from 43.255.190.138 port 36607 ssh2]
Apr 12 08:01:39 ovzhost sshd[1098]: Received disconnect from 43.255.190.138: 11:  [preauth]
Apr 12 08:01:39 ovzhost sshd[1098]: PAM 2 more authentication failures; logname= uid=0 euid=0 tty=ssh ruser= rhost=43.255.190.138  user=root
Apr 12 08:01:39 ovzhost sshd[1100]: message repeated 2 times: [ Failed password for root from 43.255.190.154 port 39271 ssh2]
Apr 12 08:01:39 ovzhost sshd[1100]: Received disconnect from 43.255.190.154: 11:  [preauth]
Apr 12 08:01:39 ovzhost sshd[1100]: PAM 2 more authentication failures; logname= uid=0 euid=0 tty=ssh ruser= rhost=43.255.190.154  user=root
Apr 12 08:01:40 ovzhost sshd[1104]: pam_unix(sshd:auth): authentication failure; logname= uid=0 euid=0 tty=ssh ruser= rhost=43.255.190.138  user=root
Apr 12 08:01:40 ovzhost sshd[1102]: Failed password for root from 43.255.190.154 port 48634 ssh2
Apr 12 08:01:40 ovzhost sshd[1106]: pam_unix(sshd:auth): authentication failure; logname= uid=0 euid=0 tty=ssh ruser= rhost=43.255.190.154  user=root
Apr 12 08:01:41 ovzhost sshd[1104]: Failed password for root from 43.255.190.138 port 53161 ssh2
Apr 12 08:01:42 ovzhost sshd[1106]: Failed password for root from 43.255.190.154 port 53784 ssh2
Apr 12 08:01:43 ovzhost sshd[1102]: message repeated 2 times: [ Failed password for root from 43.255.190.154 port 48634 ssh2]
Apr 12 08:01:43 ovzhost sshd[1102]: Received disconnect from 43.255.190.154: 11:  [preauth]
Apr 12 08:01:43 ovzhost sshd[1102]: PAM 2 more authentication failures; logname= uid=0 euid=0 tty=ssh ruser= rhost=43.255.190.154  user=root
Apr 12 08:01:44 ovzhost sshd[1108]: pam_unix(sshd:auth): authentication failure; logname= uid=0 euid=0 tty=ssh ruser= rhost=43.255.190.154  user=root
Apr 12 08:01:46 ovzhost sshd[1104]: message repeated 2 times: [ Failed password for root from 43.255.190.138 port 53161 ssh2]
Apr 12 08:01:46 ovzhost sshd[1104]: Received disconnect from 43.255.190.138: 11:  [preauth]
Apr 12 08:01:46 ovzhost sshd[1104]: PAM 2 more authentication failures; logname= uid=0 euid=0 tty=ssh ruser= rhost=43.255.190.138  user=root
Apr 12 08:01:46 ovzhost sshd[1110]: pam_unix(sshd:auth): authentication failure; logname= uid=0 euid=0 tty=ssh ruser= rhost=43.255.190.138  user=root
Apr 12 08:01:46 ovzhost sshd[1108]: Failed password for root from 43.255.190.154 port 34967 ssh2
Apr 12 08:01:47 ovzhost sshd[1106]: message repeated 2 times: [ Failed password for root from 43.255.190.154 port 53784 ssh2]
Apr 12 08:01:47 ovzhost sshd[1106]: Received disconnect from 43.255.190.154: 11:  [preauth]
Apr 12 08:01:47 ovzhost sshd[1106]: PAM 2 more authentication failures; logname= uid=0 euid=0 tty=ssh ruser= rhost=43.255.190.154  user=root
Apr 12 08:01:47 ovzhost sshd[1112]: pam_unix(sshd:auth): authentication failure; logname= uid=0 euid=0 tty=ssh ruser= rhost=43.255.190.154  user=root
Apr 12 08:01:48 ovzhost sshd[1110]: Failed password for root from 43.255.190.138 port 40653 ssh2
Apr 12 08:01:49 ovzhost sshd[1112]: Failed password for root from 43.255.190.154 port 41604 ssh2
Apr 12 08:01:50 ovzhost sshd[1108]: message repeated 2 times: [ Failed password for root from 43.255.190.154 port 34967 ssh2]
Apr 12 08:01:50 ovzhost sshd[1108]: Received disconnect from 43.255.190.154: 11:  [preauth]
Apr 12 08:01:50 ovzhost sshd[1108]: PAM 2 more authentication failures; logname= uid=0 euid=0 tty=ssh ruser= rhost=43.255.190.154  user=root
Apr 12 08:01:51 ovzhost sshd[1115]: pam_unix(sshd:auth): authentication failure; logname= uid=0 euid=0 tty=ssh ruser= rhost=43.255.190.154  user=root
Apr 12 08:01:52 ovzhost sshd[1110]: message repeated 2 times: [ Failed password for root from 43.255.190.138 port 40653 ssh2]
Apr 12 08:01:52 ovzhost sshd[1110]: Received disconnect from 43.255.190.138: 11:  [preauth]
Apr 12 08:01:52 ovzhost sshd[1110]: PAM 2 more authentication failures; logname= uid=0 euid=0 tty=ssh ruser= rhost=43.255.190.138  user=root
Apr 12 08:01:53 ovzhost sshd[1117]: pam_unix(sshd:auth): authentication failure; logname= uid=0 euid=0 tty=ssh ruser= rhost=43.255.190.138  user=root
Apr 12 08:01:53 ovzhost sshd[1115]: Failed password for root from 43.255.190.154 port 50329 ssh2
Apr 12 08:01:54 ovzhost sshd[1112]: message repeated 2 times: [ Failed password for root from 43.255.190.154 port 41604 ssh2]
Apr 12 08:01:54 ovzhost sshd[1112]: Received disconnect from 43.255.190.154: 11:  [preauth]
Apr 12 08:01:54 ovzhost sshd[1112]: PAM 2 more authentication failures; logname= uid=0 euid=0 tty=ssh ruser= rhost=43.255.190.154  user=root
Apr 12 08:01:54 ovzhost sshd[1119]: pam_unix(sshd:auth): authentication failure; logname= uid=0 euid=0 tty=ssh ruser= rhost=43.255.190.154  user=root
Apr 12 08:01:55 ovzhost sshd[1117]: Failed password for root from 43.255.190.138 port 56961 ssh2
Apr 12 08:01:57 ovzhost sshd[1119]: Failed password for root from 43.255.190.154 port 58403 ssh2
Apr 12 08:01:58 ovzhost sshd[1115]: message repeated 2 times: [ Failed password for root from 43.255.190.154 port 50329 ssh2]
Apr 12 08:01:58 ovzhost sshd[1115]: Received disconnect from 43.255.190.154: 11:  [preauth]
Apr 12 08:01:58 ovzhost sshd[1115]: PAM 2 more authentication failures; logname= uid=0 euid=0 tty=ssh ruser= rhost=43.255.190.154  user=root
Apr 12 08:01:59 ovzhost sshd[1121]: pam_unix(sshd:auth): authentication failure; logname= uid=0 euid=0 tty=ssh ruser= rhost=43.255.190.154  user=root
Apr 12 08:01:59 ovzhost sshd[1124]: Connection closed by 127.0.0.1 [preauth]
Apr 12 08:01:59 ovzhost sshd[1117]: message repeated 2 times: [ Failed password for root from 43.255.190.138 port 56961 ssh2]
Apr 12 08:02:00 ovzhost sshd[1117]: Received disconnect from 43.255.190.138: 11:  [preauth]
Apr 12 08:02:00 ovzhost sshd[1117]: PAM 2 more authentication failures; logname= uid=0 euid=0 tty=ssh ruser= rhost=43.255.190.138  user=root
Apr 12 08:02:00 ovzhost sshd[1126]: pam_unix(sshd:auth): authentication failure; logname= uid=0 euid=0 tty=ssh ruser= rhost=43.255.190.138  user=root
Apr 12 08:02:00 ovzhost sshd[1121]: Failed password for root from 43.255.190.154 port 39023 ssh2
Apr 12 08:02:01 ovzhost sshd[1119]: message repeated 2 times: [ Failed password for root from 43.255.190.154 port 58403 ssh2]
Apr 12 08:02:01 ovzhost sshd[1119]: Received disconnect from 43.255.190.154: 11:  [preauth]
Apr 12 08:02:01 ovzhost sshd[1119]: PAM 2 more authentication failures; logname= uid=0 euid=0 tty=ssh ruser= rhost=43.255.190.154  user=root
