Apr 12 08:05:13 ovzhost sshd[1295]: message repeated 2 times: [ Failed password for root from 43.255.190.154 port 43825 ssh2]
Apr 12 08:05:13 ovzhost sshd[1295]: Received disconnect from 43.255.190.154: 11:  [preauth]
Apr 12 08:05:13 ovzhost sshd[1295]: PAM 2 more authentication failures; logname= uid=0 euid=0 tty=ssh ruser= rhost=43.255.190.154  user=root
Apr 12 08:05:13 ovzhost sshd[1297]: message repeated 2 times: [ Failed password for root from 43.255.190.154 port 47555 ssh2]
Apr 12 08:05:13 ovzhost sshd[1297]: Received disconnect from 43.255.190.154: 11:  [preauth]
Apr 12 08:05:13 ovzhost sshd[1297]: PAM 2 more authentication failures; logname= uid=0 euid=0 tty=ssh ruser= rhost=43.255.190.154  user=root
Apr 12 08:05:13 ovzhost sshd[1299]: Failed password for root from 43.255.190.138 port 45983 ssh2
Apr 12 08:05:13 ovzhost sshd[1301]: pam_unix(sshd:auth): authentication failure; logname= uid=0 euid=0 tty=ssh ruser= rhost=43.255.190.154  user=root
Apr 12 08:05:14 ovzhost sshd[1303]: pam_unix(sshd:auth): authentication failure; logname= uid=0 euid=0 tty=ssh ruser= rhost=43.255.190.154  user=root
Apr 12 08:05:15 ovzhost sshd[1301]: Failed password for root from 43.255.190.154 port 59680 ssh2
Apr 12 08:05:16 ovzhost sshd[1303]: Failed password for root from 43.255.190.154 port 60442 ssh2
Apr 12 08:05:17 ovzhost sshd[1299]: message repeated 2 times: [ Failed password for root from 43.255.190.138 port 45983 ssh2]
Apr 12 08:05:17 ovzhost sshd[1299]: Received disconnect from 43.255.190.138: 11:  [preauth]
Apr 12 08:05:17 ovzhost sshd[1299]: PAM 2 more authentication failures; logname= uid=0 euid=0 tty=ssh ruser= rhost=43.255.190.138  user=root
Apr 12 08:05:18 ovzhost sshd[1305]: pam_unix(sshd:auth): authentication failure; logname= uid=0 euid=0 tty=ssh ruser= rhost=43.255.190.138  user=root
Apr 12 08:05:19 ovzhost sshd[1303]: message repeated 2 times: [ Failed password for root from 43.255.190.154 port 60442 ssh2]
Apr 12 08:05:19 ovzhost sshd[1303]: Received disconnect from 43.255.190.154: 11:  [preauth]
Apr 12 08:05:19 ovzhost sshd[1303]: PAM 2 more authentication failures; logname= uid=0 euid=0 tty=ssh ruser= rhost=43.255.190.154  user=root
Apr 12 08:05:19 ovzhost sshd[1301]: message repeated 2 times: [ Failed password for root from 43.255.190.154 port 59680 ssh2]
Apr 12 08:05:19 ovzhost sshd[1301]: Received disconnect from 43.255.190.154: 11:  [preauth]
Apr 12 08:05:19 ovzhost sshd[1301]: PAM 2 more authentication failures; logname= uid=0 euid=0 tty=ssh ruser= rhost=43.255.190.154  user=root
Apr 12 08:05:20 ovzhost sshd[1307]: pam_unix(sshd:auth): authentication failure; logname= uid=0 euid=0 tty=ssh ruser= rhost=43.255.190.154  user=root
Apr 12 08:05:20 ovzhost sshd[1309]: pam_unix(sshd:auth): authentication failure; logname= uid=0 euid=0 tty=ssh ruser= rhost=43.255.190.154  user=root
Apr 12 08:05:20 ovzhost sshd[1305]: Failed password for root from 43.255.190.138 port 33377 ssh2
Apr 12 08:05:22 ovzhost sshd[1307]: Failed password for root from 43.255.190.154 port 47195 ssh2
Apr 12 08:05:22 ovzhost sshd[1309]: Failed password for root from 43.255.190.154 port 47638 ssh2
Apr 12 08:05:24 ovzhost sshd[1305]: message repeated 2 times: [ Failed password for root from 43.255.190.138 port 33377 ssh2]
Apr 12 08:05:24 ovzhost sshd[1305]: Received disconnect from 43.255.190.138: 11:  [preauth]
Apr 12 08:05:24 ovzhost sshd[1305]: PAM 2 more authentication failures; logname= uid=0 euid=0 tty=ssh ruser= rhost=43.255.190.138  user=root
Apr 12 08:05:24 ovzhost sshd[1311]: pam_unix(sshd:auth): authentication failure; logname= uid=0 euid=0 tty=ssh ruser= rhost=43.255.190.138  user=root
Apr 12 08:05:25 ovzhost sshd[1307]: message repeated 2 times: [ Failed password for root from 43.255.190.154 port 47195 ssh2]
Apr 12 08:05:25 ovzhost sshd[1307]: Received disconnect from 43.255.190.154: 11:  [preauth]
Apr 12 08:05:25 ovzhost sshd[1307]: PAM 2 more authentication failures; logname= uid=0 euid=0 tty=ssh ruser= rhost=43.255.190.154  user=root
Apr 12 08:05:25 ovzhost sshd[1309]: message repeated 2 times: [ Failed password for root from 43.255.190.154 port 47638 ssh2]
Apr 12 08:05:25 ovzhost sshd[1309]: Received disconnect from 43.255.190.154: 11:  [preauth]
Apr 12 08:05:25 ovzhost sshd[1309]: PAM 2 more authentication failures; logname= uid=0 euid=0 tty=ssh ruser= rhost=43.255.190.154  user=root
Apr 12 08:05:26 ovzhost sshd[1313]: pam_unix(sshd:auth): authentication failure; logname= uid=0 euid=0 tty=ssh ruser= rhost=43.255.190.154  user=root
Apr 12 08:05:26 ovzhost sshd[1315]: pam_unix(sshd:auth): authentication failure; logname= uid=0 euid=0 tty=ssh ruser= rhost=43.255.190.154  user=root
Apr 12 08:05:26 ovzhost sshd[1311]: Failed password for root from 43.255.190.138 port 48319 ssh2
Apr 12 08:05:28 ovzhost sshd[1313]: Failed password for root from 43.255.190.154 port 58889 ssh2
Apr 12 08:05:28 ovzhost sshd[1315]: Failed password for root from 43.255.190.154 port 59511 ssh2
Apr 12 08:05:29 ovzhost sshd[1311]: message repeated 2 times: [ Failed password for root from 43.255.190.138 port 48319 ssh2]
Apr 12 08:05:29 ovzhost sshd[1311]: Received disconnect from 43.255.190.138: 11:  [preauth]
Apr 12 08:05:29 ovzhost sshd[1311]: PAM 2 more authentication failures; logname= uid=0 euid=0 tty=ssh ruser= rhost=43.255.190.138  user=root
Apr 12 08:05:30 ovzhost sshd[1317]: pam_unix(sshd:auth): authentication failure; logname= uid=0 euid=0 tty=ssh ruser= rhost=43.255.190.138  user=root
Apr 12 08:05:31 ovzhost sshd[1313]: message repeated 2 times: [ Failed password for root from 43.255.190.154 port 58889 ssh2]
Apr 12 08:05:31 ovzhost sshd[1313]: Received disconnect from 43.255.190.154: 11:  [preauth]
Apr 12 08:05:31 ovzhost sshd[1313]: PAM 2 more authentication failures; logname= uid=0 euid=0 tty=ssh ruser= rhost=43.255.190.154  user=root
Apr 12 08:05:31 ovzhost sshd[1315]: message repeated 2 times: [ Failed password for root from 43.255.190.154 port 59511 ssh2]
Apr 12 08:05:31 ovzhost sshd[1315]: Received disconnect from 43.255.190.154: 11:  [preauth]
Apr 12 08:05:31 ovzhost sshd[1315]: PAM 2 more authentication failures; logname= uid=0 euid=0 tty=ssh ruser= rhost=43.255.190.154  user=root
Apr 12 08:05:31 ovzhost sshd[1319]: pam_unix(sshd:auth): authentication failure; logname= uid=0 euid=0 tty=ssh ruser= rhost=43.255.190.154  user=root
Apr 12 08:05:32 ovzhost sshd[1321]: pam_unix(sshd:auth): authentication failure; logname= uid=0 euid=0 tty=ssh ruser= rhost=43.255.190.154  user=root
Apr 12 08:05:32 ovzhost sshd[1317]: Failed password for root from 43.255.190.138 port 60301 ssh2
Apr 12 08:05:33 ovzhost sshd[1319]: Failed password for root from 43.255.190.154 port 42852 ssh2
Apr 12 08:05:34 ovzhost sshd[1321]: Failed password for root from 43.255.190.154 port 43248 ssh2
Apr 12 08:05:36 ovzhost sshd[1317]: message repeated 2 times: [ Failed password for root from 43.255.190.138 port 60301 ssh2]
Apr 12 08:05:36 ovzhost sshd[1317]: Received disconnect from 43.255.190.138: 11:  [preauth]
Apr 12 08:05:36 ovzhost sshd[1317]: PAM 2 more authentication failures; logname= uid=0 euid=0 tty=ssh ruser= rhost=43.255.190.138  user=root
Apr 12 08:05:36 ovzhost sshd[1323]: pam_unix(sshd:auth): authentication failure; logname= uid=0 euid=0 tty=ssh ruser= rhost=43.255.190.138  user=root
Apr 12 08:05:37 ovzhost sshd[1321]: message repeated 2 times: [ Failed password for root from 43.255.190.154 port 43248 ssh2]
Apr 12 08:05:37 ovzhost sshd[1321]: Received disconnect from 43.255.190.154: 11:  [preauth]
Apr 12 08:05:37 ovzhost sshd[1321]: PAM 2 more authentication failures; logname= uid=0 euid=0 tty=ssh ruser= rhost=43.255.190.154  user=root
Apr 12 08:05:37 ovzhost sshd[1325]: pam_unix(sshd:auth): authentication failure; logname= uid=0 euid=0 tty=ssh ruser= rhost=43.255.190.154  user=root
Apr 12 08:05:37 ovzhost sshd[1319]: message repeated 2 times: [ Failed password for root from 43.255.190.154 port 42852 ssh2]
Apr 12 08:05:37 ovzhost sshd[1319]: Received disconnect from 43.255.190.154: 11:  [preauth]
Apr 12 08:05:37 ovzhost sshd[1319]: PAM 2 more authentication failures; logname= uid=0 euid=0 tty=ssh ruser= rhost=43.255.190.154  user=root
Apr 12 08:05:38 ovzhost sshd[1323]: Failed password for root from 43.255.190.138 port 44736 ssh2
Apr 12 08:05:38 ovzhost sshd[1327]: pam_unix(sshd:auth): authentication failure; logname= uid=0 euid=0 tty=ssh ruser= rhost=43.255.190.154  user=root
Apr 12 08:05:39 ovzhost sshd[1325]: Failed password for root from 43.255.190.154 port 53917 ssh2
Apr 12 08:05:40 ovzhost sshd[1327]: Failed password for root from 43.255.190.154 port 55411 ssh2
Apr 12 08:05:42 ovzhost sshd[1323]: message repeated 2 times: [ Failed password for root from 43.255.190.138 port 44736 ssh2]
Apr 12 08:05:42 ovzhost sshd[1323]: Received disconnect from 43.255.190.138: 11:  [preauth]
Apr 12 08:05:42 ovzhost sshd[1323]: PAM 2 more authentication failures; logname= uid=0 euid=0 tty=ssh ruser= rhost=43.255.190.138  user=root
Apr 12 08:05:43 ovzhost sshd[1329]: pam_unix(sshd:auth): authentication failure; logname= uid=0 euid=0 tty=ssh ruser= rhost=43.255.190.138  user=root
Apr 12 08:05:43 ovzhost sshd[1325]: message repeated 2 times: [ Failed password for root from 43.255.190.154 port 53917 ssh2]
Apr 12 08:05:43 ovzhost sshd[1325]: Received disconnect from 43.255.190.154: 11:  [preauth]
Apr 12 08:05:43 ovzhost sshd[1325]: PAM 2 more authentication failures; logname= uid=0 euid=0 tty=ssh ruser= rhost=43.255.190.154  user=root
Apr 12 08:05:44 ovzhost sshd[1331]: pam_unix(sshd:auth): authentication failure; logname= uid=0 euid=0 tty=ssh ruser= rhost=43.255.190.154  user=root
Apr 12 08:05:44 ovzhost sshd[1327]: message repeated 2 times: [ Failed password for root from 43.255.190.154 port 55411 ssh2]
Apr 12 08:05:44 ovzhost sshd[1327]: Received disconnect from 43.255.190.154: 11:  [preauth]
Apr 12 08:05:44 ovzhost sshd[1327]: PAM 2 more authentication failures; logname= uid=0 euid=0 tty=ssh ruser= rhost=43.255.190.154  user=root
Apr 12 08:05:44 ovzhost sshd[1329]: Failed password for root from 43.255.190.138 port 60373 ssh2
Apr 12 08:05:45 ovzhost sshd[1333]: pam_unix(sshd:auth): authentication failure; logname= uid=0 euid=0 tty=ssh ruser= rhost=43.255.190.154  user=root
Apr 12 08:05:46 ovzhost sshd[1331]: Failed password for root from 43.255.190.154 port 40609 ssh2
Apr 12 08:05:47 ovzhost sshd[1333]: Failed password for root from 43.255.190.154 port 42979 ssh2
Apr 12 08:05:48 ovzhost sshd[1329]: message repeated 2 times: [ Failed password for root from 43.255.190.138 port 60373 ssh2]
Apr 12 08:05:48 ovzhost sshd[1329]: Received disconnect from 43.255.190.138: 11:  [preauth]
Apr 12 08:05:48 ovzhost sshd[1329]: PAM 2 more authentication failures; logname= uid=0 euid=0 tty=ssh ruser= rhost=43.255.190.138  user=root
Apr 12 08:05:49 ovzhost sshd[1335]: pam_unix(sshd:auth): authentication failure; logname= uid=0 euid=0 tty=ssh ruser= rhost=43.255.190.138  user=root
Apr 12 08:05:49 ovzhost sshd[1331]: message repeated 2 times: [ Failed password for root from 43.255.190.154 port 40609 ssh2]
Apr 12 08:05:49 ovzhost sshd[1331]: Received disconnect from 43.255.190.154: 11:  [preauth]
Apr 12 08:05:49 ovzhost sshd[1331]: PAM 2 more authentication failures; logname= uid=0 euid=0 tty=ssh ruser= rhost=43.255.190.154  user=root
Apr 12 08:05:50 ovzhost sshd[1337]: pam_unix(sshd:auth): authentication failure; logname= uid=0 euid=0 tty=ssh ruser= rhost=43.255.190.154  user=root
Apr 12 08:05:51 ovzhost sshd[1333]: message repeated 2 times: [ Failed password for root from 43.255.190.154 port 42979 ssh2]
Apr 12 08:05:51 ovzhost sshd[1333]: Received disconnect from 43.255.190.154: 11:  [preauth]
Apr 12 08:05:51 ovzhost sshd[1333]: PAM 2 more authentication failures; logname= uid=0 euid=0 tty=ssh ruser= rhost=43.255.190.154  user=root
Apr 12 08:05:51 ovzhost sshd[1335]: Failed password for root from 43.255.190.138 port 47879 ssh2
Apr 12 08:05:52 ovzhost sshd[1339]: pam_unix(sshd:auth): authentication failure; logname= uid=0 euid=0 tty=ssh ruser= rhost=43.255.190.154  user=root
Apr 12 08:05:52 ovzhost sshd[1337]: Failed password for root from 43.255.190.154 port 54421 ssh2
Apr 12 08:05:54 ovzhost sshd[1339]: Failed password for root from 43.255.190.154 port 58562 ssh2
Apr 12 08:05:55 ovzhost sshd[1335]: message repeated 2 times: [ Failed password for root from 43.255.190.138 port 47879 ssh2]
Apr 12 08:05:55 ovzhost sshd[1335]: Received disconnect from 43.255.190.138: 11:  [preauth]
Apr 12 08:05:55 ovzhost sshd[1335]: PAM 2 more authentication failures; logname= uid=0 euid=0 tty=ssh ruser= rhost=43.255.190.138  user=root
Apr 12 08:05:56 ovzhost sshd[1337]: message repeated 2 times: [ Failed password for root from 43.255.190.154 port 54421 ssh2]
Apr 12 08:05:56 ovzhost sshd[1337]: Received disconnect from 43.255.190.154: 11:  [preauth]
Apr 12 08:05:56 ovzhost sshd[1337]: PAM 2 more authentication failures; logname= uid=0 euid=0 tty=ssh ruser= rhost=43.255.190.154  user=root
Apr 12 08:05:56 ovzhost sshd[1341]: pam_unix(sshd:auth): authentication failure; logname= uid=0 euid=0 tty=ssh ruser= rhost=43.255.190.138  user=root
Apr 12 08:05:56 ovzhost sshd[1343]: pam_unix(sshd:auth): authentication failure; logname= uid=0 euid=0 tty=ssh ruser= rhost=43.255.190.154  user=root
Apr 12 08:05:58 ovzhost sshd[1339]: message repeated 2 times: [ Failed password for root from 43.255.190.154 port 58562 ssh2]
Apr 12 08:05:58 ovzhost sshd[1339]: Received disconnect from 43.255.190.154: 11:  [preauth]
Apr 12 08:05:58 ovzhost sshd[1339]: PAM 2 more authentication failures; logname= uid=0 euid=0 tty=ssh ruser= rhost=43.255.190.154  user=root
Apr 12 08:05:58 ovzhost sshd[1341]: Failed password for root from 43.255.190.138 port 36421 ssh2
Apr 12 08:05:58 ovzhost sshd[1345]: pam_unix(sshd:auth): authentication failure; logname= uid=0 euid=0 tty=ssh ruser= rhost=43.255.190.154  user=root
Apr 12 08:05:59 ovzhost sshd[1343]: Failed password for root from 43.255.190.154 port 40794 ssh2
Apr 12 08:06:00 ovzhost sshd[1345]: Failed password for root from 43.255.190.154 port 45629 ssh2
Apr 12 08:06:02 ovzhost sshd[1341]: message repeated 2 times: [ Failed password for root from 43.255.190.138 port 36421 ssh2]
Apr 12 08:06:02 ovzhost sshd[1341]: Received disconnect from 43.255.190.138: 11:  [preauth]
Apr 12 08:06:02 ovzhost sshd[1341]: PAM 2 more authentication failures; logname= uid=0 euid=0 tty=ssh ruser= rhost=43.255.190.138  user=root
Apr 12 08:06:02 ovzhost sshd[1343]: message repeated 2 times: [ Failed password for root from 43.255.190.154 port 40794 ssh2]
Apr 12 08:06:02 ovzhost sshd[1343]: Received disconnect from 43.255.190.154: 11:  [preauth]
Apr 12 08:06:02 ovzhost sshd[1343]: PAM 2 more authentication failures; logname= uid=0 euid=0 tty=ssh ruser= rhost=43.255.190.154  user=root
Apr 12 08:06:02 ovzhost sshd[1349]: pam_unix(sshd:auth): authentication failure; logname= uid=0 euid=0 tty=ssh ruser= rhost=43.255.190.138  user=root
Apr 12 08:06:03 ovzhost sshd[1351]: pam_unix(sshd:auth): authentication failure; logname= uid=0 euid=0 tty=ssh ruser= rhost=43.255.190.154  user=root
Apr 12 08:06:04 ovzhost sshd[1345]: message repeated 2 times: [ Failed password for root from 43.255.190.154 port 45629 ssh2]
Apr 12 08:06:04 ovzhost sshd[1345]: Received disconnect from 43.255.190.154: 11:  [preauth]
Apr 12 08:06:04 ovzhost sshd[1345]: PAM 2 more authentication failures; logname= uid=0 euid=0 tty=ssh ruser= rhost=43.255.190.154  user=root
Apr 12 08:06:04 ovzhost sshd[1349]: Failed password for root from 43.255.190.138 port 53871 ssh2
Apr 12 08:06:04 ovzhost sshd[1353]: pam_unix(sshd:auth): authentication failure; logname= uid=0 euid=0 tty=ssh ruser= rhost=43.255.190.154  user=root
Apr 12 08:06:05 ovzhost sshd[1351]: Failed password for root from 43.255.190.154 port 55966 ssh2
Apr 12 08:06:06 ovzhost sshd[1353]: Failed password for root from 43.255.190.154 port 60166 ssh2
Apr 12 08:06:08 ovzhost sshd[1349]: message repeated 2 times: [ Failed password for root from 43.255.190.138 port 53871 ssh2]
Apr 12 08:06:08 ovzhost sshd[1349]: Received disconnect from 43.255.190.138: 11:  [preauth]
Apr 12 08:06:08 ovzhost sshd[1349]: PAM 2 more authentication failures; logname= uid=0 euid=0 tty=ssh ruser= rhost=43.255.190.138  user=root
Apr 12 08:06:09 ovzhost sshd[1355]: pam_unix(sshd:auth): authentication failure; logname= uid=0 euid=0 tty=ssh ruser= rhost=43.255.190.138  user=root
Apr 12 08:06:09 ovzhost sshd[1351]: message repeated 2 times: [ Failed password for root from 43.255.190.154 port 55966 ssh2]
Apr 12 08:06:09 ovzhost sshd[1351]: Received disconnect from 43.255.190.154: 11:  [preauth]
Apr 12 08:06:09 ovzhost sshd[1351]: PAM 2 more authentication failures; logname= uid=0 euid=0 tty=ssh ruser= rhost=43.255.190.154  user=root
Apr 12 08:06:10 ovzhost sshd[1359]: pam_unix(sshd:auth): authentication failure; logname= uid=0 euid=0 tty=ssh ruser= rhost=43.255.190.154  user=root
Apr 12 08:06:10 ovzhost sshd[1353]: message repeated 2 times: [ Failed password for root from 43.255.190.154 port 60166 ssh2]
Apr 12 08:06:10 ovzhost sshd[1353]: Received disconnect from 43.255.190.154: 11:  [preauth]
Apr 12 08:06:10 ovzhost sshd[1353]: PAM 2 more authentication failures; logname= uid=0 euid=0 tty=ssh ruser= rhost=43.255.190.154  user=root
Apr 12 08:06:11 ovzhost sshd[1355]: Failed password for root from 43.255.190.138 port 42627 ssh2
Apr 12 08:06:11 ovzhost sshd[1361]: pam_unix(sshd:auth): authentication failure; logname= uid=0 euid=0 tty=ssh ruser= rhost=43.255.190.154  user=root
Apr 12 08:06:11 ovzhost sshd[1359]: Failed password for root from 43.255.190.154 port 43670 ssh2
Apr 12 08:06:12 ovzhost sshd[1361]: Failed password for root from 43.255.190.154 port 46950 ssh2
Apr 12 08:06:14 ovzhost sshd[1355]: message repeated 2 times: [ Failed password for root from 43.255.190.138 port 42627 ssh2]
Apr 12 08:06:14 ovzhost sshd[1355]: Received disconnect from 43.255.190.138: 11:  [preauth]
Apr 12 08:06:14 ovzhost sshd[1355]: PAM 2 more authentication failures; logname= uid=0 euid=0 tty=ssh ruser= rhost=43.255.190.138  user=root
Apr 12 08:06:14 ovzhost sshd[1359]: message repeated 2 times: [ Failed password for root from 43.255.190.154 port 43670 ssh2]
Apr 12 08:06:14 ovzhost sshd[1359]: Received disconnect from 43.255.190.154: 11:  [preauth]
Apr 12 08:06:14 ovzhost sshd[1359]: PAM 2 more authentication failures; logname= uid=0 euid=0 tty=ssh ruser= rhost=43.255.190.154  user=root
Apr 12 08:06:15 ovzhost sshd[1363]: pam_unix(sshd:auth): authentication failure; logname= uid=0 euid=0 tty=ssh ruser= rhost=43.255.190.138  user=root
Apr 12 08:06:15 ovzhost sshd[1365]: pam_unix(sshd:auth): authentication failure; logname= uid=0 euid=0 tty=ssh ruser= rhost=43.255.190.154  user=root
Apr 12 08:06:16 ovzhost sshd[1361]: message repeated 2 times: [ Failed password for root from 43.255.190.154 port 46950 ssh2]
Apr 12 08:06:16 ovzhost sshd[1361]: Received disconnect from 43.255.190.154: 11:  [preauth]
Apr 12 08:06:16 ovzhost sshd[1361]: PAM 2 more authentication failures; logname= uid=0 euid=0 tty=ssh ruser= rhost=43.255.190.154  user=root
Apr 12 08:06:17 ovzhost sshd[1367]: pam_unix(sshd:auth): authentication failure; logname= uid=0 euid=0 tty=ssh ruser= rhost=43.255.190.154  user=root
Apr 12 08:06:17 ovzhost sshd[1363]: Failed password for root from 43.255.190.138 port 59157 ssh2
Apr 12 08:06:18 ovzhost sshd[1365]: Failed password for root from 43.255.190.154 port 56635 ssh2
Apr 12 08:06:19 ovzhost sshd[1367]: Failed password for root from 43.255.190.154 port 32932 ssh2
Apr 12 08:06:21 ovzhost sshd[1363]: message repeated 2 times: [ Failed password for root from 43.255.190.138 port 59157 ssh2]
Apr 12 08:06:21 ovzhost sshd[1363]: Received disconnect from 43.255.190.138: 11:  [preauth]
Apr 12 08:06:21 ovzhost sshd[1363]: PAM 2 more authentication failures; logname= uid=0 euid=0 tty=ssh ruser= rhost=43.255.190.138  user=root
Apr 12 08:06:22 ovzhost sshd[1365]: message repeated 2 times: [ Failed password for root from 43.255.190.154 port 56635 ssh2]
Apr 12 08:06:22 ovzhost sshd[1365]: Received disconnect from 43.255.190.154: 11:  [preauth]
Apr 12 08:06:22 ovzhost sshd[1365]: PAM 2 more authentication failures; logname= uid=0 euid=0 tty=ssh ruser= rhost=43.255.190.154  user=root
Apr 12 08:06:22 ovzhost sshd[1373]: pam_unix(sshd:auth): authentication failure; logname= uid=0 euid=0 tty=ssh ruser= rhost=43.255.190.138  user=root
Apr 12 08:06:22 ovzhost sshd[1375]: pam_unix(sshd:auth): authentication failure; logname= uid=0 euid=0 tty=ssh ruser= rhost=43.255.190.154  user=root
Apr 12 08:06:23 ovzhost sshd[1367]: message repeated 2 times: [ Failed password for root from 43.255.190.154 port 32932 ssh2]
Apr 12 08:06:23 ovzhost sshd[1367]: Received disconnect from 43.255.190.154: 11:  [preauth]
Apr 12 08:06:23 ovzhost sshd[1367]: PAM 2 more authentication failures; logname= uid=0 euid=0 tty=ssh ruser= rhost=43.255.190.154  user=root
Apr 12 08:06:24 ovzhost sshd[1377]: pam_unix(sshd:auth): authentication failure; logname= uid=0 euid=0 tty=ssh ruser= rhost=43.255.190.154  user=root
Apr 12 08:06:24 ovzhost sshd[1373]: Failed password for root from 43.255.190.138 port 48200 ssh2
Apr 12 08:06:24 ovzhost sshd[1375]: Failed password for root from 43.255.190.154 port 43572 ssh2
Apr 12 08:06:25 ovzhost sshd[1377]: Failed password for root from 43.255.190.154 port 46509 ssh2
Apr 12 08:06:28 ovzhost sshd[1373]: message repeated 2 times: [ Failed password for root from 43.255.190.138 port 48200 ssh2]
Apr 12 08:06:28 ovzhost sshd[1373]: Received disconnect from 43.255.190.138: 11:  [preauth]
Apr 12 08:06:28 ovzhost sshd[1373]: PAM 2 more authentication failures; logname= uid=0 euid=0 tty=ssh ruser= rhost=43.255.190.138  user=root
Apr 12 08:06:28 ovzhost sshd[1375]: message repeated 2 times: [ Failed password for root from 43.255.190.154 port 43572 ssh2]
Apr 12 08:06:28 ovzhost sshd[1375]: Received disconnect from 43.255.190.154: 11:  [preauth]
Apr 12 08:06:28 ovzhost sshd[1375]: PAM 2 more authentication failures; logname= uid=0 euid=0 tty=ssh ruser= rhost=43.255.190.154  user=root
Apr 12 08:06:28 ovzhost sshd[1379]: pam_unix(sshd:auth): authentication failure; logname= uid=0 euid=0 tty=ssh ruser= rhost=43.255.190.138  user=root
Apr 12 08:06:29 ovzhost sshd[1381]: pam_unix(sshd:auth): authentication failure; logname= uid=0 euid=0 tty=ssh ruser= rhost=43.255.190.154  user=root
Apr 12 08:06:30 ovzhost sshd[1381]: Failed password for root from 43.255.190.154 port 56135 ssh2
Apr 12 08:06:30 ovzhost sshd[1377]: message repeated 2 times: [ Failed password for root from 43.255.190.154 port 46509 ssh2]
Apr 12 08:06:30 ovzhost sshd[1377]: Received disconnect from 43.255.190.154: 11:  [preauth]
Apr 12 08:06:30 ovzhost sshd[1377]: PAM 2 more authentication failures; logname= uid=0 euid=0 tty=ssh ruser= rhost=43.255.190.154  user=root
Apr 12 08:06:30 ovzhost sshd[1379]: Failed password for root from 43.255.190.138 port 33591 ssh2
Apr 12 08:06:31 ovzhost sshd[1383]: pam_unix(sshd:auth): authentication failure; logname= uid=0 euid=0 tty=ssh ruser= rhost=43.255.190.154  user=root
Apr 12 08:06:33 ovzhost sshd[1383]: Failed password for root from 43.255.190.154 port 60025 ssh2
Apr 12 08:06:34 ovzhost sshd[1381]: message repeated 2 times: [ Failed password for root from 43.255.190.154 port 56135 ssh2]
Apr 12 08:06:34 ovzhost sshd[1381]: Received disconnect from 43.255.190.154: 11:  [preauth]
Apr 12 08:06:34 ovzhost sshd[1381]: PAM 2 more authentication failures; logname= uid=0 euid=0 tty=ssh ruser= rhost=43.255.190.154  user=root
Apr 12 08:06:34 ovzhost sshd[1379]: message repeated 2 times: [ Failed password for root from 43.255.190.138 port 33591 ssh2]
Apr 12 08:06:34 ovzhost sshd[1379]: Received disconnect from 43.255.190.138: 11:  [preauth]
Apr 12 08:06:34 ovzhost sshd[1379]: PAM 2 more authentication failures; logname= uid=0 euid=0 tty=ssh ruser= rhost=43.255.190.138  user=root
Apr 12 08:06:34 ovzhost sshd[1385]: pam_unix(sshd:auth): authentication failure; logname= uid=0 euid=0 tty=ssh ruser= rhost=43.255.190.154  user=root
Apr 12 08:06:34 ovzhost sshd[1387]: pam_unix(sshd:auth): authentication failure; logname= uid=0 euid=0 tty=ssh ruser= rhost=43.255.190.138  user=root
Apr 12 08:06:36 ovzhost sshd[1385]: Failed password for root from 43.255.190.154 port 39005 ssh2
Apr 12 08:06:36 ovzhost sshd[1387]: Failed password for root from 43.255.190.138 port 46438 ssh2
Apr 12 08:06:36 ovzhost sshd[1383]: message repeated 2 times: [ Failed password for root from 43.255.190.154 port 60025 ssh2]
Apr 12 08:06:36 ovzhost sshd[1383]: Received disconnect from 43.255.190.154: 11:  [preauth]
Apr 12 08:06:36 ovzhost sshd[1383]: PAM 2 more authentication failures; logname= uid=0 euid=0 tty=ssh ruser= rhost=43.255.190.154  user=root
Apr 12 08:06:37 ovzhost sshd[1389]: pam_unix(sshd:auth): authentication failure; logname= uid=0 euid=0 tty=ssh ruser= rhost=43.255.190.154  user=root
Apr 12 08:06:39 ovzhost sshd[1389]: Failed password for root from 43.255.190.154 port 44576 ssh2
Apr 12 08:06:41 ovzhost sshd[1385]: message repeated 2 times: [ Failed password for root from 43.255.190.154 port 39005 ssh2]
Apr 12 08:06:41 ovzhost sshd[1385]: Received disconnect from 43.255.190.154: 11:  [preauth]
Apr 12 08:06:41 ovzhost sshd[1385]: PAM 2 more authentication failures; logname= uid=0 euid=0 tty=ssh ruser= rhost=43.255.190.154  user=root
Apr 12 08:06:41 ovzhost sshd[1387]: message repeated 2 times: [ Failed password for root from 43.255.190.138 port 46438 ssh2]
Apr 12 08:06:41 ovzhost sshd[1387]: Received disconnect from 43.255.190.138: 11:  [preauth]
Apr 12 08:06:41 ovzhost sshd[1387]: PAM 2 more authentication failures; logname= uid=0 euid=0 tty=ssh ruser= rhost=43.255.190.138  user=root
Apr 12 08:06:41 ovzhost sshd[1391]: pam_unix(sshd:auth): authentication failure; logname= uid=0 euid=0 tty=ssh ruser= rhost=43.255.190.154  user=root
Apr 12 08:06:41 ovzhost sshd[1393]: pam_unix(sshd:auth): authentication failure; logname= uid=0 euid=0 tty=ssh ruser= rhost=43.255.190.138  user=root
Apr 12 08:06:43 ovzhost sshd[1391]: Failed password for root from 43.255.190.154 port 54593 ssh2
Apr 12 08:06:43 ovzhost sshd[1393]: Failed password for root from 43.255.190.138 port 35593 ssh2
Apr 12 08:06:43 ovzhost sshd[1389]: message repeated 2 times: [ Failed password for root from 43.255.190.154 port 44576 ssh2]
Apr 12 08:06:43 ovzhost sshd[1389]: Received disconnect from 43.255.190.154: 11:  [preauth]
Apr 12 08:06:43 ovzhost sshd[1389]: PAM 2 more authentication failures; logname= uid=0 euid=0 tty=ssh ruser= rhost=43.255.190.154  user=root
Apr 12 08:06:44 ovzhost sshd[1395]: pam_unix(sshd:auth): authentication failure; logname= uid=0 euid=0 tty=ssh ruser= rhost=43.255.190.154  user=root
Apr 12 08:06:46 ovzhost sshd[1395]: Failed password for root from 43.255.190.154 port 60070 ssh2
Apr 12 08:06:47 ovzhost sshd[1391]: message repeated 2 times: [ Failed password for root from 43.255.190.154 port 54593 ssh2]
Apr 12 08:06:47 ovzhost sshd[1391]: Received disconnect from 43.255.190.154: 11:  [preauth]
Apr 12 08:06:47 ovzhost sshd[1391]: PAM 2 more authentication failures; logname= uid=0 euid=0 tty=ssh ruser= rhost=43.255.190.154  user=root
Apr 12 08:06:47 ovzhost sshd[1393]: message repeated 2 times: [ Failed password for root from 43.255.190.138 port 35593 ssh2]
Apr 12 08:06:47 ovzhost sshd[1393]: Received disconnect from 43.255.190.138: 11:  [preauth]
Apr 12 08:06:47 ovzhost sshd[1393]: PAM 2 more authentication failures; logname= uid=0 euid=0 tty=ssh ruser= rhost=43.255.190.138  user=root
Apr 12 08:06:48 ovzhost sshd[1397]: pam_unix(sshd:auth): authentication failure; logname= uid=0 euid=0 tty=ssh ruser= rhost=43.255.190.154  user=root
Apr 12 08:06:48 ovzhost sshd[1399]: pam_unix(sshd:auth): authentication failure; logname= uid=0 euid=0 tty=ssh ruser= rhost=43.255.190.138  user=root
Apr 12 08:06:49 ovzhost sshd[1397]: Failed password for root from 43.255.190.154 port 40761 ssh2
Apr 12 08:06:49 ovzhost sshd[1399]: Failed password for root from 43.255.190.138 port 51645 ssh2
Apr 12 08:06:49 ovzhost sshd[1395]: message repeated 2 times: [ Failed password for root from 43.255.190.154 port 60070 ssh2]
Apr 12 08:06:49 ovzhost sshd[1395]: Received disconnect from 43.255.190.154: 11:  [preauth]
Apr 12 08:06:49 ovzhost sshd[1395]: PAM 2 more authentication failures; logname= uid=0 euid=0 tty=ssh ruser= rhost=43.255.190.154  user=root
Apr 12 08:06:50 ovzhost sshd[1401]: pam_unix(sshd:auth): authentication failure; logname= uid=0 euid=0 tty=ssh ruser= rhost=43.255.190.154  user=root
Apr 12 08:06:53 ovzhost sshd[1401]: Failed password for root from 43.255.190.154 port 46279 ssh2
Apr 12 08:06:53 ovzhost sshd[1397]: message repeated 2 times: [ Failed password for root from 43.255.190.154 port 40761 ssh2]
Apr 12 08:06:54 ovzhost sshd[1397]: Received disconnect from 43.255.190.154: 11:  [preauth]
Apr 12 08:06:54 ovzhost sshd[1397]: PAM 2 more authentication failures; logname= uid=0 euid=0 tty=ssh ruser= rhost=43.255.190.154  user=root
Apr 12 08:06:54 ovzhost sshd[1399]: message repeated 2 times: [ Failed password for root from 43.255.190.138 port 51645 ssh2]
Apr 12 08:06:54 ovzhost sshd[1399]: Received disconnect from 43.255.190.138: 11:  [preauth]
Apr 12 08:06:54 ovzhost sshd[1399]: PAM 2 more authentication failures; logname= uid=0 euid=0 tty=ssh ruser= rhost=43.255.190.138  user=root
Apr 12 08:06:54 ovzhost sshd[1404]: pam_unix(sshd:auth): authentication failure; logname= uid=0 euid=0 tty=ssh ruser= rhost=43.255.190.154  user=root
Apr 12 08:06:54 ovzhost sshd[1406]: pam_unix(sshd:auth): authentication failure; logname= uid=0 euid=0 tty=ssh ruser= rhost=43.255.190.138  user=root
Apr 12 08:06:56 ovzhost sshd[1404]: Failed password for root from 43.255.190.154 port 55366 ssh2
Apr 12 08:06:56 ovzhost sshd[1406]: Failed password for root from 43.255.190.138 port 40063 ssh2
Apr 12 08:06:57 ovzhost sshd[1401]: message repeated 2 times: [ Failed password for root from 43.255.190.154 port 46279 ssh2]
Apr 12 08:06:57 ovzhost sshd[1401]: Received disconnect from 43.255.190.154: 11:  [preauth]
Apr 12 08:06:57 ovzhost sshd[1401]: PAM 2 more authentication failures; logname= uid=0 euid=0 tty=ssh ruser= rhost=43.255.190.154  user=root
Apr 12 08:06:57 ovzhost sshd[1408]: pam_unix(sshd:auth): authentication failure; logname= uid=0 euid=0 tty=ssh ruser= rhost=43.255.190.154  user=root
Apr 12 08:06:59 ovzhost sshd[1411]: Connection closed by 127.0.0.1 [preauth]
Apr 12 08:07:00 ovzhost sshd[1408]: Failed password for root from 43.255.190.154 port 34192 ssh2
Apr 12 08:07:00 ovzhost sshd[1404]: message repeated 2 times: [ Failed password for root from 43.255.190.154 port 55366 ssh2]
Apr 12 08:07:00 ovzhost sshd[1404]: Received disconnect from 43.255.190.154: 11:  [preauth]
Apr 12 08:07:00 ovzhost sshd[1404]: PAM 2 more authentication failures; logname= uid=0 euid=0 tty=ssh ruser= rhost=43.255.190.154  user=root
Apr 12 08:07:00 ovzhost sshd[1406]: message repeated 2 times: [ Failed password for root from 43.255.190.138 port 40063 ssh2]
Apr 12 08:07:00 ovzhost sshd[1406]: Received disconnect from 43.255.190.138: 11:  [preauth]
Apr 12 08:07:00 ovzhost sshd[1406]: PAM 2 more authentication failures; logname= uid=0 euid=0 tty=ssh ruser= rhost=43.255.190.138  user=root
Apr 12 08:07:01 ovzhost sshd[1413]: pam_unix(sshd:auth): authentication failure; logname= uid=0 euid=0 tty=ssh ruser= rhost=43.255.190.154  user=root
Apr 12 08:07:01 ovzhost sshd[1415]: pam_unix(sshd:auth): authentication failure; logname= uid=0 euid=0 tty=ssh ruser= rhost=43.255.190.138  user=root
Apr 12 08:07:03 ovzhost sshd[1413]: Failed password for root from 43.255.190.154 port 42200 ssh2
Apr 12 08:07:03 ovzhost sshd[1415]: Failed password for root from 43.255.190.138 port 55990 ssh2
Apr 12 08:07:04 ovzhost sshd[1408]: message repeated 2 times: [ Failed password for root from 43.255.190.154 port 34192 ssh2]
Apr 12 08:07:04 ovzhost sshd[1408]: Received disconnect from 43.255.190.154: 11:  [preauth]
Apr 12 08:07:04 ovzhost sshd[1408]: PAM 2 more authentication failures; logname= uid=0 euid=0 tty=ssh ruser= rhost=43.255.190.154  user=root
Apr 12 08:07:04 ovzhost sshd[1417]: pam_unix(sshd:auth): authentication failure; logname= uid=0 euid=0 tty=ssh ruser= rhost=43.255.190.154  user=root
Apr 12 08:07:06 ovzhost sshd[1417]: Failed password for root from 43.255.190.154 port 49874 ssh2
Apr 12 08:07:07 ovzhost sshd[1413]: message repeated 2 times: [ Failed password for root from 43.255.190.154 port 42200 ssh2]
Apr 12 08:07:07 ovzhost sshd[1413]: Received disconnect from 43.255.190.154: 11:  [preauth]
Apr 12 08:07:07 ovzhost sshd[1413]: PAM 2 more authentication failures; logname= uid=0 euid=0 tty=ssh ruser= rhost=43.255.190.154  user=root
Apr 12 08:07:07 ovzhost sshd[1415]: message repeated 2 times: [ Failed password for root from 43.255.190.138 port 55990 ssh2]
Apr 12 08:07:07 ovzhost sshd[1415]: Received disconnect from 43.255.190.138: 11:  [preauth]
Apr 12 08:07:07 ovzhost sshd[1415]: PAM 2 more authentication failures; logname= uid=0 euid=0 tty=ssh ruser= rhost=43.255.190.138  user=root
Apr 12 08:07:08 ovzhost sshd[1419]: pam_unix(sshd:auth): authentication failure; logname= uid=0 euid=0 tty=ssh ruser= rhost=43.255.190.154  user=root
Apr 12 08:07:08 ovzhost sshd[1421]: pam_unix(sshd:auth): authentication failure; logname= uid=0 euid=0 tty=ssh ruser= rhost=43.255.190.138  user=root
Apr 12 08:07:09 ovzhost sshd[1419]: Failed password for root from 43.255.190.154 port 57471 ssh2
Apr 12 08:07:10 ovzhost sshd[1421]: Failed password for root from 43.255.190.138 port 44126 ssh2
Apr 12 08:07:10 ovzhost sshd[1417]: message repeated 2 times: [ Failed password for root from 43.255.190.154 port 49874 ssh2]
Apr 12 08:07:10 ovzhost sshd[1417]: Received disconnect from 43.255.190.154: 11:  [preauth]
Apr 12 08:07:10 ovzhost sshd[1417]: PAM 2 more authentication failures; logname= uid=0 euid=0 tty=ssh ruser= rhost=43.255.190.154  user=root
Apr 12 08:07:11 ovzhost sshd[1423]: pam_unix(sshd:auth): authentication failure; logname= uid=0 euid=0 tty=ssh ruser= rhost=43.255.190.154  user=root
Apr 12 08:07:12 ovzhost sshd[1423]: Failed password for root from 43.255.190.154 port 36020 ssh2
Apr 12 08:07:13 ovzhost sshd[1419]: message repeated 2 times: [ Failed password for root from 43.255.190.154 port 57471 ssh2]
Apr 12 08:07:13 ovzhost sshd[1419]: Received disconnect from 43.255.190.154: 11:  [preauth]
Apr 12 08:07:13 ovzhost sshd[1419]: PAM 2 more authentication failures; logname= uid=0 euid=0 tty=ssh ruser= rhost=43.255.190.154  user=root
Apr 12 08:07:13 ovzhost sshd[1421]: message repeated 2 times: [ Failed password for root from 43.255.190.138 port 44126 ssh2]
Apr 12 08:07:13 ovzhost sshd[1421]: Received disconnect from 43.255.190.138: 11:  [preauth]
Apr 12 08:07:13 ovzhost sshd[1421]: PAM 2 more authentication failures; logname= uid=0 euid=0 tty=ssh ruser= rhost=43.255.190.138  user=root
Apr 12 08:07:14 ovzhost sshd[1425]: pam_unix(sshd:auth): authentication failure; logname= uid=0 euid=0 tty=ssh ruser= rhost=43.255.190.154  user=root
Apr 12 08:07:14 ovzhost sshd[1427]: pam_unix(sshd:auth): authentication failure; logname= uid=0 euid=0 tty=ssh ruser= rhost=43.255.190.138  user=root
Apr 12 08:07:16 ovzhost sshd[1425]: Failed password for root from 43.255.190.154 port 43007 ssh2
Apr 12 08:07:16 ovzhost sshd[1427]: Failed password for root from 43.255.190.138 port 59737 ssh2
Apr 12 08:07:17 ovzhost sshd[1423]: message repeated 2 times: [ Failed password for root from 43.255.190.154 port 36020 ssh2]
Apr 12 08:07:17 ovzhost sshd[1423]: Received disconnect from 43.255.190.154: 11:  [preauth]
Apr 12 08:07:17 ovzhost sshd[1423]: PAM 2 more authentication failures; logname= uid=0 euid=0 tty=ssh ruser= rhost=43.255.190.154  user=root
Apr 12 08:07:18 ovzhost sshd[1429]: pam_unix(sshd:auth): authentication failure; logname= uid=0 euid=0 tty=ssh ruser= rhost=43.255.190.154  user=root
Apr 12 08:07:19 ovzhost sshd[1429]: Failed password for root from 43.255.190.154 port 51416 ssh2
Apr 12 08:07:20 ovzhost sshd[1425]: message repeated 2 times: [ Failed password for root from 43.255.190.154 port 43007 ssh2]
Apr 12 08:07:20 ovzhost sshd[1425]: Received disconnect from 43.255.190.154: 11:  [preauth]
Apr 12 08:07:20 ovzhost sshd[1425]: PAM 2 more authentication failures; logname= uid=0 euid=0 tty=ssh ruser= rhost=43.255.190.154  user=root
Apr 12 08:07:20 ovzhost sshd[1427]: message repeated 2 times: [ Failed password for root from 43.255.190.138 port 59737 ssh2]
Apr 12 08:07:20 ovzhost sshd[1427]: Received disconnect from 43.255.190.138: 11:  [preauth]
Apr 12 08:07:20 ovzhost sshd[1427]: PAM 2 more authentication failures; logname= uid=0 euid=0 tty=ssh ruser= rhost=43.255.190.138  user=root
Apr 12 08:07:21 ovzhost sshd[1431]: pam_unix(sshd:auth): authentication failure; logname= uid=0 euid=0 tty=ssh ruser= rhost=43.255.190.154  user=root
Apr 12 08:07:21 ovzhost sshd[1433]: pam_unix(sshd:auth): authentication failure; logname= uid=0 euid=0 tty=ssh ruser= rhost=43.255.190.138  user=root
Apr 12 08:07:23 ovzhost sshd[1431]: Failed password for root from 43.255.190.154 port 58965 ssh2
Apr 12 08:07:24 ovzhost sshd[1433]: Failed password for root from 43.255.190.138 port 48283 ssh2
Apr 12 08:07:24 ovzhost sshd[1429]: message repeated 2 times: [ Failed password for root from 43.255.190.154 port 51416 ssh2]
Apr 12 08:07:24 ovzhost sshd[1429]: Received disconnect from 43.255.190.154: 11:  [preauth]
Apr 12 08:07:24 ovzhost sshd[1429]: PAM 2 more authentication failures; logname= uid=0 euid=0 tty=ssh ruser= rhost=43.255.190.154  user=root
Apr 12 08:07:27 ovzhost sshd[1431]: message repeated 2 times: [ Failed password for root from 43.255.190.154 port 58965 ssh2]
Apr 12 08:07:27 ovzhost sshd[1431]: Received disconnect from 43.255.190.154: 11:  [preauth]
Apr 12 08:07:27 ovzhost sshd[1431]: PAM 2 more authentication failures; logname= uid=0 euid=0 tty=ssh ruser= rhost=43.255.190.154  user=root
Apr 12 08:07:27 ovzhost sshd[1433]: message repeated 2 times: [ Failed password for root from 43.255.190.138 port 48283 ssh2]
Apr 12 08:07:28 ovzhost sshd[1433]: Received disconnect from 43.255.190.138: 11:  [preauth]
Apr 12 08:07:28 ovzhost sshd[1433]: PAM 2 more authentication failures; logname= uid=0 euid=0 tty=ssh ruser= rhost=43.255.190.138  user=root
Apr 12 08:09:01 ovzhost CRON[1444]: pam_env(cron:session): Unable to open env file: /etc/default/locale: No such file or directory
Apr 12 08:09:01 ovzhost CRON[1445]: pam_env(cron:session): Unable to open env file: /etc/default/locale: No such file or directory
Apr 12 08:09:01 ovzhost CRON[1444]: pam_unix(cron:session): session opened for user root by (uid=0)
Apr 12 08:09:01 ovzhost CRON[1445]: pam_unix(cron:session): session opened for user root by (uid=0)
Apr 12 08:09:01 ovzhost CRON[1444]: pam_unix(cron:session): session closed for user root
Apr 12 08:09:01 ovzhost CRON[1445]: pam_unix(cron:session): session closed for user root
Apr 12 08:10:25 ovzhost sshd[1461]: Connection closed by 128.8.37.104 [preauth]
Apr 12 08:11:59 ovzhost sshd[1473]: Connection closed by 127.0.0.1 [preauth]
Apr 12 08:16:27 ovzhost sshd[1490]: Invalid user MAIL from 80.242.123.130
Apr 12 08:16:27 ovzhost sshd[1490]: input_userauth_request: invalid user MAIL [preauth]
Apr 12 08:16:27 ovzhost sshd[1490]: pam_unix(sshd:auth): check pass; user unknown
Apr 12 08:16:27 ovzhost sshd[1490]: pam_unix(sshd:auth): authentication failure; logname= uid=0 euid=0 tty=ssh ruser= rhost=130-123-242-80.pppoe.dyn.broadband.blic.net 
Apr 12 08:16:29 ovzhost sshd[1490]: Failed password for invalid user MAIL from 80.242.123.130 port 43455 ssh2
Apr 12 08:16:29 ovzhost sshd[1490]: Received disconnect from 80.242.123.130: 11: Bye Bye [preauth]
Apr 12 08:16:59 ovzhost sshd[1494]: Connection closed by 127.0.0.1 [preauth]
Apr 12 08:20:01 ovzhost CRON[1507]: pam_env(cron:session): Unable to open env file: /etc/default/locale: No such file or directory
Apr 12 08:20:01 ovzhost CRON[1507]: pam_unix(cron:session): session opened for user smmsp by (uid=0)
Apr 12 08:20:01 ovzhost CRON[1507]: pam_unix(cron:session): session closed for user smmsp
Apr 12 08:20:25 ovzhost sshd[1533]: Connection closed by 128.8.37.104 [preauth]
Apr 12 08:21:59 ovzhost sshd[1545]: Connection closed by 127.0.0.1 [preauth]
Apr 12 08:24:37 ovzhost sshd[1553]: pam_unix(sshd:auth): authentication failure; logname= uid=0 euid=0 tty=ssh ruser= rhost=43.255.190.119  user=root
Apr 12 08:24:38 ovzhost sshd[1555]: pam_unix(sshd:auth): authentication failure; logname= uid=0 euid=0 tty=ssh ruser= rhost=43.255.190.157  user=root
Apr 12 08:24:39 ovzhost sshd[1553]: Failed password for root from 43.255.190.119 port 60774 ssh2
Apr 12 08:24:40 ovzhost sshd[1555]: Failed password for root from 43.255.190.157 port 56263 ssh2
Apr 12 08:24:41 ovzhost sshd[1557]: pam_unix(sshd:auth): authentication failure; logname= uid=0 euid=0 tty=ssh ruser= rhost=43.255.190.119  user=root
Apr 12 08:24:43 ovzhost sshd[1557]: Failed password for root from 43.255.190.119 port 40962 ssh2
Apr 12 08:24:43 ovzhost sshd[1553]: message repeated 2 times: [ Failed password for root from 43.255.190.119 port 60774 ssh2]
Apr 12 08:24:43 ovzhost sshd[1553]: Received disconnect from 43.255.190.119: 11:  [preauth]
Apr 12 08:24:43 ovzhost sshd[1553]: PAM 2 more authentication failures; logname= uid=0 euid=0 tty=ssh ruser= rhost=43.255.190.119  user=root
Apr 12 08:24:43 ovzhost sshd[1559]: pam_unix(sshd:auth): authentication failure; logname= uid=0 euid=0 tty=ssh ruser= rhost=43.255.190.119  user=root
Apr 12 08:24:44 ovzhost sshd[1555]: message repeated 2 times: [ Failed password for root from 43.255.190.157 port 56263 ssh2]
Apr 12 08:24:44 ovzhost sshd[1555]: Received disconnect from 43.255.190.157: 11:  [preauth]
Apr 12 08:24:44 ovzhost sshd[1555]: PAM 2 more authentication failures; logname= uid=0 euid=0 tty=ssh ruser= rhost=43.255.190.157  user=root
Apr 12 08:24:45 ovzhost sshd[1561]: pam_unix(sshd:auth): authentication failure; logname= uid=0 euid=0 tty=ssh ruser= rhost=43.255.190.157  user=root
Apr 12 08:24:45 ovzhost sshd[1559]: Failed password for root from 43.255.190.119 port 45670 ssh2
Apr 12 08:24:46 ovzhost sshd[1557]: message repeated 2 times: [ Failed password for root from 43.255.190.119 port 40962 ssh2]
Apr 12 08:24:46 ovzhost sshd[1557]: Received disconnect from 43.255.190.119: 11:  [preauth]
Apr 12 08:24:46 ovzhost sshd[1557]: PAM 2 more authentication failures; logname= uid=0 euid=0 tty=ssh ruser= rhost=43.255.190.119  user=root
Apr 12 08:24:46 ovzhost sshd[1561]: Failed password for root from 43.255.190.157 port 40575 ssh2
Apr 12 08:24:47 ovzhost sshd[1563]: pam_unix(sshd:auth): authentication failure; logname= uid=0 euid=0 tty=ssh ruser= rhost=43.255.190.119  user=root
Apr 12 08:24:49 ovzhost sshd[1563]: Failed password for root from 43.255.190.119 port 52152 ssh2
Apr 12 08:24:49 ovzhost sshd[1559]: message repeated 2 times: [ Failed password for root from 43.255.190.119 port 45670 ssh2]
Apr 12 08:24:49 ovzhost sshd[1559]: Received disconnect from 43.255.190.119: 11:  [preauth]
Apr 12 08:24:49 ovzhost sshd[1559]: PAM 2 more authentication failures; logname= uid=0 euid=0 tty=ssh ruser= rhost=43.255.190.119  user=root
Apr 12 08:24:50 ovzhost sshd[1565]: pam_unix(sshd:auth): authentication failure; logname= uid=0 euid=0 tty=ssh ruser= rhost=43.255.190.119  user=root
Apr 12 08:24:50 ovzhost sshd[1561]: message repeated 2 times: [ Failed password for root from 43.255.190.157 port 40575 ssh2]
Apr 12 08:24:50 ovzhost sshd[1561]: Received disconnect from 43.255.190.157: 11:  [preauth]
Apr 12 08:24:50 ovzhost sshd[1561]: PAM 2 more authentication failures; logname= uid=0 euid=0 tty=ssh ruser= rhost=43.255.190.157  user=root
Apr 12 08:24:51 ovzhost sshd[1567]: pam_unix(sshd:auth): authentication failure; logname= uid=0 euid=0 tty=ssh ruser= rhost=43.255.190.157  user=root
Apr 12 08:24:52 ovzhost sshd[1565]: Failed password for root from 43.255.190.119 port 58534 ssh2
Apr 12 08:24:52 ovzhost sshd[1567]: Failed password for root from 43.255.190.157 port 52394 ssh2
Apr 12 08:24:53 ovzhost sshd[1563]: message repeated 2 times: [ Failed password for root from 43.255.190.119 port 52152 ssh2]
Apr 12 08:24:53 ovzhost sshd[1563]: Received disconnect from 43.255.190.119: 11:  [preauth]
Apr 12 08:24:53 ovzhost sshd[1563]: PAM 2 more authentication failures; logname= uid=0 euid=0 tty=ssh ruser= rhost=43.255.190.119  user=root
Apr 12 08:24:54 ovzhost sshd[1569]: pam_unix(sshd:auth): authentication failure; logname= uid=0 euid=0 tty=ssh ruser= rhost=43.255.190.119  user=root
Apr 12 08:24:55 ovzhost sshd[1565]: message repeated 2 times: [ Failed password for root from 43.255.190.119 port 58534 ssh2]
Apr 12 08:24:55 ovzhost sshd[1565]: Received disconnect from 43.255.190.119: 11:  [preauth]
Apr 12 08:24:55 ovzhost sshd[1565]: PAM 2 more authentication failures; logname= uid=0 euid=0 tty=ssh ruser= rhost=43.255.190.119  user=root
Apr 12 08:24:56 ovzhost sshd[1572]: pam_unix(sshd:auth): authentication failure; logname= uid=0 euid=0 tty=ssh ruser= rhost=43.255.190.119  user=root
Apr 12 08:24:56 ovzhost sshd[1569]: Failed password for root from 43.255.190.119 port 39355 ssh2
Apr 12 08:24:56 ovzhost sshd[1567]: message repeated 2 times: [ Failed password for root from 43.255.190.157 port 52394 ssh2]
Apr 12 08:24:56 ovzhost sshd[1567]: Received disconnect from 43.255.190.157: 11:  [preauth]
Apr 12 08:24:56 ovzhost sshd[1567]: PAM 2 more authentication failures; logname= uid=0 euid=0 tty=ssh ruser= rhost=43.255.190.157  user=root
Apr 12 08:24:57 ovzhost sshd[1574]: pam_unix(sshd:auth): authentication failure; logname= uid=0 euid=0 tty=ssh ruser= rhost=43.255.190.157  user=root
Apr 12 08:24:58 ovzhost sshd[1572]: Failed password for root from 43.255.190.119 port 44322 ssh2
Apr 12 08:24:58 ovzhost sshd[1574]: Failed password for root from 43.255.190.157 port 40655 ssh2
Apr 12 08:25:00 ovzhost sshd[1569]: message repeated 2 times: [ Failed password for root from 43.255.190.119 port 39355 ssh2]
Apr 12 08:25:00 ovzhost sshd[1569]: Received disconnect from 43.255.190.119: 11:  [preauth]
Apr 12 08:25:00 ovzhost sshd[1569]: PAM 2 more authentication failures; logname= uid=0 euid=0 tty=ssh ruser= rhost=43.255.190.119  user=root
Apr 12 08:25:00 ovzhost sshd[1576]: pam_unix(sshd:auth): authentication failure; logname= uid=0 euid=0 tty=ssh ruser= rhost=43.255.190.119  user=root
Apr 12 08:25:01 ovzhost sshd[1572]: message repeated 2 times: [ Failed password for root from 43.255.190.119 port 44322 ssh2]
Apr 12 08:25:01 ovzhost sshd[1572]: Received disconnect from 43.255.190.119: 11:  [preauth]
Apr 12 08:25:01 ovzhost sshd[1572]: PAM 2 more authentication failures; logname= uid=0 euid=0 tty=ssh ruser= rhost=43.255.190.119  user=root
Apr 12 08:25:02 ovzhost sshd[1574]: message repeated 2 times: [ Failed password for root from 43.255.190.157 port 40655 ssh2]
Apr 12 08:25:02 ovzhost sshd[1574]: Received disconnect from 43.255.190.157: 11:  [preauth]
Apr 12 08:25:02 ovzhost sshd[1574]: PAM 2 more authentication failures; logname= uid=0 euid=0 tty=ssh ruser= rhost=43.255.190.157  user=root
Apr 12 08:25:02 ovzhost sshd[1578]: pam_unix(sshd:auth): authentication failure; logname= uid=0 euid=0 tty=ssh ruser= rhost=43.255.190.119  user=root
Apr 12 08:25:02 ovzhost sshd[1580]: pam_unix(sshd:auth): authentication failure; logname= uid=0 euid=0 tty=ssh ruser= rhost=43.255.190.157  user=root
Apr 12 08:25:02 ovzhost sshd[1576]: Failed password for root from 43.255.190.119 port 56244 ssh2
Apr 12 08:25:04 ovzhost sshd[1578]: Failed password for root from 43.255.190.119 port 59667 ssh2
Apr 12 08:25:05 ovzhost sshd[1580]: Failed password for root from 43.255.190.157 port 55892 ssh2
Apr 12 08:25:07 ovzhost sshd[1576]: message repeated 2 times: [ Failed password for root from 43.255.190.119 port 56244 ssh2]
Apr 12 08:25:07 ovzhost sshd[1576]: Received disconnect from 43.255.190.119: 11:  [preauth]
Apr 12 08:25:07 ovzhost sshd[1576]: PAM 2 more authentication failures; logname= uid=0 euid=0 tty=ssh ruser= rhost=43.255.190.119  user=root
Apr 12 08:25:07 ovzhost sshd[1582]: pam_unix(sshd:auth): authentication failure; logname= uid=0 euid=0 tty=ssh ruser= rhost=43.255.190.119  user=root
Apr 12 08:25:08 ovzhost sshd[1578]: message repeated 2 times: [ Failed password for root from 43.255.190.119 port 59667 ssh2]
Apr 12 08:25:08 ovzhost sshd[1578]: Received disconnect from 43.255.190.119: 11:  [preauth]
Apr 12 08:25:08 ovzhost sshd[1578]: PAM 2 more authentication failures; logname= uid=0 euid=0 tty=ssh ruser= rhost=43.255.190.119  user=root
Apr 12 08:25:09 ovzhost sshd[1584]: pam_unix(sshd:auth): authentication failure; logname= uid=0 euid=0 tty=ssh ruser= rhost=43.255.190.119  user=root
Apr 12 08:25:09 ovzhost sshd[1580]: message repeated 2 times: [ Failed password for root from 43.255.190.157 port 55892 ssh2]
Apr 12 08:25:09 ovzhost sshd[1580]: Received disconnect from 43.255.190.157: 11:  [preauth]
Apr 12 08:25:09 ovzhost sshd[1580]: PAM 2 more authentication failures; logname= uid=0 euid=0 tty=ssh ruser= rhost=43.255.190.157  user=root
Apr 12 08:25:09 ovzhost sshd[1586]: pam_unix(sshd:auth): authentication failure; logname= uid=0 euid=0 tty=ssh ruser= rhost=43.255.190.157  user=root
Apr 12 08:25:09 ovzhost sshd[1582]: Failed password for root from 43.255.190.119 port 45191 ssh2
Apr 12 08:25:10 ovzhost sshd[1584]: Failed password for root from 43.255.190.119 port 47944 ssh2
Apr 12 08:25:10 ovzhost sshd[1586]: Failed password for root from 43.255.190.157 port 47024 ssh2
Apr 12 08:25:12 ovzhost sshd[1582]: message repeated 2 times: [ Failed password for root from 43.255.190.119 port 45191 ssh2]
Apr 12 08:25:13 ovzhost sshd[1582]: Received disconnect from 43.255.190.119: 11:  [preauth]
Apr 12 08:25:13 ovzhost sshd[1582]: PAM 2 more authentication failures; logname= uid=0 euid=0 tty=ssh ruser= rhost=43.255.190.119  user=root
Apr 12 08:25:13 ovzhost sshd[1588]: pam_unix(sshd:auth): authentication failure; logname= uid=0 euid=0 tty=ssh ruser= rhost=43.255.190.119  user=root
