Apr 14 15:04:54 ovzhost sshd[1296]: PAM 2 more authentication failures; logname= uid=0 euid=0 tty=ssh ruser= rhost=43.255.190.176  user=root
Apr 14 15:04:55 ovzhost sshd[1302]: pam_unix(sshd:auth): authentication failure; logname= uid=0 euid=0 tty=ssh ruser= rhost=43.255.190.176  user=root
Apr 14 15:04:57 ovzhost sshd[1300]: Failed password for root from 43.255.190.189 port 50299 ssh2
Apr 14 15:04:57 ovzhost sshd[1302]: Failed password for root from 43.255.190.176 port 35105 ssh2
Apr 14 15:05:00 ovzhost sshd[1300]: message repeated 2 times: [ Failed password for root from 43.255.190.189 port 50299 ssh2]
Apr 14 15:05:00 ovzhost sshd[1300]: Received disconnect from 43.255.190.189: 11:  [preauth]
Apr 14 15:05:00 ovzhost sshd[1300]: PAM 2 more authentication failures; logname= uid=0 euid=0 tty=ssh ruser= rhost=43.255.190.189  user=root
Apr 14 15:05:01 ovzhost sshd[1305]: pam_unix(sshd:auth): authentication failure; logname= uid=0 euid=0 tty=ssh ruser= rhost=43.255.190.189  user=root
Apr 14 15:05:02 ovzhost sshd[1302]: message repeated 2 times: [ Failed password for root from 43.255.190.176 port 35105 ssh2]
Apr 14 15:05:02 ovzhost sshd[1302]: Received disconnect from 43.255.190.176: 11:  [preauth]
Apr 14 15:05:02 ovzhost sshd[1302]: PAM 2 more authentication failures; logname= uid=0 euid=0 tty=ssh ruser= rhost=43.255.190.176  user=root
Apr 14 15:05:02 ovzhost sshd[1307]: pam_unix(sshd:auth): authentication failure; logname= uid=0 euid=0 tty=ssh ruser= rhost=43.255.190.176  user=root
Apr 14 15:05:04 ovzhost sshd[1305]: Failed password for root from 43.255.190.189 port 38051 ssh2
Apr 14 15:05:04 ovzhost sshd[1307]: Failed password for root from 43.255.190.176 port 51395 ssh2
Apr 14 15:05:09 ovzhost sshd[1305]: message repeated 2 times: [ Failed password for root from 43.255.190.189 port 38051 ssh2]
Apr 14 15:05:09 ovzhost sshd[1305]: Received disconnect from 43.255.190.189: 11:  [preauth]
Apr 14 15:05:09 ovzhost sshd[1305]: PAM 2 more authentication failures; logname= uid=0 euid=0 tty=ssh ruser= rhost=43.255.190.189  user=root
Apr 14 15:05:09 ovzhost sshd[1307]: message repeated 2 times: [ Failed password for root from 43.255.190.176 port 51395 ssh2]
Apr 14 15:05:09 ovzhost sshd[1307]: Received disconnect from 43.255.190.176: 11:  [preauth]
Apr 14 15:05:09 ovzhost sshd[1307]: PAM 2 more authentication failures; logname= uid=0 euid=0 tty=ssh ruser= rhost=43.255.190.176  user=root
Apr 14 15:05:09 ovzhost sshd[1309]: pam_unix(sshd:auth): authentication failure; logname= uid=0 euid=0 tty=ssh ruser= rhost=43.255.190.189  user=root
Apr 14 15:05:09 ovzhost sshd[1311]: pam_unix(sshd:auth): authentication failure; logname= uid=0 euid=0 tty=ssh ruser= rhost=43.255.190.176  user=root
Apr 14 15:05:11 ovzhost sshd[1309]: Failed password for root from 43.255.190.189 port 56503 ssh2
Apr 14 15:05:11 ovzhost sshd[1311]: Failed password for root from 43.255.190.176 port 37800 ssh2
Apr 14 15:05:16 ovzhost sshd[1309]: message repeated 2 times: [ Failed password for root from 43.255.190.189 port 56503 ssh2]
Apr 14 15:05:16 ovzhost sshd[1309]: Received disconnect from 43.255.190.189: 11:  [preauth]
Apr 14 15:05:16 ovzhost sshd[1309]: PAM 2 more authentication failures; logname= uid=0 euid=0 tty=ssh ruser= rhost=43.255.190.189  user=root
Apr 14 15:05:16 ovzhost sshd[1311]: message repeated 2 times: [ Failed password for root from 43.255.190.176 port 37800 ssh2]
Apr 14 15:05:16 ovzhost sshd[1311]: Received disconnect from 43.255.190.176: 11:  [preauth]
Apr 14 15:05:16 ovzhost sshd[1311]: PAM 2 more authentication failures; logname= uid=0 euid=0 tty=ssh ruser= rhost=43.255.190.176  user=root
Apr 14 15:05:17 ovzhost sshd[1313]: pam_unix(sshd:auth): authentication failure; logname= uid=0 euid=0 tty=ssh ruser= rhost=43.255.190.189  user=root
Apr 14 15:05:17 ovzhost sshd[1315]: pam_unix(sshd:auth): authentication failure; logname= uid=0 euid=0 tty=ssh ruser= rhost=43.255.190.176  user=root
Apr 14 15:05:19 ovzhost sshd[1313]: Failed password for root from 43.255.190.189 port 47763 ssh2
Apr 14 15:05:19 ovzhost sshd[1315]: Failed password for root from 43.255.190.176 port 55004 ssh2
Apr 14 15:05:23 ovzhost sshd[1313]: message repeated 2 times: [ Failed password for root from 43.255.190.189 port 47763 ssh2]
Apr 14 15:05:23 ovzhost sshd[1313]: Received disconnect from 43.255.190.189: 11:  [preauth]
Apr 14 15:05:23 ovzhost sshd[1313]: PAM 2 more authentication failures; logname= uid=0 euid=0 tty=ssh ruser= rhost=43.255.190.189  user=root
Apr 14 15:05:24 ovzhost sshd[1315]: message repeated 2 times: [ Failed password for root from 43.255.190.176 port 55004 ssh2]
Apr 14 15:05:24 ovzhost sshd[1315]: Received disconnect from 43.255.190.176: 11:  [preauth]
Apr 14 15:05:24 ovzhost sshd[1315]: PAM 2 more authentication failures; logname= uid=0 euid=0 tty=ssh ruser= rhost=43.255.190.176  user=root
Apr 14 15:05:24 ovzhost sshd[1317]: pam_unix(sshd:auth): authentication failure; logname= uid=0 euid=0 tty=ssh ruser= rhost=43.255.190.189  user=root
Apr 14 15:05:24 ovzhost sshd[1319]: pam_unix(sshd:auth): authentication failure; logname= uid=0 euid=0 tty=ssh ruser= rhost=43.255.190.176  user=root
Apr 14 15:05:26 ovzhost sshd[1317]: Failed password for root from 43.255.190.189 port 37495 ssh2
Apr 14 15:05:26 ovzhost sshd[1319]: Failed password for root from 43.255.190.176 port 43102 ssh2
Apr 14 15:05:30 ovzhost sshd[1317]: message repeated 2 times: [ Failed password for root from 43.255.190.189 port 37495 ssh2]
Apr 14 15:05:30 ovzhost sshd[1317]: Received disconnect from 43.255.190.189: 11:  [preauth]
Apr 14 15:05:30 ovzhost sshd[1317]: PAM 2 more authentication failures; logname= uid=0 euid=0 tty=ssh ruser= rhost=43.255.190.189  user=root
Apr 14 15:05:31 ovzhost sshd[1321]: pam_unix(sshd:auth): authentication failure; logname= uid=0 euid=0 tty=ssh ruser= rhost=43.255.190.189  user=root
Apr 14 15:05:31 ovzhost sshd[1319]: message repeated 2 times: [ Failed password for root from 43.255.190.176 port 43102 ssh2]
Apr 14 15:05:31 ovzhost sshd[1319]: Received disconnect from 43.255.190.176: 11:  [preauth]
Apr 14 15:05:31 ovzhost sshd[1319]: PAM 2 more authentication failures; logname= uid=0 euid=0 tty=ssh ruser= rhost=43.255.190.176  user=root
Apr 14 15:05:32 ovzhost sshd[1323]: pam_unix(sshd:auth): authentication failure; logname= uid=0 euid=0 tty=ssh ruser= rhost=43.255.190.176  user=root
Apr 14 15:05:33 ovzhost sshd[1321]: Failed password for root from 43.255.190.189 port 55041 ssh2
Apr 14 15:05:33 ovzhost sshd[1323]: Failed password for root from 43.255.190.176 port 59960 ssh2
Apr 14 15:05:37 ovzhost sshd[1326]: Connection closed by 127.0.0.1 [preauth]
Apr 14 15:05:37 ovzhost sshd[1321]: message repeated 2 times: [ Failed password for root from 43.255.190.189 port 55041 ssh2]
Apr 14 15:05:37 ovzhost sshd[1321]: Received disconnect from 43.255.190.189: 11:  [preauth]
Apr 14 15:05:37 ovzhost sshd[1321]: PAM 2 more authentication failures; logname= uid=0 euid=0 tty=ssh ruser= rhost=43.255.190.189  user=root
Apr 14 15:05:38 ovzhost sshd[1328]: pam_unix(sshd:auth): authentication failure; logname= uid=0 euid=0 tty=ssh ruser= rhost=43.255.190.189  user=root
Apr 14 15:05:38 ovzhost sshd[1323]: message repeated 2 times: [ Failed password for root from 43.255.190.176 port 59960 ssh2]
Apr 14 15:05:38 ovzhost sshd[1323]: Received disconnect from 43.255.190.176: 11:  [preauth]
Apr 14 15:05:38 ovzhost sshd[1323]: PAM 2 more authentication failures; logname= uid=0 euid=0 tty=ssh ruser= rhost=43.255.190.176  user=root
Apr 14 15:05:39 ovzhost sshd[1330]: pam_unix(sshd:auth): authentication failure; logname= uid=0 euid=0 tty=ssh ruser= rhost=43.255.190.176  user=root
Apr 14 15:05:40 ovzhost sshd[1328]: Failed password for root from 43.255.190.189 port 43941 ssh2
Apr 14 15:05:40 ovzhost sshd[1330]: Failed password for root from 43.255.190.176 port 46583 ssh2
Apr 14 15:05:44 ovzhost sshd[1328]: message repeated 2 times: [ Failed password for root from 43.255.190.189 port 43941 ssh2]
Apr 14 15:05:44 ovzhost sshd[1328]: Received disconnect from 43.255.190.189: 11:  [preauth]
Apr 14 15:05:44 ovzhost sshd[1328]: PAM 2 more authentication failures; logname= uid=0 euid=0 tty=ssh ruser= rhost=43.255.190.189  user=root
Apr 14 15:05:45 ovzhost sshd[1332]: pam_unix(sshd:auth): authentication failure; logname= uid=0 euid=0 tty=ssh ruser= rhost=43.255.190.189  user=root
Apr 14 15:05:45 ovzhost sshd[1330]: message repeated 2 times: [ Failed password for root from 43.255.190.176 port 46583 ssh2]
Apr 14 15:05:45 ovzhost sshd[1330]: Received disconnect from 43.255.190.176: 11:  [preauth]
Apr 14 15:05:45 ovzhost sshd[1330]: PAM 2 more authentication failures; logname= uid=0 euid=0 tty=ssh ruser= rhost=43.255.190.176  user=root
Apr 14 15:05:46 ovzhost sshd[1334]: pam_unix(sshd:auth): authentication failure; logname= uid=0 euid=0 tty=ssh ruser= rhost=43.255.190.176  user=root
Apr 14 15:05:47 ovzhost sshd[1332]: Failed password for root from 43.255.190.189 port 39195 ssh2
Apr 14 15:05:48 ovzhost sshd[1334]: Failed password for root from 43.255.190.176 port 34222 ssh2
Apr 14 15:05:51 ovzhost sshd[1332]: message repeated 2 times: [ Failed password for root from 43.255.190.189 port 39195 ssh2]
Apr 14 15:05:51 ovzhost sshd[1332]: Received disconnect from 43.255.190.189: 11:  [preauth]
Apr 14 15:05:51 ovzhost sshd[1332]: PAM 2 more authentication failures; logname= uid=0 euid=0 tty=ssh ruser= rhost=43.255.190.189  user=root
Apr 14 15:05:52 ovzhost sshd[1336]: pam_unix(sshd:auth): authentication failure; logname= uid=0 euid=0 tty=ssh ruser= rhost=43.255.190.189  user=root
Apr 14 15:05:52 ovzhost sshd[1334]: message repeated 2 times: [ Failed password for root from 43.255.190.176 port 34222 ssh2]
Apr 14 15:05:52 ovzhost sshd[1334]: Received disconnect from 43.255.190.176: 11:  [preauth]
Apr 14 15:05:52 ovzhost sshd[1334]: PAM 2 more authentication failures; logname= uid=0 euid=0 tty=ssh ruser= rhost=43.255.190.176  user=root
Apr 14 15:05:53 ovzhost sshd[1338]: pam_unix(sshd:auth): authentication failure; logname= uid=0 euid=0 tty=ssh ruser= rhost=43.255.190.176  user=root
Apr 14 15:05:54 ovzhost sshd[1336]: Failed password for root from 43.255.190.189 port 35207 ssh2
Apr 14 15:05:55 ovzhost sshd[1338]: Failed password for root from 43.255.190.176 port 50296 ssh2
Apr 14 15:05:58 ovzhost sshd[1336]: message repeated 2 times: [ Failed password for root from 43.255.190.189 port 35207 ssh2]
Apr 14 15:05:58 ovzhost sshd[1336]: Received disconnect from 43.255.190.189: 11:  [preauth]
Apr 14 15:05:58 ovzhost sshd[1336]: PAM 2 more authentication failures; logname= uid=0 euid=0 tty=ssh ruser= rhost=43.255.190.189  user=root
Apr 14 15:05:58 ovzhost sshd[1340]: pam_unix(sshd:auth): authentication failure; logname= uid=0 euid=0 tty=ssh ruser= rhost=43.255.190.189  user=root
Apr 14 15:05:59 ovzhost sshd[1338]: message repeated 2 times: [ Failed password for root from 43.255.190.176 port 50296 ssh2]
Apr 14 15:05:59 ovzhost sshd[1338]: Received disconnect from 43.255.190.176: 11:  [preauth]
Apr 14 15:05:59 ovzhost sshd[1338]: PAM 2 more authentication failures; logname= uid=0 euid=0 tty=ssh ruser= rhost=43.255.190.176  user=root
Apr 14 15:06:00 ovzhost sshd[1342]: pam_unix(sshd:auth): authentication failure; logname= uid=0 euid=0 tty=ssh ruser= rhost=43.255.190.176  user=root
Apr 14 15:06:00 ovzhost sshd[1340]: Failed password for root from 43.255.190.189 port 59211 ssh2
Apr 14 15:06:02 ovzhost sshd[1342]: Failed password for root from 43.255.190.176 port 39294 ssh2
Apr 14 15:06:04 ovzhost sshd[1340]: message repeated 2 times: [ Failed password for root from 43.255.190.189 port 59211 ssh2]
Apr 14 15:06:04 ovzhost sshd[1340]: Received disconnect from 43.255.190.189: 11:  [preauth]
Apr 14 15:06:04 ovzhost sshd[1340]: PAM 2 more authentication failures; logname= uid=0 euid=0 tty=ssh ruser= rhost=43.255.190.189  user=root
Apr 14 15:06:05 ovzhost sshd[1346]: pam_unix(sshd:auth): authentication failure; logname= uid=0 euid=0 tty=ssh ruser= rhost=43.255.190.189  user=root
Apr 14 15:06:07 ovzhost sshd[1342]: message repeated 2 times: [ Failed password for root from 43.255.190.176 port 39294 ssh2]
Apr 14 15:06:07 ovzhost sshd[1342]: Received disconnect from 43.255.190.176: 11:  [preauth]
Apr 14 15:06:07 ovzhost sshd[1342]: PAM 2 more authentication failures; logname= uid=0 euid=0 tty=ssh ruser= rhost=43.255.190.176  user=root
Apr 14 15:06:07 ovzhost sshd[1348]: pam_unix(sshd:auth): authentication failure; logname= uid=0 euid=0 tty=ssh ruser= rhost=43.255.190.176  user=root
Apr 14 15:06:07 ovzhost sshd[1346]: Failed password for root from 43.255.190.189 port 53890 ssh2
Apr 14 15:06:10 ovzhost sshd[1348]: Failed password for root from 43.255.190.176 port 55416 ssh2
Apr 14 15:06:12 ovzhost sshd[1346]: message repeated 2 times: [ Failed password for root from 43.255.190.189 port 53890 ssh2]
Apr 14 15:06:12 ovzhost sshd[1346]: Received disconnect from 43.255.190.189: 11:  [preauth]
Apr 14 15:06:12 ovzhost sshd[1346]: PAM 2 more authentication failures; logname= uid=0 euid=0 tty=ssh ruser= rhost=43.255.190.189  user=root
Apr 14 15:06:12 ovzhost sshd[1350]: pam_unix(sshd:auth): authentication failure; logname= uid=0 euid=0 tty=ssh ruser= rhost=43.255.190.189  user=root
Apr 14 15:06:14 ovzhost sshd[1348]: message repeated 2 times: [ Failed password for root from 43.255.190.176 port 55416 ssh2]
Apr 14 15:06:14 ovzhost sshd[1348]: Received disconnect from 43.255.190.176: 11:  [preauth]
Apr 14 15:06:14 ovzhost sshd[1348]: PAM 2 more authentication failures; logname= uid=0 euid=0 tty=ssh ruser= rhost=43.255.190.176  user=root
Apr 14 15:06:14 ovzhost sshd[1352]: pam_unix(sshd:auth): authentication failure; logname= uid=0 euid=0 tty=ssh ruser= rhost=43.255.190.176  user=root
Apr 14 15:06:14 ovzhost sshd[1350]: Failed password for root from 43.255.190.189 port 47539 ssh2
Apr 14 15:06:16 ovzhost sshd[1352]: Failed password for root from 43.255.190.176 port 43061 ssh2
Apr 14 15:06:19 ovzhost sshd[1350]: message repeated 2 times: [ Failed password for root from 43.255.190.189 port 47539 ssh2]
Apr 14 15:06:19 ovzhost sshd[1350]: Received disconnect from 43.255.190.189: 11:  [preauth]
Apr 14 15:06:19 ovzhost sshd[1350]: PAM 2 more authentication failures; logname= uid=0 euid=0 tty=ssh ruser= rhost=43.255.190.189  user=root
Apr 14 15:06:19 ovzhost sshd[1354]: pam_unix(sshd:auth): authentication failure; logname= uid=0 euid=0 tty=ssh ruser= rhost=43.255.190.189  user=root
Apr 14 15:06:21 ovzhost sshd[1352]: message repeated 2 times: [ Failed password for root from 43.255.190.176 port 43061 ssh2]
Apr 14 15:06:21 ovzhost sshd[1352]: Received disconnect from 43.255.190.176: 11:  [preauth]
Apr 14 15:06:21 ovzhost sshd[1352]: PAM 2 more authentication failures; logname= uid=0 euid=0 tty=ssh ruser= rhost=43.255.190.176  user=root
Apr 14 15:06:22 ovzhost sshd[1358]: pam_unix(sshd:auth): authentication failure; logname= uid=0 euid=0 tty=ssh ruser= rhost=43.255.190.176  user=root
Apr 14 15:06:22 ovzhost sshd[1354]: Failed password for root from 43.255.190.189 port 39498 ssh2
Apr 14 15:06:23 ovzhost sshd[1358]: Failed password for root from 43.255.190.176 port 59943 ssh2
Apr 14 15:06:26 ovzhost sshd[1354]: message repeated 2 times: [ Failed password for root from 43.255.190.189 port 39498 ssh2]
Apr 14 15:06:26 ovzhost sshd[1354]: Received disconnect from 43.255.190.189: 11:  [preauth]
Apr 14 15:06:26 ovzhost sshd[1354]: PAM 2 more authentication failures; logname= uid=0 euid=0 tty=ssh ruser= rhost=43.255.190.189  user=root
Apr 14 15:06:26 ovzhost sshd[1360]: pam_unix(sshd:auth): authentication failure; logname= uid=0 euid=0 tty=ssh ruser= rhost=43.255.190.189  user=root
Apr 14 15:06:28 ovzhost sshd[1358]: message repeated 2 times: [ Failed password for root from 43.255.190.176 port 59943 ssh2]
Apr 14 15:06:28 ovzhost sshd[1358]: Received disconnect from 43.255.190.176: 11:  [preauth]
Apr 14 15:06:28 ovzhost sshd[1358]: PAM 2 more authentication failures; logname= uid=0 euid=0 tty=ssh ruser= rhost=43.255.190.176  user=root
Apr 14 15:06:29 ovzhost sshd[1362]: pam_unix(sshd:auth): authentication failure; logname= uid=0 euid=0 tty=ssh ruser= rhost=43.255.190.176  user=root
Apr 14 15:06:29 ovzhost sshd[1360]: Failed password for root from 43.255.190.189 port 59307 ssh2
Apr 14 15:06:31 ovzhost sshd[1362]: Failed password for root from 43.255.190.176 port 47140 ssh2
Apr 14 15:06:33 ovzhost sshd[1360]: message repeated 2 times: [ Failed password for root from 43.255.190.189 port 59307 ssh2]
Apr 14 15:06:34 ovzhost sshd[1360]: Received disconnect from 43.255.190.189: 11:  [preauth]
Apr 14 15:06:34 ovzhost sshd[1360]: PAM 2 more authentication failures; logname= uid=0 euid=0 tty=ssh ruser= rhost=43.255.190.189  user=root
Apr 14 15:06:34 ovzhost sshd[1364]: pam_unix(sshd:auth): authentication failure; logname= uid=0 euid=0 tty=ssh ruser= rhost=43.255.190.189  user=root
Apr 14 15:06:35 ovzhost sshd[1362]: message repeated 2 times: [ Failed password for root from 43.255.190.176 port 47140 ssh2]
Apr 14 15:06:35 ovzhost sshd[1362]: Received disconnect from 43.255.190.176: 11:  [preauth]
Apr 14 15:06:35 ovzhost sshd[1362]: PAM 2 more authentication failures; logname= uid=0 euid=0 tty=ssh ruser= rhost=43.255.190.176  user=root
Apr 14 15:06:36 ovzhost sshd[1364]: Failed password for root from 43.255.190.189 port 52419 ssh2
Apr 14 15:06:36 ovzhost sshd[1366]: pam_unix(sshd:auth): authentication failure; logname= uid=0 euid=0 tty=ssh ruser= rhost=43.255.190.176  user=root
Apr 14 15:06:38 ovzhost sshd[1366]: Failed password for root from 43.255.190.176 port 35007 ssh2
Apr 14 15:06:40 ovzhost sshd[1364]: message repeated 2 times: [ Failed password for root from 43.255.190.189 port 52419 ssh2]
Apr 14 15:06:40 ovzhost sshd[1364]: Received disconnect from 43.255.190.189: 11:  [preauth]
Apr 14 15:06:40 ovzhost sshd[1364]: PAM 2 more authentication failures; logname= uid=0 euid=0 tty=ssh ruser= rhost=43.255.190.189  user=root
Apr 14 15:06:41 ovzhost sshd[1368]: pam_unix(sshd:auth): authentication failure; logname= uid=0 euid=0 tty=ssh ruser= rhost=43.255.190.189  user=root
Apr 14 15:06:43 ovzhost sshd[1366]: message repeated 2 times: [ Failed password for root from 43.255.190.176 port 35007 ssh2]
Apr 14 15:06:43 ovzhost sshd[1366]: Received disconnect from 43.255.190.176: 11:  [preauth]
Apr 14 15:06:43 ovzhost sshd[1366]: PAM 2 more authentication failures; logname= uid=0 euid=0 tty=ssh ruser= rhost=43.255.190.176  user=root
Apr 14 15:06:43 ovzhost sshd[1368]: Failed password for root from 43.255.190.189 port 43319 ssh2
Apr 14 15:06:43 ovzhost sshd[1370]: pam_unix(sshd:auth): authentication failure; logname= uid=0 euid=0 tty=ssh ruser= rhost=43.255.190.176  user=root
Apr 14 15:06:46 ovzhost sshd[1370]: Failed password for root from 43.255.190.176 port 50602 ssh2
Apr 14 15:06:47 ovzhost sshd[1368]: message repeated 2 times: [ Failed password for root from 43.255.190.189 port 43319 ssh2]
Apr 14 15:06:47 ovzhost sshd[1368]: Received disconnect from 43.255.190.189: 11:  [preauth]
Apr 14 15:06:47 ovzhost sshd[1368]: PAM 2 more authentication failures; logname= uid=0 euid=0 tty=ssh ruser= rhost=43.255.190.189  user=root
Apr 14 15:06:48 ovzhost sshd[1374]: pam_unix(sshd:auth): authentication failure; logname= uid=0 euid=0 tty=ssh ruser= rhost=43.255.190.189  user=root
Apr 14 15:06:49 ovzhost sshd[1370]: message repeated 2 times: [ Failed password for root from 43.255.190.176 port 50602 ssh2]
Apr 14 15:06:49 ovzhost sshd[1370]: Received disconnect from 43.255.190.176: 11:  [preauth]
Apr 14 15:06:49 ovzhost sshd[1370]: PAM 2 more authentication failures; logname= uid=0 euid=0 tty=ssh ruser= rhost=43.255.190.176  user=root
Apr 14 15:06:50 ovzhost sshd[1376]: pam_unix(sshd:auth): authentication failure; logname= uid=0 euid=0 tty=ssh ruser= rhost=43.255.190.176  user=root
Apr 14 15:06:50 ovzhost sshd[1374]: Failed password for root from 43.255.190.189 port 33955 ssh2
Apr 14 15:06:52 ovzhost sshd[1376]: Failed password for root from 43.255.190.176 port 38319 ssh2
Apr 14 15:06:55 ovzhost sshd[1374]: message repeated 2 times: [ Failed password for root from 43.255.190.189 port 33955 ssh2]
Apr 14 15:06:55 ovzhost sshd[1374]: Received disconnect from 43.255.190.189: 11:  [preauth]
Apr 14 15:06:55 ovzhost sshd[1374]: PAM 2 more authentication failures; logname= uid=0 euid=0 tty=ssh ruser= rhost=43.255.190.189  user=root
Apr 14 15:06:55 ovzhost sshd[1379]: pam_unix(sshd:auth): authentication failure; logname= uid=0 euid=0 tty=ssh ruser= rhost=43.255.190.189  user=root
Apr 14 15:06:57 ovzhost sshd[1376]: message repeated 2 times: [ Failed password for root from 43.255.190.176 port 38319 ssh2]
Apr 14 15:06:57 ovzhost sshd[1376]: Received disconnect from 43.255.190.176: 11:  [preauth]
Apr 14 15:06:57 ovzhost sshd[1376]: PAM 2 more authentication failures; logname= uid=0 euid=0 tty=ssh ruser= rhost=43.255.190.176  user=root
Apr 14 15:06:57 ovzhost sshd[1379]: Failed password for root from 43.255.190.189 port 53176 ssh2
Apr 14 15:06:57 ovzhost sshd[1381]: pam_unix(sshd:auth): authentication failure; logname= uid=0 euid=0 tty=ssh ruser= rhost=43.255.190.176  user=root
Apr 14 15:06:59 ovzhost sshd[1381]: Failed password for root from 43.255.190.176 port 54226 ssh2
Apr 14 15:07:01 ovzhost sshd[1379]: message repeated 2 times: [ Failed password for root from 43.255.190.189 port 53176 ssh2]
Apr 14 15:07:01 ovzhost sshd[1379]: Received disconnect from 43.255.190.189: 11:  [preauth]
Apr 14 15:07:01 ovzhost sshd[1379]: PAM 2 more authentication failures; logname= uid=0 euid=0 tty=ssh ruser= rhost=43.255.190.189  user=root
Apr 14 15:07:01 ovzhost sshd[1383]: pam_unix(sshd:auth): authentication failure; logname= uid=0 euid=0 tty=ssh ruser= rhost=43.255.190.189  user=root
Apr 14 15:07:03 ovzhost sshd[1381]: message repeated 2 times: [ Failed password for root from 43.255.190.176 port 54226 ssh2]
Apr 14 15:07:03 ovzhost sshd[1381]: Received disconnect from 43.255.190.176: 11:  [preauth]
Apr 14 15:07:03 ovzhost sshd[1381]: PAM 2 more authentication failures; logname= uid=0 euid=0 tty=ssh ruser= rhost=43.255.190.176  user=root
Apr 14 15:07:04 ovzhost sshd[1383]: Failed password for root from 43.255.190.189 port 41758 ssh2
Apr 14 15:07:04 ovzhost sshd[1385]: pam_unix(sshd:auth): authentication failure; logname= uid=0 euid=0 tty=ssh ruser= rhost=43.255.190.176  user=root
Apr 14 15:07:06 ovzhost sshd[1385]: Failed password for root from 43.255.190.176 port 41759 ssh2
Apr 14 15:07:08 ovzhost sshd[1383]: message repeated 2 times: [ Failed password for root from 43.255.190.189 port 41758 ssh2]
Apr 14 15:07:08 ovzhost sshd[1383]: Received disconnect from 43.255.190.189: 11:  [preauth]
Apr 14 15:07:08 ovzhost sshd[1383]: PAM 2 more authentication failures; logname= uid=0 euid=0 tty=ssh ruser= rhost=43.255.190.189  user=root
Apr 14 15:07:09 ovzhost sshd[1387]: pam_unix(sshd:auth): authentication failure; logname= uid=0 euid=0 tty=ssh ruser= rhost=43.255.190.189  user=root
Apr 14 15:07:10 ovzhost sshd[1385]: message repeated 2 times: [ Failed password for root from 43.255.190.176 port 41759 ssh2]
Apr 14 15:07:10 ovzhost sshd[1385]: Received disconnect from 43.255.190.176: 11:  [preauth]
Apr 14 15:07:10 ovzhost sshd[1385]: PAM 2 more authentication failures; logname= uid=0 euid=0 tty=ssh ruser= rhost=43.255.190.176  user=root
Apr 14 15:07:10 ovzhost sshd[1387]: Failed password for root from 43.255.190.189 port 32780 ssh2
Apr 14 15:07:10 ovzhost sshd[1389]: pam_unix(sshd:auth): authentication failure; logname= uid=0 euid=0 tty=ssh ruser= rhost=43.255.190.176  user=root
Apr 14 15:07:12 ovzhost sshd[1389]: Failed password for root from 43.255.190.176 port 57344 ssh2
Apr 14 15:07:14 ovzhost sshd[1387]: message repeated 2 times: [ Failed password for root from 43.255.190.189 port 32780 ssh2]
Apr 14 15:07:14 ovzhost sshd[1387]: Received disconnect from 43.255.190.189: 11:  [preauth]
Apr 14 15:07:14 ovzhost sshd[1387]: PAM 2 more authentication failures; logname= uid=0 euid=0 tty=ssh ruser= rhost=43.255.190.189  user=root
Apr 14 15:07:15 ovzhost sshd[1391]: pam_unix(sshd:auth): authentication failure; logname= uid=0 euid=0 tty=ssh ruser= rhost=43.255.190.189  user=root
Apr 14 15:07:16 ovzhost sshd[1389]: message repeated 2 times: [ Failed password for root from 43.255.190.176 port 57344 ssh2]
Apr 14 15:07:16 ovzhost sshd[1389]: Received disconnect from 43.255.190.176: 11:  [preauth]
Apr 14 15:07:16 ovzhost sshd[1389]: PAM 2 more authentication failures; logname= uid=0 euid=0 tty=ssh ruser= rhost=43.255.190.176  user=root
Apr 14 15:07:17 ovzhost sshd[1391]: Failed password for root from 43.255.190.189 port 48898 ssh2
Apr 14 15:07:17 ovzhost sshd[1393]: pam_unix(sshd:auth): authentication failure; logname= uid=0 euid=0 tty=ssh ruser= rhost=43.255.190.176  user=root
Apr 14 15:07:19 ovzhost sshd[1393]: Failed password for root from 43.255.190.176 port 45105 ssh2
Apr 14 15:07:21 ovzhost sshd[1391]: message repeated 2 times: [ Failed password for root from 43.255.190.189 port 48898 ssh2]
Apr 14 15:07:21 ovzhost sshd[1391]: Received disconnect from 43.255.190.189: 11:  [preauth]
Apr 14 15:07:21 ovzhost sshd[1391]: PAM 2 more authentication failures; logname= uid=0 euid=0 tty=ssh ruser= rhost=43.255.190.189  user=root
Apr 14 15:07:21 ovzhost sshd[1395]: pam_unix(sshd:auth): authentication failure; logname= uid=0 euid=0 tty=ssh ruser= rhost=43.255.190.189  user=root
Apr 14 15:07:23 ovzhost sshd[1393]: message repeated 2 times: [ Failed password for root from 43.255.190.176 port 45105 ssh2]
Apr 14 15:07:23 ovzhost sshd[1393]: Received disconnect from 43.255.190.176: 11:  [preauth]
Apr 14 15:07:23 ovzhost sshd[1393]: PAM 2 more authentication failures; logname= uid=0 euid=0 tty=ssh ruser= rhost=43.255.190.176  user=root
Apr 14 15:07:23 ovzhost sshd[1395]: Failed password for root from 43.255.190.189 port 37723 ssh2
Apr 14 15:07:23 ovzhost sshd[1398]: pam_unix(sshd:auth): authentication failure; logname= uid=0 euid=0 tty=ssh ruser= rhost=43.255.190.176  user=root
Apr 14 15:07:26 ovzhost sshd[1398]: Failed password for root from 43.255.190.176 port 60930 ssh2
Apr 14 15:07:27 ovzhost sshd[1395]: message repeated 2 times: [ Failed password for root from 43.255.190.189 port 37723 ssh2]
Apr 14 15:07:28 ovzhost sshd[1395]: Received disconnect from 43.255.190.189: 11:  [preauth]
Apr 14 15:07:28 ovzhost sshd[1395]: PAM 2 more authentication failures; logname= uid=0 euid=0 tty=ssh ruser= rhost=43.255.190.189  user=root
Apr 14 15:07:28 ovzhost sshd[1400]: pam_unix(sshd:auth): authentication failure; logname= uid=0 euid=0 tty=ssh ruser= rhost=43.255.190.189  user=root
Apr 14 15:07:29 ovzhost sshd[1398]: message repeated 2 times: [ Failed password for root from 43.255.190.176 port 60930 ssh2]
Apr 14 15:07:29 ovzhost sshd[1398]: Received disconnect from 43.255.190.176: 11:  [preauth]
Apr 14 15:07:29 ovzhost sshd[1398]: PAM 2 more authentication failures; logname= uid=0 euid=0 tty=ssh ruser= rhost=43.255.190.176  user=root
Apr 14 15:07:30 ovzhost sshd[1400]: Failed password for root from 43.255.190.189 port 54576 ssh2
Apr 14 15:07:30 ovzhost sshd[1402]: pam_unix(sshd:auth): authentication failure; logname= uid=0 euid=0 tty=ssh ruser= rhost=43.255.190.176  user=root
Apr 14 15:07:31 ovzhost sshd[1402]: Failed password for root from 43.255.190.176 port 47068 ssh2
Apr 14 15:07:33 ovzhost sshd[1400]: message repeated 2 times: [ Failed password for root from 43.255.190.189 port 54576 ssh2]
Apr 14 15:07:33 ovzhost sshd[1400]: Received disconnect from 43.255.190.189: 11:  [preauth]
Apr 14 15:07:33 ovzhost sshd[1400]: PAM 2 more authentication failures; logname= uid=0 euid=0 tty=ssh ruser= rhost=43.255.190.189  user=root
Apr 14 15:07:34 ovzhost sshd[1404]: pam_unix(sshd:auth): authentication failure; logname= uid=0 euid=0 tty=ssh ruser= rhost=43.255.190.189  user=root
Apr 14 15:07:35 ovzhost sshd[1402]: message repeated 2 times: [ Failed password for root from 43.255.190.176 port 47068 ssh2]
Apr 14 15:07:35 ovzhost sshd[1402]: Received disconnect from 43.255.190.176: 11:  [preauth]
Apr 14 15:07:35 ovzhost sshd[1402]: PAM 2 more authentication failures; logname= uid=0 euid=0 tty=ssh ruser= rhost=43.255.190.176  user=root
Apr 14 15:07:35 ovzhost sshd[1406]: pam_unix(sshd:auth): authentication failure; logname= uid=0 euid=0 tty=ssh ruser= rhost=43.255.190.176  user=root
Apr 14 15:07:36 ovzhost sshd[1404]: Failed password for root from 43.255.190.189 port 41771 ssh2
Apr 14 15:07:38 ovzhost sshd[1406]: Failed password for root from 43.255.190.176 port 33944 ssh2
Apr 14 15:07:40 ovzhost sshd[1404]: message repeated 2 times: [ Failed password for root from 43.255.190.189 port 41771 ssh2]
Apr 14 15:07:40 ovzhost sshd[1404]: Received disconnect from 43.255.190.189: 11:  [preauth]
Apr 14 15:07:40 ovzhost sshd[1404]: PAM 2 more authentication failures; logname= uid=0 euid=0 tty=ssh ruser= rhost=43.255.190.189  user=root
Apr 14 15:07:41 ovzhost sshd[1406]: message repeated 2 times: [ Failed password for root from 43.255.190.176 port 33944 ssh2]
Apr 14 15:07:41 ovzhost sshd[1406]: Received disconnect from 43.255.190.176: 11:  [preauth]
Apr 14 15:07:41 ovzhost sshd[1406]: PAM 2 more authentication failures; logname= uid=0 euid=0 tty=ssh ruser= rhost=43.255.190.176  user=root
Apr 14 15:07:42 ovzhost sshd[1408]: pam_unix(sshd:auth): authentication failure; logname= uid=0 euid=0 tty=ssh ruser= rhost=43.255.190.176  user=root
Apr 14 15:07:43 ovzhost sshd[1408]: Failed password for root from 43.255.190.176 port 48160 ssh2
Apr 14 15:07:47 ovzhost sshd[1408]: message repeated 2 times: [ Failed password for root from 43.255.190.176 port 48160 ssh2]
Apr 14 15:07:47 ovzhost sshd[1408]: Received disconnect from 43.255.190.176: 11:  [preauth]
Apr 14 15:07:47 ovzhost sshd[1408]: PAM 2 more authentication failures; logname= uid=0 euid=0 tty=ssh ruser= rhost=43.255.190.176  user=root
Apr 14 15:07:47 ovzhost sshd[1410]: pam_unix(sshd:auth): authentication failure; logname= uid=0 euid=0 tty=ssh ruser= rhost=43.255.190.176  user=root
Apr 14 15:07:50 ovzhost sshd[1410]: Failed password for root from 43.255.190.176 port 34401 ssh2
Apr 14 15:07:53 ovzhost sshd[1410]: message repeated 2 times: [ Failed password for root from 43.255.190.176 port 34401 ssh2]
Apr 14 15:07:53 ovzhost sshd[1410]: Received disconnect from 43.255.190.176: 11:  [preauth]
Apr 14 15:07:53 ovzhost sshd[1410]: PAM 2 more authentication failures; logname= uid=0 euid=0 tty=ssh ruser= rhost=43.255.190.176  user=root
Apr 14 15:07:54 ovzhost sshd[1414]: pam_unix(sshd:auth): authentication failure; logname= uid=0 euid=0 tty=ssh ruser= rhost=43.255.190.176  user=root
Apr 14 15:07:56 ovzhost sshd[1414]: Failed password for root from 43.255.190.176 port 50617 ssh2
Apr 14 15:07:59 ovzhost sshd[1414]: message repeated 2 times: [ Failed password for root from 43.255.190.176 port 50617 ssh2]
Apr 14 15:07:59 ovzhost sshd[1414]: Received disconnect from 43.255.190.176: 11:  [preauth]
Apr 14 15:07:59 ovzhost sshd[1414]: PAM 2 more authentication failures; logname= uid=0 euid=0 tty=ssh ruser= rhost=43.255.190.176  user=root
Apr 14 15:08:00 ovzhost sshd[1416]: pam_unix(sshd:auth): authentication failure; logname= uid=0 euid=0 tty=ssh ruser= rhost=43.255.190.176  user=root
Apr 14 15:08:02 ovzhost sshd[1416]: Failed password for root from 43.255.190.176 port 38146 ssh2
Apr 14 15:08:05 ovzhost sshd[1416]: message repeated 2 times: [ Failed password for root from 43.255.190.176 port 38146 ssh2]
Apr 14 15:08:05 ovzhost sshd[1416]: Received disconnect from 43.255.190.176: 11:  [preauth]
Apr 14 15:08:05 ovzhost sshd[1416]: PAM 2 more authentication failures; logname= uid=0 euid=0 tty=ssh ruser= rhost=43.255.190.176  user=root
Apr 14 15:08:06 ovzhost sshd[1418]: pam_unix(sshd:auth): authentication failure; logname= uid=0 euid=0 tty=ssh ruser= rhost=43.255.190.176  user=root
Apr 14 15:08:08 ovzhost sshd[1418]: Failed password for root from 43.255.190.176 port 54609 ssh2
Apr 14 15:08:10 ovzhost sshd[1418]: message repeated 2 times: [ Failed password for root from 43.255.190.176 port 54609 ssh2]
Apr 14 15:08:11 ovzhost sshd[1418]: Received disconnect from 43.255.190.176: 11:  [preauth]
Apr 14 15:08:11 ovzhost sshd[1418]: PAM 2 more authentication failures; logname= uid=0 euid=0 tty=ssh ruser= rhost=43.255.190.176  user=root
Apr 14 15:08:11 ovzhost sshd[1420]: pam_unix(sshd:auth): authentication failure; logname= uid=0 euid=0 tty=ssh ruser= rhost=43.255.190.176  user=root
Apr 14 15:08:13 ovzhost sshd[1420]: Failed password for root from 43.255.190.176 port 40487 ssh2
Apr 14 15:08:17 ovzhost sshd[1420]: message repeated 2 times: [ Failed password for root from 43.255.190.176 port 40487 ssh2]
Apr 14 15:08:17 ovzhost sshd[1420]: Received disconnect from 43.255.190.176: 11:  [preauth]
Apr 14 15:08:17 ovzhost sshd[1420]: PAM 2 more authentication failures; logname= uid=0 euid=0 tty=ssh ruser= rhost=43.255.190.176  user=root
Apr 14 15:09:01 ovzhost CRON[1430]: pam_env(cron:session): Unable to open env file: /etc/default/locale: No such file or directory
Apr 14 15:09:01 ovzhost CRON[1431]: pam_env(cron:session): Unable to open env file: /etc/default/locale: No such file or directory
Apr 14 15:09:01 ovzhost CRON[1431]: pam_unix(cron:session): session opened for user root by (uid=0)
Apr 14 15:09:01 ovzhost CRON[1430]: pam_unix(cron:session): session opened for user root by (uid=0)
Apr 14 15:09:01 ovzhost CRON[1430]: pam_unix(cron:session): session closed for user root
Apr 14 15:09:01 ovzhost CRON[1431]: pam_unix(cron:session): session closed for user root
Apr 14 15:10:25 ovzhost sshd[1447]: Connection closed by 128.8.37.104 [preauth]
Apr 14 15:10:37 ovzhost sshd[1450]: Connection closed by 127.0.0.1 [preauth]
Apr 14 15:15:37 ovzhost sshd[1469]: Connection closed by 127.0.0.1 [preauth]
Apr 14 15:20:01 ovzhost CRON[1491]: pam_env(cron:session): Unable to open env file: /etc/default/locale: No such file or directory
Apr 14 15:20:01 ovzhost CRON[1491]: pam_unix(cron:session): session opened for user smmsp by (uid=0)
Apr 14 15:20:01 ovzhost CRON[1491]: pam_unix(cron:session): session closed for user smmsp
Apr 14 15:20:25 ovzhost sshd[1518]: Connection closed by 128.8.37.104 [preauth]
Apr 14 15:20:37 ovzhost sshd[1521]: Connection closed by 127.0.0.1 [preauth]
Apr 14 15:22:35 ovzhost sshd[1530]: pam_unix(sshd:auth): authentication failure; logname= uid=0 euid=0 tty=ssh ruser= rhost=43.255.190.137  user=root
Apr 14 15:22:37 ovzhost sshd[1530]: Failed password for root from 43.255.190.137 port 34868 ssh2
Apr 14 15:22:41 ovzhost sshd[1530]: message repeated 2 times: [ Failed password for root from 43.255.190.137 port 34868 ssh2]
Apr 14 15:22:41 ovzhost sshd[1530]: Received disconnect from 43.255.190.137: 11:  [preauth]
Apr 14 15:22:41 ovzhost sshd[1530]: PAM 2 more authentication failures; logname= uid=0 euid=0 tty=ssh ruser= rhost=43.255.190.137  user=root
Apr 14 15:22:46 ovzhost sshd[1532]: pam_unix(sshd:auth): authentication failure; logname= uid=0 euid=0 tty=ssh ruser= rhost=43.255.190.137  user=root
Apr 14 15:22:48 ovzhost sshd[1532]: Failed password for root from 43.255.190.137 port 57663 ssh2
Apr 14 15:22:52 ovzhost sshd[1532]: message repeated 2 times: [ Failed password for root from 43.255.190.137 port 57663 ssh2]
Apr 14 15:22:52 ovzhost sshd[1532]: Received disconnect from 43.255.190.137: 11:  [preauth]
Apr 14 15:22:52 ovzhost sshd[1532]: PAM 2 more authentication failures; logname= uid=0 euid=0 tty=ssh ruser= rhost=43.255.190.137  user=root
Apr 14 15:22:53 ovzhost sshd[1534]: pam_unix(sshd:auth): authentication failure; logname= uid=0 euid=0 tty=ssh ruser= rhost=43.255.190.137  user=root
Apr 14 15:22:55 ovzhost sshd[1534]: Failed password for root from 43.255.190.137 port 52762 ssh2
Apr 14 15:23:02 ovzhost sshd[1534]: message repeated 2 times: [ Failed password for root from 43.255.190.137 port 52762 ssh2]
Apr 14 15:23:03 ovzhost sshd[1534]: Received disconnect from 43.255.190.137: 11:  [preauth]
Apr 14 15:23:03 ovzhost sshd[1534]: PAM 2 more authentication failures; logname= uid=0 euid=0 tty=ssh ruser= rhost=43.255.190.137  user=root
Apr 14 15:23:05 ovzhost sshd[1538]: pam_unix(sshd:auth): authentication failure; logname= uid=0 euid=0 tty=ssh ruser= rhost=43.255.190.137  user=root
Apr 14 15:23:07 ovzhost sshd[1538]: Failed password for root from 43.255.190.137 port 45476 ssh2
Apr 14 15:23:12 ovzhost sshd[1538]: message repeated 2 times: [ Failed password for root from 43.255.190.137 port 45476 ssh2]
Apr 14 15:23:13 ovzhost sshd[1538]: Received disconnect from 43.255.190.137: 11:  [preauth]
Apr 14 15:23:13 ovzhost sshd[1538]: PAM 2 more authentication failures; logname= uid=0 euid=0 tty=ssh ruser= rhost=43.255.190.137  user=root
Apr 14 15:23:14 ovzhost sshd[1540]: pam_unix(sshd:auth): authentication failure; logname= uid=0 euid=0 tty=ssh ruser= rhost=43.255.190.137  user=root
Apr 14 15:23:16 ovzhost sshd[1540]: Failed password for root from 43.255.190.137 port 36258 ssh2
Apr 14 15:23:20 ovzhost sshd[1540]: message repeated 2 times: [ Failed password for root from 43.255.190.137 port 36258 ssh2]
Apr 14 15:23:20 ovzhost sshd[1540]: Received disconnect from 43.255.190.137: 11:  [preauth]
Apr 14 15:23:20 ovzhost sshd[1540]: PAM 2 more authentication failures; logname= uid=0 euid=0 tty=ssh ruser= rhost=43.255.190.137  user=root
Apr 14 15:23:23 ovzhost sshd[1542]: pam_unix(sshd:auth): authentication failure; logname= uid=0 euid=0 tty=ssh ruser= rhost=43.255.190.137  user=root
Apr 14 15:23:25 ovzhost sshd[1542]: Failed password for root from 43.255.190.137 port 51825 ssh2
Apr 14 15:23:28 ovzhost sshd[1542]: message repeated 2 times: [ Failed password for root from 43.255.190.137 port 51825 ssh2]
Apr 14 15:23:28 ovzhost sshd[1542]: Received disconnect from 43.255.190.137: 11:  [preauth]
Apr 14 15:23:28 ovzhost sshd[1542]: PAM 2 more authentication failures; logname= uid=0 euid=0 tty=ssh ruser= rhost=43.255.190.137  user=root
Apr 14 15:23:30 ovzhost sshd[1548]: pam_unix(sshd:auth): authentication failure; logname= uid=0 euid=0 tty=ssh ruser= rhost=43.255.190.137  user=root
Apr 14 15:23:33 ovzhost sshd[1548]: Failed password for root from 43.255.190.137 port 39638 ssh2
Apr 14 15:23:37 ovzhost sshd[1548]: message repeated 2 times: [ Failed password for root from 43.255.190.137 port 39638 ssh2]
Apr 14 15:23:37 ovzhost sshd[1548]: Received disconnect from 43.255.190.137: 11:  [preauth]
Apr 14 15:23:37 ovzhost sshd[1548]: PAM 2 more authentication failures; logname= uid=0 euid=0 tty=ssh ruser= rhost=43.255.190.137  user=root
Apr 14 15:23:37 ovzhost sshd[1550]: pam_unix(sshd:auth): authentication failure; logname= uid=0 euid=0 tty=ssh ruser= rhost=43.255.190.137  user=root
Apr 14 15:23:40 ovzhost sshd[1550]: Failed password for root from 43.255.190.137 port 55559 ssh2
Apr 14 15:23:44 ovzhost sshd[1550]: message repeated 2 times: [ Failed password for root from 43.255.190.137 port 55559 ssh2]
Apr 14 15:23:45 ovzhost sshd[1550]: Received disconnect from 43.255.190.137: 11:  [preauth]
Apr 14 15:23:45 ovzhost sshd[1550]: PAM 2 more authentication failures; logname= uid=0 euid=0 tty=ssh ruser= rhost=43.255.190.137  user=root
Apr 14 15:23:45 ovzhost sshd[1552]: pam_unix(sshd:auth): authentication failure; logname= uid=0 euid=0 tty=ssh ruser= rhost=43.255.190.137  user=root
Apr 14 15:23:47 ovzhost sshd[1552]: Failed password for root from 43.255.190.137 port 43014 ssh2
Apr 14 15:23:52 ovzhost sshd[1552]: message repeated 2 times: [ Failed password for root from 43.255.190.137 port 43014 ssh2]
Apr 14 15:23:52 ovzhost sshd[1552]: Received disconnect from 43.255.190.137: 11:  [preauth]
Apr 14 15:23:52 ovzhost sshd[1552]: PAM 2 more authentication failures; logname= uid=0 euid=0 tty=ssh ruser= rhost=43.255.190.137  user=root
Apr 14 15:23:53 ovzhost sshd[1554]: pam_unix(sshd:auth): authentication failure; logname= uid=0 euid=0 tty=ssh ruser= rhost=43.255.190.137  user=root
Apr 14 15:23:55 ovzhost sshd[1554]: Failed password for root from 43.255.190.137 port 56823 ssh2
Apr 14 15:23:59 ovzhost sshd[1554]: message repeated 2 times: [ Failed password for root from 43.255.190.137 port 56823 ssh2]
Apr 14 15:23:59 ovzhost sshd[1554]: Received disconnect from 43.255.190.137: 11:  [preauth]
Apr 14 15:23:59 ovzhost sshd[1554]: PAM 2 more authentication failures; logname= uid=0 euid=0 tty=ssh ruser= rhost=43.255.190.137  user=root
Apr 14 15:24:03 ovzhost sshd[1558]: pam_unix(sshd:auth): authentication failure; logname= uid=0 euid=0 tty=ssh ruser= rhost=43.255.190.137  user=root
Apr 14 15:24:05 ovzhost sshd[1558]: Failed password for root from 43.255.190.137 port 43764 ssh2
Apr 14 15:24:09 ovzhost sshd[1558]: message repeated 2 times: [ Failed password for root from 43.255.190.137 port 43764 ssh2]
Apr 14 15:24:09 ovzhost sshd[1558]: Received disconnect from 43.255.190.137: 11:  [preauth]
Apr 14 15:24:09 ovzhost sshd[1558]: PAM 2 more authentication failures; logname= uid=0 euid=0 tty=ssh ruser= rhost=43.255.190.137  user=root
Apr 14 15:24:12 ovzhost sshd[1560]: pam_unix(sshd:auth): authentication failure; logname= uid=0 euid=0 tty=ssh ruser= rhost=43.255.190.137  user=root
Apr 14 15:24:14 ovzhost sshd[1560]: Failed password for root from 43.255.190.137 port 34559 ssh2
Apr 14 15:24:19 ovzhost sshd[1560]: message repeated 2 times: [ Failed password for root from 43.255.190.137 port 34559 ssh2]
Apr 14 15:24:19 ovzhost sshd[1560]: Received disconnect from 43.255.190.137: 11:  [preauth]
Apr 14 15:24:19 ovzhost sshd[1560]: PAM 2 more authentication failures; logname= uid=0 euid=0 tty=ssh ruser= rhost=43.255.190.137  user=root
Apr 14 15:24:20 ovzhost sshd[1562]: pam_unix(sshd:auth): authentication failure; logname= uid=0 euid=0 tty=ssh ruser= rhost=43.255.190.137  user=root
Apr 14 15:24:22 ovzhost sshd[1562]: Failed password for root from 43.255.190.137 port 52512 ssh2
Apr 14 15:24:27 ovzhost sshd[1562]: message repeated 2 times: [ Failed password for root from 43.255.190.137 port 52512 ssh2]
Apr 14 15:24:27 ovzhost sshd[1562]: Received disconnect from 43.255.190.137: 11:  [preauth]
Apr 14 15:24:27 ovzhost sshd[1562]: PAM 2 more authentication failures; logname= uid=0 euid=0 tty=ssh ruser= rhost=43.255.190.137  user=root
Apr 14 15:24:28 ovzhost sshd[1564]: pam_unix(sshd:auth): authentication failure; logname= uid=0 euid=0 tty=ssh ruser= rhost=43.255.190.137  user=root
Apr 14 15:24:30 ovzhost sshd[1564]: Failed password for root from 43.255.190.137 port 40007 ssh2
Apr 14 15:24:35 ovzhost sshd[1564]: message repeated 2 times: [ Failed password for root from 43.255.190.137 port 40007 ssh2]
Apr 14 15:24:35 ovzhost sshd[1564]: Received disconnect from 43.255.190.137: 11:  [preauth]
Apr 14 15:24:35 ovzhost sshd[1564]: PAM 2 more authentication failures; logname= uid=0 euid=0 tty=ssh ruser= rhost=43.255.190.137  user=root
Apr 14 15:24:37 ovzhost sshd[1566]: pam_unix(sshd:auth): authentication failure; logname= uid=0 euid=0 tty=ssh ruser= rhost=43.255.190.137  user=root
Apr 14 15:24:39 ovzhost sshd[1566]: Failed password for root from 43.255.190.137 port 56407 ssh2
Apr 14 15:24:43 ovzhost sshd[1566]: message repeated 2 times: [ Failed password for root from 43.255.190.137 port 56407 ssh2]
Apr 14 15:24:44 ovzhost sshd[1566]: Received disconnect from 43.255.190.137: 11:  [preauth]
Apr 14 15:24:44 ovzhost sshd[1566]: PAM 2 more authentication failures; logname= uid=0 euid=0 tty=ssh ruser= rhost=43.255.190.137  user=root
Apr 14 15:24:44 ovzhost sshd[1568]: pam_unix(sshd:auth): authentication failure; logname= uid=0 euid=0 tty=ssh ruser= rhost=43.255.190.137  user=root
Apr 14 15:24:46 ovzhost sshd[1568]: Failed password for root from 43.255.190.137 port 44346 ssh2
Apr 14 15:24:51 ovzhost sshd[1568]: message repeated 2 times: [ Failed password for root from 43.255.190.137 port 44346 ssh2]
Apr 14 15:24:51 ovzhost sshd[1568]: Received disconnect from 43.255.190.137: 11:  [preauth]
Apr 14 15:24:51 ovzhost sshd[1568]: PAM 2 more authentication failures; logname= uid=0 euid=0 tty=ssh ruser= rhost=43.255.190.137  user=root
Apr 14 15:24:54 ovzhost sshd[1570]: pam_unix(sshd:auth): authentication failure; logname= uid=0 euid=0 tty=ssh ruser= rhost=43.255.190.137  user=root
Apr 14 15:24:56 ovzhost sshd[1570]: Failed password for root from 43.255.190.137 port 57942 ssh2
Apr 14 15:25:01 ovzhost sshd[1570]: message repeated 2 times: [ Failed password for root from 43.255.190.137 port 57942 ssh2]
Apr 14 15:25:01 ovzhost sshd[1570]: Received disconnect from 43.255.190.137: 11:  [preauth]
Apr 14 15:25:01 ovzhost sshd[1570]: PAM 2 more authentication failures; logname= uid=0 euid=0 tty=ssh ruser= rhost=43.255.190.137  user=root
Apr 14 15:25:12 ovzhost sshd[1574]: pam_unix(sshd:auth): authentication failure; logname= uid=0 euid=0 tty=ssh ruser= rhost=43.255.190.137  user=root
Apr 14 15:25:14 ovzhost sshd[1574]: Failed password for root from 43.255.190.137 port 40424 ssh2
Apr 14 15:25:18 ovzhost sshd[1574]: message repeated 2 times: [ Failed password for root from 43.255.190.137 port 40424 ssh2]
Apr 14 15:25:18 ovzhost sshd[1574]: Received disconnect from 43.255.190.137: 11:  [preauth]
Apr 14 15:25:18 ovzhost sshd[1574]: PAM 2 more authentication failures; logname= uid=0 euid=0 tty=ssh ruser= rhost=43.255.190.137  user=root
Apr 14 15:25:22 ovzhost sshd[1576]: pam_unix(sshd:auth): authentication failure; logname= uid=0 euid=0 tty=ssh ruser= rhost=43.255.190.137  user=root
Apr 14 15:25:24 ovzhost sshd[1576]: Failed password for root from 43.255.190.137 port 54436 ssh2
Apr 14 15:25:28 ovzhost sshd[1576]: message repeated 2 times: [ Failed password for root from 43.255.190.137 port 54436 ssh2]
Apr 14 15:25:28 ovzhost sshd[1576]: Received disconnect from 43.255.190.137: 11:  [preauth]
Apr 14 15:25:28 ovzhost sshd[1576]: PAM 2 more authentication failures; logname= uid=0 euid=0 tty=ssh ruser= rhost=43.255.190.137  user=root
Apr 14 15:25:31 ovzhost sshd[1578]: pam_unix(sshd:auth): authentication failure; logname= uid=0 euid=0 tty=ssh ruser= rhost=43.255.190.137  user=root
Apr 14 15:25:33 ovzhost sshd[1578]: Failed password for root from 43.255.190.137 port 44542 ssh2
Apr 14 15:25:37 ovzhost sshd[1581]: Connection closed by 127.0.0.1 [preauth]
Apr 14 15:25:37 ovzhost sshd[1573]: Connection closed by 43.255.190.137 [preauth]
Apr 14 15:25:38 ovzhost sshd[1578]: message repeated 2 times: [ Failed password for root from 43.255.190.137 port 44542 ssh2]
Apr 14 15:25:38 ovzhost sshd[1578]: Received disconnect from 43.255.190.137: 11:  [preauth]
Apr 14 15:25:38 ovzhost sshd[1578]: PAM 2 more authentication failures; logname= uid=0 euid=0 tty=ssh ruser= rhost=43.255.190.137  user=root
Apr 14 15:25:39 ovzhost sshd[1584]: pam_unix(sshd:auth): authentication failure; logname= uid=0 euid=0 tty=ssh ruser= rhost=43.255.190.137  user=root
Apr 14 15:25:41 ovzhost sshd[1584]: Failed password for root from 43.255.190.137 port 34739 ssh2
Apr 14 15:25:45 ovzhost sshd[1584]: message repeated 2 times: [ Failed password for root from 43.255.190.137 port 34739 ssh2]
Apr 14 15:25:45 ovzhost sshd[1584]: Received disconnect from 43.255.190.137: 11:  [preauth]
Apr 14 15:25:45 ovzhost sshd[1584]: PAM 2 more authentication failures; logname= uid=0 euid=0 tty=ssh ruser= rhost=43.255.190.137  user=root
Apr 14 15:25:46 ovzhost sshd[1586]: pam_unix(sshd:auth): authentication failure; logname= uid=0 euid=0 tty=ssh ruser= rhost=43.255.190.137  user=root
Apr 14 15:25:48 ovzhost sshd[1586]: Failed password for root from 43.255.190.137 port 48405 ssh2
Apr 14 15:25:52 ovzhost sshd[1586]: message repeated 2 times: [ Failed password for root from 43.255.190.137 port 48405 ssh2]
Apr 14 15:25:52 ovzhost sshd[1586]: Received disconnect from 43.255.190.137: 11:  [preauth]
Apr 14 15:25:52 ovzhost sshd[1586]: PAM 2 more authentication failures; logname= uid=0 euid=0 tty=ssh ruser= rhost=43.255.190.137  user=root
Apr 14 15:25:53 ovzhost sshd[1588]: pam_unix(sshd:auth): authentication failure; logname= uid=0 euid=0 tty=ssh ruser= rhost=43.255.190.137  user=root
Apr 14 15:25:55 ovzhost sshd[1588]: Failed password for root from 43.255.190.137 port 33608 ssh2
Apr 14 15:26:01 ovzhost sshd[1588]: message repeated 2 times: [ Failed password for root from 43.255.190.137 port 33608 ssh2]
Apr 14 15:26:01 ovzhost sshd[1588]: Received disconnect from 43.255.190.137: 11:  [preauth]
Apr 14 15:26:01 ovzhost sshd[1588]: PAM 2 more authentication failures; logname= uid=0 euid=0 tty=ssh ruser= rhost=43.255.190.137  user=root
Apr 14 15:26:02 ovzhost sshd[1590]: pam_unix(sshd:auth): authentication failure; logname= uid=0 euid=0 tty=ssh ruser= rhost=43.255.190.137  user=root
Apr 14 15:26:04 ovzhost sshd[1590]: Failed password for root from 43.255.190.137 port 50498 ssh2
Apr 14 15:26:09 ovzhost sshd[1590]: message repeated 2 times: [ Failed password for root from 43.255.190.137 port 50498 ssh2]
Apr 14 15:26:09 ovzhost sshd[1590]: Received disconnect from 43.255.190.137: 11:  [preauth]
Apr 14 15:26:09 ovzhost sshd[1590]: PAM 2 more authentication failures; logname= uid=0 euid=0 tty=ssh ruser= rhost=43.255.190.137  user=root
Apr 14 15:26:12 ovzhost sshd[1592]: pam_unix(sshd:auth): authentication failure; logname= uid=0 euid=0 tty=ssh ruser= rhost=43.255.190.137  user=root
Apr 14 15:26:14 ovzhost sshd[1592]: Failed password for root from 43.255.190.137 port 36869 ssh2
Apr 14 15:26:17 ovzhost sshd[1592]: message repeated 2 times: [ Failed password for root from 43.255.190.137 port 36869 ssh2]
Apr 14 15:26:18 ovzhost sshd[1592]: Received disconnect from 43.255.190.137: 11:  [preauth]
Apr 14 15:26:18 ovzhost sshd[1592]: PAM 2 more authentication failures; logname= uid=0 euid=0 tty=ssh ruser= rhost=43.255.190.137  user=root
Apr 14 15:26:19 ovzhost sshd[1596]: pam_unix(sshd:auth): authentication failure; logname= uid=0 euid=0 tty=ssh ruser= rhost=43.255.190.137  user=root
Apr 14 15:26:21 ovzhost sshd[1596]: Failed password for root from 43.255.190.137 port 53311 ssh2
Apr 14 15:26:25 ovzhost sshd[1596]: message repeated 2 times: [ Failed password for root from 43.255.190.137 port 53311 ssh2]
Apr 14 15:26:26 ovzhost sshd[1596]: Received disconnect from 43.255.190.137: 11:  [preauth]
