Apr  2 14:31:44 ovzhost sshd[780]: Connection closed by 127.0.0.1 [preauth]
Apr  2 14:35:40 ovzhost sshd[811]: Connection closed by 128.8.37.120 [preauth]
Apr  2 14:36:44 ovzhost sshd[820]: Connection closed by 127.0.0.1 [preauth]
Apr 11 05:37:27 ovzhost sshd[785]: Connection closed by 127.0.0.1 [preauth]
Apr 11 05:38:31 ovzhost sshd[791]: reverse mapping checking getaddrinfo for 153-127-166-207-ptr.centennialpr.net [207.166.127.153] failed - POSSIBLE BREAK-IN ATTEMPT!
Apr 11 05:38:31 ovzhost sshd[791]: Invalid user admin from 207.166.127.153
Apr 11 05:38:31 ovzhost sshd[791]: input_userauth_request: invalid user admin [preauth]
Apr 11 05:38:31 ovzhost sshd[791]: pam_unix(sshd:auth): check pass; user unknown
Apr 11 05:38:31 ovzhost sshd[791]: pam_unix(sshd:auth): authentication failure; logname= uid=0 euid=0 tty=ssh ruser= rhost=207.166.127.153 
Apr 11 05:38:34 ovzhost sshd[791]: Failed password for invalid user admin from 207.166.127.153 port 56434 ssh2
Apr 11 05:38:34 ovzhost sshd[791]: pam_unix(sshd:auth): check pass; user unknown
Apr 11 05:38:36 ovzhost sshd[791]: Failed password for invalid user admin from 207.166.127.153 port 56434 ssh2
Apr 11 05:38:36 ovzhost sshd[791]: pam_unix(sshd:auth): check pass; user unknown
Apr 11 05:38:38 ovzhost sshd[791]: Failed password for invalid user admin from 207.166.127.153 port 56434 ssh2
Apr 11 05:38:38 ovzhost sshd[791]: Connection closed by 207.166.127.153 [preauth]
Apr 11 05:38:38 ovzhost sshd[791]: PAM 2 more authentication failures; logname= uid=0 euid=0 tty=ssh ruser= rhost=207.166.127.153 
Apr 11 05:39:01 ovzhost CRON[795]: pam_env(cron:session): Unable to open env file: /etc/default/locale: No such file or directory
Apr 11 05:39:01 ovzhost CRON[795]: pam_unix(cron:session): session opened for user root by (uid=0)
Apr 11 05:39:01 ovzhost CRON[795]: pam_unix(cron:session): session closed for user root
Apr 11 05:39:17 ovzhost sshd[808]: Invalid user system_admin from 80.242.123.130
Apr 11 05:39:17 ovzhost sshd[808]: input_userauth_request: invalid user system_admin [preauth]
Apr 11 05:39:17 ovzhost sshd[808]: pam_unix(sshd:auth): check pass; user unknown
Apr 11 05:39:17 ovzhost sshd[808]: pam_unix(sshd:auth): authentication failure; logname= uid=0 euid=0 tty=ssh ruser= rhost=130-123-242-80.pppoe.dyn.broadband.blic.net 
Apr 11 05:39:19 ovzhost sshd[808]: Failed password for invalid user system_admin from 80.242.123.130 port 39140 ssh2
Apr 11 05:39:19 ovzhost sshd[808]: Received disconnect from 80.242.123.130: 11: Bye Bye [preauth]
Apr 11 05:40:01 ovzhost CRON[811]: pam_env(cron:session): Unable to open env file: /etc/default/locale: No such file or directory
Apr 11 05:40:01 ovzhost CRON[811]: pam_unix(cron:session): session opened for user smmsp by (uid=0)
Apr 11 05:40:02 ovzhost CRON[811]: pam_unix(cron:session): session closed for user smmsp
Apr 11 05:40:42 ovzhost sshd[841]: Connection closed by 128.8.37.120 [preauth]
Apr 11 05:42:27 ovzhost sshd[852]: Connection closed by 127.0.0.1 [preauth]
Apr 11 05:44:25 ovzhost sshd[859]: pam_unix(sshd:auth): authentication failure; logname= uid=0 euid=0 tty=ssh ruser= rhost=43.255.190.159  user=root
Apr 11 05:44:27 ovzhost sshd[859]: Failed password for root from 43.255.190.159 port 37479 ssh2
Apr 11 05:44:32 ovzhost sshd[859]: message repeated 2 times: [ Failed password for root from 43.255.190.159 port 37479 ssh2]
Apr 11 05:44:32 ovzhost sshd[859]: Received disconnect from 43.255.190.159: 11:  [preauth]
Apr 11 05:44:32 ovzhost sshd[859]: PAM 2 more authentication failures; logname= uid=0 euid=0 tty=ssh ruser= rhost=43.255.190.159  user=root
Apr 11 05:44:32 ovzhost sshd[861]: pam_unix(sshd:auth): authentication failure; logname= uid=0 euid=0 tty=ssh ruser= rhost=43.255.190.159  user=root
Apr 11 05:44:34 ovzhost sshd[863]: pam_unix(sshd:auth): authentication failure; logname= uid=0 euid=0 tty=ssh ruser= rhost=43.255.190.174  user=root
Apr 11 05:44:35 ovzhost sshd[861]: Failed password for root from 43.255.190.159 port 51301 ssh2
Apr 11 05:44:36 ovzhost sshd[863]: Failed password for root from 43.255.190.174 port 52907 ssh2
Apr 11 05:44:39 ovzhost sshd[861]: message repeated 2 times: [ Failed password for root from 43.255.190.159 port 51301 ssh2]
Apr 11 05:44:39 ovzhost sshd[861]: Received disconnect from 43.255.190.159: 11:  [preauth]
Apr 11 05:44:39 ovzhost sshd[861]: PAM 2 more authentication failures; logname= uid=0 euid=0 tty=ssh ruser= rhost=43.255.190.159  user=root
Apr 11 05:44:40 ovzhost sshd[865]: pam_unix(sshd:auth): authentication failure; logname= uid=0 euid=0 tty=ssh ruser= rhost=43.255.190.159  user=root
Apr 11 05:44:40 ovzhost sshd[863]: message repeated 2 times: [ Failed password for root from 43.255.190.174 port 52907 ssh2]
Apr 11 05:44:40 ovzhost sshd[863]: Received disconnect from 43.255.190.174: 11:  [preauth]
Apr 11 05:44:40 ovzhost sshd[863]: PAM 2 more authentication failures; logname= uid=0 euid=0 tty=ssh ruser= rhost=43.255.190.174  user=root
Apr 11 05:44:41 ovzhost sshd[867]: pam_unix(sshd:auth): authentication failure; logname= uid=0 euid=0 tty=ssh ruser= rhost=43.255.190.174  user=root
Apr 11 05:44:42 ovzhost sshd[865]: Failed password for root from 43.255.190.159 port 39374 ssh2
Apr 11 05:44:43 ovzhost sshd[867]: Failed password for root from 43.255.190.174 port 43062 ssh2
Apr 11 05:44:47 ovzhost sshd[865]: message repeated 2 times: [ Failed password for root from 43.255.190.159 port 39374 ssh2]
Apr 11 05:44:47 ovzhost sshd[865]: Received disconnect from 43.255.190.159: 11:  [preauth]
Apr 11 05:44:47 ovzhost sshd[865]: PAM 2 more authentication failures; logname= uid=0 euid=0 tty=ssh ruser= rhost=43.255.190.159  user=root
Apr 11 05:44:47 ovzhost sshd[869]: pam_unix(sshd:auth): authentication failure; logname= uid=0 euid=0 tty=ssh ruser= rhost=43.255.190.159  user=root
Apr 11 05:44:47 ovzhost sshd[867]: message repeated 2 times: [ Failed password for root from 43.255.190.174 port 43062 ssh2]
Apr 11 05:44:47 ovzhost sshd[867]: Received disconnect from 43.255.190.174: 11:  [preauth]
Apr 11 05:44:47 ovzhost sshd[867]: PAM 2 more authentication failures; logname= uid=0 euid=0 tty=ssh ruser= rhost=43.255.190.174  user=root
Apr 11 05:44:48 ovzhost sshd[871]: pam_unix(sshd:auth): authentication failure; logname= uid=0 euid=0 tty=ssh ruser= rhost=43.255.190.174  user=root
Apr 11 05:44:49 ovzhost sshd[869]: Failed password for root from 43.255.190.159 port 54542 ssh2
Apr 11 05:44:51 ovzhost sshd[871]: Failed password for root from 43.255.190.174 port 33252 ssh2
Apr 11 05:44:54 ovzhost sshd[869]: message repeated 2 times: [ Failed password for root from 43.255.190.159 port 54542 ssh2]
Apr 11 05:44:54 ovzhost sshd[869]: Received disconnect from 43.255.190.159: 11:  [preauth]
Apr 11 05:44:54 ovzhost sshd[869]: PAM 2 more authentication failures; logname= uid=0 euid=0 tty=ssh ruser= rhost=43.255.190.159  user=root
Apr 11 05:44:55 ovzhost sshd[871]: message repeated 2 times: [ Failed password for root from 43.255.190.174 port 33252 ssh2]
Apr 11 05:44:56 ovzhost sshd[871]: Received disconnect from 43.255.190.174: 11:  [preauth]
Apr 11 05:44:56 ovzhost sshd[871]: PAM 2 more authentication failures; logname= uid=0 euid=0 tty=ssh ruser= rhost=43.255.190.174  user=root
Apr 11 05:44:56 ovzhost sshd[873]: pam_unix(sshd:auth): authentication failure; logname= uid=0 euid=0 tty=ssh ruser= rhost=43.255.190.159  user=root
Apr 11 05:44:56 ovzhost sshd[875]: pam_unix(sshd:auth): authentication failure; logname= uid=0 euid=0 tty=ssh ruser= rhost=43.255.190.174  user=root
Apr 11 05:44:58 ovzhost sshd[873]: Failed password for root from 43.255.190.159 port 40851 ssh2
Apr 11 05:44:58 ovzhost sshd[875]: Failed password for root from 43.255.190.174 port 52039 ssh2
Apr 11 05:45:02 ovzhost sshd[873]: message repeated 2 times: [ Failed password for root from 43.255.190.159 port 40851 ssh2]
Apr 11 05:45:03 ovzhost sshd[873]: Received disconnect from 43.255.190.159: 11:  [preauth]
Apr 11 05:45:03 ovzhost sshd[873]: PAM 2 more authentication failures; logname= uid=0 euid=0 tty=ssh ruser= rhost=43.255.190.159  user=root
Apr 11 05:45:03 ovzhost sshd[875]: message repeated 2 times: [ Failed password for root from 43.255.190.174 port 52039 ssh2]
Apr 11 05:45:03 ovzhost sshd[875]: Received disconnect from 43.255.190.174: 11:  [preauth]
Apr 11 05:45:03 ovzhost sshd[875]: PAM 2 more authentication failures; logname= uid=0 euid=0 tty=ssh ruser= rhost=43.255.190.174  user=root
Apr 11 05:45:03 ovzhost sshd[877]: pam_unix(sshd:auth): authentication failure; logname= uid=0 euid=0 tty=ssh ruser= rhost=43.255.190.159  user=root
Apr 11 05:45:04 ovzhost sshd[879]: pam_unix(sshd:auth): authentication failure; logname= uid=0 euid=0 tty=ssh ruser= rhost=43.255.190.174  user=root
Apr 11 05:45:05 ovzhost sshd[877]: Failed password for root from 43.255.190.159 port 58151 ssh2
Apr 11 05:45:06 ovzhost sshd[879]: Failed password for root from 43.255.190.174 port 42807 ssh2
Apr 11 05:45:08 ovzhost sshd[877]: message repeated 2 times: [ Failed password for root from 43.255.190.159 port 58151 ssh2]
Apr 11 05:45:08 ovzhost sshd[877]: Received disconnect from 43.255.190.159: 11:  [preauth]
Apr 11 05:45:08 ovzhost sshd[877]: PAM 2 more authentication failures; logname= uid=0 euid=0 tty=ssh ruser= rhost=43.255.190.159  user=root
Apr 11 05:45:09 ovzhost sshd[881]: pam_unix(sshd:auth): authentication failure; logname= uid=0 euid=0 tty=ssh ruser= rhost=43.255.190.159  user=root
Apr 11 05:45:10 ovzhost sshd[879]: message repeated 2 times: [ Failed password for root from 43.255.190.174 port 42807 ssh2]
Apr 11 05:45:10 ovzhost sshd[879]: Received disconnect from 43.255.190.174: 11:  [preauth]
Apr 11 05:45:10 ovzhost sshd[879]: PAM 2 more authentication failures; logname= uid=0 euid=0 tty=ssh ruser= rhost=43.255.190.174  user=root
Apr 11 05:45:11 ovzhost sshd[881]: Failed password for root from 43.255.190.159 port 43559 ssh2
Apr 11 05:45:11 ovzhost sshd[883]: pam_unix(sshd:auth): authentication failure; logname= uid=0 euid=0 tty=ssh ruser= rhost=43.255.190.174  user=root
Apr 11 05:45:13 ovzhost sshd[883]: Failed password for root from 43.255.190.174 port 34305 ssh2
Apr 11 05:45:15 ovzhost sshd[881]: message repeated 2 times: [ Failed password for root from 43.255.190.159 port 43559 ssh2]
Apr 11 05:45:16 ovzhost sshd[881]: Received disconnect from 43.255.190.159: 11:  [preauth]
Apr 11 05:45:16 ovzhost sshd[881]: PAM 2 more authentication failures; logname= uid=0 euid=0 tty=ssh ruser= rhost=43.255.190.159  user=root
Apr 11 05:45:17 ovzhost sshd[883]: message repeated 2 times: [ Failed password for root from 43.255.190.174 port 34305 ssh2]
Apr 11 05:45:18 ovzhost sshd[883]: Received disconnect from 43.255.190.174: 11:  [preauth]
Apr 11 05:45:18 ovzhost sshd[883]: PAM 2 more authentication failures; logname= uid=0 euid=0 tty=ssh ruser= rhost=43.255.190.174  user=root
Apr 11 05:45:18 ovzhost sshd[886]: pam_unix(sshd:auth): authentication failure; logname= uid=0 euid=0 tty=ssh ruser= rhost=43.255.190.159  user=root
Apr 11 05:45:20 ovzhost sshd[886]: Failed password for root from 43.255.190.159 port 60380 ssh2
Apr 11 05:45:20 ovzhost sshd[888]: pam_unix(sshd:auth): authentication failure; logname= uid=0 euid=0 tty=ssh ruser= rhost=43.255.190.174  user=root
Apr 11 05:45:23 ovzhost sshd[888]: Failed password for root from 43.255.190.174 port 54417 ssh2
Apr 11 05:45:25 ovzhost sshd[886]: message repeated 2 times: [ Failed password for root from 43.255.190.159 port 60380 ssh2]
Apr 11 05:45:25 ovzhost sshd[886]: Received disconnect from 43.255.190.159: 11:  [preauth]
Apr 11 05:45:25 ovzhost sshd[886]: PAM 2 more authentication failures; logname= uid=0 euid=0 tty=ssh ruser= rhost=43.255.190.159  user=root
Apr 11 05:45:26 ovzhost sshd[892]: pam_unix(sshd:auth): authentication failure; logname= uid=0 euid=0 tty=ssh ruser= rhost=43.255.190.159  user=root
Apr 11 05:45:28 ovzhost sshd[888]: message repeated 2 times: [ Failed password for root from 43.255.190.174 port 54417 ssh2]
Apr 11 05:45:28 ovzhost sshd[888]: Received disconnect from 43.255.190.174: 11:  [preauth]
Apr 11 05:45:28 ovzhost sshd[888]: PAM 2 more authentication failures; logname= uid=0 euid=0 tty=ssh ruser= rhost=43.255.190.174  user=root
Apr 11 05:45:28 ovzhost sshd[892]: Failed password for root from 43.255.190.159 port 52858 ssh2
Apr 11 05:45:28 ovzhost sshd[894]: pam_unix(sshd:auth): authentication failure; logname= uid=0 euid=0 tty=ssh ruser= rhost=43.255.190.174  user=root
Apr 11 05:45:30 ovzhost sshd[894]: Failed password for root from 43.255.190.174 port 51459 ssh2
Apr 11 05:45:33 ovzhost sshd[892]: message repeated 2 times: [ Failed password for root from 43.255.190.159 port 52858 ssh2]
Apr 11 05:45:33 ovzhost sshd[892]: Received disconnect from 43.255.190.159: 11:  [preauth]
Apr 11 05:45:33 ovzhost sshd[892]: PAM 2 more authentication failures; logname= uid=0 euid=0 tty=ssh ruser= rhost=43.255.190.159  user=root
Apr 11 05:45:33 ovzhost sshd[896]: pam_unix(sshd:auth): authentication failure; logname= uid=0 euid=0 tty=ssh ruser= rhost=43.255.190.159  user=root
Apr 11 05:45:34 ovzhost sshd[894]: message repeated 2 times: [ Failed password for root from 43.255.190.174 port 51459 ssh2]
Apr 11 05:45:35 ovzhost sshd[894]: Received disconnect from 43.255.190.174: 11:  [preauth]
Apr 11 05:45:35 ovzhost sshd[894]: PAM 2 more authentication failures; logname= uid=0 euid=0 tty=ssh ruser= rhost=43.255.190.174  user=root
Apr 11 05:45:35 ovzhost sshd[896]: Failed password for root from 43.255.190.159 port 40891 ssh2
Apr 11 05:45:35 ovzhost sshd[898]: pam_unix(sshd:auth): authentication failure; logname= uid=0 euid=0 tty=ssh ruser= rhost=43.255.190.174  user=root
Apr 11 05:45:37 ovzhost sshd[898]: Failed password for root from 43.255.190.174 port 42999 ssh2
Apr 11 05:45:40 ovzhost sshd[896]: message repeated 2 times: [ Failed password for root from 43.255.190.159 port 40891 ssh2]
Apr 11 05:45:40 ovzhost sshd[896]: Received disconnect from 43.255.190.159: 11:  [preauth]
Apr 11 05:45:40 ovzhost sshd[896]: PAM 2 more authentication failures; logname= uid=0 euid=0 tty=ssh ruser= rhost=43.255.190.159  user=root
Apr 11 05:45:41 ovzhost sshd[900]: pam_unix(sshd:auth): authentication failure; logname= uid=0 euid=0 tty=ssh ruser= rhost=43.255.190.159  user=root
Apr 11 05:45:42 ovzhost sshd[898]: message repeated 2 times: [ Failed password for root from 43.255.190.174 port 42999 ssh2]
Apr 11 05:45:42 ovzhost sshd[898]: Received disconnect from 43.255.190.174: 11:  [preauth]
Apr 11 05:45:42 ovzhost sshd[898]: PAM 2 more authentication failures; logname= uid=0 euid=0 tty=ssh ruser= rhost=43.255.190.174  user=root
Apr 11 05:45:43 ovzhost sshd[900]: Failed password for root from 43.255.190.159 port 56850 ssh2
Apr 11 05:45:43 ovzhost sshd[902]: pam_unix(sshd:auth): authentication failure; logname= uid=0 euid=0 tty=ssh ruser= rhost=43.255.190.174  user=root
Apr 11 05:45:45 ovzhost sshd[902]: Failed password for root from 43.255.190.174 port 35307 ssh2
Apr 11 05:45:47 ovzhost sshd[900]: message repeated 2 times: [ Failed password for root from 43.255.190.159 port 56850 ssh2]
Apr 11 05:45:47 ovzhost sshd[900]: Received disconnect from 43.255.190.159: 11:  [preauth]
Apr 11 05:45:47 ovzhost sshd[900]: PAM 2 more authentication failures; logname= uid=0 euid=0 tty=ssh ruser= rhost=43.255.190.159  user=root
Apr 11 05:45:48 ovzhost sshd[904]: pam_unix(sshd:auth): authentication failure; logname= uid=0 euid=0 tty=ssh ruser= rhost=43.255.190.159  user=root
Apr 11 05:45:50 ovzhost sshd[904]: Failed password for root from 43.255.190.159 port 43635 ssh2
Apr 11 05:45:50 ovzhost sshd[902]: message repeated 2 times: [ Failed password for root from 43.255.190.174 port 35307 ssh2]
Apr 11 05:45:50 ovzhost sshd[902]: Received disconnect from 43.255.190.174: 11:  [preauth]
Apr 11 05:45:50 ovzhost sshd[902]: PAM 2 more authentication failures; logname= uid=0 euid=0 tty=ssh ruser= rhost=43.255.190.174  user=root
Apr 11 05:45:50 ovzhost sshd[906]: pam_unix(sshd:auth): authentication failure; logname= uid=0 euid=0 tty=ssh ruser= rhost=43.255.190.174  user=root
Apr 11 05:45:53 ovzhost sshd[906]: Failed password for root from 43.255.190.174 port 57120 ssh2
Apr 11 05:45:53 ovzhost sshd[904]: message repeated 2 times: [ Failed password for root from 43.255.190.159 port 43635 ssh2]
Apr 11 05:45:54 ovzhost sshd[904]: Received disconnect from 43.255.190.159: 11:  [preauth]
Apr 11 05:45:54 ovzhost sshd[904]: PAM 2 more authentication failures; logname= uid=0 euid=0 tty=ssh ruser= rhost=43.255.190.159  user=root
Apr 11 05:45:54 ovzhost sshd[908]: pam_unix(sshd:auth): authentication failure; logname= uid=0 euid=0 tty=ssh ruser= rhost=43.255.190.159  user=root
Apr 11 05:45:57 ovzhost sshd[908]: Failed password for root from 43.255.190.159 port 58258 ssh2
Apr 11 05:45:57 ovzhost sshd[906]: message repeated 2 times: [ Failed password for root from 43.255.190.174 port 57120 ssh2]
Apr 11 05:45:57 ovzhost sshd[906]: Received disconnect from 43.255.190.174: 11:  [preauth]
Apr 11 05:45:57 ovzhost sshd[906]: PAM 2 more authentication failures; logname= uid=0 euid=0 tty=ssh ruser= rhost=43.255.190.174  user=root
Apr 11 05:45:58 ovzhost sshd[910]: pam_unix(sshd:auth): authentication failure; logname= uid=0 euid=0 tty=ssh ruser= rhost=43.255.190.174  user=root
Apr 11 05:46:00 ovzhost sshd[910]: Failed password for root from 43.255.190.174 port 51017 ssh2
Apr 11 05:46:00 ovzhost sshd[908]: message repeated 2 times: [ Failed password for root from 43.255.190.159 port 58258 ssh2]
Apr 11 05:46:01 ovzhost sshd[908]: Received disconnect from 43.255.190.159: 11:  [preauth]
Apr 11 05:46:01 ovzhost sshd[908]: PAM 2 more authentication failures; logname= uid=0 euid=0 tty=ssh ruser= rhost=43.255.190.159  user=root
Apr 11 05:46:01 ovzhost sshd[914]: pam_unix(sshd:auth): authentication failure; logname= uid=0 euid=0 tty=ssh ruser= rhost=43.255.190.159  user=root
Apr 11 05:46:03 ovzhost sshd[914]: Failed password for root from 43.255.190.159 port 44642 ssh2
Apr 11 05:46:04 ovzhost sshd[910]: message repeated 2 times: [ Failed password for root from 43.255.190.174 port 51017 ssh2]
Apr 11 05:46:04 ovzhost sshd[910]: Received disconnect from 43.255.190.174: 11:  [preauth]
Apr 11 05:46:04 ovzhost sshd[910]: PAM 2 more authentication failures; logname= uid=0 euid=0 tty=ssh ruser= rhost=43.255.190.174  user=root
Apr 11 05:46:05 ovzhost sshd[916]: pam_unix(sshd:auth): authentication failure; logname= uid=0 euid=0 tty=ssh ruser= rhost=43.255.190.174  user=root
Apr 11 05:46:07 ovzhost sshd[916]: Failed password for root from 43.255.190.174 port 42529 ssh2
Apr 11 05:46:07 ovzhost sshd[914]: message repeated 2 times: [ Failed password for root from 43.255.190.159 port 44642 ssh2]
Apr 11 05:46:08 ovzhost sshd[914]: Received disconnect from 43.255.190.159: 11:  [preauth]
Apr 11 05:46:08 ovzhost sshd[914]: PAM 2 more authentication failures; logname= uid=0 euid=0 tty=ssh ruser= rhost=43.255.190.159  user=root
Apr 11 05:46:10 ovzhost sshd[918]: pam_unix(sshd:auth): authentication failure; logname= uid=0 euid=0 tty=ssh ruser= rhost=43.255.190.159  user=root
Apr 11 05:46:12 ovzhost sshd[918]: Failed password for root from 43.255.190.159 port 59988 ssh2
Apr 11 05:46:12 ovzhost sshd[916]: message repeated 2 times: [ Failed password for root from 43.255.190.174 port 42529 ssh2]
Apr 11 05:46:12 ovzhost sshd[916]: Received disconnect from 43.255.190.174: 11:  [preauth]
Apr 11 05:46:12 ovzhost sshd[916]: PAM 2 more authentication failures; logname= uid=0 euid=0 tty=ssh ruser= rhost=43.255.190.174  user=root
Apr 11 05:46:13 ovzhost sshd[920]: pam_unix(sshd:auth): authentication failure; logname= uid=0 euid=0 tty=ssh ruser= rhost=43.255.190.174  user=root
Apr 11 05:46:15 ovzhost sshd[920]: Failed password for root from 43.255.190.174 port 35032 ssh2
Apr 11 05:46:16 ovzhost sshd[918]: message repeated 2 times: [ Failed password for root from 43.255.190.159 port 59988 ssh2]
Apr 11 05:46:16 ovzhost sshd[918]: Received disconnect from 43.255.190.159: 11:  [preauth]
Apr 11 05:46:16 ovzhost sshd[918]: PAM 2 more authentication failures; logname= uid=0 euid=0 tty=ssh ruser= rhost=43.255.190.159  user=root
Apr 11 05:46:17 ovzhost sshd[922]: pam_unix(sshd:auth): authentication failure; logname= uid=0 euid=0 tty=ssh ruser= rhost=43.255.190.159  user=root
Apr 11 05:46:17 ovzhost sshd[920]: message repeated 2 times: [ Failed password for root from 43.255.190.174 port 35032 ssh2]
Apr 11 05:46:17 ovzhost sshd[920]: Received disconnect from 43.255.190.174: 11:  [preauth]
Apr 11 05:46:17 ovzhost sshd[920]: PAM 2 more authentication failures; logname= uid=0 euid=0 tty=ssh ruser= rhost=43.255.190.174  user=root
Apr 11 05:46:18 ovzhost sshd[924]: pam_unix(sshd:auth): authentication failure; logname= uid=0 euid=0 tty=ssh ruser= rhost=43.255.190.174  user=root
Apr 11 05:46:19 ovzhost sshd[922]: Failed password for root from 43.255.190.159 port 50189 ssh2
Apr 11 05:46:20 ovzhost sshd[924]: Failed password for root from 43.255.190.174 port 51682 ssh2
Apr 11 05:46:23 ovzhost sshd[922]: message repeated 2 times: [ Failed password for root from 43.255.190.159 port 50189 ssh2]
Apr 11 05:46:23 ovzhost sshd[922]: Received disconnect from 43.255.190.159: 11:  [preauth]
Apr 11 05:46:23 ovzhost sshd[922]: PAM 2 more authentication failures; logname= uid=0 euid=0 tty=ssh ruser= rhost=43.255.190.159  user=root
Apr 11 05:46:24 ovzhost sshd[926]: pam_unix(sshd:auth): authentication failure; logname= uid=0 euid=0 tty=ssh ruser= rhost=43.255.190.159  user=root
Apr 11 05:46:25 ovzhost sshd[924]: message repeated 2 times: [ Failed password for root from 43.255.190.174 port 51682 ssh2]
Apr 11 05:46:25 ovzhost sshd[924]: Received disconnect from 43.255.190.174: 11:  [preauth]
Apr 11 05:46:25 ovzhost sshd[924]: PAM 2 more authentication failures; logname= uid=0 euid=0 tty=ssh ruser= rhost=43.255.190.174  user=root
Apr 11 05:46:25 ovzhost sshd[928]: pam_unix(sshd:auth): authentication failure; logname= uid=0 euid=0 tty=ssh ruser= rhost=43.255.190.174  user=root
Apr 11 05:46:26 ovzhost sshd[926]: Failed password for root from 43.255.190.159 port 37546 ssh2
Apr 11 05:46:28 ovzhost sshd[928]: Failed password for root from 43.255.190.174 port 43647 ssh2
Apr 11 05:46:29 ovzhost sshd[926]: message repeated 2 times: [ Failed password for root from 43.255.190.159 port 37546 ssh2]
Apr 11 05:46:30 ovzhost sshd[926]: Received disconnect from 43.255.190.159: 11:  [preauth]
Apr 11 05:46:30 ovzhost sshd[926]: PAM 2 more authentication failures; logname= uid=0 euid=0 tty=ssh ruser= rhost=43.255.190.159  user=root
Apr 11 05:46:30 ovzhost sshd[930]: pam_unix(sshd:auth): authentication failure; logname= uid=0 euid=0 tty=ssh ruser= rhost=43.255.190.159  user=root
Apr 11 05:46:31 ovzhost sshd[928]: message repeated 2 times: [ Failed password for root from 43.255.190.174 port 43647 ssh2]
Apr 11 05:46:31 ovzhost sshd[928]: Received disconnect from 43.255.190.174: 11:  [preauth]
Apr 11 05:46:31 ovzhost sshd[928]: PAM 2 more authentication failures; logname= uid=0 euid=0 tty=ssh ruser= rhost=43.255.190.174  user=root
Apr 11 05:46:32 ovzhost sshd[932]: pam_unix(sshd:auth): authentication failure; logname= uid=0 euid=0 tty=ssh ruser= rhost=43.255.190.174  user=root
Apr 11 05:46:32 ovzhost sshd[930]: Failed password for root from 43.255.190.159 port 52114 ssh2
Apr 11 05:46:35 ovzhost sshd[932]: Failed password for root from 43.255.190.174 port 33727 ssh2
Apr 11 05:46:36 ovzhost sshd[930]: message repeated 2 times: [ Failed password for root from 43.255.190.159 port 52114 ssh2]
Apr 11 05:46:36 ovzhost sshd[930]: Received disconnect from 43.255.190.159: 11:  [preauth]
Apr 11 05:46:36 ovzhost sshd[930]: PAM 2 more authentication failures; logname= uid=0 euid=0 tty=ssh ruser= rhost=43.255.190.159  user=root
Apr 11 05:46:36 ovzhost sshd[934]: pam_unix(sshd:auth): authentication failure; logname= uid=0 euid=0 tty=ssh ruser= rhost=43.255.190.159  user=root
Apr 11 05:46:38 ovzhost sshd[934]: Failed password for root from 43.255.190.159 port 36554 ssh2
Apr 11 05:46:38 ovzhost sshd[932]: message repeated 2 times: [ Failed password for root from 43.255.190.174 port 33727 ssh2]
Apr 11 05:46:38 ovzhost sshd[932]: Received disconnect from 43.255.190.174: 11:  [preauth]
Apr 11 05:46:38 ovzhost sshd[932]: PAM 2 more authentication failures; logname= uid=0 euid=0 tty=ssh ruser= rhost=43.255.190.174  user=root
Apr 11 05:46:39 ovzhost sshd[938]: pam_unix(sshd:auth): authentication failure; logname= uid=0 euid=0 tty=ssh ruser= rhost=43.255.190.174  user=root
Apr 11 05:46:40 ovzhost sshd[938]: Failed password for root from 43.255.190.174 port 53631 ssh2
Apr 11 05:46:42 ovzhost sshd[934]: message repeated 2 times: [ Failed password for root from 43.255.190.159 port 36554 ssh2]
Apr 11 05:46:42 ovzhost sshd[934]: Received disconnect from 43.255.190.159: 11:  [preauth]
Apr 11 05:46:42 ovzhost sshd[934]: PAM 2 more authentication failures; logname= uid=0 euid=0 tty=ssh ruser= rhost=43.255.190.159  user=root
Apr 11 05:46:43 ovzhost sshd[940]: pam_unix(sshd:auth): authentication failure; logname= uid=0 euid=0 tty=ssh ruser= rhost=43.255.190.159  user=root
Apr 11 05:46:44 ovzhost sshd[938]: message repeated 2 times: [ Failed password for root from 43.255.190.174 port 53631 ssh2]
Apr 11 05:46:44 ovzhost sshd[938]: Received disconnect from 43.255.190.174: 11:  [preauth]
Apr 11 05:46:44 ovzhost sshd[938]: PAM 2 more authentication failures; logname= uid=0 euid=0 tty=ssh ruser= rhost=43.255.190.174  user=root
Apr 11 05:46:45 ovzhost sshd[944]: pam_unix(sshd:auth): authentication failure; logname= uid=0 euid=0 tty=ssh ruser= rhost=43.255.190.174  user=root
Apr 11 05:46:45 ovzhost sshd[940]: Failed password for root from 43.255.190.159 port 51556 ssh2
Apr 11 05:46:47 ovzhost sshd[944]: Failed password for root from 43.255.190.174 port 42149 ssh2
Apr 11 05:46:49 ovzhost sshd[940]: message repeated 2 times: [ Failed password for root from 43.255.190.159 port 51556 ssh2]
Apr 11 05:46:49 ovzhost sshd[940]: Received disconnect from 43.255.190.159: 11:  [preauth]
Apr 11 05:46:49 ovzhost sshd[940]: PAM 2 more authentication failures; logname= uid=0 euid=0 tty=ssh ruser= rhost=43.255.190.159  user=root
Apr 11 05:46:50 ovzhost sshd[946]: pam_unix(sshd:auth): authentication failure; logname= uid=0 euid=0 tty=ssh ruser= rhost=43.255.190.159  user=root
Apr 11 05:46:50 ovzhost sshd[944]: message repeated 2 times: [ Failed password for root from 43.255.190.174 port 42149 ssh2]
Apr 11 05:46:50 ovzhost sshd[944]: Received disconnect from 43.255.190.174: 11:  [preauth]
Apr 11 05:46:50 ovzhost sshd[944]: PAM 2 more authentication failures; logname= uid=0 euid=0 tty=ssh ruser= rhost=43.255.190.174  user=root
Apr 11 05:46:51 ovzhost sshd[948]: pam_unix(sshd:auth): authentication failure; logname= uid=0 euid=0 tty=ssh ruser= rhost=43.255.190.174  user=root
Apr 11 05:46:52 ovzhost sshd[946]: Failed password for root from 43.255.190.159 port 38079 ssh2
Apr 11 05:46:53 ovzhost sshd[948]: Failed password for root from 43.255.190.174 port 59608 ssh2
Apr 11 05:46:56 ovzhost sshd[946]: message repeated 2 times: [ Failed password for root from 43.255.190.159 port 38079 ssh2]
Apr 11 05:46:57 ovzhost sshd[946]: Received disconnect from 43.255.190.159: 11:  [preauth]
Apr 11 05:46:57 ovzhost sshd[946]: PAM 2 more authentication failures; logname= uid=0 euid=0 tty=ssh ruser= rhost=43.255.190.159  user=root
Apr 11 05:46:58 ovzhost sshd[950]: pam_unix(sshd:auth): authentication failure; logname= uid=0 euid=0 tty=ssh ruser= rhost=43.255.190.159  user=root
Apr 11 05:46:57 ovzhost sshd[948]: message repeated 2 times: [ Failed password for root from 43.255.190.174 port 59608 ssh2]
Apr 11 05:46:58 ovzhost sshd[948]: Received disconnect from 43.255.190.174: 11:  [preauth]
Apr 11 05:46:58 ovzhost sshd[948]: PAM 2 more authentication failures; logname= uid=0 euid=0 tty=ssh ruser= rhost=43.255.190.174  user=root
Apr 11 05:46:59 ovzhost sshd[950]: Failed password for root from 43.255.190.159 port 53962 ssh2
Apr 11 05:47:00 ovzhost sshd[952]: pam_unix(sshd:auth): authentication failure; logname= uid=0 euid=0 tty=ssh ruser= rhost=43.255.190.174  user=root
Apr 11 05:47:02 ovzhost sshd[952]: Failed password for root from 43.255.190.174 port 53937 ssh2
Apr 11 05:47:03 ovzhost sshd[950]: message repeated 2 times: [ Failed password for root from 43.255.190.159 port 53962 ssh2]
Apr 11 05:47:03 ovzhost sshd[950]: Received disconnect from 43.255.190.159: 11:  [preauth]
Apr 11 05:47:03 ovzhost sshd[950]: PAM 2 more authentication failures; logname= uid=0 euid=0 tty=ssh ruser= rhost=43.255.190.159  user=root
Apr 11 05:47:04 ovzhost sshd[954]: pam_unix(sshd:auth): authentication failure; logname= uid=0 euid=0 tty=ssh ruser= rhost=43.255.190.159  user=root
Apr 11 05:47:06 ovzhost sshd[954]: Failed password for root from 43.255.190.159 port 39846 ssh2
Apr 11 05:47:07 ovzhost sshd[952]: message repeated 2 times: [ Failed password for root from 43.255.190.174 port 53937 ssh2]
Apr 11 05:47:07 ovzhost sshd[952]: Received disconnect from 43.255.190.174: 11:  [preauth]
Apr 11 05:47:07 ovzhost sshd[952]: PAM 2 more authentication failures; logname= uid=0 euid=0 tty=ssh ruser= rhost=43.255.190.174  user=root
Apr 11 05:47:07 ovzhost sshd[956]: pam_unix(sshd:auth): authentication failure; logname= uid=0 euid=0 tty=ssh ruser= rhost=43.255.190.174  user=root
Apr 11 05:47:10 ovzhost sshd[956]: Failed password for root from 43.255.190.174 port 46647 ssh2
Apr 11 05:47:10 ovzhost sshd[954]: message repeated 2 times: [ Failed password for root from 43.255.190.159 port 39846 ssh2]
Apr 11 05:47:10 ovzhost sshd[954]: Received disconnect from 43.255.190.159: 11:  [preauth]
Apr 11 05:47:10 ovzhost sshd[954]: PAM 2 more authentication failures; logname= uid=0 euid=0 tty=ssh ruser= rhost=43.255.190.159  user=root
Apr 11 05:47:11 ovzhost sshd[960]: pam_unix(sshd:auth): authentication failure; logname= uid=0 euid=0 tty=ssh ruser= rhost=43.255.190.159  user=root
Apr 11 05:47:13 ovzhost sshd[960]: Failed password for root from 43.255.190.159 port 54999 ssh2
Apr 11 05:47:13 ovzhost sshd[956]: message repeated 2 times: [ Failed password for root from 43.255.190.174 port 46647 ssh2]
Apr 11 05:47:13 ovzhost sshd[956]: Received disconnect from 43.255.190.174: 11:  [preauth]
Apr 11 05:47:13 ovzhost sshd[956]: PAM 2 more authentication failures; logname= uid=0 euid=0 tty=ssh ruser= rhost=43.255.190.174  user=root
Apr 11 05:47:14 ovzhost sshd[962]: pam_unix(sshd:auth): authentication failure; logname= uid=0 euid=0 tty=ssh ruser= rhost=43.255.190.174  user=root
Apr 11 05:47:16 ovzhost sshd[962]: Failed password for root from 43.255.190.174 port 36414 ssh2
Apr 11 05:47:16 ovzhost sshd[960]: message repeated 2 times: [ Failed password for root from 43.255.190.159 port 54999 ssh2]
Apr 11 05:47:16 ovzhost sshd[960]: Received disconnect from 43.255.190.159: 11:  [preauth]
Apr 11 05:47:16 ovzhost sshd[960]: PAM 2 more authentication failures; logname= uid=0 euid=0 tty=ssh ruser= rhost=43.255.190.159  user=root
Apr 11 05:47:17 ovzhost sshd[964]: pam_unix(sshd:auth): authentication failure; logname= uid=0 euid=0 tty=ssh ruser= rhost=43.255.190.159  user=root
Apr 11 05:47:19 ovzhost sshd[964]: Failed password for root from 43.255.190.159 port 39724 ssh2
Apr 11 05:47:20 ovzhost sshd[962]: message repeated 2 times: [ Failed password for root from 43.255.190.174 port 36414 ssh2]
Apr 11 05:47:20 ovzhost sshd[962]: Received disconnect from 43.255.190.174: 11:  [preauth]
Apr 11 05:47:20 ovzhost sshd[962]: PAM 2 more authentication failures; logname= uid=0 euid=0 tty=ssh ruser= rhost=43.255.190.174  user=root
Apr 11 05:47:21 ovzhost sshd[966]: pam_unix(sshd:auth): authentication failure; logname= uid=0 euid=0 tty=ssh ruser= rhost=43.255.190.174  user=root
Apr 11 05:47:23 ovzhost sshd[966]: Failed password for root from 43.255.190.174 port 55822 ssh2
Apr 11 05:47:23 ovzhost sshd[964]: message repeated 2 times: [ Failed password for root from 43.255.190.159 port 39724 ssh2]
Apr 11 05:47:23 ovzhost sshd[964]: Received disconnect from 43.255.190.159: 11:  [preauth]
Apr 11 05:47:23 ovzhost sshd[964]: PAM 2 more authentication failures; logname= uid=0 euid=0 tty=ssh ruser= rhost=43.255.190.159  user=root
Apr 11 05:47:24 ovzhost sshd[968]: pam_unix(sshd:auth): authentication failure; logname= uid=0 euid=0 tty=ssh ruser= rhost=43.255.190.159  user=root
Apr 11 05:47:26 ovzhost sshd[968]: Failed password for root from 43.255.190.159 port 53863 ssh2
Apr 11 05:47:27 ovzhost sshd[966]: message repeated 2 times: [ Failed password for root from 43.255.190.174 port 55822 ssh2]
Apr 11 05:47:27 ovzhost sshd[966]: Received disconnect from 43.255.190.174: 11:  [preauth]
Apr 11 05:47:27 ovzhost sshd[966]: PAM 2 more authentication failures; logname= uid=0 euid=0 tty=ssh ruser= rhost=43.255.190.174  user=root
Apr 11 05:47:27 ovzhost sshd[973]: Connection closed by 127.0.0.1 [preauth]
Apr 11 05:47:28 ovzhost sshd[970]: pam_unix(sshd:auth): authentication failure; logname= uid=0 euid=0 tty=ssh ruser= rhost=43.255.190.174  user=root
Apr 11 05:47:29 ovzhost sshd[970]: Failed password for root from 43.255.190.174 port 44188 ssh2
Apr 11 05:47:30 ovzhost sshd[968]: message repeated 2 times: [ Failed password for root from 43.255.190.159 port 53863 ssh2]
Apr 11 05:47:30 ovzhost sshd[968]: Received disconnect from 43.255.190.159: 11:  [preauth]
Apr 11 05:47:30 ovzhost sshd[968]: PAM 2 more authentication failures; logname= uid=0 euid=0 tty=ssh ruser= rhost=43.255.190.159  user=root
Apr 11 05:47:31 ovzhost sshd[975]: pam_unix(sshd:auth): authentication failure; logname= uid=0 euid=0 tty=ssh ruser= rhost=43.255.190.159  user=root
Apr 11 05:47:32 ovzhost sshd[975]: Failed password for root from 43.255.190.159 port 40814 ssh2
Apr 11 05:47:33 ovzhost sshd[970]: message repeated 2 times: [ Failed password for root from 43.255.190.174 port 44188 ssh2]
Apr 11 05:47:33 ovzhost sshd[970]: Received disconnect from 43.255.190.174: 11:  [preauth]
Apr 11 05:47:33 ovzhost sshd[970]: PAM 2 more authentication failures; logname= uid=0 euid=0 tty=ssh ruser= rhost=43.255.190.174  user=root
Apr 11 05:47:33 ovzhost sshd[977]: pam_unix(sshd:auth): authentication failure; logname= uid=0 euid=0 tty=ssh ruser= rhost=43.255.190.174  user=root
Apr 11 05:47:35 ovzhost sshd[977]: Failed password for root from 43.255.190.174 port 59621 ssh2
Apr 11 05:47:36 ovzhost sshd[975]: message repeated 2 times: [ Failed password for root from 43.255.190.159 port 40814 ssh2]
Apr 11 05:47:36 ovzhost sshd[975]: Received disconnect from 43.255.190.159: 11:  [preauth]
Apr 11 05:47:36 ovzhost sshd[975]: PAM 2 more authentication failures; logname= uid=0 euid=0 tty=ssh ruser= rhost=43.255.190.159  user=root
Apr 11 05:47:37 ovzhost sshd[979]: pam_unix(sshd:auth): authentication failure; logname= uid=0 euid=0 tty=ssh ruser= rhost=43.255.190.159  user=root
Apr 11 05:47:39 ovzhost sshd[979]: Failed password for root from 43.255.190.159 port 54048 ssh2
Apr 11 05:47:39 ovzhost sshd[977]: message repeated 2 times: [ Failed password for root from 43.255.190.174 port 59621 ssh2]
Apr 11 05:47:39 ovzhost sshd[977]: Received disconnect from 43.255.190.174: 11:  [preauth]
Apr 11 05:47:39 ovzhost sshd[977]: PAM 2 more authentication failures; logname= uid=0 euid=0 tty=ssh ruser= rhost=43.255.190.174  user=root
Apr 11 05:47:40 ovzhost sshd[982]: pam_unix(sshd:auth): authentication failure; logname= uid=0 euid=0 tty=ssh ruser= rhost=43.255.190.174  user=root
Apr 11 05:47:41 ovzhost sshd[982]: Failed password for root from 43.255.190.174 port 49138 ssh2
Apr 11 05:47:42 ovzhost sshd[979]: message repeated 2 times: [ Failed password for root from 43.255.190.159 port 54048 ssh2]
Apr 11 05:47:42 ovzhost sshd[979]: Received disconnect from 43.255.190.159: 11:  [preauth]
Apr 11 05:47:42 ovzhost sshd[979]: PAM 2 more authentication failures; logname= uid=0 euid=0 tty=ssh ruser= rhost=43.255.190.159  user=root
Apr 11 05:47:43 ovzhost sshd[984]: pam_unix(sshd:auth): authentication failure; logname= uid=0 euid=0 tty=ssh ruser= rhost=43.255.190.159  user=root
Apr 11 05:47:45 ovzhost sshd[984]: Failed password for root from 43.255.190.159 port 39458 ssh2
Apr 11 05:47:45 ovzhost sshd[982]: message repeated 2 times: [ Failed password for root from 43.255.190.174 port 49138 ssh2]
Apr 11 05:47:45 ovzhost sshd[982]: Received disconnect from 43.255.190.174: 11:  [preauth]
Apr 11 05:47:45 ovzhost sshd[982]: PAM 2 more authentication failures; logname= uid=0 euid=0 tty=ssh ruser= rhost=43.255.190.174  user=root
Apr 11 05:47:46 ovzhost sshd[986]: pam_unix(sshd:auth): authentication failure; logname= uid=0 euid=0 tty=ssh ruser= rhost=43.255.190.174  user=root
Apr 11 05:47:47 ovzhost sshd[986]: Failed password for root from 43.255.190.174 port 37027 ssh2
Apr 11 05:47:48 ovzhost sshd[984]: message repeated 2 times: [ Failed password for root from 43.255.190.159 port 39458 ssh2]
Apr 11 05:47:48 ovzhost sshd[984]: Received disconnect from 43.255.190.159: 11:  [preauth]
Apr 11 05:47:48 ovzhost sshd[984]: PAM 2 more authentication failures; logname= uid=0 euid=0 tty=ssh ruser= rhost=43.255.190.159  user=root
Apr 11 05:47:50 ovzhost sshd[988]: pam_unix(sshd:auth): authentication failure; logname= uid=0 euid=0 tty=ssh ruser= rhost=43.255.190.159  user=root
Apr 11 05:47:51 ovzhost sshd[986]: message repeated 2 times: [ Failed password for root from 43.255.190.174 port 37027 ssh2]
Apr 11 05:47:51 ovzhost sshd[986]: Received disconnect from 43.255.190.174: 11:  [preauth]
Apr 11 05:47:51 ovzhost sshd[986]: PAM 2 more authentication failures; logname= uid=0 euid=0 tty=ssh ruser= rhost=43.255.190.174  user=root
Apr 11 05:47:52 ovzhost sshd[990]: pam_unix(sshd:auth): authentication failure; logname= uid=0 euid=0 tty=ssh ruser= rhost=43.255.190.174  user=root
Apr 11 05:47:52 ovzhost sshd[988]: Failed password for root from 43.255.190.159 port 52208 ssh2
Apr 11 05:47:53 ovzhost sshd[990]: Failed password for root from 43.255.190.174 port 52478 ssh2
Apr 11 05:47:55 ovzhost sshd[988]: message repeated 2 times: [ Failed password for root from 43.255.190.159 port 52208 ssh2]
Apr 11 05:47:55 ovzhost sshd[988]: Received disconnect from 43.255.190.159: 11:  [preauth]
Apr 11 05:47:55 ovzhost sshd[988]: PAM 2 more authentication failures; logname= uid=0 euid=0 tty=ssh ruser= rhost=43.255.190.159  user=root
Apr 11 05:47:56 ovzhost sshd[992]: pam_unix(sshd:auth): authentication failure; logname= uid=0 euid=0 tty=ssh ruser= rhost=43.255.190.159  user=root
Apr 11 05:47:57 ovzhost sshd[990]: message repeated 2 times: [ Failed password for root from 43.255.190.174 port 52478 ssh2]
Apr 11 05:47:57 ovzhost sshd[990]: Received disconnect from 43.255.190.174: 11:  [preauth]
Apr 11 05:47:57 ovzhost sshd[990]: PAM 2 more authentication failures; logname= uid=0 euid=0 tty=ssh ruser= rhost=43.255.190.174  user=root
Apr 11 05:47:58 ovzhost sshd[994]: pam_unix(sshd:auth): authentication failure; logname= uid=0 euid=0 tty=ssh ruser= rhost=43.255.190.174  user=root
Apr 11 05:47:58 ovzhost sshd[992]: Failed password for root from 43.255.190.159 port 39360 ssh2
Apr 11 05:47:59 ovzhost sshd[994]: Failed password for root from 43.255.190.174 port 39950 ssh2
Apr 11 05:48:02 ovzhost sshd[992]: message repeated 2 times: [ Failed password for root from 43.255.190.159 port 39360 ssh2]
Apr 11 05:48:02 ovzhost sshd[992]: Received disconnect from 43.255.190.159: 11:  [preauth]
Apr 11 05:48:02 ovzhost sshd[992]: PAM 2 more authentication failures; logname= uid=0 euid=0 tty=ssh ruser= rhost=43.255.190.159  user=root
Apr 11 05:48:02 ovzhost sshd[996]: pam_unix(sshd:auth): authentication failure; logname= uid=0 euid=0 tty=ssh ruser= rhost=43.255.190.159  user=root
Apr 11 05:48:03 ovzhost sshd[994]: message repeated 2 times: [ Failed password for root from 43.255.190.174 port 39950 ssh2]
Apr 11 05:48:03 ovzhost sshd[994]: Received disconnect from 43.255.190.174: 11:  [preauth]
Apr 11 05:48:03 ovzhost sshd[994]: PAM 2 more authentication failures; logname= uid=0 euid=0 tty=ssh ruser= rhost=43.255.190.174  user=root
Apr 11 05:48:04 ovzhost sshd[998]: pam_unix(sshd:auth): authentication failure; logname= uid=0 euid=0 tty=ssh ruser= rhost=43.255.190.174  user=root
Apr 11 05:48:05 ovzhost sshd[996]: Failed password for root from 43.255.190.159 port 53139 ssh2
Apr 11 05:48:06 ovzhost sshd[998]: Failed password for root from 43.255.190.174 port 56056 ssh2
Apr 11 05:48:08 ovzhost sshd[996]: message repeated 2 times: [ Failed password for root from 43.255.190.159 port 53139 ssh2]
Apr 11 05:48:09 ovzhost sshd[996]: Received disconnect from 43.255.190.159: 11:  [preauth]
Apr 11 05:48:09 ovzhost sshd[996]: PAM 2 more authentication failures; logname= uid=0 euid=0 tty=ssh ruser= rhost=43.255.190.159  user=root
Apr 11 05:48:09 ovzhost sshd[1000]: pam_unix(sshd:auth): authentication failure; logname= uid=0 euid=0 tty=ssh ruser= rhost=43.255.190.159  user=root
Apr 11 05:48:10 ovzhost sshd[998]: message repeated 2 times: [ Failed password for root from 43.255.190.174 port 56056 ssh2]
Apr 11 05:48:10 ovzhost sshd[998]: Received disconnect from 43.255.190.174: 11:  [preauth]
Apr 11 05:48:10 ovzhost sshd[998]: PAM 2 more authentication failures; logname= uid=0 euid=0 tty=ssh ruser= rhost=43.255.190.174  user=root
Apr 11 05:48:11 ovzhost sshd[1000]: Failed password for root from 43.255.190.159 port 38851 ssh2
Apr 11 05:48:11 ovzhost sshd[1003]: pam_unix(sshd:auth): authentication failure; logname= uid=0 euid=0 tty=ssh ruser= rhost=43.255.190.174  user=root
Apr 11 05:48:12 ovzhost sshd[1003]: Failed password for root from 43.255.190.174 port 44689 ssh2
Apr 11 05:48:14 ovzhost sshd[1000]: message repeated 2 times: [ Failed password for root from 43.255.190.159 port 38851 ssh2]
Apr 11 05:48:15 ovzhost sshd[1000]: Received disconnect from 43.255.190.159: 11:  [preauth]
Apr 11 05:48:15 ovzhost sshd[1000]: PAM 2 more authentication failures; logname= uid=0 euid=0 tty=ssh ruser= rhost=43.255.190.159  user=root
Apr 11 05:48:15 ovzhost sshd[1007]: pam_unix(sshd:auth): authentication failure; logname= uid=0 euid=0 tty=ssh ruser= rhost=43.255.190.159  user=root
Apr 11 05:48:17 ovzhost sshd[1003]: message repeated 2 times: [ Failed password for root from 43.255.190.174 port 44689 ssh2]
Apr 11 05:48:17 ovzhost sshd[1003]: Received disconnect from 43.255.190.174: 11:  [preauth]
Apr 11 05:48:17 ovzhost sshd[1003]: PAM 2 more authentication failures; logname= uid=0 euid=0 tty=ssh ruser= rhost=43.255.190.174  user=root
Apr 11 05:48:17 ovzhost sshd[1007]: Failed password for root from 43.255.190.159 port 51153 ssh2
Apr 11 05:48:17 ovzhost sshd[1009]: pam_unix(sshd:auth): authentication failure; logname= uid=0 euid=0 tty=ssh ruser= rhost=43.255.190.174  user=root
Apr 11 05:48:19 ovzhost sshd[1009]: Failed password for root from 43.255.190.174 port 60072 ssh2
Apr 11 05:48:21 ovzhost sshd[1007]: message repeated 2 times: [ Failed password for root from 43.255.190.159 port 51153 ssh2]
Apr 11 05:48:21 ovzhost sshd[1007]: Received disconnect from 43.255.190.159: 11:  [preauth]
Apr 11 05:48:21 ovzhost sshd[1007]: PAM 2 more authentication failures; logname= uid=0 euid=0 tty=ssh ruser= rhost=43.255.190.159  user=root
Apr 11 05:48:22 ovzhost sshd[1011]: pam_unix(sshd:auth): authentication failure; logname= uid=0 euid=0 tty=ssh ruser= rhost=43.255.190.159  user=root
Apr 11 05:48:23 ovzhost sshd[1009]: message repeated 2 times: [ Failed password for root from 43.255.190.174 port 60072 ssh2]
Apr 11 05:48:23 ovzhost sshd[1009]: Received disconnect from 43.255.190.174: 11:  [preauth]
Apr 11 05:48:23 ovzhost sshd[1009]: PAM 2 more authentication failures; logname= uid=0 euid=0 tty=ssh ruser= rhost=43.255.190.174  user=root
Apr 11 05:48:23 ovzhost sshd[1013]: pam_unix(sshd:auth): authentication failure; logname= uid=0 euid=0 tty=ssh ruser= rhost=43.255.190.174  user=root
Apr 11 05:48:24 ovzhost sshd[1011]: Failed password for root from 43.255.190.159 port 36279 ssh2
Apr 11 05:48:25 ovzhost sshd[1013]: Failed password for root from 43.255.190.174 port 46599 ssh2
Apr 11 05:48:28 ovzhost sshd[1011]: message repeated 2 times: [ Failed password for root from 43.255.190.159 port 36279 ssh2]
Apr 11 05:48:28 ovzhost sshd[1011]: Received disconnect from 43.255.190.159: 11:  [preauth]
Apr 11 05:48:28 ovzhost sshd[1011]: PAM 2 more authentication failures; logname= uid=0 euid=0 tty=ssh ruser= rhost=43.255.190.159  user=root
Apr 11 05:48:29 ovzhost sshd[1015]: pam_unix(sshd:auth): authentication failure; logname= uid=0 euid=0 tty=ssh ruser= rhost=43.255.190.159  user=root
Apr 11 05:48:29 ovzhost sshd[1013]: message repeated 2 times: [ Failed password for root from 43.255.190.174 port 46599 ssh2]
Apr 11 05:48:29 ovzhost sshd[1013]: Received disconnect from 43.255.190.174: 11:  [preauth]
Apr 11 05:48:29 ovzhost sshd[1013]: PAM 2 more authentication failures; logname= uid=0 euid=0 tty=ssh ruser= rhost=43.255.190.174  user=root
Apr 11 05:48:30 ovzhost sshd[1017]: pam_unix(sshd:auth): authentication failure; logname= uid=0 euid=0 tty=ssh ruser= rhost=43.255.190.174  user=root
Apr 11 05:48:30 ovzhost sshd[1015]: Failed password for root from 43.255.190.159 port 50262 ssh2
Apr 11 05:48:31 ovzhost sshd[1017]: Failed password for root from 43.255.190.174 port 33614 ssh2
Apr 11 05:48:34 ovzhost sshd[1015]: message repeated 2 times: [ Failed password for root from 43.255.190.159 port 50262 ssh2]
Apr 11 05:48:34 ovzhost sshd[1015]: Received disconnect from 43.255.190.159: 11:  [preauth]
Apr 11 05:48:34 ovzhost sshd[1015]: PAM 2 more authentication failures; logname= uid=0 euid=0 tty=ssh ruser= rhost=43.255.190.159  user=root
Apr 11 05:48:36 ovzhost sshd[1017]: message repeated 2 times: [ Failed password for root from 43.255.190.174 port 33614 ssh2]
Apr 11 05:48:36 ovzhost sshd[1017]: Received disconnect from 43.255.190.174: 11:  [preauth]
Apr 11 05:48:36 ovzhost sshd[1017]: PAM 2 more authentication failures; logname= uid=0 euid=0 tty=ssh ruser= rhost=43.255.190.174  user=root
Apr 11 05:48:36 ovzhost sshd[1019]: pam_unix(sshd:auth): authentication failure; logname= uid=0 euid=0 tty=ssh ruser= rhost=43.255.190.159  user=root
Apr 11 05:48:36 ovzhost sshd[1021]: pam_unix(sshd:auth): authentication failure; logname= uid=0 euid=0 tty=ssh ruser= rhost=43.255.190.174  user=root
Apr 11 05:48:38 ovzhost sshd[1019]: Failed password for root from 43.255.190.159 port 34801 ssh2
Apr 11 05:48:38 ovzhost sshd[1021]: Failed password for root from 43.255.190.174 port 48627 ssh2
Apr 11 05:48:42 ovzhost sshd[1019]: message repeated 2 times: [ Failed password for root from 43.255.190.159 port 34801 ssh2]
Apr 11 05:48:42 ovzhost sshd[1019]: Received disconnect from 43.255.190.159: 11:  [preauth]
Apr 11 05:48:42 ovzhost sshd[1019]: PAM 2 more authentication failures; logname= uid=0 euid=0 tty=ssh ruser= rhost=43.255.190.159  user=root
Apr 11 05:48:43 ovzhost sshd[1021]: message repeated 2 times: [ Failed password for root from 43.255.190.174 port 48627 ssh2]
Apr 11 05:48:43 ovzhost sshd[1021]: Received disconnect from 43.255.190.174: 11:  [preauth]
Apr 11 05:48:43 ovzhost sshd[1021]: PAM 2 more authentication failures; logname= uid=0 euid=0 tty=ssh ruser= rhost=43.255.190.174  user=root
Apr 11 05:48:43 ovzhost sshd[1025]: pam_unix(sshd:auth): authentication failure; logname= uid=0 euid=0 tty=ssh ruser= rhost=43.255.190.159  user=root
Apr 11 05:48:44 ovzhost sshd[1027]: pam_unix(sshd:auth): authentication failure; logname= uid=0 euid=0 tty=ssh ruser= rhost=43.255.190.174  user=root
Apr 11 05:48:45 ovzhost sshd[1025]: Failed password for root from 43.255.190.159 port 50847 ssh2
Apr 11 05:48:46 ovzhost sshd[1027]: Failed password for root from 43.255.190.174 port 37063 ssh2
Apr 11 05:48:50 ovzhost sshd[1025]: message repeated 2 times: [ Failed password for root from 43.255.190.159 port 50847 ssh2]
Apr 11 05:48:50 ovzhost sshd[1025]: Received disconnect from 43.255.190.159: 11:  [preauth]
Apr 11 05:48:50 ovzhost sshd[1025]: PAM 2 more authentication failures; logname= uid=0 euid=0 tty=ssh ruser= rhost=43.255.190.159  user=root
Apr 11 05:48:50 ovzhost sshd[1027]: message repeated 2 times: [ Failed password for root from 43.255.190.174 port 37063 ssh2]
Apr 11 05:48:50 ovzhost sshd[1027]: Received disconnect from 43.255.190.174: 11:  [preauth]
Apr 11 05:48:50 ovzhost sshd[1027]: PAM 2 more authentication failures; logname= uid=0 euid=0 tty=ssh ruser= rhost=43.255.190.174  user=root
Apr 11 05:48:51 ovzhost sshd[1029]: pam_unix(sshd:auth): authentication failure; logname= uid=0 euid=0 tty=ssh ruser= rhost=43.255.190.159  user=root
Apr 11 05:48:51 ovzhost sshd[1031]: pam_unix(sshd:auth): authentication failure; logname= uid=0 euid=0 tty=ssh ruser= rhost=43.255.190.174  user=root
Apr 11 05:48:52 ovzhost sshd[1029]: Failed password for root from 43.255.190.159 port 37494 ssh2
Apr 11 05:48:53 ovzhost sshd[1031]: Failed password for root from 43.255.190.174 port 53688 ssh2
Apr 11 05:48:56 ovzhost sshd[1029]: message repeated 2 times: [ Failed password for root from 43.255.190.159 port 37494 ssh2]
Apr 11 05:48:56 ovzhost sshd[1029]: Received disconnect from 43.255.190.159: 11:  [preauth]
Apr 11 05:48:56 ovzhost sshd[1029]: PAM 2 more authentication failures; logname= uid=0 euid=0 tty=ssh ruser= rhost=43.255.190.159  user=root
Apr 11 05:48:56 ovzhost sshd[1031]: message repeated 2 times: [ Failed password for root from 43.255.190.174 port 53688 ssh2]
Apr 11 05:48:56 ovzhost sshd[1031]: Received disconnect from 43.255.190.174: 11:  [preauth]
Apr 11 05:48:56 ovzhost sshd[1031]: PAM 2 more authentication failures; logname= uid=0 euid=0 tty=ssh ruser= rhost=43.255.190.174  user=root
Apr 11 05:48:57 ovzhost sshd[1033]: pam_unix(sshd:auth): authentication failure; logname= uid=0 euid=0 tty=ssh ruser= rhost=43.255.190.159  user=root
Apr 11 05:48:57 ovzhost sshd[1035]: pam_unix(sshd:auth): authentication failure; logname= uid=0 euid=0 tty=ssh ruser= rhost=43.255.190.174  user=root
Apr 11 05:48:59 ovzhost sshd[1033]: Failed password for root from 43.255.190.159 port 49998 ssh2
Apr 11 05:48:59 ovzhost sshd[1035]: Failed password for root from 43.255.190.174 port 40613 ssh2
