Apr 11 05:49:03 ovzhost sshd[1033]: message repeated 2 times: [ Failed password for root from 43.255.190.159 port 49998 ssh2]
Apr 11 05:49:03 ovzhost sshd[1033]: Received disconnect from 43.255.190.159: 11:  [preauth]
Apr 11 05:49:03 ovzhost sshd[1033]: PAM 2 more authentication failures; logname= uid=0 euid=0 tty=ssh ruser= rhost=43.255.190.159  user=root
Apr 11 05:49:03 ovzhost sshd[1035]: message repeated 2 times: [ Failed password for root from 43.255.190.174 port 40613 ssh2]
Apr 11 05:49:03 ovzhost sshd[1035]: Received disconnect from 43.255.190.174: 11:  [preauth]
Apr 11 05:49:03 ovzhost sshd[1035]: PAM 2 more authentication failures; logname= uid=0 euid=0 tty=ssh ruser= rhost=43.255.190.174  user=root
Apr 11 05:49:04 ovzhost sshd[1037]: pam_unix(sshd:auth): authentication failure; logname= uid=0 euid=0 tty=ssh ruser= rhost=43.255.190.159  user=root
Apr 11 05:49:04 ovzhost sshd[1039]: pam_unix(sshd:auth): authentication failure; logname= uid=0 euid=0 tty=ssh ruser= rhost=43.255.190.174  user=root
Apr 11 05:49:05 ovzhost sshd[1037]: Failed password for root from 43.255.190.159 port 36060 ssh2
Apr 11 05:49:06 ovzhost sshd[1039]: Failed password for root from 43.255.190.174 port 56416 ssh2
Apr 11 05:49:10 ovzhost sshd[1037]: message repeated 2 times: [ Failed password for root from 43.255.190.159 port 36060 ssh2]
Apr 11 05:49:10 ovzhost sshd[1037]: Received disconnect from 43.255.190.159: 11:  [preauth]
Apr 11 05:49:10 ovzhost sshd[1037]: PAM 2 more authentication failures; logname= uid=0 euid=0 tty=ssh ruser= rhost=43.255.190.159  user=root
Apr 11 05:49:10 ovzhost sshd[1039]: message repeated 2 times: [ Failed password for root from 43.255.190.174 port 56416 ssh2]
Apr 11 05:49:10 ovzhost sshd[1039]: Received disconnect from 43.255.190.174: 11:  [preauth]
Apr 11 05:49:10 ovzhost sshd[1039]: PAM 2 more authentication failures; logname= uid=0 euid=0 tty=ssh ruser= rhost=43.255.190.174  user=root
Apr 11 05:49:10 ovzhost sshd[1041]: pam_unix(sshd:auth): authentication failure; logname= uid=0 euid=0 tty=ssh ruser= rhost=43.255.190.159  user=root
Apr 11 05:49:11 ovzhost sshd[1043]: pam_unix(sshd:auth): authentication failure; logname= uid=0 euid=0 tty=ssh ruser= rhost=43.255.190.174  user=root
Apr 11 05:49:12 ovzhost sshd[1043]: Failed password for root from 43.255.190.174 port 43196 ssh2
Apr 11 05:49:13 ovzhost sshd[1041]: Failed password for root from 43.255.190.159 port 48984 ssh2
Apr 11 05:49:16 ovzhost sshd[1043]: message repeated 2 times: [ Failed password for root from 43.255.190.174 port 43196 ssh2]
Apr 11 05:49:16 ovzhost sshd[1043]: Received disconnect from 43.255.190.174: 11:  [preauth]
Apr 11 05:49:16 ovzhost sshd[1043]: PAM 2 more authentication failures; logname= uid=0 euid=0 tty=ssh ruser= rhost=43.255.190.174  user=root
Apr 11 05:49:16 ovzhost sshd[1041]: message repeated 2 times: [ Failed password for root from 43.255.190.159 port 48984 ssh2]
Apr 11 05:49:16 ovzhost sshd[1041]: Received disconnect from 43.255.190.159: 11:  [preauth]
Apr 11 05:49:16 ovzhost sshd[1041]: PAM 2 more authentication failures; logname= uid=0 euid=0 tty=ssh ruser= rhost=43.255.190.159  user=root
Apr 11 05:49:17 ovzhost sshd[1047]: pam_unix(sshd:auth): authentication failure; logname= uid=0 euid=0 tty=ssh ruser= rhost=43.255.190.174  user=root
Apr 11 05:49:17 ovzhost sshd[1049]: pam_unix(sshd:auth): authentication failure; logname= uid=0 euid=0 tty=ssh ruser= rhost=43.255.190.159  user=root
Apr 11 05:49:19 ovzhost sshd[1047]: Failed password for root from 43.255.190.174 port 57877 ssh2
Apr 11 05:49:19 ovzhost sshd[1049]: Failed password for root from 43.255.190.159 port 33179 ssh2
Apr 11 05:49:23 ovzhost sshd[1047]: message repeated 2 times: [ Failed password for root from 43.255.190.174 port 57877 ssh2]
Apr 11 05:49:23 ovzhost sshd[1047]: Received disconnect from 43.255.190.174: 11:  [preauth]
Apr 11 05:49:23 ovzhost sshd[1047]: PAM 2 more authentication failures; logname= uid=0 euid=0 tty=ssh ruser= rhost=43.255.190.174  user=root
Apr 11 05:49:23 ovzhost sshd[1049]: message repeated 2 times: [ Failed password for root from 43.255.190.159 port 33179 ssh2]
Apr 11 05:49:24 ovzhost sshd[1049]: Received disconnect from 43.255.190.159: 11:  [preauth]
Apr 11 05:49:24 ovzhost sshd[1049]: PAM 2 more authentication failures; logname= uid=0 euid=0 tty=ssh ruser= rhost=43.255.190.159  user=root
Apr 11 05:49:24 ovzhost sshd[1051]: pam_unix(sshd:auth): authentication failure; logname= uid=0 euid=0 tty=ssh ruser= rhost=43.255.190.174  user=root
Apr 11 05:49:24 ovzhost sshd[1053]: pam_unix(sshd:auth): authentication failure; logname= uid=0 euid=0 tty=ssh ruser= rhost=43.255.190.159  user=root
Apr 11 05:49:26 ovzhost sshd[1051]: Failed password for root from 43.255.190.174 port 45368 ssh2
Apr 11 05:49:26 ovzhost sshd[1053]: Failed password for root from 43.255.190.159 port 46904 ssh2
Apr 11 05:49:31 ovzhost sshd[1051]: message repeated 2 times: [ Failed password for root from 43.255.190.174 port 45368 ssh2]
Apr 11 05:49:31 ovzhost sshd[1051]: Received disconnect from 43.255.190.174: 11:  [preauth]
Apr 11 05:49:31 ovzhost sshd[1051]: PAM 2 more authentication failures; logname= uid=0 euid=0 tty=ssh ruser= rhost=43.255.190.174  user=root
Apr 11 05:49:31 ovzhost sshd[1053]: message repeated 2 times: [ Failed password for root from 43.255.190.159 port 46904 ssh2]
Apr 11 05:49:31 ovzhost sshd[1053]: Received disconnect from 43.255.190.159: 11:  [preauth]
Apr 11 05:49:31 ovzhost sshd[1053]: PAM 2 more authentication failures; logname= uid=0 euid=0 tty=ssh ruser= rhost=43.255.190.159  user=root
Apr 11 05:49:32 ovzhost sshd[1055]: pam_unix(sshd:auth): authentication failure; logname= uid=0 euid=0 tty=ssh ruser= rhost=43.255.190.174  user=root
Apr 11 05:49:32 ovzhost sshd[1057]: pam_unix(sshd:auth): authentication failure; logname= uid=0 euid=0 tty=ssh ruser= rhost=43.255.190.159  user=root
Apr 11 05:49:34 ovzhost sshd[1055]: Failed password for root from 43.255.190.174 port 34482 ssh2
Apr 11 05:49:34 ovzhost sshd[1057]: Failed password for root from 43.255.190.159 port 60972 ssh2
Apr 11 05:49:38 ovzhost sshd[1055]: message repeated 2 times: [ Failed password for root from 43.255.190.174 port 34482 ssh2]
Apr 11 05:49:38 ovzhost sshd[1055]: Received disconnect from 43.255.190.174: 11:  [preauth]
Apr 11 05:49:38 ovzhost sshd[1055]: PAM 2 more authentication failures; logname= uid=0 euid=0 tty=ssh ruser= rhost=43.255.190.174  user=root
Apr 11 05:49:38 ovzhost sshd[1057]: message repeated 2 times: [ Failed password for root from 43.255.190.159 port 60972 ssh2]
Apr 11 05:49:38 ovzhost sshd[1057]: Received disconnect from 43.255.190.159: 11:  [preauth]
Apr 11 05:49:38 ovzhost sshd[1057]: PAM 2 more authentication failures; logname= uid=0 euid=0 tty=ssh ruser= rhost=43.255.190.159  user=root
Apr 11 05:49:38 ovzhost sshd[1059]: pam_unix(sshd:auth): authentication failure; logname= uid=0 euid=0 tty=ssh ruser= rhost=43.255.190.174  user=root
Apr 11 05:49:38 ovzhost sshd[1061]: pam_unix(sshd:auth): authentication failure; logname= uid=0 euid=0 tty=ssh ruser= rhost=43.255.190.159  user=root
Apr 11 05:49:40 ovzhost sshd[1059]: Failed password for root from 43.255.190.174 port 49991 ssh2
Apr 11 05:49:40 ovzhost sshd[1061]: Failed password for root from 43.255.190.159 port 46056 ssh2
Apr 11 05:49:45 ovzhost sshd[1059]: message repeated 2 times: [ Failed password for root from 43.255.190.174 port 49991 ssh2]
Apr 11 05:49:45 ovzhost sshd[1059]: Received disconnect from 43.255.190.174: 11:  [preauth]
Apr 11 05:49:45 ovzhost sshd[1059]: PAM 2 more authentication failures; logname= uid=0 euid=0 tty=ssh ruser= rhost=43.255.190.174  user=root
Apr 11 05:49:45 ovzhost sshd[1061]: message repeated 2 times: [ Failed password for root from 43.255.190.159 port 46056 ssh2]
Apr 11 05:49:45 ovzhost sshd[1061]: Received disconnect from 43.255.190.159: 11:  [preauth]
Apr 11 05:49:45 ovzhost sshd[1061]: PAM 2 more authentication failures; logname= uid=0 euid=0 tty=ssh ruser= rhost=43.255.190.159  user=root
Apr 11 05:49:46 ovzhost sshd[1064]: pam_unix(sshd:auth): authentication failure; logname= uid=0 euid=0 tty=ssh ruser= rhost=43.255.190.174  user=root
Apr 11 05:49:47 ovzhost sshd[1066]: pam_unix(sshd:auth): authentication failure; logname= uid=0 euid=0 tty=ssh ruser= rhost=43.255.190.159  user=root
Apr 11 05:49:48 ovzhost sshd[1064]: Failed password for root from 43.255.190.174 port 37263 ssh2
Apr 11 05:49:49 ovzhost sshd[1066]: Failed password for root from 43.255.190.159 port 59179 ssh2
Apr 11 05:49:52 ovzhost sshd[1064]: message repeated 2 times: [ Failed password for root from 43.255.190.174 port 37263 ssh2]
Apr 11 05:49:52 ovzhost sshd[1064]: Received disconnect from 43.255.190.174: 11:  [preauth]
Apr 11 05:49:52 ovzhost sshd[1064]: PAM 2 more authentication failures; logname= uid=0 euid=0 tty=ssh ruser= rhost=43.255.190.174  user=root
Apr 11 05:49:53 ovzhost sshd[1068]: pam_unix(sshd:auth): authentication failure; logname= uid=0 euid=0 tty=ssh ruser= rhost=43.255.190.174  user=root
Apr 11 05:49:54 ovzhost sshd[1066]: message repeated 2 times: [ Failed password for root from 43.255.190.159 port 59179 ssh2]
Apr 11 05:49:54 ovzhost sshd[1066]: Received disconnect from 43.255.190.159: 11:  [preauth]
Apr 11 05:49:54 ovzhost sshd[1066]: PAM 2 more authentication failures; logname= uid=0 euid=0 tty=ssh ruser= rhost=43.255.190.159  user=root
Apr 11 05:49:55 ovzhost sshd[1070]: pam_unix(sshd:auth): authentication failure; logname= uid=0 euid=0 tty=ssh ruser= rhost=43.255.190.159  user=root
Apr 11 05:49:55 ovzhost sshd[1068]: Failed password for root from 43.255.190.174 port 53368 ssh2
Apr 11 05:49:57 ovzhost sshd[1070]: Failed password for root from 43.255.190.159 port 47515 ssh2
Apr 11 05:49:59 ovzhost sshd[1068]: message repeated 2 times: [ Failed password for root from 43.255.190.174 port 53368 ssh2]
Apr 11 05:49:59 ovzhost sshd[1068]: Received disconnect from 43.255.190.174: 11:  [preauth]
Apr 11 05:49:59 ovzhost sshd[1068]: PAM 2 more authentication failures; logname= uid=0 euid=0 tty=ssh ruser= rhost=43.255.190.174  user=root
Apr 11 05:49:59 ovzhost sshd[1072]: pam_unix(sshd:auth): authentication failure; logname= uid=0 euid=0 tty=ssh ruser= rhost=43.255.190.174  user=root
Apr 11 05:50:00 ovzhost sshd[1070]: message repeated 2 times: [ Failed password for root from 43.255.190.159 port 47515 ssh2]
Apr 11 05:50:00 ovzhost sshd[1070]: Received disconnect from 43.255.190.159: 11:  [preauth]
Apr 11 05:50:00 ovzhost sshd[1070]: PAM 2 more authentication failures; logname= uid=0 euid=0 tty=ssh ruser= rhost=43.255.190.159  user=root
Apr 11 05:50:01 ovzhost sshd[1074]: pam_unix(sshd:auth): authentication failure; logname= uid=0 euid=0 tty=ssh ruser= rhost=43.255.190.159  user=root
Apr 11 05:50:02 ovzhost sshd[1072]: Failed password for root from 43.255.190.174 port 39258 ssh2
Apr 11 05:50:03 ovzhost sshd[1074]: Failed password for root from 43.255.190.159 port 59184 ssh2
Apr 11 05:50:06 ovzhost sshd[1072]: message repeated 2 times: [ Failed password for root from 43.255.190.174 port 39258 ssh2]
Apr 11 05:50:06 ovzhost sshd[1072]: Received disconnect from 43.255.190.174: 11:  [preauth]
Apr 11 05:50:06 ovzhost sshd[1072]: PAM 2 more authentication failures; logname= uid=0 euid=0 tty=ssh ruser= rhost=43.255.190.174  user=root
Apr 11 05:50:07 ovzhost sshd[1076]: pam_unix(sshd:auth): authentication failure; logname= uid=0 euid=0 tty=ssh ruser= rhost=43.255.190.174  user=root
Apr 11 05:50:07 ovzhost sshd[1074]: message repeated 2 times: [ Failed password for root from 43.255.190.159 port 59184 ssh2]
Apr 11 05:50:07 ovzhost sshd[1074]: Received disconnect from 43.255.190.159: 11:  [preauth]
Apr 11 05:50:07 ovzhost sshd[1074]: PAM 2 more authentication failures; logname= uid=0 euid=0 tty=ssh ruser= rhost=43.255.190.159  user=root
Apr 11 05:50:08 ovzhost sshd[1078]: pam_unix(sshd:auth): authentication failure; logname= uid=0 euid=0 tty=ssh ruser= rhost=43.255.190.159  user=root
Apr 11 05:50:08 ovzhost sshd[1076]: Failed password for root from 43.255.190.174 port 54683 ssh2
Apr 11 05:50:10 ovzhost sshd[1078]: Failed password for root from 43.255.190.159 port 44011 ssh2
Apr 11 05:50:12 ovzhost sshd[1076]: message repeated 2 times: [ Failed password for root from 43.255.190.174 port 54683 ssh2]
Apr 11 05:50:12 ovzhost sshd[1076]: Received disconnect from 43.255.190.174: 11:  [preauth]
Apr 11 05:50:12 ovzhost sshd[1076]: PAM 2 more authentication failures; logname= uid=0 euid=0 tty=ssh ruser= rhost=43.255.190.174  user=root
Apr 11 05:50:14 ovzhost sshd[1081]: pam_unix(sshd:auth): authentication failure; logname= uid=0 euid=0 tty=ssh ruser= rhost=43.255.190.174  user=root
Apr 11 05:50:15 ovzhost sshd[1078]: message repeated 2 times: [ Failed password for root from 43.255.190.159 port 44011 ssh2]
Apr 11 05:50:15 ovzhost sshd[1078]: Received disconnect from 43.255.190.159: 11:  [preauth]
Apr 11 05:50:15 ovzhost sshd[1078]: PAM 2 more authentication failures; logname= uid=0 euid=0 tty=ssh ruser= rhost=43.255.190.159  user=root
Apr 11 05:50:16 ovzhost sshd[1083]: pam_unix(sshd:auth): authentication failure; logname= uid=0 euid=0 tty=ssh ruser= rhost=43.255.190.159  user=root
Apr 11 05:50:16 ovzhost sshd[1081]: Failed password for root from 43.255.190.174 port 40606 ssh2
Apr 11 05:50:18 ovzhost sshd[1083]: Failed password for root from 43.255.190.159 port 58634 ssh2
Apr 11 05:50:20 ovzhost sshd[1081]: message repeated 2 times: [ Failed password for root from 43.255.190.174 port 40606 ssh2]
Apr 11 05:50:20 ovzhost sshd[1081]: Received disconnect from 43.255.190.174: 11:  [preauth]
Apr 11 05:50:20 ovzhost sshd[1081]: PAM 2 more authentication failures; logname= uid=0 euid=0 tty=ssh ruser= rhost=43.255.190.174  user=root
Apr 11 05:50:21 ovzhost sshd[1085]: pam_unix(sshd:auth): authentication failure; logname= uid=0 euid=0 tty=ssh ruser= rhost=43.255.190.174  user=root
Apr 11 05:50:22 ovzhost sshd[1083]: message repeated 2 times: [ Failed password for root from 43.255.190.159 port 58634 ssh2]
Apr 11 05:50:22 ovzhost sshd[1083]: Received disconnect from 43.255.190.159: 11:  [preauth]
Apr 11 05:50:22 ovzhost sshd[1083]: PAM 2 more authentication failures; logname= uid=0 euid=0 tty=ssh ruser= rhost=43.255.190.159  user=root
Apr 11 05:50:22 ovzhost sshd[1085]: Failed password for root from 43.255.190.174 port 57125 ssh2
Apr 11 05:50:23 ovzhost sshd[1087]: pam_unix(sshd:auth): authentication failure; logname= uid=0 euid=0 tty=ssh ruser= rhost=43.255.190.159  user=root
Apr 11 05:50:25 ovzhost sshd[1087]: Failed password for root from 43.255.190.159 port 42716 ssh2
Apr 11 05:50:26 ovzhost sshd[1085]: message repeated 2 times: [ Failed password for root from 43.255.190.174 port 57125 ssh2]
Apr 11 05:50:26 ovzhost sshd[1085]: Received disconnect from 43.255.190.174: 11:  [preauth]
Apr 11 05:50:26 ovzhost sshd[1085]: PAM 2 more authentication failures; logname= uid=0 euid=0 tty=ssh ruser= rhost=43.255.190.174  user=root
Apr 11 05:50:27 ovzhost sshd[1091]: pam_unix(sshd:auth): authentication failure; logname= uid=0 euid=0 tty=ssh ruser= rhost=43.255.190.174  user=root
Apr 11 05:50:29 ovzhost sshd[1091]: Failed password for root from 43.255.190.174 port 42536 ssh2
Apr 11 05:50:29 ovzhost sshd[1087]: message repeated 2 times: [ Failed password for root from 43.255.190.159 port 42716 ssh2]
Apr 11 05:50:29 ovzhost sshd[1087]: Received disconnect from 43.255.190.159: 11:  [preauth]
Apr 11 05:50:29 ovzhost sshd[1087]: PAM 2 more authentication failures; logname= uid=0 euid=0 tty=ssh ruser= rhost=43.255.190.159  user=root
Apr 11 05:50:30 ovzhost sshd[1093]: pam_unix(sshd:auth): authentication failure; logname= uid=0 euid=0 tty=ssh ruser= rhost=43.255.190.159  user=root
Apr 11 05:50:32 ovzhost sshd[1093]: Failed password for root from 43.255.190.159 port 55902 ssh2
Apr 11 05:50:34 ovzhost sshd[1091]: message repeated 2 times: [ Failed password for root from 43.255.190.174 port 42536 ssh2]
Apr 11 05:50:34 ovzhost sshd[1091]: Received disconnect from 43.255.190.174: 11:  [preauth]
Apr 11 05:50:34 ovzhost sshd[1091]: PAM 2 more authentication failures; logname= uid=0 euid=0 tty=ssh ruser= rhost=43.255.190.174  user=root
Apr 11 05:50:34 ovzhost sshd[1095]: pam_unix(sshd:auth): authentication failure; logname= uid=0 euid=0 tty=ssh ruser= rhost=43.255.190.174  user=root
Apr 11 05:50:36 ovzhost sshd[1095]: Failed password for root from 43.255.190.174 port 58066 ssh2
Apr 11 05:50:37 ovzhost sshd[1093]: message repeated 2 times: [ Failed password for root from 43.255.190.159 port 55902 ssh2]
Apr 11 05:50:37 ovzhost sshd[1093]: Received disconnect from 43.255.190.159: 11:  [preauth]
Apr 11 05:50:37 ovzhost sshd[1093]: PAM 2 more authentication failures; logname= uid=0 euid=0 tty=ssh ruser= rhost=43.255.190.159  user=root
Apr 11 05:50:38 ovzhost sshd[1097]: pam_unix(sshd:auth): authentication failure; logname= uid=0 euid=0 tty=ssh ruser= rhost=43.255.190.159  user=root
Apr 11 05:50:41 ovzhost sshd[1097]: Failed password for root from 43.255.190.159 port 42175 ssh2
Apr 11 05:50:42 ovzhost sshd[1095]: message repeated 2 times: [ Failed password for root from 43.255.190.174 port 58066 ssh2]
Apr 11 05:50:42 ovzhost sshd[1095]: Received disconnect from 43.255.190.174: 11:  [preauth]
Apr 11 05:50:42 ovzhost sshd[1095]: PAM 2 more authentication failures; logname= uid=0 euid=0 tty=ssh ruser= rhost=43.255.190.174  user=root
Apr 11 05:50:42 ovzhost sshd[1099]: pam_unix(sshd:auth): authentication failure; logname= uid=0 euid=0 tty=ssh ruser= rhost=43.255.190.174  user=root
Apr 11 05:50:42 ovzhost sshd[1102]: Connection closed by 128.8.37.120 [preauth]
Apr 11 05:50:45 ovzhost sshd[1099]: Failed password for root from 43.255.190.174 port 46962 ssh2
Apr 11 05:50:45 ovzhost sshd[1097]: message repeated 2 times: [ Failed password for root from 43.255.190.159 port 42175 ssh2]
Apr 11 05:50:45 ovzhost sshd[1097]: Received disconnect from 43.255.190.159: 11:  [preauth]
Apr 11 05:50:45 ovzhost sshd[1097]: PAM 2 more authentication failures; logname= uid=0 euid=0 tty=ssh ruser= rhost=43.255.190.159  user=root
Apr 11 05:50:46 ovzhost sshd[1104]: pam_unix(sshd:auth): authentication failure; logname= uid=0 euid=0 tty=ssh ruser= rhost=43.255.190.159  user=root
Apr 11 05:50:48 ovzhost sshd[1104]: Failed password for root from 43.255.190.159 port 56269 ssh2
Apr 11 05:50:48 ovzhost sshd[1099]: message repeated 2 times: [ Failed password for root from 43.255.190.174 port 46962 ssh2]
Apr 11 05:50:48 ovzhost sshd[1099]: Received disconnect from 43.255.190.174: 11:  [preauth]
Apr 11 05:50:48 ovzhost sshd[1099]: PAM 2 more authentication failures; logname= uid=0 euid=0 tty=ssh ruser= rhost=43.255.190.174  user=root
Apr 11 05:50:49 ovzhost sshd[1106]: pam_unix(sshd:auth): authentication failure; logname= uid=0 euid=0 tty=ssh ruser= rhost=43.255.190.174  user=root
Apr 11 05:50:51 ovzhost sshd[1106]: Failed password for root from 43.255.190.174 port 32995 ssh2
Apr 11 05:50:52 ovzhost sshd[1104]: message repeated 2 times: [ Failed password for root from 43.255.190.159 port 56269 ssh2]
Apr 11 05:50:53 ovzhost sshd[1104]: Received disconnect from 43.255.190.159: 11:  [preauth]
Apr 11 05:50:53 ovzhost sshd[1104]: PAM 2 more authentication failures; logname= uid=0 euid=0 tty=ssh ruser= rhost=43.255.190.159  user=root
Apr 11 05:50:53 ovzhost sshd[1108]: pam_unix(sshd:auth): authentication failure; logname= uid=0 euid=0 tty=ssh ruser= rhost=43.255.190.159  user=root
Apr 11 05:50:55 ovzhost sshd[1106]: message repeated 2 times: [ Failed password for root from 43.255.190.174 port 32995 ssh2]
Apr 11 05:50:55 ovzhost sshd[1106]: Received disconnect from 43.255.190.174: 11:  [preauth]
Apr 11 05:50:55 ovzhost sshd[1106]: PAM 2 more authentication failures; logname= uid=0 euid=0 tty=ssh ruser= rhost=43.255.190.174  user=root
Apr 11 05:50:55 ovzhost sshd[1108]: Failed password for root from 43.255.190.159 port 41219 ssh2
Apr 11 05:50:56 ovzhost sshd[1110]: pam_unix(sshd:auth): authentication failure; logname= uid=0 euid=0 tty=ssh ruser= rhost=43.255.190.174  user=root
Apr 11 05:50:58 ovzhost sshd[1110]: Failed password for root from 43.255.190.174 port 47216 ssh2
Apr 11 05:51:00 ovzhost sshd[1108]: message repeated 2 times: [ Failed password for root from 43.255.190.159 port 41219 ssh2]
Apr 11 05:51:00 ovzhost sshd[1108]: Received disconnect from 43.255.190.159: 11:  [preauth]
Apr 11 05:51:00 ovzhost sshd[1108]: PAM 2 more authentication failures; logname= uid=0 euid=0 tty=ssh ruser= rhost=43.255.190.159  user=root
Apr 11 05:51:01 ovzhost sshd[1112]: pam_unix(sshd:auth): authentication failure; logname= uid=0 euid=0 tty=ssh ruser= rhost=43.255.190.159  user=root
Apr 11 05:51:03 ovzhost sshd[1110]: message repeated 2 times: [ Failed password for root from 43.255.190.174 port 47216 ssh2]
Apr 11 05:51:03 ovzhost sshd[1110]: Received disconnect from 43.255.190.174: 11:  [preauth]
Apr 11 05:51:03 ovzhost sshd[1110]: PAM 2 more authentication failures; logname= uid=0 euid=0 tty=ssh ruser= rhost=43.255.190.174  user=root
Apr 11 05:51:04 ovzhost sshd[1112]: Failed password for root from 43.255.190.159 port 55071 ssh2
Apr 11 05:51:05 ovzhost sshd[1114]: pam_unix(sshd:auth): authentication failure; logname= uid=0 euid=0 tty=ssh ruser= rhost=43.255.190.174  user=root
Apr 11 05:51:07 ovzhost sshd[1114]: Failed password for root from 43.255.190.174 port 35934 ssh2
Apr 11 05:51:10 ovzhost sshd[1112]: message repeated 2 times: [ Failed password for root from 43.255.190.159 port 55071 ssh2]
Apr 11 05:51:10 ovzhost sshd[1112]: Received disconnect from 43.255.190.159: 11:  [preauth]
Apr 11 05:51:10 ovzhost sshd[1112]: PAM 2 more authentication failures; logname= uid=0 euid=0 tty=ssh ruser= rhost=43.255.190.159  user=root
Apr 11 05:51:11 ovzhost sshd[1118]: pam_unix(sshd:auth): authentication failure; logname= uid=0 euid=0 tty=ssh ruser= rhost=43.255.190.159  user=root
Apr 11 05:51:12 ovzhost sshd[1114]: message repeated 2 times: [ Failed password for root from 43.255.190.174 port 35934 ssh2]
Apr 11 05:51:12 ovzhost sshd[1114]: Received disconnect from 43.255.190.174: 11:  [preauth]
Apr 11 05:51:12 ovzhost sshd[1114]: PAM 2 more authentication failures; logname= uid=0 euid=0 tty=ssh ruser= rhost=43.255.190.174  user=root
Apr 11 05:51:12 ovzhost sshd[1120]: pam_unix(sshd:auth): authentication failure; logname= uid=0 euid=0 tty=ssh ruser= rhost=43.255.190.174  user=root
Apr 11 05:51:13 ovzhost sshd[1118]: Failed password for root from 43.255.190.159 port 44754 ssh2
Apr 11 05:51:15 ovzhost sshd[1120]: Failed password for root from 43.255.190.174 port 54311 ssh2
Apr 11 05:51:17 ovzhost sshd[1118]: message repeated 2 times: [ Failed password for root from 43.255.190.159 port 44754 ssh2]
Apr 11 05:51:17 ovzhost sshd[1118]: Received disconnect from 43.255.190.159: 11:  [preauth]
Apr 11 05:51:17 ovzhost sshd[1118]: PAM 2 more authentication failures; logname= uid=0 euid=0 tty=ssh ruser= rhost=43.255.190.159  user=root
Apr 11 05:51:18 ovzhost sshd[1122]: pam_unix(sshd:auth): authentication failure; logname= uid=0 euid=0 tty=ssh ruser= rhost=43.255.190.159  user=root
Apr 11 05:51:19 ovzhost sshd[1120]: message repeated 2 times: [ Failed password for root from 43.255.190.174 port 54311 ssh2]
Apr 11 05:51:19 ovzhost sshd[1120]: Received disconnect from 43.255.190.174: 11:  [preauth]
Apr 11 05:51:19 ovzhost sshd[1120]: PAM 2 more authentication failures; logname= uid=0 euid=0 tty=ssh ruser= rhost=43.255.190.174  user=root
Apr 11 05:51:20 ovzhost sshd[1124]: pam_unix(sshd:auth): authentication failure; logname= uid=0 euid=0 tty=ssh ruser= rhost=43.255.190.174  user=root
Apr 11 05:51:20 ovzhost sshd[1122]: Failed password for root from 43.255.190.159 port 57428 ssh2
Apr 11 05:51:21 ovzhost sshd[1124]: Failed password for root from 43.255.190.174 port 41595 ssh2
Apr 11 05:51:23 ovzhost sshd[1122]: message repeated 2 times: [ Failed password for root from 43.255.190.159 port 57428 ssh2]
Apr 11 05:51:24 ovzhost sshd[1122]: Received disconnect from 43.255.190.159: 11:  [preauth]
Apr 11 05:51:24 ovzhost sshd[1122]: PAM 2 more authentication failures; logname= uid=0 euid=0 tty=ssh ruser= rhost=43.255.190.159  user=root
Apr 11 05:51:24 ovzhost sshd[1126]: pam_unix(sshd:auth): authentication failure; logname= uid=0 euid=0 tty=ssh ruser= rhost=43.255.190.159  user=root
Apr 11 05:51:26 ovzhost sshd[1124]: message repeated 2 times: [ Failed password for root from 43.255.190.174 port 41595 ssh2]
Apr 11 05:51:26 ovzhost sshd[1124]: Received disconnect from 43.255.190.174: 11:  [preauth]
Apr 11 05:51:26 ovzhost sshd[1124]: PAM 2 more authentication failures; logname= uid=0 euid=0 tty=ssh ruser= rhost=43.255.190.174  user=root
Apr 11 05:51:27 ovzhost sshd[1126]: Failed password for root from 43.255.190.159 port 41006 ssh2
Apr 11 05:51:27 ovzhost sshd[1128]: pam_unix(sshd:auth): authentication failure; logname= uid=0 euid=0 tty=ssh ruser= rhost=43.255.190.174  user=root
Apr 11 05:51:28 ovzhost sshd[1128]: Failed password for root from 43.255.190.174 port 56170 ssh2
Apr 11 05:51:31 ovzhost sshd[1126]: message repeated 2 times: [ Failed password for root from 43.255.190.159 port 41006 ssh2]
Apr 11 05:51:31 ovzhost sshd[1126]: Received disconnect from 43.255.190.159: 11:  [preauth]
Apr 11 05:51:31 ovzhost sshd[1126]: PAM 2 more authentication failures; logname= uid=0 euid=0 tty=ssh ruser= rhost=43.255.190.159  user=root
Apr 11 05:51:32 ovzhost sshd[1130]: pam_unix(sshd:auth): authentication failure; logname= uid=0 euid=0 tty=ssh ruser= rhost=43.255.190.159  user=root
Apr 11 05:51:32 ovzhost sshd[1128]: message repeated 2 times: [ Failed password for root from 43.255.190.174 port 56170 ssh2]
Apr 11 05:51:32 ovzhost sshd[1128]: Received disconnect from 43.255.190.174: 11:  [preauth]
Apr 11 05:51:32 ovzhost sshd[1128]: PAM 2 more authentication failures; logname= uid=0 euid=0 tty=ssh ruser= rhost=43.255.190.174  user=root
Apr 11 05:51:33 ovzhost sshd[1134]: pam_unix(sshd:auth): authentication failure; logname= uid=0 euid=0 tty=ssh ruser= rhost=43.255.190.174  user=root
Apr 11 05:51:33 ovzhost sshd[1132]: Invalid user yodelay from 221.146.74.146
Apr 11 05:51:33 ovzhost sshd[1132]: input_userauth_request: invalid user yodelay [preauth]
Apr 11 05:51:33 ovzhost sshd[1132]: pam_unix(sshd:auth): check pass; user unknown
Apr 11 05:51:33 ovzhost sshd[1132]: pam_unix(sshd:auth): authentication failure; logname= uid=0 euid=0 tty=ssh ruser= rhost=221.146.74.146 
Apr 11 05:51:34 ovzhost sshd[1130]: Failed password for root from 43.255.190.159 port 54656 ssh2
Apr 11 05:51:35 ovzhost sshd[1134]: Failed password for root from 43.255.190.174 port 42193 ssh2
Apr 11 05:51:35 ovzhost sshd[1132]: Failed password for invalid user yodelay from 221.146.74.146 port 25038 ssh2
Apr 11 05:51:35 ovzhost sshd[1132]: Connection closed by 221.146.74.146 [preauth]
Apr 11 05:51:38 ovzhost sshd[1130]: message repeated 2 times: [ Failed password for root from 43.255.190.159 port 54656 ssh2]
Apr 11 05:51:38 ovzhost sshd[1130]: Received disconnect from 43.255.190.159: 11:  [preauth]
Apr 11 05:51:38 ovzhost sshd[1130]: PAM 2 more authentication failures; logname= uid=0 euid=0 tty=ssh ruser= rhost=43.255.190.159  user=root
Apr 11 05:51:39 ovzhost sshd[1136]: pam_unix(sshd:auth): authentication failure; logname= uid=0 euid=0 tty=ssh ruser= rhost=43.255.190.159  user=root
Apr 11 05:51:40 ovzhost sshd[1134]: message repeated 2 times: [ Failed password for root from 43.255.190.174 port 42193 ssh2]
Apr 11 05:51:40 ovzhost sshd[1134]: Received disconnect from 43.255.190.174: 11:  [preauth]
Apr 11 05:51:40 ovzhost sshd[1134]: PAM 2 more authentication failures; logname= uid=0 euid=0 tty=ssh ruser= rhost=43.255.190.174  user=root
Apr 11 05:51:40 ovzhost sshd[1138]: pam_unix(sshd:auth): authentication failure; logname= uid=0 euid=0 tty=ssh ruser= rhost=43.255.190.174  user=root
Apr 11 05:51:41 ovzhost sshd[1136]: Failed password for root from 43.255.190.159 port 38567 ssh2
Apr 11 05:51:43 ovzhost sshd[1138]: Failed password for root from 43.255.190.174 port 57646 ssh2
Apr 11 05:51:45 ovzhost sshd[1136]: message repeated 2 times: [ Failed password for root from 43.255.190.159 port 38567 ssh2]
Apr 11 05:51:45 ovzhost sshd[1136]: Received disconnect from 43.255.190.159: 11:  [preauth]
Apr 11 05:51:45 ovzhost sshd[1136]: PAM 2 more authentication failures; logname= uid=0 euid=0 tty=ssh ruser= rhost=43.255.190.159  user=root
Apr 11 05:51:45 ovzhost sshd[1144]: pam_unix(sshd:auth): authentication failure; logname= uid=0 euid=0 tty=ssh ruser= rhost=43.255.190.159  user=root
Apr 11 05:51:47 ovzhost sshd[1138]: message repeated 2 times: [ Failed password for root from 43.255.190.174 port 57646 ssh2]
Apr 11 05:51:47 ovzhost sshd[1138]: Received disconnect from 43.255.190.174: 11:  [preauth]
Apr 11 05:51:47 ovzhost sshd[1138]: PAM 2 more authentication failures; logname= uid=0 euid=0 tty=ssh ruser= rhost=43.255.190.174  user=root
Apr 11 05:51:47 ovzhost sshd[1144]: Failed password for root from 43.255.190.159 port 50696 ssh2
Apr 11 05:51:47 ovzhost sshd[1146]: pam_unix(sshd:auth): authentication failure; logname= uid=0 euid=0 tty=ssh ruser= rhost=43.255.190.174  user=root
Apr 11 05:51:50 ovzhost sshd[1146]: Failed password for root from 43.255.190.174 port 44723 ssh2
Apr 11 05:51:52 ovzhost sshd[1144]: message repeated 2 times: [ Failed password for root from 43.255.190.159 port 50696 ssh2]
Apr 11 05:51:52 ovzhost sshd[1144]: Received disconnect from 43.255.190.159: 11:  [preauth]
Apr 11 05:51:52 ovzhost sshd[1144]: PAM 2 more authentication failures; logname= uid=0 euid=0 tty=ssh ruser= rhost=43.255.190.159  user=root
Apr 11 05:51:54 ovzhost sshd[1146]: message repeated 2 times: [ Failed password for root from 43.255.190.174 port 44723 ssh2]
Apr 11 05:51:54 ovzhost sshd[1146]: Received disconnect from 43.255.190.174: 11:  [preauth]
Apr 11 05:51:54 ovzhost sshd[1146]: PAM 2 more authentication failures; logname= uid=0 euid=0 tty=ssh ruser= rhost=43.255.190.174  user=root
Apr 11 05:51:56 ovzhost sshd[1148]: pam_unix(sshd:auth): authentication failure; logname= uid=0 euid=0 tty=ssh ruser= rhost=43.255.190.159  user=root
Apr 11 05:51:56 ovzhost sshd[1150]: pam_unix(sshd:auth): authentication failure; logname= uid=0 euid=0 tty=ssh ruser= rhost=43.255.190.174  user=root
Apr 11 05:51:58 ovzhost sshd[1148]: Failed password for root from 43.255.190.159 port 35370 ssh2
Apr 11 05:51:58 ovzhost sshd[1150]: Failed password for root from 43.255.190.174 port 59950 ssh2
Apr 11 05:52:02 ovzhost sshd[1148]: message repeated 2 times: [ Failed password for root from 43.255.190.159 port 35370 ssh2]
Apr 11 05:52:02 ovzhost sshd[1148]: Received disconnect from 43.255.190.159: 11:  [preauth]
Apr 11 05:52:02 ovzhost sshd[1148]: PAM 2 more authentication failures; logname= uid=0 euid=0 tty=ssh ruser= rhost=43.255.190.159  user=root
Apr 11 05:52:02 ovzhost sshd[1150]: message repeated 2 times: [ Failed password for root from 43.255.190.174 port 59950 ssh2]
Apr 11 05:52:02 ovzhost sshd[1150]: Received disconnect from 43.255.190.174: 11:  [preauth]
Apr 11 05:52:02 ovzhost sshd[1150]: PAM 2 more authentication failures; logname= uid=0 euid=0 tty=ssh ruser= rhost=43.255.190.174  user=root
Apr 11 05:52:02 ovzhost sshd[1152]: pam_unix(sshd:auth): authentication failure; logname= uid=0 euid=0 tty=ssh ruser= rhost=43.255.190.159  user=root
Apr 11 05:52:02 ovzhost sshd[1154]: pam_unix(sshd:auth): authentication failure; logname= uid=0 euid=0 tty=ssh ruser= rhost=43.255.190.174  user=root
Apr 11 05:52:04 ovzhost sshd[1152]: Failed password for root from 43.255.190.159 port 52815 ssh2
Apr 11 05:52:05 ovzhost sshd[1154]: Failed password for root from 43.255.190.174 port 48437 ssh2
Apr 11 05:52:08 ovzhost sshd[1152]: message repeated 2 times: [ Failed password for root from 43.255.190.159 port 52815 ssh2]
Apr 11 05:52:08 ovzhost sshd[1152]: Received disconnect from 43.255.190.159: 11:  [preauth]
Apr 11 05:52:08 ovzhost sshd[1152]: PAM 2 more authentication failures; logname= uid=0 euid=0 tty=ssh ruser= rhost=43.255.190.159  user=root
Apr 11 05:52:08 ovzhost sshd[1154]: message repeated 2 times: [ Failed password for root from 43.255.190.174 port 48437 ssh2]
Apr 11 05:52:08 ovzhost sshd[1154]: Received disconnect from 43.255.190.174: 11:  [preauth]
Apr 11 05:52:08 ovzhost sshd[1154]: PAM 2 more authentication failures; logname= uid=0 euid=0 tty=ssh ruser= rhost=43.255.190.174  user=root
Apr 11 05:52:09 ovzhost sshd[1157]: pam_unix(sshd:auth): authentication failure; logname= uid=0 euid=0 tty=ssh ruser= rhost=43.255.190.159  user=root
Apr 11 05:52:09 ovzhost sshd[1159]: pam_unix(sshd:auth): authentication failure; logname= uid=0 euid=0 tty=ssh ruser= rhost=43.255.190.174  user=root
Apr 11 05:52:10 ovzhost sshd[1157]: Failed password for root from 43.255.190.159 port 37069 ssh2
Apr 11 05:52:11 ovzhost sshd[1159]: Failed password for root from 43.255.190.174 port 34960 ssh2
Apr 11 05:52:15 ovzhost sshd[1157]: message repeated 2 times: [ Failed password for root from 43.255.190.159 port 37069 ssh2]
Apr 11 05:52:15 ovzhost sshd[1157]: Received disconnect from 43.255.190.159: 11:  [preauth]
Apr 11 05:52:15 ovzhost sshd[1157]: PAM 2 more authentication failures; logname= uid=0 euid=0 tty=ssh ruser= rhost=43.255.190.159  user=root
Apr 11 05:52:16 ovzhost sshd[1159]: message repeated 2 times: [ Failed password for root from 43.255.190.174 port 34960 ssh2]
Apr 11 05:52:16 ovzhost sshd[1159]: Received disconnect from 43.255.190.174: 11:  [preauth]
Apr 11 05:52:16 ovzhost sshd[1159]: PAM 2 more authentication failures; logname= uid=0 euid=0 tty=ssh ruser= rhost=43.255.190.174  user=root
Apr 11 05:52:16 ovzhost sshd[1162]: pam_unix(sshd:auth): authentication failure; logname= uid=0 euid=0 tty=ssh ruser= rhost=43.255.190.159  user=root
Apr 11 05:52:18 ovzhost sshd[1164]: pam_unix(sshd:auth): authentication failure; logname= uid=0 euid=0 tty=ssh ruser= rhost=43.255.190.174  user=root
Apr 11 05:52:18 ovzhost sshd[1162]: Failed password for root from 43.255.190.159 port 49109 ssh2
Apr 11 05:52:19 ovzhost sshd[1164]: Failed password for root from 43.255.190.174 port 49303 ssh2
Apr 11 05:52:22 ovzhost sshd[1162]: message repeated 2 times: [ Failed password for root from 43.255.190.159 port 49109 ssh2]
Apr 11 05:52:22 ovzhost sshd[1162]: Received disconnect from 43.255.190.159: 11:  [preauth]
Apr 11 05:52:22 ovzhost sshd[1162]: PAM 2 more authentication failures; logname= uid=0 euid=0 tty=ssh ruser= rhost=43.255.190.159  user=root
Apr 11 05:52:23 ovzhost sshd[1166]: pam_unix(sshd:auth): authentication failure; logname= uid=0 euid=0 tty=ssh ruser= rhost=43.255.190.159  user=root
Apr 11 05:52:24 ovzhost sshd[1164]: message repeated 2 times: [ Failed password for root from 43.255.190.174 port 49303 ssh2]
Apr 11 05:52:24 ovzhost sshd[1164]: Received disconnect from 43.255.190.174: 11:  [preauth]
Apr 11 05:52:24 ovzhost sshd[1164]: PAM 2 more authentication failures; logname= uid=0 euid=0 tty=ssh ruser= rhost=43.255.190.174  user=root
Apr 11 05:52:25 ovzhost sshd[1166]: Failed password for root from 43.255.190.159 port 34044 ssh2
Apr 11 05:52:25 ovzhost sshd[1168]: pam_unix(sshd:auth): authentication failure; logname= uid=0 euid=0 tty=ssh ruser= rhost=43.255.190.174  user=root
Apr 11 05:52:27 ovzhost sshd[1168]: Failed password for root from 43.255.190.174 port 38731 ssh2
Apr 11 05:52:27 ovzhost sshd[1171]: Connection closed by 127.0.0.1 [preauth]
Apr 11 05:52:30 ovzhost sshd[1166]: message repeated 2 times: [ Failed password for root from 43.255.190.159 port 34044 ssh2]
Apr 11 05:52:30 ovzhost sshd[1166]: Received disconnect from 43.255.190.159: 11:  [preauth]
Apr 11 05:52:30 ovzhost sshd[1166]: PAM 2 more authentication failures; logname= uid=0 euid=0 tty=ssh ruser= rhost=43.255.190.159  user=root
Apr 11 05:52:30 ovzhost sshd[1173]: pam_unix(sshd:auth): authentication failure; logname= uid=0 euid=0 tty=ssh ruser= rhost=43.255.190.159  user=root
Apr 11 05:52:32 ovzhost sshd[1168]: message repeated 2 times: [ Failed password for root from 43.255.190.174 port 38731 ssh2]
Apr 11 05:52:32 ovzhost sshd[1168]: Received disconnect from 43.255.190.174: 11:  [preauth]
Apr 11 05:52:32 ovzhost sshd[1168]: PAM 2 more authentication failures; logname= uid=0 euid=0 tty=ssh ruser= rhost=43.255.190.174  user=root
Apr 11 05:52:32 ovzhost sshd[1175]: pam_unix(sshd:auth): authentication failure; logname= uid=0 euid=0 tty=ssh ruser= rhost=43.255.190.174  user=root
Apr 11 05:52:32 ovzhost sshd[1173]: Failed password for root from 43.255.190.159 port 47941 ssh2
Apr 11 05:52:34 ovzhost sshd[1175]: Failed password for root from 43.255.190.174 port 56076 ssh2
Apr 11 05:52:37 ovzhost sshd[1173]: message repeated 2 times: [ Failed password for root from 43.255.190.159 port 47941 ssh2]
Apr 11 05:52:37 ovzhost sshd[1173]: Received disconnect from 43.255.190.159: 11:  [preauth]
Apr 11 05:52:37 ovzhost sshd[1173]: PAM 2 more authentication failures; logname= uid=0 euid=0 tty=ssh ruser= rhost=43.255.190.159  user=root
Apr 11 05:52:37 ovzhost sshd[1177]: pam_unix(sshd:auth): authentication failure; logname= uid=0 euid=0 tty=ssh ruser= rhost=43.255.190.159  user=root
Apr 11 05:52:39 ovzhost sshd[1175]: message repeated 2 times: [ Failed password for root from 43.255.190.174 port 56076 ssh2]
Apr 11 05:52:39 ovzhost sshd[1175]: Received disconnect from 43.255.190.174: 11:  [preauth]
Apr 11 05:52:39 ovzhost sshd[1175]: PAM 2 more authentication failures; logname= uid=0 euid=0 tty=ssh ruser= rhost=43.255.190.174  user=root
Apr 11 05:52:39 ovzhost sshd[1179]: pam_unix(sshd:auth): authentication failure; logname= uid=0 euid=0 tty=ssh ruser= rhost=43.255.190.174  user=root
Apr 11 05:52:39 ovzhost sshd[1177]: Failed password for root from 43.255.190.159 port 60010 ssh2
Apr 11 05:52:41 ovzhost sshd[1179]: Failed password for root from 43.255.190.174 port 42328 ssh2
Apr 11 05:52:43 ovzhost sshd[1177]: message repeated 2 times: [ Failed password for root from 43.255.190.159 port 60010 ssh2]
Apr 11 05:52:44 ovzhost sshd[1177]: Received disconnect from 43.255.190.159: 11:  [preauth]
Apr 11 05:52:44 ovzhost sshd[1177]: PAM 2 more authentication failures; logname= uid=0 euid=0 tty=ssh ruser= rhost=43.255.190.159  user=root
Apr 11 05:52:45 ovzhost sshd[1181]: pam_unix(sshd:auth): authentication failure; logname= uid=0 euid=0 tty=ssh ruser= rhost=43.255.190.159  user=root
Apr 11 05:52:46 ovzhost sshd[1179]: message repeated 2 times: [ Failed password for root from 43.255.190.174 port 42328 ssh2]
Apr 11 05:52:46 ovzhost sshd[1179]: Received disconnect from 43.255.190.174: 11:  [preauth]
Apr 11 05:52:46 ovzhost sshd[1179]: PAM 2 more authentication failures; logname= uid=0 euid=0 tty=ssh ruser= rhost=43.255.190.174  user=root
Apr 11 05:52:46 ovzhost sshd[1183]: pam_unix(sshd:auth): authentication failure; logname= uid=0 euid=0 tty=ssh ruser= rhost=43.255.190.174  user=root
Apr 11 05:52:48 ovzhost sshd[1181]: Failed password for root from 43.255.190.159 port 44825 ssh2
Apr 11 05:52:48 ovzhost sshd[1183]: Failed password for root from 43.255.190.174 port 57124 ssh2
Apr 11 05:52:52 ovzhost sshd[1181]: message repeated 2 times: [ Failed password for root from 43.255.190.159 port 44825 ssh2]
Apr 11 05:52:52 ovzhost sshd[1181]: Received disconnect from 43.255.190.159: 11:  [preauth]
Apr 11 05:52:52 ovzhost sshd[1181]: PAM 2 more authentication failures; logname= uid=0 euid=0 tty=ssh ruser= rhost=43.255.190.159  user=root
Apr 11 05:52:53 ovzhost sshd[1183]: message repeated 2 times: [ Failed password for root from 43.255.190.174 port 57124 ssh2]
Apr 11 05:52:53 ovzhost sshd[1183]: Received disconnect from 43.255.190.174: 11:  [preauth]
Apr 11 05:52:53 ovzhost sshd[1183]: PAM 2 more authentication failures; logname= uid=0 euid=0 tty=ssh ruser= rhost=43.255.190.174  user=root
Apr 11 05:57:27 ovzhost sshd[1202]: Connection closed by 127.0.0.1 [preauth]
Apr 11 06:00:01 ovzhost CRON[1213]: pam_env(cron:session): Unable to open env file: /etc/default/locale: No such file or directory
Apr 11 06:00:01 ovzhost CRON[1213]: pam_unix(cron:session): session opened for user smmsp by (uid=0)
Apr 11 06:00:01 ovzhost CRON[1213]: pam_unix(cron:session): session closed for user smmsp
Apr 11 06:00:41 ovzhost sshd[1243]: pam_unix(sshd:auth): authentication failure; logname= uid=0 euid=0 tty=ssh ruser= rhost=61.160.213.190  user=root
Apr 11 06:00:42 ovzhost sshd[1243]: Failed password for root from 61.160.213.190 port 40539 ssh2
Apr 11 06:00:42 ovzhost sshd[1246]: Connection closed by 128.8.37.120 [preauth]
Apr 11 06:00:47 ovzhost sshd[1243]: message repeated 2 times: [ Failed password for root from 61.160.213.190 port 40539 ssh2]
Apr 11 06:00:48 ovzhost sshd[1243]: Received disconnect from 61.160.213.190: 11:  [preauth]
Apr 11 06:00:48 ovzhost sshd[1243]: PAM 2 more authentication failures; logname= uid=0 euid=0 tty=ssh ruser= rhost=61.160.213.190  user=root
Apr 11 06:00:50 ovzhost sshd[1248]: pam_unix(sshd:auth): authentication failure; logname= uid=0 euid=0 tty=ssh ruser= rhost=61.160.213.190  user=root
Apr 11 06:00:52 ovzhost sshd[1248]: Failed password for root from 61.160.213.190 port 34819 ssh2
Apr 11 06:00:57 ovzhost sshd[1248]: message repeated 2 times: [ Failed password for root from 61.160.213.190 port 34819 ssh2]
Apr 11 06:00:57 ovzhost sshd[1248]: Received disconnect from 61.160.213.190: 11:  [preauth]
Apr 11 06:00:57 ovzhost sshd[1248]: PAM 2 more authentication failures; logname= uid=0 euid=0 tty=ssh ruser= rhost=61.160.213.190  user=root
Apr 11 06:00:59 ovzhost sshd[1250]: pam_unix(sshd:auth): authentication failure; logname= uid=0 euid=0 tty=ssh ruser= rhost=61.160.213.190  user=root
Apr 11 06:01:00 ovzhost sshd[1250]: Failed password for root from 61.160.213.190 port 56417 ssh2
Apr 11 06:01:04 ovzhost sshd[1250]: message repeated 2 times: [ Failed password for root from 61.160.213.190 port 56417 ssh2]
Apr 11 06:01:05 ovzhost sshd[1250]: Received disconnect from 61.160.213.190: 11:  [preauth]
Apr 11 06:01:05 ovzhost sshd[1250]: PAM 2 more authentication failures; logname= uid=0 euid=0 tty=ssh ruser= rhost=61.160.213.190  user=root
Apr 11 06:01:11 ovzhost sshd[1252]: pam_unix(sshd:auth): authentication failure; logname= uid=0 euid=0 tty=ssh ruser= rhost=61.160.213.190  user=root
Apr 11 06:01:12 ovzhost sshd[1252]: Failed password for root from 61.160.213.190 port 46512 ssh2
Apr 11 06:01:17 ovzhost sshd[1252]: message repeated 2 times: [ Failed password for root from 61.160.213.190 port 46512 ssh2]
Apr 11 06:01:17 ovzhost sshd[1252]: Received disconnect from 61.160.213.190: 11:  [preauth]
Apr 11 06:01:17 ovzhost sshd[1252]: PAM 2 more authentication failures; logname= uid=0 euid=0 tty=ssh ruser= rhost=61.160.213.190  user=root
Apr 11 06:01:19 ovzhost sshd[1256]: pam_unix(sshd:auth): authentication failure; logname= uid=0 euid=0 tty=ssh ruser= rhost=61.160.213.190  user=root
Apr 11 06:01:21 ovzhost sshd[1256]: Failed password for root from 61.160.213.190 port 44078 ssh2
Apr 11 06:01:25 ovzhost sshd[1256]: message repeated 2 times: [ Failed password for root from 61.160.213.190 port 44078 ssh2]
Apr 11 06:01:25 ovzhost sshd[1256]: Received disconnect from 61.160.213.190: 11:  [preauth]
Apr 11 06:01:25 ovzhost sshd[1256]: PAM 2 more authentication failures; logname= uid=0 euid=0 tty=ssh ruser= rhost=61.160.213.190  user=root
Apr 11 06:01:27 ovzhost sshd[1258]: pam_unix(sshd:auth): authentication failure; logname= uid=0 euid=0 tty=ssh ruser= rhost=61.160.213.190  user=root
Apr 11 06:01:29 ovzhost sshd[1258]: Failed password for root from 61.160.213.190 port 35000 ssh2
Apr 11 06:01:34 ovzhost sshd[1258]: message repeated 2 times: [ Failed password for root from 61.160.213.190 port 35000 ssh2]
Apr 11 06:01:34 ovzhost sshd[1258]: Received disconnect from 61.160.213.190: 11:  [preauth]
Apr 11 06:01:34 ovzhost sshd[1258]: PAM 2 more authentication failures; logname= uid=0 euid=0 tty=ssh ruser= rhost=61.160.213.190  user=root
Apr 11 06:01:36 ovzhost sshd[1260]: pam_unix(sshd:auth): authentication failure; logname= uid=0 euid=0 tty=ssh ruser= rhost=61.160.213.190  user=root
Apr 11 06:01:38 ovzhost sshd[1260]: Failed password for root from 61.160.213.190 port 54967 ssh2
Apr 11 06:01:42 ovzhost sshd[1260]: message repeated 2 times: [ Failed password for root from 61.160.213.190 port 54967 ssh2]
Apr 11 06:01:43 ovzhost sshd[1260]: Received disconnect from 61.160.213.190: 11:  [preauth]
Apr 11 06:01:43 ovzhost sshd[1260]: PAM 2 more authentication failures; logname= uid=0 euid=0 tty=ssh ruser= rhost=61.160.213.190  user=root
Apr 11 06:01:44 ovzhost sshd[1262]: pam_unix(sshd:auth): authentication failure; logname= uid=0 euid=0 tty=ssh ruser= rhost=61.160.213.190  user=root
Apr 11 06:01:46 ovzhost sshd[1262]: Failed password for root from 61.160.213.190 port 45045 ssh2
Apr 11 06:01:51 ovzhost sshd[1262]: message repeated 2 times: [ Failed password for root from 61.160.213.190 port 45045 ssh2]
Apr 11 06:01:51 ovzhost sshd[1262]: Received disconnect from 61.160.213.190: 11:  [preauth]
Apr 11 06:01:51 ovzhost sshd[1262]: PAM 2 more authentication failures; logname= uid=0 euid=0 tty=ssh ruser= rhost=61.160.213.190  user=root
Apr 11 06:01:56 ovzhost sshd[1268]: pam_unix(sshd:auth): authentication failure; logname= uid=0 euid=0 tty=ssh ruser= rhost=61.160.213.190  user=root
Apr 11 06:01:58 ovzhost sshd[1268]: Failed password for root from 61.160.213.190 port 35022 ssh2
Apr 11 06:02:01 ovzhost sshd[1268]: message repeated 2 times: [ Failed password for root from 61.160.213.190 port 35022 ssh2]
Apr 11 06:02:02 ovzhost sshd[1268]: Received disconnect from 61.160.213.190: 11:  [preauth]
Apr 11 06:02:02 ovzhost sshd[1268]: PAM 2 more authentication failures; logname= uid=0 euid=0 tty=ssh ruser= rhost=61.160.213.190  user=root
Apr 11 06:02:03 ovzhost sshd[1270]: pam_unix(sshd:auth): authentication failure; logname= uid=0 euid=0 tty=ssh ruser= rhost=61.160.213.190  user=root
Apr 11 06:02:05 ovzhost sshd[1270]: Failed password for root from 61.160.213.190 port 58969 ssh2
Apr 11 06:02:10 ovzhost sshd[1270]: message repeated 2 times: [ Failed password for root from 61.160.213.190 port 58969 ssh2]
Apr 11 06:02:10 ovzhost sshd[1270]: Received disconnect from 61.160.213.190: 11:  [preauth]
Apr 11 06:02:10 ovzhost sshd[1270]: PAM 2 more authentication failures; logname= uid=0 euid=0 tty=ssh ruser= rhost=61.160.213.190  user=root
Apr 11 06:02:13 ovzhost sshd[1274]: pam_unix(sshd:auth): authentication failure; logname= uid=0 euid=0 tty=ssh ruser= rhost=61.160.213.190  user=root
Apr 11 06:02:15 ovzhost sshd[1274]: Failed password for root from 61.160.213.190 port 48795 ssh2
Apr 11 06:02:20 ovzhost sshd[1274]: message repeated 2 times: [ Failed password for root from 61.160.213.190 port 48795 ssh2]
Apr 11 06:02:20 ovzhost sshd[1274]: Received disconnect from 61.160.213.190: 11:  [preauth]
Apr 11 06:02:20 ovzhost sshd[1274]: PAM 2 more authentication failures; logname= uid=0 euid=0 tty=ssh ruser= rhost=61.160.213.190  user=root
Apr 11 06:02:21 ovzhost sshd[1276]: pam_unix(sshd:auth): authentication failure; logname= uid=0 euid=0 tty=ssh ruser= rhost=61.160.213.190  user=root
Apr 11 06:02:24 ovzhost sshd[1276]: Failed password for root from 61.160.213.190 port 40702 ssh2
Apr 11 06:02:27 ovzhost sshd[1279]: Connection closed by 127.0.0.1 [preauth]
Apr 11 06:02:29 ovzhost sshd[1276]: message repeated 2 times: [ Failed password for root from 61.160.213.190 port 40702 ssh2]
Apr 11 06:02:29 ovzhost sshd[1276]: Received disconnect from 61.160.213.190: 11:  [preauth]
Apr 11 06:02:29 ovzhost sshd[1276]: PAM 2 more authentication failures; logname= uid=0 euid=0 tty=ssh ruser= rhost=61.160.213.190  user=root
Apr 11 06:02:33 ovzhost sshd[1281]: pam_unix(sshd:auth): authentication failure; logname= uid=0 euid=0 tty=ssh ruser= rhost=61.160.213.190  user=root
Apr 11 06:02:36 ovzhost sshd[1281]: Failed password for root from 61.160.213.190 port 60934 ssh2
Apr 11 06:02:41 ovzhost sshd[1281]: message repeated 2 times: [ Failed password for root from 61.160.213.190 port 60934 ssh2]
Apr 11 06:02:41 ovzhost sshd[1281]: Received disconnect from 61.160.213.190: 11:  [preauth]
Apr 11 06:02:41 ovzhost sshd[1281]: PAM 2 more authentication failures; logname= uid=0 euid=0 tty=ssh ruser= rhost=61.160.213.190  user=root
Apr 11 06:02:43 ovzhost sshd[1283]: pam_unix(sshd:auth): authentication failure; logname= uid=0 euid=0 tty=ssh ruser= rhost=61.160.213.190  user=root
Apr 11 06:02:45 ovzhost sshd[1283]: Failed password for root from 61.160.213.190 port 57916 ssh2
Apr 11 06:02:50 ovzhost sshd[1283]: message repeated 2 times: [ Failed password for root from 61.160.213.190 port 57916 ssh2]
Apr 11 06:02:50 ovzhost sshd[1283]: Received disconnect from 61.160.213.190: 11:  [preauth]
Apr 11 06:02:50 ovzhost sshd[1283]: PAM 2 more authentication failures; logname= uid=0 euid=0 tty=ssh ruser= rhost=61.160.213.190  user=root
Apr 11 06:02:52 ovzhost sshd[1285]: pam_unix(sshd:auth): authentication failure; logname= uid=0 euid=0 tty=ssh ruser= rhost=61.160.213.190  user=root
Apr 11 06:02:54 ovzhost sshd[1285]: Failed password for root from 61.160.213.190 port 50235 ssh2
Apr 11 06:02:59 ovzhost sshd[1285]: message repeated 2 times: [ Failed password for root from 61.160.213.190 port 50235 ssh2]
Apr 11 06:02:59 ovzhost sshd[1285]: Received disconnect from 61.160.213.190: 11:  [preauth]
Apr 11 06:02:59 ovzhost sshd[1285]: PAM 2 more authentication failures; logname= uid=0 euid=0 tty=ssh ruser= rhost=61.160.213.190  user=root
Apr 11 06:03:01 ovzhost sshd[1287]: pam_unix(sshd:auth): authentication failure; logname= uid=0 euid=0 tty=ssh ruser= rhost=61.160.213.190  user=root
Apr 11 06:03:03 ovzhost sshd[1287]: Failed password for root from 61.160.213.190 port 42653 ssh2
Apr 11 06:03:08 ovzhost sshd[1287]: message repeated 2 times: [ Failed password for root from 61.160.213.190 port 42653 ssh2]
Apr 11 06:03:08 ovzhost sshd[1287]: Received disconnect from 61.160.213.190: 11:  [preauth]
Apr 11 06:03:08 ovzhost sshd[1287]: PAM 2 more authentication failures; logname= uid=0 euid=0 tty=ssh ruser= rhost=61.160.213.190  user=root
