Apr  2 14:31:44 ovzhost sshd[780]: Connection closed by 127.0.0.1 [preauth]
Apr  2 14:35:40 ovzhost sshd[811]: Connection closed by 128.8.37.120 [preauth]
Apr  2 14:36:44 ovzhost sshd[820]: Connection closed by 127.0.0.1 [preauth]
Apr  6 00:31:12 ovzhost sshd[785]: Connection closed by 127.0.0.1 [preauth]
Apr  6 00:35:51 ovzhost sshd[806]: Connection closed by 128.8.37.120 [preauth]
Apr  6 00:36:12 ovzhost sshd[811]: Connection closed by 127.0.0.1 [preauth]
Apr  6 00:39:01 ovzhost CRON[824]: pam_env(cron:session): Unable to open env file: /etc/default/locale: No such file or directory
Apr  6 00:39:01 ovzhost CRON[824]: pam_unix(cron:session): session opened for user root by (uid=0)
Apr  6 00:39:01 ovzhost CRON[824]: pam_unix(cron:session): session closed for user root
Apr  6 00:40:01 ovzhost CRON[837]: pam_env(cron:session): Unable to open env file: /etc/default/locale: No such file or directory
Apr  6 00:40:01 ovzhost CRON[837]: pam_unix(cron:session): session opened for user smmsp by (uid=0)
Apr  6 00:40:01 ovzhost CRON[837]: pam_unix(cron:session): session closed for user smmsp
Apr  6 00:41:12 ovzhost sshd[867]: Connection closed by 127.0.0.1 [preauth]
Apr  6 00:45:09 ovzhost sshd[885]: pam_unix(sshd:auth): authentication failure; logname= uid=0 euid=0 tty=ssh ruser= rhost=58.218.201.19  user=root
Apr  6 00:45:10 ovzhost sshd[885]: Failed password for root from 58.218.201.19 port 57789 ssh2
Apr  6 00:45:15 ovzhost sshd[885]: message repeated 2 times: [ Failed password for root from 58.218.201.19 port 57789 ssh2]
Apr  6 00:45:15 ovzhost sshd[885]: Received disconnect from 58.218.201.19: 11:  [preauth]
Apr  6 00:45:15 ovzhost sshd[885]: PAM 2 more authentication failures; logname= uid=0 euid=0 tty=ssh ruser= rhost=58.218.201.19  user=root
Apr  6 00:45:18 ovzhost sshd[887]: pam_unix(sshd:auth): authentication failure; logname= uid=0 euid=0 tty=ssh ruser= rhost=58.218.201.19  user=root
Apr  6 00:45:19 ovzhost sshd[887]: Failed password for root from 58.218.201.19 port 36425 ssh2
Apr  6 00:45:24 ovzhost sshd[887]: message repeated 2 times: [ Failed password for root from 58.218.201.19 port 36425 ssh2]
Apr  6 00:45:24 ovzhost sshd[887]: Received disconnect from 58.218.201.19: 11:  [preauth]
Apr  6 00:45:24 ovzhost sshd[887]: PAM 2 more authentication failures; logname= uid=0 euid=0 tty=ssh ruser= rhost=58.218.201.19  user=root
Apr  6 00:45:26 ovzhost sshd[890]: pam_unix(sshd:auth): authentication failure; logname= uid=0 euid=0 tty=ssh ruser= rhost=58.218.201.19  user=root
Apr  6 00:45:27 ovzhost sshd[890]: Failed password for root from 58.218.201.19 port 42927 ssh2
Apr  6 00:45:32 ovzhost sshd[890]: message repeated 2 times: [ Failed password for root from 58.218.201.19 port 42927 ssh2]
Apr  6 00:45:32 ovzhost sshd[890]: Received disconnect from 58.218.201.19: 11:  [preauth]
Apr  6 00:45:32 ovzhost sshd[890]: PAM 2 more authentication failures; logname= uid=0 euid=0 tty=ssh ruser= rhost=58.218.201.19  user=root
Apr  6 00:45:34 ovzhost sshd[892]: pam_unix(sshd:auth): authentication failure; logname= uid=0 euid=0 tty=ssh ruser= rhost=58.218.201.19  user=root
Apr  6 00:45:36 ovzhost sshd[892]: Failed password for root from 58.218.201.19 port 49104 ssh2
Apr  6 00:45:41 ovzhost sshd[892]: message repeated 2 times: [ Failed password for root from 58.218.201.19 port 49104 ssh2]
Apr  6 00:45:42 ovzhost sshd[892]: Received disconnect from 58.218.201.19: 11:  [preauth]
Apr  6 00:45:42 ovzhost sshd[892]: PAM 2 more authentication failures; logname= uid=0 euid=0 tty=ssh ruser= rhost=58.218.201.19  user=root
Apr  6 00:45:46 ovzhost sshd[895]: pam_unix(sshd:auth): authentication failure; logname= uid=0 euid=0 tty=ssh ruser= rhost=58.218.201.19  user=root
Apr  6 00:45:48 ovzhost sshd[895]: Failed password for root from 58.218.201.19 port 55763 ssh2
Apr  6 00:45:51 ovzhost sshd[898]: Connection closed by 128.8.37.120 [preauth]
Apr  6 00:45:53 ovzhost sshd[895]: message repeated 2 times: [ Failed password for root from 58.218.201.19 port 55763 ssh2]
Apr  6 00:45:53 ovzhost sshd[895]: Received disconnect from 58.218.201.19: 11:  [preauth]
Apr  6 00:45:53 ovzhost sshd[895]: PAM 2 more authentication failures; logname= uid=0 euid=0 tty=ssh ruser= rhost=58.218.201.19  user=root
Apr  6 00:45:56 ovzhost sshd[900]: pam_unix(sshd:auth): authentication failure; logname= uid=0 euid=0 tty=ssh ruser= rhost=58.218.201.19  user=root
Apr  6 00:45:57 ovzhost sshd[900]: Failed password for root from 58.218.201.19 port 36068 ssh2
Apr  6 00:46:03 ovzhost sshd[900]: message repeated 2 times: [ Failed password for root from 58.218.201.19 port 36068 ssh2]
Apr  6 00:46:03 ovzhost sshd[900]: Received disconnect from 58.218.201.19: 11:  [preauth]
Apr  6 00:46:03 ovzhost sshd[900]: PAM 2 more authentication failures; logname= uid=0 euid=0 tty=ssh ruser= rhost=58.218.201.19  user=root
Apr  6 00:46:06 ovzhost sshd[902]: pam_unix(sshd:auth): authentication failure; logname= uid=0 euid=0 tty=ssh ruser= rhost=58.218.201.19  user=root
Apr  6 00:46:08 ovzhost sshd[902]: Failed password for root from 58.218.201.19 port 43335 ssh2
Apr  6 00:46:12 ovzhost sshd[905]: Connection closed by 127.0.0.1 [preauth]
Apr  6 00:46:15 ovzhost sshd[902]: message repeated 2 times: [ Failed password for root from 58.218.201.19 port 43335 ssh2]
Apr  6 00:46:15 ovzhost sshd[902]: Received disconnect from 58.218.201.19: 11:  [preauth]
Apr  6 00:46:15 ovzhost sshd[902]: PAM 2 more authentication failures; logname= uid=0 euid=0 tty=ssh ruser= rhost=58.218.201.19  user=root
Apr  6 00:46:17 ovzhost sshd[909]: pam_unix(sshd:auth): authentication failure; logname= uid=0 euid=0 tty=ssh ruser= rhost=58.218.201.19  user=root
Apr  6 00:46:20 ovzhost sshd[909]: Failed password for root from 58.218.201.19 port 52391 ssh2
Apr  6 00:46:24 ovzhost sshd[909]: message repeated 2 times: [ Failed password for root from 58.218.201.19 port 52391 ssh2]
Apr  6 00:46:24 ovzhost sshd[909]: Received disconnect from 58.218.201.19: 11:  [preauth]
Apr  6 00:46:24 ovzhost sshd[909]: PAM 2 more authentication failures; logname= uid=0 euid=0 tty=ssh ruser= rhost=58.218.201.19  user=root
Apr  6 00:46:27 ovzhost sshd[911]: pam_unix(sshd:auth): authentication failure; logname= uid=0 euid=0 tty=ssh ruser= rhost=58.218.201.19  user=root
Apr  6 00:46:28 ovzhost sshd[911]: Failed password for root from 58.218.201.19 port 59132 ssh2
Apr  6 00:46:33 ovzhost sshd[911]: message repeated 2 times: [ Failed password for root from 58.218.201.19 port 59132 ssh2]
Apr  6 00:46:33 ovzhost sshd[911]: Received disconnect from 58.218.201.19: 11:  [preauth]
Apr  6 00:46:33 ovzhost sshd[911]: PAM 2 more authentication failures; logname= uid=0 euid=0 tty=ssh ruser= rhost=58.218.201.19  user=root
Apr  6 00:46:35 ovzhost sshd[913]: pam_unix(sshd:auth): authentication failure; logname= uid=0 euid=0 tty=ssh ruser= rhost=58.218.201.19  user=root
Apr  6 00:46:37 ovzhost sshd[913]: Failed password for root from 58.218.201.19 port 37475 ssh2
Apr  6 00:46:42 ovzhost sshd[913]: message repeated 2 times: [ Failed password for root from 58.218.201.19 port 37475 ssh2]
Apr  6 00:46:42 ovzhost sshd[913]: Received disconnect from 58.218.201.19: 11:  [preauth]
Apr  6 00:46:42 ovzhost sshd[913]: PAM 2 more authentication failures; logname= uid=0 euid=0 tty=ssh ruser= rhost=58.218.201.19  user=root
Apr  6 00:46:44 ovzhost sshd[915]: pam_unix(sshd:auth): authentication failure; logname= uid=0 euid=0 tty=ssh ruser= rhost=58.218.201.19  user=root
Apr  6 00:46:46 ovzhost sshd[915]: Failed password for root from 58.218.201.19 port 44006 ssh2
Apr  6 00:46:51 ovzhost sshd[915]: message repeated 2 times: [ Failed password for root from 58.218.201.19 port 44006 ssh2]
Apr  6 00:46:51 ovzhost sshd[915]: Received disconnect from 58.218.201.19: 11:  [preauth]
Apr  6 00:46:51 ovzhost sshd[915]: PAM 2 more authentication failures; logname= uid=0 euid=0 tty=ssh ruser= rhost=58.218.201.19  user=root
Apr  6 00:46:53 ovzhost sshd[919]: pam_unix(sshd:auth): authentication failure; logname= uid=0 euid=0 tty=ssh ruser= rhost=58.218.201.19  user=root
Apr  6 00:46:55 ovzhost sshd[919]: Failed password for root from 58.218.201.19 port 50713 ssh2
Apr  6 00:47:00 ovzhost sshd[919]: message repeated 2 times: [ Failed password for root from 58.218.201.19 port 50713 ssh2]
Apr  6 00:47:00 ovzhost sshd[919]: Received disconnect from 58.218.201.19: 11:  [preauth]
Apr  6 00:47:00 ovzhost sshd[919]: PAM 2 more authentication failures; logname= uid=0 euid=0 tty=ssh ruser= rhost=58.218.201.19  user=root
Apr  6 00:47:02 ovzhost sshd[923]: pam_unix(sshd:auth): authentication failure; logname= uid=0 euid=0 tty=ssh ruser= rhost=58.218.201.19  user=root
Apr  6 00:47:04 ovzhost sshd[923]: Failed password for root from 58.218.201.19 port 56790 ssh2
Apr  6 00:47:09 ovzhost sshd[923]: message repeated 2 times: [ Failed password for root from 58.218.201.19 port 56790 ssh2]
Apr  6 00:47:09 ovzhost sshd[923]: Received disconnect from 58.218.201.19: 11:  [preauth]
Apr  6 00:47:09 ovzhost sshd[923]: PAM 2 more authentication failures; logname= uid=0 euid=0 tty=ssh ruser= rhost=58.218.201.19  user=root
Apr  6 00:47:11 ovzhost sshd[925]: pam_unix(sshd:auth): authentication failure; logname= uid=0 euid=0 tty=ssh ruser= rhost=58.218.201.19  user=root
Apr  6 00:47:13 ovzhost sshd[925]: Failed password for root from 58.218.201.19 port 35468 ssh2
Apr  6 00:47:19 ovzhost sshd[925]: message repeated 2 times: [ Failed password for root from 58.218.201.19 port 35468 ssh2]
Apr  6 00:47:19 ovzhost sshd[925]: Received disconnect from 58.218.201.19: 11:  [preauth]
Apr  6 00:47:19 ovzhost sshd[925]: PAM 2 more authentication failures; logname= uid=0 euid=0 tty=ssh ruser= rhost=58.218.201.19  user=root
Apr  6 00:47:21 ovzhost sshd[928]: pam_unix(sshd:auth): authentication failure; logname= uid=0 euid=0 tty=ssh ruser= rhost=58.218.201.19  user=root
Apr  6 00:47:23 ovzhost sshd[928]: Failed password for root from 58.218.201.19 port 42615 ssh2
Apr  6 00:47:27 ovzhost sshd[928]: message repeated 2 times: [ Failed password for root from 58.218.201.19 port 42615 ssh2]
Apr  6 00:47:28 ovzhost sshd[928]: Received disconnect from 58.218.201.19: 11:  [preauth]
Apr  6 00:47:28 ovzhost sshd[928]: PAM 2 more authentication failures; logname= uid=0 euid=0 tty=ssh ruser= rhost=58.218.201.19  user=root
Apr  6 00:47:30 ovzhost sshd[932]: pam_unix(sshd:auth): authentication failure; logname= uid=0 euid=0 tty=ssh ruser= rhost=58.218.201.19  user=root
Apr  6 00:47:32 ovzhost sshd[932]: Failed password for root from 58.218.201.19 port 48937 ssh2
Apr  6 00:47:37 ovzhost sshd[932]: message repeated 2 times: [ Failed password for root from 58.218.201.19 port 48937 ssh2]
Apr  6 00:47:37 ovzhost sshd[932]: Received disconnect from 58.218.201.19: 11:  [preauth]
Apr  6 00:47:37 ovzhost sshd[932]: PAM 2 more authentication failures; logname= uid=0 euid=0 tty=ssh ruser= rhost=58.218.201.19  user=root
Apr  6 00:47:39 ovzhost sshd[934]: pam_unix(sshd:auth): authentication failure; logname= uid=0 euid=0 tty=ssh ruser= rhost=58.218.201.19  user=root
Apr  6 00:47:42 ovzhost sshd[934]: Failed password for root from 58.218.201.19 port 56086 ssh2
Apr  6 00:47:46 ovzhost sshd[934]: message repeated 2 times: [ Failed password for root from 58.218.201.19 port 56086 ssh2]
Apr  6 00:47:47 ovzhost sshd[934]: Received disconnect from 58.218.201.19: 11:  [preauth]
Apr  6 00:47:47 ovzhost sshd[934]: PAM 2 more authentication failures; logname= uid=0 euid=0 tty=ssh ruser= rhost=58.218.201.19  user=root
Apr  6 00:47:50 ovzhost sshd[936]: pam_unix(sshd:auth): authentication failure; logname= uid=0 euid=0 tty=ssh ruser= rhost=58.218.201.19  user=root
Apr  6 00:47:52 ovzhost sshd[936]: Failed password for root from 58.218.201.19 port 35141 ssh2
Apr  6 00:47:59 ovzhost sshd[936]: message repeated 2 times: [ Failed password for root from 58.218.201.19 port 35141 ssh2]
Apr  6 00:48:00 ovzhost sshd[936]: Received disconnect from 58.218.201.19: 11:  [preauth]
Apr  6 00:48:00 ovzhost sshd[936]: PAM 2 more authentication failures; logname= uid=0 euid=0 tty=ssh ruser= rhost=58.218.201.19  user=root
Apr  6 00:48:02 ovzhost sshd[938]: pam_unix(sshd:auth): authentication failure; logname= uid=0 euid=0 tty=ssh ruser= rhost=58.218.201.19  user=root
Apr  6 00:48:04 ovzhost sshd[938]: Failed password for root from 58.218.201.19 port 44084 ssh2
Apr  6 00:48:09 ovzhost sshd[938]: message repeated 2 times: [ Failed password for root from 58.218.201.19 port 44084 ssh2]
Apr  6 00:48:09 ovzhost sshd[938]: Received disconnect from 58.218.201.19: 11:  [preauth]
Apr  6 00:48:09 ovzhost sshd[938]: PAM 2 more authentication failures; logname= uid=0 euid=0 tty=ssh ruser= rhost=58.218.201.19  user=root
Apr  6 00:48:12 ovzhost sshd[940]: pam_unix(sshd:auth): authentication failure; logname= uid=0 euid=0 tty=ssh ruser= rhost=58.218.201.19  user=root
Apr  6 00:48:15 ovzhost sshd[940]: Failed password for root from 58.218.201.19 port 51098 ssh2
Apr  6 00:48:19 ovzhost sshd[940]: message repeated 2 times: [ Failed password for root from 58.218.201.19 port 51098 ssh2]
Apr  6 00:48:20 ovzhost sshd[940]: Received disconnect from 58.218.201.19: 11:  [preauth]
Apr  6 00:48:20 ovzhost sshd[940]: PAM 2 more authentication failures; logname= uid=0 euid=0 tty=ssh ruser= rhost=58.218.201.19  user=root
Apr  6 00:48:23 ovzhost sshd[943]: pam_unix(sshd:auth): authentication failure; logname= uid=0 euid=0 tty=ssh ruser= rhost=58.218.201.19  user=root
Apr  6 00:48:25 ovzhost sshd[943]: Failed password for root from 58.218.201.19 port 59179 ssh2
Apr  6 00:48:30 ovzhost sshd[943]: message repeated 2 times: [ Failed password for root from 58.218.201.19 port 59179 ssh2]
Apr  6 00:48:31 ovzhost sshd[943]: Received disconnect from 58.218.201.19: 11:  [preauth]
Apr  6 00:48:31 ovzhost sshd[943]: PAM 2 more authentication failures; logname= uid=0 euid=0 tty=ssh ruser= rhost=58.218.201.19  user=root
Apr  6 00:51:12 ovzhost sshd[952]: Connection closed by 127.0.0.1 [preauth]
Apr  6 00:55:51 ovzhost sshd[975]: Connection closed by 128.8.37.120 [preauth]
Apr  6 00:56:12 ovzhost sshd[978]: Connection closed by 127.0.0.1 [preauth]
Apr  6 01:00:01 ovzhost CRON[994]: pam_env(cron:session): Unable to open env file: /etc/default/locale: No such file or directory
Apr  6 01:00:01 ovzhost CRON[994]: pam_unix(cron:session): session opened for user smmsp by (uid=0)
Apr  6 01:00:01 ovzhost CRON[994]: pam_unix(cron:session): session closed for user smmsp
Apr  6 01:01:12 ovzhost sshd[1023]: Connection closed by 127.0.0.1 [preauth]
Apr  6 01:04:20 ovzhost sshd[1042]: Invalid user test from 80.242.123.130
Apr  6 01:04:20 ovzhost sshd[1042]: input_userauth_request: invalid user test [preauth]
Apr  6 01:04:20 ovzhost sshd[1042]: pam_unix(sshd:auth): check pass; user unknown
Apr  6 01:04:20 ovzhost sshd[1042]: pam_unix(sshd:auth): authentication failure; logname= uid=0 euid=0 tty=ssh ruser= rhost=130-123-242-80.pppoe.dyn.broadband.blic.net 
Apr  6 01:04:23 ovzhost sshd[1042]: Failed password for invalid user test from 80.242.123.130 port 40705 ssh2
Apr  6 01:04:23 ovzhost sshd[1042]: Received disconnect from 80.242.123.130: 11: Bye Bye [preauth]
Apr  6 01:05:51 ovzhost sshd[1048]: Connection closed by 128.8.37.120 [preauth]
Apr  6 01:06:12 ovzhost sshd[1051]: Connection closed by 127.0.0.1 [preauth]
Apr  6 01:09:01 ovzhost CRON[1066]: pam_env(cron:session): Unable to open env file: /etc/default/locale: No such file or directory
Apr  6 01:09:01 ovzhost CRON[1065]: pam_env(cron:session): Unable to open env file: /etc/default/locale: No such file or directory
Apr  6 01:09:01 ovzhost CRON[1065]: pam_unix(cron:session): session opened for user root by (uid=0)
Apr  6 01:09:01 ovzhost CRON[1066]: pam_unix(cron:session): session opened for user root by (uid=0)
Apr  6 01:09:01 ovzhost CRON[1065]: pam_unix(cron:session): session closed for user root
Apr  6 01:09:01 ovzhost CRON[1066]: pam_unix(cron:session): session closed for user root
Apr  6 01:11:12 ovzhost sshd[1084]: Connection closed by 127.0.0.1 [preauth]
Apr  6 01:15:51 ovzhost sshd[1107]: Connection closed by 128.8.37.120 [preauth]
Apr  6 01:16:12 ovzhost sshd[1110]: Connection closed by 127.0.0.1 [preauth]
Apr  6 01:17:31 ovzhost sshd[1121]: pam_unix(sshd:auth): authentication failure; logname= uid=0 euid=0 tty=ssh ruser= rhost=43.255.190.142  user=root
Apr  6 01:17:32 ovzhost sshd[1121]: Failed password for root from 43.255.190.142 port 37645 ssh2
Apr  6 01:17:38 ovzhost sshd[1123]: pam_unix(sshd:auth): authentication failure; logname= uid=0 euid=0 tty=ssh ruser= rhost=43.255.190.142  user=root
Apr  6 01:17:37 ovzhost sshd[1121]: message repeated 2 times: [ Failed password for root from 43.255.190.142 port 37645 ssh2]
Apr  6 01:17:38 ovzhost sshd[1121]: Received disconnect from 43.255.190.142: 11:  [preauth]
Apr  6 01:17:38 ovzhost sshd[1121]: PAM 2 more authentication failures; logname= uid=0 euid=0 tty=ssh ruser= rhost=43.255.190.142  user=root
Apr  6 01:17:40 ovzhost sshd[1123]: Failed password for root from 43.255.190.142 port 54157 ssh2
Apr  6 01:17:44 ovzhost sshd[1123]: message repeated 2 times: [ Failed password for root from 43.255.190.142 port 54157 ssh2]
Apr  6 01:17:44 ovzhost sshd[1123]: Received disconnect from 43.255.190.142: 11:  [preauth]
Apr  6 01:17:44 ovzhost sshd[1123]: PAM 2 more authentication failures; logname= uid=0 euid=0 tty=ssh ruser= rhost=43.255.190.142  user=root
Apr  6 01:17:45 ovzhost sshd[1125]: pam_unix(sshd:auth): authentication failure; logname= uid=0 euid=0 tty=ssh ruser= rhost=43.255.190.142  user=root
Apr  6 01:17:48 ovzhost sshd[1125]: Failed password for root from 43.255.190.142 port 41405 ssh2
Apr  6 01:17:52 ovzhost sshd[1125]: message repeated 2 times: [ Failed password for root from 43.255.190.142 port 41405 ssh2]
Apr  6 01:17:52 ovzhost sshd[1125]: Received disconnect from 43.255.190.142: 11:  [preauth]
Apr  6 01:17:52 ovzhost sshd[1125]: PAM 2 more authentication failures; logname= uid=0 euid=0 tty=ssh ruser= rhost=43.255.190.142  user=root
Apr  6 01:17:53 ovzhost sshd[1127]: pam_unix(sshd:auth): authentication failure; logname= uid=0 euid=0 tty=ssh ruser= rhost=43.255.190.142  user=root
Apr  6 01:17:55 ovzhost sshd[1127]: Failed password for root from 43.255.190.142 port 59903 ssh2
Apr  6 01:17:59 ovzhost sshd[1127]: message repeated 2 times: [ Failed password for root from 43.255.190.142 port 59903 ssh2]
Apr  6 01:17:59 ovzhost sshd[1127]: Received disconnect from 43.255.190.142: 11:  [preauth]
Apr  6 01:17:59 ovzhost sshd[1127]: PAM 2 more authentication failures; logname= uid=0 euid=0 tty=ssh ruser= rhost=43.255.190.142  user=root
Apr  6 01:18:01 ovzhost sshd[1129]: pam_unix(sshd:auth): authentication failure; logname= uid=0 euid=0 tty=ssh ruser= rhost=43.255.190.142  user=root
Apr  6 01:18:03 ovzhost sshd[1129]: Failed password for root from 43.255.190.142 port 48132 ssh2
Apr  6 01:18:07 ovzhost sshd[1129]: message repeated 2 times: [ Failed password for root from 43.255.190.142 port 48132 ssh2]
Apr  6 01:18:07 ovzhost sshd[1129]: Received disconnect from 43.255.190.142: 11:  [preauth]
Apr  6 01:18:07 ovzhost sshd[1129]: PAM 2 more authentication failures; logname= uid=0 euid=0 tty=ssh ruser= rhost=43.255.190.142  user=root
Apr  6 01:18:07 ovzhost sshd[1131]: pam_unix(sshd:auth): authentication failure; logname= uid=0 euid=0 tty=ssh ruser= rhost=43.255.190.142  user=root
Apr  6 01:18:09 ovzhost sshd[1131]: Failed password for root from 43.255.190.142 port 36767 ssh2
Apr  6 01:18:14 ovzhost sshd[1131]: message repeated 2 times: [ Failed password for root from 43.255.190.142 port 36767 ssh2]
Apr  6 01:18:14 ovzhost sshd[1131]: Received disconnect from 43.255.190.142: 11:  [preauth]
Apr  6 01:18:14 ovzhost sshd[1131]: PAM 2 more authentication failures; logname= uid=0 euid=0 tty=ssh ruser= rhost=43.255.190.142  user=root
Apr  6 01:18:14 ovzhost sshd[1133]: pam_unix(sshd:auth): authentication failure; logname= uid=0 euid=0 tty=ssh ruser= rhost=43.255.190.142  user=root
Apr  6 01:18:16 ovzhost sshd[1133]: Failed password for root from 43.255.190.142 port 52247 ssh2
Apr  6 01:18:21 ovzhost sshd[1133]: message repeated 2 times: [ Failed password for root from 43.255.190.142 port 52247 ssh2]
Apr  6 01:18:21 ovzhost sshd[1133]: Received disconnect from 43.255.190.142: 11:  [preauth]
Apr  6 01:18:21 ovzhost sshd[1133]: PAM 2 more authentication failures; logname= uid=0 euid=0 tty=ssh ruser= rhost=43.255.190.142  user=root
Apr  6 01:18:21 ovzhost sshd[1136]: pam_unix(sshd:auth): authentication failure; logname= uid=0 euid=0 tty=ssh ruser= rhost=43.255.190.142  user=root
Apr  6 01:18:23 ovzhost sshd[1136]: Failed password for root from 43.255.190.142 port 39832 ssh2
Apr  6 01:18:28 ovzhost sshd[1136]: message repeated 2 times: [ Failed password for root from 43.255.190.142 port 39832 ssh2]
Apr  6 01:18:28 ovzhost sshd[1136]: Received disconnect from 43.255.190.142: 11:  [preauth]
Apr  6 01:18:28 ovzhost sshd[1136]: PAM 2 more authentication failures; logname= uid=0 euid=0 tty=ssh ruser= rhost=43.255.190.142  user=root
Apr  6 01:18:29 ovzhost sshd[1138]: pam_unix(sshd:auth): authentication failure; logname= uid=0 euid=0 tty=ssh ruser= rhost=43.255.190.142  user=root
Apr  6 01:18:31 ovzhost sshd[1138]: Failed password for root from 43.255.190.142 port 56367 ssh2
Apr  6 01:18:35 ovzhost sshd[1138]: message repeated 2 times: [ Failed password for root from 43.255.190.142 port 56367 ssh2]
Apr  6 01:18:35 ovzhost sshd[1138]: Received disconnect from 43.255.190.142: 11:  [preauth]
Apr  6 01:18:35 ovzhost sshd[1138]: PAM 2 more authentication failures; logname= uid=0 euid=0 tty=ssh ruser= rhost=43.255.190.142  user=root
Apr  6 01:18:36 ovzhost sshd[1140]: pam_unix(sshd:auth): authentication failure; logname= uid=0 euid=0 tty=ssh ruser= rhost=43.255.190.142  user=root
Apr  6 01:18:38 ovzhost sshd[1140]: Failed password for root from 43.255.190.142 port 43399 ssh2
Apr  6 01:18:42 ovzhost sshd[1140]: message repeated 2 times: [ Failed password for root from 43.255.190.142 port 43399 ssh2]
Apr  6 01:18:42 ovzhost sshd[1140]: Received disconnect from 43.255.190.142: 11:  [preauth]
Apr  6 01:18:42 ovzhost sshd[1140]: PAM 2 more authentication failures; logname= uid=0 euid=0 tty=ssh ruser= rhost=43.255.190.142  user=root
Apr  6 01:18:43 ovzhost sshd[1142]: pam_unix(sshd:auth): authentication failure; logname= uid=0 euid=0 tty=ssh ruser= rhost=43.255.190.142  user=root
Apr  6 01:18:44 ovzhost sshd[1142]: Failed password for root from 43.255.190.142 port 59579 ssh2
Apr  6 01:18:48 ovzhost sshd[1142]: message repeated 2 times: [ Failed password for root from 43.255.190.142 port 59579 ssh2]
Apr  6 01:18:48 ovzhost sshd[1142]: Received disconnect from 43.255.190.142: 11:  [preauth]
Apr  6 01:18:48 ovzhost sshd[1142]: PAM 2 more authentication failures; logname= uid=0 euid=0 tty=ssh ruser= rhost=43.255.190.142  user=root
Apr  6 01:18:50 ovzhost sshd[1144]: pam_unix(sshd:auth): authentication failure; logname= uid=0 euid=0 tty=ssh ruser= rhost=43.255.190.142  user=root
Apr  6 01:18:52 ovzhost sshd[1144]: Failed password for root from 43.255.190.142 port 45480 ssh2
Apr  6 01:18:57 ovzhost sshd[1144]: message repeated 2 times: [ Failed password for root from 43.255.190.142 port 45480 ssh2]
Apr  6 01:18:57 ovzhost sshd[1144]: Received disconnect from 43.255.190.142: 11:  [preauth]
Apr  6 01:18:57 ovzhost sshd[1144]: PAM 2 more authentication failures; logname= uid=0 euid=0 tty=ssh ruser= rhost=43.255.190.142  user=root
Apr  6 01:18:57 ovzhost sshd[1148]: pam_unix(sshd:auth): authentication failure; logname= uid=0 euid=0 tty=ssh ruser= rhost=43.255.190.142  user=root
Apr  6 01:19:00 ovzhost sshd[1148]: Failed password for root from 43.255.190.142 port 35014 ssh2
Apr  6 01:19:04 ovzhost sshd[1148]: message repeated 2 times: [ Failed password for root from 43.255.190.142 port 35014 ssh2]
Apr  6 01:19:04 ovzhost sshd[1148]: Received disconnect from 43.255.190.142: 11:  [preauth]
Apr  6 01:19:04 ovzhost sshd[1148]: PAM 2 more authentication failures; logname= uid=0 euid=0 tty=ssh ruser= rhost=43.255.190.142  user=root
Apr  6 01:19:04 ovzhost sshd[1150]: pam_unix(sshd:auth): authentication failure; logname= uid=0 euid=0 tty=ssh ruser= rhost=43.255.190.142  user=root
Apr  6 01:19:06 ovzhost sshd[1150]: Failed password for root from 43.255.190.142 port 50929 ssh2
Apr  6 01:19:11 ovzhost sshd[1150]: message repeated 2 times: [ Failed password for root from 43.255.190.142 port 50929 ssh2]
Apr  6 01:19:11 ovzhost sshd[1150]: Received disconnect from 43.255.190.142: 11:  [preauth]
Apr  6 01:19:11 ovzhost sshd[1150]: PAM 2 more authentication failures; logname= uid=0 euid=0 tty=ssh ruser= rhost=43.255.190.142  user=root
Apr  6 01:19:12 ovzhost sshd[1152]: pam_unix(sshd:auth): authentication failure; logname= uid=0 euid=0 tty=ssh ruser= rhost=43.255.190.142  user=root
Apr  6 01:19:15 ovzhost sshd[1152]: Failed password for root from 43.255.190.142 port 39409 ssh2
Apr  6 01:19:20 ovzhost sshd[1152]: message repeated 2 times: [ Failed password for root from 43.255.190.142 port 39409 ssh2]
Apr  6 01:19:20 ovzhost sshd[1152]: Received disconnect from 43.255.190.142: 11:  [preauth]
Apr  6 01:19:20 ovzhost sshd[1152]: PAM 2 more authentication failures; logname= uid=0 euid=0 tty=ssh ruser= rhost=43.255.190.142  user=root
Apr  6 01:19:20 ovzhost sshd[1158]: pam_unix(sshd:auth): authentication failure; logname= uid=0 euid=0 tty=ssh ruser= rhost=43.255.190.142  user=root
Apr  6 01:19:20 ovzhost sshd[1154]: pam_unix(sshd:auth): authentication failure; logname= uid=0 euid=0 tty=ssh ruser= rhost=58.218.204.248  user=root
Apr  6 01:19:22 ovzhost sshd[1158]: Failed password for root from 43.255.190.142 port 57220 ssh2
Apr  6 01:19:22 ovzhost sshd[1154]: Failed password for root from 58.218.204.248 port 46945 ssh2
Apr  6 01:19:27 ovzhost sshd[1158]: message repeated 2 times: [ Failed password for root from 43.255.190.142 port 57220 ssh2]
Apr  6 01:19:27 ovzhost sshd[1158]: Received disconnect from 43.255.190.142: 11:  [preauth]
Apr  6 01:19:27 ovzhost sshd[1158]: PAM 2 more authentication failures; logname= uid=0 euid=0 tty=ssh ruser= rhost=43.255.190.142  user=root
Apr  6 01:19:28 ovzhost sshd[1160]: pam_unix(sshd:auth): authentication failure; logname= uid=0 euid=0 tty=ssh ruser= rhost=43.255.190.142  user=root
Apr  6 01:19:28 ovzhost sshd[1154]: message repeated 2 times: [ Failed password for root from 58.218.204.248 port 46945 ssh2]
Apr  6 01:19:28 ovzhost sshd[1154]: Received disconnect from 58.218.204.248: 11:  [preauth]
Apr  6 01:19:28 ovzhost sshd[1154]: PAM 2 more authentication failures; logname= uid=0 euid=0 tty=ssh ruser= rhost=58.218.204.248  user=root
Apr  6 01:19:30 ovzhost sshd[1160]: Failed password for root from 43.255.190.142 port 44540 ssh2
Apr  6 01:19:31 ovzhost sshd[1162]: pam_unix(sshd:auth): authentication failure; logname= uid=0 euid=0 tty=ssh ruser= rhost=58.218.204.248  user=root
Apr  6 01:19:33 ovzhost sshd[1162]: Failed password for root from 58.218.204.248 port 42247 ssh2
Apr  6 01:19:34 ovzhost sshd[1160]: message repeated 2 times: [ Failed password for root from 43.255.190.142 port 44540 ssh2]
Apr  6 01:19:34 ovzhost sshd[1160]: Received disconnect from 43.255.190.142: 11:  [preauth]
Apr  6 01:19:34 ovzhost sshd[1160]: PAM 2 more authentication failures; logname= uid=0 euid=0 tty=ssh ruser= rhost=43.255.190.142  user=root
Apr  6 01:19:35 ovzhost sshd[1164]: pam_unix(sshd:auth): authentication failure; logname= uid=0 euid=0 tty=ssh ruser= rhost=43.255.190.142  user=root
Apr  6 01:19:37 ovzhost sshd[1164]: Failed password for root from 43.255.190.142 port 58806 ssh2
Apr  6 01:19:37 ovzhost sshd[1162]: message repeated 2 times: [ Failed password for root from 58.218.204.248 port 42247 ssh2]
Apr  6 01:19:38 ovzhost sshd[1162]: Received disconnect from 58.218.204.248: 11:  [preauth]
Apr  6 01:19:38 ovzhost sshd[1162]: PAM 2 more authentication failures; logname= uid=0 euid=0 tty=ssh ruser= rhost=58.218.204.248  user=root
Apr  6 01:19:40 ovzhost sshd[1166]: pam_unix(sshd:auth): authentication failure; logname= uid=0 euid=0 tty=ssh ruser= rhost=58.218.204.248  user=root
Apr  6 01:19:41 ovzhost sshd[1164]: message repeated 2 times: [ Failed password for root from 43.255.190.142 port 58806 ssh2]
Apr  6 01:19:41 ovzhost sshd[1164]: Received disconnect from 43.255.190.142: 11:  [preauth]
Apr  6 01:19:41 ovzhost sshd[1164]: PAM 2 more authentication failures; logname= uid=0 euid=0 tty=ssh ruser= rhost=43.255.190.142  user=root
Apr  6 01:19:42 ovzhost sshd[1166]: Failed password for root from 58.218.204.248 port 36298 ssh2
Apr  6 01:19:43 ovzhost sshd[1168]: pam_unix(sshd:auth): authentication failure; logname= uid=0 euid=0 tty=ssh ruser= rhost=43.255.190.142  user=root
Apr  6 01:19:45 ovzhost sshd[1168]: Failed password for root from 43.255.190.142 port 44620 ssh2
Apr  6 01:19:47 ovzhost sshd[1166]: message repeated 2 times: [ Failed password for root from 58.218.204.248 port 36298 ssh2]
Apr  6 01:19:47 ovzhost sshd[1166]: Received disconnect from 58.218.204.248: 11:  [preauth]
Apr  6 01:19:47 ovzhost sshd[1166]: PAM 2 more authentication failures; logname= uid=0 euid=0 tty=ssh ruser= rhost=58.218.204.248  user=root
Apr  6 01:19:49 ovzhost sshd[1168]: message repeated 2 times: [ Failed password for root from 43.255.190.142 port 44620 ssh2]
Apr  6 01:19:49 ovzhost sshd[1168]: Received disconnect from 43.255.190.142: 11:  [preauth]
Apr  6 01:19:49 ovzhost sshd[1168]: PAM 2 more authentication failures; logname= uid=0 euid=0 tty=ssh ruser= rhost=43.255.190.142  user=root
Apr  6 01:19:50 ovzhost sshd[1170]: pam_unix(sshd:auth): authentication failure; logname= uid=0 euid=0 tty=ssh ruser= rhost=58.218.204.248  user=root
Apr  6 01:19:50 ovzhost sshd[1172]: pam_unix(sshd:auth): authentication failure; logname= uid=0 euid=0 tty=ssh ruser= rhost=43.255.190.142  user=root
Apr  6 01:19:52 ovzhost sshd[1170]: Failed password for root from 58.218.204.248 port 59061 ssh2
Apr  6 01:19:52 ovzhost sshd[1172]: Failed password for root from 43.255.190.142 port 33291 ssh2
Apr  6 01:19:57 ovzhost sshd[1172]: message repeated 2 times: [ Failed password for root from 43.255.190.142 port 33291 ssh2]
Apr  6 01:19:57 ovzhost sshd[1172]: Received disconnect from 43.255.190.142: 11:  [preauth]
Apr  6 01:19:57 ovzhost sshd[1172]: PAM 2 more authentication failures; logname= uid=0 euid=0 tty=ssh ruser= rhost=43.255.190.142  user=root
Apr  6 01:19:57 ovzhost sshd[1170]: message repeated 2 times: [ Failed password for root from 58.218.204.248 port 59061 ssh2]
Apr  6 01:19:57 ovzhost sshd[1170]: Received disconnect from 58.218.204.248: 11:  [preauth]
Apr  6 01:19:57 ovzhost sshd[1170]: PAM 2 more authentication failures; logname= uid=0 euid=0 tty=ssh ruser= rhost=58.218.204.248  user=root
Apr  6 01:19:58 ovzhost sshd[1174]: pam_unix(sshd:auth): authentication failure; logname= uid=0 euid=0 tty=ssh ruser= rhost=43.255.190.142  user=root
Apr  6 01:20:00 ovzhost sshd[1174]: Failed password for root from 43.255.190.142 port 49780 ssh2
Apr  6 01:20:00 ovzhost sshd[1176]: pam_unix(sshd:auth): authentication failure; logname= uid=0 euid=0 tty=ssh ruser= rhost=58.218.204.248  user=root
Apr  6 01:20:01 ovzhost CRON[1178]: pam_env(cron:session): Unable to open env file: /etc/default/locale: No such file or directory
Apr  6 01:20:01 ovzhost CRON[1178]: pam_unix(cron:session): session opened for user smmsp by (uid=0)
Apr  6 01:20:01 ovzhost CRON[1178]: pam_unix(cron:session): session closed for user smmsp
Apr  6 01:20:03 ovzhost sshd[1176]: Failed password for root from 58.218.204.248 port 53336 ssh2
Apr  6 01:20:05 ovzhost sshd[1174]: message repeated 2 times: [ Failed password for root from 43.255.190.142 port 49780 ssh2]
Apr  6 01:20:05 ovzhost sshd[1174]: Received disconnect from 43.255.190.142: 11:  [preauth]
Apr  6 01:20:05 ovzhost sshd[1174]: PAM 2 more authentication failures; logname= uid=0 euid=0 tty=ssh ruser= rhost=43.255.190.142  user=root
Apr  6 01:20:06 ovzhost sshd[1204]: pam_unix(sshd:auth): authentication failure; logname= uid=0 euid=0 tty=ssh ruser= rhost=43.255.190.142  user=root
Apr  6 01:20:08 ovzhost sshd[1204]: Failed password for root from 43.255.190.142 port 39636 ssh2
Apr  6 01:20:08 ovzhost sshd[1176]: message repeated 2 times: [ Failed password for root from 58.218.204.248 port 53336 ssh2]
Apr  6 01:20:09 ovzhost sshd[1176]: Received disconnect from 58.218.204.248: 11:  [preauth]
Apr  6 01:20:09 ovzhost sshd[1176]: PAM 2 more authentication failures; logname= uid=0 euid=0 tty=ssh ruser= rhost=58.218.204.248  user=root
Apr  6 01:20:11 ovzhost sshd[1206]: pam_unix(sshd:auth): authentication failure; logname= uid=0 euid=0 tty=ssh ruser= rhost=58.218.204.248  user=root
Apr  6 01:20:13 ovzhost sshd[1206]: Failed password for root from 58.218.204.248 port 53522 ssh2
Apr  6 01:20:13 ovzhost sshd[1204]: message repeated 2 times: [ Failed password for root from 43.255.190.142 port 39636 ssh2]
Apr  6 01:20:13 ovzhost sshd[1204]: Received disconnect from 43.255.190.142: 11:  [preauth]
Apr  6 01:20:13 ovzhost sshd[1204]: PAM 2 more authentication failures; logname= uid=0 euid=0 tty=ssh ruser= rhost=43.255.190.142  user=root
Apr  6 01:20:15 ovzhost sshd[1208]: pam_unix(sshd:auth): authentication failure; logname= uid=0 euid=0 tty=ssh ruser= rhost=43.255.190.142  user=root
Apr  6 01:20:17 ovzhost sshd[1208]: Failed password for root from 43.255.190.142 port 55467 ssh2
Apr  6 01:20:18 ovzhost sshd[1206]: message repeated 2 times: [ Failed password for root from 58.218.204.248 port 53522 ssh2]
Apr  6 01:20:19 ovzhost sshd[1206]: Received disconnect from 58.218.204.248: 11:  [preauth]
Apr  6 01:20:19 ovzhost sshd[1206]: PAM 2 more authentication failures; logname= uid=0 euid=0 tty=ssh ruser= rhost=58.218.204.248  user=root
Apr  6 01:20:20 ovzhost sshd[1208]: message repeated 2 times: [ Failed password for root from 43.255.190.142 port 55467 ssh2]
Apr  6 01:20:21 ovzhost sshd[1208]: Received disconnect from 43.255.190.142: 11:  [preauth]
Apr  6 01:20:21 ovzhost sshd[1208]: PAM 2 more authentication failures; logname= uid=0 euid=0 tty=ssh ruser= rhost=43.255.190.142  user=root
Apr  6 01:20:21 ovzhost sshd[1210]: pam_unix(sshd:auth): authentication failure; logname= uid=0 euid=0 tty=ssh ruser= rhost=58.218.204.248  user=root
Apr  6 01:20:21 ovzhost sshd[1213]: pam_unix(sshd:auth): authentication failure; logname= uid=0 euid=0 tty=ssh ruser= rhost=43.255.190.142  user=root
Apr  6 01:20:23 ovzhost sshd[1210]: Failed password for root from 58.218.204.248 port 48197 ssh2
Apr  6 01:20:24 ovzhost sshd[1213]: Failed password for root from 43.255.190.142 port 43410 ssh2
Apr  6 01:20:28 ovzhost sshd[1213]: message repeated 2 times: [ Failed password for root from 43.255.190.142 port 43410 ssh2]
Apr  6 01:20:28 ovzhost sshd[1213]: Received disconnect from 43.255.190.142: 11:  [preauth]
Apr  6 01:20:28 ovzhost sshd[1213]: PAM 2 more authentication failures; logname= uid=0 euid=0 tty=ssh ruser= rhost=43.255.190.142  user=root
Apr  6 01:20:28 ovzhost sshd[1210]: message repeated 2 times: [ Failed password for root from 58.218.204.248 port 48197 ssh2]
Apr  6 01:20:29 ovzhost sshd[1210]: Received disconnect from 58.218.204.248: 11:  [preauth]
Apr  6 01:20:29 ovzhost sshd[1210]: PAM 2 more authentication failures; logname= uid=0 euid=0 tty=ssh ruser= rhost=58.218.204.248  user=root
Apr  6 01:20:29 ovzhost sshd[1215]: pam_unix(sshd:auth): authentication failure; logname= uid=0 euid=0 tty=ssh ruser= rhost=43.255.190.142  user=root
Apr  6 01:20:31 ovzhost sshd[1215]: Failed password for root from 43.255.190.142 port 60388 ssh2
Apr  6 01:20:31 ovzhost sshd[1217]: pam_unix(sshd:auth): authentication failure; logname= uid=0 euid=0 tty=ssh ruser= rhost=58.218.204.248  user=root
Apr  6 01:20:32 ovzhost sshd[1217]: Failed password for root from 58.218.204.248 port 43068 ssh2
Apr  6 01:20:34 ovzhost sshd[1215]: message repeated 2 times: [ Failed password for root from 43.255.190.142 port 60388 ssh2]
Apr  6 01:20:34 ovzhost sshd[1215]: Received disconnect from 43.255.190.142: 11:  [preauth]
Apr  6 01:20:34 ovzhost sshd[1215]: PAM 2 more authentication failures; logname= uid=0 euid=0 tty=ssh ruser= rhost=43.255.190.142  user=root
Apr  6 01:20:35 ovzhost sshd[1219]: pam_unix(sshd:auth): authentication failure; logname= uid=0 euid=0 tty=ssh ruser= rhost=43.255.190.142  user=root
Apr  6 01:20:37 ovzhost sshd[1219]: Failed password for root from 43.255.190.142 port 45140 ssh2
Apr  6 01:20:37 ovzhost sshd[1217]: message repeated 2 times: [ Failed password for root from 58.218.204.248 port 43068 ssh2]
Apr  6 01:20:38 ovzhost sshd[1217]: Received disconnect from 58.218.204.248: 11:  [preauth]
Apr  6 01:20:38 ovzhost sshd[1217]: PAM 2 more authentication failures; logname= uid=0 euid=0 tty=ssh ruser= rhost=58.218.204.248  user=root
Apr  6 01:20:40 ovzhost sshd[1221]: pam_unix(sshd:auth): authentication failure; logname= uid=0 euid=0 tty=ssh ruser= rhost=58.218.204.248  user=root
Apr  6 01:20:41 ovzhost sshd[1219]: message repeated 2 times: [ Failed password for root from 43.255.190.142 port 45140 ssh2]
Apr  6 01:20:41 ovzhost sshd[1219]: Received disconnect from 43.255.190.142: 11:  [preauth]
Apr  6 01:20:41 ovzhost sshd[1219]: PAM 2 more authentication failures; logname= uid=0 euid=0 tty=ssh ruser= rhost=43.255.190.142  user=root
Apr  6 01:20:42 ovzhost sshd[1223]: pam_unix(sshd:auth): authentication failure; logname= uid=0 euid=0 tty=ssh ruser= rhost=43.255.190.142  user=root
Apr  6 01:20:42 ovzhost sshd[1221]: Failed password for root from 58.218.204.248 port 35917 ssh2
Apr  6 01:20:44 ovzhost sshd[1223]: Failed password for root from 43.255.190.142 port 59736 ssh2
Apr  6 01:20:48 ovzhost sshd[1221]: message repeated 2 times: [ Failed password for root from 58.218.204.248 port 35917 ssh2]
Apr  6 01:20:48 ovzhost sshd[1221]: Received disconnect from 58.218.204.248: 11:  [preauth]
Apr  6 01:20:48 ovzhost sshd[1221]: PAM 2 more authentication failures; logname= uid=0 euid=0 tty=ssh ruser= rhost=58.218.204.248  user=root
Apr  6 01:20:49 ovzhost sshd[1223]: message repeated 2 times: [ Failed password for root from 43.255.190.142 port 59736 ssh2]
Apr  6 01:20:50 ovzhost sshd[1223]: Received disconnect from 43.255.190.142: 11:  [preauth]
Apr  6 01:20:50 ovzhost sshd[1223]: PAM 2 more authentication failures; logname= uid=0 euid=0 tty=ssh ruser= rhost=43.255.190.142  user=root
Apr  6 01:20:50 ovzhost sshd[1228]: pam_unix(sshd:auth): authentication failure; logname= uid=0 euid=0 tty=ssh ruser= rhost=43.255.190.142  user=root
Apr  6 01:20:52 ovzhost sshd[1226]: pam_unix(sshd:auth): authentication failure; logname= uid=0 euid=0 tty=ssh ruser= rhost=58.218.204.248  user=root
Apr  6 01:20:52 ovzhost sshd[1228]: Failed password for root from 43.255.190.142 port 48346 ssh2
Apr  6 01:20:54 ovzhost sshd[1226]: Failed password for root from 58.218.204.248 port 59207 ssh2
Apr  6 01:20:56 ovzhost sshd[1228]: message repeated 2 times: [ Failed password for root from 43.255.190.142 port 48346 ssh2]
Apr  6 01:20:56 ovzhost sshd[1228]: Received disconnect from 43.255.190.142: 11:  [preauth]
Apr  6 01:20:56 ovzhost sshd[1228]: PAM 2 more authentication failures; logname= uid=0 euid=0 tty=ssh ruser= rhost=43.255.190.142  user=root
Apr  6 01:20:57 ovzhost sshd[1230]: pam_unix(sshd:auth): authentication failure; logname= uid=0 euid=0 tty=ssh ruser= rhost=43.255.190.142  user=root
Apr  6 01:20:59 ovzhost sshd[1226]: message repeated 2 times: [ Failed password for root from 58.218.204.248 port 59207 ssh2]
Apr  6 01:20:59 ovzhost sshd[1226]: Received disconnect from 58.218.204.248: 11:  [preauth]
Apr  6 01:20:59 ovzhost sshd[1226]: PAM 2 more authentication failures; logname= uid=0 euid=0 tty=ssh ruser= rhost=58.218.204.248  user=root
Apr  6 01:20:59 ovzhost sshd[1230]: Failed password for root from 43.255.190.142 port 36619 ssh2
Apr  6 01:21:01 ovzhost sshd[1232]: pam_unix(sshd:auth): authentication failure; logname= uid=0 euid=0 tty=ssh ruser= rhost=58.218.204.248  user=root
Apr  6 01:21:03 ovzhost sshd[1232]: Failed password for root from 58.218.204.248 port 54571 ssh2
Apr  6 01:21:04 ovzhost sshd[1230]: message repeated 2 times: [ Failed password for root from 43.255.190.142 port 36619 ssh2]
Apr  6 01:21:04 ovzhost sshd[1230]: Received disconnect from 43.255.190.142: 11:  [preauth]
Apr  6 01:21:04 ovzhost sshd[1230]: PAM 2 more authentication failures; logname= uid=0 euid=0 tty=ssh ruser= rhost=43.255.190.142  user=root
Apr  6 01:21:05 ovzhost sshd[1234]: pam_unix(sshd:auth): authentication failure; logname= uid=0 euid=0 tty=ssh ruser= rhost=43.255.190.142  user=root
Apr  6 01:21:07 ovzhost sshd[1234]: Failed password for root from 43.255.190.142 port 52589 ssh2
Apr  6 01:21:07 ovzhost sshd[1232]: message repeated 2 times: [ Failed password for root from 58.218.204.248 port 54571 ssh2]
Apr  6 01:21:08 ovzhost sshd[1232]: Received disconnect from 58.218.204.248: 11:  [preauth]
Apr  6 01:21:08 ovzhost sshd[1232]: PAM 2 more authentication failures; logname= uid=0 euid=0 tty=ssh ruser= rhost=58.218.204.248  user=root
Apr  6 01:21:10 ovzhost sshd[1236]: pam_unix(sshd:auth): authentication failure; logname= uid=0 euid=0 tty=ssh ruser= rhost=58.218.204.248  user=root
Apr  6 01:21:11 ovzhost sshd[1234]: message repeated 2 times: [ Failed password for root from 43.255.190.142 port 52589 ssh2]
Apr  6 01:21:11 ovzhost sshd[1234]: Received disconnect from 43.255.190.142: 11:  [preauth]
Apr  6 01:21:11 ovzhost sshd[1234]: PAM 2 more authentication failures; logname= uid=0 euid=0 tty=ssh ruser= rhost=43.255.190.142  user=root
Apr  6 01:21:12 ovzhost sshd[1239]: Connection closed by 127.0.0.1 [preauth]
Apr  6 01:21:12 ovzhost sshd[1236]: Failed password for root from 58.218.204.248 port 44787 ssh2
Apr  6 01:21:13 ovzhost sshd[1241]: pam_unix(sshd:auth): authentication failure; logname= uid=0 euid=0 tty=ssh ruser= rhost=43.255.190.142  user=root
Apr  6 01:21:15 ovzhost sshd[1241]: Failed password for root from 43.255.190.142 port 41290 ssh2
Apr  6 01:21:17 ovzhost sshd[1236]: message repeated 2 times: [ Failed password for root from 58.218.204.248 port 44787 ssh2]
Apr  6 01:21:17 ovzhost sshd[1236]: Received disconnect from 58.218.204.248: 11:  [preauth]
Apr  6 01:21:17 ovzhost sshd[1236]: PAM 2 more authentication failures; logname= uid=0 euid=0 tty=ssh ruser= rhost=58.218.204.248  user=root
Apr  6 01:21:19 ovzhost sshd[1241]: message repeated 2 times: [ Failed password for root from 43.255.190.142 port 41290 ssh2]
Apr  6 01:21:19 ovzhost sshd[1241]: Received disconnect from 43.255.190.142: 11:  [preauth]
Apr  6 01:21:19 ovzhost sshd[1241]: PAM 2 more authentication failures; logname= uid=0 euid=0 tty=ssh ruser= rhost=43.255.190.142  user=root
Apr  6 01:21:19 ovzhost sshd[1245]: pam_unix(sshd:auth): authentication failure; logname= uid=0 euid=0 tty=ssh ruser= rhost=43.255.190.142  user=root
Apr  6 01:21:20 ovzhost sshd[1243]: pam_unix(sshd:auth): authentication failure; logname= uid=0 euid=0 tty=ssh ruser= rhost=58.218.204.248  user=root
Apr  6 01:21:21 ovzhost sshd[1245]: Failed password for root from 43.255.190.142 port 58385 ssh2
Apr  6 01:21:22 ovzhost sshd[1243]: Failed password for root from 58.218.204.248 port 37368 ssh2
Apr  6 01:21:26 ovzhost sshd[1245]: message repeated 2 times: [ Failed password for root from 43.255.190.142 port 58385 ssh2]
Apr  6 01:21:26 ovzhost sshd[1245]: Received disconnect from 43.255.190.142: 11:  [preauth]
Apr  6 01:21:26 ovzhost sshd[1245]: PAM 2 more authentication failures; logname= uid=0 euid=0 tty=ssh ruser= rhost=43.255.190.142  user=root
Apr  6 01:21:27 ovzhost sshd[1247]: pam_unix(sshd:auth): authentication failure; logname= uid=0 euid=0 tty=ssh ruser= rhost=43.255.190.142  user=root
Apr  6 01:21:27 ovzhost sshd[1243]: message repeated 2 times: [ Failed password for root from 58.218.204.248 port 37368 ssh2]
Apr  6 01:21:29 ovzhost sshd[1243]: Received disconnect from 58.218.204.248: 11:  [preauth]
Apr  6 01:21:29 ovzhost sshd[1243]: PAM 2 more authentication failures; logname= uid=0 euid=0 tty=ssh ruser= rhost=58.218.204.248  user=root
Apr  6 01:21:29 ovzhost sshd[1247]: Failed password for root from 43.255.190.142 port 46629 ssh2
Apr  6 01:21:33 ovzhost sshd[1247]: message repeated 2 times: [ Failed password for root from 43.255.190.142 port 46629 ssh2]
Apr  6 01:21:33 ovzhost sshd[1247]: Received disconnect from 43.255.190.142: 11:  [preauth]
Apr  6 01:21:33 ovzhost sshd[1247]: PAM 2 more authentication failures; logname= uid=0 euid=0 tty=ssh ruser= rhost=43.255.190.142  user=root
Apr  6 01:21:33 ovzhost sshd[1249]: pam_unix(sshd:auth): authentication failure; logname= uid=0 euid=0 tty=ssh ruser= rhost=58.218.204.248  user=root
Apr  6 01:21:34 ovzhost sshd[1251]: pam_unix(sshd:auth): authentication failure; logname= uid=0 euid=0 tty=ssh ruser= rhost=43.255.190.142  user=root
Apr  6 01:21:35 ovzhost sshd[1249]: Failed password for root from 58.218.204.248 port 35515 ssh2
Apr  6 01:21:37 ovzhost sshd[1251]: Failed password for root from 43.255.190.142 port 34721 ssh2
Apr  6 01:21:40 ovzhost sshd[1251]: message repeated 2 times: [ Failed password for root from 43.255.190.142 port 34721 ssh2]
Apr  6 01:21:40 ovzhost sshd[1251]: Received disconnect from 43.255.190.142: 11:  [preauth]
Apr  6 01:21:40 ovzhost sshd[1251]: PAM 2 more authentication failures; logname= uid=0 euid=0 tty=ssh ruser= rhost=43.255.190.142  user=root
Apr  6 01:21:40 ovzhost sshd[1249]: message repeated 2 times: [ Failed password for root from 58.218.204.248 port 35515 ssh2]
Apr  6 01:21:40 ovzhost sshd[1249]: Received disconnect from 58.218.204.248: 11:  [preauth]
Apr  6 01:21:40 ovzhost sshd[1249]: PAM 2 more authentication failures; logname= uid=0 euid=0 tty=ssh ruser= rhost=58.218.204.248  user=root
Apr  6 01:21:40 ovzhost sshd[1253]: pam_unix(sshd:auth): authentication failure; logname= uid=0 euid=0 tty=ssh ruser= rhost=43.255.190.142  user=root
Apr  6 01:21:42 ovzhost sshd[1253]: Failed password for root from 43.255.190.142 port 50086 ssh2
Apr  6 01:21:43 ovzhost sshd[1257]: pam_unix(sshd:auth): authentication failure; logname= uid=0 euid=0 tty=ssh ruser= rhost=58.218.204.248  user=root
Apr  6 01:21:45 ovzhost sshd[1257]: Failed password for root from 58.218.204.248 port 58522 ssh2
Apr  6 01:21:46 ovzhost sshd[1253]: message repeated 2 times: [ Failed password for root from 43.255.190.142 port 50086 ssh2]
Apr  6 01:21:46 ovzhost sshd[1253]: Received disconnect from 43.255.190.142: 11:  [preauth]
Apr  6 01:21:46 ovzhost sshd[1253]: PAM 2 more authentication failures; logname= uid=0 euid=0 tty=ssh ruser= rhost=43.255.190.142  user=root
Apr  6 01:21:47 ovzhost sshd[1261]: pam_unix(sshd:auth): authentication failure; logname= uid=0 euid=0 tty=ssh ruser= rhost=43.255.190.142  user=root
Apr  6 01:21:49 ovzhost sshd[1261]: Failed password for root from 43.255.190.142 port 36640 ssh2
Apr  6 01:21:49 ovzhost sshd[1257]: message repeated 2 times: [ Failed password for root from 58.218.204.248 port 58522 ssh2]
Apr  6 01:21:50 ovzhost sshd[1257]: Received disconnect from 58.218.204.248: 11:  [preauth]
Apr  6 01:21:50 ovzhost sshd[1257]: PAM 2 more authentication failures; logname= uid=0 euid=0 tty=ssh ruser= rhost=58.218.204.248  user=root
Apr  6 01:21:52 ovzhost sshd[1263]: pam_unix(sshd:auth): authentication failure; logname= uid=0 euid=0 tty=ssh ruser= rhost=58.218.204.248  user=root
Apr  6 01:21:52 ovzhost sshd[1261]: message repeated 2 times: [ Failed password for root from 43.255.190.142 port 36640 ssh2]
Apr  6 01:21:52 ovzhost sshd[1261]: Received disconnect from 43.255.190.142: 11:  [preauth]
Apr  6 01:21:52 ovzhost sshd[1261]: PAM 2 more authentication failures; logname= uid=0 euid=0 tty=ssh ruser= rhost=43.255.190.142  user=root
Apr  6 01:21:53 ovzhost sshd[1267]: pam_unix(sshd:auth): authentication failure; logname= uid=0 euid=0 tty=ssh ruser= rhost=43.255.190.142  user=root
Apr  6 01:21:53 ovzhost sshd[1263]: Failed password for root from 58.218.204.248 port 49929 ssh2
Apr  6 01:21:56 ovzhost sshd[1267]: Failed password for root from 43.255.190.142 port 50615 ssh2
Apr  6 01:22:00 ovzhost sshd[1267]: message repeated 2 times: [ Failed password for root from 43.255.190.142 port 50615 ssh2]
Apr  6 01:22:00 ovzhost sshd[1267]: Received disconnect from 43.255.190.142: 11:  [preauth]
Apr  6 01:22:00 ovzhost sshd[1267]: PAM 2 more authentication failures; logname= uid=0 euid=0 tty=ssh ruser= rhost=43.255.190.142  user=root
Apr  6 01:22:00 ovzhost sshd[1263]: message repeated 2 times: [ Failed password for root from 58.218.204.248 port 49929 ssh2]
Apr  6 01:22:00 ovzhost sshd[1263]: Received disconnect from 58.218.204.248: 11:  [preauth]
Apr  6 01:22:00 ovzhost sshd[1263]: PAM 2 more authentication failures; logname= uid=0 euid=0 tty=ssh ruser= rhost=58.218.204.248  user=root
Apr  6 01:22:01 ovzhost sshd[1269]: pam_unix(sshd:auth): authentication failure; logname= uid=0 euid=0 tty=ssh ruser= rhost=43.255.190.142  user=root
Apr  6 01:22:02 ovzhost sshd[1269]: Failed password for root from 43.255.190.142 port 38974 ssh2
Apr  6 01:22:04 ovzhost sshd[1271]: pam_unix(sshd:auth): authentication failure; logname= uid=0 euid=0 tty=ssh ruser= rhost=58.218.204.248  user=root
Apr  6 01:22:05 ovzhost sshd[1269]: message repeated 2 times: [ Failed password for root from 43.255.190.142 port 38974 ssh2]
Apr  6 01:22:05 ovzhost sshd[1269]: Received disconnect from 43.255.190.142: 11:  [preauth]
Apr  6 01:22:05 ovzhost sshd[1269]: PAM 2 more authentication failures; logname= uid=0 euid=0 tty=ssh ruser= rhost=43.255.190.142  user=root
Apr  6 01:22:06 ovzhost sshd[1271]: Failed password for root from 58.218.204.248 port 42233 ssh2
Apr  6 01:22:06 ovzhost sshd[1273]: pam_unix(sshd:auth): authentication failure; logname= uid=0 euid=0 tty=ssh ruser= rhost=43.255.190.142  user=root
Apr  6 01:22:09 ovzhost sshd[1273]: Failed password for root from 43.255.190.142 port 53010 ssh2
Apr  6 01:22:13 ovzhost sshd[1273]: message repeated 2 times: [ Failed password for root from 43.255.190.142 port 53010 ssh2]
Apr  6 01:22:13 ovzhost sshd[1273]: Received disconnect from 43.255.190.142: 11:  [preauth]
