Mar 31 17:16:56 ovzhost sudo:     root : unable to resolve host ovzhost
Mar 31 17:16:56 ovzhost sudo:     root : TTY=pts/0 ; PWD=/ ; USER=root ; COMMAND=/usr/bin/less /root/.bash_history
Mar 31 17:16:56 ovzhost sudo: pam_unix(sudo:session): session opened for user root by (uid=0)
Mar 31 17:16:57 ovzhost sudo: pam_unix(sudo:session): session closed for user root
Apr  2 14:31:13 ovzhost sshd[419]: Server listening on 0.0.0.0 port 22.
Apr  2 14:31:13 ovzhost sshd[419]: Server listening on :: port 22.
Apr  2 14:31:13 ovzhost saslauthd[637]: detach_tty      : master pid is: 637
Apr  2 14:31:13 ovzhost saslauthd[637]: ipc_init        : listening on socket: /var/run/saslauthd/mux
Apr  2 14:33:26 ovzhost sshd[797]: Connection closed by 127.0.0.1 [preauth]
Apr 11 09:35:19 ovzhost sshd[423]: Server listening on 0.0.0.0 port 22.
Apr 11 09:35:19 ovzhost sshd[423]: Server listening on :: port 22.
Apr 11 09:35:19 ovzhost saslauthd[639]: detach_tty      : master pid is: 639
Apr 11 09:35:19 ovzhost saslauthd[639]: ipc_init        : listening on socket: /var/run/saslauthd/mux
Apr 11 09:39:01 ovzhost CRON[788]: pam_env(cron:session): Unable to open env file: /etc/default/locale: No such file or directory
Apr 11 09:39:01 ovzhost CRON[788]: pam_unix(cron:session): session opened for user root by (uid=0)
Apr 11 09:39:01 ovzhost CRON[788]: pam_unix(cron:session): session closed for user root
Apr 11 09:40:01 ovzhost CRON[803]: pam_env(cron:session): Unable to open env file: /etc/default/locale: No such file or directory
Apr 11 09:40:01 ovzhost CRON[803]: pam_unix(cron:session): session opened for user smmsp by (uid=0)
Apr 11 09:40:01 ovzhost CRON[803]: pam_unix(cron:session): session closed for user smmsp
Apr 11 09:40:10 ovzhost sshd[831]: Connection closed by 127.0.0.1 [preauth]
Apr 11 09:40:25 ovzhost sshd[836]: Connection closed by 128.8.37.104 [preauth]
Apr 11 09:45:10 ovzhost sshd[853]: Connection closed by 127.0.0.1 [preauth]
Apr 11 09:50:10 ovzhost sshd[876]: Connection closed by 127.0.0.1 [preauth]
Apr 11 09:50:25 ovzhost sshd[881]: Connection closed by 128.8.37.104 [preauth]
Apr 11 09:55:10 ovzhost sshd[898]: Connection closed by 127.0.0.1 [preauth]
Apr 11 09:56:47 ovzhost sshd[906]: pam_unix(sshd:auth): authentication failure; logname= uid=0 euid=0 tty=ssh ruser= rhost=43.255.190.92  user=root
Apr 11 09:56:49 ovzhost sshd[906]: Failed password for root from 43.255.190.92 port 50749 ssh2
Apr 11 09:56:53 ovzhost sshd[906]: message repeated 2 times: [ Failed password for root from 43.255.190.92 port 50749 ssh2]
Apr 11 09:56:53 ovzhost sshd[906]: Received disconnect from 43.255.190.92: 11:  [preauth]
Apr 11 09:56:53 ovzhost sshd[906]: PAM 2 more authentication failures; logname= uid=0 euid=0 tty=ssh ruser= rhost=43.255.190.92  user=root
Apr 11 09:56:53 ovzhost sshd[909]: pam_unix(sshd:auth): authentication failure; logname= uid=0 euid=0 tty=ssh ruser= rhost=43.255.190.92  user=root
Apr 11 09:56:55 ovzhost sshd[909]: Failed password for root from 43.255.190.92 port 41981 ssh2
Apr 11 09:56:59 ovzhost sshd[909]: message repeated 2 times: [ Failed password for root from 43.255.190.92 port 41981 ssh2]
Apr 11 09:56:59 ovzhost sshd[909]: Received disconnect from 43.255.190.92: 11:  [preauth]
Apr 11 09:56:59 ovzhost sshd[909]: PAM 2 more authentication failures; logname= uid=0 euid=0 tty=ssh ruser= rhost=43.255.190.92  user=root
Apr 11 09:57:01 ovzhost sshd[911]: pam_unix(sshd:auth): authentication failure; logname= uid=0 euid=0 tty=ssh ruser= rhost=43.255.190.92  user=root
Apr 11 09:57:02 ovzhost sshd[913]: pam_unix(sshd:auth): authentication failure; logname= uid=0 euid=0 tty=ssh ruser= rhost=43.255.190.144  user=root
Apr 11 09:57:03 ovzhost sshd[911]: Failed password for root from 43.255.190.92 port 57137 ssh2
Apr 11 09:57:04 ovzhost sshd[913]: Failed password for root from 43.255.190.144 port 56856 ssh2
Apr 11 09:57:07 ovzhost sshd[911]: message repeated 2 times: [ Failed password for root from 43.255.190.92 port 57137 ssh2]
Apr 11 09:57:07 ovzhost sshd[911]: Received disconnect from 43.255.190.92: 11:  [preauth]
Apr 11 09:57:07 ovzhost sshd[911]: PAM 2 more authentication failures; logname= uid=0 euid=0 tty=ssh ruser= rhost=43.255.190.92  user=root
Apr 11 09:57:08 ovzhost sshd[913]: message repeated 2 times: [ Failed password for root from 43.255.190.144 port 56856 ssh2]
Apr 11 09:57:08 ovzhost sshd[913]: Received disconnect from 43.255.190.144: 11:  [preauth]
Apr 11 09:57:08 ovzhost sshd[913]: PAM 2 more authentication failures; logname= uid=0 euid=0 tty=ssh ruser= rhost=43.255.190.144  user=root
Apr 11 09:57:09 ovzhost sshd[915]: pam_unix(sshd:auth): authentication failure; logname= uid=0 euid=0 tty=ssh ruser= rhost=43.255.190.92  user=root
Apr 11 09:57:09 ovzhost sshd[917]: pam_unix(sshd:auth): authentication failure; logname= uid=0 euid=0 tty=ssh ruser= rhost=43.255.190.144  user=root
Apr 11 09:57:10 ovzhost sshd[915]: Failed password for root from 43.255.190.92 port 46372 ssh2
Apr 11 09:57:11 ovzhost sshd[917]: Failed password for root from 43.255.190.144 port 50265 ssh2
Apr 11 09:57:15 ovzhost sshd[915]: message repeated 2 times: [ Failed password for root from 43.255.190.92 port 46372 ssh2]
Apr 11 09:57:15 ovzhost sshd[915]: Received disconnect from 43.255.190.92: 11:  [preauth]
Apr 11 09:57:15 ovzhost sshd[915]: PAM 2 more authentication failures; logname= uid=0 euid=0 tty=ssh ruser= rhost=43.255.190.92  user=root
Apr 11 09:57:15 ovzhost sshd[917]: message repeated 2 times: [ Failed password for root from 43.255.190.144 port 50265 ssh2]
Apr 11 09:57:15 ovzhost sshd[917]: Received disconnect from 43.255.190.144: 11:  [preauth]
Apr 11 09:57:15 ovzhost sshd[917]: PAM 2 more authentication failures; logname= uid=0 euid=0 tty=ssh ruser= rhost=43.255.190.144  user=root
Apr 11 09:57:17 ovzhost sshd[919]: pam_unix(sshd:auth): authentication failure; logname= uid=0 euid=0 tty=ssh ruser= rhost=43.255.190.144  user=root
Apr 11 09:57:18 ovzhost sshd[921]: pam_unix(sshd:auth): authentication failure; logname= uid=0 euid=0 tty=ssh ruser= rhost=43.255.190.92  user=root
Apr 11 09:57:19 ovzhost sshd[919]: Failed password for root from 43.255.190.144 port 39505 ssh2
Apr 11 09:57:20 ovzhost sshd[921]: Failed password for root from 43.255.190.92 port 36883 ssh2
Apr 11 09:57:24 ovzhost sshd[919]: message repeated 2 times: [ Failed password for root from 43.255.190.144 port 39505 ssh2]
Apr 11 09:57:24 ovzhost sshd[919]: Received disconnect from 43.255.190.144: 11:  [preauth]
Apr 11 09:57:24 ovzhost sshd[919]: PAM 2 more authentication failures; logname= uid=0 euid=0 tty=ssh ruser= rhost=43.255.190.144  user=root
Apr 11 09:57:25 ovzhost sshd[921]: message repeated 2 times: [ Failed password for root from 43.255.190.92 port 36883 ssh2]
Apr 11 09:57:25 ovzhost sshd[921]: Received disconnect from 43.255.190.92: 11:  [preauth]
Apr 11 09:57:25 ovzhost sshd[921]: PAM 2 more authentication failures; logname= uid=0 euid=0 tty=ssh ruser= rhost=43.255.190.92  user=root
Apr 11 09:57:26 ovzhost sshd[924]: pam_unix(sshd:auth): authentication failure; logname= uid=0 euid=0 tty=ssh ruser= rhost=43.255.190.144  user=root
Apr 11 09:57:26 ovzhost sshd[926]: pam_unix(sshd:auth): authentication failure; logname= uid=0 euid=0 tty=ssh ruser= rhost=43.255.190.92  user=root
Apr 11 09:57:27 ovzhost sshd[924]: Failed password for root from 43.255.190.144 port 33492 ssh2
Apr 11 09:57:27 ovzhost sshd[926]: Failed password for root from 43.255.190.92 port 58390 ssh2
Apr 11 09:57:32 ovzhost sshd[926]: message repeated 2 times: [ Failed password for root from 43.255.190.92 port 58390 ssh2]
Apr 11 09:57:32 ovzhost sshd[926]: Received disconnect from 43.255.190.92: 11:  [preauth]
Apr 11 09:57:32 ovzhost sshd[926]: PAM 2 more authentication failures; logname= uid=0 euid=0 tty=ssh ruser= rhost=43.255.190.92  user=root
Apr 11 09:57:32 ovzhost sshd[924]: message repeated 2 times: [ Failed password for root from 43.255.190.144 port 33492 ssh2]
Apr 11 09:57:32 ovzhost sshd[924]: Received disconnect from 43.255.190.144: 11:  [preauth]
Apr 11 09:57:32 ovzhost sshd[924]: PAM 2 more authentication failures; logname= uid=0 euid=0 tty=ssh ruser= rhost=43.255.190.144  user=root
Apr 11 09:57:33 ovzhost sshd[930]: pam_unix(sshd:auth): authentication failure; logname= uid=0 euid=0 tty=ssh ruser= rhost=43.255.190.144  user=root
Apr 11 09:57:33 ovzhost sshd[928]: pam_unix(sshd:auth): authentication failure; logname= uid=0 euid=0 tty=ssh ruser= rhost=43.255.190.92  user=root
Apr 11 09:57:35 ovzhost sshd[930]: Failed password for root from 43.255.190.144 port 52878 ssh2
Apr 11 09:57:35 ovzhost sshd[928]: Failed password for root from 43.255.190.92 port 46224 ssh2
Apr 11 09:57:39 ovzhost sshd[928]: message repeated 2 times: [ Failed password for root from 43.255.190.92 port 46224 ssh2]
Apr 11 09:57:39 ovzhost sshd[928]: Received disconnect from 43.255.190.92: 11:  [preauth]
Apr 11 09:57:39 ovzhost sshd[928]: PAM 2 more authentication failures; logname= uid=0 euid=0 tty=ssh ruser= rhost=43.255.190.92  user=root
Apr 11 09:57:39 ovzhost sshd[930]: message repeated 2 times: [ Failed password for root from 43.255.190.144 port 52878 ssh2]
Apr 11 09:57:40 ovzhost sshd[930]: Received disconnect from 43.255.190.144: 11:  [preauth]
Apr 11 09:57:40 ovzhost sshd[930]: PAM 2 more authentication failures; logname= uid=0 euid=0 tty=ssh ruser= rhost=43.255.190.144  user=root
Apr 11 09:57:42 ovzhost sshd[934]: pam_unix(sshd:auth): authentication failure; logname= uid=0 euid=0 tty=ssh ruser= rhost=43.255.190.144  user=root
Apr 11 09:57:42 ovzhost sshd[932]: pam_unix(sshd:auth): authentication failure; logname= uid=0 euid=0 tty=ssh ruser= rhost=43.255.190.92  user=root
Apr 11 09:57:44 ovzhost sshd[934]: Failed password for root from 43.255.190.144 port 43304 ssh2
Apr 11 09:57:44 ovzhost sshd[932]: Failed password for root from 43.255.190.92 port 35249 ssh2
Apr 11 09:57:48 ovzhost sshd[934]: message repeated 2 times: [ Failed password for root from 43.255.190.144 port 43304 ssh2]
Apr 11 09:57:48 ovzhost sshd[934]: Received disconnect from 43.255.190.144: 11:  [preauth]
Apr 11 09:57:48 ovzhost sshd[934]: PAM 2 more authentication failures; logname= uid=0 euid=0 tty=ssh ruser= rhost=43.255.190.144  user=root
Apr 11 09:57:48 ovzhost sshd[932]: message repeated 2 times: [ Failed password for root from 43.255.190.92 port 35249 ssh2]
Apr 11 09:57:48 ovzhost sshd[932]: Received disconnect from 43.255.190.92: 11:  [preauth]
Apr 11 09:57:48 ovzhost sshd[932]: PAM 2 more authentication failures; logname= uid=0 euid=0 tty=ssh ruser= rhost=43.255.190.92  user=root
Apr 11 09:57:49 ovzhost sshd[936]: pam_unix(sshd:auth): authentication failure; logname= uid=0 euid=0 tty=ssh ruser= rhost=43.255.190.144  user=root
Apr 11 09:57:50 ovzhost sshd[938]: pam_unix(sshd:auth): authentication failure; logname= uid=0 euid=0 tty=ssh ruser= rhost=43.255.190.92  user=root
Apr 11 09:57:51 ovzhost sshd[936]: Failed password for root from 43.255.190.144 port 35711 ssh2
Apr 11 09:57:52 ovzhost sshd[938]: Failed password for root from 43.255.190.92 port 55713 ssh2
Apr 11 09:57:55 ovzhost sshd[936]: message repeated 2 times: [ Failed password for root from 43.255.190.144 port 35711 ssh2]
Apr 11 09:57:55 ovzhost sshd[936]: Received disconnect from 43.255.190.144: 11:  [preauth]
Apr 11 09:57:55 ovzhost sshd[936]: PAM 2 more authentication failures; logname= uid=0 euid=0 tty=ssh ruser= rhost=43.255.190.144  user=root
Apr 11 09:57:56 ovzhost sshd[938]: message repeated 2 times: [ Failed password for root from 43.255.190.92 port 55713 ssh2]
Apr 11 09:57:56 ovzhost sshd[938]: Received disconnect from 43.255.190.92: 11:  [preauth]
Apr 11 09:57:56 ovzhost sshd[938]: PAM 2 more authentication failures; logname= uid=0 euid=0 tty=ssh ruser= rhost=43.255.190.92  user=root
Apr 11 09:57:57 ovzhost sshd[941]: pam_unix(sshd:auth): authentication failure; logname= uid=0 euid=0 tty=ssh ruser= rhost=43.255.190.144  user=root
Apr 11 09:57:58 ovzhost sshd[943]: pam_unix(sshd:auth): authentication failure; logname= uid=0 euid=0 tty=ssh ruser= rhost=43.255.190.92  user=root
Apr 11 09:57:59 ovzhost sshd[941]: Failed password for root from 43.255.190.144 port 53660 ssh2
Apr 11 09:58:00 ovzhost sshd[943]: Failed password for root from 43.255.190.92 port 45586 ssh2
Apr 11 09:58:03 ovzhost sshd[941]: message repeated 2 times: [ Failed password for root from 43.255.190.144 port 53660 ssh2]
Apr 11 09:58:03 ovzhost sshd[941]: Received disconnect from 43.255.190.144: 11:  [preauth]
Apr 11 09:58:03 ovzhost sshd[941]: PAM 2 more authentication failures; logname= uid=0 euid=0 tty=ssh ruser= rhost=43.255.190.144  user=root
Apr 11 09:58:04 ovzhost sshd[943]: message repeated 2 times: [ Failed password for root from 43.255.190.92 port 45586 ssh2]
Apr 11 09:58:04 ovzhost sshd[943]: Received disconnect from 43.255.190.92: 11:  [preauth]
Apr 11 09:58:04 ovzhost sshd[943]: PAM 2 more authentication failures; logname= uid=0 euid=0 tty=ssh ruser= rhost=43.255.190.92  user=root
Apr 11 09:58:05 ovzhost sshd[945]: pam_unix(sshd:auth): authentication failure; logname= uid=0 euid=0 tty=ssh ruser= rhost=43.255.190.144  user=root
Apr 11 09:58:06 ovzhost sshd[949]: pam_unix(sshd:auth): authentication failure; logname= uid=0 euid=0 tty=ssh ruser= rhost=43.255.190.92  user=root
Apr 11 09:58:06 ovzhost sshd[945]: Failed password for root from 43.255.190.144 port 44910 ssh2
Apr 11 09:58:09 ovzhost sshd[949]: Failed password for root from 43.255.190.92 port 34665 ssh2
Apr 11 09:58:11 ovzhost sshd[945]: message repeated 2 times: [ Failed password for root from 43.255.190.144 port 44910 ssh2]
Apr 11 09:58:11 ovzhost sshd[945]: Received disconnect from 43.255.190.144: 11:  [preauth]
Apr 11 09:58:11 ovzhost sshd[945]: PAM 2 more authentication failures; logname= uid=0 euid=0 tty=ssh ruser= rhost=43.255.190.144  user=root
Apr 11 09:58:12 ovzhost sshd[951]: pam_unix(sshd:auth): authentication failure; logname= uid=0 euid=0 tty=ssh ruser= rhost=43.255.190.144  user=root
Apr 11 09:58:13 ovzhost sshd[949]: message repeated 2 times: [ Failed password for root from 43.255.190.92 port 34665 ssh2]
Apr 11 09:58:13 ovzhost sshd[949]: Received disconnect from 43.255.190.92: 11:  [preauth]
Apr 11 09:58:13 ovzhost sshd[949]: PAM 2 more authentication failures; logname= uid=0 euid=0 tty=ssh ruser= rhost=43.255.190.92  user=root
Apr 11 09:58:14 ovzhost sshd[953]: pam_unix(sshd:auth): authentication failure; logname= uid=0 euid=0 tty=ssh ruser= rhost=43.255.190.92  user=root
Apr 11 09:58:14 ovzhost sshd[951]: Failed password for root from 43.255.190.144 port 34973 ssh2
Apr 11 09:58:16 ovzhost sshd[953]: Failed password for root from 43.255.190.92 port 53432 ssh2
Apr 11 09:58:19 ovzhost sshd[951]: message repeated 2 times: [ Failed password for root from 43.255.190.144 port 34973 ssh2]
Apr 11 09:58:19 ovzhost sshd[951]: Received disconnect from 43.255.190.144: 11:  [preauth]
Apr 11 09:58:19 ovzhost sshd[951]: PAM 2 more authentication failures; logname= uid=0 euid=0 tty=ssh ruser= rhost=43.255.190.144  user=root
Apr 11 09:58:21 ovzhost sshd[953]: message repeated 2 times: [ Failed password for root from 43.255.190.92 port 53432 ssh2]
Apr 11 09:58:21 ovzhost sshd[953]: Received disconnect from 43.255.190.92: 11:  [preauth]
Apr 11 09:58:21 ovzhost sshd[953]: PAM 2 more authentication failures; logname= uid=0 euid=0 tty=ssh ruser= rhost=43.255.190.92  user=root
Apr 11 09:58:22 ovzhost sshd[955]: pam_unix(sshd:auth): authentication failure; logname= uid=0 euid=0 tty=ssh ruser= rhost=43.255.190.144  user=root
Apr 11 09:58:24 ovzhost sshd[955]: Failed password for root from 43.255.190.144 port 54078 ssh2
Apr 11 09:58:24 ovzhost sshd[959]: pam_unix(sshd:auth): authentication failure; logname= uid=0 euid=0 tty=ssh ruser= rhost=43.255.190.92  user=root
Apr 11 09:58:26 ovzhost sshd[959]: Failed password for root from 43.255.190.92 port 41945 ssh2
Apr 11 09:58:28 ovzhost sshd[955]: message repeated 2 times: [ Failed password for root from 43.255.190.144 port 54078 ssh2]
Apr 11 09:58:28 ovzhost sshd[955]: Received disconnect from 43.255.190.144: 11:  [preauth]
Apr 11 09:58:28 ovzhost sshd[955]: PAM 2 more authentication failures; logname= uid=0 euid=0 tty=ssh ruser= rhost=43.255.190.144  user=root
Apr 11 09:58:30 ovzhost sshd[961]: pam_unix(sshd:auth): authentication failure; logname= uid=0 euid=0 tty=ssh ruser= rhost=43.255.190.144  user=root
Apr 11 09:58:31 ovzhost sshd[959]: message repeated 2 times: [ Failed password for root from 43.255.190.92 port 41945 ssh2]
Apr 11 09:58:31 ovzhost sshd[959]: Received disconnect from 43.255.190.92: 11:  [preauth]
Apr 11 09:58:31 ovzhost sshd[959]: PAM 2 more authentication failures; logname= uid=0 euid=0 tty=ssh ruser= rhost=43.255.190.92  user=root
Apr 11 09:58:32 ovzhost sshd[963]: pam_unix(sshd:auth): authentication failure; logname= uid=0 euid=0 tty=ssh ruser= rhost=43.255.190.92  user=root
Apr 11 09:58:33 ovzhost sshd[961]: Failed password for root from 43.255.190.144 port 49272 ssh2
Apr 11 09:58:34 ovzhost sshd[963]: Failed password for root from 43.255.190.92 port 34903 ssh2
Apr 11 09:58:38 ovzhost sshd[961]: message repeated 2 times: [ Failed password for root from 43.255.190.144 port 49272 ssh2]
Apr 11 09:58:38 ovzhost sshd[961]: Received disconnect from 43.255.190.144: 11:  [preauth]
Apr 11 09:58:38 ovzhost sshd[961]: PAM 2 more authentication failures; logname= uid=0 euid=0 tty=ssh ruser= rhost=43.255.190.144  user=root
Apr 11 09:58:38 ovzhost sshd[963]: message repeated 2 times: [ Failed password for root from 43.255.190.92 port 34903 ssh2]
Apr 11 09:58:38 ovzhost sshd[963]: Received disconnect from 43.255.190.92: 11:  [preauth]
Apr 11 09:58:38 ovzhost sshd[963]: PAM 2 more authentication failures; logname= uid=0 euid=0 tty=ssh ruser= rhost=43.255.190.92  user=root
Apr 11 09:58:38 ovzhost sshd[965]: pam_unix(sshd:auth): authentication failure; logname= uid=0 euid=0 tty=ssh ruser= rhost=43.255.190.144  user=root
Apr 11 09:58:39 ovzhost sshd[967]: pam_unix(sshd:auth): authentication failure; logname= uid=0 euid=0 tty=ssh ruser= rhost=43.255.190.92  user=root
Apr 11 09:58:40 ovzhost sshd[965]: Failed password for root from 43.255.190.144 port 41971 ssh2
Apr 11 09:58:41 ovzhost sshd[967]: Failed password for root from 43.255.190.92 port 51465 ssh2
Apr 11 09:58:45 ovzhost sshd[967]: message repeated 2 times: [ Failed password for root from 43.255.190.92 port 51465 ssh2]
Apr 11 09:58:45 ovzhost sshd[967]: Received disconnect from 43.255.190.92: 11:  [preauth]
Apr 11 09:58:45 ovzhost sshd[967]: PAM 2 more authentication failures; logname= uid=0 euid=0 tty=ssh ruser= rhost=43.255.190.92  user=root
Apr 11 09:58:46 ovzhost sshd[965]: message repeated 2 times: [ Failed password for root from 43.255.190.144 port 41971 ssh2]
Apr 11 09:58:46 ovzhost sshd[965]: Received disconnect from 43.255.190.144: 11:  [preauth]
Apr 11 09:58:46 ovzhost sshd[965]: PAM 2 more authentication failures; logname= uid=0 euid=0 tty=ssh ruser= rhost=43.255.190.144  user=root
Apr 11 09:58:47 ovzhost sshd[969]: pam_unix(sshd:auth): authentication failure; logname= uid=0 euid=0 tty=ssh ruser= rhost=43.255.190.92  user=root
Apr 11 09:58:47 ovzhost sshd[971]: pam_unix(sshd:auth): authentication failure; logname= uid=0 euid=0 tty=ssh ruser= rhost=43.255.190.144  user=root
Apr 11 09:58:49 ovzhost sshd[969]: Failed password for root from 43.255.190.92 port 38157 ssh2
Apr 11 09:58:50 ovzhost sshd[971]: Failed password for root from 43.255.190.144 port 33685 ssh2
Apr 11 09:58:53 ovzhost sshd[969]: message repeated 2 times: [ Failed password for root from 43.255.190.92 port 38157 ssh2]
Apr 11 09:58:53 ovzhost sshd[969]: Received disconnect from 43.255.190.92: 11:  [preauth]
Apr 11 09:58:53 ovzhost sshd[969]: PAM 2 more authentication failures; logname= uid=0 euid=0 tty=ssh ruser= rhost=43.255.190.92  user=root
Apr 11 09:58:55 ovzhost sshd[975]: pam_unix(sshd:auth): authentication failure; logname= uid=0 euid=0 tty=ssh ruser= rhost=43.255.190.92  user=root
Apr 11 09:58:57 ovzhost sshd[975]: Failed password for root from 43.255.190.92 port 54949 ssh2
Apr 11 09:58:57 ovzhost sshd[971]: message repeated 2 times: [ Failed password for root from 43.255.190.144 port 33685 ssh2]
Apr 11 09:58:57 ovzhost sshd[971]: Received disconnect from 43.255.190.144: 11:  [preauth]
Apr 11 09:58:57 ovzhost sshd[971]: PAM 2 more authentication failures; logname= uid=0 euid=0 tty=ssh ruser= rhost=43.255.190.144  user=root
Apr 11 09:58:59 ovzhost sshd[977]: pam_unix(sshd:auth): authentication failure; logname= uid=0 euid=0 tty=ssh ruser= rhost=43.255.190.144  user=root
Apr 11 09:59:00 ovzhost sshd[977]: Failed password for root from 43.255.190.144 port 60949 ssh2
Apr 11 09:59:01 ovzhost sshd[975]: message repeated 2 times: [ Failed password for root from 43.255.190.92 port 54949 ssh2]
Apr 11 09:59:01 ovzhost sshd[975]: Received disconnect from 43.255.190.92: 11:  [preauth]
Apr 11 09:59:01 ovzhost sshd[975]: PAM 2 more authentication failures; logname= uid=0 euid=0 tty=ssh ruser= rhost=43.255.190.92  user=root
Apr 11 09:59:04 ovzhost sshd[979]: pam_unix(sshd:auth): authentication failure; logname= uid=0 euid=0 tty=ssh ruser= rhost=43.255.190.92  user=root
Apr 11 09:59:05 ovzhost sshd[977]: message repeated 2 times: [ Failed password for root from 43.255.190.144 port 60949 ssh2]
Apr 11 09:59:05 ovzhost sshd[977]: Received disconnect from 43.255.190.144: 11:  [preauth]
Apr 11 09:59:05 ovzhost sshd[977]: PAM 2 more authentication failures; logname= uid=0 euid=0 tty=ssh ruser= rhost=43.255.190.144  user=root
Apr 11 09:59:06 ovzhost sshd[979]: Failed password for root from 43.255.190.92 port 43166 ssh2
Apr 11 09:59:07 ovzhost sshd[981]: pam_unix(sshd:auth): authentication failure; logname= uid=0 euid=0 tty=ssh ruser= rhost=43.255.190.144  user=root
Apr 11 09:59:09 ovzhost sshd[981]: Failed password for root from 43.255.190.144 port 50488 ssh2
Apr 11 09:59:11 ovzhost sshd[979]: message repeated 2 times: [ Failed password for root from 43.255.190.92 port 43166 ssh2]
Apr 11 09:59:11 ovzhost sshd[979]: Received disconnect from 43.255.190.92: 11:  [preauth]
Apr 11 09:59:11 ovzhost sshd[979]: PAM 2 more authentication failures; logname= uid=0 euid=0 tty=ssh ruser= rhost=43.255.190.92  user=root
Apr 11 09:59:12 ovzhost sshd[983]: pam_unix(sshd:auth): authentication failure; logname= uid=0 euid=0 tty=ssh ruser= rhost=43.255.190.92  user=root
Apr 11 09:59:13 ovzhost sshd[981]: message repeated 2 times: [ Failed password for root from 43.255.190.144 port 50488 ssh2]
Apr 11 09:59:13 ovzhost sshd[981]: Received disconnect from 43.255.190.144: 11:  [preauth]
Apr 11 09:59:13 ovzhost sshd[981]: PAM 2 more authentication failures; logname= uid=0 euid=0 tty=ssh ruser= rhost=43.255.190.144  user=root
Apr 11 09:59:14 ovzhost sshd[983]: Failed password for root from 43.255.190.92 port 35080 ssh2
Apr 11 09:59:14 ovzhost sshd[985]: pam_unix(sshd:auth): authentication failure; logname= uid=0 euid=0 tty=ssh ruser= rhost=43.255.190.144  user=root
Apr 11 09:59:16 ovzhost sshd[985]: Failed password for root from 43.255.190.144 port 41108 ssh2
Apr 11 09:59:18 ovzhost sshd[983]: message repeated 2 times: [ Failed password for root from 43.255.190.92 port 35080 ssh2]
Apr 11 09:59:18 ovzhost sshd[983]: Received disconnect from 43.255.190.92: 11:  [preauth]
Apr 11 09:59:18 ovzhost sshd[983]: PAM 2 more authentication failures; logname= uid=0 euid=0 tty=ssh ruser= rhost=43.255.190.92  user=root
Apr 11 09:59:19 ovzhost sshd[987]: pam_unix(sshd:auth): authentication failure; logname= uid=0 euid=0 tty=ssh ruser= rhost=43.255.190.92  user=root
Apr 11 09:59:20 ovzhost sshd[985]: message repeated 2 times: [ Failed password for root from 43.255.190.144 port 41108 ssh2]
Apr 11 09:59:21 ovzhost sshd[985]: Received disconnect from 43.255.190.144: 11:  [preauth]
Apr 11 09:59:21 ovzhost sshd[985]: PAM 2 more authentication failures; logname= uid=0 euid=0 tty=ssh ruser= rhost=43.255.190.144  user=root
Apr 11 09:59:21 ovzhost sshd[987]: Failed password for root from 43.255.190.92 port 49845 ssh2
Apr 11 09:59:21 ovzhost sshd[989]: pam_unix(sshd:auth): authentication failure; logname= uid=0 euid=0 tty=ssh ruser= rhost=43.255.190.144  user=root
Apr 11 09:59:23 ovzhost sshd[989]: Failed password for root from 43.255.190.144 port 59154 ssh2
Apr 11 09:59:24 ovzhost sshd[987]: message repeated 2 times: [ Failed password for root from 43.255.190.92 port 49845 ssh2]
Apr 11 09:59:25 ovzhost sshd[987]: Received disconnect from 43.255.190.92: 11:  [preauth]
Apr 11 09:59:25 ovzhost sshd[987]: PAM 2 more authentication failures; logname= uid=0 euid=0 tty=ssh ruser= rhost=43.255.190.92  user=root
Apr 11 09:59:26 ovzhost sshd[992]: pam_unix(sshd:auth): authentication failure; logname= uid=0 euid=0 tty=ssh ruser= rhost=43.255.190.92  user=root
Apr 11 09:59:27 ovzhost sshd[989]: message repeated 2 times: [ Failed password for root from 43.255.190.144 port 59154 ssh2]
Apr 11 09:59:27 ovzhost sshd[989]: Received disconnect from 43.255.190.144: 11:  [preauth]
Apr 11 09:59:27 ovzhost sshd[989]: PAM 2 more authentication failures; logname= uid=0 euid=0 tty=ssh ruser= rhost=43.255.190.144  user=root
Apr 11 09:59:27 ovzhost sshd[992]: Failed password for root from 43.255.190.92 port 35994 ssh2
Apr 11 09:59:29 ovzhost sshd[994]: pam_unix(sshd:auth): authentication failure; logname= uid=0 euid=0 tty=ssh ruser= rhost=43.255.190.144  user=root
Apr 11 09:59:31 ovzhost sshd[994]: Failed password for root from 43.255.190.144 port 47507 ssh2
Apr 11 09:59:32 ovzhost sshd[992]: message repeated 2 times: [ Failed password for root from 43.255.190.92 port 35994 ssh2]
Apr 11 09:59:32 ovzhost sshd[992]: Received disconnect from 43.255.190.92: 11:  [preauth]
Apr 11 09:59:32 ovzhost sshd[992]: PAM 2 more authentication failures; logname= uid=0 euid=0 tty=ssh ruser= rhost=43.255.190.92  user=root
Apr 11 09:59:34 ovzhost sshd[996]: pam_unix(sshd:auth): authentication failure; logname= uid=0 euid=0 tty=ssh ruser= rhost=43.255.190.92  user=root
Apr 11 09:59:36 ovzhost sshd[996]: Failed password for root from 43.255.190.92 port 51688 ssh2
Apr 11 09:59:36 ovzhost sshd[994]: message repeated 2 times: [ Failed password for root from 43.255.190.144 port 47507 ssh2]
Apr 11 09:59:36 ovzhost sshd[994]: Received disconnect from 43.255.190.144: 11:  [preauth]
Apr 11 09:59:36 ovzhost sshd[994]: PAM 2 more authentication failures; logname= uid=0 euid=0 tty=ssh ruser= rhost=43.255.190.144  user=root
Apr 11 09:59:39 ovzhost sshd[998]: pam_unix(sshd:auth): authentication failure; logname= uid=0 euid=0 tty=ssh ruser= rhost=43.255.190.144  user=root
Apr 11 09:59:41 ovzhost sshd[996]: message repeated 2 times: [ Failed password for root from 43.255.190.92 port 51688 ssh2]
Apr 11 09:59:41 ovzhost sshd[996]: Received disconnect from 43.255.190.92: 11:  [preauth]
Apr 11 09:59:41 ovzhost sshd[996]: PAM 2 more authentication failures; logname= uid=0 euid=0 tty=ssh ruser= rhost=43.255.190.92  user=root
Apr 11 09:59:41 ovzhost sshd[998]: Failed password for root from 43.255.190.144 port 39679 ssh2
Apr 11 09:59:43 ovzhost sshd[1002]: pam_unix(sshd:auth): authentication failure; logname= uid=0 euid=0 tty=ssh ruser= rhost=43.255.190.92  user=root
Apr 11 09:59:45 ovzhost sshd[1002]: Failed password for root from 43.255.190.92 port 40788 ssh2
Apr 11 09:59:46 ovzhost sshd[998]: message repeated 2 times: [ Failed password for root from 43.255.190.144 port 39679 ssh2]
Apr 11 09:59:46 ovzhost sshd[998]: Received disconnect from 43.255.190.144: 11:  [preauth]
Apr 11 09:59:46 ovzhost sshd[998]: PAM 2 more authentication failures; logname= uid=0 euid=0 tty=ssh ruser= rhost=43.255.190.144  user=root
Apr 11 09:59:47 ovzhost sshd[1004]: pam_unix(sshd:auth): authentication failure; logname= uid=0 euid=0 tty=ssh ruser= rhost=43.255.190.144  user=root
Apr 11 09:59:48 ovzhost sshd[1004]: Failed password for root from 43.255.190.144 port 33813 ssh2
Apr 11 09:59:49 ovzhost sshd[1002]: message repeated 2 times: [ Failed password for root from 43.255.190.92 port 40788 ssh2]
Apr 11 09:59:49 ovzhost sshd[1002]: Received disconnect from 43.255.190.92: 11:  [preauth]
Apr 11 09:59:49 ovzhost sshd[1002]: PAM 2 more authentication failures; logname= uid=0 euid=0 tty=ssh ruser= rhost=43.255.190.92  user=root
Apr 11 09:59:49 ovzhost sshd[1006]: pam_unix(sshd:auth): authentication failure; logname= uid=0 euid=0 tty=ssh ruser= rhost=43.255.190.92  user=root
Apr 11 09:59:51 ovzhost sshd[1006]: Failed password for root from 43.255.190.92 port 57110 ssh2
Apr 11 09:59:53 ovzhost sshd[1004]: message repeated 2 times: [ Failed password for root from 43.255.190.144 port 33813 ssh2]
Apr 11 09:59:54 ovzhost sshd[1004]: Received disconnect from 43.255.190.144: 11:  [preauth]
Apr 11 09:59:54 ovzhost sshd[1004]: PAM 2 more authentication failures; logname= uid=0 euid=0 tty=ssh ruser= rhost=43.255.190.144  user=root
Apr 11 09:59:55 ovzhost sshd[1008]: pam_unix(sshd:auth): authentication failure; logname= uid=0 euid=0 tty=ssh ruser= rhost=43.255.190.144  user=root
Apr 11 09:59:56 ovzhost sshd[1006]: message repeated 2 times: [ Failed password for root from 43.255.190.92 port 57110 ssh2]
Apr 11 09:59:56 ovzhost sshd[1006]: Received disconnect from 43.255.190.92: 11:  [preauth]
Apr 11 09:59:56 ovzhost sshd[1006]: PAM 2 more authentication failures; logname= uid=0 euid=0 tty=ssh ruser= rhost=43.255.190.92  user=root
Apr 11 09:59:57 ovzhost sshd[1008]: Failed password for root from 43.255.190.144 port 52105 ssh2
Apr 11 09:59:57 ovzhost sshd[1011]: pam_unix(sshd:auth): authentication failure; logname= uid=0 euid=0 tty=ssh ruser= rhost=43.255.190.92  user=root
Apr 11 09:59:59 ovzhost sshd[1011]: Failed password for root from 43.255.190.92 port 44151 ssh2
Apr 11 10:00:01 ovzhost sshd[1008]: message repeated 2 times: [ Failed password for root from 43.255.190.144 port 52105 ssh2]
Apr 11 10:00:01 ovzhost sshd[1008]: Received disconnect from 43.255.190.144: 11:  [preauth]
Apr 11 10:00:01 ovzhost sshd[1008]: PAM 2 more authentication failures; logname= uid=0 euid=0 tty=ssh ruser= rhost=43.255.190.144  user=root
Apr 11 10:00:01 ovzhost CRON[1015]: pam_env(cron:session): Unable to open env file: /etc/default/locale: No such file or directory
Apr 11 10:00:01 ovzhost CRON[1015]: pam_unix(cron:session): session opened for user smmsp by (uid=0)
Apr 11 10:00:01 ovzhost CRON[1015]: pam_unix(cron:session): session closed for user smmsp
Apr 11 10:00:01 ovzhost sshd[1013]: pam_unix(sshd:auth): authentication failure; logname= uid=0 euid=0 tty=ssh ruser= rhost=43.255.190.144  user=root
Apr 11 10:00:02 ovzhost sshd[1011]: message repeated 2 times: [ Failed password for root from 43.255.190.92 port 44151 ssh2]
Apr 11 10:00:03 ovzhost sshd[1011]: Received disconnect from 43.255.190.92: 11:  [preauth]
Apr 11 10:00:03 ovzhost sshd[1011]: PAM 2 more authentication failures; logname= uid=0 euid=0 tty=ssh ruser= rhost=43.255.190.92  user=root
Apr 11 10:00:03 ovzhost sshd[1013]: Failed password for root from 43.255.190.144 port 41403 ssh2
Apr 11 10:00:03 ovzhost sshd[1041]: pam_unix(sshd:auth): authentication failure; logname= uid=0 euid=0 tty=ssh ruser= rhost=43.255.190.92  user=root
Apr 11 10:00:06 ovzhost sshd[1041]: Failed password for root from 43.255.190.92 port 57733 ssh2
Apr 11 10:00:08 ovzhost sshd[1013]: message repeated 2 times: [ Failed password for root from 43.255.190.144 port 41403 ssh2]
Apr 11 10:00:08 ovzhost sshd[1013]: Received disconnect from 43.255.190.144: 11:  [preauth]
Apr 11 10:00:08 ovzhost sshd[1013]: PAM 2 more authentication failures; logname= uid=0 euid=0 tty=ssh ruser= rhost=43.255.190.144  user=root
Apr 11 10:00:09 ovzhost sshd[1041]: message repeated 2 times: [ Failed password for root from 43.255.190.92 port 57733 ssh2]
Apr 11 10:00:09 ovzhost sshd[1041]: Received disconnect from 43.255.190.92: 11:  [preauth]
Apr 11 10:00:09 ovzhost sshd[1041]: PAM 2 more authentication failures; logname= uid=0 euid=0 tty=ssh ruser= rhost=43.255.190.92  user=root
Apr 11 10:00:10 ovzhost sshd[1049]: Connection closed by 127.0.0.1 [preauth]
Apr 11 10:00:11 ovzhost sshd[1044]: pam_unix(sshd:auth): authentication failure; logname= uid=0 euid=0 tty=ssh ruser= rhost=43.255.190.144  user=root
Apr 11 10:00:13 ovzhost sshd[1046]: pam_unix(sshd:auth): authentication failure; logname= uid=0 euid=0 tty=ssh ruser= rhost=43.255.190.92  user=root
Apr 11 10:00:14 ovzhost sshd[1044]: Failed password for root from 43.255.190.144 port 56699 ssh2
Apr 11 10:00:15 ovzhost sshd[1046]: Failed password for root from 43.255.190.92 port 44518 ssh2
Apr 11 10:00:18 ovzhost sshd[1044]: message repeated 2 times: [ Failed password for root from 43.255.190.144 port 56699 ssh2]
Apr 11 10:00:18 ovzhost sshd[1044]: Received disconnect from 43.255.190.144: 11:  [preauth]
Apr 11 10:00:18 ovzhost sshd[1044]: PAM 2 more authentication failures; logname= uid=0 euid=0 tty=ssh ruser= rhost=43.255.190.144  user=root
Apr 11 10:00:20 ovzhost sshd[1053]: pam_unix(sshd:auth): authentication failure; logname= uid=0 euid=0 tty=ssh ruser= rhost=43.255.190.144  user=root
Apr 11 10:00:20 ovzhost sshd[1046]: message repeated 2 times: [ Failed password for root from 43.255.190.92 port 44518 ssh2]
Apr 11 10:00:20 ovzhost sshd[1046]: Received disconnect from 43.255.190.92: 11:  [preauth]
Apr 11 10:00:20 ovzhost sshd[1046]: PAM 2 more authentication failures; logname= uid=0 euid=0 tty=ssh ruser= rhost=43.255.190.92  user=root
Apr 11 10:00:21 ovzhost sshd[1055]: pam_unix(sshd:auth): authentication failure; logname= uid=0 euid=0 tty=ssh ruser= rhost=43.255.190.92  user=root
Apr 11 10:00:21 ovzhost sshd[1053]: Failed password for root from 43.255.190.144 port 53421 ssh2
Apr 11 10:00:23 ovzhost sshd[1055]: Failed password for root from 43.255.190.92 port 37695 ssh2
Apr 11 10:00:25 ovzhost sshd[1058]: Connection closed by 128.8.37.104 [preauth]
Apr 11 10:00:26 ovzhost sshd[1053]: message repeated 2 times: [ Failed password for root from 43.255.190.144 port 53421 ssh2]
Apr 11 10:00:26 ovzhost sshd[1053]: Received disconnect from 43.255.190.144: 11:  [preauth]
Apr 11 10:00:26 ovzhost sshd[1053]: PAM 2 more authentication failures; logname= uid=0 euid=0 tty=ssh ruser= rhost=43.255.190.144  user=root
Apr 11 10:00:26 ovzhost sshd[1060]: pam_unix(sshd:auth): authentication failure; logname= uid=0 euid=0 tty=ssh ruser= rhost=43.255.190.144  user=root
Apr 11 10:00:27 ovzhost sshd[1055]: message repeated 2 times: [ Failed password for root from 43.255.190.92 port 37695 ssh2]
Apr 11 10:00:28 ovzhost sshd[1055]: Received disconnect from 43.255.190.92: 11:  [preauth]
Apr 11 10:00:28 ovzhost sshd[1055]: PAM 2 more authentication failures; logname= uid=0 euid=0 tty=ssh ruser= rhost=43.255.190.92  user=root
Apr 11 10:00:28 ovzhost sshd[1060]: Failed password for root from 43.255.190.144 port 42115 ssh2
Apr 11 10:00:30 ovzhost sshd[1062]: pam_unix(sshd:auth): authentication failure; logname= uid=0 euid=0 tty=ssh ruser= rhost=43.255.190.92  user=root
Apr 11 10:00:32 ovzhost sshd[1062]: Failed password for root from 43.255.190.92 port 53703 ssh2
Apr 11 10:00:33 ovzhost sshd[1060]: message repeated 2 times: [ Failed password for root from 43.255.190.144 port 42115 ssh2]
Apr 11 10:00:33 ovzhost sshd[1060]: Received disconnect from 43.255.190.144: 11:  [preauth]
Apr 11 10:00:33 ovzhost sshd[1060]: PAM 2 more authentication failures; logname= uid=0 euid=0 tty=ssh ruser= rhost=43.255.190.144  user=root
Apr 11 10:00:35 ovzhost sshd[1064]: pam_unix(sshd:auth): authentication failure; logname= uid=0 euid=0 tty=ssh ruser= rhost=43.255.190.144  user=root
Apr 11 10:00:35 ovzhost sshd[1062]: message repeated 2 times: [ Failed password for root from 43.255.190.92 port 53703 ssh2]
Apr 11 10:00:35 ovzhost sshd[1062]: Received disconnect from 43.255.190.92: 11:  [preauth]
Apr 11 10:00:35 ovzhost sshd[1062]: PAM 2 more authentication failures; logname= uid=0 euid=0 tty=ssh ruser= rhost=43.255.190.92  user=root
Apr 11 10:00:36 ovzhost sshd[1066]: pam_unix(sshd:auth): authentication failure; logname= uid=0 euid=0 tty=ssh ruser= rhost=43.255.190.92  user=root
Apr 11 10:00:37 ovzhost sshd[1064]: Failed password for root from 43.255.190.144 port 59763 ssh2
Apr 11 10:00:39 ovzhost sshd[1066]: Failed password for root from 43.255.190.92 port 42458 ssh2
Apr 11 10:00:42 ovzhost sshd[1064]: message repeated 2 times: [ Failed password for root from 43.255.190.144 port 59763 ssh2]
Apr 11 10:00:42 ovzhost sshd[1064]: Received disconnect from 43.255.190.144: 11:  [preauth]
Apr 11 10:00:42 ovzhost sshd[1064]: PAM 2 more authentication failures; logname= uid=0 euid=0 tty=ssh ruser= rhost=43.255.190.144  user=root
Apr 11 10:00:43 ovzhost sshd[1066]: message repeated 2 times: [ Failed password for root from 43.255.190.92 port 42458 ssh2]
Apr 11 10:00:43 ovzhost sshd[1066]: Received disconnect from 43.255.190.92: 11:  [preauth]
Apr 11 10:00:43 ovzhost sshd[1066]: PAM 2 more authentication failures; logname= uid=0 euid=0 tty=ssh ruser= rhost=43.255.190.92  user=root
Apr 11 10:00:44 ovzhost sshd[1068]: pam_unix(sshd:auth): authentication failure; logname= uid=0 euid=0 tty=ssh ruser= rhost=43.255.190.144  user=root
Apr 11 10:00:45 ovzhost sshd[1068]: Failed password for root from 43.255.190.144 port 51327 ssh2
Apr 11 10:00:45 ovzhost sshd[1070]: pam_unix(sshd:auth): authentication failure; logname= uid=0 euid=0 tty=ssh ruser= rhost=43.255.190.92  user=root
Apr 11 10:00:47 ovzhost sshd[1070]: Failed password for root from 43.255.190.92 port 57431 ssh2
Apr 11 10:00:50 ovzhost sshd[1068]: message repeated 2 times: [ Failed password for root from 43.255.190.144 port 51327 ssh2]
Apr 11 10:00:50 ovzhost sshd[1068]: Received disconnect from 43.255.190.144: 11:  [preauth]
Apr 11 10:00:50 ovzhost sshd[1068]: PAM 2 more authentication failures; logname= uid=0 euid=0 tty=ssh ruser= rhost=43.255.190.144  user=root
Apr 11 10:00:51 ovzhost sshd[1074]: pam_unix(sshd:auth): authentication failure; logname= uid=0 euid=0 tty=ssh ruser= rhost=43.255.190.144  user=root
Apr 11 10:00:51 ovzhost sshd[1070]: message repeated 2 times: [ Failed password for root from 43.255.190.92 port 57431 ssh2]
Apr 11 10:00:51 ovzhost sshd[1070]: Received disconnect from 43.255.190.92: 11:  [preauth]
Apr 11 10:00:51 ovzhost sshd[1070]: PAM 2 more authentication failures; logname= uid=0 euid=0 tty=ssh ruser= rhost=43.255.190.92  user=root
Apr 11 10:00:52 ovzhost sshd[1072]: pam_unix(sshd:auth): authentication failure; logname= uid=0 euid=0 tty=ssh ruser= rhost=61.160.213.190  user=root
Apr 11 10:00:53 ovzhost sshd[1074]: Failed password for root from 43.255.190.144 port 41590 ssh2
Apr 11 10:00:53 ovzhost sshd[1076]: pam_unix(sshd:auth): authentication failure; logname= uid=0 euid=0 tty=ssh ruser= rhost=43.255.190.92  user=root
Apr 11 10:00:54 ovzhost sshd[1072]: Failed password for root from 61.160.213.190 port 48226 ssh2
Apr 11 10:00:55 ovzhost sshd[1076]: Failed password for root from 43.255.190.92 port 46102 ssh2
Apr 11 10:00:57 ovzhost sshd[1074]: message repeated 2 times: [ Failed password for root from 43.255.190.144 port 41590 ssh2]
Apr 11 10:00:57 ovzhost sshd[1074]: Received disconnect from 43.255.190.144: 11:  [preauth]
Apr 11 10:00:57 ovzhost sshd[1074]: PAM 2 more authentication failures; logname= uid=0 euid=0 tty=ssh ruser= rhost=43.255.190.144  user=root
Apr 11 10:00:58 ovzhost sshd[1080]: pam_unix(sshd:auth): authentication failure; logname= uid=0 euid=0 tty=ssh ruser= rhost=43.255.190.144  user=root
Apr 11 10:00:58 ovzhost sshd[1076]: message repeated 2 times: [ Failed password for root from 43.255.190.92 port 46102 ssh2]
Apr 11 10:00:58 ovzhost sshd[1076]: Received disconnect from 43.255.190.92: 11:  [preauth]
Apr 11 10:00:58 ovzhost sshd[1076]: PAM 2 more authentication failures; logname= uid=0 euid=0 tty=ssh ruser= rhost=43.255.190.92  user=root
Apr 11 10:00:58 ovzhost sshd[1072]: message repeated 2 times: [ Failed password for root from 61.160.213.190 port 48226 ssh2]
Apr 11 10:00:59 ovzhost sshd[1072]: Received disconnect from 61.160.213.190: 11:  [preauth]
Apr 11 10:00:59 ovzhost sshd[1072]: PAM 2 more authentication failures; logname= uid=0 euid=0 tty=ssh ruser= rhost=61.160.213.190  user=root
Apr 11 10:01:00 ovzhost sshd[1082]: pam_unix(sshd:auth): authentication failure; logname= uid=0 euid=0 tty=ssh ruser= rhost=43.255.190.92  user=root
Apr 11 10:01:01 ovzhost sshd[1080]: Failed password for root from 43.255.190.144 port 59179 ssh2
Apr 11 10:01:02 ovzhost sshd[1082]: Failed password for root from 43.255.190.92 port 33520 ssh2
Apr 11 10:01:03 ovzhost sshd[1084]: pam_unix(sshd:auth): authentication failure; logname= uid=0 euid=0 tty=ssh ruser= rhost=61.160.213.190  user=root
Apr 11 10:01:05 ovzhost sshd[1084]: Failed password for root from 61.160.213.190 port 39213 ssh2
Apr 11 10:01:05 ovzhost sshd[1080]: message repeated 2 times: [ Failed password for root from 43.255.190.144 port 59179 ssh2]
Apr 11 10:01:05 ovzhost sshd[1080]: Received disconnect from 43.255.190.144: 11:  [preauth]
Apr 11 10:01:05 ovzhost sshd[1080]: PAM 2 more authentication failures; logname= uid=0 euid=0 tty=ssh ruser= rhost=43.255.190.144  user=root
Apr 11 10:01:06 ovzhost sshd[1082]: message repeated 2 times: [ Failed password for root from 43.255.190.92 port 33520 ssh2]
Apr 11 10:01:06 ovzhost sshd[1082]: Received disconnect from 43.255.190.92: 11:  [preauth]
Apr 11 10:01:06 ovzhost sshd[1082]: PAM 2 more authentication failures; logname= uid=0 euid=0 tty=ssh ruser= rhost=43.255.190.92  user=root
Apr 11 10:01:06 ovzhost sshd[1086]: pam_unix(sshd:auth): authentication failure; logname= uid=0 euid=0 tty=ssh ruser= rhost=43.255.190.144  user=root
Apr 11 10:01:07 ovzhost sshd[1088]: pam_unix(sshd:auth): authentication failure; logname= uid=0 euid=0 tty=ssh ruser= rhost=43.255.190.92  user=root
Apr 11 10:01:08 ovzhost sshd[1086]: Failed password for root from 43.255.190.144 port 47950 ssh2
Apr 11 10:01:09 ovzhost sshd[1088]: Failed password for root from 43.255.190.92 port 48377 ssh2
Apr 11 10:01:10 ovzhost sshd[1084]: message repeated 2 times: [ Failed password for root from 61.160.213.190 port 39213 ssh2]
Apr 11 10:01:10 ovzhost sshd[1084]: Received disconnect from 61.160.213.190: 11:  [preauth]
Apr 11 10:01:10 ovzhost sshd[1084]: PAM 2 more authentication failures; logname= uid=0 euid=0 tty=ssh ruser= rhost=61.160.213.190  user=root
Apr 11 10:01:12 ovzhost sshd[1090]: pam_unix(sshd:auth): authentication failure; logname= uid=0 euid=0 tty=ssh ruser= rhost=61.160.213.190  user=root
Apr 11 10:01:12 ovzhost sshd[1086]: message repeated 2 times: [ Failed password for root from 43.255.190.144 port 47950 ssh2]
Apr 11 10:01:12 ovzhost sshd[1086]: Received disconnect from 43.255.190.144: 11:  [preauth]
Apr 11 10:01:12 ovzhost sshd[1086]: PAM 2 more authentication failures; logname= uid=0 euid=0 tty=ssh ruser= rhost=43.255.190.144  user=root
Apr 11 10:01:13 ovzhost sshd[1088]: message repeated 2 times: [ Failed password for root from 43.255.190.92 port 48377 ssh2]
Apr 11 10:01:13 ovzhost sshd[1088]: Received disconnect from 43.255.190.92: 11:  [preauth]
Apr 11 10:01:13 ovzhost sshd[1088]: PAM 2 more authentication failures; logname= uid=0 euid=0 tty=ssh ruser= rhost=43.255.190.92  user=root
Apr 11 10:01:13 ovzhost sshd[1092]: pam_unix(sshd:auth): authentication failure; logname= uid=0 euid=0 tty=ssh ruser= rhost=43.255.190.144  user=root
Apr 11 10:01:13 ovzhost sshd[1094]: pam_unix(sshd:auth): authentication failure; logname= uid=0 euid=0 tty=ssh ruser= rhost=43.255.190.92  user=root
Apr 11 10:01:15 ovzhost sshd[1090]: Failed password for root from 61.160.213.190 port 33932 ssh2
Apr 11 10:01:16 ovzhost sshd[1092]: Failed password for root from 43.255.190.144 port 37644 ssh2
Apr 11 10:01:16 ovzhost sshd[1094]: Failed password for root from 43.255.190.92 port 34831 ssh2
Apr 11 10:01:19 ovzhost sshd[1090]: message repeated 2 times: [ Failed password for root from 61.160.213.190 port 33932 ssh2]
Apr 11 10:01:19 ovzhost sshd[1090]: Received disconnect from 61.160.213.190: 11:  [preauth]
Apr 11 10:01:19 ovzhost sshd[1090]: PAM 2 more authentication failures; logname= uid=0 euid=0 tty=ssh ruser= rhost=61.160.213.190  user=root
Apr 11 10:01:20 ovzhost sshd[1092]: message repeated 2 times: [ Failed password for root from 43.255.190.144 port 37644 ssh2]
Apr 11 10:01:20 ovzhost sshd[1092]: Received disconnect from 43.255.190.144: 11:  [preauth]
Apr 11 10:01:20 ovzhost sshd[1092]: PAM 2 more authentication failures; logname= uid=0 euid=0 tty=ssh ruser= rhost=43.255.190.144  user=root
Apr 11 10:01:20 ovzhost sshd[1094]: message repeated 2 times: [ Failed password for root from 43.255.190.92 port 34831 ssh2]
Apr 11 10:01:21 ovzhost sshd[1094]: Received disconnect from 43.255.190.92: 11:  [preauth]
Apr 11 10:01:21 ovzhost sshd[1094]: PAM 2 more authentication failures; logname= uid=0 euid=0 tty=ssh ruser= rhost=43.255.190.92  user=root
Apr 11 10:01:21 ovzhost sshd[1096]: pam_unix(sshd:auth): authentication failure; logname= uid=0 euid=0 tty=ssh ruser= rhost=61.160.213.190  user=root
Apr 11 10:01:23 ovzhost sshd[1096]: Failed password for root from 61.160.213.190 port 51556 ssh2
Apr 11 10:01:25 ovzhost sshd[1098]: pam_unix(sshd:auth): authentication failure; logname= uid=0 euid=0 tty=ssh ruser= rhost=43.255.190.144  user=root
Apr 11 10:01:26 ovzhost sshd[1100]: pam_unix(sshd:auth): authentication failure; logname= uid=0 euid=0 tty=ssh ruser= rhost=43.255.190.92  user=root
Apr 11 10:01:27 ovzhost sshd[1098]: Failed password for root from 43.255.190.144 port 55854 ssh2
Apr 11 10:01:27 ovzhost sshd[1100]: Failed password for root from 43.255.190.92 port 51172 ssh2
Apr 11 10:01:27 ovzhost sshd[1096]: message repeated 2 times: [ Failed password for root from 61.160.213.190 port 51556 ssh2]
Apr 11 10:01:28 ovzhost sshd[1096]: Received disconnect from 61.160.213.190: 11:  [preauth]
Apr 11 10:01:28 ovzhost sshd[1096]: PAM 2 more authentication failures; logname= uid=0 euid=0 tty=ssh ruser= rhost=61.160.213.190  user=root
Apr 11 10:01:31 ovzhost sshd[1100]: message repeated 2 times: [ Failed password for root from 43.255.190.92 port 51172 ssh2]
Apr 11 10:01:31 ovzhost sshd[1100]: Received disconnect from 43.255.190.92: 11:  [preauth]
Apr 11 10:01:31 ovzhost sshd[1100]: PAM 2 more authentication failures; logname= uid=0 euid=0 tty=ssh ruser= rhost=43.255.190.92  user=root
Apr 11 10:01:31 ovzhost sshd[1098]: message repeated 2 times: [ Failed password for root from 43.255.190.144 port 55854 ssh2]
Apr 11 10:01:31 ovzhost sshd[1098]: Received disconnect from 43.255.190.144: 11:  [preauth]
Apr 11 10:01:31 ovzhost sshd[1098]: PAM 2 more authentication failures; logname= uid=0 euid=0 tty=ssh ruser= rhost=43.255.190.144  user=root
Apr 11 10:01:32 ovzhost sshd[1106]: pam_unix(sshd:auth): authentication failure; logname= uid=0 euid=0 tty=ssh ruser= rhost=43.255.190.92  user=root
Apr 11 10:01:32 ovzhost sshd[1108]: pam_unix(sshd:auth): authentication failure; logname= uid=0 euid=0 tty=ssh ruser= rhost=43.255.190.144  user=root
Apr 11 10:01:32 ovzhost sshd[1104]: pam_unix(sshd:auth): authentication failure; logname= uid=0 euid=0 tty=ssh ruser= rhost=61.160.213.190  user=root
Apr 11 10:01:33 ovzhost sshd[1106]: Failed password for root from 43.255.190.92 port 45162 ssh2
Apr 11 10:01:33 ovzhost sshd[1108]: Failed password for root from 43.255.190.144 port 53485 ssh2
Apr 11 10:01:34 ovzhost sshd[1104]: Failed password for root from 61.160.213.190 port 39075 ssh2
Apr 11 10:01:38 ovzhost sshd[1106]: message repeated 2 times: [ Failed password for root from 43.255.190.92 port 45162 ssh2]
Apr 11 10:01:38 ovzhost sshd[1106]: Received disconnect from 43.255.190.92: 11:  [preauth]
Apr 11 10:01:38 ovzhost sshd[1106]: PAM 2 more authentication failures; logname= uid=0 euid=0 tty=ssh ruser= rhost=43.255.190.92  user=root
Apr 11 10:01:38 ovzhost sshd[1108]: message repeated 2 times: [ Failed password for root from 43.255.190.144 port 53485 ssh2]
Apr 11 10:01:38 ovzhost sshd[1108]: Received disconnect from 43.255.190.144: 11:  [preauth]
Apr 11 10:01:38 ovzhost sshd[1108]: PAM 2 more authentication failures; logname= uid=0 euid=0 tty=ssh ruser= rhost=43.255.190.144  user=root
Apr 11 10:01:39 ovzhost sshd[1110]: pam_unix(sshd:auth): authentication failure; logname= uid=0 euid=0 tty=ssh ruser= rhost=43.255.190.92  user=root
Apr 11 10:01:39 ovzhost sshd[1104]: message repeated 2 times: [ Failed password for root from 61.160.213.190 port 39075 ssh2]
Apr 11 10:01:39 ovzhost sshd[1104]: Received disconnect from 61.160.213.190: 11:  [preauth]
Apr 11 10:01:39 ovzhost sshd[1104]: PAM 2 more authentication failures; logname= uid=0 euid=0 tty=ssh ruser= rhost=61.160.213.190  user=root
Apr 11 10:01:40 ovzhost sshd[1112]: pam_unix(sshd:auth): authentication failure; logname= uid=0 euid=0 tty=ssh ruser= rhost=43.255.190.144  user=root
Apr 11 10:01:41 ovzhost sshd[1110]: Failed password for root from 43.255.190.92 port 58213 ssh2
Apr 11 10:01:42 ovzhost sshd[1112]: Failed password for root from 43.255.190.144 port 41001 ssh2
Apr 11 10:01:43 ovzhost sshd[1114]: pam_unix(sshd:auth): authentication failure; logname= uid=0 euid=0 tty=ssh ruser= rhost=61.160.213.190  user=root
Apr 11 10:01:45 ovzhost sshd[1110]: message repeated 2 times: [ Failed password for root from 43.255.190.92 port 58213 ssh2]
Apr 11 10:01:45 ovzhost sshd[1110]: Received disconnect from 43.255.190.92: 11:  [preauth]
Apr 11 10:01:45 ovzhost sshd[1110]: PAM 2 more authentication failures; logname= uid=0 euid=0 tty=ssh ruser= rhost=43.255.190.92  user=root
Apr 11 10:01:45 ovzhost sshd[1114]: Failed password for root from 61.160.213.190 port 33342 ssh2
Apr 11 10:01:46 ovzhost sshd[1116]: pam_unix(sshd:auth): authentication failure; logname= uid=0 euid=0 tty=ssh ruser= rhost=43.255.190.92  user=root
Apr 11 10:01:47 ovzhost sshd[1112]: message repeated 2 times: [ Failed password for root from 43.255.190.144 port 41001 ssh2]
Apr 11 10:01:47 ovzhost sshd[1112]: Received disconnect from 43.255.190.144: 11:  [preauth]
Apr 11 10:01:47 ovzhost sshd[1112]: PAM 2 more authentication failures; logname= uid=0 euid=0 tty=ssh ruser= rhost=43.255.190.144  user=root
