Apr 11 10:24:44 ovzhost sshd[1414]: pam_unix(sshd:auth): authentication failure; logname= uid=0 euid=0 tty=ssh ruser= rhost=43.255.190.135  user=root
Apr 11 10:24:46 ovzhost sshd[1414]: Failed password for root from 43.255.190.135 port 38328 ssh2
Apr 11 10:24:51 ovzhost sshd[1414]: message repeated 2 times: [ Failed password for root from 43.255.190.135 port 38328 ssh2]
Apr 11 10:24:51 ovzhost sshd[1414]: Received disconnect from 43.255.190.135: 11:  [preauth]
Apr 11 10:24:51 ovzhost sshd[1414]: PAM 2 more authentication failures; logname= uid=0 euid=0 tty=ssh ruser= rhost=43.255.190.135  user=root
Apr 11 10:24:52 ovzhost sshd[1416]: pam_unix(sshd:auth): authentication failure; logname= uid=0 euid=0 tty=ssh ruser= rhost=43.255.190.135  user=root
Apr 11 10:24:54 ovzhost sshd[1416]: Failed password for root from 43.255.190.135 port 54031 ssh2
Apr 11 10:24:57 ovzhost sshd[1416]: message repeated 2 times: [ Failed password for root from 43.255.190.135 port 54031 ssh2]
Apr 11 10:24:58 ovzhost sshd[1416]: Received disconnect from 43.255.190.135: 11:  [preauth]
Apr 11 10:24:58 ovzhost sshd[1416]: PAM 2 more authentication failures; logname= uid=0 euid=0 tty=ssh ruser= rhost=43.255.190.135  user=root
Apr 11 10:24:58 ovzhost sshd[1419]: pam_unix(sshd:auth): authentication failure; logname= uid=0 euid=0 tty=ssh ruser= rhost=43.255.190.135  user=root
Apr 11 10:25:01 ovzhost sshd[1419]: Failed password for root from 43.255.190.135 port 38441 ssh2
Apr 11 10:25:05 ovzhost sshd[1419]: message repeated 2 times: [ Failed password for root from 43.255.190.135 port 38441 ssh2]
Apr 11 10:25:05 ovzhost sshd[1419]: Received disconnect from 43.255.190.135: 11:  [preauth]
Apr 11 10:25:05 ovzhost sshd[1419]: PAM 2 more authentication failures; logname= uid=0 euid=0 tty=ssh ruser= rhost=43.255.190.135  user=root
Apr 11 10:25:10 ovzhost sshd[1425]: Connection closed by 127.0.0.1 [preauth]
Apr 11 10:25:10 ovzhost sshd[1422]: pam_unix(sshd:auth): authentication failure; logname= uid=0 euid=0 tty=ssh ruser= rhost=43.255.190.135  user=root
Apr 11 10:25:13 ovzhost sshd[1422]: Failed password for root from 43.255.190.135 port 52823 ssh2
Apr 11 10:25:17 ovzhost sshd[1422]: message repeated 2 times: [ Failed password for root from 43.255.190.135 port 52823 ssh2]
Apr 11 10:25:17 ovzhost sshd[1422]: Received disconnect from 43.255.190.135: 11:  [preauth]
Apr 11 10:25:17 ovzhost sshd[1422]: PAM 2 more authentication failures; logname= uid=0 euid=0 tty=ssh ruser= rhost=43.255.190.135  user=root
Apr 11 10:25:18 ovzhost sshd[1429]: pam_unix(sshd:auth): authentication failure; logname= uid=0 euid=0 tty=ssh ruser= rhost=43.255.190.135  user=root
Apr 11 10:25:20 ovzhost sshd[1429]: Failed password for root from 43.255.190.135 port 46077 ssh2
Apr 11 10:25:24 ovzhost sshd[1429]: message repeated 2 times: [ Failed password for root from 43.255.190.135 port 46077 ssh2]
Apr 11 10:25:24 ovzhost sshd[1429]: Received disconnect from 43.255.190.135: 11:  [preauth]
Apr 11 10:25:24 ovzhost sshd[1429]: PAM 2 more authentication failures; logname= uid=0 euid=0 tty=ssh ruser= rhost=43.255.190.135  user=root
Apr 11 10:25:24 ovzhost sshd[1431]: pam_unix(sshd:auth): authentication failure; logname= uid=0 euid=0 tty=ssh ruser= rhost=43.255.190.135  user=root
Apr 11 10:25:27 ovzhost sshd[1431]: Failed password for root from 43.255.190.135 port 60045 ssh2
Apr 11 10:25:31 ovzhost sshd[1431]: message repeated 2 times: [ Failed password for root from 43.255.190.135 port 60045 ssh2]
Apr 11 10:25:32 ovzhost sshd[1431]: Received disconnect from 43.255.190.135: 11:  [preauth]
Apr 11 10:25:32 ovzhost sshd[1431]: PAM 2 more authentication failures; logname= uid=0 euid=0 tty=ssh ruser= rhost=43.255.190.135  user=root
Apr 11 10:25:34 ovzhost sshd[1433]: pam_unix(sshd:auth): authentication failure; logname= uid=0 euid=0 tty=ssh ruser= rhost=43.255.190.135  user=root
Apr 11 10:25:36 ovzhost sshd[1433]: Failed password for root from 43.255.190.135 port 46610 ssh2
Apr 11 10:25:40 ovzhost sshd[1433]: message repeated 2 times: [ Failed password for root from 43.255.190.135 port 46610 ssh2]
Apr 11 10:25:41 ovzhost sshd[1433]: Received disconnect from 43.255.190.135: 11:  [preauth]
Apr 11 10:25:41 ovzhost sshd[1433]: PAM 2 more authentication failures; logname= uid=0 euid=0 tty=ssh ruser= rhost=43.255.190.135  user=root
Apr 11 10:25:41 ovzhost sshd[1435]: pam_unix(sshd:auth): authentication failure; logname= uid=0 euid=0 tty=ssh ruser= rhost=43.255.190.135  user=root
Apr 11 10:25:43 ovzhost sshd[1435]: Failed password for root from 43.255.190.135 port 34490 ssh2
Apr 11 10:25:48 ovzhost sshd[1435]: message repeated 2 times: [ Failed password for root from 43.255.190.135 port 34490 ssh2]
Apr 11 10:25:48 ovzhost sshd[1435]: Received disconnect from 43.255.190.135: 11:  [preauth]
Apr 11 10:25:48 ovzhost sshd[1435]: PAM 2 more authentication failures; logname= uid=0 euid=0 tty=ssh ruser= rhost=43.255.190.135  user=root
Apr 11 10:25:48 ovzhost sshd[1437]: pam_unix(sshd:auth): authentication failure; logname= uid=0 euid=0 tty=ssh ruser= rhost=43.255.190.135  user=root
Apr 11 10:25:50 ovzhost sshd[1437]: Failed password for root from 43.255.190.135 port 47744 ssh2
Apr 11 10:25:55 ovzhost sshd[1437]: message repeated 2 times: [ Failed password for root from 43.255.190.135 port 47744 ssh2]
Apr 11 10:25:55 ovzhost sshd[1437]: Received disconnect from 43.255.190.135: 11:  [preauth]
Apr 11 10:25:55 ovzhost sshd[1437]: PAM 2 more authentication failures; logname= uid=0 euid=0 tty=ssh ruser= rhost=43.255.190.135  user=root
Apr 11 10:25:56 ovzhost sshd[1439]: pam_unix(sshd:auth): authentication failure; logname= uid=0 euid=0 tty=ssh ruser= rhost=43.255.190.135  user=root
Apr 11 10:25:58 ovzhost sshd[1439]: Failed password for root from 43.255.190.135 port 33298 ssh2
Apr 11 10:26:00 ovzhost sshd[1441]: pam_unix(sshd:auth): authentication failure; logname= uid=0 euid=0 tty=ssh ruser= rhost=43.255.190.123  user=root
Apr 11 10:26:02 ovzhost sshd[1441]: Failed password for root from 43.255.190.123 port 35070 ssh2
Apr 11 10:26:02 ovzhost sshd[1439]: message repeated 2 times: [ Failed password for root from 43.255.190.135 port 33298 ssh2]
Apr 11 10:26:02 ovzhost sshd[1439]: Received disconnect from 43.255.190.135: 11:  [preauth]
Apr 11 10:26:02 ovzhost sshd[1439]: PAM 2 more authentication failures; logname= uid=0 euid=0 tty=ssh ruser= rhost=43.255.190.135  user=root
Apr 11 10:26:03 ovzhost sshd[1443]: pam_unix(sshd:auth): authentication failure; logname= uid=0 euid=0 tty=ssh ruser= rhost=43.255.190.135  user=root
Apr 11 10:26:05 ovzhost sshd[1443]: Failed password for root from 43.255.190.135 port 47463 ssh2
Apr 11 10:26:06 ovzhost sshd[1441]: message repeated 2 times: [ Failed password for root from 43.255.190.123 port 35070 ssh2]
Apr 11 10:26:06 ovzhost sshd[1441]: Received disconnect from 43.255.190.123: 11:  [preauth]
Apr 11 10:26:06 ovzhost sshd[1441]: PAM 2 more authentication failures; logname= uid=0 euid=0 tty=ssh ruser= rhost=43.255.190.123  user=root
Apr 11 10:26:07 ovzhost sshd[1445]: pam_unix(sshd:auth): authentication failure; logname= uid=0 euid=0 tty=ssh ruser= rhost=43.255.190.123  user=root
Apr 11 10:26:08 ovzhost sshd[1443]: message repeated 2 times: [ Failed password for root from 43.255.190.135 port 47463 ssh2]
Apr 11 10:26:08 ovzhost sshd[1443]: Received disconnect from 43.255.190.135: 11:  [preauth]
Apr 11 10:26:08 ovzhost sshd[1443]: PAM 2 more authentication failures; logname= uid=0 euid=0 tty=ssh ruser= rhost=43.255.190.135  user=root
Apr 11 10:26:09 ovzhost sshd[1445]: Failed password for root from 43.255.190.123 port 51717 ssh2
Apr 11 10:26:09 ovzhost sshd[1447]: pam_unix(sshd:auth): authentication failure; logname= uid=0 euid=0 tty=ssh ruser= rhost=43.255.190.135  user=root
Apr 11 10:26:11 ovzhost sshd[1447]: Failed password for root from 43.255.190.135 port 58791 ssh2
Apr 11 10:26:13 ovzhost sshd[1445]: message repeated 2 times: [ Failed password for root from 43.255.190.123 port 51717 ssh2]
Apr 11 10:26:13 ovzhost sshd[1445]: Received disconnect from 43.255.190.123: 11:  [preauth]
Apr 11 10:26:13 ovzhost sshd[1445]: PAM 2 more authentication failures; logname= uid=0 euid=0 tty=ssh ruser= rhost=43.255.190.123  user=root
Apr 11 10:26:14 ovzhost sshd[1449]: pam_unix(sshd:auth): authentication failure; logname= uid=0 euid=0 tty=ssh ruser= rhost=43.255.190.123  user=root
Apr 11 10:26:15 ovzhost sshd[1447]: message repeated 2 times: [ Failed password for root from 43.255.190.135 port 58791 ssh2]
Apr 11 10:26:15 ovzhost sshd[1447]: Received disconnect from 43.255.190.135: 11:  [preauth]
Apr 11 10:26:15 ovzhost sshd[1447]: PAM 2 more authentication failures; logname= uid=0 euid=0 tty=ssh ruser= rhost=43.255.190.135  user=root
Apr 11 10:26:16 ovzhost sshd[1453]: pam_unix(sshd:auth): authentication failure; logname= uid=0 euid=0 tty=ssh ruser= rhost=43.255.190.135  user=root
Apr 11 10:26:16 ovzhost sshd[1449]: Failed password for root from 43.255.190.123 port 40406 ssh2
Apr 11 10:26:18 ovzhost sshd[1453]: Failed password for root from 43.255.190.135 port 43336 ssh2
Apr 11 10:26:20 ovzhost sshd[1449]: message repeated 2 times: [ Failed password for root from 43.255.190.123 port 40406 ssh2]
Apr 11 10:26:20 ovzhost sshd[1449]: Received disconnect from 43.255.190.123: 11:  [preauth]
Apr 11 10:26:20 ovzhost sshd[1449]: PAM 2 more authentication failures; logname= uid=0 euid=0 tty=ssh ruser= rhost=43.255.190.123  user=root
Apr 11 10:26:21 ovzhost sshd[1457]: pam_unix(sshd:auth): authentication failure; logname= uid=0 euid=0 tty=ssh ruser= rhost=43.255.190.123  user=root
Apr 11 10:26:22 ovzhost sshd[1453]: message repeated 2 times: [ Failed password for root from 43.255.190.135 port 43336 ssh2]
Apr 11 10:26:22 ovzhost sshd[1453]: Received disconnect from 43.255.190.135: 11:  [preauth]
Apr 11 10:26:22 ovzhost sshd[1453]: PAM 2 more authentication failures; logname= uid=0 euid=0 tty=ssh ruser= rhost=43.255.190.135  user=root
Apr 11 10:26:23 ovzhost sshd[1457]: Failed password for root from 43.255.190.123 port 56555 ssh2
Apr 11 10:26:23 ovzhost sshd[1459]: pam_unix(sshd:auth): authentication failure; logname= uid=0 euid=0 tty=ssh ruser= rhost=43.255.190.135  user=root
Apr 11 10:26:26 ovzhost sshd[1459]: Failed password for root from 43.255.190.135 port 56522 ssh2
Apr 11 10:26:28 ovzhost sshd[1457]: message repeated 2 times: [ Failed password for root from 43.255.190.123 port 56555 ssh2]
Apr 11 10:26:28 ovzhost sshd[1457]: Received disconnect from 43.255.190.123: 11:  [preauth]
Apr 11 10:26:28 ovzhost sshd[1457]: PAM 2 more authentication failures; logname= uid=0 euid=0 tty=ssh ruser= rhost=43.255.190.123  user=root
Apr 11 10:26:29 ovzhost sshd[1461]: pam_unix(sshd:auth): authentication failure; logname= uid=0 euid=0 tty=ssh ruser= rhost=43.255.190.123  user=root
Apr 11 10:26:30 ovzhost sshd[1459]: message repeated 2 times: [ Failed password for root from 43.255.190.135 port 56522 ssh2]
Apr 11 10:26:30 ovzhost sshd[1459]: Received disconnect from 43.255.190.135: 11:  [preauth]
Apr 11 10:26:30 ovzhost sshd[1459]: PAM 2 more authentication failures; logname= uid=0 euid=0 tty=ssh ruser= rhost=43.255.190.135  user=root
Apr 11 10:26:30 ovzhost sshd[1463]: pam_unix(sshd:auth): authentication failure; logname= uid=0 euid=0 tty=ssh ruser= rhost=43.255.190.135  user=root
Apr 11 10:26:30 ovzhost sshd[1461]: Failed password for root from 43.255.190.123 port 47457 ssh2
Apr 11 10:26:32 ovzhost sshd[1463]: Failed password for root from 43.255.190.135 port 42411 ssh2
Apr 11 10:26:35 ovzhost sshd[1461]: message repeated 2 times: [ Failed password for root from 43.255.190.123 port 47457 ssh2]
Apr 11 10:26:35 ovzhost sshd[1461]: Received disconnect from 43.255.190.123: 11:  [preauth]
Apr 11 10:26:35 ovzhost sshd[1461]: PAM 2 more authentication failures; logname= uid=0 euid=0 tty=ssh ruser= rhost=43.255.190.123  user=root
Apr 11 10:26:35 ovzhost sshd[1465]: pam_unix(sshd:auth): authentication failure; logname= uid=0 euid=0 tty=ssh ruser= rhost=43.255.190.123  user=root
Apr 11 10:26:37 ovzhost sshd[1463]: message repeated 2 times: [ Failed password for root from 43.255.190.135 port 42411 ssh2]
Apr 11 10:26:37 ovzhost sshd[1463]: Received disconnect from 43.255.190.135: 11:  [preauth]
Apr 11 10:26:37 ovzhost sshd[1463]: PAM 2 more authentication failures; logname= uid=0 euid=0 tty=ssh ruser= rhost=43.255.190.135  user=root
Apr 11 10:26:38 ovzhost sshd[1465]: Failed password for root from 43.255.190.123 port 35758 ssh2
Apr 11 10:26:38 ovzhost sshd[1467]: pam_unix(sshd:auth): authentication failure; logname= uid=0 euid=0 tty=ssh ruser= rhost=43.255.190.135  user=root
Apr 11 10:26:39 ovzhost sshd[1467]: Failed password for root from 43.255.190.135 port 56070 ssh2
Apr 11 10:26:41 ovzhost sshd[1465]: message repeated 2 times: [ Failed password for root from 43.255.190.123 port 35758 ssh2]
Apr 11 10:26:41 ovzhost sshd[1465]: Received disconnect from 43.255.190.123: 11:  [preauth]
Apr 11 10:26:41 ovzhost sshd[1465]: PAM 2 more authentication failures; logname= uid=0 euid=0 tty=ssh ruser= rhost=43.255.190.123  user=root
Apr 11 10:26:42 ovzhost sshd[1469]: pam_unix(sshd:auth): authentication failure; logname= uid=0 euid=0 tty=ssh ruser= rhost=43.255.190.123  user=root
Apr 11 10:26:43 ovzhost sshd[1467]: message repeated 2 times: [ Failed password for root from 43.255.190.135 port 56070 ssh2]
Apr 11 10:26:43 ovzhost sshd[1467]: Received disconnect from 43.255.190.135: 11:  [preauth]
Apr 11 10:26:43 ovzhost sshd[1467]: PAM 2 more authentication failures; logname= uid=0 euid=0 tty=ssh ruser= rhost=43.255.190.135  user=root
Apr 11 10:26:44 ovzhost sshd[1471]: pam_unix(sshd:auth): authentication failure; logname= uid=0 euid=0 tty=ssh ruser= rhost=43.255.190.135  user=root
Apr 11 10:26:44 ovzhost sshd[1469]: Failed password for root from 43.255.190.123 port 51555 ssh2
Apr 11 10:26:46 ovzhost sshd[1471]: Failed password for root from 43.255.190.135 port 40436 ssh2
Apr 11 10:26:49 ovzhost sshd[1469]: message repeated 2 times: [ Failed password for root from 43.255.190.123 port 51555 ssh2]
Apr 11 10:26:49 ovzhost sshd[1469]: Received disconnect from 43.255.190.123: 11:  [preauth]
Apr 11 10:26:49 ovzhost sshd[1469]: PAM 2 more authentication failures; logname= uid=0 euid=0 tty=ssh ruser= rhost=43.255.190.123  user=root
Apr 11 10:26:50 ovzhost sshd[1473]: pam_unix(sshd:auth): authentication failure; logname= uid=0 euid=0 tty=ssh ruser= rhost=43.255.190.123  user=root
Apr 11 10:26:50 ovzhost sshd[1471]: message repeated 2 times: [ Failed password for root from 43.255.190.135 port 40436 ssh2]
Apr 11 10:26:50 ovzhost sshd[1471]: Received disconnect from 43.255.190.135: 11:  [preauth]
Apr 11 10:26:50 ovzhost sshd[1471]: PAM 2 more authentication failures; logname= uid=0 euid=0 tty=ssh ruser= rhost=43.255.190.135  user=root
Apr 11 10:26:51 ovzhost sshd[1476]: pam_unix(sshd:auth): authentication failure; logname= uid=0 euid=0 tty=ssh ruser= rhost=43.255.190.135  user=root
Apr 11 10:26:51 ovzhost sshd[1473]: Failed password for root from 43.255.190.123 port 39983 ssh2
Apr 11 10:26:53 ovzhost sshd[1476]: Failed password for root from 43.255.190.135 port 54066 ssh2
Apr 11 10:26:55 ovzhost sshd[1473]: message repeated 2 times: [ Failed password for root from 43.255.190.123 port 39983 ssh2]
Apr 11 10:26:55 ovzhost sshd[1473]: Received disconnect from 43.255.190.123: 11:  [preauth]
Apr 11 10:26:55 ovzhost sshd[1473]: PAM 2 more authentication failures; logname= uid=0 euid=0 tty=ssh ruser= rhost=43.255.190.123  user=root
Apr 11 10:26:56 ovzhost sshd[1478]: pam_unix(sshd:auth): authentication failure; logname= uid=0 euid=0 tty=ssh ruser= rhost=43.255.190.123  user=root
Apr 11 10:26:57 ovzhost sshd[1476]: message repeated 2 times: [ Failed password for root from 43.255.190.135 port 54066 ssh2]
Apr 11 10:26:57 ovzhost sshd[1476]: Received disconnect from 43.255.190.135: 11:  [preauth]
Apr 11 10:26:57 ovzhost sshd[1476]: PAM 2 more authentication failures; logname= uid=0 euid=0 tty=ssh ruser= rhost=43.255.190.135  user=root
Apr 11 10:26:58 ovzhost sshd[1480]: pam_unix(sshd:auth): authentication failure; logname= uid=0 euid=0 tty=ssh ruser= rhost=43.255.190.135  user=root
Apr 11 10:26:58 ovzhost sshd[1478]: Failed password for root from 43.255.190.123 port 56002 ssh2
Apr 11 10:27:00 ovzhost sshd[1480]: Failed password for root from 43.255.190.135 port 38088 ssh2
Apr 11 10:27:03 ovzhost sshd[1478]: message repeated 2 times: [ Failed password for root from 43.255.190.123 port 56002 ssh2]
Apr 11 10:27:03 ovzhost sshd[1478]: Received disconnect from 43.255.190.123: 11:  [preauth]
Apr 11 10:27:03 ovzhost sshd[1478]: PAM 2 more authentication failures; logname= uid=0 euid=0 tty=ssh ruser= rhost=43.255.190.123  user=root
Apr 11 10:27:03 ovzhost sshd[1482]: pam_unix(sshd:auth): authentication failure; logname= uid=0 euid=0 tty=ssh ruser= rhost=43.255.190.123  user=root
Apr 11 10:27:04 ovzhost sshd[1480]: message repeated 2 times: [ Failed password for root from 43.255.190.135 port 38088 ssh2]
Apr 11 10:27:04 ovzhost sshd[1480]: Received disconnect from 43.255.190.135: 11:  [preauth]
Apr 11 10:27:04 ovzhost sshd[1480]: PAM 2 more authentication failures; logname= uid=0 euid=0 tty=ssh ruser= rhost=43.255.190.135  user=root
Apr 11 10:27:04 ovzhost sshd[1484]: pam_unix(sshd:auth): authentication failure; logname= uid=0 euid=0 tty=ssh ruser= rhost=43.255.190.135  user=root
Apr 11 10:27:06 ovzhost sshd[1482]: Failed password for root from 43.255.190.123 port 45936 ssh2
Apr 11 10:27:06 ovzhost sshd[1484]: Failed password for root from 43.255.190.135 port 50641 ssh2
Apr 11 10:27:10 ovzhost sshd[1482]: message repeated 2 times: [ Failed password for root from 43.255.190.123 port 45936 ssh2]
Apr 11 10:27:10 ovzhost sshd[1482]: Received disconnect from 43.255.190.123: 11:  [preauth]
Apr 11 10:27:10 ovzhost sshd[1482]: PAM 2 more authentication failures; logname= uid=0 euid=0 tty=ssh ruser= rhost=43.255.190.123  user=root
Apr 11 10:27:11 ovzhost sshd[1484]: message repeated 2 times: [ Failed password for root from 43.255.190.135 port 50641 ssh2]
Apr 11 10:27:11 ovzhost sshd[1484]: Received disconnect from 43.255.190.135: 11:  [preauth]
Apr 11 10:27:11 ovzhost sshd[1484]: PAM 2 more authentication failures; logname= uid=0 euid=0 tty=ssh ruser= rhost=43.255.190.135  user=root
Apr 11 10:27:12 ovzhost sshd[1486]: pam_unix(sshd:auth): authentication failure; logname= uid=0 euid=0 tty=ssh ruser= rhost=43.255.190.123  user=root
Apr 11 10:27:14 ovzhost sshd[1488]: pam_unix(sshd:auth): authentication failure; logname= uid=0 euid=0 tty=ssh ruser= rhost=43.255.190.135  user=root
Apr 11 10:27:15 ovzhost sshd[1486]: Failed password for root from 43.255.190.123 port 35306 ssh2
Apr 11 10:27:16 ovzhost sshd[1488]: Failed password for root from 43.255.190.135 port 35171 ssh2
Apr 11 10:27:19 ovzhost sshd[1486]: message repeated 2 times: [ Failed password for root from 43.255.190.123 port 35306 ssh2]
Apr 11 10:27:19 ovzhost sshd[1486]: Received disconnect from 43.255.190.123: 11:  [preauth]
Apr 11 10:27:19 ovzhost sshd[1486]: PAM 2 more authentication failures; logname= uid=0 euid=0 tty=ssh ruser= rhost=43.255.190.123  user=root
Apr 11 10:27:19 ovzhost sshd[1488]: message repeated 2 times: [ Failed password for root from 43.255.190.135 port 35171 ssh2]
Apr 11 10:27:19 ovzhost sshd[1488]: Received disconnect from 43.255.190.135: 11:  [preauth]
Apr 11 10:27:19 ovzhost sshd[1488]: PAM 2 more authentication failures; logname= uid=0 euid=0 tty=ssh ruser= rhost=43.255.190.135  user=root
Apr 11 10:27:20 ovzhost sshd[1490]: pam_unix(sshd:auth): authentication failure; logname= uid=0 euid=0 tty=ssh ruser= rhost=43.255.190.123  user=root
Apr 11 10:27:20 ovzhost sshd[1492]: pam_unix(sshd:auth): authentication failure; logname= uid=0 euid=0 tty=ssh ruser= rhost=43.255.190.135  user=root
Apr 11 10:27:22 ovzhost sshd[1490]: Failed password for root from 43.255.190.123 port 55012 ssh2
Apr 11 10:27:22 ovzhost sshd[1492]: Failed password for root from 43.255.190.135 port 51796 ssh2
Apr 11 10:27:26 ovzhost sshd[1490]: message repeated 2 times: [ Failed password for root from 43.255.190.123 port 55012 ssh2]
Apr 11 10:27:26 ovzhost sshd[1490]: Received disconnect from 43.255.190.123: 11:  [preauth]
Apr 11 10:27:26 ovzhost sshd[1490]: PAM 2 more authentication failures; logname= uid=0 euid=0 tty=ssh ruser= rhost=43.255.190.123  user=root
Apr 11 10:27:26 ovzhost sshd[1492]: message repeated 2 times: [ Failed password for root from 43.255.190.135 port 51796 ssh2]
Apr 11 10:27:26 ovzhost sshd[1492]: Received disconnect from 43.255.190.135: 11:  [preauth]
Apr 11 10:27:26 ovzhost sshd[1492]: PAM 2 more authentication failures; logname= uid=0 euid=0 tty=ssh ruser= rhost=43.255.190.135  user=root
Apr 11 10:27:26 ovzhost sshd[1495]: pam_unix(sshd:auth): authentication failure; logname= uid=0 euid=0 tty=ssh ruser= rhost=43.255.190.123  user=root
Apr 11 10:27:27 ovzhost sshd[1497]: pam_unix(sshd:auth): authentication failure; logname= uid=0 euid=0 tty=ssh ruser= rhost=43.255.190.135  user=root
Apr 11 10:27:28 ovzhost sshd[1495]: Failed password for root from 43.255.190.123 port 44030 ssh2
Apr 11 10:27:29 ovzhost sshd[1497]: Failed password for root from 43.255.190.135 port 36849 ssh2
Apr 11 10:27:31 ovzhost sshd[1499]: Invalid user ubnt from 222.186.59.91
Apr 11 10:27:31 ovzhost sshd[1499]: input_userauth_request: invalid user ubnt [preauth]
Apr 11 10:27:31 ovzhost sshd[1499]: pam_unix(sshd:auth): check pass; user unknown
Apr 11 10:27:31 ovzhost sshd[1499]: pam_unix(sshd:auth): authentication failure; logname= uid=0 euid=0 tty=ssh ruser= rhost=222.186.59.91 
Apr 11 10:27:32 ovzhost sshd[1495]: message repeated 2 times: [ Failed password for root from 43.255.190.123 port 44030 ssh2]
Apr 11 10:27:32 ovzhost sshd[1495]: Received disconnect from 43.255.190.123: 11:  [preauth]
Apr 11 10:27:32 ovzhost sshd[1495]: PAM 2 more authentication failures; logname= uid=0 euid=0 tty=ssh ruser= rhost=43.255.190.123  user=root
Apr 11 10:27:33 ovzhost sshd[1501]: pam_unix(sshd:auth): authentication failure; logname= uid=0 euid=0 tty=ssh ruser= rhost=43.255.190.123  user=root
Apr 11 10:27:33 ovzhost sshd[1499]: Failed password for invalid user ubnt from 222.186.59.91 port 1499 ssh2
Apr 11 10:27:34 ovzhost sshd[1499]: fatal: Read from socket failed: Connection reset by peer [preauth]
Apr 11 10:27:34 ovzhost sshd[1497]: message repeated 2 times: [ Failed password for root from 43.255.190.135 port 36849 ssh2]
Apr 11 10:27:34 ovzhost sshd[1497]: Received disconnect from 43.255.190.135: 11:  [preauth]
Apr 11 10:27:34 ovzhost sshd[1497]: PAM 2 more authentication failures; logname= uid=0 euid=0 tty=ssh ruser= rhost=43.255.190.135  user=root
Apr 11 10:27:34 ovzhost sshd[1503]: pam_unix(sshd:auth): authentication failure; logname= uid=0 euid=0 tty=ssh ruser= rhost=43.255.190.135  user=root
Apr 11 10:27:35 ovzhost sshd[1501]: Failed password for root from 43.255.190.123 port 59421 ssh2
Apr 11 10:27:36 ovzhost sshd[1503]: Failed password for root from 43.255.190.135 port 50652 ssh2
Apr 11 10:27:38 ovzhost sshd[1501]: message repeated 2 times: [ Failed password for root from 43.255.190.123 port 59421 ssh2]
Apr 11 10:27:38 ovzhost sshd[1501]: Received disconnect from 43.255.190.123: 11:  [preauth]
Apr 11 10:27:38 ovzhost sshd[1501]: PAM 2 more authentication failures; logname= uid=0 euid=0 tty=ssh ruser= rhost=43.255.190.123  user=root
Apr 11 10:27:40 ovzhost sshd[1505]: pam_unix(sshd:auth): authentication failure; logname= uid=0 euid=0 tty=ssh ruser= rhost=43.255.190.123  user=root
Apr 11 10:27:40 ovzhost sshd[1503]: message repeated 2 times: [ Failed password for root from 43.255.190.135 port 50652 ssh2]
Apr 11 10:27:40 ovzhost sshd[1503]: Received disconnect from 43.255.190.135: 11:  [preauth]
Apr 11 10:27:40 ovzhost sshd[1503]: PAM 2 more authentication failures; logname= uid=0 euid=0 tty=ssh ruser= rhost=43.255.190.135  user=root
Apr 11 10:27:41 ovzhost sshd[1507]: pam_unix(sshd:auth): authentication failure; logname= uid=0 euid=0 tty=ssh ruser= rhost=43.255.190.135  user=root
Apr 11 10:27:42 ovzhost sshd[1505]: Failed password for root from 43.255.190.123 port 44667 ssh2
Apr 11 10:27:43 ovzhost sshd[1507]: Failed password for root from 43.255.190.135 port 35293 ssh2
Apr 11 10:27:45 ovzhost sshd[1505]: message repeated 2 times: [ Failed password for root from 43.255.190.123 port 44667 ssh2]
Apr 11 10:27:46 ovzhost sshd[1505]: Received disconnect from 43.255.190.123: 11:  [preauth]
Apr 11 10:27:46 ovzhost sshd[1505]: PAM 2 more authentication failures; logname= uid=0 euid=0 tty=ssh ruser= rhost=43.255.190.123  user=root
Apr 11 10:27:46 ovzhost sshd[1509]: pam_unix(sshd:auth): authentication failure; logname= uid=0 euid=0 tty=ssh ruser= rhost=43.255.190.123  user=root
Apr 11 10:27:47 ovzhost sshd[1507]: message repeated 2 times: [ Failed password for root from 43.255.190.135 port 35293 ssh2]
Apr 11 10:27:47 ovzhost sshd[1507]: Received disconnect from 43.255.190.135: 11:  [preauth]
Apr 11 10:27:47 ovzhost sshd[1507]: PAM 2 more authentication failures; logname= uid=0 euid=0 tty=ssh ruser= rhost=43.255.190.135  user=root
Apr 11 10:27:47 ovzhost sshd[1511]: pam_unix(sshd:auth): authentication failure; logname= uid=0 euid=0 tty=ssh ruser= rhost=43.255.190.135  user=root
Apr 11 10:27:48 ovzhost sshd[1509]: Failed password for root from 43.255.190.123 port 34238 ssh2
Apr 11 10:27:49 ovzhost sshd[1511]: Failed password for root from 43.255.190.135 port 48242 ssh2
Apr 11 10:27:52 ovzhost sshd[1509]: message repeated 2 times: [ Failed password for root from 43.255.190.123 port 34238 ssh2]
Apr 11 10:27:52 ovzhost sshd[1509]: Received disconnect from 43.255.190.123: 11:  [preauth]
Apr 11 10:27:52 ovzhost sshd[1509]: PAM 2 more authentication failures; logname= uid=0 euid=0 tty=ssh ruser= rhost=43.255.190.123  user=root
Apr 11 10:27:53 ovzhost sshd[1514]: pam_unix(sshd:auth): authentication failure; logname= uid=0 euid=0 tty=ssh ruser= rhost=43.255.190.123  user=root
Apr 11 10:27:53 ovzhost sshd[1511]: message repeated 2 times: [ Failed password for root from 43.255.190.135 port 48242 ssh2]
Apr 11 10:27:54 ovzhost sshd[1511]: Received disconnect from 43.255.190.135: 11:  [preauth]
Apr 11 10:27:54 ovzhost sshd[1511]: PAM 2 more authentication failures; logname= uid=0 euid=0 tty=ssh ruser= rhost=43.255.190.135  user=root
Apr 11 10:27:54 ovzhost sshd[1516]: pam_unix(sshd:auth): authentication failure; logname= uid=0 euid=0 tty=ssh ruser= rhost=43.255.190.135  user=root
Apr 11 10:27:55 ovzhost sshd[1514]: Failed password for root from 43.255.190.123 port 50006 ssh2
Apr 11 10:27:56 ovzhost sshd[1516]: Failed password for root from 43.255.190.135 port 33029 ssh2
Apr 11 10:27:59 ovzhost sshd[1514]: message repeated 2 times: [ Failed password for root from 43.255.190.123 port 50006 ssh2]
Apr 11 10:27:59 ovzhost sshd[1514]: Received disconnect from 43.255.190.123: 11:  [preauth]
Apr 11 10:27:59 ovzhost sshd[1514]: PAM 2 more authentication failures; logname= uid=0 euid=0 tty=ssh ruser= rhost=43.255.190.123  user=root
Apr 11 10:27:59 ovzhost sshd[1518]: pam_unix(sshd:auth): authentication failure; logname= uid=0 euid=0 tty=ssh ruser= rhost=43.255.190.123  user=root
Apr 11 10:28:00 ovzhost sshd[1516]: message repeated 2 times: [ Failed password for root from 43.255.190.135 port 33029 ssh2]
Apr 11 10:28:00 ovzhost sshd[1516]: Received disconnect from 43.255.190.135: 11:  [preauth]
Apr 11 10:28:00 ovzhost sshd[1516]: PAM 2 more authentication failures; logname= uid=0 euid=0 tty=ssh ruser= rhost=43.255.190.135  user=root
Apr 11 10:28:01 ovzhost sshd[1518]: Failed password for root from 43.255.190.123 port 37528 ssh2
Apr 11 10:28:02 ovzhost sshd[1520]: pam_unix(sshd:auth): authentication failure; logname= uid=0 euid=0 tty=ssh ruser= rhost=43.255.190.135  user=root
Apr 11 10:28:04 ovzhost sshd[1520]: Failed password for root from 43.255.190.135 port 44650 ssh2
Apr 11 10:28:05 ovzhost sshd[1518]: message repeated 2 times: [ Failed password for root from 43.255.190.123 port 37528 ssh2]
Apr 11 10:28:06 ovzhost sshd[1518]: Received disconnect from 43.255.190.123: 11:  [preauth]
Apr 11 10:28:06 ovzhost sshd[1518]: PAM 2 more authentication failures; logname= uid=0 euid=0 tty=ssh ruser= rhost=43.255.190.123  user=root
Apr 11 10:28:06 ovzhost sshd[1522]: pam_unix(sshd:auth): authentication failure; logname= uid=0 euid=0 tty=ssh ruser= rhost=43.255.190.123  user=root
Apr 11 10:28:08 ovzhost sshd[1522]: Failed password for root from 43.255.190.123 port 53813 ssh2
Apr 11 10:28:09 ovzhost sshd[1520]: message repeated 2 times: [ Failed password for root from 43.255.190.135 port 44650 ssh2]
Apr 11 10:28:09 ovzhost sshd[1520]: Received disconnect from 43.255.190.135: 11:  [preauth]
Apr 11 10:28:09 ovzhost sshd[1520]: PAM 2 more authentication failures; logname= uid=0 euid=0 tty=ssh ruser= rhost=43.255.190.135  user=root
Apr 11 10:28:09 ovzhost sshd[1524]: pam_unix(sshd:auth): authentication failure; logname= uid=0 euid=0 tty=ssh ruser= rhost=43.255.190.135  user=root
Apr 11 10:28:11 ovzhost sshd[1524]: Failed password for root from 43.255.190.135 port 33453 ssh2
Apr 11 10:28:13 ovzhost sshd[1522]: message repeated 2 times: [ Failed password for root from 43.255.190.123 port 53813 ssh2]
Apr 11 10:28:13 ovzhost sshd[1522]: Received disconnect from 43.255.190.123: 11:  [preauth]
Apr 11 10:28:13 ovzhost sshd[1522]: PAM 2 more authentication failures; logname= uid=0 euid=0 tty=ssh ruser= rhost=43.255.190.123  user=root
Apr 11 10:28:13 ovzhost sshd[1526]: pam_unix(sshd:auth): authentication failure; logname= uid=0 euid=0 tty=ssh ruser= rhost=43.255.190.123  user=root
Apr 11 10:28:15 ovzhost sshd[1526]: Failed password for root from 43.255.190.123 port 43410 ssh2
Apr 11 10:28:16 ovzhost sshd[1524]: message repeated 2 times: [ Failed password for root from 43.255.190.135 port 33453 ssh2]
Apr 11 10:28:16 ovzhost sshd[1524]: Received disconnect from 43.255.190.135: 11:  [preauth]
Apr 11 10:28:16 ovzhost sshd[1524]: PAM 2 more authentication failures; logname= uid=0 euid=0 tty=ssh ruser= rhost=43.255.190.135  user=root
Apr 11 10:28:16 ovzhost sshd[1528]: pam_unix(sshd:auth): authentication failure; logname= uid=0 euid=0 tty=ssh ruser= rhost=43.255.190.135  user=root
Apr 11 10:28:19 ovzhost sshd[1528]: Failed password for root from 43.255.190.135 port 47727 ssh2
Apr 11 10:28:19 ovzhost sshd[1526]: message repeated 2 times: [ Failed password for root from 43.255.190.123 port 43410 ssh2]
Apr 11 10:28:19 ovzhost sshd[1526]: Received disconnect from 43.255.190.123: 11:  [preauth]
Apr 11 10:28:19 ovzhost sshd[1526]: PAM 2 more authentication failures; logname= uid=0 euid=0 tty=ssh ruser= rhost=43.255.190.123  user=root
Apr 11 10:28:19 ovzhost sshd[1530]: pam_unix(sshd:auth): authentication failure; logname= uid=0 euid=0 tty=ssh ruser= rhost=43.255.190.123  user=root
Apr 11 10:28:21 ovzhost sshd[1530]: Failed password for root from 43.255.190.123 port 58344 ssh2
Apr 11 10:28:22 ovzhost sshd[1528]: message repeated 2 times: [ Failed password for root from 43.255.190.135 port 47727 ssh2]
Apr 11 10:28:22 ovzhost sshd[1528]: Received disconnect from 43.255.190.135: 11:  [preauth]
Apr 11 10:28:22 ovzhost sshd[1528]: PAM 2 more authentication failures; logname= uid=0 euid=0 tty=ssh ruser= rhost=43.255.190.135  user=root
Apr 11 10:28:23 ovzhost sshd[1534]: pam_unix(sshd:auth): authentication failure; logname= uid=0 euid=0 tty=ssh ruser= rhost=43.255.190.135  user=root
Apr 11 10:28:25 ovzhost sshd[1534]: Failed password for root from 43.255.190.135 port 60689 ssh2
Apr 11 10:28:25 ovzhost sshd[1530]: message repeated 2 times: [ Failed password for root from 43.255.190.123 port 58344 ssh2]
Apr 11 10:28:25 ovzhost sshd[1530]: Received disconnect from 43.255.190.123: 11:  [preauth]
Apr 11 10:28:25 ovzhost sshd[1530]: PAM 2 more authentication failures; logname= uid=0 euid=0 tty=ssh ruser= rhost=43.255.190.123  user=root
Apr 11 10:28:27 ovzhost sshd[1536]: pam_unix(sshd:auth): authentication failure; logname= uid=0 euid=0 tty=ssh ruser= rhost=43.255.190.123  user=root
Apr 11 10:28:29 ovzhost sshd[1536]: Failed password for root from 43.255.190.123 port 45695 ssh2
Apr 11 10:28:29 ovzhost sshd[1534]: message repeated 2 times: [ Failed password for root from 43.255.190.135 port 60689 ssh2]
Apr 11 10:28:29 ovzhost sshd[1534]: Received disconnect from 43.255.190.135: 11:  [preauth]
Apr 11 10:28:29 ovzhost sshd[1534]: PAM 2 more authentication failures; logname= uid=0 euid=0 tty=ssh ruser= rhost=43.255.190.135  user=root
Apr 11 10:28:30 ovzhost sshd[1540]: pam_unix(sshd:auth): authentication failure; logname= uid=0 euid=0 tty=ssh ruser= rhost=43.255.190.135  user=root
Apr 11 10:28:32 ovzhost sshd[1540]: Failed password for root from 43.255.190.135 port 46047 ssh2
Apr 11 10:28:32 ovzhost sshd[1536]: message repeated 2 times: [ Failed password for root from 43.255.190.123 port 45695 ssh2]
Apr 11 10:28:32 ovzhost sshd[1536]: Received disconnect from 43.255.190.123: 11:  [preauth]
Apr 11 10:28:32 ovzhost sshd[1536]: PAM 2 more authentication failures; logname= uid=0 euid=0 tty=ssh ruser= rhost=43.255.190.123  user=root
Apr 11 10:28:33 ovzhost sshd[1542]: pam_unix(sshd:auth): authentication failure; logname= uid=0 euid=0 tty=ssh ruser= rhost=43.255.190.123  user=root
Apr 11 10:28:35 ovzhost sshd[1542]: Failed password for root from 43.255.190.123 port 33912 ssh2
Apr 11 10:28:36 ovzhost sshd[1540]: message repeated 2 times: [ Failed password for root from 43.255.190.135 port 46047 ssh2]
Apr 11 10:28:36 ovzhost sshd[1540]: Received disconnect from 43.255.190.135: 11:  [preauth]
Apr 11 10:28:36 ovzhost sshd[1540]: PAM 2 more authentication failures; logname= uid=0 euid=0 tty=ssh ruser= rhost=43.255.190.135  user=root
Apr 11 10:28:36 ovzhost sshd[1544]: pam_unix(sshd:auth): authentication failure; logname= uid=0 euid=0 tty=ssh ruser= rhost=43.255.190.135  user=root
Apr 11 10:28:39 ovzhost sshd[1544]: Failed password for root from 43.255.190.135 port 58019 ssh2
Apr 11 10:28:39 ovzhost sshd[1542]: message repeated 2 times: [ Failed password for root from 43.255.190.123 port 33912 ssh2]
Apr 11 10:28:39 ovzhost sshd[1542]: Received disconnect from 43.255.190.123: 11:  [preauth]
Apr 11 10:28:39 ovzhost sshd[1542]: PAM 2 more authentication failures; logname= uid=0 euid=0 tty=ssh ruser= rhost=43.255.190.123  user=root
Apr 11 10:28:40 ovzhost sshd[1546]: pam_unix(sshd:auth): authentication failure; logname= uid=0 euid=0 tty=ssh ruser= rhost=43.255.190.123  user=root
Apr 11 10:28:42 ovzhost sshd[1546]: Failed password for root from 43.255.190.123 port 50309 ssh2
Apr 11 10:28:43 ovzhost sshd[1544]: message repeated 2 times: [ Failed password for root from 43.255.190.135 port 58019 ssh2]
Apr 11 10:28:43 ovzhost sshd[1544]: Received disconnect from 43.255.190.135: 11:  [preauth]
Apr 11 10:28:43 ovzhost sshd[1544]: PAM 2 more authentication failures; logname= uid=0 euid=0 tty=ssh ruser= rhost=43.255.190.135  user=root
Apr 11 10:28:43 ovzhost sshd[1548]: pam_unix(sshd:auth): authentication failure; logname= uid=0 euid=0 tty=ssh ruser= rhost=43.255.190.135  user=root
Apr 11 10:28:45 ovzhost sshd[1548]: Failed password for root from 43.255.190.135 port 43085 ssh2
Apr 11 10:28:46 ovzhost sshd[1546]: message repeated 2 times: [ Failed password for root from 43.255.190.123 port 50309 ssh2]
Apr 11 10:28:46 ovzhost sshd[1546]: Received disconnect from 43.255.190.123: 11:  [preauth]
Apr 11 10:28:46 ovzhost sshd[1546]: PAM 2 more authentication failures; logname= uid=0 euid=0 tty=ssh ruser= rhost=43.255.190.123  user=root
Apr 11 10:28:47 ovzhost sshd[1550]: pam_unix(sshd:auth): authentication failure; logname= uid=0 euid=0 tty=ssh ruser= rhost=43.255.190.123  user=root
Apr 11 10:28:49 ovzhost sshd[1550]: Failed password for root from 43.255.190.123 port 41587 ssh2
Apr 11 10:28:49 ovzhost sshd[1548]: message repeated 2 times: [ Failed password for root from 43.255.190.135 port 43085 ssh2]
Apr 11 10:28:49 ovzhost sshd[1548]: Received disconnect from 43.255.190.135: 11:  [preauth]
Apr 11 10:28:49 ovzhost sshd[1548]: PAM 2 more authentication failures; logname= uid=0 euid=0 tty=ssh ruser= rhost=43.255.190.135  user=root
Apr 11 10:28:50 ovzhost sshd[1552]: pam_unix(sshd:auth): authentication failure; logname= uid=0 euid=0 tty=ssh ruser= rhost=43.255.190.135  user=root
Apr 11 10:28:52 ovzhost sshd[1552]: Failed password for root from 43.255.190.135 port 55523 ssh2
Apr 11 10:28:53 ovzhost sshd[1550]: message repeated 2 times: [ Failed password for root from 43.255.190.123 port 41587 ssh2]
Apr 11 10:28:53 ovzhost sshd[1550]: Received disconnect from 43.255.190.123: 11:  [preauth]
Apr 11 10:28:53 ovzhost sshd[1550]: PAM 2 more authentication failures; logname= uid=0 euid=0 tty=ssh ruser= rhost=43.255.190.123  user=root
Apr 11 10:28:55 ovzhost sshd[1556]: pam_unix(sshd:auth): authentication failure; logname= uid=0 euid=0 tty=ssh ruser= rhost=43.255.190.123  user=root
Apr 11 10:28:56 ovzhost sshd[1556]: Failed password for root from 43.255.190.123 port 57931 ssh2
Apr 11 10:28:56 ovzhost sshd[1552]: message repeated 2 times: [ Failed password for root from 43.255.190.135 port 55523 ssh2]
Apr 11 10:28:56 ovzhost sshd[1552]: Received disconnect from 43.255.190.135: 11:  [preauth]
Apr 11 10:28:56 ovzhost sshd[1552]: PAM 2 more authentication failures; logname= uid=0 euid=0 tty=ssh ruser= rhost=43.255.190.135  user=root
Apr 11 10:28:57 ovzhost sshd[1558]: pam_unix(sshd:auth): authentication failure; logname= uid=0 euid=0 tty=ssh ruser= rhost=43.255.190.135  user=root
Apr 11 10:28:58 ovzhost sshd[1558]: Failed password for root from 43.255.190.135 port 41113 ssh2
Apr 11 10:29:00 ovzhost sshd[1556]: message repeated 2 times: [ Failed password for root from 43.255.190.123 port 57931 ssh2]
Apr 11 10:29:00 ovzhost sshd[1556]: Received disconnect from 43.255.190.123: 11:  [preauth]
Apr 11 10:29:00 ovzhost sshd[1556]: PAM 2 more authentication failures; logname= uid=0 euid=0 tty=ssh ruser= rhost=43.255.190.123  user=root
Apr 11 10:29:01 ovzhost sshd[1560]: pam_unix(sshd:auth): authentication failure; logname= uid=0 euid=0 tty=ssh ruser= rhost=43.255.190.123  user=root
Apr 11 10:29:03 ovzhost sshd[1560]: Failed password for root from 43.255.190.123 port 45699 ssh2
Apr 11 10:29:03 ovzhost sshd[1558]: message repeated 2 times: [ Failed password for root from 43.255.190.135 port 41113 ssh2]
Apr 11 10:29:03 ovzhost sshd[1558]: Received disconnect from 43.255.190.135: 11:  [preauth]
Apr 11 10:29:03 ovzhost sshd[1558]: PAM 2 more authentication failures; logname= uid=0 euid=0 tty=ssh ruser= rhost=43.255.190.135  user=root
Apr 11 10:29:03 ovzhost sshd[1562]: pam_unix(sshd:auth): authentication failure; logname= uid=0 euid=0 tty=ssh ruser= rhost=43.255.190.135  user=root
Apr 11 10:29:05 ovzhost sshd[1562]: Failed password for root from 43.255.190.135 port 52865 ssh2
Apr 11 10:29:07 ovzhost sshd[1560]: message repeated 2 times: [ Failed password for root from 43.255.190.123 port 45699 ssh2]
Apr 11 10:29:07 ovzhost sshd[1560]: Received disconnect from 43.255.190.123: 11:  [preauth]
Apr 11 10:29:07 ovzhost sshd[1560]: PAM 2 more authentication failures; logname= uid=0 euid=0 tty=ssh ruser= rhost=43.255.190.123  user=root
Apr 11 10:29:08 ovzhost sshd[1564]: pam_unix(sshd:auth): authentication failure; logname= uid=0 euid=0 tty=ssh ruser= rhost=43.255.190.123  user=root
Apr 11 10:29:10 ovzhost sshd[1564]: Failed password for root from 43.255.190.123 port 34379 ssh2
Apr 11 10:29:10 ovzhost sshd[1562]: message repeated 2 times: [ Failed password for root from 43.255.190.135 port 52865 ssh2]
Apr 11 10:29:10 ovzhost sshd[1562]: Received disconnect from 43.255.190.135: 11:  [preauth]
Apr 11 10:29:10 ovzhost sshd[1562]: PAM 2 more authentication failures; logname= uid=0 euid=0 tty=ssh ruser= rhost=43.255.190.135  user=root
Apr 11 10:29:10 ovzhost sshd[1566]: pam_unix(sshd:auth): authentication failure; logname= uid=0 euid=0 tty=ssh ruser= rhost=43.255.190.135  user=root
Apr 11 10:29:13 ovzhost sshd[1566]: Failed password for root from 43.255.190.135 port 39506 ssh2
Apr 11 10:29:15 ovzhost sshd[1564]: message repeated 2 times: [ Failed password for root from 43.255.190.123 port 34379 ssh2]
Apr 11 10:29:15 ovzhost sshd[1564]: Received disconnect from 43.255.190.123: 11:  [preauth]
Apr 11 10:29:15 ovzhost sshd[1564]: PAM 2 more authentication failures; logname= uid=0 euid=0 tty=ssh ruser= rhost=43.255.190.123  user=root
Apr 11 10:29:15 ovzhost sshd[1568]: pam_unix(sshd:auth): authentication failure; logname= uid=0 euid=0 tty=ssh ruser= rhost=43.255.190.123  user=root
Apr 11 10:29:16 ovzhost sshd[1566]: message repeated 2 times: [ Failed password for root from 43.255.190.135 port 39506 ssh2]
Apr 11 10:29:16 ovzhost sshd[1566]: Received disconnect from 43.255.190.135: 11:  [preauth]
Apr 11 10:29:16 ovzhost sshd[1566]: PAM 2 more authentication failures; logname= uid=0 euid=0 tty=ssh ruser= rhost=43.255.190.135  user=root
Apr 11 10:29:17 ovzhost sshd[1570]: pam_unix(sshd:auth): authentication failure; logname= uid=0 euid=0 tty=ssh ruser= rhost=43.255.190.135  user=root
Apr 11 10:29:18 ovzhost sshd[1568]: Failed password for root from 43.255.190.123 port 53389 ssh2
Apr 11 10:29:19 ovzhost sshd[1570]: Failed password for root from 43.255.190.135 port 53904 ssh2
Apr 11 10:29:22 ovzhost sshd[1568]: message repeated 2 times: [ Failed password for root from 43.255.190.123 port 53389 ssh2]
Apr 11 10:29:22 ovzhost sshd[1568]: Received disconnect from 43.255.190.123: 11:  [preauth]
Apr 11 10:29:22 ovzhost sshd[1568]: PAM 2 more authentication failures; logname= uid=0 euid=0 tty=ssh ruser= rhost=43.255.190.123  user=root
Apr 11 10:29:22 ovzhost sshd[1572]: pam_unix(sshd:auth): authentication failure; logname= uid=0 euid=0 tty=ssh ruser= rhost=43.255.190.123  user=root
Apr 11 10:29:23 ovzhost sshd[1570]: message repeated 2 times: [ Failed password for root from 43.255.190.135 port 53904 ssh2]
Apr 11 10:29:23 ovzhost sshd[1570]: Received disconnect from 43.255.190.135: 11:  [preauth]
Apr 11 10:29:23 ovzhost sshd[1570]: PAM 2 more authentication failures; logname= uid=0 euid=0 tty=ssh ruser= rhost=43.255.190.135  user=root
Apr 11 10:29:23 ovzhost sshd[1575]: pam_unix(sshd:auth): authentication failure; logname= uid=0 euid=0 tty=ssh ruser= rhost=43.255.190.135  user=root
Apr 11 10:29:25 ovzhost sshd[1572]: Failed password for root from 43.255.190.123 port 41961 ssh2
Apr 11 10:29:26 ovzhost sshd[1575]: Failed password for root from 43.255.190.135 port 40335 ssh2
Apr 11 10:29:29 ovzhost sshd[1572]: message repeated 2 times: [ Failed password for root from 43.255.190.123 port 41961 ssh2]
Apr 11 10:29:29 ovzhost sshd[1572]: Received disconnect from 43.255.190.123: 11:  [preauth]
Apr 11 10:29:29 ovzhost sshd[1572]: PAM 2 more authentication failures; logname= uid=0 euid=0 tty=ssh ruser= rhost=43.255.190.123  user=root
Apr 11 10:29:29 ovzhost sshd[1577]: pam_unix(sshd:auth): authentication failure; logname= uid=0 euid=0 tty=ssh ruser= rhost=43.255.190.123  user=root
Apr 11 10:29:30 ovzhost sshd[1575]: message repeated 2 times: [ Failed password for root from 43.255.190.135 port 40335 ssh2]
Apr 11 10:29:30 ovzhost sshd[1575]: Received disconnect from 43.255.190.135: 11:  [preauth]
Apr 11 10:29:30 ovzhost sshd[1575]: PAM 2 more authentication failures; logname= uid=0 euid=0 tty=ssh ruser= rhost=43.255.190.135  user=root
Apr 11 10:29:31 ovzhost sshd[1579]: pam_unix(sshd:auth): authentication failure; logname= uid=0 euid=0 tty=ssh ruser= rhost=43.255.190.135  user=root
Apr 11 10:29:32 ovzhost sshd[1577]: Failed password for root from 43.255.190.123 port 59386 ssh2
Apr 11 10:29:32 ovzhost sshd[1579]: Failed password for root from 43.255.190.135 port 54436 ssh2
Apr 11 10:29:36 ovzhost sshd[1577]: message repeated 2 times: [ Failed password for root from 43.255.190.123 port 59386 ssh2]
Apr 11 10:29:36 ovzhost sshd[1577]: Received disconnect from 43.255.190.123: 11:  [preauth]
Apr 11 10:29:36 ovzhost sshd[1577]: PAM 2 more authentication failures; logname= uid=0 euid=0 tty=ssh ruser= rhost=43.255.190.123  user=root
Apr 11 10:29:37 ovzhost sshd[1579]: message repeated 2 times: [ Failed password for root from 43.255.190.135 port 54436 ssh2]
Apr 11 10:29:37 ovzhost sshd[1579]: Received disconnect from 43.255.190.135: 11:  [preauth]
Apr 11 10:29:37 ovzhost sshd[1579]: PAM 2 more authentication failures; logname= uid=0 euid=0 tty=ssh ruser= rhost=43.255.190.135  user=root
Apr 11 10:29:37 ovzhost sshd[1581]: pam_unix(sshd:auth): authentication failure; logname= uid=0 euid=0 tty=ssh ruser= rhost=43.255.190.123  user=root
Apr 11 10:29:37 ovzhost sshd[1583]: pam_unix(sshd:auth): authentication failure; logname= uid=0 euid=0 tty=ssh ruser= rhost=43.255.190.135  user=root
Apr 11 10:29:39 ovzhost sshd[1581]: Failed password for root from 43.255.190.123 port 49068 ssh2
Apr 11 10:29:39 ovzhost sshd[1583]: Failed password for root from 43.255.190.135 port 39910 ssh2
Apr 11 10:29:43 ovzhost sshd[1581]: message repeated 2 times: [ Failed password for root from 43.255.190.123 port 49068 ssh2]
Apr 11 10:29:43 ovzhost sshd[1581]: Received disconnect from 43.255.190.123: 11:  [preauth]
Apr 11 10:29:43 ovzhost sshd[1581]: PAM 2 more authentication failures; logname= uid=0 euid=0 tty=ssh ruser= rhost=43.255.190.123  user=root
Apr 11 10:29:43 ovzhost sshd[1583]: message repeated 2 times: [ Failed password for root from 43.255.190.135 port 39910 ssh2]
Apr 11 10:29:44 ovzhost sshd[1583]: Received disconnect from 43.255.190.135: 11:  [preauth]
Apr 11 10:29:44 ovzhost sshd[1583]: PAM 2 more authentication failures; logname= uid=0 euid=0 tty=ssh ruser= rhost=43.255.190.135  user=root
Apr 11 10:29:45 ovzhost sshd[1587]: pam_unix(sshd:auth): authentication failure; logname= uid=0 euid=0 tty=ssh ruser= rhost=43.255.190.123  user=root
Apr 11 10:29:45 ovzhost sshd[1589]: pam_unix(sshd:auth): authentication failure; logname= uid=0 euid=0 tty=ssh ruser= rhost=43.255.190.135  user=root
Apr 11 10:29:47 ovzhost sshd[1587]: Failed password for root from 43.255.190.123 port 36794 ssh2
Apr 11 10:29:47 ovzhost sshd[1589]: Failed password for root from 43.255.190.135 port 53112 ssh2
Apr 11 10:29:51 ovzhost sshd[1587]: message repeated 2 times: [ Failed password for root from 43.255.190.123 port 36794 ssh2]
Apr 11 10:29:51 ovzhost sshd[1587]: Received disconnect from 43.255.190.123: 11:  [preauth]
Apr 11 10:29:51 ovzhost sshd[1587]: PAM 2 more authentication failures; logname= uid=0 euid=0 tty=ssh ruser= rhost=43.255.190.123  user=root
Apr 11 10:29:51 ovzhost sshd[1589]: message repeated 2 times: [ Failed password for root from 43.255.190.135 port 53112 ssh2]
Apr 11 10:29:51 ovzhost sshd[1589]: Received disconnect from 43.255.190.135: 11:  [preauth]
Apr 11 10:29:51 ovzhost sshd[1589]: PAM 2 more authentication failures; logname= uid=0 euid=0 tty=ssh ruser= rhost=43.255.190.135  user=root
Apr 11 10:29:51 ovzhost sshd[1591]: pam_unix(sshd:auth): authentication failure; logname= uid=0 euid=0 tty=ssh ruser= rhost=43.255.190.123  user=root
Apr 11 10:29:52 ovzhost sshd[1593]: pam_unix(sshd:auth): authentication failure; logname= uid=0 euid=0 tty=ssh ruser= rhost=43.255.190.135  user=root
Apr 11 10:29:53 ovzhost sshd[1591]: Failed password for root from 43.255.190.123 port 55509 ssh2
Apr 11 10:29:54 ovzhost sshd[1593]: Failed password for root from 43.255.190.135 port 40173 ssh2
Apr 11 10:29:58 ovzhost sshd[1591]: message repeated 2 times: [ Failed password for root from 43.255.190.123 port 55509 ssh2]
Apr 11 10:29:58 ovzhost sshd[1591]: Received disconnect from 43.255.190.123: 11:  [preauth]
Apr 11 10:29:58 ovzhost sshd[1591]: PAM 2 more authentication failures; logname= uid=0 euid=0 tty=ssh ruser= rhost=43.255.190.123  user=root
Apr 11 10:29:58 ovzhost sshd[1593]: message repeated 2 times: [ Failed password for root from 43.255.190.135 port 40173 ssh2]
Apr 11 10:29:58 ovzhost sshd[1593]: Received disconnect from 43.255.190.135: 11:  [preauth]
Apr 11 10:29:58 ovzhost sshd[1593]: PAM 2 more authentication failures; logname= uid=0 euid=0 tty=ssh ruser= rhost=43.255.190.135  user=root
Apr 11 10:29:58 ovzhost sshd[1596]: pam_unix(sshd:auth): authentication failure; logname= uid=0 euid=0 tty=ssh ruser= rhost=43.255.190.123  user=root
Apr 11 10:29:59 ovzhost sshd[1598]: pam_unix(sshd:auth): authentication failure; logname= uid=0 euid=0 tty=ssh ruser= rhost=43.255.190.135  user=root
Apr 11 10:30:01 ovzhost sshd[1596]: Failed password for root from 43.255.190.123 port 43813 ssh2
Apr 11 10:30:01 ovzhost sshd[1598]: Failed password for root from 43.255.190.135 port 54469 ssh2
Apr 11 10:30:04 ovzhost sshd[1596]: message repeated 2 times: [ Failed password for root from 43.255.190.123 port 43813 ssh2]
Apr 11 10:30:04 ovzhost sshd[1596]: Received disconnect from 43.255.190.123: 11:  [preauth]
Apr 11 10:30:04 ovzhost sshd[1596]: PAM 2 more authentication failures; logname= uid=0 euid=0 tty=ssh ruser= rhost=43.255.190.123  user=root
Apr 11 10:30:04 ovzhost sshd[1598]: message repeated 2 times: [ Failed password for root from 43.255.190.135 port 54469 ssh2]
Apr 11 10:30:04 ovzhost sshd[1598]: Received disconnect from 43.255.190.135: 11:  [preauth]
Apr 11 10:30:04 ovzhost sshd[1598]: PAM 2 more authentication failures; logname= uid=0 euid=0 tty=ssh ruser= rhost=43.255.190.135  user=root
Apr 11 10:30:05 ovzhost sshd[1601]: pam_unix(sshd:auth): authentication failure; logname= uid=0 euid=0 tty=ssh ruser= rhost=43.255.190.123  user=root
Apr 11 10:30:05 ovzhost sshd[1603]: pam_unix(sshd:auth): authentication failure; logname= uid=0 euid=0 tty=ssh ruser= rhost=43.255.190.135  user=root
Apr 11 10:30:08 ovzhost sshd[1601]: Failed password for root from 43.255.190.123 port 60671 ssh2
Apr 11 10:30:08 ovzhost sshd[1603]: Failed password for root from 43.255.190.135 port 40050 ssh2
Apr 11 10:30:10 ovzhost sshd[1606]: Connection closed by 127.0.0.1 [preauth]
Apr 11 10:30:12 ovzhost sshd[1603]: message repeated 2 times: [ Failed password for root from 43.255.190.135 port 40050 ssh2]
Apr 11 10:30:12 ovzhost sshd[1603]: Received disconnect from 43.255.190.135: 11:  [preauth]
