Apr 11 10:01:49 ovzhost sshd[1116]: Failed password for root from 43.255.190.92 port 44640 ssh2
Apr 11 10:01:49 ovzhost sshd[1118]: pam_unix(sshd:auth): authentication failure; logname= uid=0 euid=0 tty=ssh ruser= rhost=43.255.190.144  user=root
Apr 11 10:01:51 ovzhost sshd[1118]: Failed password for root from 43.255.190.144 port 33555 ssh2
Apr 11 10:01:50 ovzhost sshd[1114]: message repeated 2 times: [ Failed password for root from 61.160.213.190 port 33342 ssh2]
Apr 11 10:01:53 ovzhost sshd[1114]: Received disconnect from 61.160.213.190: 11:  [preauth]
Apr 11 10:01:53 ovzhost sshd[1114]: PAM 2 more authentication failures; logname= uid=0 euid=0 tty=ssh ruser= rhost=61.160.213.190  user=root
Apr 11 10:01:53 ovzhost sshd[1116]: message repeated 2 times: [ Failed password for root from 43.255.190.92 port 44640 ssh2]
Apr 11 10:01:53 ovzhost sshd[1116]: Received disconnect from 43.255.190.92: 11:  [preauth]
Apr 11 10:01:53 ovzhost sshd[1116]: PAM 2 more authentication failures; logname= uid=0 euid=0 tty=ssh ruser= rhost=43.255.190.92  user=root
Apr 11 10:01:55 ovzhost sshd[1121]: pam_unix(sshd:auth): authentication failure; logname= uid=0 euid=0 tty=ssh ruser= rhost=43.255.190.92  user=root
Apr 11 10:01:55 ovzhost sshd[1118]: message repeated 2 times: [ Failed password for root from 43.255.190.144 port 33555 ssh2]
Apr 11 10:01:55 ovzhost sshd[1118]: Received disconnect from 43.255.190.144: 11:  [preauth]
Apr 11 10:01:55 ovzhost sshd[1118]: PAM 2 more authentication failures; logname= uid=0 euid=0 tty=ssh ruser= rhost=43.255.190.144  user=root
Apr 11 10:01:57 ovzhost sshd[1121]: Failed password for root from 43.255.190.92 port 60526 ssh2
Apr 11 10:01:57 ovzhost sshd[1125]: pam_unix(sshd:auth): authentication failure; logname= uid=0 euid=0 tty=ssh ruser= rhost=43.255.190.144  user=root
Apr 11 10:01:59 ovzhost sshd[1125]: Failed password for root from 43.255.190.144 port 51967 ssh2
Apr 11 10:01:59 ovzhost sshd[1123]: pam_unix(sshd:auth): authentication failure; logname= uid=0 euid=0 tty=ssh ruser= rhost=61.160.213.190  user=root
Apr 11 10:02:01 ovzhost sshd[1123]: Failed password for root from 61.160.213.190 port 58444 ssh2
Apr 11 10:02:01 ovzhost sshd[1121]: message repeated 2 times: [ Failed password for root from 43.255.190.92 port 60526 ssh2]
Apr 11 10:02:01 ovzhost sshd[1121]: Received disconnect from 43.255.190.92: 11:  [preauth]
Apr 11 10:02:01 ovzhost sshd[1121]: PAM 2 more authentication failures; logname= uid=0 euid=0 tty=ssh ruser= rhost=43.255.190.92  user=root
Apr 11 10:02:02 ovzhost sshd[1127]: pam_unix(sshd:auth): authentication failure; logname= uid=0 euid=0 tty=ssh ruser= rhost=43.255.190.92  user=root
Apr 11 10:02:03 ovzhost sshd[1125]: message repeated 2 times: [ Failed password for root from 43.255.190.144 port 51967 ssh2]
Apr 11 10:02:03 ovzhost sshd[1125]: Received disconnect from 43.255.190.144: 11:  [preauth]
Apr 11 10:02:03 ovzhost sshd[1125]: PAM 2 more authentication failures; logname= uid=0 euid=0 tty=ssh ruser= rhost=43.255.190.144  user=root
Apr 11 10:02:04 ovzhost sshd[1129]: pam_unix(sshd:auth): authentication failure; logname= uid=0 euid=0 tty=ssh ruser= rhost=43.255.190.144  user=root
Apr 11 10:02:04 ovzhost sshd[1127]: Failed password for root from 43.255.190.92 port 48833 ssh2
Apr 11 10:02:05 ovzhost sshd[1123]: message repeated 2 times: [ Failed password for root from 61.160.213.190 port 58444 ssh2]
Apr 11 10:02:05 ovzhost sshd[1123]: Received disconnect from 61.160.213.190: 11:  [preauth]
Apr 11 10:02:05 ovzhost sshd[1123]: PAM 2 more authentication failures; logname= uid=0 euid=0 tty=ssh ruser= rhost=61.160.213.190  user=root
Apr 11 10:02:05 ovzhost sshd[1129]: Failed password for root from 43.255.190.144 port 41584 ssh2
Apr 11 10:02:07 ovzhost sshd[1131]: pam_unix(sshd:auth): authentication failure; logname= uid=0 euid=0 tty=ssh ruser= rhost=61.160.213.190  user=root
Apr 11 10:02:08 ovzhost sshd[1127]: message repeated 2 times: [ Failed password for root from 43.255.190.92 port 48833 ssh2]
Apr 11 10:02:08 ovzhost sshd[1127]: Received disconnect from 43.255.190.92: 11:  [preauth]
Apr 11 10:02:08 ovzhost sshd[1127]: PAM 2 more authentication failures; logname= uid=0 euid=0 tty=ssh ruser= rhost=43.255.190.92  user=root
Apr 11 10:02:08 ovzhost sshd[1133]: pam_unix(sshd:auth): authentication failure; logname= uid=0 euid=0 tty=ssh ruser= rhost=43.255.190.92  user=root
Apr 11 10:02:09 ovzhost sshd[1131]: Failed password for root from 61.160.213.190 port 54148 ssh2
Apr 11 10:02:09 ovzhost sshd[1129]: message repeated 2 times: [ Failed password for root from 43.255.190.144 port 41584 ssh2]
Apr 11 10:02:09 ovzhost sshd[1129]: Received disconnect from 43.255.190.144: 11:  [preauth]
Apr 11 10:02:09 ovzhost sshd[1129]: PAM 2 more authentication failures; logname= uid=0 euid=0 tty=ssh ruser= rhost=43.255.190.144  user=root
Apr 11 10:02:10 ovzhost sshd[1135]: pam_unix(sshd:auth): authentication failure; logname= uid=0 euid=0 tty=ssh ruser= rhost=43.255.190.144  user=root
Apr 11 10:02:10 ovzhost sshd[1133]: Failed password for root from 43.255.190.92 port 35922 ssh2
Apr 11 10:02:12 ovzhost sshd[1135]: Failed password for root from 43.255.190.144 port 56899 ssh2
Apr 11 10:02:14 ovzhost sshd[1131]: message repeated 2 times: [ Failed password for root from 61.160.213.190 port 54148 ssh2]
Apr 11 10:02:14 ovzhost sshd[1131]: Received disconnect from 61.160.213.190: 11:  [preauth]
Apr 11 10:02:14 ovzhost sshd[1131]: PAM 2 more authentication failures; logname= uid=0 euid=0 tty=ssh ruser= rhost=61.160.213.190  user=root
Apr 11 10:02:15 ovzhost sshd[1133]: message repeated 2 times: [ Failed password for root from 43.255.190.92 port 35922 ssh2]
Apr 11 10:02:15 ovzhost sshd[1133]: Received disconnect from 43.255.190.92: 11:  [preauth]
Apr 11 10:02:15 ovzhost sshd[1133]: PAM 2 more authentication failures; logname= uid=0 euid=0 tty=ssh ruser= rhost=43.255.190.92  user=root
Apr 11 10:02:16 ovzhost sshd[1135]: message repeated 2 times: [ Failed password for root from 43.255.190.144 port 56899 ssh2]
Apr 11 10:02:16 ovzhost sshd[1135]: Received disconnect from 43.255.190.144: 11:  [preauth]
Apr 11 10:02:16 ovzhost sshd[1135]: PAM 2 more authentication failures; logname= uid=0 euid=0 tty=ssh ruser= rhost=43.255.190.144  user=root
Apr 11 10:02:17 ovzhost sshd[1137]: pam_unix(sshd:auth): authentication failure; logname= uid=0 euid=0 tty=ssh ruser= rhost=43.255.190.92  user=root
Apr 11 10:02:17 ovzhost sshd[1141]: pam_unix(sshd:auth): authentication failure; logname= uid=0 euid=0 tty=ssh ruser= rhost=43.255.190.144  user=root
Apr 11 10:02:19 ovzhost sshd[1137]: Failed password for root from 43.255.190.92 port 50542 ssh2
Apr 11 10:02:19 ovzhost sshd[1141]: Failed password for root from 43.255.190.144 port 45628 ssh2
Apr 11 10:02:21 ovzhost sshd[1139]: pam_unix(sshd:auth): authentication failure; logname= uid=0 euid=0 tty=ssh ruser= rhost=61.160.213.190  user=root
Apr 11 10:02:22 ovzhost sshd[1137]: message repeated 2 times: [ Failed password for root from 43.255.190.92 port 50542 ssh2]
Apr 11 10:02:22 ovzhost sshd[1137]: Received disconnect from 43.255.190.92: 11:  [preauth]
Apr 11 10:02:22 ovzhost sshd[1137]: PAM 2 more authentication failures; logname= uid=0 euid=0 tty=ssh ruser= rhost=43.255.190.92  user=root
Apr 11 10:02:23 ovzhost sshd[1141]: message repeated 2 times: [ Failed password for root from 43.255.190.144 port 45628 ssh2]
Apr 11 10:02:24 ovzhost sshd[1141]: Received disconnect from 43.255.190.144: 11:  [preauth]
Apr 11 10:02:24 ovzhost sshd[1141]: PAM 2 more authentication failures; logname= uid=0 euid=0 tty=ssh ruser= rhost=43.255.190.144  user=root
Apr 11 10:02:24 ovzhost sshd[1139]: Failed password for root from 61.160.213.190 port 43532 ssh2
Apr 11 10:02:24 ovzhost sshd[1143]: pam_unix(sshd:auth): authentication failure; logname= uid=0 euid=0 tty=ssh ruser= rhost=43.255.190.92  user=root
Apr 11 10:02:24 ovzhost sshd[1145]: pam_unix(sshd:auth): authentication failure; logname= uid=0 euid=0 tty=ssh ruser= rhost=43.255.190.144  user=root
Apr 11 10:02:26 ovzhost sshd[1143]: Failed password for root from 43.255.190.92 port 39275 ssh2
Apr 11 10:02:26 ovzhost sshd[1145]: Failed password for root from 43.255.190.144 port 35323 ssh2
Apr 11 10:02:28 ovzhost sshd[1139]: message repeated 2 times: [ Failed password for root from 61.160.213.190 port 43532 ssh2]
Apr 11 10:02:29 ovzhost sshd[1139]: Received disconnect from 61.160.213.190: 11:  [preauth]
Apr 11 10:02:29 ovzhost sshd[1139]: PAM 2 more authentication failures; logname= uid=0 euid=0 tty=ssh ruser= rhost=61.160.213.190  user=root
Apr 11 10:02:30 ovzhost sshd[1143]: message repeated 2 times: [ Failed password for root from 43.255.190.92 port 39275 ssh2]
Apr 11 10:02:30 ovzhost sshd[1143]: Received disconnect from 43.255.190.92: 11:  [preauth]
Apr 11 10:02:30 ovzhost sshd[1143]: PAM 2 more authentication failures; logname= uid=0 euid=0 tty=ssh ruser= rhost=43.255.190.92  user=root
Apr 11 10:02:31 ovzhost sshd[1145]: message repeated 2 times: [ Failed password for root from 43.255.190.144 port 35323 ssh2]
Apr 11 10:02:31 ovzhost sshd[1145]: Received disconnect from 43.255.190.144: 11:  [preauth]
Apr 11 10:02:31 ovzhost sshd[1145]: PAM 2 more authentication failures; logname= uid=0 euid=0 tty=ssh ruser= rhost=43.255.190.144  user=root
Apr 11 10:02:31 ovzhost sshd[1147]: pam_unix(sshd:auth): authentication failure; logname= uid=0 euid=0 tty=ssh ruser= rhost=61.160.213.190  user=root
Apr 11 10:02:32 ovzhost sshd[1151]: pam_unix(sshd:auth): authentication failure; logname= uid=0 euid=0 tty=ssh ruser= rhost=43.255.190.92  user=root
Apr 11 10:02:33 ovzhost sshd[1149]: pam_unix(sshd:auth): authentication failure; logname= uid=0 euid=0 tty=ssh ruser= rhost=43.255.190.144  user=root
Apr 11 10:02:34 ovzhost sshd[1147]: Failed password for root from 61.160.213.190 port 45012 ssh2
Apr 11 10:02:34 ovzhost sshd[1151]: Failed password for root from 43.255.190.92 port 56614 ssh2
Apr 11 10:02:35 ovzhost sshd[1149]: Failed password for root from 43.255.190.144 port 53763 ssh2
Apr 11 10:02:38 ovzhost sshd[1151]: message repeated 2 times: [ Failed password for root from 43.255.190.92 port 56614 ssh2]
Apr 11 10:02:38 ovzhost sshd[1151]: Received disconnect from 43.255.190.92: 11:  [preauth]
Apr 11 10:02:38 ovzhost sshd[1151]: PAM 2 more authentication failures; logname= uid=0 euid=0 tty=ssh ruser= rhost=43.255.190.92  user=root
Apr 11 10:02:38 ovzhost sshd[1147]: message repeated 2 times: [ Failed password for root from 61.160.213.190 port 45012 ssh2]
Apr 11 10:02:39 ovzhost sshd[1147]: Received disconnect from 61.160.213.190: 11:  [preauth]
Apr 11 10:02:39 ovzhost sshd[1147]: PAM 2 more authentication failures; logname= uid=0 euid=0 tty=ssh ruser= rhost=61.160.213.190  user=root
Apr 11 10:02:41 ovzhost sshd[1153]: pam_unix(sshd:auth): authentication failure; logname= uid=0 euid=0 tty=ssh ruser= rhost=43.255.190.92  user=root
Apr 11 10:02:40 ovzhost sshd[1149]: message repeated 2 times: [ Failed password for root from 43.255.190.144 port 53763 ssh2]
Apr 11 10:02:41 ovzhost sshd[1149]: Received disconnect from 43.255.190.144: 11:  [preauth]
Apr 11 10:02:41 ovzhost sshd[1149]: PAM 2 more authentication failures; logname= uid=0 euid=0 tty=ssh ruser= rhost=43.255.190.144  user=root
Apr 11 10:02:42 ovzhost sshd[1153]: Failed password for root from 43.255.190.92 port 46666 ssh2
Apr 11 10:02:43 ovzhost sshd[1157]: pam_unix(sshd:auth): authentication failure; logname= uid=0 euid=0 tty=ssh ruser= rhost=43.255.190.144  user=root
Apr 11 10:02:44 ovzhost sshd[1155]: pam_unix(sshd:auth): authentication failure; logname= uid=0 euid=0 tty=ssh ruser= rhost=61.160.213.190  user=root
Apr 11 10:02:46 ovzhost sshd[1157]: Failed password for root from 43.255.190.144 port 48384 ssh2
Apr 11 10:02:46 ovzhost sshd[1155]: Failed password for root from 61.160.213.190 port 33726 ssh2
Apr 11 10:02:46 ovzhost sshd[1153]: message repeated 2 times: [ Failed password for root from 43.255.190.92 port 46666 ssh2]
Apr 11 10:02:46 ovzhost sshd[1153]: Received disconnect from 43.255.190.92: 11:  [preauth]
Apr 11 10:02:46 ovzhost sshd[1153]: PAM 2 more authentication failures; logname= uid=0 euid=0 tty=ssh ruser= rhost=43.255.190.92  user=root
Apr 11 10:02:47 ovzhost sshd[1159]: pam_unix(sshd:auth): authentication failure; logname= uid=0 euid=0 tty=ssh ruser= rhost=43.255.190.92  user=root
Apr 11 10:02:49 ovzhost sshd[1159]: Failed password for root from 43.255.190.92 port 34964 ssh2
Apr 11 10:02:50 ovzhost sshd[1157]: message repeated 2 times: [ Failed password for root from 43.255.190.144 port 48384 ssh2]
Apr 11 10:02:50 ovzhost sshd[1157]: Received disconnect from 43.255.190.144: 11:  [preauth]
Apr 11 10:02:50 ovzhost sshd[1157]: PAM 2 more authentication failures; logname= uid=0 euid=0 tty=ssh ruser= rhost=43.255.190.144  user=root
Apr 11 10:02:50 ovzhost sshd[1155]: message repeated 2 times: [ Failed password for root from 61.160.213.190 port 33726 ssh2]
Apr 11 10:02:51 ovzhost sshd[1155]: Received disconnect from 61.160.213.190: 11:  [preauth]
Apr 11 10:02:51 ovzhost sshd[1155]: PAM 2 more authentication failures; logname= uid=0 euid=0 tty=ssh ruser= rhost=61.160.213.190  user=root
Apr 11 10:02:52 ovzhost sshd[1161]: pam_unix(sshd:auth): authentication failure; logname= uid=0 euid=0 tty=ssh ruser= rhost=43.255.190.144  user=root
Apr 11 10:02:53 ovzhost sshd[1159]: message repeated 2 times: [ Failed password for root from 43.255.190.92 port 34964 ssh2]
Apr 11 10:02:53 ovzhost sshd[1159]: Received disconnect from 43.255.190.92: 11:  [preauth]
Apr 11 10:02:53 ovzhost sshd[1159]: PAM 2 more authentication failures; logname= uid=0 euid=0 tty=ssh ruser= rhost=43.255.190.92  user=root
Apr 11 10:02:54 ovzhost sshd[1161]: Failed password for root from 43.255.190.144 port 41628 ssh2
Apr 11 10:02:54 ovzhost sshd[1166]: pam_unix(sshd:auth): authentication failure; logname= uid=0 euid=0 tty=ssh ruser= rhost=43.255.190.92  user=root
Apr 11 10:02:55 ovzhost sshd[1163]: pam_unix(sshd:auth): authentication failure; logname= uid=0 euid=0 tty=ssh ruser= rhost=61.160.213.190  user=root
Apr 11 10:02:56 ovzhost sshd[1166]: Failed password for root from 43.255.190.92 port 50664 ssh2
Apr 11 10:02:57 ovzhost sshd[1163]: Failed password for root from 61.160.213.190 port 56761 ssh2
Apr 11 10:02:58 ovzhost sshd[1161]: message repeated 2 times: [ Failed password for root from 43.255.190.144 port 41628 ssh2]
Apr 11 10:02:58 ovzhost sshd[1161]: Received disconnect from 43.255.190.144: 11:  [preauth]
Apr 11 10:02:58 ovzhost sshd[1161]: PAM 2 more authentication failures; logname= uid=0 euid=0 tty=ssh ruser= rhost=43.255.190.144  user=root
Apr 11 10:02:59 ovzhost sshd[1168]: pam_unix(sshd:auth): authentication failure; logname= uid=0 euid=0 tty=ssh ruser= rhost=43.255.190.144  user=root
Apr 11 10:03:00 ovzhost sshd[1166]: message repeated 2 times: [ Failed password for root from 43.255.190.92 port 50664 ssh2]
Apr 11 10:03:00 ovzhost sshd[1166]: Received disconnect from 43.255.190.92: 11:  [preauth]
Apr 11 10:03:00 ovzhost sshd[1166]: PAM 2 more authentication failures; logname= uid=0 euid=0 tty=ssh ruser= rhost=43.255.190.92  user=root
Apr 11 10:03:01 ovzhost sshd[1168]: Failed password for root from 43.255.190.144 port 33505 ssh2
Apr 11 10:03:02 ovzhost sshd[1163]: message repeated 2 times: [ Failed password for root from 61.160.213.190 port 56761 ssh2]
Apr 11 10:03:02 ovzhost sshd[1163]: Received disconnect from 61.160.213.190: 11:  [preauth]
Apr 11 10:03:02 ovzhost sshd[1163]: PAM 2 more authentication failures; logname= uid=0 euid=0 tty=ssh ruser= rhost=61.160.213.190  user=root
Apr 11 10:03:04 ovzhost sshd[1170]: pam_unix(sshd:auth): authentication failure; logname= uid=0 euid=0 tty=ssh ruser= rhost=43.255.190.92  user=root
Apr 11 10:03:05 ovzhost sshd[1168]: message repeated 2 times: [ Failed password for root from 43.255.190.144 port 33505 ssh2]
Apr 11 10:03:06 ovzhost sshd[1168]: Received disconnect from 43.255.190.144: 11:  [preauth]
Apr 11 10:03:06 ovzhost sshd[1168]: PAM 2 more authentication failures; logname= uid=0 euid=0 tty=ssh ruser= rhost=43.255.190.144  user=root
Apr 11 10:03:06 ovzhost sshd[1170]: Failed password for root from 43.255.190.92 port 39744 ssh2
Apr 11 10:03:11 ovzhost sshd[1174]: pam_unix(sshd:auth): authentication failure; logname= uid=0 euid=0 tty=ssh ruser= rhost=43.255.190.144  user=root
Apr 11 10:03:10 ovzhost sshd[1170]: message repeated 2 times: [ Failed password for root from 43.255.190.92 port 39744 ssh2]
Apr 11 10:03:11 ovzhost sshd[1170]: Received disconnect from 43.255.190.92: 11:  [preauth]
Apr 11 10:03:11 ovzhost sshd[1170]: PAM 2 more authentication failures; logname= uid=0 euid=0 tty=ssh ruser= rhost=43.255.190.92  user=root
Apr 11 10:03:11 ovzhost sshd[1172]: pam_unix(sshd:auth): authentication failure; logname= uid=0 euid=0 tty=ssh ruser= rhost=61.160.213.190  user=root
Apr 11 10:03:12 ovzhost sshd[1174]: Failed password for root from 43.255.190.144 port 52704 ssh2
Apr 11 10:03:13 ovzhost sshd[1178]: pam_unix(sshd:auth): authentication failure; logname= uid=0 euid=0 tty=ssh ruser= rhost=43.255.190.92  user=root
Apr 11 10:03:13 ovzhost sshd[1172]: Failed password for root from 61.160.213.190 port 50293 ssh2
Apr 11 10:03:14 ovzhost sshd[1178]: Failed password for root from 43.255.190.92 port 33477 ssh2
Apr 11 10:03:17 ovzhost sshd[1174]: message repeated 2 times: [ Failed password for root from 43.255.190.144 port 52704 ssh2]
Apr 11 10:03:17 ovzhost sshd[1174]: Received disconnect from 43.255.190.144: 11:  [preauth]
Apr 11 10:03:17 ovzhost sshd[1174]: PAM 2 more authentication failures; logname= uid=0 euid=0 tty=ssh ruser= rhost=43.255.190.144  user=root
Apr 11 10:03:18 ovzhost sshd[1180]: pam_unix(sshd:auth): authentication failure; logname= uid=0 euid=0 tty=ssh ruser= rhost=43.255.190.144  user=root
Apr 11 10:03:18 ovzhost sshd[1172]: message repeated 2 times: [ Failed password for root from 61.160.213.190 port 50293 ssh2]
Apr 11 10:03:18 ovzhost sshd[1172]: Received disconnect from 61.160.213.190: 11:  [preauth]
Apr 11 10:03:18 ovzhost sshd[1172]: PAM 2 more authentication failures; logname= uid=0 euid=0 tty=ssh ruser= rhost=61.160.213.190  user=root
Apr 11 10:03:18 ovzhost sshd[1178]: message repeated 2 times: [ Failed password for root from 43.255.190.92 port 33477 ssh2]
Apr 11 10:03:18 ovzhost sshd[1178]: Received disconnect from 43.255.190.92: 11:  [preauth]
Apr 11 10:03:18 ovzhost sshd[1178]: PAM 2 more authentication failures; logname= uid=0 euid=0 tty=ssh ruser= rhost=43.255.190.92  user=root
Apr 11 10:03:19 ovzhost sshd[1184]: pam_unix(sshd:auth): authentication failure; logname= uid=0 euid=0 tty=ssh ruser= rhost=43.255.190.92  user=root
Apr 11 10:03:19 ovzhost sshd[1180]: Failed password for root from 43.255.190.144 port 51822 ssh2
Apr 11 10:03:20 ovzhost sshd[1182]: pam_unix(sshd:auth): authentication failure; logname= uid=0 euid=0 tty=ssh ruser= rhost=61.160.213.190  user=root
Apr 11 10:03:21 ovzhost sshd[1184]: Failed password for root from 43.255.190.92 port 52279 ssh2
Apr 11 10:03:22 ovzhost sshd[1182]: Failed password for root from 61.160.213.190 port 53266 ssh2
Apr 11 10:03:24 ovzhost sshd[1180]: message repeated 2 times: [ Failed password for root from 43.255.190.144 port 51822 ssh2]
Apr 11 10:03:24 ovzhost sshd[1180]: Received disconnect from 43.255.190.144: 11:  [preauth]
Apr 11 10:03:24 ovzhost sshd[1180]: PAM 2 more authentication failures; logname= uid=0 euid=0 tty=ssh ruser= rhost=43.255.190.144  user=root
Apr 11 10:03:25 ovzhost sshd[1186]: pam_unix(sshd:auth): authentication failure; logname= uid=0 euid=0 tty=ssh ruser= rhost=43.255.190.144  user=root
Apr 11 10:03:25 ovzhost sshd[1184]: message repeated 2 times: [ Failed password for root from 43.255.190.92 port 52279 ssh2]
Apr 11 10:03:25 ovzhost sshd[1184]: Received disconnect from 43.255.190.92: 11:  [preauth]
Apr 11 10:03:25 ovzhost sshd[1184]: PAM 2 more authentication failures; logname= uid=0 euid=0 tty=ssh ruser= rhost=43.255.190.92  user=root
Apr 11 10:03:27 ovzhost sshd[1186]: Failed password for root from 43.255.190.144 port 42182 ssh2
Apr 11 10:03:27 ovzhost sshd[1182]: message repeated 2 times: [ Failed password for root from 61.160.213.190 port 53266 ssh2]
Apr 11 10:03:27 ovzhost sshd[1182]: Received disconnect from 61.160.213.190: 11:  [preauth]
Apr 11 10:03:27 ovzhost sshd[1182]: PAM 2 more authentication failures; logname= uid=0 euid=0 tty=ssh ruser= rhost=61.160.213.190  user=root
Apr 11 10:03:27 ovzhost sshd[1188]: pam_unix(sshd:auth): authentication failure; logname= uid=0 euid=0 tty=ssh ruser= rhost=43.255.190.92  user=root
Apr 11 10:03:29 ovzhost sshd[1188]: Failed password for root from 43.255.190.92 port 39688 ssh2
Apr 11 10:03:32 ovzhost sshd[1186]: message repeated 2 times: [ Failed password for root from 43.255.190.144 port 42182 ssh2]
Apr 11 10:03:32 ovzhost sshd[1186]: Received disconnect from 43.255.190.144: 11:  [preauth]
Apr 11 10:03:32 ovzhost sshd[1186]: PAM 2 more authentication failures; logname= uid=0 euid=0 tty=ssh ruser= rhost=43.255.190.144  user=root
Apr 11 10:03:33 ovzhost sshd[1192]: pam_unix(sshd:auth): authentication failure; logname= uid=0 euid=0 tty=ssh ruser= rhost=43.255.190.144  user=root
Apr 11 10:03:34 ovzhost sshd[1188]: message repeated 2 times: [ Failed password for root from 43.255.190.92 port 39688 ssh2]
Apr 11 10:03:34 ovzhost sshd[1188]: Received disconnect from 43.255.190.92: 11:  [preauth]
Apr 11 10:03:34 ovzhost sshd[1188]: PAM 2 more authentication failures; logname= uid=0 euid=0 tty=ssh ruser= rhost=43.255.190.92  user=root
Apr 11 10:03:34 ovzhost sshd[1192]: Failed password for root from 43.255.190.144 port 34894 ssh2
Apr 11 10:03:35 ovzhost sshd[1190]: pam_unix(sshd:auth): authentication failure; logname= uid=0 euid=0 tty=ssh ruser= rhost=61.160.213.190  user=root
Apr 11 10:03:35 ovzhost sshd[1194]: pam_unix(sshd:auth): authentication failure; logname= uid=0 euid=0 tty=ssh ruser= rhost=43.255.190.92  user=root
Apr 11 10:03:37 ovzhost sshd[1190]: Failed password for root from 61.160.213.190 port 42682 ssh2
Apr 11 10:03:37 ovzhost sshd[1194]: Failed password for root from 43.255.190.92 port 60354 ssh2
Apr 11 10:03:38 ovzhost sshd[1192]: message repeated 2 times: [ Failed password for root from 43.255.190.144 port 34894 ssh2]
Apr 11 10:03:38 ovzhost sshd[1192]: Received disconnect from 43.255.190.144: 11:  [preauth]
Apr 11 10:03:38 ovzhost sshd[1192]: PAM 2 more authentication failures; logname= uid=0 euid=0 tty=ssh ruser= rhost=43.255.190.144  user=root
Apr 11 10:03:39 ovzhost sshd[1196]: pam_unix(sshd:auth): authentication failure; logname= uid=0 euid=0 tty=ssh ruser= rhost=43.255.190.144  user=root
Apr 11 10:03:41 ovzhost sshd[1196]: Failed password for root from 43.255.190.144 port 52967 ssh2
Apr 11 10:03:42 ovzhost sshd[1190]: message repeated 2 times: [ Failed password for root from 61.160.213.190 port 42682 ssh2]
Apr 11 10:03:42 ovzhost sshd[1190]: Received disconnect from 61.160.213.190: 11:  [preauth]
Apr 11 10:03:42 ovzhost sshd[1190]: PAM 2 more authentication failures; logname= uid=0 euid=0 tty=ssh ruser= rhost=61.160.213.190  user=root
Apr 11 10:03:42 ovzhost sshd[1194]: message repeated 2 times: [ Failed password for root from 43.255.190.92 port 60354 ssh2]
Apr 11 10:03:42 ovzhost sshd[1194]: Received disconnect from 43.255.190.92: 11:  [preauth]
Apr 11 10:03:42 ovzhost sshd[1194]: PAM 2 more authentication failures; logname= uid=0 euid=0 tty=ssh ruser= rhost=43.255.190.92  user=root
Apr 11 10:03:43 ovzhost sshd[1198]: pam_unix(sshd:auth): authentication failure; logname= uid=0 euid=0 tty=ssh ruser= rhost=43.255.190.92  user=root
Apr 11 10:03:45 ovzhost sshd[1198]: Failed password for root from 43.255.190.92 port 51153 ssh2
Apr 11 10:03:46 ovzhost sshd[1196]: message repeated 2 times: [ Failed password for root from 43.255.190.144 port 52967 ssh2]
Apr 11 10:03:46 ovzhost sshd[1196]: Received disconnect from 43.255.190.144: 11:  [preauth]
Apr 11 10:03:46 ovzhost sshd[1196]: PAM 2 more authentication failures; logname= uid=0 euid=0 tty=ssh ruser= rhost=43.255.190.144  user=root
Apr 11 10:03:47 ovzhost sshd[1202]: pam_unix(sshd:auth): authentication failure; logname= uid=0 euid=0 tty=ssh ruser= rhost=43.255.190.144  user=root
Apr 11 10:03:49 ovzhost sshd[1202]: Failed password for root from 43.255.190.144 port 46046 ssh2
Apr 11 10:03:49 ovzhost sshd[1198]: message repeated 2 times: [ Failed password for root from 43.255.190.92 port 51153 ssh2]
Apr 11 10:03:49 ovzhost sshd[1198]: Received disconnect from 43.255.190.92: 11:  [preauth]
Apr 11 10:03:49 ovzhost sshd[1198]: PAM 2 more authentication failures; logname= uid=0 euid=0 tty=ssh ruser= rhost=43.255.190.92  user=root
Apr 11 10:03:50 ovzhost sshd[1204]: pam_unix(sshd:auth): authentication failure; logname= uid=0 euid=0 tty=ssh ruser= rhost=43.255.190.92  user=root
Apr 11 10:03:52 ovzhost sshd[1200]: pam_unix(sshd:auth): authentication failure; logname= uid=0 euid=0 tty=ssh ruser= rhost=61.160.213.190  user=root
Apr 11 10:03:53 ovzhost sshd[1204]: Failed password for root from 43.255.190.92 port 38374 ssh2
Apr 11 10:03:54 ovzhost sshd[1202]: message repeated 2 times: [ Failed password for root from 43.255.190.144 port 46046 ssh2]
Apr 11 10:03:54 ovzhost sshd[1202]: Received disconnect from 43.255.190.144: 11:  [preauth]
Apr 11 10:03:54 ovzhost sshd[1202]: PAM 2 more authentication failures; logname= uid=0 euid=0 tty=ssh ruser= rhost=43.255.190.144  user=root
Apr 11 10:03:54 ovzhost sshd[1200]: Failed password for root from 61.160.213.190 port 42137 ssh2
Apr 11 10:03:56 ovzhost sshd[1208]: pam_unix(sshd:auth): authentication failure; logname= uid=0 euid=0 tty=ssh ruser= rhost=43.255.190.144  user=root
Apr 11 10:03:57 ovzhost sshd[1204]: message repeated 2 times: [ Failed password for root from 43.255.190.92 port 38374 ssh2]
Apr 11 10:03:57 ovzhost sshd[1204]: Received disconnect from 43.255.190.92: 11:  [preauth]
Apr 11 10:03:57 ovzhost sshd[1204]: PAM 2 more authentication failures; logname= uid=0 euid=0 tty=ssh ruser= rhost=43.255.190.92  user=root
Apr 11 10:03:59 ovzhost sshd[1208]: Failed password for root from 43.255.190.144 port 40859 ssh2
Apr 11 10:03:59 ovzhost sshd[1200]: message repeated 2 times: [ Failed password for root from 61.160.213.190 port 42137 ssh2]
Apr 11 10:03:59 ovzhost sshd[1200]: Received disconnect from 61.160.213.190: 11:  [preauth]
Apr 11 10:03:59 ovzhost sshd[1200]: PAM 2 more authentication failures; logname= uid=0 euid=0 tty=ssh ruser= rhost=61.160.213.190  user=root
Apr 11 10:04:00 ovzhost sshd[1210]: pam_unix(sshd:auth): authentication failure; logname= uid=0 euid=0 tty=ssh ruser= rhost=43.255.190.92  user=root
Apr 11 10:04:02 ovzhost sshd[1210]: Failed password for root from 43.255.190.92 port 57100 ssh2
Apr 11 10:04:03 ovzhost sshd[1208]: message repeated 2 times: [ Failed password for root from 43.255.190.144 port 40859 ssh2]
Apr 11 10:04:03 ovzhost sshd[1208]: Received disconnect from 43.255.190.144: 11:  [preauth]
Apr 11 10:04:03 ovzhost sshd[1208]: PAM 2 more authentication failures; logname= uid=0 euid=0 tty=ssh ruser= rhost=43.255.190.144  user=root
Apr 11 10:04:04 ovzhost sshd[1214]: pam_unix(sshd:auth): authentication failure; logname= uid=0 euid=0 tty=ssh ruser= rhost=43.255.190.144  user=root
Apr 11 10:04:05 ovzhost sshd[1212]: pam_unix(sshd:auth): authentication failure; logname= uid=0 euid=0 tty=ssh ruser= rhost=61.160.213.190  user=root
Apr 11 10:04:06 ovzhost sshd[1214]: Failed password for root from 43.255.190.144 port 38619 ssh2
Apr 11 10:04:07 ovzhost sshd[1212]: Failed password for root from 61.160.213.190 port 47119 ssh2
Apr 11 10:04:06 ovzhost sshd[1210]: message repeated 2 times: [ Failed password for root from 43.255.190.92 port 57100 ssh2]
Apr 11 10:04:07 ovzhost sshd[1210]: Received disconnect from 43.255.190.92: 11:  [preauth]
Apr 11 10:04:07 ovzhost sshd[1210]: PAM 2 more authentication failures; logname= uid=0 euid=0 tty=ssh ruser= rhost=43.255.190.92  user=root
Apr 11 10:04:08 ovzhost sshd[1216]: pam_unix(sshd:auth): authentication failure; logname= uid=0 euid=0 tty=ssh ruser= rhost=43.255.190.92  user=root
Apr 11 10:04:10 ovzhost sshd[1216]: Failed password for root from 43.255.190.92 port 52966 ssh2
Apr 11 10:04:10 ovzhost sshd[1214]: message repeated 2 times: [ Failed password for root from 43.255.190.144 port 38619 ssh2]
Apr 11 10:04:11 ovzhost sshd[1214]: Received disconnect from 43.255.190.144: 11:  [preauth]
Apr 11 10:04:11 ovzhost sshd[1214]: PAM 2 more authentication failures; logname= uid=0 euid=0 tty=ssh ruser= rhost=43.255.190.144  user=root
Apr 11 10:04:12 ovzhost sshd[1218]: pam_unix(sshd:auth): authentication failure; logname= uid=0 euid=0 tty=ssh ruser= rhost=43.255.190.144  user=root
Apr 11 10:04:12 ovzhost sshd[1212]: message repeated 2 times: [ Failed password for root from 61.160.213.190 port 47119 ssh2]
Apr 11 10:04:13 ovzhost sshd[1212]: Received disconnect from 61.160.213.190: 11:  [preauth]
Apr 11 10:04:13 ovzhost sshd[1212]: PAM 2 more authentication failures; logname= uid=0 euid=0 tty=ssh ruser= rhost=61.160.213.190  user=root
Apr 11 10:04:14 ovzhost sshd[1218]: Failed password for root from 43.255.190.144 port 60515 ssh2
Apr 11 10:04:15 ovzhost sshd[1216]: message repeated 2 times: [ Failed password for root from 43.255.190.92 port 52966 ssh2]
Apr 11 10:04:15 ovzhost sshd[1216]: Received disconnect from 43.255.190.92: 11:  [preauth]
Apr 11 10:04:15 ovzhost sshd[1216]: PAM 2 more authentication failures; logname= uid=0 euid=0 tty=ssh ruser= rhost=43.255.190.92  user=root
Apr 11 10:04:16 ovzhost sshd[1220]: pam_unix(sshd:auth): authentication failure; logname= uid=0 euid=0 tty=ssh ruser= rhost=43.255.190.92  user=root
Apr 11 10:04:18 ovzhost sshd[1220]: Failed password for root from 43.255.190.92 port 43435 ssh2
Apr 11 10:04:18 ovzhost sshd[1218]: message repeated 2 times: [ Failed password for root from 43.255.190.144 port 60515 ssh2]
Apr 11 10:04:19 ovzhost sshd[1218]: Received disconnect from 43.255.190.144: 11:  [preauth]
Apr 11 10:04:19 ovzhost sshd[1218]: PAM 2 more authentication failures; logname= uid=0 euid=0 tty=ssh ruser= rhost=43.255.190.144  user=root
Apr 11 10:04:20 ovzhost sshd[1222]: pam_unix(sshd:auth): authentication failure; logname= uid=0 euid=0 tty=ssh ruser= rhost=43.255.190.144  user=root
Apr 11 10:04:22 ovzhost sshd[1222]: Failed password for root from 43.255.190.144 port 54860 ssh2
Apr 11 10:04:23 ovzhost sshd[1220]: message repeated 2 times: [ Failed password for root from 43.255.190.92 port 43435 ssh2]
Apr 11 10:04:23 ovzhost sshd[1220]: Received disconnect from 43.255.190.92: 11:  [preauth]
Apr 11 10:04:23 ovzhost sshd[1220]: PAM 2 more authentication failures; logname= uid=0 euid=0 tty=ssh ruser= rhost=43.255.190.92  user=root
Apr 11 10:04:25 ovzhost sshd[1224]: pam_unix(sshd:auth): authentication failure; logname= uid=0 euid=0 tty=ssh ruser= rhost=43.255.190.92  user=root
Apr 11 10:04:27 ovzhost sshd[1222]: message repeated 2 times: [ Failed password for root from 43.255.190.144 port 54860 ssh2]
Apr 11 10:04:27 ovzhost sshd[1222]: Received disconnect from 43.255.190.144: 11:  [preauth]
Apr 11 10:04:27 ovzhost sshd[1222]: PAM 2 more authentication failures; logname= uid=0 euid=0 tty=ssh ruser= rhost=43.255.190.144  user=root
Apr 11 10:04:27 ovzhost sshd[1226]: pam_unix(sshd:auth): authentication failure; logname= uid=0 euid=0 tty=ssh ruser= rhost=43.255.190.144  user=root
Apr 11 10:04:27 ovzhost sshd[1224]: Failed password for root from 43.255.190.92 port 33356 ssh2
Apr 11 10:04:29 ovzhost sshd[1226]: Failed password for root from 43.255.190.144 port 49603 ssh2
Apr 11 10:04:31 ovzhost sshd[1224]: message repeated 2 times: [ Failed password for root from 43.255.190.92 port 33356 ssh2]
Apr 11 10:04:31 ovzhost sshd[1224]: Received disconnect from 43.255.190.92: 11:  [preauth]
Apr 11 10:04:31 ovzhost sshd[1224]: PAM 2 more authentication failures; logname= uid=0 euid=0 tty=ssh ruser= rhost=43.255.190.92  user=root
Apr 11 10:04:33 ovzhost sshd[1228]: pam_unix(sshd:auth): authentication failure; logname= uid=0 euid=0 tty=ssh ruser= rhost=43.255.190.92  user=root
Apr 11 10:04:33 ovzhost sshd[1226]: message repeated 2 times: [ Failed password for root from 43.255.190.144 port 49603 ssh2]
Apr 11 10:04:34 ovzhost sshd[1226]: Received disconnect from 43.255.190.144: 11:  [preauth]
Apr 11 10:04:34 ovzhost sshd[1226]: PAM 2 more authentication failures; logname= uid=0 euid=0 tty=ssh ruser= rhost=43.255.190.144  user=root
Apr 11 10:04:34 ovzhost sshd[1230]: pam_unix(sshd:auth): authentication failure; logname= uid=0 euid=0 tty=ssh ruser= rhost=43.255.190.144  user=root
Apr 11 10:04:36 ovzhost sshd[1228]: Failed password for root from 43.255.190.92 port 52371 ssh2
Apr 11 10:04:37 ovzhost sshd[1230]: Failed password for root from 43.255.190.144 port 42927 ssh2
Apr 11 10:04:41 ovzhost sshd[1228]: message repeated 2 times: [ Failed password for root from 43.255.190.92 port 52371 ssh2]
Apr 11 10:04:41 ovzhost sshd[1228]: Received disconnect from 43.255.190.92: 11:  [preauth]
Apr 11 10:04:41 ovzhost sshd[1228]: PAM 2 more authentication failures; logname= uid=0 euid=0 tty=ssh ruser= rhost=43.255.190.92  user=root
Apr 11 10:04:41 ovzhost sshd[1230]: message repeated 2 times: [ Failed password for root from 43.255.190.144 port 42927 ssh2]
Apr 11 10:04:41 ovzhost sshd[1230]: Received disconnect from 43.255.190.144: 11:  [preauth]
Apr 11 10:04:41 ovzhost sshd[1230]: PAM 2 more authentication failures; logname= uid=0 euid=0 tty=ssh ruser= rhost=43.255.190.144  user=root
Apr 11 10:04:42 ovzhost sshd[1234]: pam_unix(sshd:auth): authentication failure; logname= uid=0 euid=0 tty=ssh ruser= rhost=43.255.190.144  user=root
Apr 11 10:04:44 ovzhost sshd[1234]: Failed password for root from 43.255.190.144 port 36705 ssh2
Apr 11 10:04:45 ovzhost sshd[1236]: pam_unix(sshd:auth): authentication failure; logname= uid=0 euid=0 tty=ssh ruser= rhost=43.255.190.92  user=root
Apr 11 10:04:47 ovzhost sshd[1236]: Failed password for root from 43.255.190.92 port 44975 ssh2
Apr 11 10:04:49 ovzhost sshd[1234]: message repeated 2 times: [ Failed password for root from 43.255.190.144 port 36705 ssh2]
Apr 11 10:04:49 ovzhost sshd[1234]: Received disconnect from 43.255.190.144: 11:  [preauth]
Apr 11 10:04:49 ovzhost sshd[1234]: PAM 2 more authentication failures; logname= uid=0 euid=0 tty=ssh ruser= rhost=43.255.190.144  user=root
Apr 11 10:04:50 ovzhost sshd[1238]: pam_unix(sshd:auth): authentication failure; logname= uid=0 euid=0 tty=ssh ruser= rhost=43.255.190.144  user=root
Apr 11 10:04:53 ovzhost sshd[1238]: Failed password for root from 43.255.190.144 port 60402 ssh2
Apr 11 10:04:52 ovzhost sshd[1236]: message repeated 2 times: [ Failed password for root from 43.255.190.92 port 44975 ssh2]
Apr 11 10:04:53 ovzhost sshd[1236]: Received disconnect from 43.255.190.92: 11:  [preauth]
Apr 11 10:04:53 ovzhost sshd[1236]: PAM 2 more authentication failures; logname= uid=0 euid=0 tty=ssh ruser= rhost=43.255.190.92  user=root
Apr 11 10:04:55 ovzhost sshd[1240]: pam_unix(sshd:auth): authentication failure; logname= uid=0 euid=0 tty=ssh ruser= rhost=43.255.190.92  user=root
Apr 11 10:04:57 ovzhost sshd[1240]: Failed password for root from 43.255.190.92 port 43788 ssh2
Apr 11 10:04:57 ovzhost sshd[1238]: message repeated 2 times: [ Failed password for root from 43.255.190.144 port 60402 ssh2]
Apr 11 10:04:57 ovzhost sshd[1238]: Received disconnect from 43.255.190.144: 11:  [preauth]
Apr 11 10:04:57 ovzhost sshd[1238]: PAM 2 more authentication failures; logname= uid=0 euid=0 tty=ssh ruser= rhost=43.255.190.144  user=root
Apr 11 10:04:59 ovzhost sshd[1243]: pam_unix(sshd:auth): authentication failure; logname= uid=0 euid=0 tty=ssh ruser= rhost=43.255.190.144  user=root
Apr 11 10:05:01 ovzhost sshd[1243]: Failed password for root from 43.255.190.144 port 55042 ssh2
Apr 11 10:05:02 ovzhost sshd[1240]: message repeated 2 times: [ Failed password for root from 43.255.190.92 port 43788 ssh2]
Apr 11 10:05:02 ovzhost sshd[1240]: Received disconnect from 43.255.190.92: 11:  [preauth]
Apr 11 10:05:02 ovzhost sshd[1240]: PAM 2 more authentication failures; logname= uid=0 euid=0 tty=ssh ruser= rhost=43.255.190.92  user=root
Apr 11 10:05:02 ovzhost sshd[1245]: pam_unix(sshd:auth): authentication failure; logname= uid=0 euid=0 tty=ssh ruser= rhost=43.255.190.92  user=root
Apr 11 10:05:05 ovzhost sshd[1245]: Failed password for root from 43.255.190.92 port 33048 ssh2
Apr 11 10:05:05 ovzhost sshd[1243]: message repeated 2 times: [ Failed password for root from 43.255.190.144 port 55042 ssh2]
Apr 11 10:05:05 ovzhost sshd[1243]: Received disconnect from 43.255.190.144: 11:  [preauth]
Apr 11 10:05:05 ovzhost sshd[1243]: PAM 2 more authentication failures; logname= uid=0 euid=0 tty=ssh ruser= rhost=43.255.190.144  user=root
Apr 11 10:05:06 ovzhost sshd[1248]: pam_unix(sshd:auth): authentication failure; logname= uid=0 euid=0 tty=ssh ruser= rhost=43.255.190.144  user=root
Apr 11 10:05:08 ovzhost sshd[1248]: Failed password for root from 43.255.190.144 port 49592 ssh2
Apr 11 10:05:09 ovzhost sshd[1245]: message repeated 2 times: [ Failed password for root from 43.255.190.92 port 33048 ssh2]
Apr 11 10:05:09 ovzhost sshd[1245]: Received disconnect from 43.255.190.92: 11:  [preauth]
Apr 11 10:05:09 ovzhost sshd[1245]: PAM 2 more authentication failures; logname= uid=0 euid=0 tty=ssh ruser= rhost=43.255.190.92  user=root
Apr 11 10:05:10 ovzhost sshd[1251]: Connection closed by 127.0.0.1 [preauth]
Apr 11 10:05:12 ovzhost sshd[1248]: message repeated 2 times: [ Failed password for root from 43.255.190.144 port 49592 ssh2]
Apr 11 10:05:13 ovzhost sshd[1248]: Received disconnect from 43.255.190.144: 11:  [preauth]
Apr 11 10:05:13 ovzhost sshd[1248]: PAM 2 more authentication failures; logname= uid=0 euid=0 tty=ssh ruser= rhost=43.255.190.144  user=root
Apr 11 10:05:14 ovzhost sshd[1255]: pam_unix(sshd:auth): authentication failure; logname= uid=0 euid=0 tty=ssh ruser= rhost=43.255.190.144  user=root
Apr 11 10:05:16 ovzhost sshd[1255]: Failed password for root from 43.255.190.144 port 43818 ssh2
Apr 11 10:05:21 ovzhost sshd[1255]: message repeated 2 times: [ Failed password for root from 43.255.190.144 port 43818 ssh2]
Apr 11 10:05:21 ovzhost sshd[1255]: Received disconnect from 43.255.190.144: 11:  [preauth]
Apr 11 10:05:21 ovzhost sshd[1255]: PAM 2 more authentication failures; logname= uid=0 euid=0 tty=ssh ruser= rhost=43.255.190.144  user=root
Apr 11 10:09:01 ovzhost CRON[1270]: pam_env(cron:session): Unable to open env file: /etc/default/locale: No such file or directory
Apr 11 10:09:01 ovzhost CRON[1271]: pam_env(cron:session): Unable to open env file: /etc/default/locale: No such file or directory
Apr 11 10:09:01 ovzhost CRON[1271]: pam_unix(cron:session): session opened for user root by (uid=0)
Apr 11 10:09:01 ovzhost CRON[1270]: pam_unix(cron:session): session opened for user root by (uid=0)
Apr 11 10:09:01 ovzhost CRON[1270]: pam_unix(cron:session): session closed for user root
Apr 11 10:09:01 ovzhost CRON[1271]: pam_unix(cron:session): session closed for user root
Apr 11 10:10:10 ovzhost sshd[1290]: Connection closed by 127.0.0.1 [preauth]
Apr 11 10:10:25 ovzhost sshd[1295]: Connection closed by 128.8.37.104 [preauth]
Apr 11 10:15:10 ovzhost sshd[1312]: Connection closed by 127.0.0.1 [preauth]
Apr 11 10:20:01 ovzhost CRON[1333]: pam_env(cron:session): Unable to open env file: /etc/default/locale: No such file or directory
Apr 11 10:20:01 ovzhost CRON[1333]: pam_unix(cron:session): session opened for user smmsp by (uid=0)
Apr 11 10:20:01 ovzhost CRON[1333]: pam_unix(cron:session): session closed for user smmsp
Apr 11 10:20:10 ovzhost sshd[1361]: Connection closed by 127.0.0.1 [preauth]
Apr 11 10:20:25 ovzhost sshd[1366]: Connection closed by 128.8.37.104 [preauth]
Apr 11 10:22:45 ovzhost sshd[1373]: pam_unix(sshd:auth): authentication failure; logname= uid=0 euid=0 tty=ssh ruser= rhost=43.255.190.135  user=root
Apr 11 10:22:47 ovzhost sshd[1373]: Failed password for root from 43.255.190.135 port 34835 ssh2
Apr 11 10:22:51 ovzhost sshd[1373]: message repeated 2 times: [ Failed password for root from 43.255.190.135 port 34835 ssh2]
Apr 11 10:22:51 ovzhost sshd[1373]: Received disconnect from 43.255.190.135: 11:  [preauth]
Apr 11 10:22:51 ovzhost sshd[1373]: PAM 2 more authentication failures; logname= uid=0 euid=0 tty=ssh ruser= rhost=43.255.190.135  user=root
Apr 11 10:22:51 ovzhost sshd[1375]: pam_unix(sshd:auth): authentication failure; logname= uid=0 euid=0 tty=ssh ruser= rhost=43.255.190.135  user=root
Apr 11 10:22:54 ovzhost sshd[1375]: Failed password for root from 43.255.190.135 port 47536 ssh2
Apr 11 10:22:57 ovzhost sshd[1375]: message repeated 2 times: [ Failed password for root from 43.255.190.135 port 47536 ssh2]
Apr 11 10:22:57 ovzhost sshd[1375]: Received disconnect from 43.255.190.135: 11:  [preauth]
Apr 11 10:22:57 ovzhost sshd[1375]: PAM 2 more authentication failures; logname= uid=0 euid=0 tty=ssh ruser= rhost=43.255.190.135  user=root
Apr 11 10:22:58 ovzhost sshd[1378]: pam_unix(sshd:auth): authentication failure; logname= uid=0 euid=0 tty=ssh ruser= rhost=43.255.190.135  user=root
Apr 11 10:23:00 ovzhost sshd[1378]: Failed password for root from 43.255.190.135 port 59907 ssh2
Apr 11 10:23:04 ovzhost sshd[1378]: message repeated 2 times: [ Failed password for root from 43.255.190.135 port 59907 ssh2]
Apr 11 10:23:04 ovzhost sshd[1378]: Received disconnect from 43.255.190.135: 11:  [preauth]
Apr 11 10:23:04 ovzhost sshd[1378]: PAM 2 more authentication failures; logname= uid=0 euid=0 tty=ssh ruser= rhost=43.255.190.135  user=root
Apr 11 10:23:05 ovzhost sshd[1380]: pam_unix(sshd:auth): authentication failure; logname= uid=0 euid=0 tty=ssh ruser= rhost=43.255.190.135  user=root
Apr 11 10:23:07 ovzhost sshd[1380]: Failed password for root from 43.255.190.135 port 45782 ssh2
Apr 11 10:23:11 ovzhost sshd[1380]: message repeated 2 times: [ Failed password for root from 43.255.190.135 port 45782 ssh2]
Apr 11 10:23:11 ovzhost sshd[1380]: Received disconnect from 43.255.190.135: 11:  [preauth]
Apr 11 10:23:11 ovzhost sshd[1380]: PAM 2 more authentication failures; logname= uid=0 euid=0 tty=ssh ruser= rhost=43.255.190.135  user=root
Apr 11 10:23:12 ovzhost sshd[1382]: pam_unix(sshd:auth): authentication failure; logname= uid=0 euid=0 tty=ssh ruser= rhost=43.255.190.135  user=root
Apr 11 10:23:13 ovzhost sshd[1382]: Failed password for root from 43.255.190.135 port 60241 ssh2
Apr 11 10:23:17 ovzhost sshd[1382]: message repeated 2 times: [ Failed password for root from 43.255.190.135 port 60241 ssh2]
Apr 11 10:23:17 ovzhost sshd[1382]: Received disconnect from 43.255.190.135: 11:  [preauth]
Apr 11 10:23:17 ovzhost sshd[1382]: PAM 2 more authentication failures; logname= uid=0 euid=0 tty=ssh ruser= rhost=43.255.190.135  user=root
Apr 11 10:23:18 ovzhost sshd[1384]: pam_unix(sshd:auth): authentication failure; logname= uid=0 euid=0 tty=ssh ruser= rhost=43.255.190.135  user=root
Apr 11 10:23:20 ovzhost sshd[1384]: Failed password for root from 43.255.190.135 port 44040 ssh2
Apr 11 10:23:24 ovzhost sshd[1384]: message repeated 2 times: [ Failed password for root from 43.255.190.135 port 44040 ssh2]
Apr 11 10:23:24 ovzhost sshd[1384]: Received disconnect from 43.255.190.135: 11:  [preauth]
Apr 11 10:23:24 ovzhost sshd[1384]: PAM 2 more authentication failures; logname= uid=0 euid=0 tty=ssh ruser= rhost=43.255.190.135  user=root
Apr 11 10:23:25 ovzhost sshd[1386]: pam_unix(sshd:auth): authentication failure; logname= uid=0 euid=0 tty=ssh ruser= rhost=43.255.190.135  user=root
Apr 11 10:23:27 ovzhost sshd[1386]: Failed password for root from 43.255.190.135 port 57856 ssh2
Apr 11 10:23:32 ovzhost sshd[1386]: message repeated 2 times: [ Failed password for root from 43.255.190.135 port 57856 ssh2]
Apr 11 10:23:32 ovzhost sshd[1386]: Received disconnect from 43.255.190.135: 11:  [preauth]
Apr 11 10:23:32 ovzhost sshd[1386]: PAM 2 more authentication failures; logname= uid=0 euid=0 tty=ssh ruser= rhost=43.255.190.135  user=root
Apr 11 10:23:33 ovzhost sshd[1390]: pam_unix(sshd:auth): authentication failure; logname= uid=0 euid=0 tty=ssh ruser= rhost=43.255.190.135  user=root
Apr 11 10:23:35 ovzhost sshd[1390]: Failed password for root from 43.255.190.135 port 45129 ssh2
Apr 11 10:23:39 ovzhost sshd[1390]: message repeated 2 times: [ Failed password for root from 43.255.190.135 port 45129 ssh2]
Apr 11 10:23:39 ovzhost sshd[1390]: Received disconnect from 43.255.190.135: 11:  [preauth]
Apr 11 10:23:39 ovzhost sshd[1390]: PAM 2 more authentication failures; logname= uid=0 euid=0 tty=ssh ruser= rhost=43.255.190.135  user=root
Apr 11 10:23:40 ovzhost sshd[1392]: pam_unix(sshd:auth): authentication failure; logname= uid=0 euid=0 tty=ssh ruser= rhost=43.255.190.135  user=root
Apr 11 10:23:42 ovzhost sshd[1392]: Failed password for root from 43.255.190.135 port 59100 ssh2
Apr 11 10:23:45 ovzhost sshd[1392]: message repeated 2 times: [ Failed password for root from 43.255.190.135 port 59100 ssh2]
Apr 11 10:23:45 ovzhost sshd[1392]: Received disconnect from 43.255.190.135: 11:  [preauth]
Apr 11 10:23:45 ovzhost sshd[1392]: PAM 2 more authentication failures; logname= uid=0 euid=0 tty=ssh ruser= rhost=43.255.190.135  user=root
Apr 11 10:23:46 ovzhost sshd[1394]: pam_unix(sshd:auth): authentication failure; logname= uid=0 euid=0 tty=ssh ruser= rhost=43.255.190.135  user=root
Apr 11 10:23:48 ovzhost sshd[1394]: Failed password for root from 43.255.190.135 port 43161 ssh2
Apr 11 10:23:52 ovzhost sshd[1394]: message repeated 2 times: [ Failed password for root from 43.255.190.135 port 43161 ssh2]
Apr 11 10:23:52 ovzhost sshd[1394]: Received disconnect from 43.255.190.135: 11:  [preauth]
Apr 11 10:23:52 ovzhost sshd[1394]: PAM 2 more authentication failures; logname= uid=0 euid=0 tty=ssh ruser= rhost=43.255.190.135  user=root
Apr 11 10:23:53 ovzhost sshd[1396]: pam_unix(sshd:auth): authentication failure; logname= uid=0 euid=0 tty=ssh ruser= rhost=43.255.190.135  user=root
Apr 11 10:23:56 ovzhost sshd[1396]: Failed password for root from 43.255.190.135 port 56117 ssh2
Apr 11 10:24:00 ovzhost sshd[1396]: message repeated 2 times: [ Failed password for root from 43.255.190.135 port 56117 ssh2]
Apr 11 10:24:00 ovzhost sshd[1396]: Received disconnect from 43.255.190.135: 11:  [preauth]
Apr 11 10:24:00 ovzhost sshd[1396]: PAM 2 more authentication failures; logname= uid=0 euid=0 tty=ssh ruser= rhost=43.255.190.135  user=root
Apr 11 10:24:00 ovzhost sshd[1400]: pam_unix(sshd:auth): authentication failure; logname= uid=0 euid=0 tty=ssh ruser= rhost=43.255.190.135  user=root
Apr 11 10:24:02 ovzhost sshd[1400]: Failed password for root from 43.255.190.135 port 42034 ssh2
Apr 11 10:24:07 ovzhost sshd[1400]: message repeated 2 times: [ Failed password for root from 43.255.190.135 port 42034 ssh2]
Apr 11 10:24:07 ovzhost sshd[1400]: Received disconnect from 43.255.190.135: 11:  [preauth]
Apr 11 10:24:07 ovzhost sshd[1400]: PAM 2 more authentication failures; logname= uid=0 euid=0 tty=ssh ruser= rhost=43.255.190.135  user=root
Apr 11 10:24:08 ovzhost sshd[1402]: pam_unix(sshd:auth): authentication failure; logname= uid=0 euid=0 tty=ssh ruser= rhost=43.255.190.135  user=root
Apr 11 10:24:10 ovzhost sshd[1402]: Failed password for root from 43.255.190.135 port 55628 ssh2
Apr 11 10:24:14 ovzhost sshd[1402]: message repeated 2 times: [ Failed password for root from 43.255.190.135 port 55628 ssh2]
Apr 11 10:24:14 ovzhost sshd[1402]: Received disconnect from 43.255.190.135: 11:  [preauth]
Apr 11 10:24:14 ovzhost sshd[1402]: PAM 2 more authentication failures; logname= uid=0 euid=0 tty=ssh ruser= rhost=43.255.190.135  user=root
Apr 11 10:24:15 ovzhost sshd[1404]: pam_unix(sshd:auth): authentication failure; logname= uid=0 euid=0 tty=ssh ruser= rhost=43.255.190.135  user=root
Apr 11 10:24:17 ovzhost sshd[1404]: Failed password for root from 43.255.190.135 port 41292 ssh2
Apr 11 10:24:21 ovzhost sshd[1404]: message repeated 2 times: [ Failed password for root from 43.255.190.135 port 41292 ssh2]
Apr 11 10:24:21 ovzhost sshd[1404]: Received disconnect from 43.255.190.135: 11:  [preauth]
Apr 11 10:24:21 ovzhost sshd[1404]: PAM 2 more authentication failures; logname= uid=0 euid=0 tty=ssh ruser= rhost=43.255.190.135  user=root
Apr 11 10:24:22 ovzhost sshd[1406]: pam_unix(sshd:auth): authentication failure; logname= uid=0 euid=0 tty=ssh ruser= rhost=43.255.190.135  user=root
Apr 11 10:24:23 ovzhost sshd[1406]: Failed password for root from 43.255.190.135 port 54941 ssh2
Apr 11 10:24:27 ovzhost sshd[1406]: message repeated 2 times: [ Failed password for root from 43.255.190.135 port 54941 ssh2]
Apr 11 10:24:27 ovzhost sshd[1406]: Received disconnect from 43.255.190.135: 11:  [preauth]
Apr 11 10:24:27 ovzhost sshd[1406]: PAM 2 more authentication failures; logname= uid=0 euid=0 tty=ssh ruser= rhost=43.255.190.135  user=root
Apr 11 10:24:28 ovzhost sshd[1408]: pam_unix(sshd:auth): authentication failure; logname= uid=0 euid=0 tty=ssh ruser= rhost=43.255.190.135  user=root
Apr 11 10:24:30 ovzhost sshd[1408]: Failed password for root from 43.255.190.135 port 37845 ssh2
Apr 11 10:24:35 ovzhost sshd[1408]: message repeated 2 times: [ Failed password for root from 43.255.190.135 port 37845 ssh2]
Apr 11 10:24:35 ovzhost sshd[1408]: Received disconnect from 43.255.190.135: 11:  [preauth]
Apr 11 10:24:35 ovzhost sshd[1408]: PAM 2 more authentication failures; logname= uid=0 euid=0 tty=ssh ruser= rhost=43.255.190.135  user=root
Apr 11 10:24:35 ovzhost sshd[1410]: pam_unix(sshd:auth): authentication failure; logname= uid=0 euid=0 tty=ssh ruser= rhost=43.255.190.135  user=root
Apr 11 10:24:38 ovzhost sshd[1410]: Failed password for root from 43.255.190.135 port 51777 ssh2
Apr 11 10:24:42 ovzhost sshd[1410]: message repeated 2 times: [ Failed password for root from 43.255.190.135 port 51777 ssh2]
Apr 11 10:24:42 ovzhost sshd[1410]: Received disconnect from 43.255.190.135: 11:  [preauth]
Apr 11 10:24:42 ovzhost sshd[1410]: PAM 2 more authentication failures; logname= uid=0 euid=0 tty=ssh ruser= rhost=43.255.190.135  user=root
