Apr  2 14:31:44 ovzhost sshd[780]: Connection closed by 127.0.0.1 [preauth]
Apr  2 14:35:40 ovzhost sshd[811]: Connection closed by 128.8.37.120 [preauth]
Apr  2 14:36:44 ovzhost sshd[820]: Connection closed by 127.0.0.1 [preauth]
Apr  9 23:39:01 ovzhost CRON[768]: pam_env(cron:session): Unable to open env file: /etc/default/locale: No such file or directory
Apr  9 23:39:01 ovzhost CRON[768]: pam_unix(cron:session): session opened for user root by (uid=0)
Apr  9 23:39:01 ovzhost CRON[768]: pam_unix(cron:session): session closed for user root
Apr  9 23:40:01 ovzhost CRON[779]: pam_env(cron:session): Unable to open env file: /etc/default/locale: No such file or directory
Apr  9 23:40:01 ovzhost CRON[779]: pam_unix(cron:session): session opened for user smmsp by (uid=0)
Apr  9 23:40:01 ovzhost CRON[779]: pam_unix(cron:session): session closed for user smmsp
Apr  9 23:54:58 ovzhost sshd[806]: Invalid user support from 221.146.74.146
Apr  9 23:54:58 ovzhost sshd[806]: input_userauth_request: invalid user support [preauth]
Apr  9 23:54:58 ovzhost sshd[806]: pam_unix(sshd:auth): check pass; user unknown
Apr  9 23:54:58 ovzhost sshd[806]: pam_unix(sshd:auth): authentication failure; logname= uid=0 euid=0 tty=ssh ruser= rhost=221.146.74.146 
Apr  9 23:55:00 ovzhost sshd[806]: Failed password for invalid user support from 221.146.74.146 port 30261 ssh2
Apr  9 23:55:00 ovzhost sshd[806]: pam_unix(sshd:auth): check pass; user unknown
Apr  9 23:55:03 ovzhost sshd[806]: Failed password for invalid user support from 221.146.74.146 port 30261 ssh2
Apr  9 23:55:03 ovzhost sshd[806]: Connection closed by 221.146.74.146 [preauth]
Apr  9 23:55:03 ovzhost sshd[806]: PAM 1 more authentication failure; logname= uid=0 euid=0 tty=ssh ruser= rhost=221.146.74.146 
Apr 10 00:00:01 ovzhost CRON[808]: pam_env(cron:session): Unable to open env file: /etc/default/locale: No such file or directory
Apr 10 00:00:01 ovzhost CRON[808]: pam_unix(cron:session): session opened for user smmsp by (uid=0)
Apr 10 00:00:01 ovzhost CRON[808]: pam_unix(cron:session): session closed for user smmsp
Apr 10 00:00:21 ovzhost sshd[833]: pam_unix(sshd:auth): authentication failure; logname= uid=0 euid=0 tty=ssh ruser= rhost=43.255.190.146  user=root
Apr 10 00:00:23 ovzhost sshd[833]: Failed password for root from 43.255.190.146 port 41995 ssh2
Apr 10 00:00:27 ovzhost sshd[833]: message repeated 2 times: [ Failed password for root from 43.255.190.146 port 41995 ssh2]
Apr 10 00:00:27 ovzhost sshd[833]: Received disconnect from 43.255.190.146: 11:  [preauth]
Apr 10 00:00:27 ovzhost sshd[833]: PAM 2 more authentication failures; logname= uid=0 euid=0 tty=ssh ruser= rhost=43.255.190.146  user=root
Apr 10 00:00:28 ovzhost sshd[835]: pam_unix(sshd:auth): authentication failure; logname= uid=0 euid=0 tty=ssh ruser= rhost=43.255.190.146  user=root
Apr 10 00:00:30 ovzhost sshd[835]: Failed password for root from 43.255.190.146 port 56688 ssh2
Apr 10 00:00:34 ovzhost sshd[835]: message repeated 2 times: [ Failed password for root from 43.255.190.146 port 56688 ssh2]
Apr 10 00:00:34 ovzhost sshd[835]: Received disconnect from 43.255.190.146: 11:  [preauth]
Apr 10 00:00:34 ovzhost sshd[835]: PAM 2 more authentication failures; logname= uid=0 euid=0 tty=ssh ruser= rhost=43.255.190.146  user=root
Apr 10 00:00:35 ovzhost sshd[837]: pam_unix(sshd:auth): authentication failure; logname= uid=0 euid=0 tty=ssh ruser= rhost=43.255.190.146  user=root
Apr 10 00:00:37 ovzhost sshd[837]: Failed password for root from 43.255.190.146 port 42661 ssh2
Apr 10 00:00:41 ovzhost sshd[837]: message repeated 2 times: [ Failed password for root from 43.255.190.146 port 42661 ssh2]
Apr 10 00:00:41 ovzhost sshd[837]: Received disconnect from 43.255.190.146: 11:  [preauth]
Apr 10 00:00:41 ovzhost sshd[837]: PAM 2 more authentication failures; logname= uid=0 euid=0 tty=ssh ruser= rhost=43.255.190.146  user=root
Apr 10 00:00:42 ovzhost sshd[839]: pam_unix(sshd:auth): authentication failure; logname= uid=0 euid=0 tty=ssh ruser= rhost=43.255.190.146  user=root
Apr 10 00:00:44 ovzhost sshd[839]: Failed password for root from 43.255.190.146 port 57134 ssh2
Apr 10 00:00:48 ovzhost sshd[839]: message repeated 2 times: [ Failed password for root from 43.255.190.146 port 57134 ssh2]
Apr 10 00:00:48 ovzhost sshd[839]: Received disconnect from 43.255.190.146: 11:  [preauth]
Apr 10 00:00:48 ovzhost sshd[839]: PAM 2 more authentication failures; logname= uid=0 euid=0 tty=ssh ruser= rhost=43.255.190.146  user=root
Apr 10 00:00:48 ovzhost sshd[841]: pam_unix(sshd:auth): authentication failure; logname= uid=0 euid=0 tty=ssh ruser= rhost=43.255.190.146  user=root
Apr 10 00:00:50 ovzhost sshd[841]: Failed password for root from 43.255.190.146 port 42643 ssh2
Apr 10 00:00:54 ovzhost sshd[841]: message repeated 2 times: [ Failed password for root from 43.255.190.146 port 42643 ssh2]
Apr 10 00:00:54 ovzhost sshd[841]: Received disconnect from 43.255.190.146: 11:  [preauth]
Apr 10 00:00:54 ovzhost sshd[841]: PAM 2 more authentication failures; logname= uid=0 euid=0 tty=ssh ruser= rhost=43.255.190.146  user=root
Apr 10 00:00:54 ovzhost sshd[843]: pam_unix(sshd:auth): authentication failure; logname= uid=0 euid=0 tty=ssh ruser= rhost=43.255.190.146  user=root
Apr 10 00:00:56 ovzhost sshd[843]: Failed password for root from 43.255.190.146 port 54502 ssh2
Apr 10 00:01:01 ovzhost sshd[843]: message repeated 2 times: [ Failed password for root from 43.255.190.146 port 54502 ssh2]
Apr 10 00:01:01 ovzhost sshd[843]: Received disconnect from 43.255.190.146: 11:  [preauth]
Apr 10 00:01:01 ovzhost sshd[843]: PAM 2 more authentication failures; logname= uid=0 euid=0 tty=ssh ruser= rhost=43.255.190.146  user=root
Apr 10 00:01:01 ovzhost sshd[845]: pam_unix(sshd:auth): authentication failure; logname= uid=0 euid=0 tty=ssh ruser= rhost=43.255.190.146  user=root
Apr 10 00:01:03 ovzhost sshd[845]: Failed password for root from 43.255.190.146 port 40082 ssh2
Apr 10 00:01:05 ovzhost sshd[847]: pam_unix(sshd:auth): authentication failure; logname= uid=0 euid=0 tty=ssh ruser= rhost=43.255.190.133  user=root
Apr 10 00:01:07 ovzhost sshd[845]: message repeated 2 times: [ Failed password for root from 43.255.190.146 port 40082 ssh2]
Apr 10 00:01:07 ovzhost sshd[845]: Received disconnect from 43.255.190.146: 11:  [preauth]
Apr 10 00:01:07 ovzhost sshd[845]: PAM 2 more authentication failures; logname= uid=0 euid=0 tty=ssh ruser= rhost=43.255.190.146  user=root
Apr 10 00:01:07 ovzhost sshd[847]: Failed password for root from 43.255.190.133 port 56686 ssh2
Apr 10 00:01:08 ovzhost sshd[849]: pam_unix(sshd:auth): authentication failure; logname= uid=0 euid=0 tty=ssh ruser= rhost=43.255.190.146  user=root
Apr 10 00:01:10 ovzhost sshd[849]: Failed password for root from 43.255.190.146 port 53429 ssh2
Apr 10 00:01:13 ovzhost sshd[849]: message repeated 2 times: [ Failed password for root from 43.255.190.146 port 53429 ssh2]
Apr 10 00:01:13 ovzhost sshd[849]: Received disconnect from 43.255.190.146: 11:  [preauth]
Apr 10 00:01:13 ovzhost sshd[849]: PAM 2 more authentication failures; logname= uid=0 euid=0 tty=ssh ruser= rhost=43.255.190.146  user=root
Apr 10 00:01:14 ovzhost sshd[851]: pam_unix(sshd:auth): authentication failure; logname= uid=0 euid=0 tty=ssh ruser= rhost=43.255.190.146  user=root
Apr 10 00:01:16 ovzhost sshd[847]: message repeated 2 times: [ Failed password for root from 43.255.190.133 port 56686 ssh2]
Apr 10 00:01:16 ovzhost sshd[847]: Received disconnect from 43.255.190.133: 11:  [preauth]
Apr 10 00:01:16 ovzhost sshd[847]: PAM 2 more authentication failures; logname= uid=0 euid=0 tty=ssh ruser= rhost=43.255.190.133  user=root
Apr 10 00:01:16 ovzhost sshd[851]: Failed password for root from 43.255.190.146 port 37911 ssh2
Apr 10 00:01:20 ovzhost sshd[851]: message repeated 2 times: [ Failed password for root from 43.255.190.146 port 37911 ssh2]
Apr 10 00:01:20 ovzhost sshd[851]: Received disconnect from 43.255.190.146: 11:  [preauth]
Apr 10 00:01:20 ovzhost sshd[851]: PAM 2 more authentication failures; logname= uid=0 euid=0 tty=ssh ruser= rhost=43.255.190.146  user=root
Apr 10 00:01:21 ovzhost sshd[855]: pam_unix(sshd:auth): authentication failure; logname= uid=0 euid=0 tty=ssh ruser= rhost=43.255.190.146  user=root
Apr 10 00:01:22 ovzhost sshd[853]: pam_unix(sshd:auth): authentication failure; logname= uid=0 euid=0 tty=ssh ruser= rhost=43.255.190.133  user=root
Apr 10 00:01:23 ovzhost sshd[855]: Failed password for root from 43.255.190.146 port 51407 ssh2
Apr 10 00:01:24 ovzhost sshd[853]: Failed password for root from 43.255.190.133 port 58076 ssh2
Apr 10 00:01:26 ovzhost sshd[855]: message repeated 2 times: [ Failed password for root from 43.255.190.146 port 51407 ssh2]
Apr 10 00:01:26 ovzhost sshd[855]: Received disconnect from 43.255.190.146: 11:  [preauth]
Apr 10 00:01:26 ovzhost sshd[855]: PAM 2 more authentication failures; logname= uid=0 euid=0 tty=ssh ruser= rhost=43.255.190.146  user=root
Apr 10 00:01:27 ovzhost sshd[857]: pam_unix(sshd:auth): authentication failure; logname= uid=0 euid=0 tty=ssh ruser= rhost=43.255.190.146  user=root
Apr 10 00:01:28 ovzhost sshd[853]: message repeated 2 times: [ Failed password for root from 43.255.190.133 port 58076 ssh2]
Apr 10 00:01:29 ovzhost sshd[853]: Received disconnect from 43.255.190.133: 11:  [preauth]
Apr 10 00:01:29 ovzhost sshd[853]: PAM 2 more authentication failures; logname= uid=0 euid=0 tty=ssh ruser= rhost=43.255.190.133  user=root
Apr 10 00:01:29 ovzhost sshd[857]: Failed password for root from 43.255.190.146 port 36268 ssh2
Apr 10 00:01:32 ovzhost sshd[859]: pam_unix(sshd:auth): authentication failure; logname= uid=0 euid=0 tty=ssh ruser= rhost=43.255.190.133  user=root
Apr 10 00:01:33 ovzhost sshd[857]: message repeated 2 times: [ Failed password for root from 43.255.190.146 port 36268 ssh2]
Apr 10 00:01:33 ovzhost sshd[857]: Received disconnect from 43.255.190.146: 11:  [preauth]
Apr 10 00:01:33 ovzhost sshd[857]: PAM 2 more authentication failures; logname= uid=0 euid=0 tty=ssh ruser= rhost=43.255.190.146  user=root
Apr 10 00:01:34 ovzhost sshd[861]: pam_unix(sshd:auth): authentication failure; logname= uid=0 euid=0 tty=ssh ruser= rhost=43.255.190.146  user=root
Apr 10 00:01:34 ovzhost sshd[859]: Failed password for root from 43.255.190.133 port 53220 ssh2
Apr 10 00:01:36 ovzhost sshd[861]: Failed password for root from 43.255.190.146 port 50384 ssh2
Apr 10 00:01:39 ovzhost sshd[859]: message repeated 2 times: [ Failed password for root from 43.255.190.133 port 53220 ssh2]
Apr 10 00:01:39 ovzhost sshd[859]: Received disconnect from 43.255.190.133: 11:  [preauth]
Apr 10 00:01:39 ovzhost sshd[859]: PAM 2 more authentication failures; logname= uid=0 euid=0 tty=ssh ruser= rhost=43.255.190.133  user=root
Apr 10 00:01:40 ovzhost sshd[861]: message repeated 2 times: [ Failed password for root from 43.255.190.146 port 50384 ssh2]
Apr 10 00:01:40 ovzhost sshd[861]: Received disconnect from 43.255.190.146: 11:  [preauth]
Apr 10 00:01:40 ovzhost sshd[861]: PAM 2 more authentication failures; logname= uid=0 euid=0 tty=ssh ruser= rhost=43.255.190.146  user=root
Apr 10 00:01:41 ovzhost sshd[865]: pam_unix(sshd:auth): authentication failure; logname= uid=0 euid=0 tty=ssh ruser= rhost=43.255.190.146  user=root
Apr 10 00:01:42 ovzhost sshd[863]: pam_unix(sshd:auth): authentication failure; logname= uid=0 euid=0 tty=ssh ruser= rhost=43.255.190.133  user=root
Apr 10 00:01:43 ovzhost sshd[865]: Failed password for root from 43.255.190.146 port 35977 ssh2
Apr 10 00:01:44 ovzhost sshd[863]: Failed password for root from 43.255.190.133 port 43735 ssh2
Apr 10 00:01:48 ovzhost sshd[865]: message repeated 2 times: [ Failed password for root from 43.255.190.146 port 35977 ssh2]
Apr 10 00:01:48 ovzhost sshd[865]: Received disconnect from 43.255.190.146: 11:  [preauth]
Apr 10 00:01:48 ovzhost sshd[865]: PAM 2 more authentication failures; logname= uid=0 euid=0 tty=ssh ruser= rhost=43.255.190.146  user=root
Apr 10 00:01:48 ovzhost sshd[867]: pam_unix(sshd:auth): authentication failure; logname= uid=0 euid=0 tty=ssh ruser= rhost=43.255.190.146  user=root
Apr 10 00:01:48 ovzhost sshd[863]: message repeated 2 times: [ Failed password for root from 43.255.190.133 port 43735 ssh2]
Apr 10 00:01:48 ovzhost sshd[863]: Received disconnect from 43.255.190.133: 11:  [preauth]
Apr 10 00:01:48 ovzhost sshd[863]: PAM 2 more authentication failures; logname= uid=0 euid=0 tty=ssh ruser= rhost=43.255.190.133  user=root
Apr 10 00:01:51 ovzhost sshd[867]: Failed password for root from 43.255.190.146 port 51242 ssh2
Apr 10 00:01:53 ovzhost sshd[869]: pam_unix(sshd:auth): authentication failure; logname= uid=0 euid=0 tty=ssh ruser= rhost=43.255.190.133  user=root
Apr 10 00:01:55 ovzhost sshd[869]: Failed password for root from 43.255.190.133 port 60615 ssh2
Apr 10 00:01:55 ovzhost sshd[867]: message repeated 2 times: [ Failed password for root from 43.255.190.146 port 51242 ssh2]
Apr 10 00:01:55 ovzhost sshd[867]: Received disconnect from 43.255.190.146: 11:  [preauth]
Apr 10 00:01:55 ovzhost sshd[867]: PAM 2 more authentication failures; logname= uid=0 euid=0 tty=ssh ruser= rhost=43.255.190.146  user=root
Apr 10 00:01:56 ovzhost sshd[871]: pam_unix(sshd:auth): authentication failure; logname= uid=0 euid=0 tty=ssh ruser= rhost=43.255.190.146  user=root
Apr 10 00:01:58 ovzhost sshd[871]: Failed password for root from 43.255.190.146 port 37857 ssh2
Apr 10 00:02:02 ovzhost sshd[871]: message repeated 2 times: [ Failed password for root from 43.255.190.146 port 37857 ssh2]
Apr 10 00:02:02 ovzhost sshd[871]: Received disconnect from 43.255.190.146: 11:  [preauth]
Apr 10 00:02:02 ovzhost sshd[871]: PAM 2 more authentication failures; logname= uid=0 euid=0 tty=ssh ruser= rhost=43.255.190.146  user=root
Apr 10 00:02:03 ovzhost sshd[873]: pam_unix(sshd:auth): authentication failure; logname= uid=0 euid=0 tty=ssh ruser= rhost=43.255.190.146  user=root
Apr 10 00:02:05 ovzhost sshd[873]: Failed password for root from 43.255.190.146 port 52019 ssh2
Apr 10 00:01:57 ovzhost sshd[869]: Failed password for root from 43.255.190.133 port 60615 ssh2
Apr 10 00:02:05 ovzhost sshd[869]: Received disconnect from 43.255.190.133: 11:  [preauth]
Apr 10 00:02:05 ovzhost sshd[869]: PAM 1 more authentication failure; logname= uid=0 euid=0 tty=ssh ruser= rhost=43.255.190.133  user=root
Apr 10 00:02:09 ovzhost sshd[873]: message repeated 2 times: [ Failed password for root from 43.255.190.146 port 52019 ssh2]
Apr 10 00:02:09 ovzhost sshd[873]: Received disconnect from 43.255.190.146: 11:  [preauth]
Apr 10 00:02:09 ovzhost sshd[873]: PAM 2 more authentication failures; logname= uid=0 euid=0 tty=ssh ruser= rhost=43.255.190.146  user=root
Apr 10 00:02:10 ovzhost sshd[877]: pam_unix(sshd:auth): authentication failure; logname= uid=0 euid=0 tty=ssh ruser= rhost=43.255.190.146  user=root
Apr 10 00:02:10 ovzhost sshd[875]: pam_unix(sshd:auth): authentication failure; logname= uid=0 euid=0 tty=ssh ruser= rhost=43.255.190.133  user=root
Apr 10 00:02:12 ovzhost sshd[877]: Failed password for root from 43.255.190.146 port 37482 ssh2
Apr 10 00:02:12 ovzhost sshd[875]: Failed password for root from 43.255.190.133 port 34553 ssh2
Apr 10 00:02:17 ovzhost sshd[877]: message repeated 2 times: [ Failed password for root from 43.255.190.146 port 37482 ssh2]
Apr 10 00:02:17 ovzhost sshd[877]: Received disconnect from 43.255.190.146: 11:  [preauth]
Apr 10 00:02:17 ovzhost sshd[877]: PAM 2 more authentication failures; logname= uid=0 euid=0 tty=ssh ruser= rhost=43.255.190.146  user=root
Apr 10 00:02:17 ovzhost sshd[875]: message repeated 2 times: [ Failed password for root from 43.255.190.133 port 34553 ssh2]
Apr 10 00:02:17 ovzhost sshd[875]: Received disconnect from 43.255.190.133: 11:  [preauth]
Apr 10 00:02:17 ovzhost sshd[875]: PAM 2 more authentication failures; logname= uid=0 euid=0 tty=ssh ruser= rhost=43.255.190.133  user=root
Apr 10 00:02:17 ovzhost sshd[879]: pam_unix(sshd:auth): authentication failure; logname= uid=0 euid=0 tty=ssh ruser= rhost=43.255.190.146  user=root
Apr 10 00:02:19 ovzhost sshd[879]: Failed password for root from 43.255.190.146 port 53540 ssh2
Apr 10 00:02:23 ovzhost sshd[879]: message repeated 2 times: [ Failed password for root from 43.255.190.146 port 53540 ssh2]
Apr 10 00:02:23 ovzhost sshd[879]: Received disconnect from 43.255.190.146: 11:  [preauth]
Apr 10 00:02:23 ovzhost sshd[879]: PAM 2 more authentication failures; logname= uid=0 euid=0 tty=ssh ruser= rhost=43.255.190.146  user=root
Apr 10 00:02:24 ovzhost sshd[883]: pam_unix(sshd:auth): authentication failure; logname= uid=0 euid=0 tty=ssh ruser= rhost=43.255.190.146  user=root
Apr 10 00:02:26 ovzhost sshd[883]: Failed password for root from 43.255.190.146 port 38170 ssh2
Apr 10 00:02:28 ovzhost sshd[881]: Connection closed by 43.255.190.133 [preauth]
Apr 10 00:02:30 ovzhost sshd[883]: message repeated 2 times: [ Failed password for root from 43.255.190.146 port 38170 ssh2]
Apr 10 00:02:30 ovzhost sshd[883]: Received disconnect from 43.255.190.146: 11:  [preauth]
Apr 10 00:02:30 ovzhost sshd[883]: PAM 2 more authentication failures; logname= uid=0 euid=0 tty=ssh ruser= rhost=43.255.190.146  user=root
Apr 10 00:02:31 ovzhost sshd[887]: pam_unix(sshd:auth): authentication failure; logname= uid=0 euid=0 tty=ssh ruser= rhost=43.255.190.146  user=root
Apr 10 00:02:33 ovzhost sshd[887]: Failed password for root from 43.255.190.146 port 52331 ssh2
Apr 10 00:02:33 ovzhost sshd[885]: pam_unix(sshd:auth): authentication failure; logname= uid=0 euid=0 tty=ssh ruser= rhost=43.255.190.133  user=root
Apr 10 00:02:36 ovzhost sshd[885]: Failed password for root from 43.255.190.133 port 49358 ssh2
Apr 10 00:02:38 ovzhost sshd[887]: message repeated 2 times: [ Failed password for root from 43.255.190.146 port 52331 ssh2]
Apr 10 00:02:38 ovzhost sshd[887]: Received disconnect from 43.255.190.146: 11:  [preauth]
Apr 10 00:02:38 ovzhost sshd[887]: PAM 2 more authentication failures; logname= uid=0 euid=0 tty=ssh ruser= rhost=43.255.190.146  user=root
Apr 10 00:02:38 ovzhost sshd[889]: pam_unix(sshd:auth): authentication failure; logname= uid=0 euid=0 tty=ssh ruser= rhost=43.255.190.146  user=root
Apr 10 00:02:41 ovzhost sshd[889]: Failed password for root from 43.255.190.146 port 38324 ssh2
Apr 10 00:02:42 ovzhost sshd[885]: message repeated 2 times: [ Failed password for root from 43.255.190.133 port 49358 ssh2]
Apr 10 00:02:42 ovzhost sshd[885]: Received disconnect from 43.255.190.133: 11:  [preauth]
Apr 10 00:02:42 ovzhost sshd[885]: PAM 2 more authentication failures; logname= uid=0 euid=0 tty=ssh ruser= rhost=43.255.190.133  user=root
Apr 10 00:02:44 ovzhost sshd[889]: message repeated 2 times: [ Failed password for root from 43.255.190.146 port 38324 ssh2]
Apr 10 00:02:44 ovzhost sshd[889]: Received disconnect from 43.255.190.146: 11:  [preauth]
Apr 10 00:02:44 ovzhost sshd[889]: PAM 2 more authentication failures; logname= uid=0 euid=0 tty=ssh ruser= rhost=43.255.190.146  user=root
Apr 10 00:02:45 ovzhost sshd[893]: pam_unix(sshd:auth): authentication failure; logname= uid=0 euid=0 tty=ssh ruser= rhost=43.255.190.146  user=root
Apr 10 00:02:47 ovzhost sshd[891]: pam_unix(sshd:auth): authentication failure; logname= uid=0 euid=0 tty=ssh ruser= rhost=43.255.190.133  user=root
Apr 10 00:02:48 ovzhost sshd[893]: Failed password for root from 43.255.190.146 port 51638 ssh2
Apr 10 00:02:50 ovzhost sshd[891]: Failed password for root from 43.255.190.133 port 45520 ssh2
Apr 10 00:02:52 ovzhost sshd[893]: message repeated 2 times: [ Failed password for root from 43.255.190.146 port 51638 ssh2]
Apr 10 00:02:52 ovzhost sshd[893]: Received disconnect from 43.255.190.146: 11:  [preauth]
Apr 10 00:02:52 ovzhost sshd[893]: PAM 2 more authentication failures; logname= uid=0 euid=0 tty=ssh ruser= rhost=43.255.190.146  user=root
Apr 10 00:02:53 ovzhost sshd[895]: pam_unix(sshd:auth): authentication failure; logname= uid=0 euid=0 tty=ssh ruser= rhost=43.255.190.146  user=root
Apr 10 00:02:54 ovzhost sshd[891]: message repeated 2 times: [ Failed password for root from 43.255.190.133 port 45520 ssh2]
Apr 10 00:02:54 ovzhost sshd[891]: Received disconnect from 43.255.190.133: 11:  [preauth]
Apr 10 00:02:54 ovzhost sshd[891]: PAM 2 more authentication failures; logname= uid=0 euid=0 tty=ssh ruser= rhost=43.255.190.133  user=root
Apr 10 00:02:55 ovzhost sshd[895]: Failed password for root from 43.255.190.146 port 38994 ssh2
Apr 10 00:03:00 ovzhost sshd[895]: message repeated 2 times: [ Failed password for root from 43.255.190.146 port 38994 ssh2]
Apr 10 00:03:00 ovzhost sshd[895]: Received disconnect from 43.255.190.146: 11:  [preauth]
Apr 10 00:03:00 ovzhost sshd[895]: PAM 2 more authentication failures; logname= uid=0 euid=0 tty=ssh ruser= rhost=43.255.190.146  user=root
Apr 10 00:03:00 ovzhost sshd[897]: pam_unix(sshd:auth): authentication failure; logname= uid=0 euid=0 tty=ssh ruser= rhost=43.255.190.146  user=root
Apr 10 00:03:02 ovzhost sshd[897]: Failed password for root from 43.255.190.146 port 53980 ssh2
Apr 10 00:03:07 ovzhost sshd[897]: message repeated 2 times: [ Failed password for root from 43.255.190.146 port 53980 ssh2]
Apr 10 00:03:07 ovzhost sshd[897]: Received disconnect from 43.255.190.146: 11:  [preauth]
Apr 10 00:03:07 ovzhost sshd[897]: PAM 2 more authentication failures; logname= uid=0 euid=0 tty=ssh ruser= rhost=43.255.190.146  user=root
Apr 10 00:03:07 ovzhost sshd[901]: pam_unix(sshd:auth): authentication failure; logname= uid=0 euid=0 tty=ssh ruser= rhost=43.255.190.146  user=root
Apr 10 00:03:10 ovzhost sshd[901]: Failed password for root from 43.255.190.146 port 39418 ssh2
Apr 10 00:03:13 ovzhost sshd[899]: Connection closed by 43.255.190.133 [preauth]
Apr 10 00:03:14 ovzhost sshd[901]: message repeated 2 times: [ Failed password for root from 43.255.190.146 port 39418 ssh2]
Apr 10 00:03:14 ovzhost sshd[901]: Received disconnect from 43.255.190.146: 11:  [preauth]
Apr 10 00:03:14 ovzhost sshd[901]: PAM 2 more authentication failures; logname= uid=0 euid=0 tty=ssh ruser= rhost=43.255.190.146  user=root
Apr 10 00:03:14 ovzhost sshd[903]: pam_unix(sshd:auth): authentication failure; logname= uid=0 euid=0 tty=ssh ruser= rhost=43.255.190.146  user=root
Apr 10 00:03:16 ovzhost sshd[903]: Failed password for root from 43.255.190.146 port 52466 ssh2
Apr 10 00:03:19 ovzhost sshd[903]: message repeated 2 times: [ Failed password for root from 43.255.190.146 port 52466 ssh2]
Apr 10 00:03:19 ovzhost sshd[903]: Received disconnect from 43.255.190.146: 11:  [preauth]
Apr 10 00:03:19 ovzhost sshd[903]: PAM 2 more authentication failures; logname= uid=0 euid=0 tty=ssh ruser= rhost=43.255.190.146  user=root
Apr 10 00:03:20 ovzhost sshd[907]: pam_unix(sshd:auth): authentication failure; logname= uid=0 euid=0 tty=ssh ruser= rhost=43.255.190.146  user=root
Apr 10 00:03:23 ovzhost sshd[907]: Failed password for root from 43.255.190.146 port 36489 ssh2
Apr 10 00:03:27 ovzhost sshd[907]: message repeated 2 times: [ Failed password for root from 43.255.190.146 port 36489 ssh2]
Apr 10 00:03:27 ovzhost sshd[907]: Received disconnect from 43.255.190.146: 11:  [preauth]
Apr 10 00:03:27 ovzhost sshd[907]: PAM 2 more authentication failures; logname= uid=0 euid=0 tty=ssh ruser= rhost=43.255.190.146  user=root
Apr 10 00:03:28 ovzhost sshd[909]: pam_unix(sshd:auth): authentication failure; logname= uid=0 euid=0 tty=ssh ruser= rhost=43.255.190.146  user=root
Apr 10 00:03:29 ovzhost sshd[909]: Failed password for root from 43.255.190.146 port 50768 ssh2
Apr 10 00:03:32 ovzhost sshd[909]: message repeated 2 times: [ Failed password for root from 43.255.190.146 port 50768 ssh2]
Apr 10 00:03:32 ovzhost sshd[909]: Received disconnect from 43.255.190.146: 11:  [preauth]
Apr 10 00:03:32 ovzhost sshd[909]: PAM 2 more authentication failures; logname= uid=0 euid=0 tty=ssh ruser= rhost=43.255.190.146  user=root
Apr 10 00:03:33 ovzhost sshd[911]: pam_unix(sshd:auth): authentication failure; logname= uid=0 euid=0 tty=ssh ruser= rhost=43.255.190.146  user=root
Apr 10 00:03:35 ovzhost sshd[911]: Failed password for root from 43.255.190.146 port 33684 ssh2
Apr 10 00:03:40 ovzhost sshd[911]: message repeated 2 times: [ Failed password for root from 43.255.190.146 port 33684 ssh2]
Apr 10 00:03:40 ovzhost sshd[911]: Received disconnect from 43.255.190.146: 11:  [preauth]
Apr 10 00:03:40 ovzhost sshd[911]: PAM 2 more authentication failures; logname= uid=0 euid=0 tty=ssh ruser= rhost=43.255.190.146  user=root
Apr 10 00:03:40 ovzhost sshd[905]: pam_unix(sshd:auth): authentication failure; logname= uid=0 euid=0 tty=ssh ruser= rhost=43.255.190.133  user=root
Apr 10 00:03:41 ovzhost sshd[913]: pam_unix(sshd:auth): authentication failure; logname= uid=0 euid=0 tty=ssh ruser= rhost=43.255.190.146  user=root
Apr 10 00:03:41 ovzhost sshd[905]: Failed password for root from 43.255.190.133 port 46082 ssh2
Apr 10 00:03:42 ovzhost sshd[913]: Failed password for root from 43.255.190.146 port 48119 ssh2
Apr 10 00:03:47 ovzhost sshd[913]: message repeated 2 times: [ Failed password for root from 43.255.190.146 port 48119 ssh2]
Apr 10 00:03:47 ovzhost sshd[913]: Received disconnect from 43.255.190.146: 11:  [preauth]
Apr 10 00:03:47 ovzhost sshd[913]: PAM 2 more authentication failures; logname= uid=0 euid=0 tty=ssh ruser= rhost=43.255.190.146  user=root
Apr 10 00:03:48 ovzhost sshd[915]: pam_unix(sshd:auth): authentication failure; logname= uid=0 euid=0 tty=ssh ruser= rhost=43.255.190.146  user=root
Apr 10 00:03:50 ovzhost sshd[915]: Failed password for root from 43.255.190.146 port 33553 ssh2
Apr 10 00:03:44 ovzhost sshd[905]: Failed password for root from 43.255.190.133 port 46082 ssh2
Apr 10 00:03:52 ovzhost sshd[905]: Received disconnect from 43.255.190.133: 11:  [preauth]
Apr 10 00:03:52 ovzhost sshd[905]: PAM 1 more authentication failure; logname= uid=0 euid=0 tty=ssh ruser= rhost=43.255.190.133  user=root
Apr 10 00:03:53 ovzhost sshd[915]: message repeated 2 times: [ Failed password for root from 43.255.190.146 port 33553 ssh2]
Apr 10 00:03:53 ovzhost sshd[915]: Received disconnect from 43.255.190.146: 11:  [preauth]
Apr 10 00:03:53 ovzhost sshd[915]: PAM 2 more authentication failures; logname= uid=0 euid=0 tty=ssh ruser= rhost=43.255.190.146  user=root
Apr 10 00:03:54 ovzhost sshd[919]: pam_unix(sshd:auth): authentication failure; logname= uid=0 euid=0 tty=ssh ruser= rhost=43.255.190.146  user=root
Apr 10 00:03:56 ovzhost sshd[919]: Failed password for root from 43.255.190.146 port 45352 ssh2
Apr 10 00:03:58 ovzhost sshd[917]: pam_unix(sshd:auth): authentication failure; logname= uid=0 euid=0 tty=ssh ruser= rhost=43.255.190.133  user=root
Apr 10 00:04:00 ovzhost sshd[917]: Failed password for root from 43.255.190.133 port 60022 ssh2
Apr 10 00:04:00 ovzhost sshd[919]: message repeated 2 times: [ Failed password for root from 43.255.190.146 port 45352 ssh2]
Apr 10 00:04:00 ovzhost sshd[919]: Received disconnect from 43.255.190.146: 11:  [preauth]
Apr 10 00:04:00 ovzhost sshd[919]: PAM 2 more authentication failures; logname= uid=0 euid=0 tty=ssh ruser= rhost=43.255.190.146  user=root
Apr 10 00:04:01 ovzhost sshd[921]: pam_unix(sshd:auth): authentication failure; logname= uid=0 euid=0 tty=ssh ruser= rhost=43.255.190.146  user=root
Apr 10 00:04:03 ovzhost sshd[921]: Failed password for root from 43.255.190.146 port 59110 ssh2
Apr 10 00:04:07 ovzhost sshd[921]: message repeated 2 times: [ Failed password for root from 43.255.190.146 port 59110 ssh2]
Apr 10 00:04:07 ovzhost sshd[921]: Received disconnect from 43.255.190.146: 11:  [preauth]
Apr 10 00:04:07 ovzhost sshd[921]: PAM 2 more authentication failures; logname= uid=0 euid=0 tty=ssh ruser= rhost=43.255.190.146  user=root
Apr 10 00:04:07 ovzhost sshd[923]: pam_unix(sshd:auth): authentication failure; logname= uid=0 euid=0 tty=ssh ruser= rhost=43.255.190.146  user=root
Apr 10 00:04:05 ovzhost sshd[917]: message repeated 2 times: [ Failed password for root from 43.255.190.133 port 60022 ssh2]
Apr 10 00:04:09 ovzhost sshd[917]: Received disconnect from 43.255.190.133: 11:  [preauth]
Apr 10 00:04:09 ovzhost sshd[917]: PAM 2 more authentication failures; logname= uid=0 euid=0 tty=ssh ruser= rhost=43.255.190.133  user=root
Apr 10 00:04:10 ovzhost sshd[923]: Failed password for root from 43.255.190.146 port 43535 ssh2
Apr 10 00:04:14 ovzhost sshd[923]: message repeated 2 times: [ Failed password for root from 43.255.190.146 port 43535 ssh2]
Apr 10 00:04:14 ovzhost sshd[923]: Received disconnect from 43.255.190.146: 11:  [preauth]
Apr 10 00:04:14 ovzhost sshd[923]: PAM 2 more authentication failures; logname= uid=0 euid=0 tty=ssh ruser= rhost=43.255.190.146  user=root
Apr 10 00:04:14 ovzhost sshd[927]: pam_unix(sshd:auth): authentication failure; logname= uid=0 euid=0 tty=ssh ruser= rhost=43.255.190.146  user=root
Apr 10 00:04:16 ovzhost sshd[927]: Failed password for root from 43.255.190.146 port 56755 ssh2
Apr 10 00:04:20 ovzhost sshd[927]: message repeated 2 times: [ Failed password for root from 43.255.190.146 port 56755 ssh2]
Apr 10 00:04:20 ovzhost sshd[927]: Received disconnect from 43.255.190.146: 11:  [preauth]
Apr 10 00:04:20 ovzhost sshd[927]: PAM 2 more authentication failures; logname= uid=0 euid=0 tty=ssh ruser= rhost=43.255.190.146  user=root
Apr 10 00:04:21 ovzhost sshd[929]: pam_unix(sshd:auth): authentication failure; logname= uid=0 euid=0 tty=ssh ruser= rhost=43.255.190.146  user=root
Apr 10 00:04:24 ovzhost sshd[929]: Failed password for root from 43.255.190.146 port 41209 ssh2
Apr 10 00:04:24 ovzhost sshd[925]: Received disconnect from 43.255.190.133: 11:  [preauth]
Apr 10 00:04:27 ovzhost sshd[929]: message repeated 2 times: [ Failed password for root from 43.255.190.146 port 41209 ssh2]
Apr 10 00:04:27 ovzhost sshd[929]: Received disconnect from 43.255.190.146: 11:  [preauth]
Apr 10 00:04:27 ovzhost sshd[929]: PAM 2 more authentication failures; logname= uid=0 euid=0 tty=ssh ruser= rhost=43.255.190.146  user=root
Apr 10 00:04:27 ovzhost sshd[933]: pam_unix(sshd:auth): authentication failure; logname= uid=0 euid=0 tty=ssh ruser= rhost=43.255.190.146  user=root
Apr 10 00:04:29 ovzhost sshd[931]: pam_unix(sshd:auth): authentication failure; logname= uid=0 euid=0 tty=ssh ruser= rhost=43.255.190.133  user=root
Apr 10 00:04:29 ovzhost sshd[933]: Failed password for root from 43.255.190.146 port 53890 ssh2
Apr 10 00:04:30 ovzhost sshd[931]: Failed password for root from 43.255.190.133 port 34424 ssh2
Apr 10 00:04:33 ovzhost sshd[933]: message repeated 2 times: [ Failed password for root from 43.255.190.146 port 53890 ssh2]
Apr 10 00:04:33 ovzhost sshd[933]: Received disconnect from 43.255.190.146: 11:  [preauth]
Apr 10 00:04:33 ovzhost sshd[933]: PAM 2 more authentication failures; logname= uid=0 euid=0 tty=ssh ruser= rhost=43.255.190.146  user=root
Apr 10 00:04:34 ovzhost sshd[935]: pam_unix(sshd:auth): authentication failure; logname= uid=0 euid=0 tty=ssh ruser= rhost=43.255.190.146  user=root
Apr 10 00:04:35 ovzhost sshd[935]: Failed password for root from 43.255.190.146 port 37692 ssh2
Apr 10 00:04:36 ovzhost sshd[931]: message repeated 2 times: [ Failed password for root from 43.255.190.133 port 34424 ssh2]
Apr 10 00:04:37 ovzhost sshd[931]: Received disconnect from 43.255.190.133: 11:  [preauth]
Apr 10 00:04:37 ovzhost sshd[931]: PAM 2 more authentication failures; logname= uid=0 euid=0 tty=ssh ruser= rhost=43.255.190.133  user=root
Apr 10 00:04:39 ovzhost sshd[935]: message repeated 2 times: [ Failed password for root from 43.255.190.146 port 37692 ssh2]
Apr 10 00:04:39 ovzhost sshd[935]: Received disconnect from 43.255.190.146: 11:  [preauth]
Apr 10 00:04:39 ovzhost sshd[935]: PAM 2 more authentication failures; logname= uid=0 euid=0 tty=ssh ruser= rhost=43.255.190.146  user=root
Apr 10 00:04:40 ovzhost sshd[937]: pam_unix(sshd:auth): authentication failure; logname= uid=0 euid=0 tty=ssh ruser= rhost=43.255.190.146  user=root
Apr 10 00:04:41 ovzhost sshd[937]: Failed password for root from 43.255.190.146 port 48854 ssh2
Apr 10 00:04:43 ovzhost sshd[939]: pam_unix(sshd:auth): authentication failure; logname= uid=0 euid=0 tty=ssh ruser= rhost=43.255.190.133  user=root
Apr 10 00:04:45 ovzhost sshd[939]: Failed password for root from 43.255.190.133 port 59335 ssh2
Apr 10 00:04:45 ovzhost sshd[937]: message repeated 2 times: [ Failed password for root from 43.255.190.146 port 48854 ssh2]
Apr 10 00:04:45 ovzhost sshd[937]: Received disconnect from 43.255.190.146: 11:  [preauth]
Apr 10 00:04:45 ovzhost sshd[937]: PAM 2 more authentication failures; logname= uid=0 euid=0 tty=ssh ruser= rhost=43.255.190.146  user=root
Apr 10 00:04:46 ovzhost sshd[941]: pam_unix(sshd:auth): authentication failure; logname= uid=0 euid=0 tty=ssh ruser= rhost=43.255.190.146  user=root
Apr 10 00:04:47 ovzhost sshd[941]: Failed password for root from 43.255.190.146 port 60828 ssh2
Apr 10 00:04:51 ovzhost sshd[941]: message repeated 2 times: [ Failed password for root from 43.255.190.146 port 60828 ssh2]
Apr 10 00:04:51 ovzhost sshd[941]: Received disconnect from 43.255.190.146: 11:  [preauth]
Apr 10 00:04:51 ovzhost sshd[941]: PAM 2 more authentication failures; logname= uid=0 euid=0 tty=ssh ruser= rhost=43.255.190.146  user=root
Apr 10 00:04:52 ovzhost sshd[943]: pam_unix(sshd:auth): authentication failure; logname= uid=0 euid=0 tty=ssh ruser= rhost=43.255.190.146  user=root
Apr 10 00:04:53 ovzhost sshd[939]: message repeated 2 times: [ Failed password for root from 43.255.190.133 port 59335 ssh2]
Apr 10 00:04:53 ovzhost sshd[939]: Received disconnect from 43.255.190.133: 11:  [preauth]
Apr 10 00:04:53 ovzhost sshd[939]: PAM 2 more authentication failures; logname= uid=0 euid=0 tty=ssh ruser= rhost=43.255.190.133  user=root
Apr 10 00:04:54 ovzhost sshd[943]: Failed password for root from 43.255.190.146 port 43769 ssh2
Apr 10 00:04:59 ovzhost sshd[943]: message repeated 2 times: [ Failed password for root from 43.255.190.146 port 43769 ssh2]
Apr 10 00:04:59 ovzhost sshd[943]: Received disconnect from 43.255.190.146: 11:  [preauth]
Apr 10 00:04:59 ovzhost sshd[943]: PAM 2 more authentication failures; logname= uid=0 euid=0 tty=ssh ruser= rhost=43.255.190.146  user=root
Apr 10 00:05:00 ovzhost sshd[947]: pam_unix(sshd:auth): authentication failure; logname= uid=0 euid=0 tty=ssh ruser= rhost=43.255.190.146  user=root
Apr 10 00:05:01 ovzhost sshd[947]: Failed password for root from 43.255.190.146 port 59081 ssh2
Apr 10 00:05:05 ovzhost sshd[945]: pam_unix(sshd:auth): authentication failure; logname= uid=0 euid=0 tty=ssh ruser= rhost=43.255.190.133  user=root
Apr 10 00:05:05 ovzhost sshd[947]: message repeated 2 times: [ Failed password for root from 43.255.190.146 port 59081 ssh2]
Apr 10 00:05:05 ovzhost sshd[947]: Received disconnect from 43.255.190.146: 11:  [preauth]
Apr 10 00:05:05 ovzhost sshd[947]: PAM 2 more authentication failures; logname= uid=0 euid=0 tty=ssh ruser= rhost=43.255.190.146  user=root
Apr 10 00:05:05 ovzhost sshd[949]: pam_unix(sshd:auth): authentication failure; logname= uid=0 euid=0 tty=ssh ruser= rhost=43.255.190.146  user=root
Apr 10 00:05:07 ovzhost sshd[945]: Failed password for root from 43.255.190.133 port 34350 ssh2
Apr 10 00:05:08 ovzhost sshd[949]: Failed password for root from 43.255.190.146 port 42929 ssh2
Apr 10 00:05:12 ovzhost sshd[949]: message repeated 2 times: [ Failed password for root from 43.255.190.146 port 42929 ssh2]
Apr 10 00:05:12 ovzhost sshd[949]: Received disconnect from 43.255.190.146: 11:  [preauth]
Apr 10 00:05:12 ovzhost sshd[949]: PAM 2 more authentication failures; logname= uid=0 euid=0 tty=ssh ruser= rhost=43.255.190.146  user=root
Apr 10 00:05:13 ovzhost sshd[951]: pam_unix(sshd:auth): authentication failure; logname= uid=0 euid=0 tty=ssh ruser= rhost=43.255.190.146  user=root
Apr 10 00:05:11 ovzhost sshd[945]: message repeated 2 times: [ Failed password for root from 43.255.190.133 port 34350 ssh2]
Apr 10 00:05:13 ovzhost sshd[945]: Received disconnect from 43.255.190.133: 11:  [preauth]
Apr 10 00:05:13 ovzhost sshd[945]: PAM 2 more authentication failures; logname= uid=0 euid=0 tty=ssh ruser= rhost=43.255.190.133  user=root
Apr 10 00:05:14 ovzhost sshd[951]: Failed password for root from 43.255.190.146 port 56581 ssh2
Apr 10 00:05:15 ovzhost sshd[953]: pam_unix(sshd:auth): authentication failure; logname= uid=0 euid=0 tty=ssh ruser= rhost=43.255.190.133  user=root
Apr 10 00:05:17 ovzhost sshd[953]: Failed password for root from 43.255.190.133 port 43446 ssh2
Apr 10 00:05:19 ovzhost sshd[951]: message repeated 2 times: [ Failed password for root from 43.255.190.146 port 56581 ssh2]
Apr 10 00:05:19 ovzhost sshd[951]: Received disconnect from 43.255.190.146: 11:  [preauth]
Apr 10 00:05:19 ovzhost sshd[951]: PAM 2 more authentication failures; logname= uid=0 euid=0 tty=ssh ruser= rhost=43.255.190.146  user=root
Apr 10 00:05:19 ovzhost sshd[955]: pam_unix(sshd:auth): authentication failure; logname= uid=0 euid=0 tty=ssh ruser= rhost=43.255.190.146  user=root
Apr 10 00:05:21 ovzhost sshd[955]: Failed password for root from 43.255.190.146 port 41539 ssh2
Apr 10 00:05:25 ovzhost sshd[955]: message repeated 2 times: [ Failed password for root from 43.255.190.146 port 41539 ssh2]
Apr 10 00:05:25 ovzhost sshd[955]: Received disconnect from 43.255.190.146: 11:  [preauth]
Apr 10 00:05:25 ovzhost sshd[955]: PAM 2 more authentication failures; logname= uid=0 euid=0 tty=ssh ruser= rhost=43.255.190.146  user=root
Apr 10 00:05:26 ovzhost sshd[957]: pam_unix(sshd:auth): authentication failure; logname= uid=0 euid=0 tty=ssh ruser= rhost=43.255.190.146  user=root
Apr 10 00:05:23 ovzhost sshd[953]: message repeated 2 times: [ Failed password for root from 43.255.190.133 port 43446 ssh2]
Apr 10 00:05:27 ovzhost sshd[953]: Received disconnect from 43.255.190.133: 11:  [preauth]
Apr 10 00:05:27 ovzhost sshd[953]: PAM 2 more authentication failures; logname= uid=0 euid=0 tty=ssh ruser= rhost=43.255.190.133  user=root
Apr 10 00:05:27 ovzhost sshd[957]: Failed password for root from 43.255.190.146 port 54242 ssh2
Apr 10 00:05:32 ovzhost sshd[957]: message repeated 2 times: [ Failed password for root from 43.255.190.146 port 54242 ssh2]
Apr 10 00:05:32 ovzhost sshd[957]: Received disconnect from 43.255.190.146: 11:  [preauth]
Apr 10 00:05:32 ovzhost sshd[957]: PAM 2 more authentication failures; logname= uid=0 euid=0 tty=ssh ruser= rhost=43.255.190.146  user=root
Apr 10 00:05:32 ovzhost sshd[961]: pam_unix(sshd:auth): authentication failure; logname= uid=0 euid=0 tty=ssh ruser= rhost=43.255.190.146  user=root
Apr 10 00:05:35 ovzhost sshd[961]: Failed password for root from 43.255.190.146 port 39335 ssh2
Apr 10 00:05:38 ovzhost sshd[961]: message repeated 2 times: [ Failed password for root from 43.255.190.146 port 39335 ssh2]
Apr 10 00:05:38 ovzhost sshd[961]: Received disconnect from 43.255.190.146: 11:  [preauth]
Apr 10 00:05:38 ovzhost sshd[961]: PAM 2 more authentication failures; logname= uid=0 euid=0 tty=ssh ruser= rhost=43.255.190.146  user=root
Apr 10 00:05:39 ovzhost sshd[963]: pam_unix(sshd:auth): authentication failure; logname= uid=0 euid=0 tty=ssh ruser= rhost=43.255.190.146  user=root
Apr 10 00:05:41 ovzhost sshd[963]: Failed password for root from 43.255.190.146 port 51468 ssh2
Apr 10 00:05:42 ovzhost sshd[959]: pam_unix(sshd:auth): authentication failure; logname= uid=0 euid=0 tty=ssh ruser= rhost=43.255.190.133  user=root
Apr 10 00:05:43 ovzhost sshd[959]: Failed password for root from 43.255.190.133 port 41011 ssh2
Apr 10 00:05:45 ovzhost sshd[963]: message repeated 2 times: [ Failed password for root from 43.255.190.146 port 51468 ssh2]
Apr 10 00:05:45 ovzhost sshd[963]: Received disconnect from 43.255.190.146: 11:  [preauth]
Apr 10 00:05:45 ovzhost sshd[963]: PAM 2 more authentication failures; logname= uid=0 euid=0 tty=ssh ruser= rhost=43.255.190.146  user=root
Apr 10 00:05:46 ovzhost sshd[965]: pam_unix(sshd:auth): authentication failure; logname= uid=0 euid=0 tty=ssh ruser= rhost=43.255.190.146  user=root
Apr 10 00:05:48 ovzhost sshd[965]: Failed password for root from 43.255.190.146 port 37590 ssh2
Apr 10 00:05:48 ovzhost sshd[959]: message repeated 2 times: [ Failed password for root from 43.255.190.133 port 41011 ssh2]
Apr 10 00:05:50 ovzhost sshd[959]: Received disconnect from 43.255.190.133: 11:  [preauth]
Apr 10 00:05:50 ovzhost sshd[959]: PAM 2 more authentication failures; logname= uid=0 euid=0 tty=ssh ruser= rhost=43.255.190.133  user=root
Apr 10 00:05:52 ovzhost sshd[965]: message repeated 2 times: [ Failed password for root from 43.255.190.146 port 37590 ssh2]
Apr 10 00:05:52 ovzhost sshd[965]: Received disconnect from 43.255.190.146: 11:  [preauth]
Apr 10 00:05:52 ovzhost sshd[965]: PAM 2 more authentication failures; logname= uid=0 euid=0 tty=ssh ruser= rhost=43.255.190.146  user=root
Apr 10 00:05:53 ovzhost sshd[969]: pam_unix(sshd:auth): authentication failure; logname= uid=0 euid=0 tty=ssh ruser= rhost=43.255.190.146  user=root
Apr 10 00:05:55 ovzhost sshd[969]: Failed password for root from 43.255.190.146 port 51206 ssh2
Apr 10 00:05:57 ovzhost sshd[967]: pam_unix(sshd:auth): authentication failure; logname= uid=0 euid=0 tty=ssh ruser= rhost=43.255.190.133  user=root
Apr 10 00:05:59 ovzhost sshd[969]: message repeated 2 times: [ Failed password for root from 43.255.190.146 port 51206 ssh2]
Apr 10 00:05:59 ovzhost sshd[969]: Received disconnect from 43.255.190.146: 11:  [preauth]
Apr 10 00:05:59 ovzhost sshd[969]: PAM 2 more authentication failures; logname= uid=0 euid=0 tty=ssh ruser= rhost=43.255.190.146  user=root
Apr 10 00:05:59 ovzhost sshd[971]: pam_unix(sshd:auth): authentication failure; logname= uid=0 euid=0 tty=ssh ruser= rhost=43.255.190.146  user=root
Apr 10 00:05:59 ovzhost sshd[967]: Failed password for root from 43.255.190.133 port 54914 ssh2
Apr 10 00:06:01 ovzhost sshd[971]: Failed password for root from 43.255.190.146 port 36209 ssh2
Apr 10 00:06:04 ovzhost sshd[971]: message repeated 2 times: [ Failed password for root from 43.255.190.146 port 36209 ssh2]
Apr 10 00:06:05 ovzhost sshd[971]: Received disconnect from 43.255.190.146: 11:  [preauth]
Apr 10 00:06:05 ovzhost sshd[971]: PAM 2 more authentication failures; logname= uid=0 euid=0 tty=ssh ruser= rhost=43.255.190.146  user=root
Apr 10 00:06:05 ovzhost sshd[973]: pam_unix(sshd:auth): authentication failure; logname= uid=0 euid=0 tty=ssh ruser= rhost=43.255.190.146  user=root
Apr 10 00:06:07 ovzhost sshd[973]: Failed password for root from 43.255.190.146 port 48406 ssh2
Apr 10 00:06:01 ovzhost sshd[967]: Failed password for root from 43.255.190.133 port 54914 ssh2
Apr 10 00:06:10 ovzhost sshd[967]: Received disconnect from 43.255.190.133: 11:  [preauth]
Apr 10 00:06:10 ovzhost sshd[967]: PAM 1 more authentication failure; logname= uid=0 euid=0 tty=ssh ruser= rhost=43.255.190.133  user=root
Apr 10 00:06:11 ovzhost sshd[973]: message repeated 2 times: [ Failed password for root from 43.255.190.146 port 48406 ssh2]
Apr 10 00:06:11 ovzhost sshd[973]: Received disconnect from 43.255.190.146: 11:  [preauth]
Apr 10 00:06:11 ovzhost sshd[973]: PAM 2 more authentication failures; logname= uid=0 euid=0 tty=ssh ruser= rhost=43.255.190.146  user=root
Apr 10 00:06:12 ovzhost sshd[975]: pam_unix(sshd:auth): authentication failure; logname= uid=0 euid=0 tty=ssh ruser= rhost=43.255.190.146  user=root
Apr 10 00:06:13 ovzhost sshd[975]: Failed password for root from 43.255.190.146 port 33442 ssh2
Apr 10 00:06:17 ovzhost sshd[975]: message repeated 2 times: [ Failed password for root from 43.255.190.146 port 33442 ssh2]
Apr 10 00:06:17 ovzhost sshd[975]: Received disconnect from 43.255.190.146: 11:  [preauth]
Apr 10 00:06:17 ovzhost sshd[975]: PAM 2 more authentication failures; logname= uid=0 euid=0 tty=ssh ruser= rhost=43.255.190.146  user=root
Apr 10 00:06:18 ovzhost sshd[979]: pam_unix(sshd:auth): authentication failure; logname= uid=0 euid=0 tty=ssh ruser= rhost=43.255.190.146  user=root
Apr 10 00:06:20 ovzhost sshd[979]: Failed password for root from 43.255.190.146 port 45611 ssh2
Apr 10 00:06:23 ovzhost sshd[977]: Connection closed by 43.255.190.133 [preauth]
Apr 10 00:06:24 ovzhost sshd[979]: message repeated 2 times: [ Failed password for root from 43.255.190.146 port 45611 ssh2]
Apr 10 00:06:24 ovzhost sshd[979]: Received disconnect from 43.255.190.146: 11:  [preauth]
Apr 10 00:06:24 ovzhost sshd[979]: PAM 2 more authentication failures; logname= uid=0 euid=0 tty=ssh ruser= rhost=43.255.190.146  user=root
Apr 10 00:06:24 ovzhost sshd[981]: pam_unix(sshd:auth): authentication failure; logname= uid=0 euid=0 tty=ssh ruser= rhost=43.255.190.146  user=root
Apr 10 00:06:27 ovzhost sshd[981]: Failed password for root from 43.255.190.146 port 58327 ssh2
Apr 10 00:06:31 ovzhost sshd[981]: message repeated 2 times: [ Failed password for root from 43.255.190.146 port 58327 ssh2]
Apr 10 00:06:31 ovzhost sshd[981]: Received disconnect from 43.255.190.146: 11:  [preauth]
Apr 10 00:06:31 ovzhost sshd[981]: PAM 2 more authentication failures; logname= uid=0 euid=0 tty=ssh ruser= rhost=43.255.190.146  user=root
Apr 10 00:06:31 ovzhost sshd[985]: pam_unix(sshd:auth): authentication failure; logname= uid=0 euid=0 tty=ssh ruser= rhost=43.255.190.146  user=root
Apr 10 00:06:31 ovzhost sshd[983]: pam_unix(sshd:auth): authentication failure; logname= uid=0 euid=0 tty=ssh ruser= rhost=43.255.190.133  user=root
Apr 10 00:06:33 ovzhost sshd[985]: Failed password for root from 43.255.190.146 port 43303 ssh2
Apr 10 00:06:33 ovzhost sshd[983]: Failed password for root from 43.255.190.133 port 58649 ssh2
Apr 10 00:06:37 ovzhost sshd[985]: message repeated 2 times: [ Failed password for root from 43.255.190.146 port 43303 ssh2]
Apr 10 00:06:37 ovzhost sshd[985]: Received disconnect from 43.255.190.146: 11:  [preauth]
Apr 10 00:06:37 ovzhost sshd[985]: PAM 2 more authentication failures; logname= uid=0 euid=0 tty=ssh ruser= rhost=43.255.190.146  user=root
Apr 10 00:06:38 ovzhost sshd[987]: pam_unix(sshd:auth): authentication failure; logname= uid=0 euid=0 tty=ssh ruser= rhost=43.255.190.146  user=root
Apr 10 00:06:38 ovzhost sshd[983]: message repeated 2 times: [ Failed password for root from 43.255.190.133 port 58649 ssh2]
Apr 10 00:06:38 ovzhost sshd[983]: Received disconnect from 43.255.190.133: 11:  [preauth]
Apr 10 00:06:38 ovzhost sshd[983]: PAM 2 more authentication failures; logname= uid=0 euid=0 tty=ssh ruser= rhost=43.255.190.133  user=root
Apr 10 00:06:40 ovzhost sshd[987]: Failed password for root from 43.255.190.146 port 56757 ssh2
Apr 10 00:06:44 ovzhost sshd[989]: pam_unix(sshd:auth): authentication failure; logname= uid=0 euid=0 tty=ssh ruser= rhost=43.255.190.133  user=root
Apr 10 00:06:44 ovzhost sshd[987]: message repeated 2 times: [ Failed password for root from 43.255.190.146 port 56757 ssh2]
Apr 10 00:06:44 ovzhost sshd[987]: Received disconnect from 43.255.190.146: 11:  [preauth]
Apr 10 00:06:44 ovzhost sshd[987]: PAM 2 more authentication failures; logname= uid=0 euid=0 tty=ssh ruser= rhost=43.255.190.146  user=root
Apr 10 00:06:45 ovzhost sshd[991]: pam_unix(sshd:auth): authentication failure; logname= uid=0 euid=0 tty=ssh ruser= rhost=43.255.190.146  user=root
Apr 10 00:06:46 ovzhost sshd[989]: Failed password for root from 43.255.190.133 port 58347 ssh2
Apr 10 00:06:47 ovzhost sshd[991]: Failed password for root from 43.255.190.146 port 42323 ssh2
Apr 10 00:06:51 ovzhost sshd[991]: message repeated 2 times: [ Failed password for root from 43.255.190.146 port 42323 ssh2]
Apr 10 00:06:51 ovzhost sshd[991]: Received disconnect from 43.255.190.146: 11:  [preauth]
Apr 10 00:06:51 ovzhost sshd[991]: PAM 2 more authentication failures; logname= uid=0 euid=0 tty=ssh ruser= rhost=43.255.190.146  user=root
Apr 10 00:06:52 ovzhost sshd[993]: pam_unix(sshd:auth): authentication failure; logname= uid=0 euid=0 tty=ssh ruser= rhost=43.255.190.146  user=root
Apr 10 00:06:51 ovzhost sshd[989]: message repeated 2 times: [ Failed password for root from 43.255.190.133 port 58347 ssh2]
Apr 10 00:06:53 ovzhost sshd[989]: Received disconnect from 43.255.190.133: 11:  [preauth]
Apr 10 00:06:53 ovzhost sshd[989]: PAM 2 more authentication failures; logname= uid=0 euid=0 tty=ssh ruser= rhost=43.255.190.133  user=root
Apr 10 00:06:54 ovzhost sshd[993]: Failed password for root from 43.255.190.146 port 56052 ssh2
Apr 10 00:06:56 ovzhost sshd[995]: pam_unix(sshd:auth): authentication failure; logname= uid=0 euid=0 tty=ssh ruser= rhost=43.255.190.133  user=root
Apr 10 00:06:58 ovzhost sshd[993]: message repeated 2 times: [ Failed password for root from 43.255.190.146 port 56052 ssh2]
Apr 10 00:06:58 ovzhost sshd[993]: Received disconnect from 43.255.190.146: 11:  [preauth]
Apr 10 00:06:58 ovzhost sshd[993]: PAM 2 more authentication failures; logname= uid=0 euid=0 tty=ssh ruser= rhost=43.255.190.146  user=root
Apr 10 00:06:58 ovzhost sshd[995]: Failed password for root from 43.255.190.133 port 57460 ssh2
Apr 10 00:06:59 ovzhost sshd[997]: pam_unix(sshd:auth): authentication failure; logname= uid=0 euid=0 tty=ssh ruser= rhost=43.255.190.146  user=root
Apr 10 00:07:01 ovzhost sshd[997]: Failed password for root from 43.255.190.146 port 42341 ssh2
Apr 10 00:07:03 ovzhost sshd[995]: message repeated 2 times: [ Failed password for root from 43.255.190.133 port 57460 ssh2]
Apr 10 00:07:03 ovzhost sshd[995]: Received disconnect from 43.255.190.133: 11:  [preauth]
Apr 10 00:07:03 ovzhost sshd[995]: PAM 2 more authentication failures; logname= uid=0 euid=0 tty=ssh ruser= rhost=43.255.190.133  user=root
Apr 10 00:07:05 ovzhost sshd[997]: message repeated 2 times: [ Failed password for root from 43.255.190.146 port 42341 ssh2]
Apr 10 00:07:05 ovzhost sshd[997]: Received disconnect from 43.255.190.146: 11:  [preauth]
Apr 10 00:07:05 ovzhost sshd[997]: PAM 2 more authentication failures; logname= uid=0 euid=0 tty=ssh ruser= rhost=43.255.190.146  user=root
Apr 10 00:07:06 ovzhost sshd[1001]: pam_unix(sshd:auth): authentication failure; logname= uid=0 euid=0 tty=ssh ruser= rhost=43.255.190.146  user=root
