Apr 11 07:29:43 ovzhost sshd[1606]: Failed password for root from 43.255.190.164 port 60581 ssh2
Apr 11 07:29:45 ovzhost sshd[1608]: pam_unix(sshd:auth): authentication failure; logname= uid=0 euid=0 tty=ssh ruser= rhost=43.255.190.168  user=root
Apr 11 07:29:47 ovzhost sshd[1608]: Failed password for root from 43.255.190.168 port 49718 ssh2
Apr 11 07:29:48 ovzhost sshd[1606]: message repeated 2 times: [ Failed password for root from 43.255.190.164 port 60581 ssh2]
Apr 11 07:29:48 ovzhost sshd[1606]: Received disconnect from 43.255.190.164: 11:  [preauth]
Apr 11 07:29:48 ovzhost sshd[1606]: PAM 2 more authentication failures; logname= uid=0 euid=0 tty=ssh ruser= rhost=43.255.190.164  user=root
Apr 11 07:29:49 ovzhost sshd[1610]: pam_unix(sshd:auth): authentication failure; logname= uid=0 euid=0 tty=ssh ruser= rhost=43.255.190.164  user=root
Apr 11 07:29:50 ovzhost sshd[1608]: message repeated 2 times: [ Failed password for root from 43.255.190.168 port 49718 ssh2]
Apr 11 07:29:50 ovzhost sshd[1608]: Received disconnect from 43.255.190.168: 11:  [preauth]
Apr 11 07:29:50 ovzhost sshd[1608]: PAM 2 more authentication failures; logname= uid=0 euid=0 tty=ssh ruser= rhost=43.255.190.168  user=root
Apr 11 07:29:51 ovzhost sshd[1612]: pam_unix(sshd:auth): authentication failure; logname= uid=0 euid=0 tty=ssh ruser= rhost=43.255.190.168  user=root
Apr 11 07:29:51 ovzhost sshd[1610]: Failed password for root from 43.255.190.164 port 52228 ssh2
Apr 11 07:29:52 ovzhost sshd[1612]: Failed password for root from 43.255.190.168 port 39342 ssh2
Apr 11 07:29:55 ovzhost sshd[1610]: message repeated 2 times: [ Failed password for root from 43.255.190.164 port 52228 ssh2]
Apr 11 07:29:55 ovzhost sshd[1610]: Received disconnect from 43.255.190.164: 11:  [preauth]
Apr 11 07:29:55 ovzhost sshd[1610]: PAM 2 more authentication failures; logname= uid=0 euid=0 tty=ssh ruser= rhost=43.255.190.164  user=root
Apr 11 07:29:55 ovzhost sshd[1614]: pam_unix(sshd:auth): authentication failure; logname= uid=0 euid=0 tty=ssh ruser= rhost=43.255.190.164  user=root
Apr 11 07:29:56 ovzhost sshd[1612]: message repeated 2 times: [ Failed password for root from 43.255.190.168 port 39342 ssh2]
Apr 11 07:29:56 ovzhost sshd[1612]: Received disconnect from 43.255.190.168: 11:  [preauth]
Apr 11 07:29:56 ovzhost sshd[1612]: PAM 2 more authentication failures; logname= uid=0 euid=0 tty=ssh ruser= rhost=43.255.190.168  user=root
Apr 11 07:29:57 ovzhost sshd[1616]: pam_unix(sshd:auth): authentication failure; logname= uid=0 euid=0 tty=ssh ruser= rhost=43.255.190.168  user=root
Apr 11 07:29:57 ovzhost sshd[1614]: Failed password for root from 43.255.190.164 port 40028 ssh2
Apr 11 07:29:59 ovzhost sshd[1616]: Failed password for root from 43.255.190.168 port 53535 ssh2
Apr 11 07:30:00 ovzhost sshd[1614]: message repeated 2 times: [ Failed password for root from 43.255.190.164 port 40028 ssh2]
Apr 11 07:30:01 ovzhost sshd[1614]: Received disconnect from 43.255.190.164: 11:  [preauth]
Apr 11 07:30:01 ovzhost sshd[1614]: PAM 2 more authentication failures; logname= uid=0 euid=0 tty=ssh ruser= rhost=43.255.190.164  user=root
Apr 11 07:30:01 ovzhost sshd[1619]: pam_unix(sshd:auth): authentication failure; logname= uid=0 euid=0 tty=ssh ruser= rhost=43.255.190.164  user=root
Apr 11 07:30:02 ovzhost sshd[1616]: message repeated 2 times: [ Failed password for root from 43.255.190.168 port 53535 ssh2]
Apr 11 07:30:02 ovzhost sshd[1616]: Received disconnect from 43.255.190.168: 11:  [preauth]
Apr 11 07:30:02 ovzhost sshd[1616]: PAM 2 more authentication failures; logname= uid=0 euid=0 tty=ssh ruser= rhost=43.255.190.168  user=root
Apr 11 07:30:03 ovzhost sshd[1621]: pam_unix(sshd:auth): authentication failure; logname= uid=0 euid=0 tty=ssh ruser= rhost=43.255.190.168  user=root
Apr 11 07:30:03 ovzhost sshd[1619]: Failed password for root from 43.255.190.164 port 55476 ssh2
Apr 11 07:30:05 ovzhost sshd[1621]: Failed password for root from 43.255.190.168 port 39134 ssh2
Apr 11 07:30:07 ovzhost sshd[1619]: message repeated 2 times: [ Failed password for root from 43.255.190.164 port 55476 ssh2]
Apr 11 07:30:07 ovzhost sshd[1619]: Received disconnect from 43.255.190.164: 11:  [preauth]
Apr 11 07:30:07 ovzhost sshd[1619]: PAM 2 more authentication failures; logname= uid=0 euid=0 tty=ssh ruser= rhost=43.255.190.164  user=root
Apr 11 07:30:08 ovzhost sshd[1623]: pam_unix(sshd:auth): authentication failure; logname= uid=0 euid=0 tty=ssh ruser= rhost=43.255.190.164  user=root
Apr 11 07:30:10 ovzhost sshd[1621]: message repeated 2 times: [ Failed password for root from 43.255.190.168 port 39134 ssh2]
Apr 11 07:30:10 ovzhost sshd[1621]: Received disconnect from 43.255.190.168: 11:  [preauth]
Apr 11 07:30:10 ovzhost sshd[1621]: PAM 2 more authentication failures; logname= uid=0 euid=0 tty=ssh ruser= rhost=43.255.190.168  user=root
Apr 11 07:30:10 ovzhost sshd[1625]: pam_unix(sshd:auth): authentication failure; logname= uid=0 euid=0 tty=ssh ruser= rhost=43.255.190.168  user=root
Apr 11 07:30:11 ovzhost sshd[1623]: Failed password for root from 43.255.190.164 port 43042 ssh2
Apr 11 07:30:12 ovzhost sshd[1625]: Failed password for root from 43.255.190.168 port 56314 ssh2
Apr 11 07:30:14 ovzhost sshd[1623]: message repeated 2 times: [ Failed password for root from 43.255.190.164 port 43042 ssh2]
Apr 11 07:30:14 ovzhost sshd[1623]: Received disconnect from 43.255.190.164: 11:  [preauth]
Apr 11 07:30:14 ovzhost sshd[1623]: PAM 2 more authentication failures; logname= uid=0 euid=0 tty=ssh ruser= rhost=43.255.190.164  user=root
Apr 11 07:30:15 ovzhost sshd[1627]: pam_unix(sshd:auth): authentication failure; logname= uid=0 euid=0 tty=ssh ruser= rhost=43.255.190.164  user=root
Apr 11 07:30:18 ovzhost sshd[1625]: message repeated 2 times: [ Failed password for root from 43.255.190.168 port 56314 ssh2]
Apr 11 07:30:18 ovzhost sshd[1625]: Received disconnect from 43.255.190.168: 11:  [preauth]
Apr 11 07:30:18 ovzhost sshd[1625]: PAM 2 more authentication failures; logname= uid=0 euid=0 tty=ssh ruser= rhost=43.255.190.168  user=root
Apr 11 07:30:18 ovzhost sshd[1627]: Failed password for root from 43.255.190.164 port 59769 ssh2
Apr 11 07:30:18 ovzhost sshd[1629]: pam_unix(sshd:auth): authentication failure; logname= uid=0 euid=0 tty=ssh ruser= rhost=43.255.190.168  user=root
Apr 11 07:30:20 ovzhost sshd[1629]: Failed password for root from 43.255.190.168 port 46439 ssh2
Apr 11 07:30:21 ovzhost sshd[1627]: message repeated 2 times: [ Failed password for root from 43.255.190.164 port 59769 ssh2]
Apr 11 07:30:21 ovzhost sshd[1627]: Received disconnect from 43.255.190.164: 11:  [preauth]
Apr 11 07:30:21 ovzhost sshd[1627]: PAM 2 more authentication failures; logname= uid=0 euid=0 tty=ssh ruser= rhost=43.255.190.164  user=root
Apr 11 07:30:22 ovzhost sshd[1631]: pam_unix(sshd:auth): authentication failure; logname= uid=0 euid=0 tty=ssh ruser= rhost=43.255.190.164  user=root
Apr 11 07:30:24 ovzhost sshd[1629]: message repeated 2 times: [ Failed password for root from 43.255.190.168 port 46439 ssh2]
Apr 11 07:30:24 ovzhost sshd[1629]: Received disconnect from 43.255.190.168: 11:  [preauth]
Apr 11 07:30:24 ovzhost sshd[1629]: PAM 2 more authentication failures; logname= uid=0 euid=0 tty=ssh ruser= rhost=43.255.190.168  user=root
Apr 11 07:30:24 ovzhost sshd[1631]: Failed password for root from 43.255.190.164 port 49700 ssh2
Apr 11 07:30:24 ovzhost sshd[1633]: pam_unix(sshd:auth): authentication failure; logname= uid=0 euid=0 tty=ssh ruser= rhost=43.255.190.168  user=root
Apr 11 07:30:26 ovzhost sshd[1633]: Failed password for root from 43.255.190.168 port 60864 ssh2
Apr 11 07:30:27 ovzhost sshd[1636]: Connection closed by 128.8.37.104 [preauth]
Apr 11 07:30:28 ovzhost sshd[1631]: message repeated 2 times: [ Failed password for root from 43.255.190.164 port 49700 ssh2]
Apr 11 07:30:29 ovzhost sshd[1631]: Received disconnect from 43.255.190.164: 11:  [preauth]
Apr 11 07:30:29 ovzhost sshd[1631]: PAM 2 more authentication failures; logname= uid=0 euid=0 tty=ssh ruser= rhost=43.255.190.164  user=root
Apr 11 07:30:30 ovzhost sshd[1633]: message repeated 2 times: [ Failed password for root from 43.255.190.168 port 60864 ssh2]
Apr 11 07:30:31 ovzhost sshd[1633]: Received disconnect from 43.255.190.168: 11:  [preauth]
Apr 11 07:30:31 ovzhost sshd[1633]: PAM 2 more authentication failures; logname= uid=0 euid=0 tty=ssh ruser= rhost=43.255.190.168  user=root
Apr 11 07:30:31 ovzhost sshd[1638]: pam_unix(sshd:auth): authentication failure; logname= uid=0 euid=0 tty=ssh ruser= rhost=43.255.190.164  user=root
Apr 11 07:30:33 ovzhost sshd[1638]: Failed password for root from 43.255.190.164 port 39401 ssh2
Apr 11 07:30:33 ovzhost sshd[1640]: pam_unix(sshd:auth): authentication failure; logname= uid=0 euid=0 tty=ssh ruser= rhost=43.255.190.168  user=root
Apr 11 07:30:35 ovzhost sshd[1640]: Failed password for root from 43.255.190.168 port 48311 ssh2
Apr 11 07:30:37 ovzhost sshd[1638]: message repeated 2 times: [ Failed password for root from 43.255.190.164 port 39401 ssh2]
Apr 11 07:30:37 ovzhost sshd[1638]: Received disconnect from 43.255.190.164: 11:  [preauth]
Apr 11 07:30:37 ovzhost sshd[1638]: PAM 2 more authentication failures; logname= uid=0 euid=0 tty=ssh ruser= rhost=43.255.190.164  user=root
Apr 11 07:30:40 ovzhost sshd[1640]: message repeated 2 times: [ Failed password for root from 43.255.190.168 port 48311 ssh2]
Apr 11 07:30:40 ovzhost sshd[1640]: Received disconnect from 43.255.190.168: 11:  [preauth]
Apr 11 07:30:40 ovzhost sshd[1640]: PAM 2 more authentication failures; logname= uid=0 euid=0 tty=ssh ruser= rhost=43.255.190.168  user=root
Apr 11 07:30:41 ovzhost sshd[1643]: pam_unix(sshd:auth): authentication failure; logname= uid=0 euid=0 tty=ssh ruser= rhost=43.255.190.164  user=root
Apr 11 07:30:42 ovzhost sshd[1643]: Failed password for root from 43.255.190.164 port 33614 ssh2
Apr 11 07:30:42 ovzhost sshd[1645]: pam_unix(sshd:auth): authentication failure; logname= uid=0 euid=0 tty=ssh ruser= rhost=43.255.190.168  user=root
Apr 11 07:30:44 ovzhost sshd[1645]: Failed password for root from 43.255.190.168 port 41001 ssh2
Apr 11 07:30:46 ovzhost sshd[1643]: message repeated 2 times: [ Failed password for root from 43.255.190.164 port 33614 ssh2]
Apr 11 07:30:47 ovzhost sshd[1643]: Received disconnect from 43.255.190.164: 11:  [preauth]
Apr 11 07:30:47 ovzhost sshd[1643]: PAM 2 more authentication failures; logname= uid=0 euid=0 tty=ssh ruser= rhost=43.255.190.164  user=root
Apr 11 07:30:47 ovzhost sshd[1647]: pam_unix(sshd:auth): authentication failure; logname= uid=0 euid=0 tty=ssh ruser= rhost=43.255.190.164  user=root
Apr 11 07:30:48 ovzhost sshd[1645]: message repeated 2 times: [ Failed password for root from 43.255.190.168 port 41001 ssh2]
Apr 11 07:30:48 ovzhost sshd[1645]: Received disconnect from 43.255.190.168: 11:  [preauth]
Apr 11 07:30:48 ovzhost sshd[1645]: PAM 2 more authentication failures; logname= uid=0 euid=0 tty=ssh ruser= rhost=43.255.190.168  user=root
Apr 11 07:30:49 ovzhost sshd[1647]: Failed password for root from 43.255.190.164 port 57670 ssh2
Apr 11 07:30:50 ovzhost sshd[1649]: pam_unix(sshd:auth): authentication failure; logname= uid=0 euid=0 tty=ssh ruser= rhost=43.255.190.168  user=root
Apr 11 07:30:52 ovzhost sshd[1649]: Failed password for root from 43.255.190.168 port 60037 ssh2
Apr 11 07:30:54 ovzhost sshd[1647]: message repeated 2 times: [ Failed password for root from 43.255.190.164 port 57670 ssh2]
Apr 11 07:30:54 ovzhost sshd[1647]: Received disconnect from 43.255.190.164: 11:  [preauth]
Apr 11 07:30:54 ovzhost sshd[1647]: PAM 2 more authentication failures; logname= uid=0 euid=0 tty=ssh ruser= rhost=43.255.190.164  user=root
Apr 11 07:30:56 ovzhost sshd[1651]: pam_unix(sshd:auth): authentication failure; logname= uid=0 euid=0 tty=ssh ruser= rhost=43.255.190.164  user=root
Apr 11 07:30:56 ovzhost sshd[1649]: message repeated 2 times: [ Failed password for root from 43.255.190.168 port 60037 ssh2]
Apr 11 07:30:56 ovzhost sshd[1649]: Received disconnect from 43.255.190.168: 11:  [preauth]
Apr 11 07:30:56 ovzhost sshd[1649]: PAM 2 more authentication failures; logname= uid=0 euid=0 tty=ssh ruser= rhost=43.255.190.168  user=root
Apr 11 07:30:57 ovzhost sshd[1653]: pam_unix(sshd:auth): authentication failure; logname= uid=0 euid=0 tty=ssh ruser= rhost=43.255.190.168  user=root
Apr 11 07:30:58 ovzhost sshd[1651]: Failed password for root from 43.255.190.164 port 49100 ssh2
Apr 11 07:31:00 ovzhost sshd[1653]: Failed password for root from 43.255.190.168 port 50152 ssh2
Apr 11 07:31:02 ovzhost sshd[1651]: message repeated 2 times: [ Failed password for root from 43.255.190.164 port 49100 ssh2]
Apr 11 07:31:02 ovzhost sshd[1651]: Received disconnect from 43.255.190.164: 11:  [preauth]
Apr 11 07:31:02 ovzhost sshd[1651]: PAM 2 more authentication failures; logname= uid=0 euid=0 tty=ssh ruser= rhost=43.255.190.164  user=root
Apr 11 07:31:02 ovzhost sshd[1655]: pam_unix(sshd:auth): authentication failure; logname= uid=0 euid=0 tty=ssh ruser= rhost=58.218.204.226  user=root
Apr 11 07:31:04 ovzhost sshd[1653]: message repeated 2 times: [ Failed password for root from 43.255.190.168 port 50152 ssh2]
Apr 11 07:31:04 ovzhost sshd[1653]: Received disconnect from 43.255.190.168: 11:  [preauth]
Apr 11 07:31:04 ovzhost sshd[1653]: PAM 2 more authentication failures; logname= uid=0 euid=0 tty=ssh ruser= rhost=43.255.190.168  user=root
Apr 11 07:31:04 ovzhost sshd[1657]: pam_unix(sshd:auth): authentication failure; logname= uid=0 euid=0 tty=ssh ruser= rhost=43.255.190.164  user=root
Apr 11 07:31:04 ovzhost sshd[1655]: Failed password for root from 58.218.204.226 port 33910 ssh2
Apr 11 07:31:04 ovzhost sshd[1659]: pam_unix(sshd:auth): authentication failure; logname= uid=0 euid=0 tty=ssh ruser= rhost=43.255.190.168  user=root
Apr 11 07:31:06 ovzhost sshd[1657]: Failed password for root from 43.255.190.164 port 40162 ssh2
Apr 11 07:31:06 ovzhost sshd[1659]: Failed password for root from 43.255.190.168 port 38488 ssh2
Apr 11 07:31:08 ovzhost sshd[1655]: message repeated 2 times: [ Failed password for root from 58.218.204.226 port 33910 ssh2]
Apr 11 07:31:09 ovzhost sshd[1655]: Received disconnect from 58.218.204.226: 11:  [preauth]
Apr 11 07:31:09 ovzhost sshd[1655]: PAM 2 more authentication failures; logname= uid=0 euid=0 tty=ssh ruser= rhost=58.218.204.226  user=root
Apr 11 07:31:10 ovzhost sshd[1657]: message repeated 2 times: [ Failed password for root from 43.255.190.164 port 40162 ssh2]
Apr 11 07:31:10 ovzhost sshd[1657]: Received disconnect from 43.255.190.164: 11:  [preauth]
Apr 11 07:31:10 ovzhost sshd[1657]: PAM 2 more authentication failures; logname= uid=0 euid=0 tty=ssh ruser= rhost=43.255.190.164  user=root
Apr 11 07:31:11 ovzhost sshd[1663]: pam_unix(sshd:auth): authentication failure; logname= uid=0 euid=0 tty=ssh ruser= rhost=43.255.190.164  user=root
Apr 11 07:31:11 ovzhost sshd[1659]: message repeated 2 times: [ Failed password for root from 43.255.190.168 port 38488 ssh2]
Apr 11 07:31:11 ovzhost sshd[1659]: Received disconnect from 43.255.190.168: 11:  [preauth]
Apr 11 07:31:11 ovzhost sshd[1659]: PAM 2 more authentication failures; logname= uid=0 euid=0 tty=ssh ruser= rhost=43.255.190.168  user=root
Apr 11 07:31:12 ovzhost sshd[1665]: pam_unix(sshd:auth): authentication failure; logname= uid=0 euid=0 tty=ssh ruser= rhost=43.255.190.168  user=root
Apr 11 07:31:12 ovzhost sshd[1663]: Failed password for root from 43.255.190.164 port 60961 ssh2
Apr 11 07:31:13 ovzhost sshd[1665]: Failed password for root from 43.255.190.168 port 55526 ssh2
Apr 11 07:31:13 ovzhost sshd[1661]: pam_unix(sshd:auth): authentication failure; logname= uid=0 euid=0 tty=ssh ruser= rhost=58.218.204.226  user=root
Apr 11 07:31:16 ovzhost sshd[1661]: Failed password for root from 58.218.204.226 port 57392 ssh2
Apr 11 07:31:16 ovzhost sshd[1663]: message repeated 2 times: [ Failed password for root from 43.255.190.164 port 60961 ssh2]
Apr 11 07:31:16 ovzhost sshd[1663]: Received disconnect from 43.255.190.164: 11:  [preauth]
Apr 11 07:31:16 ovzhost sshd[1663]: PAM 2 more authentication failures; logname= uid=0 euid=0 tty=ssh ruser= rhost=43.255.190.164  user=root
Apr 11 07:31:16 ovzhost sshd[1667]: pam_unix(sshd:auth): authentication failure; logname= uid=0 euid=0 tty=ssh ruser= rhost=43.255.190.164  user=root
Apr 11 07:31:18 ovzhost sshd[1665]: message repeated 2 times: [ Failed password for root from 43.255.190.168 port 55526 ssh2]
Apr 11 07:31:18 ovzhost sshd[1665]: Received disconnect from 43.255.190.168: 11:  [preauth]
Apr 11 07:31:18 ovzhost sshd[1665]: PAM 2 more authentication failures; logname= uid=0 euid=0 tty=ssh ruser= rhost=43.255.190.168  user=root
Apr 11 07:31:19 ovzhost sshd[1669]: pam_unix(sshd:auth): authentication failure; logname= uid=0 euid=0 tty=ssh ruser= rhost=43.255.190.168  user=root
Apr 11 07:31:19 ovzhost sshd[1667]: Failed password for root from 43.255.190.164 port 48366 ssh2
Apr 11 07:31:21 ovzhost sshd[1669]: Failed password for root from 43.255.190.168 port 43308 ssh2
Apr 11 07:31:21 ovzhost sshd[1661]: message repeated 2 times: [ Failed password for root from 58.218.204.226 port 57392 ssh2]
Apr 11 07:31:23 ovzhost sshd[1661]: Received disconnect from 58.218.204.226: 11:  [preauth]
Apr 11 07:31:23 ovzhost sshd[1661]: PAM 2 more authentication failures; logname= uid=0 euid=0 tty=ssh ruser= rhost=58.218.204.226  user=root
Apr 11 07:31:23 ovzhost sshd[1667]: message repeated 2 times: [ Failed password for root from 43.255.190.164 port 48366 ssh2]
Apr 11 07:31:24 ovzhost sshd[1667]: Received disconnect from 43.255.190.164: 11:  [preauth]
Apr 11 07:31:24 ovzhost sshd[1667]: PAM 2 more authentication failures; logname= uid=0 euid=0 tty=ssh ruser= rhost=43.255.190.164  user=root
Apr 11 07:31:25 ovzhost sshd[1673]: pam_unix(sshd:auth): authentication failure; logname= uid=0 euid=0 tty=ssh ruser= rhost=43.255.190.164  user=root
Apr 11 07:31:26 ovzhost sshd[1669]: message repeated 2 times: [ Failed password for root from 43.255.190.168 port 43308 ssh2]
Apr 11 07:31:26 ovzhost sshd[1669]: Received disconnect from 43.255.190.168: 11:  [preauth]
Apr 11 07:31:26 ovzhost sshd[1669]: PAM 2 more authentication failures; logname= uid=0 euid=0 tty=ssh ruser= rhost=43.255.190.168  user=root
Apr 11 07:31:26 ovzhost sshd[1675]: pam_unix(sshd:auth): authentication failure; logname= uid=0 euid=0 tty=ssh ruser= rhost=58.218.204.226  user=root
Apr 11 07:31:27 ovzhost sshd[1677]: pam_unix(sshd:auth): authentication failure; logname= uid=0 euid=0 tty=ssh ruser= rhost=43.255.190.168  user=root
Apr 11 07:31:27 ovzhost sshd[1673]: Failed password for root from 43.255.190.164 port 38865 ssh2
Apr 11 07:31:28 ovzhost sshd[1675]: Failed password for root from 58.218.204.226 port 58375 ssh2
Apr 11 07:31:29 ovzhost sshd[1677]: Failed password for root from 43.255.190.168 port 60557 ssh2
Apr 11 07:31:31 ovzhost sshd[1673]: message repeated 2 times: [ Failed password for root from 43.255.190.164 port 38865 ssh2]
Apr 11 07:31:31 ovzhost sshd[1673]: Received disconnect from 43.255.190.164: 11:  [preauth]
Apr 11 07:31:31 ovzhost sshd[1673]: PAM 2 more authentication failures; logname= uid=0 euid=0 tty=ssh ruser= rhost=43.255.190.164  user=root
Apr 11 07:31:32 ovzhost sshd[1681]: pam_unix(sshd:auth): authentication failure; logname= uid=0 euid=0 tty=ssh ruser= rhost=43.255.190.164  user=root
Apr 11 07:31:33 ovzhost sshd[1675]: message repeated 2 times: [ Failed password for root from 58.218.204.226 port 58375 ssh2]
Apr 11 07:31:33 ovzhost sshd[1675]: Received disconnect from 58.218.204.226: 11:  [preauth]
Apr 11 07:31:33 ovzhost sshd[1675]: PAM 2 more authentication failures; logname= uid=0 euid=0 tty=ssh ruser= rhost=58.218.204.226  user=root
Apr 11 07:31:33 ovzhost sshd[1677]: message repeated 2 times: [ Failed password for root from 43.255.190.168 port 60557 ssh2]
Apr 11 07:31:33 ovzhost sshd[1677]: Received disconnect from 43.255.190.168: 11:  [preauth]
Apr 11 07:31:33 ovzhost sshd[1677]: PAM 2 more authentication failures; logname= uid=0 euid=0 tty=ssh ruser= rhost=43.255.190.168  user=root
Apr 11 07:31:35 ovzhost sshd[1681]: Failed password for root from 43.255.190.164 port 57825 ssh2
Apr 11 07:31:35 ovzhost sshd[1685]: pam_unix(sshd:auth): authentication failure; logname= uid=0 euid=0 tty=ssh ruser= rhost=43.255.190.168  user=root
Apr 11 07:31:37 ovzhost sshd[1685]: Failed password for root from 43.255.190.168 port 47192 ssh2
Apr 11 07:31:38 ovzhost sshd[1681]: message repeated 2 times: [ Failed password for root from 43.255.190.164 port 57825 ssh2]
Apr 11 07:31:38 ovzhost sshd[1681]: Received disconnect from 43.255.190.164: 11:  [preauth]
Apr 11 07:31:38 ovzhost sshd[1681]: PAM 2 more authentication failures; logname= uid=0 euid=0 tty=ssh ruser= rhost=43.255.190.164  user=root
Apr 11 07:31:40 ovzhost sshd[1687]: pam_unix(sshd:auth): authentication failure; logname= uid=0 euid=0 tty=ssh ruser= rhost=43.255.190.164  user=root
Apr 11 07:31:40 ovzhost sshd[1683]: pam_unix(sshd:auth): authentication failure; logname= uid=0 euid=0 tty=ssh ruser= rhost=58.218.204.226  user=root
Apr 11 07:31:42 ovzhost sshd[1685]: message repeated 2 times: [ Failed password for root from 43.255.190.168 port 47192 ssh2]
Apr 11 07:31:42 ovzhost sshd[1685]: Received disconnect from 43.255.190.168: 11:  [preauth]
Apr 11 07:31:42 ovzhost sshd[1685]: PAM 2 more authentication failures; logname= uid=0 euid=0 tty=ssh ruser= rhost=43.255.190.168  user=root
Apr 11 07:31:43 ovzhost sshd[1687]: Failed password for root from 43.255.190.164 port 46810 ssh2
Apr 11 07:31:43 ovzhost sshd[1683]: Failed password for root from 58.218.204.226 port 49957 ssh2
Apr 11 07:31:44 ovzhost sshd[1689]: pam_unix(sshd:auth): authentication failure; logname= uid=0 euid=0 tty=ssh ruser= rhost=43.255.190.168  user=root
Apr 11 07:31:47 ovzhost sshd[1689]: Failed password for root from 43.255.190.168 port 38055 ssh2
Apr 11 07:31:47 ovzhost sshd[1687]: message repeated 2 times: [ Failed password for root from 43.255.190.164 port 46810 ssh2]
Apr 11 07:31:48 ovzhost sshd[1687]: Received disconnect from 43.255.190.164: 11:  [preauth]
Apr 11 07:31:48 ovzhost sshd[1687]: PAM 2 more authentication failures; logname= uid=0 euid=0 tty=ssh ruser= rhost=43.255.190.164  user=root
Apr 11 07:31:49 ovzhost sshd[1691]: pam_unix(sshd:auth): authentication failure; logname= uid=0 euid=0 tty=ssh ruser= rhost=43.255.190.164  user=root
Apr 11 07:31:50 ovzhost sshd[1689]: message repeated 2 times: [ Failed password for root from 43.255.190.168 port 38055 ssh2]
Apr 11 07:31:50 ovzhost sshd[1689]: Received disconnect from 43.255.190.168: 11:  [preauth]
Apr 11 07:31:50 ovzhost sshd[1689]: PAM 2 more authentication failures; logname= uid=0 euid=0 tty=ssh ruser= rhost=43.255.190.168  user=root
Apr 11 07:31:51 ovzhost sshd[1691]: Failed password for root from 43.255.190.164 port 40854 ssh2
Apr 11 07:31:53 ovzhost sshd[1693]: pam_unix(sshd:auth): authentication failure; logname= uid=0 euid=0 tty=ssh ruser= rhost=43.255.190.168  user=root
Apr 11 07:31:45 ovzhost sshd[1683]: Failed password for root from 58.218.204.226 port 49957 ssh2
Apr 11 07:31:53 ovzhost sshd[1683]: Received disconnect from 58.218.204.226: 11:  [preauth]
Apr 11 07:31:53 ovzhost sshd[1683]: PAM 1 more authentication failure; logname= uid=0 euid=0 tty=ssh ruser= rhost=58.218.204.226  user=root
Apr 11 07:31:55 ovzhost sshd[1693]: Failed password for root from 43.255.190.168 port 56100 ssh2
Apr 11 07:31:56 ovzhost sshd[1691]: message repeated 2 times: [ Failed password for root from 43.255.190.164 port 40854 ssh2]
Apr 11 07:31:56 ovzhost sshd[1691]: Received disconnect from 43.255.190.164: 11:  [preauth]
Apr 11 07:31:56 ovzhost sshd[1691]: PAM 2 more authentication failures; logname= uid=0 euid=0 tty=ssh ruser= rhost=43.255.190.164  user=root
Apr 11 07:31:57 ovzhost sshd[1698]: pam_unix(sshd:auth): authentication failure; logname= uid=0 euid=0 tty=ssh ruser= rhost=43.255.190.164  user=root
Apr 11 07:31:59 ovzhost sshd[1698]: Failed password for root from 43.255.190.164 port 60027 ssh2
Apr 11 07:31:59 ovzhost sshd[1693]: message repeated 2 times: [ Failed password for root from 43.255.190.168 port 56100 ssh2]
Apr 11 07:31:59 ovzhost sshd[1693]: Received disconnect from 43.255.190.168: 11:  [preauth]
Apr 11 07:31:59 ovzhost sshd[1693]: PAM 2 more authentication failures; logname= uid=0 euid=0 tty=ssh ruser= rhost=43.255.190.168  user=root
Apr 11 07:32:00 ovzhost sshd[1700]: pam_unix(sshd:auth): authentication failure; logname= uid=0 euid=0 tty=ssh ruser= rhost=43.255.190.168  user=root
Apr 11 07:32:02 ovzhost sshd[1700]: Failed password for root from 43.255.190.168 port 46840 ssh2
Apr 11 07:32:02 ovzhost sshd[1696]: pam_unix(sshd:auth): authentication failure; logname= uid=0 euid=0 tty=ssh ruser= rhost=58.218.204.226  user=root
Apr 11 07:32:02 ovzhost sshd[1698]: message repeated 2 times: [ Failed password for root from 43.255.190.164 port 60027 ssh2]
Apr 11 07:32:02 ovzhost sshd[1698]: Received disconnect from 43.255.190.164: 11:  [preauth]
Apr 11 07:32:02 ovzhost sshd[1698]: PAM 2 more authentication failures; logname= uid=0 euid=0 tty=ssh ruser= rhost=43.255.190.164  user=root
Apr 11 07:32:03 ovzhost sshd[1702]: pam_unix(sshd:auth): authentication failure; logname= uid=0 euid=0 tty=ssh ruser= rhost=43.255.190.164  user=root
Apr 11 07:32:04 ovzhost sshd[1696]: Failed password for root from 58.218.204.226 port 58187 ssh2
Apr 11 07:32:05 ovzhost sshd[1702]: Failed password for root from 43.255.190.164 port 48083 ssh2
Apr 11 07:32:06 ovzhost sshd[1700]: message repeated 2 times: [ Failed password for root from 43.255.190.168 port 46840 ssh2]
Apr 11 07:32:07 ovzhost sshd[1700]: Received disconnect from 43.255.190.168: 11:  [preauth]
Apr 11 07:32:07 ovzhost sshd[1700]: PAM 2 more authentication failures; logname= uid=0 euid=0 tty=ssh ruser= rhost=43.255.190.168  user=root
Apr 11 07:32:07 ovzhost sshd[1704]: pam_unix(sshd:auth): authentication failure; logname= uid=0 euid=0 tty=ssh ruser= rhost=43.255.190.168  user=root
Apr 11 07:32:09 ovzhost sshd[1704]: Failed password for root from 43.255.190.168 port 33770 ssh2
Apr 11 07:32:09 ovzhost sshd[1702]: message repeated 2 times: [ Failed password for root from 43.255.190.164 port 48083 ssh2]
Apr 11 07:32:10 ovzhost sshd[1702]: Received disconnect from 43.255.190.164: 11:  [preauth]
Apr 11 07:32:10 ovzhost sshd[1702]: PAM 2 more authentication failures; logname= uid=0 euid=0 tty=ssh ruser= rhost=43.255.190.164  user=root
Apr 11 07:32:09 ovzhost sshd[1696]: message repeated 2 times: [ Failed password for root from 58.218.204.226 port 58187 ssh2]
Apr 11 07:32:10 ovzhost sshd[1696]: Received disconnect from 58.218.204.226: 11:  [preauth]
Apr 11 07:32:10 ovzhost sshd[1696]: PAM 2 more authentication failures; logname= uid=0 euid=0 tty=ssh ruser= rhost=58.218.204.226  user=root
Apr 11 07:32:12 ovzhost sshd[1706]: pam_unix(sshd:auth): authentication failure; logname= uid=0 euid=0 tty=ssh ruser= rhost=43.255.190.164  user=root
Apr 11 07:32:13 ovzhost sshd[1706]: Failed password for root from 43.255.190.164 port 37863 ssh2
Apr 11 07:32:14 ovzhost sshd[1704]: message repeated 2 times: [ Failed password for root from 43.255.190.168 port 33770 ssh2]
Apr 11 07:32:14 ovzhost sshd[1704]: Received disconnect from 43.255.190.168: 11:  [preauth]
Apr 11 07:32:14 ovzhost sshd[1704]: PAM 2 more authentication failures; logname= uid=0 euid=0 tty=ssh ruser= rhost=43.255.190.168  user=root
Apr 11 07:32:16 ovzhost sshd[1710]: pam_unix(sshd:auth): authentication failure; logname= uid=0 euid=0 tty=ssh ruser= rhost=43.255.190.168  user=root
Apr 11 07:32:17 ovzhost sshd[1708]: pam_unix(sshd:auth): authentication failure; logname= uid=0 euid=0 tty=ssh ruser= rhost=58.218.204.226  user=root
Apr 11 07:32:18 ovzhost sshd[1710]: Failed password for root from 43.255.190.168 port 48852 ssh2
Apr 11 07:32:19 ovzhost sshd[1708]: Failed password for root from 58.218.204.226 port 33586 ssh2
Apr 11 07:32:18 ovzhost sshd[1706]: message repeated 2 times: [ Failed password for root from 43.255.190.164 port 37863 ssh2]
Apr 11 07:32:19 ovzhost sshd[1706]: Received disconnect from 43.255.190.164: 11:  [preauth]
Apr 11 07:32:19 ovzhost sshd[1706]: PAM 2 more authentication failures; logname= uid=0 euid=0 tty=ssh ruser= rhost=43.255.190.164  user=root
Apr 11 07:32:20 ovzhost sshd[1717]: Connection closed by 127.0.0.1 [preauth]
Apr 11 07:32:20 ovzhost sshd[1714]: pam_unix(sshd:auth): authentication failure; logname= uid=0 euid=0 tty=ssh ruser= rhost=43.255.190.164  user=root
Apr 11 07:32:22 ovzhost sshd[1710]: message repeated 2 times: [ Failed password for root from 43.255.190.168 port 48852 ssh2]
Apr 11 07:32:22 ovzhost sshd[1710]: Received disconnect from 43.255.190.168: 11:  [preauth]
Apr 11 07:32:22 ovzhost sshd[1710]: PAM 2 more authentication failures; logname= uid=0 euid=0 tty=ssh ruser= rhost=43.255.190.168  user=root
Apr 11 07:32:22 ovzhost sshd[1714]: Failed password for root from 43.255.190.164 port 59744 ssh2
Apr 11 07:32:23 ovzhost sshd[1708]: message repeated 2 times: [ Failed password for root from 58.218.204.226 port 33586 ssh2]
Apr 11 07:32:24 ovzhost sshd[1708]: Received disconnect from 58.218.204.226: 11:  [preauth]
Apr 11 07:32:24 ovzhost sshd[1708]: PAM 2 more authentication failures; logname= uid=0 euid=0 tty=ssh ruser= rhost=58.218.204.226  user=root
Apr 11 07:32:27 ovzhost sshd[1714]: message repeated 2 times: [ Failed password for root from 43.255.190.164 port 59744 ssh2]
Apr 11 07:32:27 ovzhost sshd[1714]: Received disconnect from 43.255.190.164: 11:  [preauth]
Apr 11 07:32:27 ovzhost sshd[1714]: PAM 2 more authentication failures; logname= uid=0 euid=0 tty=ssh ruser= rhost=43.255.190.164  user=root
Apr 11 07:32:29 ovzhost sshd[1719]: pam_unix(sshd:auth): authentication failure; logname= uid=0 euid=0 tty=ssh ruser= rhost=43.255.190.168  user=root
Apr 11 07:32:30 ovzhost sshd[1721]: pam_unix(sshd:auth): authentication failure; logname= uid=0 euid=0 tty=ssh ruser= rhost=58.218.204.226  user=root
Apr 11 07:32:30 ovzhost sshd[1723]: pam_unix(sshd:auth): authentication failure; logname= uid=0 euid=0 tty=ssh ruser= rhost=43.255.190.164  user=root
Apr 11 07:32:31 ovzhost sshd[1719]: Failed password for root from 43.255.190.168 port 38950 ssh2
Apr 11 07:32:32 ovzhost sshd[1721]: Failed password for root from 58.218.204.226 port 59667 ssh2
Apr 11 07:32:32 ovzhost sshd[1723]: Failed password for root from 43.255.190.164 port 52393 ssh2
Apr 11 07:32:36 ovzhost sshd[1723]: message repeated 2 times: [ Failed password for root from 43.255.190.164 port 52393 ssh2]
Apr 11 07:32:37 ovzhost sshd[1723]: Received disconnect from 43.255.190.164: 11:  [preauth]
Apr 11 07:32:37 ovzhost sshd[1723]: PAM 2 more authentication failures; logname= uid=0 euid=0 tty=ssh ruser= rhost=43.255.190.164  user=root
Apr 11 07:32:36 ovzhost sshd[1719]: message repeated 2 times: [ Failed password for root from 43.255.190.168 port 38950 ssh2]
Apr 11 07:32:37 ovzhost sshd[1719]: Received disconnect from 43.255.190.168: 11:  [preauth]
Apr 11 07:32:37 ovzhost sshd[1719]: PAM 2 more authentication failures; logname= uid=0 euid=0 tty=ssh ruser= rhost=43.255.190.168  user=root
Apr 11 07:32:40 ovzhost sshd[1727]: pam_unix(sshd:auth): authentication failure; logname= uid=0 euid=0 tty=ssh ruser= rhost=43.255.190.164  user=root
Apr 11 07:32:37 ovzhost sshd[1721]: message repeated 2 times: [ Failed password for root from 58.218.204.226 port 59667 ssh2]
Apr 11 07:32:40 ovzhost sshd[1721]: Received disconnect from 58.218.204.226: 11:  [preauth]
Apr 11 07:32:40 ovzhost sshd[1721]: PAM 2 more authentication failures; logname= uid=0 euid=0 tty=ssh ruser= rhost=58.218.204.226  user=root
Apr 11 07:32:40 ovzhost sshd[1725]: pam_unix(sshd:auth): authentication failure; logname= uid=0 euid=0 tty=ssh ruser= rhost=43.255.190.168  user=root
Apr 11 07:32:42 ovzhost sshd[1727]: Failed password for root from 43.255.190.164 port 45725 ssh2
Apr 11 07:32:42 ovzhost sshd[1725]: Failed password for root from 43.255.190.168 port 39669 ssh2
Apr 11 07:32:43 ovzhost sshd[1729]: pam_unix(sshd:auth): authentication failure; logname= uid=0 euid=0 tty=ssh ruser= rhost=58.218.204.226  user=root
Apr 11 07:32:45 ovzhost sshd[1729]: Failed password for root from 58.218.204.226 port 33475 ssh2
Apr 11 07:32:46 ovzhost sshd[1731]: Invalid user zenoss from 221.146.74.146
Apr 11 07:32:46 ovzhost sshd[1731]: input_userauth_request: invalid user zenoss [preauth]
Apr 11 07:32:46 ovzhost sshd[1731]: pam_unix(sshd:auth): check pass; user unknown
Apr 11 07:32:46 ovzhost sshd[1731]: pam_unix(sshd:auth): authentication failure; logname= uid=0 euid=0 tty=ssh ruser= rhost=221.146.74.146 
Apr 11 07:32:46 ovzhost sshd[1727]: message repeated 2 times: [ Failed password for root from 43.255.190.164 port 45725 ssh2]
Apr 11 07:32:46 ovzhost sshd[1727]: Received disconnect from 43.255.190.164: 11:  [preauth]
Apr 11 07:32:46 ovzhost sshd[1727]: PAM 2 more authentication failures; logname= uid=0 euid=0 tty=ssh ruser= rhost=43.255.190.164  user=root
Apr 11 07:32:46 ovzhost sshd[1725]: message repeated 2 times: [ Failed password for root from 43.255.190.168 port 39669 ssh2]
Apr 11 07:32:46 ovzhost sshd[1725]: Received disconnect from 43.255.190.168: 11:  [preauth]
Apr 11 07:32:46 ovzhost sshd[1725]: PAM 2 more authentication failures; logname= uid=0 euid=0 tty=ssh ruser= rhost=43.255.190.168  user=root
Apr 11 07:32:47 ovzhost sshd[1735]: pam_unix(sshd:auth): authentication failure; logname= uid=0 euid=0 tty=ssh ruser= rhost=43.255.190.168  user=root
Apr 11 07:32:47 ovzhost sshd[1733]: pam_unix(sshd:auth): authentication failure; logname= uid=0 euid=0 tty=ssh ruser= rhost=43.255.190.164  user=root
Apr 11 07:32:48 ovzhost sshd[1731]: Failed password for invalid user zenoss from 221.146.74.146 port 20552 ssh2
Apr 11 07:32:49 ovzhost sshd[1731]: Connection closed by 221.146.74.146 [preauth]
Apr 11 07:32:49 ovzhost sshd[1735]: Failed password for root from 43.255.190.168 port 60046 ssh2
Apr 11 07:32:49 ovzhost sshd[1733]: Failed password for root from 43.255.190.164 port 39867 ssh2
Apr 11 07:32:53 ovzhost sshd[1729]: message repeated 2 times: [ Failed password for root from 58.218.204.226 port 33475 ssh2]
Apr 11 07:32:53 ovzhost sshd[1729]: Received disconnect from 58.218.204.226: 11:  [preauth]
Apr 11 07:32:53 ovzhost sshd[1729]: PAM 2 more authentication failures; logname= uid=0 euid=0 tty=ssh ruser= rhost=58.218.204.226  user=root
Apr 11 07:32:54 ovzhost sshd[1735]: message repeated 2 times: [ Failed password for root from 43.255.190.168 port 60046 ssh2]
Apr 11 07:32:55 ovzhost sshd[1735]: Received disconnect from 43.255.190.168: 11:  [preauth]
Apr 11 07:32:55 ovzhost sshd[1735]: PAM 2 more authentication failures; logname= uid=0 euid=0 tty=ssh ruser= rhost=43.255.190.168  user=root
Apr 11 07:32:55 ovzhost sshd[1733]: message repeated 2 times: [ Failed password for root from 43.255.190.164 port 39867 ssh2]
Apr 11 07:32:55 ovzhost sshd[1733]: Received disconnect from 43.255.190.164: 11:  [preauth]
Apr 11 07:32:55 ovzhost sshd[1733]: PAM 2 more authentication failures; logname= uid=0 euid=0 tty=ssh ruser= rhost=43.255.190.164  user=root
Apr 11 07:32:56 ovzhost sshd[1737]: pam_unix(sshd:auth): authentication failure; logname= uid=0 euid=0 tty=ssh ruser= rhost=58.218.204.226  user=root
Apr 11 07:32:58 ovzhost sshd[1737]: Failed password for root from 58.218.204.226 port 58048 ssh2
Apr 11 07:33:03 ovzhost sshd[1737]: message repeated 2 times: [ Failed password for root from 58.218.204.226 port 58048 ssh2]
Apr 11 07:33:09 ovzhost sshd[1737]: Received disconnect from 58.218.204.226: 11:  [preauth]
Apr 11 07:33:09 ovzhost sshd[1737]: PAM 2 more authentication failures; logname= uid=0 euid=0 tty=ssh ruser= rhost=58.218.204.226  user=root
Apr 11 07:33:11 ovzhost sshd[1740]: pam_unix(sshd:auth): authentication failure; logname= uid=0 euid=0 tty=ssh ruser= rhost=58.218.204.226  user=root
Apr 11 07:33:13 ovzhost sshd[1742]: Invalid user trouble from 80.242.123.130
Apr 11 07:33:13 ovzhost sshd[1742]: input_userauth_request: invalid user trouble [preauth]
Apr 11 07:33:13 ovzhost sshd[1742]: pam_unix(sshd:auth): check pass; user unknown
Apr 11 07:33:13 ovzhost sshd[1742]: pam_unix(sshd:auth): authentication failure; logname= uid=0 euid=0 tty=ssh ruser= rhost=130-123-242-80.pppoe.dyn.broadband.blic.net 
Apr 11 07:33:13 ovzhost sshd[1740]: Failed password for root from 58.218.204.226 port 57281 ssh2
Apr 11 07:33:15 ovzhost sshd[1742]: Failed password for invalid user trouble from 80.242.123.130 port 53540 ssh2
Apr 11 07:33:15 ovzhost sshd[1742]: Received disconnect from 80.242.123.130: 11: Bye Bye [preauth]
Apr 11 07:33:19 ovzhost sshd[1740]: message repeated 2 times: [ Failed password for root from 58.218.204.226 port 57281 ssh2]
Apr 11 07:33:19 ovzhost sshd[1740]: Received disconnect from 58.218.204.226: 11:  [preauth]
Apr 11 07:33:19 ovzhost sshd[1740]: PAM 2 more authentication failures; logname= uid=0 euid=0 tty=ssh ruser= rhost=58.218.204.226  user=root
Apr 11 07:33:21 ovzhost sshd[1744]: pam_unix(sshd:auth): authentication failure; logname= uid=0 euid=0 tty=ssh ruser= rhost=58.218.204.226  user=root
Apr 11 07:33:23 ovzhost sshd[1744]: Failed password for root from 58.218.204.226 port 52168 ssh2
Apr 11 07:33:28 ovzhost sshd[1744]: message repeated 2 times: [ Failed password for root from 58.218.204.226 port 52168 ssh2]
Apr 11 07:33:28 ovzhost sshd[1744]: Received disconnect from 58.218.204.226: 11:  [preauth]
Apr 11 07:33:28 ovzhost sshd[1744]: PAM 2 more authentication failures; logname= uid=0 euid=0 tty=ssh ruser= rhost=58.218.204.226  user=root
Apr 11 07:33:37 ovzhost sshd[1746]: pam_unix(sshd:auth): authentication failure; logname= uid=0 euid=0 tty=ssh ruser= rhost=58.218.204.226  user=root
Apr 11 07:33:39 ovzhost sshd[1746]: Failed password for root from 58.218.204.226 port 41808 ssh2
Apr 11 07:33:45 ovzhost sshd[1746]: message repeated 2 times: [ Failed password for root from 58.218.204.226 port 41808 ssh2]
Apr 11 07:33:45 ovzhost sshd[1746]: Received disconnect from 58.218.204.226: 11:  [preauth]
Apr 11 07:33:45 ovzhost sshd[1746]: PAM 2 more authentication failures; logname= uid=0 euid=0 tty=ssh ruser= rhost=58.218.204.226  user=root
Apr 11 07:33:48 ovzhost sshd[1750]: pam_unix(sshd:auth): authentication failure; logname= uid=0 euid=0 tty=ssh ruser= rhost=58.218.204.226  user=root
Apr 11 07:33:50 ovzhost sshd[1750]: Failed password for root from 58.218.204.226 port 45314 ssh2
Apr 11 07:33:55 ovzhost sshd[1750]: message repeated 2 times: [ Failed password for root from 58.218.204.226 port 45314 ssh2]
Apr 11 07:33:55 ovzhost sshd[1750]: Received disconnect from 58.218.204.226: 11:  [preauth]
Apr 11 07:33:55 ovzhost sshd[1750]: PAM 2 more authentication failures; logname= uid=0 euid=0 tty=ssh ruser= rhost=58.218.204.226  user=root
Apr 11 07:33:57 ovzhost sshd[1754]: pam_unix(sshd:auth): authentication failure; logname= uid=0 euid=0 tty=ssh ruser= rhost=58.218.204.226  user=root
Apr 11 07:33:59 ovzhost sshd[1754]: Failed password for root from 58.218.204.226 port 37129 ssh2
Apr 11 07:34:05 ovzhost sshd[1754]: message repeated 2 times: [ Failed password for root from 58.218.204.226 port 37129 ssh2]
Apr 11 07:34:06 ovzhost sshd[1754]: Received disconnect from 58.218.204.226: 11:  [preauth]
Apr 11 07:34:06 ovzhost sshd[1754]: PAM 2 more authentication failures; logname= uid=0 euid=0 tty=ssh ruser= rhost=58.218.204.226  user=root
Apr 11 07:34:08 ovzhost sshd[1756]: pam_unix(sshd:auth): authentication failure; logname= uid=0 euid=0 tty=ssh ruser= rhost=58.218.204.226  user=root
Apr 11 07:34:10 ovzhost sshd[1756]: Failed password for root from 58.218.204.226 port 59750 ssh2
Apr 11 07:34:15 ovzhost sshd[1756]: message repeated 2 times: [ Failed password for root from 58.218.204.226 port 59750 ssh2]
Apr 11 07:34:15 ovzhost sshd[1756]: Received disconnect from 58.218.204.226: 11:  [preauth]
Apr 11 07:34:15 ovzhost sshd[1756]: PAM 2 more authentication failures; logname= uid=0 euid=0 tty=ssh ruser= rhost=58.218.204.226  user=root
Apr 11 07:34:21 ovzhost sshd[1758]: pam_unix(sshd:auth): authentication failure; logname= uid=0 euid=0 tty=ssh ruser= rhost=58.218.204.226  user=root
Apr 11 07:34:23 ovzhost sshd[1758]: Failed password for root from 58.218.204.226 port 53804 ssh2
Apr 11 07:34:28 ovzhost sshd[1758]: message repeated 2 times: [ Failed password for root from 58.218.204.226 port 53804 ssh2]
Apr 11 07:34:28 ovzhost sshd[1758]: Received disconnect from 58.218.204.226: 11:  [preauth]
Apr 11 07:34:28 ovzhost sshd[1758]: PAM 2 more authentication failures; logname= uid=0 euid=0 tty=ssh ruser= rhost=58.218.204.226  user=root
