Mar 31 17:16:56 ovzhost sudo:     root : unable to resolve host ovzhost
Mar 31 17:16:56 ovzhost sudo:     root : TTY=pts/0 ; PWD=/ ; USER=root ; COMMAND=/usr/bin/less /root/.bash_history
Mar 31 17:16:56 ovzhost sudo: pam_unix(sudo:session): session opened for user root by (uid=0)
Mar 31 17:16:57 ovzhost sudo: pam_unix(sudo:session): session closed for user root
Apr  2 14:31:13 ovzhost sshd[419]: Server listening on 0.0.0.0 port 22.
Apr  2 14:31:13 ovzhost sshd[419]: Server listening on :: port 22.
Apr  2 14:31:13 ovzhost saslauthd[637]: detach_tty      : master pid is: 637
Apr  2 14:31:13 ovzhost saslauthd[637]: ipc_init        : listening on socket: /var/run/saslauthd/mux
Apr  2 14:33:26 ovzhost sshd[797]: Connection closed by 127.0.0.1 [preauth]
Apr 11 06:37:20 ovzhost sshd[782]: Connection closed by 127.0.0.1 [preauth]
Apr 11 06:39:01 ovzhost CRON[792]: pam_env(cron:session): Unable to open env file: /etc/default/locale: No such file or directory
Apr 11 06:39:01 ovzhost CRON[792]: pam_unix(cron:session): session opened for user root by (uid=0)
Apr 11 06:39:01 ovzhost CRON[792]: pam_unix(cron:session): session closed for user root
Apr 11 06:40:01 ovzhost CRON[807]: pam_env(cron:session): Unable to open env file: /etc/default/locale: No such file or directory
Apr 11 06:40:01 ovzhost CRON[807]: pam_unix(cron:session): session opened for user smmsp by (uid=0)
Apr 11 06:40:01 ovzhost CRON[807]: pam_unix(cron:session): session closed for user smmsp
Apr 11 06:40:27 ovzhost sshd[834]: Connection closed by 128.8.37.104 [preauth]
Apr 11 06:42:20 ovzhost sshd[845]: Connection closed by 127.0.0.1 [preauth]
Apr 11 06:47:20 ovzhost sshd[864]: Connection closed by 127.0.0.1 [preauth]
Apr 11 06:49:48 ovzhost sshd[877]: Invalid user zabbix from 221.146.74.146
Apr 11 06:49:48 ovzhost sshd[877]: input_userauth_request: invalid user zabbix [preauth]
Apr 11 06:49:48 ovzhost sshd[877]: pam_unix(sshd:auth): check pass; user unknown
Apr 11 06:49:48 ovzhost sshd[877]: pam_unix(sshd:auth): authentication failure; logname= uid=0 euid=0 tty=ssh ruser= rhost=221.146.74.146 
Apr 11 06:49:49 ovzhost sshd[877]: Failed password for invalid user zabbix from 221.146.74.146 port 38908 ssh2
Apr 11 06:49:49 ovzhost sshd[877]: Connection closed by 221.146.74.146 [preauth]
Apr 11 06:50:27 ovzhost sshd[881]: Connection closed by 128.8.37.104 [preauth]
Apr 11 06:52:20 ovzhost sshd[892]: Connection closed by 127.0.0.1 [preauth]
Apr 11 06:57:20 ovzhost sshd[911]: Connection closed by 127.0.0.1 [preauth]
Apr 11 06:58:29 ovzhost sshd[919]: pam_unix(sshd:auth): authentication failure; logname= uid=0 euid=0 tty=ssh ruser= rhost=43.255.190.165  user=root
Apr 11 06:58:31 ovzhost sshd[919]: Failed password for root from 43.255.190.165 port 40685 ssh2
Apr 11 06:58:35 ovzhost sshd[921]: pam_unix(sshd:auth): authentication failure; logname= uid=0 euid=0 tty=ssh ruser= rhost=43.255.190.165  user=root
Apr 11 06:58:35 ovzhost sshd[919]: message repeated 2 times: [ Failed password for root from 43.255.190.165 port 40685 ssh2]
Apr 11 06:58:35 ovzhost sshd[919]: Received disconnect from 43.255.190.165: 11:  [preauth]
Apr 11 06:58:35 ovzhost sshd[919]: PAM 2 more authentication failures; logname= uid=0 euid=0 tty=ssh ruser= rhost=43.255.190.165  user=root
Apr 11 06:58:36 ovzhost sshd[923]: pam_unix(sshd:auth): authentication failure; logname= uid=0 euid=0 tty=ssh ruser= rhost=43.255.190.165  user=root
Apr 11 06:58:37 ovzhost sshd[921]: Failed password for root from 43.255.190.165 port 55220 ssh2
Apr 11 06:58:38 ovzhost sshd[923]: Failed password for root from 43.255.190.165 port 57229 ssh2
Apr 11 06:58:41 ovzhost sshd[921]: message repeated 2 times: [ Failed password for root from 43.255.190.165 port 55220 ssh2]
Apr 11 06:58:41 ovzhost sshd[921]: Received disconnect from 43.255.190.165: 11:  [preauth]
Apr 11 06:58:41 ovzhost sshd[921]: PAM 2 more authentication failures; logname= uid=0 euid=0 tty=ssh ruser= rhost=43.255.190.165  user=root
Apr 11 06:58:41 ovzhost sshd[925]: pam_unix(sshd:auth): authentication failure; logname= uid=0 euid=0 tty=ssh ruser= rhost=43.255.190.165  user=root
Apr 11 06:58:42 ovzhost sshd[923]: message repeated 2 times: [ Failed password for root from 43.255.190.165 port 57229 ssh2]
Apr 11 06:58:42 ovzhost sshd[923]: Received disconnect from 43.255.190.165: 11:  [preauth]
Apr 11 06:58:42 ovzhost sshd[923]: PAM 2 more authentication failures; logname= uid=0 euid=0 tty=ssh ruser= rhost=43.255.190.165  user=root
Apr 11 06:58:43 ovzhost sshd[927]: pam_unix(sshd:auth): authentication failure; logname= uid=0 euid=0 tty=ssh ruser= rhost=43.255.190.165  user=root
Apr 11 06:58:44 ovzhost sshd[925]: Failed password for root from 43.255.190.165 port 43447 ssh2
Apr 11 06:58:45 ovzhost sshd[927]: Failed password for root from 43.255.190.165 port 46569 ssh2
Apr 11 06:58:47 ovzhost sshd[925]: message repeated 2 times: [ Failed password for root from 43.255.190.165 port 43447 ssh2]
Apr 11 06:58:48 ovzhost sshd[925]: Received disconnect from 43.255.190.165: 11:  [preauth]
Apr 11 06:58:48 ovzhost sshd[925]: PAM 2 more authentication failures; logname= uid=0 euid=0 tty=ssh ruser= rhost=43.255.190.165  user=root
Apr 11 06:58:48 ovzhost sshd[929]: pam_unix(sshd:auth): authentication failure; logname= uid=0 euid=0 tty=ssh ruser= rhost=43.255.190.165  user=root
Apr 11 06:58:49 ovzhost sshd[927]: message repeated 2 times: [ Failed password for root from 43.255.190.165 port 46569 ssh2]
Apr 11 06:58:49 ovzhost sshd[927]: Received disconnect from 43.255.190.165: 11:  [preauth]
Apr 11 06:58:49 ovzhost sshd[927]: PAM 2 more authentication failures; logname= uid=0 euid=0 tty=ssh ruser= rhost=43.255.190.165  user=root
Apr 11 06:58:50 ovzhost sshd[931]: pam_unix(sshd:auth): authentication failure; logname= uid=0 euid=0 tty=ssh ruser= rhost=43.255.190.165  user=root
Apr 11 06:58:50 ovzhost sshd[929]: Failed password for root from 43.255.190.165 port 60309 ssh2
Apr 11 06:58:52 ovzhost sshd[931]: Failed password for root from 43.255.190.165 port 35982 ssh2
Apr 11 06:58:55 ovzhost sshd[929]: message repeated 2 times: [ Failed password for root from 43.255.190.165 port 60309 ssh2]
Apr 11 06:58:55 ovzhost sshd[929]: Received disconnect from 43.255.190.165: 11:  [preauth]
Apr 11 06:58:55 ovzhost sshd[929]: PAM 2 more authentication failures; logname= uid=0 euid=0 tty=ssh ruser= rhost=43.255.190.165  user=root
Apr 11 06:58:55 ovzhost sshd[933]: pam_unix(sshd:auth): authentication failure; logname= uid=0 euid=0 tty=ssh ruser= rhost=43.255.190.165  user=root
Apr 11 06:58:56 ovzhost sshd[931]: message repeated 2 times: [ Failed password for root from 43.255.190.165 port 35982 ssh2]
Apr 11 06:58:56 ovzhost sshd[931]: Received disconnect from 43.255.190.165: 11:  [preauth]
Apr 11 06:58:56 ovzhost sshd[931]: PAM 2 more authentication failures; logname= uid=0 euid=0 tty=ssh ruser= rhost=43.255.190.165  user=root
Apr 11 06:58:56 ovzhost sshd[937]: pam_unix(sshd:auth): authentication failure; logname= uid=0 euid=0 tty=ssh ruser= rhost=43.255.190.165  user=root
Apr 11 06:58:57 ovzhost sshd[933]: Failed password for root from 43.255.190.165 port 48775 ssh2
Apr 11 06:58:58 ovzhost sshd[937]: Failed password for root from 43.255.190.165 port 52402 ssh2
Apr 11 06:59:02 ovzhost sshd[933]: message repeated 2 times: [ Failed password for root from 43.255.190.165 port 48775 ssh2]
Apr 11 06:59:02 ovzhost sshd[933]: Received disconnect from 43.255.190.165: 11:  [preauth]
Apr 11 06:59:02 ovzhost sshd[933]: PAM 2 more authentication failures; logname= uid=0 euid=0 tty=ssh ruser= rhost=43.255.190.165  user=root
Apr 11 06:59:02 ovzhost sshd[937]: message repeated 2 times: [ Failed password for root from 43.255.190.165 port 52402 ssh2]
Apr 11 06:59:03 ovzhost sshd[937]: Received disconnect from 43.255.190.165: 11:  [preauth]
Apr 11 06:59:03 ovzhost sshd[937]: PAM 2 more authentication failures; logname= uid=0 euid=0 tty=ssh ruser= rhost=43.255.190.165  user=root
Apr 11 06:59:04 ovzhost sshd[939]: pam_unix(sshd:auth): authentication failure; logname= uid=0 euid=0 tty=ssh ruser= rhost=43.255.190.165  user=root
Apr 11 06:59:05 ovzhost sshd[941]: pam_unix(sshd:auth): authentication failure; logname= uid=0 euid=0 tty=ssh ruser= rhost=43.255.190.165  user=root
Apr 11 06:59:06 ovzhost sshd[939]: Failed password for root from 43.255.190.165 port 37199 ssh2
Apr 11 06:59:07 ovzhost sshd[941]: Failed password for root from 43.255.190.165 port 39079 ssh2
Apr 11 06:59:10 ovzhost sshd[939]: message repeated 2 times: [ Failed password for root from 43.255.190.165 port 37199 ssh2]
Apr 11 06:59:10 ovzhost sshd[939]: Received disconnect from 43.255.190.165: 11:  [preauth]
Apr 11 06:59:10 ovzhost sshd[939]: PAM 2 more authentication failures; logname= uid=0 euid=0 tty=ssh ruser= rhost=43.255.190.165  user=root
Apr 11 06:59:11 ovzhost sshd[943]: pam_unix(sshd:auth): authentication failure; logname= uid=0 euid=0 tty=ssh ruser= rhost=43.255.190.165  user=root
Apr 11 06:59:11 ovzhost sshd[941]: message repeated 2 times: [ Failed password for root from 43.255.190.165 port 39079 ssh2]
Apr 11 06:59:11 ovzhost sshd[941]: Received disconnect from 43.255.190.165: 11:  [preauth]
Apr 11 06:59:11 ovzhost sshd[941]: PAM 2 more authentication failures; logname= uid=0 euid=0 tty=ssh ruser= rhost=43.255.190.165  user=root
Apr 11 06:59:11 ovzhost sshd[945]: pam_unix(sshd:auth): authentication failure; logname= uid=0 euid=0 tty=ssh ruser= rhost=43.255.190.165  user=root
Apr 11 06:59:13 ovzhost sshd[943]: Failed password for root from 43.255.190.165 port 57019 ssh2
Apr 11 06:59:14 ovzhost sshd[945]: Failed password for root from 43.255.190.165 port 59232 ssh2
Apr 11 06:59:17 ovzhost sshd[943]: message repeated 2 times: [ Failed password for root from 43.255.190.165 port 57019 ssh2]
Apr 11 06:59:17 ovzhost sshd[943]: Received disconnect from 43.255.190.165: 11:  [preauth]
Apr 11 06:59:17 ovzhost sshd[943]: PAM 2 more authentication failures; logname= uid=0 euid=0 tty=ssh ruser= rhost=43.255.190.165  user=root
Apr 11 06:59:18 ovzhost sshd[947]: pam_unix(sshd:auth): authentication failure; logname= uid=0 euid=0 tty=ssh ruser= rhost=43.255.190.165  user=root
Apr 11 06:59:18 ovzhost sshd[945]: message repeated 2 times: [ Failed password for root from 43.255.190.165 port 59232 ssh2]
Apr 11 06:59:18 ovzhost sshd[945]: Received disconnect from 43.255.190.165: 11:  [preauth]
Apr 11 06:59:18 ovzhost sshd[945]: PAM 2 more authentication failures; logname= uid=0 euid=0 tty=ssh ruser= rhost=43.255.190.165  user=root
Apr 11 06:59:19 ovzhost sshd[949]: pam_unix(sshd:auth): authentication failure; logname= uid=0 euid=0 tty=ssh ruser= rhost=43.255.190.165  user=root
Apr 11 06:59:20 ovzhost sshd[947]: Failed password for root from 43.255.190.165 port 46791 ssh2
Apr 11 06:59:21 ovzhost sshd[949]: Failed password for root from 43.255.190.165 port 49132 ssh2
Apr 11 06:59:24 ovzhost sshd[947]: message repeated 2 times: [ Failed password for root from 43.255.190.165 port 46791 ssh2]
Apr 11 06:59:24 ovzhost sshd[947]: Received disconnect from 43.255.190.165: 11:  [preauth]
Apr 11 06:59:24 ovzhost sshd[947]: PAM 2 more authentication failures; logname= uid=0 euid=0 tty=ssh ruser= rhost=43.255.190.165  user=root
Apr 11 06:59:25 ovzhost sshd[949]: message repeated 2 times: [ Failed password for root from 43.255.190.165 port 49132 ssh2]
Apr 11 06:59:26 ovzhost sshd[949]: Received disconnect from 43.255.190.165: 11:  [preauth]
Apr 11 06:59:26 ovzhost sshd[949]: PAM 2 more authentication failures; logname= uid=0 euid=0 tty=ssh ruser= rhost=43.255.190.165  user=root
Apr 11 06:59:27 ovzhost sshd[956]: pam_unix(sshd:auth): authentication failure; logname= uid=0 euid=0 tty=ssh ruser= rhost=43.255.190.165  user=root
Apr 11 06:59:28 ovzhost sshd[953]: pam_unix(sshd:auth): authentication failure; logname= uid=0 euid=0 tty=ssh ruser= rhost=43.255.190.165  user=root
Apr 11 06:59:29 ovzhost sshd[956]: Failed password for root from 43.255.190.165 port 39857 ssh2
Apr 11 06:59:30 ovzhost sshd[953]: Failed password for root from 43.255.190.165 port 35184 ssh2
Apr 11 06:59:33 ovzhost sshd[956]: message repeated 2 times: [ Failed password for root from 43.255.190.165 port 39857 ssh2]
Apr 11 06:59:33 ovzhost sshd[956]: Received disconnect from 43.255.190.165: 11:  [preauth]
Apr 11 06:59:33 ovzhost sshd[956]: PAM 2 more authentication failures; logname= uid=0 euid=0 tty=ssh ruser= rhost=43.255.190.165  user=root
Apr 11 06:59:34 ovzhost sshd[958]: pam_unix(sshd:auth): authentication failure; logname= uid=0 euid=0 tty=ssh ruser= rhost=43.255.190.165  user=root
Apr 11 06:59:34 ovzhost sshd[953]: message repeated 2 times: [ Failed password for root from 43.255.190.165 port 35184 ssh2]
Apr 11 06:59:34 ovzhost sshd[953]: Received disconnect from 43.255.190.165: 11:  [preauth]
Apr 11 06:59:34 ovzhost sshd[953]: PAM 2 more authentication failures; logname= uid=0 euid=0 tty=ssh ruser= rhost=43.255.190.165  user=root
Apr 11 06:59:35 ovzhost sshd[960]: pam_unix(sshd:auth): authentication failure; logname= uid=0 euid=0 tty=ssh ruser= rhost=43.255.190.165  user=root
Apr 11 06:59:36 ovzhost sshd[958]: Failed password for root from 43.255.190.165 port 57224 ssh2
Apr 11 06:59:37 ovzhost sshd[960]: Failed password for root from 43.255.190.165 port 58879 ssh2
Apr 11 06:59:40 ovzhost sshd[958]: message repeated 2 times: [ Failed password for root from 43.255.190.165 port 57224 ssh2]
Apr 11 06:59:40 ovzhost sshd[958]: Received disconnect from 43.255.190.165: 11:  [preauth]
Apr 11 06:59:40 ovzhost sshd[958]: PAM 2 more authentication failures; logname= uid=0 euid=0 tty=ssh ruser= rhost=43.255.190.165  user=root
Apr 11 06:59:41 ovzhost sshd[962]: pam_unix(sshd:auth): authentication failure; logname= uid=0 euid=0 tty=ssh ruser= rhost=43.255.190.165  user=root
Apr 11 06:59:41 ovzhost sshd[960]: message repeated 2 times: [ Failed password for root from 43.255.190.165 port 58879 ssh2]
Apr 11 06:59:41 ovzhost sshd[960]: Received disconnect from 43.255.190.165: 11:  [preauth]
Apr 11 06:59:41 ovzhost sshd[960]: PAM 2 more authentication failures; logname= uid=0 euid=0 tty=ssh ruser= rhost=43.255.190.165  user=root
Apr 11 06:59:42 ovzhost sshd[964]: pam_unix(sshd:auth): authentication failure; logname= uid=0 euid=0 tty=ssh ruser= rhost=43.255.190.165  user=root
Apr 11 06:59:43 ovzhost sshd[962]: Failed password for root from 43.255.190.165 port 45803 ssh2
Apr 11 06:59:44 ovzhost sshd[964]: Failed password for root from 43.255.190.165 port 48329 ssh2
Apr 11 06:59:47 ovzhost sshd[962]: message repeated 2 times: [ Failed password for root from 43.255.190.165 port 45803 ssh2]
Apr 11 06:59:47 ovzhost sshd[962]: Received disconnect from 43.255.190.165: 11:  [preauth]
Apr 11 06:59:47 ovzhost sshd[962]: PAM 2 more authentication failures; logname= uid=0 euid=0 tty=ssh ruser= rhost=43.255.190.165  user=root
Apr 11 06:59:48 ovzhost sshd[966]: pam_unix(sshd:auth): authentication failure; logname= uid=0 euid=0 tty=ssh ruser= rhost=43.255.190.165  user=root
Apr 11 06:59:49 ovzhost sshd[964]: message repeated 2 times: [ Failed password for root from 43.255.190.165 port 48329 ssh2]
Apr 11 06:59:49 ovzhost sshd[964]: Received disconnect from 43.255.190.165: 11:  [preauth]
Apr 11 06:59:49 ovzhost sshd[964]: PAM 2 more authentication failures; logname= uid=0 euid=0 tty=ssh ruser= rhost=43.255.190.165  user=root
Apr 11 06:59:49 ovzhost sshd[966]: Failed password for root from 43.255.190.165 port 34464 ssh2
Apr 11 06:59:50 ovzhost sshd[968]: pam_unix(sshd:auth): authentication failure; logname= uid=0 euid=0 tty=ssh ruser= rhost=43.255.190.165  user=root
Apr 11 06:59:52 ovzhost sshd[968]: Failed password for root from 43.255.190.165 port 37778 ssh2
Apr 11 06:59:54 ovzhost sshd[966]: message repeated 2 times: [ Failed password for root from 43.255.190.165 port 34464 ssh2]
Apr 11 06:59:54 ovzhost sshd[966]: Received disconnect from 43.255.190.165: 11:  [preauth]
Apr 11 06:59:54 ovzhost sshd[966]: PAM 2 more authentication failures; logname= uid=0 euid=0 tty=ssh ruser= rhost=43.255.190.165  user=root
Apr 11 06:59:55 ovzhost sshd[970]: pam_unix(sshd:auth): authentication failure; logname= uid=0 euid=0 tty=ssh ruser= rhost=43.255.190.165  user=root
Apr 11 06:59:56 ovzhost sshd[970]: Failed password for root from 43.255.190.165 port 48711 ssh2
Apr 11 06:59:58 ovzhost sshd[968]: message repeated 2 times: [ Failed password for root from 43.255.190.165 port 37778 ssh2]
Apr 11 06:59:58 ovzhost sshd[968]: Received disconnect from 43.255.190.165: 11:  [preauth]
Apr 11 06:59:58 ovzhost sshd[968]: PAM 2 more authentication failures; logname= uid=0 euid=0 tty=ssh ruser= rhost=43.255.190.165  user=root
Apr 11 06:59:59 ovzhost sshd[973]: pam_unix(sshd:auth): authentication failure; logname= uid=0 euid=0 tty=ssh ruser= rhost=43.255.190.165  user=root
Apr 11 07:00:01 ovzhost CRON[975]: pam_env(cron:session): Unable to open env file: /etc/default/locale: No such file or directory
Apr 11 07:00:01 ovzhost CRON[975]: pam_unix(cron:session): session opened for user smmsp by (uid=0)
Apr 11 07:00:01 ovzhost CRON[975]: pam_unix(cron:session): session closed for user smmsp
Apr 11 07:00:01 ovzhost sshd[970]: message repeated 2 times: [ Failed password for root from 43.255.190.165 port 48711 ssh2]
Apr 11 07:00:01 ovzhost sshd[970]: Received disconnect from 43.255.190.165: 11:  [preauth]
Apr 11 07:00:01 ovzhost sshd[970]: PAM 2 more authentication failures; logname= uid=0 euid=0 tty=ssh ruser= rhost=43.255.190.165  user=root
Apr 11 07:00:01 ovzhost sshd[973]: Failed password for root from 43.255.190.165 port 58530 ssh2
Apr 11 07:00:01 ovzhost sshd[1001]: pam_unix(sshd:auth): authentication failure; logname= uid=0 euid=0 tty=ssh ruser= rhost=43.255.190.165  user=root
Apr 11 07:00:04 ovzhost sshd[1001]: Failed password for root from 43.255.190.165 port 36521 ssh2
Apr 11 07:00:06 ovzhost sshd[973]: message repeated 2 times: [ Failed password for root from 43.255.190.165 port 58530 ssh2]
Apr 11 07:00:06 ovzhost sshd[973]: Received disconnect from 43.255.190.165: 11:  [preauth]
Apr 11 07:00:06 ovzhost sshd[973]: PAM 2 more authentication failures; logname= uid=0 euid=0 tty=ssh ruser= rhost=43.255.190.165  user=root
Apr 11 07:00:06 ovzhost sshd[1003]: pam_unix(sshd:auth): authentication failure; logname= uid=0 euid=0 tty=ssh ruser= rhost=43.255.190.165  user=root
Apr 11 07:00:08 ovzhost sshd[1001]: message repeated 2 times: [ Failed password for root from 43.255.190.165 port 36521 ssh2]
Apr 11 07:00:08 ovzhost sshd[1001]: Received disconnect from 43.255.190.165: 11:  [preauth]
Apr 11 07:00:08 ovzhost sshd[1001]: PAM 2 more authentication failures; logname= uid=0 euid=0 tty=ssh ruser= rhost=43.255.190.165  user=root
Apr 11 07:00:08 ovzhost sshd[1003]: Failed password for root from 43.255.190.165 port 47909 ssh2
Apr 11 07:00:08 ovzhost sshd[1005]: pam_unix(sshd:auth): authentication failure; logname= uid=0 euid=0 tty=ssh ruser= rhost=43.255.190.165  user=root
Apr 11 07:00:11 ovzhost sshd[1005]: Failed password for root from 43.255.190.165 port 52761 ssh2
Apr 11 07:00:13 ovzhost sshd[1003]: message repeated 2 times: [ Failed password for root from 43.255.190.165 port 47909 ssh2]
Apr 11 07:00:13 ovzhost sshd[1003]: Received disconnect from 43.255.190.165: 11:  [preauth]
Apr 11 07:00:13 ovzhost sshd[1003]: PAM 2 more authentication failures; logname= uid=0 euid=0 tty=ssh ruser= rhost=43.255.190.165  user=root
Apr 11 07:00:14 ovzhost sshd[1007]: pam_unix(sshd:auth): authentication failure; logname= uid=0 euid=0 tty=ssh ruser= rhost=43.255.190.165  user=root
Apr 11 07:00:15 ovzhost sshd[1005]: message repeated 2 times: [ Failed password for root from 43.255.190.165 port 52761 ssh2]
Apr 11 07:00:15 ovzhost sshd[1005]: Received disconnect from 43.255.190.165: 11:  [preauth]
Apr 11 07:00:15 ovzhost sshd[1005]: PAM 2 more authentication failures; logname= uid=0 euid=0 tty=ssh ruser= rhost=43.255.190.165  user=root
Apr 11 07:00:16 ovzhost sshd[1007]: Failed password for root from 43.255.190.165 port 35991 ssh2
Apr 11 07:00:16 ovzhost sshd[1009]: pam_unix(sshd:auth): authentication failure; logname= uid=0 euid=0 tty=ssh ruser= rhost=43.255.190.165  user=root
Apr 11 07:00:19 ovzhost sshd[1009]: Failed password for root from 43.255.190.165 port 40991 ssh2
Apr 11 07:00:19 ovzhost sshd[1011]: pam_unix(sshd:auth): authentication failure; logname= uid=0 euid=0 tty=ssh ruser= rhost=221.229.166.98  user=root
Apr 11 07:00:20 ovzhost sshd[1007]: message repeated 2 times: [ Failed password for root from 43.255.190.165 port 35991 ssh2]
Apr 11 07:00:21 ovzhost sshd[1007]: Received disconnect from 43.255.190.165: 11:  [preauth]
Apr 11 07:00:21 ovzhost sshd[1007]: PAM 2 more authentication failures; logname= uid=0 euid=0 tty=ssh ruser= rhost=43.255.190.165  user=root
Apr 11 07:00:21 ovzhost sshd[1013]: pam_unix(sshd:auth): authentication failure; logname= uid=0 euid=0 tty=ssh ruser= rhost=43.255.190.165  user=root
Apr 11 07:00:21 ovzhost sshd[1011]: Failed password for root from 221.229.166.98 port 49815 ssh2
Apr 11 07:00:23 ovzhost sshd[1009]: message repeated 2 times: [ Failed password for root from 43.255.190.165 port 40991 ssh2]
Apr 11 07:00:23 ovzhost sshd[1009]: Received disconnect from 43.255.190.165: 11:  [preauth]
Apr 11 07:00:23 ovzhost sshd[1009]: PAM 2 more authentication failures; logname= uid=0 euid=0 tty=ssh ruser= rhost=43.255.190.165  user=root
Apr 11 07:00:23 ovzhost sshd[1013]: Failed password for root from 43.255.190.165 port 53043 ssh2
Apr 11 07:00:23 ovzhost sshd[1015]: pam_unix(sshd:auth): authentication failure; logname= uid=0 euid=0 tty=ssh ruser= rhost=43.255.190.165  user=root
Apr 11 07:00:26 ovzhost sshd[1015]: Failed password for root from 43.255.190.165 port 58998 ssh2
Apr 11 07:00:26 ovzhost sshd[1011]: message repeated 2 times: [ Failed password for root from 221.229.166.98 port 49815 ssh2]
Apr 11 07:00:26 ovzhost sshd[1011]: Received disconnect from 221.229.166.98: 11:  [preauth]
Apr 11 07:00:26 ovzhost sshd[1011]: PAM 2 more authentication failures; logname= uid=0 euid=0 tty=ssh ruser= rhost=221.229.166.98  user=root
Apr 11 07:00:27 ovzhost sshd[1020]: Connection closed by 128.8.37.104 [preauth]
Apr 11 07:00:28 ovzhost sshd[1013]: message repeated 2 times: [ Failed password for root from 43.255.190.165 port 53043 ssh2]
Apr 11 07:00:28 ovzhost sshd[1013]: Received disconnect from 43.255.190.165: 11:  [preauth]
Apr 11 07:00:28 ovzhost sshd[1013]: PAM 2 more authentication failures; logname= uid=0 euid=0 tty=ssh ruser= rhost=43.255.190.165  user=root
Apr 11 07:00:28 ovzhost sshd[1022]: pam_unix(sshd:auth): authentication failure; logname= uid=0 euid=0 tty=ssh ruser= rhost=43.255.190.165  user=root
Apr 11 07:00:28 ovzhost sshd[1017]: pam_unix(sshd:auth): authentication failure; logname= uid=0 euid=0 tty=ssh ruser= rhost=221.229.166.98  user=root
Apr 11 07:00:30 ovzhost sshd[1015]: message repeated 2 times: [ Failed password for root from 43.255.190.165 port 58998 ssh2]
Apr 11 07:00:30 ovzhost sshd[1015]: Received disconnect from 43.255.190.165: 11:  [preauth]
Apr 11 07:00:30 ovzhost sshd[1015]: PAM 2 more authentication failures; logname= uid=0 euid=0 tty=ssh ruser= rhost=43.255.190.165  user=root
Apr 11 07:00:31 ovzhost sshd[1022]: Failed password for root from 43.255.190.165 port 41597 ssh2
Apr 11 07:00:31 ovzhost sshd[1017]: Failed password for root from 221.229.166.98 port 42677 ssh2
Apr 11 07:00:31 ovzhost sshd[1024]: pam_unix(sshd:auth): authentication failure; logname= uid=0 euid=0 tty=ssh ruser= rhost=43.255.190.165  user=root
Apr 11 07:00:33 ovzhost sshd[1024]: Failed password for root from 43.255.190.165 port 48334 ssh2
Apr 11 07:00:35 ovzhost sshd[1022]: message repeated 2 times: [ Failed password for root from 43.255.190.165 port 41597 ssh2]
Apr 11 07:00:35 ovzhost sshd[1022]: Received disconnect from 43.255.190.165: 11:  [preauth]
Apr 11 07:00:35 ovzhost sshd[1022]: PAM 2 more authentication failures; logname= uid=0 euid=0 tty=ssh ruser= rhost=43.255.190.165  user=root
Apr 11 07:00:36 ovzhost sshd[1026]: pam_unix(sshd:auth): authentication failure; logname= uid=0 euid=0 tty=ssh ruser= rhost=43.255.190.165  user=root
Apr 11 07:00:37 ovzhost sshd[1017]: message repeated 2 times: [ Failed password for root from 221.229.166.98 port 42677 ssh2]
Apr 11 07:00:37 ovzhost sshd[1017]: Received disconnect from 221.229.166.98: 11:  [preauth]
Apr 11 07:00:37 ovzhost sshd[1017]: PAM 2 more authentication failures; logname= uid=0 euid=0 tty=ssh ruser= rhost=221.229.166.98  user=root
Apr 11 07:00:38 ovzhost sshd[1024]: message repeated 2 times: [ Failed password for root from 43.255.190.165 port 48334 ssh2]
Apr 11 07:00:38 ovzhost sshd[1024]: Received disconnect from 43.255.190.165: 11:  [preauth]
Apr 11 07:00:38 ovzhost sshd[1024]: PAM 2 more authentication failures; logname= uid=0 euid=0 tty=ssh ruser= rhost=43.255.190.165  user=root
Apr 11 07:00:38 ovzhost sshd[1026]: Failed password for root from 43.255.190.165 port 59669 ssh2
Apr 11 07:00:38 ovzhost sshd[1031]: pam_unix(sshd:auth): authentication failure; logname= uid=0 euid=0 tty=ssh ruser= rhost=43.255.190.165  user=root
Apr 11 07:00:40 ovzhost sshd[1031]: Failed password for root from 43.255.190.165 port 37245 ssh2
Apr 11 07:00:41 ovzhost sshd[1028]: pam_unix(sshd:auth): authentication failure; logname= uid=0 euid=0 tty=ssh ruser= rhost=221.229.166.98  user=root
Apr 11 07:00:43 ovzhost sshd[1026]: message repeated 2 times: [ Failed password for root from 43.255.190.165 port 59669 ssh2]
Apr 11 07:00:43 ovzhost sshd[1026]: Received disconnect from 43.255.190.165: 11:  [preauth]
Apr 11 07:00:43 ovzhost sshd[1026]: PAM 2 more authentication failures; logname= uid=0 euid=0 tty=ssh ruser= rhost=43.255.190.165  user=root
Apr 11 07:00:43 ovzhost sshd[1028]: Failed password for root from 221.229.166.98 port 34324 ssh2
Apr 11 07:00:44 ovzhost sshd[1033]: pam_unix(sshd:auth): authentication failure; logname= uid=0 euid=0 tty=ssh ruser= rhost=43.255.190.165  user=root
Apr 11 07:00:45 ovzhost sshd[1031]: message repeated 2 times: [ Failed password for root from 43.255.190.165 port 37245 ssh2]
Apr 11 07:00:45 ovzhost sshd[1031]: Received disconnect from 43.255.190.165: 11:  [preauth]
Apr 11 07:00:45 ovzhost sshd[1031]: PAM 2 more authentication failures; logname= uid=0 euid=0 tty=ssh ruser= rhost=43.255.190.165  user=root
Apr 11 07:00:46 ovzhost sshd[1033]: Failed password for root from 43.255.190.165 port 48457 ssh2
Apr 11 07:00:46 ovzhost sshd[1035]: pam_unix(sshd:auth): authentication failure; logname= uid=0 euid=0 tty=ssh ruser= rhost=43.255.190.165  user=root
Apr 11 07:00:48 ovzhost sshd[1035]: Failed password for root from 43.255.190.165 port 53972 ssh2
Apr 11 07:00:48 ovzhost sshd[1028]: message repeated 2 times: [ Failed password for root from 221.229.166.98 port 34324 ssh2]
Apr 11 07:00:48 ovzhost sshd[1028]: Received disconnect from 221.229.166.98: 11:  [preauth]
Apr 11 07:00:48 ovzhost sshd[1028]: PAM 2 more authentication failures; logname= uid=0 euid=0 tty=ssh ruser= rhost=221.229.166.98  user=root
Apr 11 07:00:50 ovzhost sshd[1033]: message repeated 2 times: [ Failed password for root from 43.255.190.165 port 48457 ssh2]
Apr 11 07:00:50 ovzhost sshd[1033]: Received disconnect from 43.255.190.165: 11:  [preauth]
Apr 11 07:00:50 ovzhost sshd[1033]: PAM 2 more authentication failures; logname= uid=0 euid=0 tty=ssh ruser= rhost=43.255.190.165  user=root
Apr 11 07:00:50 ovzhost sshd[1039]: pam_unix(sshd:auth): authentication failure; logname= uid=0 euid=0 tty=ssh ruser= rhost=43.255.190.165  user=root
Apr 11 07:00:52 ovzhost sshd[1037]: pam_unix(sshd:auth): authentication failure; logname= uid=0 euid=0 tty=ssh ruser= rhost=221.229.166.98  user=root
Apr 11 07:00:53 ovzhost sshd[1035]: message repeated 2 times: [ Failed password for root from 43.255.190.165 port 53972 ssh2]
Apr 11 07:00:53 ovzhost sshd[1035]: Received disconnect from 43.255.190.165: 11:  [preauth]
Apr 11 07:00:53 ovzhost sshd[1035]: PAM 2 more authentication failures; logname= uid=0 euid=0 tty=ssh ruser= rhost=43.255.190.165  user=root
Apr 11 07:00:53 ovzhost sshd[1039]: Failed password for root from 43.255.190.165 port 36457 ssh2
Apr 11 07:00:54 ovzhost sshd[1037]: Failed password for root from 221.229.166.98 port 54354 ssh2
Apr 11 07:00:55 ovzhost sshd[1041]: pam_unix(sshd:auth): authentication failure; logname= uid=0 euid=0 tty=ssh ruser= rhost=43.255.190.165  user=root
Apr 11 07:00:57 ovzhost sshd[1041]: Failed password for root from 43.255.190.165 port 42924 ssh2
Apr 11 07:00:57 ovzhost sshd[1039]: message repeated 2 times: [ Failed password for root from 43.255.190.165 port 36457 ssh2]
Apr 11 07:00:58 ovzhost sshd[1039]: Received disconnect from 43.255.190.165: 11:  [preauth]
Apr 11 07:00:58 ovzhost sshd[1039]: PAM 2 more authentication failures; logname= uid=0 euid=0 tty=ssh ruser= rhost=43.255.190.165  user=root
Apr 11 07:00:58 ovzhost sshd[1045]: pam_unix(sshd:auth): authentication failure; logname= uid=0 euid=0 tty=ssh ruser= rhost=43.255.190.165  user=root
Apr 11 07:00:59 ovzhost sshd[1037]: message repeated 2 times: [ Failed password for root from 221.229.166.98 port 54354 ssh2]
Apr 11 07:00:59 ovzhost sshd[1037]: Received disconnect from 221.229.166.98: 11:  [preauth]
Apr 11 07:00:59 ovzhost sshd[1037]: PAM 2 more authentication failures; logname= uid=0 euid=0 tty=ssh ruser= rhost=221.229.166.98  user=root
Apr 11 07:01:00 ovzhost sshd[1045]: Failed password for root from 43.255.190.165 port 54046 ssh2
Apr 11 07:01:01 ovzhost sshd[1047]: pam_unix(sshd:auth): authentication failure; logname= uid=0 euid=0 tty=ssh ruser= rhost=221.229.166.98  user=root
Apr 11 07:01:02 ovzhost sshd[1041]: message repeated 2 times: [ Failed password for root from 43.255.190.165 port 42924 ssh2]
Apr 11 07:01:02 ovzhost sshd[1041]: Received disconnect from 43.255.190.165: 11:  [preauth]
Apr 11 07:01:02 ovzhost sshd[1041]: PAM 2 more authentication failures; logname= uid=0 euid=0 tty=ssh ruser= rhost=43.255.190.165  user=root
Apr 11 07:01:03 ovzhost sshd[1049]: pam_unix(sshd:auth): authentication failure; logname= uid=0 euid=0 tty=ssh ruser= rhost=43.255.190.165  user=root
Apr 11 07:01:03 ovzhost sshd[1047]: Failed password for root from 221.229.166.98 port 46495 ssh2
Apr 11 07:01:04 ovzhost sshd[1045]: message repeated 2 times: [ Failed password for root from 43.255.190.165 port 54046 ssh2]
Apr 11 07:01:04 ovzhost sshd[1045]: Received disconnect from 43.255.190.165: 11:  [preauth]
Apr 11 07:01:04 ovzhost sshd[1045]: PAM 2 more authentication failures; logname= uid=0 euid=0 tty=ssh ruser= rhost=43.255.190.165  user=root
Apr 11 07:01:05 ovzhost sshd[1049]: Failed password for root from 43.255.190.165 port 36723 ssh2
Apr 11 07:01:08 ovzhost sshd[1047]: message repeated 2 times: [ Failed password for root from 221.229.166.98 port 46495 ssh2]
Apr 11 07:01:09 ovzhost sshd[1047]: Received disconnect from 221.229.166.98: 11:  [preauth]
Apr 11 07:01:09 ovzhost sshd[1047]: PAM 2 more authentication failures; logname= uid=0 euid=0 tty=ssh ruser= rhost=221.229.166.98  user=root
Apr 11 07:01:09 ovzhost sshd[1051]: pam_unix(sshd:auth): authentication failure; logname= uid=0 euid=0 tty=ssh ruser= rhost=43.255.190.165  user=root
Apr 11 07:01:09 ovzhost sshd[1049]: message repeated 2 times: [ Failed password for root from 43.255.190.165 port 36723 ssh2]
Apr 11 07:01:10 ovzhost sshd[1049]: Received disconnect from 43.255.190.165: 11:  [preauth]
Apr 11 07:01:10 ovzhost sshd[1049]: PAM 2 more authentication failures; logname= uid=0 euid=0 tty=ssh ruser= rhost=43.255.190.165  user=root
Apr 11 07:01:10 ovzhost sshd[1053]: pam_unix(sshd:auth): authentication failure; logname= uid=0 euid=0 tty=ssh ruser= rhost=43.255.190.165  user=root
Apr 11 07:01:11 ovzhost sshd[1051]: Failed password for root from 43.255.190.165 port 42075 ssh2
Apr 11 07:01:12 ovzhost sshd[1053]: Failed password for root from 43.255.190.165 port 52801 ssh2
Apr 11 07:01:15 ovzhost sshd[1055]: pam_unix(sshd:auth): authentication failure; logname= uid=0 euid=0 tty=ssh ruser= rhost=221.229.166.98  user=root
Apr 11 07:01:16 ovzhost sshd[1051]: message repeated 2 times: [ Failed password for root from 43.255.190.165 port 42075 ssh2]
Apr 11 07:01:16 ovzhost sshd[1051]: Received disconnect from 43.255.190.165: 11:  [preauth]
Apr 11 07:01:16 ovzhost sshd[1051]: PAM 2 more authentication failures; logname= uid=0 euid=0 tty=ssh ruser= rhost=43.255.190.165  user=root
Apr 11 07:01:17 ovzhost sshd[1053]: message repeated 2 times: [ Failed password for root from 43.255.190.165 port 52801 ssh2]
Apr 11 07:01:17 ovzhost sshd[1053]: Received disconnect from 43.255.190.165: 11:  [preauth]
Apr 11 07:01:17 ovzhost sshd[1053]: PAM 2 more authentication failures; logname= uid=0 euid=0 tty=ssh ruser= rhost=43.255.190.165  user=root
Apr 11 07:01:17 ovzhost sshd[1057]: pam_unix(sshd:auth): authentication failure; logname= uid=0 euid=0 tty=ssh ruser= rhost=43.255.190.165  user=root
Apr 11 07:01:17 ovzhost sshd[1055]: Failed password for root from 221.229.166.98 port 35308 ssh2
Apr 11 07:01:17 ovzhost sshd[1059]: pam_unix(sshd:auth): authentication failure; logname= uid=0 euid=0 tty=ssh ruser= rhost=43.255.190.165  user=root
Apr 11 07:01:19 ovzhost sshd[1057]: Failed password for root from 43.255.190.165 port 39603 ssh2
Apr 11 07:01:20 ovzhost sshd[1059]: Failed password for root from 43.255.190.165 port 41219 ssh2
Apr 11 07:01:21 ovzhost sshd[1055]: message repeated 2 times: [ Failed password for root from 221.229.166.98 port 35308 ssh2]
Apr 11 07:01:22 ovzhost sshd[1055]: Received disconnect from 221.229.166.98: 11:  [preauth]
Apr 11 07:01:22 ovzhost sshd[1055]: PAM 2 more authentication failures; logname= uid=0 euid=0 tty=ssh ruser= rhost=221.229.166.98  user=root
Apr 11 07:01:23 ovzhost sshd[1057]: message repeated 2 times: [ Failed password for root from 43.255.190.165 port 39603 ssh2]
Apr 11 07:01:23 ovzhost sshd[1057]: Received disconnect from 43.255.190.165: 11:  [preauth]
Apr 11 07:01:23 ovzhost sshd[1057]: PAM 2 more authentication failures; logname= uid=0 euid=0 tty=ssh ruser= rhost=43.255.190.165  user=root
Apr 11 07:01:23 ovzhost sshd[1059]: message repeated 2 times: [ Failed password for root from 43.255.190.165 port 41219 ssh2]
Apr 11 07:01:23 ovzhost sshd[1059]: Received disconnect from 43.255.190.165: 11:  [preauth]
Apr 11 07:01:23 ovzhost sshd[1059]: PAM 2 more authentication failures; logname= uid=0 euid=0 tty=ssh ruser= rhost=43.255.190.165  user=root
Apr 11 07:01:24 ovzhost sshd[1063]: pam_unix(sshd:auth): authentication failure; logname= uid=0 euid=0 tty=ssh ruser= rhost=43.255.190.165  user=root
Apr 11 07:01:24 ovzhost sshd[1061]: pam_unix(sshd:auth): authentication failure; logname= uid=0 euid=0 tty=ssh ruser= rhost=221.229.166.98  user=root
Apr 11 07:01:24 ovzhost sshd[1065]: pam_unix(sshd:auth): authentication failure; logname= uid=0 euid=0 tty=ssh ruser= rhost=43.255.190.165  user=root
Apr 11 07:01:25 ovzhost sshd[1063]: Failed password for root from 43.255.190.165 port 55897 ssh2
Apr 11 07:01:26 ovzhost sshd[1061]: Failed password for root from 221.229.166.98 port 59827 ssh2
Apr 11 07:01:26 ovzhost sshd[1065]: Failed password for root from 43.255.190.165 port 56818 ssh2
Apr 11 07:01:30 ovzhost sshd[1063]: message repeated 2 times: [ Failed password for root from 43.255.190.165 port 55897 ssh2]
Apr 11 07:01:30 ovzhost sshd[1063]: Received disconnect from 43.255.190.165: 11:  [preauth]
Apr 11 07:01:30 ovzhost sshd[1063]: PAM 2 more authentication failures; logname= uid=0 euid=0 tty=ssh ruser= rhost=43.255.190.165  user=root
Apr 11 07:01:30 ovzhost sshd[1065]: message repeated 2 times: [ Failed password for root from 43.255.190.165 port 56818 ssh2]
Apr 11 07:01:30 ovzhost sshd[1065]: Received disconnect from 43.255.190.165: 11:  [preauth]
Apr 11 07:01:30 ovzhost sshd[1065]: PAM 2 more authentication failures; logname= uid=0 euid=0 tty=ssh ruser= rhost=43.255.190.165  user=root
Apr 11 07:01:30 ovzhost sshd[1069]: pam_unix(sshd:auth): authentication failure; logname= uid=0 euid=0 tty=ssh ruser= rhost=43.255.190.165  user=root
Apr 11 07:01:31 ovzhost sshd[1071]: pam_unix(sshd:auth): authentication failure; logname= uid=0 euid=0 tty=ssh ruser= rhost=43.255.190.165  user=root
Apr 11 07:01:31 ovzhost sshd[1061]: message repeated 2 times: [ Failed password for root from 221.229.166.98 port 59827 ssh2]
Apr 11 07:01:31 ovzhost sshd[1061]: Received disconnect from 221.229.166.98: 11:  [preauth]
Apr 11 07:01:31 ovzhost sshd[1061]: PAM 2 more authentication failures; logname= uid=0 euid=0 tty=ssh ruser= rhost=221.229.166.98  user=root
Apr 11 07:01:32 ovzhost sshd[1071]: Failed password for root from 43.255.190.165 port 44171 ssh2
Apr 11 07:01:32 ovzhost sshd[1069]: Failed password for root from 43.255.190.165 port 43171 ssh2
Apr 11 07:01:33 ovzhost sshd[1073]: pam_unix(sshd:auth): authentication failure; logname= uid=0 euid=0 tty=ssh ruser= rhost=221.229.166.98  user=root
Apr 11 07:01:35 ovzhost sshd[1073]: Failed password for root from 221.229.166.98 port 49151 ssh2
Apr 11 07:01:37 ovzhost sshd[1071]: message repeated 2 times: [ Failed password for root from 43.255.190.165 port 44171 ssh2]
Apr 11 07:01:37 ovzhost sshd[1071]: Received disconnect from 43.255.190.165: 11:  [preauth]
Apr 11 07:01:37 ovzhost sshd[1071]: PAM 2 more authentication failures; logname= uid=0 euid=0 tty=ssh ruser= rhost=43.255.190.165  user=root
Apr 11 07:01:37 ovzhost sshd[1069]: message repeated 2 times: [ Failed password for root from 43.255.190.165 port 43171 ssh2]
Apr 11 07:01:37 ovzhost sshd[1069]: Received disconnect from 43.255.190.165: 11:  [preauth]
Apr 11 07:01:37 ovzhost sshd[1069]: PAM 2 more authentication failures; logname= uid=0 euid=0 tty=ssh ruser= rhost=43.255.190.165  user=root
Apr 11 07:01:37 ovzhost sshd[1075]: pam_unix(sshd:auth): authentication failure; logname= uid=0 euid=0 tty=ssh ruser= rhost=43.255.190.165  user=root
Apr 11 07:01:37 ovzhost sshd[1077]: pam_unix(sshd:auth): authentication failure; logname= uid=0 euid=0 tty=ssh ruser= rhost=43.255.190.165  user=root
Apr 11 07:01:39 ovzhost sshd[1075]: Failed password for root from 43.255.190.165 port 59097 ssh2
Apr 11 07:01:40 ovzhost sshd[1077]: Failed password for root from 43.255.190.165 port 59197 ssh2
Apr 11 07:01:40 ovzhost sshd[1073]: message repeated 2 times: [ Failed password for root from 221.229.166.98 port 49151 ssh2]
Apr 11 07:01:40 ovzhost sshd[1073]: Received disconnect from 221.229.166.98: 11:  [preauth]
Apr 11 07:01:40 ovzhost sshd[1073]: PAM 2 more authentication failures; logname= uid=0 euid=0 tty=ssh ruser= rhost=221.229.166.98  user=root
Apr 11 07:01:42 ovzhost sshd[1079]: pam_unix(sshd:auth): authentication failure; logname= uid=0 euid=0 tty=ssh ruser= rhost=221.229.166.98  user=root
Apr 11 07:01:43 ovzhost sshd[1075]: message repeated 2 times: [ Failed password for root from 43.255.190.165 port 59097 ssh2]
Apr 11 07:01:43 ovzhost sshd[1075]: Received disconnect from 43.255.190.165: 11:  [preauth]
Apr 11 07:01:43 ovzhost sshd[1075]: PAM 2 more authentication failures; logname= uid=0 euid=0 tty=ssh ruser= rhost=43.255.190.165  user=root
Apr 11 07:01:43 ovzhost sshd[1077]: message repeated 2 times: [ Failed password for root from 43.255.190.165 port 59197 ssh2]
Apr 11 07:01:43 ovzhost sshd[1077]: Received disconnect from 43.255.190.165: 11:  [preauth]
Apr 11 07:01:43 ovzhost sshd[1077]: PAM 2 more authentication failures; logname= uid=0 euid=0 tty=ssh ruser= rhost=43.255.190.165  user=root
Apr 11 07:01:44 ovzhost sshd[1079]: Failed password for root from 221.229.166.98 port 39263 ssh2
Apr 11 07:01:44 ovzhost sshd[1081]: pam_unix(sshd:auth): authentication failure; logname= uid=0 euid=0 tty=ssh ruser= rhost=43.255.190.165  user=root
Apr 11 07:01:44 ovzhost sshd[1083]: pam_unix(sshd:auth): authentication failure; logname= uid=0 euid=0 tty=ssh ruser= rhost=43.255.190.165  user=root
Apr 11 07:01:46 ovzhost sshd[1081]: Failed password for root from 43.255.190.165 port 46311 ssh2
Apr 11 07:01:46 ovzhost sshd[1083]: Failed password for root from 43.255.190.165 port 46416 ssh2
Apr 11 07:01:49 ovzhost sshd[1079]: message repeated 2 times: [ Failed password for root from 221.229.166.98 port 39263 ssh2]
Apr 11 07:01:49 ovzhost sshd[1079]: Received disconnect from 221.229.166.98: 11:  [preauth]
Apr 11 07:01:49 ovzhost sshd[1079]: PAM 2 more authentication failures; logname= uid=0 euid=0 tty=ssh ruser= rhost=221.229.166.98  user=root
Apr 11 07:01:50 ovzhost sshd[1081]: message repeated 2 times: [ Failed password for root from 43.255.190.165 port 46311 ssh2]
Apr 11 07:01:50 ovzhost sshd[1081]: Received disconnect from 43.255.190.165: 11:  [preauth]
Apr 11 07:01:50 ovzhost sshd[1081]: PAM 2 more authentication failures; logname= uid=0 euid=0 tty=ssh ruser= rhost=43.255.190.165  user=root
Apr 11 07:01:50 ovzhost sshd[1083]: message repeated 2 times: [ Failed password for root from 43.255.190.165 port 46416 ssh2]
Apr 11 07:01:50 ovzhost sshd[1083]: Received disconnect from 43.255.190.165: 11:  [preauth]
Apr 11 07:01:50 ovzhost sshd[1083]: PAM 2 more authentication failures; logname= uid=0 euid=0 tty=ssh ruser= rhost=43.255.190.165  user=root
Apr 11 07:01:51 ovzhost sshd[1087]: pam_unix(sshd:auth): authentication failure; logname= uid=0 euid=0 tty=ssh ruser= rhost=43.255.190.165  user=root
Apr 11 07:01:51 ovzhost sshd[1089]: pam_unix(sshd:auth): authentication failure; logname= uid=0 euid=0 tty=ssh ruser= rhost=43.255.190.165  user=root
Apr 11 07:01:51 ovzhost sshd[1085]: pam_unix(sshd:auth): authentication failure; logname= uid=0 euid=0 tty=ssh ruser= rhost=221.229.166.98  user=root
Apr 11 07:01:53 ovzhost sshd[1087]: Failed password for root from 43.255.190.165 port 33638 ssh2
Apr 11 07:01:53 ovzhost sshd[1089]: Failed password for root from 43.255.190.165 port 33748 ssh2
Apr 11 07:01:53 ovzhost sshd[1085]: Failed password for root from 221.229.166.98 port 55034 ssh2
Apr 11 07:01:57 ovzhost sshd[1087]: message repeated 2 times: [ Failed password for root from 43.255.190.165 port 33638 ssh2]
Apr 11 07:01:57 ovzhost sshd[1087]: Received disconnect from 43.255.190.165: 11:  [preauth]
Apr 11 07:01:57 ovzhost sshd[1087]: PAM 2 more authentication failures; logname= uid=0 euid=0 tty=ssh ruser= rhost=43.255.190.165  user=root
Apr 11 07:01:57 ovzhost sshd[1089]: message repeated 2 times: [ Failed password for root from 43.255.190.165 port 33748 ssh2]
Apr 11 07:01:57 ovzhost sshd[1089]: Received disconnect from 43.255.190.165: 11:  [preauth]
Apr 11 07:01:57 ovzhost sshd[1089]: PAM 2 more authentication failures; logname= uid=0 euid=0 tty=ssh ruser= rhost=43.255.190.165  user=root
Apr 11 07:01:58 ovzhost sshd[1092]: pam_unix(sshd:auth): authentication failure; logname= uid=0 euid=0 tty=ssh ruser= rhost=43.255.190.165  user=root
Apr 11 07:01:58 ovzhost sshd[1094]: pam_unix(sshd:auth): authentication failure; logname= uid=0 euid=0 tty=ssh ruser= rhost=43.255.190.165  user=root
Apr 11 07:01:58 ovzhost sshd[1085]: message repeated 2 times: [ Failed password for root from 221.229.166.98 port 55034 ssh2]
Apr 11 07:01:59 ovzhost sshd[1085]: Received disconnect from 221.229.166.98: 11:  [preauth]
Apr 11 07:01:59 ovzhost sshd[1085]: PAM 2 more authentication failures; logname= uid=0 euid=0 tty=ssh ruser= rhost=221.229.166.98  user=root
Apr 11 07:02:00 ovzhost sshd[1092]: Failed password for root from 43.255.190.165 port 48576 ssh2
Apr 11 07:02:01 ovzhost sshd[1094]: Failed password for root from 43.255.190.165 port 48674 ssh2
Apr 11 07:02:01 ovzhost sshd[1096]: pam_unix(sshd:auth): authentication failure; logname= uid=0 euid=0 tty=ssh ruser= rhost=221.229.166.98  user=root
Apr 11 07:02:03 ovzhost sshd[1096]: Failed password for root from 221.229.166.98 port 47996 ssh2
Apr 11 07:02:05 ovzhost sshd[1092]: message repeated 2 times: [ Failed password for root from 43.255.190.165 port 48576 ssh2]
Apr 11 07:02:05 ovzhost sshd[1092]: Received disconnect from 43.255.190.165: 11:  [preauth]
Apr 11 07:02:05 ovzhost sshd[1092]: PAM 2 more authentication failures; logname= uid=0 euid=0 tty=ssh ruser= rhost=43.255.190.165  user=root
Apr 11 07:02:05 ovzhost sshd[1094]: message repeated 2 times: [ Failed password for root from 43.255.190.165 port 48674 ssh2]
Apr 11 07:02:05 ovzhost sshd[1094]: Received disconnect from 43.255.190.165: 11:  [preauth]
Apr 11 07:02:05 ovzhost sshd[1094]: PAM 2 more authentication failures; logname= uid=0 euid=0 tty=ssh ruser= rhost=43.255.190.165  user=root
Apr 11 07:02:06 ovzhost sshd[1098]: pam_unix(sshd:auth): authentication failure; logname= uid=0 euid=0 tty=ssh ruser= rhost=43.255.190.165  user=root
Apr 11 07:02:07 ovzhost sshd[1100]: pam_unix(sshd:auth): authentication failure; logname= uid=0 euid=0 tty=ssh ruser= rhost=43.255.190.165  user=root
Apr 11 07:02:08 ovzhost sshd[1098]: Failed password for root from 43.255.190.165 port 38617 ssh2
Apr 11 07:02:08 ovzhost sshd[1096]: message repeated 2 times: [ Failed password for root from 221.229.166.98 port 47996 ssh2]
Apr 11 07:02:08 ovzhost sshd[1096]: Received disconnect from 221.229.166.98: 11:  [preauth]
Apr 11 07:02:08 ovzhost sshd[1096]: PAM 2 more authentication failures; logname= uid=0 euid=0 tty=ssh ruser= rhost=221.229.166.98  user=root
Apr 11 07:02:08 ovzhost sshd[1100]: Failed password for root from 43.255.190.165 port 38726 ssh2
Apr 11 07:02:10 ovzhost sshd[1102]: pam_unix(sshd:auth): authentication failure; logname= uid=0 euid=0 tty=ssh ruser= rhost=221.229.166.98  user=root
Apr 11 07:02:12 ovzhost sshd[1098]: message repeated 2 times: [ Failed password for root from 43.255.190.165 port 38617 ssh2]
Apr 11 07:02:12 ovzhost sshd[1098]: Received disconnect from 43.255.190.165: 11:  [preauth]
Apr 11 07:02:12 ovzhost sshd[1098]: PAM 2 more authentication failures; logname= uid=0 euid=0 tty=ssh ruser= rhost=43.255.190.165  user=root
Apr 11 07:02:12 ovzhost sshd[1102]: Failed password for root from 221.229.166.98 port 39751 ssh2
Apr 11 07:02:12 ovzhost sshd[1100]: message repeated 2 times: [ Failed password for root from 43.255.190.165 port 38726 ssh2]
Apr 11 07:02:13 ovzhost sshd[1100]: Received disconnect from 43.255.190.165: 11:  [preauth]
Apr 11 07:02:13 ovzhost sshd[1100]: PAM 2 more authentication failures; logname= uid=0 euid=0 tty=ssh ruser= rhost=43.255.190.165  user=root
Apr 11 07:02:13 ovzhost sshd[1104]: pam_unix(sshd:auth): authentication failure; logname= uid=0 euid=0 tty=ssh ruser= rhost=43.255.190.165  user=root
Apr 11 07:02:13 ovzhost sshd[1106]: pam_unix(sshd:auth): authentication failure; logname= uid=0 euid=0 tty=ssh ruser= rhost=43.255.190.165  user=root
Apr 11 07:02:15 ovzhost sshd[1104]: Failed password for root from 43.255.190.165 port 54400 ssh2
Apr 11 07:02:15 ovzhost sshd[1106]: Failed password for root from 43.255.190.165 port 55467 ssh2
Apr 11 07:02:17 ovzhost sshd[1102]: message repeated 2 times: [ Failed password for root from 221.229.166.98 port 39751 ssh2]
Apr 11 07:02:17 ovzhost sshd[1102]: Received disconnect from 221.229.166.98: 11:  [preauth]
Apr 11 07:02:17 ovzhost sshd[1102]: PAM 2 more authentication failures; logname= uid=0 euid=0 tty=ssh ruser= rhost=221.229.166.98  user=root
Apr 11 07:02:19 ovzhost sshd[1106]: message repeated 2 times: [ Failed password for root from 43.255.190.165 port 55467 ssh2]
Apr 11 07:02:19 ovzhost sshd[1106]: Received disconnect from 43.255.190.165: 11:  [preauth]
Apr 11 07:02:19 ovzhost sshd[1106]: PAM 2 more authentication failures; logname= uid=0 euid=0 tty=ssh ruser= rhost=43.255.190.165  user=root
Apr 11 07:02:19 ovzhost sshd[1104]: message repeated 2 times: [ Failed password for root from 43.255.190.165 port 54400 ssh2]
Apr 11 07:02:19 ovzhost sshd[1104]: Received disconnect from 43.255.190.165: 11:  [preauth]
Apr 11 07:02:19 ovzhost sshd[1104]: PAM 2 more authentication failures; logname= uid=0 euid=0 tty=ssh ruser= rhost=43.255.190.165  user=root
Apr 11 07:02:19 ovzhost sshd[1110]: pam_unix(sshd:auth): authentication failure; logname= uid=0 euid=0 tty=ssh ruser= rhost=221.229.166.98  user=root
Apr 11 07:02:19 ovzhost sshd[1112]: pam_unix(sshd:auth): authentication failure; logname= uid=0 euid=0 tty=ssh ruser= rhost=43.255.190.165  user=root
Apr 11 07:02:20 ovzhost sshd[1114]: pam_unix(sshd:auth): authentication failure; logname= uid=0 euid=0 tty=ssh ruser= rhost=43.255.190.165  user=root
Apr 11 07:02:20 ovzhost sshd[1117]: Connection closed by 127.0.0.1 [preauth]
Apr 11 07:02:21 ovzhost sshd[1110]: Failed password for root from 221.229.166.98 port 60547 ssh2
Apr 11 07:02:21 ovzhost sshd[1112]: Failed password for root from 43.255.190.165 port 41864 ssh2
Apr 11 07:02:23 ovzhost sshd[1114]: Failed password for root from 43.255.190.165 port 43069 ssh2
Apr 11 07:02:26 ovzhost sshd[1112]: message repeated 2 times: [ Failed password for root from 43.255.190.165 port 41864 ssh2]
Apr 11 07:02:26 ovzhost sshd[1112]: Received disconnect from 43.255.190.165: 11:  [preauth]
Apr 11 07:02:26 ovzhost sshd[1112]: PAM 2 more authentication failures; logname= uid=0 euid=0 tty=ssh ruser= rhost=43.255.190.165  user=root
Apr 11 07:02:26 ovzhost sshd[1110]: message repeated 2 times: [ Failed password for root from 221.229.166.98 port 60547 ssh2]
Apr 11 07:02:26 ovzhost sshd[1110]: Received disconnect from 221.229.166.98: 11:  [preauth]
Apr 11 07:02:26 ovzhost sshd[1110]: PAM 2 more authentication failures; logname= uid=0 euid=0 tty=ssh ruser= rhost=221.229.166.98  user=root
Apr 11 07:02:27 ovzhost sshd[1119]: pam_unix(sshd:auth): authentication failure; logname= uid=0 euid=0 tty=ssh ruser= rhost=43.255.190.165  user=root
Apr 11 07:02:27 ovzhost sshd[1114]: message repeated 2 times: [ Failed password for root from 43.255.190.165 port 43069 ssh2]
Apr 11 07:02:27 ovzhost sshd[1114]: Received disconnect from 43.255.190.165: 11:  [preauth]
Apr 11 07:02:27 ovzhost sshd[1114]: PAM 2 more authentication failures; logname= uid=0 euid=0 tty=ssh ruser= rhost=43.255.190.165  user=root
Apr 11 07:02:28 ovzhost sshd[1121]: pam_unix(sshd:auth): authentication failure; logname= uid=0 euid=0 tty=ssh ruser= rhost=43.255.190.165  user=root
Apr 11 07:02:29 ovzhost sshd[1123]: pam_unix(sshd:auth): authentication failure; logname= uid=0 euid=0 tty=ssh ruser= rhost=221.229.166.98  user=root
