Apr 11 07:06:52 ovzhost sshd[1298]: Failed password for root from 43.255.190.165 port 60466 ssh2
Apr 11 07:06:56 ovzhost sshd[1298]: message repeated 2 times: [ Failed password for root from 43.255.190.165 port 60466 ssh2]
Apr 11 07:06:56 ovzhost sshd[1298]: Received disconnect from 43.255.190.165: 11:  [preauth]
Apr 11 07:06:56 ovzhost sshd[1298]: PAM 2 more authentication failures; logname= uid=0 euid=0 tty=ssh ruser= rhost=43.255.190.165  user=root
Apr 11 07:07:20 ovzhost sshd[1304]: Connection closed by 127.0.0.1 [preauth]
Apr 11 07:09:01 ovzhost CRON[1315]: pam_env(cron:session): Unable to open env file: /etc/default/locale: No such file or directory
Apr 11 07:09:01 ovzhost CRON[1314]: pam_env(cron:session): Unable to open env file: /etc/default/locale: No such file or directory
Apr 11 07:09:01 ovzhost CRON[1314]: pam_unix(cron:session): session opened for user root by (uid=0)
Apr 11 07:09:01 ovzhost CRON[1315]: pam_unix(cron:session): session opened for user root by (uid=0)
Apr 11 07:09:01 ovzhost CRON[1314]: pam_unix(cron:session): session closed for user root
Apr 11 07:09:01 ovzhost CRON[1315]: pam_unix(cron:session): session closed for user root
Apr 11 07:10:27 ovzhost sshd[1333]: Connection closed by 128.8.37.104 [preauth]
Apr 11 07:11:19 ovzhost sshd[1338]: Invalid user zar from 221.146.74.146
Apr 11 07:11:19 ovzhost sshd[1338]: input_userauth_request: invalid user zar [preauth]
Apr 11 07:11:19 ovzhost sshd[1338]: pam_unix(sshd:auth): check pass; user unknown
Apr 11 07:11:19 ovzhost sshd[1338]: pam_unix(sshd:auth): authentication failure; logname= uid=0 euid=0 tty=ssh ruser= rhost=221.146.74.146 
Apr 11 07:11:21 ovzhost sshd[1338]: Failed password for invalid user zar from 221.146.74.146 port 16994 ssh2
Apr 11 07:11:22 ovzhost sshd[1338]: Connection closed by 221.146.74.146 [preauth]
Apr 11 07:12:20 ovzhost sshd[1346]: Connection closed by 127.0.0.1 [preauth]
Apr 11 07:17:20 ovzhost sshd[1365]: Connection closed by 127.0.0.1 [preauth]
Apr 11 07:20:01 ovzhost CRON[1379]: pam_env(cron:session): Unable to open env file: /etc/default/locale: No such file or directory
Apr 11 07:20:01 ovzhost CRON[1379]: pam_unix(cron:session): session opened for user smmsp by (uid=0)
Apr 11 07:20:01 ovzhost CRON[1379]: pam_unix(cron:session): session closed for user smmsp
Apr 11 07:20:27 ovzhost sshd[1407]: Connection closed by 128.8.37.104 [preauth]
Apr 11 07:22:20 ovzhost sshd[1418]: Connection closed by 127.0.0.1 [preauth]
Apr 11 07:24:35 ovzhost sshd[1427]: pam_unix(sshd:auth): authentication failure; logname= uid=0 euid=0 tty=ssh ruser= rhost=43.255.190.168  user=root
Apr 11 07:24:36 ovzhost sshd[1429]: pam_unix(sshd:auth): authentication failure; logname= uid=0 euid=0 tty=ssh ruser= rhost=43.255.190.164  user=root
Apr 11 07:24:37 ovzhost sshd[1427]: Failed password for root from 43.255.190.168 port 58996 ssh2
Apr 11 07:24:38 ovzhost sshd[1429]: Failed password for root from 43.255.190.164 port 43591 ssh2
Apr 11 07:24:41 ovzhost sshd[1427]: message repeated 2 times: [ Failed password for root from 43.255.190.168 port 58996 ssh2]
Apr 11 07:24:41 ovzhost sshd[1427]: Received disconnect from 43.255.190.168: 11:  [preauth]
Apr 11 07:24:41 ovzhost sshd[1427]: PAM 2 more authentication failures; logname= uid=0 euid=0 tty=ssh ruser= rhost=43.255.190.168  user=root
Apr 11 07:24:42 ovzhost sshd[1431]: pam_unix(sshd:auth): authentication failure; logname= uid=0 euid=0 tty=ssh ruser= rhost=43.255.190.168  user=root
Apr 11 07:24:43 ovzhost sshd[1429]: message repeated 2 times: [ Failed password for root from 43.255.190.164 port 43591 ssh2]
Apr 11 07:24:43 ovzhost sshd[1429]: Received disconnect from 43.255.190.164: 11:  [preauth]
Apr 11 07:24:43 ovzhost sshd[1429]: PAM 2 more authentication failures; logname= uid=0 euid=0 tty=ssh ruser= rhost=43.255.190.164  user=root
Apr 11 07:24:43 ovzhost sshd[1433]: pam_unix(sshd:auth): authentication failure; logname= uid=0 euid=0 tty=ssh ruser= rhost=43.255.190.164  user=root
Apr 11 07:24:44 ovzhost sshd[1431]: Failed password for root from 43.255.190.168 port 47036 ssh2
Apr 11 07:24:45 ovzhost sshd[1433]: Failed password for root from 43.255.190.164 port 39826 ssh2
Apr 11 07:24:48 ovzhost sshd[1431]: message repeated 2 times: [ Failed password for root from 43.255.190.168 port 47036 ssh2]
Apr 11 07:24:48 ovzhost sshd[1431]: Received disconnect from 43.255.190.168: 11:  [preauth]
Apr 11 07:24:48 ovzhost sshd[1431]: PAM 2 more authentication failures; logname= uid=0 euid=0 tty=ssh ruser= rhost=43.255.190.168  user=root
Apr 11 07:24:49 ovzhost sshd[1435]: pam_unix(sshd:auth): authentication failure; logname= uid=0 euid=0 tty=ssh ruser= rhost=43.255.190.168  user=root
Apr 11 07:24:50 ovzhost sshd[1433]: message repeated 2 times: [ Failed password for root from 43.255.190.164 port 39826 ssh2]
Apr 11 07:24:50 ovzhost sshd[1433]: Received disconnect from 43.255.190.164: 11:  [preauth]
Apr 11 07:24:50 ovzhost sshd[1433]: PAM 2 more authentication failures; logname= uid=0 euid=0 tty=ssh ruser= rhost=43.255.190.164  user=root
Apr 11 07:24:51 ovzhost sshd[1435]: Failed password for root from 43.255.190.168 port 33909 ssh2
Apr 11 07:24:52 ovzhost sshd[1437]: pam_unix(sshd:auth): authentication failure; logname= uid=0 euid=0 tty=ssh ruser= rhost=43.255.190.164  user=root
Apr 11 07:24:55 ovzhost sshd[1437]: Failed password for root from 43.255.190.164 port 58404 ssh2
Apr 11 07:24:55 ovzhost sshd[1435]: message repeated 2 times: [ Failed password for root from 43.255.190.168 port 33909 ssh2]
Apr 11 07:24:55 ovzhost sshd[1435]: Received disconnect from 43.255.190.168: 11:  [preauth]
Apr 11 07:24:55 ovzhost sshd[1435]: PAM 2 more authentication failures; logname= uid=0 euid=0 tty=ssh ruser= rhost=43.255.190.168  user=root
Apr 11 07:24:56 ovzhost sshd[1439]: pam_unix(sshd:auth): authentication failure; logname= uid=0 euid=0 tty=ssh ruser= rhost=43.255.190.168  user=root
Apr 11 07:24:58 ovzhost sshd[1439]: Failed password for root from 43.255.190.168 port 49198 ssh2
Apr 11 07:25:00 ovzhost sshd[1437]: message repeated 2 times: [ Failed password for root from 43.255.190.164 port 58404 ssh2]
Apr 11 07:25:00 ovzhost sshd[1437]: Received disconnect from 43.255.190.164: 11:  [preauth]
Apr 11 07:25:00 ovzhost sshd[1437]: PAM 2 more authentication failures; logname= uid=0 euid=0 tty=ssh ruser= rhost=43.255.190.164  user=root
Apr 11 07:25:02 ovzhost sshd[1439]: message repeated 2 times: [ Failed password for root from 43.255.190.168 port 49198 ssh2]
Apr 11 07:25:02 ovzhost sshd[1439]: Received disconnect from 43.255.190.168: 11:  [preauth]
Apr 11 07:25:02 ovzhost sshd[1439]: PAM 2 more authentication failures; logname= uid=0 euid=0 tty=ssh ruser= rhost=43.255.190.168  user=root
Apr 11 07:25:02 ovzhost sshd[1442]: pam_unix(sshd:auth): authentication failure; logname= uid=0 euid=0 tty=ssh ruser= rhost=43.255.190.164  user=root
Apr 11 07:25:03 ovzhost sshd[1444]: pam_unix(sshd:auth): authentication failure; logname= uid=0 euid=0 tty=ssh ruser= rhost=43.255.190.168  user=root
Apr 11 07:25:04 ovzhost sshd[1442]: Failed password for root from 43.255.190.164 port 55968 ssh2
Apr 11 07:25:05 ovzhost sshd[1444]: Failed password for root from 43.255.190.168 port 34920 ssh2
Apr 11 07:25:09 ovzhost sshd[1442]: message repeated 2 times: [ Failed password for root from 43.255.190.164 port 55968 ssh2]
Apr 11 07:25:09 ovzhost sshd[1442]: Received disconnect from 43.255.190.164: 11:  [preauth]
Apr 11 07:25:09 ovzhost sshd[1442]: PAM 2 more authentication failures; logname= uid=0 euid=0 tty=ssh ruser= rhost=43.255.190.164  user=root
Apr 11 07:25:09 ovzhost sshd[1444]: message repeated 2 times: [ Failed password for root from 43.255.190.168 port 34920 ssh2]
Apr 11 07:25:09 ovzhost sshd[1444]: Received disconnect from 43.255.190.168: 11:  [preauth]
Apr 11 07:25:09 ovzhost sshd[1444]: PAM 2 more authentication failures; logname= uid=0 euid=0 tty=ssh ruser= rhost=43.255.190.168  user=root
Apr 11 07:25:10 ovzhost sshd[1448]: pam_unix(sshd:auth): authentication failure; logname= uid=0 euid=0 tty=ssh ruser= rhost=43.255.190.168  user=root
Apr 11 07:25:12 ovzhost sshd[1446]: pam_unix(sshd:auth): authentication failure; logname= uid=0 euid=0 tty=ssh ruser= rhost=43.255.190.164  user=root
Apr 11 07:25:12 ovzhost sshd[1448]: Failed password for root from 43.255.190.168 port 50562 ssh2
Apr 11 07:25:13 ovzhost sshd[1446]: Failed password for root from 43.255.190.164 port 49514 ssh2
Apr 11 07:25:17 ovzhost sshd[1448]: message repeated 2 times: [ Failed password for root from 43.255.190.168 port 50562 ssh2]
Apr 11 07:25:17 ovzhost sshd[1448]: Received disconnect from 43.255.190.168: 11:  [preauth]
Apr 11 07:25:17 ovzhost sshd[1448]: PAM 2 more authentication failures; logname= uid=0 euid=0 tty=ssh ruser= rhost=43.255.190.168  user=root
Apr 11 07:25:18 ovzhost sshd[1450]: pam_unix(sshd:auth): authentication failure; logname= uid=0 euid=0 tty=ssh ruser= rhost=43.255.190.168  user=root
Apr 11 07:25:19 ovzhost sshd[1446]: message repeated 2 times: [ Failed password for root from 43.255.190.164 port 49514 ssh2]
Apr 11 07:25:19 ovzhost sshd[1446]: Received disconnect from 43.255.190.164: 11:  [preauth]
Apr 11 07:25:19 ovzhost sshd[1446]: PAM 2 more authentication failures; logname= uid=0 euid=0 tty=ssh ruser= rhost=43.255.190.164  user=root
Apr 11 07:25:19 ovzhost sshd[1452]: pam_unix(sshd:auth): authentication failure; logname= uid=0 euid=0 tty=ssh ruser= rhost=43.255.190.164  user=root
Apr 11 07:25:20 ovzhost sshd[1450]: Failed password for root from 43.255.190.168 port 39224 ssh2
Apr 11 07:25:21 ovzhost sshd[1452]: Failed password for root from 43.255.190.164 port 45052 ssh2
Apr 11 07:25:25 ovzhost sshd[1450]: message repeated 2 times: [ Failed password for root from 43.255.190.168 port 39224 ssh2]
Apr 11 07:25:25 ovzhost sshd[1450]: Received disconnect from 43.255.190.168: 11:  [preauth]
Apr 11 07:25:25 ovzhost sshd[1450]: PAM 2 more authentication failures; logname= uid=0 euid=0 tty=ssh ruser= rhost=43.255.190.168  user=root
Apr 11 07:25:26 ovzhost sshd[1452]: message repeated 2 times: [ Failed password for root from 43.255.190.164 port 45052 ssh2]
Apr 11 07:25:26 ovzhost sshd[1452]: Received disconnect from 43.255.190.164: 11:  [preauth]
Apr 11 07:25:26 ovzhost sshd[1452]: PAM 2 more authentication failures; logname= uid=0 euid=0 tty=ssh ruser= rhost=43.255.190.164  user=root
Apr 11 07:25:27 ovzhost sshd[1456]: pam_unix(sshd:auth): authentication failure; logname= uid=0 euid=0 tty=ssh ruser= rhost=43.255.190.164  user=root
Apr 11 07:25:28 ovzhost sshd[1454]: pam_unix(sshd:auth): authentication failure; logname= uid=0 euid=0 tty=ssh ruser= rhost=43.255.190.168  user=root
Apr 11 07:25:30 ovzhost sshd[1456]: Failed password for root from 43.255.190.164 port 34020 ssh2
Apr 11 07:25:31 ovzhost sshd[1454]: Failed password for root from 43.255.190.168 port 55377 ssh2
Apr 11 07:25:35 ovzhost sshd[1456]: message repeated 2 times: [ Failed password for root from 43.255.190.164 port 34020 ssh2]
Apr 11 07:25:35 ovzhost sshd[1456]: Received disconnect from 43.255.190.164: 11:  [preauth]
Apr 11 07:25:35 ovzhost sshd[1456]: PAM 2 more authentication failures; logname= uid=0 euid=0 tty=ssh ruser= rhost=43.255.190.164  user=root
Apr 11 07:25:36 ovzhost sshd[1458]: pam_unix(sshd:auth): authentication failure; logname= uid=0 euid=0 tty=ssh ruser= rhost=43.255.190.164  user=root
Apr 11 07:25:37 ovzhost sshd[1454]: message repeated 2 times: [ Failed password for root from 43.255.190.168 port 55377 ssh2]
Apr 11 07:25:37 ovzhost sshd[1454]: Received disconnect from 43.255.190.168: 11:  [preauth]
Apr 11 07:25:37 ovzhost sshd[1454]: PAM 2 more authentication failures; logname= uid=0 euid=0 tty=ssh ruser= rhost=43.255.190.168  user=root
Apr 11 07:25:38 ovzhost sshd[1461]: pam_unix(sshd:auth): authentication failure; logname= uid=0 euid=0 tty=ssh ruser= rhost=43.255.190.168  user=root
Apr 11 07:25:38 ovzhost sshd[1458]: Failed password for root from 43.255.190.164 port 56178 ssh2
Apr 11 07:25:41 ovzhost sshd[1461]: Failed password for root from 43.255.190.168 port 53954 ssh2
Apr 11 07:25:43 ovzhost sshd[1458]: message repeated 2 times: [ Failed password for root from 43.255.190.164 port 56178 ssh2]
Apr 11 07:25:43 ovzhost sshd[1458]: Received disconnect from 43.255.190.164: 11:  [preauth]
Apr 11 07:25:43 ovzhost sshd[1458]: PAM 2 more authentication failures; logname= uid=0 euid=0 tty=ssh ruser= rhost=43.255.190.164  user=root
Apr 11 07:25:45 ovzhost sshd[1463]: pam_unix(sshd:auth): authentication failure; logname= uid=0 euid=0 tty=ssh ruser= rhost=43.255.190.164  user=root
Apr 11 07:25:45 ovzhost sshd[1461]: message repeated 2 times: [ Failed password for root from 43.255.190.168 port 53954 ssh2]
Apr 11 07:25:45 ovzhost sshd[1461]: Received disconnect from 43.255.190.168: 11:  [preauth]
Apr 11 07:25:45 ovzhost sshd[1461]: PAM 2 more authentication failures; logname= uid=0 euid=0 tty=ssh ruser= rhost=43.255.190.168  user=root
Apr 11 07:25:47 ovzhost sshd[1463]: Failed password for root from 43.255.190.164 port 46433 ssh2
Apr 11 07:25:47 ovzhost sshd[1465]: pam_unix(sshd:auth): authentication failure; logname= uid=0 euid=0 tty=ssh ruser= rhost=43.255.190.168  user=root
Apr 11 07:25:49 ovzhost sshd[1465]: Failed password for root from 43.255.190.168 port 41919 ssh2
Apr 11 07:25:51 ovzhost sshd[1463]: message repeated 2 times: [ Failed password for root from 43.255.190.164 port 46433 ssh2]
Apr 11 07:25:52 ovzhost sshd[1463]: Received disconnect from 43.255.190.164: 11:  [preauth]
Apr 11 07:25:52 ovzhost sshd[1463]: PAM 2 more authentication failures; logname= uid=0 euid=0 tty=ssh ruser= rhost=43.255.190.164  user=root
Apr 11 07:25:53 ovzhost sshd[1467]: pam_unix(sshd:auth): authentication failure; logname= uid=0 euid=0 tty=ssh ruser= rhost=43.255.190.164  user=root
Apr 11 07:25:54 ovzhost sshd[1465]: message repeated 2 times: [ Failed password for root from 43.255.190.168 port 41919 ssh2]
Apr 11 07:25:54 ovzhost sshd[1465]: Received disconnect from 43.255.190.168: 11:  [preauth]
Apr 11 07:25:54 ovzhost sshd[1465]: PAM 2 more authentication failures; logname= uid=0 euid=0 tty=ssh ruser= rhost=43.255.190.168  user=root
Apr 11 07:25:55 ovzhost sshd[1467]: Failed password for root from 43.255.190.164 port 37970 ssh2
Apr 11 07:25:57 ovzhost sshd[1469]: pam_unix(sshd:auth): authentication failure; logname= uid=0 euid=0 tty=ssh ruser= rhost=43.255.190.168  user=root
Apr 11 07:25:59 ovzhost sshd[1469]: Failed password for root from 43.255.190.168 port 60077 ssh2
Apr 11 07:26:00 ovzhost sshd[1467]: message repeated 2 times: [ Failed password for root from 43.255.190.164 port 37970 ssh2]
Apr 11 07:26:01 ovzhost sshd[1467]: Received disconnect from 43.255.190.164: 11:  [preauth]
Apr 11 07:26:01 ovzhost sshd[1467]: PAM 2 more authentication failures; logname= uid=0 euid=0 tty=ssh ruser= rhost=43.255.190.164  user=root
Apr 11 07:26:02 ovzhost sshd[1471]: pam_unix(sshd:auth): authentication failure; logname= uid=0 euid=0 tty=ssh ruser= rhost=43.255.190.164  user=root
Apr 11 07:26:03 ovzhost sshd[1469]: message repeated 2 times: [ Failed password for root from 43.255.190.168 port 60077 ssh2]
Apr 11 07:26:03 ovzhost sshd[1469]: Received disconnect from 43.255.190.168: 11:  [preauth]
Apr 11 07:26:03 ovzhost sshd[1469]: PAM 2 more authentication failures; logname= uid=0 euid=0 tty=ssh ruser= rhost=43.255.190.168  user=root
Apr 11 07:26:05 ovzhost sshd[1471]: Failed password for root from 43.255.190.164 port 59021 ssh2
Apr 11 07:26:05 ovzhost sshd[1473]: pam_unix(sshd:auth): authentication failure; logname= uid=0 euid=0 tty=ssh ruser= rhost=43.255.190.168  user=root
Apr 11 07:26:07 ovzhost sshd[1473]: Failed password for root from 43.255.190.168 port 50323 ssh2
Apr 11 07:26:09 ovzhost sshd[1471]: message repeated 2 times: [ Failed password for root from 43.255.190.164 port 59021 ssh2]
Apr 11 07:26:09 ovzhost sshd[1471]: Received disconnect from 43.255.190.164: 11:  [preauth]
Apr 11 07:26:09 ovzhost sshd[1471]: PAM 2 more authentication failures; logname= uid=0 euid=0 tty=ssh ruser= rhost=43.255.190.164  user=root
Apr 11 07:26:11 ovzhost sshd[1475]: pam_unix(sshd:auth): authentication failure; logname= uid=0 euid=0 tty=ssh ruser= rhost=43.255.190.164  user=root
Apr 11 07:26:12 ovzhost sshd[1473]: message repeated 2 times: [ Failed password for root from 43.255.190.168 port 50323 ssh2]
Apr 11 07:26:12 ovzhost sshd[1473]: Received disconnect from 43.255.190.168: 11:  [preauth]
Apr 11 07:26:12 ovzhost sshd[1473]: PAM 2 more authentication failures; logname= uid=0 euid=0 tty=ssh ruser= rhost=43.255.190.168  user=root
Apr 11 07:26:13 ovzhost sshd[1475]: Failed password for root from 43.255.190.164 port 52125 ssh2
Apr 11 07:26:14 ovzhost sshd[1477]: pam_unix(sshd:auth): authentication failure; logname= uid=0 euid=0 tty=ssh ruser= rhost=43.255.190.168  user=root
Apr 11 07:26:16 ovzhost sshd[1477]: Failed password for root from 43.255.190.168 port 39363 ssh2
Apr 11 07:26:17 ovzhost sshd[1475]: message repeated 2 times: [ Failed password for root from 43.255.190.164 port 52125 ssh2]
Apr 11 07:26:17 ovzhost sshd[1475]: Received disconnect from 43.255.190.164: 11:  [preauth]
Apr 11 07:26:17 ovzhost sshd[1475]: PAM 2 more authentication failures; logname= uid=0 euid=0 tty=ssh ruser= rhost=43.255.190.164  user=root
Apr 11 07:26:20 ovzhost sshd[1481]: pam_unix(sshd:auth): authentication failure; logname= uid=0 euid=0 tty=ssh ruser= rhost=43.255.190.164  user=root
Apr 11 07:26:23 ovzhost sshd[1481]: Failed password for root from 43.255.190.164 port 43823 ssh2
Apr 11 07:26:22 ovzhost sshd[1477]: message repeated 2 times: [ Failed password for root from 43.255.190.168 port 39363 ssh2]
Apr 11 07:26:23 ovzhost sshd[1477]: Received disconnect from 43.255.190.168: 11:  [preauth]
Apr 11 07:26:23 ovzhost sshd[1477]: PAM 2 more authentication failures; logname= uid=0 euid=0 tty=ssh ruser= rhost=43.255.190.168  user=root
Apr 11 07:26:25 ovzhost sshd[1485]: pam_unix(sshd:auth): authentication failure; logname= uid=0 euid=0 tty=ssh ruser= rhost=43.255.190.168  user=root
Apr 11 07:26:27 ovzhost sshd[1485]: Failed password for root from 43.255.190.168 port 60698 ssh2
Apr 11 07:26:27 ovzhost sshd[1481]: message repeated 2 times: [ Failed password for root from 43.255.190.164 port 43823 ssh2]
Apr 11 07:26:27 ovzhost sshd[1481]: Received disconnect from 43.255.190.164: 11:  [preauth]
Apr 11 07:26:27 ovzhost sshd[1481]: PAM 2 more authentication failures; logname= uid=0 euid=0 tty=ssh ruser= rhost=43.255.190.164  user=root
Apr 11 07:26:28 ovzhost sshd[1487]: pam_unix(sshd:auth): authentication failure; logname= uid=0 euid=0 tty=ssh ruser= rhost=43.255.190.164  user=root
Apr 11 07:26:30 ovzhost sshd[1487]: Failed password for root from 43.255.190.164 port 37666 ssh2
Apr 11 07:26:31 ovzhost sshd[1485]: message repeated 2 times: [ Failed password for root from 43.255.190.168 port 60698 ssh2]
Apr 11 07:26:31 ovzhost sshd[1485]: Received disconnect from 43.255.190.168: 11:  [preauth]
Apr 11 07:26:31 ovzhost sshd[1485]: PAM 2 more authentication failures; logname= uid=0 euid=0 tty=ssh ruser= rhost=43.255.190.168  user=root
Apr 11 07:26:32 ovzhost sshd[1489]: pam_unix(sshd:auth): authentication failure; logname= uid=0 euid=0 tty=ssh ruser= rhost=43.255.190.168  user=root
Apr 11 07:26:34 ovzhost sshd[1489]: Failed password for root from 43.255.190.168 port 49356 ssh2
Apr 11 07:26:35 ovzhost sshd[1487]: message repeated 2 times: [ Failed password for root from 43.255.190.164 port 37666 ssh2]
Apr 11 07:26:35 ovzhost sshd[1487]: Received disconnect from 43.255.190.164: 11:  [preauth]
Apr 11 07:26:35 ovzhost sshd[1487]: PAM 2 more authentication failures; logname= uid=0 euid=0 tty=ssh ruser= rhost=43.255.190.164  user=root
Apr 11 07:26:36 ovzhost sshd[1491]: pam_unix(sshd:auth): authentication failure; logname= uid=0 euid=0 tty=ssh ruser= rhost=43.255.190.164  user=root
Apr 11 07:26:38 ovzhost sshd[1491]: Failed password for root from 43.255.190.164 port 57736 ssh2
Apr 11 07:26:39 ovzhost sshd[1489]: message repeated 2 times: [ Failed password for root from 43.255.190.168 port 49356 ssh2]
Apr 11 07:26:39 ovzhost sshd[1489]: Received disconnect from 43.255.190.168: 11:  [preauth]
Apr 11 07:26:39 ovzhost sshd[1489]: PAM 2 more authentication failures; logname= uid=0 euid=0 tty=ssh ruser= rhost=43.255.190.168  user=root
Apr 11 07:26:41 ovzhost sshd[1493]: pam_unix(sshd:auth): authentication failure; logname= uid=0 euid=0 tty=ssh ruser= rhost=43.255.190.168  user=root
Apr 11 07:26:43 ovzhost sshd[1493]: Failed password for root from 43.255.190.168 port 36401 ssh2
Apr 11 07:26:43 ovzhost sshd[1491]: message repeated 2 times: [ Failed password for root from 43.255.190.164 port 57736 ssh2]
Apr 11 07:26:43 ovzhost sshd[1491]: Received disconnect from 43.255.190.164: 11:  [preauth]
Apr 11 07:26:43 ovzhost sshd[1491]: PAM 2 more authentication failures; logname= uid=0 euid=0 tty=ssh ruser= rhost=43.255.190.164  user=root
Apr 11 07:26:47 ovzhost sshd[1495]: pam_unix(sshd:auth): authentication failure; logname= uid=0 euid=0 tty=ssh ruser= rhost=43.255.190.164  user=root
Apr 11 07:26:47 ovzhost sshd[1493]: message repeated 2 times: [ Failed password for root from 43.255.190.168 port 36401 ssh2]
Apr 11 07:26:48 ovzhost sshd[1493]: Received disconnect from 43.255.190.168: 11:  [preauth]
Apr 11 07:26:48 ovzhost sshd[1493]: PAM 2 more authentication failures; logname= uid=0 euid=0 tty=ssh ruser= rhost=43.255.190.168  user=root
Apr 11 07:26:48 ovzhost sshd[1497]: pam_unix(sshd:auth): authentication failure; logname= uid=0 euid=0 tty=ssh ruser= rhost=43.255.190.168  user=root
Apr 11 07:26:49 ovzhost sshd[1495]: Failed password for root from 43.255.190.164 port 50100 ssh2
Apr 11 07:26:51 ovzhost sshd[1497]: Failed password for root from 43.255.190.168 port 53018 ssh2
Apr 11 07:26:53 ovzhost sshd[1495]: message repeated 2 times: [ Failed password for root from 43.255.190.164 port 50100 ssh2]
Apr 11 07:26:54 ovzhost sshd[1495]: Received disconnect from 43.255.190.164: 11:  [preauth]
Apr 11 07:26:54 ovzhost sshd[1495]: PAM 2 more authentication failures; logname= uid=0 euid=0 tty=ssh ruser= rhost=43.255.190.164  user=root
Apr 11 07:26:54 ovzhost sshd[1500]: pam_unix(sshd:auth): authentication failure; logname= uid=0 euid=0 tty=ssh ruser= rhost=43.255.190.164  user=root
Apr 11 07:26:54 ovzhost sshd[1497]: message repeated 2 times: [ Failed password for root from 43.255.190.168 port 53018 ssh2]
Apr 11 07:26:54 ovzhost sshd[1497]: Received disconnect from 43.255.190.168: 11:  [preauth]
Apr 11 07:26:54 ovzhost sshd[1497]: PAM 2 more authentication failures; logname= uid=0 euid=0 tty=ssh ruser= rhost=43.255.190.168  user=root
Apr 11 07:26:55 ovzhost sshd[1502]: pam_unix(sshd:auth): authentication failure; logname= uid=0 euid=0 tty=ssh ruser= rhost=43.255.190.168  user=root
Apr 11 07:26:56 ovzhost sshd[1500]: Failed password for root from 43.255.190.164 port 45906 ssh2
Apr 11 07:26:57 ovzhost sshd[1502]: Failed password for root from 43.255.190.168 port 38479 ssh2
Apr 11 07:27:01 ovzhost sshd[1500]: message repeated 2 times: [ Failed password for root from 43.255.190.164 port 45906 ssh2]
Apr 11 07:27:01 ovzhost sshd[1500]: Received disconnect from 43.255.190.164: 11:  [preauth]
Apr 11 07:27:01 ovzhost sshd[1500]: PAM 2 more authentication failures; logname= uid=0 euid=0 tty=ssh ruser= rhost=43.255.190.164  user=root
Apr 11 07:27:01 ovzhost sshd[1504]: pam_unix(sshd:auth): authentication failure; logname= uid=0 euid=0 tty=ssh ruser= rhost=43.255.190.164  user=root
Apr 11 07:27:01 ovzhost sshd[1502]: message repeated 2 times: [ Failed password for root from 43.255.190.168 port 38479 ssh2]
Apr 11 07:27:01 ovzhost sshd[1502]: Received disconnect from 43.255.190.168: 11:  [preauth]
Apr 11 07:27:01 ovzhost sshd[1502]: PAM 2 more authentication failures; logname= uid=0 euid=0 tty=ssh ruser= rhost=43.255.190.168  user=root
Apr 11 07:27:02 ovzhost sshd[1506]: pam_unix(sshd:auth): authentication failure; logname= uid=0 euid=0 tty=ssh ruser= rhost=43.255.190.168  user=root
Apr 11 07:27:04 ovzhost sshd[1504]: Failed password for root from 43.255.190.164 port 35785 ssh2
Apr 11 07:27:04 ovzhost sshd[1506]: Failed password for root from 43.255.190.168 port 53007 ssh2
Apr 11 07:27:08 ovzhost sshd[1504]: message repeated 2 times: [ Failed password for root from 43.255.190.164 port 35785 ssh2]
Apr 11 07:27:08 ovzhost sshd[1504]: Received disconnect from 43.255.190.164: 11:  [preauth]
Apr 11 07:27:08 ovzhost sshd[1504]: PAM 2 more authentication failures; logname= uid=0 euid=0 tty=ssh ruser= rhost=43.255.190.164  user=root
Apr 11 07:27:09 ovzhost sshd[1506]: message repeated 2 times: [ Failed password for root from 43.255.190.168 port 53007 ssh2]
Apr 11 07:27:09 ovzhost sshd[1506]: Received disconnect from 43.255.190.168: 11:  [preauth]
Apr 11 07:27:09 ovzhost sshd[1506]: PAM 2 more authentication failures; logname= uid=0 euid=0 tty=ssh ruser= rhost=43.255.190.168  user=root
Apr 11 07:27:11 ovzhost sshd[1508]: pam_unix(sshd:auth): authentication failure; logname= uid=0 euid=0 tty=ssh ruser= rhost=43.255.190.164  user=root
Apr 11 07:27:13 ovzhost sshd[1508]: Failed password for root from 43.255.190.164 port 54511 ssh2
Apr 11 07:27:13 ovzhost sshd[1510]: pam_unix(sshd:auth): authentication failure; logname= uid=0 euid=0 tty=ssh ruser= rhost=43.255.190.168  user=root
Apr 11 07:27:15 ovzhost sshd[1510]: Failed password for root from 43.255.190.168 port 40104 ssh2
Apr 11 07:27:17 ovzhost sshd[1508]: message repeated 2 times: [ Failed password for root from 43.255.190.164 port 54511 ssh2]
Apr 11 07:27:17 ovzhost sshd[1508]: Received disconnect from 43.255.190.164: 11:  [preauth]
Apr 11 07:27:17 ovzhost sshd[1508]: PAM 2 more authentication failures; logname= uid=0 euid=0 tty=ssh ruser= rhost=43.255.190.164  user=root
Apr 11 07:27:18 ovzhost sshd[1514]: pam_unix(sshd:auth): authentication failure; logname= uid=0 euid=0 tty=ssh ruser= rhost=43.255.190.164  user=root
Apr 11 07:27:20 ovzhost sshd[1510]: message repeated 2 times: [ Failed password for root from 43.255.190.168 port 40104 ssh2]
Apr 11 07:27:20 ovzhost sshd[1510]: Received disconnect from 43.255.190.168: 11:  [preauth]
Apr 11 07:27:20 ovzhost sshd[1510]: PAM 2 more authentication failures; logname= uid=0 euid=0 tty=ssh ruser= rhost=43.255.190.168  user=root
Apr 11 07:27:20 ovzhost sshd[1517]: Connection closed by 127.0.0.1 [preauth]
Apr 11 07:27:21 ovzhost sshd[1514]: Failed password for root from 43.255.190.164 port 47078 ssh2
Apr 11 07:27:21 ovzhost sshd[1519]: pam_unix(sshd:auth): authentication failure; logname= uid=0 euid=0 tty=ssh ruser= rhost=43.255.190.168  user=root
Apr 11 07:27:24 ovzhost sshd[1519]: Failed password for root from 43.255.190.168 port 32834 ssh2
Apr 11 07:27:25 ovzhost sshd[1514]: message repeated 2 times: [ Failed password for root from 43.255.190.164 port 47078 ssh2]
Apr 11 07:27:25 ovzhost sshd[1514]: Received disconnect from 43.255.190.164: 11:  [preauth]
Apr 11 07:27:25 ovzhost sshd[1514]: PAM 2 more authentication failures; logname= uid=0 euid=0 tty=ssh ruser= rhost=43.255.190.164  user=root
Apr 11 07:27:26 ovzhost sshd[1522]: pam_unix(sshd:auth): authentication failure; logname= uid=0 euid=0 tty=ssh ruser= rhost=43.255.190.164  user=root
Apr 11 07:27:27 ovzhost sshd[1519]: message repeated 2 times: [ Failed password for root from 43.255.190.168 port 32834 ssh2]
Apr 11 07:27:28 ovzhost sshd[1519]: Received disconnect from 43.255.190.168: 11:  [preauth]
Apr 11 07:27:28 ovzhost sshd[1519]: PAM 2 more authentication failures; logname= uid=0 euid=0 tty=ssh ruser= rhost=43.255.190.168  user=root
Apr 11 07:27:28 ovzhost sshd[1522]: Failed password for root from 43.255.190.164 port 37958 ssh2
Apr 11 07:27:28 ovzhost sshd[1524]: pam_unix(sshd:auth): authentication failure; logname= uid=0 euid=0 tty=ssh ruser= rhost=43.255.190.168  user=root
Apr 11 07:27:30 ovzhost sshd[1524]: Failed password for root from 43.255.190.168 port 48299 ssh2
Apr 11 07:27:32 ovzhost sshd[1522]: message repeated 2 times: [ Failed password for root from 43.255.190.164 port 37958 ssh2]
Apr 11 07:27:32 ovzhost sshd[1522]: Received disconnect from 43.255.190.164: 11:  [preauth]
Apr 11 07:27:32 ovzhost sshd[1522]: PAM 2 more authentication failures; logname= uid=0 euid=0 tty=ssh ruser= rhost=43.255.190.164  user=root
Apr 11 07:27:34 ovzhost sshd[1526]: pam_unix(sshd:auth): authentication failure; logname= uid=0 euid=0 tty=ssh ruser= rhost=43.255.190.164  user=root
Apr 11 07:27:35 ovzhost sshd[1524]: message repeated 2 times: [ Failed password for root from 43.255.190.168 port 48299 ssh2]
Apr 11 07:27:35 ovzhost sshd[1524]: Received disconnect from 43.255.190.168: 11:  [preauth]
Apr 11 07:27:35 ovzhost sshd[1524]: PAM 2 more authentication failures; logname= uid=0 euid=0 tty=ssh ruser= rhost=43.255.190.168  user=root
Apr 11 07:27:37 ovzhost sshd[1526]: Failed password for root from 43.255.190.164 port 55793 ssh2
Apr 11 07:27:37 ovzhost sshd[1528]: pam_unix(sshd:auth): authentication failure; logname= uid=0 euid=0 tty=ssh ruser= rhost=43.255.190.168  user=root
Apr 11 07:27:39 ovzhost sshd[1528]: Failed password for root from 43.255.190.168 port 34745 ssh2
Apr 11 07:27:41 ovzhost sshd[1526]: message repeated 2 times: [ Failed password for root from 43.255.190.164 port 55793 ssh2]
Apr 11 07:27:41 ovzhost sshd[1526]: Received disconnect from 43.255.190.164: 11:  [preauth]
Apr 11 07:27:41 ovzhost sshd[1526]: PAM 2 more authentication failures; logname= uid=0 euid=0 tty=ssh ruser= rhost=43.255.190.164  user=root
Apr 11 07:27:42 ovzhost sshd[1530]: pam_unix(sshd:auth): authentication failure; logname= uid=0 euid=0 tty=ssh ruser= rhost=43.255.190.164  user=root
Apr 11 07:27:44 ovzhost sshd[1530]: Failed password for root from 43.255.190.164 port 49733 ssh2
Apr 11 07:27:43 ovzhost sshd[1528]: message repeated 2 times: [ Failed password for root from 43.255.190.168 port 34745 ssh2]
Apr 11 07:27:45 ovzhost sshd[1528]: Received disconnect from 43.255.190.168: 11:  [preauth]
Apr 11 07:27:45 ovzhost sshd[1528]: PAM 2 more authentication failures; logname= uid=0 euid=0 tty=ssh ruser= rhost=43.255.190.168  user=root
Apr 11 07:27:46 ovzhost sshd[1532]: pam_unix(sshd:auth): authentication failure; logname= uid=0 euid=0 tty=ssh ruser= rhost=43.255.190.168  user=root
Apr 11 07:27:49 ovzhost sshd[1532]: Failed password for root from 43.255.190.168 port 55133 ssh2
Apr 11 07:27:49 ovzhost sshd[1530]: message repeated 2 times: [ Failed password for root from 43.255.190.164 port 49733 ssh2]
Apr 11 07:27:49 ovzhost sshd[1530]: Received disconnect from 43.255.190.164: 11:  [preauth]
Apr 11 07:27:49 ovzhost sshd[1530]: PAM 2 more authentication failures; logname= uid=0 euid=0 tty=ssh ruser= rhost=43.255.190.164  user=root
Apr 11 07:27:50 ovzhost sshd[1534]: pam_unix(sshd:auth): authentication failure; logname= uid=0 euid=0 tty=ssh ruser= rhost=43.255.190.164  user=root
Apr 11 07:27:51 ovzhost sshd[1534]: Failed password for root from 43.255.190.164 port 39064 ssh2
Apr 11 07:27:53 ovzhost sshd[1532]: message repeated 2 times: [ Failed password for root from 43.255.190.168 port 55133 ssh2]
Apr 11 07:27:53 ovzhost sshd[1532]: Received disconnect from 43.255.190.168: 11:  [preauth]
Apr 11 07:27:53 ovzhost sshd[1532]: PAM 2 more authentication failures; logname= uid=0 euid=0 tty=ssh ruser= rhost=43.255.190.168  user=root
Apr 11 07:27:53 ovzhost sshd[1536]: pam_unix(sshd:auth): authentication failure; logname= uid=0 euid=0 tty=ssh ruser= rhost=43.255.190.168  user=root
Apr 11 07:27:56 ovzhost sshd[1536]: Failed password for root from 43.255.190.168 port 41362 ssh2
Apr 11 07:27:56 ovzhost sshd[1534]: message repeated 2 times: [ Failed password for root from 43.255.190.164 port 39064 ssh2]
Apr 11 07:27:56 ovzhost sshd[1534]: Received disconnect from 43.255.190.164: 11:  [preauth]
Apr 11 07:27:56 ovzhost sshd[1534]: PAM 2 more authentication failures; logname= uid=0 euid=0 tty=ssh ruser= rhost=43.255.190.164  user=root
Apr 11 07:27:56 ovzhost sshd[1539]: pam_unix(sshd:auth): authentication failure; logname= uid=0 euid=0 tty=ssh ruser= rhost=43.255.190.164  user=root
Apr 11 07:27:58 ovzhost sshd[1539]: Failed password for root from 43.255.190.164 port 57601 ssh2
Apr 11 07:28:00 ovzhost sshd[1536]: message repeated 2 times: [ Failed password for root from 43.255.190.168 port 41362 ssh2]
Apr 11 07:28:00 ovzhost sshd[1536]: Received disconnect from 43.255.190.168: 11:  [preauth]
Apr 11 07:28:00 ovzhost sshd[1536]: PAM 2 more authentication failures; logname= uid=0 euid=0 tty=ssh ruser= rhost=43.255.190.168  user=root
Apr 11 07:28:01 ovzhost sshd[1541]: pam_unix(sshd:auth): authentication failure; logname= uid=0 euid=0 tty=ssh ruser= rhost=43.255.190.168  user=root
Apr 11 07:28:02 ovzhost sshd[1539]: message repeated 2 times: [ Failed password for root from 43.255.190.164 port 57601 ssh2]
Apr 11 07:28:02 ovzhost sshd[1539]: Received disconnect from 43.255.190.164: 11:  [preauth]
Apr 11 07:28:02 ovzhost sshd[1539]: PAM 2 more authentication failures; logname= uid=0 euid=0 tty=ssh ruser= rhost=43.255.190.164  user=root
Apr 11 07:28:03 ovzhost sshd[1543]: pam_unix(sshd:auth): authentication failure; logname= uid=0 euid=0 tty=ssh ruser= rhost=43.255.190.164  user=root
Apr 11 07:28:03 ovzhost sshd[1541]: Failed password for root from 43.255.190.168 port 56757 ssh2
Apr 11 07:28:04 ovzhost sshd[1543]: Failed password for root from 43.255.190.164 port 43995 ssh2
Apr 11 07:28:07 ovzhost sshd[1541]: message repeated 2 times: [ Failed password for root from 43.255.190.168 port 56757 ssh2]
Apr 11 07:28:07 ovzhost sshd[1541]: Received disconnect from 43.255.190.168: 11:  [preauth]
Apr 11 07:28:07 ovzhost sshd[1541]: PAM 2 more authentication failures; logname= uid=0 euid=0 tty=ssh ruser= rhost=43.255.190.168  user=root
Apr 11 07:28:08 ovzhost sshd[1545]: pam_unix(sshd:auth): authentication failure; logname= uid=0 euid=0 tty=ssh ruser= rhost=43.255.190.168  user=root
Apr 11 07:28:08 ovzhost sshd[1543]: message repeated 2 times: [ Failed password for root from 43.255.190.164 port 43995 ssh2]
Apr 11 07:28:08 ovzhost sshd[1543]: Received disconnect from 43.255.190.164: 11:  [preauth]
Apr 11 07:28:08 ovzhost sshd[1543]: PAM 2 more authentication failures; logname= uid=0 euid=0 tty=ssh ruser= rhost=43.255.190.164  user=root
Apr 11 07:28:09 ovzhost sshd[1547]: pam_unix(sshd:auth): authentication failure; logname= uid=0 euid=0 tty=ssh ruser= rhost=43.255.190.164  user=root
Apr 11 07:28:10 ovzhost sshd[1545]: Failed password for root from 43.255.190.168 port 42544 ssh2
Apr 11 07:28:11 ovzhost sshd[1547]: Failed password for root from 43.255.190.164 port 59996 ssh2
Apr 11 07:28:14 ovzhost sshd[1545]: message repeated 2 times: [ Failed password for root from 43.255.190.168 port 42544 ssh2]
Apr 11 07:28:14 ovzhost sshd[1545]: Received disconnect from 43.255.190.168: 11:  [preauth]
Apr 11 07:28:14 ovzhost sshd[1545]: PAM 2 more authentication failures; logname= uid=0 euid=0 tty=ssh ruser= rhost=43.255.190.168  user=root
Apr 11 07:28:14 ovzhost sshd[1549]: pam_unix(sshd:auth): authentication failure; logname= uid=0 euid=0 tty=ssh ruser= rhost=43.255.190.168  user=root
Apr 11 07:28:15 ovzhost sshd[1547]: message repeated 2 times: [ Failed password for root from 43.255.190.164 port 59996 ssh2]
Apr 11 07:28:15 ovzhost sshd[1547]: Received disconnect from 43.255.190.164: 11:  [preauth]
Apr 11 07:28:15 ovzhost sshd[1547]: PAM 2 more authentication failures; logname= uid=0 euid=0 tty=ssh ruser= rhost=43.255.190.164  user=root
Apr 11 07:28:15 ovzhost sshd[1551]: pam_unix(sshd:auth): authentication failure; logname= uid=0 euid=0 tty=ssh ruser= rhost=43.255.190.164  user=root
Apr 11 07:28:16 ovzhost sshd[1549]: Failed password for root from 43.255.190.168 port 56314 ssh2
Apr 11 07:28:17 ovzhost sshd[1551]: Failed password for root from 43.255.190.164 port 48267 ssh2
Apr 11 07:28:20 ovzhost sshd[1549]: message repeated 2 times: [ Failed password for root from 43.255.190.168 port 56314 ssh2]
Apr 11 07:28:20 ovzhost sshd[1549]: Received disconnect from 43.255.190.168: 11:  [preauth]
Apr 11 07:28:20 ovzhost sshd[1549]: PAM 2 more authentication failures; logname= uid=0 euid=0 tty=ssh ruser= rhost=43.255.190.168  user=root
Apr 11 07:28:21 ovzhost sshd[1553]: pam_unix(sshd:auth): authentication failure; logname= uid=0 euid=0 tty=ssh ruser= rhost=43.255.190.168  user=root
Apr 11 07:28:22 ovzhost sshd[1551]: message repeated 2 times: [ Failed password for root from 43.255.190.164 port 48267 ssh2]
Apr 11 07:28:22 ovzhost sshd[1551]: Received disconnect from 43.255.190.164: 11:  [preauth]
Apr 11 07:28:22 ovzhost sshd[1551]: PAM 2 more authentication failures; logname= uid=0 euid=0 tty=ssh ruser= rhost=43.255.190.164  user=root
Apr 11 07:28:22 ovzhost sshd[1555]: pam_unix(sshd:auth): authentication failure; logname= uid=0 euid=0 tty=ssh ruser= rhost=43.255.190.164  user=root
Apr 11 07:28:23 ovzhost sshd[1553]: Failed password for root from 43.255.190.168 port 42846 ssh2
Apr 11 07:28:24 ovzhost sshd[1555]: Failed password for root from 43.255.190.164 port 37371 ssh2
Apr 11 07:28:27 ovzhost sshd[1553]: message repeated 2 times: [ Failed password for root from 43.255.190.168 port 42846 ssh2]
Apr 11 07:28:27 ovzhost sshd[1553]: Received disconnect from 43.255.190.168: 11:  [preauth]
Apr 11 07:28:27 ovzhost sshd[1553]: PAM 2 more authentication failures; logname= uid=0 euid=0 tty=ssh ruser= rhost=43.255.190.168  user=root
Apr 11 07:28:28 ovzhost sshd[1559]: pam_unix(sshd:auth): authentication failure; logname= uid=0 euid=0 tty=ssh ruser= rhost=43.255.190.168  user=root
Apr 11 07:28:31 ovzhost sshd[1555]: message repeated 2 times: [ Failed password for root from 43.255.190.164 port 37371 ssh2]
Apr 11 07:28:31 ovzhost sshd[1555]: Received disconnect from 43.255.190.164: 11:  [preauth]
Apr 11 07:28:31 ovzhost sshd[1555]: PAM 2 more authentication failures; logname= uid=0 euid=0 tty=ssh ruser= rhost=43.255.190.164  user=root
Apr 11 07:28:31 ovzhost sshd[1559]: Failed password for root from 43.255.190.168 port 56717 ssh2
Apr 11 07:28:31 ovzhost sshd[1561]: pam_unix(sshd:auth): authentication failure; logname= uid=0 euid=0 tty=ssh ruser= rhost=43.255.190.164  user=root
Apr 11 07:28:34 ovzhost sshd[1561]: Failed password for root from 43.255.190.164 port 59724 ssh2
Apr 11 07:28:36 ovzhost sshd[1559]: message repeated 2 times: [ Failed password for root from 43.255.190.168 port 56717 ssh2]
Apr 11 07:28:36 ovzhost sshd[1559]: Received disconnect from 43.255.190.168: 11:  [preauth]
Apr 11 07:28:36 ovzhost sshd[1559]: PAM 2 more authentication failures; logname= uid=0 euid=0 tty=ssh ruser= rhost=43.255.190.168  user=root
Apr 11 07:28:36 ovzhost sshd[1565]: pam_unix(sshd:auth): authentication failure; logname= uid=0 euid=0 tty=ssh ruser= rhost=43.255.190.168  user=root
Apr 11 07:28:38 ovzhost sshd[1561]: message repeated 2 times: [ Failed password for root from 43.255.190.164 port 59724 ssh2]
Apr 11 07:28:38 ovzhost sshd[1561]: Received disconnect from 43.255.190.164: 11:  [preauth]
Apr 11 07:28:38 ovzhost sshd[1561]: PAM 2 more authentication failures; logname= uid=0 euid=0 tty=ssh ruser= rhost=43.255.190.164  user=root
Apr 11 07:28:38 ovzhost sshd[1565]: Failed password for root from 43.255.190.168 port 47046 ssh2
Apr 11 07:28:39 ovzhost sshd[1567]: pam_unix(sshd:auth): authentication failure; logname= uid=0 euid=0 tty=ssh ruser= rhost=43.255.190.164  user=root
Apr 11 07:28:40 ovzhost sshd[1567]: Failed password for root from 43.255.190.164 port 49322 ssh2
Apr 11 07:28:43 ovzhost sshd[1565]: message repeated 2 times: [ Failed password for root from 43.255.190.168 port 47046 ssh2]
Apr 11 07:28:43 ovzhost sshd[1565]: Received disconnect from 43.255.190.168: 11:  [preauth]
Apr 11 07:28:43 ovzhost sshd[1565]: PAM 2 more authentication failures; logname= uid=0 euid=0 tty=ssh ruser= rhost=43.255.190.168  user=root
Apr 11 07:28:43 ovzhost sshd[1569]: pam_unix(sshd:auth): authentication failure; logname= uid=0 euid=0 tty=ssh ruser= rhost=43.255.190.168  user=root
Apr 11 07:28:45 ovzhost sshd[1567]: message repeated 2 times: [ Failed password for root from 43.255.190.164 port 49322 ssh2]
Apr 11 07:28:45 ovzhost sshd[1567]: Received disconnect from 43.255.190.164: 11:  [preauth]
Apr 11 07:28:45 ovzhost sshd[1567]: PAM 2 more authentication failures; logname= uid=0 euid=0 tty=ssh ruser= rhost=43.255.190.164  user=root
Apr 11 07:28:45 ovzhost sshd[1569]: Failed password for root from 43.255.190.168 port 34103 ssh2
Apr 11 07:28:46 ovzhost sshd[1571]: pam_unix(sshd:auth): authentication failure; logname= uid=0 euid=0 tty=ssh ruser= rhost=43.255.190.164  user=root
Apr 11 07:28:48 ovzhost sshd[1571]: Failed password for root from 43.255.190.164 port 38984 ssh2
Apr 11 07:28:49 ovzhost sshd[1569]: message repeated 2 times: [ Failed password for root from 43.255.190.168 port 34103 ssh2]
Apr 11 07:28:49 ovzhost sshd[1569]: Received disconnect from 43.255.190.168: 11:  [preauth]
Apr 11 07:28:49 ovzhost sshd[1569]: PAM 2 more authentication failures; logname= uid=0 euid=0 tty=ssh ruser= rhost=43.255.190.168  user=root
Apr 11 07:28:51 ovzhost sshd[1571]: message repeated 2 times: [ Failed password for root from 43.255.190.164 port 38984 ssh2]
Apr 11 07:28:51 ovzhost sshd[1571]: Received disconnect from 43.255.190.164: 11:  [preauth]
Apr 11 07:28:51 ovzhost sshd[1571]: PAM 2 more authentication failures; logname= uid=0 euid=0 tty=ssh ruser= rhost=43.255.190.164  user=root
Apr 11 07:28:53 ovzhost sshd[1575]: pam_unix(sshd:auth): authentication failure; logname= uid=0 euid=0 tty=ssh ruser= rhost=43.255.190.164  user=root
Apr 11 07:28:55 ovzhost sshd[1575]: Failed password for root from 43.255.190.164 port 54526 ssh2
Apr 11 07:28:56 ovzhost sshd[1573]: pam_unix(sshd:auth): authentication failure; logname= uid=0 euid=0 tty=ssh ruser= rhost=43.255.190.168  user=root
Apr 11 07:28:58 ovzhost sshd[1573]: Failed password for root from 43.255.190.168 port 48877 ssh2
Apr 11 07:28:59 ovzhost sshd[1575]: message repeated 2 times: [ Failed password for root from 43.255.190.164 port 54526 ssh2]
Apr 11 07:28:59 ovzhost sshd[1575]: Received disconnect from 43.255.190.164: 11:  [preauth]
Apr 11 07:28:59 ovzhost sshd[1575]: PAM 2 more authentication failures; logname= uid=0 euid=0 tty=ssh ruser= rhost=43.255.190.164  user=root
Apr 11 07:28:59 ovzhost sshd[1579]: pam_unix(sshd:auth): authentication failure; logname= uid=0 euid=0 tty=ssh ruser= rhost=43.255.190.164  user=root
Apr 11 07:29:01 ovzhost sshd[1579]: Failed password for root from 43.255.190.164 port 44207 ssh2
Apr 11 07:29:01 ovzhost sshd[1573]: message repeated 2 times: [ Failed password for root from 43.255.190.168 port 48877 ssh2]
Apr 11 07:29:01 ovzhost sshd[1573]: Received disconnect from 43.255.190.168: 11:  [preauth]
Apr 11 07:29:01 ovzhost sshd[1573]: PAM 2 more authentication failures; logname= uid=0 euid=0 tty=ssh ruser= rhost=43.255.190.168  user=root
Apr 11 07:29:03 ovzhost sshd[1581]: pam_unix(sshd:auth): authentication failure; logname= uid=0 euid=0 tty=ssh ruser= rhost=43.255.190.168  user=root
Apr 11 07:29:05 ovzhost sshd[1581]: Failed password for root from 43.255.190.168 port 47861 ssh2
Apr 11 07:29:06 ovzhost sshd[1579]: message repeated 2 times: [ Failed password for root from 43.255.190.164 port 44207 ssh2]
Apr 11 07:29:06 ovzhost sshd[1579]: Received disconnect from 43.255.190.164: 11:  [preauth]
Apr 11 07:29:06 ovzhost sshd[1579]: PAM 2 more authentication failures; logname= uid=0 euid=0 tty=ssh ruser= rhost=43.255.190.164  user=root
Apr 11 07:29:06 ovzhost sshd[1583]: pam_unix(sshd:auth): authentication failure; logname= uid=0 euid=0 tty=ssh ruser= rhost=43.255.190.164  user=root
Apr 11 07:29:08 ovzhost sshd[1583]: Failed password for root from 43.255.190.164 port 33099 ssh2
Apr 11 07:29:09 ovzhost sshd[1581]: message repeated 2 times: [ Failed password for root from 43.255.190.168 port 47861 ssh2]
Apr 11 07:29:09 ovzhost sshd[1581]: Received disconnect from 43.255.190.168: 11:  [preauth]
Apr 11 07:29:09 ovzhost sshd[1581]: PAM 2 more authentication failures; logname= uid=0 euid=0 tty=ssh ruser= rhost=43.255.190.168  user=root
Apr 11 07:29:09 ovzhost sshd[1585]: pam_unix(sshd:auth): authentication failure; logname= uid=0 euid=0 tty=ssh ruser= rhost=43.255.190.168  user=root
Apr 11 07:29:11 ovzhost sshd[1585]: Failed password for root from 43.255.190.168 port 35226 ssh2
Apr 11 07:29:12 ovzhost sshd[1583]: message repeated 2 times: [ Failed password for root from 43.255.190.164 port 33099 ssh2]
Apr 11 07:29:13 ovzhost sshd[1583]: Received disconnect from 43.255.190.164: 11:  [preauth]
Apr 11 07:29:13 ovzhost sshd[1583]: PAM 2 more authentication failures; logname= uid=0 euid=0 tty=ssh ruser= rhost=43.255.190.164  user=root
Apr 11 07:29:13 ovzhost sshd[1587]: pam_unix(sshd:auth): authentication failure; logname= uid=0 euid=0 tty=ssh ruser= rhost=43.255.190.164  user=root
Apr 11 07:29:15 ovzhost sshd[1585]: message repeated 2 times: [ Failed password for root from 43.255.190.168 port 35226 ssh2]
Apr 11 07:29:15 ovzhost sshd[1585]: Received disconnect from 43.255.190.168: 11:  [preauth]
Apr 11 07:29:15 ovzhost sshd[1585]: PAM 2 more authentication failures; logname= uid=0 euid=0 tty=ssh ruser= rhost=43.255.190.168  user=root
Apr 11 07:29:15 ovzhost sshd[1587]: Failed password for root from 43.255.190.164 port 50442 ssh2
Apr 11 07:29:17 ovzhost sshd[1589]: pam_unix(sshd:auth): authentication failure; logname= uid=0 euid=0 tty=ssh ruser= rhost=43.255.190.168  user=root
Apr 11 07:29:19 ovzhost sshd[1589]: Failed password for root from 43.255.190.168 port 48534 ssh2
Apr 11 07:29:20 ovzhost sshd[1587]: message repeated 2 times: [ Failed password for root from 43.255.190.164 port 50442 ssh2]
Apr 11 07:29:20 ovzhost sshd[1587]: Received disconnect from 43.255.190.164: 11:  [preauth]
Apr 11 07:29:20 ovzhost sshd[1587]: PAM 2 more authentication failures; logname= uid=0 euid=0 tty=ssh ruser= rhost=43.255.190.164  user=root
Apr 11 07:29:21 ovzhost sshd[1591]: pam_unix(sshd:auth): authentication failure; logname= uid=0 euid=0 tty=ssh ruser= rhost=43.255.190.164  user=root
Apr 11 07:29:22 ovzhost sshd[1591]: Failed password for root from 43.255.190.164 port 38226 ssh2
Apr 11 07:29:22 ovzhost sshd[1589]: message repeated 2 times: [ Failed password for root from 43.255.190.168 port 48534 ssh2]
Apr 11 07:29:22 ovzhost sshd[1589]: Received disconnect from 43.255.190.168: 11:  [preauth]
Apr 11 07:29:22 ovzhost sshd[1589]: PAM 2 more authentication failures; logname= uid=0 euid=0 tty=ssh ruser= rhost=43.255.190.168  user=root
Apr 11 07:29:23 ovzhost sshd[1595]: pam_unix(sshd:auth): authentication failure; logname= uid=0 euid=0 tty=ssh ruser= rhost=43.255.190.168  user=root
Apr 11 07:29:24 ovzhost sshd[1595]: Failed password for root from 43.255.190.168 port 35980 ssh2
Apr 11 07:29:26 ovzhost sshd[1591]: message repeated 2 times: [ Failed password for root from 43.255.190.164 port 38226 ssh2]
Apr 11 07:29:27 ovzhost sshd[1591]: Received disconnect from 43.255.190.164: 11:  [preauth]
Apr 11 07:29:27 ovzhost sshd[1591]: PAM 2 more authentication failures; logname= uid=0 euid=0 tty=ssh ruser= rhost=43.255.190.164  user=root
Apr 11 07:29:27 ovzhost sshd[1598]: pam_unix(sshd:auth): authentication failure; logname= uid=0 euid=0 tty=ssh ruser= rhost=43.255.190.164  user=root
Apr 11 07:29:28 ovzhost sshd[1595]: message repeated 2 times: [ Failed password for root from 43.255.190.168 port 35980 ssh2]
Apr 11 07:29:28 ovzhost sshd[1595]: Received disconnect from 43.255.190.168: 11:  [preauth]
Apr 11 07:29:28 ovzhost sshd[1595]: PAM 2 more authentication failures; logname= uid=0 euid=0 tty=ssh ruser= rhost=43.255.190.168  user=root
Apr 11 07:29:28 ovzhost sshd[1600]: pam_unix(sshd:auth): authentication failure; logname= uid=0 euid=0 tty=ssh ruser= rhost=43.255.190.168  user=root
Apr 11 07:29:29 ovzhost sshd[1598]: Failed password for root from 43.255.190.164 port 56489 ssh2
Apr 11 07:29:30 ovzhost sshd[1600]: Failed password for root from 43.255.190.168 port 48395 ssh2
Apr 11 07:29:33 ovzhost sshd[1598]: message repeated 2 times: [ Failed password for root from 43.255.190.164 port 56489 ssh2]
Apr 11 07:29:33 ovzhost sshd[1598]: Received disconnect from 43.255.190.164: 11:  [preauth]
Apr 11 07:29:33 ovzhost sshd[1598]: PAM 2 more authentication failures; logname= uid=0 euid=0 tty=ssh ruser= rhost=43.255.190.164  user=root
Apr 11 07:29:34 ovzhost sshd[1602]: pam_unix(sshd:auth): authentication failure; logname= uid=0 euid=0 tty=ssh ruser= rhost=43.255.190.164  user=root
Apr 11 07:29:34 ovzhost sshd[1600]: message repeated 2 times: [ Failed password for root from 43.255.190.168 port 48395 ssh2]
Apr 11 07:29:35 ovzhost sshd[1600]: Received disconnect from 43.255.190.168: 11:  [preauth]
Apr 11 07:29:35 ovzhost sshd[1600]: PAM 2 more authentication failures; logname= uid=0 euid=0 tty=ssh ruser= rhost=43.255.190.168  user=root
Apr 11 07:29:36 ovzhost sshd[1602]: Failed password for root from 43.255.190.164 port 43966 ssh2
Apr 11 07:29:36 ovzhost sshd[1604]: pam_unix(sshd:auth): authentication failure; logname= uid=0 euid=0 tty=ssh ruser= rhost=43.255.190.168  user=root
Apr 11 07:29:37 ovzhost sshd[1604]: Failed password for root from 43.255.190.168 port 34573 ssh2
Apr 11 07:29:39 ovzhost sshd[1602]: message repeated 2 times: [ Failed password for root from 43.255.190.164 port 43966 ssh2]
Apr 11 07:29:40 ovzhost sshd[1602]: Received disconnect from 43.255.190.164: 11:  [preauth]
Apr 11 07:29:40 ovzhost sshd[1602]: PAM 2 more authentication failures; logname= uid=0 euid=0 tty=ssh ruser= rhost=43.255.190.164  user=root
Apr 11 07:29:41 ovzhost sshd[1606]: pam_unix(sshd:auth): authentication failure; logname= uid=0 euid=0 tty=ssh ruser= rhost=43.255.190.164  user=root
Apr 11 07:29:42 ovzhost sshd[1604]: message repeated 2 times: [ Failed password for root from 43.255.190.168 port 34573 ssh2]
Apr 11 07:29:42 ovzhost sshd[1604]: Received disconnect from 43.255.190.168: 11:  [preauth]
Apr 11 07:29:42 ovzhost sshd[1604]: PAM 2 more authentication failures; logname= uid=0 euid=0 tty=ssh ruser= rhost=43.255.190.168  user=root
