Apr 14 17:49:22 ovzhost sshd[1043]: message repeated 2 times: [ Failed password for root from 43.255.190.126 port 34128 ssh2]
Apr 14 17:49:22 ovzhost sshd[1043]: Received disconnect from 43.255.190.126: 11:  [preauth]
Apr 14 17:49:22 ovzhost sshd[1043]: PAM 2 more authentication failures; logname= uid=0 euid=0 tty=ssh ruser= rhost=43.255.190.126  user=root
Apr 14 17:49:23 ovzhost sshd[1045]: pam_unix(sshd:auth): authentication failure; logname= uid=0 euid=0 tty=ssh ruser= rhost=43.255.190.126  user=root
Apr 14 17:49:25 ovzhost sshd[1045]: Failed password for root from 43.255.190.126 port 50295 ssh2
Apr 14 17:49:29 ovzhost sshd[1045]: message repeated 2 times: [ Failed password for root from 43.255.190.126 port 50295 ssh2]
Apr 14 17:49:29 ovzhost sshd[1045]: Received disconnect from 43.255.190.126: 11:  [preauth]
Apr 14 17:49:29 ovzhost sshd[1045]: PAM 2 more authentication failures; logname= uid=0 euid=0 tty=ssh ruser= rhost=43.255.190.126  user=root
Apr 14 17:49:30 ovzhost sshd[1047]: pam_unix(sshd:auth): authentication failure; logname= uid=0 euid=0 tty=ssh ruser= rhost=43.255.190.126  user=root
Apr 14 17:49:32 ovzhost sshd[1047]: Failed password for root from 43.255.190.126 port 37891 ssh2
Apr 14 17:49:36 ovzhost sshd[1047]: message repeated 2 times: [ Failed password for root from 43.255.190.126 port 37891 ssh2]
Apr 14 17:49:36 ovzhost sshd[1047]: Received disconnect from 43.255.190.126: 11:  [preauth]
Apr 14 17:49:36 ovzhost sshd[1047]: PAM 2 more authentication failures; logname= uid=0 euid=0 tty=ssh ruser= rhost=43.255.190.126  user=root
Apr 14 17:49:37 ovzhost sshd[1049]: pam_unix(sshd:auth): authentication failure; logname= uid=0 euid=0 tty=ssh ruser= rhost=43.255.190.126  user=root
Apr 14 17:49:39 ovzhost sshd[1049]: Failed password for root from 43.255.190.126 port 55251 ssh2
Apr 14 17:49:43 ovzhost sshd[1049]: message repeated 2 times: [ Failed password for root from 43.255.190.126 port 55251 ssh2]
Apr 14 17:49:43 ovzhost sshd[1049]: Received disconnect from 43.255.190.126: 11:  [preauth]
Apr 14 17:49:43 ovzhost sshd[1049]: PAM 2 more authentication failures; logname= uid=0 euid=0 tty=ssh ruser= rhost=43.255.190.126  user=root
Apr 14 17:49:43 ovzhost sshd[1052]: pam_unix(sshd:auth): authentication failure; logname= uid=0 euid=0 tty=ssh ruser= rhost=43.255.190.126  user=root
Apr 14 17:49:46 ovzhost sshd[1052]: Failed password for root from 43.255.190.126 port 42641 ssh2
Apr 14 17:49:50 ovzhost sshd[1052]: message repeated 2 times: [ Failed password for root from 43.255.190.126 port 42641 ssh2]
Apr 14 17:49:50 ovzhost sshd[1052]: Received disconnect from 43.255.190.126: 11:  [preauth]
Apr 14 17:49:50 ovzhost sshd[1052]: PAM 2 more authentication failures; logname= uid=0 euid=0 tty=ssh ruser= rhost=43.255.190.126  user=root
Apr 14 17:49:50 ovzhost sshd[1055]: pam_unix(sshd:auth): authentication failure; logname= uid=0 euid=0 tty=ssh ruser= rhost=43.255.190.126  user=root
Apr 14 17:49:53 ovzhost sshd[1055]: Failed password for root from 43.255.190.126 port 59431 ssh2
Apr 14 17:49:57 ovzhost sshd[1055]: message repeated 2 times: [ Failed password for root from 43.255.190.126 port 59431 ssh2]
Apr 14 17:49:57 ovzhost sshd[1055]: Received disconnect from 43.255.190.126: 11:  [preauth]
Apr 14 17:49:57 ovzhost sshd[1055]: PAM 2 more authentication failures; logname= uid=0 euid=0 tty=ssh ruser= rhost=43.255.190.126  user=root
Apr 14 17:49:58 ovzhost sshd[1057]: pam_unix(sshd:auth): authentication failure; logname= uid=0 euid=0 tty=ssh ruser= rhost=43.255.190.126  user=root
Apr 14 17:50:00 ovzhost sshd[1057]: Failed password for root from 43.255.190.126 port 48341 ssh2
Apr 14 17:50:04 ovzhost sshd[1057]: message repeated 2 times: [ Failed password for root from 43.255.190.126 port 48341 ssh2]
Apr 14 17:50:04 ovzhost sshd[1057]: Received disconnect from 43.255.190.126: 11:  [preauth]
Apr 14 17:50:04 ovzhost sshd[1057]: PAM 2 more authentication failures; logname= uid=0 euid=0 tty=ssh ruser= rhost=43.255.190.126  user=root
Apr 14 17:50:05 ovzhost sshd[1059]: pam_unix(sshd:auth): authentication failure; logname= uid=0 euid=0 tty=ssh ruser= rhost=43.255.190.126  user=root
Apr 14 17:50:07 ovzhost sshd[1059]: Failed password for root from 43.255.190.126 port 36886 ssh2
Apr 14 17:50:11 ovzhost sshd[1059]: message repeated 2 times: [ Failed password for root from 43.255.190.126 port 36886 ssh2]
Apr 14 17:50:11 ovzhost sshd[1059]: Received disconnect from 43.255.190.126: 11:  [preauth]
Apr 14 17:50:11 ovzhost sshd[1059]: PAM 2 more authentication failures; logname= uid=0 euid=0 tty=ssh ruser= rhost=43.255.190.126  user=root
Apr 14 17:50:12 ovzhost sshd[1061]: pam_unix(sshd:auth): authentication failure; logname= uid=0 euid=0 tty=ssh ruser= rhost=43.255.190.126  user=root
Apr 14 17:50:14 ovzhost sshd[1061]: Failed password for root from 43.255.190.126 port 55368 ssh2
Apr 14 17:50:18 ovzhost sshd[1061]: message repeated 2 times: [ Failed password for root from 43.255.190.126 port 55368 ssh2]
Apr 14 17:50:18 ovzhost sshd[1061]: Received disconnect from 43.255.190.126: 11:  [preauth]
Apr 14 17:50:18 ovzhost sshd[1061]: PAM 2 more authentication failures; logname= uid=0 euid=0 tty=ssh ruser= rhost=43.255.190.126  user=root
Apr 14 17:50:19 ovzhost sshd[1064]: pam_unix(sshd:auth): authentication failure; logname= uid=0 euid=0 tty=ssh ruser= rhost=43.255.190.126  user=root
Apr 14 17:50:21 ovzhost sshd[1064]: Failed password for root from 43.255.190.126 port 45395 ssh2
Apr 14 17:50:25 ovzhost sshd[1064]: message repeated 2 times: [ Failed password for root from 43.255.190.126 port 45395 ssh2]
Apr 14 17:50:25 ovzhost sshd[1064]: Received disconnect from 43.255.190.126: 11:  [preauth]
Apr 14 17:50:25 ovzhost sshd[1064]: PAM 2 more authentication failures; logname= uid=0 euid=0 tty=ssh ruser= rhost=43.255.190.126  user=root
Apr 14 17:50:25 ovzhost sshd[1066]: pam_unix(sshd:auth): authentication failure; logname= uid=0 euid=0 tty=ssh ruser= rhost=43.255.190.126  user=root
Apr 14 17:50:27 ovzhost sshd[1066]: Failed password for root from 43.255.190.126 port 34457 ssh2
Apr 14 17:50:28 ovzhost sshd[1069]: Connection closed by 127.0.0.1 [preauth]
Apr 14 17:50:32 ovzhost sshd[1066]: message repeated 2 times: [ Failed password for root from 43.255.190.126 port 34457 ssh2]
Apr 14 17:50:32 ovzhost sshd[1066]: Received disconnect from 43.255.190.126: 11:  [preauth]
Apr 14 17:50:32 ovzhost sshd[1066]: PAM 2 more authentication failures; logname= uid=0 euid=0 tty=ssh ruser= rhost=43.255.190.126  user=root
Apr 14 17:50:32 ovzhost sshd[1071]: pam_unix(sshd:auth): authentication failure; logname= uid=0 euid=0 tty=ssh ruser= rhost=43.255.190.126  user=root
Apr 14 17:50:35 ovzhost sshd[1071]: Failed password for root from 43.255.190.126 port 52501 ssh2
Apr 14 17:50:39 ovzhost sshd[1071]: message repeated 2 times: [ Failed password for root from 43.255.190.126 port 52501 ssh2]
Apr 14 17:50:39 ovzhost sshd[1071]: Received disconnect from 43.255.190.126: 11:  [preauth]
Apr 14 17:50:39 ovzhost sshd[1071]: PAM 2 more authentication failures; logname= uid=0 euid=0 tty=ssh ruser= rhost=43.255.190.126  user=root
Apr 14 17:50:40 ovzhost sshd[1073]: pam_unix(sshd:auth): authentication failure; logname= uid=0 euid=0 tty=ssh ruser= rhost=43.255.190.126  user=root
Apr 14 17:50:42 ovzhost sshd[1073]: Failed password for root from 43.255.190.126 port 42347 ssh2
Apr 14 17:50:46 ovzhost sshd[1076]: Connection closed by 128.8.37.120 [preauth]
Apr 14 17:50:46 ovzhost sshd[1073]: message repeated 2 times: [ Failed password for root from 43.255.190.126 port 42347 ssh2]
Apr 14 17:50:46 ovzhost sshd[1073]: Received disconnect from 43.255.190.126: 11:  [preauth]
Apr 14 17:50:46 ovzhost sshd[1073]: PAM 2 more authentication failures; logname= uid=0 euid=0 tty=ssh ruser= rhost=43.255.190.126  user=root
Apr 14 17:50:47 ovzhost sshd[1078]: pam_unix(sshd:auth): authentication failure; logname= uid=0 euid=0 tty=ssh ruser= rhost=43.255.190.126  user=root
Apr 14 17:50:49 ovzhost sshd[1078]: Failed password for root from 43.255.190.126 port 59564 ssh2
Apr 14 17:50:54 ovzhost sshd[1078]: message repeated 2 times: [ Failed password for root from 43.255.190.126 port 59564 ssh2]
Apr 14 17:50:54 ovzhost sshd[1078]: Received disconnect from 43.255.190.126: 11:  [preauth]
Apr 14 17:50:54 ovzhost sshd[1078]: PAM 2 more authentication failures; logname= uid=0 euid=0 tty=ssh ruser= rhost=43.255.190.126  user=root
Apr 14 17:50:54 ovzhost sshd[1080]: pam_unix(sshd:auth): authentication failure; logname= uid=0 euid=0 tty=ssh ruser= rhost=43.255.190.126  user=root
Apr 14 17:50:56 ovzhost sshd[1080]: Failed password for root from 43.255.190.126 port 49586 ssh2
Apr 14 17:51:01 ovzhost sshd[1080]: message repeated 2 times: [ Failed password for root from 43.255.190.126 port 49586 ssh2]
Apr 14 17:51:01 ovzhost sshd[1080]: Received disconnect from 43.255.190.126: 11:  [preauth]
Apr 14 17:51:01 ovzhost sshd[1080]: PAM 2 more authentication failures; logname= uid=0 euid=0 tty=ssh ruser= rhost=43.255.190.126  user=root
Apr 14 17:51:01 ovzhost sshd[1084]: pam_unix(sshd:auth): authentication failure; logname= uid=0 euid=0 tty=ssh ruser= rhost=43.255.190.126  user=root
Apr 14 17:51:04 ovzhost sshd[1084]: Failed password for root from 43.255.190.126 port 39145 ssh2
Apr 14 17:51:08 ovzhost sshd[1084]: message repeated 2 times: [ Failed password for root from 43.255.190.126 port 39145 ssh2]
Apr 14 17:51:08 ovzhost sshd[1084]: Received disconnect from 43.255.190.126: 11:  [preauth]
Apr 14 17:51:08 ovzhost sshd[1084]: PAM 2 more authentication failures; logname= uid=0 euid=0 tty=ssh ruser= rhost=43.255.190.126  user=root
Apr 14 17:51:09 ovzhost sshd[1088]: pam_unix(sshd:auth): authentication failure; logname= uid=0 euid=0 tty=ssh ruser= rhost=43.255.190.126  user=root
Apr 14 17:51:11 ovzhost sshd[1088]: Failed password for root from 43.255.190.126 port 57315 ssh2
Apr 14 17:51:15 ovzhost sshd[1088]: message repeated 2 times: [ Failed password for root from 43.255.190.126 port 57315 ssh2]
Apr 14 17:51:15 ovzhost sshd[1088]: Received disconnect from 43.255.190.126: 11:  [preauth]
Apr 14 17:51:15 ovzhost sshd[1088]: PAM 2 more authentication failures; logname= uid=0 euid=0 tty=ssh ruser= rhost=43.255.190.126  user=root
Apr 14 17:55:28 ovzhost sshd[1103]: Connection closed by 127.0.0.1 [preauth]
Apr 14 18:00:01 ovzhost CRON[1124]: pam_env(cron:session): Unable to open env file: /etc/default/locale: No such file or directory
Apr 14 18:00:01 ovzhost CRON[1124]: pam_unix(cron:session): session opened for user smmsp by (uid=0)
Apr 14 18:00:01 ovzhost CRON[1124]: pam_unix(cron:session): session closed for user smmsp
Apr 14 18:00:28 ovzhost sshd[1152]: Connection closed by 127.0.0.1 [preauth]
Apr 14 18:00:46 ovzhost sshd[1155]: Connection closed by 128.8.37.120 [preauth]
Apr 14 18:05:28 ovzhost sshd[1174]: Connection closed by 127.0.0.1 [preauth]
Apr 14 18:06:06 ovzhost sshd[1178]: pam_unix(sshd:auth): authentication failure; logname= uid=0 euid=0 tty=ssh ruser= rhost=58.218.204.245  user=root
Apr 14 18:06:08 ovzhost sshd[1178]: Failed password for root from 58.218.204.245 port 41260 ssh2
Apr 14 18:06:12 ovzhost sshd[1178]: message repeated 2 times: [ Failed password for root from 58.218.204.245 port 41260 ssh2]
Apr 14 18:06:12 ovzhost sshd[1178]: Received disconnect from 58.218.204.245: 11:  [preauth]
Apr 14 18:06:12 ovzhost sshd[1178]: PAM 2 more authentication failures; logname= uid=0 euid=0 tty=ssh ruser= rhost=58.218.204.245  user=root
Apr 14 18:06:14 ovzhost sshd[1180]: pam_unix(sshd:auth): authentication failure; logname= uid=0 euid=0 tty=ssh ruser= rhost=58.218.204.245  user=root
Apr 14 18:06:17 ovzhost sshd[1180]: Failed password for root from 58.218.204.245 port 57380 ssh2
Apr 14 18:06:20 ovzhost sshd[1180]: message repeated 2 times: [ Failed password for root from 58.218.204.245 port 57380 ssh2]
Apr 14 18:06:20 ovzhost sshd[1180]: Received disconnect from 58.218.204.245: 11:  [preauth]
Apr 14 18:06:20 ovzhost sshd[1180]: PAM 2 more authentication failures; logname= uid=0 euid=0 tty=ssh ruser= rhost=58.218.204.245  user=root
Apr 14 18:06:22 ovzhost sshd[1186]: pam_unix(sshd:auth): authentication failure; logname= uid=0 euid=0 tty=ssh ruser= rhost=58.218.204.245  user=root
Apr 14 18:06:24 ovzhost sshd[1186]: Failed password for root from 58.218.204.245 port 46885 ssh2
Apr 14 18:06:24 ovzhost sshd[1188]: pam_unix(sshd:auth): authentication failure; logname= uid=0 euid=0 tty=ssh ruser= rhost=43.255.190.165  user=root
Apr 14 18:06:26 ovzhost sshd[1188]: Failed password for root from 43.255.190.165 port 41061 ssh2
Apr 14 18:06:28 ovzhost sshd[1186]: message repeated 2 times: [ Failed password for root from 58.218.204.245 port 46885 ssh2]
Apr 14 18:06:28 ovzhost sshd[1186]: Received disconnect from 58.218.204.245: 11:  [preauth]
Apr 14 18:06:28 ovzhost sshd[1186]: PAM 2 more authentication failures; logname= uid=0 euid=0 tty=ssh ruser= rhost=58.218.204.245  user=root
Apr 14 18:06:30 ovzhost sshd[1190]: pam_unix(sshd:auth): authentication failure; logname= uid=0 euid=0 tty=ssh ruser= rhost=58.218.204.245  user=root
Apr 14 18:06:30 ovzhost sshd[1188]: message repeated 2 times: [ Failed password for root from 43.255.190.165 port 41061 ssh2]
Apr 14 18:06:30 ovzhost sshd[1188]: Received disconnect from 43.255.190.165: 11:  [preauth]
Apr 14 18:06:30 ovzhost sshd[1188]: PAM 2 more authentication failures; logname= uid=0 euid=0 tty=ssh ruser= rhost=43.255.190.165  user=root
Apr 14 18:06:31 ovzhost sshd[1192]: pam_unix(sshd:auth): authentication failure; logname= uid=0 euid=0 tty=ssh ruser= rhost=43.255.190.165  user=root
Apr 14 18:06:32 ovzhost sshd[1190]: Failed password for root from 58.218.204.245 port 35473 ssh2
Apr 14 18:06:32 ovzhost sshd[1192]: Failed password for root from 43.255.190.165 port 60039 ssh2
Apr 14 18:06:36 ovzhost sshd[1190]: message repeated 2 times: [ Failed password for root from 58.218.204.245 port 35473 ssh2]
Apr 14 18:06:36 ovzhost sshd[1190]: Received disconnect from 58.218.204.245: 11:  [preauth]
Apr 14 18:06:36 ovzhost sshd[1190]: PAM 2 more authentication failures; logname= uid=0 euid=0 tty=ssh ruser= rhost=58.218.204.245  user=root
Apr 14 18:06:37 ovzhost sshd[1192]: message repeated 2 times: [ Failed password for root from 43.255.190.165 port 60039 ssh2]
Apr 14 18:06:37 ovzhost sshd[1192]: Received disconnect from 43.255.190.165: 11:  [preauth]
Apr 14 18:06:37 ovzhost sshd[1192]: PAM 2 more authentication failures; logname= uid=0 euid=0 tty=ssh ruser= rhost=43.255.190.165  user=root
Apr 14 18:06:37 ovzhost sshd[1196]: pam_unix(sshd:auth): authentication failure; logname= uid=0 euid=0 tty=ssh ruser= rhost=43.255.190.165  user=root
Apr 14 18:06:38 ovzhost sshd[1194]: pam_unix(sshd:auth): authentication failure; logname= uid=0 euid=0 tty=ssh ruser= rhost=58.218.204.245  user=root
Apr 14 18:06:39 ovzhost sshd[1196]: Failed password for root from 43.255.190.165 port 50327 ssh2
Apr 14 18:06:40 ovzhost sshd[1194]: Failed password for root from 58.218.204.245 port 52223 ssh2
Apr 14 18:06:43 ovzhost sshd[1196]: message repeated 2 times: [ Failed password for root from 43.255.190.165 port 50327 ssh2]
Apr 14 18:06:43 ovzhost sshd[1196]: Received disconnect from 43.255.190.165: 11:  [preauth]
Apr 14 18:06:43 ovzhost sshd[1196]: PAM 2 more authentication failures; logname= uid=0 euid=0 tty=ssh ruser= rhost=43.255.190.165  user=root
Apr 14 18:06:44 ovzhost sshd[1200]: pam_unix(sshd:auth): authentication failure; logname= uid=0 euid=0 tty=ssh ruser= rhost=43.255.190.165  user=root
Apr 14 18:06:44 ovzhost sshd[1194]: message repeated 2 times: [ Failed password for root from 58.218.204.245 port 52223 ssh2]
Apr 14 18:06:44 ovzhost sshd[1194]: Received disconnect from 58.218.204.245: 11:  [preauth]
Apr 14 18:06:44 ovzhost sshd[1194]: PAM 2 more authentication failures; logname= uid=0 euid=0 tty=ssh ruser= rhost=58.218.204.245  user=root
Apr 14 18:06:46 ovzhost sshd[1200]: Failed password for root from 43.255.190.165 port 39814 ssh2
Apr 14 18:06:47 ovzhost sshd[1202]: pam_unix(sshd:auth): authentication failure; logname= uid=0 euid=0 tty=ssh ruser= rhost=58.218.204.245  user=root
Apr 14 18:06:49 ovzhost sshd[1202]: Failed password for root from 58.218.204.245 port 41453 ssh2
Apr 14 18:06:49 ovzhost sshd[1200]: message repeated 2 times: [ Failed password for root from 43.255.190.165 port 39814 ssh2]
Apr 14 18:06:49 ovzhost sshd[1200]: Received disconnect from 43.255.190.165: 11:  [preauth]
Apr 14 18:06:49 ovzhost sshd[1200]: PAM 2 more authentication failures; logname= uid=0 euid=0 tty=ssh ruser= rhost=43.255.190.165  user=root
Apr 14 18:06:50 ovzhost sshd[1204]: pam_unix(sshd:auth): authentication failure; logname= uid=0 euid=0 tty=ssh ruser= rhost=43.255.190.165  user=root
Apr 14 18:06:52 ovzhost sshd[1204]: Failed password for root from 43.255.190.165 port 56456 ssh2
Apr 14 18:06:54 ovzhost sshd[1202]: message repeated 2 times: [ Failed password for root from 58.218.204.245 port 41453 ssh2]
Apr 14 18:06:54 ovzhost sshd[1202]: Received disconnect from 58.218.204.245: 11:  [preauth]
Apr 14 18:06:54 ovzhost sshd[1202]: PAM 2 more authentication failures; logname= uid=0 euid=0 tty=ssh ruser= rhost=58.218.204.245  user=root
Apr 14 18:06:55 ovzhost sshd[1204]: message repeated 2 times: [ Failed password for root from 43.255.190.165 port 56456 ssh2]
Apr 14 18:06:55 ovzhost sshd[1204]: Received disconnect from 43.255.190.165: 11:  [preauth]
Apr 14 18:06:55 ovzhost sshd[1204]: PAM 2 more authentication failures; logname= uid=0 euid=0 tty=ssh ruser= rhost=43.255.190.165  user=root
Apr 14 18:06:56 ovzhost sshd[1208]: pam_unix(sshd:auth): authentication failure; logname= uid=0 euid=0 tty=ssh ruser= rhost=43.255.190.165  user=root
Apr 14 18:06:56 ovzhost sshd[1206]: pam_unix(sshd:auth): authentication failure; logname= uid=0 euid=0 tty=ssh ruser= rhost=58.218.204.245  user=root
Apr 14 18:06:58 ovzhost sshd[1208]: Failed password for root from 43.255.190.165 port 44424 ssh2
Apr 14 18:06:58 ovzhost sshd[1206]: Failed password for root from 58.218.204.245 port 59556 ssh2
Apr 14 18:07:02 ovzhost sshd[1208]: message repeated 2 times: [ Failed password for root from 43.255.190.165 port 44424 ssh2]
Apr 14 18:07:02 ovzhost sshd[1208]: Received disconnect from 43.255.190.165: 11:  [preauth]
Apr 14 18:07:02 ovzhost sshd[1208]: PAM 2 more authentication failures; logname= uid=0 euid=0 tty=ssh ruser= rhost=43.255.190.165  user=root
Apr 14 18:07:02 ovzhost sshd[1210]: pam_unix(sshd:auth): authentication failure; logname= uid=0 euid=0 tty=ssh ruser= rhost=43.255.190.165  user=root
Apr 14 18:07:03 ovzhost sshd[1206]: message repeated 2 times: [ Failed password for root from 58.218.204.245 port 59556 ssh2]
Apr 14 18:07:03 ovzhost sshd[1206]: Received disconnect from 58.218.204.245: 11:  [preauth]
Apr 14 18:07:03 ovzhost sshd[1206]: PAM 2 more authentication failures; logname= uid=0 euid=0 tty=ssh ruser= rhost=58.218.204.245  user=root
Apr 14 18:07:04 ovzhost sshd[1210]: Failed password for root from 43.255.190.165 port 33886 ssh2
Apr 14 18:07:05 ovzhost sshd[1212]: pam_unix(sshd:auth): authentication failure; logname= uid=0 euid=0 tty=ssh ruser= rhost=58.218.204.245  user=root
Apr 14 18:07:07 ovzhost sshd[1212]: Failed password for root from 58.218.204.245 port 49493 ssh2
Apr 14 18:07:07 ovzhost sshd[1210]: message repeated 2 times: [ Failed password for root from 43.255.190.165 port 33886 ssh2]
Apr 14 18:07:07 ovzhost sshd[1210]: Received disconnect from 43.255.190.165: 11:  [preauth]
Apr 14 18:07:07 ovzhost sshd[1210]: PAM 2 more authentication failures; logname= uid=0 euid=0 tty=ssh ruser= rhost=43.255.190.165  user=root
Apr 14 18:07:08 ovzhost sshd[1214]: pam_unix(sshd:auth): authentication failure; logname= uid=0 euid=0 tty=ssh ruser= rhost=43.255.190.165  user=root
Apr 14 18:07:10 ovzhost sshd[1214]: Failed password for root from 43.255.190.165 port 49330 ssh2
Apr 14 18:07:11 ovzhost sshd[1212]: message repeated 2 times: [ Failed password for root from 58.218.204.245 port 49493 ssh2]
Apr 14 18:07:12 ovzhost sshd[1212]: Received disconnect from 58.218.204.245: 11:  [preauth]
Apr 14 18:07:12 ovzhost sshd[1212]: PAM 2 more authentication failures; logname= uid=0 euid=0 tty=ssh ruser= rhost=58.218.204.245  user=root
Apr 14 18:07:14 ovzhost sshd[1217]: pam_unix(sshd:auth): authentication failure; logname= uid=0 euid=0 tty=ssh ruser= rhost=58.218.204.245  user=root
Apr 14 18:07:14 ovzhost sshd[1214]: message repeated 2 times: [ Failed password for root from 43.255.190.165 port 49330 ssh2]
Apr 14 18:07:14 ovzhost sshd[1214]: Received disconnect from 43.255.190.165: 11:  [preauth]
Apr 14 18:07:14 ovzhost sshd[1214]: PAM 2 more authentication failures; logname= uid=0 euid=0 tty=ssh ruser= rhost=43.255.190.165  user=root
Apr 14 18:07:15 ovzhost sshd[1219]: pam_unix(sshd:auth): authentication failure; logname= uid=0 euid=0 tty=ssh ruser= rhost=43.255.190.165  user=root
Apr 14 18:07:16 ovzhost sshd[1217]: Failed password for root from 58.218.204.245 port 38443 ssh2
Apr 14 18:07:17 ovzhost sshd[1219]: Failed password for root from 43.255.190.165 port 38721 ssh2
Apr 14 18:07:19 ovzhost sshd[1217]: message repeated 2 times: [ Failed password for root from 58.218.204.245 port 38443 ssh2]
Apr 14 18:07:19 ovzhost sshd[1217]: Received disconnect from 58.218.204.245: 11:  [preauth]
Apr 14 18:07:19 ovzhost sshd[1217]: PAM 2 more authentication failures; logname= uid=0 euid=0 tty=ssh ruser= rhost=58.218.204.245  user=root
Apr 14 18:07:21 ovzhost sshd[1219]: message repeated 2 times: [ Failed password for root from 43.255.190.165 port 38721 ssh2]
Apr 14 18:07:21 ovzhost sshd[1219]: Received disconnect from 43.255.190.165: 11:  [preauth]
Apr 14 18:07:21 ovzhost sshd[1219]: PAM 2 more authentication failures; logname= uid=0 euid=0 tty=ssh ruser= rhost=43.255.190.165  user=root
Apr 14 18:07:21 ovzhost sshd[1221]: pam_unix(sshd:auth): authentication failure; logname= uid=0 euid=0 tty=ssh ruser= rhost=58.218.204.245  user=root
Apr 14 18:07:21 ovzhost sshd[1223]: pam_unix(sshd:auth): authentication failure; logname= uid=0 euid=0 tty=ssh ruser= rhost=43.255.190.165  user=root
Apr 14 18:07:23 ovzhost sshd[1221]: Failed password for root from 58.218.204.245 port 54542 ssh2
Apr 14 18:07:23 ovzhost sshd[1223]: Failed password for root from 43.255.190.165 port 56420 ssh2
Apr 14 18:07:28 ovzhost sshd[1223]: message repeated 2 times: [ Failed password for root from 43.255.190.165 port 56420 ssh2]
Apr 14 18:07:28 ovzhost sshd[1223]: Received disconnect from 43.255.190.165: 11:  [preauth]
Apr 14 18:07:28 ovzhost sshd[1223]: PAM 2 more authentication failures; logname= uid=0 euid=0 tty=ssh ruser= rhost=43.255.190.165  user=root
Apr 14 18:07:28 ovzhost sshd[1221]: message repeated 2 times: [ Failed password for root from 58.218.204.245 port 54542 ssh2]
Apr 14 18:07:28 ovzhost sshd[1221]: Received disconnect from 58.218.204.245: 11:  [preauth]
Apr 14 18:07:28 ovzhost sshd[1221]: PAM 2 more authentication failures; logname= uid=0 euid=0 tty=ssh ruser= rhost=58.218.204.245  user=root
Apr 14 18:07:28 ovzhost sshd[1225]: pam_unix(sshd:auth): authentication failure; logname= uid=0 euid=0 tty=ssh ruser= rhost=43.255.190.165  user=root
Apr 14 18:07:30 ovzhost sshd[1227]: pam_unix(sshd:auth): authentication failure; logname= uid=0 euid=0 tty=ssh ruser= rhost=58.218.204.245  user=root
Apr 14 18:07:30 ovzhost sshd[1225]: Failed password for root from 43.255.190.165 port 46470 ssh2
Apr 14 18:07:31 ovzhost sshd[1227]: Failed password for root from 58.218.204.245 port 43260 ssh2
Apr 14 18:07:33 ovzhost sshd[1225]: message repeated 2 times: [ Failed password for root from 43.255.190.165 port 46470 ssh2]
Apr 14 18:07:33 ovzhost sshd[1225]: Received disconnect from 43.255.190.165: 11:  [preauth]
Apr 14 18:07:33 ovzhost sshd[1225]: PAM 2 more authentication failures; logname= uid=0 euid=0 tty=ssh ruser= rhost=43.255.190.165  user=root
Apr 14 18:07:34 ovzhost sshd[1229]: pam_unix(sshd:auth): authentication failure; logname= uid=0 euid=0 tty=ssh ruser= rhost=43.255.190.165  user=root
Apr 14 18:07:36 ovzhost sshd[1227]: message repeated 2 times: [ Failed password for root from 58.218.204.245 port 43260 ssh2]
Apr 14 18:07:36 ovzhost sshd[1227]: Received disconnect from 58.218.204.245: 11:  [preauth]
Apr 14 18:07:36 ovzhost sshd[1227]: PAM 2 more authentication failures; logname= uid=0 euid=0 tty=ssh ruser= rhost=58.218.204.245  user=root
Apr 14 18:07:36 ovzhost sshd[1229]: Failed password for root from 43.255.190.165 port 32934 ssh2
Apr 14 18:07:38 ovzhost sshd[1231]: pam_unix(sshd:auth): authentication failure; logname= uid=0 euid=0 tty=ssh ruser= rhost=58.218.204.245  user=root
Apr 14 18:07:40 ovzhost sshd[1231]: Failed password for root from 58.218.204.245 port 58356 ssh2
Apr 14 18:07:40 ovzhost sshd[1229]: message repeated 2 times: [ Failed password for root from 43.255.190.165 port 32934 ssh2]
Apr 14 18:07:40 ovzhost sshd[1229]: Received disconnect from 43.255.190.165: 11:  [preauth]
Apr 14 18:07:40 ovzhost sshd[1229]: PAM 2 more authentication failures; logname= uid=0 euid=0 tty=ssh ruser= rhost=43.255.190.165  user=root
Apr 14 18:07:41 ovzhost sshd[1233]: pam_unix(sshd:auth): authentication failure; logname= uid=0 euid=0 tty=ssh ruser= rhost=43.255.190.165  user=root
Apr 14 18:07:43 ovzhost sshd[1233]: Failed password for root from 43.255.190.165 port 49568 ssh2
Apr 14 18:07:44 ovzhost sshd[1231]: message repeated 2 times: [ Failed password for root from 58.218.204.245 port 58356 ssh2]
Apr 14 18:07:44 ovzhost sshd[1231]: Received disconnect from 58.218.204.245: 11:  [preauth]
Apr 14 18:07:44 ovzhost sshd[1231]: PAM 2 more authentication failures; logname= uid=0 euid=0 tty=ssh ruser= rhost=58.218.204.245  user=root
Apr 14 18:07:46 ovzhost sshd[1236]: pam_unix(sshd:auth): authentication failure; logname= uid=0 euid=0 tty=ssh ruser= rhost=58.218.204.245  user=root
Apr 14 18:07:47 ovzhost sshd[1233]: message repeated 2 times: [ Failed password for root from 43.255.190.165 port 49568 ssh2]
Apr 14 18:07:48 ovzhost sshd[1233]: Received disconnect from 43.255.190.165: 11:  [preauth]
Apr 14 18:07:48 ovzhost sshd[1233]: PAM 2 more authentication failures; logname= uid=0 euid=0 tty=ssh ruser= rhost=43.255.190.165  user=root
Apr 14 18:07:48 ovzhost sshd[1236]: Failed password for root from 58.218.204.245 port 46631 ssh2
Apr 14 18:07:48 ovzhost sshd[1238]: pam_unix(sshd:auth): authentication failure; logname= uid=0 euid=0 tty=ssh ruser= rhost=43.255.190.165  user=root
Apr 14 18:07:50 ovzhost sshd[1238]: Failed password for root from 43.255.190.165 port 41514 ssh2
Apr 14 18:07:52 ovzhost sshd[1236]: message repeated 2 times: [ Failed password for root from 58.218.204.245 port 46631 ssh2]
Apr 14 18:07:53 ovzhost sshd[1236]: Received disconnect from 58.218.204.245: 11:  [preauth]
Apr 14 18:07:53 ovzhost sshd[1236]: PAM 2 more authentication failures; logname= uid=0 euid=0 tty=ssh ruser= rhost=58.218.204.245  user=root
Apr 14 18:07:53 ovzhost sshd[1238]: message repeated 2 times: [ Failed password for root from 43.255.190.165 port 41514 ssh2]
Apr 14 18:07:53 ovzhost sshd[1238]: Received disconnect from 43.255.190.165: 11:  [preauth]
Apr 14 18:07:53 ovzhost sshd[1238]: PAM 2 more authentication failures; logname= uid=0 euid=0 tty=ssh ruser= rhost=43.255.190.165  user=root
Apr 14 18:07:54 ovzhost sshd[1242]: pam_unix(sshd:auth): authentication failure; logname= uid=0 euid=0 tty=ssh ruser= rhost=43.255.190.165  user=root
Apr 14 18:07:55 ovzhost sshd[1240]: pam_unix(sshd:auth): authentication failure; logname= uid=0 euid=0 tty=ssh ruser= rhost=58.218.204.245  user=root
Apr 14 18:07:56 ovzhost sshd[1242]: Failed password for root from 43.255.190.165 port 59292 ssh2
Apr 14 18:07:57 ovzhost sshd[1240]: Failed password for root from 58.218.204.245 port 35920 ssh2
Apr 14 18:08:00 ovzhost sshd[1242]: message repeated 2 times: [ Failed password for root from 43.255.190.165 port 59292 ssh2]
Apr 14 18:08:00 ovzhost sshd[1242]: Received disconnect from 43.255.190.165: 11:  [preauth]
Apr 14 18:08:00 ovzhost sshd[1242]: PAM 2 more authentication failures; logname= uid=0 euid=0 tty=ssh ruser= rhost=43.255.190.165  user=root
Apr 14 18:08:00 ovzhost sshd[1244]: pam_unix(sshd:auth): authentication failure; logname= uid=0 euid=0 tty=ssh ruser= rhost=43.255.190.165  user=root
Apr 14 18:08:02 ovzhost sshd[1240]: message repeated 2 times: [ Failed password for root from 58.218.204.245 port 35920 ssh2]
Apr 14 18:08:02 ovzhost sshd[1240]: Received disconnect from 58.218.204.245: 11:  [preauth]
Apr 14 18:08:02 ovzhost sshd[1240]: PAM 2 more authentication failures; logname= uid=0 euid=0 tty=ssh ruser= rhost=58.218.204.245  user=root
Apr 14 18:08:03 ovzhost sshd[1244]: Failed password for root from 43.255.190.165 port 48580 ssh2
Apr 14 18:08:04 ovzhost sshd[1246]: pam_unix(sshd:auth): authentication failure; logname= uid=0 euid=0 tty=ssh ruser= rhost=58.218.204.245  user=root
Apr 14 18:08:06 ovzhost sshd[1246]: Failed password for root from 58.218.204.245 port 54883 ssh2
Apr 14 18:08:07 ovzhost sshd[1244]: message repeated 2 times: [ Failed password for root from 43.255.190.165 port 48580 ssh2]
Apr 14 18:08:07 ovzhost sshd[1244]: Received disconnect from 43.255.190.165: 11:  [preauth]
Apr 14 18:08:07 ovzhost sshd[1244]: PAM 2 more authentication failures; logname= uid=0 euid=0 tty=ssh ruser= rhost=43.255.190.165  user=root
Apr 14 18:08:08 ovzhost sshd[1248]: pam_unix(sshd:auth): authentication failure; logname= uid=0 euid=0 tty=ssh ruser= rhost=43.255.190.165  user=root
Apr 14 18:08:10 ovzhost sshd[1248]: Failed password for root from 43.255.190.165 port 39744 ssh2
Apr 14 18:08:11 ovzhost sshd[1246]: message repeated 2 times: [ Failed password for root from 58.218.204.245 port 54883 ssh2]
Apr 14 18:08:11 ovzhost sshd[1246]: Received disconnect from 58.218.204.245: 11:  [preauth]
Apr 14 18:08:11 ovzhost sshd[1246]: PAM 2 more authentication failures; logname= uid=0 euid=0 tty=ssh ruser= rhost=58.218.204.245  user=root
Apr 14 18:08:13 ovzhost sshd[1248]: message repeated 2 times: [ Failed password for root from 43.255.190.165 port 39744 ssh2]
Apr 14 18:08:13 ovzhost sshd[1248]: Received disconnect from 43.255.190.165: 11:  [preauth]
Apr 14 18:08:13 ovzhost sshd[1248]: PAM 2 more authentication failures; logname= uid=0 euid=0 tty=ssh ruser= rhost=43.255.190.165  user=root
Apr 14 18:08:13 ovzhost sshd[1250]: pam_unix(sshd:auth): authentication failure; logname= uid=0 euid=0 tty=ssh ruser= rhost=58.218.204.245  user=root
Apr 14 18:08:14 ovzhost sshd[1253]: pam_unix(sshd:auth): authentication failure; logname= uid=0 euid=0 tty=ssh ruser= rhost=43.255.190.165  user=root
Apr 14 18:08:15 ovzhost sshd[1250]: Failed password for root from 58.218.204.245 port 42806 ssh2
Apr 14 18:08:15 ovzhost sshd[1253]: Failed password for root from 43.255.190.165 port 56942 ssh2
Apr 14 18:08:19 ovzhost sshd[1253]: message repeated 2 times: [ Failed password for root from 43.255.190.165 port 56942 ssh2]
Apr 14 18:08:19 ovzhost sshd[1253]: Received disconnect from 43.255.190.165: 11:  [preauth]
Apr 14 18:08:19 ovzhost sshd[1253]: PAM 2 more authentication failures; logname= uid=0 euid=0 tty=ssh ruser= rhost=43.255.190.165  user=root
Apr 14 18:08:20 ovzhost sshd[1255]: pam_unix(sshd:auth): authentication failure; logname= uid=0 euid=0 tty=ssh ruser= rhost=43.255.190.165  user=root
Apr 14 18:08:20 ovzhost sshd[1250]: message repeated 2 times: [ Failed password for root from 58.218.204.245 port 42806 ssh2]
Apr 14 18:08:20 ovzhost sshd[1250]: Received disconnect from 58.218.204.245: 11:  [preauth]
Apr 14 18:08:20 ovzhost sshd[1250]: PAM 2 more authentication failures; logname= uid=0 euid=0 tty=ssh ruser= rhost=58.218.204.245  user=root
Apr 14 18:08:22 ovzhost sshd[1257]: pam_unix(sshd:auth): authentication failure; logname= uid=0 euid=0 tty=ssh ruser= rhost=58.218.204.245  user=root
Apr 14 18:08:22 ovzhost sshd[1255]: Failed password for root from 43.255.190.165 port 47210 ssh2
Apr 14 18:08:23 ovzhost sshd[1257]: Failed password for root from 58.218.204.245 port 60324 ssh2
Apr 14 18:08:26 ovzhost sshd[1255]: message repeated 2 times: [ Failed password for root from 43.255.190.165 port 47210 ssh2]
Apr 14 18:08:26 ovzhost sshd[1255]: Received disconnect from 43.255.190.165: 11:  [preauth]
Apr 14 18:08:26 ovzhost sshd[1255]: PAM 2 more authentication failures; logname= uid=0 euid=0 tty=ssh ruser= rhost=43.255.190.165  user=root
Apr 14 18:08:27 ovzhost sshd[1259]: pam_unix(sshd:auth): authentication failure; logname= uid=0 euid=0 tty=ssh ruser= rhost=43.255.190.165  user=root
Apr 14 18:08:28 ovzhost sshd[1257]: message repeated 2 times: [ Failed password for root from 58.218.204.245 port 60324 ssh2]
Apr 14 18:08:28 ovzhost sshd[1257]: Received disconnect from 58.218.204.245: 11:  [preauth]
Apr 14 18:08:28 ovzhost sshd[1257]: PAM 2 more authentication failures; logname= uid=0 euid=0 tty=ssh ruser= rhost=58.218.204.245  user=root
Apr 14 18:08:29 ovzhost sshd[1259]: Failed password for root from 43.255.190.165 port 38271 ssh2
Apr 14 18:08:30 ovzhost sshd[1261]: pam_unix(sshd:auth): authentication failure; logname= uid=0 euid=0 tty=ssh ruser= rhost=58.218.204.245  user=root
Apr 14 18:08:32 ovzhost sshd[1261]: Failed password for root from 58.218.204.245 port 47518 ssh2
Apr 14 18:08:33 ovzhost sshd[1259]: message repeated 2 times: [ Failed password for root from 43.255.190.165 port 38271 ssh2]
Apr 14 18:08:33 ovzhost sshd[1259]: Received disconnect from 43.255.190.165: 11:  [preauth]
Apr 14 18:08:33 ovzhost sshd[1259]: PAM 2 more authentication failures; logname= uid=0 euid=0 tty=ssh ruser= rhost=43.255.190.165  user=root
Apr 14 18:08:33 ovzhost sshd[1263]: pam_unix(sshd:auth): authentication failure; logname= uid=0 euid=0 tty=ssh ruser= rhost=43.255.190.165  user=root
Apr 14 18:08:35 ovzhost sshd[1263]: Failed password for root from 43.255.190.165 port 56794 ssh2
Apr 14 18:08:37 ovzhost sshd[1261]: message repeated 2 times: [ Failed password for root from 58.218.204.245 port 47518 ssh2]
Apr 14 18:08:37 ovzhost sshd[1261]: Received disconnect from 58.218.204.245: 11:  [preauth]
Apr 14 18:08:37 ovzhost sshd[1261]: PAM 2 more authentication failures; logname= uid=0 euid=0 tty=ssh ruser= rhost=58.218.204.245  user=root
Apr 14 18:08:39 ovzhost sshd[1267]: pam_unix(sshd:auth): authentication failure; logname= uid=0 euid=0 tty=ssh ruser= rhost=58.218.204.245  user=root
Apr 14 18:08:39 ovzhost sshd[1263]: message repeated 2 times: [ Failed password for root from 43.255.190.165 port 56794 ssh2]
Apr 14 18:08:39 ovzhost sshd[1263]: Received disconnect from 43.255.190.165: 11:  [preauth]
Apr 14 18:08:39 ovzhost sshd[1263]: PAM 2 more authentication failures; logname= uid=0 euid=0 tty=ssh ruser= rhost=43.255.190.165  user=root
Apr 14 18:08:40 ovzhost sshd[1269]: pam_unix(sshd:auth): authentication failure; logname= uid=0 euid=0 tty=ssh ruser= rhost=43.255.190.165  user=root
Apr 14 18:08:42 ovzhost sshd[1267]: Failed password for root from 58.218.204.245 port 36358 ssh2
Apr 14 18:08:42 ovzhost sshd[1269]: Failed password for root from 43.255.190.165 port 47101 ssh2
Apr 14 18:08:47 ovzhost sshd[1269]: message repeated 2 times: [ Failed password for root from 43.255.190.165 port 47101 ssh2]
Apr 14 18:08:47 ovzhost sshd[1269]: Received disconnect from 43.255.190.165: 11:  [preauth]
Apr 14 18:08:47 ovzhost sshd[1269]: PAM 2 more authentication failures; logname= uid=0 euid=0 tty=ssh ruser= rhost=43.255.190.165  user=root
Apr 14 18:08:47 ovzhost sshd[1267]: message repeated 2 times: [ Failed password for root from 58.218.204.245 port 36358 ssh2]
Apr 14 18:08:47 ovzhost sshd[1267]: Received disconnect from 58.218.204.245: 11:  [preauth]
Apr 14 18:08:47 ovzhost sshd[1267]: PAM 2 more authentication failures; logname= uid=0 euid=0 tty=ssh ruser= rhost=58.218.204.245  user=root
Apr 14 18:08:47 ovzhost sshd[1273]: pam_unix(sshd:auth): authentication failure; logname= uid=0 euid=0 tty=ssh ruser= rhost=43.255.190.165  user=root
Apr 14 18:08:49 ovzhost sshd[1275]: pam_unix(sshd:auth): authentication failure; logname= uid=0 euid=0 tty=ssh ruser= rhost=58.218.204.245  user=root
Apr 14 18:08:49 ovzhost sshd[1273]: Failed password for root from 43.255.190.165 port 38990 ssh2
Apr 14 18:08:52 ovzhost sshd[1275]: Failed password for root from 58.218.204.245 port 55682 ssh2
Apr 14 18:08:53 ovzhost sshd[1273]: message repeated 2 times: [ Failed password for root from 43.255.190.165 port 38990 ssh2]
Apr 14 18:08:53 ovzhost sshd[1273]: Received disconnect from 43.255.190.165: 11:  [preauth]
Apr 14 18:08:53 ovzhost sshd[1273]: PAM 2 more authentication failures; logname= uid=0 euid=0 tty=ssh ruser= rhost=43.255.190.165  user=root
Apr 14 18:08:54 ovzhost sshd[1277]: pam_unix(sshd:auth): authentication failure; logname= uid=0 euid=0 tty=ssh ruser= rhost=43.255.190.165  user=root
Apr 14 18:08:56 ovzhost sshd[1277]: Failed password for root from 43.255.190.165 port 57575 ssh2
Apr 14 18:08:56 ovzhost sshd[1275]: message repeated 2 times: [ Failed password for root from 58.218.204.245 port 55682 ssh2]
Apr 14 18:08:56 ovzhost sshd[1275]: Received disconnect from 58.218.204.245: 11:  [preauth]
Apr 14 18:08:56 ovzhost sshd[1275]: PAM 2 more authentication failures; logname= uid=0 euid=0 tty=ssh ruser= rhost=58.218.204.245  user=root
Apr 14 18:08:59 ovzhost sshd[1279]: pam_unix(sshd:auth): authentication failure; logname= uid=0 euid=0 tty=ssh ruser= rhost=58.218.204.245  user=root
Apr 14 18:09:01 ovzhost sshd[1279]: Failed password for root from 58.218.204.245 port 45955 ssh2
Apr 14 18:09:01 ovzhost sshd[1277]: message repeated 2 times: [ Failed password for root from 43.255.190.165 port 57575 ssh2]
Apr 14 18:09:01 ovzhost sshd[1277]: Received disconnect from 43.255.190.165: 11:  [preauth]
Apr 14 18:09:01 ovzhost sshd[1277]: PAM 2 more authentication failures; logname= uid=0 euid=0 tty=ssh ruser= rhost=43.255.190.165  user=root
Apr 14 18:09:01 ovzhost CRON[1283]: pam_env(cron:session): Unable to open env file: /etc/default/locale: No such file or directory
Apr 14 18:09:01 ovzhost CRON[1284]: pam_env(cron:session): Unable to open env file: /etc/default/locale: No such file or directory
Apr 14 18:09:01 ovzhost CRON[1283]: pam_unix(cron:session): session opened for user root by (uid=0)
Apr 14 18:09:01 ovzhost CRON[1284]: pam_unix(cron:session): session opened for user root by (uid=0)
Apr 14 18:09:01 ovzhost CRON[1283]: pam_unix(cron:session): session closed for user root
Apr 14 18:09:01 ovzhost CRON[1284]: pam_unix(cron:session): session closed for user root
Apr 14 18:09:01 ovzhost sshd[1281]: pam_unix(sshd:auth): authentication failure; logname= uid=0 euid=0 tty=ssh ruser= rhost=43.255.190.165  user=root
Apr 14 18:09:03 ovzhost sshd[1281]: Failed password for root from 43.255.190.165 port 48980 ssh2
Apr 14 18:09:06 ovzhost sshd[1279]: message repeated 2 times: [ Failed password for root from 58.218.204.245 port 45955 ssh2]
Apr 14 18:09:06 ovzhost sshd[1279]: Received disconnect from 58.218.204.245: 11:  [preauth]
Apr 14 18:09:06 ovzhost sshd[1279]: PAM 2 more authentication failures; logname= uid=0 euid=0 tty=ssh ruser= rhost=58.218.204.245  user=root
Apr 14 18:09:08 ovzhost sshd[1297]: pam_unix(sshd:auth): authentication failure; logname= uid=0 euid=0 tty=ssh ruser= rhost=58.218.204.245  user=root
Apr 14 18:09:08 ovzhost sshd[1281]: message repeated 2 times: [ Failed password for root from 43.255.190.165 port 48980 ssh2]
Apr 14 18:09:08 ovzhost sshd[1281]: Received disconnect from 43.255.190.165: 11:  [preauth]
Apr 14 18:09:08 ovzhost sshd[1281]: PAM 2 more authentication failures; logname= uid=0 euid=0 tty=ssh ruser= rhost=43.255.190.165  user=root
Apr 14 18:09:09 ovzhost sshd[1299]: pam_unix(sshd:auth): authentication failure; logname= uid=0 euid=0 tty=ssh ruser= rhost=43.255.190.165  user=root
Apr 14 18:09:10 ovzhost sshd[1297]: Failed password for root from 58.218.204.245 port 37509 ssh2
Apr 14 18:09:11 ovzhost sshd[1299]: Failed password for root from 43.255.190.165 port 41030 ssh2
Apr 14 18:09:15 ovzhost sshd[1297]: message repeated 2 times: [ Failed password for root from 58.218.204.245 port 37509 ssh2]
Apr 14 18:09:15 ovzhost sshd[1297]: Received disconnect from 58.218.204.245: 11:  [preauth]
Apr 14 18:09:15 ovzhost sshd[1297]: PAM 2 more authentication failures; logname= uid=0 euid=0 tty=ssh ruser= rhost=58.218.204.245  user=root
Apr 14 18:09:15 ovzhost sshd[1299]: message repeated 2 times: [ Failed password for root from 43.255.190.165 port 41030 ssh2]
Apr 14 18:09:16 ovzhost sshd[1299]: Received disconnect from 43.255.190.165: 11:  [preauth]
Apr 14 18:09:16 ovzhost sshd[1299]: PAM 2 more authentication failures; logname= uid=0 euid=0 tty=ssh ruser= rhost=43.255.190.165  user=root
Apr 14 18:09:16 ovzhost sshd[1303]: pam_unix(sshd:auth): authentication failure; logname= uid=0 euid=0 tty=ssh ruser= rhost=43.255.190.165  user=root
Apr 14 18:09:17 ovzhost sshd[1305]: pam_unix(sshd:auth): authentication failure; logname= uid=0 euid=0 tty=ssh ruser= rhost=58.218.204.245  user=root
Apr 14 18:09:18 ovzhost sshd[1303]: Failed password for root from 43.255.190.165 port 60435 ssh2
Apr 14 18:09:19 ovzhost sshd[1305]: Failed password for root from 58.218.204.245 port 55945 ssh2
Apr 14 18:09:22 ovzhost sshd[1303]: message repeated 2 times: [ Failed password for root from 43.255.190.165 port 60435 ssh2]
Apr 14 18:09:22 ovzhost sshd[1303]: Received disconnect from 43.255.190.165: 11:  [preauth]
Apr 14 18:09:22 ovzhost sshd[1303]: PAM 2 more authentication failures; logname= uid=0 euid=0 tty=ssh ruser= rhost=43.255.190.165  user=root
Apr 14 18:09:23 ovzhost sshd[1307]: pam_unix(sshd:auth): authentication failure; logname= uid=0 euid=0 tty=ssh ruser= rhost=43.255.190.165  user=root
Apr 14 18:09:24 ovzhost sshd[1305]: message repeated 2 times: [ Failed password for root from 58.218.204.245 port 55945 ssh2]
Apr 14 18:09:24 ovzhost sshd[1305]: Received disconnect from 58.218.204.245: 11:  [preauth]
Apr 14 18:09:24 ovzhost sshd[1305]: PAM 2 more authentication failures; logname= uid=0 euid=0 tty=ssh ruser= rhost=58.218.204.245  user=root
Apr 14 18:09:25 ovzhost sshd[1307]: Failed password for root from 43.255.190.165 port 49652 ssh2
Apr 14 18:09:30 ovzhost sshd[1307]: message repeated 2 times: [ Failed password for root from 43.255.190.165 port 49652 ssh2]
Apr 14 18:09:30 ovzhost sshd[1307]: Received disconnect from 43.255.190.165: 11:  [preauth]
Apr 14 18:09:30 ovzhost sshd[1307]: PAM 2 more authentication failures; logname= uid=0 euid=0 tty=ssh ruser= rhost=43.255.190.165  user=root
Apr 14 18:09:30 ovzhost sshd[1309]: pam_unix(sshd:auth): authentication failure; logname= uid=0 euid=0 tty=ssh ruser= rhost=43.255.190.165  user=root
Apr 14 18:09:32 ovzhost sshd[1309]: Failed password for root from 43.255.190.165 port 41361 ssh2
Apr 14 18:09:36 ovzhost sshd[1309]: message repeated 2 times: [ Failed password for root from 43.255.190.165 port 41361 ssh2]
Apr 14 18:09:36 ovzhost sshd[1309]: Received disconnect from 43.255.190.165: 11:  [preauth]
Apr 14 18:09:36 ovzhost sshd[1309]: PAM 2 more authentication failures; logname= uid=0 euid=0 tty=ssh ruser= rhost=43.255.190.165  user=root
Apr 14 18:09:37 ovzhost sshd[1311]: pam_unix(sshd:auth): authentication failure; logname= uid=0 euid=0 tty=ssh ruser= rhost=43.255.190.165  user=root
Apr 14 18:09:39 ovzhost sshd[1311]: Failed password for root from 43.255.190.165 port 58667 ssh2
Apr 14 18:09:44 ovzhost sshd[1311]: message repeated 2 times: [ Failed password for root from 43.255.190.165 port 58667 ssh2]
Apr 14 18:09:44 ovzhost sshd[1311]: Received disconnect from 43.255.190.165: 11:  [preauth]
Apr 14 18:09:44 ovzhost sshd[1311]: PAM 2 more authentication failures; logname= uid=0 euid=0 tty=ssh ruser= rhost=43.255.190.165  user=root
Apr 14 18:09:44 ovzhost sshd[1315]: pam_unix(sshd:auth): authentication failure; logname= uid=0 euid=0 tty=ssh ruser= rhost=43.255.190.165  user=root
Apr 14 18:09:46 ovzhost sshd[1315]: Failed password for root from 43.255.190.165 port 49695 ssh2
Apr 14 18:09:51 ovzhost sshd[1315]: message repeated 2 times: [ Failed password for root from 43.255.190.165 port 49695 ssh2]
Apr 14 18:09:51 ovzhost sshd[1315]: Received disconnect from 43.255.190.165: 11:  [preauth]
Apr 14 18:09:51 ovzhost sshd[1315]: PAM 2 more authentication failures; logname= uid=0 euid=0 tty=ssh ruser= rhost=43.255.190.165  user=root
Apr 14 18:09:51 ovzhost sshd[1317]: pam_unix(sshd:auth): authentication failure; logname= uid=0 euid=0 tty=ssh ruser= rhost=43.255.190.165  user=root
Apr 14 18:09:53 ovzhost sshd[1317]: Failed password for root from 43.255.190.165 port 40290 ssh2
Apr 14 18:09:58 ovzhost sshd[1317]: message repeated 2 times: [ Failed password for root from 43.255.190.165 port 40290 ssh2]
Apr 14 18:09:58 ovzhost sshd[1317]: Received disconnect from 43.255.190.165: 11:  [preauth]
Apr 14 18:09:58 ovzhost sshd[1317]: PAM 2 more authentication failures; logname= uid=0 euid=0 tty=ssh ruser= rhost=43.255.190.165  user=root
Apr 14 18:09:59 ovzhost sshd[1319]: pam_unix(sshd:auth): authentication failure; logname= uid=0 euid=0 tty=ssh ruser= rhost=43.255.190.165  user=root
Apr 14 18:10:01 ovzhost sshd[1319]: Failed password for root from 43.255.190.165 port 58755 ssh2
Apr 14 18:10:05 ovzhost sshd[1319]: message repeated 2 times: [ Failed password for root from 43.255.190.165 port 58755 ssh2]
Apr 14 18:10:05 ovzhost sshd[1319]: Received disconnect from 43.255.190.165: 11:  [preauth]
Apr 14 18:10:05 ovzhost sshd[1319]: PAM 2 more authentication failures; logname= uid=0 euid=0 tty=ssh ruser= rhost=43.255.190.165  user=root
Apr 14 18:10:06 ovzhost sshd[1321]: pam_unix(sshd:auth): authentication failure; logname= uid=0 euid=0 tty=ssh ruser= rhost=43.255.190.165  user=root
Apr 14 18:10:07 ovzhost sshd[1321]: Failed password for root from 43.255.190.165 port 47713 ssh2
Apr 14 18:10:12 ovzhost sshd[1321]: message repeated 2 times: [ Failed password for root from 43.255.190.165 port 47713 ssh2]
Apr 14 18:10:12 ovzhost sshd[1321]: Received disconnect from 43.255.190.165: 11:  [preauth]
Apr 14 18:10:12 ovzhost sshd[1321]: PAM 2 more authentication failures; logname= uid=0 euid=0 tty=ssh ruser= rhost=43.255.190.165  user=root
Apr 14 18:10:12 ovzhost sshd[1323]: pam_unix(sshd:auth): authentication failure; logname= uid=0 euid=0 tty=ssh ruser= rhost=43.255.190.165  user=root
Apr 14 18:10:15 ovzhost sshd[1323]: Failed password for root from 43.255.190.165 port 35771 ssh2
Apr 14 18:10:18 ovzhost sshd[1323]: message repeated 2 times: [ Failed password for root from 43.255.190.165 port 35771 ssh2]
Apr 14 18:10:18 ovzhost sshd[1323]: Received disconnect from 43.255.190.165: 11:  [preauth]
Apr 14 18:10:18 ovzhost sshd[1323]: PAM 2 more authentication failures; logname= uid=0 euid=0 tty=ssh ruser= rhost=43.255.190.165  user=root
Apr 14 18:10:19 ovzhost sshd[1326]: pam_unix(sshd:auth): authentication failure; logname= uid=0 euid=0 tty=ssh ruser= rhost=43.255.190.165  user=root
Apr 14 18:10:21 ovzhost sshd[1326]: Failed password for root from 43.255.190.165 port 52184 ssh2
Apr 14 18:10:26 ovzhost sshd[1328]: Invalid user guest from 45.55.147.43
Apr 14 18:10:26 ovzhost sshd[1328]: input_userauth_request: invalid user guest [preauth]
Apr 14 18:10:26 ovzhost sshd[1328]: pam_unix(sshd:auth): check pass; user unknown
Apr 14 18:10:26 ovzhost sshd[1328]: pam_unix(sshd:auth): authentication failure; logname= uid=0 euid=0 tty=ssh ruser= rhost=45.55.147.43 
Apr 14 18:10:26 ovzhost sshd[1326]: message repeated 2 times: [ Failed password for root from 43.255.190.165 port 52184 ssh2]
Apr 14 18:10:26 ovzhost sshd[1326]: Received disconnect from 43.255.190.165: 11:  [preauth]
Apr 14 18:10:26 ovzhost sshd[1326]: PAM 2 more authentication failures; logname= uid=0 euid=0 tty=ssh ruser= rhost=43.255.190.165  user=root
Apr 14 18:10:27 ovzhost sshd[1330]: pam_unix(sshd:auth): authentication failure; logname= uid=0 euid=0 tty=ssh ruser= rhost=43.255.190.165  user=root
Apr 14 18:10:28 ovzhost sshd[1333]: Connection closed by 127.0.0.1 [preauth]
Apr 14 18:10:28 ovzhost sshd[1328]: Failed password for invalid user guest from 45.55.147.43 port 39295 ssh2
Apr 14 18:10:28 ovzhost sshd[1328]: Connection closed by 45.55.147.43 [preauth]
Apr 14 18:10:29 ovzhost sshd[1330]: Failed password for root from 43.255.190.165 port 43025 ssh2
Apr 14 18:10:33 ovzhost sshd[1330]: message repeated 2 times: [ Failed password for root from 43.255.190.165 port 43025 ssh2]
Apr 14 18:10:33 ovzhost sshd[1330]: Received disconnect from 43.255.190.165: 11:  [preauth]
Apr 14 18:10:33 ovzhost sshd[1330]: PAM 2 more authentication failures; logname= uid=0 euid=0 tty=ssh ruser= rhost=43.255.190.165  user=root
Apr 14 18:10:34 ovzhost sshd[1335]: pam_unix(sshd:auth): authentication failure; logname= uid=0 euid=0 tty=ssh ruser= rhost=43.255.190.165  user=root
Apr 14 18:10:35 ovzhost sshd[1335]: Failed password for root from 43.255.190.165 port 59632 ssh2
Apr 14 18:10:40 ovzhost sshd[1335]: message repeated 2 times: [ Failed password for root from 43.255.190.165 port 59632 ssh2]
Apr 14 18:10:40 ovzhost sshd[1335]: Received disconnect from 43.255.190.165: 11:  [preauth]
Apr 14 18:10:40 ovzhost sshd[1335]: PAM 2 more authentication failures; logname= uid=0 euid=0 tty=ssh ruser= rhost=43.255.190.165  user=root
Apr 14 18:10:41 ovzhost sshd[1337]: pam_unix(sshd:auth): authentication failure; logname= uid=0 euid=0 tty=ssh ruser= rhost=43.255.190.165  user=root
Apr 14 18:10:42 ovzhost sshd[1337]: Failed password for root from 43.255.190.165 port 48438 ssh2
Apr 14 18:10:46 ovzhost sshd[1340]: Connection closed by 128.8.37.120 [preauth]
Apr 14 18:10:47 ovzhost sshd[1337]: message repeated 2 times: [ Failed password for root from 43.255.190.165 port 48438 ssh2]
Apr 14 18:10:47 ovzhost sshd[1337]: Received disconnect from 43.255.190.165: 11:  [preauth]
Apr 14 18:10:47 ovzhost sshd[1337]: PAM 2 more authentication failures; logname= uid=0 euid=0 tty=ssh ruser= rhost=43.255.190.165  user=root
Apr 14 18:10:48 ovzhost sshd[1342]: pam_unix(sshd:auth): authentication failure; logname= uid=0 euid=0 tty=ssh ruser= rhost=43.255.190.165  user=root
