Mar 31 17:16:56 ovzhost sudo:     root : unable to resolve host ovzhost
Mar 31 17:16:56 ovzhost sudo:     root : TTY=pts/0 ; PWD=/ ; USER=root ; COMMAND=/usr/bin/less /root/.bash_history
Mar 31 17:16:56 ovzhost sudo: pam_unix(sudo:session): session opened for user root by (uid=0)
Mar 31 17:16:57 ovzhost sudo: pam_unix(sudo:session): session closed for user root
Apr  2 14:31:13 ovzhost sshd[419]: Server listening on 0.0.0.0 port 22.
Apr  2 14:31:13 ovzhost sshd[419]: Server listening on :: port 22.
Apr  2 14:31:13 ovzhost saslauthd[637]: detach_tty      : master pid is: 637
Apr  2 14:31:13 ovzhost saslauthd[637]: ipc_init        : listening on socket: /var/run/saslauthd/mux
Apr  2 14:33:26 ovzhost sshd[797]: Connection closed by 127.0.0.1 [preauth]
Apr 12 02:38:04 ovzhost sshd[785]: Connection closed by 127.0.0.1 [preauth]
Apr 12 02:39:01 ovzhost CRON[796]: pam_env(cron:session): Unable to open env file: /etc/default/locale: No such file or directory
Apr 12 02:39:01 ovzhost CRON[796]: pam_unix(cron:session): session opened for user root by (uid=0)
Apr 12 02:39:02 ovzhost CRON[796]: pam_unix(cron:session): session closed for user root
Apr 12 02:40:01 ovzhost CRON[809]: pam_env(cron:session): Unable to open env file: /etc/default/locale: No such file or directory
Apr 12 02:40:01 ovzhost CRON[809]: pam_unix(cron:session): session opened for user smmsp by (uid=0)
Apr 12 02:40:01 ovzhost CRON[809]: pam_unix(cron:session): session closed for user smmsp
Apr 12 02:40:26 ovzhost sshd[836]: Connection closed by 128.8.37.104 [preauth]
Apr 12 02:43:01 ovzhost CRON[846]: pam_env(cron:session): Unable to open env file: /etc/default/locale: No such file or directory
Apr 12 02:43:01 ovzhost CRON[846]: pam_unix(cron:session): session opened for user root by (uid=0)
Apr 12 02:43:01 ovzhost CRON[846]: pam_unix(cron:session): session closed for user root
Apr 12 02:43:04 ovzhost sshd[850]: Connection closed by 127.0.0.1 [preauth]
Apr 12 02:48:04 ovzhost sshd[870]: Connection closed by 127.0.0.1 [preauth]
Apr 12 02:50:26 ovzhost sshd[884]: Connection closed by 128.8.37.104 [preauth]
Apr 12 02:50:39 ovzhost sshd[886]: pam_unix(sshd:auth): authentication failure; logname= uid=0 euid=0 tty=ssh ruser= rhost=43.255.190.168  user=root
Apr 12 02:50:41 ovzhost sshd[886]: Failed password for root from 43.255.190.168 port 42629 ssh2
Apr 12 02:50:44 ovzhost sshd[886]: message repeated 2 times: [ Failed password for root from 43.255.190.168 port 42629 ssh2]
Apr 12 02:50:45 ovzhost sshd[886]: Received disconnect from 43.255.190.168: 11:  [preauth]
Apr 12 02:50:45 ovzhost sshd[886]: PAM 2 more authentication failures; logname= uid=0 euid=0 tty=ssh ruser= rhost=43.255.190.168  user=root
Apr 12 02:50:45 ovzhost sshd[888]: pam_unix(sshd:auth): authentication failure; logname= uid=0 euid=0 tty=ssh ruser= rhost=43.255.190.168  user=root
Apr 12 02:50:48 ovzhost sshd[888]: Failed password for root from 43.255.190.168 port 56440 ssh2
Apr 12 02:50:51 ovzhost sshd[892]: pam_unix(sshd:auth): authentication failure; logname= uid=0 euid=0 tty=ssh ruser= rhost=43.255.190.169  user=root
Apr 12 02:50:52 ovzhost sshd[888]: message repeated 2 times: [ Failed password for root from 43.255.190.168 port 56440 ssh2]
Apr 12 02:50:52 ovzhost sshd[888]: Received disconnect from 43.255.190.168: 11:  [preauth]
Apr 12 02:50:52 ovzhost sshd[888]: PAM 2 more authentication failures; logname= uid=0 euid=0 tty=ssh ruser= rhost=43.255.190.168  user=root
Apr 12 02:50:52 ovzhost sshd[894]: pam_unix(sshd:auth): authentication failure; logname= uid=0 euid=0 tty=ssh ruser= rhost=43.255.190.168  user=root
Apr 12 02:50:53 ovzhost sshd[892]: Failed password for root from 43.255.190.169 port 35734 ssh2
Apr 12 02:50:55 ovzhost sshd[894]: Failed password for root from 43.255.190.168 port 42560 ssh2
Apr 12 02:50:58 ovzhost sshd[892]: message repeated 2 times: [ Failed password for root from 43.255.190.169 port 35734 ssh2]
Apr 12 02:50:58 ovzhost sshd[892]: Received disconnect from 43.255.190.169: 11:  [preauth]
Apr 12 02:50:58 ovzhost sshd[892]: PAM 2 more authentication failures; logname= uid=0 euid=0 tty=ssh ruser= rhost=43.255.190.169  user=root
Apr 12 02:50:58 ovzhost sshd[896]: pam_unix(sshd:auth): authentication failure; logname= uid=0 euid=0 tty=ssh ruser= rhost=43.255.190.169  user=root
Apr 12 02:50:59 ovzhost sshd[894]: message repeated 2 times: [ Failed password for root from 43.255.190.168 port 42560 ssh2]
Apr 12 02:50:59 ovzhost sshd[894]: Received disconnect from 43.255.190.168: 11:  [preauth]
Apr 12 02:50:59 ovzhost sshd[894]: PAM 2 more authentication failures; logname= uid=0 euid=0 tty=ssh ruser= rhost=43.255.190.168  user=root
Apr 12 02:50:59 ovzhost sshd[898]: pam_unix(sshd:auth): authentication failure; logname= uid=0 euid=0 tty=ssh ruser= rhost=43.255.190.168  user=root
Apr 12 02:51:01 ovzhost sshd[896]: Failed password for root from 43.255.190.169 port 55949 ssh2
Apr 12 02:51:02 ovzhost sshd[898]: Failed password for root from 43.255.190.168 port 56561 ssh2
Apr 12 02:51:05 ovzhost sshd[896]: message repeated 2 times: [ Failed password for root from 43.255.190.169 port 55949 ssh2]
Apr 12 02:51:05 ovzhost sshd[896]: Received disconnect from 43.255.190.169: 11:  [preauth]
Apr 12 02:51:05 ovzhost sshd[896]: PAM 2 more authentication failures; logname= uid=0 euid=0 tty=ssh ruser= rhost=43.255.190.169  user=root
Apr 12 02:51:06 ovzhost sshd[900]: pam_unix(sshd:auth): authentication failure; logname= uid=0 euid=0 tty=ssh ruser= rhost=43.255.190.169  user=root
Apr 12 02:51:06 ovzhost sshd[898]: message repeated 2 times: [ Failed password for root from 43.255.190.168 port 56561 ssh2]
Apr 12 02:51:06 ovzhost sshd[898]: Received disconnect from 43.255.190.168: 11:  [preauth]
Apr 12 02:51:06 ovzhost sshd[898]: PAM 2 more authentication failures; logname= uid=0 euid=0 tty=ssh ruser= rhost=43.255.190.168  user=root
Apr 12 02:51:07 ovzhost sshd[902]: pam_unix(sshd:auth): authentication failure; logname= uid=0 euid=0 tty=ssh ruser= rhost=43.255.190.168  user=root
Apr 12 02:51:08 ovzhost sshd[900]: Failed password for root from 43.255.190.169 port 47564 ssh2
Apr 12 02:51:09 ovzhost sshd[902]: Failed password for root from 43.255.190.168 port 44154 ssh2
Apr 12 02:51:13 ovzhost sshd[900]: message repeated 2 times: [ Failed password for root from 43.255.190.169 port 47564 ssh2]
Apr 12 02:51:13 ovzhost sshd[900]: Received disconnect from 43.255.190.169: 11:  [preauth]
Apr 12 02:51:13 ovzhost sshd[900]: PAM 2 more authentication failures; logname= uid=0 euid=0 tty=ssh ruser= rhost=43.255.190.169  user=root
Apr 12 02:51:13 ovzhost sshd[902]: message repeated 2 times: [ Failed password for root from 43.255.190.168 port 44154 ssh2]
Apr 12 02:51:13 ovzhost sshd[902]: Received disconnect from 43.255.190.168: 11:  [preauth]
Apr 12 02:51:13 ovzhost sshd[902]: PAM 2 more authentication failures; logname= uid=0 euid=0 tty=ssh ruser= rhost=43.255.190.168  user=root
Apr 12 02:51:14 ovzhost sshd[904]: pam_unix(sshd:auth): authentication failure; logname= uid=0 euid=0 tty=ssh ruser= rhost=43.255.190.169  user=root
Apr 12 02:51:14 ovzhost sshd[906]: pam_unix(sshd:auth): authentication failure; logname= uid=0 euid=0 tty=ssh ruser= rhost=43.255.190.168  user=root
Apr 12 02:51:16 ovzhost sshd[904]: Failed password for root from 43.255.190.169 port 41155 ssh2
Apr 12 02:51:16 ovzhost sshd[906]: Failed password for root from 43.255.190.168 port 58451 ssh2
Apr 12 02:51:20 ovzhost sshd[904]: message repeated 2 times: [ Failed password for root from 43.255.190.169 port 41155 ssh2]
Apr 12 02:51:20 ovzhost sshd[904]: Received disconnect from 43.255.190.169: 11:  [preauth]
Apr 12 02:51:20 ovzhost sshd[904]: PAM 2 more authentication failures; logname= uid=0 euid=0 tty=ssh ruser= rhost=43.255.190.169  user=root
Apr 12 02:51:20 ovzhost sshd[906]: message repeated 2 times: [ Failed password for root from 43.255.190.168 port 58451 ssh2]
Apr 12 02:51:20 ovzhost sshd[906]: Received disconnect from 43.255.190.168: 11:  [preauth]
Apr 12 02:51:20 ovzhost sshd[906]: PAM 2 more authentication failures; logname= uid=0 euid=0 tty=ssh ruser= rhost=43.255.190.168  user=root
Apr 12 02:51:21 ovzhost sshd[908]: pam_unix(sshd:auth): authentication failure; logname= uid=0 euid=0 tty=ssh ruser= rhost=43.255.190.169  user=root
Apr 12 02:51:21 ovzhost sshd[910]: pam_unix(sshd:auth): authentication failure; logname= uid=0 euid=0 tty=ssh ruser= rhost=43.255.190.168  user=root
Apr 12 02:51:23 ovzhost sshd[908]: Failed password for root from 43.255.190.169 port 59741 ssh2
Apr 12 02:51:23 ovzhost sshd[910]: Failed password for root from 43.255.190.168 port 45091 ssh2
Apr 12 02:51:27 ovzhost sshd[908]: message repeated 2 times: [ Failed password for root from 43.255.190.169 port 59741 ssh2]
Apr 12 02:51:27 ovzhost sshd[908]: Received disconnect from 43.255.190.169: 11:  [preauth]
Apr 12 02:51:27 ovzhost sshd[908]: PAM 2 more authentication failures; logname= uid=0 euid=0 tty=ssh ruser= rhost=43.255.190.169  user=root
Apr 12 02:51:27 ovzhost sshd[910]: message repeated 2 times: [ Failed password for root from 43.255.190.168 port 45091 ssh2]
Apr 12 02:51:27 ovzhost sshd[910]: Received disconnect from 43.255.190.168: 11:  [preauth]
Apr 12 02:51:27 ovzhost sshd[910]: PAM 2 more authentication failures; logname= uid=0 euid=0 tty=ssh ruser= rhost=43.255.190.168  user=root
Apr 12 02:51:28 ovzhost sshd[914]: pam_unix(sshd:auth): authentication failure; logname= uid=0 euid=0 tty=ssh ruser= rhost=43.255.190.169  user=root
Apr 12 02:51:28 ovzhost sshd[916]: pam_unix(sshd:auth): authentication failure; logname= uid=0 euid=0 tty=ssh ruser= rhost=43.255.190.168  user=root
Apr 12 02:51:30 ovzhost sshd[914]: Failed password for root from 43.255.190.169 port 50850 ssh2
Apr 12 02:51:30 ovzhost sshd[916]: Failed password for root from 43.255.190.168 port 59729 ssh2
Apr 12 02:51:34 ovzhost sshd[914]: message repeated 2 times: [ Failed password for root from 43.255.190.169 port 50850 ssh2]
Apr 12 02:51:34 ovzhost sshd[914]: Received disconnect from 43.255.190.169: 11:  [preauth]
Apr 12 02:51:34 ovzhost sshd[914]: PAM 2 more authentication failures; logname= uid=0 euid=0 tty=ssh ruser= rhost=43.255.190.169  user=root
Apr 12 02:51:34 ovzhost sshd[916]: message repeated 2 times: [ Failed password for root from 43.255.190.168 port 59729 ssh2]
Apr 12 02:51:34 ovzhost sshd[916]: Received disconnect from 43.255.190.168: 11:  [preauth]
Apr 12 02:51:34 ovzhost sshd[916]: PAM 2 more authentication failures; logname= uid=0 euid=0 tty=ssh ruser= rhost=43.255.190.168  user=root
Apr 12 02:51:35 ovzhost sshd[918]: pam_unix(sshd:auth): authentication failure; logname= uid=0 euid=0 tty=ssh ruser= rhost=43.255.190.169  user=root
Apr 12 02:51:35 ovzhost sshd[920]: pam_unix(sshd:auth): authentication failure; logname= uid=0 euid=0 tty=ssh ruser= rhost=43.255.190.168  user=root
Apr 12 02:51:37 ovzhost sshd[918]: Failed password for root from 43.255.190.169 port 40844 ssh2
Apr 12 02:51:37 ovzhost sshd[920]: Failed password for root from 43.255.190.168 port 46097 ssh2
Apr 12 02:51:41 ovzhost sshd[918]: message repeated 2 times: [ Failed password for root from 43.255.190.169 port 40844 ssh2]
Apr 12 02:51:41 ovzhost sshd[918]: Received disconnect from 43.255.190.169: 11:  [preauth]
Apr 12 02:51:41 ovzhost sshd[918]: PAM 2 more authentication failures; logname= uid=0 euid=0 tty=ssh ruser= rhost=43.255.190.169  user=root
Apr 12 02:51:41 ovzhost sshd[920]: message repeated 2 times: [ Failed password for root from 43.255.190.168 port 46097 ssh2]
Apr 12 02:51:41 ovzhost sshd[920]: Received disconnect from 43.255.190.168: 11:  [preauth]
Apr 12 02:51:41 ovzhost sshd[920]: PAM 2 more authentication failures; logname= uid=0 euid=0 tty=ssh ruser= rhost=43.255.190.168  user=root
Apr 12 02:51:42 ovzhost sshd[922]: pam_unix(sshd:auth): authentication failure; logname= uid=0 euid=0 tty=ssh ruser= rhost=43.255.190.169  user=root
Apr 12 02:51:42 ovzhost sshd[924]: pam_unix(sshd:auth): authentication failure; logname= uid=0 euid=0 tty=ssh ruser= rhost=43.255.190.168  user=root
Apr 12 02:51:45 ovzhost sshd[922]: Failed password for root from 43.255.190.169 port 58950 ssh2
Apr 12 02:51:45 ovzhost sshd[924]: Failed password for root from 43.255.190.168 port 60281 ssh2
Apr 12 02:51:49 ovzhost sshd[922]: message repeated 2 times: [ Failed password for root from 43.255.190.169 port 58950 ssh2]
Apr 12 02:51:49 ovzhost sshd[922]: Received disconnect from 43.255.190.169: 11:  [preauth]
Apr 12 02:51:49 ovzhost sshd[922]: PAM 2 more authentication failures; logname= uid=0 euid=0 tty=ssh ruser= rhost=43.255.190.169  user=root
Apr 12 02:51:49 ovzhost sshd[924]: message repeated 2 times: [ Failed password for root from 43.255.190.168 port 60281 ssh2]
Apr 12 02:51:49 ovzhost sshd[924]: Received disconnect from 43.255.190.168: 11:  [preauth]
Apr 12 02:51:49 ovzhost sshd[924]: PAM 2 more authentication failures; logname= uid=0 euid=0 tty=ssh ruser= rhost=43.255.190.168  user=root
Apr 12 02:51:50 ovzhost sshd[926]: pam_unix(sshd:auth): authentication failure; logname= uid=0 euid=0 tty=ssh ruser= rhost=43.255.190.169  user=root
Apr 12 02:51:50 ovzhost sshd[928]: pam_unix(sshd:auth): authentication failure; logname= uid=0 euid=0 tty=ssh ruser= rhost=43.255.190.168  user=root
Apr 12 02:51:52 ovzhost sshd[926]: Failed password for root from 43.255.190.169 port 50612 ssh2
Apr 12 02:51:52 ovzhost sshd[928]: Failed password for root from 43.255.190.168 port 47844 ssh2
Apr 12 02:51:55 ovzhost sshd[926]: message repeated 2 times: [ Failed password for root from 43.255.190.169 port 50612 ssh2]
Apr 12 02:51:56 ovzhost sshd[926]: Received disconnect from 43.255.190.169: 11:  [preauth]
Apr 12 02:51:56 ovzhost sshd[926]: PAM 2 more authentication failures; logname= uid=0 euid=0 tty=ssh ruser= rhost=43.255.190.169  user=root
Apr 12 02:51:56 ovzhost sshd[928]: message repeated 2 times: [ Failed password for root from 43.255.190.168 port 47844 ssh2]
Apr 12 02:51:56 ovzhost sshd[928]: Received disconnect from 43.255.190.168: 11:  [preauth]
Apr 12 02:51:56 ovzhost sshd[928]: PAM 2 more authentication failures; logname= uid=0 euid=0 tty=ssh ruser= rhost=43.255.190.168  user=root
Apr 12 02:51:56 ovzhost sshd[931]: pam_unix(sshd:auth): authentication failure; logname= uid=0 euid=0 tty=ssh ruser= rhost=43.255.190.169  user=root
Apr 12 02:51:56 ovzhost sshd[933]: pam_unix(sshd:auth): authentication failure; logname= uid=0 euid=0 tty=ssh ruser= rhost=43.255.190.168  user=root
Apr 12 02:51:58 ovzhost sshd[931]: Failed password for root from 43.255.190.169 port 39693 ssh2
Apr 12 02:51:58 ovzhost sshd[933]: Failed password for root from 43.255.190.168 port 33727 ssh2
Apr 12 02:52:02 ovzhost sshd[931]: message repeated 2 times: [ Failed password for root from 43.255.190.169 port 39693 ssh2]
Apr 12 02:52:02 ovzhost sshd[931]: Received disconnect from 43.255.190.169: 11:  [preauth]
Apr 12 02:52:02 ovzhost sshd[931]: PAM 2 more authentication failures; logname= uid=0 euid=0 tty=ssh ruser= rhost=43.255.190.169  user=root
Apr 12 02:52:02 ovzhost sshd[933]: message repeated 2 times: [ Failed password for root from 43.255.190.168 port 33727 ssh2]
Apr 12 02:52:02 ovzhost sshd[933]: Received disconnect from 43.255.190.168: 11:  [preauth]
Apr 12 02:52:02 ovzhost sshd[933]: PAM 2 more authentication failures; logname= uid=0 euid=0 tty=ssh ruser= rhost=43.255.190.168  user=root
Apr 12 02:52:03 ovzhost sshd[935]: pam_unix(sshd:auth): authentication failure; logname= uid=0 euid=0 tty=ssh ruser= rhost=43.255.190.169  user=root
Apr 12 02:52:03 ovzhost sshd[937]: pam_unix(sshd:auth): authentication failure; logname= uid=0 euid=0 tty=ssh ruser= rhost=43.255.190.168  user=root
Apr 12 02:52:04 ovzhost sshd[935]: Failed password for root from 43.255.190.169 port 55867 ssh2
Apr 12 02:52:04 ovzhost sshd[937]: Failed password for root from 43.255.190.168 port 46418 ssh2
Apr 12 02:52:08 ovzhost sshd[935]: message repeated 2 times: [ Failed password for root from 43.255.190.169 port 55867 ssh2]
Apr 12 02:52:09 ovzhost sshd[935]: Received disconnect from 43.255.190.169: 11:  [preauth]
Apr 12 02:52:09 ovzhost sshd[935]: PAM 2 more authentication failures; logname= uid=0 euid=0 tty=ssh ruser= rhost=43.255.190.169  user=root
Apr 12 02:52:08 ovzhost sshd[937]: message repeated 2 times: [ Failed password for root from 43.255.190.168 port 46418 ssh2]
Apr 12 02:52:09 ovzhost sshd[937]: Received disconnect from 43.255.190.168: 11:  [preauth]
Apr 12 02:52:09 ovzhost sshd[937]: PAM 2 more authentication failures; logname= uid=0 euid=0 tty=ssh ruser= rhost=43.255.190.168  user=root
Apr 12 02:52:09 ovzhost sshd[939]: pam_unix(sshd:auth): authentication failure; logname= uid=0 euid=0 tty=ssh ruser= rhost=43.255.190.169  user=root
Apr 12 02:52:09 ovzhost sshd[941]: pam_unix(sshd:auth): authentication failure; logname= uid=0 euid=0 tty=ssh ruser= rhost=43.255.190.168  user=root
Apr 12 02:52:11 ovzhost sshd[939]: Failed password for root from 43.255.190.169 port 44647 ssh2
Apr 12 02:52:11 ovzhost sshd[941]: Failed password for root from 43.255.190.168 port 60344 ssh2
Apr 12 02:52:15 ovzhost sshd[939]: message repeated 2 times: [ Failed password for root from 43.255.190.169 port 44647 ssh2]
Apr 12 02:52:15 ovzhost sshd[939]: Received disconnect from 43.255.190.169: 11:  [preauth]
Apr 12 02:52:15 ovzhost sshd[939]: PAM 2 more authentication failures; logname= uid=0 euid=0 tty=ssh ruser= rhost=43.255.190.169  user=root
Apr 12 02:52:15 ovzhost sshd[941]: message repeated 2 times: [ Failed password for root from 43.255.190.168 port 60344 ssh2]
Apr 12 02:52:15 ovzhost sshd[941]: Received disconnect from 43.255.190.168: 11:  [preauth]
Apr 12 02:52:15 ovzhost sshd[941]: PAM 2 more authentication failures; logname= uid=0 euid=0 tty=ssh ruser= rhost=43.255.190.168  user=root
Apr 12 02:52:16 ovzhost sshd[943]: pam_unix(sshd:auth): authentication failure; logname= uid=0 euid=0 tty=ssh ruser= rhost=43.255.190.169  user=root
Apr 12 02:52:16 ovzhost sshd[945]: pam_unix(sshd:auth): authentication failure; logname= uid=0 euid=0 tty=ssh ruser= rhost=43.255.190.168  user=root
Apr 12 02:52:18 ovzhost sshd[943]: Failed password for root from 43.255.190.169 port 34583 ssh2
Apr 12 02:52:18 ovzhost sshd[945]: Failed password for root from 43.255.190.168 port 46423 ssh2
Apr 12 02:52:23 ovzhost sshd[943]: message repeated 2 times: [ Failed password for root from 43.255.190.169 port 34583 ssh2]
Apr 12 02:52:23 ovzhost sshd[943]: Received disconnect from 43.255.190.169: 11:  [preauth]
Apr 12 02:52:23 ovzhost sshd[943]: PAM 2 more authentication failures; logname= uid=0 euid=0 tty=ssh ruser= rhost=43.255.190.169  user=root
Apr 12 02:52:23 ovzhost sshd[945]: message repeated 2 times: [ Failed password for root from 43.255.190.168 port 46423 ssh2]
Apr 12 02:52:23 ovzhost sshd[945]: Received disconnect from 43.255.190.168: 11:  [preauth]
Apr 12 02:52:23 ovzhost sshd[945]: PAM 2 more authentication failures; logname= uid=0 euid=0 tty=ssh ruser= rhost=43.255.190.168  user=root
Apr 12 02:52:23 ovzhost sshd[947]: pam_unix(sshd:auth): authentication failure; logname= uid=0 euid=0 tty=ssh ruser= rhost=43.255.190.169  user=root
Apr 12 02:52:24 ovzhost sshd[949]: pam_unix(sshd:auth): authentication failure; logname= uid=0 euid=0 tty=ssh ruser= rhost=43.255.190.168  user=root
Apr 12 02:52:26 ovzhost sshd[949]: Failed password for root from 43.255.190.168 port 60854 ssh2
Apr 12 02:52:26 ovzhost sshd[947]: Failed password for root from 43.255.190.169 port 53434 ssh2
Apr 12 02:52:29 ovzhost sshd[949]: message repeated 2 times: [ Failed password for root from 43.255.190.168 port 60854 ssh2]
Apr 12 02:52:29 ovzhost sshd[949]: Received disconnect from 43.255.190.168: 11:  [preauth]
Apr 12 02:52:29 ovzhost sshd[949]: PAM 2 more authentication failures; logname= uid=0 euid=0 tty=ssh ruser= rhost=43.255.190.168  user=root
Apr 12 02:52:29 ovzhost sshd[947]: message repeated 2 times: [ Failed password for root from 43.255.190.169 port 53434 ssh2]
Apr 12 02:52:29 ovzhost sshd[947]: Received disconnect from 43.255.190.169: 11:  [preauth]
Apr 12 02:52:29 ovzhost sshd[947]: PAM 2 more authentication failures; logname= uid=0 euid=0 tty=ssh ruser= rhost=43.255.190.169  user=root
Apr 12 02:52:29 ovzhost sshd[951]: pam_unix(sshd:auth): authentication failure; logname= uid=0 euid=0 tty=ssh ruser= rhost=43.255.190.168  user=root
Apr 12 02:52:30 ovzhost sshd[953]: pam_unix(sshd:auth): authentication failure; logname= uid=0 euid=0 tty=ssh ruser= rhost=43.255.190.169  user=root
Apr 12 02:52:32 ovzhost sshd[951]: Failed password for root from 43.255.190.168 port 45815 ssh2
Apr 12 02:52:32 ovzhost sshd[953]: Failed password for root from 43.255.190.169 port 41627 ssh2
Apr 12 02:52:36 ovzhost sshd[951]: message repeated 2 times: [ Failed password for root from 43.255.190.168 port 45815 ssh2]
Apr 12 02:52:36 ovzhost sshd[951]: Received disconnect from 43.255.190.168: 11:  [preauth]
Apr 12 02:52:36 ovzhost sshd[951]: PAM 2 more authentication failures; logname= uid=0 euid=0 tty=ssh ruser= rhost=43.255.190.168  user=root
Apr 12 02:52:36 ovzhost sshd[953]: message repeated 2 times: [ Failed password for root from 43.255.190.169 port 41627 ssh2]
Apr 12 02:52:36 ovzhost sshd[953]: Received disconnect from 43.255.190.169: 11:  [preauth]
Apr 12 02:52:36 ovzhost sshd[953]: PAM 2 more authentication failures; logname= uid=0 euid=0 tty=ssh ruser= rhost=43.255.190.169  user=root
Apr 12 02:52:37 ovzhost sshd[955]: pam_unix(sshd:auth): authentication failure; logname= uid=0 euid=0 tty=ssh ruser= rhost=43.255.190.168  user=root
Apr 12 02:52:37 ovzhost sshd[957]: pam_unix(sshd:auth): authentication failure; logname= uid=0 euid=0 tty=ssh ruser= rhost=43.255.190.169  user=root
Apr 12 02:52:38 ovzhost sshd[955]: Failed password for root from 43.255.190.168 port 59987 ssh2
Apr 12 02:52:38 ovzhost sshd[957]: Failed password for root from 43.255.190.169 port 60312 ssh2
Apr 12 02:52:41 ovzhost sshd[955]: message repeated 2 times: [ Failed password for root from 43.255.190.168 port 59987 ssh2]
Apr 12 02:52:42 ovzhost sshd[955]: Received disconnect from 43.255.190.168: 11:  [preauth]
Apr 12 02:52:42 ovzhost sshd[955]: PAM 2 more authentication failures; logname= uid=0 euid=0 tty=ssh ruser= rhost=43.255.190.168  user=root
Apr 12 02:52:42 ovzhost sshd[957]: message repeated 2 times: [ Failed password for root from 43.255.190.169 port 60312 ssh2]
Apr 12 02:52:42 ovzhost sshd[957]: Received disconnect from 43.255.190.169: 11:  [preauth]
Apr 12 02:52:42 ovzhost sshd[957]: PAM 2 more authentication failures; logname= uid=0 euid=0 tty=ssh ruser= rhost=43.255.190.169  user=root
Apr 12 02:52:42 ovzhost sshd[959]: pam_unix(sshd:auth): authentication failure; logname= uid=0 euid=0 tty=ssh ruser= rhost=43.255.190.168  user=root
Apr 12 02:52:42 ovzhost sshd[961]: pam_unix(sshd:auth): authentication failure; logname= uid=0 euid=0 tty=ssh ruser= rhost=43.255.190.169  user=root
Apr 12 02:52:45 ovzhost sshd[959]: Failed password for root from 43.255.190.168 port 43448 ssh2
Apr 12 02:52:45 ovzhost sshd[961]: Failed password for root from 43.255.190.169 port 46592 ssh2
Apr 12 02:52:49 ovzhost sshd[959]: message repeated 2 times: [ Failed password for root from 43.255.190.168 port 43448 ssh2]
Apr 12 02:52:49 ovzhost sshd[959]: Received disconnect from 43.255.190.168: 11:  [preauth]
Apr 12 02:52:49 ovzhost sshd[959]: PAM 2 more authentication failures; logname= uid=0 euid=0 tty=ssh ruser= rhost=43.255.190.168  user=root
Apr 12 02:52:49 ovzhost sshd[961]: message repeated 2 times: [ Failed password for root from 43.255.190.169 port 46592 ssh2]
Apr 12 02:52:49 ovzhost sshd[961]: Received disconnect from 43.255.190.169: 11:  [preauth]
Apr 12 02:52:49 ovzhost sshd[961]: PAM 2 more authentication failures; logname= uid=0 euid=0 tty=ssh ruser= rhost=43.255.190.169  user=root
Apr 12 02:52:50 ovzhost sshd[963]: pam_unix(sshd:auth): authentication failure; logname= uid=0 euid=0 tty=ssh ruser= rhost=43.255.190.168  user=root
Apr 12 02:52:50 ovzhost sshd[965]: pam_unix(sshd:auth): authentication failure; logname= uid=0 euid=0 tty=ssh ruser= rhost=43.255.190.169  user=root
Apr 12 02:52:51 ovzhost sshd[963]: Failed password for root from 43.255.190.168 port 58268 ssh2
Apr 12 02:52:51 ovzhost sshd[965]: Failed password for root from 43.255.190.169 port 37712 ssh2
Apr 12 02:52:55 ovzhost sshd[963]: message repeated 2 times: [ Failed password for root from 43.255.190.168 port 58268 ssh2]
Apr 12 02:52:55 ovzhost sshd[963]: Received disconnect from 43.255.190.168: 11:  [preauth]
Apr 12 02:52:55 ovzhost sshd[963]: PAM 2 more authentication failures; logname= uid=0 euid=0 tty=ssh ruser= rhost=43.255.190.168  user=root
Apr 12 02:52:55 ovzhost sshd[965]: message repeated 2 times: [ Failed password for root from 43.255.190.169 port 37712 ssh2]
Apr 12 02:52:56 ovzhost sshd[965]: Received disconnect from 43.255.190.169: 11:  [preauth]
Apr 12 02:52:56 ovzhost sshd[965]: PAM 2 more authentication failures; logname= uid=0 euid=0 tty=ssh ruser= rhost=43.255.190.169  user=root
Apr 12 02:52:56 ovzhost sshd[968]: pam_unix(sshd:auth): authentication failure; logname= uid=0 euid=0 tty=ssh ruser= rhost=43.255.190.168  user=root
Apr 12 02:52:56 ovzhost sshd[970]: pam_unix(sshd:auth): authentication failure; logname= uid=0 euid=0 tty=ssh ruser= rhost=43.255.190.169  user=root
Apr 12 02:52:58 ovzhost sshd[968]: Failed password for root from 43.255.190.168 port 43086 ssh2
Apr 12 02:52:58 ovzhost sshd[970]: Failed password for root from 43.255.190.169 port 53923 ssh2
Apr 12 02:53:02 ovzhost sshd[968]: message repeated 2 times: [ Failed password for root from 43.255.190.168 port 43086 ssh2]
Apr 12 02:53:02 ovzhost sshd[968]: Received disconnect from 43.255.190.168: 11:  [preauth]
Apr 12 02:53:02 ovzhost sshd[968]: PAM 2 more authentication failures; logname= uid=0 euid=0 tty=ssh ruser= rhost=43.255.190.168  user=root
Apr 12 02:53:02 ovzhost sshd[970]: message repeated 2 times: [ Failed password for root from 43.255.190.169 port 53923 ssh2]
Apr 12 02:53:02 ovzhost sshd[970]: Received disconnect from 43.255.190.169: 11:  [preauth]
Apr 12 02:53:02 ovzhost sshd[970]: PAM 2 more authentication failures; logname= uid=0 euid=0 tty=ssh ruser= rhost=43.255.190.169  user=root
Apr 12 02:53:02 ovzhost sshd[972]: pam_unix(sshd:auth): authentication failure; logname= uid=0 euid=0 tty=ssh ruser= rhost=43.255.190.168  user=root
Apr 12 02:53:03 ovzhost sshd[974]: pam_unix(sshd:auth): authentication failure; logname= uid=0 euid=0 tty=ssh ruser= rhost=43.255.190.169  user=root
Apr 12 02:53:04 ovzhost sshd[972]: Failed password for root from 43.255.190.168 port 56659 ssh2
Apr 12 02:53:04 ovzhost sshd[974]: Failed password for root from 43.255.190.169 port 42860 ssh2
Apr 12 02:53:04 ovzhost sshd[979]: Connection closed by 127.0.0.1 [preauth]
Apr 12 02:53:09 ovzhost sshd[974]: message repeated 2 times: [ Failed password for root from 43.255.190.169 port 42860 ssh2]
Apr 12 02:53:09 ovzhost sshd[974]: Received disconnect from 43.255.190.169: 11:  [preauth]
Apr 12 02:53:09 ovzhost sshd[974]: PAM 2 more authentication failures; logname= uid=0 euid=0 tty=ssh ruser= rhost=43.255.190.169  user=root
Apr 12 02:53:09 ovzhost sshd[972]: message repeated 2 times: [ Failed password for root from 43.255.190.168 port 56659 ssh2]
Apr 12 02:53:09 ovzhost sshd[972]: Received disconnect from 43.255.190.168: 11:  [preauth]
Apr 12 02:53:09 ovzhost sshd[972]: PAM 2 more authentication failures; logname= uid=0 euid=0 tty=ssh ruser= rhost=43.255.190.168  user=root
Apr 12 02:53:09 ovzhost sshd[981]: pam_unix(sshd:auth): authentication failure; logname= uid=0 euid=0 tty=ssh ruser= rhost=43.255.190.169  user=root
Apr 12 02:53:09 ovzhost sshd[983]: pam_unix(sshd:auth): authentication failure; logname= uid=0 euid=0 tty=ssh ruser= rhost=43.255.190.168  user=root
Apr 12 02:53:11 ovzhost sshd[981]: Failed password for root from 43.255.190.169 port 59749 ssh2
Apr 12 02:53:11 ovzhost sshd[983]: Failed password for root from 43.255.190.168 port 42375 ssh2
Apr 12 02:53:15 ovzhost sshd[981]: message repeated 2 times: [ Failed password for root from 43.255.190.169 port 59749 ssh2]
Apr 12 02:53:15 ovzhost sshd[981]: Received disconnect from 43.255.190.169: 11:  [preauth]
Apr 12 02:53:15 ovzhost sshd[981]: PAM 2 more authentication failures; logname= uid=0 euid=0 tty=ssh ruser= rhost=43.255.190.169  user=root
Apr 12 02:53:15 ovzhost sshd[983]: message repeated 2 times: [ Failed password for root from 43.255.190.168 port 42375 ssh2]
Apr 12 02:53:15 ovzhost sshd[983]: Received disconnect from 43.255.190.168: 11:  [preauth]
Apr 12 02:53:15 ovzhost sshd[983]: PAM 2 more authentication failures; logname= uid=0 euid=0 tty=ssh ruser= rhost=43.255.190.168  user=root
Apr 12 02:53:15 ovzhost sshd[987]: pam_unix(sshd:auth): authentication failure; logname= uid=0 euid=0 tty=ssh ruser= rhost=43.255.190.169  user=root
Apr 12 02:53:15 ovzhost sshd[989]: pam_unix(sshd:auth): authentication failure; logname= uid=0 euid=0 tty=ssh ruser= rhost=43.255.190.168  user=root
Apr 12 02:53:17 ovzhost sshd[987]: Failed password for root from 43.255.190.169 port 48009 ssh2
Apr 12 02:53:17 ovzhost sshd[989]: Failed password for root from 43.255.190.168 port 55577 ssh2
Apr 12 02:53:21 ovzhost sshd[989]: message repeated 2 times: [ Failed password for root from 43.255.190.168 port 55577 ssh2]
Apr 12 02:53:21 ovzhost sshd[989]: Received disconnect from 43.255.190.168: 11:  [preauth]
Apr 12 02:53:21 ovzhost sshd[989]: PAM 2 more authentication failures; logname= uid=0 euid=0 tty=ssh ruser= rhost=43.255.190.168  user=root
Apr 12 02:53:21 ovzhost sshd[987]: message repeated 2 times: [ Failed password for root from 43.255.190.169 port 48009 ssh2]
Apr 12 02:53:21 ovzhost sshd[987]: Received disconnect from 43.255.190.169: 11:  [preauth]
Apr 12 02:53:21 ovzhost sshd[987]: PAM 2 more authentication failures; logname= uid=0 euid=0 tty=ssh ruser= rhost=43.255.190.169  user=root
Apr 12 02:53:22 ovzhost sshd[991]: pam_unix(sshd:auth): authentication failure; logname= uid=0 euid=0 tty=ssh ruser= rhost=43.255.190.168  user=root
Apr 12 02:53:22 ovzhost sshd[993]: pam_unix(sshd:auth): authentication failure; logname= uid=0 euid=0 tty=ssh ruser= rhost=43.255.190.169  user=root
Apr 12 02:53:24 ovzhost sshd[991]: Failed password for root from 43.255.190.168 port 40057 ssh2
Apr 12 02:53:24 ovzhost sshd[993]: Failed password for root from 43.255.190.169 port 36508 ssh2
Apr 12 02:53:27 ovzhost sshd[991]: message repeated 2 times: [ Failed password for root from 43.255.190.168 port 40057 ssh2]
Apr 12 02:53:27 ovzhost sshd[991]: Received disconnect from 43.255.190.168: 11:  [preauth]
Apr 12 02:53:27 ovzhost sshd[991]: PAM 2 more authentication failures; logname= uid=0 euid=0 tty=ssh ruser= rhost=43.255.190.168  user=root
Apr 12 02:53:27 ovzhost sshd[993]: message repeated 2 times: [ Failed password for root from 43.255.190.169 port 36508 ssh2]
Apr 12 02:53:27 ovzhost sshd[993]: Received disconnect from 43.255.190.169: 11:  [preauth]
Apr 12 02:53:27 ovzhost sshd[993]: PAM 2 more authentication failures; logname= uid=0 euid=0 tty=ssh ruser= rhost=43.255.190.169  user=root
Apr 12 02:53:28 ovzhost sshd[995]: pam_unix(sshd:auth): authentication failure; logname= uid=0 euid=0 tty=ssh ruser= rhost=43.255.190.168  user=root
Apr 12 02:53:28 ovzhost sshd[997]: pam_unix(sshd:auth): authentication failure; logname= uid=0 euid=0 tty=ssh ruser= rhost=43.255.190.169  user=root
Apr 12 02:53:30 ovzhost sshd[995]: Failed password for root from 43.255.190.168 port 53030 ssh2
Apr 12 02:53:30 ovzhost sshd[997]: Failed password for root from 43.255.190.169 port 52720 ssh2
Apr 12 02:53:34 ovzhost sshd[995]: message repeated 2 times: [ Failed password for root from 43.255.190.168 port 53030 ssh2]
Apr 12 02:53:34 ovzhost sshd[995]: Received disconnect from 43.255.190.168: 11:  [preauth]
Apr 12 02:53:34 ovzhost sshd[995]: PAM 2 more authentication failures; logname= uid=0 euid=0 tty=ssh ruser= rhost=43.255.190.168  user=root
Apr 12 02:53:34 ovzhost sshd[997]: message repeated 2 times: [ Failed password for root from 43.255.190.169 port 52720 ssh2]
Apr 12 02:53:34 ovzhost sshd[997]: Received disconnect from 43.255.190.169: 11:  [preauth]
Apr 12 02:53:34 ovzhost sshd[997]: PAM 2 more authentication failures; logname= uid=0 euid=0 tty=ssh ruser= rhost=43.255.190.169  user=root
Apr 12 02:53:34 ovzhost sshd[999]: pam_unix(sshd:auth): authentication failure; logname= uid=0 euid=0 tty=ssh ruser= rhost=43.255.190.168  user=root
Apr 12 02:53:35 ovzhost sshd[1001]: pam_unix(sshd:auth): authentication failure; logname= uid=0 euid=0 tty=ssh ruser= rhost=43.255.190.169  user=root
Apr 12 02:53:36 ovzhost sshd[999]: Failed password for root from 43.255.190.168 port 38535 ssh2
Apr 12 02:53:36 ovzhost sshd[1001]: Failed password for root from 43.255.190.169 port 41914 ssh2
Apr 12 02:53:40 ovzhost sshd[999]: message repeated 2 times: [ Failed password for root from 43.255.190.168 port 38535 ssh2]
Apr 12 02:53:40 ovzhost sshd[999]: Received disconnect from 43.255.190.168: 11:  [preauth]
Apr 12 02:53:40 ovzhost sshd[999]: PAM 2 more authentication failures; logname= uid=0 euid=0 tty=ssh ruser= rhost=43.255.190.168  user=root
Apr 12 02:53:40 ovzhost sshd[1001]: message repeated 2 times: [ Failed password for root from 43.255.190.169 port 41914 ssh2]
Apr 12 02:53:40 ovzhost sshd[1001]: Received disconnect from 43.255.190.169: 11:  [preauth]
Apr 12 02:53:40 ovzhost sshd[1001]: PAM 2 more authentication failures; logname= uid=0 euid=0 tty=ssh ruser= rhost=43.255.190.169  user=root
Apr 12 02:53:41 ovzhost sshd[1003]: pam_unix(sshd:auth): authentication failure; logname= uid=0 euid=0 tty=ssh ruser= rhost=43.255.190.168  user=root
Apr 12 02:53:41 ovzhost sshd[1005]: pam_unix(sshd:auth): authentication failure; logname= uid=0 euid=0 tty=ssh ruser= rhost=43.255.190.169  user=root
Apr 12 02:53:43 ovzhost sshd[1003]: Failed password for root from 43.255.190.168 port 51145 ssh2
Apr 12 02:53:43 ovzhost sshd[1005]: Failed password for root from 43.255.190.169 port 57177 ssh2
Apr 12 02:53:46 ovzhost sshd[1003]: message repeated 2 times: [ Failed password for root from 43.255.190.168 port 51145 ssh2]
Apr 12 02:53:46 ovzhost sshd[1003]: Received disconnect from 43.255.190.168: 11:  [preauth]
Apr 12 02:53:46 ovzhost sshd[1003]: PAM 2 more authentication failures; logname= uid=0 euid=0 tty=ssh ruser= rhost=43.255.190.168  user=root
Apr 12 02:53:46 ovzhost sshd[1005]: message repeated 2 times: [ Failed password for root from 43.255.190.169 port 57177 ssh2]
Apr 12 02:53:46 ovzhost sshd[1005]: Received disconnect from 43.255.190.169: 11:  [preauth]
Apr 12 02:53:46 ovzhost sshd[1005]: PAM 2 more authentication failures; logname= uid=0 euid=0 tty=ssh ruser= rhost=43.255.190.169  user=root
Apr 12 02:53:47 ovzhost sshd[1009]: pam_unix(sshd:auth): authentication failure; logname= uid=0 euid=0 tty=ssh ruser= rhost=43.255.190.168  user=root
Apr 12 02:53:47 ovzhost sshd[1011]: pam_unix(sshd:auth): authentication failure; logname= uid=0 euid=0 tty=ssh ruser= rhost=43.255.190.169  user=root
Apr 12 02:53:49 ovzhost sshd[1009]: Failed password for root from 43.255.190.168 port 35415 ssh2
Apr 12 02:53:49 ovzhost sshd[1011]: Failed password for root from 43.255.190.169 port 44913 ssh2
Apr 12 02:53:52 ovzhost sshd[1009]: message repeated 2 times: [ Failed password for root from 43.255.190.168 port 35415 ssh2]
Apr 12 02:53:53 ovzhost sshd[1009]: Received disconnect from 43.255.190.168: 11:  [preauth]
Apr 12 02:53:53 ovzhost sshd[1009]: PAM 2 more authentication failures; logname= uid=0 euid=0 tty=ssh ruser= rhost=43.255.190.168  user=root
Apr 12 02:53:52 ovzhost sshd[1011]: message repeated 2 times: [ Failed password for root from 43.255.190.169 port 44913 ssh2]
Apr 12 02:53:53 ovzhost sshd[1011]: Received disconnect from 43.255.190.169: 11:  [preauth]
Apr 12 02:53:53 ovzhost sshd[1011]: PAM 2 more authentication failures; logname= uid=0 euid=0 tty=ssh ruser= rhost=43.255.190.169  user=root
Apr 12 02:53:53 ovzhost sshd[1013]: pam_unix(sshd:auth): authentication failure; logname= uid=0 euid=0 tty=ssh ruser= rhost=43.255.190.168  user=root
Apr 12 02:53:53 ovzhost sshd[1015]: pam_unix(sshd:auth): authentication failure; logname= uid=0 euid=0 tty=ssh ruser= rhost=43.255.190.169  user=root
Apr 12 02:53:55 ovzhost sshd[1013]: Failed password for root from 43.255.190.168 port 47746 ssh2
Apr 12 02:53:55 ovzhost sshd[1015]: Failed password for root from 43.255.190.169 port 60766 ssh2
Apr 12 02:53:59 ovzhost sshd[1013]: message repeated 2 times: [ Failed password for root from 43.255.190.168 port 47746 ssh2]
Apr 12 02:53:59 ovzhost sshd[1013]: Received disconnect from 43.255.190.168: 11:  [preauth]
Apr 12 02:53:59 ovzhost sshd[1013]: PAM 2 more authentication failures; logname= uid=0 euid=0 tty=ssh ruser= rhost=43.255.190.168  user=root
Apr 12 02:53:59 ovzhost sshd[1015]: message repeated 2 times: [ Failed password for root from 43.255.190.169 port 60766 ssh2]
Apr 12 02:53:59 ovzhost sshd[1015]: Received disconnect from 43.255.190.169: 11:  [preauth]
Apr 12 02:53:59 ovzhost sshd[1015]: PAM 2 more authentication failures; logname= uid=0 euid=0 tty=ssh ruser= rhost=43.255.190.169  user=root
Apr 12 02:54:00 ovzhost sshd[1020]: pam_unix(sshd:auth): authentication failure; logname= uid=0 euid=0 tty=ssh ruser= rhost=43.255.190.168  user=root
Apr 12 02:54:00 ovzhost sshd[1022]: pam_unix(sshd:auth): authentication failure; logname= uid=0 euid=0 tty=ssh ruser= rhost=43.255.190.169  user=root
Apr 12 02:54:02 ovzhost sshd[1020]: Failed password for root from 43.255.190.168 port 32826 ssh2
Apr 12 02:54:02 ovzhost sshd[1022]: Failed password for root from 43.255.190.169 port 49694 ssh2
Apr 12 02:54:06 ovzhost sshd[1020]: message repeated 2 times: [ Failed password for root from 43.255.190.168 port 32826 ssh2]
Apr 12 02:54:06 ovzhost sshd[1020]: Received disconnect from 43.255.190.168: 11:  [preauth]
Apr 12 02:54:06 ovzhost sshd[1020]: PAM 2 more authentication failures; logname= uid=0 euid=0 tty=ssh ruser= rhost=43.255.190.168  user=root
Apr 12 02:54:06 ovzhost sshd[1022]: message repeated 2 times: [ Failed password for root from 43.255.190.169 port 49694 ssh2]
Apr 12 02:54:06 ovzhost sshd[1022]: Received disconnect from 43.255.190.169: 11:  [preauth]
Apr 12 02:54:06 ovzhost sshd[1022]: PAM 2 more authentication failures; logname= uid=0 euid=0 tty=ssh ruser= rhost=43.255.190.169  user=root
Apr 12 02:54:06 ovzhost sshd[1024]: pam_unix(sshd:auth): authentication failure; logname= uid=0 euid=0 tty=ssh ruser= rhost=43.255.190.168  user=root
Apr 12 02:54:06 ovzhost sshd[1026]: pam_unix(sshd:auth): authentication failure; logname= uid=0 euid=0 tty=ssh ruser= rhost=43.255.190.169  user=root
Apr 12 02:54:08 ovzhost sshd[1024]: Failed password for root from 43.255.190.168 port 46040 ssh2
Apr 12 02:54:08 ovzhost sshd[1026]: Failed password for root from 43.255.190.169 port 38746 ssh2
Apr 12 02:54:12 ovzhost sshd[1024]: message repeated 2 times: [ Failed password for root from 43.255.190.168 port 46040 ssh2]
Apr 12 02:54:12 ovzhost sshd[1024]: Received disconnect from 43.255.190.168: 11:  [preauth]
Apr 12 02:54:12 ovzhost sshd[1024]: PAM 2 more authentication failures; logname= uid=0 euid=0 tty=ssh ruser= rhost=43.255.190.168  user=root
Apr 12 02:54:12 ovzhost sshd[1026]: message repeated 2 times: [ Failed password for root from 43.255.190.169 port 38746 ssh2]
Apr 12 02:54:12 ovzhost sshd[1026]: Received disconnect from 43.255.190.169: 11:  [preauth]
Apr 12 02:54:12 ovzhost sshd[1026]: PAM 2 more authentication failures; logname= uid=0 euid=0 tty=ssh ruser= rhost=43.255.190.169  user=root
Apr 12 02:54:13 ovzhost sshd[1028]: pam_unix(sshd:auth): authentication failure; logname= uid=0 euid=0 tty=ssh ruser= rhost=43.255.190.168  user=root
Apr 12 02:54:13 ovzhost sshd[1030]: pam_unix(sshd:auth): authentication failure; logname= uid=0 euid=0 tty=ssh ruser= rhost=43.255.190.169  user=root
Apr 12 02:54:14 ovzhost sshd[1028]: Failed password for root from 43.255.190.168 port 59011 ssh2
Apr 12 02:54:14 ovzhost sshd[1030]: Failed password for root from 43.255.190.169 port 55975 ssh2
Apr 12 02:54:18 ovzhost sshd[1028]: message repeated 2 times: [ Failed password for root from 43.255.190.168 port 59011 ssh2]
Apr 12 02:54:18 ovzhost sshd[1028]: Received disconnect from 43.255.190.168: 11:  [preauth]
Apr 12 02:54:18 ovzhost sshd[1028]: PAM 2 more authentication failures; logname= uid=0 euid=0 tty=ssh ruser= rhost=43.255.190.168  user=root
Apr 12 02:54:18 ovzhost sshd[1030]: message repeated 2 times: [ Failed password for root from 43.255.190.169 port 55975 ssh2]
Apr 12 02:54:18 ovzhost sshd[1030]: Received disconnect from 43.255.190.169: 11:  [preauth]
Apr 12 02:54:18 ovzhost sshd[1030]: PAM 2 more authentication failures; logname= uid=0 euid=0 tty=ssh ruser= rhost=43.255.190.169  user=root
Apr 12 02:54:19 ovzhost sshd[1032]: pam_unix(sshd:auth): authentication failure; logname= uid=0 euid=0 tty=ssh ruser= rhost=43.255.190.168  user=root
Apr 12 02:54:19 ovzhost sshd[1034]: pam_unix(sshd:auth): authentication failure; logname= uid=0 euid=0 tty=ssh ruser= rhost=43.255.190.169  user=root
Apr 12 02:54:21 ovzhost sshd[1032]: Failed password for root from 43.255.190.168 port 42522 ssh2
Apr 12 02:54:21 ovzhost sshd[1034]: Failed password for root from 43.255.190.169 port 43931 ssh2
Apr 12 02:54:25 ovzhost sshd[1032]: message repeated 2 times: [ Failed password for root from 43.255.190.168 port 42522 ssh2]
Apr 12 02:54:25 ovzhost sshd[1032]: Received disconnect from 43.255.190.168: 11:  [preauth]
Apr 12 02:54:25 ovzhost sshd[1032]: PAM 2 more authentication failures; logname= uid=0 euid=0 tty=ssh ruser= rhost=43.255.190.168  user=root
Apr 12 02:54:25 ovzhost sshd[1034]: message repeated 2 times: [ Failed password for root from 43.255.190.169 port 43931 ssh2]
Apr 12 02:54:25 ovzhost sshd[1034]: Received disconnect from 43.255.190.169: 11:  [preauth]
Apr 12 02:54:25 ovzhost sshd[1034]: PAM 2 more authentication failures; logname= uid=0 euid=0 tty=ssh ruser= rhost=43.255.190.169  user=root
Apr 12 02:54:25 ovzhost sshd[1037]: pam_unix(sshd:auth): authentication failure; logname= uid=0 euid=0 tty=ssh ruser= rhost=43.255.190.169  user=root
Apr 12 02:54:25 ovzhost sshd[1036]: pam_unix(sshd:auth): authentication failure; logname= uid=0 euid=0 tty=ssh ruser= rhost=43.255.190.168  user=root
Apr 12 02:54:27 ovzhost sshd[1037]: Failed password for root from 43.255.190.169 port 33561 ssh2
Apr 12 02:54:27 ovzhost sshd[1036]: Failed password for root from 43.255.190.168 port 55785 ssh2
Apr 12 02:54:30 ovzhost sshd[1037]: message repeated 2 times: [ Failed password for root from 43.255.190.169 port 33561 ssh2]
Apr 12 02:54:30 ovzhost sshd[1037]: Received disconnect from 43.255.190.169: 11:  [preauth]
Apr 12 02:54:30 ovzhost sshd[1037]: PAM 2 more authentication failures; logname= uid=0 euid=0 tty=ssh ruser= rhost=43.255.190.169  user=root
Apr 12 02:54:30 ovzhost sshd[1036]: message repeated 2 times: [ Failed password for root from 43.255.190.168 port 55785 ssh2]
Apr 12 02:54:30 ovzhost sshd[1036]: Received disconnect from 43.255.190.168: 11:  [preauth]
Apr 12 02:54:30 ovzhost sshd[1036]: PAM 2 more authentication failures; logname= uid=0 euid=0 tty=ssh ruser= rhost=43.255.190.168  user=root
Apr 12 02:54:31 ovzhost sshd[1040]: pam_unix(sshd:auth): authentication failure; logname= uid=0 euid=0 tty=ssh ruser= rhost=43.255.190.169  user=root
Apr 12 02:54:31 ovzhost sshd[1041]: pam_unix(sshd:auth): authentication failure; logname= uid=0 euid=0 tty=ssh ruser= rhost=43.255.190.168  user=root
Apr 12 02:54:33 ovzhost sshd[1040]: Failed password for root from 43.255.190.169 port 49335 ssh2
Apr 12 02:54:33 ovzhost sshd[1041]: Failed password for root from 43.255.190.168 port 39354 ssh2
Apr 12 02:54:36 ovzhost sshd[1041]: message repeated 2 times: [ Failed password for root from 43.255.190.168 port 39354 ssh2]
Apr 12 02:54:36 ovzhost sshd[1041]: Received disconnect from 43.255.190.168: 11:  [preauth]
Apr 12 02:54:36 ovzhost sshd[1041]: PAM 2 more authentication failures; logname= uid=0 euid=0 tty=ssh ruser= rhost=43.255.190.168  user=root
Apr 12 02:54:36 ovzhost sshd[1040]: message repeated 2 times: [ Failed password for root from 43.255.190.169 port 49335 ssh2]
Apr 12 02:54:36 ovzhost sshd[1040]: Received disconnect from 43.255.190.169: 11:  [preauth]
Apr 12 02:54:36 ovzhost sshd[1040]: PAM 2 more authentication failures; logname= uid=0 euid=0 tty=ssh ruser= rhost=43.255.190.169  user=root
Apr 12 02:54:37 ovzhost sshd[1045]: pam_unix(sshd:auth): authentication failure; logname= uid=0 euid=0 tty=ssh ruser= rhost=43.255.190.169  user=root
Apr 12 02:54:37 ovzhost sshd[1044]: pam_unix(sshd:auth): authentication failure; logname= uid=0 euid=0 tty=ssh ruser= rhost=43.255.190.168  user=root
Apr 12 02:54:38 ovzhost sshd[1045]: Failed password for root from 43.255.190.169 port 36872 ssh2
Apr 12 02:54:38 ovzhost sshd[1044]: Failed password for root from 43.255.190.168 port 51353 ssh2
Apr 12 02:54:42 ovzhost sshd[1045]: message repeated 2 times: [ Failed password for root from 43.255.190.169 port 36872 ssh2]
Apr 12 02:54:42 ovzhost sshd[1045]: Received disconnect from 43.255.190.169: 11:  [preauth]
Apr 12 02:54:42 ovzhost sshd[1045]: PAM 2 more authentication failures; logname= uid=0 euid=0 tty=ssh ruser= rhost=43.255.190.169  user=root
Apr 12 02:54:42 ovzhost sshd[1044]: message repeated 2 times: [ Failed password for root from 43.255.190.168 port 51353 ssh2]
Apr 12 02:54:42 ovzhost sshd[1044]: Received disconnect from 43.255.190.168: 11:  [preauth]
Apr 12 02:54:42 ovzhost sshd[1044]: PAM 2 more authentication failures; logname= uid=0 euid=0 tty=ssh ruser= rhost=43.255.190.168  user=root
Apr 12 02:54:43 ovzhost sshd[1048]: pam_unix(sshd:auth): authentication failure; logname= uid=0 euid=0 tty=ssh ruser= rhost=43.255.190.169  user=root
Apr 12 02:54:43 ovzhost sshd[1049]: pam_unix(sshd:auth): authentication failure; logname= uid=0 euid=0 tty=ssh ruser= rhost=43.255.190.168  user=root
Apr 12 02:54:45 ovzhost sshd[1048]: Failed password for root from 43.255.190.169 port 53695 ssh2
Apr 12 02:54:45 ovzhost sshd[1049]: Failed password for root from 43.255.190.168 port 35275 ssh2
Apr 12 02:54:48 ovzhost sshd[1048]: message repeated 2 times: [ Failed password for root from 43.255.190.169 port 53695 ssh2]
Apr 12 02:54:48 ovzhost sshd[1048]: Received disconnect from 43.255.190.169: 11:  [preauth]
Apr 12 02:54:48 ovzhost sshd[1048]: PAM 2 more authentication failures; logname= uid=0 euid=0 tty=ssh ruser= rhost=43.255.190.169  user=root
Apr 12 02:54:48 ovzhost sshd[1049]: message repeated 2 times: [ Failed password for root from 43.255.190.168 port 35275 ssh2]
Apr 12 02:54:48 ovzhost sshd[1049]: Received disconnect from 43.255.190.168: 11:  [preauth]
Apr 12 02:54:48 ovzhost sshd[1049]: PAM 2 more authentication failures; logname= uid=0 euid=0 tty=ssh ruser= rhost=43.255.190.168  user=root
Apr 12 02:54:48 ovzhost sshd[1053]: pam_unix(sshd:auth): authentication failure; logname= uid=0 euid=0 tty=ssh ruser= rhost=43.255.190.169  user=root
Apr 12 02:54:48 ovzhost sshd[1052]: pam_unix(sshd:auth): authentication failure; logname= uid=0 euid=0 tty=ssh ruser= rhost=43.255.190.168  user=root
Apr 12 02:54:51 ovzhost sshd[1053]: Failed password for root from 43.255.190.169 port 41009 ssh2
Apr 12 02:54:51 ovzhost sshd[1052]: Failed password for root from 43.255.190.168 port 47198 ssh2
Apr 12 02:54:54 ovzhost sshd[1053]: message repeated 2 times: [ Failed password for root from 43.255.190.169 port 41009 ssh2]
Apr 12 02:54:54 ovzhost sshd[1053]: Received disconnect from 43.255.190.169: 11:  [preauth]
Apr 12 02:54:54 ovzhost sshd[1053]: PAM 2 more authentication failures; logname= uid=0 euid=0 tty=ssh ruser= rhost=43.255.190.169  user=root
Apr 12 02:54:54 ovzhost sshd[1052]: message repeated 2 times: [ Failed password for root from 43.255.190.168 port 47198 ssh2]
Apr 12 02:54:54 ovzhost sshd[1052]: Received disconnect from 43.255.190.168: 11:  [preauth]
Apr 12 02:54:54 ovzhost sshd[1052]: PAM 2 more authentication failures; logname= uid=0 euid=0 tty=ssh ruser= rhost=43.255.190.168  user=root
Apr 12 02:54:55 ovzhost sshd[1056]: pam_unix(sshd:auth): authentication failure; logname= uid=0 euid=0 tty=ssh ruser= rhost=43.255.190.169  user=root
Apr 12 02:54:55 ovzhost sshd[1058]: pam_unix(sshd:auth): authentication failure; logname= uid=0 euid=0 tty=ssh ruser= rhost=43.255.190.168  user=root
Apr 12 02:54:56 ovzhost sshd[1056]: Failed password for root from 43.255.190.169 port 58347 ssh2
Apr 12 02:54:56 ovzhost sshd[1058]: Failed password for root from 43.255.190.168 port 60000 ssh2
Apr 12 02:55:00 ovzhost sshd[1056]: message repeated 2 times: [ Failed password for root from 43.255.190.169 port 58347 ssh2]
Apr 12 02:55:00 ovzhost sshd[1056]: Received disconnect from 43.255.190.169: 11:  [preauth]
Apr 12 02:55:00 ovzhost sshd[1056]: PAM 2 more authentication failures; logname= uid=0 euid=0 tty=ssh ruser= rhost=43.255.190.169  user=root
Apr 12 02:55:00 ovzhost sshd[1058]: message repeated 2 times: [ Failed password for root from 43.255.190.168 port 60000 ssh2]
Apr 12 02:55:00 ovzhost sshd[1058]: Received disconnect from 43.255.190.168: 11:  [preauth]
Apr 12 02:55:00 ovzhost sshd[1058]: PAM 2 more authentication failures; logname= uid=0 euid=0 tty=ssh ruser= rhost=43.255.190.168  user=root
Apr 12 02:55:01 ovzhost sshd[1061]: pam_unix(sshd:auth): authentication failure; logname= uid=0 euid=0 tty=ssh ruser= rhost=43.255.190.169  user=root
Apr 12 02:55:01 ovzhost sshd[1063]: pam_unix(sshd:auth): authentication failure; logname= uid=0 euid=0 tty=ssh ruser= rhost=43.255.190.168  user=root
Apr 12 02:55:03 ovzhost sshd[1061]: Failed password for root from 43.255.190.169 port 46479 ssh2
Apr 12 02:55:03 ovzhost sshd[1063]: Failed password for root from 43.255.190.168 port 43495 ssh2
Apr 12 02:55:07 ovzhost sshd[1063]: message repeated 2 times: [ Failed password for root from 43.255.190.168 port 43495 ssh2]
Apr 12 02:55:07 ovzhost sshd[1063]: Received disconnect from 43.255.190.168: 11:  [preauth]
