Apr  2 14:31:44 ovzhost sshd[780]: Connection closed by 127.0.0.1 [preauth]
Apr  2 14:35:40 ovzhost sshd[811]: Connection closed by 128.8.37.120 [preauth]
Apr  2 14:36:44 ovzhost sshd[820]: Connection closed by 127.0.0.1 [preauth]
Apr 13 19:37:55 ovzhost sshd[784]: Connection closed by 127.0.0.1 [preauth]
Apr 13 19:39:01 ovzhost CRON[792]: pam_env(cron:session): Unable to open env file: /etc/default/locale: No such file or directory
Apr 13 19:39:01 ovzhost CRON[792]: pam_unix(cron:session): session opened for user root by (uid=0)
Apr 13 19:39:01 ovzhost CRON[792]: pam_unix(cron:session): session closed for user root
Apr 13 19:40:01 ovzhost CRON[810]: pam_env(cron:session): Unable to open env file: /etc/default/locale: No such file or directory
Apr 13 19:40:01 ovzhost CRON[810]: pam_unix(cron:session): session opened for user smmsp by (uid=0)
Apr 13 19:40:01 ovzhost CRON[810]: pam_unix(cron:session): session closed for user smmsp
Apr 13 19:41:07 ovzhost sshd[839]: Connection closed by 128.8.37.120 [preauth]
Apr 13 19:42:55 ovzhost sshd[848]: Connection closed by 127.0.0.1 [preauth]
Apr 13 19:47:55 ovzhost sshd[867]: Connection closed by 127.0.0.1 [preauth]
Apr 13 19:50:23 ovzhost sshd[882]: pam_unix(sshd:auth): authentication failure; logname= uid=0 euid=0 tty=ssh ruser= rhost=43.255.190.141  user=root
Apr 13 19:50:25 ovzhost sshd[882]: Failed password for root from 43.255.190.141 port 37244 ssh2
Apr 13 19:50:29 ovzhost sshd[882]: message repeated 2 times: [ Failed password for root from 43.255.190.141 port 37244 ssh2]
Apr 13 19:50:29 ovzhost sshd[882]: Received disconnect from 43.255.190.141: 11:  [preauth]
Apr 13 19:50:29 ovzhost sshd[882]: PAM 2 more authentication failures; logname= uid=0 euid=0 tty=ssh ruser= rhost=43.255.190.141  user=root
Apr 13 19:50:29 ovzhost sshd[884]: pam_unix(sshd:auth): authentication failure; logname= uid=0 euid=0 tty=ssh ruser= rhost=43.255.190.141  user=root
Apr 13 19:50:32 ovzhost sshd[884]: Failed password for root from 43.255.190.141 port 55129 ssh2
Apr 13 19:50:35 ovzhost sshd[884]: message repeated 2 times: [ Failed password for root from 43.255.190.141 port 55129 ssh2]
Apr 13 19:50:35 ovzhost sshd[884]: Received disconnect from 43.255.190.141: 11:  [preauth]
Apr 13 19:50:35 ovzhost sshd[884]: PAM 2 more authentication failures; logname= uid=0 euid=0 tty=ssh ruser= rhost=43.255.190.141  user=root
Apr 13 19:50:36 ovzhost sshd[886]: pam_unix(sshd:auth): authentication failure; logname= uid=0 euid=0 tty=ssh ruser= rhost=43.255.190.141  user=root
Apr 13 19:50:38 ovzhost sshd[886]: Failed password for root from 43.255.190.141 port 44660 ssh2
Apr 13 19:50:42 ovzhost sshd[886]: message repeated 2 times: [ Failed password for root from 43.255.190.141 port 44660 ssh2]
Apr 13 19:50:42 ovzhost sshd[886]: Received disconnect from 43.255.190.141: 11:  [preauth]
Apr 13 19:50:42 ovzhost sshd[886]: PAM 2 more authentication failures; logname= uid=0 euid=0 tty=ssh ruser= rhost=43.255.190.141  user=root
Apr 13 19:50:42 ovzhost sshd[889]: pam_unix(sshd:auth): authentication failure; logname= uid=0 euid=0 tty=ssh ruser= rhost=43.255.190.141  user=root
Apr 13 19:50:44 ovzhost sshd[889]: Failed password for root from 43.255.190.141 port 33495 ssh2
Apr 13 19:50:47 ovzhost sshd[889]: message repeated 2 times: [ Failed password for root from 43.255.190.141 port 33495 ssh2]
Apr 13 19:50:47 ovzhost sshd[889]: Received disconnect from 43.255.190.141: 11:  [preauth]
Apr 13 19:50:47 ovzhost sshd[889]: PAM 2 more authentication failures; logname= uid=0 euid=0 tty=ssh ruser= rhost=43.255.190.141  user=root
Apr 13 19:50:48 ovzhost sshd[891]: pam_unix(sshd:auth): authentication failure; logname= uid=0 euid=0 tty=ssh ruser= rhost=43.255.190.141  user=root
Apr 13 19:50:49 ovzhost sshd[891]: Failed password for root from 43.255.190.141 port 48519 ssh2
Apr 13 19:50:53 ovzhost sshd[891]: message repeated 2 times: [ Failed password for root from 43.255.190.141 port 48519 ssh2]
Apr 13 19:50:53 ovzhost sshd[891]: Received disconnect from 43.255.190.141: 11:  [preauth]
Apr 13 19:50:53 ovzhost sshd[891]: PAM 2 more authentication failures; logname= uid=0 euid=0 tty=ssh ruser= rhost=43.255.190.141  user=root
Apr 13 19:50:54 ovzhost sshd[893]: pam_unix(sshd:auth): authentication failure; logname= uid=0 euid=0 tty=ssh ruser= rhost=43.255.190.141  user=root
Apr 13 19:50:56 ovzhost sshd[893]: Failed password for root from 43.255.190.141 port 36780 ssh2
Apr 13 19:51:00 ovzhost sshd[893]: message repeated 2 times: [ Failed password for root from 43.255.190.141 port 36780 ssh2]
Apr 13 19:51:00 ovzhost sshd[893]: Received disconnect from 43.255.190.141: 11:  [preauth]
Apr 13 19:51:00 ovzhost sshd[893]: PAM 2 more authentication failures; logname= uid=0 euid=0 tty=ssh ruser= rhost=43.255.190.141  user=root
Apr 13 19:51:01 ovzhost sshd[895]: pam_unix(sshd:auth): authentication failure; logname= uid=0 euid=0 tty=ssh ruser= rhost=43.255.190.141  user=root
Apr 13 19:51:02 ovzhost sshd[895]: Failed password for root from 43.255.190.141 port 54709 ssh2
Apr 13 19:51:06 ovzhost sshd[895]: message repeated 2 times: [ Failed password for root from 43.255.190.141 port 54709 ssh2]
Apr 13 19:51:06 ovzhost sshd[895]: Received disconnect from 43.255.190.141: 11:  [preauth]
Apr 13 19:51:06 ovzhost sshd[895]: PAM 2 more authentication failures; logname= uid=0 euid=0 tty=ssh ruser= rhost=43.255.190.141  user=root
Apr 13 19:51:07 ovzhost sshd[897]: pam_unix(sshd:auth): authentication failure; logname= uid=0 euid=0 tty=ssh ruser= rhost=43.255.190.141  user=root
Apr 13 19:51:07 ovzhost sshd[900]: Connection closed by 128.8.37.120 [preauth]
Apr 13 19:51:09 ovzhost sshd[897]: Failed password for root from 43.255.190.141 port 43363 ssh2
Apr 13 19:51:13 ovzhost sshd[897]: message repeated 2 times: [ Failed password for root from 43.255.190.141 port 43363 ssh2]
Apr 13 19:51:13 ovzhost sshd[897]: Received disconnect from 43.255.190.141: 11:  [preauth]
Apr 13 19:51:13 ovzhost sshd[897]: PAM 2 more authentication failures; logname= uid=0 euid=0 tty=ssh ruser= rhost=43.255.190.141  user=root
Apr 13 19:51:14 ovzhost sshd[902]: pam_unix(sshd:auth): authentication failure; logname= uid=0 euid=0 tty=ssh ruser= rhost=43.255.190.141  user=root
Apr 13 19:51:16 ovzhost sshd[902]: Failed password for root from 43.255.190.141 port 33202 ssh2
Apr 13 19:51:21 ovzhost sshd[902]: message repeated 2 times: [ Failed password for root from 43.255.190.141 port 33202 ssh2]
Apr 13 19:51:21 ovzhost sshd[902]: Received disconnect from 43.255.190.141: 11:  [preauth]
Apr 13 19:51:21 ovzhost sshd[902]: PAM 2 more authentication failures; logname= uid=0 euid=0 tty=ssh ruser= rhost=43.255.190.141  user=root
Apr 13 19:51:21 ovzhost sshd[904]: pam_unix(sshd:auth): authentication failure; logname= uid=0 euid=0 tty=ssh ruser= rhost=43.255.190.141  user=root
Apr 13 19:51:24 ovzhost sshd[904]: Failed password for root from 43.255.190.141 port 52047 ssh2
Apr 13 19:51:28 ovzhost sshd[904]: message repeated 2 times: [ Failed password for root from 43.255.190.141 port 52047 ssh2]
Apr 13 19:51:28 ovzhost sshd[904]: Received disconnect from 43.255.190.141: 11:  [preauth]
Apr 13 19:51:28 ovzhost sshd[904]: PAM 2 more authentication failures; logname= uid=0 euid=0 tty=ssh ruser= rhost=43.255.190.141  user=root
Apr 13 19:51:28 ovzhost sshd[906]: pam_unix(sshd:auth): authentication failure; logname= uid=0 euid=0 tty=ssh ruser= rhost=43.255.190.141  user=root
Apr 13 19:51:31 ovzhost sshd[906]: Failed password for root from 43.255.190.141 port 41055 ssh2
Apr 13 19:51:34 ovzhost sshd[906]: message repeated 2 times: [ Failed password for root from 43.255.190.141 port 41055 ssh2]
Apr 13 19:51:35 ovzhost sshd[906]: Received disconnect from 43.255.190.141: 11:  [preauth]
Apr 13 19:51:35 ovzhost sshd[906]: PAM 2 more authentication failures; logname= uid=0 euid=0 tty=ssh ruser= rhost=43.255.190.141  user=root
Apr 13 19:51:35 ovzhost sshd[910]: pam_unix(sshd:auth): authentication failure; logname= uid=0 euid=0 tty=ssh ruser= rhost=43.255.190.141  user=root
Apr 13 19:51:37 ovzhost sshd[910]: Failed password for root from 43.255.190.141 port 58348 ssh2
Apr 13 19:51:41 ovzhost sshd[910]: message repeated 2 times: [ Failed password for root from 43.255.190.141 port 58348 ssh2]
Apr 13 19:51:41 ovzhost sshd[910]: Received disconnect from 43.255.190.141: 11:  [preauth]
Apr 13 19:51:41 ovzhost sshd[910]: PAM 2 more authentication failures; logname= uid=0 euid=0 tty=ssh ruser= rhost=43.255.190.141  user=root
Apr 13 19:51:41 ovzhost sshd[912]: pam_unix(sshd:auth): authentication failure; logname= uid=0 euid=0 tty=ssh ruser= rhost=43.255.190.141  user=root
Apr 13 19:51:44 ovzhost sshd[912]: Failed password for root from 43.255.190.141 port 46194 ssh2
Apr 13 19:51:48 ovzhost sshd[912]: message repeated 2 times: [ Failed password for root from 43.255.190.141 port 46194 ssh2]
Apr 13 19:51:48 ovzhost sshd[912]: Received disconnect from 43.255.190.141: 11:  [preauth]
Apr 13 19:51:48 ovzhost sshd[912]: PAM 2 more authentication failures; logname= uid=0 euid=0 tty=ssh ruser= rhost=43.255.190.141  user=root
Apr 13 19:51:49 ovzhost sshd[914]: pam_unix(sshd:auth): authentication failure; logname= uid=0 euid=0 tty=ssh ruser= rhost=43.255.190.141  user=root
Apr 13 19:51:50 ovzhost sshd[914]: Failed password for root from 43.255.190.141 port 35520 ssh2
Apr 13 19:51:55 ovzhost sshd[914]: message repeated 2 times: [ Failed password for root from 43.255.190.141 port 35520 ssh2]
Apr 13 19:51:55 ovzhost sshd[914]: Received disconnect from 43.255.190.141: 11:  [preauth]
Apr 13 19:51:55 ovzhost sshd[914]: PAM 2 more authentication failures; logname= uid=0 euid=0 tty=ssh ruser= rhost=43.255.190.141  user=root
Apr 13 19:51:55 ovzhost sshd[916]: pam_unix(sshd:auth): authentication failure; logname= uid=0 euid=0 tty=ssh ruser= rhost=43.255.190.141  user=root
Apr 13 19:51:57 ovzhost sshd[916]: Failed password for root from 43.255.190.141 port 52128 ssh2
Apr 13 19:52:01 ovzhost sshd[916]: message repeated 2 times: [ Failed password for root from 43.255.190.141 port 52128 ssh2]
Apr 13 19:52:01 ovzhost sshd[916]: Received disconnect from 43.255.190.141: 11:  [preauth]
Apr 13 19:52:01 ovzhost sshd[916]: PAM 2 more authentication failures; logname= uid=0 euid=0 tty=ssh ruser= rhost=43.255.190.141  user=root
Apr 13 19:52:01 ovzhost sshd[918]: pam_unix(sshd:auth): authentication failure; logname= uid=0 euid=0 tty=ssh ruser= rhost=43.255.190.141  user=root
Apr 13 19:52:03 ovzhost sshd[918]: Failed password for root from 43.255.190.141 port 40561 ssh2
Apr 13 19:52:08 ovzhost sshd[918]: message repeated 2 times: [ Failed password for root from 43.255.190.141 port 40561 ssh2]
Apr 13 19:52:08 ovzhost sshd[918]: Received disconnect from 43.255.190.141: 11:  [preauth]
Apr 13 19:52:08 ovzhost sshd[918]: PAM 2 more authentication failures; logname= uid=0 euid=0 tty=ssh ruser= rhost=43.255.190.141  user=root
Apr 13 19:52:08 ovzhost sshd[921]: pam_unix(sshd:auth): authentication failure; logname= uid=0 euid=0 tty=ssh ruser= rhost=43.255.190.141  user=root
Apr 13 19:52:10 ovzhost sshd[921]: Failed password for root from 43.255.190.141 port 57657 ssh2
Apr 13 19:52:15 ovzhost sshd[921]: message repeated 2 times: [ Failed password for root from 43.255.190.141 port 57657 ssh2]
Apr 13 19:52:15 ovzhost sshd[921]: Received disconnect from 43.255.190.141: 11:  [preauth]
Apr 13 19:52:15 ovzhost sshd[921]: PAM 2 more authentication failures; logname= uid=0 euid=0 tty=ssh ruser= rhost=43.255.190.141  user=root
Apr 13 19:52:15 ovzhost sshd[925]: pam_unix(sshd:auth): authentication failure; logname= uid=0 euid=0 tty=ssh ruser= rhost=43.255.190.141  user=root
Apr 13 19:52:18 ovzhost sshd[925]: Failed password for root from 43.255.190.141 port 46657 ssh2
Apr 13 19:52:22 ovzhost sshd[925]: message repeated 2 times: [ Failed password for root from 43.255.190.141 port 46657 ssh2]
Apr 13 19:52:22 ovzhost sshd[925]: Received disconnect from 43.255.190.141: 11:  [preauth]
Apr 13 19:52:22 ovzhost sshd[925]: PAM 2 more authentication failures; logname= uid=0 euid=0 tty=ssh ruser= rhost=43.255.190.141  user=root
Apr 13 19:52:22 ovzhost sshd[927]: pam_unix(sshd:auth): authentication failure; logname= uid=0 euid=0 tty=ssh ruser= rhost=43.255.190.141  user=root
Apr 13 19:52:25 ovzhost sshd[927]: Failed password for root from 43.255.190.141 port 36576 ssh2
Apr 13 19:52:29 ovzhost sshd[927]: message repeated 2 times: [ Failed password for root from 43.255.190.141 port 36576 ssh2]
Apr 13 19:52:29 ovzhost sshd[927]: Received disconnect from 43.255.190.141: 11:  [preauth]
Apr 13 19:52:29 ovzhost sshd[927]: PAM 2 more authentication failures; logname= uid=0 euid=0 tty=ssh ruser= rhost=43.255.190.141  user=root
Apr 13 19:52:30 ovzhost sshd[929]: pam_unix(sshd:auth): authentication failure; logname= uid=0 euid=0 tty=ssh ruser= rhost=43.255.190.141  user=root
Apr 13 19:52:32 ovzhost sshd[929]: Failed password for root from 43.255.190.141 port 53966 ssh2
Apr 13 19:52:36 ovzhost sshd[929]: message repeated 2 times: [ Failed password for root from 43.255.190.141 port 53966 ssh2]
Apr 13 19:52:36 ovzhost sshd[929]: Received disconnect from 43.255.190.141: 11:  [preauth]
Apr 13 19:52:36 ovzhost sshd[929]: PAM 2 more authentication failures; logname= uid=0 euid=0 tty=ssh ruser= rhost=43.255.190.141  user=root
Apr 13 19:52:36 ovzhost sshd[932]: pam_unix(sshd:auth): authentication failure; logname= uid=0 euid=0 tty=ssh ruser= rhost=43.255.190.141  user=root
Apr 13 19:52:39 ovzhost sshd[932]: Failed password for root from 43.255.190.141 port 43490 ssh2
Apr 13 19:52:44 ovzhost sshd[932]: message repeated 2 times: [ Failed password for root from 43.255.190.141 port 43490 ssh2]
Apr 13 19:52:44 ovzhost sshd[932]: Received disconnect from 43.255.190.141: 11:  [preauth]
Apr 13 19:52:44 ovzhost sshd[932]: PAM 2 more authentication failures; logname= uid=0 euid=0 tty=ssh ruser= rhost=43.255.190.141  user=root
Apr 13 19:52:45 ovzhost sshd[934]: pam_unix(sshd:auth): authentication failure; logname= uid=0 euid=0 tty=ssh ruser= rhost=43.255.190.141  user=root
Apr 13 19:52:47 ovzhost sshd[934]: Failed password for root from 43.255.190.141 port 39724 ssh2
Apr 13 19:52:51 ovzhost sshd[934]: message repeated 2 times: [ Failed password for root from 43.255.190.141 port 39724 ssh2]
Apr 13 19:52:51 ovzhost sshd[934]: Received disconnect from 43.255.190.141: 11:  [preauth]
Apr 13 19:52:51 ovzhost sshd[934]: PAM 2 more authentication failures; logname= uid=0 euid=0 tty=ssh ruser= rhost=43.255.190.141  user=root
Apr 13 19:52:52 ovzhost sshd[936]: pam_unix(sshd:auth): authentication failure; logname= uid=0 euid=0 tty=ssh ruser= rhost=43.255.190.141  user=root
Apr 13 19:52:54 ovzhost sshd[936]: Failed password for root from 43.255.190.141 port 60873 ssh2
Apr 13 19:52:55 ovzhost sshd[939]: Connection closed by 127.0.0.1 [preauth]
Apr 13 19:52:58 ovzhost sshd[936]: message repeated 2 times: [ Failed password for root from 43.255.190.141 port 60873 ssh2]
Apr 13 19:52:58 ovzhost sshd[936]: Received disconnect from 43.255.190.141: 11:  [preauth]
Apr 13 19:52:58 ovzhost sshd[936]: PAM 2 more authentication failures; logname= uid=0 euid=0 tty=ssh ruser= rhost=43.255.190.141  user=root
Apr 13 19:52:59 ovzhost sshd[941]: pam_unix(sshd:auth): authentication failure; logname= uid=0 euid=0 tty=ssh ruser= rhost=43.255.190.141  user=root
Apr 13 19:53:01 ovzhost sshd[941]: Failed password for root from 43.255.190.141 port 53104 ssh2
Apr 13 19:53:05 ovzhost sshd[941]: message repeated 2 times: [ Failed password for root from 43.255.190.141 port 53104 ssh2]
Apr 13 19:53:05 ovzhost sshd[941]: Received disconnect from 43.255.190.141: 11:  [preauth]
Apr 13 19:53:05 ovzhost sshd[941]: PAM 2 more authentication failures; logname= uid=0 euid=0 tty=ssh ruser= rhost=43.255.190.141  user=root
Apr 13 19:53:05 ovzhost sshd[943]: pam_unix(sshd:auth): authentication failure; logname= uid=0 euid=0 tty=ssh ruser= rhost=43.255.190.141  user=root
Apr 13 19:53:08 ovzhost sshd[943]: Failed password for root from 43.255.190.141 port 44441 ssh2
Apr 13 19:53:12 ovzhost sshd[943]: message repeated 2 times: [ Failed password for root from 43.255.190.141 port 44441 ssh2]
Apr 13 19:53:12 ovzhost sshd[943]: Received disconnect from 43.255.190.141: 11:  [preauth]
Apr 13 19:53:12 ovzhost sshd[943]: PAM 2 more authentication failures; logname= uid=0 euid=0 tty=ssh ruser= rhost=43.255.190.141  user=root
Apr 13 19:53:13 ovzhost sshd[945]: pam_unix(sshd:auth): authentication failure; logname= uid=0 euid=0 tty=ssh ruser= rhost=43.255.190.141  user=root
Apr 13 19:53:15 ovzhost sshd[945]: Failed password for root from 43.255.190.141 port 36780 ssh2
Apr 13 19:53:19 ovzhost sshd[945]: message repeated 2 times: [ Failed password for root from 43.255.190.141 port 36780 ssh2]
Apr 13 19:53:19 ovzhost sshd[945]: Received disconnect from 43.255.190.141: 11:  [preauth]
Apr 13 19:53:19 ovzhost sshd[945]: PAM 2 more authentication failures; logname= uid=0 euid=0 tty=ssh ruser= rhost=43.255.190.141  user=root
Apr 13 19:53:20 ovzhost sshd[949]: pam_unix(sshd:auth): authentication failure; logname= uid=0 euid=0 tty=ssh ruser= rhost=43.255.190.141  user=root
Apr 13 19:53:22 ovzhost sshd[949]: Failed password for root from 43.255.190.141 port 57379 ssh2
Apr 13 19:53:26 ovzhost sshd[949]: message repeated 2 times: [ Failed password for root from 43.255.190.141 port 57379 ssh2]
Apr 13 19:53:26 ovzhost sshd[949]: Received disconnect from 43.255.190.141: 11:  [preauth]
Apr 13 19:53:26 ovzhost sshd[949]: PAM 2 more authentication failures; logname= uid=0 euid=0 tty=ssh ruser= rhost=43.255.190.141  user=root
Apr 13 19:53:27 ovzhost sshd[951]: pam_unix(sshd:auth): authentication failure; logname= uid=0 euid=0 tty=ssh ruser= rhost=43.255.190.141  user=root
Apr 13 19:53:29 ovzhost sshd[951]: Failed password for root from 43.255.190.141 port 49700 ssh2
Apr 13 19:53:33 ovzhost sshd[951]: message repeated 2 times: [ Failed password for root from 43.255.190.141 port 49700 ssh2]
Apr 13 19:53:33 ovzhost sshd[951]: Received disconnect from 43.255.190.141: 11:  [preauth]
Apr 13 19:53:33 ovzhost sshd[951]: PAM 2 more authentication failures; logname= uid=0 euid=0 tty=ssh ruser= rhost=43.255.190.141  user=root
Apr 13 19:53:34 ovzhost sshd[953]: pam_unix(sshd:auth): authentication failure; logname= uid=0 euid=0 tty=ssh ruser= rhost=43.255.190.141  user=root
Apr 13 19:53:36 ovzhost sshd[953]: Failed password for root from 43.255.190.141 port 40755 ssh2
Apr 13 19:53:41 ovzhost sshd[953]: message repeated 2 times: [ Failed password for root from 43.255.190.141 port 40755 ssh2]
Apr 13 19:53:41 ovzhost sshd[953]: Received disconnect from 43.255.190.141: 11:  [preauth]
Apr 13 19:53:41 ovzhost sshd[953]: PAM 2 more authentication failures; logname= uid=0 euid=0 tty=ssh ruser= rhost=43.255.190.141  user=root
Apr 13 19:53:41 ovzhost sshd[956]: pam_unix(sshd:auth): authentication failure; logname= uid=0 euid=0 tty=ssh ruser= rhost=43.255.190.141  user=root
Apr 13 19:53:43 ovzhost sshd[956]: Failed password for root from 43.255.190.141 port 33986 ssh2
Apr 13 19:53:48 ovzhost sshd[956]: message repeated 2 times: [ Failed password for root from 43.255.190.141 port 33986 ssh2]
Apr 13 19:53:48 ovzhost sshd[956]: Received disconnect from 43.255.190.141: 11:  [preauth]
Apr 13 19:53:48 ovzhost sshd[956]: PAM 2 more authentication failures; logname= uid=0 euid=0 tty=ssh ruser= rhost=43.255.190.141  user=root
Apr 13 19:53:49 ovzhost sshd[960]: pam_unix(sshd:auth): authentication failure; logname= uid=0 euid=0 tty=ssh ruser= rhost=43.255.190.141  user=root
Apr 13 19:53:51 ovzhost sshd[960]: Failed password for root from 43.255.190.141 port 54980 ssh2
Apr 13 19:53:55 ovzhost sshd[960]: message repeated 2 times: [ Failed password for root from 43.255.190.141 port 54980 ssh2]
Apr 13 19:53:55 ovzhost sshd[960]: Received disconnect from 43.255.190.141: 11:  [preauth]
Apr 13 19:53:55 ovzhost sshd[960]: PAM 2 more authentication failures; logname= uid=0 euid=0 tty=ssh ruser= rhost=43.255.190.141  user=root
Apr 13 19:53:55 ovzhost sshd[962]: pam_unix(sshd:auth): authentication failure; logname= uid=0 euid=0 tty=ssh ruser= rhost=43.255.190.141  user=root
Apr 13 19:53:57 ovzhost sshd[962]: Failed password for root from 43.255.190.141 port 45907 ssh2
Apr 13 19:54:02 ovzhost sshd[962]: message repeated 2 times: [ Failed password for root from 43.255.190.141 port 45907 ssh2]
Apr 13 19:54:02 ovzhost sshd[962]: Received disconnect from 43.255.190.141: 11:  [preauth]
Apr 13 19:54:02 ovzhost sshd[962]: PAM 2 more authentication failures; logname= uid=0 euid=0 tty=ssh ruser= rhost=43.255.190.141  user=root
Apr 13 19:54:03 ovzhost sshd[964]: pam_unix(sshd:auth): authentication failure; logname= uid=0 euid=0 tty=ssh ruser= rhost=43.255.190.141  user=root
Apr 13 19:54:05 ovzhost sshd[964]: Failed password for root from 43.255.190.141 port 37831 ssh2
Apr 13 19:54:09 ovzhost sshd[964]: message repeated 2 times: [ Failed password for root from 43.255.190.141 port 37831 ssh2]
Apr 13 19:54:09 ovzhost sshd[964]: Received disconnect from 43.255.190.141: 11:  [preauth]
Apr 13 19:54:09 ovzhost sshd[964]: PAM 2 more authentication failures; logname= uid=0 euid=0 tty=ssh ruser= rhost=43.255.190.141  user=root
Apr 13 19:54:09 ovzhost sshd[966]: pam_unix(sshd:auth): authentication failure; logname= uid=0 euid=0 tty=ssh ruser= rhost=43.255.190.141  user=root
Apr 13 19:54:11 ovzhost sshd[966]: Failed password for root from 43.255.190.141 port 57544 ssh2
Apr 13 19:54:14 ovzhost sshd[968]: pam_unix(sshd:auth): authentication failure; logname= uid=0 euid=0 tty=ssh ruser= rhost=221.229.166.98  user=root
Apr 13 19:54:16 ovzhost sshd[968]: Failed password for root from 221.229.166.98 port 52233 ssh2
Apr 13 19:54:16 ovzhost sshd[966]: message repeated 2 times: [ Failed password for root from 43.255.190.141 port 57544 ssh2]
Apr 13 19:54:16 ovzhost sshd[966]: Received disconnect from 43.255.190.141: 11:  [preauth]
Apr 13 19:54:16 ovzhost sshd[966]: PAM 2 more authentication failures; logname= uid=0 euid=0 tty=ssh ruser= rhost=43.255.190.141  user=root
Apr 13 19:54:17 ovzhost sshd[970]: pam_unix(sshd:auth): authentication failure; logname= uid=0 euid=0 tty=ssh ruser= rhost=43.255.190.141  user=root
Apr 13 19:54:18 ovzhost sshd[970]: Failed password for root from 43.255.190.141 port 49824 ssh2
Apr 13 19:54:21 ovzhost sshd[968]: message repeated 2 times: [ Failed password for root from 221.229.166.98 port 52233 ssh2]
Apr 13 19:54:21 ovzhost sshd[968]: Received disconnect from 221.229.166.98: 11:  [preauth]
Apr 13 19:54:21 ovzhost sshd[968]: PAM 2 more authentication failures; logname= uid=0 euid=0 tty=ssh ruser= rhost=221.229.166.98  user=root
Apr 13 19:54:23 ovzhost sshd[972]: pam_unix(sshd:auth): authentication failure; logname= uid=0 euid=0 tty=ssh ruser= rhost=221.229.166.98  user=root
Apr 13 19:54:23 ovzhost sshd[970]: message repeated 2 times: [ Failed password for root from 43.255.190.141 port 49824 ssh2]
Apr 13 19:54:23 ovzhost sshd[970]: Received disconnect from 43.255.190.141: 11:  [preauth]
Apr 13 19:54:23 ovzhost sshd[970]: PAM 2 more authentication failures; logname= uid=0 euid=0 tty=ssh ruser= rhost=43.255.190.141  user=root
Apr 13 19:54:24 ovzhost sshd[974]: pam_unix(sshd:auth): authentication failure; logname= uid=0 euid=0 tty=ssh ruser= rhost=43.255.190.141  user=root
Apr 13 19:54:25 ovzhost sshd[972]: Failed password for root from 221.229.166.98 port 43348 ssh2
Apr 13 19:54:26 ovzhost sshd[974]: Failed password for root from 43.255.190.141 port 42054 ssh2
Apr 13 19:54:29 ovzhost sshd[972]: message repeated 2 times: [ Failed password for root from 221.229.166.98 port 43348 ssh2]
Apr 13 19:54:29 ovzhost sshd[972]: Received disconnect from 221.229.166.98: 11:  [preauth]
Apr 13 19:54:29 ovzhost sshd[972]: PAM 2 more authentication failures; logname= uid=0 euid=0 tty=ssh ruser= rhost=221.229.166.98  user=root
Apr 13 19:54:30 ovzhost sshd[974]: message repeated 2 times: [ Failed password for root from 43.255.190.141 port 42054 ssh2]
Apr 13 19:54:30 ovzhost sshd[974]: Received disconnect from 43.255.190.141: 11:  [preauth]
Apr 13 19:54:30 ovzhost sshd[974]: PAM 2 more authentication failures; logname= uid=0 euid=0 tty=ssh ruser= rhost=43.255.190.141  user=root
Apr 13 19:54:30 ovzhost sshd[978]: pam_unix(sshd:auth): authentication failure; logname= uid=0 euid=0 tty=ssh ruser= rhost=43.255.190.141  user=root
Apr 13 19:54:31 ovzhost sshd[976]: pam_unix(sshd:auth): authentication failure; logname= uid=0 euid=0 tty=ssh ruser= rhost=221.229.166.98  user=root
Apr 13 19:54:33 ovzhost sshd[976]: Failed password for root from 221.229.166.98 port 60671 ssh2
Apr 13 19:54:33 ovzhost sshd[978]: Failed password for root from 43.255.190.141 port 34016 ssh2
Apr 13 19:54:38 ovzhost sshd[978]: message repeated 2 times: [ Failed password for root from 43.255.190.141 port 34016 ssh2]
Apr 13 19:54:38 ovzhost sshd[978]: Received disconnect from 43.255.190.141: 11:  [preauth]
Apr 13 19:54:38 ovzhost sshd[978]: PAM 2 more authentication failures; logname= uid=0 euid=0 tty=ssh ruser= rhost=43.255.190.141  user=root
Apr 13 19:54:37 ovzhost sshd[976]: message repeated 2 times: [ Failed password for root from 221.229.166.98 port 60671 ssh2]
Apr 13 19:54:38 ovzhost sshd[976]: Received disconnect from 221.229.166.98: 11:  [preauth]
Apr 13 19:54:38 ovzhost sshd[976]: PAM 2 more authentication failures; logname= uid=0 euid=0 tty=ssh ruser= rhost=221.229.166.98  user=root
Apr 13 19:54:38 ovzhost sshd[982]: pam_unix(sshd:auth): authentication failure; logname= uid=0 euid=0 tty=ssh ruser= rhost=43.255.190.141  user=root
Apr 13 19:54:39 ovzhost sshd[984]: pam_unix(sshd:auth): authentication failure; logname= uid=0 euid=0 tty=ssh ruser= rhost=221.229.166.98  user=root
Apr 13 19:54:40 ovzhost sshd[982]: Failed password for root from 43.255.190.141 port 57483 ssh2
Apr 13 19:54:41 ovzhost sshd[984]: Failed password for root from 221.229.166.98 port 50804 ssh2
Apr 13 19:54:44 ovzhost sshd[982]: message repeated 2 times: [ Failed password for root from 43.255.190.141 port 57483 ssh2]
Apr 13 19:54:44 ovzhost sshd[982]: Received disconnect from 43.255.190.141: 11:  [preauth]
Apr 13 19:54:44 ovzhost sshd[982]: PAM 2 more authentication failures; logname= uid=0 euid=0 tty=ssh ruser= rhost=43.255.190.141  user=root
Apr 13 19:54:45 ovzhost sshd[986]: pam_unix(sshd:auth): authentication failure; logname= uid=0 euid=0 tty=ssh ruser= rhost=43.255.190.141  user=root
Apr 13 19:54:46 ovzhost sshd[984]: message repeated 2 times: [ Failed password for root from 221.229.166.98 port 50804 ssh2]
Apr 13 19:54:46 ovzhost sshd[984]: Received disconnect from 221.229.166.98: 11:  [preauth]
Apr 13 19:54:46 ovzhost sshd[984]: PAM 2 more authentication failures; logname= uid=0 euid=0 tty=ssh ruser= rhost=221.229.166.98  user=root
Apr 13 19:54:47 ovzhost sshd[986]: Failed password for root from 43.255.190.141 port 49776 ssh2
Apr 13 19:54:48 ovzhost sshd[988]: pam_unix(sshd:auth): authentication failure; logname= uid=0 euid=0 tty=ssh ruser= rhost=221.229.166.98  user=root
Apr 13 19:54:51 ovzhost sshd[988]: Failed password for root from 221.229.166.98 port 41564 ssh2
Apr 13 19:54:51 ovzhost sshd[986]: message repeated 2 times: [ Failed password for root from 43.255.190.141 port 49776 ssh2]
Apr 13 19:54:51 ovzhost sshd[986]: Received disconnect from 43.255.190.141: 11:  [preauth]
Apr 13 19:54:51 ovzhost sshd[986]: PAM 2 more authentication failures; logname= uid=0 euid=0 tty=ssh ruser= rhost=43.255.190.141  user=root
Apr 13 19:54:52 ovzhost sshd[990]: pam_unix(sshd:auth): authentication failure; logname= uid=0 euid=0 tty=ssh ruser= rhost=43.255.190.141  user=root
Apr 13 19:54:53 ovzhost sshd[990]: Failed password for root from 43.255.190.141 port 42395 ssh2
Apr 13 19:54:54 ovzhost sshd[988]: message repeated 2 times: [ Failed password for root from 221.229.166.98 port 41564 ssh2]
Apr 13 19:54:54 ovzhost sshd[988]: Received disconnect from 221.229.166.98: 11:  [preauth]
Apr 13 19:54:54 ovzhost sshd[988]: PAM 2 more authentication failures; logname= uid=0 euid=0 tty=ssh ruser= rhost=221.229.166.98  user=root
Apr 13 19:54:56 ovzhost sshd[992]: pam_unix(sshd:auth): authentication failure; logname= uid=0 euid=0 tty=ssh ruser= rhost=221.229.166.98  user=root
Apr 13 19:54:58 ovzhost sshd[992]: Failed password for root from 221.229.166.98 port 59372 ssh2
Apr 13 19:54:58 ovzhost sshd[990]: message repeated 2 times: [ Failed password for root from 43.255.190.141 port 42395 ssh2]
Apr 13 19:54:58 ovzhost sshd[990]: Received disconnect from 43.255.190.141: 11:  [preauth]
Apr 13 19:54:58 ovzhost sshd[990]: PAM 2 more authentication failures; logname= uid=0 euid=0 tty=ssh ruser= rhost=43.255.190.141  user=root
Apr 13 19:54:59 ovzhost sshd[994]: pam_unix(sshd:auth): authentication failure; logname= uid=0 euid=0 tty=ssh ruser= rhost=43.255.190.141  user=root
Apr 13 19:55:01 ovzhost sshd[994]: Failed password for root from 43.255.190.141 port 58897 ssh2
Apr 13 19:55:03 ovzhost sshd[992]: message repeated 2 times: [ Failed password for root from 221.229.166.98 port 59372 ssh2]
Apr 13 19:55:03 ovzhost sshd[992]: Received disconnect from 221.229.166.98: 11:  [preauth]
Apr 13 19:55:03 ovzhost sshd[992]: PAM 2 more authentication failures; logname= uid=0 euid=0 tty=ssh ruser= rhost=221.229.166.98  user=root
Apr 13 19:55:04 ovzhost sshd[994]: message repeated 2 times: [ Failed password for root from 43.255.190.141 port 58897 ssh2]
Apr 13 19:55:04 ovzhost sshd[994]: Received disconnect from 43.255.190.141: 11:  [preauth]
Apr 13 19:55:04 ovzhost sshd[994]: PAM 2 more authentication failures; logname= uid=0 euid=0 tty=ssh ruser= rhost=43.255.190.141  user=root
Apr 13 19:55:04 ovzhost sshd[1000]: pam_unix(sshd:auth): authentication failure; logname= uid=0 euid=0 tty=ssh ruser= rhost=43.255.190.141  user=root
Apr 13 19:55:05 ovzhost sshd[998]: pam_unix(sshd:auth): authentication failure; logname= uid=0 euid=0 tty=ssh ruser= rhost=221.229.166.98  user=root
Apr 13 19:55:07 ovzhost sshd[1000]: Failed password for root from 43.255.190.141 port 45230 ssh2
Apr 13 19:55:07 ovzhost sshd[998]: Failed password for root from 221.229.166.98 port 50419 ssh2
Apr 13 19:55:12 ovzhost sshd[1000]: message repeated 2 times: [ Failed password for root from 43.255.190.141 port 45230 ssh2]
Apr 13 19:55:12 ovzhost sshd[1000]: Received disconnect from 43.255.190.141: 11:  [preauth]
Apr 13 19:55:12 ovzhost sshd[1000]: PAM 2 more authentication failures; logname= uid=0 euid=0 tty=ssh ruser= rhost=43.255.190.141  user=root
Apr 13 19:55:12 ovzhost sshd[998]: message repeated 2 times: [ Failed password for root from 221.229.166.98 port 50419 ssh2]
Apr 13 19:55:12 ovzhost sshd[998]: Received disconnect from 221.229.166.98: 11:  [preauth]
Apr 13 19:55:12 ovzhost sshd[998]: PAM 2 more authentication failures; logname= uid=0 euid=0 tty=ssh ruser= rhost=221.229.166.98  user=root
Apr 13 19:55:12 ovzhost sshd[1002]: pam_unix(sshd:auth): authentication failure; logname= uid=0 euid=0 tty=ssh ruser= rhost=43.255.190.141  user=root
Apr 13 19:55:14 ovzhost sshd[1004]: pam_unix(sshd:auth): authentication failure; logname= uid=0 euid=0 tty=ssh ruser= rhost=221.229.166.98  user=root
Apr 13 19:55:15 ovzhost sshd[1002]: Failed password for root from 43.255.190.141 port 34440 ssh2
Apr 13 19:55:15 ovzhost sshd[1004]: Failed password for root from 221.229.166.98 port 41993 ssh2
Apr 13 19:55:19 ovzhost sshd[1002]: message repeated 2 times: [ Failed password for root from 43.255.190.141 port 34440 ssh2]
Apr 13 19:55:19 ovzhost sshd[1002]: Received disconnect from 43.255.190.141: 11:  [preauth]
Apr 13 19:55:19 ovzhost sshd[1002]: PAM 2 more authentication failures; logname= uid=0 euid=0 tty=ssh ruser= rhost=43.255.190.141  user=root
Apr 13 19:55:19 ovzhost sshd[1006]: pam_unix(sshd:auth): authentication failure; logname= uid=0 euid=0 tty=ssh ruser= rhost=43.255.190.141  user=root
Apr 13 19:55:19 ovzhost sshd[1004]: message repeated 2 times: [ Failed password for root from 221.229.166.98 port 41993 ssh2]
Apr 13 19:55:20 ovzhost sshd[1004]: Received disconnect from 221.229.166.98: 11:  [preauth]
Apr 13 19:55:20 ovzhost sshd[1004]: PAM 2 more authentication failures; logname= uid=0 euid=0 tty=ssh ruser= rhost=221.229.166.98  user=root
Apr 13 19:55:21 ovzhost sshd[1008]: pam_unix(sshd:auth): authentication failure; logname= uid=0 euid=0 tty=ssh ruser= rhost=221.229.166.98  user=root
Apr 13 19:55:22 ovzhost sshd[1006]: Failed password for root from 43.255.190.141 port 52055 ssh2
Apr 13 19:55:24 ovzhost sshd[1008]: Failed password for root from 221.229.166.98 port 59575 ssh2
Apr 13 19:55:26 ovzhost sshd[1006]: message repeated 2 times: [ Failed password for root from 43.255.190.141 port 52055 ssh2]
Apr 13 19:55:26 ovzhost sshd[1006]: Received disconnect from 43.255.190.141: 11:  [preauth]
Apr 13 19:55:26 ovzhost sshd[1006]: PAM 2 more authentication failures; logname= uid=0 euid=0 tty=ssh ruser= rhost=43.255.190.141  user=root
Apr 13 19:55:26 ovzhost sshd[1010]: pam_unix(sshd:auth): authentication failure; logname= uid=0 euid=0 tty=ssh ruser= rhost=43.255.190.141  user=root
Apr 13 19:55:28 ovzhost sshd[1010]: Failed password for root from 43.255.190.141 port 40511 ssh2
Apr 13 19:55:28 ovzhost sshd[1008]: message repeated 2 times: [ Failed password for root from 221.229.166.98 port 59575 ssh2]
Apr 13 19:55:28 ovzhost sshd[1008]: Received disconnect from 221.229.166.98: 11:  [preauth]
Apr 13 19:55:28 ovzhost sshd[1008]: PAM 2 more authentication failures; logname= uid=0 euid=0 tty=ssh ruser= rhost=221.229.166.98  user=root
Apr 13 19:55:29 ovzhost sshd[1012]: pam_unix(sshd:auth): authentication failure; logname= uid=0 euid=0 tty=ssh ruser= rhost=221.229.166.98  user=root
Apr 13 19:55:32 ovzhost sshd[1012]: Failed password for root from 221.229.166.98 port 49263 ssh2
Apr 13 19:55:33 ovzhost sshd[1010]: message repeated 2 times: [ Failed password for root from 43.255.190.141 port 40511 ssh2]
Apr 13 19:55:33 ovzhost sshd[1010]: Received disconnect from 43.255.190.141: 11:  [preauth]
Apr 13 19:55:33 ovzhost sshd[1010]: PAM 2 more authentication failures; logname= uid=0 euid=0 tty=ssh ruser= rhost=43.255.190.141  user=root
Apr 13 19:55:33 ovzhost sshd[1014]: pam_unix(sshd:auth): authentication failure; logname= uid=0 euid=0 tty=ssh ruser= rhost=43.255.190.141  user=root
Apr 13 19:55:35 ovzhost sshd[1014]: Failed password for root from 43.255.190.141 port 58314 ssh2
Apr 13 19:55:36 ovzhost sshd[1012]: message repeated 2 times: [ Failed password for root from 221.229.166.98 port 49263 ssh2]
Apr 13 19:55:36 ovzhost sshd[1012]: Received disconnect from 221.229.166.98: 11:  [preauth]
Apr 13 19:55:36 ovzhost sshd[1012]: PAM 2 more authentication failures; logname= uid=0 euid=0 tty=ssh ruser= rhost=221.229.166.98  user=root
Apr 13 19:55:38 ovzhost sshd[1017]: pam_unix(sshd:auth): authentication failure; logname= uid=0 euid=0 tty=ssh ruser= rhost=221.229.166.98  user=root
Apr 13 19:55:39 ovzhost sshd[1014]: message repeated 2 times: [ Failed password for root from 43.255.190.141 port 58314 ssh2]
Apr 13 19:55:39 ovzhost sshd[1014]: Received disconnect from 43.255.190.141: 11:  [preauth]
Apr 13 19:55:39 ovzhost sshd[1014]: PAM 2 more authentication failures; logname= uid=0 euid=0 tty=ssh ruser= rhost=43.255.190.141  user=root
Apr 13 19:55:39 ovzhost sshd[1019]: pam_unix(sshd:auth): authentication failure; logname= uid=0 euid=0 tty=ssh ruser= rhost=43.255.190.141  user=root
Apr 13 19:55:39 ovzhost sshd[1017]: Failed password for root from 221.229.166.98 port 38329 ssh2
Apr 13 19:55:42 ovzhost sshd[1019]: Failed password for root from 43.255.190.141 port 46039 ssh2
Apr 13 19:55:45 ovzhost sshd[1017]: message repeated 2 times: [ Failed password for root from 221.229.166.98 port 38329 ssh2]
Apr 13 19:55:45 ovzhost sshd[1017]: Received disconnect from 221.229.166.98: 11:  [preauth]
Apr 13 19:55:45 ovzhost sshd[1017]: PAM 2 more authentication failures; logname= uid=0 euid=0 tty=ssh ruser= rhost=221.229.166.98  user=root
Apr 13 19:55:46 ovzhost sshd[1019]: message repeated 2 times: [ Failed password for root from 43.255.190.141 port 46039 ssh2]
Apr 13 19:55:46 ovzhost sshd[1019]: Received disconnect from 43.255.190.141: 11:  [preauth]
Apr 13 19:55:46 ovzhost sshd[1019]: PAM 2 more authentication failures; logname= uid=0 euid=0 tty=ssh ruser= rhost=43.255.190.141  user=root
Apr 13 19:55:47 ovzhost sshd[1023]: pam_unix(sshd:auth): authentication failure; logname= uid=0 euid=0 tty=ssh ruser= rhost=43.255.190.141  user=root
Apr 13 19:55:47 ovzhost sshd[1021]: pam_unix(sshd:auth): authentication failure; logname= uid=0 euid=0 tty=ssh ruser= rhost=221.229.166.98  user=root
Apr 13 19:55:47 ovzhost sshd[1025]: pam_unix(sshd:auth): authentication failure; logname= uid=0 euid=0 tty=ssh ruser= rhost=43.255.190.167  user=root
Apr 13 19:55:49 ovzhost sshd[1023]: Failed password for root from 43.255.190.141 port 36321 ssh2
Apr 13 19:55:49 ovzhost sshd[1021]: Failed password for root from 221.229.166.98 port 57489 ssh2
Apr 13 19:55:49 ovzhost sshd[1025]: Failed password for root from 43.255.190.167 port 57421 ssh2
Apr 13 19:55:52 ovzhost sshd[1023]: message repeated 2 times: [ Failed password for root from 43.255.190.141 port 36321 ssh2]
Apr 13 19:55:52 ovzhost sshd[1023]: Received disconnect from 43.255.190.141: 11:  [preauth]
Apr 13 19:55:52 ovzhost sshd[1023]: PAM 2 more authentication failures; logname= uid=0 euid=0 tty=ssh ruser= rhost=43.255.190.141  user=root
Apr 13 19:55:52 ovzhost sshd[1027]: pam_unix(sshd:auth): authentication failure; logname= uid=0 euid=0 tty=ssh ruser= rhost=43.255.190.141  user=root
Apr 13 19:55:53 ovzhost sshd[1025]: message repeated 2 times: [ Failed password for root from 43.255.190.167 port 57421 ssh2]
Apr 13 19:55:53 ovzhost sshd[1025]: Received disconnect from 43.255.190.167: 11:  [preauth]
Apr 13 19:55:53 ovzhost sshd[1025]: PAM 2 more authentication failures; logname= uid=0 euid=0 tty=ssh ruser= rhost=43.255.190.167  user=root
Apr 13 19:55:53 ovzhost sshd[1021]: message repeated 2 times: [ Failed password for root from 221.229.166.98 port 57489 ssh2]
Apr 13 19:55:54 ovzhost sshd[1021]: Received disconnect from 221.229.166.98: 11:  [preauth]
Apr 13 19:55:54 ovzhost sshd[1021]: PAM 2 more authentication failures; logname= uid=0 euid=0 tty=ssh ruser= rhost=221.229.166.98  user=root
Apr 13 19:55:54 ovzhost sshd[1029]: pam_unix(sshd:auth): authentication failure; logname= uid=0 euid=0 tty=ssh ruser= rhost=43.255.190.167  user=root
Apr 13 19:55:54 ovzhost sshd[1027]: Failed password for root from 43.255.190.141 port 51536 ssh2
Apr 13 19:55:55 ovzhost sshd[1031]: pam_unix(sshd:auth): authentication failure; logname= uid=0 euid=0 tty=ssh ruser= rhost=221.229.166.98  user=root
Apr 13 19:55:57 ovzhost sshd[1029]: Failed password for root from 43.255.190.167 port 46402 ssh2
Apr 13 19:55:57 ovzhost sshd[1031]: Failed password for root from 221.229.166.98 port 47096 ssh2
Apr 13 19:55:58 ovzhost sshd[1027]: message repeated 2 times: [ Failed password for root from 43.255.190.141 port 51536 ssh2]
Apr 13 19:55:58 ovzhost sshd[1027]: Received disconnect from 43.255.190.141: 11:  [preauth]
Apr 13 19:55:58 ovzhost sshd[1027]: PAM 2 more authentication failures; logname= uid=0 euid=0 tty=ssh ruser= rhost=43.255.190.141  user=root
Apr 13 19:55:58 ovzhost sshd[1033]: pam_unix(sshd:auth): authentication failure; logname= uid=0 euid=0 tty=ssh ruser= rhost=43.255.190.141  user=root
Apr 13 19:56:00 ovzhost sshd[1029]: message repeated 2 times: [ Failed password for root from 43.255.190.167 port 46402 ssh2]
Apr 13 19:56:00 ovzhost sshd[1029]: Received disconnect from 43.255.190.167: 11:  [preauth]
Apr 13 19:56:00 ovzhost sshd[1029]: PAM 2 more authentication failures; logname= uid=0 euid=0 tty=ssh ruser= rhost=43.255.190.167  user=root
Apr 13 19:56:00 ovzhost sshd[1033]: Failed password for root from 43.255.190.141 port 38738 ssh2
Apr 13 19:56:01 ovzhost sshd[1035]: pam_unix(sshd:auth): authentication failure; logname= uid=0 euid=0 tty=ssh ruser= rhost=43.255.190.167  user=root
Apr 13 19:56:01 ovzhost sshd[1031]: message repeated 2 times: [ Failed password for root from 221.229.166.98 port 47096 ssh2]
Apr 13 19:56:01 ovzhost sshd[1031]: Received disconnect from 221.229.166.98: 11:  [preauth]
Apr 13 19:56:01 ovzhost sshd[1031]: PAM 2 more authentication failures; logname= uid=0 euid=0 tty=ssh ruser= rhost=221.229.166.98  user=root
Apr 13 19:56:03 ovzhost sshd[1035]: Failed password for root from 43.255.190.167 port 37510 ssh2
Apr 13 19:56:03 ovzhost sshd[1037]: pam_unix(sshd:auth): authentication failure; logname= uid=0 euid=0 tty=ssh ruser= rhost=221.229.166.98  user=root
Apr 13 19:56:04 ovzhost sshd[1033]: message repeated 2 times: [ Failed password for root from 43.255.190.141 port 38738 ssh2]
Apr 13 19:56:04 ovzhost sshd[1033]: Received disconnect from 43.255.190.141: 11:  [preauth]
Apr 13 19:56:04 ovzhost sshd[1033]: PAM 2 more authentication failures; logname= uid=0 euid=0 tty=ssh ruser= rhost=43.255.190.141  user=root
Apr 13 19:56:05 ovzhost sshd[1039]: pam_unix(sshd:auth): authentication failure; logname= uid=0 euid=0 tty=ssh ruser= rhost=43.255.190.141  user=root
Apr 13 19:56:05 ovzhost sshd[1037]: Failed password for root from 221.229.166.98 port 34714 ssh2
Apr 13 19:56:07 ovzhost sshd[1039]: Failed password for root from 43.255.190.141 port 55854 ssh2
Apr 13 19:56:07 ovzhost sshd[1035]: message repeated 2 times: [ Failed password for root from 43.255.190.167 port 37510 ssh2]
Apr 13 19:56:07 ovzhost sshd[1035]: Received disconnect from 43.255.190.167: 11:  [preauth]
Apr 13 19:56:07 ovzhost sshd[1035]: PAM 2 more authentication failures; logname= uid=0 euid=0 tty=ssh ruser= rhost=43.255.190.167  user=root
Apr 13 19:56:08 ovzhost sshd[1041]: pam_unix(sshd:auth): authentication failure; logname= uid=0 euid=0 tty=ssh ruser= rhost=43.255.190.167  user=root
Apr 13 19:56:10 ovzhost sshd[1041]: Failed password for root from 43.255.190.167 port 56701 ssh2
Apr 13 19:56:10 ovzhost sshd[1039]: message repeated 2 times: [ Failed password for root from 43.255.190.141 port 55854 ssh2]
Apr 13 19:56:10 ovzhost sshd[1039]: Received disconnect from 43.255.190.141: 11:  [preauth]
Apr 13 19:56:10 ovzhost sshd[1039]: PAM 2 more authentication failures; logname= uid=0 euid=0 tty=ssh ruser= rhost=43.255.190.141  user=root
Apr 13 19:56:10 ovzhost sshd[1037]: message repeated 2 times: [ Failed password for root from 221.229.166.98 port 34714 ssh2]
Apr 13 19:56:11 ovzhost sshd[1037]: Received disconnect from 221.229.166.98: 11:  [preauth]
Apr 13 19:56:11 ovzhost sshd[1037]: PAM 2 more authentication failures; logname= uid=0 euid=0 tty=ssh ruser= rhost=221.229.166.98  user=root
Apr 13 19:56:11 ovzhost sshd[1043]: pam_unix(sshd:auth): authentication failure; logname= uid=0 euid=0 tty=ssh ruser= rhost=43.255.190.141  user=root
Apr 13 19:56:12 ovzhost sshd[1045]: pam_unix(sshd:auth): authentication failure; logname= uid=0 euid=0 tty=ssh ruser= rhost=221.229.166.98  user=root
Apr 13 19:56:13 ovzhost sshd[1043]: Failed password for root from 43.255.190.141 port 43467 ssh2
Apr 13 19:56:14 ovzhost sshd[1041]: message repeated 2 times: [ Failed password for root from 43.255.190.167 port 56701 ssh2]
Apr 13 19:56:14 ovzhost sshd[1041]: Received disconnect from 43.255.190.167: 11:  [preauth]
Apr 13 19:56:14 ovzhost sshd[1041]: PAM 2 more authentication failures; logname= uid=0 euid=0 tty=ssh ruser= rhost=43.255.190.167  user=root
Apr 13 19:56:14 ovzhost sshd[1045]: Failed password for root from 221.229.166.98 port 54765 ssh2
Apr 13 19:56:15 ovzhost sshd[1047]: pam_unix(sshd:auth): authentication failure; logname= uid=0 euid=0 tty=ssh ruser= rhost=43.255.190.167  user=root
Apr 13 19:56:17 ovzhost sshd[1047]: Failed password for root from 43.255.190.167 port 46718 ssh2
Apr 13 19:56:17 ovzhost sshd[1043]: message repeated 2 times: [ Failed password for root from 43.255.190.141 port 43467 ssh2]
Apr 13 19:56:17 ovzhost sshd[1043]: Received disconnect from 43.255.190.141: 11:  [preauth]
Apr 13 19:56:17 ovzhost sshd[1043]: PAM 2 more authentication failures; logname= uid=0 euid=0 tty=ssh ruser= rhost=43.255.190.141  user=root
Apr 13 19:56:18 ovzhost sshd[1049]: pam_unix(sshd:auth): authentication failure; logname= uid=0 euid=0 tty=ssh ruser= rhost=43.255.190.141  user=root
Apr 13 19:56:19 ovzhost sshd[1045]: message repeated 2 times: [ Failed password for root from 221.229.166.98 port 54765 ssh2]
Apr 13 19:56:19 ovzhost sshd[1045]: Received disconnect from 221.229.166.98: 11:  [preauth]
Apr 13 19:56:19 ovzhost sshd[1045]: PAM 2 more authentication failures; logname= uid=0 euid=0 tty=ssh ruser= rhost=221.229.166.98  user=root
Apr 13 19:56:20 ovzhost sshd[1049]: Failed password for root from 43.255.190.141 port 60448 ssh2
Apr 13 19:56:21 ovzhost sshd[1047]: message repeated 2 times: [ Failed password for root from 43.255.190.167 port 46718 ssh2]
Apr 13 19:56:21 ovzhost sshd[1047]: Received disconnect from 43.255.190.167: 11:  [preauth]
Apr 13 19:56:21 ovzhost sshd[1047]: PAM 2 more authentication failures; logname= uid=0 euid=0 tty=ssh ruser= rhost=43.255.190.167  user=root
Apr 13 19:56:21 ovzhost sshd[1051]: pam_unix(sshd:auth): authentication failure; logname= uid=0 euid=0 tty=ssh ruser= rhost=221.229.166.98  user=root
Apr 13 19:56:21 ovzhost sshd[1053]: pam_unix(sshd:auth): authentication failure; logname= uid=0 euid=0 tty=ssh ruser= rhost=43.255.190.167  user=root
Apr 13 19:56:23 ovzhost sshd[1051]: Failed password for root from 221.229.166.98 port 45579 ssh2
Apr 13 19:56:23 ovzhost sshd[1053]: Failed password for root from 43.255.190.167 port 36464 ssh2
Apr 13 19:56:24 ovzhost sshd[1049]: message repeated 2 times: [ Failed password for root from 43.255.190.141 port 60448 ssh2]
Apr 13 19:56:24 ovzhost sshd[1049]: Received disconnect from 43.255.190.141: 11:  [preauth]
Apr 13 19:56:24 ovzhost sshd[1049]: PAM 2 more authentication failures; logname= uid=0 euid=0 tty=ssh ruser= rhost=43.255.190.141  user=root
Apr 13 19:56:25 ovzhost sshd[1055]: pam_unix(sshd:auth): authentication failure; logname= uid=0 euid=0 tty=ssh ruser= rhost=43.255.190.141  user=root
Apr 13 19:56:26 ovzhost sshd[1055]: Failed password for root from 43.255.190.141 port 50813 ssh2
Apr 13 19:56:26 ovzhost sshd[1053]: message repeated 2 times: [ Failed password for root from 43.255.190.167 port 36464 ssh2]
Apr 13 19:56:26 ovzhost sshd[1053]: Received disconnect from 43.255.190.167: 11:  [preauth]
Apr 13 19:56:26 ovzhost sshd[1053]: PAM 2 more authentication failures; logname= uid=0 euid=0 tty=ssh ruser= rhost=43.255.190.167  user=root
Apr 13 19:56:26 ovzhost sshd[1051]: message repeated 2 times: [ Failed password for root from 221.229.166.98 port 45579 ssh2]
Apr 13 19:56:27 ovzhost sshd[1051]: Received disconnect from 221.229.166.98: 11:  [preauth]
Apr 13 19:56:27 ovzhost sshd[1051]: PAM 2 more authentication failures; logname= uid=0 euid=0 tty=ssh ruser= rhost=221.229.166.98  user=root
Apr 13 19:56:27 ovzhost sshd[1057]: pam_unix(sshd:auth): authentication failure; logname= uid=0 euid=0 tty=ssh ruser= rhost=43.255.190.167  user=root
Apr 13 19:56:28 ovzhost sshd[1059]: pam_unix(sshd:auth): authentication failure; logname= uid=0 euid=0 tty=ssh ruser= rhost=221.229.166.98  user=root
Apr 13 19:56:29 ovzhost sshd[1057]: Failed password for root from 43.255.190.167 port 51520 ssh2
Apr 13 19:56:30 ovzhost sshd[1059]: Failed password for root from 221.229.166.98 port 33731 ssh2
Apr 13 19:56:31 ovzhost sshd[1055]: message repeated 2 times: [ Failed password for root from 43.255.190.141 port 50813 ssh2]
Apr 13 19:56:31 ovzhost sshd[1055]: Received disconnect from 43.255.190.141: 11:  [preauth]
Apr 13 19:56:31 ovzhost sshd[1055]: PAM 2 more authentication failures; logname= uid=0 euid=0 tty=ssh ruser= rhost=43.255.190.141  user=root
Apr 13 19:56:32 ovzhost sshd[1061]: pam_unix(sshd:auth): authentication failure; logname= uid=0 euid=0 tty=ssh ruser= rhost=43.255.190.141  user=root
Apr 13 19:56:33 ovzhost sshd[1057]: message repeated 2 times: [ Failed password for root from 43.255.190.167 port 51520 ssh2]
Apr 13 19:56:33 ovzhost sshd[1057]: Received disconnect from 43.255.190.167: 11:  [preauth]
Apr 13 19:56:33 ovzhost sshd[1057]: PAM 2 more authentication failures; logname= uid=0 euid=0 tty=ssh ruser= rhost=43.255.190.167  user=root
Apr 13 19:56:33 ovzhost sshd[1061]: Failed password for root from 43.255.190.141 port 40468 ssh2
Apr 13 19:56:34 ovzhost sshd[1065]: pam_unix(sshd:auth): authentication failure; logname= uid=0 euid=0 tty=ssh ruser= rhost=43.255.190.167  user=root
Apr 13 19:56:34 ovzhost sshd[1059]: message repeated 2 times: [ Failed password for root from 221.229.166.98 port 33731 ssh2]
Apr 13 19:56:35 ovzhost sshd[1059]: Received disconnect from 221.229.166.98: 11:  [preauth]
Apr 13 19:56:35 ovzhost sshd[1059]: PAM 2 more authentication failures; logname= uid=0 euid=0 tty=ssh ruser= rhost=221.229.166.98  user=root
Apr 13 19:56:35 ovzhost sshd[1065]: Failed password for root from 43.255.190.167 port 40290 ssh2
Apr 13 19:56:37 ovzhost sshd[1067]: pam_unix(sshd:auth): authentication failure; logname= uid=0 euid=0 tty=ssh ruser= rhost=221.229.166.98  user=root
Apr 13 19:56:37 ovzhost sshd[1061]: message repeated 2 times: [ Failed password for root from 43.255.190.141 port 40468 ssh2]
Apr 13 19:56:37 ovzhost sshd[1061]: Received disconnect from 43.255.190.141: 11:  [preauth]
Apr 13 19:56:37 ovzhost sshd[1061]: PAM 2 more authentication failures; logname= uid=0 euid=0 tty=ssh ruser= rhost=43.255.190.141  user=root
Apr 13 19:56:37 ovzhost sshd[1069]: pam_unix(sshd:auth): authentication failure; logname= uid=0 euid=0 tty=ssh ruser= rhost=43.255.190.141  user=root
Apr 13 19:56:38 ovzhost sshd[1067]: Failed password for root from 221.229.166.98 port 51139 ssh2
Apr 13 19:56:39 ovzhost sshd[1065]: message repeated 2 times: [ Failed password for root from 43.255.190.167 port 40290 ssh2]
Apr 13 19:56:39 ovzhost sshd[1065]: Received disconnect from 43.255.190.167: 11:  [preauth]
Apr 13 19:56:39 ovzhost sshd[1065]: PAM 2 more authentication failures; logname= uid=0 euid=0 tty=ssh ruser= rhost=43.255.190.167  user=root
