Apr 11 00:01:01 ovzhost sshd[1117]: pam_unix(sshd:auth): authentication failure; logname= uid=0 euid=0 tty=ssh ruser= rhost=43.255.190.115  user=root
Apr 11 00:01:02 ovzhost sshd[1113]: message repeated 2 times: [ Failed password for root from 43.255.190.174 port 59368 ssh2]
Apr 11 00:01:02 ovzhost sshd[1113]: Received disconnect from 43.255.190.174: 11:  [preauth]
Apr 11 00:01:02 ovzhost sshd[1113]: PAM 2 more authentication failures; logname= uid=0 euid=0 tty=ssh ruser= rhost=43.255.190.174  user=root
Apr 11 00:01:03 ovzhost sshd[1117]: Failed password for root from 43.255.190.115 port 36439 ssh2
Apr 11 00:01:03 ovzhost sshd[1119]: pam_unix(sshd:auth): authentication failure; logname= uid=0 euid=0 tty=ssh ruser= rhost=43.255.190.174  user=root
Apr 11 00:01:05 ovzhost sshd[1119]: Failed password for root from 43.255.190.174 port 47049 ssh2
Apr 11 00:01:07 ovzhost sshd[1117]: message repeated 2 times: [ Failed password for root from 43.255.190.115 port 36439 ssh2]
Apr 11 00:01:07 ovzhost sshd[1117]: Received disconnect from 43.255.190.115: 11:  [preauth]
Apr 11 00:01:07 ovzhost sshd[1117]: PAM 2 more authentication failures; logname= uid=0 euid=0 tty=ssh ruser= rhost=43.255.190.115  user=root
Apr 11 00:01:08 ovzhost sshd[1121]: pam_unix(sshd:auth): authentication failure; logname= uid=0 euid=0 tty=ssh ruser= rhost=43.255.190.115  user=root
Apr 11 00:01:09 ovzhost sshd[1119]: message repeated 2 times: [ Failed password for root from 43.255.190.174 port 47049 ssh2]
Apr 11 00:01:09 ovzhost sshd[1119]: Received disconnect from 43.255.190.174: 11:  [preauth]
Apr 11 00:01:09 ovzhost sshd[1119]: PAM 2 more authentication failures; logname= uid=0 euid=0 tty=ssh ruser= rhost=43.255.190.174  user=root
Apr 11 00:01:10 ovzhost sshd[1121]: Failed password for root from 43.255.190.115 port 51954 ssh2
Apr 11 00:01:10 ovzhost sshd[1123]: pam_unix(sshd:auth): authentication failure; logname= uid=0 euid=0 tty=ssh ruser= rhost=43.255.190.174  user=root
Apr 11 00:01:12 ovzhost sshd[1123]: Failed password for root from 43.255.190.174 port 34326 ssh2
Apr 11 00:01:15 ovzhost sshd[1121]: message repeated 2 times: [ Failed password for root from 43.255.190.115 port 51954 ssh2]
Apr 11 00:01:15 ovzhost sshd[1121]: Received disconnect from 43.255.190.115: 11:  [preauth]
Apr 11 00:01:15 ovzhost sshd[1121]: PAM 2 more authentication failures; logname= uid=0 euid=0 tty=ssh ruser= rhost=43.255.190.115  user=root
Apr 11 00:01:15 ovzhost sshd[1125]: pam_unix(sshd:auth): authentication failure; logname= uid=0 euid=0 tty=ssh ruser= rhost=43.255.190.115  user=root
Apr 11 00:01:17 ovzhost sshd[1123]: message repeated 2 times: [ Failed password for root from 43.255.190.174 port 34326 ssh2]
Apr 11 00:01:17 ovzhost sshd[1123]: Received disconnect from 43.255.190.174: 11:  [preauth]
Apr 11 00:01:17 ovzhost sshd[1123]: PAM 2 more authentication failures; logname= uid=0 euid=0 tty=ssh ruser= rhost=43.255.190.174  user=root
Apr 11 00:01:17 ovzhost sshd[1125]: Failed password for root from 43.255.190.115 port 39983 ssh2
Apr 11 00:01:18 ovzhost sshd[1127]: pam_unix(sshd:auth): authentication failure; logname= uid=0 euid=0 tty=ssh ruser= rhost=43.255.190.174  user=root
Apr 11 00:01:20 ovzhost sshd[1127]: Failed password for root from 43.255.190.174 port 50458 ssh2
Apr 11 00:01:21 ovzhost sshd[1125]: message repeated 2 times: [ Failed password for root from 43.255.190.115 port 39983 ssh2]
Apr 11 00:01:21 ovzhost sshd[1125]: Received disconnect from 43.255.190.115: 11:  [preauth]
Apr 11 00:01:21 ovzhost sshd[1125]: PAM 2 more authentication failures; logname= uid=0 euid=0 tty=ssh ruser= rhost=43.255.190.115  user=root
Apr 11 00:01:22 ovzhost sshd[1129]: pam_unix(sshd:auth): authentication failure; logname= uid=0 euid=0 tty=ssh ruser= rhost=43.255.190.115  user=root
Apr 11 00:01:24 ovzhost sshd[1129]: Failed password for root from 43.255.190.115 port 54766 ssh2
Apr 11 00:01:25 ovzhost sshd[1127]: message repeated 2 times: [ Failed password for root from 43.255.190.174 port 50458 ssh2]
Apr 11 00:01:25 ovzhost sshd[1127]: Received disconnect from 43.255.190.174: 11:  [preauth]
Apr 11 00:01:25 ovzhost sshd[1127]: PAM 2 more authentication failures; logname= uid=0 euid=0 tty=ssh ruser= rhost=43.255.190.174  user=root
Apr 11 00:01:26 ovzhost sshd[1131]: pam_unix(sshd:auth): authentication failure; logname= uid=0 euid=0 tty=ssh ruser= rhost=43.255.190.174  user=root
Apr 11 00:01:28 ovzhost sshd[1131]: Failed password for root from 43.255.190.174 port 39970 ssh2
Apr 11 00:01:28 ovzhost sshd[1129]: message repeated 2 times: [ Failed password for root from 43.255.190.115 port 54766 ssh2]
Apr 11 00:01:28 ovzhost sshd[1129]: Received disconnect from 43.255.190.115: 11:  [preauth]
Apr 11 00:01:28 ovzhost sshd[1129]: PAM 2 more authentication failures; logname= uid=0 euid=0 tty=ssh ruser= rhost=43.255.190.115  user=root
Apr 11 00:01:29 ovzhost sshd[1135]: pam_unix(sshd:auth): authentication failure; logname= uid=0 euid=0 tty=ssh ruser= rhost=43.255.190.115  user=root
Apr 11 00:01:31 ovzhost sshd[1131]: message repeated 2 times: [ Failed password for root from 43.255.190.174 port 39970 ssh2]
Apr 11 00:01:31 ovzhost sshd[1131]: Received disconnect from 43.255.190.174: 11:  [preauth]
Apr 11 00:01:31 ovzhost sshd[1131]: PAM 2 more authentication failures; logname= uid=0 euid=0 tty=ssh ruser= rhost=43.255.190.174  user=root
Apr 11 00:01:31 ovzhost sshd[1135]: Failed password for root from 43.255.190.115 port 42288 ssh2
Apr 11 00:01:32 ovzhost sshd[1138]: pam_unix(sshd:auth): authentication failure; logname= uid=0 euid=0 tty=ssh ruser= rhost=43.255.190.174  user=root
Apr 11 00:01:34 ovzhost sshd[1138]: Failed password for root from 43.255.190.174 port 54653 ssh2
Apr 11 00:01:36 ovzhost sshd[1135]: message repeated 2 times: [ Failed password for root from 43.255.190.115 port 42288 ssh2]
Apr 11 00:01:36 ovzhost sshd[1135]: Received disconnect from 43.255.190.115: 11:  [preauth]
Apr 11 00:01:36 ovzhost sshd[1135]: PAM 2 more authentication failures; logname= uid=0 euid=0 tty=ssh ruser= rhost=43.255.190.115  user=root
Apr 11 00:01:37 ovzhost sshd[1140]: pam_unix(sshd:auth): authentication failure; logname= uid=0 euid=0 tty=ssh ruser= rhost=43.255.190.115  user=root
Apr 11 00:01:39 ovzhost sshd[1140]: Failed password for root from 43.255.190.115 port 58702 ssh2
Apr 11 00:01:39 ovzhost sshd[1138]: message repeated 2 times: [ Failed password for root from 43.255.190.174 port 54653 ssh2]
Apr 11 00:01:39 ovzhost sshd[1138]: Received disconnect from 43.255.190.174: 11:  [preauth]
Apr 11 00:01:39 ovzhost sshd[1138]: PAM 2 more authentication failures; logname= uid=0 euid=0 tty=ssh ruser= rhost=43.255.190.174  user=root
Apr 11 00:01:40 ovzhost sshd[1142]: pam_unix(sshd:auth): authentication failure; logname= uid=0 euid=0 tty=ssh ruser= rhost=43.255.190.174  user=root
Apr 11 00:01:42 ovzhost sshd[1142]: Failed password for root from 43.255.190.174 port 42547 ssh2
Apr 11 00:01:43 ovzhost sshd[1140]: message repeated 2 times: [ Failed password for root from 43.255.190.115 port 58702 ssh2]
Apr 11 00:01:43 ovzhost sshd[1140]: Received disconnect from 43.255.190.115: 11:  [preauth]
Apr 11 00:01:43 ovzhost sshd[1140]: PAM 2 more authentication failures; logname= uid=0 euid=0 tty=ssh ruser= rhost=43.255.190.115  user=root
Apr 11 00:01:43 ovzhost sshd[1144]: pam_unix(sshd:auth): authentication failure; logname= uid=0 euid=0 tty=ssh ruser= rhost=43.255.190.115  user=root
Apr 11 00:01:45 ovzhost sshd[1144]: Failed password for root from 43.255.190.115 port 45659 ssh2
Apr 11 00:01:47 ovzhost sshd[1142]: message repeated 2 times: [ Failed password for root from 43.255.190.174 port 42547 ssh2]
Apr 11 00:01:47 ovzhost sshd[1142]: Received disconnect from 43.255.190.174: 11:  [preauth]
Apr 11 00:01:47 ovzhost sshd[1142]: PAM 2 more authentication failures; logname= uid=0 euid=0 tty=ssh ruser= rhost=43.255.190.174  user=root
Apr 11 00:01:48 ovzhost sshd[1146]: pam_unix(sshd:auth): authentication failure; logname= uid=0 euid=0 tty=ssh ruser= rhost=43.255.190.174  user=root
Apr 11 00:01:50 ovzhost sshd[1146]: Failed password for root from 43.255.190.174 port 60110 ssh2
Apr 11 00:01:50 ovzhost sshd[1144]: message repeated 2 times: [ Failed password for root from 43.255.190.115 port 45659 ssh2]
Apr 11 00:01:50 ovzhost sshd[1144]: Received disconnect from 43.255.190.115: 11:  [preauth]
Apr 11 00:01:50 ovzhost sshd[1144]: PAM 2 more authentication failures; logname= uid=0 euid=0 tty=ssh ruser= rhost=43.255.190.115  user=root
Apr 11 00:01:52 ovzhost sshd[1148]: pam_unix(sshd:auth): authentication failure; logname= uid=0 euid=0 tty=ssh ruser= rhost=43.255.190.115  user=root
Apr 11 00:01:54 ovzhost sshd[1148]: Failed password for root from 43.255.190.115 port 33144 ssh2
Apr 11 00:01:54 ovzhost sshd[1146]: message repeated 2 times: [ Failed password for root from 43.255.190.174 port 60110 ssh2]
Apr 11 00:01:54 ovzhost sshd[1146]: Received disconnect from 43.255.190.174: 11:  [preauth]
Apr 11 00:01:54 ovzhost sshd[1146]: PAM 2 more authentication failures; logname= uid=0 euid=0 tty=ssh ruser= rhost=43.255.190.174  user=root
Apr 11 00:01:55 ovzhost sshd[1151]: pam_unix(sshd:auth): authentication failure; logname= uid=0 euid=0 tty=ssh ruser= rhost=43.255.190.174  user=root
Apr 11 00:01:57 ovzhost sshd[1151]: Failed password for root from 43.255.190.174 port 48326 ssh2
Apr 11 00:01:59 ovzhost sshd[1148]: message repeated 2 times: [ Failed password for root from 43.255.190.115 port 33144 ssh2]
Apr 11 00:01:59 ovzhost sshd[1148]: Received disconnect from 43.255.190.115: 11:  [preauth]
Apr 11 00:01:59 ovzhost sshd[1148]: PAM 2 more authentication failures; logname= uid=0 euid=0 tty=ssh ruser= rhost=43.255.190.115  user=root
Apr 11 00:02:00 ovzhost sshd[1153]: pam_unix(sshd:auth): authentication failure; logname= uid=0 euid=0 tty=ssh ruser= rhost=43.255.190.115  user=root
Apr 11 00:02:02 ovzhost sshd[1153]: Failed password for root from 43.255.190.115 port 51360 ssh2
Apr 11 00:02:02 ovzhost sshd[1151]: message repeated 2 times: [ Failed password for root from 43.255.190.174 port 48326 ssh2]
Apr 11 00:02:02 ovzhost sshd[1151]: Received disconnect from 43.255.190.174: 11:  [preauth]
Apr 11 00:02:02 ovzhost sshd[1151]: PAM 2 more authentication failures; logname= uid=0 euid=0 tty=ssh ruser= rhost=43.255.190.174  user=root
Apr 11 00:02:02 ovzhost sshd[1155]: pam_unix(sshd:auth): authentication failure; logname= uid=0 euid=0 tty=ssh ruser= rhost=43.255.190.174  user=root
Apr 11 00:02:04 ovzhost sshd[1155]: Failed password for root from 43.255.190.174 port 35543 ssh2
Apr 11 00:02:05 ovzhost sshd[1153]: message repeated 2 times: [ Failed password for root from 43.255.190.115 port 51360 ssh2]
Apr 11 00:02:05 ovzhost sshd[1153]: Received disconnect from 43.255.190.115: 11:  [preauth]
Apr 11 00:02:05 ovzhost sshd[1153]: PAM 2 more authentication failures; logname= uid=0 euid=0 tty=ssh ruser= rhost=43.255.190.115  user=root
Apr 11 00:02:06 ovzhost sshd[1157]: pam_unix(sshd:auth): authentication failure; logname= uid=0 euid=0 tty=ssh ruser= rhost=43.255.190.115  user=root
Apr 11 00:02:08 ovzhost sshd[1155]: message repeated 2 times: [ Failed password for root from 43.255.190.174 port 35543 ssh2]
Apr 11 00:02:08 ovzhost sshd[1155]: Received disconnect from 43.255.190.174: 11:  [preauth]
Apr 11 00:02:08 ovzhost sshd[1155]: PAM 2 more authentication failures; logname= uid=0 euid=0 tty=ssh ruser= rhost=43.255.190.174  user=root
Apr 11 00:02:08 ovzhost sshd[1157]: Failed password for root from 43.255.190.115 port 37817 ssh2
Apr 11 00:02:09 ovzhost sshd[1159]: pam_unix(sshd:auth): authentication failure; logname= uid=0 euid=0 tty=ssh ruser= rhost=43.255.190.174  user=root
Apr 11 00:02:11 ovzhost sshd[1159]: Failed password for root from 43.255.190.174 port 50355 ssh2
Apr 11 00:02:13 ovzhost sshd[1157]: message repeated 2 times: [ Failed password for root from 43.255.190.115 port 37817 ssh2]
Apr 11 00:02:13 ovzhost sshd[1157]: Received disconnect from 43.255.190.115: 11:  [preauth]
Apr 11 00:02:13 ovzhost sshd[1157]: PAM 2 more authentication failures; logname= uid=0 euid=0 tty=ssh ruser= rhost=43.255.190.115  user=root
Apr 11 00:02:13 ovzhost sshd[1161]: pam_unix(sshd:auth): authentication failure; logname= uid=0 euid=0 tty=ssh ruser= rhost=43.255.190.115  user=root
Apr 11 00:02:14 ovzhost sshd[1159]: message repeated 2 times: [ Failed password for root from 43.255.190.174 port 50355 ssh2]
Apr 11 00:02:14 ovzhost sshd[1159]: Received disconnect from 43.255.190.174: 11:  [preauth]
Apr 11 00:02:14 ovzhost sshd[1159]: PAM 2 more authentication failures; logname= uid=0 euid=0 tty=ssh ruser= rhost=43.255.190.174  user=root
Apr 11 00:02:15 ovzhost sshd[1161]: Failed password for root from 43.255.190.115 port 53305 ssh2
Apr 11 00:02:15 ovzhost sshd[1163]: pam_unix(sshd:auth): authentication failure; logname= uid=0 euid=0 tty=ssh ruser= rhost=43.255.190.174  user=root
Apr 11 00:02:17 ovzhost sshd[1163]: Failed password for root from 43.255.190.174 port 36216 ssh2
Apr 11 00:02:19 ovzhost sshd[1161]: message repeated 2 times: [ Failed password for root from 43.255.190.115 port 53305 ssh2]
Apr 11 00:02:19 ovzhost sshd[1161]: Received disconnect from 43.255.190.115: 11:  [preauth]
Apr 11 00:02:19 ovzhost sshd[1161]: PAM 2 more authentication failures; logname= uid=0 euid=0 tty=ssh ruser= rhost=43.255.190.115  user=root
Apr 11 00:02:20 ovzhost sshd[1165]: pam_unix(sshd:auth): authentication failure; logname= uid=0 euid=0 tty=ssh ruser= rhost=43.255.190.115  user=root
Apr 11 00:02:22 ovzhost sshd[1163]: message repeated 2 times: [ Failed password for root from 43.255.190.174 port 36216 ssh2]
Apr 11 00:02:22 ovzhost sshd[1163]: Received disconnect from 43.255.190.174: 11:  [preauth]
Apr 11 00:02:22 ovzhost sshd[1163]: PAM 2 more authentication failures; logname= uid=0 euid=0 tty=ssh ruser= rhost=43.255.190.174  user=root
Apr 11 00:02:22 ovzhost sshd[1165]: Failed password for root from 43.255.190.115 port 39440 ssh2
Apr 11 00:02:22 ovzhost sshd[1167]: pam_unix(sshd:auth): authentication failure; logname= uid=0 euid=0 tty=ssh ruser= rhost=43.255.190.174  user=root
Apr 11 00:02:25 ovzhost sshd[1167]: Failed password for root from 43.255.190.174 port 51672 ssh2
Apr 11 00:02:27 ovzhost sshd[1165]: message repeated 2 times: [ Failed password for root from 43.255.190.115 port 39440 ssh2]
Apr 11 00:02:27 ovzhost sshd[1165]: Received disconnect from 43.255.190.115: 11:  [preauth]
Apr 11 00:02:27 ovzhost sshd[1165]: PAM 2 more authentication failures; logname= uid=0 euid=0 tty=ssh ruser= rhost=43.255.190.115  user=root
Apr 11 00:02:28 ovzhost sshd[1169]: pam_unix(sshd:auth): authentication failure; logname= uid=0 euid=0 tty=ssh ruser= rhost=43.255.190.115  user=root
Apr 11 00:02:28 ovzhost sshd[1167]: message repeated 2 times: [ Failed password for root from 43.255.190.174 port 51672 ssh2]
Apr 11 00:02:28 ovzhost sshd[1167]: Received disconnect from 43.255.190.174: 11:  [preauth]
Apr 11 00:02:28 ovzhost sshd[1167]: PAM 2 more authentication failures; logname= uid=0 euid=0 tty=ssh ruser= rhost=43.255.190.174  user=root
Apr 11 00:02:29 ovzhost sshd[1171]: pam_unix(sshd:auth): authentication failure; logname= uid=0 euid=0 tty=ssh ruser= rhost=43.255.190.174  user=root
Apr 11 00:02:29 ovzhost sshd[1169]: Failed password for root from 43.255.190.115 port 56920 ssh2
Apr 11 00:02:31 ovzhost sshd[1171]: Failed password for root from 43.255.190.174 port 37880 ssh2
Apr 11 00:02:34 ovzhost sshd[1169]: message repeated 2 times: [ Failed password for root from 43.255.190.115 port 56920 ssh2]
Apr 11 00:02:34 ovzhost sshd[1169]: Received disconnect from 43.255.190.115: 11:  [preauth]
Apr 11 00:02:34 ovzhost sshd[1169]: PAM 2 more authentication failures; logname= uid=0 euid=0 tty=ssh ruser= rhost=43.255.190.115  user=root
Apr 11 00:02:35 ovzhost sshd[1173]: pam_unix(sshd:auth): authentication failure; logname= uid=0 euid=0 tty=ssh ruser= rhost=43.255.190.115  user=root
Apr 11 00:02:36 ovzhost sshd[1171]: message repeated 2 times: [ Failed password for root from 43.255.190.174 port 37880 ssh2]
Apr 11 00:02:36 ovzhost sshd[1171]: Received disconnect from 43.255.190.174: 11:  [preauth]
Apr 11 00:02:36 ovzhost sshd[1171]: PAM 2 more authentication failures; logname= uid=0 euid=0 tty=ssh ruser= rhost=43.255.190.174  user=root
Apr 11 00:02:37 ovzhost sshd[1175]: pam_unix(sshd:auth): authentication failure; logname= uid=0 euid=0 tty=ssh ruser= rhost=43.255.190.174  user=root
Apr 11 00:02:37 ovzhost sshd[1173]: Failed password for root from 43.255.190.115 port 45244 ssh2
Apr 11 00:02:38 ovzhost sshd[1175]: Failed password for root from 43.255.190.174 port 54224 ssh2
Apr 11 00:02:40 ovzhost sshd[1173]: message repeated 2 times: [ Failed password for root from 43.255.190.115 port 45244 ssh2]
Apr 11 00:02:40 ovzhost sshd[1173]: Received disconnect from 43.255.190.115: 11:  [preauth]
Apr 11 00:02:40 ovzhost sshd[1173]: PAM 2 more authentication failures; logname= uid=0 euid=0 tty=ssh ruser= rhost=43.255.190.115  user=root
Apr 11 00:02:41 ovzhost sshd[1177]: pam_unix(sshd:auth): authentication failure; logname= uid=0 euid=0 tty=ssh ruser= rhost=43.255.190.115  user=root
Apr 11 00:02:42 ovzhost sshd[1175]: message repeated 2 times: [ Failed password for root from 43.255.190.174 port 54224 ssh2]
Apr 11 00:02:42 ovzhost sshd[1175]: Received disconnect from 43.255.190.174: 11:  [preauth]
Apr 11 00:02:42 ovzhost sshd[1175]: PAM 2 more authentication failures; logname= uid=0 euid=0 tty=ssh ruser= rhost=43.255.190.174  user=root
Apr 11 00:02:42 ovzhost sshd[1179]: pam_unix(sshd:auth): authentication failure; logname= uid=0 euid=0 tty=ssh ruser= rhost=43.255.190.174  user=root
Apr 11 00:02:43 ovzhost sshd[1177]: Failed password for root from 43.255.190.115 port 33429 ssh2
Apr 11 00:02:45 ovzhost sshd[1179]: Failed password for root from 43.255.190.174 port 39385 ssh2
Apr 11 00:02:48 ovzhost sshd[1177]: message repeated 2 times: [ Failed password for root from 43.255.190.115 port 33429 ssh2]
Apr 11 00:02:48 ovzhost sshd[1177]: Received disconnect from 43.255.190.115: 11:  [preauth]
Apr 11 00:02:48 ovzhost sshd[1177]: PAM 2 more authentication failures; logname= uid=0 euid=0 tty=ssh ruser= rhost=43.255.190.115  user=root
Apr 11 00:02:48 ovzhost sshd[1181]: pam_unix(sshd:auth): authentication failure; logname= uid=0 euid=0 tty=ssh ruser= rhost=43.255.190.115  user=root
Apr 11 00:02:49 ovzhost sshd[1179]: message repeated 2 times: [ Failed password for root from 43.255.190.174 port 39385 ssh2]
Apr 11 00:02:49 ovzhost sshd[1179]: Received disconnect from 43.255.190.174: 11:  [preauth]
Apr 11 00:02:49 ovzhost sshd[1179]: PAM 2 more authentication failures; logname= uid=0 euid=0 tty=ssh ruser= rhost=43.255.190.174  user=root
Apr 11 00:02:50 ovzhost sshd[1183]: pam_unix(sshd:auth): authentication failure; logname= uid=0 euid=0 tty=ssh ruser= rhost=43.255.190.174  user=root
Apr 11 00:02:50 ovzhost sshd[1181]: Failed password for root from 43.255.190.115 port 50896 ssh2
Apr 11 00:02:52 ovzhost sshd[1183]: Failed password for root from 43.255.190.174 port 56211 ssh2
Apr 11 00:02:55 ovzhost sshd[1181]: message repeated 2 times: [ Failed password for root from 43.255.190.115 port 50896 ssh2]
Apr 11 00:02:55 ovzhost sshd[1181]: Received disconnect from 43.255.190.115: 11:  [preauth]
Apr 11 00:02:55 ovzhost sshd[1181]: PAM 2 more authentication failures; logname= uid=0 euid=0 tty=ssh ruser= rhost=43.255.190.115  user=root
Apr 11 00:02:56 ovzhost sshd[1186]: pam_unix(sshd:auth): authentication failure; logname= uid=0 euid=0 tty=ssh ruser= rhost=43.255.190.115  user=root
Apr 11 00:02:57 ovzhost sshd[1183]: message repeated 2 times: [ Failed password for root from 43.255.190.174 port 56211 ssh2]
Apr 11 00:02:57 ovzhost sshd[1183]: Received disconnect from 43.255.190.174: 11:  [preauth]
Apr 11 00:02:57 ovzhost sshd[1183]: PAM 2 more authentication failures; logname= uid=0 euid=0 tty=ssh ruser= rhost=43.255.190.174  user=root
Apr 11 00:02:57 ovzhost sshd[1188]: pam_unix(sshd:auth): authentication failure; logname= uid=0 euid=0 tty=ssh ruser= rhost=43.255.190.174  user=root
Apr 11 00:02:57 ovzhost sshd[1186]: Failed password for root from 43.255.190.115 port 41377 ssh2
Apr 11 00:02:59 ovzhost sshd[1188]: Failed password for root from 43.255.190.174 port 43991 ssh2
Apr 11 00:03:01 ovzhost sshd[1186]: message repeated 2 times: [ Failed password for root from 43.255.190.115 port 41377 ssh2]
Apr 11 00:03:02 ovzhost sshd[1186]: Received disconnect from 43.255.190.115: 11:  [preauth]
Apr 11 00:03:02 ovzhost sshd[1186]: PAM 2 more authentication failures; logname= uid=0 euid=0 tty=ssh ruser= rhost=43.255.190.115  user=root
Apr 11 00:03:03 ovzhost sshd[1190]: pam_unix(sshd:auth): authentication failure; logname= uid=0 euid=0 tty=ssh ruser= rhost=43.255.190.115  user=root
Apr 11 00:03:03 ovzhost sshd[1188]: message repeated 2 times: [ Failed password for root from 43.255.190.174 port 43991 ssh2]
Apr 11 00:03:03 ovzhost sshd[1188]: Received disconnect from 43.255.190.174: 11:  [preauth]
Apr 11 00:03:03 ovzhost sshd[1188]: PAM 2 more authentication failures; logname= uid=0 euid=0 tty=ssh ruser= rhost=43.255.190.174  user=root
Apr 11 00:03:04 ovzhost sshd[1192]: pam_unix(sshd:auth): authentication failure; logname= uid=0 euid=0 tty=ssh ruser= rhost=43.255.190.174  user=root
Apr 11 00:03:04 ovzhost sshd[1190]: Failed password for root from 43.255.190.115 port 58561 ssh2
Apr 11 00:03:07 ovzhost sshd[1192]: Failed password for root from 43.255.190.174 port 59384 ssh2
Apr 11 00:03:09 ovzhost sshd[1190]: message repeated 2 times: [ Failed password for root from 43.255.190.115 port 58561 ssh2]
Apr 11 00:03:09 ovzhost sshd[1190]: Received disconnect from 43.255.190.115: 11:  [preauth]
Apr 11 00:03:09 ovzhost sshd[1190]: PAM 2 more authentication failures; logname= uid=0 euid=0 tty=ssh ruser= rhost=43.255.190.115  user=root
Apr 11 00:03:10 ovzhost sshd[1194]: pam_unix(sshd:auth): authentication failure; logname= uid=0 euid=0 tty=ssh ruser= rhost=43.255.190.115  user=root
Apr 11 00:03:10 ovzhost sshd[1192]: message repeated 2 times: [ Failed password for root from 43.255.190.174 port 59384 ssh2]
Apr 11 00:03:10 ovzhost sshd[1192]: Received disconnect from 43.255.190.174: 11:  [preauth]
Apr 11 00:03:10 ovzhost sshd[1192]: PAM 2 more authentication failures; logname= uid=0 euid=0 tty=ssh ruser= rhost=43.255.190.174  user=root
Apr 11 00:03:11 ovzhost sshd[1198]: pam_unix(sshd:auth): authentication failure; logname= uid=0 euid=0 tty=ssh ruser= rhost=43.255.190.174  user=root
Apr 11 00:03:11 ovzhost sshd[1194]: Failed password for root from 43.255.190.115 port 49539 ssh2
Apr 11 00:03:13 ovzhost sshd[1198]: Failed password for root from 43.255.190.174 port 48963 ssh2
Apr 11 00:03:15 ovzhost sshd[1194]: message repeated 2 times: [ Failed password for root from 43.255.190.115 port 49539 ssh2]
Apr 11 00:03:15 ovzhost sshd[1194]: Received disconnect from 43.255.190.115: 11:  [preauth]
Apr 11 00:03:15 ovzhost sshd[1194]: PAM 2 more authentication failures; logname= uid=0 euid=0 tty=ssh ruser= rhost=43.255.190.115  user=root
Apr 11 00:03:16 ovzhost sshd[1200]: pam_unix(sshd:auth): authentication failure; logname= uid=0 euid=0 tty=ssh ruser= rhost=43.255.190.115  user=root
Apr 11 00:03:17 ovzhost sshd[1198]: message repeated 2 times: [ Failed password for root from 43.255.190.174 port 48963 ssh2]
Apr 11 00:03:17 ovzhost sshd[1198]: Received disconnect from 43.255.190.174: 11:  [preauth]
Apr 11 00:03:17 ovzhost sshd[1198]: PAM 2 more authentication failures; logname= uid=0 euid=0 tty=ssh ruser= rhost=43.255.190.174  user=root
Apr 11 00:03:17 ovzhost sshd[1202]: pam_unix(sshd:auth): authentication failure; logname= uid=0 euid=0 tty=ssh ruser= rhost=43.255.190.174  user=root
Apr 11 00:03:19 ovzhost sshd[1200]: Failed password for root from 43.255.190.115 port 40336 ssh2
Apr 11 00:03:20 ovzhost sshd[1202]: Failed password for root from 43.255.190.174 port 37838 ssh2
Apr 11 00:03:22 ovzhost sshd[1200]: message repeated 2 times: [ Failed password for root from 43.255.190.115 port 40336 ssh2]
Apr 11 00:03:22 ovzhost sshd[1200]: Received disconnect from 43.255.190.115: 11:  [preauth]
Apr 11 00:03:22 ovzhost sshd[1200]: PAM 2 more authentication failures; logname= uid=0 euid=0 tty=ssh ruser= rhost=43.255.190.115  user=root
Apr 11 00:03:23 ovzhost sshd[1204]: pam_unix(sshd:auth): authentication failure; logname= uid=0 euid=0 tty=ssh ruser= rhost=43.255.190.115  user=root
Apr 11 00:03:24 ovzhost sshd[1202]: message repeated 2 times: [ Failed password for root from 43.255.190.174 port 37838 ssh2]
Apr 11 00:03:24 ovzhost sshd[1202]: Received disconnect from 43.255.190.174: 11:  [preauth]
Apr 11 00:03:24 ovzhost sshd[1202]: PAM 2 more authentication failures; logname= uid=0 euid=0 tty=ssh ruser= rhost=43.255.190.174  user=root
Apr 11 00:03:24 ovzhost sshd[1206]: pam_unix(sshd:auth): authentication failure; logname= uid=0 euid=0 tty=ssh ruser= rhost=43.255.190.174  user=root
Apr 11 00:03:25 ovzhost sshd[1204]: Failed password for root from 43.255.190.115 port 58831 ssh2
Apr 11 00:03:26 ovzhost sshd[1206]: Failed password for root from 43.255.190.174 port 55116 ssh2
Apr 11 00:03:28 ovzhost sshd[1204]: message repeated 2 times: [ Failed password for root from 43.255.190.115 port 58831 ssh2]
Apr 11 00:03:29 ovzhost sshd[1204]: Received disconnect from 43.255.190.115: 11:  [preauth]
Apr 11 00:03:29 ovzhost sshd[1204]: PAM 2 more authentication failures; logname= uid=0 euid=0 tty=ssh ruser= rhost=43.255.190.115  user=root
Apr 11 00:03:29 ovzhost sshd[1208]: pam_unix(sshd:auth): authentication failure; logname= uid=0 euid=0 tty=ssh ruser= rhost=43.255.190.115  user=root
Apr 11 00:03:30 ovzhost sshd[1206]: message repeated 2 times: [ Failed password for root from 43.255.190.174 port 55116 ssh2]
Apr 11 00:03:30 ovzhost sshd[1206]: Received disconnect from 43.255.190.174: 11:  [preauth]
Apr 11 00:03:30 ovzhost sshd[1206]: PAM 2 more authentication failures; logname= uid=0 euid=0 tty=ssh ruser= rhost=43.255.190.174  user=root
Apr 11 00:03:31 ovzhost sshd[1210]: pam_unix(sshd:auth): authentication failure; logname= uid=0 euid=0 tty=ssh ruser= rhost=43.255.190.174  user=root
Apr 11 00:03:32 ovzhost sshd[1208]: Failed password for root from 43.255.190.115 port 49894 ssh2
Apr 11 00:03:32 ovzhost sshd[1210]: Failed password for root from 43.255.190.174 port 43441 ssh2
Apr 11 00:03:35 ovzhost sshd[1208]: message repeated 2 times: [ Failed password for root from 43.255.190.115 port 49894 ssh2]
Apr 11 00:03:36 ovzhost sshd[1208]: Received disconnect from 43.255.190.115: 11:  [preauth]
Apr 11 00:03:36 ovzhost sshd[1208]: PAM 2 more authentication failures; logname= uid=0 euid=0 tty=ssh ruser= rhost=43.255.190.115  user=root
Apr 11 00:03:36 ovzhost sshd[1210]: message repeated 2 times: [ Failed password for root from 43.255.190.174 port 43441 ssh2]
Apr 11 00:03:36 ovzhost sshd[1210]: Received disconnect from 43.255.190.174: 11:  [preauth]
Apr 11 00:03:36 ovzhost sshd[1210]: PAM 2 more authentication failures; logname= uid=0 euid=0 tty=ssh ruser= rhost=43.255.190.174  user=root
Apr 11 00:03:36 ovzhost sshd[1212]: pam_unix(sshd:auth): authentication failure; logname= uid=0 euid=0 tty=ssh ruser= rhost=43.255.190.115  user=root
Apr 11 00:03:37 ovzhost sshd[1214]: pam_unix(sshd:auth): authentication failure; logname= uid=0 euid=0 tty=ssh ruser= rhost=43.255.190.174  user=root
Apr 11 00:03:38 ovzhost sshd[1214]: Failed password for root from 43.255.190.174 port 58032 ssh2
Apr 11 00:03:38 ovzhost sshd[1212]: Failed password for root from 43.255.190.115 port 41626 ssh2
Apr 11 00:03:42 ovzhost sshd[1214]: message repeated 2 times: [ Failed password for root from 43.255.190.174 port 58032 ssh2]
Apr 11 00:03:42 ovzhost sshd[1214]: Received disconnect from 43.255.190.174: 11:  [preauth]
Apr 11 00:03:42 ovzhost sshd[1214]: PAM 2 more authentication failures; logname= uid=0 euid=0 tty=ssh ruser= rhost=43.255.190.174  user=root
Apr 11 00:03:42 ovzhost sshd[1212]: message repeated 2 times: [ Failed password for root from 43.255.190.115 port 41626 ssh2]
Apr 11 00:03:43 ovzhost sshd[1212]: Received disconnect from 43.255.190.115: 11:  [preauth]
Apr 11 00:03:43 ovzhost sshd[1212]: PAM 2 more authentication failures; logname= uid=0 euid=0 tty=ssh ruser= rhost=43.255.190.115  user=root
Apr 11 00:03:43 ovzhost sshd[1216]: pam_unix(sshd:auth): authentication failure; logname= uid=0 euid=0 tty=ssh ruser= rhost=43.255.190.174  user=root
Apr 11 00:03:43 ovzhost sshd[1218]: pam_unix(sshd:auth): authentication failure; logname= uid=0 euid=0 tty=ssh ruser= rhost=43.255.190.115  user=root
Apr 11 00:03:44 ovzhost sshd[1216]: Failed password for root from 43.255.190.174 port 47803 ssh2
Apr 11 00:03:45 ovzhost sshd[1218]: Failed password for root from 43.255.190.115 port 60284 ssh2
Apr 11 00:03:48 ovzhost sshd[1216]: message repeated 2 times: [ Failed password for root from 43.255.190.174 port 47803 ssh2]
Apr 11 00:03:48 ovzhost sshd[1216]: Received disconnect from 43.255.190.174: 11:  [preauth]
Apr 11 00:03:48 ovzhost sshd[1216]: PAM 2 more authentication failures; logname= uid=0 euid=0 tty=ssh ruser= rhost=43.255.190.174  user=root
Apr 11 00:03:48 ovzhost sshd[1218]: message repeated 2 times: [ Failed password for root from 43.255.190.115 port 60284 ssh2]
Apr 11 00:03:49 ovzhost sshd[1218]: Received disconnect from 43.255.190.115: 11:  [preauth]
Apr 11 00:03:49 ovzhost sshd[1218]: PAM 2 more authentication failures; logname= uid=0 euid=0 tty=ssh ruser= rhost=43.255.190.115  user=root
Apr 11 00:03:49 ovzhost sshd[1220]: pam_unix(sshd:auth): authentication failure; logname= uid=0 euid=0 tty=ssh ruser= rhost=43.255.190.174  user=root
Apr 11 00:03:49 ovzhost sshd[1222]: pam_unix(sshd:auth): authentication failure; logname= uid=0 euid=0 tty=ssh ruser= rhost=43.255.190.115  user=root
Apr 11 00:03:50 ovzhost sshd[1220]: Failed password for root from 43.255.190.174 port 36816 ssh2
Apr 11 00:03:50 ovzhost sshd[1222]: Failed password for root from 43.255.190.115 port 48861 ssh2
Apr 11 00:03:54 ovzhost sshd[1220]: message repeated 2 times: [ Failed password for root from 43.255.190.174 port 36816 ssh2]
Apr 11 00:03:54 ovzhost sshd[1220]: Received disconnect from 43.255.190.174: 11:  [preauth]
Apr 11 00:03:54 ovzhost sshd[1220]: PAM 2 more authentication failures; logname= uid=0 euid=0 tty=ssh ruser= rhost=43.255.190.174  user=root
Apr 11 00:03:55 ovzhost sshd[1224]: pam_unix(sshd:auth): authentication failure; logname= uid=0 euid=0 tty=ssh ruser= rhost=43.255.190.174  user=root
Apr 11 00:03:55 ovzhost sshd[1222]: message repeated 2 times: [ Failed password for root from 43.255.190.115 port 48861 ssh2]
Apr 11 00:03:55 ovzhost sshd[1222]: Received disconnect from 43.255.190.115: 11:  [preauth]
Apr 11 00:03:55 ovzhost sshd[1222]: PAM 2 more authentication failures; logname= uid=0 euid=0 tty=ssh ruser= rhost=43.255.190.115  user=root
Apr 11 00:03:56 ovzhost sshd[1228]: pam_unix(sshd:auth): authentication failure; logname= uid=0 euid=0 tty=ssh ruser= rhost=43.255.190.115  user=root
Apr 11 00:03:56 ovzhost sshd[1224]: Failed password for root from 43.255.190.174 port 51061 ssh2
Apr 11 00:03:58 ovzhost sshd[1228]: Failed password for root from 43.255.190.115 port 38279 ssh2
Apr 11 00:04:00 ovzhost sshd[1224]: message repeated 2 times: [ Failed password for root from 43.255.190.174 port 51061 ssh2]
Apr 11 00:04:00 ovzhost sshd[1224]: Received disconnect from 43.255.190.174: 11:  [preauth]
Apr 11 00:04:00 ovzhost sshd[1224]: PAM 2 more authentication failures; logname= uid=0 euid=0 tty=ssh ruser= rhost=43.255.190.174  user=root
Apr 11 00:04:01 ovzhost sshd[1232]: pam_unix(sshd:auth): authentication failure; logname= uid=0 euid=0 tty=ssh ruser= rhost=43.255.190.174  user=root
Apr 11 00:04:02 ovzhost sshd[1228]: message repeated 2 times: [ Failed password for root from 43.255.190.115 port 38279 ssh2]
Apr 11 00:04:02 ovzhost sshd[1228]: Received disconnect from 43.255.190.115: 11:  [preauth]
Apr 11 00:04:02 ovzhost sshd[1228]: PAM 2 more authentication failures; logname= uid=0 euid=0 tty=ssh ruser= rhost=43.255.190.115  user=root
Apr 11 00:04:02 ovzhost sshd[1232]: Failed password for root from 43.255.190.174 port 40281 ssh2
Apr 11 00:04:03 ovzhost sshd[1234]: pam_unix(sshd:auth): authentication failure; logname= uid=0 euid=0 tty=ssh ruser= rhost=43.255.190.115  user=root
Apr 11 00:04:05 ovzhost sshd[1234]: Failed password for root from 43.255.190.115 port 55974 ssh2
Apr 11 00:04:06 ovzhost sshd[1232]: message repeated 2 times: [ Failed password for root from 43.255.190.174 port 40281 ssh2]
Apr 11 00:04:06 ovzhost sshd[1232]: Received disconnect from 43.255.190.174: 11:  [preauth]
Apr 11 00:04:06 ovzhost sshd[1232]: PAM 2 more authentication failures; logname= uid=0 euid=0 tty=ssh ruser= rhost=43.255.190.174  user=root
Apr 11 00:04:06 ovzhost sshd[1236]: pam_unix(sshd:auth): authentication failure; logname= uid=0 euid=0 tty=ssh ruser= rhost=43.255.190.174  user=root
Apr 11 00:04:09 ovzhost sshd[1236]: Failed password for root from 43.255.190.174 port 53798 ssh2
Apr 11 00:04:09 ovzhost sshd[1234]: message repeated 2 times: [ Failed password for root from 43.255.190.115 port 55974 ssh2]
Apr 11 00:04:09 ovzhost sshd[1234]: Received disconnect from 43.255.190.115: 11:  [preauth]
Apr 11 00:04:09 ovzhost sshd[1234]: PAM 2 more authentication failures; logname= uid=0 euid=0 tty=ssh ruser= rhost=43.255.190.115  user=root
Apr 11 00:04:10 ovzhost sshd[1238]: pam_unix(sshd:auth): authentication failure; logname= uid=0 euid=0 tty=ssh ruser= rhost=43.255.190.115  user=root
Apr 11 00:04:12 ovzhost sshd[1238]: Failed password for root from 43.255.190.115 port 47155 ssh2
Apr 11 00:04:13 ovzhost sshd[1236]: message repeated 2 times: [ Failed password for root from 43.255.190.174 port 53798 ssh2]
Apr 11 00:04:13 ovzhost sshd[1236]: Received disconnect from 43.255.190.174: 11:  [preauth]
Apr 11 00:04:13 ovzhost sshd[1236]: PAM 2 more authentication failures; logname= uid=0 euid=0 tty=ssh ruser= rhost=43.255.190.174  user=root
Apr 11 00:04:14 ovzhost sshd[1240]: pam_unix(sshd:auth): authentication failure; logname= uid=0 euid=0 tty=ssh ruser= rhost=43.255.190.174  user=root
Apr 11 00:04:16 ovzhost sshd[1240]: Failed password for root from 43.255.190.174 port 44320 ssh2
Apr 11 00:04:16 ovzhost sshd[1238]: message repeated 2 times: [ Failed password for root from 43.255.190.115 port 47155 ssh2]
Apr 11 00:04:16 ovzhost sshd[1238]: Received disconnect from 43.255.190.115: 11:  [preauth]
Apr 11 00:04:16 ovzhost sshd[1238]: PAM 2 more authentication failures; logname= uid=0 euid=0 tty=ssh ruser= rhost=43.255.190.115  user=root
Apr 11 00:04:17 ovzhost sshd[1242]: pam_unix(sshd:auth): authentication failure; logname= uid=0 euid=0 tty=ssh ruser= rhost=43.255.190.115  user=root
Apr 11 00:04:20 ovzhost sshd[1242]: Failed password for root from 43.255.190.115 port 37757 ssh2
Apr 11 00:04:20 ovzhost sshd[1240]: message repeated 2 times: [ Failed password for root from 43.255.190.174 port 44320 ssh2]
Apr 11 00:04:20 ovzhost sshd[1240]: Received disconnect from 43.255.190.174: 11:  [preauth]
Apr 11 00:04:20 ovzhost sshd[1240]: PAM 2 more authentication failures; logname= uid=0 euid=0 tty=ssh ruser= rhost=43.255.190.174  user=root
Apr 11 00:04:21 ovzhost sshd[1244]: pam_unix(sshd:auth): authentication failure; logname= uid=0 euid=0 tty=ssh ruser= rhost=43.255.190.174  user=root
Apr 11 00:04:23 ovzhost sshd[1244]: Failed password for root from 43.255.190.174 port 33242 ssh2
Apr 11 00:04:23 ovzhost sshd[1242]: message repeated 2 times: [ Failed password for root from 43.255.190.115 port 37757 ssh2]
Apr 11 00:04:23 ovzhost sshd[1242]: Received disconnect from 43.255.190.115: 11:  [preauth]
Apr 11 00:04:23 ovzhost sshd[1242]: PAM 2 more authentication failures; logname= uid=0 euid=0 tty=ssh ruser= rhost=43.255.190.115  user=root
Apr 11 00:04:24 ovzhost sshd[1246]: pam_unix(sshd:auth): authentication failure; logname= uid=0 euid=0 tty=ssh ruser= rhost=43.255.190.115  user=root
Apr 11 00:04:26 ovzhost sshd[1246]: Failed password for root from 43.255.190.115 port 55152 ssh2
Apr 11 00:04:26 ovzhost sshd[1244]: message repeated 2 times: [ Failed password for root from 43.255.190.174 port 33242 ssh2]
Apr 11 00:04:26 ovzhost sshd[1244]: Received disconnect from 43.255.190.174: 11:  [preauth]
Apr 11 00:04:26 ovzhost sshd[1244]: PAM 2 more authentication failures; logname= uid=0 euid=0 tty=ssh ruser= rhost=43.255.190.174  user=root
Apr 11 00:04:27 ovzhost sshd[1248]: pam_unix(sshd:auth): authentication failure; logname= uid=0 euid=0 tty=ssh ruser= rhost=43.255.190.174  user=root
Apr 11 00:04:28 ovzhost sshd[1248]: Failed password for root from 43.255.190.174 port 48156 ssh2
Apr 11 00:04:30 ovzhost sshd[1246]: message repeated 2 times: [ Failed password for root from 43.255.190.115 port 55152 ssh2]
Apr 11 00:04:30 ovzhost sshd[1246]: Received disconnect from 43.255.190.115: 11:  [preauth]
Apr 11 00:04:30 ovzhost sshd[1246]: PAM 2 more authentication failures; logname= uid=0 euid=0 tty=ssh ruser= rhost=43.255.190.115  user=root
Apr 11 00:04:30 ovzhost sshd[1250]: pam_unix(sshd:auth): authentication failure; logname= uid=0 euid=0 tty=ssh ruser= rhost=43.255.190.115  user=root
Apr 11 00:04:33 ovzhost sshd[1250]: Failed password for root from 43.255.190.115 port 44487 ssh2
Apr 11 00:04:33 ovzhost sshd[1248]: message repeated 2 times: [ Failed password for root from 43.255.190.174 port 48156 ssh2]
Apr 11 00:04:33 ovzhost sshd[1248]: Received disconnect from 43.255.190.174: 11:  [preauth]
Apr 11 00:04:33 ovzhost sshd[1248]: PAM 2 more authentication failures; logname= uid=0 euid=0 tty=ssh ruser= rhost=43.255.190.174  user=root
Apr 11 00:04:33 ovzhost sshd[1252]: pam_unix(sshd:auth): authentication failure; logname= uid=0 euid=0 tty=ssh ruser= rhost=43.255.190.174  user=root
Apr 11 00:04:35 ovzhost sshd[1252]: Failed password for root from 43.255.190.174 port 36525 ssh2
Apr 11 00:04:36 ovzhost sshd[1250]: message repeated 2 times: [ Failed password for root from 43.255.190.115 port 44487 ssh2]
Apr 11 00:04:37 ovzhost sshd[1250]: Received disconnect from 43.255.190.115: 11:  [preauth]
Apr 11 00:04:37 ovzhost sshd[1250]: PAM 2 more authentication failures; logname= uid=0 euid=0 tty=ssh ruser= rhost=43.255.190.115  user=root
Apr 11 00:04:37 ovzhost sshd[1254]: pam_unix(sshd:auth): authentication failure; logname= uid=0 euid=0 tty=ssh ruser= rhost=43.255.190.115  user=root
Apr 11 00:04:39 ovzhost sshd[1252]: message repeated 2 times: [ Failed password for root from 43.255.190.174 port 36525 ssh2]
Apr 11 00:04:39 ovzhost sshd[1252]: Received disconnect from 43.255.190.174: 11:  [preauth]
Apr 11 00:04:39 ovzhost sshd[1252]: PAM 2 more authentication failures; logname= uid=0 euid=0 tty=ssh ruser= rhost=43.255.190.174  user=root
Apr 11 00:04:39 ovzhost sshd[1254]: Failed password for root from 43.255.190.115 port 33695 ssh2
Apr 11 00:04:39 ovzhost sshd[1256]: pam_unix(sshd:auth): authentication failure; logname= uid=0 euid=0 tty=ssh ruser= rhost=43.255.190.174  user=root
Apr 11 00:04:41 ovzhost sshd[1256]: Failed password for root from 43.255.190.174 port 52034 ssh2
Apr 11 00:04:43 ovzhost sshd[1254]: message repeated 2 times: [ Failed password for root from 43.255.190.115 port 33695 ssh2]
Apr 11 00:04:43 ovzhost sshd[1254]: Received disconnect from 43.255.190.115: 11:  [preauth]
Apr 11 00:04:43 ovzhost sshd[1254]: PAM 2 more authentication failures; logname= uid=0 euid=0 tty=ssh ruser= rhost=43.255.190.115  user=root
Apr 11 00:04:44 ovzhost sshd[1258]: pam_unix(sshd:auth): authentication failure; logname= uid=0 euid=0 tty=ssh ruser= rhost=43.255.190.115  user=root
Apr 11 00:04:45 ovzhost sshd[1256]: message repeated 2 times: [ Failed password for root from 43.255.190.174 port 52034 ssh2]
Apr 11 00:04:45 ovzhost sshd[1256]: Received disconnect from 43.255.190.174: 11:  [preauth]
Apr 11 00:04:45 ovzhost sshd[1256]: PAM 2 more authentication failures; logname= uid=0 euid=0 tty=ssh ruser= rhost=43.255.190.174  user=root
Apr 11 00:04:45 ovzhost sshd[1258]: Failed password for root from 43.255.190.115 port 49408 ssh2
Apr 11 00:04:46 ovzhost sshd[1260]: pam_unix(sshd:auth): authentication failure; logname= uid=0 euid=0 tty=ssh ruser= rhost=43.255.190.174  user=root
Apr 11 00:04:48 ovzhost sshd[1260]: Failed password for root from 43.255.190.174 port 39606 ssh2
Apr 11 00:04:50 ovzhost sshd[1258]: message repeated 2 times: [ Failed password for root from 43.255.190.115 port 49408 ssh2]
Apr 11 00:04:50 ovzhost sshd[1258]: Received disconnect from 43.255.190.115: 11:  [preauth]
Apr 11 00:04:50 ovzhost sshd[1258]: PAM 2 more authentication failures; logname= uid=0 euid=0 tty=ssh ruser= rhost=43.255.190.115  user=root
Apr 11 00:04:50 ovzhost sshd[1262]: pam_unix(sshd:auth): authentication failure; logname= uid=0 euid=0 tty=ssh ruser= rhost=43.255.190.115  user=root
Apr 11 00:04:52 ovzhost sshd[1260]: message repeated 2 times: [ Failed password for root from 43.255.190.174 port 39606 ssh2]
Apr 11 00:04:52 ovzhost sshd[1260]: Received disconnect from 43.255.190.174: 11:  [preauth]
Apr 11 00:04:52 ovzhost sshd[1260]: PAM 2 more authentication failures; logname= uid=0 euid=0 tty=ssh ruser= rhost=43.255.190.174  user=root
Apr 11 00:04:52 ovzhost sshd[1262]: Failed password for root from 43.255.190.115 port 37544 ssh2
Apr 11 00:04:53 ovzhost sshd[1264]: pam_unix(sshd:auth): authentication failure; logname= uid=0 euid=0 tty=ssh ruser= rhost=43.255.190.174  user=root
Apr 11 00:04:55 ovzhost sshd[1264]: Failed password for root from 43.255.190.174 port 56914 ssh2
Apr 11 00:04:56 ovzhost sshd[1262]: message repeated 2 times: [ Failed password for root from 43.255.190.115 port 37544 ssh2]
Apr 11 00:04:56 ovzhost sshd[1262]: Received disconnect from 43.255.190.115: 11:  [preauth]
Apr 11 00:04:56 ovzhost sshd[1262]: PAM 2 more authentication failures; logname= uid=0 euid=0 tty=ssh ruser= rhost=43.255.190.115  user=root
Apr 11 00:04:59 ovzhost sshd[1264]: message repeated 2 times: [ Failed password for root from 43.255.190.174 port 56914 ssh2]
Apr 11 00:04:59 ovzhost sshd[1264]: Received disconnect from 43.255.190.174: 11:  [preauth]
Apr 11 00:04:59 ovzhost sshd[1264]: PAM 2 more authentication failures; logname= uid=0 euid=0 tty=ssh ruser= rhost=43.255.190.174  user=root
Apr 11 00:05:36 ovzhost sshd[1270]: Connection closed by 127.0.0.1 [preauth]
Apr 11 00:09:01 ovzhost CRON[1288]: pam_env(cron:session): Unable to open env file: /etc/default/locale: No such file or directory
Apr 11 00:09:01 ovzhost CRON[1289]: pam_env(cron:session): Unable to open env file: /etc/default/locale: No such file or directory
Apr 11 00:09:01 ovzhost CRON[1288]: pam_unix(cron:session): session opened for user root by (uid=0)
Apr 11 00:09:01 ovzhost CRON[1289]: pam_unix(cron:session): session opened for user root by (uid=0)
Apr 11 00:09:01 ovzhost CRON[1288]: pam_unix(cron:session): session closed for user root
Apr 11 00:09:01 ovzhost CRON[1289]: pam_unix(cron:session): session closed for user root
Apr 11 00:10:26 ovzhost sshd[1307]: Connection closed by 128.8.37.104 [preauth]
Apr 11 00:10:36 ovzhost sshd[1310]: Connection closed by 127.0.0.1 [preauth]
Apr 11 00:15:36 ovzhost sshd[1329]: Connection closed by 127.0.0.1 [preauth]
Apr 11 00:20:01 ovzhost CRON[1351]: pam_env(cron:session): Unable to open env file: /etc/default/locale: No such file or directory
Apr 11 00:20:01 ovzhost CRON[1351]: pam_unix(cron:session): session opened for user smmsp by (uid=0)
Apr 11 00:20:01 ovzhost CRON[1351]: pam_unix(cron:session): session closed for user smmsp
Apr 11 00:20:16 ovzhost sshd[1377]: Invalid user webmail from 221.146.74.146
Apr 11 00:20:16 ovzhost sshd[1377]: input_userauth_request: invalid user webmail [preauth]
Apr 11 00:20:16 ovzhost sshd[1377]: pam_unix(sshd:auth): check pass; user unknown
Apr 11 00:20:16 ovzhost sshd[1377]: pam_unix(sshd:auth): authentication failure; logname= uid=0 euid=0 tty=ssh ruser= rhost=221.146.74.146 
Apr 11 00:20:18 ovzhost sshd[1377]: Failed password for invalid user webmail from 221.146.74.146 port 55619 ssh2
Apr 11 00:20:18 ovzhost sshd[1377]: Connection closed by 221.146.74.146 [preauth]
Apr 11 00:20:26 ovzhost sshd[1380]: Connection closed by 128.8.37.104 [preauth]
Apr 11 00:20:36 ovzhost sshd[1383]: Connection closed by 127.0.0.1 [preauth]
Apr 11 00:21:09 ovzhost sshd[1385]: Accepted password for root from 58.218.201.17 port 44656 ssh2
Apr 11 00:21:09 ovzhost sshd[1385]: pam_unix(sshd:session): session opened for user root by (uid=0)
Apr 11 00:21:09 ovzhost sshd[1385]: pam_env(sshd:session): Unable to open env file: /etc/default/locale: No such file or directory
Apr 11 00:21:10 ovzhost sshd[1385]: Received disconnect from 58.218.201.17: 11: 
Apr 11 00:21:10 ovzhost sshd[1385]: pam_unix(sshd:session): session closed for user root
