Mar 31 17:16:56 ovzhost sudo:     root : unable to resolve host ovzhost
Mar 31 17:16:56 ovzhost sudo:     root : TTY=pts/0 ; PWD=/ ; USER=root ; COMMAND=/usr/bin/less /root/.bash_history
Mar 31 17:16:56 ovzhost sudo: pam_unix(sudo:session): session opened for user root by (uid=0)
Mar 31 17:16:57 ovzhost sudo: pam_unix(sudo:session): session closed for user root
Apr  2 14:31:13 ovzhost sshd[419]: Server listening on 0.0.0.0 port 22.
Apr  2 14:31:13 ovzhost sshd[419]: Server listening on :: port 22.
Apr  2 14:31:13 ovzhost saslauthd[637]: detach_tty      : master pid is: 637
Apr  2 14:31:13 ovzhost saslauthd[637]: ipc_init        : listening on socket: /var/run/saslauthd/mux
Apr  2 14:33:26 ovzhost sshd[797]: Connection closed by 127.0.0.1 [preauth]
Apr 10 23:35:36 ovzhost sshd[693]: Connection closed by 127.0.0.1 [preauth]
Apr 10 23:39:01 ovzhost CRON[795]: pam_env(cron:session): Unable to open env file: /etc/default/locale: No such file or directory
Apr 10 23:39:01 ovzhost CRON[795]: pam_unix(cron:session): session opened for user root by (uid=0)
Apr 10 23:39:02 ovzhost CRON[795]: pam_unix(cron:session): session closed for user root
Apr 10 23:40:01 ovzhost CRON[810]: pam_env(cron:session): Unable to open env file: /etc/default/locale: No such file or directory
Apr 10 23:40:01 ovzhost CRON[810]: pam_unix(cron:session): session opened for user smmsp by (uid=0)
Apr 10 23:40:01 ovzhost CRON[810]: pam_unix(cron:session): session closed for user smmsp
Apr 10 23:40:26 ovzhost sshd[836]: Connection closed by 128.8.37.104 [preauth]
Apr 10 23:40:36 ovzhost sshd[839]: Connection closed by 127.0.0.1 [preauth]
Apr 10 23:43:35 ovzhost sshd[850]: Invalid user weblogic from 221.146.74.146
Apr 10 23:43:35 ovzhost sshd[850]: input_userauth_request: invalid user weblogic [preauth]
Apr 10 23:43:35 ovzhost sshd[850]: pam_unix(sshd:auth): check pass; user unknown
Apr 10 23:43:35 ovzhost sshd[850]: pam_unix(sshd:auth): authentication failure; logname= uid=0 euid=0 tty=ssh ruser= rhost=221.146.74.146 
Apr 10 23:43:37 ovzhost sshd[850]: Failed password for invalid user weblogic from 221.146.74.146 port 12671 ssh2
Apr 10 23:43:37 ovzhost sshd[850]: pam_unix(sshd:auth): check pass; user unknown
Apr 10 23:43:39 ovzhost sshd[850]: Failed password for invalid user weblogic from 221.146.74.146 port 12671 ssh2
Apr 10 23:43:40 ovzhost sshd[850]: pam_unix(sshd:auth): check pass; user unknown
Apr 10 23:43:42 ovzhost sshd[850]: Failed password for invalid user weblogic from 221.146.74.146 port 12671 ssh2
Apr 10 23:43:42 ovzhost sshd[850]: Connection closed by 221.146.74.146 [preauth]
Apr 10 23:43:42 ovzhost sshd[850]: PAM 2 more authentication failures; logname= uid=0 euid=0 tty=ssh ruser= rhost=221.146.74.146 
Apr 10 23:45:36 ovzhost sshd[860]: Connection closed by 127.0.0.1 [preauth]
Apr 10 23:50:26 ovzhost sshd[883]: Connection closed by 128.8.37.104 [preauth]
Apr 10 23:50:36 ovzhost sshd[886]: Connection closed by 127.0.0.1 [preauth]
Apr 10 23:55:36 ovzhost sshd[905]: Connection closed by 127.0.0.1 [preauth]
Apr 10 23:56:32 ovzhost sshd[912]: pam_unix(sshd:auth): authentication failure; logname= uid=0 euid=0 tty=ssh ruser= rhost=43.255.190.115  user=root
Apr 10 23:56:34 ovzhost sshd[912]: Failed password for root from 43.255.190.115 port 52270 ssh2
Apr 10 23:56:37 ovzhost sshd[912]: message repeated 2 times: [ Failed password for root from 43.255.190.115 port 52270 ssh2]
Apr 10 23:56:37 ovzhost sshd[912]: Received disconnect from 43.255.190.115: 11:  [preauth]
Apr 10 23:56:37 ovzhost sshd[912]: PAM 2 more authentication failures; logname= uid=0 euid=0 tty=ssh ruser= rhost=43.255.190.115  user=root
Apr 10 23:56:38 ovzhost sshd[914]: pam_unix(sshd:auth): authentication failure; logname= uid=0 euid=0 tty=ssh ruser= rhost=43.255.190.115  user=root
Apr 10 23:56:39 ovzhost sshd[916]: pam_unix(sshd:auth): authentication failure; logname= uid=0 euid=0 tty=ssh ruser= rhost=43.255.190.174  user=root
Apr 10 23:56:40 ovzhost sshd[914]: Failed password for root from 43.255.190.115 port 40576 ssh2
Apr 10 23:56:40 ovzhost sshd[916]: Failed password for root from 43.255.190.174 port 45862 ssh2
Apr 10 23:56:44 ovzhost sshd[914]: message repeated 2 times: [ Failed password for root from 43.255.190.115 port 40576 ssh2]
Apr 10 23:56:44 ovzhost sshd[914]: Received disconnect from 43.255.190.115: 11:  [preauth]
Apr 10 23:56:44 ovzhost sshd[914]: PAM 2 more authentication failures; logname= uid=0 euid=0 tty=ssh ruser= rhost=43.255.190.115  user=root
Apr 10 23:56:45 ovzhost sshd[916]: message repeated 2 times: [ Failed password for root from 43.255.190.174 port 45862 ssh2]
Apr 10 23:56:45 ovzhost sshd[916]: Received disconnect from 43.255.190.174: 11:  [preauth]
Apr 10 23:56:45 ovzhost sshd[916]: PAM 2 more authentication failures; logname= uid=0 euid=0 tty=ssh ruser= rhost=43.255.190.174  user=root
Apr 10 23:56:45 ovzhost sshd[918]: pam_unix(sshd:auth): authentication failure; logname= uid=0 euid=0 tty=ssh ruser= rhost=43.255.190.115  user=root
Apr 10 23:56:45 ovzhost sshd[920]: pam_unix(sshd:auth): authentication failure; logname= uid=0 euid=0 tty=ssh ruser= rhost=43.255.190.174  user=root
Apr 10 23:56:47 ovzhost sshd[918]: Failed password for root from 43.255.190.115 port 59159 ssh2
Apr 10 23:56:47 ovzhost sshd[920]: Failed password for root from 43.255.190.174 port 33796 ssh2
Apr 10 23:56:51 ovzhost sshd[918]: message repeated 2 times: [ Failed password for root from 43.255.190.115 port 59159 ssh2]
Apr 10 23:56:51 ovzhost sshd[918]: Received disconnect from 43.255.190.115: 11:  [preauth]
Apr 10 23:56:51 ovzhost sshd[918]: PAM 2 more authentication failures; logname= uid=0 euid=0 tty=ssh ruser= rhost=43.255.190.115  user=root
Apr 10 23:56:51 ovzhost sshd[920]: message repeated 2 times: [ Failed password for root from 43.255.190.174 port 33796 ssh2]
Apr 10 23:56:51 ovzhost sshd[920]: Received disconnect from 43.255.190.174: 11:  [preauth]
Apr 10 23:56:51 ovzhost sshd[920]: PAM 2 more authentication failures; logname= uid=0 euid=0 tty=ssh ruser= rhost=43.255.190.174  user=root
Apr 10 23:56:51 ovzhost sshd[922]: pam_unix(sshd:auth): authentication failure; logname= uid=0 euid=0 tty=ssh ruser= rhost=43.255.190.115  user=root
Apr 10 23:56:51 ovzhost sshd[924]: pam_unix(sshd:auth): authentication failure; logname= uid=0 euid=0 tty=ssh ruser= rhost=43.255.190.174  user=root
Apr 10 23:56:53 ovzhost sshd[922]: Failed password for root from 43.255.190.115 port 47740 ssh2
Apr 10 23:56:53 ovzhost sshd[924]: Failed password for root from 43.255.190.174 port 49581 ssh2
Apr 10 23:56:57 ovzhost sshd[922]: message repeated 2 times: [ Failed password for root from 43.255.190.115 port 47740 ssh2]
Apr 10 23:56:57 ovzhost sshd[922]: Received disconnect from 43.255.190.115: 11:  [preauth]
Apr 10 23:56:57 ovzhost sshd[922]: PAM 2 more authentication failures; logname= uid=0 euid=0 tty=ssh ruser= rhost=43.255.190.115  user=root
Apr 10 23:56:57 ovzhost sshd[924]: message repeated 2 times: [ Failed password for root from 43.255.190.174 port 49581 ssh2]
Apr 10 23:56:57 ovzhost sshd[924]: Received disconnect from 43.255.190.174: 11:  [preauth]
Apr 10 23:56:57 ovzhost sshd[924]: PAM 2 more authentication failures; logname= uid=0 euid=0 tty=ssh ruser= rhost=43.255.190.174  user=root
Apr 10 23:56:57 ovzhost sshd[927]: pam_unix(sshd:auth): authentication failure; logname= uid=0 euid=0 tty=ssh ruser= rhost=43.255.190.115  user=root
Apr 10 23:56:57 ovzhost sshd[929]: pam_unix(sshd:auth): authentication failure; logname= uid=0 euid=0 tty=ssh ruser= rhost=43.255.190.174  user=root
Apr 10 23:56:59 ovzhost sshd[927]: Failed password for root from 43.255.190.115 port 35642 ssh2
Apr 10 23:56:59 ovzhost sshd[929]: Failed password for root from 43.255.190.174 port 36713 ssh2
Apr 10 23:57:03 ovzhost sshd[927]: message repeated 2 times: [ Failed password for root from 43.255.190.115 port 35642 ssh2]
Apr 10 23:57:03 ovzhost sshd[927]: Received disconnect from 43.255.190.115: 11:  [preauth]
Apr 10 23:57:03 ovzhost sshd[927]: PAM 2 more authentication failures; logname= uid=0 euid=0 tty=ssh ruser= rhost=43.255.190.115  user=root
Apr 10 23:57:04 ovzhost sshd[929]: message repeated 2 times: [ Failed password for root from 43.255.190.174 port 36713 ssh2]
Apr 10 23:57:04 ovzhost sshd[929]: Received disconnect from 43.255.190.174: 11:  [preauth]
Apr 10 23:57:04 ovzhost sshd[929]: PAM 2 more authentication failures; logname= uid=0 euid=0 tty=ssh ruser= rhost=43.255.190.174  user=root
Apr 10 23:57:04 ovzhost sshd[931]: pam_unix(sshd:auth): authentication failure; logname= uid=0 euid=0 tty=ssh ruser= rhost=43.255.190.115  user=root
Apr 10 23:57:04 ovzhost sshd[933]: pam_unix(sshd:auth): authentication failure; logname= uid=0 euid=0 tty=ssh ruser= rhost=43.255.190.174  user=root
Apr 10 23:57:06 ovzhost sshd[931]: Failed password for root from 43.255.190.115 port 53305 ssh2
Apr 10 23:57:06 ovzhost sshd[933]: Failed password for root from 43.255.190.174 port 52804 ssh2
Apr 10 23:57:10 ovzhost sshd[931]: message repeated 2 times: [ Failed password for root from 43.255.190.115 port 53305 ssh2]
Apr 10 23:57:10 ovzhost sshd[931]: Received disconnect from 43.255.190.115: 11:  [preauth]
Apr 10 23:57:10 ovzhost sshd[931]: PAM 2 more authentication failures; logname= uid=0 euid=0 tty=ssh ruser= rhost=43.255.190.115  user=root
Apr 10 23:57:11 ovzhost sshd[933]: message repeated 2 times: [ Failed password for root from 43.255.190.174 port 52804 ssh2]
Apr 10 23:57:11 ovzhost sshd[933]: Received disconnect from 43.255.190.174: 11:  [preauth]
Apr 10 23:57:11 ovzhost sshd[933]: PAM 2 more authentication failures; logname= uid=0 euid=0 tty=ssh ruser= rhost=43.255.190.174  user=root
Apr 10 23:57:11 ovzhost sshd[935]: pam_unix(sshd:auth): authentication failure; logname= uid=0 euid=0 tty=ssh ruser= rhost=43.255.190.115  user=root
Apr 10 23:57:11 ovzhost sshd[937]: pam_unix(sshd:auth): authentication failure; logname= uid=0 euid=0 tty=ssh ruser= rhost=43.255.190.174  user=root
Apr 10 23:57:13 ovzhost sshd[935]: Failed password for root from 43.255.190.115 port 44560 ssh2
Apr 10 23:57:13 ovzhost sshd[937]: Failed password for root from 43.255.190.174 port 42269 ssh2
Apr 10 23:57:17 ovzhost sshd[935]: message repeated 2 times: [ Failed password for root from 43.255.190.115 port 44560 ssh2]
Apr 10 23:57:18 ovzhost sshd[935]: Received disconnect from 43.255.190.115: 11:  [preauth]
Apr 10 23:57:18 ovzhost sshd[935]: PAM 2 more authentication failures; logname= uid=0 euid=0 tty=ssh ruser= rhost=43.255.190.115  user=root
Apr 10 23:57:18 ovzhost sshd[937]: message repeated 2 times: [ Failed password for root from 43.255.190.174 port 42269 ssh2]
Apr 10 23:57:18 ovzhost sshd[937]: Received disconnect from 43.255.190.174: 11:  [preauth]
Apr 10 23:57:18 ovzhost sshd[937]: PAM 2 more authentication failures; logname= uid=0 euid=0 tty=ssh ruser= rhost=43.255.190.174  user=root
Apr 10 23:57:18 ovzhost sshd[939]: pam_unix(sshd:auth): authentication failure; logname= uid=0 euid=0 tty=ssh ruser= rhost=43.255.190.115  user=root
Apr 10 23:57:18 ovzhost sshd[941]: pam_unix(sshd:auth): authentication failure; logname= uid=0 euid=0 tty=ssh ruser= rhost=43.255.190.174  user=root
Apr 10 23:57:20 ovzhost sshd[939]: Failed password for root from 43.255.190.115 port 33659 ssh2
Apr 10 23:57:20 ovzhost sshd[941]: Failed password for root from 43.255.190.174 port 58767 ssh2
Apr 10 23:57:24 ovzhost sshd[939]: message repeated 2 times: [ Failed password for root from 43.255.190.115 port 33659 ssh2]
Apr 10 23:57:24 ovzhost sshd[939]: Received disconnect from 43.255.190.115: 11:  [preauth]
Apr 10 23:57:24 ovzhost sshd[939]: PAM 2 more authentication failures; logname= uid=0 euid=0 tty=ssh ruser= rhost=43.255.190.115  user=root
Apr 10 23:57:25 ovzhost sshd[941]: message repeated 2 times: [ Failed password for root from 43.255.190.174 port 58767 ssh2]
Apr 10 23:57:25 ovzhost sshd[941]: Received disconnect from 43.255.190.174: 11:  [preauth]
Apr 10 23:57:25 ovzhost sshd[941]: PAM 2 more authentication failures; logname= uid=0 euid=0 tty=ssh ruser= rhost=43.255.190.174  user=root
Apr 10 23:57:25 ovzhost sshd[944]: pam_unix(sshd:auth): authentication failure; logname= uid=0 euid=0 tty=ssh ruser= rhost=43.255.190.115  user=root
Apr 10 23:57:25 ovzhost sshd[946]: pam_unix(sshd:auth): authentication failure; logname= uid=0 euid=0 tty=ssh ruser= rhost=43.255.190.174  user=root
Apr 10 23:57:27 ovzhost sshd[944]: Failed password for root from 43.255.190.115 port 51944 ssh2
Apr 10 23:57:27 ovzhost sshd[946]: Failed password for root from 43.255.190.174 port 48627 ssh2
Apr 10 23:57:31 ovzhost sshd[944]: message repeated 2 times: [ Failed password for root from 43.255.190.115 port 51944 ssh2]
Apr 10 23:57:31 ovzhost sshd[944]: Received disconnect from 43.255.190.115: 11:  [preauth]
Apr 10 23:57:31 ovzhost sshd[944]: PAM 2 more authentication failures; logname= uid=0 euid=0 tty=ssh ruser= rhost=43.255.190.115  user=root
Apr 10 23:57:31 ovzhost sshd[946]: message repeated 2 times: [ Failed password for root from 43.255.190.174 port 48627 ssh2]
Apr 10 23:57:31 ovzhost sshd[946]: Received disconnect from 43.255.190.174: 11:  [preauth]
Apr 10 23:57:31 ovzhost sshd[946]: PAM 2 more authentication failures; logname= uid=0 euid=0 tty=ssh ruser= rhost=43.255.190.174  user=root
Apr 10 23:57:31 ovzhost sshd[948]: pam_unix(sshd:auth): authentication failure; logname= uid=0 euid=0 tty=ssh ruser= rhost=43.255.190.115  user=root
Apr 10 23:57:32 ovzhost sshd[950]: pam_unix(sshd:auth): authentication failure; logname= uid=0 euid=0 tty=ssh ruser= rhost=43.255.190.174  user=root
Apr 10 23:57:33 ovzhost sshd[948]: Failed password for root from 43.255.190.115 port 40573 ssh2
Apr 10 23:57:34 ovzhost sshd[950]: Failed password for root from 43.255.190.174 port 36517 ssh2
Apr 10 23:57:36 ovzhost sshd[948]: message repeated 2 times: [ Failed password for root from 43.255.190.115 port 40573 ssh2]
Apr 10 23:57:36 ovzhost sshd[948]: Received disconnect from 43.255.190.115: 11:  [preauth]
Apr 10 23:57:36 ovzhost sshd[948]: PAM 2 more authentication failures; logname= uid=0 euid=0 tty=ssh ruser= rhost=43.255.190.115  user=root
Apr 10 23:57:37 ovzhost sshd[952]: pam_unix(sshd:auth): authentication failure; logname= uid=0 euid=0 tty=ssh ruser= rhost=43.255.190.115  user=root
Apr 10 23:57:37 ovzhost sshd[950]: message repeated 2 times: [ Failed password for root from 43.255.190.174 port 36517 ssh2]
Apr 10 23:57:37 ovzhost sshd[950]: Received disconnect from 43.255.190.174: 11:  [preauth]
Apr 10 23:57:37 ovzhost sshd[950]: PAM 2 more authentication failures; logname= uid=0 euid=0 tty=ssh ruser= rhost=43.255.190.174  user=root
Apr 10 23:57:38 ovzhost sshd[954]: pam_unix(sshd:auth): authentication failure; logname= uid=0 euid=0 tty=ssh ruser= rhost=43.255.190.174  user=root
Apr 10 23:57:39 ovzhost sshd[952]: Failed password for root from 43.255.190.115 port 56050 ssh2
Apr 10 23:57:40 ovzhost sshd[954]: Failed password for root from 43.255.190.174 port 52742 ssh2
Apr 10 23:57:43 ovzhost sshd[952]: message repeated 2 times: [ Failed password for root from 43.255.190.115 port 56050 ssh2]
Apr 10 23:57:43 ovzhost sshd[952]: Received disconnect from 43.255.190.115: 11:  [preauth]
Apr 10 23:57:43 ovzhost sshd[952]: PAM 2 more authentication failures; logname= uid=0 euid=0 tty=ssh ruser= rhost=43.255.190.115  user=root
Apr 10 23:57:43 ovzhost sshd[956]: pam_unix(sshd:auth): authentication failure; logname= uid=0 euid=0 tty=ssh ruser= rhost=43.255.190.115  user=root
Apr 10 23:57:44 ovzhost sshd[954]: message repeated 2 times: [ Failed password for root from 43.255.190.174 port 52742 ssh2]
Apr 10 23:57:44 ovzhost sshd[954]: Received disconnect from 43.255.190.174: 11:  [preauth]
Apr 10 23:57:44 ovzhost sshd[954]: PAM 2 more authentication failures; logname= uid=0 euid=0 tty=ssh ruser= rhost=43.255.190.174  user=root
Apr 10 23:57:45 ovzhost sshd[958]: pam_unix(sshd:auth): authentication failure; logname= uid=0 euid=0 tty=ssh ruser= rhost=43.255.190.174  user=root
Apr 10 23:57:45 ovzhost sshd[956]: Failed password for root from 43.255.190.115 port 43038 ssh2
Apr 10 23:57:46 ovzhost sshd[958]: Failed password for root from 43.255.190.174 port 40708 ssh2
Apr 10 23:57:48 ovzhost sshd[956]: message repeated 2 times: [ Failed password for root from 43.255.190.115 port 43038 ssh2]
Apr 10 23:57:48 ovzhost sshd[956]: Received disconnect from 43.255.190.115: 11:  [preauth]
Apr 10 23:57:48 ovzhost sshd[956]: PAM 2 more authentication failures; logname= uid=0 euid=0 tty=ssh ruser= rhost=43.255.190.115  user=root
Apr 10 23:57:49 ovzhost sshd[960]: pam_unix(sshd:auth): authentication failure; logname= uid=0 euid=0 tty=ssh ruser= rhost=43.255.190.115  user=root
Apr 10 23:57:50 ovzhost sshd[958]: message repeated 2 times: [ Failed password for root from 43.255.190.174 port 40708 ssh2]
Apr 10 23:57:50 ovzhost sshd[958]: Received disconnect from 43.255.190.174: 11:  [preauth]
Apr 10 23:57:50 ovzhost sshd[958]: PAM 2 more authentication failures; logname= uid=0 euid=0 tty=ssh ruser= rhost=43.255.190.174  user=root
Apr 10 23:57:50 ovzhost sshd[962]: pam_unix(sshd:auth): authentication failure; logname= uid=0 euid=0 tty=ssh ruser= rhost=43.255.190.174  user=root
Apr 10 23:57:51 ovzhost sshd[960]: Failed password for root from 43.255.190.115 port 58871 ssh2
Apr 10 23:57:52 ovzhost sshd[962]: Failed password for root from 43.255.190.174 port 55248 ssh2
Apr 10 23:57:55 ovzhost sshd[960]: message repeated 2 times: [ Failed password for root from 43.255.190.115 port 58871 ssh2]
Apr 10 23:57:55 ovzhost sshd[960]: Received disconnect from 43.255.190.115: 11:  [preauth]
Apr 10 23:57:55 ovzhost sshd[960]: PAM 2 more authentication failures; logname= uid=0 euid=0 tty=ssh ruser= rhost=43.255.190.115  user=root
Apr 10 23:57:56 ovzhost sshd[965]: pam_unix(sshd:auth): authentication failure; logname= uid=0 euid=0 tty=ssh ruser= rhost=43.255.190.115  user=root
Apr 10 23:57:57 ovzhost sshd[962]: message repeated 2 times: [ Failed password for root from 43.255.190.174 port 55248 ssh2]
Apr 10 23:57:57 ovzhost sshd[962]: Received disconnect from 43.255.190.174: 11:  [preauth]
Apr 10 23:57:57 ovzhost sshd[962]: PAM 2 more authentication failures; logname= uid=0 euid=0 tty=ssh ruser= rhost=43.255.190.174  user=root
Apr 10 23:57:57 ovzhost sshd[967]: pam_unix(sshd:auth): authentication failure; logname= uid=0 euid=0 tty=ssh ruser= rhost=43.255.190.174  user=root
Apr 10 23:57:57 ovzhost sshd[965]: Failed password for root from 43.255.190.115 port 47961 ssh2
Apr 10 23:57:59 ovzhost sshd[967]: Failed password for root from 43.255.190.174 port 44157 ssh2
Apr 10 23:58:01 ovzhost sshd[965]: message repeated 2 times: [ Failed password for root from 43.255.190.115 port 47961 ssh2]
Apr 10 23:58:01 ovzhost sshd[965]: Received disconnect from 43.255.190.115: 11:  [preauth]
Apr 10 23:58:01 ovzhost sshd[965]: PAM 2 more authentication failures; logname= uid=0 euid=0 tty=ssh ruser= rhost=43.255.190.115  user=root
Apr 10 23:58:01 ovzhost sshd[969]: pam_unix(sshd:auth): authentication failure; logname= uid=0 euid=0 tty=ssh ruser= rhost=43.255.190.115  user=root
Apr 10 23:58:03 ovzhost sshd[967]: message repeated 2 times: [ Failed password for root from 43.255.190.174 port 44157 ssh2]
Apr 10 23:58:03 ovzhost sshd[967]: Received disconnect from 43.255.190.174: 11:  [preauth]
Apr 10 23:58:03 ovzhost sshd[967]: PAM 2 more authentication failures; logname= uid=0 euid=0 tty=ssh ruser= rhost=43.255.190.174  user=root
Apr 10 23:58:04 ovzhost sshd[971]: pam_unix(sshd:auth): authentication failure; logname= uid=0 euid=0 tty=ssh ruser= rhost=43.255.190.174  user=root
Apr 10 23:58:04 ovzhost sshd[969]: Failed password for root from 43.255.190.115 port 35606 ssh2
Apr 10 23:58:05 ovzhost sshd[971]: Failed password for root from 43.255.190.174 port 60086 ssh2
Apr 10 23:58:07 ovzhost sshd[969]: message repeated 2 times: [ Failed password for root from 43.255.190.115 port 35606 ssh2]
Apr 10 23:58:07 ovzhost sshd[969]: Received disconnect from 43.255.190.115: 11:  [preauth]
Apr 10 23:58:07 ovzhost sshd[969]: PAM 2 more authentication failures; logname= uid=0 euid=0 tty=ssh ruser= rhost=43.255.190.115  user=root
Apr 10 23:58:08 ovzhost sshd[975]: pam_unix(sshd:auth): authentication failure; logname= uid=0 euid=0 tty=ssh ruser= rhost=43.255.190.115  user=root
Apr 10 23:58:09 ovzhost sshd[971]: message repeated 2 times: [ Failed password for root from 43.255.190.174 port 60086 ssh2]
Apr 10 23:58:09 ovzhost sshd[971]: Received disconnect from 43.255.190.174: 11:  [preauth]
Apr 10 23:58:09 ovzhost sshd[971]: PAM 2 more authentication failures; logname= uid=0 euid=0 tty=ssh ruser= rhost=43.255.190.174  user=root
Apr 10 23:58:10 ovzhost sshd[975]: Failed password for root from 43.255.190.115 port 52393 ssh2
Apr 10 23:58:10 ovzhost sshd[977]: pam_unix(sshd:auth): authentication failure; logname= uid=0 euid=0 tty=ssh ruser= rhost=43.255.190.174  user=root
Apr 10 23:58:12 ovzhost sshd[977]: Failed password for root from 43.255.190.174 port 47348 ssh2
Apr 10 23:58:14 ovzhost sshd[975]: message repeated 2 times: [ Failed password for root from 43.255.190.115 port 52393 ssh2]
Apr 10 23:58:14 ovzhost sshd[975]: Received disconnect from 43.255.190.115: 11:  [preauth]
Apr 10 23:58:14 ovzhost sshd[975]: PAM 2 more authentication failures; logname= uid=0 euid=0 tty=ssh ruser= rhost=43.255.190.115  user=root
Apr 10 23:58:15 ovzhost sshd[979]: pam_unix(sshd:auth): authentication failure; logname= uid=0 euid=0 tty=ssh ruser= rhost=43.255.190.115  user=root
Apr 10 23:58:16 ovzhost sshd[979]: Failed password for root from 43.255.190.115 port 41138 ssh2
Apr 10 23:58:16 ovzhost sshd[977]: message repeated 2 times: [ Failed password for root from 43.255.190.174 port 47348 ssh2]
Apr 10 23:58:16 ovzhost sshd[977]: Received disconnect from 43.255.190.174: 11:  [preauth]
Apr 10 23:58:16 ovzhost sshd[977]: PAM 2 more authentication failures; logname= uid=0 euid=0 tty=ssh ruser= rhost=43.255.190.174  user=root
Apr 10 23:58:17 ovzhost sshd[981]: pam_unix(sshd:auth): authentication failure; logname= uid=0 euid=0 tty=ssh ruser= rhost=43.255.190.174  user=root
Apr 10 23:58:19 ovzhost sshd[981]: Failed password for root from 43.255.190.174 port 36785 ssh2
Apr 10 23:58:20 ovzhost sshd[979]: message repeated 2 times: [ Failed password for root from 43.255.190.115 port 41138 ssh2]
Apr 10 23:58:20 ovzhost sshd[979]: Received disconnect from 43.255.190.115: 11:  [preauth]
Apr 10 23:58:20 ovzhost sshd[979]: PAM 2 more authentication failures; logname= uid=0 euid=0 tty=ssh ruser= rhost=43.255.190.115  user=root
Apr 10 23:58:21 ovzhost sshd[983]: pam_unix(sshd:auth): authentication failure; logname= uid=0 euid=0 tty=ssh ruser= rhost=43.255.190.115  user=root
Apr 10 23:58:23 ovzhost sshd[983]: Failed password for root from 43.255.190.115 port 56697 ssh2
Apr 10 23:58:23 ovzhost sshd[981]: message repeated 2 times: [ Failed password for root from 43.255.190.174 port 36785 ssh2]
Apr 10 23:58:23 ovzhost sshd[981]: Received disconnect from 43.255.190.174: 11:  [preauth]
Apr 10 23:58:23 ovzhost sshd[981]: PAM 2 more authentication failures; logname= uid=0 euid=0 tty=ssh ruser= rhost=43.255.190.174  user=root
Apr 10 23:58:24 ovzhost sshd[987]: pam_unix(sshd:auth): authentication failure; logname= uid=0 euid=0 tty=ssh ruser= rhost=43.255.190.174  user=root
Apr 10 23:58:27 ovzhost sshd[987]: Failed password for root from 43.255.190.174 port 53139 ssh2
Apr 10 23:58:27 ovzhost sshd[983]: message repeated 2 times: [ Failed password for root from 43.255.190.115 port 56697 ssh2]
Apr 10 23:58:27 ovzhost sshd[983]: Received disconnect from 43.255.190.115: 11:  [preauth]
Apr 10 23:58:27 ovzhost sshd[983]: PAM 2 more authentication failures; logname= uid=0 euid=0 tty=ssh ruser= rhost=43.255.190.115  user=root
Apr 10 23:58:29 ovzhost sshd[989]: pam_unix(sshd:auth): authentication failure; logname= uid=0 euid=0 tty=ssh ruser= rhost=43.255.190.115  user=root
Apr 10 23:58:30 ovzhost sshd[991]: pam_unix(sshd:auth): authentication failure; logname= uid=0 euid=0 tty=ssh ruser= rhost=130-123-242-80.pppoe.dyn.broadband.blic.net  user=man
Apr 10 23:58:30 ovzhost sshd[987]: message repeated 2 times: [ Failed password for root from 43.255.190.174 port 53139 ssh2]
Apr 10 23:58:31 ovzhost sshd[987]: Received disconnect from 43.255.190.174: 11:  [preauth]
Apr 10 23:58:31 ovzhost sshd[987]: PAM 2 more authentication failures; logname= uid=0 euid=0 tty=ssh ruser= rhost=43.255.190.174  user=root
Apr 10 23:58:31 ovzhost sshd[989]: Failed password for root from 43.255.190.115 port 45566 ssh2
Apr 10 23:58:32 ovzhost sshd[993]: pam_unix(sshd:auth): authentication failure; logname= uid=0 euid=0 tty=ssh ruser= rhost=43.255.190.174  user=root
Apr 10 23:58:32 ovzhost sshd[991]: Failed password for man from 80.242.123.130 port 43843 ssh2
Apr 10 23:58:32 ovzhost sshd[991]: Received disconnect from 80.242.123.130: 11: Bye Bye [preauth]
Apr 10 23:58:34 ovzhost sshd[993]: Failed password for root from 43.255.190.174 port 41619 ssh2
Apr 10 23:58:35 ovzhost sshd[989]: message repeated 2 times: [ Failed password for root from 43.255.190.115 port 45566 ssh2]
Apr 10 23:58:35 ovzhost sshd[989]: Received disconnect from 43.255.190.115: 11:  [preauth]
Apr 10 23:58:35 ovzhost sshd[989]: PAM 2 more authentication failures; logname= uid=0 euid=0 tty=ssh ruser= rhost=43.255.190.115  user=root
Apr 10 23:58:36 ovzhost sshd[995]: pam_unix(sshd:auth): authentication failure; logname= uid=0 euid=0 tty=ssh ruser= rhost=43.255.190.115  user=root
Apr 10 23:58:38 ovzhost sshd[993]: message repeated 2 times: [ Failed password for root from 43.255.190.174 port 41619 ssh2]
Apr 10 23:58:38 ovzhost sshd[993]: Received disconnect from 43.255.190.174: 11:  [preauth]
Apr 10 23:58:38 ovzhost sshd[993]: PAM 2 more authentication failures; logname= uid=0 euid=0 tty=ssh ruser= rhost=43.255.190.174  user=root
Apr 10 23:58:38 ovzhost sshd[995]: Failed password for root from 43.255.190.115 port 37483 ssh2
Apr 10 23:58:39 ovzhost sshd[997]: pam_unix(sshd:auth): authentication failure; logname= uid=0 euid=0 tty=ssh ruser= rhost=43.255.190.174  user=root
Apr 10 23:58:40 ovzhost sshd[997]: Failed password for root from 43.255.190.174 port 58448 ssh2
Apr 10 23:58:42 ovzhost sshd[995]: message repeated 2 times: [ Failed password for root from 43.255.190.115 port 37483 ssh2]
Apr 10 23:58:42 ovzhost sshd[995]: Received disconnect from 43.255.190.115: 11:  [preauth]
Apr 10 23:58:42 ovzhost sshd[995]: PAM 2 more authentication failures; logname= uid=0 euid=0 tty=ssh ruser= rhost=43.255.190.115  user=root
Apr 10 23:58:43 ovzhost sshd[999]: pam_unix(sshd:auth): authentication failure; logname= uid=0 euid=0 tty=ssh ruser= rhost=43.255.190.115  user=root
Apr 10 23:58:43 ovzhost sshd[997]: message repeated 2 times: [ Failed password for root from 43.255.190.174 port 58448 ssh2]
Apr 10 23:58:44 ovzhost sshd[997]: Received disconnect from 43.255.190.174: 11:  [preauth]
Apr 10 23:58:44 ovzhost sshd[997]: PAM 2 more authentication failures; logname= uid=0 euid=0 tty=ssh ruser= rhost=43.255.190.174  user=root
Apr 10 23:58:44 ovzhost sshd[1001]: pam_unix(sshd:auth): authentication failure; logname= uid=0 euid=0 tty=ssh ruser= rhost=43.255.190.174  user=root
Apr 10 23:58:45 ovzhost sshd[999]: Failed password for root from 43.255.190.115 port 54601 ssh2
Apr 10 23:58:47 ovzhost sshd[1001]: Failed password for root from 43.255.190.174 port 44269 ssh2
Apr 10 23:58:49 ovzhost sshd[999]: message repeated 2 times: [ Failed password for root from 43.255.190.115 port 54601 ssh2]
Apr 10 23:58:49 ovzhost sshd[999]: Received disconnect from 43.255.190.115: 11:  [preauth]
Apr 10 23:58:49 ovzhost sshd[999]: PAM 2 more authentication failures; logname= uid=0 euid=0 tty=ssh ruser= rhost=43.255.190.115  user=root
Apr 10 23:58:50 ovzhost sshd[1003]: pam_unix(sshd:auth): authentication failure; logname= uid=0 euid=0 tty=ssh ruser= rhost=43.255.190.115  user=root
Apr 10 23:58:51 ovzhost sshd[1001]: message repeated 2 times: [ Failed password for root from 43.255.190.174 port 44269 ssh2]
Apr 10 23:58:51 ovzhost sshd[1001]: Received disconnect from 43.255.190.174: 11:  [preauth]
Apr 10 23:58:51 ovzhost sshd[1001]: PAM 2 more authentication failures; logname= uid=0 euid=0 tty=ssh ruser= rhost=43.255.190.174  user=root
Apr 10 23:58:52 ovzhost sshd[1003]: Failed password for root from 43.255.190.115 port 44496 ssh2
Apr 10 23:58:53 ovzhost sshd[1005]: pam_unix(sshd:auth): authentication failure; logname= uid=0 euid=0 tty=ssh ruser= rhost=43.255.190.174  user=root
Apr 10 23:58:54 ovzhost sshd[1005]: Failed password for root from 43.255.190.174 port 33379 ssh2
Apr 10 23:58:56 ovzhost sshd[1003]: message repeated 2 times: [ Failed password for root from 43.255.190.115 port 44496 ssh2]
Apr 10 23:58:56 ovzhost sshd[1003]: Received disconnect from 43.255.190.115: 11:  [preauth]
Apr 10 23:58:56 ovzhost sshd[1003]: PAM 2 more authentication failures; logname= uid=0 euid=0 tty=ssh ruser= rhost=43.255.190.115  user=root
Apr 10 23:58:57 ovzhost sshd[1009]: pam_unix(sshd:auth): authentication failure; logname= uid=0 euid=0 tty=ssh ruser= rhost=43.255.190.115  user=root
Apr 10 23:58:58 ovzhost sshd[1005]: message repeated 2 times: [ Failed password for root from 43.255.190.174 port 33379 ssh2]
Apr 10 23:58:58 ovzhost sshd[1005]: Received disconnect from 43.255.190.174: 11:  [preauth]
Apr 10 23:58:58 ovzhost sshd[1005]: PAM 2 more authentication failures; logname= uid=0 euid=0 tty=ssh ruser= rhost=43.255.190.174  user=root
Apr 10 23:58:59 ovzhost sshd[1009]: Failed password for root from 43.255.190.115 port 33181 ssh2
Apr 10 23:59:00 ovzhost sshd[1013]: pam_unix(sshd:auth): authentication failure; logname= uid=0 euid=0 tty=ssh ruser= rhost=43.255.190.174  user=root
Apr 10 23:59:02 ovzhost sshd[1013]: Failed password for root from 43.255.190.174 port 49126 ssh2
Apr 10 23:59:03 ovzhost sshd[1009]: message repeated 2 times: [ Failed password for root from 43.255.190.115 port 33181 ssh2]
Apr 10 23:59:03 ovzhost sshd[1009]: Received disconnect from 43.255.190.115: 11:  [preauth]
Apr 10 23:59:03 ovzhost sshd[1009]: PAM 2 more authentication failures; logname= uid=0 euid=0 tty=ssh ruser= rhost=43.255.190.115  user=root
Apr 10 23:59:04 ovzhost sshd[1015]: pam_unix(sshd:auth): authentication failure; logname= uid=0 euid=0 tty=ssh ruser= rhost=43.255.190.115  user=root
Apr 10 23:59:06 ovzhost sshd[1015]: Failed password for root from 43.255.190.115 port 49726 ssh2
Apr 10 23:59:06 ovzhost sshd[1013]: message repeated 2 times: [ Failed password for root from 43.255.190.174 port 49126 ssh2]
Apr 10 23:59:07 ovzhost sshd[1013]: Received disconnect from 43.255.190.174: 11:  [preauth]
Apr 10 23:59:07 ovzhost sshd[1013]: PAM 2 more authentication failures; logname= uid=0 euid=0 tty=ssh ruser= rhost=43.255.190.174  user=root
Apr 10 23:59:09 ovzhost sshd[1017]: pam_unix(sshd:auth): authentication failure; logname= uid=0 euid=0 tty=ssh ruser= rhost=43.255.190.174  user=root
Apr 10 23:59:11 ovzhost sshd[1015]: message repeated 2 times: [ Failed password for root from 43.255.190.115 port 49726 ssh2]
Apr 10 23:59:11 ovzhost sshd[1015]: Received disconnect from 43.255.190.115: 11:  [preauth]
Apr 10 23:59:11 ovzhost sshd[1015]: PAM 2 more authentication failures; logname= uid=0 euid=0 tty=ssh ruser= rhost=43.255.190.115  user=root
Apr 10 23:59:11 ovzhost sshd[1017]: Failed password for root from 43.255.190.174 port 40872 ssh2
Apr 10 23:59:11 ovzhost sshd[1019]: pam_unix(sshd:auth): authentication failure; logname= uid=0 euid=0 tty=ssh ruser= rhost=43.255.190.115  user=root
Apr 10 23:59:13 ovzhost sshd[1019]: Failed password for root from 43.255.190.115 port 39879 ssh2
Apr 10 23:59:15 ovzhost sshd[1017]: message repeated 2 times: [ Failed password for root from 43.255.190.174 port 40872 ssh2]
Apr 10 23:59:15 ovzhost sshd[1017]: Received disconnect from 43.255.190.174: 11:  [preauth]
Apr 10 23:59:15 ovzhost sshd[1017]: PAM 2 more authentication failures; logname= uid=0 euid=0 tty=ssh ruser= rhost=43.255.190.174  user=root
Apr 10 23:59:16 ovzhost sshd[1021]: pam_unix(sshd:auth): authentication failure; logname= uid=0 euid=0 tty=ssh ruser= rhost=43.255.190.174  user=root
Apr 10 23:59:18 ovzhost sshd[1019]: message repeated 2 times: [ Failed password for root from 43.255.190.115 port 39879 ssh2]
Apr 10 23:59:18 ovzhost sshd[1019]: Received disconnect from 43.255.190.115: 11:  [preauth]
Apr 10 23:59:18 ovzhost sshd[1019]: PAM 2 more authentication failures; logname= uid=0 euid=0 tty=ssh ruser= rhost=43.255.190.115  user=root
Apr 10 23:59:18 ovzhost sshd[1021]: Failed password for root from 43.255.190.174 port 59858 ssh2
Apr 10 23:59:18 ovzhost sshd[1023]: pam_unix(sshd:auth): authentication failure; logname= uid=0 euid=0 tty=ssh ruser= rhost=43.255.190.115  user=root
Apr 10 23:59:20 ovzhost sshd[1023]: Failed password for root from 43.255.190.115 port 56368 ssh2
Apr 10 23:59:22 ovzhost sshd[1021]: message repeated 2 times: [ Failed password for root from 43.255.190.174 port 59858 ssh2]
Apr 10 23:59:22 ovzhost sshd[1021]: Received disconnect from 43.255.190.174: 11:  [preauth]
Apr 10 23:59:22 ovzhost sshd[1021]: PAM 2 more authentication failures; logname= uid=0 euid=0 tty=ssh ruser= rhost=43.255.190.174  user=root
Apr 10 23:59:23 ovzhost sshd[1025]: pam_unix(sshd:auth): authentication failure; logname= uid=0 euid=0 tty=ssh ruser= rhost=43.255.190.174  user=root
Apr 10 23:59:24 ovzhost sshd[1023]: message repeated 2 times: [ Failed password for root from 43.255.190.115 port 56368 ssh2]
Apr 10 23:59:24 ovzhost sshd[1023]: Received disconnect from 43.255.190.115: 11:  [preauth]
Apr 10 23:59:24 ovzhost sshd[1023]: PAM 2 more authentication failures; logname= uid=0 euid=0 tty=ssh ruser= rhost=43.255.190.115  user=root
Apr 10 23:59:25 ovzhost sshd[1027]: pam_unix(sshd:auth): authentication failure; logname= uid=0 euid=0 tty=ssh ruser= rhost=43.255.190.115  user=root
Apr 10 23:59:25 ovzhost sshd[1025]: Failed password for root from 43.255.190.174 port 47896 ssh2
Apr 10 23:59:27 ovzhost sshd[1027]: Failed password for root from 43.255.190.115 port 43158 ssh2
Apr 10 23:59:29 ovzhost sshd[1025]: message repeated 2 times: [ Failed password for root from 43.255.190.174 port 47896 ssh2]
Apr 10 23:59:29 ovzhost sshd[1025]: Received disconnect from 43.255.190.174: 11:  [preauth]
Apr 10 23:59:29 ovzhost sshd[1025]: PAM 2 more authentication failures; logname= uid=0 euid=0 tty=ssh ruser= rhost=43.255.190.174  user=root
Apr 10 23:59:30 ovzhost sshd[1030]: pam_unix(sshd:auth): authentication failure; logname= uid=0 euid=0 tty=ssh ruser= rhost=43.255.190.174  user=root
Apr 10 23:59:31 ovzhost sshd[1027]: message repeated 2 times: [ Failed password for root from 43.255.190.115 port 43158 ssh2]
Apr 10 23:59:31 ovzhost sshd[1027]: Received disconnect from 43.255.190.115: 11:  [preauth]
Apr 10 23:59:31 ovzhost sshd[1027]: PAM 2 more authentication failures; logname= uid=0 euid=0 tty=ssh ruser= rhost=43.255.190.115  user=root
Apr 10 23:59:32 ovzhost sshd[1032]: pam_unix(sshd:auth): authentication failure; logname= uid=0 euid=0 tty=ssh ruser= rhost=43.255.190.115  user=root
Apr 10 23:59:32 ovzhost sshd[1030]: Failed password for root from 43.255.190.174 port 36044 ssh2
Apr 10 23:59:34 ovzhost sshd[1032]: Failed password for root from 43.255.190.115 port 60768 ssh2
Apr 10 23:59:37 ovzhost sshd[1030]: message repeated 2 times: [ Failed password for root from 43.255.190.174 port 36044 ssh2]
Apr 10 23:59:37 ovzhost sshd[1030]: Received disconnect from 43.255.190.174: 11:  [preauth]
Apr 10 23:59:37 ovzhost sshd[1030]: PAM 2 more authentication failures; logname= uid=0 euid=0 tty=ssh ruser= rhost=43.255.190.174  user=root
Apr 10 23:59:38 ovzhost sshd[1034]: pam_unix(sshd:auth): authentication failure; logname= uid=0 euid=0 tty=ssh ruser= rhost=43.255.190.174  user=root
Apr 10 23:59:38 ovzhost sshd[1032]: message repeated 2 times: [ Failed password for root from 43.255.190.115 port 60768 ssh2]
Apr 10 23:59:38 ovzhost sshd[1032]: Received disconnect from 43.255.190.115: 11:  [preauth]
Apr 10 23:59:38 ovzhost sshd[1032]: PAM 2 more authentication failures; logname= uid=0 euid=0 tty=ssh ruser= rhost=43.255.190.115  user=root
Apr 10 23:59:39 ovzhost sshd[1036]: pam_unix(sshd:auth): authentication failure; logname= uid=0 euid=0 tty=ssh ruser= rhost=43.255.190.115  user=root
Apr 10 23:59:40 ovzhost sshd[1034]: Failed password for root from 43.255.190.174 port 53235 ssh2
Apr 10 23:59:41 ovzhost sshd[1036]: Failed password for root from 43.255.190.115 port 49697 ssh2
Apr 10 23:59:44 ovzhost sshd[1034]: message repeated 2 times: [ Failed password for root from 43.255.190.174 port 53235 ssh2]
Apr 10 23:59:44 ovzhost sshd[1034]: Received disconnect from 43.255.190.174: 11:  [preauth]
Apr 10 23:59:44 ovzhost sshd[1034]: PAM 2 more authentication failures; logname= uid=0 euid=0 tty=ssh ruser= rhost=43.255.190.174  user=root
Apr 10 23:59:45 ovzhost sshd[1038]: pam_unix(sshd:auth): authentication failure; logname= uid=0 euid=0 tty=ssh ruser= rhost=43.255.190.174  user=root
Apr 10 23:59:46 ovzhost sshd[1036]: message repeated 2 times: [ Failed password for root from 43.255.190.115 port 49697 ssh2]
Apr 10 23:59:46 ovzhost sshd[1036]: Received disconnect from 43.255.190.115: 11:  [preauth]
Apr 10 23:59:46 ovzhost sshd[1036]: PAM 2 more authentication failures; logname= uid=0 euid=0 tty=ssh ruser= rhost=43.255.190.115  user=root
Apr 10 23:59:46 ovzhost sshd[1040]: pam_unix(sshd:auth): authentication failure; logname= uid=0 euid=0 tty=ssh ruser= rhost=43.255.190.115  user=root
Apr 10 23:59:47 ovzhost sshd[1038]: Failed password for root from 43.255.190.174 port 41027 ssh2
Apr 10 23:59:48 ovzhost sshd[1040]: Failed password for root from 43.255.190.115 port 38083 ssh2
Apr 10 23:59:51 ovzhost sshd[1038]: message repeated 2 times: [ Failed password for root from 43.255.190.174 port 41027 ssh2]
Apr 10 23:59:51 ovzhost sshd[1038]: Received disconnect from 43.255.190.174: 11:  [preauth]
Apr 10 23:59:51 ovzhost sshd[1038]: PAM 2 more authentication failures; logname= uid=0 euid=0 tty=ssh ruser= rhost=43.255.190.174  user=root
Apr 10 23:59:51 ovzhost sshd[1042]: pam_unix(sshd:auth): authentication failure; logname= uid=0 euid=0 tty=ssh ruser= rhost=43.255.190.174  user=root
Apr 10 23:59:53 ovzhost sshd[1042]: Failed password for root from 43.255.190.174 port 56148 ssh2
Apr 10 23:59:53 ovzhost sshd[1040]: message repeated 2 times: [ Failed password for root from 43.255.190.115 port 38083 ssh2]
Apr 10 23:59:53 ovzhost sshd[1040]: Received disconnect from 43.255.190.115: 11:  [preauth]
Apr 10 23:59:53 ovzhost sshd[1040]: PAM 2 more authentication failures; logname= uid=0 euid=0 tty=ssh ruser= rhost=43.255.190.115  user=root
Apr 10 23:59:53 ovzhost sshd[1044]: pam_unix(sshd:auth): authentication failure; logname= uid=0 euid=0 tty=ssh ruser= rhost=43.255.190.115  user=root
Apr 10 23:59:55 ovzhost sshd[1044]: Failed password for root from 43.255.190.115 port 54918 ssh2
Apr 10 23:59:57 ovzhost sshd[1042]: message repeated 2 times: [ Failed password for root from 43.255.190.174 port 56148 ssh2]
Apr 10 23:59:57 ovzhost sshd[1042]: Received disconnect from 43.255.190.174: 11:  [preauth]
Apr 10 23:59:57 ovzhost sshd[1042]: PAM 2 more authentication failures; logname= uid=0 euid=0 tty=ssh ruser= rhost=43.255.190.174  user=root
Apr 10 23:59:58 ovzhost sshd[1047]: pam_unix(sshd:auth): authentication failure; logname= uid=0 euid=0 tty=ssh ruser= rhost=43.255.190.174  user=root
Apr 10 23:59:59 ovzhost sshd[1047]: Failed password for root from 43.255.190.174 port 42918 ssh2
Apr 10 23:59:59 ovzhost sshd[1044]: message repeated 2 times: [ Failed password for root from 43.255.190.115 port 54918 ssh2]
Apr 10 23:59:59 ovzhost sshd[1044]: Received disconnect from 43.255.190.115: 11:  [preauth]
Apr 10 23:59:59 ovzhost sshd[1044]: PAM 2 more authentication failures; logname= uid=0 euid=0 tty=ssh ruser= rhost=43.255.190.115  user=root
Apr 11 00:00:00 ovzhost sshd[1051]: pam_unix(sshd:auth): authentication failure; logname= uid=0 euid=0 tty=ssh ruser= rhost=43.255.190.115  user=root
Apr 11 00:00:01 ovzhost CRON[1053]: pam_env(cron:session): Unable to open env file: /etc/default/locale: No such file or directory
Apr 11 00:00:01 ovzhost CRON[1053]: pam_unix(cron:session): session opened for user smmsp by (uid=0)
Apr 11 00:00:01 ovzhost CRON[1053]: pam_unix(cron:session): session closed for user smmsp
Apr 11 00:00:02 ovzhost sshd[1051]: Failed password for root from 43.255.190.115 port 42064 ssh2
Apr 11 00:00:03 ovzhost sshd[1047]: message repeated 2 times: [ Failed password for root from 43.255.190.174 port 42918 ssh2]
Apr 11 00:00:03 ovzhost sshd[1047]: Received disconnect from 43.255.190.174: 11:  [preauth]
Apr 11 00:00:03 ovzhost sshd[1047]: PAM 2 more authentication failures; logname= uid=0 euid=0 tty=ssh ruser= rhost=43.255.190.174  user=root
Apr 11 00:00:04 ovzhost sshd[1079]: pam_unix(sshd:auth): authentication failure; logname= uid=0 euid=0 tty=ssh ruser= rhost=43.255.190.174  user=root
Apr 11 00:00:06 ovzhost sshd[1079]: Failed password for root from 43.255.190.174 port 57507 ssh2
Apr 11 00:00:07 ovzhost sshd[1051]: message repeated 2 times: [ Failed password for root from 43.255.190.115 port 42064 ssh2]
Apr 11 00:00:07 ovzhost sshd[1051]: Received disconnect from 43.255.190.115: 11:  [preauth]
Apr 11 00:00:07 ovzhost sshd[1051]: PAM 2 more authentication failures; logname= uid=0 euid=0 tty=ssh ruser= rhost=43.255.190.115  user=root
Apr 11 00:00:07 ovzhost sshd[1081]: pam_unix(sshd:auth): authentication failure; logname= uid=0 euid=0 tty=ssh ruser= rhost=43.255.190.115  user=root
Apr 11 00:00:09 ovzhost sshd[1081]: Failed password for root from 43.255.190.115 port 58867 ssh2
Apr 11 00:00:10 ovzhost sshd[1079]: message repeated 2 times: [ Failed password for root from 43.255.190.174 port 57507 ssh2]
Apr 11 00:00:10 ovzhost sshd[1079]: Received disconnect from 43.255.190.174: 11:  [preauth]
Apr 11 00:00:10 ovzhost sshd[1079]: PAM 2 more authentication failures; logname= uid=0 euid=0 tty=ssh ruser= rhost=43.255.190.174  user=root
Apr 11 00:00:11 ovzhost sshd[1083]: pam_unix(sshd:auth): authentication failure; logname= uid=0 euid=0 tty=ssh ruser= rhost=43.255.190.174  user=root
Apr 11 00:00:13 ovzhost sshd[1083]: Failed password for root from 43.255.190.174 port 45032 ssh2
Apr 11 00:00:14 ovzhost sshd[1081]: message repeated 2 times: [ Failed password for root from 43.255.190.115 port 58867 ssh2]
Apr 11 00:00:14 ovzhost sshd[1081]: Received disconnect from 43.255.190.115: 11:  [preauth]
Apr 11 00:00:14 ovzhost sshd[1081]: PAM 2 more authentication failures; logname= uid=0 euid=0 tty=ssh ruser= rhost=43.255.190.115  user=root
Apr 11 00:00:14 ovzhost sshd[1085]: pam_unix(sshd:auth): authentication failure; logname= uid=0 euid=0 tty=ssh ruser= rhost=43.255.190.115  user=root
Apr 11 00:00:16 ovzhost sshd[1085]: Failed password for root from 43.255.190.115 port 47114 ssh2
Apr 11 00:00:18 ovzhost sshd[1083]: message repeated 2 times: [ Failed password for root from 43.255.190.174 port 45032 ssh2]
Apr 11 00:00:18 ovzhost sshd[1083]: Received disconnect from 43.255.190.174: 11:  [preauth]
Apr 11 00:00:18 ovzhost sshd[1083]: PAM 2 more authentication failures; logname= uid=0 euid=0 tty=ssh ruser= rhost=43.255.190.174  user=root
Apr 11 00:00:18 ovzhost sshd[1087]: pam_unix(sshd:auth): authentication failure; logname= uid=0 euid=0 tty=ssh ruser= rhost=43.255.190.174  user=root
Apr 11 00:00:20 ovzhost sshd[1087]: Failed password for root from 43.255.190.174 port 33083 ssh2
Apr 11 00:00:21 ovzhost sshd[1085]: message repeated 2 times: [ Failed password for root from 43.255.190.115 port 47114 ssh2]
Apr 11 00:00:21 ovzhost sshd[1085]: Received disconnect from 43.255.190.115: 11:  [preauth]
Apr 11 00:00:21 ovzhost sshd[1085]: PAM 2 more authentication failures; logname= uid=0 euid=0 tty=ssh ruser= rhost=43.255.190.115  user=root
Apr 11 00:00:21 ovzhost sshd[1089]: pam_unix(sshd:auth): authentication failure; logname= uid=0 euid=0 tty=ssh ruser= rhost=43.255.190.115  user=root
Apr 11 00:00:23 ovzhost sshd[1089]: Failed password for root from 43.255.190.115 port 34967 ssh2
Apr 11 00:00:25 ovzhost sshd[1087]: message repeated 2 times: [ Failed password for root from 43.255.190.174 port 33083 ssh2]
Apr 11 00:00:25 ovzhost sshd[1087]: Received disconnect from 43.255.190.174: 11:  [preauth]
Apr 11 00:00:25 ovzhost sshd[1087]: PAM 2 more authentication failures; logname= uid=0 euid=0 tty=ssh ruser= rhost=43.255.190.174  user=root
Apr 11 00:00:26 ovzhost sshd[1091]: pam_unix(sshd:auth): authentication failure; logname= uid=0 euid=0 tty=ssh ruser= rhost=43.255.190.174  user=root
Apr 11 00:00:26 ovzhost sshd[1094]: Connection closed by 128.8.37.104 [preauth]
Apr 11 00:00:28 ovzhost sshd[1091]: Failed password for root from 43.255.190.174 port 49413 ssh2
Apr 11 00:00:28 ovzhost sshd[1089]: message repeated 2 times: [ Failed password for root from 43.255.190.115 port 34967 ssh2]
Apr 11 00:00:28 ovzhost sshd[1089]: Received disconnect from 43.255.190.115: 11:  [preauth]
Apr 11 00:00:28 ovzhost sshd[1089]: PAM 2 more authentication failures; logname= uid=0 euid=0 tty=ssh ruser= rhost=43.255.190.115  user=root
Apr 11 00:00:29 ovzhost sshd[1096]: pam_unix(sshd:auth): authentication failure; logname= uid=0 euid=0 tty=ssh ruser= rhost=43.255.190.115  user=root
Apr 11 00:00:31 ovzhost sshd[1096]: Failed password for root from 43.255.190.115 port 51283 ssh2
Apr 11 00:00:33 ovzhost sshd[1091]: message repeated 2 times: [ Failed password for root from 43.255.190.174 port 49413 ssh2]
Apr 11 00:00:33 ovzhost sshd[1091]: Received disconnect from 43.255.190.174: 11:  [preauth]
Apr 11 00:00:33 ovzhost sshd[1091]: PAM 2 more authentication failures; logname= uid=0 euid=0 tty=ssh ruser= rhost=43.255.190.174  user=root
Apr 11 00:00:33 ovzhost sshd[1098]: pam_unix(sshd:auth): authentication failure; logname= uid=0 euid=0 tty=ssh ruser= rhost=43.255.190.174  user=root
Apr 11 00:00:36 ovzhost sshd[1098]: Failed password for root from 43.255.190.174 port 38390 ssh2
Apr 11 00:00:36 ovzhost sshd[1096]: message repeated 2 times: [ Failed password for root from 43.255.190.115 port 51283 ssh2]
Apr 11 00:00:36 ovzhost sshd[1096]: Received disconnect from 43.255.190.115: 11:  [preauth]
Apr 11 00:00:36 ovzhost sshd[1096]: PAM 2 more authentication failures; logname= uid=0 euid=0 tty=ssh ruser= rhost=43.255.190.115  user=root
Apr 11 00:00:36 ovzhost sshd[1101]: Connection closed by 127.0.0.1 [preauth]
Apr 11 00:00:36 ovzhost sshd[1103]: pam_unix(sshd:auth): authentication failure; logname= uid=0 euid=0 tty=ssh ruser= rhost=43.255.190.115  user=root
Apr 11 00:00:39 ovzhost sshd[1103]: Failed password for root from 43.255.190.115 port 39401 ssh2
Apr 11 00:00:41 ovzhost sshd[1098]: message repeated 2 times: [ Failed password for root from 43.255.190.174 port 38390 ssh2]
Apr 11 00:00:41 ovzhost sshd[1098]: Received disconnect from 43.255.190.174: 11:  [preauth]
Apr 11 00:00:41 ovzhost sshd[1098]: PAM 2 more authentication failures; logname= uid=0 euid=0 tty=ssh ruser= rhost=43.255.190.174  user=root
Apr 11 00:00:41 ovzhost sshd[1105]: pam_unix(sshd:auth): authentication failure; logname= uid=0 euid=0 tty=ssh ruser= rhost=43.255.190.174  user=root
Apr 11 00:00:43 ovzhost sshd[1105]: Failed password for root from 43.255.190.174 port 55379 ssh2
Apr 11 00:00:44 ovzhost sshd[1103]: message repeated 2 times: [ Failed password for root from 43.255.190.115 port 39401 ssh2]
Apr 11 00:00:44 ovzhost sshd[1103]: Received disconnect from 43.255.190.115: 11:  [preauth]
Apr 11 00:00:44 ovzhost sshd[1103]: PAM 2 more authentication failures; logname= uid=0 euid=0 tty=ssh ruser= rhost=43.255.190.115  user=root
Apr 11 00:00:45 ovzhost sshd[1107]: pam_unix(sshd:auth): authentication failure; logname= uid=0 euid=0 tty=ssh ruser= rhost=43.255.190.115  user=root
Apr 11 00:00:47 ovzhost sshd[1107]: Failed password for root from 43.255.190.115 port 58067 ssh2
Apr 11 00:00:48 ovzhost sshd[1105]: message repeated 2 times: [ Failed password for root from 43.255.190.174 port 55379 ssh2]
Apr 11 00:00:48 ovzhost sshd[1105]: Received disconnect from 43.255.190.174: 11:  [preauth]
Apr 11 00:00:48 ovzhost sshd[1105]: PAM 2 more authentication failures; logname= uid=0 euid=0 tty=ssh ruser= rhost=43.255.190.174  user=root
Apr 11 00:00:48 ovzhost sshd[1109]: pam_unix(sshd:auth): authentication failure; logname= uid=0 euid=0 tty=ssh ruser= rhost=43.255.190.174  user=root
Apr 11 00:00:51 ovzhost sshd[1109]: Failed password for root from 43.255.190.174 port 42990 ssh2
Apr 11 00:00:52 ovzhost sshd[1107]: message repeated 2 times: [ Failed password for root from 43.255.190.115 port 58067 ssh2]
Apr 11 00:00:52 ovzhost sshd[1107]: Received disconnect from 43.255.190.115: 11:  [preauth]
Apr 11 00:00:52 ovzhost sshd[1107]: PAM 2 more authentication failures; logname= uid=0 euid=0 tty=ssh ruser= rhost=43.255.190.115  user=root
Apr 11 00:00:53 ovzhost sshd[1111]: pam_unix(sshd:auth): authentication failure; logname= uid=0 euid=0 tty=ssh ruser= rhost=43.255.190.115  user=root
Apr 11 00:00:55 ovzhost sshd[1111]: Failed password for root from 43.255.190.115 port 47464 ssh2
Apr 11 00:00:55 ovzhost sshd[1109]: message repeated 2 times: [ Failed password for root from 43.255.190.174 port 42990 ssh2]
Apr 11 00:00:55 ovzhost sshd[1109]: Received disconnect from 43.255.190.174: 11:  [preauth]
Apr 11 00:00:55 ovzhost sshd[1109]: PAM 2 more authentication failures; logname= uid=0 euid=0 tty=ssh ruser= rhost=43.255.190.174  user=root
Apr 11 00:00:56 ovzhost sshd[1113]: pam_unix(sshd:auth): authentication failure; logname= uid=0 euid=0 tty=ssh ruser= rhost=43.255.190.174  user=root
Apr 11 00:00:58 ovzhost sshd[1113]: Failed password for root from 43.255.190.174 port 59368 ssh2
Apr 11 00:01:00 ovzhost sshd[1111]: message repeated 2 times: [ Failed password for root from 43.255.190.115 port 47464 ssh2]
Apr 11 00:01:00 ovzhost sshd[1111]: Received disconnect from 43.255.190.115: 11:  [preauth]
Apr 11 00:01:00 ovzhost sshd[1111]: PAM 2 more authentication failures; logname= uid=0 euid=0 tty=ssh ruser= rhost=43.255.190.115  user=root
