Mar 31 17:16:56 ovzhost sudo:     root : unable to resolve host ovzhost
Mar 31 17:16:56 ovzhost sudo:     root : TTY=pts/0 ; PWD=/ ; USER=root ; COMMAND=/usr/bin/less /root/.bash_history
Mar 31 17:16:56 ovzhost sudo: pam_unix(sudo:session): session opened for user root by (uid=0)
Mar 31 17:16:57 ovzhost sudo: pam_unix(sudo:session): session closed for user root
Apr  2 14:31:13 ovzhost sshd[419]: Server listening on 0.0.0.0 port 22.
Apr  2 14:31:13 ovzhost sshd[419]: Server listening on :: port 22.
Apr  2 14:31:13 ovzhost saslauthd[637]: detach_tty      : master pid is: 637
Apr  2 14:31:13 ovzhost saslauthd[637]: ipc_init        : listening on socket: /var/run/saslauthd/mux
Apr  2 14:33:26 ovzhost sshd[797]: Connection closed by 127.0.0.1 [preauth]
Apr 11 15:39:01 ovzhost CRON[791]: pam_env(cron:session): Unable to open env file: /etc/default/locale: No such file or directory
Apr 11 15:39:01 ovzhost CRON[791]: pam_unix(cron:session): session opened for user root by (uid=0)
Apr 11 15:39:01 ovzhost CRON[791]: pam_unix(cron:session): session closed for user root
Apr 11 15:39:39 ovzhost sshd[804]: Connection closed by 127.0.0.1 [preauth]
Apr 11 15:40:01 ovzhost CRON[807]: pam_env(cron:session): Unable to open env file: /etc/default/locale: No such file or directory
Apr 11 15:40:01 ovzhost CRON[807]: pam_unix(cron:session): session opened for user smmsp by (uid=0)
Apr 11 15:40:01 ovzhost CRON[807]: pam_unix(cron:session): session closed for user smmsp
Apr 11 15:40:24 ovzhost sshd[835]: Connection closed by 128.8.37.104 [preauth]
Apr 11 15:43:11 ovzhost sshd[848]: Did not receive identification string from 45.55.147.43
Apr 11 15:44:39 ovzhost sshd[852]: Connection closed by 127.0.0.1 [preauth]
Apr 11 15:49:39 ovzhost sshd[875]: Connection closed by 127.0.0.1 [preauth]
Apr 11 15:50:24 ovzhost sshd[881]: Connection closed by 128.8.37.104 [preauth]
Apr 11 15:51:36 ovzhost sshd[890]: pam_unix(sshd:auth): authentication failure; logname= uid=0 euid=0 tty=ssh ruser= rhost=43.255.190.186  user=root
Apr 11 15:51:38 ovzhost sshd[892]: pam_unix(sshd:auth): authentication failure; logname= uid=0 euid=0 tty=ssh ruser= rhost=43.255.190.152  user=root
Apr 11 15:51:39 ovzhost sshd[890]: Failed password for root from 43.255.190.186 port 43032 ssh2
Apr 11 15:51:40 ovzhost sshd[892]: Failed password for root from 43.255.190.152 port 48994 ssh2
Apr 11 15:51:42 ovzhost sshd[890]: message repeated 2 times: [ Failed password for root from 43.255.190.186 port 43032 ssh2]
Apr 11 15:51:42 ovzhost sshd[890]: Received disconnect from 43.255.190.186: 11:  [preauth]
Apr 11 15:51:42 ovzhost sshd[890]: PAM 2 more authentication failures; logname= uid=0 euid=0 tty=ssh ruser= rhost=43.255.190.186  user=root
Apr 11 15:51:43 ovzhost sshd[894]: pam_unix(sshd:auth): authentication failure; logname= uid=0 euid=0 tty=ssh ruser= rhost=43.255.190.186  user=root
Apr 11 15:51:43 ovzhost sshd[892]: message repeated 2 times: [ Failed password for root from 43.255.190.152 port 48994 ssh2]
Apr 11 15:51:43 ovzhost sshd[892]: Received disconnect from 43.255.190.152: 11:  [preauth]
Apr 11 15:51:43 ovzhost sshd[892]: PAM 2 more authentication failures; logname= uid=0 euid=0 tty=ssh ruser= rhost=43.255.190.152  user=root
Apr 11 15:51:44 ovzhost sshd[896]: pam_unix(sshd:auth): authentication failure; logname= uid=0 euid=0 tty=ssh ruser= rhost=43.255.190.152  user=root
Apr 11 15:51:44 ovzhost sshd[894]: Failed password for root from 43.255.190.186 port 59354 ssh2
Apr 11 15:51:45 ovzhost sshd[896]: Failed password for root from 43.255.190.152 port 35625 ssh2
Apr 11 15:51:48 ovzhost sshd[894]: message repeated 2 times: [ Failed password for root from 43.255.190.186 port 59354 ssh2]
Apr 11 15:51:48 ovzhost sshd[894]: Received disconnect from 43.255.190.186: 11:  [preauth]
Apr 11 15:51:48 ovzhost sshd[894]: PAM 2 more authentication failures; logname= uid=0 euid=0 tty=ssh ruser= rhost=43.255.190.186  user=root
Apr 11 15:51:48 ovzhost sshd[898]: pam_unix(sshd:auth): authentication failure; logname= uid=0 euid=0 tty=ssh ruser= rhost=43.255.190.186  user=root
Apr 11 15:51:49 ovzhost sshd[896]: message repeated 2 times: [ Failed password for root from 43.255.190.152 port 35625 ssh2]
Apr 11 15:51:49 ovzhost sshd[896]: Received disconnect from 43.255.190.152: 11:  [preauth]
Apr 11 15:51:49 ovzhost sshd[896]: PAM 2 more authentication failures; logname= uid=0 euid=0 tty=ssh ruser= rhost=43.255.190.152  user=root
Apr 11 15:51:50 ovzhost sshd[901]: pam_unix(sshd:auth): authentication failure; logname= uid=0 euid=0 tty=ssh ruser= rhost=43.255.190.152  user=root
Apr 11 15:51:51 ovzhost sshd[898]: Failed password for root from 43.255.190.186 port 44593 ssh2
Apr 11 15:51:52 ovzhost sshd[901]: Failed password for root from 43.255.190.152 port 51629 ssh2
Apr 11 15:51:54 ovzhost sshd[898]: message repeated 2 times: [ Failed password for root from 43.255.190.186 port 44593 ssh2]
Apr 11 15:51:54 ovzhost sshd[898]: Received disconnect from 43.255.190.186: 11:  [preauth]
Apr 11 15:51:54 ovzhost sshd[898]: PAM 2 more authentication failures; logname= uid=0 euid=0 tty=ssh ruser= rhost=43.255.190.186  user=root
Apr 11 15:51:55 ovzhost sshd[903]: pam_unix(sshd:auth): authentication failure; logname= uid=0 euid=0 tty=ssh ruser= rhost=43.255.190.186  user=root
Apr 11 15:51:56 ovzhost sshd[901]: message repeated 2 times: [ Failed password for root from 43.255.190.152 port 51629 ssh2]
Apr 11 15:51:56 ovzhost sshd[901]: Received disconnect from 43.255.190.152: 11:  [preauth]
Apr 11 15:51:56 ovzhost sshd[901]: PAM 2 more authentication failures; logname= uid=0 euid=0 tty=ssh ruser= rhost=43.255.190.152  user=root
Apr 11 15:51:56 ovzhost sshd[903]: Failed password for root from 43.255.190.186 port 59816 ssh2
Apr 11 15:51:56 ovzhost sshd[905]: pam_unix(sshd:auth): authentication failure; logname= uid=0 euid=0 tty=ssh ruser= rhost=43.255.190.152  user=root
Apr 11 15:51:58 ovzhost sshd[905]: Failed password for root from 43.255.190.152 port 39575 ssh2
Apr 11 15:52:00 ovzhost sshd[903]: message repeated 2 times: [ Failed password for root from 43.255.190.186 port 59816 ssh2]
Apr 11 15:52:00 ovzhost sshd[903]: Received disconnect from 43.255.190.186: 11:  [preauth]
Apr 11 15:52:00 ovzhost sshd[903]: PAM 2 more authentication failures; logname= uid=0 euid=0 tty=ssh ruser= rhost=43.255.190.186  user=root
Apr 11 15:52:00 ovzhost sshd[907]: pam_unix(sshd:auth): authentication failure; logname= uid=0 euid=0 tty=ssh ruser= rhost=43.255.190.186  user=root
Apr 11 15:52:02 ovzhost sshd[905]: message repeated 2 times: [ Failed password for root from 43.255.190.152 port 39575 ssh2]
Apr 11 15:52:02 ovzhost sshd[905]: Received disconnect from 43.255.190.152: 11:  [preauth]
Apr 11 15:52:02 ovzhost sshd[905]: PAM 2 more authentication failures; logname= uid=0 euid=0 tty=ssh ruser= rhost=43.255.190.152  user=root
Apr 11 15:52:02 ovzhost sshd[907]: Failed password for root from 43.255.190.186 port 45671 ssh2
Apr 11 15:52:03 ovzhost sshd[909]: pam_unix(sshd:auth): authentication failure; logname= uid=0 euid=0 tty=ssh ruser= rhost=43.255.190.152  user=root
Apr 11 15:52:04 ovzhost sshd[909]: Failed password for root from 43.255.190.152 port 56336 ssh2
Apr 11 15:52:06 ovzhost sshd[907]: message repeated 2 times: [ Failed password for root from 43.255.190.186 port 45671 ssh2]
Apr 11 15:52:06 ovzhost sshd[907]: Received disconnect from 43.255.190.186: 11:  [preauth]
Apr 11 15:52:06 ovzhost sshd[907]: PAM 2 more authentication failures; logname= uid=0 euid=0 tty=ssh ruser= rhost=43.255.190.186  user=root
Apr 11 15:52:06 ovzhost sshd[911]: pam_unix(sshd:auth): authentication failure; logname= uid=0 euid=0 tty=ssh ruser= rhost=43.255.190.186  user=root
Apr 11 15:52:08 ovzhost sshd[911]: Failed password for root from 43.255.190.186 port 60690 ssh2
Apr 11 15:52:08 ovzhost sshd[909]: message repeated 2 times: [ Failed password for root from 43.255.190.152 port 56336 ssh2]
Apr 11 15:52:08 ovzhost sshd[909]: Received disconnect from 43.255.190.152: 11:  [preauth]
Apr 11 15:52:08 ovzhost sshd[909]: PAM 2 more authentication failures; logname= uid=0 euid=0 tty=ssh ruser= rhost=43.255.190.152  user=root
Apr 11 15:52:09 ovzhost sshd[913]: pam_unix(sshd:auth): authentication failure; logname= uid=0 euid=0 tty=ssh ruser= rhost=43.255.190.152  user=root
Apr 11 15:52:11 ovzhost sshd[913]: Failed password for root from 43.255.190.152 port 44328 ssh2
Apr 11 15:52:12 ovzhost sshd[911]: message repeated 2 times: [ Failed password for root from 43.255.190.186 port 60690 ssh2]
Apr 11 15:52:12 ovzhost sshd[911]: Received disconnect from 43.255.190.186: 11:  [preauth]
Apr 11 15:52:12 ovzhost sshd[911]: PAM 2 more authentication failures; logname= uid=0 euid=0 tty=ssh ruser= rhost=43.255.190.186  user=root
Apr 11 15:52:13 ovzhost sshd[915]: pam_unix(sshd:auth): authentication failure; logname= uid=0 euid=0 tty=ssh ruser= rhost=43.255.190.186  user=root
Apr 11 15:52:14 ovzhost sshd[915]: Failed password for root from 43.255.190.186 port 47942 ssh2
Apr 11 15:52:15 ovzhost sshd[913]: message repeated 2 times: [ Failed password for root from 43.255.190.152 port 44328 ssh2]
Apr 11 15:52:15 ovzhost sshd[913]: Received disconnect from 43.255.190.152: 11:  [preauth]
Apr 11 15:52:15 ovzhost sshd[913]: PAM 2 more authentication failures; logname= uid=0 euid=0 tty=ssh ruser= rhost=43.255.190.152  user=root
Apr 11 15:52:15 ovzhost sshd[917]: pam_unix(sshd:auth): authentication failure; logname= uid=0 euid=0 tty=ssh ruser= rhost=43.255.190.152  user=root
Apr 11 15:52:17 ovzhost sshd[917]: Failed password for root from 43.255.190.152 port 60077 ssh2
Apr 11 15:52:18 ovzhost sshd[915]: message repeated 2 times: [ Failed password for root from 43.255.190.186 port 47942 ssh2]
Apr 11 15:52:18 ovzhost sshd[915]: Received disconnect from 43.255.190.186: 11:  [preauth]
Apr 11 15:52:18 ovzhost sshd[915]: PAM 2 more authentication failures; logname= uid=0 euid=0 tty=ssh ruser= rhost=43.255.190.186  user=root
Apr 11 15:52:18 ovzhost sshd[919]: pam_unix(sshd:auth): authentication failure; logname= uid=0 euid=0 tty=ssh ruser= rhost=43.255.190.186  user=root
Apr 11 15:52:20 ovzhost sshd[919]: Failed password for root from 43.255.190.186 port 33255 ssh2
Apr 11 15:52:21 ovzhost sshd[917]: message repeated 2 times: [ Failed password for root from 43.255.190.152 port 60077 ssh2]
Apr 11 15:52:21 ovzhost sshd[917]: Received disconnect from 43.255.190.152: 11:  [preauth]
Apr 11 15:52:21 ovzhost sshd[917]: PAM 2 more authentication failures; logname= uid=0 euid=0 tty=ssh ruser= rhost=43.255.190.152  user=root
Apr 11 15:52:21 ovzhost sshd[921]: pam_unix(sshd:auth): authentication failure; logname= uid=0 euid=0 tty=ssh ruser= rhost=43.255.190.152  user=root
Apr 11 15:52:23 ovzhost sshd[921]: Failed password for root from 43.255.190.152 port 48081 ssh2
Apr 11 15:52:24 ovzhost sshd[919]: message repeated 2 times: [ Failed password for root from 43.255.190.186 port 33255 ssh2]
Apr 11 15:52:24 ovzhost sshd[919]: Received disconnect from 43.255.190.186: 11:  [preauth]
Apr 11 15:52:24 ovzhost sshd[919]: PAM 2 more authentication failures; logname= uid=0 euid=0 tty=ssh ruser= rhost=43.255.190.186  user=root
Apr 11 15:52:25 ovzhost sshd[923]: pam_unix(sshd:auth): authentication failure; logname= uid=0 euid=0 tty=ssh ruser= rhost=43.255.190.186  user=root
Apr 11 15:52:26 ovzhost sshd[923]: Failed password for root from 43.255.190.186 port 48052 ssh2
Apr 11 15:52:27 ovzhost sshd[921]: message repeated 2 times: [ Failed password for root from 43.255.190.152 port 48081 ssh2]
Apr 11 15:52:27 ovzhost sshd[921]: Received disconnect from 43.255.190.152: 11:  [preauth]
Apr 11 15:52:27 ovzhost sshd[921]: PAM 2 more authentication failures; logname= uid=0 euid=0 tty=ssh ruser= rhost=43.255.190.152  user=root
Apr 11 15:52:27 ovzhost sshd[925]: pam_unix(sshd:auth): authentication failure; logname= uid=0 euid=0 tty=ssh ruser= rhost=43.255.190.152  user=root
Apr 11 15:52:29 ovzhost sshd[925]: Failed password for root from 43.255.190.152 port 34927 ssh2
Apr 11 15:52:30 ovzhost sshd[923]: message repeated 2 times: [ Failed password for root from 43.255.190.186 port 48052 ssh2]
Apr 11 15:52:30 ovzhost sshd[923]: Received disconnect from 43.255.190.186: 11:  [preauth]
Apr 11 15:52:30 ovzhost sshd[923]: PAM 2 more authentication failures; logname= uid=0 euid=0 tty=ssh ruser= rhost=43.255.190.186  user=root
Apr 11 15:52:30 ovzhost sshd[927]: pam_unix(sshd:auth): authentication failure; logname= uid=0 euid=0 tty=ssh ruser= rhost=43.255.190.186  user=root
Apr 11 15:52:32 ovzhost sshd[927]: Failed password for root from 43.255.190.186 port 34749 ssh2
Apr 11 15:52:33 ovzhost sshd[925]: message repeated 2 times: [ Failed password for root from 43.255.190.152 port 34927 ssh2]
Apr 11 15:52:33 ovzhost sshd[925]: Received disconnect from 43.255.190.152: 11:  [preauth]
Apr 11 15:52:33 ovzhost sshd[925]: PAM 2 more authentication failures; logname= uid=0 euid=0 tty=ssh ruser= rhost=43.255.190.152  user=root
Apr 11 15:52:34 ovzhost sshd[929]: pam_unix(sshd:auth): authentication failure; logname= uid=0 euid=0 tty=ssh ruser= rhost=43.255.190.152  user=root
Apr 11 15:52:36 ovzhost sshd[927]: message repeated 2 times: [ Failed password for root from 43.255.190.186 port 34749 ssh2]
Apr 11 15:52:36 ovzhost sshd[927]: Received disconnect from 43.255.190.186: 11:  [preauth]
Apr 11 15:52:36 ovzhost sshd[927]: PAM 2 more authentication failures; logname= uid=0 euid=0 tty=ssh ruser= rhost=43.255.190.186  user=root
Apr 11 15:52:36 ovzhost sshd[929]: Failed password for root from 43.255.190.152 port 51587 ssh2
Apr 11 15:52:37 ovzhost sshd[931]: pam_unix(sshd:auth): authentication failure; logname= uid=0 euid=0 tty=ssh ruser= rhost=43.255.190.186  user=root
Apr 11 15:52:38 ovzhost sshd[931]: Failed password for root from 43.255.190.186 port 51273 ssh2
Apr 11 15:52:41 ovzhost sshd[929]: message repeated 2 times: [ Failed password for root from 43.255.190.152 port 51587 ssh2]
Apr 11 15:52:41 ovzhost sshd[929]: Received disconnect from 43.255.190.152: 11:  [preauth]
Apr 11 15:52:41 ovzhost sshd[929]: PAM 2 more authentication failures; logname= uid=0 euid=0 tty=ssh ruser= rhost=43.255.190.152  user=root
Apr 11 15:52:41 ovzhost sshd[933]: pam_unix(sshd:auth): authentication failure; logname= uid=0 euid=0 tty=ssh ruser= rhost=43.255.190.152  user=root
Apr 11 15:52:42 ovzhost sshd[931]: message repeated 2 times: [ Failed password for root from 43.255.190.186 port 51273 ssh2]
Apr 11 15:52:42 ovzhost sshd[931]: Received disconnect from 43.255.190.186: 11:  [preauth]
Apr 11 15:52:42 ovzhost sshd[931]: PAM 2 more authentication failures; logname= uid=0 euid=0 tty=ssh ruser= rhost=43.255.190.186  user=root
Apr 11 15:52:42 ovzhost sshd[935]: pam_unix(sshd:auth): authentication failure; logname= uid=0 euid=0 tty=ssh ruser= rhost=43.255.190.186  user=root
Apr 11 15:52:43 ovzhost sshd[933]: Failed password for root from 43.255.190.152 port 41734 ssh2
Apr 11 15:52:44 ovzhost sshd[935]: Failed password for root from 43.255.190.186 port 37823 ssh2
Apr 11 15:52:48 ovzhost sshd[933]: message repeated 2 times: [ Failed password for root from 43.255.190.152 port 41734 ssh2]
Apr 11 15:52:48 ovzhost sshd[933]: Received disconnect from 43.255.190.152: 11:  [preauth]
Apr 11 15:52:48 ovzhost sshd[933]: PAM 2 more authentication failures; logname= uid=0 euid=0 tty=ssh ruser= rhost=43.255.190.152  user=root
Apr 11 15:52:49 ovzhost sshd[937]: pam_unix(sshd:auth): authentication failure; logname= uid=0 euid=0 tty=ssh ruser= rhost=43.255.190.152  user=root
Apr 11 15:52:49 ovzhost sshd[935]: message repeated 2 times: [ Failed password for root from 43.255.190.186 port 37823 ssh2]
Apr 11 15:52:49 ovzhost sshd[935]: Received disconnect from 43.255.190.186: 11:  [preauth]
Apr 11 15:52:49 ovzhost sshd[935]: PAM 2 more authentication failures; logname= uid=0 euid=0 tty=ssh ruser= rhost=43.255.190.186  user=root
Apr 11 15:52:49 ovzhost sshd[939]: pam_unix(sshd:auth): authentication failure; logname= uid=0 euid=0 tty=ssh ruser= rhost=43.255.190.186  user=root
Apr 11 15:52:51 ovzhost sshd[937]: Failed password for root from 43.255.190.152 port 58929 ssh2
Apr 11 15:52:51 ovzhost sshd[939]: Failed password for root from 43.255.190.186 port 54033 ssh2
Apr 11 15:52:54 ovzhost sshd[937]: message repeated 2 times: [ Failed password for root from 43.255.190.152 port 58929 ssh2]
Apr 11 15:52:54 ovzhost sshd[937]: Received disconnect from 43.255.190.152: 11:  [preauth]
Apr 11 15:52:54 ovzhost sshd[937]: PAM 2 more authentication failures; logname= uid=0 euid=0 tty=ssh ruser= rhost=43.255.190.152  user=root
Apr 11 15:52:55 ovzhost sshd[942]: pam_unix(sshd:auth): authentication failure; logname= uid=0 euid=0 tty=ssh ruser= rhost=43.255.190.152  user=root
Apr 11 15:52:55 ovzhost sshd[939]: message repeated 2 times: [ Failed password for root from 43.255.190.186 port 54033 ssh2]
Apr 11 15:52:55 ovzhost sshd[939]: Received disconnect from 43.255.190.186: 11:  [preauth]
Apr 11 15:52:55 ovzhost sshd[939]: PAM 2 more authentication failures; logname= uid=0 euid=0 tty=ssh ruser= rhost=43.255.190.186  user=root
Apr 11 15:52:56 ovzhost sshd[944]: pam_unix(sshd:auth): authentication failure; logname= uid=0 euid=0 tty=ssh ruser= rhost=43.255.190.186  user=root
Apr 11 15:52:57 ovzhost sshd[944]: Failed password for root from 43.255.190.186 port 41388 ssh2
Apr 11 15:52:58 ovzhost sshd[942]: Failed password for root from 43.255.190.152 port 46828 ssh2
Apr 11 15:53:01 ovzhost sshd[944]: message repeated 2 times: [ Failed password for root from 43.255.190.186 port 41388 ssh2]
Apr 11 15:53:02 ovzhost sshd[944]: Received disconnect from 43.255.190.186: 11:  [preauth]
Apr 11 15:53:02 ovzhost sshd[944]: PAM 2 more authentication failures; logname= uid=0 euid=0 tty=ssh ruser= rhost=43.255.190.186  user=root
Apr 11 15:53:02 ovzhost sshd[948]: pam_unix(sshd:auth): authentication failure; logname= uid=0 euid=0 tty=ssh ruser= rhost=43.255.190.186  user=root
Apr 11 15:53:02 ovzhost sshd[942]: message repeated 2 times: [ Failed password for root from 43.255.190.152 port 46828 ssh2]
Apr 11 15:53:02 ovzhost sshd[942]: Received disconnect from 43.255.190.152: 11:  [preauth]
Apr 11 15:53:02 ovzhost sshd[942]: PAM 2 more authentication failures; logname= uid=0 euid=0 tty=ssh ruser= rhost=43.255.190.152  user=root
Apr 11 15:53:03 ovzhost sshd[950]: pam_unix(sshd:auth): authentication failure; logname= uid=0 euid=0 tty=ssh ruser= rhost=43.255.190.152  user=root
Apr 11 15:53:04 ovzhost sshd[948]: Failed password for root from 43.255.190.186 port 56360 ssh2
Apr 11 15:53:05 ovzhost sshd[950]: Failed password for root from 43.255.190.152 port 39359 ssh2
Apr 11 15:53:08 ovzhost sshd[948]: message repeated 2 times: [ Failed password for root from 43.255.190.186 port 56360 ssh2]
Apr 11 15:53:08 ovzhost sshd[948]: Received disconnect from 43.255.190.186: 11:  [preauth]
Apr 11 15:53:08 ovzhost sshd[948]: PAM 2 more authentication failures; logname= uid=0 euid=0 tty=ssh ruser= rhost=43.255.190.186  user=root
Apr 11 15:53:09 ovzhost sshd[952]: pam_unix(sshd:auth): authentication failure; logname= uid=0 euid=0 tty=ssh ruser= rhost=43.255.190.186  user=root
Apr 11 15:53:09 ovzhost sshd[950]: message repeated 2 times: [ Failed password for root from 43.255.190.152 port 39359 ssh2]
Apr 11 15:53:09 ovzhost sshd[950]: Received disconnect from 43.255.190.152: 11:  [preauth]
Apr 11 15:53:09 ovzhost sshd[950]: PAM 2 more authentication failures; logname= uid=0 euid=0 tty=ssh ruser= rhost=43.255.190.152  user=root
Apr 11 15:53:10 ovzhost sshd[954]: pam_unix(sshd:auth): authentication failure; logname= uid=0 euid=0 tty=ssh ruser= rhost=43.255.190.152  user=root
Apr 11 15:53:11 ovzhost sshd[952]: Failed password for root from 43.255.190.186 port 44338 ssh2
Apr 11 15:53:12 ovzhost sshd[954]: Failed password for root from 43.255.190.152 port 57904 ssh2
Apr 11 15:53:15 ovzhost sshd[952]: message repeated 2 times: [ Failed password for root from 43.255.190.186 port 44338 ssh2]
Apr 11 15:53:15 ovzhost sshd[952]: Received disconnect from 43.255.190.186: 11:  [preauth]
Apr 11 15:53:15 ovzhost sshd[952]: PAM 2 more authentication failures; logname= uid=0 euid=0 tty=ssh ruser= rhost=43.255.190.186  user=root
Apr 11 15:53:16 ovzhost sshd[956]: pam_unix(sshd:auth): authentication failure; logname= uid=0 euid=0 tty=ssh ruser= rhost=43.255.190.186  user=root
Apr 11 15:53:16 ovzhost sshd[954]: message repeated 2 times: [ Failed password for root from 43.255.190.152 port 57904 ssh2]
Apr 11 15:53:16 ovzhost sshd[954]: Received disconnect from 43.255.190.152: 11:  [preauth]
Apr 11 15:53:16 ovzhost sshd[954]: PAM 2 more authentication failures; logname= uid=0 euid=0 tty=ssh ruser= rhost=43.255.190.152  user=root
Apr 11 15:53:17 ovzhost sshd[958]: pam_unix(sshd:auth): authentication failure; logname= uid=0 euid=0 tty=ssh ruser= rhost=43.255.190.152  user=root
Apr 11 15:53:18 ovzhost sshd[956]: Failed password for root from 43.255.190.186 port 60688 ssh2
Apr 11 15:53:18 ovzhost sshd[958]: Failed password for root from 43.255.190.152 port 46729 ssh2
Apr 11 15:53:22 ovzhost sshd[956]: message repeated 2 times: [ Failed password for root from 43.255.190.186 port 60688 ssh2]
Apr 11 15:53:22 ovzhost sshd[956]: Received disconnect from 43.255.190.186: 11:  [preauth]
Apr 11 15:53:22 ovzhost sshd[956]: PAM 2 more authentication failures; logname= uid=0 euid=0 tty=ssh ruser= rhost=43.255.190.186  user=root
Apr 11 15:53:22 ovzhost sshd[960]: pam_unix(sshd:auth): authentication failure; logname= uid=0 euid=0 tty=ssh ruser= rhost=43.255.190.186  user=root
Apr 11 15:53:23 ovzhost sshd[958]: message repeated 2 times: [ Failed password for root from 43.255.190.152 port 46729 ssh2]
Apr 11 15:53:23 ovzhost sshd[958]: Received disconnect from 43.255.190.152: 11:  [preauth]
Apr 11 15:53:23 ovzhost sshd[958]: PAM 2 more authentication failures; logname= uid=0 euid=0 tty=ssh ruser= rhost=43.255.190.152  user=root
Apr 11 15:53:24 ovzhost sshd[962]: pam_unix(sshd:auth): authentication failure; logname= uid=0 euid=0 tty=ssh ruser= rhost=43.255.190.152  user=root
Apr 11 15:53:25 ovzhost sshd[960]: Failed password for root from 43.255.190.186 port 47559 ssh2
Apr 11 15:53:26 ovzhost sshd[962]: Failed password for root from 43.255.190.152 port 36044 ssh2
Apr 11 15:53:29 ovzhost sshd[960]: message repeated 2 times: [ Failed password for root from 43.255.190.186 port 47559 ssh2]
Apr 11 15:53:29 ovzhost sshd[960]: Received disconnect from 43.255.190.186: 11:  [preauth]
Apr 11 15:53:29 ovzhost sshd[960]: PAM 2 more authentication failures; logname= uid=0 euid=0 tty=ssh ruser= rhost=43.255.190.186  user=root
Apr 11 15:53:29 ovzhost sshd[964]: pam_unix(sshd:auth): authentication failure; logname= uid=0 euid=0 tty=ssh ruser= rhost=43.255.190.186  user=root
Apr 11 15:53:30 ovzhost sshd[962]: message repeated 2 times: [ Failed password for root from 43.255.190.152 port 36044 ssh2]
Apr 11 15:53:30 ovzhost sshd[962]: Received disconnect from 43.255.190.152: 11:  [preauth]
Apr 11 15:53:30 ovzhost sshd[962]: PAM 2 more authentication failures; logname= uid=0 euid=0 tty=ssh ruser= rhost=43.255.190.152  user=root
Apr 11 15:53:31 ovzhost sshd[966]: pam_unix(sshd:auth): authentication failure; logname= uid=0 euid=0 tty=ssh ruser= rhost=43.255.190.152  user=root
Apr 11 15:53:31 ovzhost sshd[964]: Failed password for root from 43.255.190.186 port 35352 ssh2
Apr 11 15:53:33 ovzhost sshd[966]: Failed password for root from 43.255.190.152 port 52344 ssh2
Apr 11 15:53:35 ovzhost sshd[964]: message repeated 2 times: [ Failed password for root from 43.255.190.186 port 35352 ssh2]
Apr 11 15:53:36 ovzhost sshd[964]: Received disconnect from 43.255.190.186: 11:  [preauth]
Apr 11 15:53:36 ovzhost sshd[964]: PAM 2 more authentication failures; logname= uid=0 euid=0 tty=ssh ruser= rhost=43.255.190.186  user=root
Apr 11 15:53:36 ovzhost sshd[968]: pam_unix(sshd:auth): authentication failure; logname= uid=0 euid=0 tty=ssh ruser= rhost=43.255.190.186  user=root
Apr 11 15:53:37 ovzhost sshd[966]: message repeated 2 times: [ Failed password for root from 43.255.190.152 port 52344 ssh2]
Apr 11 15:53:37 ovzhost sshd[966]: Received disconnect from 43.255.190.152: 11:  [preauth]
Apr 11 15:53:37 ovzhost sshd[966]: PAM 2 more authentication failures; logname= uid=0 euid=0 tty=ssh ruser= rhost=43.255.190.152  user=root
Apr 11 15:53:38 ovzhost sshd[970]: pam_unix(sshd:auth): authentication failure; logname= uid=0 euid=0 tty=ssh ruser= rhost=43.255.190.152  user=root
Apr 11 15:53:38 ovzhost sshd[968]: Failed password for root from 43.255.190.186 port 50658 ssh2
Apr 11 15:53:40 ovzhost sshd[970]: Failed password for root from 43.255.190.152 port 41105 ssh2
Apr 11 15:53:42 ovzhost sshd[968]: message repeated 2 times: [ Failed password for root from 43.255.190.186 port 50658 ssh2]
Apr 11 15:53:42 ovzhost sshd[968]: Received disconnect from 43.255.190.186: 11:  [preauth]
Apr 11 15:53:42 ovzhost sshd[968]: PAM 2 more authentication failures; logname= uid=0 euid=0 tty=ssh ruser= rhost=43.255.190.186  user=root
Apr 11 15:53:43 ovzhost sshd[972]: pam_unix(sshd:auth): authentication failure; logname= uid=0 euid=0 tty=ssh ruser= rhost=43.255.190.186  user=root
Apr 11 15:53:44 ovzhost sshd[970]: message repeated 2 times: [ Failed password for root from 43.255.190.152 port 41105 ssh2]
Apr 11 15:53:45 ovzhost sshd[970]: Received disconnect from 43.255.190.152: 11:  [preauth]
Apr 11 15:53:45 ovzhost sshd[970]: PAM 2 more authentication failures; logname= uid=0 euid=0 tty=ssh ruser= rhost=43.255.190.152  user=root
Apr 11 15:53:45 ovzhost sshd[974]: pam_unix(sshd:auth): authentication failure; logname= uid=0 euid=0 tty=ssh ruser= rhost=43.255.190.152  user=root
Apr 11 15:53:45 ovzhost sshd[972]: Failed password for root from 43.255.190.186 port 38050 ssh2
Apr 11 15:53:47 ovzhost sshd[974]: Failed password for root from 43.255.190.152 port 57911 ssh2
Apr 11 15:53:50 ovzhost sshd[972]: message repeated 2 times: [ Failed password for root from 43.255.190.186 port 38050 ssh2]
Apr 11 15:53:50 ovzhost sshd[972]: Received disconnect from 43.255.190.186: 11:  [preauth]
Apr 11 15:53:50 ovzhost sshd[972]: PAM 2 more authentication failures; logname= uid=0 euid=0 tty=ssh ruser= rhost=43.255.190.186  user=root
Apr 11 15:53:50 ovzhost sshd[976]: pam_unix(sshd:auth): authentication failure; logname= uid=0 euid=0 tty=ssh ruser= rhost=43.255.190.186  user=root
Apr 11 15:53:51 ovzhost sshd[974]: message repeated 2 times: [ Failed password for root from 43.255.190.152 port 57911 ssh2]
Apr 11 15:53:51 ovzhost sshd[974]: Received disconnect from 43.255.190.152: 11:  [preauth]
Apr 11 15:53:51 ovzhost sshd[974]: PAM 2 more authentication failures; logname= uid=0 euid=0 tty=ssh ruser= rhost=43.255.190.152  user=root
Apr 11 15:53:52 ovzhost sshd[978]: pam_unix(sshd:auth): authentication failure; logname= uid=0 euid=0 tty=ssh ruser= rhost=43.255.190.152  user=root
Apr 11 15:53:52 ovzhost sshd[976]: Failed password for root from 43.255.190.186 port 54966 ssh2
Apr 11 15:53:54 ovzhost sshd[978]: Failed password for root from 43.255.190.152 port 45620 ssh2
Apr 11 15:53:57 ovzhost sshd[976]: message repeated 2 times: [ Failed password for root from 43.255.190.186 port 54966 ssh2]
Apr 11 15:53:57 ovzhost sshd[976]: Received disconnect from 43.255.190.186: 11:  [preauth]
Apr 11 15:53:57 ovzhost sshd[976]: PAM 2 more authentication failures; logname= uid=0 euid=0 tty=ssh ruser= rhost=43.255.190.186  user=root
Apr 11 15:53:57 ovzhost sshd[982]: pam_unix(sshd:auth): authentication failure; logname= uid=0 euid=0 tty=ssh ruser= rhost=43.255.190.186  user=root
Apr 11 15:53:59 ovzhost sshd[978]: message repeated 2 times: [ Failed password for root from 43.255.190.152 port 45620 ssh2]
Apr 11 15:53:59 ovzhost sshd[978]: Received disconnect from 43.255.190.152: 11:  [preauth]
Apr 11 15:53:59 ovzhost sshd[978]: PAM 2 more authentication failures; logname= uid=0 euid=0 tty=ssh ruser= rhost=43.255.190.152  user=root
Apr 11 15:53:59 ovzhost sshd[984]: pam_unix(sshd:auth): authentication failure; logname= uid=0 euid=0 tty=ssh ruser= rhost=43.255.190.152  user=root
Apr 11 15:53:59 ovzhost sshd[982]: Failed password for root from 43.255.190.186 port 42304 ssh2
Apr 11 15:54:02 ovzhost sshd[984]: Failed password for root from 43.255.190.152 port 34726 ssh2
Apr 11 15:54:04 ovzhost sshd[982]: message repeated 2 times: [ Failed password for root from 43.255.190.186 port 42304 ssh2]
Apr 11 15:54:04 ovzhost sshd[982]: Received disconnect from 43.255.190.186: 11:  [preauth]
Apr 11 15:54:04 ovzhost sshd[982]: PAM 2 more authentication failures; logname= uid=0 euid=0 tty=ssh ruser= rhost=43.255.190.186  user=root
Apr 11 15:54:04 ovzhost sshd[986]: pam_unix(sshd:auth): authentication failure; logname= uid=0 euid=0 tty=ssh ruser= rhost=43.255.190.186  user=root
Apr 11 15:54:06 ovzhost sshd[984]: message repeated 2 times: [ Failed password for root from 43.255.190.152 port 34726 ssh2]
Apr 11 15:54:06 ovzhost sshd[984]: Received disconnect from 43.255.190.152: 11:  [preauth]
Apr 11 15:54:06 ovzhost sshd[984]: PAM 2 more authentication failures; logname= uid=0 euid=0 tty=ssh ruser= rhost=43.255.190.152  user=root
Apr 11 15:54:07 ovzhost sshd[988]: pam_unix(sshd:auth): authentication failure; logname= uid=0 euid=0 tty=ssh ruser= rhost=43.255.190.152  user=root
Apr 11 15:54:07 ovzhost sshd[986]: Failed password for root from 43.255.190.186 port 58518 ssh2
Apr 11 15:54:09 ovzhost sshd[988]: Failed password for root from 43.255.190.152 port 51379 ssh2
Apr 11 15:54:11 ovzhost sshd[986]: message repeated 2 times: [ Failed password for root from 43.255.190.186 port 58518 ssh2]
Apr 11 15:54:11 ovzhost sshd[986]: Received disconnect from 43.255.190.186: 11:  [preauth]
Apr 11 15:54:11 ovzhost sshd[986]: PAM 2 more authentication failures; logname= uid=0 euid=0 tty=ssh ruser= rhost=43.255.190.186  user=root
Apr 11 15:54:11 ovzhost sshd[990]: pam_unix(sshd:auth): authentication failure; logname= uid=0 euid=0 tty=ssh ruser= rhost=43.255.190.186  user=root
Apr 11 15:54:12 ovzhost sshd[988]: message repeated 2 times: [ Failed password for root from 43.255.190.152 port 51379 ssh2]
Apr 11 15:54:12 ovzhost sshd[988]: Received disconnect from 43.255.190.152: 11:  [preauth]
Apr 11 15:54:12 ovzhost sshd[988]: PAM 2 more authentication failures; logname= uid=0 euid=0 tty=ssh ruser= rhost=43.255.190.152  user=root
Apr 11 15:54:13 ovzhost sshd[992]: pam_unix(sshd:auth): authentication failure; logname= uid=0 euid=0 tty=ssh ruser= rhost=43.255.190.152  user=root
Apr 11 15:54:14 ovzhost sshd[990]: Failed password for root from 43.255.190.186 port 45597 ssh2
Apr 11 15:54:16 ovzhost sshd[992]: Failed password for root from 43.255.190.152 port 38731 ssh2
Apr 11 15:54:18 ovzhost sshd[990]: message repeated 2 times: [ Failed password for root from 43.255.190.186 port 45597 ssh2]
Apr 11 15:54:18 ovzhost sshd[990]: Received disconnect from 43.255.190.186: 11:  [preauth]
Apr 11 15:54:18 ovzhost sshd[990]: PAM 2 more authentication failures; logname= uid=0 euid=0 tty=ssh ruser= rhost=43.255.190.186  user=root
Apr 11 15:54:18 ovzhost sshd[994]: pam_unix(sshd:auth): authentication failure; logname= uid=0 euid=0 tty=ssh ruser= rhost=43.255.190.186  user=root
Apr 11 15:54:20 ovzhost sshd[992]: message repeated 2 times: [ Failed password for root from 43.255.190.152 port 38731 ssh2]
Apr 11 15:54:20 ovzhost sshd[992]: Received disconnect from 43.255.190.152: 11:  [preauth]
Apr 11 15:54:20 ovzhost sshd[992]: PAM 2 more authentication failures; logname= uid=0 euid=0 tty=ssh ruser= rhost=43.255.190.152  user=root
Apr 11 15:54:20 ovzhost sshd[994]: Failed password for root from 43.255.190.186 port 60393 ssh2
Apr 11 15:54:21 ovzhost sshd[996]: pam_unix(sshd:auth): authentication failure; logname= uid=0 euid=0 tty=ssh ruser= rhost=43.255.190.152  user=root
Apr 11 15:54:22 ovzhost sshd[996]: Failed password for root from 43.255.190.152 port 55440 ssh2
Apr 11 15:54:24 ovzhost sshd[994]: message repeated 2 times: [ Failed password for root from 43.255.190.186 port 60393 ssh2]
Apr 11 15:54:24 ovzhost sshd[994]: Received disconnect from 43.255.190.186: 11:  [preauth]
Apr 11 15:54:24 ovzhost sshd[994]: PAM 2 more authentication failures; logname= uid=0 euid=0 tty=ssh ruser= rhost=43.255.190.186  user=root
Apr 11 15:54:25 ovzhost sshd[998]: pam_unix(sshd:auth): authentication failure; logname= uid=0 euid=0 tty=ssh ruser= rhost=43.255.190.186  user=root
Apr 11 15:54:27 ovzhost sshd[996]: message repeated 2 times: [ Failed password for root from 43.255.190.152 port 55440 ssh2]
Apr 11 15:54:27 ovzhost sshd[996]: Received disconnect from 43.255.190.152: 11:  [preauth]
Apr 11 15:54:27 ovzhost sshd[996]: PAM 2 more authentication failures; logname= uid=0 euid=0 tty=ssh ruser= rhost=43.255.190.152  user=root
Apr 11 15:54:27 ovzhost sshd[998]: Failed password for root from 43.255.190.186 port 47618 ssh2
Apr 11 15:54:27 ovzhost sshd[1000]: pam_unix(sshd:auth): authentication failure; logname= uid=0 euid=0 tty=ssh ruser= rhost=43.255.190.152  user=root
Apr 11 15:54:30 ovzhost sshd[1000]: Failed password for root from 43.255.190.152 port 42284 ssh2
Apr 11 15:54:32 ovzhost sshd[998]: message repeated 2 times: [ Failed password for root from 43.255.190.186 port 47618 ssh2]
Apr 11 15:54:32 ovzhost sshd[998]: Received disconnect from 43.255.190.186: 11:  [preauth]
Apr 11 15:54:32 ovzhost sshd[998]: PAM 2 more authentication failures; logname= uid=0 euid=0 tty=ssh ruser= rhost=43.255.190.186  user=root
Apr 11 15:54:32 ovzhost sshd[1002]: pam_unix(sshd:auth): authentication failure; logname= uid=0 euid=0 tty=ssh ruser= rhost=43.255.190.186  user=root
Apr 11 15:54:34 ovzhost sshd[1000]: message repeated 2 times: [ Failed password for root from 43.255.190.152 port 42284 ssh2]
Apr 11 15:54:34 ovzhost sshd[1000]: Received disconnect from 43.255.190.152: 11:  [preauth]
Apr 11 15:54:34 ovzhost sshd[1000]: PAM 2 more authentication failures; logname= uid=0 euid=0 tty=ssh ruser= rhost=43.255.190.152  user=root
Apr 11 15:54:34 ovzhost sshd[1002]: Failed password for root from 43.255.190.186 port 35349 ssh2
Apr 11 15:54:34 ovzhost sshd[1004]: pam_unix(sshd:auth): authentication failure; logname= uid=0 euid=0 tty=ssh ruser= rhost=43.255.190.152  user=root
Apr 11 15:54:36 ovzhost sshd[1004]: Failed password for root from 43.255.190.152 port 57622 ssh2
Apr 11 15:54:39 ovzhost sshd[1002]: message repeated 2 times: [ Failed password for root from 43.255.190.186 port 35349 ssh2]
Apr 11 15:54:39 ovzhost sshd[1002]: Received disconnect from 43.255.190.186: 11:  [preauth]
Apr 11 15:54:39 ovzhost sshd[1002]: PAM 2 more authentication failures; logname= uid=0 euid=0 tty=ssh ruser= rhost=43.255.190.186  user=root
Apr 11 15:54:39 ovzhost sshd[1009]: Connection closed by 127.0.0.1 [preauth]
Apr 11 15:54:39 ovzhost sshd[1006]: pam_unix(sshd:auth): authentication failure; logname= uid=0 euid=0 tty=ssh ruser= rhost=43.255.190.186  user=root
Apr 11 15:54:41 ovzhost sshd[1004]: message repeated 2 times: [ Failed password for root from 43.255.190.152 port 57622 ssh2]
Apr 11 15:54:41 ovzhost sshd[1004]: Received disconnect from 43.255.190.152: 11:  [preauth]
Apr 11 15:54:41 ovzhost sshd[1004]: PAM 2 more authentication failures; logname= uid=0 euid=0 tty=ssh ruser= rhost=43.255.190.152  user=root
Apr 11 15:54:42 ovzhost sshd[1006]: Failed password for root from 43.255.190.186 port 51130 ssh2
Apr 11 15:54:42 ovzhost sshd[1011]: pam_unix(sshd:auth): authentication failure; logname= uid=0 euid=0 tty=ssh ruser= rhost=43.255.190.152  user=root
Apr 11 15:54:44 ovzhost sshd[1011]: Failed password for root from 43.255.190.152 port 45729 ssh2
Apr 11 15:54:45 ovzhost sshd[1006]: message repeated 2 times: [ Failed password for root from 43.255.190.186 port 51130 ssh2]
Apr 11 15:54:45 ovzhost sshd[1006]: Received disconnect from 43.255.190.186: 11:  [preauth]
Apr 11 15:54:45 ovzhost sshd[1006]: PAM 2 more authentication failures; logname= uid=0 euid=0 tty=ssh ruser= rhost=43.255.190.186  user=root
Apr 11 15:54:46 ovzhost sshd[1013]: pam_unix(sshd:auth): authentication failure; logname= uid=0 euid=0 tty=ssh ruser= rhost=43.255.190.186  user=root
Apr 11 15:54:47 ovzhost sshd[1011]: message repeated 2 times: [ Failed password for root from 43.255.190.152 port 45729 ssh2]
Apr 11 15:54:47 ovzhost sshd[1011]: Received disconnect from 43.255.190.152: 11:  [preauth]
Apr 11 15:54:47 ovzhost sshd[1011]: PAM 2 more authentication failures; logname= uid=0 euid=0 tty=ssh ruser= rhost=43.255.190.152  user=root
Apr 11 15:54:48 ovzhost sshd[1015]: pam_unix(sshd:auth): authentication failure; logname= uid=0 euid=0 tty=ssh ruser= rhost=43.255.190.152  user=root
Apr 11 15:54:48 ovzhost sshd[1013]: Failed password for root from 43.255.190.186 port 37420 ssh2
Apr 11 15:54:50 ovzhost sshd[1015]: Failed password for root from 43.255.190.152 port 58617 ssh2
Apr 11 15:54:53 ovzhost sshd[1013]: message repeated 2 times: [ Failed password for root from 43.255.190.186 port 37420 ssh2]
Apr 11 15:54:53 ovzhost sshd[1013]: Received disconnect from 43.255.190.186: 11:  [preauth]
Apr 11 15:54:53 ovzhost sshd[1013]: PAM 2 more authentication failures; logname= uid=0 euid=0 tty=ssh ruser= rhost=43.255.190.186  user=root
Apr 11 15:54:54 ovzhost sshd[1018]: pam_unix(sshd:auth): authentication failure; logname= uid=0 euid=0 tty=ssh ruser= rhost=43.255.190.186  user=root
Apr 11 15:54:54 ovzhost sshd[1015]: message repeated 2 times: [ Failed password for root from 43.255.190.152 port 58617 ssh2]
Apr 11 15:54:54 ovzhost sshd[1015]: Received disconnect from 43.255.190.152: 11:  [preauth]
Apr 11 15:54:54 ovzhost sshd[1015]: PAM 2 more authentication failures; logname= uid=0 euid=0 tty=ssh ruser= rhost=43.255.190.152  user=root
Apr 11 15:54:55 ovzhost sshd[1020]: pam_unix(sshd:auth): authentication failure; logname= uid=0 euid=0 tty=ssh ruser= rhost=43.255.190.152  user=root
Apr 11 15:54:56 ovzhost sshd[1018]: Failed password for root from 43.255.190.186 port 53927 ssh2
Apr 11 15:54:57 ovzhost sshd[1020]: Failed password for root from 43.255.190.152 port 45904 ssh2
Apr 11 15:55:00 ovzhost sshd[1018]: message repeated 2 times: [ Failed password for root from 43.255.190.186 port 53927 ssh2]
Apr 11 15:55:00 ovzhost sshd[1018]: Received disconnect from 43.255.190.186: 11:  [preauth]
Apr 11 15:55:00 ovzhost sshd[1018]: PAM 2 more authentication failures; logname= uid=0 euid=0 tty=ssh ruser= rhost=43.255.190.186  user=root
Apr 11 15:55:00 ovzhost sshd[1022]: pam_unix(sshd:auth): authentication failure; logname= uid=0 euid=0 tty=ssh ruser= rhost=43.255.190.186  user=root
Apr 11 15:55:02 ovzhost sshd[1020]: message repeated 2 times: [ Failed password for root from 43.255.190.152 port 45904 ssh2]
Apr 11 15:55:02 ovzhost sshd[1020]: Received disconnect from 43.255.190.152: 11:  [preauth]
Apr 11 15:55:02 ovzhost sshd[1020]: PAM 2 more authentication failures; logname= uid=0 euid=0 tty=ssh ruser= rhost=43.255.190.152  user=root
Apr 11 15:55:02 ovzhost sshd[1024]: pam_unix(sshd:auth): authentication failure; logname= uid=0 euid=0 tty=ssh ruser= rhost=43.255.190.152  user=root
Apr 11 15:55:03 ovzhost sshd[1022]: Failed password for root from 43.255.190.186 port 40054 ssh2
Apr 11 15:55:04 ovzhost sshd[1024]: Failed password for root from 43.255.190.152 port 33599 ssh2
Apr 11 15:55:07 ovzhost sshd[1022]: message repeated 2 times: [ Failed password for root from 43.255.190.186 port 40054 ssh2]
Apr 11 15:55:07 ovzhost sshd[1022]: Received disconnect from 43.255.190.186: 11:  [preauth]
Apr 11 15:55:07 ovzhost sshd[1022]: PAM 2 more authentication failures; logname= uid=0 euid=0 tty=ssh ruser= rhost=43.255.190.186  user=root
Apr 11 15:55:08 ovzhost sshd[1026]: pam_unix(sshd:auth): authentication failure; logname= uid=0 euid=0 tty=ssh ruser= rhost=43.255.190.186  user=root
Apr 11 15:55:09 ovzhost sshd[1024]: message repeated 2 times: [ Failed password for root from 43.255.190.152 port 33599 ssh2]
Apr 11 15:55:09 ovzhost sshd[1024]: Received disconnect from 43.255.190.152: 11:  [preauth]
Apr 11 15:55:09 ovzhost sshd[1024]: PAM 2 more authentication failures; logname= uid=0 euid=0 tty=ssh ruser= rhost=43.255.190.152  user=root
Apr 11 15:55:09 ovzhost sshd[1028]: pam_unix(sshd:auth): authentication failure; logname= uid=0 euid=0 tty=ssh ruser= rhost=43.255.190.152  user=root
Apr 11 15:55:10 ovzhost sshd[1026]: Failed password for root from 43.255.190.186 port 56449 ssh2
Apr 11 15:55:12 ovzhost sshd[1028]: Failed password for root from 43.255.190.152 port 48871 ssh2
Apr 11 15:55:15 ovzhost sshd[1026]: message repeated 2 times: [ Failed password for root from 43.255.190.186 port 56449 ssh2]
Apr 11 15:55:15 ovzhost sshd[1026]: Received disconnect from 43.255.190.186: 11:  [preauth]
Apr 11 15:55:15 ovzhost sshd[1026]: PAM 2 more authentication failures; logname= uid=0 euid=0 tty=ssh ruser= rhost=43.255.190.186  user=root
Apr 11 15:55:16 ovzhost sshd[1032]: pam_unix(sshd:auth): authentication failure; logname= uid=0 euid=0 tty=ssh ruser= rhost=43.255.190.186  user=root
Apr 11 15:55:16 ovzhost sshd[1028]: message repeated 2 times: [ Failed password for root from 43.255.190.152 port 48871 ssh2]
Apr 11 15:55:16 ovzhost sshd[1028]: Received disconnect from 43.255.190.152: 11:  [preauth]
Apr 11 15:55:16 ovzhost sshd[1028]: PAM 2 more authentication failures; logname= uid=0 euid=0 tty=ssh ruser= rhost=43.255.190.152  user=root
Apr 11 15:55:17 ovzhost sshd[1034]: pam_unix(sshd:auth): authentication failure; logname= uid=0 euid=0 tty=ssh ruser= rhost=43.255.190.152  user=root
Apr 11 15:55:18 ovzhost sshd[1032]: Failed password for root from 43.255.190.186 port 44546 ssh2
Apr 11 15:55:19 ovzhost sshd[1034]: Failed password for root from 43.255.190.152 port 36843 ssh2
Apr 11 15:55:22 ovzhost sshd[1032]: message repeated 2 times: [ Failed password for root from 43.255.190.186 port 44546 ssh2]
Apr 11 15:55:22 ovzhost sshd[1032]: Received disconnect from 43.255.190.186: 11:  [preauth]
Apr 11 15:55:22 ovzhost sshd[1032]: PAM 2 more authentication failures; logname= uid=0 euid=0 tty=ssh ruser= rhost=43.255.190.186  user=root
Apr 11 15:55:23 ovzhost sshd[1036]: pam_unix(sshd:auth): authentication failure; logname= uid=0 euid=0 tty=ssh ruser= rhost=43.255.190.186  user=root
Apr 11 15:55:24 ovzhost sshd[1034]: message repeated 2 times: [ Failed password for root from 43.255.190.152 port 36843 ssh2]
Apr 11 15:55:24 ovzhost sshd[1034]: Received disconnect from 43.255.190.152: 11:  [preauth]
Apr 11 15:55:24 ovzhost sshd[1034]: PAM 2 more authentication failures; logname= uid=0 euid=0 tty=ssh ruser= rhost=43.255.190.152  user=root
Apr 11 15:55:24 ovzhost sshd[1038]: pam_unix(sshd:auth): authentication failure; logname= uid=0 euid=0 tty=ssh ruser= rhost=43.255.190.152  user=root
Apr 11 15:55:25 ovzhost sshd[1036]: Failed password for root from 43.255.190.186 port 60003 ssh2
Apr 11 15:55:27 ovzhost sshd[1038]: Failed password for root from 43.255.190.152 port 52856 ssh2
Apr 11 15:55:30 ovzhost sshd[1036]: message repeated 2 times: [ Failed password for root from 43.255.190.186 port 60003 ssh2]
Apr 11 15:55:30 ovzhost sshd[1036]: Received disconnect from 43.255.190.186: 11:  [preauth]
Apr 11 15:55:30 ovzhost sshd[1036]: PAM 2 more authentication failures; logname= uid=0 euid=0 tty=ssh ruser= rhost=43.255.190.186  user=root
Apr 11 15:55:30 ovzhost sshd[1040]: pam_unix(sshd:auth): authentication failure; logname= uid=0 euid=0 tty=ssh ruser= rhost=43.255.190.186  user=root
Apr 11 15:55:31 ovzhost sshd[1038]: message repeated 2 times: [ Failed password for root from 43.255.190.152 port 52856 ssh2]
Apr 11 15:55:31 ovzhost sshd[1038]: Received disconnect from 43.255.190.152: 11:  [preauth]
Apr 11 15:55:31 ovzhost sshd[1038]: PAM 2 more authentication failures; logname= uid=0 euid=0 tty=ssh ruser= rhost=43.255.190.152  user=root
Apr 11 15:55:32 ovzhost sshd[1042]: pam_unix(sshd:auth): authentication failure; logname= uid=0 euid=0 tty=ssh ruser= rhost=43.255.190.152  user=root
Apr 11 15:55:33 ovzhost sshd[1040]: Failed password for root from 43.255.190.186 port 47447 ssh2
Apr 11 15:55:34 ovzhost sshd[1042]: Failed password for root from 43.255.190.152 port 40667 ssh2
Apr 11 15:55:38 ovzhost sshd[1040]: message repeated 2 times: [ Failed password for root from 43.255.190.186 port 47447 ssh2]
Apr 11 15:55:38 ovzhost sshd[1040]: Received disconnect from 43.255.190.186: 11:  [preauth]
Apr 11 15:55:38 ovzhost sshd[1040]: PAM 2 more authentication failures; logname= uid=0 euid=0 tty=ssh ruser= rhost=43.255.190.186  user=root
Apr 11 15:55:38 ovzhost sshd[1044]: pam_unix(sshd:auth): authentication failure; logname= uid=0 euid=0 tty=ssh ruser= rhost=43.255.190.186  user=root
Apr 11 15:55:39 ovzhost sshd[1042]: message repeated 2 times: [ Failed password for root from 43.255.190.152 port 40667 ssh2]
Apr 11 15:55:39 ovzhost sshd[1042]: Received disconnect from 43.255.190.152: 11:  [preauth]
Apr 11 15:55:39 ovzhost sshd[1042]: PAM 2 more authentication failures; logname= uid=0 euid=0 tty=ssh ruser= rhost=43.255.190.152  user=root
Apr 11 15:55:39 ovzhost sshd[1046]: pam_unix(sshd:auth): authentication failure; logname= uid=0 euid=0 tty=ssh ruser= rhost=43.255.190.152  user=root
Apr 11 15:55:40 ovzhost sshd[1044]: Failed password for root from 43.255.190.186 port 35818 ssh2
Apr 11 15:55:41 ovzhost sshd[1046]: Failed password for root from 43.255.190.152 port 55744 ssh2
Apr 11 15:55:45 ovzhost sshd[1044]: message repeated 2 times: [ Failed password for root from 43.255.190.186 port 35818 ssh2]
Apr 11 15:55:45 ovzhost sshd[1044]: Received disconnect from 43.255.190.186: 11:  [preauth]
Apr 11 15:55:45 ovzhost sshd[1044]: PAM 2 more authentication failures; logname= uid=0 euid=0 tty=ssh ruser= rhost=43.255.190.186  user=root
Apr 11 15:55:45 ovzhost sshd[1046]: message repeated 2 times: [ Failed password for root from 43.255.190.152 port 55744 ssh2]
Apr 11 15:55:45 ovzhost sshd[1046]: Received disconnect from 43.255.190.152: 11:  [preauth]
Apr 11 15:55:45 ovzhost sshd[1046]: PAM 2 more authentication failures; logname= uid=0 euid=0 tty=ssh ruser= rhost=43.255.190.152  user=root
Apr 11 15:55:45 ovzhost sshd[1048]: pam_unix(sshd:auth): authentication failure; logname= uid=0 euid=0 tty=ssh ruser= rhost=43.255.190.186  user=root
Apr 11 15:55:46 ovzhost sshd[1050]: pam_unix(sshd:auth): authentication failure; logname= uid=0 euid=0 tty=ssh ruser= rhost=43.255.190.152  user=root
Apr 11 15:55:48 ovzhost sshd[1048]: Failed password for root from 43.255.190.186 port 50939 ssh2
Apr 11 15:55:48 ovzhost sshd[1050]: Failed password for root from 43.255.190.152 port 41888 ssh2
Apr 11 15:55:52 ovzhost sshd[1048]: message repeated 2 times: [ Failed password for root from 43.255.190.186 port 50939 ssh2]
Apr 11 15:55:52 ovzhost sshd[1048]: Received disconnect from 43.255.190.186: 11:  [preauth]
Apr 11 15:55:52 ovzhost sshd[1048]: PAM 2 more authentication failures; logname= uid=0 euid=0 tty=ssh ruser= rhost=43.255.190.186  user=root
Apr 11 15:55:52 ovzhost sshd[1050]: message repeated 2 times: [ Failed password for root from 43.255.190.152 port 41888 ssh2]
Apr 11 15:55:52 ovzhost sshd[1050]: Received disconnect from 43.255.190.152: 11:  [preauth]
Apr 11 15:55:52 ovzhost sshd[1050]: PAM 2 more authentication failures; logname= uid=0 euid=0 tty=ssh ruser= rhost=43.255.190.152  user=root
Apr 11 15:55:53 ovzhost sshd[1054]: pam_unix(sshd:auth): authentication failure; logname= uid=0 euid=0 tty=ssh ruser= rhost=43.255.190.186  user=root
Apr 11 15:55:53 ovzhost sshd[1056]: pam_unix(sshd:auth): authentication failure; logname= uid=0 euid=0 tty=ssh ruser= rhost=43.255.190.152  user=root
Apr 11 15:55:55 ovzhost sshd[1054]: Failed password for root from 43.255.190.186 port 38313 ssh2
Apr 11 15:55:55 ovzhost sshd[1056]: Failed password for root from 43.255.190.152 port 56788 ssh2
Apr 11 15:55:59 ovzhost sshd[1054]: message repeated 2 times: [ Failed password for root from 43.255.190.186 port 38313 ssh2]
Apr 11 15:55:59 ovzhost sshd[1054]: Received disconnect from 43.255.190.186: 11:  [preauth]
Apr 11 15:55:59 ovzhost sshd[1054]: PAM 2 more authentication failures; logname= uid=0 euid=0 tty=ssh ruser= rhost=43.255.190.186  user=root
Apr 11 15:56:00 ovzhost sshd[1056]: message repeated 2 times: [ Failed password for root from 43.255.190.152 port 56788 ssh2]
Apr 11 15:56:00 ovzhost sshd[1056]: Received disconnect from 43.255.190.152: 11:  [preauth]
Apr 11 15:56:00 ovzhost sshd[1056]: PAM 2 more authentication failures; logname= uid=0 euid=0 tty=ssh ruser= rhost=43.255.190.152  user=root
Apr 11 15:56:00 ovzhost sshd[1059]: pam_unix(sshd:auth): authentication failure; logname= uid=0 euid=0 tty=ssh ruser= rhost=43.255.190.186  user=root
Apr 11 15:56:00 ovzhost sshd[1061]: pam_unix(sshd:auth): authentication failure; logname= uid=0 euid=0 tty=ssh ruser= rhost=43.255.190.152  user=root
Apr 11 15:56:02 ovzhost sshd[1059]: Failed password for root from 43.255.190.186 port 52784 ssh2
Apr 11 15:56:03 ovzhost sshd[1061]: Failed password for root from 43.255.190.152 port 43773 ssh2
Apr 11 15:56:06 ovzhost sshd[1059]: message repeated 2 times: [ Failed password for root from 43.255.190.186 port 52784 ssh2]
Apr 11 15:56:06 ovzhost sshd[1059]: Received disconnect from 43.255.190.186: 11:  [preauth]
Apr 11 15:56:06 ovzhost sshd[1059]: PAM 2 more authentication failures; logname= uid=0 euid=0 tty=ssh ruser= rhost=43.255.190.186  user=root
Apr 11 15:56:06 ovzhost sshd[1061]: message repeated 2 times: [ Failed password for root from 43.255.190.152 port 43773 ssh2]
Apr 11 15:56:06 ovzhost sshd[1061]: Received disconnect from 43.255.190.152: 11:  [preauth]
Apr 11 15:56:06 ovzhost sshd[1061]: PAM 2 more authentication failures; logname= uid=0 euid=0 tty=ssh ruser= rhost=43.255.190.152  user=root
Apr 11 15:56:06 ovzhost sshd[1063]: pam_unix(sshd:auth): authentication failure; logname= uid=0 euid=0 tty=ssh ruser= rhost=43.255.190.186  user=root
Apr 11 15:56:07 ovzhost sshd[1065]: pam_unix(sshd:auth): authentication failure; logname= uid=0 euid=0 tty=ssh ruser= rhost=43.255.190.152  user=root
Apr 11 15:56:09 ovzhost sshd[1065]: Failed password for root from 43.255.190.152 port 58343 ssh2
