Apr 11 15:56:09 ovzhost sshd[1063]: Failed password for root from 43.255.190.186 port 38664 ssh2
Apr 11 15:56:14 ovzhost sshd[1065]: message repeated 2 times: [ Failed password for root from 43.255.190.152 port 58343 ssh2]
Apr 11 15:56:14 ovzhost sshd[1065]: Received disconnect from 43.255.190.152: 11:  [preauth]
Apr 11 15:56:14 ovzhost sshd[1065]: PAM 2 more authentication failures; logname= uid=0 euid=0 tty=ssh ruser= rhost=43.255.190.152  user=root
Apr 11 15:56:14 ovzhost sshd[1063]: message repeated 2 times: [ Failed password for root from 43.255.190.186 port 38664 ssh2]
Apr 11 15:56:14 ovzhost sshd[1063]: Received disconnect from 43.255.190.186: 11:  [preauth]
Apr 11 15:56:14 ovzhost sshd[1063]: PAM 2 more authentication failures; logname= uid=0 euid=0 tty=ssh ruser= rhost=43.255.190.186  user=root
Apr 11 15:56:14 ovzhost sshd[1067]: pam_unix(sshd:auth): authentication failure; logname= uid=0 euid=0 tty=ssh ruser= rhost=43.255.190.152  user=root
Apr 11 15:56:14 ovzhost sshd[1069]: pam_unix(sshd:auth): authentication failure; logname= uid=0 euid=0 tty=ssh ruser= rhost=43.255.190.186  user=root
Apr 11 15:56:15 ovzhost sshd[1067]: Failed password for root from 43.255.190.152 port 45203 ssh2
Apr 11 15:56:15 ovzhost sshd[1069]: Failed password for root from 43.255.190.186 port 54412 ssh2
Apr 11 15:56:19 ovzhost sshd[1067]: message repeated 2 times: [ Failed password for root from 43.255.190.152 port 45203 ssh2]
Apr 11 15:56:20 ovzhost sshd[1067]: Received disconnect from 43.255.190.152: 11:  [preauth]
Apr 11 15:56:20 ovzhost sshd[1067]: PAM 2 more authentication failures; logname= uid=0 euid=0 tty=ssh ruser= rhost=43.255.190.152  user=root
Apr 11 15:56:19 ovzhost sshd[1069]: message repeated 2 times: [ Failed password for root from 43.255.190.186 port 54412 ssh2]
Apr 11 15:56:20 ovzhost sshd[1069]: Received disconnect from 43.255.190.186: 11:  [preauth]
Apr 11 15:56:20 ovzhost sshd[1069]: PAM 2 more authentication failures; logname= uid=0 euid=0 tty=ssh ruser= rhost=43.255.190.186  user=root
Apr 11 15:56:20 ovzhost sshd[1075]: pam_unix(sshd:auth): authentication failure; logname= uid=0 euid=0 tty=ssh ruser= rhost=43.255.190.152  user=root
Apr 11 15:56:20 ovzhost sshd[1077]: pam_unix(sshd:auth): authentication failure; logname= uid=0 euid=0 tty=ssh ruser= rhost=43.255.190.186  user=root
Apr 11 15:56:22 ovzhost sshd[1075]: Failed password for root from 43.255.190.152 port 58288 ssh2
Apr 11 15:56:22 ovzhost sshd[1077]: Failed password for root from 43.255.190.186 port 38832 ssh2
Apr 11 15:56:27 ovzhost sshd[1075]: message repeated 2 times: [ Failed password for root from 43.255.190.152 port 58288 ssh2]
Apr 11 15:56:27 ovzhost sshd[1075]: Received disconnect from 43.255.190.152: 11:  [preauth]
Apr 11 15:56:27 ovzhost sshd[1075]: PAM 2 more authentication failures; logname= uid=0 euid=0 tty=ssh ruser= rhost=43.255.190.152  user=root
Apr 11 15:56:27 ovzhost sshd[1077]: message repeated 2 times: [ Failed password for root from 43.255.190.186 port 38832 ssh2]
Apr 11 15:56:27 ovzhost sshd[1077]: Received disconnect from 43.255.190.186: 11:  [preauth]
Apr 11 15:56:27 ovzhost sshd[1077]: PAM 2 more authentication failures; logname= uid=0 euid=0 tty=ssh ruser= rhost=43.255.190.186  user=root
Apr 11 15:56:28 ovzhost sshd[1079]: pam_unix(sshd:auth): authentication failure; logname= uid=0 euid=0 tty=ssh ruser= rhost=43.255.190.152  user=root
Apr 11 15:56:28 ovzhost sshd[1081]: pam_unix(sshd:auth): authentication failure; logname= uid=0 euid=0 tty=ssh ruser= rhost=43.255.190.186  user=root
Apr 11 15:56:30 ovzhost sshd[1079]: Failed password for root from 43.255.190.152 port 45761 ssh2
Apr 11 15:56:30 ovzhost sshd[1081]: Failed password for root from 43.255.190.186 port 53673 ssh2
Apr 11 15:56:34 ovzhost sshd[1079]: message repeated 2 times: [ Failed password for root from 43.255.190.152 port 45761 ssh2]
Apr 11 15:56:34 ovzhost sshd[1079]: Received disconnect from 43.255.190.152: 11:  [preauth]
Apr 11 15:56:34 ovzhost sshd[1079]: PAM 2 more authentication failures; logname= uid=0 euid=0 tty=ssh ruser= rhost=43.255.190.152  user=root
Apr 11 15:56:34 ovzhost sshd[1081]: message repeated 2 times: [ Failed password for root from 43.255.190.186 port 53673 ssh2]
Apr 11 15:56:34 ovzhost sshd[1081]: Received disconnect from 43.255.190.186: 11:  [preauth]
Apr 11 15:56:34 ovzhost sshd[1081]: PAM 2 more authentication failures; logname= uid=0 euid=0 tty=ssh ruser= rhost=43.255.190.186  user=root
Apr 11 15:56:35 ovzhost sshd[1083]: pam_unix(sshd:auth): authentication failure; logname= uid=0 euid=0 tty=ssh ruser= rhost=43.255.190.152  user=root
Apr 11 15:56:35 ovzhost sshd[1085]: pam_unix(sshd:auth): authentication failure; logname= uid=0 euid=0 tty=ssh ruser= rhost=43.255.190.186  user=root
Apr 11 15:56:37 ovzhost sshd[1083]: Failed password for root from 43.255.190.152 port 33292 ssh2
Apr 11 15:56:37 ovzhost sshd[1085]: Failed password for root from 43.255.190.186 port 40378 ssh2
Apr 11 15:56:42 ovzhost sshd[1083]: message repeated 2 times: [ Failed password for root from 43.255.190.152 port 33292 ssh2]
Apr 11 15:56:42 ovzhost sshd[1083]: Received disconnect from 43.255.190.152: 11:  [preauth]
Apr 11 15:56:42 ovzhost sshd[1083]: PAM 2 more authentication failures; logname= uid=0 euid=0 tty=ssh ruser= rhost=43.255.190.152  user=root
Apr 11 15:56:42 ovzhost sshd[1085]: message repeated 2 times: [ Failed password for root from 43.255.190.186 port 40378 ssh2]
Apr 11 15:56:42 ovzhost sshd[1085]: Received disconnect from 43.255.190.186: 11:  [preauth]
Apr 11 15:56:42 ovzhost sshd[1085]: PAM 2 more authentication failures; logname= uid=0 euid=0 tty=ssh ruser= rhost=43.255.190.186  user=root
Apr 11 15:56:42 ovzhost sshd[1087]: pam_unix(sshd:auth): authentication failure; logname= uid=0 euid=0 tty=ssh ruser= rhost=43.255.190.152  user=root
Apr 11 15:56:42 ovzhost sshd[1089]: pam_unix(sshd:auth): authentication failure; logname= uid=0 euid=0 tty=ssh ruser= rhost=43.255.190.186  user=root
Apr 11 15:56:45 ovzhost sshd[1087]: Failed password for root from 43.255.190.152 port 49156 ssh2
Apr 11 15:56:45 ovzhost sshd[1089]: Failed password for root from 43.255.190.186 port 55882 ssh2
Apr 11 15:56:49 ovzhost sshd[1087]: message repeated 2 times: [ Failed password for root from 43.255.190.152 port 49156 ssh2]
Apr 11 15:56:49 ovzhost sshd[1087]: Received disconnect from 43.255.190.152: 11:  [preauth]
Apr 11 15:56:49 ovzhost sshd[1087]: PAM 2 more authentication failures; logname= uid=0 euid=0 tty=ssh ruser= rhost=43.255.190.152  user=root
Apr 11 15:56:49 ovzhost sshd[1089]: message repeated 2 times: [ Failed password for root from 43.255.190.186 port 55882 ssh2]
Apr 11 15:56:49 ovzhost sshd[1089]: Received disconnect from 43.255.190.186: 11:  [preauth]
Apr 11 15:56:49 ovzhost sshd[1089]: PAM 2 more authentication failures; logname= uid=0 euid=0 tty=ssh ruser= rhost=43.255.190.186  user=root
Apr 11 15:56:49 ovzhost sshd[1091]: pam_unix(sshd:auth): authentication failure; logname= uid=0 euid=0 tty=ssh ruser= rhost=43.255.190.152  user=root
Apr 11 15:56:49 ovzhost sshd[1093]: pam_unix(sshd:auth): authentication failure; logname= uid=0 euid=0 tty=ssh ruser= rhost=43.255.190.186  user=root
Apr 11 15:56:52 ovzhost sshd[1091]: Failed password for root from 43.255.190.152 port 36044 ssh2
Apr 11 15:56:52 ovzhost sshd[1093]: Failed password for root from 43.255.190.186 port 42282 ssh2
Apr 11 15:56:56 ovzhost sshd[1091]: message repeated 2 times: [ Failed password for root from 43.255.190.152 port 36044 ssh2]
Apr 11 15:56:56 ovzhost sshd[1091]: Received disconnect from 43.255.190.152: 11:  [preauth]
Apr 11 15:56:56 ovzhost sshd[1091]: PAM 2 more authentication failures; logname= uid=0 euid=0 tty=ssh ruser= rhost=43.255.190.152  user=root
Apr 11 15:56:56 ovzhost sshd[1093]: message repeated 2 times: [ Failed password for root from 43.255.190.186 port 42282 ssh2]
Apr 11 15:56:56 ovzhost sshd[1093]: Received disconnect from 43.255.190.186: 11:  [preauth]
Apr 11 15:56:56 ovzhost sshd[1093]: PAM 2 more authentication failures; logname= uid=0 euid=0 tty=ssh ruser= rhost=43.255.190.186  user=root
Apr 11 15:56:57 ovzhost sshd[1096]: pam_unix(sshd:auth): authentication failure; logname= uid=0 euid=0 tty=ssh ruser= rhost=43.255.190.152  user=root
Apr 11 15:56:57 ovzhost sshd[1098]: pam_unix(sshd:auth): authentication failure; logname= uid=0 euid=0 tty=ssh ruser= rhost=43.255.190.186  user=root
Apr 11 15:56:59 ovzhost sshd[1096]: Failed password for root from 43.255.190.152 port 51755 ssh2
Apr 11 15:56:59 ovzhost sshd[1098]: Failed password for root from 43.255.190.186 port 57207 ssh2
Apr 11 15:57:03 ovzhost sshd[1096]: message repeated 2 times: [ Failed password for root from 43.255.190.152 port 51755 ssh2]
Apr 11 15:57:03 ovzhost sshd[1096]: Received disconnect from 43.255.190.152: 11:  [preauth]
Apr 11 15:57:03 ovzhost sshd[1096]: PAM 2 more authentication failures; logname= uid=0 euid=0 tty=ssh ruser= rhost=43.255.190.152  user=root
Apr 11 15:57:03 ovzhost sshd[1098]: message repeated 2 times: [ Failed password for root from 43.255.190.186 port 57207 ssh2]
Apr 11 15:57:03 ovzhost sshd[1098]: Received disconnect from 43.255.190.186: 11:  [preauth]
Apr 11 15:57:03 ovzhost sshd[1098]: PAM 2 more authentication failures; logname= uid=0 euid=0 tty=ssh ruser= rhost=43.255.190.186  user=root
Apr 11 15:57:04 ovzhost sshd[1100]: pam_unix(sshd:auth): authentication failure; logname= uid=0 euid=0 tty=ssh ruser= rhost=43.255.190.152  user=root
Apr 11 15:57:04 ovzhost sshd[1102]: pam_unix(sshd:auth): authentication failure; logname= uid=0 euid=0 tty=ssh ruser= rhost=43.255.190.186  user=root
Apr 11 15:57:06 ovzhost sshd[1100]: Failed password for root from 43.255.190.152 port 38560 ssh2
Apr 11 15:57:06 ovzhost sshd[1102]: Failed password for root from 43.255.190.186 port 43752 ssh2
Apr 11 15:57:10 ovzhost sshd[1100]: message repeated 2 times: [ Failed password for root from 43.255.190.152 port 38560 ssh2]
Apr 11 15:57:10 ovzhost sshd[1100]: Received disconnect from 43.255.190.152: 11:  [preauth]
Apr 11 15:57:10 ovzhost sshd[1100]: PAM 2 more authentication failures; logname= uid=0 euid=0 tty=ssh ruser= rhost=43.255.190.152  user=root
Apr 11 15:57:10 ovzhost sshd[1102]: message repeated 2 times: [ Failed password for root from 43.255.190.186 port 43752 ssh2]
Apr 11 15:57:10 ovzhost sshd[1102]: Received disconnect from 43.255.190.186: 11:  [preauth]
Apr 11 15:57:10 ovzhost sshd[1102]: PAM 2 more authentication failures; logname= uid=0 euid=0 tty=ssh ruser= rhost=43.255.190.186  user=root
Apr 11 15:57:11 ovzhost sshd[1104]: pam_unix(sshd:auth): authentication failure; logname= uid=0 euid=0 tty=ssh ruser= rhost=43.255.190.152  user=root
Apr 11 15:57:11 ovzhost sshd[1106]: pam_unix(sshd:auth): authentication failure; logname= uid=0 euid=0 tty=ssh ruser= rhost=43.255.190.186  user=root
Apr 11 15:57:12 ovzhost sshd[1104]: Failed password for root from 43.255.190.152 port 52917 ssh2
Apr 11 15:57:12 ovzhost sshd[1106]: Failed password for root from 43.255.190.186 port 57420 ssh2
Apr 11 15:57:17 ovzhost sshd[1104]: message repeated 2 times: [ Failed password for root from 43.255.190.152 port 52917 ssh2]
Apr 11 15:57:17 ovzhost sshd[1104]: Received disconnect from 43.255.190.152: 11:  [preauth]
Apr 11 15:57:17 ovzhost sshd[1104]: PAM 2 more authentication failures; logname= uid=0 euid=0 tty=ssh ruser= rhost=43.255.190.152  user=root
Apr 11 15:57:17 ovzhost sshd[1106]: message repeated 2 times: [ Failed password for root from 43.255.190.186 port 57420 ssh2]
Apr 11 15:57:17 ovzhost sshd[1106]: Received disconnect from 43.255.190.186: 11:  [preauth]
Apr 11 15:57:17 ovzhost sshd[1106]: PAM 2 more authentication failures; logname= uid=0 euid=0 tty=ssh ruser= rhost=43.255.190.186  user=root
Apr 11 15:57:17 ovzhost sshd[1108]: pam_unix(sshd:auth): authentication failure; logname= uid=0 euid=0 tty=ssh ruser= rhost=43.255.190.152  user=root
Apr 11 15:57:17 ovzhost sshd[1110]: pam_unix(sshd:auth): authentication failure; logname= uid=0 euid=0 tty=ssh ruser= rhost=43.255.190.186  user=root
Apr 11 15:57:20 ovzhost sshd[1108]: Failed password for root from 43.255.190.152 port 39136 ssh2
Apr 11 15:57:20 ovzhost sshd[1110]: Failed password for root from 43.255.190.186 port 43490 ssh2
Apr 11 15:57:23 ovzhost sshd[1108]: message repeated 2 times: [ Failed password for root from 43.255.190.152 port 39136 ssh2]
Apr 11 15:57:23 ovzhost sshd[1108]: Received disconnect from 43.255.190.152: 11:  [preauth]
Apr 11 15:57:23 ovzhost sshd[1108]: PAM 2 more authentication failures; logname= uid=0 euid=0 tty=ssh ruser= rhost=43.255.190.152  user=root
Apr 11 15:57:23 ovzhost sshd[1110]: message repeated 2 times: [ Failed password for root from 43.255.190.186 port 43490 ssh2]
Apr 11 15:57:23 ovzhost sshd[1110]: Received disconnect from 43.255.190.186: 11:  [preauth]
Apr 11 15:57:23 ovzhost sshd[1110]: PAM 2 more authentication failures; logname= uid=0 euid=0 tty=ssh ruser= rhost=43.255.190.186  user=root
Apr 11 15:57:23 ovzhost sshd[1113]: pam_unix(sshd:auth): authentication failure; logname= uid=0 euid=0 tty=ssh ruser= rhost=43.255.190.152  user=root
Apr 11 15:57:23 ovzhost sshd[1115]: pam_unix(sshd:auth): authentication failure; logname= uid=0 euid=0 tty=ssh ruser= rhost=43.255.190.186  user=root
Apr 11 15:57:25 ovzhost sshd[1113]: Failed password for root from 43.255.190.152 port 52316 ssh2
Apr 11 15:57:25 ovzhost sshd[1115]: Failed password for root from 43.255.190.186 port 56041 ssh2
Apr 11 15:57:29 ovzhost sshd[1113]: message repeated 2 times: [ Failed password for root from 43.255.190.152 port 52316 ssh2]
Apr 11 15:57:29 ovzhost sshd[1113]: Received disconnect from 43.255.190.152: 11:  [preauth]
Apr 11 15:57:29 ovzhost sshd[1113]: PAM 2 more authentication failures; logname= uid=0 euid=0 tty=ssh ruser= rhost=43.255.190.152  user=root
Apr 11 15:57:29 ovzhost sshd[1115]: message repeated 2 times: [ Failed password for root from 43.255.190.186 port 56041 ssh2]
Apr 11 15:57:29 ovzhost sshd[1115]: Received disconnect from 43.255.190.186: 11:  [preauth]
Apr 11 15:57:29 ovzhost sshd[1115]: PAM 2 more authentication failures; logname= uid=0 euid=0 tty=ssh ruser= rhost=43.255.190.186  user=root
Apr 11 15:57:30 ovzhost sshd[1117]: pam_unix(sshd:auth): authentication failure; logname= uid=0 euid=0 tty=ssh ruser= rhost=43.255.190.152  user=root
Apr 11 15:57:30 ovzhost sshd[1118]: pam_unix(sshd:auth): authentication failure; logname= uid=0 euid=0 tty=ssh ruser= rhost=43.255.190.186  user=root
Apr 11 15:57:32 ovzhost sshd[1117]: Failed password for root from 43.255.190.152 port 38528 ssh2
Apr 11 15:57:32 ovzhost sshd[1118]: Failed password for root from 43.255.190.186 port 42541 ssh2
Apr 11 15:57:35 ovzhost sshd[1117]: message repeated 2 times: [ Failed password for root from 43.255.190.152 port 38528 ssh2]
Apr 11 15:57:35 ovzhost sshd[1117]: Received disconnect from 43.255.190.152: 11:  [preauth]
Apr 11 15:57:35 ovzhost sshd[1117]: PAM 2 more authentication failures; logname= uid=0 euid=0 tty=ssh ruser= rhost=43.255.190.152  user=root
Apr 11 15:57:35 ovzhost sshd[1118]: message repeated 2 times: [ Failed password for root from 43.255.190.186 port 42541 ssh2]
Apr 11 15:57:35 ovzhost sshd[1118]: Received disconnect from 43.255.190.186: 11:  [preauth]
Apr 11 15:57:35 ovzhost sshd[1118]: PAM 2 more authentication failures; logname= uid=0 euid=0 tty=ssh ruser= rhost=43.255.190.186  user=root
Apr 11 15:57:36 ovzhost sshd[1121]: pam_unix(sshd:auth): authentication failure; logname= uid=0 euid=0 tty=ssh ruser= rhost=43.255.190.152  user=root
Apr 11 15:57:36 ovzhost sshd[1122]: pam_unix(sshd:auth): authentication failure; logname= uid=0 euid=0 tty=ssh ruser= rhost=43.255.190.186  user=root
Apr 11 15:57:38 ovzhost sshd[1121]: Failed password for root from 43.255.190.152 port 52125 ssh2
Apr 11 15:57:38 ovzhost sshd[1122]: Failed password for root from 43.255.190.186 port 56080 ssh2
Apr 11 15:57:42 ovzhost sshd[1122]: message repeated 2 times: [ Failed password for root from 43.255.190.186 port 56080 ssh2]
Apr 11 15:57:42 ovzhost sshd[1122]: Received disconnect from 43.255.190.186: 11:  [preauth]
Apr 11 15:57:42 ovzhost sshd[1121]: message repeated 2 times: [ Failed password for root from 43.255.190.152 port 52125 ssh2]
Apr 11 15:57:42 ovzhost sshd[1121]: Received disconnect from 43.255.190.152: 11:  [preauth]
Apr 11 15:57:42 ovzhost sshd[1122]: PAM 2 more authentication failures; logname= uid=0 euid=0 tty=ssh ruser= rhost=43.255.190.186  user=root
Apr 11 15:57:42 ovzhost sshd[1121]: PAM 2 more authentication failures; logname= uid=0 euid=0 tty=ssh ruser= rhost=43.255.190.152  user=root
Apr 11 15:57:43 ovzhost sshd[1125]: pam_unix(sshd:auth): authentication failure; logname= uid=0 euid=0 tty=ssh ruser= rhost=43.255.190.152  user=root
Apr 11 15:57:43 ovzhost sshd[1126]: pam_unix(sshd:auth): authentication failure; logname= uid=0 euid=0 tty=ssh ruser= rhost=43.255.190.186  user=root
Apr 11 15:57:45 ovzhost sshd[1125]: Failed password for root from 43.255.190.152 port 39138 ssh2
Apr 11 15:57:45 ovzhost sshd[1126]: Failed password for root from 43.255.190.186 port 43016 ssh2
Apr 11 15:57:49 ovzhost sshd[1125]: message repeated 2 times: [ Failed password for root from 43.255.190.152 port 39138 ssh2]
Apr 11 15:57:49 ovzhost sshd[1125]: Received disconnect from 43.255.190.152: 11:  [preauth]
Apr 11 15:57:49 ovzhost sshd[1125]: PAM 2 more authentication failures; logname= uid=0 euid=0 tty=ssh ruser= rhost=43.255.190.152  user=root
Apr 11 15:57:49 ovzhost sshd[1126]: message repeated 2 times: [ Failed password for root from 43.255.190.186 port 43016 ssh2]
Apr 11 15:57:49 ovzhost sshd[1126]: Received disconnect from 43.255.190.186: 11:  [preauth]
Apr 11 15:57:49 ovzhost sshd[1126]: PAM 2 more authentication failures; logname= uid=0 euid=0 tty=ssh ruser= rhost=43.255.190.186  user=root
Apr 11 15:57:49 ovzhost sshd[1129]: pam_unix(sshd:auth): authentication failure; logname= uid=0 euid=0 tty=ssh ruser= rhost=43.255.190.152  user=root
Apr 11 15:57:49 ovzhost sshd[1130]: pam_unix(sshd:auth): authentication failure; logname= uid=0 euid=0 tty=ssh ruser= rhost=43.255.190.186  user=root
Apr 11 15:57:51 ovzhost sshd[1129]: Failed password for root from 43.255.190.152 port 53568 ssh2
Apr 11 15:57:51 ovzhost sshd[1130]: Failed password for root from 43.255.190.186 port 58209 ssh2
Apr 11 15:57:56 ovzhost sshd[1129]: message repeated 2 times: [ Failed password for root from 43.255.190.152 port 53568 ssh2]
Apr 11 15:57:56 ovzhost sshd[1129]: Received disconnect from 43.255.190.152: 11:  [preauth]
Apr 11 15:57:56 ovzhost sshd[1129]: PAM 2 more authentication failures; logname= uid=0 euid=0 tty=ssh ruser= rhost=43.255.190.152  user=root
Apr 11 15:57:56 ovzhost sshd[1130]: message repeated 2 times: [ Failed password for root from 43.255.190.186 port 58209 ssh2]
Apr 11 15:57:56 ovzhost sshd[1130]: Received disconnect from 43.255.190.186: 11:  [preauth]
Apr 11 15:57:56 ovzhost sshd[1130]: PAM 2 more authentication failures; logname= uid=0 euid=0 tty=ssh ruser= rhost=43.255.190.186  user=root
Apr 11 15:57:57 ovzhost sshd[1134]: pam_unix(sshd:auth): authentication failure; logname= uid=0 euid=0 tty=ssh ruser= rhost=43.255.190.152  user=root
Apr 11 15:57:57 ovzhost sshd[1135]: pam_unix(sshd:auth): authentication failure; logname= uid=0 euid=0 tty=ssh ruser= rhost=43.255.190.186  user=root
Apr 11 15:57:58 ovzhost sshd[1135]: Failed password for root from 43.255.190.186 port 45588 ssh2
Apr 11 15:57:58 ovzhost sshd[1134]: Failed password for root from 43.255.190.152 port 40838 ssh2
Apr 11 15:58:01 ovzhost sshd[1134]: message repeated 2 times: [ Failed password for root from 43.255.190.152 port 40838 ssh2]
Apr 11 15:58:01 ovzhost sshd[1134]: Received disconnect from 43.255.190.152: 11:  [preauth]
Apr 11 15:58:01 ovzhost sshd[1134]: PAM 2 more authentication failures; logname= uid=0 euid=0 tty=ssh ruser= rhost=43.255.190.152  user=root
Apr 11 15:58:01 ovzhost sshd[1135]: message repeated 2 times: [ Failed password for root from 43.255.190.186 port 45588 ssh2]
Apr 11 15:58:01 ovzhost sshd[1135]: Received disconnect from 43.255.190.186: 11:  [preauth]
Apr 11 15:58:01 ovzhost sshd[1135]: PAM 2 more authentication failures; logname= uid=0 euid=0 tty=ssh ruser= rhost=43.255.190.186  user=root
Apr 11 15:58:02 ovzhost sshd[1138]: pam_unix(sshd:auth): authentication failure; logname= uid=0 euid=0 tty=ssh ruser= rhost=43.255.190.186  user=root
Apr 11 15:58:02 ovzhost sshd[1139]: pam_unix(sshd:auth): authentication failure; logname= uid=0 euid=0 tty=ssh ruser= rhost=43.255.190.152  user=root
Apr 11 15:58:04 ovzhost sshd[1138]: Failed password for root from 43.255.190.186 port 59416 ssh2
Apr 11 15:58:04 ovzhost sshd[1139]: Failed password for root from 43.255.190.152 port 53380 ssh2
Apr 11 15:58:08 ovzhost sshd[1138]: message repeated 2 times: [ Failed password for root from 43.255.190.186 port 59416 ssh2]
Apr 11 15:58:08 ovzhost sshd[1138]: Received disconnect from 43.255.190.186: 11:  [preauth]
Apr 11 15:58:08 ovzhost sshd[1138]: PAM 2 more authentication failures; logname= uid=0 euid=0 tty=ssh ruser= rhost=43.255.190.186  user=root
Apr 11 15:58:08 ovzhost sshd[1139]: message repeated 2 times: [ Failed password for root from 43.255.190.152 port 53380 ssh2]
Apr 11 15:58:08 ovzhost sshd[1139]: Received disconnect from 43.255.190.152: 11:  [preauth]
Apr 11 15:58:08 ovzhost sshd[1139]: PAM 2 more authentication failures; logname= uid=0 euid=0 tty=ssh ruser= rhost=43.255.190.152  user=root
Apr 11 15:58:09 ovzhost sshd[1144]: pam_unix(sshd:auth): authentication failure; logname= uid=0 euid=0 tty=ssh ruser= rhost=43.255.190.186  user=root
Apr 11 15:58:09 ovzhost sshd[1145]: pam_unix(sshd:auth): authentication failure; logname= uid=0 euid=0 tty=ssh ruser= rhost=43.255.190.152  user=root
Apr 11 15:58:10 ovzhost sshd[1144]: Failed password for root from 43.255.190.186 port 47172 ssh2
Apr 11 15:58:10 ovzhost sshd[1145]: Failed password for root from 43.255.190.152 port 40578 ssh2
Apr 11 15:58:14 ovzhost sshd[1144]: message repeated 2 times: [ Failed password for root from 43.255.190.186 port 47172 ssh2]
Apr 11 15:58:14 ovzhost sshd[1144]: Received disconnect from 43.255.190.186: 11:  [preauth]
Apr 11 15:58:14 ovzhost sshd[1144]: PAM 2 more authentication failures; logname= uid=0 euid=0 tty=ssh ruser= rhost=43.255.190.186  user=root
Apr 11 15:58:14 ovzhost sshd[1145]: message repeated 2 times: [ Failed password for root from 43.255.190.152 port 40578 ssh2]
Apr 11 15:58:14 ovzhost sshd[1145]: Received disconnect from 43.255.190.152: 11:  [preauth]
Apr 11 15:58:14 ovzhost sshd[1145]: PAM 2 more authentication failures; logname= uid=0 euid=0 tty=ssh ruser= rhost=43.255.190.152  user=root
Apr 11 15:58:15 ovzhost sshd[1148]: pam_unix(sshd:auth): authentication failure; logname= uid=0 euid=0 tty=ssh ruser= rhost=43.255.190.186  user=root
Apr 11 15:58:15 ovzhost sshd[1149]: pam_unix(sshd:auth): authentication failure; logname= uid=0 euid=0 tty=ssh ruser= rhost=43.255.190.152  user=root
Apr 11 15:58:16 ovzhost sshd[1148]: Failed password for root from 43.255.190.186 port 33336 ssh2
Apr 11 15:58:16 ovzhost sshd[1149]: Failed password for root from 43.255.190.152 port 53355 ssh2
Apr 11 15:58:20 ovzhost sshd[1149]: message repeated 2 times: [ Failed password for root from 43.255.190.152 port 53355 ssh2]
Apr 11 15:58:20 ovzhost sshd[1149]: Received disconnect from 43.255.190.152: 11:  [preauth]
Apr 11 15:58:20 ovzhost sshd[1148]: message repeated 2 times: [ Failed password for root from 43.255.190.186 port 33336 ssh2]
Apr 11 15:58:20 ovzhost sshd[1148]: Received disconnect from 43.255.190.186: 11:  [preauth]
Apr 11 15:58:20 ovzhost sshd[1149]: PAM 2 more authentication failures; logname= uid=0 euid=0 tty=ssh ruser= rhost=43.255.190.152  user=root
Apr 11 15:58:20 ovzhost sshd[1148]: PAM 2 more authentication failures; logname= uid=0 euid=0 tty=ssh ruser= rhost=43.255.190.186  user=root
Apr 11 15:58:21 ovzhost sshd[1153]: pam_unix(sshd:auth): authentication failure; logname= uid=0 euid=0 tty=ssh ruser= rhost=43.255.190.152  user=root
Apr 11 15:58:21 ovzhost sshd[1152]: pam_unix(sshd:auth): authentication failure; logname= uid=0 euid=0 tty=ssh ruser= rhost=43.255.190.186  user=root
Apr 11 15:58:22 ovzhost sshd[1153]: Failed password for root from 43.255.190.152 port 40258 ssh2
Apr 11 15:58:22 ovzhost sshd[1152]: Failed password for root from 43.255.190.186 port 49274 ssh2
Apr 11 15:58:26 ovzhost sshd[1152]: message repeated 2 times: [ Failed password for root from 43.255.190.186 port 49274 ssh2]
Apr 11 15:58:26 ovzhost sshd[1152]: Received disconnect from 43.255.190.186: 11:  [preauth]
Apr 11 15:58:26 ovzhost sshd[1152]: PAM 2 more authentication failures; logname= uid=0 euid=0 tty=ssh ruser= rhost=43.255.190.186  user=root
Apr 11 15:58:26 ovzhost sshd[1153]: message repeated 2 times: [ Failed password for root from 43.255.190.152 port 40258 ssh2]
Apr 11 15:58:26 ovzhost sshd[1153]: Received disconnect from 43.255.190.152: 11:  [preauth]
Apr 11 15:58:26 ovzhost sshd[1153]: PAM 2 more authentication failures; logname= uid=0 euid=0 tty=ssh ruser= rhost=43.255.190.152  user=root
Apr 11 15:58:27 ovzhost sshd[1158]: pam_unix(sshd:auth): authentication failure; logname= uid=0 euid=0 tty=ssh ruser= rhost=43.255.190.186  user=root
Apr 11 15:58:27 ovzhost sshd[1160]: pam_unix(sshd:auth): authentication failure; logname= uid=0 euid=0 tty=ssh ruser= rhost=43.255.190.152  user=root
Apr 11 15:58:28 ovzhost sshd[1158]: Failed password for root from 43.255.190.186 port 34967 ssh2
Apr 11 15:58:28 ovzhost sshd[1160]: Failed password for root from 43.255.190.152 port 53347 ssh2
Apr 11 15:58:33 ovzhost sshd[1158]: message repeated 2 times: [ Failed password for root from 43.255.190.186 port 34967 ssh2]
Apr 11 15:58:33 ovzhost sshd[1158]: Received disconnect from 43.255.190.186: 11:  [preauth]
Apr 11 15:58:33 ovzhost sshd[1158]: PAM 2 more authentication failures; logname= uid=0 euid=0 tty=ssh ruser= rhost=43.255.190.186  user=root
Apr 11 15:58:33 ovzhost sshd[1160]: message repeated 2 times: [ Failed password for root from 43.255.190.152 port 53347 ssh2]
Apr 11 15:58:33 ovzhost sshd[1160]: Received disconnect from 43.255.190.152: 11:  [preauth]
Apr 11 15:58:33 ovzhost sshd[1160]: PAM 2 more authentication failures; logname= uid=0 euid=0 tty=ssh ruser= rhost=43.255.190.152  user=root
Apr 11 15:58:33 ovzhost sshd[1162]: pam_unix(sshd:auth): authentication failure; logname= uid=0 euid=0 tty=ssh ruser= rhost=43.255.190.186  user=root
Apr 11 15:58:33 ovzhost sshd[1164]: pam_unix(sshd:auth): authentication failure; logname= uid=0 euid=0 tty=ssh ruser= rhost=43.255.190.152  user=root
Apr 11 15:58:35 ovzhost sshd[1162]: Failed password for root from 43.255.190.186 port 51196 ssh2
Apr 11 15:58:35 ovzhost sshd[1164]: Failed password for root from 43.255.190.152 port 39905 ssh2
Apr 11 15:58:38 ovzhost sshd[1162]: message repeated 2 times: [ Failed password for root from 43.255.190.186 port 51196 ssh2]
Apr 11 15:58:38 ovzhost sshd[1162]: Received disconnect from 43.255.190.186: 11:  [preauth]
Apr 11 15:58:38 ovzhost sshd[1162]: PAM 2 more authentication failures; logname= uid=0 euid=0 tty=ssh ruser= rhost=43.255.190.186  user=root
Apr 11 15:58:38 ovzhost sshd[1164]: message repeated 2 times: [ Failed password for root from 43.255.190.152 port 39905 ssh2]
Apr 11 15:58:38 ovzhost sshd[1164]: Received disconnect from 43.255.190.152: 11:  [preauth]
Apr 11 15:58:38 ovzhost sshd[1164]: PAM 2 more authentication failures; logname= uid=0 euid=0 tty=ssh ruser= rhost=43.255.190.152  user=root
Apr 11 15:58:39 ovzhost sshd[1166]: pam_unix(sshd:auth): authentication failure; logname= uid=0 euid=0 tty=ssh ruser= rhost=43.255.190.186  user=root
Apr 11 15:58:39 ovzhost sshd[1168]: pam_unix(sshd:auth): authentication failure; logname= uid=0 euid=0 tty=ssh ruser= rhost=43.255.190.152  user=root
Apr 11 15:58:40 ovzhost sshd[1166]: Failed password for root from 43.255.190.186 port 37456 ssh2
Apr 11 15:58:40 ovzhost sshd[1168]: Failed password for root from 43.255.190.152 port 52104 ssh2
Apr 11 15:58:44 ovzhost sshd[1166]: message repeated 2 times: [ Failed password for root from 43.255.190.186 port 37456 ssh2]
Apr 11 15:58:44 ovzhost sshd[1166]: Received disconnect from 43.255.190.186: 11:  [preauth]
Apr 11 15:58:44 ovzhost sshd[1166]: PAM 2 more authentication failures; logname= uid=0 euid=0 tty=ssh ruser= rhost=43.255.190.186  user=root
Apr 11 15:58:44 ovzhost sshd[1168]: message repeated 2 times: [ Failed password for root from 43.255.190.152 port 52104 ssh2]
Apr 11 15:58:44 ovzhost sshd[1168]: Received disconnect from 43.255.190.152: 11:  [preauth]
Apr 11 15:58:44 ovzhost sshd[1168]: PAM 2 more authentication failures; logname= uid=0 euid=0 tty=ssh ruser= rhost=43.255.190.152  user=root
Apr 11 15:58:45 ovzhost sshd[1170]: pam_unix(sshd:auth): authentication failure; logname= uid=0 euid=0 tty=ssh ruser= rhost=43.255.190.186  user=root
Apr 11 15:58:45 ovzhost sshd[1172]: pam_unix(sshd:auth): authentication failure; logname= uid=0 euid=0 tty=ssh ruser= rhost=43.255.190.152  user=root
Apr 11 15:58:46 ovzhost sshd[1170]: Failed password for root from 43.255.190.186 port 51984 ssh2
Apr 11 15:58:46 ovzhost sshd[1172]: Failed password for root from 43.255.190.152 port 37867 ssh2
Apr 11 15:58:50 ovzhost sshd[1170]: message repeated 2 times: [ Failed password for root from 43.255.190.186 port 51984 ssh2]
Apr 11 15:58:50 ovzhost sshd[1170]: Received disconnect from 43.255.190.186: 11:  [preauth]
Apr 11 15:58:50 ovzhost sshd[1170]: PAM 2 more authentication failures; logname= uid=0 euid=0 tty=ssh ruser= rhost=43.255.190.186  user=root
Apr 11 15:58:50 ovzhost sshd[1172]: message repeated 2 times: [ Failed password for root from 43.255.190.152 port 37867 ssh2]
Apr 11 15:58:50 ovzhost sshd[1172]: Received disconnect from 43.255.190.152: 11:  [preauth]
Apr 11 15:58:50 ovzhost sshd[1172]: PAM 2 more authentication failures; logname= uid=0 euid=0 tty=ssh ruser= rhost=43.255.190.152  user=root
Apr 11 15:58:51 ovzhost sshd[1174]: pam_unix(sshd:auth): authentication failure; logname= uid=0 euid=0 tty=ssh ruser= rhost=43.255.190.186  user=root
Apr 11 15:58:51 ovzhost sshd[1176]: pam_unix(sshd:auth): authentication failure; logname= uid=0 euid=0 tty=ssh ruser= rhost=43.255.190.152  user=root
Apr 11 15:58:53 ovzhost sshd[1174]: Failed password for root from 43.255.190.186 port 39165 ssh2
Apr 11 15:58:53 ovzhost sshd[1176]: Failed password for root from 43.255.190.152 port 53689 ssh2
Apr 11 15:58:57 ovzhost sshd[1174]: message repeated 2 times: [ Failed password for root from 43.255.190.186 port 39165 ssh2]
Apr 11 15:58:57 ovzhost sshd[1174]: Received disconnect from 43.255.190.186: 11:  [preauth]
Apr 11 15:58:57 ovzhost sshd[1174]: PAM 2 more authentication failures; logname= uid=0 euid=0 tty=ssh ruser= rhost=43.255.190.186  user=root
Apr 11 15:58:57 ovzhost sshd[1176]: message repeated 2 times: [ Failed password for root from 43.255.190.152 port 53689 ssh2]
Apr 11 15:58:57 ovzhost sshd[1176]: Received disconnect from 43.255.190.152: 11:  [preauth]
Apr 11 15:58:57 ovzhost sshd[1176]: PAM 2 more authentication failures; logname= uid=0 euid=0 tty=ssh ruser= rhost=43.255.190.152  user=root
Apr 11 15:58:58 ovzhost sshd[1180]: pam_unix(sshd:auth): authentication failure; logname= uid=0 euid=0 tty=ssh ruser= rhost=43.255.190.186  user=root
Apr 11 15:58:58 ovzhost sshd[1182]: pam_unix(sshd:auth): authentication failure; logname= uid=0 euid=0 tty=ssh ruser= rhost=43.255.190.152  user=root
Apr 11 15:59:00 ovzhost sshd[1180]: Failed password for root from 43.255.190.186 port 55707 ssh2
Apr 11 15:59:00 ovzhost sshd[1182]: Failed password for root from 43.255.190.152 port 41607 ssh2
Apr 11 15:59:04 ovzhost sshd[1180]: message repeated 2 times: [ Failed password for root from 43.255.190.186 port 55707 ssh2]
Apr 11 15:59:04 ovzhost sshd[1180]: Received disconnect from 43.255.190.186: 11:  [preauth]
Apr 11 15:59:04 ovzhost sshd[1180]: PAM 2 more authentication failures; logname= uid=0 euid=0 tty=ssh ruser= rhost=43.255.190.186  user=root
Apr 11 15:59:04 ovzhost sshd[1182]: message repeated 2 times: [ Failed password for root from 43.255.190.152 port 41607 ssh2]
Apr 11 15:59:04 ovzhost sshd[1182]: Received disconnect from 43.255.190.152: 11:  [preauth]
Apr 11 15:59:04 ovzhost sshd[1182]: PAM 2 more authentication failures; logname= uid=0 euid=0 tty=ssh ruser= rhost=43.255.190.152  user=root
Apr 11 15:59:04 ovzhost sshd[1184]: pam_unix(sshd:auth): authentication failure; logname= uid=0 euid=0 tty=ssh ruser= rhost=43.255.190.186  user=root
Apr 11 15:59:05 ovzhost sshd[1186]: pam_unix(sshd:auth): authentication failure; logname= uid=0 euid=0 tty=ssh ruser= rhost=43.255.190.152  user=root
Apr 11 15:59:06 ovzhost sshd[1184]: Failed password for root from 43.255.190.186 port 42312 ssh2
Apr 11 15:59:07 ovzhost sshd[1186]: Failed password for root from 43.255.190.152 port 56966 ssh2
Apr 11 15:59:10 ovzhost sshd[1184]: message repeated 2 times: [ Failed password for root from 43.255.190.186 port 42312 ssh2]
Apr 11 15:59:10 ovzhost sshd[1184]: Received disconnect from 43.255.190.186: 11:  [preauth]
Apr 11 15:59:10 ovzhost sshd[1184]: PAM 2 more authentication failures; logname= uid=0 euid=0 tty=ssh ruser= rhost=43.255.190.186  user=root
Apr 11 15:59:11 ovzhost sshd[1186]: message repeated 2 times: [ Failed password for root from 43.255.190.152 port 56966 ssh2]
Apr 11 15:59:11 ovzhost sshd[1186]: Received disconnect from 43.255.190.152: 11:  [preauth]
Apr 11 15:59:11 ovzhost sshd[1186]: PAM 2 more authentication failures; logname= uid=0 euid=0 tty=ssh ruser= rhost=43.255.190.152  user=root
Apr 11 15:59:11 ovzhost sshd[1188]: pam_unix(sshd:auth): authentication failure; logname= uid=0 euid=0 tty=ssh ruser= rhost=43.255.190.186  user=root
Apr 11 15:59:11 ovzhost sshd[1190]: pam_unix(sshd:auth): authentication failure; logname= uid=0 euid=0 tty=ssh ruser= rhost=43.255.190.152  user=root
Apr 11 15:59:13 ovzhost sshd[1188]: Failed password for root from 43.255.190.186 port 57184 ssh2
Apr 11 15:59:13 ovzhost sshd[1190]: Failed password for root from 43.255.190.152 port 43633 ssh2
Apr 11 15:59:17 ovzhost sshd[1188]: message repeated 2 times: [ Failed password for root from 43.255.190.186 port 57184 ssh2]
Apr 11 15:59:17 ovzhost sshd[1188]: Received disconnect from 43.255.190.186: 11:  [preauth]
Apr 11 15:59:17 ovzhost sshd[1188]: PAM 2 more authentication failures; logname= uid=0 euid=0 tty=ssh ruser= rhost=43.255.190.186  user=root
Apr 11 15:59:17 ovzhost sshd[1190]: message repeated 2 times: [ Failed password for root from 43.255.190.152 port 43633 ssh2]
Apr 11 15:59:17 ovzhost sshd[1190]: Received disconnect from 43.255.190.152: 11:  [preauth]
Apr 11 15:59:17 ovzhost sshd[1190]: PAM 2 more authentication failures; logname= uid=0 euid=0 tty=ssh ruser= rhost=43.255.190.152  user=root
Apr 11 15:59:18 ovzhost sshd[1192]: pam_unix(sshd:auth): authentication failure; logname= uid=0 euid=0 tty=ssh ruser= rhost=43.255.190.186  user=root
Apr 11 15:59:18 ovzhost sshd[1194]: pam_unix(sshd:auth): authentication failure; logname= uid=0 euid=0 tty=ssh ruser= rhost=43.255.190.152  user=root
Apr 11 15:59:19 ovzhost sshd[1192]: Failed password for root from 43.255.190.186 port 44361 ssh2
Apr 11 15:59:20 ovzhost sshd[1194]: Failed password for root from 43.255.190.152 port 59016 ssh2
Apr 11 15:59:23 ovzhost sshd[1194]: message repeated 2 times: [ Failed password for root from 43.255.190.152 port 59016 ssh2]
Apr 11 15:59:23 ovzhost sshd[1194]: Received disconnect from 43.255.190.152: 11:  [preauth]
Apr 11 15:59:23 ovzhost sshd[1194]: PAM 2 more authentication failures; logname= uid=0 euid=0 tty=ssh ruser= rhost=43.255.190.152  user=root
Apr 11 15:59:23 ovzhost sshd[1192]: message repeated 2 times: [ Failed password for root from 43.255.190.186 port 44361 ssh2]
Apr 11 15:59:24 ovzhost sshd[1192]: Received disconnect from 43.255.190.186: 11:  [preauth]
Apr 11 15:59:24 ovzhost sshd[1192]: PAM 2 more authentication failures; logname= uid=0 euid=0 tty=ssh ruser= rhost=43.255.190.186  user=root
Apr 11 15:59:24 ovzhost sshd[1197]: pam_unix(sshd:auth): authentication failure; logname= uid=0 euid=0 tty=ssh ruser= rhost=43.255.190.152  user=root
Apr 11 15:59:24 ovzhost sshd[1199]: pam_unix(sshd:auth): authentication failure; logname= uid=0 euid=0 tty=ssh ruser= rhost=43.255.190.186  user=root
Apr 11 15:59:26 ovzhost sshd[1197]: Failed password for root from 43.255.190.152 port 44204 ssh2
Apr 11 15:59:27 ovzhost sshd[1199]: Failed password for root from 43.255.190.186 port 60129 ssh2
Apr 11 15:59:30 ovzhost sshd[1197]: message repeated 2 times: [ Failed password for root from 43.255.190.152 port 44204 ssh2]
Apr 11 15:59:30 ovzhost sshd[1197]: Received disconnect from 43.255.190.152: 11:  [preauth]
Apr 11 15:59:30 ovzhost sshd[1197]: PAM 2 more authentication failures; logname= uid=0 euid=0 tty=ssh ruser= rhost=43.255.190.152  user=root
Apr 11 15:59:30 ovzhost sshd[1199]: message repeated 2 times: [ Failed password for root from 43.255.190.186 port 60129 ssh2]
Apr 11 15:59:30 ovzhost sshd[1199]: Received disconnect from 43.255.190.186: 11:  [preauth]
Apr 11 15:59:30 ovzhost sshd[1199]: PAM 2 more authentication failures; logname= uid=0 euid=0 tty=ssh ruser= rhost=43.255.190.186  user=root
Apr 11 15:59:31 ovzhost sshd[1201]: pam_unix(sshd:auth): authentication failure; logname= uid=0 euid=0 tty=ssh ruser= rhost=43.255.190.152  user=root
Apr 11 15:59:31 ovzhost sshd[1203]: pam_unix(sshd:auth): authentication failure; logname= uid=0 euid=0 tty=ssh ruser= rhost=43.255.190.186  user=root
Apr 11 15:59:33 ovzhost sshd[1201]: Failed password for root from 43.255.190.152 port 59785 ssh2
Apr 11 15:59:33 ovzhost sshd[1203]: Failed password for root from 43.255.190.186 port 47045 ssh2
Apr 11 15:59:37 ovzhost sshd[1201]: message repeated 2 times: [ Failed password for root from 43.255.190.152 port 59785 ssh2]
Apr 11 15:59:37 ovzhost sshd[1201]: Received disconnect from 43.255.190.152: 11:  [preauth]
Apr 11 15:59:37 ovzhost sshd[1201]: PAM 2 more authentication failures; logname= uid=0 euid=0 tty=ssh ruser= rhost=43.255.190.152  user=root
Apr 11 15:59:37 ovzhost sshd[1203]: message repeated 2 times: [ Failed password for root from 43.255.190.186 port 47045 ssh2]
Apr 11 15:59:37 ovzhost sshd[1203]: Received disconnect from 43.255.190.186: 11:  [preauth]
Apr 11 15:59:37 ovzhost sshd[1203]: PAM 2 more authentication failures; logname= uid=0 euid=0 tty=ssh ruser= rhost=43.255.190.186  user=root
Apr 11 15:59:38 ovzhost sshd[1205]: pam_unix(sshd:auth): authentication failure; logname= uid=0 euid=0 tty=ssh ruser= rhost=43.255.190.152  user=root
Apr 11 15:59:38 ovzhost sshd[1207]: pam_unix(sshd:auth): authentication failure; logname= uid=0 euid=0 tty=ssh ruser= rhost=43.255.190.186  user=root
Apr 11 15:59:39 ovzhost sshd[1210]: Connection closed by 127.0.0.1 [preauth]
Apr 11 15:59:40 ovzhost sshd[1205]: Failed password for root from 43.255.190.152 port 47054 ssh2
Apr 11 15:59:40 ovzhost sshd[1207]: Failed password for root from 43.255.190.186 port 34334 ssh2
Apr 11 15:59:44 ovzhost sshd[1205]: message repeated 2 times: [ Failed password for root from 43.255.190.152 port 47054 ssh2]
Apr 11 15:59:44 ovzhost sshd[1205]: Received disconnect from 43.255.190.152: 11:  [preauth]
Apr 11 15:59:44 ovzhost sshd[1205]: PAM 2 more authentication failures; logname= uid=0 euid=0 tty=ssh ruser= rhost=43.255.190.152  user=root
Apr 11 15:59:44 ovzhost sshd[1207]: message repeated 2 times: [ Failed password for root from 43.255.190.186 port 34334 ssh2]
Apr 11 15:59:44 ovzhost sshd[1207]: Received disconnect from 43.255.190.186: 11:  [preauth]
Apr 11 15:59:44 ovzhost sshd[1207]: PAM 2 more authentication failures; logname= uid=0 euid=0 tty=ssh ruser= rhost=43.255.190.186  user=root
Apr 11 15:59:45 ovzhost sshd[1212]: pam_unix(sshd:auth): authentication failure; logname= uid=0 euid=0 tty=ssh ruser= rhost=43.255.190.152  user=root
Apr 11 15:59:45 ovzhost sshd[1214]: pam_unix(sshd:auth): authentication failure; logname= uid=0 euid=0 tty=ssh ruser= rhost=43.255.190.186  user=root
Apr 11 15:59:47 ovzhost sshd[1212]: Failed password for root from 43.255.190.152 port 34096 ssh2
Apr 11 15:59:47 ovzhost sshd[1214]: Failed password for root from 43.255.190.186 port 49580 ssh2
Apr 11 15:59:51 ovzhost sshd[1212]: message repeated 2 times: [ Failed password for root from 43.255.190.152 port 34096 ssh2]
Apr 11 15:59:51 ovzhost sshd[1212]: Received disconnect from 43.255.190.152: 11:  [preauth]
Apr 11 15:59:51 ovzhost sshd[1212]: PAM 2 more authentication failures; logname= uid=0 euid=0 tty=ssh ruser= rhost=43.255.190.152  user=root
Apr 11 15:59:51 ovzhost sshd[1214]: message repeated 2 times: [ Failed password for root from 43.255.190.186 port 49580 ssh2]
Apr 11 15:59:51 ovzhost sshd[1214]: Received disconnect from 43.255.190.186: 11:  [preauth]
Apr 11 15:59:51 ovzhost sshd[1214]: PAM 2 more authentication failures; logname= uid=0 euid=0 tty=ssh ruser= rhost=43.255.190.186  user=root
Apr 11 15:59:52 ovzhost sshd[1216]: pam_unix(sshd:auth): authentication failure; logname= uid=0 euid=0 tty=ssh ruser= rhost=43.255.190.152  user=root
Apr 11 15:59:52 ovzhost sshd[1218]: pam_unix(sshd:auth): authentication failure; logname= uid=0 euid=0 tty=ssh ruser= rhost=43.255.190.186  user=root
Apr 11 15:59:54 ovzhost sshd[1216]: Failed password for root from 43.255.190.152 port 50240 ssh2
Apr 11 15:59:54 ovzhost sshd[1218]: Failed password for root from 43.255.190.186 port 38108 ssh2
Apr 11 15:59:58 ovzhost sshd[1216]: message repeated 2 times: [ Failed password for root from 43.255.190.152 port 50240 ssh2]
Apr 11 15:59:58 ovzhost sshd[1216]: Received disconnect from 43.255.190.152: 11:  [preauth]
Apr 11 15:59:58 ovzhost sshd[1216]: PAM 2 more authentication failures; logname= uid=0 euid=0 tty=ssh ruser= rhost=43.255.190.152  user=root
Apr 11 15:59:59 ovzhost sshd[1218]: message repeated 2 times: [ Failed password for root from 43.255.190.186 port 38108 ssh2]
Apr 11 15:59:59 ovzhost sshd[1218]: Received disconnect from 43.255.190.186: 11:  [preauth]
Apr 11 15:59:59 ovzhost sshd[1218]: PAM 2 more authentication failures; logname= uid=0 euid=0 tty=ssh ruser= rhost=43.255.190.186  user=root
Apr 11 16:00:01 ovzhost CRON[1221]: pam_env(cron:session): Unable to open env file: /etc/default/locale: No such file or directory
Apr 11 16:00:01 ovzhost CRON[1221]: pam_unix(cron:session): session opened for user smmsp by (uid=0)
Apr 11 16:00:01 ovzhost CRON[1221]: pam_unix(cron:session): session closed for user smmsp
Apr 11 16:00:24 ovzhost sshd[1249]: Connection closed by 128.8.37.104 [preauth]
Apr 11 16:04:39 ovzhost sshd[1265]: Connection closed by 127.0.0.1 [preauth]
Apr 11 16:09:01 ovzhost CRON[1286]: pam_env(cron:session): Unable to open env file: /etc/default/locale: No such file or directory
Apr 11 16:09:01 ovzhost CRON[1287]: pam_env(cron:session): Unable to open env file: /etc/default/locale: No such file or directory
Apr 11 16:09:01 ovzhost CRON[1286]: pam_unix(cron:session): session opened for user root by (uid=0)
Apr 11 16:09:01 ovzhost CRON[1287]: pam_unix(cron:session): session opened for user root by (uid=0)
Apr 11 16:09:01 ovzhost CRON[1286]: pam_unix(cron:session): session closed for user root
Apr 11 16:09:01 ovzhost CRON[1287]: pam_unix(cron:session): session closed for user root
Apr 11 16:09:39 ovzhost sshd[1302]: Connection closed by 127.0.0.1 [preauth]
Apr 11 16:10:24 ovzhost sshd[1308]: Connection closed by 128.8.37.104 [preauth]
Apr 11 16:14:39 ovzhost sshd[1324]: Connection closed by 127.0.0.1 [preauth]
Apr 11 16:18:06 ovzhost sshd[1339]: pam_unix(sshd:auth): authentication failure; logname= uid=0 euid=0 tty=ssh ruser= rhost=43.255.190.187  user=root
Apr 11 16:18:08 ovzhost sshd[1339]: Failed password for root from 43.255.190.187 port 50656 ssh2
Apr 11 16:18:12 ovzhost sshd[1339]: message repeated 2 times: [ Failed password for root from 43.255.190.187 port 50656 ssh2]
Apr 11 16:18:12 ovzhost sshd[1339]: Received disconnect from 43.255.190.187: 11:  [preauth]
Apr 11 16:18:12 ovzhost sshd[1339]: PAM 2 more authentication failures; logname= uid=0 euid=0 tty=ssh ruser= rhost=43.255.190.187  user=root
Apr 11 16:18:13 ovzhost sshd[1341]: pam_unix(sshd:auth): authentication failure; logname= uid=0 euid=0 tty=ssh ruser= rhost=43.255.190.187  user=root
Apr 11 16:18:15 ovzhost sshd[1341]: Failed password for root from 43.255.190.187 port 46517 ssh2
Apr 11 16:18:17 ovzhost sshd[1341]: message repeated 2 times: [ Failed password for root from 43.255.190.187 port 46517 ssh2]
Apr 11 16:18:17 ovzhost sshd[1341]: Received disconnect from 43.255.190.187: 11:  [preauth]
Apr 11 16:18:17 ovzhost sshd[1341]: PAM 2 more authentication failures; logname= uid=0 euid=0 tty=ssh ruser= rhost=43.255.190.187  user=root
Apr 11 16:18:18 ovzhost sshd[1343]: pam_unix(sshd:auth): authentication failure; logname= uid=0 euid=0 tty=ssh ruser= rhost=43.255.190.187  user=root
Apr 11 16:18:20 ovzhost sshd[1343]: Failed password for root from 43.255.190.187 port 36233 ssh2
Apr 11 16:18:24 ovzhost sshd[1343]: message repeated 2 times: [ Failed password for root from 43.255.190.187 port 36233 ssh2]
Apr 11 16:18:24 ovzhost sshd[1343]: Received disconnect from 43.255.190.187: 11:  [preauth]
Apr 11 16:18:24 ovzhost sshd[1343]: PAM 2 more authentication failures; logname= uid=0 euid=0 tty=ssh ruser= rhost=43.255.190.187  user=root
Apr 11 16:18:24 ovzhost sshd[1349]: pam_unix(sshd:auth): authentication failure; logname= uid=0 euid=0 tty=ssh ruser= rhost=43.255.190.187  user=root
Apr 11 16:18:26 ovzhost sshd[1349]: Failed password for root from 43.255.190.187 port 58308 ssh2
Apr 11 16:18:31 ovzhost sshd[1349]: message repeated 2 times: [ Failed password for root from 43.255.190.187 port 58308 ssh2]
Apr 11 16:18:31 ovzhost sshd[1349]: Received disconnect from 43.255.190.187: 11:  [preauth]
Apr 11 16:18:31 ovzhost sshd[1349]: PAM 2 more authentication failures; logname= uid=0 euid=0 tty=ssh ruser= rhost=43.255.190.187  user=root
Apr 11 16:18:31 ovzhost sshd[1351]: pam_unix(sshd:auth): authentication failure; logname= uid=0 euid=0 tty=ssh ruser= rhost=43.255.190.187  user=root
Apr 11 16:18:34 ovzhost sshd[1351]: Failed password for root from 43.255.190.187 port 55680 ssh2
Apr 11 16:18:37 ovzhost sshd[1351]: message repeated 2 times: [ Failed password for root from 43.255.190.187 port 55680 ssh2]
Apr 11 16:18:37 ovzhost sshd[1351]: Received disconnect from 43.255.190.187: 11:  [preauth]
Apr 11 16:18:37 ovzhost sshd[1351]: PAM 2 more authentication failures; logname= uid=0 euid=0 tty=ssh ruser= rhost=43.255.190.187  user=root
Apr 11 16:18:38 ovzhost sshd[1353]: pam_unix(sshd:auth): authentication failure; logname= uid=0 euid=0 tty=ssh ruser= rhost=43.255.190.187  user=root
Apr 11 16:18:40 ovzhost sshd[1353]: Failed password for root from 43.255.190.187 port 50557 ssh2
Apr 11 16:18:44 ovzhost sshd[1353]: message repeated 2 times: [ Failed password for root from 43.255.190.187 port 50557 ssh2]
Apr 11 16:18:44 ovzhost sshd[1353]: Received disconnect from 43.255.190.187: 11:  [preauth]
Apr 11 16:18:44 ovzhost sshd[1353]: PAM 2 more authentication failures; logname= uid=0 euid=0 tty=ssh ruser= rhost=43.255.190.187  user=root
Apr 11 16:18:45 ovzhost sshd[1355]: pam_unix(sshd:auth): authentication failure; logname= uid=0 euid=0 tty=ssh ruser= rhost=43.255.190.187  user=root
Apr 11 16:18:47 ovzhost sshd[1355]: Failed password for root from 43.255.190.187 port 45893 ssh2
Apr 11 16:18:51 ovzhost sshd[1355]: message repeated 2 times: [ Failed password for root from 43.255.190.187 port 45893 ssh2]
Apr 11 16:18:51 ovzhost sshd[1355]: Received disconnect from 43.255.190.187: 11:  [preauth]
Apr 11 16:18:51 ovzhost sshd[1355]: PAM 2 more authentication failures; logname= uid=0 euid=0 tty=ssh ruser= rhost=43.255.190.187  user=root
Apr 11 16:18:51 ovzhost sshd[1357]: pam_unix(sshd:auth): authentication failure; logname= uid=0 euid=0 tty=ssh ruser= rhost=43.255.190.187  user=root
Apr 11 16:18:54 ovzhost sshd[1357]: Failed password for root from 43.255.190.187 port 40541 ssh2
Apr 11 16:18:58 ovzhost sshd[1357]: message repeated 2 times: [ Failed password for root from 43.255.190.187 port 40541 ssh2]
Apr 11 16:18:58 ovzhost sshd[1357]: Received disconnect from 43.255.190.187: 11:  [preauth]
Apr 11 16:18:58 ovzhost sshd[1357]: PAM 2 more authentication failures; logname= uid=0 euid=0 tty=ssh ruser= rhost=43.255.190.187  user=root
Apr 11 16:18:58 ovzhost sshd[1361]: pam_unix(sshd:auth): authentication failure; logname= uid=0 euid=0 tty=ssh ruser= rhost=43.255.190.187  user=root
Apr 11 16:19:00 ovzhost sshd[1361]: Failed password for root from 43.255.190.187 port 33707 ssh2
Apr 11 16:19:04 ovzhost sshd[1361]: message repeated 2 times: [ Failed password for root from 43.255.190.187 port 33707 ssh2]
Apr 11 16:19:04 ovzhost sshd[1361]: Received disconnect from 43.255.190.187: 11:  [preauth]
Apr 11 16:19:04 ovzhost sshd[1361]: PAM 2 more authentication failures; logname= uid=0 euid=0 tty=ssh ruser= rhost=43.255.190.187  user=root
Apr 11 16:19:04 ovzhost sshd[1363]: pam_unix(sshd:auth): authentication failure; logname= uid=0 euid=0 tty=ssh ruser= rhost=43.255.190.187  user=root
Apr 11 16:19:06 ovzhost sshd[1363]: Failed password for root from 43.255.190.187 port 52517 ssh2
Apr 11 16:19:11 ovzhost sshd[1363]: message repeated 2 times: [ Failed password for root from 43.255.190.187 port 52517 ssh2]
Apr 11 16:19:11 ovzhost sshd[1363]: Received disconnect from 43.255.190.187: 11:  [preauth]
Apr 11 16:19:11 ovzhost sshd[1363]: PAM 2 more authentication failures; logname= uid=0 euid=0 tty=ssh ruser= rhost=43.255.190.187  user=root
Apr 11 16:19:11 ovzhost sshd[1365]: pam_unix(sshd:auth): authentication failure; logname= uid=0 euid=0 tty=ssh ruser= rhost=43.255.190.187  user=root
Apr 11 16:19:13 ovzhost sshd[1365]: Failed password for root from 43.255.190.187 port 44486 ssh2
Apr 11 16:19:17 ovzhost sshd[1365]: message repeated 2 times: [ Failed password for root from 43.255.190.187 port 44486 ssh2]
Apr 11 16:19:18 ovzhost sshd[1365]: Received disconnect from 43.255.190.187: 11:  [preauth]
