Apr 12 02:31:43 ovzhost sshd[1984]: Failed password for root from 43.255.190.132 port 60437 ssh2
Apr 12 02:31:43 ovzhost sshd[1986]: Failed password for root from 43.255.190.132 port 33283 ssh2
Apr 12 02:31:45 ovzhost sshd[1982]: message repeated 2 times: [ Failed password for root from 43.255.190.137 port 45112 ssh2]
Apr 12 02:31:45 ovzhost sshd[1982]: Received disconnect from 43.255.190.137: 11:  [preauth]
Apr 12 02:31:45 ovzhost sshd[1982]: PAM 2 more authentication failures; logname= uid=0 euid=0 tty=ssh ruser= rhost=43.255.190.137  user=root
Apr 12 02:31:46 ovzhost sshd[1988]: pam_unix(sshd:auth): authentication failure; logname= uid=0 euid=0 tty=ssh ruser= rhost=43.255.190.137  user=root
Apr 12 02:31:47 ovzhost sshd[1984]: message repeated 2 times: [ Failed password for root from 43.255.190.132 port 60437 ssh2]
Apr 12 02:31:47 ovzhost sshd[1984]: Received disconnect from 43.255.190.132: 11:  [preauth]
Apr 12 02:31:47 ovzhost sshd[1984]: PAM 2 more authentication failures; logname= uid=0 euid=0 tty=ssh ruser= rhost=43.255.190.132  user=root
Apr 12 02:31:47 ovzhost sshd[1986]: message repeated 2 times: [ Failed password for root from 43.255.190.132 port 33283 ssh2]
Apr 12 02:31:47 ovzhost sshd[1986]: Received disconnect from 43.255.190.132: 11:  [preauth]
Apr 12 02:31:47 ovzhost sshd[1986]: PAM 2 more authentication failures; logname= uid=0 euid=0 tty=ssh ruser= rhost=43.255.190.132  user=root
Apr 12 02:31:48 ovzhost sshd[1990]: pam_unix(sshd:auth): authentication failure; logname= uid=0 euid=0 tty=ssh ruser= rhost=43.255.190.132  user=root
Apr 12 02:31:48 ovzhost sshd[1992]: pam_unix(sshd:auth): authentication failure; logname= uid=0 euid=0 tty=ssh ruser= rhost=43.255.190.132  user=root
Apr 12 02:31:48 ovzhost sshd[1988]: Failed password for root from 43.255.190.137 port 59682 ssh2
Apr 12 02:31:49 ovzhost sshd[1990]: Failed password for root from 43.255.190.132 port 49389 ssh2
Apr 12 02:31:50 ovzhost sshd[1992]: Failed password for root from 43.255.190.132 port 50608 ssh2
Apr 12 02:31:53 ovzhost sshd[1988]: message repeated 2 times: [ Failed password for root from 43.255.190.137 port 59682 ssh2]
Apr 12 02:31:53 ovzhost sshd[1988]: Received disconnect from 43.255.190.137: 11:  [preauth]
Apr 12 02:31:53 ovzhost sshd[1988]: PAM 2 more authentication failures; logname= uid=0 euid=0 tty=ssh ruser= rhost=43.255.190.137  user=root
Apr 12 02:31:54 ovzhost sshd[1990]: message repeated 2 times: [ Failed password for root from 43.255.190.132 port 49389 ssh2]
Apr 12 02:31:54 ovzhost sshd[1990]: Received disconnect from 43.255.190.132: 11:  [preauth]
Apr 12 02:31:54 ovzhost sshd[1990]: PAM 2 more authentication failures; logname= uid=0 euid=0 tty=ssh ruser= rhost=43.255.190.132  user=root
Apr 12 02:31:55 ovzhost sshd[1997]: pam_unix(sshd:auth): authentication failure; logname= uid=0 euid=0 tty=ssh ruser= rhost=43.255.190.132  user=root
Apr 12 02:31:55 ovzhost sshd[1992]: message repeated 2 times: [ Failed password for root from 43.255.190.132 port 50608 ssh2]
Apr 12 02:31:55 ovzhost sshd[1992]: Received disconnect from 43.255.190.132: 11:  [preauth]
Apr 12 02:31:55 ovzhost sshd[1992]: PAM 2 more authentication failures; logname= uid=0 euid=0 tty=ssh ruser= rhost=43.255.190.132  user=root
Apr 12 02:31:55 ovzhost sshd[1999]: pam_unix(sshd:auth): authentication failure; logname= uid=0 euid=0 tty=ssh ruser= rhost=43.255.190.132  user=root
Apr 12 02:31:57 ovzhost sshd[1997]: Failed password for root from 43.255.190.132 port 38829 ssh2
Apr 12 02:31:57 ovzhost sshd[1999]: Failed password for root from 43.255.190.132 port 40758 ssh2
Apr 12 02:32:01 ovzhost sshd[1997]: message repeated 2 times: [ Failed password for root from 43.255.190.132 port 38829 ssh2]
Apr 12 02:32:01 ovzhost sshd[1997]: Received disconnect from 43.255.190.132: 11:  [preauth]
Apr 12 02:32:01 ovzhost sshd[1997]: PAM 2 more authentication failures; logname= uid=0 euid=0 tty=ssh ruser= rhost=43.255.190.132  user=root
Apr 12 02:32:02 ovzhost sshd[1999]: message repeated 2 times: [ Failed password for root from 43.255.190.132 port 40758 ssh2]
Apr 12 02:32:02 ovzhost sshd[1999]: Received disconnect from 43.255.190.132: 11:  [preauth]
Apr 12 02:32:02 ovzhost sshd[1999]: PAM 2 more authentication failures; logname= uid=0 euid=0 tty=ssh ruser= rhost=43.255.190.132  user=root
Apr 12 02:32:02 ovzhost sshd[2001]: pam_unix(sshd:auth): authentication failure; logname= uid=0 euid=0 tty=ssh ruser= rhost=43.255.190.132  user=root
Apr 12 02:32:03 ovzhost sshd[2003]: pam_unix(sshd:auth): authentication failure; logname= uid=0 euid=0 tty=ssh ruser= rhost=43.255.190.132  user=root
Apr 12 02:32:03 ovzhost sshd[1995]: pam_unix(sshd:auth): authentication failure; logname= uid=0 euid=0 tty=ssh ruser= rhost=43.255.190.137  user=root
Apr 12 02:32:05 ovzhost sshd[2001]: Failed password for root from 43.255.190.132 port 56783 ssh2
Apr 12 02:32:05 ovzhost sshd[2003]: Failed password for root from 43.255.190.132 port 58550 ssh2
Apr 12 02:32:06 ovzhost sshd[1995]: Failed password for root from 43.255.190.137 port 44648 ssh2
Apr 12 02:32:09 ovzhost sshd[2001]: message repeated 2 times: [ Failed password for root from 43.255.190.132 port 56783 ssh2]
Apr 12 02:32:09 ovzhost sshd[2001]: Received disconnect from 43.255.190.132: 11:  [preauth]
Apr 12 02:32:09 ovzhost sshd[2001]: PAM 2 more authentication failures; logname= uid=0 euid=0 tty=ssh ruser= rhost=43.255.190.132  user=root
Apr 12 02:32:10 ovzhost sshd[2007]: pam_unix(sshd:auth): authentication failure; logname= uid=0 euid=0 tty=ssh ruser= rhost=43.255.190.132  user=root
Apr 12 02:32:10 ovzhost sshd[2003]: message repeated 2 times: [ Failed password for root from 43.255.190.132 port 58550 ssh2]
Apr 12 02:32:10 ovzhost sshd[2003]: Received disconnect from 43.255.190.132: 11:  [preauth]
Apr 12 02:32:10 ovzhost sshd[2003]: PAM 2 more authentication failures; logname= uid=0 euid=0 tty=ssh ruser= rhost=43.255.190.132  user=root
Apr 12 02:32:11 ovzhost sshd[1995]: message repeated 2 times: [ Failed password for root from 43.255.190.137 port 44648 ssh2]
Apr 12 02:32:11 ovzhost sshd[1995]: Received disconnect from 43.255.190.137: 11:  [preauth]
Apr 12 02:32:11 ovzhost sshd[1995]: PAM 2 more authentication failures; logname= uid=0 euid=0 tty=ssh ruser= rhost=43.255.190.137  user=root
Apr 12 02:32:11 ovzhost sshd[2009]: pam_unix(sshd:auth): authentication failure; logname= uid=0 euid=0 tty=ssh ruser= rhost=43.255.190.132  user=root
Apr 12 02:32:12 ovzhost sshd[2007]: Failed password for root from 43.255.190.132 port 48763 ssh2
Apr 12 02:32:13 ovzhost sshd[2009]: Failed password for root from 43.255.190.132 port 51140 ssh2
Apr 12 02:32:13 ovzhost sshd[2011]: pam_unix(sshd:auth): authentication failure; logname= uid=0 euid=0 tty=ssh ruser= rhost=43.255.190.137  user=root
Apr 12 02:32:16 ovzhost sshd[2011]: Failed password for root from 43.255.190.137 port 46888 ssh2
Apr 12 02:32:17 ovzhost sshd[2007]: message repeated 2 times: [ Failed password for root from 43.255.190.132 port 48763 ssh2]
Apr 12 02:32:17 ovzhost sshd[2007]: Received disconnect from 43.255.190.132: 11:  [preauth]
Apr 12 02:32:17 ovzhost sshd[2007]: PAM 2 more authentication failures; logname= uid=0 euid=0 tty=ssh ruser= rhost=43.255.190.132  user=root
Apr 12 02:32:17 ovzhost sshd[2013]: pam_unix(sshd:auth): authentication failure; logname= uid=0 euid=0 tty=ssh ruser= rhost=43.255.190.132  user=root
Apr 12 02:32:18 ovzhost sshd[2009]: message repeated 2 times: [ Failed password for root from 43.255.190.132 port 51140 ssh2]
Apr 12 02:32:18 ovzhost sshd[2009]: Received disconnect from 43.255.190.132: 11:  [preauth]
Apr 12 02:32:18 ovzhost sshd[2009]: PAM 2 more authentication failures; logname= uid=0 euid=0 tty=ssh ruser= rhost=43.255.190.132  user=root
Apr 12 02:32:19 ovzhost sshd[2015]: pam_unix(sshd:auth): authentication failure; logname= uid=0 euid=0 tty=ssh ruser= rhost=43.255.190.132  user=root
Apr 12 02:32:20 ovzhost sshd[2013]: Failed password for root from 43.255.190.132 port 38300 ssh2
Apr 12 02:32:20 ovzhost sshd[2011]: message repeated 2 times: [ Failed password for root from 43.255.190.137 port 46888 ssh2]
Apr 12 02:32:20 ovzhost sshd[2011]: Received disconnect from 43.255.190.137: 11:  [preauth]
Apr 12 02:32:20 ovzhost sshd[2011]: PAM 2 more authentication failures; logname= uid=0 euid=0 tty=ssh ruser= rhost=43.255.190.137  user=root
Apr 12 02:32:20 ovzhost sshd[2015]: Failed password for root from 43.255.190.132 port 41375 ssh2
Apr 12 02:32:22 ovzhost sshd[2017]: pam_unix(sshd:auth): authentication failure; logname= uid=0 euid=0 tty=ssh ruser= rhost=43.255.190.137  user=root
Apr 12 02:32:24 ovzhost sshd[2017]: Failed password for root from 43.255.190.137 port 35292 ssh2
Apr 12 02:32:24 ovzhost sshd[2013]: message repeated 2 times: [ Failed password for root from 43.255.190.132 port 38300 ssh2]
Apr 12 02:32:24 ovzhost sshd[2013]: Received disconnect from 43.255.190.132: 11:  [preauth]
Apr 12 02:32:24 ovzhost sshd[2013]: PAM 2 more authentication failures; logname= uid=0 euid=0 tty=ssh ruser= rhost=43.255.190.132  user=root
Apr 12 02:32:24 ovzhost sshd[2015]: message repeated 2 times: [ Failed password for root from 43.255.190.132 port 41375 ssh2]
Apr 12 02:32:25 ovzhost sshd[2015]: Received disconnect from 43.255.190.132: 11:  [preauth]
Apr 12 02:32:25 ovzhost sshd[2015]: PAM 2 more authentication failures; logname= uid=0 euid=0 tty=ssh ruser= rhost=43.255.190.132  user=root
Apr 12 02:32:25 ovzhost sshd[2019]: pam_unix(sshd:auth): authentication failure; logname= uid=0 euid=0 tty=ssh ruser= rhost=43.255.190.132  user=root
Apr 12 02:32:25 ovzhost sshd[2021]: pam_unix(sshd:auth): authentication failure; logname= uid=0 euid=0 tty=ssh ruser= rhost=43.255.190.132  user=root
Apr 12 02:32:28 ovzhost sshd[2019]: Failed password for root from 43.255.190.132 port 57763 ssh2
Apr 12 02:32:28 ovzhost sshd[2021]: Failed password for root from 43.255.190.132 port 58000 ssh2
Apr 12 02:32:28 ovzhost sshd[2017]: message repeated 2 times: [ Failed password for root from 43.255.190.137 port 35292 ssh2]
Apr 12 02:32:29 ovzhost sshd[2017]: Received disconnect from 43.255.190.137: 11:  [preauth]
Apr 12 02:32:29 ovzhost sshd[2017]: PAM 2 more authentication failures; logname= uid=0 euid=0 tty=ssh ruser= rhost=43.255.190.137  user=root
Apr 12 02:32:32 ovzhost sshd[2023]: pam_unix(sshd:auth): authentication failure; logname= uid=0 euid=0 tty=ssh ruser= rhost=43.255.190.137  user=root
Apr 12 02:32:32 ovzhost sshd[2019]: message repeated 2 times: [ Failed password for root from 43.255.190.132 port 57763 ssh2]
Apr 12 02:32:32 ovzhost sshd[2019]: Received disconnect from 43.255.190.132: 11:  [preauth]
Apr 12 02:32:32 ovzhost sshd[2019]: PAM 2 more authentication failures; logname= uid=0 euid=0 tty=ssh ruser= rhost=43.255.190.132  user=root
Apr 12 02:32:32 ovzhost sshd[2021]: message repeated 2 times: [ Failed password for root from 43.255.190.132 port 58000 ssh2]
Apr 12 02:32:32 ovzhost sshd[2021]: Received disconnect from 43.255.190.132: 11:  [preauth]
Apr 12 02:32:32 ovzhost sshd[2021]: PAM 2 more authentication failures; logname= uid=0 euid=0 tty=ssh ruser= rhost=43.255.190.132  user=root
Apr 12 02:32:33 ovzhost sshd[2025]: pam_unix(sshd:auth): authentication failure; logname= uid=0 euid=0 tty=ssh ruser= rhost=43.255.190.132  user=root
Apr 12 02:32:33 ovzhost sshd[2027]: pam_unix(sshd:auth): authentication failure; logname= uid=0 euid=0 tty=ssh ruser= rhost=43.255.190.132  user=root
Apr 12 02:32:34 ovzhost sshd[2023]: Failed password for root from 43.255.190.137 port 49414 ssh2
Apr 12 02:32:34 ovzhost sshd[2027]: Failed password for root from 43.255.190.132 port 47755 ssh2
Apr 12 02:32:35 ovzhost sshd[2025]: Failed password for root from 43.255.190.132 port 47516 ssh2
Apr 12 02:32:38 ovzhost sshd[2023]: message repeated 2 times: [ Failed password for root from 43.255.190.137 port 49414 ssh2]
Apr 12 02:32:38 ovzhost sshd[2023]: Received disconnect from 43.255.190.137: 11:  [preauth]
Apr 12 02:32:38 ovzhost sshd[2023]: PAM 2 more authentication failures; logname= uid=0 euid=0 tty=ssh ruser= rhost=43.255.190.137  user=root
Apr 12 02:32:39 ovzhost sshd[2027]: message repeated 2 times: [ Failed password for root from 43.255.190.132 port 47755 ssh2]
Apr 12 02:32:39 ovzhost sshd[2027]: Received disconnect from 43.255.190.132: 11:  [preauth]
Apr 12 02:32:39 ovzhost sshd[2027]: PAM 2 more authentication failures; logname= uid=0 euid=0 tty=ssh ruser= rhost=43.255.190.132  user=root
Apr 12 02:32:39 ovzhost sshd[2025]: message repeated 2 times: [ Failed password for root from 43.255.190.132 port 47516 ssh2]
Apr 12 02:32:39 ovzhost sshd[2025]: Received disconnect from 43.255.190.132: 11:  [preauth]
Apr 12 02:32:39 ovzhost sshd[2025]: PAM 2 more authentication failures; logname= uid=0 euid=0 tty=ssh ruser= rhost=43.255.190.132  user=root
Apr 12 02:32:40 ovzhost sshd[2031]: pam_unix(sshd:auth): authentication failure; logname= uid=0 euid=0 tty=ssh ruser= rhost=43.255.190.132  user=root
Apr 12 02:32:40 ovzhost sshd[2033]: pam_unix(sshd:auth): authentication failure; logname= uid=0 euid=0 tty=ssh ruser= rhost=43.255.190.132  user=root
Apr 12 02:32:41 ovzhost sshd[2029]: pam_unix(sshd:auth): authentication failure; logname= uid=0 euid=0 tty=ssh ruser= rhost=43.255.190.137  user=root
Apr 12 02:32:42 ovzhost sshd[2031]: Failed password for root from 43.255.190.132 port 37133 ssh2
Apr 12 02:32:42 ovzhost sshd[2033]: Failed password for root from 43.255.190.132 port 38091 ssh2
Apr 12 02:32:43 ovzhost sshd[2029]: Failed password for root from 43.255.190.137 port 37556 ssh2
Apr 12 02:32:46 ovzhost sshd[2031]: message repeated 2 times: [ Failed password for root from 43.255.190.132 port 37133 ssh2]
Apr 12 02:32:46 ovzhost sshd[2031]: Received disconnect from 43.255.190.132: 11:  [preauth]
Apr 12 02:32:46 ovzhost sshd[2031]: PAM 2 more authentication failures; logname= uid=0 euid=0 tty=ssh ruser= rhost=43.255.190.132  user=root
Apr 12 02:32:46 ovzhost sshd[2033]: message repeated 2 times: [ Failed password for root from 43.255.190.132 port 38091 ssh2]
Apr 12 02:32:46 ovzhost sshd[2033]: Received disconnect from 43.255.190.132: 11:  [preauth]
Apr 12 02:32:46 ovzhost sshd[2033]: PAM 2 more authentication failures; logname= uid=0 euid=0 tty=ssh ruser= rhost=43.255.190.132  user=root
Apr 12 02:32:46 ovzhost sshd[2035]: pam_unix(sshd:auth): authentication failure; logname= uid=0 euid=0 tty=ssh ruser= rhost=43.255.190.132  user=root
Apr 12 02:32:47 ovzhost sshd[2037]: pam_unix(sshd:auth): authentication failure; logname= uid=0 euid=0 tty=ssh ruser= rhost=43.255.190.132  user=root
Apr 12 02:32:47 ovzhost sshd[2029]: message repeated 2 times: [ Failed password for root from 43.255.190.137 port 37556 ssh2]
Apr 12 02:32:47 ovzhost sshd[2029]: Received disconnect from 43.255.190.137: 11:  [preauth]
Apr 12 02:32:47 ovzhost sshd[2029]: PAM 2 more authentication failures; logname= uid=0 euid=0 tty=ssh ruser= rhost=43.255.190.137  user=root
Apr 12 02:32:48 ovzhost sshd[2035]: Failed password for root from 43.255.190.132 port 53652 ssh2
Apr 12 02:32:48 ovzhost sshd[2039]: pam_unix(sshd:auth): authentication failure; logname= uid=0 euid=0 tty=ssh ruser= rhost=43.255.190.137  user=root
Apr 12 02:32:49 ovzhost sshd[2037]: Failed password for root from 43.255.190.132 port 54894 ssh2
Apr 12 02:32:50 ovzhost sshd[2039]: Failed password for root from 43.255.190.137 port 52030 ssh2
Apr 12 02:32:53 ovzhost sshd[2035]: message repeated 2 times: [ Failed password for root from 43.255.190.132 port 53652 ssh2]
Apr 12 02:32:53 ovzhost sshd[2035]: Received disconnect from 43.255.190.132: 11:  [preauth]
Apr 12 02:32:53 ovzhost sshd[2035]: PAM 2 more authentication failures; logname= uid=0 euid=0 tty=ssh ruser= rhost=43.255.190.132  user=root
Apr 12 02:32:53 ovzhost sshd[2041]: pam_unix(sshd:auth): authentication failure; logname= uid=0 euid=0 tty=ssh ruser= rhost=43.255.190.132  user=root
Apr 12 02:32:54 ovzhost sshd[2037]: message repeated 2 times: [ Failed password for root from 43.255.190.132 port 54894 ssh2]
Apr 12 02:32:54 ovzhost sshd[2037]: Received disconnect from 43.255.190.132: 11:  [preauth]
Apr 12 02:32:54 ovzhost sshd[2037]: PAM 2 more authentication failures; logname= uid=0 euid=0 tty=ssh ruser= rhost=43.255.190.132  user=root
Apr 12 02:32:55 ovzhost sshd[2044]: pam_unix(sshd:auth): authentication failure; logname= uid=0 euid=0 tty=ssh ruser= rhost=43.255.190.132  user=root
Apr 12 02:32:56 ovzhost sshd[2041]: Failed password for root from 43.255.190.132 port 42777 ssh2
Apr 12 02:32:56 ovzhost sshd[2039]: message repeated 2 times: [ Failed password for root from 43.255.190.137 port 52030 ssh2]
Apr 12 02:32:56 ovzhost sshd[2039]: Received disconnect from 43.255.190.137: 11:  [preauth]
Apr 12 02:32:56 ovzhost sshd[2039]: PAM 2 more authentication failures; logname= uid=0 euid=0 tty=ssh ruser= rhost=43.255.190.137  user=root
Apr 12 02:32:56 ovzhost sshd[2044]: Failed password for root from 43.255.190.132 port 45726 ssh2
Apr 12 02:32:58 ovzhost sshd[2046]: pam_unix(sshd:auth): authentication failure; logname= uid=0 euid=0 tty=ssh ruser= rhost=43.255.190.137  user=root
Apr 12 02:33:00 ovzhost sshd[2046]: Failed password for root from 43.255.190.137 port 38274 ssh2
Apr 12 02:33:00 ovzhost sshd[2041]: message repeated 2 times: [ Failed password for root from 43.255.190.132 port 42777 ssh2]
Apr 12 02:33:00 ovzhost sshd[2041]: Received disconnect from 43.255.190.132: 11:  [preauth]
Apr 12 02:33:00 ovzhost sshd[2041]: PAM 2 more authentication failures; logname= uid=0 euid=0 tty=ssh ruser= rhost=43.255.190.132  user=root
Apr 12 02:33:00 ovzhost sshd[2044]: message repeated 2 times: [ Failed password for root from 43.255.190.132 port 45726 ssh2]
Apr 12 02:33:00 ovzhost sshd[2044]: Received disconnect from 43.255.190.132: 11:  [preauth]
Apr 12 02:33:00 ovzhost sshd[2044]: PAM 2 more authentication failures; logname= uid=0 euid=0 tty=ssh ruser= rhost=43.255.190.132  user=root
Apr 12 02:33:00 ovzhost sshd[2048]: pam_unix(sshd:auth): authentication failure; logname= uid=0 euid=0 tty=ssh ruser= rhost=43.255.190.132  user=root
Apr 12 02:33:03 ovzhost sshd[2048]: Failed password for root from 43.255.190.132 port 60534 ssh2
Apr 12 02:33:04 ovzhost sshd[2046]: message repeated 2 times: [ Failed password for root from 43.255.190.137 port 38274 ssh2]
Apr 12 02:33:05 ovzhost sshd[2046]: Received disconnect from 43.255.190.137: 11:  [preauth]
Apr 12 02:33:05 ovzhost sshd[2046]: PAM 2 more authentication failures; logname= uid=0 euid=0 tty=ssh ruser= rhost=43.255.190.137  user=root
Apr 12 02:33:08 ovzhost sshd[2048]: message repeated 2 times: [ Failed password for root from 43.255.190.132 port 60534 ssh2]
Apr 12 02:33:08 ovzhost sshd[2048]: Received disconnect from 43.255.190.132: 11:  [preauth]
Apr 12 02:33:08 ovzhost sshd[2048]: PAM 2 more authentication failures; logname= uid=0 euid=0 tty=ssh ruser= rhost=43.255.190.132  user=root
Apr 12 02:33:35 ovzhost sshd[2051]: Invalid user OPERATOR from 80.242.123.130
Apr 12 02:33:35 ovzhost sshd[2051]: input_userauth_request: invalid user OPERATOR [preauth]
Apr 12 02:33:35 ovzhost sshd[2051]: pam_unix(sshd:auth): check pass; user unknown
Apr 12 02:33:35 ovzhost sshd[2051]: pam_unix(sshd:auth): authentication failure; logname= uid=0 euid=0 tty=ssh ruser= rhost=130-123-242-80.pppoe.dyn.broadband.blic.net 
Apr 12 02:33:37 ovzhost sshd[2051]: Failed password for invalid user OPERATOR from 80.242.123.130 port 49604 ssh2
Apr 12 02:33:38 ovzhost sshd[2051]: Received disconnect from 80.242.123.130: 11: Bye Bye [preauth]
Apr 12 02:34:07 ovzhost sshd[2058]: Connection closed by 127.0.0.1 [preauth]
