Mar 31 17:16:56 ovzhost sudo:     root : unable to resolve host ovzhost
Mar 31 17:16:56 ovzhost sudo:     root : TTY=pts/0 ; PWD=/ ; USER=root ; COMMAND=/usr/bin/less /root/.bash_history
Mar 31 17:16:56 ovzhost sudo: pam_unix(sudo:session): session opened for user root by (uid=0)
Mar 31 17:16:57 ovzhost sudo: pam_unix(sudo:session): session closed for user root
Apr  2 14:31:13 ovzhost sshd[419]: Server listening on 0.0.0.0 port 22.
Apr  2 14:31:13 ovzhost sshd[419]: Server listening on :: port 22.
Apr  2 14:31:13 ovzhost saslauthd[637]: detach_tty      : master pid is: 637
Apr  2 14:31:13 ovzhost saslauthd[637]: ipc_init        : listening on socket: /var/run/saslauthd/mux
Apr  2 14:33:26 ovzhost sshd[797]: Connection closed by 127.0.0.1 [preauth]
Apr 12 06:39:01 ovzhost CRON[770]: pam_env(cron:session): Unable to open env file: /etc/default/locale: No such file or directory
Apr 12 06:39:01 ovzhost CRON[770]: pam_unix(cron:session): session opened for user root by (uid=0)
Apr 12 06:39:01 ovzhost CRON[770]: pam_unix(cron:session): session closed for user root
Apr 12 06:40:01 ovzhost CRON[781]: pam_env(cron:session): Unable to open env file: /etc/default/locale: No such file or directory
Apr 12 06:40:01 ovzhost CRON[781]: pam_unix(cron:session): session opened for user smmsp by (uid=0)
Apr 12 06:40:01 ovzhost CRON[781]: pam_unix(cron:session): session closed for user smmsp
Apr 12 06:45:15 ovzhost sshd[807]: pam_unix(sshd:auth): authentication failure; logname= uid=0 euid=0 tty=ssh ruser= rhost=43.255.190.166  user=root
Apr 12 06:45:17 ovzhost sshd[807]: Failed password for root from 43.255.190.166 port 51853 ssh2
Apr 12 06:45:21 ovzhost sshd[807]: message repeated 2 times: [ Failed password for root from 43.255.190.166 port 51853 ssh2]
Apr 12 06:45:21 ovzhost sshd[807]: Received disconnect from 43.255.190.166: 11:  [preauth]
Apr 12 06:45:21 ovzhost sshd[807]: PAM 2 more authentication failures; logname= uid=0 euid=0 tty=ssh ruser= rhost=43.255.190.166  user=root
Apr 12 06:45:22 ovzhost sshd[809]: pam_unix(sshd:auth): authentication failure; logname= uid=0 euid=0 tty=ssh ruser= rhost=43.255.190.166  user=root
Apr 12 06:45:23 ovzhost sshd[809]: Failed password for root from 43.255.190.166 port 38736 ssh2
Apr 12 06:45:28 ovzhost sshd[809]: message repeated 2 times: [ Failed password for root from 43.255.190.166 port 38736 ssh2]
Apr 12 06:45:28 ovzhost sshd[809]: Received disconnect from 43.255.190.166: 11:  [preauth]
Apr 12 06:45:28 ovzhost sshd[809]: PAM 2 more authentication failures; logname= uid=0 euid=0 tty=ssh ruser= rhost=43.255.190.166  user=root
Apr 12 06:45:28 ovzhost sshd[811]: pam_unix(sshd:auth): authentication failure; logname= uid=0 euid=0 tty=ssh ruser= rhost=43.255.190.166  user=root
Apr 12 06:45:30 ovzhost sshd[811]: Failed password for root from 43.255.190.166 port 51789 ssh2
Apr 12 06:45:35 ovzhost sshd[811]: message repeated 2 times: [ Failed password for root from 43.255.190.166 port 51789 ssh2]
Apr 12 06:45:35 ovzhost sshd[811]: Received disconnect from 43.255.190.166: 11:  [preauth]
Apr 12 06:45:35 ovzhost sshd[811]: PAM 2 more authentication failures; logname= uid=0 euid=0 tty=ssh ruser= rhost=43.255.190.166  user=root
Apr 12 06:45:35 ovzhost sshd[813]: pam_unix(sshd:auth): authentication failure; logname= uid=0 euid=0 tty=ssh ruser= rhost=43.255.190.166  user=root
Apr 12 06:45:37 ovzhost sshd[813]: Failed password for root from 43.255.190.166 port 38391 ssh2
Apr 12 06:45:42 ovzhost sshd[813]: message repeated 2 times: [ Failed password for root from 43.255.190.166 port 38391 ssh2]
Apr 12 06:45:42 ovzhost sshd[813]: Received disconnect from 43.255.190.166: 11:  [preauth]
Apr 12 06:45:42 ovzhost sshd[813]: PAM 2 more authentication failures; logname= uid=0 euid=0 tty=ssh ruser= rhost=43.255.190.166  user=root
Apr 12 06:45:43 ovzhost sshd[815]: pam_unix(sshd:auth): authentication failure; logname= uid=0 euid=0 tty=ssh ruser= rhost=43.255.190.166  user=root
Apr 12 06:45:45 ovzhost sshd[815]: Failed password for root from 43.255.190.166 port 54473 ssh2
Apr 12 06:45:49 ovzhost sshd[815]: message repeated 2 times: [ Failed password for root from 43.255.190.166 port 54473 ssh2]
Apr 12 06:45:50 ovzhost sshd[815]: Received disconnect from 43.255.190.166: 11:  [preauth]
Apr 12 06:45:50 ovzhost sshd[815]: PAM 2 more authentication failures; logname= uid=0 euid=0 tty=ssh ruser= rhost=43.255.190.166  user=root
Apr 12 06:45:50 ovzhost sshd[817]: pam_unix(sshd:auth): authentication failure; logname= uid=0 euid=0 tty=ssh ruser= rhost=43.255.190.166  user=root
Apr 12 06:45:52 ovzhost sshd[817]: Failed password for root from 43.255.190.166 port 42022 ssh2
Apr 12 06:45:56 ovzhost sshd[817]: message repeated 2 times: [ Failed password for root from 43.255.190.166 port 42022 ssh2]
Apr 12 06:45:56 ovzhost sshd[817]: Received disconnect from 43.255.190.166: 11:  [preauth]
Apr 12 06:45:56 ovzhost sshd[817]: PAM 2 more authentication failures; logname= uid=0 euid=0 tty=ssh ruser= rhost=43.255.190.166  user=root
Apr 12 06:45:56 ovzhost sshd[819]: pam_unix(sshd:auth): authentication failure; logname= uid=0 euid=0 tty=ssh ruser= rhost=43.255.190.166  user=root
Apr 12 06:45:59 ovzhost sshd[819]: Failed password for root from 43.255.190.166 port 56297 ssh2
Apr 12 06:46:04 ovzhost sshd[819]: message repeated 2 times: [ Failed password for root from 43.255.190.166 port 56297 ssh2]
Apr 12 06:46:04 ovzhost sshd[819]: Received disconnect from 43.255.190.166: 11:  [preauth]
Apr 12 06:46:04 ovzhost sshd[819]: PAM 2 more authentication failures; logname= uid=0 euid=0 tty=ssh ruser= rhost=43.255.190.166  user=root
Apr 12 06:46:04 ovzhost sshd[821]: pam_unix(sshd:auth): authentication failure; logname= uid=0 euid=0 tty=ssh ruser= rhost=43.255.190.166  user=root
Apr 12 06:46:06 ovzhost sshd[821]: Failed password for root from 43.255.190.166 port 43972 ssh2
Apr 12 06:46:10 ovzhost sshd[821]: message repeated 2 times: [ Failed password for root from 43.255.190.166 port 43972 ssh2]
Apr 12 06:46:10 ovzhost sshd[821]: Received disconnect from 43.255.190.166: 11:  [preauth]
Apr 12 06:46:10 ovzhost sshd[821]: PAM 2 more authentication failures; logname= uid=0 euid=0 tty=ssh ruser= rhost=43.255.190.166  user=root
Apr 12 06:46:11 ovzhost sshd[823]: pam_unix(sshd:auth): authentication failure; logname= uid=0 euid=0 tty=ssh ruser= rhost=43.255.190.166  user=root
Apr 12 06:46:13 ovzhost sshd[823]: Failed password for root from 43.255.190.166 port 57827 ssh2
Apr 12 06:46:17 ovzhost sshd[823]: message repeated 2 times: [ Failed password for root from 43.255.190.166 port 57827 ssh2]
Apr 12 06:46:17 ovzhost sshd[823]: Received disconnect from 43.255.190.166: 11:  [preauth]
Apr 12 06:46:17 ovzhost sshd[823]: PAM 2 more authentication failures; logname= uid=0 euid=0 tty=ssh ruser= rhost=43.255.190.166  user=root
Apr 12 06:46:18 ovzhost sshd[825]: pam_unix(sshd:auth): authentication failure; logname= uid=0 euid=0 tty=ssh ruser= rhost=43.255.190.166  user=root
Apr 12 06:46:20 ovzhost sshd[825]: Failed password for root from 43.255.190.166 port 45208 ssh2
Apr 12 06:46:25 ovzhost sshd[825]: message repeated 2 times: [ Failed password for root from 43.255.190.166 port 45208 ssh2]
Apr 12 06:46:25 ovzhost sshd[825]: Received disconnect from 43.255.190.166: 11:  [preauth]
Apr 12 06:46:25 ovzhost sshd[825]: PAM 2 more authentication failures; logname= uid=0 euid=0 tty=ssh ruser= rhost=43.255.190.166  user=root
Apr 12 06:46:25 ovzhost sshd[827]: pam_unix(sshd:auth): authentication failure; logname= uid=0 euid=0 tty=ssh ruser= rhost=43.255.190.166  user=root
Apr 12 06:46:27 ovzhost sshd[827]: Failed password for root from 43.255.190.166 port 60681 ssh2
Apr 12 06:46:31 ovzhost sshd[827]: message repeated 2 times: [ Failed password for root from 43.255.190.166 port 60681 ssh2]
Apr 12 06:46:31 ovzhost sshd[827]: Received disconnect from 43.255.190.166: 11:  [preauth]
Apr 12 06:46:31 ovzhost sshd[827]: PAM 2 more authentication failures; logname= uid=0 euid=0 tty=ssh ruser= rhost=43.255.190.166  user=root
Apr 12 06:46:32 ovzhost sshd[829]: pam_unix(sshd:auth): authentication failure; logname= uid=0 euid=0 tty=ssh ruser= rhost=43.255.190.166  user=root
Apr 12 06:46:34 ovzhost sshd[829]: Failed password for root from 43.255.190.166 port 46970 ssh2
Apr 12 06:46:38 ovzhost sshd[829]: message repeated 2 times: [ Failed password for root from 43.255.190.166 port 46970 ssh2]
Apr 12 06:46:38 ovzhost sshd[829]: Received disconnect from 43.255.190.166: 11:  [preauth]
Apr 12 06:46:38 ovzhost sshd[829]: PAM 2 more authentication failures; logname= uid=0 euid=0 tty=ssh ruser= rhost=43.255.190.166  user=root
Apr 12 06:46:39 ovzhost sshd[831]: pam_unix(sshd:auth): authentication failure; logname= uid=0 euid=0 tty=ssh ruser= rhost=43.255.190.166  user=root
Apr 12 06:46:41 ovzhost sshd[831]: Failed password for root from 43.255.190.166 port 59692 ssh2
Apr 12 06:46:45 ovzhost sshd[831]: message repeated 2 times: [ Failed password for root from 43.255.190.166 port 59692 ssh2]
Apr 12 06:46:45 ovzhost sshd[831]: Received disconnect from 43.255.190.166: 11:  [preauth]
Apr 12 06:46:45 ovzhost sshd[831]: PAM 2 more authentication failures; logname= uid=0 euid=0 tty=ssh ruser= rhost=43.255.190.166  user=root
Apr 12 06:46:46 ovzhost sshd[833]: pam_unix(sshd:auth): authentication failure; logname= uid=0 euid=0 tty=ssh ruser= rhost=43.255.190.166  user=root
Apr 12 06:46:47 ovzhost sshd[833]: Failed password for root from 43.255.190.166 port 43299 ssh2
Apr 12 06:46:52 ovzhost sshd[833]: message repeated 2 times: [ Failed password for root from 43.255.190.166 port 43299 ssh2]
Apr 12 06:46:52 ovzhost sshd[833]: Received disconnect from 43.255.190.166: 11:  [preauth]
Apr 12 06:46:52 ovzhost sshd[833]: PAM 2 more authentication failures; logname= uid=0 euid=0 tty=ssh ruser= rhost=43.255.190.166  user=root
Apr 12 06:46:52 ovzhost sshd[835]: pam_unix(sshd:auth): authentication failure; logname= uid=0 euid=0 tty=ssh ruser= rhost=43.255.190.166  user=root
Apr 12 06:46:54 ovzhost sshd[835]: Failed password for root from 43.255.190.166 port 54318 ssh2
Apr 12 06:46:58 ovzhost sshd[835]: message repeated 2 times: [ Failed password for root from 43.255.190.166 port 54318 ssh2]
Apr 12 06:46:58 ovzhost sshd[835]: Received disconnect from 43.255.190.166: 11:  [preauth]
Apr 12 06:46:58 ovzhost sshd[835]: PAM 2 more authentication failures; logname= uid=0 euid=0 tty=ssh ruser= rhost=43.255.190.166  user=root
Apr 12 06:46:59 ovzhost sshd[837]: pam_unix(sshd:auth): authentication failure; logname= uid=0 euid=0 tty=ssh ruser= rhost=43.255.190.166  user=root
Apr 12 06:47:00 ovzhost sshd[839]: pam_unix(sshd:auth): authentication failure; logname= uid=0 euid=0 tty=ssh ruser= rhost=43.255.190.175  user=root
Apr 12 06:47:01 ovzhost sshd[837]: Failed password for root from 43.255.190.166 port 39148 ssh2
Apr 12 06:47:02 ovzhost sshd[839]: Failed password for root from 43.255.190.175 port 45520 ssh2
Apr 12 06:47:05 ovzhost sshd[837]: message repeated 2 times: [ Failed password for root from 43.255.190.166 port 39148 ssh2]
Apr 12 06:47:05 ovzhost sshd[837]: Received disconnect from 43.255.190.166: 11:  [preauth]
Apr 12 06:47:05 ovzhost sshd[837]: PAM 2 more authentication failures; logname= uid=0 euid=0 tty=ssh ruser= rhost=43.255.190.166  user=root
Apr 12 06:47:06 ovzhost sshd[841]: pam_unix(sshd:auth): authentication failure; logname= uid=0 euid=0 tty=ssh ruser= rhost=43.255.190.166  user=root
Apr 12 06:47:06 ovzhost sshd[839]: message repeated 2 times: [ Failed password for root from 43.255.190.175 port 45520 ssh2]
Apr 12 06:47:06 ovzhost sshd[839]: Received disconnect from 43.255.190.175: 11:  [preauth]
Apr 12 06:47:06 ovzhost sshd[839]: PAM 2 more authentication failures; logname= uid=0 euid=0 tty=ssh ruser= rhost=43.255.190.175  user=root
Apr 12 06:47:07 ovzhost sshd[843]: pam_unix(sshd:auth): authentication failure; logname= uid=0 euid=0 tty=ssh ruser= rhost=43.255.190.175  user=root
Apr 12 06:47:08 ovzhost sshd[841]: Failed password for root from 43.255.190.166 port 51124 ssh2
Apr 12 06:47:09 ovzhost sshd[843]: Failed password for root from 43.255.190.175 port 58805 ssh2
Apr 12 06:47:13 ovzhost sshd[841]: message repeated 2 times: [ Failed password for root from 43.255.190.166 port 51124 ssh2]
Apr 12 06:47:13 ovzhost sshd[841]: Received disconnect from 43.255.190.166: 11:  [preauth]
Apr 12 06:47:13 ovzhost sshd[841]: PAM 2 more authentication failures; logname= uid=0 euid=0 tty=ssh ruser= rhost=43.255.190.166  user=root
Apr 12 06:47:14 ovzhost sshd[845]: pam_unix(sshd:auth): authentication failure; logname= uid=0 euid=0 tty=ssh ruser= rhost=43.255.190.166  user=root
Apr 12 06:47:14 ovzhost sshd[843]: message repeated 2 times: [ Failed password for root from 43.255.190.175 port 58805 ssh2]
Apr 12 06:47:14 ovzhost sshd[843]: Received disconnect from 43.255.190.175: 11:  [preauth]
Apr 12 06:47:14 ovzhost sshd[843]: PAM 2 more authentication failures; logname= uid=0 euid=0 tty=ssh ruser= rhost=43.255.190.175  user=root
Apr 12 06:47:14 ovzhost sshd[847]: pam_unix(sshd:auth): authentication failure; logname= uid=0 euid=0 tty=ssh ruser= rhost=43.255.190.175  user=root
Apr 12 06:47:15 ovzhost sshd[845]: Failed password for root from 43.255.190.166 port 40525 ssh2
Apr 12 06:47:16 ovzhost sshd[847]: Failed password for root from 43.255.190.175 port 49443 ssh2
Apr 12 06:47:18 ovzhost sshd[849]: pam_unix(sshd:auth): authentication failure; logname= uid=0 euid=0 tty=ssh ruser= rhost=43.255.190.166  user=root
Apr 12 06:47:19 ovzhost sshd[845]: message repeated 2 times: [ Failed password for root from 43.255.190.166 port 40525 ssh2]
Apr 12 06:47:19 ovzhost sshd[845]: Received disconnect from 43.255.190.166: 11:  [preauth]
Apr 12 06:47:19 ovzhost sshd[845]: PAM 2 more authentication failures; logname= uid=0 euid=0 tty=ssh ruser= rhost=43.255.190.166  user=root
Apr 12 06:47:20 ovzhost sshd[851]: pam_unix(sshd:auth): authentication failure; logname= uid=0 euid=0 tty=ssh ruser= rhost=43.255.190.166  user=root
Apr 12 06:47:20 ovzhost sshd[847]: message repeated 2 times: [ Failed password for root from 43.255.190.175 port 49443 ssh2]
Apr 12 06:47:20 ovzhost sshd[847]: Received disconnect from 43.255.190.175: 11:  [preauth]
Apr 12 06:47:20 ovzhost sshd[847]: PAM 2 more authentication failures; logname= uid=0 euid=0 tty=ssh ruser= rhost=43.255.190.175  user=root
Apr 12 06:47:20 ovzhost sshd[849]: Failed password for root from 43.255.190.166 port 54393 ssh2
Apr 12 06:47:21 ovzhost sshd[853]: pam_unix(sshd:auth): authentication failure; logname= uid=0 euid=0 tty=ssh ruser= rhost=43.255.190.175  user=root
Apr 12 06:47:22 ovzhost sshd[851]: Failed password for root from 43.255.190.166 port 57882 ssh2
Apr 12 06:47:23 ovzhost sshd[853]: Failed password for root from 43.255.190.175 port 40510 ssh2
Apr 12 06:47:25 ovzhost sshd[849]: message repeated 2 times: [ Failed password for root from 43.255.190.166 port 54393 ssh2]
Apr 12 06:47:25 ovzhost sshd[849]: Received disconnect from 43.255.190.166: 11:  [preauth]
Apr 12 06:47:25 ovzhost sshd[849]: PAM 2 more authentication failures; logname= uid=0 euid=0 tty=ssh ruser= rhost=43.255.190.166  user=root
Apr 12 06:47:26 ovzhost sshd[855]: pam_unix(sshd:auth): authentication failure; logname= uid=0 euid=0 tty=ssh ruser= rhost=43.255.190.166  user=root
Apr 12 06:47:26 ovzhost sshd[851]: message repeated 2 times: [ Failed password for root from 43.255.190.166 port 57882 ssh2]
Apr 12 06:47:26 ovzhost sshd[851]: Received disconnect from 43.255.190.166: 11:  [preauth]
Apr 12 06:47:26 ovzhost sshd[851]: PAM 2 more authentication failures; logname= uid=0 euid=0 tty=ssh ruser= rhost=43.255.190.166  user=root
Apr 12 06:47:27 ovzhost sshd[857]: pam_unix(sshd:auth): authentication failure; logname= uid=0 euid=0 tty=ssh ruser= rhost=43.255.190.166  user=root
Apr 12 06:47:27 ovzhost sshd[853]: message repeated 2 times: [ Failed password for root from 43.255.190.175 port 40510 ssh2]
Apr 12 06:47:27 ovzhost sshd[853]: Received disconnect from 43.255.190.175: 11:  [preauth]
Apr 12 06:47:27 ovzhost sshd[853]: PAM 2 more authentication failures; logname= uid=0 euid=0 tty=ssh ruser= rhost=43.255.190.175  user=root
Apr 12 06:47:27 ovzhost sshd[855]: Failed password for root from 43.255.190.166 port 45251 ssh2
Apr 12 06:47:28 ovzhost sshd[859]: pam_unix(sshd:auth): authentication failure; logname= uid=0 euid=0 tty=ssh ruser= rhost=43.255.190.175  user=root
Apr 12 06:47:29 ovzhost sshd[857]: Failed password for root from 43.255.190.166 port 48631 ssh2
Apr 12 06:47:30 ovzhost sshd[859]: Failed password for root from 43.255.190.175 port 32827 ssh2
Apr 12 06:47:32 ovzhost sshd[855]: message repeated 2 times: [ Failed password for root from 43.255.190.166 port 45251 ssh2]
Apr 12 06:47:32 ovzhost sshd[855]: Received disconnect from 43.255.190.166: 11:  [preauth]
Apr 12 06:47:32 ovzhost sshd[855]: PAM 2 more authentication failures; logname= uid=0 euid=0 tty=ssh ruser= rhost=43.255.190.166  user=root
Apr 12 06:47:33 ovzhost sshd[861]: pam_unix(sshd:auth): authentication failure; logname= uid=0 euid=0 tty=ssh ruser= rhost=43.255.190.166  user=root
Apr 12 06:47:33 ovzhost sshd[857]: message repeated 2 times: [ Failed password for root from 43.255.190.166 port 48631 ssh2]
Apr 12 06:47:33 ovzhost sshd[857]: Received disconnect from 43.255.190.166: 11:  [preauth]
Apr 12 06:47:33 ovzhost sshd[857]: PAM 2 more authentication failures; logname= uid=0 euid=0 tty=ssh ruser= rhost=43.255.190.166  user=root
Apr 12 06:47:34 ovzhost sshd[863]: pam_unix(sshd:auth): authentication failure; logname= uid=0 euid=0 tty=ssh ruser= rhost=43.255.190.166  user=root
Apr 12 06:47:35 ovzhost sshd[859]: message repeated 2 times: [ Failed password for root from 43.255.190.175 port 32827 ssh2]
Apr 12 06:47:35 ovzhost sshd[859]: Received disconnect from 43.255.190.175: 11:  [preauth]
Apr 12 06:47:35 ovzhost sshd[859]: PAM 2 more authentication failures; logname= uid=0 euid=0 tty=ssh ruser= rhost=43.255.190.175  user=root
Apr 12 06:47:35 ovzhost sshd[861]: Failed password for root from 43.255.190.166 port 34955 ssh2
Apr 12 06:47:35 ovzhost sshd[865]: pam_unix(sshd:auth): authentication failure; logname= uid=0 euid=0 tty=ssh ruser= rhost=43.255.190.175  user=root
Apr 12 06:47:36 ovzhost sshd[863]: Failed password for root from 43.255.190.166 port 37318 ssh2
Apr 12 06:47:38 ovzhost sshd[865]: Failed password for root from 43.255.190.175 port 56394 ssh2
Apr 12 06:47:39 ovzhost sshd[863]: message repeated 2 times: [ Failed password for root from 43.255.190.166 port 37318 ssh2]
Apr 12 06:47:39 ovzhost sshd[863]: Received disconnect from 43.255.190.166: 11:  [preauth]
Apr 12 06:47:39 ovzhost sshd[863]: PAM 2 more authentication failures; logname= uid=0 euid=0 tty=ssh ruser= rhost=43.255.190.166  user=root
Apr 12 06:47:39 ovzhost sshd[861]: message repeated 2 times: [ Failed password for root from 43.255.190.166 port 34955 ssh2]
Apr 12 06:47:39 ovzhost sshd[861]: Received disconnect from 43.255.190.166: 11:  [preauth]
Apr 12 06:47:39 ovzhost sshd[861]: PAM 2 more authentication failures; logname= uid=0 euid=0 tty=ssh ruser= rhost=43.255.190.166  user=root
Apr 12 06:47:40 ovzhost sshd[867]: pam_unix(sshd:auth): authentication failure; logname= uid=0 euid=0 tty=ssh ruser= rhost=43.255.190.166  user=root
Apr 12 06:47:40 ovzhost sshd[869]: pam_unix(sshd:auth): authentication failure; logname= uid=0 euid=0 tty=ssh ruser= rhost=43.255.190.166  user=root
Apr 12 06:47:42 ovzhost sshd[865]: message repeated 2 times: [ Failed password for root from 43.255.190.175 port 56394 ssh2]
Apr 12 06:47:42 ovzhost sshd[865]: Received disconnect from 43.255.190.175: 11:  [preauth]
Apr 12 06:47:42 ovzhost sshd[865]: PAM 2 more authentication failures; logname= uid=0 euid=0 tty=ssh ruser= rhost=43.255.190.175  user=root
Apr 12 06:47:42 ovzhost sshd[867]: Failed password for root from 43.255.190.166 port 53565 ssh2
Apr 12 06:47:42 ovzhost sshd[869]: Failed password for root from 43.255.190.166 port 54282 ssh2
Apr 12 06:47:42 ovzhost sshd[871]: pam_unix(sshd:auth): authentication failure; logname= uid=0 euid=0 tty=ssh ruser= rhost=43.255.190.175  user=root
Apr 12 06:47:45 ovzhost sshd[871]: Failed password for root from 43.255.190.175 port 49996 ssh2
Apr 12 06:47:47 ovzhost sshd[869]: message repeated 2 times: [ Failed password for root from 43.255.190.166 port 54282 ssh2]
Apr 12 06:47:47 ovzhost sshd[869]: Received disconnect from 43.255.190.166: 11:  [preauth]
Apr 12 06:47:47 ovzhost sshd[869]: PAM 2 more authentication failures; logname= uid=0 euid=0 tty=ssh ruser= rhost=43.255.190.166  user=root
Apr 12 06:47:47 ovzhost sshd[867]: message repeated 2 times: [ Failed password for root from 43.255.190.166 port 53565 ssh2]
Apr 12 06:47:47 ovzhost sshd[867]: Received disconnect from 43.255.190.166: 11:  [preauth]
Apr 12 06:47:47 ovzhost sshd[867]: PAM 2 more authentication failures; logname= uid=0 euid=0 tty=ssh ruser= rhost=43.255.190.166  user=root
Apr 12 06:47:47 ovzhost sshd[873]: pam_unix(sshd:auth): authentication failure; logname= uid=0 euid=0 tty=ssh ruser= rhost=43.255.190.166  user=root
Apr 12 06:47:47 ovzhost sshd[875]: pam_unix(sshd:auth): authentication failure; logname= uid=0 euid=0 tty=ssh ruser= rhost=43.255.190.166  user=root
Apr 12 06:47:49 ovzhost sshd[871]: message repeated 2 times: [ Failed password for root from 43.255.190.175 port 49996 ssh2]
Apr 12 06:47:49 ovzhost sshd[871]: Received disconnect from 43.255.190.175: 11:  [preauth]
Apr 12 06:47:49 ovzhost sshd[871]: PAM 2 more authentication failures; logname= uid=0 euid=0 tty=ssh ruser= rhost=43.255.190.175  user=root
Apr 12 06:47:49 ovzhost sshd[873]: Failed password for root from 43.255.190.166 port 44971 ssh2
Apr 12 06:47:49 ovzhost sshd[875]: Failed password for root from 43.255.190.166 port 45394 ssh2
Apr 12 06:47:50 ovzhost sshd[877]: pam_unix(sshd:auth): authentication failure; logname= uid=0 euid=0 tty=ssh ruser= rhost=43.255.190.175  user=root
Apr 12 06:47:51 ovzhost sshd[877]: Failed password for root from 43.255.190.175 port 42571 ssh2
Apr 12 06:47:53 ovzhost sshd[873]: message repeated 2 times: [ Failed password for root from 43.255.190.166 port 44971 ssh2]
Apr 12 06:47:53 ovzhost sshd[873]: Received disconnect from 43.255.190.166: 11:  [preauth]
Apr 12 06:47:53 ovzhost sshd[873]: PAM 2 more authentication failures; logname= uid=0 euid=0 tty=ssh ruser= rhost=43.255.190.166  user=root
Apr 12 06:47:53 ovzhost sshd[875]: message repeated 2 times: [ Failed password for root from 43.255.190.166 port 45394 ssh2]
Apr 12 06:47:53 ovzhost sshd[875]: Received disconnect from 43.255.190.166: 11:  [preauth]
Apr 12 06:47:53 ovzhost sshd[875]: PAM 2 more authentication failures; logname= uid=0 euid=0 tty=ssh ruser= rhost=43.255.190.166  user=root
Apr 12 06:47:54 ovzhost sshd[879]: pam_unix(sshd:auth): authentication failure; logname= uid=0 euid=0 tty=ssh ruser= rhost=43.255.190.166  user=root
Apr 12 06:47:54 ovzhost sshd[881]: pam_unix(sshd:auth): authentication failure; logname= uid=0 euid=0 tty=ssh ruser= rhost=43.255.190.166  user=root
Apr 12 06:47:55 ovzhost sshd[877]: message repeated 2 times: [ Failed password for root from 43.255.190.175 port 42571 ssh2]
Apr 12 06:47:55 ovzhost sshd[877]: Received disconnect from 43.255.190.175: 11:  [preauth]
Apr 12 06:47:55 ovzhost sshd[877]: PAM 2 more authentication failures; logname= uid=0 euid=0 tty=ssh ruser= rhost=43.255.190.175  user=root
Apr 12 06:47:56 ovzhost sshd[883]: pam_unix(sshd:auth): authentication failure; logname= uid=0 euid=0 tty=ssh ruser= rhost=43.255.190.175  user=root
Apr 12 06:47:56 ovzhost sshd[879]: Failed password for root from 43.255.190.166 port 34541 ssh2
Apr 12 06:47:56 ovzhost sshd[881]: Failed password for root from 43.255.190.166 port 34883 ssh2
Apr 12 06:47:58 ovzhost sshd[883]: Failed password for root from 43.255.190.175 port 32981 ssh2
Apr 12 06:48:00 ovzhost sshd[879]: message repeated 2 times: [ Failed password for root from 43.255.190.166 port 34541 ssh2]
Apr 12 06:48:00 ovzhost sshd[879]: Received disconnect from 43.255.190.166: 11:  [preauth]
Apr 12 06:48:00 ovzhost sshd[879]: PAM 2 more authentication failures; logname= uid=0 euid=0 tty=ssh ruser= rhost=43.255.190.166  user=root
Apr 12 06:48:00 ovzhost sshd[881]: message repeated 2 times: [ Failed password for root from 43.255.190.166 port 34883 ssh2]
Apr 12 06:48:00 ovzhost sshd[881]: Received disconnect from 43.255.190.166: 11:  [preauth]
Apr 12 06:48:00 ovzhost sshd[881]: PAM 2 more authentication failures; logname= uid=0 euid=0 tty=ssh ruser= rhost=43.255.190.166  user=root
Apr 12 06:48:01 ovzhost sshd[885]: pam_unix(sshd:auth): authentication failure; logname= uid=0 euid=0 tty=ssh ruser= rhost=43.255.190.166  user=root
Apr 12 06:48:01 ovzhost sshd[887]: pam_unix(sshd:auth): authentication failure; logname= uid=0 euid=0 tty=ssh ruser= rhost=43.255.190.166  user=root
Apr 12 06:48:02 ovzhost sshd[883]: message repeated 2 times: [ Failed password for root from 43.255.190.175 port 32981 ssh2]
Apr 12 06:48:02 ovzhost sshd[883]: Received disconnect from 43.255.190.175: 11:  [preauth]
Apr 12 06:48:02 ovzhost sshd[883]: PAM 2 more authentication failures; logname= uid=0 euid=0 tty=ssh ruser= rhost=43.255.190.175  user=root
Apr 12 06:48:02 ovzhost sshd[885]: Failed password for root from 43.255.190.166 port 53348 ssh2
Apr 12 06:48:02 ovzhost sshd[887]: Failed password for root from 43.255.190.166 port 53626 ssh2
Apr 12 06:48:02 ovzhost sshd[889]: pam_unix(sshd:auth): authentication failure; logname= uid=0 euid=0 tty=ssh ruser= rhost=43.255.190.175  user=root
Apr 12 06:48:04 ovzhost sshd[889]: Failed password for root from 43.255.190.175 port 51839 ssh2
Apr 12 06:48:06 ovzhost sshd[885]: message repeated 2 times: [ Failed password for root from 43.255.190.166 port 53348 ssh2]
Apr 12 06:48:06 ovzhost sshd[885]: Received disconnect from 43.255.190.166: 11:  [preauth]
Apr 12 06:48:06 ovzhost sshd[885]: PAM 2 more authentication failures; logname= uid=0 euid=0 tty=ssh ruser= rhost=43.255.190.166  user=root
Apr 12 06:48:06 ovzhost sshd[887]: message repeated 2 times: [ Failed password for root from 43.255.190.166 port 53626 ssh2]
Apr 12 06:48:06 ovzhost sshd[887]: Received disconnect from 43.255.190.166: 11:  [preauth]
Apr 12 06:48:06 ovzhost sshd[887]: PAM 2 more authentication failures; logname= uid=0 euid=0 tty=ssh ruser= rhost=43.255.190.166  user=root
Apr 12 06:48:07 ovzhost sshd[891]: pam_unix(sshd:auth): authentication failure; logname= uid=0 euid=0 tty=ssh ruser= rhost=43.255.190.166  user=root
Apr 12 06:48:07 ovzhost sshd[893]: pam_unix(sshd:auth): authentication failure; logname= uid=0 euid=0 tty=ssh ruser= rhost=43.255.190.166  user=root
Apr 12 06:48:09 ovzhost sshd[889]: message repeated 2 times: [ Failed password for root from 43.255.190.175 port 51839 ssh2]
Apr 12 06:48:09 ovzhost sshd[889]: Received disconnect from 43.255.190.175: 11:  [preauth]
Apr 12 06:48:09 ovzhost sshd[889]: PAM 2 more authentication failures; logname= uid=0 euid=0 tty=ssh ruser= rhost=43.255.190.175  user=root
Apr 12 06:48:09 ovzhost sshd[891]: Failed password for root from 43.255.190.166 port 41617 ssh2
Apr 12 06:48:09 ovzhost sshd[893]: Failed password for root from 43.255.190.166 port 41851 ssh2
Apr 12 06:48:09 ovzhost sshd[895]: pam_unix(sshd:auth): authentication failure; logname= uid=0 euid=0 tty=ssh ruser= rhost=43.255.190.175  user=root
Apr 12 06:48:11 ovzhost sshd[895]: Failed password for root from 43.255.190.175 port 42149 ssh2
Apr 12 06:48:13 ovzhost sshd[891]: message repeated 2 times: [ Failed password for root from 43.255.190.166 port 41617 ssh2]
Apr 12 06:48:13 ovzhost sshd[891]: Received disconnect from 43.255.190.166: 11:  [preauth]
Apr 12 06:48:13 ovzhost sshd[891]: PAM 2 more authentication failures; logname= uid=0 euid=0 tty=ssh ruser= rhost=43.255.190.166  user=root
Apr 12 06:48:13 ovzhost sshd[893]: message repeated 2 times: [ Failed password for root from 43.255.190.166 port 41851 ssh2]
Apr 12 06:48:13 ovzhost sshd[893]: Received disconnect from 43.255.190.166: 11:  [preauth]
Apr 12 06:48:13 ovzhost sshd[893]: PAM 2 more authentication failures; logname= uid=0 euid=0 tty=ssh ruser= rhost=43.255.190.166  user=root
Apr 12 06:48:13 ovzhost sshd[897]: pam_unix(sshd:auth): authentication failure; logname= uid=0 euid=0 tty=ssh ruser= rhost=43.255.190.166  user=root
Apr 12 06:48:13 ovzhost sshd[899]: pam_unix(sshd:auth): authentication failure; logname= uid=0 euid=0 tty=ssh ruser= rhost=43.255.190.166  user=root
Apr 12 06:48:15 ovzhost sshd[895]: message repeated 2 times: [ Failed password for root from 43.255.190.175 port 42149 ssh2]
Apr 12 06:48:15 ovzhost sshd[895]: Received disconnect from 43.255.190.175: 11:  [preauth]
Apr 12 06:48:15 ovzhost sshd[895]: PAM 2 more authentication failures; logname= uid=0 euid=0 tty=ssh ruser= rhost=43.255.190.175  user=root
Apr 12 06:48:15 ovzhost sshd[897]: Failed password for root from 43.255.190.166 port 59085 ssh2
Apr 12 06:48:15 ovzhost sshd[899]: Failed password for root from 43.255.190.166 port 59269 ssh2
Apr 12 06:48:16 ovzhost sshd[901]: pam_unix(sshd:auth): authentication failure; logname= uid=0 euid=0 tty=ssh ruser= rhost=43.255.190.175  user=root
Apr 12 06:48:17 ovzhost sshd[901]: Failed password for root from 43.255.190.175 port 32793 ssh2
Apr 12 06:48:20 ovzhost sshd[897]: message repeated 2 times: [ Failed password for root from 43.255.190.166 port 59085 ssh2]
Apr 12 06:48:20 ovzhost sshd[897]: Received disconnect from 43.255.190.166: 11:  [preauth]
Apr 12 06:48:20 ovzhost sshd[897]: PAM 2 more authentication failures; logname= uid=0 euid=0 tty=ssh ruser= rhost=43.255.190.166  user=root
Apr 12 06:48:20 ovzhost sshd[899]: message repeated 2 times: [ Failed password for root from 43.255.190.166 port 59269 ssh2]
Apr 12 06:48:20 ovzhost sshd[899]: Received disconnect from 43.255.190.166: 11:  [preauth]
Apr 12 06:48:20 ovzhost sshd[899]: PAM 2 more authentication failures; logname= uid=0 euid=0 tty=ssh ruser= rhost=43.255.190.166  user=root
Apr 12 06:48:21 ovzhost sshd[903]: pam_unix(sshd:auth): authentication failure; logname= uid=0 euid=0 tty=ssh ruser= rhost=43.255.190.166  user=root
Apr 12 06:48:21 ovzhost sshd[905]: pam_unix(sshd:auth): authentication failure; logname= uid=0 euid=0 tty=ssh ruser= rhost=43.255.190.166  user=root
Apr 12 06:48:21 ovzhost sshd[901]: message repeated 2 times: [ Failed password for root from 43.255.190.175 port 32793 ssh2]
Apr 12 06:48:21 ovzhost sshd[901]: Received disconnect from 43.255.190.175: 11:  [preauth]
Apr 12 06:48:21 ovzhost sshd[901]: PAM 2 more authentication failures; logname= uid=0 euid=0 tty=ssh ruser= rhost=43.255.190.175  user=root
Apr 12 06:48:22 ovzhost sshd[907]: pam_unix(sshd:auth): authentication failure; logname= uid=0 euid=0 tty=ssh ruser= rhost=43.255.190.175  user=root
Apr 12 06:48:23 ovzhost sshd[903]: Failed password for root from 43.255.190.166 port 49563 ssh2
Apr 12 06:48:23 ovzhost sshd[905]: Failed password for root from 43.255.190.166 port 49878 ssh2
Apr 12 06:48:24 ovzhost sshd[907]: Failed password for root from 43.255.190.175 port 49703 ssh2
Apr 12 06:48:26 ovzhost sshd[903]: message repeated 2 times: [ Failed password for root from 43.255.190.166 port 49563 ssh2]
Apr 12 06:48:26 ovzhost sshd[903]: Received disconnect from 43.255.190.166: 11:  [preauth]
Apr 12 06:48:26 ovzhost sshd[903]: PAM 2 more authentication failures; logname= uid=0 euid=0 tty=ssh ruser= rhost=43.255.190.166  user=root
Apr 12 06:48:26 ovzhost sshd[905]: message repeated 2 times: [ Failed password for root from 43.255.190.166 port 49878 ssh2]
Apr 12 06:48:26 ovzhost sshd[905]: Received disconnect from 43.255.190.166: 11:  [preauth]
Apr 12 06:48:26 ovzhost sshd[905]: PAM 2 more authentication failures; logname= uid=0 euid=0 tty=ssh ruser= rhost=43.255.190.166  user=root
Apr 12 06:48:27 ovzhost sshd[909]: pam_unix(sshd:auth): authentication failure; logname= uid=0 euid=0 tty=ssh ruser= rhost=43.255.190.166  user=root
Apr 12 06:48:27 ovzhost sshd[911]: pam_unix(sshd:auth): authentication failure; logname= uid=0 euid=0 tty=ssh ruser= rhost=43.255.190.166  user=root
Apr 12 06:48:28 ovzhost sshd[907]: message repeated 2 times: [ Failed password for root from 43.255.190.175 port 49703 ssh2]
Apr 12 06:48:28 ovzhost sshd[907]: Received disconnect from 43.255.190.175: 11:  [preauth]
Apr 12 06:48:28 ovzhost sshd[907]: PAM 2 more authentication failures; logname= uid=0 euid=0 tty=ssh ruser= rhost=43.255.190.175  user=root
Apr 12 06:48:28 ovzhost sshd[913]: pam_unix(sshd:auth): authentication failure; logname= uid=0 euid=0 tty=ssh ruser= rhost=43.255.190.175  user=root
Apr 12 06:48:29 ovzhost sshd[909]: Failed password for root from 43.255.190.166 port 39064 ssh2
Apr 12 06:48:29 ovzhost sshd[911]: Failed password for root from 43.255.190.166 port 39250 ssh2
Apr 12 06:48:30 ovzhost sshd[913]: Failed password for root from 43.255.190.175 port 38554 ssh2
Apr 12 06:48:33 ovzhost sshd[909]: message repeated 2 times: [ Failed password for root from 43.255.190.166 port 39064 ssh2]
Apr 12 06:48:33 ovzhost sshd[909]: Received disconnect from 43.255.190.166: 11:  [preauth]
Apr 12 06:48:33 ovzhost sshd[909]: PAM 2 more authentication failures; logname= uid=0 euid=0 tty=ssh ruser= rhost=43.255.190.166  user=root
Apr 12 06:48:33 ovzhost sshd[911]: message repeated 2 times: [ Failed password for root from 43.255.190.166 port 39250 ssh2]
Apr 12 06:48:34 ovzhost sshd[911]: Received disconnect from 43.255.190.166: 11:  [preauth]
Apr 12 06:48:34 ovzhost sshd[911]: PAM 2 more authentication failures; logname= uid=0 euid=0 tty=ssh ruser= rhost=43.255.190.166  user=root
Apr 12 06:48:34 ovzhost sshd[915]: pam_unix(sshd:auth): authentication failure; logname= uid=0 euid=0 tty=ssh ruser= rhost=43.255.190.166  user=root
Apr 12 06:48:34 ovzhost sshd[913]: message repeated 2 times: [ Failed password for root from 43.255.190.175 port 38554 ssh2]
Apr 12 06:48:34 ovzhost sshd[913]: Received disconnect from 43.255.190.175: 11:  [preauth]
Apr 12 06:48:34 ovzhost sshd[913]: PAM 2 more authentication failures; logname= uid=0 euid=0 tty=ssh ruser= rhost=43.255.190.175  user=root
Apr 12 06:48:34 ovzhost sshd[917]: pam_unix(sshd:auth): authentication failure; logname= uid=0 euid=0 tty=ssh ruser= rhost=43.255.190.166  user=root
Apr 12 06:48:35 ovzhost sshd[919]: pam_unix(sshd:auth): authentication failure; logname= uid=0 euid=0 tty=ssh ruser= rhost=43.255.190.175  user=root
Apr 12 06:48:35 ovzhost sshd[915]: Failed password for root from 43.255.190.166 port 57337 ssh2
Apr 12 06:48:35 ovzhost sshd[917]: Failed password for root from 43.255.190.166 port 57625 ssh2
Apr 12 06:48:36 ovzhost sshd[919]: Failed password for root from 43.255.190.175 port 54738 ssh2
Apr 12 06:48:39 ovzhost sshd[915]: message repeated 2 times: [ Failed password for root from 43.255.190.166 port 57337 ssh2]
Apr 12 06:48:39 ovzhost sshd[915]: Received disconnect from 43.255.190.166: 11:  [preauth]
Apr 12 06:48:39 ovzhost sshd[915]: PAM 2 more authentication failures; logname= uid=0 euid=0 tty=ssh ruser= rhost=43.255.190.166  user=root
Apr 12 06:48:39 ovzhost sshd[917]: message repeated 2 times: [ Failed password for root from 43.255.190.166 port 57625 ssh2]
Apr 12 06:48:39 ovzhost sshd[917]: Received disconnect from 43.255.190.166: 11:  [preauth]
Apr 12 06:48:39 ovzhost sshd[917]: PAM 2 more authentication failures; logname= uid=0 euid=0 tty=ssh ruser= rhost=43.255.190.166  user=root
Apr 12 06:48:39 ovzhost sshd[921]: pam_unix(sshd:auth): authentication failure; logname= uid=0 euid=0 tty=ssh ruser= rhost=43.255.190.166  user=root
Apr 12 06:48:39 ovzhost sshd[923]: pam_unix(sshd:auth): authentication failure; logname= uid=0 euid=0 tty=ssh ruser= rhost=43.255.190.166  user=root
Apr 12 06:48:40 ovzhost sshd[919]: message repeated 2 times: [ Failed password for root from 43.255.190.175 port 54738 ssh2]
Apr 12 06:48:40 ovzhost sshd[919]: Received disconnect from 43.255.190.175: 11:  [preauth]
Apr 12 06:48:40 ovzhost sshd[919]: PAM 2 more authentication failures; logname= uid=0 euid=0 tty=ssh ruser= rhost=43.255.190.175  user=root
Apr 12 06:48:41 ovzhost sshd[925]: pam_unix(sshd:auth): authentication failure; logname= uid=0 euid=0 tty=ssh ruser= rhost=43.255.190.175  user=root
Apr 12 06:48:42 ovzhost sshd[921]: Failed password for root from 43.255.190.166 port 43867 ssh2
Apr 12 06:48:42 ovzhost sshd[923]: Failed password for root from 43.255.190.166 port 44078 ssh2
Apr 12 06:48:43 ovzhost sshd[925]: Failed password for root from 43.255.190.175 port 42491 ssh2
Apr 12 06:48:45 ovzhost sshd[921]: message repeated 2 times: [ Failed password for root from 43.255.190.166 port 43867 ssh2]
Apr 12 06:48:45 ovzhost sshd[921]: Received disconnect from 43.255.190.166: 11:  [preauth]
Apr 12 06:48:45 ovzhost sshd[921]: PAM 2 more authentication failures; logname= uid=0 euid=0 tty=ssh ruser= rhost=43.255.190.166  user=root
Apr 12 06:48:45 ovzhost sshd[923]: message repeated 2 times: [ Failed password for root from 43.255.190.166 port 44078 ssh2]
Apr 12 06:48:45 ovzhost sshd[923]: Received disconnect from 43.255.190.166: 11:  [preauth]
Apr 12 06:48:45 ovzhost sshd[923]: PAM 2 more authentication failures; logname= uid=0 euid=0 tty=ssh ruser= rhost=43.255.190.166  user=root
Apr 12 06:48:46 ovzhost sshd[927]: pam_unix(sshd:auth): authentication failure; logname= uid=0 euid=0 tty=ssh ruser= rhost=43.255.190.166  user=root
Apr 12 06:48:46 ovzhost sshd[929]: pam_unix(sshd:auth): authentication failure; logname= uid=0 euid=0 tty=ssh ruser= rhost=43.255.190.166  user=root
Apr 12 06:48:47 ovzhost sshd[927]: Failed password for root from 43.255.190.166 port 60194 ssh2
Apr 12 06:48:47 ovzhost sshd[929]: Failed password for root from 43.255.190.166 port 60462 ssh2
Apr 12 06:48:47 ovzhost sshd[925]: message repeated 2 times: [ Failed password for root from 43.255.190.175 port 42491 ssh2]
Apr 12 06:48:47 ovzhost sshd[925]: Received disconnect from 43.255.190.175: 11:  [preauth]
Apr 12 06:48:47 ovzhost sshd[925]: PAM 2 more authentication failures; logname= uid=0 euid=0 tty=ssh ruser= rhost=43.255.190.175  user=root
Apr 12 06:48:48 ovzhost sshd[931]: pam_unix(sshd:auth): authentication failure; logname= uid=0 euid=0 tty=ssh ruser= rhost=43.255.190.175  user=root
Apr 12 06:48:50 ovzhost sshd[931]: Failed password for root from 43.255.190.175 port 32871 ssh2
Apr 12 06:48:50 ovzhost sshd[927]: message repeated 2 times: [ Failed password for root from 43.255.190.166 port 60194 ssh2]
Apr 12 06:48:50 ovzhost sshd[927]: Received disconnect from 43.255.190.166: 11:  [preauth]
Apr 12 06:48:50 ovzhost sshd[927]: PAM 2 more authentication failures; logname= uid=0 euid=0 tty=ssh ruser= rhost=43.255.190.166  user=root
Apr 12 06:48:51 ovzhost sshd[929]: message repeated 2 times: [ Failed password for root from 43.255.190.166 port 60462 ssh2]
Apr 12 06:48:51 ovzhost sshd[929]: Received disconnect from 43.255.190.166: 11:  [preauth]
Apr 12 06:48:51 ovzhost sshd[929]: PAM 2 more authentication failures; logname= uid=0 euid=0 tty=ssh ruser= rhost=43.255.190.166  user=root
Apr 12 06:48:51 ovzhost sshd[933]: pam_unix(sshd:auth): authentication failure; logname= uid=0 euid=0 tty=ssh ruser= rhost=43.255.190.166  user=root
Apr 12 06:48:51 ovzhost sshd[935]: pam_unix(sshd:auth): authentication failure; logname= uid=0 euid=0 tty=ssh ruser= rhost=43.255.190.166  user=root
Apr 12 06:48:53 ovzhost sshd[933]: Failed password for root from 43.255.190.166 port 44613 ssh2
Apr 12 06:48:53 ovzhost sshd[935]: Failed password for root from 43.255.190.166 port 44784 ssh2
Apr 12 06:48:54 ovzhost sshd[931]: message repeated 2 times: [ Failed password for root from 43.255.190.175 port 32871 ssh2]
Apr 12 06:48:54 ovzhost sshd[931]: Received disconnect from 43.255.190.175: 11:  [preauth]
Apr 12 06:48:54 ovzhost sshd[931]: PAM 2 more authentication failures; logname= uid=0 euid=0 tty=ssh ruser= rhost=43.255.190.175  user=root
Apr 12 06:48:55 ovzhost sshd[937]: pam_unix(sshd:auth): authentication failure; logname= uid=0 euid=0 tty=ssh ruser= rhost=43.255.190.175  user=root
Apr 12 06:48:57 ovzhost sshd[937]: Failed password for root from 43.255.190.175 port 46133 ssh2
Apr 12 06:48:57 ovzhost sshd[933]: message repeated 2 times: [ Failed password for root from 43.255.190.166 port 44613 ssh2]
Apr 12 06:48:57 ovzhost sshd[933]: Received disconnect from 43.255.190.166: 11:  [preauth]
Apr 12 06:48:57 ovzhost sshd[933]: PAM 2 more authentication failures; logname= uid=0 euid=0 tty=ssh ruser= rhost=43.255.190.166  user=root
Apr 12 06:48:57 ovzhost sshd[935]: message repeated 2 times: [ Failed password for root from 43.255.190.166 port 44784 ssh2]
Apr 12 06:48:58 ovzhost sshd[935]: Received disconnect from 43.255.190.166: 11:  [preauth]
Apr 12 06:48:58 ovzhost sshd[935]: PAM 2 more authentication failures; logname= uid=0 euid=0 tty=ssh ruser= rhost=43.255.190.166  user=root
Apr 12 06:48:58 ovzhost sshd[939]: pam_unix(sshd:auth): authentication failure; logname= uid=0 euid=0 tty=ssh ruser= rhost=43.255.190.166  user=root
Apr 12 06:48:58 ovzhost sshd[941]: pam_unix(sshd:auth): authentication failure; logname= uid=0 euid=0 tty=ssh ruser= rhost=43.255.190.166  user=root
Apr 12 06:48:59 ovzhost sshd[939]: Failed password for root from 43.255.190.166 port 58125 ssh2
Apr 12 06:48:59 ovzhost sshd[941]: Failed password for root from 43.255.190.166 port 58562 ssh2
Apr 12 06:49:01 ovzhost sshd[937]: message repeated 2 times: [ Failed password for root from 43.255.190.175 port 46133 ssh2]
Apr 12 06:49:01 ovzhost sshd[937]: Received disconnect from 43.255.190.175: 11:  [preauth]
Apr 12 06:49:01 ovzhost sshd[937]: PAM 2 more authentication failures; logname= uid=0 euid=0 tty=ssh ruser= rhost=43.255.190.175  user=root
Apr 12 06:49:02 ovzhost sshd[943]: pam_unix(sshd:auth): authentication failure; logname= uid=0 euid=0 tty=ssh ruser= rhost=43.255.190.175  user=root
Apr 12 06:49:03 ovzhost sshd[939]: message repeated 2 times: [ Failed password for root from 43.255.190.166 port 58125 ssh2]
Apr 12 06:49:03 ovzhost sshd[939]: Received disconnect from 43.255.190.166: 11:  [preauth]
Apr 12 06:49:03 ovzhost sshd[939]: PAM 2 more authentication failures; logname= uid=0 euid=0 tty=ssh ruser= rhost=43.255.190.166  user=root
Apr 12 06:49:03 ovzhost sshd[941]: message repeated 2 times: [ Failed password for root from 43.255.190.166 port 58562 ssh2]
Apr 12 06:49:03 ovzhost sshd[941]: Received disconnect from 43.255.190.166: 11:  [preauth]
Apr 12 06:49:03 ovzhost sshd[941]: PAM 2 more authentication failures; logname= uid=0 euid=0 tty=ssh ruser= rhost=43.255.190.166  user=root
Apr 12 06:49:03 ovzhost sshd[945]: pam_unix(sshd:auth): authentication failure; logname= uid=0 euid=0 tty=ssh ruser= rhost=43.255.190.166  user=root
Apr 12 06:49:04 ovzhost sshd[947]: pam_unix(sshd:auth): authentication failure; logname= uid=0 euid=0 tty=ssh ruser= rhost=43.255.190.166  user=root
Apr 12 06:49:04 ovzhost sshd[943]: Failed password for root from 43.255.190.175 port 33147 ssh2
Apr 12 06:49:05 ovzhost sshd[947]: Failed password for root from 43.255.190.166 port 42355 ssh2
Apr 12 06:49:06 ovzhost sshd[945]: Failed password for root from 43.255.190.166 port 41849 ssh2
Apr 12 06:49:07 ovzhost sshd[943]: message repeated 2 times: [ Failed password for root from 43.255.190.175 port 33147 ssh2]
Apr 12 06:49:07 ovzhost sshd[943]: Received disconnect from 43.255.190.175: 11:  [preauth]
Apr 12 06:49:07 ovzhost sshd[943]: PAM 2 more authentication failures; logname= uid=0 euid=0 tty=ssh ruser= rhost=43.255.190.175  user=root
Apr 12 06:49:08 ovzhost sshd[949]: pam_unix(sshd:auth): authentication failure; logname= uid=0 euid=0 tty=ssh ruser= rhost=43.255.190.175  user=root
Apr 12 06:49:09 ovzhost sshd[947]: message repeated 2 times: [ Failed password for root from 43.255.190.166 port 42355 ssh2]
Apr 12 06:49:09 ovzhost sshd[947]: Received disconnect from 43.255.190.166: 11:  [preauth]
Apr 12 06:49:09 ovzhost sshd[947]: PAM 2 more authentication failures; logname= uid=0 euid=0 tty=ssh ruser= rhost=43.255.190.166  user=root
Apr 12 06:49:10 ovzhost sshd[945]: message repeated 2 times: [ Failed password for root from 43.255.190.166 port 41849 ssh2]
Apr 12 06:49:10 ovzhost sshd[945]: Received disconnect from 43.255.190.166: 11:  [preauth]
Apr 12 06:49:10 ovzhost sshd[945]: PAM 2 more authentication failures; logname= uid=0 euid=0 tty=ssh ruser= rhost=43.255.190.166  user=root
Apr 12 06:49:10 ovzhost sshd[951]: pam_unix(sshd:auth): authentication failure; logname= uid=0 euid=0 tty=ssh ruser= rhost=43.255.190.166  user=root
Apr 12 06:49:10 ovzhost sshd[949]: Failed password for root from 43.255.190.175 port 47804 ssh2
Apr 12 06:49:10 ovzhost sshd[953]: pam_unix(sshd:auth): authentication failure; logname= uid=0 euid=0 tty=ssh ruser= rhost=43.255.190.166  user=root
Apr 12 06:49:11 ovzhost sshd[951]: Failed password for root from 43.255.190.166 port 56779 ssh2
Apr 12 06:49:12 ovzhost sshd[953]: Failed password for root from 43.255.190.166 port 58073 ssh2
Apr 12 06:49:13 ovzhost sshd[949]: message repeated 2 times: [ Failed password for root from 43.255.190.175 port 47804 ssh2]
Apr 12 06:49:13 ovzhost sshd[949]: Received disconnect from 43.255.190.175: 11:  [preauth]
Apr 12 06:49:13 ovzhost sshd[949]: PAM 2 more authentication failures; logname= uid=0 euid=0 tty=ssh ruser= rhost=43.255.190.175  user=root
Apr 12 06:49:14 ovzhost sshd[955]: pam_unix(sshd:auth): authentication failure; logname= uid=0 euid=0 tty=ssh ruser= rhost=43.255.190.175  user=root
Apr 12 06:49:14 ovzhost sshd[951]: message repeated 2 times: [ Failed password for root from 43.255.190.166 port 56779 ssh2]
Apr 12 06:49:14 ovzhost sshd[951]: Received disconnect from 43.255.190.166: 11:  [preauth]
Apr 12 06:49:14 ovzhost sshd[951]: PAM 2 more authentication failures; logname= uid=0 euid=0 tty=ssh ruser= rhost=43.255.190.166  user=root
Apr 12 06:49:15 ovzhost sshd[953]: message repeated 2 times: [ Failed password for root from 43.255.190.166 port 58073 ssh2]
Apr 12 06:49:15 ovzhost sshd[953]: Received disconnect from 43.255.190.166: 11:  [preauth]
Apr 12 06:49:15 ovzhost sshd[953]: PAM 2 more authentication failures; logname= uid=0 euid=0 tty=ssh ruser= rhost=43.255.190.166  user=root
Apr 12 06:49:15 ovzhost sshd[957]: pam_unix(sshd:auth): authentication failure; logname= uid=0 euid=0 tty=ssh ruser= rhost=43.255.190.166  user=root
Apr 12 06:49:15 ovzhost sshd[959]: pam_unix(sshd:auth): authentication failure; logname= uid=0 euid=0 tty=ssh ruser= rhost=43.255.190.166  user=root
Apr 12 06:49:16 ovzhost sshd[955]: Failed password for root from 43.255.190.175 port 60471 ssh2
Apr 12 06:49:17 ovzhost sshd[957]: Failed password for root from 43.255.190.166 port 39399 ssh2
Apr 12 06:49:17 ovzhost sshd[959]: Failed password for root from 43.255.190.166 port 40152 ssh2
Apr 12 06:49:20 ovzhost sshd[955]: message repeated 2 times: [ Failed password for root from 43.255.190.175 port 60471 ssh2]
Apr 12 06:49:20 ovzhost sshd[955]: Received disconnect from 43.255.190.175: 11:  [preauth]
Apr 12 06:49:20 ovzhost sshd[955]: PAM 2 more authentication failures; logname= uid=0 euid=0 tty=ssh ruser= rhost=43.255.190.175  user=root
Apr 12 06:49:21 ovzhost sshd[961]: pam_unix(sshd:auth): authentication failure; logname= uid=0 euid=0 tty=ssh ruser= rhost=43.255.190.175  user=root
Apr 12 06:49:21 ovzhost sshd[957]: message repeated 2 times: [ Failed password for root from 43.255.190.166 port 39399 ssh2]
Apr 12 06:49:21 ovzhost sshd[957]: Received disconnect from 43.255.190.166: 11:  [preauth]
Apr 12 06:49:21 ovzhost sshd[957]: PAM 2 more authentication failures; logname= uid=0 euid=0 tty=ssh ruser= rhost=43.255.190.166  user=root
Apr 12 06:49:21 ovzhost sshd[959]: message repeated 2 times: [ Failed password for root from 43.255.190.166 port 40152 ssh2]
Apr 12 06:49:21 ovzhost sshd[959]: Received disconnect from 43.255.190.166: 11:  [preauth]
Apr 12 06:49:21 ovzhost sshd[959]: PAM 2 more authentication failures; logname= uid=0 euid=0 tty=ssh ruser= rhost=43.255.190.166  user=root
Apr 12 06:49:22 ovzhost sshd[963]: pam_unix(sshd:auth): authentication failure; logname= uid=0 euid=0 tty=ssh ruser= rhost=43.255.190.166  user=root
Apr 12 06:49:22 ovzhost sshd[965]: pam_unix(sshd:auth): authentication failure; logname= uid=0 euid=0 tty=ssh ruser= rhost=43.255.190.166  user=root
Apr 12 06:49:22 ovzhost sshd[961]: Failed password for root from 43.255.190.175 port 46640 ssh2
Apr 12 06:49:23 ovzhost sshd[963]: Failed password for root from 43.255.190.166 port 53525 ssh2
Apr 12 06:49:23 ovzhost sshd[965]: Failed password for root from 43.255.190.166 port 54214 ssh2
Apr 12 06:49:26 ovzhost sshd[961]: message repeated 2 times: [ Failed password for root from 43.255.190.175 port 46640 ssh2]
Apr 12 06:49:26 ovzhost sshd[961]: Received disconnect from 43.255.190.175: 11:  [preauth]
Apr 12 06:49:26 ovzhost sshd[961]: PAM 2 more authentication failures; logname= uid=0 euid=0 tty=ssh ruser= rhost=43.255.190.175  user=root
Apr 12 06:49:26 ovzhost sshd[967]: pam_unix(sshd:auth): authentication failure; logname= uid=0 euid=0 tty=ssh ruser= rhost=43.255.190.175  user=root
Apr 12 06:49:27 ovzhost sshd[963]: message repeated 2 times: [ Failed password for root from 43.255.190.166 port 53525 ssh2]
Apr 12 06:49:27 ovzhost sshd[963]: Received disconnect from 43.255.190.166: 11:  [preauth]
Apr 12 06:49:27 ovzhost sshd[963]: PAM 2 more authentication failures; logname= uid=0 euid=0 tty=ssh ruser= rhost=43.255.190.166  user=root
Apr 12 06:49:27 ovzhost sshd[965]: message repeated 2 times: [ Failed password for root from 43.255.190.166 port 54214 ssh2]
Apr 12 06:49:28 ovzhost sshd[965]: Received disconnect from 43.255.190.166: 11:  [preauth]
Apr 12 06:49:28 ovzhost sshd[965]: PAM 2 more authentication failures; logname= uid=0 euid=0 tty=ssh ruser= rhost=43.255.190.166  user=root
Apr 12 06:49:28 ovzhost sshd[967]: Failed password for root from 43.255.190.175 port 33579 ssh2
Apr 12 06:49:28 ovzhost sshd[969]: pam_unix(sshd:auth): authentication failure; logname= uid=0 euid=0 tty=ssh ruser= rhost=43.255.190.166  user=root
