Apr 12 06:52:35 ovzhost sshd[1131]: Received disconnect from 43.255.190.166: 11:  [preauth]
Apr 12 06:52:35 ovzhost sshd[1131]: PAM 2 more authentication failures; logname= uid=0 euid=0 tty=ssh ruser= rhost=43.255.190.166  user=root
Apr 12 06:52:36 ovzhost sshd[1137]: pam_unix(sshd:auth): authentication failure; logname= uid=0 euid=0 tty=ssh ruser= rhost=43.255.190.166  user=root
Apr 12 06:52:36 ovzhost sshd[1133]: message repeated 2 times: [ Failed password for root from 43.255.190.166 port 37299 ssh2]
Apr 12 06:52:36 ovzhost sshd[1133]: Received disconnect from 43.255.190.166: 11:  [preauth]
Apr 12 06:52:36 ovzhost sshd[1133]: PAM 2 more authentication failures; logname= uid=0 euid=0 tty=ssh ruser= rhost=43.255.190.166  user=root
Apr 12 06:52:37 ovzhost sshd[1135]: Failed password for root from 43.255.190.175 port 43522 ssh2
Apr 12 06:52:37 ovzhost sshd[1139]: pam_unix(sshd:auth): authentication failure; logname= uid=0 euid=0 tty=ssh ruser= rhost=43.255.190.166  user=root
Apr 12 06:52:38 ovzhost sshd[1137]: Failed password for root from 43.255.190.166 port 52980 ssh2
Apr 12 06:52:39 ovzhost sshd[1139]: Failed password for root from 43.255.190.166 port 54956 ssh2
Apr 12 06:52:41 ovzhost sshd[1135]: message repeated 2 times: [ Failed password for root from 43.255.190.175 port 43522 ssh2]
Apr 12 06:52:41 ovzhost sshd[1135]: Received disconnect from 43.255.190.175: 11:  [preauth]
Apr 12 06:52:41 ovzhost sshd[1135]: PAM 2 more authentication failures; logname= uid=0 euid=0 tty=ssh ruser= rhost=43.255.190.175  user=root
Apr 12 06:52:42 ovzhost sshd[1141]: pam_unix(sshd:auth): authentication failure; logname= uid=0 euid=0 tty=ssh ruser= rhost=43.255.190.175  user=root
Apr 12 06:52:43 ovzhost sshd[1137]: message repeated 2 times: [ Failed password for root from 43.255.190.166 port 52980 ssh2]
Apr 12 06:52:43 ovzhost sshd[1137]: Received disconnect from 43.255.190.166: 11:  [preauth]
Apr 12 06:52:43 ovzhost sshd[1137]: PAM 2 more authentication failures; logname= uid=0 euid=0 tty=ssh ruser= rhost=43.255.190.166  user=root
Apr 12 06:52:43 ovzhost sshd[1139]: message repeated 2 times: [ Failed password for root from 43.255.190.166 port 54956 ssh2]
Apr 12 06:52:43 ovzhost sshd[1139]: Received disconnect from 43.255.190.166: 11:  [preauth]
Apr 12 06:52:43 ovzhost sshd[1139]: PAM 2 more authentication failures; logname= uid=0 euid=0 tty=ssh ruser= rhost=43.255.190.166  user=root
Apr 12 06:52:44 ovzhost sshd[1141]: Failed password for root from 43.255.190.175 port 58463 ssh2
Apr 12 06:52:44 ovzhost sshd[1143]: pam_unix(sshd:auth): authentication failure; logname= uid=0 euid=0 tty=ssh ruser= rhost=43.255.190.166  user=root
Apr 12 06:52:44 ovzhost sshd[1145]: pam_unix(sshd:auth): authentication failure; logname= uid=0 euid=0 tty=ssh ruser= rhost=43.255.190.166  user=root
Apr 12 06:52:46 ovzhost sshd[1143]: Failed password for root from 43.255.190.166 port 42860 ssh2
Apr 12 06:52:46 ovzhost sshd[1145]: Failed password for root from 43.255.190.166 port 43268 ssh2
Apr 12 06:52:48 ovzhost sshd[1141]: message repeated 2 times: [ Failed password for root from 43.255.190.175 port 58463 ssh2]
Apr 12 06:52:49 ovzhost sshd[1141]: Received disconnect from 43.255.190.175: 11:  [preauth]
Apr 12 06:52:49 ovzhost sshd[1141]: PAM 2 more authentication failures; logname= uid=0 euid=0 tty=ssh ruser= rhost=43.255.190.175  user=root
Apr 12 06:52:49 ovzhost sshd[1147]: pam_unix(sshd:auth): authentication failure; logname= uid=0 euid=0 tty=ssh ruser= rhost=43.255.190.175  user=root
Apr 12 06:52:50 ovzhost sshd[1145]: message repeated 2 times: [ Failed password for root from 43.255.190.166 port 43268 ssh2]
Apr 12 06:52:50 ovzhost sshd[1145]: Received disconnect from 43.255.190.166: 11:  [preauth]
Apr 12 06:52:50 ovzhost sshd[1145]: PAM 2 more authentication failures; logname= uid=0 euid=0 tty=ssh ruser= rhost=43.255.190.166  user=root
Apr 12 06:52:51 ovzhost sshd[1147]: Failed password for root from 43.255.190.175 port 46223 ssh2
Apr 12 06:52:51 ovzhost sshd[1149]: pam_unix(sshd:auth): authentication failure; logname= uid=0 euid=0 tty=ssh ruser= rhost=43.255.190.166  user=root
Apr 12 06:52:51 ovzhost sshd[1143]: message repeated 2 times: [ Failed password for root from 43.255.190.166 port 42860 ssh2]
Apr 12 06:52:51 ovzhost sshd[1143]: Received disconnect from 43.255.190.166: 11:  [preauth]
Apr 12 06:52:51 ovzhost sshd[1143]: PAM 2 more authentication failures; logname= uid=0 euid=0 tty=ssh ruser= rhost=43.255.190.166  user=root
Apr 12 06:52:52 ovzhost sshd[1151]: pam_unix(sshd:auth): authentication failure; logname= uid=0 euid=0 tty=ssh ruser= rhost=43.255.190.166  user=root
Apr 12 06:52:53 ovzhost sshd[1149]: Failed password for root from 43.255.190.166 port 60756 ssh2
Apr 12 06:52:54 ovzhost sshd[1151]: Failed password for root from 43.255.190.166 port 34340 ssh2
Apr 12 06:52:55 ovzhost sshd[1147]: message repeated 2 times: [ Failed password for root from 43.255.190.175 port 46223 ssh2]
Apr 12 06:52:55 ovzhost sshd[1147]: Received disconnect from 43.255.190.175: 11:  [preauth]
Apr 12 06:52:55 ovzhost sshd[1147]: PAM 2 more authentication failures; logname= uid=0 euid=0 tty=ssh ruser= rhost=43.255.190.175  user=root
Apr 12 06:52:56 ovzhost sshd[1153]: pam_unix(sshd:auth): authentication failure; logname= uid=0 euid=0 tty=ssh ruser= rhost=43.255.190.175  user=root
Apr 12 06:52:57 ovzhost sshd[1149]: message repeated 2 times: [ Failed password for root from 43.255.190.166 port 60756 ssh2]
Apr 12 06:52:57 ovzhost sshd[1149]: Received disconnect from 43.255.190.166: 11:  [preauth]
Apr 12 06:52:57 ovzhost sshd[1149]: PAM 2 more authentication failures; logname= uid=0 euid=0 tty=ssh ruser= rhost=43.255.190.166  user=root
Apr 12 06:52:58 ovzhost sshd[1153]: Failed password for root from 43.255.190.175 port 60356 ssh2
Apr 12 06:52:58 ovzhost sshd[1155]: pam_unix(sshd:auth): authentication failure; logname= uid=0 euid=0 tty=ssh ruser= rhost=43.255.190.166  user=root
Apr 12 06:52:58 ovzhost sshd[1151]: message repeated 2 times: [ Failed password for root from 43.255.190.166 port 34340 ssh2]
Apr 12 06:52:58 ovzhost sshd[1151]: Received disconnect from 43.255.190.166: 11:  [preauth]
Apr 12 06:52:58 ovzhost sshd[1151]: PAM 2 more authentication failures; logname= uid=0 euid=0 tty=ssh ruser= rhost=43.255.190.166  user=root
Apr 12 06:52:59 ovzhost sshd[1157]: pam_unix(sshd:auth): authentication failure; logname= uid=0 euid=0 tty=ssh ruser= rhost=43.255.190.166  user=root
Apr 12 06:53:00 ovzhost sshd[1155]: Failed password for root from 43.255.190.166 port 49699 ssh2
Apr 12 06:53:01 ovzhost sshd[1157]: Failed password for root from 43.255.190.166 port 51471 ssh2
Apr 12 06:53:02 ovzhost sshd[1153]: message repeated 2 times: [ Failed password for root from 43.255.190.175 port 60356 ssh2]
Apr 12 06:53:02 ovzhost sshd[1153]: Received disconnect from 43.255.190.175: 11:  [preauth]
Apr 12 06:53:02 ovzhost sshd[1153]: PAM 2 more authentication failures; logname= uid=0 euid=0 tty=ssh ruser= rhost=43.255.190.175  user=root
Apr 12 06:53:03 ovzhost sshd[1159]: pam_unix(sshd:auth): authentication failure; logname= uid=0 euid=0 tty=ssh ruser= rhost=43.255.190.175  user=root
Apr 12 06:53:05 ovzhost sshd[1155]: message repeated 2 times: [ Failed password for root from 43.255.190.166 port 49699 ssh2]
Apr 12 06:53:05 ovzhost sshd[1155]: Received disconnect from 43.255.190.166: 11:  [preauth]
Apr 12 06:53:05 ovzhost sshd[1155]: PAM 2 more authentication failures; logname= uid=0 euid=0 tty=ssh ruser= rhost=43.255.190.166  user=root
Apr 12 06:53:05 ovzhost sshd[1159]: Failed password for root from 43.255.190.175 port 47544 ssh2
Apr 12 06:53:05 ovzhost sshd[1157]: message repeated 2 times: [ Failed password for root from 43.255.190.166 port 51471 ssh2]
Apr 12 06:53:05 ovzhost sshd[1157]: Received disconnect from 43.255.190.166: 11:  [preauth]
Apr 12 06:53:05 ovzhost sshd[1157]: PAM 2 more authentication failures; logname= uid=0 euid=0 tty=ssh ruser= rhost=43.255.190.166  user=root
Apr 12 06:53:05 ovzhost sshd[1161]: pam_unix(sshd:auth): authentication failure; logname= uid=0 euid=0 tty=ssh ruser= rhost=43.255.190.166  user=root
Apr 12 06:53:06 ovzhost sshd[1163]: pam_unix(sshd:auth): authentication failure; logname= uid=0 euid=0 tty=ssh ruser= rhost=43.255.190.166  user=root
Apr 12 06:53:07 ovzhost sshd[1161]: Failed password for root from 43.255.190.166 port 39548 ssh2
Apr 12 06:53:08 ovzhost sshd[1163]: Failed password for root from 43.255.190.166 port 40786 ssh2
Apr 12 06:53:09 ovzhost sshd[1159]: message repeated 2 times: [ Failed password for root from 43.255.190.175 port 47544 ssh2]
Apr 12 06:53:09 ovzhost sshd[1159]: Received disconnect from 43.255.190.175: 11:  [preauth]
Apr 12 06:53:09 ovzhost sshd[1159]: PAM 2 more authentication failures; logname= uid=0 euid=0 tty=ssh ruser= rhost=43.255.190.175  user=root
Apr 12 06:53:10 ovzhost sshd[1165]: pam_unix(sshd:auth): authentication failure; logname= uid=0 euid=0 tty=ssh ruser= rhost=43.255.190.175  user=root
Apr 12 06:53:12 ovzhost sshd[1161]: message repeated 2 times: [ Failed password for root from 43.255.190.166 port 39548 ssh2]
Apr 12 06:53:12 ovzhost sshd[1161]: Received disconnect from 43.255.190.166: 11:  [preauth]
Apr 12 06:53:12 ovzhost sshd[1161]: PAM 2 more authentication failures; logname= uid=0 euid=0 tty=ssh ruser= rhost=43.255.190.166  user=root
Apr 12 06:53:12 ovzhost sshd[1165]: Failed password for root from 43.255.190.175 port 34006 ssh2
Apr 12 06:53:13 ovzhost sshd[1163]: message repeated 2 times: [ Failed password for root from 43.255.190.166 port 40786 ssh2]
Apr 12 06:53:13 ovzhost sshd[1163]: Received disconnect from 43.255.190.166: 11:  [preauth]
Apr 12 06:53:13 ovzhost sshd[1163]: PAM 2 more authentication failures; logname= uid=0 euid=0 tty=ssh ruser= rhost=43.255.190.166  user=root
Apr 12 06:53:13 ovzhost sshd[1167]: pam_unix(sshd:auth): authentication failure; logname= uid=0 euid=0 tty=ssh ruser= rhost=43.255.190.166  user=root
Apr 12 06:53:13 ovzhost sshd[1169]: pam_unix(sshd:auth): authentication failure; logname= uid=0 euid=0 tty=ssh ruser= rhost=43.255.190.166  user=root
Apr 12 06:53:15 ovzhost sshd[1167]: Failed password for root from 43.255.190.166 port 57038 ssh2
Apr 12 06:53:16 ovzhost sshd[1169]: Failed password for root from 43.255.190.166 port 58125 ssh2
Apr 12 06:53:16 ovzhost sshd[1165]: message repeated 2 times: [ Failed password for root from 43.255.190.175 port 34006 ssh2]
Apr 12 06:53:16 ovzhost sshd[1165]: Received disconnect from 43.255.190.175: 11:  [preauth]
Apr 12 06:53:16 ovzhost sshd[1165]: PAM 2 more authentication failures; logname= uid=0 euid=0 tty=ssh ruser= rhost=43.255.190.175  user=root
Apr 12 06:53:17 ovzhost sshd[1171]: pam_unix(sshd:auth): authentication failure; logname= uid=0 euid=0 tty=ssh ruser= rhost=43.255.190.175  user=root
Apr 12 06:53:19 ovzhost sshd[1171]: Failed password for root from 43.255.190.175 port 48310 ssh2
Apr 12 06:53:20 ovzhost sshd[1167]: message repeated 2 times: [ Failed password for root from 43.255.190.166 port 57038 ssh2]
Apr 12 06:53:20 ovzhost sshd[1167]: Received disconnect from 43.255.190.166: 11:  [preauth]
Apr 12 06:53:20 ovzhost sshd[1167]: PAM 2 more authentication failures; logname= uid=0 euid=0 tty=ssh ruser= rhost=43.255.190.166  user=root
Apr 12 06:53:20 ovzhost sshd[1173]: pam_unix(sshd:auth): authentication failure; logname= uid=0 euid=0 tty=ssh ruser= rhost=43.255.190.166  user=root
Apr 12 06:53:20 ovzhost sshd[1169]: message repeated 2 times: [ Failed password for root from 43.255.190.166 port 58125 ssh2]
Apr 12 06:53:20 ovzhost sshd[1169]: Received disconnect from 43.255.190.166: 11:  [preauth]
Apr 12 06:53:20 ovzhost sshd[1169]: PAM 2 more authentication failures; logname= uid=0 euid=0 tty=ssh ruser= rhost=43.255.190.166  user=root
Apr 12 06:53:21 ovzhost sshd[1175]: pam_unix(sshd:auth): authentication failure; logname= uid=0 euid=0 tty=ssh ruser= rhost=43.255.190.166  user=root
Apr 12 06:53:22 ovzhost sshd[1173]: Failed password for root from 43.255.190.166 port 43679 ssh2
Apr 12 06:53:23 ovzhost sshd[1175]: Failed password for root from 43.255.190.166 port 45032 ssh2
Apr 12 06:53:24 ovzhost sshd[1171]: message repeated 2 times: [ Failed password for root from 43.255.190.175 port 48310 ssh2]
Apr 12 06:53:24 ovzhost sshd[1171]: Received disconnect from 43.255.190.175: 11:  [preauth]
Apr 12 06:53:24 ovzhost sshd[1171]: PAM 2 more authentication failures; logname= uid=0 euid=0 tty=ssh ruser= rhost=43.255.190.175  user=root
Apr 12 06:53:25 ovzhost sshd[1177]: pam_unix(sshd:auth): authentication failure; logname= uid=0 euid=0 tty=ssh ruser= rhost=43.255.190.175  user=root
Apr 12 06:53:26 ovzhost sshd[1173]: message repeated 2 times: [ Failed password for root from 43.255.190.166 port 43679 ssh2]
Apr 12 06:53:27 ovzhost sshd[1173]: Received disconnect from 43.255.190.166: 11:  [preauth]
Apr 12 06:53:27 ovzhost sshd[1173]: PAM 2 more authentication failures; logname= uid=0 euid=0 tty=ssh ruser= rhost=43.255.190.166  user=root
Apr 12 06:53:27 ovzhost sshd[1179]: pam_unix(sshd:auth): authentication failure; logname= uid=0 euid=0 tty=ssh ruser= rhost=43.255.190.166  user=root
Apr 12 06:53:27 ovzhost sshd[1177]: Failed password for root from 43.255.190.175 port 33364 ssh2
Apr 12 06:53:28 ovzhost sshd[1175]: message repeated 2 times: [ Failed password for root from 43.255.190.166 port 45032 ssh2]
Apr 12 06:53:28 ovzhost sshd[1175]: Received disconnect from 43.255.190.166: 11:  [preauth]
Apr 12 06:53:28 ovzhost sshd[1175]: PAM 2 more authentication failures; logname= uid=0 euid=0 tty=ssh ruser= rhost=43.255.190.166  user=root
Apr 12 06:53:28 ovzhost sshd[1181]: pam_unix(sshd:auth): authentication failure; logname= uid=0 euid=0 tty=ssh ruser= rhost=43.255.190.166  user=root
Apr 12 06:53:29 ovzhost sshd[1179]: Failed password for root from 43.255.190.166 port 56945 ssh2
Apr 12 06:53:30 ovzhost sshd[1181]: Failed password for root from 43.255.190.166 port 59173 ssh2
Apr 12 06:53:31 ovzhost sshd[1177]: message repeated 2 times: [ Failed password for root from 43.255.190.175 port 33364 ssh2]
Apr 12 06:53:31 ovzhost sshd[1177]: Received disconnect from 43.255.190.175: 11:  [preauth]
Apr 12 06:53:31 ovzhost sshd[1177]: PAM 2 more authentication failures; logname= uid=0 euid=0 tty=ssh ruser= rhost=43.255.190.175  user=root
Apr 12 06:53:32 ovzhost sshd[1183]: pam_unix(sshd:auth): authentication failure; logname= uid=0 euid=0 tty=ssh ruser= rhost=43.255.190.175  user=root
Apr 12 06:53:34 ovzhost sshd[1179]: message repeated 2 times: [ Failed password for root from 43.255.190.166 port 56945 ssh2]
Apr 12 06:53:34 ovzhost sshd[1179]: Received disconnect from 43.255.190.166: 11:  [preauth]
Apr 12 06:53:34 ovzhost sshd[1179]: PAM 2 more authentication failures; logname= uid=0 euid=0 tty=ssh ruser= rhost=43.255.190.166  user=root
Apr 12 06:53:34 ovzhost sshd[1183]: Failed password for root from 43.255.190.175 port 46710 ssh2
Apr 12 06:53:34 ovzhost sshd[1185]: pam_unix(sshd:auth): authentication failure; logname= uid=0 euid=0 tty=ssh ruser= rhost=43.255.190.166  user=root
Apr 12 06:53:35 ovzhost sshd[1181]: message repeated 2 times: [ Failed password for root from 43.255.190.166 port 59173 ssh2]
Apr 12 06:53:35 ovzhost sshd[1181]: Received disconnect from 43.255.190.166: 11:  [preauth]
Apr 12 06:53:35 ovzhost sshd[1181]: PAM 2 more authentication failures; logname= uid=0 euid=0 tty=ssh ruser= rhost=43.255.190.166  user=root
Apr 12 06:53:36 ovzhost sshd[1185]: Failed password for root from 43.255.190.166 port 43361 ssh2
Apr 12 06:53:39 ovzhost sshd[1183]: message repeated 2 times: [ Failed password for root from 43.255.190.175 port 46710 ssh2]
Apr 12 06:53:39 ovzhost sshd[1183]: Received disconnect from 43.255.190.175: 11:  [preauth]
Apr 12 06:53:39 ovzhost sshd[1183]: PAM 2 more authentication failures; logname= uid=0 euid=0 tty=ssh ruser= rhost=43.255.190.175  user=root
Apr 12 06:53:39 ovzhost sshd[1187]: pam_unix(sshd:auth): authentication failure; logname= uid=0 euid=0 tty=ssh ruser= rhost=43.255.190.175  user=root
Apr 12 06:53:41 ovzhost sshd[1187]: Failed password for root from 43.255.190.175 port 60220 ssh2
Apr 12 06:53:41 ovzhost sshd[1185]: message repeated 2 times: [ Failed password for root from 43.255.190.166 port 43361 ssh2]
Apr 12 06:53:41 ovzhost sshd[1185]: Received disconnect from 43.255.190.166: 11:  [preauth]
Apr 12 06:53:41 ovzhost sshd[1185]: PAM 2 more authentication failures; logname= uid=0 euid=0 tty=ssh ruser= rhost=43.255.190.166  user=root
Apr 12 06:53:41 ovzhost sshd[1189]: pam_unix(sshd:auth): authentication failure; logname= uid=0 euid=0 tty=ssh ruser= rhost=43.255.190.166  user=root
Apr 12 06:53:43 ovzhost sshd[1189]: Failed password for root from 43.255.190.166 port 56758 ssh2
Apr 12 06:53:45 ovzhost sshd[1187]: message repeated 2 times: [ Failed password for root from 43.255.190.175 port 60220 ssh2]
Apr 12 06:53:45 ovzhost sshd[1187]: Received disconnect from 43.255.190.175: 11:  [preauth]
Apr 12 06:53:45 ovzhost sshd[1187]: PAM 2 more authentication failures; logname= uid=0 euid=0 tty=ssh ruser= rhost=43.255.190.175  user=root
Apr 12 06:53:46 ovzhost sshd[1191]: pam_unix(sshd:auth): authentication failure; logname= uid=0 euid=0 tty=ssh ruser= rhost=43.255.190.175  user=root
Apr 12 06:53:48 ovzhost sshd[1191]: Failed password for root from 43.255.190.175 port 43656 ssh2
Apr 12 06:53:48 ovzhost sshd[1189]: message repeated 2 times: [ Failed password for root from 43.255.190.166 port 56758 ssh2]
Apr 12 06:53:48 ovzhost sshd[1189]: Received disconnect from 43.255.190.166: 11:  [preauth]
Apr 12 06:53:48 ovzhost sshd[1189]: PAM 2 more authentication failures; logname= uid=0 euid=0 tty=ssh ruser= rhost=43.255.190.166  user=root
Apr 12 06:53:48 ovzhost sshd[1193]: pam_unix(sshd:auth): authentication failure; logname= uid=0 euid=0 tty=ssh ruser= rhost=43.255.190.166  user=root
Apr 12 06:53:51 ovzhost sshd[1193]: Failed password for root from 43.255.190.166 port 41796 ssh2
Apr 12 06:53:52 ovzhost sshd[1191]: message repeated 2 times: [ Failed password for root from 43.255.190.175 port 43656 ssh2]
Apr 12 06:53:52 ovzhost sshd[1191]: Received disconnect from 43.255.190.175: 11:  [preauth]
Apr 12 06:53:52 ovzhost sshd[1191]: PAM 2 more authentication failures; logname= uid=0 euid=0 tty=ssh ruser= rhost=43.255.190.175  user=root
Apr 12 06:53:53 ovzhost sshd[1195]: pam_unix(sshd:auth): authentication failure; logname= uid=0 euid=0 tty=ssh ruser= rhost=43.255.190.175  user=root
Apr 12 06:53:54 ovzhost sshd[1195]: Failed password for root from 43.255.190.175 port 56502 ssh2
Apr 12 06:53:55 ovzhost sshd[1193]: message repeated 2 times: [ Failed password for root from 43.255.190.166 port 41796 ssh2]
Apr 12 06:53:55 ovzhost sshd[1193]: Received disconnect from 43.255.190.166: 11:  [preauth]
Apr 12 06:53:55 ovzhost sshd[1193]: PAM 2 more authentication failures; logname= uid=0 euid=0 tty=ssh ruser= rhost=43.255.190.166  user=root
Apr 12 06:53:55 ovzhost sshd[1197]: pam_unix(sshd:auth): authentication failure; logname= uid=0 euid=0 tty=ssh ruser= rhost=43.255.190.166  user=root
Apr 12 06:53:58 ovzhost sshd[1197]: Failed password for root from 43.255.190.166 port 58211 ssh2
Apr 12 06:53:59 ovzhost sshd[1195]: message repeated 2 times: [ Failed password for root from 43.255.190.175 port 56502 ssh2]
Apr 12 06:53:59 ovzhost sshd[1195]: Received disconnect from 43.255.190.175: 11:  [preauth]
Apr 12 06:53:59 ovzhost sshd[1195]: PAM 2 more authentication failures; logname= uid=0 euid=0 tty=ssh ruser= rhost=43.255.190.175  user=root
Apr 12 06:54:00 ovzhost sshd[1199]: pam_unix(sshd:auth): authentication failure; logname= uid=0 euid=0 tty=ssh ruser= rhost=43.255.190.175  user=root
Apr 12 06:54:02 ovzhost sshd[1199]: Failed password for root from 43.255.190.175 port 43689 ssh2
Apr 12 06:54:02 ovzhost sshd[1197]: message repeated 2 times: [ Failed password for root from 43.255.190.166 port 58211 ssh2]
Apr 12 06:54:02 ovzhost sshd[1197]: Received disconnect from 43.255.190.166: 11:  [preauth]
Apr 12 06:54:02 ovzhost sshd[1197]: PAM 2 more authentication failures; logname= uid=0 euid=0 tty=ssh ruser= rhost=43.255.190.166  user=root
Apr 12 06:54:03 ovzhost sshd[1201]: pam_unix(sshd:auth): authentication failure; logname= uid=0 euid=0 tty=ssh ruser= rhost=43.255.190.166  user=root
Apr 12 06:54:05 ovzhost sshd[1201]: Failed password for root from 43.255.190.166 port 47057 ssh2
Apr 12 06:54:05 ovzhost sshd[1199]: message repeated 2 times: [ Failed password for root from 43.255.190.175 port 43689 ssh2]
Apr 12 06:54:05 ovzhost sshd[1199]: Received disconnect from 43.255.190.175: 11:  [preauth]
Apr 12 06:54:05 ovzhost sshd[1199]: PAM 2 more authentication failures; logname= uid=0 euid=0 tty=ssh ruser= rhost=43.255.190.175  user=root
Apr 12 06:54:06 ovzhost sshd[1203]: pam_unix(sshd:auth): authentication failure; logname= uid=0 euid=0 tty=ssh ruser= rhost=43.255.190.175  user=root
Apr 12 06:54:08 ovzhost sshd[1203]: Failed password for root from 43.255.190.175 port 57574 ssh2
Apr 12 06:54:09 ovzhost sshd[1201]: message repeated 2 times: [ Failed password for root from 43.255.190.166 port 47057 ssh2]
Apr 12 06:54:09 ovzhost sshd[1201]: Received disconnect from 43.255.190.166: 11:  [preauth]
Apr 12 06:54:09 ovzhost sshd[1201]: PAM 2 more authentication failures; logname= uid=0 euid=0 tty=ssh ruser= rhost=43.255.190.166  user=root
Apr 12 06:54:10 ovzhost sshd[1205]: pam_unix(sshd:auth): authentication failure; logname= uid=0 euid=0 tty=ssh ruser= rhost=43.255.190.166  user=root
Apr 12 06:54:12 ovzhost sshd[1205]: Failed password for root from 43.255.190.166 port 35373 ssh2
Apr 12 06:54:13 ovzhost sshd[1203]: message repeated 2 times: [ Failed password for root from 43.255.190.175 port 57574 ssh2]
Apr 12 06:54:13 ovzhost sshd[1203]: Received disconnect from 43.255.190.175: 11:  [preauth]
Apr 12 06:54:13 ovzhost sshd[1203]: PAM 2 more authentication failures; logname= uid=0 euid=0 tty=ssh ruser= rhost=43.255.190.175  user=root
Apr 12 06:54:14 ovzhost sshd[1207]: pam_unix(sshd:auth): authentication failure; logname= uid=0 euid=0 tty=ssh ruser= rhost=43.255.190.175  user=root
Apr 12 06:54:15 ovzhost sshd[1207]: Failed password for root from 43.255.190.175 port 44529 ssh2
Apr 12 06:54:17 ovzhost sshd[1205]: message repeated 2 times: [ Failed password for root from 43.255.190.166 port 35373 ssh2]
Apr 12 06:54:17 ovzhost sshd[1205]: Received disconnect from 43.255.190.166: 11:  [preauth]
Apr 12 06:54:17 ovzhost sshd[1205]: PAM 2 more authentication failures; logname= uid=0 euid=0 tty=ssh ruser= rhost=43.255.190.166  user=root
Apr 12 06:54:17 ovzhost sshd[1209]: pam_unix(sshd:auth): authentication failure; logname= uid=0 euid=0 tty=ssh ruser= rhost=43.255.190.166  user=root
Apr 12 06:54:18 ovzhost sshd[1207]: message repeated 2 times: [ Failed password for root from 43.255.190.175 port 44529 ssh2]
Apr 12 06:54:19 ovzhost sshd[1207]: Received disconnect from 43.255.190.175: 11:  [preauth]
Apr 12 06:54:19 ovzhost sshd[1207]: PAM 2 more authentication failures; logname= uid=0 euid=0 tty=ssh ruser= rhost=43.255.190.175  user=root
Apr 12 06:54:19 ovzhost sshd[1209]: Failed password for root from 43.255.190.166 port 53045 ssh2
Apr 12 06:54:19 ovzhost sshd[1211]: pam_unix(sshd:auth): authentication failure; logname= uid=0 euid=0 tty=ssh ruser= rhost=43.255.190.175  user=root
Apr 12 06:54:22 ovzhost sshd[1211]: Failed password for root from 43.255.190.175 port 56937 ssh2
Apr 12 06:54:24 ovzhost sshd[1209]: message repeated 2 times: [ Failed password for root from 43.255.190.166 port 53045 ssh2]
Apr 12 06:54:24 ovzhost sshd[1209]: Received disconnect from 43.255.190.166: 11:  [preauth]
Apr 12 06:54:24 ovzhost sshd[1209]: PAM 2 more authentication failures; logname= uid=0 euid=0 tty=ssh ruser= rhost=43.255.190.166  user=root
Apr 12 06:54:25 ovzhost sshd[1213]: pam_unix(sshd:auth): authentication failure; logname= uid=0 euid=0 tty=ssh ruser= rhost=43.255.190.166  user=root
Apr 12 06:54:26 ovzhost sshd[1211]: message repeated 2 times: [ Failed password for root from 43.255.190.175 port 56937 ssh2]
Apr 12 06:54:26 ovzhost sshd[1211]: Received disconnect from 43.255.190.175: 11:  [preauth]
Apr 12 06:54:26 ovzhost sshd[1211]: PAM 2 more authentication failures; logname= uid=0 euid=0 tty=ssh ruser= rhost=43.255.190.175  user=root
Apr 12 06:54:27 ovzhost sshd[1213]: Failed password for root from 43.255.190.166 port 42117 ssh2
Apr 12 06:54:27 ovzhost sshd[1215]: pam_unix(sshd:auth): authentication failure; logname= uid=0 euid=0 tty=ssh ruser= rhost=43.255.190.175  user=root
Apr 12 06:54:29 ovzhost sshd[1215]: Failed password for root from 43.255.190.175 port 44833 ssh2
Apr 12 06:54:31 ovzhost sshd[1213]: message repeated 2 times: [ Failed password for root from 43.255.190.166 port 42117 ssh2]
Apr 12 06:54:31 ovzhost sshd[1213]: Received disconnect from 43.255.190.166: 11:  [preauth]
Apr 12 06:54:31 ovzhost sshd[1213]: PAM 2 more authentication failures; logname= uid=0 euid=0 tty=ssh ruser= rhost=43.255.190.166  user=root
Apr 12 06:54:31 ovzhost sshd[1217]: pam_unix(sshd:auth): authentication failure; logname= uid=0 euid=0 tty=ssh ruser= rhost=43.255.190.166  user=root
Apr 12 06:54:34 ovzhost sshd[1215]: message repeated 2 times: [ Failed password for root from 43.255.190.175 port 44833 ssh2]
Apr 12 06:54:34 ovzhost sshd[1215]: Received disconnect from 43.255.190.175: 11:  [preauth]
Apr 12 06:54:34 ovzhost sshd[1215]: PAM 2 more authentication failures; logname= uid=0 euid=0 tty=ssh ruser= rhost=43.255.190.175  user=root
Apr 12 06:54:34 ovzhost sshd[1217]: Failed password for root from 43.255.190.166 port 57776 ssh2
Apr 12 06:54:34 ovzhost sshd[1219]: pam_unix(sshd:auth): authentication failure; logname= uid=0 euid=0 tty=ssh ruser= rhost=43.255.190.175  user=root
Apr 12 06:54:37 ovzhost sshd[1219]: Failed password for root from 43.255.190.175 port 60002 ssh2
Apr 12 06:54:38 ovzhost sshd[1217]: message repeated 2 times: [ Failed password for root from 43.255.190.166 port 57776 ssh2]
Apr 12 06:54:38 ovzhost sshd[1217]: Received disconnect from 43.255.190.166: 11:  [preauth]
Apr 12 06:54:38 ovzhost sshd[1217]: PAM 2 more authentication failures; logname= uid=0 euid=0 tty=ssh ruser= rhost=43.255.190.166  user=root
Apr 12 06:54:39 ovzhost sshd[1221]: pam_unix(sshd:auth): authentication failure; logname= uid=0 euid=0 tty=ssh ruser= rhost=43.255.190.166  user=root
Apr 12 06:54:41 ovzhost sshd[1219]: message repeated 2 times: [ Failed password for root from 43.255.190.175 port 60002 ssh2]
Apr 12 06:54:41 ovzhost sshd[1219]: Received disconnect from 43.255.190.175: 11:  [preauth]
Apr 12 06:54:41 ovzhost sshd[1219]: PAM 2 more authentication failures; logname= uid=0 euid=0 tty=ssh ruser= rhost=43.255.190.175  user=root
Apr 12 06:54:41 ovzhost sshd[1221]: Failed password for root from 43.255.190.166 port 47032 ssh2
Apr 12 06:54:41 ovzhost sshd[1223]: pam_unix(sshd:auth): authentication failure; logname= uid=0 euid=0 tty=ssh ruser= rhost=43.255.190.175  user=root
Apr 12 06:54:44 ovzhost sshd[1223]: Failed password for root from 43.255.190.175 port 46788 ssh2
Apr 12 06:54:45 ovzhost sshd[1221]: message repeated 2 times: [ Failed password for root from 43.255.190.166 port 47032 ssh2]
Apr 12 06:54:45 ovzhost sshd[1221]: Received disconnect from 43.255.190.166: 11:  [preauth]
Apr 12 06:54:45 ovzhost sshd[1221]: PAM 2 more authentication failures; logname= uid=0 euid=0 tty=ssh ruser= rhost=43.255.190.166  user=root
Apr 12 06:54:46 ovzhost sshd[1225]: pam_unix(sshd:auth): authentication failure; logname= uid=0 euid=0 tty=ssh ruser= rhost=43.255.190.166  user=root
Apr 12 06:54:48 ovzhost sshd[1223]: message repeated 2 times: [ Failed password for root from 43.255.190.175 port 46788 ssh2]
Apr 12 06:54:48 ovzhost sshd[1223]: Received disconnect from 43.255.190.175: 11:  [preauth]
Apr 12 06:54:48 ovzhost sshd[1223]: PAM 2 more authentication failures; logname= uid=0 euid=0 tty=ssh ruser= rhost=43.255.190.175  user=root
Apr 12 06:54:48 ovzhost sshd[1225]: Failed password for root from 43.255.190.166 port 34926 ssh2
Apr 12 06:54:49 ovzhost sshd[1227]: pam_unix(sshd:auth): authentication failure; logname= uid=0 euid=0 tty=ssh ruser= rhost=43.255.190.175  user=root
Apr 12 06:54:50 ovzhost sshd[1227]: Failed password for root from 43.255.190.175 port 33311 ssh2
Apr 12 06:54:52 ovzhost sshd[1225]: message repeated 2 times: [ Failed password for root from 43.255.190.166 port 34926 ssh2]
Apr 12 06:54:52 ovzhost sshd[1225]: Received disconnect from 43.255.190.166: 11:  [preauth]
Apr 12 06:54:52 ovzhost sshd[1225]: PAM 2 more authentication failures; logname= uid=0 euid=0 tty=ssh ruser= rhost=43.255.190.166  user=root
Apr 12 06:54:53 ovzhost sshd[1229]: pam_unix(sshd:auth): authentication failure; logname= uid=0 euid=0 tty=ssh ruser= rhost=43.255.190.166  user=root
Apr 12 06:54:54 ovzhost sshd[1227]: message repeated 2 times: [ Failed password for root from 43.255.190.175 port 33311 ssh2]
Apr 12 06:54:54 ovzhost sshd[1227]: Received disconnect from 43.255.190.175: 11:  [preauth]
Apr 12 06:54:54 ovzhost sshd[1227]: PAM 2 more authentication failures; logname= uid=0 euid=0 tty=ssh ruser= rhost=43.255.190.175  user=root
Apr 12 06:54:54 ovzhost sshd[1231]: pam_unix(sshd:auth): authentication failure; logname= uid=0 euid=0 tty=ssh ruser= rhost=43.255.190.175  user=root
Apr 12 06:54:55 ovzhost sshd[1229]: Failed password for root from 43.255.190.166 port 51719 ssh2
Apr 12 06:54:57 ovzhost sshd[1231]: Failed password for root from 43.255.190.175 port 46362 ssh2
Apr 12 06:54:59 ovzhost sshd[1229]: message repeated 2 times: [ Failed password for root from 43.255.190.166 port 51719 ssh2]
Apr 12 06:54:59 ovzhost sshd[1229]: Received disconnect from 43.255.190.166: 11:  [preauth]
Apr 12 06:54:59 ovzhost sshd[1229]: PAM 2 more authentication failures; logname= uid=0 euid=0 tty=ssh ruser= rhost=43.255.190.166  user=root
Apr 12 06:55:00 ovzhost sshd[1233]: pam_unix(sshd:auth): authentication failure; logname= uid=0 euid=0 tty=ssh ruser= rhost=43.255.190.166  user=root
Apr 12 06:55:01 ovzhost sshd[1231]: message repeated 2 times: [ Failed password for root from 43.255.190.175 port 46362 ssh2]
Apr 12 06:55:01 ovzhost sshd[1231]: Received disconnect from 43.255.190.175: 11:  [preauth]
Apr 12 06:55:01 ovzhost sshd[1231]: PAM 2 more authentication failures; logname= uid=0 euid=0 tty=ssh ruser= rhost=43.255.190.175  user=root
Apr 12 06:55:01 ovzhost sshd[1235]: pam_unix(sshd:auth): authentication failure; logname= uid=0 euid=0 tty=ssh ruser= rhost=43.255.190.175  user=root
Apr 12 06:55:02 ovzhost sshd[1233]: Failed password for root from 43.255.190.166 port 39454 ssh2
Apr 12 06:55:03 ovzhost sshd[1235]: Failed password for root from 43.255.190.175 port 60824 ssh2
Apr 12 06:55:06 ovzhost sshd[1233]: message repeated 2 times: [ Failed password for root from 43.255.190.166 port 39454 ssh2]
Apr 12 06:55:06 ovzhost sshd[1233]: Received disconnect from 43.255.190.166: 11:  [preauth]
Apr 12 06:55:06 ovzhost sshd[1233]: PAM 2 more authentication failures; logname= uid=0 euid=0 tty=ssh ruser= rhost=43.255.190.166  user=root
Apr 12 06:55:06 ovzhost sshd[1237]: pam_unix(sshd:auth): authentication failure; logname= uid=0 euid=0 tty=ssh ruser= rhost=43.255.190.166  user=root
Apr 12 06:55:07 ovzhost sshd[1235]: message repeated 2 times: [ Failed password for root from 43.255.190.175 port 60824 ssh2]
Apr 12 06:55:07 ovzhost sshd[1235]: Received disconnect from 43.255.190.175: 11:  [preauth]
Apr 12 06:55:07 ovzhost sshd[1235]: PAM 2 more authentication failures; logname= uid=0 euid=0 tty=ssh ruser= rhost=43.255.190.175  user=root
Apr 12 06:55:08 ovzhost sshd[1239]: pam_unix(sshd:auth): authentication failure; logname= uid=0 euid=0 tty=ssh ruser= rhost=43.255.190.175  user=root
Apr 12 06:55:09 ovzhost sshd[1237]: Failed password for root from 43.255.190.166 port 55304 ssh2
Apr 12 06:55:09 ovzhost sshd[1239]: Failed password for root from 43.255.190.175 port 46558 ssh2
Apr 12 06:55:13 ovzhost sshd[1237]: message repeated 2 times: [ Failed password for root from 43.255.190.166 port 55304 ssh2]
Apr 12 06:55:13 ovzhost sshd[1237]: Received disconnect from 43.255.190.166: 11:  [preauth]
Apr 12 06:55:13 ovzhost sshd[1237]: PAM 2 more authentication failures; logname= uid=0 euid=0 tty=ssh ruser= rhost=43.255.190.166  user=root
Apr 12 06:55:13 ovzhost sshd[1239]: message repeated 2 times: [ Failed password for root from 43.255.190.175 port 46558 ssh2]
Apr 12 06:55:13 ovzhost sshd[1239]: Received disconnect from 43.255.190.175: 11:  [preauth]
Apr 12 06:55:13 ovzhost sshd[1239]: PAM 2 more authentication failures; logname= uid=0 euid=0 tty=ssh ruser= rhost=43.255.190.175  user=root
Apr 12 06:55:13 ovzhost sshd[1241]: pam_unix(sshd:auth): authentication failure; logname= uid=0 euid=0 tty=ssh ruser= rhost=43.255.190.166  user=root
Apr 12 06:55:14 ovzhost sshd[1243]: pam_unix(sshd:auth): authentication failure; logname= uid=0 euid=0 tty=ssh ruser= rhost=43.255.190.175  user=root
Apr 12 06:55:15 ovzhost sshd[1243]: Failed password for root from 43.255.190.175 port 59850 ssh2
Apr 12 06:55:15 ovzhost sshd[1241]: Failed password for root from 43.255.190.166 port 43566 ssh2
Apr 12 06:55:20 ovzhost sshd[1243]: message repeated 2 times: [ Failed password for root from 43.255.190.175 port 59850 ssh2]
Apr 12 06:55:20 ovzhost sshd[1243]: Received disconnect from 43.255.190.175: 11:  [preauth]
Apr 12 06:55:20 ovzhost sshd[1243]: PAM 2 more authentication failures; logname= uid=0 euid=0 tty=ssh ruser= rhost=43.255.190.175  user=root
Apr 12 06:55:21 ovzhost sshd[1241]: message repeated 2 times: [ Failed password for root from 43.255.190.166 port 43566 ssh2]
Apr 12 06:55:21 ovzhost sshd[1241]: Received disconnect from 43.255.190.166: 11:  [preauth]
Apr 12 06:55:21 ovzhost sshd[1241]: PAM 2 more authentication failures; logname= uid=0 euid=0 tty=ssh ruser= rhost=43.255.190.166  user=root
Apr 12 06:55:21 ovzhost sshd[1245]: pam_unix(sshd:auth): authentication failure; logname= uid=0 euid=0 tty=ssh ruser= rhost=43.255.190.166  user=root
Apr 12 06:55:23 ovzhost sshd[1245]: Failed password for root from 43.255.190.166 port 33815 ssh2
Apr 12 06:55:27 ovzhost sshd[1245]: message repeated 2 times: [ Failed password for root from 43.255.190.166 port 33815 ssh2]
Apr 12 06:55:27 ovzhost sshd[1245]: Received disconnect from 43.255.190.166: 11:  [preauth]
Apr 12 06:55:27 ovzhost sshd[1245]: PAM 2 more authentication failures; logname= uid=0 euid=0 tty=ssh ruser= rhost=43.255.190.166  user=root
Apr 12 06:55:28 ovzhost sshd[1247]: pam_unix(sshd:auth): authentication failure; logname= uid=0 euid=0 tty=ssh ruser= rhost=43.255.190.166  user=root
Apr 12 06:55:30 ovzhost sshd[1247]: Failed password for root from 43.255.190.166 port 50142 ssh2
Apr 12 06:55:34 ovzhost sshd[1247]: message repeated 2 times: [ Failed password for root from 43.255.190.166 port 50142 ssh2]
Apr 12 06:55:34 ovzhost sshd[1247]: Received disconnect from 43.255.190.166: 11:  [preauth]
Apr 12 06:55:34 ovzhost sshd[1247]: PAM 2 more authentication failures; logname= uid=0 euid=0 tty=ssh ruser= rhost=43.255.190.166  user=root
Apr 12 06:55:35 ovzhost sshd[1249]: pam_unix(sshd:auth): authentication failure; logname= uid=0 euid=0 tty=ssh ruser= rhost=43.255.190.166  user=root
Apr 12 06:55:37 ovzhost sshd[1249]: Failed password for root from 43.255.190.166 port 34648 ssh2
Apr 12 06:55:41 ovzhost sshd[1249]: message repeated 2 times: [ Failed password for root from 43.255.190.166 port 34648 ssh2]
Apr 12 06:55:41 ovzhost sshd[1249]: Received disconnect from 43.255.190.166: 11:  [preauth]
Apr 12 06:55:41 ovzhost sshd[1249]: PAM 2 more authentication failures; logname= uid=0 euid=0 tty=ssh ruser= rhost=43.255.190.166  user=root
Apr 12 07:00:01 ovzhost CRON[1251]: pam_env(cron:session): Unable to open env file: /etc/default/locale: No such file or directory
Apr 12 07:00:01 ovzhost CRON[1251]: pam_unix(cron:session): session opened for user smmsp by (uid=0)
Apr 12 07:00:01 ovzhost CRON[1251]: pam_unix(cron:session): session closed for user smmsp
Apr 12 07:08:23 ovzhost sshd[1278]: pam_unix(sshd:auth): authentication failure; logname= uid=0 euid=0 tty=ssh ruser= rhost=43.255.190.157  user=root
Apr 12 07:08:23 ovzhost sshd[1277]: pam_unix(sshd:auth): authentication failure; logname= uid=0 euid=0 tty=ssh ruser= rhost=43.255.190.159  user=root
Apr 12 07:08:25 ovzhost sshd[1278]: Failed password for root from 43.255.190.157 port 37329 ssh2
Apr 12 07:08:25 ovzhost sshd[1277]: Failed password for root from 43.255.190.159 port 50899 ssh2
Apr 12 07:08:29 ovzhost sshd[1278]: message repeated 2 times: [ Failed password for root from 43.255.190.157 port 37329 ssh2]
Apr 12 07:08:29 ovzhost sshd[1278]: Received disconnect from 43.255.190.157: 11:  [preauth]
Apr 12 07:08:29 ovzhost sshd[1278]: PAM 2 more authentication failures; logname= uid=0 euid=0 tty=ssh ruser= rhost=43.255.190.157  user=root
Apr 12 07:08:29 ovzhost sshd[1277]: message repeated 2 times: [ Failed password for root from 43.255.190.159 port 50899 ssh2]
Apr 12 07:08:29 ovzhost sshd[1277]: Received disconnect from 43.255.190.159: 11:  [preauth]
Apr 12 07:08:29 ovzhost sshd[1277]: PAM 2 more authentication failures; logname= uid=0 euid=0 tty=ssh ruser= rhost=43.255.190.159  user=root
Apr 12 07:08:29 ovzhost sshd[1281]: pam_unix(sshd:auth): authentication failure; logname= uid=0 euid=0 tty=ssh ruser= rhost=43.255.190.157  user=root
Apr 12 07:08:29 ovzhost sshd[1282]: pam_unix(sshd:auth): authentication failure; logname= uid=0 euid=0 tty=ssh ruser= rhost=43.255.190.159  user=root
Apr 12 07:08:31 ovzhost sshd[1281]: Failed password for root from 43.255.190.157 port 52783 ssh2
Apr 12 07:08:31 ovzhost sshd[1282]: Failed password for root from 43.255.190.159 port 33993 ssh2
Apr 12 07:08:35 ovzhost sshd[1281]: message repeated 2 times: [ Failed password for root from 43.255.190.157 port 52783 ssh2]
Apr 12 07:08:35 ovzhost sshd[1281]: Received disconnect from 43.255.190.157: 11:  [preauth]
Apr 12 07:08:35 ovzhost sshd[1281]: PAM 2 more authentication failures; logname= uid=0 euid=0 tty=ssh ruser= rhost=43.255.190.157  user=root
Apr 12 07:08:35 ovzhost sshd[1282]: message repeated 2 times: [ Failed password for root from 43.255.190.159 port 33993 ssh2]
Apr 12 07:08:35 ovzhost sshd[1282]: Received disconnect from 43.255.190.159: 11:  [preauth]
Apr 12 07:08:35 ovzhost sshd[1282]: PAM 2 more authentication failures; logname= uid=0 euid=0 tty=ssh ruser= rhost=43.255.190.159  user=root
Apr 12 07:08:35 ovzhost sshd[1285]: pam_unix(sshd:auth): authentication failure; logname= uid=0 euid=0 tty=ssh ruser= rhost=43.255.190.157  user=root
Apr 12 07:08:35 ovzhost sshd[1286]: pam_unix(sshd:auth): authentication failure; logname= uid=0 euid=0 tty=ssh ruser= rhost=43.255.190.159  user=root
Apr 12 07:08:37 ovzhost sshd[1285]: Failed password for root from 43.255.190.157 port 35867 ssh2
Apr 12 07:08:37 ovzhost sshd[1286]: Failed password for root from 43.255.190.159 port 42298 ssh2
Apr 12 07:08:41 ovzhost sshd[1285]: message repeated 2 times: [ Failed password for root from 43.255.190.157 port 35867 ssh2]
Apr 12 07:08:42 ovzhost sshd[1285]: Received disconnect from 43.255.190.157: 11:  [preauth]
Apr 12 07:08:42 ovzhost sshd[1285]: PAM 2 more authentication failures; logname= uid=0 euid=0 tty=ssh ruser= rhost=43.255.190.157  user=root
Apr 12 07:08:41 ovzhost sshd[1286]: message repeated 2 times: [ Failed password for root from 43.255.190.159 port 42298 ssh2]
Apr 12 07:08:42 ovzhost sshd[1286]: Received disconnect from 43.255.190.159: 11:  [preauth]
Apr 12 07:08:42 ovzhost sshd[1286]: PAM 2 more authentication failures; logname= uid=0 euid=0 tty=ssh ruser= rhost=43.255.190.159  user=root
Apr 12 07:08:42 ovzhost sshd[1290]: pam_unix(sshd:auth): authentication failure; logname= uid=0 euid=0 tty=ssh ruser= rhost=43.255.190.159  user=root
Apr 12 07:08:42 ovzhost sshd[1289]: pam_unix(sshd:auth): authentication failure; logname= uid=0 euid=0 tty=ssh ruser= rhost=43.255.190.157  user=root
Apr 12 07:08:44 ovzhost sshd[1290]: Failed password for root from 43.255.190.159 port 53386 ssh2
Apr 12 07:08:44 ovzhost sshd[1289]: Failed password for root from 43.255.190.157 port 50353 ssh2
Apr 12 07:08:48 ovzhost sshd[1290]: message repeated 2 times: [ Failed password for root from 43.255.190.159 port 53386 ssh2]
Apr 12 07:08:48 ovzhost sshd[1290]: Received disconnect from 43.255.190.159: 11:  [preauth]
Apr 12 07:08:48 ovzhost sshd[1290]: PAM 2 more authentication failures; logname= uid=0 euid=0 tty=ssh ruser= rhost=43.255.190.159  user=root
Apr 12 07:08:48 ovzhost sshd[1289]: message repeated 2 times: [ Failed password for root from 43.255.190.157 port 50353 ssh2]
Apr 12 07:08:48 ovzhost sshd[1289]: Received disconnect from 43.255.190.157: 11:  [preauth]
Apr 12 07:08:48 ovzhost sshd[1289]: PAM 2 more authentication failures; logname= uid=0 euid=0 tty=ssh ruser= rhost=43.255.190.157  user=root
Apr 12 07:08:48 ovzhost sshd[1293]: pam_unix(sshd:auth): authentication failure; logname= uid=0 euid=0 tty=ssh ruser= rhost=43.255.190.159  user=root
Apr 12 07:08:48 ovzhost sshd[1294]: pam_unix(sshd:auth): authentication failure; logname= uid=0 euid=0 tty=ssh ruser= rhost=43.255.190.157  user=root
Apr 12 07:08:50 ovzhost sshd[1293]: Failed password for root from 43.255.190.159 port 36770 ssh2
Apr 12 07:08:50 ovzhost sshd[1294]: Failed password for root from 43.255.190.157 port 39014 ssh2
Apr 12 07:08:54 ovzhost sshd[1293]: message repeated 2 times: [ Failed password for root from 43.255.190.159 port 36770 ssh2]
Apr 12 07:08:54 ovzhost sshd[1293]: Received disconnect from 43.255.190.159: 11:  [preauth]
Apr 12 07:08:54 ovzhost sshd[1293]: PAM 2 more authentication failures; logname= uid=0 euid=0 tty=ssh ruser= rhost=43.255.190.159  user=root
Apr 12 07:08:54 ovzhost sshd[1294]: message repeated 2 times: [ Failed password for root from 43.255.190.157 port 39014 ssh2]
Apr 12 07:08:54 ovzhost sshd[1294]: Received disconnect from 43.255.190.157: 11:  [preauth]
Apr 12 07:08:54 ovzhost sshd[1294]: PAM 2 more authentication failures; logname= uid=0 euid=0 tty=ssh ruser= rhost=43.255.190.157  user=root
Apr 12 07:08:55 ovzhost sshd[1297]: pam_unix(sshd:auth): authentication failure; logname= uid=0 euid=0 tty=ssh ruser= rhost=43.255.190.159  user=root
Apr 12 07:08:55 ovzhost sshd[1298]: pam_unix(sshd:auth): authentication failure; logname= uid=0 euid=0 tty=ssh ruser= rhost=43.255.190.157  user=root
Apr 12 07:08:57 ovzhost sshd[1297]: Failed password for root from 43.255.190.159 port 46091 ssh2
Apr 12 07:08:57 ovzhost sshd[1298]: Failed password for root from 43.255.190.157 port 51759 ssh2
Apr 12 07:09:01 ovzhost sshd[1297]: message repeated 2 times: [ Failed password for root from 43.255.190.159 port 46091 ssh2]
Apr 12 07:09:01 ovzhost sshd[1297]: Received disconnect from 43.255.190.159: 11:  [preauth]
Apr 12 07:09:01 ovzhost sshd[1297]: PAM 2 more authentication failures; logname= uid=0 euid=0 tty=ssh ruser= rhost=43.255.190.159  user=root
Apr 12 07:09:01 ovzhost sshd[1298]: message repeated 2 times: [ Failed password for root from 43.255.190.157 port 51759 ssh2]
Apr 12 07:09:01 ovzhost sshd[1298]: Received disconnect from 43.255.190.157: 11:  [preauth]
Apr 12 07:09:01 ovzhost sshd[1298]: PAM 2 more authentication failures; logname= uid=0 euid=0 tty=ssh ruser= rhost=43.255.190.157  user=root
Apr 12 07:09:01 ovzhost CRON[1305]: pam_env(cron:session): Unable to open env file: /etc/default/locale: No such file or directory
Apr 12 07:09:01 ovzhost CRON[1306]: pam_env(cron:session): Unable to open env file: /etc/default/locale: No such file or directory
Apr 12 07:09:01 ovzhost CRON[1306]: pam_unix(cron:session): session opened for user root by (uid=0)
Apr 12 07:09:01 ovzhost CRON[1305]: pam_unix(cron:session): session opened for user root by (uid=0)
Apr 12 07:09:01 ovzhost CRON[1305]: pam_unix(cron:session): session closed for user root
Apr 12 07:09:01 ovzhost CRON[1306]: pam_unix(cron:session): session closed for user root
Apr 12 07:09:02 ovzhost sshd[1302]: pam_unix(sshd:auth): authentication failure; logname= uid=0 euid=0 tty=ssh ruser= rhost=43.255.190.157  user=root
Apr 12 07:09:02 ovzhost sshd[1301]: pam_unix(sshd:auth): authentication failure; logname= uid=0 euid=0 tty=ssh ruser= rhost=43.255.190.159  user=root
Apr 12 07:09:03 ovzhost sshd[1302]: Failed password for root from 43.255.190.157 port 38637 ssh2
Apr 12 07:09:03 ovzhost sshd[1301]: Failed password for root from 43.255.190.159 port 56110 ssh2
Apr 12 07:09:07 ovzhost sshd[1302]: message repeated 2 times: [ Failed password for root from 43.255.190.157 port 38637 ssh2]
Apr 12 07:09:07 ovzhost sshd[1302]: Received disconnect from 43.255.190.157: 11:  [preauth]
Apr 12 07:09:07 ovzhost sshd[1302]: PAM 2 more authentication failures; logname= uid=0 euid=0 tty=ssh ruser= rhost=43.255.190.157  user=root
Apr 12 07:09:07 ovzhost sshd[1301]: message repeated 2 times: [ Failed password for root from 43.255.190.159 port 56110 ssh2]
Apr 12 07:09:07 ovzhost sshd[1301]: Received disconnect from 43.255.190.159: 11:  [preauth]
Apr 12 07:09:07 ovzhost sshd[1301]: PAM 2 more authentication failures; logname= uid=0 euid=0 tty=ssh ruser= rhost=43.255.190.159  user=root
Apr 12 07:09:08 ovzhost sshd[1320]: pam_unix(sshd:auth): authentication failure; logname= uid=0 euid=0 tty=ssh ruser= rhost=43.255.190.159  user=root
Apr 12 07:09:08 ovzhost sshd[1319]: pam_unix(sshd:auth): authentication failure; logname= uid=0 euid=0 tty=ssh ruser= rhost=43.255.190.157  user=root
Apr 12 07:09:10 ovzhost sshd[1320]: Failed password for root from 43.255.190.159 port 39435 ssh2
Apr 12 07:09:10 ovzhost sshd[1319]: Failed password for root from 43.255.190.157 port 55411 ssh2
Apr 12 07:09:14 ovzhost sshd[1320]: message repeated 2 times: [ Failed password for root from 43.255.190.159 port 39435 ssh2]
Apr 12 07:09:14 ovzhost sshd[1320]: Received disconnect from 43.255.190.159: 11:  [preauth]
Apr 12 07:09:14 ovzhost sshd[1319]: message repeated 2 times: [ Failed password for root from 43.255.190.157 port 55411 ssh2]
Apr 12 07:09:14 ovzhost sshd[1319]: Received disconnect from 43.255.190.157: 11:  [preauth]
Apr 12 07:09:14 ovzhost sshd[1319]: PAM 2 more authentication failures; logname= uid=0 euid=0 tty=ssh ruser= rhost=43.255.190.157  user=root
Apr 12 07:09:14 ovzhost sshd[1320]: PAM 2 more authentication failures; logname= uid=0 euid=0 tty=ssh ruser= rhost=43.255.190.159  user=root
Apr 12 07:09:15 ovzhost sshd[1324]: pam_unix(sshd:auth): authentication failure; logname= uid=0 euid=0 tty=ssh ruser= rhost=43.255.190.157  user=root
Apr 12 07:09:15 ovzhost sshd[1323]: pam_unix(sshd:auth): authentication failure; logname= uid=0 euid=0 tty=ssh ruser= rhost=43.255.190.159  user=root
Apr 12 07:09:16 ovzhost sshd[1324]: Failed password for root from 43.255.190.157 port 44869 ssh2
Apr 12 07:09:16 ovzhost sshd[1323]: Failed password for root from 43.255.190.159 port 51634 ssh2
Apr 12 07:09:20 ovzhost sshd[1324]: message repeated 2 times: [ Failed password for root from 43.255.190.157 port 44869 ssh2]
Apr 12 07:09:20 ovzhost sshd[1324]: Received disconnect from 43.255.190.157: 11:  [preauth]
Apr 12 07:09:20 ovzhost sshd[1323]: message repeated 2 times: [ Failed password for root from 43.255.190.159 port 51634 ssh2]
Apr 12 07:09:20 ovzhost sshd[1323]: Received disconnect from 43.255.190.159: 11:  [preauth]
Apr 12 07:09:20 ovzhost sshd[1324]: PAM 2 more authentication failures; logname= uid=0 euid=0 tty=ssh ruser= rhost=43.255.190.157  user=root
Apr 12 07:09:20 ovzhost sshd[1323]: PAM 2 more authentication failures; logname= uid=0 euid=0 tty=ssh ruser= rhost=43.255.190.159  user=root
Apr 12 07:09:21 ovzhost sshd[1328]: pam_unix(sshd:auth): authentication failure; logname= uid=0 euid=0 tty=ssh ruser= rhost=43.255.190.157  user=root
Apr 12 07:09:21 ovzhost sshd[1327]: pam_unix(sshd:auth): authentication failure; logname= uid=0 euid=0 tty=ssh ruser= rhost=43.255.190.159  user=root
Apr 12 07:09:22 ovzhost sshd[1328]: Failed password for root from 43.255.190.157 port 33255 ssh2
Apr 12 07:09:22 ovzhost sshd[1327]: Failed password for root from 43.255.190.159 port 35004 ssh2
Apr 12 07:09:26 ovzhost sshd[1327]: message repeated 2 times: [ Failed password for root from 43.255.190.159 port 35004 ssh2]
Apr 12 07:09:26 ovzhost sshd[1327]: Received disconnect from 43.255.190.159: 11:  [preauth]
Apr 12 07:09:26 ovzhost sshd[1327]: PAM 2 more authentication failures; logname= uid=0 euid=0 tty=ssh ruser= rhost=43.255.190.159  user=root
Apr 12 07:09:26 ovzhost sshd[1328]: message repeated 2 times: [ Failed password for root from 43.255.190.157 port 33255 ssh2]
Apr 12 07:09:26 ovzhost sshd[1328]: Received disconnect from 43.255.190.157: 11:  [preauth]
Apr 12 07:09:26 ovzhost sshd[1328]: PAM 2 more authentication failures; logname= uid=0 euid=0 tty=ssh ruser= rhost=43.255.190.157  user=root
Apr 12 07:09:27 ovzhost sshd[1331]: pam_unix(sshd:auth): authentication failure; logname= uid=0 euid=0 tty=ssh ruser= rhost=43.255.190.159  user=root
Apr 12 07:09:27 ovzhost sshd[1332]: pam_unix(sshd:auth): authentication failure; logname= uid=0 euid=0 tty=ssh ruser= rhost=43.255.190.157  user=root
Apr 12 07:09:29 ovzhost sshd[1331]: Failed password for root from 43.255.190.159 port 46497 ssh2
Apr 12 07:09:29 ovzhost sshd[1332]: Failed password for root from 43.255.190.157 port 49070 ssh2
Apr 12 07:09:33 ovzhost sshd[1331]: message repeated 2 times: [ Failed password for root from 43.255.190.159 port 46497 ssh2]
Apr 12 07:09:33 ovzhost sshd[1331]: Received disconnect from 43.255.190.159: 11:  [preauth]
Apr 12 07:09:33 ovzhost sshd[1331]: PAM 2 more authentication failures; logname= uid=0 euid=0 tty=ssh ruser= rhost=43.255.190.159  user=root
Apr 12 07:09:33 ovzhost sshd[1332]: message repeated 2 times: [ Failed password for root from 43.255.190.157 port 49070 ssh2]
Apr 12 07:09:33 ovzhost sshd[1332]: Received disconnect from 43.255.190.157: 11:  [preauth]
Apr 12 07:09:33 ovzhost sshd[1332]: PAM 2 more authentication failures; logname= uid=0 euid=0 tty=ssh ruser= rhost=43.255.190.157  user=root
